10-15 23:02:15.135  3957  4157 D ConnectivityService:  Removing from current network NetworkAgentInfo [WIFI () - 507], leaving 13 requests.
10-15 23:02:15.136  3957  4157 D ConnectivityService: sending notification RELEASED for NetworkRequest [ TRACK_DEFAULT id=1163, [ Capabilities: INTERNET&NOT_RESTRICTED&TRUSTED&NOT_VPN] ]
10-15 23:02:15.143  3957  5415 D ConnectivityService: filterNetworkStateForUid() uid: 10169 networkInfo: [type: WIFI[] - WIFI, state: CONNECTED/CONNECTED, reason: (unspecified), extra: "ourhome", failover: false, available: true, roaming: false, metered: false]
10-15 23:02:15.143  3957  5415 D WifiService: getConnectionInfo uid=1000
10-15 23:02:15.152  3957  5415 I chatty  : uid=1000(system) Binder:3957_F identical 2 lines
10-15 23:02:15.155  3957  5415 D WifiService: getConnectionInfo uid=1000
10-15 23:02:15.157  9427  9716 I BatteryMgr:DataCollectionService: stats => 1697403735157,-422,4314,-183,0,100
10-15 23:02:15.158  3957  5415 D WifiService: getConnectionInfo uid=1000
10-15 23:02:15.172  3957  5415 I chatty  : uid=1000(system) Binder:3957_F identical 4 lines
10-15 23:02:15.176  3957  5415 I chatty  : uid=1000(system) Binder:3957_F identical 9 lines
10-15 23:02:15.176  3957  5415 D WifiService: getConnectionInfo uid=1000
10-15 23:02:15.255  9624  9714 E vulkan  : invalid vkGetInstanceProcAddr(VK_NULL_HANDLE, "vkEnumerateInstanceVersion") call
10-15 23:02:15.255  9624  9714 E vulkan  : invalid vkGetInstanceProcAddr(VK_NULL_HANDLE, "vkEnumerateInstanceVersion") call
10-15 23:02:15.257  3957  5415 D ConnectivityService: filterNetworkStateForUid() uid: 10169 networkInfo: [type: WIFI[] - WIFI, state: CONNECTED/CONNECTED, reason: (unspecified), extra: "ourhome", failover: false, available: true, roaming: false, metered: false]
10-15 23:02:15.257  3957  5415 D WifiService: getConnectionInfo uid=1000
10-15 23:02:15.263  9624  9714 D vulkan  : searching for layers in '/data/app/org.mozilla.fenix-iWpGOrf8cry6RDpwHyQugA==/lib/arm64'
10-15 23:02:15.264  9624  9714 D vulkan  : searching for layers in '/data/app/org.mozilla.fenix-iWpGOrf8cry6RDpwHyQugA==/base.apk!/lib/arm64-v8a'
10-15 23:02:15.267  9427  9716 I BatteryMgr:DataCollectionService: stats => 1697403735267,-422,4314,-183,0,100
10-15 23:02:15.273  9624  9714 D vulkan  : vulkan api version_1_0 1.0.0
10-15 23:02:15.273  9624  9714 D vulkan  : vulkan header version 46
10-15 23:02:15.377  9427  9716 I BatteryMgr:DataCollectionService: stats => 1697403735376,-422,4314,-183,0,100
10-15 23:02:15.399  9472  9472 I GeckoSession: handleMessage GeckoView:PageStop uri=null
10-15 23:02:15.404  9472  9529 I SessionStorage/AutoSave: Save: Load finished
10-15 23:02:15.489  9427  9716 I BatteryMgr:DataCollectionService: stats => 1697403735489,-422,4314,-183,0,100
10-15 23:02:15.527  3957 14957 D ConnectivityService: filterNetworkStateForUid() uid: 10169 networkInfo: [type: WIFI[] - WIFI, state: CONNECTED/CONNECTED, reason: (unspecified), extra: "ourhome", failover: false, available: true, roaming: false, metered: false]
10-15 23:02:15.528  3957 14957 D WifiService: getConnectionInfo uid=1000
10-15 23:02:15.564  3957 14957 I chatty  : uid=1000(system) Binder:3957_1E identical 2 lines
10-15 23:02:15.581  3957 14957 I chatty  : uid=1000(system) Binder:3957_1E identical 3 lines
10-15 23:02:15.581  3957 14957 D WifiService: getConnectionInfo uid=1000
10-15 23:02:15.599  9427  9716 I BatteryMgr:DataCollectionService: stats => 1697403735599,-422,4314,-183,0,100
10-15 23:02:15.641  3957 14957 D ConnectivityService: filterNetworkStateForUid() uid: 10169 networkInfo: [type: WIFI[] - WIFI, state: CONNECTED/CONNECTED, reason: (unspecified), extra: "ourhome", failover: false, available: true, roaming: false, metered: false]
10-15 23:02:15.642  3957 14957 D WifiService: getConnectionInfo uid=1000
10-15 23:02:15.701  3957  4129 D WifiStateMachine:  ConnectedState !CMD_RSSI_POLL rt=405724850/1066123078 52 0 "ourhome" f4:6d:2f:12:cc:88 rssi=-46 f=5240 sc=60 link=433 tx=0.0, 0.0, 0.0  rx=0.3 bcn=83772 [on:0 tx:0 rx:0 period:632] from screen [on:620770 period:3902676] score=60
10-15 23:02:15.702  3957  4129 D WifiStateMachine:  L2ConnectedState !CMD_RSSI_POLL rt=405724852/1066123079 52 0 "ourhome" f4:6d:2f:12:cc:88 rssi=-46 f=5240 sc=60 link=433 tx=0.0, 0.0, 0.0  rx=0.3 bcn=83772 [on:0 tx:0 rx:0 period:2] from screen [on:620770 period:3902678] score=60
10-15 23:02:15.702  3957  4129 D WifiStateMachine:  get link layer stats 3
10-15 23:02:15.702  3436  3436 I android.hardware.wifi@1.0-service: getLinkLayerStats
10-15 23:02:15.706  3957  4129 D WifiStateMachine: fetchRssiLinkSpeedAndFrequencyNative rssi=-44 linkspeed=433 freq=5240
10-15 23:02:15.709  9427  9716 I BatteryMgr:DataCollectionService: stats => 1697403735709,-422,4314,-183,0,100
10-15 23:02:15.709  4340  4340 E SignalClusterView: setSlotFocusVisible : subId -2
10-15 23:02:15.709  4340  4340 E SignalClusterView: setSlotFocusVisible : subId -2
10-15 23:02:15.722  9472  9472 W GeckoSession: No history entries found.
10-15 23:02:15.823  9427  9716 I BatteryMgr:DataCollectionService: stats => 1697403735823,-422,4314,-183,0,100
10-15 23:02:15.909  3957  4128 D WifiService: getConnectionInfo uid=1000
10-15 23:02:15.926  3957 14957 D ConnectivityService: filterNetworkStateForUid() uid: 10169 networkInfo: [type: WIFI[] - WIFI, state: CONNECTED/CONNECTED, reason: (unspecified), extra: "ourhome", failover: false, available: true, roaming: false, metered: false]
10-15 23:02:15.926  3957 14957 D WifiService: getConnectionInfo uid=1000
10-15 23:02:15.946  9427  9716 I BatteryMgr:DataCollectionService: stats => 1697403735946,-422,4314,-183,0,100
10-15 23:02:16.064  3957 14957 D ConnectivityService: filterNetworkStateForUid() uid: 10169 networkInfo: [type: WIFI[] - WIFI, state: CONNECTED/CONNECTED, reason: (unspecified), extra: "ourhome", failover: false, available: true, roaming: false, metered: false]
10-15 23:02:16.064  3957 14957 D WifiService: getConnectionInfo uid=1000
10-15 23:02:16.064  9427  9716 I BatteryMgr:DataCollectionService: stats => 1697403736064,-422,4314,-183,0,100
10-15 23:02:16.068  3957  4129 D WifiStateMachine:  ConnectedState !RSSI_PKTCNT_FETCH uid=1000 rt=405725217/1066123445 0 0 "ourhome" f4:6d:2f:12:cc:88 rssi=-44 f=5240 sc=60 link=433 tx=107.7, 33.6, 0.0  rx=121.8 bcn=83801 [on:0 tx:0 rx:0 period:360] from screen [on:622651 period:3903044] score=60
10-15 23:02:16.072  3957  4129 D WifiStateMachine:  L2ConnectedState !RSSI_PKTCNT_FETCH uid=1000 rt=405725219/1066123447 0 0 "ourhome" f4:6d:2f:12:cc:88 rssi=-44 f=5240 sc=60 link=433 tx=107.7, 33.6, 0.0  rx=121.8 bcn=83801 [on:0 tx:0 rx:0 period:4] from screen [on:622651 period:3903048] score=60
10-15 23:02:16.073  3957  4129 D WifiStateMachine: fetchRssiLinkSpeedAndFrequencyNative rssi=-47 linkspeed=433 freq=5240
10-15 23:02:16.177  9427  9716 I BatteryMgr:DataCollectionService: stats => 1697403736177,-422,4314,-183,0,100
10-15 23:02:16.290  9427  9716 I BatteryMgr:DataCollectionService: stats => 1697403736290,-422,4314,-183,0,100
10-15 23:02:16.404  9427  9716 I BatteryMgr:DataCollectionService: stats => 1697403736402,-422,4314,-183,0,100
10-15 23:02:16.426  3957  6478 D WifiService: getConnectionInfo uid=1000
10-15 23:02:16.480  6343  6427 D ScanRecord: Not a Multi Manu data
10-15 23:02:16.508  6343  6427 I chatty  : uid=1002(bluetooth) BT Service Call identical 50 lines
10-15 23:02:16.508  6343  6427 D ScanRecord: Not a Multi Manu data
10-15 23:02:16.522  9427  9716 I BatteryMgr:DataCollectionService: stats => 1697403736522,-422,4314,-183,0,100
10-15 23:02:16.523  6343  6427 D ScanRecord: Not a Multi Manu data
10-15 23:02:16.616  6343  6427 I chatty  : uid=1002(bluetooth) BT Service Call identical 115 lines
10-15 23:02:16.616  6343  6427 D ScanRecord: Not a Multi Manu data
10-15 23:02:16.631  9427  9716 I BatteryMgr:DataCollectionService: stats => 1697403736631,-422,4314,-183,0,100
10-15 23:02:16.649  6343  6427 D ScanRecord: Not a Multi Manu data
10-15 23:02:16.725  6343  6427 I chatty  : uid=1002(bluetooth) BT Service Call identical 102 lines
10-15 23:02:16.725  6343  6427 D ScanRecord: Not a Multi Manu data
10-15 23:02:16.738  9427  9716 I BatteryMgr:DataCollectionService: stats => 1697403736738,-422,4314,-183,0,100
10-15 23:02:16.751  6343  6427 D ScanRecord: Not a Multi Manu data
10-15 23:02:16.844  6343  6427 I chatty  : uid=1002(bluetooth) BT Service Call identical 115 lines
10-15 23:02:16.844  6343  6427 D ScanRecord: Not a Multi Manu data
10-15 23:02:16.847  9427  9716 I BatteryMgr:DataCollectionService: stats => 1697403736846,27,4314,-8,0,100
10-15 23:02:16.876  6343  6427 D ScanRecord: Not a Multi Manu data
10-15 23:02:16.894  4961  4961 D io_stats: !@ 179,0 r 5716301 178580920 w 1311940 28357636 d 104162 31749044 f 301659 318428 iot 2498196 2204428 th 51200 0 0 pt 0 inp 0 0 405726.044
10-15 23:02:16.904  6343  6427 I chatty  : uid=1002(bluetooth) BT Service Call identical 50 lines
10-15 23:02:16.904  6343  6427 D ScanRecord: Not a Multi Manu data
10-15 23:02:16.911  3957  4128 D WifiService: getConnectionInfo uid=1000
10-15 23:02:16.912  6343  6427 D ScanRecord: Not a Multi Manu data
10-15 23:02:16.962  6343  6427 I chatty  : uid=1002(bluetooth) BT Service Call identical 50 lines
10-15 23:02:16.962  6343  6427 D ScanRecord: Not a Multi Manu data
10-15 23:02:16.965  9427  9716 I BatteryMgr:DataCollectionService: stats => 1697403736965,27,4314,-8,0,100
10-15 23:02:17.069  3957  4129 D WifiStateMachine:  ConnectedState !RSSI_PKTCNT_FETCH uid=1000 rt=405726218/1066124446 0 0 "ourhome" f4:6d:2f:12:cc:88 rssi=-47 f=5240 sc=60 link=433 tx=107.7, 33.6, 0.0  rx=121.8 bcn=83801 [on:0 tx:0 rx:0 period:997] from screen [on:622651 period:3904045] score=60
10-15 23:02:17.072  3957  4129 D WifiStateMachine:  L2ConnectedState !RSSI_PKTCNT_FETCH uid=1000 rt=405726220/1066124448 0 0 "ourhome" f4:6d:2f:12:cc:88 rssi=-47 f=5240 sc=60 link=433 tx=107.7, 33.6, 0.0  rx=121.8 bcn=83801 [on:0 tx:0 rx:0 period:3] from screen [on:622651 period:3904048] score=60
10-15 23:02:17.074  3957  4129 D WifiStateMachine: fetchRssiLinkSpeedAndFrequencyNative rssi=-45 linkspeed=433 freq=5240
10-15 23:02:17.077  9427  9716 I BatteryMgr:DataCollectionService: stats => 1697403737077,27,4314,-8,0,100
10-15 23:02:17.193  9427  9716 I BatteryMgr:DataCollectionService: stats => 1697403737193,27,4314,-8,0,100
10-15 23:02:17.250  3957 14957 D BatteryService: !@BatteryListener : batteryPropertiesChanged!
10-15 23:02:17.311  9427  9716 I BatteryMgr:DataCollectionService: stats => 1697403737311,27,4314,-8,0,100
10-15 23:02:17.427  9427  9716 I BatteryMgr:DataCollectionService: stats => 1697403737427,27,4314,-8,0,100
10-15 23:02:17.500  3957  6478 D SSRM:k  : SIOP:: AP = 370, PST = 359 (W:22), BAT = 320, USB = 0, CHG = 0
10-15 23:02:17.544  9427  9716 I BatteryMgr:DataCollectionService: stats => 1697403737544,27,4314,-8,0,100
10-15 23:02:17.653  9427  9716 I BatteryMgr:DataCollectionService: stats => 1697403737653,27,4314,-8,0,100
10-15 23:02:17.769  9427  9716 I BatteryMgr:DataCollectionService: stats => 1697403737769,27,4314,-8,0,100
10-15 23:02:17.887  9427  9716 I BatteryMgr:DataCollectionService: stats => 1697403737887,27,4314,-8,0,100
10-15 23:02:17.913  3957  4128 D WifiService: getConnectionInfo uid=1000
10-15 23:02:18.003  9427  9716 I BatteryMgr:DataCollectionService: stats => 1697403738003,27,4314,-8,0,100
10-15 23:02:18.070  3957  4129 D WifiStateMachine:  ConnectedState !RSSI_PKTCNT_FETCH uid=1000 rt=405727219/1066125447 0 0 "ourhome" f4:6d:2f:12:cc:88 rssi=-45 f=5240 sc=60 link=433 tx=107.7, 33.6, 0.0  rx=121.8 bcn=83801 [on:0 tx:0 rx:0 period:998] from screen [on:622651 period:3905046] score=60
10-15 23:02:18.072  3957  4129 D WifiStateMachine:  L2ConnectedState !RSSI_PKTCNT_FETCH uid=1000 rt=405727221/1066125449 0 0 "ourhome" f4:6d:2f:12:cc:88 rssi=-45 f=5240 sc=60 link=433 tx=107.7, 33.6, 0.0  rx=121.8 bcn=83801 [on:0 tx:0 rx:0 period:2] from screen [on:622651 period:3905048] score=60
10-15 23:02:18.077  3957  4129 D WifiStateMachine: fetchRssiLinkSpeedAndFrequencyNative rssi=-42 linkspeed=433 freq=5240
10-15 23:02:18.119  9427  9716 I BatteryMgr:DataCollectionService: stats => 1697403738119,27,4314,-8,0,100
10-15 23:02:18.236  9427  9716 I BatteryMgr:DataCollectionService: stats => 1697403738235,27,4314,-8,0,100
10-15 23:02:18.349  9427  9716 I BatteryMgr:DataCollectionService: stats => 1697403738349,27,4314,-8,0,100
10-15 23:02:18.465  9427  9716 I BatteryMgr:DataCollectionService: stats => 1697403738465,27,4314,-8,0,100
10-15 23:02:18.581  9427  9716 I BatteryMgr:DataCollectionService: stats => 1697403738581,27,4314,-8,0,100
10-15 23:02:18.669  3559  3559 E audit   : type=1400 audit(1697403738.662:3349): avc:  denied  { read } for  pid=9869 comm="pool-37-thread-" name="version" dev="proc" ino=4026532182 scontext=u:r:untrusted_app:s0:c512,c768 tcontext=u:object_r:proc:s0 tclass=file permissive=0 SEPF_SM-J720F_8.0.0_0002 audit_filtered
10-15 23:02:18.669  3559  3559 E audit   : type=1300 audit(1697403738.662:3349): arch=c00000b7 syscall=48 success=no exit=-13 a0=ffffff9c a1=744057c220 a2=4 a3=0 items=0 ppid=3579 pid=9869 auid=4294967295 uid=10169 gid=10169 euid=10169 suid=10169 fsuid=10169 egid=10169 sgid=10169 fsgid=10169 tty=(none) ses=4294967295 comm="pool-37-thread-" exe="/system/bin/app_process64" subj=u:r:untrusted_app:s0:c512,c768 key=(null)
10-15 23:02:18.669  3559  3559 E audit   : type=1327 audit(1697403738.662:3349): proctitle="org.mozilla.fenix"
10-15 23:02:18.699  9472  9472 D ConnectivityManager: requestNetwork; CallingUid : 10169, CallingPid : 9472
10-15 23:02:18.700  9427  9716 I BatteryMgr:DataCollectionService: stats => 1697403738699,27,4314,-8,0,100
10-15 23:02:18.701  3957  5415 D ConnectivityService: requestNetwork for uid/pid:10169/9472 NetworkRequest [ TRACK_DEFAULT id=1164, [ Capabilities: INTERNET&NOT_RESTRICTED&TRUSTED&NOT_VPN] ]
10-15 23:02:18.701  3957  4157 D ConnectivityService: rematching NetworkAgentInfo [WIFI () - 507]
10-15 23:02:18.702  3957  4157 D ConnectivityService:  network has: [ Transports: WIFI Capabilities: NOT_METERED&INTERNET&NOT_RESTRICTED&TRUSTED&NOT_VPN&VALIDATED&FOREGROUND LinkUpBandwidth>=1048576Kbps LinkDnBandwidth>=1048576Kbps SignalStrength: -43]
10-15 23:02:18.702  3957  4157 D ConnectivityService: Network NetworkAgentInfo [WIFI () - 507] was already satisfying request 1150. No change.
10-15 23:02:18.702  3957  4157 D ConnectivityService: Network NetworkAgentInfo [WIFI () - 507] was already satisfying request 1155. No change.
10-15 23:02:18.702  3957  4157 D ConnectivityService: Network NetworkAgentInfo [WIFI () - 507] was already satisfying request 1. No change.
10-15 23:02:18.702  3957  4157 D ConnectivityService: Network NetworkAgentInfo [WIFI () - 507] was already satisfying request 3. No change.
10-15 23:02:18.702  3957  4157 D ConnectivityService:   checking if request is satisfied: NetworkRequest [ TRACK_DEFAULT id=1164, [ Capabilities: INTERNET&NOT_RESTRICTED&TRUSTED&NOT_VPN] ]
10-15 23:02:18.702  3957  4157 D ConnectivityService: currentScore = 0, newScore = 100
10-15 23:02:18.702  3957  4157 D ConnectivityService: rematch for NetworkAgentInfo [WIFI () - 507]
10-15 23:02:18.702  3957  4157 D ConnectivityService:    accepting network in place of null
10-15 23:02:18.702  3957  4157 D ConnectivityService: sending new Min Network Score(100): NetworkRequest [ TRACK_DEFAULT id=1164, [ Capabilities: INTERNET&NOT_RESTRICTED&TRUSTED&NOT_VPN] ]
10-15 23:02:18.702  3957  4313 D Ethernet: got request NetworkRequest [ TRACK_DEFAULT id=1164, [ Capabilities: INTERNET&NOT_RESTRICTED&TRUSTED&NOT_VPN] ] with score 100
10-15 23:02:18.702  3957  4313 D Ethernet:   my score=-1, my filter=[ Transports: ETHERNET Capabilities: INTERNET&NOT_RESTRICTED&TRUSTED&NOT_VPN LinkUpBandwidth>=100000Kbps LinkDnBandwidth>=100000Kbps]
10-15 23:02:18.702  3957  4313 D Ethernet: evalRequest
10-15 23:02:18.702  3957  4313 D Ethernet:   done
10-15 23:02:18.703  3957  4153 D WIFI_P2P: got request NetworkRequest [ TRACK_DEFAULT id=1164, [ Capabilities: INTERNET&NOT_RESTRICTED&TRUSTED&NOT_VPN] ] with score 100
10-15 23:02:18.703  3957  4157 D ConnectivityService: MultiNetwork Request(TransportType - Wi-Fi request). Internet Capability doesn't required (false)
10-15 23:02:18.703  3957  4153 D WIFI_P2P:   my score=60, my filter=[ Transports: WIFI Capabilities: WIFI_P2P&NOT_RESTRICTED&TRUSTED&NOT_VPN LinkUpBandwidth>=1048576Kbps LinkDnBandwidth>=1048576Kbps]
10-15 23:02:18.703  3957  4153 D WIFI_P2P: evalRequest
10-15 23:02:18.703  3957  4153 D WIFI_P2P:   done
10-15 23:02:18.703  3957  4129 D WIFI    : got request NetworkRequest [ TRACK_DEFAULT id=1164, [ Capabilities: INTERNET&NOT_RESTRICTED&TRUSTED&NOT_VPN] ] with score 100
10-15 23:02:18.703  3957  4157 D ConnectivityService: sending notification AVAILABLE for NetworkRequest [ TRACK_DEFAULT id=1164, [ Capabilities: INTERNET&NOT_RESTRICTED&TRUSTED&NOT_VPN] ]
10-15 23:02:18.703  3957  4129 D WIFI    :   my score=60, my filter=[ Transports: WIFI Capabilities: NOT_METERED&INTERNET&NOT_RESTRICTED&TRUSTED&NOT_VPN LinkUpBandwidth>=1048576Kbps LinkDnBandwidth>=1048576Kbps]
10-15 23:02:18.703  3957  4129 D WIFI    : evalRequest
10-15 23:02:18.703  3957  4129 D WIFI    :   done
10-15 23:02:18.703  3957  4129 D WIFI_UT : got request NetworkRequest [ TRACK_DEFAULT id=1164, [ Capabilities: INTERNET&NOT_RESTRICTED&TRUSTED&NOT_VPN] ] with score 100
10-15 23:02:18.703  3957  4157 D ConnectivityService: sending notification CAP_CHANGED for NetworkRequest [ TRACK_DEFAULT id=1164, [ Capabilities: INTERNET&NOT_RESTRICTED&TRUSTED&NOT_VPN] ]
10-15 23:02:18.703  3957  4129 D WIFI_UT :   my score=2147483647, my filter=[ Transports: WIFI Capabilities: NOT_METERED&INTERNET&NOT_RESTRICTED&TRUSTED&NOT_VPN LinkUpBandwidth>=1048576Kbps LinkDnBandwidth>=1048576Kbps]
10-15 23:02:18.703  3957  4129 D WIFI_UT : evalRequest
10-15 23:02:18.703  3957  4129 D WIFI_UT :   needNetworkFor
10-15 23:02:18.704  3957  4157 D ConnectivityService: sending notification IP_CHANGED for NetworkRequest [ TRACK_DEFAULT id=1164, [ Capabilities: INTERNET&NOT_RESTRICTED&TRUSTED&NOT_VPN] ]
10-15 23:02:18.709  3957  4129 D WifiStateMachine:  ConnectedState !CMD_RSSI_POLL rt=405727858/1066126086 52 0 "ourhome" f4:6d:2f:12:cc:88 rssi=-42 f=5240 sc=60 link=433 tx=107.7, 33.6, 0.0  rx=121.8 bcn=83801 [on:0 tx:0 rx:0 period:636] from screen [on:622651 period:3905684] score=60
10-15 23:02:18.709  4616  4616 D PhoneSwitcherNetworkRequstListener: got request NetworkRequest [ TRACK_DEFAULT id=1164, [ Capabilities: INTERNET&NOT_RESTRICTED&TRUSTED&NOT_VPN] ] with score 100
10-15 23:02:18.709  4616  4616 D PhoneSwitcherNetworkRequstListener:   my score=101, my filter=[ Transports: CELLULAR Capabilities: MMS&SUPL&DUN&FOTA&IMS&CBS&IA&RCS&XCAP&EIMS&INTERNET&NOT_RESTRICTED&TRUSTED&NOT_VPN&ENT1 Specifier: <android.net.MatchAllNetworkSpecifier@0>]
10-15 23:02:18.709  4616  4616 D PhoneSwitcherNetworkRequstListener: evalRequest
10-15 23:02:18.709  4616  4616 D PhoneSwitcherNetworkRequstListener:   needNetworkFor
10-15 23:02:18.710  3957  4129 D WifiStateMachine:  L2ConnectedState !CMD_RSSI_POLL rt=405727860/1066126087 52 0 "ourhome" f4:6d:2f:12:cc:88 rssi=-42 f=5240 sc=60 link=433 tx=107.7, 33.6, 0.0  rx=121.8 bcn=83801 [on:0 tx:0 rx:0 period:2] from screen [on:622651 period:3905686] score=60
10-15 23:02:18.710  3957  4129 D WifiStateMachine:  get link layer stats 3
10-15 23:02:18.710  3436  3436 I android.hardware.wifi@1.0-service: getLinkLayerStats
10-15 23:02:18.717  3957  5415 D ConnectivityService: filterNetworkStateForUid() uid: 10169 networkInfo: [type: WIFI[] - WIFI, state: CONNECTED/CONNECTED, reason: (unspecified), extra: "ourhome", failover: false, available: true, roaming: false, metered: false]
10-15 23:02:18.717  3957  5415 D WifiService: getConnectionInfo uid=1000
10-15 23:02:18.724  9472  9472 I glean/Glean: Registering pings for org.mozilla.fenix.GleanMetrics.Pings
10-15 23:02:18.728  3957  4129 D WifiStateMachine: fetchRssiLinkSpeedAndFrequencyNative rssi=-42 linkspeed=433 freq=5240
10-15 23:02:18.734  4340  4340 E SignalClusterView: setSlotFocusVisible : subId -2
10-15 23:02:18.734  4340  4340 E SignalClusterView: setSlotFocusVisible : subId -2
10-15 23:02:18.744  9472  9875 D NetworkSecurityConfig: No Network Security Config specified, using platform default
10-15 23:02:18.744  9472  9529 I FenixApplication: Running post-visual completeness tasks...
10-15 23:02:18.745  9472  9529 I FenixApplication: Storage initialization...
10-15 23:02:18.745  9472  9529 I PlacesHistoryStorage: Warming up places storage...
10-15 23:02:18.745  9472  9529 I PlacesHistoryStorage: 'Warming up places storage' took 0 ms
10-15 23:02:18.746  9472  9529 I PlacesBookmarksStorage: Warming up places storage...
10-15 23:02:18.746  9472  9529 I PlacesBookmarksStorage: 'Warming up places storage' took 0 ms
10-15 23:02:18.747  9472  9529 I SyncableLoginsStorage: Warming up storage...
10-15 23:02:18.747  9472  9529 I SyncableLoginsStorage: 'Warming up storage' took 0 ms
10-15 23:02:18.748  9472  9529 I AutofillCCAddressesStorage: Warming up storage...
10-15 23:02:18.748  9472  9529 I AutofillCCAddressesStorage: 'Warming up storage' took 0 ms
10-15 23:02:18.750  9472  9472 I ColdStartupDuration: COLD MAIN Application.<init> to first frame: 1027 ms
10-15 23:02:18.751  9472  9472 I FenixApplication: Kicking-off account manager...
10-15 23:02:18.751  9472  9472 I FenixApplication: 'Kicking-off account manager' took 0 ms
10-15 23:02:18.755  3957  5415 D ConnectivityService: filterNetworkStateForUid() uid: 10169 networkInfo: [type: WIFI[] - WIFI, state: CONNECTED/CONNECTED, reason: (unspecified), extra: "ourhome", failover: false, available: true, roaming: false, metered: false]
10-15 23:02:18.755  3957  5415 D WifiService: getConnectionInfo uid=1000
10-15 23:02:18.784  9472  9875 I System.out: (HTTPLog)-Static: isSBSettingEnabled false
10-15 23:02:18.784  9472  9875 I System.out: (HTTPLog)-Static: isSBSettingEnabled false
10-15 23:02:18.787  3599  3918 D DnsProxyListener: DNSDBG::dns addrinfo af 0
10-15 23:02:18.813  9427  9716 I BatteryMgr:DataCollectionService: stats => 1697403738813,27,4314,-8,0,100
10-15 23:02:18.909  9472  9483 I zygote64: Background concurrent copying GC freed 70023(3MB) AllocSpace objects, 27(648KB) LOS objects, 49% free, 5MB/10MB, paused 2.306ms total 202.006ms
10-15 23:02:18.916  3957  4128 D WifiService: getConnectionInfo uid=1000
10-15 23:02:18.924  9427  9716 I BatteryMgr:DataCollectionService: stats => 1697403738924,27,4314,-8,0,100
10-15 23:02:18.930  9472  9529 I FenixApplication: 'Storage initialization' took 184 ms
10-15 23:02:18.988  3957 10037 D ConnectivityService: filterNetworkStateForUid() uid: 10169 networkInfo: [type: WIFI[] - WIFI, state: CONNECTED/CONNECTED, reason: (unspecified), extra: "ourhome", failover: false, available: true, roaming: false, metered: false]
10-15 23:02:18.988  3957 10037 D WifiService: getConnectionInfo uid=1000
10-15 23:02:18.990  9472  9875 I System.out: (HTTPLog)-Static: isSBSettingEnabled false
10-15 23:02:18.991  9472  9875 I System.out: (HTTPLog)-Static: isSBSettingEnabled false
10-15 23:02:19.036  9427  9716 I BatteryMgr:DataCollectionService: stats => 1697403739036,27,4314,-8,0,100
10-15 23:02:19.075  3957  4129 D WifiStateMachine:  ConnectedState !RSSI_PKTCNT_FETCH uid=1000 rt=405728220/1066126448 0 0 "ourhome" f4:6d:2f:12:cc:88 rssi=-42 f=5240 sc=60 link=433 tx=281.7, 18.0, 0.0  rx=362.4 bcn=83831 [on:0 tx:0 rx:0 period:342] from screen [on:624178 period:3906051] score=60
10-15 23:02:19.077  3957  4129 D WifiStateMachine:  L2ConnectedState !RSSI_PKTCNT_FETCH uid=1000 rt=405728226/1066126454 0 0 "ourhome" f4:6d:2f:12:cc:88 rssi=-42 f=5240 sc=60 link=433 tx=281.7, 18.0, 0.0  rx=362.4 bcn=83831 [on:0 tx:0 rx:0 period:1] from screen [on:624178 period:3906052] score=60
10-15 23:02:19.079  3957  4129 D WifiStateMachine: fetchRssiLinkSpeedAndFrequencyNative rssi=-45 linkspeed=433 freq=5240
10-15 23:02:19.151  9427  9716 I BatteryMgr:DataCollectionService: stats => 1697403739151,27,4314,-8,0,100
10-15 23:02:19.263  9427  9716 I BatteryMgr:DataCollectionService: stats => 1697403739263,27,4314,-8,0,100
10-15 23:02:19.372  9427  9716 I BatteryMgr:DataCollectionService: stats => 1697403739372,27,4314,-8,0,100
10-15 23:02:19.384  3957 10037 I chatty  : uid=1000(system) Binder:3957_18 identical 1 line
10-15 23:02:19.385  3957 10037 D WifiService: getConnectionInfo uid=1000
10-15 23:02:19.386  9472  9875 I System.out: (HTTPLog)-Static: isSBSettingEnabled false
10-15 23:02:19.387  9472  9875 I System.out: (HTTPLog)-Static: isSBSettingEnabled false
10-15 23:02:19.465  3957 10037 D ConnectivityService: filterNetworkStateForUid() uid: 10169 networkInfo: [type: WIFI[] - WIFI, state: CONNECTED/CONNECTED, reason: (unspecified), extra: "ourhome", failover: false, available: true, roaming: false, metered: false]
10-15 23:02:19.465  3957 10037 D WifiService: getConnectionInfo uid=1000
10-15 23:02:19.468  9472  9875 I System.out: (HTTPLog)-Static: isSBSettingEnabled false
10-15 23:02:19.468  9472  9875 I System.out: (HTTPLog)-Static: isSBSettingEnabled false
10-15 23:02:19.485  9427  9716 I BatteryMgr:DataCollectionService: stats => 1697403739484,27,4314,-8,0,100
10-15 23:02:19.596  9427  9716 I BatteryMgr:DataCollectionService: stats => 1697403739596,27,4314,-8,0,100
10-15 23:02:19.685  9472  9501 D GeckoIdleService: Get idle time: time since reset 5129 msec
10-15 23:02:19.686  9472  9501 D GeckoIdleService: Idle timer callback: current idle time 5129 msec
10-15 23:02:19.686  9472  9501 D GeckoIdleService: next timeout 4294967289867 msec from now
10-15 23:02:19.687  9472  9501 D GeckoIdleService: SetTimerExpiryIfBefore: next timeout 4294967289867 msec from now
10-15 23:02:19.687  9472  9501 D GeckoIdleService: reset timer expiry to 4294967289877 msec from now
10-15 23:02:19.688  9472  9501 D GeckoIdleService: Idle timer callback: tell observer 0x7424a30ac8 user is idle
10-15 23:02:19.704  9427  9716 I BatteryMgr:DataCollectionService: stats => 1697403739704,27,4314,-8,0,100
10-15 23:02:19.816  9427  9716 I BatteryMgr:DataCollectionService: stats => 1697403739815,27,4314,-8,0,100
10-15 23:02:19.917  3957  4128 D WifiService: getConnectionInfo uid=1000
10-15 23:02:19.925  9427  9716 I BatteryMgr:DataCollectionService: stats => 1697403739925,27,4314,-8,0,100
10-15 23:02:20.034  9427  9716 I BatteryMgr:DataCollectionService: stats => 1697403740034,27,4314,-8,0,100
10-15 23:02:20.072  3957  4129 D WifiStateMachine:  ConnectedState !RSSI_PKTCNT_FETCH uid=1000 rt=405729221/1066127449 0 0 "ourhome" f4:6d:2f:12:cc:88 rssi=-45 f=5240 sc=60 link=433 tx=281.7, 18.0, 0.0  rx=362.4 bcn=83831 [on:0 tx:0 rx:0 period:996] from screen [on:624178 period:3907048] score=60
10-15 23:02:20.073  3957  4129 D WifiStateMachine:  L2ConnectedState !RSSI_PKTCNT_FETCH uid=1000 rt=405729223/1066127450 0 0 "ourhome" f4:6d:2f:12:cc:88 rssi=-45 f=5240 sc=60 link=433 tx=281.7, 18.0, 0.0  rx=362.4 bcn=83831 [on:0 tx:0 rx:0 period:1] from screen [on:624178 period:3907049] score=60
10-15 23:02:20.074  3957  4129 D WifiStateMachine: fetchRssiLinkSpeedAndFrequencyNative rssi=-44 linkspeed=433 freq=5240
10-15 23:02:20.143  9427  9716 I BatteryMgr:DataCollectionService: stats => 1697403740143,27,4314,-8,0,100
10-15 23:02:20.254  9427  9716 I BatteryMgr:DataCollectionService: stats => 1697403740254,27,4314,-8,0,100
10-15 23:02:20.363  9427  9716 I BatteryMgr:DataCollectionService: stats => 1697403740363,27,4314,-8,0,100
10-15 23:02:20.381  3957  4030 D SensorService: [SO] 0.124 -0.057 9.998
10-15 23:02:20.472  9427  9716 I BatteryMgr:DataCollectionService: stats => 1697403740472,27,4314,-8,0,100
10-15 23:02:20.588  9427  9716 I BatteryMgr:DataCollectionService: stats => 1697403740587,27,4314,-8,0,100
10-15 23:02:20.697  9427  9716 I BatteryMgr:DataCollectionService: stats => 1697403740697,27,4314,-8,0,100
10-15 23:02:20.807  9427  9716 I BatteryMgr:DataCollectionService: stats => 1697403740807,27,4314,-8,0,100
10-15 23:02:20.919  3957  4128 D WifiService: getConnectionInfo uid=1000
10-15 23:02:20.925  9427  9716 I BatteryMgr:DataCollectionService: stats => 1697403740925,27,4314,-8,0,100
10-15 23:02:21.035  9427  9716 I BatteryMgr:DataCollectionService: stats => 1697403741035,27,4314,-8,0,100
10-15 23:02:21.073  3957  4129 D WifiStateMachine:  ConnectedState !RSSI_PKTCNT_FETCH uid=1000 rt=405730223/1066128450 0 0 "ourhome" f4:6d:2f:12:cc:88 rssi=-44 f=5240 sc=60 link=433 tx=281.7, 18.0, 0.0  rx=362.4 bcn=83831 [on:0 tx:0 rx:0 period:1000] from screen [on:624178 period:3908049] score=60
10-15 23:02:21.075  3957  4129 D WifiStateMachine:  L2ConnectedState !RSSI_PKTCNT_FETCH uid=1000 rt=405730224/1066128452 0 0 "ourhome" f4:6d:2f:12:cc:88 rssi=-44 f=5240 sc=60 link=433 tx=281.7, 18.0, 0.0  rx=362.4 bcn=83831 [on:0 tx:0 rx:0 period:2] from screen [on:624178 period:3908051] score=60
10-15 23:02:21.079  3957  4129 D WifiStateMachine: fetchRssiLinkSpeedAndFrequencyNative rssi=-42 linkspeed=433 freq=5240
10-15 23:02:21.146  9427  9716 I BatteryMgr:DataCollectionService: stats => 1697403741146,27,4314,-8,0,100
10-15 23:02:21.254  9427  9716 I BatteryMgr:DataCollectionService: stats => 1697403741254,27,4314,-8,0,100
10-15 23:02:21.365  9427  9716 I BatteryMgr:DataCollectionService: stats => 1697403741365,27,4314,-8,0,100
10-15 23:02:21.480  9427  9716 I BatteryMgr:DataCollectionService: stats => 1697403741480,27,4314,-8,0,100
10-15 23:02:21.580  6343  6427 D ScanRecord: Not a Multi Manu data
10-15 23:02:21.591  6343  6427 I chatty  : uid=1002(bluetooth) BT Service Call identical 76 lines
10-15 23:02:21.591  6343  6427 D ScanRecord: Not a Multi Manu data
10-15 23:02:21.594  9427  9716 I BatteryMgr:DataCollectionService: stats => 1697403741594,27,4314,-8,0,100
10-15 23:02:21.594  6343  6427 D ScanRecord: Not a Multi Manu data
10-15 23:02:21.712  6343  6427 I chatty  : uid=1002(bluetooth) BT Service Call identical 453 lines
10-15 23:02:21.712  6343  6427 D ScanRecord: Not a Multi Manu data
10-15 23:02:21.713  9427  9716 I BatteryMgr:DataCollectionService: stats => 1697403741712,27,4314,-8,0,100
10-15 23:02:21.713  6343  6427 D ScanRecord: Not a Multi Manu data
10-15 23:02:21.734  6343  6427 I chatty  : uid=1002(bluetooth) BT Service Call identical 72 lines
10-15 23:02:21.734  3957  4129 D WifiStateMachine:  ConnectedState !CMD_RSSI_POLL rt=405730882/1066129110 52 0 "ourhome" f4:6d:2f:12:cc:88 rssi=-42 f=5240 sc=60 link=433 tx=281.7, 18.0, 0.0  rx=362.4 bcn=83831 [on:0 tx:0 rx:0 period:659] from screen [on:624178 period:3908710] score=60
10-15 23:02:21.734  6343  6427 D ScanRecord: Not a Multi Manu data
10-15 23:02:21.734  6343  6427 D ScanRecord: Not a Multi Manu data
10-15 23:02:21.735  6343  6427 I chatty  : uid=1002(bluetooth) BT Service Call identical 15 lines
10-15 23:02:21.735  6343  6427 D ScanRecord: Not a Multi Manu data
10-15 23:02:21.735  3957  4129 D WifiStateMachine:  L2ConnectedState !CMD_RSSI_POLL rt=405730885/1066129112 52 0 "ourhome" f4:6d:2f:12:cc:88 rssi=-42 f=5240 sc=60 link=433 tx=281.7, 18.0, 0.0  rx=362.4 bcn=83831 [on:0 tx:0 rx:0 period:1] from screen [on:624178 period:3908711] score=60
10-15 23:02:21.738  3957  4129 D WifiStateMachine:  get link layer stats 3
10-15 23:02:21.740  6343  6427 D ScanRecord: Not a Multi Manu data
10-15 23:02:21.757  3436  3436 I android.hardware.wifi@1.0-service: getLinkLayerStats
10-15 23:02:21.792  6343  6427 I chatty  : uid=1002(bluetooth) BT Service Call identical 89 lines
10-15 23:02:21.792  6343  6427 D ScanRecord: Not a Multi Manu data
10-15 23:02:21.794  3957  4129 D WifiStateMachine: fetchRssiLinkSpeedAndFrequencyNative rssi=-44 linkspeed=433 freq=5240
10-15 23:02:21.794  6343  6427 D ScanRecord: Not a Multi Manu data
10-15 23:02:21.834  6343  6427 I chatty  : uid=1002(bluetooth) BT Service Call identical 128 lines
10-15 23:02:21.834  6343  6427 D ScanRecord: Not a Multi Manu data
10-15 23:02:21.857  9427  9716 I BatteryMgr:DataCollectionService: stats => 1697403741857,27,4314,-8,0,100
10-15 23:02:21.864  6343  6427 D ScanRecord: Not a Multi Manu data
10-15 23:02:21.900  4961  4961 D io_stats: !@ 179,0 r 5719024 178644220 w 1312045 28359416 d 104181 31749644 f 301660 318429 iot 2499016 2205101 th 51200 0 0 pt 0 inp 1 0 405731.050
10-15 23:02:21.901  6343  6427 I chatty  : uid=1002(bluetooth) BT Service Call identical 115 lines
10-15 23:02:21.901  6343  6427 D ScanRecord: Not a Multi Manu data
10-15 23:02:21.906  4340  4340 E SignalClusterView: setSlotFocusVisible : subId -2
10-15 23:02:21.908  4340  4340 E SignalClusterView: setSlotFocusVisible : subId -2
10-15 23:02:21.908  6343  6427 D ScanRecord: Not a Multi Manu data
10-15 23:02:21.926  6343  6427 I chatty  : uid=1002(bluetooth) BT Service Call identical 50 lines
10-15 23:02:21.926  6343  6427 D ScanRecord: Not a Multi Manu data
10-15 23:02:21.927  3957  4128 D WifiService: getConnectionInfo uid=1000
10-15 23:02:21.931  6343  6427 D ScanRecord: Not a Multi Manu data
10-15 23:02:21.956  6343  6427 I chatty  : uid=1002(bluetooth) BT Service Call identical 63 lines
10-15 23:02:21.956  6343  6427 D ScanRecord: Not a Multi Manu data
10-15 23:02:21.972  9427  9716 I BatteryMgr:DataCollectionService: stats => 1697403741971,27,4314,-8,0,100
10-15 23:02:22.074  3957  4129 D WifiStateMachine:  ConnectedState !RSSI_PKTCNT_FETCH uid=1000 rt=405731223/1066129450 0 0 "ourhome" f4:6d:2f:12:cc:88 rssi=-44 f=5240 sc=60 link=433 tx=148.1, 16.7, 0.0  rx=188.6 bcn=83857 [on:0 tx:0 rx:0 period:222] from screen [on:625610 period:3909050] score=60
10-15 23:02:22.077  3957  4129 D WifiStateMachine:  L2ConnectedState !RSSI_PKTCNT_FETCH uid=1000 rt=405731225/1066129452 0 0 "ourhome" f4:6d:2f:12:cc:88 rssi=-44 f=5240 sc=60 link=433 tx=148.1, 16.7, 0.0  rx=188.6 bcn=83857 [on:0 tx:0 rx:0 period:1] from screen [on:625610 period:3909051] score=60
10-15 23:02:22.085  3957  4129 D WifiStateMachine: fetchRssiLinkSpeedAndFrequencyNative rssi=-43 linkspeed=433 freq=5240
10-15 23:02:22.087  9427  9716 I BatteryMgr:DataCollectionService: stats => 1697403742087,27,4314,-8,0,100
10-15 23:02:22.203  9427  9716 I BatteryMgr:DataCollectionService: stats => 1697403742203,27,4314,-8,0,100
10-15 23:02:22.319  9427  9716 I BatteryMgr:DataCollectionService: stats => 1697403742319,27,4314,-8,0,100
10-15 23:02:22.428  9427  9716 I BatteryMgr:DataCollectionService: stats => 1697403742428,27,4314,-8,0,100
10-15 23:02:22.543  9427  9716 I BatteryMgr:DataCollectionService: stats => 1697403742543,27,4314,-8,0,100
10-15 23:02:22.653  9427  9716 I BatteryMgr:DataCollectionService: stats => 1697403742653,27,4314,-8,0,100
10-15 23:02:22.766  9427  9716 I BatteryMgr:DataCollectionService: stats => 1697403742766,27,4314,-8,0,100
10-15 23:02:22.880  9427  9716 I BatteryMgr:DataCollectionService: stats => 1697403742879,27,4314,-8,0,100
10-15 23:02:22.930  3957  4128 D WifiService: getConnectionInfo uid=1000
10-15 23:02:22.996  9427  9716 I BatteryMgr:DataCollectionService: stats => 1697403742996,27,4314,-8,0,100
10-15 23:02:23.075  3957  4129 D WifiStateMachine:  ConnectedState !RSSI_PKTCNT_FETCH uid=1000 rt=405732224/1066130452 0 0 "ourhome" f4:6d:2f:12:cc:88 rssi=-43 f=5240 sc=60 link=433 tx=148.1, 16.7, 0.0  rx=188.6 bcn=83857 [on:0 tx:0 rx:0 period:1000] from screen [on:625610 period:3910051] score=60
10-15 23:02:23.079  3957  4129 D WifiStateMachine:  L2ConnectedState !RSSI_PKTCNT_FETCH uid=1000 rt=405732227/1066130454 0 0 "ourhome" f4:6d:2f:12:cc:88 rssi=-43 f=5240 sc=60 link=433 tx=148.1, 16.7, 0.0  rx=188.6 bcn=83857 [on:0 tx:0 rx:0 period:3] from screen [on:625610 period:3910054] score=60
10-15 23:02:23.086  3957  4129 D WifiStateMachine: fetchRssiLinkSpeedAndFrequencyNative rssi=-44 linkspeed=433 freq=5240
10-15 23:02:23.110  9427  9716 I BatteryMgr:DataCollectionService: stats => 1697403743110,27,4314,-8,0,100
10-15 23:02:23.224  9427  9716 I BatteryMgr:DataCollectionService: stats => 1697403743223,27,4314,-8,0,100
10-15 23:02:23.335  9427  9716 I BatteryMgr:DataCollectionService: stats => 1697403743335,27,4314,-8,0,100
10-15 23:02:23.450  9427  9716 I BatteryMgr:DataCollectionService: stats => 1697403743450,27,4314,-8,0,100
10-15 23:02:23.474  3957  4416 E Watchdog: !@Sync 13519 [2023-10-15 23:02:23.456]
10-15 23:02:23.563  9427  9716 I BatteryMgr:DataCollectionService: stats => 1697403743563,27,4314,-8,0,100
10-15 23:02:23.674  9427  9716 I BatteryMgr:DataCollectionService: stats => 1697403743674,27,4314,-8,0,100
10-15 23:02:23.782  9427  9716 I BatteryMgr:DataCollectionService: stats => 1697403743782,27,4314,-8,0,100
10-15 23:02:23.892  9427  9716 I BatteryMgr:DataCollectionService: stats => 1697403743892,27,4314,-8,0,100
10-15 23:02:23.932  3957  4128 D WifiService: getConnectionInfo uid=1000
10-15 23:02:24.005  9427  9716 I BatteryMgr:DataCollectionService: stats => 1697403744005,27,4314,-8,0,100
10-15 23:02:24.076  3957  4129 D WifiStateMachine:  ConnectedState !RSSI_PKTCNT_FETCH uid=1000 rt=405733226/1066131453 0 0 "ourhome" f4:6d:2f:12:cc:88 rssi=-44 f=5240 sc=60 link=433 tx=148.1, 16.7, 0.0  rx=188.6 bcn=83857 [on:0 tx:0 rx:0 period:998] from screen [on:625610 period:3911052] score=60
10-15 23:02:24.078  3957  4129 D WifiStateMachine:  L2ConnectedState !RSSI_PKTCNT_FETCH uid=1000 rt=405733227/1066131455 0 0 "ourhome" f4:6d:2f:12:cc:88 rssi=-44 f=5240 sc=60 link=433 tx=148.1, 16.7, 0.0  rx=188.6 bcn=83857 [on:0 tx:0 rx:0 period:2] from screen [on:625610 period:3911054] score=60
10-15 23:02:24.081  3957  4129 D WifiStateMachine: fetchRssiLinkSpeedAndFrequencyNative rssi=-45 linkspeed=433 freq=5240
10-15 23:02:24.123  9427  9716 I BatteryMgr:DataCollectionService: stats => 1697403744123,27,4314,-8,0,100
10-15 23:02:24.231  9427  9716 I BatteryMgr:DataCollectionService: stats => 1697403744231,27,4314,-8,0,100
10-15 23:02:24.345  9427  9716 I BatteryMgr:DataCollectionService: stats => 1697403744345,27,4314,-8,0,100
10-15 23:02:24.461  9427  9716 I BatteryMgr:DataCollectionService: stats => 1697403744461,27,4314,-8,0,100
10-15 23:02:24.581  9427  9716 I BatteryMgr:DataCollectionService: stats => 1697403744580,27,4314,-8,0,100
10-15 23:02:24.701  9427  9716 I BatteryMgr:DataCollectionService: stats => 1697403744700,27,4314,-8,0,100
10-15 23:02:24.804  3957  4129 D WifiStateMachine:  ConnectedState !CMD_RSSI_POLL rt=405733952/1066132179 52 0 "ourhome" f4:6d:2f:12:cc:88 rssi=-45 f=5240 sc=60 link=433 tx=148.1, 16.7, 0.0  rx=188.6 bcn=83857 [on:0 tx:0 rx:0 period:726] from screen [on:625610 period:3911780] score=60
10-15 23:02:24.807  3957  4129 D WifiStateMachine:  L2ConnectedState !CMD_RSSI_POLL rt=405733955/1066132182 52 0 "ourhome" f4:6d:2f:12:cc:88 rssi=-45 f=5240 sc=60 link=433 tx=148.1, 16.7, 0.0  rx=188.6 bcn=83857 [on:0 tx:0 rx:0 period:3] from screen [on:625610 period:3911783] score=60
10-15 23:02:24.807  3957  4129 D WifiStateMachine:  get link layer stats 3
10-15 23:02:24.808  3436  3436 I android.hardware.wifi@1.0-service: getLinkLayerStats
10-15 23:02:24.812  3957  4129 D WifiStateMachine: fetchRssiLinkSpeedAndFrequencyNative rssi=-44 linkspeed=433 freq=5240
10-15 23:02:24.818  9427  9716 I BatteryMgr:DataCollectionService: stats => 1697403744817,27,4314,-8,0,100
10-15 23:02:24.818  4340  4340 E SignalClusterView: setSlotFocusVisible : subId -2
10-15 23:02:24.818  4340  4340 E SignalClusterView: setSlotFocusVisible : subId -2
10-15 23:02:24.934  3957  4128 D WifiService: getConnectionInfo uid=1000
10-15 23:02:24.940  9427  9716 I BatteryMgr:DataCollectionService: stats => 1697403744940,27,4314,-8,0,100
10-15 23:02:25.040  3957  4306 D WifiConnectivityMonitor:  [|249] []
10-15 23:02:25.060  9427  9716 I BatteryMgr:DataCollectionService: stats => 1697403745060,27,4314,-8,0,100
10-15 23:02:25.077  3957  4129 D WifiStateMachine:  ConnectedState !RSSI_PKTCNT_FETCH uid=1000 rt=405734226/1066132454 0 0 "ourhome" f4:6d:2f:12:cc:88 rssi=-44 f=5240 sc=60 link=433 tx=56.6, 6.1, 0.0  rx=83.5 bcn=83886 [on:0 tx:0 rx:0 period:260] from screen [on:626518 period:3912053] score=60
10-15 23:02:25.081  3957  4129 D WifiStateMachine:  L2ConnectedState !RSSI_PKTCNT_FETCH uid=1000 rt=405734228/1066132456 0 0 "ourhome" f4:6d:2f:12:cc:88 rssi=-44 f=5240 sc=60 link=433 tx=56.6, 6.1, 0.0  rx=83.5 bcn=83886 [on:0 tx:0 rx:0 period:3] from screen [on:626518 period:3912056] score=60
10-15 23:02:25.084  3957  4129 D WifiStateMachine: fetchRssiLinkSpeedAndFrequencyNative rssi=-44 linkspeed=433 freq=5240
10-15 23:02:25.172  9427  9716 I BatteryMgr:DataCollectionService: stats => 1697403745172,27,4314,-8,0,100
10-15 23:02:25.282  9427  9716 I BatteryMgr:DataCollectionService: stats => 1697403745282,27,4314,-8,0,100
10-15 23:02:25.398  9427  9716 I BatteryMgr:DataCollectionService: stats => 1697403745398,27,4314,-8,0,100
10-15 23:02:25.513  9427  9716 I BatteryMgr:DataCollectionService: stats => 1697403745513,27,4314,-8,0,100
10-15 23:02:25.628  9427  9716 I BatteryMgr:DataCollectionService: stats => 1697403745628,27,4314,-8,0,100
10-15 23:02:25.738  9427  9716 I BatteryMgr:DataCollectionService: stats => 1697403745737,27,4314,-8,0,100
10-15 23:02:25.852  9427  9716 I BatteryMgr:DataCollectionService: stats => 1697403745852,27,4314,-8,0,100
10-15 23:02:25.936  3957  4128 D WifiService: getConnectionInfo uid=1000
10-15 23:02:25.964  9427  9716 I BatteryMgr:DataCollectionService: stats => 1697403745964,27,4314,-8,0,100
10-15 23:02:26.076  9427  9716 I BatteryMgr:DataCollectionService: stats => 1697403746076,27,4314,-8,0,100
10-15 23:02:26.079  3957  4129 D WifiStateMachine:  ConnectedState !RSSI_PKTCNT_FETCH uid=1000 rt=405735228/1066133456 0 0 "ourhome" f4:6d:2f:12:cc:88 rssi=-44 f=5240 sc=60 link=433 tx=56.6, 6.1, 0.0  rx=83.5 bcn=83886 [on:0 tx:0 rx:0 period:998] from screen [on:626518 period:3913054] score=60
10-15 23:02:26.082  3957  4129 D WifiStateMachine:  L2ConnectedState !RSSI_PKTCNT_FETCH uid=1000 rt=405735230/1066133457 0 0 "ourhome" f4:6d:2f:12:cc:88 rssi=-44 f=5240 sc=60 link=433 tx=56.6, 6.1, 0.0  rx=83.5 bcn=83886 [on:0 tx:0 rx:0 period:3] from screen [on:626518 period:3913057] score=60
10-15 23:02:26.088  3957  4129 D WifiStateMachine: fetchRssiLinkSpeedAndFrequencyNative rssi=-42 linkspeed=433 freq=5240
10-15 23:02:26.191  9427  9716 I BatteryMgr:DataCollectionService: stats => 1697403746191,27,4314,-8,0,100
10-15 23:02:26.305  9427  9716 I BatteryMgr:DataCollectionService: stats => 1697403746305,27,4314,-8,0,100
10-15 23:02:26.420  9427  9716 I BatteryMgr:DataCollectionService: stats => 1697403746419,27,4314,-8,0,100
10-15 23:02:26.475  6343  6427 D ScanRecord: Not a Multi Manu data
10-15 23:02:26.536  6343  6427 I chatty  : uid=1002(bluetooth) BT Service Call identical 76 lines
10-15 23:02:26.536  6343  6427 D ScanRecord: Not a Multi Manu data
10-15 23:02:26.537  9427  9716 I BatteryMgr:DataCollectionService: stats => 1697403746536,27,4314,-8,0,100
10-15 23:02:26.539  6343  6427 D ScanRecord: Not a Multi Manu data
10-15 23:02:26.646  6343  6427 I chatty  : uid=1002(bluetooth) BT Service Call identical 284 lines
10-15 23:02:26.646  6343  6427 D ScanRecord: Not a Multi Manu data
10-15 23:02:26.654  9427  9716 I BatteryMgr:DataCollectionService: stats => 1697403746654,27,4314,-8,0,100
10-15 23:02:26.665  6343  6427 D ScanRecord: Not a Multi Manu data
10-15 23:02:26.759  6343  6427 I chatty  : uid=1002(bluetooth) BT Service Call identical 193 lines
10-15 23:02:26.759  6343  6427 D ScanRecord: Not a Multi Manu data
10-15 23:02:26.764  9427  9716 I BatteryMgr:DataCollectionService: stats => 1697403746764,27,4314,-8,0,100
10-15 23:02:26.766  6343  6427 D ScanRecord: Not a Multi Manu data
10-15 23:02:26.867  6343  6427 I chatty  : uid=1002(bluetooth) BT Service Call identical 310 lines
10-15 23:02:26.867  6343  6427 D ScanRecord: Not a Multi Manu data
10-15 23:02:26.871  9427  9716 I BatteryMgr:DataCollectionService: stats => 1697403746871,27,4314,-8,0,100
10-15 23:02:26.874  6343  6427 D ScanRecord: Not a Multi Manu data
10-15 23:02:26.903  4961  4961 D io_stats: !@ 179,0 r 5719694 178659892 w 1312100 28359896 d 104183 31749736 f 301661 318430 iot 2499268 2205324 th 51200 0 0 pt 0 inp 0 0 405736.053
10-15 23:02:26.929  6343  6427 I chatty  : uid=1002(bluetooth) BT Service Call identical 193 lines
10-15 23:02:26.929  6343  6427 D ScanRecord: Not a Multi Manu data
10-15 23:02:26.938  3957  4128 D WifiService: getConnectionInfo uid=1000
10-15 23:02:26.939  6343  6427 D ScanRecord: Not a Multi Manu data
10-15 23:02:26.979  6343  6427 I chatty  : uid=1002(bluetooth) BT Service Call identical 76 lines
10-15 23:02:26.979  6343  6427 D ScanRecord: Not a Multi Manu data
10-15 23:02:26.986  9427  9716 I BatteryMgr:DataCollectionService: stats => 1697403746985,27,4314,-8,0,100
10-15 23:02:27.081  3957  4129 D WifiStateMachine:  ConnectedState !RSSI_PKTCNT_FETCH uid=1000 rt=405736230/1066134457 0 0 "ourhome" f4:6d:2f:12:cc:88 rssi=-42 f=5240 sc=60 link=433 tx=56.6, 6.1, 0.0  rx=83.5 bcn=83886 [on:0 tx:0 rx:0 period:999] from screen [on:626518 period:3914056] score=60
10-15 23:02:27.082  3957  4129 D WifiStateMachine:  L2ConnectedState !RSSI_PKTCNT_FETCH uid=1000 rt=405736232/1066134459 0 0 "ourhome" f4:6d:2f:12:cc:88 rssi=-42 f=5240 sc=60 link=433 tx=56.6, 6.1, 0.0  rx=83.5 bcn=83886 [on:0 tx:0 rx:0 period:2] from screen [on:626518 period:3914058] score=60
10-15 23:02:27.089  3957  4129 D WifiStateMachine: fetchRssiLinkSpeedAndFrequencyNative rssi=-41 linkspeed=433 freq=5240
10-15 23:02:27.100  9427  9716 I BatteryMgr:DataCollectionService: stats => 1697403747100,27,4314,-8,0,100
10-15 23:02:27.213  9427  9716 I BatteryMgr:DataCollectionService: stats => 1697403747213,27,4314,-8,0,100
10-15 23:02:27.324  9427  9716 I BatteryMgr:DataCollectionService: stats => 1697403747324,186,4314,136,0,100
10-15 23:02:27.438  9427  9716 I BatteryMgr:DataCollectionService: stats => 1697403747438,186,4314,136,0,100
10-15 23:02:27.534  3957  6478 D SSRM:k  : SIOP:: AP = 370, PST = 351 (W:22), BAT = 320, USB = 0, CHG = 0
10-15 23:02:27.551  9427  9716 I BatteryMgr:DataCollectionService: stats => 1697403747551,186,4314,136,0,100
10-15 23:02:27.661  9427  9716 I BatteryMgr:DataCollectionService: stats => 1697403747661,186,4314,136,0,100
10-15 23:02:27.772  9427  9716 I BatteryMgr:DataCollectionService: stats => 1697403747772,186,4314,136,0,100
10-15 23:02:27.794  3957 10037 D BatteryService: !@BatteryListener : batteryPropertiesChanged!
10-15 23:02:27.817  3957  4129 D WifiStateMachine:  ConnectedState !CMD_RSSI_POLL rt=405736965/1066135192 52 0 "ourhome" f4:6d:2f:12:cc:88 rssi=-41 f=5240 sc=60 link=433 tx=56.6, 6.1, 0.0  rx=83.5 bcn=83886 [on:0 tx:0 rx:0 period:734] from screen [on:626518 period:3914792] score=60
10-15 23:02:27.820  3957  4129 D WifiStateMachine:  L2ConnectedState !CMD_RSSI_POLL rt=405736968/1066135196 52 0 "ourhome" f4:6d:2f:12:cc:88 rssi=-41 f=5240 sc=60 link=433 tx=56.6, 6.1, 0.0  rx=83.5 bcn=83886 [on:0 tx:0 rx:0 period:4] from screen [on:626518 period:3914796] score=60
10-15 23:02:27.820  3957  4129 D WifiStateMachine:  get link layer stats 3
10-15 23:02:27.821  3436  3436 I android.hardware.wifi@1.0-service: getLinkLayerStats
10-15 23:02:27.841  3957  4129 D WifiStateMachine: fetchRssiLinkSpeedAndFrequencyNative rssi=-42 linkspeed=433 freq=5240
10-15 23:02:27.850  4340  4340 E SignalClusterView: setSlotFocusVisible : subId -2
10-15 23:02:27.851  4340  4340 E SignalClusterView: setSlotFocusVisible : subId -2
10-15 23:02:27.887  9427  9716 I BatteryMgr:DataCollectionService: stats => 1697403747887,186,4314,136,0,100
10-15 23:02:27.940  3957  4128 D WifiService: getConnectionInfo uid=1000
10-15 23:02:28.001  9427  9716 I BatteryMgr:DataCollectionService: stats => 1697403748000,186,4314,136,0,100
10-15 23:02:28.081  3957  4129 D WifiStateMachine:  ConnectedState !RSSI_PKTCNT_FETCH uid=1000 rt=405737230/1066135458 0 0 "ourhome" f4:6d:2f:12:cc:88 rssi=-42 f=5240 sc=60 link=433 tx=23.2, 2.2, 0.0  rx=33.0 bcn=83915 [on:0 tx:0 rx:0 period:231] from screen [on:627299 period:3915057] score=60
10-15 23:02:28.084  3957  4129 D WifiStateMachine:  L2ConnectedState !RSSI_PKTCNT_FETCH uid=1000 rt=405737232/1066135460 0 0 "ourhome" f4:6d:2f:12:cc:88 rssi=-42 f=5240 sc=60 link=433 tx=23.2, 2.2, 0.0  rx=33.0 bcn=83915 [on:0 tx:0 rx:0 period:2] from screen [on:627299 period:3915059] score=60
10-15 23:02:28.091  3957  4129 D WifiStateMachine: fetchRssiLinkSpeedAndFrequencyNative rssi=-41 linkspeed=433 freq=5240
10-15 23:02:28.111  9427  9716 I BatteryMgr:DataCollectionService: stats => 1697403748111,186,4314,136,0,100
10-15 23:02:28.229  9427  9716 I BatteryMgr:DataCollectionService: stats => 1697403748228,186,4314,136,0,100
10-15 23:02:28.346  9427  9716 I BatteryMgr:DataCollectionService: stats => 1697403748346,186,4314,136,0,100
10-15 23:02:28.461  9427  9716 I BatteryMgr:DataCollectionService: stats => 1697403748461,186,4314,136,0,100
10-15 23:02:28.569  9427  9716 I BatteryMgr:DataCollectionService: stats => 1697403748569,186,4314,136,0,100
10-15 23:02:28.682  9427  9716 I BatteryMgr:DataCollectionService: stats => 1697403748682,186,4314,136,0,100
10-15 23:02:28.823  9427  9716 I BatteryMgr:DataCollectionService: stats => 1697403748822,186,4314,136,0,100
10-15 23:02:28.931  9427  9716 I BatteryMgr:DataCollectionService: stats => 1697403748931,186,4314,136,0,100
10-15 23:02:28.943  3957  4128 D WifiService: getConnectionInfo uid=1000
10-15 23:02:29.041  9427  9716 I BatteryMgr:DataCollectionService: stats => 1697403749041,186,4314,136,0,100
10-15 23:02:29.082  3957  4129 D WifiStateMachine:  ConnectedState !RSSI_PKTCNT_FETCH uid=1000 rt=405738231/1066136459 0 0 "ourhome" f4:6d:2f:12:cc:88 rssi=-41 f=5240 sc=60 link=433 tx=23.2, 2.2, 0.0  rx=33.0 bcn=83915 [on:0 tx:0 rx:0 period:999] from screen [on:627299 period:3916058] score=60
10-15 23:02:29.083  3957  4129 D WifiStateMachine:  L2ConnectedState !RSSI_PKTCNT_FETCH uid=1000 rt=405738233/1066136460 0 0 "ourhome" f4:6d:2f:12:cc:88 rssi=-41 f=5240 sc=60 link=433 tx=23.2, 2.2, 0.0  rx=33.0 bcn=83915 [on:0 tx:0 rx:0 period:1] from screen [on:627299 period:3916059] score=60
