10-15 23:38:00.372  3957  4129 D WifiStateMachine:  ConnectedState !RSSI_PKTCNT_FETCH uid=1000 rt=407869519/1068267747 0 0 "ourhome" f4:6d:2f:12:cc:88 rssi=-42 f=5240 sc=60 link=433 tx=1.0, 0.0, 0.0  rx=2.8 bcn=102936 [on:0 tx:0 rx:0 period:630] from screen [on:239613 period:1744504] score=60
10-15 23:38:00.373  6985  6985 D LiveIconLoader: getLiveIcon res = com.sec.android.app.clockpackage
10-15 23:38:00.376  3957  4129 D WifiStateMachine:  L2ConnectedState !RSSI_PKTCNT_FETCH uid=1000 rt=407869523/1068267750 0 0 "ourhome" f4:6d:2f:12:cc:88 rssi=-42 f=5240 sc=60 link=433 tx=1.0, 0.0, 0.0  rx=2.8 bcn=102936 [on:0 tx:0 rx:0 period:5] from screen [on:239613 period:1744509] score=60
10-15 23:38:00.378  6985  6985 D LiveIconLoader: stdIconSize : 84 , targetIconSize : 94
10-15 23:38:00.378  6985  6985 D LiveIconLoader: mIconDpi : 320 , mTargetIconDpi : 280
10-15 23:38:00.383  3957  4129 D WifiStateMachine: fetchRssiLinkSpeedAndFrequencyNative rssi=-43 linkspeed=433 freq=5240
10-15 23:38:00.407  6985  6985 I ApplicationPackageManager: load= live icon for com.sec.android.app.clockpackage, from overlay = false
10-15 23:38:00.408  6985  6985 I LiveIconManager: getLiveIcon: complete(sync_created)
10-15 23:38:00.408  6985  6985 I IconView: applyFromApplicationInfo - end GetLive : com.sec.android.app.clockpackage
10-15 23:38:00.409  6985  6985 I IconView: applyFromApplicationInfo - start GetLive : com.samsung.android.calendar
10-15 23:38:00.409  6985  6985 I IconView: applyFromApplicationInfo - end GetLive : com.samsung.android.calendar
10-15 23:38:00.466 12875 13136 I BatteryMgr:DataCollectionService: stats => 1697405880466,180,4314,173,0,100
10-15 23:38:00.575 12875 13136 I BatteryMgr:DataCollectionService: stats => 1697405880575,180,4314,173,0,100
10-15 23:38:00.684 12875 13136 I BatteryMgr:DataCollectionService: stats => 1697405880684,180,4314,173,0,100
10-15 23:38:00.795 12875 13136 I BatteryMgr:DataCollectionService: stats => 1697405880795,180,4314,173,0,100
10-15 23:38:00.905 12875 13136 I BatteryMgr:DataCollectionService: stats => 1697405880904,180,4314,173,0,100
10-15 23:38:01.017 12875 13136 I BatteryMgr:DataCollectionService: stats => 1697405881017,180,4314,173,0,100
10-15 23:38:01.036  3957  6478 D SSRM:k  : SIOP:: AP = 360, PST = 339 (W:22), BAT = 320, USB = 0, CHG = 0
10-15 23:38:01.110 12920 12931 I zygote64: Background concurrent copying GC freed 111600(4MB) AllocSpace objects, 33(848KB) LOS objects, 49% free, 4MB/9MB, paused 8.178ms total 137.311ms
10-15 23:38:01.124 12875 13136 I BatteryMgr:DataCollectionService: stats => 1697405881124,180,4314,173,0,100
10-15 23:38:01.153  3957  4128 D WifiService: getConnectionInfo uid=1000
10-15 23:38:01.239 12875 13136 I BatteryMgr:DataCollectionService: stats => 1697405881239,180,4314,173,0,100
10-15 23:38:01.349 12875 13136 I BatteryMgr:DataCollectionService: stats => 1697405881348,180,4314,173,0,100
10-15 23:38:01.373  3957  4129 D WifiStateMachine:  ConnectedState !RSSI_PKTCNT_FETCH uid=1000 rt=407870520/1068268748 0 0 "ourhome" f4:6d:2f:12:cc:88 rssi=-43 f=5240 sc=60 link=433 tx=1.0, 0.0, 0.0  rx=2.8 bcn=102936 [on:0 tx:0 rx:0 period:996] from screen [on:239613 period:1745505] score=60
10-15 23:38:01.379  3957  4129 D WifiStateMachine:  L2ConnectedState !RSSI_PKTCNT_FETCH uid=1000 rt=407870524/1068268752 0 0 "ourhome" f4:6d:2f:12:cc:88 rssi=-43 f=5240 sc=60 link=433 tx=1.0, 0.0, 0.0  rx=2.8 bcn=102936 [on:0 tx:0 rx:0 period:6] from screen [on:239613 period:1745511] score=60
10-15 23:38:01.387  3957  4129 D WifiStateMachine: fetchRssiLinkSpeedAndFrequencyNative rssi=-42 linkspeed=433 freq=5240
10-15 23:38:01.464 12875 13136 I BatteryMgr:DataCollectionService: stats => 1697405881464,180,4314,173,0,100
10-15 23:38:01.576 12875 13136 I BatteryMgr:DataCollectionService: stats => 1697405881576,180,4314,173,0,100
10-15 23:38:01.685 12875 13136 I BatteryMgr:DataCollectionService: stats => 1697405881685,180,4314,173,0,100
10-15 23:38:01.797 12875 13136 I BatteryMgr:DataCollectionService: stats => 1697405881797,180,4314,173,0,100
10-15 23:38:01.907 12875 13136 I BatteryMgr:DataCollectionService: stats => 1697405881907,180,4314,173,0,100
10-15 23:38:02.018 12875 13136 I BatteryMgr:DataCollectionService: stats => 1697405882018,180,4314,173,0,100
10-15 23:38:02.130 12875 13136 I BatteryMgr:DataCollectionService: stats => 1697405882129,180,4314,173,0,100
10-15 23:38:02.156  3957  4128 D WifiService: getConnectionInfo uid=1000
10-15 23:38:02.242 12875 13136 I BatteryMgr:DataCollectionService: stats => 1697405882242,180,4314,173,0,100
10-15 23:38:02.359 12875 13136 I BatteryMgr:DataCollectionService: stats => 1697405882358,180,4314,173,0,100
10-15 23:38:02.375  3957  4129 D WifiStateMachine:  ConnectedState !RSSI_PKTCNT_FETCH uid=1000 rt=407871523/1068269751 0 0 "ourhome" f4:6d:2f:12:cc:88 rssi=-42 f=5240 sc=60 link=433 tx=1.0, 0.0, 0.0  rx=2.8 bcn=102936 [on:0 tx:0 rx:0 period:996] from screen [on:239613 period:1746507] score=60
10-15 23:38:02.376  3957  4129 D WifiStateMachine:  L2ConnectedState !RSSI_PKTCNT_FETCH uid=1000 rt=407871526/1068269753 0 0 "ourhome" f4:6d:2f:12:cc:88 rssi=-42 f=5240 sc=60 link=433 tx=1.0, 0.0, 0.0  rx=2.8 bcn=102936 [on:0 tx:0 rx:0 period:2] from screen [on:239613 period:1746509] score=60
10-15 23:38:02.382  3957  4129 D WifiStateMachine: fetchRssiLinkSpeedAndFrequencyNative rssi=-47 linkspeed=433 freq=5240
10-15 23:38:02.469 12875 13136 I BatteryMgr:DataCollectionService: stats => 1697405882469,180,4314,173,0,100
10-15 23:38:02.581 12875 13136 I BatteryMgr:DataCollectionService: stats => 1697405882581,180,4314,173,0,100
10-15 23:38:02.693 12875 13136 I BatteryMgr:DataCollectionService: stats => 1697405882693,180,4314,173,0,100
10-15 23:38:02.743  3957  4129 D WifiStateMachine:  ConnectedState !CMD_RSSI_POLL rt=407871889/1068270117 54 0 "ourhome" f4:6d:2f:12:cc:88 rssi=-47 f=5240 sc=60 link=433 tx=1.0, 0.0, 0.0  rx=2.8 bcn=102936 [on:0 tx:0 rx:0 period:367] from screen [on:239613 period:1746876] score=60
10-15 23:38:02.745  3957  4129 D WifiStateMachine:  L2ConnectedState !CMD_RSSI_POLL rt=407871894/1068270122 54 0 "ourhome" f4:6d:2f:12:cc:88 rssi=-47 f=5240 sc=60 link=433 tx=1.0, 0.0, 0.0  rx=2.8 bcn=102936 [on:0 tx:0 rx:0 period:2] from screen [on:239613 period:1746878] score=60
10-15 23:38:02.745  3957  4129 D WifiStateMachine:  get link layer stats 3
10-15 23:38:02.746  3436  3436 I android.hardware.wifi@1.0-service: getLinkLayerStats
10-15 23:38:02.761  3957  4129 D WifiStateMachine: fetchRssiLinkSpeedAndFrequencyNative rssi=-46 linkspeed=433 freq=5240
10-15 23:38:02.766  4340  4340 E SignalClusterView: setSlotFocusVisible : subId -2
10-15 23:38:02.766  4340  4340 E SignalClusterView: setSlotFocusVisible : subId -2
10-15 23:38:02.803 12875 13136 I BatteryMgr:DataCollectionService: stats => 1697405882803,180,4314,173,0,100
10-15 23:38:02.919 12875 13136 I BatteryMgr:DataCollectionService: stats => 1697405882918,180,4314,173,0,100
10-15 23:38:03.033 12875 13136 I BatteryMgr:DataCollectionService: stats => 1697405883033,180,4314,173,0,100
10-15 23:38:03.150 12875 13136 I BatteryMgr:DataCollectionService: stats => 1697405883149,180,4314,173,0,100
10-15 23:38:03.160  3957  4128 D WifiService: getConnectionInfo uid=1000
10-15 23:38:03.264 12875 13136 I BatteryMgr:DataCollectionService: stats => 1697405883264,180,4314,173,0,100
10-15 23:38:03.377  3957  4129 D WifiStateMachine:  ConnectedState !RSSI_PKTCNT_FETCH uid=1000 rt=407872524/1068270751 0 0 "ourhome" f4:6d:2f:12:cc:88 rssi=-46 f=5240 sc=60 link=433 tx=2.3, 0.0, 0.0  rx=6.8 bcn=102964 [on:0 tx:0 rx:0 period:611] from screen [on:240401 period:1747509] score=60
10-15 23:38:03.382 12875 13136 I BatteryMgr:DataCollectionService: stats => 1697405883381,180,4314,173,0,100
10-15 23:38:03.382  3957  4129 D WifiStateMachine:  L2ConnectedState !RSSI_PKTCNT_FETCH uid=1000 rt=407872528/1068270756 0 0 "ourhome" f4:6d:2f:12:cc:88 rssi=-46 f=5240 sc=60 link=433 tx=2.3, 0.0, 0.0  rx=6.8 bcn=102964 [on:0 tx:0 rx:0 period:5] from screen [on:240401 period:1747514] score=60
10-15 23:38:03.387  3957  4129 D WifiStateMachine: fetchRssiLinkSpeedAndFrequencyNative rssi=-44 linkspeed=433 freq=5240
10-15 23:38:03.424  6343  6427 D ScanRecord: Not a Multi Manu data
10-15 23:38:03.469  6343  6427 I chatty  : uid=1002(bluetooth) BT Service Call identical 76 lines
10-15 23:38:03.469  6343  6427 D ScanRecord: Not a Multi Manu data
10-15 23:38:03.490 12875 13136 I BatteryMgr:DataCollectionService: stats => 1697405883490,180,4314,173,0,100
10-15 23:38:03.497  6343  6427 D ScanRecord: Not a Multi Manu data
10-15 23:38:03.544  4961  4961 D io_stats: !@ 179,0 r 5821368 182346216 w 1320557 28545104 d 105172 31843296 f 302550 319461 iot 2545724 2244621 th 51200 0 0 pt 0 inp 0 0 407872.695
10-15 23:38:03.600  6343  6427 I chatty  : uid=1002(bluetooth) BT Service Call identical 115 lines
10-15 23:38:03.600  6343  6427 D ScanRecord: Not a Multi Manu data
10-15 23:38:03.601 12875 13136 I BatteryMgr:DataCollectionService: stats => 1697405883601,180,4314,173,0,100
10-15 23:38:03.616  6343  6427 D ScanRecord: Not a Multi Manu data
10-15 23:38:03.705  6343  6427 I chatty  : uid=1002(bluetooth) BT Service Call identical 193 lines
10-15 23:38:03.706  6343  6427 D ScanRecord: Not a Multi Manu data
10-15 23:38:03.714 12875 13136 I BatteryMgr:DataCollectionService: stats => 1697405883713,180,4314,173,0,100
10-15 23:38:03.714  6343  6427 D ScanRecord: Not a Multi Manu data
10-15 23:38:03.826  6343  6427 I chatty  : uid=1002(bluetooth) BT Service Call identical 180 lines
10-15 23:38:03.827  6343  6427 D ScanRecord: Not a Multi Manu data
10-15 23:38:03.827 12875 13136 I BatteryMgr:DataCollectionService: stats => 1697405883827,180,4314,173,0,100
10-15 23:38:03.830  6343  6427 D ScanRecord: Not a Multi Manu data
10-15 23:38:03.920  6343  6427 I chatty  : uid=1002(bluetooth) BT Service Call identical 258 lines
10-15 23:38:03.920  6343  6427 D ScanRecord: Not a Multi Manu data
10-15 23:38:03.934 12875 13136 I BatteryMgr:DataCollectionService: stats => 1697405883934,180,4314,173,0,100
10-15 23:38:04.054 12875 13136 I BatteryMgr:DataCollectionService: stats => 1697405884053,180,4314,173,0,100
10-15 23:38:04.164  3957  4128 D WifiService: getConnectionInfo uid=1000
10-15 23:38:04.167 12875 13136 I BatteryMgr:DataCollectionService: stats => 1697405884167,180,4314,173,0,100
10-15 23:38:04.279 12875 13136 I BatteryMgr:DataCollectionService: stats => 1697405884279,180,4314,173,0,100
10-15 23:38:04.379  3957  4129 D WifiStateMachine:  ConnectedState !RSSI_PKTCNT_FETCH uid=1000 rt=407873526/1068271754 0 0 "ourhome" f4:6d:2f:12:cc:88 rssi=-44 f=5240 sc=60 link=433 tx=2.3, 0.0, 0.0  rx=6.8 bcn=102964 [on:0 tx:0 rx:0 period:998] from screen [on:240401 period:1748512] score=60
10-15 23:38:04.381  3957  4129 D WifiStateMachine:  L2ConnectedState !RSSI_PKTCNT_FETCH uid=1000 rt=407873530/1068271758 0 0 "ourhome" f4:6d:2f:12:cc:88 rssi=-44 f=5240 sc=60 link=433 tx=2.3, 0.0, 0.0  rx=6.8 bcn=102964 [on:0 tx:0 rx:0 period:2] from screen [on:240401 period:1748514] score=60
10-15 23:38:04.388  3957  4129 D WifiStateMachine: fetchRssiLinkSpeedAndFrequencyNative rssi=-43 linkspeed=433 freq=5240
10-15 23:38:04.389 12875 13136 I BatteryMgr:DataCollectionService: stats => 1697405884389,209,4314,184,0,100
10-15 23:38:04.498 12875 13136 I BatteryMgr:DataCollectionService: stats => 1697405884498,209,4314,184,0,100
10-15 23:38:04.611 12875 13136 I BatteryMgr:DataCollectionService: stats => 1697405884611,209,4314,184,0,100
10-15 23:38:04.721 12875 13136 I BatteryMgr:DataCollectionService: stats => 1697405884720,209,4314,184,0,100
10-15 23:38:04.831 12875 13136 I BatteryMgr:DataCollectionService: stats => 1697405884830,209,4314,184,0,100
10-15 23:38:04.901  3957 12007 D BatteryService: !@BatteryListener : batteryPropertiesChanged!
10-15 23:38:04.940 12875 13136 I BatteryMgr:DataCollectionService: stats => 1697405884939,209,4314,184,0,100
10-15 23:38:05.053 12875 13136 I BatteryMgr:DataCollectionService: stats => 1697405885053,209,4314,184,0,100
10-15 23:38:05.164 12875 13136 I BatteryMgr:DataCollectionService: stats => 1697405885164,209,4314,184,0,100
10-15 23:38:05.166  3957  4128 D WifiService: getConnectionInfo uid=1000
10-15 23:38:05.274 12875 13136 I BatteryMgr:DataCollectionService: stats => 1697405885274,209,4314,184,0,100
10-15 23:38:05.380  3957  4129 D WifiStateMachine:  ConnectedState !RSSI_PKTCNT_FETCH uid=1000 rt=407874528/1068272755 0 0 "ourhome" f4:6d:2f:12:cc:88 rssi=-43 f=5240 sc=60 link=433 tx=2.3, 0.0, 0.0  rx=6.8 bcn=102964 [on:0 tx:0 rx:0 period:998] from screen [on:240401 period:1749512] score=60
10-15 23:38:05.382  3957  4129 D WifiStateMachine:  L2ConnectedState !RSSI_PKTCNT_FETCH uid=1000 rt=407874531/1068272758 0 0 "ourhome" f4:6d:2f:12:cc:88 rssi=-43 f=5240 sc=60 link=433 tx=2.3, 0.0, 0.0  rx=6.8 bcn=102964 [on:0 tx:0 rx:0 period:3] from screen [on:240401 period:1749515] score=60
10-15 23:38:05.387 12875 13136 I BatteryMgr:DataCollectionService: stats => 1697405885387,209,4314,184,0,100
10-15 23:38:05.389  3957  4129 D WifiStateMachine: fetchRssiLinkSpeedAndFrequencyNative rssi=-43 linkspeed=433 freq=5240
10-15 23:38:05.498 12875 13136 I BatteryMgr:DataCollectionService: stats => 1697405885498,209,4314,184,0,100
10-15 23:38:05.608 12875 13136 I BatteryMgr:DataCollectionService: stats => 1697405885608,209,4314,184,0,100
10-15 23:38:05.726 12875 13136 I BatteryMgr:DataCollectionService: stats => 1697405885726,209,4314,184,0,100
10-15 23:38:05.765  3957  4129 D WifiStateMachine:  ConnectedState !CMD_RSSI_POLL rt=407874914/1068273142 54 0 "ourhome" f4:6d:2f:12:cc:88 rssi=-43 f=5240 sc=60 link=433 tx=2.3, 0.0, 0.0  rx=6.8 bcn=102964 [on:0 tx:0 rx:0 period:383] from screen [on:240401 period:1749898] score=60
10-15 23:38:05.768  3957  4129 D WifiStateMachine:  L2ConnectedState !CMD_RSSI_POLL rt=407874916/1068273144 54 0 "ourhome" f4:6d:2f:12:cc:88 rssi=-43 f=5240 sc=60 link=433 tx=2.3, 0.0, 0.0  rx=6.8 bcn=102964 [on:0 tx:0 rx:0 period:2] from screen [on:240401 period:1749900] score=60
10-15 23:38:05.768  3957  4129 D WifiStateMachine:  get link layer stats 3
10-15 23:38:05.769  3436  3436 I android.hardware.wifi@1.0-service: getLinkLayerStats
10-15 23:38:05.775  3957  4129 D WifiStateMachine: fetchRssiLinkSpeedAndFrequencyNative rssi=-42 linkspeed=433 freq=5240
10-15 23:38:05.781  4340  4340 E SignalClusterView: setSlotFocusVisible : subId -2
10-15 23:38:05.781  4340  4340 E SignalClusterView: setSlotFocusVisible : subId -2
10-15 23:38:05.839 12875 13136 I BatteryMgr:DataCollectionService: stats => 1697405885839,209,4314,184,0,100
10-15 23:38:05.952 12875 13136 I BatteryMgr:DataCollectionService: stats => 1697405885952,209,4314,184,0,100
10-15 23:38:06.055  3957  4030 D SensorService: [SO] 0.105 -0.057 9.974
10-15 23:38:06.064 12875 13136 I BatteryMgr:DataCollectionService: stats => 1697405886063,209,4314,184,0,100
10-15 23:38:06.168  3957  4128 D WifiService: getConnectionInfo uid=1000
10-15 23:38:06.176 12875 13136 I BatteryMgr:DataCollectionService: stats => 1697405886176,209,4314,184,0,100
10-15 23:38:06.288 12875 13136 I BatteryMgr:DataCollectionService: stats => 1697405886288,209,4314,184,0,100
10-15 23:38:06.381  3957  4129 D WifiStateMachine:  ConnectedState !RSSI_PKTCNT_FETCH uid=1000 rt=407875528/1068273756 0 0 "ourhome" f4:6d:2f:12:cc:88 rssi=-42 f=5240 sc=60 link=433 tx=1.5, 0.0, 0.0  rx=3.1 bcn=102991 [on:0 tx:0 rx:0 period:600] from screen [on:240704 period:1750513] score=60
10-15 23:38:06.384  3957  4129 D WifiStateMachine:  L2ConnectedState !RSSI_PKTCNT_FETCH uid=1000 rt=407875532/1068273760 0 0 "ourhome" f4:6d:2f:12:cc:88 rssi=-42 f=5240 sc=60 link=433 tx=1.5, 0.0, 0.0  rx=3.1 bcn=102991 [on:0 tx:0 rx:0 period:3] from screen [on:240704 period:1750516] score=60
10-15 23:38:06.389  3957  4129 D WifiStateMachine: fetchRssiLinkSpeedAndFrequencyNative rssi=-43 linkspeed=433 freq=5240
10-15 23:38:06.400 12875 13136 I BatteryMgr:DataCollectionService: stats => 1697405886399,209,4314,184,0,100
10-15 23:38:06.512 12875 13136 I BatteryMgr:DataCollectionService: stats => 1697405886512,209,4314,184,0,100
10-15 23:38:06.621 12875 13136 I BatteryMgr:DataCollectionService: stats => 1697405886621,209,4314,184,0,100
10-15 23:38:06.734 12875 13136 I BatteryMgr:DataCollectionService: stats => 1697405886734,209,4314,184,0,100
10-15 23:38:06.845 12875 13136 I BatteryMgr:DataCollectionService: stats => 1697405886844,209,4314,184,0,100
10-15 23:38:06.957 12875 13136 I BatteryMgr:DataCollectionService: stats => 1697405886957,209,4314,184,0,100
10-15 23:38:07.070 12875 13136 I BatteryMgr:DataCollectionService: stats => 1697405887069,209,4314,184,0,100
10-15 23:38:07.170  3957  4128 D WifiService: getConnectionInfo uid=1000
10-15 23:38:07.187 12875 13136 I BatteryMgr:DataCollectionService: stats => 1697405887186,209,4314,184,0,100
10-15 23:38:07.298 12875 13136 I BatteryMgr:DataCollectionService: stats => 1697405887297,209,4314,184,0,100
10-15 23:38:07.382  3957  4129 D WifiStateMachine:  ConnectedState !RSSI_PKTCNT_FETCH uid=1000 rt=407876531/1068274758 0 0 "ourhome" f4:6d:2f:12:cc:88 rssi=-43 f=5240 sc=60 link=433 tx=1.5, 0.0, 0.0  rx=3.1 bcn=102991 [on:0 tx:0 rx:0 period:999] from screen [on:240704 period:1751515] score=60
10-15 23:38:07.384  3957  4129 D WifiStateMachine:  L2ConnectedState !RSSI_PKTCNT_FETCH uid=1000 rt=407876533/1068274761 0 0 "ourhome" f4:6d:2f:12:cc:88 rssi=-43 f=5240 sc=60 link=433 tx=1.5, 0.0, 0.0  rx=3.1 bcn=102991 [on:0 tx:0 rx:0 period:2] from screen [on:240704 period:1751517] score=60
10-15 23:38:07.387  3957  4129 D WifiStateMachine: fetchRssiLinkSpeedAndFrequencyNative rssi=-43 linkspeed=433 freq=5240
10-15 23:38:07.407 12875 13136 I BatteryMgr:DataCollectionService: stats => 1697405887407,209,4314,184,0,100
10-15 23:38:07.520 12875 13136 I BatteryMgr:DataCollectionService: stats => 1697405887520,209,4314,184,0,100
10-15 23:38:07.632 12875 13136 I BatteryMgr:DataCollectionService: stats => 1697405887631,209,4314,184,0,100
10-15 23:38:07.743 12875 13136 I BatteryMgr:DataCollectionService: stats => 1697405887743,209,4314,184,0,100
10-15 23:38:07.854 12875 13136 I BatteryMgr:DataCollectionService: stats => 1697405887854,209,4314,184,0,100
10-15 23:38:07.966 12875 13136 I BatteryMgr:DataCollectionService: stats => 1697405887966,209,4314,184,0,100
10-15 23:38:08.075 12875 13136 I BatteryMgr:DataCollectionService: stats => 1697405888075,209,4314,184,0,100
10-15 23:38:08.173  3957  4128 D WifiService: getConnectionInfo uid=1000
10-15 23:38:08.184 12875 13136 I BatteryMgr:DataCollectionService: stats => 1697405888184,209,4314,184,0,100
10-15 23:38:08.294 12875 13136 I BatteryMgr:DataCollectionService: stats => 1697405888294,209,4314,184,0,100
10-15 23:38:08.382  3957  4129 D WifiStateMachine:  ConnectedState !RSSI_PKTCNT_FETCH uid=1000 rt=407877532/1068275759 0 0 "ourhome" f4:6d:2f:12:cc:88 rssi=-43 f=5240 sc=60 link=433 tx=1.5, 0.0, 0.0  rx=3.1 bcn=102991 [on:0 tx:0 rx:0 period:998] from screen [on:240704 period:1752515] score=60
10-15 23:38:08.385  3957  4129 D WifiStateMachine:  L2ConnectedState !RSSI_PKTCNT_FETCH uid=1000 rt=407877534/1068275761 0 0 "ourhome" f4:6d:2f:12:cc:88 rssi=-43 f=5240 sc=60 link=433 tx=1.5, 0.0, 0.0  rx=3.1 bcn=102991 [on:0 tx:0 rx:0 period:2] from screen [on:240704 period:1752517] score=60
10-15 23:38:08.391  3957  4129 D WifiStateMachine: fetchRssiLinkSpeedAndFrequencyNative rssi=-43 linkspeed=433 freq=5240
10-15 23:38:08.400 12875 13136 I BatteryMgr:DataCollectionService: stats => 1697405888400,209,4314,184,0,100
10-15 23:38:08.431  6343  6427 D ScanRecord: Not a Multi Manu data
10-15 23:38:08.507  6343  6427 I chatty  : uid=1002(bluetooth) BT Service Call identical 167 lines
10-15 23:38:08.507  6343  6427 D ScanRecord: Not a Multi Manu data
10-15 23:38:08.508 12875 13136 I BatteryMgr:DataCollectionService: stats => 1697405888508,209,4314,184,0,100
10-15 23:38:08.514  6343  6427 D ScanRecord: Not a Multi Manu data
10-15 23:38:08.548  4961  4961 D io_stats: !@ 179,0 r 5821440 182347360 w 1320563 28545288 d 105173 31843300 f 302551 319462 iot 2545760 2244647 th 51200 0 0 pt 0 inp 0 0 407877.698
10-15 23:38:08.617  6343  6427 I chatty  : uid=1002(bluetooth) BT Service Call identical 232 lines
10-15 23:38:08.617  6343  6427 D ScanRecord: Not a Multi Manu data
10-15 23:38:08.617 12875 13136 I BatteryMgr:DataCollectionService: stats => 1697405888617,209,4314,184,0,100
10-15 23:38:08.625  6343  6427 D ScanRecord: Not a Multi Manu data
10-15 23:38:08.724  6343  6427 I chatty  : uid=1002(bluetooth) BT Service Call identical 180 lines
10-15 23:38:08.724  6343  6427 D ScanRecord: Not a Multi Manu data
10-15 23:38:08.726 12875 13136 I BatteryMgr:DataCollectionService: stats => 1697405888726,209,4314,184,0,100
10-15 23:38:08.735  6343  6427 D ScanRecord: Not a Multi Manu data
10-15 23:38:08.766  6343  6427 I chatty  : uid=1002(bluetooth) BT Service Call identical 50 lines
10-15 23:38:08.766  6343  6427 D ScanRecord: Not a Multi Manu data
10-15 23:38:08.778  3957  4129 D WifiStateMachine:  ConnectedState !CMD_RSSI_POLL rt=407877926/1068276154 54 0 "ourhome" f4:6d:2f:12:cc:88 rssi=-43 f=5240 sc=60 link=433 tx=1.5, 0.0, 0.0  rx=3.1 bcn=102991 [on:0 tx:0 rx:0 period:393] from screen [on:240704 period:1752910] score=60
10-15 23:38:08.780  3957  4129 D WifiStateMachine:  L2ConnectedState !CMD_RSSI_POLL rt=407877929/1068276156 54 0 "ourhome" f4:6d:2f:12:cc:88 rssi=-43 f=5240 sc=60 link=433 tx=1.5, 0.0, 0.0  rx=3.1 bcn=102991 [on:0 tx:0 rx:0 period:3] from screen [on:240704 period:1752913] score=60
10-15 23:38:08.780  3957  4129 D WifiStateMachine:  get link layer stats 3
10-15 23:38:08.781  3436  3436 I android.hardware.wifi@1.0-service: getLinkLayerStats
10-15 23:38:08.786  6343  6427 D ScanRecord: Not a Multi Manu data
10-15 23:38:08.787  6343  6427 I chatty  : uid=1002(bluetooth) BT Service Call identical 11 lines
10-15 23:38:08.787  6343  6427 D ScanRecord: Not a Multi Manu data
10-15 23:38:08.788  3957  4129 D WifiStateMachine: fetchRssiLinkSpeedAndFrequencyNative rssi=-44 linkspeed=433 freq=5240
10-15 23:38:08.793  4340  4340 E SignalClusterView: setSlotFocusVisible : subId -2
10-15 23:38:08.794  4340  4340 E SignalClusterView: setSlotFocusVisible : subId -2
10-15 23:38:08.797  6343  6427 D ScanRecord: Not a Multi Manu data
10-15 23:38:08.917  6343  6427 I chatty  : uid=1002(bluetooth) BT Service Call identical 245 lines
10-15 23:38:08.917  6343  6427 D ScanRecord: Not a Multi Manu data
10-15 23:38:08.928 12875 13136 I BatteryMgr:DataCollectionService: stats => 1697405888927,209,4314,184,0,100
10-15 23:38:09.033 12875 13136 I BatteryMgr:DataCollectionService: stats => 1697405889033,209,4314,184,0,100
10-15 23:38:09.139 12875 13136 I BatteryMgr:DataCollectionService: stats => 1697405889138,209,4314,184,0,100
10-15 23:38:09.166 12920 13146 I SessionStorage/AutoSave: Save: Periodic
10-15 23:38:09.180  3957  4128 D WifiService: getConnectionInfo uid=1000
10-15 23:38:09.245 12875 13136 I BatteryMgr:DataCollectionService: stats => 1697405889245,209,4314,184,0,100
10-15 23:38:09.247  3957  3966 I zygote64: Background concurrent copying GC freed 505297(20MB) AllocSpace objects, 173(3MB) LOS objects, 36% free, 41MB/65MB, paused 20.884ms total 454.450ms
10-15 23:38:09.354 12875 13136 I BatteryMgr:DataCollectionService: stats => 1697405889354,209,4314,184,0,100
10-15 23:38:09.384  3957  4129 D WifiStateMachine:  ConnectedState !RSSI_PKTCNT_FETCH uid=1000 rt=407878532/1068276760 0 0 "ourhome" f4:6d:2f:12:cc:88 rssi=-44 f=5240 sc=60 link=433 tx=0.5, 0.0, 0.0  rx=1.1 bcn=103017 [on:0 tx:0 rx:0 period:592] from screen [on:240862 period:1753517] score=60
10-15 23:38:09.387  3957  4129 D WifiStateMachine:  L2ConnectedState !RSSI_PKTCNT_FETCH uid=1000 rt=407878535/1068276763 0 0 "ourhome" f4:6d:2f:12:cc:88 rssi=-44 f=5240 sc=60 link=433 tx=0.5, 0.0, 0.0  rx=1.1 bcn=103017 [on:0 tx:0 rx:0 period:3] from screen [on:240862 period:1753520] score=60
10-15 23:38:09.389  3957  4129 D WifiStateMachine: fetchRssiLinkSpeedAndFrequencyNative rssi=-44 linkspeed=433 freq=5240
10-15 23:38:09.463 12875 13136 I BatteryMgr:DataCollectionService: stats => 1697405889463,209,4314,184,0,100
10-15 23:38:09.573 12875 13136 I BatteryMgr:DataCollectionService: stats => 1697405889573,209,4314,184,0,100
10-15 23:38:09.684 12875 13136 I BatteryMgr:DataCollectionService: stats => 1697405889684,209,4314,184,0,100
10-15 23:38:09.795 12875 13136 I BatteryMgr:DataCollectionService: stats => 1697405889795,209,4314,184,0,100
10-15 23:38:09.816  3957  4306 D WifiConnectivityMonitor:  [|218] []
10-15 23:38:09.903 12875 13136 I BatteryMgr:DataCollectionService: stats => 1697405889903,209,4314,184,0,100
10-15 23:38:10.012 12875 13136 I BatteryMgr:DataCollectionService: stats => 1697405890012,209,4314,184,0,100
10-15 23:38:10.124 12875 13136 I BatteryMgr:DataCollectionService: stats => 1697405890124,209,4314,184,0,100
10-15 23:38:10.184  3957  4128 D WifiService: getConnectionInfo uid=1000
10-15 23:38:10.235 12875 13136 I BatteryMgr:DataCollectionService: stats => 1697405890235,209,4314,184,0,100
10-15 23:38:10.343 12875 13136 I BatteryMgr:DataCollectionService: stats => 1697405890343,209,4314,184,0,100
10-15 23:38:10.385  3957  4129 D WifiStateMachine:  ConnectedState !RSSI_PKTCNT_FETCH uid=1000 rt=407879534/1068277761 0 0 "ourhome" f4:6d:2f:12:cc:88 rssi=-44 f=5240 sc=60 link=433 tx=0.5, 0.0, 0.0  rx=1.1 bcn=103017 [on:0 tx:0 rx:0 period:998] from screen [on:240862 period:1754518] score=60
10-15 23:38:10.389  3957  4129 D WifiStateMachine:  L2ConnectedState !RSSI_PKTCNT_FETCH uid=1000 rt=407879536/1068277764 0 0 "ourhome" f4:6d:2f:12:cc:88 rssi=-44 f=5240 sc=60 link=433 tx=0.5, 0.0, 0.0  rx=1.1 bcn=103017 [on:0 tx:0 rx:0 period:3] from screen [on:240862 period:1754521] score=60
10-15 23:38:10.391  3957  4129 D WifiStateMachine: fetchRssiLinkSpeedAndFrequencyNative rssi=-44 linkspeed=433 freq=5240
10-15 23:38:10.452 12875 13136 I BatteryMgr:DataCollectionService: stats => 1697405890452,209,4314,184,0,100
10-15 23:38:10.565 12875 13136 I BatteryMgr:DataCollectionService: stats => 1697405890565,209,4314,184,0,100
10-15 23:38:10.680 12875 13136 I BatteryMgr:DataCollectionService: stats => 1697405890679,209,4314,184,0,100
10-15 23:38:10.790 12875 13136 I BatteryMgr:DataCollectionService: stats => 1697405890790,209,4314,184,0,100
10-15 23:38:10.907 12875 13136 I BatteryMgr:DataCollectionService: stats => 1697405890907,209,4314,184,0,100
10-15 23:38:11.018 12875 13136 I BatteryMgr:DataCollectionService: stats => 1697405891018,209,4314,184,0,100
10-15 23:38:11.062  3957  6478 D SSRM:k  : SIOP:: AP = 360, PST = 341 (W:22), BAT = 320, USB = 0, CHG = 0
10-15 23:38:11.128 12875 13136 I BatteryMgr:DataCollectionService: stats => 1697405891128,209,4314,184,0,100
10-15 23:38:11.185  3957  4128 D WifiService: getConnectionInfo uid=1000
10-15 23:38:11.238 12875 13136 I BatteryMgr:DataCollectionService: stats => 1697405891238,209,4314,184,0,100
10-15 23:38:11.349 12875 13136 I BatteryMgr:DataCollectionService: stats => 1697405891348,209,4314,184,0,100
10-15 23:38:11.387  3957  4129 D WifiStateMachine:  ConnectedState !RSSI_PKTCNT_FETCH uid=1000 rt=407880535/1068278762 0 0 "ourhome" f4:6d:2f:12:cc:88 rssi=-44 f=5240 sc=60 link=433 tx=0.5, 0.0, 0.0  rx=1.1 bcn=103017 [on:0 tx:0 rx:0 period:998] from screen [on:240862 period:1755519] score=60
10-15 23:38:11.389  3957  4129 D WifiStateMachine:  L2ConnectedState !RSSI_PKTCNT_FETCH uid=1000 rt=407880538/1068278765 0 0 "ourhome" f4:6d:2f:12:cc:88 rssi=-44 f=5240 sc=60 link=433 tx=0.5, 0.0, 0.0  rx=1.1 bcn=103017 [on:0 tx:0 rx:0 period:2] from screen [on:240862 period:1755521] score=60
10-15 23:38:11.404  3957  4129 D WifiStateMachine: fetchRssiLinkSpeedAndFrequencyNative rssi=-44 linkspeed=433 freq=5240
10-15 23:38:11.459 12875 13136 I BatteryMgr:DataCollectionService: stats => 1697405891459,209,4314,184,0,100
10-15 23:38:11.568 12875 13136 I BatteryMgr:DataCollectionService: stats => 1697405891568,209,4314,184,0,100
10-15 23:38:11.678 12875 13136 I BatteryMgr:DataCollectionService: stats => 1697405891678,209,4314,184,0,100
10-15 23:38:11.790 12875 13136 I BatteryMgr:DataCollectionService: stats => 1697405891790,209,4314,184,0,100
10-15 23:38:11.792  3957  4129 D WifiStateMachine:  ConnectedState !CMD_RSSI_POLL rt=407880941/1068279168 54 0 "ourhome" f4:6d:2f:12:cc:88 rssi=-44 f=5240 sc=60 link=433 tx=0.5, 0.0, 0.0  rx=1.1 bcn=103017 [on:0 tx:0 rx:0 period:403] from screen [on:240862 period:1755924] score=60
10-15 23:38:11.795  3957  4129 D WifiStateMachine:  L2ConnectedState !CMD_RSSI_POLL rt=407880943/1068279170 54 0 "ourhome" f4:6d:2f:12:cc:88 rssi=-44 f=5240 sc=60 link=433 tx=0.5, 0.0, 0.0  rx=1.1 bcn=103017 [on:0 tx:0 rx:0 period:4] from screen [on:240862 period:1755928] score=60
10-15 23:38:11.795  3957  4129 D WifiStateMachine:  get link layer stats 3
10-15 23:38:11.795  3436  3436 I android.hardware.wifi@1.0-service: getLinkLayerStats
10-15 23:38:11.814  3957  4129 D WifiStateMachine: fetchRssiLinkSpeedAndFrequencyNative rssi=-44 linkspeed=433 freq=5240
10-15 23:38:11.821  4340  4340 E SignalClusterView: setSlotFocusVisible : subId -2
10-15 23:38:11.821  4340  4340 E SignalClusterView: setSlotFocusVisible : subId -2
10-15 23:38:11.903 12875 13136 I BatteryMgr:DataCollectionService: stats => 1697405891902,209,4314,184,0,100
10-15 23:38:12.016 12875 13136 I BatteryMgr:DataCollectionService: stats => 1697405892016,209,4314,184,0,100
10-15 23:38:12.127 12875 13136 I BatteryMgr:DataCollectionService: stats => 1697405892127,209,4314,184,0,100
10-15 23:38:12.189  3957  4128 D WifiService: getConnectionInfo uid=1000
10-15 23:38:12.237 12875 13136 I BatteryMgr:DataCollectionService: stats => 1697405892237,209,4314,184,0,100
10-15 23:38:12.347 12875 13136 I BatteryMgr:DataCollectionService: stats => 1697405892347,209,4314,184,0,100
10-15 23:38:12.387  3957  4129 D WifiStateMachine:  ConnectedState !RSSI_PKTCNT_FETCH uid=1000 rt=407881536/1068279764 0 0 "ourhome" f4:6d:2f:12:cc:88 rssi=-44 f=5240 sc=60 link=433 tx=16.7, 0.0, 0.0  rx=18.2 bcn=103045 [on:0 tx:0 rx:0 period:566] from screen [on:242774 period:1756519] score=60
10-15 23:38:12.388  3957  4129 D WifiStateMachine:  L2ConnectedState !RSSI_PKTCNT_FETCH uid=1000 rt=407881538/1068279765 0 0 "ourhome" f4:6d:2f:12:cc:88 rssi=-44 f=5240 sc=60 link=433 tx=16.7, 0.0, 0.0  rx=18.2 bcn=103045 [on:0 tx:0 rx:0 period:2] from screen [on:242774 period:1756521] score=60
10-15 23:38:12.390  3957  4129 D WifiStateMachine: fetchRssiLinkSpeedAndFrequencyNative rssi=-43 linkspeed=433 freq=5240
10-15 23:38:12.462 12875 13136 I BatteryMgr:DataCollectionService: stats => 1697405892462,209,4314,184,0,100
10-15 23:38:12.570 12875 13136 I BatteryMgr:DataCollectionService: stats => 1697405892569,209,4314,184,0,100
10-15 23:38:12.681 12875 13136 I BatteryMgr:DataCollectionService: stats => 1697405892681,209,4314,184,0,100
10-15 23:38:12.792 12875 13136 I BatteryMgr:DataCollectionService: stats => 1697405892792,209,4314,184,0,100
10-15 23:38:12.904 12875 13136 I BatteryMgr:DataCollectionService: stats => 1697405892904,209,4314,184,0,100
10-15 23:38:13.014 12875 13136 I BatteryMgr:DataCollectionService: stats => 1697405893013,209,4314,184,0,100
10-15 23:38:13.127 12875 13136 I BatteryMgr:DataCollectionService: stats => 1697405893127,209,4314,184,0,100
10-15 23:38:13.191  3957  4128 D WifiService: getConnectionInfo uid=1000
10-15 23:38:13.237 12875 13136 I BatteryMgr:DataCollectionService: stats => 1697405893237,209,4314,184,0,100
10-15 23:38:13.346 12875 13136 I BatteryMgr:DataCollectionService: stats => 1697405893346,209,4314,184,0,100
10-15 23:38:13.388  3957  4129 D WifiStateMachine:  ConnectedState !RSSI_PKTCNT_FETCH uid=1000 rt=407882537/1068280765 0 0 "ourhome" f4:6d:2f:12:cc:88 rssi=-43 f=5240 sc=60 link=433 tx=16.7, 0.0, 0.0  rx=18.2 bcn=103045 [on:0 tx:0 rx:0 period:1000] from screen [on:242774 period:1757521] score=60
10-15 23:38:13.390  3957  4129 D WifiStateMachine:  L2ConnectedState !RSSI_PKTCNT_FETCH uid=1000 rt=407882539/1068280766 0 0 "ourhome" f4:6d:2f:12:cc:88 rssi=-43 f=5240 sc=60 link=433 tx=16.7, 0.0, 0.0  rx=18.2 bcn=103045 [on:0 tx:0 rx:0 period:1] from screen [on:242774 period:1757522] score=60
10-15 23:38:13.392  3957  4129 D WifiStateMachine: fetchRssiLinkSpeedAndFrequencyNative rssi=-43 linkspeed=433 freq=5240
10-15 23:38:13.423  6343  6427 D ScanRecord: Not a Multi Manu data
10-15 23:38:13.450  6343  6427 I chatty  : uid=1002(bluetooth) BT Service Call identical 89 lines
10-15 23:38:13.451  6343  6427 D ScanRecord: Not a Multi Manu data
10-15 23:38:13.454 12875 13136 I BatteryMgr:DataCollectionService: stats => 1697405893454,209,4314,184,0,100
10-15 23:38:13.456  6343  6427 D ScanRecord: Not a Multi Manu data
10-15 23:38:13.550  4961  4961 D io_stats: !@ 179,0 r 5821772 182355292 w 1320590 28545572 d 105175 31843376 f 302552 319463 iot 2545880 2244744 th 51200 0 0 pt 0 inp 0 0 407882.701
10-15 23:38:13.562  6343  6427 I chatty  : uid=1002(bluetooth) BT Service Call identical 284 lines
10-15 23:38:13.562  6343  6427 D ScanRecord: Not a Multi Manu data
10-15 23:38:13.563 12875 13136 I BatteryMgr:DataCollectionService: stats => 1697405893563,209,4314,184,0,100
10-15 23:38:13.567  6343  6427 D ScanRecord: Not a Multi Manu data
10-15 23:38:13.661  6343  6427 I chatty  : uid=1002(bluetooth) BT Service Call identical 180 lines
10-15 23:38:13.661  6343  6427 D ScanRecord: Not a Multi Manu data
10-15 23:38:13.671 12875 13136 I BatteryMgr:DataCollectionService: stats => 1697405893671,209,4314,184,0,100
10-15 23:38:13.674  6343  6427 D ScanRecord: Not a Multi Manu data
10-15 23:38:13.778  6343  6427 I chatty  : uid=1002(bluetooth) BT Service Call identical 258 lines
10-15 23:38:13.778  6343  6427 D ScanRecord: Not a Multi Manu data
10-15 23:38:13.780 12875 13136 I BatteryMgr:DataCollectionService: stats => 1697405893780,209,4314,184,0,100
10-15 23:38:13.791  6343  6427 D ScanRecord: Not a Multi Manu data
10-15 23:38:13.876  6343  6427 I chatty  : uid=1002(bluetooth) BT Service Call identical 154 lines
10-15 23:38:13.876  6343  6427 D ScanRecord: Not a Multi Manu data
10-15 23:38:13.889 12875 13136 I BatteryMgr:DataCollectionService: stats => 1697405893889,209,4314,184,0,100
10-15 23:38:13.894  6343  6427 D ScanRecord: Not a Multi Manu data
10-15 23:38:13.917  6343  6427 I chatty  : uid=1002(bluetooth) BT Service Call identical 50 lines
10-15 23:38:13.917  6343  6427 D ScanRecord: Not a Multi Manu data
10-15 23:38:13.997 12875 13136 I BatteryMgr:DataCollectionService: stats => 1697405893997,209,4314,184,0,100
10-15 23:38:14.110 12875 13136 I BatteryMgr:DataCollectionService: stats => 1697405894109,209,4314,184,0,100
10-15 23:38:14.194  3957  4128 D WifiService: getConnectionInfo uid=1000
10-15 23:38:14.222 12875 13136 I BatteryMgr:DataCollectionService: stats => 1697405894222,209,4314,184,0,100
10-15 23:38:14.335 12875 13136 I BatteryMgr:DataCollectionService: stats => 1697405894335,209,4314,184,0,100
10-15 23:38:14.390  3957  4129 D WifiStateMachine:  ConnectedState !RSSI_PKTCNT_FETCH uid=1000 rt=407883539/1068281766 0 0 "ourhome" f4:6d:2f:12:cc:88 rssi=-43 f=5240 sc=60 link=433 tx=16.7, 0.0, 0.0  rx=18.2 bcn=103045 [on:0 tx:0 rx:0 period:1001] from screen [on:242774 period:1758523] score=60
10-15 23:38:14.392  3957  4129 D WifiStateMachine:  L2ConnectedState !RSSI_PKTCNT_FETCH uid=1000 rt=407883542/1068281769 0 0 "ourhome" f4:6d:2f:12:cc:88 rssi=-43 f=5240 sc=60 link=433 tx=16.7, 0.0, 0.0  rx=18.2 bcn=103045 [on:0 tx:0 rx:0 period:2] from screen [on:242774 period:1758525] score=60
10-15 23:38:14.394  3957  4129 D WifiStateMachine: fetchRssiLinkSpeedAndFrequencyNative rssi=-42 linkspeed=433 freq=5240
10-15 23:38:14.444 12875 13136 I BatteryMgr:DataCollectionService: stats => 1697405894444,209,4314,184,0,100
10-15 23:38:14.558 12875 13136 I BatteryMgr:DataCollectionService: stats => 1697405894558,209,4314,184,0,100
10-15 23:38:14.671 12875 13136 I BatteryMgr:DataCollectionService: stats => 1697405894671,209,4314,184,0,100
10-15 23:38:14.780 12875 13136 I BatteryMgr:DataCollectionService: stats => 1697405894780,209,4314,184,0,100
10-15 23:38:14.820  3957  4129 D WifiStateMachine:  ConnectedState !CMD_RSSI_POLL rt=407883967/1068282194 54 0 "ourhome" f4:6d:2f:12:cc:88 rssi=-42 f=5240 sc=60 link=433 tx=16.7, 0.0, 0.0  rx=18.2 bcn=103045 [on:0 tx:0 rx:0 period:428] from screen [on:242774 period:1758953] score=60
10-15 23:38:14.822  3957  4129 D WifiStateMachine:  L2ConnectedState !CMD_RSSI_POLL rt=407883971/1068282199 54 0 "ourhome" f4:6d:2f:12:cc:88 rssi=-42 f=5240 sc=60 link=433 tx=16.7, 0.0, 0.0  rx=18.2 bcn=103045 [on:0 tx:0 rx:0 period:2] from screen [on:242774 period:1758955] score=60
10-15 23:38:14.822  3957  4129 D WifiStateMachine:  get link layer stats 3
10-15 23:38:14.822  3436  3436 I android.hardware.wifi@1.0-service: getLinkLayerStats
10-15 23:38:14.842  3957  4129 D WifiStateMachine: fetchRssiLinkSpeedAndFrequencyNative rssi=-43 linkspeed=433 freq=5240
10-15 23:38:14.849  4340  4340 E SignalClusterView: setSlotFocusVisible : subId -2
10-15 23:38:14.849  4340  4340 E SignalClusterView: setSlotFocusVisible : subId -2
10-15 23:38:14.890 12875 13136 I BatteryMgr:DataCollectionService: stats => 1697405894890,209,4314,184,0,100
10-15 23:38:14.999 12875 13136 I BatteryMgr:DataCollectionService: stats => 1697405894999,216,4314,178,0,100
10-15 23:38:15.106 12875 13136 I BatteryMgr:DataCollectionService: stats => 1697405895106,216,4314,178,0,100
10-15 23:38:15.197  3957  4128 D WifiService: getConnectionInfo uid=1000
10-15 23:38:15.215 12875 13136 I BatteryMgr:DataCollectionService: stats => 1697405895214,216,4314,178,0,100
10-15 23:38:15.324 12875 13136 I BatteryMgr:DataCollectionService: stats => 1697405895324,216,4314,178,0,100
10-15 23:38:15.390  3957  4129 D WifiStateMachine:  ConnectedState !RSSI_PKTCNT_FETCH uid=1000 rt=407884540/1068282767 0 0 "ourhome" f4:6d:2f:12:cc:88 rssi=-43 f=5240 sc=60 link=433 tx=11.2, 0.0, 0.0  rx=14.9 bcn=103073 [on:0 tx:0 rx:0 period:542] from screen [on:243797 period:1759523] score=60
10-15 23:38:15.394  3957  4129 D WifiStateMachine:  L2ConnectedState !RSSI_PKTCNT_FETCH uid=1000 rt=407884541/1068282769 0 0 "ourhome" f4:6d:2f:12:cc:88 rssi=-43 f=5240 sc=60 link=433 tx=11.2, 0.0, 0.0  rx=14.9 bcn=103073 [on:0 tx:0 rx:0 period:3] from screen [on:243797 period:1759526] score=60
10-15 23:38:15.401  3957  4129 D WifiStateMachine: fetchRssiLinkSpeedAndFrequencyNative rssi=-42 linkspeed=433 freq=5240
10-15 23:38:15.433 12875 13136 I BatteryMgr:DataCollectionService: stats => 1697405895433,216,4314,178,0,100
10-15 23:38:15.448  3957 12007 D BatteryService: !@BatteryListener : batteryPropertiesChanged!
10-15 23:38:15.545 12875 13136 I BatteryMgr:DataCollectionService: stats => 1697405895545,216,4314,178,0,100
10-15 23:38:15.656 12875 13136 I BatteryMgr:DataCollectionService: stats => 1697405895656,216,4314,178,0,100
10-15 23:38:15.765 12875 13136 I BatteryMgr:DataCollectionService: stats => 1697405895764,216,4314,178,0,100
10-15 23:38:15.875 12875 13136 I BatteryMgr:DataCollectionService: stats => 1697405895875,216,4314,178,0,100
10-15 23:38:15.983 12875 13136 I BatteryMgr:DataCollectionService: stats => 1697405895983,216,4314,178,0,100
10-15 23:38:16.056  3957  4030 D SensorService: [SO] 0.062 -0.067 9.965
10-15 23:38:16.093 12875 13136 I BatteryMgr:DataCollectionService: stats => 1697405896093,216,4314,178,0,100
10-15 23:38:16.199  3957  4128 D WifiService: getConnectionInfo uid=1000
10-15 23:38:16.201 12875 13136 I BatteryMgr:DataCollectionService: stats => 1697405896201,216,4314,178,0,100
10-15 23:38:16.315 12875 13136 I BatteryMgr:DataCollectionService: stats => 1697405896315,216,4314,178,0,100
10-15 23:38:16.396  3957  4129 D WifiStateMachine:  ConnectedState !RSSI_PKTCNT_FETCH uid=1000 rt=407885541/1068283769 0 0 "ourhome" f4:6d:2f:12:cc:88 rssi=-42 f=5240 sc=60 link=433 tx=11.2, 0.0, 0.0  rx=14.9 bcn=103073 [on:0 tx:0 rx:0 period:1002] from screen [on:243797 period:1760528] score=60
10-15 23:38:16.401  3957  4129 D WifiStateMachine:  L2ConnectedState !RSSI_PKTCNT_FETCH uid=1000 rt=407885547/1068283775 0 0 "ourhome" f4:6d:2f:12:cc:88 rssi=-42 f=5240 sc=60 link=433 tx=11.2, 0.0, 0.0  rx=14.9 bcn=103073 [on:0 tx:0 rx:0 period:6] from screen [on:243797 period:1760534] score=60
10-15 23:38:16.411  3957  4129 D WifiStateMachine: fetchRssiLinkSpeedAndFrequencyNative rssi=-43 linkspeed=433 freq=5240
10-15 23:38:16.430 12875 13136 I BatteryMgr:DataCollectionService: stats => 1697405896430,216,4314,178,0,100
10-15 23:38:16.547 12875 13136 I BatteryMgr:DataCollectionService: stats => 1697405896546,216,4314,178,0,100
10-15 23:38:16.661 12875 13136 I BatteryMgr:DataCollectionService: stats => 1697405896660,216,4314,178,0,100
10-15 23:38:16.771 12875 13136 I BatteryMgr:DataCollectionService: stats => 1697405896771,216,4314,178,0,100
10-15 23:38:16.885 12875 13136 I BatteryMgr:DataCollectionService: stats => 1697405896884,216,4314,178,0,100
10-15 23:38:16.992 12875 13136 I BatteryMgr:DataCollectionService: stats => 1697405896992,216,4314,178,0,100
10-15 23:38:17.107 12875 13136 I BatteryMgr:DataCollectionService: stats => 1697405897104,216,4314,178,0,100
10-15 23:38:17.202  3957  4128 D WifiService: getConnectionInfo uid=1000
10-15 23:38:17.218 12875 13136 I BatteryMgr:DataCollectionService: stats => 1697405897218,216,4314,178,0,100
10-15 23:38:17.330 12875 13136 I BatteryMgr:DataCollectionService: stats => 1697405897330,216,4314,178,0,100
10-15 23:38:17.393  3957  4129 D WifiStateMachine:  ConnectedState !RSSI_PKTCNT_FETCH uid=1000 rt=407886542/1068284769 0 0 "ourhome" f4:6d:2f:12:cc:88 rssi=-43 f=5240 sc=60 link=433 tx=11.2, 0.0, 0.0  rx=14.9 bcn=103073 [on:0 tx:0 rx:0 period:991] from screen [on:243797 period:1761525] score=60
10-15 23:38:17.395  3957  4129 D WifiStateMachine:  L2ConnectedState !RSSI_PKTCNT_FETCH uid=1000 rt=407886544/1068284771 0 0 "ourhome" f4:6d:2f:12:cc:88 rssi=-43 f=5240 sc=60 link=433 tx=11.2, 0.0, 0.0  rx=14.9 bcn=103073 [on:0 tx:0 rx:0 period:3] from screen [on:243797 period:1761528] score=60
10-15 23:38:17.402  3957  4129 D WifiStateMachine: fetchRssiLinkSpeedAndFrequencyNative rssi=-43 linkspeed=433 freq=5240
10-15 23:38:17.441 12875 13136 I BatteryMgr:DataCollectionService: stats => 1697405897441,216,4314,178,0,100
10-15 23:38:17.551 12875 13136 I BatteryMgr:DataCollectionService: stats => 1697405897550,216,4314,178,0,100
10-15 23:38:17.665 12875 13136 I BatteryMgr:DataCollectionService: stats => 1697405897664,216,4314,178,0,100
10-15 23:38:17.775 12875 13136 I BatteryMgr:DataCollectionService: stats => 1697405897775,216,4314,178,0,100
10-15 23:38:17.847  3957  4129 D WifiStateMachine:  ConnectedState !CMD_RSSI_POLL rt=407886995/1068285223 54 0 "ourhome" f4:6d:2f:12:cc:88 rssi=-43 f=5240 sc=60 link=433 tx=11.2, 0.0, 0.0  rx=14.9 bcn=103073 [on:0 tx:0 rx:0 period:451] from screen [on:243797 period:1761979] score=60
10-15 23:38:17.849  3957  4129 D WifiStateMachine:  L2ConnectedState !CMD_RSSI_POLL rt=407886998/1068285225 54 0 "ourhome" f4:6d:2f:12:cc:88 rssi=-43 f=5240 sc=60 link=433 tx=11.2, 0.0, 0.0  rx=14.9 bcn=103073 [on:0 tx:0 rx:0 period:2] from screen [on:243797 period:1761981] score=60
10-15 23:38:17.849  3957  4129 D WifiStateMachine:  get link layer stats 3
10-15 23:38:17.849  3436  3436 I android.hardware.wifi@1.0-service: getLinkLayerStats
10-15 23:38:17.870  3957  4129 D WifiStateMachine: fetchRssiLinkSpeedAndFrequencyNative rssi=-43 linkspeed=433 freq=5240
10-15 23:38:17.877  4340  4340 E SignalClusterView: setSlotFocusVisible : subId -2
10-15 23:38:17.877  4340  4340 E SignalClusterView: setSlotFocusVisible : subId -2
10-15 23:38:17.887 12875 13136 I BatteryMgr:DataCollectionService: stats => 1697405897887,216,4314,178,0,100
10-15 23:38:17.998 12875 13136 I BatteryMgr:DataCollectionService: stats => 1697405897998,216,4314,178,0,100
10-15 23:38:18.108 12875 13136 I BatteryMgr:DataCollectionService: stats => 1697405898108,216,4314,178,0,100
10-15 23:38:18.204  3957  4128 D WifiService: getConnectionInfo uid=1000
10-15 23:38:18.220 12875 13136 I BatteryMgr:DataCollectionService: stats => 1697405898219,216,4314,178,0,100
10-15 23:38:18.328 12875 13136 I BatteryMgr:DataCollectionService: stats => 1697405898328,216,4314,178,0,100
10-15 23:38:18.394  3957  4129 D WifiStateMachine:  ConnectedState !RSSI_PKTCNT_FETCH uid=1000 rt=407887543/1068285770 0 0 "ourhome" f4:6d:2f:12:cc:88 rssi=-43 f=5240 sc=60 link=433 tx=4.1, 0.0, 0.0  rx=5.4 bcn=103102 [on:0 tx:0 rx:0 period:518] from screen [on:243933 period:1762526] score=60
10-15 23:38:18.396  3957  4129 D WifiStateMachine:  L2ConnectedState !RSSI_PKTCNT_FETCH uid=1000 rt=407887545/1068285772 0 0 "ourhome" f4:6d:2f:12:cc:88 rssi=-43 f=5240 sc=60 link=433 tx=4.1, 0.0, 0.0  rx=5.4 bcn=103102 [on:0 tx:0 rx:0 period:3] from screen [on:243933 period:1762529] score=60
10-15 23:38:18.402  3957  4129 D WifiStateMachine: fetchRssiLinkSpeedAndFrequencyNative rssi=-43 linkspeed=433 freq=5240
10-15 23:38:18.437 12875 13136 I BatteryMgr:DataCollectionService: stats => 1697405898437,216,4314,178,0,100
10-15 23:38:18.460  6343  6427 D ScanRecord: Not a Multi Manu data
10-15 23:38:18.539  6343  6427 I chatty  : uid=1002(bluetooth) BT Service Call identical 115 lines
10-15 23:38:18.539  6343  6427 D ScanRecord: Not a Multi Manu data
10-15 23:38:18.549 12875 13136 I BatteryMgr:DataCollectionService: stats => 1697405898549,216,4314,178,0,100
10-15 23:38:18.551  6343  6427 D ScanRecord: Not a Multi Manu data
10-15 23:38:18.553  4961  4961 D io_stats: !@ 179,0 r 5821783 182355428 w 1320610 28545832 d 105177 31843452 f 302553 319464 iot 2545896 2244757 th 51200 0 0 pt 0 inp 0 0 407887.703
10-15 23:38:18.654  6343  6427 I chatty  : uid=1002(bluetooth) BT Service Call identical 128 lines
10-15 23:38:18.655  6343  6427 D ScanRecord: Not a Multi Manu data
10-15 23:38:18.658 12875 13136 I BatteryMgr:DataCollectionService: stats => 1697405898657,216,4314,178,0,100
10-15 23:38:18.660  6343  6427 D ScanRecord: Not a Multi Manu data
10-15 23:38:18.762  6343  6427 I chatty  : uid=1002(bluetooth) BT Service Call identical 142 lines
10-15 23:38:18.766  6343  6427 D ScanRecord: Not a Multi Manu data
10-15 23:38:18.767 12875 13136 I BatteryMgr:DataCollectionService: stats => 1697405898767,216,4314,178,0,100
10-15 23:38:18.767  6343  6427 D ScanRecord: Not a Multi Manu data
10-15 23:38:18.877  6343  6427 I chatty  : uid=1002(bluetooth) BT Service Call identical 153 lines
10-15 23:38:18.877  6343  6427 D ScanRecord: Not a Multi Manu data
10-15 23:38:18.877 12875 13136 I BatteryMgr:DataCollectionService: stats => 1697405898877,216,4314,178,0,100
10-15 23:38:18.879  6343  6427 D ScanRecord: Not a Multi Manu data
10-15 23:38:18.916  6343  6427 I chatty  : uid=1002(bluetooth) BT Service Call identical 115 lines
10-15 23:38:18.916  6343  6427 D ScanRecord: Not a Multi Manu data
10-15 23:38:18.987 12875 13136 I BatteryMgr:DataCollectionService: stats => 1697405898987,216,4314,178,0,100
10-15 23:38:19.097 12875 13136 I BatteryMgr:DataCollectionService: stats => 1697405899097,216,4314,178,0,100
10-15 23:38:19.206  3957  4128 D WifiService: getConnectionInfo uid=1000
10-15 23:38:19.207 12875 13136 I BatteryMgr:DataCollectionService: stats => 1697405899207,216,4314,178,0,100
10-15 23:38:19.312 12875 13136 I BatteryMgr:DataCollectionService: stats => 1697405899312,216,4314,178,0,100
10-15 23:38:19.394  3957  4129 D WifiStateMachine:  ConnectedState !RSSI_PKTCNT_FETCH uid=1000 rt=407888544/1068286771 0 0 "ourhome" f4:6d:2f:12:cc:88 rssi=-43 f=5240 sc=60 link=433 tx=4.1, 0.0, 0.0  rx=5.4 bcn=103102 [on:0 tx:0 rx:0 period:998] from screen [on:243933 period:1763527] score=60
10-15 23:38:19.399  3957  4129 D WifiStateMachine:  L2ConnectedState !RSSI_PKTCNT_FETCH uid=1000 rt=407888545/1068286773 0 0 "ourhome" f4:6d:2f:12:cc:88 rssi=-43 f=5240 sc=60 link=433 tx=4.1, 0.0, 0.0  rx=5.4 bcn=103102 [on:0 tx:0 rx:0 period:5] from screen [on:243933 period:1763532] score=60
10-15 23:38:19.402  3957  4129 D WifiStateMachine: fetchRssiLinkSpeedAndFrequencyNative rssi=-43 linkspeed=433 freq=5240
10-15 23:38:19.422 12875 13136 I BatteryMgr:DataCollectionService: stats => 1697405899422,216,4314,178,0,100
10-15 23:38:19.528 12875 13136 I BatteryMgr:DataCollectionService: stats => 1697405899528,216,4314,178,0,100
10-15 23:38:19.647 12875 13136 I BatteryMgr:DataCollectionService: stats => 1697405899647,216,4314,178,0,100
10-15 23:38:19.765 12875 13136 I BatteryMgr:DataCollectionService: stats => 1697405899765,216,4314,178,0,100
10-15 23:38:19.875 12875 13136 I BatteryMgr:DataCollectionService: stats => 1697405899875,216,4314,178,0,100
10-15 23:38:19.982 12875 13136 I BatteryMgr:DataCollectionService: stats => 1697405899982,216,4314,178,0,100
10-15 23:38:20.091 12875 13136 I BatteryMgr:DataCollectionService: stats => 1697405900091,216,4314,178,0,100
10-15 23:38:20.202 12875 13136 I BatteryMgr:DataCollectionService: stats => 1697405900202,216,4314,178,0,100
10-15 23:38:20.209  3957  4128 D WifiService: getConnectionInfo uid=1000
10-15 23:38:20.312 12875 13136 I BatteryMgr:DataCollectionService: stats => 1697405900312,216,4314,178,0,100
10-15 23:38:20.396  3957  4129 D WifiStateMachine:  ConnectedState !RSSI_PKTCNT_FETCH uid=1000 rt=407889545/1068287772 0 0 "ourhome" f4:6d:2f:12:cc:88 rssi=-43 f=5240 sc=60 link=433 tx=4.1, 0.0, 0.0  rx=5.4 bcn=103102 [on:0 tx:0 rx:0 period:997] from screen [on:243933 period:1764529] score=60
10-15 23:38:20.398  3957  4129 D WifiStateMachine:  L2ConnectedState !RSSI_PKTCNT_FETCH uid=1000 rt=407889547/1068287775 0 0 "ourhome" f4:6d:2f:12:cc:88 rssi=-43 f=5240 sc=60 link=433 tx=4.1, 0.0, 0.0  rx=5.4 bcn=103102 [on:0 tx:0 rx:0 period:2] from screen [on:243933 period:1764531] score=60
10-15 23:38:20.405  3957  4129 D WifiStateMachine: fetchRssiLinkSpeedAndFrequencyNative rssi=-43 linkspeed=433 freq=5240
10-15 23:38:20.426 12875 13136 I BatteryMgr:DataCollectionService: stats => 1697405900425,216,4314,178,0,100
10-15 23:38:20.536 12875 13136 I BatteryMgr:DataCollectionService: stats => 1697405900536,216,4314,178,0,100
