10-15 23:02:13.703  3957  5413 D WifiService: getConnectionInfo uid=1000
10-15 23:02:13.704  3957 10037 D ConnectivityService: filterNetworkStateForUid() uid: 10169 networkInfo: [type: WIFI[] - WIFI, state: CONNECTED/CONNECTED, reason: (unspecified), extra: "ourhome", failover: false, available: true, roaming: false, metered: false]
10-15 23:02:13.705  9472  9500 I libglean_ffi: glean_core::upload::directory: Processing ping at: /data/user/0/org.mozilla.fenix/glean_data/pending_pings/95006cb9-f835-43bf-9988-77843d563800
10-15 23:02:13.705  3957 10037 D WifiService: getConnectionInfo uid=1000
10-15 23:02:13.705  9472  9500 I libglean_ffi: glean_core::metrics::ping: The ping 'baseline' was submitted and will be sent as soon as possible
10-15 23:02:13.707  3957 10037 D ConnectivityService: filterNetworkStateForUid() uid: 10169 networkInfo: [type: WIFI[] - WIFI, state: CONNECTED/CONNECTED, reason: (unspecified), extra: "ourhome", failover: false, available: true, roaming: false, metered: false]
10-15 23:02:13.707  3957 10037 D WifiService: getConnectionInfo uid=1000
10-15 23:02:13.716  9472  9666 I FirefoxAccountStateMachine: Processing event 'mozilla.components.service.fxa.manager.Event$Account$Start@9e6dc27' for state Idle(accountState=NotAuthenticated). Next state is Active(progressState=Initializing)
10-15 23:02:13.718  3957 10037 V WindowManager: Relayout Window{8154819 u0 org.mozilla.fenix/org.mozilla.fenix.App}: viewVisibility=0 req=720x1280 WM.LayoutParams{(0,0)(fillxfill) sim=#110 ty=1 fl=#81010100 pfl=0x20000 fmt=-3 wanim=0x7f1404fa vsysui=0x2610 needsMenuKey=2 colorMode=0 naviIconColor=0}
10-15 23:02:13.722  9472  9472 D ViewRootImpl@812c4b2[App]: Relayout returned: old=[0,0][720,1280] new=[0,0][720,1280] result=0x3 surface={valid=true 499301015552} changed=false
10-15 23:02:13.728  3328  3328 W keymaster2_mdfpp: entered get_key_characteristics function.
10-15 23:02:13.730  3328  3328 W keymaster_tee: [WRN]KEY_PARAMS: AES ENC DEC GCM PADNO AUTH SIZE:256 
10-15 23:02:13.730  3328  3328 W keymaster_tee: [WRN]KEY_PARAMS: 20230928203226 
10-15 23:02:13.730  3328  3328 W keymaster2_mdfpp: exit get_key_characteristics function, returned 0
10-15 23:02:13.733  3328  3328 W keymaster2_mdfpp: entered get_key_characteristics function.
10-15 23:02:13.734  3328  3328 W keymaster_tee: [WRN]KEY_PARAMS: AES ENC DEC GCM PADNO AUTH SIZE:256 
10-15 23:02:13.734  3328  3328 W keymaster_tee: [WRN]KEY_PARAMS: 20230928203226 
10-15 23:02:13.734  3328  3328 W keymaster2_mdfpp: exit get_key_characteristics function, returned 0
10-15 23:02:13.746 12416 12416 E adbd    : recv: OPEN 00000cc1 00000000 003e:73 68 65 6C 6C 2C 76 32 2C 54 45 52 4D 3D 78 74 65 72 6D 2D 32 35 36 63 6F 6C 6F 72 2C 72 61 77 3A 67 65 74 70 72 6F 70 20 72 6F 2E 62 75 69 6C 64 2E 76 65 72 73 69 6F 6E 2E 73 64 6B 00 
10-15 23:02:13.746 12416 12416 E adbd    : service_to_fd: shell,v2,TERM=xterm-256color,raw:getprop ro.build.version.sdk
10-15 23:02:13.747  9472  9666 I FirefoxAccount: Registering persistence callback
10-15 23:02:13.748  9472  9666 I FirefoxAccountStateMachine: Ran 'mozilla.components.service.fxa.manager.Event$Account$Start@9e6dc27' side-effects for state Active(progressState=Initializing), got successive event mozilla.components.service.fxa.manager.Event$Progress$AccountNotFound@f809a35
10-15 23:02:13.748  9472  9666 I FirefoxAccountStateMachine: Processing event 'mozilla.components.service.fxa.manager.Event$Progress$AccountNotFound@f809a35' for state Active(progressState=Initializing). Next state is Idle(accountState=NotAuthenticated)
10-15 23:02:13.764  3957  5415 V WindowManager: finishDrawingLocked: mDrawState=COMMIT_DRAW_PENDING Window{8154819 u0 org.mozilla.fenix/org.mozilla.fenix.App} in Surface(name=org.mozilla.fenix/org.mozilla.fenix.App)
10-15 23:02:13.765  3957  5415 D ConnectivityService: filterNetworkStateForUid() uid: 10169 networkInfo: [type: WIFI[] - WIFI, state: CONNECTED/CONNECTED, reason: (unspecified), extra: "ourhome", failover: false, available: true, roaming: false, metered: false]
10-15 23:02:13.765  3957  5415 D WifiService: getConnectionInfo uid=1000
10-15 23:02:13.766  3957  5415 I chatty  : uid=1000(system) Binder:3957_F identical 1 line
10-15 23:02:13.766  3957  5415 I chatty  : uid=1000(system) Binder:3957_F identical 1 line
10-15 23:02:13.767  3957  5415 D ConnectivityService: filterNetworkStateForUid() uid: 10169 networkInfo: [type: WIFI[] - WIFI, state: CONNECTED/CONNECTED, reason: (unspecified), extra: "ourhome", failover: false, available: true, roaming: false, metered: false]
10-15 23:02:13.767  3957  5415 D WifiService: getConnectionInfo uid=1000
10-15 23:02:13.769  9472  9472 D ViewRootImpl@812c4b2[App]: MSG_RESIZED_REPORT: frame=Rect(0, 0 - 720, 1280) ci=Rect(0, 42 - 0, 0) vi=Rect(0, 42 - 0, 0) or=1
10-15 23:02:13.770  9472  9472 D ViewRootImpl@812c4b2[App]: MSG_WINDOW_FOCUS_CHANGED 1
10-15 23:02:13.771  3957  4025 D ViewRootImpl@c4db2ce[fenix]: dispatchDetachedFromWindow
10-15 23:02:13.771  3957  4025 D InputEventReceiver: channel '2e415ef Splash Screen org.mozilla.fenix (client)' ~ Disposing input event receiver.
10-15 23:02:13.771  3957  4025 D InputEventReceiver: channel '2e415ef Splash Screen org.mozilla.fenix (client)' ~NativeInputEventReceiver.
10-15 23:02:13.774  3957  3973 D WindowManager: set systemUiVisibility : systemUiFlags= 0x2618 fullscreenStackSysUiFlags= 0x0
10-15 23:02:13.775  3957  5413 D WindowManager: adjustSystemUiVisibilityLw : vis= 0x2618
10-15 23:02:13.778  3957  3981 I ActivityManager: Displayed org.mozilla.fenix/.App: +1s338ms
10-15 23:02:13.779  3957  3973 D WindowManager: set systemUiVisibility : systemUiFlags= 0x2618 fullscreenStackSysUiFlags= 0x2000
10-15 23:02:13.780  3599  3918 D DnsProxyListener: DNSDBG::dns addrinfo af 2
10-15 23:02:13.780  3599  3918 D DnsProxyListener: DNSDBG::dns addrinfo af 0
10-15 23:02:13.781  3957  3981 D CustomFrequencyManagerService: acquireDVFSLockLocked : type : DVFS_MIN_LIMIT  frequency : 1560000  uid : 1000  pid : 3957  pkgName : AMS_RESUME_TAIL@CPU_MIN@58
10-15 23:02:13.781  3957  3981 D ActivityManagerPerformance: AMP_acquire() TAIL
10-15 23:02:13.781  3957  3981 D CustomFrequencyManagerService: releaseDVFSLockLocked : Getting Lock type frm List : DVFS_MIN_LIMIT  frequency : 1560000  uid : 1000  pid : 3957  tag : AMS_APP_SWITCH@CPU_MIN@52
10-15 23:02:13.782  3599  3918 I chatty  : uid=0(root) /system/bin/netd identical 1 line
10-15 23:02:13.782  3957  3981 D ActivityManagerPerformance: AMP_release() APP_SWITCH
10-15 23:02:13.782  3599  3918 D DnsProxyListener: DNSDBG::dns addrinfo af 0
10-15 23:02:13.785  9472  9472 V InputMethodManager: Starting input: tba=android.view.inputmethod.EditorInfo@2bbfeca nm : org.mozilla.fenix ic=null
10-15 23:02:13.785  9472  9472 I InputMethodManager: startInputInner - mService.startInputOrWindowGainedFocus
10-15 23:02:13.786  3957  5413 D InputMethodManagerService: startInputOrWindowGainedFocus : windowGainedFocus 
10-15 23:02:13.786  3957  5413 D InputMethodManagerService: windowGainedFocus: destinationUserId (getCallingUid) = 0
10-15 23:02:13.786  3957  5413 D InputMethodManagerService: windowGainedFocus: currentUserId=0
10-15 23:02:13.786  3957  5413 D InputMethodManagerService: windowGainedFocus: mCurrentFocusedUserId=0
10-15 23:02:13.786  3957  5413 D InputMethodManagerService: windowGainedFocus : lock - currentUserId = 0 destinationUserId = 0
10-15 23:02:13.786  3957  5413 D InputMethodManagerService: windowGainedFocus : mCurrentFocusedUserId - 0 and mSecureKeypadEnabled - false, userSwitched - false
10-15 23:02:13.787  3957  5413 V InputMethodManagerService: windowGainedFocus : reason=WINDOW_FOCUS_GAIN client=android.os.BinderProxy@adbbde1 inputContext=null missingMethods= attribute=android.view.inputmethod.EditorInfo@e733ab7 nm = org.mozilla.fenix controlFlags=#104 softInputMode=#110 windowFlags=#81010100
10-15 23:02:13.787  3957  5413 V InputMethodManagerService: hideCurrentInputLocked : shouldHideSoftInput is false
10-15 23:02:13.787  3957  5413 D InputMethodManagerService: isImeSwitcherDisabledPackage : false
10-15 23:02:13.787  3957  5413 V InputMethodManagerService: Creating new session for client ClientState{37df224 uid 10169 pid 9472}
10-15 23:02:13.790  3957  5413 D InputMethodManagerService: setCurrentInputInfo - inputContext : null eidtorInfo : android.view.inputmethod.EditorInfo@e733ab7 missingMethods : 0
10-15 23:02:13.792  6896  6896 I InputMethodWrapper:  call dispatchStartInputWithToken
10-15 23:02:13.792  6896  6896 I InputMethodService: dispatchStartInputWithToken
10-15 23:02:13.793  6896  6896 I SKBD    : SamsungKeypad [IMI] onStartInput - caller pid : 9472, caller uid : 10169
10-15 23:02:13.797  3957  5413 D ConnectivityService: filterNetworkStateForUid() uid: 10169 networkInfo: [type: WIFI[] - WIFI, state: CONNECTED/CONNECTED, reason: (unspecified), extra: "ourhome", failover: false, available: true, roaming: false, metered: false]
10-15 23:02:13.798  3957  5413 D WifiService: getConnectionInfo uid=1000
10-15 23:02:13.798  9624  9657 W linker  : "/data/app/org.mozilla.fenix-iWpGOrf8cry6RDpwHyQugA==/lib/arm64/libmozglue.so" unused DT entry: type 0x8000024 arg 0x38f70
10-15 23:02:13.798  9472  9681 I libglean_ffi: glean_core::upload: New upload task with id 40eacc81-1e45-4171-910c-393cb65f2459 (path: /submit/org-mozilla-fenix/events/1/40eacc81-1e45-4171-910c-393cb65f2459)
10-15 23:02:13.798  9624  9657 W linker  : "/data/app/org.mozilla.fenix-iWpGOrf8cry6RDpwHyQugA==/lib/arm64/libmozglue.so" unused DT entry: type 0x8000023 arg 0x1f8
10-15 23:02:13.798  9624  9657 W linker  : "/data/app/org.mozilla.fenix-iWpGOrf8cry6RDpwHyQugA==/lib/arm64/libmozglue.so" unused DT entry: type 0x8000025 arg 0x8
10-15 23:02:13.798  3957  5413 I chatty  : uid=1000(system) Binder:3957_D identical 1 line
10-15 23:02:13.799  3957  5413 D WifiService: getConnectionInfo uid=1000
10-15 23:02:13.799 12416 12416 E adbd    : recv: OPEN 00000cc5 00000000 015d:73 68 65 6C 6C 2C 76 32 2C 54 45 52 4D 3D 78 74 65 72 6D 2D 32 35 36 63 6F 6C 6F 72 2C 72 61 77 3A 61 6D 20 73 74 61 72 74 2D 66 6F 72 65 67 72 6F 75 6E 64 2D 73 65 72 76 69 63 65 20 2D 6E 20 22 63 6F 6D 2E 65 78 61 6D 70 6C 65 2E 62 61 74 74 65 72 79 6D 61 6E 61 67 65 72 5F 75 74 69 6C 69 74 79 2F 63 6F 6D 2E 65 78 61 6D 70 6C 65 2E 62 61 74 74 65 72 79 6D 61 6E 61 67 65 72 5F 75 74 69 6C 69 74 79 2E 44 61 74 61 43 6F 6C 6C 65 63 74 69 6F 6E 53 65 72 76 69 63 65 22 20 2D 2D 65 69 20 73 61 6D 70 6C 65 52 61 74 65 20 31 30 30 20 2D 2D 65 73 20 22 64 61 74 61 46 69 65 6C 64 73 22 20 22 42 41 54 54 45 52 59 5F 50 52 4F 50 45 52 54 59 5F 43 55 52 52 45 4E 54 5F 4E 4F 57 2C 45 58 54 52 41 5F 56 4F 4C 54 41 47 45 2C 42 41 54 54 45 52 59 5F 50 52 4F 50 45 52 54 59 5F 43 55 52 52 45 4E 54 5F 41 56 45 52 41 47 45 2C 42 41 54 54 45 52 59 5F 50 52 4F 50 45 52 54 59 5F 43 48 41 52 47 45 5F 43 4F 55 4E 54 45 52 2C 42 41 54 54 45 52 59 5F 50 52 4F 50 45 52 54 59 5F 43 41 50 41 43 49 54 59
10-15 23:02:13.799 12416 12416 E adbd    : service_to_fd: shell,v2,TERM=xterm-256color,raw:am start-foreground-service -n "com.example.batterymanager_utility/com.example.batterymanager_utility.DataCollectionService" --ei sampleRate 100 --es "dataFields" "BATTERY_PROPERTY_CURRENT_NOW,EXTRA_VOLTAGE,BATTERY_PROPERTY_CURRENT_AVERAGE,BATTERY_PROPERTY_CHARGE_COUNTER,BATTERY_PROPERTY_CAPACITY" --ez toCSV false
10-15 23:02:13.800  3599  3918 D DnsProxyListener: DNSDBG::dns addrinfo af 0
10-15 23:02:13.801  3957  5413 D ConnectivityService: filterNetworkStateForUid() uid: 10169 networkInfo: [type: WIFI[] - WIFI, state: CONNECTED/CONNECTED, reason: (unspecified), extra: "ourhome", failover: false, available: true, roaming: false, metered: false]
10-15 23:02:13.801  3957  5413 D WifiService: getConnectionInfo uid=1000
10-15 23:02:13.804  9624  9657 I GeckoLoader: Library base=/data/app/org.mozilla.fenix-iWpGOrf8cry6RDpwHyQugA==/lib/arm64
10-15 23:02:13.804  9624  9657 I GeckoLoader: Library base=/data/app/org.mozilla.fenix-iWpGOrf8cry6RDpwHyQugA==/lib/arm64
10-15 23:02:13.806  3599  3918 D DnsProxyListener: DNSDBG::dns addrinfo af 0
10-15 23:02:13.807  9624  9657 E GeckoLibLoad: Load sqlite start
10-15 23:02:13.808  3599  3918 D DnsProxyListener: DNSDBG::dns addrinfo af 2
10-15 23:02:13.808  9624  9657 W linker  : "/data/app/org.mozilla.fenix-iWpGOrf8cry6RDpwHyQugA==/lib/arm64/libnss3.so" unused DT entry: type 0x8000024 arg 0x14998
10-15 23:02:13.809  9624  9657 W linker  : "/data/app/org.mozilla.fenix-iWpGOrf8cry6RDpwHyQugA==/lib/arm64/libnss3.so" unused DT entry: type 0x8000023 arg 0x5c8
10-15 23:02:13.809  9624  9657 W linker  : "/data/app/org.mozilla.fenix-iWpGOrf8cry6RDpwHyQugA==/lib/arm64/libnss3.so" unused DT entry: type 0x8000025 arg 0x8
10-15 23:02:13.812  9472  9472 V InputMethodManager: Starting input: tba=android.view.inputmethod.EditorInfo@edd4734 nm : org.mozilla.fenix ic=null
10-15 23:02:13.814  3447  3447 I SurfaceFlinger: Display 0 HWC layers:
10-15 23:02:13.814  3447  3447 I SurfaceFlinger:     type    |    handle    | flag |  format   |   source crop (l,t,r,b)    |         frame       | name 
10-15 23:02:13.814  3447  3447 I SurfaceFlinger: ------------+--------------+------+-----------+----------------------------+---------------------+------
10-15 23:02:13.814  3447  3447 I SurfaceFlinger:      Device | 0x7ea5024600 | 0000 | RGBA_8888 |   0.0    0.0  720.0 1280.0 |    0    0  720 1280 | org.mozilla.fenix/org.mozilla.fenix.App#0
10-15 23:02:13.814  3447  3447 I SurfaceFlinger:      Device | 0x7e9ec22b00 | 0000 | RGBA_8888 |   0.0    0.0  720.0 1280.0 |    0    0  720 1280 | Splash Screen org.mozilla.fenix#0
10-15 23:02:13.814  3447  3447 I SurfaceFlinger:      Device | 0x7ea5024cc0 | 0000 | RGBA_8888 |   0.0    0.0  720.0   42.0 |    0    0  720   42 | StatusBar#0
10-15 23:02:13.814  3447  3447 I SurfaceFlinger: 
10-15 23:02:13.816  9624  9657 E GeckoLibLoad: Load sqlite done
10-15 23:02:13.816  9624  9657 I GeckoLoader: Library base=/data/app/org.mozilla.fenix-iWpGOrf8cry6RDpwHyQugA==/lib/arm64
10-15 23:02:13.819  9624  9657 E GeckoLibLoad: Load nss start
10-15 23:02:13.819  9624  9657 E GeckoLibLoad: Load nss done
10-15 23:02:13.819  9624  9657 I GeckoLoader: Library base=/data/app/org.mozilla.fenix-iWpGOrf8cry6RDpwHyQugA==/lib/arm64
10-15 23:02:13.822  9624  9657 W linker  : "/data/app/org.mozilla.fenix-iWpGOrf8cry6RDpwHyQugA==/lib/arm64/libxul.so" unused DT entry: type 0x8000024 arg 0x539420
10-15 23:02:13.822  9624  9657 W linker  : "/data/app/org.mozilla.fenix-iWpGOrf8cry6RDpwHyQugA==/lib/arm64/libxul.so" unused DT entry: type 0x8000023 arg 0x17d68
10-15 23:02:13.822  9624  9657 W linker  : "/data/app/org.mozilla.fenix-iWpGOrf8cry6RDpwHyQugA==/lib/arm64/libxul.so" unused DT entry: type 0x8000025 arg 0x8
10-15 23:02:13.822  9472  9501 W GeckoEventDispatcher: No listener for GeckoView:PageAction:Update
10-15 23:02:13.832  3599  3918 D DnsProxyListener: DNSDBG::dns addrinfo af 0
10-15 23:02:13.844  9624  9657 E GeckoLibLoad: Loaded libs in 24.845923ms total, 16ms(16ms) user, 8ms(12ms) system, 0(0) faults
10-15 23:02:13.844  9624  9657 W GeckoThread: zerdatime 1066121223 - runGecko
10-15 23:02:13.877  9472  9472 D skia    : approximate: numPoints=40, lengths[39]=620.200073, totalLength=620.200073, segmentPoints[39]=[422.600037,0.000000]
10-15 23:02:13.877  9472  9472 D skia    : approximate: approximation[117]=1.000000, approximation[118]=422.600037, approximation[119]=0.000000
10-15 23:02:13.878  9472  9472 D skia    : approximate: numPoints=4, lengths[3]=3.448155, totalLength=3.448155, segmentPoints[3]=[3.000000,0.100000]
10-15 23:02:13.878  9472  9472 D skia    : approximate: approximation[9]=1.000000, approximation[10]=3.000000, approximation[11]=0.100000
10-15 23:02:13.879  9472  9472 D skia    : approximate: numPoints=37, lengths[36]=722.199951, totalLength=722.199951, segmentPoints[36]=[199.600006,0.000000]
10-15 23:02:13.879  9472  9472 D skia    : approximate: approximation[108]=1.000000, approximation[109]=199.600006, approximation[110]=0.000000
10-15 23:02:13.879  9472  9472 D skia    : approximate: numPoints=3, lengths[2]=2.472497, totalLength=2.472497, segmentPoints[2]=[2.000000,0.100000]
10-15 23:02:13.879  9472  9472 D skia    : approximate: approximation[6]=1.000000, approximation[7]=2.000000, approximation[8]=0.100000
10-15 23:02:13.886  9472  9472 V InputMethodManager: Starting input: tba=android.view.inputmethod.EditorInfo@791295c nm : org.mozilla.fenix ic=null
10-15 23:02:13.886  9472  9472 I InputMethodManager: startInputInner - mService.startInputOrWindowGainedFocus
10-15 23:02:13.886  3957  5415 D InputMethodManagerService: startInputOrWindowGainedFocus : startInput 
10-15 23:02:13.887  3957  5415 D InputMethodManagerService: setCurrentInputInfo - inputContext : null eidtorInfo : android.view.inputmethod.EditorInfo@876cb53 missingMethods : 0
10-15 23:02:13.887  6896  6896 I InputMethodWrapper:  call dispatchStartInputWithToken
10-15 23:02:13.887  6896  6896 I InputMethodService: dispatchStartInputWithToken
10-15 23:02:13.887  6896  6896 I SKBD    : SamsungKeypad [IMI] onStartInput - caller pid : 9472, caller uid : 10169
10-15 23:02:13.902  9427  9427 I BatteryMgr:DataCollectionService: onStartCommand: begin
10-15 23:02:13.903  9427  9427 I BatteryMgr:DataCollectionService: onStartCommand: sampleRate => 100
10-15 23:02:13.903  9427  9427 I BatteryMgr:DataCollectionService: onStartCommand: rawFields => Timestamp,BATTERY_PROPERTY_CURRENT_NOW,EXTRA_VOLTAGE,BATTERY_PROPERTY_CURRENT_AVERAGE,BATTERY_PROPERTY_CHARGE_COUNTER,BATTERY_PROPERTY_CAPACITY
10-15 23:02:13.905  3957  4128 D WifiService: getConnectionInfo uid=1000
10-15 23:02:13.906  9427  9427 I BatteryMgr:DataCollectionService: onStartCommand: notification done
10-15 23:02:13.909  9427  9427 D Notification: allPendingIntents
10-15 23:02:13.910  9427  9427 I BatteryMgr:DataCollectionService: started foreground
10-15 23:02:13.912  3957  3972 D ApplicationPolicy: isStatusBarNotificationAllowedAsUser: packageName = com.example.batterymanager_utility,userId = 0
10-15 23:02:13.913  3957  3972 D API test: getContainerInfo: value is 
10-15 23:02:13.914  3957  3972 D ApplicationPolicy: isStatusBarNotificationAllowedAsUser: packageName = com.example.batterymanager_utility,userId = 0
10-15 23:02:13.914  3957  3972 D API test: getContainerInfo: value is 
10-15 23:02:13.918  3957  3957 I AccessibilityManagerService: semOnLightNotification(null), bIsFlashOn : false
10-15 23:02:13.919  3957  3957 D AccessibilityManagerService: Can't use light notification
10-15 23:02:13.929  9427  9716 I BatteryMgr:DataCollectionService: collectData: begin
10-15 23:02:13.932 12416 12416 E adbd    : recv: OPEN 00000cc9 00000000 0042:73 68 65 6C 6C 2C 76 32 2C 54 45 52 4D 3D 78 74 65 72 6D 2D 32 35 36 63 6F 6C 6F 72 2C 72 61 77 3A 67 65 74 70 72 6F 70 20 72 6F 2E 62 75 69 6C 64 2E 76 65 72 73 69 6F 6E 2E 72 65 6C 65 61 73 65 00 
10-15 23:02:13.932 12416 12416 E adbd    : service_to_fd: shell,v2,TERM=xterm-256color,raw:getprop ro.build.version.release
10-15 23:02:13.941  3957  3957 D AudioService: getStreamVolume 5 index 110
10-15 23:02:13.943  3957  5413 D Notification: allPendingIntents
10-15 23:02:13.943  3957  4025 I WindowManager: Destroying surface Surface(name=Splash Screen org.mozilla.fenix) called by com.android.server.wm.WindowStateAnimator.destroySurface:2501 com.android.server.wm.WindowStateAnimator.destroySurfaceLocked:985 com.android.server.wm.WindowState.destroyOrSaveSurfaceUnchecked:3670 com.android.server.wm.WindowState.destroySurface:3618 com.android.server.wm.AppWindowToken.destroySurfaces:722 com.android.server.wm.AppWindowToken.destroySurfaces:706 com.android.server.wm.WindowState.onExitAnimationDone:5316 com.android.server.wm.WindowStateAnimator.stepAnimationLocked:550 
10-15 23:02:13.943  3447  3488 I SurfaceFlinger: id=1826 Removed Splash Screen org.mozilla.fenix#0 (4/5)
10-15 23:02:13.943  3957  5413 D Notification: allPendingIntents
10-15 23:02:13.944  4340  4340 D StatusBar: addNotification key=0|com.example.batterymanager_utility|1|null|10170 fullscreen:false
10-15 23:02:13.945  9427  9716 I BatteryMgr:DataCollectionService: stats => 1697403733945,-422,4314,-183,0,100
10-15 23:02:13.951  3447  3447 I SurfaceFlinger: Display 0 HWC layers:
10-15 23:02:13.951  3447  3447 I SurfaceFlinger:     type    |    handle    | flag |  format   |   source crop (l,t,r,b)    |         frame       | name 
10-15 23:02:13.951  3447  3447 I SurfaceFlinger: ------------+--------------+------+-----------+----------------------------+---------------------+------
10-15 23:02:13.951  3447  3447 I SurfaceFlinger:      Device | 0x7ea5024600 | 0000 | RGBA_8888 |   0.0    0.0  720.0 1280.0 |    0    0  720 1280 | org.mozilla.fenix/org.mozilla.fenix.App#0
10-15 23:02:13.951  3447  3447 I SurfaceFlinger:      Device | 0x7ea5024e40 | 0000 | RGBA_8888 |   0.0    0.0  720.0   42.0 |    0    0  720   42 | StatusBar#0
10-15 23:02:13.951  3447  3447 I SurfaceFlinger: 
10-15 23:02:13.952  3447  3489 I SurfaceFlinger: id=1826 Removed Splash Screen org.mozilla.fenix#0 (-2/5)
10-15 23:02:13.959  3447  3447 I Layer   : id=1826 onRemoved Splash Screen org.mozilla.fenix#0 
10-15 23:02:13.982  9624  9657 W AudioCapabilities: Unsupported mime audio/mpeg-L1
10-15 23:02:13.983  9624  9657 W AudioCapabilities: Unsupported mime audio/mpeg-L2
10-15 23:02:13.987  9624  9657 W AudioCapabilities: Unsupported mime audio/x-ms-wma
10-15 23:02:13.988  9624  9657 W AudioCapabilities: Unsupported mime audio/x-ima
10-15 23:02:13.995 12416 12416 E adbd    : recv: OPEN 00000ccd 00000000 003e:73 68 65 6C 6C 2C 76 32 2C 54 45 52 4D 3D 78 74 65 72 6D 2D 32 35 36 63 6F 6C 6F 72 2C 72 61 77 3A 67 65 74 70 72 6F 70 20 72 6F 2E 62 75 69 6C 64 2E 76 65 72 73 69 6F 6E 2E 73 64 6B 00 
10-15 23:02:13.995 12416 12416 E adbd    : service_to_fd: shell,v2,TERM=xterm-256color,raw:getprop ro.build.version.sdk
10-15 23:02:13.997  9624  9657 W VideoCapabilities: Unrecognized profile 2130706433 for video/avc
10-15 23:02:13.997  9624  9657 W VideoCapabilities: Unrecognized profile 2130706434 for video/avc
10-15 23:02:13.999  9624  9657 W VideoCapabilities: Unrecognized profile 2130706433 for video/avc
10-15 23:02:14.000  9624  9657 W VideoCapabilities: Unrecognized profile 2130706434 for video/avc
10-15 23:02:14.019  9624  9657 W VideoCapabilities: Unrecognized profile 2130706433 for video/avc
10-15 23:02:14.019  9624  9657 W VideoCapabilities: Unrecognized profile 2130706434 for video/avc
10-15 23:02:14.021  9624  9657 W VideoCapabilities: Unsupported mime video/avc-wfd
10-15 23:02:14.047  9624  9657 I VideoCapabilities: Unsupported profile 4 for video/mp4v-es
10-15 23:02:14.053  9427  9716 I BatteryMgr:DataCollectionService: stats => 1697403734053,-422,4314,-183,0,100
10-15 23:02:14.053  3957  5415 V WindowManager: Relayout Window{8154819 u0 org.mozilla.fenix/org.mozilla.fenix.App}: viewVisibility=0 req=720x1280 WM.LayoutParams{(0,0)(fillxfill) sim=#10 ty=1 fl=#81010100 pfl=0x20000 fmt=-3 wanim=0x7f1404fa vsysui=0x2610 needsMenuKey=2 colorMode=0 naviIconColor=0}
10-15 23:02:14.058  9472  9472 D ViewRootImpl@812c4b2[App]: Relayout returned: old=[0,0][720,1280] new=[0,0][720,1280] result=0x1 surface={valid=true 499301015552} changed=false
10-15 23:02:14.065  4340  4340 D KeyguardUpdateMonitor: handleStatusBarState( false )
10-15 23:02:14.065  3957  4129 D WifiStateMachine:  ConnectedState !RSSI_PKTCNT_FETCH uid=1000 rt=405723215/1066121443 0 0 "ourhome" f4:6d:2f:12:cc:88 rssi=-41 f=5240 sc=60 link=433 tx=0.0, 0.0, 0.0  rx=0.3 bcn=83772 [on:0 tx:0 rx:0 period:999] from screen [on:620770 period:3901041] score=60
10-15 23:02:14.067  3957  4129 D WifiStateMachine:  L2ConnectedState !RSSI_PKTCNT_FETCH uid=1000 rt=405723217/1066121444 0 0 "ourhome" f4:6d:2f:12:cc:88 rssi=-41 f=5240 sc=60 link=433 tx=0.0, 0.0, 0.0  rx=0.3 bcn=83772 [on:0 tx:0 rx:0 period:1] from screen [on:620770 period:3901042] score=60
10-15 23:02:14.068  3957  4129 D WifiStateMachine: fetchRssiLinkSpeedAndFrequencyNative rssi=-46 linkspeed=433 freq=5240
10-15 23:02:14.087  6120  6132 I FontLog : (REDACTED) Received query %s, URI %s
10-15 23:02:14.090  6120  6132 I FontLog : (REDACTED) Query [%s] resolved to %s
10-15 23:02:14.091  9624  9657 W VideoCapabilities: Unrecognized profile/level 1/32 for video/mp4v-es
10-15 23:02:14.091  9624  9657 W VideoCapabilities: Unrecognized profile/level 32768/2 for video/mp4v-es
10-15 23:02:14.091  9624  9657 W VideoCapabilities: Unrecognized profile/level 32768/64 for video/mp4v-es
10-15 23:02:14.103  6120  6132 I FontLog : (REDACTED) Fetch %s end status %s
10-15 23:02:14.109  3957  5415 V WindowManager: rotationForOrientationLw(orient=2, last=0); user=0  sensorRotation=-1 mLidState=-1 mDockMode=0 mHdmiPlugged=false
10-15 23:02:14.111  6120  6132 I FontLog : (REDACTED) Pulling font file for id = %d, cache size = %d
10-15 23:02:14.114  9624  9657 W VideoCapabilities: Unsupported mime video/wvc1
10-15 23:02:14.117  9624  9657 W VideoCapabilities: Unsupported mime video/x-ms-wmv
10-15 23:02:14.120  9624  9657 W VideoCapabilities: Unsupported mime video/x-ms-wmv7
10-15 23:02:14.121  6120  6132 I FontLog : (REDACTED) Pulling font file for id = %d, cache size = %d
10-15 23:02:14.121  9624  9657 W VideoCapabilities: Unsupported mime video/x-ms-wmv8
10-15 23:02:14.122  9624  9657 W VideoCapabilities: Unsupported mime video/mp43
10-15 23:02:14.124  9472  9472 I DefaultSupportedAddonsChecker: Unregister check for new supported add-ons
10-15 23:02:14.134  3957  5413 V WindowManager: Relayout Window{8154819 u0 org.mozilla.fenix/org.mozilla.fenix.App}: viewVisibility=0 req=720x1280 WM.LayoutParams{(0,0)(fillxfill) sim=#10 ty=1 fl=#81010100 pfl=0x20000 fmt=-3 wanim=0x7f1404fa vsysui=0x2610 needsMenuKey=2 colorMode=0 naviIconColor=0}
10-15 23:02:14.138  9472  9472 D ViewRootImpl@812c4b2[App]: Relayout returned: old=[0,0][720,1280] new=[0,0][720,1280] result=0x1 surface={valid=true 499301015552} changed=false
10-15 23:02:14.138  9624  9657 W AudioCapabilities: Unsupported mime audio/mpeg-L1
10-15 23:02:14.138  9624  9657 W AudioCapabilities: Unsupported mime audio/mpeg-L2
10-15 23:02:14.138  9624  9657 W AudioCapabilities: Unsupported mime audio/x-ms-wma
10-15 23:02:14.141  9624  9657 W AudioCapabilities: Unsupported mime audio/x-ima
10-15 23:02:14.145  9624  9657 W VideoCapabilities: Unrecognized profile 2130706433 for video/avc
10-15 23:02:14.145  9624  9657 W VideoCapabilities: Unrecognized profile 2130706434 for video/avc
10-15 23:02:14.156  9624  9657 W VideoCapabilities: Unrecognized profile/level 1/32 for video/mp4v-es
10-15 23:02:14.156  9624  9657 W VideoCapabilities: Unrecognized profile/level 32768/2 for video/mp4v-es
10-15 23:02:14.156  9624  9657 W VideoCapabilities: Unrecognized profile/level 32768/64 for video/mp4v-es
10-15 23:02:14.160  9427  9716 I BatteryMgr:DataCollectionService: stats => 1697403734160,-422,4314,-183,0,100
10-15 23:02:14.169  9472  9472 I WebExtension: releasePendingMessages: extension=webcompat-reporter@mozilla.org nativeApp=mozacWebcompatReporter session=null
10-15 23:02:14.173  9624  9657 W VideoCapabilities: Unsupported mime video/wvc1
10-15 23:02:14.173  9624  9657 W VideoCapabilities: Unsupported mime video/x-ms-wmv
10-15 23:02:14.178  9472  9472 I WebExtension: releasePendingMessages: extension=fxa@mozac.org nativeApp=mozacWebchannelBackground session=null
10-15 23:02:14.179  9472  9472 I WebExtension: releasePendingMessages: extension=fxa@mozac.org nativeApp=mozacWebchannel session=org.mozilla.geckoview.GeckoSession@fc9822
10-15 23:02:14.181  9472  9472 I WebExtension: releasePendingMessages: extension=readerview@mozac.org nativeApp=mozacReaderview session=org.mozilla.geckoview.GeckoSession@fc9822
10-15 23:02:14.181  9472  9472 I WebExtension: releasePendingMessages: extension=readerview@mozac.org nativeApp=mozacReaderviewActive session=org.mozilla.geckoview.GeckoSession@fc9822
10-15 23:02:14.181  9472  9472 I WebExtension: releasePendingMessages: extension=readerview@mozac.org nativeApp=mozacReaderview session=org.mozilla.geckoview.GeckoSession@fc9822
10-15 23:02:14.181  9624  9657 W VideoCapabilities: Unsupported mime video/x-ms-wmv7
10-15 23:02:14.183  9624  9657 W VideoCapabilities: Unsupported mime video/x-ms-wmv8
10-15 23:02:14.185  9624  9657 W VideoCapabilities: Unsupported mime video/mp43
10-15 23:02:14.213  9472  9472 I SessionPrioritizationMiddleware: Update the currentSelectedTab dedcbbbf-2255-4450-82a7-d17516b4b0f6 priority to HIGH
10-15 23:02:14.232  9472  9472 I WebExtension: releasePendingMessages: extension=icons@mozac.org nativeApp=MozacBrowserIcons session=org.mozilla.geckoview.GeckoSession@fc9822
10-15 23:02:14.233  9472  9472 I WebExtension: releasePendingMessages: extension=ads@mozac.org nativeApp=MozacBrowserAdsMessage session=org.mozilla.geckoview.GeckoSession@fc9822
10-15 23:02:14.233  9472  9472 I WebExtension: releasePendingMessages: extension=cookies@mozac.org nativeApp=MozacBrowserSearchMessage session=org.mozilla.geckoview.GeckoSession@fc9822
10-15 23:02:14.249  3957  3972 D ApplicationPolicy: isStatusBarNotificationAllowedAsUser: packageName = android,userId = 0
10-15 23:02:14.249  3957  3972 D API test: getContainerInfo: value is 
10-15 23:02:14.249  3957  3972 D ApplicationPolicy: isStatusBarNotificationAllowedAsUser: packageName = android,userId = 0
10-15 23:02:14.249  3957  3972 D API test: getContainerInfo: value is 
10-15 23:02:14.249  9472  9501 W ResourceType: Too many attribute references, stopped at: 0x01010099
10-15 23:02:14.250  3957  3972 E NotificationService: Suppressing notification from package by user request.
10-15 23:02:14.258  9472  9483 I zygote64: Background concurrent copying GC freed 32996(1902KB) AllocSpace objects, 6(120KB) LOS objects, 50% free, 4MB/8MB, paused 2.150ms total 113.281ms
10-15 23:02:14.269  9427  9716 I BatteryMgr:DataCollectionService: stats => 1697403734269,-422,4314,-183,0,100
10-15 23:02:14.331  9556  9586 W linker  : "/data/app/org.mozilla.fenix-iWpGOrf8cry6RDpwHyQugA==/lib/arm64/libmozglue.so" unused DT entry: type 0x8000024 arg 0x38f70
10-15 23:02:14.331  9556  9586 W linker  : "/data/app/org.mozilla.fenix-iWpGOrf8cry6RDpwHyQugA==/lib/arm64/libmozglue.so" unused DT entry: type 0x8000023 arg 0x1f8
10-15 23:02:14.331  9556  9586 W linker  : "/data/app/org.mozilla.fenix-iWpGOrf8cry6RDpwHyQugA==/lib/arm64/libmozglue.so" unused DT entry: type 0x8000025 arg 0x8
10-15 23:02:14.333  9556  9586 I GeckoLoader: Library base=/data/app/org.mozilla.fenix-iWpGOrf8cry6RDpwHyQugA==/lib/arm64
10-15 23:02:14.334  9556  9586 I GeckoLoader: Library base=/data/app/org.mozilla.fenix-iWpGOrf8cry6RDpwHyQugA==/lib/arm64
10-15 23:02:14.335  9556  9586 E GeckoLibLoad: Load sqlite start
10-15 23:02:14.336  9556  9586 W linker  : "/data/app/org.mozilla.fenix-iWpGOrf8cry6RDpwHyQugA==/lib/arm64/libnss3.so" unused DT entry: type 0x8000024 arg 0x14998
10-15 23:02:14.336  9556  9586 W linker  : "/data/app/org.mozilla.fenix-iWpGOrf8cry6RDpwHyQugA==/lib/arm64/libnss3.so" unused DT entry: type 0x8000023 arg 0x5c8
10-15 23:02:14.336  9556  9586 W linker  : "/data/app/org.mozilla.fenix-iWpGOrf8cry6RDpwHyQugA==/lib/arm64/libnss3.so" unused DT entry: type 0x8000025 arg 0x8
10-15 23:02:14.337  9556  9586 E GeckoLibLoad: Load sqlite done
10-15 23:02:14.337  9556  9586 I GeckoLoader: Library base=/data/app/org.mozilla.fenix-iWpGOrf8cry6RDpwHyQugA==/lib/arm64
10-15 23:02:14.337  9556  9586 E GeckoLibLoad: Load nss start
10-15 23:02:14.337  9556  9586 E GeckoLibLoad: Load nss done
10-15 23:02:14.337  9556  9586 I GeckoLoader: Library base=/data/app/org.mozilla.fenix-iWpGOrf8cry6RDpwHyQugA==/lib/arm64
10-15 23:02:14.339  9556  9586 W linker  : "/data/app/org.mozilla.fenix-iWpGOrf8cry6RDpwHyQugA==/lib/arm64/libxul.so" unused DT entry: type 0x8000024 arg 0x539420
10-15 23:02:14.339  9556  9586 W linker  : "/data/app/org.mozilla.fenix-iWpGOrf8cry6RDpwHyQugA==/lib/arm64/libxul.so" unused DT entry: type 0x8000023 arg 0x17d68
10-15 23:02:14.339  9556  9586 W linker  : "/data/app/org.mozilla.fenix-iWpGOrf8cry6RDpwHyQugA==/lib/arm64/libxul.so" unused DT entry: type 0x8000025 arg 0x8
10-15 23:02:14.339  9472  9501 W AudioCapabilities: Unsupported mime audio/mpeg-L1
10-15 23:02:14.340  9472  9501 W AudioCapabilities: Unsupported mime audio/mpeg-L2
10-15 23:02:14.342  9472  9501 W AudioCapabilities: Unsupported mime audio/x-ms-wma
10-15 23:02:14.343  9472  9501 W AudioCapabilities: Unsupported mime audio/x-ima
10-15 23:02:14.346  9472  9501 W VideoCapabilities: Unrecognized profile 2130706433 for video/avc
10-15 23:02:14.346  9472  9501 W VideoCapabilities: Unrecognized profile 2130706434 for video/avc
10-15 23:02:14.348  9472  9501 W VideoCapabilities: Unrecognized profile 2130706433 for video/avc
10-15 23:02:14.348  9472  9501 W VideoCapabilities: Unrecognized profile 2130706434 for video/avc
10-15 23:02:14.358  9472  9501 W VideoCapabilities: Unrecognized profile 2130706433 for video/avc
10-15 23:02:14.358  9472  9501 W VideoCapabilities: Unrecognized profile 2130706434 for video/avc
10-15 23:02:14.359  9472  9501 W VideoCapabilities: Unsupported mime video/avc-wfd
10-15 23:02:14.360  9556  9586 E GeckoLibLoad: Loaded libs in 22.717423ms total, 12ms(12ms) user, 8ms(12ms) system, 0(0) faults
10-15 23:02:14.360  9556  9586 W GeckoThread: zerdatime 1066121738 - runGecko
10-15 23:02:14.375  9427  9716 I BatteryMgr:DataCollectionService: stats => 1697403734375,-422,4314,-183,0,100
10-15 23:02:14.378  9472  9501 I VideoCapabilities: Unsupported profile 4 for video/mp4v-es
10-15 23:02:14.382  3957  3957 D CustomFrequencyManagerService: releaseDVFSLockLocked : Getting Lock type frm List : DVFS_MIN_LIMIT  frequency : 1560000  uid : 1000  pid : 3957  tag : AMS_RESUME_TAIL@CPU_MIN@58
10-15 23:02:14.394  9472  9501 W VideoCapabilities: Unrecognized profile/level 1/32 for video/mp4v-es
10-15 23:02:14.394  9472  9501 W VideoCapabilities: Unrecognized profile/level 32768/2 for video/mp4v-es
10-15 23:02:14.394  9472  9501 W VideoCapabilities: Unrecognized profile/level 32768/64 for video/mp4v-es
10-15 23:02:14.395  9472  9501 W VideoCapabilities: Unsupported mime video/wvc1
10-15 23:02:14.396  9472  9501 W VideoCapabilities: Unsupported mime video/x-ms-wmv
10-15 23:02:14.398  9472  9501 W VideoCapabilities: Unsupported mime video/x-ms-wmv7
10-15 23:02:14.398  3957  4089 D MdnieScenarioControlService:  packageName : org.mozilla.fenix    className : org.mozilla.fenix.App
10-15 23:02:14.398  3957  4089 V MdnieScenarioControlService: setUIMode from UI function(3)
10-15 23:02:14.399  9472  9501 W VideoCapabilities: Unsupported mime video/x-ms-wmv8
10-15 23:02:14.400  9472  9501 W VideoCapabilities: Unsupported mime video/mp43
10-15 23:02:14.406  9472  9501 W AudioCapabilities: Unsupported mime audio/mpeg-L1
10-15 23:02:14.406  9472  9501 W AudioCapabilities: Unsupported mime audio/mpeg-L2
10-15 23:02:14.406  9472  9501 W AudioCapabilities: Unsupported mime audio/x-ms-wma
10-15 23:02:14.406  9472  9501 W AudioCapabilities: Unsupported mime audio/x-ima
10-15 23:02:14.407  9472  9501 W VideoCapabilities: Unrecognized profile 2130706433 for video/avc
10-15 23:02:14.407  9472  9501 W VideoCapabilities: Unrecognized profile 2130706434 for video/avc
10-15 23:02:14.410  9472  9501 W VideoCapabilities: Unrecognized profile/level 1/32 for video/mp4v-es
10-15 23:02:14.411  9472  9501 W VideoCapabilities: Unrecognized profile/level 32768/2 for video/mp4v-es
10-15 23:02:14.411  9472  9501 W VideoCapabilities: Unrecognized profile/level 32768/64 for video/mp4v-es
10-15 23:02:14.411  9472  9501 W VideoCapabilities: Unsupported mime video/wvc1
10-15 23:02:14.412  9472  9501 W VideoCapabilities: Unsupported mime video/x-ms-wmv
10-15 23:02:14.412  9472  9501 W VideoCapabilities: Unsupported mime video/x-ms-wmv7
10-15 23:02:14.413  9472  9501 W VideoCapabilities: Unsupported mime video/x-ms-wmv8
10-15 23:02:14.414  9472  9501 W VideoCapabilities: Unsupported mime video/mp43
10-15 23:02:14.428  9624  9701 D libGLESv2: STS_GLApi : DTS, ODTC are not allowed for Package : org.mozilla.fenix:gpu
10-15 23:02:14.434  9624  9644 V Surface : sf_framedrop debug : 0x4f4c, game : false, logging : 0
10-15 23:02:14.437  9624  9701 D mali_winsys: EGLint new_window_surface(egl_winsys_display *, void *, EGLSurface, EGLConfig, egl_winsys_surface **, egl_color_buffer_format *, EGLBoolean) returns 0x3000,  [720x1238]-format:2
10-15 23:02:14.442  9472  9501 I GeckoSession: zerdatime 1066121820 - chrome startup finished
10-15 23:02:14.445  3957  3957 D PreBindingService: handleMessage : 1
10-15 23:02:14.457  9472  9472 I GeckoSession: handleMessage GeckoView:PageStart uri=
10-15 23:02:14.459  9472  9472 I GeckoSession: handleMessage GeckoView:PageStop uri=null
10-15 23:02:14.478  9472  9681 I libglean_ffi: glean_core::upload: Ping 40eacc81-1e45-4171-910c-393cb65f2459 successfully sent 200.
10-15 23:02:14.485  9472  9681 I libglean_ffi: glean_core::upload::directory: File was deleted /data/user/0/org.mozilla.fenix/glean_data/pending_pings/40eacc81-1e45-4171-910c-393cb65f2459
10-15 23:02:14.490  9472  9472 I GeckoSession: handleMessage GeckoView:PageStart uri=
10-15 23:02:14.491  9472  9681 I libglean_ffi: glean_core::upload: New upload task with id 583d3cd5-4e74-471d-acd6-9d2ad3bf192d (path: /submit/org-mozilla-fenix/baseline/1/583d3cd5-4e74-471d-acd6-9d2ad3bf192d)
10-15 23:02:14.492  3599  3918 D DnsProxyListener: DNSDBG::dns addrinfo af 0
10-15 23:02:14.492  9427  9716 I BatteryMgr:DataCollectionService: stats => 1697403734492,-422,4314,-183,0,100
10-15 23:02:14.550  3447  3447 I SurfaceFlinger: Display 0 HWC layers:
10-15 23:02:14.550  3447  3447 I SurfaceFlinger:     type    |    handle    | flag |  format   |   source crop (l,t,r,b)    |         frame       | name 
10-15 23:02:14.550  3447  3447 I SurfaceFlinger: ------------+--------------+------+-----------+----------------------------+---------------------+------
10-15 23:02:14.550  3447  3447 I SurfaceFlinger:      Device | 0x7e9ed38500 | 0000 | RGBx_8888 |   0.0    0.0  720.0 1238.0 |    0   42  720 1280 | SurfaceView - org.mozilla.fenix/org.mozilla.fenix.App@e7e20b0@0#0
10-15 23:02:14.550  3447  3447 I SurfaceFlinger:      Device | 0x7ea5024f00 | 0000 | RGBA_8888 |   0.0    0.0  720.0 1280.0 |    0    0  720 1280 | org.mozilla.fenix/org.mozilla.fenix.App#0
10-15 23:02:14.550  3447  3447 I SurfaceFlinger:      Device | 0x7ea5024cc0 | 0000 | RGBA_8888 |   0.0    0.0  720.0   42.0 |    0    0  720   42 | StatusBar#0
10-15 23:02:14.550  3447  3447 I SurfaceFlinger: 
10-15 23:02:14.554  9472  9501 D GeckoIdleService: Setting timer a day from now
10-15 23:02:14.557  9472  9501 D GeckoIdleService: Register idle observer 0x7424a30ac8 for 5 seconds
10-15 23:02:14.557  9472  9501 D GeckoIdleService: Register: adjusting next switch from -1 to 5 seconds
10-15 23:02:14.557  9472  9501 D GeckoIdleService: next timeout 4996 msec from now
10-15 23:02:14.557  9472  9501 D GeckoIdleService: SetTimerExpiryIfBefore: next timeout 4996 msec from now
10-15 23:02:14.557  9472  9501 D GeckoIdleService: reset timer expiry to 5006 msec from now
10-15 23:02:14.605  9427  9716 I BatteryMgr:DataCollectionService: stats => 1697403734605,-422,4314,-183,0,100
10-15 23:02:14.644  3957  5413 D StorageManagerService: getExternalStorageMountMode : 1
10-15 23:02:14.644  3957  5413 D StorageManagerService: getExternalStorageMountMode : 3
10-15 23:02:14.645  3957  5413 D StorageManagerService: getExternalStorageMountMode : final mountMode=1, uid : 10169, packageName : org.mozilla.fenix
10-15 23:02:14.645  3957  5413 I ApplicationPolicy: isApplicationExternalStorageWhitelisted:org.mozilla.fenix user:0
10-15 23:02:14.645  3957  5413 D ApplicationPolicy: isApplicationExternalStorageWhitelisted: DO is not enabled on user 0. Allowed.
10-15 23:02:14.645  3957  5413 D ActivityManager: package  org.mozilla.fenix, user - 0 is SDcard whitelisted
10-15 23:02:14.645  3957  5413 I ApplicationPolicy: isApplicationExternalStorageBlacklisted:org.mozilla.fenix user:0
10-15 23:02:14.645  3957  5413 D ApplicationPolicy: isApplicationExternalStorageBlacklisted: DO is not enabled on user 0. Allowed.
10-15 23:02:14.658  9792  9792 E Zygote  : isWhitelistProcess - Process is Whitelisted
10-15 23:02:14.659  9792  9792 E libpersona: scanKnoxPersonas
10-15 23:02:14.659  9792  9792 E libpersona: Couldn't open the File - /data/system/users/0/personalist.xml - No such file or directory
10-15 23:02:14.659  3957  5413 I ActivityManager: Start proc 9792:org.mozilla.fenix:tab28/u0a169 for service org.mozilla.fenix/org.mozilla.gecko.process.GeckoChildProcessServices$tab28
10-15 23:02:14.660  9792  9792 W SELinux : SELinux selinux_android_compute_policy_index : Policy Index[2],  Con:u:r:zygote:s0 RAM:SEPF_SM-J720F_8.0.0_0002, [-1 -1 -1 -1 0 1]
10-15 23:02:14.661  9792  9792 I SELinux : SELinux: seapp_context_lookup: seinfo=untrusted, level=s0:c512,c768, pkgname=org.mozilla.fenix:tab28 
10-15 23:02:14.681  9792  9792 D TimaKeyStoreProvider: TimaKeyStore is not enabled: cannot add TimaSignature Service and generateKeyPair Service
10-15 23:02:14.681  9792  9792 D ActivityThread: Added TimaKeyStore provider
10-15 23:02:14.684  3957  5413 I ActivityManager: DSS on for org.mozilla.fenix and scale is 1.0
10-15 23:02:14.706  9792  9792 I zygote64: no shared libraies, dex_files: 1
10-15 23:02:14.714  9427  9716 I BatteryMgr:DataCollectionService: stats => 1697403734714,-422,4314,-183,0,100
10-15 23:02:14.773  9792  9792 I ServiceChildProcess: onCreate
10-15 23:02:14.774  9792  9809 I GeckoThread: preparing to run Gecko
10-15 23:02:14.778  9472  9501 W AudioCapabilities: Unsupported mime audio/mpeg-L1
10-15 23:02:14.778  9472  9501 W AudioCapabilities: Unsupported mime audio/mpeg-L2
10-15 23:02:14.778  9472  9501 W AudioCapabilities: Unsupported mime audio/x-ms-wma
10-15 23:02:14.778  9472  9501 W AudioCapabilities: Unsupported mime audio/x-ima
10-15 23:02:14.780  9792  9809 W linker  : "/data/app/org.mozilla.fenix-iWpGOrf8cry6RDpwHyQugA==/lib/arm64/libmozglue.so" unused DT entry: type 0x8000024 arg 0x38f70
10-15 23:02:14.780  9792  9809 W linker  : "/data/app/org.mozilla.fenix-iWpGOrf8cry6RDpwHyQugA==/lib/arm64/libmozglue.so" unused DT entry: type 0x8000023 arg 0x1f8
10-15 23:02:14.780  9792  9809 W linker  : "/data/app/org.mozilla.fenix-iWpGOrf8cry6RDpwHyQugA==/lib/arm64/libmozglue.so" unused DT entry: type 0x8000025 arg 0x8
10-15 23:02:14.783  9472  9501 W VideoCapabilities: Unrecognized profile 2130706433 for video/avc
10-15 23:02:14.783  9472  9501 W VideoCapabilities: Unrecognized profile 2130706434 for video/avc
10-15 23:02:14.787  9792  9809 I GeckoLoader: Library base=/data/app/org.mozilla.fenix-iWpGOrf8cry6RDpwHyQugA==/lib/arm64
10-15 23:02:14.787  9792  9809 I GeckoLoader: Library base=/data/app/org.mozilla.fenix-iWpGOrf8cry6RDpwHyQugA==/lib/arm64
10-15 23:02:14.788  9792  9809 E GeckoLibLoad: Load sqlite start
10-15 23:02:14.790  9792  9809 W linker  : "/data/app/org.mozilla.fenix-iWpGOrf8cry6RDpwHyQugA==/lib/arm64/libnss3.so" unused DT entry: type 0x8000024 arg 0x14998
10-15 23:02:14.790  9792  9809 W linker  : "/data/app/org.mozilla.fenix-iWpGOrf8cry6RDpwHyQugA==/lib/arm64/libnss3.so" unused DT entry: type 0x8000023 arg 0x5c8
10-15 23:02:14.790  9792  9809 W linker  : "/data/app/org.mozilla.fenix-iWpGOrf8cry6RDpwHyQugA==/lib/arm64/libnss3.so" unused DT entry: type 0x8000025 arg 0x8
10-15 23:02:14.793  9792  9809 E GeckoLibLoad: Load sqlite done
10-15 23:02:14.793  9792  9809 I GeckoLoader: Library base=/data/app/org.mozilla.fenix-iWpGOrf8cry6RDpwHyQugA==/lib/arm64
10-15 23:02:14.794  9792  9809 E GeckoLibLoad: Load nss start
10-15 23:02:14.794  9792  9809 E GeckoLibLoad: Load nss done
10-15 23:02:14.794  9792  9809 I GeckoLoader: Library base=/data/app/org.mozilla.fenix-iWpGOrf8cry6RDpwHyQugA==/lib/arm64
10-15 23:02:14.796  9472  9501 W VideoCapabilities: Unrecognized profile/level 1/32 for video/mp4v-es
10-15 23:02:14.796  9472  9501 W VideoCapabilities: Unrecognized profile/level 32768/2 for video/mp4v-es
10-15 23:02:14.796  9472  9501 W VideoCapabilities: Unrecognized profile/level 32768/64 for video/mp4v-es
10-15 23:02:14.799  9472  9501 W VideoCapabilities: Unsupported mime video/wvc1
10-15 23:02:14.800  9792  9809 W linker  : "/data/app/org.mozilla.fenix-iWpGOrf8cry6RDpwHyQugA==/lib/arm64/libxul.so" unused DT entry: type 0x8000024 arg 0x539420
10-15 23:02:14.800  9792  9809 W linker  : "/data/app/org.mozilla.fenix-iWpGOrf8cry6RDpwHyQugA==/lib/arm64/libxul.so" unused DT entry: type 0x8000023 arg 0x17d68
10-15 23:02:14.800  9792  9809 W linker  : "/data/app/org.mozilla.fenix-iWpGOrf8cry6RDpwHyQugA==/lib/arm64/libxul.so" unused DT entry: type 0x8000025 arg 0x8
10-15 23:02:14.801  9472  9501 W VideoCapabilities: Unsupported mime video/x-ms-wmv
10-15 23:02:14.803  9472  9501 W VideoCapabilities: Unsupported mime video/x-ms-wmv7
10-15 23:02:14.805  9472  9501 W VideoCapabilities: Unsupported mime video/x-ms-wmv8
10-15 23:02:14.806  9472  9501 W VideoCapabilities: Unsupported mime video/mp43
10-15 23:02:14.824  9427  9716 I BatteryMgr:DataCollectionService: stats => 1697403734824,-422,4314,-183,0,100
10-15 23:02:14.835  9792  9809 E GeckoLibLoad: Loaded libs in 41.015731ms total, 16ms(20ms) user, 20ms(20ms) system, 0(0) faults
10-15 23:02:14.836  9792  9809 W GeckoThread: zerdatime 1066122214 - runGecko
10-15 23:02:14.896  9472  9681 I libglean_ffi: glean_core::upload: Ping 583d3cd5-4e74-471d-acd6-9d2ad3bf192d successfully sent 200.
10-15 23:02:14.897  3957  5415 D ConnectivityService: filterNetworkStateForUid() uid: 10169 networkInfo: [type: WIFI[] - WIFI, state: CONNECTED/CONNECTED, reason: (unspecified), extra: "ourhome", failover: false, available: true, roaming: false, metered: false]
10-15 23:02:14.898  3957  5415 D WifiService: getConnectionInfo uid=1000
10-15 23:02:14.899  9472  9681 I libglean_ffi: glean_core::upload::directory: File was deleted /data/user/0/org.mozilla.fenix/glean_data/pending_pings/583d3cd5-4e74-471d-acd6-9d2ad3bf192d
10-15 23:02:14.907  3957  4128 D WifiService: getConnectionInfo uid=1000
10-15 23:02:14.907  9472  9681 I libglean_ffi: glean_core::upload: New upload task with id 95006cb9-f835-43bf-9988-77843d563800 (path: /submit/org-mozilla-fenix/baseline/1/95006cb9-f835-43bf-9988-77843d563800)
10-15 23:02:14.934  9427  9716 I BatteryMgr:DataCollectionService: stats => 1697403734934,-422,4314,-183,0,100
10-15 23:02:14.941  9556  9586 W linker  : "/data/app/org.mozilla.fenix-iWpGOrf8cry6RDpwHyQugA==/lib/arm64/libsoftokn3.so" unused DT entry: type 0x8000024 arg 0x2580
10-15 23:02:14.941  9556  9586 W linker  : "/data/app/org.mozilla.fenix-iWpGOrf8cry6RDpwHyQugA==/lib/arm64/libsoftokn3.so" unused DT entry: type 0x8000023 arg 0x70
10-15 23:02:14.941  9556  9586 W linker  : "/data/app/org.mozilla.fenix-iWpGOrf8cry6RDpwHyQugA==/lib/arm64/libsoftokn3.so" unused DT entry: type 0x8000025 arg 0x8
10-15 23:02:14.944  9556  9586 W linker  : "/data/app/org.mozilla.fenix-iWpGOrf8cry6RDpwHyQugA==/lib/arm64/libfreebl3.so" unused DT entry: type 0x8000024 arg 0xe78
10-15 23:02:14.944  9556  9586 W linker  : "/data/app/org.mozilla.fenix-iWpGOrf8cry6RDpwHyQugA==/lib/arm64/libfreebl3.so" unused DT entry: type 0x8000023 arg 0x68
10-15 23:02:14.945  9556  9586 W linker  : "/data/app/org.mozilla.fenix-iWpGOrf8cry6RDpwHyQugA==/lib/arm64/libfreebl3.so" unused DT entry: type 0x8000025 arg 0x8
10-15 23:02:15.008  3957  5415 D WifiService: getConnectionInfo uid=1000
10-15 23:02:15.024  3957  5415 I chatty  : uid=1000(system) Binder:3957_F identical 4 lines
10-15 23:02:15.027  3957  5415 D WifiService: getConnectionInfo uid=1000
10-15 23:02:15.048  9427  9716 I BatteryMgr:DataCollectionService: stats => 1697403735048,-422,4314,-183,0,100
10-15 23:02:15.067  3957  4129 D WifiStateMachine:  ConnectedState !RSSI_PKTCNT_FETCH uid=1000 rt=405724216/1066122444 0 0 "ourhome" f4:6d:2f:12:cc:88 rssi=-46 f=5240 sc=60 link=433 tx=0.0, 0.0, 0.0  rx=0.3 bcn=83772 [on:0 tx:0 rx:0 period:1001] from screen [on:620770 period:3902043] score=60
10-15 23:02:15.068  3957  4129 D WifiStateMachine:  L2ConnectedState !RSSI_PKTCNT_FETCH uid=1000 rt=405724218/1066122445 0 0 "ourhome" f4:6d:2f:12:cc:88 rssi=-46 f=5240 sc=60 link=433 tx=0.0, 0.0, 0.0  rx=0.3 bcn=83772 [on:0 tx:0 rx:0 period:1] from screen [on:620770 period:3902044] score=60
10-15 23:02:15.070  3957  4129 D WifiStateMachine: fetchRssiLinkSpeedAndFrequencyNative rssi=-46 linkspeed=433 freq=5240
10-15 23:02:15.076  3957  5415 D WifiService: getConnectionInfo uid=1000
10-15 23:02:15.106  3957  5415 I chatty  : uid=1000(system) Binder:3957_F identical 11 lines
10-15 23:02:15.106  3957  5415 I chatty  : uid=1000(system) Binder:3957_F identical 4 lines
10-15 23:02:15.110  3957  5415 D ConnectivityService: filterNetworkStateForUid() uid: 10169 networkInfo: [type: WIFI[] - WIFI, state: CONNECTED/CONNECTED, reason: (unspecified), extra: "ourhome", failover: false, available: true, roaming: false, metered: false]
10-15 23:02:15.110  3957  5415 D WifiService: getConnectionInfo uid=1000
10-15 23:02:15.121  9472  9681 I libglean_ffi: glean_core::upload: Ping 95006cb9-f835-43bf-9988-77843d563800 successfully sent 200.
10-15 23:02:15.124  9472  9681 I libglean_ffi: glean_core::upload::directory: File was deleted /data/user/0/org.mozilla.fenix/glean_data/pending_pings/95006cb9-f835-43bf-9988-77843d563800
10-15 23:02:15.125  9472  9681 I libglean_ffi: glean_core::upload: No more pings to upload! You are done.
10-15 23:02:15.128  9472  9522 I WM-WorkerWrapper: Worker result SUCCESS for Work [ id=401b412b-c036-429e-9faa-3d516cbfd804, tags={ mozilla.telemetry.glean.scheduler.PingUploadWorker, mozac_service_glean_ping_upload_worker } ]
10-15 23:02:15.133  9472  9472 D ConnectivityManager: unregisterNetworkCallback; CallingUid : 10169, CallingPid : 9472
10-15 23:02:15.134  3957  4157 D ConnectivityService: releasing NetworkRequest [ TRACK_DEFAULT id=1163, [ Capabilities: INTERNET&NOT_RESTRICTED&TRUSTED&NOT_VPN] ] (CALLBACK_RELEASED)
