10-15 23:09:11.624  4340  4361 D ApplicationPackageManager: updateItemMetaDataForFixedIconScale: package: com.example.batterymanager_utility
10-15 23:09:11.624  3957 12585 D PackageManager: getSelectedMetaData : packageName(com.example.batterymanager_utility) or Metadata strings {[Ljava.lang.String;@437563c}
10-15 23:09:11.625  4340  4361 I ApplicationPackageManager: load=com.example.batterymanager_utility, bg=144-144, dr=189-189, forDefault=true, density=0
10-15 23:09:11.625 10163 10163 I FirebaseApp: Device unlocked: initializing all Firebase APIs for app [DEFAULT]
10-15 23:09:11.627  4340  4361 I ApplicationPackageManager: scaled rate=0.72, size=189, alpha=54, hold=102
10-15 23:09:11.627  4340  4361 D ApplicationPackageManager: iconScale: getScale(): 0.72 getAlpha(): 54
10-15 23:09:11.628  4340  4361 I ApplicationPackageManager: load=com.example.batterymanager_utility-contain, bg=112-112, dr=189-189
10-15 23:09:11.630  3957  4089 D MdnieScenarioControlService:  packageName : org.mozilla.fenix    className : org.mozilla.fenix.App
10-15 23:09:11.630  3957  4089 V MdnieScenarioControlService: setUIMode from UI function(3)
10-15 23:09:11.635 10163 10163 I FirebaseInitProvider: FirebaseApp initialization successful
10-15 23:09:11.787  3447  3447 I SurfaceFlinger: Display 0 HWC layers:
10-15 23:09:11.787  3447  3447 I SurfaceFlinger:     type    |    handle    | flag |  format   |   source crop (l,t,r,b)    |         frame       | name 
10-15 23:09:11.787  3447  3447 I SurfaceFlinger: ------------+--------------+------+-----------+----------------------------+---------------------+------
10-15 23:09:11.787  3447  3447 I SurfaceFlinger:      Client |              | 0000 |  Unknown  |  -0.2   -0.2   -0.8   -0.8 |    0    0  720 1280 | animation background stackId=1#0
10-15 23:09:11.787  3447  3447 I SurfaceFlinger:      Client | 0x7ea5024c00 | 0002 | RGBA_8888 |   0.0    0.0  720.0 1280.0 |   16   29  703 1251 | com.example.batterymanager_utility/c[...]atterymanager_utility.MainActivity#0
10-15 23:09:11.787  3447  3447 I SurfaceFlinger:      Device | 0x7e9ec22380 | 0000 | RGBA_8888 |   0.0    0.0  720.0 1022.0 |   17  305  704 1280 | Splash Screen org.mozilla.fenix#0
10-15 23:09:11.787  3447  3447 I SurfaceFlinger:      Device | 0x7ea5024cc0 | 0000 | RGBA_8888 |   0.0    0.0  720.0   42.0 |    0    0  720   42 | StatusBar#0
10-15 23:09:11.787  3447  3447 I SurfaceFlinger: 
10-15 23:09:11.821 10163 10189 W linker  : "/data/app/org.mozilla.fenix-iWpGOrf8cry6RDpwHyQugA==/lib/arm64/libxul.so" unused DT entry: type 0x8000024 arg 0x539420
10-15 23:09:11.821 10163 10189 W linker  : "/data/app/org.mozilla.fenix-iWpGOrf8cry6RDpwHyQugA==/lib/arm64/libxul.so" unused DT entry: type 0x8000023 arg 0x17d68
10-15 23:09:11.821 10163 10189 W linker  : "/data/app/org.mozilla.fenix-iWpGOrf8cry6RDpwHyQugA==/lib/arm64/libxul.so" unused DT entry: type 0x8000025 arg 0x8
10-15 23:09:11.822 10163 10189 W linker  : "/data/app/org.mozilla.fenix-iWpGOrf8cry6RDpwHyQugA==/lib/arm64/libnss3.so" unused DT entry: type 0x8000024 arg 0x14998
10-15 23:09:11.822 10163 10189 W linker  : "/data/app/org.mozilla.fenix-iWpGOrf8cry6RDpwHyQugA==/lib/arm64/libnss3.so" unused DT entry: type 0x8000023 arg 0x5c8
10-15 23:09:11.822 10163 10189 W linker  : "/data/app/org.mozilla.fenix-iWpGOrf8cry6RDpwHyQugA==/lib/arm64/libnss3.so" unused DT entry: type 0x8000025 arg 0x8
10-15 23:09:11.823 10163 10189 W linker  : "/data/app/org.mozilla.fenix-iWpGOrf8cry6RDpwHyQugA==/lib/arm64/libmozglue.so" unused DT entry: type 0x8000024 arg 0x38f70
10-15 23:09:11.823 10163 10189 W linker  : "/data/app/org.mozilla.fenix-iWpGOrf8cry6RDpwHyQugA==/lib/arm64/libmozglue.so" unused DT entry: type 0x8000023 arg 0x1f8
10-15 23:09:11.823 10163 10189 W linker  : "/data/app/org.mozilla.fenix-iWpGOrf8cry6RDpwHyQugA==/lib/arm64/libmozglue.so" unused DT entry: type 0x8000025 arg 0x8
10-15 23:09:11.823 10163 10189 W linker  : "/data/app/org.mozilla.fenix-iWpGOrf8cry6RDpwHyQugA==/lib/arm64/libmozglue.so" unused DT entry: type 0x8000024 arg 0x38f70
10-15 23:09:11.823 10163 10189 W linker  : "/data/app/org.mozilla.fenix-iWpGOrf8cry6RDpwHyQugA==/lib/arm64/libmozglue.so" unused DT entry: type 0x8000023 arg 0x1f8
10-15 23:09:11.823 10163 10189 W linker  : "/data/app/org.mozilla.fenix-iWpGOrf8cry6RDpwHyQugA==/lib/arm64/libmozglue.so" unused DT entry: type 0x8000025 arg 0x8
10-15 23:09:11.823 10163 10189 W linker  : "/data/app/org.mozilla.fenix-iWpGOrf8cry6RDpwHyQugA==/lib/arm64/libmozglue.so" unused DT entry: type 0x8000024 arg 0x38f70
10-15 23:09:11.824 10163 10189 W linker  : "/data/app/org.mozilla.fenix-iWpGOrf8cry6RDpwHyQugA==/lib/arm64/libmozglue.so" unused DT entry: type 0x8000023 arg 0x1f8
10-15 23:09:11.824 10163 10189 W linker  : "/data/app/org.mozilla.fenix-iWpGOrf8cry6RDpwHyQugA==/lib/arm64/libmozglue.so" unused DT entry: type 0x8000025 arg 0x8
10-15 23:09:11.824 10163 10189 W linker  : "/data/app/org.mozilla.fenix-iWpGOrf8cry6RDpwHyQugA==/lib/arm64/libmozglue.so" unused DT entry: type 0x8000024 arg 0x38f70
10-15 23:09:11.824 10163 10189 W linker  : "/data/app/org.mozilla.fenix-iWpGOrf8cry6RDpwHyQugA==/lib/arm64/libmozglue.so" unused DT entry: type 0x8000023 arg 0x1f8
10-15 23:09:11.824 10163 10189 W linker  : "/data/app/org.mozilla.fenix-iWpGOrf8cry6RDpwHyQugA==/lib/arm64/libmozglue.so" unused DT entry: type 0x8000025 arg 0x8
10-15 23:09:11.895  3957  4129 D WifiStateMachine:  ConnectedState !RSSI_PKTCNT_FETCH uid=1000 rt=406141044/1066539271 0 0 "ourhome" f4:6d:2f:12:cc:88 rssi=-47 f=5240 sc=60 link=433 tx=0.0, 0.0, 0.0  rx=1.2 bcn=87157 [on:0 tx:0 rx:0 period:933] from screen [on:1228 period:16027] score=60
10-15 23:09:11.896  3957  4129 D WifiStateMachine:  L2ConnectedState !RSSI_PKTCNT_FETCH uid=1000 rt=406141046/1066539273 0 0 "ourhome" f4:6d:2f:12:cc:88 rssi=-47 f=5240 sc=60 link=433 tx=0.0, 0.0, 0.0  rx=1.2 bcn=87157 [on:0 tx:0 rx:0 period:2] from screen [on:1228 period:16029] score=60
10-15 23:09:11.901  3957  4128 D WifiService: getConnectionInfo uid=1000
10-15 23:09:11.903  3957  4129 D WifiStateMachine: fetchRssiLinkSpeedAndFrequencyNative rssi=-47 linkspeed=433 freq=5240
10-15 23:09:11.927 10163 10189 I nimbus::stateful::nimbus_client: updating experiment list
10-15 23:09:11.932 10163 10189 I nimbus::stateful::persistence: Already at version 2, no upgrade needed
10-15 23:09:11.936 10163 10189 I nimbus::stateful::nimbus_client: [Nimbus] Retrieved date from Context: 2023-09-28 18:32:20 UTC
10-15 23:09:11.936 10163 10189 I nimbus::stateful::nimbus_client: [Nimbus] Installation Date: 2023-09-28 18:32:20 UTC
10-15 23:09:11.936 10163 10189 I nimbus::stateful::nimbus_client: [Nimbus] Update Date: 2023-09-28 18:32:25.568136298 UTC
10-15 23:09:11.936 10163 10189 I nimbus::stateful::nimbus_client: [Nimbus] Days since install: 17
10-15 23:09:11.936 10163 10189 I nimbus::stateful::nimbus_client: [Nimbus] Days since update: 17
10-15 23:09:11.977 10163 10192 I GeckoThread: preparing to run Gecko
10-15 23:09:11.981  3957  5415 W StorageManager: getStorageLowBytes lowPercent : 5, lowBytes : 1260145254, maxLowBytes : 524288000
10-15 23:09:11.984  3957  5415 W StorageManager: getStorageLowBytes lowPercent : 5, lowBytes : 1260145254, maxLowBytes : 524288000
10-15 23:09:11.985  3957 12585 W StorageManager: getStorageLowBytes lowPercent : 5, lowBytes : 1260145254, maxLowBytes : 524288000
10-15 23:09:11.999 10163 10192 I GeckoLoader: Library base=/data/app/org.mozilla.fenix-iWpGOrf8cry6RDpwHyQugA==/lib/arm64
10-15 23:09:12.003 10163 10195 I libglean_ffi: glean_core::core: Creating new Glean v54.0.0
10-15 23:09:12.003 10163 10192 W Settings: Setting animator_duration_scale has moved from android.provider.Settings.System to android.provider.Settings.Global, returning read-only global URI.
10-15 23:09:12.006 10163 10192 I GeckoLoader: Library base=/data/app/org.mozilla.fenix-iWpGOrf8cry6RDpwHyQugA==/lib/arm64
10-15 23:09:12.007 10163 10195 I libglean_ffi: glean_core::database: Database initialized
10-15 23:09:12.008 10163 10192 E GeckoLibLoad: Load sqlite start
10-15 23:09:12.009 10163 10192 E GeckoLibLoad: Load sqlite done
10-15 23:09:12.009 10163 10192 I GeckoLoader: Library base=/data/app/org.mozilla.fenix-iWpGOrf8cry6RDpwHyQugA==/lib/arm64
10-15 23:09:12.009 10163 10192 E GeckoLibLoad: Load nss start
10-15 23:09:12.009 10163 10192 E GeckoLibLoad: Load nss done
10-15 23:09:12.009 10163 10192 I GeckoLoader: Library base=/data/app/org.mozilla.fenix-iWpGOrf8cry6RDpwHyQugA==/lib/arm64
10-15 23:09:12.010 10163 10192 E GeckoLibLoad: Loaded libs in 0.855346ms total, 4ms(4ms) user, 0ms(0ms) system, 0(0) faults
10-15 23:09:12.011 10163 10192 W GeckoThread: zerdatime 1066539390 - runGecko
10-15 23:09:12.016 10163 10195 I libglean_ffi: glean_core: Glean initialized
10-15 23:09:12.021 10163 10195 I libglean_ffi: glean_core::event_database: Loading events for background-update
10-15 23:09:12.024 10163 10195 I libglean_ffi: glean_core::event_database: Loading events for events
10-15 23:09:12.029  3599  3918 D DnsProxyListener: DNSDBG::dns by name af 2
10-15 23:09:12.029 10163 10195 I libglean_ffi: glean_core::ping: Collecting events
10-15 23:09:12.040 10163 10195 I libglean_ffi: glean_core::upload::directory: Processing ping at: /data/user/0/org.mozilla.fenix/glean_data/pending_pings/5b4495ff-ae90-479c-9e58-18f232d02dda
10-15 23:09:12.041 10163 10195 I libglean_ffi: glean_core::metrics::ping: The ping 'events' was submitted and will be sent as soon as possible
10-15 23:09:12.046  3957 12585 D PackageManager: setEnabledSetting : userId = 0 packageName = org.mozilla.fenix cmp = androidx.work.impl.background.systemjob.SystemJobService newState = 1 callingPackage = 10169/org.mozilla.fenix
10-15 23:09:12.047  3957  4025 I WindowManager: Destroying surface Surface(name=com.example.batterymanager_utility/com.example.batterymanager_utility.MainActivity) called by com.android.server.wm.WindowStateAnimator.destroySurface:2501 com.android.server.wm.WindowStateAnimator.destroySurfaceLocked:985 com.android.server.wm.WindowState.destroyOrSaveSurfaceUnchecked:3670 com.android.server.wm.WindowState.destroySurface:3618 com.android.server.wm.AppWindowToken.destroySurfaces:722 com.android.server.wm.AppWindowToken.destroySurfaces:706 com.android.server.wm.WindowState.onExitAnimationDone:5316 com.android.server.wm.WindowStateAnimator.stepAnimationLocked:550 
10-15 23:09:12.047  3447  3488 I SurfaceFlinger: id=1836 Removed com.example.batterymanager_utility/com.example.batterymanager_utility.MainActivity#0 (2/5)
10-15 23:09:12.062  3447  3447 I Layer   : id=1836 onRemoved com.example.batterymanager_utility/com.example.batterymanager_utility.MainActivity#0 
10-15 23:09:12.068  3447  3447 I SurfaceFlinger: Display 0 HWC layers:
10-15 23:09:12.068  3447  3447 I SurfaceFlinger:     type    |    handle    | flag |  format   |   source crop (l,t,r,b)    |         frame       | name 
10-15 23:09:12.068  3447  3447 I SurfaceFlinger: ------------+--------------+------+-----------+----------------------------+---------------------+------
10-15 23:09:12.068  3447  3447 I SurfaceFlinger:      Client |              | 0000 |  Unknown  |  -0.2   -0.2   -0.8   -0.8 |    0    0  720 1280 | animation background stackId=1#0
10-15 23:09:12.068  3447  3447 I SurfaceFlinger:      Device | 0x7e9ec22380 | 0000 | RGBA_8888 |   0.0    0.0  720.0 1280.0 |    0    0  720 1280 | Splash Screen org.mozilla.fenix#0
10-15 23:09:12.068  3447  3447 I SurfaceFlinger:      Device | 0x7ea5024780 | 0000 | RGBA_8888 |   0.0    0.0  720.0   42.0 |    0    0  720   42 | StatusBar#0
10-15 23:09:12.068  3447  3447 I SurfaceFlinger: 
10-15 23:09:12.070 10163 10195 I glean/MetricsPingSched: The 'metrics' ping was already sent today, 1697404152060.
10-15 23:09:12.080 10163 10195 I libglean_ffi: glean_core::ping: Collecting baseline
10-15 23:09:12.081  3447  3447 I SurfaceFlinger: Display 0 HWC layers:
10-15 23:09:12.081  3447  3447 I SurfaceFlinger:     type    |    handle    | flag |  format   |   source crop (l,t,r,b)    |         frame       | name 
10-15 23:09:12.081  3447  3447 I SurfaceFlinger: ------------+--------------+------+-----------+----------------------------+---------------------+------
10-15 23:09:12.081  3447  3447 I SurfaceFlinger:      Device | 0x7e9ec22380 | 0000 | RGBA_8888 |   0.0    0.0  720.0 1280.0 |    0    0  720 1280 | Splash Screen org.mozilla.fenix#0
10-15 23:09:12.081  3447  3447 I SurfaceFlinger:      Device | 0x7ea5024780 | 0000 | RGBA_8888 |   0.0    0.0  720.0   42.0 |    0    0  720   42 | StatusBar#0
10-15 23:09:12.081  3447  3447 I SurfaceFlinger: 
10-15 23:09:12.085 10163 10192 I Gecko:DumpUtils: Fifo watcher disabled via pref.
10-15 23:09:12.092  3957  4324 I OpenGLRenderer: Initialized EGL, version 1.4
10-15 23:09:12.092  3957  4324 D OpenGLRenderer: Swap behavior 2
10-15 23:09:12.096 10163 10195 I libglean_ffi: glean_core::upload::directory: Processing ping at: /data/user/0/org.mozilla.fenix/glean_data/pending_pings/cc0de83d-0316-4e8d-ad51-b4a99460d907
10-15 23:09:12.105 10163 10195 I libglean_ffi: glean_core::metrics::ping: The ping 'baseline' was submitted and will be sent as soon as possible
10-15 23:09:12.129 10163 10191 I libglean_ffi: glean_core::ping: Collecting pageload
10-15 23:09:12.131 10163 10191 I libglean_ffi: glean_core::ping: Storage for pageload empty. Bailing out.
10-15 23:09:12.131 10163 10191 I libglean_ffi: glean_core::metrics::ping: No content for ping 'pageload', therefore no ping queued.
10-15 23:09:12.141 10163 10163 I FenixApplication: AutoPushFeature is configured, initializing it...
10-15 23:09:12.144 10163 10163 I AbstractFirebasePushService: start
10-15 23:09:12.156 10163 10191 I libglean_ffi: glean_core::core: Upload enabled: true
10-15 23:09:12.183  3957 12585 D SamsungAlarmManager: setExact Intent (T:0/F:1/AC:false) 20331012T230912 - CU:10169/CP:10163
10-15 23:09:12.195 10163 10174 I zygote64: Background concurrent copying GC freed 16910(1018KB) AllocSpace objects, 16(432KB) LOS objects, 49% free, 2MB/5MB, paused 7.618ms total 106.935ms
10-15 23:09:12.205  3957  7899 D StorageManagerService: getExternalStorageMountMode : 1
10-15 23:09:12.205  3957  7899 D StorageManagerService: getExternalStorageMountMode : 3
10-15 23:09:12.206  3957  7899 D StorageManagerService: getExternalStorageMountMode : final mountMode=1, uid : 10169, packageName : org.mozilla.fenix
10-15 23:09:12.206  3957  7899 I ApplicationPolicy: isApplicationExternalStorageWhitelisted:org.mozilla.fenix user:0
10-15 23:09:12.206  3957  7899 D ApplicationPolicy: isApplicationExternalStorageWhitelisted: DO is not enabled on user 0. Allowed.
10-15 23:09:12.206  3957  7899 D ActivityManager: package  org.mozilla.fenix, user - 0 is SDcard whitelisted
10-15 23:09:12.206  3957  7899 I ApplicationPolicy: isApplicationExternalStorageBlacklisted:org.mozilla.fenix user:0
10-15 23:09:12.206  3957  7899 D ApplicationPolicy: isApplicationExternalStorageBlacklisted: DO is not enabled on user 0. Allowed.
10-15 23:09:12.208  4961  4961 D io_stats: !@ 179,0 r 5733571 179204936 w 1313240 28397160 d 104331 31775060 f 301796 318593 iot 2506320 2211372 th 51200 0 0 pt 0 inp 0 0 406141.359
10-15 23:09:12.221  3957  7899 I ActivityManager: Start proc 10244:org.mozilla.fenix:tab22/u0a169 for service org.mozilla.fenix/org.mozilla.gecko.process.GeckoChildProcessServices$tab22
10-15 23:09:12.222 10244 10244 E Zygote  : isWhitelistProcess - Process is Whitelisted
10-15 23:09:12.223 10244 10244 E libpersona: scanKnoxPersonas
10-15 23:09:12.223 10244 10244 E libpersona: Couldn't open the File - /data/system/users/0/personalist.xml - No such file or directory
10-15 23:09:12.226 10244 10244 W SELinux : SELinux selinux_android_compute_policy_index : Policy Index[2],  Con:u:r:zygote:s0 RAM:SEPF_SM-J720F_8.0.0_0002, [-1 -1 -1 -1 0 1]
10-15 23:09:12.227 10244 10244 I SELinux : SELinux: seapp_context_lookup: seinfo=untrusted, level=s0:c512,c768, pkgname=org.mozilla.fenix:tab22 
10-15 23:09:12.232  3957  5415 D ConnectivityService: filterNetworkStateForUid() uid: 10169 networkInfo: [type: WIFI[] - WIFI, state: CONNECTED/CONNECTED, reason: (unspecified), extra: "ourhome", failover: false, available: true, roaming: false, metered: false]
10-15 23:09:12.233  3957  5415 D WifiService: getConnectionInfo uid=1000
10-15 23:09:12.237 10163 10237 I push::internal::communications::rate_limiter: No need to reset inner timestamp and count for verify_connection.
10-15 23:09:12.252 10163 10237 I push::internal::communications::rate_limiter: Not allowed: count(31) > 1 for verify_connection.
10-15 23:09:12.253 10244 10244 D TimaKeyStoreProvider: TimaKeyStore is not enabled: cannot add TimaSignature Service and generateKeyPair Service
10-15 23:09:12.253 10163 10237 I AutoPushFeature: No change to subscriptions. Doing nothing.
10-15 23:09:12.254 10244 10244 D ActivityThread: Added TimaKeyStore provider
10-15 23:09:12.257  3957 12585 I ActivityManager: DSS on for org.mozilla.fenix and scale is 1.0
10-15 23:09:12.266  3957  7899 D PackageManager: setEnabledSetting : userId = 0 packageName = org.mozilla.fenix cmp = androidx.work.impl.background.systemalarm.RescheduleReceiver newState = 1 callingPackage = 10169/org.mozilla.fenix
10-15 23:09:12.275 10244 10244 I zygote64: no shared libraies, dex_files: 1
10-15 23:09:12.285  3957  7899 D ConnectivityService: filterNetworkStateForUid() uid: 10169 networkInfo: [type: WIFI[] - WIFI, state: CONNECTED/CONNECTED, reason: (unspecified), extra: "ourhome", failover: false, available: true, roaming: false, metered: false]
10-15 23:09:12.286  3957  7899 D WifiService: getConnectionInfo uid=1000
10-15 23:09:12.296  3957  5415 D ConnectivityService: filterNetworkStateForUid() uid: 10169 networkInfo: [type: WIFI[] - WIFI, state: CONNECTED/CONNECTED, reason: (unspecified), extra: "ourhome", failover: false, available: true, roaming: false, metered: false]
10-15 23:09:12.296  3957  5415 D WifiService: getConnectionInfo uid=1000
10-15 23:09:12.302  3957  5415 D ConnectivityService: filterNetworkStateForUid() uid: 10169 networkInfo: [type: WIFI[] - WIFI, state: CONNECTED/CONNECTED, reason: (unspecified), extra: "ourhome", failover: false, available: true, roaming: false, metered: false]
10-15 23:09:12.302  3957  5415 D WifiService: getConnectionInfo uid=1000
10-15 23:09:12.306 10163 10255 D ConnectivityManager: requestNetwork; CallingUid : 10169, CallingPid : 10163
10-15 23:09:12.313 10163 10163 I NavController: Ignoring popBackStack to destination org.mozilla.fenix:id/browserFragment as it was not found on the current back stack
10-15 23:09:12.317  3957  5415 D ConnectivityService: requestNetwork for uid/pid:10169/10163 NetworkRequest [ TRACK_DEFAULT id=1166, [ Capabilities: INTERNET&NOT_RESTRICTED&TRUSTED&NOT_VPN] ]
10-15 23:09:12.320  3957  4157 D ConnectivityService: rematching NetworkAgentInfo [WIFI () - 507]
10-15 23:09:12.320  3957  4157 D ConnectivityService:  network has: [ Transports: WIFI Capabilities: NOT_METERED&INTERNET&NOT_RESTRICTED&TRUSTED&NOT_VPN&VALIDATED&FOREGROUND LinkUpBandwidth>=1048576Kbps LinkDnBandwidth>=1048576Kbps SignalStrength: -43]
10-15 23:09:12.320  3957  4157 D ConnectivityService: Network NetworkAgentInfo [WIFI () - 507] was already satisfying request 1150. No change.
10-15 23:09:12.320  3957  4157 D ConnectivityService: Network NetworkAgentInfo [WIFI () - 507] was already satisfying request 1155. No change.
10-15 23:09:12.320  3957  4157 D ConnectivityService: Network NetworkAgentInfo [WIFI () - 507] was already satisfying request 1. No change.
10-15 23:09:12.320  3957  4157 D ConnectivityService: Network NetworkAgentInfo [WIFI () - 507] was already satisfying request 3. No change.
10-15 23:09:12.321  3957  4157 D ConnectivityService: sending mNetworkRequests to WWSM through Network Monitor [ Transports: WIFI Capabilities: NOT_RESTRICTED&TRUSTED&NOT_VPN]
10-15 23:09:12.321  3957  4157 D ConnectivityService: multi(falsetruefalse)
10-15 23:09:12.321  3957  4157 D ConnectivityService:   checking if request is satisfied: NetworkRequest [ TRACK_DEFAULT id=1166, [ Capabilities: INTERNET&NOT_RESTRICTED&TRUSTED&NOT_VPN] ]
10-15 23:09:12.321  3957  4157 D ConnectivityService: currentScore = 0, newScore = 100
10-15 23:09:12.321  3957  4157 D ConnectivityService: rematch for NetworkAgentInfo [WIFI () - 507]
10-15 23:09:12.321  3957  4157 D ConnectivityService:    accepting network in place of null
10-15 23:09:12.321  3957 17051 D NetworkMonitor/NetworkAgentInfo [WIFI () - 507]: ValidatedState{ when=-1ms what=151659 arg1=1 obj=Bundle[{UID=10025, requestID=1165}] target=com.android.internal.util.StateMachine$SmHandler }
10-15 23:09:12.321  3957  4157 D ConnectivityService: sending new Min Network Score(100): NetworkRequest [ TRACK_DEFAULT id=1166, [ Capabilities: INTERNET&NOT_RESTRICTED&TRUSTED&NOT_VPN] ]
10-15 23:09:12.322  3957 17051 D NetworkMonitor/NetworkAgentInfo [WIFI () - 507]: DefaultState{ when=-1ms what=151659 arg1=1 obj=Bundle[{UID=10025, requestID=1165}] target=com.android.internal.util.StateMachine$SmHandler }
10-15 23:09:12.322  3957  4313 D Ethernet: got request NetworkRequest [ TRACK_DEFAULT id=1166, [ Capabilities: INTERNET&NOT_RESTRICTED&TRUSTED&NOT_VPN] ] with score 100
10-15 23:09:12.322  3957  4313 D Ethernet:   my score=-1, my filter=[ Transports: ETHERNET Capabilities: INTERNET&NOT_RESTRICTED&TRUSTED&NOT_VPN LinkUpBandwidth>=100000Kbps LinkDnBandwidth>=100000Kbps]
10-15 23:09:12.322  3957  4313 D Ethernet: evalRequest
10-15 23:09:12.322  3957  4313 D Ethernet:   done
10-15 23:09:12.322  3957  4157 D ConnectivityService: MultiNetwork Request(TransportType - Wi-Fi request). Internet Capability doesn't required (false)
10-15 23:09:12.322  3957  4129 D WIFI    : got request NetworkRequest [ TRACK_DEFAULT id=1166, [ Capabilities: INTERNET&NOT_RESTRICTED&TRUSTED&NOT_VPN] ] with score 100
10-15 23:09:12.322  3957  4153 D WIFI_P2P: got request NetworkRequest [ TRACK_DEFAULT id=1166, [ Capabilities: INTERNET&NOT_RESTRICTED&TRUSTED&NOT_VPN] ] with score 100
10-15 23:09:12.323  3957  4153 D WIFI_P2P:   my score=60, my filter=[ Transports: WIFI Capabilities: WIFI_P2P&NOT_RESTRICTED&TRUSTED&NOT_VPN LinkUpBandwidth>=1048576Kbps LinkDnBandwidth>=1048576Kbps]
10-15 23:09:12.323  3957  4129 D WIFI    :   my score=60, my filter=[ Transports: WIFI Capabilities: NOT_METERED&INTERNET&NOT_RESTRICTED&TRUSTED&NOT_VPN LinkUpBandwidth>=1048576Kbps LinkDnBandwidth>=1048576Kbps]
10-15 23:09:12.323  3957  4153 D WIFI_P2P: evalRequest
10-15 23:09:12.323  3957  4129 D WIFI    : evalRequest
10-15 23:09:12.323  3957  4153 D WIFI_P2P:   done
10-15 23:09:12.323  3957  4157 D ConnectivityService: sending notification AVAILABLE for NetworkRequest [ TRACK_DEFAULT id=1166, [ Capabilities: INTERNET&NOT_RESTRICTED&TRUSTED&NOT_VPN] ]
10-15 23:09:12.323  3957  4129 D WIFI    :   done
10-15 23:09:12.323  4616  4616 D PhoneSwitcherNetworkRequstListener: got request NetworkRequest [ TRACK_DEFAULT id=1166, [ Capabilities: INTERNET&NOT_RESTRICTED&TRUSTED&NOT_VPN] ] with score 100
10-15 23:09:12.323  3957  4129 D WIFI_UT : got request NetworkRequest [ TRACK_DEFAULT id=1166, [ Capabilities: INTERNET&NOT_RESTRICTED&TRUSTED&NOT_VPN] ] with score 100
10-15 23:09:12.323  3957  4129 D WIFI_UT :   my score=2147483647, my filter=[ Transports: WIFI Capabilities: NOT_METERED&INTERNET&NOT_RESTRICTED&TRUSTED&NOT_VPN LinkUpBandwidth>=1048576Kbps LinkDnBandwidth>=1048576Kbps]
10-15 23:09:12.323  3957  4157 D ConnectivityService: sending notification CAP_CHANGED for NetworkRequest [ TRACK_DEFAULT id=1166, [ Capabilities: INTERNET&NOT_RESTRICTED&TRUSTED&NOT_VPN] ]
10-15 23:09:12.323  3957  4129 D WIFI_UT : evalRequest
10-15 23:09:12.323  3957  4129 D WIFI_UT :   needNetworkFor
10-15 23:09:12.323  3957  4157 D ConnectivityService: sending notification IP_CHANGED for NetworkRequest [ TRACK_DEFAULT id=1166, [ Capabilities: INTERNET&NOT_RESTRICTED&TRUSTED&NOT_VPN] ]
10-15 23:09:12.323  4616  4616 D PhoneSwitcherNetworkRequstListener:   my score=101, my filter=[ Transports: CELLULAR Capabilities: MMS&SUPL&DUN&FOTA&IMS&CBS&IA&RCS&XCAP&EIMS&INTERNET&NOT_RESTRICTED&TRUSTED&NOT_VPN&ENT1 Specifier: <android.net.MatchAllNetworkSpecifier@0>]
10-15 23:09:12.323  4616  4616 D PhoneSwitcherNetworkRequstListener: evalRequest
10-15 23:09:12.323  4616  4616 D PhoneSwitcherNetworkRequstListener:   needNetworkFor
10-15 23:09:12.327  3957  5415 D ConnectivityService: filterNetworkStateForUid() uid: 10169 networkInfo: [type: WIFI[] - WIFI, state: CONNECTED/CONNECTED, reason: (unspecified), extra: "ourhome", failover: false, available: true, roaming: false, metered: false]
10-15 23:09:12.328  3957  5415 D WifiService: getConnectionInfo uid=1000
10-15 23:09:12.329  3957  5415 D ConnectivityService: filterNetworkStateForUid() uid: 10169 networkInfo: [type: WIFI[] - WIFI, state: CONNECTED/CONNECTED, reason: (unspecified), extra: "ourhome", failover: false, available: true, roaming: false, metered: false]
10-15 23:09:12.329  3957  5415 D WifiService: getConnectionInfo uid=1000
10-15 23:09:12.354 10244 10244 I ServiceChildProcess: onCreate
10-15 23:09:12.356 10244 10275 I GeckoThread: preparing to run Gecko
10-15 23:09:12.359  3328  3328 W keymaster2_mdfpp: entered get_key_characteristics function.
10-15 23:09:12.361  3328  3328 W keymaster_tee: [WRN]KEY_PARAMS: AES ENC DEC GCM PADNO AUTH SIZE:256 
10-15 23:09:12.361  3328  3328 W keymaster_tee: [WRN]KEY_PARAMS: 20230928203226 
10-15 23:09:12.361  3328  3328 W keymaster2_mdfpp: exit get_key_characteristics function, returned 0
10-15 23:09:12.369  3328  3328 W keymaster2_mdfpp: entered get_key_characteristics function.
10-15 23:09:12.371  3328  3328 W keymaster_tee: [WRN]KEY_PARAMS: AES ENC DEC GCM PADNO AUTH SIZE:256 
10-15 23:09:12.371  3328  3328 W keymaster_tee: [WRN]KEY_PARAMS: 20230928203226 
10-15 23:09:12.371  3328  3328 W keymaster2_mdfpp: exit get_key_characteristics function, returned 0
10-15 23:09:12.373  3957  4045 D SamsungAlarmManager: Expired : 8
10-15 23:09:12.374  3957  4045 I SamsungAlarmManager: setLocked to kernel - T:3 / 20231015T231000, SetElapsed=1066587379, nowELAPSED=1066539752
10-15 23:09:12.374  3957  4045 V SamsungAlarmManager: Sending to uid : 10074 action=com.samsung.action.EVERY_MINUTE_CLOCK_UPDATE alarm=Alarm{3da4f22 type 1 when 1697404140000 com.sec.android.app.launcher}
10-15 23:09:12.376  3328  3328 W keymaster2_mdfpp: entered get_key_characteristics function.
10-15 23:09:12.377  6985  6985 I Launcher: onReceive: com.samsung.action.EVERY_MINUTE_CLOCK_UPDATE
10-15 23:09:12.378  3328  3328 W keymaster_tee: [WRN]KEY_PARAMS: AES ENC DEC GCM PADNO AUTH SIZE:256 
10-15 23:09:12.378  3328  3328 W keymaster_tee: [WRN]KEY_PARAMS: 20230928203226 
10-15 23:09:12.378  3328  3328 W keymaster2_mdfpp: exit get_key_characteristics function, returned 0
10-15 23:09:12.379  3957  4045 V SamsungAlarmManager: Sending to uid : 10025 action=com.google.android.gms.auth.authzen.cryptauth.DEVICE_STATE_CHECK_DELAY_COMPLETE alarm=Alarm{384ff70 type 3 when 1066539752 com.google.android.gms}
10-15 23:09:12.379 10163 10163 I ContileTopSitesUpdater: Started periodic work to update Contile top sites
10-15 23:09:12.388  3957 12585 D SamsungAlarmManager: setInexact Intent (T:1/F:0/AC:false) 20231015T231000 - CU:10074/CP:6985
10-15 23:09:12.388  3957 12585 I SamsungAlarmManager: setLocked to kernel - T:3 / 20231015T231000, SetElapsed=1066587378, nowELAPSED=1066539766
10-15 23:09:12.388  6985  6985 I IconView: applyFromShortcutInfo - start GetLive : com.samsung.android.calendar
10-15 23:09:12.388  6985  6985 I IconView: applyFromShortcutInfo - end GetLive : com.samsung.android.calendar
10-15 23:09:12.390  6985  6985 I IconView: applyFromApplicationInfo - start GetLive : com.sec.android.app.clockpackage
10-15 23:09:12.392  3328  3328 W keymaster2_mdfpp: entered get_key_characteristics function.
10-15 23:09:12.394  3328  3328 W keymaster_tee: [WRN]KEY_PARAMS: AES ENC DEC GCM PADNO AUTH SIZE:256 
10-15 23:09:12.394  3328  3328 W keymaster_tee: [WRN]KEY_PARAMS: 20230928203226 
10-15 23:09:12.394  3328  3328 W keymaster2_mdfpp: exit get_key_characteristics function, returned 0
10-15 23:09:12.394  6985  6985 D ApplicationPackageManager: we has com.sec.android.app.clockpackage class. reuse it 
10-15 23:09:12.394  6985  6985 D LiveIconLoader: getLiveIcon was called in ClockPackage
10-15 23:09:12.395  3328  3328 W keymaster2_mdfpp: entered begin function.
10-15 23:09:12.395  6985  6985 D LiveIconLoader: getLiveIcon res = com.sec.android.app.clockpackage
10-15 23:09:12.396  3957 12585 D SamsungAlarmManager: setInexact Intent (T:3/F:0/AC:false) 20331012T230912 - CU:10025/CP:6107
10-15 23:09:12.397  3328  3328 W keymaster2_mdfpp: exit begin function, returned 0
10-15 23:09:12.397  6985  6985 D LiveIconLoader: stdIconSize : 84 , targetIconSize : 94
10-15 23:09:12.397  6985  6985 D LiveIconLoader: mIconDpi : 320 , mTargetIconDpi : 280
10-15 23:09:12.399  3328  3328 W keymaster2_mdfpp: entered update function.
10-15 23:09:12.400  3328  3328 W keymaster2_mdfpp: exit update function, returned 0
10-15 23:09:12.401  3328  3328 W keymaster2_mdfpp: entered finish function.
10-15 23:09:12.402  3328  3328 W keymaster2_mdfpp: exit finish function, returned 0
10-15 23:09:12.403  3589  3589 W keystore: ENTER remove operation from uid 10169
10-15 23:09:12.409  6985  6985 I ApplicationPackageManager: load= live icon for com.sec.android.app.clockpackage, from overlay = false
10-15 23:09:12.410  6985  6985 I LiveIconManager: getLiveIcon: complete(sync_created)
10-15 23:09:12.410  6985  6985 I IconView: applyFromApplicationInfo - end GetLive : com.sec.android.app.clockpackage
10-15 23:09:12.411  6985  6985 I IconView: applyFromApplicationInfo - start GetLive : com.samsung.android.calendar
10-15 23:09:12.411  6985  6985 I IconView: applyFromApplicationInfo - end GetLive : com.samsung.android.calendar
10-15 23:09:12.435  3957 12585 D ConnectivityService: filterNetworkStateForUid() uid: 10025 networkInfo: [type: WIFI[] - WIFI, state: CONNECTED/CONNECTED, reason: (unspecified), extra: "ourhome", failover: false, available: true, roaming: false, metered: false]
10-15 23:09:12.435  3957 12585 D WifiService: getConnectionInfo uid=1000
10-15 23:09:12.436  6107 10277 I Authzen : [DeviceStateSyncManager] The server is in sync with current state. Nothing to do
10-15 23:09:12.452 10163 10202 W logins::schema: user_version: 2
10-15 23:09:12.470  6107  6107 D BoundBrokerSvc: onUnbind: Intent { act=com.google.android.gms.auth.cryptauth.cryptauthservice.START dat=chimera-action: cmp=com.google.android.gms/.chimera.GmsBoundBrokerService }
10-15 23:09:12.491  3957  3966 I zygote64: Background concurrent copying GC freed 152356(7MB) AllocSpace objects, 86(2MB) LOS objects, 36% free, 41MB/65MB, paused 618us total 189.318ms
10-15 23:09:12.522 12416 12416 E adbd    : recv: OPEN 00000d2d 00000000 0076:73 68 65 6C 6C 2C 76 32 2C 54 45 52 4D 3D 78 74 65 72 6D 2D 32 35 36 63 6F 6C 6F 72 2C 72 61 77 3A 64 75 6D 70 73 79 73 20 61 63 74 69 76 69 74 79 20 72 65 63 65 6E 74 73 20 7C 20 67 72 65 70 20 22 52 65 63 65 6E 74 20 23 30 22 20 7C 20 63 75 74 20 2D 64 20 22 3D 22 20 2D 66 32 20 7C 20 67 72 65 70 20 2D 6F 20 2D 70 20 22 5B 61 2D 7A 7C 2E 5D 2A 22 00 
10-15 23:09:12.522 12416 12416 E adbd    : service_to_fd: shell,v2,TERM=xterm-256color,raw:dumpsys activity recents | grep "Recent #0" | cut -d "=" -f2 | grep -o -p "[a-z|.]*"
10-15 23:09:12.532 10163 10192 W ResourceType: Too many attribute references, stopped at: 0x01010099
10-15 23:09:12.573 10163 10163 W GeckoViewActivityContextDelegate: A non-activity context was set.
10-15 23:09:12.573  3957  5415 D StorageManagerService: getExternalStorageMountMode : 1
10-15 23:09:12.573  3957  5415 D StorageManagerService: getExternalStorageMountMode : 3
10-15 23:09:12.573  3957  5415 D StorageManagerService: getExternalStorageMountMode : final mountMode=1, uid : 10169, packageName : org.mozilla.fenix
10-15 23:09:12.573  3957  5415 I ApplicationPolicy: isApplicationExternalStorageWhitelisted:org.mozilla.fenix user:0
10-15 23:09:12.574  3957  5415 D ApplicationPolicy: isApplicationExternalStorageWhitelisted: DO is not enabled on user 0. Allowed.
10-15 23:09:12.574  3957  5415 D ActivityManager: package  org.mozilla.fenix, user - 0 is SDcard whitelisted
10-15 23:09:12.574  3957  5415 I ApplicationPolicy: isApplicationExternalStorageBlacklisted:org.mozilla.fenix user:0
10-15 23:09:12.574  3957  5415 D ApplicationPolicy: isApplicationExternalStorageBlacklisted: DO is not enabled on user 0. Allowed.
10-15 23:09:12.583 12416 12416 E adbd    : recv: OPEN 00000d31 00000000 0042:73 68 65 6C 6C 2C 76 32 2C 54 45 52 4D 3D 78 74 65 72 6D 2D 32 35 36 63 6F 6C 6F 72 2C 72 61 77 3A 67 65 74 70 72 6F 70 20 72 6F 2E 62 75 69 6C 64 2E 76 65 72 73 69 6F 6E 2E 72 65 6C 65 61 73 65 00 
10-15 23:09:12.583 12416 12416 E adbd    : service_to_fd: shell,v2,TERM=xterm-256color,raw:getprop ro.build.version.release
10-15 23:09:12.587 10319 10319 E Zygote  : isWhitelistProcess - Process is Whitelisted
10-15 23:09:12.587 10319 10319 E libpersona: scanKnoxPersonas
10-15 23:09:12.587 10319 10319 E libpersona: Couldn't open the File - /data/system/users/0/personalist.xml - No such file or directory
10-15 23:09:12.588  3957  5415 I ActivityManager: Start proc 10319:org.mozilla.fenix:gpu/u0a169 for service org.mozilla.fenix/org.mozilla.gecko.process.GeckoChildProcessServices$gpu
10-15 23:09:12.589 10319 10319 W SELinux : SELinux selinux_android_compute_policy_index : Policy Index[2],  Con:u:r:zygote:s0 RAM:SEPF_SM-J720F_8.0.0_0002, [-1 -1 -1 -1 0 1]
10-15 23:09:12.591 10319 10319 I SELinux : SELinux: seapp_context_lookup: seinfo=untrusted, level=s0:c512,c768, pkgname=org.mozilla.fenix:gpu 
10-15 23:09:12.593  3957  5415 D ConnectivityService: filterNetworkStateForUid() uid: 10169 networkInfo: [type: WIFI[] - WIFI, state: CONNECTED/CONNECTED, reason: (unspecified), extra: "ourhome", failover: false, available: true, roaming: false, metered: false]
10-15 23:09:12.593  3957  5415 D WifiService: getConnectionInfo uid=1000
10-15 23:09:12.594  3957  5415 I chatty  : uid=1000(system) Binder:3957_F identical 1 line
10-15 23:09:12.594 10163 10192 W linker  : "/data/app/org.mozilla.fenix-iWpGOrf8cry6RDpwHyQugA==/lib/arm64/libsoftokn3.so" unused DT entry: type 0x8000024 arg 0x2580
10-15 23:09:12.594  3957  5415 D WifiService: getConnectionInfo uid=1000
10-15 23:09:12.595 10163 10192 W linker  : "/data/app/org.mozilla.fenix-iWpGOrf8cry6RDpwHyQugA==/lib/arm64/libsoftokn3.so" unused DT entry: type 0x8000023 arg 0x70
10-15 23:09:12.595 10163 10192 W linker  : "/data/app/org.mozilla.fenix-iWpGOrf8cry6RDpwHyQugA==/lib/arm64/libsoftokn3.so" unused DT entry: type 0x8000025 arg 0x8
10-15 23:09:12.595  3957  5415 D ConnectivityService: filterNetworkStateForUid() uid: 10169 networkInfo: [type: WIFI[] - WIFI, state: CONNECTED/CONNECTED, reason: (unspecified), extra: "ourhome", failover: false, available: true, roaming: false, metered: false]
10-15 23:09:12.595  3957  5415 D WifiService: getConnectionInfo uid=1000
10-15 23:09:12.603 10163 10163 I BgSyncManager: Periodic syncing enabled: PeriodicSyncConfig(periodMinutes=240, initialDelayMinutes=5)
10-15 23:09:12.603 10163 10163 I FirefoxAccountStateMachine: Sync is enabled
10-15 23:09:12.616 10319 10319 D TimaKeyStoreProvider: TimaKeyStore is not enabled: cannot add TimaSignature Service and generateKeyPair Service
10-15 23:09:12.616 10319 10319 D ActivityThread: Added TimaKeyStore provider
10-15 23:09:12.618  3957  5415 I ActivityManager: DSS on for org.mozilla.fenix and scale is 1.0
10-15 23:09:12.620 10163 10192 W linker  : "/data/app/org.mozilla.fenix-iWpGOrf8cry6RDpwHyQugA==/lib/arm64/libfreebl3.so" unused DT entry: type 0x8000024 arg 0xe78
10-15 23:09:12.620 10163 10192 W linker  : "/data/app/org.mozilla.fenix-iWpGOrf8cry6RDpwHyQugA==/lib/arm64/libfreebl3.so" unused DT entry: type 0x8000023 arg 0x68
10-15 23:09:12.620 10163 10192 W linker  : "/data/app/org.mozilla.fenix-iWpGOrf8cry6RDpwHyQugA==/lib/arm64/libfreebl3.so" unused DT entry: type 0x8000025 arg 0x8
10-15 23:09:12.623 10163 10209 I StartupTypeTelemetry: Recorded start up: cold_main
10-15 23:09:12.631 10163 10338 D OpenGLRenderer: HWUI GL Pipeline
10-15 23:09:12.634 12416 12416 E adbd    : recv: OPEN 00000d35 00000000 003e:73 68 65 6C 6C 2C 76 32 2C 54 45 52 4D 3D 78 74 65 72 6D 2D 32 35 36 63 6F 6C 6F 72 2C 72 61 77 3A 67 65 74 70 72 6F 70 20 72 6F 2E 62 75 69 6C 64 2E 76 65 72 73 69 6F 6E 2E 73 64 6B 00 
10-15 23:09:12.634 10319 10319 I zygote64: no shared libraies, dex_files: 1
10-15 23:09:12.634 12416 12416 E adbd    : service_to_fd: shell,v2,TERM=xterm-256color,raw:getprop ro.build.version.sdk
10-15 23:09:12.635 10163 10163 D ViewRootImpl@710a6bd[App]: setView = DecorView@812c4b2[App] TM=true MM=false
10-15 23:09:12.636  3957  5413 D ActivityManager: post active user change for 0 fullscreen true isHomeActivity() false
10-15 23:09:12.636 10163 10163 I Choreographer: Skipped 58 frames!  The application may be doing too much work on its main thread.
10-15 23:09:12.640 10163 10292 W linker  : "/data/app/org.mozilla.fenix-iWpGOrf8cry6RDpwHyQugA==/lib/arm64/libnssckbi.so" unused DT entry: type 0x8000024 arg 0xc08
10-15 23:09:12.640 10163 10292 W linker  : "/data/app/org.mozilla.fenix-iWpGOrf8cry6RDpwHyQugA==/lib/arm64/libnssckbi.so" unused DT entry: type 0x8000023 arg 0x258
10-15 23:09:12.640 10163 10292 W linker  : "/data/app/org.mozilla.fenix-iWpGOrf8cry6RDpwHyQugA==/lib/arm64/libnssckbi.so" unused DT entry: type 0x8000025 arg 0x8
10-15 23:09:12.640 10163 10163 D ViewRootImpl@710a6bd[App]: dispatchAttachedToWindow
10-15 23:09:12.646  3957  5415 V WindowManager: Relayout Window{f9a5c1e u0 org.mozilla.fenix/org.mozilla.fenix.App}: viewVisibility=0 req=719x1237 WM.LayoutParams{(0,0)(fillxfill) sim=#110 ty=1 fl=#81010100 pfl=0x20000 wanim=0x7f1404fa vsysui=0x2610 needsMenuKey=2 colorMode=0 naviIconColor=0}
10-15 23:09:12.648  3957  5413 D ConnectivityService: filterNetworkStateForUid() uid: 10169 networkInfo: [type: WIFI[] - WIFI, state: CONNECTED/CONNECTED, reason: (unspecified), extra: "ourhome", failover: false, available: true, roaming: false, metered: false]
10-15 23:09:12.648  3957  5413 D WifiService: getConnectionInfo uid=1000
10-15 23:09:12.651  3447  3447 I SurfaceFlinger: id=1838 createSurf (720x1280),1 flag=404, org.mozilla.fenix/org.mozilla.fenix.App#0
10-15 23:09:12.652  3957  5415 V Surface : sf_framedrop debug : 0x4f4c, game : false, logging : 0
10-15 23:09:12.653  3957  3973 D WindowManager: set systemUiVisibility : systemUiFlags= 0x2608 fullscreenStackSysUiFlags= 0x0
10-15 23:09:12.657  3957  5415 D InputDispatcher: Focus entered window: 10163
10-15 23:09:12.659 10163 10163 V Surface : sf_framedrop debug : 0x4f4c, game : false, logging : 0
10-15 23:09:12.660 10163 10163 D ViewRootImpl@710a6bd[App]: Relayout returned: old=[0,0][0,0] new=[0,0][720,1280] result=0x7 surface={valid=true 499296231424} changed=true
10-15 23:09:12.660 10163 10338 I OpenGLRenderer: Initialized EGL, version 1.4
10-15 23:09:12.661 10163 10338 D OpenGLRenderer: Swap behavior 2
10-15 23:09:12.661  3957  5413 D WindowManager: adjustSystemUiVisibilityLw : vis= 0x2608
10-15 23:09:12.663 10163 10338 D libGLESv1: STS_GLApi : DTS, ODTC are not allowed for Package : org.mozilla.fenix
10-15 23:09:12.665 10163 10338 D mali_winsys: EGLint new_window_surface(egl_winsys_display *, void *, EGLSurface, EGLConfig, egl_winsys_surface **, egl_color_buffer_format *, EGLBoolean) returns 0x3000,  [720x1280]-format:1
10-15 23:09:12.666 10163 10338 D OpenGLRenderer: eglCreateWindowSurface = 0x743af0a040
10-15 23:09:12.668  3447  3447 I SurfaceFlinger: id=1839 createSurf (720x1238),1 flag=4, SurfaceView - org.mozilla.fenix/org.mozilla.fenix.App@b6c1bf3@0#0
10-15 23:09:12.669  3447  3447 I SurfaceFlinger: id=1840 createSurf (720x1238),-1 flag=20004, Background for - SurfaceView - org.mozilla.fenix/org.mozilla.fenix.App@b6c1bf3@0#0
10-15 23:09:12.670 10163 10163 D SurfaceView: BG hide() Surface(name=Background for - SurfaceView - org.mozilla.fenix/org.mozilla.fenix.App@b6c1bf3@0) false true org.mozilla.gecko.MagnifiableSurfaceView{b6c1bf3 V.E...... ......ID 0,0-720,1238}
10-15 23:09:12.679 10163 10163 V Surface : sf_framedrop debug : 0x4f4c, game : false, logging : 0
10-15 23:09:12.679 10163 10163 D SurfaceView: surfaceCreated 1 org.mozilla.gecko.MagnifiableSurfaceView{b6c1bf3 V.E...... ......ID 0,0-720,1238}
10-15 23:09:12.679 10163 10163 D SurfaceView: surfaceChanged (720,1238) 1 org.mozilla.gecko.MagnifiableSurfaceView{b6c1bf3 V.E...... ......ID 0,0-720,1238}
10-15 23:09:12.689  3957  5415 D ConnectivityService: filterNetworkStateForUid() uid: 10169 networkInfo: [type: WIFI[] - WIFI, state: CONNECTED/CONNECTED, reason: (unspecified), extra: "ourhome", failover: false, available: true, roaming: false, metered: false]
10-15 23:09:12.689  3957  5415 D WifiService: getConnectionInfo uid=1000
10-15 23:09:12.699  3599  3918 D DnsProxyListener: DNSDBG::dns addrinfo af 0
10-15 23:09:12.700  3599  3918 I chatty  : uid=0(root) /system/bin/netd identical 1 line
10-15 23:09:12.703  3599  3918 D DnsProxyListener: DNSDBG::dns addrinfo af 0
10-15 23:09:12.704 10163 10191 I libglean_ffi: glean_core::ping: Collecting baseline
10-15 23:09:12.716 12416 12416 E adbd    : recv: OPEN 00000d39 00000000 0042:73 68 65 6C 6C 2C 76 32 2C 54 45 52 4D 3D 78 74 65 72 6D 2D 32 35 36 63 6F 6C 6F 72 2C 72 61 77 3A 67 65 74 70 72 6F 70 20 72 6F 2E 62 75 69 6C 64 2E 76 65 72 73 69 6F 6E 2E 72 65 6C 65 61 73 65 00 
10-15 23:09:12.716 12416 12416 E adbd    : service_to_fd: shell,v2,TERM=xterm-256color,raw:getprop ro.build.version.release
10-15 23:09:12.719 10319 10319 I ServiceChildProcess: onCreate
10-15 23:09:12.721 10319 10355 I GeckoThread: preparing to run Gecko
10-15 23:09:12.724 10163 10191 I libglean_ffi: glean_core::upload::directory: Processing ping at: /data/user/0/org.mozilla.fenix/glean_data/pending_pings/713981d0-dabb-4774-b499-24662f95cd00
10-15 23:09:12.725 10163 10191 I libglean_ffi: glean_core::metrics::ping: The ping 'baseline' was submitted and will be sent as soon as possible
10-15 23:09:12.767 12416 12416 E adbd    : recv: OPEN 00000d3d 00000000 003e:73 68 65 6C 6C 2C 76 32 2C 54 45 52 4D 3D 78 74 65 72 6D 2D 32 35 36 63 6F 6C 6F 72 2C 72 61 77 3A 67 65 74 70 72 6F 70 20 72 6F 2E 62 75 69 6C 64 2E 76 65 72 73 69 6F 6E 2E 73 64 6B 00 
10-15 23:09:12.767 12416 12416 E adbd    : service_to_fd: shell,v2,TERM=xterm-256color,raw:getprop ro.build.version.sdk
10-15 23:09:12.790  3957  5415 D WifiService: getConnectionInfo uid=1000
10-15 23:09:12.796  3957  5415 I chatty  : uid=1000(system) Binder:3957_F identical 5 lines
10-15 23:09:12.796  3957  5415 I chatty  : uid=1000(system) Binder:3957_F identical 4 lines
10-15 23:09:12.797  3957  5415 D ConnectivityService: filterNetworkStateForUid() uid: 10169 networkInfo: [type: WIFI[] - WIFI, state: CONNECTED/CONNECTED, reason: (unspecified), extra: "ourhome", failover: false, available: true, roaming: false, metered: false]
10-15 23:09:12.797  3957  5415 D WifiService: getConnectionInfo uid=1000
10-15 23:09:12.802 10163 10363 I FirefoxAccountStateMachine: Processing event 'mozilla.components.service.fxa.manager.Event$Account$Start@b89ced4' for state Idle(accountState=NotAuthenticated). Next state is Active(progressState=Initializing)
10-15 23:09:12.803  3957  5413 V WindowManager: Relayout Window{f9a5c1e u0 org.mozilla.fenix/org.mozilla.fenix.App}: viewVisibility=0 req=720x1280 WM.LayoutParams{(0,0)(fillxfill) sim=#110 ty=1 fl=#81010100 pfl=0x20000 fmt=-3 wanim=0x7f1404fa vsysui=0x2610 needsMenuKey=2 colorMode=0 naviIconColor=0}
10-15 23:09:12.809 10163 10163 D ViewRootImpl@710a6bd[App]: Relayout returned: old=[0,0][720,1280] new=[0,0][720,1280] result=0x3 surface={valid=true 499296231424} changed=false
10-15 23:09:12.815  3599  3918 D DnsProxyListener: DNSDBG::dns addrinfo af 0
10-15 23:09:12.815  3599  3918 D DnsProxyListener: DNSDBG::dns addrinfo af 2
10-15 23:09:12.816  3599  3918 D DnsProxyListener: DNSDBG::dns addrinfo af 0
10-15 23:09:12.816  3328  3328 W keymaster2_mdfpp: entered get_key_characteristics function.
10-15 23:09:12.818  3599  3918 D DnsProxyListener: DNSDBG::dns addrinfo af 0
10-15 23:09:12.818  3328  3328 W keymaster_tee: [WRN]KEY_PARAMS: AES ENC DEC GCM PADNO AUTH SIZE:256 
10-15 23:09:12.818  3328  3328 W keymaster_tee: [WRN]KEY_PARAMS: 20230928203226 
10-15 23:09:12.818  3328  3328 W keymaster2_mdfpp: exit get_key_characteristics function, returned 0
10-15 23:09:12.819 12416 12416 E adbd    : recv: OPEN 00000d41 00000000 015d:73 68 65 6C 6C 2C 76 32 2C 54 45 52 4D 3D 78 74 65 72 6D 2D 32 35 36 63 6F 6C 6F 72 2C 72 61 77 3A 61 6D 20 73 74 61 72 74 2D 66 6F 72 65 67 72 6F 75 6E 64 2D 73 65 72 76 69 63 65 20 2D 6E 20 22 63 6F 6D 2E 65 78 61 6D 70 6C 65 2E 62 61 74 74 65 72 79 6D 61 6E 61 67 65 72 5F 75 74 69 6C 69 74 79 2F 63 6F 6D 2E 65 78 61 6D 70 6C 65 2E 62 61 74 74 65 72 79 6D 61 6E 61 67 65 72 5F 75 74 69 6C 69 74 79 2E 44 61 74 61 43 6F 6C 6C 65 63 74 69 6F 6E 53 65 72 76 69 63 65 22 20 2D 2D 65 69 20 73 61 6D 70 6C 65 52 61 74 65 20 31 30 30 20 2D 2D 65 73 20 22 64 61 74 61 46 69 65 6C 64 73 22 20 22 42 41 54 54 45 52 59 5F 50 52 4F 50 45 52 54 59 5F 43 55 52 52 45 4E 54 5F 4E 4F 57 2C 45 58 54 52 41 5F 56 4F 4C 54 41 47 45 2C 42 41 54 54 45 52 59 5F 50 52 4F 50 45 52 54 59 5F 43 55 52 52 45 4E 54 5F 41 56 45 52 41 47 45 2C 42 41 54 54 45 52 59 5F 50 52 4F 50 45 52 54 59 5F 43 48 41 52 47 45 5F 43 4F 55 4E 54 45 52 2C 42 41 54 54 45 52 59 5F 50 52 4F 50 45 52 54 59 5F 43 41 50 41 43 49 54 59
10-15 23:09:12.819 12416 12416 E adbd    : service_to_fd: shell,v2,TERM=xterm-256color,raw:am start-foreground-service -n "com.example.batterymanager_utility/com.example.batterymanager_utility.DataCollectionService" --ei sampleRate 100 --es "dataFields" "BATTERY_PROPERTY_CURRENT_NOW,EXTRA_VOLTAGE,BATTERY_PROPERTY_CURRENT_AVERAGE,BATTERY_PROPERTY_CHARGE_COUNTER,BATTERY_PROPERTY_CAPACITY" --ez toCSV false
10-15 23:09:12.819  3599  3918 D DnsProxyListener: DNSDBG::dns addrinfo af 0
10-15 23:09:12.823  3328  3328 W keymaster2_mdfpp: entered get_key_characteristics function.
10-15 23:09:12.824  3328  3328 W keymaster_tee: [WRN]KEY_PARAMS: AES ENC DEC GCM PADNO AUTH SIZE:256 
10-15 23:09:12.825  3328  3328 W keymaster_tee: [WRN]KEY_PARAMS: 20230928203226 
10-15 23:09:12.825  3328  3328 W keymaster2_mdfpp: exit get_key_characteristics function, returned 0
10-15 23:09:12.830 10163 10192 W GeckoEventDispatcher: No listener for GeckoView:PageAction:Update
10-15 23:09:12.835  3599  3918 D DnsProxyListener: DNSDBG::dns addrinfo af 2
10-15 23:09:12.838  3599  3918 D DnsProxyListener: DNSDBG::dns addrinfo af 0
10-15 23:09:12.847 10163 10363 I FirefoxAccount: Registering persistence callback
10-15 23:09:12.847 10163 10363 I FirefoxAccountStateMachine: Ran 'mozilla.components.service.fxa.manager.Event$Account$Start@b89ced4' side-effects for state Active(progressState=Initializing), got successive event mozilla.components.service.fxa.manager.Event$Progress$AccountNotFound@e10246c
10-15 23:09:12.847 10163 10363 I FirefoxAccountStateMachine: Processing event 'mozilla.components.service.fxa.manager.Event$Progress$AccountNotFound@e10246c' for state Active(progressState=Initializing). Next state is Idle(accountState=NotAuthenticated)
10-15 23:09:12.852  3957  5413 V WindowManager: finishDrawingLocked: mDrawState=COMMIT_DRAW_PENDING Window{f9a5c1e u0 org.mozilla.fenix/org.mozilla.fenix.App} in Surface(name=org.mozilla.fenix/org.mozilla.fenix.App)
10-15 23:09:12.853 10163 10163 D ViewRootImpl@710a6bd[App]: MSG_RESIZED_REPORT: frame=Rect(0, 0 - 720, 1280) ci=Rect(0, 42 - 0, 0) vi=Rect(0, 42 - 0, 0) or=1
10-15 23:09:12.853 10163 10163 D ViewRootImpl@710a6bd[App]: MSG_WINDOW_FOCUS_CHANGED 1
10-15 23:09:12.858  3957  4025 D ViewRootImpl@8168c0d[fenix]: dispatchDetachedFromWindow
10-15 23:09:12.858  3957  4025 D InputEventReceiver: channel 'f53c7c2 Splash Screen org.mozilla.fenix (client)' ~ Disposing input event receiver.
10-15 23:09:12.858  3957  4025 D InputEventReceiver: channel 'f53c7c2 Splash Screen org.mozilla.fenix (client)' ~NativeInputEventReceiver.
10-15 23:09:12.861  3957  3973 D WindowManager: set systemUiVisibility : systemUiFlags= 0x2618 fullscreenStackSysUiFlags= 0x0
10-15 23:09:12.862  3957  5415 D WindowManager: adjustSystemUiVisibilityLw : vis= 0x2618
10-15 23:09:12.866  3957  3981 I ActivityManager: Displayed org.mozilla.fenix/.App: +1s414ms
10-15 23:09:12.866  3957  3973 D WindowManager: set systemUiVisibility : systemUiFlags= 0x2618 fullscreenStackSysUiFlags= 0x2000
10-15 23:09:12.866  3957  3981 D CustomFrequencyManagerService: acquireDVFSLockLocked : type : DVFS_MIN_LIMIT  frequency : 1560000  uid : 1000  pid : 3957  pkgName : AMS_RESUME_TAIL@CPU_MIN@58
10-15 23:09:12.866  3957  3981 D ActivityManagerPerformance: AMP_acquire() TAIL
10-15 23:09:12.867  3957  3981 D CustomFrequencyManagerService: releaseDVFSLockLocked : Getting Lock type frm List : DVFS_MIN_LIMIT  frequency : 1560000  uid : 1000  pid : 3957  tag : AMS_APP_SWITCH@CPU_MIN@52
10-15 23:09:12.867  3957  3981 D ActivityManagerPerformance: AMP_release() APP_SWITCH
10-15 23:09:12.868 10163 10163 V InputMethodManager: Starting input: tba=android.view.inputmethod.EditorInfo@f809a35 nm : org.mozilla.fenix ic=null
10-15 23:09:12.868 10163 10163 I InputMethodManager: startInputInner - mService.startInputOrWindowGainedFocus
10-15 23:09:12.868  3957  5415 D InputMethodManagerService: startInputOrWindowGainedFocus : windowGainedFocus 
10-15 23:09:12.869  3957  5415 D InputMethodManagerService: windowGainedFocus: destinationUserId (getCallingUid) = 0
10-15 23:09:12.869  3957  5415 D InputMethodManagerService: windowGainedFocus: currentUserId=0
10-15 23:09:12.869  3957  5415 D InputMethodManagerService: windowGainedFocus: mCurrentFocusedUserId=0
10-15 23:09:12.869  3957  5415 D InputMethodManagerService: windowGainedFocus : lock - currentUserId = 0 destinationUserId = 0
