--------- beginning of main
10-15 23:16:03.686  6343  6427 I chatty  : uid=1002(bluetooth) BT Service Call expire 269 lines
10-15 23:16:03.686  6343  6427 D ScanRecord: Not a Multi Manu data
10-15 23:16:03.686 12416 12416 E adbd    : recv: OPEN 00000d99 00000000 0042:73 68 65 6C 6C 2C 76 32 2C 54 45 52 4D 3D 78 74 65 72 6D 2D 32 35 36 63 6F 6C 6F 72 2C 72 61 77 3A 67 65 74 70 72 6F 70 20 72 6F 2E 62 75 69 6C 64 2E 76 65 72 73 69 6F 6E 2E 72 65 6C 65 61 73 65 00 
10-15 23:16:03.686 12416 12416 E adbd    : service_to_fd: shell,v2,TERM=xterm-256color,raw:getprop ro.build.version.release
10-15 23:16:03.686  6343  6427 D ScanRecord: Not a Multi Manu data
10-15 23:16:03.727  6343  6427 I chatty  : uid=1002(bluetooth) BT Service Call identical 143 lines
10-15 23:16:03.727  6343  6427 D ScanRecord: Not a Multi Manu data
10-15 23:16:03.742 12416 12416 E adbd    : recv: OPEN 00000d9d 00000000 003e:73 68 65 6C 6C 2C 76 32 2C 54 45 52 4D 3D 78 74 65 72 6D 2D 32 35 36 63 6F 6C 6F 72 2C 72 61 77 3A 67 65 74 70 72 6F 70 20 72 6F 2E 62 75 69 6C 64 2E 76 65 72 73 69 6F 6E 2E 73 64 6B 00 
10-15 23:16:03.742 12416 12416 E adbd    : service_to_fd: shell,v2,TERM=xterm-256color,raw:getprop ro.build.version.sdk
10-15 23:16:03.743  6343  6427 D ScanRecord: Not a Multi Manu data
10-15 23:16:03.805  6343  6427 I chatty  : uid=1002(bluetooth) BT Service Call identical 165 lines
10-15 23:16:03.805  6343  6427 D ScanRecord: Not a Multi Manu data
10-15 23:16:03.805 12416 12416 E adbd    : recv: OPEN 00000da1 00000000 00c4:73 68 65 6C 6C 2C 76 32 2C 54 45 52 4D 3D 78 74 65 72 6D 2D 32 35 36 63 6F 6C 6F 72 2C 72 61 77 3A 61 6D 20 73 74 61 72 74 20 2D 6E 20 22 63 6F 6D 2E 65 78 61 6D 70 6C 65 2E 62 61 74 74 65 72 79 6D 61 6E 61 67 65 72 5F 75 74 69 6C 69 74 79 2F 63 6F 6D 2E 65 78 61 6D 70 6C 65 2E 62 61 74 74 65 72 79 6D 61 6E 61 67 65 72 5F 75 74 69 6C 69 74 79 2E 4D 61 69 6E 41 63 74 69 76 69 74 79 22 20 2D 61 20 61 6E 64 72 6F 69 64 2E 69 6E 74 65 6E 74 2E 61 63 74 69 6F 6E 2E 4D 41 49 4E 20 2D 63 20 61 6E 64 72 6F 69 64 2E 69 6E 74 65 6E 74 2E 63 61 74 65 67 6F 72 79 2E 4C 41 55 4E 43 48 45 52 00 
10-15 23:16:03.805 12416 12416 E adbd    : service_to_fd: shell,v2,TERM=xterm-256color,raw:am start -n "com.example.batterymanager_utility/com.example.batterymanager_utility.MainActivity" -a android.intent.action.MAIN -c android.intent.category.LAUNCHER
10-15 23:16:03.806  6343  6427 D ScanRecord: Not a Multi Manu data
10-15 23:16:03.894  6343  6427 I chatty  : uid=1002(bluetooth) BT Service Call identical 208 lines
10-15 23:16:03.894  6343  6427 D ScanRecord: Not a Multi Manu data
--------- beginning of system
10-15 23:16:03.899  3957  4554 I ActivityManager: START u0 {act=android.intent.action.MAIN typ=null flg=0x10000000 cmp=ComponentInfo{com.example.batterymanager_utility/com.example.batterymanager_utility.MainActivity}} from uid 2000
10-15 23:16:03.901  3957  4554 D CustomFrequencyManagerService: acquireDVFSLockLocked : type : DVFS_MIN_LIMIT  frequency : 1560000  uid : 1000  pid : 3957  pkgName : AMS_APP_SWITCH@CPU_MIN@52
10-15 23:16:03.904  3957  4554 D ActivityManagerPerformance: AMP_acquire() APP_SWITCH
10-15 23:16:03.904  3957  5022 D ActivityManagerPerformance: Received MSG_CFMS_HINT_AMS_SWITCH pkgName: com.example.batterymanager_utility
10-15 23:16:03.905  3957  6478 D TelephonyManager: getAllCellInfo : Caller (PID / UID / TID): 3957 / 1000 / 6478
10-15 23:16:03.910  6985  6985 V Launcher: Launcher.onPause()
10-15 23:16:03.910  6985  6985 D Launcher: setHotWordDetection : call requestHotWordDetection false
10-15 23:16:03.913  3957  3957 D MdnieScenarioControlService: Listener Real Multi Window State : false
10-15 23:16:03.918  3957 14960 D ActivityManager: isScaleDownAnimationEnabled() : false
10-15 23:16:03.919  7135  7135 I GsaVoiceInteractionSrv: Handling ACTION_STOP_HOTWORD
10-15 23:16:03.920  3957 14960 D StorageManagerService: getExternalStorageMountMode : 1
10-15 23:16:03.920  3957 14960 D StorageManagerService: getExternalStorageMountMode : 3
10-15 23:16:03.921  3957 14960 D StorageManagerService: getExternalStorageMountMode : final mountMode=1, uid : 10170, packageName : com.example.batterymanager_utility
10-15 23:16:03.923  3957 14960 I ApplicationPolicy: isApplicationExternalStorageWhitelisted:com.example.batterymanager_utility user:0
10-15 23:16:03.925  3957 14960 D ApplicationPolicy: isApplicationExternalStorageWhitelisted: DO is not enabled on user 0. Allowed.
10-15 23:16:03.925  3957 14960 D ActivityManager: package  com.example.batterymanager_utility, user - 0 is SDcard whitelisted
10-15 23:16:03.925  3957 14960 I ApplicationPolicy: isApplicationExternalStorageBlacklisted:com.example.batterymanager_utility user:0
10-15 23:16:03.925  3957 14960 D ApplicationPolicy: isApplicationExternalStorageBlacklisted: DO is not enabled on user 0. Allowed.
10-15 23:16:03.931  3957  6478 D WifiService: getConnectionInfo uid=1000
10-15 23:16:03.942 10709 10709 E Zygote  : isWhitelistProcess - Process is Whitelisted
10-15 23:16:03.943 10709 10709 E libpersona: scanKnoxPersonas
10-15 23:16:03.943 10709 10709 E libpersona: Couldn't open the File - /data/system/users/0/personalist.xml - No such file or directory
10-15 23:16:03.943  3957 14960 I ActivityManager: Start proc 10709:com.example.batterymanager_utility/u0a170 for activity com.example.batterymanager_utility/.MainActivity
10-15 23:16:03.948  7135  7192 I HwDetectorWithState: (REDACTED) a: %d
10-15 23:16:03.951 10709 10709 W SELinux : SELinux selinux_android_compute_policy_index : Policy Index[2],  Con:u:r:zygote:s0 RAM:SEPF_SM-J720F_8.0.0_0002, [-1 -1 -1 -1 0 1]
10-15 23:16:03.952 10709 10709 I SELinux : SELinux: seapp_context_lookup: seinfo=untrusted, level=s0:c512,c768, pkgname=com.example.batterymanager_utility 
10-15 23:16:03.955 10709 10709 I zygote64: Late-enabling -Xcheck:jni
10-15 23:16:04.007  3957  4128 D WifiService: getConnectionInfo uid=1000
10-15 23:16:04.032 10709 10709 D TimaKeyStoreProvider: TimaKeyStore is not enabled: cannot add TimaSignature Service and generateKeyPair Service
10-15 23:16:04.034 10709 10709 D ActivityThread: Added TimaKeyStore provider
10-15 23:16:04.039  3957  4654 I ActivityManager: DSS on for com.example.batterymanager_utility and scale is 1.0
10-15 23:16:04.042  3957  4654 V WindowManager: rotationForOrientationLw(orient=-1, last=0); user=0  sensorRotation=-1 mLidState=-1 mDockMode=0 mHdmiPlugged=false
10-15 23:16:04.047  3957  4654 D PersonaManagerService: Current focused persona service handled id set to : 0
10-15 23:16:04.048  3957  4654 D InputDispatcher: Focused application set to: xxxx
10-15 23:16:04.048  3957  4654 D InputDispatcher: Focus left window: 6985
10-15 23:16:04.049  6985  6985 D ViewRootImpl@1042025[LauncherActivity]: MSG_WINDOW_FOCUS_CHANGED 0
10-15 23:16:04.050  3957  4220 D GameManagerService: handleForegroundChange(). pkgName: com.example.batterymanager_utility, clsName: com.example.batterymanager_utility.MainActivity,FgActivityName:com.example.batterymanager_utility/.MainActivity
10-15 23:16:04.050  3957  4220 D GameManagerService: sem_perfomance_mode: 3
10-15 23:16:04.050  3957  4220 D GameManagerService: notifyResumePause(). pkg: com.example.batterymanager_utility, type: 4, isMinimized: false, isTunableApp: false
10-15 23:16:04.050  3957  4220 D GameManagerService:   notifyResumePause(). unexpected mPrevNotiType: -1
10-15 23:16:04.050  3957  4654 D MARsPolicyManager: onPackageResumedFG pkgName = com.example.batterymanager_utility, userId = 0
10-15 23:16:04.054  3957  6478 D GamePkgDataHelper: getGamePkgDataIncServer(). com.example.batterymanager_utility
10-15 23:16:04.055  3957  6478 D GameManagerService: identifyGamePackage. com.example.batterymanager_utility
10-15 23:16:04.055  3957  6478 D GamePkgDataHelper: getGamePkgData(). com.example.batterymanager_utility
10-15 23:16:04.056  4340  7045 D SystemServicesProxy: updateOverviewLastStackActiveTimeAsync: newTime=1697404151494
10-15 23:16:04.056  3957  6478 D GameManagerService: identifyGamePackage. com.example.batterymanager_utility
10-15 23:16:04.056  3957  6478 D GamePkgDataHelper: getGamePkgData(). com.example.batterymanager_utility
10-15 23:16:04.056  3957  6478 D GamePkgDataHelper: getSosPolicy(). com.example.batterymanager_utility
10-15 23:16:04.056  3957  4654 D SecContentProvider: query(), uri = 17 selection = isSettingsChangesAllowed
10-15 23:16:04.057  3957  4654 D SecContentProvider: called from android.uid.systemui:10009
10-15 23:16:04.057  4340  4692 D SystemServicesProxy: updateOverviewLastStackActiveTimeAsync: done.
10-15 23:16:04.057  3957  6478 D GameManagerService: identifyGamePackage. com.example.batterymanager_utility
10-15 23:16:04.057  3957  6478 D GamePkgDataHelper: getGamePkgData(). com.example.batterymanager_utility
10-15 23:16:04.061  3957  6478 D GameManagerService: identifyGamePackage. com.example.batterymanager_utility
10-15 23:16:04.061  3957  6478 D GamePkgDataHelper: getGamePkgData(). com.example.batterymanager_utility
10-15 23:16:04.185  3957  4089 D MdnieScenarioControlService:  packageName : com.example.batterymanager_utility    className : com.example.batterymanager_utility.MainActivity
10-15 23:16:04.185  3957  4089 V MdnieScenarioControlService: setUIMode from UI function(3)
10-15 23:16:04.208 10709 10709 I zygote64: no shared libraies, dex_files: 1
10-15 23:16:04.217  3957  4025 D ViewRootImpl@83a8a31[batterymanager_utility]: setView = DecorView@23e97[batterymanager_utility] TM=true MM=false
10-15 23:16:04.234  3957  4025 D ViewRootImpl@83a8a31[batterymanager_utility]: dispatchAttachedToWindow
10-15 23:16:04.234  3957  4025 V WindowManager: Relayout Window{9edf516 u0 Splash Screen com.example.batterymanager_utility}: viewVisibility=0 req=719x1237 WM.LayoutParams{(0,0)(fillxfill) sim=#20 ty=3 fl=#81830118 pfl=0x20011 wanim=0x10302fd vsysui=0x600 needsMenuKey=2 colorMode=0 naviIconColor=0}
10-15 23:16:04.237  4340  4340 D WallpaperService: updateSurface forceRelayout=true redrawNeeded=false myWidth=1280 myHeight=1280 fixedSize=true x = 0 y = 0 mWidth=1280 mHeight=1280 mIsSleepMode=false
10-15 23:16:04.237  3447  3447 I SurfaceFlinger: id=1844 createSurf (720x1280),1 flag=404, Splash Screen com.example.batterymanager_utility#0
10-15 23:16:04.238  3957  4025 V Surface : sf_framedrop debug : 0x4f4c, game : false, logging : 0
10-15 23:16:04.241  3957  4025 D ViewRootImpl@83a8a31[batterymanager_utility]: Relayout returned: old=[0,0][0,0] new=[0,0][720,1280] result=0x7 surface={valid=true 501464604672} changed=true
10-15 23:16:04.241  3957  4025 D ViewRootImpl@83a8a31[batterymanager_utility]: MSG_RESIZED_REPORT: frame=Rect(0, 0 - 720, 1280) ci=Rect(0, 42 - 0, 0) vi=Rect(0, 42 - 0, 0) or=1
10-15 23:16:04.241  3957  4554 V WindowManager: Relayout Window{b8b4ba7 u0 com.android.systemui.ImageWallpaper}: viewVisibility=0 req=1280x1280 WM.LayoutParams{(0,0)(1280x1280) gr=#800033 ty=2013 fl=#10318 fmt=2 wanim=0x103030e colorMode=0 naviIconColor=0}
10-15 23:16:04.244  4340  4340 D ImageWallpaper: onOffsetsChanged: xOffset=0.0, yOffset=0.0, xOffsetStep=0.0, yOffsetStep=0.0, xPixels=0, yPixels=0
10-15 23:16:04.245  4340  4340 D ImageWallpaper: newRotation : 0,mLastRotation : 0
10-15 23:16:04.245  4340  4340 D ImageWallpaper: drawFrame:[frame.width()]1280[frame.height()]1280
10-15 23:16:04.245  4340  4340 D ImageWallpaper: surfaceDimensionsChanged=false mDisplayWidth=720 mDisplayHeight=1280
10-15 23:16:04.245  4340  4340 D ImageWallpaper: redrawNeeded = false, mOffsetsChanged = false
10-15 23:16:04.245  4340  4340 D ImageWallpaper: Suppressed drawFrame since redraw is not needed and offsets have not changed.
10-15 23:16:04.256  3957  4025 V WindowManager: finishDrawingLocked: mDrawState=COMMIT_DRAW_PENDING Window{9edf516 u0 Splash Screen com.example.batterymanager_utility} in Surface(name=Splash Screen com.example.batterymanager_utility)
10-15 23:16:04.258  3957  4025 D SamsungAnimationCreator: createAnimation type:LowEnd transit:12 enter:false wallpaperXoffset:-280 split:false fixedOri:false
10-15 23:16:04.258  3957  4025 D SamsungAnimationCreator: createAnimation displayFrame:Rect(0, 0 - 720, 1280) frame:null insets:null
10-15 23:16:04.259 10709 10709 I BatteryMgr:App: creating notification channel
10-15 23:16:04.268  3957  3973 D WindowManager: set systemUiVisibility : systemUiFlags= 0x608 fullscreenStackSysUiFlags= 0x0
10-15 23:16:04.268  6985  6985 I Launcher: onWindowVisibilityChanged : false
10-15 23:16:04.273  6985  7033 D OpenGLRenderer: eglDestroySurface = 0x74a61ea540
10-15 23:16:04.273  3957  4554 V WindowManager: Relayout Window{3b84925 u0 com.sec.android.app.launcher/com.sec.android.app.launcher.activities.LauncherActivity}: viewVisibility=8 req=720x1280 WM.LayoutParams{(0,0)(fillxfill) sim=#130 ty=1 fl=#81910d00 pfl=0x20000 fmt=-2 wanim=0x10302ea vsysui=0x700 needsMenuKey=2 colorMode=0 naviIconColor=0}
10-15 23:16:04.277  6985  6985 D ViewRootImpl@1042025[LauncherActivity]: Relayout returned: old=[0,0][720,1280] new=[0,0][720,1280] result=0x5 surface={valid=false 0} changed=true
10-15 23:16:04.281  3957  4554 D WindowManager: adjustSystemUiVisibilityLw : vis= 0x608
10-15 23:16:04.355  3447  3447 I SurfaceFlinger: Display 0 HWC layers:
10-15 23:16:04.355  3447  3447 I SurfaceFlinger:     type    |    handle    | flag |  format   |   source crop (l,t,r,b)    |         frame       | name 
10-15 23:16:04.355  3447  3447 I SurfaceFlinger: ------------+--------------+------+-----------+----------------------------+---------------------+------
10-15 23:16:04.355  3447  3447 I SurfaceFlinger:      Device | 0x7e9ec22c80 | 0002 | RGBx_8888 | 280.0    0.0 1000.0 1280.0 |    0    0  720 1280 | com.android.systemui.ImageWallpaper#0
10-15 23:16:04.355  3447  3447 I SurfaceFlinger:      Device | 0x7ea5024600 | 0000 | RGBA_8888 |  21.0   37.0  700.0 1244.0 |    0    0  720 1280 | com.sec.android.app.launcher/com.sec[...]uncher.activities.LauncherActivity#0
10-15 23:16:04.355  3447  3447 I SurfaceFlinger:      Device | 0x7ea5024240 | 0002 | RGBA_8888 |   0.0    0.0  720.0 1280.0 |  133  236  588 1044 | Splash Screen com.example.batterymanager_utility#0
10-15 23:16:04.355  3447  3447 I SurfaceFlinger:      Device | 0x7ea5024780 | 0000 | RGBA_8888 |   0.0    0.0  720.0   42.0 |    0    0  720   42 | StatusBar#0
10-15 23:16:04.355  3447  3447 I SurfaceFlinger: 
10-15 23:16:04.380 10709 10726 D OpenGLRenderer: HWUI GL Pipeline
10-15 23:16:04.388 10709 10709 D ViewRootImpl@4470b6[MainActivity]: setView = DecorView@a3fa1b7[MainActivity] TM=true MM=false
10-15 23:16:04.388  3957  4554 D ActivityManager: post active user change for 0 fullscreen true isHomeActivity() false
10-15 23:16:04.516 10709 10709 W zygote64: Class androidx.compose.runtime.snapshots.SnapshotStateList failed lock verification and will run slower.
10-15 23:16:04.516 10709 10709 W zygote64: Common causes for lock verification issues are non-optimized dex code
10-15 23:16:04.516 10709 10709 W zygote64: and incorrect proguard optimizations.
10-15 23:16:04.519  3957  4129 D WifiStateMachine:  ConnectedState !RSSI_PKTCNT_FETCH uid=1000 rt=406553668/1066951896 0 0 "ourhome" f4:6d:2f:12:cc:88 rssi=-44 f=5240 sc=60 link=433 tx=1.9, 0.0, 0.0  rx=5.6 bcn=90932 [on:0 tx:0 rx:0 period:999] from screen [on:58158 period:428652] score=60
10-15 23:16:04.520  3957  4129 D WifiStateMachine:  L2ConnectedState !RSSI_PKTCNT_FETCH uid=1000 rt=406553670/1066951897 0 0 "ourhome" f4:6d:2f:12:cc:88 rssi=-44 f=5240 sc=60 link=433 tx=1.9, 0.0, 0.0  rx=5.6 bcn=90932 [on:0 tx:0 rx:0 period:1] from screen [on:58158 period:428653] score=60
10-15 23:16:04.526  3957  4129 D WifiStateMachine: fetchRssiLinkSpeedAndFrequencyNative rssi=-44 linkspeed=433 freq=5240
10-15 23:16:04.623 10709 10709 D ViewRootImpl@4470b6[MainActivity]: dispatchAttachedToWindow
10-15 23:16:04.677  3957  4554 V WindowManager: Relayout Window{998b41c u0 com.example.batterymanager_utility/com.example.batterymanager_utility.MainActivity}: viewVisibility=0 req=719x1237 WM.LayoutParams{(0,0)(fillxfill) sim=#120 ty=1 fl=#81810100 pfl=0x20000 wanim=0x10302fd vsysui=0x600 needsMenuKey=2 colorMode=0 naviIconColor=0}
10-15 23:16:04.680  3447  3447 I SurfaceFlinger: id=1845 createSurf (720x1280),1 flag=404, com.example.batterymanager_utility/com.example.batterymanager_utility.MainActivity#0
10-15 23:16:04.682  3957  4554 V Surface : sf_framedrop debug : 0x4f4c, game : false, logging : 0
10-15 23:16:04.686  3957  4554 D InputDispatcher: Focus entered window: 10709
10-15 23:16:04.690 10709 10709 V Surface : sf_framedrop debug : 0x4f4c, game : false, logging : 0
10-15 23:16:04.691 10709 10709 D ViewRootImpl@4470b6[MainActivity]: Relayout returned: old=[0,0][0,0] new=[0,0][720,1280] result=0x7 surface={valid=true 502085304320} changed=true
10-15 23:16:04.703 10709 10726 I OpenGLRenderer: Initialized EGL, version 1.4
10-15 23:16:04.703 10709 10726 D OpenGLRenderer: Swap behavior 2
10-15 23:16:04.704  3447  3447 I SurfaceFlinger: Display 0 HWC layers:
10-15 23:16:04.704  3447  3447 I SurfaceFlinger:     type    |    handle    | flag |  format   |   source crop (l,t,r,b)    |         frame       | name 
10-15 23:16:04.704  3447  3447 I SurfaceFlinger: ------------+--------------+------+-----------+----------------------------+---------------------+------
10-15 23:16:04.704  3447  3447 I SurfaceFlinger:      Device | 0x7ea5024240 | 0002 | RGBA_8888 |   0.0    0.0  720.0 1280.0 |    0    0  720 1280 | Splash Screen com.example.batterymanager_utility#0
10-15 23:16:04.704  3447  3447 I SurfaceFlinger:      Device | 0x7ea5024780 | 0000 | RGBA_8888 |   0.0    0.0  720.0   42.0 |    0    0  720   42 | StatusBar#0
10-15 23:16:04.704  3447  3447 I SurfaceFlinger: 
10-15 23:16:04.710 10709 10726 D libGLESv1: STS_GLApi : DTS, ODTC are not allowed for Package : com.example.batterymanager_utility
10-15 23:16:04.711 10709 10726 D mali_winsys: EGLint new_window_surface(egl_winsys_display *, void *, EGLSurface, EGLConfig, egl_winsys_surface **, egl_color_buffer_format *, EGLBoolean) returns 0x3000,  [720x1280]-format:1
10-15 23:16:04.711 10709 10726 D OpenGLRenderer: eglCreateWindowSurface = 0x74d44a7b80
10-15 23:16:04.713 10709 10709 D Compose Focus: Owner FocusChanged(true)
10-15 23:16:04.719  3957  4025 I WindowManager: Destroying surface Surface(name=com.sec.android.app.launcher/com.sec.android.app.launcher.activities.LauncherActivity) called by com.android.server.wm.WindowStateAnimator.destroySurface:2501 com.android.server.wm.WindowStateAnimator.destroySurfaceLocked:985 com.android.server.wm.WindowState.destroyOrSaveSurfaceUnchecked:3670 com.android.server.wm.WindowState.destroySurface:3618 com.android.server.wm.AppWindowToken.destroySurfaces:722 com.android.server.wm.AppWindowToken.destroySurfaces:706 com.android.server.wm.WindowState.onExitAnimationDone:5316 com.android.server.wm.AppWindowAnimator.stepAnimationLocked:508 
10-15 23:16:04.719  3447 18688 I SurfaceFlinger: id=1843 Removed com.sec.android.app.launcher/com.sec.android.app.launcher.activities.LauncherActivity#0 (1/6)
10-15 23:16:04.722  3447  4088 I SurfaceFlinger: id=1843 Removed com.sec.android.app.launcher/com.sec.android.app.launcher.activities.LauncherActivity#0 (-2/6)
10-15 23:16:04.724  4340  4361 D WallpaperService: dispatchAppVisibility onVisibilityChanged(): false
10-15 23:16:04.724  4340  4340 D ImageWallpaper: onVisibilityChanged: mVisible, visible=true, false
10-15 23:16:04.725  4340  4340 D ImageWallpaper: Visibility changed to visible=false
10-15 23:16:04.725  4340  4340 D WallpaperService: reportVisibility onVisibilityChanged visible: false
10-15 23:16:04.734  3447  3447 I Layer   : id=1843 onRemoved com.sec.android.app.launcher/com.sec.android.app.launcher.activities.LauncherActivity#0 
10-15 23:16:04.809  3957  4554 V WindowManager: finishDrawingLocked: mDrawState=COMMIT_DRAW_PENDING Window{998b41c u0 com.example.batterymanager_utility/com.example.batterymanager_utility.MainActivity} in Surface(name=com.example.batterymanager_utility/com.example.batterymanager_utility.MainActivity)
10-15 23:16:04.812 10709 10709 D ViewRootImpl@4470b6[MainActivity]: MSG_RESIZED_REPORT: frame=Rect(0, 0 - 720, 1280) ci=Rect(0, 42 - 0, 0) vi=Rect(0, 42 - 0, 0) or=1
10-15 23:16:04.812 10709 10709 D ViewRootImpl@4470b6[MainActivity]: MSG_WINDOW_FOCUS_CHANGED 1
10-15 23:16:04.813  3957  4025 D ViewRootImpl@83a8a31[batterymanager_utility]: dispatchDetachedFromWindow
10-15 23:16:04.813  3957  4025 D InputEventReceiver: channel '9edf516 Splash Screen com.example.batterymanager_utility (client)' ~ Disposing input event receiver.
10-15 23:16:04.813  3957  4025 D InputEventReceiver: channel '9edf516 Splash Screen com.example.batterymanager_utility (client)' ~NativeInputEventReceiver.
10-15 23:16:04.816 10709 10709 V InputMethodManager: Starting input: tba=android.view.inputmethod.EditorInfo@180915 nm : com.example.batterymanager_utility ic=null
10-15 23:16:04.816 10709 10709 I InputMethodManager: startInputInner - mService.startInputOrWindowGainedFocus
10-15 23:16:04.816  3957  4554 D InputMethodManagerService: startInputOrWindowGainedFocus : windowGainedFocus 
10-15 23:16:04.817  3957  4554 D InputMethodManagerService: windowGainedFocus: destinationUserId (getCallingUid) = 0
10-15 23:16:04.817  3957  4554 D InputMethodManagerService: windowGainedFocus: currentUserId=0
10-15 23:16:04.817  3957  4554 D InputMethodManagerService: windowGainedFocus: mCurrentFocusedUserId=0
10-15 23:16:04.817  3957  4554 D InputMethodManagerService: windowGainedFocus : lock - currentUserId = 0 destinationUserId = 0
10-15 23:16:04.817  3957  4554 D InputMethodManagerService: windowGainedFocus : mCurrentFocusedUserId - 0 and mSecureKeypadEnabled - false, userSwitched - false
10-15 23:16:04.819  3957  4554 V InputMethodManagerService: windowGainedFocus : reason=WINDOW_FOCUS_GAIN client=android.os.BinderProxy@b4690ee inputContext=null missingMethods= attribute=android.view.inputmethod.EditorInfo@5ec0fab nm = com.example.batterymanager_utility controlFlags=#105 softInputMode=#120 windowFlags=#81810100
10-15 23:16:04.820  3957  4554 V InputMethodManagerService: hideCurrentInputLocked : shouldHideSoftInput is false
10-15 23:16:04.820  3957  3981 I ActivityManager: Displayed com.example.batterymanager_utility/.MainActivity: +894ms
10-15 23:16:04.821  3957  3981 D CustomFrequencyManagerService: acquireDVFSLockLocked : type : DVFS_MIN_LIMIT  frequency : 1560000  uid : 1000  pid : 3957  pkgName : AMS_RESUME_TAIL@CPU_MIN@58
10-15 23:16:04.821  3957  3981 D ActivityManagerPerformance: AMP_acquire() TAIL
10-15 23:16:04.822  3957  3981 D CustomFrequencyManagerService: releaseDVFSLockLocked : Getting Lock type frm List : DVFS_MIN_LIMIT  frequency : 1560000  uid : 1000  pid : 3957  tag : AMS_APP_SWITCH@CPU_MIN@52
10-15 23:16:04.822  3957  3981 D ActivityManagerPerformance: AMP_release() APP_SWITCH
10-15 23:16:04.822  3957  4554 D InputMethodManagerService: isImeSwitcherDisabledPackage : false
10-15 23:16:04.822  3957  4554 V InputMethodManagerService: Creating new session for client ClientState{35161a1 uid 10170 pid 10709}
10-15 23:16:04.824  3957  4554 D InputMethodManagerService: setCurrentInputInfo - inputContext : null eidtorInfo : android.view.inputmethod.EditorInfo@5ec0fab missingMethods : 0
10-15 23:16:04.826  6896  6896 I InputMethodWrapper:  call dispatchStartInputWithToken
10-15 23:16:04.826  6896  6896 I InputMethodService: dispatchStartInputWithToken
10-15 23:16:04.826  6896  6896 I SKBD    : SamsungKeypad [IMI] onStartInput - caller pid : 10709, caller uid : 10170
10-15 23:16:04.839 10709 10709 V InputMethodManager: Starting input: tba=android.view.inputmethod.EditorInfo@83e742a nm : com.example.batterymanager_utility ic=null
10-15 23:16:04.846  6985  6985 D StageManager: saved stages : inStack [1] , outStack[2]
10-15 23:16:04.853  3447  3447 I SurfaceFlinger: Display 0 HWC layers:
10-15 23:16:04.853  3447  3447 I SurfaceFlinger:     type    |    handle    | flag |  format   |   source crop (l,t,r,b)    |         frame       | name 
10-15 23:16:04.853  3447  3447 I SurfaceFlinger: ------------+--------------+------+-----------+----------------------------+---------------------+------
10-15 23:16:04.853  3447  3447 I SurfaceFlinger:      Device | 0x7ea50243c0 | 0002 | RGBA_8888 |   0.0    0.0  720.0 1280.0 |    0    0  720 1280 | com.example.batterymanager_utility/c[...]atterymanager_utility.MainActivity#0
10-15 23:16:04.853  3447  3447 I SurfaceFlinger:      Device | 0x7ea5024240 | 0002 | RGBA_8888 |   0.0    0.0  720.0 1280.0 |    0    0  720 1280 | Splash Screen com.example.batterymanager_utility#0
10-15 23:16:04.853  3447  3447 I SurfaceFlinger:      Device | 0x7ea5024780 | 0000 | RGBA_8888 |   0.0    0.0  720.0   42.0 |    0    0  720   42 | StatusBar#0
10-15 23:16:04.853  3447  3447 I SurfaceFlinger: 
10-15 23:16:04.985  3957  4089 D MdnieScenarioControlService:  packageName : com.example.batterymanager_utility    className : com.example.batterymanager_utility.MainActivity
10-15 23:16:04.985  3957  4089 V MdnieScenarioControlService: setUIMode from UI function(3)
10-15 23:16:04.987  3447  3447 I SurfaceFlinger: Display 0 HWC layers:
10-15 23:16:04.987  3447  3447 I SurfaceFlinger:     type    |    handle    | flag |  format   |   source crop (l,t,r,b)    |         frame       | name 
10-15 23:16:04.987  3447  3447 I SurfaceFlinger: ------------+--------------+------+-----------+----------------------------+---------------------+------
10-15 23:16:04.987  3447  3447 I SurfaceFlinger:      Device | 0x7ea50243c0 | 0002 | RGBA_8888 |   0.0    0.0  720.0 1280.0 |    0    0  720 1280 | com.example.batterymanager_utility/c[...]atterymanager_utility.MainActivity#0
10-15 23:16:04.987  3447  3447 I SurfaceFlinger:      Device | 0x7ea5024780 | 0000 | RGBA_8888 |   0.0    0.0  720.0   42.0 |    0    0  720   42 | StatusBar#0
10-15 23:16:04.987  3447  3447 I SurfaceFlinger: 
10-15 23:16:04.989  3957  4025 I WindowManager: Destroying surface Surface(name=Splash Screen com.example.batterymanager_utility) called by com.android.server.wm.WindowStateAnimator.destroySurface:2501 com.android.server.wm.WindowStateAnimator.destroySurfaceLocked:985 com.android.server.wm.WindowState.destroyOrSaveSurfaceUnchecked:3670 com.android.server.wm.WindowState.destroySurface:3618 com.android.server.wm.AppWindowToken.destroySurfaces:722 com.android.server.wm.AppWindowToken.destroySurfaces:706 com.android.server.wm.WindowState.onExitAnimationDone:5316 com.android.server.wm.WindowStateAnimator.stepAnimationLocked:550 
10-15 23:16:04.989  3447 18688 I SurfaceFlinger: id=1844 Removed Splash Screen com.example.batterymanager_utility#0 (3/5)
10-15 23:16:04.994  3447  4088 I SurfaceFlinger: id=1844 Removed Splash Screen com.example.batterymanager_utility#0 (-2/5)
10-15 23:16:05.001  3447  3447 I Layer   : id=1844 onRemoved Splash Screen com.example.batterymanager_utility#0 
10-15 23:16:05.009  3957  4128 D WifiService: getConnectionInfo uid=1000
10-15 23:16:05.014  3957  4129 D WifiStateMachine:  ConnectedState !CMD_RSSI_POLL rt=406554164/1066952392 54 0 "ourhome" f4:6d:2f:12:cc:88 rssi=-44 f=5240 sc=60 link=433 tx=1.9, 0.0, 0.0  rx=5.6 bcn=90932 [on:0 tx:0 rx:0 period:494] from screen [on:58158 period:429147] score=60
10-15 23:16:05.014  3957  4129 D WifiStateMachine:  L2ConnectedState !CMD_RSSI_POLL rt=406554165/1066952392 54 0 "ourhome" f4:6d:2f:12:cc:88 rssi=-44 f=5240 sc=60 link=433 tx=1.9, 0.0, 0.0  rx=5.6 bcn=90932 [on:0 tx:0 rx:0 period:0] from screen [on:58158 period:429147] score=60
10-15 23:16:05.014  3957  4129 D WifiStateMachine:  get link layer stats 3
10-15 23:16:05.015  3436  3436 I android.hardware.wifi@1.0-service: getLinkLayerStats
10-15 23:16:05.018  3957  4129 D WifiStateMachine: fetchRssiLinkSpeedAndFrequencyNative rssi=-44 linkspeed=433 freq=5240
10-15 23:16:05.021  4340  4340 E SignalClusterView: setSlotFocusVisible : subId -2
10-15 23:16:05.021  4340  4340 E SignalClusterView: setSlotFocusVisible : subId -2
10-15 23:16:05.422  3957  3957 D CustomFrequencyManagerService: releaseDVFSLockLocked : Getting Lock type frm List : DVFS_MIN_LIMIT  frequency : 1560000  uid : 1000  pid : 3957  tag : AMS_RESUME_TAIL@CPU_MIN@58
10-15 23:16:05.520  3957  4129 D WifiStateMachine:  ConnectedState !RSSI_PKTCNT_FETCH uid=1000 rt=406554668/1066952896 0 0 "ourhome" f4:6d:2f:12:cc:88 rssi=-44 f=5240 sc=60 link=433 tx=1.3, 0.0, 0.0  rx=2.7 bcn=90962 [on:0 tx:0 rx:0 period:499] from screen [on:58284 period:429652] score=60
10-15 23:16:05.523  3957  4129 D WifiStateMachine:  L2ConnectedState !RSSI_PKTCNT_FETCH uid=1000 rt=406554671/1066952899 0 0 "ourhome" f4:6d:2f:12:cc:88 rssi=-44 f=5240 sc=60 link=433 tx=1.3, 0.0, 0.0  rx=2.7 bcn=90962 [on:0 tx:0 rx:0 period:3] from screen [on:58284 period:429655] score=60
10-15 23:16:05.530  3957  4129 D WifiStateMachine: fetchRssiLinkSpeedAndFrequencyNative rssi=-44 linkspeed=433 freq=5240
10-15 23:16:05.945  3957  3957 D PreBindingService: handleMessage : 1
10-15 23:16:06.012  3957  4128 D WifiService: getConnectionInfo uid=1000
10-15 23:16:06.050  3957  4030 D SensorService: [SO] 0.091 -0.081 9.974
10-15 23:16:06.522  3957  4129 D WifiStateMachine:  ConnectedState !RSSI_PKTCNT_FETCH uid=1000 rt=406555670/1066953898 0 0 "ourhome" f4:6d:2f:12:cc:88 rssi=-44 f=5240 sc=60 link=433 tx=1.3, 0.0, 0.0  rx=2.7 bcn=90962 [on:0 tx:0 rx:0 period:999] from screen [on:58284 period:430654] score=60
10-15 23:16:06.524  3957  4129 D WifiStateMachine:  L2ConnectedState !RSSI_PKTCNT_FETCH uid=1000 rt=406555673/1066953900 0 0 "ourhome" f4:6d:2f:12:cc:88 rssi=-44 f=5240 sc=60 link=433 tx=1.3, 0.0, 0.0  rx=2.7 bcn=90962 [on:0 tx:0 rx:0 period:3] from screen [on:58284 period:430657] score=60
10-15 23:16:06.532  3957  4129 D WifiStateMachine: fetchRssiLinkSpeedAndFrequencyNative rssi=-43 linkspeed=433 freq=5240
10-15 23:16:06.728  3957  4654 D BatteryService: !@BatteryListener : batteryPropertiesChanged!
10-15 23:16:07.016  3957  4128 D WifiService: getConnectionInfo uid=1000
10-15 23:16:07.218  3957  6478 D SSRM:k  : SIOP:: AP = 330, PST = 356 (W:30), BAT = 320, USB = 0, CHG = 0
10-15 23:16:07.524  3957  4129 D WifiStateMachine:  ConnectedState !RSSI_PKTCNT_FETCH uid=1000 rt=406556672/1066954900 0 0 "ourhome" f4:6d:2f:12:cc:88 rssi=-43 f=5240 sc=60 link=433 tx=1.3, 0.0, 0.0  rx=2.7 bcn=90962 [on:0 tx:0 rx:0 period:999] from screen [on:58284 period:431656] score=60
10-15 23:16:07.526  3957  4129 D WifiStateMachine:  L2ConnectedState !RSSI_PKTCNT_FETCH uid=1000 rt=406556675/1066954902 0 0 "ourhome" f4:6d:2f:12:cc:88 rssi=-43 f=5240 sc=60 link=433 tx=1.3, 0.0, 0.0  rx=2.7 bcn=90962 [on:0 tx:0 rx:0 period:3] from screen [on:58284 period:431659] score=60
10-15 23:16:07.533  3957  4129 D WifiStateMachine: fetchRssiLinkSpeedAndFrequencyNative rssi=-42 linkspeed=433 freq=5240
10-15 23:16:07.542  4961  4961 D io_stats: !@ 179,0 r 5747379 179680628 w 1314655 28420780 d 104482 31783948 f 301943 318770 iot 2512340 2216482 th 51200 0 0 pt 0 inp 0 0 406556.691
10-15 23:16:07.938  3957  6478 D WifiService: getConnectionInfo uid=1000
10-15 23:16:08.018  3957  4128 D WifiService: getConnectionInfo uid=1000
10-15 23:16:08.023  3957  4129 D WifiStateMachine:  ConnectedState !CMD_RSSI_POLL rt=406557171/1066955399 54 0 "ourhome" f4:6d:2f:12:cc:88 rssi=-42 f=5240 sc=60 link=433 tx=1.3, 0.0, 0.0  rx=2.7 bcn=90962 [on:0 tx:0 rx:0 period:497] from screen [on:58284 period:432156] score=60
10-15 23:16:08.027  3957  4129 D WifiStateMachine:  L2ConnectedState !CMD_RSSI_POLL rt=406557174/1066955402 54 0 "ourhome" f4:6d:2f:12:cc:88 rssi=-42 f=5240 sc=60 link=433 tx=1.3, 0.0, 0.0  rx=2.7 bcn=90962 [on:0 tx:0 rx:0 period:3] from screen [on:58284 period:432159] score=60
10-15 23:16:08.027  3957  4129 D WifiStateMachine:  get link layer stats 3
10-15 23:16:08.028  3436  3436 I android.hardware.wifi@1.0-service: getLinkLayerStats
10-15 23:16:08.041  3957  4129 D WifiStateMachine: fetchRssiLinkSpeedAndFrequencyNative rssi=-43 linkspeed=433 freq=5240
10-15 23:16:08.048  4340  4340 E SignalClusterView: setSlotFocusVisible : subId -2
10-15 23:16:08.048  4340  4340 E SignalClusterView: setSlotFocusVisible : subId -2
10-15 23:16:08.408  6343  6427 D ScanRecord: Not a Multi Manu data
10-15 23:16:08.525  6343  6427 I chatty  : uid=1002(bluetooth) BT Service Call identical 204 lines
10-15 23:16:08.525  6343  6427 D ScanRecord: Not a Multi Manu data
10-15 23:16:08.526  3957  4129 D WifiStateMachine:  ConnectedState !RSSI_PKTCNT_FETCH uid=1000 rt=406557674/1066955901 0 0 "ourhome" f4:6d:2f:12:cc:88 rssi=-43 f=5240 sc=60 link=433 tx=0.5, 0.0, 0.0  rx=1.6 bcn=90990 [on:0 tx:0 rx:0 period:477] from screen [on:58575 period:432658] score=60
10-15 23:16:08.526  6343  6427 D ScanRecord: Not a Multi Manu data
10-15 23:16:08.529  6343  6427 I chatty  : uid=1002(bluetooth) BT Service Call identical 11 lines
10-15 23:16:08.529  6343  6427 D ScanRecord: Not a Multi Manu data
10-15 23:16:08.529  3957  4129 D WifiStateMachine:  L2ConnectedState !RSSI_PKTCNT_FETCH uid=1000 rt=406557677/1066955904 0 0 "ourhome" f4:6d:2f:12:cc:88 rssi=-43 f=5240 sc=60 link=433 tx=0.5, 0.0, 0.0  rx=1.6 bcn=90990 [on:0 tx:0 rx:0 period:3] from screen [on:58575 period:432661] score=60
10-15 23:16:08.529  6343  6427 D ScanRecord: Not a Multi Manu data
10-15 23:16:08.530  6343  6427 D ScanRecord: Not a Multi Manu data
10-15 23:16:08.532  3957  4129 D WifiStateMachine: fetchRssiLinkSpeedAndFrequencyNative rssi=-44 linkspeed=433 freq=5240
10-15 23:16:08.532  6343  6427 D ScanRecord: Not a Multi Manu data
10-15 23:16:08.559  6343  6427 I chatty  : uid=1002(bluetooth) BT Service Call identical 115 lines
10-15 23:16:08.560  6343  6427 D ScanRecord: Not a Multi Manu data
10-15 23:16:08.568  3957  4306 D WifiConnectivityMonitor:  [|215] []
10-15 23:16:08.584  6343  6427 D ScanRecord: Not a Multi Manu data
10-15 23:16:08.899  6343  6427 I chatty  : uid=1002(bluetooth) BT Service Call identical 700 lines
10-15 23:16:08.899  6343  6427 D ScanRecord: Not a Multi Manu data
10-15 23:16:08.949 12416 12416 E adbd    : recv: OPEN 00000da5 00000000 003f:73 68 65 6C 6C 2C 76 32 2C 54 45 52 4D 3D 78 74 65 72 6D 2D 32 35 36 63 6F 6C 6F 72 2C 72 61 77 3A 6D 6F 6E 6B 65 79 20 2D 70 20 6F 72 67 2E 6D 6F 7A 69 6C 6C 61 2E 66 65 6E 69 78 20 31 00 
10-15 23:16:08.949 12416 12416 E adbd    : service_to_fd: shell,v2,TERM=xterm-256color,raw:monkey -p org.mozilla.fenix 1
10-15 23:16:09.021  3957  4128 D WifiService: getConnectionInfo uid=1000
10-15 23:16:09.526  3957  4129 D WifiStateMachine:  ConnectedState !RSSI_PKTCNT_FETCH uid=1000 rt=406558675/1066956903 0 0 "ourhome" f4:6d:2f:12:cc:88 rssi=-44 f=5240 sc=60 link=433 tx=0.5, 0.0, 0.0  rx=1.6 bcn=90990 [on:0 tx:0 rx:0 period:998] from screen [on:58575 period:433659] score=60
10-15 23:16:09.528  3957  4129 D WifiStateMachine:  L2ConnectedState !RSSI_PKTCNT_FETCH uid=1000 rt=406558678/1066956905 0 0 "ourhome" f4:6d:2f:12:cc:88 rssi=-44 f=5240 sc=60 link=433 tx=0.5, 0.0, 0.0  rx=1.6 bcn=90990 [on:0 tx:0 rx:0 period:2] from screen [on:58575 period:433661] score=60
10-15 23:16:09.535  3957  4129 D WifiStateMachine: fetchRssiLinkSpeedAndFrequencyNative rssi=-43 linkspeed=433 freq=5240
10-15 23:16:09.811 10744 10744 W ADebug  : Failed to get property persist.sys.media.traces
10-15 23:16:09.833 10744 10744 E appproc : Enhanced Zygote ASLR: ro.knox.enhance.zygote.aslr != 1. Enhanced Zygote ASLR is DISABLED!
10-15 23:16:09.833 10744 10744 D AndroidRuntime: >>>>>> START com.android.internal.os.RuntimeInit uid 2000 <<<<<<
10-15 23:16:09.857 10744 10744 D SecNativeFeatureCppIf: encoded
10-15 23:16:09.857 10744 10744 D SecNativeFeatureCppIf: decoding and unzip finish
10-15 23:16:09.857 10744 10744 D SecNativeFeatureCppIf: use unCompDataBuff. encoded
10-15 23:16:09.858 10744 10744 D SecNativeFeatureCppIf: Free unCompDataBuff
10-15 23:16:09.859 10744 10744 D SecNativeFeatureCppIf: encoded
10-15 23:16:09.859 10744 10744 D SecNativeFeatureCppIf: decoding and unzip finish
10-15 23:16:09.859 10744 10744 D SecNativeFeatureCppIf: use unCompDataBuff. encoded
10-15 23:16:09.860 10744 10744 D SecNativeFeatureCppIf: Free unCompDataBuff
10-15 23:16:09.860 10744 10744 D SecNativeFeatureCppIf: encoded
10-15 23:16:09.860 10744 10744 D SecNativeFeatureCppIf: decoding and unzip finish
10-15 23:16:09.860 10744 10744 D SecNativeFeatureCppIf: use unCompDataBuff. encoded
10-15 23:16:09.860 10744 10744 D SecNativeFeatureCppIf: Free unCompDataBuff
10-15 23:16:09.860 10744 10744 D SecNativeFeatureCppIf: encoded
10-15 23:16:09.860 10744 10744 D SecNativeFeatureCppIf: decoding and unzip finish
10-15 23:16:09.860 10744 10744 D SecNativeFeatureCppIf: use unCompDataBuff. encoded
10-15 23:16:09.860 10744 10744 D SecNativeFeatureCppIf: Free unCompDataBuff
10-15 23:16:09.932 10709 10746 D ProfileInstaller: Installing profile for com.example.batterymanager_utility
10-15 23:16:09.940 10709 10714 I zygote64: Do partial code cache collection, code=30KB, data=25KB
10-15 23:16:09.941 10709 10714 I zygote64: After code cache collection, code=30KB, data=25KB
10-15 23:16:09.941 10709 10714 I zygote64: Increasing code cache capacity to 128KB
10-15 23:16:10.026  3957  4128 D WifiService: getConnectionInfo uid=1000
10-15 23:16:10.171 10744 10744 D ICU     : Timezone override file found: /data/misc/zoneinfo/current/icu/icu_tzdata.dat
10-15 23:16:10.256 10744 10744 I app_process: find the special shared library, skip check
10-15 23:16:10.335 10744 10744 D SemCscFeature: Encoded
10-15 23:16:10.344 10744 10744 I chatty  : uid=2000(shell) identical 2 lines
10-15 23:16:10.346 10744 10744 D SemCscFeature: Encoded
10-15 23:16:10.348 10744 10744 E SemAffinityControl: SemAffinityControl: registerfunction enter
10-15 23:16:10.380 10744 10744 D AndroidRuntime: Calling main entry com.android.commands.monkey.Monkey
10-15 23:16:10.502  3957  3972 W BroadcastQueue: Skipping deliver [background] BroadcastRecord{60176dd u-1 android.net.conn.CONNECTIVITY_CHANGE} to ReceiverList{cc52252 10744 (unknown name)/2000/u-1 remote:ed9fb87}: process gone or crashing
10-15 23:16:10.523  4340  4731 D NetworkController.MobileSignalController(0/-2): onSignalStrengthsChanged signalStrength=SignalStrength: 29 99 -29 -200 -29 -200 -1 99 2147483647 2147483647 2147483647 2147483647 0 2147483647 0x4 P gsm|lte level=4
10-15 23:16:10.524  4340  4731 D NetworkController.MobileSignalController(0/-2): getMobileIconGroup(): 0
10-15 23:16:10.528  3957  4129 D WifiStateMachine:  ConnectedState !RSSI_PKTCNT_FETCH uid=1000 rt=406559677/1066957905 0 0 "ourhome" f4:6d:2f:12:cc:88 rssi=-43 f=5240 sc=60 link=433 tx=0.5, 0.0, 0.0  rx=1.6 bcn=90990 [on:0 tx:0 rx:0 period:1000] from screen [on:58575 period:434661] score=60
10-15 23:16:10.530  3957  4129 D WifiStateMachine:  L2ConnectedState !RSSI_PKTCNT_FETCH uid=1000 rt=406559679/1066957907 0 0 "ourhome" f4:6d:2f:12:cc:88 rssi=-43 f=5240 sc=60 link=433 tx=0.5, 0.0, 0.0  rx=1.6 bcn=90990 [on:0 tx:0 rx:0 period:1] from screen [on:58575 period:434662] score=60
10-15 23:16:10.534  3957  4129 D WifiStateMachine: fetchRssiLinkSpeedAndFrequencyNative rssi=-44 linkspeed=433 freq=5240
10-15 23:16:10.553  3957  4654 I ActivityManager: START u0 {act=android.intent.action.MAIN typ=null flg=0x10200000 cmp=ComponentInfo{org.mozilla.fenix/org.mozilla.fenix.App}} from uid 2000
10-15 23:16:10.554  3957  4654 W Binder  : Outgoing transactions from this process must be FLAG_ONEWAY
10-15 23:16:10.554  3957  4654 W Binder  : java.lang.Throwable
10-15 23:16:10.554  3957  4654 W Binder  : 	at android.os.BinderProxy.transact(Binder.java:744)
10-15 23:16:10.554  3957  4654 W Binder  : 	at android.app.IActivityController$Stub$Proxy.activityStarting(IActivityController.java:172)
10-15 23:16:10.554  3957  4654 W Binder  : 	at com.android.server.am.ActivityStarter.startActivity(ActivityStarter.java:648)
10-15 23:16:10.554  3957  4654 W Binder  : 	at com.android.server.am.ActivityStarter.startActivityLocked(ActivityStarter.java:410)
10-15 23:16:10.554  3957  4654 W Binder  : 	at com.android.server.am.ActivityStarter.startActivityMayWait(ActivityStarter.java:1283)
10-15 23:16:10.554  3957  4654 W Binder  : 	at com.android.server.am.ActivityManagerService.startActivityAsUser(ActivityManagerService.java:6033)
10-15 23:16:10.554  3957  4654 W Binder  : 	at com.android.server.am.ActivityManagerService.startActivity(ActivityManagerService.java:5885)
10-15 23:16:10.554  3957  4654 W Binder  : 	at android.app.IActivityManager$Stub.onTransact(IActivityManager.java:121)
10-15 23:16:10.554  3957  4654 W Binder  : 	at com.android.server.am.ActivityManagerService.onTransact(ActivityManagerService.java:3861)
10-15 23:16:10.554  3957  4654 W Binder  : 	at android.os.Binder.execTransact(Binder.java:682)
10-15 23:16:10.557  3957  4654 D CustomFrequencyManagerService: acquireDVFSLockLocked : type : DVFS_MIN_LIMIT  frequency : 1560000  uid : 1000  pid : 3957  pkgName : AMS_APP_SWITCH@CPU_MIN@52
10-15 23:16:10.561  3957  4654 D ActivityManagerPerformance: AMP_acquire() APP_SWITCH
10-15 23:16:10.561  3957  5022 D ActivityManagerPerformance: Received MSG_CFMS_HINT_AMS_SWITCH pkgName: org.mozilla.fenix
10-15 23:16:10.563  3957  6478 D WifiService: getConnectionInfo uid=1000
10-15 23:16:10.571  3957  4554 D ActivityManager: isScaleDownAnimationEnabled() : false
10-15 23:16:10.571  3957  4654 V WindowManager: rotationForOrientationLw(orient=-1, last=0); user=0  sensorRotation=-1 mLidState=-1 mDockMode=0 mHdmiPlugged=false
10-15 23:16:10.572  3957  4554 D StorageManagerService: getExternalStorageMountMode : 1
10-15 23:16:10.572  3957  4654 V WindowManager: rotationForOrientationLw(orient=-1, last=0); user=0  sensorRotation=-1 mLidState=-1 mDockMode=0 mHdmiPlugged=false
10-15 23:16:10.573  3957  4554 D StorageManagerService: getExternalStorageMountMode : 3
10-15 23:16:10.573  3957  4554 D StorageManagerService: getExternalStorageMountMode : final mountMode=1, uid : 10169, packageName : org.mozilla.fenix
10-15 23:16:10.573  3957  4554 I ApplicationPolicy: isApplicationExternalStorageWhitelisted:org.mozilla.fenix user:0
10-15 23:16:10.573  3957  4554 D ApplicationPolicy: isApplicationExternalStorageWhitelisted: DO is not enabled on user 0. Allowed.
10-15 23:16:10.573  3957  4554 D ActivityManager: package  org.mozilla.fenix, user - 0 is SDcard whitelisted
10-15 23:16:10.573  3957  4554 I ApplicationPolicy: isApplicationExternalStorageBlacklisted:org.mozilla.fenix user:0
10-15 23:16:10.573  3957  4554 D ApplicationPolicy: isApplicationExternalStorageBlacklisted: DO is not enabled on user 0. Allowed.
10-15 23:16:10.583 10755 10755 E Zygote  : isWhitelistProcess - Process is Whitelisted
10-15 23:16:10.584 10755 10755 E libpersona: scanKnoxPersonas
10-15 23:16:10.584 10755 10755 E libpersona: Couldn't open the File - /data/system/users/0/personalist.xml - No such file or directory
10-15 23:16:10.584  3957  4554 I ActivityManager: Start proc 10755:org.mozilla.fenix/u0a169 for activity org.mozilla.fenix/.App
10-15 23:16:10.586 10755 10755 W SELinux : SELinux selinux_android_compute_policy_index : Policy Index[2],  Con:u:r:zygote:s0 RAM:SEPF_SM-J720F_8.0.0_0002, [-1 -1 -1 -1 0 1]
10-15 23:16:10.586 10755 10755 I SELinux : SELinux: seapp_context_lookup: seinfo=untrusted, level=s0:c512,c768, pkgname=org.mozilla.fenix 
10-15 23:16:10.589  3957  3973 V WindowManager: rotationForOrientationLw(orient=-1, last=0); user=0  sensorRotation=-1 mLidState=-1 mDockMode=0 mHdmiPlugged=false
10-15 23:16:10.591 10744 10744 I com.android.commands.monkey: System.exit called, status: 0
10-15 23:16:10.591 10744 10744 I AndroidRuntime: VM exiting with result code 0.
10-15 23:16:10.594  3957  3973 V WindowManager: rotationForOrientationLw(orient=-1, last=0); user=0  sensorRotation=-1 mLidState=-1 mDockMode=0 mHdmiPlugged=false
10-15 23:16:10.598  4340  4731 D Tile.RotationLockTile:  handleUpdateState: true orientation = true
10-15 23:16:10.602  4340  4731 D Tile.RotationLockTile:  handleUpdateState: true orientation = true
10-15 23:16:10.607 10755 10755 D TimaKeyStoreProvider: TimaKeyStore is not enabled: cannot add TimaSignature Service and generateKeyPair Service
10-15 23:16:10.608 10755 10755 D ActivityThread: Added TimaKeyStore provider
10-15 23:16:10.610  3957  4554 I ActivityManager: DSS on for org.mozilla.fenix and scale is 1.0
10-15 23:16:10.617  3957  4554 D PersonaManagerService: Current focused persona service handled id set to : 0
10-15 23:16:10.617  3957  4554 D InputDispatcher: Focused application set to: xxxx
10-15 23:16:10.618  3957  4554 D InputDispatcher: Focus left window: 10709
10-15 23:16:10.619  3957  4220 D GameManagerService: handleForegroundChange(). pkgName: org.mozilla.fenix, clsName: org.mozilla.fenix.HomeActivity,FgActivityName:org.mozilla.fenix/.HomeActivity
10-15 23:16:10.620 10709 10709 D ViewRootImpl@4470b6[MainActivity]: MSG_WINDOW_FOCUS_CHANGED 0
10-15 23:16:10.620  3957  4554 D MARsPolicyManager: onPackageResumedFG pkgName = org.mozilla.fenix, userId = 0
10-15 23:16:10.620  3957  4220 D GameManagerService: sem_perfomance_mode: 3
10-15 23:16:10.620  3957  4220 D GameManagerService: notifyResumePause(). pkg: org.mozilla.fenix, type: 4, isMinimized: false, isTunableApp: false
10-15 23:16:10.620  3957  4220 D GameManagerService:   notifyResumePause(). unexpected mPrevNotiType: -1
10-15 23:16:10.622  3957  6478 D GamePkgDataHelper: getGamePkgDataIncServer(). org.mozilla.fenix
10-15 23:16:10.623  3957  6478 D GameManagerService: identifyGamePackage. org.mozilla.fenix
10-15 23:16:10.623  3957  6478 D GamePkgDataHelper: getGamePkgData(). org.mozilla.fenix
10-15 23:16:10.624  3957  6478 D GameManagerService: identifyGamePackage. org.mozilla.fenix
10-15 23:16:10.624  3957  6478 D GamePkgDataHelper: getGamePkgData(). org.mozilla.fenix
10-15 23:16:10.624  3957  6478 D GamePkgDataHelper: getSosPolicy(). org.mozilla.fenix
10-15 23:16:10.627  3957  6478 D GameManagerService: identifyGamePackage. org.mozilla.fenix
10-15 23:16:10.627  3957  6478 D GamePkgDataHelper: getGamePkgData(). org.mozilla.fenix
10-15 23:16:10.628  3957  6478 D GameManagerService: identifyGamePackage. org.mozilla.fenix
10-15 23:16:10.628  3957  6478 D GamePkgDataHelper: getGamePkgData(). org.mozilla.fenix
10-15 23:16:10.636 10755 10755 I zygote64: no shared libraies, dex_files: 1
10-15 23:16:10.658  3957  4025 D ViewRootImpl@6c9fab8[fenix]: setView = DecorView@5f69bf6[fenix] TM=true MM=false
10-15 23:16:10.673  3957  4025 D ViewRootImpl@6c9fab8[fenix]: dispatchAttachedToWindow
10-15 23:16:10.673  3957  4025 V WindowManager: Relayout Window{b40091 u0 Splash Screen org.mozilla.fenix}: viewVisibility=0 req=719x1237 WM.LayoutParams{(0,0)(fillxfill) sim=#20 ty=3 fl=#81830118 pfl=0x20011 fmt=-3 wanim=0x10302ea vsysui=0x600 needsMenuKey=2 colorMode=0 naviIconColor=0}
10-15 23:16:10.676  3447  3447 I SurfaceFlinger: id=1846 createSurf (720x1280),1 flag=4, Splash Screen org.mozilla.fenix#0
10-15 23:16:10.676  3957  4025 V Surface : sf_framedrop debug : 0x4f4c, game : false, logging : 0
10-15 23:16:10.679  3957  4025 D ViewRootImpl@6c9fab8[fenix]: Relayout returned: old=[0,0][0,0] new=[0,0][720,1280] result=0x7 surface={valid=true 501218578432} changed=true
10-15 23:16:10.680  3957  4025 D ViewRootImpl@6c9fab8[fenix]: MSG_RESIZED_REPORT: frame=Rect(0, 0 - 720, 1280) ci=Rect(0, 42 - 0, 0) vi=Rect(0, 42 - 0, 0) or=1
10-15 23:16:10.688  4340  4361 D SystemServicesProxy: updateOverviewLastStackActiveTimeAsync: newTime=1697404570565
10-15 23:16:10.689  3957  4654 D SecContentProvider: query(), uri = 17 selection = isSettingsChangesAllowed
10-15 23:16:10.690  3957  4654 D SecContentProvider: called from android.uid.systemui:10009
10-15 23:16:10.691  4340  4692 D SystemServicesProxy: updateOverviewLastStackActiveTimeAsync: done.
10-15 23:16:10.693  3957 14960 D PackageManager: getComponentMetadataForIconTray : com.example.batterymanager_utility.MainActivity does not exist in mServices
10-15 23:16:10.693  3957 14960 D PackageManager: getComponentMetadataForIconTray : com.example.batterymanager_utility.MainActivity does not exist in mProviders
10-15 23:16:10.693  3957 14960 D PackageManager: getComponentMetadataForIconTray : com.example.batterymanager_utility.MainActivity does not exist in mReceivers
10-15 23:16:10.694  4340  4361 D ApplicationPackageManager: updateItemMetaDataForFixedIconScale: package: com.example.batterymanager_utility
10-15 23:16:10.694  3957 14960 D PackageManager: getSelectedMetaData : packageName(com.example.batterymanager_utility) or Metadata strings {[Ljava.lang.String;@3c98bf7}
10-15 23:16:10.695  4340  4361 I ApplicationPackageManager: load=com.example.batterymanager_utility, bg=144-144, dr=189-189, forDefault=true, density=0
10-15 23:16:10.697  4340  4361 I ApplicationPackageManager: scaled rate=0.72, size=189, alpha=54, hold=102
10-15 23:16:10.697  4340  4361 D ApplicationPackageManager: iconScale: getScale(): 0.72 getAlpha(): 54
10-15 23:16:10.698  4340  4361 I ApplicationPackageManager: load=com.example.batterymanager_utility-contain, bg=112-112, dr=189-189
10-15 23:16:10.704  3957  4025 V WindowManager: finishDrawingLocked: mDrawState=COMMIT_DRAW_PENDING Window{b40091 u0 Splash Screen org.mozilla.fenix} in Surface(name=Splash Screen org.mozilla.fenix)
10-15 23:16:10.724  3447  3447 V Surface : sf_framedrop debug : 0x4f4c, game : false, logging : 0
10-15 23:16:10.727 10709 10726 D OpenGLRenderer: eglDestroySurface = 0x74d44a7b80
10-15 23:16:10.733  3957  4025 D TaskSnapshotCache: putSnapshot mTaskId=341 RunningCache size=1
10-15 23:16:10.736  3957  4654 V WindowManager: Relayout Window{998b41c u0 com.example.batterymanager_utility/com.example.batterymanager_utility.MainActivity}: viewVisibility=8 req=720x1280 WM.LayoutParams{(0,0)(fillxfill) sim=#120 ty=1 fl=#81810100 pfl=0x20000 wanim=0x10302fd vsysui=0x600 needsMenuKey=2 colorMode=0 naviIconColor=0}
10-15 23:16:10.740 10709 10709 D ViewRootImpl@4470b6[MainActivity]: Relayout returned: old=[0,0][720,1280] new=[0,0][720,1280] result=0x5 surface={valid=false 0} changed=true
10-15 23:16:10.740  3957  3973 D WindowManager: set systemUiVisibility : systemUiFlags= 0x608 fullscreenStackSysUiFlags= 0x0
