10-15 23:30:10.450 12149 12175 W linker  : "/data/app/org.mozilla.fenix-iWpGOrf8cry6RDpwHyQugA==/lib/arm64/libnss3.so" unused DT entry: type 0x8000023 arg 0x5c8
10-15 23:30:10.450 12149 12175 W linker  : "/data/app/org.mozilla.fenix-iWpGOrf8cry6RDpwHyQugA==/lib/arm64/libnss3.so" unused DT entry: type 0x8000025 arg 0x8
10-15 23:30:10.450 11953 12324 I BatteryMgr:DataCollectionService: stats => 1697405410450,-227,4314,-200,0,100
10-15 23:30:10.451 12149 12175 E GeckoLibLoad: Load sqlite done
10-15 23:30:10.451 12149 12175 I GeckoLoader: Library base=/data/app/org.mozilla.fenix-iWpGOrf8cry6RDpwHyQugA==/lib/arm64
10-15 23:30:10.451 12149 12175 E GeckoLibLoad: Load nss start
10-15 23:30:10.451 12149 12175 E GeckoLibLoad: Load nss done
10-15 23:30:10.451 12149 12175 I GeckoLoader: Library base=/data/app/org.mozilla.fenix-iWpGOrf8cry6RDpwHyQugA==/lib/arm64
10-15 23:30:10.453 12149 12175 W linker  : "/data/app/org.mozilla.fenix-iWpGOrf8cry6RDpwHyQugA==/lib/arm64/libxul.so" unused DT entry: type 0x8000024 arg 0x539420
10-15 23:30:10.453 12149 12175 W linker  : "/data/app/org.mozilla.fenix-iWpGOrf8cry6RDpwHyQugA==/lib/arm64/libxul.so" unused DT entry: type 0x8000023 arg 0x17d68
10-15 23:30:10.453 12149 12175 W linker  : "/data/app/org.mozilla.fenix-iWpGOrf8cry6RDpwHyQugA==/lib/arm64/libxul.so" unused DT entry: type 0x8000025 arg 0x8
10-15 23:30:10.454 12065 12095 W AudioCapabilities: Unsupported mime audio/mpeg-L1
10-15 23:30:10.454 12065 12095 W AudioCapabilities: Unsupported mime audio/mpeg-L2
10-15 23:30:10.458 12065 12095 W AudioCapabilities: Unsupported mime audio/x-ms-wma
10-15 23:30:10.459 12065 12095 W AudioCapabilities: Unsupported mime audio/x-ima
10-15 23:30:10.466 12065 12095 W VideoCapabilities: Unrecognized profile 2130706433 for video/avc
10-15 23:30:10.467 12065 12095 W VideoCapabilities: Unrecognized profile 2130706434 for video/avc
10-15 23:30:10.470 12065 12095 W VideoCapabilities: Unrecognized profile 2130706433 for video/avc
10-15 23:30:10.470 12065 12095 W VideoCapabilities: Unrecognized profile 2130706434 for video/avc
10-15 23:30:10.474 12149 12175 E GeckoLibLoad: Loaded libs in 22.594846ms total, 8ms(8ms) user, 16ms(16ms) system, 0(0) faults
10-15 23:30:10.474 12149 12175 W GeckoThread: zerdatime 1067797852 - runGecko
10-15 23:30:10.485 12065 12095 W VideoCapabilities: Unrecognized profile 2130706433 for video/avc
10-15 23:30:10.485 12065 12095 W VideoCapabilities: Unrecognized profile 2130706434 for video/avc
10-15 23:30:10.487 12065 12095 W VideoCapabilities: Unsupported mime video/avc-wfd
10-15 23:30:10.504  3957  4089 D MdnieScenarioControlService:  packageName : org.mozilla.fenix    className : org.mozilla.fenix.App
10-15 23:30:10.504  3957  4089 V MdnieScenarioControlService: setUIMode from UI function(3)
10-15 23:30:10.510 12065 12095 I VideoCapabilities: Unsupported profile 4 for video/mp4v-es
10-15 23:30:10.530  3957  3957 D CustomFrequencyManagerService: releaseDVFSLockLocked : Getting Lock type frm List : DVFS_MIN_LIMIT  frequency : 1560000  uid : 1000  pid : 3957  tag : AMS_RESUME_TAIL@CPU_MIN@58
10-15 23:30:10.534 12065 12095 W VideoCapabilities: Unrecognized profile/level 1/32 for video/mp4v-es
10-15 23:30:10.534 12065 12095 W VideoCapabilities: Unrecognized profile/level 32768/2 for video/mp4v-es
10-15 23:30:10.534 12065 12095 W VideoCapabilities: Unrecognized profile/level 32768/64 for video/mp4v-es
10-15 23:30:10.536 12065 12095 W VideoCapabilities: Unsupported mime video/wvc1
10-15 23:30:10.536 12065 12095 W VideoCapabilities: Unsupported mime video/x-ms-wmv
10-15 23:30:10.538 12065 12095 W VideoCapabilities: Unsupported mime video/x-ms-wmv7
10-15 23:30:10.539 12065 12095 W VideoCapabilities: Unsupported mime video/x-ms-wmv8
10-15 23:30:10.540 12065 12095 W VideoCapabilities: Unsupported mime video/mp43
10-15 23:30:10.544 12065 12095 W AudioCapabilities: Unsupported mime audio/mpeg-L1
10-15 23:30:10.544 12065 12095 W AudioCapabilities: Unsupported mime audio/mpeg-L2
10-15 23:30:10.544 12065 12095 W AudioCapabilities: Unsupported mime audio/x-ms-wma
10-15 23:30:10.544 12065 12095 W AudioCapabilities: Unsupported mime audio/x-ima
10-15 23:30:10.545 12065 12095 W VideoCapabilities: Unrecognized profile 2130706433 for video/avc
10-15 23:30:10.545 12065 12095 W VideoCapabilities: Unrecognized profile 2130706434 for video/avc
10-15 23:30:10.548 12065 12095 W VideoCapabilities: Unrecognized profile/level 1/32 for video/mp4v-es
10-15 23:30:10.548 12065 12095 W VideoCapabilities: Unrecognized profile/level 32768/2 for video/mp4v-es
10-15 23:30:10.548 12065 12095 W VideoCapabilities: Unrecognized profile/level 32768/64 for video/mp4v-es
10-15 23:30:10.549 12065 12095 W VideoCapabilities: Unsupported mime video/wvc1
10-15 23:30:10.549 12065 12095 W VideoCapabilities: Unsupported mime video/x-ms-wmv
10-15 23:30:10.550 12065 12095 W VideoCapabilities: Unsupported mime video/x-ms-wmv7
10-15 23:30:10.550 12065 12095 W VideoCapabilities: Unsupported mime video/x-ms-wmv8
10-15 23:30:10.551 12065 12095 W VideoCapabilities: Unsupported mime video/mp43
10-15 23:30:10.558 11953 12324 I BatteryMgr:DataCollectionService: stats => 1697405410558,-227,4314,-200,0,100
10-15 23:30:10.565 12218 12291 D libGLESv2: STS_GLApi : DTS, ODTC are not allowed for Package : org.mozilla.fenix:gpu
10-15 23:30:10.567  3957  3957 D PreBindingService: handleMessage : 1
10-15 23:30:10.571 12218 12233 V Surface : sf_framedrop debug : 0x4f4c, game : false, logging : 0
10-15 23:30:10.574 12218 12291 D mali_winsys: EGLint new_window_surface(egl_winsys_display *, void *, EGLSurface, EGLConfig, egl_winsys_surface **, egl_color_buffer_format *, EGLBoolean) returns 0x3000,  [720x1238]-format:2
10-15 23:30:10.579 12065 12095 I GeckoSession: zerdatime 1067797957 - chrome startup finished
10-15 23:30:10.596 12065 12065 I GeckoSession: handleMessage GeckoView:PageStart uri=
10-15 23:30:10.598 12065 12065 I GeckoSession: handleMessage GeckoView:PageStop uri=null
10-15 23:30:10.632 12065 12065 I GeckoSession: handleMessage GeckoView:PageStart uri=
10-15 23:30:10.635  3599  3918 D DnsProxyListener: DNSDBG::dns addrinfo af 0
10-15 23:30:10.668 11953 12324 I BatteryMgr:DataCollectionService: stats => 1697405410668,-227,4314,-200,0,100
10-15 23:30:10.684  3447  3447 I SurfaceFlinger: Display 0 HWC layers:
10-15 23:30:10.684  3447  3447 I SurfaceFlinger:     type    |    handle    | flag |  format   |   source crop (l,t,r,b)    |         frame       | name 
10-15 23:30:10.684  3447  3447 I SurfaceFlinger: ------------+--------------+------+-----------+----------------------------+---------------------+------
10-15 23:30:10.684  3447  3447 I SurfaceFlinger:      Device | 0x7e9ed38ec0 | 0000 | RGBx_8888 |   0.0    0.0  720.0 1238.0 |    0   42  720 1280 | SurfaceView - org.mozilla.fenix/org.mozilla.fenix.App@1c9bb29@0#0
10-15 23:30:10.684  3447  3447 I SurfaceFlinger:      Device | 0x7e9ecdfb80 | 0000 | RGBA_8888 |   0.0    0.0  720.0 1280.0 |    0    0  720 1280 | org.mozilla.fenix/org.mozilla.fenix.App#0
10-15 23:30:10.684  3447  3447 I SurfaceFlinger:      Device | 0x7e9ed37900 | 0000 | RGBA_8888 |   0.0    0.0  720.0   42.0 |    0    0  720   42 | StatusBar#0
10-15 23:30:10.684  3447  3447 I SurfaceFlinger: 
10-15 23:30:10.698  3957  4129 D WifiStateMachine:  ConnectedState !RSSI_PKTCNT_FETCH uid=1000 rt=407399848/1067798075 0 0 "ourhome" f4:6d:2f:12:cc:88 rssi=-43 f=5240 sc=60 link=433 tx=37.1, 12.1, 0.0  rx=88.8 bcn=98614 [on:0 tx:0 rx:0 period:1002] from screen [on:171035 period:1274831] score=60
10-15 23:30:10.699  3957  4129 D WifiStateMachine:  L2ConnectedState !RSSI_PKTCNT_FETCH uid=1000 rt=407399849/1067798076 0 0 "ourhome" f4:6d:2f:12:cc:88 rssi=-43 f=5240 sc=60 link=433 tx=37.1, 12.1, 0.0  rx=88.8 bcn=98614 [on:0 tx:0 rx:0 period:1] from screen [on:171035 period:1274832] score=60
10-15 23:30:10.700  3957  4129 D WifiStateMachine: fetchRssiLinkSpeedAndFrequencyNative rssi=-47 linkspeed=433 freq=5240
10-15 23:30:10.702 12065 12095 D GeckoIdleService: Setting timer a day from now
10-15 23:30:10.763  3957 14957 D StorageManagerService: getExternalStorageMountMode : 1
10-15 23:30:10.763  3957 14957 D StorageManagerService: getExternalStorageMountMode : 3
10-15 23:30:10.764  3957 14957 D StorageManagerService: getExternalStorageMountMode : final mountMode=1, uid : 10169, packageName : org.mozilla.fenix
10-15 23:30:10.764  3957 14957 I ApplicationPolicy: isApplicationExternalStorageWhitelisted:org.mozilla.fenix user:0
10-15 23:30:10.764  3957 14957 D ApplicationPolicy: isApplicationExternalStorageWhitelisted: DO is not enabled on user 0. Allowed.
10-15 23:30:10.764  3957 14957 D ActivityManager: package  org.mozilla.fenix, user - 0 is SDcard whitelisted
10-15 23:30:10.764  3957 14957 I ApplicationPolicy: isApplicationExternalStorageBlacklisted:org.mozilla.fenix user:0
10-15 23:30:10.764  3957 14957 D ApplicationPolicy: isApplicationExternalStorageBlacklisted: DO is not enabled on user 0. Allowed.
10-15 23:30:10.779 12386 12386 E Zygote  : isWhitelistProcess - Process is Whitelisted
10-15 23:30:10.780 12386 12386 E libpersona: scanKnoxPersonas
10-15 23:30:10.780  3957 14957 I ActivityManager: Start proc 12386:org.mozilla.fenix:tab7/u0a169 for service org.mozilla.fenix/org.mozilla.gecko.process.GeckoChildProcessServices$tab7
10-15 23:30:10.780 12386 12386 E libpersona: Couldn't open the File - /data/system/users/0/personalist.xml - No such file or directory
10-15 23:30:10.782 12386 12386 W SELinux : SELinux selinux_android_compute_policy_index : Policy Index[2],  Con:u:r:zygote:s0 RAM:SEPF_SM-J720F_8.0.0_0002, [-1 -1 -1 -1 0 1]
10-15 23:30:10.782 12386 12386 I SELinux : SELinux: seapp_context_lookup: seinfo=untrusted, level=s0:c512,c768, pkgname=org.mozilla.fenix:tab7 
10-15 23:30:10.785 11953 12324 I BatteryMgr:DataCollectionService: stats => 1697405410785,-227,4314,-200,0,100
10-15 23:30:10.801 12386 12386 D TimaKeyStoreProvider: TimaKeyStore is not enabled: cannot add TimaSignature Service and generateKeyPair Service
10-15 23:30:10.801 12386 12386 D ActivityThread: Added TimaKeyStore provider
10-15 23:30:10.804  3957  4564 I ActivityManager: DSS on for org.mozilla.fenix and scale is 1.0
10-15 23:30:10.824 12386 12386 I zygote64: no shared libraies, dex_files: 1
10-15 23:30:10.867  3957  4128 D WifiService: getConnectionInfo uid=1000
10-15 23:30:10.886 12386 12386 I ServiceChildProcess: onCreate
10-15 23:30:10.887 12386 12403 I GeckoThread: preparing to run Gecko
10-15 23:30:10.891 12065 12095 W AudioCapabilities: Unsupported mime audio/mpeg-L1
10-15 23:30:10.891 12065 12095 W AudioCapabilities: Unsupported mime audio/mpeg-L2
10-15 23:30:10.891 12065 12095 W AudioCapabilities: Unsupported mime audio/x-ms-wma
10-15 23:30:10.891 12065 12095 W AudioCapabilities: Unsupported mime audio/x-ima
10-15 23:30:10.892 12065 12095 W VideoCapabilities: Unrecognized profile 2130706433 for video/avc
10-15 23:30:10.892 12065 12095 W VideoCapabilities: Unrecognized profile 2130706434 for video/avc
10-15 23:30:10.892 12386 12403 W linker  : "/data/app/org.mozilla.fenix-iWpGOrf8cry6RDpwHyQugA==/lib/arm64/libmozglue.so" unused DT entry: type 0x8000024 arg 0x38f70
10-15 23:30:10.892 12386 12403 W linker  : "/data/app/org.mozilla.fenix-iWpGOrf8cry6RDpwHyQugA==/lib/arm64/libmozglue.so" unused DT entry: type 0x8000023 arg 0x1f8
10-15 23:30:10.892 12386 12403 W linker  : "/data/app/org.mozilla.fenix-iWpGOrf8cry6RDpwHyQugA==/lib/arm64/libmozglue.so" unused DT entry: type 0x8000025 arg 0x8
10-15 23:30:10.893 11953 12324 I BatteryMgr:DataCollectionService: stats => 1697405410893,-227,4314,-200,0,100
10-15 23:30:10.894 12065 12095 W VideoCapabilities: Unrecognized profile/level 1/32 for video/mp4v-es
10-15 23:30:10.894 12065 12095 W VideoCapabilities: Unrecognized profile/level 32768/2 for video/mp4v-es
10-15 23:30:10.894 12065 12095 W VideoCapabilities: Unrecognized profile/level 32768/64 for video/mp4v-es
10-15 23:30:10.895 12065 12095 W VideoCapabilities: Unsupported mime video/wvc1
10-15 23:30:10.895 12065 12095 W VideoCapabilities: Unsupported mime video/x-ms-wmv
10-15 23:30:10.896 12065 12095 W VideoCapabilities: Unsupported mime video/x-ms-wmv7
10-15 23:30:10.896 12386 12403 I GeckoLoader: Library base=/data/app/org.mozilla.fenix-iWpGOrf8cry6RDpwHyQugA==/lib/arm64
10-15 23:30:10.896 12386 12403 I GeckoLoader: Library base=/data/app/org.mozilla.fenix-iWpGOrf8cry6RDpwHyQugA==/lib/arm64
10-15 23:30:10.896 12065 12095 W VideoCapabilities: Unsupported mime video/x-ms-wmv8
10-15 23:30:10.897 12065 12095 W VideoCapabilities: Unsupported mime video/mp43
10-15 23:30:10.900 12386 12403 E GeckoLibLoad: Load sqlite start
10-15 23:30:10.902 12386 12403 W linker  : "/data/app/org.mozilla.fenix-iWpGOrf8cry6RDpwHyQugA==/lib/arm64/libnss3.so" unused DT entry: type 0x8000024 arg 0x14998
10-15 23:30:10.902 12386 12403 W linker  : "/data/app/org.mozilla.fenix-iWpGOrf8cry6RDpwHyQugA==/lib/arm64/libnss3.so" unused DT entry: type 0x8000023 arg 0x5c8
10-15 23:30:10.902 12386 12403 W linker  : "/data/app/org.mozilla.fenix-iWpGOrf8cry6RDpwHyQugA==/lib/arm64/libnss3.so" unused DT entry: type 0x8000025 arg 0x8
10-15 23:30:10.904 12386 12403 E GeckoLibLoad: Load sqlite done
10-15 23:30:10.904 12386 12403 I GeckoLoader: Library base=/data/app/org.mozilla.fenix-iWpGOrf8cry6RDpwHyQugA==/lib/arm64
10-15 23:30:10.904 12386 12403 E GeckoLibLoad: Load nss start
10-15 23:30:10.904 12386 12403 E GeckoLibLoad: Load nss done
10-15 23:30:10.904 12386 12403 I GeckoLoader: Library base=/data/app/org.mozilla.fenix-iWpGOrf8cry6RDpwHyQugA==/lib/arm64
10-15 23:30:10.908 12386 12403 W linker  : "/data/app/org.mozilla.fenix-iWpGOrf8cry6RDpwHyQugA==/lib/arm64/libxul.so" unused DT entry: type 0x8000024 arg 0x539420
10-15 23:30:10.908 12386 12403 W linker  : "/data/app/org.mozilla.fenix-iWpGOrf8cry6RDpwHyQugA==/lib/arm64/libxul.so" unused DT entry: type 0x8000023 arg 0x17d68
10-15 23:30:10.909 12386 12403 W linker  : "/data/app/org.mozilla.fenix-iWpGOrf8cry6RDpwHyQugA==/lib/arm64/libxul.so" unused DT entry: type 0x8000025 arg 0x8
10-15 23:30:10.930  3957 14960 D ConnectivityService: filterNetworkStateForUid() uid: 10169 networkInfo: [type: WIFI[] - WIFI, state: CONNECTED/CONNECTED, reason: (unspecified), extra: "ourhome", failover: false, available: true, roaming: false, metered: false]
10-15 23:30:10.931  3957 14960 D WifiService: getConnectionInfo uid=1000
10-15 23:30:10.933 12065 12095 D GeckoIdleService: Register idle observer 0x742c414908 for 5 seconds
10-15 23:30:10.933 12065 12095 D GeckoIdleService: Register: adjusting next switch from -1 to 5 seconds
10-15 23:30:10.933 12065 12095 D GeckoIdleService: next timeout 4769 msec from now
10-15 23:30:10.933 12065 12095 D GeckoIdleService: SetTimerExpiryIfBefore: next timeout 4769 msec from now
10-15 23:30:10.933 12065 12095 D GeckoIdleService: reset timer expiry to 4779 msec from now
10-15 23:30:10.947 12386 12403 E GeckoLibLoad: Loaded libs in 42.404654ms total, 16ms(16ms) user, 28ms(28ms) system, 0(0) faults
10-15 23:30:10.947 12386 12403 W GeckoThread: zerdatime 1067798326 - runGecko
10-15 23:30:11.004 11953 12324 I BatteryMgr:DataCollectionService: stats => 1697405411003,-227,4314,-200,0,100
10-15 23:30:11.027  3957 14960 D WifiService: getConnectionInfo uid=1000
10-15 23:30:11.034  3957 14960 D WifiService: getConnectionInfo uid=1000
10-15 23:30:11.037 12149 12175 W linker  : "/data/app/org.mozilla.fenix-iWpGOrf8cry6RDpwHyQugA==/lib/arm64/libsoftokn3.so" unused DT entry: type 0x8000024 arg 0x2580
10-15 23:30:11.037 12149 12175 W linker  : "/data/app/org.mozilla.fenix-iWpGOrf8cry6RDpwHyQugA==/lib/arm64/libsoftokn3.so" unused DT entry: type 0x8000023 arg 0x70
10-15 23:30:11.037 12149 12175 W linker  : "/data/app/org.mozilla.fenix-iWpGOrf8cry6RDpwHyQugA==/lib/arm64/libsoftokn3.so" unused DT entry: type 0x8000025 arg 0x8
10-15 23:30:11.038 12149 12175 W linker  : "/data/app/org.mozilla.fenix-iWpGOrf8cry6RDpwHyQugA==/lib/arm64/libfreebl3.so" unused DT entry: type 0x8000024 arg 0xe78
10-15 23:30:11.039 12149 12175 W linker  : "/data/app/org.mozilla.fenix-iWpGOrf8cry6RDpwHyQugA==/lib/arm64/libfreebl3.so" unused DT entry: type 0x8000023 arg 0x68
10-15 23:30:11.039 12149 12175 W linker  : "/data/app/org.mozilla.fenix-iWpGOrf8cry6RDpwHyQugA==/lib/arm64/libfreebl3.so" unused DT entry: type 0x8000025 arg 0x8
10-15 23:30:11.040  3957 14960 D WifiService: getConnectionInfo uid=1000
10-15 23:30:11.048  3957 14960 I chatty  : uid=1000(system) Binder:3957_1F identical 2 lines
10-15 23:30:11.061  3957 14960 D WifiService: getConnectionInfo uid=1000
10-15 23:30:11.112 11953 12324 I BatteryMgr:DataCollectionService: stats => 1697405411112,-227,4314,-200,0,100
10-15 23:30:11.124  3957 14960 D WifiService: getConnectionInfo uid=1000
10-15 23:30:11.217  3957 14960 I chatty  : uid=1000(system) Binder:3957_1F identical 11 lines
10-15 23:30:11.220  3957 14960 D WifiService: getConnectionInfo uid=1000
10-15 23:30:11.221 11953 12324 I BatteryMgr:DataCollectionService: stats => 1697405411221,-227,4314,-200,0,100
10-15 23:30:11.223  3957 14960 D WifiService: getConnectionInfo uid=1000
10-15 23:30:11.226  3957 14960 I chatty  : uid=1000(system) Binder:3957_1F identical 21 lines
10-15 23:30:11.227  3957 14960 I chatty  : uid=1000(system) Binder:3957_1F identical 1 line
10-15 23:30:11.233  3957 14960 D ConnectivityService: filterNetworkStateForUid() uid: 10169 networkInfo: [type: WIFI[] - WIFI, state: CONNECTED/CONNECTED, reason: (unspecified), extra: "ourhome", failover: false, available: true, roaming: false, metered: false]
10-15 23:30:11.234  3957 14960 D WifiService: getConnectionInfo uid=1000
10-15 23:30:11.290  3957  4129 D WifiStateMachine:  ConnectedState !CMD_RSSI_POLL rt=407400439/1067798667 54 0 "ourhome" f4:6d:2f:12:cc:88 rssi=-47 f=5240 sc=60 link=433 tx=37.1, 12.1, 0.0  rx=88.8 bcn=98614 [on:0 tx:0 rx:0 period:590] from screen [on:171035 period:1275422] score=60
10-15 23:30:11.291  3957  4129 D WifiStateMachine:  L2ConnectedState !CMD_RSSI_POLL rt=407400441/1067798668 54 0 "ourhome" f4:6d:2f:12:cc:88 rssi=-47 f=5240 sc=60 link=433 tx=37.1, 12.1, 0.0  rx=88.8 bcn=98614 [on:0 tx:0 rx:0 period:1] from screen [on:171035 period:1275423] score=60
10-15 23:30:11.291  3957  4129 D WifiStateMachine:  get link layer stats 3
10-15 23:30:11.291  3436  3436 I android.hardware.wifi@1.0-service: getLinkLayerStats
10-15 23:30:11.294  3957  4129 D WifiStateMachine: fetchRssiLinkSpeedAndFrequencyNative rssi=-46 linkspeed=433 freq=5240
10-15 23:30:11.297  4340  4340 E SignalClusterView: setSlotFocusVisible : subId -2
10-15 23:30:11.298  4340  4340 E SignalClusterView: setSlotFocusVisible : subId -2
10-15 23:30:11.316 12218 12307 E vulkan  : invalid vkGetInstanceProcAddr(VK_NULL_HANDLE, "vkEnumerateInstanceVersion") call
10-15 23:30:11.316 12218 12307 E vulkan  : invalid vkGetInstanceProcAddr(VK_NULL_HANDLE, "vkEnumerateInstanceVersion") call
10-15 23:30:11.318  3957 14960 D ConnectivityService: filterNetworkStateForUid() uid: 10169 networkInfo: [type: WIFI[] - WIFI, state: CONNECTED/CONNECTED, reason: (unspecified), extra: "ourhome", failover: false, available: true, roaming: false, metered: false]
10-15 23:30:11.318  3957 14960 D WifiService: getConnectionInfo uid=1000
10-15 23:30:11.327 12218 12307 D vulkan  : searching for layers in '/data/app/org.mozilla.fenix-iWpGOrf8cry6RDpwHyQugA==/lib/arm64'
10-15 23:30:11.328 12218 12307 D vulkan  : searching for layers in '/data/app/org.mozilla.fenix-iWpGOrf8cry6RDpwHyQugA==/base.apk!/lib/arm64-v8a'
10-15 23:30:11.331 11953 12324 I BatteryMgr:DataCollectionService: stats => 1697405411331,-227,4314,-200,0,100
10-15 23:30:11.335 12218 12307 D vulkan  : vulkan api version_1_0 1.0.0
10-15 23:30:11.335 12218 12307 D vulkan  : vulkan header version 46
10-15 23:30:11.434 12065 12065 I GeckoSession: handleMessage GeckoView:PageStop uri=null
10-15 23:30:11.439 12065 12106 I SessionStorage/AutoSave: Save: Load finished
10-15 23:30:11.445 11953 12324 I BatteryMgr:DataCollectionService: stats => 1697405411444,-227,4314,-200,0,100
10-15 23:30:11.556 11953 12324 I BatteryMgr:DataCollectionService: stats => 1697405411556,-227,4314,-200,0,100
10-15 23:30:11.605  3957 14960 D WifiService: getConnectionInfo uid=1000
10-15 23:30:11.627  3957 14960 I chatty  : uid=1000(system) Binder:3957_1F identical 3 lines
10-15 23:30:11.627  3957 14960 I chatty  : uid=1000(system) Binder:3957_1F identical 2 lines
10-15 23:30:11.640  3957 14960 D ConnectivityService: filterNetworkStateForUid() uid: 10169 networkInfo: [type: WIFI[] - WIFI, state: CONNECTED/CONNECTED, reason: (unspecified), extra: "ourhome", failover: false, available: true, roaming: false, metered: false]
10-15 23:30:11.641  3957 14960 D WifiService: getConnectionInfo uid=1000
10-15 23:30:11.667 11953 12324 I BatteryMgr:DataCollectionService: stats => 1697405411667,-227,4314,-200,0,100
10-15 23:30:11.699  3957  4129 D WifiStateMachine:  ConnectedState !RSSI_PKTCNT_FETCH uid=1000 rt=407400849/1067799076 0 0 "ourhome" f4:6d:2f:12:cc:88 rssi=-46 f=5240 sc=60 link=433 tx=76.3, 4.4, 0.0  rx=103.5 bcn=98642 [on:0 tx:0 rx:0 period:403] from screen [on:172667 period:1275832] score=60
10-15 23:30:11.700  3957  4129 D WifiStateMachine:  L2ConnectedState !RSSI_PKTCNT_FETCH uid=1000 rt=407400850/1067799078 0 0 "ourhome" f4:6d:2f:12:cc:88 rssi=-46 f=5240 sc=60 link=433 tx=76.3, 4.4, 0.0  rx=103.5 bcn=98642 [on:0 tx:0 rx:0 period:1] from screen [on:172667 period:1275833] score=60
10-15 23:30:11.701  3957  4129 D WifiStateMachine: fetchRssiLinkSpeedAndFrequencyNative rssi=-44 linkspeed=433 freq=5240
10-15 23:30:11.703  3957  4564 D ConnectivityService: filterNetworkStateForUid() uid: 10169 networkInfo: [type: WIFI[] - WIFI, state: CONNECTED/CONNECTED, reason: (unspecified), extra: "ourhome", failover: false, available: true, roaming: false, metered: false]
10-15 23:30:11.703  3957  4564 D WifiService: getConnectionInfo uid=1000
10-15 23:30:11.776 11953 12324 I BatteryMgr:DataCollectionService: stats => 1697405411776,-227,4314,-200,0,100
10-15 23:30:11.839  3957  4564 I chatty  : uid=1000(system) Binder:3957_6 identical 1 line
10-15 23:30:11.839  3957  4564 D WifiService: getConnectionInfo uid=1000
10-15 23:30:11.869  3957  4128 D WifiService: getConnectionInfo uid=1000
10-15 23:30:11.900 11953 12324 I BatteryMgr:DataCollectionService: stats => 1697405411899,-227,4314,-200,0,100
10-15 23:30:11.947 12065 12065 W GeckoSession: No history entries found.
10-15 23:30:11.994  3957  4564 D ConnectivityService: filterNetworkStateForUid() uid: 10169 networkInfo: [type: WIFI[] - WIFI, state: CONNECTED/CONNECTED, reason: (unspecified), extra: "ourhome", failover: false, available: true, roaming: false, metered: false]
10-15 23:30:11.994  3957  4564 D WifiService: getConnectionInfo uid=1000
10-15 23:30:12.020 11953 12324 I BatteryMgr:DataCollectionService: stats => 1697405412019,-227,4314,-200,0,100
10-15 23:30:12.136 11953 12324 I BatteryMgr:DataCollectionService: stats => 1697405412136,-227,4314,-200,0,100
10-15 23:30:12.248 11953 12324 I BatteryMgr:DataCollectionService: stats => 1697405412248,-227,4314,-200,0,100
10-15 23:30:12.362 11953 12324 I BatteryMgr:DataCollectionService: stats => 1697405412361,-227,4314,-200,0,100
10-15 23:30:12.475 11953 12324 I BatteryMgr:DataCollectionService: stats => 1697405412475,-227,4314,-200,0,100
10-15 23:30:12.553  3957  6478 D WifiService: getConnectionInfo uid=1000
10-15 23:30:12.596 11953 12324 I BatteryMgr:DataCollectionService: stats => 1697405412596,-227,4314,-200,0,100
10-15 23:30:12.701  3957  4129 D WifiStateMachine:  ConnectedState !RSSI_PKTCNT_FETCH uid=1000 rt=407401851/1067800078 0 0 "ourhome" f4:6d:2f:12:cc:88 rssi=-44 f=5240 sc=60 link=433 tx=76.3, 4.4, 0.0  rx=103.5 bcn=98642 [on:0 tx:0 rx:0 period:1001] from screen [on:172667 period:1276834] score=60
10-15 23:30:12.702  3957  4129 D WifiStateMachine:  L2ConnectedState !RSSI_PKTCNT_FETCH uid=1000 rt=407401852/1067800080 0 0 "ourhome" f4:6d:2f:12:cc:88 rssi=-44 f=5240 sc=60 link=433 tx=76.3, 4.4, 0.0  rx=103.5 bcn=98642 [on:0 tx:0 rx:0 period:1] from screen [on:172667 period:1276835] score=60
10-15 23:30:12.704 11953 12324 I BatteryMgr:DataCollectionService: stats => 1697405412704,-227,4314,-200,0,100
10-15 23:30:12.708  3957  4129 D WifiStateMachine: fetchRssiLinkSpeedAndFrequencyNative rssi=-45 linkspeed=433 freq=5240
10-15 23:30:12.816 11953 12324 I BatteryMgr:DataCollectionService: stats => 1697405412816,-227,4314,-200,0,100
10-15 23:30:12.872  3957  4128 D WifiService: getConnectionInfo uid=1000
10-15 23:30:12.926 11953 12324 I BatteryMgr:DataCollectionService: stats => 1697405412926,-227,4314,-200,0,100
10-15 23:30:13.044 11953 12324 I BatteryMgr:DataCollectionService: stats => 1697405413044,-227,4314,-200,0,100
10-15 23:30:13.161 11953 12324 I BatteryMgr:DataCollectionService: stats => 1697405413161,-227,4314,-200,0,100
10-15 23:30:13.189  4961  4961 D io_stats: !@ 179,0 r 5790271 181268908 w 1318050 28473604 d 104892 31800244 f 302348 319227 iot 2531944 2232975 th 51200 0 0 pt 0 inp 0 0 407402.338
10-15 23:30:13.278 11953 12324 I BatteryMgr:DataCollectionService: stats => 1697405413278,-227,4314,-200,0,100
10-15 23:30:13.395 11953 12324 I BatteryMgr:DataCollectionService: stats => 1697405413394,-227,4314,-200,0,100
10-15 23:30:13.416  6343  6427 D ScanRecord: Not a Multi Manu data
10-15 23:30:13.504  6343  6427 I chatty  : uid=1002(bluetooth) BT Service Call identical 191 lines
10-15 23:30:13.504  6343  6427 D ScanRecord: Not a Multi Manu data
10-15 23:30:13.504 11953 12324 I BatteryMgr:DataCollectionService: stats => 1697405413504,-227,4314,-200,0,100
10-15 23:30:13.504  6343  6427 D ScanRecord: Not a Multi Manu data
10-15 23:30:13.619  6343  6427 I chatty  : uid=1002(bluetooth) BT Service Call identical 247 lines
10-15 23:30:13.619  6343  6427 D ScanRecord: Not a Multi Manu data
10-15 23:30:13.620 11953 12324 I BatteryMgr:DataCollectionService: stats => 1697405413619,-227,4314,-200,0,100
10-15 23:30:13.623  6343  6427 D ScanRecord: Not a Multi Manu data
10-15 23:30:13.694  6343  6427 I chatty  : uid=1002(bluetooth) BT Service Call identical 89 lines
10-15 23:30:13.694  6343  6427 D ScanRecord: Not a Multi Manu data
10-15 23:30:13.702  3957  4129 D WifiStateMachine:  ConnectedState !RSSI_PKTCNT_FETCH uid=1000 rt=407402851/1067801079 0 0 "ourhome" f4:6d:2f:12:cc:88 rssi=-45 f=5240 sc=60 link=433 tx=76.3, 4.4, 0.0  rx=103.5 bcn=98642 [on:0 tx:0 rx:0 period:1000] from screen [on:172667 period:1277835] score=60
10-15 23:30:13.705  3957  4129 D WifiStateMachine:  L2ConnectedState !RSSI_PKTCNT_FETCH uid=1000 rt=407402853/1067801081 0 0 "ourhome" f4:6d:2f:12:cc:88 rssi=-45 f=5240 sc=60 link=433 tx=76.3, 4.4, 0.0  rx=103.5 bcn=98642 [on:0 tx:0 rx:0 period:3] from screen [on:172667 period:1277838] score=60
10-15 23:30:13.707  3957  4129 D WifiStateMachine: fetchRssiLinkSpeedAndFrequencyNative rssi=-44 linkspeed=433 freq=5240
10-15 23:30:13.729  6343  6427 D ScanRecord: Not a Multi Manu data
10-15 23:30:13.729  6343  6427 I chatty  : uid=1002(bluetooth) BT Service Call identical 11 lines
10-15 23:30:13.729  6343  6427 D ScanRecord: Not a Multi Manu data
10-15 23:30:13.730 11953 12324 I BatteryMgr:DataCollectionService: stats => 1697405413729,-227,4314,-200,0,100
10-15 23:30:13.766  6343  6427 D ScanRecord: Not a Multi Manu data
10-15 23:30:13.841  6343  6427 I chatty  : uid=1002(bluetooth) BT Service Call identical 128 lines
10-15 23:30:13.841  6343  6427 D ScanRecord: Not a Multi Manu data
10-15 23:30:13.849 11953 12324 I BatteryMgr:DataCollectionService: stats => 1697405413848,-227,4314,-200,0,100
10-15 23:30:13.874  3957  4128 D WifiService: getConnectionInfo uid=1000
10-15 23:30:13.892  6343  6427 D ScanRecord: Not a Multi Manu data
10-15 23:30:13.901  6343  6427 I chatty  : uid=1002(bluetooth) BT Service Call identical 24 lines
10-15 23:30:13.901  6343  6427 D ScanRecord: Not a Multi Manu data
10-15 23:30:13.964 11953 12324 I BatteryMgr:DataCollectionService: stats => 1697405413964,-227,4314,-200,0,100
10-15 23:30:14.083 11953 12324 I BatteryMgr:DataCollectionService: stats => 1697405414083,-227,4314,-200,0,100
10-15 23:30:14.200 11953 12324 I BatteryMgr:DataCollectionService: stats => 1697405414199,-227,4314,-200,0,100
10-15 23:30:14.298  3957  4129 D WifiStateMachine:  ConnectedState !CMD_RSSI_POLL rt=407403447/1067801674 54 0 "ourhome" f4:6d:2f:12:cc:88 rssi=-44 f=5240 sc=60 link=433 tx=76.3, 4.4, 0.0  rx=103.5 bcn=98642 [on:0 tx:0 rx:0 period:593] from screen [on:172667 period:1278431] score=60
10-15 23:30:14.300  3957  4129 D WifiStateMachine:  L2ConnectedState !CMD_RSSI_POLL rt=407403449/1067801677 54 0 "ourhome" f4:6d:2f:12:cc:88 rssi=-44 f=5240 sc=60 link=433 tx=76.3, 4.4, 0.0  rx=103.5 bcn=98642 [on:0 tx:0 rx:0 period:2] from screen [on:172667 period:1278433] score=60
10-15 23:30:14.300  3957  4129 D WifiStateMachine:  get link layer stats 3
10-15 23:30:14.301  3436  3436 I android.hardware.wifi@1.0-service: getLinkLayerStats
10-15 23:30:14.319  3957  4129 D WifiStateMachine: fetchRssiLinkSpeedAndFrequencyNative rssi=-44 linkspeed=433 freq=5240
10-15 23:30:14.321 11953 12324 I BatteryMgr:DataCollectionService: stats => 1697405414321,-227,4314,-200,0,100
10-15 23:30:14.325  4340  4340 E SignalClusterView: setSlotFocusVisible : subId -2
10-15 23:30:14.325  4340  4340 E SignalClusterView: setSlotFocusVisible : subId -2
10-15 23:30:14.437 11953 12324 I BatteryMgr:DataCollectionService: stats => 1697405414437,-227,4314,-200,0,100
10-15 23:30:14.545 11953 12324 I BatteryMgr:DataCollectionService: stats => 1697405414545,-227,4314,-200,0,100
10-15 23:30:14.661 11953 12324 I BatteryMgr:DataCollectionService: stats => 1697405414661,-227,4314,-200,0,100
10-15 23:30:14.703  3957  4129 D WifiStateMachine:  ConnectedState !RSSI_PKTCNT_FETCH uid=1000 rt=407403852/1067802080 0 0 "ourhome" f4:6d:2f:12:cc:88 rssi=-44 f=5240 sc=60 link=433 tx=212.5, 1.6, 0.0  rx=887.5 bcn=98672 [on:0 tx:0 rx:0 period:379] from screen [on:173662 period:1278836] score=60
10-15 23:30:14.706  3957  4129 D WifiStateMachine:  L2ConnectedState !RSSI_PKTCNT_FETCH uid=1000 rt=407403855/1067802082 0 0 "ourhome" f4:6d:2f:12:cc:88 rssi=-44 f=5240 sc=60 link=433 tx=212.5, 1.6, 0.0  rx=887.5 bcn=98672 [on:0 tx:0 rx:0 period:2] from screen [on:173662 period:1278838] score=60
10-15 23:30:14.712  3957  4129 D WifiStateMachine: fetchRssiLinkSpeedAndFrequencyNative rssi=-44 linkspeed=433 freq=5240
10-15 23:30:14.772 11953 12324 I BatteryMgr:DataCollectionService: stats => 1697405414772,-227,4314,-200,0,100
10-15 23:30:14.806  3559  3559 E audit   : type=1400 audit(1697405414.802:3357): avc:  denied  { read } for  pid=12465 comm="pool-37-thread-" name="version" dev="proc" ino=4026532182 scontext=u:r:untrusted_app:s0:c512,c768 tcontext=u:object_r:proc:s0 tclass=file permissive=0 SEPF_SM-J720F_8.0.0_0002 audit_filtered
10-15 23:30:14.807  3559  3559 E audit   : type=1300 audit(1697405414.802:3357): arch=c00000b7 syscall=48 success=no exit=-13 a0=ffffff9c a1=74409a87e0 a2=4 a3=0 items=0 ppid=3579 pid=12465 auid=4294967295 uid=10169 gid=10169 euid=10169 suid=10169 fsuid=10169 egid=10169 sgid=10169 fsgid=10169 tty=(none) ses=4294967295 comm="pool-37-thread-" exe="/system/bin/app_process64" subj=u:r:untrusted_app:s0:c512,c768 key=(null)
10-15 23:30:14.807  3559  3559 E audit   : type=1327 audit(1697405414.802:3357): proctitle="org.mozilla.fenix"
10-15 23:30:14.830 12065 12065 D ConnectivityManager: requestNetwork; CallingUid : 10169, CallingPid : 12065
10-15 23:30:14.831  3957  4564 D ConnectivityService: requestNetwork for uid/pid:10169/12065 NetworkRequest [ TRACK_DEFAULT id=1176, [ Capabilities: INTERNET&NOT_RESTRICTED&TRUSTED&NOT_VPN] ]
10-15 23:30:14.832  3957  4157 D ConnectivityService: rematching NetworkAgentInfo [WIFI () - 507]
10-15 23:30:14.832  3957  4157 D ConnectivityService:  network has: [ Transports: WIFI Capabilities: NOT_METERED&INTERNET&NOT_RESTRICTED&TRUSTED&NOT_VPN&VALIDATED&FOREGROUND LinkUpBandwidth>=1048576Kbps LinkDnBandwidth>=1048576Kbps SignalStrength: -43]
10-15 23:30:14.832  3957  4157 D ConnectivityService: Network NetworkAgentInfo [WIFI () - 507] was already satisfying request 1150. No change.
10-15 23:30:14.832  3957  4157 D ConnectivityService: Network NetworkAgentInfo [WIFI () - 507] was already satisfying request 1175. No change.
10-15 23:30:14.832  3957  4157 D ConnectivityService: Network NetworkAgentInfo [WIFI () - 507] was already satisfying request 1. No change.
10-15 23:30:14.832  3957  4157 D ConnectivityService: Network NetworkAgentInfo [WIFI () - 507] was already satisfying request 3. No change.
10-15 23:30:14.832  3957  4157 D ConnectivityService:   checking if request is satisfied: NetworkRequest [ TRACK_DEFAULT id=1176, [ Capabilities: INTERNET&NOT_RESTRICTED&TRUSTED&NOT_VPN] ]
10-15 23:30:14.832  3957  4157 D ConnectivityService: currentScore = 0, newScore = 100
10-15 23:30:14.833  3957  4157 D ConnectivityService: rematch for NetworkAgentInfo [WIFI () - 507]
10-15 23:30:14.833  3957  4157 D ConnectivityService:    accepting network in place of null
10-15 23:30:14.833  3957  4157 D ConnectivityService: sending new Min Network Score(100): NetworkRequest [ TRACK_DEFAULT id=1176, [ Capabilities: INTERNET&NOT_RESTRICTED&TRUSTED&NOT_VPN] ]
10-15 23:30:14.833  3957  4313 D Ethernet: got request NetworkRequest [ TRACK_DEFAULT id=1176, [ Capabilities: INTERNET&NOT_RESTRICTED&TRUSTED&NOT_VPN] ] with score 100
10-15 23:30:14.833  3957  4313 D Ethernet:   my score=-1, my filter=[ Transports: ETHERNET Capabilities: INTERNET&NOT_RESTRICTED&TRUSTED&NOT_VPN LinkUpBandwidth>=100000Kbps LinkDnBandwidth>=100000Kbps]
10-15 23:30:14.833  3957  4313 D Ethernet: evalRequest
10-15 23:30:14.833  3957  4313 D Ethernet:   done
10-15 23:30:14.834  4616  4616 D PhoneSwitcherNetworkRequstListener: got request NetworkRequest [ TRACK_DEFAULT id=1176, [ Capabilities: INTERNET&NOT_RESTRICTED&TRUSTED&NOT_VPN] ] with score 100
10-15 23:30:14.834  4616  4616 D PhoneSwitcherNetworkRequstListener:   my score=101, my filter=[ Transports: CELLULAR Capabilities: MMS&SUPL&DUN&FOTA&IMS&CBS&IA&RCS&XCAP&EIMS&INTERNET&NOT_RESTRICTED&TRUSTED&NOT_VPN&ENT1 Specifier: <android.net.MatchAllNetworkSpecifier@0>]
10-15 23:30:14.835  4616  4616 D PhoneSwitcherNetworkRequstListener: evalRequest
10-15 23:30:14.835  4616  4616 D PhoneSwitcherNetworkRequstListener:   needNetworkFor
10-15 23:30:14.835  3957  4153 D WIFI_P2P: got request NetworkRequest [ TRACK_DEFAULT id=1176, [ Capabilities: INTERNET&NOT_RESTRICTED&TRUSTED&NOT_VPN] ] with score 100
10-15 23:30:14.835  3957  4129 D WIFI    : got request NetworkRequest [ TRACK_DEFAULT id=1176, [ Capabilities: INTERNET&NOT_RESTRICTED&TRUSTED&NOT_VPN] ] with score 100
10-15 23:30:14.835  3957  4153 D WIFI_P2P:   my score=60, my filter=[ Transports: WIFI Capabilities: WIFI_P2P&NOT_RESTRICTED&TRUSTED&NOT_VPN LinkUpBandwidth>=1048576Kbps LinkDnBandwidth>=1048576Kbps]
10-15 23:30:14.835  3957  4153 D WIFI_P2P: evalRequest
10-15 23:30:14.835  3957  4153 D WIFI_P2P:   done
10-15 23:30:14.835  3957  4129 D WIFI    :   my score=60, my filter=[ Transports: WIFI Capabilities: NOT_METERED&INTERNET&NOT_RESTRICTED&TRUSTED&NOT_VPN LinkUpBandwidth>=1048576Kbps LinkDnBandwidth>=1048576Kbps]
10-15 23:30:14.835  3957  4129 D WIFI    : evalRequest
10-15 23:30:14.835  3957  4129 D WIFI    :   done
10-15 23:30:14.835  3957  4157 D ConnectivityService: MultiNetwork Request(TransportType - Wi-Fi request). Internet Capability doesn't required (false)
10-15 23:30:14.835  3957  4129 D WIFI_UT : got request NetworkRequest [ TRACK_DEFAULT id=1176, [ Capabilities: INTERNET&NOT_RESTRICTED&TRUSTED&NOT_VPN] ] with score 100
10-15 23:30:14.835  3957  4129 D WIFI_UT :   my score=2147483647, my filter=[ Transports: WIFI Capabilities: NOT_METERED&INTERNET&NOT_RESTRICTED&TRUSTED&NOT_VPN LinkUpBandwidth>=1048576Kbps LinkDnBandwidth>=1048576Kbps]
10-15 23:30:14.835  3957  4129 D WIFI_UT : evalRequest
10-15 23:30:14.835  3957  4129 D WIFI_UT :   needNetworkFor
10-15 23:30:14.836  3957  4157 D ConnectivityService: sending notification AVAILABLE for NetworkRequest [ TRACK_DEFAULT id=1176, [ Capabilities: INTERNET&NOT_RESTRICTED&TRUSTED&NOT_VPN] ]
10-15 23:30:14.836  3957  4157 D ConnectivityService: sending notification CAP_CHANGED for NetworkRequest [ TRACK_DEFAULT id=1176, [ Capabilities: INTERNET&NOT_RESTRICTED&TRUSTED&NOT_VPN] ]
10-15 23:30:14.836  3957  4157 D ConnectivityService: sending notification IP_CHANGED for NetworkRequest [ TRACK_DEFAULT id=1176, [ Capabilities: INTERNET&NOT_RESTRICTED&TRUSTED&NOT_VPN] ]
10-15 23:30:14.849  3957  4564 D ConnectivityService: filterNetworkStateForUid() uid: 10169 networkInfo: [type: WIFI[] - WIFI, state: CONNECTED/CONNECTED, reason: (unspecified), extra: "ourhome", failover: false, available: true, roaming: false, metered: false]
10-15 23:30:14.849  3957  4564 D WifiService: getConnectionInfo uid=1000
10-15 23:30:14.852 12065 12471 D NetworkSecurityConfig: No Network Security Config specified, using platform default
10-15 23:30:14.854 12065 12065 I glean/Glean: Registering pings for org.mozilla.fenix.GleanMetrics.Pings
10-15 23:30:14.868 12065 12121 I FenixApplication: Running post-visual completeness tasks...
10-15 23:30:14.868 12065 12121 I FenixApplication: Storage initialization...
10-15 23:30:14.869 12065 12121 I PlacesHistoryStorage: Warming up places storage...
10-15 23:30:14.869 12065 12121 I PlacesHistoryStorage: 'Warming up places storage' took 0 ms
10-15 23:30:14.869 12065 12121 I PlacesBookmarksStorage: Warming up places storage...
10-15 23:30:14.869 12065 12121 I PlacesBookmarksStorage: 'Warming up places storage' took 0 ms
10-15 23:30:14.870 12065 12121 I SyncableLoginsStorage: Warming up storage...
10-15 23:30:14.870 12065 12121 I SyncableLoginsStorage: 'Warming up storage' took 0 ms
10-15 23:30:14.871 12065 12121 I AutofillCCAddressesStorage: Warming up storage...
10-15 23:30:14.871 12065 12121 I AutofillCCAddressesStorage: 'Warming up storage' took 0 ms
10-15 23:30:14.874 12065 12065 I ColdStartupDuration: COLD MAIN Application.<init> to first frame: 1023 ms
10-15 23:30:14.876  3957  4128 D WifiService: getConnectionInfo uid=1000
10-15 23:30:14.881 12065 12065 I FenixApplication: Kicking-off account manager...
10-15 23:30:14.881 12065 12065 I FenixApplication: 'Kicking-off account manager' took 0 ms
10-15 23:30:14.883 11953 12324 I BatteryMgr:DataCollectionService: stats => 1697405414883,-227,4314,-200,0,100
10-15 23:30:14.887 12065 12471 I System.out: (HTTPLog)-Static: isSBSettingEnabled false
10-15 23:30:14.888 12065 12471 I System.out: (HTTPLog)-Static: isSBSettingEnabled false
10-15 23:30:14.889  3957 14960 D ConnectivityService: filterNetworkStateForUid() uid: 10169 networkInfo: [type: WIFI[] - WIFI, state: CONNECTED/CONNECTED, reason: (unspecified), extra: "ourhome", failover: false, available: true, roaming: false, metered: false]
10-15 23:30:14.889  3957 14960 D WifiService: getConnectionInfo uid=1000
10-15 23:30:14.899  3599  3918 D DnsProxyListener: DNSDBG::dns addrinfo af 0
10-15 23:30:14.998 11953 12324 I BatteryMgr:DataCollectionService: stats => 1697405414998,-227,4314,-200,0,100
10-15 23:30:15.039  3957 14960 D ConnectivityService: filterNetworkStateForUid() uid: 10169 networkInfo: [type: WIFI[] - WIFI, state: CONNECTED/CONNECTED, reason: (unspecified), extra: "ourhome", failover: false, available: true, roaming: false, metered: false]
10-15 23:30:15.039  3957 14960 D WifiService: getConnectionInfo uid=1000
10-15 23:30:15.052 12065 12471 I System.out: (HTTPLog)-Static: isSBSettingEnabled false
10-15 23:30:15.053 12065 12471 I System.out: (HTTPLog)-Static: isSBSettingEnabled false
10-15 23:30:15.077 12065 12121 I FenixApplication: 'Storage initialization' took 207 ms
10-15 23:30:15.118 12065 12076 I zygote64: Background concurrent copying GC freed 54875(2MB) AllocSpace objects, 32(748KB) LOS objects, 49% free, 5MB/11MB, paused 2.192ms total 261.910ms
10-15 23:30:15.120 11953 12324 I BatteryMgr:DataCollectionService: stats => 1697405415118,-227,4314,-200,0,100
10-15 23:30:15.192  3957  4564 D ConnectivityService: filterNetworkStateForUid() uid: 10169 networkInfo: [type: WIFI[] - WIFI, state: CONNECTED/CONNECTED, reason: (unspecified), extra: "ourhome", failover: false, available: true, roaming: false, metered: false]
10-15 23:30:15.192  3957  4564 D WifiService: getConnectionInfo uid=1000
10-15 23:30:15.196 12065 12471 I System.out: (HTTPLog)-Static: isSBSettingEnabled false
10-15 23:30:15.196 12065 12471 I System.out: (HTTPLog)-Static: isSBSettingEnabled false
10-15 23:30:15.229 11953 12324 I BatteryMgr:DataCollectionService: stats => 1697405415229,-227,4314,-200,0,100
10-15 23:30:15.315  3957 14960 D ConnectivityService: filterNetworkStateForUid() uid: 10169 networkInfo: [type: WIFI[] - WIFI, state: CONNECTED/CONNECTED, reason: (unspecified), extra: "ourhome", failover: false, available: true, roaming: false, metered: false]
10-15 23:30:15.315  3957 14960 D WifiService: getConnectionInfo uid=1000
10-15 23:30:15.320 12065 12471 I System.out: (HTTPLog)-Static: isSBSettingEnabled false
10-15 23:30:15.320 12065 12471 I System.out: (HTTPLog)-Static: isSBSettingEnabled false
10-15 23:30:15.338 11953 12324 I BatteryMgr:DataCollectionService: stats => 1697405415338,-227,4314,-200,0,100
10-15 23:30:15.379 12065 12277 I libglean_ffi: glean_core::upload: Ping 9bf08e27-ecd2-4083-aab1-f3cc385bd1fc successfully sent 200.
10-15 23:30:15.382 12065 12277 I libglean_ffi: glean_core::upload::directory: File was deleted /data/user/0/org.mozilla.fenix/glean_data/pending_pings/9bf08e27-ecd2-4083-aab1-f3cc385bd1fc
10-15 23:30:15.385 12065 12277 I libglean_ffi: glean_core::upload: New upload task with id a1b585f5-cb70-4f8a-9ad1-fa72b6c1a50c (path: /submit/org-mozilla-fenix/baseline/1/a1b585f5-cb70-4f8a-9ad1-fa72b6c1a50c)
10-15 23:30:15.448 11953 12324 I BatteryMgr:DataCollectionService: stats => 1697405415448,-227,4314,-200,0,100
10-15 23:30:15.556 11953 12324 I BatteryMgr:DataCollectionService: stats => 1697405415556,-227,4314,-200,0,100
10-15 23:30:15.603 12065 12277 I libglean_ffi: glean_core::upload: Ping a1b585f5-cb70-4f8a-9ad1-fa72b6c1a50c successfully sent 200.
10-15 23:30:15.606 12065 12277 I libglean_ffi: glean_core::upload::directory: File was deleted /data/user/0/org.mozilla.fenix/glean_data/pending_pings/a1b585f5-cb70-4f8a-9ad1-fa72b6c1a50c
10-15 23:30:15.608 12065 12277 I libglean_ffi: glean_core::upload: New upload task with id 53fbc4e5-5107-4e81-90e4-691dd0b84c17 (path: /submit/org-mozilla-fenix/baseline/1/53fbc4e5-5107-4e81-90e4-691dd0b84c17)
10-15 23:30:15.668 11953 12324 I BatteryMgr:DataCollectionService: stats => 1697405415668,-227,4314,-200,0,100
10-15 23:30:15.756  3957  4129 D WifiStateMachine:  ConnectedState !RSSI_PKTCNT_FETCH uid=1000 rt=407404875/1067803102 0 0 "ourhome" f4:6d:2f:12:cc:88 rssi=-44 f=5240 sc=60 link=433 tx=212.5, 1.6, 0.0  rx=887.5 bcn=98672 [on:0 tx:0 rx:0 period:1049] from screen [on:173662 period:1279887] score=60
10-15 23:30:15.757  3957  4129 D WifiStateMachine:  L2ConnectedState !RSSI_PKTCNT_FETCH uid=1000 rt=407404907/1067803134 0 0 "ourhome" f4:6d:2f:12:cc:88 rssi=-44 f=5240 sc=60 link=433 tx=212.5, 1.6, 0.0  rx=887.5 bcn=98672 [on:0 tx:0 rx:0 period:3] from screen [on:173662 period:1279890] score=60
10-15 23:30:15.774  3957  4129 D WifiStateMachine: fetchRssiLinkSpeedAndFrequencyNative rssi=-47 linkspeed=433 freq=5240
10-15 23:30:15.778 11953 12324 I BatteryMgr:DataCollectionService: stats => 1697405415778,-227,4314,-200,0,100
10-15 23:30:15.878  3957  4128 D WifiService: getConnectionInfo uid=1000
10-15 23:30:15.896 11953 12324 I BatteryMgr:DataCollectionService: stats => 1697405415896,-227,4314,-200,0,100
10-15 23:30:16.005 11953 12324 I BatteryMgr:DataCollectionService: stats => 1697405416005,-227,4314,-200,0,100
10-15 23:30:16.052  3957  4030 D SensorService: [SO] 0.101 -0.072 9.989
10-15 23:30:16.093 12065 12095 D GeckoIdleService: Get idle time: time since reset 5390 msec
10-15 23:30:16.094 12065 12095 D GeckoIdleService: Idle timer callback: current idle time 5390 msec
10-15 23:30:16.094 12065 12095 D GeckoIdleService: next timeout 4294967289608 msec from now
10-15 23:30:16.094 12065 12095 D GeckoIdleService: SetTimerExpiryIfBefore: next timeout 4294967289608 msec from now
10-15 23:30:16.094 12065 12095 D GeckoIdleService: reset timer expiry to 4294967289618 msec from now
10-15 23:30:16.094 12065 12095 D GeckoIdleService: Idle timer callback: tell observer 0x742c414908 user is idle
10-15 23:30:16.116 11953 12324 I BatteryMgr:DataCollectionService: stats => 1697405416116,-227,4314,-200,0,100
10-15 23:30:16.180 12065 12277 I libglean_ffi: glean_core::upload: Ping 53fbc4e5-5107-4e81-90e4-691dd0b84c17 successfully sent 200.
10-15 23:30:16.183 12065 12277 I libglean_ffi: glean_core::upload::directory: File was deleted /data/user/0/org.mozilla.fenix/glean_data/pending_pings/53fbc4e5-5107-4e81-90e4-691dd0b84c17
10-15 23:30:16.184 12065 12277 I libglean_ffi: glean_core::upload: No more pings to upload! You are done.
10-15 23:30:16.197 12065 12163 I WM-WorkerWrapper: Worker result SUCCESS for Work [ id=7981809f-d79b-461b-b9be-d311e3183a5a, tags={ mozilla.telemetry.glean.scheduler.PingUploadWorker, mozac_service_glean_ping_upload_worker } ]
10-15 23:30:16.214 12065 12065 D ConnectivityManager: unregisterNetworkCallback; CallingUid : 10169, CallingPid : 12065
10-15 23:30:16.224  3957  4157 D ConnectivityService: releasing NetworkRequest [ TRACK_DEFAULT id=1175, [ Capabilities: INTERNET&NOT_RESTRICTED&TRUSTED&NOT_VPN] ] (CALLBACK_RELEASED)
10-15 23:30:16.227 11953 12324 I BatteryMgr:DataCollectionService: stats => 1697405416227,-227,4314,-200,0,100
10-15 23:30:16.230  3957  4157 D ConnectivityService:  Removing from current network NetworkAgentInfo [WIFI () - 507], leaving 13 requests.
10-15 23:30:16.264  3957  4157 D ConnectivityService: sending notification RELEASED for NetworkRequest [ TRACK_DEFAULT id=1175, [ Capabilities: INTERNET&NOT_RESTRICTED&TRUSTED&NOT_VPN] ]
10-15 23:30:16.342 11953 12324 I BatteryMgr:DataCollectionService: stats => 1697405416341,-227,4314,-200,0,100
10-15 23:30:16.450 11953 12324 I BatteryMgr:DataCollectionService: stats => 1697405416450,-227,4314,-200,0,100
10-15 23:30:16.564 11953 12324 I BatteryMgr:DataCollectionService: stats => 1697405416563,-227,4314,-200,0,100
10-15 23:30:16.676 11953 12324 I BatteryMgr:DataCollectionService: stats => 1697405416676,-227,4314,-200,0,100
10-15 23:30:16.700  3320  3320 I ServiceManager: service 'samsung.face' died
10-15 23:30:16.703  3957 14960 I ActivityManager: Process com.samsung.android.lool (pid 10061) has died: cch+6CEM (93,463)
10-15 23:30:16.714  3957  4129 D WifiStateMachine:  ConnectedState !RSSI_PKTCNT_FETCH uid=1000 rt=407405863/1067804091 0 0 "ourhome" f4:6d:2f:12:cc:88 rssi=-47 f=5240 sc=60 link=433 tx=212.5, 1.6, 0.0  rx=887.5 bcn=98672 [on:0 tx:0 rx:0 period:957] from screen [on:173662 period:1280847] score=60
10-15 23:30:16.715  3957  4129 D WifiStateMachine:  L2ConnectedState !RSSI_PKTCNT_FETCH uid=1000 rt=407405865/1067804092 0 0 "ourhome" f4:6d:2f:12:cc:88 rssi=-47 f=5240 sc=60 link=433 tx=212.5, 1.6, 0.0  rx=887.5 bcn=98672 [on:0 tx:0 rx:0 period:1] from screen [on:173662 period:1280848] score=60
10-15 23:30:16.721  3957  4129 D WifiStateMachine: fetchRssiLinkSpeedAndFrequencyNative rssi=-44 linkspeed=433 freq=5240
10-15 23:30:16.789  3957  9632 I ActivityManager: Process com.samsung.android.SettingsReceiver (pid 10016) has died: cch+6CEM (81,466)
10-15 23:30:16.794  3957 18006 I ActivityManager: Process com.samsung.android.email.provider (pid 8573) has died: cch+6SVC (80,466)
10-15 23:30:16.799  3957 18006 W ActivityManager: Scheduling restart of crashed service com.samsung.android.email.provider/com.samsung.android.email.sync.service.EmailService in 1000ms
10-15 23:30:16.807  3957  4564 I ActivityManager: Process com.samsung.android.bio.face.service (pid 5903) has died: cch+6SVC (79,465)
10-15 23:30:16.807  3957  4564 W ActivityManager: Scheduling restart of crashed service com.samsung.android.bio.face.service/.FaceService in 10991ms
10-15 23:30:16.812  3957  9774 I ActivityManager: Process com.samsung.android.scloud:auth (pid 5942) has died: cch+6SVC (80,464)
10-15 23:30:16.813  3957  9774 W ActivityManager: Scheduling restart of crashed service com.samsung.android.scloud/.auth.server.AuthService in 20985ms
10-15 23:30:16.817  3957  4554 I ActivityManager: Process com.samsung.android.app.spage (pid 6390) has died: cch+6SVC (80,464)
10-15 23:30:16.818  3957  4554 W ActivityManager: Scheduling restart of crashed service com.samsung.android.app.spage/.service.DummyStickyService in 20980ms
10-15 23:30:16.828 11953 12324 I BatteryMgr:DataCollectionService: stats => 1697405416828,-227,4314,-200,0,100
10-15 23:30:16.880  3957  4128 D WifiService: getConnectionInfo uid=1000
10-15 23:30:16.935 11953 12324 I BatteryMgr:DataCollectionService: stats => 1697405416935,-227,4314,-200,0,100
10-15 23:30:17.045 11953 12324 I BatteryMgr:DataCollectionService: stats => 1697405417045,-227,4314,-200,0,100
10-15 23:30:17.160 11953 12324 I BatteryMgr:DataCollectionService: stats => 1697405417159,-227,4314,-200,0,100
10-15 23:30:17.271 11953 12324 I BatteryMgr:DataCollectionService: stats => 1697405417270,-227,4314,-200,0,100
10-15 23:30:17.324  3957  4129 D WifiStateMachine:  ConnectedState !CMD_RSSI_POLL rt=407406472/1067804700 54 0 "ourhome" f4:6d:2f:12:cc:88 rssi=-44 f=5240 sc=60 link=433 tx=212.5, 1.6, 0.0  rx=887.5 bcn=98672 [on:0 tx:0 rx:0 period:608] from screen [on:173662 period:1281456] score=60
10-15 23:30:17.326  3957  4129 D WifiStateMachine:  L2ConnectedState !CMD_RSSI_POLL rt=407406475/1067804702 54 0 "ourhome" f4:6d:2f:12:cc:88 rssi=-44 f=5240 sc=60 link=433 tx=212.5, 1.6, 0.0  rx=887.5 bcn=98672 [on:0 tx:0 rx:0 period:2] from screen [on:173662 period:1281458] score=60
10-15 23:30:17.327  3957  4129 D WifiStateMachine:  get link layer stats 3
10-15 23:30:17.349  3436  3436 I android.hardware.wifi@1.0-service: getLinkLayerStats
