10-15 23:17:08.205 10709 10978 I BatteryMgr:DataCollectionService: stats => 1697404628205,213,4314,196,0,100
10-15 23:17:08.315 10709 10978 I BatteryMgr:DataCollectionService: stats => 1697404628315,213,4314,196,0,100
10-15 23:17:08.406  6343  6427 D ScanRecord: Not a Multi Manu data
10-15 23:17:08.428  6343  6427 I chatty  : uid=1002(bluetooth) BT Service Call identical 63 lines
10-15 23:17:08.428  6343  6427 D ScanRecord: Not a Multi Manu data
10-15 23:17:08.429 10709 10978 I BatteryMgr:DataCollectionService: stats => 1697404628429,213,4314,196,0,100
10-15 23:17:08.431  6343  6427 D ScanRecord: Not a Multi Manu data
10-15 23:17:08.481  6343  6427 I chatty  : uid=1002(bluetooth) BT Service Call identical 141 lines
10-15 23:17:08.481  6343  6427 D ScanRecord: Not a Multi Manu data
10-15 23:17:08.484  3957  4129 D WifiStateMachine:  ConnectedState !CMD_RSSI_POLL rt=406617633/1067015861 54 0 "ourhome" f4:6d:2f:12:cc:88 rssi=-44 f=5240 sc=60 link=433 tx=2.3, 0.0, 0.0  rx=6.7 bcn=91511 [on:0 tx:0 rx:0 period:874] from screen [on:70621 period:492617] score=60
10-15 23:17:08.486  3957  4129 D WifiStateMachine:  L2ConnectedState !CMD_RSSI_POLL rt=406617635/1067015862 54 0 "ourhome" f4:6d:2f:12:cc:88 rssi=-44 f=5240 sc=60 link=433 tx=2.3, 0.0, 0.0  rx=6.7 bcn=91511 [on:0 tx:0 rx:0 period:2] from screen [on:70621 period:492619] score=60
10-15 23:17:08.486  3957  4129 D WifiStateMachine:  get link layer stats 3
10-15 23:17:08.487  3436  3436 I android.hardware.wifi@1.0-service: getLinkLayerStats
10-15 23:17:08.492  3957  4129 D WifiStateMachine: fetchRssiLinkSpeedAndFrequencyNative rssi=-43 linkspeed=433 freq=5240
10-15 23:17:08.492  6343  6427 D ScanRecord: Not a Multi Manu data
10-15 23:17:08.493  6343  6427 I chatty  : uid=1002(bluetooth) BT Service Call identical 11 lines
10-15 23:17:08.493  6343  6427 D ScanRecord: Not a Multi Manu data
10-15 23:17:08.496  4340  4340 E SignalClusterView: setSlotFocusVisible : subId -2
10-15 23:17:08.496  4340  4340 E SignalClusterView: setSlotFocusVisible : subId -2
10-15 23:17:08.506  6343  6427 D ScanRecord: Not a Multi Manu data
10-15 23:17:08.518  6343  6427 I chatty  : uid=1002(bluetooth) BT Service Call identical 24 lines
10-15 23:17:08.518  6343  6427 D ScanRecord: Not a Multi Manu data
10-15 23:17:08.537 10709 10978 I BatteryMgr:DataCollectionService: stats => 1697404628537,213,4314,196,0,100
10-15 23:17:08.547  6343  6427 D ScanRecord: Not a Multi Manu data
10-15 23:17:08.603  6343  6427 I chatty  : uid=1002(bluetooth) BT Service Call identical 102 lines
10-15 23:17:08.604  6343  6427 D ScanRecord: Not a Multi Manu data
10-15 23:17:08.605  3957  4129 D WifiStateMachine:  ConnectedState !RSSI_PKTCNT_FETCH uid=1000 rt=406617753/1067015981 0 0 "ourhome" f4:6d:2f:12:cc:88 rssi=-43 f=5240 sc=60 link=433 tx=1.5, 0.0, 0.0  rx=5.0 bcn=91539 [on:0 tx:0 rx:0 period:109] from screen [on:71166 period:492737] score=60
10-15 23:17:08.608  3957  4129 D WifiStateMachine:  L2ConnectedState !RSSI_PKTCNT_FETCH uid=1000 rt=406617756/1067015983 0 0 "ourhome" f4:6d:2f:12:cc:88 rssi=-43 f=5240 sc=60 link=433 tx=1.5, 0.0, 0.0  rx=5.0 bcn=91539 [on:0 tx:0 rx:0 period:4] from screen [on:71166 period:492741] score=60
10-15 23:17:08.609  6343  6427 D ScanRecord: Not a Multi Manu data
10-15 23:17:08.610  6343  6427 I chatty  : uid=1002(bluetooth) BT Service Call identical 9 lines
10-15 23:17:08.610  6343  6427 D ScanRecord: Not a Multi Manu data
10-15 23:17:08.611  3957  4129 D WifiStateMachine: fetchRssiLinkSpeedAndFrequencyNative rssi=-44 linkspeed=433 freq=5240
10-15 23:17:08.611  6343  6427 D ScanRecord: Not a Multi Manu data
10-15 23:17:08.641  6343  6427 I chatty  : uid=1002(bluetooth) BT Service Call identical 117 lines
10-15 23:17:08.641  6343  6427 D ScanRecord: Not a Multi Manu data
10-15 23:17:08.648 10709 10978 I BatteryMgr:DataCollectionService: stats => 1697404628648,213,4314,196,0,100
10-15 23:17:08.653  6343  6427 D ScanRecord: Not a Multi Manu data
10-15 23:17:08.758  6343  6427 I chatty  : uid=1002(bluetooth) BT Service Call identical 271 lines
10-15 23:17:08.758  6343  6427 D ScanRecord: Not a Multi Manu data
10-15 23:17:08.759 10709 10978 I BatteryMgr:DataCollectionService: stats => 1697404628758,213,4314,196,0,100
10-15 23:17:08.778  6343  6427 D ScanRecord: Not a Multi Manu data
10-15 23:17:08.863  6343  6427 I chatty  : uid=1002(bluetooth) BT Service Call identical 180 lines
10-15 23:17:08.863  6343  6427 D ScanRecord: Not a Multi Manu data
10-15 23:17:08.867 10709 10978 I BatteryMgr:DataCollectionService: stats => 1697404628866,213,4314,196,0,100
10-15 23:17:08.880  6343  6427 D ScanRecord: Not a Multi Manu data
10-15 23:17:08.890  6343  6427 I chatty  : uid=1002(bluetooth) BT Service Call identical 37 lines
10-15 23:17:08.890  6343  6427 D ScanRecord: Not a Multi Manu data
10-15 23:17:08.975 10709 10978 I BatteryMgr:DataCollectionService: stats => 1697404628975,213,4314,196,0,100
10-15 23:17:08.991  3957 14960 D BatteryService: !@BatteryListener : batteryPropertiesChanged!
10-15 23:17:09.080 10709 10978 I BatteryMgr:DataCollectionService: stats => 1697404629080,213,4314,196,0,100
10-15 23:17:09.180  3957  4128 D WifiService: getConnectionInfo uid=1000
10-15 23:17:09.190 10709 10978 I BatteryMgr:DataCollectionService: stats => 1697404629190,213,4314,196,0,100
10-15 23:17:09.304 10709 10978 I BatteryMgr:DataCollectionService: stats => 1697404629304,213,4314,196,0,100
10-15 23:17:09.416 10709 10978 I BatteryMgr:DataCollectionService: stats => 1697404629416,213,4314,196,0,100
10-15 23:17:09.530 10709 10978 I BatteryMgr:DataCollectionService: stats => 1697404629530,213,4314,196,0,100
10-15 23:17:09.607  3957  4129 D WifiStateMachine:  ConnectedState !RSSI_PKTCNT_FETCH uid=1000 rt=406618756/1067016983 0 0 "ourhome" f4:6d:2f:12:cc:88 rssi=-44 f=5240 sc=60 link=433 tx=1.5, 0.0, 0.0  rx=5.0 bcn=91539 [on:0 tx:0 rx:0 period:999] from screen [on:71166 period:493740] score=60
10-15 23:17:09.610  3957  4129 D WifiStateMachine:  L2ConnectedState !RSSI_PKTCNT_FETCH uid=1000 rt=406618758/1067016986 0 0 "ourhome" f4:6d:2f:12:cc:88 rssi=-44 f=5240 sc=60 link=433 tx=1.5, 0.0, 0.0  rx=5.0 bcn=91539 [on:0 tx:0 rx:0 period:3] from screen [on:71166 period:493743] score=60
10-15 23:17:09.617  3957  4129 D WifiStateMachine: fetchRssiLinkSpeedAndFrequencyNative rssi=-43 linkspeed=433 freq=5240
10-15 23:17:09.642 10709 10978 I BatteryMgr:DataCollectionService: stats => 1697404629642,213,4314,196,0,100
10-15 23:17:09.753 10709 10978 I BatteryMgr:DataCollectionService: stats => 1697404629753,213,4314,196,0,100
10-15 23:17:09.863 10709 10978 I BatteryMgr:DataCollectionService: stats => 1697404629863,213,4314,196,0,100
10-15 23:17:09.973 10709 10978 I BatteryMgr:DataCollectionService: stats => 1697404629973,213,4314,196,0,100
10-15 23:17:10.087 10709 10978 I BatteryMgr:DataCollectionService: stats => 1697404630086,213,4314,196,0,100
10-15 23:17:10.182  3957  4128 D WifiService: getConnectionInfo uid=1000
10-15 23:17:10.198 10709 10978 I BatteryMgr:DataCollectionService: stats => 1697404630198,213,4314,196,0,100
10-15 23:17:10.307 10709 10978 I BatteryMgr:DataCollectionService: stats => 1697404630306,213,4314,196,0,100
10-15 23:17:10.414 10709 10978 I BatteryMgr:DataCollectionService: stats => 1697404630414,213,4314,196,0,100
10-15 23:17:10.529 10709 10978 I BatteryMgr:DataCollectionService: stats => 1697404630528,213,4314,196,0,100
10-15 23:17:10.609  3957  4129 D WifiStateMachine:  ConnectedState !RSSI_PKTCNT_FETCH uid=1000 rt=406619757/1067017985 0 0 "ourhome" f4:6d:2f:12:cc:88 rssi=-43 f=5240 sc=60 link=433 tx=1.5, 0.0, 0.0  rx=5.0 bcn=91539 [on:0 tx:0 rx:0 period:998] from screen [on:71166 period:494741] score=60
10-15 23:17:10.611  3957  4129 D WifiStateMachine:  L2ConnectedState !RSSI_PKTCNT_FETCH uid=1000 rt=406619760/1067017988 0 0 "ourhome" f4:6d:2f:12:cc:88 rssi=-43 f=5240 sc=60 link=433 tx=1.5, 0.0, 0.0  rx=5.0 bcn=91539 [on:0 tx:0 rx:0 period:3] from screen [on:71166 period:494744] score=60
10-15 23:17:10.619  3957  4129 D WifiStateMachine: fetchRssiLinkSpeedAndFrequencyNative rssi=-43 linkspeed=433 freq=5240
10-15 23:17:10.639 10709 10978 I BatteryMgr:DataCollectionService: stats => 1697404630639,213,4314,196,0,100
10-15 23:17:10.751 10709 10978 I BatteryMgr:DataCollectionService: stats => 1697404630750,213,4314,196,0,100
10-15 23:17:10.861 10709 10978 I BatteryMgr:DataCollectionService: stats => 1697404630861,213,4314,196,0,100
10-15 23:17:10.985 10709 10978 I BatteryMgr:DataCollectionService: stats => 1697404630985,213,4314,196,0,100
10-15 23:17:11.102 10709 10978 I BatteryMgr:DataCollectionService: stats => 1697404631102,213,4314,196,0,100
10-15 23:17:11.187  3957  4128 D WifiService: getConnectionInfo uid=1000
10-15 23:17:11.220 10709 10978 I BatteryMgr:DataCollectionService: stats => 1697404631220,213,4314,196,0,100
10-15 23:17:11.331 10709 10978 I BatteryMgr:DataCollectionService: stats => 1697404631331,213,4314,196,0,100
10-15 23:17:11.444 10709 10978 I BatteryMgr:DataCollectionService: stats => 1697404631444,213,4314,196,0,100
10-15 23:17:11.496  3957  4129 D WifiStateMachine:  ConnectedState !CMD_RSSI_POLL rt=406620644/1067018872 54 0 "ourhome" f4:6d:2f:12:cc:88 rssi=-43 f=5240 sc=60 link=433 tx=1.5, 0.0, 0.0  rx=5.0 bcn=91539 [on:0 tx:0 rx:0 period:885] from screen [on:71166 period:495629] score=60
10-15 23:17:11.501  3957  4129 D WifiStateMachine:  L2ConnectedState !CMD_RSSI_POLL rt=406620647/1067018875 54 0 "ourhome" f4:6d:2f:12:cc:88 rssi=-43 f=5240 sc=60 link=433 tx=1.5, 0.0, 0.0  rx=5.0 bcn=91539 [on:0 tx:0 rx:0 period:3] from screen [on:71166 period:495632] score=60
10-15 23:17:11.501  3957  4129 D WifiStateMachine:  get link layer stats 3
10-15 23:17:11.503  3436  3436 I android.hardware.wifi@1.0-service: getLinkLayerStats
10-15 23:17:11.524  3957  4129 D WifiStateMachine: fetchRssiLinkSpeedAndFrequencyNative rssi=-44 linkspeed=433 freq=5240
10-15 23:17:11.530  4340  4340 E SignalClusterView: setSlotFocusVisible : subId -2
10-15 23:17:11.530  4340  4340 E SignalClusterView: setSlotFocusVisible : subId -2
10-15 23:17:11.555 10709 10978 I BatteryMgr:DataCollectionService: stats => 1697404631555,213,4314,196,0,100
10-15 23:17:11.611  3957  4129 D WifiStateMachine:  ConnectedState !RSSI_PKTCNT_FETCH uid=1000 rt=406620758/1067018986 0 0 "ourhome" f4:6d:2f:12:cc:88 rssi=-44 f=5240 sc=60 link=433 tx=0.5, 0.0, 0.0  rx=1.8 bcn=91565 [on:0 tx:0 rx:0 period:82] from screen [on:71253 period:495744] score=60
10-15 23:17:11.618  3957  4129 D WifiStateMachine:  L2ConnectedState !RSSI_PKTCNT_FETCH uid=1000 rt=406620763/1067018990 0 0 "ourhome" f4:6d:2f:12:cc:88 rssi=-44 f=5240 sc=60 link=433 tx=0.5, 0.0, 0.0  rx=1.8 bcn=91565 [on:0 tx:0 rx:0 period:6] from screen [on:71253 period:495750] score=60
10-15 23:17:11.627  3957  4129 D WifiStateMachine: fetchRssiLinkSpeedAndFrequencyNative rssi=-43 linkspeed=433 freq=5240
10-15 23:17:11.675 10709 10978 I BatteryMgr:DataCollectionService: stats => 1697404631674,213,4314,196,0,100
10-15 23:17:11.787 10709 10978 I BatteryMgr:DataCollectionService: stats => 1697404631787,213,4314,196,0,100
10-15 23:17:11.898 10709 10978 I BatteryMgr:DataCollectionService: stats => 1697404631898,213,4314,196,0,100
10-15 23:17:12.010 10709 10978 I BatteryMgr:DataCollectionService: stats => 1697404632010,213,4314,196,0,100
10-15 23:17:12.033 10755 10974 I SessionStorage/AutoSave: Save: Periodic
10-15 23:17:12.120 10709 10978 I BatteryMgr:DataCollectionService: stats => 1697404632120,213,4314,196,0,100
10-15 23:17:12.189  3957  4128 D WifiService: getConnectionInfo uid=1000
10-15 23:17:12.232 10709 10978 I BatteryMgr:DataCollectionService: stats => 1697404632232,213,4314,196,0,100
10-15 23:17:12.348 10709 10978 I BatteryMgr:DataCollectionService: stats => 1697404632347,213,4314,196,0,100
10-15 23:17:12.467 10709 10978 I BatteryMgr:DataCollectionService: stats => 1697404632466,213,4314,196,0,100
10-15 23:17:12.582 10709 10978 I BatteryMgr:DataCollectionService: stats => 1697404632582,213,4314,196,0,100
10-15 23:17:12.589  4961  4961 D io_stats: !@ 179,0 r 5759245 180092328 w 1315253 28431624 d 104561 31788324 f 301997 318828 iot 2517308 2220561 th 51200 0 0 pt 0 inp 0 0 406621.739
10-15 23:17:12.611  3957  4129 D WifiStateMachine:  ConnectedState !RSSI_PKTCNT_FETCH uid=1000 rt=406621760/1067019988 0 0 "ourhome" f4:6d:2f:12:cc:88 rssi=-43 f=5240 sc=60 link=433 tx=0.5, 0.0, 0.0  rx=1.8 bcn=91565 [on:0 tx:0 rx:0 period:994] from screen [on:71253 period:496744] score=60
10-15 23:17:12.613  3957  4129 D WifiStateMachine:  L2ConnectedState !RSSI_PKTCNT_FETCH uid=1000 rt=406621762/1067019990 0 0 "ourhome" f4:6d:2f:12:cc:88 rssi=-43 f=5240 sc=60 link=433 tx=0.5, 0.0, 0.0  rx=1.8 bcn=91565 [on:0 tx:0 rx:0 period:2] from screen [on:71253 period:496746] score=60
10-15 23:17:12.615  3957  4129 D WifiStateMachine: fetchRssiLinkSpeedAndFrequencyNative rssi=-44 linkspeed=433 freq=5240
10-15 23:17:12.690 10709 10978 I BatteryMgr:DataCollectionService: stats => 1697404632690,213,4314,196,0,100
10-15 23:17:12.801 10709 10978 I BatteryMgr:DataCollectionService: stats => 1697404632801,213,4314,196,0,100
10-15 23:17:12.808  3957  4306 D WifiConnectivityMonitor:  [|251] []
10-15 23:17:12.910 10709 10978 I BatteryMgr:DataCollectionService: stats => 1697404632910,213,4314,196,0,100
10-15 23:17:13.020 10709 10978 I BatteryMgr:DataCollectionService: stats => 1697404633020,213,4314,196,0,100
10-15 23:17:13.131 10709 10978 I BatteryMgr:DataCollectionService: stats => 1697404633130,213,4314,196,0,100
10-15 23:17:13.192  3957  4128 D WifiService: getConnectionInfo uid=1000
10-15 23:17:13.238 10709 10978 I BatteryMgr:DataCollectionService: stats => 1697404633238,213,4314,196,0,100
10-15 23:17:13.350 10709 10978 I BatteryMgr:DataCollectionService: stats => 1697404633350,213,4314,196,0,100
10-15 23:17:13.399  6343  6427 D ScanRecord: Not a Multi Manu data
10-15 23:17:13.454  6343  6427 I chatty  : uid=1002(bluetooth) BT Service Call identical 155 lines
10-15 23:17:13.458  6343  6427 D ScanRecord: Not a Multi Manu data
10-15 23:17:13.458 10709 10978 I BatteryMgr:DataCollectionService: stats => 1697404633458,213,4314,196,0,100
10-15 23:17:13.459  6343  6427 D ScanRecord: Not a Multi Manu data
10-15 23:17:13.566  6343  6427 I chatty  : uid=1002(bluetooth) BT Service Call identical 179 lines
10-15 23:17:13.566  6343  6427 D ScanRecord: Not a Multi Manu data
10-15 23:17:13.569 10709 10978 I BatteryMgr:DataCollectionService: stats => 1697404633569,213,4314,196,0,100
10-15 23:17:13.570  6343  6427 D ScanRecord: Not a Multi Manu data
10-15 23:17:13.614  6343  6427 I chatty  : uid=1002(bluetooth) BT Service Call identical 89 lines
10-15 23:17:13.614  6343  6427 D ScanRecord: Not a Multi Manu data
10-15 23:17:13.614  3957  4129 D WifiStateMachine:  ConnectedState !RSSI_PKTCNT_FETCH uid=1000 rt=406622762/1067020990 0 0 "ourhome" f4:6d:2f:12:cc:88 rssi=-44 f=5240 sc=60 link=433 tx=0.5, 0.0, 0.0  rx=1.8 bcn=91565 [on:0 tx:0 rx:0 period:1001] from screen [on:71253 period:497747] score=60
10-15 23:17:13.615  6343  6427 D ScanRecord: Not a Multi Manu data
10-15 23:17:13.616  6343  6427 I chatty  : uid=1002(bluetooth) BT Service Call identical 11 lines
10-15 23:17:13.616  6343  6427 D ScanRecord: Not a Multi Manu data
10-15 23:17:13.616  3957  4129 D WifiStateMachine:  L2ConnectedState !RSSI_PKTCNT_FETCH uid=1000 rt=406622765/1067020993 0 0 "ourhome" f4:6d:2f:12:cc:88 rssi=-44 f=5240 sc=60 link=433 tx=0.5, 0.0, 0.0  rx=1.8 bcn=91565 [on:0 tx:0 rx:0 period:2] from screen [on:71253 period:497749] score=60
10-15 23:17:13.617  6343  6427 D ScanRecord: Not a Multi Manu data
10-15 23:17:13.618  6343  6427 I chatty  : uid=1002(bluetooth) BT Service Call identical 11 lines
10-15 23:17:13.618  6343  6427 D ScanRecord: Not a Multi Manu data
10-15 23:17:13.618  3957  4129 D WifiStateMachine: fetchRssiLinkSpeedAndFrequencyNative rssi=-44 linkspeed=433 freq=5240
10-15 23:17:13.619  6343  6427 D ScanRecord: Not a Multi Manu data
10-15 23:17:13.678  6343  6427 I chatty  : uid=1002(bluetooth) BT Service Call identical 174 lines
10-15 23:17:13.679  6343  6427 D ScanRecord: Not a Multi Manu data
10-15 23:17:13.679 10709 10978 I BatteryMgr:DataCollectionService: stats => 1697404633679,213,4314,196,0,100
10-15 23:17:13.679  6343  6427 D ScanRecord: Not a Multi Manu data
10-15 23:17:13.783  6343  6427 I chatty  : uid=1002(bluetooth) BT Service Call identical 225 lines
10-15 23:17:13.783  6343  6427 D ScanRecord: Not a Multi Manu data
10-15 23:17:13.787 10709 10978 I BatteryMgr:DataCollectionService: stats => 1697404633787,213,4314,196,0,100
10-15 23:17:13.797  6343  6427 D ScanRecord: Not a Multi Manu data
10-15 23:17:13.880  6343  6427 I chatty  : uid=1002(bluetooth) BT Service Call identical 193 lines
10-15 23:17:13.880  6343  6427 D ScanRecord: Not a Multi Manu data
10-15 23:17:13.894 10709 10978 I BatteryMgr:DataCollectionService: stats => 1697404633894,213,4314,196,0,100
10-15 23:17:14.003 10709 10978 I BatteryMgr:DataCollectionService: stats => 1697404634003,213,4314,196,0,100
10-15 23:17:14.112 10709 10978 I BatteryMgr:DataCollectionService: stats => 1697404634112,213,4314,196,0,100
10-15 23:17:14.194  3957  4128 D WifiService: getConnectionInfo uid=1000
10-15 23:17:14.221 10709 10978 I BatteryMgr:DataCollectionService: stats => 1697404634221,213,4314,196,0,100
10-15 23:17:14.331 10709 10978 I BatteryMgr:DataCollectionService: stats => 1697404634331,213,4314,196,0,100
10-15 23:17:14.449 10709 10978 I BatteryMgr:DataCollectionService: stats => 1697404634449,213,4314,196,0,100
10-15 23:17:14.529  3957  4129 D WifiStateMachine:  ConnectedState !CMD_RSSI_POLL rt=406623677/1067021905 54 0 "ourhome" f4:6d:2f:12:cc:88 rssi=-44 f=5240 sc=60 link=433 tx=0.5, 0.0, 0.0  rx=1.8 bcn=91565 [on:0 tx:0 rx:0 period:913] from screen [on:71253 period:498662] score=60
10-15 23:17:14.533  3957  4129 D WifiStateMachine:  L2ConnectedState !CMD_RSSI_POLL rt=406623680/1067021908 54 0 "ourhome" f4:6d:2f:12:cc:88 rssi=-44 f=5240 sc=60 link=433 tx=0.5, 0.0, 0.0  rx=1.8 bcn=91565 [on:0 tx:0 rx:0 period:3] from screen [on:71253 period:498665] score=60
10-15 23:17:14.533  3957  4129 D WifiStateMachine:  get link layer stats 3
10-15 23:17:14.534  3436  3436 I android.hardware.wifi@1.0-service: getLinkLayerStats
10-15 23:17:14.548  3957  4129 D WifiStateMachine: fetchRssiLinkSpeedAndFrequencyNative rssi=-43 linkspeed=433 freq=5240
10-15 23:17:14.553  4340  4340 E SignalClusterView: setSlotFocusVisible : subId -2
10-15 23:17:14.553  4340  4340 E SignalClusterView: setSlotFocusVisible : subId -2
10-15 23:17:14.559 10709 10978 I BatteryMgr:DataCollectionService: stats => 1697404634559,213,4314,196,0,100
10-15 23:17:14.614  3957  4129 D WifiStateMachine:  ConnectedState !RSSI_PKTCNT_FETCH uid=1000 rt=406623764/1067021991 0 0 "ourhome" f4:6d:2f:12:cc:88 rssi=-43 f=5240 sc=60 link=433 tx=16.7, 0.0, 0.0  rx=17.2 bcn=91592 [on:0 tx:0 rx:0 period:63] from screen [on:73234 period:498747] score=60
10-15 23:17:14.616  3957  4129 D WifiStateMachine:  L2ConnectedState !RSSI_PKTCNT_FETCH uid=1000 rt=406623766/1067021993 0 0 "ourhome" f4:6d:2f:12:cc:88 rssi=-43 f=5240 sc=60 link=433 tx=16.7, 0.0, 0.0  rx=17.2 bcn=91592 [on:0 tx:0 rx:0 period:2] from screen [on:73234 period:498749] score=60
10-15 23:17:14.622  3957  4129 D WifiStateMachine: fetchRssiLinkSpeedAndFrequencyNative rssi=-43 linkspeed=433 freq=5240
10-15 23:17:14.673 10709 10978 I BatteryMgr:DataCollectionService: stats => 1697404634673,213,4314,196,0,100
10-15 23:17:14.784 10709 10978 I BatteryMgr:DataCollectionService: stats => 1697404634784,213,4314,196,0,100
10-15 23:17:14.893 10709 10978 I BatteryMgr:DataCollectionService: stats => 1697404634892,213,4314,196,0,100
10-15 23:17:15.002 10709 10978 I BatteryMgr:DataCollectionService: stats => 1697404635002,213,4314,196,0,100
10-15 23:17:15.112 10709 10978 I BatteryMgr:DataCollectionService: stats => 1697404635112,213,4314,196,0,100
10-15 23:17:15.197  3957  4128 D WifiService: getConnectionInfo uid=1000
10-15 23:17:15.223 10709 10978 I BatteryMgr:DataCollectionService: stats => 1697404635222,213,4314,196,0,100
10-15 23:17:15.333 10709 10978 I BatteryMgr:DataCollectionService: stats => 1697404635332,213,4314,196,0,100
10-15 23:17:15.441 10709 10978 I BatteryMgr:DataCollectionService: stats => 1697404635440,213,4314,196,0,100
10-15 23:17:15.552 10709 10978 I BatteryMgr:DataCollectionService: stats => 1697404635552,213,4314,196,0,100
10-15 23:17:15.616  3957  4129 D WifiStateMachine:  ConnectedState !RSSI_PKTCNT_FETCH uid=1000 rt=406624765/1067022992 0 0 "ourhome" f4:6d:2f:12:cc:88 rssi=-43 f=5240 sc=60 link=433 tx=16.7, 0.0, 0.0  rx=17.2 bcn=91592 [on:0 tx:0 rx:0 period:999] from screen [on:73234 period:499748] score=60
10-15 23:17:15.618  3957  4129 D WifiStateMachine:  L2ConnectedState !RSSI_PKTCNT_FETCH uid=1000 rt=406624767/1067022994 0 0 "ourhome" f4:6d:2f:12:cc:88 rssi=-43 f=5240 sc=60 link=433 tx=16.7, 0.0, 0.0  rx=17.2 bcn=91592 [on:0 tx:0 rx:0 period:3] from screen [on:73234 period:499751] score=60
10-15 23:17:15.623  3957  4129 D WifiStateMachine: fetchRssiLinkSpeedAndFrequencyNative rssi=-44 linkspeed=433 freq=5240
10-15 23:17:15.669 10709 10978 I BatteryMgr:DataCollectionService: stats => 1697404635669,213,4314,196,0,100
10-15 23:17:15.777 10709 10978 I BatteryMgr:DataCollectionService: stats => 1697404635777,213,4314,196,0,100
10-15 23:17:15.888 10709 10978 I BatteryMgr:DataCollectionService: stats => 1697404635888,213,4314,196,0,100
10-15 23:17:15.998 10709 10978 I BatteryMgr:DataCollectionService: stats => 1697404635998,213,4314,196,0,100
10-15 23:17:16.050  3957  4030 D SensorService: [SO] 0.110 -0.067 9.965
10-15 23:17:16.108 10709 10978 I BatteryMgr:DataCollectionService: stats => 1697404636108,213,4314,196,0,100
10-15 23:17:16.201  3957  4128 D WifiService: getConnectionInfo uid=1000
10-15 23:17:16.227 10709 10978 I BatteryMgr:DataCollectionService: stats => 1697404636227,213,4314,196,0,100
10-15 23:17:16.339 10709 10978 I BatteryMgr:DataCollectionService: stats => 1697404636339,213,4314,196,0,100
10-15 23:17:16.452 10709 10978 I BatteryMgr:DataCollectionService: stats => 1697404636452,213,4314,196,0,100
10-15 23:17:16.562 10709 10978 I BatteryMgr:DataCollectionService: stats => 1697404636561,213,4314,196,0,100
10-15 23:17:16.619  3957  4129 D WifiStateMachine:  ConnectedState !RSSI_PKTCNT_FETCH uid=1000 rt=406625766/1067023994 0 0 "ourhome" f4:6d:2f:12:cc:88 rssi=-44 f=5240 sc=60 link=433 tx=16.7, 0.0, 0.0  rx=17.2 bcn=91592 [on:0 tx:0 rx:0 period:1001] from screen [on:73234 period:500752] score=60
10-15 23:17:16.622  3957  4129 D WifiStateMachine:  L2ConnectedState !RSSI_PKTCNT_FETCH uid=1000 rt=406625770/1067023998 0 0 "ourhome" f4:6d:2f:12:cc:88 rssi=-44 f=5240 sc=60 link=433 tx=16.7, 0.0, 0.0  rx=17.2 bcn=91592 [on:0 tx:0 rx:0 period:3] from screen [on:73234 period:500755] score=60
10-15 23:17:16.629  3957  4129 D WifiStateMachine: fetchRssiLinkSpeedAndFrequencyNative rssi=-43 linkspeed=433 freq=5240
10-15 23:17:16.679 10709 10978 I BatteryMgr:DataCollectionService: stats => 1697404636679,213,4314,196,0,100
10-15 23:17:16.794 10709 10978 I BatteryMgr:DataCollectionService: stats => 1697404636794,213,4314,196,0,100
10-15 23:17:16.904 10709 10978 I BatteryMgr:DataCollectionService: stats => 1697404636903,213,4314,196,0,100
10-15 23:17:17.012 10709 10978 I BatteryMgr:DataCollectionService: stats => 1697404637012,213,4314,196,0,100
10-15 23:17:17.126 10709 10978 I BatteryMgr:DataCollectionService: stats => 1697404637126,213,4314,196,0,100
10-15 23:17:17.205  3957  4128 D WifiService: getConnectionInfo uid=1000
10-15 23:17:17.243 10709 10978 I BatteryMgr:DataCollectionService: stats => 1697404637243,213,4314,196,0,100
10-15 23:17:17.350 10709 10978 I BatteryMgr:DataCollectionService: stats => 1697404637349,213,4314,196,0,100
10-15 23:17:17.441  3957  6478 D SSRM:k  : SIOP:: AP = 360, PST = 350 (W:26), BAT = 320, USB = 0, CHG = 0
10-15 23:17:17.460 10709 10978 I BatteryMgr:DataCollectionService: stats => 1697404637460,213,4314,196,0,100
10-15 23:17:17.554  3957  4129 D WifiStateMachine:  ConnectedState !CMD_RSSI_POLL rt=406626701/1067024929 54 0 "ourhome" f4:6d:2f:12:cc:88 rssi=-43 f=5240 sc=60 link=433 tx=16.7, 0.0, 0.0  rx=17.2 bcn=91592 [on:0 tx:0 rx:0 period:931] from screen [on:73234 period:501686] score=60
10-15 23:17:17.555  3957  4129 D WifiStateMachine:  L2ConnectedState !CMD_RSSI_POLL rt=406626705/1067024932 54 0 "ourhome" f4:6d:2f:12:cc:88 rssi=-43 f=5240 sc=60 link=433 tx=16.7, 0.0, 0.0  rx=17.2 bcn=91592 [on:0 tx:0 rx:0 period:2] from screen [on:73234 period:501688] score=60
10-15 23:17:17.555  3957  4129 D WifiStateMachine:  get link layer stats 3
10-15 23:17:17.556  3436  3436 I android.hardware.wifi@1.0-service: getLinkLayerStats
10-15 23:17:17.564  3957  4129 D WifiStateMachine: fetchRssiLinkSpeedAndFrequencyNative rssi=-43 linkspeed=433 freq=5240
10-15 23:17:17.570  4340  4340 E SignalClusterView: setSlotFocusVisible : subId -2
10-15 23:17:17.571  4340  4340 E SignalClusterView: setSlotFocusVisible : subId -2
10-15 23:17:17.574 10709 10978 I BatteryMgr:DataCollectionService: stats => 1697404637574,213,4314,196,0,100
10-15 23:17:17.592  4961  4961 D io_stats: !@ 179,0 r 5759288 180093560 w 1315257 28431652 d 104561 31788324 f 301997 318830 iot 2517316 2220576 th 51200 0 0 pt 0 inp 0 0 406626.742
10-15 23:17:17.619  3957  4129 D WifiStateMachine:  ConnectedState !RSSI_PKTCNT_FETCH uid=1000 rt=406626767/1067024995 0 0 "ourhome" f4:6d:2f:12:cc:88 rssi=-43 f=5240 sc=60 link=433 tx=8.0, 0.0, 0.0  rx=10.1 bcn=91619 [on:0 tx:0 rx:0 period:50] from screen [on:73755 period:501752] score=60
10-15 23:17:17.621  3957  4129 D WifiStateMachine:  L2ConnectedState !RSSI_PKTCNT_FETCH uid=1000 rt=406626770/1067024998 0 0 "ourhome" f4:6d:2f:12:cc:88 rssi=-43 f=5240 sc=60 link=433 tx=8.0, 0.0, 0.0  rx=10.1 bcn=91619 [on:0 tx:0 rx:0 period:2] from screen [on:73755 period:501754] score=60
10-15 23:17:17.628  3957  4129 D WifiStateMachine: fetchRssiLinkSpeedAndFrequencyNative rssi=-43 linkspeed=433 freq=5240
10-15 23:17:17.685 10709 10978 I BatteryMgr:DataCollectionService: stats => 1697404637685,213,4314,196,0,100
10-15 23:17:17.795 10709 10978 I BatteryMgr:DataCollectionService: stats => 1697404637794,213,4314,196,0,100
10-15 23:17:17.907 10709 10978 I BatteryMgr:DataCollectionService: stats => 1697404637906,213,4314,196,0,100
10-15 23:17:18.020 10709 10978 I BatteryMgr:DataCollectionService: stats => 1697404638020,213,4314,196,0,100
10-15 23:17:18.137 10709 10978 I BatteryMgr:DataCollectionService: stats => 1697404638136,213,4314,196,0,100
10-15 23:17:18.208  3957  4128 D WifiService: getConnectionInfo uid=1000
10-15 23:17:18.251 10709 10978 I BatteryMgr:DataCollectionService: stats => 1697404638251,213,4314,196,0,100
10-15 23:17:18.369 10709 10978 I BatteryMgr:DataCollectionService: stats => 1697404638368,213,4314,196,0,100
10-15 23:17:18.415  6343  6427 D ScanRecord: Not a Multi Manu data
10-15 23:17:18.479  6343  6427 I chatty  : uid=1002(bluetooth) BT Service Call identical 154 lines
10-15 23:17:18.479  6343  6427 D ScanRecord: Not a Multi Manu data
10-15 23:17:18.480 10709 10978 I BatteryMgr:DataCollectionService: stats => 1697404638480,213,4314,196,0,100
10-15 23:17:18.484  6343  6427 D ScanRecord: Not a Multi Manu data
10-15 23:17:18.566  6343  6427 I chatty  : uid=1002(bluetooth) BT Service Call identical 154 lines
10-15 23:17:18.566  6343  6427 D ScanRecord: Not a Multi Manu data
10-15 23:17:18.592 10709 10978 I BatteryMgr:DataCollectionService: stats => 1697404638592,213,4314,196,0,100
10-15 23:17:18.620  6343  6427 D ScanRecord: Not a Multi Manu data
10-15 23:17:18.621  6343  6427 I chatty  : uid=1002(bluetooth) BT Service Call identical 11 lines
10-15 23:17:18.621  6343  6427 D ScanRecord: Not a Multi Manu data
10-15 23:17:18.622  3957  4129 D WifiStateMachine:  ConnectedState !RSSI_PKTCNT_FETCH uid=1000 rt=406627770/1067025997 0 0 "ourhome" f4:6d:2f:12:cc:88 rssi=-43 f=5240 sc=60 link=433 tx=8.0, 0.0, 0.0  rx=10.1 bcn=91619 [on:0 tx:0 rx:0 period:1001] from screen [on:73755 period:502755] score=60
10-15 23:17:18.622  6343  6427 D ScanRecord: Not a Multi Manu data
10-15 23:17:18.624  6343  6427 I chatty  : uid=1002(bluetooth) BT Service Call identical 11 lines
10-15 23:17:18.624  6343  6427 D ScanRecord: Not a Multi Manu data
10-15 23:17:18.625  3957  4129 D WifiStateMachine:  L2ConnectedState !RSSI_PKTCNT_FETCH uid=1000 rt=406627773/1067026001 0 0 "ourhome" f4:6d:2f:12:cc:88 rssi=-43 f=5240 sc=60 link=433 tx=8.0, 0.0, 0.0  rx=10.1 bcn=91619 [on:0 tx:0 rx:0 period:3] from screen [on:73755 period:502758] score=60
10-15 23:17:18.627  3957  4129 D WifiStateMachine: fetchRssiLinkSpeedAndFrequencyNative rssi=-43 linkspeed=433 freq=5240
10-15 23:17:18.635  6343  6427 D ScanRecord: Not a Multi Manu data
10-15 23:17:18.670  6343  6427 I chatty  : uid=1002(bluetooth) BT Service Call identical 50 lines
10-15 23:17:18.671  6343  6427 D ScanRecord: Not a Multi Manu data
10-15 23:17:18.704 10709 10978 I BatteryMgr:DataCollectionService: stats => 1697404638704,213,4314,196,0,100
10-15 23:17:18.721  6343  6427 D ScanRecord: Not a Multi Manu data
10-15 23:17:18.812  6343  6427 I chatty  : uid=1002(bluetooth) BT Service Call identical 76 lines
10-15 23:17:18.812  6343  6427 D ScanRecord: Not a Multi Manu data
10-15 23:17:18.813 10709 10978 I BatteryMgr:DataCollectionService: stats => 1697404638813,213,4314,196,0,100
10-15 23:17:18.830  6343  6427 D ScanRecord: Not a Multi Manu data
10-15 23:17:18.886  6343  6427 I chatty  : uid=1002(bluetooth) BT Service Call identical 102 lines
10-15 23:17:18.886  6343  6427 D ScanRecord: Not a Multi Manu data
10-15 23:17:18.924 10709 10978 I BatteryMgr:DataCollectionService: stats => 1697404638923,213,4314,196,0,100
10-15 23:17:19.033 10709 10978 I BatteryMgr:DataCollectionService: stats => 1697404639033,193,4314,190,0,100
10-15 23:17:19.142 10709 10978 I BatteryMgr:DataCollectionService: stats => 1697404639142,193,4314,190,0,100
10-15 23:17:19.210  3957  4128 D WifiService: getConnectionInfo uid=1000
10-15 23:17:19.252 10709 10978 I BatteryMgr:DataCollectionService: stats => 1697404639251,193,4314,190,0,100
10-15 23:17:19.359 10709 10978 I BatteryMgr:DataCollectionService: stats => 1697404639359,193,4314,190,0,100
10-15 23:17:19.470 10709 10978 I BatteryMgr:DataCollectionService: stats => 1697404639470,193,4314,190,0,100
10-15 23:17:19.545  3957 14960 D BatteryService: !@BatteryListener : batteryPropertiesChanged!
10-15 23:17:19.580 10709 10978 I BatteryMgr:DataCollectionService: stats => 1697404639580,193,4314,190,0,100
10-15 23:17:19.622  3957  4129 D WifiStateMachine:  ConnectedState !RSSI_PKTCNT_FETCH uid=1000 rt=406628771/1067026999 0 0 "ourhome" f4:6d:2f:12:cc:88 rssi=-43 f=5240 sc=60 link=433 tx=8.0, 0.0, 0.0  rx=10.1 bcn=91619 [on:0 tx:0 rx:0 period:996] from screen [on:73755 period:503754] score=60
10-15 23:17:19.626  3957  4129 D WifiStateMachine:  L2ConnectedState !RSSI_PKTCNT_FETCH uid=1000 rt=406628773/1067027000 0 0 "ourhome" f4:6d:2f:12:cc:88 rssi=-43 f=5240 sc=60 link=433 tx=8.0, 0.0, 0.0  rx=10.1 bcn=91619 [on:0 tx:0 rx:0 period:5] from screen [on:73755 period:503759] score=60
10-15 23:17:19.630  3957  4129 D WifiStateMachine: fetchRssiLinkSpeedAndFrequencyNative rssi=-43 linkspeed=433 freq=5240
10-15 23:17:19.691 10709 10978 I BatteryMgr:DataCollectionService: stats => 1697404639690,193,4314,190,0,100
10-15 23:17:19.800 10709 10978 I BatteryMgr:DataCollectionService: stats => 1697404639799,193,4314,190,0,100
10-15 23:17:19.912 10709 10978 I BatteryMgr:DataCollectionService: stats => 1697404639912,193,4314,190,0,100
10-15 23:17:20.023 10709 10978 I BatteryMgr:DataCollectionService: stats => 1697404640023,193,4314,190,0,100
10-15 23:17:20.132 10709 10978 I BatteryMgr:DataCollectionService: stats => 1697404640132,193,4314,190,0,100
10-15 23:17:20.212  3957  4128 D WifiService: getConnectionInfo uid=1000
10-15 23:17:20.243 10709 10978 I BatteryMgr:DataCollectionService: stats => 1697404640243,193,4314,190,0,100
10-15 23:17:20.356 10709 10978 I BatteryMgr:DataCollectionService: stats => 1697404640355,193,4314,190,0,100
10-15 23:17:20.464 10709 10978 I BatteryMgr:DataCollectionService: stats => 1697404640464,193,4314,190,0,100
10-15 23:17:20.571  3957  4129 D WifiStateMachine:  ConnectedState !CMD_RSSI_POLL rt=406629718/1067027946 54 0 "ourhome" f4:6d:2f:12:cc:88 rssi=-43 f=5240 sc=60 link=433 tx=8.0, 0.0, 0.0  rx=10.1 bcn=91619 [on:0 tx:0 rx:0 period:944] from screen [on:73755 period:504703] score=60
10-15 23:17:20.575 10709 10978 I BatteryMgr:DataCollectionService: stats => 1697404640574,193,4314,190,0,100
10-15 23:17:20.575  3957  4129 D WifiStateMachine:  L2ConnectedState !CMD_RSSI_POLL rt=406629722/1067027949 54 0 "ourhome" f4:6d:2f:12:cc:88 rssi=-43 f=5240 sc=60 link=433 tx=8.0, 0.0, 0.0  rx=10.1 bcn=91619 [on:0 tx:0 rx:0 period:4] from screen [on:73755 period:504707] score=60
10-15 23:17:20.576  3957  4129 D WifiStateMachine:  get link layer stats 3
10-15 23:17:20.579  3436  3436 I android.hardware.wifi@1.0-service: getLinkLayerStats
10-15 23:17:20.597  3957  4129 D WifiStateMachine: fetchRssiLinkSpeedAndFrequencyNative rssi=-44 linkspeed=433 freq=5240
10-15 23:17:20.603  4340  4340 E SignalClusterView: setSlotFocusVisible : subId -2
10-15 23:17:20.603  4340  4340 E SignalClusterView: setSlotFocusVisible : subId -2
10-15 23:17:20.623  3957  4129 D WifiStateMachine:  ConnectedState !RSSI_PKTCNT_FETCH uid=1000 rt=406629773/1067028000 0 0 "ourhome" f4:6d:2f:12:cc:88 rssi=-44 f=5240 sc=60 link=433 tx=2.9, 0.0, 0.0  rx=3.7 bcn=91648 [on:0 tx:0 rx:0 period:21] from screen [on:73848 period:504756] score=60
10-15 23:17:20.627  3957  4129 D WifiStateMachine:  L2ConnectedState !RSSI_PKTCNT_FETCH uid=1000 rt=406629774/1067028002 0 0 "ourhome" f4:6d:2f:12:cc:88 rssi=-44 f=5240 sc=60 link=433 tx=2.9, 0.0, 0.0  rx=3.7 bcn=91648 [on:0 tx:0 rx:0 period:4] from screen [on:73848 period:504760] score=60
10-15 23:17:20.634  3957  4129 D WifiStateMachine: fetchRssiLinkSpeedAndFrequencyNative rssi=-44 linkspeed=433 freq=5240
10-15 23:17:20.684 10709 10978 I BatteryMgr:DataCollectionService: stats => 1697404640684,193,4314,190,0,100
10-15 23:17:20.795 10709 10978 I BatteryMgr:DataCollectionService: stats => 1697404640795,193,4314,190,0,100
10-15 23:17:20.907 10709 10978 I BatteryMgr:DataCollectionService: stats => 1697404640907,193,4314,190,0,100
10-15 23:17:21.019 10709 10978 I BatteryMgr:DataCollectionService: stats => 1697404641019,193,4314,190,0,100
10-15 23:17:21.135 10709 10978 I BatteryMgr:DataCollectionService: stats => 1697404641134,193,4314,190,0,100
10-15 23:17:21.214  3957  4128 D WifiService: getConnectionInfo uid=1000
10-15 23:17:21.245 10709 10978 I BatteryMgr:DataCollectionService: stats => 1697404641245,193,4314,190,0,100
10-15 23:17:21.360 10709 10978 I BatteryMgr:DataCollectionService: stats => 1697404641359,193,4314,190,0,100
10-15 23:17:21.472 10709 10978 I BatteryMgr:DataCollectionService: stats => 1697404641472,193,4314,190,0,100
10-15 23:17:21.588 10709 10978 I BatteryMgr:DataCollectionService: stats => 1697404641588,193,4314,190,0,100
10-15 23:17:21.627  3957  4129 D WifiStateMachine:  ConnectedState !RSSI_PKTCNT_FETCH uid=1000 rt=406630775/1067029002 0 0 "ourhome" f4:6d:2f:12:cc:88 rssi=-44 f=5240 sc=60 link=433 tx=2.9, 0.0, 0.0  rx=3.7 bcn=91648 [on:0 tx:0 rx:0 period:999] from screen [on:73848 period:505759] score=60
10-15 23:17:21.629  3957  4129 D WifiStateMachine:  L2ConnectedState !RSSI_PKTCNT_FETCH uid=1000 rt=406630778/1067029005 0 0 "ourhome" f4:6d:2f:12:cc:88 rssi=-44 f=5240 sc=60 link=433 tx=2.9, 0.0, 0.0  rx=3.7 bcn=91648 [on:0 tx:0 rx:0 period:3] from screen [on:73848 period:505762] score=60
10-15 23:17:21.635  3957  4129 D WifiStateMachine: fetchRssiLinkSpeedAndFrequencyNative rssi=-44 linkspeed=433 freq=5240
10-15 23:17:21.696 10709 10978 I BatteryMgr:DataCollectionService: stats => 1697404641695,193,4314,190,0,100
10-15 23:17:21.811 10709 10978 I BatteryMgr:DataCollectionService: stats => 1697404641809,193,4314,190,0,100
10-15 23:17:21.921 10709 10978 I BatteryMgr:DataCollectionService: stats => 1697404641921,193,4314,190,0,100
10-15 23:17:22.031 10709 10978 I BatteryMgr:DataCollectionService: stats => 1697404642031,193,4314,190,0,100
10-15 23:17:22.141 10709 10978 I BatteryMgr:DataCollectionService: stats => 1697404642141,193,4314,190,0,100
10-15 23:17:22.216  3957  4128 D WifiService: getConnectionInfo uid=1000
10-15 23:17:22.248 10709 10978 I BatteryMgr:DataCollectionService: stats => 1697404642248,193,4314,190,0,100
10-15 23:17:22.356 10709 10978 I BatteryMgr:DataCollectionService: stats => 1697404642356,193,4314,190,0,100
10-15 23:17:22.465 10709 10978 I BatteryMgr:DataCollectionService: stats => 1697404642465,193,4314,190,0,100
10-15 23:17:22.576 10709 10978 I BatteryMgr:DataCollectionService: stats => 1697404642575,193,4314,190,0,100
10-15 23:17:22.595  4961  4961 D io_stats: !@ 179,0 r 5759289 180093624 w 1315281 28431824 d 104562 31788328 f 301998 318831 iot 2517324 2220582 th 51200 0 0 pt 0 inp 0 0 406631.745
10-15 23:17:22.627  3957  4129 D WifiStateMachine:  ConnectedState !RSSI_PKTCNT_FETCH uid=1000 rt=406631776/1067030003 0 0 "ourhome" f4:6d:2f:12:cc:88 rssi=-44 f=5240 sc=60 link=433 tx=2.9, 0.0, 0.0  rx=3.7 bcn=91648 [on:0 tx:0 rx:0 period:997] from screen [on:73848 period:506759] score=60
10-15 23:17:22.630  3957  4129 D WifiStateMachine:  L2ConnectedState !RSSI_PKTCNT_FETCH uid=1000 rt=406631779/1067030006 0 0 "ourhome" f4:6d:2f:12:cc:88 rssi=-44 f=5240 sc=60 link=433 tx=2.9, 0.0, 0.0  rx=3.7 bcn=91648 [on:0 tx:0 rx:0 period:4] from screen [on:73848 period:506763] score=60
10-15 23:17:22.637  3957  4129 D WifiStateMachine: fetchRssiLinkSpeedAndFrequencyNative rssi=-44 linkspeed=433 freq=5240
10-15 23:17:22.685 10709 10978 I BatteryMgr:DataCollectionService: stats => 1697404642685,193,4314,190,0,100
10-15 23:17:22.796 10709 10978 I BatteryMgr:DataCollectionService: stats => 1697404642796,193,4314,190,0,100
10-15 23:17:22.905 10709 10978 I BatteryMgr:DataCollectionService: stats => 1697404642905,193,4314,190,0,100
10-15 23:17:23.015 10709 10978 I BatteryMgr:DataCollectionService: stats => 1697404643015,193,4314,190,0,100
10-15 23:17:23.126 10709 10978 I BatteryMgr:DataCollectionService: stats => 1697404643126,193,4314,190,0,100
10-15 23:17:23.219  3957  4128 D WifiService: getConnectionInfo uid=1000
10-15 23:17:23.237 10709 10978 I BatteryMgr:DataCollectionService: stats => 1697404643237,193,4314,190,0,100
10-15 23:17:23.347 10709 10978 I BatteryMgr:DataCollectionService: stats => 1697404643347,193,4314,190,0,100
10-15 23:17:23.419  6343  6427 D ScanRecord: Not a Multi Manu data
10-15 23:17:23.432  6343  6427 I chatty  : uid=1002(bluetooth) BT Service Call identical 37 lines
10-15 23:17:23.432  6343  6427 D ScanRecord: Not a Multi Manu data
10-15 23:17:23.459 10709 10978 I BatteryMgr:DataCollectionService: stats => 1697404643459,193,4314,190,0,100
10-15 23:17:23.464  6343  6427 D ScanRecord: Not a Multi Manu data
10-15 23:17:23.565  6343  6427 I chatty  : uid=1002(bluetooth) BT Service Call identical 141 lines
10-15 23:17:23.565  6343  6427 D ScanRecord: Not a Multi Manu data
10-15 23:17:23.568 10709 10978 I BatteryMgr:DataCollectionService: stats => 1697404643568,193,4314,190,0,100
10-15 23:17:23.569  6343  6427 D ScanRecord: Not a Multi Manu data
10-15 23:17:23.593  6343  6427 I chatty  : uid=1002(bluetooth) BT Service Call identical 63 lines
10-15 23:17:23.593  6343  6427 D ScanRecord: Not a Multi Manu data
10-15 23:17:23.601  3957  4129 D WifiStateMachine:  ConnectedState !CMD_RSSI_POLL rt=406632750/1067030978 54 0 "ourhome" f4:6d:2f:12:cc:88 rssi=-44 f=5240 sc=60 link=433 tx=2.9, 0.0, 0.0  rx=3.7 bcn=91648 [on:0 tx:0 rx:0 period:971] from screen [on:73848 period:507734] score=60
10-15 23:17:23.607  3957  4129 D WifiStateMachine:  L2ConnectedState !CMD_RSSI_POLL rt=406632753/1067030980 54 0 "ourhome" f4:6d:2f:12:cc:88 rssi=-44 f=5240 sc=60 link=433 tx=2.9, 0.0, 0.0  rx=3.7 bcn=91648 [on:0 tx:0 rx:0 period:5] from screen [on:73848 period:507739] score=60
10-15 23:17:23.607  3957  4129 D WifiStateMachine:  get link layer stats 3
10-15 23:17:23.608  6343  6427 D ScanRecord: Not a Multi Manu data
10-15 23:17:23.608  3436  3436 I android.hardware.wifi@1.0-service: getLinkLayerStats
10-15 23:17:23.610  6343  6427 I chatty  : uid=1002(bluetooth) BT Service Call identical 24 lines
10-15 23:17:23.610  6343  6427 D ScanRecord: Not a Multi Manu data
10-15 23:17:23.615  3957  4129 D WifiStateMachine: fetchRssiLinkSpeedAndFrequencyNative rssi=-43 linkspeed=433 freq=5240
10-15 23:17:23.620  4340  4340 E SignalClusterView: setSlotFocusVisible : subId -2
10-15 23:17:23.620  6343  6427 D ScanRecord: Not a Multi Manu data
10-15 23:17:23.621  6343  6427 I chatty  : uid=1002(bluetooth) BT Service Call identical 1 line
10-15 23:17:23.621  4340  4340 E SignalClusterView: setSlotFocusVisible : subId -2
10-15 23:17:23.621  6343  6427 D ScanRecord: Not a Multi Manu data
10-15 23:17:23.621  6343  6427 D ScanRecord: Not a Multi Manu data
10-15 23:17:23.621  6343  6427 I chatty  : uid=1002(bluetooth) BT Service Call identical 8 lines
10-15 23:17:23.622  6343  6427 D ScanRecord: Not a Multi Manu data
10-15 23:17:23.628  3957  4129 D WifiStateMachine:  ConnectedState !RSSI_PKTCNT_FETCH uid=1000 rt=406632776/1067031003 0 0 "ourhome" f4:6d:2f:12:cc:88 rssi=-43 f=5240 sc=60 link=433 tx=1.7, 0.0, 0.0  rx=2.0 bcn=91672 [on:0 tx:0 rx:0 period:9] from screen [on:74334 period:507761] score=60
10-15 23:17:23.630  6343  6427 D ScanRecord: Not a Multi Manu data
10-15 23:17:23.630  6343  6427 I chatty  : uid=1002(bluetooth) BT Service Call identical 2 lines
10-15 23:17:23.630  3957  4129 D WifiStateMachine:  L2ConnectedState !RSSI_PKTCNT_FETCH uid=1000 rt=406632779/1067031006 0 0 "ourhome" f4:6d:2f:12:cc:88 rssi=-43 f=5240 sc=60 link=433 tx=1.7, 0.0, 0.0  rx=2.0 bcn=91672 [on:0 tx:0 rx:0 period:2] from screen [on:74334 period:507763] score=60
10-15 23:17:23.630  6343  6427 D ScanRecord: Not a Multi Manu data
10-15 23:17:23.630  6343  6427 D ScanRecord: Not a Multi Manu data
10-15 23:17:23.631  6343  6427 I chatty  : uid=1002(bluetooth) BT Service Call identical 7 lines
10-15 23:17:23.631  6343  6427 D ScanRecord: Not a Multi Manu data
10-15 23:17:23.632  3957  4129 D WifiStateMachine: fetchRssiLinkSpeedAndFrequencyNative rssi=-43 linkspeed=433 freq=5240
10-15 23:17:23.651  6343  6427 D ScanRecord: Not a Multi Manu data
10-15 23:17:23.659  6343  6427 I chatty  : uid=1002(bluetooth) BT Service Call identical 37 lines
10-15 23:17:23.659  6343  6427 D ScanRecord: Not a Multi Manu data
10-15 23:17:23.677 10709 10978 I BatteryMgr:DataCollectionService: stats => 1697404643677,193,4314,190,0,100
10-15 23:17:23.679  6343  6427 D ScanRecord: Not a Multi Manu data
10-15 23:17:23.731  3957  4416 E Watchdog: !@Sync 13549 [2023-10-15 23:17:23.731]
10-15 23:17:23.783  6343  6427 I chatty  : uid=1002(bluetooth) BT Service Call identical 206 lines
10-15 23:17:23.783  6343  6427 D ScanRecord: Not a Multi Manu data
10-15 23:17:23.785 10709 10978 I BatteryMgr:DataCollectionService: stats => 1697404643784,193,4314,190,0,100
10-15 23:17:23.788  6343  6427 D ScanRecord: Not a Multi Manu data
10-15 23:17:23.896  6343  6427 I chatty  : uid=1002(bluetooth) BT Service Call identical 128 lines
10-15 23:17:23.897  6343  6427 D ScanRecord: Not a Multi Manu data
10-15 23:17:23.900 10709 10978 I BatteryMgr:DataCollectionService: stats => 1697404643899,193,4314,190,0,100
10-15 23:17:23.903  6343  6427 D ScanRecord: Not a Multi Manu data
10-15 23:17:23.911  6343  6427 I chatty  : uid=1002(bluetooth) BT Service Call identical 50 lines
10-15 23:17:23.911  6343  6427 D ScanRecord: Not a Multi Manu data
10-15 23:17:24.003 10755 10766 I zygote64: Background concurrent copying GC freed 128108(5MB) AllocSpace objects, 31(812KB) LOS objects, 50% free, 4MB/9MB, paused 7.906ms total 132.934ms
10-15 23:17:24.006 10709 10978 I BatteryMgr:DataCollectionService: stats => 1697404644006,193,4314,190,0,100
10-15 23:17:24.126 10709 10978 I BatteryMgr:DataCollectionService: stats => 1697404644125,193,4314,190,0,100
10-15 23:17:24.222  3957  4128 D WifiService: getConnectionInfo uid=1000
10-15 23:17:24.236 10709 10978 I BatteryMgr:DataCollectionService: stats => 1697404644235,193,4314,190,0,100
10-15 23:17:24.344 10709 10978 I BatteryMgr:DataCollectionService: stats => 1697404644344,193,4314,190,0,100
10-15 23:17:24.457 10709 10978 I BatteryMgr:DataCollectionService: stats => 1697404644457,193,4314,190,0,100
10-15 23:17:24.567 10709 10978 I BatteryMgr:DataCollectionService: stats => 1697404644567,193,4314,190,0,100
10-15 23:17:24.634  3957  4129 D WifiStateMachine:  ConnectedState !RSSI_PKTCNT_FETCH uid=1000 rt=406633778/1067032005 0 0 "ourhome" f4:6d:2f:12:cc:88 rssi=-43 f=5240 sc=60 link=433 tx=1.7, 0.0, 0.0  rx=2.0 bcn=91672 [on:0 tx:0 rx:0 period:1003] from screen [on:74334 period:508766] score=60
10-15 23:17:24.637  3957  4129 D WifiStateMachine:  L2ConnectedState !RSSI_PKTCNT_FETCH uid=1000 rt=406633785/1067032012 0 0 "ourhome" f4:6d:2f:12:cc:88 rssi=-43 f=5240 sc=60 link=433 tx=1.7, 0.0, 0.0  rx=2.0 bcn=91672 [on:0 tx:0 rx:0 period:3] from screen [on:74334 period:508769] score=60
10-15 23:17:24.641  3957  4129 D WifiStateMachine: fetchRssiLinkSpeedAndFrequencyNative rssi=-44 linkspeed=433 freq=5240
10-15 23:17:24.677 10709 10978 I BatteryMgr:DataCollectionService: stats => 1697404644677,193,4314,190,0,100
10-15 23:17:24.788 10709 10978 I BatteryMgr:DataCollectionService: stats => 1697404644788,193,4314,190,0,100
10-15 23:17:24.900 10709 10978 I BatteryMgr:DataCollectionService: stats => 1697404644900,193,4314,190,0,100
10-15 23:17:25.012 10709 10978 I BatteryMgr:DataCollectionService: stats => 1697404645012,193,4314,190,0,100
10-15 23:17:25.125 10709 10978 I BatteryMgr:DataCollectionService: stats => 1697404645124,193,4314,190,0,100
10-15 23:17:25.225  3957  4128 D WifiService: getConnectionInfo uid=1000
10-15 23:17:25.231 10709 10978 I BatteryMgr:DataCollectionService: stats => 1697404645231,193,4314,190,0,100
10-15 23:17:25.339 10709 10978 I BatteryMgr:DataCollectionService: stats => 1697404645339,193,4314,190,0,100
10-15 23:17:25.449 10709 10978 I BatteryMgr:DataCollectionService: stats => 1697404645449,193,4314,190,0,100
10-15 23:17:25.556 10709 10978 I BatteryMgr:DataCollectionService: stats => 1697404645556,193,4314,190,0,100
10-15 23:17:25.630  3957  4129 D WifiStateMachine:  ConnectedState !RSSI_PKTCNT_FETCH uid=1000 rt=406634779/1067033006 0 0 "ourhome" f4:6d:2f:12:cc:88 rssi=-44 f=5240 sc=60 link=433 tx=1.7, 0.0, 0.0  rx=2.0 bcn=91672 [on:0 tx:0 rx:0 period:993] from screen [on:74334 period:509762] score=60
10-15 23:17:25.634  3957  4129 D WifiStateMachine:  L2ConnectedState !RSSI_PKTCNT_FETCH uid=1000 rt=406634782/1067033009 0 0 "ourhome" f4:6d:2f:12:cc:88 rssi=-44 f=5240 sc=60 link=433 tx=1.7, 0.0, 0.0  rx=2.0 bcn=91672 [on:0 tx:0 rx:0 period:5] from screen [on:74334 period:509767] score=60
10-15 23:17:25.642  3957  4129 D WifiStateMachine: fetchRssiLinkSpeedAndFrequencyNative rssi=-44 linkspeed=433 freq=5240
10-15 23:17:25.667 10709 10978 I BatteryMgr:DataCollectionService: stats => 1697404645667,193,4314,190,0,100
10-15 23:17:25.777 10709 10978 I BatteryMgr:DataCollectionService: stats => 1697404645777,193,4314,190,0,100
10-15 23:17:25.893 10709 10978 I BatteryMgr:DataCollectionService: stats => 1697404645892,193,4314,190,0,100
10-15 23:17:26.000 10709 10978 I BatteryMgr:DataCollectionService: stats => 1697404646000,193,4314,190,0,100
10-15 23:17:26.049  3957  4030 D SensorService: [SO] 0.072 -0.077 9.969
10-15 23:17:26.108 10709 10978 I BatteryMgr:DataCollectionService: stats => 1697404646108,193,4314,190,0,100
10-15 23:17:26.219 10709 10978 I BatteryMgr:DataCollectionService: stats => 1697404646218,193,4314,190,0,100
10-15 23:17:26.228  3957  4128 D WifiService: getConnectionInfo uid=1000
10-15 23:17:26.333 10709 10978 I BatteryMgr:DataCollectionService: stats => 1697404646332,193,4314,190,0,100
10-15 23:17:26.447 10709 10978 I BatteryMgr:DataCollectionService: stats => 1697404646446,193,4314,190,0,100
10-15 23:17:26.559 10709 10978 I BatteryMgr:DataCollectionService: stats => 1697404646558,193,4314,190,0,100
10-15 23:17:26.620  3957  4129 D WifiStateMachine:  ConnectedState !CMD_RSSI_POLL rt=406635769/1067033996 54 0 "ourhome" f4:6d:2f:12:cc:88 rssi=-44 f=5240 sc=60 link=433 tx=1.7, 0.0, 0.0  rx=2.0 bcn=91672 [on:0 tx:0 rx:0 period:986] from screen [on:74334 period:510753] score=60
10-15 23:17:26.622  3957  4129 D WifiStateMachine:  L2ConnectedState !CMD_RSSI_POLL rt=406635771/1067033998 54 0 "ourhome" f4:6d:2f:12:cc:88 rssi=-44 f=5240 sc=60 link=433 tx=1.7, 0.0, 0.0  rx=2.0 bcn=91672 [on:0 tx:0 rx:0 period:2] from screen [on:74334 period:510755] score=60
10-15 23:17:26.622  3957  4129 D WifiStateMachine:  get link layer stats 3
10-15 23:17:26.623  3436  3436 I android.hardware.wifi@1.0-service: getLinkLayerStats
10-15 23:17:26.642  3957  4129 D WifiStateMachine: fetchRssiLinkSpeedAndFrequencyNative rssi=-43 linkspeed=433 freq=5240
10-15 23:17:26.646  4340  4340 E SignalClusterView: setSlotFocusVisible : subId -2
10-15 23:17:26.646  4340  4340 E SignalClusterView: setSlotFocusVisible : subId -2
10-15 23:17:26.647  3957  4129 D WifiStateMachine:  ConnectedState !RSSI_PKTCNT_FETCH uid=1000 rt=406635796/1067034024 0 0 "ourhome" f4:6d:2f:12:cc:88 rssi=-43 f=5240 sc=60 link=433 tx=0.6, 0.0, 0.0  rx=0.7 bcn=91698 [on:0 tx:0 rx:0 period:2] from screen [on:74475 period:510780] score=60
10-15 23:17:26.648  3957  4129 D WifiStateMachine:  L2ConnectedState !RSSI_PKTCNT_FETCH uid=1000 rt=406635798/1067034025 0 0 "ourhome" f4:6d:2f:12:cc:88 rssi=-43 f=5240 sc=60 link=433 tx=0.6, 0.0, 0.0  rx=0.7 bcn=91698 [on:0 tx:0 rx:0 period:1] from screen [on:74475 period:510781] score=60
10-15 23:17:26.655  3957  4129 D WifiStateMachine: fetchRssiLinkSpeedAndFrequencyNative rssi=-43 linkspeed=433 freq=5240
10-15 23:17:26.666 10709 10978 I BatteryMgr:DataCollectionService: stats => 1697404646665,193,4314,190,0,100
