10-15 23:51:25.841 14112 14418 I BatteryMgr:DataCollectionService: stats => 1697406685841,-281,4314,-330,0,100
10-15 23:51:25.956 14112 14418 I BatteryMgr:DataCollectionService: stats => 1697406685955,-281,4314,-330,0,100
10-15 23:51:26.062  3957  4030 D SensorService: [SO] 0.101 -0.081 9.965
10-15 23:51:26.073 14112 14418 I BatteryMgr:DataCollectionService: stats => 1697406686073,-281,4314,-330,0,100
10-15 23:51:26.186 14112 14418 I BatteryMgr:DataCollectionService: stats => 1697406686186,-281,4314,-330,0,100
10-15 23:51:26.300 14112 14418 I BatteryMgr:DataCollectionService: stats => 1697406686300,-281,4314,-330,0,100
10-15 23:51:26.371  3957  4128 D WifiService: getConnectionInfo uid=1000
10-15 23:51:26.416 14112 14418 I BatteryMgr:DataCollectionService: stats => 1697406686416,-281,4314,-330,0,100
10-15 23:51:26.517  3957  4129 D WifiStateMachine:  ConnectedState !RSSI_PKTCNT_FETCH uid=1000 rt=408675665/1069073893 0 0 "ourhome" f4:6d:2f:12:cc:88 rssi=-42 f=5240 sc=60 link=433 tx=10.7, 0.1, 0.0  rx=13.0 bcn=110181 [on:0 tx:0 rx:0 period:996] from screen [on:342713 period:2550650] score=60
10-15 23:51:26.522  3957  4129 D WifiStateMachine:  L2ConnectedState !RSSI_PKTCNT_FETCH uid=1000 rt=408675668/1069073896 0 0 "ourhome" f4:6d:2f:12:cc:88 rssi=-42 f=5240 sc=60 link=433 tx=10.7, 0.1, 0.0  rx=13.0 bcn=110181 [on:0 tx:0 rx:0 period:4] from screen [on:342713 period:2550654] score=60
10-15 23:51:26.524  3957  4129 D WifiStateMachine: fetchRssiLinkSpeedAndFrequencyNative rssi=-41 linkspeed=433 freq=5240
10-15 23:51:26.529 14112 14418 I BatteryMgr:DataCollectionService: stats => 1697406686529,-281,4314,-330,0,100
10-15 23:51:26.642 14112 14418 I BatteryMgr:DataCollectionService: stats => 1697406686642,-281,4314,-330,0,100
10-15 23:51:26.687  3957  4129 D WifiStateMachine:  ConnectedState !CMD_RSSI_POLL rt=408675836/1069074064 54 0 "ourhome" f4:6d:2f:12:cc:88 rssi=-41 f=5240 sc=60 link=433 tx=10.7, 0.1, 0.0  rx=13.0 bcn=110181 [on:0 tx:0 rx:0 period:166] from screen [on:342713 period:2550820] score=60
10-15 23:51:26.690  3957  4129 D WifiStateMachine:  L2ConnectedState !CMD_RSSI_POLL rt=408675838/1069074066 54 0 "ourhome" f4:6d:2f:12:cc:88 rssi=-41 f=5240 sc=60 link=433 tx=10.7, 0.1, 0.0  rx=13.0 bcn=110181 [on:0 tx:0 rx:0 period:3] from screen [on:342713 period:2550823] score=60
10-15 23:51:26.690  3957  4129 D WifiStateMachine:  get link layer stats 3
10-15 23:51:26.691  3436  3436 I android.hardware.wifi@1.0-service: getLinkLayerStats
10-15 23:51:26.709  3957  4129 D WifiStateMachine: fetchRssiLinkSpeedAndFrequencyNative rssi=-42 linkspeed=433 freq=5240
10-15 23:51:26.715  4340  4340 E SignalClusterView: setSlotFocusVisible : subId -2
10-15 23:51:26.715  4340  4340 E SignalClusterView: setSlotFocusVisible : subId -2
10-15 23:51:26.756 14112 14418 I BatteryMgr:DataCollectionService: stats => 1697406686755,-281,4314,-330,0,100
10-15 23:51:26.871 14112 14418 I BatteryMgr:DataCollectionService: stats => 1697406686871,-281,4314,-330,0,100
10-15 23:51:26.985 14112 14418 I BatteryMgr:DataCollectionService: stats => 1697406686985,-281,4314,-330,0,100
10-15 23:51:27.100 14112 14418 I BatteryMgr:DataCollectionService: stats => 1697406687100,-281,4314,-330,0,100
10-15 23:51:27.212 14112 14418 I BatteryMgr:DataCollectionService: stats => 1697406687212,-281,4314,-330,0,100
10-15 23:51:27.325 14112 14418 I BatteryMgr:DataCollectionService: stats => 1697406687325,-281,4314,-330,0,100
10-15 23:51:27.374  3957  4128 D WifiService: getConnectionInfo uid=1000
10-15 23:51:27.442 14112 14418 I BatteryMgr:DataCollectionService: stats => 1697406687442,-281,4314,-330,0,100
10-15 23:51:27.518  3957  4129 D WifiStateMachine:  ConnectedState !RSSI_PKTCNT_FETCH uid=1000 rt=408676668/1069074895 0 0 "ourhome" f4:6d:2f:12:cc:88 rssi=-42 f=5240 sc=60 link=433 tx=3.9, 0.0, 0.0  rx=6.7 bcn=110207 [on:0 tx:0 rx:0 period:805] from screen [on:342949 period:2551651] score=60
10-15 23:51:27.520  3957  4129 D WifiStateMachine:  L2ConnectedState !RSSI_PKTCNT_FETCH uid=1000 rt=408676669/1069074897 0 0 "ourhome" f4:6d:2f:12:cc:88 rssi=-42 f=5240 sc=60 link=433 tx=3.9, 0.0, 0.0  rx=6.7 bcn=110207 [on:0 tx:0 rx:0 period:2] from screen [on:342949 period:2551653] score=60
10-15 23:51:27.522  3957  4129 D WifiStateMachine: fetchRssiLinkSpeedAndFrequencyNative rssi=-42 linkspeed=433 freq=5240
10-15 23:51:27.562 14112 14418 I BatteryMgr:DataCollectionService: stats => 1697406687562,-281,4314,-330,0,100
10-15 23:51:27.676 14112 14418 I BatteryMgr:DataCollectionService: stats => 1697406687676,-281,4314,-330,0,100
10-15 23:51:27.786 14112 14418 I BatteryMgr:DataCollectionService: stats => 1697406687786,-281,4314,-330,0,100
10-15 23:51:27.902 14112 14418 I BatteryMgr:DataCollectionService: stats => 1697406687902,-281,4314,-330,0,100
10-15 23:51:28.014 14112 14418 I BatteryMgr:DataCollectionService: stats => 1697406688014,-281,4314,-330,0,100
10-15 23:51:28.127 14112 14418 I BatteryMgr:DataCollectionService: stats => 1697406688127,-281,4314,-330,0,100
10-15 23:51:28.241 14112 14418 I BatteryMgr:DataCollectionService: stats => 1697406688241,-281,4314,-330,0,100
10-15 23:51:28.352 14112 14418 I BatteryMgr:DataCollectionService: stats => 1697406688352,-281,4314,-330,0,100
10-15 23:51:28.376  3957  4128 D WifiService: getConnectionInfo uid=1000
10-15 23:51:28.438  6343  6427 D ScanRecord: Not a Multi Manu data
10-15 23:51:28.460  6343  6427 I chatty  : uid=1002(bluetooth) BT Service Call identical 50 lines
10-15 23:51:28.460  6343  6427 D ScanRecord: Not a Multi Manu data
10-15 23:51:28.463 14112 14418 I BatteryMgr:DataCollectionService: stats => 1697406688463,-281,4314,-330,0,100
10-15 23:51:28.466  6343  6427 D ScanRecord: Not a Multi Manu data
10-15 23:51:28.519  6343  6427 I chatty  : uid=1002(bluetooth) BT Service Call identical 76 lines
10-15 23:51:28.519  6343  6427 D ScanRecord: Not a Multi Manu data
10-15 23:51:28.520  3957  4129 D WifiStateMachine:  ConnectedState !RSSI_PKTCNT_FETCH uid=1000 rt=408677669/1069075897 0 0 "ourhome" f4:6d:2f:12:cc:88 rssi=-42 f=5240 sc=60 link=433 tx=3.9, 0.0, 0.0  rx=6.7 bcn=110207 [on:0 tx:0 rx:0 period:1000] from screen [on:342949 period:2552653] score=60
10-15 23:51:28.524  3957  4129 D WifiStateMachine:  L2ConnectedState !RSSI_PKTCNT_FETCH uid=1000 rt=408677672/1069075899 0 0 "ourhome" f4:6d:2f:12:cc:88 rssi=-42 f=5240 sc=60 link=433 tx=3.9, 0.0, 0.0  rx=6.7 bcn=110207 [on:0 tx:0 rx:0 period:4] from screen [on:342949 period:2552657] score=60
10-15 23:51:28.526  6343  6427 D ScanRecord: Not a Multi Manu data
10-15 23:51:28.526  6343  6427 I chatty  : uid=1002(bluetooth) BT Service Call identical 9 lines
10-15 23:51:28.526  6343  6427 D ScanRecord: Not a Multi Manu data
10-15 23:51:28.529  3957  4129 D WifiStateMachine: fetchRssiLinkSpeedAndFrequencyNative rssi=-42 linkspeed=433 freq=5240
10-15 23:51:28.531  6343  6427 D ScanRecord: Not a Multi Manu data
10-15 23:51:28.572  6343  6427 I chatty  : uid=1002(bluetooth) BT Service Call identical 130 lines
10-15 23:51:28.572  6343  6427 D ScanRecord: Not a Multi Manu data
10-15 23:51:28.575 14112 14418 I BatteryMgr:DataCollectionService: stats => 1697406688575,-281,4314,-330,0,100
10-15 23:51:28.579  6343  6427 D ScanRecord: Not a Multi Manu data
10-15 23:51:28.673  6343  6427 I chatty  : uid=1002(bluetooth) BT Service Call identical 154 lines
10-15 23:51:28.673  6343  6427 D ScanRecord: Not a Multi Manu data
10-15 23:51:28.686 14112 14418 I BatteryMgr:DataCollectionService: stats => 1697406688686,-281,4314,-330,0,100
10-15 23:51:28.710  6343  6427 D ScanRecord: Not a Multi Manu data
10-15 23:51:28.798  6343  6427 I chatty  : uid=1002(bluetooth) BT Service Call identical 141 lines
10-15 23:51:28.798  6343  6427 D ScanRecord: Not a Multi Manu data
10-15 23:51:28.798 14112 14418 I BatteryMgr:DataCollectionService: stats => 1697406688798,-281,4314,-330,0,100
10-15 23:51:28.810  6343  6427 D ScanRecord: Not a Multi Manu data
10-15 23:51:28.894  6343  6427 I chatty  : uid=1002(bluetooth) BT Service Call identical 180 lines
10-15 23:51:28.894  6343  6427 D ScanRecord: Not a Multi Manu data
10-15 23:51:28.912 14112 14418 I BatteryMgr:DataCollectionService: stats => 1697406688912,-281,4314,-330,0,100
10-15 23:51:28.915  6343  6427 D ScanRecord: Not a Multi Manu data
10-15 23:51:28.917  6343  6427 I chatty  : uid=1002(bluetooth) BT Service Call identical 11 lines
10-15 23:51:28.917  6343  6427 D ScanRecord: Not a Multi Manu data
10-15 23:51:29.027 14112 14418 I BatteryMgr:DataCollectionService: stats => 1697406689026,-281,4314,-330,0,100
10-15 23:51:29.130  4961  4961 D io_stats: !@ 179,0 r 5848957 183339532 w 1324453 28598596 d 105506 31856628 f 303055 320020 iot 2559536 2256301 th 51200 0 0 pt 0 inp 0 0 408678.280
10-15 23:51:29.137 14112 14418 I BatteryMgr:DataCollectionService: stats => 1697406689137,-281,4314,-330,0,100
10-15 23:51:29.248 14112 14418 I BatteryMgr:DataCollectionService: stats => 1697406689248,-281,4314,-330,0,100
10-15 23:51:29.361 14112 14418 I BatteryMgr:DataCollectionService: stats => 1697406689361,-281,4314,-330,0,100
10-15 23:51:29.378  3957  4128 D WifiService: getConnectionInfo uid=1000
10-15 23:51:29.478 14112 14418 I BatteryMgr:DataCollectionService: stats => 1697406689478,-281,4314,-330,0,100
10-15 23:51:29.522  3957  4129 D WifiStateMachine:  ConnectedState !RSSI_PKTCNT_FETCH uid=1000 rt=408678671/1069076898 0 0 "ourhome" f4:6d:2f:12:cc:88 rssi=-42 f=5240 sc=60 link=433 tx=3.9, 0.0, 0.0  rx=6.7 bcn=110207 [on:0 tx:0 rx:0 period:998] from screen [on:342949 period:2553655] score=60
10-15 23:51:29.524  3957  4129 D WifiStateMachine:  L2ConnectedState !RSSI_PKTCNT_FETCH uid=1000 rt=408678673/1069076900 0 0 "ourhome" f4:6d:2f:12:cc:88 rssi=-42 f=5240 sc=60 link=433 tx=3.9, 0.0, 0.0  rx=6.7 bcn=110207 [on:0 tx:0 rx:0 period:2] from screen [on:342949 period:2553657] score=60
10-15 23:51:29.531  3957  4129 D WifiStateMachine: fetchRssiLinkSpeedAndFrequencyNative rssi=-42 linkspeed=433 freq=5240
10-15 23:51:29.593 14112 14418 I BatteryMgr:DataCollectionService: stats => 1697406689593,-281,4314,-330,0,100
10-15 23:51:29.706 14112 14117 I zygote64: Do partial code cache collection, code=61KB, data=48KB
10-15 23:51:29.706 14112 14117 I zygote64: After code cache collection, code=61KB, data=48KB
10-15 23:51:29.706 14112 14117 I zygote64: Increasing code cache capacity to 256KB
10-15 23:51:29.707 14112 14418 I BatteryMgr:DataCollectionService: stats => 1697406689707,-281,4314,-330,0,100
10-15 23:51:29.714  3957  4129 D WifiStateMachine:  ConnectedState !CMD_RSSI_POLL rt=408678862/1069077089 54 0 "ourhome" f4:6d:2f:12:cc:88 rssi=-42 f=5240 sc=60 link=433 tx=3.9, 0.0, 0.0  rx=6.7 bcn=110207 [on:0 tx:0 rx:0 period:190] from screen [on:342949 period:2553847] score=60
10-15 23:51:29.716  3957  4129 D WifiStateMachine:  L2ConnectedState !CMD_RSSI_POLL rt=408678865/1069077093 54 0 "ourhome" f4:6d:2f:12:cc:88 rssi=-42 f=5240 sc=60 link=433 tx=3.9, 0.0, 0.0  rx=6.7 bcn=110207 [on:0 tx:0 rx:0 period:1] from screen [on:342949 period:2553848] score=60
10-15 23:51:29.716  3957  4129 D WifiStateMachine:  get link layer stats 3
10-15 23:51:29.717  3436  3436 I android.hardware.wifi@1.0-service: getLinkLayerStats
10-15 23:51:29.735  3957  4129 D WifiStateMachine: fetchRssiLinkSpeedAndFrequencyNative rssi=-42 linkspeed=433 freq=5240
10-15 23:51:29.739  4340  4340 E SignalClusterView: setSlotFocusVisible : subId -2
10-15 23:51:29.740  4340  4340 E SignalClusterView: setSlotFocusVisible : subId -2
10-15 23:51:29.820 14112 14418 I BatteryMgr:DataCollectionService: stats => 1697406689819,-281,4314,-330,0,100
10-15 23:51:29.933 14112 14418 I BatteryMgr:DataCollectionService: stats => 1697406689933,-281,4314,-330,0,100
10-15 23:51:30.046 14112 14418 I BatteryMgr:DataCollectionService: stats => 1697406690046,-281,4314,-330,0,100
10-15 23:51:30.163 14112 14418 I BatteryMgr:DataCollectionService: stats => 1697406690163,-281,4314,-330,0,100
10-15 23:51:30.275 14112 14418 I BatteryMgr:DataCollectionService: stats => 1697406690275,-281,4314,-330,0,100
10-15 23:51:30.380  3957  4128 D WifiService: getConnectionInfo uid=1000
10-15 23:51:30.390 14112 14418 I BatteryMgr:DataCollectionService: stats => 1697406690389,-281,4314,-330,0,100
10-15 23:51:30.504 14112 14418 I BatteryMgr:DataCollectionService: stats => 1697406690504,-281,4314,-330,0,100
10-15 23:51:30.523  3957  4129 D WifiStateMachine:  ConnectedState !RSSI_PKTCNT_FETCH uid=1000 rt=408679672/1069077900 0 0 "ourhome" f4:6d:2f:12:cc:88 rssi=-42 f=5240 sc=60 link=433 tx=3.3, 0.0, 0.0  rx=6.2 bcn=110235 [on:0 tx:0 rx:0 period:785] from screen [on:343984 period:2554656] score=60
10-15 23:51:30.526  3957  4129 D WifiStateMachine:  L2ConnectedState !RSSI_PKTCNT_FETCH uid=1000 rt=408679674/1069077902 0 0 "ourhome" f4:6d:2f:12:cc:88 rssi=-42 f=5240 sc=60 link=433 tx=3.3, 0.0, 0.0  rx=6.2 bcn=110235 [on:0 tx:0 rx:0 period:3] from screen [on:343984 period:2554659] score=60
10-15 23:51:30.533  3957  4129 D WifiStateMachine: fetchRssiLinkSpeedAndFrequencyNative rssi=-42 linkspeed=433 freq=5240
10-15 23:51:30.616 14112 14418 I BatteryMgr:DataCollectionService: stats => 1697406690616,-281,4314,-330,0,100
10-15 23:51:30.730 14112 14418 I BatteryMgr:DataCollectionService: stats => 1697406690730,-281,4314,-330,0,100
10-15 23:51:30.844 14112 14418 I BatteryMgr:DataCollectionService: stats => 1697406690843,-281,4314,-330,0,100
10-15 23:51:30.961 14112 14418 I BatteryMgr:DataCollectionService: stats => 1697406690961,-281,4314,-330,0,100
10-15 23:51:31.075 14112 14418 I BatteryMgr:DataCollectionService: stats => 1697406691075,-281,4314,-330,0,100
10-15 23:51:31.191 14112 14418 I BatteryMgr:DataCollectionService: stats => 1697406691191,-281,4314,-330,0,100
10-15 23:51:31.303 14112 14418 I BatteryMgr:DataCollectionService: stats => 1697406691303,-281,4314,-330,0,100
10-15 23:51:31.382  3957  4128 D WifiService: getConnectionInfo uid=1000
10-15 23:51:31.426 14112 14418 I BatteryMgr:DataCollectionService: stats => 1697406691425,-281,4314,-330,0,100
10-15 23:51:31.525  3957  4129 D WifiStateMachine:  ConnectedState !RSSI_PKTCNT_FETCH uid=1000 rt=408680674/1069078901 0 0 "ourhome" f4:6d:2f:12:cc:88 rssi=-42 f=5240 sc=60 link=433 tx=3.3, 0.0, 0.0  rx=6.2 bcn=110235 [on:0 tx:0 rx:0 period:998] from screen [on:343984 period:2555657] score=60
10-15 23:51:31.527  3957  4129 D WifiStateMachine:  L2ConnectedState !RSSI_PKTCNT_FETCH uid=1000 rt=408680676/1069078903 0 0 "ourhome" f4:6d:2f:12:cc:88 rssi=-42 f=5240 sc=60 link=433 tx=3.3, 0.0, 0.0  rx=6.2 bcn=110235 [on:0 tx:0 rx:0 period:3] from screen [on:343984 period:2555660] score=60
10-15 23:51:31.529  3957  4129 D WifiStateMachine: fetchRssiLinkSpeedAndFrequencyNative rssi=-43 linkspeed=433 freq=5240
10-15 23:51:31.542 14112 14418 I BatteryMgr:DataCollectionService: stats => 1697406691542,-281,4314,-330,0,100
10-15 23:51:31.656 14112 14418 I BatteryMgr:DataCollectionService: stats => 1697406691656,-281,4314,-330,0,100
10-15 23:51:31.770 14112 14418 I BatteryMgr:DataCollectionService: stats => 1697406691770,-281,4314,-330,0,100
10-15 23:51:31.880 14112 14418 I BatteryMgr:DataCollectionService: stats => 1697406691880,-281,4314,-330,0,100
10-15 23:51:31.994 14112 14418 I BatteryMgr:DataCollectionService: stats => 1697406691994,-281,4314,-330,0,100
10-15 23:51:32.107 14112 14418 I BatteryMgr:DataCollectionService: stats => 1697406692107,-281,4314,-330,0,100
10-15 23:51:32.220 14112 14418 I BatteryMgr:DataCollectionService: stats => 1697406692219,-281,4314,-330,0,100
10-15 23:51:32.332 14112 14418 I BatteryMgr:DataCollectionService: stats => 1697406692332,-281,4314,-330,0,100
10-15 23:51:32.386  3957  4128 D WifiService: getConnectionInfo uid=1000
10-15 23:51:32.440 14112 14418 I BatteryMgr:DataCollectionService: stats => 1697406692440,-281,4314,-330,0,100
10-15 23:51:32.528  3957  4129 D WifiStateMachine:  ConnectedState !RSSI_PKTCNT_FETCH uid=1000 rt=408681676/1069079904 0 0 "ourhome" f4:6d:2f:12:cc:88 rssi=-43 f=5240 sc=60 link=433 tx=3.3, 0.0, 0.0  rx=6.2 bcn=110235 [on:0 tx:0 rx:0 period:1000] from screen [on:343984 period:2556660] score=60
10-15 23:51:32.531  3957  4129 D WifiStateMachine:  L2ConnectedState !RSSI_PKTCNT_FETCH uid=1000 rt=408681679/1069079906 0 0 "ourhome" f4:6d:2f:12:cc:88 rssi=-43 f=5240 sc=60 link=433 tx=3.3, 0.0, 0.0  rx=6.2 bcn=110235 [on:0 tx:0 rx:0 period:4] from screen [on:343984 period:2556664] score=60
10-15 23:51:32.537  3957  4129 D WifiStateMachine: fetchRssiLinkSpeedAndFrequencyNative rssi=-44 linkspeed=433 freq=5240
10-15 23:51:32.552 14112 14418 I BatteryMgr:DataCollectionService: stats => 1697406692552,-281,4314,-330,0,100
10-15 23:51:32.665 14112 14418 I BatteryMgr:DataCollectionService: stats => 1697406692664,-281,4314,-330,0,100
10-15 23:51:32.740  3957  4129 D WifiStateMachine:  ConnectedState !CMD_RSSI_POLL rt=408681888/1069080115 54 0 "ourhome" f4:6d:2f:12:cc:88 rssi=-44 f=5240 sc=60 link=433 tx=3.3, 0.0, 0.0  rx=6.2 bcn=110235 [on:0 tx:0 rx:0 period:209] from screen [on:343984 period:2556873] score=60
10-15 23:51:32.742  3957  4129 D WifiStateMachine:  L2ConnectedState !CMD_RSSI_POLL rt=408681891/1069080118 54 0 "ourhome" f4:6d:2f:12:cc:88 rssi=-44 f=5240 sc=60 link=433 tx=3.3, 0.0, 0.0  rx=6.2 bcn=110235 [on:0 tx:0 rx:0 period:2] from screen [on:343984 period:2556875] score=60
10-15 23:51:32.742  3957  4129 D WifiStateMachine:  get link layer stats 3
10-15 23:51:32.743  3436  3436 I android.hardware.wifi@1.0-service: getLinkLayerStats
10-15 23:51:32.755  3957  4129 D WifiStateMachine: fetchRssiLinkSpeedAndFrequencyNative rssi=-43 linkspeed=433 freq=5240
10-15 23:51:32.764  4340  4340 E SignalClusterView: setSlotFocusVisible : subId -2
10-15 23:51:32.764  4340  4340 E SignalClusterView: setSlotFocusVisible : subId -2
10-15 23:51:32.779 14112 14418 I BatteryMgr:DataCollectionService: stats => 1697406692779,-281,4314,-330,0,100
10-15 23:51:32.891 14112 14418 I BatteryMgr:DataCollectionService: stats => 1697406692891,-281,4314,-330,0,100
10-15 23:51:33.004 14112 14418 I BatteryMgr:DataCollectionService: stats => 1697406693003,-281,4314,-330,0,100
10-15 23:51:33.121 14112 14418 I BatteryMgr:DataCollectionService: stats => 1697406693121,-281,4314,-330,0,100
10-15 23:51:33.233 14112 14418 I BatteryMgr:DataCollectionService: stats => 1697406693232,-281,4314,-330,0,100
10-15 23:51:33.273  3957  6478 D SSRM:k  : SIOP:: AP = 350, PST = 340 (W:24), BAT = 320, USB = 0, CHG = 0
10-15 23:51:33.345 14112 14418 I BatteryMgr:DataCollectionService: stats => 1697406693345,-281,4314,-330,0,100
10-15 23:51:33.389  3957  4128 D WifiService: getConnectionInfo uid=1000
10-15 23:51:33.448  6343  6427 D ScanRecord: Not a Multi Manu data
10-15 23:51:33.456  6343  6427 I chatty  : uid=1002(bluetooth) BT Service Call identical 37 lines
10-15 23:51:33.456  6343  6427 D ScanRecord: Not a Multi Manu data
10-15 23:51:33.459 14112 14418 I BatteryMgr:DataCollectionService: stats => 1697406693459,-281,4314,-330,0,100
10-15 23:51:33.479  6343  6427 D ScanRecord: Not a Multi Manu data
10-15 23:51:33.524  6343  6427 I chatty  : uid=1002(bluetooth) BT Service Call identical 76 lines
10-15 23:51:33.524  6343  6427 D ScanRecord: Not a Multi Manu data
10-15 23:51:33.528  3957  4129 D WifiStateMachine:  ConnectedState !RSSI_PKTCNT_FETCH uid=1000 rt=408682677/1069080905 0 0 "ourhome" f4:6d:2f:12:cc:88 rssi=-43 f=5240 sc=60 link=433 tx=1.2, 0.0, 0.0  rx=8.0 bcn=110261 [on:0 tx:0 rx:0 period:768] from screen [on:344269 period:2557661] score=60
10-15 23:51:33.531  3957  4129 D WifiStateMachine:  L2ConnectedState !RSSI_PKTCNT_FETCH uid=1000 rt=408682679/1069080907 0 0 "ourhome" f4:6d:2f:12:cc:88 rssi=-43 f=5240 sc=60 link=433 tx=1.2, 0.0, 0.0  rx=8.0 bcn=110261 [on:0 tx:0 rx:0 period:3] from screen [on:344269 period:2557664] score=60
10-15 23:51:33.533  3957  4129 D WifiStateMachine: fetchRssiLinkSpeedAndFrequencyNative rssi=-44 linkspeed=433 freq=5240
10-15 23:51:33.538  6343  6427 D ScanRecord: Not a Multi Manu data
10-15 23:51:33.566  6343  6427 I chatty  : uid=1002(bluetooth) BT Service Call identical 50 lines
10-15 23:51:33.567  6343  6427 D ScanRecord: Not a Multi Manu data
10-15 23:51:33.574 14112 14418 I BatteryMgr:DataCollectionService: stats => 1697406693573,-281,4314,-330,0,100
10-15 23:51:33.589  6343  6427 D ScanRecord: Not a Multi Manu data
10-15 23:51:33.678  6343  6427 I chatty  : uid=1002(bluetooth) BT Service Call identical 232 lines
10-15 23:51:33.678  6343  6427 D ScanRecord: Not a Multi Manu data
10-15 23:51:33.688 14112 14418 I BatteryMgr:DataCollectionService: stats => 1697406693687,-281,4314,-330,0,100
10-15 23:51:33.693  6343  6427 D ScanRecord: Not a Multi Manu data
10-15 23:51:33.796  6343  6427 I chatty  : uid=1002(bluetooth) BT Service Call identical 206 lines
10-15 23:51:33.796  6343  6427 D ScanRecord: Not a Multi Manu data
10-15 23:51:33.798 14112 14418 I BatteryMgr:DataCollectionService: stats => 1697406693798,-281,4314,-330,0,100
10-15 23:51:33.803  6343  6427 D ScanRecord: Not a Multi Manu data
10-15 23:51:33.906  6343  6427 I chatty  : uid=1002(bluetooth) BT Service Call identical 154 lines
10-15 23:51:33.906  6343  6427 D ScanRecord: Not a Multi Manu data
10-15 23:51:33.907 14112 14418 I BatteryMgr:DataCollectionService: stats => 1697406693907,-281,4314,-330,0,100
10-15 23:51:33.913  6343  6427 D ScanRecord: Not a Multi Manu data
10-15 23:51:33.929  6343  6427 I chatty  : uid=1002(bluetooth) BT Service Call identical 37 lines
10-15 23:51:33.929  6343  6427 D ScanRecord: Not a Multi Manu data
10-15 23:51:34.016 14112 14418 I BatteryMgr:DataCollectionService: stats => 1697406694016,-281,4314,-330,0,100
10-15 23:51:34.126 14112 14418 I BatteryMgr:DataCollectionService: stats => 1697406694125,-281,4314,-330,0,100
10-15 23:51:34.132  4961  4961 D io_stats: !@ 179,0 r 5849005 183340856 w 1324466 28598800 d 105507 31856700 f 303056 320021 iot 2559568 2256326 th 51200 0 0 pt 0 inp 0 0 408683.282
10-15 23:51:34.239 14112 14418 I BatteryMgr:DataCollectionService: stats => 1697406694239,-281,4314,-330,0,100
10-15 23:51:34.348 14112 14418 I BatteryMgr:DataCollectionService: stats => 1697406694348,-281,4314,-330,0,100
10-15 23:51:34.391  3957  4128 D WifiService: getConnectionInfo uid=1000
10-15 23:51:34.462 14112 14418 I BatteryMgr:DataCollectionService: stats => 1697406694461,-281,4314,-330,0,100
10-15 23:51:34.529  3957  4129 D WifiStateMachine:  ConnectedState !RSSI_PKTCNT_FETCH uid=1000 rt=408683678/1069081906 0 0 "ourhome" f4:6d:2f:12:cc:88 rssi=-44 f=5240 sc=60 link=433 tx=1.2, 0.0, 0.0  rx=8.0 bcn=110261 [on:0 tx:0 rx:0 period:998] from screen [on:344269 period:2558662] score=60
10-15 23:51:34.532  3957  4129 D WifiStateMachine:  L2ConnectedState !RSSI_PKTCNT_FETCH uid=1000 rt=408683680/1069081908 0 0 "ourhome" f4:6d:2f:12:cc:88 rssi=-44 f=5240 sc=60 link=433 tx=1.2, 0.0, 0.0  rx=8.0 bcn=110261 [on:0 tx:0 rx:0 period:2] from screen [on:344269 period:2558664] score=60
10-15 23:51:34.539  3957  4129 D WifiStateMachine: fetchRssiLinkSpeedAndFrequencyNative rssi=-44 linkspeed=433 freq=5240
10-15 23:51:34.574 14112 14418 I BatteryMgr:DataCollectionService: stats => 1697406694574,-281,4314,-330,0,100
10-15 23:51:34.686 14112 14418 I BatteryMgr:DataCollectionService: stats => 1697406694684,-281,4314,-330,0,100
10-15 23:51:34.798 14112 14418 I BatteryMgr:DataCollectionService: stats => 1697406694798,-281,4314,-330,0,100
10-15 23:51:34.915 14112 14418 I BatteryMgr:DataCollectionService: stats => 1697406694914,-281,4314,-330,0,100
10-15 23:51:35.025 14112 14418 I BatteryMgr:DataCollectionService: stats => 1697406695025,-281,4314,-330,0,100
10-15 23:51:35.135 14112 14418 I BatteryMgr:DataCollectionService: stats => 1697406695134,-281,4314,-330,0,100
10-15 23:51:35.246 14112 14418 I BatteryMgr:DataCollectionService: stats => 1697406695246,-281,4314,-330,0,100
10-15 23:51:35.359 14112 14418 I BatteryMgr:DataCollectionService: stats => 1697406695358,-281,4314,-330,0,100
10-15 23:51:35.395  3957  4128 D WifiService: getConnectionInfo uid=1000
10-15 23:51:35.470 14112 14418 I BatteryMgr:DataCollectionService: stats => 1697406695470,-281,4314,-330,0,100
10-15 23:51:35.532  3957  4129 D WifiStateMachine:  ConnectedState !RSSI_PKTCNT_FETCH uid=1000 rt=408684680/1069082907 0 0 "ourhome" f4:6d:2f:12:cc:88 rssi=-44 f=5240 sc=60 link=433 tx=1.2, 0.0, 0.0  rx=8.0 bcn=110261 [on:0 tx:0 rx:0 period:1000] from screen [on:344269 period:2559664] score=60
10-15 23:51:35.535  3957  4129 D WifiStateMachine:  L2ConnectedState !RSSI_PKTCNT_FETCH uid=1000 rt=408684683/1069082911 0 0 "ourhome" f4:6d:2f:12:cc:88 rssi=-44 f=5240 sc=60 link=433 tx=1.2, 0.0, 0.0  rx=8.0 bcn=110261 [on:0 tx:0 rx:0 period:4] from screen [on:344269 period:2559668] score=60
10-15 23:51:35.542  3957  4129 D WifiStateMachine: fetchRssiLinkSpeedAndFrequencyNative rssi=-46 linkspeed=433 freq=5240
10-15 23:51:35.584 14112 14418 I BatteryMgr:DataCollectionService: stats => 1697406695584,-281,4314,-330,0,100
10-15 23:51:35.692 14112 14418 I BatteryMgr:DataCollectionService: stats => 1697406695692,217,4314,159,0,100
10-15 23:51:35.758  3957  4129 D WifiStateMachine:  ConnectedState !CMD_RSSI_POLL rt=408684907/1069083134 54 0 "ourhome" f4:6d:2f:12:cc:88 rssi=-46 f=5240 sc=60 link=433 tx=1.2, 0.0, 0.0  rx=8.0 bcn=110261 [on:0 tx:0 rx:0 period:223] from screen [on:344269 period:2559891] score=60
10-15 23:51:35.759  3957  4129 D WifiStateMachine:  L2ConnectedState !CMD_RSSI_POLL rt=408684909/1069083136 54 0 "ourhome" f4:6d:2f:12:cc:88 rssi=-46 f=5240 sc=60 link=433 tx=1.2, 0.0, 0.0  rx=8.0 bcn=110261 [on:0 tx:0 rx:0 period:1] from screen [on:344269 period:2559892] score=60
10-15 23:51:35.759  3957  4129 D WifiStateMachine:  get link layer stats 3
10-15 23:51:35.759  3436  3436 I android.hardware.wifi@1.0-service: getLinkLayerStats
10-15 23:51:35.777  3957  4129 D WifiStateMachine: fetchRssiLinkSpeedAndFrequencyNative rssi=-45 linkspeed=433 freq=5240
10-15 23:51:35.781  4340  4340 E SignalClusterView: setSlotFocusVisible : subId -2
10-15 23:51:35.781  4340  4340 E SignalClusterView: setSlotFocusVisible : subId -2
10-15 23:51:35.805 14112 14418 I BatteryMgr:DataCollectionService: stats => 1697406695804,217,4314,159,0,100
10-15 23:51:35.916 14112 14418 I BatteryMgr:DataCollectionService: stats => 1697406695915,217,4314,159,0,100
10-15 23:51:36.024 14112 14418 I BatteryMgr:DataCollectionService: stats => 1697406696024,217,4314,159,0,100
10-15 23:51:36.059  3957  4030 D SensorService: [SO] 0.086 -0.072 9.946
10-15 23:51:36.128  3957  9502 D BatteryService: !@BatteryListener : batteryPropertiesChanged!
10-15 23:51:36.136 14112 14418 I BatteryMgr:DataCollectionService: stats => 1697406696136,217,4314,159,0,100
10-15 23:51:36.248 14112 14418 I BatteryMgr:DataCollectionService: stats => 1697406696248,217,4314,159,0,100
10-15 23:51:36.358 14112 14418 I BatteryMgr:DataCollectionService: stats => 1697406696358,217,4314,159,0,100
10-15 23:51:36.397  3957  4128 D WifiService: getConnectionInfo uid=1000
10-15 23:51:36.469 14112 14418 I BatteryMgr:DataCollectionService: stats => 1697406696469,217,4314,159,0,100
10-15 23:51:36.533  3957  4129 D WifiStateMachine:  ConnectedState !RSSI_PKTCNT_FETCH uid=1000 rt=408685682/1069083910 0 0 "ourhome" f4:6d:2f:12:cc:88 rssi=-45 f=5240 sc=60 link=433 tx=2.3, 0.0, 0.0  rx=22.6 bcn=110290 [on:0 tx:0 rx:0 period:751] from screen [on:345188 period:2560666] score=60
10-15 23:51:36.535  3957  4129 D WifiStateMachine:  L2ConnectedState !RSSI_PKTCNT_FETCH uid=1000 rt=408685684/1069083912 0 0 "ourhome" f4:6d:2f:12:cc:88 rssi=-45 f=5240 sc=60 link=433 tx=2.3, 0.0, 0.0  rx=22.6 bcn=110290 [on:0 tx:0 rx:0 period:2] from screen [on:345188 period:2560668] score=60
10-15 23:51:36.541  3957  4129 D WifiStateMachine: fetchRssiLinkSpeedAndFrequencyNative rssi=-44 linkspeed=433 freq=5240
10-15 23:51:36.578 14112 14418 I BatteryMgr:DataCollectionService: stats => 1697406696578,217,4314,159,0,100
10-15 23:51:36.687 14112 14418 I BatteryMgr:DataCollectionService: stats => 1697406696687,217,4314,159,0,100
10-15 23:51:36.800 14112 14418 I BatteryMgr:DataCollectionService: stats => 1697406696800,217,4314,159,0,100
10-15 23:51:36.910 14112 14418 I BatteryMgr:DataCollectionService: stats => 1697406696910,217,4314,159,0,100
10-15 23:51:37.019 14112 14418 I BatteryMgr:DataCollectionService: stats => 1697406697019,217,4314,159,0,100
10-15 23:51:37.128 14112 14418 I BatteryMgr:DataCollectionService: stats => 1697406697127,217,4314,159,0,100
10-15 23:51:37.145 14157 14373 I SessionStorage/AutoSave: Save: Periodic
10-15 23:51:37.236 14112 14418 I BatteryMgr:DataCollectionService: stats => 1697406697236,217,4314,159,0,100
10-15 23:51:37.351 14112 14418 I BatteryMgr:DataCollectionService: stats => 1697406697351,217,4314,159,0,100
10-15 23:51:37.400  3957  4128 D WifiService: getConnectionInfo uid=1000
10-15 23:51:37.465 14112 14418 I BatteryMgr:DataCollectionService: stats => 1697406697465,217,4314,159,0,100
10-15 23:51:37.535  3957  4129 D WifiStateMachine:  ConnectedState !RSSI_PKTCNT_FETCH uid=1000 rt=408686683/1069084910 0 0 "ourhome" f4:6d:2f:12:cc:88 rssi=-44 f=5240 sc=60 link=433 tx=2.3, 0.0, 0.0  rx=22.6 bcn=110290 [on:0 tx:0 rx:0 period:999] from screen [on:345188 period:2561667] score=60
10-15 23:51:37.537  3957  4129 D WifiStateMachine:  L2ConnectedState !RSSI_PKTCNT_FETCH uid=1000 rt=408686686/1069084913 0 0 "ourhome" f4:6d:2f:12:cc:88 rssi=-44 f=5240 sc=60 link=433 tx=2.3, 0.0, 0.0  rx=22.6 bcn=110290 [on:0 tx:0 rx:0 period:3] from screen [on:345188 period:2561670] score=60
10-15 23:51:37.544  3957  4129 D WifiStateMachine: fetchRssiLinkSpeedAndFrequencyNative rssi=-43 linkspeed=433 freq=5240
10-15 23:51:37.575 14112 14418 I BatteryMgr:DataCollectionService: stats => 1697406697575,217,4314,159,0,100
10-15 23:51:37.685 14112 14418 I BatteryMgr:DataCollectionService: stats => 1697406697685,217,4314,159,0,100
10-15 23:51:37.795 14112 14418 I BatteryMgr:DataCollectionService: stats => 1697406697795,217,4314,159,0,100
10-15 23:51:37.906 14112 14418 I BatteryMgr:DataCollectionService: stats => 1697406697906,217,4314,159,0,100
10-15 23:51:38.020 14112 14418 I BatteryMgr:DataCollectionService: stats => 1697406698020,217,4314,159,0,100
10-15 23:51:38.131 14112 14418 I BatteryMgr:DataCollectionService: stats => 1697406698131,217,4314,159,0,100
10-15 23:51:38.240 14112 14418 I BatteryMgr:DataCollectionService: stats => 1697406698240,217,4314,159,0,100
10-15 23:51:38.352 14112 14418 I BatteryMgr:DataCollectionService: stats => 1697406698352,217,4314,159,0,100
10-15 23:51:38.402  3957  4128 D WifiService: getConnectionInfo uid=1000
10-15 23:51:38.438  6343  6427 D ScanRecord: Not a Multi Manu data
10-15 23:51:38.464  6343  6427 I chatty  : uid=1002(bluetooth) BT Service Call identical 50 lines
10-15 23:51:38.464  6343  6427 D ScanRecord: Not a Multi Manu data
10-15 23:51:38.466 14112 14418 I BatteryMgr:DataCollectionService: stats => 1697406698466,217,4314,159,0,100
10-15 23:51:38.476  6343  6427 D ScanRecord: Not a Multi Manu data
10-15 23:51:38.528  6343  6427 I chatty  : uid=1002(bluetooth) BT Service Call identical 141 lines
10-15 23:51:38.528  6343  6427 D ScanRecord: Not a Multi Manu data
10-15 23:51:38.536  3957  4129 D WifiStateMachine:  ConnectedState !RSSI_PKTCNT_FETCH uid=1000 rt=408687684/1069085911 0 0 "ourhome" f4:6d:2f:12:cc:88 rssi=-43 f=5240 sc=60 link=433 tx=2.3, 0.0, 0.0  rx=22.6 bcn=110290 [on:0 tx:0 rx:0 period:998] from screen [on:345188 period:2562668] score=60
10-15 23:51:38.538  6343  6427 D ScanRecord: Not a Multi Manu data
10-15 23:51:38.538  3957  4129 D WifiStateMachine:  L2ConnectedState !RSSI_PKTCNT_FETCH uid=1000 rt=408687687/1069085915 0 0 "ourhome" f4:6d:2f:12:cc:88 rssi=-43 f=5240 sc=60 link=433 tx=2.3, 0.0, 0.0  rx=22.6 bcn=110290 [on:0 tx:0 rx:0 period:3] from screen [on:345188 period:2562671] score=60
10-15 23:51:38.538  6343  6427 I chatty  : uid=1002(bluetooth) BT Service Call expire 9 lines
10-15 23:51:38.538  6343  6427 D ScanRecord: Not a Multi Manu data
10-15 23:51:38.539  6343  6427 D ScanRecord: Not a Multi Manu data
10-15 23:51:38.539  6343  6427 D ScanRecord: Not a Multi Manu data
10-15 23:51:38.541  3957  4129 D WifiStateMachine: fetchRssiLinkSpeedAndFrequencyNative rssi=-43 linkspeed=433 freq=5240
10-15 23:51:38.542  6343  6427 D ScanRecord: Not a Multi Manu data
10-15 23:51:38.569  6343  6427 I chatty  : uid=1002(bluetooth) BT Service Call identical 50 lines
10-15 23:51:38.569  6343  6427 D ScanRecord: Not a Multi Manu data
10-15 23:51:38.576 14112 14418 I BatteryMgr:DataCollectionService: stats => 1697406698576,217,4314,159,0,100
10-15 23:51:38.583  6343  6427 D ScanRecord: Not a Multi Manu data
10-15 23:51:38.670  6343  6427 I chatty  : uid=1002(bluetooth) BT Service Call identical 232 lines
10-15 23:51:38.670  6343  6427 D ScanRecord: Not a Multi Manu data
10-15 23:51:38.683 14112 14418 I BatteryMgr:DataCollectionService: stats => 1697406698683,217,4314,159,0,100
10-15 23:51:38.687  6343  6427 D ScanRecord: Not a Multi Manu data
10-15 23:51:38.768  6343  6427 I chatty  : uid=1002(bluetooth) BT Service Call identical 141 lines
10-15 23:51:38.768  6343  6427 D ScanRecord: Not a Multi Manu data
10-15 23:51:38.780  3957  4129 D WifiStateMachine:  ConnectedState !CMD_RSSI_POLL rt=408687929/1069086157 54 0 "ourhome" f4:6d:2f:12:cc:88 rssi=-43 f=5240 sc=60 link=433 tx=2.3, 0.0, 0.0  rx=22.6 bcn=110290 [on:0 tx:0 rx:0 period:242] from screen [on:345188 period:2562913] score=60
10-15 23:51:38.783  3957  4129 D WifiStateMachine:  L2ConnectedState !CMD_RSSI_POLL rt=408687931/1069086159 54 0 "ourhome" f4:6d:2f:12:cc:88 rssi=-43 f=5240 sc=60 link=433 tx=2.3, 0.0, 0.0  rx=22.6 bcn=110290 [on:0 tx:0 rx:0 period:2] from screen [on:345188 period:2562915] score=60
10-15 23:51:38.783  3957  4129 D WifiStateMachine:  get link layer stats 3
10-15 23:51:38.783  3436  3436 I android.hardware.wifi@1.0-service: getLinkLayerStats
10-15 23:51:38.783  6343  6427 D ScanRecord: Not a Multi Manu data
10-15 23:51:38.784  6343  6427 I chatty  : uid=1002(bluetooth) BT Service Call identical 11 lines
10-15 23:51:38.784  6343  6427 D ScanRecord: Not a Multi Manu data
10-15 23:51:38.788  3957  4129 D WifiStateMachine: fetchRssiLinkSpeedAndFrequencyNative rssi=-43 linkspeed=433 freq=5240
10-15 23:51:38.797  4340  4340 E SignalClusterView: setSlotFocusVisible : subId -2
10-15 23:51:38.797  4340  4340 E SignalClusterView: setSlotFocusVisible : subId -2
10-15 23:51:38.799  6343  6427 D ScanRecord: Not a Multi Manu data
10-15 23:51:38.800  6343  6427 I chatty  : uid=1002(bluetooth) BT Service Call identical 11 lines
10-15 23:51:38.800  6343  6427 D ScanRecord: Not a Multi Manu data
10-15 23:51:38.802 14112 14418 I BatteryMgr:DataCollectionService: stats => 1697406698802,217,4314,159,0,100
10-15 23:51:38.809  6343  6427 D ScanRecord: Not a Multi Manu data
10-15 23:51:38.904  6343  6427 I chatty  : uid=1002(bluetooth) BT Service Call identical 128 lines
10-15 23:51:38.904  6343  6427 D ScanRecord: Not a Multi Manu data
10-15 23:51:38.915 14112 14418 I BatteryMgr:DataCollectionService: stats => 1697406698915,217,4314,159,0,100
10-15 23:51:39.027 14112 14418 I BatteryMgr:DataCollectionService: stats => 1697406699027,217,4314,159,0,100
10-15 23:51:39.134  4961  4961 D io_stats: !@ 179,0 r 5849158 183344652 w 1324475 28599004 d 105508 31856772 f 303057 320022 iot 2559648 2256384 th 51200 0 0 pt 0 inp 0 0 408688.285
10-15 23:51:39.135 14112 14418 I BatteryMgr:DataCollectionService: stats => 1697406699135,217,4314,159,0,100
10-15 23:51:39.246 14112 14418 I BatteryMgr:DataCollectionService: stats => 1697406699246,217,4314,159,0,100
10-15 23:51:39.362 14112 14418 I BatteryMgr:DataCollectionService: stats => 1697406699362,217,4314,159,0,100
10-15 23:51:39.405  3957  4128 D WifiService: getConnectionInfo uid=1000
10-15 23:51:39.473 14112 14418 I BatteryMgr:DataCollectionService: stats => 1697406699473,217,4314,159,0,100
10-15 23:51:39.536  3957  4129 D WifiStateMachine:  ConnectedState !RSSI_PKTCNT_FETCH uid=1000 rt=408688684/1069086912 0 0 "ourhome" f4:6d:2f:12:cc:88 rssi=-43 f=5240 sc=60 link=433 tx=3.4, 0.0, 0.0  rx=13.3 bcn=110318 [on:0 tx:0 rx:0 period:739] from screen [on:346022 period:2563669] score=60
10-15 23:51:39.538  3957  4129 D WifiStateMachine:  L2ConnectedState !RSSI_PKTCNT_FETCH uid=1000 rt=408688687/1069086915 0 0 "ourhome" f4:6d:2f:12:cc:88 rssi=-43 f=5240 sc=60 link=433 tx=3.4, 0.0, 0.0  rx=13.3 bcn=110318 [on:0 tx:0 rx:0 period:2] from screen [on:346022 period:2563671] score=60
10-15 23:51:39.545  3957  4129 D WifiStateMachine: fetchRssiLinkSpeedAndFrequencyNative rssi=-43 linkspeed=433 freq=5240
10-15 23:51:39.587 14112 14418 I BatteryMgr:DataCollectionService: stats => 1697406699587,217,4314,159,0,100
10-15 23:51:39.698 14112 14418 I BatteryMgr:DataCollectionService: stats => 1697406699698,217,4314,159,0,100
10-15 23:51:39.808 14112 14418 I BatteryMgr:DataCollectionService: stats => 1697406699807,217,4314,159,0,100
10-15 23:51:39.919 14112 14418 I BatteryMgr:DataCollectionService: stats => 1697406699919,217,4314,159,0,100
10-15 23:51:40.034 14112 14418 I BatteryMgr:DataCollectionService: stats => 1697406700034,217,4314,159,0,100
10-15 23:51:40.148 14112 14418 I BatteryMgr:DataCollectionService: stats => 1697406700147,217,4314,159,0,100
10-15 23:51:40.258 14112 14418 I BatteryMgr:DataCollectionService: stats => 1697406700257,217,4314,159,0,100
10-15 23:51:40.369 14112 14418 I BatteryMgr:DataCollectionService: stats => 1697406700369,217,4314,159,0,100
10-15 23:51:40.408  3957  4128 D WifiService: getConnectionInfo uid=1000
10-15 23:51:40.481 14112 14418 I BatteryMgr:DataCollectionService: stats => 1697406700481,217,4314,159,0,100
10-15 23:51:40.538  3957  4129 D WifiStateMachine:  ConnectedState !RSSI_PKTCNT_FETCH uid=1000 rt=408689686/1069087913 0 0 "ourhome" f4:6d:2f:12:cc:88 rssi=-43 f=5240 sc=60 link=433 tx=3.4, 0.0, 0.0  rx=13.3 bcn=110318 [on:0 tx:0 rx:0 period:999] from screen [on:346022 period:2564670] score=60
10-15 23:51:40.540  3957  4129 D WifiStateMachine:  L2ConnectedState !RSSI_PKTCNT_FETCH uid=1000 rt=408689689/1069087916 0 0 "ourhome" f4:6d:2f:12:cc:88 rssi=-43 f=5240 sc=60 link=433 tx=3.4, 0.0, 0.0  rx=13.3 bcn=110318 [on:0 tx:0 rx:0 period:2] from screen [on:346022 period:2564672] score=60
10-15 23:51:40.542  3957  4129 D WifiStateMachine: fetchRssiLinkSpeedAndFrequencyNative rssi=-43 linkspeed=433 freq=5240
10-15 23:51:40.590 14112 14418 I BatteryMgr:DataCollectionService: stats => 1697406700590,217,4314,159,0,100
10-15 23:51:40.702 14112 14418 I BatteryMgr:DataCollectionService: stats => 1697406700702,217,4314,159,0,100
10-15 23:51:40.814 14112 14418 I BatteryMgr:DataCollectionService: stats => 1697406700814,217,4314,159,0,100
10-15 23:51:40.924 14112 14418 I BatteryMgr:DataCollectionService: stats => 1697406700924,217,4314,159,0,100
10-15 23:51:41.038 14112 14418 I BatteryMgr:DataCollectionService: stats => 1697406701038,217,4314,159,0,100
10-15 23:51:41.151 14112 14418 I BatteryMgr:DataCollectionService: stats => 1697406701150,217,4314,159,0,100
10-15 23:51:41.264 14112 14418 I BatteryMgr:DataCollectionService: stats => 1697406701264,217,4314,159,0,100
10-15 23:51:41.375 14112 14418 I BatteryMgr:DataCollectionService: stats => 1697406701375,217,4314,159,0,100
10-15 23:51:41.410  3957  4128 D WifiService: getConnectionInfo uid=1000
10-15 23:51:41.488 14112 14418 I BatteryMgr:DataCollectionService: stats => 1697406701488,217,4314,159,0,100
10-15 23:51:41.539  3957  4129 D WifiStateMachine:  ConnectedState !RSSI_PKTCNT_FETCH uid=1000 rt=408690687/1069088914 0 0 "ourhome" f4:6d:2f:12:cc:88 rssi=-43 f=5240 sc=60 link=433 tx=3.4, 0.0, 0.0  rx=13.3 bcn=110318 [on:0 tx:0 rx:0 period:1000] from screen [on:346022 period:2565672] score=60
10-15 23:51:41.541  3957  4129 D WifiStateMachine:  L2ConnectedState !RSSI_PKTCNT_FETCH uid=1000 rt=408690691/1069088918 0 0 "ourhome" f4:6d:2f:12:cc:88 rssi=-43 f=5240 sc=60 link=433 tx=3.4, 0.0, 0.0  rx=13.3 bcn=110318 [on:0 tx:0 rx:0 period:2] from screen [on:346022 period:2565674] score=60
10-15 23:51:41.548  3957  4129 D WifiStateMachine: fetchRssiLinkSpeedAndFrequencyNative rssi=-44 linkspeed=433 freq=5240
10-15 23:51:41.601 14112 14418 I BatteryMgr:DataCollectionService: stats => 1697406701601,217,4314,159,0,100
10-15 23:51:41.710 14112 14418 I BatteryMgr:DataCollectionService: stats => 1697406701710,217,4314,159,0,100
10-15 23:51:41.791  3957  4129 D WifiStateMachine:  ConnectedState !CMD_RSSI_POLL rt=408690940/1069089168 54 0 "ourhome" f4:6d:2f:12:cc:88 rssi=-44 f=5240 sc=60 link=433 tx=3.4, 0.0, 0.0  rx=13.3 bcn=110318 [on:0 tx:0 rx:0 period:250] from screen [on:346022 period:2565924] score=60
10-15 23:51:41.796  3957  4129 D WifiStateMachine:  L2ConnectedState !CMD_RSSI_POLL rt=408690942/1069089170 54 0 "ourhome" f4:6d:2f:12:cc:88 rssi=-44 f=5240 sc=60 link=433 tx=3.4, 0.0, 0.0  rx=13.3 bcn=110318 [on:0 tx:0 rx:0 period:5] from screen [on:346022 period:2565929] score=60
10-15 23:51:41.796  3957  4129 D WifiStateMachine:  get link layer stats 3
10-15 23:51:41.797  3436  3436 I android.hardware.wifi@1.0-service: getLinkLayerStats
10-15 23:51:41.816  3957  4129 D WifiStateMachine: fetchRssiLinkSpeedAndFrequencyNative rssi=-44 linkspeed=433 freq=5240
10-15 23:51:41.819  4340  4340 E SignalClusterView: setSlotFocusVisible : subId -2
10-15 23:51:41.820  4340  4340 E SignalClusterView: setSlotFocusVisible : subId -2
10-15 23:51:41.824 14112 14418 I BatteryMgr:DataCollectionService: stats => 1697406701824,217,4314,159,0,100
10-15 23:51:41.936 14112 14418 I BatteryMgr:DataCollectionService: stats => 1697406701936,217,4314,159,0,100
10-15 23:51:42.048 14112 14418 I BatteryMgr:DataCollectionService: stats => 1697406702048,217,4314,159,0,100
10-15 23:51:42.165 14112 14418 I BatteryMgr:DataCollectionService: stats => 1697406702165,217,4314,159,0,100
10-15 23:51:42.275 14112 14418 I BatteryMgr:DataCollectionService: stats => 1697406702275,217,4314,159,0,100
10-15 23:51:42.391 14112 14418 I BatteryMgr:DataCollectionService: stats => 1697406702391,217,4314,159,0,100
10-15 23:51:42.413  3957  4128 D WifiService: getConnectionInfo uid=1000
10-15 23:51:42.506 14112 14418 I BatteryMgr:DataCollectionService: stats => 1697406702506,217,4314,159,0,100
10-15 23:51:42.540  3957  4129 D WifiStateMachine:  ConnectedState !RSSI_PKTCNT_FETCH uid=1000 rt=408691689/1069089916 0 0 "ourhome" f4:6d:2f:12:cc:88 rssi=-44 f=5240 sc=60 link=433 tx=1.2, 0.0, 0.0  rx=8.7 bcn=110347 [on:0 tx:0 rx:0 period:721] from screen [on:346309 period:2566673] score=60
10-15 23:51:42.542  3957  4129 D WifiStateMachine:  L2ConnectedState !RSSI_PKTCNT_FETCH uid=1000 rt=408691691/1069089918 0 0 "ourhome" f4:6d:2f:12:cc:88 rssi=-44 f=5240 sc=60 link=433 tx=1.2, 0.0, 0.0  rx=8.7 bcn=110347 [on:0 tx:0 rx:0 period:2] from screen [on:346309 period:2566675] score=60
10-15 23:51:42.548  3957  4129 D WifiStateMachine: fetchRssiLinkSpeedAndFrequencyNative rssi=-44 linkspeed=433 freq=5240
10-15 23:51:42.617 14112 14418 I BatteryMgr:DataCollectionService: stats => 1697406702617,217,4314,159,0,100
10-15 23:51:42.728 14112 14418 I BatteryMgr:DataCollectionService: stats => 1697406702728,217,4314,159,0,100
10-15 23:51:42.839 14112 14418 I BatteryMgr:DataCollectionService: stats => 1697406702839,217,4314,159,0,100
10-15 23:51:42.950 14112 14418 I BatteryMgr:DataCollectionService: stats => 1697406702950,217,4314,159,0,100
10-15 23:51:43.066 14112 14418 I BatteryMgr:DataCollectionService: stats => 1697406703066,217,4314,159,0,100
10-15 23:51:43.175 14112 14418 I BatteryMgr:DataCollectionService: stats => 1697406703175,217,4314,159,0,100
10-15 23:51:43.286 14112 14418 I BatteryMgr:DataCollectionService: stats => 1697406703286,217,4314,159,0,100
10-15 23:51:43.299  3957  6478 D SSRM:k  : SIOP:: AP = 360, PST = 340 (W:24), BAT = 320, USB = 0, CHG = 0
10-15 23:51:43.395 14112 14418 I BatteryMgr:DataCollectionService: stats => 1697406703394,217,4314,159,0,100
10-15 23:51:43.415  3957  4128 D WifiService: getConnectionInfo uid=1000
10-15 23:51:43.435  6343  6427 D ScanRecord: Not a Multi Manu data
10-15 23:51:43.497  6343  6427 I chatty  : uid=1002(bluetooth) BT Service Call identical 128 lines
10-15 23:51:43.497  6343  6427 D ScanRecord: Not a Multi Manu data
10-15 23:51:43.501 14112 14418 I BatteryMgr:DataCollectionService: stats => 1697406703500,217,4314,159,0,100
10-15 23:51:43.515  6343  6427 D ScanRecord: Not a Multi Manu data
10-15 23:51:43.542  3957  4129 D WifiStateMachine:  ConnectedState !RSSI_PKTCNT_FETCH uid=1000 rt=408692690/1069090918 0 0 "ourhome" f4:6d:2f:12:cc:88 rssi=-44 f=5240 sc=60 link=433 tx=1.2, 0.0, 0.0  rx=8.7 bcn=110347 [on:0 tx:0 rx:0 period:1000] from screen [on:346309 period:2567675] score=60
10-15 23:51:43.542  6343  6427 I chatty  : uid=1002(bluetooth) BT Service Call expire 32 lines
10-15 23:51:43.542  6343  6427 D ScanRecord: Not a Multi Manu data
10-15 23:51:43.542  6343  6427 D ScanRecord: Not a Multi Manu data
10-15 23:51:43.543  6343  6427 I chatty  : uid=1002(bluetooth) BT Service Call identical 3 lines
10-15 23:51:43.543  6343  6427 D ScanRecord: Not a Multi Manu data
10-15 23:51:43.545  3957  4129 D WifiStateMachine:  L2ConnectedState !RSSI_PKTCNT_FETCH uid=1000 rt=408692693/1069090921 0 0 "ourhome" f4:6d:2f:12:cc:88 rssi=-44 f=5240 sc=60 link=433 tx=1.2, 0.0, 0.0  rx=8.7 bcn=110347 [on:0 tx:0 rx:0 period:2] from screen [on:346309 period:2567677] score=60
10-15 23:51:43.549  3957  4129 D WifiStateMachine: fetchRssiLinkSpeedAndFrequencyNative rssi=-43 linkspeed=433 freq=5240
10-15 23:51:43.552  6343  6427 D ScanRecord: Not a Multi Manu data
10-15 23:51:43.598  6343  6427 I chatty  : uid=1002(bluetooth) BT Service Call identical 76 lines
10-15 23:51:43.598  6343  6427 D ScanRecord: Not a Multi Manu data
10-15 23:51:43.610 14112 14418 I BatteryMgr:DataCollectionService: stats => 1697406703610,217,4314,159,0,100
10-15 23:51:43.624  6343  6427 D ScanRecord: Not a Multi Manu data
10-15 23:51:43.712  6343  6427 I chatty  : uid=1002(bluetooth) BT Service Call identical 219 lines
10-15 23:51:43.712  6343  6427 D ScanRecord: Not a Multi Manu data
10-15 23:51:43.719 14112 14418 I BatteryMgr:DataCollectionService: stats => 1697406703719,217,4314,159,0,100
10-15 23:51:43.720  6343  6427 D ScanRecord: Not a Multi Manu data
10-15 23:51:43.827  6343  6427 I chatty  : uid=1002(bluetooth) BT Service Call identical 167 lines
10-15 23:51:43.827  6343  6427 D ScanRecord: Not a Multi Manu data
10-15 23:51:43.829 14112 14418 I BatteryMgr:DataCollectionService: stats => 1697406703828,217,4314,159,0,100
10-15 23:51:43.834  6343  6427 D ScanRecord: Not a Multi Manu data
10-15 23:51:43.926  6343  6427 I chatty  : uid=1002(bluetooth) BT Service Call identical 258 lines
10-15 23:51:43.926  6343  6427 D ScanRecord: Not a Multi Manu data
10-15 23:51:43.936 14112 14418 I BatteryMgr:DataCollectionService: stats => 1697406703936,217,4314,159,0,100
10-15 23:51:44.049 14112 14418 I BatteryMgr:DataCollectionService: stats => 1697406704049,217,4314,159,0,100
10-15 23:51:44.137  4961  4961 D io_stats: !@ 179,0 r 5849277 183350084 w 1324490 28599220 d 105510 31856848 f 303058 320023 iot 2559740 2256446 th 51200 0 0 pt 0 inp 0 0 408693.287
10-15 23:51:44.159 14112 14418 I BatteryMgr:DataCollectionService: stats => 1697406704159,217,4314,159,0,100
10-15 23:51:44.270 14112 14418 I BatteryMgr:DataCollectionService: stats => 1697406704270,217,4314,159,0,100
10-15 23:51:44.381 14112 14418 I BatteryMgr:DataCollectionService: stats => 1697406704381,217,4314,159,0,100
10-15 23:51:44.417  3957  4128 D WifiService: getConnectionInfo uid=1000
10-15 23:51:44.489 14112 14418 I BatteryMgr:DataCollectionService: stats => 1697406704489,217,4314,159,0,100
10-15 23:51:44.543  3957  4129 D WifiStateMachine:  ConnectedState !RSSI_PKTCNT_FETCH uid=1000 rt=408693692/1069091919 0 0 "ourhome" f4:6d:2f:12:cc:88 rssi=-43 f=5240 sc=60 link=433 tx=1.2, 0.0, 0.0  rx=8.7 bcn=110347 [on:0 tx:0 rx:0 period:998] from screen [on:346309 period:2568675] score=60
10-15 23:51:44.547  3957  4129 D WifiStateMachine:  L2ConnectedState !RSSI_PKTCNT_FETCH uid=1000 rt=408693694/1069091922 0 0 "ourhome" f4:6d:2f:12:cc:88 rssi=-43 f=5240 sc=60 link=433 tx=1.2, 0.0, 0.0  rx=8.7 bcn=110347 [on:0 tx:0 rx:0 period:5] from screen [on:346309 period:2568680] score=60
10-15 23:51:44.554  3957  4129 D WifiStateMachine: fetchRssiLinkSpeedAndFrequencyNative rssi=-43 linkspeed=433 freq=5240
10-15 23:51:44.600 14112 14418 I BatteryMgr:DataCollectionService: stats => 1697406704600,217,4314,159,0,100
10-15 23:51:44.719 14112 14418 I BatteryMgr:DataCollectionService: stats => 1697406704718,217,4314,159,0,100
10-15 23:51:44.823  3957  4129 D WifiStateMachine:  ConnectedState !CMD_RSSI_POLL rt=408693968/1069092196 54 0 "ourhome" f4:6d:2f:12:cc:88 rssi=-43 f=5240 sc=60 link=433 tx=1.2, 0.0, 0.0  rx=8.7 bcn=110347 [on:0 tx:0 rx:0 period:274] from screen [on:346309 period:2568954] score=60
10-15 23:51:44.827  3957  4129 D WifiStateMachine:  L2ConnectedState !CMD_RSSI_POLL rt=408693974/1069092202 54 0 "ourhome" f4:6d:2f:12:cc:88 rssi=-43 f=5240 sc=60 link=433 tx=1.2, 0.0, 0.0  rx=8.7 bcn=110347 [on:0 tx:0 rx:0 period:5] from screen [on:346309 period:2568959] score=60
10-15 23:51:44.827  3957  4129 D WifiStateMachine:  get link layer stats 3
10-15 23:51:44.827  3436  3436 I android.hardware.wifi@1.0-service: getLinkLayerStats
10-15 23:51:44.834 14112 14418 I BatteryMgr:DataCollectionService: stats => 1697406704834,217,4314,159,0,100
10-15 23:51:44.839  3957  4129 D WifiStateMachine: fetchRssiLinkSpeedAndFrequencyNative rssi=-43 linkspeed=433 freq=5240
10-15 23:51:44.847  4340  4340 E SignalClusterView: setSlotFocusVisible : subId -2
10-15 23:51:44.847  4340  4340 E SignalClusterView: setSlotFocusVisible : subId -2
10-15 23:51:44.944 14112 14418 I BatteryMgr:DataCollectionService: stats => 1697406704944,217,4314,159,0,100
10-15 23:51:45.058 14112 14418 I BatteryMgr:DataCollectionService: stats => 1697406705057,217,4314,159,0,100
10-15 23:51:45.170 14112 14418 I BatteryMgr:DataCollectionService: stats => 1697406705170,217,4314,159,0,100
10-15 23:51:45.281 14112 14418 I BatteryMgr:DataCollectionService: stats => 1697406705281,217,4314,159,0,100
