10-15 23:52:40.456 14112 14418 I BatteryMgr:DataCollectionService: stats => 1697406760456,211,4314,151,0,100
10-15 23:52:40.565 14112 14418 I BatteryMgr:DataCollectionService: stats => 1697406760565,211,4314,151,0,100
10-15 23:52:40.566  3957  4128 D WifiService: getConnectionInfo uid=1000
10-15 23:52:40.622  3957  4129 D WifiStateMachine:  ConnectedState !RSSI_PKTCNT_FETCH uid=1000 rt=408749771/1069147998 0 0 "ourhome" f4:6d:2f:12:cc:88 rssi=-43 f=5240 sc=60 link=433 tx=0.7, 0.0, 0.0  rx=5.0 bcn=110865 [on:0 tx:0 rx:0 period:997] from screen [on:357271 period:2624755] score=60
10-15 23:52:40.624  3957  4129 D WifiStateMachine:  L2ConnectedState !RSSI_PKTCNT_FETCH uid=1000 rt=408749773/1069148001 0 0 "ourhome" f4:6d:2f:12:cc:88 rssi=-43 f=5240 sc=60 link=433 tx=0.7, 0.0, 0.0  rx=5.0 bcn=110865 [on:0 tx:0 rx:0 period:2] from screen [on:357271 period:2624757] score=60
10-15 23:52:40.631  3957  4129 D WifiStateMachine: fetchRssiLinkSpeedAndFrequencyNative rssi=-43 linkspeed=433 freq=5240
10-15 23:52:40.676 14112 14418 I BatteryMgr:DataCollectionService: stats => 1697406760676,211,4314,151,0,100
10-15 23:52:40.787 14112 14418 I BatteryMgr:DataCollectionService: stats => 1697406760786,211,4314,151,0,100
10-15 23:52:40.895 14112 14418 I BatteryMgr:DataCollectionService: stats => 1697406760895,211,4314,151,0,100
10-15 23:52:41.006 14112 14418 I BatteryMgr:DataCollectionService: stats => 1697406761006,211,4314,151,0,100
10-15 23:52:41.116 14112 14418 I BatteryMgr:DataCollectionService: stats => 1697406761116,211,4314,151,0,100
10-15 23:52:41.227 14112 14418 I BatteryMgr:DataCollectionService: stats => 1697406761227,211,4314,151,0,100
10-15 23:52:41.339 14112 14418 I BatteryMgr:DataCollectionService: stats => 1697406761339,211,4314,151,0,100
10-15 23:52:41.446 14112 14418 I BatteryMgr:DataCollectionService: stats => 1697406761446,211,4314,151,0,100
10-15 23:52:41.551 14112 14418 I BatteryMgr:DataCollectionService: stats => 1697406761551,211,4314,151,0,100
10-15 23:52:41.568  3957  4128 D WifiService: getConnectionInfo uid=1000
10-15 23:52:41.624  3957  4129 D WifiStateMachine:  ConnectedState !RSSI_PKTCNT_FETCH uid=1000 rt=408750773/1069149001 0 0 "ourhome" f4:6d:2f:12:cc:88 rssi=-43 f=5240 sc=60 link=433 tx=0.7, 0.0, 0.0  rx=5.0 bcn=110865 [on:0 tx:0 rx:0 period:1000] from screen [on:357271 period:2625757] score=60
10-15 23:52:41.626  3957  4129 D WifiStateMachine:  L2ConnectedState !RSSI_PKTCNT_FETCH uid=1000 rt=408750775/1069149002 0 0 "ourhome" f4:6d:2f:12:cc:88 rssi=-43 f=5240 sc=60 link=433 tx=0.7, 0.0, 0.0  rx=5.0 bcn=110865 [on:0 tx:0 rx:0 period:2] from screen [on:357271 period:2625759] score=60
10-15 23:52:41.632  3957  4129 D WifiStateMachine: fetchRssiLinkSpeedAndFrequencyNative rssi=-44 linkspeed=433 freq=5240
10-15 23:52:41.661 14112 14418 I BatteryMgr:DataCollectionService: stats => 1697406761661,211,4314,151,0,100
10-15 23:52:41.771 14112 14418 I BatteryMgr:DataCollectionService: stats => 1697406761771,211,4314,151,0,100
10-15 23:52:41.880 14112 14418 I BatteryMgr:DataCollectionService: stats => 1697406761879,211,4314,151,0,100
10-15 23:52:41.990 14112 14418 I BatteryMgr:DataCollectionService: stats => 1697406761990,211,4314,151,0,100
10-15 23:52:42.100 14112 14418 I BatteryMgr:DataCollectionService: stats => 1697406762100,211,4314,151,0,100
10-15 23:52:42.208 14112 14418 I BatteryMgr:DataCollectionService: stats => 1697406762208,211,4314,151,0,100
10-15 23:52:42.220  3957  4129 D WifiStateMachine:  ConnectedState !CMD_RSSI_POLL rt=408751368/1069149596 54 0 "ourhome" f4:6d:2f:12:cc:88 rssi=-44 f=5240 sc=60 link=433 tx=0.7, 0.0, 0.0  rx=5.0 bcn=110865 [on:0 tx:0 rx:0 period:594] from screen [on:357271 period:2626353] score=60
10-15 23:52:42.223  3957  4129 D WifiStateMachine:  L2ConnectedState !CMD_RSSI_POLL rt=408751371/1069149599 54 0 "ourhome" f4:6d:2f:12:cc:88 rssi=-44 f=5240 sc=60 link=433 tx=0.7, 0.0, 0.0  rx=5.0 bcn=110865 [on:0 tx:0 rx:0 period:3] from screen [on:357271 period:2626356] score=60
10-15 23:52:42.223  3957  4129 D WifiStateMachine:  get link layer stats 3
10-15 23:52:42.223  3436  3436 I android.hardware.wifi@1.0-service: getLinkLayerStats
10-15 23:52:42.241  3957  4129 D WifiStateMachine: fetchRssiLinkSpeedAndFrequencyNative rssi=-44 linkspeed=433 freq=5240
10-15 23:52:42.247  4340  4340 E SignalClusterView: setSlotFocusVisible : subId -2
10-15 23:52:42.247  4340  4340 E SignalClusterView: setSlotFocusVisible : subId -2
10-15 23:52:42.315 14112 14418 I BatteryMgr:DataCollectionService: stats => 1697406762315,211,4314,151,0,100
10-15 23:52:42.424 14112 14418 I BatteryMgr:DataCollectionService: stats => 1697406762424,211,4314,151,0,100
10-15 23:52:42.531 14112 14418 I BatteryMgr:DataCollectionService: stats => 1697406762531,211,4314,151,0,100
10-15 23:52:42.571  3957  4128 D WifiService: getConnectionInfo uid=1000
10-15 23:52:42.625  3957  4129 D WifiStateMachine:  ConnectedState !RSSI_PKTCNT_FETCH uid=1000 rt=408751774/1069150002 0 0 "ourhome" f4:6d:2f:12:cc:88 rssi=-44 f=5240 sc=60 link=433 tx=0.2, 0.0, 0.0  rx=1.8 bcn=110892 [on:0 tx:0 rx:0 period:377] from screen [on:357357 period:2626757] score=60
10-15 23:52:42.626  3957  4129 D WifiStateMachine:  L2ConnectedState !RSSI_PKTCNT_FETCH uid=1000 rt=408751776/1069150003 0 0 "ourhome" f4:6d:2f:12:cc:88 rssi=-44 f=5240 sc=60 link=433 tx=0.2, 0.0, 0.0  rx=1.8 bcn=110892 [on:0 tx:0 rx:0 period:2] from screen [on:357357 period:2626759] score=60
10-15 23:52:42.633  3957  4129 D WifiStateMachine: fetchRssiLinkSpeedAndFrequencyNative rssi=-44 linkspeed=433 freq=5240
10-15 23:52:42.641 14112 14418 I BatteryMgr:DataCollectionService: stats => 1697406762641,211,4314,151,0,100
10-15 23:52:42.749 14112 14418 I BatteryMgr:DataCollectionService: stats => 1697406762749,211,4314,151,0,100
10-15 23:52:42.858 14112 14418 I BatteryMgr:DataCollectionService: stats => 1697406762858,211,4314,151,0,100
10-15 23:52:42.967 14112 14418 I BatteryMgr:DataCollectionService: stats => 1697406762967,211,4314,151,0,100
10-15 23:52:43.076 14112 14418 I BatteryMgr:DataCollectionService: stats => 1697406763076,211,4314,151,0,100
10-15 23:52:43.184 14112 14418 I BatteryMgr:DataCollectionService: stats => 1697406763184,211,4314,151,0,100
10-15 23:52:43.294 14112 14418 I BatteryMgr:DataCollectionService: stats => 1697406763294,211,4314,151,0,100
10-15 23:52:43.407 14112 14418 I BatteryMgr:DataCollectionService: stats => 1697406763407,211,4314,151,0,100
10-15 23:52:43.436  6343  6427 D ScanRecord: Not a Multi Manu data
10-15 23:52:43.465  3957  6478 D SSRM:k  : SIOP:: AP = 360, PST = 343 (W:28), BAT = 320, USB = 0, CHG = 0
10-15 23:52:43.516  6343  6427 I chatty  : uid=1002(bluetooth) BT Service Call identical 128 lines
10-15 23:52:43.516  6343  6427 D ScanRecord: Not a Multi Manu data
10-15 23:52:43.521 14112 14418 I BatteryMgr:DataCollectionService: stats => 1697406763520,211,4314,151,0,100
10-15 23:52:43.529  6343  6427 D ScanRecord: Not a Multi Manu data
10-15 23:52:43.565  6343  6427 I chatty  : uid=1002(bluetooth) BT Service Call identical 154 lines
10-15 23:52:43.565  6343  6427 D ScanRecord: Not a Multi Manu data
10-15 23:52:43.574  3957  4128 D WifiService: getConnectionInfo uid=1000
10-15 23:52:43.583  6343  6427 D ScanRecord: Not a Multi Manu data
10-15 23:52:43.626  3957  4129 D WifiStateMachine:  ConnectedState !RSSI_PKTCNT_FETCH uid=1000 rt=408752776/1069151003 0 0 "ourhome" f4:6d:2f:12:cc:88 rssi=-44 f=5240 sc=60 link=433 tx=0.2, 0.0, 0.0  rx=1.8 bcn=110892 [on:0 tx:0 rx:0 period:1000] from screen [on:357357 period:2627759] score=60
10-15 23:52:43.626  6343  6427 I chatty  : uid=1002(bluetooth) BT Service Call expire 110 lines
10-15 23:52:43.626  6343  6427 D ScanRecord: Not a Multi Manu data
10-15 23:52:43.626  6343  6427 D ScanRecord: Not a Multi Manu data
10-15 23:52:43.627  6343  6427 I chatty  : uid=1002(bluetooth) BT Service Call identical 3 lines
10-15 23:52:43.627  6343  6427 D ScanRecord: Not a Multi Manu data
10-15 23:52:43.631  3957  4129 D WifiStateMachine:  L2ConnectedState !RSSI_PKTCNT_FETCH uid=1000 rt=408752777/1069151005 0 0 "ourhome" f4:6d:2f:12:cc:88 rssi=-44 f=5240 sc=60 link=433 tx=0.2, 0.0, 0.0  rx=1.8 bcn=110892 [on:0 tx:0 rx:0 period:5] from screen [on:357357 period:2627764] score=60
10-15 23:52:43.632  6343  6427 D ScanRecord: Not a Multi Manu data
10-15 23:52:43.632  6343  6427 I chatty  : uid=1002(bluetooth) BT Service Call identical 9 lines
10-15 23:52:43.632  6343  6427 D ScanRecord: Not a Multi Manu data
10-15 23:52:43.633  3957  4129 D WifiStateMachine: fetchRssiLinkSpeedAndFrequencyNative rssi=-43 linkspeed=433 freq=5240
10-15 23:52:43.633  6343  6427 D ScanRecord: Not a Multi Manu data
10-15 23:52:43.633  6343  6427 D ScanRecord: Not a Multi Manu data
10-15 23:52:43.634 14112 14418 I BatteryMgr:DataCollectionService: stats => 1697406763634,211,4314,151,0,100
10-15 23:52:43.638  6343  6427 D ScanRecord: Not a Multi Manu data
10-15 23:52:43.742  6343  6427 I chatty  : uid=1002(bluetooth) BT Service Call identical 219 lines
10-15 23:52:43.742  6343  6427 D ScanRecord: Not a Multi Manu data
10-15 23:52:43.747 14112 14418 I BatteryMgr:DataCollectionService: stats => 1697406763746,211,4314,151,0,100
10-15 23:52:43.749  6343  6427 D ScanRecord: Not a Multi Manu data
10-15 23:52:43.840  6343  6427 I chatty  : uid=1002(bluetooth) BT Service Call identical 180 lines
10-15 23:52:43.840  6343  6427 D ScanRecord: Not a Multi Manu data
10-15 23:52:43.856 14112 14418 I BatteryMgr:DataCollectionService: stats => 1697406763856,211,4314,151,0,100
10-15 23:52:43.863  6343  6427 D ScanRecord: Not a Multi Manu data
10-15 23:52:43.934  6343  6427 I chatty  : uid=1002(bluetooth) BT Service Call identical 76 lines
10-15 23:52:43.934  6343  6427 D ScanRecord: Not a Multi Manu data
10-15 23:52:43.965 14112 14418 I BatteryMgr:DataCollectionService: stats => 1697406763965,211,4314,151,0,100
10-15 23:52:44.074 14112 14418 I BatteryMgr:DataCollectionService: stats => 1697406764074,211,4314,151,0,100
10-15 23:52:44.174  4961  4961 D io_stats: !@ 179,0 r 5851463 183406924 w 1324663 28601864 d 105527 31857732 f 303071 320040 iot 2560596 2257101 th 51200 0 0 pt 0 inp 0 0 408753.324
10-15 23:52:44.184 14112 14418 I BatteryMgr:DataCollectionService: stats => 1697406764184,211,4314,151,0,100
10-15 23:52:44.296 14112 14418 I BatteryMgr:DataCollectionService: stats => 1697406764295,211,4314,151,0,100
10-15 23:52:44.412 14112 14418 I BatteryMgr:DataCollectionService: stats => 1697406764412,211,4314,151,0,100
10-15 23:52:44.521 14112 14418 I BatteryMgr:DataCollectionService: stats => 1697406764520,211,4314,151,0,100
10-15 23:52:44.576  3957  4128 D WifiService: getConnectionInfo uid=1000
10-15 23:52:44.629  3957  4129 D WifiStateMachine:  ConnectedState !RSSI_PKTCNT_FETCH uid=1000 rt=408753777/1069152004 0 0 "ourhome" f4:6d:2f:12:cc:88 rssi=-43 f=5240 sc=60 link=433 tx=0.2, 0.0, 0.0  rx=1.8 bcn=110892 [on:0 tx:0 rx:0 period:997] from screen [on:357357 period:2628761] score=60
10-15 23:52:44.635  3957  4129 D WifiStateMachine:  L2ConnectedState !RSSI_PKTCNT_FETCH uid=1000 rt=408753780/1069152008 0 0 "ourhome" f4:6d:2f:12:cc:88 rssi=-43 f=5240 sc=60 link=433 tx=0.2, 0.0, 0.0  rx=1.8 bcn=110892 [on:0 tx:0 rx:0 period:4] from screen [on:357357 period:2628765] score=60
10-15 23:52:44.644  3957  4129 D WifiStateMachine: fetchRssiLinkSpeedAndFrequencyNative rssi=-44 linkspeed=433 freq=5240
10-15 23:52:44.647 14112 14418 I BatteryMgr:DataCollectionService: stats => 1697406764647,211,4314,151,0,100
10-15 23:52:44.759 14112 14418 I BatteryMgr:DataCollectionService: stats => 1697406764759,211,4314,151,0,100
10-15 23:52:44.871 14112 14418 I BatteryMgr:DataCollectionService: stats => 1697406764870,211,4314,151,0,100
10-15 23:52:44.980 14112 14418 I BatteryMgr:DataCollectionService: stats => 1697406764980,211,4314,151,0,100
10-15 23:52:45.092 14112 14418 I BatteryMgr:DataCollectionService: stats => 1697406765092,211,4314,151,0,100
10-15 23:52:45.202 14112 14418 I BatteryMgr:DataCollectionService: stats => 1697406765202,211,4314,151,0,100
10-15 23:52:45.244  3957  4129 D WifiStateMachine:  ConnectedState !CMD_RSSI_POLL rt=408754394/1069152621 54 0 "ourhome" f4:6d:2f:12:cc:88 rssi=-44 f=5240 sc=60 link=433 tx=0.2, 0.0, 0.0  rx=1.8 bcn=110892 [on:0 tx:0 rx:0 period:612] from screen [on:357357 period:2629377] score=60
10-15 23:52:45.246  3957  4129 D WifiStateMachine:  L2ConnectedState !CMD_RSSI_POLL rt=408754395/1069152623 54 0 "ourhome" f4:6d:2f:12:cc:88 rssi=-44 f=5240 sc=60 link=433 tx=0.2, 0.0, 0.0  rx=1.8 bcn=110892 [on:0 tx:0 rx:0 period:2] from screen [on:357357 period:2629379] score=60
10-15 23:52:45.246  3957  4129 D WifiStateMachine:  get link layer stats 3
10-15 23:52:45.246  3436  3436 I android.hardware.wifi@1.0-service: getLinkLayerStats
10-15 23:52:45.257  3957  4129 D WifiStateMachine: fetchRssiLinkSpeedAndFrequencyNative rssi=-44 linkspeed=433 freq=5240
10-15 23:52:45.264  4340  4340 E SignalClusterView: setSlotFocusVisible : subId -2
10-15 23:52:45.264  4340  4340 E SignalClusterView: setSlotFocusVisible : subId -2
10-15 23:52:45.312 14112 14418 I BatteryMgr:DataCollectionService: stats => 1697406765311,211,4314,151,0,100
10-15 23:52:45.419 14112 14418 I BatteryMgr:DataCollectionService: stats => 1697406765419,211,4314,151,0,100
10-15 23:52:45.529 14112 14418 I BatteryMgr:DataCollectionService: stats => 1697406765529,211,4314,151,0,100
10-15 23:52:45.577  3957  4128 D WifiService: getConnectionInfo uid=1000
10-15 23:52:45.627  3957  4129 D WifiStateMachine:  ConnectedState !RSSI_PKTCNT_FETCH uid=1000 rt=408754777/1069153005 0 0 "ourhome" f4:6d:2f:12:cc:88 rssi=-44 f=5240 sc=60 link=433 tx=0.7, 0.0, 0.0  rx=1.3 bcn=110920 [on:0 tx:0 rx:0 period:365] from screen [on:357751 period:2629760] score=60
10-15 23:52:45.629  3957  4129 D WifiStateMachine:  L2ConnectedState !RSSI_PKTCNT_FETCH uid=1000 rt=408754779/1069153006 0 0 "ourhome" f4:6d:2f:12:cc:88 rssi=-44 f=5240 sc=60 link=433 tx=0.7, 0.0, 0.0  rx=1.3 bcn=110920 [on:0 tx:0 rx:0 period:2] from screen [on:357751 period:2629762] score=60
10-15 23:52:45.636  3957  4129 D WifiStateMachine: fetchRssiLinkSpeedAndFrequencyNative rssi=-43 linkspeed=433 freq=5240
10-15 23:52:45.638 14112 14418 I BatteryMgr:DataCollectionService: stats => 1697406765638,211,4314,151,0,100
10-15 23:52:45.752 14112 14418 I BatteryMgr:DataCollectionService: stats => 1697406765752,211,4314,151,0,100
10-15 23:52:45.863 14112 14418 I BatteryMgr:DataCollectionService: stats => 1697406765862,211,4314,151,0,100
10-15 23:52:45.972 14112 14418 I BatteryMgr:DataCollectionService: stats => 1697406765972,211,4314,151,0,100
10-15 23:52:46.060  3957  4030 D SensorService: [SO] 0.072 -0.072 9.950
10-15 23:52:46.079 14112 14418 I BatteryMgr:DataCollectionService: stats => 1697406766079,211,4314,151,0,100
10-15 23:52:46.188 14112 14418 I BatteryMgr:DataCollectionService: stats => 1697406766187,211,4314,151,0,100
10-15 23:52:46.297 14112 14418 I BatteryMgr:DataCollectionService: stats => 1697406766297,211,4314,151,0,100
10-15 23:52:46.376  7695  7744 I PlayCommon: [11722] anai.j(241): Preparing logs for uploading
10-15 23:52:46.379  3957  4460 D ConnectivityService: filterNetworkStateForUid() uid: 10044 networkInfo: [type: WIFI[] - WIFI, state: CONNECTED/CONNECTED, reason: (unspecified), extra: "ourhome", failover: false, available: true, roaming: false, metered: false]
10-15 23:52:46.379  3957  4460 D WifiService: getConnectionInfo uid=1000
10-15 23:52:46.406 14112 14418 I BatteryMgr:DataCollectionService: stats => 1697406766406,211,4314,151,0,100
10-15 23:52:46.433  7695  7744 I PlayCommon: [11722] anai.j(1862): Connecting to server: https://play.googleapis.com/play/log?format=raw&proto_v2=true
10-15 23:52:46.442  7695  7744 I System.out: (HTTPLog)-Static: isSBSettingEnabled false
10-15 23:52:46.443  7695  7744 I System.out: (HTTPLog)-Static: isSBSettingEnabled false
10-15 23:52:46.453  3599  3918 D DnsProxyListener: DNSDBG::dns addrinfo af 0
10-15 23:52:46.519 14112 14418 I BatteryMgr:DataCollectionService: stats => 1697406766519,211,4314,151,0,100
10-15 23:52:46.580  3957  4128 D WifiService: getConnectionInfo uid=1000
10-15 23:52:46.627 14112 14418 I BatteryMgr:DataCollectionService: stats => 1697406766627,211,4314,151,0,100
10-15 23:52:46.628  3957  4129 D WifiStateMachine:  ConnectedState !RSSI_PKTCNT_FETCH uid=1000 rt=408755778/1069154006 0 0 "ourhome" f4:6d:2f:12:cc:88 rssi=-43 f=5240 sc=60 link=433 tx=0.7, 0.0, 0.0  rx=1.3 bcn=110920 [on:0 tx:0 rx:0 period:999] from screen [on:357751 period:2630761] score=60
10-15 23:52:46.630  3957  4129 D WifiStateMachine:  L2ConnectedState !RSSI_PKTCNT_FETCH uid=1000 rt=408755780/1069154007 0 0 "ourhome" f4:6d:2f:12:cc:88 rssi=-43 f=5240 sc=60 link=433 tx=0.7, 0.0, 0.0  rx=1.3 bcn=110920 [on:0 tx:0 rx:0 period:2] from screen [on:357751 period:2630763] score=60
10-15 23:52:46.631  3957  4129 D WifiStateMachine: fetchRssiLinkSpeedAndFrequencyNative rssi=-45 linkspeed=433 freq=5240
10-15 23:52:46.647  7695  7744 I PlayCommon: [11722] anai.j(2096): Successfully uploaded logs.
10-15 23:52:46.734 14112 14418 I BatteryMgr:DataCollectionService: stats => 1697406766734,211,4314,151,0,100
10-15 23:52:46.845 14112 14418 I BatteryMgr:DataCollectionService: stats => 1697406766844,211,4314,151,0,100
10-15 23:52:46.951 14112 14418 I BatteryMgr:DataCollectionService: stats => 1697406766951,211,4314,151,0,100
10-15 23:52:47.063 14112 14418 I BatteryMgr:DataCollectionService: stats => 1697406767063,211,4314,151,0,100
10-15 23:52:47.172 14112 14418 I BatteryMgr:DataCollectionService: stats => 1697406767172,211,4314,151,0,100
10-15 23:52:47.281 14112 14418 I BatteryMgr:DataCollectionService: stats => 1697406767281,211,4314,151,0,100
10-15 23:52:47.390 14112 14418 I BatteryMgr:DataCollectionService: stats => 1697406767390,211,4314,151,0,100
10-15 23:52:47.500 14112 14418 I BatteryMgr:DataCollectionService: stats => 1697406767500,211,4314,151,0,100
10-15 23:52:47.586  3957  4128 D WifiService: getConnectionInfo uid=1000
10-15 23:52:47.611 14112 14418 I BatteryMgr:DataCollectionService: stats => 1697406767611,211,4314,151,0,100
10-15 23:52:47.630  3957  4129 D WifiStateMachine:  ConnectedState !RSSI_PKTCNT_FETCH uid=1000 rt=408756780/1069155008 0 0 "ourhome" f4:6d:2f:12:cc:88 rssi=-45 f=5240 sc=60 link=433 tx=0.7, 0.0, 0.0  rx=1.3 bcn=110920 [on:0 tx:0 rx:0 period:1000] from screen [on:357751 period:2631763] score=60
10-15 23:52:47.633  3957  4129 D WifiStateMachine:  L2ConnectedState !RSSI_PKTCNT_FETCH uid=1000 rt=408756781/1069155009 0 0 "ourhome" f4:6d:2f:12:cc:88 rssi=-45 f=5240 sc=60 link=433 tx=0.7, 0.0, 0.0  rx=1.3 bcn=110920 [on:0 tx:0 rx:0 period:2] from screen [on:357751 period:2631765] score=60
10-15 23:52:47.633  3957  3980 W StorageManager: getStorageFullBytes DEFAULT_FULL_THRESHOLD_BYTES : 20971520, threadhold : 20971520
10-15 23:52:47.634  3957  3980 W StorageManager: getStorageLowBytes lowPercent : 5, lowBytes : 1260145254, maxLowBytes : 524288000
10-15 23:52:47.635  3957  3980 W DeviceStorageMonitorService: updateBroadcasts(/data) oldLevel:0, newLevel:0, seq:1
10-15 23:52:47.636  3957  3980 W DeviceStorageMonitorService: updateBroadcasts_filenode(/data) fn_oldLevel:0, fn_newLevel:0, seq:1
10-15 23:52:47.640  3957  4129 D WifiStateMachine: fetchRssiLinkSpeedAndFrequencyNative rssi=-44 linkspeed=433 freq=5240
10-15 23:52:47.720 14112 14418 I BatteryMgr:DataCollectionService: stats => 1697406767719,211,4314,151,0,100
10-15 23:52:47.830 14112 14418 I BatteryMgr:DataCollectionService: stats => 1697406767829,211,4314,151,0,100
10-15 23:52:47.939 14112 14418 I BatteryMgr:DataCollectionService: stats => 1697406767939,211,4314,151,0,100
10-15 23:52:48.050 14112 14418 I BatteryMgr:DataCollectionService: stats => 1697406768050,211,4314,151,0,100
10-15 23:52:48.158 14112 14418 I BatteryMgr:DataCollectionService: stats => 1697406768158,211,4314,151,0,100
10-15 23:52:48.262  3957  4129 D WifiStateMachine:  ConnectedState !CMD_RSSI_POLL rt=408757410/1069155637 54 0 "ourhome" f4:6d:2f:12:cc:88 rssi=-44 f=5240 sc=60 link=433 tx=0.7, 0.0, 0.0  rx=1.3 bcn=110920 [on:0 tx:0 rx:0 period:630] from screen [on:357751 period:2632395] score=60
10-15 23:52:48.266  3957  4129 D WifiStateMachine:  L2ConnectedState !CMD_RSSI_POLL rt=408757413/1069155641 54 0 "ourhome" f4:6d:2f:12:cc:88 rssi=-44 f=5240 sc=60 link=433 tx=0.7, 0.0, 0.0  rx=1.3 bcn=110920 [on:0 tx:0 rx:0 period:2] from screen [on:357751 period:2632397] score=60
10-15 23:52:48.266  3957  4129 D WifiStateMachine:  get link layer stats 3
10-15 23:52:48.267  3436  3436 I android.hardware.wifi@1.0-service: getLinkLayerStats
10-15 23:52:48.270 14112 14418 I BatteryMgr:DataCollectionService: stats => 1697406768270,211,4314,151,0,100
10-15 23:52:48.286  3957  4129 D WifiStateMachine: fetchRssiLinkSpeedAndFrequencyNative rssi=-43 linkspeed=433 freq=5240
10-15 23:52:48.291  4340  4340 E SignalClusterView: setSlotFocusVisible : subId -2
10-15 23:52:48.291  4340  4340 E SignalClusterView: setSlotFocusVisible : subId -2
10-15 23:52:48.379 14112 14418 I BatteryMgr:DataCollectionService: stats => 1697406768379,211,4314,151,0,100
10-15 23:52:48.449  6343  6427 D ScanRecord: Not a Multi Manu data
10-15 23:52:48.485  6343  6427 I chatty  : uid=1002(bluetooth) BT Service Call identical 63 lines
10-15 23:52:48.485  6343  6427 D ScanRecord: Not a Multi Manu data
10-15 23:52:48.487 14112 14418 I BatteryMgr:DataCollectionService: stats => 1697406768487,211,4314,151,0,100
10-15 23:52:48.492  6343  6427 D ScanRecord: Not a Multi Manu data
10-15 23:52:48.581  6343  6427 I chatty  : uid=1002(bluetooth) BT Service Call identical 115 lines
10-15 23:52:48.581  6343  6427 D ScanRecord: Not a Multi Manu data
10-15 23:52:48.588  3957  4128 D WifiService: getConnectionInfo uid=1000
10-15 23:52:48.592  6343  6427 D ScanRecord: Not a Multi Manu data
10-15 23:52:48.592  6343  6427 I chatty  : uid=1002(bluetooth) BT Service Call identical 11 lines
10-15 23:52:48.592  6343  6427 D ScanRecord: Not a Multi Manu data
10-15 23:52:48.596 14112 14418 I BatteryMgr:DataCollectionService: stats => 1697406768596,211,4314,151,0,100
10-15 23:52:48.616  6343  6427 D ScanRecord: Not a Multi Manu data
10-15 23:52:48.616  6343  6427 I chatty  : uid=1002(bluetooth) BT Service Call identical 11 lines
10-15 23:52:48.616  6343  6427 D ScanRecord: Not a Multi Manu data
10-15 23:52:48.636  3957  4129 D WifiStateMachine:  ConnectedState !RSSI_PKTCNT_FETCH uid=1000 rt=408757781/1069156009 0 0 "ourhome" f4:6d:2f:12:cc:88 rssi=-43 f=5240 sc=60 link=433 tx=12.3, 0.0, 0.0  rx=15.7 bcn=110947 [on:0 tx:0 rx:0 period:343] from screen [on:358414 period:2632768] score=60
10-15 23:52:48.638  3957  4129 D WifiStateMachine:  L2ConnectedState !RSSI_PKTCNT_FETCH uid=1000 rt=408757788/1069156015 0 0 "ourhome" f4:6d:2f:12:cc:88 rssi=-43 f=5240 sc=60 link=433 tx=12.3, 0.0, 0.0  rx=15.7 bcn=110947 [on:0 tx:0 rx:0 period:3] from screen [on:358414 period:2632771] score=60
10-15 23:52:48.640  3957  4129 D WifiStateMachine: fetchRssiLinkSpeedAndFrequencyNative rssi=-43 linkspeed=433 freq=5240
10-15 23:52:48.648  6343  6427 D ScanRecord: Not a Multi Manu data
10-15 23:52:48.688  6343  6427 I chatty  : uid=1002(bluetooth) BT Service Call identical 76 lines
10-15 23:52:48.688  6343  6427 D ScanRecord: Not a Multi Manu data
10-15 23:52:48.705 14112 14418 I BatteryMgr:DataCollectionService: stats => 1697406768704,211,4314,151,0,100
10-15 23:52:48.710  6343  6427 D ScanRecord: Not a Multi Manu data
10-15 23:52:48.805  6343  6427 I chatty  : uid=1002(bluetooth) BT Service Call identical 167 lines
10-15 23:52:48.806  6343  6427 D ScanRecord: Not a Multi Manu data
10-15 23:52:48.812 14112 14418 I BatteryMgr:DataCollectionService: stats => 1697406768812,211,4314,151,0,100
10-15 23:52:48.817  6343  6427 D ScanRecord: Not a Multi Manu data
10-15 23:52:48.913  6343  6427 I chatty  : uid=1002(bluetooth) BT Service Call identical 232 lines
10-15 23:52:48.913  6343  6427 D ScanRecord: Not a Multi Manu data
10-15 23:52:48.920 14112 14418 I BatteryMgr:DataCollectionService: stats => 1697406768920,211,4314,151,0,100
10-15 23:52:48.921  6343  6427 D ScanRecord: Not a Multi Manu data
10-15 23:52:48.929  6343  6427 I chatty  : uid=1002(bluetooth) BT Service Call identical 24 lines
10-15 23:52:48.929  6343  6427 D ScanRecord: Not a Multi Manu data
10-15 23:52:49.031 14112 14418 I BatteryMgr:DataCollectionService: stats => 1697406769030,211,4314,151,0,100
10-15 23:52:49.139 14112 14418 I BatteryMgr:DataCollectionService: stats => 1697406769139,211,4314,151,0,100
10-15 23:52:49.178  4961  4961 D io_stats: !@ 179,0 r 5851731 183414556 w 1324681 28602108 d 105529 31857808 f 303072 320041 iot 2560712 2257204 th 51200 0 0 pt 0 inp 0 0 408758.328
10-15 23:52:49.258 14112 14418 I BatteryMgr:DataCollectionService: stats => 1697406769258,211,4314,151,0,100
10-15 23:52:49.368 14112 14418 I BatteryMgr:DataCollectionService: stats => 1697406769368,211,4314,151,0,100
10-15 23:52:49.474 14112 14418 I BatteryMgr:DataCollectionService: stats => 1697406769474,211,4314,151,0,100
10-15 23:52:49.585 14112 14418 I BatteryMgr:DataCollectionService: stats => 1697406769585,211,4314,151,0,100
10-15 23:52:49.591  3957  4128 D WifiService: getConnectionInfo uid=1000
10-15 23:52:49.635  3957  4129 D WifiStateMachine:  ConnectedState !RSSI_PKTCNT_FETCH uid=1000 rt=408758783/1069157010 0 0 "ourhome" f4:6d:2f:12:cc:88 rssi=-43 f=5240 sc=60 link=433 tx=12.3, 0.0, 0.0  rx=15.7 bcn=110947 [on:0 tx:0 rx:0 period:996] from screen [on:358414 period:2633767] score=60
10-15 23:52:49.637  3957  4129 D WifiStateMachine:  L2ConnectedState !RSSI_PKTCNT_FETCH uid=1000 rt=408758786/1069157013 0 0 "ourhome" f4:6d:2f:12:cc:88 rssi=-43 f=5240 sc=60 link=433 tx=12.3, 0.0, 0.0  rx=15.7 bcn=110947 [on:0 tx:0 rx:0 period:3] from screen [on:358414 period:2633770] score=60
10-15 23:52:49.639  3957  4129 D WifiStateMachine: fetchRssiLinkSpeedAndFrequencyNative rssi=-44 linkspeed=433 freq=5240
10-15 23:52:49.695 14112 14418 I BatteryMgr:DataCollectionService: stats => 1697406769695,146,4314,145,0,100
10-15 23:52:49.803 14112 14418 I BatteryMgr:DataCollectionService: stats => 1697406769803,146,4314,145,0,100
10-15 23:52:49.913 14112 14418 I BatteryMgr:DataCollectionService: stats => 1697406769913,146,4314,145,0,100
10-15 23:52:50.019 14112 14418 I BatteryMgr:DataCollectionService: stats => 1697406770019,146,4314,145,0,100
10-15 23:52:50.130 14112 14418 I BatteryMgr:DataCollectionService: stats => 1697406770129,146,4314,145,0,100
10-15 23:52:50.220  3957  4460 D BatteryService: !@BatteryListener : batteryPropertiesChanged!
10-15 23:52:50.239 14112 14418 I BatteryMgr:DataCollectionService: stats => 1697406770239,146,4314,145,0,100
10-15 23:52:50.347 14112 14418 I BatteryMgr:DataCollectionService: stats => 1697406770347,146,4314,145,0,100
10-15 23:52:50.458 14112 14418 I BatteryMgr:DataCollectionService: stats => 1697406770458,146,4314,145,0,100
10-15 23:52:50.568 14112 14418 I BatteryMgr:DataCollectionService: stats => 1697406770568,146,4314,145,0,100
10-15 23:52:50.594  3957  4128 D WifiService: getConnectionInfo uid=1000
10-15 23:52:50.636  3957  4129 D WifiStateMachine:  ConnectedState !RSSI_PKTCNT_FETCH uid=1000 rt=408759784/1069158012 0 0 "ourhome" f4:6d:2f:12:cc:88 rssi=-44 f=5240 sc=60 link=433 tx=12.3, 0.0, 0.0  rx=15.7 bcn=110947 [on:0 tx:0 rx:0 period:999] from screen [on:358414 period:2634769] score=60
10-15 23:52:50.640  3957  4129 D WifiStateMachine:  L2ConnectedState !RSSI_PKTCNT_FETCH uid=1000 rt=408759788/1069158015 0 0 "ourhome" f4:6d:2f:12:cc:88 rssi=-44 f=5240 sc=60 link=433 tx=12.3, 0.0, 0.0  rx=15.7 bcn=110947 [on:0 tx:0 rx:0 period:4] from screen [on:358414 period:2634773] score=60
10-15 23:52:50.647  3957  4129 D WifiStateMachine: fetchRssiLinkSpeedAndFrequencyNative rssi=-43 linkspeed=433 freq=5240
10-15 23:52:50.677 14112 14418 I BatteryMgr:DataCollectionService: stats => 1697406770677,146,4314,145,0,100
10-15 23:52:50.784 14112 14418 I BatteryMgr:DataCollectionService: stats => 1697406770784,146,4314,145,0,100
10-15 23:52:50.890 14112 14418 I BatteryMgr:DataCollectionService: stats => 1697406770890,146,4314,145,0,100
10-15 23:52:51.002 14112 14418 I BatteryMgr:DataCollectionService: stats => 1697406771002,146,4314,145,0,100
10-15 23:52:51.110 14112 14418 I BatteryMgr:DataCollectionService: stats => 1697406771110,146,4314,145,0,100
10-15 23:52:51.220 14112 14418 I BatteryMgr:DataCollectionService: stats => 1697406771220,146,4314,145,0,100
10-15 23:52:51.291  3957  4129 D WifiStateMachine:  ConnectedState !CMD_RSSI_POLL rt=408760439/1069158666 54 0 "ourhome" f4:6d:2f:12:cc:88 rssi=-43 f=5240 sc=60 link=433 tx=12.3, 0.0, 0.0  rx=15.7 bcn=110947 [on:0 tx:0 rx:0 period:650] from screen [on:358414 period:2635423] score=60
10-15 23:52:51.292  3957  4129 D WifiStateMachine:  L2ConnectedState !CMD_RSSI_POLL rt=408760442/1069158669 54 0 "ourhome" f4:6d:2f:12:cc:88 rssi=-43 f=5240 sc=60 link=433 tx=12.3, 0.0, 0.0  rx=15.7 bcn=110947 [on:0 tx:0 rx:0 period:2] from screen [on:358414 period:2635425] score=60
10-15 23:52:51.293  3957  4129 D WifiStateMachine:  get link layer stats 3
10-15 23:52:51.294  3436  3436 I android.hardware.wifi@1.0-service: getLinkLayerStats
10-15 23:52:51.306  3957  4129 D WifiStateMachine: fetchRssiLinkSpeedAndFrequencyNative rssi=-43 linkspeed=433 freq=5240
10-15 23:52:51.310  4340  4340 E SignalClusterView: setSlotFocusVisible : subId -2
10-15 23:52:51.311  4340  4340 E SignalClusterView: setSlotFocusVisible : subId -2
10-15 23:52:51.330 14112 14418 I BatteryMgr:DataCollectionService: stats => 1697406771330,146,4314,145,0,100
10-15 23:52:51.440 14112 14418 I BatteryMgr:DataCollectionService: stats => 1697406771440,146,4314,145,0,100
10-15 23:52:51.550 14112 14418 I BatteryMgr:DataCollectionService: stats => 1697406771550,146,4314,145,0,100
10-15 23:52:51.597  3957  4128 D WifiService: getConnectionInfo uid=1000
10-15 23:52:51.636  3957  4129 D WifiStateMachine:  ConnectedState !RSSI_PKTCNT_FETCH uid=1000 rt=408760785/1069159013 0 0 "ourhome" f4:6d:2f:12:cc:88 rssi=-43 f=5240 sc=60 link=433 tx=6.4, 0.0, 0.0  rx=6.4 bcn=110974 [on:0 tx:0 rx:0 period:326] from screen [on:359291 period:2635769] score=60
10-15 23:52:51.638  3957  4129 D WifiStateMachine:  L2ConnectedState !RSSI_PKTCNT_FETCH uid=1000 rt=408760787/1069159015 0 0 "ourhome" f4:6d:2f:12:cc:88 rssi=-43 f=5240 sc=60 link=433 tx=6.4, 0.0, 0.0  rx=6.4 bcn=110974 [on:0 tx:0 rx:0 period:2] from screen [on:359291 period:2635771] score=60
10-15 23:52:51.645  3957  4129 D WifiStateMachine: fetchRssiLinkSpeedAndFrequencyNative rssi=-43 linkspeed=433 freq=5240
10-15 23:52:51.657 14112 14418 I BatteryMgr:DataCollectionService: stats => 1697406771657,146,4314,145,0,100
10-15 23:52:51.764 14112 14418 I BatteryMgr:DataCollectionService: stats => 1697406771764,146,4314,145,0,100
10-15 23:52:51.869 14112 14418 I BatteryMgr:DataCollectionService: stats => 1697406771869,146,4314,145,0,100
10-15 23:52:51.981 14112 14418 I BatteryMgr:DataCollectionService: stats => 1697406771981,146,4314,145,0,100
10-15 23:52:52.090 14112 14418 I BatteryMgr:DataCollectionService: stats => 1697406772090,146,4314,145,0,100
10-15 23:52:52.119  4340  4731 D NetworkController.MobileSignalController(0/-2): onSignalStrengthsChanged signalStrength=SignalStrength: 28 99 -28 -200 -28 -200 -1 99 2147483647 2147483647 2147483647 2147483647 0 2147483647 0x4 P gsm|lte level=4
10-15 23:52:52.119  4340  4731 D NetworkController.MobileSignalController(0/-2): getMobileIconGroup(): 0
10-15 23:52:52.208 14112 14418 I BatteryMgr:DataCollectionService: stats => 1697406772208,146,4314,145,0,100
10-15 23:52:52.316 14112 14418 I BatteryMgr:DataCollectionService: stats => 1697406772316,146,4314,145,0,100
10-15 23:52:52.423 14112 14418 I BatteryMgr:DataCollectionService: stats => 1697406772423,146,4314,145,0,100
10-15 23:52:52.535 14112 14418 I BatteryMgr:DataCollectionService: stats => 1697406772535,146,4314,145,0,100
10-15 23:52:52.599  3957  4128 D WifiService: getConnectionInfo uid=1000
10-15 23:52:52.638  3957  4129 D WifiStateMachine:  ConnectedState !RSSI_PKTCNT_FETCH uid=1000 rt=408761787/1069160014 0 0 "ourhome" f4:6d:2f:12:cc:88 rssi=-43 f=5240 sc=60 link=433 tx=6.4, 0.0, 0.0  rx=6.4 bcn=110974 [on:0 tx:0 rx:0 period:1000] from screen [on:359291 period:2636771] score=60
10-15 23:52:52.643  3957  4129 D WifiStateMachine:  L2ConnectedState !RSSI_PKTCNT_FETCH uid=1000 rt=408761790/1069160017 0 0 "ourhome" f4:6d:2f:12:cc:88 rssi=-43 f=5240 sc=60 link=433 tx=6.4, 0.0, 0.0  rx=6.4 bcn=110974 [on:0 tx:0 rx:0 period:4] from screen [on:359291 period:2636775] score=60
10-15 23:52:52.647  3957  4129 D WifiStateMachine: fetchRssiLinkSpeedAndFrequencyNative rssi=-43 linkspeed=433 freq=5240
10-15 23:52:52.648 14112 14418 I BatteryMgr:DataCollectionService: stats => 1697406772648,146,4314,145,0,100
10-15 23:52:52.755 14112 14418 I BatteryMgr:DataCollectionService: stats => 1697406772755,146,4314,145,0,100
10-15 23:52:52.867 14112 14418 I BatteryMgr:DataCollectionService: stats => 1697406772867,146,4314,145,0,100
10-15 23:52:52.974 14112 14418 I BatteryMgr:DataCollectionService: stats => 1697406772974,146,4314,145,0,100
10-15 23:52:53.084 14112 14418 I BatteryMgr:DataCollectionService: stats => 1697406773084,146,4314,145,0,100
10-15 23:52:53.193 14112 14418 I BatteryMgr:DataCollectionService: stats => 1697406773193,146,4314,145,0,100
10-15 23:52:53.303 14112 14418 I BatteryMgr:DataCollectionService: stats => 1697406773302,146,4314,145,0,100
10-15 23:52:53.410 14112 14418 I BatteryMgr:DataCollectionService: stats => 1697406773410,146,4314,145,0,100
10-15 23:52:53.439  6343  6427 D ScanRecord: Not a Multi Manu data
10-15 23:52:53.498  3957  6478 D SSRM:k  : SIOP:: AP = 360, PST = 344 (W:28), BAT = 320, USB = 0, CHG = 0
10-15 23:52:53.507  6343  6427 I chatty  : uid=1002(bluetooth) BT Service Call identical 76 lines
10-15 23:52:53.507  6343  6427 D ScanRecord: Not a Multi Manu data
10-15 23:52:53.519 14112 14418 I BatteryMgr:DataCollectionService: stats => 1697406773519,146,4314,145,0,100
10-15 23:52:53.526  6343  6427 D ScanRecord: Not a Multi Manu data
10-15 23:52:53.602  6343  6427 I chatty  : uid=1002(bluetooth) BT Service Call identical 109 lines
10-15 23:52:53.602  3957  4128 D WifiService: getConnectionInfo uid=1000
10-15 23:52:53.602  6343  6427 D ScanRecord: Not a Multi Manu data
10-15 23:52:53.602  6343  6427 D ScanRecord: Not a Multi Manu data
10-15 23:52:53.628  6343  6427 I chatty  : uid=1002(bluetooth) BT Service Call identical 28 lines
10-15 23:52:53.628  6343  6427 D ScanRecord: Not a Multi Manu data
10-15 23:52:53.628 14112 14418 I BatteryMgr:DataCollectionService: stats => 1697406773628,146,4314,145,0,100
10-15 23:52:53.629  6343  6427 D ScanRecord: Not a Multi Manu data
10-15 23:52:53.636  6343  6427 I chatty  : uid=1002(bluetooth) BT Service Call identical 38 lines
10-15 23:52:53.639  6343  6427 D ScanRecord: Not a Multi Manu data
10-15 23:52:53.640  3957  4129 D WifiStateMachine:  ConnectedState !RSSI_PKTCNT_FETCH uid=1000 rt=408762788/1069161016 0 0 "ourhome" f4:6d:2f:12:cc:88 rssi=-43 f=5240 sc=60 link=433 tx=6.4, 0.0, 0.0  rx=6.4 bcn=110974 [on:0 tx:0 rx:0 period:997] from screen [on:359291 period:2637772] score=60
10-15 23:52:53.640  6343  6427 D ScanRecord: Not a Multi Manu data
10-15 23:52:53.643  6343  6427 I chatty  : uid=1002(bluetooth) BT Service Call identical 10 lines
10-15 23:52:53.643  6343  6427 D ScanRecord: Not a Multi Manu data
10-15 23:52:53.643  3957  4129 D WifiStateMachine:  L2ConnectedState !RSSI_PKTCNT_FETCH uid=1000 rt=408762791/1069161018 0 0 "ourhome" f4:6d:2f:12:cc:88 rssi=-43 f=5240 sc=60 link=433 tx=6.4, 0.0, 0.0  rx=6.4 bcn=110974 [on:0 tx:0 rx:0 period:3] from screen [on:359291 period:2637775] score=60
10-15 23:52:53.643  6343  6427 D ScanRecord: Not a Multi Manu data
10-15 23:52:53.643  6343  6427 D ScanRecord: Not a Multi Manu data
10-15 23:52:53.646  3957  4129 D WifiStateMachine: fetchRssiLinkSpeedAndFrequencyNative rssi=-43 linkspeed=433 freq=5240
10-15 23:52:53.647  6343  6427 D ScanRecord: Not a Multi Manu data
10-15 23:52:53.736  6343  6427 I chatty  : uid=1002(bluetooth) BT Service Call identical 129 lines
10-15 23:52:53.738  6343  6427 D ScanRecord: Not a Multi Manu data
10-15 23:52:53.739 14112 14418 I BatteryMgr:DataCollectionService: stats => 1697406773739,146,4314,145,0,100
10-15 23:52:53.739  6343  6427 D ScanRecord: Not a Multi Manu data
10-15 23:52:53.845  6343  6427 I chatty  : uid=1002(bluetooth) BT Service Call identical 257 lines
10-15 23:52:53.845  6343  6427 D ScanRecord: Not a Multi Manu data
10-15 23:52:53.847 14112 14418 I BatteryMgr:DataCollectionService: stats => 1697406773847,146,4314,145,0,100
10-15 23:52:53.852  6343  6427 D ScanRecord: Not a Multi Manu data
10-15 23:52:53.929  6343  6427 I chatty  : uid=1002(bluetooth) BT Service Call identical 245 lines
10-15 23:52:53.930  6343  6427 D ScanRecord: Not a Multi Manu data
10-15 23:52:53.956 14112 14418 I BatteryMgr:DataCollectionService: stats => 1697406773956,146,4314,145,0,100
10-15 23:52:54.065 14112 14418 I BatteryMgr:DataCollectionService: stats => 1697406774065,146,4314,145,0,100
10-15 23:52:54.174 14112 14418 I BatteryMgr:DataCollectionService: stats => 1697406774174,146,4314,145,0,100
10-15 23:52:54.182  4961  4961 D io_stats: !@ 179,0 r 5851740 183414620 w 1324697 28602352 d 105532 31857888 f 303073 320044 iot 2560724 2257216 th 51200 0 0 pt 0 inp 0 0 408763.331
10-15 23:52:54.244  3957  4416 E Watchdog: !@Sync 13620 [2023-10-15 23:52:54.243]
10-15 23:52:54.283 14112 14418 I BatteryMgr:DataCollectionService: stats => 1697406774283,146,4314,145,0,100
10-15 23:52:54.310  3957  4129 D WifiStateMachine:  ConnectedState !CMD_RSSI_POLL rt=408763458/1069161686 54 0 "ourhome" f4:6d:2f:12:cc:88 rssi=-43 f=5240 sc=60 link=433 tx=6.4, 0.0, 0.0  rx=6.4 bcn=110974 [on:0 tx:0 rx:0 period:667] from screen [on:359291 period:2638442] score=60
10-15 23:52:54.312  3957  4129 D WifiStateMachine:  L2ConnectedState !CMD_RSSI_POLL rt=408763461/1069161688 54 0 "ourhome" f4:6d:2f:12:cc:88 rssi=-43 f=5240 sc=60 link=433 tx=6.4, 0.0, 0.0  rx=6.4 bcn=110974 [on:0 tx:0 rx:0 period:3] from screen [on:359291 period:2638445] score=60
10-15 23:52:54.312  3957  4129 D WifiStateMachine:  get link layer stats 3
10-15 23:52:54.313  3436  3436 I android.hardware.wifi@1.0-service: getLinkLayerStats
10-15 23:52:54.337  3957  4129 D WifiStateMachine: fetchRssiLinkSpeedAndFrequencyNative rssi=-43 linkspeed=433 freq=5240
10-15 23:52:54.341  4340  4340 E SignalClusterView: setSlotFocusVisible : subId -2
10-15 23:52:54.341  4340  4340 E SignalClusterView: setSlotFocusVisible : subId -2
10-15 23:52:54.388 14112 14418 I BatteryMgr:DataCollectionService: stats => 1697406774388,146,4314,145,0,100
10-15 23:52:54.501 14112 14418 I BatteryMgr:DataCollectionService: stats => 1697406774501,146,4314,145,0,100
10-15 23:52:54.604  3957  4128 D WifiService: getConnectionInfo uid=1000
10-15 23:52:54.609 14112 14418 I BatteryMgr:DataCollectionService: stats => 1697406774609,146,4314,145,0,100
10-15 23:52:54.642  3957  4129 D WifiStateMachine:  ConnectedState !RSSI_PKTCNT_FETCH uid=1000 rt=408763789/1069162016 0 0 "ourhome" f4:6d:2f:12:cc:88 rssi=-43 f=5240 sc=60 link=433 tx=2.3, 0.0, 0.0  rx=2.3 bcn=111003 [on:0 tx:0 rx:0 period:302] from screen [on:359379 period:2638775] score=60
10-15 23:52:54.644  3957  4129 D WifiStateMachine:  L2ConnectedState !RSSI_PKTCNT_FETCH uid=1000 rt=408763793/1069162021 0 0 "ourhome" f4:6d:2f:12:cc:88 rssi=-43 f=5240 sc=60 link=433 tx=2.3, 0.0, 0.0  rx=2.3 bcn=111003 [on:0 tx:0 rx:0 period:2] from screen [on:359379 period:2638777] score=60
10-15 23:52:54.651  3957  4129 D WifiStateMachine: fetchRssiLinkSpeedAndFrequencyNative rssi=-43 linkspeed=433 freq=5240
10-15 23:52:54.719 14112 14418 I BatteryMgr:DataCollectionService: stats => 1697406774719,146,4314,145,0,100
10-15 23:52:54.827 14112 14418 I BatteryMgr:DataCollectionService: stats => 1697406774827,146,4314,145,0,100
10-15 23:52:54.937 14112 14418 I BatteryMgr:DataCollectionService: stats => 1697406774937,146,4314,145,0,100
10-15 23:52:55.044 14112 14418 I BatteryMgr:DataCollectionService: stats => 1697406775044,146,4314,145,0,100
10-15 23:52:55.153 14112 14418 I BatteryMgr:DataCollectionService: stats => 1697406775153,146,4314,145,0,100
10-15 23:52:55.262 14112 14418 I BatteryMgr:DataCollectionService: stats => 1697406775262,146,4314,145,0,100
10-15 23:52:55.372 14112 14418 I BatteryMgr:DataCollectionService: stats => 1697406775372,146,4314,145,0,100
10-15 23:52:55.481 14112 14418 I BatteryMgr:DataCollectionService: stats => 1697406775481,146,4314,145,0,100
10-15 23:52:55.590 14112 14418 I BatteryMgr:DataCollectionService: stats => 1697406775590,146,4314,145,0,100
10-15 23:52:55.606  3957  4128 D WifiService: getConnectionInfo uid=1000
10-15 23:52:55.642  3957  4129 D WifiStateMachine:  ConnectedState !RSSI_PKTCNT_FETCH uid=1000 rt=408764791/1069163019 0 0 "ourhome" f4:6d:2f:12:cc:88 rssi=-43 f=5240 sc=60 link=433 tx=2.3, 0.0, 0.0  rx=2.3 bcn=111003 [on:0 tx:0 rx:0 period:998] from screen [on:359379 period:2639775] score=60
10-15 23:52:55.645  3957  4129 D WifiStateMachine:  L2ConnectedState !RSSI_PKTCNT_FETCH uid=1000 rt=408764793/1069163021 0 0 "ourhome" f4:6d:2f:12:cc:88 rssi=-43 f=5240 sc=60 link=433 tx=2.3, 0.0, 0.0  rx=2.3 bcn=111003 [on:0 tx:0 rx:0 period:2] from screen [on:359379 period:2639777] score=60
10-15 23:52:55.652  3957  4129 D WifiStateMachine: fetchRssiLinkSpeedAndFrequencyNative rssi=-43 linkspeed=433 freq=5240
10-15 23:52:55.702 14112 14418 I BatteryMgr:DataCollectionService: stats => 1697406775702,146,4314,145,0,100
10-15 23:52:55.810 14112 14418 I BatteryMgr:DataCollectionService: stats => 1697406775810,146,4314,145,0,100
10-15 23:52:55.918 14112 14418 I BatteryMgr:DataCollectionService: stats => 1697406775918,146,4314,145,0,100
10-15 23:52:56.027 14112 14418 I BatteryMgr:DataCollectionService: stats => 1697406776027,146,4314,145,0,100
10-15 23:52:56.059  3957  4030 D SensorService: [SO] 0.091 -0.057 9.979
10-15 23:52:56.132 14112 14418 I BatteryMgr:DataCollectionService: stats => 1697406776132,146,4314,145,0,100
10-15 23:52:56.242 14112 14418 I BatteryMgr:DataCollectionService: stats => 1697406776241,146,4314,145,0,100
10-15 23:52:56.350 14112 14418 I BatteryMgr:DataCollectionService: stats => 1697406776350,146,4314,145,0,100
10-15 23:52:56.459 14112 14418 I BatteryMgr:DataCollectionService: stats => 1697406776459,146,4314,145,0,100
10-15 23:52:56.569 14112 14418 I BatteryMgr:DataCollectionService: stats => 1697406776569,146,4314,145,0,100
10-15 23:52:56.608  3957  4128 D WifiService: getConnectionInfo uid=1000
10-15 23:52:56.644  3957  4129 D WifiStateMachine:  ConnectedState !RSSI_PKTCNT_FETCH uid=1000 rt=408765793/1069164020 0 0 "ourhome" f4:6d:2f:12:cc:88 rssi=-43 f=5240 sc=60 link=433 tx=2.3, 0.0, 0.0  rx=2.3 bcn=111003 [on:0 tx:0 rx:0 period:1000] from screen [on:359379 period:2640777] score=60
10-15 23:52:56.646  3957  4129 D WifiStateMachine:  L2ConnectedState !RSSI_PKTCNT_FETCH uid=1000 rt=408765795/1069164023 0 0 "ourhome" f4:6d:2f:12:cc:88 rssi=-43 f=5240 sc=60 link=433 tx=2.3, 0.0, 0.0  rx=2.3 bcn=111003 [on:0 tx:0 rx:0 period:2] from screen [on:359379 period:2640779] score=60
10-15 23:52:56.654  3957  4129 D WifiStateMachine: fetchRssiLinkSpeedAndFrequencyNative rssi=-43 linkspeed=433 freq=5240
10-15 23:52:56.674 14112 14418 I BatteryMgr:DataCollectionService: stats => 1697406776673,146,4314,145,0,100
10-15 23:52:56.784 14112 14418 I BatteryMgr:DataCollectionService: stats => 1697406776784,146,4314,145,0,100
10-15 23:52:56.897 14112 14418 I BatteryMgr:DataCollectionService: stats => 1697406776897,146,4314,145,0,100
10-15 23:52:57.007 14112 14418 I BatteryMgr:DataCollectionService: stats => 1697406777007,146,4314,145,0,100
10-15 23:52:57.118 14112 14418 I BatteryMgr:DataCollectionService: stats => 1697406777118,146,4314,145,0,100
10-15 23:52:57.231 14112 14418 I BatteryMgr:DataCollectionService: stats => 1697406777231,146,4314,145,0,100
10-15 23:52:57.340 14112 14418 I BatteryMgr:DataCollectionService: stats => 1697406777340,146,4314,145,0,100
10-15 23:52:57.341  3957  4129 D WifiStateMachine:  ConnectedState !CMD_RSSI_POLL rt=408766490/1069164718 54 0 "ourhome" f4:6d:2f:12:cc:88 rssi=-43 f=5240 sc=60 link=433 tx=2.3, 0.0, 0.0  rx=2.3 bcn=111003 [on:0 tx:0 rx:0 period:695] from screen [on:359379 period:2641474] score=60
10-15 23:52:57.343  3957  4129 D WifiStateMachine:  L2ConnectedState !CMD_RSSI_POLL rt=408766492/1069164720 54 0 "ourhome" f4:6d:2f:12:cc:88 rssi=-43 f=5240 sc=60 link=433 tx=2.3, 0.0, 0.0  rx=2.3 bcn=111003 [on:0 tx:0 rx:0 period:2] from screen [on:359379 period:2641476] score=60
10-15 23:52:57.344  3957  4129 D WifiStateMachine:  get link layer stats 3
10-15 23:52:57.344  3436  3436 I android.hardware.wifi@1.0-service: getLinkLayerStats
10-15 23:52:57.361  3957  4129 D WifiStateMachine: fetchRssiLinkSpeedAndFrequencyNative rssi=-44 linkspeed=433 freq=5240
10-15 23:52:57.367  4340  4340 E SignalClusterView: setSlotFocusVisible : subId -2
10-15 23:52:57.367  4340  4340 E SignalClusterView: setSlotFocusVisible : subId -2
10-15 23:52:57.455 14112 14418 I BatteryMgr:DataCollectionService: stats => 1697406777455,146,4314,145,0,100
10-15 23:52:57.565 14112 14418 I BatteryMgr:DataCollectionService: stats => 1697406777565,146,4314,145,0,100
10-15 23:52:57.611  3957  4128 D WifiService: getConnectionInfo uid=1000
10-15 23:52:57.645  3957  4129 D WifiStateMachine:  ConnectedState !RSSI_PKTCNT_FETCH uid=1000 rt=408766793/1069165021 0 0 "ourhome" f4:6d:2f:12:cc:88 rssi=-44 f=5240 sc=60 link=433 tx=2.8, 0.0, 0.0  rx=5.9 bcn=111031 [on:0 tx:0 rx:0 period:278] from screen [on:360021 period:2641777] score=60
10-15 23:52:57.648  3957  4129 D WifiStateMachine:  L2ConnectedState !RSSI_PKTCNT_FETCH uid=1000 rt=408766796/1069165024 0 0 "ourhome" f4:6d:2f:12:cc:88 rssi=-44 f=5240 sc=60 link=433 tx=2.8, 0.0, 0.0  rx=5.9 bcn=111031 [on:0 tx:0 rx:0 period:3] from screen [on:360021 period:2641780] score=60
10-15 23:52:57.654  3957  4129 D WifiStateMachine: fetchRssiLinkSpeedAndFrequencyNative rssi=-43 linkspeed=433 freq=5240
10-15 23:52:57.674 14112 14418 I BatteryMgr:DataCollectionService: stats => 1697406777674,146,4314,145,0,100
10-15 23:52:57.781 14112 14418 I BatteryMgr:DataCollectionService: stats => 1697406777781,146,4314,145,0,100
10-15 23:52:57.899 14112 14418 I BatteryMgr:DataCollectionService: stats => 1697406777899,146,4314,145,0,100
10-15 23:52:58.013 14112 14418 I BatteryMgr:DataCollectionService: stats => 1697406778012,146,4314,145,0,100
10-15 23:52:58.121 14112 14418 I BatteryMgr:DataCollectionService: stats => 1697406778121,146,4314,145,0,100
10-15 23:52:58.230 14112 14418 I BatteryMgr:DataCollectionService: stats => 1697406778229,146,4314,145,0,100
10-15 23:52:58.340 14112 14418 I BatteryMgr:DataCollectionService: stats => 1697406778340,146,4314,145,0,100
10-15 23:52:58.435  6343  6427 D ScanRecord: Not a Multi Manu data
10-15 23:52:58.447  6343  6427 I chatty  : uid=1002(bluetooth) BT Service Call identical 24 lines
10-15 23:52:58.447  6343  6427 D ScanRecord: Not a Multi Manu data
10-15 23:52:58.450 14112 14418 I BatteryMgr:DataCollectionService: stats => 1697406778450,146,4314,145,0,100
10-15 23:52:58.456  6343  6427 D ScanRecord: Not a Multi Manu data
10-15 23:52:58.560  6343  6427 I chatty  : uid=1002(bluetooth) BT Service Call identical 167 lines
10-15 23:52:58.560  6343  6427 D ScanRecord: Not a Multi Manu data
10-15 23:52:58.562 14112 14418 I BatteryMgr:DataCollectionService: stats => 1697406778562,146,4314,145,0,100
10-15 23:52:58.565  6343  6427 D ScanRecord: Not a Multi Manu data
10-15 23:52:58.605  6343  6427 I chatty  : uid=1002(bluetooth) BT Service Call identical 102 lines
10-15 23:52:58.606  6343  6427 D ScanRecord: Not a Multi Manu data
10-15 23:52:58.614  3957  4128 D WifiService: getConnectionInfo uid=1000
10-15 23:52:58.615  6343  6427 D ScanRecord: Not a Multi Manu data
10-15 23:52:58.643  6343  6427 I chatty  : uid=1002(bluetooth) BT Service Call identical 76 lines
10-15 23:52:58.643  6343  6427 D ScanRecord: Not a Multi Manu data
10-15 23:52:58.646  3957  4129 D WifiStateMachine:  ConnectedState !RSSI_PKTCNT_FETCH uid=1000 rt=408767794/1069166022 0 0 "ourhome" f4:6d:2f:12:cc:88 rssi=-43 f=5240 sc=60 link=433 tx=2.8, 0.0, 0.0  rx=5.9 bcn=111031 [on:0 tx:0 rx:0 period:999] from screen [on:360021 period:2642779] score=60
10-15 23:52:58.648  6343  6427 D ScanRecord: Not a Multi Manu data
10-15 23:52:58.648  3957  4129 D WifiStateMachine:  L2ConnectedState !RSSI_PKTCNT_FETCH uid=1000 rt=408767797/1069166025 0 0 "ourhome" f4:6d:2f:12:cc:88 rssi=-43 f=5240 sc=60 link=433 tx=2.8, 0.0, 0.0  rx=5.9 bcn=111031 [on:0 tx:0 rx:0 period:2] from screen [on:360021 period:2642781] score=60
10-15 23:52:58.648  6343  6427 I chatty  : uid=1002(bluetooth) BT Service Call expire 3 lines
10-15 23:52:58.648  6343  6427 D ScanRecord: Not a Multi Manu data
10-15 23:52:58.648  6343  6427 D ScanRecord: Not a Multi Manu data
10-15 23:52:58.649  6343  6427 I chatty  : uid=1002(bluetooth) BT Service Call identical 6 lines
10-15 23:52:58.649  6343  6427 D ScanRecord: Not a Multi Manu data
10-15 23:52:58.650  3957  4129 D WifiStateMachine: fetchRssiLinkSpeedAndFrequencyNative rssi=-44 linkspeed=433 freq=5240
10-15 23:52:58.661  6343  6427 D ScanRecord: Not a Multi Manu data
10-15 23:52:58.677  6343  6427 I chatty  : uid=1002(bluetooth) BT Service Call identical 35 lines
10-15 23:52:58.677  6343  6427 D ScanRecord: Not a Multi Manu data
10-15 23:52:58.679 14112 14418 I BatteryMgr:DataCollectionService: stats => 1697406778678,146,4314,145,0,100
10-15 23:52:58.679  6343  6427 D ScanRecord: Not a Multi Manu data
10-15 23:52:58.784  6343  6427 I chatty  : uid=1002(bluetooth) BT Service Call identical 195 lines
10-15 23:52:58.784  6343  6427 D ScanRecord: Not a Multi Manu data
10-15 23:52:58.785 14112 14418 I BatteryMgr:DataCollectionService: stats => 1697406778785,146,4314,145,0,100
10-15 23:52:58.791  6343  6427 D ScanRecord: Not a Multi Manu data
10-15 23:52:58.892  6343  6427 I chatty  : uid=1002(bluetooth) BT Service Call identical 228 lines
