10-15 23:23:22.136  3957  4129 D WifiStateMachine:  L2ConnectedState !RSSI_PKTCNT_FETCH uid=1000 rt=406991285/1067389513 0 0 "ourhome" f4:6d:2f:12:cc:88 rssi=-43 f=5240 sc=60 link=433 tx=37.8, 4.7, 0.0  rx=61.5 bcn=94932 [on:0 tx:0 rx:0 period:1] from screen [on:118579 period:866268] score=60
10-15 23:23:22.137  3957  4129 D WifiStateMachine: fetchRssiLinkSpeedAndFrequencyNative rssi=-42 linkspeed=433 freq=5240
10-15 23:23:22.155 11321 11618 I BatteryMgr:DataCollectionService: stats => 1697405002155,-305,4314,-438,0,100
10-15 23:23:22.263 11321 11618 I BatteryMgr:DataCollectionService: stats => 1697405002262,-305,4314,-438,0,100
10-15 23:23:22.373 11321 11618 I BatteryMgr:DataCollectionService: stats => 1697405002373,-305,4314,-438,0,100
10-15 23:23:22.489 11321 11618 I BatteryMgr:DataCollectionService: stats => 1697405002488,-305,4314,-438,0,100
10-15 23:23:22.604 11321 11618 I BatteryMgr:DataCollectionService: stats => 1697405002604,-305,4314,-438,0,100
10-15 23:23:22.727 11321 11618 I BatteryMgr:DataCollectionService: stats => 1697405002727,-305,4314,-438,0,100
10-15 23:23:22.762  3957  4128 D WifiService: getConnectionInfo uid=1000
10-15 23:23:22.839 11321 11618 I BatteryMgr:DataCollectionService: stats => 1697405002839,-305,4314,-438,0,100
10-15 23:23:22.869  4961  4961 D io_stats: !@ 179,0 r 5774423 180681712 w 1316585 28451984 d 104720 31794184 f 302138 318993 iot 2524752 2226796 th 51200 0 0 pt 0 inp 0 0 406992.019
10-15 23:23:22.955 11321 11618 I BatteryMgr:DataCollectionService: stats => 1697405002955,-305,4314,-438,0,100
10-15 23:23:23.071 11321 11618 I BatteryMgr:DataCollectionService: stats => 1697405003070,-305,4314,-438,0,100
10-15 23:23:23.136  3957  4129 D WifiStateMachine:  ConnectedState !RSSI_PKTCNT_FETCH uid=1000 rt=406992285/1067390512 0 0 "ourhome" f4:6d:2f:12:cc:88 rssi=-42 f=5240 sc=60 link=433 tx=37.8, 4.7, 0.0  rx=61.5 bcn=94932 [on:0 tx:0 rx:0 period:1001] from screen [on:118579 period:867269] score=60
10-15 23:23:23.138  3957  4129 D WifiStateMachine:  L2ConnectedState !RSSI_PKTCNT_FETCH uid=1000 rt=406992287/1067390515 0 0 "ourhome" f4:6d:2f:12:cc:88 rssi=-42 f=5240 sc=60 link=433 tx=37.8, 4.7, 0.0  rx=61.5 bcn=94932 [on:0 tx:0 rx:0 period:2] from screen [on:118579 period:867271] score=60
10-15 23:23:23.140  3957  4129 D WifiStateMachine: fetchRssiLinkSpeedAndFrequencyNative rssi=-43 linkspeed=433 freq=5240
10-15 23:23:23.186 11321 11618 I BatteryMgr:DataCollectionService: stats => 1697405003186,-305,4314,-438,0,100
10-15 23:23:23.260  4340  4731 D NetworkController.MobileSignalController(0/-2): onSignalStrengthsChanged signalStrength=SignalStrength: 27 99 -27 -200 -27 -200 -1 99 2147483647 2147483647 2147483647 2147483647 0 2147483647 0x4 P gsm|lte level=4
10-15 23:23:23.268  4340  4731 D NetworkController.MobileSignalController(0/-2): getMobileIconGroup(): 0
10-15 23:23:23.302 11321 11618 I BatteryMgr:DataCollectionService: stats => 1697405003302,-305,4314,-438,0,100
10-15 23:23:23.330  3957  4129 D WifiStateMachine:  ConnectedState !CMD_RSSI_POLL rt=406992480/1067390708 54 0 "ourhome" f4:6d:2f:12:cc:88 rssi=-43 f=5240 sc=60 link=433 tx=37.8, 4.7, 0.0  rx=61.5 bcn=94932 [on:0 tx:0 rx:0 period:192] from screen [on:118579 period:867463] score=60
10-15 23:23:23.335  3957  4129 D WifiStateMachine:  L2ConnectedState !CMD_RSSI_POLL rt=406992481/1067390709 54 0 "ourhome" f4:6d:2f:12:cc:88 rssi=-43 f=5240 sc=60 link=433 tx=37.8, 4.7, 0.0  rx=61.5 bcn=94932 [on:0 tx:0 rx:0 period:4] from screen [on:118579 period:867467] score=60
10-15 23:23:23.335  3957  4129 D WifiStateMachine:  get link layer stats 3
10-15 23:23:23.336  3436  3436 I android.hardware.wifi@1.0-service: getLinkLayerStats
10-15 23:23:23.346  3957  4129 D WifiStateMachine: fetchRssiLinkSpeedAndFrequencyNative rssi=-42 linkspeed=433 freq=5240
10-15 23:23:23.350  4340  4340 E SignalClusterView: setSlotFocusVisible : subId -2
10-15 23:23:23.350  4340  4340 E SignalClusterView: setSlotFocusVisible : subId -2
10-15 23:23:23.411  6343  6427 D ScanRecord: Not a Multi Manu data
10-15 23:23:23.415  6343  6427 I chatty  : uid=1002(bluetooth) BT Service Call identical 24 lines
10-15 23:23:23.415  6343  6427 D ScanRecord: Not a Multi Manu data
10-15 23:23:23.423 11321 11618 I BatteryMgr:DataCollectionService: stats => 1697405003423,-305,4314,-438,0,100
10-15 23:23:23.431  6343  6427 D ScanRecord: Not a Multi Manu data
10-15 23:23:23.538  6343  6427 I chatty  : uid=1002(bluetooth) BT Service Call identical 221 lines
10-15 23:23:23.538 11321 11618 I BatteryMgr:DataCollectionService: stats => 1697405003538,-305,4314,-438,0,100
10-15 23:23:23.538  6343  6427 D ScanRecord: Not a Multi Manu data
10-15 23:23:23.538  6343  6427 D ScanRecord: Not a Multi Manu data
10-15 23:23:23.652  6343  6427 I chatty  : uid=1002(bluetooth) BT Service Call identical 282 lines
10-15 23:23:23.652  6343  6427 D ScanRecord: Not a Multi Manu data
10-15 23:23:23.654 11321 11618 I BatteryMgr:DataCollectionService: stats => 1697405003653,-305,4314,-438,0,100
10-15 23:23:23.675  6343  6427 D ScanRecord: Not a Multi Manu data
10-15 23:23:23.676  6343  6427 I chatty  : uid=1002(bluetooth) BT Service Call identical 11 lines
10-15 23:23:23.676  6343  6427 D ScanRecord: Not a Multi Manu data
10-15 23:23:23.678  6343  6427 D ScanRecord: same manuId data exists, combine both data and store
10-15 23:23:23.678  6343  6427 D ScanRecord: It's a Multi Manu data
10-15 23:23:23.679  6343  6427 I chatty  : uid=1002(bluetooth) BT Service Call identical 9 lines
10-15 23:23:23.679  6343  6427 D ScanRecord: It's a Multi Manu data
10-15 23:23:23.679  6343  6427 D ScanRecord: same manuId data exists, combine both data and store
10-15 23:23:23.679  6343  6427 D ScanRecord: same manuId data exists, combine both data and store
10-15 23:23:23.679  6343  6427 D ScanRecord: It's a Multi Manu data
10-15 23:23:23.679  6343  6427 D ScanFilter: manu data matches
10-15 23:23:23.679  6343  6427 D BtGatt.GattService: onScanResult to scannerId: 6- event_type=0x1b, address_type=1, address=FE:D, primary_phy=1, secondary_phy=0, advertising_sid=0xff, tx_power=127, rssi=-88, periodic_adv_int=0x0
10-15 23:23:23.680  6120  6655 D ScanRecord: same manuId data exists, combine both data and store
10-15 23:23:23.684  6343  6427 D ScanRecord: Not a Multi Manu data
10-15 23:23:23.758  6343  6427 I chatty  : uid=1002(bluetooth) BT Service Call identical 154 lines
10-15 23:23:23.758  6343  6427 D ScanRecord: Not a Multi Manu data
10-15 23:23:23.764  3957  4128 D WifiService: getConnectionInfo uid=1000
10-15 23:23:23.765  6343  6427 D ScanRecord: Not a Multi Manu data
10-15 23:23:23.770  6343  6427 I chatty  : uid=1002(bluetooth) BT Service Call identical 24 lines
10-15 23:23:23.771  6343  6427 D ScanRecord: Not a Multi Manu data
10-15 23:23:23.771 11321 11618 I BatteryMgr:DataCollectionService: stats => 1697405003770,-305,4314,-438,0,100
10-15 23:23:23.773  6343  6427 D ScanRecord: Not a Multi Manu data
10-15 23:23:23.823  3957  4416 E Watchdog: !@Sync 13561 [2023-10-15 23:23:23.809]
10-15 23:23:23.880  6343  6427 I chatty  : uid=1002(bluetooth) BT Service Call identical 271 lines
10-15 23:23:23.880  6343  6427 D ScanRecord: Not a Multi Manu data
10-15 23:23:23.882 11321 11618 I BatteryMgr:DataCollectionService: stats => 1697405003882,-305,4314,-438,0,100
10-15 23:23:23.883  6343  6427 D ScanRecord: Not a Multi Manu data
10-15 23:23:23.891  6343  6427 I chatty  : uid=1002(bluetooth) BT Service Call identical 37 lines
10-15 23:23:23.891  6343  6427 D ScanRecord: Not a Multi Manu data
10-15 23:23:23.998 11321 11618 I BatteryMgr:DataCollectionService: stats => 1697405003997,-305,4314,-438,0,100
10-15 23:23:24.111 11321 11618 I BatteryMgr:DataCollectionService: stats => 1697405004111,-305,4314,-438,0,100
10-15 23:23:24.139  3957  4129 D WifiStateMachine:  ConnectedState !RSSI_PKTCNT_FETCH uid=1000 rt=406993286/1067391513 0 0 "ourhome" f4:6d:2f:12:cc:88 rssi=-42 f=5240 sc=60 link=433 tx=16.3, 1.7, 0.0  rx=25.0 bcn=94959 [on:0 tx:0 rx:0 period:790] from screen [on:119623 period:868272] score=60
10-15 23:23:24.140  3957  4129 D WifiStateMachine:  L2ConnectedState !RSSI_PKTCNT_FETCH uid=1000 rt=406993290/1067391518 0 0 "ourhome" f4:6d:2f:12:cc:88 rssi=-42 f=5240 sc=60 link=433 tx=16.3, 1.7, 0.0  rx=25.0 bcn=94959 [on:0 tx:0 rx:0 period:1] from screen [on:119623 period:868273] score=60
10-15 23:23:24.147  3957  4129 D WifiStateMachine: fetchRssiLinkSpeedAndFrequencyNative rssi=-43 linkspeed=433 freq=5240
10-15 23:23:24.227 11321 11618 I BatteryMgr:DataCollectionService: stats => 1697405004227,-305,4314,-438,0,100
10-15 23:23:24.338 11321 11618 I BatteryMgr:DataCollectionService: stats => 1697405004338,-305,4314,-438,0,100
10-15 23:23:24.455 11321 11618 I BatteryMgr:DataCollectionService: stats => 1697405004455,-305,4314,-438,0,100
10-15 23:23:24.566 11321 11618 I BatteryMgr:DataCollectionService: stats => 1697405004566,-305,4314,-438,0,100
10-15 23:23:24.681 11321 11618 I BatteryMgr:DataCollectionService: stats => 1697405004681,-305,4314,-438,0,100
10-15 23:23:24.768  3957  4128 D WifiService: getConnectionInfo uid=1000
10-15 23:23:24.798 11321 11618 I BatteryMgr:DataCollectionService: stats => 1697405004798,-305,4314,-438,0,100
10-15 23:23:24.915 11321 11618 I BatteryMgr:DataCollectionService: stats => 1697405004915,-305,4314,-438,0,100
10-15 23:23:25.028 11321 11618 I BatteryMgr:DataCollectionService: stats => 1697405005028,-305,4314,-438,0,100
10-15 23:23:25.139  3957  4129 D WifiStateMachine:  ConnectedState !RSSI_PKTCNT_FETCH uid=1000 rt=406994287/1067392515 0 0 "ourhome" f4:6d:2f:12:cc:88 rssi=-43 f=5240 sc=60 link=433 tx=16.3, 1.7, 0.0  rx=25.0 bcn=94959 [on:0 tx:0 rx:0 period:998] from screen [on:119623 period:869271] score=60
10-15 23:23:25.140  3957  4129 D WifiStateMachine:  L2ConnectedState !RSSI_PKTCNT_FETCH uid=1000 rt=406994290/1067392517 0 0 "ourhome" f4:6d:2f:12:cc:88 rssi=-43 f=5240 sc=60 link=433 tx=16.3, 1.7, 0.0  rx=25.0 bcn=94959 [on:0 tx:0 rx:0 period:2] from screen [on:119623 period:869273] score=60
10-15 23:23:25.141 11321 11618 I BatteryMgr:DataCollectionService: stats => 1697405005141,-305,4314,-438,0,100
10-15 23:23:25.147  3957  4129 D WifiStateMachine: fetchRssiLinkSpeedAndFrequencyNative rssi=-42 linkspeed=433 freq=5240
10-15 23:23:25.258 11321 11618 I BatteryMgr:DataCollectionService: stats => 1697405005258,-305,4314,-438,0,100
10-15 23:23:25.375 11321 11618 I BatteryMgr:DataCollectionService: stats => 1697405005375,-305,4314,-438,0,100
10-15 23:23:25.482 11321 11618 I BatteryMgr:DataCollectionService: stats => 1697405005482,-305,4314,-438,0,100
10-15 23:23:25.595 11321 11618 I BatteryMgr:DataCollectionService: stats => 1697405005595,-305,4314,-438,0,100
10-15 23:23:25.709 11321 11618 I BatteryMgr:DataCollectionService: stats => 1697405005709,-305,4314,-438,0,100
10-15 23:23:25.770  3957  4128 D WifiService: getConnectionInfo uid=1000
10-15 23:23:25.824 11321 11618 I BatteryMgr:DataCollectionService: stats => 1697405005823,-305,4314,-438,0,100
10-15 23:23:25.937 11321 11618 I BatteryMgr:DataCollectionService: stats => 1697405005937,-305,4314,-438,0,100
10-15 23:23:26.051 11321 11618 I BatteryMgr:DataCollectionService: stats => 1697405006050,-305,4314,-438,0,100
10-15 23:23:26.053  3957  4030 D SensorService: [SO] 0.081 -0.096 9.950
10-15 23:23:26.139  3957  4129 D WifiStateMachine:  ConnectedState !RSSI_PKTCNT_FETCH uid=1000 rt=406995288/1067393516 0 0 "ourhome" f4:6d:2f:12:cc:88 rssi=-42 f=5240 sc=60 link=433 tx=16.3, 1.7, 0.0  rx=25.0 bcn=94959 [on:0 tx:0 rx:0 period:999] from screen [on:119623 period:870272] score=60
10-15 23:23:26.141  3957  4129 D WifiStateMachine:  L2ConnectedState !RSSI_PKTCNT_FETCH uid=1000 rt=406995290/1067393518 0 0 "ourhome" f4:6d:2f:12:cc:88 rssi=-42 f=5240 sc=60 link=433 tx=16.3, 1.7, 0.0  rx=25.0 bcn=94959 [on:0 tx:0 rx:0 period:1] from screen [on:119623 period:870273] score=60
10-15 23:23:26.148  3957  4129 D WifiStateMachine: fetchRssiLinkSpeedAndFrequencyNative rssi=-43 linkspeed=433 freq=5240
10-15 23:23:26.164 11321 11618 I BatteryMgr:DataCollectionService: stats => 1697405006164,-305,4314,-438,0,100
10-15 23:23:26.278 11321 11618 I BatteryMgr:DataCollectionService: stats => 1697405006278,-305,4314,-438,0,100
10-15 23:23:26.348  3957  4129 D WifiStateMachine:  ConnectedState !CMD_RSSI_POLL rt=406995498/1067393725 54 0 "ourhome" f4:6d:2f:12:cc:88 rssi=-43 f=5240 sc=60 link=433 tx=16.3, 1.7, 0.0  rx=25.0 bcn=94959 [on:0 tx:0 rx:0 period:208] from screen [on:119623 period:870481] score=60
10-15 23:23:26.349  3957  4129 D WifiStateMachine:  L2ConnectedState !CMD_RSSI_POLL rt=406995499/1067393727 54 0 "ourhome" f4:6d:2f:12:cc:88 rssi=-43 f=5240 sc=60 link=433 tx=16.3, 1.7, 0.0  rx=25.0 bcn=94959 [on:0 tx:0 rx:0 period:1] from screen [on:119623 period:870482] score=60
10-15 23:23:26.349  3957  4129 D WifiStateMachine:  get link layer stats 3
10-15 23:23:26.350  3436  3436 I android.hardware.wifi@1.0-service: getLinkLayerStats
10-15 23:23:26.368  3957  4129 D WifiStateMachine: fetchRssiLinkSpeedAndFrequencyNative rssi=-43 linkspeed=433 freq=5240
10-15 23:23:26.374  4340  4340 E SignalClusterView: setSlotFocusVisible : subId -2
10-15 23:23:26.374  4340  4340 E SignalClusterView: setSlotFocusVisible : subId -2
10-15 23:23:26.391 11321 11618 I BatteryMgr:DataCollectionService: stats => 1697405006391,-305,4314,-438,0,100
10-15 23:23:26.508 11321 11618 I BatteryMgr:DataCollectionService: stats => 1697405006508,-305,4314,-438,0,100
10-15 23:23:26.621 11321 11618 I BatteryMgr:DataCollectionService: stats => 1697405006621,-305,4314,-438,0,100
10-15 23:23:26.735 11321 11618 I BatteryMgr:DataCollectionService: stats => 1697405006735,-305,4314,-438,0,100
10-15 23:23:26.772  3957  4128 D WifiService: getConnectionInfo uid=1000
10-15 23:23:26.849 11321 11618 I BatteryMgr:DataCollectionService: stats => 1697405006848,-305,4314,-438,0,100
10-15 23:23:26.964 11321 11618 I BatteryMgr:DataCollectionService: stats => 1697405006964,-305,4314,-438,0,100
10-15 23:23:27.077 11321 11618 I BatteryMgr:DataCollectionService: stats => 1697405007077,-305,4314,-438,0,100
10-15 23:23:27.142  3957  4129 D WifiStateMachine:  ConnectedState !RSSI_PKTCNT_FETCH uid=1000 rt=406996291/1067394518 0 0 "ourhome" f4:6d:2f:12:cc:88 rssi=-43 f=5240 sc=60 link=433 tx=6.0, 0.6, 0.0  rx=9.1 bcn=94987 [on:0 tx:0 rx:0 period:769] from screen [on:119710 period:871275] score=60
10-15 23:23:27.145  3957  4129 D WifiStateMachine:  L2ConnectedState !RSSI_PKTCNT_FETCH uid=1000 rt=406996293/1067394520 0 0 "ourhome" f4:6d:2f:12:cc:88 rssi=-43 f=5240 sc=60 link=433 tx=6.0, 0.6, 0.0  rx=9.1 bcn=94987 [on:0 tx:0 rx:0 period:2] from screen [on:119710 period:871277] score=60
10-15 23:23:27.149  3957  4129 D WifiStateMachine: fetchRssiLinkSpeedAndFrequencyNative rssi=-42 linkspeed=433 freq=5240
10-15 23:23:27.191 11321 11618 I BatteryMgr:DataCollectionService: stats => 1697405007191,-305,4314,-438,0,100
10-15 23:23:27.304 11321 11618 I BatteryMgr:DataCollectionService: stats => 1697405007304,-305,4314,-438,0,100
10-15 23:23:27.425 11321 11618 I BatteryMgr:DataCollectionService: stats => 1697405007425,-305,4314,-438,0,100
10-15 23:23:27.542 11321 11618 I BatteryMgr:DataCollectionService: stats => 1697405007542,-305,4314,-438,0,100
10-15 23:23:27.658 11321 11618 I BatteryMgr:DataCollectionService: stats => 1697405007657,-305,4314,-438,0,100
10-15 23:23:27.772 11321 11618 I BatteryMgr:DataCollectionService: stats => 1697405007771,-305,4314,-438,0,100
10-15 23:23:27.775  3957  4128 D WifiService: getConnectionInfo uid=1000
10-15 23:23:27.872  4961  4961 D io_stats: !@ 179,0 r 5774661 180690408 w 1316700 28452772 d 104723 31794348 f 302139 318994 iot 2524896 2226910 th 51200 0 0 pt 0 inp 0 0 406997.022
10-15 23:23:27.893 11321 11618 I BatteryMgr:DataCollectionService: stats => 1697405007892,-305,4314,-438,0,100
10-15 23:23:28.009 11321 11618 I BatteryMgr:DataCollectionService: stats => 1697405008009,-305,4314,-438,0,100
10-15 23:23:28.124 11321 11618 I BatteryMgr:DataCollectionService: stats => 1697405008124,-305,4314,-438,0,100
10-15 23:23:28.144  3957  4129 D WifiStateMachine:  ConnectedState !RSSI_PKTCNT_FETCH uid=1000 rt=406997293/1067395520 0 0 "ourhome" f4:6d:2f:12:cc:88 rssi=-42 f=5240 sc=60 link=433 tx=6.0, 0.6, 0.0  rx=9.1 bcn=94987 [on:0 tx:0 rx:0 period:1000] from screen [on:119710 period:872277] score=60
10-15 23:23:28.147  3957  4129 D WifiStateMachine:  L2ConnectedState !RSSI_PKTCNT_FETCH uid=1000 rt=406997295/1067395523 0 0 "ourhome" f4:6d:2f:12:cc:88 rssi=-42 f=5240 sc=60 link=433 tx=6.0, 0.6, 0.0  rx=9.1 bcn=94987 [on:0 tx:0 rx:0 period:3] from screen [on:119710 period:872280] score=60
10-15 23:23:28.153  3957  4129 D WifiStateMachine: fetchRssiLinkSpeedAndFrequencyNative rssi=-42 linkspeed=433 freq=5240
10-15 23:23:28.238 11321 11618 I BatteryMgr:DataCollectionService: stats => 1697405008238,-305,4314,-438,0,100
10-15 23:23:28.351 11321 11618 I BatteryMgr:DataCollectionService: stats => 1697405008350,-305,4314,-438,0,100
10-15 23:23:28.416  6343  6427 D ScanRecord: Not a Multi Manu data
10-15 23:23:28.463  6343  6427 I chatty  : uid=1002(bluetooth) BT Service Call identical 89 lines
10-15 23:23:28.463  6343  6427 D ScanRecord: Not a Multi Manu data
10-15 23:23:28.465 11321 11618 I BatteryMgr:DataCollectionService: stats => 1697405008464,-305,4314,-438,0,100
10-15 23:23:28.470  6343  6427 D ScanRecord: Not a Multi Manu data
10-15 23:23:28.572  6343  6427 I chatty  : uid=1002(bluetooth) BT Service Call identical 206 lines
10-15 23:23:28.572  6343  6427 D ScanRecord: Not a Multi Manu data
10-15 23:23:28.580 11321 11618 I BatteryMgr:DataCollectionService: stats => 1697405008580,-305,4314,-438,0,100
10-15 23:23:28.581  3957  6478 D SSRM:k  : SIOP:: AP = 360, PST = 342 (W:22), BAT = 320, USB = 0, CHG = 0
10-15 23:23:28.584  6343  6427 D ScanRecord: Not a Multi Manu data
10-15 23:23:28.690  6343  6427 I chatty  : uid=1002(bluetooth) BT Service Call identical 284 lines
10-15 23:23:28.690  6343  6427 D ScanRecord: Not a Multi Manu data
10-15 23:23:28.692 11321 11618 I BatteryMgr:DataCollectionService: stats => 1697405008691,-305,4314,-438,0,100
10-15 23:23:28.700  6343  6427 D ScanRecord: Not a Multi Manu data
10-15 23:23:28.777  6343  6427 I chatty  : uid=1002(bluetooth) BT Service Call identical 230 lines
10-15 23:23:28.777  6343  6427 D ScanRecord: Not a Multi Manu data
10-15 23:23:28.778  3957  4128 D WifiService: getConnectionInfo uid=1000
10-15 23:23:28.779  6343  6427 D ScanRecord: Not a Multi Manu data
10-15 23:23:28.792  6343  6427 I chatty  : uid=1002(bluetooth) BT Service Call identical 91 lines
10-15 23:23:28.792  6343  6427 D ScanRecord: Not a Multi Manu data
10-15 23:23:28.807 11321 11618 I BatteryMgr:DataCollectionService: stats => 1697405008807,-305,4314,-438,0,100
10-15 23:23:28.814  6343  6427 D ScanRecord: Not a Multi Manu data
10-15 23:23:28.899  6343  6427 I chatty  : uid=1002(bluetooth) BT Service Call identical 141 lines
10-15 23:23:28.899  6343  6427 D ScanRecord: Not a Multi Manu data
10-15 23:23:28.922 11321 11618 I BatteryMgr:DataCollectionService: stats => 1697405008922,-305,4314,-438,0,100
10-15 23:23:29.036 11321 11618 I BatteryMgr:DataCollectionService: stats => 1697405009036,-305,4314,-438,0,100
10-15 23:23:29.146  3957  4129 D WifiStateMachine:  ConnectedState !RSSI_PKTCNT_FETCH uid=1000 rt=406998295/1067396523 0 0 "ourhome" f4:6d:2f:12:cc:88 rssi=-42 f=5240 sc=60 link=433 tx=6.0, 0.6, 0.0  rx=9.1 bcn=94987 [on:0 tx:0 rx:0 period:999] from screen [on:119710 period:873279] score=60
10-15 23:23:29.149  3957  4129 D WifiStateMachine:  L2ConnectedState !RSSI_PKTCNT_FETCH uid=1000 rt=406998297/1067396525 0 0 "ourhome" f4:6d:2f:12:cc:88 rssi=-42 f=5240 sc=60 link=433 tx=6.0, 0.6, 0.0  rx=9.1 bcn=94987 [on:0 tx:0 rx:0 period:3] from screen [on:119710 period:873282] score=60
10-15 23:23:29.153 11321 11618 I BatteryMgr:DataCollectionService: stats => 1697405009152,-305,4314,-438,0,100
10-15 23:23:29.156  3957  4129 D WifiStateMachine: fetchRssiLinkSpeedAndFrequencyNative rssi=-46 linkspeed=433 freq=5240
10-15 23:23:29.267 11321 11618 I BatteryMgr:DataCollectionService: stats => 1697405009267,-305,4314,-438,0,100
10-15 23:23:29.375  3957  4129 D WifiStateMachine:  ConnectedState !CMD_RSSI_POLL rt=406998521/1067396749 54 0 "ourhome" f4:6d:2f:12:cc:88 rssi=-46 f=5240 sc=60 link=433 tx=6.0, 0.6, 0.0  rx=9.1 bcn=94987 [on:0 tx:0 rx:0 period:226] from screen [on:119710 period:873508] score=60
10-15 23:23:29.377  3957  4129 D WifiStateMachine:  L2ConnectedState !CMD_RSSI_POLL rt=406998526/1067396754 54 0 "ourhome" f4:6d:2f:12:cc:88 rssi=-46 f=5240 sc=60 link=433 tx=6.0, 0.6, 0.0  rx=9.1 bcn=94987 [on:0 tx:0 rx:0 period:2] from screen [on:119710 period:873510] score=60
10-15 23:23:29.378  3957  4129 D WifiStateMachine:  get link layer stats 3
10-15 23:23:29.379  3436  3436 I android.hardware.wifi@1.0-service: getLinkLayerStats
10-15 23:23:29.382 11321 11618 I BatteryMgr:DataCollectionService: stats => 1697405009382,-305,4314,-438,0,100
10-15 23:23:29.388  3957  4129 D WifiStateMachine: fetchRssiLinkSpeedAndFrequencyNative rssi=-45 linkspeed=433 freq=5240
10-15 23:23:29.393  4340  4340 E SignalClusterView: setSlotFocusVisible : subId -2
10-15 23:23:29.394  4340  4340 E SignalClusterView: setSlotFocusVisible : subId -2
10-15 23:23:29.492 11321 11618 I BatteryMgr:DataCollectionService: stats => 1697405009492,-305,4314,-438,0,100
10-15 23:23:29.608 11321 11618 I BatteryMgr:DataCollectionService: stats => 1697405009607,-305,4314,-438,0,100
10-15 23:23:29.720 11321 11618 I BatteryMgr:DataCollectionService: stats => 1697405009720,-305,4314,-438,0,100
10-15 23:23:29.781  3957  4128 D WifiService: getConnectionInfo uid=1000
10-15 23:23:29.835 11321 11618 I BatteryMgr:DataCollectionService: stats => 1697405009835,-305,4314,-438,0,100
10-15 23:23:29.960 11321 11618 I BatteryMgr:DataCollectionService: stats => 1697405009959,-305,4314,-438,0,100
10-15 23:23:30.081 11321 11618 I BatteryMgr:DataCollectionService: stats => 1697405010081,-305,4314,-438,0,100
10-15 23:23:30.149  3957  4129 D WifiStateMachine:  ConnectedState !RSSI_PKTCNT_FETCH uid=1000 rt=406999297/1067397525 0 0 "ourhome" f4:6d:2f:12:cc:88 rssi=-45 f=5240 sc=60 link=433 tx=2.2, 0.2, 0.0  rx=15.4 bcn=95015 [on:0 tx:0 rx:0 period:757] from screen [on:119899 period:874282] score=60
10-15 23:23:30.155  3957  4129 D WifiStateMachine:  L2ConnectedState !RSSI_PKTCNT_FETCH uid=1000 rt=406999301/1067397528 0 0 "ourhome" f4:6d:2f:12:cc:88 rssi=-45 f=5240 sc=60 link=433 tx=2.2, 0.2, 0.0  rx=15.4 bcn=95015 [on:0 tx:0 rx:0 period:4] from screen [on:119899 period:874286] score=60
10-15 23:23:30.162  3957  4129 D WifiStateMachine: fetchRssiLinkSpeedAndFrequencyNative rssi=-43 linkspeed=433 freq=5240
10-15 23:23:30.203 11321 11618 I BatteryMgr:DataCollectionService: stats => 1697405010203,-305,4314,-438,0,100
10-15 23:23:30.318 11321 11618 I BatteryMgr:DataCollectionService: stats => 1697405010318,-305,4314,-438,0,100
10-15 23:23:30.431 11321 11618 I BatteryMgr:DataCollectionService: stats => 1697405010431,-305,4314,-438,0,100
10-15 23:23:30.545 11321 11618 I BatteryMgr:DataCollectionService: stats => 1697405010545,-305,4314,-438,0,100
10-15 23:23:30.660 11321 11618 I BatteryMgr:DataCollectionService: stats => 1697405010660,-305,4314,-438,0,100
10-15 23:23:30.774 11321 11618 I BatteryMgr:DataCollectionService: stats => 1697405010774,-305,4314,-438,0,100
10-15 23:23:30.784  3957  4128 D WifiService: getConnectionInfo uid=1000
10-15 23:23:30.888 11321 11618 I BatteryMgr:DataCollectionService: stats => 1697405010888,-305,4314,-438,0,100
10-15 23:23:31.005 11321 11618 I BatteryMgr:DataCollectionService: stats => 1697405011004,-305,4314,-438,0,100
10-15 23:23:31.121 11321 11618 I BatteryMgr:DataCollectionService: stats => 1697405011121,-305,4314,-438,0,100
10-15 23:23:31.150  3957  4129 D WifiStateMachine:  ConnectedState !RSSI_PKTCNT_FETCH uid=1000 rt=407000297/1067398525 0 0 "ourhome" f4:6d:2f:12:cc:88 rssi=-43 f=5240 sc=60 link=433 tx=2.2, 0.2, 0.0  rx=15.4 bcn=95015 [on:0 tx:0 rx:0 period:996] from screen [on:119899 period:875282] score=60
10-15 23:23:31.153  3957  4129 D WifiStateMachine:  L2ConnectedState !RSSI_PKTCNT_FETCH uid=1000 rt=407000301/1067398528 0 0 "ourhome" f4:6d:2f:12:cc:88 rssi=-43 f=5240 sc=60 link=433 tx=2.2, 0.2, 0.0  rx=15.4 bcn=95015 [on:0 tx:0 rx:0 period:4] from screen [on:119899 period:875286] score=60
10-15 23:23:31.155  3957  4129 D WifiStateMachine: fetchRssiLinkSpeedAndFrequencyNative rssi=-46 linkspeed=433 freq=5240
10-15 23:23:31.237 11321 11618 I BatteryMgr:DataCollectionService: stats => 1697405011237,175,4314,152,0,100
10-15 23:23:31.352 11321 11618 I BatteryMgr:DataCollectionService: stats => 1697405011352,175,4314,152,0,100
10-15 23:23:31.466 11321 11618 I BatteryMgr:DataCollectionService: stats => 1697405011466,175,4314,152,0,100
10-15 23:23:31.577 11321 11618 I BatteryMgr:DataCollectionService: stats => 1697405011577,175,4314,152,0,100
10-15 23:23:31.689 11321 11618 I BatteryMgr:DataCollectionService: stats => 1697405011689,175,4314,152,0,100
10-15 23:23:31.737  3957  5416 D BatteryService: !@BatteryListener : batteryPropertiesChanged!
10-15 23:23:31.786  3957  4128 D WifiService: getConnectionInfo uid=1000
10-15 23:23:31.801 11321 11618 I BatteryMgr:DataCollectionService: stats => 1697405011801,175,4314,152,0,100
10-15 23:23:31.921 11321 11618 I BatteryMgr:DataCollectionService: stats => 1697405011921,175,4314,152,0,100
10-15 23:23:32.035 11321 11618 I BatteryMgr:DataCollectionService: stats => 1697405012035,175,4314,152,0,100
10-15 23:23:32.147 11321 11618 I BatteryMgr:DataCollectionService: stats => 1697405012147,175,4314,152,0,100
10-15 23:23:32.150  3957  4129 D WifiStateMachine:  ConnectedState !RSSI_PKTCNT_FETCH uid=1000 rt=407001299/1067399526 0 0 "ourhome" f4:6d:2f:12:cc:88 rssi=-46 f=5240 sc=60 link=433 tx=2.2, 0.2, 0.0  rx=15.4 bcn=95015 [on:0 tx:0 rx:0 period:997] from screen [on:119899 period:876283] score=60
10-15 23:23:32.154  3957  4129 D WifiStateMachine:  L2ConnectedState !RSSI_PKTCNT_FETCH uid=1000 rt=407001302/1067399529 0 0 "ourhome" f4:6d:2f:12:cc:88 rssi=-46 f=5240 sc=60 link=433 tx=2.2, 0.2, 0.0  rx=15.4 bcn=95015 [on:0 tx:0 rx:0 period:4] from screen [on:119899 period:876287] score=60
10-15 23:23:32.157  3957  4129 D WifiStateMachine: fetchRssiLinkSpeedAndFrequencyNative rssi=-45 linkspeed=433 freq=5240
10-15 23:23:32.260 11321 11618 I BatteryMgr:DataCollectionService: stats => 1697405012260,175,4314,152,0,100
10-15 23:23:32.374 11321 11618 I BatteryMgr:DataCollectionService: stats => 1697405012374,175,4314,152,0,100
10-15 23:23:32.392  3957  4129 D WifiStateMachine:  ConnectedState !CMD_RSSI_POLL rt=407001541/1067399768 54 0 "ourhome" f4:6d:2f:12:cc:88 rssi=-45 f=5240 sc=60 link=433 tx=2.2, 0.2, 0.0  rx=15.4 bcn=95015 [on:0 tx:0 rx:0 period:237] from screen [on:119899 period:876524] score=60
10-15 23:23:32.394  3957  4129 D WifiStateMachine:  L2ConnectedState !CMD_RSSI_POLL rt=407001543/1067399770 54 0 "ourhome" f4:6d:2f:12:cc:88 rssi=-45 f=5240 sc=60 link=433 tx=2.2, 0.2, 0.0  rx=15.4 bcn=95015 [on:0 tx:0 rx:0 period:3] from screen [on:119899 period:876527] score=60
10-15 23:23:32.394  3957  4129 D WifiStateMachine:  get link layer stats 3
10-15 23:23:32.396  3436  3436 I android.hardware.wifi@1.0-service: getLinkLayerStats
10-15 23:23:32.414  3957  4129 D WifiStateMachine: fetchRssiLinkSpeedAndFrequencyNative rssi=-44 linkspeed=433 freq=5240
10-15 23:23:32.420  4340  4340 E SignalClusterView: setSlotFocusVisible : subId -2
10-15 23:23:32.420  4340  4340 E SignalClusterView: setSlotFocusVisible : subId -2
10-15 23:23:32.488 11321 11618 I BatteryMgr:DataCollectionService: stats => 1697405012488,175,4314,152,0,100
10-15 23:23:32.602 11321 11618 I BatteryMgr:DataCollectionService: stats => 1697405012602,175,4314,152,0,100
10-15 23:23:32.714 11321 11618 I BatteryMgr:DataCollectionService: stats => 1697405012714,175,4314,152,0,100
10-15 23:23:32.789  3957  4128 D WifiService: getConnectionInfo uid=1000
10-15 23:23:32.827 11321 11618 I BatteryMgr:DataCollectionService: stats => 1697405012827,175,4314,152,0,100
10-15 23:23:32.878  4961  4961 D io_stats: !@ 179,0 r 5774880 180696020 w 1316704 28452868 d 104723 31794348 f 302140 318995 iot 2524988 2226984 th 51200 0 0 pt 0 inp 0 0 407002.028
10-15 23:23:32.940 11321 11618 I BatteryMgr:DataCollectionService: stats => 1697405012940,175,4314,152,0,100
10-15 23:23:33.050 11321 11618 I BatteryMgr:DataCollectionService: stats => 1697405013050,175,4314,152,0,100
10-15 23:23:33.153  3957  4129 D WifiStateMachine:  ConnectedState !RSSI_PKTCNT_FETCH uid=1000 rt=407002302/1067400529 0 0 "ourhome" f4:6d:2f:12:cc:88 rssi=-44 f=5240 sc=60 link=433 tx=3.3, 0.1, 0.0  rx=15.8 bcn=95042 [on:0 tx:0 rx:0 period:732] from screen [on:121147 period:877285] score=60
10-15 23:23:33.154  3957  4129 D WifiStateMachine:  L2ConnectedState !RSSI_PKTCNT_FETCH uid=1000 rt=407002304/1067400531 0 0 "ourhome" f4:6d:2f:12:cc:88 rssi=-44 f=5240 sc=60 link=433 tx=3.3, 0.1, 0.0  rx=15.8 bcn=95042 [on:0 tx:0 rx:0 period:2] from screen [on:121147 period:877287] score=60
10-15 23:23:33.160  3957  4129 D WifiStateMachine: fetchRssiLinkSpeedAndFrequencyNative rssi=-45 linkspeed=433 freq=5240
10-15 23:23:33.161 11321 11618 I BatteryMgr:DataCollectionService: stats => 1697405013161,175,4314,152,0,100
10-15 23:23:33.274 11321 11618 I BatteryMgr:DataCollectionService: stats => 1697405013273,175,4314,152,0,100
10-15 23:23:33.394 11321 11326 I zygote64: Do partial code cache collection, code=61KB, data=48KB
10-15 23:23:33.395 11321 11326 I zygote64: After code cache collection, code=61KB, data=48KB
10-15 23:23:33.395 11321 11326 I zygote64: Increasing code cache capacity to 256KB
10-15 23:23:33.396 11321 11618 I BatteryMgr:DataCollectionService: stats => 1697405013396,175,4314,152,0,100
10-15 23:23:33.418  6343  6427 D ScanRecord: Not a Multi Manu data
10-15 23:23:33.512  6343  6427 I chatty  : uid=1002(bluetooth) BT Service Call identical 178 lines
10-15 23:23:33.512  6343  6427 D ScanRecord: Not a Multi Manu data
10-15 23:23:33.512 11321 11618 I BatteryMgr:DataCollectionService: stats => 1697405013512,175,4314,152,0,100
10-15 23:23:33.512  6343  6427 D ScanRecord: Not a Multi Manu data
10-15 23:23:33.592  6343  6427 I chatty  : uid=1002(bluetooth) BT Service Call identical 143 lines
10-15 23:23:33.592  6343  6427 D ScanRecord: Not a Multi Manu data
10-15 23:23:33.597  6343  6427 D ScanRecord: same manuId data exists, combine both data and store
10-15 23:23:33.597  6343  6427 D ScanRecord: It's a Multi Manu data
10-15 23:23:33.598  6343  6427 I chatty  : uid=1002(bluetooth) BT Service Call identical 9 lines
10-15 23:23:33.598  6343  6427 D ScanRecord: It's a Multi Manu data
10-15 23:23:33.598  6343  6427 D ScanRecord: same manuId data exists, combine both data and store
10-15 23:23:33.598  6343  6427 D ScanRecord: same manuId data exists, combine both data and store
10-15 23:23:33.598  6343  6427 D ScanRecord: It's a Multi Manu data
10-15 23:23:33.599  6343  6427 D ScanFilter: manu data matches
10-15 23:23:33.599  6343  6427 D BtGatt.GattService: onScanResult to scannerId: 6- event_type=0x1b, address_type=1, address=FE:D, primary_phy=1, secondary_phy=0, advertising_sid=0xff, tx_power=127, rssi=-88, periodic_adv_int=0x0
10-15 23:23:33.600  6120  6655 D ScanRecord: same manuId data exists, combine both data and store
10-15 23:23:33.623 11321 11618 I BatteryMgr:DataCollectionService: stats => 1697405013623,175,4314,152,0,100
10-15 23:23:33.656  6343  6427 D ScanRecord: Not a Multi Manu data
10-15 23:23:33.729  6343  6427 I chatty  : uid=1002(bluetooth) BT Service Call identical 154 lines
10-15 23:23:33.729  6343  6427 D ScanRecord: Not a Multi Manu data
10-15 23:23:33.735 11321 11618 I BatteryMgr:DataCollectionService: stats => 1697405013735,175,4314,152,0,100
10-15 23:23:33.749  6343  6427 D ScanRecord: Not a Multi Manu data
10-15 23:23:33.790  6343  6427 I chatty  : uid=1002(bluetooth) BT Service Call identical 50 lines
10-15 23:23:33.790  6343  6427 D ScanRecord: Not a Multi Manu data
10-15 23:23:33.791  3957  4128 D WifiService: getConnectionInfo uid=1000
10-15 23:23:33.799  6343  6427 D ScanRecord: Not a Multi Manu data
10-15 23:23:33.831  6343  6427 I chatty  : uid=1002(bluetooth) BT Service Call identical 63 lines
10-15 23:23:33.832  6343  6427 D ScanRecord: Not a Multi Manu data
10-15 23:23:33.847 11321 11618 I BatteryMgr:DataCollectionService: stats => 1697405013847,175,4314,152,0,100
10-15 23:23:33.858  6343  6427 D ScanRecord: Not a Multi Manu data
10-15 23:23:33.902  6343  6427 I chatty  : uid=1002(bluetooth) BT Service Call identical 63 lines
10-15 23:23:33.902  6343  6427 D ScanRecord: Not a Multi Manu data
10-15 23:23:33.961 11321 11618 I BatteryMgr:DataCollectionService: stats => 1697405013961,175,4314,152,0,100
10-15 23:23:34.073 11321 11618 I BatteryMgr:DataCollectionService: stats => 1697405014073,175,4314,152,0,100
10-15 23:23:34.155  3957  4129 D WifiStateMachine:  ConnectedState !RSSI_PKTCNT_FETCH uid=1000 rt=407003303/1067401531 0 0 "ourhome" f4:6d:2f:12:cc:88 rssi=-45 f=5240 sc=60 link=433 tx=3.3, 0.1, 0.0  rx=15.8 bcn=95042 [on:0 tx:0 rx:0 period:1001] from screen [on:121147 period:878288] score=60
10-15 23:23:34.158  3957  4129 D WifiStateMachine:  L2ConnectedState !RSSI_PKTCNT_FETCH uid=1000 rt=407003306/1067401534 0 0 "ourhome" f4:6d:2f:12:cc:88 rssi=-45 f=5240 sc=60 link=433 tx=3.3, 0.1, 0.0  rx=15.8 bcn=95042 [on:0 tx:0 rx:0 period:2] from screen [on:121147 period:878290] score=60
10-15 23:23:34.165  3957  4129 D WifiStateMachine: fetchRssiLinkSpeedAndFrequencyNative rssi=-45 linkspeed=433 freq=5240
10-15 23:23:34.187 11321 11618 I BatteryMgr:DataCollectionService: stats => 1697405014187,175,4314,152,0,100
10-15 23:23:34.300 11321 11618 I BatteryMgr:DataCollectionService: stats => 1697405014300,175,4314,152,0,100
10-15 23:23:34.415 11321 11618 I BatteryMgr:DataCollectionService: stats => 1697405014415,175,4314,152,0,100
10-15 23:23:34.534 11321 11618 I BatteryMgr:DataCollectionService: stats => 1697405014534,175,4314,152,0,100
10-15 23:23:34.652 11321 11618 I BatteryMgr:DataCollectionService: stats => 1697405014651,175,4314,152,0,100
10-15 23:23:34.766 11321 11618 I BatteryMgr:DataCollectionService: stats => 1697405014766,175,4314,152,0,100
10-15 23:23:34.793  3957  4128 D WifiService: getConnectionInfo uid=1000
10-15 23:23:34.878 11321 11618 I BatteryMgr:DataCollectionService: stats => 1697405014878,175,4314,152,0,100
10-15 23:23:34.992 11321 11618 I BatteryMgr:DataCollectionService: stats => 1697405014992,175,4314,152,0,100
10-15 23:23:35.104 11321 11618 I BatteryMgr:DataCollectionService: stats => 1697405015103,175,4314,152,0,100
10-15 23:23:35.157  3957  4129 D WifiStateMachine:  ConnectedState !RSSI_PKTCNT_FETCH uid=1000 rt=407004305/1067402532 0 0 "ourhome" f4:6d:2f:12:cc:88 rssi=-45 f=5240 sc=60 link=433 tx=3.3, 0.1, 0.0  rx=15.8 bcn=95042 [on:0 tx:0 rx:0 period:1000] from screen [on:121147 period:879290] score=60
10-15 23:23:35.159  3957  4129 D WifiStateMachine:  L2ConnectedState !RSSI_PKTCNT_FETCH uid=1000 rt=407004309/1067402536 0 0 "ourhome" f4:6d:2f:12:cc:88 rssi=-45 f=5240 sc=60 link=433 tx=3.3, 0.1, 0.0  rx=15.8 bcn=95042 [on:0 tx:0 rx:0 period:2] from screen [on:121147 period:879292] score=60
10-15 23:23:35.166  3957  4129 D WifiStateMachine: fetchRssiLinkSpeedAndFrequencyNative rssi=-43 linkspeed=433 freq=5240
10-15 23:23:35.217 11321 11618 I BatteryMgr:DataCollectionService: stats => 1697405015217,175,4314,152,0,100
10-15 23:23:35.330 11321 11618 I BatteryMgr:DataCollectionService: stats => 1697405015330,175,4314,152,0,100
10-15 23:23:35.417  3957  4129 D WifiStateMachine:  ConnectedState !CMD_RSSI_POLL rt=407004566/1067402793 54 0 "ourhome" f4:6d:2f:12:cc:88 rssi=-43 f=5240 sc=60 link=433 tx=3.3, 0.1, 0.0  rx=15.8 bcn=95042 [on:0 tx:0 rx:0 period:258] from screen [on:121147 period:879550] score=60
10-15 23:23:35.419  3957  4129 D WifiStateMachine:  L2ConnectedState !CMD_RSSI_POLL rt=407004568/1067402796 54 0 "ourhome" f4:6d:2f:12:cc:88 rssi=-43 f=5240 sc=60 link=433 tx=3.3, 0.1, 0.0  rx=15.8 bcn=95042 [on:0 tx:0 rx:0 period:2] from screen [on:121147 period:879552] score=60
10-15 23:23:35.419  3957  4129 D WifiStateMachine:  get link layer stats 3
10-15 23:23:35.420  3436  3436 I android.hardware.wifi@1.0-service: getLinkLayerStats
10-15 23:23:35.436  3957  4129 D WifiStateMachine: fetchRssiLinkSpeedAndFrequencyNative rssi=-43 linkspeed=433 freq=5240
10-15 23:23:35.442  4340  4340 E SignalClusterView: setSlotFocusVisible : subId -2
10-15 23:23:35.442  4340  4340 E SignalClusterView: setSlotFocusVisible : subId -2
10-15 23:23:35.447 11321 11618 I BatteryMgr:DataCollectionService: stats => 1697405015447,175,4314,152,0,100
10-15 23:23:35.562 11321 11618 I BatteryMgr:DataCollectionService: stats => 1697405015562,175,4314,152,0,100
10-15 23:23:35.678 11321 11618 I BatteryMgr:DataCollectionService: stats => 1697405015678,175,4314,152,0,100
10-15 23:23:35.794 11321 11618 I BatteryMgr:DataCollectionService: stats => 1697405015794,175,4314,152,0,100
10-15 23:23:35.796  3957  4128 D WifiService: getConnectionInfo uid=1000
10-15 23:23:35.910 11321 11618 I BatteryMgr:DataCollectionService: stats => 1697405015910,175,4314,152,0,100
10-15 23:23:35.960  4340  4731 D NetworkController.MobileSignalController(0/-2): onSignalStrengthsChanged signalStrength=SignalStrength: 28 99 -28 -200 -28 -200 -1 99 2147483647 2147483647 2147483647 2147483647 0 2147483647 0x4 P gsm|lte level=4
10-15 23:23:35.960  4340  4731 D NetworkController.MobileSignalController(0/-2): getMobileIconGroup(): 0
10-15 23:23:36.024 11321 11618 I BatteryMgr:DataCollectionService: stats => 1697405016023,175,4314,152,0,100
10-15 23:23:36.051  3957  4030 D SensorService: [SO] 0.105 -0.110 9.979
10-15 23:23:36.136 11321 11618 I BatteryMgr:DataCollectionService: stats => 1697405016136,175,4314,152,0,100
10-15 23:23:36.156  3957  4129 D WifiStateMachine:  ConnectedState !RSSI_PKTCNT_FETCH uid=1000 rt=407005305/1067403533 0 0 "ourhome" f4:6d:2f:12:cc:88 rssi=-43 f=5240 sc=60 link=433 tx=1.2, 0.0, 0.0  rx=10.8 bcn=95070 [on:0 tx:0 rx:0 period:716] from screen [on:121481 period:880289] score=60
10-15 23:23:36.158  3957  4129 D WifiStateMachine:  L2ConnectedState !RSSI_PKTCNT_FETCH uid=1000 rt=407005307/1067403535 0 0 "ourhome" f4:6d:2f:12:cc:88 rssi=-43 f=5240 sc=60 link=433 tx=1.2, 0.0, 0.0  rx=10.8 bcn=95070 [on:0 tx:0 rx:0 period:2] from screen [on:121481 period:880291] score=60
10-15 23:23:36.160  3957  4129 D WifiStateMachine: fetchRssiLinkSpeedAndFrequencyNative rssi=-43 linkspeed=433 freq=5240
10-15 23:23:36.249 11321 11618 I BatteryMgr:DataCollectionService: stats => 1697405016249,175,4314,152,0,100
10-15 23:23:36.362 11321 11618 I BatteryMgr:DataCollectionService: stats => 1697405016361,175,4314,152,0,100
10-15 23:23:36.475 11321 11618 I BatteryMgr:DataCollectionService: stats => 1697405016475,175,4314,152,0,100
10-15 23:23:36.584 11321 11618 I BatteryMgr:DataCollectionService: stats => 1697405016584,175,4314,152,0,100
10-15 23:23:36.696 11321 11618 I BatteryMgr:DataCollectionService: stats => 1697405016696,175,4314,152,0,100
10-15 23:23:36.798  3957  4128 D WifiService: getConnectionInfo uid=1000
10-15 23:23:36.808 11321 11618 I BatteryMgr:DataCollectionService: stats => 1697405016808,175,4314,152,0,100
10-15 23:23:36.924 11321 11618 I BatteryMgr:DataCollectionService: stats => 1697405016924,175,4314,152,0,100
10-15 23:23:37.033 11321 11618 I BatteryMgr:DataCollectionService: stats => 1697405017033,175,4314,152,0,100
10-15 23:23:37.144 11321 11618 I BatteryMgr:DataCollectionService: stats => 1697405017144,175,4314,152,0,100
10-15 23:23:37.159  3957  4129 D WifiStateMachine:  ConnectedState !RSSI_PKTCNT_FETCH uid=1000 rt=407006307/1067404534 0 0 "ourhome" f4:6d:2f:12:cc:88 rssi=-43 f=5240 sc=60 link=433 tx=1.2, 0.0, 0.0  rx=10.8 bcn=95070 [on:0 tx:0 rx:0 period:1001] from screen [on:121481 period:881292] score=60
10-15 23:23:37.162  3957  4129 D WifiStateMachine:  L2ConnectedState !RSSI_PKTCNT_FETCH uid=1000 rt=407006310/1067404538 0 0 "ourhome" f4:6d:2f:12:cc:88 rssi=-43 f=5240 sc=60 link=433 tx=1.2, 0.0, 0.0  rx=10.8 bcn=95070 [on:0 tx:0 rx:0 period:3] from screen [on:121481 period:881295] score=60
10-15 23:23:37.168  3957  4129 D WifiStateMachine: fetchRssiLinkSpeedAndFrequencyNative rssi=-43 linkspeed=433 freq=5240
10-15 23:23:37.253 11321 11618 I BatteryMgr:DataCollectionService: stats => 1697405017253,175,4314,152,0,100
10-15 23:23:37.368 11321 11618 I BatteryMgr:DataCollectionService: stats => 1697405017368,175,4314,152,0,100
10-15 23:23:37.479 11321 11618 I BatteryMgr:DataCollectionService: stats => 1697405017479,175,4314,152,0,100
10-15 23:23:37.588 11321 11618 I BatteryMgr:DataCollectionService: stats => 1697405017588,175,4314,152,0,100
10-15 23:23:37.698 11321 11618 I BatteryMgr:DataCollectionService: stats => 1697405017698,175,4314,152,0,100
10-15 23:23:37.800  3957  4128 D WifiService: getConnectionInfo uid=1000
10-15 23:23:37.818 11321 11618 I BatteryMgr:DataCollectionService: stats => 1697405017818,175,4314,152,0,100
10-15 23:23:37.880  4961  4961 D io_stats: !@ 179,0 r 5774929 180697536 w 1316722 28453024 d 104723 31794348 f 302141 318996 iot 2525032 2227011 th 51200 0 0 pt 0 inp 0 0 407007.030
10-15 23:23:37.930 11321 11618 I BatteryMgr:DataCollectionService: stats => 1697405017930,175,4314,152,0,100
10-15 23:23:38.041 11321 11618 I BatteryMgr:DataCollectionService: stats => 1697405018041,175,4314,152,0,100
10-15 23:23:38.153 11321 11618 I BatteryMgr:DataCollectionService: stats => 1697405018153,175,4314,152,0,100
10-15 23:23:38.160  3957  4129 D WifiStateMachine:  ConnectedState !RSSI_PKTCNT_FETCH uid=1000 rt=407007309/1067405536 0 0 "ourhome" f4:6d:2f:12:cc:88 rssi=-43 f=5240 sc=60 link=433 tx=1.2, 0.0, 0.0  rx=10.8 bcn=95070 [on:0 tx:0 rx:0 period:998] from screen [on:121481 period:882293] score=60
10-15 23:23:38.162  3957  4129 D WifiStateMachine:  L2ConnectedState !RSSI_PKTCNT_FETCH uid=1000 rt=407007311/1067405539 0 0 "ourhome" f4:6d:2f:12:cc:88 rssi=-43 f=5240 sc=60 link=433 tx=1.2, 0.0, 0.0  rx=10.8 bcn=95070 [on:0 tx:0 rx:0 period:2] from screen [on:121481 period:882295] score=60
10-15 23:23:38.169  3957  4129 D WifiStateMachine: fetchRssiLinkSpeedAndFrequencyNative rssi=-43 linkspeed=433 freq=5240
10-15 23:23:38.266 11321 11618 I BatteryMgr:DataCollectionService: stats => 1697405018265,175,4314,152,0,100
10-15 23:23:38.380 11321 11618 I BatteryMgr:DataCollectionService: stats => 1697405018380,175,4314,152,0,100
10-15 23:23:38.411  6343  6427 D ScanRecord: Not a Multi Manu data
10-15 23:23:38.441  6343  6427 I chatty  : uid=1002(bluetooth) BT Service Call identical 56 lines
10-15 23:23:38.441  3957  4129 D WifiStateMachine:  ConnectedState !CMD_RSSI_POLL rt=407007589/1067405816 54 0 "ourhome" f4:6d:2f:12:cc:88 rssi=-43 f=5240 sc=60 link=433 tx=1.2, 0.0, 0.0  rx=10.8 bcn=95070 [on:0 tx:0 rx:0 period:278] from screen [on:121481 period:882573] score=60
10-15 23:23:38.441  6343  6427 D ScanRecord: Not a Multi Manu data
10-15 23:23:38.441  6343  6427 D ScanRecord: Not a Multi Manu data
10-15 23:23:38.442  6343  6427 I chatty  : uid=1002(bluetooth) BT Service Call identical 5 lines
10-15 23:23:38.442  6343  6427 D ScanRecord: Not a Multi Manu data
10-15 23:23:38.444  3957  4129 D WifiStateMachine:  L2ConnectedState !CMD_RSSI_POLL rt=407007592/1067405820 54 0 "ourhome" f4:6d:2f:12:cc:88 rssi=-43 f=5240 sc=60 link=433 tx=1.2, 0.0, 0.0  rx=10.8 bcn=95070 [on:0 tx:0 rx:0 period:4] from screen [on:121481 period:882577] score=60
10-15 23:23:38.444  3957  4129 D WifiStateMachine:  get link layer stats 3
10-15 23:23:38.445  3436  3436 I android.hardware.wifi@1.0-service: getLinkLayerStats
10-15 23:23:38.445  6343  6427 D ScanRecord: Not a Multi Manu data
10-15 23:23:38.445  6343  6427 I chatty  : uid=1002(bluetooth) BT Service Call identical 11 lines
10-15 23:23:38.446  6343  6427 D ScanRecord: Not a Multi Manu data
10-15 23:23:38.450  3957  4129 D WifiStateMachine: fetchRssiLinkSpeedAndFrequencyNative rssi=-43 linkspeed=433 freq=5240
10-15 23:23:38.456  4340  4340 E SignalClusterView: setSlotFocusVisible : subId -2
10-15 23:23:38.456  4340  4340 E SignalClusterView: setSlotFocusVisible : subId -2
10-15 23:23:38.477  6343  6427 D ScanRecord: Not a Multi Manu data
10-15 23:23:38.486  6343  6427 I chatty  : uid=1002(bluetooth) BT Service Call identical 24 lines
10-15 23:23:38.486  6343  6427 D ScanRecord: Not a Multi Manu data
10-15 23:23:38.489 11321 11618 I BatteryMgr:DataCollectionService: stats => 1697405018489,175,4314,152,0,100
10-15 23:23:38.496  6343  6427 D ScanRecord: Not a Multi Manu data
10-15 23:23:38.582  6343  6427 I chatty  : uid=1002(bluetooth) BT Service Call identical 167 lines
10-15 23:23:38.582  6343  6427 D ScanRecord: Not a Multi Manu data
10-15 23:23:38.599 11321 11618 I BatteryMgr:DataCollectionService: stats => 1697405018599,175,4314,152,0,100
10-15 23:23:38.608  6343  6427 D ScanRecord: Not a Multi Manu data
10-15 23:23:38.613  3957  6478 D SSRM:k  : SIOP:: AP = 360, PST = 342 (W:22), BAT = 320, USB = 0, CHG = 0
10-15 23:23:38.712  6343  6427 I chatty  : uid=1002(bluetooth) BT Service Call identical 206 lines
10-15 23:23:38.713  6343  6427 D ScanRecord: Not a Multi Manu data
10-15 23:23:38.716 11321 11618 I BatteryMgr:DataCollectionService: stats => 1697405018716,175,4314,152,0,100
10-15 23:23:38.718  6343  6427 D ScanRecord: Not a Multi Manu data
10-15 23:23:38.798  6343  6427 I chatty  : uid=1002(bluetooth) BT Service Call identical 193 lines
10-15 23:23:38.798  6343  6427 D ScanRecord: Not a Multi Manu data
10-15 23:23:38.802  3957  4128 D WifiService: getConnectionInfo uid=1000
10-15 23:23:38.802  6343  6427 D ScanRecord: Not a Multi Manu data
10-15 23:23:38.830  6343  6427 I chatty  : uid=1002(bluetooth) BT Service Call identical 63 lines
10-15 23:23:38.830  6343  6427 D ScanRecord: Not a Multi Manu data
10-15 23:23:38.831 11321 11618 I BatteryMgr:DataCollectionService: stats => 1697405018829,175,4314,152,0,100
10-15 23:23:38.832  6343  6427 D ScanRecord: Not a Multi Manu data
10-15 23:23:38.888  6343  6427 I chatty  : uid=1002(bluetooth) BT Service Call identical 102 lines
10-15 23:23:38.888  6343  6427 D ScanRecord: Not a Multi Manu data
10-15 23:23:38.945 11321 11618 I BatteryMgr:DataCollectionService: stats => 1697405018945,175,4314,152,0,100
10-15 23:23:39.057 11321 11618 I BatteryMgr:DataCollectionService: stats => 1697405019056,175,4314,152,0,100
10-15 23:23:39.165  3957  4129 D WifiStateMachine:  ConnectedState !RSSI_PKTCNT_FETCH uid=1000 rt=407008311/1067406538 0 0 "ourhome" f4:6d:2f:12:cc:88 rssi=-43 f=5240 sc=60 link=433 tx=1.1, 0.0, 0.0  rx=4.6 bcn=95097 [on:0 tx:0 rx:0 period:710] from screen [on:121821 period:883298] score=60
10-15 23:23:39.171  3957  4129 D WifiStateMachine:  L2ConnectedState !RSSI_PKTCNT_FETCH uid=1000 rt=407008317/1067406544 0 0 "ourhome" f4:6d:2f:12:cc:88 rssi=-43 f=5240 sc=60 link=433 tx=1.1, 0.0, 0.0  rx=4.6 bcn=95097 [on:0 tx:0 rx:0 period:6] from screen [on:121821 period:883304] score=60
10-15 23:23:39.179  3957  4129 D WifiStateMachine: fetchRssiLinkSpeedAndFrequencyNative rssi=-42 linkspeed=433 freq=5240
10-15 23:23:39.183 11321 11618 I BatteryMgr:DataCollectionService: stats => 1697405019183,175,4314,152,0,100
10-15 23:23:39.295 11321 11618 I BatteryMgr:DataCollectionService: stats => 1697405019295,175,4314,152,0,100
10-15 23:23:39.408 11321 11618 I BatteryMgr:DataCollectionService: stats => 1697405019408,175,4314,152,0,100
10-15 23:23:39.519 11321 11618 I BatteryMgr:DataCollectionService: stats => 1697405019519,175,4314,152,0,100
10-15 23:23:39.630 11321 11618 I BatteryMgr:DataCollectionService: stats => 1697405019630,175,4314,152,0,100
10-15 23:23:39.741 11321 11618 I BatteryMgr:DataCollectionService: stats => 1697405019741,175,4314,152,0,100
10-15 23:23:39.804  3957  4128 D WifiService: getConnectionInfo uid=1000
10-15 23:23:39.855 11321 11618 I BatteryMgr:DataCollectionService: stats => 1697405019855,175,4314,152,0,100
10-15 23:23:39.968 11321 11618 I BatteryMgr:DataCollectionService: stats => 1697405019967,175,4314,152,0,100
10-15 23:23:40.080 11321 11618 I BatteryMgr:DataCollectionService: stats => 1697405020080,175,4314,152,0,100
10-15 23:23:40.163  3957  4129 D WifiStateMachine:  ConnectedState !RSSI_PKTCNT_FETCH uid=1000 rt=407009312/1067407540 0 0 "ourhome" f4:6d:2f:12:cc:88 rssi=-42 f=5240 sc=60 link=433 tx=1.1, 0.0, 0.0  rx=4.6 bcn=95097 [on:0 tx:0 rx:0 period:992] from screen [on:121821 period:884296] score=60
10-15 23:23:40.166  3957  4129 D WifiStateMachine:  L2ConnectedState !RSSI_PKTCNT_FETCH uid=1000 rt=407009314/1067407542 0 0 "ourhome" f4:6d:2f:12:cc:88 rssi=-42 f=5240 sc=60 link=433 tx=1.1, 0.0, 0.0  rx=4.6 bcn=95097 [on:0 tx:0 rx:0 period:3] from screen [on:121821 period:884299] score=60
10-15 23:23:40.172  3957  4129 D WifiStateMachine: fetchRssiLinkSpeedAndFrequencyNative rssi=-43 linkspeed=433 freq=5240
10-15 23:23:40.189 11321 11618 I BatteryMgr:DataCollectionService: stats => 1697405020189,175,4314,152,0,100
10-15 23:23:40.297 11321 11618 I BatteryMgr:DataCollectionService: stats => 1697405020297,175,4314,152,0,100
10-15 23:23:40.409 11321 11618 I BatteryMgr:DataCollectionService: stats => 1697405020408,175,4314,152,0,100
10-15 23:23:40.521 11321 11618 I BatteryMgr:DataCollectionService: stats => 1697405020521,175,4314,152,0,100
10-15 23:23:40.631 11321 11618 I BatteryMgr:DataCollectionService: stats => 1697405020631,175,4314,152,0,100
10-15 23:23:40.740 11321 11618 I BatteryMgr:DataCollectionService: stats => 1697405020740,175,4314,152,0,100
10-15 23:23:40.806  3957  4128 D WifiService: getConnectionInfo uid=1000
10-15 23:23:40.852 11321 11618 I BatteryMgr:DataCollectionService: stats => 1697405020851,175,4314,152,0,100
10-15 23:23:40.964 11321 11618 I BatteryMgr:DataCollectionService: stats => 1697405020964,175,4314,152,0,100
10-15 23:23:40.987 11366 11575 I SessionStorage/AutoSave: Save: Periodic
10-15 23:23:41.077 11321 11618 I BatteryMgr:DataCollectionService: stats => 1697405021076,175,4314,152,0,100
