10-15 23:37:07.987 12920 12946 W linker  : "/data/app/org.mozilla.fenix-iWpGOrf8cry6RDpwHyQugA==/lib/arm64/libnss3.so" unused DT entry: type 0x8000024 arg 0x14998
10-15 23:37:07.988 12920 12946 W linker  : "/data/app/org.mozilla.fenix-iWpGOrf8cry6RDpwHyQugA==/lib/arm64/libnss3.so" unused DT entry: type 0x8000023 arg 0x5c8
10-15 23:37:07.988 12920 12946 W linker  : "/data/app/org.mozilla.fenix-iWpGOrf8cry6RDpwHyQugA==/lib/arm64/libnss3.so" unused DT entry: type 0x8000025 arg 0x8
10-15 23:37:07.988 12920 12946 W linker  : "/data/app/org.mozilla.fenix-iWpGOrf8cry6RDpwHyQugA==/lib/arm64/libmozglue.so" unused DT entry: type 0x8000024 arg 0x38f70
10-15 23:37:07.988 12920 12946 W linker  : "/data/app/org.mozilla.fenix-iWpGOrf8cry6RDpwHyQugA==/lib/arm64/libmozglue.so" unused DT entry: type 0x8000023 arg 0x1f8
10-15 23:37:07.988 12920 12946 W linker  : "/data/app/org.mozilla.fenix-iWpGOrf8cry6RDpwHyQugA==/lib/arm64/libmozglue.so" unused DT entry: type 0x8000025 arg 0x8
10-15 23:37:07.989 12920 12946 W linker  : "/data/app/org.mozilla.fenix-iWpGOrf8cry6RDpwHyQugA==/lib/arm64/libmozglue.so" unused DT entry: type 0x8000024 arg 0x38f70
10-15 23:37:07.989 12920 12946 W linker  : "/data/app/org.mozilla.fenix-iWpGOrf8cry6RDpwHyQugA==/lib/arm64/libmozglue.so" unused DT entry: type 0x8000023 arg 0x1f8
10-15 23:37:07.989 12920 12946 W linker  : "/data/app/org.mozilla.fenix-iWpGOrf8cry6RDpwHyQugA==/lib/arm64/libmozglue.so" unused DT entry: type 0x8000025 arg 0x8
10-15 23:37:07.989 12920 12946 W linker  : "/data/app/org.mozilla.fenix-iWpGOrf8cry6RDpwHyQugA==/lib/arm64/libmozglue.so" unused DT entry: type 0x8000024 arg 0x38f70
10-15 23:37:07.989 12920 12946 W linker  : "/data/app/org.mozilla.fenix-iWpGOrf8cry6RDpwHyQugA==/lib/arm64/libmozglue.so" unused DT entry: type 0x8000023 arg 0x1f8
10-15 23:37:07.989 12920 12946 W linker  : "/data/app/org.mozilla.fenix-iWpGOrf8cry6RDpwHyQugA==/lib/arm64/libmozglue.so" unused DT entry: type 0x8000025 arg 0x8
10-15 23:37:07.989 12920 12946 W linker  : "/data/app/org.mozilla.fenix-iWpGOrf8cry6RDpwHyQugA==/lib/arm64/libmozglue.so" unused DT entry: type 0x8000024 arg 0x38f70
10-15 23:37:07.989 12920 12946 W linker  : "/data/app/org.mozilla.fenix-iWpGOrf8cry6RDpwHyQugA==/lib/arm64/libmozglue.so" unused DT entry: type 0x8000023 arg 0x1f8
10-15 23:37:07.989 12920 12946 W linker  : "/data/app/org.mozilla.fenix-iWpGOrf8cry6RDpwHyQugA==/lib/arm64/libmozglue.so" unused DT entry: type 0x8000025 arg 0x8
10-15 23:37:07.996  3447  3447 I SurfaceFlinger: Display 0 HWC layers:
10-15 23:37:07.996  3447  3447 I SurfaceFlinger:     type    |    handle    | flag |  format   |   source crop (l,t,r,b)    |         frame       | name 
10-15 23:37:07.996  3447  3447 I SurfaceFlinger: ------------+--------------+------+-----------+----------------------------+---------------------+------
10-15 23:37:07.996  3447  3447 I SurfaceFlinger:      Client |              | 0000 |  Unknown  |  -0.2   -0.2   -0.8   -0.8 |    0    0  720 1280 | animation background stackId=1#0
10-15 23:37:07.996  3447  3447 I SurfaceFlinger:      Client | 0x7e9ecdfc40 | 0002 | RGBA_8888 |   0.0    0.0  720.0 1280.0 |   16   29  703 1251 | com.example.batterymanager_utility/c[...]atterymanager_utility.MainActivity#0
10-15 23:37:07.996  3447  3447 I SurfaceFlinger:      Client | 0x7e9ec22380 | 0000 | RGBA_8888 |   0.0    0.0  720.0 1022.0 |   17  305  704 1280 | Splash Screen org.mozilla.fenix#0
10-15 23:37:07.996  3447  3447 I SurfaceFlinger:      Client | 0x7ea5024cc0 | 0000 | RGBA_8888 |   0.0    0.0  720.0   42.0 |    0    0  720   42 | StatusBar#0
10-15 23:37:07.996  3447  3447 I SurfaceFlinger: 
10-15 23:37:08.023  3957  4128 D WifiService: getConnectionInfo uid=1000
10-15 23:37:08.125 12920 12946 I nimbus::stateful::nimbus_client: updating experiment list
10-15 23:37:08.131 12920 12946 I nimbus::stateful::persistence: Already at version 2, no upgrade needed
10-15 23:37:08.134 12920 12946 I nimbus::stateful::nimbus_client: [Nimbus] Retrieved date from Context: 2023-09-28 18:32:20 UTC
10-15 23:37:08.134 12920 12946 I nimbus::stateful::nimbus_client: [Nimbus] Installation Date: 2023-09-28 18:32:20 UTC
10-15 23:37:08.134 12920 12946 I nimbus::stateful::nimbus_client: [Nimbus] Update Date: 2023-09-28 18:32:25.568136298 UTC
10-15 23:37:08.134 12920 12946 I nimbus::stateful::nimbus_client: [Nimbus] Days since install: 17
10-15 23:37:08.134 12920 12946 I nimbus::stateful::nimbus_client: [Nimbus] Days since update: 17
10-15 23:37:08.177 12920 12949 I GeckoThread: preparing to run Gecko
10-15 23:37:08.182  3957 18006 W StorageManager: getStorageLowBytes lowPercent : 5, lowBytes : 1260145254, maxLowBytes : 524288000
10-15 23:37:08.184  3957 18006 I chatty  : uid=1000(system) Binder:3957_20 identical 1 line
10-15 23:37:08.186  3957 18006 W StorageManager: getStorageLowBytes lowPercent : 5, lowBytes : 1260145254, maxLowBytes : 524288000
10-15 23:37:08.200 12920 12949 I GeckoLoader: Library base=/data/app/org.mozilla.fenix-iWpGOrf8cry6RDpwHyQugA==/lib/arm64
10-15 23:37:08.203 12920 12949 W Settings: Setting animator_duration_scale has moved from android.provider.Settings.System to android.provider.Settings.Global, returning read-only global URI.
10-15 23:37:08.204 12920 12952 I libglean_ffi: glean_core::core: Creating new Glean v54.0.0
10-15 23:37:08.207 12920 12949 I GeckoLoader: Library base=/data/app/org.mozilla.fenix-iWpGOrf8cry6RDpwHyQugA==/lib/arm64
10-15 23:37:08.208 12920 12949 E GeckoLibLoad: Load sqlite start
10-15 23:37:08.211 12920 12952 I libglean_ffi: glean_core::database: Database initialized
10-15 23:37:08.211 12920 12949 E GeckoLibLoad: Load sqlite done
10-15 23:37:08.211 12920 12949 I GeckoLoader: Library base=/data/app/org.mozilla.fenix-iWpGOrf8cry6RDpwHyQugA==/lib/arm64
10-15 23:37:08.211 12920 12949 E GeckoLibLoad: Load nss start
10-15 23:37:08.211 12920 12949 E GeckoLibLoad: Load nss done
10-15 23:37:08.211 12920 12949 I GeckoLoader: Library base=/data/app/org.mozilla.fenix-iWpGOrf8cry6RDpwHyQugA==/lib/arm64
10-15 23:37:08.214 12920 12949 E GeckoLibLoad: Loaded libs in 2.770077ms total, 4ms(8ms) user, 0ms(0ms) system, 1(3) faults
10-15 23:37:08.217 12920 12949 W GeckoThread: zerdatime 1068215595 - runGecko
10-15 23:37:08.218 12920 12952 I libglean_ffi: glean_core: Glean initialized
10-15 23:37:08.221 12920 12952 I libglean_ffi: glean_core::event_database: Loading events for background-update
10-15 23:37:08.223 12920 12952 I libglean_ffi: glean_core::event_database: Loading events for events
10-15 23:37:08.226 12920 12952 I libglean_ffi: glean_core::ping: Collecting events
10-15 23:37:08.236  3599  3918 D DnsProxyListener: DNSDBG::dns by name af 2
10-15 23:37:08.240 12920 12952 I libglean_ffi: glean_core::upload::directory: Processing ping at: /data/user/0/org.mozilla.fenix/glean_data/pending_pings/9dff029f-5e6c-4ae4-9905-b70e397ae033
10-15 23:37:08.241 12920 12952 I libglean_ffi: glean_core::metrics::ping: The ping 'events' was submitted and will be sent as soon as possible
10-15 23:37:08.247  3957 18006 D PackageManager: setEnabledSetting : userId = 0 packageName = org.mozilla.fenix cmp = androidx.work.impl.background.systemjob.SystemJobService newState = 1 callingPackage = 10169/org.mozilla.fenix
10-15 23:37:08.270 12920 12952 I glean/MetricsPingSched: The 'metrics' ping was already sent today, 1697405828263.
10-15 23:37:08.275  3957  4025 I WindowManager: Destroying surface Surface(name=com.example.batterymanager_utility/com.example.batterymanager_utility.MainActivity) called by com.android.server.wm.WindowStateAnimator.destroySurface:2501 com.android.server.wm.WindowStateAnimator.destroySurfaceLocked:985 com.android.server.wm.WindowState.destroyOrSaveSurfaceUnchecked:3670 com.android.server.wm.WindowState.destroySurface:3618 com.android.server.wm.AppWindowToken.destroySurfaces:722 com.android.server.wm.AppWindowToken.destroySurfaces:706 com.android.server.wm.WindowState.onExitAnimationDone:5316 com.android.server.wm.WindowStateAnimator.stepAnimationLocked:550 
10-15 23:37:08.276  3447  4088 I SurfaceFlinger: id=1872 Removed com.example.batterymanager_utility/com.example.batterymanager_utility.MainActivity#0 (2/5)
10-15 23:37:08.280  3447  5168 I SurfaceFlinger: id=1872 Removed com.example.batterymanager_utility/com.example.batterymanager_utility.MainActivity#0 (-2/5)
10-15 23:37:08.283 12920 12952 I libglean_ffi: glean_core::ping: Collecting baseline
10-15 23:37:08.292  3447  3447 I Layer   : id=1872 onRemoved com.example.batterymanager_utility/com.example.batterymanager_utility.MainActivity#0 
10-15 23:37:08.292  3957  4324 I OpenGLRenderer: Initialized EGL, version 1.4
10-15 23:37:08.292  3957  4324 D OpenGLRenderer: Swap behavior 2
10-15 23:37:08.296  3957  4129 D WifiStateMachine:  ConnectedState !RSSI_PKTCNT_FETCH uid=1000 rt=407817444/1068215671 0 0 "ourhome" f4:6d:2f:12:cc:88 rssi=-43 f=5240 sc=60 link=433 tx=0.6, 0.0, 0.0  rx=7.3 bcn=102431 [on:0 tx:0 rx:0 period:999] from screen [on:226543 period:1692429] score=60
10-15 23:37:08.297  3957  4129 D WifiStateMachine:  L2ConnectedState !RSSI_PKTCNT_FETCH uid=1000 rt=407817447/1068215674 0 0 "ourhome" f4:6d:2f:12:cc:88 rssi=-43 f=5240 sc=60 link=433 tx=0.6, 0.0, 0.0  rx=7.3 bcn=102431 [on:0 tx:0 rx:0 period:1] from screen [on:226543 period:1692430] score=60
10-15 23:37:08.299  3447  3447 I SurfaceFlinger: Display 0 HWC layers:
10-15 23:37:08.299  3447  3447 I SurfaceFlinger:     type    |    handle    | flag |  format   |   source crop (l,t,r,b)    |         frame       | name 
10-15 23:37:08.299  3447  3447 I SurfaceFlinger: ------------+--------------+------+-----------+----------------------------+---------------------+------
10-15 23:37:08.299  3447  3447 I SurfaceFlinger:      Device | 0x7e9ec22380 | 0000 | RGBA_8888 |   0.0    0.0  720.0 1280.0 |    0    0  720 1280 | Splash Screen org.mozilla.fenix#0
10-15 23:37:08.299  3447  3447 I SurfaceFlinger:      Device | 0x7ea5024cc0 | 0000 | RGBA_8888 |   0.0    0.0  720.0   42.0 |    0    0  720   42 | StatusBar#0
10-15 23:37:08.299  3447  3447 I SurfaceFlinger: 
10-15 23:37:08.300  3957  4129 D WifiStateMachine: fetchRssiLinkSpeedAndFrequencyNative rssi=-43 linkspeed=433 freq=5240
10-15 23:37:08.301 12920 12952 I libglean_ffi: glean_core::upload::directory: Processing ping at: /data/user/0/org.mozilla.fenix/glean_data/pending_pings/5cf440e4-5f4e-4a8d-9983-542f41292a9b
10-15 23:37:08.311 12920 12952 I libglean_ffi: glean_core::metrics::ping: The ping 'baseline' was submitted and will be sent as soon as possible
10-15 23:37:08.313 12920 12949 I Gecko:DumpUtils: Fifo watcher disabled via pref.
10-15 23:37:08.340 12920 12948 I libglean_ffi: glean_core::ping: Collecting pageload
10-15 23:37:08.343 12920 12948 I libglean_ffi: glean_core::ping: Storage for pageload empty. Bailing out.
10-15 23:37:08.343 12920 12948 I libglean_ffi: glean_core::metrics::ping: No content for ping 'pageload', therefore no ping queued.
10-15 23:37:08.359 12920 12920 I FenixApplication: AutoPushFeature is configured, initializing it...
10-15 23:37:08.363 12920 12920 I AbstractFirebasePushService: start
10-15 23:37:08.374  3957  4129 D WifiStateMachine:  ConnectedState !CMD_RSSI_POLL rt=407817524/1068215752 54 0 "ourhome" f4:6d:2f:12:cc:88 rssi=-43 f=5240 sc=60 link=433 tx=0.6, 0.0, 0.0  rx=7.3 bcn=102431 [on:0 tx:0 rx:0 period:77] from screen [on:226543 period:1692507] score=60
10-15 23:37:08.375 12920 12948 I libglean_ffi: glean_core::core: Upload enabled: true
10-15 23:37:08.376  3957  4129 D WifiStateMachine:  L2ConnectedState !CMD_RSSI_POLL rt=407817525/1068215753 54 0 "ourhome" f4:6d:2f:12:cc:88 rssi=-43 f=5240 sc=60 link=433 tx=0.6, 0.0, 0.0  rx=7.3 bcn=102431 [on:0 tx:0 rx:0 period:1] from screen [on:226543 period:1692508] score=60
10-15 23:37:08.376  3957  4129 D WifiStateMachine:  get link layer stats 3
10-15 23:37:08.376  3436  3436 I android.hardware.wifi@1.0-service: getLinkLayerStats
10-15 23:37:08.381  3957  4129 D WifiStateMachine: fetchRssiLinkSpeedAndFrequencyNative rssi=-43 linkspeed=433 freq=5240
10-15 23:37:08.389  4340  4340 E SignalClusterView: setSlotFocusVisible : subId -2
10-15 23:37:08.389  4340  4340 E SignalClusterView: setSlotFocusVisible : subId -2
10-15 23:37:08.411  3957 18006 D ConnectivityService: filterNetworkStateForUid() uid: 10169 networkInfo: [type: WIFI[] - WIFI, state: CONNECTED/CONNECTED, reason: (unspecified), extra: "ourhome", failover: false, available: true, roaming: false, metered: false]
10-15 23:37:08.412  3957 18006 D WifiService: getConnectionInfo uid=1000
10-15 23:37:08.414  7297 11916 W ResourceType: ResTable_typeSpec entry count inconsistent: given 88, previously 90
10-15 23:37:08.414  7297 11916 W ResourceType: ResTable_typeSpec entry count inconsistent: given 168, previously 172
10-15 23:37:08.414  7297 11916 W ResourceType: ResTable_typeSpec entry count inconsistent: given 3502, previously 3522
10-15 23:37:08.414  7297 11916 W ResourceType: ResTable_typeSpec entry count inconsistent: given 487, previously 4664
10-15 23:37:08.421  3957 18006 D StorageManagerService: getExternalStorageMountMode : 1
10-15 23:37:08.421  3957 18006 D StorageManagerService: getExternalStorageMountMode : 3
10-15 23:37:08.422  3957 18006 D StorageManagerService: getExternalStorageMountMode : final mountMode=1, uid : 10169, packageName : org.mozilla.fenix
10-15 23:37:08.422  3957 18006 I ApplicationPolicy: isApplicationExternalStorageWhitelisted:org.mozilla.fenix user:0
10-15 23:37:08.422  3957 18006 D ApplicationPolicy: isApplicationExternalStorageWhitelisted: DO is not enabled on user 0. Allowed.
10-15 23:37:08.422  3957 18006 D ActivityManager: package  org.mozilla.fenix, user - 0 is SDcard whitelisted
10-15 23:37:08.422  3957 18006 I ApplicationPolicy: isApplicationExternalStorageBlacklisted:org.mozilla.fenix user:0
10-15 23:37:08.422  3957 18006 D ApplicationPolicy: isApplicationExternalStorageBlacklisted: DO is not enabled on user 0. Allowed.
10-15 23:37:08.422 12920 12931 I zygote64: Background concurrent copying GC freed 15824(989KB) AllocSpace objects, 20(488KB) LOS objects, 50% free, 2MB/5MB, paused 1.436ms total 108.327ms
10-15 23:37:08.427  6343  6427 D ScanRecord: Not a Multi Manu data
10-15 23:37:08.430  6343  6427 I chatty  : uid=1002(bluetooth) BT Service Call identical 37 lines
10-15 23:37:08.430  6343  6427 D ScanRecord: Not a Multi Manu data
10-15 23:37:08.433 12920 12993 I push::internal::communications::rate_limiter: No need to reset inner timestamp and count for verify_connection.
10-15 23:37:08.438 13002 13002 E Zygote  : isWhitelistProcess - Process is Whitelisted
10-15 23:37:08.439 13002 13002 E libpersona: scanKnoxPersonas
10-15 23:37:08.439 13002 13002 E libpersona: Couldn't open the File - /data/system/users/0/personalist.xml - No such file or directory
10-15 23:37:08.440 13002 13002 W SELinux : SELinux selinux_android_compute_policy_index : Policy Index[2],  Con:u:r:zygote:s0 RAM:SEPF_SM-J720F_8.0.0_0002, [-1 -1 -1 -1 0 1]
10-15 23:37:08.441 13002 13002 I SELinux : SELinux: seapp_context_lookup: seinfo=untrusted, level=s0:c512,c768, pkgname=org.mozilla.fenix:tab29 
10-15 23:37:08.441  6343  6427 D ScanRecord: Not a Multi Manu data
10-15 23:37:08.443  3957 18006 I ActivityManager: Start proc 13002:org.mozilla.fenix:tab29/u0a169 for service org.mozilla.fenix/org.mozilla.gecko.process.GeckoChildProcessServices$tab29
10-15 23:37:08.445  6343  6427 I chatty  : uid=1002(bluetooth) BT Service Call identical 24 lines
10-15 23:37:08.445  6343  6427 D ScanRecord: Not a Multi Manu data
10-15 23:37:08.451  3957  4564 D PackageManager: setEnabledSetting : userId = 0 packageName = org.mozilla.fenix cmp = androidx.work.impl.background.systemalarm.RescheduleReceiver newState = 1 callingPackage = 10169/org.mozilla.fenix
10-15 23:37:08.451 12920 12993 I push::internal::communications::rate_limiter: Not allowed: count(35) > 1 for verify_connection.
10-15 23:37:08.451  6343  6427 D ScanRecord: Not a Multi Manu data
10-15 23:37:08.452  6343  6427 I chatty  : uid=1002(bluetooth) BT Service Call identical 11 lines
10-15 23:37:08.452  6343  6427 D ScanRecord: Not a Multi Manu data
10-15 23:37:08.452 12920 12993 I AutoPushFeature: No change to subscriptions. Doing nothing.
10-15 23:37:08.453  6343  6427 D ScanRecord: Not a Multi Manu data
10-15 23:37:08.460  6343  6427 I chatty  : uid=1002(bluetooth) BT Service Call identical 37 lines
10-15 23:37:08.461  6343  6427 D ScanRecord: Not a Multi Manu data
10-15 23:37:08.465  3957  4564 D ConnectivityService: filterNetworkStateForUid() uid: 10169 networkInfo: [type: WIFI[] - WIFI, state: CONNECTED/CONNECTED, reason: (unspecified), extra: "ourhome", failover: false, available: true, roaming: false, metered: false]
10-15 23:37:08.465  3957  4564 D WifiService: getConnectionInfo uid=1000
10-15 23:37:08.473  3957  4564 D ConnectivityService: filterNetworkStateForUid() uid: 10169 networkInfo: [type: WIFI[] - WIFI, state: CONNECTED/CONNECTED, reason: (unspecified), extra: "ourhome", failover: false, available: true, roaming: false, metered: false]
10-15 23:37:08.473  3957  4564 D WifiService: getConnectionInfo uid=1000
10-15 23:37:08.473 13002 13002 D TimaKeyStoreProvider: TimaKeyStore is not enabled: cannot add TimaSignature Service and generateKeyPair Service
10-15 23:37:08.474 13002 13002 D ActivityThread: Added TimaKeyStore provider
10-15 23:37:08.474  6343  6427 D ScanRecord: Not a Multi Manu data
10-15 23:37:08.475  6343  6427 I chatty  : uid=1002(bluetooth) BT Service Call identical 11 lines
10-15 23:37:08.475  6343  6427 D ScanRecord: Not a Multi Manu data
10-15 23:37:08.475  3957 18006 D ConnectivityService: filterNetworkStateForUid() uid: 10169 networkInfo: [type: WIFI[] - WIFI, state: CONNECTED/CONNECTED, reason: (unspecified), extra: "ourhome", failover: false, available: true, roaming: false, metered: false]
10-15 23:37:08.475  3957 18006 D WifiService: getConnectionInfo uid=1000
10-15 23:37:08.477  3957 18006 I ActivityManager: DSS on for org.mozilla.fenix and scale is 1.0
10-15 23:37:08.477  6343  6427 D ScanRecord: Not a Multi Manu data
10-15 23:37:08.479  6343  6427 I chatty  : uid=1002(bluetooth) BT Service Call identical 24 lines
10-15 23:37:08.479  6343  6427 D ScanRecord: Not a Multi Manu data
10-15 23:37:08.480 12920 12999 D ConnectivityManager: requestNetwork; CallingUid : 10169, CallingPid : 12920
10-15 23:37:08.483  3957  4564 D ConnectivityService: requestNetwork for uid/pid:10169/12920 NetworkRequest [ TRACK_DEFAULT id=1177, [ Capabilities: INTERNET&NOT_RESTRICTED&TRUSTED&NOT_VPN] ]
10-15 23:37:08.484  3957  4157 D ConnectivityService: rematching NetworkAgentInfo [WIFI () - 507]
10-15 23:37:08.484  3957  4157 D ConnectivityService:  network has: [ Transports: WIFI Capabilities: NOT_METERED&INTERNET&NOT_RESTRICTED&TRUSTED&NOT_VPN&VALIDATED&FOREGROUND LinkUpBandwidth>=1048576Kbps LinkDnBandwidth>=1048576Kbps SignalStrength: -43]
10-15 23:37:08.484  3957  4157 D ConnectivityService: Network NetworkAgentInfo [WIFI () - 507] was already satisfying request 1150. No change.
10-15 23:37:08.484  3957  4157 D ConnectivityService:   checking if request is satisfied: NetworkRequest [ TRACK_DEFAULT id=1177, [ Capabilities: INTERNET&NOT_RESTRICTED&TRUSTED&NOT_VPN] ]
10-15 23:37:08.484  3957  4157 D ConnectivityService: currentScore = 0, newScore = 100
10-15 23:37:08.484  3957  4157 D ConnectivityService: rematch for NetworkAgentInfo [WIFI () - 507]
10-15 23:37:08.484  3957  4157 D ConnectivityService:    accepting network in place of null
10-15 23:37:08.484  3957  4157 D ConnectivityService: sending new Min Network Score(100): NetworkRequest [ TRACK_DEFAULT id=1177, [ Capabilities: INTERNET&NOT_RESTRICTED&TRUSTED&NOT_VPN] ]
10-15 23:37:08.485  3957  4313 D Ethernet: got request NetworkRequest [ TRACK_DEFAULT id=1177, [ Capabilities: INTERNET&NOT_RESTRICTED&TRUSTED&NOT_VPN] ] with score 100
10-15 23:37:08.485  3957  4313 D Ethernet:   my score=-1, my filter=[ Transports: ETHERNET Capabilities: INTERNET&NOT_RESTRICTED&TRUSTED&NOT_VPN LinkUpBandwidth>=100000Kbps LinkDnBandwidth>=100000Kbps]
10-15 23:37:08.485  3957  4313 D Ethernet: evalRequest
10-15 23:37:08.485  3957  4313 D Ethernet:   done
10-15 23:37:08.485  4616  4616 D PhoneSwitcherNetworkRequstListener: got request NetworkRequest [ TRACK_DEFAULT id=1177, [ Capabilities: INTERNET&NOT_RESTRICTED&TRUSTED&NOT_VPN] ] with score 100
10-15 23:37:08.485  3957  4129 D WIFI    : got request NetworkRequest [ TRACK_DEFAULT id=1177, [ Capabilities: INTERNET&NOT_RESTRICTED&TRUSTED&NOT_VPN] ] with score 100
10-15 23:37:08.485  3957  4153 D WIFI_P2P: got request NetworkRequest [ TRACK_DEFAULT id=1177, [ Capabilities: INTERNET&NOT_RESTRICTED&TRUSTED&NOT_VPN] ] with score 100
10-15 23:37:08.485  3957  4157 D ConnectivityService: MultiNetwork Request(TransportType - Wi-Fi request). Internet Capability doesn't required (false)
10-15 23:37:08.485  3957  4129 D WIFI    :   my score=60, my filter=[ Transports: WIFI Capabilities: NOT_METERED&INTERNET&NOT_RESTRICTED&TRUSTED&NOT_VPN LinkUpBandwidth>=1048576Kbps LinkDnBandwidth>=1048576Kbps]
10-15 23:37:08.485  3957  4153 D WIFI_P2P:   my score=60, my filter=[ Transports: WIFI Capabilities: WIFI_P2P&NOT_RESTRICTED&TRUSTED&NOT_VPN LinkUpBandwidth>=1048576Kbps LinkDnBandwidth>=1048576Kbps]
10-15 23:37:08.485  3957  4153 D WIFI_P2P: evalRequest
10-15 23:37:08.485  3957  4129 D WIFI    : evalRequest
10-15 23:37:08.485  3957  4153 D WIFI_P2P:   done
10-15 23:37:08.485  3957  4157 D ConnectivityService: Network NetworkAgentInfo [WIFI () - 507] was already satisfying request 1. No change.
10-15 23:37:08.485  3957  4129 D WIFI    :   done
10-15 23:37:08.485  3957  4157 D ConnectivityService: Network NetworkAgentInfo [WIFI () - 507] was already satisfying request 3. No change.
10-15 23:37:08.485  3957  4129 D WIFI_UT : got request NetworkRequest [ TRACK_DEFAULT id=1177, [ Capabilities: INTERNET&NOT_RESTRICTED&TRUSTED&NOT_VPN] ] with score 100
10-15 23:37:08.485  3957  4129 D WIFI_UT :   my score=2147483647, my filter=[ Transports: WIFI Capabilities: NOT_METERED&INTERNET&NOT_RESTRICTED&TRUSTED&NOT_VPN LinkUpBandwidth>=1048576Kbps LinkDnBandwidth>=1048576Kbps]
10-15 23:37:08.485  3957  4129 D WIFI_UT : evalRequest
10-15 23:37:08.485  3957  4129 D WIFI_UT :   needNetworkFor
10-15 23:37:08.485  3957  4157 D ConnectivityService: sending notification AVAILABLE for NetworkRequest [ TRACK_DEFAULT id=1177, [ Capabilities: INTERNET&NOT_RESTRICTED&TRUSTED&NOT_VPN] ]
10-15 23:37:08.485  4616  4616 D PhoneSwitcherNetworkRequstListener:   my score=101, my filter=[ Transports: CELLULAR Capabilities: MMS&SUPL&DUN&FOTA&IMS&CBS&IA&RCS&XCAP&EIMS&INTERNET&NOT_RESTRICTED&TRUSTED&NOT_VPN&ENT1 Specifier: <android.net.MatchAllNetworkSpecifier@0>]
10-15 23:37:08.485  4616  4616 D PhoneSwitcherNetworkRequstListener: evalRequest
10-15 23:37:08.485  4616  4616 D PhoneSwitcherNetworkRequstListener:   needNetworkFor
10-15 23:37:08.486  3957  4157 D ConnectivityService: sending notification CAP_CHANGED for NetworkRequest [ TRACK_DEFAULT id=1177, [ Capabilities: INTERNET&NOT_RESTRICTED&TRUSTED&NOT_VPN] ]
10-15 23:37:08.486  3957  4157 D ConnectivityService: sending notification IP_CHANGED for NetworkRequest [ TRACK_DEFAULT id=1177, [ Capabilities: INTERNET&NOT_RESTRICTED&TRUSTED&NOT_VPN] ]
10-15 23:37:08.492  3957  4564 D ConnectivityService: filterNetworkStateForUid() uid: 10169 networkInfo: [type: WIFI[] - WIFI, state: CONNECTED/CONNECTED, reason: (unspecified), extra: "ourhome", failover: false, available: true, roaming: false, metered: false]
10-15 23:37:08.492  3957  4564 D WifiService: getConnectionInfo uid=1000
10-15 23:37:08.496  6343  6427 D ScanRecord: Not a Multi Manu data
10-15 23:37:08.496  6343  6427 I chatty  : uid=1002(bluetooth) BT Service Call identical 11 lines
10-15 23:37:08.496  6343  6427 D ScanRecord: Not a Multi Manu data
10-15 23:37:08.501  3957  4564 D ConnectivityService: filterNetworkStateForUid() uid: 10169 networkInfo: [type: WIFI[] - WIFI, state: CONNECTED/CONNECTED, reason: (unspecified), extra: "ourhome", failover: false, available: true, roaming: false, metered: false]
10-15 23:37:08.501  3957  4564 D WifiService: getConnectionInfo uid=1000
10-15 23:37:08.505  6343  6427 D ScanRecord: Not a Multi Manu data
10-15 23:37:08.505  6343  6427 I chatty  : uid=1002(bluetooth) BT Service Call identical 11 lines
10-15 23:37:08.505  6343  6427 D ScanRecord: Not a Multi Manu data
10-15 23:37:08.506 13002 13002 I zygote64: no shared libraies, dex_files: 1
10-15 23:37:08.506  6343  6427 D ScanRecord: Not a Multi Manu data
10-15 23:37:08.515  4961  4961 D io_stats: !@ 179,0 r 5812369 182039408 w 1319684 28501644 d 105061 31807476 f 302492 319397 iot 2540988 2240538 th 51200 0 0 pt 0 inp 1 0 407817.665
10-15 23:37:08.537  6343  6427 I chatty  : uid=1002(bluetooth) BT Service Call identical 63 lines
10-15 23:37:08.537  6343  6427 D ScanRecord: Not a Multi Manu data
10-15 23:37:08.540 12920 12920 I NavController: Ignoring popBackStack to destination org.mozilla.fenix:id/browserFragment as it was not found on the current back stack
10-15 23:37:08.544  6343  6427 D ScanRecord: Not a Multi Manu data
10-15 23:37:08.572  6343  6427 I chatty  : uid=1002(bluetooth) BT Service Call identical 50 lines
10-15 23:37:08.572  6343  6427 D ScanRecord: Not a Multi Manu data
10-15 23:37:08.582 13002 13002 I ServiceChildProcess: onCreate
10-15 23:37:08.582  6343  6427 D ScanRecord: Not a Multi Manu data
10-15 23:37:08.582  6343  6427 I chatty  : uid=1002(bluetooth) BT Service Call identical 11 lines
10-15 23:37:08.583  6343  6427 D ScanRecord: Not a Multi Manu data
10-15 23:37:08.583 13002 13030 I GeckoThread: preparing to run Gecko
10-15 23:37:08.586 12920 12920 I ContileTopSitesUpdater: Started periodic work to update Contile top sites
10-15 23:37:08.588  6343  6427 D ScanRecord: Not a Multi Manu data
10-15 23:37:08.596  3328  3328 W keymaster2_mdfpp: entered get_key_characteristics function.
10-15 23:37:08.596  6343  6427 I chatty  : uid=1002(bluetooth) BT Service Call expire 36 lines
10-15 23:37:08.596  6343  6427 D ScanRecord: Not a Multi Manu data
10-15 23:37:08.596  6343  6427 D ScanRecord: Not a Multi Manu data
10-15 23:37:08.600  6343  6427 I chatty  : uid=1002(bluetooth) BT Service Call identical 12 lines
10-15 23:37:08.600  6343  6427 D ScanRecord: Not a Multi Manu data
10-15 23:37:08.605  3328  3328 W keymaster_tee: [WRN]KEY_PARAMS: AES ENC DEC GCM PADNO AUTH SIZE:256 
10-15 23:37:08.605  3328  3328 W keymaster_tee: [WRN]KEY_PARAMS: 20230928203226 
10-15 23:37:08.605  3328  3328 W keymaster2_mdfpp: exit get_key_characteristics function, returned 0
10-15 23:37:08.608  6343  6427 D ScanRecord: Not a Multi Manu data
10-15 23:37:08.609  6343  6427 I chatty  : uid=1002(bluetooth) BT Service Call identical 11 lines
10-15 23:37:08.609  6343  6427 D ScanRecord: Not a Multi Manu data
10-15 23:37:08.611  3328  3328 W keymaster2_mdfpp: entered get_key_characteristics function.
10-15 23:37:08.611  6343  6427 D ScanRecord: Not a Multi Manu data
10-15 23:37:08.611  6343  6427 I chatty  : uid=1002(bluetooth) BT Service Call identical 11 lines
10-15 23:37:08.611  6343  6427 D ScanRecord: Not a Multi Manu data
10-15 23:37:08.612  3328  3328 W keymaster_tee: [WRN]KEY_PARAMS: AES ENC DEC GCM PADNO AUTH SIZE:256 
10-15 23:37:08.613  3328  3328 W keymaster_tee: [WRN]KEY_PARAMS: 20230928203226 
10-15 23:37:08.613  3328  3328 W keymaster2_mdfpp: exit get_key_characteristics function, returned 0
10-15 23:37:08.614  6343  6427 D ScanRecord: Not a Multi Manu data
10-15 23:37:08.614  6343  6427 I chatty  : uid=1002(bluetooth) BT Service Call identical 11 lines
10-15 23:37:08.614  6343  6427 D ScanRecord: Not a Multi Manu data
10-15 23:37:08.616  3328  3328 W keymaster2_mdfpp: entered get_key_characteristics function.
10-15 23:37:08.618  6343  6427 D ScanRecord: Not a Multi Manu data
10-15 23:37:08.620  6343  6427 I chatty  : uid=1002(bluetooth) BT Service Call identical 24 lines
10-15 23:37:08.620  6343  6427 D ScanRecord: Not a Multi Manu data
10-15 23:37:08.620  3328  3328 W keymaster_tee: [WRN]KEY_PARAMS: AES ENC DEC GCM PADNO AUTH SIZE:256 
10-15 23:37:08.620  3328  3328 W keymaster_tee: [WRN]KEY_PARAMS: 20230928203226 
10-15 23:37:08.620  3328  3328 W keymaster2_mdfpp: exit get_key_characteristics function, returned 0
10-15 23:37:08.625  6343  6427 D ScanRecord: Not a Multi Manu data
10-15 23:37:08.626  6343  6427 I chatty  : uid=1002(bluetooth) BT Service Call identical 11 lines
10-15 23:37:08.626  6343  6427 D ScanRecord: Not a Multi Manu data
10-15 23:37:08.626 12920 12931 I zygote64: Background concurrent copying GC freed 76350(3MB) AllocSpace objects, 21(444KB) LOS objects, 49% free, 2MB/4MB, paused 6.786ms total 68.123ms
10-15 23:37:08.626  3328  3328 W keymaster2_mdfpp: entered get_key_characteristics function.
10-15 23:37:08.627  3328  3328 W keymaster_tee: [WRN]KEY_PARAMS: AES ENC DEC GCM PADNO AUTH SIZE:256 
10-15 23:37:08.627  3328  3328 W keymaster_tee: [WRN]KEY_PARAMS: 20230928203226 
10-15 23:37:08.627  3328  3328 W keymaster2_mdfpp: exit get_key_characteristics function, returned 0
10-15 23:37:08.628  6343  6427 D ScanRecord: Not a Multi Manu data
10-15 23:37:08.628  6343  6427 I chatty  : uid=1002(bluetooth) BT Service Call identical 11 lines
10-15 23:37:08.628  6343  6427 D ScanRecord: Not a Multi Manu data
10-15 23:37:08.629  3328  3328 W keymaster2_mdfpp: entered begin function.
10-15 23:37:08.630  3328  3328 W keymaster2_mdfpp: exit begin function, returned 0
10-15 23:37:08.633  3328  3328 W keymaster2_mdfpp: entered update function.
10-15 23:37:08.633  3328  3328 W keymaster2_mdfpp: exit update function, returned 0
10-15 23:37:08.633  6343  6427 D ScanRecord: Not a Multi Manu data
10-15 23:37:08.633  6343  6427 I chatty  : uid=1002(bluetooth) BT Service Call identical 11 lines
10-15 23:37:08.633  6343  6427 D ScanRecord: Not a Multi Manu data
10-15 23:37:08.634  3328  3328 W keymaster2_mdfpp: entered finish function.
10-15 23:37:08.635  3328  3328 W keymaster2_mdfpp: exit finish function, returned 0
10-15 23:37:08.635  3589  3589 W keystore: ENTER remove operation from uid 10169
10-15 23:37:08.640  6343  6427 D ScanRecord: Not a Multi Manu data
10-15 23:37:08.656  6343  6427 I chatty  : uid=1002(bluetooth) BT Service Call identical 50 lines
10-15 23:37:08.656  6343  6427 D ScanRecord: Not a Multi Manu data
10-15 23:37:08.660 12920 12960 W logins::schema: user_version: 2
10-15 23:37:08.661  6343  6427 D ScanRecord: Not a Multi Manu data
10-15 23:37:08.695  6343  6427 I chatty  : uid=1002(bluetooth) BT Service Call identical 76 lines
10-15 23:37:08.695  6343  6427 D ScanRecord: Not a Multi Manu data
10-15 23:37:08.701 12416 12416 E adbd    : recv: OPEN 00000f1d 00000000 0076:73 68 65 6C 6C 2C 76 32 2C 54 45 52 4D 3D 78 74 65 72 6D 2D 32 35 36 63 6F 6C 6F 72 2C 72 61 77 3A 64 75 6D 70 73 79 73 20 61 63 74 69 76 69 74 79 20 72 65 63 65 6E 74 73 20 7C 20 67 72 65 70 20 22 52 65 63 65 6E 74 20 23 30 22 20 7C 20 63 75 74 20 2D 64 20 22 3D 22 20 2D 66 32 20 7C 20 67 72 65 70 20 2D 6F 20 2D 70 20 22 5B 61 2D 7A 7C 2E 5D 2A 22 00 
10-15 23:37:08.701 12416 12416 E adbd    : service_to_fd: shell,v2,TERM=xterm-256color,raw:dumpsys activity recents | grep "Recent #0" | cut -d "=" -f2 | grep -o -p "[a-z|.]*"
10-15 23:37:08.708  6343  6427 D ScanRecord: Not a Multi Manu data
10-15 23:37:08.709  6343  6427 I chatty  : uid=1002(bluetooth) BT Service Call identical 11 lines
10-15 23:37:08.709  6343  6427 D ScanRecord: Not a Multi Manu data
10-15 23:37:08.710 12920 12949 W ResourceType: Too many attribute references, stopped at: 0x01010099
10-15 23:37:08.710  6343  6427 D ScanRecord: Not a Multi Manu data
10-15 23:37:08.754  6343  6427 I chatty  : uid=1002(bluetooth) BT Service Call identical 89 lines
10-15 23:37:08.754  6343  6427 D ScanRecord: Not a Multi Manu data
10-15 23:37:08.755  3957  4564 D StorageManagerService: getExternalStorageMountMode : 1
10-15 23:37:08.756  3957  4564 D StorageManagerService: getExternalStorageMountMode : 3
10-15 23:37:08.756  3957  4564 D StorageManagerService: getExternalStorageMountMode : final mountMode=1, uid : 10169, packageName : org.mozilla.fenix
10-15 23:37:08.756  3957  4564 I ApplicationPolicy: isApplicationExternalStorageWhitelisted:org.mozilla.fenix user:0
10-15 23:37:08.756  3957  4564 D ApplicationPolicy: isApplicationExternalStorageWhitelisted: DO is not enabled on user 0. Allowed.
10-15 23:37:08.756  3957  4564 D ActivityManager: package  org.mozilla.fenix, user - 0 is SDcard whitelisted
10-15 23:37:08.756  3957  4564 I ApplicationPolicy: isApplicationExternalStorageBlacklisted:org.mozilla.fenix user:0
10-15 23:37:08.757  3957  4564 D ApplicationPolicy: isApplicationExternalStorageBlacklisted: DO is not enabled on user 0. Allowed.
10-15 23:37:08.758  6343  6427 D ScanRecord: Not a Multi Manu data
10-15 23:37:08.767  3957  4564 I ActivityManager: Start proc 13068:org.mozilla.fenix:gpu/u0a169 for service org.mozilla.fenix/org.mozilla.gecko.process.GeckoChildProcessServices$gpu
10-15 23:37:08.767  6343  6427 I chatty  : uid=1002(bluetooth) BT Service Call identical 24 lines
10-15 23:37:08.767  6343  6427 D ScanRecord: Not a Multi Manu data
10-15 23:37:08.769 13068 13068 E Zygote  : isWhitelistProcess - Process is Whitelisted
10-15 23:37:08.769 13068 13068 E libpersona: scanKnoxPersonas
10-15 23:37:08.769 13068 13068 E libpersona: Couldn't open the File - /data/system/users/0/personalist.xml - No such file or directory
10-15 23:37:08.770 12920 12920 W GeckoViewActivityContextDelegate: A non-activity context was set.
10-15 23:37:08.770 12416 12416 E adbd    : recv: OPEN 00000f21 00000000 0042:73 68 65 6C 6C 2C 76 32 2C 54 45 52 4D 3D 78 74 65 72 6D 2D 32 35 36 63 6F 6C 6F 72 2C 72 61 77 3A 67 65 74 70 72 6F 70 20 72 6F 2E 62 75 69 6C 64 2E 76 65 72 73 69 6F 6E 2E 72 65 6C 65 61 73 65 00 
10-15 23:37:08.771 12416 12416 E adbd    : service_to_fd: shell,v2,TERM=xterm-256color,raw:getprop ro.build.version.release
10-15 23:37:08.771 13068 13068 W SELinux : SELinux selinux_android_compute_policy_index : Policy Index[2],  Con:u:r:zygote:s0 RAM:SEPF_SM-J720F_8.0.0_0002, [-1 -1 -1 -1 0 1]
10-15 23:37:08.771 13068 13068 I SELinux : SELinux: seapp_context_lookup: seinfo=untrusted, level=s0:c512,c768, pkgname=org.mozilla.fenix:gpu 
10-15 23:37:08.773  6343  6427 D ScanRecord: Not a Multi Manu data
10-15 23:37:08.776  6343  6427 I chatty  : uid=1002(bluetooth) BT Service Call identical 37 lines
10-15 23:37:08.776  6343  6427 D ScanRecord: Not a Multi Manu data
10-15 23:37:08.789  3957  4564 D ConnectivityService: filterNetworkStateForUid() uid: 10169 networkInfo: [type: WIFI[] - WIFI, state: CONNECTED/CONNECTED, reason: (unspecified), extra: "ourhome", failover: false, available: true, roaming: false, metered: false]
10-15 23:37:08.789  3957  4564 D WifiService: getConnectionInfo uid=1000
10-15 23:37:08.790  3957  4564 I chatty  : uid=1000(system) Binder:3957_6 identical 1 line
10-15 23:37:08.790  6343  6427 D ScanRecord: Not a Multi Manu data
10-15 23:37:08.790  3957  4564 D WifiService: getConnectionInfo uid=1000
10-15 23:37:08.790  6343  6427 D ScanRecord: Not a Multi Manu data
10-15 23:37:08.790  6343  6427 D ScanRecord: Not a Multi Manu data
10-15 23:37:08.790  6343  6427 I chatty  : uid=1002(bluetooth) BT Service Call identical 9 lines
10-15 23:37:08.791  6343  6427 D ScanRecord: Not a Multi Manu data
10-15 23:37:08.791  3957  4564 D ConnectivityService: filterNetworkStateForUid() uid: 10169 networkInfo: [type: WIFI[] - WIFI, state: CONNECTED/CONNECTED, reason: (unspecified), extra: "ourhome", failover: false, available: true, roaming: false, metered: false]
10-15 23:37:08.791  3957  4564 D WifiService: getConnectionInfo uid=1000
10-15 23:37:08.792 12920 12949 W linker  : "/data/app/org.mozilla.fenix-iWpGOrf8cry6RDpwHyQugA==/lib/arm64/libsoftokn3.so" unused DT entry: type 0x8000024 arg 0x2580
10-15 23:37:08.793 12920 12949 W linker  : "/data/app/org.mozilla.fenix-iWpGOrf8cry6RDpwHyQugA==/lib/arm64/libsoftokn3.so" unused DT entry: type 0x8000023 arg 0x70
10-15 23:37:08.793 12920 12949 W linker  : "/data/app/org.mozilla.fenix-iWpGOrf8cry6RDpwHyQugA==/lib/arm64/libsoftokn3.so" unused DT entry: type 0x8000025 arg 0x8
10-15 23:37:08.794  6343  6427 D ScanRecord: Not a Multi Manu data
10-15 23:37:08.794  6343  6427 I chatty  : uid=1002(bluetooth) BT Service Call identical 11 lines
10-15 23:37:08.794  6343  6427 D ScanRecord: Not a Multi Manu data
10-15 23:37:08.796 13068 13068 D TimaKeyStoreProvider: TimaKeyStore is not enabled: cannot add TimaSignature Service and generateKeyPair Service
10-15 23:37:08.796 13068 13068 D ActivityThread: Added TimaKeyStore provider
10-15 23:37:08.798  3957 18006 I ActivityManager: DSS on for org.mozilla.fenix and scale is 1.0
10-15 23:37:08.802  6343  6427 D ScanRecord: Not a Multi Manu data
10-15 23:37:08.802  6343  6427 I chatty  : uid=1002(bluetooth) BT Service Call identical 11 lines
10-15 23:37:08.802  6343  6427 D ScanRecord: Not a Multi Manu data
10-15 23:37:08.802 12920 12920 I BgSyncManager: Periodic syncing enabled: PeriodicSyncConfig(periodMinutes=240, initialDelayMinutes=5)
10-15 23:37:08.802 12920 12920 I FirefoxAccountStateMachine: Sync is enabled
10-15 23:37:08.804  6343  6427 D ScanRecord: Not a Multi Manu data
10-15 23:37:08.805  6343  6427 I chatty  : uid=1002(bluetooth) BT Service Call identical 11 lines
10-15 23:37:08.805  6343  6427 D ScanRecord: Not a Multi Manu data
10-15 23:37:08.812 12920 12949 W linker  : "/data/app/org.mozilla.fenix-iWpGOrf8cry6RDpwHyQugA==/lib/arm64/libfreebl3.so" unused DT entry: type 0x8000024 arg 0xe78
10-15 23:37:08.812 12920 12949 W linker  : "/data/app/org.mozilla.fenix-iWpGOrf8cry6RDpwHyQugA==/lib/arm64/libfreebl3.so" unused DT entry: type 0x8000023 arg 0x68
10-15 23:37:08.813 12920 12949 W linker  : "/data/app/org.mozilla.fenix-iWpGOrf8cry6RDpwHyQugA==/lib/arm64/libfreebl3.so" unused DT entry: type 0x8000025 arg 0x8
10-15 23:37:08.819 13068 13068 I zygote64: no shared libraies, dex_files: 1
10-15 23:37:08.819  6343  6427 D ScanRecord: Not a Multi Manu data
10-15 23:37:08.819  6343  6427 I chatty  : uid=1002(bluetooth) BT Service Call identical 11 lines
10-15 23:37:08.819  6343  6427 D ScanRecord: Not a Multi Manu data
10-15 23:37:08.827 12920 12977 I StartupTypeTelemetry: Recorded start up: cold_main
10-15 23:37:08.829  6343  6427 D ScanRecord: Not a Multi Manu data
10-15 23:37:08.836  6343  6427 I chatty  : uid=1002(bluetooth) BT Service Call identical 24 lines
10-15 23:37:08.836  6343  6427 D ScanRecord: Not a Multi Manu data
10-15 23:37:08.838 12920 13093 D OpenGLRenderer: HWUI GL Pipeline
10-15 23:37:08.842  6343  6427 D ScanRecord: Not a Multi Manu data
10-15 23:37:08.843  6343  6427 I chatty  : uid=1002(bluetooth) BT Service Call identical 11 lines
10-15 23:37:08.843  6343  6427 D ScanRecord: Not a Multi Manu data
10-15 23:37:08.846 12920 13047 W linker  : "/data/app/org.mozilla.fenix-iWpGOrf8cry6RDpwHyQugA==/lib/arm64/libnssckbi.so" unused DT entry: type 0x8000024 arg 0xc08
10-15 23:37:08.846 12920 13047 W linker  : "/data/app/org.mozilla.fenix-iWpGOrf8cry6RDpwHyQugA==/lib/arm64/libnssckbi.so" unused DT entry: type 0x8000023 arg 0x258
10-15 23:37:08.846 12920 13047 W linker  : "/data/app/org.mozilla.fenix-iWpGOrf8cry6RDpwHyQugA==/lib/arm64/libnssckbi.so" unused DT entry: type 0x8000025 arg 0x8
10-15 23:37:08.847 12920 12920 D ViewRootImpl@3adee14[App]: setView = DecorView@710a6bd[App] TM=true MM=false
10-15 23:37:08.848  3957  4564 D ActivityManager: post active user change for 0 fullscreen true isHomeActivity() false
10-15 23:37:08.848 12920 12920 I Choreographer: Skipped 61 frames!  The application may be doing too much work on its main thread.
10-15 23:37:08.856 12416 12416 E adbd    : recv: OPEN 00000f25 00000000 003e:73 68 65 6C 6C 2C 76 32 2C 54 45 52 4D 3D 78 74 65 72 6D 2D 32 35 36 63 6F 6C 6F 72 2C 72 61 77 3A 67 65 74 70 72 6F 70 20 72 6F 2E 62 75 69 6C 64 2E 76 65 72 73 69 6F 6E 2E 73 64 6B 00 
10-15 23:37:08.856 12416 12416 E adbd    : service_to_fd: shell,v2,TERM=xterm-256color,raw:getprop ro.build.version.sdk
10-15 23:37:08.856  6343  6427 D ScanRecord: Not a Multi Manu data
10-15 23:37:08.863  6343  6427 I chatty  : uid=1002(bluetooth) BT Service Call identical 50 lines
10-15 23:37:08.863  6343  6427 D ScanRecord: Not a Multi Manu data
10-15 23:37:08.866 12920 12920 D ViewRootImpl@3adee14[App]: dispatchAttachedToWindow
10-15 23:37:08.870  6343  6427 D ScanRecord: Not a Multi Manu data
10-15 23:37:08.872  3957  4564 V WindowManager: Relayout Window{cdf68a4 u0 org.mozilla.fenix/org.mozilla.fenix.App}: viewVisibility=0 req=719x1237 WM.LayoutParams{(0,0)(fillxfill) sim=#110 ty=1 fl=#81010100 pfl=0x20000 wanim=0x7f1404fa vsysui=0x2610 needsMenuKey=2 colorMode=0 naviIconColor=0}
10-15 23:37:08.873  6343  6427 I chatty  : uid=1002(bluetooth) BT Service Call identical 32 lines
10-15 23:37:08.873  6343  6427 D ScanRecord: Not a Multi Manu data
10-15 23:37:08.876  3447  3447 I SurfaceFlinger: id=1874 createSurf (720x1280),1 flag=404, org.mozilla.fenix/org.mozilla.fenix.App#0
10-15 23:37:08.876  3957  7899 D ConnectivityService: filterNetworkStateForUid() uid: 10169 networkInfo: [type: WIFI[] - WIFI, state: CONNECTED/CONNECTED, reason: (unspecified), extra: "ourhome", failover: false, available: true, roaming: false, metered: false]
10-15 23:37:08.876  3957  7899 D WifiService: getConnectionInfo uid=1000
10-15 23:37:08.877  6343  6427 D ScanRecord: Not a Multi Manu data
10-15 23:37:08.878  3957  4564 V Surface : sf_framedrop debug : 0x4f4c, game : false, logging : 0
10-15 23:37:08.878  3957  3973 D WindowManager: set systemUiVisibility : systemUiFlags= 0x2608 fullscreenStackSysUiFlags= 0x0
10-15 23:37:08.882  6343  6427 I chatty  : uid=1002(bluetooth) BT Service Call expire 55 lines
10-15 23:37:08.882  6343  6427 D ScanRecord: Not a Multi Manu data
10-15 23:37:08.883  3957  4564 D InputDispatcher: Focus entered window: 12920
10-15 23:37:08.884 13068 13068 I ServiceChildProcess: onCreate
10-15 23:37:08.884  3957  4653 D WindowManager: adjustSystemUiVisibilityLw : vis= 0x2608
10-15 23:37:08.884 12920 12920 V Surface : sf_framedrop debug : 0x4f4c, game : false, logging : 0
10-15 23:37:08.885 12920 12920 D ViewRootImpl@3adee14[App]: Relayout returned: old=[0,0][0,0] new=[0,0][720,1280] result=0x7 surface={valid=true 499285835776} changed=true
10-15 23:37:08.888 12920 13093 I OpenGLRenderer: Initialized EGL, version 1.4
10-15 23:37:08.888 12920 13093 D OpenGLRenderer: Swap behavior 2
10-15 23:37:08.890 13068 13101 I GeckoThread: preparing to run Gecko
10-15 23:37:08.892 12920 13093 D libGLESv1: STS_GLApi : DTS, ODTC are not allowed for Package : org.mozilla.fenix
10-15 23:37:08.892  6343  6427 D ScanRecord: Not a Multi Manu data
10-15 23:37:08.894  6343  6427 I chatty  : uid=1002(bluetooth) BT Service Call identical 24 lines
10-15 23:37:08.894  6343  6427 D ScanRecord: Not a Multi Manu data
10-15 23:37:08.895 12920 13093 D mali_winsys: EGLint new_window_surface(egl_winsys_display *, void *, EGLSurface, EGLConfig, egl_winsys_surface **, egl_color_buffer_format *, EGLBoolean) returns 0x3000,  [720x1280]-format:1
10-15 23:37:08.895 12920 13093 D OpenGLRenderer: eglCreateWindowSurface = 0x743fb83ec0
10-15 23:37:08.897  6343  6427 D ScanRecord: Not a Multi Manu data
10-15 23:37:08.897  6343  6427 I chatty  : uid=1002(bluetooth) BT Service Call identical 11 lines
10-15 23:37:08.897  6343  6427 D ScanRecord: Not a Multi Manu data
10-15 23:37:08.897  3447  3447 I SurfaceFlinger: id=1875 createSurf (720x1238),1 flag=4, SurfaceView - org.mozilla.fenix/org.mozilla.fenix.App@861be62@0#0
10-15 23:37:08.898  3447  3447 I SurfaceFlinger: id=1876 createSurf (720x1238),-1 flag=20004, Background for - SurfaceView - org.mozilla.fenix/org.mozilla.fenix.App@861be62@0#0
10-15 23:37:08.899 12920 12920 D SurfaceView: BG hide() Surface(name=Background for - SurfaceView - org.mozilla.fenix/org.mozilla.fenix.App@861be62@0) false true org.mozilla.gecko.MagnifiableSurfaceView{861be62 V.E...... ......ID 0,0-720,1238}
10-15 23:37:08.909 12920 12920 V Surface : sf_framedrop debug : 0x4f4c, game : false, logging : 0
10-15 23:37:08.911 12920 12920 D SurfaceView: surfaceCreated 1 org.mozilla.gecko.MagnifiableSurfaceView{861be62 V.E...... ......ID 0,0-720,1238}
10-15 23:37:08.911 12920 12920 D SurfaceView: surfaceChanged (720,1238) 1 org.mozilla.gecko.MagnifiableSurfaceView{861be62 V.E...... ......ID 0,0-720,1238}
10-15 23:37:08.916 12920 12931 I zygote64: Background concurrent copying GC freed 19487(1520KB) AllocSpace objects, 13(372KB) LOS objects, 49% free, 3MB/6MB, paused 3.032ms total 110.203ms
10-15 23:37:08.923 12920 12948 I libglean_ffi: glean_core::ping: Collecting baseline
10-15 23:37:08.924  3957  4564 D ConnectivityService: filterNetworkStateForUid() uid: 10169 networkInfo: [type: WIFI[] - WIFI, state: CONNECTED/CONNECTED, reason: (unspecified), extra: "ourhome", failover: false, available: true, roaming: false, metered: false]
10-15 23:37:08.924  3957  4564 D WifiService: getConnectionInfo uid=1000
10-15 23:37:08.928 12416 12416 E adbd    : recv: OPEN 00000f29 00000000 0042:73 68 65 6C 6C 2C 76 32 2C 54 45 52 4D 3D 78 74 65 72 6D 2D 32 35 36 63 6F 6C 6F 72 2C 72 61 77 3A 67 65 74 70 72 6F 70 20 72 6F 2E 62 75 69 6C 64 2E 76 65 72 73 69 6F 6E 2E 72 65 6C 65 61 73 65 00 
10-15 23:37:08.928 12416 12416 E adbd    : service_to_fd: shell,v2,TERM=xterm-256color,raw:getprop ro.build.version.release
10-15 23:37:08.943 12920 12948 I libglean_ffi: glean_core::upload::directory: Processing ping at: /data/user/0/org.mozilla.fenix/glean_data/pending_pings/041967c6-7ade-409f-b49d-b36c781df993
10-15 23:37:08.945 12920 12948 I libglean_ffi: glean_core::metrics::ping: The ping 'baseline' was submitted and will be sent as soon as possible
10-15 23:37:08.955  3599  3918 D DnsProxyListener: DNSDBG::dns addrinfo af 0
10-15 23:37:08.958  3599  3918 D DnsProxyListener: DNSDBG::dns addrinfo af 0
10-15 23:37:08.960 12416 12416 E adbd    : recv: OPEN 00000f2d 00000000 003e:73 68 65 6C 6C 2C 76 32 2C 54 45 52 4D 3D 78 74 65 72 6D 2D 32 35 36 63 6F 6C 6F 72 2C 72 61 77 3A 67 65 74 70 72 6F 70 20 72 6F 2E 62 75 69 6C 64 2E 76 65 72 73 69 6F 6E 2E 73 64 6B 00 
10-15 23:37:08.960 12416 12416 E adbd    : service_to_fd: shell,v2,TERM=xterm-256color,raw:getprop ro.build.version.sdk
10-15 23:37:08.960  3599  3918 D DnsProxyListener: DNSDBG::dns addrinfo af 0
10-15 23:37:09.004 12416 12416 E adbd    : recv: OPEN 00000f31 00000000 015d:73 68 65 6C 6C 2C 76 32 2C 54 45 52 4D 3D 78 74 65 72 6D 2D 32 35 36 63 6F 6C 6F 72 2C 72 61 77 3A 61 6D 20 73 74 61 72 74 2D 66 6F 72 65 67 72 6F 75 6E 64 2D 73 65 72 76 69 63 65 20 2D 6E 20 22 63 6F 6D 2E 65 78 61 6D 70 6C 65 2E 62 61 74 74 65 72 79 6D 61 6E 61 67 65 72 5F 75 74 69 6C 69 74 79 2F 63 6F 6D 2E 65 78 61 6D 70 6C 65 2E 62 61 74 74 65 72 79 6D 61 6E 61 67 65 72 5F 75 74 69 6C 69 74 79 2E 44 61 74 61 43 6F 6C 6C 65 63 74 69 6F 6E 53 65 72 76 69 63 65 22 20 2D 2D 65 69 20 73 61 6D 70 6C 65 52 61 74 65 20 31 30 30 20 2D 2D 65 73 20 22 64 61 74 61 46 69 65 6C 64 73 22 20 22 42 41 54 54 45 52 59 5F 50 52 4F 50 45 52 54 59 5F 43 55 52 52 45 4E 54 5F 4E 4F 57 2C 45 58 54 52 41 5F 56 4F 4C 54 41 47 45 2C 42 41 54 54 45 52 59 5F 50 52 4F 50 45 52 54 59 5F 43 55 52 52 45 4E 54 5F 41 56 45 52 41 47 45 2C 42 41 54 54 45 52 59 5F 50 52 4F 50 45 52 54 59 5F 43 48 41 52 47 45 5F 43 4F 55 4E 54 45 52 2C 42 41 54 54 45 52 59 5F 50 52 4F 50 45 52 54 59 5F 43 41 50 41 43 49 54 59
10-15 23:37:09.004 12416 12416 E adbd    : service_to_fd: shell,v2,TERM=xterm-256color,raw:am start-foreground-service -n "com.example.batterymanager_utility/com.example.batterymanager_utility.DataCollectionService" --ei sampleRate 100 --es "dataFields" "BATTERY_PROPERTY_CURRENT_NOW,EXTRA_VOLTAGE,BATTERY_PROPERTY_CURRENT_AVERAGE,BATTERY_PROPERTY_CHARGE_COUNTER,BATTERY_PROPERTY_CAPACITY" --ez toCSV false
10-15 23:37:09.024  3957  4128 D WifiService: getConnectionInfo uid=1000
10-15 23:37:09.044  3957  4653 D ConnectivityService: filterNetworkStateForUid() uid: 10169 networkInfo: [type: WIFI[] - WIFI, state: CONNECTED/CONNECTED, reason: (unspecified), extra: "ourhome", failover: false, available: true, roaming: false, metered: false]
10-15 23:37:09.044  3957  4653 D WifiService: getConnectionInfo uid=1000
10-15 23:37:09.044  3957  4653 I chatty  : uid=1000(system) Binder:3957_B identical 1 line
10-15 23:37:09.045  3957  4653 I chatty  : uid=1000(system) Binder:3957_B identical 1 line
10-15 23:37:09.046  3957  4653 D ConnectivityService: filterNetworkStateForUid() uid: 10169 networkInfo: [type: WIFI[] - WIFI, state: CONNECTED/CONNECTED, reason: (unspecified), extra: "ourhome", failover: false, available: true, roaming: false, metered: false]
10-15 23:37:09.046  3957  4653 D WifiService: getConnectionInfo uid=1000
10-15 23:37:09.050  3957  4564 D ConnectivityService: filterNetworkStateForUid() uid: 10169 networkInfo: [type: WIFI[] - WIFI, state: CONNECTED/CONNECTED, reason: (unspecified), extra: "ourhome", failover: false, available: true, roaming: false, metered: false]
10-15 23:37:09.050  3957  4564 D WifiService: getConnectionInfo uid=1000
10-15 23:37:09.051  3957  4564 I chatty  : uid=1000(system) Binder:3957_6 identical 1 line
10-15 23:37:09.051  3957  4564 I chatty  : uid=1000(system) Binder:3957_6 identical 1 line
10-15 23:37:09.052  3957  4564 D ConnectivityService: filterNetworkStateForUid() uid: 10169 networkInfo: [type: WIFI[] - WIFI, state: CONNECTED/CONNECTED, reason: (unspecified), extra: "ourhome", failover: false, available: true, roaming: false, metered: false]
10-15 23:37:09.052  3957  4564 D WifiService: getConnectionInfo uid=1000
10-15 23:37:09.061 12920 13122 I FirefoxAccountStateMachine: Processing event 'mozilla.components.service.fxa.manager.Event$Account$Start@ad34ee6' for state Idle(accountState=NotAuthenticated). Next state is Active(progressState=Initializing)
