10-15 22:55:13.469  3957  4129 D WifiStateMachine:  ConnectedState !RSSI_PKTCNT_FETCH uid=1000 rt=405302619/1065700847 0 0 "ourhome" f4:6d:2f:12:cc:88 rssi=-40 f=5240 sc=60 link=433 tx=0.0, 0.0, 0.0  rx=3.3 bcn=79952 [on:0 tx:0 rx:0 period:896] from screen [on:560148 period:3480445] score=60
10-15 22:55:13.469  3957  4129 D WifiStateMachine:  L2ConnectedState !RSSI_PKTCNT_FETCH uid=1000 rt=405302620/1065700847 0 0 "ourhome" f4:6d:2f:12:cc:88 rssi=-40 f=5240 sc=60 link=433 tx=0.0, 0.0, 0.0  rx=3.3 bcn=79952 [on:0 tx:0 rx:0 period:0] from screen [on:560148 period:3480445] score=60
10-15 22:55:13.470  3957  3967 D PackageManager: getComponentMetadataForIconTray : com.example.batterymanager_utility.MainActivity does not exist in mServices
10-15 22:55:13.470  3957  3967 D PackageManager: getComponentMetadataForIconTray : com.example.batterymanager_utility.MainActivity does not exist in mProviders
10-15 22:55:13.470  3957  3967 D PackageManager: getComponentMetadataForIconTray : com.example.batterymanager_utility.MainActivity does not exist in mReceivers
10-15 22:55:13.471  4340  4361 D ApplicationPackageManager: updateItemMetaDataForFixedIconScale: package: com.example.batterymanager_utility
10-15 22:55:13.471  3957  3967 D PackageManager: getSelectedMetaData : packageName(com.example.batterymanager_utility) or Metadata strings {[Ljava.lang.String;@4bc2e31}
10-15 22:55:13.472  4340  4361 I ApplicationPackageManager: load=com.example.batterymanager_utility, bg=144-144, dr=189-189, forDefault=true, density=0
10-15 22:55:13.473  4340  4361 I ApplicationPackageManager: scaled rate=0.72, size=189, alpha=54, hold=102
10-15 22:55:13.473  4340  4361 D ApplicationPackageManager: iconScale: getScale(): 0.72 getAlpha(): 54
10-15 22:55:13.475  4340  4361 I ApplicationPackageManager: load=com.example.batterymanager_utility-contain, bg=112-112, dr=189-189
10-15 22:55:13.475  3957  4129 D WifiStateMachine: fetchRssiLinkSpeedAndFrequencyNative rssi=-41 linkspeed=433 freq=5240
10-15 22:55:13.515  8819  8819 I FirebaseApp: Device unlocked: initializing all Firebase APIs for app [DEFAULT]
10-15 22:55:13.525  8819  8819 I FirebaseInitProvider: FirebaseApp initialization successful
10-15 22:55:13.538  3957  4089 D MdnieScenarioControlService:  packageName : org.mozilla.fenix    className : org.mozilla.fenix.App
10-15 22:55:13.538  3957  4089 V MdnieScenarioControlService: setUIMode from UI function(3)
10-15 22:55:13.651  3447  3447 I SurfaceFlinger: Display 0 HWC layers:
10-15 22:55:13.651  3447  3447 I SurfaceFlinger:     type    |    handle    | flag |  format   |   source crop (l,t,r,b)    |         frame       | name 
10-15 22:55:13.651  3447  3447 I SurfaceFlinger: ------------+--------------+------+-----------+----------------------------+---------------------+------
10-15 22:55:13.651  3447  3447 I SurfaceFlinger:      Client |              | 0000 |  Unknown  |  -0.2   -0.2   -0.8   -0.8 |    0    0  720 1280 | animation background stackId=1#0
10-15 22:55:13.651  3447  3447 I SurfaceFlinger:      Client | 0x7e9ed38680 | 0002 | RGBA_8888 |   0.0    0.0  720.0 1280.0 |   16   29  703 1251 | com.example.batterymanager_utility/c[...]atterymanager_utility.MainActivity#0
10-15 22:55:13.651  3447  3447 I SurfaceFlinger:      Client | 0x7ea5024180 | 0000 | RGBA_8888 |   0.0    0.0  720.0 1022.0 |   17  305  704 1280 | Splash Screen org.mozilla.fenix#0
10-15 22:55:13.651  3447  3447 I SurfaceFlinger:      Client | 0x7ea50249c0 | 0000 | RGBA_8888 |   0.0    0.0  720.0   42.0 |    0    0  720   42 | StatusBar#0
10-15 22:55:13.651  3447  3447 I SurfaceFlinger: 
10-15 22:55:13.710  8819  8845 W linker  : "/data/app/org.mozilla.fenix-iWpGOrf8cry6RDpwHyQugA==/lib/arm64/libxul.so" unused DT entry: type 0x8000024 arg 0x539420
10-15 22:55:13.710  8819  8845 W linker  : "/data/app/org.mozilla.fenix-iWpGOrf8cry6RDpwHyQugA==/lib/arm64/libxul.so" unused DT entry: type 0x8000023 arg 0x17d68
10-15 22:55:13.710  8819  8845 W linker  : "/data/app/org.mozilla.fenix-iWpGOrf8cry6RDpwHyQugA==/lib/arm64/libxul.so" unused DT entry: type 0x8000025 arg 0x8
10-15 22:55:13.711  8819  8845 W linker  : "/data/app/org.mozilla.fenix-iWpGOrf8cry6RDpwHyQugA==/lib/arm64/libnss3.so" unused DT entry: type 0x8000024 arg 0x14998
10-15 22:55:13.711  8819  8845 W linker  : "/data/app/org.mozilla.fenix-iWpGOrf8cry6RDpwHyQugA==/lib/arm64/libnss3.so" unused DT entry: type 0x8000023 arg 0x5c8
10-15 22:55:13.711  8819  8845 W linker  : "/data/app/org.mozilla.fenix-iWpGOrf8cry6RDpwHyQugA==/lib/arm64/libnss3.so" unused DT entry: type 0x8000025 arg 0x8
10-15 22:55:13.712  8819  8845 W linker  : "/data/app/org.mozilla.fenix-iWpGOrf8cry6RDpwHyQugA==/lib/arm64/libmozglue.so" unused DT entry: type 0x8000024 arg 0x38f70
10-15 22:55:13.712  8819  8845 W linker  : "/data/app/org.mozilla.fenix-iWpGOrf8cry6RDpwHyQugA==/lib/arm64/libmozglue.so" unused DT entry: type 0x8000023 arg 0x1f8
10-15 22:55:13.712  8819  8845 W linker  : "/data/app/org.mozilla.fenix-iWpGOrf8cry6RDpwHyQugA==/lib/arm64/libmozglue.so" unused DT entry: type 0x8000025 arg 0x8
10-15 22:55:13.713  8819  8845 W linker  : "/data/app/org.mozilla.fenix-iWpGOrf8cry6RDpwHyQugA==/lib/arm64/libmozglue.so" unused DT entry: type 0x8000024 arg 0x38f70
10-15 22:55:13.713  8819  8845 W linker  : "/data/app/org.mozilla.fenix-iWpGOrf8cry6RDpwHyQugA==/lib/arm64/libmozglue.so" unused DT entry: type 0x8000023 arg 0x1f8
10-15 22:55:13.713  8819  8845 W linker  : "/data/app/org.mozilla.fenix-iWpGOrf8cry6RDpwHyQugA==/lib/arm64/libmozglue.so" unused DT entry: type 0x8000025 arg 0x8
10-15 22:55:13.713  8819  8845 W linker  : "/data/app/org.mozilla.fenix-iWpGOrf8cry6RDpwHyQugA==/lib/arm64/libmozglue.so" unused DT entry: type 0x8000024 arg 0x38f70
10-15 22:55:13.714  8819  8845 W linker  : "/data/app/org.mozilla.fenix-iWpGOrf8cry6RDpwHyQugA==/lib/arm64/libmozglue.so" unused DT entry: type 0x8000023 arg 0x1f8
10-15 22:55:13.714  8819  8845 W linker  : "/data/app/org.mozilla.fenix-iWpGOrf8cry6RDpwHyQugA==/lib/arm64/libmozglue.so" unused DT entry: type 0x8000025 arg 0x8
10-15 22:55:13.714  8819  8845 W linker  : "/data/app/org.mozilla.fenix-iWpGOrf8cry6RDpwHyQugA==/lib/arm64/libmozglue.so" unused DT entry: type 0x8000024 arg 0x38f70
10-15 22:55:13.714  8819  8845 W linker  : "/data/app/org.mozilla.fenix-iWpGOrf8cry6RDpwHyQugA==/lib/arm64/libmozglue.so" unused DT entry: type 0x8000023 arg 0x1f8
10-15 22:55:13.714  8819  8845 W linker  : "/data/app/org.mozilla.fenix-iWpGOrf8cry6RDpwHyQugA==/lib/arm64/libmozglue.so" unused DT entry: type 0x8000025 arg 0x8
10-15 22:55:13.723  3957  4128 D WifiService: getConnectionInfo uid=1000
10-15 22:55:13.850  8819  8845 I nimbus::stateful::nimbus_client: updating experiment list
10-15 22:55:13.856  8819  8845 I nimbus::stateful::persistence: Already at version 2, no upgrade needed
10-15 22:55:13.857  8819  8845 I nimbus::stateful::nimbus_client: [Nimbus] Retrieved date from Context: 2023-09-28 18:32:20 UTC
10-15 22:55:13.857  8819  8845 I nimbus::stateful::nimbus_client: [Nimbus] Installation Date: 2023-09-28 18:32:20 UTC
10-15 22:55:13.858  8819  8845 I nimbus::stateful::nimbus_client: [Nimbus] Update Date: 2023-09-28 18:32:25.568136298 UTC
10-15 22:55:13.858  8819  8845 I nimbus::stateful::nimbus_client: [Nimbus] Days since install: 17
10-15 22:55:13.858  8819  8845 I nimbus::stateful::nimbus_client: [Nimbus] Days since update: 17
10-15 22:55:13.892  8819  8848 I GeckoThread: preparing to run Gecko
10-15 22:55:13.899  3957  3967 W StorageManager: getStorageLowBytes lowPercent : 5, lowBytes : 1260145254, maxLowBytes : 524288000
10-15 22:55:13.902  3957  3967 I chatty  : uid=1000(system) Binder:3957_1 identical 1 line
10-15 22:55:13.904  3957  3967 W StorageManager: getStorageLowBytes lowPercent : 5, lowBytes : 1260145254, maxLowBytes : 524288000
10-15 22:55:13.914  8819  8848 I GeckoLoader: Library base=/data/app/org.mozilla.fenix-iWpGOrf8cry6RDpwHyQugA==/lib/arm64
10-15 22:55:13.915  8819  8851 I libglean_ffi: glean_core::core: Creating new Glean v54.0.0
10-15 22:55:13.918  8819  8848 W Settings: Setting animator_duration_scale has moved from android.provider.Settings.System to android.provider.Settings.Global, returning read-only global URI.
10-15 22:55:13.920  8819  8851 I libglean_ffi: glean_core::database: Database initialized
10-15 22:55:13.921  8819  8848 I GeckoLoader: Library base=/data/app/org.mozilla.fenix-iWpGOrf8cry6RDpwHyQugA==/lib/arm64
10-15 22:55:13.923  8819  8848 E GeckoLibLoad: Load sqlite start
10-15 22:55:13.924  8819  8848 E GeckoLibLoad: Load sqlite done
10-15 22:55:13.924  8819  8848 I GeckoLoader: Library base=/data/app/org.mozilla.fenix-iWpGOrf8cry6RDpwHyQugA==/lib/arm64
10-15 22:55:13.925  8819  8848 E GeckoLibLoad: Load nss start
10-15 22:55:13.925  8819  8848 E GeckoLibLoad: Load nss done
10-15 22:55:13.925  8819  8848 I GeckoLoader: Library base=/data/app/org.mozilla.fenix-iWpGOrf8cry6RDpwHyQugA==/lib/arm64
10-15 22:55:13.927  8819  8851 I libglean_ffi: glean_core: Glean initialized
10-15 22:55:13.927  8819  8848 E GeckoLibLoad: Loaded libs in 1.958115ms total, 0ms(0ms) user, 0ms(4ms) system, 2(3) faults
10-15 22:55:13.928  8819  8848 W GeckoThread: zerdatime 1065701306 - runGecko
10-15 22:55:13.929  8819  8851 I libglean_ffi: glean_core::event_database: Loading events for background-update
10-15 22:55:13.932  8819  8851 I libglean_ffi: glean_core::event_database: Loading events for events
10-15 22:55:13.937  8819  8851 I libglean_ffi: glean_core::ping: Collecting events
10-15 22:55:13.942  3599  3918 D DnsProxyListener: DNSDBG::dns by name af 2
10-15 22:55:13.946  8819  8851 I libglean_ffi: glean_core::upload::directory: Processing ping at: /data/user/0/org.mozilla.fenix/glean_data/pending_pings/29f9eef4-abd1-4ce9-bb56-9b6c533794bb
10-15 22:55:13.947  8819  8851 I libglean_ffi: glean_core::metrics::ping: The ping 'events' was submitted and will be sent as soon as possible
10-15 22:55:13.948  3957  4025 I WindowManager: Destroying surface Surface(name=com.example.batterymanager_utility/com.example.batterymanager_utility.MainActivity) called by com.android.server.wm.WindowStateAnimator.destroySurface:2501 com.android.server.wm.WindowStateAnimator.destroySurfaceLocked:985 com.android.server.wm.WindowState.destroyOrSaveSurfaceUnchecked:3670 com.android.server.wm.WindowState.destroySurface:3618 com.android.server.wm.AppWindowToken.destroySurfaces:722 com.android.server.wm.AppWindowToken.destroySurfaces:706 com.android.server.wm.WindowState.onExitAnimationDone:5316 com.android.server.wm.WindowStateAnimator.stepAnimationLocked:550 
10-15 22:55:13.948  3447  3488 I SurfaceFlinger: id=1816 Removed com.example.batterymanager_utility/com.example.batterymanager_utility.MainActivity#0 (2/5)
10-15 22:55:13.951  3447  3488 I SurfaceFlinger: id=1816 Removed com.example.batterymanager_utility/com.example.batterymanager_utility.MainActivity#0 (-2/5)
10-15 22:55:13.953  3957  3967 D PackageManager: setEnabledSetting : userId = 0 packageName = org.mozilla.fenix cmp = androidx.work.impl.background.systemjob.SystemJobService newState = 1 callingPackage = 10169/org.mozilla.fenix
10-15 22:55:13.963  3447  3447 I Layer   : id=1816 onRemoved com.example.batterymanager_utility/com.example.batterymanager_utility.MainActivity#0 
10-15 22:55:13.967  3447  3447 I SurfaceFlinger: Display 0 HWC layers:
10-15 22:55:13.967  3447  3447 I SurfaceFlinger:     type    |    handle    | flag |  format   |   source crop (l,t,r,b)    |         frame       | name 
10-15 22:55:13.967  3447  3447 I SurfaceFlinger: ------------+--------------+------+-----------+----------------------------+---------------------+------
10-15 22:55:13.967  3447  3447 I SurfaceFlinger:      Device | 0x7ea5024180 | 0000 | RGBA_8888 |   0.0    0.0  720.0 1280.0 |    0    0  720 1280 | Splash Screen org.mozilla.fenix#0
10-15 22:55:13.967  3447  3447 I SurfaceFlinger:      Device | 0x7ea50249c0 | 0000 | RGBA_8888 |   0.0    0.0  720.0   42.0 |    0    0  720   42 | StatusBar#0
10-15 22:55:13.967  3447  3447 I SurfaceFlinger: 
10-15 22:55:13.976  8819  8851 I glean/MetricsPingSched: The 'metrics' ping was already sent today, 1697403313969.
10-15 22:55:13.982  8819  8851 I libglean_ffi: glean_core::ping: Collecting baseline
10-15 22:55:14.006  8819  8851 I libglean_ffi: glean_core::upload::directory: Processing ping at: /data/user/0/org.mozilla.fenix/glean_data/pending_pings/3364647a-b28f-49d0-b7a3-4ecda740ce49
10-15 22:55:14.006  8819  8851 I libglean_ffi: glean_core::metrics::ping: The ping 'baseline' was submitted and will be sent as soon as possible
10-15 22:55:14.024  8819  8847 I libglean_ffi: glean_core::ping: Collecting pageload
10-15 22:55:14.026  8819  8847 I libglean_ffi: glean_core::ping: Storage for pageload empty. Bailing out.
10-15 22:55:14.026  8819  8847 I libglean_ffi: glean_core::metrics::ping: No content for ping 'pageload', therefore no ping queued.
10-15 22:55:14.037  8819  8848 I Gecko:DumpUtils: Fifo watcher disabled via pref.
10-15 22:55:14.041  8819  8819 I FenixApplication: AutoPushFeature is configured, initializing it...
10-15 22:55:14.045  8819  8847 I libglean_ffi: glean_core::core: Upload enabled: true
10-15 22:55:14.047  8819  8819 I AbstractFirebasePushService: start
10-15 22:55:14.070  3957  4324 I OpenGLRenderer: Initialized EGL, version 1.4
10-15 22:55:14.070  3957  4324 D OpenGLRenderer: Swap behavior 2
10-15 22:55:14.079  8819  8830 I zygote64: Background concurrent copying GC freed 19205(1100KB) AllocSpace objects, 6(120KB) LOS objects, 50% free, 3MB/6MB, paused 2.155ms total 117.193ms
10-15 22:55:14.111  3957  3967 D ConnectivityService: filterNetworkStateForUid() uid: 10169 networkInfo: [type: WIFI[] - WIFI, state: CONNECTED/CONNECTED, reason: (unspecified), extra: "ourhome", failover: false, available: true, roaming: false, metered: false]
10-15 22:55:14.111  3957  3967 D WifiService: getConnectionInfo uid=1000
10-15 22:55:14.132  8819  8884 I push::internal::communications::rate_limiter: No need to reset inner timestamp and count for verify_connection.
10-15 22:55:14.134  3957 12585 D PackageManager: setEnabledSetting : userId = 0 packageName = org.mozilla.fenix cmp = androidx.work.impl.background.systemalarm.RescheduleReceiver newState = 1 callingPackage = 10169/org.mozilla.fenix
10-15 22:55:14.145  3957 12585 D StorageManagerService: getExternalStorageMountMode : 1
10-15 22:55:14.146  3957 12585 D StorageManagerService: getExternalStorageMountMode : 3
10-15 22:55:14.146  3957 12585 D StorageManagerService: getExternalStorageMountMode : final mountMode=1, uid : 10169, packageName : org.mozilla.fenix
10-15 22:55:14.146  3957 12585 I ApplicationPolicy: isApplicationExternalStorageWhitelisted:org.mozilla.fenix user:0
10-15 22:55:14.146  3957 12585 D ApplicationPolicy: isApplicationExternalStorageWhitelisted: DO is not enabled on user 0. Allowed.
10-15 22:55:14.146  3957 12585 D ActivityManager: package  org.mozilla.fenix, user - 0 is SDcard whitelisted
10-15 22:55:14.146  3957 12585 I ApplicationPolicy: isApplicationExternalStorageBlacklisted:org.mozilla.fenix user:0
10-15 22:55:14.146  3957 12585 D ApplicationPolicy: isApplicationExternalStorageBlacklisted: DO is not enabled on user 0. Allowed.
10-15 22:55:14.156  8819  8884 I push::internal::communications::rate_limiter: Not allowed: count(29) > 1 for verify_connection.
10-15 22:55:14.157  8819  8884 I AutoPushFeature: No change to subscriptions. Doing nothing.
10-15 22:55:14.159  8898  8898 E Zygote  : isWhitelistProcess - Process is Whitelisted
10-15 22:55:14.160  8898  8898 E libpersona: scanKnoxPersonas
10-15 22:55:14.160  8898  8898 E libpersona: Couldn't open the File - /data/system/users/0/personalist.xml - No such file or directory
10-15 22:55:14.163  8898  8898 W SELinux : SELinux selinux_android_compute_policy_index : Policy Index[2],  Con:u:r:zygote:s0 RAM:SEPF_SM-J720F_8.0.0_0002, [-1 -1 -1 -1 0 1]
10-15 22:55:14.164  8898  8898 I SELinux : SELinux: seapp_context_lookup: seinfo=untrusted, level=s0:c512,c768, pkgname=org.mozilla.fenix:tab30 
10-15 22:55:14.167  3957 12585 I ActivityManager: Start proc 8898:org.mozilla.fenix:tab30/u0a169 for service org.mozilla.fenix/org.mozilla.gecko.process.GeckoChildProcessServices$tab30
10-15 22:55:14.168  3957  3967 D ConnectivityService: filterNetworkStateForUid() uid: 10169 networkInfo: [type: WIFI[] - WIFI, state: CONNECTED/CONNECTED, reason: (unspecified), extra: "ourhome", failover: false, available: true, roaming: false, metered: false]
10-15 22:55:14.168  3957  3967 D WifiService: getConnectionInfo uid=1000
10-15 22:55:14.178  3957  3967 I chatty  : uid=1000(system) Binder:3957_1 identical 1 line
10-15 22:55:14.178  3957  3967 I chatty  : uid=1000(system) Binder:3957_1 identical 1 line
10-15 22:55:14.180  3957  3967 D ConnectivityService: filterNetworkStateForUid() uid: 10169 networkInfo: [type: WIFI[] - WIFI, state: CONNECTED/CONNECTED, reason: (unspecified), extra: "ourhome", failover: false, available: true, roaming: false, metered: false]
10-15 22:55:14.180  3957  3967 D WifiService: getConnectionInfo uid=1000
10-15 22:55:14.183  8819  8892 D ConnectivityManager: requestNetwork; CallingUid : 10169, CallingPid : 8819
10-15 22:55:14.188  3957  3967 D ConnectivityService: requestNetwork for uid/pid:10169/8819 NetworkRequest [ TRACK_DEFAULT id=1159, [ Capabilities: INTERNET&NOT_RESTRICTED&TRUSTED&NOT_VPN] ]
10-15 22:55:14.190  3957  4157 D ConnectivityService: rematching NetworkAgentInfo [WIFI () - 507]
10-15 22:55:14.190  3957  4157 D ConnectivityService:  network has: [ Transports: WIFI Capabilities: NOT_METERED&INTERNET&NOT_RESTRICTED&TRUSTED&NOT_VPN&VALIDATED&FOREGROUND LinkUpBandwidth>=1048576Kbps LinkDnBandwidth>=1048576Kbps SignalStrength: -43]
10-15 22:55:14.190  3957  4157 D ConnectivityService: Network NetworkAgentInfo [WIFI () - 507] was already satisfying request 1150. No change.
10-15 22:55:14.190  3957  4157 D ConnectivityService: Network NetworkAgentInfo [WIFI () - 507] was already satisfying request 1146. No change.
10-15 22:55:14.190  3957  4157 D ConnectivityService: Network NetworkAgentInfo [WIFI () - 507] was already satisfying request 1155. No change.
10-15 22:55:14.190  3957  4157 D ConnectivityService:   checking if request is satisfied: NetworkRequest [ TRACK_DEFAULT id=1159, [ Capabilities: INTERNET&NOT_RESTRICTED&TRUSTED&NOT_VPN] ]
10-15 22:55:14.190  3957  4157 D ConnectivityService: currentScore = 0, newScore = 100
10-15 22:55:14.190  3957  4157 D ConnectivityService: rematch for NetworkAgentInfo [WIFI () - 507]
10-15 22:55:14.190  3957  4157 D ConnectivityService:    accepting network in place of null
10-15 22:55:14.190  3957  4157 D ConnectivityService: sending new Min Network Score(100): NetworkRequest [ TRACK_DEFAULT id=1159, [ Capabilities: INTERNET&NOT_RESTRICTED&TRUSTED&NOT_VPN] ]
10-15 22:55:14.190  3957  4313 D Ethernet: got request NetworkRequest [ TRACK_DEFAULT id=1159, [ Capabilities: INTERNET&NOT_RESTRICTED&TRUSTED&NOT_VPN] ] with score 100
10-15 22:55:14.191  3957  4313 D Ethernet:   my score=-1, my filter=[ Transports: ETHERNET Capabilities: INTERNET&NOT_RESTRICTED&TRUSTED&NOT_VPN LinkUpBandwidth>=100000Kbps LinkDnBandwidth>=100000Kbps]
10-15 22:55:14.191  3957  4313 D Ethernet: evalRequest
10-15 22:55:14.191  3957  4313 D Ethernet:   done
10-15 22:55:14.191  3957  4157 D ConnectivityService: MultiNetwork Request(TransportType - Wi-Fi request). Internet Capability doesn't required (false)
10-15 22:55:14.191  3957  4153 D WIFI_P2P: got request NetworkRequest [ TRACK_DEFAULT id=1159, [ Capabilities: INTERNET&NOT_RESTRICTED&TRUSTED&NOT_VPN] ] with score 100
10-15 22:55:14.191  3957  4129 D WIFI    : got request NetworkRequest [ TRACK_DEFAULT id=1159, [ Capabilities: INTERNET&NOT_RESTRICTED&TRUSTED&NOT_VPN] ] with score 100
10-15 22:55:14.191  3957  4157 D ConnectivityService: Network NetworkAgentInfo [WIFI () - 507] was already satisfying request 1. No change.
10-15 22:55:14.191  4616  4616 D PhoneSwitcherNetworkRequstListener: got request NetworkRequest [ TRACK_DEFAULT id=1159, [ Capabilities: INTERNET&NOT_RESTRICTED&TRUSTED&NOT_VPN] ] with score 100
10-15 22:55:14.191  3957  4157 D ConnectivityService: Network NetworkAgentInfo [WIFI () - 507] was already satisfying request 3. No change.
10-15 22:55:14.191  3957  4157 D ConnectivityService: Network NetworkAgentInfo [WIFI () - 507] was already satisfying request 1145. No change.
10-15 22:55:14.191  3957  4153 D WIFI_P2P:   my score=60, my filter=[ Transports: WIFI Capabilities: WIFI_P2P&NOT_RESTRICTED&TRUSTED&NOT_VPN LinkUpBandwidth>=1048576Kbps LinkDnBandwidth>=1048576Kbps]
10-15 22:55:14.191  3957  4153 D WIFI_P2P: evalRequest
10-15 22:55:14.191  3957  4153 D WIFI_P2P:   done
10-15 22:55:14.191  3957  4129 D WIFI    :   my score=60, my filter=[ Transports: WIFI Capabilities: NOT_METERED&INTERNET&NOT_RESTRICTED&TRUSTED&NOT_VPN LinkUpBandwidth>=1048576Kbps LinkDnBandwidth>=1048576Kbps]
10-15 22:55:14.191  3957  4157 D ConnectivityService: sending notification AVAILABLE for NetworkRequest [ TRACK_DEFAULT id=1159, [ Capabilities: INTERNET&NOT_RESTRICTED&TRUSTED&NOT_VPN] ]
10-15 22:55:14.191  3957  4129 D WIFI    : evalRequest
10-15 22:55:14.191  3957  4129 D WIFI    :   done
10-15 22:55:14.191  3957  4129 D WIFI_UT : got request NetworkRequest [ TRACK_DEFAULT id=1159, [ Capabilities: INTERNET&NOT_RESTRICTED&TRUSTED&NOT_VPN] ] with score 100
10-15 22:55:14.191  3957  4157 D ConnectivityService: sending notification CAP_CHANGED for NetworkRequest [ TRACK_DEFAULT id=1159, [ Capabilities: INTERNET&NOT_RESTRICTED&TRUSTED&NOT_VPN] ]
10-15 22:55:14.191  3957  4129 D WIFI_UT :   my score=2147483647, my filter=[ Transports: WIFI Capabilities: NOT_METERED&INTERNET&NOT_RESTRICTED&TRUSTED&NOT_VPN LinkUpBandwidth>=1048576Kbps LinkDnBandwidth>=1048576Kbps]
10-15 22:55:14.191  3957  4129 D WIFI_UT : evalRequest
10-15 22:55:14.191  3957  4129 D WIFI_UT :   needNetworkFor
10-15 22:55:14.191  8898  8898 D TimaKeyStoreProvider: TimaKeyStore is not enabled: cannot add TimaSignature Service and generateKeyPair Service
10-15 22:55:14.191  3957  4157 D ConnectivityService: sending notification IP_CHANGED for NetworkRequest [ TRACK_DEFAULT id=1159, [ Capabilities: INTERNET&NOT_RESTRICTED&TRUSTED&NOT_VPN] ]
10-15 22:55:14.191  4616  4616 D PhoneSwitcherNetworkRequstListener:   my score=101, my filter=[ Transports: CELLULAR Capabilities: MMS&SUPL&DUN&FOTA&IMS&CBS&IA&RCS&XCAP&EIMS&INTERNET&NOT_RESTRICTED&TRUSTED&NOT_VPN&ENT1 Specifier: <android.net.MatchAllNetworkSpecifier@0>]
10-15 22:55:14.191  4616  4616 D PhoneSwitcherNetworkRequstListener: evalRequest
10-15 22:55:14.191  4616  4616 D PhoneSwitcherNetworkRequstListener:   needNetworkFor
10-15 22:55:14.192  8898  8898 D ActivityThread: Added TimaKeyStore provider
10-15 22:55:14.194  3957  3967 D ConnectivityService: filterNetworkStateForUid() uid: 10169 networkInfo: [type: WIFI[] - WIFI, state: CONNECTED/CONNECTED, reason: (unspecified), extra: "ourhome", failover: false, available: true, roaming: false, metered: false]
10-15 22:55:14.194  3957  3967 D WifiService: getConnectionInfo uid=1000
10-15 22:55:14.195  3957 14904 I ActivityManager: DSS on for org.mozilla.fenix and scale is 1.0
10-15 22:55:14.197  3957  3967 D ConnectivityService: filterNetworkStateForUid() uid: 10169 networkInfo: [type: WIFI[] - WIFI, state: CONNECTED/CONNECTED, reason: (unspecified), extra: "ourhome", failover: false, available: true, roaming: false, metered: false]
10-15 22:55:14.198  3957  3967 D WifiService: getConnectionInfo uid=1000
10-15 22:55:14.209  8819  8819 I NavController: Ignoring popBackStack to destination org.mozilla.fenix:id/browserFragment as it was not found on the current back stack
10-15 22:55:14.211  8898  8898 I zygote64: no shared libraies, dex_files: 1
10-15 22:55:14.240  3328  3328 W keymaster2_mdfpp: entered get_key_characteristics function.
10-15 22:55:14.242  3328  3328 W keymaster_tee: [WRN]KEY_PARAMS: AES ENC DEC GCM PADNO AUTH SIZE:256 
10-15 22:55:14.242  3328  3328 W keymaster_tee: [WRN]KEY_PARAMS: 20230928203226 
10-15 22:55:14.242  3328  3328 W keymaster2_mdfpp: exit get_key_characteristics function, returned 0
10-15 22:55:14.248  3328  3328 W keymaster2_mdfpp: entered get_key_characteristics function.
10-15 22:55:14.250  3328  3328 W keymaster_tee: [WRN]KEY_PARAMS: AES ENC DEC GCM PADNO AUTH SIZE:256 
10-15 22:55:14.250  3328  3328 W keymaster_tee: [WRN]KEY_PARAMS: 20230928203226 
10-15 22:55:14.250  3328  3328 W keymaster2_mdfpp: exit get_key_characteristics function, returned 0
10-15 22:55:14.254  3328  3328 W keymaster2_mdfpp: entered get_key_characteristics function.
10-15 22:55:14.255  3328  3328 W keymaster_tee: [WRN]KEY_PARAMS: AES ENC DEC GCM PADNO AUTH SIZE:256 
10-15 22:55:14.255  3328  3328 W keymaster_tee: [WRN]KEY_PARAMS: 20230928203226 
10-15 22:55:14.255  3328  3328 W keymaster2_mdfpp: exit get_key_characteristics function, returned 0
10-15 22:55:14.264  8819  8819 I ContileTopSitesUpdater: Started periodic work to update Contile top sites
10-15 22:55:14.264  3328  3328 W keymaster2_mdfpp: entered get_key_characteristics function.
10-15 22:55:14.266  3328  3328 W keymaster_tee: [WRN]KEY_PARAMS: AES ENC DEC GCM PADNO AUTH SIZE:256 
10-15 22:55:14.266  3328  3328 W keymaster_tee: [WRN]KEY_PARAMS: 20230928203226 
10-15 22:55:14.266  3328  3328 W keymaster2_mdfpp: exit get_key_characteristics function, returned 0
10-15 22:55:14.269  3328  3328 W keymaster2_mdfpp: entered begin function.
10-15 22:55:14.271  3328  3328 W keymaster2_mdfpp: exit begin function, returned 0
10-15 22:55:14.274  3328  3328 W keymaster2_mdfpp: entered update function.
10-15 22:55:14.274  3328  3328 W keymaster2_mdfpp: exit update function, returned 0
10-15 22:55:14.275  3328  3328 W keymaster2_mdfpp: entered finish function.
10-15 22:55:14.276  3328  3328 W keymaster2_mdfpp: exit finish function, returned 0
10-15 22:55:14.277  3589  3589 W keystore: ENTER remove operation from uid 10169
10-15 22:55:14.295  8898  8898 I ServiceChildProcess: onCreate
10-15 22:55:14.297  8898  8927 I GeckoThread: preparing to run Gecko
10-15 22:55:14.315  8819  8859 W logins::schema: user_version: 2
10-15 22:55:14.401  8819  8848 W ResourceType: Too many attribute references, stopped at: 0x01010099
10-15 22:55:14.424  8819  8819 W GeckoViewActivityContextDelegate: A non-activity context was set.
10-15 22:55:14.435  3957 14904 D ConnectivityService: filterNetworkStateForUid() uid: 10169 networkInfo: [type: WIFI[] - WIFI, state: CONNECTED/CONNECTED, reason: (unspecified), extra: "ourhome", failover: false, available: true, roaming: false, metered: false]
10-15 22:55:14.435  3957 14904 D WifiService: getConnectionInfo uid=1000
10-15 22:55:14.436  3957 14904 I chatty  : uid=1000(system) Binder:3957_1C identical 1 line
10-15 22:55:14.436  3957 14904 I chatty  : uid=1000(system) Binder:3957_1C identical 1 line
10-15 22:55:14.437  3957 14904 D ConnectivityService: filterNetworkStateForUid() uid: 10169 networkInfo: [type: WIFI[] - WIFI, state: CONNECTED/CONNECTED, reason: (unspecified), extra: "ourhome", failover: false, available: true, roaming: false, metered: false]
10-15 22:55:14.437  3957 14904 D WifiService: getConnectionInfo uid=1000
10-15 22:55:14.447  8819  8819 I BgSyncManager: Periodic syncing enabled: PeriodicSyncConfig(periodMinutes=240, initialDelayMinutes=5)
10-15 22:55:14.447  8819  8819 I FirefoxAccountStateMachine: Sync is enabled
10-15 22:55:14.448 12416 12416 E adbd    : recv: OPEN 00000c35 00000000 0076:73 68 65 6C 6C 2C 76 32 2C 54 45 52 4D 3D 78 74 65 72 6D 2D 32 35 36 63 6F 6C 6F 72 2C 72 61 77 3A 64 75 6D 70 73 79 73 20 61 63 74 69 76 69 74 79 20 72 65 63 65 6E 74 73 20 7C 20 67 72 65 70 20 22 52 65 63 65 6E 74 20 23 30 22 20 7C 20 63 75 74 20 2D 64 20 22 3D 22 20 2D 66 32 20 7C 20 67 72 65 70 20 2D 6F 20 2D 70 20 22 5B 61 2D 7A 7C 2E 5D 2A 22 00 
10-15 22:55:14.448 12416 12416 E adbd    : service_to_fd: shell,v2,TERM=xterm-256color,raw:dumpsys activity recents | grep "Recent #0" | cut -d "=" -f2 | grep -o -p "[a-z|.]*"
10-15 22:55:14.450  8819  8958 I StartupTypeTelemetry: Recorded start up: cold_main
10-15 22:55:14.455  3957 14904 D StorageManagerService: getExternalStorageMountMode : 1
10-15 22:55:14.455  3957 14904 D StorageManagerService: getExternalStorageMountMode : 3
10-15 22:55:14.459  3957 14904 D StorageManagerService: getExternalStorageMountMode : final mountMode=1, uid : 10169, packageName : org.mozilla.fenix
10-15 22:55:14.459  3957 14904 I ApplicationPolicy: isApplicationExternalStorageWhitelisted:org.mozilla.fenix user:0
10-15 22:55:14.459  3957 14904 D ApplicationPolicy: isApplicationExternalStorageWhitelisted: DO is not enabled on user 0. Allowed.
10-15 22:55:14.459  3957 14904 D ActivityManager: package  org.mozilla.fenix, user - 0 is SDcard whitelisted
10-15 22:55:14.459  3957 14904 I ApplicationPolicy: isApplicationExternalStorageBlacklisted:org.mozilla.fenix user:0
10-15 22:55:14.459  3957 14904 D ApplicationPolicy: isApplicationExternalStorageBlacklisted: DO is not enabled on user 0. Allowed.
10-15 22:55:14.471  3957  4129 D WifiStateMachine:  ConnectedState !RSSI_PKTCNT_FETCH uid=1000 rt=405303620/1065701847 0 0 "ourhome" f4:6d:2f:12:cc:88 rssi=-41 f=5240 sc=60 link=433 tx=0.0, 0.0, 0.0  rx=3.3 bcn=79952 [on:0 tx:0 rx:0 period:1002] from screen [on:560148 period:3481447] score=60
10-15 22:55:14.472  3957  4129 D WifiStateMachine:  L2ConnectedState !RSSI_PKTCNT_FETCH uid=1000 rt=405303622/1065701849 0 0 "ourhome" f4:6d:2f:12:cc:88 rssi=-41 f=5240 sc=60 link=433 tx=0.0, 0.0, 0.0  rx=3.3 bcn=79952 [on:0 tx:0 rx:0 period:1] from screen [on:560148 period:3481448] score=60
10-15 22:55:14.476  8970  8970 E Zygote  : isWhitelistProcess - Process is Whitelisted
10-15 22:55:14.477  8970  8970 E libpersona: scanKnoxPersonas
10-15 22:55:14.477  8970  8970 E libpersona: Couldn't open the File - /data/system/users/0/personalist.xml - No such file or directory
10-15 22:55:14.478  3957  4129 D WifiStateMachine: fetchRssiLinkSpeedAndFrequencyNative rssi=-40 linkspeed=433 freq=5240
10-15 22:55:14.479  8970  8970 W SELinux : SELinux selinux_android_compute_policy_index : Policy Index[2],  Con:u:r:zygote:s0 RAM:SEPF_SM-J720F_8.0.0_0002, [-1 -1 -1 -1 0 1]
10-15 22:55:14.479  8970  8970 I SELinux : SELinux: seapp_context_lookup: seinfo=untrusted, level=s0:c512,c768, pkgname=org.mozilla.fenix:gpu 
10-15 22:55:14.480  3957 14904 I ActivityManager: Start proc 8970:org.mozilla.fenix:gpu/u0a169 for service org.mozilla.fenix/org.mozilla.gecko.process.GeckoChildProcessServices$gpu
10-15 22:55:14.481  8819  8966 D OpenGLRenderer: HWUI GL Pipeline
10-15 22:55:14.486  8819  8848 W linker  : "/data/app/org.mozilla.fenix-iWpGOrf8cry6RDpwHyQugA==/lib/arm64/libsoftokn3.so" unused DT entry: type 0x8000024 arg 0x2580
10-15 22:55:14.486  8819  8848 W linker  : "/data/app/org.mozilla.fenix-iWpGOrf8cry6RDpwHyQugA==/lib/arm64/libsoftokn3.so" unused DT entry: type 0x8000023 arg 0x70
10-15 22:55:14.486  8819  8848 W linker  : "/data/app/org.mozilla.fenix-iWpGOrf8cry6RDpwHyQugA==/lib/arm64/libsoftokn3.so" unused DT entry: type 0x8000025 arg 0x8
10-15 22:55:14.489  8819  8848 W linker  : "/data/app/org.mozilla.fenix-iWpGOrf8cry6RDpwHyQugA==/lib/arm64/libfreebl3.so" unused DT entry: type 0x8000024 arg 0xe78
10-15 22:55:14.489  8819  8848 W linker  : "/data/app/org.mozilla.fenix-iWpGOrf8cry6RDpwHyQugA==/lib/arm64/libfreebl3.so" unused DT entry: type 0x8000023 arg 0x68
10-15 22:55:14.490  8819  8848 W linker  : "/data/app/org.mozilla.fenix-iWpGOrf8cry6RDpwHyQugA==/lib/arm64/libfreebl3.so" unused DT entry: type 0x8000025 arg 0x8
10-15 22:55:14.491  8819  8819 D ViewRootImpl@d9fc05[App]: setView = DecorView@812c4b2[App] TM=true MM=false
10-15 22:55:14.491  3957 12585 D ActivityManager: post active user change for 0 fullscreen true isHomeActivity() false
10-15 22:55:14.492  8819  8819 I Choreographer: Skipped 56 frames!  The application may be doing too much work on its main thread.
10-15 22:55:14.499  8819  8819 D ViewRootImpl@d9fc05[App]: dispatchAttachedToWindow
10-15 22:55:14.503  8970  8970 D TimaKeyStoreProvider: TimaKeyStore is not enabled: cannot add TimaSignature Service and generateKeyPair Service
10-15 22:55:14.503  8970  8970 D ActivityThread: Added TimaKeyStore provider
10-15 22:55:14.506  3957 12585 I ActivityManager: DSS on for org.mozilla.fenix and scale is 1.0
10-15 22:55:14.509  8819  8939 W linker  : "/data/app/org.mozilla.fenix-iWpGOrf8cry6RDpwHyQugA==/lib/arm64/libnssckbi.so" unused DT entry: type 0x8000024 arg 0xc08
10-15 22:55:14.510  3957 14904 V WindowManager: Relayout Window{a54d802 u0 org.mozilla.fenix/org.mozilla.fenix.App}: viewVisibility=0 req=719x1237 WM.LayoutParams{(0,0)(fillxfill) sim=#110 ty=1 fl=#81010100 pfl=0x20000 wanim=0x7f1404fa vsysui=0x2610 needsMenuKey=2 colorMode=0 naviIconColor=0}
10-15 22:55:14.510  8819  8939 W linker  : "/data/app/org.mozilla.fenix-iWpGOrf8cry6RDpwHyQugA==/lib/arm64/libnssckbi.so" unused DT entry: type 0x8000023 arg 0x258
10-15 22:55:14.510  8819  8939 W linker  : "/data/app/org.mozilla.fenix-iWpGOrf8cry6RDpwHyQugA==/lib/arm64/libnssckbi.so" unused DT entry: type 0x8000025 arg 0x8
10-15 22:55:14.514  3447  3447 I SurfaceFlinger: id=1818 createSurf (720x1280),1 flag=404, org.mozilla.fenix/org.mozilla.fenix.App#0
10-15 22:55:14.516  3957 14904 V Surface : sf_framedrop debug : 0x4f4c, game : false, logging : 0
10-15 22:55:14.516  3957  3973 D WindowManager: set systemUiVisibility : systemUiFlags= 0x2608 fullscreenStackSysUiFlags= 0x0
10-15 22:55:14.517  3957  8324 D ConnectivityService: filterNetworkStateForUid() uid: 10169 networkInfo: [type: WIFI[] - WIFI, state: CONNECTED/CONNECTED, reason: (unspecified), extra: "ourhome", failover: false, available: true, roaming: false, metered: false]
10-15 22:55:14.517  3957  8324 D WifiService: getConnectionInfo uid=1000
10-15 22:55:14.519  3957 14904 D InputDispatcher: Focus entered window: 8819
10-15 22:55:14.521  8819  8819 V Surface : sf_framedrop debug : 0x4f4c, game : false, logging : 0
10-15 22:55:14.521  8819  8819 D ViewRootImpl@d9fc05[App]: Relayout returned: old=[0,0][0,0] new=[0,0][720,1280] result=0x7 surface={valid=true 499291795456} changed=true
10-15 22:55:14.521  3957 12585 D WindowManager: adjustSystemUiVisibilityLw : vis= 0x2608
10-15 22:55:14.521  8819  8966 I OpenGLRenderer: Initialized EGL, version 1.4
10-15 22:55:14.522  8819  8966 D OpenGLRenderer: Swap behavior 2
10-15 22:55:14.522 12416 12416 E adbd    : recv: OPEN 00000c39 00000000 0042:73 68 65 6C 6C 2C 76 32 2C 54 45 52 4D 3D 78 74 65 72 6D 2D 32 35 36 63 6F 6C 6F 72 2C 72 61 77 3A 67 65 74 70 72 6F 70 20 72 6F 2E 62 75 69 6C 64 2E 76 65 72 73 69 6F 6E 2E 72 65 6C 65 61 73 65 00 
10-15 22:55:14.522 12416 12416 E adbd    : service_to_fd: shell,v2,TERM=xterm-256color,raw:getprop ro.build.version.release
10-15 22:55:14.524  8819  8966 D libGLESv1: STS_GLApi : DTS, ODTC are not allowed for Package : org.mozilla.fenix
10-15 22:55:14.525  8970  8970 I zygote64: no shared libraies, dex_files: 1
10-15 22:55:14.526  8819  8966 D mali_winsys: EGLint new_window_surface(egl_winsys_display *, void *, EGLSurface, EGLConfig, egl_winsys_surface **, egl_color_buffer_format *, EGLBoolean) returns 0x3000,  [720x1280]-format:1
10-15 22:55:14.526  8819  8966 D OpenGLRenderer: eglCreateWindowSurface = 0x743fe9f900
10-15 22:55:14.529  3447  3447 I SurfaceFlinger: id=1819 createSurf (720x1238),1 flag=4, SurfaceView - org.mozilla.fenix/org.mozilla.fenix.App@b6c1bf3@0#0
10-15 22:55:14.531  3447  3447 I SurfaceFlinger: id=1820 createSurf (720x1238),-1 flag=20004, Background for - SurfaceView - org.mozilla.fenix/org.mozilla.fenix.App@b6c1bf3@0#0
10-15 22:55:14.532  8819  8819 D SurfaceView: BG hide() Surface(name=Background for - SurfaceView - org.mozilla.fenix/org.mozilla.fenix.App@b6c1bf3@0) false true org.mozilla.gecko.MagnifiableSurfaceView{b6c1bf3 V.E...... ......ID 0,0-720,1238}
10-15 22:55:14.547  8819  8819 V Surface : sf_framedrop debug : 0x4f4c, game : false, logging : 0
10-15 22:55:14.548  8819  8819 D SurfaceView: surfaceCreated 1 org.mozilla.gecko.MagnifiableSurfaceView{b6c1bf3 V.E...... ......ID 0,0-720,1238}
10-15 22:55:14.549  8819  8819 D SurfaceView: surfaceChanged (720,1238) 1 org.mozilla.gecko.MagnifiableSurfaceView{b6c1bf3 V.E...... ......ID 0,0-720,1238}
10-15 22:55:14.561  3957 14904 D ConnectivityService: filterNetworkStateForUid() uid: 10169 networkInfo: [type: WIFI[] - WIFI, state: CONNECTED/CONNECTED, reason: (unspecified), extra: "ourhome", failover: false, available: true, roaming: false, metered: false]
10-15 22:55:14.561  3957 14904 D WifiService: getConnectionInfo uid=1000
10-15 22:55:14.568  8819  8847 I libglean_ffi: glean_core::ping: Collecting baseline
10-15 22:55:14.582  3599  3918 D DnsProxyListener: DNSDBG::dns addrinfo af 0
10-15 22:55:14.584  3599  3918 I chatty  : uid=0(root) /system/bin/netd identical 1 line
10-15 22:55:14.584  3599  3918 D DnsProxyListener: DNSDBG::dns addrinfo af 0
10-15 22:55:14.585  8819  8847 I libglean_ffi: glean_core::upload::directory: Processing ping at: /data/user/0/org.mozilla.fenix/glean_data/pending_pings/7c4a04a6-9968-450d-8c7e-3d9530794524
10-15 22:55:14.586  8819  8847 I libglean_ffi: glean_core::metrics::ping: The ping 'baseline' was submitted and will be sent as soon as possible
10-15 22:55:14.589 12416 12416 E adbd    : recv: OPEN 00000c3d 00000000 003e:73 68 65 6C 6C 2C 76 32 2C 54 45 52 4D 3D 78 74 65 72 6D 2D 32 35 36 63 6F 6C 6F 72 2C 72 61 77 3A 67 65 74 70 72 6F 70 20 72 6F 2E 62 75 69 6C 64 2E 76 65 72 73 69 6F 6E 2E 73 64 6B 00 
10-15 22:55:14.589 12416 12416 E adbd    : service_to_fd: shell,v2,TERM=xterm-256color,raw:getprop ro.build.version.sdk
10-15 22:55:14.597  8970  8970 I ServiceChildProcess: onCreate
10-15 22:55:14.598  8970  9004 I GeckoThread: preparing to run Gecko
10-15 22:55:14.630  3957 14904 D WifiService: getConnectionInfo uid=1000
10-15 22:55:14.631  3957 14904 I chatty  : uid=1000(system) Binder:3957_1C identical 1 line
10-15 22:55:14.632  3957 14904 D WifiService: getConnectionInfo uid=1000
10-15 22:55:14.637  8819  9008 I FirefoxAccountStateMachine: Processing event 'mozilla.components.service.fxa.manager.Event$Account$Start@e6df4a4' for state Idle(accountState=NotAuthenticated). Next state is Active(progressState=Initializing)
10-15 22:55:14.639  3957 14904 D WifiService: getConnectionInfo uid=1000
10-15 22:55:14.640  3957 14904 I chatty  : uid=1000(system) Binder:3957_1C identical 5 lines
10-15 22:55:14.640  3957 14904 I chatty  : uid=1000(system) Binder:3957_1C identical 1 line
10-15 22:55:14.641  3957 14904 D ConnectivityService: filterNetworkStateForUid() uid: 10169 networkInfo: [type: WIFI[] - WIFI, state: CONNECTED/CONNECTED, reason: (unspecified), extra: "ourhome", failover: false, available: true, roaming: false, metered: false]
10-15 22:55:14.641  3957 14904 D WifiService: getConnectionInfo uid=1000
10-15 22:55:14.643  3957 14904 V WindowManager: Relayout Window{a54d802 u0 org.mozilla.fenix/org.mozilla.fenix.App}: viewVisibility=0 req=720x1280 WM.LayoutParams{(0,0)(fillxfill) sim=#110 ty=1 fl=#81010100 pfl=0x20000 fmt=-3 wanim=0x7f1404fa vsysui=0x2610 needsMenuKey=2 colorMode=0 naviIconColor=0}
10-15 22:55:14.646  3328  3328 W keymaster2_mdfpp: entered get_key_characteristics function.
10-15 22:55:14.647  8819  8819 D ViewRootImpl@d9fc05[App]: Relayout returned: old=[0,0][720,1280] new=[0,0][720,1280] result=0x3 surface={valid=true 499291795456} changed=false
10-15 22:55:14.649  3328  3328 W keymaster_tee: [WRN]KEY_PARAMS: AES ENC DEC GCM PADNO AUTH SIZE:256 
10-15 22:55:14.650  3328  3328 W keymaster_tee: [WRN]KEY_PARAMS: 20230928203226 
10-15 22:55:14.650  3328  3328 W keymaster2_mdfpp: exit get_key_characteristics function, returned 0
10-15 22:55:14.653  3328  3328 W keymaster2_mdfpp: entered get_key_characteristics function.
10-15 22:55:14.654 12416 12416 E adbd    : recv: OPEN 00000c41 00000000 0042:73 68 65 6C 6C 2C 76 32 2C 54 45 52 4D 3D 78 74 65 72 6D 2D 32 35 36 63 6F 6C 6F 72 2C 72 61 77 3A 67 65 74 70 72 6F 70 20 72 6F 2E 62 75 69 6C 64 2E 76 65 72 73 69 6F 6E 2E 72 65 6C 65 61 73 65 00 
10-15 22:55:14.654 12416 12416 E adbd    : service_to_fd: shell,v2,TERM=xterm-256color,raw:getprop ro.build.version.release
10-15 22:55:14.656  3328  3328 W keymaster_tee: [WRN]KEY_PARAMS: AES ENC DEC GCM PADNO AUTH SIZE:256 
10-15 22:55:14.656  3328  3328 W keymaster_tee: [WRN]KEY_PARAMS: 20230928203226 
10-15 22:55:14.656  3328  3328 W keymaster2_mdfpp: exit get_key_characteristics function, returned 0
10-15 22:55:14.672  3599  3918 D DnsProxyListener: DNSDBG::dns addrinfo af 2
10-15 22:55:14.673  3599  3918 D DnsProxyListener: DNSDBG::dns addrinfo af 0
10-15 22:55:14.673  3599  3918 I chatty  : uid=0(root) /system/bin/netd identical 1 line
10-15 22:55:14.674  3599  3918 D DnsProxyListener: DNSDBG::dns addrinfo af 0
10-15 22:55:14.676  8819  9008 I FirefoxAccount: Registering persistence callback
10-15 22:55:14.676  8819  9008 I FirefoxAccountStateMachine: Ran 'mozilla.components.service.fxa.manager.Event$Account$Start@e6df4a4' side-effects for state Active(progressState=Initializing), got successive event mozilla.components.service.fxa.manager.Event$Progress$AccountNotFound@e10246c
10-15 22:55:14.676  8819  9008 I FirefoxAccountStateMachine: Processing event 'mozilla.components.service.fxa.manager.Event$Progress$AccountNotFound@e10246c' for state Active(progressState=Initializing). Next state is Idle(accountState=NotAuthenticated)
10-15 22:55:14.685  3599  3918 D DnsProxyListener: DNSDBG::dns addrinfo af 0
10-15 22:55:14.689  3599  3918 D DnsProxyListener: DNSDBG::dns addrinfo af 2
10-15 22:55:14.691  3957 14904 V WindowManager: finishDrawingLocked: mDrawState=COMMIT_DRAW_PENDING Window{a54d802 u0 org.mozilla.fenix/org.mozilla.fenix.App} in Surface(name=org.mozilla.fenix/org.mozilla.fenix.App)
10-15 22:55:14.691  8819  8819 D ViewRootImpl@d9fc05[App]: MSG_RESIZED_REPORT: frame=Rect(0, 0 - 720, 1280) ci=Rect(0, 42 - 0, 0) vi=Rect(0, 42 - 0, 0) or=1
10-15 22:55:14.692  8819  8819 D ViewRootImpl@d9fc05[App]: MSG_WINDOW_FOCUS_CHANGED 1
10-15 22:55:14.694  8819  8848 W GeckoEventDispatcher: No listener for GeckoView:PageAction:Update
10-15 22:55:14.702  3957  4025 D ViewRootImpl@d10f03e[fenix]: dispatchDetachedFromWindow
10-15 22:55:14.702  3957  4025 D InputEventReceiver: channel '75d5e9f Splash Screen org.mozilla.fenix (client)' ~ Disposing input event receiver.
10-15 22:55:14.702  3957  4025 D InputEventReceiver: channel '75d5e9f Splash Screen org.mozilla.fenix (client)' ~NativeInputEventReceiver.
10-15 22:55:14.703  3957  3981 I ActivityManager: Displayed org.mozilla.fenix/.App: +1s350ms
10-15 22:55:14.705  3957  3981 D CustomFrequencyManagerService: acquireDVFSLockLocked : type : DVFS_MIN_LIMIT  frequency : 1560000  uid : 1000  pid : 3957  pkgName : AMS_RESUME_TAIL@CPU_MIN@58
10-15 22:55:14.705  3957  3973 D WindowManager: set systemUiVisibility : systemUiFlags= 0x2618 fullscreenStackSysUiFlags= 0x2000
10-15 22:55:14.705  3957  3981 D ActivityManagerPerformance: AMP_acquire() TAIL
10-15 22:55:14.706  3957  3981 D CustomFrequencyManagerService: releaseDVFSLockLocked : Getting Lock type frm List : DVFS_MIN_LIMIT  frequency : 1560000  uid : 1000  pid : 3957  tag : AMS_APP_SWITCH@CPU_MIN@52
10-15 22:55:14.706  3957  3981 D ActivityManagerPerformance: AMP_release() APP_SWITCH
10-15 22:55:14.707 12416 12416 E adbd    : recv: OPEN 00000c45 00000000 003e:73 68 65 6C 6C 2C 76 32 2C 54 45 52 4D 3D 78 74 65 72 6D 2D 32 35 36 63 6F 6C 6F 72 2C 72 61 77 3A 67 65 74 70 72 6F 70 20 72 6F 2E 62 75 69 6C 64 2E 76 65 72 73 69 6F 6E 2E 73 64 6B 00 
10-15 22:55:14.707 12416 12416 E adbd    : service_to_fd: shell,v2,TERM=xterm-256color,raw:getprop ro.build.version.sdk
10-15 22:55:14.707  3957  8324 D WindowManager: adjustSystemUiVisibilityLw : vis= 0x2618
10-15 22:55:14.712  8819  8819 V InputMethodManager: Starting input: tba=android.view.inputmethod.EditorInfo@f809a35 nm : org.mozilla.fenix ic=null
10-15 22:55:14.712  8819  8819 I InputMethodManager: startInputInner - mService.startInputOrWindowGainedFocus
10-15 22:55:14.713  3957 12585 D InputMethodManagerService: startInputOrWindowGainedFocus : windowGainedFocus 
10-15 22:55:14.713  3957 12585 D InputMethodManagerService: windowGainedFocus: destinationUserId (getCallingUid) = 0
10-15 22:55:14.713  3957 12585 D InputMethodManagerService: windowGainedFocus: currentUserId=0
10-15 22:55:14.713  3957 12585 D InputMethodManagerService: windowGainedFocus: mCurrentFocusedUserId=0
10-15 22:55:14.713  3957 12585 D InputMethodManagerService: windowGainedFocus : lock - currentUserId = 0 destinationUserId = 0
10-15 22:55:14.713  3957 12585 D InputMethodManagerService: windowGainedFocus : mCurrentFocusedUserId - 0 and mSecureKeypadEnabled - false, userSwitched - false
10-15 22:55:14.713  3957 12585 V InputMethodManagerService: windowGainedFocus : reason=WINDOW_FOCUS_GAIN client=android.os.BinderProxy@f87a538 inputContext=null missingMethods= attribute=android.view.inputmethod.EditorInfo@4d07d26 nm = org.mozilla.fenix controlFlags=#104 softInputMode=#110 windowFlags=#81010100
10-15 22:55:14.713  3957 12585 V InputMethodManagerService: hideCurrentInputLocked : shouldHideSoftInput is false
10-15 22:55:14.713  3957 12585 D InputMethodManagerService: isImeSwitcherDisabledPackage : false
10-15 22:55:14.714  3957 12585 V InputMethodManagerService: Creating new session for client ClientState{44b0d67 uid 10169 pid 8819}
10-15 22:55:14.716  3957 12585 D InputMethodManagerService: setCurrentInputInfo - inputContext : null eidtorInfo : android.view.inputmethod.EditorInfo@4d07d26 missingMethods : 0
10-15 22:55:14.717  6896  6896 I InputMethodWrapper:  call dispatchStartInputWithToken
10-15 22:55:14.718  6896  6896 I InputMethodService: dispatchStartInputWithToken
10-15 22:55:14.718  6896  6896 I SKBD    : SamsungKeypad [IMI] onStartInput - caller pid : 8819, caller uid : 10169
10-15 22:55:14.720  8970  9004 W linker  : "/data/app/org.mozilla.fenix-iWpGOrf8cry6RDpwHyQugA==/lib/arm64/libmozglue.so" unused DT entry: type 0x8000024 arg 0x38f70
10-15 22:55:14.720  8970  9004 W linker  : "/data/app/org.mozilla.fenix-iWpGOrf8cry6RDpwHyQugA==/lib/arm64/libmozglue.so" unused DT entry: type 0x8000023 arg 0x1f8
10-15 22:55:14.720  8970  9004 W linker  : "/data/app/org.mozilla.fenix-iWpGOrf8cry6RDpwHyQugA==/lib/arm64/libmozglue.so" unused DT entry: type 0x8000025 arg 0x8
10-15 22:55:14.721  3599  3918 D DnsProxyListener: DNSDBG::dns addrinfo af 0
10-15 22:55:14.723  3957  8324 D ConnectivityService: filterNetworkStateForUid() uid: 10169 networkInfo: [type: WIFI[] - WIFI, state: CONNECTED/CONNECTED, reason: (unspecified), extra: "ourhome", failover: false, available: true, roaming: false, metered: false]
10-15 22:55:14.723  3957  8324 D WifiService: getConnectionInfo uid=1000
10-15 22:55:14.724  3957  8324 I chatty  : uid=1000(system) Binder:3957_13 identical 1 line
10-15 22:55:14.724  3957  8324 D WifiService: getConnectionInfo uid=1000
10-15 22:55:14.724  3957  4128 D WifiService: getConnectionInfo uid=1000
10-15 22:55:14.725  3957  8324 D ConnectivityService: filterNetworkStateForUid() uid: 10169 networkInfo: [type: WIFI[] - WIFI, state: CONNECTED/CONNECTED, reason: (unspecified), extra: "ourhome", failover: false, available: true, roaming: false, metered: false]
10-15 22:55:14.725  3957  8324 D WifiService: getConnectionInfo uid=1000
10-15 22:55:14.726  8970  9004 I GeckoLoader: Library base=/data/app/org.mozilla.fenix-iWpGOrf8cry6RDpwHyQugA==/lib/arm64
10-15 22:55:14.726  8970  9004 I GeckoLoader: Library base=/data/app/org.mozilla.fenix-iWpGOrf8cry6RDpwHyQugA==/lib/arm64
10-15 22:55:14.726  8819  9026 I libglean_ffi: glean_core::upload: New upload task with id 29f9eef4-abd1-4ce9-bb56-9b6c533794bb (path: /submit/org-mozilla-fenix/events/1/29f9eef4-abd1-4ce9-bb56-9b6c533794bb)
10-15 22:55:14.727  8970  9004 E GeckoLibLoad: Load sqlite start
10-15 22:55:14.728  8970  9004 W linker  : "/data/app/org.mozilla.fenix-iWpGOrf8cry6RDpwHyQugA==/lib/arm64/libnss3.so" unused DT entry: type 0x8000024 arg 0x14998
10-15 22:55:14.728  8970  9004 W linker  : "/data/app/org.mozilla.fenix-iWpGOrf8cry6RDpwHyQugA==/lib/arm64/libnss3.so" unused DT entry: type 0x8000023 arg 0x5c8
10-15 22:55:14.728  8970  9004 W linker  : "/data/app/org.mozilla.fenix-iWpGOrf8cry6RDpwHyQugA==/lib/arm64/libnss3.so" unused DT entry: type 0x8000025 arg 0x8
10-15 22:55:14.729  8970  9004 E GeckoLibLoad: Load sqlite done
10-15 22:55:14.730  8970  9004 I GeckoLoader: Library base=/data/app/org.mozilla.fenix-iWpGOrf8cry6RDpwHyQugA==/lib/arm64
10-15 22:55:14.730  8970  9004 E GeckoLibLoad: Load nss start
10-15 22:55:14.730  8970  9004 E GeckoLibLoad: Load nss done
10-15 22:55:14.730  8970  9004 I GeckoLoader: Library base=/data/app/org.mozilla.fenix-iWpGOrf8cry6RDpwHyQugA==/lib/arm64
10-15 22:55:14.732  8970  9004 W linker  : "/data/app/org.mozilla.fenix-iWpGOrf8cry6RDpwHyQugA==/lib/arm64/libxul.so" unused DT entry: type 0x8000024 arg 0x539420
10-15 22:55:14.732  8970  9004 W linker  : "/data/app/org.mozilla.fenix-iWpGOrf8cry6RDpwHyQugA==/lib/arm64/libxul.so" unused DT entry: type 0x8000023 arg 0x17d68
10-15 22:55:14.732  8970  9004 W linker  : "/data/app/org.mozilla.fenix-iWpGOrf8cry6RDpwHyQugA==/lib/arm64/libxul.so" unused DT entry: type 0x8000025 arg 0x8
10-15 22:55:14.734  3447  3447 I SurfaceFlinger: Display 0 HWC layers:
10-15 22:55:14.734  3447  3447 I SurfaceFlinger:     type    |    handle    | flag |  format   |   source crop (l,t,r,b)    |         frame       | name 
10-15 22:55:14.734  3447  3447 I SurfaceFlinger: ------------+--------------+------+-----------+----------------------------+---------------------+------
10-15 22:55:14.734  3447  3447 I SurfaceFlinger:      Device | 0x7e9ed385c0 | 0000 | RGBA_8888 |   0.0    0.0  720.0 1280.0 |    0    0  720 1280 | org.mozilla.fenix/org.mozilla.fenix.App#0
10-15 22:55:14.734  3447  3447 I SurfaceFlinger:      Device | 0x7ea5024180 | 0000 | RGBA_8888 |   0.0    0.0  720.0 1280.0 |    0    0  720 1280 | Splash Screen org.mozilla.fenix#0
