10-15 23:37:09.063  3957  4564 V WindowManager: Relayout Window{cdf68a4 u0 org.mozilla.fenix/org.mozilla.fenix.App}: viewVisibility=0 req=720x1280 WM.LayoutParams{(0,0)(fillxfill) sim=#110 ty=1 fl=#81010100 pfl=0x20000 fmt=-3 wanim=0x7f1404fa vsysui=0x2610 needsMenuKey=2 colorMode=0 naviIconColor=0}
10-15 23:37:09.068 12920 12920 D ViewRootImpl@3adee14[App]: Relayout returned: old=[0,0][720,1280] new=[0,0][720,1280] result=0x3 surface={valid=true 499285835776} changed=false
10-15 23:37:09.078 12875 12875 I BatteryMgr:DataCollectionService: onStartCommand: begin
10-15 23:37:09.079 12875 12875 I BatteryMgr:DataCollectionService: onStartCommand: sampleRate => 100
10-15 23:37:09.079 12875 12875 I BatteryMgr:DataCollectionService: onStartCommand: rawFields => Timestamp,BATTERY_PROPERTY_CURRENT_NOW,EXTRA_VOLTAGE,BATTERY_PROPERTY_CURRENT_AVERAGE,BATTERY_PROPERTY_CHARGE_COUNTER,BATTERY_PROPERTY_CAPACITY
10-15 23:37:09.080 12875 12875 I BatteryMgr:DataCollectionService: onStartCommand: notification done
10-15 23:37:09.081 12875 12875 D Notification: allPendingIntents
10-15 23:37:09.082 12875 12875 I BatteryMgr:DataCollectionService: started foreground
10-15 23:37:09.084  3957  3972 D ApplicationPolicy: isStatusBarNotificationAllowedAsUser: packageName = com.example.batterymanager_utility,userId = 0
10-15 23:37:09.084  3328  3328 W keymaster2_mdfpp: entered get_key_characteristics function.
10-15 23:37:09.085  3957  3972 D API test: getContainerInfo: value is 
10-15 23:37:09.086  3957  3972 D ApplicationPolicy: isStatusBarNotificationAllowedAsUser: packageName = com.example.batterymanager_utility,userId = 0
10-15 23:37:09.087  3328  3328 W keymaster_tee: [WRN]KEY_PARAMS: AES ENC DEC GCM PADNO AUTH SIZE:256 
10-15 23:37:09.087  3328  3328 W keymaster_tee: [WRN]KEY_PARAMS: 20230928203226 
10-15 23:37:09.087  3328  3328 W keymaster2_mdfpp: exit get_key_characteristics function, returned 0
10-15 23:37:09.087  3957  3972 D API test: getContainerInfo: value is 
10-15 23:37:09.091  3957  3957 I AccessibilityManagerService: semOnLightNotification(null), bIsFlashOn : false
10-15 23:37:09.092  3957  3957 D AccessibilityManagerService: Can't use light notification
10-15 23:37:09.092  3328  3328 W keymaster2_mdfpp: entered get_key_characteristics function.
10-15 23:37:09.093  3328  3328 W keymaster_tee: [WRN]KEY_PARAMS: AES ENC DEC GCM PADNO AUTH SIZE:256 
10-15 23:37:09.093  3328  3328 W keymaster_tee: [WRN]KEY_PARAMS: 20230928203226 
10-15 23:37:09.093  3328  3328 W keymaster2_mdfpp: exit get_key_characteristics function, returned 0
10-15 23:37:09.098  3599  3918 D DnsProxyListener: DNSDBG::dns addrinfo af 0
10-15 23:37:09.099  3599  3918 D DnsProxyListener: DNSDBG::dns addrinfo af 0
10-15 23:37:09.099  3599  3918 D DnsProxyListener: DNSDBG::dns addrinfo af 2
10-15 23:37:09.099  3599  3918 D DnsProxyListener: DNSDBG::dns addrinfo af 0
10-15 23:37:09.103 12875 13136 I BatteryMgr:DataCollectionService: collectData: begin
10-15 23:37:09.108 12416 12416 E adbd    : recv: OPEN 00000f35 00000000 0042:73 68 65 6C 6C 2C 76 32 2C 54 45 52 4D 3D 78 74 65 72 6D 2D 32 35 36 63 6F 6C 6F 72 2C 72 61 77 3A 67 65 74 70 72 6F 70 20 72 6F 2E 62 75 69 6C 64 2E 76 65 72 73 69 6F 6E 2E 72 65 6C 65 61 73 65 00 
10-15 23:37:09.108 12416 12416 E adbd    : service_to_fd: shell,v2,TERM=xterm-256color,raw:getprop ro.build.version.release
10-15 23:37:09.113 12920 13122 I FirefoxAccount: Registering persistence callback
10-15 23:37:09.113 12920 13122 I FirefoxAccountStateMachine: Ran 'mozilla.components.service.fxa.manager.Event$Account$Start@ad34ee6' side-effects for state Active(progressState=Initializing), got successive event mozilla.components.service.fxa.manager.Event$Progress$AccountNotFound@451291f
10-15 23:37:09.113 12920 13122 I FirefoxAccountStateMachine: Processing event 'mozilla.components.service.fxa.manager.Event$Progress$AccountNotFound@451291f' for state Active(progressState=Initializing). Next state is Idle(accountState=NotAuthenticated)
10-15 23:37:09.113 12875 13136 I BatteryMgr:DataCollectionService: stats => 1697405829113,-141,4314,-146,0,100
10-15 23:37:09.116  3957  3957 D AudioService: getStreamVolume 5 index 110
10-15 23:37:09.117  3957  4653 D Notification: allPendingIntents
10-15 23:37:09.118  3957  4564 D Notification: allPendingIntents
10-15 23:37:09.118  4340  4340 D StatusBar: addNotification key=0|com.example.batterymanager_utility|1|null|10170 fullscreen:false
10-15 23:37:09.122  3599  3918 D DnsProxyListener: DNSDBG::dns addrinfo af 0
10-15 23:37:09.124  3599  3918 D DnsProxyListener: DNSDBG::dns addrinfo af 0
10-15 23:37:09.127  3957  4564 V WindowManager: finishDrawingLocked: mDrawState=COMMIT_DRAW_PENDING Window{cdf68a4 u0 org.mozilla.fenix/org.mozilla.fenix.App} in Surface(name=org.mozilla.fenix/org.mozilla.fenix.App)
10-15 23:37:09.128 12920 12920 D ViewRootImpl@3adee14[App]: MSG_RESIZED_REPORT: frame=Rect(0, 0 - 720, 1280) ci=Rect(0, 42 - 0, 0) vi=Rect(0, 42 - 0, 0) or=1
10-15 23:37:09.128  3599  3918 D DnsProxyListener: DNSDBG::dns addrinfo af 0
10-15 23:37:09.128 12920 12920 D ViewRootImpl@3adee14[App]: MSG_WINDOW_FOCUS_CHANGED 1
10-15 23:37:09.134  3957  4025 D ViewRootImpl@b140abd[fenix]: dispatchDetachedFromWindow
10-15 23:37:09.134  3957  4025 D InputEventReceiver: channel 'dfc58b2 Splash Screen org.mozilla.fenix (client)' ~ Disposing input event receiver.
10-15 23:37:09.134  3957  4025 D InputEventReceiver: channel 'dfc58b2 Splash Screen org.mozilla.fenix (client)' ~NativeInputEventReceiver.
10-15 23:37:09.137  3957  3973 D WindowManager: set systemUiVisibility : systemUiFlags= 0x2618 fullscreenStackSysUiFlags= 0x0
10-15 23:37:09.139 12920 12949 W GeckoEventDispatcher: No listener for GeckoView:PageAction:Update
10-15 23:37:09.140  3957  3981 I ActivityManager: Displayed org.mozilla.fenix/.App: +1s507ms
10-15 23:37:09.141  3957  3981 D CustomFrequencyManagerService: acquireDVFSLockLocked : type : DVFS_MIN_LIMIT  frequency : 1560000  uid : 1000  pid : 3957  pkgName : AMS_RESUME_TAIL@CPU_MIN@58
10-15 23:37:09.141  3957  3981 D ActivityManagerPerformance: AMP_acquire() TAIL
10-15 23:37:09.141  3957  3981 D CustomFrequencyManagerService: releaseDVFSLockLocked : Getting Lock type frm List : DVFS_MIN_LIMIT  frequency : 1560000  uid : 1000  pid : 3957  tag : AMS_APP_SWITCH@CPU_MIN@52
10-15 23:37:09.142  3957  3981 D ActivityManagerPerformance: AMP_release() APP_SWITCH
10-15 23:37:09.144  3957  4564 D WindowManager: adjustSystemUiVisibilityLw : vis= 0x2618
10-15 23:37:09.146 12920 12920 V InputMethodManager: Starting input: tba=android.view.inputmethod.EditorInfo@e10246c nm : org.mozilla.fenix ic=null
10-15 23:37:09.146 12920 12920 I InputMethodManager: startInputInner - mService.startInputOrWindowGainedFocus
10-15 23:37:09.147  3957  4564 D InputMethodManagerService: startInputOrWindowGainedFocus : windowGainedFocus 
10-15 23:37:09.147  3957  3973 D WindowManager: set systemUiVisibility : systemUiFlags= 0x2618 fullscreenStackSysUiFlags= 0x2000
10-15 23:37:09.147  3957  4564 D InputMethodManagerService: windowGainedFocus: destinationUserId (getCallingUid) = 0
10-15 23:37:09.147  3957  4564 D InputMethodManagerService: windowGainedFocus: currentUserId=0
10-15 23:37:09.147  3957  4564 D InputMethodManagerService: windowGainedFocus: mCurrentFocusedUserId=0
10-15 23:37:09.147  3957  4564 D InputMethodManagerService: windowGainedFocus : lock - currentUserId = 0 destinationUserId = 0
10-15 23:37:09.147  3957  4564 D InputMethodManagerService: windowGainedFocus : mCurrentFocusedUserId - 0 and mSecureKeypadEnabled - false, userSwitched - false
10-15 23:37:09.148  3957  4564 V InputMethodManagerService: windowGainedFocus : reason=WINDOW_FOCUS_GAIN client=android.os.BinderProxy@2a8c036 inputContext=null missingMethods= attribute=android.view.inputmethod.EditorInfo@9a1aa4b nm = org.mozilla.fenix controlFlags=#104 softInputMode=#110 windowFlags=#81010100
10-15 23:37:09.148  3957  4564 V InputMethodManagerService: hideCurrentInputLocked : shouldHideSoftInput is false
10-15 23:37:09.148  3957  4564 D InputMethodManagerService: isImeSwitcherDisabledPackage : false
10-15 23:37:09.148  3957  4564 V InputMethodManagerService: Creating new session for client ClientState{cba8c28 uid 10169 pid 12920}
10-15 23:37:09.151  3957  4564 D InputMethodManagerService: setCurrentInputInfo - inputContext : null eidtorInfo : android.view.inputmethod.EditorInfo@9a1aa4b missingMethods : 0
10-15 23:37:09.153  6896  6896 I InputMethodWrapper:  call dispatchStartInputWithToken
10-15 23:37:09.153  6896  6896 I InputMethodService: dispatchStartInputWithToken
10-15 23:37:09.153  6896  6896 I SKBD    : SamsungKeypad [IMI] onStartInput - caller pid : 12920, caller uid : 10169
10-15 23:37:09.155  3957  7899 D ConnectivityService: filterNetworkStateForUid() uid: 10169 networkInfo: [type: WIFI[] - WIFI, state: CONNECTED/CONNECTED, reason: (unspecified), extra: "ourhome", failover: false, available: true, roaming: false, metered: false]
10-15 23:37:09.155  3957  7899 D WifiService: getConnectionInfo uid=1000
10-15 23:37:09.155 12920 13145 I libglean_ffi: glean_core::upload: New upload task with id 9dff029f-5e6c-4ae4-9905-b70e397ae033 (path: /submit/org-mozilla-fenix/events/1/9dff029f-5e6c-4ae4-9905-b70e397ae033)
10-15 23:37:09.156  3957  7899 I chatty  : uid=1000(system) Binder:3957_11 identical 1 line
10-15 23:37:09.156  3957  7899 D WifiService: getConnectionInfo uid=1000
10-15 23:37:09.157  3957  7899 D ConnectivityService: filterNetworkStateForUid() uid: 10169 networkInfo: [type: WIFI[] - WIFI, state: CONNECTED/CONNECTED, reason: (unspecified), extra: "ourhome", failover: false, available: true, roaming: false, metered: false]
10-15 23:37:09.157  3957  7899 D WifiService: getConnectionInfo uid=1000
10-15 23:37:09.158 13068 13101 W linker  : "/data/app/org.mozilla.fenix-iWpGOrf8cry6RDpwHyQugA==/lib/arm64/libmozglue.so" unused DT entry: type 0x8000024 arg 0x38f70
10-15 23:37:09.158 13068 13101 W linker  : "/data/app/org.mozilla.fenix-iWpGOrf8cry6RDpwHyQugA==/lib/arm64/libmozglue.so" unused DT entry: type 0x8000023 arg 0x1f8
10-15 23:37:09.158 13068 13101 W linker  : "/data/app/org.mozilla.fenix-iWpGOrf8cry6RDpwHyQugA==/lib/arm64/libmozglue.so" unused DT entry: type 0x8000025 arg 0x8
10-15 23:37:09.165 13068 13101 I GeckoLoader: Library base=/data/app/org.mozilla.fenix-iWpGOrf8cry6RDpwHyQugA==/lib/arm64
10-15 23:37:09.165 13068 13101 I GeckoLoader: Library base=/data/app/org.mozilla.fenix-iWpGOrf8cry6RDpwHyQugA==/lib/arm64
10-15 23:37:09.166 12920 12920 V InputMethodManager: Starting input: tba=android.view.inputmethod.EditorInfo@b001c21 nm : org.mozilla.fenix ic=null
10-15 23:37:09.168 13068 13101 E GeckoLibLoad: Load sqlite start
10-15 23:37:09.169 12416 12416 E adbd    : recv: OPEN 00000f39 00000000 003e:73 68 65 6C 6C 2C 76 32 2C 54 45 52 4D 3D 78 74 65 72 6D 2D 32 35 36 63 6F 6C 6F 72 2C 72 61 77 3A 67 65 74 70 72 6F 70 20 72 6F 2E 62 75 69 6C 64 2E 76 65 72 73 69 6F 6E 2E 73 64 6B 00 
10-15 23:37:09.169 12416 12416 E adbd    : service_to_fd: shell,v2,TERM=xterm-256color,raw:getprop ro.build.version.sdk
10-15 23:37:09.172 13068 13101 W linker  : "/data/app/org.mozilla.fenix-iWpGOrf8cry6RDpwHyQugA==/lib/arm64/libnss3.so" unused DT entry: type 0x8000024 arg 0x14998
10-15 23:37:09.172 13068 13101 W linker  : "/data/app/org.mozilla.fenix-iWpGOrf8cry6RDpwHyQugA==/lib/arm64/libnss3.so" unused DT entry: type 0x8000023 arg 0x5c8
10-15 23:37:09.172 13068 13101 W linker  : "/data/app/org.mozilla.fenix-iWpGOrf8cry6RDpwHyQugA==/lib/arm64/libnss3.so" unused DT entry: type 0x8000025 arg 0x8
10-15 23:37:09.173 13068 13101 E GeckoLibLoad: Load sqlite done
10-15 23:37:09.173 13068 13101 I GeckoLoader: Library base=/data/app/org.mozilla.fenix-iWpGOrf8cry6RDpwHyQugA==/lib/arm64
10-15 23:37:09.173 13068 13101 E GeckoLibLoad: Load nss start
10-15 23:37:09.173 13068 13101 E GeckoLibLoad: Load nss done
10-15 23:37:09.173 13068 13101 I GeckoLoader: Library base=/data/app/org.mozilla.fenix-iWpGOrf8cry6RDpwHyQugA==/lib/arm64
10-15 23:37:09.176 13068 13101 W linker  : "/data/app/org.mozilla.fenix-iWpGOrf8cry6RDpwHyQugA==/lib/arm64/libxul.so" unused DT entry: type 0x8000024 arg 0x539420
10-15 23:37:09.176 13068 13101 W linker  : "/data/app/org.mozilla.fenix-iWpGOrf8cry6RDpwHyQugA==/lib/arm64/libxul.so" unused DT entry: type 0x8000023 arg 0x17d68
10-15 23:37:09.176 13068 13101 W linker  : "/data/app/org.mozilla.fenix-iWpGOrf8cry6RDpwHyQugA==/lib/arm64/libxul.so" unused DT entry: type 0x8000025 arg 0x8
10-15 23:37:09.180  3447  3447 I SurfaceFlinger: Display 0 HWC layers:
10-15 23:37:09.180  3447  3447 I SurfaceFlinger:     type    |    handle    | flag |  format   |   source crop (l,t,r,b)    |         frame       | name 
10-15 23:37:09.180  3447  3447 I SurfaceFlinger: ------------+--------------+------+-----------+----------------------------+---------------------+------
10-15 23:37:09.180  3447  3447 I SurfaceFlinger:      Device | 0x7e9ec22d40 | 0000 | RGBA_8888 |   0.0    0.0  720.0 1280.0 |    0    0  720 1280 | org.mozilla.fenix/org.mozilla.fenix.App#0
10-15 23:37:09.180  3447  3447 I SurfaceFlinger:      Device | 0x7e9ec22380 | 0000 | RGBA_8888 |   0.0    0.0  720.0 1280.0 |    0    0  720 1280 | Splash Screen org.mozilla.fenix#0
10-15 23:37:09.180  3447  3447 I SurfaceFlinger:      Device | 0x7e9ed37900 | 0000 | RGBA_8888 |   0.0    0.0  720.0   42.0 |    0    0  720   42 | StatusBar#0
10-15 23:37:09.180  3447  3447 I SurfaceFlinger: 
10-15 23:37:09.198 13068 13101 E GeckoLibLoad: Loaded libs in 24.770616ms total, 8ms(8ms) user, 16ms(16ms) system, 0(0) faults
10-15 23:37:09.199 13068 13101 W GeckoThread: zerdatime 1068216577 - runGecko
10-15 23:37:09.222 12875 13136 I BatteryMgr:DataCollectionService: stats => 1697405829222,-141,4314,-146,0,100
10-15 23:37:09.231 12920 12920 D skia    : approximate: numPoints=40, lengths[39]=620.200073, totalLength=620.200073, segmentPoints[39]=[422.600037,0.000000]
10-15 23:37:09.231 12920 12920 D skia    : approximate: approximation[117]=1.000000, approximation[118]=422.600037, approximation[119]=0.000000
10-15 23:37:09.232 12920 12920 D skia    : approximate: numPoints=4, lengths[3]=3.448155, totalLength=3.448155, segmentPoints[3]=[3.000000,0.100000]
10-15 23:37:09.232 12920 12920 D skia    : approximate: approximation[9]=1.000000, approximation[10]=3.000000, approximation[11]=0.100000
10-15 23:37:09.235 12920 12920 D skia    : approximate: numPoints=37, lengths[36]=722.199951, totalLength=722.199951, segmentPoints[36]=[199.600006,0.000000]
10-15 23:37:09.235 12920 12920 D skia    : approximate: approximation[108]=1.000000, approximation[109]=199.600006, approximation[110]=0.000000
10-15 23:37:09.235 12920 12920 D skia    : approximate: numPoints=3, lengths[2]=2.472497, totalLength=2.472497, segmentPoints[2]=[2.000000,0.100000]
10-15 23:37:09.235 12920 12920 D skia    : approximate: approximation[6]=1.000000, approximation[7]=2.000000, approximation[8]=0.100000
10-15 23:37:09.239  3599  3918 D DnsProxyListener: DNSDBG::dns addrinfo af 0
10-15 23:37:09.242 12920 12920 V InputMethodManager: Starting input: tba=android.view.inputmethod.EditorInfo@5076a9 nm : org.mozilla.fenix ic=null
10-15 23:37:09.242 12920 12920 I InputMethodManager: startInputInner - mService.startInputOrWindowGainedFocus
10-15 23:37:09.243  3957  7899 D InputMethodManagerService: startInputOrWindowGainedFocus : startInput 
10-15 23:37:09.244  3957  7899 D InputMethodManagerService: setCurrentInputInfo - inputContext : null eidtorInfo : android.view.inputmethod.EditorInfo@55ea027 missingMethods : 0
10-15 23:37:09.249  6896  6896 I InputMethodWrapper:  call dispatchStartInputWithToken
10-15 23:37:09.249  6896  6896 I InputMethodService: dispatchStartInputWithToken
10-15 23:37:09.249  6896  6896 I SKBD    : SamsungKeypad [IMI] onStartInput - caller pid : 12920, caller uid : 10169
10-15 23:37:09.281  4340  4340 D KeyguardUpdateMonitor: handleStatusBarState( false )
10-15 23:37:09.295  3957  4129 D WifiStateMachine:  ConnectedState !RSSI_PKTCNT_FETCH uid=1000 rt=407818445/1068216672 0 0 "ourhome" f4:6d:2f:12:cc:88 rssi=-43 f=5240 sc=60 link=433 tx=0.9, 0.0, 0.0  rx=3.3 bcn=102460 [on:0 tx:0 rx:0 period:912] from screen [on:226698 period:1693428] score=60
10-15 23:37:09.297  3957  4129 D WifiStateMachine:  L2ConnectedState !RSSI_PKTCNT_FETCH uid=1000 rt=407818446/1068216674 0 0 "ourhome" f4:6d:2f:12:cc:88 rssi=-43 f=5240 sc=60 link=433 tx=0.9, 0.0, 0.0  rx=3.3 bcn=102460 [on:0 tx:0 rx:0 period:1] from screen [on:226698 period:1693429] score=60
10-15 23:37:09.298  3957  4129 D WifiStateMachine: fetchRssiLinkSpeedAndFrequencyNative rssi=-47 linkspeed=433 freq=5240
10-15 23:37:09.300 13068 13101 W AudioCapabilities: Unsupported mime audio/mpeg-L1
10-15 23:37:09.300 13068 13101 W AudioCapabilities: Unsupported mime audio/mpeg-L2
10-15 23:37:09.305 13068 13101 W AudioCapabilities: Unsupported mime audio/x-ms-wma
10-15 23:37:09.306 13068 13101 W AudioCapabilities: Unsupported mime audio/x-ima
10-15 23:37:09.310  3957  4025 I WindowManager: Destroying surface Surface(name=Splash Screen org.mozilla.fenix) called by com.android.server.wm.WindowStateAnimator.destroySurface:2501 com.android.server.wm.WindowStateAnimator.destroySurfaceLocked:985 com.android.server.wm.WindowState.destroyOrSaveSurfaceUnchecked:3670 com.android.server.wm.WindowState.destroySurface:3618 com.android.server.wm.AppWindowToken.destroySurfaces:722 com.android.server.wm.AppWindowToken.destroySurfaces:706 com.android.server.wm.WindowState.onExitAnimationDone:5316 com.android.server.wm.WindowStateAnimator.stepAnimationLocked:550 
10-15 23:37:09.310  3447  5168 I SurfaceFlinger: id=1873 Removed Splash Screen org.mozilla.fenix#0 (4/5)
10-15 23:37:09.315 13068 13101 W VideoCapabilities: Unrecognized profile 2130706433 for video/avc
10-15 23:37:09.315 13068 13101 W VideoCapabilities: Unrecognized profile 2130706434 for video/avc
10-15 23:37:09.316  3447  3447 I SurfaceFlinger: Display 0 HWC layers:
10-15 23:37:09.316  3447  3447 I SurfaceFlinger:     type    |    handle    | flag |  format   |   source crop (l,t,r,b)    |         frame       | name 
10-15 23:37:09.316  3447  3447 I SurfaceFlinger: ------------+--------------+------+-----------+----------------------------+---------------------+------
10-15 23:37:09.316  3447  3447 I SurfaceFlinger:      Device | 0x7e9ec22d40 | 0000 | RGBA_8888 |   0.0    0.0  720.0 1280.0 |    0    0  720 1280 | org.mozilla.fenix/org.mozilla.fenix.App#0
10-15 23:37:09.316  3447  3447 I SurfaceFlinger:      Device | 0x7ea5024780 | 0000 | RGBA_8888 |   0.0    0.0  720.0   42.0 |    0    0  720   42 | StatusBar#0
10-15 23:37:09.316  3447  3447 I SurfaceFlinger: 
10-15 23:37:09.319 13068 13101 W VideoCapabilities: Unrecognized profile 2130706433 for video/avc
10-15 23:37:09.319 13068 13101 W VideoCapabilities: Unrecognized profile 2130706434 for video/avc
10-15 23:37:09.320  3447  4088 I SurfaceFlinger: id=1873 Removed Splash Screen org.mozilla.fenix#0 (-2/5)
10-15 23:37:09.326  3447  3447 I Layer   : id=1873 onRemoved Splash Screen org.mozilla.fenix#0 
10-15 23:37:09.332 12875 13136 I BatteryMgr:DataCollectionService: stats => 1697405829331,-141,4314,-146,0,100
10-15 23:37:09.340 13068 13101 W VideoCapabilities: Unrecognized profile 2130706433 for video/avc
10-15 23:37:09.340 13068 13101 W VideoCapabilities: Unrecognized profile 2130706434 for video/avc
10-15 23:37:09.346 13068 13101 W VideoCapabilities: Unsupported mime video/avc-wfd
10-15 23:37:09.376 13068 13101 I VideoCapabilities: Unsupported profile 4 for video/mp4v-es
10-15 23:37:09.403  3957  4653 V WindowManager: Relayout Window{cdf68a4 u0 org.mozilla.fenix/org.mozilla.fenix.App}: viewVisibility=0 req=720x1280 WM.LayoutParams{(0,0)(fillxfill) sim=#10 ty=1 fl=#81010100 pfl=0x20000 fmt=-3 wanim=0x7f1404fa vsysui=0x2610 needsMenuKey=2 colorMode=0 naviIconColor=0}
10-15 23:37:09.408 12920 12920 D ViewRootImpl@3adee14[App]: Relayout returned: old=[0,0][720,1280] new=[0,0][720,1280] result=0x1 surface={valid=true 499285835776} changed=false
10-15 23:37:09.415 13068 13101 W VideoCapabilities: Unrecognized profile/level 1/32 for video/mp4v-es
10-15 23:37:09.415 13068 13101 W VideoCapabilities: Unrecognized profile/level 32768/2 for video/mp4v-es
10-15 23:37:09.415 13068 13101 W VideoCapabilities: Unrecognized profile/level 32768/64 for video/mp4v-es
10-15 23:37:09.419 13068 13101 W VideoCapabilities: Unsupported mime video/wvc1
10-15 23:37:09.428 13068 13101 W VideoCapabilities: Unsupported mime video/x-ms-wmv
10-15 23:37:09.431 13068 13101 W VideoCapabilities: Unsupported mime video/x-ms-wmv7
10-15 23:37:09.435 13068 13101 W VideoCapabilities: Unsupported mime video/x-ms-wmv8
10-15 23:37:09.436  6120  6136 I FontLog : (REDACTED) Received query %s, URI %s
10-15 23:37:09.438 13068 13101 W VideoCapabilities: Unsupported mime video/mp43
10-15 23:37:09.440  6120  6136 I FontLog : (REDACTED) Query [%s] resolved to %s
10-15 23:37:09.441 12875 13136 I BatteryMgr:DataCollectionService: stats => 1697405829441,-141,4314,-146,0,100
10-15 23:37:09.449  6120  6136 I FontLog : (REDACTED) Fetch %s end status %s
10-15 23:37:09.459  6120  6136 I FontLog : (REDACTED) Pulling font file for id = %d, cache size = %d
10-15 23:37:09.460 13068 13101 W AudioCapabilities: Unsupported mime audio/mpeg-L1
10-15 23:37:09.460 13068 13101 W AudioCapabilities: Unsupported mime audio/mpeg-L2
10-15 23:37:09.461 13068 13101 W AudioCapabilities: Unsupported mime audio/x-ms-wma
10-15 23:37:09.461 13068 13101 W AudioCapabilities: Unsupported mime audio/x-ima
10-15 23:37:09.464 13068 13101 W VideoCapabilities: Unrecognized profile 2130706433 for video/avc
10-15 23:37:09.464 13068 13101 W VideoCapabilities: Unrecognized profile 2130706434 for video/avc
10-15 23:37:09.468  6120  6136 I FontLog : (REDACTED) Pulling font file for id = %d, cache size = %d
10-15 23:37:09.470  3957  4653 V WindowManager: rotationForOrientationLw(orient=2, last=0); user=0  sensorRotation=-1 mLidState=-1 mDockMode=0 mHdmiPlugged=false
10-15 23:37:09.472 13068 13101 W VideoCapabilities: Unrecognized profile/level 1/32 for video/mp4v-es
10-15 23:37:09.473 13068 13101 W VideoCapabilities: Unrecognized profile/level 32768/2 for video/mp4v-es
10-15 23:37:09.473 13068 13101 W VideoCapabilities: Unrecognized profile/level 32768/64 for video/mp4v-es
10-15 23:37:09.473 13068 13101 W VideoCapabilities: Unsupported mime video/wvc1
10-15 23:37:09.474 13068 13101 W VideoCapabilities: Unsupported mime video/x-ms-wmv
10-15 23:37:09.474 13068 13101 W VideoCapabilities: Unsupported mime video/x-ms-wmv7
10-15 23:37:09.475 13068 13101 W VideoCapabilities: Unsupported mime video/x-ms-wmv8
10-15 23:37:09.475 12920 12920 I DefaultSupportedAddonsChecker: Unregister check for new supported add-ons
10-15 23:37:09.475 13068 13101 W VideoCapabilities: Unsupported mime video/mp43
10-15 23:37:09.483  3957  4653 V WindowManager: Relayout Window{cdf68a4 u0 org.mozilla.fenix/org.mozilla.fenix.App}: viewVisibility=0 req=720x1280 WM.LayoutParams{(0,0)(fillxfill) sim=#10 ty=1 fl=#81010100 pfl=0x20000 fmt=-3 wanim=0x7f1404fa vsysui=0x2610 needsMenuKey=2 colorMode=0 naviIconColor=0}
10-15 23:37:09.486 12920 12920 D ViewRootImpl@3adee14[App]: Relayout returned: old=[0,0][720,1280] new=[0,0][720,1280] result=0x1 surface={valid=true 499285835776} changed=false
10-15 23:37:09.491 12920 13145 I libglean_ffi: glean_core::upload: Ping 9dff029f-5e6c-4ae4-9905-b70e397ae033 successfully sent 200.
10-15 23:37:09.494 12920 13145 I libglean_ffi: glean_core::upload::directory: File was deleted /data/user/0/org.mozilla.fenix/glean_data/pending_pings/9dff029f-5e6c-4ae4-9905-b70e397ae033
10-15 23:37:09.496 12920 13145 I libglean_ffi: glean_core::upload: New upload task with id 5cf440e4-5f4e-4a8d-9983-542f41292a9b (path: /submit/org-mozilla-fenix/baseline/1/5cf440e4-5f4e-4a8d-9983-542f41292a9b)
10-15 23:37:09.500 12920 12920 I WebExtension: releasePendingMessages: extension=webcompat-reporter@mozilla.org nativeApp=mozacWebcompatReporter session=null
10-15 23:37:09.507 12920 12920 I WebExtension: releasePendingMessages: extension=fxa@mozac.org nativeApp=mozacWebchannelBackground session=null
10-15 23:37:09.552 12875 13136 I BatteryMgr:DataCollectionService: stats => 1697405829551,-141,4314,-146,0,100
10-15 23:37:09.557 12920 12920 I WebExtension: releasePendingMessages: extension=fxa@mozac.org nativeApp=mozacWebchannel session=org.mozilla.geckoview.GeckoSession@370146e
10-15 23:37:09.557 12920 12920 I WebExtension: releasePendingMessages: extension=readerview@mozac.org nativeApp=mozacReaderviewActive session=org.mozilla.geckoview.GeckoSession@370146e
10-15 23:37:09.557 12920 12920 I WebExtension: releasePendingMessages: extension=readerview@mozac.org nativeApp=mozacReaderview session=org.mozilla.geckoview.GeckoSession@370146e
10-15 23:37:09.558 12920 12920 I SessionPrioritizationMiddleware: Update the currentSelectedTab dedcbbbf-2255-4450-82a7-d17516b4b0f6 priority to HIGH
10-15 23:37:09.560 12920 12920 I WebExtension: releasePendingMessages: extension=icons@mozac.org nativeApp=MozacBrowserIcons session=org.mozilla.geckoview.GeckoSession@370146e
10-15 23:37:09.560 12920 12920 I WebExtension: releasePendingMessages: extension=ads@mozac.org nativeApp=MozacBrowserAdsMessage session=org.mozilla.geckoview.GeckoSession@370146e
10-15 23:37:09.560 12920 12920 I WebExtension: releasePendingMessages: extension=cookies@mozac.org nativeApp=MozacBrowserSearchMessage session=org.mozilla.geckoview.GeckoSession@370146e
10-15 23:37:09.592  3957  3972 D ApplicationPolicy: isStatusBarNotificationAllowedAsUser: packageName = android,userId = 0
10-15 23:37:09.592  3957  3972 D API test: getContainerInfo: value is 
10-15 23:37:09.592  3957  3972 D ApplicationPolicy: isStatusBarNotificationAllowedAsUser: packageName = android,userId = 0
10-15 23:37:09.592  3957  3972 D API test: getContainerInfo: value is 
10-15 23:37:09.593  3957  3972 E NotificationService: Suppressing notification from package by user request.
10-15 23:37:09.616 12920 12949 W ResourceType: Too many attribute references, stopped at: 0x01010099
10-15 23:37:09.616 12920 12931 I zygote64: Background concurrent copying GC freed 33368(2MB) AllocSpace objects, 14(280KB) LOS objects, 50% free, 4MB/8MB, paused 1.232ms total 115.065ms
10-15 23:37:09.639  3957  3957 D PreBindingService: handleMessage : 1
10-15 23:37:09.659 12875 13136 I BatteryMgr:DataCollectionService: stats => 1697405829659,-141,4314,-146,0,100
10-15 23:37:09.685 13002 13030 W linker  : "/data/app/org.mozilla.fenix-iWpGOrf8cry6RDpwHyQugA==/lib/arm64/libmozglue.so" unused DT entry: type 0x8000024 arg 0x38f70
10-15 23:37:09.685 13002 13030 W linker  : "/data/app/org.mozilla.fenix-iWpGOrf8cry6RDpwHyQugA==/lib/arm64/libmozglue.so" unused DT entry: type 0x8000023 arg 0x1f8
10-15 23:37:09.685 13002 13030 W linker  : "/data/app/org.mozilla.fenix-iWpGOrf8cry6RDpwHyQugA==/lib/arm64/libmozglue.so" unused DT entry: type 0x8000025 arg 0x8
10-15 23:37:09.687 13002 13030 I GeckoLoader: Library base=/data/app/org.mozilla.fenix-iWpGOrf8cry6RDpwHyQugA==/lib/arm64
10-15 23:37:09.688 13002 13030 I GeckoLoader: Library base=/data/app/org.mozilla.fenix-iWpGOrf8cry6RDpwHyQugA==/lib/arm64
10-15 23:37:09.688 13002 13030 E GeckoLibLoad: Load sqlite start
10-15 23:37:09.689 13002 13030 W linker  : "/data/app/org.mozilla.fenix-iWpGOrf8cry6RDpwHyQugA==/lib/arm64/libnss3.so" unused DT entry: type 0x8000024 arg 0x14998
10-15 23:37:09.689 13002 13030 W linker  : "/data/app/org.mozilla.fenix-iWpGOrf8cry6RDpwHyQugA==/lib/arm64/libnss3.so" unused DT entry: type 0x8000023 arg 0x5c8
10-15 23:37:09.689 13002 13030 W linker  : "/data/app/org.mozilla.fenix-iWpGOrf8cry6RDpwHyQugA==/lib/arm64/libnss3.so" unused DT entry: type 0x8000025 arg 0x8
10-15 23:37:09.690 13002 13030 E GeckoLibLoad: Load sqlite done
10-15 23:37:09.690 13002 13030 I GeckoLoader: Library base=/data/app/org.mozilla.fenix-iWpGOrf8cry6RDpwHyQugA==/lib/arm64
10-15 23:37:09.690 13002 13030 E GeckoLibLoad: Load nss start
10-15 23:37:09.690 13002 13030 E GeckoLibLoad: Load nss done
10-15 23:37:09.691 13002 13030 I GeckoLoader: Library base=/data/app/org.mozilla.fenix-iWpGOrf8cry6RDpwHyQugA==/lib/arm64
10-15 23:37:09.691 12920 12949 W AudioCapabilities: Unsupported mime audio/mpeg-L1
10-15 23:37:09.692 12920 12949 W AudioCapabilities: Unsupported mime audio/mpeg-L2
10-15 23:37:09.693 13002 13030 W linker  : "/data/app/org.mozilla.fenix-iWpGOrf8cry6RDpwHyQugA==/lib/arm64/libxul.so" unused DT entry: type 0x8000024 arg 0x539420
10-15 23:37:09.693 13002 13030 W linker  : "/data/app/org.mozilla.fenix-iWpGOrf8cry6RDpwHyQugA==/lib/arm64/libxul.so" unused DT entry: type 0x8000023 arg 0x17d68
10-15 23:37:09.693 13002 13030 W linker  : "/data/app/org.mozilla.fenix-iWpGOrf8cry6RDpwHyQugA==/lib/arm64/libxul.so" unused DT entry: type 0x8000025 arg 0x8
10-15 23:37:09.693 12920 12949 W AudioCapabilities: Unsupported mime audio/x-ms-wma
10-15 23:37:09.694 12920 12949 W AudioCapabilities: Unsupported mime audio/x-ima
10-15 23:37:09.697 12920 12949 W VideoCapabilities: Unrecognized profile 2130706433 for video/avc
10-15 23:37:09.697 12920 12949 W VideoCapabilities: Unrecognized profile 2130706434 for video/avc
10-15 23:37:09.698 12920 12949 W VideoCapabilities: Unrecognized profile 2130706433 for video/avc
10-15 23:37:09.699 12920 12949 W VideoCapabilities: Unrecognized profile 2130706434 for video/avc
10-15 23:37:09.707 12920 12949 W VideoCapabilities: Unrecognized profile 2130706433 for video/avc
10-15 23:37:09.707 12920 12949 W VideoCapabilities: Unrecognized profile 2130706434 for video/avc
10-15 23:37:09.709 12920 12949 W VideoCapabilities: Unsupported mime video/avc-wfd
10-15 23:37:09.714 13002 13030 E GeckoLibLoad: Loaded libs in 22.859769ms total, 12ms(12ms) user, 12ms(12ms) system, 0(0) faults
10-15 23:37:09.714 13002 13030 W GeckoThread: zerdatime 1068217092 - runGecko
10-15 23:37:09.730 12920 12949 I VideoCapabilities: Unsupported profile 4 for video/mp4v-es
10-15 23:37:09.742  3957  3957 D CustomFrequencyManagerService: releaseDVFSLockLocked : Getting Lock type frm List : DVFS_MIN_LIMIT  frequency : 1560000  uid : 1000  pid : 3957  tag : AMS_RESUME_TAIL@CPU_MIN@58
10-15 23:37:09.746 12920 12949 W VideoCapabilities: Unrecognized profile/level 1/32 for video/mp4v-es
10-15 23:37:09.746 12920 12949 W VideoCapabilities: Unrecognized profile/level 32768/2 for video/mp4v-es
10-15 23:37:09.746 12920 12949 W VideoCapabilities: Unrecognized profile/level 32768/64 for video/mp4v-es
10-15 23:37:09.748 12920 12949 W VideoCapabilities: Unsupported mime video/wvc1
10-15 23:37:09.749 12920 12949 W VideoCapabilities: Unsupported mime video/x-ms-wmv
10-15 23:37:09.750 12920 12949 W VideoCapabilities: Unsupported mime video/x-ms-wmv7
10-15 23:37:09.751  3957  4089 D MdnieScenarioControlService:  packageName : org.mozilla.fenix    className : org.mozilla.fenix.App
10-15 23:37:09.751  3957  4089 V MdnieScenarioControlService: setUIMode from UI function(3)
10-15 23:37:09.752 12920 12949 W VideoCapabilities: Unsupported mime video/x-ms-wmv8
10-15 23:37:09.753 12920 12949 W VideoCapabilities: Unsupported mime video/mp43
10-15 23:37:09.758 12920 12949 W AudioCapabilities: Unsupported mime audio/mpeg-L1
10-15 23:37:09.758 12920 12949 W AudioCapabilities: Unsupported mime audio/mpeg-L2
10-15 23:37:09.759 12920 12949 W AudioCapabilities: Unsupported mime audio/x-ms-wma
10-15 23:37:09.759 12920 12949 W AudioCapabilities: Unsupported mime audio/x-ima
10-15 23:37:09.760 12920 12949 W VideoCapabilities: Unrecognized profile 2130706433 for video/avc
10-15 23:37:09.760 12920 12949 W VideoCapabilities: Unrecognized profile 2130706434 for video/avc
10-15 23:37:09.763 12920 12949 W VideoCapabilities: Unrecognized profile/level 1/32 for video/mp4v-es
10-15 23:37:09.763 12920 12949 W VideoCapabilities: Unrecognized profile/level 32768/2 for video/mp4v-es
10-15 23:37:09.763 12920 12949 W VideoCapabilities: Unrecognized profile/level 32768/64 for video/mp4v-es
10-15 23:37:09.764 12920 12949 W VideoCapabilities: Unsupported mime video/wvc1
10-15 23:37:09.764 12920 12949 W VideoCapabilities: Unsupported mime video/x-ms-wmv
10-15 23:37:09.765 12920 12949 W VideoCapabilities: Unsupported mime video/x-ms-wmv7
10-15 23:37:09.766 12920 12949 W VideoCapabilities: Unsupported mime video/x-ms-wmv8
10-15 23:37:09.766 12920 12949 W VideoCapabilities: Unsupported mime video/mp43
10-15 23:37:09.769 12875 13136 I BatteryMgr:DataCollectionService: stats => 1697405829769,-141,4314,-146,0,100
10-15 23:37:09.781 13068 13159 D libGLESv2: STS_GLApi : DTS, ODTC are not allowed for Package : org.mozilla.fenix:gpu
10-15 23:37:09.786 13068 13083 V Surface : sf_framedrop debug : 0x4f4c, game : false, logging : 0
10-15 23:37:09.791 13068 13159 D mali_winsys: EGLint new_window_surface(egl_winsys_display *, void *, EGLSurface, EGLConfig, egl_winsys_surface **, egl_color_buffer_format *, EGLBoolean) returns 0x3000,  [720x1238]-format:2
10-15 23:37:09.793 12920 12949 I GeckoSession: zerdatime 1068217172 - chrome startup finished
10-15 23:37:09.804 12920 13145 I libglean_ffi: glean_core::upload: Ping 5cf440e4-5f4e-4a8d-9983-542f41292a9b successfully sent 200.
10-15 23:37:09.808 12920 13145 I libglean_ffi: glean_core::upload::directory: File was deleted /data/user/0/org.mozilla.fenix/glean_data/pending_pings/5cf440e4-5f4e-4a8d-9983-542f41292a9b
10-15 23:37:09.809 12920 13145 I libglean_ffi: glean_core::upload: New upload task with id 041967c6-7ade-409f-b49d-b36c781df993 (path: /submit/org-mozilla-fenix/baseline/1/041967c6-7ade-409f-b49d-b36c781df993)
10-15 23:37:09.811 12920 12920 I GeckoSession: handleMessage GeckoView:PageStart uri=
10-15 23:37:09.813 12920 12920 I GeckoSession: handleMessage GeckoView:PageStop uri=null
10-15 23:37:09.848 12920 12920 I GeckoSession: handleMessage GeckoView:PageStart uri=
10-15 23:37:09.853  3599  3918 D DnsProxyListener: DNSDBG::dns addrinfo af 0
10-15 23:37:09.877 12875 13136 I BatteryMgr:DataCollectionService: stats => 1697405829877,-141,4314,-146,0,100
10-15 23:37:09.896  3447  3447 I SurfaceFlinger: Display 0 HWC layers:
10-15 23:37:09.896  3447  3447 I SurfaceFlinger:     type    |    handle    | flag |  format   |   source crop (l,t,r,b)    |         frame       | name 
10-15 23:37:09.896  3447  3447 I SurfaceFlinger: ------------+--------------+------+-----------+----------------------------+---------------------+------
10-15 23:37:09.896  3447  3447 I SurfaceFlinger:      Device | 0x7ea5024000 | 0000 | RGBx_8888 |   0.0    0.0  720.0 1238.0 |    0   42  720 1280 | SurfaceView - org.mozilla.fenix/org.mozilla.fenix.App@861be62@0#0
10-15 23:37:09.896  3447  3447 I SurfaceFlinger:      Device | 0x7e9ed37000 | 0000 | RGBA_8888 |   0.0    0.0  720.0 1280.0 |    0    0  720 1280 | org.mozilla.fenix/org.mozilla.fenix.App#0
10-15 23:37:09.896  3447  3447 I SurfaceFlinger:      Device | 0x7ea5024780 | 0000 | RGBA_8888 |   0.0    0.0  720.0   42.0 |    0    0  720   42 | StatusBar#0
10-15 23:37:09.896  3447  3447 I SurfaceFlinger: 
10-15 23:37:09.929 12920 12949 D GeckoIdleService: Setting timer a day from now
10-15 23:37:09.946 12920 12949 D GeckoIdleService: Get idle time: time since reset 17 msec
10-15 23:37:09.985 12875 13136 I BatteryMgr:DataCollectionService: stats => 1697405829985,-141,4314,-146,0,100
10-15 23:37:09.987  3957  4653 D StorageManagerService: getExternalStorageMountMode : 1
10-15 23:37:09.987  3957  4653 D StorageManagerService: getExternalStorageMountMode : 3
10-15 23:37:09.988  3957  4653 D StorageManagerService: getExternalStorageMountMode : final mountMode=1, uid : 10169, packageName : org.mozilla.fenix
10-15 23:37:09.988  3957  4653 I ApplicationPolicy: isApplicationExternalStorageWhitelisted:org.mozilla.fenix user:0
10-15 23:37:09.988  3957  4653 D ApplicationPolicy: isApplicationExternalStorageWhitelisted: DO is not enabled on user 0. Allowed.
10-15 23:37:09.988  3957  4653 D ActivityManager: package  org.mozilla.fenix, user - 0 is SDcard whitelisted
10-15 23:37:09.988  3957  4653 I ApplicationPolicy: isApplicationExternalStorageBlacklisted:org.mozilla.fenix user:0
10-15 23:37:09.988  3957  4653 D ApplicationPolicy: isApplicationExternalStorageBlacklisted: DO is not enabled on user 0. Allowed.
10-15 23:37:10.002 13239 13239 E Zygote  : isWhitelistProcess - Process is Whitelisted
10-15 23:37:10.003 13239 13239 E libpersona: scanKnoxPersonas
10-15 23:37:10.003  3957  4653 I ActivityManager: Start proc 13239:org.mozilla.fenix:tab2/u0a169 for service org.mozilla.fenix/org.mozilla.gecko.process.GeckoChildProcessServices$tab2
10-15 23:37:10.003 13239 13239 E libpersona: Couldn't open the File - /data/system/users/0/personalist.xml - No such file or directory
10-15 23:37:10.004 13239 13239 W SELinux : SELinux selinux_android_compute_policy_index : Policy Index[2],  Con:u:r:zygote:s0 RAM:SEPF_SM-J720F_8.0.0_0002, [-1 -1 -1 -1 0 1]
10-15 23:37:10.005 13239 13239 I SELinux : SELinux: seapp_context_lookup: seinfo=untrusted, level=s0:c512,c768, pkgname=org.mozilla.fenix:tab2 
10-15 23:37:10.024 13239 13239 D TimaKeyStoreProvider: TimaKeyStore is not enabled: cannot add TimaSignature Service and generateKeyPair Service
10-15 23:37:10.025 13239 13239 D ActivityThread: Added TimaKeyStore provider
10-15 23:37:10.027  3957  4128 D WifiService: getConnectionInfo uid=1000
10-15 23:37:10.028  3957  4653 I ActivityManager: DSS on for org.mozilla.fenix and scale is 1.0
10-15 23:37:10.048 13239 13239 I zygote64: no shared libraies, dex_files: 1
10-15 23:37:10.093 12875 13136 I BatteryMgr:DataCollectionService: stats => 1697405830093,-141,4314,-146,0,100
10-15 23:37:10.114 13239 13239 I ServiceChildProcess: onCreate
10-15 23:37:10.115 13239 13256 I GeckoThread: preparing to run Gecko
10-15 23:37:10.120 12920 12949 W AudioCapabilities: Unsupported mime audio/mpeg-L1
10-15 23:37:10.120 12920 12949 W AudioCapabilities: Unsupported mime audio/mpeg-L2
10-15 23:37:10.120 12920 12949 W AudioCapabilities: Unsupported mime audio/x-ms-wma
10-15 23:37:10.120 12920 12949 W AudioCapabilities: Unsupported mime audio/x-ima
10-15 23:37:10.121 12920 12949 W VideoCapabilities: Unrecognized profile 2130706433 for video/avc
10-15 23:37:10.121 12920 12949 W VideoCapabilities: Unrecognized profile 2130706434 for video/avc
10-15 23:37:10.121 13239 13256 W linker  : "/data/app/org.mozilla.fenix-iWpGOrf8cry6RDpwHyQugA==/lib/arm64/libmozglue.so" unused DT entry: type 0x8000024 arg 0x38f70
10-15 23:37:10.122 13239 13256 W linker  : "/data/app/org.mozilla.fenix-iWpGOrf8cry6RDpwHyQugA==/lib/arm64/libmozglue.so" unused DT entry: type 0x8000023 arg 0x1f8
10-15 23:37:10.122 13239 13256 W linker  : "/data/app/org.mozilla.fenix-iWpGOrf8cry6RDpwHyQugA==/lib/arm64/libmozglue.so" unused DT entry: type 0x8000025 arg 0x8
10-15 23:37:10.123 12920 12949 W VideoCapabilities: Unrecognized profile/level 1/32 for video/mp4v-es
10-15 23:37:10.123 12920 12949 W VideoCapabilities: Unrecognized profile/level 32768/2 for video/mp4v-es
10-15 23:37:10.123 12920 12949 W VideoCapabilities: Unrecognized profile/level 32768/64 for video/mp4v-es
10-15 23:37:10.124 12920 12949 W VideoCapabilities: Unsupported mime video/wvc1
10-15 23:37:10.124 12920 12949 W VideoCapabilities: Unsupported mime video/x-ms-wmv
10-15 23:37:10.125 12920 12949 W VideoCapabilities: Unsupported mime video/x-ms-wmv7
10-15 23:37:10.125 12920 12949 W VideoCapabilities: Unsupported mime video/x-ms-wmv8
10-15 23:37:10.126 12920 12949 W VideoCapabilities: Unsupported mime video/mp43
10-15 23:37:10.127 13239 13256 I GeckoLoader: Library base=/data/app/org.mozilla.fenix-iWpGOrf8cry6RDpwHyQugA==/lib/arm64
10-15 23:37:10.127 13239 13256 I GeckoLoader: Library base=/data/app/org.mozilla.fenix-iWpGOrf8cry6RDpwHyQugA==/lib/arm64
10-15 23:37:10.128 13239 13256 E GeckoLibLoad: Load sqlite start
10-15 23:37:10.130 13239 13256 W linker  : "/data/app/org.mozilla.fenix-iWpGOrf8cry6RDpwHyQugA==/lib/arm64/libnss3.so" unused DT entry: type 0x8000024 arg 0x14998
10-15 23:37:10.130 13239 13256 W linker  : "/data/app/org.mozilla.fenix-iWpGOrf8cry6RDpwHyQugA==/lib/arm64/libnss3.so" unused DT entry: type 0x8000023 arg 0x5c8
10-15 23:37:10.130 13239 13256 W linker  : "/data/app/org.mozilla.fenix-iWpGOrf8cry6RDpwHyQugA==/lib/arm64/libnss3.so" unused DT entry: type 0x8000025 arg 0x8
10-15 23:37:10.132 13239 13256 E GeckoLibLoad: Load sqlite done
10-15 23:37:10.132 13239 13256 I GeckoLoader: Library base=/data/app/org.mozilla.fenix-iWpGOrf8cry6RDpwHyQugA==/lib/arm64
10-15 23:37:10.132 13239 13256 E GeckoLibLoad: Load nss start
10-15 23:37:10.132 13239 13256 E GeckoLibLoad: Load nss done
10-15 23:37:10.132 13239 13256 I GeckoLoader: Library base=/data/app/org.mozilla.fenix-iWpGOrf8cry6RDpwHyQugA==/lib/arm64
10-15 23:37:10.136 13239 13256 W linker  : "/data/app/org.mozilla.fenix-iWpGOrf8cry6RDpwHyQugA==/lib/arm64/libxul.so" unused DT entry: type 0x8000024 arg 0x539420
10-15 23:37:10.137 13239 13256 W linker  : "/data/app/org.mozilla.fenix-iWpGOrf8cry6RDpwHyQugA==/lib/arm64/libxul.so" unused DT entry: type 0x8000023 arg 0x17d68
10-15 23:37:10.137 13239 13256 W linker  : "/data/app/org.mozilla.fenix-iWpGOrf8cry6RDpwHyQugA==/lib/arm64/libxul.so" unused DT entry: type 0x8000025 arg 0x8
10-15 23:37:10.161 12920 13145 I libglean_ffi: glean_core::upload: Ping 041967c6-7ade-409f-b49d-b36c781df993 successfully sent 200.
10-15 23:37:10.162  3957  4653 D ConnectivityService: filterNetworkStateForUid() uid: 10169 networkInfo: [type: WIFI[] - WIFI, state: CONNECTED/CONNECTED, reason: (unspecified), extra: "ourhome", failover: false, available: true, roaming: false, metered: false]
10-15 23:37:10.162  3957  4653 D WifiService: getConnectionInfo uid=1000
10-15 23:37:10.166 12920 13145 I libglean_ffi: glean_core::upload::directory: File was deleted /data/user/0/org.mozilla.fenix/glean_data/pending_pings/041967c6-7ade-409f-b49d-b36c781df993
10-15 23:37:10.171 12920 13145 I libglean_ffi: glean_core::upload: No more pings to upload! You are done.
10-15 23:37:10.173  3599  3918 D DnsProxyListener: DNSDBG::dns addrinfo af 0
10-15 23:37:10.174 13239 13256 E GeckoLibLoad: Loaded libs in 41.621269ms total, 24ms(68ms) user, 20ms(16ms) system, 0(0) faults
10-15 23:37:10.175 12920 13019 I WM-WorkerWrapper: Worker result SUCCESS for Work [ id=51788957-8188-42db-b19f-7eec48cb9549, tags={ mozilla.telemetry.glean.scheduler.PingUploadWorker, mozac_service_glean_ping_upload_worker } ]
10-15 23:37:10.176 13239 13256 W GeckoThread: zerdatime 1068217554 - runGecko
10-15 23:37:10.182 12920 12920 D ConnectivityManager: unregisterNetworkCallback; CallingUid : 10169, CallingPid : 12920
10-15 23:37:10.183  3957  4157 D ConnectivityService: releasing NetworkRequest [ TRACK_DEFAULT id=1177, [ Capabilities: INTERNET&NOT_RESTRICTED&TRUSTED&NOT_VPN] ] (CALLBACK_RELEASED)
10-15 23:37:10.183  3957  4157 D ConnectivityService:  Removing from current network NetworkAgentInfo [WIFI () - 507], leaving 12 requests.
10-15 23:37:10.185  3957  4157 D ConnectivityService: sending notification RELEASED for NetworkRequest [ TRACK_DEFAULT id=1177, [ Capabilities: INTERNET&NOT_RESTRICTED&TRUSTED&NOT_VPN] ]
10-15 23:37:10.201 12875 13136 I BatteryMgr:DataCollectionService: stats => 1697405830201,-141,4314,-146,0,100
10-15 23:37:10.216 13002 13030 W linker  : "/data/app/org.mozilla.fenix-iWpGOrf8cry6RDpwHyQugA==/lib/arm64/libsoftokn3.so" unused DT entry: type 0x8000024 arg 0x2580
10-15 23:37:10.216 13002 13030 W linker  : "/data/app/org.mozilla.fenix-iWpGOrf8cry6RDpwHyQugA==/lib/arm64/libsoftokn3.so" unused DT entry: type 0x8000023 arg 0x70
10-15 23:37:10.216 13002 13030 W linker  : "/data/app/org.mozilla.fenix-iWpGOrf8cry6RDpwHyQugA==/lib/arm64/libsoftokn3.so" unused DT entry: type 0x8000025 arg 0x8
10-15 23:37:10.218 13002 13030 W linker  : "/data/app/org.mozilla.fenix-iWpGOrf8cry6RDpwHyQugA==/lib/arm64/libfreebl3.so" unused DT entry: type 0x8000024 arg 0xe78
10-15 23:37:10.219 13002 13030 W linker  : "/data/app/org.mozilla.fenix-iWpGOrf8cry6RDpwHyQugA==/lib/arm64/libfreebl3.so" unused DT entry: type 0x8000023 arg 0x68
10-15 23:37:10.219 13002 13030 W linker  : "/data/app/org.mozilla.fenix-iWpGOrf8cry6RDpwHyQugA==/lib/arm64/libfreebl3.so" unused DT entry: type 0x8000025 arg 0x8
10-15 23:37:10.262  3957  4564 D ConnectivityService: filterNetworkStateForUid() uid: 10169 networkInfo: [type: WIFI[] - WIFI, state: CONNECTED/CONNECTED, reason: (unspecified), extra: "ourhome", failover: false, available: true, roaming: false, metered: false]
10-15 23:37:10.262  3957  4564 D WifiService: getConnectionInfo uid=1000
10-15 23:37:10.283  3957  4564 I chatty  : uid=1000(system) Binder:3957_6 identical 3 lines
10-15 23:37:10.286  3957  4564 D WifiService: getConnectionInfo uid=1000
10-15 23:37:10.297  3957  4129 D WifiStateMachine:  ConnectedState !RSSI_PKTCNT_FETCH uid=1000 rt=407819446/1068217674 0 0 "ourhome" f4:6d:2f:12:cc:88 rssi=-47 f=5240 sc=60 link=433 tx=0.9, 0.0, 0.0  rx=3.3 bcn=102460 [on:0 tx:0 rx:0 period:1001] from screen [on:226698 period:1694430] score=60
10-15 23:37:10.298  3957  4129 D WifiStateMachine:  L2ConnectedState !RSSI_PKTCNT_FETCH uid=1000 rt=407819448/1068217676 0 0 "ourhome" f4:6d:2f:12:cc:88 rssi=-47 f=5240 sc=60 link=433 tx=0.9, 0.0, 0.0  rx=3.3 bcn=102460 [on:0 tx:0 rx:0 period:1] from screen [on:226698 period:1694431] score=60
10-15 23:37:10.300  3957  4129 D WifiStateMachine: fetchRssiLinkSpeedAndFrequencyNative rssi=-47 linkspeed=433 freq=5240
10-15 23:37:10.300  3957  4564 D WifiService: getConnectionInfo uid=1000
10-15 23:37:10.312 12875 13136 I BatteryMgr:DataCollectionService: stats => 1697405830312,-141,4314,-146,0,100
10-15 23:37:10.316 12920 12949 D GeckoIdleService: Register idle observer 0x7423247be8 for 5 seconds
10-15 23:37:10.316 12920 12949 D GeckoIdleService: Register: adjusting next switch from -1 to 5 seconds
10-15 23:37:10.316 12920 12949 D GeckoIdleService: next timeout 4612 msec from now
10-15 23:37:10.316 12920 12949 D GeckoIdleService: SetTimerExpiryIfBefore: next timeout 4612 msec from now
10-15 23:37:10.316 12920 12949 D GeckoIdleService: reset timer expiry to 4622 msec from now
10-15 23:37:10.381  3957  4564 D WifiService: getConnectionInfo uid=1000
10-15 23:37:10.403  3957  4564 I chatty  : uid=1000(system) Binder:3957_6 identical 4 lines
10-15 23:37:10.406  3957  4564 D WifiService: getConnectionInfo uid=1000
10-15 23:37:10.422 12875 13136 I BatteryMgr:DataCollectionService: stats => 1697405830421,-141,4314,-146,0,100
10-15 23:37:10.444  3957  4564 D WifiService: getConnectionInfo uid=1000
10-15 23:37:10.486  3957  4564 I chatty  : uid=1000(system) Binder:3957_6 identical 8 lines
10-15 23:37:10.492  3957  4564 I chatty  : uid=1000(system) Binder:3957_6 identical 21 lines
10-15 23:37:10.492  3957  4564 D WifiService: getConnectionInfo uid=1000
10-15 23:37:10.533 12875 13136 I BatteryMgr:DataCollectionService: stats => 1697405830533,-141,4314,-146,0,100
10-15 23:37:10.586 13068 13174 E vulkan  : invalid vkGetInstanceProcAddr(VK_NULL_HANDLE, "vkEnumerateInstanceVersion") call
10-15 23:37:10.586 13068 13174 E vulkan  : invalid vkGetInstanceProcAddr(VK_NULL_HANDLE, "vkEnumerateInstanceVersion") call
10-15 23:37:10.591  3957  4564 D ConnectivityService: filterNetworkStateForUid() uid: 10169 networkInfo: [type: WIFI[] - WIFI, state: CONNECTED/CONNECTED, reason: (unspecified), extra: "ourhome", failover: false, available: true, roaming: false, metered: false]
10-15 23:37:10.591  3957  4564 D WifiService: getConnectionInfo uid=1000
10-15 23:37:10.594 13068 13174 D vulkan  : searching for layers in '/data/app/org.mozilla.fenix-iWpGOrf8cry6RDpwHyQugA==/lib/arm64'
10-15 23:37:10.595 13068 13174 D vulkan  : searching for layers in '/data/app/org.mozilla.fenix-iWpGOrf8cry6RDpwHyQugA==/base.apk!/lib/arm64-v8a'
10-15 23:37:10.606 13068 13174 D vulkan  : vulkan api version_1_0 1.0.0
10-15 23:37:10.606 13068 13174 D vulkan  : vulkan header version 46
10-15 23:37:10.643 12875 13136 I BatteryMgr:DataCollectionService: stats => 1697405830642,-141,4314,-146,0,100
10-15 23:37:10.689 12920 12920 I GeckoSession: handleMessage GeckoView:PageStop uri=null
10-15 23:37:10.695 12920 12980 I SessionStorage/AutoSave: Save: Load finished
10-15 23:37:10.753 12875 13136 I BatteryMgr:DataCollectionService: stats => 1697405830753,-141,4314,-146,0,100
10-15 23:37:10.859  3957  6478 D SSRM:k  : SIOP:: AP = 340, PST = 347 (W:26), BAT = 320, USB = 0, CHG = 0
10-15 23:37:10.865 12875 13136 I BatteryMgr:DataCollectionService: stats => 1697405830864,-141,4314,-146,0,100
10-15 23:37:10.973 12875 13136 I BatteryMgr:DataCollectionService: stats => 1697405830973,-141,4314,-146,0,100
10-15 23:37:11.028  3957  4128 D WifiService: getConnectionInfo uid=1000
10-15 23:37:11.040  3957  4653 D ConnectivityService: filterNetworkStateForUid() uid: 10169 networkInfo: [type: WIFI[] - WIFI, state: CONNECTED/CONNECTED, reason: (unspecified), extra: "ourhome", failover: false, available: true, roaming: false, metered: false]
10-15 23:37:11.040  3957  4653 D WifiService: getConnectionInfo uid=1000
10-15 23:37:11.057  3957  4653 D WifiService: getConnectionInfo uid=1000
10-15 23:37:11.083 12875 13136 I BatteryMgr:DataCollectionService: stats => 1697405831082,-141,4314,-146,0,100
10-15 23:37:11.093 12920 12920 W GeckoSession: No history entries found.
10-15 23:37:11.116  3957  4653 D WifiService: getConnectionInfo uid=1000
10-15 23:37:11.144  3957  4653 I chatty  : uid=1000(system) Binder:3957_B identical 3 lines
10-15 23:37:11.144  3957  4653 D WifiService: getConnectionInfo uid=1000
10-15 23:37:11.191 12875 13136 I BatteryMgr:DataCollectionService: stats => 1697405831191,-141,4314,-146,0,100
10-15 23:37:11.228  3957  4653 D ConnectivityService: filterNetworkStateForUid() uid: 10169 networkInfo: [type: WIFI[] - WIFI, state: CONNECTED/CONNECTED, reason: (unspecified), extra: "ourhome", failover: false, available: true, roaming: false, metered: false]
10-15 23:37:11.228  3957  4653 D WifiService: getConnectionInfo uid=1000
