--------- beginning of main
10-15 23:23:02.828 12416 12416 E adbd    : recv: OPEN 00000e15 00000000 0042:73 68 65 6C 6C 2C 76 32 2C 54 45 52 4D 3D 78 74 65 72 6D 2D 32 35 36 63 6F 6C 6F 72 2C 72 61 77 3A 67 65 74 70 72 6F 70 20 72 6F 2E 62 75 69 6C 64 2E 76 65 72 73 69 6F 6E 2E 72 65 6C 65 61 73 65 00 
10-15 23:23:02.828 12416 12416 E adbd    : service_to_fd: shell,v2,TERM=xterm-256color,raw:getprop ro.build.version.release
--------- beginning of system
10-15 23:23:02.852  4961  4961 D io_stats: !@ 179,0 r 5764935 180328888 w 1316125 28444204 d 104637 31792004 f 302092 318945 iot 2520736 2223441 th 51200 0 0 pt 0 inp 0 0 406972.002
10-15 23:23:02.892 12416 12416 E adbd    : recv: OPEN 00000e19 00000000 003e:73 68 65 6C 6C 2C 76 32 2C 54 45 52 4D 3D 78 74 65 72 6D 2D 32 35 36 63 6F 6C 6F 72 2C 72 61 77 3A 67 65 74 70 72 6F 70 20 72 6F 2E 62 75 69 6C 64 2E 76 65 72 73 69 6F 6E 2E 73 64 6B 00 
10-15 23:23:02.892 12416 12416 E adbd    : service_to_fd: shell,v2,TERM=xterm-256color,raw:getprop ro.build.version.sdk
10-15 23:23:02.963 12416 12416 E adbd    : recv: OPEN 00000e1d 00000000 00c4:73 68 65 6C 6C 2C 76 32 2C 54 45 52 4D 3D 78 74 65 72 6D 2D 32 35 36 63 6F 6C 6F 72 2C 72 61 77 3A 61 6D 20 73 74 61 72 74 20 2D 6E 20 22 63 6F 6D 2E 65 78 61 6D 70 6C 65 2E 62 61 74 74 65 72 79 6D 61 6E 61 67 65 72 5F 75 74 69 6C 69 74 79 2F 63 6F 6D 2E 65 78 61 6D 70 6C 65 2E 62 61 74 74 65 72 79 6D 61 6E 61 67 65 72 5F 75 74 69 6C 69 74 79 2E 4D 61 69 6E 41 63 74 69 76 69 74 79 22 20 2D 61 20 61 6E 64 72 6F 69 64 2E 69 6E 74 65 6E 74 2E 61 63 74 69 6F 6E 2E 4D 41 49 4E 20 2D 63 20 61 6E 64 72 6F 69 64 2E 69 6E 74 65 6E 74 2E 63 61 74 65 67 6F 72 79 2E 4C 41 55 4E 43 48 45 52 00 
10-15 23:23:02.963 12416 12416 E adbd    : service_to_fd: shell,v2,TERM=xterm-256color,raw:am start -n "com.example.batterymanager_utility/com.example.batterymanager_utility.MainActivity" -a android.intent.action.MAIN -c android.intent.category.LAUNCHER
10-15 23:23:03.065  3957  5416 I ActivityManager: START u0 {act=android.intent.action.MAIN typ=null flg=0x10000000 cmp=ComponentInfo{com.example.batterymanager_utility/com.example.batterymanager_utility.MainActivity}} from uid 2000
10-15 23:23:03.068  3957  5416 D CustomFrequencyManagerService: acquireDVFSLockLocked : type : DVFS_MIN_LIMIT  frequency : 1560000  uid : 1000  pid : 3957  pkgName : AMS_APP_SWITCH@CPU_MIN@52
10-15 23:23:03.070  3957  5416 D ActivityManagerPerformance: AMP_acquire() APP_SWITCH
10-15 23:23:03.071  3957  5022 D ActivityManagerPerformance: Received MSG_CFMS_HINT_AMS_SWITCH pkgName: com.example.batterymanager_utility
10-15 23:23:03.071  3957  6478 D TelephonyManager: getAllCellInfo : Caller (PID / UID / TID): 3957 / 1000 / 6478
10-15 23:23:03.077  6985  6985 V Launcher: Launcher.onPause()
10-15 23:23:03.077  6985  6985 D Launcher: setHotWordDetection : call requestHotWordDetection false
10-15 23:23:03.079  3957  3957 D MdnieScenarioControlService: Listener Real Multi Window State : false
10-15 23:23:03.087  7135  7135 I GsaVoiceInteractionSrv: Handling ACTION_STOP_HOTWORD
10-15 23:23:03.088  3957  3967 D ActivityManager: isScaleDownAnimationEnabled() : false
10-15 23:23:03.088  3957  3967 D StorageManagerService: getExternalStorageMountMode : 1
10-15 23:23:03.089  3957  3967 D StorageManagerService: getExternalStorageMountMode : 3
10-15 23:23:03.089  3957  3967 D StorageManagerService: getExternalStorageMountMode : final mountMode=1, uid : 10170, packageName : com.example.batterymanager_utility
10-15 23:23:03.090  3957  3967 I ApplicationPolicy: isApplicationExternalStorageWhitelisted:com.example.batterymanager_utility user:0
10-15 23:23:03.090  3957  3967 D ApplicationPolicy: isApplicationExternalStorageWhitelisted: DO is not enabled on user 0. Allowed.
10-15 23:23:03.090  3957  3967 D ActivityManager: package  com.example.batterymanager_utility, user - 0 is SDcard whitelisted
10-15 23:23:03.090  3957  3967 I ApplicationPolicy: isApplicationExternalStorageBlacklisted:com.example.batterymanager_utility user:0
10-15 23:23:03.090  3957  3967 D ApplicationPolicy: isApplicationExternalStorageBlacklisted: DO is not enabled on user 0. Allowed.
10-15 23:23:03.101  3957  3967 I ActivityManager: Start proc 11321:com.example.batterymanager_utility/u0a170 for activity com.example.batterymanager_utility/.MainActivity
10-15 23:23:03.101  3957  6478 D WifiService: getConnectionInfo uid=1000
10-15 23:23:03.101 11321 11321 E Zygote  : isWhitelistProcess - Process is Whitelisted
10-15 23:23:03.101 11321 11321 E libpersona: scanKnoxPersonas
10-15 23:23:03.101 11321 11321 E libpersona: Couldn't open the File - /data/system/users/0/personalist.xml - No such file or directory
10-15 23:23:03.103 11321 11321 W SELinux : SELinux selinux_android_compute_policy_index : Policy Index[2],  Con:u:r:zygote:s0 RAM:SEPF_SM-J720F_8.0.0_0002, [-1 -1 -1 -1 0 1]
10-15 23:23:03.104 11321 11321 I SELinux : SELinux: seapp_context_lookup: seinfo=untrusted, level=s0:c512,c768, pkgname=com.example.batterymanager_utility 
10-15 23:23:03.104  7135  7183 I HwDetectorWithState: (REDACTED) a: %d
10-15 23:23:03.105  3957  4129 D WifiStateMachine:  ConnectedState !RSSI_PKTCNT_FETCH uid=1000 rt=406972255/1067370483 0 0 "ourhome" f4:6d:2f:12:cc:88 rssi=-43 f=5240 sc=60 link=433 tx=2.0, 0.0, 0.0  rx=6.0 bcn=94760 [on:0 tx:0 rx:0 period:915] from screen [on:113284 period:847238] score=60
10-15 23:23:03.106  3957  4129 D WifiStateMachine:  L2ConnectedState !RSSI_PKTCNT_FETCH uid=1000 rt=406972256/1067370484 0 0 "ourhome" f4:6d:2f:12:cc:88 rssi=-43 f=5240 sc=60 link=433 tx=2.0, 0.0, 0.0  rx=6.0 bcn=94760 [on:0 tx:0 rx:0 period:1] from screen [on:113284 period:847239] score=60
10-15 23:23:03.107 11321 11321 I zygote64: Late-enabling -Xcheck:jni
10-15 23:23:03.110  3957  4129 D WifiStateMachine: fetchRssiLinkSpeedAndFrequencyNative rssi=-43 linkspeed=433 freq=5240
10-15 23:23:03.110  3957  4025 V WindowManager: rotationForOrientationLw(orient=-1, last=0); user=0  sensorRotation=-1 mLidState=-1 mDockMode=0 mHdmiPlugged=false
10-15 23:23:03.110  3957  4025 D ViewRootImpl@b98bd86[batterymanager_utility]: setView = DecorView@2506e74[batterymanager_utility] TM=true MM=false
10-15 23:23:03.112  3957  4025 D ViewRootImpl@b98bd86[batterymanager_utility]: dispatchAttachedToWindow
10-15 23:23:03.112  3957  4025 V WindowManager: Relayout Window{56bb647 u0 Splash Screen com.example.batterymanager_utility}: viewVisibility=0 req=719x1237 WM.LayoutParams{(0,0)(fillxfill) sim=#20 ty=3 fl=#81830118 pfl=0x20011 wanim=0x10302fd vsysui=0x600 needsMenuKey=2 colorMode=0 naviIconColor=0}
10-15 23:23:03.114  4340  4340 D WallpaperService: updateSurface forceRelayout=true redrawNeeded=false myWidth=1280 myHeight=1280 fixedSize=true x = 0 y = 0 mWidth=1280 mHeight=1280 mIsSleepMode=false
10-15 23:23:03.116  3447  3447 I SurfaceFlinger: id=1853 createSurf (720x1280),1 flag=404, Splash Screen com.example.batterymanager_utility#0
10-15 23:23:03.117  3957  4025 V Surface : sf_framedrop debug : 0x4f4c, game : false, logging : 0
10-15 23:23:03.120  3957  4025 D InputDispatcher: Focus left window: 6985
10-15 23:23:03.121  3957  4025 D ViewRootImpl@b98bd86[batterymanager_utility]: Relayout returned: old=[0,0][0,0] new=[0,0][720,1280] result=0x7 surface={valid=true 501341122560} changed=true
10-15 23:23:03.122  3957  5416 V WindowManager: Relayout Window{b8b4ba7 u0 com.android.systemui.ImageWallpaper}: viewVisibility=0 req=1280x1280 WM.LayoutParams{(0,0)(1280x1280) gr=#800033 ty=2013 fl=#10318 fmt=2 wanim=0x103030e colorMode=0 naviIconColor=0}
10-15 23:23:03.122  3957  4025 D ViewRootImpl@b98bd86[batterymanager_utility]: MSG_RESIZED_REPORT: frame=Rect(0, 0 - 720, 1280) ci=Rect(0, 42 - 0, 0) vi=Rect(0, 42 - 0, 0) or=1
10-15 23:23:03.126  6985  6985 D ViewRootImpl@1042025[LauncherActivity]: MSG_WINDOW_FOCUS_CHANGED 0
10-15 23:23:03.126  4340  4340 D ImageWallpaper: onOffsetsChanged: xOffset=0.0, yOffset=0.0, xOffsetStep=0.0, yOffsetStep=0.0, xPixels=0, yPixels=0
10-15 23:23:03.127  4340  4340 D ImageWallpaper: newRotation : 0,mLastRotation : 0
10-15 23:23:03.127  4340  4340 D ImageWallpaper: drawFrame:[frame.width()]1280[frame.height()]1280
10-15 23:23:03.127  4340  4340 D ImageWallpaper: surfaceDimensionsChanged=false mDisplayWidth=720 mDisplayHeight=1280
10-15 23:23:03.127  4340  4340 D ImageWallpaper: redrawNeeded = false, mOffsetsChanged = false
10-15 23:23:03.127  4340  4340 D ImageWallpaper: Suppressed drawFrame since redraw is not needed and offsets have not changed.
10-15 23:23:03.135  3957  4025 V WindowManager: finishDrawingLocked: mDrawState=COMMIT_DRAW_PENDING Window{56bb647 u0 Splash Screen com.example.batterymanager_utility} in Surface(name=Splash Screen com.example.batterymanager_utility)
10-15 23:23:03.157 11321 11321 D TimaKeyStoreProvider: TimaKeyStore is not enabled: cannot add TimaSignature Service and generateKeyPair Service
10-15 23:23:03.158 11321 11321 D ActivityThread: Added TimaKeyStore provider
10-15 23:23:03.161  3957  5416 I ActivityManager: DSS on for com.example.batterymanager_utility and scale is 1.0
10-15 23:23:03.171  3957  5416 D PersonaManagerService: Current focused persona service handled id set to : 0
10-15 23:23:03.171  3957  5416 D InputDispatcher: Focused application set to: xxxx
10-15 23:23:03.172  3957  5416 D MARsPolicyManager: onPackageResumedFG pkgName = com.example.batterymanager_utility, userId = 0
10-15 23:23:03.172  3957  4220 D GameManagerService: handleForegroundChange(). pkgName: com.example.batterymanager_utility, clsName: com.example.batterymanager_utility.MainActivity,FgActivityName:com.example.batterymanager_utility/.MainActivity
10-15 23:23:03.173  3957  4220 D GameManagerService: sem_perfomance_mode: 3
10-15 23:23:03.173  3957  4220 D GameManagerService: notifyResumePause(). pkg: com.example.batterymanager_utility, type: 4, isMinimized: false, isTunableApp: false
10-15 23:23:03.173  3957  4220 D GameManagerService:   notifyResumePause(). unexpected mPrevNotiType: -1
10-15 23:23:03.174  3957  5416 D SamsungAnimationCreator: createAnimation type:LowEnd transit:12 enter:false wallpaperXoffset:-280 split:false fixedOri:false
10-15 23:23:03.174  3957  5416 D SamsungAnimationCreator: createAnimation displayFrame:Rect(0, 0 - 720, 1280) frame:null insets:null
10-15 23:23:03.179  6985  6985 I Launcher: onWindowVisibilityChanged : false
10-15 23:23:03.181  3957  6478 D GamePkgDataHelper: getGamePkgDataIncServer(). com.example.batterymanager_utility
10-15 23:23:03.181  3957  6478 D GameManagerService: identifyGamePackage. com.example.batterymanager_utility
10-15 23:23:03.181  3957  6478 D GamePkgDataHelper: getGamePkgData(). com.example.batterymanager_utility
10-15 23:23:03.182  3957  6478 D GameManagerService: identifyGamePackage. com.example.batterymanager_utility
10-15 23:23:03.182  3957  6478 D GamePkgDataHelper: getGamePkgData(). com.example.batterymanager_utility
10-15 23:23:03.182  3957  6478 D GamePkgDataHelper: getSosPolicy(). com.example.batterymanager_utility
10-15 23:23:03.183  3957  6478 D GameManagerService: identifyGamePackage. com.example.batterymanager_utility
10-15 23:23:03.183  3957  6478 D GamePkgDataHelper: getGamePkgData(). com.example.batterymanager_utility
10-15 23:23:03.184  3957  3973 D WindowManager: set systemUiVisibility : systemUiFlags= 0x608 fullscreenStackSysUiFlags= 0x0
10-15 23:23:03.185  3957  3967 D WindowManager: adjustSystemUiVisibilityLw : vis= 0x608
10-15 23:23:03.187  6985  7033 D OpenGLRenderer: eglDestroySurface = 0x74d15e5440
10-15 23:23:03.187  3957  6478 D GameManagerService: identifyGamePackage. com.example.batterymanager_utility
10-15 23:23:03.187  3957  6478 D GamePkgDataHelper: getGamePkgData(). com.example.batterymanager_utility
10-15 23:23:03.187  3957 18006 V WindowManager: Relayout Window{3b84925 u0 com.sec.android.app.launcher/com.sec.android.app.launcher.activities.LauncherActivity}: viewVisibility=8 req=720x1280 WM.LayoutParams{(0,0)(fillxfill) sim=#130 ty=1 fl=#81910d00 pfl=0x20000 fmt=-2 wanim=0x10302ea vsysui=0x700 needsMenuKey=2 colorMode=0 naviIconColor=0}
10-15 23:23:03.191  6985  6985 D ViewRootImpl@1042025[LauncherActivity]: Relayout returned: old=[0,0][720,1280] new=[0,0][720,1280] result=0x5 surface={valid=false 0} changed=true
10-15 23:23:03.205 11321 11321 I zygote64: no shared libraies, dex_files: 1
10-15 23:23:03.206  4340  7045 D SystemServicesProxy: updateOverviewLastStackActiveTimeAsync: newTime=1697404570619
10-15 23:23:03.207  3957 18006 D SecContentProvider: query(), uri = 17 selection = isSettingsChangesAllowed
10-15 23:23:03.208  3957 18006 D SecContentProvider: called from android.uid.systemui:10009
10-15 23:23:03.209  4340  4692 D SystemServicesProxy: updateOverviewLastStackActiveTimeAsync: done.
10-15 23:23:03.244 11321 11321 I BatteryMgr:App: creating notification channel
10-15 23:23:03.267  3447  3447 I SurfaceFlinger: Display 0 HWC layers:
10-15 23:23:03.267  3447  3447 I SurfaceFlinger:     type    |    handle    | flag |  format   |   source crop (l,t,r,b)    |         frame       | name 
10-15 23:23:03.267  3447  3447 I SurfaceFlinger: ------------+--------------+------+-----------+----------------------------+---------------------+------
10-15 23:23:03.267  3447  3447 I SurfaceFlinger:      Device | 0x7e9ec22c80 | 0002 | RGBx_8888 | 280.0    0.0 1000.0 1280.0 |    0    0  720 1280 | com.android.systemui.ImageWallpaper#0
10-15 23:23:03.267  3447  3447 I SurfaceFlinger:      Device | 0x7ea5024180 | 0000 | RGBA_8888 |  21.0   37.0  700.0 1244.0 |    0    0  720 1280 | com.sec.android.app.launcher/com.sec[...]uncher.activities.LauncherActivity#0
10-15 23:23:03.267  3447  3447 I SurfaceFlinger:      Device | 0x7e9ecdf1c0 | 0002 | RGBA_8888 |   0.0    0.0  720.0 1280.0 |  133  236  588 1044 | Splash Screen com.example.batterymanager_utility#0
10-15 23:23:03.267  3447  3447 I SurfaceFlinger:      Device | 0x7ea5024780 | 0000 | RGBA_8888 |   0.0    0.0  720.0   42.0 |    0    0  720   42 | StatusBar#0
10-15 23:23:03.267  3447  3447 I SurfaceFlinger: 
10-15 23:23:03.313  3957  4089 D MdnieScenarioControlService:  packageName : com.example.batterymanager_utility    className : com.example.batterymanager_utility.MainActivity
10-15 23:23:03.313  3957  4089 V MdnieScenarioControlService: setUIMode from UI function(3)
10-15 23:23:03.349 11321 11337 D OpenGLRenderer: HWUI GL Pipeline
10-15 23:23:03.356 11321 11321 D ViewRootImpl@4470b6[MainActivity]: setView = DecorView@a3fa1b7[MainActivity] TM=true MM=false
10-15 23:23:03.357  3957  3967 D ActivityManager: post active user change for 0 fullscreen true isHomeActivity() false
10-15 23:23:03.411  6343  6427 D ScanRecord: Not a Multi Manu data
10-15 23:23:03.469  6343  6427 I chatty  : uid=1002(bluetooth) BT Service Call identical 128 lines
10-15 23:23:03.469  6343  6427 D ScanRecord: Not a Multi Manu data
10-15 23:23:03.477 11321 11321 W zygote64: Class androidx.compose.runtime.snapshots.SnapshotStateList failed lock verification and will run slower.
10-15 23:23:03.477 11321 11321 W zygote64: Common causes for lock verification issues are non-optimized dex code
10-15 23:23:03.477 11321 11321 W zygote64: and incorrect proguard optimizations.
10-15 23:23:03.489  6343  6427 D ScanRecord: Not a Multi Manu data
10-15 23:23:03.578  6343  6427 I chatty  : uid=1002(bluetooth) BT Service Call identical 219 lines
10-15 23:23:03.578  6343  6427 D ScanRecord: Not a Multi Manu data
10-15 23:23:03.587 11321 11321 D ViewRootImpl@4470b6[MainActivity]: dispatchAttachedToWindow
10-15 23:23:03.588  6343  6427 D ScanRecord: Not a Multi Manu data
10-15 23:23:03.609  6343  6427 I chatty  : uid=1002(bluetooth) BT Service Call identical 76 lines
10-15 23:23:03.609  6343  6427 D ScanRecord: Not a Multi Manu data
10-15 23:23:03.616  3447  3447 I SurfaceFlinger: Display 0 HWC layers:
10-15 23:23:03.616  3447  3447 I SurfaceFlinger:     type    |    handle    | flag |  format   |   source crop (l,t,r,b)    |         frame       | name 
10-15 23:23:03.616  3447  3447 I SurfaceFlinger: ------------+--------------+------+-----------+----------------------------+---------------------+------
10-15 23:23:03.616  3447  3447 I SurfaceFlinger:      Device | 0x7e9ecdf1c0 | 0002 | RGBA_8888 |   0.0    0.0  720.0 1280.0 |    0    0  720 1280 | Splash Screen com.example.batterymanager_utility#0
10-15 23:23:03.616  3447  3447 I SurfaceFlinger:      Device | 0x7ea5024780 | 0000 | RGBA_8888 |   0.0    0.0  720.0   42.0 |    0    0  720   42 | StatusBar#0
10-15 23:23:03.616  3447  3447 I SurfaceFlinger: 
10-15 23:23:03.623  6343  6427 D ScanRecord: Not a Multi Manu data
10-15 23:23:03.623  6343  6427 I chatty  : uid=1002(bluetooth) BT Service Call identical 11 lines
10-15 23:23:03.623  6343  6427 D ScanRecord: Not a Multi Manu data
10-15 23:23:03.630  3957  4025 I WindowManager: Destroying surface Surface(name=com.sec.android.app.launcher/com.sec.android.app.launcher.activities.LauncherActivity) called by com.android.server.wm.WindowStateAnimator.destroySurface:2501 com.android.server.wm.WindowStateAnimator.destroySurfaceLocked:985 com.android.server.wm.WindowState.destroyOrSaveSurfaceUnchecked:3670 com.android.server.wm.WindowState.destroySurface:3618 com.android.server.wm.AppWindowToken.destroySurfaces:722 com.android.server.wm.AppWindowToken.destroySurfaces:706 com.android.server.wm.WindowState.onExitAnimationDone:5316 com.android.server.wm.AppWindowAnimator.stepAnimationLocked:508 
10-15 23:23:03.631  3447  5168 I SurfaceFlinger: id=1852 Removed com.sec.android.app.launcher/com.sec.android.app.launcher.activities.LauncherActivity#0 (1/5)
10-15 23:23:03.634  3447  4088 I SurfaceFlinger: id=1852 Removed com.sec.android.app.launcher/com.sec.android.app.launcher.activities.LauncherActivity#0 (-2/5)
10-15 23:23:03.635  4340  4361 D WallpaperService: dispatchAppVisibility onVisibilityChanged(): false
10-15 23:23:03.636  4340  4340 D ImageWallpaper: onVisibilityChanged: mVisible, visible=true, false
10-15 23:23:03.636  4340  4340 D ImageWallpaper: Visibility changed to visible=false
10-15 23:23:03.636  4340  4340 D WallpaperService: reportVisibility onVisibilityChanged visible: false
10-15 23:23:03.637  6343  6427 D ScanRecord: same manuId data exists, combine both data and store
10-15 23:23:03.637  6343  6427 D ScanRecord: It's a Multi Manu data
10-15 23:23:03.637  6343  6427 I chatty  : uid=1002(bluetooth) BT Service Call identical 9 lines
10-15 23:23:03.637  6343  6427 D ScanRecord: It's a Multi Manu data
10-15 23:23:03.637  6343  6427 D ScanRecord: same manuId data exists, combine both data and store
10-15 23:23:03.637  6343  6427 D ScanRecord: same manuId data exists, combine both data and store
10-15 23:23:03.637  6343  6427 D ScanRecord: It's a Multi Manu data
10-15 23:23:03.637  6343  6427 D ScanFilter: manu data matches
10-15 23:23:03.638  6343  6427 D BtGatt.GattService: onScanResult to scannerId: 6- event_type=0x1b, address_type=1, address=FE:D, primary_phy=1, secondary_phy=0, advertising_sid=0xff, tx_power=127, rssi=-85, periodic_adv_int=0x0
10-15 23:23:03.638  6120 10039 D ScanRecord: same manuId data exists, combine both data and store
10-15 23:23:03.640  3957  3967 V WindowManager: Relayout Window{d311555 u0 com.example.batterymanager_utility/com.example.batterymanager_utility.MainActivity}: viewVisibility=0 req=719x1237 WM.LayoutParams{(0,0)(fillxfill) sim=#120 ty=1 fl=#81810100 pfl=0x20000 wanim=0x10302fd vsysui=0x600 needsMenuKey=2 colorMode=0 naviIconColor=0}
10-15 23:23:03.641  3447  3447 I SurfaceFlinger: id=1854 createSurf (720x1280),1 flag=404, com.example.batterymanager_utility/com.example.batterymanager_utility.MainActivity#0
10-15 23:23:03.642  3957  3967 V Surface : sf_framedrop debug : 0x4f4c, game : false, logging : 0
10-15 23:23:03.645  3957  3967 D InputDispatcher: Focus entered window: 11321
10-15 23:23:03.646  3447  3447 I Layer   : id=1852 onRemoved com.sec.android.app.launcher/com.sec.android.app.launcher.activities.LauncherActivity#0 
10-15 23:23:03.647 11321 11321 V Surface : sf_framedrop debug : 0x4f4c, game : false, logging : 0
10-15 23:23:03.649 11321 11321 D ViewRootImpl@4470b6[MainActivity]: Relayout returned: old=[0,0][0,0] new=[0,0][720,1280] result=0x7 surface={valid=true 502083780608} changed=true
10-15 23:23:03.656 11321 11337 I OpenGLRenderer: Initialized EGL, version 1.4
10-15 23:23:03.656 11321 11337 D OpenGLRenderer: Swap behavior 2
10-15 23:23:03.659  6343  6427 D ScanRecord: Not a Multi Manu data
10-15 23:23:03.659  6343  6427 I chatty  : uid=1002(bluetooth) BT Service Call identical 11 lines
10-15 23:23:03.659  6343  6427 D ScanRecord: Not a Multi Manu data
10-15 23:23:03.664 11321 11337 D libGLESv1: STS_GLApi : DTS, ODTC are not allowed for Package : com.example.batterymanager_utility
10-15 23:23:03.665 11321 11337 D mali_winsys: EGLint new_window_surface(egl_winsys_display *, void *, EGLSurface, EGLConfig, egl_winsys_surface **, egl_color_buffer_format *, EGLBoolean) returns 0x3000,  [720x1280]-format:1
10-15 23:23:03.665 11321 11337 D OpenGLRenderer: eglCreateWindowSurface = 0x74e8ff0880
10-15 23:23:03.668 11321 11321 D Compose Focus: Owner FocusChanged(true)
10-15 23:23:03.688  6343  6427 D ScanRecord: Not a Multi Manu data
10-15 23:23:03.713  6343  6427 I chatty  : uid=1002(bluetooth) BT Service Call identical 89 lines
10-15 23:23:03.713  6343  6427 D ScanRecord: Not a Multi Manu data
10-15 23:23:03.713  3957  4128 D WifiService: getConnectionInfo uid=1000
10-15 23:23:03.716  6343  6427 D ScanRecord: Not a Multi Manu data
10-15 23:23:03.751  6343  6427 I chatty  : uid=1002(bluetooth) BT Service Call identical 76 lines
10-15 23:23:03.751  6343  6427 D ScanRecord: Not a Multi Manu data
10-15 23:23:03.769  3957 18006 V WindowManager: finishDrawingLocked: mDrawState=COMMIT_DRAW_PENDING Window{d311555 u0 com.example.batterymanager_utility/com.example.batterymanager_utility.MainActivity} in Surface(name=com.example.batterymanager_utility/com.example.batterymanager_utility.MainActivity)
10-15 23:23:03.772 11321 11321 D ViewRootImpl@4470b6[MainActivity]: MSG_RESIZED_REPORT: frame=Rect(0, 0 - 720, 1280) ci=Rect(0, 42 - 0, 0) vi=Rect(0, 42 - 0, 0) or=1
10-15 23:23:03.773 11321 11321 D ViewRootImpl@4470b6[MainActivity]: MSG_WINDOW_FOCUS_CHANGED 1
10-15 23:23:03.773  6343  6427 D ScanRecord: Not a Multi Manu data
10-15 23:23:03.773  6343  6427 I chatty  : uid=1002(bluetooth) BT Service Call identical 11 lines
10-15 23:23:03.773  6343  6427 D ScanRecord: Not a Multi Manu data
10-15 23:23:03.774  3957  4025 D ViewRootImpl@b98bd86[batterymanager_utility]: dispatchDetachedFromWindow
10-15 23:23:03.774  3957  4025 D InputEventReceiver: channel '56bb647 Splash Screen com.example.batterymanager_utility (client)' ~ Disposing input event receiver.
10-15 23:23:03.774  3957  4025 D InputEventReceiver: channel '56bb647 Splash Screen com.example.batterymanager_utility (client)' ~NativeInputEventReceiver.
10-15 23:23:03.778 11321 11321 V InputMethodManager: Starting input: tba=android.view.inputmethod.EditorInfo@c78721b nm : com.example.batterymanager_utility ic=null
10-15 23:23:03.778 11321 11321 I InputMethodManager: startInputInner - mService.startInputOrWindowGainedFocus
10-15 23:23:03.778  3957  3981 I ActivityManager: Displayed com.example.batterymanager_utility/.MainActivity: +684ms
10-15 23:23:03.778  3957  3967 D InputMethodManagerService: startInputOrWindowGainedFocus : windowGainedFocus 
10-15 23:23:03.779  3957  3967 D InputMethodManagerService: windowGainedFocus: destinationUserId (getCallingUid) = 0
10-15 23:23:03.779  3957  3967 D InputMethodManagerService: windowGainedFocus: currentUserId=0
10-15 23:23:03.779  3957  3967 D InputMethodManagerService: windowGainedFocus: mCurrentFocusedUserId=0
10-15 23:23:03.779  3957  3967 D InputMethodManagerService: windowGainedFocus : lock - currentUserId = 0 destinationUserId = 0
10-15 23:23:03.779  3957  3967 D InputMethodManagerService: windowGainedFocus : mCurrentFocusedUserId - 0 and mSecureKeypadEnabled - false, userSwitched - false
10-15 23:23:03.779  3957  3967 V InputMethodManagerService: windowGainedFocus : reason=WINDOW_FOCUS_GAIN client=android.os.BinderProxy@813273f inputContext=null missingMethods= attribute=android.view.inputmethod.EditorInfo@63ab1d1 nm = com.example.batterymanager_utility controlFlags=#105 softInputMode=#120 windowFlags=#81810100
10-15 23:23:03.779  3957  3967 V InputMethodManagerService: hideCurrentInputLocked : shouldHideSoftInput is false
10-15 23:23:03.779  3957  3981 D CustomFrequencyManagerService: acquireDVFSLockLocked : type : DVFS_MIN_LIMIT  frequency : 1560000  uid : 1000  pid : 3957  pkgName : AMS_RESUME_TAIL@CPU_MIN@58
10-15 23:23:03.779  3957  3981 D ActivityManagerPerformance: AMP_acquire() TAIL
10-15 23:23:03.780  3957  3981 D CustomFrequencyManagerService: releaseDVFSLockLocked : Getting Lock type frm List : DVFS_MIN_LIMIT  frequency : 1560000  uid : 1000  pid : 3957  tag : AMS_APP_SWITCH@CPU_MIN@52
10-15 23:23:03.780  3957  3981 D ActivityManagerPerformance: AMP_release() APP_SWITCH
10-15 23:23:03.781  3957  3967 D InputMethodManagerService: isImeSwitcherDisabledPackage : false
10-15 23:23:03.781  3957  3967 V InputMethodManagerService: Creating new session for client ClientState{1d19436 uid 10170 pid 11321}
10-15 23:23:03.783  3957  3967 D InputMethodManagerService: setCurrentInputInfo - inputContext : null eidtorInfo : android.view.inputmethod.EditorInfo@63ab1d1 missingMethods : 0
10-15 23:23:03.785  6896  6896 I InputMethodWrapper:  call dispatchStartInputWithToken
10-15 23:23:03.785  6896  6896 I InputMethodService: dispatchStartInputWithToken
10-15 23:23:03.786  6896  6896 I SKBD    : SamsungKeypad [IMI] onStartInput - caller pid : 11321, caller uid : 10170
10-15 23:23:03.799 11321 11321 V InputMethodManager: Starting input: tba=android.view.inputmethod.EditorInfo@deeffb8 nm : com.example.batterymanager_utility ic=null
10-15 23:23:03.803  6343  6427 D ScanRecord: Not a Multi Manu data
10-15 23:23:03.804  6343  6427 I chatty  : uid=1002(bluetooth) BT Service Call identical 11 lines
10-15 23:23:03.804  6343  6427 D ScanRecord: Not a Multi Manu data
10-15 23:23:03.804  6985  6985 D StageManager: saved stages : inStack [1] , outStack[2]
10-15 23:23:03.807  6343  6427 D ScanRecord: Not a Multi Manu data
10-15 23:23:03.814  6343  6427 I chatty  : uid=1002(bluetooth) BT Service Call identical 63 lines
10-15 23:23:03.814  6343  6427 D ScanRecord: Not a Multi Manu data
10-15 23:23:03.816  3447  3447 I SurfaceFlinger: Display 0 HWC layers:
10-15 23:23:03.816  3447  3447 I SurfaceFlinger:     type    |    handle    | flag |  format   |   source crop (l,t,r,b)    |         frame       | name 
10-15 23:23:03.816  3447  3447 I SurfaceFlinger: ------------+--------------+------+-----------+----------------------------+---------------------+------
10-15 23:23:03.816  3447  3447 I SurfaceFlinger:      Device | 0x7e9ecdfe80 | 0002 | RGBA_8888 |   0.0    0.0  720.0 1280.0 |    0    0  720 1280 | com.example.batterymanager_utility/c[...]atterymanager_utility.MainActivity#0
10-15 23:23:03.816  3447  3447 I SurfaceFlinger:      Device | 0x7e9ecdf1c0 | 0002 | RGBA_8888 |   0.0    0.0  720.0 1280.0 |    0    0  720 1280 | Splash Screen com.example.batterymanager_utility#0
10-15 23:23:03.816  3447  3447 I SurfaceFlinger:      Device | 0x7ea5024780 | 0000 | RGBA_8888 |   0.0    0.0  720.0   42.0 |    0    0  720   42 | StatusBar#0
10-15 23:23:03.816  3447  3447 I SurfaceFlinger: 
10-15 23:23:03.850  6343  6427 D ScanRecord: Not a Multi Manu data
10-15 23:23:03.893  6343  6427 I chatty  : uid=1002(bluetooth) BT Service Call identical 24 lines
10-15 23:23:03.893  6343  6427 D ScanRecord: Not a Multi Manu data
10-15 23:23:03.950  3957  4089 D MdnieScenarioControlService:  packageName : com.example.batterymanager_utility    className : com.example.batterymanager_utility.MainActivity
10-15 23:23:03.950  3957  4089 V MdnieScenarioControlService: setUIMode from UI function(3)
10-15 23:23:03.965  3447  3447 I SurfaceFlinger: Display 0 HWC layers:
10-15 23:23:03.965  3447  3447 I SurfaceFlinger:     type    |    handle    | flag |  format   |   source crop (l,t,r,b)    |         frame       | name 
10-15 23:23:03.965  3447  3447 I SurfaceFlinger: ------------+--------------+------+-----------+----------------------------+---------------------+------
10-15 23:23:03.965  3447  3447 I SurfaceFlinger:      Device | 0x7e9ecdfe80 | 0002 | RGBA_8888 |   0.0    0.0  720.0 1280.0 |    0    0  720 1280 | com.example.batterymanager_utility/c[...]atterymanager_utility.MainActivity#0
10-15 23:23:03.965  3447  3447 I SurfaceFlinger:      Device | 0x7ea5024780 | 0000 | RGBA_8888 |   0.0    0.0  720.0   42.0 |    0    0  720   42 | StatusBar#0
10-15 23:23:03.965  3447  3447 I SurfaceFlinger: 
10-15 23:23:03.967  3957  4025 I WindowManager: Destroying surface Surface(name=Splash Screen com.example.batterymanager_utility) called by com.android.server.wm.WindowStateAnimator.destroySurface:2501 com.android.server.wm.WindowStateAnimator.destroySurfaceLocked:985 com.android.server.wm.WindowState.destroyOrSaveSurfaceUnchecked:3670 com.android.server.wm.WindowState.destroySurface:3618 com.android.server.wm.AppWindowToken.destroySurfaces:722 com.android.server.wm.AppWindowToken.destroySurfaces:706 com.android.server.wm.WindowState.onExitAnimationDone:5316 com.android.server.wm.WindowStateAnimator.stepAnimationLocked:550 
10-15 23:23:03.967  3447  5168 I SurfaceFlinger: id=1853 Removed Splash Screen com.example.batterymanager_utility#0 (3/5)
10-15 23:23:03.972  3447  4088 I SurfaceFlinger: id=1853 Removed Splash Screen com.example.batterymanager_utility#0 (-2/5)
10-15 23:23:03.979  3447  3447 I Layer   : id=1853 onRemoved Splash Screen com.example.batterymanager_utility#0 
10-15 23:23:04.107  3957  4129 D WifiStateMachine:  ConnectedState !RSSI_PKTCNT_FETCH uid=1000 rt=406973258/1067371485 0 0 "ourhome" f4:6d:2f:12:cc:88 rssi=-43 f=5240 sc=60 link=433 tx=2.0, 0.0, 0.0  rx=6.0 bcn=94760 [on:0 tx:0 rx:0 period:1001] from screen [on:113284 period:848240] score=60
10-15 23:23:04.108  3957  4129 D WifiStateMachine:  L2ConnectedState !RSSI_PKTCNT_FETCH uid=1000 rt=406973258/1067371486 0 0 "ourhome" f4:6d:2f:12:cc:88 rssi=-43 f=5240 sc=60 link=433 tx=2.0, 0.0, 0.0  rx=6.0 bcn=94760 [on:0 tx:0 rx:0 period:1] from screen [on:113284 period:848241] score=60
10-15 23:23:04.114  3957  4129 D WifiStateMachine: fetchRssiLinkSpeedAndFrequencyNative rssi=-42 linkspeed=433 freq=5240
10-15 23:23:04.380  3957  3957 D CustomFrequencyManagerService: releaseDVFSLockLocked : Getting Lock type frm List : DVFS_MIN_LIMIT  frequency : 1560000  uid : 1000  pid : 3957  tag : AMS_RESUME_TAIL@CPU_MIN@58
10-15 23:23:04.716  3957  4128 D WifiService: getConnectionInfo uid=1000
10-15 23:23:05.102  3957  3957 D PreBindingService: handleMessage : 1
10-15 23:23:05.111  3957  4129 D WifiStateMachine:  ConnectedState !RSSI_PKTCNT_FETCH uid=1000 rt=406974260/1067372487 0 0 "ourhome" f4:6d:2f:12:cc:88 rssi=-42 f=5240 sc=60 link=433 tx=2.0, 0.0, 0.0  rx=6.0 bcn=94760 [on:0 tx:0 rx:0 period:1003] from screen [on:113284 period:849244] score=60
10-15 23:23:05.114  3957  4129 D WifiStateMachine:  L2ConnectedState !RSSI_PKTCNT_FETCH uid=1000 rt=406974262/1067372490 0 0 "ourhome" f4:6d:2f:12:cc:88 rssi=-42 f=5240 sc=60 link=433 tx=2.0, 0.0, 0.0  rx=6.0 bcn=94760 [on:0 tx:0 rx:0 period:3] from screen [on:113284 period:849247] score=60
10-15 23:23:05.117  3957  4129 D WifiStateMachine: fetchRssiLinkSpeedAndFrequencyNative rssi=-43 linkspeed=433 freq=5240
10-15 23:23:05.190  3957  4129 D WifiStateMachine:  ConnectedState !CMD_RSSI_POLL rt=406974338/1067372565 54 0 "ourhome" f4:6d:2f:12:cc:88 rssi=-43 f=5240 sc=60 link=433 tx=2.0, 0.0, 0.0  rx=6.0 bcn=94760 [on:0 tx:0 rx:0 period:75] from screen [on:113284 period:849322] score=60
10-15 23:23:05.192  3957  4129 D WifiStateMachine:  L2ConnectedState !CMD_RSSI_POLL rt=406974341/1067372568 54 0 "ourhome" f4:6d:2f:12:cc:88 rssi=-43 f=5240 sc=60 link=433 tx=2.0, 0.0, 0.0  rx=6.0 bcn=94760 [on:0 tx:0 rx:0 period:3] from screen [on:113284 period:849325] score=60
10-15 23:23:05.192  3957  4129 D WifiStateMachine:  get link layer stats 3
10-15 23:23:05.193  3436  3436 I android.hardware.wifi@1.0-service: getLinkLayerStats
10-15 23:23:05.200  3957  4129 D WifiStateMachine: fetchRssiLinkSpeedAndFrequencyNative rssi=-43 linkspeed=433 freq=5240
10-15 23:23:05.207  4340  4340 E SignalClusterView: setSlotFocusVisible : subId -2
10-15 23:23:05.208  4340  4340 E SignalClusterView: setSlotFocusVisible : subId -2
10-15 23:23:05.719  3957  4128 D WifiService: getConnectionInfo uid=1000
10-15 23:23:06.052  3957  4030 D SensorService: [SO] 0.101 -0.086 9.984
10-15 23:23:06.112  3957  4129 D WifiStateMachine:  ConnectedState !RSSI_PKTCNT_FETCH uid=1000 rt=406975261/1067373488 0 0 "ourhome" f4:6d:2f:12:cc:88 rssi=-43 f=5240 sc=60 link=433 tx=1.4, 0.0, 0.0  rx=2.8 bcn=94787 [on:0 tx:0 rx:0 period:908] from screen [on:113527 period:850245] score=60
10-15 23:23:06.115  3957  4129 D WifiStateMachine:  L2ConnectedState !RSSI_PKTCNT_FETCH uid=1000 rt=406975263/1067373491 0 0 "ourhome" f4:6d:2f:12:cc:88 rssi=-43 f=5240 sc=60 link=433 tx=1.4, 0.0, 0.0  rx=2.8 bcn=94787 [on:0 tx:0 rx:0 period:3] from screen [on:113527 period:850248] score=60
10-15 23:23:06.122  3957  4129 D WifiStateMachine: fetchRssiLinkSpeedAndFrequencyNative rssi=-44 linkspeed=433 freq=5240
10-15 23:23:06.721  3957  4128 D WifiService: getConnectionInfo uid=1000
10-15 23:23:07.109  3957  6478 D WifiService: getConnectionInfo uid=1000
10-15 23:23:07.113  3957  4129 D WifiStateMachine:  ConnectedState !RSSI_PKTCNT_FETCH uid=1000 rt=406976262/1067374489 0 0 "ourhome" f4:6d:2f:12:cc:88 rssi=-44 f=5240 sc=60 link=433 tx=1.4, 0.0, 0.0  rx=2.8 bcn=94787 [on:0 tx:0 rx:0 period:998] from screen [on:113527 period:851246] score=60
10-15 23:23:07.116  3957  4129 D WifiStateMachine:  L2ConnectedState !RSSI_PKTCNT_FETCH uid=1000 rt=406976264/1067374492 0 0 "ourhome" f4:6d:2f:12:cc:88 rssi=-44 f=5240 sc=60 link=433 tx=1.4, 0.0, 0.0  rx=2.8 bcn=94787 [on:0 tx:0 rx:0 period:2] from screen [on:113527 period:851248] score=60
10-15 23:23:07.123  3957  4129 D WifiStateMachine: fetchRssiLinkSpeedAndFrequencyNative rssi=-43 linkspeed=433 freq=5240
10-15 23:23:07.724  3957  4128 D WifiService: getConnectionInfo uid=1000
10-15 23:23:07.857  4961  4961 D io_stats: !@ 179,0 r 5765273 180342928 w 1316135 28444524 d 104642 31792148 f 302095 318948 iot 2520900 2223586 th 51200 0 0 pt 0 inp 0 0 406977.006
10-15 23:23:08.115  3957  4129 D WifiStateMachine:  ConnectedState !RSSI_PKTCNT_FETCH uid=1000 rt=406977264/1067375491 0 0 "ourhome" f4:6d:2f:12:cc:88 rssi=-43 f=5240 sc=60 link=433 tx=1.4, 0.0, 0.0  rx=2.8 bcn=94787 [on:0 tx:0 rx:0 period:1000] from screen [on:113527 period:852248] score=60
10-15 23:23:08.118  3957  4129 D WifiStateMachine:  L2ConnectedState !RSSI_PKTCNT_FETCH uid=1000 rt=406977267/1067375494 0 0 "ourhome" f4:6d:2f:12:cc:88 rssi=-43 f=5240 sc=60 link=433 tx=1.4, 0.0, 0.0  rx=2.8 bcn=94787 [on:0 tx:0 rx:0 period:3] from screen [on:113527 period:852251] score=60
10-15 23:23:08.120 12416 12416 E adbd    : recv: OPEN 00000e21 00000000 003f:73 68 65 6C 6C 2C 76 32 2C 54 45 52 4D 3D 78 74 65 72 6D 2D 32 35 36 63 6F 6C 6F 72 2C 72 61 77 3A 6D 6F 6E 6B 65 79 20 2D 70 20 6F 72 67 2E 6D 6F 7A 69 6C 6C 61 2E 66 65 6E 69 78 20 31 00 
10-15 23:23:08.121 12416 12416 E adbd    : service_to_fd: shell,v2,TERM=xterm-256color,raw:monkey -p org.mozilla.fenix 1
10-15 23:23:08.126  3957  4129 D WifiStateMachine: fetchRssiLinkSpeedAndFrequencyNative rssi=-43 linkspeed=433 freq=5240
10-15 23:23:08.203  3957  4129 D WifiStateMachine:  ConnectedState !CMD_RSSI_POLL rt=406977353/1067375580 54 0 "ourhome" f4:6d:2f:12:cc:88 rssi=-43 f=5240 sc=60 link=433 tx=1.4, 0.0, 0.0  rx=2.8 bcn=94787 [on:0 tx:0 rx:0 period:85] from screen [on:113527 period:852336] score=60
10-15 23:23:08.204  3957  4129 D WifiStateMachine:  L2ConnectedState !CMD_RSSI_POLL rt=406977354/1067375582 54 0 "ourhome" f4:6d:2f:12:cc:88 rssi=-43 f=5240 sc=60 link=433 tx=1.4, 0.0, 0.0  rx=2.8 bcn=94787 [on:0 tx:0 rx:0 period:1] from screen [on:113527 period:852337] score=60
10-15 23:23:08.204  3957  4129 D WifiStateMachine:  get link layer stats 3
10-15 23:23:08.205  3436  3436 I android.hardware.wifi@1.0-service: getLinkLayerStats
10-15 23:23:08.223  3957  4129 D WifiStateMachine: fetchRssiLinkSpeedAndFrequencyNative rssi=-43 linkspeed=433 freq=5240
10-15 23:23:08.226  4340  4340 E SignalClusterView: setSlotFocusVisible : subId -2
10-15 23:23:08.226  4340  4340 E SignalClusterView: setSlotFocusVisible : subId -2
10-15 23:23:08.416  6343  6427 D ScanRecord: Not a Multi Manu data
10-15 23:23:08.478  3957  6478 D SSRM:k  : SIOP:: AP = 330, PST = 348 (W:30), BAT = 320, USB = 0, CHG = 0
10-15 23:23:08.686  6343  6427 I chatty  : uid=1002(bluetooth) BT Service Call identical 388 lines
10-15 23:23:08.686  6343  6427 D ScanRecord: Not a Multi Manu data
10-15 23:23:08.691  3957  4306 D WifiService: getConnectionInfo uid=1000
10-15 23:23:08.692  3957  4306 D WifiConnectivityMonitor.SingDnsChecker: #1 GW MAC address found in ARP table.1 msec.
10-15 23:23:08.721  6343  6427 D ScanRecord: Not a Multi Manu data
10-15 23:23:08.726  6343  6427 I chatty  : uid=1002(bluetooth) BT Service Call identical 31 lines
10-15 23:23:08.726  3957  4128 D WifiService: getConnectionInfo uid=1000
10-15 23:23:08.726  6343  6427 D ScanRecord: Not a Multi Manu data
10-15 23:23:08.726  6343  6427 D ScanRecord: Not a Multi Manu data
10-15 23:23:08.902  6343  6427 I chatty  : uid=1002(bluetooth) BT Service Call identical 290 lines
10-15 23:23:08.902  6343  6427 D ScanRecord: Not a Multi Manu data
10-15 23:23:08.913  3957  4306 D WifiConnectivityMonitor:  [|216] []
10-15 23:23:08.921 11354 11354 W ADebug  : Failed to get property persist.sys.media.traces
10-15 23:23:08.942 11354 11354 E appproc : Enhanced Zygote ASLR: ro.knox.enhance.zygote.aslr != 1. Enhanced Zygote ASLR is DISABLED!
10-15 23:23:08.942 11354 11354 D AndroidRuntime: >>>>>> START com.android.internal.os.RuntimeInit uid 2000 <<<<<<
10-15 23:23:08.970 11354 11354 D SecNativeFeatureCppIf: encoded
10-15 23:23:08.970 11354 11354 D SecNativeFeatureCppIf: decoding and unzip finish
10-15 23:23:08.970 11354 11354 D SecNativeFeatureCppIf: use unCompDataBuff. encoded
10-15 23:23:08.971 11354 11354 D SecNativeFeatureCppIf: Free unCompDataBuff
10-15 23:23:08.972 11354 11354 D SecNativeFeatureCppIf: encoded
10-15 23:23:08.972 11354 11354 D SecNativeFeatureCppIf: decoding and unzip finish
10-15 23:23:08.972 11354 11354 D SecNativeFeatureCppIf: use unCompDataBuff. encoded
10-15 23:23:08.972 11354 11354 D SecNativeFeatureCppIf: Free unCompDataBuff
10-15 23:23:08.972 11354 11354 D SecNativeFeatureCppIf: encoded
10-15 23:23:08.973 11354 11354 D SecNativeFeatureCppIf: decoding and unzip finish
10-15 23:23:08.973 11354 11354 D SecNativeFeatureCppIf: use unCompDataBuff. encoded
10-15 23:23:08.973 11354 11354 D SecNativeFeatureCppIf: Free unCompDataBuff
10-15 23:23:08.973 11354 11354 D SecNativeFeatureCppIf: encoded
10-15 23:23:08.973 11354 11354 D SecNativeFeatureCppIf: decoding and unzip finish
10-15 23:23:08.973 11354 11354 D SecNativeFeatureCppIf: use unCompDataBuff. encoded
10-15 23:23:08.973 11354 11354 D SecNativeFeatureCppIf: Free unCompDataBuff
10-15 23:23:09.088 11321 11357 D ProfileInstaller: Installing profile for com.example.batterymanager_utility
10-15 23:23:09.100 11321 11326 I zygote64: Do partial code cache collection, code=30KB, data=25KB
10-15 23:23:09.101 11321 11326 I zygote64: After code cache collection, code=30KB, data=25KB
10-15 23:23:09.101 11321 11326 I zygote64: Increasing code cache capacity to 128KB
10-15 23:23:09.116  3957  4129 D WifiStateMachine:  ConnectedState !RSSI_PKTCNT_FETCH uid=1000 rt=406978265/1067376492 0 0 "ourhome" f4:6d:2f:12:cc:88 rssi=-43 f=5240 sc=60 link=433 tx=0.5, 0.0, 0.0  rx=1.0 bcn=94817 [on:0 tx:0 rx:0 period:891] from screen [on:113846 period:853249] score=60
10-15 23:23:09.119  3957  4129 D WifiStateMachine:  L2ConnectedState !RSSI_PKTCNT_FETCH uid=1000 rt=406978267/1067376495 0 0 "ourhome" f4:6d:2f:12:cc:88 rssi=-43 f=5240 sc=60 link=433 tx=0.5, 0.0, 0.0  rx=1.0 bcn=94817 [on:0 tx:0 rx:0 period:2] from screen [on:113846 period:853251] score=60
10-15 23:23:09.121  3957  4129 D WifiStateMachine: fetchRssiLinkSpeedAndFrequencyNative rssi=-43 linkspeed=433 freq=5240
10-15 23:23:09.252 11354 11354 D ICU     : Timezone override file found: /data/misc/zoneinfo/current/icu/icu_tzdata.dat
10-15 23:23:09.303 11354 11354 I app_process: find the special shared library, skip check
10-15 23:23:09.360 11354 11354 D SemCscFeature: Encoded
10-15 23:23:09.363 11354 11354 I chatty  : uid=2000(shell) identical 2 lines
10-15 23:23:09.364 11354 11354 D SemCscFeature: Encoded
10-15 23:23:09.366 11354 11354 E SemAffinityControl: SemAffinityControl: registerfunction enter
10-15 23:23:09.392 11354 11354 D AndroidRuntime: Calling main entry com.android.commands.monkey.Monkey
10-15 23:23:09.493  3957  3972 W BroadcastQueue: Skipping deliver [background] BroadcastRecord{b1abdc2 u-1 android.net.conn.CONNECTIVITY_CHANGE} to ReceiverList{64017d3 11354 (unknown name)/2000/u-1 remote:c265ca4}: process gone or crashing
10-15 23:23:09.550  3957 18006 I ActivityManager: START u0 {act=android.intent.action.MAIN typ=null flg=0x10200000 cmp=ComponentInfo{org.mozilla.fenix/org.mozilla.fenix.App}} from uid 2000
10-15 23:23:09.552  3957 18006 W Binder  : Outgoing transactions from this process must be FLAG_ONEWAY
10-15 23:23:09.552  3957 18006 W Binder  : java.lang.Throwable
10-15 23:23:09.552  3957 18006 W Binder  : 	at android.os.BinderProxy.transact(Binder.java:744)
10-15 23:23:09.552  3957 18006 W Binder  : 	at android.app.IActivityController$Stub$Proxy.activityStarting(IActivityController.java:172)
10-15 23:23:09.552  3957 18006 W Binder  : 	at com.android.server.am.ActivityStarter.startActivity(ActivityStarter.java:648)
10-15 23:23:09.552  3957 18006 W Binder  : 	at com.android.server.am.ActivityStarter.startActivityLocked(ActivityStarter.java:410)
10-15 23:23:09.552  3957 18006 W Binder  : 	at com.android.server.am.ActivityStarter.startActivityMayWait(ActivityStarter.java:1283)
10-15 23:23:09.552  3957 18006 W Binder  : 	at com.android.server.am.ActivityManagerService.startActivityAsUser(ActivityManagerService.java:6033)
10-15 23:23:09.552  3957 18006 W Binder  : 	at com.android.server.am.ActivityManagerService.startActivity(ActivityManagerService.java:5885)
10-15 23:23:09.552  3957 18006 W Binder  : 	at android.app.IActivityManager$Stub.onTransact(IActivityManager.java:121)
10-15 23:23:09.552  3957 18006 W Binder  : 	at com.android.server.am.ActivityManagerService.onTransact(ActivityManagerService.java:3861)
10-15 23:23:09.552  3957 18006 W Binder  : 	at android.os.Binder.execTransact(Binder.java:682)
10-15 23:23:09.554  3957 18006 D CustomFrequencyManagerService: acquireDVFSLockLocked : type : DVFS_MIN_LIMIT  frequency : 1560000  uid : 1000  pid : 3957  pkgName : AMS_APP_SWITCH@CPU_MIN@52
10-15 23:23:09.557  3957 18006 D ActivityManagerPerformance: AMP_acquire() APP_SWITCH
10-15 23:23:09.557  3957  5022 D ActivityManagerPerformance: Received MSG_CFMS_HINT_AMS_SWITCH pkgName: org.mozilla.fenix
10-15 23:23:09.558  3957  6478 D WifiService: getConnectionInfo uid=1000
10-15 23:23:09.566  3957  3967 D ActivityManager: isScaleDownAnimationEnabled() : false
10-15 23:23:09.567  3957 18006 V WindowManager: rotationForOrientationLw(orient=-1, last=0); user=0  sensorRotation=-1 mLidState=-1 mDockMode=0 mHdmiPlugged=false
10-15 23:23:09.567  3957  3967 D StorageManagerService: getExternalStorageMountMode : 1
10-15 23:23:09.567  3957  3967 D StorageManagerService: getExternalStorageMountMode : 3
10-15 23:23:09.567  3957 18006 V WindowManager: rotationForOrientationLw(orient=-1, last=0); user=0  sensorRotation=-1 mLidState=-1 mDockMode=0 mHdmiPlugged=false
10-15 23:23:09.568  3957  3967 D StorageManagerService: getExternalStorageMountMode : final mountMode=1, uid : 10169, packageName : org.mozilla.fenix
10-15 23:23:09.568  3957  3967 I ApplicationPolicy: isApplicationExternalStorageWhitelisted:org.mozilla.fenix user:0
10-15 23:23:09.568  3957  3967 D ApplicationPolicy: isApplicationExternalStorageWhitelisted: DO is not enabled on user 0. Allowed.
10-15 23:23:09.568  3957  3967 D ActivityManager: package  org.mozilla.fenix, user - 0 is SDcard whitelisted
10-15 23:23:09.568  3957  3967 I ApplicationPolicy: isApplicationExternalStorageBlacklisted:org.mozilla.fenix user:0
10-15 23:23:09.568  3957  3967 D ApplicationPolicy: isApplicationExternalStorageBlacklisted: DO is not enabled on user 0. Allowed.
10-15 23:23:09.580 11366 11366 E Zygote  : isWhitelistProcess - Process is Whitelisted
10-15 23:23:09.580  3957  3967 I ActivityManager: Start proc 11366:org.mozilla.fenix/u0a169 for activity org.mozilla.fenix/.App
10-15 23:23:09.580 11366 11366 E libpersona: scanKnoxPersonas
10-15 23:23:09.580 11366 11366 E libpersona: Couldn't open the File - /data/system/users/0/personalist.xml - No such file or directory
10-15 23:23:09.582 11366 11366 W SELinux : SELinux selinux_android_compute_policy_index : Policy Index[2],  Con:u:r:zygote:s0 RAM:SEPF_SM-J720F_8.0.0_0002, [-1 -1 -1 -1 0 1]
10-15 23:23:09.582 11366 11366 I SELinux : SELinux: seapp_context_lookup: seinfo=untrusted, level=s0:c512,c768, pkgname=org.mozilla.fenix 
10-15 23:23:09.588 11354 11354 I com.android.commands.monkey: System.exit called, status: 0
10-15 23:23:09.588 11354 11354 I AndroidRuntime: VM exiting with result code 0.
10-15 23:23:09.588  3957  3973 V WindowManager: rotationForOrientationLw(orient=-1, last=0); user=0  sensorRotation=-1 mLidState=-1 mDockMode=0 mHdmiPlugged=false
10-15 23:23:09.593  3957  3973 V WindowManager: rotationForOrientationLw(orient=-1, last=0); user=0  sensorRotation=-1 mLidState=-1 mDockMode=0 mHdmiPlugged=false
10-15 23:23:09.598  4340  4731 D Tile.RotationLockTile:  handleUpdateState: true orientation = true
10-15 23:23:09.601 11366 11366 D TimaKeyStoreProvider: TimaKeyStore is not enabled: cannot add TimaSignature Service and generateKeyPair Service
10-15 23:23:09.601 11366 11366 D ActivityThread: Added TimaKeyStore provider
10-15 23:23:09.601  4340  4731 D Tile.RotationLockTile:  handleUpdateState: true orientation = true
10-15 23:23:09.603  3957  3967 I ActivityManager: DSS on for org.mozilla.fenix and scale is 1.0
10-15 23:23:09.610  3957  3967 D PersonaManagerService: Current focused persona service handled id set to : 0
10-15 23:23:09.610  3957  3967 D InputDispatcher: Focused application set to: xxxx
10-15 23:23:09.611  3957  3967 D InputDispatcher: Focus left window: 11321
10-15 23:23:09.612 11321 11321 D ViewRootImpl@4470b6[MainActivity]: MSG_WINDOW_FOCUS_CHANGED 0
10-15 23:23:09.612  3957  4220 D GameManagerService: handleForegroundChange(). pkgName: org.mozilla.fenix, clsName: org.mozilla.fenix.HomeActivity,FgActivityName:org.mozilla.fenix/.HomeActivity
10-15 23:23:09.612  3957  3967 D MARsPolicyManager: onPackageResumedFG pkgName = org.mozilla.fenix, userId = 0
10-15 23:23:09.612  3957  4220 D GameManagerService: sem_perfomance_mode: 3
10-15 23:23:09.612  3957  4220 D GameManagerService: notifyResumePause(). pkg: org.mozilla.fenix, type: 4, isMinimized: false, isTunableApp: false
10-15 23:23:09.612  3957  4220 D GameManagerService:   notifyResumePause(). unexpected mPrevNotiType: -1
10-15 23:23:09.615  3957  6478 D GamePkgDataHelper: getGamePkgDataIncServer(). org.mozilla.fenix
10-15 23:23:09.616  3957  6478 D GameManagerService: identifyGamePackage. org.mozilla.fenix
10-15 23:23:09.616  3957  6478 D GamePkgDataHelper: getGamePkgData(). org.mozilla.fenix
10-15 23:23:09.616  3957  6478 D GameManagerService: identifyGamePackage. org.mozilla.fenix
10-15 23:23:09.617  3957  6478 D GamePkgDataHelper: getGamePkgData(). org.mozilla.fenix
10-15 23:23:09.617  3957  6478 D GamePkgDataHelper: getSosPolicy(). org.mozilla.fenix
10-15 23:23:09.618  3957  6478 D GameManagerService: identifyGamePackage. org.mozilla.fenix
10-15 23:23:09.619  3957  6478 D GamePkgDataHelper: getGamePkgData(). org.mozilla.fenix
10-15 23:23:09.619  3957  6478 D GameManagerService: identifyGamePackage. org.mozilla.fenix
10-15 23:23:09.619  3957  6478 D GamePkgDataHelper: getGamePkgData(). org.mozilla.fenix
10-15 23:23:09.631 11366 11366 I zygote64: no shared libraies, dex_files: 1
10-15 23:23:09.658  3957  4025 D ViewRootImpl@1f91cc1[fenix]: setView = DecorView@276fba7[fenix] TM=true MM=false
10-15 23:23:09.668  3957  4025 D ViewRootImpl@1f91cc1[fenix]: dispatchAttachedToWindow
10-15 23:23:09.669  3957  4025 V WindowManager: Relayout Window{c1a3c66 u0 Splash Screen org.mozilla.fenix}: viewVisibility=0 req=719x1237 WM.LayoutParams{(0,0)(fillxfill) sim=#20 ty=3 fl=#81830118 pfl=0x20011 fmt=-3 wanim=0x10302ea vsysui=0x600 needsMenuKey=2 colorMode=0 naviIconColor=0}
10-15 23:23:09.671  3447  3447 I SurfaceFlinger: id=1855 createSurf (720x1280),1 flag=4, Splash Screen org.mozilla.fenix#0
10-15 23:23:09.672  3957  4025 V Surface : sf_framedrop debug : 0x4f4c, game : false, logging : 0
10-15 23:23:09.675  3957  4025 D ViewRootImpl@1f91cc1[fenix]: Relayout returned: old=[0,0][0,0] new=[0,0][720,1280] result=0x7 surface={valid=true 501283045376} changed=true
10-15 23:23:09.677  3957  4025 D ViewRootImpl@1f91cc1[fenix]: MSG_RESIZED_REPORT: frame=Rect(0, 0 - 720, 1280) ci=Rect(0, 42 - 0, 0) vi=Rect(0, 42 - 0, 0) or=1
10-15 23:23:09.685  4340  4361 D SystemServicesProxy: updateOverviewLastStackActiveTimeAsync: newTime=1697404989561
10-15 23:23:09.686  3957 18006 D SecContentProvider: query(), uri = 17 selection = isSettingsChangesAllowed
10-15 23:23:09.687  3957 18006 D SecContentProvider: called from android.uid.systemui:10009
10-15 23:23:09.688  4340  4692 D SystemServicesProxy: updateOverviewLastStackActiveTimeAsync: done.
10-15 23:23:09.699  3957  4025 V WindowManager: finishDrawingLocked: mDrawState=COMMIT_DRAW_PENDING Window{c1a3c66 u0 Splash Screen org.mozilla.fenix} in Surface(name=Splash Screen org.mozilla.fenix)
