10-15 23:31:13.775  6343  6427 D ScanRecord: Not a Multi Manu data
10-15 23:31:13.779  3957  4129 D WifiStateMachine:  ConnectedState !RSSI_PKTCNT_FETCH uid=1000 rt=407462927/1067861154 0 0 "ourhome" f4:6d:2f:12:cc:88 rssi=-44 f=5240 sc=60 link=433 tx=14.7, 2.5, 0.0  rx=15.5 bcn=99203 [on:0 tx:0 rx:0 period:1000] from screen [on:185809 period:1337911] score=60
10-15 23:31:13.783  3957  4129 D WifiStateMachine:  L2ConnectedState !RSSI_PKTCNT_FETCH uid=1000 rt=407462930/1067861157 0 0 "ourhome" f4:6d:2f:12:cc:88 rssi=-44 f=5240 sc=60 link=433 tx=14.7, 2.5, 0.0  rx=15.5 bcn=99203 [on:0 tx:0 rx:0 period:4] from screen [on:185809 period:1337915] score=60
10-15 23:31:13.784  3957  4129 D WifiStateMachine: fetchRssiLinkSpeedAndFrequencyNative rssi=-44 linkspeed=433 freq=5240
10-15 23:31:13.799  6343  6427 D ScanRecord: Not a Multi Manu data
10-15 23:31:13.840  6343  6427 I chatty  : uid=1002(bluetooth) BT Service Call identical 50 lines
10-15 23:31:13.840  6343  6427 D ScanRecord: Not a Multi Manu data
10-15 23:31:13.853 11953 12324 I BatteryMgr:DataCollectionService: stats => 1697405473853,208,4314,192,0,100
10-15 23:31:13.872  6343  6427 D ScanRecord: Not a Multi Manu data
10-15 23:31:13.912  6343  6427 I chatty  : uid=1002(bluetooth) BT Service Call identical 76 lines
10-15 23:31:13.912  6343  6427 D ScanRecord: Not a Multi Manu data
10-15 23:31:13.961 11953 12324 I BatteryMgr:DataCollectionService: stats => 1697405473961,208,4314,192,0,100
10-15 23:31:14.047  3957  4128 D WifiService: getConnectionInfo uid=1000
10-15 23:31:14.069 11953 12324 I BatteryMgr:DataCollectionService: stats => 1697405474069,208,4314,192,0,100
10-15 23:31:14.180 11953 12324 I BatteryMgr:DataCollectionService: stats => 1697405474180,208,4314,192,0,100
10-15 23:31:14.291 11953 12324 I BatteryMgr:DataCollectionService: stats => 1697405474291,208,4314,192,0,100
10-15 23:31:14.401 11953 12324 I BatteryMgr:DataCollectionService: stats => 1697405474401,208,4314,192,0,100
10-15 23:31:14.511 11953 12324 I BatteryMgr:DataCollectionService: stats => 1697405474511,208,4314,192,0,100
10-15 23:31:14.622 11953 12324 I BatteryMgr:DataCollectionService: stats => 1697405474622,208,4314,192,0,100
10-15 23:31:14.731 11953 12324 I BatteryMgr:DataCollectionService: stats => 1697405474731,208,4314,192,0,100
10-15 23:31:14.775  3957  4129 D WifiStateMachine:  ConnectedState !CMD_RSSI_POLL rt=407463923/1067862151 54 0 "ourhome" f4:6d:2f:12:cc:88 rssi=-44 f=5240 sc=60 link=433 tx=14.7, 2.5, 0.0  rx=15.5 bcn=99203 [on:0 tx:0 rx:0 period:993] from screen [on:185809 period:1338908] score=60
10-15 23:31:14.777  3957  4129 D WifiStateMachine:  L2ConnectedState !CMD_RSSI_POLL rt=407463926/1067862154 54 0 "ourhome" f4:6d:2f:12:cc:88 rssi=-44 f=5240 sc=60 link=433 tx=14.7, 2.5, 0.0  rx=15.5 bcn=99203 [on:0 tx:0 rx:0 period:2] from screen [on:185809 period:1338910] score=60
10-15 23:31:14.777  3957  4129 D WifiStateMachine:  get link layer stats 3
10-15 23:31:14.778  3436  3436 I android.hardware.wifi@1.0-service: getLinkLayerStats
10-15 23:31:14.782  3957  4129 D WifiStateMachine: fetchRssiLinkSpeedAndFrequencyNative rssi=-43 linkspeed=433 freq=5240
10-15 23:31:14.790  4340  4340 E SignalClusterView: setSlotFocusVisible : subId -2
10-15 23:31:14.790  4340  4340 E SignalClusterView: setSlotFocusVisible : subId -2
10-15 23:31:14.791  3957  4129 D WifiStateMachine:  ConnectedState !RSSI_PKTCNT_FETCH uid=1000 rt=407463938/1067862166 0 0 "ourhome" f4:6d:2f:12:cc:88 rssi=-43 f=5240 sc=60 link=433 tx=10.5, 0.9, 0.0  rx=12.6 bcn=99230 [on:0 tx:0 rx:0 period:3] from screen [on:187103 period:1338923] score=60
10-15 23:31:14.793  3957  4129 D WifiStateMachine:  L2ConnectedState !RSSI_PKTCNT_FETCH uid=1000 rt=407463942/1067862169 0 0 "ourhome" f4:6d:2f:12:cc:88 rssi=-43 f=5240 sc=60 link=433 tx=10.5, 0.9, 0.0  rx=12.6 bcn=99230 [on:0 tx:0 rx:0 period:3] from screen [on:187103 period:1338926] score=60
10-15 23:31:14.795  3957  4129 D WifiStateMachine: fetchRssiLinkSpeedAndFrequencyNative rssi=-43 linkspeed=433 freq=5240
10-15 23:31:14.842 11953 12324 I BatteryMgr:DataCollectionService: stats => 1697405474842,208,4314,192,0,100
10-15 23:31:14.951 11953 12324 I BatteryMgr:DataCollectionService: stats => 1697405474951,208,4314,192,0,100
10-15 23:31:15.049  3957  4128 D WifiService: getConnectionInfo uid=1000
10-15 23:31:15.058 11953 12324 I BatteryMgr:DataCollectionService: stats => 1697405475058,208,4314,192,0,100
10-15 23:31:15.167 11953 12324 I BatteryMgr:DataCollectionService: stats => 1697405475166,208,4314,192,0,100
10-15 23:31:15.277 11953 12324 I BatteryMgr:DataCollectionService: stats => 1697405475277,208,4314,192,0,100
10-15 23:31:15.385 11953 12324 I BatteryMgr:DataCollectionService: stats => 1697405475384,208,4314,192,0,100
10-15 23:31:15.500 11953 12324 I BatteryMgr:DataCollectionService: stats => 1697405475499,208,4314,192,0,100
10-15 23:31:15.609 11953 12324 I BatteryMgr:DataCollectionService: stats => 1697405475609,208,4314,192,0,100
10-15 23:31:15.722 11953 12324 I BatteryMgr:DataCollectionService: stats => 1697405475721,208,4314,192,0,100
10-15 23:31:15.731 12580 12621 I System.out: (HTTPLog)-Static: isSBSettingEnabled false
10-15 23:31:15.731 12580 12621 I System.out: (HTTPLog)-Static: isSBSettingEnabled false
10-15 23:31:15.781  3957  4129 D WifiStateMachine:  ConnectedState !RSSI_PKTCNT_FETCH uid=1000 rt=407464930/1067863157 0 0 "ourhome" f4:6d:2f:12:cc:88 rssi=-43 f=5240 sc=60 link=433 tx=10.5, 0.9, 0.0  rx=12.6 bcn=99230 [on:0 tx:0 rx:0 period:988] from screen [on:187103 period:1339914] score=60
10-15 23:31:15.783  3957  4129 D WifiStateMachine:  L2ConnectedState !RSSI_PKTCNT_FETCH uid=1000 rt=407464932/1067863160 0 0 "ourhome" f4:6d:2f:12:cc:88 rssi=-43 f=5240 sc=60 link=433 tx=10.5, 0.9, 0.0  rx=12.6 bcn=99230 [on:0 tx:0 rx:0 period:1] from screen [on:187103 period:1339915] score=60
10-15 23:31:15.791  3957  4129 D WifiStateMachine: fetchRssiLinkSpeedAndFrequencyNative rssi=-43 linkspeed=433 freq=5240
10-15 23:31:15.831 11953 12324 I BatteryMgr:DataCollectionService: stats => 1697405475830,208,4314,192,0,100
10-15 23:31:15.942 11953 12324 I BatteryMgr:DataCollectionService: stats => 1697405475942,208,4314,192,0,100
10-15 23:31:16.052  3957  4128 D WifiService: getConnectionInfo uid=1000
10-15 23:31:16.053 11953 12324 I BatteryMgr:DataCollectionService: stats => 1697405476052,208,4314,192,0,100
10-15 23:31:16.053  3957  4030 D SensorService: [SO] 0.086 -0.086 9.989
10-15 23:31:16.169 11953 12324 I BatteryMgr:DataCollectionService: stats => 1697405476168,208,4314,192,0,100
10-15 23:31:16.284 11953 12324 I BatteryMgr:DataCollectionService: stats => 1697405476284,208,4314,192,0,100
10-15 23:31:16.401 11953 12324 I BatteryMgr:DataCollectionService: stats => 1697405476401,208,4314,192,0,100
10-15 23:31:16.513 11953 12324 I BatteryMgr:DataCollectionService: stats => 1697405476513,208,4314,192,0,100
10-15 23:31:16.626 11953 12324 I BatteryMgr:DataCollectionService: stats => 1697405476626,208,4314,192,0,100
10-15 23:31:16.740 11953 12324 I BatteryMgr:DataCollectionService: stats => 1697405476740,208,4314,192,0,100
10-15 23:31:16.786  3957  4129 D WifiStateMachine:  ConnectedState !RSSI_PKTCNT_FETCH uid=1000 rt=407465934/1067864162 0 0 "ourhome" f4:6d:2f:12:cc:88 rssi=-43 f=5240 sc=60 link=433 tx=10.5, 0.9, 0.0  rx=12.6 bcn=99230 [on:0 tx:0 rx:0 period:1003] from screen [on:187103 period:1340918] score=60
10-15 23:31:16.788  3957  4129 D WifiStateMachine:  L2ConnectedState !RSSI_PKTCNT_FETCH uid=1000 rt=407465937/1067864164 0 0 "ourhome" f4:6d:2f:12:cc:88 rssi=-43 f=5240 sc=60 link=433 tx=10.5, 0.9, 0.0  rx=12.6 bcn=99230 [on:0 tx:0 rx:0 period:3] from screen [on:187103 period:1340921] score=60
10-15 23:31:16.795  3957  4129 D WifiStateMachine: fetchRssiLinkSpeedAndFrequencyNative rssi=-43 linkspeed=433 freq=5240
10-15 23:31:16.853 11953 12324 I BatteryMgr:DataCollectionService: stats => 1697405476853,208,4314,192,0,100
10-15 23:31:16.961 11953 12324 I BatteryMgr:DataCollectionService: stats => 1697405476961,208,4314,192,0,100
10-15 23:31:17.043 12065 12076 I zygote64: Background concurrent copying GC freed 132055(5MB) AllocSpace objects, 31(812KB) LOS objects, 50% free, 4MB/9MB, paused 25.317ms total 172.590ms
10-15 23:31:17.055  3957  4128 D WifiService: getConnectionInfo uid=1000
10-15 23:31:17.067 11953 12324 I BatteryMgr:DataCollectionService: stats => 1697405477067,208,4314,192,0,100
10-15 23:31:17.181 11953 12324 I BatteryMgr:DataCollectionService: stats => 1697405477180,208,4314,192,0,100
10-15 23:31:17.291 11953 12324 I BatteryMgr:DataCollectionService: stats => 1697405477291,208,4314,192,0,100
10-15 23:31:17.400 11953 12324 I BatteryMgr:DataCollectionService: stats => 1697405477399,208,4314,192,0,100
10-15 23:31:17.511 11953 12324 I BatteryMgr:DataCollectionService: stats => 1697405477511,208,4314,192,0,100
10-15 23:31:17.620 11953 12324 I BatteryMgr:DataCollectionService: stats => 1697405477619,208,4314,192,0,100
10-15 23:31:17.728 11953 12324 I BatteryMgr:DataCollectionService: stats => 1697405477728,208,4314,192,0,100
10-15 23:31:17.785  3957  4129 D WifiStateMachine:  ConnectedState !RSSI_PKTCNT_FETCH uid=1000 rt=407466934/1067865161 0 0 "ourhome" f4:6d:2f:12:cc:88 rssi=-43 f=5240 sc=60 link=433 tx=10.5, 0.9, 0.0  rx=12.6 bcn=99230 [on:0 tx:0 rx:0 period:996] from screen [on:187103 period:1341917] score=60
10-15 23:31:17.787  3957  4129 D WifiStateMachine:  L2ConnectedState !RSSI_PKTCNT_FETCH uid=1000 rt=407466936/1067865164 0 0 "ourhome" f4:6d:2f:12:cc:88 rssi=-43 f=5240 sc=60 link=433 tx=10.5, 0.9, 0.0  rx=12.6 bcn=99230 [on:0 tx:0 rx:0 period:3] from screen [on:187103 period:1341920] score=60
10-15 23:31:17.793  3957  4129 D WifiStateMachine: fetchRssiLinkSpeedAndFrequencyNative rssi=-42 linkspeed=433 freq=5240
10-15 23:31:17.801  3957  4129 D WifiStateMachine:  ConnectedState !CMD_RSSI_POLL rt=407466951/1067865178 54 0 "ourhome" f4:6d:2f:12:cc:88 rssi=-42 f=5240 sc=60 link=433 tx=10.5, 0.9, 0.0  rx=12.6 bcn=99230 [on:0 tx:0 rx:0 period:14] from screen [on:187103 period:1341934] score=60
10-15 23:31:17.803  3957  4129 D WifiStateMachine:  L2ConnectedState !CMD_RSSI_POLL rt=407466952/1067865180 54 0 "ourhome" f4:6d:2f:12:cc:88 rssi=-42 f=5240 sc=60 link=433 tx=10.5, 0.9, 0.0  rx=12.6 bcn=99230 [on:0 tx:0 rx:0 period:2] from screen [on:187103 period:1341936] score=60
10-15 23:31:17.803  3957  4129 D WifiStateMachine:  get link layer stats 3
10-15 23:31:17.804  3436  3436 I android.hardware.wifi@1.0-service: getLinkLayerStats
10-15 23:31:17.819  3957  4129 D WifiStateMachine: fetchRssiLinkSpeedAndFrequencyNative rssi=-42 linkspeed=433 freq=5240
10-15 23:31:17.827  4340  4340 E SignalClusterView: setSlotFocusVisible : subId -2
10-15 23:31:17.827  4340  4340 E SignalClusterView: setSlotFocusVisible : subId -2
10-15 23:31:17.839 11953 12324 I BatteryMgr:DataCollectionService: stats => 1697405477839,208,4314,192,0,100
10-15 23:31:17.950 11953 12324 I BatteryMgr:DataCollectionService: stats => 1697405477950,208,4314,192,0,100
10-15 23:31:18.058  3957  4128 D WifiService: getConnectionInfo uid=1000
10-15 23:31:18.064 11953 12324 I BatteryMgr:DataCollectionService: stats => 1697405478064,208,4314,192,0,100
10-15 23:31:18.176 11953 12324 I BatteryMgr:DataCollectionService: stats => 1697405478175,208,4314,192,0,100
10-15 23:31:18.235  4961  4961 D io_stats: !@ 179,0 r 5806156 181810040 w 1318733 28487972 d 104974 31803780 f 302380 319265 iot 2537932 2237880 th 51200 0 0 pt 0 inp 0 0 407467.384
10-15 23:31:18.284 11953 12324 I BatteryMgr:DataCollectionService: stats => 1697405478284,208,4314,192,0,100
10-15 23:31:18.392 11953 12324 I BatteryMgr:DataCollectionService: stats => 1697405478392,208,4314,192,0,100
10-15 23:31:18.429  6343  6427 D ScanRecord: Not a Multi Manu data
10-15 23:31:18.501  6343  6427 I chatty  : uid=1002(bluetooth) BT Service Call identical 128 lines
10-15 23:31:18.501  6343  6427 D ScanRecord: Not a Multi Manu data
10-15 23:31:18.504 11953 12324 I BatteryMgr:DataCollectionService: stats => 1697405478503,208,4314,192,0,100
10-15 23:31:18.525  6343  6427 D ScanRecord: Not a Multi Manu data
10-15 23:31:18.611  6343  6427 I chatty  : uid=1002(bluetooth) BT Service Call identical 193 lines
10-15 23:31:18.611  6343  6427 D ScanRecord: Not a Multi Manu data
10-15 23:31:18.613 11953 12324 I BatteryMgr:DataCollectionService: stats => 1697405478612,208,4314,192,0,100
10-15 23:31:18.621  6343  6427 D ScanRecord: Not a Multi Manu data
10-15 23:31:18.720  6343  6427 I chatty  : uid=1002(bluetooth) BT Service Call identical 178 lines
10-15 23:31:18.720  6343  6427 D ScanRecord: Not a Multi Manu data
10-15 23:31:18.720 11953 12324 I BatteryMgr:DataCollectionService: stats => 1697405478720,208,4314,192,0,100
10-15 23:31:18.720  6343  6427 D ScanRecord: Not a Multi Manu data
10-15 23:31:18.775  6343  6427 I chatty  : uid=1002(bluetooth) BT Service Call identical 52 lines
10-15 23:31:18.775  6343  6427 D ScanRecord: Not a Multi Manu data
10-15 23:31:18.785  3957  4129 D WifiStateMachine:  ConnectedState !RSSI_PKTCNT_FETCH uid=1000 rt=407467934/1067866162 0 0 "ourhome" f4:6d:2f:12:cc:88 rssi=-42 f=5240 sc=60 link=433 tx=3.8, 0.3, 0.0  rx=5.2 bcn=99259 [on:0 tx:0 rx:0 period:961] from screen [on:187306 period:1342918] score=60
10-15 23:31:18.787  3957  4129 D WifiStateMachine:  L2ConnectedState !RSSI_PKTCNT_FETCH uid=1000 rt=407467936/1067866164 0 0 "ourhome" f4:6d:2f:12:cc:88 rssi=-42 f=5240 sc=60 link=433 tx=3.8, 0.3, 0.0  rx=5.2 bcn=99259 [on:0 tx:0 rx:0 period:2] from screen [on:187306 period:1342920] score=60
10-15 23:31:18.789  3957  4129 D WifiStateMachine: fetchRssiLinkSpeedAndFrequencyNative rssi=-43 linkspeed=433 freq=5240
10-15 23:31:18.792  6343  6427 D ScanRecord: Not a Multi Manu data
10-15 23:31:18.818  6343  6427 I chatty  : uid=1002(bluetooth) BT Service Call identical 37 lines
10-15 23:31:18.818  6343  6427 D ScanRecord: Not a Multi Manu data
10-15 23:31:18.827 11953 12324 I BatteryMgr:DataCollectionService: stats => 1697405478827,208,4314,192,0,100
10-15 23:31:18.832  6343  6427 D ScanRecord: Not a Multi Manu data
10-15 23:31:18.891  6343  6427 I chatty  : uid=1002(bluetooth) BT Service Call identical 115 lines
10-15 23:31:18.892  6343  6427 D ScanRecord: Not a Multi Manu data
10-15 23:31:18.938 11953 12324 I BatteryMgr:DataCollectionService: stats => 1697405478938,208,4314,192,0,100
10-15 23:31:19.048 11953 12324 I BatteryMgr:DataCollectionService: stats => 1697405479048,208,4314,192,0,100
10-15 23:31:19.060  3957  4128 D WifiService: getConnectionInfo uid=1000
10-15 23:31:19.166 11953 12324 I BatteryMgr:DataCollectionService: stats => 1697405479166,208,4314,192,0,100
10-15 23:31:19.278 11953 12324 I BatteryMgr:DataCollectionService: stats => 1697405479278,208,4314,192,0,100
10-15 23:31:19.387 11953 12324 I BatteryMgr:DataCollectionService: stats => 1697405479387,208,4314,192,0,100
10-15 23:31:19.501 11953 12324 I BatteryMgr:DataCollectionService: stats => 1697405479500,208,4314,192,0,100
10-15 23:31:19.611 11953 12324 I BatteryMgr:DataCollectionService: stats => 1697405479611,208,4314,192,0,100
10-15 23:31:19.722 11953 12324 I BatteryMgr:DataCollectionService: stats => 1697405479722,208,4314,192,0,100
10-15 23:31:19.787  3957  4129 D WifiStateMachine:  ConnectedState !RSSI_PKTCNT_FETCH uid=1000 rt=407468936/1067867163 0 0 "ourhome" f4:6d:2f:12:cc:88 rssi=-43 f=5240 sc=60 link=433 tx=3.8, 0.3, 0.0  rx=5.2 bcn=99259 [on:0 tx:0 rx:0 period:999] from screen [on:187306 period:1343919] score=60
10-15 23:31:19.790  3957  4129 D WifiStateMachine:  L2ConnectedState !RSSI_PKTCNT_FETCH uid=1000 rt=407468938/1067867166 0 0 "ourhome" f4:6d:2f:12:cc:88 rssi=-43 f=5240 sc=60 link=433 tx=3.8, 0.3, 0.0  rx=5.2 bcn=99259 [on:0 tx:0 rx:0 period:4] from screen [on:187306 period:1343923] score=60
10-15 23:31:19.797  3957  4129 D WifiStateMachine: fetchRssiLinkSpeedAndFrequencyNative rssi=-43 linkspeed=433 freq=5240
10-15 23:31:19.831 11953 12324 I BatteryMgr:DataCollectionService: stats => 1697405479831,208,4314,192,0,100
10-15 23:31:19.905  3957  6478 D SSRM:k  : SIOP:: AP = 360, PST = 345 (W:26), BAT = 320, USB = 0, CHG = 0
10-15 23:31:19.943 11953 12324 I BatteryMgr:DataCollectionService: stats => 1697405479942,208,4314,192,0,100
10-15 23:31:20.054 11953 12324 I BatteryMgr:DataCollectionService: stats => 1697405480053,208,4314,192,0,100
10-15 23:31:20.062  3957  4128 D WifiService: getConnectionInfo uid=1000
10-15 23:31:20.164 11953 12324 I BatteryMgr:DataCollectionService: stats => 1697405480164,208,4314,192,0,100
10-15 23:31:20.167  3957  4084 D InputReader: Input event(3): value=1 when=407469315819000
10-15 23:31:20.167  3957  4084 D InputReader: Input event(3): value=1 when=407469315819000
10-15 23:31:20.167  3957  4084 I InputReader: Touch event's action is 0x0 (deviceType=0) [pCnt=1, s=0.1622 ] when=407469315819000
10-15 23:31:20.169  3957  4083 I InputDispatcher: Delivering touch to (4340): action: 0x4, toolType: 1
10-15 23:31:20.169  3957  4083 I InputDispatcher: Delivering touch to (12065): action: 0x0, toolType: 1
10-15 23:31:20.175 12065 12065 D ViewRootImpl@878045a[App]: ViewPostIme pointer 0
10-15 23:31:20.251 12065 12095 D GeckoIdleService: next timeout 5000 msec from now
10-15 23:31:20.251 12065 12095 D GeckoIdleService: SetTimerExpiryIfBefore: next timeout 5000 msec from now
10-15 23:31:20.251 12065 12095 D GeckoIdleService: reset timer expiry to 5010 msec from now
10-15 23:31:20.251 12065 12095 D GeckoIdleService: Reset idle timeout: tell observer 0x742c414908 user is back
10-15 23:31:20.274 11953 12324 I BatteryMgr:DataCollectionService: stats => 1697405480274,168,4314,185,0,100
10-15 23:31:20.285  3957  4084 D InputReader: Input event(3): value=0 when=407469436368000
10-15 23:31:20.285  3957  4084 D InputReader: Input event(3): value=0 when=407469436368000
10-15 23:31:20.285  3957  4084 I InputReader: Touch event's action is 0x1 (deviceType=0) [pCnt=1, s=] when=407469436368000
10-15 23:31:20.286  3957  4083 I InputDispatcher: Delivering touch to (12065): action: 0x1, toolType: 1
10-15 23:31:20.296 12065 12065 D ViewRootImpl@878045a[App]: ViewPostIme pointer 1
10-15 23:31:20.380 11953 12324 I BatteryMgr:DataCollectionService: stats => 1697405480379,168,4314,185,0,100
10-15 23:31:20.484 11953 12324 I BatteryMgr:DataCollectionService: stats => 1697405480483,168,4314,185,0,100
10-15 23:31:20.588 11953 12324 I BatteryMgr:DataCollectionService: stats => 1697405480588,168,4314,185,0,100
10-15 23:31:20.675  3957  4084 D InputReader: Input event(3): value=1 when=407469825724000
10-15 23:31:20.675  3957  4084 D InputReader: Input event(3): value=1 when=407469825724000
10-15 23:31:20.675  3957  4084 I InputReader: Touch event's action is 0x0 (deviceType=0) [pCnt=1, s=0.1623 ] when=407469825724000
10-15 23:31:20.676  3957  4083 I InputDispatcher: Delivering touch to (4340): action: 0x4, toolType: 1
10-15 23:31:20.676  3957  4083 I InputDispatcher: Delivering touch to (12065): action: 0x0, toolType: 1
10-15 23:31:20.676 12065 12065 D ViewRootImpl@878045a[App]: ViewPostIme pointer 0
10-15 23:31:20.684  3957 18006 D BatteryService: !@BatteryListener : batteryPropertiesChanged!
10-15 23:31:20.694 11953 12324 I BatteryMgr:DataCollectionService: stats => 1697405480694,168,4314,185,0,100
10-15 23:31:20.734 12580 12621 I System.out: (HTTPLog)-Static: isSBSettingEnabled false
10-15 23:31:20.735 12580 12621 I System.out: (HTTPLog)-Static: isSBSettingEnabled false
10-15 23:31:20.786  3957  4129 D WifiStateMachine:  ConnectedState !RSSI_PKTCNT_FETCH uid=1000 rt=407469936/1067868163 0 0 "ourhome" f4:6d:2f:12:cc:88 rssi=-43 f=5240 sc=60 link=433 tx=3.8, 0.3, 0.0  rx=5.2 bcn=99259 [on:0 tx:0 rx:0 period:996] from screen [on:187306 period:1344919] score=60
10-15 23:31:20.786  3957  4129 D WifiStateMachine:  L2ConnectedState !RSSI_PKTCNT_FETCH uid=1000 rt=407469937/1067868164 0 0 "ourhome" f4:6d:2f:12:cc:88 rssi=-43 f=5240 sc=60 link=433 tx=3.8, 0.3, 0.0  rx=5.2 bcn=99259 [on:0 tx:0 rx:0 period:0] from screen [on:187306 period:1344919] score=60
10-15 23:31:20.792  3957  4129 D WifiStateMachine: fetchRssiLinkSpeedAndFrequencyNative rssi=-42 linkspeed=433 freq=5240
10-15 23:31:20.795  3957  4084 D InputReader: Input event(3): value=0 when=407469946228000
10-15 23:31:20.795  3957  4084 D InputReader: Input event(3): value=0 when=407469946228000
10-15 23:31:20.795  3957  4084 I InputReader: Touch event's action is 0x1 (deviceType=0) [pCnt=1, s=] when=407469946228000
10-15 23:31:20.796  3957  4083 I InputDispatcher: Delivering touch to (12065): action: 0x1, toolType: 1
10-15 23:31:20.797 12065 12065 D ViewRootImpl@878045a[App]: ViewPostIme pointer 1
10-15 23:31:20.800 11953 12324 I BatteryMgr:DataCollectionService: stats => 1697405480800,168,4314,185,0,100
10-15 23:31:20.822  3957  4129 D WifiStateMachine:  ConnectedState !CMD_RSSI_POLL rt=407469971/1067868199 54 0 "ourhome" f4:6d:2f:12:cc:88 rssi=-42 f=5240 sc=60 link=433 tx=3.8, 0.3, 0.0  rx=5.2 bcn=99259 [on:0 tx:0 rx:0 period:36] from screen [on:187306 period:1344955] score=60
10-15 23:31:20.824  3957  4129 D WifiStateMachine:  L2ConnectedState !CMD_RSSI_POLL rt=407469973/1067868201 54 0 "ourhome" f4:6d:2f:12:cc:88 rssi=-42 f=5240 sc=60 link=433 tx=3.8, 0.3, 0.0  rx=5.2 bcn=99259 [on:0 tx:0 rx:0 period:2] from screen [on:187306 period:1344957] score=60
10-15 23:31:20.824  3957  4129 D WifiStateMachine:  get link layer stats 3
10-15 23:31:20.825  3436  3436 I android.hardware.wifi@1.0-service: getLinkLayerStats
10-15 23:31:20.840  3957  4129 D WifiStateMachine: fetchRssiLinkSpeedAndFrequencyNative rssi=-42 linkspeed=433 freq=5240
10-15 23:31:20.842  4340  4340 E SignalClusterView: setSlotFocusVisible : subId -2
10-15 23:31:20.842  4340  4340 E SignalClusterView: setSlotFocusVisible : subId -2
10-15 23:31:20.907 11953 12324 I BatteryMgr:DataCollectionService: stats => 1697405480907,168,4314,185,0,100
10-15 23:31:21.015 11953 12324 I BatteryMgr:DataCollectionService: stats => 1697405481015,168,4314,185,0,100
10-15 23:31:21.064  3957  4128 D WifiService: getConnectionInfo uid=1000
10-15 23:31:21.121 11953 12324 I BatteryMgr:DataCollectionService: stats => 1697405481121,168,4314,185,0,100
10-15 23:31:21.227 11953 12324 I BatteryMgr:DataCollectionService: stats => 1697405481227,168,4314,185,0,100
10-15 23:31:21.336 11953 12324 I BatteryMgr:DataCollectionService: stats => 1697405481335,168,4314,185,0,100
10-15 23:31:21.445 11953 12324 I BatteryMgr:DataCollectionService: stats => 1697405481445,168,4314,185,0,100
10-15 23:31:21.555 11953 12324 I BatteryMgr:DataCollectionService: stats => 1697405481555,168,4314,185,0,100
10-15 23:31:21.667 11953 12324 I BatteryMgr:DataCollectionService: stats => 1697405481666,168,4314,185,0,100
10-15 23:31:21.775 11953 12324 I BatteryMgr:DataCollectionService: stats => 1697405481775,168,4314,185,0,100
10-15 23:31:21.790  3957  4129 D WifiStateMachine:  ConnectedState !RSSI_PKTCNT_FETCH uid=1000 rt=407470938/1067869165 0 0 "ourhome" f4:6d:2f:12:cc:88 rssi=-42 f=5240 sc=60 link=433 tx=2.0, 0.1, 0.0  rx=1.9 bcn=99285 [on:0 tx:0 rx:0 period:948] from screen [on:187777 period:1345922] score=60
10-15 23:31:21.792  3957  4129 D WifiStateMachine:  L2ConnectedState !RSSI_PKTCNT_FETCH uid=1000 rt=407470941/1067869169 0 0 "ourhome" f4:6d:2f:12:cc:88 rssi=-42 f=5240 sc=60 link=433 tx=2.0, 0.1, 0.0  rx=1.9 bcn=99285 [on:0 tx:0 rx:0 period:3] from screen [on:187777 period:1345925] score=60
10-15 23:31:21.799  3957  4129 D WifiStateMachine: fetchRssiLinkSpeedAndFrequencyNative rssi=-43 linkspeed=433 freq=5240
10-15 23:31:21.883 11953 12324 I BatteryMgr:DataCollectionService: stats => 1697405481883,168,4314,185,0,100
10-15 23:31:21.992 11953 12324 I BatteryMgr:DataCollectionService: stats => 1697405481991,168,4314,185,0,100
10-15 23:31:22.067  3957  4128 D WifiService: getConnectionInfo uid=1000
10-15 23:31:22.104 11953 12324 I BatteryMgr:DataCollectionService: stats => 1697405482104,168,4314,185,0,100
10-15 23:31:22.213 11953 12324 I BatteryMgr:DataCollectionService: stats => 1697405482212,168,4314,185,0,100
10-15 23:31:22.319 11953 12324 I BatteryMgr:DataCollectionService: stats => 1697405482319,168,4314,185,0,100
10-15 23:31:22.437 11953 12324 I BatteryMgr:DataCollectionService: stats => 1697405482436,168,4314,185,0,100
10-15 23:31:22.555 11953 12324 I BatteryMgr:DataCollectionService: stats => 1697405482554,168,4314,185,0,100
10-15 23:31:22.665 11953 12324 I BatteryMgr:DataCollectionService: stats => 1697405482665,168,4314,185,0,100
10-15 23:31:22.772 11953 12324 I BatteryMgr:DataCollectionService: stats => 1697405482772,168,4314,185,0,100
10-15 23:31:22.790  3957  4129 D WifiStateMachine:  ConnectedState !RSSI_PKTCNT_FETCH uid=1000 rt=407471939/1067870166 0 0 "ourhome" f4:6d:2f:12:cc:88 rssi=-43 f=5240 sc=60 link=433 tx=2.0, 0.1, 0.0  rx=1.9 bcn=99285 [on:0 tx:0 rx:0 period:998] from screen [on:187777 period:1346923] score=60
10-15 23:31:22.793  3957  4129 D WifiStateMachine:  L2ConnectedState !RSSI_PKTCNT_FETCH uid=1000 rt=407471941/1067870169 0 0 "ourhome" f4:6d:2f:12:cc:88 rssi=-43 f=5240 sc=60 link=433 tx=2.0, 0.1, 0.0  rx=1.9 bcn=99285 [on:0 tx:0 rx:0 period:3] from screen [on:187777 period:1346926] score=60
10-15 23:31:22.801  3957  4129 D WifiStateMachine: fetchRssiLinkSpeedAndFrequencyNative rssi=-42 linkspeed=433 freq=5240
10-15 23:31:22.883 11953 12324 I BatteryMgr:DataCollectionService: stats => 1697405482882,168,4314,185,0,100
10-15 23:31:22.991 11953 12324 I BatteryMgr:DataCollectionService: stats => 1697405482991,168,4314,185,0,100
10-15 23:31:23.071  3957  4128 D WifiService: getConnectionInfo uid=1000
10-15 23:31:23.104 11953 12324 I BatteryMgr:DataCollectionService: stats => 1697405483104,168,4314,185,0,100
10-15 23:31:23.212 11953 12324 I BatteryMgr:DataCollectionService: stats => 1697405483212,168,4314,185,0,100
10-15 23:31:23.237  4961  4961 D io_stats: !@ 179,0 r 5806614 181825068 w 1318756 28488244 d 104976 31803856 f 302381 319266 iot 2538100 2238016 th 51200 0 0 pt 0 inp 0 0 407472.387
10-15 23:31:23.322 11953 12324 I BatteryMgr:DataCollectionService: stats => 1697405483322,168,4314,185,0,100
10-15 23:31:23.421  6343  6427 D ScanRecord: Not a Multi Manu data
10-15 23:31:23.439  6343  6427 I chatty  : uid=1002(bluetooth) BT Service Call identical 50 lines
10-15 23:31:23.439  6343  6427 D ScanRecord: Not a Multi Manu data
10-15 23:31:23.440 11953 12324 I BatteryMgr:DataCollectionService: stats => 1697405483440,168,4314,185,0,100
10-15 23:31:23.441  6343  6427 D ScanRecord: Not a Multi Manu data
10-15 23:31:23.545  6343  6427 I chatty  : uid=1002(bluetooth) BT Service Call identical 219 lines
10-15 23:31:23.546  6343  6427 D ScanRecord: Not a Multi Manu data
10-15 23:31:23.549 11953 12324 I BatteryMgr:DataCollectionService: stats => 1697405483548,168,4314,185,0,100
10-15 23:31:23.559  6343  6427 D ScanRecord: Not a Multi Manu data
10-15 23:31:23.639  6343  6427 I chatty  : uid=1002(bluetooth) BT Service Call identical 193 lines
10-15 23:31:23.639  6343  6427 D ScanRecord: Not a Multi Manu data
10-15 23:31:23.656 11953 12324 I BatteryMgr:DataCollectionService: stats => 1697405483656,168,4314,185,0,100
10-15 23:31:23.674  6343  6427 D ScanRecord: Not a Multi Manu data
10-15 23:31:23.764  6343  6427 I chatty  : uid=1002(bluetooth) BT Service Call identical 167 lines
10-15 23:31:23.765  6343  6427 D ScanRecord: Not a Multi Manu data
10-15 23:31:23.768 11953 12324 I BatteryMgr:DataCollectionService: stats => 1697405483767,168,4314,185,0,100
10-15 23:31:23.768  6343  6427 D ScanRecord: Not a Multi Manu data
10-15 23:31:23.788  6343  6427 I chatty  : uid=1002(bluetooth) BT Service Call identical 50 lines
10-15 23:31:23.789  6343  6427 D ScanRecord: Not a Multi Manu data
10-15 23:31:23.792  3957  4129 D WifiStateMachine:  ConnectedState !RSSI_PKTCNT_FETCH uid=1000 rt=407472941/1067871168 0 0 "ourhome" f4:6d:2f:12:cc:88 rssi=-42 f=5240 sc=60 link=433 tx=2.0, 0.1, 0.0  rx=1.9 bcn=99285 [on:0 tx:0 rx:0 period:999] from screen [on:187777 period:1347925] score=60
10-15 23:31:23.793  6343  6427 D ScanRecord: Not a Multi Manu data
10-15 23:31:23.793  6343  6427 I chatty  : uid=1002(bluetooth) BT Service Call identical 11 lines
10-15 23:31:23.793  6343  6427 D ScanRecord: Not a Multi Manu data
10-15 23:31:23.794  3957  4129 D WifiStateMachine:  L2ConnectedState !RSSI_PKTCNT_FETCH uid=1000 rt=407472943/1067871170 0 0 "ourhome" f4:6d:2f:12:cc:88 rssi=-42 f=5240 sc=60 link=433 tx=2.0, 0.1, 0.0  rx=1.9 bcn=99285 [on:0 tx:0 rx:0 period:1] from screen [on:187777 period:1347926] score=60
10-15 23:31:23.795  3957  4129 D WifiStateMachine: fetchRssiLinkSpeedAndFrequencyNative rssi=-42 linkspeed=433 freq=5240
10-15 23:31:23.804  6343  6427 D ScanRecord: Not a Multi Manu data
10-15 23:31:23.840  6343  6427 I chatty  : uid=1002(bluetooth) BT Service Call identical 76 lines
10-15 23:31:23.840  6343  6427 D ScanRecord: Not a Multi Manu data
10-15 23:31:23.843  3957  4129 D WifiStateMachine:  ConnectedState !CMD_RSSI_POLL rt=407472991/1067871219 54 0 "ourhome" f4:6d:2f:12:cc:88 rssi=-42 f=5240 sc=60 link=433 tx=2.0, 0.1, 0.0  rx=1.9 bcn=99285 [on:0 tx:0 rx:0 period:50] from screen [on:187777 period:1347976] score=60
10-15 23:31:23.845  3957  4129 D WifiStateMachine:  L2ConnectedState !CMD_RSSI_POLL rt=407472994/1067871221 54 0 "ourhome" f4:6d:2f:12:cc:88 rssi=-42 f=5240 sc=60 link=433 tx=2.0, 0.1, 0.0  rx=1.9 bcn=99285 [on:0 tx:0 rx:0 period:1] from screen [on:187777 period:1347977] score=60
10-15 23:31:23.845  3957  4129 D WifiStateMachine:  get link layer stats 3
10-15 23:31:23.846  3436  3436 I android.hardware.wifi@1.0-service: getLinkLayerStats
10-15 23:31:23.850  6343  6427 D ScanRecord: Not a Multi Manu data
10-15 23:31:23.851  6343  6427 I chatty  : uid=1002(bluetooth) BT Service Call identical 11 lines
10-15 23:31:23.851  6343  6427 D ScanRecord: Not a Multi Manu data
10-15 23:31:23.853  3957  4129 D WifiStateMachine: fetchRssiLinkSpeedAndFrequencyNative rssi=-42 linkspeed=433 freq=5240
10-15 23:31:23.857  6343  6427 D ScanRecord: Not a Multi Manu data
10-15 23:31:23.857  6343  6427 I chatty  : uid=1002(bluetooth) BT Service Call identical 11 lines
10-15 23:31:23.857  6343  6427 D ScanRecord: Not a Multi Manu data
10-15 23:31:23.859  4340  4340 E SignalClusterView: setSlotFocusVisible : subId -2
10-15 23:31:23.859  4340  4340 E SignalClusterView: setSlotFocusVisible : subId -2
10-15 23:31:23.865  6343  6427 D ScanRecord: Not a Multi Manu data
10-15 23:31:23.869  6343  6427 I chatty  : uid=1002(bluetooth) BT Service Call identical 24 lines
10-15 23:31:23.869  6343  6427 D ScanRecord: Not a Multi Manu data
10-15 23:31:23.878 11953 12324 I BatteryMgr:DataCollectionService: stats => 1697405483878,168,4314,185,0,100
10-15 23:31:23.882  6343  6427 D ScanRecord: Not a Multi Manu data
10-15 23:31:23.904  6343  6427 I chatty  : uid=1002(bluetooth) BT Service Call identical 76 lines
10-15 23:31:23.904  6343  6427 D ScanRecord: Not a Multi Manu data
10-15 23:31:23.923  3957  4416 E Watchdog: !@Sync 13577 [2023-10-15 23:31:23.923]
10-15 23:31:23.983 11953 12324 I BatteryMgr:DataCollectionService: stats => 1697405483983,168,4314,185,0,100
10-15 23:31:24.073  3957  4128 D WifiService: getConnectionInfo uid=1000
10-15 23:31:24.092 11953 12324 I BatteryMgr:DataCollectionService: stats => 1697405484091,168,4314,185,0,100
10-15 23:31:24.202 11953 12324 I BatteryMgr:DataCollectionService: stats => 1697405484201,168,4314,185,0,100
10-15 23:31:24.313 11953 12324 I BatteryMgr:DataCollectionService: stats => 1697405484312,168,4314,185,0,100
10-15 23:31:24.427 11953 12324 I BatteryMgr:DataCollectionService: stats => 1697405484426,168,4314,185,0,100
10-15 23:31:24.533 11953 12324 I BatteryMgr:DataCollectionService: stats => 1697405484533,168,4314,185,0,100
10-15 23:31:24.642 11953 12324 I BatteryMgr:DataCollectionService: stats => 1697405484642,168,4314,185,0,100
10-15 23:31:24.752 11953 12324 I BatteryMgr:DataCollectionService: stats => 1697405484752,168,4314,185,0,100
10-15 23:31:24.793  3957  4129 D WifiStateMachine:  ConnectedState !RSSI_PKTCNT_FETCH uid=1000 rt=407473942/1067872169 0 0 "ourhome" f4:6d:2f:12:cc:88 rssi=-42 f=5240 sc=60 link=433 tx=1.4, 0.0, 0.0  rx=1.3 bcn=99310 [on:0 tx:0 rx:0 period:936] from screen [on:188269 period:1348925] score=60
10-15 23:31:24.796  3957  4129 D WifiStateMachine:  L2ConnectedState !RSSI_PKTCNT_FETCH uid=1000 rt=407473944/1067872171 0 0 "ourhome" f4:6d:2f:12:cc:88 rssi=-42 f=5240 sc=60 link=433 tx=1.4, 0.0, 0.0  rx=1.3 bcn=99310 [on:0 tx:0 rx:0 period:3] from screen [on:188269 period:1348928] score=60
10-15 23:31:24.803  3957  4129 D WifiStateMachine: fetchRssiLinkSpeedAndFrequencyNative rssi=-44 linkspeed=433 freq=5240
10-15 23:31:24.861 11953 12324 I BatteryMgr:DataCollectionService: stats => 1697405484861,168,4314,185,0,100
10-15 23:31:24.968 11953 12324 I BatteryMgr:DataCollectionService: stats => 1697405484968,168,4314,185,0,100
10-15 23:31:25.073 11953 12324 I BatteryMgr:DataCollectionService: stats => 1697405485073,168,4314,185,0,100
10-15 23:31:25.075  3957  4128 D WifiService: getConnectionInfo uid=1000
10-15 23:31:25.177 11953 12324 I BatteryMgr:DataCollectionService: stats => 1697405485177,168,4314,185,0,100
10-15 23:31:25.261 12065 12095 D GeckoIdleService: Get idle time: time since reset 4462 msec
10-15 23:31:25.261 12065 12095 D GeckoIdleService: Idle timer callback: current idle time 4462 msec
10-15 23:31:25.261 12065 12095 D GeckoIdleService: next timeout 538 msec from now
10-15 23:31:25.261 12065 12095 D GeckoIdleService: SetTimerExpiryIfBefore: next timeout 538 msec from now
10-15 23:31:25.261 12065 12095 D GeckoIdleService: reset timer expiry to 548 msec from now
10-15 23:31:25.281 11953 12324 I BatteryMgr:DataCollectionService: stats => 1697405485281,168,4314,185,0,100
10-15 23:31:25.389 11953 12324 I BatteryMgr:DataCollectionService: stats => 1697405485389,168,4314,185,0,100
10-15 23:31:25.499 11953 12324 I BatteryMgr:DataCollectionService: stats => 1697405485499,168,4314,185,0,100
10-15 23:31:25.608 11953 12324 I BatteryMgr:DataCollectionService: stats => 1697405485608,168,4314,185,0,100
10-15 23:31:25.716 11953 12324 I BatteryMgr:DataCollectionService: stats => 1697405485716,168,4314,185,0,100
10-15 23:31:25.743 12580 12621 I System.out: (HTTPLog)-Static: isSBSettingEnabled false
10-15 23:31:25.744 12580 12621 I System.out: (HTTPLog)-Static: isSBSettingEnabled false
10-15 23:31:25.795  3957  4129 D WifiStateMachine:  ConnectedState !RSSI_PKTCNT_FETCH uid=1000 rt=407474944/1067873171 0 0 "ourhome" f4:6d:2f:12:cc:88 rssi=-44 f=5240 sc=60 link=433 tx=1.4, 0.0, 0.0  rx=1.3 bcn=99310 [on:0 tx:0 rx:0 period:999] from screen [on:188269 period:1349927] score=60
10-15 23:31:25.797  3957  4129 D WifiStateMachine:  L2ConnectedState !RSSI_PKTCNT_FETCH uid=1000 rt=407474946/1067873173 0 0 "ourhome" f4:6d:2f:12:cc:88 rssi=-44 f=5240 sc=60 link=433 tx=1.4, 0.0, 0.0  rx=1.3 bcn=99310 [on:0 tx:0 rx:0 period:2] from screen [on:188269 period:1349929] score=60
10-15 23:31:25.803  3957  4129 D WifiStateMachine: fetchRssiLinkSpeedAndFrequencyNative rssi=-43 linkspeed=433 freq=5240
10-15 23:31:25.809 12065 12095 D GeckoIdleService: Get idle time: time since reset 5009 msec
10-15 23:31:25.809 12065 12095 D GeckoIdleService: Idle timer callback: current idle time 5009 msec
10-15 23:31:25.809 12065 12095 D GeckoIdleService: next timeout 4294967289990 msec from now
10-15 23:31:25.809 12065 12095 D GeckoIdleService: SetTimerExpiryIfBefore: next timeout 4294967289990 msec from now
10-15 23:31:25.809 12065 12095 D GeckoIdleService: reset timer expiry to 4294967290000 msec from now
10-15 23:31:25.809 12065 12095 D GeckoIdleService: Idle timer callback: tell observer 0x742c414908 user is idle
10-15 23:31:25.828 11953 12324 I BatteryMgr:DataCollectionService: stats => 1697405485828,168,4314,185,0,100
10-15 23:31:25.933 11953 12324 I BatteryMgr:DataCollectionService: stats => 1697405485933,168,4314,185,0,100
10-15 23:31:26.042 11953 12324 I BatteryMgr:DataCollectionService: stats => 1697405486042,168,4314,185,0,100
10-15 23:31:26.054  3957  4030 D SensorService: [SO] 0.057 -0.081 9.974
10-15 23:31:26.077  3957  4128 D WifiService: getConnectionInfo uid=1000
10-15 23:31:26.150 11953 12324 I BatteryMgr:DataCollectionService: stats => 1697405486150,168,4314,185,0,100
10-15 23:31:26.259 11953 12324 I BatteryMgr:DataCollectionService: stats => 1697405486259,168,4314,185,0,100
10-15 23:31:26.367 11953 12324 I BatteryMgr:DataCollectionService: stats => 1697405486367,168,4314,185,0,100
10-15 23:31:26.471 11953 12324 I BatteryMgr:DataCollectionService: stats => 1697405486471,168,4314,185,0,100
10-15 23:31:26.578 11953 12324 I BatteryMgr:DataCollectionService: stats => 1697405486578,168,4314,185,0,100
10-15 23:31:26.687 11953 12324 I BatteryMgr:DataCollectionService: stats => 1697405486686,168,4314,185,0,100
10-15 23:31:26.796 11953 12324 I BatteryMgr:DataCollectionService: stats => 1697405486795,168,4314,185,0,100
10-15 23:31:26.796  3957  4129 D WifiStateMachine:  ConnectedState !RSSI_PKTCNT_FETCH uid=1000 rt=407475944/1067874172 0 0 "ourhome" f4:6d:2f:12:cc:88 rssi=-43 f=5240 sc=60 link=433 tx=1.4, 0.0, 0.0  rx=1.3 bcn=99310 [on:0 tx:0 rx:0 period:999] from screen [on:188269 period:1350928] score=60
10-15 23:31:26.798  3957  4129 D WifiStateMachine:  L2ConnectedState !RSSI_PKTCNT_FETCH uid=1000 rt=407475947/1067874174 0 0 "ourhome" f4:6d:2f:12:cc:88 rssi=-43 f=5240 sc=60 link=433 tx=1.4, 0.0, 0.0  rx=1.3 bcn=99310 [on:0 tx:0 rx:0 period:3] from screen [on:188269 period:1350931] score=60
10-15 23:31:26.804  3957  4129 D WifiStateMachine: fetchRssiLinkSpeedAndFrequencyNative rssi=-43 linkspeed=433 freq=5240
10-15 23:31:26.856  3957  4129 D WifiStateMachine:  ConnectedState !CMD_RSSI_POLL rt=407476005/1067874232 54 0 "ourhome" f4:6d:2f:12:cc:88 rssi=-43 f=5240 sc=60 link=433 tx=1.4, 0.0, 0.0  rx=1.3 bcn=99310 [on:0 tx:0 rx:0 period:58] from screen [on:188269 period:1350989] score=60
10-15 23:31:26.858  3957  4129 D WifiStateMachine:  L2ConnectedState !CMD_RSSI_POLL rt=407476007/1067874234 54 0 "ourhome" f4:6d:2f:12:cc:88 rssi=-43 f=5240 sc=60 link=433 tx=1.4, 0.0, 0.0  rx=1.3 bcn=99310 [on:0 tx:0 rx:0 period:2] from screen [on:188269 period:1350991] score=60
10-15 23:31:26.858  3957  4129 D WifiStateMachine:  get link layer stats 3
10-15 23:31:26.859  3436  3436 I android.hardware.wifi@1.0-service: getLinkLayerStats
10-15 23:31:26.878  3957  4129 D WifiStateMachine: fetchRssiLinkSpeedAndFrequencyNative rssi=-43 linkspeed=433 freq=5240
10-15 23:31:26.882  4340  4340 E SignalClusterView: setSlotFocusVisible : subId -2
10-15 23:31:26.882  4340  4340 E SignalClusterView: setSlotFocusVisible : subId -2
10-15 23:31:26.904 11953 12324 I BatteryMgr:DataCollectionService: stats => 1697405486904,168,4314,185,0,100
10-15 23:31:27.013 11953 12324 I BatteryMgr:DataCollectionService: stats => 1697405487013,168,4314,185,0,100
10-15 23:31:27.080  3957  4128 D WifiService: getConnectionInfo uid=1000
10-15 23:31:27.123 11953 12324 I BatteryMgr:DataCollectionService: stats => 1697405487122,168,4314,185,0,100
10-15 23:31:27.232 11953 12324 I BatteryMgr:DataCollectionService: stats => 1697405487232,168,4314,185,0,100
10-15 23:31:27.340 11953 12324 I BatteryMgr:DataCollectionService: stats => 1697405487340,168,4314,185,0,100
10-15 23:31:27.449 11953 12324 I BatteryMgr:DataCollectionService: stats => 1697405487449,168,4314,185,0,100
10-15 23:31:27.557 11953 12324 I BatteryMgr:DataCollectionService: stats => 1697405487557,168,4314,185,0,100
10-15 23:31:27.666 11953 12324 I BatteryMgr:DataCollectionService: stats => 1697405487666,168,4314,185,0,100
10-15 23:31:27.775 11953 12324 I BatteryMgr:DataCollectionService: stats => 1697405487775,168,4314,185,0,100
10-15 23:31:27.797  3957  4129 D WifiStateMachine:  ConnectedState !RSSI_PKTCNT_FETCH uid=1000 rt=407476946/1067875173 0 0 "ourhome" f4:6d:2f:12:cc:88 rssi=-43 f=5240 sc=60 link=433 tx=1.1, 0.0, 0.0  rx=1.1 bcn=99338 [on:0 tx:0 rx:0 period:916] from screen [on:188787 period:1351930] score=60
10-15 23:31:27.799  3957  4129 D WifiStateMachine:  L2ConnectedState !RSSI_PKTCNT_FETCH uid=1000 rt=407476948/1067875176 0 0 "ourhome" f4:6d:2f:12:cc:88 rssi=-43 f=5240 sc=60 link=433 tx=1.1, 0.0, 0.0  rx=1.1 bcn=99338 [on:0 tx:0 rx:0 period:2] from screen [on:188787 period:1351932] score=60
10-15 23:31:27.803  3957  4129 D WifiStateMachine: fetchRssiLinkSpeedAndFrequencyNative rssi=-42 linkspeed=433 freq=5240
10-15 23:31:27.884 11953 12324 I BatteryMgr:DataCollectionService: stats => 1697405487883,168,4314,185,0,100
10-15 23:31:27.992 11953 12324 I BatteryMgr:DataCollectionService: stats => 1697405487991,168,4314,185,0,100
10-15 23:31:28.082  3957  4128 D WifiService: getConnectionInfo uid=1000
10-15 23:31:28.098 11953 12324 I BatteryMgr:DataCollectionService: stats => 1697405488098,168,4314,185,0,100
10-15 23:31:28.206 11953 12324 I BatteryMgr:DataCollectionService: stats => 1697405488206,168,4314,185,0,100
10-15 23:31:28.239  4961  4961 D io_stats: !@ 179,0 r 5806733 181827432 w 1318774 28488528 d 104977 31803928 f 302382 319267 iot 2538152 2238051 th 51200 0 0 pt 0 inp 0 0 407477.389
10-15 23:31:28.315 11953 12324 I BatteryMgr:DataCollectionService: stats => 1697405488314,168,4314,185,0,100
10-15 23:31:28.418  6343  6427 D ScanRecord: Not a Multi Manu data
10-15 23:31:28.419  6343  6427 I chatty  : uid=1002(bluetooth) BT Service Call identical 11 lines
10-15 23:31:28.419  6343  6427 D ScanRecord: Not a Multi Manu data
10-15 23:31:28.424 11953 12324 I BatteryMgr:DataCollectionService: stats => 1697405488424,168,4314,185,0,100
10-15 23:31:28.426  6343  6427 D ScanRecord: Not a Multi Manu data
10-15 23:31:28.531  6343  6427 I chatty  : uid=1002(bluetooth) BT Service Call identical 206 lines
10-15 23:31:28.531  6343  6427 D ScanRecord: Not a Multi Manu data
10-15 23:31:28.535 11953 12324 I BatteryMgr:DataCollectionService: stats => 1697405488535,168,4314,185,0,100
10-15 23:31:28.537  6343  6427 D ScanRecord: Not a Multi Manu data
10-15 23:31:28.626  6343  6427 I chatty  : uid=1002(bluetooth) BT Service Call identical 141 lines
10-15 23:31:28.626  6343  6427 D ScanRecord: Not a Multi Manu data
10-15 23:31:28.643 11953 12324 I BatteryMgr:DataCollectionService: stats => 1697405488642,168,4314,185,0,100
10-15 23:31:28.648  6343  6427 D ScanRecord: Not a Multi Manu data
10-15 23:31:28.750  6343  6427 I chatty  : uid=1002(bluetooth) BT Service Call identical 245 lines
10-15 23:31:28.750  6343  6427 D ScanRecord: Not a Multi Manu data
10-15 23:31:28.756 11953 12324 I BatteryMgr:DataCollectionService: stats => 1697405488756,168,4314,185,0,100
10-15 23:31:28.756  6343  6427 D ScanRecord: Not a Multi Manu data
10-15 23:31:28.798  6343  6427 I chatty  : uid=1002(bluetooth) BT Service Call identical 50 lines
10-15 23:31:28.798  6343  6427 D ScanRecord: Not a Multi Manu data
10-15 23:31:28.799  3957  4129 D WifiStateMachine:  ConnectedState !RSSI_PKTCNT_FETCH uid=1000 rt=407477948/1067876176 0 0 "ourhome" f4:6d:2f:12:cc:88 rssi=-42 f=5240 sc=60 link=433 tx=1.1, 0.0, 0.0  rx=1.1 bcn=99338 [on:0 tx:0 rx:0 period:1000] from screen [on:188787 period:1352932] score=60
10-15 23:31:28.801  3957  4129 D WifiStateMachine:  L2ConnectedState !RSSI_PKTCNT_FETCH uid=1000 rt=407477950/1067876177 0 0 "ourhome" f4:6d:2f:12:cc:88 rssi=-42 f=5240 sc=60 link=433 tx=1.1, 0.0, 0.0  rx=1.1 bcn=99338 [on:0 tx:0 rx:0 period:2] from screen [on:188787 period:1352934] score=60
10-15 23:31:28.802  6343  6427 D ScanRecord: Not a Multi Manu data
10-15 23:31:28.803  3957  4129 D WifiStateMachine: fetchRssiLinkSpeedAndFrequencyNative rssi=-42 linkspeed=433 freq=5240
10-15 23:31:28.803  6343  6427 D ScanRecord: Not a Multi Manu data
10-15 23:31:28.847  6343  6427 I chatty  : uid=1002(bluetooth) BT Service Call identical 88 lines
10-15 23:31:28.847  6343  6427 D ScanRecord: Not a Multi Manu data
10-15 23:31:28.864 11953 12324 I BatteryMgr:DataCollectionService: stats => 1697405488864,168,4314,185,0,100
10-15 23:31:28.877  6343  6427 D ScanRecord: Not a Multi Manu data
10-15 23:31:28.888  6343  6427 I chatty  : uid=1002(bluetooth) BT Service Call identical 50 lines
10-15 23:31:28.888  6343  6427 D ScanRecord: Not a Multi Manu data
10-15 23:31:28.970 11953 12324 I BatteryMgr:DataCollectionService: stats => 1697405488970,168,4314,185,0,100
10-15 23:31:29.077 11953 12324 I BatteryMgr:DataCollectionService: stats => 1697405489077,168,4314,185,0,100
10-15 23:31:29.084  3957  4128 D WifiService: getConnectionInfo uid=1000
10-15 23:31:29.183 11953 12324 I BatteryMgr:DataCollectionService: stats => 1697405489183,168,4314,185,0,100
10-15 23:31:29.289 11953 12324 I BatteryMgr:DataCollectionService: stats => 1697405489289,168,4314,185,0,100
10-15 23:31:29.407 11953 12324 I BatteryMgr:DataCollectionService: stats => 1697405489407,168,4314,185,0,100
10-15 23:31:29.514 11953 12324 I BatteryMgr:DataCollectionService: stats => 1697405489514,168,4314,185,0,100
10-15 23:31:29.623 11953 12324 I BatteryMgr:DataCollectionService: stats => 1697405489623,168,4314,185,0,100
10-15 23:31:29.738 11953 12324 I BatteryMgr:DataCollectionService: stats => 1697405489737,168,4314,185,0,100
10-15 23:31:29.800  3957  4129 D WifiStateMachine:  ConnectedState !RSSI_PKTCNT_FETCH uid=1000 rt=407478950/1067877177 0 0 "ourhome" f4:6d:2f:12:cc:88 rssi=-42 f=5240 sc=60 link=433 tx=1.1, 0.0, 0.0  rx=1.1 bcn=99338 [on:0 tx:0 rx:0 period:999] from screen [on:188787 period:1353933] score=60
10-15 23:31:29.802  3957  4129 D WifiStateMachine:  L2ConnectedState !RSSI_PKTCNT_FETCH uid=1000 rt=407478952/1067877179 0 0 "ourhome" f4:6d:2f:12:cc:88 rssi=-42 f=5240 sc=60 link=433 tx=1.1, 0.0, 0.0  rx=1.1 bcn=99338 [on:0 tx:0 rx:0 period:2] from screen [on:188787 period:1353935] score=60
10-15 23:31:29.809  3957  4129 D WifiStateMachine: fetchRssiLinkSpeedAndFrequencyNative rssi=-42 linkspeed=433 freq=5240
10-15 23:31:29.845 11953 12324 I BatteryMgr:DataCollectionService: stats => 1697405489845,168,4314,185,0,100
10-15 23:31:29.882  3957  4129 D WifiStateMachine:  ConnectedState !CMD_RSSI_POLL rt=407479029/1067877257 54 0 "ourhome" f4:6d:2f:12:cc:88 rssi=-42 f=5240 sc=60 link=433 tx=1.1, 0.0, 0.0  rx=1.1 bcn=99338 [on:0 tx:0 rx:0 period:79] from screen [on:188787 period:1354014] score=60
10-15 23:31:29.884  3957  4129 D WifiStateMachine:  L2ConnectedState !CMD_RSSI_POLL rt=407479033/1067877260 54 0 "ourhome" f4:6d:2f:12:cc:88 rssi=-42 f=5240 sc=60 link=433 tx=1.1, 0.0, 0.0  rx=1.1 bcn=99338 [on:0 tx:0 rx:0 period:3] from screen [on:188787 period:1354017] score=60
10-15 23:31:29.884  3957  4129 D WifiStateMachine:  get link layer stats 3
10-15 23:31:29.885  3436  3436 I android.hardware.wifi@1.0-service: getLinkLayerStats
10-15 23:31:29.905  3957  4129 D WifiStateMachine: fetchRssiLinkSpeedAndFrequencyNative rssi=-42 linkspeed=433 freq=5240
10-15 23:31:29.909  4340  4340 E SignalClusterView: setSlotFocusVisible : subId -2
10-15 23:31:29.909  4340  4340 E SignalClusterView: setSlotFocusVisible : subId -2
10-15 23:31:29.929  3957  6478 D SSRM:k  : SIOP:: AP = 370, PST = 345 (W:26), BAT = 320, USB = 0, CHG = 0
10-15 23:31:29.954 11953 12324 I BatteryMgr:DataCollectionService: stats => 1697405489954,168,4314,185,0,100
10-15 23:31:30.063 11953 12324 I BatteryMgr:DataCollectionService: stats => 1697405490063,168,4314,185,0,100
10-15 23:31:30.088  3957  4128 D WifiService: getConnectionInfo uid=1000
10-15 23:31:30.172 11953 12324 I BatteryMgr:DataCollectionService: stats => 1697405490172,168,4314,185,0,100
10-15 23:31:30.285 11953 12324 I BatteryMgr:DataCollectionService: stats => 1697405490285,168,4314,185,0,100
10-15 23:31:30.396 11953 12324 I BatteryMgr:DataCollectionService: stats => 1697405490396,168,4314,185,0,100
10-15 23:31:30.508 11953 12324 I BatteryMgr:DataCollectionService: stats => 1697405490507,168,4314,185,0,100
10-15 23:31:30.618 11953 12324 I BatteryMgr:DataCollectionService: stats => 1697405490618,168,4314,185,0,100
10-15 23:31:30.729 11953 12324 I BatteryMgr:DataCollectionService: stats => 1697405490729,170,4314,162,0,100
10-15 23:31:30.763 12580 12621 E FirebaseRemoteConfig: Fetch failed due to an unexpected error.
10-15 23:31:30.763 12580 12621 E FirebaseRemoteConfig: java.net.SocketTimeoutException: failed to connect to firebaseremoteconfig.googleapis.com/142.250.179.202 (port 443) from /192.168.1.100 (port 57764) after 5000ms
10-15 23:31:30.763 12580 12621 E FirebaseRemoteConfig: 	at libcore.io.IoBridge.connectErrno(IoBridge.java:185)
10-15 23:31:30.763 12580 12621 E FirebaseRemoteConfig: 	at libcore.io.IoBridge.connect(IoBridge.java:130)
10-15 23:31:30.763 12580 12621 E FirebaseRemoteConfig: 	at java.net.PlainSocketImpl.socketConnect(PlainSocketImpl.java:129)
10-15 23:31:30.763 12580 12621 E FirebaseRemoteConfig: 	at java.net.AbstractPlainSocketImpl.doConnect(AbstractPlainSocketImpl.java:356)
10-15 23:31:30.763 12580 12621 E FirebaseRemoteConfig: 	at java.net.AbstractPlainSocketImpl.connectToAddress(AbstractPlainSocketImpl.java:200)
10-15 23:31:30.763 12580 12621 E FirebaseRemoteConfig: 	at java.net.AbstractPlainSocketImpl.connect(AbstractPlainSocketImpl.java:182)
10-15 23:31:30.763 12580 12621 E FirebaseRemoteConfig: 	at java.net.SocksSocketImpl.connect(SocksSocketImpl.java:356)
10-15 23:31:30.763 12580 12621 E FirebaseRemoteConfig: 	at java.net.Socket.connect(Socket.java:616)
10-15 23:31:30.763 12580 12621 E FirebaseRemoteConfig: 	at com.android.okhttp.internal.Platform.connectSocket(Platform.java:145)
10-15 23:31:30.763 12580 12621 E FirebaseRemoteConfig: 	at com.android.okhttp.internal.io.RealConnection.connectSocket(RealConnection.java:1415)
10-15 23:31:30.763 12580 12621 E FirebaseRemoteConfig: 	at com.android.okhttp.internal.io.RealConnection.connect(RealConnection.java:1367)
10-15 23:31:30.763 12580 12621 E FirebaseRemoteConfig: 	at com.android.okhttp.internal.http.StreamAllocation.findConnection(StreamAllocation.java:219)
10-15 23:31:30.763 12580 12621 E FirebaseRemoteConfig: 	at com.android.okhttp.internal.http.StreamAllocation.findHealthyConnection(StreamAllocation.java:142)
