10-15 23:02:48.992  3957  4128 D WifiService: getConnectionInfo uid=1000
10-15 23:02:48.993  4340  4340 E SignalClusterView: setSlotFocusVisible : subId -2
10-15 23:02:48.993  4340  4340 E SignalClusterView: setSlotFocusVisible : subId -2
10-15 23:02:49.063  9427  9716 I BatteryMgr:DataCollectionService: stats => 1697403769063,209,4314,168,0,100
10-15 23:02:49.104  3957  4129 D WifiStateMachine:  ConnectedState !RSSI_PKTCNT_FETCH uid=1000 rt=405758252/1066156480 0 0 "ourhome" f4:6d:2f:12:cc:88 rssi=-40 f=5240 sc=60 link=433 tx=1.6, 0.0, 0.0  rx=1.5 bcn=84111 [on:0 tx:0 rx:0 period:104] from screen [on:630069 period:3936079] score=60
10-15 23:02:49.108  3957  4129 D WifiStateMachine:  L2ConnectedState !RSSI_PKTCNT_FETCH uid=1000 rt=405758255/1066156482 0 0 "ourhome" f4:6d:2f:12:cc:88 rssi=-40 f=5240 sc=60 link=433 tx=1.6, 0.0, 0.0  rx=1.5 bcn=84111 [on:0 tx:0 rx:0 period:4] from screen [on:630069 period:3936083] score=60
10-15 23:02:49.109  3957  4129 D WifiStateMachine: fetchRssiLinkSpeedAndFrequencyNative rssi=-40 linkspeed=433 freq=5240
10-15 23:02:49.174  9427  9716 I BatteryMgr:DataCollectionService: stats => 1697403769174,209,4314,168,0,100
10-15 23:02:49.209  3957 10037 D BatteryService: !@BatteryListener : batteryPropertiesChanged!
10-15 23:02:49.287  9427  9716 I BatteryMgr:DataCollectionService: stats => 1697403769287,209,4314,168,0,100
10-15 23:02:49.394  9427  9716 I BatteryMgr:DataCollectionService: stats => 1697403769394,209,4314,168,0,100
10-15 23:02:49.503  9427  9716 I BatteryMgr:DataCollectionService: stats => 1697403769503,209,4314,168,0,100
10-15 23:02:49.614  9427  9716 I BatteryMgr:DataCollectionService: stats => 1697403769614,209,4314,168,0,100
10-15 23:02:49.725  9427  9716 I BatteryMgr:DataCollectionService: stats => 1697403769724,209,4314,168,0,100
10-15 23:02:49.836  9427  9716 I BatteryMgr:DataCollectionService: stats => 1697403769836,209,4314,168,0,100
10-15 23:02:49.948  9427  9716 I BatteryMgr:DataCollectionService: stats => 1697403769948,209,4314,168,0,100
10-15 23:02:49.994  3957  4128 D WifiService: getConnectionInfo uid=1000
10-15 23:02:50.058  9427  9716 I BatteryMgr:DataCollectionService: stats => 1697403770058,209,4314,168,0,100
10-15 23:02:50.106  3957  4129 D WifiStateMachine:  ConnectedState !RSSI_PKTCNT_FETCH uid=1000 rt=405759254/1066157481 0 0 "ourhome" f4:6d:2f:12:cc:88 rssi=-40 f=5240 sc=60 link=433 tx=1.6, 0.0, 0.0  rx=1.5 bcn=84111 [on:0 tx:0 rx:0 period:999] from screen [on:630069 period:3937082] score=60
10-15 23:02:50.110  3957  4129 D WifiStateMachine:  L2ConnectedState !RSSI_PKTCNT_FETCH uid=1000 rt=405759257/1066157485 0 0 "ourhome" f4:6d:2f:12:cc:88 rssi=-40 f=5240 sc=60 link=433 tx=1.6, 0.0, 0.0  rx=1.5 bcn=84111 [on:0 tx:0 rx:0 period:3] from screen [on:630069 period:3937085] score=60
10-15 23:02:50.116  3957  4129 D WifiStateMachine: fetchRssiLinkSpeedAndFrequencyNative rssi=-43 linkspeed=433 freq=5240
10-15 23:02:50.169  9427  9716 I BatteryMgr:DataCollectionService: stats => 1697403770169,209,4314,168,0,100
10-15 23:02:50.281  9427  9716 I BatteryMgr:DataCollectionService: stats => 1697403770281,209,4314,168,0,100
10-15 23:02:50.379  3957  4030 D SensorService: [SO] 0.120 -0.086 9.960
10-15 23:02:50.393  9427  9716 I BatteryMgr:DataCollectionService: stats => 1697403770392,209,4314,168,0,100
10-15 23:02:50.501  9427  9716 I BatteryMgr:DataCollectionService: stats => 1697403770501,209,4314,168,0,100
10-15 23:02:50.614  9427  9716 I BatteryMgr:DataCollectionService: stats => 1697403770614,209,4314,168,0,100
10-15 23:02:50.727  9427  9716 I BatteryMgr:DataCollectionService: stats => 1697403770727,209,4314,168,0,100
10-15 23:02:50.837  9427  9716 I BatteryMgr:DataCollectionService: stats => 1697403770836,209,4314,168,0,100
10-15 23:02:50.950  9427  9716 I BatteryMgr:DataCollectionService: stats => 1697403770950,209,4314,168,0,100
10-15 23:02:50.997  3957  4128 D WifiService: getConnectionInfo uid=1000
10-15 23:02:51.064  9427  9716 I BatteryMgr:DataCollectionService: stats => 1697403771064,209,4314,168,0,100
10-15 23:02:51.107  3957  4129 D WifiStateMachine:  ConnectedState !RSSI_PKTCNT_FETCH uid=1000 rt=405760255/1066158482 0 0 "ourhome" f4:6d:2f:12:cc:88 rssi=-43 f=5240 sc=60 link=433 tx=1.6, 0.0, 0.0  rx=1.5 bcn=84111 [on:0 tx:0 rx:0 period:997] from screen [on:630069 period:3938082] score=60
10-15 23:02:51.110  3957  4129 D WifiStateMachine:  L2ConnectedState !RSSI_PKTCNT_FETCH uid=1000 rt=405760258/1066158485 0 0 "ourhome" f4:6d:2f:12:cc:88 rssi=-43 f=5240 sc=60 link=433 tx=1.6, 0.0, 0.0  rx=1.5 bcn=84111 [on:0 tx:0 rx:0 period:4] from screen [on:630069 period:3938086] score=60
10-15 23:02:51.116  3957  4129 D WifiStateMachine: fetchRssiLinkSpeedAndFrequencyNative rssi=-41 linkspeed=433 freq=5240
10-15 23:02:51.177  9427  9716 I BatteryMgr:DataCollectionService: stats => 1697403771177,209,4314,168,0,100
10-15 23:02:51.288  9427  9716 I BatteryMgr:DataCollectionService: stats => 1697403771288,209,4314,168,0,100
10-15 23:02:51.401  9427  9716 I BatteryMgr:DataCollectionService: stats => 1697403771401,209,4314,168,0,100
10-15 23:02:51.480  6343  6427 D ScanRecord: Not a Multi Manu data
10-15 23:02:51.510  6343  6427 I chatty  : uid=1002(bluetooth) BT Service Call identical 89 lines
10-15 23:02:51.510  6343  6427 D ScanRecord: Not a Multi Manu data
10-15 23:02:51.511  9427  9716 I BatteryMgr:DataCollectionService: stats => 1697403771511,209,4314,168,0,100
10-15 23:02:51.515  6343  6427 D ScanRecord: Not a Multi Manu data
10-15 23:02:51.614  6343  6427 I chatty  : uid=1002(bluetooth) BT Service Call identical 258 lines
10-15 23:02:51.614  6343  6427 D ScanRecord: Not a Multi Manu data
10-15 23:02:51.623  9427  9716 I BatteryMgr:DataCollectionService: stats => 1697403771623,209,4314,168,0,100
10-15 23:02:51.624  6343  6427 D ScanRecord: Not a Multi Manu data
10-15 23:02:51.730  6343  6427 I chatty  : uid=1002(bluetooth) BT Service Call identical 232 lines
10-15 23:02:51.730  6343  6427 D ScanRecord: Not a Multi Manu data
10-15 23:02:51.732  9427  9716 I BatteryMgr:DataCollectionService: stats => 1697403771732,209,4314,168,0,100
10-15 23:02:51.733  6343  6427 D ScanRecord: Not a Multi Manu data
10-15 23:02:51.844  6343  6427 I chatty  : uid=1002(bluetooth) BT Service Call identical 193 lines
10-15 23:02:51.844  6343  6427 D ScanRecord: Not a Multi Manu data
10-15 23:02:51.844  9427  9716 I BatteryMgr:DataCollectionService: stats => 1697403771844,209,4314,168,0,100
10-15 23:02:51.845  6343  6427 D ScanRecord: Not a Multi Manu data
10-15 23:02:51.917  4961  4961 D io_stats: !@ 179,0 r 5720947 178702656 w 1312155 28360880 d 104188 31749960 f 301667 318440 iot 2499924 2205831 th 51200 0 0 pt 0 inp 0 0 405761.067
10-15 23:02:51.950  6343  6427 I chatty  : uid=1002(bluetooth) BT Service Call identical 206 lines
10-15 23:02:51.950  6343  6427 D ScanRecord: Not a Multi Manu data
10-15 23:02:51.955  9427  9716 I BatteryMgr:DataCollectionService: stats => 1697403771954,209,4314,168,0,100
10-15 23:02:51.957  6343  6427 D ScanRecord: Not a Multi Manu data
10-15 23:02:51.968  6343  6427 I chatty  : uid=1002(bluetooth) BT Service Call identical 63 lines
10-15 23:02:51.968  6343  6427 D ScanRecord: Not a Multi Manu data
10-15 23:02:51.992  3957  4129 D WifiStateMachine:  ConnectedState !CMD_RSSI_POLL rt=405761140/1066159367 52 0 "ourhome" f4:6d:2f:12:cc:88 rssi=-41 f=5240 sc=60 link=433 tx=1.6, 0.0, 0.0  rx=1.5 bcn=84111 [on:0 tx:0 rx:0 period:882] from screen [on:630069 period:3938968] score=60
10-15 23:02:51.994  3957  4129 D WifiStateMachine:  L2ConnectedState !CMD_RSSI_POLL rt=405761143/1066159371 52 0 "ourhome" f4:6d:2f:12:cc:88 rssi=-41 f=5240 sc=60 link=433 tx=1.6, 0.0, 0.0  rx=1.5 bcn=84111 [on:0 tx:0 rx:0 period:2] from screen [on:630069 period:3938970] score=60
10-15 23:02:51.994  3957  4129 D WifiStateMachine:  get link layer stats 3
10-15 23:02:51.994  3436  3436 I android.hardware.wifi@1.0-service: getLinkLayerStats
10-15 23:02:51.999  3957  4128 D WifiService: getConnectionInfo uid=1000
10-15 23:02:52.012  3957  4129 D WifiStateMachine: fetchRssiLinkSpeedAndFrequencyNative rssi=-43 linkspeed=433 freq=5240
10-15 23:02:52.016  4340  4340 E SignalClusterView: setSlotFocusVisible : subId -2
10-15 23:02:52.016  4340  4340 E SignalClusterView: setSlotFocusVisible : subId -2
10-15 23:02:52.064  9427  9716 I BatteryMgr:DataCollectionService: stats => 1697403772064,209,4314,168,0,100
10-15 23:02:52.106  3957  4129 D WifiStateMachine:  ConnectedState !RSSI_PKTCNT_FETCH uid=1000 rt=405761255/1066159483 0 0 "ourhome" f4:6d:2f:12:cc:88 rssi=-43 f=5240 sc=60 link=433 tx=0.6, 0.0, 0.0  rx=1.2 bcn=84137 [on:0 tx:0 rx:0 period:91] from screen [on:630483 period:3939082] score=60
10-15 23:02:52.111  3957  4129 D WifiStateMachine:  L2ConnectedState !RSSI_PKTCNT_FETCH uid=1000 rt=405761257/1066159485 0 0 "ourhome" f4:6d:2f:12:cc:88 rssi=-43 f=5240 sc=60 link=433 tx=0.6, 0.0, 0.0  rx=1.2 bcn=84137 [on:0 tx:0 rx:0 period:4] from screen [on:630483 period:3939086] score=60
10-15 23:02:52.119  3957  4129 D WifiStateMachine: fetchRssiLinkSpeedAndFrequencyNative rssi=-43 linkspeed=433 freq=5240
10-15 23:02:52.175  9427  9716 I BatteryMgr:DataCollectionService: stats => 1697403772175,209,4314,168,0,100
10-15 23:02:52.283  9427  9716 I BatteryMgr:DataCollectionService: stats => 1697403772283,209,4314,168,0,100
10-15 23:02:52.397  9427  9716 I BatteryMgr:DataCollectionService: stats => 1697403772396,209,4314,168,0,100
10-15 23:02:52.506  9427  9716 I BatteryMgr:DataCollectionService: stats => 1697403772505,209,4314,168,0,100
10-15 23:02:52.618  9427  9716 I BatteryMgr:DataCollectionService: stats => 1697403772618,209,4314,168,0,100
10-15 23:02:52.726  9427  9716 I BatteryMgr:DataCollectionService: stats => 1697403772726,209,4314,168,0,100
10-15 23:02:52.838  9427  9716 I BatteryMgr:DataCollectionService: stats => 1697403772838,209,4314,168,0,100
10-15 23:02:52.950  9427  9716 I BatteryMgr:DataCollectionService: stats => 1697403772950,209,4314,168,0,100
10-15 23:02:53.001  3957  4128 D WifiService: getConnectionInfo uid=1000
10-15 23:02:53.062  9427  9716 I BatteryMgr:DataCollectionService: stats => 1697403773062,209,4314,168,0,100
10-15 23:02:53.108  3957  4129 D WifiStateMachine:  ConnectedState !RSSI_PKTCNT_FETCH uid=1000 rt=405762256/1066160484 0 0 "ourhome" f4:6d:2f:12:cc:88 rssi=-43 f=5240 sc=60 link=433 tx=0.6, 0.0, 0.0  rx=1.2 bcn=84137 [on:0 tx:0 rx:0 period:997] from screen [on:630483 period:3940083] score=60
10-15 23:02:53.112  3957  4129 D WifiStateMachine:  L2ConnectedState !RSSI_PKTCNT_FETCH uid=1000 rt=405762259/1066160486 0 0 "ourhome" f4:6d:2f:12:cc:88 rssi=-43 f=5240 sc=60 link=433 tx=0.6, 0.0, 0.0  rx=1.2 bcn=84137 [on:0 tx:0 rx:0 period:5] from screen [on:630483 period:3940088] score=60
10-15 23:02:53.120  3957  4129 D WifiStateMachine: fetchRssiLinkSpeedAndFrequencyNative rssi=-41 linkspeed=433 freq=5240
10-15 23:02:53.172  9427  9716 I BatteryMgr:DataCollectionService: stats => 1697403773171,209,4314,168,0,100
10-15 23:02:53.285  9427  9716 I BatteryMgr:DataCollectionService: stats => 1697403773285,209,4314,168,0,100
10-15 23:02:53.395  9427  9716 I BatteryMgr:DataCollectionService: stats => 1697403773394,209,4314,168,0,100
10-15 23:02:53.480  3957  4416 E Watchdog: !@Sync 13520 [2023-10-15 23:02:53.479]
10-15 23:02:53.503  9427  9716 I BatteryMgr:DataCollectionService: stats => 1697403773502,209,4314,168,0,100
10-15 23:02:53.614  9427  9716 I BatteryMgr:DataCollectionService: stats => 1697403773614,209,4314,168,0,100
10-15 23:02:53.726  9427  9716 I BatteryMgr:DataCollectionService: stats => 1697403773726,209,4314,168,0,100
10-15 23:02:53.837  9427  9716 I BatteryMgr:DataCollectionService: stats => 1697403773836,209,4314,168,0,100
10-15 23:02:53.948  9427  9716 I BatteryMgr:DataCollectionService: stats => 1697403773947,209,4314,168,0,100
10-15 23:02:54.004  3957  4128 D WifiService: getConnectionInfo uid=1000
10-15 23:02:54.060  9427  9716 I BatteryMgr:DataCollectionService: stats => 1697403774059,209,4314,168,0,100
10-15 23:02:54.111  3957  4129 D WifiStateMachine:  ConnectedState !RSSI_PKTCNT_FETCH uid=1000 rt=405763258/1066161485 0 0 "ourhome" f4:6d:2f:12:cc:88 rssi=-41 f=5240 sc=60 link=433 tx=0.6, 0.0, 0.0  rx=1.2 bcn=84137 [on:0 tx:0 rx:0 period:998] from screen [on:630483 period:3941086] score=60
10-15 23:02:54.113  3957  4129 D WifiStateMachine:  L2ConnectedState !RSSI_PKTCNT_FETCH uid=1000 rt=405763262/1066161489 0 0 "ourhome" f4:6d:2f:12:cc:88 rssi=-41 f=5240 sc=60 link=433 tx=0.6, 0.0, 0.0  rx=1.2 bcn=84137 [on:0 tx:0 rx:0 period:3] from screen [on:630483 period:3941089] score=60
10-15 23:02:54.115  3957  4129 D WifiStateMachine: fetchRssiLinkSpeedAndFrequencyNative rssi=-45 linkspeed=433 freq=5240
10-15 23:02:54.173  9427  9716 I BatteryMgr:DataCollectionService: stats => 1697403774173,209,4314,168,0,100
10-15 23:02:54.280  9427  9716 I BatteryMgr:DataCollectionService: stats => 1697403774280,209,4314,168,0,100
10-15 23:02:54.391  9427  9716 I BatteryMgr:DataCollectionService: stats => 1697403774391,209,4314,168,0,100
10-15 23:02:54.506  9427  9716 I BatteryMgr:DataCollectionService: stats => 1697403774506,209,4314,168,0,100
10-15 23:02:54.616  9427  9716 I BatteryMgr:DataCollectionService: stats => 1697403774616,209,4314,168,0,100
10-15 23:02:54.726  9427  9716 I BatteryMgr:DataCollectionService: stats => 1697403774726,209,4314,168,0,100
10-15 23:02:54.836  9427  9716 I BatteryMgr:DataCollectionService: stats => 1697403774835,209,4314,168,0,100
10-15 23:02:54.949  9427  9716 I BatteryMgr:DataCollectionService: stats => 1697403774949,209,4314,168,0,100
10-15 23:02:55.006  3957  4128 D WifiService: getConnectionInfo uid=1000
10-15 23:02:55.017  3957  4129 D WifiStateMachine:  ConnectedState !CMD_RSSI_POLL rt=405764166/1066162393 52 0 "ourhome" f4:6d:2f:12:cc:88 rssi=-45 f=5240 sc=60 link=433 tx=0.6, 0.0, 0.0  rx=1.2 bcn=84137 [on:0 tx:0 rx:0 period:903] from screen [on:630483 period:3941992] score=60
10-15 23:02:55.022  3957  4129 D WifiStateMachine:  L2ConnectedState !CMD_RSSI_POLL rt=405764168/1066162396 52 0 "ourhome" f4:6d:2f:12:cc:88 rssi=-45 f=5240 sc=60 link=433 tx=0.6, 0.0, 0.0  rx=1.2 bcn=84137 [on:0 tx:0 rx:0 period:5] from screen [on:630483 period:3941997] score=60
10-15 23:02:55.022  3957  4129 D WifiStateMachine:  get link layer stats 3
10-15 23:02:55.023  3436  3436 I android.hardware.wifi@1.0-service: getLinkLayerStats
10-15 23:02:55.041  3957  4129 D WifiStateMachine: fetchRssiLinkSpeedAndFrequencyNative rssi=-42 linkspeed=433 freq=5240
10-15 23:02:55.048  4340  4340 E SignalClusterView: setSlotFocusVisible : subId -2
10-15 23:02:55.048  4340  4340 E SignalClusterView: setSlotFocusVisible : subId -2
10-15 23:02:55.062  9427  9716 I BatteryMgr:DataCollectionService: stats => 1697403775062,209,4314,168,0,100
10-15 23:02:55.110  3957  4129 D WifiStateMachine:  ConnectedState !RSSI_PKTCNT_FETCH uid=1000 rt=405764258/1066162486 0 0 "ourhome" f4:6d:2f:12:cc:88 rssi=-42 f=5240 sc=60 link=433 tx=0.9, 0.0, 0.0  rx=11.9 bcn=84165 [on:0 tx:0 rx:0 period:62] from screen [on:631067 period:3942085] score=60
10-15 23:02:55.112  3957  4129 D WifiStateMachine:  L2ConnectedState !RSSI_PKTCNT_FETCH uid=1000 rt=405764261/1066162488 0 0 "ourhome" f4:6d:2f:12:cc:88 rssi=-42 f=5240 sc=60 link=433 tx=0.9, 0.0, 0.0  rx=11.9 bcn=84165 [on:0 tx:0 rx:0 period:2] from screen [on:631067 period:3942087] score=60
10-15 23:02:55.113  3957  4129 D WifiStateMachine: fetchRssiLinkSpeedAndFrequencyNative rssi=-42 linkspeed=433 freq=5240
10-15 23:02:55.175  9427  9716 I BatteryMgr:DataCollectionService: stats => 1697403775175,209,4314,168,0,100
10-15 23:02:55.287  9427  9716 I BatteryMgr:DataCollectionService: stats => 1697403775287,209,4314,168,0,100
10-15 23:02:55.398  9427  9716 I BatteryMgr:DataCollectionService: stats => 1697403775398,209,4314,168,0,100
10-15 23:02:55.508  9427  9716 I BatteryMgr:DataCollectionService: stats => 1697403775508,209,4314,168,0,100
10-15 23:02:55.621  9427  9716 I BatteryMgr:DataCollectionService: stats => 1697403775621,209,4314,168,0,100
10-15 23:02:55.731  9427  9716 I BatteryMgr:DataCollectionService: stats => 1697403775731,209,4314,168,0,100
10-15 23:02:55.840  9427  9716 I BatteryMgr:DataCollectionService: stats => 1697403775840,209,4314,168,0,100
10-15 23:02:55.949  9427  9716 I BatteryMgr:DataCollectionService: stats => 1697403775949,209,4314,168,0,100
10-15 23:02:56.008  3957  4128 D WifiService: getConnectionInfo uid=1000
10-15 23:02:56.059  9427  9716 I BatteryMgr:DataCollectionService: stats => 1697403776059,209,4314,168,0,100
10-15 23:02:56.111  3957  4129 D WifiStateMachine:  ConnectedState !RSSI_PKTCNT_FETCH uid=1000 rt=405765261/1066163488 0 0 "ourhome" f4:6d:2f:12:cc:88 rssi=-42 f=5240 sc=60 link=433 tx=0.9, 0.0, 0.0  rx=11.9 bcn=84165 [on:0 tx:0 rx:0 period:1000] from screen [on:631067 period:3943087] score=60
10-15 23:02:56.115  3957  4129 D WifiStateMachine:  L2ConnectedState !RSSI_PKTCNT_FETCH uid=1000 rt=405765263/1066163490 0 0 "ourhome" f4:6d:2f:12:cc:88 rssi=-42 f=5240 sc=60 link=433 tx=0.9, 0.0, 0.0  rx=11.9 bcn=84165 [on:0 tx:0 rx:0 period:3] from screen [on:631067 period:3943090] score=60
10-15 23:02:56.122  3957  4129 D WifiStateMachine: fetchRssiLinkSpeedAndFrequencyNative rssi=-41 linkspeed=433 freq=5240
10-15 23:02:56.173  9427  9716 I BatteryMgr:DataCollectionService: stats => 1697403776173,209,4314,168,0,100
10-15 23:02:56.286  9427  9716 I BatteryMgr:DataCollectionService: stats => 1697403776286,209,4314,168,0,100
10-15 23:02:56.396  9427  9716 I BatteryMgr:DataCollectionService: stats => 1697403776396,209,4314,168,0,100
10-15 23:02:56.493  6343  6427 D ScanRecord: Not a Multi Manu data
10-15 23:02:56.505  6343  6427 I chatty  : uid=1002(bluetooth) BT Service Call identical 37 lines
10-15 23:02:56.505  6343  6427 D ScanRecord: Not a Multi Manu data
10-15 23:02:56.506  9427  9716 I BatteryMgr:DataCollectionService: stats => 1697403776506,209,4314,168,0,100
10-15 23:02:56.508  6343  6427 D ScanRecord: Not a Multi Manu data
10-15 23:02:56.618  6343  6427 I chatty  : uid=1002(bluetooth) BT Service Call identical 258 lines
10-15 23:02:56.618  6343  6427 D ScanRecord: Not a Multi Manu data
10-15 23:02:56.619  9427  9716 I BatteryMgr:DataCollectionService: stats => 1697403776619,209,4314,168,0,100
10-15 23:02:56.626  6343  6427 D ScanRecord: Not a Multi Manu data
10-15 23:02:56.724  6343  6427 I chatty  : uid=1002(bluetooth) BT Service Call identical 219 lines
10-15 23:02:56.724  6343  6427 D ScanRecord: Not a Multi Manu data
10-15 23:02:56.730  9427  9716 I BatteryMgr:DataCollectionService: stats => 1697403776730,209,4314,168,0,100
10-15 23:02:56.736  6343  6427 D ScanRecord: Not a Multi Manu data
10-15 23:02:56.835  6343  6427 I chatty  : uid=1002(bluetooth) BT Service Call identical 206 lines
10-15 23:02:56.835  6343  6427 D ScanRecord: Not a Multi Manu data
10-15 23:02:56.841  9427  9716 I BatteryMgr:DataCollectionService: stats => 1697403776840,209,4314,168,0,100
10-15 23:02:56.841  6343  6427 D ScanRecord: Not a Multi Manu data
10-15 23:02:56.919  4961  4961 D io_stats: !@ 179,0 r 5720948 178702692 w 1312168 28361012 d 104189 31750032 f 301668 318441 iot 2499936 2205838 th 51200 0 0 pt 0 inp 0 0 405766.069
10-15 23:02:56.948  6343  6427 I chatty  : uid=1002(bluetooth) BT Service Call identical 310 lines
10-15 23:02:56.948  6343  6427 D ScanRecord: Not a Multi Manu data
10-15 23:02:56.950  9427  9716 I BatteryMgr:DataCollectionService: stats => 1697403776950,209,4314,168,0,100
10-15 23:02:56.954  6343  6427 D ScanRecord: Not a Multi Manu data
10-15 23:02:56.966  6343  6427 I chatty  : uid=1002(bluetooth) BT Service Call identical 24 lines
10-15 23:02:56.966  6343  6427 D ScanRecord: Not a Multi Manu data
10-15 23:02:57.010  3957  4128 D WifiService: getConnectionInfo uid=1000
10-15 23:02:57.059  9427  9716 I BatteryMgr:DataCollectionService: stats => 1697403777059,209,4314,168,0,100
10-15 23:02:57.115  3957  4129 D WifiStateMachine:  ConnectedState !RSSI_PKTCNT_FETCH uid=1000 rt=405766263/1066164490 0 0 "ourhome" f4:6d:2f:12:cc:88 rssi=-41 f=5240 sc=60 link=433 tx=0.9, 0.0, 0.0  rx=11.9 bcn=84165 [on:0 tx:0 rx:0 period:1001] from screen [on:631067 period:3944091] score=60
10-15 23:02:57.118  3957  4129 D WifiStateMachine:  L2ConnectedState !RSSI_PKTCNT_FETCH uid=1000 rt=405766267/1066164494 0 0 "ourhome" f4:6d:2f:12:cc:88 rssi=-41 f=5240 sc=60 link=433 tx=0.9, 0.0, 0.0  rx=11.9 bcn=84165 [on:0 tx:0 rx:0 period:2] from screen [on:631067 period:3944093] score=60
10-15 23:02:57.124  3957  4129 D WifiStateMachine: fetchRssiLinkSpeedAndFrequencyNative rssi=-41 linkspeed=433 freq=5240
10-15 23:02:57.171  9427  9716 I BatteryMgr:DataCollectionService: stats => 1697403777171,209,4314,168,0,100
10-15 23:02:57.281  9427  9716 I BatteryMgr:DataCollectionService: stats => 1697403777281,209,4314,168,0,100
10-15 23:02:57.391  9427  9716 I BatteryMgr:DataCollectionService: stats => 1697403777390,209,4314,168,0,100
10-15 23:02:57.501  9427  9716 I BatteryMgr:DataCollectionService: stats => 1697403777501,209,4314,168,0,100
10-15 23:02:57.612  9427  9716 I BatteryMgr:DataCollectionService: stats => 1697403777612,209,4314,168,0,100
10-15 23:02:57.649  3957  6478 D SSRM:k  : SIOP:: AP = 370, PST = 350 (W:24), BAT = 320, USB = 0, CHG = 0
10-15 23:02:57.720  9427  9716 I BatteryMgr:DataCollectionService: stats => 1697403777720,209,4314,168,0,100
10-15 23:02:57.829  9427  9716 I BatteryMgr:DataCollectionService: stats => 1697403777829,209,4314,168,0,100
10-15 23:02:57.934  9427  9716 I BatteryMgr:DataCollectionService: stats => 1697403777934,209,4314,168,0,100
10-15 23:02:58.013  3957  4128 D WifiService: getConnectionInfo uid=1000
10-15 23:02:58.049  9427  9716 I BatteryMgr:DataCollectionService: stats => 1697403778048,209,4314,168,0,100
10-15 23:02:58.050  3957  4129 D WifiStateMachine:  ConnectedState !CMD_RSSI_POLL rt=405767195/1066165423 52 0 "ourhome" f4:6d:2f:12:cc:88 rssi=-41 f=5240 sc=60 link=433 tx=0.9, 0.0, 0.0  rx=11.9 bcn=84165 [on:0 tx:0 rx:0 period:932] from screen [on:631067 period:3945025] score=60
10-15 23:02:58.054  3957  4129 D WifiStateMachine:  L2ConnectedState !CMD_RSSI_POLL rt=405767201/1066165428 52 0 "ourhome" f4:6d:2f:12:cc:88 rssi=-41 f=5240 sc=60 link=433 tx=0.9, 0.0, 0.0  rx=11.9 bcn=84165 [on:0 tx:0 rx:0 period:4] from screen [on:631067 period:3945029] score=60
10-15 23:02:58.054  3957  4129 D WifiStateMachine:  get link layer stats 3
10-15 23:02:58.055  3436  3436 I android.hardware.wifi@1.0-service: getLinkLayerStats
10-15 23:02:58.074  3957  4129 D WifiStateMachine: fetchRssiLinkSpeedAndFrequencyNative rssi=-41 linkspeed=433 freq=5240
10-15 23:02:58.079  4340  4340 E SignalClusterView: setSlotFocusVisible : subId -2
10-15 23:02:58.079  4340  4340 E SignalClusterView: setSlotFocusVisible : subId -2
10-15 23:02:58.116  3957  4129 D WifiStateMachine:  ConnectedState !RSSI_PKTCNT_FETCH uid=1000 rt=405767265/1066165492 0 0 "ourhome" f4:6d:2f:12:cc:88 rssi=-41 f=5240 sc=60 link=433 tx=2.2, 0.0, 0.0  rx=6.2 bcn=84193 [on:0 tx:0 rx:0 period:37] from screen [on:631782 period:3945092] score=60
10-15 23:02:58.120  3957  4129 D WifiStateMachine:  L2ConnectedState !RSSI_PKTCNT_FETCH uid=1000 rt=405767267/1066165495 0 0 "ourhome" f4:6d:2f:12:cc:88 rssi=-41 f=5240 sc=60 link=433 tx=2.2, 0.0, 0.0  rx=6.2 bcn=84193 [on:0 tx:0 rx:0 period:3] from screen [on:631782 period:3945095] score=60
10-15 23:02:58.123  3957  4129 D WifiStateMachine: fetchRssiLinkSpeedAndFrequencyNative rssi=-41 linkspeed=433 freq=5240
10-15 23:02:58.158  9427  9716 I BatteryMgr:DataCollectionService: stats => 1697403778158,209,4314,168,0,100
10-15 23:02:58.270  9427  9716 I BatteryMgr:DataCollectionService: stats => 1697403778270,209,4314,168,0,100
10-15 23:02:58.381  9427  9716 I BatteryMgr:DataCollectionService: stats => 1697403778381,209,4314,168,0,100
10-15 23:02:58.493  9427  9716 I BatteryMgr:DataCollectionService: stats => 1697403778492,209,4314,168,0,100
10-15 23:02:58.604  9427  9716 I BatteryMgr:DataCollectionService: stats => 1697403778604,209,4314,168,0,100
10-15 23:02:58.715  9427  9716 I BatteryMgr:DataCollectionService: stats => 1697403778714,209,4314,168,0,100
10-15 23:02:58.825  9427  9716 I BatteryMgr:DataCollectionService: stats => 1697403778824,209,4314,168,0,100
10-15 23:02:58.935  9427  9716 I BatteryMgr:DataCollectionService: stats => 1697403778935,209,4314,168,0,100
10-15 23:02:59.016  3957  4128 D WifiService: getConnectionInfo uid=1000
10-15 23:02:59.047  9427  9716 I BatteryMgr:DataCollectionService: stats => 1697403779047,209,4314,168,0,100
10-15 23:02:59.118  3957  4129 D WifiStateMachine:  ConnectedState !RSSI_PKTCNT_FETCH uid=1000 rt=405768266/1066166494 0 0 "ourhome" f4:6d:2f:12:cc:88 rssi=-41 f=5240 sc=60 link=433 tx=2.2, 0.0, 0.0  rx=6.2 bcn=84193 [on:0 tx:0 rx:0 period:999] from screen [on:631782 period:3946094] score=60
10-15 23:02:59.120  3957  4129 D WifiStateMachine:  L2ConnectedState !RSSI_PKTCNT_FETCH uid=1000 rt=405768269/1066166497 0 0 "ourhome" f4:6d:2f:12:cc:88 rssi=-41 f=5240 sc=60 link=433 tx=2.2, 0.0, 0.0  rx=6.2 bcn=84193 [on:0 tx:0 rx:0 period:2] from screen [on:631782 period:3946096] score=60
10-15 23:02:59.127  3957  4129 D WifiStateMachine: fetchRssiLinkSpeedAndFrequencyNative rssi=-41 linkspeed=433 freq=5240
10-15 23:02:59.161  9427  9716 I BatteryMgr:DataCollectionService: stats => 1697403779160,209,4314,168,0,100
10-15 23:02:59.269  9427  9716 I BatteryMgr:DataCollectionService: stats => 1697403779269,162,4314,160,0,100
10-15 23:02:59.376  9427  9716 I BatteryMgr:DataCollectionService: stats => 1697403779376,162,4314,160,0,100
10-15 23:02:59.487  9427  9716 I BatteryMgr:DataCollectionService: stats => 1697403779487,162,4314,160,0,100
10-15 23:02:59.600  9427  9716 I BatteryMgr:DataCollectionService: stats => 1697403779600,162,4314,160,0,100
10-15 23:02:59.711  9427  9716 I BatteryMgr:DataCollectionService: stats => 1697403779710,162,4314,160,0,100
10-15 23:02:59.747  3957 10037 D BatteryService: !@BatteryListener : batteryPropertiesChanged!
10-15 23:02:59.821  9427  9716 I BatteryMgr:DataCollectionService: stats => 1697403779820,162,4314,160,0,100
10-15 23:02:59.922  3957  4045 D SamsungAlarmManager: Expired : 4
10-15 23:02:59.932  9427  9716 I BatteryMgr:DataCollectionService: stats => 1697403779932,162,4314,160,0,100
10-15 23:02:59.937  3957  4045 I SamsungAlarmManager: setLocked to kernel - T:2 / 20231015T230302, SetElapsed=1066169976, nowELAPSED=1066167316
10-15 23:02:59.938  3957  4045 I SamsungAlarmManager: setLocked to kernel - T:3 / 20231015T230300, SetElapsed=1066167379, nowELAPSED=1066167316
10-15 23:02:59.957  3957  4045 V SamsungAlarmManager: Sending to uid : 10025 action=com.google.android.gms.gcm.HEARTBEAT_ALARM alarm=Alarm{d192f43 type 2 when 1066167297 com.google.android.gms}
10-15 23:03:00.003  3957  4045 D SamsungAlarmManager: Expired : 8
10-15 23:03:00.004  3957  4045 V SamsungAlarmManager: Sending to uid : 1000 action=android.intent.action.TIME_TICK alarm=Alarm{804c6f9 type 3 when 1066167379 android}
10-15 23:03:00.010  3957  3957 D SamsungAlarmManager: setExact Intent (T:3/F:1/AC:false) 20231015T230400 - CU:1000/CP:3957
10-15 23:03:00.014  4340  4340 D KeyguardUpdateMonitor: received broadcast android.intent.action.TIME_TICK
10-15 23:03:00.018  3957  4128 D WifiService: getConnectionInfo uid=1000
10-15 23:03:00.019  4340  4340 D KeyguardServiceBoxContainer: refreshTime() 1
10-15 23:03:00.042  9427  9716 I BatteryMgr:DataCollectionService: stats => 1697403780042,162,4314,160,0,100
10-15 23:03:00.118  3957  4129 D WifiStateMachine:  ConnectedState !RSSI_PKTCNT_FETCH uid=1000 rt=405769268/1066167495 0 0 "ourhome" f4:6d:2f:12:cc:88 rssi=-41 f=5240 sc=60 link=433 tx=2.2, 0.0, 0.0  rx=6.2 bcn=84193 [on:0 tx:0 rx:0 period:998] from screen [on:631782 period:3947094] score=60
10-15 23:03:00.119  3957  4129 D WifiStateMachine:  L2ConnectedState !RSSI_PKTCNT_FETCH uid=1000 rt=405769269/1066167496 0 0 "ourhome" f4:6d:2f:12:cc:88 rssi=-41 f=5240 sc=60 link=433 tx=2.2, 0.0, 0.0  rx=6.2 bcn=84193 [on:0 tx:0 rx:0 period:1] from screen [on:631782 period:3947095] score=60
10-15 23:03:00.125  3957  4129 D WifiStateMachine: fetchRssiLinkSpeedAndFrequencyNative rssi=-41 linkspeed=433 freq=5240
10-15 23:03:00.148  9427  9716 I BatteryMgr:DataCollectionService: stats => 1697403780148,162,4314,160,0,100
10-15 23:03:00.171  3957 10037 D SamsungAlarmManager: Cancel Alarm calling from uid:10025 pid :6120 / op:PendingIntent{9157c9f: PendingIntentRecord{7790c84 com.google.android.gms broadcastIntent}}
10-15 23:03:00.173  6120  9408 I AlarmManager: setExactAndAllowWhileIdle [name: GCM_HB_ALARM type: 2 triggerAtMillis: 1066227549]
10-15 23:03:00.178  3957 10037 D SamsungAlarmManager: setExact Intent (T:2/F:5/AC:false) 20231015T230400 - CU:10025/CP:6120
10-15 23:03:00.234  3957 14957 D SamsungAlarmManager: Cancel Alarm calling from uid:10025 pid :6120 / op:PendingIntent{c18b1ec: PendingIntentRecord{7790c84 com.google.android.gms broadcastIntent}}
10-15 23:03:00.236  3957 14957 I SamsungAlarmManager: setLocked to kernel - T:2 / 20231015T230300, SetElapsed=1066167379, nowELAPSED=1066167614
10-15 23:03:00.236  3957  4045 D SamsungAlarmManager: Expired : 4
10-15 23:03:00.236  6120  9408 I AlarmManager: setExactAndAllowWhileIdle [name: GCM_HB_ALARM type: 2 triggerAtMillis: 1066697614]
10-15 23:03:00.236  3957  4045 I SamsungAlarmManager: setLocked to kernel - T:2 / 20231015T230302, SetElapsed=1066169976, nowELAPSED=1066167614
10-15 23:03:00.244  3957  4045 V SamsungAlarmManager: Sending to uid : 10020 action=a.ACTION_INEXACT_ALARM.PreloadedFBNS.com.facebook.services alarm=Alarm{541d9b5 type 2 when 1066090712 com.facebook.services}
10-15 23:03:00.246  3957  4045 V SamsungAlarmManager: Sending to uid : 10074 action=com.samsung.action.EVERY_MINUTE_CLOCK_UPDATE alarm=Alarm{75f43bb type 1 when 1697403780000 com.sec.android.app.launcher}
10-15 23:03:00.257  3957 14957 D SamsungAlarmManager: setExact Intent (T:2/F:5/AC:false) 20231015T231150 - CU:10025/CP:6120
10-15 23:03:00.258  9427  9716 I BatteryMgr:DataCollectionService: stats => 1697403780257,162,4314,160,0,100
10-15 23:03:00.267  4340  4340 D KeyguardUpdateMonitor: handleStatusBarState( false )
10-15 23:03:00.283  4340  4340 D KeyguardUpdateMonitor: handleStatusBarState( false )
10-15 23:03:00.294  3957 14957 D SamsungAlarmManager: setExact Intent (T:2/F:4/AC:false) 20231015T232300 - CU:10020/CP:5985
10-15 23:03:00.311  3957 14957 D ConnectivityService: filterNetworkStateForUid() uid: 10020 networkInfo: [type: WIFI[] - WIFI, state: CONNECTED/CONNECTED, reason: (unspecified), extra: "ourhome", failover: false, available: true, roaming: false, metered: false]
10-15 23:03:00.311  3957 14957 D WifiService: getConnectionInfo uid=1000
10-15 23:03:00.357  3957 14957 D SamsungAlarmManager: setExact Intent (T:2/F:5/AC:false) 20231015T230324 - CU:10020/CP:5985
10-15 23:03:00.366  6985  6985 I Launcher: onReceive: com.samsung.action.EVERY_MINUTE_CLOCK_UPDATE
10-15 23:03:00.367  9427  9716 I BatteryMgr:DataCollectionService: stats => 1697403780367,162,4314,160,0,100
10-15 23:03:00.373  3957 10037 D SamsungAlarmManager: setInexact Intent (T:1/F:0/AC:false) 20231015T230400 - CU:10074/CP:6985
10-15 23:03:00.373  3957 10037 I SamsungAlarmManager: setLocked to kernel - T:2 / 20231015T230324, SetElapsed=1066191715, nowELAPSED=1066167752
10-15 23:03:00.377  6985  6985 I IconView: applyFromShortcutInfo - start GetLive : com.samsung.android.calendar
10-15 23:03:00.378  6985  6985 I BitmapCacheContainer: getBitmapCache: BitmapCache expired com.samsung.android.calendar/UserHandle{0}
10-15 23:03:00.379  3957  4030 D SensorService: [SO] 0.115 -0.091 9.984
10-15 23:03:00.408  6985  6985 D ApplicationPackageManager: we has com.samsung.android.calendar class. reuse it 
10-15 23:03:00.474  9427  9716 I BatteryMgr:DataCollectionService: stats => 1697403780474,162,4314,160,0,100
10-15 23:03:00.496  3957 10037 D SamsungAlarmManager: Cancel Alarm calling from uid:10020 pid :5985 / op:PendingIntent{56b5f16: PendingIntentRecord{7d500d8 com.facebook.services broadcastIntent}}
10-15 23:03:00.499  3957 10037 I SamsungAlarmManager: setLocked to kernel - T:2 / 20231015T230400, SetElapsed=1066227379, nowELAPSED=1066167877
10-15 23:03:00.499  3957 10037 I SamsungAlarmManager: setLocked to kernel - T:3 / 20231015T230400, SetElapsed=1066227379, nowELAPSED=1066167877
10-15 23:03:00.568  6985  6985 I ApplicationPackageManager: load= live icon for com.samsung.android.calendar, from overlay = false
10-15 23:03:00.570  6985  6985 I LiveIconManager: getLiveIcon: complete(sync_created)
10-15 23:03:00.571  6985  6985 I IconView: applyFromShortcutInfo - end GetLive : com.samsung.android.calendar
10-15 23:03:00.585  9427  9716 I BatteryMgr:DataCollectionService: stats => 1697403780584,162,4314,160,0,100
10-15 23:03:00.664  6985  6985 I IconView: applyFromApplicationInfo - start GetLive : com.sec.android.app.clockpackage
10-15 23:03:00.672  6985  6985 D ApplicationPackageManager: we has com.sec.android.app.clockpackage class. reuse it 
10-15 23:03:00.679  6985  6985 D LiveIconLoader: getLiveIcon was called in ClockPackage
10-15 23:03:00.683  6985  6985 D LiveIconLoader: getLiveIcon res = com.sec.android.app.clockpackage
10-15 23:03:00.693  9427  9716 I BatteryMgr:DataCollectionService: stats => 1697403780692,162,4314,160,0,100
10-15 23:03:00.694  6985  6985 D LiveIconLoader: stdIconSize : 84 , targetIconSize : 94
10-15 23:03:00.695  6985  6985 D LiveIconLoader: mIconDpi : 320 , mTargetIconDpi : 280
10-15 23:03:00.737  6985  6985 I ApplicationPackageManager: load= live icon for com.sec.android.app.clockpackage, from overlay = false
10-15 23:03:00.738  6985  6985 I LiveIconManager: getLiveIcon: complete(sync_created)
10-15 23:03:00.738  6985  6985 I IconView: applyFromApplicationInfo - end GetLive : com.sec.android.app.clockpackage
10-15 23:03:00.741  6985  6985 I IconView: applyFromApplicationInfo - start GetLive : com.samsung.android.calendar
10-15 23:03:00.741  6985  6985 I IconView: applyFromApplicationInfo - end GetLive : com.samsung.android.calendar
10-15 23:03:00.759  6985  6995 I zygote64: Background concurrent copying GC freed 58213(4MB) AllocSpace objects, 33(1628KB) LOS objects, 49% free, 5MB/10MB, paused 18.153ms total 140.952ms
10-15 23:03:00.799  9427  9716 I BatteryMgr:DataCollectionService: stats => 1697403780799,162,4314,160,0,100
10-15 23:03:00.909  9427  9716 I BatteryMgr:DataCollectionService: stats => 1697403780909,162,4314,160,0,100
10-15 23:03:01.021  9427  9716 I BatteryMgr:DataCollectionService: stats => 1697403781021,162,4314,160,0,100
10-15 23:03:01.021  3957  4128 D WifiService: getConnectionInfo uid=1000
10-15 23:03:01.078  3957  4129 D WifiStateMachine:  ConnectedState !CMD_RSSI_POLL rt=405770226/1066168454 52 0 "ourhome" f4:6d:2f:12:cc:88 rssi=-41 f=5240 sc=60 link=433 tx=2.2, 0.0, 0.0  rx=6.2 bcn=84193 [on:0 tx:0 rx:0 period:959] from screen [on:631782 period:3948054] score=60
10-15 23:03:01.080  3957  4129 D WifiStateMachine:  L2ConnectedState !CMD_RSSI_POLL rt=405770229/1066168457 52 0 "ourhome" f4:6d:2f:12:cc:88 rssi=-41 f=5240 sc=60 link=433 tx=2.2, 0.0, 0.0  rx=6.2 bcn=84193 [on:0 tx:0 rx:0 period:2] from screen [on:631782 period:3948056] score=60
10-15 23:03:01.080  3957  4129 D WifiStateMachine:  get link layer stats 3
10-15 23:03:01.080  3436  3436 I android.hardware.wifi@1.0-service: getLinkLayerStats
10-15 23:03:01.092  3957  4129 D WifiStateMachine: fetchRssiLinkSpeedAndFrequencyNative rssi=-42 linkspeed=433 freq=5240
10-15 23:03:01.097  4340  4340 E SignalClusterView: setSlotFocusVisible : subId -2
10-15 23:03:01.097  4340  4340 E SignalClusterView: setSlotFocusVisible : subId -2
10-15 23:03:01.120  3957  4129 D WifiStateMachine:  ConnectedState !RSSI_PKTCNT_FETCH uid=1000 rt=405770269/1066168497 0 0 "ourhome" f4:6d:2f:12:cc:88 rssi=-42 f=5240 sc=60 link=433 tx=5.9, 0.0, 0.0  rx=8.0 bcn=84222 [on:0 tx:0 rx:0 period:25] from screen [on:632961 period:3948096] score=60
10-15 23:03:01.124  3957  4129 D WifiStateMachine:  L2ConnectedState !RSSI_PKTCNT_FETCH uid=1000 rt=405770271/1066168499 0 0 "ourhome" f4:6d:2f:12:cc:88 rssi=-42 f=5240 sc=60 link=433 tx=5.9, 0.0, 0.0  rx=8.0 bcn=84222 [on:0 tx:0 rx:0 period:2] from screen [on:632961 period:3948098] score=60
10-15 23:03:01.132  3957  4129 D WifiStateMachine: fetchRssiLinkSpeedAndFrequencyNative rssi=-42 linkspeed=433 freq=5240
10-15 23:03:01.133  9427  9716 I BatteryMgr:DataCollectionService: stats => 1697403781133,162,4314,160,0,100
10-15 23:03:01.242  9427  9716 I BatteryMgr:DataCollectionService: stats => 1697403781242,162,4314,160,0,100
10-15 23:03:01.353  9427  9716 I BatteryMgr:DataCollectionService: stats => 1697403781353,162,4314,160,0,100
10-15 23:03:01.462  9427  9716 I BatteryMgr:DataCollectionService: stats => 1697403781462,162,4314,160,0,100
10-15 23:03:01.471  6343  6427 D ScanRecord: Not a Multi Manu data
10-15 23:03:01.570  6343  6427 I chatty  : uid=1002(bluetooth) BT Service Call identical 141 lines
10-15 23:03:01.570  6343  6427 D ScanRecord: Not a Multi Manu data
10-15 23:03:01.572  9427  9716 I BatteryMgr:DataCollectionService: stats => 1697403781572,162,4314,160,0,100
10-15 23:03:01.579  6343  6427 D ScanRecord: Not a Multi Manu data
10-15 23:03:01.663  6343  6427 I chatty  : uid=1002(bluetooth) BT Service Call identical 180 lines
10-15 23:03:01.663  6343  6427 D ScanRecord: Not a Multi Manu data
10-15 23:03:01.680  9427  9716 I BatteryMgr:DataCollectionService: stats => 1697403781680,162,4314,160,0,100
10-15 23:03:01.683  6343  6427 D ScanRecord: Not a Multi Manu data
10-15 23:03:01.791  6343  6427 I chatty  : uid=1002(bluetooth) BT Service Call identical 128 lines
10-15 23:03:01.791  6343  6427 D ScanRecord: Not a Multi Manu data
10-15 23:03:01.792  9427  9716 I BatteryMgr:DataCollectionService: stats => 1697403781792,162,4314,160,0,100
10-15 23:03:01.797  6343  6427 D ScanRecord: Not a Multi Manu data
10-15 23:03:01.903  6343  6427 I chatty  : uid=1002(bluetooth) BT Service Call identical 183 lines
10-15 23:03:01.903  6343  6427 D ScanRecord: Not a Multi Manu data
10-15 23:03:01.903  9427  9716 I BatteryMgr:DataCollectionService: stats => 1697403781903,162,4314,160,0,100
10-15 23:03:01.903  6343  6427 D ScanRecord: Not a Multi Manu data
10-15 23:03:01.922  4961  4961 D io_stats: !@ 179,0 r 5722398 178759900 w 1312181 28361204 d 104190 31750104 f 301669 318442 iot 2500568 2206324 th 51200 0 0 pt 0 inp 0 0 405771.073
10-15 23:03:01.954  6343  6427 I chatty  : uid=1002(bluetooth) BT Service Call identical 86 lines
10-15 23:03:01.954  6343  6427 D ScanRecord: Not a Multi Manu data
10-15 23:03:02.012  9427  9716 I BatteryMgr:DataCollectionService: stats => 1697403782012,162,4314,160,0,100
10-15 23:03:02.023  3957  4128 D WifiService: getConnectionInfo uid=1000
10-15 23:03:02.123  3957  4129 D WifiStateMachine:  ConnectedState !RSSI_PKTCNT_FETCH uid=1000 rt=405771271/1066169498 0 0 "ourhome" f4:6d:2f:12:cc:88 rssi=-42 f=5240 sc=60 link=433 tx=5.9, 0.0, 0.0  rx=8.0 bcn=84222 [on:0 tx:0 rx:0 period:1000] from screen [on:632961 period:3949098] score=60
10-15 23:03:02.124  9427  9716 I BatteryMgr:DataCollectionService: stats => 1697403782124,162,4314,160,0,100
10-15 23:03:02.127  3957  4129 D WifiStateMachine:  L2ConnectedState !RSSI_PKTCNT_FETCH uid=1000 rt=405771274/1066169501 0 0 "ourhome" f4:6d:2f:12:cc:88 rssi=-42 f=5240 sc=60 link=433 tx=5.9, 0.0, 0.0  rx=8.0 bcn=84222 [on:0 tx:0 rx:0 period:4] from screen [on:632961 period:3949102] score=60
10-15 23:03:02.133  3957  4129 D WifiStateMachine: fetchRssiLinkSpeedAndFrequencyNative rssi=-41 linkspeed=433 freq=5240
10-15 23:03:02.238  9427  9716 I BatteryMgr:DataCollectionService: stats => 1697403782238,162,4314,160,0,100
10-15 23:03:02.349  9427  9716 I BatteryMgr:DataCollectionService: stats => 1697403782349,162,4314,160,0,100
10-15 23:03:02.461  9427  9716 I BatteryMgr:DataCollectionService: stats => 1697403782461,162,4314,160,0,100
10-15 23:03:02.571  9427  9716 I BatteryMgr:DataCollectionService: stats => 1697403782571,162,4314,160,0,100
10-15 23:03:02.680  9427  9716 I BatteryMgr:DataCollectionService: stats => 1697403782680,162,4314,160,0,100
10-15 23:03:02.798  9427  9716 I BatteryMgr:DataCollectionService: stats => 1697403782798,162,4314,160,0,100
10-15 23:03:02.913  9427  9716 I BatteryMgr:DataCollectionService: stats => 1697403782912,162,4314,160,0,100
10-15 23:03:03.024  9427  9716 I BatteryMgr:DataCollectionService: stats => 1697403783024,162,4314,160,0,100
10-15 23:03:03.026  3957  4128 D WifiService: getConnectionInfo uid=1000
10-15 23:03:03.123  3957  4129 D WifiStateMachine:  ConnectedState !RSSI_PKTCNT_FETCH uid=1000 rt=405772272/1066170500 0 0 "ourhome" f4:6d:2f:12:cc:88 rssi=-41 f=5240 sc=60 link=433 tx=5.9, 0.0, 0.0  rx=8.0 bcn=84222 [on:0 tx:0 rx:0 period:997] from screen [on:632961 period:3950099] score=60
10-15 23:03:03.125  3957  4129 D WifiStateMachine:  L2ConnectedState !RSSI_PKTCNT_FETCH uid=1000 rt=405772274/1066170502 0 0 "ourhome" f4:6d:2f:12:cc:88 rssi=-41 f=5240 sc=60 link=433 tx=5.9, 0.0, 0.0  rx=8.0 bcn=84222 [on:0 tx:0 rx:0 period:2] from screen [on:632961 period:3950101] score=60
10-15 23:03:03.132  3957  4129 D WifiStateMachine: fetchRssiLinkSpeedAndFrequencyNative rssi=-41 linkspeed=433 freq=5240
10-15 23:03:03.138  9427  9716 I BatteryMgr:DataCollectionService: stats => 1697403783137,162,4314,160,0,100
10-15 23:03:03.246  9427  9716 I BatteryMgr:DataCollectionService: stats => 1697403783245,162,4314,160,0,100
10-15 23:03:03.356  9427  9716 I BatteryMgr:DataCollectionService: stats => 1697403783356,162,4314,160,0,100
10-15 23:03:03.468  9427  9716 I BatteryMgr:DataCollectionService: stats => 1697403783468,162,4314,160,0,100
10-15 23:03:03.578  9427  9716 I BatteryMgr:DataCollectionService: stats => 1697403783578,162,4314,160,0,100
10-15 23:03:03.685  9427  9716 I BatteryMgr:DataCollectionService: stats => 1697403783685,162,4314,160,0,100
10-15 23:03:03.799  9427  9716 I BatteryMgr:DataCollectionService: stats => 1697403783798,162,4314,160,0,100
10-15 23:03:03.911  9427  9716 I BatteryMgr:DataCollectionService: stats => 1697403783911,162,4314,160,0,100
10-15 23:03:04.024  9427  9716 I BatteryMgr:DataCollectionService: stats => 1697403784023,162,4314,160,0,100
10-15 23:03:04.029  3957  4128 D WifiService: getConnectionInfo uid=1000
10-15 23:03:04.095  3957  4129 D WifiStateMachine:  ConnectedState !CMD_RSSI_POLL rt=405773244/1066171471 52 0 "ourhome" f4:6d:2f:12:cc:88 rssi=-41 f=5240 sc=60 link=433 tx=5.9, 0.0, 0.0  rx=8.0 bcn=84222 [on:0 tx:0 rx:0 period:970] from screen [on:632961 period:3951071] score=60
10-15 23:03:04.098  3957  4129 D WifiStateMachine:  L2ConnectedState !CMD_RSSI_POLL rt=405773246/1066171473 52 0 "ourhome" f4:6d:2f:12:cc:88 rssi=-41 f=5240 sc=60 link=433 tx=5.9, 0.0, 0.0  rx=8.0 bcn=84222 [on:0 tx:0 rx:0 period:3] from screen [on:632961 period:3951074] score=60
10-15 23:03:04.098  3957  4129 D WifiStateMachine:  get link layer stats 3
10-15 23:03:04.099  3436  3436 I android.hardware.wifi@1.0-service: getLinkLayerStats
10-15 23:03:04.104  3957  4129 D WifiStateMachine: fetchRssiLinkSpeedAndFrequencyNative rssi=-42 linkspeed=433 freq=5240
10-15 23:03:04.110  4340  4340 E SignalClusterView: setSlotFocusVisible : subId -2
10-15 23:03:04.110  4340  4340 E SignalClusterView: setSlotFocusVisible : subId -2
10-15 23:03:04.123  3957  4129 D WifiStateMachine:  ConnectedState !RSSI_PKTCNT_FETCH uid=1000 rt=405773273/1066171500 0 0 "ourhome" f4:6d:2f:12:cc:88 rssi=-42 f=5240 sc=60 link=433 tx=2.8, 0.0, 0.0  rx=5.5 bcn=84251 [on:0 tx:0 rx:0 period:14] from screen [on:633180 period:3951099] score=60
10-15 23:03:04.125  3957  4129 D WifiStateMachine:  L2ConnectedState !RSSI_PKTCNT_FETCH uid=1000 rt=405773274/1066171502 0 0 "ourhome" f4:6d:2f:12:cc:88 rssi=-42 f=5240 sc=60 link=433 tx=2.8, 0.0, 0.0  rx=5.5 bcn=84251 [on:0 tx:0 rx:0 period:2] from screen [on:633180 period:3951101] score=60
10-15 23:03:04.127  3957  4129 D WifiStateMachine: fetchRssiLinkSpeedAndFrequencyNative rssi=-42 linkspeed=433 freq=5240
10-15 23:03:04.133  9427  9716 I BatteryMgr:DataCollectionService: stats => 1697403784133,162,4314,160,0,100
10-15 23:03:04.243  9427  9716 I BatteryMgr:DataCollectionService: stats => 1697403784243,162,4314,160,0,100
10-15 23:03:04.356  9427  9716 I BatteryMgr:DataCollectionService: stats => 1697403784356,162,4314,160,0,100
10-15 23:03:04.466  9427  9716 I BatteryMgr:DataCollectionService: stats => 1697403784466,162,4314,160,0,100
10-15 23:03:04.578  9427  9716 I BatteryMgr:DataCollectionService: stats => 1697403784577,162,4314,160,0,100
10-15 23:03:04.688  9427  9716 I BatteryMgr:DataCollectionService: stats => 1697403784688,162,4314,160,0,100
10-15 23:03:04.799  9427  9716 I BatteryMgr:DataCollectionService: stats => 1697403784799,162,4314,160,0,100
10-15 23:03:04.908  9427  9716 I BatteryMgr:DataCollectionService: stats => 1697403784907,162,4314,160,0,100
10-15 23:03:05.016  9427  9716 I BatteryMgr:DataCollectionService: stats => 1697403785016,162,4314,160,0,100
10-15 23:03:05.031  3957  4128 D WifiService: getConnectionInfo uid=1000
10-15 23:03:05.126  3957  4129 D WifiStateMachine:  ConnectedState !RSSI_PKTCNT_FETCH uid=1000 rt=405774275/1066172502 0 0 "ourhome" f4:6d:2f:12:cc:88 rssi=-42 f=5240 sc=60 link=433 tx=2.8, 0.0, 0.0  rx=5.5 bcn=84251 [on:0 tx:0 rx:0 period:1001] from screen [on:633180 period:3952102] score=60
10-15 23:03:05.128  3957  4129 D WifiStateMachine:  L2ConnectedState !RSSI_PKTCNT_FETCH uid=1000 rt=405774277/1066172504 0 0 "ourhome" f4:6d:2f:12:cc:88 rssi=-42 f=5240 sc=60 link=433 tx=2.8, 0.0, 0.0  rx=5.5 bcn=84251 [on:0 tx:0 rx:0 period:2] from screen [on:633180 period:3952104] score=60
10-15 23:03:05.132  9427  9716 I BatteryMgr:DataCollectionService: stats => 1697403785132,162,4314,160,0,100
10-15 23:03:05.135  3957  4129 D WifiStateMachine: fetchRssiLinkSpeedAndFrequencyNative rssi=-41 linkspeed=433 freq=5240
10-15 23:03:05.243  9427  9716 I BatteryMgr:DataCollectionService: stats => 1697403785243,162,4314,160,0,100
10-15 23:03:05.351  9427  9716 I BatteryMgr:DataCollectionService: stats => 1697403785351,162,4314,160,0,100
10-15 23:03:05.467  9427  9716 I BatteryMgr:DataCollectionService: stats => 1697403785467,162,4314,160,0,100
10-15 23:03:05.578  9427  9716 I BatteryMgr:DataCollectionService: stats => 1697403785577,162,4314,160,0,100
10-15 23:03:05.687  9427  9716 I BatteryMgr:DataCollectionService: stats => 1697403785687,162,4314,160,0,100
10-15 23:03:05.797  9427  9716 I BatteryMgr:DataCollectionService: stats => 1697403785797,162,4314,160,0,100
10-15 23:03:05.906  9427  9716 I BatteryMgr:DataCollectionService: stats => 1697403785906,162,4314,160,0,100
10-15 23:03:06.014  9427  9716 I BatteryMgr:DataCollectionService: stats => 1697403786014,162,4314,160,0,100
10-15 23:03:06.034  3957  4128 D WifiService: getConnectionInfo uid=1000
10-15 23:03:06.127  3957  4129 D WifiStateMachine:  ConnectedState !RSSI_PKTCNT_FETCH uid=1000 rt=405775276/1066173504 0 0 "ourhome" f4:6d:2f:12:cc:88 rssi=-41 f=5240 sc=60 link=433 tx=2.8, 0.0, 0.0  rx=5.5 bcn=84251 [on:0 tx:0 rx:0 period:998] from screen [on:633180 period:3953102] score=60
10-15 23:03:06.130  3957  4129 D WifiStateMachine:  L2ConnectedState !RSSI_PKTCNT_FETCH uid=1000 rt=405775278/1066173506 0 0 "ourhome" f4:6d:2f:12:cc:88 rssi=-41 f=5240 sc=60 link=433 tx=2.8, 0.0, 0.0  rx=5.5 bcn=84251 [on:0 tx:0 rx:0 period:3] from screen [on:633180 period:3953105] score=60
10-15 23:03:06.131  9427  9716 I BatteryMgr:DataCollectionService: stats => 1697403786131,162,4314,160,0,100
10-15 23:03:06.136  3957  4129 D WifiStateMachine: fetchRssiLinkSpeedAndFrequencyNative rssi=-41 linkspeed=433 freq=5240
10-15 23:03:06.242  9427  9716 I BatteryMgr:DataCollectionService: stats => 1697403786242,162,4314,160,0,100
10-15 23:03:06.352  9427  9716 I BatteryMgr:DataCollectionService: stats => 1697403786352,162,4314,160,0,100
10-15 23:03:06.460  9427  9716 I BatteryMgr:DataCollectionService: stats => 1697403786460,162,4314,160,0,100
10-15 23:03:06.473  6343  6427 D ScanRecord: Not a Multi Manu data
10-15 23:03:06.567  6343  6427 I chatty  : uid=1002(bluetooth) BT Service Call identical 232 lines
10-15 23:03:06.567  6343  6427 D ScanRecord: Not a Multi Manu data
10-15 23:03:06.572  9427  9716 I BatteryMgr:DataCollectionService: stats => 1697403786571,162,4314,160,0,100
10-15 23:03:06.577  6343  6427 D ScanRecord: Not a Multi Manu data
10-15 23:03:06.676  6343  6427 I chatty  : uid=1002(bluetooth) BT Service Call identical 284 lines
10-15 23:03:06.676  6343  6427 D ScanRecord: Not a Multi Manu data
10-15 23:03:06.682  9427  9716 I BatteryMgr:DataCollectionService: stats => 1697403786682,162,4314,160,0,100
10-15 23:03:06.683  6343  6427 D ScanRecord: Not a Multi Manu data
10-15 23:03:06.786  6343  6427 I chatty  : uid=1002(bluetooth) BT Service Call identical 180 lines
10-15 23:03:06.786  6343  6427 D ScanRecord: Not a Multi Manu data
10-15 23:03:06.792  9427  9716 I BatteryMgr:DataCollectionService: stats => 1697403786792,162,4314,160,0,100
10-15 23:03:06.795  6343  6427 D ScanRecord: Not a Multi Manu data
10-15 23:03:06.892  6343  6427 I chatty  : uid=1002(bluetooth) BT Service Call identical 271 lines
10-15 23:03:06.892  6343  6427 D ScanRecord: Not a Multi Manu data
10-15 23:03:06.900  9427  9716 I BatteryMgr:DataCollectionService: stats => 1697403786900,162,4314,160,0,100
10-15 23:03:06.919  6343  6427 D ScanRecord: Not a Multi Manu data
10-15 23:03:06.927  4961  4961 D io_stats: !@ 179,0 r 5722716 178763716 w 1312189 28361368 d 104191 31750176 f 301670 318443 iot 2500684 2206402 th 51200 0 0 pt 0 inp 0 0 405776.077
10-15 23:03:06.965  6343  6427 I chatty  : uid=1002(bluetooth) BT Service Call identical 63 lines
10-15 23:03:06.965  6343  6427 D ScanRecord: Not a Multi Manu data
10-15 23:03:07.012  9427  9716 I BatteryMgr:DataCollectionService: stats => 1697403787012,162,4314,160,0,100
10-15 23:03:07.036  3957  4128 D WifiService: getConnectionInfo uid=1000
