10-15 23:09:28.876 10118 10390 I BatteryMgr:DataCollectionService: stats => 1697404168876,-545,4314,-510,0,100
10-15 23:09:28.895  4340  4731 V BluetoothEventManager: onReceive :: android.bluetooth.device.action.NAME_CHANGED
10-15 23:09:28.914  6343  6427 D BluetoothUtils: getBtEnabledContainers(): btContainers = []
10-15 23:09:28.917  6343  6354 I zygote64: Background concurrent copying GC freed 49717(1440KB) AllocSpace objects, 0(0B) LOS objects, 71% free, 622KB/2MB, paused 12.996ms total 94.114ms
10-15 23:09:28.924  6343  6427 D BluetoothUtils: getBtEnabledContainers(): btContainers = []
10-15 23:09:28.925  4340  4731 V BluetoothEventManager: onReceive :: android.bluetooth.device.action.CLASS_CHANGED
10-15 23:09:28.930  6343  6427 D ScanRecord: Not a Multi Manu data
10-15 23:09:28.938  6343  6427 I chatty  : uid=1002(bluetooth) BT Service Call identical 50 lines
10-15 23:09:28.938  6343  6427 D ScanRecord: Not a Multi Manu data
10-15 23:09:28.943  3957  4128 D WifiService: getConnectionInfo uid=1000
10-15 23:09:28.956  3957  4129 D WifiStateMachine:  ConnectedState !RSSI_PKTCNT_FETCH uid=1000 rt=406158096/1066556323 0 0 "ourhome" f4:6d:2f:12:cc:88 rssi=-45 f=5240 sc=60 link=433 tx=20.0, 0.5, 0.0  rx=46.3 bcn=87297 [on:0 tx:0 rx:0 period:1008] from screen [on:7917 period:33088] score=60
10-15 23:09:28.958  3957  4129 D WifiStateMachine:  L2ConnectedState !RSSI_PKTCNT_FETCH uid=1000 rt=406158107/1066556334 0 0 "ourhome" f4:6d:2f:12:cc:88 rssi=-45 f=5240 sc=60 link=433 tx=20.0, 0.5, 0.0  rx=46.3 bcn=87297 [on:0 tx:0 rx:0 period:3] from screen [on:7917 period:33091] score=60
10-15 23:09:28.964  3957  4129 D WifiStateMachine: fetchRssiLinkSpeedAndFrequencyNative rssi=-43 linkspeed=433 freq=5240
10-15 23:09:28.992 10118 10390 I BatteryMgr:DataCollectionService: stats => 1697404168992,-545,4314,-510,0,100
10-15 23:09:29.101  3957  4129 D WifiStateMachine:  ConnectedState !CMD_RSSI_POLL rt=406158250/1066556477 54 0 "ourhome" f4:6d:2f:12:cc:88 rssi=-43 f=5240 sc=60 link=433 tx=20.0, 0.5, 0.0  rx=46.3 bcn=87297 [on:0 tx:0 rx:0 period:143] from screen [on:7917 period:33234] score=60
10-15 23:09:29.103  3957  4129 D WifiStateMachine:  L2ConnectedState !CMD_RSSI_POLL rt=406158252/1066556480 54 0 "ourhome" f4:6d:2f:12:cc:88 rssi=-43 f=5240 sc=60 link=433 tx=20.0, 0.5, 0.0  rx=46.3 bcn=87297 [on:0 tx:0 rx:0 period:1] from screen [on:7917 period:33235] score=60
10-15 23:09:29.103  3957  4129 D WifiStateMachine:  get link layer stats 3
10-15 23:09:29.103  3436  3436 I android.hardware.wifi@1.0-service: getLinkLayerStats
10-15 23:09:29.103 10118 10390 I BatteryMgr:DataCollectionService: stats => 1697404169103,-545,4314,-510,0,100
10-15 23:09:29.122  3957  4129 D WifiStateMachine: fetchRssiLinkSpeedAndFrequencyNative rssi=-44 linkspeed=433 freq=5240
10-15 23:09:29.127  4340  4340 E SignalClusterView: setSlotFocusVisible : subId -2
10-15 23:09:29.127  4340  4340 E SignalClusterView: setSlotFocusVisible : subId -2
10-15 23:09:29.218 10118 10390 I BatteryMgr:DataCollectionService: stats => 1697404169218,-545,4314,-510,0,100
10-15 23:09:29.333 10118 10390 I BatteryMgr:DataCollectionService: stats => 1697404169333,-545,4314,-510,0,100
10-15 23:09:29.447 10118 10390 I BatteryMgr:DataCollectionService: stats => 1697404169447,-545,4314,-510,0,100
10-15 23:09:29.560 10118 10390 I BatteryMgr:DataCollectionService: stats => 1697404169560,-545,4314,-510,0,100
10-15 23:09:29.673 10118 10390 I BatteryMgr:DataCollectionService: stats => 1697404169673,-545,4314,-510,0,100
10-15 23:09:29.790 10118 10390 I BatteryMgr:DataCollectionService: stats => 1697404169789,-545,4314,-510,0,100
10-15 23:09:29.908 10118 10390 I BatteryMgr:DataCollectionService: stats => 1697404169908,212,4314,128,0,100
10-15 23:09:29.945  3957  4128 D WifiService: getConnectionInfo uid=1000
10-15 23:09:29.947  3957  4129 D WifiStateMachine:  ConnectedState !RSSI_PKTCNT_FETCH uid=1000 rt=406159097/1066557324 0 0 "ourhome" f4:6d:2f:12:cc:88 rssi=-44 f=5240 sc=60 link=433 tx=7.9, 0.2, 0.0  rx=28.3 bcn=87325 [on:0 tx:0 rx:0 period:821] from screen [on:8723 period:34080] score=60
10-15 23:09:29.950  3957  4129 D WifiStateMachine:  L2ConnectedState !RSSI_PKTCNT_FETCH uid=1000 rt=406159099/1066557326 0 0 "ourhome" f4:6d:2f:12:cc:88 rssi=-44 f=5240 sc=60 link=433 tx=7.9, 0.2, 0.0  rx=28.3 bcn=87325 [on:0 tx:0 rx:0 period:2] from screen [on:8723 period:34082] score=60
10-15 23:09:29.957  3957  4129 D WifiStateMachine: fetchRssiLinkSpeedAndFrequencyNative rssi=-44 linkspeed=433 freq=5240
10-15 23:09:30.020 10118 10390 I BatteryMgr:DataCollectionService: stats => 1697404170020,212,4314,128,0,100
10-15 23:09:30.135 10118 10390 I BatteryMgr:DataCollectionService: stats => 1697404170135,212,4314,128,0,100
10-15 23:09:30.250 10118 10390 I BatteryMgr:DataCollectionService: stats => 1697404170250,212,4314,128,0,100
10-15 23:09:30.361 10118 10390 I BatteryMgr:DataCollectionService: stats => 1697404170361,212,4314,128,0,100
10-15 23:09:30.403  3957  5413 D BatteryService: !@BatteryListener : batteryPropertiesChanged!
10-15 23:09:30.473 10118 10390 I BatteryMgr:DataCollectionService: stats => 1697404170473,212,4314,128,0,100
10-15 23:09:30.587 10118 10390 I BatteryMgr:DataCollectionService: stats => 1697404170587,212,4314,128,0,100
10-15 23:09:30.704 10118 10390 I BatteryMgr:DataCollectionService: stats => 1697404170704,212,4314,128,0,100
10-15 23:09:30.821 10118 10390 I BatteryMgr:DataCollectionService: stats => 1697404170821,212,4314,128,0,100
10-15 23:09:30.940 10118 10390 I BatteryMgr:DataCollectionService: stats => 1697404170940,212,4314,128,0,100
10-15 23:09:30.947  3957  4128 D WifiService: getConnectionInfo uid=1000
10-15 23:09:30.950  3957  4129 D WifiStateMachine:  ConnectedState !RSSI_PKTCNT_FETCH uid=1000 rt=406160097/1066558325 0 0 "ourhome" f4:6d:2f:12:cc:88 rssi=-44 f=5240 sc=60 link=433 tx=7.9, 0.2, 0.0  rx=28.3 bcn=87325 [on:0 tx:0 rx:0 period:1001] from screen [on:8723 period:35083] score=60
10-15 23:09:30.954  3957  4129 D WifiStateMachine:  L2ConnectedState !RSSI_PKTCNT_FETCH uid=1000 rt=406160102/1066558330 0 0 "ourhome" f4:6d:2f:12:cc:88 rssi=-44 f=5240 sc=60 link=433 tx=7.9, 0.2, 0.0  rx=28.3 bcn=87325 [on:0 tx:0 rx:0 period:4] from screen [on:8723 period:35087] score=60
10-15 23:09:30.957  3957  4129 D WifiStateMachine: fetchRssiLinkSpeedAndFrequencyNative rssi=-47 linkspeed=433 freq=5240
10-15 23:09:31.053 10118 10390 I BatteryMgr:DataCollectionService: stats => 1697404171053,212,4314,128,0,100
10-15 23:09:31.164  4340  4731 D NetworkController.MobileSignalController(0/-2): onSignalStrengthsChanged signalStrength=SignalStrength: 27 99 -27 -200 -27 -200 -1 99 2147483647 2147483647 2147483647 2147483647 0 2147483647 0x4 P gsm|lte level=4
10-15 23:09:31.165  4340  4731 D NetworkController.MobileSignalController(0/-2): getMobileIconGroup(): 0
10-15 23:09:31.170 10118 10390 I BatteryMgr:DataCollectionService: stats => 1697404171170,212,4314,128,0,100
10-15 23:09:31.285 10118 10390 I BatteryMgr:DataCollectionService: stats => 1697404171285,212,4314,128,0,100
10-15 23:09:31.398 10118 10390 I BatteryMgr:DataCollectionService: stats => 1697404171398,212,4314,128,0,100
10-15 23:09:31.511 10118 10390 I BatteryMgr:DataCollectionService: stats => 1697404171511,212,4314,128,0,100
10-15 23:09:31.626 10118 10390 I BatteryMgr:DataCollectionService: stats => 1697404171626,212,4314,128,0,100
10-15 23:09:31.740 10118 10390 I BatteryMgr:DataCollectionService: stats => 1697404171740,212,4314,128,0,100
10-15 23:09:31.854 10118 10390 I BatteryMgr:DataCollectionService: stats => 1697404171854,212,4314,128,0,100
10-15 23:09:31.950  3957  4128 D WifiService: getConnectionInfo uid=1000
10-15 23:09:31.953  3957  4129 D WifiStateMachine:  ConnectedState !RSSI_PKTCNT_FETCH uid=1000 rt=406161099/1066559326 0 0 "ourhome" f4:6d:2f:12:cc:88 rssi=-47 f=5240 sc=60 link=433 tx=7.9, 0.2, 0.0  rx=28.3 bcn=87325 [on:0 tx:0 rx:0 period:998] from screen [on:8723 period:36085] score=60
10-15 23:09:31.956  3957  4129 D WifiStateMachine:  L2ConnectedState !RSSI_PKTCNT_FETCH uid=1000 rt=406161104/1066559332 0 0 "ourhome" f4:6d:2f:12:cc:88 rssi=-47 f=5240 sc=60 link=433 tx=7.9, 0.2, 0.0  rx=28.3 bcn=87325 [on:0 tx:0 rx:0 period:4] from screen [on:8723 period:36089] score=60
10-15 23:09:31.960  3957  4129 D WifiStateMachine: fetchRssiLinkSpeedAndFrequencyNative rssi=-47 linkspeed=433 freq=5240
10-15 23:09:31.969 10118 10390 I BatteryMgr:DataCollectionService: stats => 1697404171969,212,4314,128,0,100
10-15 23:09:32.084 10118 10390 I BatteryMgr:DataCollectionService: stats => 1697404172084,212,4314,128,0,100
10-15 23:09:32.124  3957  4129 D WifiStateMachine:  ConnectedState !CMD_RSSI_POLL rt=406161274/1066559502 54 0 "ourhome" f4:6d:2f:12:cc:88 rssi=-47 f=5240 sc=60 link=433 tx=7.9, 0.2, 0.0  rx=28.3 bcn=87325 [on:0 tx:0 rx:0 period:168] from screen [on:8723 period:36257] score=60
10-15 23:09:32.126  3957  4129 D WifiStateMachine:  L2ConnectedState !CMD_RSSI_POLL rt=406161275/1066559503 54 0 "ourhome" f4:6d:2f:12:cc:88 rssi=-47 f=5240 sc=60 link=433 tx=7.9, 0.2, 0.0  rx=28.3 bcn=87325 [on:0 tx:0 rx:0 period:2] from screen [on:8723 period:36259] score=60
10-15 23:09:32.126  3957  4129 D WifiStateMachine:  get link layer stats 3
10-15 23:09:32.127  3436  3436 I android.hardware.wifi@1.0-service: getLinkLayerStats
10-15 23:09:32.145  3957  4129 D WifiStateMachine: fetchRssiLinkSpeedAndFrequencyNative rssi=-47 linkspeed=433 freq=5240
10-15 23:09:32.148  4340  4340 E SignalClusterView: setSlotFocusVisible : subId -2
10-15 23:09:32.148  4340  4340 E SignalClusterView: setSlotFocusVisible : subId -2
10-15 23:09:32.198 10118 10390 I BatteryMgr:DataCollectionService: stats => 1697404172198,212,4314,128,0,100
10-15 23:09:32.230  4961  4961 D io_stats: !@ 179,0 r 5740364 179427836 w 1313769 28406664 d 104389 31779284 f 301838 318637 iot 2508908 2213570 th 51200 0 0 pt 0 inp 0 0 406161.380
10-15 23:09:32.312 10118 10390 I BatteryMgr:DataCollectionService: stats => 1697404172312,212,4314,128,0,100
10-15 23:09:32.424 10118 10390 I BatteryMgr:DataCollectionService: stats => 1697404172424,212,4314,128,0,100
10-15 23:09:32.539 10118 10390 I BatteryMgr:DataCollectionService: stats => 1697404172539,212,4314,128,0,100
10-15 23:09:32.653 10118 10390 I BatteryMgr:DataCollectionService: stats => 1697404172652,212,4314,128,0,100
10-15 23:09:32.766 10118 10390 I BatteryMgr:DataCollectionService: stats => 1697404172766,212,4314,128,0,100
10-15 23:09:32.879 10118 10390 I BatteryMgr:DataCollectionService: stats => 1697404172879,212,4314,128,0,100
10-15 23:09:32.951  3957  4129 D WifiStateMachine:  ConnectedState !RSSI_PKTCNT_FETCH uid=1000 rt=406162100/1066560328 0 0 "ourhome" f4:6d:2f:12:cc:88 rssi=-47 f=5240 sc=60 link=433 tx=2.9, 0.1, 0.0  rx=17.3 bcn=87353 [on:0 tx:0 rx:0 period:804] from screen [on:9005 period:37084] score=60
10-15 23:09:32.953  3957  4128 D WifiService: getConnectionInfo uid=1000
10-15 23:09:32.957  3957  4129 D WifiStateMachine:  L2ConnectedState !RSSI_PKTCNT_FETCH uid=1000 rt=406162102/1066560329 0 0 "ourhome" f4:6d:2f:12:cc:88 rssi=-47 f=5240 sc=60 link=433 tx=2.9, 0.1, 0.0  rx=17.3 bcn=87353 [on:0 tx:0 rx:0 period:1] from screen [on:9005 period:37085] score=60
10-15 23:09:32.959  3957  4129 D WifiStateMachine: fetchRssiLinkSpeedAndFrequencyNative rssi=-46 linkspeed=433 freq=5240
10-15 23:09:32.995 10118 10390 I BatteryMgr:DataCollectionService: stats => 1697404172994,212,4314,128,0,100
10-15 23:09:33.110 10118 10390 I BatteryMgr:DataCollectionService: stats => 1697404173110,212,4314,128,0,100
10-15 23:09:33.222 10118 10390 I BatteryMgr:DataCollectionService: stats => 1697404173222,212,4314,128,0,100
10-15 23:09:33.338 10118 10390 I BatteryMgr:DataCollectionService: stats => 1697404173338,212,4314,128,0,100
10-15 23:09:33.397  6343  6427 D ScanRecord: Not a Multi Manu data
10-15 23:09:33.451  6343  6427 I chatty  : uid=1002(bluetooth) BT Service Call identical 115 lines
10-15 23:09:33.452  6343  6427 D ScanRecord: Not a Multi Manu data
10-15 23:09:33.452 10118 10390 I BatteryMgr:DataCollectionService: stats => 1697404173452,212,4314,128,0,100
10-15 23:09:33.479  6343  6427 D ScanRecord: Not a Multi Manu data
10-15 23:09:33.539  6343  6427 I chatty  : uid=1002(bluetooth) BT Service Call identical 115 lines
10-15 23:09:33.539  6343  6427 D ScanRecord: Not a Multi Manu data
10-15 23:09:33.564 10118 10390 I BatteryMgr:DataCollectionService: stats => 1697404173564,212,4314,128,0,100
10-15 23:09:33.590  6343  6427 D ScanRecord: Not a Multi Manu data
10-15 23:09:33.664  6343  6427 I chatty  : uid=1002(bluetooth) BT Service Call identical 76 lines
10-15 23:09:33.664  6343  6427 D ScanRecord: Not a Multi Manu data
10-15 23:09:33.677 10118 10390 I BatteryMgr:DataCollectionService: stats => 1697404173677,212,4314,128,0,100
10-15 23:09:33.690  6343  6427 D ScanRecord: Not a Multi Manu data
10-15 23:09:33.780  6343  6427 I chatty  : uid=1002(bluetooth) BT Service Call identical 89 lines
10-15 23:09:33.780  6343  6427 D ScanRecord: Not a Multi Manu data
10-15 23:09:33.792 10118 10390 I BatteryMgr:DataCollectionService: stats => 1697404173792,212,4314,128,0,100
10-15 23:09:33.798  6343  6427 D ScanRecord: Not a Multi Manu data
10-15 23:09:33.881  6343  6427 I chatty  : uid=1002(bluetooth) BT Service Call identical 89 lines
10-15 23:09:33.881  6343  6427 D ScanRecord: Not a Multi Manu data
10-15 23:09:33.906 10118 10390 I BatteryMgr:DataCollectionService: stats => 1697404173906,212,4314,128,0,100
10-15 23:09:33.953  3957  4129 D WifiStateMachine:  ConnectedState !RSSI_PKTCNT_FETCH uid=1000 rt=406163102/1066561330 0 0 "ourhome" f4:6d:2f:12:cc:88 rssi=-46 f=5240 sc=60 link=433 tx=2.9, 0.1, 0.0  rx=17.3 bcn=87353 [on:0 tx:0 rx:0 period:1001] from screen [on:9005 period:38086] score=60
10-15 23:09:33.955  3957  4129 D WifiStateMachine:  L2ConnectedState !RSSI_PKTCNT_FETCH uid=1000 rt=406163104/1066561332 0 0 "ourhome" f4:6d:2f:12:cc:88 rssi=-46 f=5240 sc=60 link=433 tx=2.9, 0.1, 0.0  rx=17.3 bcn=87353 [on:0 tx:0 rx:0 period:1] from screen [on:9005 period:38087] score=60
10-15 23:09:33.956  3957  4128 D WifiService: getConnectionInfo uid=1000
10-15 23:09:33.957  3957  4129 D WifiStateMachine: fetchRssiLinkSpeedAndFrequencyNative rssi=-47 linkspeed=433 freq=5240
10-15 23:09:34.021 10118 10390 I BatteryMgr:DataCollectionService: stats => 1697404174021,212,4314,128,0,100
10-15 23:09:34.132 10118 10390 I BatteryMgr:DataCollectionService: stats => 1697404174132,212,4314,128,0,100
10-15 23:09:34.245 10118 10390 I BatteryMgr:DataCollectionService: stats => 1697404174245,212,4314,128,0,100
10-15 23:09:34.354 10118 10390 I BatteryMgr:DataCollectionService: stats => 1697404174354,212,4314,128,0,100
10-15 23:09:34.467 10118 10390 I BatteryMgr:DataCollectionService: stats => 1697404174466,212,4314,128,0,100
10-15 23:09:34.577 10118 10390 I BatteryMgr:DataCollectionService: stats => 1697404174577,212,4314,128,0,100
10-15 23:09:34.691 10118 10390 I BatteryMgr:DataCollectionService: stats => 1697404174691,212,4314,128,0,100
10-15 23:09:34.803 10118 10390 I BatteryMgr:DataCollectionService: stats => 1697404174803,212,4314,128,0,100
10-15 23:09:34.915 10118 10390 I BatteryMgr:DataCollectionService: stats => 1697404174915,212,4314,128,0,100
10-15 23:09:34.956  3957  4129 D WifiStateMachine:  ConnectedState !RSSI_PKTCNT_FETCH uid=1000 rt=406164105/1066562333 0 0 "ourhome" f4:6d:2f:12:cc:88 rssi=-47 f=5240 sc=60 link=433 tx=2.9, 0.1, 0.0  rx=17.3 bcn=87353 [on:0 tx:0 rx:0 period:1002] from screen [on:9005 period:39089] score=60
10-15 23:09:34.958  3957  4128 D WifiService: getConnectionInfo uid=1000
10-15 23:09:34.958  3957  4129 D WifiStateMachine:  L2ConnectedState !RSSI_PKTCNT_FETCH uid=1000 rt=406164107/1066562335 0 0 "ourhome" f4:6d:2f:12:cc:88 rssi=-47 f=5240 sc=60 link=433 tx=2.9, 0.1, 0.0  rx=17.3 bcn=87353 [on:0 tx:0 rx:0 period:2] from screen [on:9005 period:39091] score=60
10-15 23:09:34.966  3957  4129 D WifiStateMachine: fetchRssiLinkSpeedAndFrequencyNative rssi=-46 linkspeed=433 freq=5240
10-15 23:09:35.031 10118 10390 I BatteryMgr:DataCollectionService: stats => 1697404175030,212,4314,128,0,100
10-15 23:09:35.146 10118 10390 I BatteryMgr:DataCollectionService: stats => 1697404175146,212,4314,128,0,100
10-15 23:09:35.148  3957  4129 D WifiStateMachine:  ConnectedState !CMD_RSSI_POLL rt=406164297/1066562525 54 0 "ourhome" f4:6d:2f:12:cc:88 rssi=-46 f=5240 sc=60 link=433 tx=2.9, 0.1, 0.0  rx=17.3 bcn=87353 [on:0 tx:0 rx:0 period:190] from screen [on:9005 period:39281] score=60
10-15 23:09:35.150  3957  4129 D WifiStateMachine:  L2ConnectedState !CMD_RSSI_POLL rt=406164299/1066562527 54 0 "ourhome" f4:6d:2f:12:cc:88 rssi=-46 f=5240 sc=60 link=433 tx=2.9, 0.1, 0.0  rx=17.3 bcn=87353 [on:0 tx:0 rx:0 period:2] from screen [on:9005 period:39283] score=60
10-15 23:09:35.150  3957  4129 D WifiStateMachine:  get link layer stats 3
10-15 23:09:35.150  3436  3436 I android.hardware.wifi@1.0-service: getLinkLayerStats
10-15 23:09:35.169  3957  4129 D WifiStateMachine: fetchRssiLinkSpeedAndFrequencyNative rssi=-45 linkspeed=433 freq=5240
10-15 23:09:35.173  4340  4340 E SignalClusterView: setSlotFocusVisible : subId -2
10-15 23:09:35.174  4340  4340 E SignalClusterView: setSlotFocusVisible : subId -2
10-15 23:09:35.261 10118 10390 I BatteryMgr:DataCollectionService: stats => 1697404175261,212,4314,128,0,100
10-15 23:09:35.375 10118 10123 I zygote64: Do partial code cache collection, code=61KB, data=48KB
10-15 23:09:35.375 10118 10390 I BatteryMgr:DataCollectionService: stats => 1697404175375,212,4314,128,0,100
10-15 23:09:35.377 10118 10123 I zygote64: After code cache collection, code=61KB, data=48KB
10-15 23:09:35.378 10118 10123 I zygote64: Increasing code cache capacity to 256KB
10-15 23:09:35.491 10118 10390 I BatteryMgr:DataCollectionService: stats => 1697404175491,212,4314,128,0,100
10-15 23:09:35.603 10118 10390 I BatteryMgr:DataCollectionService: stats => 1697404175603,212,4314,128,0,100
10-15 23:09:35.718 10118 10390 I BatteryMgr:DataCollectionService: stats => 1697404175718,212,4314,128,0,100
10-15 23:09:35.834 10118 10390 I BatteryMgr:DataCollectionService: stats => 1697404175834,212,4314,128,0,100
10-15 23:09:35.949 10118 10390 I BatteryMgr:DataCollectionService: stats => 1697404175949,212,4314,128,0,100
10-15 23:09:35.957  3957  4129 D WifiStateMachine:  ConnectedState !RSSI_PKTCNT_FETCH uid=1000 rt=406165106/1066563334 0 0 "ourhome" f4:6d:2f:12:cc:88 rssi=-45 f=5240 sc=60 link=433 tx=3.6, 0.0, 0.0  rx=15.2 bcn=87380 [on:0 tx:0 rx:0 period:785] from screen [on:10750 period:40090] score=60
10-15 23:09:35.958  3957  4129 D WifiStateMachine:  L2ConnectedState !RSSI_PKTCNT_FETCH uid=1000 rt=406165108/1066563336 0 0 "ourhome" f4:6d:2f:12:cc:88 rssi=-45 f=5240 sc=60 link=433 tx=3.6, 0.0, 0.0  rx=15.2 bcn=87380 [on:0 tx:0 rx:0 period:1] from screen [on:10750 period:40091] score=60
10-15 23:09:35.961  3957  4128 D WifiService: getConnectionInfo uid=1000
10-15 23:09:35.965  3957  4129 D WifiStateMachine: fetchRssiLinkSpeedAndFrequencyNative rssi=-44 linkspeed=433 freq=5240
10-15 23:09:36.005  3957  6478 D SSRM:k  : SIOP:: AP = 360, PST = 350 (W:24), BAT = 320, USB = 0, CHG = 0
10-15 23:09:36.047  3957  4030 D SensorService: [SO] 0.096 -0.067 9.979
10-15 23:09:36.062 10118 10390 I BatteryMgr:DataCollectionService: stats => 1697404176062,212,4314,128,0,100
10-15 23:09:36.176 10118 10390 I BatteryMgr:DataCollectionService: stats => 1697404176176,212,4314,128,0,100
10-15 23:09:36.288 10118 10390 I BatteryMgr:DataCollectionService: stats => 1697404176288,212,4314,128,0,100
10-15 23:09:36.402 10118 10390 I BatteryMgr:DataCollectionService: stats => 1697404176402,212,4314,128,0,100
10-15 23:09:36.515 10118 10390 I BatteryMgr:DataCollectionService: stats => 1697404176515,212,4314,128,0,100
10-15 23:09:36.629 10118 10390 I BatteryMgr:DataCollectionService: stats => 1697404176629,212,4314,128,0,100
10-15 23:09:36.748 10118 10390 I BatteryMgr:DataCollectionService: stats => 1697404176748,212,4314,128,0,100
10-15 23:09:36.858 10118 10390 I BatteryMgr:DataCollectionService: stats => 1697404176858,212,4314,128,0,100
10-15 23:09:36.960  3957  4129 D WifiStateMachine:  ConnectedState !RSSI_PKTCNT_FETCH uid=1000 rt=406166109/1066564336 0 0 "ourhome" f4:6d:2f:12:cc:88 rssi=-44 f=5240 sc=60 link=433 tx=3.6, 0.0, 0.0  rx=15.2 bcn=87380 [on:0 tx:0 rx:0 period:1001] from screen [on:10750 period:41092] score=60
10-15 23:09:36.962  3957  4129 D WifiStateMachine:  L2ConnectedState !RSSI_PKTCNT_FETCH uid=1000 rt=406166111/1066564338 0 0 "ourhome" f4:6d:2f:12:cc:88 rssi=-44 f=5240 sc=60 link=433 tx=3.6, 0.0, 0.0  rx=15.2 bcn=87380 [on:0 tx:0 rx:0 period:3] from screen [on:10750 period:41095] score=60
10-15 23:09:36.964  3957  4128 D WifiService: getConnectionInfo uid=1000
10-15 23:09:36.968  3957  4129 D WifiStateMachine: fetchRssiLinkSpeedAndFrequencyNative rssi=-45 linkspeed=433 freq=5240
10-15 23:09:36.975 10118 10390 I BatteryMgr:DataCollectionService: stats => 1697404176974,212,4314,128,0,100
10-15 23:09:37.088 10118 10390 I BatteryMgr:DataCollectionService: stats => 1697404177088,212,4314,128,0,100
10-15 23:09:37.203 10118 10390 I BatteryMgr:DataCollectionService: stats => 1697404177203,212,4314,128,0,100
10-15 23:09:37.233  4961  4961 D io_stats: !@ 179,0 r 5740457 179430716 w 1313791 28406832 d 104389 31779284 f 301838 318637 iot 2508956 2213611 th 51200 0 0 pt 0 inp 0 0 406166.383
10-15 23:09:37.317 10118 10390 I BatteryMgr:DataCollectionService: stats => 1697404177317,212,4314,128,0,100
10-15 23:09:37.428 10118 10390 I BatteryMgr:DataCollectionService: stats => 1697404177428,212,4314,128,0,100
10-15 23:09:37.545 10118 10390 I BatteryMgr:DataCollectionService: stats => 1697404177544,212,4314,128,0,100
10-15 23:09:37.657 10118 10390 I BatteryMgr:DataCollectionService: stats => 1697404177657,212,4314,128,0,100
10-15 23:09:37.769 10118 10390 I BatteryMgr:DataCollectionService: stats => 1697404177769,212,4314,128,0,100
10-15 23:09:37.885 10118 10390 I BatteryMgr:DataCollectionService: stats => 1697404177884,212,4314,128,0,100
10-15 23:09:37.962  3957  4129 D WifiStateMachine:  ConnectedState !RSSI_PKTCNT_FETCH uid=1000 rt=406167111/1066565338 0 0 "ourhome" f4:6d:2f:12:cc:88 rssi=-45 f=5240 sc=60 link=433 tx=3.6, 0.0, 0.0  rx=15.2 bcn=87380 [on:0 tx:0 rx:0 period:999] from screen [on:10750 period:42094] score=60
10-15 23:09:37.964  3957  4129 D WifiStateMachine:  L2ConnectedState !RSSI_PKTCNT_FETCH uid=1000 rt=406167113/1066565340 0 0 "ourhome" f4:6d:2f:12:cc:88 rssi=-45 f=5240 sc=60 link=433 tx=3.6, 0.0, 0.0  rx=15.2 bcn=87380 [on:0 tx:0 rx:0 period:3] from screen [on:10750 period:42097] score=60
10-15 23:09:37.967  3957  4128 D WifiService: getConnectionInfo uid=1000
10-15 23:09:37.971  3957  4129 D WifiStateMachine: fetchRssiLinkSpeedAndFrequencyNative rssi=-46 linkspeed=433 freq=5240
10-15 23:09:37.998 10118 10390 I BatteryMgr:DataCollectionService: stats => 1697404177998,212,4314,128,0,100
10-15 23:09:38.115 10118 10390 I BatteryMgr:DataCollectionService: stats => 1697404178114,212,4314,128,0,100
10-15 23:09:38.172  3957  4129 D WifiStateMachine:  ConnectedState !CMD_RSSI_POLL rt=406167322/1066565549 54 0 "ourhome" f4:6d:2f:12:cc:88 rssi=-46 f=5240 sc=60 link=433 tx=3.6, 0.0, 0.0  rx=15.2 bcn=87380 [on:0 tx:0 rx:0 period:208] from screen [on:10750 period:42305] score=60
10-15 23:09:38.174  3957  4129 D WifiStateMachine:  L2ConnectedState !CMD_RSSI_POLL rt=406167323/1066565551 54 0 "ourhome" f4:6d:2f:12:cc:88 rssi=-46 f=5240 sc=60 link=433 tx=3.6, 0.0, 0.0  rx=15.2 bcn=87380 [on:0 tx:0 rx:0 period:2] from screen [on:10750 period:42307] score=60
10-15 23:09:38.174  3957  4129 D WifiStateMachine:  get link layer stats 3
10-15 23:09:38.174  3436  3436 I android.hardware.wifi@1.0-service: getLinkLayerStats
10-15 23:09:38.194  3957  4129 D WifiStateMachine: fetchRssiLinkSpeedAndFrequencyNative rssi=-46 linkspeed=433 freq=5240
10-15 23:09:38.198  4340  4340 E SignalClusterView: setSlotFocusVisible : subId -2
10-15 23:09:38.198  4340  4340 E SignalClusterView: setSlotFocusVisible : subId -2
10-15 23:09:38.228 10118 10390 I BatteryMgr:DataCollectionService: stats => 1697404178228,212,4314,128,0,100
10-15 23:09:38.340 10118 10390 I BatteryMgr:DataCollectionService: stats => 1697404178339,212,4314,128,0,100
10-15 23:09:38.400  6343  6427 D ScanRecord: Not a Multi Manu data
10-15 23:09:38.453  6343  6427 I chatty  : uid=1002(bluetooth) BT Service Call identical 191 lines
10-15 23:09:38.453  6343  6427 D ScanRecord: Not a Multi Manu data
10-15 23:09:38.453 10118 10390 I BatteryMgr:DataCollectionService: stats => 1697404178453,212,4314,128,0,100
10-15 23:09:38.453  6343  6427 D ScanRecord: Not a Multi Manu data
10-15 23:09:38.562  6343  6427 I chatty  : uid=1002(bluetooth) BT Service Call identical 208 lines
10-15 23:09:38.562  6343  6427 D ScanRecord: Not a Multi Manu data
10-15 23:09:38.564 10118 10390 I BatteryMgr:DataCollectionService: stats => 1697404178564,212,4314,128,0,100
10-15 23:09:38.582  6343  6427 D ScanRecord: Not a Multi Manu data
10-15 23:09:38.660  6343  6427 I chatty  : uid=1002(bluetooth) BT Service Call identical 180 lines
10-15 23:09:38.661  6343  6427 D ScanRecord: Not a Multi Manu data
10-15 23:09:38.674 10118 10390 I BatteryMgr:DataCollectionService: stats => 1697404178674,212,4314,128,0,100
10-15 23:09:38.676  6343  6427 D ScanRecord: Not a Multi Manu data
10-15 23:09:38.787  6343  6427 I chatty  : uid=1002(bluetooth) BT Service Call identical 193 lines
10-15 23:09:38.787  6343  6427 D ScanRecord: Not a Multi Manu data
10-15 23:09:38.787 10118 10390 I BatteryMgr:DataCollectionService: stats => 1697404178787,212,4314,128,0,100
10-15 23:09:38.794  6343  6427 D ScanRecord: Not a Multi Manu data
10-15 23:09:38.874  6343  6427 I chatty  : uid=1002(bluetooth) BT Service Call identical 271 lines
10-15 23:09:38.874  6343  6427 D ScanRecord: Not a Multi Manu data
10-15 23:09:38.899 10118 10390 I BatteryMgr:DataCollectionService: stats => 1697404178899,212,4314,128,0,100
10-15 23:09:38.962  3957  4129 D WifiStateMachine:  ConnectedState !RSSI_PKTCNT_FETCH uid=1000 rt=406168111/1066566338 0 0 "ourhome" f4:6d:2f:12:cc:88 rssi=-46 f=5240 sc=60 link=433 tx=1.3, 0.0, 0.0  rx=8.1 bcn=87408 [on:0 tx:0 rx:0 period:765] from screen [on:10934 period:43095] score=60
10-15 23:09:38.964  3957  4129 D WifiStateMachine:  L2ConnectedState !RSSI_PKTCNT_FETCH uid=1000 rt=406168113/1066566341 0 0 "ourhome" f4:6d:2f:12:cc:88 rssi=-46 f=5240 sc=60 link=433 tx=1.3, 0.0, 0.0  rx=8.1 bcn=87408 [on:0 tx:0 rx:0 period:1] from screen [on:10934 period:43096] score=60
10-15 23:09:38.969  3957  4128 D WifiService: getConnectionInfo uid=1000
10-15 23:09:38.971  3957  4129 D WifiStateMachine: fetchRssiLinkSpeedAndFrequencyNative rssi=-44 linkspeed=433 freq=5240
10-15 23:09:39.011 10118 10390 I BatteryMgr:DataCollectionService: stats => 1697404179010,212,4314,128,0,100
10-15 23:09:39.130 10118 10390 I BatteryMgr:DataCollectionService: stats => 1697404179130,212,4314,128,0,100
10-15 23:09:39.244 10118 10390 I BatteryMgr:DataCollectionService: stats => 1697404179244,212,4314,128,0,100
10-15 23:09:39.356 10118 10390 I BatteryMgr:DataCollectionService: stats => 1697404179355,212,4314,128,0,100
10-15 23:09:39.467 10118 10390 I BatteryMgr:DataCollectionService: stats => 1697404179467,212,4314,128,0,100
10-15 23:09:39.579 10118 10390 I BatteryMgr:DataCollectionService: stats => 1697404179579,212,4314,128,0,100
10-15 23:09:39.692 10118 10390 I BatteryMgr:DataCollectionService: stats => 1697404179692,212,4314,128,0,100
10-15 23:09:39.806 10118 10390 I BatteryMgr:DataCollectionService: stats => 1697404179806,212,4314,128,0,100
10-15 23:09:39.916 10118 10390 I BatteryMgr:DataCollectionService: stats => 1697404179916,212,4314,128,0,100
10-15 23:09:39.963  3957  4129 D WifiStateMachine:  ConnectedState !RSSI_PKTCNT_FETCH uid=1000 rt=406169111/1066567339 0 0 "ourhome" f4:6d:2f:12:cc:88 rssi=-44 f=5240 sc=60 link=433 tx=1.3, 0.0, 0.0  rx=8.1 bcn=87408 [on:0 tx:0 rx:0 period:1000] from screen [on:10934 period:44096] score=60
10-15 23:09:39.965  3957  4129 D WifiStateMachine:  L2ConnectedState !RSSI_PKTCNT_FETCH uid=1000 rt=406169114/1066567342 0 0 "ourhome" f4:6d:2f:12:cc:88 rssi=-44 f=5240 sc=60 link=433 tx=1.3, 0.0, 0.0  rx=8.1 bcn=87408 [on:0 tx:0 rx:0 period:2] from screen [on:10934 period:44098] score=60
10-15 23:09:39.971  3957  4128 D WifiService: getConnectionInfo uid=1000
10-15 23:09:39.972  3957  4129 D WifiStateMachine: fetchRssiLinkSpeedAndFrequencyNative rssi=-44 linkspeed=433 freq=5240
10-15 23:09:40.028 10118 10390 I BatteryMgr:DataCollectionService: stats => 1697404180027,212,4314,128,0,100
10-15 23:09:40.139 10118 10390 I BatteryMgr:DataCollectionService: stats => 1697404180139,212,4314,128,0,100
10-15 23:09:40.252 10118 10390 I BatteryMgr:DataCollectionService: stats => 1697404180251,212,4314,128,0,100
10-15 23:09:40.365 10118 10390 I BatteryMgr:DataCollectionService: stats => 1697404180364,212,4314,128,0,100
10-15 23:09:40.476 10118 10390 I BatteryMgr:DataCollectionService: stats => 1697404180476,221,4314,195,0,100
10-15 23:09:40.586 10118 10390 I BatteryMgr:DataCollectionService: stats => 1697404180586,221,4314,195,0,100
10-15 23:09:40.696 10118 10390 I BatteryMgr:DataCollectionService: stats => 1697404180696,221,4314,195,0,100
10-15 23:09:40.809 10118 10390 I BatteryMgr:DataCollectionService: stats => 1697404180809,221,4314,195,0,100
10-15 23:09:40.922 10118 10390 I BatteryMgr:DataCollectionService: stats => 1697404180922,221,4314,195,0,100
10-15 23:09:40.945  3957  5413 D BatteryService: !@BatteryListener : batteryPropertiesChanged!
10-15 23:09:40.964  3957  4129 D WifiStateMachine:  ConnectedState !RSSI_PKTCNT_FETCH uid=1000 rt=406170113/1066568341 0 0 "ourhome" f4:6d:2f:12:cc:88 rssi=-44 f=5240 sc=60 link=433 tx=1.3, 0.0, 0.0  rx=8.1 bcn=87408 [on:0 tx:0 rx:0 period:999] from screen [on:10934 period:45097] score=60
10-15 23:09:40.966  3957  4129 D WifiStateMachine:  L2ConnectedState !RSSI_PKTCNT_FETCH uid=1000 rt=406170115/1066568342 0 0 "ourhome" f4:6d:2f:12:cc:88 rssi=-44 f=5240 sc=60 link=433 tx=1.3, 0.0, 0.0  rx=8.1 bcn=87408 [on:0 tx:0 rx:0 period:2] from screen [on:10934 period:45099] score=60
10-15 23:09:40.969  3957  4129 D WifiStateMachine: fetchRssiLinkSpeedAndFrequencyNative rssi=-43 linkspeed=433 freq=5240
10-15 23:09:40.974  3957  4128 D WifiService: getConnectionInfo uid=1000
10-15 23:09:41.032 10118 10390 I BatteryMgr:DataCollectionService: stats => 1697404181032,221,4314,195,0,100
10-15 23:09:41.144 10118 10390 I BatteryMgr:DataCollectionService: stats => 1697404181144,221,4314,195,0,100
10-15 23:09:41.198  3957  4129 D WifiStateMachine:  ConnectedState !CMD_RSSI_POLL rt=406170346/1066568574 54 0 "ourhome" f4:6d:2f:12:cc:88 rssi=-43 f=5240 sc=60 link=433 tx=1.3, 0.0, 0.0  rx=8.1 bcn=87408 [on:0 tx:0 rx:0 period:231] from screen [on:10934 period:45330] score=60
10-15 23:09:41.200  3957  4129 D WifiStateMachine:  L2ConnectedState !CMD_RSSI_POLL rt=406170349/1066568576 54 0 "ourhome" f4:6d:2f:12:cc:88 rssi=-43 f=5240 sc=60 link=433 tx=1.3, 0.0, 0.0  rx=8.1 bcn=87408 [on:0 tx:0 rx:0 period:2] from screen [on:10934 period:45332] score=60
10-15 23:09:41.200  3957  4129 D WifiStateMachine:  get link layer stats 3
10-15 23:09:41.201  3436  3436 I android.hardware.wifi@1.0-service: getLinkLayerStats
10-15 23:09:41.219  3957  4129 D WifiStateMachine: fetchRssiLinkSpeedAndFrequencyNative rssi=-44 linkspeed=433 freq=5240
10-15 23:09:41.225  4340  4340 E SignalClusterView: setSlotFocusVisible : subId -2
10-15 23:09:41.225  4340  4340 E SignalClusterView: setSlotFocusVisible : subId -2
10-15 23:09:41.256 10118 10390 I BatteryMgr:DataCollectionService: stats => 1697404181256,221,4314,195,0,100
10-15 23:09:41.365 10118 10390 I BatteryMgr:DataCollectionService: stats => 1697404181365,221,4314,195,0,100
10-15 23:09:41.479 10118 10390 I BatteryMgr:DataCollectionService: stats => 1697404181479,221,4314,195,0,100
10-15 23:09:41.591 10118 10390 I BatteryMgr:DataCollectionService: stats => 1697404181591,221,4314,195,0,100
10-15 23:09:41.708 10118 10390 I BatteryMgr:DataCollectionService: stats => 1697404181708,221,4314,195,0,100
10-15 23:09:41.818 10118 10390 I BatteryMgr:DataCollectionService: stats => 1697404181818,221,4314,195,0,100
10-15 23:09:41.928 10118 10390 I BatteryMgr:DataCollectionService: stats => 1697404181927,221,4314,195,0,100
10-15 23:09:41.965  3957  4129 D WifiStateMachine:  ConnectedState !RSSI_PKTCNT_FETCH uid=1000 rt=406171115/1066569342 0 0 "ourhome" f4:6d:2f:12:cc:88 rssi=-44 f=5240 sc=60 link=433 tx=0.5, 0.0, 0.0  rx=3.0 bcn=87437 [on:0 tx:0 rx:0 period:742] from screen [on:11025 period:46098] score=60
10-15 23:09:41.969  3957  4129 D WifiStateMachine:  L2ConnectedState !RSSI_PKTCNT_FETCH uid=1000 rt=406171116/1066569344 0 0 "ourhome" f4:6d:2f:12:cc:88 rssi=-44 f=5240 sc=60 link=433 tx=0.5, 0.0, 0.0  rx=3.0 bcn=87437 [on:0 tx:0 rx:0 period:3] from screen [on:11025 period:46101] score=60
10-15 23:09:41.976  3957  4128 D WifiService: getConnectionInfo uid=1000
10-15 23:09:41.976  3957  4129 D WifiStateMachine: fetchRssiLinkSpeedAndFrequencyNative rssi=-43 linkspeed=433 freq=5240
10-15 23:09:42.040 10118 10390 I BatteryMgr:DataCollectionService: stats => 1697404182040,221,4314,195,0,100
10-15 23:09:42.155 10118 10390 I BatteryMgr:DataCollectionService: stats => 1697404182155,221,4314,195,0,100
10-15 23:09:42.237  4961  4961 D io_stats: !@ 179,0 r 5740651 179440580 w 1313801 28406984 d 104390 31779356 f 301839 318638 iot 2509044 2213699 th 51200 0 0 pt 0 inp 0 0 406171.387
10-15 23:09:42.272 10118 10390 I BatteryMgr:DataCollectionService: stats => 1697404182272,221,4314,195,0,100
10-15 23:09:42.384 10118 10390 I BatteryMgr:DataCollectionService: stats => 1697404182384,221,4314,195,0,100
10-15 23:09:42.495 10118 10390 I BatteryMgr:DataCollectionService: stats => 1697404182495,221,4314,195,0,100
10-15 23:09:42.608 10118 10390 I BatteryMgr:DataCollectionService: stats => 1697404182608,221,4314,195,0,100
10-15 23:09:42.719 10118 10390 I BatteryMgr:DataCollectionService: stats => 1697404182719,221,4314,195,0,100
10-15 23:09:42.832 10118 10390 I BatteryMgr:DataCollectionService: stats => 1697404182832,221,4314,195,0,100
10-15 23:09:42.897 10163 10384 I SessionStorage/AutoSave: Save: Periodic
10-15 23:09:42.944 10118 10390 I BatteryMgr:DataCollectionService: stats => 1697404182944,221,4314,195,0,100
10-15 23:09:42.968  3957  4129 D WifiStateMachine:  ConnectedState !RSSI_PKTCNT_FETCH uid=1000 rt=406172116/1066570344 0 0 "ourhome" f4:6d:2f:12:cc:88 rssi=-43 f=5240 sc=60 link=433 tx=0.5, 0.0, 0.0  rx=3.0 bcn=87437 [on:0 tx:0 rx:0 period:999] from screen [on:11025 period:47100] score=60
10-15 23:09:42.971  3957  4129 D WifiStateMachine:  L2ConnectedState !RSSI_PKTCNT_FETCH uid=1000 rt=406172119/1066570347 0 0 "ourhome" f4:6d:2f:12:cc:88 rssi=-43 f=5240 sc=60 link=433 tx=0.5, 0.0, 0.0  rx=3.0 bcn=87437 [on:0 tx:0 rx:0 period:3] from screen [on:11025 period:47103] score=60
10-15 23:09:42.973  3957  4129 D WifiStateMachine: fetchRssiLinkSpeedAndFrequencyNative rssi=-44 linkspeed=433 freq=5240
10-15 23:09:42.978  3957  4128 D WifiService: getConnectionInfo uid=1000
10-15 23:09:43.056 10118 10390 I BatteryMgr:DataCollectionService: stats => 1697404183056,221,4314,195,0,100
10-15 23:09:43.172 10118 10390 I BatteryMgr:DataCollectionService: stats => 1697404183172,221,4314,195,0,100
10-15 23:09:43.291 10118 10390 I BatteryMgr:DataCollectionService: stats => 1697404183291,221,4314,195,0,100
10-15 23:09:43.391  6343  6427 D ScanRecord: Not a Multi Manu data
10-15 23:09:43.391  6343  6427 I chatty  : uid=1002(bluetooth) BT Service Call identical 11 lines
10-15 23:09:43.391  6343  6427 D ScanRecord: Not a Multi Manu data
10-15 23:09:43.408 10118 10390 I BatteryMgr:DataCollectionService: stats => 1697404183407,221,4314,195,0,100
10-15 23:09:43.408  6343  6427 D ScanRecord: Not a Multi Manu data
10-15 23:09:43.514  6343  6427 I chatty  : uid=1002(bluetooth) BT Service Call identical 206 lines
10-15 23:09:43.514  6343  6427 D ScanRecord: Not a Multi Manu data
10-15 23:09:43.518 10118 10390 I BatteryMgr:DataCollectionService: stats => 1697404183518,221,4314,195,0,100
10-15 23:09:43.524  6343  6427 D ScanRecord: Not a Multi Manu data
10-15 23:09:43.631  6343  6427 I chatty  : uid=1002(bluetooth) BT Service Call identical 232 lines
10-15 23:09:43.631  6343  6427 D ScanRecord: Not a Multi Manu data
10-15 23:09:43.632 10118 10390 I BatteryMgr:DataCollectionService: stats => 1697404183632,221,4314,195,0,100
10-15 23:09:43.632  6343  6427 D ScanRecord: Not a Multi Manu data
10-15 23:09:43.739  6343  6427 I chatty  : uid=1002(bluetooth) BT Service Call identical 219 lines
10-15 23:09:43.740  6343  6427 D ScanRecord: Not a Multi Manu data
10-15 23:09:43.744 10118 10390 I BatteryMgr:DataCollectionService: stats => 1697404183743,221,4314,195,0,100
10-15 23:09:43.745  6343  6427 D ScanRecord: Not a Multi Manu data
10-15 23:09:43.857  6343  6427 I chatty  : uid=1002(bluetooth) BT Service Call identical 206 lines
10-15 23:09:43.857  6343  6427 D ScanRecord: Not a Multi Manu data
10-15 23:09:43.858 10118 10390 I BatteryMgr:DataCollectionService: stats => 1697404183858,221,4314,195,0,100
10-15 23:09:43.859  6343  6427 D ScanRecord: Not a Multi Manu data
10-15 23:09:43.889  6343  6427 I chatty  : uid=1002(bluetooth) BT Service Call identical 37 lines
10-15 23:09:43.889  6343  6427 D ScanRecord: Not a Multi Manu data
10-15 23:09:43.969 10118 10390 I BatteryMgr:DataCollectionService: stats => 1697404183969,221,4314,195,0,100
10-15 23:09:43.969  3957  4129 D WifiStateMachine:  ConnectedState !RSSI_PKTCNT_FETCH uid=1000 rt=406173118/1066571345 0 0 "ourhome" f4:6d:2f:12:cc:88 rssi=-44 f=5240 sc=60 link=433 tx=0.5, 0.0, 0.0  rx=3.0 bcn=87437 [on:0 tx:0 rx:0 period:998] from screen [on:11025 period:48101] score=60
10-15 23:09:43.975  3957  4129 D WifiStateMachine:  L2ConnectedState !RSSI_PKTCNT_FETCH uid=1000 rt=406173120/1066571348 0 0 "ourhome" f4:6d:2f:12:cc:88 rssi=-44 f=5240 sc=60 link=433 tx=0.5, 0.0, 0.0  rx=3.0 bcn=87437 [on:0 tx:0 rx:0 period:6] from screen [on:11025 period:48107] score=60
10-15 23:09:43.976  3957  4129 D WifiStateMachine: fetchRssiLinkSpeedAndFrequencyNative rssi=-43 linkspeed=433 freq=5240
10-15 23:09:43.980  3957  4128 D WifiService: getConnectionInfo uid=1000
10-15 23:09:44.081 10118 10390 I BatteryMgr:DataCollectionService: stats => 1697404184080,221,4314,195,0,100
10-15 23:09:44.190 10118 10390 I BatteryMgr:DataCollectionService: stats => 1697404184190,221,4314,195,0,100
10-15 23:09:44.223  3957  4129 D WifiStateMachine:  ConnectedState !CMD_RSSI_POLL rt=406173373/1066571601 54 0 "ourhome" f4:6d:2f:12:cc:88 rssi=-43 f=5240 sc=60 link=433 tx=0.5, 0.0, 0.0  rx=3.0 bcn=87437 [on:0 tx:0 rx:0 period:249] from screen [on:11025 period:48356] score=60
10-15 23:09:44.225  3957  4129 D WifiStateMachine:  L2ConnectedState !CMD_RSSI_POLL rt=406173375/1066571602 54 0 "ourhome" f4:6d:2f:12:cc:88 rssi=-43 f=5240 sc=60 link=433 tx=0.5, 0.0, 0.0  rx=3.0 bcn=87437 [on:0 tx:0 rx:0 period:1] from screen [on:11025 period:48357] score=60
10-15 23:09:44.225  3957  4129 D WifiStateMachine:  get link layer stats 3
10-15 23:09:44.225  3436  3436 I android.hardware.wifi@1.0-service: getLinkLayerStats
10-15 23:09:44.228  3957  4129 D WifiStateMachine: fetchRssiLinkSpeedAndFrequencyNative rssi=-44 linkspeed=433 freq=5240
10-15 23:09:44.234  4340  4340 E SignalClusterView: setSlotFocusVisible : subId -2
10-15 23:09:44.234  4340  4340 E SignalClusterView: setSlotFocusVisible : subId -2
10-15 23:09:44.302 10118 10390 I BatteryMgr:DataCollectionService: stats => 1697404184302,221,4314,195,0,100
10-15 23:09:44.416 10118 10390 I BatteryMgr:DataCollectionService: stats => 1697404184416,221,4314,195,0,100
10-15 23:09:44.524 10118 10390 I BatteryMgr:DataCollectionService: stats => 1697404184524,221,4314,195,0,100
10-15 23:09:44.634 10118 10390 I BatteryMgr:DataCollectionService: stats => 1697404184634,221,4314,195,0,100
10-15 23:09:44.746 10118 10390 I BatteryMgr:DataCollectionService: stats => 1697404184746,221,4314,195,0,100
10-15 23:09:44.864 10118 10390 I BatteryMgr:DataCollectionService: stats => 1697404184863,221,4314,195,0,100
10-15 23:09:44.970  3957  4129 D WifiStateMachine:  ConnectedState !RSSI_PKTCNT_FETCH uid=1000 rt=406174118/1066572346 0 0 "ourhome" f4:6d:2f:12:cc:88 rssi=-44 f=5240 sc=60 link=433 tx=2.1, 0.0, 0.0  rx=3.0 bcn=87462 [on:0 tx:0 rx:0 period:734] from screen [on:11768 period:49103] score=60
10-15 23:09:44.972  3957  4129 D WifiStateMachine:  L2ConnectedState !RSSI_PKTCNT_FETCH uid=1000 rt=406174121/1066572349 0 0 "ourhome" f4:6d:2f:12:cc:88 rssi=-44 f=5240 sc=60 link=433 tx=2.1, 0.0, 0.0  rx=3.0 bcn=87462 [on:0 tx:0 rx:0 period:2] from screen [on:11768 period:49105] score=60
10-15 23:09:44.976  3957  4129 D WifiStateMachine: fetchRssiLinkSpeedAndFrequencyNative rssi=-44 linkspeed=433 freq=5240
10-15 23:09:44.977 10118 10390 I BatteryMgr:DataCollectionService: stats => 1697404184976,221,4314,195,0,100
10-15 23:09:44.982  3957  4128 D WifiService: getConnectionInfo uid=1000
10-15 23:09:45.086 10118 10390 I BatteryMgr:DataCollectionService: stats => 1697404185086,221,4314,195,0,100
10-15 23:09:45.199 10118 10390 I BatteryMgr:DataCollectionService: stats => 1697404185199,221,4314,195,0,100
10-15 23:09:45.315 10118 10390 I BatteryMgr:DataCollectionService: stats => 1697404185315,221,4314,195,0,100
10-15 23:09:45.431 10118 10390 I BatteryMgr:DataCollectionService: stats => 1697404185431,221,4314,195,0,100
10-15 23:09:45.544 10118 10390 I BatteryMgr:DataCollectionService: stats => 1697404185544,221,4314,195,0,100
10-15 23:09:45.654 10118 10390 I BatteryMgr:DataCollectionService: stats => 1697404185653,221,4314,195,0,100
10-15 23:09:45.766 10118 10390 I BatteryMgr:DataCollectionService: stats => 1697404185766,221,4314,195,0,100
10-15 23:09:45.877 10118 10390 I BatteryMgr:DataCollectionService: stats => 1697404185877,221,4314,195,0,100
10-15 23:09:45.972  3957  4129 D WifiStateMachine:  ConnectedState !RSSI_PKTCNT_FETCH uid=1000 rt=406175120/1066573348 0 0 "ourhome" f4:6d:2f:12:cc:88 rssi=-44 f=5240 sc=60 link=433 tx=2.1, 0.0, 0.0  rx=3.0 bcn=87462 [on:0 tx:0 rx:0 period:999] from screen [on:11768 period:50104] score=60
10-15 23:09:45.974  3957  4129 D WifiStateMachine:  L2ConnectedState !RSSI_PKTCNT_FETCH uid=1000 rt=406175123/1066573351 0 0 "ourhome" f4:6d:2f:12:cc:88 rssi=-44 f=5240 sc=60 link=433 tx=2.1, 0.0, 0.0  rx=3.0 bcn=87462 [on:0 tx:0 rx:0 period:3] from screen [on:11768 period:50107] score=60
10-15 23:09:45.979  3957  4129 D WifiStateMachine: fetchRssiLinkSpeedAndFrequencyNative rssi=-44 linkspeed=433 freq=5240
10-15 23:09:45.984  3957  4128 D WifiService: getConnectionInfo uid=1000
10-15 23:09:45.990 10118 10390 I BatteryMgr:DataCollectionService: stats => 1697404185990,221,4314,195,0,100
10-15 23:09:46.033  3957  6478 D SSRM:k  : SIOP:: AP = 360, PST = 349 (W:24), BAT = 320, USB = 0, CHG = 0
10-15 23:09:46.046  3957  4030 D SensorService: [SO] 0.091 -0.096 9.984
10-15 23:09:46.050  3957  6478 D ac      : broadcastSiopLevelIntent:: currentSiopLevel = -2
10-15 23:09:46.078  3957  6478 I SensorService: createSensorEventConnection package name f.z
10-15 23:09:46.104 10118 10390 I BatteryMgr:DataCollectionService: stats => 1697404186104,221,4314,195,0,100
10-15 23:09:46.104  3957  6478 D SensorService: Calling batch handle==3 flags=0 rate=200000000 timeout== 0
10-15 23:09:46.106  3957  3980 W StorageManager: getStorageFullBytes DEFAULT_FULL_THRESHOLD_BYTES : 20971520, threadhold : 20971520
10-15 23:09:46.107  3434  3434 I Sensors : ProximitySensor:enable: handle 3, en 1, old_en 0
10-15 23:09:46.107  3957  3980 W StorageManager: getStorageLowBytes lowPercent : 5, lowBytes : 1260145254, maxLowBytes : 524288000
10-15 23:09:46.141  3957  3980 W DeviceStorageMonitorService: updateBroadcasts(/data) oldLevel:0, newLevel:0, seq:1
10-15 23:09:46.144  3957  3980 W DeviceStorageMonitorService: updateBroadcasts_filenode(/data) fn_oldLevel:0, fn_newLevel:0, seq:1
10-15 23:09:46.174  3957  6478 D SensorManager: registerListener :: 3, STK3013 Proximity, 200000, 0,  
10-15 23:09:46.177  3434  3434 I Sensors : ProximitySensor:readEvents: value 8(cm)
10-15 23:09:46.179  3957  3957 D SensorManager: Proximity, val = 8.0  [far]
10-15 23:09:46.184  3957  3957 D SensorService: Calling activate off 3
10-15 23:09:46.185  3434  3434 I Sensors : ProximitySensor:enable: handle 3, en 0, old_en 1
10-15 23:09:46.187  3957  3957 D SensorManager: unregisterListener ::   
10-15 23:09:46.198  8010  8010 I [SC]SCloudReceiver: onReceive: com.samsung.intent.action.CHECK_SIOP_LEVEL
10-15 23:09:46.211 10118 10390 I BatteryMgr:DataCollectionService: stats => 1697404186211,221,4314,195,0,100
10-15 23:09:46.223  8010  8010 I [SC]DetectorReceiver: onReceive [com.samsung.intent.action.CHECK_SIOP_LEVEL]
10-15 23:09:46.234  8010  8010 I [SC]AccountUtil: Samsung Account Not Logged in
10-15 23:09:46.319 10118 10390 I BatteryMgr:DataCollectionService: stats => 1697404186319,221,4314,195,0,100
10-15 23:09:46.426 10118 10390 I BatteryMgr:DataCollectionService: stats => 1697404186426,221,4314,195,0,100
10-15 23:09:46.507  4340  4731 D NetworkController.MobileSignalController(0/-2): onSignalStrengthsChanged signalStrength=SignalStrength: 28 99 -28 -200 -28 -200 -1 99 2147483647 2147483647 2147483647 2147483647 0 2147483647 0x4 P gsm|lte level=4
10-15 23:09:46.507  4340  4731 D NetworkController.MobileSignalController(0/-2): getMobileIconGroup(): 0
10-15 23:09:46.533 10118 10390 I BatteryMgr:DataCollectionService: stats => 1697404186533,221,4314,195,0,100
10-15 23:09:46.651 10118 10390 I BatteryMgr:DataCollectionService: stats => 1697404186651,221,4314,195,0,100
10-15 23:09:46.768 10118 10390 I BatteryMgr:DataCollectionService: stats => 1697404186767,221,4314,195,0,100
10-15 23:09:46.880 10118 10390 I BatteryMgr:DataCollectionService: stats => 1697404186879,221,4314,195,0,100
10-15 23:09:46.976  3957  4129 D WifiStateMachine:  ConnectedState !RSSI_PKTCNT_FETCH uid=1000 rt=406176123/1066574350 0 0 "ourhome" f4:6d:2f:12:cc:88 rssi=-44 f=5240 sc=60 link=433 tx=2.1, 0.0, 0.0  rx=3.0 bcn=87462 [on:0 tx:0 rx:0 period:1001] from screen [on:11768 period:51108] score=60
10-15 23:09:46.978  3957  4129 D WifiStateMachine:  L2ConnectedState !RSSI_PKTCNT_FETCH uid=1000 rt=406176127/1066574354 0 0 "ourhome" f4:6d:2f:12:cc:88 rssi=-44 f=5240 sc=60 link=433 tx=2.1, 0.0, 0.0  rx=3.0 bcn=87462 [on:0 tx:0 rx:0 period:3] from screen [on:11768 period:51111] score=60
10-15 23:09:46.984  3957  4129 D WifiStateMachine: fetchRssiLinkSpeedAndFrequencyNative rssi=-43 linkspeed=433 freq=5240
10-15 23:09:46.987  3957  4128 D WifiService: getConnectionInfo uid=1000
10-15 23:09:46.991 10118 10390 I BatteryMgr:DataCollectionService: stats => 1697404186990,221,4314,195,0,100
10-15 23:09:47.102 10118 10390 I BatteryMgr:DataCollectionService: stats => 1697404187102,221,4314,195,0,100
10-15 23:09:47.214 10118 10390 I BatteryMgr:DataCollectionService: stats => 1697404187214,221,4314,195,0,100
10-15 23:09:47.231  3957  4129 D WifiStateMachine:  ConnectedState !CMD_RSSI_POLL rt=406176380/1066574608 54 0 "ourhome" f4:6d:2f:12:cc:88 rssi=-43 f=5240 sc=60 link=433 tx=2.1, 0.0, 0.0  rx=3.0 bcn=87462 [on:0 tx:0 rx:0 period:253] from screen [on:11768 period:51364] score=60
10-15 23:09:47.233  3957  4129 D WifiStateMachine:  L2ConnectedState !CMD_RSSI_POLL rt=406176382/1066574610 54 0 "ourhome" f4:6d:2f:12:cc:88 rssi=-43 f=5240 sc=60 link=433 tx=2.1, 0.0, 0.0  rx=3.0 bcn=87462 [on:0 tx:0 rx:0 period:2] from screen [on:11768 period:51366] score=60
10-15 23:09:47.233  3957  4129 D WifiStateMachine:  get link layer stats 3
10-15 23:09:47.234  3436  3436 I android.hardware.wifi@1.0-service: getLinkLayerStats
10-15 23:09:47.240  4961  4961 D io_stats: !@ 179,0 r 5741387 179460840 w 1313813 28407192 d 104391 31779428 f 301840 318639 iot 2509320 2213908 th 51200 0 0 pt 0 inp 0 0 406176.390
10-15 23:09:47.253  3957  4129 D WifiStateMachine: fetchRssiLinkSpeedAndFrequencyNative rssi=-43 linkspeed=433 freq=5240
10-15 23:09:47.259  4340  4340 E SignalClusterView: setSlotFocusVisible : subId -2
10-15 23:09:47.260  4340  4340 E SignalClusterView: setSlotFocusVisible : subId -2
10-15 23:09:47.333 10118 10390 I BatteryMgr:DataCollectionService: stats => 1697404187333,221,4314,195,0,100
10-15 23:09:47.442 10118 10390 I BatteryMgr:DataCollectionService: stats => 1697404187442,221,4314,195,0,100
10-15 23:09:47.551 10118 10390 I BatteryMgr:DataCollectionService: stats => 1697404187551,221,4314,195,0,100
10-15 23:09:47.662 10118 10390 I BatteryMgr:DataCollectionService: stats => 1697404187662,221,4314,195,0,100
10-15 23:09:47.771 10118 10390 I BatteryMgr:DataCollectionService: stats => 1697404187771,221,4314,195,0,100
10-15 23:09:47.884 10118 10390 I BatteryMgr:DataCollectionService: stats => 1697404187883,221,4314,195,0,100
10-15 23:09:47.975  3957  4129 D WifiStateMachine:  ConnectedState !RSSI_PKTCNT_FETCH uid=1000 rt=406177124/1066575352 0 0 "ourhome" f4:6d:2f:12:cc:88 rssi=-43 f=5240 sc=60 link=433 tx=1.4, 0.0, 0.0  rx=3.0 bcn=87490 [on:0 tx:0 rx:0 period:718] from screen [on:12830 period:52108] score=60
10-15 23:09:47.978  3957  4129 D WifiStateMachine:  L2ConnectedState !RSSI_PKTCNT_FETCH uid=1000 rt=406177127/1066575354 0 0 "ourhome" f4:6d:2f:12:cc:88 rssi=-43 f=5240 sc=60 link=433 tx=1.4, 0.0, 0.0  rx=3.0 bcn=87490 [on:0 tx:0 rx:0 period:2] from screen [on:12830 period:52110] score=60
10-15 23:09:47.984  3957  4129 D WifiStateMachine: fetchRssiLinkSpeedAndFrequencyNative rssi=-43 linkspeed=433 freq=5240
10-15 23:09:47.990  3957  4128 D WifiService: getConnectionInfo uid=1000
10-15 23:09:47.996 10118 10390 I BatteryMgr:DataCollectionService: stats => 1697404187996,221,4314,195,0,100
10-15 23:09:48.105 10118 10390 I BatteryMgr:DataCollectionService: stats => 1697404188105,221,4314,195,0,100
10-15 23:09:48.216 10118 10390 I BatteryMgr:DataCollectionService: stats => 1697404188216,221,4314,195,0,100
10-15 23:09:48.328 10118 10390 I BatteryMgr:DataCollectionService: stats => 1697404188328,221,4314,195,0,100
