10-15 23:23:41.164  3957  4129 D WifiStateMachine:  ConnectedState !RSSI_PKTCNT_FETCH uid=1000 rt=407010313/1067408541 0 0 "ourhome" f4:6d:2f:12:cc:88 rssi=-43 f=5240 sc=60 link=433 tx=1.1, 0.0, 0.0  rx=4.6 bcn=95097 [on:0 tx:0 rx:0 period:998] from screen [on:121821 period:885297] score=60
10-15 23:23:41.166  3957  4129 D WifiStateMachine:  L2ConnectedState !RSSI_PKTCNT_FETCH uid=1000 rt=407010316/1067408543 0 0 "ourhome" f4:6d:2f:12:cc:88 rssi=-43 f=5240 sc=60 link=433 tx=1.1, 0.0, 0.0  rx=4.6 bcn=95097 [on:0 tx:0 rx:0 period:2] from screen [on:121821 period:885299] score=60
10-15 23:23:41.169  3957  4129 D WifiStateMachine: fetchRssiLinkSpeedAndFrequencyNative rssi=-43 linkspeed=433 freq=5240
10-15 23:23:41.188 11321 11618 I BatteryMgr:DataCollectionService: stats => 1697405021188,175,4314,152,0,100
10-15 23:23:41.300 11321 11618 I BatteryMgr:DataCollectionService: stats => 1697405021300,175,4314,152,0,100
10-15 23:23:41.410 11321 11618 I BatteryMgr:DataCollectionService: stats => 1697405021410,175,4314,152,0,100
10-15 23:23:41.453  3957  4129 D WifiStateMachine:  ConnectedState !CMD_RSSI_POLL rt=407010602/1067408829 54 0 "ourhome" f4:6d:2f:12:cc:88 rssi=-43 f=5240 sc=60 link=433 tx=1.1, 0.0, 0.0  rx=4.6 bcn=95097 [on:0 tx:0 rx:0 period:287] from screen [on:121821 period:885586] score=60
10-15 23:23:41.455  3957  4129 D WifiStateMachine:  L2ConnectedState !CMD_RSSI_POLL rt=407010604/1067408832 54 0 "ourhome" f4:6d:2f:12:cc:88 rssi=-43 f=5240 sc=60 link=433 tx=1.1, 0.0, 0.0  rx=4.6 bcn=95097 [on:0 tx:0 rx:0 period:2] from screen [on:121821 period:885588] score=60
10-15 23:23:41.455  3957  4129 D WifiStateMachine:  get link layer stats 3
10-15 23:23:41.456  3436  3436 I android.hardware.wifi@1.0-service: getLinkLayerStats
10-15 23:23:41.460  3957  4129 D WifiStateMachine: fetchRssiLinkSpeedAndFrequencyNative rssi=-43 linkspeed=433 freq=5240
10-15 23:23:41.465  4340  4340 E SignalClusterView: setSlotFocusVisible : subId -2
10-15 23:23:41.465  4340  4340 E SignalClusterView: setSlotFocusVisible : subId -2
10-15 23:23:41.518 11321 11618 I BatteryMgr:DataCollectionService: stats => 1697405021518,175,4314,152,0,100
10-15 23:23:41.630 11321 11618 I BatteryMgr:DataCollectionService: stats => 1697405021630,175,4314,152,0,100
10-15 23:23:41.744 11321 11618 I BatteryMgr:DataCollectionService: stats => 1697405021743,175,4314,152,0,100
10-15 23:23:41.809  3957  4128 D WifiService: getConnectionInfo uid=1000
10-15 23:23:41.853 11321 11618 I BatteryMgr:DataCollectionService: stats => 1697405021852,251,4314,191,0,100
10-15 23:23:41.964 11321 11618 I BatteryMgr:DataCollectionService: stats => 1697405021964,251,4314,191,0,100
10-15 23:23:42.072 11321 11618 I BatteryMgr:DataCollectionService: stats => 1697405022072,251,4314,191,0,100
10-15 23:23:42.166  3957  4129 D WifiStateMachine:  ConnectedState !RSSI_PKTCNT_FETCH uid=1000 rt=407011314/1067409542 0 0 "ourhome" f4:6d:2f:12:cc:88 rssi=-43 f=5240 sc=60 link=433 tx=1.0, 0.0, 0.0  rx=2.3 bcn=95123 [on:0 tx:0 rx:0 period:702] from screen [on:122290 period:886299] score=60
10-15 23:23:42.168  3957  4129 D WifiStateMachine:  L2ConnectedState !RSSI_PKTCNT_FETCH uid=1000 rt=407011317/1067409545 0 0 "ourhome" f4:6d:2f:12:cc:88 rssi=-43 f=5240 sc=60 link=433 tx=1.0, 0.0, 0.0  rx=2.3 bcn=95123 [on:0 tx:0 rx:0 period:2] from screen [on:122290 period:886301] score=60
10-15 23:23:42.169  3957  4129 D WifiStateMachine: fetchRssiLinkSpeedAndFrequencyNative rssi=-43 linkspeed=433 freq=5240
10-15 23:23:42.181 11321 11618 I BatteryMgr:DataCollectionService: stats => 1697405022181,251,4314,191,0,100
10-15 23:23:42.280  3957  4554 D BatteryService: !@BatteryListener : batteryPropertiesChanged!
10-15 23:23:42.289 11321 11618 I BatteryMgr:DataCollectionService: stats => 1697405022289,251,4314,191,0,100
10-15 23:23:42.411 11321 11618 I BatteryMgr:DataCollectionService: stats => 1697405022411,251,4314,191,0,100
10-15 23:23:42.521 11321 11618 I BatteryMgr:DataCollectionService: stats => 1697405022520,251,4314,191,0,100
10-15 23:23:42.632 11321 11618 I BatteryMgr:DataCollectionService: stats => 1697405022631,251,4314,191,0,100
10-15 23:23:42.740 11321 11618 I BatteryMgr:DataCollectionService: stats => 1697405022739,251,4314,191,0,100
10-15 23:23:42.812  3957  4128 D WifiService: getConnectionInfo uid=1000
10-15 23:23:42.848 11321 11618 I BatteryMgr:DataCollectionService: stats => 1697405022848,251,4314,191,0,100
10-15 23:23:42.882  4961  4961 D io_stats: !@ 179,0 r 5775167 180701988 w 1316729 28453268 d 104724 31794420 f 302143 318998 iot 2525140 2227084 th 51200 0 0 pt 0 inp 0 0 407012.033
10-15 23:23:42.956 11321 11618 I BatteryMgr:DataCollectionService: stats => 1697405022956,251,4314,191,0,100
10-15 23:23:43.069 11321 11618 I BatteryMgr:DataCollectionService: stats => 1697405023069,251,4314,191,0,100
10-15 23:23:43.167  3957  4129 D WifiStateMachine:  ConnectedState !RSSI_PKTCNT_FETCH uid=1000 rt=407012316/1067410544 0 0 "ourhome" f4:6d:2f:12:cc:88 rssi=-43 f=5240 sc=60 link=433 tx=1.0, 0.0, 0.0  rx=2.3 bcn=95123 [on:0 tx:0 rx:0 period:998] from screen [on:122290 period:887299] score=60
10-15 23:23:43.171  3957  4129 D WifiStateMachine:  L2ConnectedState !RSSI_PKTCNT_FETCH uid=1000 rt=407012318/1067410545 0 0 "ourhome" f4:6d:2f:12:cc:88 rssi=-43 f=5240 sc=60 link=433 tx=1.0, 0.0, 0.0  rx=2.3 bcn=95123 [on:0 tx:0 rx:0 period:4] from screen [on:122290 period:887303] score=60
10-15 23:23:43.178  3957  4129 D WifiStateMachine: fetchRssiLinkSpeedAndFrequencyNative rssi=-42 linkspeed=433 freq=5240
10-15 23:23:43.182 11321 11618 I BatteryMgr:DataCollectionService: stats => 1697405023182,251,4314,191,0,100
10-15 23:23:43.292 11321 11618 I BatteryMgr:DataCollectionService: stats => 1697405023292,251,4314,191,0,100
10-15 23:23:43.404 11321 11618 I BatteryMgr:DataCollectionService: stats => 1697405023404,251,4314,191,0,100
10-15 23:23:43.414  6343  6427 D ScanRecord: Not a Multi Manu data
10-15 23:23:43.516  6343  6427 I chatty  : uid=1002(bluetooth) BT Service Call identical 152 lines
10-15 23:23:43.516  6343  6427 D ScanRecord: Not a Multi Manu data
10-15 23:23:43.517 11321 11618 I BatteryMgr:DataCollectionService: stats => 1697405023517,251,4314,191,0,100
10-15 23:23:43.517  6343  6427 D ScanRecord: Not a Multi Manu data
10-15 23:23:43.627  6343  6427 I chatty  : uid=1002(bluetooth) BT Service Call identical 234 lines
10-15 23:23:43.627  6343  6427 D ScanRecord: Not a Multi Manu data
10-15 23:23:43.628 11321 11618 I BatteryMgr:DataCollectionService: stats => 1697405023628,251,4314,191,0,100
10-15 23:23:43.640  6343  6427 D ScanRecord: Not a Multi Manu data
10-15 23:23:43.738  6343  6427 I chatty  : uid=1002(bluetooth) BT Service Call identical 206 lines
10-15 23:23:43.738  6343  6427 D ScanRecord: Not a Multi Manu data
10-15 23:23:43.740 11321 11618 I BatteryMgr:DataCollectionService: stats => 1697405023739,251,4314,191,0,100
10-15 23:23:43.748  6343  6427 D ScanRecord: Not a Multi Manu data
10-15 23:23:43.806  6343  6427 I chatty  : uid=1002(bluetooth) BT Service Call identical 154 lines
10-15 23:23:43.806  6343  6427 D ScanRecord: Not a Multi Manu data
10-15 23:23:43.814  3957  4128 D WifiService: getConnectionInfo uid=1000
10-15 23:23:43.833  6343  6427 D ScanRecord: Not a Multi Manu data
10-15 23:23:43.855  6343  6427 I chatty  : uid=1002(bluetooth) BT Service Call identical 48 lines
10-15 23:23:43.855  6343  6427 D ScanRecord: Not a Multi Manu data
10-15 23:23:43.855 11321 11618 I BatteryMgr:DataCollectionService: stats => 1697405023855,251,4314,191,0,100
10-15 23:23:43.856  6343  6427 D ScanRecord: Not a Multi Manu data
10-15 23:23:43.901  6343  6427 I chatty  : uid=1002(bluetooth) BT Service Call identical 143 lines
10-15 23:23:43.901  6343  6427 D ScanRecord: Not a Multi Manu data
10-15 23:23:43.967 11321 11618 I BatteryMgr:DataCollectionService: stats => 1697405023967,251,4314,191,0,100
10-15 23:23:44.077 11321 11618 I BatteryMgr:DataCollectionService: stats => 1697405024077,251,4314,191,0,100
10-15 23:23:44.166  3957  4129 D WifiStateMachine:  ConnectedState !RSSI_PKTCNT_FETCH uid=1000 rt=407013316/1067411544 0 0 "ourhome" f4:6d:2f:12:cc:88 rssi=-42 f=5240 sc=60 link=433 tx=1.0, 0.0, 0.0  rx=2.3 bcn=95123 [on:0 tx:0 rx:0 period:996] from screen [on:122290 period:888299] score=60
10-15 23:23:44.167  3957  4129 D WifiStateMachine:  L2ConnectedState !RSSI_PKTCNT_FETCH uid=1000 rt=407013317/1067411545 0 0 "ourhome" f4:6d:2f:12:cc:88 rssi=-42 f=5240 sc=60 link=433 tx=1.0, 0.0, 0.0  rx=2.3 bcn=95123 [on:0 tx:0 rx:0 period:1] from screen [on:122290 period:888300] score=60
10-15 23:23:44.174  3957  4129 D WifiStateMachine: fetchRssiLinkSpeedAndFrequencyNative rssi=-43 linkspeed=433 freq=5240
10-15 23:23:44.186 11321 11618 I BatteryMgr:DataCollectionService: stats => 1697405024186,251,4314,191,0,100
10-15 23:23:44.295 11321 11618 I BatteryMgr:DataCollectionService: stats => 1697405024295,251,4314,191,0,100
10-15 23:23:44.408 11321 11618 I BatteryMgr:DataCollectionService: stats => 1697405024407,251,4314,191,0,100
10-15 23:23:44.465  3957  4129 D WifiStateMachine:  ConnectedState !CMD_RSSI_POLL rt=407013613/1067411841 54 0 "ourhome" f4:6d:2f:12:cc:88 rssi=-43 f=5240 sc=60 link=433 tx=1.0, 0.0, 0.0  rx=2.3 bcn=95123 [on:0 tx:0 rx:0 period:298] from screen [on:122290 period:888598] score=60
10-15 23:23:44.466  3957  4129 D WifiStateMachine:  L2ConnectedState !CMD_RSSI_POLL rt=407013616/1067411843 54 0 "ourhome" f4:6d:2f:12:cc:88 rssi=-43 f=5240 sc=60 link=433 tx=1.0, 0.0, 0.0  rx=2.3 bcn=95123 [on:0 tx:0 rx:0 period:1] from screen [on:122290 period:888599] score=60
10-15 23:23:44.466  3957  4129 D WifiStateMachine:  get link layer stats 3
10-15 23:23:44.467  3436  3436 I android.hardware.wifi@1.0-service: getLinkLayerStats
10-15 23:23:44.485  3957  4129 D WifiStateMachine: fetchRssiLinkSpeedAndFrequencyNative rssi=-43 linkspeed=433 freq=5240
10-15 23:23:44.490  4340  4340 E SignalClusterView: setSlotFocusVisible : subId -2
10-15 23:23:44.490  4340  4340 E SignalClusterView: setSlotFocusVisible : subId -2
10-15 23:23:44.519 11321 11618 I BatteryMgr:DataCollectionService: stats => 1697405024519,251,4314,191,0,100
10-15 23:23:44.632 11321 11618 I BatteryMgr:DataCollectionService: stats => 1697405024631,251,4314,191,0,100
10-15 23:23:44.744 11321 11618 I BatteryMgr:DataCollectionService: stats => 1697405024743,251,4314,191,0,100
10-15 23:23:44.817  3957  4128 D WifiService: getConnectionInfo uid=1000
10-15 23:23:44.858 11321 11618 I BatteryMgr:DataCollectionService: stats => 1697405024858,251,4314,191,0,100
10-15 23:23:44.972 11321 11618 I BatteryMgr:DataCollectionService: stats => 1697405024972,251,4314,191,0,100
10-15 23:23:45.085 11321 11618 I BatteryMgr:DataCollectionService: stats => 1697405025085,251,4314,191,0,100
10-15 23:23:45.168  3957  4129 D WifiStateMachine:  ConnectedState !RSSI_PKTCNT_FETCH uid=1000 rt=407014318/1067412545 0 0 "ourhome" f4:6d:2f:12:cc:88 rssi=-43 f=5240 sc=60 link=433 tx=2.3, 0.0, 0.0  rx=3.4 bcn=95150 [on:0 tx:0 rx:0 period:678] from screen [on:122963 period:889301] score=60
10-15 23:23:45.171  3957  4129 D WifiStateMachine:  L2ConnectedState !RSSI_PKTCNT_FETCH uid=1000 rt=407014319/1067412546 0 0 "ourhome" f4:6d:2f:12:cc:88 rssi=-43 f=5240 sc=60 link=433 tx=2.3, 0.0, 0.0  rx=3.4 bcn=95150 [on:0 tx:0 rx:0 period:1] from screen [on:122963 period:889302] score=60
10-15 23:23:45.174  3957  4129 D WifiStateMachine: fetchRssiLinkSpeedAndFrequencyNative rssi=-42 linkspeed=433 freq=5240
10-15 23:23:45.194 11321 11618 I BatteryMgr:DataCollectionService: stats => 1697405025194,251,4314,191,0,100
10-15 23:23:45.308 11321 11618 I BatteryMgr:DataCollectionService: stats => 1697405025308,251,4314,191,0,100
10-15 23:23:45.418 11321 11618 I BatteryMgr:DataCollectionService: stats => 1697405025418,251,4314,191,0,100
10-15 23:23:45.527 11321 11618 I BatteryMgr:DataCollectionService: stats => 1697405025527,251,4314,191,0,100
10-15 23:23:45.638 11321 11618 I BatteryMgr:DataCollectionService: stats => 1697405025637,251,4314,191,0,100
10-15 23:23:45.751 11321 11618 I BatteryMgr:DataCollectionService: stats => 1697405025751,251,4314,191,0,100
10-15 23:23:45.819  3957  4128 D WifiService: getConnectionInfo uid=1000
10-15 23:23:45.862 11321 11618 I BatteryMgr:DataCollectionService: stats => 1697405025862,251,4314,191,0,100
10-15 23:23:45.974 11321 11618 I BatteryMgr:DataCollectionService: stats => 1697405025974,251,4314,191,0,100
10-15 23:23:46.051  3957  4030 D SensorService: [SO] 0.096 -0.091 9.965
10-15 23:23:46.087 11321 11618 I BatteryMgr:DataCollectionService: stats => 1697405026086,251,4314,191,0,100
10-15 23:23:46.169  3957  4129 D WifiStateMachine:  ConnectedState !RSSI_PKTCNT_FETCH uid=1000 rt=407015318/1067413546 0 0 "ourhome" f4:6d:2f:12:cc:88 rssi=-42 f=5240 sc=60 link=433 tx=2.3, 0.0, 0.0  rx=3.4 bcn=95150 [on:0 tx:0 rx:0 period:1000] from screen [on:122963 period:890302] score=60
10-15 23:23:46.172  3957  4129 D WifiStateMachine:  L2ConnectedState !RSSI_PKTCNT_FETCH uid=1000 rt=407015320/1067413548 0 0 "ourhome" f4:6d:2f:12:cc:88 rssi=-42 f=5240 sc=60 link=433 tx=2.3, 0.0, 0.0  rx=3.4 bcn=95150 [on:0 tx:0 rx:0 period:2] from screen [on:122963 period:890304] score=60
10-15 23:23:46.178  3957  4129 D WifiStateMachine: fetchRssiLinkSpeedAndFrequencyNative rssi=-42 linkspeed=433 freq=5240
10-15 23:23:46.195 11321 11618 I BatteryMgr:DataCollectionService: stats => 1697405026195,251,4314,191,0,100
10-15 23:23:46.307 11321 11618 I BatteryMgr:DataCollectionService: stats => 1697405026306,251,4314,191,0,100
10-15 23:23:46.418 11321 11618 I BatteryMgr:DataCollectionService: stats => 1697405026418,251,4314,191,0,100
10-15 23:23:46.529 11321 11618 I BatteryMgr:DataCollectionService: stats => 1697405026529,251,4314,191,0,100
10-15 23:23:46.644 11321 11618 I BatteryMgr:DataCollectionService: stats => 1697405026643,251,4314,191,0,100
10-15 23:23:46.646  3957  3980 W StorageManager: getStorageFullBytes DEFAULT_FULL_THRESHOLD_BYTES : 20971520, threadhold : 20971520
10-15 23:23:46.646  3957  3980 W StorageManager: getStorageLowBytes lowPercent : 5, lowBytes : 1260145254, maxLowBytes : 524288000
10-15 23:23:46.661  3957  3980 W DeviceStorageMonitorService: updateBroadcasts(/data) oldLevel:0, newLevel:0, seq:1
10-15 23:23:46.664  3957  3980 W DeviceStorageMonitorService: updateBroadcasts_filenode(/data) fn_oldLevel:0, fn_newLevel:0, seq:1
10-15 23:23:46.754 11321 11618 I BatteryMgr:DataCollectionService: stats => 1697405026754,251,4314,191,0,100
10-15 23:23:46.823  3957  4128 D WifiService: getConnectionInfo uid=1000
10-15 23:23:46.866 11321 11618 I BatteryMgr:DataCollectionService: stats => 1697405026866,251,4314,191,0,100
10-15 23:23:46.976 11321 11618 I BatteryMgr:DataCollectionService: stats => 1697405026976,251,4314,191,0,100
10-15 23:23:47.090 11321 11618 I BatteryMgr:DataCollectionService: stats => 1697405027090,251,4314,191,0,100
10-15 23:23:47.170  3957  4129 D WifiStateMachine:  ConnectedState !RSSI_PKTCNT_FETCH uid=1000 rt=407016320/1067414547 0 0 "ourhome" f4:6d:2f:12:cc:88 rssi=-42 f=5240 sc=60 link=433 tx=2.3, 0.0, 0.0  rx=3.4 bcn=95150 [on:0 tx:0 rx:0 period:999] from screen [on:122963 period:891303] score=60
10-15 23:23:47.173  3957  4129 D WifiStateMachine:  L2ConnectedState !RSSI_PKTCNT_FETCH uid=1000 rt=407016322/1067414549 0 0 "ourhome" f4:6d:2f:12:cc:88 rssi=-42 f=5240 sc=60 link=433 tx=2.3, 0.0, 0.0  rx=3.4 bcn=95150 [on:0 tx:0 rx:0 period:3] from screen [on:122963 period:891306] score=60
10-15 23:23:47.181  3957  4129 D WifiStateMachine: fetchRssiLinkSpeedAndFrequencyNative rssi=-42 linkspeed=433 freq=5240
10-15 23:23:47.203 11321 11618 I BatteryMgr:DataCollectionService: stats => 1697405027203,251,4314,191,0,100
10-15 23:23:47.312 11321 11618 I BatteryMgr:DataCollectionService: stats => 1697405027312,251,4314,191,0,100
10-15 23:23:47.427 11321 11618 I BatteryMgr:DataCollectionService: stats => 1697405027426,251,4314,191,0,100
10-15 23:23:47.488  3957  4129 D WifiStateMachine:  ConnectedState !CMD_RSSI_POLL rt=407016637/1067414865 54 0 "ourhome" f4:6d:2f:12:cc:88 rssi=-42 f=5240 sc=60 link=433 tx=2.3, 0.0, 0.0  rx=3.4 bcn=95150 [on:0 tx:0 rx:0 period:315] from screen [on:122963 period:891621] score=60
10-15 23:23:47.491  3957  4129 D WifiStateMachine:  L2ConnectedState !CMD_RSSI_POLL rt=407016639/1067414867 54 0 "ourhome" f4:6d:2f:12:cc:88 rssi=-42 f=5240 sc=60 link=433 tx=2.3, 0.0, 0.0  rx=3.4 bcn=95150 [on:0 tx:0 rx:0 period:3] from screen [on:122963 period:891624] score=60
10-15 23:23:47.492  3957  4129 D WifiStateMachine:  get link layer stats 3
10-15 23:23:47.492  3436  3436 I android.hardware.wifi@1.0-service: getLinkLayerStats
10-15 23:23:47.514  3957  4129 D WifiStateMachine: fetchRssiLinkSpeedAndFrequencyNative rssi=-42 linkspeed=433 freq=5240
10-15 23:23:47.522  4340  4340 E SignalClusterView: setSlotFocusVisible : subId -2
10-15 23:23:47.522  4340  4340 E SignalClusterView: setSlotFocusVisible : subId -2
10-15 23:23:47.539 11321 11618 I BatteryMgr:DataCollectionService: stats => 1697405027539,251,4314,191,0,100
10-15 23:23:47.650 11321 11618 I BatteryMgr:DataCollectionService: stats => 1697405027650,251,4314,191,0,100
10-15 23:23:47.763 11321 11618 I BatteryMgr:DataCollectionService: stats => 1697405027762,251,4314,191,0,100
10-15 23:23:47.825  3957  4128 D WifiService: getConnectionInfo uid=1000
10-15 23:23:47.872 11321 11618 I BatteryMgr:DataCollectionService: stats => 1697405027872,251,4314,191,0,100
10-15 23:23:47.885  4961  4961 D io_stats: !@ 179,0 r 5775214 180703012 w 1316740 28453396 d 104725 31794424 f 302144 318999 iot 2525168 2227104 th 51200 0 0 pt 0 inp 0 0 407017.035
10-15 23:23:47.984 11321 11618 I BatteryMgr:DataCollectionService: stats => 1697405027984,251,4314,191,0,100
10-15 23:23:48.095 11321 11618 I BatteryMgr:DataCollectionService: stats => 1697405028095,251,4314,191,0,100
10-15 23:23:48.171  3957  4129 D WifiStateMachine:  ConnectedState !RSSI_PKTCNT_FETCH uid=1000 rt=407017321/1067415549 0 0 "ourhome" f4:6d:2f:12:cc:88 rssi=-42 f=5240 sc=60 link=433 tx=1.5, 0.0, 0.0  rx=3.8 bcn=95178 [on:0 tx:0 rx:0 period:650] from screen [on:123541 period:892304] score=60
10-15 23:23:48.174  3957  4129 D WifiStateMachine:  L2ConnectedState !RSSI_PKTCNT_FETCH uid=1000 rt=407017322/1067415550 0 0 "ourhome" f4:6d:2f:12:cc:88 rssi=-42 f=5240 sc=60 link=433 tx=1.5, 0.0, 0.0  rx=3.8 bcn=95178 [on:0 tx:0 rx:0 period:2] from screen [on:123541 period:892306] score=60
10-15 23:23:48.180  3957  4129 D WifiStateMachine: fetchRssiLinkSpeedAndFrequencyNative rssi=-43 linkspeed=433 freq=5240
10-15 23:23:48.208 11321 11618 I BatteryMgr:DataCollectionService: stats => 1697405028208,251,4314,191,0,100
10-15 23:23:48.319 11321 11618 I BatteryMgr:DataCollectionService: stats => 1697405028318,251,4314,191,0,100
10-15 23:23:48.417  6343  6427 D ScanRecord: Not a Multi Manu data
10-15 23:23:48.418  6343  6427 I chatty  : uid=1002(bluetooth) BT Service Call identical 11 lines
10-15 23:23:48.418  6343  6427 D ScanRecord: Not a Multi Manu data
10-15 23:23:48.427 11321 11618 I BatteryMgr:DataCollectionService: stats => 1697405028427,251,4314,191,0,100
10-15 23:23:48.432  6343  6427 D ScanRecord: Not a Multi Manu data
10-15 23:23:48.527  6343  6427 I chatty  : uid=1002(bluetooth) BT Service Call identical 167 lines
10-15 23:23:48.527  6343  6427 D ScanRecord: Not a Multi Manu data
10-15 23:23:48.540 11321 11618 I BatteryMgr:DataCollectionService: stats => 1697405028540,251,4314,191,0,100
10-15 23:23:48.544  6343  6427 D ScanRecord: Not a Multi Manu data
10-15 23:23:48.638  3957  6478 D SSRM:k  : SIOP:: AP = 360, PST = 341 (W:22), BAT = 320, USB = 0, CHG = 0
10-15 23:23:48.651  6343  6427 I chatty  : uid=1002(bluetooth) BT Service Call identical 154 lines
10-15 23:23:48.651  6343  6427 D ScanRecord: Not a Multi Manu data
10-15 23:23:48.653 11321 11618 I BatteryMgr:DataCollectionService: stats => 1697405028652,251,4314,191,0,100
10-15 23:23:48.657  6343  6427 D ScanRecord: Not a Multi Manu data
10-15 23:23:48.763  6343  6427 I chatty  : uid=1002(bluetooth) BT Service Call identical 89 lines
10-15 23:23:48.764  6343  6427 D ScanRecord: Not a Multi Manu data
10-15 23:23:48.765 11321 11618 I BatteryMgr:DataCollectionService: stats => 1697405028765,251,4314,191,0,100
10-15 23:23:48.765  6343  6427 D ScanRecord: Not a Multi Manu data
10-15 23:23:48.825  6343  6427 I chatty  : uid=1002(bluetooth) BT Service Call identical 167 lines
10-15 23:23:48.825  6343  6427 D ScanRecord: Not a Multi Manu data
10-15 23:23:48.827  3957  4128 D WifiService: getConnectionInfo uid=1000
10-15 23:23:48.839  6343  6427 D ScanRecord: Not a Multi Manu data
10-15 23:23:48.872  6343  6427 I chatty  : uid=1002(bluetooth) BT Service Call identical 63 lines
10-15 23:23:48.872  6343  6427 D ScanRecord: Not a Multi Manu data
10-15 23:23:48.875 11321 11618 I BatteryMgr:DataCollectionService: stats => 1697405028875,251,4314,191,0,100
10-15 23:23:48.889  6343  6427 D ScanRecord: Not a Multi Manu data
10-15 23:23:48.890  6343  6427 I chatty  : uid=1002(bluetooth) BT Service Call identical 11 lines
10-15 23:23:48.890  6343  6427 D ScanRecord: Not a Multi Manu data
10-15 23:23:48.986 11321 11618 I BatteryMgr:DataCollectionService: stats => 1697405028986,251,4314,191,0,100
10-15 23:23:49.096 11321 11618 I BatteryMgr:DataCollectionService: stats => 1697405029096,251,4314,191,0,100
10-15 23:23:49.176  3957  4129 D WifiStateMachine:  ConnectedState !RSSI_PKTCNT_FETCH uid=1000 rt=407018323/1067416551 0 0 "ourhome" f4:6d:2f:12:cc:88 rssi=-43 f=5240 sc=60 link=433 tx=1.5, 0.0, 0.0  rx=3.8 bcn=95178 [on:0 tx:0 rx:0 period:1003] from screen [on:123541 period:893309] score=60
10-15 23:23:49.180  3957  4129 D WifiStateMachine:  L2ConnectedState !RSSI_PKTCNT_FETCH uid=1000 rt=407018328/1067416555 0 0 "ourhome" f4:6d:2f:12:cc:88 rssi=-43 f=5240 sc=60 link=433 tx=1.5, 0.0, 0.0  rx=3.8 bcn=95178 [on:0 tx:0 rx:0 period:3] from screen [on:123541 period:893312] score=60
10-15 23:23:49.186  3957  4129 D WifiStateMachine: fetchRssiLinkSpeedAndFrequencyNative rssi=-43 linkspeed=433 freq=5240
10-15 23:23:49.215 11321 11618 I BatteryMgr:DataCollectionService: stats => 1697405029215,251,4314,191,0,100
10-15 23:23:49.326 11321 11618 I BatteryMgr:DataCollectionService: stats => 1697405029326,251,4314,191,0,100
10-15 23:23:49.441 11321 11618 I BatteryMgr:DataCollectionService: stats => 1697405029440,251,4314,191,0,100
10-15 23:23:49.555 11321 11618 I BatteryMgr:DataCollectionService: stats => 1697405029555,251,4314,191,0,100
10-15 23:23:49.665 11321 11618 I BatteryMgr:DataCollectionService: stats => 1697405029665,251,4314,191,0,100
10-15 23:23:49.777 11321 11618 I BatteryMgr:DataCollectionService: stats => 1697405029777,251,4314,191,0,100
10-15 23:23:49.830  3957  4128 D WifiService: getConnectionInfo uid=1000
10-15 23:23:49.890 11321 11618 I BatteryMgr:DataCollectionService: stats => 1697405029890,251,4314,191,0,100
10-15 23:23:50.000 11321 11618 I BatteryMgr:DataCollectionService: stats => 1697405029999,251,4314,191,0,100
10-15 23:23:50.107 11321 11618 I BatteryMgr:DataCollectionService: stats => 1697405030107,251,4314,191,0,100
10-15 23:23:50.176  3957  4129 D WifiStateMachine:  ConnectedState !RSSI_PKTCNT_FETCH uid=1000 rt=407019324/1067417552 0 0 "ourhome" f4:6d:2f:12:cc:88 rssi=-43 f=5240 sc=60 link=433 tx=1.5, 0.0, 0.0  rx=3.8 bcn=95178 [on:0 tx:0 rx:0 period:997] from screen [on:123541 period:894309] score=60
10-15 23:23:50.181  3957  4129 D WifiStateMachine:  L2ConnectedState !RSSI_PKTCNT_FETCH uid=1000 rt=407019327/1067417555 0 0 "ourhome" f4:6d:2f:12:cc:88 rssi=-43 f=5240 sc=60 link=433 tx=1.5, 0.0, 0.0  rx=3.8 bcn=95178 [on:0 tx:0 rx:0 period:5] from screen [on:123541 period:894314] score=60
10-15 23:23:50.188  3957  4129 D WifiStateMachine: fetchRssiLinkSpeedAndFrequencyNative rssi=-42 linkspeed=433 freq=5240
10-15 23:23:50.216 11321 11618 I BatteryMgr:DataCollectionService: stats => 1697405030216,251,4314,191,0,100
10-15 23:23:50.327 11321 11618 I BatteryMgr:DataCollectionService: stats => 1697405030327,251,4314,191,0,100
10-15 23:23:50.439 11321 11618 I BatteryMgr:DataCollectionService: stats => 1697405030438,251,4314,191,0,100
10-15 23:23:50.520  3957  4129 D WifiStateMachine:  ConnectedState !CMD_RSSI_POLL rt=407019667/1067417895 54 0 "ourhome" f4:6d:2f:12:cc:88 rssi=-42 f=5240 sc=60 link=433 tx=1.5, 0.0, 0.0  rx=3.8 bcn=95178 [on:0 tx:0 rx:0 period:338] from screen [on:123541 period:894652] score=60
10-15 23:23:50.524  3957  4129 D WifiStateMachine:  L2ConnectedState !CMD_RSSI_POLL rt=407019671/1067417899 54 0 "ourhome" f4:6d:2f:12:cc:88 rssi=-42 f=5240 sc=60 link=433 tx=1.5, 0.0, 0.0  rx=3.8 bcn=95178 [on:0 tx:0 rx:0 period:4] from screen [on:123541 period:894656] score=60
10-15 23:23:50.524  3957  4129 D WifiStateMachine:  get link layer stats 3
10-15 23:23:50.524  3436  3436 I android.hardware.wifi@1.0-service: getLinkLayerStats
10-15 23:23:50.542  3957  4129 D WifiStateMachine: fetchRssiLinkSpeedAndFrequencyNative rssi=-42 linkspeed=433 freq=5240
10-15 23:23:50.548  4340  4340 E SignalClusterView: setSlotFocusVisible : subId -2
10-15 23:23:50.548  4340  4340 E SignalClusterView: setSlotFocusVisible : subId -2
10-15 23:23:50.548 11321 11618 I BatteryMgr:DataCollectionService: stats => 1697405030548,251,4314,191,0,100
10-15 23:23:50.657 11321 11618 I BatteryMgr:DataCollectionService: stats => 1697405030657,251,4314,191,0,100
10-15 23:23:50.769 11321 11618 I BatteryMgr:DataCollectionService: stats => 1697405030768,251,4314,191,0,100
10-15 23:23:50.832  3957  4128 D WifiService: getConnectionInfo uid=1000
10-15 23:23:50.880 11321 11618 I BatteryMgr:DataCollectionService: stats => 1697405030880,251,4314,191,0,100
10-15 23:23:50.991 11321 11618 I BatteryMgr:DataCollectionService: stats => 1697405030991,251,4314,191,0,100
10-15 23:23:51.102 11321 11618 I BatteryMgr:DataCollectionService: stats => 1697405031102,251,4314,191,0,100
10-15 23:23:51.180  3957  4129 D WifiStateMachine:  ConnectedState !RSSI_PKTCNT_FETCH uid=1000 rt=407020327/1067418554 0 0 "ourhome" f4:6d:2f:12:cc:88 rssi=-42 f=5240 sc=60 link=433 tx=0.5, 0.0, 0.0  rx=3.3 bcn=95206 [on:0 tx:0 rx:0 period:634] from screen [on:123731 period:895313] score=60
10-15 23:23:51.183  3957  4129 D WifiStateMachine:  L2ConnectedState !RSSI_PKTCNT_FETCH uid=1000 rt=407020331/1067418559 0 0 "ourhome" f4:6d:2f:12:cc:88 rssi=-42 f=5240 sc=60 link=433 tx=0.5, 0.0, 0.0  rx=3.3 bcn=95206 [on:0 tx:0 rx:0 period:3] from screen [on:123731 period:895316] score=60
10-15 23:23:51.186  3957  4129 D WifiStateMachine: fetchRssiLinkSpeedAndFrequencyNative rssi=-43 linkspeed=433 freq=5240
10-15 23:23:51.219 11321 11618 I BatteryMgr:DataCollectionService: stats => 1697405031219,251,4314,191,0,100
10-15 23:23:51.339 11321 11618 I BatteryMgr:DataCollectionService: stats => 1697405031339,251,4314,191,0,100
10-15 23:23:51.452 11321 11618 I BatteryMgr:DataCollectionService: stats => 1697405031452,251,4314,191,0,100
10-15 23:23:51.564 11321 11618 I BatteryMgr:DataCollectionService: stats => 1697405031563,251,4314,191,0,100
10-15 23:23:51.675 11321 11618 I BatteryMgr:DataCollectionService: stats => 1697405031675,251,4314,191,0,100
10-15 23:23:51.788 11321 11618 I BatteryMgr:DataCollectionService: stats => 1697405031788,251,4314,191,0,100
10-15 23:23:51.835  3957  4128 D WifiService: getConnectionInfo uid=1000
10-15 23:23:51.900 11321 11618 I BatteryMgr:DataCollectionService: stats => 1697405031900,251,4314,191,0,100
10-15 23:23:52.013 11321 11618 I BatteryMgr:DataCollectionService: stats => 1697405032013,251,4314,191,0,100
10-15 23:23:52.127 11321 11618 I BatteryMgr:DataCollectionService: stats => 1697405032127,251,4314,191,0,100
10-15 23:23:52.178  3957  4129 D WifiStateMachine:  ConnectedState !RSSI_PKTCNT_FETCH uid=1000 rt=407021327/1067419555 0 0 "ourhome" f4:6d:2f:12:cc:88 rssi=-43 f=5240 sc=60 link=433 tx=0.5, 0.0, 0.0  rx=3.3 bcn=95206 [on:0 tx:0 rx:0 period:995] from screen [on:123731 period:896311] score=60
10-15 23:23:52.181  3957  4129 D WifiStateMachine:  L2ConnectedState !RSSI_PKTCNT_FETCH uid=1000 rt=407021330/1067419557 0 0 "ourhome" f4:6d:2f:12:cc:88 rssi=-43 f=5240 sc=60 link=433 tx=0.5, 0.0, 0.0  rx=3.3 bcn=95206 [on:0 tx:0 rx:0 period:3] from screen [on:123731 period:896314] score=60
10-15 23:23:52.189  3957  4129 D WifiStateMachine: fetchRssiLinkSpeedAndFrequencyNative rssi=-43 linkspeed=433 freq=5240
10-15 23:23:52.240 11321 11618 I BatteryMgr:DataCollectionService: stats => 1697405032239,251,4314,191,0,100
10-15 23:23:52.355 11321 11618 I BatteryMgr:DataCollectionService: stats => 1697405032355,208,4314,196,0,100
10-15 23:23:52.467 11321 11618 I BatteryMgr:DataCollectionService: stats => 1697405032466,208,4314,196,0,100
10-15 23:23:52.578 11321 11618 I BatteryMgr:DataCollectionService: stats => 1697405032578,208,4314,196,0,100
10-15 23:23:52.691 11321 11618 I BatteryMgr:DataCollectionService: stats => 1697405032691,208,4314,196,0,100
10-15 23:23:52.803 11321 11618 I BatteryMgr:DataCollectionService: stats => 1697405032803,208,4314,196,0,100
10-15 23:23:52.838  3957  4128 D WifiService: getConnectionInfo uid=1000
10-15 23:23:52.888  4961  4961 D io_stats: !@ 179,0 r 5775227 180703132 w 1316754 28453544 d 104726 31794428 f 302144 319001 iot 2525172 2227112 th 51200 0 0 pt 0 inp 0 0 407022.038
10-15 23:23:52.913 11321 11618 I BatteryMgr:DataCollectionService: stats => 1697405032913,208,4314,196,0,100
10-15 23:23:53.020 11321 11618 I BatteryMgr:DataCollectionService: stats => 1697405033020,208,4314,196,0,100
10-15 23:23:53.126  3957  4554 D BatteryService: !@BatteryListener : batteryPropertiesChanged!
10-15 23:23:53.130 11321 11618 I BatteryMgr:DataCollectionService: stats => 1697405033130,208,4314,196,0,100
10-15 23:23:53.179  3957  4129 D WifiStateMachine:  ConnectedState !RSSI_PKTCNT_FETCH uid=1000 rt=407022328/1067420556 0 0 "ourhome" f4:6d:2f:12:cc:88 rssi=-43 f=5240 sc=60 link=433 tx=0.5, 0.0, 0.0  rx=3.3 bcn=95206 [on:0 tx:0 rx:0 period:998] from screen [on:123731 period:897312] score=60
10-15 23:23:53.182  3957  4129 D WifiStateMachine:  L2ConnectedState !RSSI_PKTCNT_FETCH uid=1000 rt=407022330/1067420558 0 0 "ourhome" f4:6d:2f:12:cc:88 rssi=-43 f=5240 sc=60 link=433 tx=0.5, 0.0, 0.0  rx=3.3 bcn=95206 [on:0 tx:0 rx:0 period:3] from screen [on:123731 period:897315] score=60
10-15 23:23:53.188  3957  4129 D WifiStateMachine: fetchRssiLinkSpeedAndFrequencyNative rssi=-43 linkspeed=433 freq=5240
10-15 23:23:53.242 11321 11618 I BatteryMgr:DataCollectionService: stats => 1697405033242,208,4314,196,0,100
10-15 23:23:53.349 11321 11618 I BatteryMgr:DataCollectionService: stats => 1697405033349,208,4314,196,0,100
10-15 23:23:53.406  6343  6427 D ScanRecord: Not a Multi Manu data
10-15 23:23:53.442  6343  6427 I chatty  : uid=1002(bluetooth) BT Service Call identical 89 lines
10-15 23:23:53.442  6343  6427 D ScanRecord: Not a Multi Manu data
10-15 23:23:53.459 11321 11618 I BatteryMgr:DataCollectionService: stats => 1697405033459,208,4314,196,0,100
10-15 23:23:53.469  6343  6427 D ScanRecord: Not a Multi Manu data
10-15 23:23:53.542  6343  6427 I chatty  : uid=1002(bluetooth) BT Service Call identical 167 lines
10-15 23:23:53.542  6343  6427 D ScanRecord: Not a Multi Manu data
10-15 23:23:53.545  3957  4129 D WifiStateMachine:  ConnectedState !CMD_RSSI_POLL rt=407022695/1067420922 54 0 "ourhome" f4:6d:2f:12:cc:88 rssi=-43 f=5240 sc=60 link=433 tx=0.5, 0.0, 0.0  rx=3.3 bcn=95206 [on:0 tx:0 rx:0 period:363] from screen [on:123731 period:897678] score=60
10-15 23:23:53.547  3957  4129 D WifiStateMachine:  L2ConnectedState !CMD_RSSI_POLL rt=407022696/1067420924 54 0 "ourhome" f4:6d:2f:12:cc:88 rssi=-43 f=5240 sc=60 link=433 tx=0.5, 0.0, 0.0  rx=3.3 bcn=95206 [on:0 tx:0 rx:0 period:2] from screen [on:123731 period:897680] score=60
10-15 23:23:53.547  3957  4129 D WifiStateMachine:  get link layer stats 3
10-15 23:23:53.548  3436  3436 I android.hardware.wifi@1.0-service: getLinkLayerStats
10-15 23:23:53.552  3957  4129 D WifiStateMachine: fetchRssiLinkSpeedAndFrequencyNative rssi=-43 linkspeed=433 freq=5240
10-15 23:23:53.558  4340  4340 E SignalClusterView: setSlotFocusVisible : subId -2
10-15 23:23:53.558  4340  4340 E SignalClusterView: setSlotFocusVisible : subId -2
10-15 23:23:53.561  6343  6427 D ScanRecord: Not a Multi Manu data
10-15 23:23:53.564  6343  6427 I chatty  : uid=1002(bluetooth) BT Service Call identical 24 lines
10-15 23:23:53.564  6343  6427 D ScanRecord: Not a Multi Manu data
10-15 23:23:53.568 11321 11618 I BatteryMgr:DataCollectionService: stats => 1697405033568,208,4314,196,0,100
10-15 23:23:53.574  6343  6427 D ScanRecord: Not a Multi Manu data
10-15 23:23:53.660  6343  6427 I chatty  : uid=1002(bluetooth) BT Service Call identical 167 lines
10-15 23:23:53.660  6343  6427 D ScanRecord: Not a Multi Manu data
10-15 23:23:53.666  6343  6427 D ScanRecord: same manuId data exists, combine both data and store
10-15 23:23:53.666  6343  6427 D ScanRecord: It's a Multi Manu data
10-15 23:23:53.666  6343  6427 I chatty  : uid=1002(bluetooth) BT Service Call identical 9 lines
10-15 23:23:53.666  6343  6427 D ScanRecord: It's a Multi Manu data
10-15 23:23:53.666  6343  6427 D ScanRecord: same manuId data exists, combine both data and store
10-15 23:23:53.667  6343  6427 D ScanRecord: same manuId data exists, combine both data and store
10-15 23:23:53.667  6343  6427 D ScanRecord: It's a Multi Manu data
10-15 23:23:53.667  6343  6427 D ScanFilter: manu data matches
10-15 23:23:53.667  6343  6427 D BtGatt.GattService: onScanResult to scannerId: 6- event_type=0x1b, address_type=1, address=FE:D, primary_phy=1, secondary_phy=0, advertising_sid=0xff, tx_power=127, rssi=-95, periodic_adv_int=0x0
10-15 23:23:53.668  6120  6655 D ScanRecord: same manuId data exists, combine both data and store
10-15 23:23:53.676  6343  6427 D ScanRecord: Not a Multi Manu data
10-15 23:23:53.678  6343  6427 I chatty  : uid=1002(bluetooth) BT Service Call identical 24 lines
10-15 23:23:53.678  6343  6427 D ScanRecord: Not a Multi Manu data
10-15 23:23:53.681 11321 11618 I BatteryMgr:DataCollectionService: stats => 1697405033681,208,4314,196,0,100
10-15 23:23:53.685  6343  6427 D ScanRecord: Not a Multi Manu data
10-15 23:23:53.794  6343  6427 I chatty  : uid=1002(bluetooth) BT Service Call identical 204 lines
10-15 23:23:53.794  6343  6427 D ScanRecord: Not a Multi Manu data
10-15 23:23:53.794 11321 11618 I BatteryMgr:DataCollectionService: stats => 1697405033794,208,4314,196,0,100
10-15 23:23:53.794  6343  6427 D ScanRecord: Not a Multi Manu data
10-15 23:23:53.828  3957  4416 E Watchdog: !@Sync 13562 [2023-10-15 23:23:53.828]
10-15 23:23:53.837  6343  6427 I chatty  : uid=1002(bluetooth) BT Service Call identical 117 lines
10-15 23:23:53.837  6343  6427 D ScanRecord: Not a Multi Manu data
10-15 23:23:53.841  3957  4128 D WifiService: getConnectionInfo uid=1000
10-15 23:23:53.842  6343  6427 D ScanRecord: Not a Multi Manu data
10-15 23:23:53.884  6343  6427 I chatty  : uid=1002(bluetooth) BT Service Call identical 154 lines
10-15 23:23:53.884  6343  6427 D ScanRecord: Not a Multi Manu data
10-15 23:23:53.905 11321 11618 I BatteryMgr:DataCollectionService: stats => 1697405033905,208,4314,196,0,100
10-15 23:23:54.016 11321 11618 I BatteryMgr:DataCollectionService: stats => 1697405034016,208,4314,196,0,100
10-15 23:23:54.127 11321 11618 I BatteryMgr:DataCollectionService: stats => 1697405034127,208,4314,196,0,100
10-15 23:23:54.181  3957  4129 D WifiStateMachine:  ConnectedState !RSSI_PKTCNT_FETCH uid=1000 rt=407023330/1067421557 0 0 "ourhome" f4:6d:2f:12:cc:88 rssi=-43 f=5240 sc=60 link=433 tx=2.7, 0.0, 0.0  rx=3.7 bcn=95233 [on:0 tx:0 rx:0 period:622] from screen [on:124794 period:898313] score=60
10-15 23:23:54.183  3957  4129 D WifiStateMachine:  L2ConnectedState !RSSI_PKTCNT_FETCH uid=1000 rt=407023332/1067421559 0 0 "ourhome" f4:6d:2f:12:cc:88 rssi=-43 f=5240 sc=60 link=433 tx=2.7, 0.0, 0.0  rx=3.7 bcn=95233 [on:0 tx:0 rx:0 period:3] from screen [on:124794 period:898316] score=60
10-15 23:23:54.190  3957  4129 D WifiStateMachine: fetchRssiLinkSpeedAndFrequencyNative rssi=-43 linkspeed=433 freq=5240
10-15 23:23:54.238 11321 11618 I BatteryMgr:DataCollectionService: stats => 1697405034237,208,4314,196,0,100
10-15 23:23:54.348 11321 11618 I BatteryMgr:DataCollectionService: stats => 1697405034348,208,4314,196,0,100
10-15 23:23:54.460 11321 11618 I BatteryMgr:DataCollectionService: stats => 1697405034460,208,4314,196,0,100
10-15 23:23:54.569 11321 11618 I BatteryMgr:DataCollectionService: stats => 1697405034568,208,4314,196,0,100
10-15 23:23:54.679 11321 11618 I BatteryMgr:DataCollectionService: stats => 1697405034679,208,4314,196,0,100
10-15 23:23:54.792 11321 11618 I BatteryMgr:DataCollectionService: stats => 1697405034792,208,4314,196,0,100
10-15 23:23:54.844  3957  4128 D WifiService: getConnectionInfo uid=1000
10-15 23:23:54.901 11321 11618 I BatteryMgr:DataCollectionService: stats => 1697405034901,208,4314,196,0,100
10-15 23:23:55.015 11321 11618 I BatteryMgr:DataCollectionService: stats => 1697405035014,208,4314,196,0,100
10-15 23:23:55.129 11321 11618 I BatteryMgr:DataCollectionService: stats => 1697405035129,208,4314,196,0,100
10-15 23:23:55.182  3957  4129 D WifiStateMachine:  ConnectedState !RSSI_PKTCNT_FETCH uid=1000 rt=407024331/1067422558 0 0 "ourhome" f4:6d:2f:12:cc:88 rssi=-43 f=5240 sc=60 link=433 tx=2.7, 0.0, 0.0  rx=3.7 bcn=95233 [on:0 tx:0 rx:0 period:999] from screen [on:124794 period:899315] score=60
10-15 23:23:55.185  3957  4129 D WifiStateMachine:  L2ConnectedState !RSSI_PKTCNT_FETCH uid=1000 rt=407024333/1067422561 0 0 "ourhome" f4:6d:2f:12:cc:88 rssi=-43 f=5240 sc=60 link=433 tx=2.7, 0.0, 0.0  rx=3.7 bcn=95233 [on:0 tx:0 rx:0 period:3] from screen [on:124794 period:899318] score=60
10-15 23:23:55.192  3957  4129 D WifiStateMachine: fetchRssiLinkSpeedAndFrequencyNative rssi=-46 linkspeed=433 freq=5240
10-15 23:23:55.243 11321 11618 I BatteryMgr:DataCollectionService: stats => 1697405035243,208,4314,196,0,100
10-15 23:23:55.354 11321 11618 I BatteryMgr:DataCollectionService: stats => 1697405035354,208,4314,196,0,100
10-15 23:23:55.466 11321 11618 I BatteryMgr:DataCollectionService: stats => 1697405035466,208,4314,196,0,100
10-15 23:23:55.579 11321 11618 I BatteryMgr:DataCollectionService: stats => 1697405035578,208,4314,196,0,100
10-15 23:23:55.689 11321 11618 I BatteryMgr:DataCollectionService: stats => 1697405035689,208,4314,196,0,100
10-15 23:23:55.803 11321 11618 I BatteryMgr:DataCollectionService: stats => 1697405035803,208,4314,196,0,100
10-15 23:23:55.846  3957  4128 D WifiService: getConnectionInfo uid=1000
10-15 23:23:55.917 11321 11618 I BatteryMgr:DataCollectionService: stats => 1697405035917,208,4314,196,0,100
10-15 23:23:56.031 11321 11618 I BatteryMgr:DataCollectionService: stats => 1697405036030,208,4314,196,0,100
10-15 23:23:56.051  3957  4030 D SensorService: [SO] 0.091 -0.067 9.969
10-15 23:23:56.140 11321 11618 I BatteryMgr:DataCollectionService: stats => 1697405036140,208,4314,196,0,100
10-15 23:23:56.184  3957  4129 D WifiStateMachine:  ConnectedState !RSSI_PKTCNT_FETCH uid=1000 rt=407025332/1067423559 0 0 "ourhome" f4:6d:2f:12:cc:88 rssi=-46 f=5240 sc=60 link=433 tx=2.7, 0.0, 0.0  rx=3.7 bcn=95233 [on:0 tx:0 rx:0 period:998] from screen [on:124794 period:900316] score=60
10-15 23:23:56.185  3957  4129 D WifiStateMachine:  L2ConnectedState !RSSI_PKTCNT_FETCH uid=1000 rt=407025335/1067423562 0 0 "ourhome" f4:6d:2f:12:cc:88 rssi=-46 f=5240 sc=60 link=433 tx=2.7, 0.0, 0.0  rx=3.7 bcn=95233 [on:0 tx:0 rx:0 period:2] from screen [on:124794 period:900318] score=60
10-15 23:23:56.192  3957  4129 D WifiStateMachine: fetchRssiLinkSpeedAndFrequencyNative rssi=-44 linkspeed=433 freq=5240
10-15 23:23:56.248 11321 11618 I BatteryMgr:DataCollectionService: stats => 1697405036248,208,4314,196,0,100
10-15 23:23:56.362 11321 11618 I BatteryMgr:DataCollectionService: stats => 1697405036362,208,4314,196,0,100
10-15 23:23:56.470 11321 11618 I BatteryMgr:DataCollectionService: stats => 1697405036470,208,4314,196,0,100
10-15 23:23:56.555  3957  4129 D WifiStateMachine:  ConnectedState !CMD_RSSI_POLL rt=407025704/1067423931 54 0 "ourhome" f4:6d:2f:12:cc:88 rssi=-44 f=5240 sc=60 link=433 tx=2.7, 0.0, 0.0  rx=3.7 bcn=95233 [on:0 tx:0 rx:0 period:370] from screen [on:124794 period:900688] score=60
10-15 23:23:56.565  3957  4129 D WifiStateMachine:  L2ConnectedState !CMD_RSSI_POLL rt=407025706/1067423933 54 0 "ourhome" f4:6d:2f:12:cc:88 rssi=-44 f=5240 sc=60 link=433 tx=2.7, 0.0, 0.0  rx=3.7 bcn=95233 [on:0 tx:0 rx:0 period:9] from screen [on:124794 period:900697] score=60
10-15 23:23:56.565  3957  4129 D WifiStateMachine:  get link layer stats 3
10-15 23:23:56.565  3436  3436 I android.hardware.wifi@1.0-service: getLinkLayerStats
10-15 23:23:56.584  3957  4129 D WifiStateMachine: fetchRssiLinkSpeedAndFrequencyNative rssi=-43 linkspeed=433 freq=5240
10-15 23:23:56.585 11321 11618 I BatteryMgr:DataCollectionService: stats => 1697405036585,208,4314,196,0,100
10-15 23:23:56.589  4340  4340 E SignalClusterView: setSlotFocusVisible : subId -2
10-15 23:23:56.589  4340  4340 E SignalClusterView: setSlotFocusVisible : subId -2
10-15 23:23:56.694 11321 11618 I BatteryMgr:DataCollectionService: stats => 1697405036694,208,4314,196,0,100
10-15 23:23:56.804 11321 11618 I BatteryMgr:DataCollectionService: stats => 1697405036804,208,4314,196,0,100
10-15 23:23:56.848  3957  4128 D WifiService: getConnectionInfo uid=1000
10-15 23:23:56.917 11321 11618 I BatteryMgr:DataCollectionService: stats => 1697405036917,208,4314,196,0,100
10-15 23:23:57.029 11321 11618 I BatteryMgr:DataCollectionService: stats => 1697405037029,208,4314,196,0,100
10-15 23:23:57.140 11321 11618 I BatteryMgr:DataCollectionService: stats => 1697405037140,208,4314,196,0,100
10-15 23:23:57.184  3957  4129 D WifiStateMachine:  ConnectedState !RSSI_PKTCNT_FETCH uid=1000 rt=407026333/1067424561 0 0 "ourhome" f4:6d:2f:12:cc:88 rssi=-43 f=5240 sc=60 link=433 tx=1.0, 0.0, 0.0  rx=10.3 bcn=95259 [on:0 tx:0 rx:0 period:597] from screen [on:125133 period:901317] score=60
10-15 23:23:57.187  3957  4129 D WifiStateMachine:  L2ConnectedState !RSSI_PKTCNT_FETCH uid=1000 rt=407026335/1067424563 0 0 "ourhome" f4:6d:2f:12:cc:88 rssi=-43 f=5240 sc=60 link=433 tx=1.0, 0.0, 0.0  rx=10.3 bcn=95259 [on:0 tx:0 rx:0 period:3] from screen [on:125133 period:901320] score=60
10-15 23:23:57.194  3957  4129 D WifiStateMachine: fetchRssiLinkSpeedAndFrequencyNative rssi=-44 linkspeed=433 freq=5240
10-15 23:23:57.251 11321 11618 I BatteryMgr:DataCollectionService: stats => 1697405037251,208,4314,196,0,100
10-15 23:23:57.363 11321 11618 I BatteryMgr:DataCollectionService: stats => 1697405037363,208,4314,196,0,100
10-15 23:23:57.472 11321 11618 I BatteryMgr:DataCollectionService: stats => 1697405037471,208,4314,196,0,100
10-15 23:23:57.583 11321 11618 I BatteryMgr:DataCollectionService: stats => 1697405037583,208,4314,196,0,100
10-15 23:23:57.701 11321 11618 I BatteryMgr:DataCollectionService: stats => 1697405037701,208,4314,196,0,100
10-15 23:23:57.819 11321 11618 I BatteryMgr:DataCollectionService: stats => 1697405037819,208,4314,196,0,100
10-15 23:23:57.851  3957  4128 D WifiService: getConnectionInfo uid=1000
10-15 23:23:57.891  4961  4961 D io_stats: !@ 179,0 r 5775236 180703236 w 1316768 28453736 d 104727 31794500 f 302146 319003 iot 2525188 2227129 th 51200 0 0 pt 0 inp 0 0 407027.041
10-15 23:23:57.931 11321 11618 I BatteryMgr:DataCollectionService: stats => 1697405037930,208,4314,196,0,100
10-15 23:23:58.040 11321 11618 I BatteryMgr:DataCollectionService: stats => 1697405038040,208,4314,196,0,100
10-15 23:23:58.153 11321 11618 I BatteryMgr:DataCollectionService: stats => 1697405038152,208,4314,196,0,100
10-15 23:23:58.186  3957  4129 D WifiStateMachine:  ConnectedState !RSSI_PKTCNT_FETCH uid=1000 rt=407027335/1067425562 0 0 "ourhome" f4:6d:2f:12:cc:88 rssi=-44 f=5240 sc=60 link=433 tx=1.0, 0.0, 0.0  rx=10.3 bcn=95259 [on:0 tx:0 rx:0 period:999] from screen [on:125133 period:902319] score=60
10-15 23:23:58.188  3957  4129 D WifiStateMachine:  L2ConnectedState !RSSI_PKTCNT_FETCH uid=1000 rt=407027337/1067425564 0 0 "ourhome" f4:6d:2f:12:cc:88 rssi=-44 f=5240 sc=60 link=433 tx=1.0, 0.0, 0.0  rx=10.3 bcn=95259 [on:0 tx:0 rx:0 period:2] from screen [on:125133 period:902321] score=60
10-15 23:23:58.196  3957  4129 D WifiStateMachine: fetchRssiLinkSpeedAndFrequencyNative rssi=-43 linkspeed=433 freq=5240
10-15 23:23:58.264 11321 11618 I BatteryMgr:DataCollectionService: stats => 1697405038264,208,4314,196,0,100
10-15 23:23:58.379 11321 11618 I BatteryMgr:DataCollectionService: stats => 1697405038379,208,4314,196,0,100
10-15 23:23:58.407  6343  6427 D ScanRecord: Not a Multi Manu data
10-15 23:23:58.489  6343  6427 I chatty  : uid=1002(bluetooth) BT Service Call identical 167 lines
10-15 23:23:58.489  6343  6427 D ScanRecord: Not a Multi Manu data
10-15 23:23:58.490 11321 11618 I BatteryMgr:DataCollectionService: stats => 1697405038490,208,4314,196,0,100
10-15 23:23:58.491  6343  6427 D ScanRecord: Not a Multi Manu data
10-15 23:23:58.598  6343  6427 I chatty  : uid=1002(bluetooth) BT Service Call identical 154 lines
10-15 23:23:58.598  6343  6427 D ScanRecord: Not a Multi Manu data
10-15 23:23:58.602 11321 11618 I BatteryMgr:DataCollectionService: stats => 1697405038601,208,4314,196,0,100
10-15 23:23:58.616  6343  6427 D ScanRecord: Not a Multi Manu data
10-15 23:23:58.639  6343  6427 I chatty  : uid=1002(bluetooth) BT Service Call identical 37 lines
10-15 23:23:58.639  6343  6427 D ScanRecord: Not a Multi Manu data
10-15 23:23:58.640  6343  6427 D ScanRecord: same manuId data exists, combine both data and store
10-15 23:23:58.641  6343  6427 D ScanRecord: It's a Multi Manu data
10-15 23:23:58.641  6343  6427 I chatty  : uid=1002(bluetooth) BT Service Call identical 9 lines
10-15 23:23:58.641  6343  6427 D ScanRecord: It's a Multi Manu data
10-15 23:23:58.641  6343  6427 D ScanRecord: same manuId data exists, combine both data and store
10-15 23:23:58.642  6343  6427 D ScanRecord: same manuId data exists, combine both data and store
10-15 23:23:58.642  6343  6427 D ScanRecord: It's a Multi Manu data
10-15 23:23:58.642  6343  6427 D ScanFilter: manu data matches
10-15 23:23:58.642  6343  6427 D BtGatt.GattService: onScanResult to scannerId: 6- event_type=0x1b, address_type=1, address=FE:D, primary_phy=1, secondary_phy=0, advertising_sid=0xff, tx_power=127, rssi=-94, periodic_adv_int=0x0
10-15 23:23:58.643  6120  6655 D ScanRecord: same manuId data exists, combine both data and store
10-15 23:23:58.647  6343  6427 D ScanRecord: Not a Multi Manu data
10-15 23:23:58.666  3957  6478 D SSRM:k  : SIOP:: AP = 360, PST = 341 (W:24), BAT = 320, USB = 0, CHG = 0
10-15 23:23:58.707  6343  6427 I chatty  : uid=1002(bluetooth) BT Service Call identical 154 lines
10-15 23:23:58.707  6343  6427 D ScanRecord: Not a Multi Manu data
10-15 23:23:58.713 11321 11618 I BatteryMgr:DataCollectionService: stats => 1697405038713,208,4314,196,0,100
10-15 23:23:58.717  6343  6427 D ScanRecord: Not a Multi Manu data
10-15 23:23:58.818  6343  6427 I chatty  : uid=1002(bluetooth) BT Service Call identical 167 lines
10-15 23:23:58.818  6343  6427 D ScanRecord: Not a Multi Manu data
10-15 23:23:58.826 11321 11618 I BatteryMgr:DataCollectionService: stats => 1697405038826,208,4314,196,0,100
10-15 23:23:58.828  6343  6427 D ScanRecord: Not a Multi Manu data
10-15 23:23:58.852  6343  6427 I chatty  : uid=1002(bluetooth) BT Service Call identical 102 lines
10-15 23:23:58.852  6343  6427 D ScanRecord: Not a Multi Manu data
10-15 23:23:58.853  3957  4128 D WifiService: getConnectionInfo uid=1000
10-15 23:23:58.856  6343  6427 D ScanRecord: Not a Multi Manu data
10-15 23:23:58.903  6343  6427 I chatty  : uid=1002(bluetooth) BT Service Call identical 102 lines
10-15 23:23:58.903  6343  6427 D ScanRecord: Not a Multi Manu data
10-15 23:23:58.938 11321 11618 I BatteryMgr:DataCollectionService: stats => 1697405038938,208,4314,196,0,100
10-15 23:23:59.049 11321 11618 I BatteryMgr:DataCollectionService: stats => 1697405039049,208,4314,196,0,100
10-15 23:23:59.160 11321 11618 I BatteryMgr:DataCollectionService: stats => 1697405039160,208,4314,196,0,100
10-15 23:23:59.188  3957  4129 D WifiStateMachine:  ConnectedState !RSSI_PKTCNT_FETCH uid=1000 rt=407028337/1067426564 0 0 "ourhome" f4:6d:2f:12:cc:88 rssi=-43 f=5240 sc=60 link=433 tx=1.0, 0.0, 0.0  rx=10.3 bcn=95259 [on:0 tx:0 rx:0 period:1000] from screen [on:125133 period:903321] score=60
10-15 23:23:59.193  3957  4129 D WifiStateMachine:  L2ConnectedState !RSSI_PKTCNT_FETCH uid=1000 rt=407028339/1067426567 0 0 "ourhome" f4:6d:2f:12:cc:88 rssi=-43 f=5240 sc=60 link=433 tx=1.0, 0.0, 0.0  rx=10.3 bcn=95259 [on:0 tx:0 rx:0 period:5] from screen [on:125133 period:903326] score=60
10-15 23:23:59.199  3957  4129 D WifiStateMachine: fetchRssiLinkSpeedAndFrequencyNative rssi=-48 linkspeed=433 freq=5240
10-15 23:23:59.269 11321 11618 I BatteryMgr:DataCollectionService: stats => 1697405039269,208,4314,196,0,100
10-15 23:23:59.381 11321 11618 I BatteryMgr:DataCollectionService: stats => 1697405039381,208,4314,196,0,100
10-15 23:23:59.491 11321 11618 I BatteryMgr:DataCollectionService: stats => 1697405039491,208,4314,196,0,100
10-15 23:23:59.586  3957  4129 D WifiStateMachine:  ConnectedState !CMD_RSSI_POLL rt=407028736/1067426963 54 0 "ourhome" f4:6d:2f:12:cc:88 rssi=-48 f=5240 sc=60 link=433 tx=1.0, 0.0, 0.0  rx=10.3 bcn=95259 [on:0 tx:0 rx:0 period:393] from screen [on:125133 period:903719] score=60
10-15 23:23:59.588  3957  4129 D WifiStateMachine:  L2ConnectedState !CMD_RSSI_POLL rt=407028737/1067426965 54 0 "ourhome" f4:6d:2f:12:cc:88 rssi=-48 f=5240 sc=60 link=433 tx=1.0, 0.0, 0.0  rx=10.3 bcn=95259 [on:0 tx:0 rx:0 period:2] from screen [on:125133 period:903721] score=60
10-15 23:23:59.588  3957  4129 D WifiStateMachine:  get link layer stats 3
10-15 23:23:59.589  3436  3436 I android.hardware.wifi@1.0-service: getLinkLayerStats
10-15 23:23:59.601  3957  4129 D WifiStateMachine: fetchRssiLinkSpeedAndFrequencyNative rssi=-48 linkspeed=433 freq=5240
