10-15 22:48:15.718  3957  4157 D ConnectivityService: Network NetworkAgentInfo [WIFI () - 507] was already satisfying request 1145. No change.
10-15 22:48:15.718  4616  4616 D PhoneSwitcherNetworkRequstListener:   my score=101, my filter=[ Transports: CELLULAR Capabilities: MMS&SUPL&DUN&FOTA&IMS&CBS&IA&RCS&XCAP&EIMS&INTERNET&NOT_RESTRICTED&TRUSTED&NOT_VPN&ENT1 Specifier: <android.net.MatchAllNetworkSpecifier@0>]
10-15 22:48:15.718  4616  4616 D PhoneSwitcherNetworkRequstListener: evalRequest
10-15 22:48:15.718  4616  4616 D PhoneSwitcherNetworkRequstListener:   needNetworkFor
10-15 22:48:15.718  3957  4157 D ConnectivityService: sending notification AVAILABLE for NetworkRequest [ TRACK_DEFAULT id=1157, [ Capabilities: INTERNET&NOT_RESTRICTED&TRUSTED&NOT_VPN] ]
10-15 22:48:15.720  3957  4157 D ConnectivityService: sending notification CAP_CHANGED for NetworkRequest [ TRACK_DEFAULT id=1157, [ Capabilities: INTERNET&NOT_RESTRICTED&TRUSTED&NOT_VPN] ]
10-15 22:48:15.720  8234  8234 I ServiceChildProcess: onCreate
10-15 22:48:15.721  3957  4157 D ConnectivityService: sending notification IP_CHANGED for NetworkRequest [ TRACK_DEFAULT id=1157, [ Capabilities: INTERNET&NOT_RESTRICTED&TRUSTED&NOT_VPN] ]
10-15 22:48:15.722  8234  8274 I GeckoThread: preparing to run Gecko
10-15 22:48:15.722  3957  4313 D Ethernet: got request NetworkRequest [ TRACK_DEFAULT id=1157, [ Capabilities: INTERNET&NOT_RESTRICTED&TRUSTED&NOT_VPN] ] with score 100
10-15 22:48:15.722  3957  4129 D WIFI    : got request NetworkRequest [ TRACK_DEFAULT id=1157, [ Capabilities: INTERNET&NOT_RESTRICTED&TRUSTED&NOT_VPN] ] with score 100
10-15 22:48:15.723  3957  4313 D Ethernet:   my score=-1, my filter=[ Transports: ETHERNET Capabilities: INTERNET&NOT_RESTRICTED&TRUSTED&NOT_VPN LinkUpBandwidth>=100000Kbps LinkDnBandwidth>=100000Kbps]
10-15 22:48:15.723  3957  4153 D WIFI_P2P: got request NetworkRequest [ TRACK_DEFAULT id=1157, [ Capabilities: INTERNET&NOT_RESTRICTED&TRUSTED&NOT_VPN] ] with score 100
10-15 22:48:15.723  3957  4129 D WIFI    :   my score=60, my filter=[ Transports: WIFI Capabilities: NOT_METERED&INTERNET&NOT_RESTRICTED&TRUSTED&NOT_VPN LinkUpBandwidth>=1048576Kbps LinkDnBandwidth>=1048576Kbps]
10-15 22:48:15.723  3957  4313 D Ethernet: evalRequest
10-15 22:48:15.723  3957  4313 D Ethernet:   done
10-15 22:48:15.723  3957  4129 D WIFI    : evalRequest
10-15 22:48:15.723  3957  4153 D WIFI_P2P:   my score=60, my filter=[ Transports: WIFI Capabilities: WIFI_P2P&NOT_RESTRICTED&TRUSTED&NOT_VPN LinkUpBandwidth>=1048576Kbps LinkDnBandwidth>=1048576Kbps]
10-15 22:48:15.723  3957  4129 D WIFI    :   done
10-15 22:48:15.723  3957  4129 D WIFI_UT : got request NetworkRequest [ TRACK_DEFAULT id=1157, [ Capabilities: INTERNET&NOT_RESTRICTED&TRUSTED&NOT_VPN] ] with score 100
10-15 22:48:15.723  3957  4129 D WIFI_UT :   my score=2147483647, my filter=[ Transports: WIFI Capabilities: NOT_METERED&INTERNET&NOT_RESTRICTED&TRUSTED&NOT_VPN LinkUpBandwidth>=1048576Kbps LinkDnBandwidth>=1048576Kbps]
10-15 22:48:15.723  3957  4129 D WIFI_UT : evalRequest
10-15 22:48:15.723  3957  4129 D WIFI_UT :   needNetworkFor
10-15 22:48:15.723  3957  4153 D WIFI_P2P: evalRequest
10-15 22:48:15.723  3957  4153 D WIFI_P2P:   done
10-15 22:48:15.727  3957  5415 D ConnectivityService: filterNetworkStateForUid() uid: 10169 networkInfo: [type: WIFI[] - WIFI, state: CONNECTED/CONNECTED, reason: (unspecified), extra: "ourhome", failover: false, available: true, roaming: false, metered: false]
10-15 22:48:15.728  3957  5415 D WifiService: getConnectionInfo uid=1000
10-15 22:48:15.729  3599  3918 D DnsProxyListener: DNSDBG::dns addrinfo af 0
10-15 22:48:15.730  3957  5415 D ConnectivityService: filterNetworkStateForUid() uid: 10169 networkInfo: [type: WIFI[] - WIFI, state: CONNECTED/CONNECTED, reason: (unspecified), extra: "ourhome", failover: false, available: true, roaming: false, metered: false]
10-15 22:48:15.730  3957  5415 D WifiService: getConnectionInfo uid=1000
10-15 22:48:15.736  3599  3918 D DnsProxyListener: DNSDBG::dns addrinfo af 2
10-15 22:48:15.736  3599  3918 D DnsProxyListener: DNSDBG::dns addrinfo af 0
10-15 22:48:15.741  3599  3918 I chatty  : uid=0(root) /system/bin/netd identical 2 lines
10-15 22:48:15.747  3599  3918 D DnsProxyListener: DNSDBG::dns addrinfo af 0
10-15 22:48:15.758  3328  3328 W keymaster2_mdfpp: entered get_key_characteristics function.
10-15 22:48:15.759  3328  3328 W keymaster_tee: [WRN]KEY_PARAMS: AES ENC DEC GCM PADNO AUTH SIZE:256 
10-15 22:48:15.759  3328  3328 W keymaster_tee: [WRN]KEY_PARAMS: 20230928203226 
10-15 22:48:15.759  3328  3328 W keymaster2_mdfpp: exit get_key_characteristics function, returned 0
10-15 22:48:15.761  3599  3918 D DnsProxyListener: DNSDBG::dns addrinfo af 0
10-15 22:48:15.763  3328  3328 W keymaster2_mdfpp: entered get_key_characteristics function.
10-15 22:48:15.765  3328  3328 W keymaster_tee: [WRN]KEY_PARAMS: AES ENC DEC GCM PADNO AUTH SIZE:256 
10-15 22:48:15.765  3328  3328 W keymaster_tee: [WRN]KEY_PARAMS: 20230928203226 
10-15 22:48:15.765  3328  3328 W keymaster2_mdfpp: exit get_key_characteristics function, returned 0
10-15 22:48:15.778 12416 12416 E adbd    : recv: OPEN 00000bc1 00000000 003e:73 68 65 6C 6C 2C 76 32 2C 54 45 52 4D 3D 78 74 65 72 6D 2D 32 35 36 63 6F 6C 6F 72 2C 72 61 77 3A 67 65 74 70 72 6F 70 20 72 6F 2E 62 75 69 6C 64 2E 76 65 72 73 69 6F 6E 2E 73 64 6B 00 
10-15 22:48:15.778 12416 12416 E adbd    : service_to_fd: shell,v2,TERM=xterm-256color,raw:getprop ro.build.version.sdk
10-15 22:48:15.785  8087  8266 I FirefoxAccount: Registering persistence callback
10-15 22:48:15.785  8087  8266 I FirefoxAccountStateMachine: Ran 'mozilla.components.service.fxa.manager.Event$Account$Start@378e941' side-effects for state Active(progressState=Initializing), got successive event mozilla.components.service.fxa.manager.Event$Progress$AccountNotFound@451291f
10-15 22:48:15.785  8087  8266 I FirefoxAccountStateMachine: Processing event 'mozilla.components.service.fxa.manager.Event$Progress$AccountNotFound@451291f' for state Active(progressState=Initializing). Next state is Idle(accountState=NotAuthenticated)
10-15 22:48:15.789  3957  7899 V WindowManager: finishDrawingLocked: mDrawState=COMMIT_DRAW_PENDING Window{144bb1 u0 org.mozilla.fenix/org.mozilla.fenix.App} in Surface(name=org.mozilla.fenix/org.mozilla.fenix.App)
10-15 22:48:15.790  8087  8087 D ViewRootImpl@d3f309b[App]: MSG_RESIZED_REPORT: frame=Rect(0, 0 - 720, 1280) ci=Rect(0, 42 - 0, 0) vi=Rect(0, 42 - 0, 0) or=1
10-15 22:48:15.790  8087  8087 D ViewRootImpl@d3f309b[App]: MSG_WINDOW_FOCUS_CHANGED 1
10-15 22:48:15.790  3599  3918 D DnsProxyListener: DNSDBG::dns addrinfo af 0
10-15 22:48:15.799  3957  4025 D ViewRootImpl@1a70736[fenix]: dispatchDetachedFromWindow
10-15 22:48:15.799  3957  4025 D InputEventReceiver: channel '214b637 Splash Screen org.mozilla.fenix (client)' ~ Disposing input event receiver.
10-15 22:48:15.799  3957  4025 D InputEventReceiver: channel '214b637 Splash Screen org.mozilla.fenix (client)' ~NativeInputEventReceiver.
10-15 22:48:15.803  3957  3973 D WindowManager: set systemUiVisibility : systemUiFlags= 0x2618 fullscreenStackSysUiFlags= 0x0
10-15 22:48:15.807  3957  5415 D WindowManager: adjustSystemUiVisibilityLw : vis= 0x2618
10-15 22:48:15.808  3957  3981 I ActivityManager: Displayed org.mozilla.fenix/.App: +1s254ms
10-15 22:48:15.811  3957  3981 D CustomFrequencyManagerService: acquireDVFSLockLocked : type : DVFS_MIN_LIMIT  frequency : 1560000  uid : 1000  pid : 3957  pkgName : AMS_RESUME_TAIL@CPU_MIN@58
10-15 22:48:15.811  3957  3973 D WindowManager: set systemUiVisibility : systemUiFlags= 0x2618 fullscreenStackSysUiFlags= 0x2000
10-15 22:48:15.811  3957  3981 D ActivityManagerPerformance: AMP_acquire() TAIL
10-15 22:48:15.813  3957  3981 D CustomFrequencyManagerService: releaseDVFSLockLocked : Getting Lock type frm List : DVFS_MIN_LIMIT  frequency : 1560000  uid : 1000  pid : 3957  tag : AMS_APP_SWITCH@CPU_MIN@52
10-15 22:48:15.813  8087  8087 V InputMethodManager: Starting input: tba=android.view.inputmethod.EditorInfo@e10246c nm : org.mozilla.fenix ic=null
10-15 22:48:15.813  8087  8087 I InputMethodManager: startInputInner - mService.startInputOrWindowGainedFocus
10-15 22:48:15.813  3957  3981 D ActivityManagerPerformance: AMP_release() APP_SWITCH
10-15 22:48:15.814  3957  5415 D InputMethodManagerService: startInputOrWindowGainedFocus : windowGainedFocus 
10-15 22:48:15.814  3957  5415 D InputMethodManagerService: windowGainedFocus: destinationUserId (getCallingUid) = 0
10-15 22:48:15.814  3957  5415 D InputMethodManagerService: windowGainedFocus: currentUserId=0
10-15 22:48:15.814  3957  5415 D InputMethodManagerService: windowGainedFocus: mCurrentFocusedUserId=0
10-15 22:48:15.814  3957  5415 D InputMethodManagerService: windowGainedFocus : lock - currentUserId = 0 destinationUserId = 0
10-15 22:48:15.815  3957  5415 D InputMethodManagerService: windowGainedFocus : mCurrentFocusedUserId - 0 and mSecureKeypadEnabled - false, userSwitched - false
10-15 22:48:15.815  3957  5415 V InputMethodManagerService: windowGainedFocus : reason=WINDOW_FOCUS_GAIN client=android.os.BinderProxy@81fc73b inputContext=null missingMethods= attribute=android.view.inputmethod.EditorInfo@1521dd2 nm = org.mozilla.fenix controlFlags=#104 softInputMode=#110 windowFlags=#81010100
10-15 22:48:15.815  3957  5415 V InputMethodManagerService: hideCurrentInputLocked : shouldHideSoftInput is false
10-15 22:48:15.817  3957  5415 D InputMethodManagerService: isImeSwitcherDisabledPackage : false
10-15 22:48:15.817  3957  5415 V InputMethodManagerService: Creating new session for client ClientState{778dea3 uid 10169 pid 8087}
10-15 22:48:15.822  3957  5415 D InputMethodManagerService: setCurrentInputInfo - inputContext : null eidtorInfo : android.view.inputmethod.EditorInfo@1521dd2 missingMethods : 0
10-15 22:48:15.822  3957  7899 D ConnectivityService: filterNetworkStateForUid() uid: 10169 networkInfo: [type: WIFI[] - WIFI, state: CONNECTED/CONNECTED, reason: (unspecified), extra: "ourhome", failover: false, available: true, roaming: false, metered: false]
10-15 22:48:15.822  3957  7899 D WifiService: getConnectionInfo uid=1000
10-15 22:48:15.824  3957  7899 I chatty  : uid=1000(system) Binder:3957_11 identical 1 line
10-15 22:48:15.825  3957  7899 D WifiService: getConnectionInfo uid=1000
10-15 22:48:15.826  6896  6896 I InputMethodWrapper:  call dispatchStartInputWithToken
10-15 22:48:15.826  6896  6896 I InputMethodService: dispatchStartInputWithToken
10-15 22:48:15.827  6896  6896 I SKBD    : SamsungKeypad [IMI] onStartInput - caller pid : 8087, caller uid : 10169
10-15 22:48:15.842  3447  3447 I SurfaceFlinger: Display 0 HWC layers:
10-15 22:48:15.842  3447  3447 I SurfaceFlinger:     type    |    handle    | flag |  format   |   source crop (l,t,r,b)    |         frame       | name 
10-15 22:48:15.842  3447  3447 I SurfaceFlinger: ------------+--------------+------+-----------+----------------------------+---------------------+------
10-15 22:48:15.842  3447  3447 I SurfaceFlinger:      Client | 0x7e9ed37d80 | 0000 | RGBA_8888 |   0.0    0.0  720.0 1280.0 |    0    0  720 1280 | org.mozilla.fenix/org.mozilla.fenix.App#0
10-15 22:48:15.842  3447  3447 I SurfaceFlinger:      Client | 0x7e9ec22d40 | 0000 | RGBA_8888 |   0.0    0.0  720.0 1280.0 |    0    0  720 1280 | Splash Screen org.mozilla.fenix#0
10-15 22:48:15.842  3447  3447 I SurfaceFlinger:      Client | 0x7ea50249c0 | 0000 | RGBA_8888 |   0.0    0.0  720.0   42.0 |    0    0  720   42 | StatusBar#0
10-15 22:48:15.842  3447  3447 I SurfaceFlinger: 
10-15 22:48:15.843  8234  8274 W linker  : "/data/app/org.mozilla.fenix-iWpGOrf8cry6RDpwHyQugA==/lib/arm64/libmozglue.so" unused DT entry: type 0x8000024 arg 0x38f70
10-15 22:48:15.844  8234  8274 W linker  : "/data/app/org.mozilla.fenix-iWpGOrf8cry6RDpwHyQugA==/lib/arm64/libmozglue.so" unused DT entry: type 0x8000023 arg 0x1f8
10-15 22:48:15.844  8234  8274 W linker  : "/data/app/org.mozilla.fenix-iWpGOrf8cry6RDpwHyQugA==/lib/arm64/libmozglue.so" unused DT entry: type 0x8000025 arg 0x8
10-15 22:48:15.848  8234  8274 I GeckoLoader: Library base=/data/app/org.mozilla.fenix-iWpGOrf8cry6RDpwHyQugA==/lib/arm64
10-15 22:48:15.848  8234  8274 I GeckoLoader: Library base=/data/app/org.mozilla.fenix-iWpGOrf8cry6RDpwHyQugA==/lib/arm64
10-15 22:48:15.849  8234  8274 E GeckoLibLoad: Load sqlite start
10-15 22:48:15.851  8234  8274 W linker  : "/data/app/org.mozilla.fenix-iWpGOrf8cry6RDpwHyQugA==/lib/arm64/libnss3.so" unused DT entry: type 0x8000024 arg 0x14998
10-15 22:48:15.852  8234  8274 W linker  : "/data/app/org.mozilla.fenix-iWpGOrf8cry6RDpwHyQugA==/lib/arm64/libnss3.so" unused DT entry: type 0x8000023 arg 0x5c8
10-15 22:48:15.852  8234  8274 W linker  : "/data/app/org.mozilla.fenix-iWpGOrf8cry6RDpwHyQugA==/lib/arm64/libnss3.so" unused DT entry: type 0x8000025 arg 0x8
10-15 22:48:15.853  8087  8087 V InputMethodManager: Starting input: tba=android.view.inputmethod.EditorInfo@e0d7aa5 nm : org.mozilla.fenix ic=null
10-15 22:48:15.854 12416 12416 E adbd    : recv: OPEN 00000bc5 00000000 0042:73 68 65 6C 6C 2C 76 32 2C 54 45 52 4D 3D 78 74 65 72 6D 2D 32 35 36 63 6F 6C 6F 72 2C 72 61 77 3A 67 65 74 70 72 6F 70 20 72 6F 2E 62 75 69 6C 64 2E 76 65 72 73 69 6F 6E 2E 72 65 6C 65 61 73 65 00 
10-15 22:48:15.854 12416 12416 E adbd    : service_to_fd: shell,v2,TERM=xterm-256color,raw:getprop ro.build.version.release
10-15 22:48:15.854  8234  8274 E GeckoLibLoad: Load sqlite done
10-15 22:48:15.855  8234  8274 I GeckoLoader: Library base=/data/app/org.mozilla.fenix-iWpGOrf8cry6RDpwHyQugA==/lib/arm64
10-15 22:48:15.855  3957  7899 D WifiService: getConnectionInfo uid=1000
10-15 22:48:15.855  8234  8274 E GeckoLibLoad: Load nss start
10-15 22:48:15.855  8234  8274 E GeckoLibLoad: Load nss done
10-15 22:48:15.855  8234  8274 I GeckoLoader: Library base=/data/app/org.mozilla.fenix-iWpGOrf8cry6RDpwHyQugA==/lib/arm64
10-15 22:48:15.856  3957  7899 I chatty  : uid=1000(system) Binder:3957_11 identical 4 lines
10-15 22:48:15.857  3957  7899 D WifiService: getConnectionInfo uid=1000
10-15 22:48:15.858  3957  7899 D ConnectivityService: filterNetworkStateForUid() uid: 10169 networkInfo: [type: WIFI[] - WIFI, state: CONNECTED/CONNECTED, reason: (unspecified), extra: "ourhome", failover: false, available: true, roaming: false, metered: false]
10-15 22:48:15.859  3957  7899 D WifiService: getConnectionInfo uid=1000
10-15 22:48:15.859  8234  8274 W linker  : "/data/app/org.mozilla.fenix-iWpGOrf8cry6RDpwHyQugA==/lib/arm64/libxul.so" unused DT entry: type 0x8000024 arg 0x539420
10-15 22:48:15.860  8234  8274 W linker  : "/data/app/org.mozilla.fenix-iWpGOrf8cry6RDpwHyQugA==/lib/arm64/libxul.so" unused DT entry: type 0x8000023 arg 0x17d68
10-15 22:48:15.860  8234  8274 W linker  : "/data/app/org.mozilla.fenix-iWpGOrf8cry6RDpwHyQugA==/lib/arm64/libxul.so" unused DT entry: type 0x8000025 arg 0x8
10-15 22:48:15.890  3599  3918 D DnsProxyListener: DNSDBG::dns addrinfo af 2
10-15 22:48:15.894  8234  8274 E GeckoLibLoad: Loaded libs in 38.555115ms total, 24ms(20ms) user, 8ms(12ms) system, 0(0) faults
10-15 22:48:15.894  8234  8274 W GeckoThread: zerdatime 1065283273 - runGecko
10-15 22:48:15.905  3957  3966 I zygote64: Background concurrent copying GC freed 139159(6MB) AllocSpace objects, 45(996KB) LOS objects, 36% free, 42MB/66MB, paused 965us total 191.802ms
10-15 22:48:15.908  3957  4129 D WifiStateMachine:  ConnectedState !RSSI_PKTCNT_FETCH uid=1000 rt=404885058/1065283285 0 0 "ourhome" f4:6d:2f:12:cc:88 rssi=-41 f=5240 sc=60 link=433 tx=1.3, 0.0, 0.0  rx=0.4 bcn=76410 [on:0 tx:0 rx:0 period:316] from screen [on:501131 period:3062884] score=60
10-15 22:48:15.909  3957  4129 D WifiStateMachine:  L2ConnectedState !RSSI_PKTCNT_FETCH uid=1000 rt=404885059/1065283287 0 0 "ourhome" f4:6d:2f:12:cc:88 rssi=-41 f=5240 sc=60 link=433 tx=1.3, 0.0, 0.0  rx=0.4 bcn=76410 [on:0 tx:0 rx:0 period:1] from screen [on:501131 period:3062885] score=60
10-15 22:48:15.911  3957  4129 D WifiStateMachine: fetchRssiLinkSpeedAndFrequencyNative rssi=-45 linkspeed=433 freq=5240
10-15 22:48:15.921  8087  8118 W GeckoEventDispatcher: No listener for GeckoView:PageAction:Update
10-15 22:48:15.925 12416 12416 E adbd    : recv: OPEN 00000bc9 00000000 003e:73 68 65 6C 6C 2C 76 32 2C 54 45 52 4D 3D 78 74 65 72 6D 2D 32 35 36 63 6F 6C 6F 72 2C 72 61 77 3A 67 65 74 70 72 6F 70 20 72 6F 2E 62 75 69 6C 64 2E 76 65 72 73 69 6F 6E 2E 73 64 6B 00 
10-15 22:48:15.925 12416 12416 E adbd    : service_to_fd: shell,v2,TERM=xterm-256color,raw:getprop ro.build.version.sdk
10-15 22:48:15.935  8087  8087 D skia    : approximate: numPoints=40, lengths[39]=620.200073, totalLength=620.200073, segmentPoints[39]=[422.600037,0.000000]
10-15 22:48:15.935  8087  8087 D skia    : approximate: approximation[117]=1.000000, approximation[118]=422.600037, approximation[119]=0.000000
10-15 22:48:15.935  8087  8087 D skia    : approximate: numPoints=4, lengths[3]=3.448155, totalLength=3.448155, segmentPoints[3]=[3.000000,0.100000]
10-15 22:48:15.935  8087  8087 D skia    : approximate: approximation[9]=1.000000, approximation[10]=3.000000, approximation[11]=0.100000
10-15 22:48:15.936  8087  8087 D skia    : approximate: numPoints=37, lengths[36]=722.199951, totalLength=722.199951, segmentPoints[36]=[199.600006,0.000000]
10-15 22:48:15.936  8087  8087 D skia    : approximate: approximation[108]=1.000000, approximation[109]=199.600006, approximation[110]=0.000000
10-15 22:48:15.936  8087  8087 D skia    : approximate: numPoints=3, lengths[2]=2.472497, totalLength=2.472497, segmentPoints[2]=[2.000000,0.100000]
10-15 22:48:15.936  8087  8087 D skia    : approximate: approximation[6]=1.000000, approximation[7]=2.000000, approximation[8]=0.100000
10-15 22:48:15.942  8087  8087 V InputMethodManager: Starting input: tba=android.view.inputmethod.EditorInfo@5306bcf nm : org.mozilla.fenix ic=null
10-15 22:48:15.942  8087  8087 I InputMethodManager: startInputInner - mService.startInputOrWindowGainedFocus
10-15 22:48:15.942  3957  5414 D InputMethodManagerService: startInputOrWindowGainedFocus : startInput 
10-15 22:48:15.943  3957  5414 D InputMethodManagerService: setCurrentInputInfo - inputContext : null eidtorInfo : android.view.inputmethod.EditorInfo@db0c1ff missingMethods : 0
10-15 22:48:15.943  6896  6896 I InputMethodWrapper:  call dispatchStartInputWithToken
10-15 22:48:15.943  6896  6896 I InputMethodService: dispatchStartInputWithToken
10-15 22:48:15.944  6896  6896 I SKBD    : SamsungKeypad [IMI] onStartInput - caller pid : 8087, caller uid : 10169
10-15 22:48:15.970  3957  4025 I WindowManager: Destroying surface Surface(name=Splash Screen org.mozilla.fenix) called by com.android.server.wm.WindowStateAnimator.destroySurface:2501 com.android.server.wm.WindowStateAnimator.destroySurfaceLocked:985 com.android.server.wm.WindowState.destroyOrSaveSurfaceUnchecked:3670 com.android.server.wm.WindowState.destroySurface:3618 com.android.server.wm.AppWindowToken.destroySurfaces:722 com.android.server.wm.AppWindowToken.destroySurfaces:706 com.android.server.wm.WindowState.onExitAnimationDone:5316 com.android.server.wm.WindowStateAnimator.stepAnimationLocked:550 
10-15 22:48:15.970  3447 18688 I SurfaceFlinger: id=1808 Removed Splash Screen org.mozilla.fenix#0 (4/5)
10-15 22:48:15.972  3447  3447 I SurfaceFlinger: Display 0 HWC layers:
10-15 22:48:15.972  3447  3447 I SurfaceFlinger:     type    |    handle    | flag |  format   |   source crop (l,t,r,b)    |         frame       | name 
10-15 22:48:15.972  3447  3447 I SurfaceFlinger: ------------+--------------+------+-----------+----------------------------+---------------------+------
10-15 22:48:15.972  3447  3447 I SurfaceFlinger:      Device | 0x7e9ec23940 | 0000 | RGBA_8888 |   0.0    0.0  720.0 1280.0 |    0    0  720 1280 | org.mozilla.fenix/org.mozilla.fenix.App#0
10-15 22:48:15.972  3447  3447 I SurfaceFlinger:      Device | 0x7ea5024cc0 | 0000 | RGBA_8888 |   0.0    0.0  720.0   42.0 |    0    0  720   42 | StatusBar#0
10-15 22:48:15.972  3447  3447 I SurfaceFlinger: 
10-15 22:48:15.975  8234  8274 W AudioCapabilities: Unsupported mime audio/mpeg-L1
10-15 22:48:15.976  8234  8274 W AudioCapabilities: Unsupported mime audio/mpeg-L2
10-15 22:48:15.978  3447  4088 I SurfaceFlinger: id=1808 Removed Splash Screen org.mozilla.fenix#0 (-2/5)
10-15 22:48:15.979  8234  8274 W AudioCapabilities: Unsupported mime audio/x-ms-wma
10-15 22:48:15.980  8234  8274 W AudioCapabilities: Unsupported mime audio/x-ima
10-15 22:48:15.986  3447  3447 I Layer   : id=1808 onRemoved Splash Screen org.mozilla.fenix#0 
10-15 22:48:15.986 12416 12416 E adbd    : recv: OPEN 00000bcd 00000000 015d:73 68 65 6C 6C 2C 76 32 2C 54 45 52 4D 3D 78 74 65 72 6D 2D 32 35 36 63 6F 6C 6F 72 2C 72 61 77 3A 61 6D 20 73 74 61 72 74 2D 66 6F 72 65 67 72 6F 75 6E 64 2D 73 65 72 76 69 63 65 20 2D 6E 20 22 63 6F 6D 2E 65 78 61 6D 70 6C 65 2E 62 61 74 74 65 72 79 6D 61 6E 61 67 65 72 5F 75 74 69 6C 69 74 79 2F 63 6F 6D 2E 65 78 61 6D 70 6C 65 2E 62 61 74 74 65 72 79 6D 61 6E 61 67 65 72 5F 75 74 69 6C 69 74 79 2E 44 61 74 61 43 6F 6C 6C 65 63 74 69 6F 6E 53 65 72 76 69 63 65 22 20 2D 2D 65 69 20 73 61 6D 70 6C 65 52 61 74 65 20 31 30 30 20 2D 2D 65 73 20 22 64 61 74 61 46 69 65 6C 64 73 22 20 22 42 41 54 54 45 52 59 5F 50 52 4F 50 45 52 54 59 5F 43 55 52 52 45 4E 54 5F 4E 4F 57 2C 45 58 54 52 41 5F 56 4F 4C 54 41 47 45 2C 42 41 54 54 45 52 59 5F 50 52 4F 50 45 52 54 59 5F 43 55 52 52 45 4E 54 5F 41 56 45 52 41 47 45 2C 42 41 54 54 45 52 59 5F 50 52 4F 50 45 52 54 59 5F 43 48 41 52 47 45 5F 43 4F 55 4E 54 45 52 2C 42 41 54 54 45 52 59 5F 50 52 4F 50 45 52 54 59 5F 43 41 50 41 43 49 54 59
10-15 22:48:15.986 12416 12416 E adbd    : service_to_fd: shell,v2,TERM=xterm-256color,raw:am start-foreground-service -n "com.example.batterymanager_utility/com.example.batterymanager_utility.DataCollectionService" --ei sampleRate 100 --es "dataFields" "BATTERY_PROPERTY_CURRENT_NOW,EXTRA_VOLTAGE,BATTERY_PROPERTY_CURRENT_AVERAGE,BATTERY_PROPERTY_CHARGE_COUNTER,BATTERY_PROPERTY_CAPACITY" --ez toCSV false
10-15 22:48:15.987  8234  8274 W VideoCapabilities: Unrecognized profile 2130706433 for video/avc
10-15 22:48:15.987  8234  8274 W VideoCapabilities: Unrecognized profile 2130706434 for video/avc
10-15 22:48:15.993  8234  8274 W VideoCapabilities: Unrecognized profile 2130706433 for video/avc
10-15 22:48:15.993  8234  8274 W VideoCapabilities: Unrecognized profile 2130706434 for video/avc
10-15 22:48:16.007  8234  8274 W VideoCapabilities: Unrecognized profile 2130706433 for video/avc
10-15 22:48:16.007  8234  8274 W VideoCapabilities: Unrecognized profile 2130706434 for video/avc
10-15 22:48:16.011  8234  8274 W VideoCapabilities: Unsupported mime video/avc-wfd
10-15 22:48:16.038  8234  8274 I VideoCapabilities: Unsupported profile 4 for video/mp4v-es
10-15 22:48:16.055  7991  7991 I BatteryMgr:DataCollectionService: onStartCommand: begin
10-15 22:48:16.055  7991  7991 I BatteryMgr:DataCollectionService: onStartCommand: sampleRate => 100
10-15 22:48:16.055  7991  7991 I BatteryMgr:DataCollectionService: onStartCommand: rawFields => Timestamp,BATTERY_PROPERTY_CURRENT_NOW,EXTRA_VOLTAGE,BATTERY_PROPERTY_CURRENT_AVERAGE,BATTERY_PROPERTY_CHARGE_COUNTER,BATTERY_PROPERTY_CAPACITY
10-15 22:48:16.057  7991  7991 I BatteryMgr:DataCollectionService: onStartCommand: notification done
10-15 22:48:16.058  7991  7991 D Notification: allPendingIntents
10-15 22:48:16.059  7991  7991 I BatteryMgr:DataCollectionService: started foreground
10-15 22:48:16.062  3957  3972 D ApplicationPolicy: isStatusBarNotificationAllowedAsUser: packageName = com.example.batterymanager_utility,userId = 0
10-15 22:48:16.063  3957  3972 D API test: getContainerInfo: value is 
10-15 22:48:16.065  3957  3972 D ApplicationPolicy: isStatusBarNotificationAllowedAsUser: packageName = com.example.batterymanager_utility,userId = 0
10-15 22:48:16.065  3957  3972 D API test: getContainerInfo: value is 
10-15 22:48:16.068  3957  3957 I AccessibilityManagerService: semOnLightNotification(null), bIsFlashOn : false
10-15 22:48:16.068  3957  3957 D AccessibilityManagerService: Can't use light notification
10-15 22:48:16.076  8234  8274 W VideoCapabilities: Unrecognized profile/level 1/32 for video/mp4v-es
10-15 22:48:16.076  8234  8274 W VideoCapabilities: Unrecognized profile/level 32768/2 for video/mp4v-es
10-15 22:48:16.076  8234  8274 W VideoCapabilities: Unrecognized profile/level 32768/64 for video/mp4v-es
10-15 22:48:16.076 12416 12416 E adbd    : recv: OPEN 00000bd1 00000000 0042:73 68 65 6C 6C 2C 76 32 2C 54 45 52 4D 3D 78 74 65 72 6D 2D 32 35 36 63 6F 6C 6F 72 2C 72 61 77 3A 67 65 74 70 72 6F 70 20 72 6F 2E 62 75 69 6C 64 2E 76 65 72 73 69 6F 6E 2E 72 65 6C 65 61 73 65 00 
10-15 22:48:16.076 12416 12416 E adbd    : service_to_fd: shell,v2,TERM=xterm-256color,raw:getprop ro.build.version.release
10-15 22:48:16.078  8234  8274 W VideoCapabilities: Unsupported mime video/wvc1
10-15 22:48:16.080  8234  8274 W VideoCapabilities: Unsupported mime video/x-ms-wmv
10-15 22:48:16.082  8234  8274 W VideoCapabilities: Unsupported mime video/x-ms-wmv7
10-15 22:48:16.083  8234  8274 W VideoCapabilities: Unsupported mime video/x-ms-wmv8
10-15 22:48:16.085  8234  8274 W VideoCapabilities: Unsupported mime video/mp43
10-15 22:48:16.087  7991  8350 I BatteryMgr:DataCollectionService: collectData: begin
10-15 22:48:16.087  3957  3957 D AudioService: getStreamVolume 5 index 110
10-15 22:48:16.089  3957  5414 D Notification: allPendingIntents
10-15 22:48:16.089  4340  4340 D StatusBar: addNotification key=0|com.example.batterymanager_utility|1|null|10170 fullscreen:false
10-15 22:48:16.092  3957  5414 D Notification: allPendingIntents
10-15 22:48:16.095  7991  8350 I BatteryMgr:DataCollectionService: stats => 1697402896094,195,4314,207,0,100
10-15 22:48:16.098  8234  8274 W AudioCapabilities: Unsupported mime audio/mpeg-L1
10-15 22:48:16.098  8087  8354 I libglean_ffi: glean_core::upload: New upload task with id 23f02d2d-2ff1-43fa-ba15-3ff5bbe4bd59 (path: /submit/org-mozilla-fenix/baseline/1/23f02d2d-2ff1-43fa-ba15-3ff5bbe4bd59)
10-15 22:48:16.098  8234  8274 W AudioCapabilities: Unsupported mime audio/mpeg-L2
10-15 22:48:16.098  8234  8274 W AudioCapabilities: Unsupported mime audio/x-ms-wma
10-15 22:48:16.098  8234  8274 W AudioCapabilities: Unsupported mime audio/x-ima
10-15 22:48:16.099  8234  8274 W VideoCapabilities: Unrecognized profile 2130706433 for video/avc
10-15 22:48:16.100  8234  8274 W VideoCapabilities: Unrecognized profile 2130706434 for video/avc
10-15 22:48:16.102  3599  3918 D DnsProxyListener: DNSDBG::dns addrinfo af 0
10-15 22:48:16.103  8234  8274 W VideoCapabilities: Unrecognized profile/level 1/32 for video/mp4v-es
10-15 22:48:16.103  8234  8274 W VideoCapabilities: Unrecognized profile/level 32768/2 for video/mp4v-es
10-15 22:48:16.103  8234  8274 W VideoCapabilities: Unrecognized profile/level 32768/64 for video/mp4v-es
10-15 22:48:16.104  8234  8274 W VideoCapabilities: Unsupported mime video/wvc1
10-15 22:48:16.104  8234  8274 W VideoCapabilities: Unsupported mime video/x-ms-wmv
10-15 22:48:16.105  8234  8274 W VideoCapabilities: Unsupported mime video/x-ms-wmv7
10-15 22:48:16.106  8234  8274 W VideoCapabilities: Unsupported mime video/x-ms-wmv8
10-15 22:48:16.106  8234  8274 W VideoCapabilities: Unsupported mime video/mp43
10-15 22:48:16.110  3957  5414 V WindowManager: Relayout Window{144bb1 u0 org.mozilla.fenix/org.mozilla.fenix.App}: viewVisibility=0 req=720x1280 WM.LayoutParams{(0,0)(fillxfill) sim=#10 ty=1 fl=#81010100 pfl=0x20000 fmt=-3 wanim=0x7f1404fa vsysui=0x2610 needsMenuKey=2 colorMode=0 naviIconColor=0}
10-15 22:48:16.114  8087  8087 D ViewRootImpl@d3f309b[App]: Relayout returned: old=[0,0][720,1280] new=[0,0][720,1280] result=0x1 surface={valid=true 499295105024} changed=false
10-15 22:48:16.134 12416 12416 E adbd    : recv: OPEN 00000bd5 00000000 003e:73 68 65 6C 6C 2C 76 32 2C 54 45 52 4D 3D 78 74 65 72 6D 2D 32 35 36 63 6F 6C 6F 72 2C 72 61 77 3A 67 65 74 70 72 6F 70 20 72 6F 2E 62 75 69 6C 64 2E 76 65 72 73 69 6F 6E 2E 73 64 6B 00 
10-15 22:48:16.134 12416 12416 E adbd    : service_to_fd: shell,v2,TERM=xterm-256color,raw:getprop ro.build.version.sdk
10-15 22:48:16.136  6120  6132 I FontLog : (REDACTED) Received query %s, URI %s
10-15 22:48:16.141  6120  6132 I FontLog : (REDACTED) Query [%s] resolved to %s
10-15 22:48:16.157  6120  6132 I FontLog : (REDACTED) Fetch %s end status %s
10-15 22:48:16.163  3957  7899 V WindowManager: rotationForOrientationLw(orient=2, last=0); user=0  sensorRotation=-1 mLidState=-1 mDockMode=0 mHdmiPlugged=false
10-15 22:48:16.172  6120  6132 I FontLog : (REDACTED) Pulling font file for id = %d, cache size = %d
10-15 22:48:16.172  8087  8087 I DefaultSupportedAddonsChecker: Unregister check for new supported add-ons
10-15 22:48:16.183  3957  7899 V WindowManager: Relayout Window{144bb1 u0 org.mozilla.fenix/org.mozilla.fenix.App}: viewVisibility=0 req=720x1280 WM.LayoutParams{(0,0)(fillxfill) sim=#10 ty=1 fl=#81010100 pfl=0x20000 fmt=-3 wanim=0x7f1404fa vsysui=0x2610 needsMenuKey=2 colorMode=0 naviIconColor=0}
10-15 22:48:16.186  8087  8087 D ViewRootImpl@d3f309b[App]: Relayout returned: old=[0,0][720,1280] new=[0,0][720,1280] result=0x1 surface={valid=true 499295105024} changed=false
10-15 22:48:16.189  6120  6132 I FontLog : (REDACTED) Pulling font file for id = %d, cache size = %d
10-15 22:48:16.205  7991  8350 I BatteryMgr:DataCollectionService: stats => 1697402896205,195,4314,207,0,100
10-15 22:48:16.206  8087  8087 I WebExtension: releasePendingMessages: extension=webcompat-reporter@mozilla.org nativeApp=mozacWebcompatReporter session=null
10-15 22:48:16.212  8087  8087 I WebExtension: releasePendingMessages: extension=fxa@mozac.org nativeApp=mozacWebchannelBackground session=null
10-15 22:48:16.214  8087  8087 I WebExtension: releasePendingMessages: extension=fxa@mozac.org nativeApp=mozacWebchannel session=org.mozilla.geckoview.GeckoSession@fc9822
10-15 22:48:16.216  8087  8087 I WebExtension: releasePendingMessages: extension=readerview@mozac.org nativeApp=mozacReaderviewActive session=org.mozilla.geckoview.GeckoSession@fc9822
10-15 22:48:16.216  8087  8087 I WebExtension: releasePendingMessages: extension=readerview@mozac.org nativeApp=mozacReaderview session=org.mozilla.geckoview.GeckoSession@fc9822
10-15 22:48:16.248  8087  8087 I WebExtension: releasePendingMessages: extension=readerview@mozac.org nativeApp=mozacReaderviewActive session=org.mozilla.geckoview.GeckoSession@fc9822
10-15 22:48:16.248  8087  8087 I WebExtension: releasePendingMessages: extension=readerview@mozac.org nativeApp=mozacReaderview session=org.mozilla.geckoview.GeckoSession@fc9822
10-15 22:48:16.259  4340  4340 D KeyguardUpdateMonitor: handleStatusBarState( false )
10-15 22:48:16.270  8087  8087 I SessionPrioritizationMiddleware: Update the currentSelectedTab dedcbbbf-2255-4450-82a7-d17516b4b0f6 priority to HIGH
10-15 22:48:16.271  4961  4961 D io_stats: !@ 179,0 r 5671172 176947292 w 1307999 28300660 d 103731 31729096 f 301248 317961 iot 2477420 2187029 th 51200 0 0 pt 0 inp 0 0 404885.422
10-15 22:48:16.277  8087  8087 I WebExtension: releasePendingMessages: extension=icons@mozac.org nativeApp=MozacBrowserIcons session=org.mozilla.geckoview.GeckoSession@fc9822
10-15 22:48:16.278  8087  8087 I WebExtension: releasePendingMessages: extension=ads@mozac.org nativeApp=MozacBrowserAdsMessage session=org.mozilla.geckoview.GeckoSession@fc9822
10-15 22:48:16.279  8087  8087 I WebExtension: releasePendingMessages: extension=cookies@mozac.org nativeApp=MozacBrowserSearchMessage session=org.mozilla.geckoview.GeckoSession@fc9822
10-15 22:48:16.285  8087  8118 W ResourceType: Too many attribute references, stopped at: 0x01010099
10-15 22:48:16.299  3957  3972 D ApplicationPolicy: isStatusBarNotificationAllowedAsUser: packageName = android,userId = 0
10-15 22:48:16.299  3957  3972 D API test: getContainerInfo: value is 
10-15 22:48:16.299  3957  3972 D ApplicationPolicy: isStatusBarNotificationAllowedAsUser: packageName = android,userId = 0
10-15 22:48:16.299  3957  3972 D API test: getContainerInfo: value is 
10-15 22:48:16.300  3957  3972 E NotificationService: Suppressing notification from package by user request.
10-15 22:48:16.312  7991  8350 I BatteryMgr:DataCollectionService: stats => 1697402896312,195,4314,207,0,100
10-15 22:48:16.370  8169  8197 W linker  : "/data/app/org.mozilla.fenix-iWpGOrf8cry6RDpwHyQugA==/lib/arm64/libmozglue.so" unused DT entry: type 0x8000024 arg 0x38f70
10-15 22:48:16.370  8169  8197 W linker  : "/data/app/org.mozilla.fenix-iWpGOrf8cry6RDpwHyQugA==/lib/arm64/libmozglue.so" unused DT entry: type 0x8000023 arg 0x1f8
10-15 22:48:16.371  8169  8197 W linker  : "/data/app/org.mozilla.fenix-iWpGOrf8cry6RDpwHyQugA==/lib/arm64/libmozglue.so" unused DT entry: type 0x8000025 arg 0x8
10-15 22:48:16.374  8169  8197 I GeckoLoader: Library base=/data/app/org.mozilla.fenix-iWpGOrf8cry6RDpwHyQugA==/lib/arm64
10-15 22:48:16.375  8169  8197 I GeckoLoader: Library base=/data/app/org.mozilla.fenix-iWpGOrf8cry6RDpwHyQugA==/lib/arm64
10-15 22:48:16.376  8169  8197 E GeckoLibLoad: Load sqlite start
10-15 22:48:16.376  8087  8118 W AudioCapabilities: Unsupported mime audio/mpeg-L1
10-15 22:48:16.377  8169  8197 W linker  : "/data/app/org.mozilla.fenix-iWpGOrf8cry6RDpwHyQugA==/lib/arm64/libnss3.so" unused DT entry: type 0x8000024 arg 0x14998
10-15 22:48:16.377  8087  8118 W AudioCapabilities: Unsupported mime audio/mpeg-L2
10-15 22:48:16.377  8169  8197 W linker  : "/data/app/org.mozilla.fenix-iWpGOrf8cry6RDpwHyQugA==/lib/arm64/libnss3.so" unused DT entry: type 0x8000023 arg 0x5c8
10-15 22:48:16.377  8169  8197 W linker  : "/data/app/org.mozilla.fenix-iWpGOrf8cry6RDpwHyQugA==/lib/arm64/libnss3.so" unused DT entry: type 0x8000025 arg 0x8
10-15 22:48:16.378  8169  8197 E GeckoLibLoad: Load sqlite done
10-15 22:48:16.378  8169  8197 I GeckoLoader: Library base=/data/app/org.mozilla.fenix-iWpGOrf8cry6RDpwHyQugA==/lib/arm64
10-15 22:48:16.378  8169  8197 E GeckoLibLoad: Load nss start
10-15 22:48:16.378  8169  8197 E GeckoLibLoad: Load nss done
10-15 22:48:16.378  8169  8197 I GeckoLoader: Library base=/data/app/org.mozilla.fenix-iWpGOrf8cry6RDpwHyQugA==/lib/arm64
10-15 22:48:16.379  8087  8118 W AudioCapabilities: Unsupported mime audio/x-ms-wma
10-15 22:48:16.380  8087  8118 W AudioCapabilities: Unsupported mime audio/x-ima
10-15 22:48:16.380  8169  8197 W linker  : "/data/app/org.mozilla.fenix-iWpGOrf8cry6RDpwHyQugA==/lib/arm64/libxul.so" unused DT entry: type 0x8000024 arg 0x539420
10-15 22:48:16.380  8169  8197 W linker  : "/data/app/org.mozilla.fenix-iWpGOrf8cry6RDpwHyQugA==/lib/arm64/libxul.so" unused DT entry: type 0x8000023 arg 0x17d68
10-15 22:48:16.380  8169  8197 W linker  : "/data/app/org.mozilla.fenix-iWpGOrf8cry6RDpwHyQugA==/lib/arm64/libxul.so" unused DT entry: type 0x8000025 arg 0x8
10-15 22:48:16.385  8087  8118 W VideoCapabilities: Unrecognized profile 2130706433 for video/avc
10-15 22:48:16.385  8087  8118 W VideoCapabilities: Unrecognized profile 2130706434 for video/avc
10-15 22:48:16.387  8087  8118 W VideoCapabilities: Unrecognized profile 2130706433 for video/avc
10-15 22:48:16.388  8087  8118 W VideoCapabilities: Unrecognized profile 2130706434 for video/avc
10-15 22:48:16.400  8169  8197 E GeckoLibLoad: Loaded libs in 21.827731ms total, 8ms(12ms) user, 12ms(12ms) system, 0(0) faults
10-15 22:48:16.400  8169  8197 W GeckoThread: zerdatime 1065283779 - runGecko
10-15 22:48:16.401  8087  8118 W VideoCapabilities: Unrecognized profile 2130706433 for video/avc
10-15 22:48:16.401  8087  8118 W VideoCapabilities: Unrecognized profile 2130706434 for video/avc
10-15 22:48:16.406  8087  8118 W VideoCapabilities: Unsupported mime video/avc-wfd
10-15 22:48:16.412  3957  3957 D CustomFrequencyManagerService: releaseDVFSLockLocked : Getting Lock type frm List : DVFS_MIN_LIMIT  frequency : 1560000  uid : 1000  pid : 3957  tag : AMS_RESUME_TAIL@CPU_MIN@58
10-15 22:48:16.419  7991  8350 I BatteryMgr:DataCollectionService: stats => 1697402896419,195,4314,207,0,100
10-15 22:48:16.425  8087  8118 I VideoCapabilities: Unsupported profile 4 for video/mp4v-es
10-15 22:48:16.443  8087  8118 W VideoCapabilities: Unrecognized profile/level 1/32 for video/mp4v-es
10-15 22:48:16.443  8087  8118 W VideoCapabilities: Unrecognized profile/level 32768/2 for video/mp4v-es
10-15 22:48:16.443  8087  8118 W VideoCapabilities: Unrecognized profile/level 32768/64 for video/mp4v-es
10-15 22:48:16.444  3957  4089 D MdnieScenarioControlService:  packageName : org.mozilla.fenix    className : org.mozilla.fenix.App
10-15 22:48:16.444  3957  4089 V MdnieScenarioControlService: setUIMode from UI function(3)
10-15 22:48:16.444  8087  8118 W VideoCapabilities: Unsupported mime video/wvc1
10-15 22:48:16.446  8087  8118 W VideoCapabilities: Unsupported mime video/x-ms-wmv
10-15 22:48:16.447  8087  8118 W VideoCapabilities: Unsupported mime video/x-ms-wmv7
10-15 22:48:16.448  8087  8118 W VideoCapabilities: Unsupported mime video/x-ms-wmv8
10-15 22:48:16.450  8087  8118 W VideoCapabilities: Unsupported mime video/mp43
10-15 22:48:16.457  8087  8118 W AudioCapabilities: Unsupported mime audio/mpeg-L1
10-15 22:48:16.457  8087  8118 W AudioCapabilities: Unsupported mime audio/mpeg-L2
10-15 22:48:16.457  8087  8118 W AudioCapabilities: Unsupported mime audio/x-ms-wma
10-15 22:48:16.457  8087  8118 W AudioCapabilities: Unsupported mime audio/x-ima
10-15 22:48:16.458  8087  8118 W VideoCapabilities: Unrecognized profile 2130706433 for video/avc
10-15 22:48:16.458  8087  8118 W VideoCapabilities: Unrecognized profile 2130706434 for video/avc
10-15 22:48:16.460  8087  8118 W VideoCapabilities: Unrecognized profile/level 1/32 for video/mp4v-es
10-15 22:48:16.460  8087  8118 W VideoCapabilities: Unrecognized profile/level 32768/2 for video/mp4v-es
10-15 22:48:16.460  8087  8118 W VideoCapabilities: Unrecognized profile/level 32768/64 for video/mp4v-es
10-15 22:48:16.461  8087  8118 W VideoCapabilities: Unsupported mime video/wvc1
10-15 22:48:16.461  8087  8118 W VideoCapabilities: Unsupported mime video/x-ms-wmv
10-15 22:48:16.462  8087  8118 W VideoCapabilities: Unsupported mime video/x-ms-wmv7
10-15 22:48:16.462  8087  8118 W VideoCapabilities: Unsupported mime video/x-ms-wmv8
10-15 22:48:16.463  8087  8118 W VideoCapabilities: Unsupported mime video/mp43
10-15 22:48:16.463  6343  6427 D ScanRecord: Not a Multi Manu data
10-15 22:48:16.475  6343  6427 I chatty  : uid=1002(bluetooth) BT Service Call identical 37 lines
10-15 22:48:16.475  6343  6427 D ScanRecord: Not a Multi Manu data
10-15 22:48:16.479  8234  8312 D libGLESv2: STS_GLApi : DTS, ODTC are not allowed for Package : org.mozilla.fenix:gpu
10-15 22:48:16.482  6343  6427 D ScanRecord: Not a Multi Manu data
10-15 22:48:16.482  6343  6427 I chatty  : uid=1002(bluetooth) BT Service Call identical 11 lines
10-15 22:48:16.482  6343  6427 D ScanRecord: Not a Multi Manu data
10-15 22:48:16.486  8234  8248 V Surface : sf_framedrop debug : 0x4f4c, game : false, logging : 0
10-15 22:48:16.491  8234  8312 D mali_winsys: EGLint new_window_surface(egl_winsys_display *, void *, EGLSurface, EGLConfig, egl_winsys_surface **, egl_color_buffer_format *, EGLBoolean) returns 0x3000,  [720x1238]-format:2
10-15 22:48:16.493  8087  8118 I GeckoSession: zerdatime 1065283871 - chrome startup finished
10-15 22:48:16.494  6343  6427 D ScanRecord: Not a Multi Manu data
10-15 22:48:16.501  6343  6427 I chatty  : uid=1002(bluetooth) BT Service Call identical 37 lines
10-15 22:48:16.501  6343  6427 D ScanRecord: Not a Multi Manu data
10-15 22:48:16.509  8087  8354 I libglean_ffi: glean_core::upload: Ping 23f02d2d-2ff1-43fa-ba15-3ff5bbe4bd59 successfully sent 200.
10-15 22:48:16.512  8087  8354 I libglean_ffi: glean_core::upload::directory: File was deleted /data/user/0/org.mozilla.fenix/glean_data/pending_pings/23f02d2d-2ff1-43fa-ba15-3ff5bbe4bd59
10-15 22:48:16.513  8087  8087 I GeckoSession: handleMessage GeckoView:PageStart uri=
10-15 22:48:16.514  8087  8354 I libglean_ffi: glean_core::upload: No more pings to upload! You are done.
10-15 22:48:16.514  8087  8087 I GeckoSession: handleMessage GeckoView:PageStop uri=null
10-15 22:48:16.516  6343  6427 D ScanRecord: Not a Multi Manu data
10-15 22:48:16.516  6343  6427 I chatty  : uid=1002(bluetooth) BT Service Call identical 11 lines
10-15 22:48:16.516  6343  6427 D ScanRecord: Not a Multi Manu data
10-15 22:48:16.519  8087  8218 I WM-WorkerWrapper: Worker result SUCCESS for Work [ id=68fdfd65-6626-423f-a45f-3aba3b2bfa36, tags={ mozilla.telemetry.glean.scheduler.PingUploadWorker, mozac_service_glean_ping_upload_worker } ]
10-15 22:48:16.527  8087  8087 D ConnectivityManager: unregisterNetworkCallback; CallingUid : 10169, CallingPid : 8087
10-15 22:48:16.527  7991  8350 I BatteryMgr:DataCollectionService: stats => 1697402896527,195,4314,207,0,100
10-15 22:48:16.527  3957  4157 D ConnectivityService: releasing NetworkRequest [ TRACK_DEFAULT id=1157, [ Capabilities: INTERNET&NOT_RESTRICTED&TRUSTED&NOT_VPN] ] (CALLBACK_RELEASED)
10-15 22:48:16.528  3957  4157 D ConnectivityService:  Removing from current network NetworkAgentInfo [WIFI () - 507], leaving 15 requests.
10-15 22:48:16.529  3957  4157 D ConnectivityService: sending notification RELEASED for NetworkRequest [ TRACK_DEFAULT id=1157, [ Capabilities: INTERNET&NOT_RESTRICTED&TRUSTED&NOT_VPN] ]
10-15 22:48:16.531  6343  6427 D ScanRecord: Not a Multi Manu data
10-15 22:48:16.531  6343  6427 I chatty  : uid=1002(bluetooth) BT Service Call identical 11 lines
10-15 22:48:16.531  6343  6427 D ScanRecord: Not a Multi Manu data
10-15 22:48:16.549  8087  8087 I GeckoSession: handleMessage GeckoView:PageStart uri=
10-15 22:48:16.552  3599  3918 D DnsProxyListener: DNSDBG::dns addrinfo af 0
10-15 22:48:16.555  6343  6427 D ScanRecord: Not a Multi Manu data
10-15 22:48:16.557  6343  6427 I chatty  : uid=1002(bluetooth) BT Service Call identical 24 lines
10-15 22:48:16.557  6343  6427 D ScanRecord: Not a Multi Manu data
10-15 22:48:16.558  3957  3957 D PreBindingService: handleMessage : 1
10-15 22:48:16.563  6343  6427 D ScanRecord: Not a Multi Manu data
10-15 22:48:16.569  6343  6427 I chatty  : uid=1002(bluetooth) BT Service Call identical 24 lines
10-15 22:48:16.569  6343  6427 D ScanRecord: Not a Multi Manu data
10-15 22:48:16.578  3957  4128 D WifiService: getConnectionInfo uid=1000
10-15 22:48:16.582  6343  6427 D ScanRecord: Not a Multi Manu data
10-15 22:48:16.587  6343  6427 I chatty  : uid=1002(bluetooth) BT Service Call identical 24 lines
10-15 22:48:16.587  6343  6427 D ScanRecord: Not a Multi Manu data
10-15 22:48:16.591  3447  3447 I SurfaceFlinger: Display 0 HWC layers:
10-15 22:48:16.591  3447  3447 I SurfaceFlinger:     type    |    handle    | flag |  format   |   source crop (l,t,r,b)    |         frame       | name 
10-15 22:48:16.591  3447  3447 I SurfaceFlinger: ------------+--------------+------+-----------+----------------------------+---------------------+------
10-15 22:48:16.591  3447  3447 I SurfaceFlinger:      Device | 0x7ea5024600 | 0000 | RGBx_8888 |   0.0    0.0  720.0 1238.0 |    0   42  720 1280 | SurfaceView - org.mozilla.fenix/org.mozilla.fenix.App@710a6bd@0#0
10-15 22:48:16.591  3447  3447 I SurfaceFlinger:      Device | 0x7e9cc0de40 | 0000 | RGBA_8888 |   0.0    0.0  720.0 1280.0 |    0    0  720 1280 | org.mozilla.fenix/org.mozilla.fenix.App#0
10-15 22:48:16.591  3447  3447 I SurfaceFlinger:      Device | 0x7ea50249c0 | 0000 | RGBA_8888 |   0.0    0.0  720.0   42.0 |    0    0  720   42 | StatusBar#0
10-15 22:48:16.591  3447  3447 I SurfaceFlinger: 
10-15 22:48:16.597  6343  6427 D ScanRecord: Not a Multi Manu data
10-15 22:48:16.602  6343  6427 I chatty  : uid=1002(bluetooth) BT Service Call identical 37 lines
10-15 22:48:16.602  6343  6427 D ScanRecord: Not a Multi Manu data
10-15 22:48:16.606  8087  8118 D GeckoIdleService: Setting timer a day from now
10-15 22:48:16.607  6343  6427 D ScanRecord: Not a Multi Manu data
10-15 22:48:16.608  6343  6427 I chatty  : uid=1002(bluetooth) BT Service Call identical 11 lines
10-15 22:48:16.608  6343  6427 D ScanRecord: Not a Multi Manu data
10-15 22:48:16.611  8087  8118 D GeckoIdleService: Register idle observer 0x7426748868 for 5 seconds
10-15 22:48:16.611  8087  8118 D GeckoIdleService: Register: adjusting next switch from -1 to 5 seconds
10-15 22:48:16.611  8087  8118 D GeckoIdleService: next timeout 4995 msec from now
10-15 22:48:16.611  8087  8118 D GeckoIdleService: SetTimerExpiryIfBefore: next timeout 4995 msec from now
10-15 22:48:16.611  8087  8118 D GeckoIdleService: reset timer expiry to 5005 msec from now
10-15 22:48:16.617  6343  6427 D ScanRecord: Not a Multi Manu data
10-15 22:48:16.628  6343  6427 I chatty  : uid=1002(bluetooth) BT Service Call identical 24 lines
10-15 22:48:16.628  6343  6427 D ScanRecord: Not a Multi Manu data
10-15 22:48:16.637  7991  8350 I BatteryMgr:DataCollectionService: stats => 1697402896636,195,4314,207,0,100
10-15 22:48:16.647  6343  6427 D ScanRecord: Not a Multi Manu data
10-15 22:48:16.674  6343  6427 I chatty  : uid=1002(bluetooth) BT Service Call identical 63 lines
10-15 22:48:16.674  6343  6427 D ScanRecord: Not a Multi Manu data
10-15 22:48:16.686  3957  5414 D StorageManagerService: getExternalStorageMountMode : 1
10-15 22:48:16.687  3957  5414 D StorageManagerService: getExternalStorageMountMode : 3
10-15 22:48:16.687  3957  5414 D StorageManagerService: getExternalStorageMountMode : final mountMode=1, uid : 10169, packageName : org.mozilla.fenix
10-15 22:48:16.687  3957  5414 I ApplicationPolicy: isApplicationExternalStorageWhitelisted:org.mozilla.fenix user:0
10-15 22:48:16.688  3957  5414 D ApplicationPolicy: isApplicationExternalStorageWhitelisted: DO is not enabled on user 0. Allowed.
10-15 22:48:16.688  3957  5414 D ActivityManager: package  org.mozilla.fenix, user - 0 is SDcard whitelisted
10-15 22:48:16.688  3957  5414 I ApplicationPolicy: isApplicationExternalStorageBlacklisted:org.mozilla.fenix user:0
10-15 22:48:16.688  3957  5414 D ApplicationPolicy: isApplicationExternalStorageBlacklisted: DO is not enabled on user 0. Allowed.
10-15 22:48:16.688  6343  6427 D ScanRecord: Not a Multi Manu data
10-15 22:48:16.691  6343  6427 I chatty  : uid=1002(bluetooth) BT Service Call identical 24 lines
10-15 22:48:16.691  6343  6427 D ScanRecord: Not a Multi Manu data
10-15 22:48:16.704  8412  8412 E Zygote  : isWhitelistProcess - Process is Whitelisted
10-15 22:48:16.704  8412  8412 E libpersona: scanKnoxPersonas
10-15 22:48:16.705  8412  8412 E libpersona: Couldn't open the File - /data/system/users/0/personalist.xml - No such file or directory
10-15 22:48:16.705  3957  5414 I ActivityManager: Start proc 8412:org.mozilla.fenix:tab0/u0a169 for service org.mozilla.fenix/org.mozilla.gecko.process.GeckoChildProcessServices$tab0
10-15 22:48:16.706  8412  8412 W SELinux : SELinux selinux_android_compute_policy_index : Policy Index[2],  Con:u:r:zygote:s0 RAM:SEPF_SM-J720F_8.0.0_0002, [-1 -1 -1 -1 0 1]
10-15 22:48:16.707  8412  8412 I SELinux : SELinux: seapp_context_lookup: seinfo=untrusted, level=s0:c512,c768, pkgname=org.mozilla.fenix:tab0 
10-15 22:48:16.716  6343  6427 D ScanRecord: Not a Multi Manu data
10-15 22:48:16.726  6343  6427 I chatty  : uid=1002(bluetooth) BT Service Call identical 24 lines
10-15 22:48:16.726  6343  6427 D ScanRecord: Not a Multi Manu data
10-15 22:48:16.731  8412  8412 D TimaKeyStoreProvider: TimaKeyStore is not enabled: cannot add TimaSignature Service and generateKeyPair Service
10-15 22:48:16.732  8412  8412 D ActivityThread: Added TimaKeyStore provider
10-15 22:48:16.733  6343  6427 D ScanRecord: Not a Multi Manu data
10-15 22:48:16.737  3957  5414 I ActivityManager: DSS on for org.mozilla.fenix and scale is 1.0
10-15 22:48:16.747  6343  6427 I chatty  : uid=1002(bluetooth) BT Service Call identical 50 lines
10-15 22:48:16.747  6343  6427 D ScanRecord: Not a Multi Manu data
10-15 22:48:16.749  7991  8350 I BatteryMgr:DataCollectionService: stats => 1697402896748,195,4314,207,0,100
10-15 22:48:16.755  6343  6427 D ScanRecord: Not a Multi Manu data
10-15 22:48:16.763  8412  8412 I zygote64: no shared libraies, dex_files: 1
10-15 22:48:16.763  6343  6427 I chatty  : uid=1002(bluetooth) BT Service Call expire 22 lines
10-15 22:48:16.763  6343  6427 D ScanRecord: Not a Multi Manu data
10-15 22:48:16.763  6343  6427 D ScanRecord: Not a Multi Manu data
10-15 22:48:16.826  6343  6427 I chatty  : uid=1002(bluetooth) BT Service Call identical 130 lines
10-15 22:48:16.826  6343  6427 D ScanRecord: Not a Multi Manu data
10-15 22:48:16.830  8412  8412 I ServiceChildProcess: onCreate
10-15 22:48:16.831  8412  8430 I GeckoThread: preparing to run Gecko
10-15 22:48:16.832  6343  6427 D ScanRecord: Not a Multi Manu data
10-15 22:48:16.833  6343  6427 I chatty  : uid=1002(bluetooth) BT Service Call identical 11 lines
10-15 22:48:16.833  6343  6427 D ScanRecord: Not a Multi Manu data
10-15 22:48:16.835  8087  8118 W AudioCapabilities: Unsupported mime audio/mpeg-L1
10-15 22:48:16.835  8087  8118 W AudioCapabilities: Unsupported mime audio/mpeg-L2
10-15 22:48:16.835  8087  8118 W AudioCapabilities: Unsupported mime audio/x-ms-wma
10-15 22:48:16.835  8087  8118 W AudioCapabilities: Unsupported mime audio/x-ima
10-15 22:48:16.836  8087  8118 W VideoCapabilities: Unrecognized profile 2130706433 for video/avc
10-15 22:48:16.836  8087  8118 W VideoCapabilities: Unrecognized profile 2130706434 for video/avc
10-15 22:48:16.836  8412  8430 W linker  : "/data/app/org.mozilla.fenix-iWpGOrf8cry6RDpwHyQugA==/lib/arm64/libmozglue.so" unused DT entry: type 0x8000024 arg 0x38f70
10-15 22:48:16.836  8412  8430 W linker  : "/data/app/org.mozilla.fenix-iWpGOrf8cry6RDpwHyQugA==/lib/arm64/libmozglue.so" unused DT entry: type 0x8000023 arg 0x1f8
