10-15 23:37:26.106 12875 13136 I BatteryMgr:DataCollectionService: stats => 1697405846106,-274,4314,-395,0,100
10-15 23:37:26.218 12875 13136 I BatteryMgr:DataCollectionService: stats => 1697405846218,-274,4314,-395,0,100
10-15 23:37:26.321  3957  4129 D WifiStateMachine:  ConnectedState !RSSI_PKTCNT_FETCH uid=1000 rt=407835468/1068233696 0 0 "ourhome" f4:6d:2f:12:cc:88 rssi=-43 f=5240 sc=60 link=433 tx=17.9, 1.4, 0.0  rx=28.8 bcn=102603 [on:0 tx:0 rx:0 period:997] from screen [on:232528 period:1710453] score=60
10-15 23:37:26.324  3957  4129 D WifiStateMachine:  L2ConnectedState !RSSI_PKTCNT_FETCH uid=1000 rt=407835472/1068233700 0 0 "ourhome" f4:6d:2f:12:cc:88 rssi=-43 f=5240 sc=60 link=433 tx=17.9, 1.4, 0.0  rx=28.8 bcn=102603 [on:0 tx:0 rx:0 period:4] from screen [on:232528 period:1710457] score=60
10-15 23:37:26.331  3957  4129 D WifiStateMachine: fetchRssiLinkSpeedAndFrequencyNative rssi=-44 linkspeed=433 freq=5240
10-15 23:37:26.334 12875 13136 I BatteryMgr:DataCollectionService: stats => 1697405846333,-274,4314,-395,0,100
10-15 23:37:26.447 12875 13136 I BatteryMgr:DataCollectionService: stats => 1697405846447,-274,4314,-395,0,100
10-15 23:37:26.489  3957  4129 D WifiStateMachine:  ConnectedState !CMD_RSSI_POLL rt=407835636/1068233864 54 0 "ourhome" f4:6d:2f:12:cc:88 rssi=-44 f=5240 sc=60 link=433 tx=17.9, 1.4, 0.0  rx=28.8 bcn=102603 [on:0 tx:0 rx:0 period:164] from screen [on:232528 period:1710621] score=60
10-15 23:37:26.491  3957  4129 D WifiStateMachine:  L2ConnectedState !CMD_RSSI_POLL rt=407835640/1068233867 54 0 "ourhome" f4:6d:2f:12:cc:88 rssi=-44 f=5240 sc=60 link=433 tx=17.9, 1.4, 0.0  rx=28.8 bcn=102603 [on:0 tx:0 rx:0 period:3] from screen [on:232528 period:1710624] score=60
10-15 23:37:26.491  3957  4129 D WifiStateMachine:  get link layer stats 3
10-15 23:37:26.492  3436  3436 I android.hardware.wifi@1.0-service: getLinkLayerStats
10-15 23:37:26.510  3957  4129 D WifiStateMachine: fetchRssiLinkSpeedAndFrequencyNative rssi=-43 linkspeed=433 freq=5240
10-15 23:37:26.515  4340  4340 E SignalClusterView: setSlotFocusVisible : subId -2
10-15 23:37:26.515  4340  4340 E SignalClusterView: setSlotFocusVisible : subId -2
10-15 23:37:26.569 12875 13136 I BatteryMgr:DataCollectionService: stats => 1697405846569,-274,4314,-395,0,100
10-15 23:37:26.682 12875 13136 I BatteryMgr:DataCollectionService: stats => 1697405846682,-274,4314,-395,0,100
10-15 23:37:26.796 12875 13136 I BatteryMgr:DataCollectionService: stats => 1697405846795,-274,4314,-395,0,100
10-15 23:37:26.919 12875 13136 I BatteryMgr:DataCollectionService: stats => 1697405846919,-274,4314,-395,0,100
10-15 23:37:27.048 12875 13136 I BatteryMgr:DataCollectionService: stats => 1697405847047,-274,4314,-395,0,100
10-15 23:37:27.073  3957  4128 D WifiService: getConnectionInfo uid=1000
10-15 23:37:27.159 12875 13136 I BatteryMgr:DataCollectionService: stats => 1697405847159,-274,4314,-395,0,100
10-15 23:37:27.275 12875 13136 I BatteryMgr:DataCollectionService: stats => 1697405847275,-274,4314,-395,0,100
10-15 23:37:27.324  3957  4129 D WifiStateMachine:  ConnectedState !RSSI_PKTCNT_FETCH uid=1000 rt=407836472/1068234699 0 0 "ourhome" f4:6d:2f:12:cc:88 rssi=-43 f=5240 sc=60 link=433 tx=6.5, 0.5, 0.0  rx=14.3 bcn=102632 [on:0 tx:0 rx:0 period:811] from screen [on:232810 period:1711457] score=60
10-15 23:37:27.326  3957  4129 D WifiStateMachine:  L2ConnectedState !RSSI_PKTCNT_FETCH uid=1000 rt=407836475/1068234703 0 0 "ourhome" f4:6d:2f:12:cc:88 rssi=-43 f=5240 sc=60 link=433 tx=6.5, 0.5, 0.0  rx=14.3 bcn=102632 [on:0 tx:0 rx:0 period:2] from screen [on:232810 period:1711459] score=60
10-15 23:37:27.332  3957  4129 D WifiStateMachine: fetchRssiLinkSpeedAndFrequencyNative rssi=-44 linkspeed=433 freq=5240
10-15 23:37:27.388 12875 13136 I BatteryMgr:DataCollectionService: stats => 1697405847388,-274,4314,-395,0,100
10-15 23:37:27.502 12875 13136 I BatteryMgr:DataCollectionService: stats => 1697405847502,-274,4314,-395,0,100
10-15 23:37:27.615 12875 13136 I BatteryMgr:DataCollectionService: stats => 1697405847614,-274,4314,-395,0,100
10-15 23:37:27.728 12875 13136 I BatteryMgr:DataCollectionService: stats => 1697405847727,-274,4314,-395,0,100
10-15 23:37:27.860 12875 13136 I BatteryMgr:DataCollectionService: stats => 1697405847860,-274,4314,-395,0,100
10-15 23:37:27.980 12875 13136 I BatteryMgr:DataCollectionService: stats => 1697405847980,-274,4314,-395,0,100
10-15 23:37:28.076  3957  4128 D WifiService: getConnectionInfo uid=1000
10-15 23:37:28.101 12875 13136 I BatteryMgr:DataCollectionService: stats => 1697405848100,-274,4314,-395,0,100
10-15 23:37:28.215 12875 13136 I BatteryMgr:DataCollectionService: stats => 1697405848215,-274,4314,-395,0,100
10-15 23:37:28.325  3957  4129 D WifiStateMachine:  ConnectedState !RSSI_PKTCNT_FETCH uid=1000 rt=407837473/1068235701 0 0 "ourhome" f4:6d:2f:12:cc:88 rssi=-44 f=5240 sc=60 link=433 tx=6.5, 0.5, 0.0  rx=14.3 bcn=102632 [on:0 tx:0 rx:0 period:999] from screen [on:232810 period:1712458] score=60
10-15 23:37:28.327  3957  4129 D WifiStateMachine:  L2ConnectedState !RSSI_PKTCNT_FETCH uid=1000 rt=407837477/1068235704 0 0 "ourhome" f4:6d:2f:12:cc:88 rssi=-44 f=5240 sc=60 link=433 tx=6.5, 0.5, 0.0  rx=14.3 bcn=102632 [on:0 tx:0 rx:0 period:2] from screen [on:232810 period:1712460] score=60
10-15 23:37:28.330 12875 13136 I BatteryMgr:DataCollectionService: stats => 1697405848330,-274,4314,-395,0,100
10-15 23:37:28.334  3957  4129 D WifiStateMachine: fetchRssiLinkSpeedAndFrequencyNative rssi=-43 linkspeed=433 freq=5240
10-15 23:37:28.420  6343  6427 D ScanRecord: Not a Multi Manu data
10-15 23:37:28.420  6343  6427 I chatty  : uid=1002(bluetooth) BT Service Call identical 11 lines
10-15 23:37:28.421  6343  6427 D ScanRecord: Not a Multi Manu data
10-15 23:37:28.446 12875 13136 I BatteryMgr:DataCollectionService: stats => 1697405848446,-274,4314,-395,0,100
10-15 23:37:28.483  6343  6427 D ScanRecord: Not a Multi Manu data
10-15 23:37:28.527  4961  4961 D io_stats: !@ 179,0 r 5817900 182243824 w 1320384 28542788 d 105154 31842820 f 302519 319426 iot 2544496 2243490 th 51200 0 0 pt 0 inp 0 0 407837.677
10-15 23:37:28.554  6343  6427 I chatty  : uid=1002(bluetooth) BT Service Call identical 141 lines
10-15 23:37:28.554  6343  6427 D ScanRecord: Not a Multi Manu data
10-15 23:37:28.562 12875 13136 I BatteryMgr:DataCollectionService: stats => 1697405848561,-274,4314,-395,0,100
10-15 23:37:28.568  6343  6427 D ScanRecord: Not a Multi Manu data
10-15 23:37:28.664  6343  6427 I chatty  : uid=1002(bluetooth) BT Service Call identical 193 lines
10-15 23:37:28.664  6343  6427 D ScanRecord: Not a Multi Manu data
10-15 23:37:28.673 12875 13136 I BatteryMgr:DataCollectionService: stats => 1697405848673,-274,4314,-395,0,100
10-15 23:37:28.674  6343  6427 D ScanRecord: Not a Multi Manu data
10-15 23:37:28.784  6343  6427 I chatty  : uid=1002(bluetooth) BT Service Call identical 245 lines
10-15 23:37:28.784  6343  6427 D ScanRecord: Not a Multi Manu data
10-15 23:37:28.785 12875 13136 I BatteryMgr:DataCollectionService: stats => 1697405848784,-274,4314,-395,0,100
10-15 23:37:28.786  6343  6427 D ScanRecord: Not a Multi Manu data
10-15 23:37:28.884  6343  6427 I chatty  : uid=1002(bluetooth) BT Service Call identical 206 lines
10-15 23:37:28.884  6343  6427 D ScanRecord: Not a Multi Manu data
10-15 23:37:28.894 12875 13136 I BatteryMgr:DataCollectionService: stats => 1697405848894,-274,4314,-395,0,100
10-15 23:37:28.896  6343  6427 D ScanRecord: Not a Multi Manu data
10-15 23:37:28.915  6343  6427 I chatty  : uid=1002(bluetooth) BT Service Call identical 63 lines
10-15 23:37:28.916  6343  6427 D ScanRecord: Not a Multi Manu data
10-15 23:37:29.006 12875 13136 I BatteryMgr:DataCollectionService: stats => 1697405849006,-274,4314,-395,0,100
10-15 23:37:29.079  3957  4128 D WifiService: getConnectionInfo uid=1000
10-15 23:37:29.119 12875 13136 I BatteryMgr:DataCollectionService: stats => 1697405849118,-274,4314,-395,0,100
10-15 23:37:29.237 12875 13136 I BatteryMgr:DataCollectionService: stats => 1697405849237,-274,4314,-395,0,100
10-15 23:37:29.327  3957  4129 D WifiStateMachine:  ConnectedState !RSSI_PKTCNT_FETCH uid=1000 rt=407838476/1068236703 0 0 "ourhome" f4:6d:2f:12:cc:88 rssi=-43 f=5240 sc=60 link=433 tx=6.5, 0.5, 0.0  rx=14.3 bcn=102632 [on:0 tx:0 rx:0 period:999] from screen [on:232810 period:1713459] score=60
10-15 23:37:29.328  3957  4129 D WifiStateMachine:  L2ConnectedState !RSSI_PKTCNT_FETCH uid=1000 rt=407838478/1068236705 0 0 "ourhome" f4:6d:2f:12:cc:88 rssi=-43 f=5240 sc=60 link=433 tx=6.5, 0.5, 0.0  rx=14.3 bcn=102632 [on:0 tx:0 rx:0 period:2] from screen [on:232810 period:1713461] score=60
10-15 23:37:29.330  3957  4129 D WifiStateMachine: fetchRssiLinkSpeedAndFrequencyNative rssi=-43 linkspeed=433 freq=5240
10-15 23:37:29.352 12875 13136 I BatteryMgr:DataCollectionService: stats => 1697405849352,-274,4314,-395,0,100
10-15 23:37:29.469 12875 13136 I BatteryMgr:DataCollectionService: stats => 1697405849469,-274,4314,-395,0,100
10-15 23:37:29.517  3957  4129 D WifiStateMachine:  ConnectedState !CMD_RSSI_POLL rt=407838663/1068236890 54 0 "ourhome" f4:6d:2f:12:cc:88 rssi=-43 f=5240 sc=60 link=433 tx=6.5, 0.5, 0.0  rx=14.3 bcn=102632 [on:0 tx:0 rx:0 period:189] from screen [on:232810 period:1713650] score=60
10-15 23:37:29.519  3957  4129 D WifiStateMachine:  L2ConnectedState !CMD_RSSI_POLL rt=407838668/1068236896 54 0 "ourhome" f4:6d:2f:12:cc:88 rssi=-43 f=5240 sc=60 link=433 tx=6.5, 0.5, 0.0  rx=14.3 bcn=102632 [on:0 tx:0 rx:0 period:2] from screen [on:232810 period:1713652] score=60
10-15 23:37:29.519  3957  4129 D WifiStateMachine:  get link layer stats 3
10-15 23:37:29.520  3436  3436 I android.hardware.wifi@1.0-service: getLinkLayerStats
10-15 23:37:29.526  3957  4129 D WifiStateMachine: fetchRssiLinkSpeedAndFrequencyNative rssi=-43 linkspeed=433 freq=5240
10-15 23:37:29.531  4340  4340 E SignalClusterView: setSlotFocusVisible : subId -2
10-15 23:37:29.531  4340  4340 E SignalClusterView: setSlotFocusVisible : subId -2
10-15 23:37:29.581 12875 13136 I BatteryMgr:DataCollectionService: stats => 1697405849581,-274,4314,-395,0,100
10-15 23:37:29.692 12875 13136 I BatteryMgr:DataCollectionService: stats => 1697405849692,-274,4314,-395,0,100
10-15 23:37:29.722  3957  4306 D WifiConnectivityMonitor:  [|237] []
10-15 23:37:29.807 12875 13136 I BatteryMgr:DataCollectionService: stats => 1697405849807,-274,4314,-395,0,100
10-15 23:37:29.920 12875 13136 I BatteryMgr:DataCollectionService: stats => 1697405849920,-274,4314,-395,0,100
10-15 23:37:30.035 12875 13136 I BatteryMgr:DataCollectionService: stats => 1697405850035,-274,4314,-395,0,100
10-15 23:37:30.081  3957  4128 D WifiService: getConnectionInfo uid=1000
10-15 23:37:30.148 12875 13136 I BatteryMgr:DataCollectionService: stats => 1697405850148,-274,4314,-395,0,100
10-15 23:37:30.261 12875 13136 I BatteryMgr:DataCollectionService: stats => 1697405850261,-274,4314,-395,0,100
10-15 23:37:30.329  3957  4129 D WifiStateMachine:  ConnectedState !RSSI_PKTCNT_FETCH uid=1000 rt=407839477/1068237705 0 0 "ourhome" f4:6d:2f:12:cc:88 rssi=-43 f=5240 sc=60 link=433 tx=4.9, 0.2, 0.0  rx=7.1 bcn=102660 [on:0 tx:0 rx:0 period:799] from screen [on:233245 period:1714461] score=60
10-15 23:37:30.330  3957  4129 D WifiStateMachine:  L2ConnectedState !RSSI_PKTCNT_FETCH uid=1000 rt=407839480/1068237707 0 0 "ourhome" f4:6d:2f:12:cc:88 rssi=-43 f=5240 sc=60 link=433 tx=4.9, 0.2, 0.0  rx=7.1 bcn=102660 [on:0 tx:0 rx:0 period:2] from screen [on:233245 period:1714463] score=60
10-15 23:37:30.332  3957  4129 D WifiStateMachine: fetchRssiLinkSpeedAndFrequencyNative rssi=-45 linkspeed=433 freq=5240
10-15 23:37:30.376 12875 13136 I BatteryMgr:DataCollectionService: stats => 1697405850376,-274,4314,-395,0,100
10-15 23:37:30.486 12875 13136 I BatteryMgr:DataCollectionService: stats => 1697405850486,-274,4314,-395,0,100
10-15 23:37:30.600 12875 13136 I BatteryMgr:DataCollectionService: stats => 1697405850600,-274,4314,-395,0,100
10-15 23:37:30.715 12875 13136 I BatteryMgr:DataCollectionService: stats => 1697405850715,-274,4314,-395,0,100
10-15 23:37:30.827 12875 13136 I BatteryMgr:DataCollectionService: stats => 1697405850827,-274,4314,-395,0,100
10-15 23:37:30.938 12875 13136 I BatteryMgr:DataCollectionService: stats => 1697405850938,-274,4314,-395,0,100
10-15 23:37:30.969  3957  6478 D SSRM:k  : SIOP:: AP = 360, PST = 339 (W:20), BAT = 320, USB = 0, CHG = 0
10-15 23:37:31.048 12875 13136 I BatteryMgr:DataCollectionService: stats => 1697405851048,-274,4314,-395,0,100
10-15 23:37:31.084  3957  4128 D WifiService: getConnectionInfo uid=1000
10-15 23:37:31.162 12875 13136 I BatteryMgr:DataCollectionService: stats => 1697405851161,-274,4314,-395,0,100
10-15 23:37:31.277 12875 13136 I BatteryMgr:DataCollectionService: stats => 1697405851276,-274,4314,-395,0,100
10-15 23:37:31.330  3957  4129 D WifiStateMachine:  ConnectedState !RSSI_PKTCNT_FETCH uid=1000 rt=407840478/1068238705 0 0 "ourhome" f4:6d:2f:12:cc:88 rssi=-45 f=5240 sc=60 link=433 tx=4.9, 0.2, 0.0  rx=7.1 bcn=102660 [on:0 tx:0 rx:0 period:999] from screen [on:233245 period:1715462] score=60
10-15 23:37:31.331  3957  4129 D WifiStateMachine:  L2ConnectedState !RSSI_PKTCNT_FETCH uid=1000 rt=407840481/1068238708 0 0 "ourhome" f4:6d:2f:12:cc:88 rssi=-45 f=5240 sc=60 link=433 tx=4.9, 0.2, 0.0  rx=7.1 bcn=102660 [on:0 tx:0 rx:0 period:2] from screen [on:233245 period:1715464] score=60
10-15 23:37:31.334  3957  4129 D WifiStateMachine: fetchRssiLinkSpeedAndFrequencyNative rssi=-44 linkspeed=433 freq=5240
10-15 23:37:31.390 12875 12880 I zygote64: Do partial code cache collection, code=61KB, data=48KB
10-15 23:37:31.390 12875 13136 I BatteryMgr:DataCollectionService: stats => 1697405851390,-274,4314,-395,0,100
10-15 23:37:31.394 12875 12880 I zygote64: After code cache collection, code=61KB, data=48KB
10-15 23:37:31.394 12875 12880 I zygote64: Increasing code cache capacity to 256KB
10-15 23:37:31.505 12875 13136 I BatteryMgr:DataCollectionService: stats => 1697405851505,-274,4314,-395,0,100
10-15 23:37:31.619 12875 13136 I BatteryMgr:DataCollectionService: stats => 1697405851618,-274,4314,-395,0,100
10-15 23:37:31.736 12875 13136 I BatteryMgr:DataCollectionService: stats => 1697405851736,-274,4314,-395,0,100
10-15 23:37:31.849 12875 13136 I BatteryMgr:DataCollectionService: stats => 1697405851849,-274,4314,-395,0,100
10-15 23:37:31.961 12875 13136 I BatteryMgr:DataCollectionService: stats => 1697405851961,-274,4314,-395,0,100
10-15 23:37:32.078 12875 13136 I BatteryMgr:DataCollectionService: stats => 1697405852078,-274,4314,-395,0,100
10-15 23:37:32.087  3957  4128 D WifiService: getConnectionInfo uid=1000
10-15 23:37:32.190 12875 13136 I BatteryMgr:DataCollectionService: stats => 1697405852190,-274,4314,-395,0,100
10-15 23:37:32.302 12875 13136 I BatteryMgr:DataCollectionService: stats => 1697405852302,-274,4314,-395,0,100
10-15 23:37:32.331  3957  4129 D WifiStateMachine:  ConnectedState !RSSI_PKTCNT_FETCH uid=1000 rt=407841480/1068239708 0 0 "ourhome" f4:6d:2f:12:cc:88 rssi=-44 f=5240 sc=60 link=433 tx=4.9, 0.2, 0.0  rx=7.1 bcn=102660 [on:0 tx:0 rx:0 period:999] from screen [on:233245 period:1716463] score=60
10-15 23:37:32.335  3957  4129 D WifiStateMachine:  L2ConnectedState !RSSI_PKTCNT_FETCH uid=1000 rt=407841482/1068239709 0 0 "ourhome" f4:6d:2f:12:cc:88 rssi=-44 f=5240 sc=60 link=433 tx=4.9, 0.2, 0.0  rx=7.1 bcn=102660 [on:0 tx:0 rx:0 period:4] from screen [on:233245 period:1716467] score=60
10-15 23:37:32.342  3957  4129 D WifiStateMachine: fetchRssiLinkSpeedAndFrequencyNative rssi=-52 linkspeed=433 freq=5240
10-15 23:37:32.415 12875 13136 I BatteryMgr:DataCollectionService: stats => 1697405852414,-274,4314,-395,0,100
10-15 23:37:32.525 12875 13136 I BatteryMgr:DataCollectionService: stats => 1697405852525,170,4314,151,0,100
10-15 23:37:32.529  3957  4129 D WifiStateMachine:  ConnectedState !CMD_RSSI_POLL rt=407841678/1068239905 54 0 "ourhome" f4:6d:2f:12:cc:88 rssi=-52 f=5240 sc=60 link=433 tx=4.9, 0.2, 0.0  rx=7.1 bcn=102660 [on:0 tx:0 rx:0 period:195] from screen [on:233245 period:1716662] score=60
10-15 23:37:32.531  3957  4129 D WifiStateMachine:  L2ConnectedState !CMD_RSSI_POLL rt=407841680/1068239908 54 0 "ourhome" f4:6d:2f:12:cc:88 rssi=-52 f=5240 sc=60 link=433 tx=4.9, 0.2, 0.0  rx=7.1 bcn=102660 [on:0 tx:0 rx:0 period:2] from screen [on:233245 period:1716664] score=60
10-15 23:37:32.531  3957  4129 D WifiStateMachine:  get link layer stats 3
10-15 23:37:32.532  3436  3436 I android.hardware.wifi@1.0-service: getLinkLayerStats
10-15 23:37:32.550  3957  4129 D WifiStateMachine: fetchRssiLinkSpeedAndFrequencyNative rssi=-49 linkspeed=433 freq=5240
10-15 23:37:32.554  4340  4340 E SignalClusterView: setSlotFocusVisible : subId -2
10-15 23:37:32.554  4340  4340 E SignalClusterView: setSlotFocusVisible : subId -2
10-15 23:37:32.640 12875 13136 I BatteryMgr:DataCollectionService: stats => 1697405852640,170,4314,151,0,100
10-15 23:37:32.760 12875 13136 I BatteryMgr:DataCollectionService: stats => 1697405852760,170,4314,151,0,100
10-15 23:37:32.870 12875 13136 I BatteryMgr:DataCollectionService: stats => 1697405852870,170,4314,151,0,100
10-15 23:37:32.968  3957  4460 D BatteryService: !@BatteryListener : batteryPropertiesChanged!
10-15 23:37:32.982 12875 13136 I BatteryMgr:DataCollectionService: stats => 1697405852982,170,4314,151,0,100
10-15 23:37:33.089  3957  4128 D WifiService: getConnectionInfo uid=1000
10-15 23:37:33.098 12875 13136 I BatteryMgr:DataCollectionService: stats => 1697405853098,170,4314,151,0,100
10-15 23:37:33.210 12875 13136 I BatteryMgr:DataCollectionService: stats => 1697405853210,170,4314,151,0,100
10-15 23:37:33.324 12875 13136 I BatteryMgr:DataCollectionService: stats => 1697405853324,170,4314,151,0,100
10-15 23:37:33.332  3957  4129 D WifiStateMachine:  ConnectedState !RSSI_PKTCNT_FETCH uid=1000 rt=407842481/1068240709 0 0 "ourhome" f4:6d:2f:12:cc:88 rssi=-49 f=5240 sc=60 link=433 tx=4.3, 0.1, 0.0  rx=23.6 bcn=102689 [on:0 tx:0 rx:0 period:777] from screen [on:234628 period:1717464] score=60
10-15 23:37:33.334  3957  4129 D WifiStateMachine:  L2ConnectedState !RSSI_PKTCNT_FETCH uid=1000 rt=407842483/1068240710 0 0 "ourhome" f4:6d:2f:12:cc:88 rssi=-49 f=5240 sc=60 link=433 tx=4.3, 0.1, 0.0  rx=23.6 bcn=102689 [on:0 tx:0 rx:0 period:3] from screen [on:234628 period:1717467] score=60
10-15 23:37:33.341  3957  4129 D WifiStateMachine: fetchRssiLinkSpeedAndFrequencyNative rssi=-46 linkspeed=433 freq=5240
10-15 23:37:33.421  6343  6427 D ScanRecord: Not a Multi Manu data
10-15 23:37:33.425  6343  6427 I chatty  : uid=1002(bluetooth) BT Service Call identical 24 lines
10-15 23:37:33.425  6343  6427 D ScanRecord: Not a Multi Manu data
10-15 23:37:33.435 12875 13136 I BatteryMgr:DataCollectionService: stats => 1697405853434,170,4314,151,0,100
10-15 23:37:33.446  6343  6427 D ScanRecord: Not a Multi Manu data
10-15 23:37:33.529  4961  4961 D io_stats: !@ 179,0 r 5818092 182248660 w 1320389 28542960 d 105155 31842892 f 302520 319427 iot 2544584 2243562 th 51200 0 0 pt 0 inp 0 0 407842.679
10-15 23:37:33.538  6343  6427 I chatty  : uid=1002(bluetooth) BT Service Call identical 180 lines
10-15 23:37:33.538  6343  6427 D ScanRecord: Not a Multi Manu data
10-15 23:37:33.548 12875 13136 I BatteryMgr:DataCollectionService: stats => 1697405853548,170,4314,151,0,100
10-15 23:37:33.555  6343  6427 D ScanRecord: Not a Multi Manu data
10-15 23:37:33.646  6343  6427 I chatty  : uid=1002(bluetooth) BT Service Call identical 141 lines
10-15 23:37:33.647  6343  6427 D ScanRecord: Not a Multi Manu data
10-15 23:37:33.662 12875 13136 I BatteryMgr:DataCollectionService: stats => 1697405853661,170,4314,151,0,100
10-15 23:37:33.666  6343  6427 D ScanRecord: Not a Multi Manu data
10-15 23:37:33.768  6343  6427 I chatty  : uid=1002(bluetooth) BT Service Call identical 141 lines
10-15 23:37:33.768  6343  6427 D ScanRecord: Not a Multi Manu data
10-15 23:37:33.775 12875 13136 I BatteryMgr:DataCollectionService: stats => 1697405853775,170,4314,151,0,100
10-15 23:37:33.781  6343  6427 D ScanRecord: Not a Multi Manu data
10-15 23:37:33.874  6343  6427 I chatty  : uid=1002(bluetooth) BT Service Call identical 154 lines
10-15 23:37:33.874  6343  6427 D ScanRecord: Not a Multi Manu data
10-15 23:37:33.887 12875 13136 I BatteryMgr:DataCollectionService: stats => 1697405853887,170,4314,151,0,100
10-15 23:37:33.890  6343  6427 D ScanRecord: Not a Multi Manu data
10-15 23:37:33.910  6343  6427 I chatty  : uid=1002(bluetooth) BT Service Call identical 50 lines
10-15 23:37:33.910  6343  6427 D ScanRecord: Not a Multi Manu data
10-15 23:37:33.999 12875 13136 I BatteryMgr:DataCollectionService: stats => 1697405853999,170,4314,151,0,100
10-15 23:37:34.092  3957  4128 D WifiService: getConnectionInfo uid=1000
10-15 23:37:34.112 12875 13136 I BatteryMgr:DataCollectionService: stats => 1697405854112,170,4314,151,0,100
10-15 23:37:34.222 12875 13136 I BatteryMgr:DataCollectionService: stats => 1697405854222,170,4314,151,0,100
10-15 23:37:34.334  3957  4129 D WifiStateMachine:  ConnectedState !RSSI_PKTCNT_FETCH uid=1000 rt=407843483/1068241711 0 0 "ourhome" f4:6d:2f:12:cc:88 rssi=-46 f=5240 sc=60 link=433 tx=4.3, 0.1, 0.0  rx=23.6 bcn=102689 [on:0 tx:0 rx:0 period:1000] from screen [on:234628 period:1718467] score=60
10-15 23:37:34.336  3957  4129 D WifiStateMachine:  L2ConnectedState !RSSI_PKTCNT_FETCH uid=1000 rt=407843485/1068241713 0 0 "ourhome" f4:6d:2f:12:cc:88 rssi=-46 f=5240 sc=60 link=433 tx=4.3, 0.1, 0.0  rx=23.6 bcn=102689 [on:0 tx:0 rx:0 period:2] from screen [on:234628 period:1718469] score=60
10-15 23:37:34.338  3957  4129 D WifiStateMachine: fetchRssiLinkSpeedAndFrequencyNative rssi=-44 linkspeed=433 freq=5240
10-15 23:37:34.339 12875 13136 I BatteryMgr:DataCollectionService: stats => 1697405854339,170,4314,151,0,100
10-15 23:37:34.453 12875 13136 I BatteryMgr:DataCollectionService: stats => 1697405854453,170,4314,151,0,100
10-15 23:37:34.566 12875 13136 I BatteryMgr:DataCollectionService: stats => 1697405854566,170,4314,151,0,100
10-15 23:37:34.678 12875 13136 I BatteryMgr:DataCollectionService: stats => 1697405854678,170,4314,151,0,100
10-15 23:37:34.790 12875 13136 I BatteryMgr:DataCollectionService: stats => 1697405854790,170,4314,151,0,100
10-15 23:37:34.902 12875 13136 I BatteryMgr:DataCollectionService: stats => 1697405854902,170,4314,151,0,100
10-15 23:37:35.011 12875 13136 I BatteryMgr:DataCollectionService: stats => 1697405855011,170,4314,151,0,100
10-15 23:37:35.095  3957  4128 D WifiService: getConnectionInfo uid=1000
10-15 23:37:35.127 12875 13136 I BatteryMgr:DataCollectionService: stats => 1697405855127,170,4314,151,0,100
10-15 23:37:35.240 12875 13136 I BatteryMgr:DataCollectionService: stats => 1697405855240,170,4314,151,0,100
10-15 23:37:35.336  3957  4129 D WifiStateMachine:  ConnectedState !RSSI_PKTCNT_FETCH uid=1000 rt=407844485/1068242713 0 0 "ourhome" f4:6d:2f:12:cc:88 rssi=-44 f=5240 sc=60 link=433 tx=4.3, 0.1, 0.0  rx=23.6 bcn=102689 [on:0 tx:0 rx:0 period:1000] from screen [on:234628 period:1719469] score=60
10-15 23:37:35.338  3957  4129 D WifiStateMachine:  L2ConnectedState !RSSI_PKTCNT_FETCH uid=1000 rt=407844487/1068242715 0 0 "ourhome" f4:6d:2f:12:cc:88 rssi=-44 f=5240 sc=60 link=433 tx=4.3, 0.1, 0.0  rx=23.6 bcn=102689 [on:0 tx:0 rx:0 period:2] from screen [on:234628 period:1719471] score=60
10-15 23:37:35.350  3957  4129 D WifiStateMachine: fetchRssiLinkSpeedAndFrequencyNative rssi=-43 linkspeed=433 freq=5240
10-15 23:37:35.354 12875 13136 I BatteryMgr:DataCollectionService: stats => 1697405855354,170,4314,151,0,100
10-15 23:37:35.465 12875 13136 I BatteryMgr:DataCollectionService: stats => 1697405855465,170,4314,151,0,100
10-15 23:37:35.554  3957  4129 D WifiStateMachine:  ConnectedState !CMD_RSSI_POLL rt=407844703/1068242930 54 0 "ourhome" f4:6d:2f:12:cc:88 rssi=-43 f=5240 sc=60 link=433 tx=4.3, 0.1, 0.0  rx=23.6 bcn=102689 [on:0 tx:0 rx:0 period:215] from screen [on:234628 period:1719686] score=60
10-15 23:37:35.555  3957  4129 D WifiStateMachine:  L2ConnectedState !CMD_RSSI_POLL rt=407844705/1068242932 54 0 "ourhome" f4:6d:2f:12:cc:88 rssi=-43 f=5240 sc=60 link=433 tx=4.3, 0.1, 0.0  rx=23.6 bcn=102689 [on:0 tx:0 rx:0 period:2] from screen [on:234628 period:1719688] score=60
10-15 23:37:35.556  3957  4129 D WifiStateMachine:  get link layer stats 3
10-15 23:37:35.556  3436  3436 I android.hardware.wifi@1.0-service: getLinkLayerStats
10-15 23:37:35.573 12875 13136 I BatteryMgr:DataCollectionService: stats => 1697405855573,170,4314,151,0,100
10-15 23:37:35.575  3957  4129 D WifiStateMachine: fetchRssiLinkSpeedAndFrequencyNative rssi=-43 linkspeed=433 freq=5240
10-15 23:37:35.581  4340  4340 E SignalClusterView: setSlotFocusVisible : subId -2
10-15 23:37:35.582  4340  4340 E SignalClusterView: setSlotFocusVisible : subId -2
10-15 23:37:35.684 12875 13136 I BatteryMgr:DataCollectionService: stats => 1697405855684,170,4314,151,0,100
10-15 23:37:35.797 12875 13136 I BatteryMgr:DataCollectionService: stats => 1697405855797,170,4314,151,0,100
10-15 23:37:35.909 12875 13136 I BatteryMgr:DataCollectionService: stats => 1697405855908,170,4314,151,0,100
10-15 23:37:36.024 12875 13136 I BatteryMgr:DataCollectionService: stats => 1697405856024,170,4314,151,0,100
10-15 23:37:36.055  3957  4030 D SensorService: [SO] 0.081 -0.077 10.003
10-15 23:37:36.098  3957  4128 D WifiService: getConnectionInfo uid=1000
10-15 23:37:36.135 12875 13136 I BatteryMgr:DataCollectionService: stats => 1697405856134,170,4314,151,0,100
10-15 23:37:36.245 12875 13136 I BatteryMgr:DataCollectionService: stats => 1697405856244,170,4314,151,0,100
10-15 23:37:36.337  3957  4129 D WifiStateMachine:  ConnectedState !RSSI_PKTCNT_FETCH uid=1000 rt=407845486/1068243714 0 0 "ourhome" f4:6d:2f:12:cc:88 rssi=-43 f=5240 sc=60 link=433 tx=2.2, 0.0, 0.0  rx=14.3 bcn=102717 [on:0 tx:0 rx:0 period:758] from screen [on:235239 period:1720470] score=60
10-15 23:37:36.339  3957  4129 D WifiStateMachine:  L2ConnectedState !RSSI_PKTCNT_FETCH uid=1000 rt=407845488/1068243716 0 0 "ourhome" f4:6d:2f:12:cc:88 rssi=-43 f=5240 sc=60 link=433 tx=2.2, 0.0, 0.0  rx=14.3 bcn=102717 [on:0 tx:0 rx:0 period:1] from screen [on:235239 period:1720471] score=60
10-15 23:37:36.345  3957  4129 D WifiStateMachine: fetchRssiLinkSpeedAndFrequencyNative rssi=-43 linkspeed=433 freq=5240
10-15 23:37:36.356 12875 13136 I BatteryMgr:DataCollectionService: stats => 1697405856355,170,4314,151,0,100
10-15 23:37:36.469 12875 13136 I BatteryMgr:DataCollectionService: stats => 1697405856469,170,4314,151,0,100
10-15 23:37:36.581 12875 13136 I BatteryMgr:DataCollectionService: stats => 1697405856581,170,4314,151,0,100
10-15 23:37:36.690 12875 13136 I BatteryMgr:DataCollectionService: stats => 1697405856690,170,4314,151,0,100
10-15 23:37:36.796 12875 13136 I BatteryMgr:DataCollectionService: stats => 1697405856796,170,4314,151,0,100
10-15 23:37:36.917 12875 13136 I BatteryMgr:DataCollectionService: stats => 1697405856917,170,4314,151,0,100
10-15 23:37:37.028 12875 13136 I BatteryMgr:DataCollectionService: stats => 1697405857028,170,4314,151,0,100
10-15 23:37:37.101  3957  4128 D WifiService: getConnectionInfo uid=1000
10-15 23:37:37.140 12875 13136 I BatteryMgr:DataCollectionService: stats => 1697405857139,170,4314,151,0,100
10-15 23:37:37.251 12875 13136 I BatteryMgr:DataCollectionService: stats => 1697405857251,170,4314,151,0,100
10-15 23:37:37.340  3957  4129 D WifiStateMachine:  ConnectedState !RSSI_PKTCNT_FETCH uid=1000 rt=407846489/1068244716 0 0 "ourhome" f4:6d:2f:12:cc:88 rssi=-43 f=5240 sc=60 link=433 tx=2.2, 0.0, 0.0  rx=14.3 bcn=102717 [on:0 tx:0 rx:0 period:1002] from screen [on:235239 period:1721473] score=60
10-15 23:37:37.343  3957  4129 D WifiStateMachine:  L2ConnectedState !RSSI_PKTCNT_FETCH uid=1000 rt=407846491/1068244718 0 0 "ourhome" f4:6d:2f:12:cc:88 rssi=-43 f=5240 sc=60 link=433 tx=2.2, 0.0, 0.0  rx=14.3 bcn=102717 [on:0 tx:0 rx:0 period:3] from screen [on:235239 period:1721476] score=60
10-15 23:37:37.350  3957  4129 D WifiStateMachine: fetchRssiLinkSpeedAndFrequencyNative rssi=-43 linkspeed=433 freq=5240
10-15 23:37:37.364 12875 13136 I BatteryMgr:DataCollectionService: stats => 1697405857364,170,4314,151,0,100
10-15 23:37:37.478 12875 13136 I BatteryMgr:DataCollectionService: stats => 1697405857477,170,4314,151,0,100
10-15 23:37:37.590 12875 13136 I BatteryMgr:DataCollectionService: stats => 1697405857590,170,4314,151,0,100
10-15 23:37:37.701 12875 13136 I BatteryMgr:DataCollectionService: stats => 1697405857701,170,4314,151,0,100
10-15 23:37:37.809 12875 13136 I BatteryMgr:DataCollectionService: stats => 1697405857809,170,4314,151,0,100
10-15 23:37:37.922 12875 13136 I BatteryMgr:DataCollectionService: stats => 1697405857922,170,4314,151,0,100
10-15 23:37:38.035 12875 13136 I BatteryMgr:DataCollectionService: stats => 1697405858035,170,4314,151,0,100
10-15 23:37:38.103  3957  4128 D WifiService: getConnectionInfo uid=1000
10-15 23:37:38.145 12875 13136 I BatteryMgr:DataCollectionService: stats => 1697405858145,170,4314,151,0,100
10-15 23:37:38.258 12875 13136 I BatteryMgr:DataCollectionService: stats => 1697405858258,170,4314,151,0,100
10-15 23:37:38.343  3957  4129 D WifiStateMachine:  ConnectedState !RSSI_PKTCNT_FETCH uid=1000 rt=407847491/1068245718 0 0 "ourhome" f4:6d:2f:12:cc:88 rssi=-43 f=5240 sc=60 link=433 tx=2.2, 0.0, 0.0  rx=14.3 bcn=102717 [on:0 tx:0 rx:0 period:1000] from screen [on:235239 period:1722476] score=60
10-15 23:37:38.345  3957  4129 D WifiStateMachine:  L2ConnectedState !RSSI_PKTCNT_FETCH uid=1000 rt=407847494/1068245722 0 0 "ourhome" f4:6d:2f:12:cc:88 rssi=-43 f=5240 sc=60 link=433 tx=2.2, 0.0, 0.0  rx=14.3 bcn=102717 [on:0 tx:0 rx:0 period:1] from screen [on:235239 period:1722477] score=60
10-15 23:37:38.352  3957  4129 D WifiStateMachine: fetchRssiLinkSpeedAndFrequencyNative rssi=-43 linkspeed=433 freq=5240
10-15 23:37:38.369 12875 13136 I BatteryMgr:DataCollectionService: stats => 1697405858369,170,4314,151,0,100
10-15 23:37:38.425  6343  6427 D ScanRecord: Not a Multi Manu data
10-15 23:37:38.479  6343  6427 I chatty  : uid=1002(bluetooth) BT Service Call identical 154 lines
10-15 23:37:38.479  6343  6427 D ScanRecord: Not a Multi Manu data
10-15 23:37:38.481 12875 13136 I BatteryMgr:DataCollectionService: stats => 1697405858480,170,4314,151,0,100
10-15 23:37:38.481  6343  6427 D ScanRecord: Not a Multi Manu data
10-15 23:37:38.532  4961  4961 D io_stats: !@ 179,0 r 5818135 182250136 w 1320400 28543124 d 105156 31842964 f 302521 319428 iot 2544616 2243593 th 51200 0 0 pt 0 inp 0 0 407847.682
10-15 23:37:38.578  6343  6427 I chatty  : uid=1002(bluetooth) BT Service Call identical 180 lines
10-15 23:37:38.579  6343  6427 D ScanRecord: Not a Multi Manu data
10-15 23:37:38.579  3957  4129 D WifiStateMachine:  ConnectedState !CMD_RSSI_POLL rt=407847728/1068245955 54 0 "ourhome" f4:6d:2f:12:cc:88 rssi=-43 f=5240 sc=60 link=433 tx=2.2, 0.0, 0.0  rx=14.3 bcn=102717 [on:0 tx:0 rx:0 period:235] from screen [on:235239 period:1722712] score=60
10-15 23:37:38.580  6343  6427 D ScanRecord: Not a Multi Manu data
10-15 23:37:38.580  6343  6427 I chatty  : uid=1002(bluetooth) BT Service Call identical 4 lines
10-15 23:37:38.580  6343  6427 D ScanRecord: Not a Multi Manu data
10-15 23:37:38.580  6343  6427 D ScanRecord: Not a Multi Manu data
10-15 23:37:38.580  3957  4129 D WifiStateMachine:  L2ConnectedState !CMD_RSSI_POLL rt=407847730/1068245957 54 0 "ourhome" f4:6d:2f:12:cc:88 rssi=-43 f=5240 sc=60 link=433 tx=2.2, 0.0, 0.0  rx=14.3 bcn=102717 [on:0 tx:0 rx:0 period:1] from screen [on:235239 period:1722713] score=60
10-15 23:37:38.580  3957  4129 D WifiStateMachine:  get link layer stats 3
10-15 23:37:38.582  3436  3436 I android.hardware.wifi@1.0-service: getLinkLayerStats
10-15 23:37:38.586  6343  6427 I chatty  : uid=1002(bluetooth) BT Service Call expire 18 lines
10-15 23:37:38.587  6343  6427 D ScanRecord: Not a Multi Manu data
10-15 23:37:38.588  3957  4129 D WifiStateMachine: fetchRssiLinkSpeedAndFrequencyNative rssi=-42 linkspeed=433 freq=5240
10-15 23:37:38.591 12875 13136 I BatteryMgr:DataCollectionService: stats => 1697405858591,170,4314,151,0,100
10-15 23:37:38.592  6343  6427 D ScanRecord: Not a Multi Manu data
10-15 23:37:38.596  6343  6427 I chatty  : uid=1002(bluetooth) BT Service Call identical 38 lines
10-15 23:37:38.597  4340  4340 E SignalClusterView: setSlotFocusVisible : subId -2
10-15 23:37:38.597  6343  6427 D ScanRecord: Not a Multi Manu data
10-15 23:37:38.597  6343  6427 D ScanRecord: Not a Multi Manu data
10-15 23:37:38.597  4340  4340 E SignalClusterView: setSlotFocusVisible : subId -2
10-15 23:37:38.597  6343  6427 D ScanRecord: Not a Multi Manu data
10-15 23:37:38.602  6343  6427 I chatty  : uid=1002(bluetooth) BT Service Call identical 35 lines
10-15 23:37:38.602  6343  6427 D ScanRecord: Not a Multi Manu data
10-15 23:37:38.612  6343  6479 D bt_snoop: capture: count_snoop = 80000, st.st_size = 809226
10-15 23:37:38.614  6343  6427 D ScanRecord: Not a Multi Manu data
10-15 23:37:38.696  6343  6427 I chatty  : uid=1002(bluetooth) BT Service Call identical 206 lines
10-15 23:37:38.696  6343  6427 D ScanRecord: Not a Multi Manu data
10-15 23:37:38.701 12875 13136 I BatteryMgr:DataCollectionService: stats => 1697405858700,170,4314,151,0,100
10-15 23:37:38.703  6343  6427 D ScanRecord: Not a Multi Manu data
10-15 23:37:38.811  6343  6427 I chatty  : uid=1002(bluetooth) BT Service Call identical 230 lines
10-15 23:37:38.811  6343  6427 D ScanRecord: Not a Multi Manu data
10-15 23:37:38.811 12875 13136 I BatteryMgr:DataCollectionService: stats => 1697405858811,170,4314,151,0,100
10-15 23:37:38.811  6343  6427 D ScanRecord: Not a Multi Manu data
10-15 23:37:38.917  6343  6427 I chatty  : uid=1002(bluetooth) BT Service Call identical 234 lines
10-15 23:37:38.917  6343  6427 D ScanRecord: Not a Multi Manu data
10-15 23:37:38.921 12875 13136 I BatteryMgr:DataCollectionService: stats => 1697405858921,170,4314,151,0,100
10-15 23:37:39.032 12875 13136 I BatteryMgr:DataCollectionService: stats => 1697405859031,170,4314,151,0,100
10-15 23:37:39.105  3957  4128 D WifiService: getConnectionInfo uid=1000
10-15 23:37:39.143 12875 13136 I BatteryMgr:DataCollectionService: stats => 1697405859142,170,4314,151,0,100
10-15 23:37:39.171 12920 13146 I SessionStorage/AutoSave: Save: Periodic
10-15 23:37:39.253 12875 13136 I BatteryMgr:DataCollectionService: stats => 1697405859253,170,4314,151,0,100
10-15 23:37:39.342  3957  4129 D WifiStateMachine:  ConnectedState !RSSI_PKTCNT_FETCH uid=1000 rt=407848491/1068246719 0 0 "ourhome" f4:6d:2f:12:cc:88 rssi=-42 f=5240 sc=60 link=433 tx=0.8, 0.0, 0.0  rx=5.9 bcn=102742 [on:0 tx:0 rx:0 period:751] from screen [on:235371 period:1723475] score=60
10-15 23:37:39.345  3957  4129 D WifiStateMachine:  L2ConnectedState !RSSI_PKTCNT_FETCH uid=1000 rt=407848493/1068246721 0 0 "ourhome" f4:6d:2f:12:cc:88 rssi=-42 f=5240 sc=60 link=433 tx=0.8, 0.0, 0.0  rx=5.9 bcn=102742 [on:0 tx:0 rx:0 period:3] from screen [on:235371 period:1723478] score=60
10-15 23:37:39.347  3957  4129 D WifiStateMachine: fetchRssiLinkSpeedAndFrequencyNative rssi=-43 linkspeed=433 freq=5240
10-15 23:37:39.367 12875 13136 I BatteryMgr:DataCollectionService: stats => 1697405859367,170,4314,151,0,100
10-15 23:37:39.480 12875 13136 I BatteryMgr:DataCollectionService: stats => 1697405859480,170,4314,151,0,100
10-15 23:37:39.592 12875 13136 I BatteryMgr:DataCollectionService: stats => 1697405859591,170,4314,151,0,100
10-15 23:37:39.704 12875 13136 I BatteryMgr:DataCollectionService: stats => 1697405859704,170,4314,151,0,100
10-15 23:37:39.814 12875 13136 I BatteryMgr:DataCollectionService: stats => 1697405859814,170,4314,151,0,100
10-15 23:37:39.926 12875 13136 I BatteryMgr:DataCollectionService: stats => 1697405859926,170,4314,151,0,100
10-15 23:37:40.037 12875 13136 I BatteryMgr:DataCollectionService: stats => 1697405860036,170,4314,151,0,100
10-15 23:37:40.107  3957  4128 D WifiService: getConnectionInfo uid=1000
10-15 23:37:40.147 12875 13136 I BatteryMgr:DataCollectionService: stats => 1697405860146,170,4314,151,0,100
10-15 23:37:40.259 12875 13136 I BatteryMgr:DataCollectionService: stats => 1697405860259,170,4314,151,0,100
10-15 23:37:40.344  3957  4129 D WifiStateMachine:  ConnectedState !RSSI_PKTCNT_FETCH uid=1000 rt=407849493/1068247721 0 0 "ourhome" f4:6d:2f:12:cc:88 rssi=-43 f=5240 sc=60 link=433 tx=0.8, 0.0, 0.0  rx=5.9 bcn=102742 [on:0 tx:0 rx:0 period:999] from screen [on:235371 period:1724477] score=60
10-15 23:37:40.347  3957  4129 D WifiStateMachine:  L2ConnectedState !RSSI_PKTCNT_FETCH uid=1000 rt=407849496/1068247723 0 0 "ourhome" f4:6d:2f:12:cc:88 rssi=-43 f=5240 sc=60 link=433 tx=0.8, 0.0, 0.0  rx=5.9 bcn=102742 [on:0 tx:0 rx:0 period:3] from screen [on:235371 period:1724480] score=60
10-15 23:37:40.349  3957  4129 D WifiStateMachine: fetchRssiLinkSpeedAndFrequencyNative rssi=-43 linkspeed=433 freq=5240
10-15 23:37:40.372 12875 13136 I BatteryMgr:DataCollectionService: stats => 1697405860372,170,4314,151,0,100
10-15 23:37:40.485 12875 13136 I BatteryMgr:DataCollectionService: stats => 1697405860484,170,4314,151,0,100
10-15 23:37:40.596 12875 13136 I BatteryMgr:DataCollectionService: stats => 1697405860595,170,4314,151,0,100
10-15 23:37:40.707 12875 13136 I BatteryMgr:DataCollectionService: stats => 1697405860707,170,4314,151,0,100
10-15 23:37:40.818 12875 13136 I BatteryMgr:DataCollectionService: stats => 1697405860817,170,4314,151,0,100
10-15 23:37:40.930 12875 13136 I BatteryMgr:DataCollectionService: stats => 1697405860930,170,4314,151,0,100
10-15 23:37:40.999  3957  6478 D SSRM:k  : SIOP:: AP = 360, PST = 339 (W:20), BAT = 320, USB = 0, CHG = 0
10-15 23:37:41.041 12875 13136 I BatteryMgr:DataCollectionService: stats => 1697405861041,170,4314,151,0,100
10-15 23:37:41.110  3957  4128 D WifiService: getConnectionInfo uid=1000
10-15 23:37:41.151 12875 13136 I BatteryMgr:DataCollectionService: stats => 1697405861151,170,4314,151,0,100
10-15 23:37:41.262 12875 13136 I BatteryMgr:DataCollectionService: stats => 1697405861262,170,4314,151,0,100
10-15 23:37:41.346  3957  4129 D WifiStateMachine:  ConnectedState !RSSI_PKTCNT_FETCH uid=1000 rt=407850494/1068248722 0 0 "ourhome" f4:6d:2f:12:cc:88 rssi=-43 f=5240 sc=60 link=433 tx=0.8, 0.0, 0.0  rx=5.9 bcn=102742 [on:0 tx:0 rx:0 period:999] from screen [on:235371 period:1725479] score=60
10-15 23:37:41.348  3957  4129 D WifiStateMachine:  L2ConnectedState !RSSI_PKTCNT_FETCH uid=1000 rt=407850498/1068248725 0 0 "ourhome" f4:6d:2f:12:cc:88 rssi=-43 f=5240 sc=60 link=433 tx=0.8, 0.0, 0.0  rx=5.9 bcn=102742 [on:0 tx:0 rx:0 period:2] from screen [on:235371 period:1725481] score=60
10-15 23:37:41.355  3957  4129 D WifiStateMachine: fetchRssiLinkSpeedAndFrequencyNative rssi=-43 linkspeed=433 freq=5240
10-15 23:37:41.373 12875 13136 I BatteryMgr:DataCollectionService: stats => 1697405861373,170,4314,151,0,100
10-15 23:37:41.483 12875 13136 I BatteryMgr:DataCollectionService: stats => 1697405861483,170,4314,151,0,100
10-15 23:37:41.594  3957  4129 D WifiStateMachine:  ConnectedState !CMD_RSSI_POLL rt=407850741/1068248968 54 0 "ourhome" f4:6d:2f:12:cc:88 rssi=-43 f=5240 sc=60 link=433 tx=0.8, 0.0, 0.0  rx=5.9 bcn=102742 [on:0 tx:0 rx:0 period:245] from screen [on:235371 period:1725726] score=60
10-15 23:37:41.595 12875 13136 I BatteryMgr:DataCollectionService: stats => 1697405861594,170,4314,151,0,100
10-15 23:37:41.596  3957  4129 D WifiStateMachine:  L2ConnectedState !CMD_RSSI_POLL rt=407850745/1068248973 54 0 "ourhome" f4:6d:2f:12:cc:88 rssi=-43 f=5240 sc=60 link=433 tx=0.8, 0.0, 0.0  rx=5.9 bcn=102742 [on:0 tx:0 rx:0 period:3] from screen [on:235371 period:1725729] score=60
10-15 23:37:41.597  3957  4129 D WifiStateMachine:  get link layer stats 3
10-15 23:37:41.598  3436  3436 I android.hardware.wifi@1.0-service: getLinkLayerStats
10-15 23:37:41.616  3957  4129 D WifiStateMachine: fetchRssiLinkSpeedAndFrequencyNative rssi=-42 linkspeed=433 freq=5240
10-15 23:37:41.623  4340  4340 E SignalClusterView: setSlotFocusVisible : subId -2
10-15 23:37:41.623  4340  4340 E SignalClusterView: setSlotFocusVisible : subId -2
10-15 23:37:41.707 12875 13136 I BatteryMgr:DataCollectionService: stats => 1697405861707,170,4314,151,0,100
10-15 23:37:41.817 12875 13136 I BatteryMgr:DataCollectionService: stats => 1697405861816,170,4314,151,0,100
10-15 23:37:41.927 12875 13136 I BatteryMgr:DataCollectionService: stats => 1697405861927,170,4314,151,0,100
10-15 23:37:42.039 12875 13136 I BatteryMgr:DataCollectionService: stats => 1697405862039,170,4314,151,0,100
10-15 23:37:42.112  3957  4128 D WifiService: getConnectionInfo uid=1000
10-15 23:37:42.148 12875 13136 I BatteryMgr:DataCollectionService: stats => 1697405862147,170,4314,151,0,100
10-15 23:37:42.258 12875 13136 I BatteryMgr:DataCollectionService: stats => 1697405862258,170,4314,151,0,100
10-15 23:37:42.347  3957  4129 D WifiStateMachine:  ConnectedState !RSSI_PKTCNT_FETCH uid=1000 rt=407851495/1068249723 0 0 "ourhome" f4:6d:2f:12:cc:88 rssi=-42 f=5240 sc=60 link=433 tx=2.8, 0.0, 0.0  rx=4.7 bcn=102772 [on:0 tx:0 rx:0 period:725] from screen [on:236510 period:1726480] score=60
10-15 23:37:42.349  3957  4129 D WifiStateMachine:  L2ConnectedState !RSSI_PKTCNT_FETCH uid=1000 rt=407851498/1068249726 0 0 "ourhome" f4:6d:2f:12:cc:88 rssi=-42 f=5240 sc=60 link=433 tx=2.8, 0.0, 0.0  rx=4.7 bcn=102772 [on:0 tx:0 rx:0 period:2] from screen [on:236510 period:1726482] score=60
10-15 23:37:42.356  3957  4129 D WifiStateMachine: fetchRssiLinkSpeedAndFrequencyNative rssi=-43 linkspeed=433 freq=5240
10-15 23:37:42.372 12875 13136 I BatteryMgr:DataCollectionService: stats => 1697405862372,170,4314,151,0,100
10-15 23:37:42.483 12875 13136 I BatteryMgr:DataCollectionService: stats => 1697405862482,170,4314,151,0,100
10-15 23:37:42.597 12875 13136 I BatteryMgr:DataCollectionService: stats => 1697405862596,170,4314,151,0,100
10-15 23:37:42.708 12875 13136 I BatteryMgr:DataCollectionService: stats => 1697405862708,170,4314,151,0,100
10-15 23:37:42.819 12875 13136 I BatteryMgr:DataCollectionService: stats => 1697405862819,170,4314,151,0,100
10-15 23:37:42.929 12875 13136 I BatteryMgr:DataCollectionService: stats => 1697405862929,170,4314,151,0,100
10-15 23:37:43.039 12875 13136 I BatteryMgr:DataCollectionService: stats => 1697405863039,214,4314,187,0,100
10-15 23:37:43.115  3957  4128 D WifiService: getConnectionInfo uid=1000
10-15 23:37:43.147 12875 13136 I BatteryMgr:DataCollectionService: stats => 1697405863147,214,4314,187,0,100
10-15 23:37:43.259 12875 13136 I BatteryMgr:DataCollectionService: stats => 1697405863259,214,4314,187,0,100
10-15 23:37:43.348  3957  4129 D WifiStateMachine:  ConnectedState !RSSI_PKTCNT_FETCH uid=1000 rt=407852497/1068250724 0 0 "ourhome" f4:6d:2f:12:cc:88 rssi=-43 f=5240 sc=60 link=433 tx=2.8, 0.0, 0.0  rx=4.7 bcn=102772 [on:0 tx:0 rx:0 period:998] from screen [on:236510 period:1727480] score=60
10-15 23:37:43.350  3957  4129 D WifiStateMachine:  L2ConnectedState !RSSI_PKTCNT_FETCH uid=1000 rt=407852499/1068250726 0 0 "ourhome" f4:6d:2f:12:cc:88 rssi=-43 f=5240 sc=60 link=433 tx=2.8, 0.0, 0.0  rx=4.7 bcn=102772 [on:0 tx:0 rx:0 period:3] from screen [on:236510 period:1727483] score=60
10-15 23:37:43.356  3957  4129 D WifiStateMachine: fetchRssiLinkSpeedAndFrequencyNative rssi=-43 linkspeed=433 freq=5240
10-15 23:37:43.372 12875 13136 I BatteryMgr:DataCollectionService: stats => 1697405863372,214,4314,187,0,100
10-15 23:37:43.420  6343  6427 D ScanRecord: Not a Multi Manu data
10-15 23:37:43.479  6343  6427 I chatty  : uid=1002(bluetooth) BT Service Call identical 89 lines
10-15 23:37:43.481  6343  6427 D ScanRecord: Not a Multi Manu data
10-15 23:37:43.484 12875 13136 I BatteryMgr:DataCollectionService: stats => 1697405863484,214,4314,187,0,100
10-15 23:37:43.490  6343  6427 D ScanRecord: Not a Multi Manu data
10-15 23:37:43.529  3957  4460 D BatteryService: !@BatteryListener : batteryPropertiesChanged!
10-15 23:37:43.535  4961  4961 D io_stats: !@ 179,0 r 5818525 182262572 w 1320413 28543272 d 105157 31843036 f 302522 319429 iot 2544748 2243736 th 51200 0 0 pt 0 inp 0 0 407852.685
10-15 23:37:43.592  6343  6427 I chatty  : uid=1002(bluetooth) BT Service Call identical 180 lines
10-15 23:37:43.592  6343  6427 D ScanRecord: Not a Multi Manu data
10-15 23:37:43.597 12875 13136 I BatteryMgr:DataCollectionService: stats => 1697405863597,214,4314,187,0,100
10-15 23:37:43.604  6343  6427 D ScanRecord: Not a Multi Manu data
10-15 23:37:43.701  6343  6427 I chatty  : uid=1002(bluetooth) BT Service Call identical 219 lines
10-15 23:37:43.701  6343  6427 D ScanRecord: Not a Multi Manu data
10-15 23:37:43.707 12875 13136 I BatteryMgr:DataCollectionService: stats => 1697405863706,214,4314,187,0,100
10-15 23:37:43.723  6343  6427 D ScanRecord: Not a Multi Manu data
10-15 23:37:43.811  6343  6427 I chatty  : uid=1002(bluetooth) BT Service Call identical 128 lines
10-15 23:37:43.811  6343  6427 D ScanRecord: Not a Multi Manu data
10-15 23:37:43.817 12875 13136 I BatteryMgr:DataCollectionService: stats => 1697405863817,214,4314,187,0,100
10-15 23:37:43.819  6343  6427 D ScanRecord: Not a Multi Manu data
10-15 23:37:43.918  6343  6427 I chatty  : uid=1002(bluetooth) BT Service Call identical 219 lines
10-15 23:37:43.918  6343  6427 D ScanRecord: Not a Multi Manu data
10-15 23:37:43.931 12875 13136 I BatteryMgr:DataCollectionService: stats => 1697405863931,214,4314,187,0,100
10-15 23:37:44.045 12875 13136 I BatteryMgr:DataCollectionService: stats => 1697405864045,214,4314,187,0,100
10-15 23:37:44.117  3957  4128 D WifiService: getConnectionInfo uid=1000
10-15 23:37:44.158 12875 13136 I BatteryMgr:DataCollectionService: stats => 1697405864158,214,4314,187,0,100
10-15 23:37:44.267 12875 13136 I BatteryMgr:DataCollectionService: stats => 1697405864267,214,4314,187,0,100
10-15 23:37:44.348  3957  4129 D WifiStateMachine:  ConnectedState !RSSI_PKTCNT_FETCH uid=1000 rt=407853497/1068251725 0 0 "ourhome" f4:6d:2f:12:cc:88 rssi=-43 f=5240 sc=60 link=433 tx=2.8, 0.0, 0.0  rx=4.7 bcn=102772 [on:0 tx:0 rx:0 period:998] from screen [on:236510 period:1728481] score=60
10-15 23:37:44.351  3957  4129 D WifiStateMachine:  L2ConnectedState !RSSI_PKTCNT_FETCH uid=1000 rt=407853500/1068251727 0 0 "ourhome" f4:6d:2f:12:cc:88 rssi=-43 f=5240 sc=60 link=433 tx=2.8, 0.0, 0.0  rx=4.7 bcn=102772 [on:0 tx:0 rx:0 period:3] from screen [on:236510 period:1728484] score=60
10-15 23:37:44.353  3957  4129 D WifiStateMachine: fetchRssiLinkSpeedAndFrequencyNative rssi=-43 linkspeed=433 freq=5240
10-15 23:37:44.379 12875 13136 I BatteryMgr:DataCollectionService: stats => 1697405864379,214,4314,187,0,100
10-15 23:37:44.488 12875 13136 I BatteryMgr:DataCollectionService: stats => 1697405864487,214,4314,187,0,100
10-15 23:37:44.599 12875 13136 I BatteryMgr:DataCollectionService: stats => 1697405864599,214,4314,187,0,100
10-15 23:37:44.620  3957  4129 D WifiStateMachine:  ConnectedState !CMD_RSSI_POLL rt=407853769/1068251996 54 0 "ourhome" f4:6d:2f:12:cc:88 rssi=-43 f=5240 sc=60 link=433 tx=2.8, 0.0, 0.0  rx=4.7 bcn=102772 [on:0 tx:0 rx:0 period:268] from screen [on:236510 period:1728752] score=60
10-15 23:37:44.623  3957  4129 D WifiStateMachine:  L2ConnectedState !CMD_RSSI_POLL rt=407853771/1068251998 54 0 "ourhome" f4:6d:2f:12:cc:88 rssi=-43 f=5240 sc=60 link=433 tx=2.8, 0.0, 0.0  rx=4.7 bcn=102772 [on:0 tx:0 rx:0 period:4] from screen [on:236510 period:1728756] score=60
10-15 23:37:44.623  3957  4129 D WifiStateMachine:  get link layer stats 3
10-15 23:37:44.624  3436  3436 I android.hardware.wifi@1.0-service: getLinkLayerStats
10-15 23:37:44.628  3957  4129 D WifiStateMachine: fetchRssiLinkSpeedAndFrequencyNative rssi=-43 linkspeed=433 freq=5240
10-15 23:37:44.632  4340  4340 E SignalClusterView: setSlotFocusVisible : subId -2
10-15 23:37:44.632  4340  4340 E SignalClusterView: setSlotFocusVisible : subId -2
10-15 23:37:44.712 12875 13136 I BatteryMgr:DataCollectionService: stats => 1697405864712,214,4314,187,0,100
10-15 23:37:44.824 12875 13136 I BatteryMgr:DataCollectionService: stats => 1697405864824,214,4314,187,0,100
10-15 23:37:44.934 12875 13136 I BatteryMgr:DataCollectionService: stats => 1697405864934,214,4314,187,0,100
10-15 23:37:45.046 12875 13136 I BatteryMgr:DataCollectionService: stats => 1697405865046,214,4314,187,0,100
10-15 23:37:45.120  3957  4128 D WifiService: getConnectionInfo uid=1000
10-15 23:37:45.165 12875 13136 I BatteryMgr:DataCollectionService: stats => 1697405865165,214,4314,187,0,100
10-15 23:37:45.276 12875 13136 I BatteryMgr:DataCollectionService: stats => 1697405865276,214,4314,187,0,100
10-15 23:37:45.351  3957  4129 D WifiStateMachine:  ConnectedState !RSSI_PKTCNT_FETCH uid=1000 rt=407854499/1068252726 0 0 "ourhome" f4:6d:2f:12:cc:88 rssi=-43 f=5240 sc=60 link=433 tx=1.7, 0.0, 0.0  rx=2.3 bcn=102800 [on:0 tx:0 rx:0 period:717] from screen [on:236922 period:1729484] score=60
10-15 23:37:45.362  3957  4129 D WifiStateMachine:  L2ConnectedState !RSSI_PKTCNT_FETCH uid=1000 rt=407854502/1068252730 0 0 "ourhome" f4:6d:2f:12:cc:88 rssi=-43 f=5240 sc=60 link=433 tx=1.7, 0.0, 0.0  rx=2.3 bcn=102800 [on:0 tx:0 rx:0 period:11] from screen [on:236922 period:1729495] score=60
10-15 23:37:45.365  3957  4129 D WifiStateMachine: fetchRssiLinkSpeedAndFrequencyNative rssi=-43 linkspeed=433 freq=5240
10-15 23:37:45.394 12875 13136 I BatteryMgr:DataCollectionService: stats => 1697405865392,214,4314,187,0,100
10-15 23:37:45.507 12875 13136 I BatteryMgr:DataCollectionService: stats => 1697405865507,214,4314,187,0,100
10-15 23:37:45.563  7695  7744 I PlayCommon: [11722] anai.j(241): Preparing logs for uploading
10-15 23:37:45.565  3957  4460 D ConnectivityService: filterNetworkStateForUid() uid: 10044 networkInfo: [type: WIFI[] - WIFI, state: CONNECTED/CONNECTED, reason: (unspecified), extra: "ourhome", failover: false, available: true, roaming: false, metered: false]
10-15 23:37:45.565  3957  4460 D WifiService: getConnectionInfo uid=1000
