10-15 22:48:28.925  3957  4129 D WifiStateMachine:  L2ConnectedState !RSSI_PKTCNT_FETCH uid=1000 rt=404898074/1065296302 0 0 "ourhome" f4:6d:2f:12:cc:88 rssi=-42 f=5240 sc=60 link=433 tx=21.4, 3.8, 0.0  rx=31.8 bcn=76515 [on:0 tx:0 rx:0 period:2] from screen [on:506098 period:3075901] score=60
10-15 22:48:28.931  3957  4129 D WifiStateMachine: fetchRssiLinkSpeedAndFrequencyNative rssi=-42 linkspeed=433 freq=5240
10-15 22:48:28.990  7991  8350 I BatteryMgr:DataCollectionService: stats => 1697402908990,196,4314,58,0,100
10-15 22:48:29.105  7991  8350 I BatteryMgr:DataCollectionService: stats => 1697402909105,196,4314,58,0,100
10-15 22:48:29.219  7991  8350 I BatteryMgr:DataCollectionService: stats => 1697402909219,196,4314,58,0,100
10-15 22:48:29.343  7991  8350 I BatteryMgr:DataCollectionService: stats => 1697402909342,196,4314,58,0,100
10-15 22:48:29.454  7991  8350 I BatteryMgr:DataCollectionService: stats => 1697402909453,196,4314,58,0,100
10-15 22:48:29.567  7991  8350 I BatteryMgr:DataCollectionService: stats => 1697402909567,196,4314,58,0,100
10-15 22:48:29.617  3957  4128 D WifiService: getConnectionInfo uid=1000
10-15 22:48:29.684  7991  8350 I BatteryMgr:DataCollectionService: stats => 1697402909684,196,4314,58,0,100
10-15 22:48:29.798  7991  8350 I BatteryMgr:DataCollectionService: stats => 1697402909798,196,4314,58,0,100
10-15 22:48:29.911  7991  8350 I BatteryMgr:DataCollectionService: stats => 1697402909911,196,4314,58,0,100
10-15 22:48:29.924  3957  4129 D WifiStateMachine:  ConnectedState !RSSI_PKTCNT_FETCH uid=1000 rt=404899073/1065297300 0 0 "ourhome" f4:6d:2f:12:cc:88 rssi=-42 f=5240 sc=60 link=433 tx=21.4, 3.8, 0.0  rx=31.8 bcn=76515 [on:0 tx:0 rx:0 period:998] from screen [on:506098 period:3076899] score=60
10-15 22:48:29.926  3957  4129 D WifiStateMachine:  L2ConnectedState !RSSI_PKTCNT_FETCH uid=1000 rt=404899075/1065297302 0 0 "ourhome" f4:6d:2f:12:cc:88 rssi=-42 f=5240 sc=60 link=433 tx=21.4, 3.8, 0.0  rx=31.8 bcn=76515 [on:0 tx:0 rx:0 period:3] from screen [on:506098 period:3076902] score=60
10-15 22:48:29.933  3957  4129 D WifiStateMachine: fetchRssiLinkSpeedAndFrequencyNative rssi=-42 linkspeed=433 freq=5240
10-15 22:48:30.027  7991  8350 I BatteryMgr:DataCollectionService: stats => 1697402910026,196,4314,58,0,100
10-15 22:48:30.144  7991  8350 I BatteryMgr:DataCollectionService: stats => 1697402910144,196,4314,58,0,100
10-15 22:48:30.260  7991  8350 I BatteryMgr:DataCollectionService: stats => 1697402910260,196,4314,58,0,100
10-15 22:48:30.284  3957  4030 D SensorService: [SO] 0.120 -0.081 9.965
10-15 22:48:30.375  7991  8350 I BatteryMgr:DataCollectionService: stats => 1697402910374,196,4314,58,0,100
10-15 22:48:30.491  7991  8350 I BatteryMgr:DataCollectionService: stats => 1697402910490,196,4314,58,0,100
10-15 22:48:30.605  7991  8350 I BatteryMgr:DataCollectionService: stats => 1697402910605,196,4314,58,0,100
10-15 22:48:30.619  3957  4128 D WifiService: getConnectionInfo uid=1000
10-15 22:48:30.666  3957  4129 D WifiStateMachine:  ConnectedState !CMD_RSSI_POLL rt=404899815/1065298042 52 0 "ourhome" f4:6d:2f:12:cc:88 rssi=-42 f=5240 sc=60 link=433 tx=21.4, 3.8, 0.0  rx=31.8 bcn=76515 [on:0 tx:0 rx:0 period:740] from screen [on:506098 period:3077642] score=60
10-15 22:48:30.668  3957  4129 D WifiStateMachine:  L2ConnectedState !CMD_RSSI_POLL rt=404899817/1065298045 52 0 "ourhome" f4:6d:2f:12:cc:88 rssi=-42 f=5240 sc=60 link=433 tx=21.4, 3.8, 0.0  rx=31.8 bcn=76515 [on:0 tx:0 rx:0 period:2] from screen [on:506098 period:3077644] score=60
10-15 22:48:30.668  3957  4129 D WifiStateMachine:  get link layer stats 3
10-15 22:48:30.669  3436  3436 I android.hardware.wifi@1.0-service: getLinkLayerStats
10-15 22:48:30.678  3957  4129 D WifiStateMachine: fetchRssiLinkSpeedAndFrequencyNative rssi=-42 linkspeed=433 freq=5240
10-15 22:48:30.683  4340  4340 E SignalClusterView: setSlotFocusVisible : subId -2
10-15 22:48:30.683  4340  4340 E SignalClusterView: setSlotFocusVisible : subId -2
10-15 22:48:30.718  7991  8350 I BatteryMgr:DataCollectionService: stats => 1697402910718,196,4314,58,0,100
10-15 22:48:30.832  7991  8350 I BatteryMgr:DataCollectionService: stats => 1697402910832,196,4314,58,0,100
10-15 22:48:30.925  3957  4129 D WifiStateMachine:  ConnectedState !RSSI_PKTCNT_FETCH uid=1000 rt=404900074/1065298302 0 0 "ourhome" f4:6d:2f:12:cc:88 rssi=-42 f=5240 sc=60 link=433 tx=7.8, 1.4, 0.0  rx=12.3 bcn=76540 [on:0 tx:0 rx:0 period:243] from screen [on:506235 period:3077901] score=60
10-15 22:48:30.927  3957  4129 D WifiStateMachine:  L2ConnectedState !RSSI_PKTCNT_FETCH uid=1000 rt=404900076/1065298304 0 0 "ourhome" f4:6d:2f:12:cc:88 rssi=-42 f=5240 sc=60 link=433 tx=7.8, 1.4, 0.0  rx=12.3 bcn=76540 [on:0 tx:0 rx:0 period:2] from screen [on:506235 period:3077903] score=60
10-15 22:48:30.933  3957  4129 D WifiStateMachine: fetchRssiLinkSpeedAndFrequencyNative rssi=-42 linkspeed=433 freq=5240
10-15 22:48:30.945  7991  8350 I BatteryMgr:DataCollectionService: stats => 1697402910944,196,4314,58,0,100
10-15 22:48:31.055  7991  8350 I BatteryMgr:DataCollectionService: stats => 1697402911055,196,4314,58,0,100
10-15 22:48:31.164  7991  8350 I BatteryMgr:DataCollectionService: stats => 1697402911164,196,4314,58,0,100
10-15 22:48:31.279  4961  4961 D io_stats: !@ 179,0 r 5676916 177152472 w 1308402 28307512 d 103774 31731844 f 301263 317976 iot 2479764 2188993 th 51200 0 0 pt 0 inp 0 0 404900.429
10-15 22:48:31.280  7991  8350 I BatteryMgr:DataCollectionService: stats => 1697402911279,196,4314,58,0,100
10-15 22:48:31.401  7991  8350 I BatteryMgr:DataCollectionService: stats => 1697402911401,196,4314,58,0,100
10-15 22:48:31.469  6343  6427 D ScanRecord: Not a Multi Manu data
10-15 22:48:31.516  6343  6427 I chatty  : uid=1002(bluetooth) BT Service Call identical 37 lines
10-15 22:48:31.516  6343  6427 D ScanRecord: Not a Multi Manu data
10-15 22:48:31.517  7991  8350 I BatteryMgr:DataCollectionService: stats => 1697402911517,196,4314,58,0,100
10-15 22:48:31.520  6343  6427 D ScanRecord: Not a Multi Manu data
10-15 22:48:31.601  6343  6427 I chatty  : uid=1002(bluetooth) BT Service Call identical 141 lines
10-15 22:48:31.601  6343  6427 D ScanRecord: Not a Multi Manu data
10-15 22:48:31.622  3957  4128 D WifiService: getConnectionInfo uid=1000
10-15 22:48:31.629  6343  6427 D ScanRecord: Not a Multi Manu data
10-15 22:48:31.630  6343  6427 I chatty  : uid=1002(bluetooth) BT Service Call identical 11 lines
10-15 22:48:31.630  6343  6427 D ScanRecord: Not a Multi Manu data
10-15 22:48:31.631  7991  8350 I BatteryMgr:DataCollectionService: stats => 1697402911630,196,4314,58,0,100
10-15 22:48:31.660  6343  6427 D ScanRecord: Not a Multi Manu data
10-15 22:48:31.746  6343  6427 I chatty  : uid=1002(bluetooth) BT Service Call identical 169 lines
10-15 22:48:31.746  6343  6427 D ScanRecord: Not a Multi Manu data
10-15 22:48:31.747  7991  8350 I BatteryMgr:DataCollectionService: stats => 1697402911746,196,4314,58,0,100
10-15 22:48:31.748  6343  6427 D ScanRecord: Not a Multi Manu data
10-15 22:48:31.854  6343  6427 I chatty  : uid=1002(bluetooth) BT Service Call identical 191 lines
10-15 22:48:31.854  6343  6427 D ScanRecord: Not a Multi Manu data
10-15 22:48:31.863  7991  8350 I BatteryMgr:DataCollectionService: stats => 1697402911863,196,4314,58,0,100
10-15 22:48:31.889  6343  6427 D ScanRecord: Not a Multi Manu data
10-15 22:48:31.923  6343  6427 I chatty  : uid=1002(bluetooth) BT Service Call identical 102 lines
10-15 22:48:31.923  6343  6427 D ScanRecord: Not a Multi Manu data
10-15 22:48:31.928  3957  4129 D WifiStateMachine:  ConnectedState !RSSI_PKTCNT_FETCH uid=1000 rt=404901076/1065299304 0 0 "ourhome" f4:6d:2f:12:cc:88 rssi=-42 f=5240 sc=60 link=433 tx=7.8, 1.4, 0.0  rx=12.3 bcn=76540 [on:0 tx:0 rx:0 period:1001] from screen [on:506235 period:3078904] score=60
10-15 22:48:31.932  3957  4129 D WifiStateMachine:  L2ConnectedState !RSSI_PKTCNT_FETCH uid=1000 rt=404901080/1065299307 0 0 "ourhome" f4:6d:2f:12:cc:88 rssi=-42 f=5240 sc=60 link=433 tx=7.8, 1.4, 0.0  rx=12.3 bcn=76540 [on:0 tx:0 rx:0 period:3] from screen [on:506235 period:3078907] score=60
10-15 22:48:31.934  3957  4129 D WifiStateMachine: fetchRssiLinkSpeedAndFrequencyNative rssi=-43 linkspeed=433 freq=5240
10-15 22:48:31.940  6343  6427 D ScanRecord: Not a Multi Manu data
10-15 22:48:31.951  6343  6427 I chatty  : uid=1002(bluetooth) BT Service Call identical 37 lines
10-15 22:48:31.951  6343  6427 D ScanRecord: Not a Multi Manu data
10-15 22:48:31.977  7991  8350 I BatteryMgr:DataCollectionService: stats => 1697402911977,196,4314,58,0,100
10-15 22:48:32.090  7991  8350 I BatteryMgr:DataCollectionService: stats => 1697402912089,196,4314,58,0,100
10-15 22:48:32.204  7991  8350 I BatteryMgr:DataCollectionService: stats => 1697402912203,196,4314,58,0,100
10-15 22:48:32.321  7991  8350 I BatteryMgr:DataCollectionService: stats => 1697402912321,196,4314,58,0,100
10-15 22:48:32.440  7991  8350 I BatteryMgr:DataCollectionService: stats => 1697402912440,196,4314,58,0,100
10-15 22:48:32.556  7991  8350 I BatteryMgr:DataCollectionService: stats => 1697402912556,196,4314,58,0,100
10-15 22:48:32.624  3957  4128 D WifiService: getConnectionInfo uid=1000
10-15 22:48:32.669  7991  8350 I BatteryMgr:DataCollectionService: stats => 1697402912669,196,4314,58,0,100
10-15 22:48:32.782  7991  8350 I BatteryMgr:DataCollectionService: stats => 1697402912782,196,4314,58,0,100
10-15 22:48:32.896  7991  8350 I BatteryMgr:DataCollectionService: stats => 1697402912896,196,4314,58,0,100
10-15 22:48:32.930  3957  4129 D WifiStateMachine:  ConnectedState !RSSI_PKTCNT_FETCH uid=1000 rt=404902078/1065300306 0 0 "ourhome" f4:6d:2f:12:cc:88 rssi=-43 f=5240 sc=60 link=433 tx=7.8, 1.4, 0.0  rx=12.3 bcn=76540 [on:0 tx:0 rx:0 period:998] from screen [on:506235 period:3079905] score=60
10-15 22:48:32.933  3957  4129 D WifiStateMachine:  L2ConnectedState !RSSI_PKTCNT_FETCH uid=1000 rt=404902081/1065300308 0 0 "ourhome" f4:6d:2f:12:cc:88 rssi=-43 f=5240 sc=60 link=433 tx=7.8, 1.4, 0.0  rx=12.3 bcn=76540 [on:0 tx:0 rx:0 period:4] from screen [on:506235 period:3079909] score=60
10-15 22:48:32.937  3957  4129 D WifiStateMachine: fetchRssiLinkSpeedAndFrequencyNative rssi=-42 linkspeed=433 freq=5240
10-15 22:48:33.012  7991  8350 I BatteryMgr:DataCollectionService: stats => 1697402913012,196,4314,58,0,100
10-15 22:48:33.127  7991  8350 I BatteryMgr:DataCollectionService: stats => 1697402913127,196,4314,58,0,100
10-15 22:48:33.237  7991  8350 I BatteryMgr:DataCollectionService: stats => 1697402913236,196,4314,58,0,100
10-15 22:48:33.352  7991  8350 I BatteryMgr:DataCollectionService: stats => 1697402913352,196,4314,58,0,100
10-15 22:48:33.466  7991  8350 I BatteryMgr:DataCollectionService: stats => 1697402913466,196,4314,58,0,100
10-15 22:48:33.576  7991  8350 I BatteryMgr:DataCollectionService: stats => 1697402913576,196,4314,58,0,100
10-15 22:48:33.626  3957  4128 D WifiService: getConnectionInfo uid=1000
10-15 22:48:33.684  3957  4129 D WifiStateMachine:  ConnectedState !CMD_RSSI_POLL rt=404902832/1065301059 52 0 "ourhome" f4:6d:2f:12:cc:88 rssi=-42 f=5240 sc=60 link=433 tx=7.8, 1.4, 0.0  rx=12.3 bcn=76540 [on:0 tx:0 rx:0 period:751] from screen [on:506235 period:3080660] score=60
10-15 22:48:33.686  3957  4129 D WifiStateMachine:  L2ConnectedState !CMD_RSSI_POLL rt=404902835/1065301063 52 0 "ourhome" f4:6d:2f:12:cc:88 rssi=-42 f=5240 sc=60 link=433 tx=7.8, 1.4, 0.0  rx=12.3 bcn=76540 [on:0 tx:0 rx:0 period:2] from screen [on:506235 period:3080662] score=60
10-15 22:48:33.687  3957  4129 D WifiStateMachine:  get link layer stats 3
10-15 22:48:33.688  3436  3436 I android.hardware.wifi@1.0-service: getLinkLayerStats
10-15 22:48:33.689  7991  8350 I BatteryMgr:DataCollectionService: stats => 1697402913689,196,4314,58,0,100
10-15 22:48:33.708  3957  4129 D WifiStateMachine: fetchRssiLinkSpeedAndFrequencyNative rssi=-42 linkspeed=433 freq=5240
10-15 22:48:33.712  4340  4340 E SignalClusterView: setSlotFocusVisible : subId -2
10-15 22:48:33.713  4340  4340 E SignalClusterView: setSlotFocusVisible : subId -2
10-15 22:48:33.804  7991  8350 I BatteryMgr:DataCollectionService: stats => 1697402913804,196,4314,58,0,100
10-15 22:48:33.922  7991  8350 I BatteryMgr:DataCollectionService: stats => 1697402913922,196,4314,58,0,100
10-15 22:48:33.930  3957  4129 D WifiStateMachine:  ConnectedState !RSSI_PKTCNT_FETCH uid=1000 rt=404903079/1065301306 0 0 "ourhome" f4:6d:2f:12:cc:88 rssi=-42 f=5240 sc=60 link=433 tx=2.9, 0.5, 0.0  rx=5.1 bcn=76566 [on:0 tx:0 rx:0 period:219] from screen [on:506376 period:3080906] score=60
10-15 22:48:33.934  3957  4129 D WifiStateMachine:  L2ConnectedState !RSSI_PKTCNT_FETCH uid=1000 rt=404903082/1065301309 0 0 "ourhome" f4:6d:2f:12:cc:88 rssi=-42 f=5240 sc=60 link=433 tx=2.9, 0.5, 0.0  rx=5.1 bcn=76566 [on:0 tx:0 rx:0 period:4] from screen [on:506376 period:3080910] score=60
10-15 22:48:33.940  3957  4129 D WifiStateMachine: fetchRssiLinkSpeedAndFrequencyNative rssi=-42 linkspeed=433 freq=5240
10-15 22:48:34.034  7991  8350 I BatteryMgr:DataCollectionService: stats => 1697402914034,196,4314,58,0,100
10-15 22:48:34.144  7991  8350 I BatteryMgr:DataCollectionService: stats => 1697402914144,196,4314,58,0,100
10-15 22:48:34.257  7991  8350 I BatteryMgr:DataCollectionService: stats => 1697402914257,196,4314,58,0,100
10-15 22:48:34.372  7991  8350 I BatteryMgr:DataCollectionService: stats => 1697402914372,196,4314,58,0,100
10-15 22:48:34.484  7991  8350 I BatteryMgr:DataCollectionService: stats => 1697402914484,196,4314,58,0,100
10-15 22:48:34.577  3957  6478 D SSRM:k  : SIOP:: AP = 410, PST = 412 (W:10), BAT = 320, USB = 0, CHG = 0
10-15 22:48:34.598  7991  8350 I BatteryMgr:DataCollectionService: stats => 1697402914598,196,4314,58,0,100
10-15 22:48:34.628  3957  4128 D WifiService: getConnectionInfo uid=1000
10-15 22:48:34.709  7991  8350 I BatteryMgr:DataCollectionService: stats => 1697402914709,196,4314,58,0,100
10-15 22:48:34.823  7991  8350 I BatteryMgr:DataCollectionService: stats => 1697402914823,196,4314,58,0,100
10-15 22:48:34.933  3957  4129 D WifiStateMachine:  ConnectedState !RSSI_PKTCNT_FETCH uid=1000 rt=404904081/1065302308 0 0 "ourhome" f4:6d:2f:12:cc:88 rssi=-42 f=5240 sc=60 link=433 tx=2.9, 0.5, 0.0  rx=5.1 bcn=76566 [on:0 tx:0 rx:0 period:998] from screen [on:506376 period:3081908] score=60
10-15 22:48:34.938  3957  4129 D WifiStateMachine:  L2ConnectedState !RSSI_PKTCNT_FETCH uid=1000 rt=404904084/1065302312 0 0 "ourhome" f4:6d:2f:12:cc:88 rssi=-42 f=5240 sc=60 link=433 tx=2.9, 0.5, 0.0  rx=5.1 bcn=76566 [on:0 tx:0 rx:0 period:4] from screen [on:506376 period:3081912] score=60
10-15 22:48:34.938  7991  8350 I BatteryMgr:DataCollectionService: stats => 1697402914938,196,4314,58,0,100
10-15 22:48:34.944  3957  4129 D WifiStateMachine: fetchRssiLinkSpeedAndFrequencyNative rssi=-42 linkspeed=433 freq=5240
10-15 22:48:35.051  7991  8350 I BatteryMgr:DataCollectionService: stats => 1697402915051,196,4314,58,0,100
10-15 22:48:35.162  7991  8350 I BatteryMgr:DataCollectionService: stats => 1697402915162,196,4314,58,0,100
10-15 22:48:35.272  7991  8350 I BatteryMgr:DataCollectionService: stats => 1697402915272,196,4314,58,0,100
10-15 22:48:35.385  7991  8350 I BatteryMgr:DataCollectionService: stats => 1697402915385,170,4314,171,0,100
10-15 22:48:35.504  7991  8350 I BatteryMgr:DataCollectionService: stats => 1697402915504,170,4314,171,0,100
10-15 22:48:35.615  7991  8350 I BatteryMgr:DataCollectionService: stats => 1697402915615,170,4314,171,0,100
10-15 22:48:35.633  3957  4128 D WifiService: getConnectionInfo uid=1000
10-15 22:48:35.725  7991  8350 I BatteryMgr:DataCollectionService: stats => 1697402915725,170,4314,171,0,100
10-15 22:48:35.838  7991  8350 I BatteryMgr:DataCollectionService: stats => 1697402915838,170,4314,171,0,100
10-15 22:48:35.892  3957  5414 D BatteryService: !@BatteryListener : batteryPropertiesChanged!
10-15 22:48:35.935  3957  4129 D WifiStateMachine:  ConnectedState !RSSI_PKTCNT_FETCH uid=1000 rt=404905081/1065303309 0 0 "ourhome" f4:6d:2f:12:cc:88 rssi=-42 f=5240 sc=60 link=433 tx=2.9, 0.5, 0.0  rx=5.1 bcn=76566 [on:0 tx:0 rx:0 period:998] from screen [on:506376 period:3082910] score=60
10-15 22:48:35.937  3957  4129 D WifiStateMachine:  L2ConnectedState !RSSI_PKTCNT_FETCH uid=1000 rt=404905086/1065303314 0 0 "ourhome" f4:6d:2f:12:cc:88 rssi=-42 f=5240 sc=60 link=433 tx=2.9, 0.5, 0.0  rx=5.1 bcn=76566 [on:0 tx:0 rx:0 period:3] from screen [on:506376 period:3082913] score=60
10-15 22:48:35.944  3957  4129 D WifiStateMachine: fetchRssiLinkSpeedAndFrequencyNative rssi=-42 linkspeed=433 freq=5240
10-15 22:48:35.953  7991  8350 I BatteryMgr:DataCollectionService: stats => 1697402915952,170,4314,171,0,100
10-15 22:48:36.068  7991  8350 I BatteryMgr:DataCollectionService: stats => 1697402916067,170,4314,171,0,100
10-15 22:48:36.194  7991  8350 I BatteryMgr:DataCollectionService: stats => 1697402916194,170,4314,171,0,100
10-15 22:48:36.282  4961  4961 D io_stats: !@ 179,0 r 5677124 177159912 w 1308420 28307684 d 103774 31731844 f 301264 317977 iot 2479852 2189063 th 51200 0 0 pt 0 inp 0 0 404905.432
10-15 22:48:36.312  7991  8350 I BatteryMgr:DataCollectionService: stats => 1697402916312,170,4314,171,0,100
10-15 22:48:36.428  7991  8350 I BatteryMgr:DataCollectionService: stats => 1697402916428,170,4314,171,0,100
10-15 22:48:36.458  6343  6427 D ScanRecord: Not a Multi Manu data
10-15 22:48:36.544  6343  6427 I chatty  : uid=1002(bluetooth) BT Service Call identical 102 lines
10-15 22:48:36.544  6343  6427 D ScanRecord: Not a Multi Manu data
10-15 22:48:36.545  7991  8350 I BatteryMgr:DataCollectionService: stats => 1697402916545,170,4314,171,0,100
10-15 22:48:36.556  6343  6427 D ScanRecord: Not a Multi Manu data
10-15 22:48:36.619  6343  6427 I chatty  : uid=1002(bluetooth) BT Service Call identical 167 lines
10-15 22:48:36.619  6343  6427 D ScanRecord: Not a Multi Manu data
10-15 22:48:36.636  3957  4128 D WifiService: getConnectionInfo uid=1000
10-15 22:48:36.640  6343  6427 D ScanRecord: Not a Multi Manu data
10-15 22:48:36.640  6343  6427 I chatty  : uid=1002(bluetooth) BT Service Call identical 11 lines
10-15 22:48:36.640  6343  6427 D ScanRecord: Not a Multi Manu data
10-15 22:48:36.654  7991  8350 I BatteryMgr:DataCollectionService: stats => 1697402916654,170,4314,171,0,100
10-15 22:48:36.673  6343  6427 D ScanRecord: Not a Multi Manu data
10-15 22:48:36.707  6343  6427 I chatty  : uid=1002(bluetooth) BT Service Call identical 89 lines
10-15 22:48:36.707  6343  6427 D ScanRecord: Not a Multi Manu data
10-15 22:48:36.710  3957  4129 D WifiStateMachine:  ConnectedState !CMD_RSSI_POLL rt=404905860/1065304087 52 0 "ourhome" f4:6d:2f:12:cc:88 rssi=-42 f=5240 sc=60 link=433 tx=2.9, 0.5, 0.0  rx=5.1 bcn=76566 [on:0 tx:0 rx:0 period:773] from screen [on:506376 period:3083686] score=60
10-15 22:48:36.712  3957  4129 D WifiStateMachine:  L2ConnectedState !CMD_RSSI_POLL rt=404905861/1065304089 52 0 "ourhome" f4:6d:2f:12:cc:88 rssi=-42 f=5240 sc=60 link=433 tx=2.9, 0.5, 0.0  rx=5.1 bcn=76566 [on:0 tx:0 rx:0 period:2] from screen [on:506376 period:3083688] score=60
10-15 22:48:36.712  3957  4129 D WifiStateMachine:  get link layer stats 3
10-15 22:48:36.713  3436  3436 I android.hardware.wifi@1.0-service: getLinkLayerStats
10-15 22:48:36.715  6343  6427 D ScanRecord: Not a Multi Manu data
10-15 22:48:36.724  6343  6427 I chatty  : uid=1002(bluetooth) BT Service Call identical 24 lines
10-15 22:48:36.724  6343  6427 D ScanRecord: Not a Multi Manu data
10-15 22:48:36.725  3957  4129 D WifiStateMachine: fetchRssiLinkSpeedAndFrequencyNative rssi=-42 linkspeed=433 freq=5240
10-15 22:48:36.726  6343  6427 D ScanRecord: Not a Multi Manu data
10-15 22:48:36.730  6343  6427 I chatty  : uid=1002(bluetooth) BT Service Call identical 15 lines
10-15 22:48:36.730  4340  4340 E SignalClusterView: setSlotFocusVisible : subId -2
10-15 22:48:36.730  6343  6427 D ScanRecord: Not a Multi Manu data
10-15 22:48:36.730  6343  6427 D ScanRecord: Not a Multi Manu data
10-15 22:48:36.730  6343  6427 I chatty  : uid=1002(bluetooth) BT Service Call identical 1 line
10-15 22:48:36.730  4340  4340 E SignalClusterView: setSlotFocusVisible : subId -2
10-15 22:48:36.730  6343  6427 D ScanRecord: Not a Multi Manu data
10-15 22:48:36.730  6343  6427 D ScanRecord: Not a Multi Manu data
10-15 22:48:36.753  6343  6427 I chatty  : uid=1002(bluetooth) BT Service Call identical 30 lines
10-15 22:48:36.753  6343  6427 D ScanRecord: Not a Multi Manu data
10-15 22:48:36.764  7991  8350 I BatteryMgr:DataCollectionService: stats => 1697402916763,170,4314,171,0,100
10-15 22:48:36.765  6343  6427 D ScanRecord: Not a Multi Manu data
10-15 22:48:36.865  6343  6427 I chatty  : uid=1002(bluetooth) BT Service Call identical 193 lines
10-15 22:48:36.865  6343  6427 D ScanRecord: Not a Multi Manu data
10-15 22:48:36.871  7991  8350 I BatteryMgr:DataCollectionService: stats => 1697402916871,170,4314,171,0,100
10-15 22:48:36.874  6343  6427 D ScanRecord: Not a Multi Manu data
10-15 22:48:36.920  6343  6427 I chatty  : uid=1002(bluetooth) BT Service Call identical 167 lines
10-15 22:48:36.920  6343  6427 D ScanRecord: Not a Multi Manu data
10-15 22:48:36.932  3957  4129 D WifiStateMachine:  ConnectedState !RSSI_PKTCNT_FETCH uid=1000 rt=404906081/1065304309 0 0 "ourhome" f4:6d:2f:12:cc:88 rssi=-42 f=5240 sc=60 link=433 tx=1.7, 0.2, 0.0  rx=5.7 bcn=76590 [on:0 tx:0 rx:0 period:203] from screen [on:506983 period:3083908] score=60
10-15 22:48:36.932  6343  6427 D ScanRecord: Not a Multi Manu data
10-15 22:48:36.932  6343  6427 I chatty  : uid=1002(bluetooth) BT Service Call identical 12 lines
10-15 22:48:36.933  6343  6427 D ScanRecord: Not a Multi Manu data
10-15 22:48:36.933  3957  4129 D WifiStateMachine:  L2ConnectedState !RSSI_PKTCNT_FETCH uid=1000 rt=404906083/1065304310 0 0 "ourhome" f4:6d:2f:12:cc:88 rssi=-42 f=5240 sc=60 link=433 tx=1.7, 0.2, 0.0  rx=5.7 bcn=76590 [on:0 tx:0 rx:0 period:1] from screen [on:506983 period:3083909] score=60
10-15 22:48:36.933  6343  6427 D ScanRecord: Not a Multi Manu data
10-15 22:48:36.933  6343  6427 I chatty  : uid=1002(bluetooth) BT Service Call identical 10 lines
10-15 22:48:36.933  6343  6427 D ScanRecord: Not a Multi Manu data
10-15 22:48:36.934  3957  4129 D WifiStateMachine: fetchRssiLinkSpeedAndFrequencyNative rssi=-41 linkspeed=433 freq=5240
10-15 22:48:36.936  6343  6427 D ScanRecord: Not a Multi Manu data
10-15 22:48:36.954  6343  6427 I chatty  : uid=1002(bluetooth) BT Service Call identical 50 lines
10-15 22:48:36.954  6343  6427 D ScanRecord: Not a Multi Manu data
10-15 22:48:36.981  7991  8350 I BatteryMgr:DataCollectionService: stats => 1697402916980,170,4314,171,0,100
10-15 22:48:37.090  7991  8350 I BatteryMgr:DataCollectionService: stats => 1697402917090,170,4314,171,0,100
10-15 22:48:37.207  7991  8350 I BatteryMgr:DataCollectionService: stats => 1697402917207,170,4314,171,0,100
10-15 22:48:37.320  7991  8350 I BatteryMgr:DataCollectionService: stats => 1697402917320,170,4314,171,0,100
10-15 22:48:37.433  7991  8350 I BatteryMgr:DataCollectionService: stats => 1697402917433,170,4314,171,0,100
10-15 22:48:37.548  7991  8350 I BatteryMgr:DataCollectionService: stats => 1697402917548,170,4314,171,0,100
10-15 22:48:37.638  3957  4128 D WifiService: getConnectionInfo uid=1000
10-15 22:48:37.661  7991  8350 I BatteryMgr:DataCollectionService: stats => 1697402917660,170,4314,171,0,100
10-15 22:48:37.776  7991  8350 I BatteryMgr:DataCollectionService: stats => 1697402917776,170,4314,171,0,100
10-15 22:48:37.890  7991  8350 I BatteryMgr:DataCollectionService: stats => 1697402917890,170,4314,171,0,100
10-15 22:48:37.935  3957  4129 D WifiStateMachine:  ConnectedState !RSSI_PKTCNT_FETCH uid=1000 rt=404907084/1065305311 0 0 "ourhome" f4:6d:2f:12:cc:88 rssi=-41 f=5240 sc=60 link=433 tx=1.7, 0.2, 0.0  rx=5.7 bcn=76590 [on:0 tx:0 rx:0 period:1002] from screen [on:506983 period:3084911] score=60
10-15 22:48:37.938  3957  4129 D WifiStateMachine:  L2ConnectedState !RSSI_PKTCNT_FETCH uid=1000 rt=404907086/1065305314 0 0 "ourhome" f4:6d:2f:12:cc:88 rssi=-41 f=5240 sc=60 link=433 tx=1.7, 0.2, 0.0  rx=5.7 bcn=76590 [on:0 tx:0 rx:0 period:3] from screen [on:506983 period:3084914] score=60
10-15 22:48:37.944  3957  4129 D WifiStateMachine: fetchRssiLinkSpeedAndFrequencyNative rssi=-41 linkspeed=433 freq=5240
10-15 22:48:38.008  7991  8350 I BatteryMgr:DataCollectionService: stats => 1697402918007,170,4314,171,0,100
10-15 22:48:38.121  7991  8350 I BatteryMgr:DataCollectionService: stats => 1697402918121,170,4314,171,0,100
10-15 22:48:38.232  7991  8350 I BatteryMgr:DataCollectionService: stats => 1697402918232,170,4314,171,0,100
10-15 22:48:38.345  7991  8350 I BatteryMgr:DataCollectionService: stats => 1697402918345,170,4314,171,0,100
10-15 22:48:38.347  7991  7997 I zygote64: Do partial code cache collection, code=61KB, data=47KB
10-15 22:48:38.349  7991  7997 I zygote64: After code cache collection, code=61KB, data=47KB
10-15 22:48:38.350  7991  7997 I zygote64: Increasing code cache capacity to 256KB
10-15 22:48:38.461  7991  8350 I BatteryMgr:DataCollectionService: stats => 1697402918461,170,4314,171,0,100
10-15 22:48:38.574  7991  8350 I BatteryMgr:DataCollectionService: stats => 1697402918574,170,4314,171,0,100
10-15 22:48:38.640  3957  4128 D WifiService: getConnectionInfo uid=1000
10-15 22:48:38.687  7991  8350 I BatteryMgr:DataCollectionService: stats => 1697402918687,170,4314,171,0,100
10-15 22:48:38.795  7991  8350 I BatteryMgr:DataCollectionService: stats => 1697402918795,170,4314,171,0,100
10-15 22:48:38.909  7991  8350 I BatteryMgr:DataCollectionService: stats => 1697402918909,170,4314,171,0,100
10-15 22:48:38.935  3957  4129 D WifiStateMachine:  ConnectedState !RSSI_PKTCNT_FETCH uid=1000 rt=404908084/1065306312 0 0 "ourhome" f4:6d:2f:12:cc:88 rssi=-41 f=5240 sc=60 link=433 tx=1.7, 0.2, 0.0  rx=5.7 bcn=76590 [on:0 tx:0 rx:0 period:997] from screen [on:506983 period:3085911] score=60
10-15 22:48:38.938  3957  4129 D WifiStateMachine:  L2ConnectedState !RSSI_PKTCNT_FETCH uid=1000 rt=404908087/1065306314 0 0 "ourhome" f4:6d:2f:12:cc:88 rssi=-41 f=5240 sc=60 link=433 tx=1.7, 0.2, 0.0  rx=5.7 bcn=76590 [on:0 tx:0 rx:0 period:3] from screen [on:506983 period:3085914] score=60
10-15 22:48:38.946  3957  4129 D WifiStateMachine: fetchRssiLinkSpeedAndFrequencyNative rssi=-41 linkspeed=433 freq=5240
10-15 22:48:39.026  7991  8350 I BatteryMgr:DataCollectionService: stats => 1697402919025,170,4314,171,0,100
10-15 22:48:39.138  7991  8350 I BatteryMgr:DataCollectionService: stats => 1697402919138,170,4314,171,0,100
10-15 22:48:39.252  7991  8350 I BatteryMgr:DataCollectionService: stats => 1697402919252,170,4314,171,0,100
10-15 22:48:39.367  7991  8350 I BatteryMgr:DataCollectionService: stats => 1697402919366,170,4314,171,0,100
10-15 22:48:39.479  7991  8350 I BatteryMgr:DataCollectionService: stats => 1697402919479,170,4314,171,0,100
10-15 22:48:39.595  7991  8350 I BatteryMgr:DataCollectionService: stats => 1697402919595,170,4314,171,0,100
10-15 22:48:39.643  3957  4128 D WifiService: getConnectionInfo uid=1000
10-15 22:48:39.710  7991  8350 I BatteryMgr:DataCollectionService: stats => 1697402919710,170,4314,171,0,100
10-15 22:48:39.730  3957  4129 D WifiStateMachine:  ConnectedState !CMD_RSSI_POLL rt=404908877/1065307104 52 0 "ourhome" f4:6d:2f:12:cc:88 rssi=-41 f=5240 sc=60 link=433 tx=1.7, 0.2, 0.0  rx=5.7 bcn=76590 [on:0 tx:0 rx:0 period:792] from screen [on:506983 period:3086706] score=60
10-15 22:48:39.733  3957  4129 D WifiStateMachine:  L2ConnectedState !CMD_RSSI_POLL rt=404908882/1065307109 52 0 "ourhome" f4:6d:2f:12:cc:88 rssi=-41 f=5240 sc=60 link=433 tx=1.7, 0.2, 0.0  rx=5.7 bcn=76590 [on:0 tx:0 rx:0 period:2] from screen [on:506983 period:3086708] score=60
10-15 22:48:39.733  3957  4129 D WifiStateMachine:  get link layer stats 3
10-15 22:48:39.734  3436  3436 I android.hardware.wifi@1.0-service: getLinkLayerStats
10-15 22:48:39.753  3957  4129 D WifiStateMachine: fetchRssiLinkSpeedAndFrequencyNative rssi=-41 linkspeed=433 freq=5240
10-15 22:48:39.759  4340  4340 E SignalClusterView: setSlotFocusVisible : subId -2
10-15 22:48:39.759  4340  4340 E SignalClusterView: setSlotFocusVisible : subId -2
10-15 22:48:39.822  7991  8350 I BatteryMgr:DataCollectionService: stats => 1697402919822,170,4314,171,0,100
10-15 22:48:39.937  7991  8350 I BatteryMgr:DataCollectionService: stats => 1697402919937,170,4314,171,0,100
10-15 22:48:39.937  3957  4129 D WifiStateMachine:  ConnectedState !RSSI_PKTCNT_FETCH uid=1000 rt=404909085/1065307313 0 0 "ourhome" f4:6d:2f:12:cc:88 rssi=-41 f=5240 sc=60 link=433 tx=2.5, 0.1, 0.0  rx=4.0 bcn=76617 [on:0 tx:0 rx:0 period:179] from screen [on:507675 period:3086913] score=60
10-15 22:48:39.940  3957  4129 D WifiStateMachine:  L2ConnectedState !RSSI_PKTCNT_FETCH uid=1000 rt=404909089/1065307316 0 0 "ourhome" f4:6d:2f:12:cc:88 rssi=-41 f=5240 sc=60 link=433 tx=2.5, 0.1, 0.0  rx=4.0 bcn=76617 [on:0 tx:0 rx:0 period:2] from screen [on:507675 period:3086915] score=60
10-15 22:48:39.948  3957  4129 D WifiStateMachine: fetchRssiLinkSpeedAndFrequencyNative rssi=-41 linkspeed=433 freq=5240
10-15 22:48:40.050  7991  8350 I BatteryMgr:DataCollectionService: stats => 1697402920050,170,4314,171,0,100
10-15 22:48:40.166  7991  8350 I BatteryMgr:DataCollectionService: stats => 1697402920166,170,4314,171,0,100
10-15 22:48:40.278  7991  8350 I BatteryMgr:DataCollectionService: stats => 1697402920278,170,4314,171,0,100
10-15 22:48:40.283  3957  4030 D SensorService: [SO] 0.091 -0.096 9.965
10-15 22:48:40.391  7991  8350 I BatteryMgr:DataCollectionService: stats => 1697402920391,170,4314,171,0,100
10-15 22:48:40.504  7991  8350 I BatteryMgr:DataCollectionService: stats => 1697402920504,170,4314,171,0,100
10-15 22:48:40.618  7991  8350 I BatteryMgr:DataCollectionService: stats => 1697402920618,170,4314,171,0,100
10-15 22:48:40.646  3957  4128 D WifiService: getConnectionInfo uid=1000
10-15 22:48:40.735  7991  8350 I BatteryMgr:DataCollectionService: stats => 1697402920735,170,4314,171,0,100
10-15 22:48:40.849  7991  8350 I BatteryMgr:DataCollectionService: stats => 1697402920849,170,4314,171,0,100
10-15 22:48:40.939  3957  4129 D WifiStateMachine:  ConnectedState !RSSI_PKTCNT_FETCH uid=1000 rt=404910087/1065308315 0 0 "ourhome" f4:6d:2f:12:cc:88 rssi=-41 f=5240 sc=60 link=433 tx=2.5, 0.1, 0.0  rx=4.0 bcn=76617 [on:0 tx:0 rx:0 period:1000] from screen [on:507675 period:3087915] score=60
10-15 22:48:40.941  3957  4129 D WifiStateMachine:  L2ConnectedState !RSSI_PKTCNT_FETCH uid=1000 rt=404910090/1065308318 0 0 "ourhome" f4:6d:2f:12:cc:88 rssi=-41 f=5240 sc=60 link=433 tx=2.5, 0.1, 0.0  rx=4.0 bcn=76617 [on:0 tx:0 rx:0 period:1] from screen [on:507675 period:3087916] score=60
10-15 22:48:40.948  3957  4129 D WifiStateMachine: fetchRssiLinkSpeedAndFrequencyNative rssi=-41 linkspeed=433 freq=5240
10-15 22:48:40.963  7991  8350 I BatteryMgr:DataCollectionService: stats => 1697402920963,170,4314,171,0,100
10-15 22:48:41.079  7991  8350 I BatteryMgr:DataCollectionService: stats => 1697402921078,170,4314,171,0,100
10-15 22:48:41.192  7991  8350 I BatteryMgr:DataCollectionService: stats => 1697402921192,170,4314,171,0,100
10-15 22:48:41.285  4961  4961 D io_stats: !@ 179,0 r 5677868 177183284 w 1308440 28307844 d 103774 31731844 f 301264 317977 iot 2480216 2189328 th 51200 0 0 pt 0 inp 0 0 404910.435
10-15 22:48:41.306  7991  8350 I BatteryMgr:DataCollectionService: stats => 1697402921306,170,4314,171,0,100
10-15 22:48:41.418  7991  8350 I BatteryMgr:DataCollectionService: stats => 1697402921417,170,4314,171,0,100
10-15 22:48:41.465  6343  6427 D ScanRecord: Not a Multi Manu data
10-15 22:48:41.528  6343  6427 I chatty  : uid=1002(bluetooth) BT Service Call identical 128 lines
10-15 22:48:41.528  6343  6427 D ScanRecord: Not a Multi Manu data
10-15 22:48:41.534  7991  8350 I BatteryMgr:DataCollectionService: stats => 1697402921534,170,4314,171,0,100
10-15 22:48:41.547  6343  6427 D ScanRecord: Not a Multi Manu data
10-15 22:48:41.647  6343  6427 I chatty  : uid=1002(bluetooth) BT Service Call identical 219 lines
10-15 22:48:41.647  6343  6427 D ScanRecord: Not a Multi Manu data
10-15 22:48:41.648  3957  4128 D WifiService: getConnectionInfo uid=1000
10-15 22:48:41.648  7991  8350 I BatteryMgr:DataCollectionService: stats => 1697402921648,170,4314,171,0,100
10-15 22:48:41.659  6343  6427 D ScanRecord: Not a Multi Manu data
10-15 22:48:41.758  6343  6427 I chatty  : uid=1002(bluetooth) BT Service Call identical 115 lines
10-15 22:48:41.758  6343  6427 D ScanRecord: Not a Multi Manu data
10-15 22:48:41.761  7991  8350 I BatteryMgr:DataCollectionService: stats => 1697402921760,170,4314,171,0,100
10-15 22:48:41.766  6343  6427 D ScanRecord: Not a Multi Manu data
10-15 22:48:41.878  6343  6427 I chatty  : uid=1002(bluetooth) BT Service Call identical 232 lines
10-15 22:48:41.878  6343  6427 D ScanRecord: Not a Multi Manu data
10-15 22:48:41.878  7991  8350 I BatteryMgr:DataCollectionService: stats => 1697402921878,170,4314,171,0,100
10-15 22:48:41.897  6343  6427 D ScanRecord: Not a Multi Manu data
10-15 22:48:41.939  6343  6427 I chatty  : uid=1002(bluetooth) BT Service Call identical 102 lines
10-15 22:48:41.939  6343  6427 D ScanRecord: Not a Multi Manu data
10-15 22:48:41.941  3957  4129 D WifiStateMachine:  ConnectedState !RSSI_PKTCNT_FETCH uid=1000 rt=404911088/1065309316 0 0 "ourhome" f4:6d:2f:12:cc:88 rssi=-41 f=5240 sc=60 link=433 tx=2.5, 0.1, 0.0  rx=4.0 bcn=76617 [on:0 tx:0 rx:0 period:1001] from screen [on:507675 period:3088917] score=60
10-15 22:48:41.944  3957  4129 D WifiStateMachine:  L2ConnectedState !RSSI_PKTCNT_FETCH uid=1000 rt=404911092/1065309320 0 0 "ourhome" f4:6d:2f:12:cc:88 rssi=-41 f=5240 sc=60 link=433 tx=2.5, 0.1, 0.0  rx=4.0 bcn=76617 [on:0 tx:0 rx:0 period:2] from screen [on:507675 period:3088919] score=60
10-15 22:48:41.948  3957  4129 D WifiStateMachine: fetchRssiLinkSpeedAndFrequencyNative rssi=-41 linkspeed=433 freq=5240
10-15 22:48:41.951  6343  6427 D ScanRecord: Not a Multi Manu data
10-15 22:48:41.952  6343  6427 I chatty  : uid=1002(bluetooth) BT Service Call identical 11 lines
10-15 22:48:41.952  6343  6427 D ScanRecord: Not a Multi Manu data
10-15 22:48:41.990  7991  8350 I BatteryMgr:DataCollectionService: stats => 1697402921990,170,4314,171,0,100
10-15 22:48:42.102  7991  8350 I BatteryMgr:DataCollectionService: stats => 1697402922101,170,4314,171,0,100
10-15 22:48:42.215  7991  8350 I BatteryMgr:DataCollectionService: stats => 1697402922215,170,4314,171,0,100
10-15 22:48:42.324  7991  8350 I BatteryMgr:DataCollectionService: stats => 1697402922324,170,4314,171,0,100
10-15 22:48:42.435  7991  8350 I BatteryMgr:DataCollectionService: stats => 1697402922435,170,4314,171,0,100
10-15 22:48:42.549  7991  8350 I BatteryMgr:DataCollectionService: stats => 1697402922549,170,4314,171,0,100
10-15 22:48:42.650  3957  4128 D WifiService: getConnectionInfo uid=1000
10-15 22:48:42.662  7991  8350 I BatteryMgr:DataCollectionService: stats => 1697402922662,170,4314,171,0,100
10-15 22:48:42.760  3957  4129 D WifiStateMachine:  ConnectedState !CMD_RSSI_POLL rt=404911907/1065310135 52 0 "ourhome" f4:6d:2f:12:cc:88 rssi=-41 f=5240 sc=60 link=433 tx=2.5, 0.1, 0.0  rx=4.0 bcn=76617 [on:0 tx:0 rx:0 period:816] from screen [on:507675 period:3089735] score=60
10-15 22:48:42.761  3957  4129 D WifiStateMachine:  L2ConnectedState !CMD_RSSI_POLL rt=404911911/1065310138 52 0 "ourhome" f4:6d:2f:12:cc:88 rssi=-41 f=5240 sc=60 link=433 tx=2.5, 0.1, 0.0  rx=4.0 bcn=76617 [on:0 tx:0 rx:0 period:2] from screen [on:507675 period:3089737] score=60
10-15 22:48:42.762  3957  4129 D WifiStateMachine:  get link layer stats 3
10-15 22:48:42.763  3436  3436 I android.hardware.wifi@1.0-service: getLinkLayerStats
10-15 22:48:42.773  7991  8350 I BatteryMgr:DataCollectionService: stats => 1697402922773,170,4314,171,0,100
10-15 22:48:42.775  3957  4129 D WifiStateMachine: fetchRssiLinkSpeedAndFrequencyNative rssi=-49 linkspeed=433 freq=5240
10-15 22:48:42.784  4340  4340 E SignalClusterView: setSlotFocusVisible : subId -2
10-15 22:48:42.784  4340  4340 E SignalClusterView: setSlotFocusVisible : subId -2
10-15 22:48:42.887  7991  8350 I BatteryMgr:DataCollectionService: stats => 1697402922887,170,4314,171,0,100
10-15 22:48:42.943  3957  4129 D WifiStateMachine:  ConnectedState !RSSI_PKTCNT_FETCH uid=1000 rt=404912090/1065310318 0 0 "ourhome" f4:6d:2f:12:cc:88 rssi=-49 f=5240 sc=60 link=433 tx=0.9, 0.0, 0.0  rx=3.4 bcn=76645 [on:0 tx:0 rx:0 period:160] from screen [on:507863 period:3089919] score=60
10-15 22:48:42.946  3957  4129 D WifiStateMachine:  L2ConnectedState !RSSI_PKTCNT_FETCH uid=1000 rt=404912095/1065310322 0 0 "ourhome" f4:6d:2f:12:cc:88 rssi=-49 f=5240 sc=60 link=433 tx=0.9, 0.0, 0.0  rx=3.4 bcn=76645 [on:0 tx:0 rx:0 period:3] from screen [on:507863 period:3089922] score=60
10-15 22:48:42.953  3957  4129 D WifiStateMachine: fetchRssiLinkSpeedAndFrequencyNative rssi=-48 linkspeed=433 freq=5240
10-15 22:48:42.997  7991  8350 I BatteryMgr:DataCollectionService: stats => 1697402922997,170,4314,171,0,100
10-15 22:48:43.115  7991  8350 I BatteryMgr:DataCollectionService: stats => 1697402923114,170,4314,171,0,100
10-15 22:48:43.224  7991  8350 I BatteryMgr:DataCollectionService: stats => 1697402923224,170,4314,171,0,100
10-15 22:48:43.336  7991  8350 I BatteryMgr:DataCollectionService: stats => 1697402923335,170,4314,171,0,100
10-15 22:48:43.366  7695  7714 I Finsky  : [11696] noc.run(136): Stats for Executor: BlockingExecutor odp@97ef14f[Running, pool size = 4, active threads = 0, queued tasks = 0, completed tasks = 20]
10-15 22:48:43.367  7695  7714 I Finsky  : [11696] noc.run(136): Stats for Executor: LightweightExecutor odp@aad00dc[Running, pool size = 4, active threads = 0, queued tasks = 0, completed tasks = 102]
10-15 22:48:43.445  7991  8350 I BatteryMgr:DataCollectionService: stats => 1697402923445,170,4314,171,0,100
10-15 22:48:43.553  7991  8350 I BatteryMgr:DataCollectionService: stats => 1697402923553,170,4314,171,0,100
10-15 22:48:43.652  3957  4128 D WifiService: getConnectionInfo uid=1000
10-15 22:48:43.662  7991  8350 I BatteryMgr:DataCollectionService: stats => 1697402923662,170,4314,171,0,100
10-15 22:48:43.696  7695  7714 I Finsky  : [11696] noc.run(136): Stats for Executor: bgExecutor odp@81495e5[Running, pool size = 4, active threads = 0, queued tasks = 0, completed tasks = 117]
10-15 22:48:43.773  7991  8350 I BatteryMgr:DataCollectionService: stats => 1697402923772,170,4314,171,0,100
10-15 22:48:43.885  7991  8350 I BatteryMgr:DataCollectionService: stats => 1697402923885,170,4314,171,0,100
10-15 22:48:43.943  3957  4129 D WifiStateMachine:  ConnectedState !RSSI_PKTCNT_FETCH uid=1000 rt=404913091/1065311319 0 0 "ourhome" f4:6d:2f:12:cc:88 rssi=-48 f=5240 sc=60 link=433 tx=0.9, 0.0, 0.0  rx=3.4 bcn=76645 [on:0 tx:0 rx:0 period:997] from screen [on:507863 period:3090919] score=60
10-15 22:48:43.945  3957  4129 D WifiStateMachine:  L2ConnectedState !RSSI_PKTCNT_FETCH uid=1000 rt=404913094/1065311322 0 0 "ourhome" f4:6d:2f:12:cc:88 rssi=-48 f=5240 sc=60 link=433 tx=0.9, 0.0, 0.0  rx=3.4 bcn=76645 [on:0 tx:0 rx:0 period:2] from screen [on:507863 period:3090921] score=60
10-15 22:48:43.952  3957  4129 D WifiStateMachine: fetchRssiLinkSpeedAndFrequencyNative rssi=-42 linkspeed=433 freq=5240
10-15 22:48:44.000  7991  8350 I BatteryMgr:DataCollectionService: stats => 1697402924000,170,4314,171,0,100
10-15 22:48:44.118  7991  8350 I BatteryMgr:DataCollectionService: stats => 1697402924118,170,4314,171,0,100
10-15 22:48:44.232  7991  8350 I BatteryMgr:DataCollectionService: stats => 1697402924232,170,4314,171,0,100
10-15 22:48:44.344  7991  8350 I BatteryMgr:DataCollectionService: stats => 1697402924343,170,4314,171,0,100
10-15 22:48:44.451  7991  8350 I BatteryMgr:DataCollectionService: stats => 1697402924451,170,4314,171,0,100
10-15 22:48:44.563  7991  8350 I BatteryMgr:DataCollectionService: stats => 1697402924563,170,4314,171,0,100
10-15 22:48:44.603  3957  6478 D SSRM:k  : SIOP:: AP = 400, PST = 410 (W:10), BAT = 320, USB = 0, CHG = 0
10-15 22:48:44.653  3957  4128 D WifiService: getConnectionInfo uid=1000
10-15 22:48:44.674  7991  8350 I BatteryMgr:DataCollectionService: stats => 1697402924674,170,4314,171,0,100
10-15 22:48:44.780  7991  8350 I BatteryMgr:DataCollectionService: stats => 1697402924780,170,4314,171,0,100
10-15 22:48:44.885  7785  7802 I Finsky:background: [11699] noc.run(136): Stats for Executor: bgExecutor odp@968a3fe[Running, pool size = 0, active threads = 0, queued tasks = 0, completed tasks = 0]
10-15 22:48:44.889  7991  8350 I BatteryMgr:DataCollectionService: stats => 1697402924889,170,4314,171,0,100
10-15 22:48:44.928  7785  7802 I Finsky:background: [11699] noc.run(136): Stats for Executor: LightweightExecutor odp@7f9675f[Running, pool size = 0, active threads = 0, queued tasks = 0, completed tasks = 0]
10-15 22:48:44.944  3957  4129 D WifiStateMachine:  ConnectedState !RSSI_PKTCNT_FETCH uid=1000 rt=404914093/1065312320 0 0 "ourhome" f4:6d:2f:12:cc:88 rssi=-42 f=5240 sc=60 link=433 tx=0.9, 0.0, 0.0  rx=3.4 bcn=76645 [on:0 tx:0 rx:0 period:999] from screen [on:507863 period:3091920] score=60
10-15 22:48:44.948  3957  4129 D WifiStateMachine:  L2ConnectedState !RSSI_PKTCNT_FETCH uid=1000 rt=404914095/1065312323 0 0 "ourhome" f4:6d:2f:12:cc:88 rssi=-42 f=5240 sc=60 link=433 tx=0.9, 0.0, 0.0  rx=3.4 bcn=76645 [on:0 tx:0 rx:0 period:4] from screen [on:507863 period:3091924] score=60
10-15 22:48:44.956  3957  4129 D WifiStateMachine: fetchRssiLinkSpeedAndFrequencyNative rssi=-42 linkspeed=433 freq=5240
10-15 22:48:45.004  7991  8350 I BatteryMgr:DataCollectionService: stats => 1697402925004,170,4314,171,0,100
10-15 22:48:45.116  7991  8350 I BatteryMgr:DataCollectionService: stats => 1697402925116,170,4314,171,0,100
10-15 22:48:45.229  7991  8350 I BatteryMgr:DataCollectionService: stats => 1697402925229,170,4314,171,0,100
10-15 22:48:45.300  3957  3980 W StorageManager: getStorageFullBytes DEFAULT_FULL_THRESHOLD_BYTES : 20971520, threadhold : 20971520
10-15 22:48:45.301  3957  3980 W StorageManager: getStorageLowBytes lowPercent : 5, lowBytes : 1260145254, maxLowBytes : 524288000
10-15 22:48:45.314  3957  3980 W DeviceStorageMonitorService: updateBroadcasts(/data) oldLevel:0, newLevel:0, seq:1
10-15 22:48:45.316  3957  3980 W DeviceStorageMonitorService: updateBroadcasts_filenode(/data) fn_oldLevel:0, fn_newLevel:0, seq:1
10-15 22:48:45.339  7991  8350 I BatteryMgr:DataCollectionService: stats => 1697402925339,170,4314,171,0,100
10-15 22:48:45.454  7991  8350 I BatteryMgr:DataCollectionService: stats => 1697402925454,170,4314,171,0,100
10-15 22:48:45.567  7991  8350 I BatteryMgr:DataCollectionService: stats => 1697402925567,170,4314,171,0,100
10-15 22:48:45.656  3957  4128 D WifiService: getConnectionInfo uid=1000
10-15 22:48:45.679  7991  8350 I BatteryMgr:DataCollectionService: stats => 1697402925679,170,4314,171,0,100
10-15 22:48:45.780  3957  4129 D WifiStateMachine:  ConnectedState !CMD_RSSI_POLL rt=404914928/1065313156 52 0 "ourhome" f4:6d:2f:12:cc:88 rssi=-42 f=5240 sc=60 link=433 tx=0.9, 0.0, 0.0  rx=3.4 bcn=76645 [on:0 tx:0 rx:0 period:832] from screen [on:507863 period:3092756] score=60
10-15 22:48:45.782  3957  4129 D WifiStateMachine:  L2ConnectedState !CMD_RSSI_POLL rt=404914931/1065313158 52 0 "ourhome" f4:6d:2f:12:cc:88 rssi=-42 f=5240 sc=60 link=433 tx=0.9, 0.0, 0.0  rx=3.4 bcn=76645 [on:0 tx:0 rx:0 period:1] from screen [on:507863 period:3092757] score=60
10-15 22:48:45.782  3957  4129 D WifiStateMachine:  get link layer stats 3
10-15 22:48:45.783  3436  3436 I android.hardware.wifi@1.0-service: getLinkLayerStats
10-15 22:48:45.796  7991  8350 I BatteryMgr:DataCollectionService: stats => 1697402925795,170,4314,171,0,100
10-15 22:48:45.801  3957  4129 D WifiStateMachine: fetchRssiLinkSpeedAndFrequencyNative rssi=-45 linkspeed=433 freq=5240
10-15 22:48:45.806  4340  4340 E SignalClusterView: setSlotFocusVisible : subId -2
10-15 22:48:45.806  4340  4340 E SignalClusterView: setSlotFocusVisible : subId -2
10-15 22:48:45.864  8087  8301 I SessionStorage/AutoSave: Save: Periodic
10-15 22:48:45.914  7991  8350 I BatteryMgr:DataCollectionService: stats => 1697402925914,156,4314,171,0,100
10-15 22:48:45.944  3957  4129 D WifiStateMachine:  ConnectedState !RSSI_PKTCNT_FETCH uid=1000 rt=404915093/1065313321 0 0 "ourhome" f4:6d:2f:12:cc:88 rssi=-45 f=5240 sc=60 link=433 tx=0.3, 0.0, 0.0  rx=5.0 bcn=76668 [on:0 tx:0 rx:0 period:139] from screen [on:508098 period:3092920] score=60
10-15 22:48:45.946  3957  4129 D WifiStateMachine:  L2ConnectedState !RSSI_PKTCNT_FETCH uid=1000 rt=404915095/1065313323 0 0 "ourhome" f4:6d:2f:12:cc:88 rssi=-45 f=5240 sc=60 link=433 tx=0.3, 0.0, 0.0  rx=5.0 bcn=76668 [on:0 tx:0 rx:0 period:2] from screen [on:508098 period:3092922] score=60
10-15 22:48:45.948  3957  4129 D WifiStateMachine: fetchRssiLinkSpeedAndFrequencyNative rssi=-46 linkspeed=433 freq=5240
10-15 22:48:46.025  7991  8350 I BatteryMgr:DataCollectionService: stats => 1697402926025,156,4314,185,0,100
10-15 22:48:46.136  7991  8350 I BatteryMgr:DataCollectionService: stats => 1697402926135,156,4314,185,0,100
10-15 22:48:46.246  7991  8350 I BatteryMgr:DataCollectionService: stats => 1697402926246,156,4314,185,0,100
10-15 22:48:46.288  4961  4961 D io_stats: !@ 179,0 r 5678511 177206328 w 1308475 28308316 d 103776 31731988 f 301266 317979 iot 2480536 2189590 th 51200 0 0 pt 0 inp 0 0 404915.438
10-15 22:48:46.357  7991  8350 I BatteryMgr:DataCollectionService: stats => 1697402926356,156,4314,185,0,100
10-15 22:48:46.453  3957  5414 D BatteryService: !@BatteryListener : batteryPropertiesChanged!
10-15 22:48:46.462  6343  6427 D ScanRecord: Not a Multi Manu data
10-15 22:48:46.462  6343  6427 I chatty  : uid=1002(bluetooth) BT Service Call identical 11 lines
10-15 22:48:46.462  6343  6427 D ScanRecord: Not a Multi Manu data
10-15 22:48:46.469  7991  8350 I BatteryMgr:DataCollectionService: stats => 1697402926469,156,4314,185,0,100
10-15 22:48:46.479  6343  6427 D ScanRecord: Not a Multi Manu data
10-15 22:48:46.581  6343  6427 I chatty  : uid=1002(bluetooth) BT Service Call identical 193 lines
10-15 22:48:46.581  6343  6427 D ScanRecord: Not a Multi Manu data
10-15 22:48:46.582  7991  8350 I BatteryMgr:DataCollectionService: stats => 1697402926582,156,4314,185,0,100
10-15 22:48:46.586  6343  6427 D ScanRecord: Not a Multi Manu data
10-15 22:48:46.630  6343  6427 I chatty  : uid=1002(bluetooth) BT Service Call identical 167 lines
10-15 22:48:46.630  6343  6427 D ScanRecord: Not a Multi Manu data
10-15 22:48:46.658  3957  4128 D WifiService: getConnectionInfo uid=1000
10-15 22:48:46.664  6343  6427 D ScanRecord: Not a Multi Manu data
10-15 22:48:46.686  6343  6427 I chatty  : uid=1002(bluetooth) BT Service Call identical 37 lines
10-15 22:48:46.686  6343  6427 D ScanRecord: Not a Multi Manu data
10-15 22:48:46.690  7991  8350 I BatteryMgr:DataCollectionService: stats => 1697402926690,156,4314,185,0,100
10-15 22:48:46.731  6343  6427 D ScanRecord: Not a Multi Manu data
10-15 22:48:46.802  6343  6427 I chatty  : uid=1002(bluetooth) BT Service Call identical 139 lines
10-15 22:48:46.802  6343  6427 D ScanRecord: Not a Multi Manu data
10-15 22:48:46.802  6343  6427 D ScanRecord: Not a Multi Manu data
10-15 22:48:46.802  7991  8350 I BatteryMgr:DataCollectionService: stats => 1697402926802,156,4314,185,0,100
10-15 22:48:46.902  6343  6427 I chatty  : uid=1002(bluetooth) BT Service Call expire 182 lines
10-15 22:48:46.902  6343  6427 D ScanRecord: Not a Multi Manu data
10-15 22:48:46.912  7991  8350 I BatteryMgr:DataCollectionService: stats => 1697402926912,156,4314,185,0,100
10-15 22:48:46.915  6343  6427 D ScanRecord: Not a Multi Manu data
10-15 22:48:46.938  6343  6427 I chatty  : uid=1002(bluetooth) BT Service Call identical 50 lines
10-15 22:48:46.938  6343  6427 D ScanRecord: Not a Multi Manu data
10-15 22:48:46.945  3957  4129 D WifiStateMachine:  ConnectedState !RSSI_PKTCNT_FETCH uid=1000 rt=404916095/1065314322 0 0 "ourhome" f4:6d:2f:12:cc:88 rssi=-46 f=5240 sc=60 link=433 tx=0.3, 0.0, 0.0  rx=5.0 bcn=76668 [on:0 tx:0 rx:0 period:999] from screen [on:508098 period:3093921] score=60
10-15 22:48:46.947  3957  4129 D WifiStateMachine:  L2ConnectedState !RSSI_PKTCNT_FETCH uid=1000 rt=404916096/1065314324 0 0 "ourhome" f4:6d:2f:12:cc:88 rssi=-46 f=5240 sc=60 link=433 tx=0.3, 0.0, 0.0  rx=5.0 bcn=76668 [on:0 tx:0 rx:0 period:1] from screen [on:508098 period:3093922] score=60
10-15 22:48:46.948  3957  4129 D WifiStateMachine: fetchRssiLinkSpeedAndFrequencyNative rssi=-43 linkspeed=433 freq=5240
10-15 22:48:46.949  6343  6427 D ScanRecord: Not a Multi Manu data
10-15 22:48:46.952  6343  6427 I chatty  : uid=1002(bluetooth) BT Service Call identical 24 lines
10-15 22:48:46.952  6343  6427 D ScanRecord: Not a Multi Manu data
10-15 22:48:47.023  7991  8350 I BatteryMgr:DataCollectionService: stats => 1697402927023,156,4314,185,0,100
10-15 22:48:47.138  7991  8350 I BatteryMgr:DataCollectionService: stats => 1697402927138,156,4314,185,0,100
10-15 22:48:47.247  7991  8350 I BatteryMgr:DataCollectionService: stats => 1697402927247,156,4314,185,0,100
10-15 22:48:47.356  7991  8350 I BatteryMgr:DataCollectionService: stats => 1697402927356,156,4314,185,0,100
10-15 22:48:47.464  7991  8350 I BatteryMgr:DataCollectionService: stats => 1697402927464,156,4314,185,0,100
10-15 22:48:47.576  7991  8350 I BatteryMgr:DataCollectionService: stats => 1697402927575,156,4314,185,0,100
10-15 22:48:47.661  3957  4128 D WifiService: getConnectionInfo uid=1000
10-15 22:48:47.683  7991  8350 I BatteryMgr:DataCollectionService: stats => 1697402927683,156,4314,185,0,100
10-15 22:48:47.795  7991  8350 I BatteryMgr:DataCollectionService: stats => 1697402927795,156,4314,185,0,100
10-15 22:48:47.906  7991  8350 I BatteryMgr:DataCollectionService: stats => 1697402927906,156,4314,185,0,100
