10-15 23:44:09.890  3957  4129 D WifiStateMachine:  ConnectedState !RSSI_PKTCNT_FETCH uid=1000 rt=408239040/1068637267 0 0 "ourhome" f4:6d:2f:12:cc:88 rssi=-45 f=5240 sc=60 link=433 tx=47.3, 3.8, 0.0  rx=53.0 bcn=106302 [on:0 tx:0 rx:0 period:1002] from screen [on:282959 period:2114023] score=60
10-15 23:44:09.892  3957  4129 D WifiStateMachine:  L2ConnectedState !RSSI_PKTCNT_FETCH uid=1000 rt=408239041/1068637269 0 0 "ourhome" f4:6d:2f:12:cc:88 rssi=-45 f=5240 sc=60 link=433 tx=47.3, 3.8, 0.0  rx=53.0 bcn=106302 [on:0 tx:0 rx:0 period:2] from screen [on:282959 period:2114025] score=60
10-15 23:44:09.893  3957  4129 D WifiStateMachine: fetchRssiLinkSpeedAndFrequencyNative rssi=-45 linkspeed=433 freq=5240
10-15 23:44:09.911  3957  4650 D ConnectivityService: filterNetworkStateForUid() uid: 10169 networkInfo: [type: WIFI[] - WIFI, state: CONNECTED/CONNECTED, reason: (unspecified), extra: "ourhome", failover: false, available: true, roaming: false, metered: false]
10-15 23:44:09.911  3957  4650 D WifiService: getConnectionInfo uid=1000
10-15 23:44:09.948  3957  4650 D WifiService: getConnectionInfo uid=1000
10-15 23:44:09.960 13501 13791 I BatteryMgr:DataCollectionService: stats => 1697406249959,-637,4314,-410,0,100
10-15 23:44:09.969  3957  4650 D WifiService: getConnectionInfo uid=1000
10-15 23:44:10.043  3957  4650 I chatty  : uid=1000(system) Binder:3957_9 identical 3 lines
10-15 23:44:10.043  3957  4650 D WifiService: getConnectionInfo uid=1000
10-15 23:44:10.083 13501 13791 I BatteryMgr:DataCollectionService: stats => 1697406250083,-637,4314,-410,0,100
10-15 23:44:10.188  3957  4128 D WifiService: getConnectionInfo uid=1000
10-15 23:44:10.194 13501 13791 I BatteryMgr:DataCollectionService: stats => 1697406250193,-637,4314,-410,0,100
10-15 23:44:10.204  3957  4650 D ConnectivityService: filterNetworkStateForUid() uid: 10169 networkInfo: [type: WIFI[] - WIFI, state: CONNECTED/CONNECTED, reason: (unspecified), extra: "ourhome", failover: false, available: true, roaming: false, metered: false]
10-15 23:44:10.204  3957  4650 D WifiService: getConnectionInfo uid=1000
10-15 23:44:10.296 13545 13545 W GeckoSession: No history entries found.
10-15 23:44:10.311 13501 13791 I BatteryMgr:DataCollectionService: stats => 1697406250311,-637,4314,-410,0,100
10-15 23:44:10.348  3957  8322 D ConnectivityService: filterNetworkStateForUid() uid: 10169 networkInfo: [type: WIFI[] - WIFI, state: CONNECTED/CONNECTED, reason: (unspecified), extra: "ourhome", failover: false, available: true, roaming: false, metered: false]
10-15 23:44:10.349  3957  8322 D WifiService: getConnectionInfo uid=1000
10-15 23:44:10.407  3957  8322 D ConnectivityService: filterNetworkStateForUid() uid: 10169 networkInfo: [type: WIFI[] - WIFI, state: CONNECTED/CONNECTED, reason: (unspecified), extra: "ourhome", failover: false, available: true, roaming: false, metered: false]
10-15 23:44:10.407  3957  8322 D WifiService: getConnectionInfo uid=1000
10-15 23:44:10.423 13501 13791 I BatteryMgr:DataCollectionService: stats => 1697406250423,-637,4314,-410,0,100
10-15 23:44:10.538 13501 13791 I BatteryMgr:DataCollectionService: stats => 1697406250538,-637,4314,-410,0,100
10-15 23:44:10.652 13501 13791 I BatteryMgr:DataCollectionService: stats => 1697406250652,-637,4314,-410,0,100
10-15 23:44:10.764 13501 13791 I BatteryMgr:DataCollectionService: stats => 1697406250764,-637,4314,-410,0,100
10-15 23:44:10.822  3957  6478 D WifiService: getConnectionInfo uid=1000
10-15 23:44:10.874 13501 13791 I BatteryMgr:DataCollectionService: stats => 1697406250874,-637,4314,-410,0,100
10-15 23:44:10.891  3957  4129 D WifiStateMachine:  ConnectedState !RSSI_PKTCNT_FETCH uid=1000 rt=408240041/1068638269 0 0 "ourhome" f4:6d:2f:12:cc:88 rssi=-45 f=5240 sc=60 link=433 tx=47.3, 3.8, 0.0  rx=53.0 bcn=106302 [on:0 tx:0 rx:0 period:999] from screen [on:282959 period:2115024] score=60
10-15 23:44:10.894  3957  4129 D WifiStateMachine:  L2ConnectedState !RSSI_PKTCNT_FETCH uid=1000 rt=408240042/1068638270 0 0 "ourhome" f4:6d:2f:12:cc:88 rssi=-45 f=5240 sc=60 link=433 tx=47.3, 3.8, 0.0  rx=53.0 bcn=106302 [on:0 tx:0 rx:0 period:3] from screen [on:282959 period:2115027] score=60
10-15 23:44:10.895  3957  4129 D WifiStateMachine: fetchRssiLinkSpeedAndFrequencyNative rssi=-46 linkspeed=433 freq=5240
10-15 23:44:10.988 13501 13791 I BatteryMgr:DataCollectionService: stats => 1697406250988,-637,4314,-410,0,100
10-15 23:44:11.096 13501 13791 I BatteryMgr:DataCollectionService: stats => 1697406251096,-637,4314,-410,0,100
10-15 23:44:11.190  3957  4128 D WifiService: getConnectionInfo uid=1000
10-15 23:44:11.204 13501 13791 I BatteryMgr:DataCollectionService: stats => 1697406251204,-637,4314,-410,0,100
10-15 23:44:11.321 13501 13791 I BatteryMgr:DataCollectionService: stats => 1697406251321,-637,4314,-410,0,100
10-15 23:44:11.438 13501 13791 I BatteryMgr:DataCollectionService: stats => 1697406251438,-637,4314,-410,0,100
10-15 23:44:11.507  3957  4129 D WifiStateMachine:  ConnectedState !CMD_RSSI_POLL rt=408240656/1068638884 54 0 "ourhome" f4:6d:2f:12:cc:88 rssi=-46 f=5240 sc=60 link=433 tx=47.3, 3.8, 0.0  rx=53.0 bcn=106302 [on:0 tx:0 rx:0 period:613] from screen [on:282959 period:2115640] score=60
10-15 23:44:11.510  3957  4129 D WifiStateMachine:  L2ConnectedState !CMD_RSSI_POLL rt=408240658/1068638886 54 0 "ourhome" f4:6d:2f:12:cc:88 rssi=-46 f=5240 sc=60 link=433 tx=47.3, 3.8, 0.0  rx=53.0 bcn=106302 [on:0 tx:0 rx:0 period:2] from screen [on:282959 period:2115642] score=60
10-15 23:44:11.510  3957  4129 D WifiStateMachine:  get link layer stats 3
10-15 23:44:11.510  3436  3436 I android.hardware.wifi@1.0-service: getLinkLayerStats
10-15 23:44:11.517  3957  4129 D WifiStateMachine: fetchRssiLinkSpeedAndFrequencyNative rssi=-44 linkspeed=433 freq=5240
10-15 23:44:11.521  4340  4340 E SignalClusterView: setSlotFocusVisible : subId -2
10-15 23:44:11.521  4340  4340 E SignalClusterView: setSlotFocusVisible : subId -2
10-15 23:44:11.555 13501 13791 I BatteryMgr:DataCollectionService: stats => 1697406251554,-637,4314,-410,0,100
10-15 23:44:11.672 13501 13791 I BatteryMgr:DataCollectionService: stats => 1697406251671,-637,4314,-410,0,100
10-15 23:44:11.789 13501 13791 I BatteryMgr:DataCollectionService: stats => 1697406251788,-637,4314,-410,0,100
10-15 23:44:11.895  3957  4129 D WifiStateMachine:  ConnectedState !RSSI_PKTCNT_FETCH uid=1000 rt=408241043/1068639271 0 0 "ourhome" f4:6d:2f:12:cc:88 rssi=-44 f=5240 sc=60 link=433 tx=271.4, 13.4, 0.0  rx=579.5 bcn=106331 [on:0 tx:0 rx:0 period:374] from screen [on:285446 period:2116027] score=60
10-15 23:44:11.897  3957  4129 D WifiStateMachine:  L2ConnectedState !RSSI_PKTCNT_FETCH uid=1000 rt=408241046/1068639273 0 0 "ourhome" f4:6d:2f:12:cc:88 rssi=-44 f=5240 sc=60 link=433 tx=271.4, 13.4, 0.0  rx=579.5 bcn=106331 [on:0 tx:0 rx:0 period:2] from screen [on:285446 period:2116029] score=60
10-15 23:44:11.903  3957  4129 D WifiStateMachine: fetchRssiLinkSpeedAndFrequencyNative rssi=-43 linkspeed=433 freq=5240
10-15 23:44:11.906 13501 13791 I BatteryMgr:DataCollectionService: stats => 1697406251905,-637,4314,-410,0,100
10-15 23:44:12.015 13501 13791 I BatteryMgr:DataCollectionService: stats => 1697406252014,-637,4314,-410,0,100
10-15 23:44:12.022  3957  6478 D SSRM:k  : SIOP:: AP = 360, PST = 350 (W:24), BAT = 320, USB = 0, CHG = 0
10-15 23:44:12.128 13501 13791 I BatteryMgr:DataCollectionService: stats => 1697406252128,-637,4314,-410,0,100
10-15 23:44:12.192  3957  4128 D WifiService: getConnectionInfo uid=1000
10-15 23:44:12.245 13501 13791 I BatteryMgr:DataCollectionService: stats => 1697406252245,-637,4314,-410,0,100
10-15 23:44:12.362 13501 13791 I BatteryMgr:DataCollectionService: stats => 1697406252362,-637,4314,-410,0,100
10-15 23:44:12.479 13501 13791 I BatteryMgr:DataCollectionService: stats => 1697406252479,-637,4314,-410,0,100
10-15 23:44:12.596 13501 13791 I BatteryMgr:DataCollectionService: stats => 1697406252595,-637,4314,-410,0,100
10-15 23:44:12.712 13501 13791 I BatteryMgr:DataCollectionService: stats => 1697406252712,-637,4314,-410,0,100
10-15 23:44:12.820 13501 13791 I BatteryMgr:DataCollectionService: stats => 1697406252820,-637,4314,-410,0,100
10-15 23:44:12.895  3957  4129 D WifiStateMachine:  ConnectedState !RSSI_PKTCNT_FETCH uid=1000 rt=408242044/1068640271 0 0 "ourhome" f4:6d:2f:12:cc:88 rssi=-43 f=5240 sc=60 link=433 tx=271.4, 13.4, 0.0  rx=579.5 bcn=106331 [on:0 tx:0 rx:0 period:999] from screen [on:285446 period:2117028] score=60
10-15 23:44:12.897  3957  4129 D WifiStateMachine:  L2ConnectedState !RSSI_PKTCNT_FETCH uid=1000 rt=408242046/1068640273 0 0 "ourhome" f4:6d:2f:12:cc:88 rssi=-43 f=5240 sc=60 link=433 tx=271.4, 13.4, 0.0  rx=579.5 bcn=106331 [on:0 tx:0 rx:0 period:1] from screen [on:285446 period:2117029] score=60
10-15 23:44:12.904  3957  4129 D WifiStateMachine: fetchRssiLinkSpeedAndFrequencyNative rssi=-43 linkspeed=433 freq=5240
10-15 23:44:12.937 13501 13791 I BatteryMgr:DataCollectionService: stats => 1697406252936,-637,4314,-410,0,100
10-15 23:44:13.053 13501 13791 I BatteryMgr:DataCollectionService: stats => 1697406253053,-637,4314,-410,0,100
10-15 23:44:13.112  3559  3559 E audit   : type=1400 audit(1697406253.106:3359): avc:  denied  { read } for  pid=13941 comm="pool-37-thread-" name="version" dev="proc" ino=4026532182 scontext=u:r:untrusted_app:s0:c512,c768 tcontext=u:object_r:proc:s0 tclass=file permissive=0 SEPF_SM-J720F_8.0.0_0002 audit_filtered
10-15 23:44:13.112  3559  3559 E audit   : type=1300 audit(1697406253.106:3359): arch=c00000b7 syscall=48 success=no exit=-13 a0=ffffff9c a1=742e991740 a2=4 a3=0 items=0 ppid=3579 pid=13941 auid=4294967295 uid=10169 gid=10169 euid=10169 suid=10169 fsuid=10169 egid=10169 sgid=10169 fsgid=10169 tty=(none) ses=4294967295 comm="pool-37-thread-" exe="/system/bin/app_process64" subj=u:r:untrusted_app:s0:c512,c768 key=(null)
10-15 23:44:13.112  3559  3559 E audit   : type=1327 audit(1697406253.106:3359): proctitle="org.mozilla.fenix"
10-15 23:44:13.132 13545 13545 D ConnectivityManager: requestNetwork; CallingUid : 10169, CallingPid : 13545
10-15 23:44:13.134  3957  8322 D ConnectivityService: requestNetwork for uid/pid:10169/13545 NetworkRequest [ TRACK_DEFAULT id=1180, [ Capabilities: INTERNET&NOT_RESTRICTED&TRUSTED&NOT_VPN] ]
10-15 23:44:13.135  3957  4157 D ConnectivityService: rematching NetworkAgentInfo [WIFI () - 507]
10-15 23:44:13.135  3957  4157 D ConnectivityService:  network has: [ Transports: WIFI Capabilities: NOT_METERED&INTERNET&NOT_RESTRICTED&TRUSTED&NOT_VPN&VALIDATED&FOREGROUND LinkUpBandwidth>=1048576Kbps LinkDnBandwidth>=1048576Kbps SignalStrength: -43]
10-15 23:44:13.136  3957  4157 D ConnectivityService: Network NetworkAgentInfo [WIFI () - 507] was already satisfying request 1150. No change.
10-15 23:44:13.136  3957  4157 D ConnectivityService: Network NetworkAgentInfo [WIFI () - 507] was already satisfying request 1. No change.
10-15 23:44:13.136  3957  4157 D ConnectivityService: Network NetworkAgentInfo [WIFI () - 507] was already satisfying request 3. No change.
10-15 23:44:13.136  3957  4157 D ConnectivityService:   checking if request is satisfied: NetworkRequest [ TRACK_DEFAULT id=1180, [ Capabilities: INTERNET&NOT_RESTRICTED&TRUSTED&NOT_VPN] ]
10-15 23:44:13.136  3957  4157 D ConnectivityService: currentScore = 0, newScore = 100
10-15 23:44:13.136  3957  4157 D ConnectivityService: rematch for NetworkAgentInfo [WIFI () - 507]
10-15 23:44:13.136  3957  4157 D ConnectivityService:    accepting network in place of null
10-15 23:44:13.136  3957  4157 D ConnectivityService: sending new Min Network Score(100): NetworkRequest [ TRACK_DEFAULT id=1180, [ Capabilities: INTERNET&NOT_RESTRICTED&TRUSTED&NOT_VPN] ]
10-15 23:44:13.136  3957  4313 D Ethernet: got request NetworkRequest [ TRACK_DEFAULT id=1180, [ Capabilities: INTERNET&NOT_RESTRICTED&TRUSTED&NOT_VPN] ] with score 100
10-15 23:44:13.136  3957  4313 D Ethernet:   my score=-1, my filter=[ Transports: ETHERNET Capabilities: INTERNET&NOT_RESTRICTED&TRUSTED&NOT_VPN LinkUpBandwidth>=100000Kbps LinkDnBandwidth>=100000Kbps]
10-15 23:44:13.136  3957  4313 D Ethernet: evalRequest
10-15 23:44:13.136  3957  4313 D Ethernet:   done
10-15 23:44:13.136  3957  4157 D ConnectivityService: MultiNetwork Request(TransportType - Wi-Fi request). Internet Capability doesn't required (false)
10-15 23:44:13.137  3957  4157 D ConnectivityService: sending notification AVAILABLE for NetworkRequest [ TRACK_DEFAULT id=1180, [ Capabilities: INTERNET&NOT_RESTRICTED&TRUSTED&NOT_VPN] ]
10-15 23:44:13.137  3957  4153 D WIFI_P2P: got request NetworkRequest [ TRACK_DEFAULT id=1180, [ Capabilities: INTERNET&NOT_RESTRICTED&TRUSTED&NOT_VPN] ] with score 100
10-15 23:44:13.137  3957  4153 D WIFI_P2P:   my score=60, my filter=[ Transports: WIFI Capabilities: WIFI_P2P&NOT_RESTRICTED&TRUSTED&NOT_VPN LinkUpBandwidth>=1048576Kbps LinkDnBandwidth>=1048576Kbps]
10-15 23:44:13.137  3957  4153 D WIFI_P2P: evalRequest
10-15 23:44:13.137  3957  4153 D WIFI_P2P:   done
10-15 23:44:13.137  3957  4157 D ConnectivityService: sending notification CAP_CHANGED for NetworkRequest [ TRACK_DEFAULT id=1180, [ Capabilities: INTERNET&NOT_RESTRICTED&TRUSTED&NOT_VPN] ]
10-15 23:44:13.137  4616  4616 D PhoneSwitcherNetworkRequstListener: got request NetworkRequest [ TRACK_DEFAULT id=1180, [ Capabilities: INTERNET&NOT_RESTRICTED&TRUSTED&NOT_VPN] ] with score 100
10-15 23:44:13.137  3957  4157 D ConnectivityService: sending notification IP_CHANGED for NetworkRequest [ TRACK_DEFAULT id=1180, [ Capabilities: INTERNET&NOT_RESTRICTED&TRUSTED&NOT_VPN] ]
10-15 23:44:13.137  4616  4616 D PhoneSwitcherNetworkRequstListener:   my score=101, my filter=[ Transports: CELLULAR Capabilities: MMS&SUPL&DUN&FOTA&IMS&CBS&IA&RCS&XCAP&EIMS&INTERNET&NOT_RESTRICTED&TRUSTED&NOT_VPN&ENT1 Specifier: <android.net.MatchAllNetworkSpecifier@0>]
10-15 23:44:13.138  4616  4616 D PhoneSwitcherNetworkRequstListener: evalRequest
10-15 23:44:13.138  4616  4616 D PhoneSwitcherNetworkRequstListener:   needNetworkFor
10-15 23:44:13.140  3957  4129 D WIFI    : got request NetworkRequest [ TRACK_DEFAULT id=1180, [ Capabilities: INTERNET&NOT_RESTRICTED&TRUSTED&NOT_VPN] ] with score 100
10-15 23:44:13.140  3957  4129 D WIFI    :   my score=60, my filter=[ Transports: WIFI Capabilities: NOT_METERED&INTERNET&NOT_RESTRICTED&TRUSTED&NOT_VPN LinkUpBandwidth>=1048576Kbps LinkDnBandwidth>=1048576Kbps]
10-15 23:44:13.140  3957  4129 D WIFI    : evalRequest
10-15 23:44:13.140  3957  4129 D WIFI    :   done
10-15 23:44:13.140  3957  4129 D WIFI_UT : got request NetworkRequest [ TRACK_DEFAULT id=1180, [ Capabilities: INTERNET&NOT_RESTRICTED&TRUSTED&NOT_VPN] ] with score 100
10-15 23:44:13.140  3957  4129 D WIFI_UT :   my score=2147483647, my filter=[ Transports: WIFI Capabilities: NOT_METERED&INTERNET&NOT_RESTRICTED&TRUSTED&NOT_VPN LinkUpBandwidth>=1048576Kbps LinkDnBandwidth>=1048576Kbps]
10-15 23:44:13.140  3957  4129 D WIFI_UT : evalRequest
10-15 23:44:13.140  3957  4129 D WIFI_UT :   needNetworkFor
10-15 23:44:13.141  3957  8322 D ConnectivityService: filterNetworkStateForUid() uid: 10169 networkInfo: [type: WIFI[] - WIFI, state: CONNECTED/CONNECTED, reason: (unspecified), extra: "ourhome", failover: false, available: true, roaming: false, metered: false]
10-15 23:44:13.142  3957  8322 D WifiService: getConnectionInfo uid=1000
10-15 23:44:13.147 13545 13947 D NetworkSecurityConfig: No Network Security Config specified, using platform default
10-15 23:44:13.147 13545 13545 I glean/Glean: Registering pings for org.mozilla.fenix.GleanMetrics.Pings
10-15 23:44:13.158 13545 13583 I FenixApplication: Running post-visual completeness tasks...
10-15 23:44:13.158 13545 13583 I FenixApplication: Storage initialization...
10-15 23:44:13.158 13545 13583 I PlacesHistoryStorage: Warming up places storage...
10-15 23:44:13.158 13545 13583 I PlacesHistoryStorage: 'Warming up places storage' took 0 ms
10-15 23:44:13.158 13545 13583 I PlacesBookmarksStorage: Warming up places storage...
10-15 23:44:13.159 13545 13583 I PlacesBookmarksStorage: 'Warming up places storage' took 0 ms
10-15 23:44:13.159 13545 13583 I SyncableLoginsStorage: Warming up storage...
10-15 23:44:13.159 13545 13583 I SyncableLoginsStorage: 'Warming up storage' took 0 ms
10-15 23:44:13.164 13545 13545 I ColdStartupDuration: COLD MAIN Application.<init> to first frame: 1074 ms
10-15 23:44:13.164 13545 13545 I FenixApplication: Kicking-off account manager...
10-15 23:44:13.164 13545 13545 I FenixApplication: 'Kicking-off account manager' took 0 ms
10-15 23:44:13.165 13545 13583 I AutofillCCAddressesStorage: Warming up storage...
10-15 23:44:13.165 13545 13583 I AutofillCCAddressesStorage: 'Warming up storage' took 0 ms
10-15 23:44:13.174 13501 13791 I BatteryMgr:DataCollectionService: stats => 1697406253174,-637,4314,-410,0,100
10-15 23:44:13.178 13545 13947 I System.out: (HTTPLog)-Static: isSBSettingEnabled false
10-15 23:44:13.179 13545 13947 I System.out: (HTTPLog)-Static: isSBSettingEnabled false
10-15 23:44:13.182  3599  3918 D DnsProxyListener: DNSDBG::dns addrinfo af 0
10-15 23:44:13.189  3957  4650 D ConnectivityService: filterNetworkStateForUid() uid: 10169 networkInfo: [type: WIFI[] - WIFI, state: CONNECTED/CONNECTED, reason: (unspecified), extra: "ourhome", failover: false, available: true, roaming: false, metered: false]
10-15 23:44:13.189  3957  4650 D WifiService: getConnectionInfo uid=1000
10-15 23:44:13.193  3957  4128 D WifiService: getConnectionInfo uid=1000
10-15 23:44:13.280 13545 13556 I zygote64: Background concurrent copying GC freed 72496(3MB) AllocSpace objects, 32(748KB) LOS objects, 50% free, 5MB/10MB, paused 2.602ms total 130.980ms
10-15 23:44:13.290 13501 13791 I BatteryMgr:DataCollectionService: stats => 1697406253289,-637,4314,-410,0,100
10-15 23:44:13.308  3957  8322 D ConnectivityService: filterNetworkStateForUid() uid: 10169 networkInfo: [type: WIFI[] - WIFI, state: CONNECTED/CONNECTED, reason: (unspecified), extra: "ourhome", failover: false, available: true, roaming: false, metered: false]
10-15 23:44:13.309  3957  8322 D WifiService: getConnectionInfo uid=1000
10-15 23:44:13.310 13545 13947 I System.out: (HTTPLog)-Static: isSBSettingEnabled false
10-15 23:44:13.311 13545 13947 I System.out: (HTTPLog)-Static: isSBSettingEnabled false
10-15 23:44:13.348 13545 13583 I FenixApplication: 'Storage initialization' took 190 ms
10-15 23:44:13.380  3957  8322 I chatty  : uid=1000(system) Binder:3957_12 identical 1 line
10-15 23:44:13.380  3957  8322 D WifiService: getConnectionInfo uid=1000
10-15 23:44:13.382 13545 13947 I System.out: (HTTPLog)-Static: isSBSettingEnabled false
10-15 23:44:13.382 13545 13947 I System.out: (HTTPLog)-Static: isSBSettingEnabled false
10-15 23:44:13.399 13501 13791 I BatteryMgr:DataCollectionService: stats => 1697406253399,-637,4314,-410,0,100
10-15 23:44:13.429  6343  6427 D ScanRecord: Not a Multi Manu data
10-15 23:44:13.469  6343  6427 I chatty  : uid=1002(bluetooth) BT Service Call identical 128 lines
10-15 23:44:13.469  6343  6427 D ScanRecord: Not a Multi Manu data
10-15 23:44:13.469  3957  8322 D ConnectivityService: filterNetworkStateForUid() uid: 10169 networkInfo: [type: WIFI[] - WIFI, state: CONNECTED/CONNECTED, reason: (unspecified), extra: "ourhome", failover: false, available: true, roaming: false, metered: false]
10-15 23:44:13.469  3957  8322 D WifiService: getConnectionInfo uid=1000
10-15 23:44:13.470  6343  6427 D ScanRecord: Not a Multi Manu data
10-15 23:44:13.471  6343  6427 I chatty  : uid=1002(bluetooth) BT Service Call identical 22 lines
10-15 23:44:13.471  6343  6427 D ScanRecord: Not a Multi Manu data
10-15 23:44:13.471 13545 13947 I System.out: (HTTPLog)-Static: isSBSettingEnabled false
10-15 23:44:13.471  6343  6427 D ScanRecord: Not a Multi Manu data
10-15 23:44:13.471  6343  6427 D ScanRecord: Not a Multi Manu data
10-15 23:44:13.471 13545 13947 I System.out: (HTTPLog)-Static: isSBSettingEnabled false
10-15 23:44:13.475  6343  6427 D ScanRecord: Not a Multi Manu data
10-15 23:44:13.508  6343  6427 I chatty  : uid=1002(bluetooth) BT Service Call identical 141 lines
10-15 23:44:13.509  6343  6427 D ScanRecord: Not a Multi Manu data
10-15 23:44:13.511 13501 13791 I BatteryMgr:DataCollectionService: stats => 1697406253511,-637,4314,-410,0,100
10-15 23:44:13.512  6343  6427 D ScanRecord: Not a Multi Manu data
10-15 23:44:13.636  6343  6427 I chatty  : uid=1002(bluetooth) BT Service Call identical 310 lines
10-15 23:44:13.636  6343  6427 D ScanRecord: Not a Multi Manu data
10-15 23:44:13.638 13501 13791 I BatteryMgr:DataCollectionService: stats => 1697406253638,-637,4314,-410,0,100
10-15 23:44:13.642  6343  6427 D ScanRecord: Not a Multi Manu data
10-15 23:44:13.746  6343  6427 I chatty  : uid=1002(bluetooth) BT Service Call identical 297 lines
10-15 23:44:13.746  6343  6427 D ScanRecord: Not a Multi Manu data
10-15 23:44:13.749 13501 13791 I BatteryMgr:DataCollectionService: stats => 1697406253748,-637,4314,-410,0,100
10-15 23:44:13.754  6343  6427 D ScanRecord: Not a Multi Manu data
10-15 23:44:13.812  4961  4961 D io_stats: !@ 179,0 r 5833428 182832656 w 1322118 28566240 d 105295 31848276 f 302763 319700 iot 2551824 2249919 th 51200 0 0 pt 0 inp 0 0 408242.962
10-15 23:44:13.844  6343  6427 I chatty  : uid=1002(bluetooth) BT Service Call identical 258 lines
10-15 23:44:13.844  6343  6427 D ScanRecord: Not a Multi Manu data
10-15 23:44:13.859 13501 13791 I BatteryMgr:DataCollectionService: stats => 1697406253858,-637,4314,-410,0,100
10-15 23:44:13.861  6343  6427 D ScanRecord: Not a Multi Manu data
10-15 23:44:13.897  6343  6427 I chatty  : uid=1002(bluetooth) BT Service Call identical 115 lines
10-15 23:44:13.897  6343  6427 D ScanRecord: Not a Multi Manu data
10-15 23:44:13.901  3957  4129 D WifiStateMachine:  ConnectedState !RSSI_PKTCNT_FETCH uid=1000 rt=408243047/1068641274 0 0 "ourhome" f4:6d:2f:12:cc:88 rssi=-43 f=5240 sc=60 link=433 tx=271.4, 13.4, 0.0  rx=579.5 bcn=106331 [on:0 tx:0 rx:0 period:1005] from screen [on:285446 period:2118034] score=60
10-15 23:44:13.904  6343  6427 D ScanRecord: Not a Multi Manu data
10-15 23:44:13.906  6343  6427 I chatty  : uid=1002(bluetooth) BT Service Call identical 11 lines
10-15 23:44:13.906  6343  6427 D ScanRecord: Not a Multi Manu data
10-15 23:44:13.906  3957  4129 D WifiStateMachine:  L2ConnectedState !RSSI_PKTCNT_FETCH uid=1000 rt=408243052/1068641279 0 0 "ourhome" f4:6d:2f:12:cc:88 rssi=-43 f=5240 sc=60 link=433 tx=271.4, 13.4, 0.0  rx=579.5 bcn=106331 [on:0 tx:0 rx:0 period:4] from screen [on:285446 period:2118038] score=60
10-15 23:44:13.909  6343  6427 D ScanRecord: Not a Multi Manu data
10-15 23:44:13.909  6343  6427 I chatty  : uid=1002(bluetooth) BT Service Call identical 9 lines
10-15 23:44:13.909  6343  6427 D ScanRecord: Not a Multi Manu data
10-15 23:44:13.909  3957  4129 D WifiStateMachine: fetchRssiLinkSpeedAndFrequencyNative rssi=-44 linkspeed=433 freq=5240
10-15 23:44:13.910  6343  6427 D ScanRecord: Not a Multi Manu data
10-15 23:44:13.916  6343  6427 I chatty  : uid=1002(bluetooth) BT Service Call identical 26 lines
10-15 23:44:13.916  6343  6427 D ScanRecord: Not a Multi Manu data
10-15 23:44:13.968 13501 13791 I BatteryMgr:DataCollectionService: stats => 1697406253968,-637,4314,-410,0,100
10-15 23:44:13.989  3957  4084 D InputReader: Input event(3): value=1 when=408243140497000
10-15 23:44:13.989  3957  4084 D InputReader: Input event(3): value=1 when=408243140497000
10-15 23:44:13.990  3957  4084 I InputReader: Touch event's action is 0x0 (deviceType=0) [pCnt=1, s=0.1636 ] when=408243140497000
10-15 23:44:13.990  3957  4083 I InputDispatcher: Delivering touch to (4340): action: 0x4, toolType: 1
10-15 23:44:13.990  3957  4083 I InputDispatcher: Delivering touch to (13545): action: 0x0, toolType: 1
10-15 23:44:13.991 13545 13545 D ViewRootImpl@847214e[App]: ViewPostIme pointer 0
10-15 23:44:14.081  3957  4084 D InputReader: Input event(3): value=0 when=408243232529000
10-15 23:44:14.081  3957  4084 D InputReader: Input event(3): value=0 when=408243232529000
10-15 23:44:14.081  3957  4084 I InputReader: Touch event's action is 0x1 (deviceType=0) [pCnt=1, s=] when=408243232529000
10-15 23:44:14.082  3957  4083 I InputDispatcher: Delivering touch to (13545): action: 0x1, toolType: 1
10-15 23:44:14.083 13501 13791 I BatteryMgr:DataCollectionService: stats => 1697406254083,-637,4314,-410,0,100
10-15 23:44:14.084 13545 13545 D ViewRootImpl@847214e[App]: ViewPostIme pointer 1
10-15 23:44:14.128 13545 13574 D GeckoIdleService: Get idle time: time since reset 40 msec
10-15 23:44:14.128 13545 13574 D GeckoIdleService: Idle timer callback: current idle time 40 msec
10-15 23:44:14.128 13545 13574 D GeckoIdleService: next timeout 4959 msec from now
10-15 23:44:14.129 13545 13574 D GeckoIdleService: SetTimerExpiryIfBefore: next timeout 4959 msec from now
10-15 23:44:14.129 13545 13574 D GeckoIdleService: reset timer expiry to 4968 msec from now
10-15 23:44:14.197  3957  4128 D WifiService: getConnectionInfo uid=1000
10-15 23:44:14.200 13501 13791 I BatteryMgr:DataCollectionService: stats => 1697406254200,-637,4314,-410,0,100
10-15 23:44:14.206  3957  4084 D InputReader: Input event(3): value=1 when=408243357526000
10-15 23:44:14.206  3957  4084 D InputReader: Input event(3): value=1 when=408243357526000
10-15 23:44:14.206  3957  4084 I InputReader: Touch event's action is 0x0 (deviceType=0) [pCnt=1, s=0.1637 ] when=408243357526000
10-15 23:44:14.207  3957  4083 I InputDispatcher: Delivering touch to (4340): action: 0x4, toolType: 1
10-15 23:44:14.207  3957  4083 I InputDispatcher: Delivering touch to (13545): action: 0x0, toolType: 1
10-15 23:44:14.208 13545 13545 D ViewRootImpl@847214e[App]: ViewPostIme pointer 0
10-15 23:44:14.260  3957  4084 D InputReader: Input event(3): value=0 when=408243411403000
10-15 23:44:14.260  3957  4084 D InputReader: Input event(3): value=0 when=408243411403000
10-15 23:44:14.261  3957  4084 I InputReader: Touch event's action is 0x1 (deviceType=0) [pCnt=1, s=] when=408243411403000
10-15 23:44:14.261  3957  4083 I InputDispatcher: Delivering touch to (13545): action: 0x1, toolType: 1
10-15 23:44:14.283  3957  6478 D CustomFrequencyManagerService: acquireDVFSLockLocked : type : DVFS_MIN_LIMIT  frequency : 936000  uid : 1000  pid : 3957  pkgName : GESTURE_DETECTED@CPU_MIN@63
10-15 23:44:14.318 13501 13791 I BatteryMgr:DataCollectionService: stats => 1697406254318,-637,4314,-410,0,100
10-15 23:44:14.337 13545 13545 D ViewRootImpl@847214e[App]: ViewPostIme pointer 1
10-15 23:44:14.339  3957  6478 I chatty  : uid=1000(system) SSRM Handler Th identical 6 lines
10-15 23:44:14.340  3957  6478 D CustomFrequencyManagerService: acquireDVFSLockLocked : type : DVFS_MIN_LIMIT  frequency : 936000  uid : 1000  pid : 3957  pkgName : GESTURE_DETECTED@CPU_MIN@63
10-15 23:44:14.435 13501 13791 I BatteryMgr:DataCollectionService: stats => 1697406254434,-637,4314,-410,0,100
10-15 23:44:14.519  3957  4129 D WifiStateMachine:  ConnectedState !CMD_RSSI_POLL rt=408243669/1068641896 54 0 "ourhome" f4:6d:2f:12:cc:88 rssi=-44 f=5240 sc=60 link=433 tx=271.4, 13.4, 0.0  rx=579.5 bcn=106331 [on:0 tx:0 rx:0 period:614] from screen [on:285446 period:2118652] score=60
10-15 23:44:14.520  3957  4129 D WifiStateMachine:  L2ConnectedState !CMD_RSSI_POLL rt=408243670/1068641898 54 0 "ourhome" f4:6d:2f:12:cc:88 rssi=-44 f=5240 sc=60 link=433 tx=271.4, 13.4, 0.0  rx=579.5 bcn=106331 [on:0 tx:0 rx:0 period:1] from screen [on:285446 period:2118653] score=60
10-15 23:44:14.520  3957  4129 D WifiStateMachine:  get link layer stats 3
10-15 23:44:14.521  3436  3436 I android.hardware.wifi@1.0-service: getLinkLayerStats
10-15 23:44:14.539  3957  4129 D WifiStateMachine: fetchRssiLinkSpeedAndFrequencyNative rssi=-42 linkspeed=433 freq=5240
10-15 23:44:14.544 13501 13791 I BatteryMgr:DataCollectionService: stats => 1697406254543,-637,4314,-410,0,100
10-15 23:44:14.588  4340  4340 E SignalClusterView: setSlotFocusVisible : subId -2
10-15 23:44:14.588  4340  4340 E SignalClusterView: setSlotFocusVisible : subId -2
10-15 23:44:14.658 13501 13791 I BatteryMgr:DataCollectionService: stats => 1697406254658,-637,4314,-410,0,100
10-15 23:44:14.769 13501 13791 I BatteryMgr:DataCollectionService: stats => 1697406254769,-637,4314,-410,0,100
10-15 23:44:14.843  3957  3957 D CustomFrequencyManagerService: releaseDVFSLockLocked : Getting Lock type frm List : DVFS_MIN_LIMIT  frequency : 936000  uid : 1000  pid : 3957  tag : GESTURE_DETECTED@CPU_MIN@63
10-15 23:44:14.876 13501 13791 I BatteryMgr:DataCollectionService: stats => 1697406254876,-637,4314,-410,0,100
10-15 23:44:14.898  3957  4129 D WifiStateMachine:  ConnectedState !RSSI_PKTCNT_FETCH uid=1000 rt=408244047/1068642275 0 0 "ourhome" f4:6d:2f:12:cc:88 rssi=-42 f=5240 sc=60 link=433 tx=146.1, 4.9, 0.0  rx=276.5 bcn=106360 [on:0 tx:0 rx:0 period:347] from screen [on:286251 period:2119031] score=60
10-15 23:44:14.899  3957  4129 D WifiStateMachine:  L2ConnectedState !RSSI_PKTCNT_FETCH uid=1000 rt=408244049/1068642276 0 0 "ourhome" f4:6d:2f:12:cc:88 rssi=-42 f=5240 sc=60 link=433 tx=146.1, 4.9, 0.0  rx=276.5 bcn=106360 [on:0 tx:0 rx:0 period:1] from screen [on:286251 period:2119032] score=60
10-15 23:44:14.905  3957  4129 D WifiStateMachine: fetchRssiLinkSpeedAndFrequencyNative rssi=-43 linkspeed=433 freq=5240
10-15 23:44:14.984 13501 13791 I BatteryMgr:DataCollectionService: stats => 1697406254984,-637,4314,-410,0,100
10-15 23:44:15.094 13501 13791 I BatteryMgr:DataCollectionService: stats => 1697406255094,-637,4314,-410,0,100
10-15 23:44:15.204  3957  4128 D WifiService: getConnectionInfo uid=1000
10-15 23:44:15.206 13501 13791 I BatteryMgr:DataCollectionService: stats => 1697406255206,-637,4314,-410,0,100
10-15 23:44:15.317 13501 13791 I BatteryMgr:DataCollectionService: stats => 1697406255317,-637,4314,-410,0,100
10-15 23:44:15.426 13501 13791 I BatteryMgr:DataCollectionService: stats => 1697406255426,-637,4314,-410,0,100
10-15 23:44:15.544 13501 13791 I BatteryMgr:DataCollectionService: stats => 1697406255543,-637,4314,-410,0,100
10-15 23:44:15.656 13501 13791 I BatteryMgr:DataCollectionService: stats => 1697406255656,-637,4314,-410,0,100
10-15 23:44:15.767 13501 13791 I BatteryMgr:DataCollectionService: stats => 1697406255767,-637,4314,-410,0,100
10-15 23:44:15.879 13501 13791 I BatteryMgr:DataCollectionService: stats => 1697406255879,-637,4314,-410,0,100
10-15 23:44:15.899  3957  4129 D WifiStateMachine:  ConnectedState !RSSI_PKTCNT_FETCH uid=1000 rt=408245048/1068643276 0 0 "ourhome" f4:6d:2f:12:cc:88 rssi=-43 f=5240 sc=60 link=433 tx=146.1, 4.9, 0.0  rx=276.5 bcn=106360 [on:0 tx:0 rx:0 period:1000] from screen [on:286251 period:2120032] score=60
10-15 23:44:15.902  3957  4129 D WifiStateMachine:  L2ConnectedState !RSSI_PKTCNT_FETCH uid=1000 rt=408245051/1068643278 0 0 "ourhome" f4:6d:2f:12:cc:88 rssi=-43 f=5240 sc=60 link=433 tx=146.1, 4.9, 0.0  rx=276.5 bcn=106360 [on:0 tx:0 rx:0 period:3] from screen [on:286251 period:2120035] score=60
10-15 23:44:15.908  3957  4129 D WifiStateMachine: fetchRssiLinkSpeedAndFrequencyNative rssi=-43 linkspeed=433 freq=5240
10-15 23:44:15.994 13501 13791 I BatteryMgr:DataCollectionService: stats => 1697406255993,-637,4314,-410,0,100
10-15 23:44:16.057  3957  4030 D SensorService: [SO] 0.101 -0.077 9.974
10-15 23:44:16.123 13501 13791 I BatteryMgr:DataCollectionService: stats => 1697406256122,-637,4314,-410,0,100
10-15 23:44:16.207  3957  4128 D WifiService: getConnectionInfo uid=1000
10-15 23:44:16.238 13501 13791 I BatteryMgr:DataCollectionService: stats => 1697406256238,-637,4314,-410,0,100
10-15 23:44:16.353 13501 13791 I BatteryMgr:DataCollectionService: stats => 1697406256353,-637,4314,-410,0,100
10-15 23:44:16.466 13501 13791 I BatteryMgr:DataCollectionService: stats => 1697406256466,-637,4314,-410,0,100
10-15 23:44:16.584 13501 13791 I BatteryMgr:DataCollectionService: stats => 1697406256584,-637,4314,-410,0,100
10-15 23:44:16.697 13501 13791 I BatteryMgr:DataCollectionService: stats => 1697406256697,-637,4314,-410,0,100
10-15 23:44:16.811 13501 13791 I BatteryMgr:DataCollectionService: stats => 1697406256810,-637,4314,-410,0,100
10-15 23:44:16.902  3957  4129 D WifiStateMachine:  ConnectedState !RSSI_PKTCNT_FETCH uid=1000 rt=408246050/1068644278 0 0 "ourhome" f4:6d:2f:12:cc:88 rssi=-43 f=5240 sc=60 link=433 tx=146.1, 4.9, 0.0  rx=276.5 bcn=106360 [on:0 tx:0 rx:0 period:1000] from screen [on:286251 period:2121035] score=60
10-15 23:44:16.904  3957  4129 D WifiStateMachine:  L2ConnectedState !RSSI_PKTCNT_FETCH uid=1000 rt=408246053/1068644281 0 0 "ourhome" f4:6d:2f:12:cc:88 rssi=-43 f=5240 sc=60 link=433 tx=146.1, 4.9, 0.0  rx=276.5 bcn=106360 [on:0 tx:0 rx:0 period:2] from screen [on:286251 period:2121037] score=60
10-15 23:44:16.911  3957  4129 D WifiStateMachine: fetchRssiLinkSpeedAndFrequencyNative rssi=-42 linkspeed=433 freq=5240
10-15 23:44:16.925 13501 13791 I BatteryMgr:DataCollectionService: stats => 1697406256924,-637,4314,-410,0,100
10-15 23:44:17.037 13501 13791 I BatteryMgr:DataCollectionService: stats => 1697406257037,-637,4314,-410,0,100
10-15 23:44:17.157 13501 13791 I BatteryMgr:DataCollectionService: stats => 1697406257157,-637,4314,-410,0,100
10-15 23:44:17.210  3957  4128 D WifiService: getConnectionInfo uid=1000
10-15 23:44:17.267 13501 13791 I BatteryMgr:DataCollectionService: stats => 1697406257267,-637,4314,-410,0,100
10-15 23:44:17.377 13501 13791 I BatteryMgr:DataCollectionService: stats => 1697406257377,-637,4314,-410,0,100
10-15 23:44:17.490 13501 13791 I BatteryMgr:DataCollectionService: stats => 1697406257490,-637,4314,-410,0,100
10-15 23:44:17.543  3957  4129 D WifiStateMachine:  ConnectedState !CMD_RSSI_POLL rt=408246693/1068644920 54 0 "ourhome" f4:6d:2f:12:cc:88 rssi=-42 f=5240 sc=60 link=433 tx=146.1, 4.9, 0.0  rx=276.5 bcn=106360 [on:0 tx:0 rx:0 period:639] from screen [on:286251 period:2121676] score=60
10-15 23:44:17.545  3957  4129 D WifiStateMachine:  L2ConnectedState !CMD_RSSI_POLL rt=408246694/1068644922 54 0 "ourhome" f4:6d:2f:12:cc:88 rssi=-42 f=5240 sc=60 link=433 tx=146.1, 4.9, 0.0  rx=276.5 bcn=106360 [on:0 tx:0 rx:0 period:2] from screen [on:286251 period:2121678] score=60
10-15 23:44:17.545  3957  4129 D WifiStateMachine:  get link layer stats 3
10-15 23:44:17.545  3436  3436 I android.hardware.wifi@1.0-service: getLinkLayerStats
10-15 23:44:17.553  3957  4129 D WifiStateMachine: fetchRssiLinkSpeedAndFrequencyNative rssi=-42 linkspeed=433 freq=5240
10-15 23:44:17.558  4340  4340 E SignalClusterView: setSlotFocusVisible : subId -2
10-15 23:44:17.559  4340  4340 E SignalClusterView: setSlotFocusVisible : subId -2
10-15 23:44:17.604 13501 13791 I BatteryMgr:DataCollectionService: stats => 1697406257604,-637,4314,-410,0,100
10-15 23:44:17.716 13501 13791 I BatteryMgr:DataCollectionService: stats => 1697406257716,-637,4314,-410,0,100
10-15 23:44:17.830 13501 13791 I BatteryMgr:DataCollectionService: stats => 1697406257830,-637,4314,-410,0,100
10-15 23:44:17.901  3957  4129 D WifiStateMachine:  ConnectedState !RSSI_PKTCNT_FETCH uid=1000 rt=408247051/1068645278 0 0 "ourhome" f4:6d:2f:12:cc:88 rssi=-42 f=5240 sc=60 link=433 tx=53.4, 1.8, 0.0  rx=101.1 bcn=106384 [on:0 tx:0 rx:0 period:343] from screen [on:286329 period:2122034] score=60
10-15 23:44:17.902  3957  4129 D WifiStateMachine:  L2ConnectedState !RSSI_PKTCNT_FETCH uid=1000 rt=408247052/1068645280 0 0 "ourhome" f4:6d:2f:12:cc:88 rssi=-42 f=5240 sc=60 link=433 tx=53.4, 1.8, 0.0  rx=101.1 bcn=106384 [on:0 tx:0 rx:0 period:1] from screen [on:286329 period:2122035] score=60
10-15 23:44:17.908  3957  4129 D WifiStateMachine: fetchRssiLinkSpeedAndFrequencyNative rssi=-43 linkspeed=433 freq=5240
10-15 23:44:17.940 13501 13791 I BatteryMgr:DataCollectionService: stats => 1697406257940,-637,4314,-410,0,100
10-15 23:44:18.049 13501 13791 I BatteryMgr:DataCollectionService: stats => 1697406258048,-637,4314,-410,0,100
10-15 23:44:18.160 13501 13791 I BatteryMgr:DataCollectionService: stats => 1697406258159,-637,4314,-410,0,100
10-15 23:44:18.212  3957  4128 D WifiService: getConnectionInfo uid=1000
10-15 23:44:18.272 13501 13791 I BatteryMgr:DataCollectionService: stats => 1697406258272,-637,4314,-410,0,100
10-15 23:44:18.380 13501 13791 I BatteryMgr:DataCollectionService: stats => 1697406258380,-637,4314,-410,0,100
10-15 23:44:18.445  6343  6427 D ScanRecord: Not a Multi Manu data
10-15 23:44:18.490  6343  6427 I chatty  : uid=1002(bluetooth) BT Service Call identical 50 lines
10-15 23:44:18.490  6343  6427 D ScanRecord: Not a Multi Manu data
10-15 23:44:18.496 13501 13791 I BatteryMgr:DataCollectionService: stats => 1697406258496,-637,4314,-410,0,100
10-15 23:44:18.514  6343  6427 D ScanRecord: Not a Multi Manu data
10-15 23:44:18.610  6343  6427 I chatty  : uid=1002(bluetooth) BT Service Call identical 102 lines
10-15 23:44:18.610  6343  6427 D ScanRecord: Not a Multi Manu data
10-15 23:44:18.614 13501 13791 I BatteryMgr:DataCollectionService: stats => 1697406258614,-637,4314,-410,0,100
10-15 23:44:18.615  6343  6427 D ScanRecord: Not a Multi Manu data
10-15 23:44:18.734  6343  6427 I chatty  : uid=1002(bluetooth) BT Service Call identical 219 lines
10-15 23:44:18.734  6343  6427 D ScanRecord: Not a Multi Manu data
10-15 23:44:18.734 13501 13791 I BatteryMgr:DataCollectionService: stats => 1697406258734,-637,4314,-410,0,100
10-15 23:44:18.744  6343  6427 D ScanRecord: Not a Multi Manu data
10-15 23:44:18.814  4961  4961 D io_stats: !@ 179,0 r 5835300 182863396 w 1322181 28568892 d 105327 31850448 f 302764 319701 iot 2552384 2250342 th 51200 0 0 pt 0 inp 0 0 408247.964
10-15 23:44:18.842  6343  6427 I chatty  : uid=1002(bluetooth) BT Service Call identical 141 lines
10-15 23:44:18.842  6343  6427 D ScanRecord: Not a Multi Manu data
10-15 23:44:18.847 13501 13791 I BatteryMgr:DataCollectionService: stats => 1697406258847,-637,4314,-410,0,100
10-15 23:44:18.855  6343  6427 D ScanRecord: Not a Multi Manu data
10-15 23:44:18.891  6343  6427 I chatty  : uid=1002(bluetooth) BT Service Call identical 63 lines
10-15 23:44:18.891  6343  6427 D ScanRecord: Not a Multi Manu data
10-15 23:44:18.905  3957  4129 D WifiStateMachine:  ConnectedState !RSSI_PKTCNT_FETCH uid=1000 rt=408248053/1068646280 0 0 "ourhome" f4:6d:2f:12:cc:88 rssi=-43 f=5240 sc=60 link=433 tx=53.4, 1.8, 0.0  rx=101.1 bcn=106384 [on:0 tx:0 rx:0 period:1003] from screen [on:286329 period:2123038] score=60
10-15 23:44:18.907  3957  4129 D WifiStateMachine:  L2ConnectedState !RSSI_PKTCNT_FETCH uid=1000 rt=408248056/1068646283 0 0 "ourhome" f4:6d:2f:12:cc:88 rssi=-43 f=5240 sc=60 link=433 tx=53.4, 1.8, 0.0  rx=101.1 bcn=106384 [on:0 tx:0 rx:0 period:2] from screen [on:286329 period:2123040] score=60
10-15 23:44:18.909  6343  6427 D ScanRecord: Not a Multi Manu data
10-15 23:44:18.910  6343  6427 I chatty  : uid=1002(bluetooth) BT Service Call identical 11 lines
10-15 23:44:18.910  6343  6427 D ScanRecord: Not a Multi Manu data
10-15 23:44:18.910  3957  4129 D WifiStateMachine: fetchRssiLinkSpeedAndFrequencyNative rssi=-44 linkspeed=433 freq=5240
10-15 23:44:18.913  6343  6427 D ScanRecord: Not a Multi Manu data
10-15 23:44:18.916  6343  6427 I chatty  : uid=1002(bluetooth) BT Service Call identical 24 lines
10-15 23:44:18.916  6343  6427 D ScanRecord: Not a Multi Manu data
10-15 23:44:18.963 13501 13791 I BatteryMgr:DataCollectionService: stats => 1697406258963,-637,4314,-410,0,100
10-15 23:44:19.078 13501 13791 I BatteryMgr:DataCollectionService: stats => 1697406259078,-637,4314,-410,0,100
10-15 23:44:19.131 13545 13574 D GeckoIdleService: Get idle time: time since reset 4437 msec
10-15 23:44:19.131 13545 13574 D GeckoIdleService: Idle timer callback: current idle time 4437 msec
10-15 23:44:19.131 13545 13574 D GeckoIdleService: next timeout 562 msec from now
10-15 23:44:19.131 13545 13574 D GeckoIdleService: SetTimerExpiryIfBefore: next timeout 562 msec from now
10-15 23:44:19.131 13545 13574 D GeckoIdleService: reset timer expiry to 572 msec from now
10-15 23:44:19.192 13501 13791 I BatteryMgr:DataCollectionService: stats => 1697406259192,-637,4314,-410,0,100
10-15 23:44:19.214  3957  4128 D WifiService: getConnectionInfo uid=1000
10-15 23:44:19.309 13501 13791 I BatteryMgr:DataCollectionService: stats => 1697406259309,-637,4314,-410,0,100
10-15 23:44:19.422 13501 13791 I BatteryMgr:DataCollectionService: stats => 1697406259422,-637,4314,-410,0,100
10-15 23:44:19.538 13501 13791 I BatteryMgr:DataCollectionService: stats => 1697406259538,-637,4314,-410,0,100
10-15 23:44:19.655 13501 13791 I BatteryMgr:DataCollectionService: stats => 1697406259655,-637,4314,-410,0,100
10-15 23:44:19.703 13545 13574 D GeckoIdleService: Get idle time: time since reset 5009 msec
10-15 23:44:19.703 13545 13574 D GeckoIdleService: Idle timer callback: current idle time 5009 msec
10-15 23:44:19.703 13545 13574 D GeckoIdleService: next timeout 4294967289990 msec from now
10-15 23:44:19.703 13545 13574 D GeckoIdleService: SetTimerExpiryIfBefore: next timeout 4294967289990 msec from now
10-15 23:44:19.703 13545 13574 D GeckoIdleService: reset timer expiry to 4294967290000 msec from now
10-15 23:44:19.703 13545 13574 D GeckoIdleService: Idle timer callback: tell observer 0x742e638f08 user is idle
10-15 23:44:19.764 13501 13791 I BatteryMgr:DataCollectionService: stats => 1697406259764,-637,4314,-410,0,100
10-15 23:44:19.876 13501 13791 I BatteryMgr:DataCollectionService: stats => 1697406259875,-637,4314,-410,0,100
10-15 23:44:19.905  3957  4129 D WifiStateMachine:  ConnectedState !RSSI_PKTCNT_FETCH uid=1000 rt=408249054/1068647282 0 0 "ourhome" f4:6d:2f:12:cc:88 rssi=-44 f=5240 sc=60 link=433 tx=53.4, 1.8, 0.0  rx=101.1 bcn=106384 [on:0 tx:0 rx:0 period:998] from screen [on:286329 period:2124038] score=60
10-15 23:44:19.907  3957  4129 D WifiStateMachine:  L2ConnectedState !RSSI_PKTCNT_FETCH uid=1000 rt=408249056/1068647284 0 0 "ourhome" f4:6d:2f:12:cc:88 rssi=-44 f=5240 sc=60 link=433 tx=53.4, 1.8, 0.0  rx=101.1 bcn=106384 [on:0 tx:0 rx:0 period:2] from screen [on:286329 period:2124040] score=60
10-15 23:44:19.908  3957  4129 D WifiStateMachine: fetchRssiLinkSpeedAndFrequencyNative rssi=-43 linkspeed=433 freq=5240
10-15 23:44:19.986 13501 13791 I BatteryMgr:DataCollectionService: stats => 1697406259986,-637,4314,-410,0,100
10-15 23:44:20.101 13501 13791 I BatteryMgr:DataCollectionService: stats => 1697406260101,-637,4314,-410,0,100
10-15 23:44:20.216  3957  4128 D WifiService: getConnectionInfo uid=1000
10-15 23:44:20.217 13501 13791 I BatteryMgr:DataCollectionService: stats => 1697406260217,-637,4314,-410,0,100
10-15 23:44:20.334 13501 13791 I BatteryMgr:DataCollectionService: stats => 1697406260333,-637,4314,-410,0,100
10-15 23:44:20.448 13501 13791 I BatteryMgr:DataCollectionService: stats => 1697406260448,-637,4314,-410,0,100
10-15 23:44:20.557  3957  4129 D WifiStateMachine:  ConnectedState !CMD_RSSI_POLL rt=408249706/1068647934 54 0 "ourhome" f4:6d:2f:12:cc:88 rssi=-43 f=5240 sc=60 link=433 tx=53.4, 1.8, 0.0  rx=101.1 bcn=106384 [on:0 tx:0 rx:0 period:650] from screen [on:286329 period:2124690] score=60
10-15 23:44:20.559  3957  4129 D WifiStateMachine:  L2ConnectedState !CMD_RSSI_POLL rt=408249708/1068647935 54 0 "ourhome" f4:6d:2f:12:cc:88 rssi=-43 f=5240 sc=60 link=433 tx=53.4, 1.8, 0.0  rx=101.1 bcn=106384 [on:0 tx:0 rx:0 period:1] from screen [on:286329 period:2124691] score=60
10-15 23:44:20.559  3957  4129 D WifiStateMachine:  get link layer stats 3
10-15 23:44:20.560 13501 13791 I BatteryMgr:DataCollectionService: stats => 1697406260559,-637,4314,-410,0,100
10-15 23:44:20.560  3436  3436 I android.hardware.wifi@1.0-service: getLinkLayerStats
10-15 23:44:20.578  3957  4129 D WifiStateMachine: fetchRssiLinkSpeedAndFrequencyNative rssi=-44 linkspeed=433 freq=5240
10-15 23:44:20.582  4340  4340 E SignalClusterView: setSlotFocusVisible : subId -2
10-15 23:44:20.582  4340  4340 E SignalClusterView: setSlotFocusVisible : subId -2
10-15 23:44:20.671 13501 13791 I BatteryMgr:DataCollectionService: stats => 1697406260671,-637,4314,-410,0,100
10-15 23:44:20.786 13501 13791 I BatteryMgr:DataCollectionService: stats => 1697406260786,-637,4314,-410,0,100
10-15 23:44:20.899 13501 13791 I BatteryMgr:DataCollectionService: stats => 1697406260899,-637,4314,-410,0,100
10-15 23:44:20.906  3957  4129 D WifiStateMachine:  ConnectedState !RSSI_PKTCNT_FETCH uid=1000 rt=408250055/1068648283 0 0 "ourhome" f4:6d:2f:12:cc:88 rssi=-44 f=5240 sc=60 link=433 tx=22.1, 0.7, 0.0  rx=40.8 bcn=106414 [on:0 tx:0 rx:0 period:325] from screen [on:287459 period:2125039] score=60
10-15 23:44:20.907  3957  4129 D WifiStateMachine:  L2ConnectedState !RSSI_PKTCNT_FETCH uid=1000 rt=408250057/1068648284 0 0 "ourhome" f4:6d:2f:12:cc:88 rssi=-44 f=5240 sc=60 link=433 tx=22.1, 0.7, 0.0  rx=40.8 bcn=106414 [on:0 tx:0 rx:0 period:1] from screen [on:287459 period:2125040] score=60
10-15 23:44:20.914  3957  4129 D WifiStateMachine: fetchRssiLinkSpeedAndFrequencyNative rssi=-43 linkspeed=433 freq=5240
10-15 23:44:21.013 13501 13791 I BatteryMgr:DataCollectionService: stats => 1697406261013,-637,4314,-410,0,100
10-15 23:44:21.135 13501 13791 I BatteryMgr:DataCollectionService: stats => 1697406261135,-637,4314,-410,0,100
10-15 23:44:21.218  3957  4128 D WifiService: getConnectionInfo uid=1000
10-15 23:44:21.250 13501 13791 I BatteryMgr:DataCollectionService: stats => 1697406261250,-637,4314,-410,0,100
10-15 23:44:21.363 13501 13791 I BatteryMgr:DataCollectionService: stats => 1697406261363,-637,4314,-410,0,100
10-15 23:44:21.476 13501 13791 I BatteryMgr:DataCollectionService: stats => 1697406261476,-637,4314,-410,0,100
10-15 23:44:21.591 13501 13791 I BatteryMgr:DataCollectionService: stats => 1697406261590,-637,4314,-410,0,100
10-15 23:44:21.706 13501 13791 I BatteryMgr:DataCollectionService: stats => 1697406261706,-637,4314,-410,0,100
10-15 23:44:21.827 13501 13791 I BatteryMgr:DataCollectionService: stats => 1697406261827,-637,4314,-410,0,100
10-15 23:44:21.908  3957  4129 D WifiStateMachine:  ConnectedState !RSSI_PKTCNT_FETCH uid=1000 rt=408251056/1068649284 0 0 "ourhome" f4:6d:2f:12:cc:88 rssi=-43 f=5240 sc=60 link=433 tx=22.1, 0.7, 0.0  rx=40.8 bcn=106414 [on:0 tx:0 rx:0 period:1001] from screen [on:287459 period:2126041] score=60
10-15 23:44:21.911  3957  4129 D WifiStateMachine:  L2ConnectedState !RSSI_PKTCNT_FETCH uid=1000 rt=408251060/1068649287 0 0 "ourhome" f4:6d:2f:12:cc:88 rssi=-43 f=5240 sc=60 link=433 tx=22.1, 0.7, 0.0  rx=40.8 bcn=106414 [on:0 tx:0 rx:0 period:2] from screen [on:287459 period:2126043] score=60
10-15 23:44:21.918  3957  4129 D WifiStateMachine: fetchRssiLinkSpeedAndFrequencyNative rssi=-43 linkspeed=433 freq=5240
10-15 23:44:21.944 13501 13791 I BatteryMgr:DataCollectionService: stats => 1697406261944,-637,4314,-410,0,100
10-15 23:44:22.059  3957  6478 D SSRM:k  : SIOP:: AP = 360, PST = 347 (W:24), BAT = 320, USB = 0, CHG = 0
10-15 23:44:22.066 13501 13791 I BatteryMgr:DataCollectionService: stats => 1697406262065,-637,4314,-410,0,100
10-15 23:44:22.182 13501 13791 I BatteryMgr:DataCollectionService: stats => 1697406262181,-637,4314,-410,0,100
10-15 23:44:22.220  3957  4128 D WifiService: getConnectionInfo uid=1000
10-15 23:44:22.292 13501 13791 I BatteryMgr:DataCollectionService: stats => 1697406262292,-637,4314,-410,0,100
10-15 23:44:22.404 13501 13791 I BatteryMgr:DataCollectionService: stats => 1697406262404,-637,4314,-410,0,100
10-15 23:44:22.512 13501 13791 I BatteryMgr:DataCollectionService: stats => 1697406262512,-637,4314,-410,0,100
10-15 23:44:22.626 13501 13791 I BatteryMgr:DataCollectionService: stats => 1697406262626,-637,4314,-410,0,100
10-15 23:44:22.750 13501 13791 I BatteryMgr:DataCollectionService: stats => 1697406262750,-637,4314,-410,0,100
10-15 23:44:22.865 13501 13791 I BatteryMgr:DataCollectionService: stats => 1697406262864,-637,4314,-410,0,100
10-15 23:44:22.909  3957  4129 D WifiStateMachine:  ConnectedState !RSSI_PKTCNT_FETCH uid=1000 rt=408252058/1068650285 0 0 "ourhome" f4:6d:2f:12:cc:88 rssi=-43 f=5240 sc=60 link=433 tx=22.1, 0.7, 0.0  rx=40.8 bcn=106414 [on:0 tx:0 rx:0 period:998] from screen [on:287459 period:2127041] score=60
10-15 23:44:22.912  3957  4129 D WifiStateMachine:  L2ConnectedState !RSSI_PKTCNT_FETCH uid=1000 rt=408252060/1068650287 0 0 "ourhome" f4:6d:2f:12:cc:88 rssi=-43 f=5240 sc=60 link=433 tx=22.1, 0.7, 0.0  rx=40.8 bcn=106414 [on:0 tx:0 rx:0 period:3] from screen [on:287459 period:2127044] score=60
10-15 23:44:22.918  3957  4129 D WifiStateMachine: fetchRssiLinkSpeedAndFrequencyNative rssi=-43 linkspeed=433 freq=5240
10-15 23:44:22.989 13501 13791 I BatteryMgr:DataCollectionService: stats => 1697406262988,-637,4314,-410,0,100
10-15 23:44:23.102 13501 13791 I BatteryMgr:DataCollectionService: stats => 1697406263102,-637,4314,-410,0,100
10-15 23:44:23.218 13501 13791 I BatteryMgr:DataCollectionService: stats => 1697406263217,-637,4314,-410,0,100
10-15 23:44:23.222  3957  4128 D WifiService: getConnectionInfo uid=1000
10-15 23:44:23.334 13501 13791 I BatteryMgr:DataCollectionService: stats => 1697406263334,-637,4314,-410,0,100
10-15 23:44:23.433  6343  6427 D ScanRecord: Not a Multi Manu data
10-15 23:44:23.446  6343  6427 I chatty  : uid=1002(bluetooth) BT Service Call identical 50 lines
10-15 23:44:23.446  6343  6427 D ScanRecord: Not a Multi Manu data
10-15 23:44:23.448 13501 13791 I BatteryMgr:DataCollectionService: stats => 1697406263448,-637,4314,-410,0,100
10-15 23:44:23.459  6343  6427 D ScanRecord: Not a Multi Manu data
10-15 23:44:23.500  6343  6427 I chatty  : uid=1002(bluetooth) BT Service Call identical 102 lines
10-15 23:44:23.500  6343  6427 D ScanRecord: Not a Multi Manu data
10-15 23:44:23.508  6343  6479 D bt_snoop: capture: count_snoop = 90000, st.st_size = 1367117
10-15 23:44:23.512  6343  6427 D ScanRecord: Not a Multi Manu data
10-15 23:44:23.557  6343  6427 I chatty  : uid=1002(bluetooth) BT Service Call identical 154 lines
10-15 23:44:23.558  6343  6427 D ScanRecord: Not a Multi Manu data
