10-15 23:16:10.743  3447  3447 I SurfaceFlinger: Display 0 HWC layers:
10-15 23:16:10.743  3447  3447 I SurfaceFlinger:     type    |    handle    | flag |  format   |   source crop (l,t,r,b)    |         frame       | name 
10-15 23:16:10.743  3447  3447 I SurfaceFlinger: ------------+--------------+------+-----------+----------------------------+---------------------+------
10-15 23:16:10.743  3447  3447 I SurfaceFlinger:      Client |              | 0000 |  Unknown  |  -0.2   -0.2   -0.8   -0.8 |    0    0  720 1280 | animation background stackId=1#0
10-15 23:16:10.743  3447  3447 I SurfaceFlinger:      Client | 0x7ea50243c0 | 0002 | RGBA_8888 |   0.0    0.0  720.0 1280.0 |    0    0  720 1279 | com.example.batterymanager_utility/c[...]atterymanager_utility.MainActivity#0
10-15 23:16:10.743  3447  3447 I SurfaceFlinger:      Device | 0x7ea5024780 | 0000 | RGBA_8888 |   0.0    0.0  720.0   42.0 |    0    0  720   42 | StatusBar#0
10-15 23:16:10.743  3447  3447 I SurfaceFlinger: 
10-15 23:16:10.754  3957  4089 D MdnieScenarioControlService:  packageName : org.mozilla.fenix    className : org.mozilla.fenix.App
10-15 23:16:10.754  3957  4089 V MdnieScenarioControlService: setUIMode from UI function(3)
10-15 23:16:10.759 10755 10755 I FirebaseApp: Device unlocked: initializing all Firebase APIs for app [DEFAULT]
10-15 23:16:10.767 10755 10755 I FirebaseInitProvider: FirebaseApp initialization successful
10-15 23:16:10.929  3447  3447 I SurfaceFlinger: Display 0 HWC layers:
10-15 23:16:10.929  3447  3447 I SurfaceFlinger:     type    |    handle    | flag |  format   |   source crop (l,t,r,b)    |         frame       | name 
10-15 23:16:10.929  3447  3447 I SurfaceFlinger: ------------+--------------+------+-----------+----------------------------+---------------------+------
10-15 23:16:10.929  3447  3447 I SurfaceFlinger:      Client |              | 0000 |  Unknown  |  -0.2   -0.2   -0.8   -0.8 |    0    0  720 1280 | animation background stackId=1#0
10-15 23:16:10.929  3447  3447 I SurfaceFlinger:      Client | 0x7ea50243c0 | 0002 | RGBA_8888 |   0.0    0.0  720.0 1280.0 |   16   28  705 1252 | com.example.batterymanager_utility/c[...]atterymanager_utility.MainActivity#0
10-15 23:16:10.929  3447  3447 I SurfaceFlinger:      Device | 0x7ea5024840 | 0000 | RGBA_8888 |   0.0    0.0  720.0  999.0 |   18  331  702 1280 | Splash Screen org.mozilla.fenix#0
10-15 23:16:10.929  3447  3447 I SurfaceFlinger:      Device | 0x7ea5024780 | 0000 | RGBA_8888 |   0.0    0.0  720.0   42.0 |    0    0  720   42 | StatusBar#0
10-15 23:16:10.929  3447  3447 I SurfaceFlinger: 
10-15 23:16:10.936 10755 10782 W linker  : "/data/app/org.mozilla.fenix-iWpGOrf8cry6RDpwHyQugA==/lib/arm64/libxul.so" unused DT entry: type 0x8000024 arg 0x539420
10-15 23:16:10.936 10755 10782 W linker  : "/data/app/org.mozilla.fenix-iWpGOrf8cry6RDpwHyQugA==/lib/arm64/libxul.so" unused DT entry: type 0x8000023 arg 0x17d68
10-15 23:16:10.936 10755 10782 W linker  : "/data/app/org.mozilla.fenix-iWpGOrf8cry6RDpwHyQugA==/lib/arm64/libxul.so" unused DT entry: type 0x8000025 arg 0x8
10-15 23:16:10.937 10755 10782 W linker  : "/data/app/org.mozilla.fenix-iWpGOrf8cry6RDpwHyQugA==/lib/arm64/libnss3.so" unused DT entry: type 0x8000024 arg 0x14998
10-15 23:16:10.937 10755 10782 W linker  : "/data/app/org.mozilla.fenix-iWpGOrf8cry6RDpwHyQugA==/lib/arm64/libnss3.so" unused DT entry: type 0x8000023 arg 0x5c8
10-15 23:16:10.938 10755 10782 W linker  : "/data/app/org.mozilla.fenix-iWpGOrf8cry6RDpwHyQugA==/lib/arm64/libnss3.so" unused DT entry: type 0x8000025 arg 0x8
10-15 23:16:10.938 10755 10782 W linker  : "/data/app/org.mozilla.fenix-iWpGOrf8cry6RDpwHyQugA==/lib/arm64/libmozglue.so" unused DT entry: type 0x8000024 arg 0x38f70
10-15 23:16:10.938 10755 10782 W linker  : "/data/app/org.mozilla.fenix-iWpGOrf8cry6RDpwHyQugA==/lib/arm64/libmozglue.so" unused DT entry: type 0x8000023 arg 0x1f8
10-15 23:16:10.938 10755 10782 W linker  : "/data/app/org.mozilla.fenix-iWpGOrf8cry6RDpwHyQugA==/lib/arm64/libmozglue.so" unused DT entry: type 0x8000025 arg 0x8
10-15 23:16:10.938 10755 10782 W linker  : "/data/app/org.mozilla.fenix-iWpGOrf8cry6RDpwHyQugA==/lib/arm64/libmozglue.so" unused DT entry: type 0x8000024 arg 0x38f70
10-15 23:16:10.938 10755 10782 W linker  : "/data/app/org.mozilla.fenix-iWpGOrf8cry6RDpwHyQugA==/lib/arm64/libmozglue.so" unused DT entry: type 0x8000023 arg 0x1f8
10-15 23:16:10.939 10755 10782 W linker  : "/data/app/org.mozilla.fenix-iWpGOrf8cry6RDpwHyQugA==/lib/arm64/libmozglue.so" unused DT entry: type 0x8000025 arg 0x8
10-15 23:16:10.939 10755 10782 W linker  : "/data/app/org.mozilla.fenix-iWpGOrf8cry6RDpwHyQugA==/lib/arm64/libmozglue.so" unused DT entry: type 0x8000024 arg 0x38f70
10-15 23:16:10.939 10755 10782 W linker  : "/data/app/org.mozilla.fenix-iWpGOrf8cry6RDpwHyQugA==/lib/arm64/libmozglue.so" unused DT entry: type 0x8000023 arg 0x1f8
10-15 23:16:10.939 10755 10782 W linker  : "/data/app/org.mozilla.fenix-iWpGOrf8cry6RDpwHyQugA==/lib/arm64/libmozglue.so" unused DT entry: type 0x8000025 arg 0x8
10-15 23:16:10.939 10755 10782 W linker  : "/data/app/org.mozilla.fenix-iWpGOrf8cry6RDpwHyQugA==/lib/arm64/libmozglue.so" unused DT entry: type 0x8000024 arg 0x38f70
10-15 23:16:10.939 10755 10782 W linker  : "/data/app/org.mozilla.fenix-iWpGOrf8cry6RDpwHyQugA==/lib/arm64/libmozglue.so" unused DT entry: type 0x8000023 arg 0x1f8
10-15 23:16:10.939 10755 10782 W linker  : "/data/app/org.mozilla.fenix-iWpGOrf8cry6RDpwHyQugA==/lib/arm64/libmozglue.so" unused DT entry: type 0x8000025 arg 0x8
10-15 23:16:11.028  3957  4128 D WifiService: getConnectionInfo uid=1000
10-15 23:16:11.042  3957  4129 D WifiStateMachine:  ConnectedState !CMD_RSSI_POLL rt=406560192/1066958420 54 0 "ourhome" f4:6d:2f:12:cc:88 rssi=-44 f=5240 sc=60 link=433 tx=0.5, 0.0, 0.0  rx=1.6 bcn=90990 [on:0 tx:0 rx:0 period:513] from screen [on:58575 period:435175] score=60
10-15 23:16:11.043  3957  4129 D WifiStateMachine:  L2ConnectedState !CMD_RSSI_POLL rt=406560193/1066958420 54 0 "ourhome" f4:6d:2f:12:cc:88 rssi=-44 f=5240 sc=60 link=433 tx=0.5, 0.0, 0.0  rx=1.6 bcn=90990 [on:0 tx:0 rx:0 period:0] from screen [on:58575 period:435175] score=60
10-15 23:16:11.043  3957  4129 D WifiStateMachine:  get link layer stats 3
10-15 23:16:11.043  3436  3436 I android.hardware.wifi@1.0-service: getLinkLayerStats
10-15 23:16:11.061  3957  4129 D WifiStateMachine: fetchRssiLinkSpeedAndFrequencyNative rssi=-43 linkspeed=433 freq=5240
10-15 23:16:11.064  4340  4340 E SignalClusterView: setSlotFocusVisible : subId -2
10-15 23:16:11.064  4340  4340 E SignalClusterView: setSlotFocusVisible : subId -2
10-15 23:16:11.082 10755 10782 I nimbus::stateful::nimbus_client: updating experiment list
10-15 23:16:11.087 10755 10782 I nimbus::stateful::persistence: Already at version 2, no upgrade needed
10-15 23:16:11.089 10755 10782 I nimbus::stateful::nimbus_client: [Nimbus] Retrieved date from Context: 2023-09-28 18:32:20 UTC
10-15 23:16:11.089 10755 10782 I nimbus::stateful::nimbus_client: [Nimbus] Installation Date: 2023-09-28 18:32:20 UTC
10-15 23:16:11.089 10755 10782 I nimbus::stateful::nimbus_client: [Nimbus] Update Date: 2023-09-28 18:32:25.568136298 UTC
10-15 23:16:11.089 10755 10782 I nimbus::stateful::nimbus_client: [Nimbus] Days since install: 17
10-15 23:16:11.089 10755 10782 I nimbus::stateful::nimbus_client: [Nimbus] Days since update: 17
10-15 23:16:11.141 10755 10785 I GeckoThread: preparing to run Gecko
10-15 23:16:11.149  3957 14960 W StorageManager: getStorageLowBytes lowPercent : 5, lowBytes : 1260145254, maxLowBytes : 524288000
10-15 23:16:11.150  3957 14960 W StorageManager: getStorageLowBytes lowPercent : 5, lowBytes : 1260145254, maxLowBytes : 524288000
10-15 23:16:11.152  3957  4654 W StorageManager: getStorageLowBytes lowPercent : 5, lowBytes : 1260145254, maxLowBytes : 524288000
10-15 23:16:11.161 10755 10785 I GeckoLoader: Library base=/data/app/org.mozilla.fenix-iWpGOrf8cry6RDpwHyQugA==/lib/arm64
10-15 23:16:11.166 10755 10788 I libglean_ffi: glean_core::core: Creating new Glean v54.0.0
10-15 23:16:11.167 10755 10785 W Settings: Setting animator_duration_scale has moved from android.provider.Settings.System to android.provider.Settings.Global, returning read-only global URI.
10-15 23:16:11.169 10755 10785 I GeckoLoader: Library base=/data/app/org.mozilla.fenix-iWpGOrf8cry6RDpwHyQugA==/lib/arm64
10-15 23:16:11.170 10755 10788 I libglean_ffi: glean_core::database: Database initialized
10-15 23:16:11.171 10755 10785 E GeckoLibLoad: Load sqlite start
10-15 23:16:11.172 10755 10785 E GeckoLibLoad: Load sqlite done
10-15 23:16:11.173 10755 10785 I GeckoLoader: Library base=/data/app/org.mozilla.fenix-iWpGOrf8cry6RDpwHyQugA==/lib/arm64
10-15 23:16:11.173 10755 10785 E GeckoLibLoad: Load nss start
10-15 23:16:11.173 10755 10785 E GeckoLibLoad: Load nss done
10-15 23:16:11.173 10755 10785 I GeckoLoader: Library base=/data/app/org.mozilla.fenix-iWpGOrf8cry6RDpwHyQugA==/lib/arm64
10-15 23:16:11.176 10755 10785 E GeckoLibLoad: Loaded libs in 2.912885ms total, 4ms(0ms) user, 0ms(4ms) system, 1(3) faults
10-15 23:16:11.178 10755 10788 I libglean_ffi: glean_core: Glean initialized
10-15 23:16:11.178 10755 10785 W GeckoThread: zerdatime 1066958557 - runGecko
10-15 23:16:11.181 10755 10788 I libglean_ffi: glean_core::event_database: Loading events for background-update
10-15 23:16:11.183 10755 10788 I libglean_ffi: glean_core::event_database: Loading events for events
10-15 23:16:11.187 10755 10788 I libglean_ffi: glean_core::ping: Collecting events
10-15 23:16:11.195  3599  3918 D DnsProxyListener: DNSDBG::dns by name af 2
10-15 23:16:11.196 10755 10788 I libglean_ffi: glean_core::upload::directory: Processing ping at: /data/user/0/org.mozilla.fenix/glean_data/pending_pings/697d3f7b-4615-4127-bafd-f07f0871be81
10-15 23:16:11.197 10755 10788 I libglean_ffi: glean_core::metrics::ping: The ping 'events' was submitted and will be sent as soon as possible
10-15 23:16:11.203  3957  4654 D PackageManager: setEnabledSetting : userId = 0 packageName = org.mozilla.fenix cmp = androidx.work.impl.background.systemjob.SystemJobService newState = 1 callingPackage = 10169/org.mozilla.fenix
10-15 23:16:11.224  3957  4025 I WindowManager: Destroying surface Surface(name=com.example.batterymanager_utility/com.example.batterymanager_utility.MainActivity) called by com.android.server.wm.WindowStateAnimator.destroySurface:2501 com.android.server.wm.WindowStateAnimator.destroySurfaceLocked:985 com.android.server.wm.WindowState.destroyOrSaveSurfaceUnchecked:3670 com.android.server.wm.WindowState.destroySurface:3618 com.android.server.wm.AppWindowToken.destroySurfaces:722 com.android.server.wm.AppWindowToken.destroySurfaces:706 com.android.server.wm.WindowState.onExitAnimationDone:5316 com.android.server.wm.WindowStateAnimator.stepAnimationLocked:550 
10-15 23:16:11.225  3447 18688 I SurfaceFlinger: id=1845 Removed com.example.batterymanager_utility/com.example.batterymanager_utility.MainActivity#0 (2/5)
10-15 23:16:11.228  3447  4088 I SurfaceFlinger: id=1845 Removed com.example.batterymanager_utility/com.example.batterymanager_utility.MainActivity#0 (-2/5)
10-15 23:16:11.236  3957  4324 I OpenGLRenderer: Initialized EGL, version 1.4
10-15 23:16:11.236  3957  4324 D OpenGLRenderer: Swap behavior 2
10-15 23:16:11.240  3447  3447 I Layer   : id=1845 onRemoved com.example.batterymanager_utility/com.example.batterymanager_utility.MainActivity#0 
10-15 23:16:11.246  3447  3447 I SurfaceFlinger: Display 0 HWC layers:
10-15 23:16:11.246  3447  3447 I SurfaceFlinger:     type    |    handle    | flag |  format   |   source crop (l,t,r,b)    |         frame       | name 
10-15 23:16:11.246  3447  3447 I SurfaceFlinger: ------------+--------------+------+-----------+----------------------------+---------------------+------
10-15 23:16:11.246  3447  3447 I SurfaceFlinger:      Device | 0x7ea5024840 | 0000 | RGBA_8888 |   0.0    0.0  720.0 1280.0 |    0    0  720 1280 | Splash Screen org.mozilla.fenix#0
10-15 23:16:11.246  3447  3447 I SurfaceFlinger:      Device | 0x7ea5024780 | 0000 | RGBA_8888 |   0.0    0.0  720.0   42.0 |    0    0  720   42 | StatusBar#0
10-15 23:16:11.246  3447  3447 I SurfaceFlinger: 
10-15 23:16:11.289 10755 10788 I glean/MetricsPingSched: The 'metrics' ping was already sent today, 1697404571253.
10-15 23:16:11.294 10755 10788 I libglean_ffi: glean_core::ping: Collecting baseline
10-15 23:16:11.294 10755 10755 I FenixApplication: AutoPushFeature is configured, initializing it...
10-15 23:16:11.296 10755 10755 I AbstractFirebasePushService: start
10-15 23:16:11.311 10755 10788 I libglean_ffi: glean_core::upload::directory: Processing ping at: /data/user/0/org.mozilla.fenix/glean_data/pending_pings/f506a573-3254-4687-a2a5-60d349f74865
10-15 23:16:11.311 10755 10788 I libglean_ffi: glean_core::metrics::ping: The ping 'baseline' was submitted and will be sent as soon as possible
10-15 23:16:11.315 10755 10785 I Gecko:DumpUtils: Fifo watcher disabled via pref.
10-15 23:16:11.338 10755 10784 I libglean_ffi: glean_core::ping: Collecting pageload
10-15 23:16:11.340 10755 10784 I libglean_ffi: glean_core::ping: Storage for pageload empty. Bailing out.
10-15 23:16:11.340 10755 10784 I libglean_ffi: glean_core::metrics::ping: No content for ping 'pageload', therefore no ping queued.
10-15 23:16:11.344 10755 10766 I zygote64: Background concurrent copying GC freed 17488(1038KB) AllocSpace objects, 14(368KB) LOS objects, 49% free, 2MB/5MB, paused 4.148ms total 109.371ms
10-15 23:16:11.363 10755 10784 I libglean_ffi: glean_core::core: Upload enabled: true
10-15 23:16:11.377  3957  4554 D ConnectivityService: filterNetworkStateForUid() uid: 10169 networkInfo: [type: WIFI[] - WIFI, state: CONNECTED/CONNECTED, reason: (unspecified), extra: "ourhome", failover: false, available: true, roaming: false, metered: false]
10-15 23:16:11.378  3957  4554 D WifiService: getConnectionInfo uid=1000
10-15 23:16:11.388 10755 10823 I push::internal::communications::rate_limiter: No need to reset inner timestamp and count for verify_connection.
10-15 23:16:11.389  3957  4654 D StorageManagerService: getExternalStorageMountMode : 1
10-15 23:16:11.400  3957  4654 D StorageManagerService: getExternalStorageMountMode : 3
10-15 23:16:11.400  3957  4654 D StorageManagerService: getExternalStorageMountMode : final mountMode=1, uid : 10169, packageName : org.mozilla.fenix
10-15 23:16:11.400  3957  4654 I ApplicationPolicy: isApplicationExternalStorageWhitelisted:org.mozilla.fenix user:0
10-15 23:16:11.401  3957  4654 D ApplicationPolicy: isApplicationExternalStorageWhitelisted: DO is not enabled on user 0. Allowed.
10-15 23:16:11.401  3957  4654 D ActivityManager: package  org.mozilla.fenix, user - 0 is SDcard whitelisted
10-15 23:16:11.403  3957  4654 I ApplicationPolicy: isApplicationExternalStorageBlacklisted:org.mozilla.fenix user:0
10-15 23:16:11.403  3957  4654 D ApplicationPolicy: isApplicationExternalStorageBlacklisted: DO is not enabled on user 0. Allowed.
10-15 23:16:11.409 10755 10823 I push::internal::communications::rate_limiter: Not allowed: count(32) > 1 for verify_connection.
10-15 23:16:11.410 10755 10823 I AutoPushFeature: No change to subscriptions. Doing nothing.
10-15 23:16:11.416 10837 10837 E Zygote  : isWhitelistProcess - Process is Whitelisted
10-15 23:16:11.417 10837 10837 E libpersona: scanKnoxPersonas
10-15 23:16:11.417 10837 10837 E libpersona: Couldn't open the File - /data/system/users/0/personalist.xml - No such file or directory
10-15 23:16:11.418  3957  4654 I ActivityManager: Start proc 10837:org.mozilla.fenix:tab39/u0a169 for service org.mozilla.fenix/org.mozilla.gecko.process.GeckoChildProcessServices$tab39
10-15 23:16:11.418  3957 14960 D PackageManager: setEnabledSetting : userId = 0 packageName = org.mozilla.fenix cmp = androidx.work.impl.background.systemalarm.RescheduleReceiver newState = 1 callingPackage = 10169/org.mozilla.fenix
10-15 23:16:11.418 10837 10837 W SELinux : SELinux selinux_android_compute_policy_index : Policy Index[2],  Con:u:r:zygote:s0 RAM:SEPF_SM-J720F_8.0.0_0002, [-1 -1 -1 -1 0 1]
10-15 23:16:11.419 10837 10837 I SELinux : SELinux: seapp_context_lookup: seinfo=untrusted, level=s0:c512,c768, pkgname=org.mozilla.fenix:tab39 
10-15 23:16:11.431  3957 14960 D ConnectivityService: filterNetworkStateForUid() uid: 10169 networkInfo: [type: WIFI[] - WIFI, state: CONNECTED/CONNECTED, reason: (unspecified), extra: "ourhome", failover: false, available: true, roaming: false, metered: false]
10-15 23:16:11.431  3957 14960 D WifiService: getConnectionInfo uid=1000
10-15 23:16:11.441  3957  4654 D ConnectivityService: filterNetworkStateForUid() uid: 10169 networkInfo: [type: WIFI[] - WIFI, state: CONNECTED/CONNECTED, reason: (unspecified), extra: "ourhome", failover: false, available: true, roaming: false, metered: false]
10-15 23:16:11.441  3957  4654 D WifiService: getConnectionInfo uid=1000
10-15 23:16:11.442 10837 10837 D TimaKeyStoreProvider: TimaKeyStore is not enabled: cannot add TimaSignature Service and generateKeyPair Service
10-15 23:16:11.442 10837 10837 D ActivityThread: Added TimaKeyStore provider
10-15 23:16:11.443  3957  4654 D ConnectivityService: filterNetworkStateForUid() uid: 10169 networkInfo: [type: WIFI[] - WIFI, state: CONNECTED/CONNECTED, reason: (unspecified), extra: "ourhome", failover: false, available: true, roaming: false, metered: false]
10-15 23:16:11.443  3957  4654 D WifiService: getConnectionInfo uid=1000
10-15 23:16:11.446  3957  4654 I ActivityManager: DSS on for org.mozilla.fenix and scale is 1.0
10-15 23:16:11.447 10755 10833 D ConnectivityManager: requestNetwork; CallingUid : 10169, CallingPid : 10755
10-15 23:16:11.450  3957 14960 D ConnectivityService: requestNetwork for uid/pid:10169/10755 NetworkRequest [ TRACK_DEFAULT id=1168, [ Capabilities: INTERNET&NOT_RESTRICTED&TRUSTED&NOT_VPN] ]
10-15 23:16:11.452 10755 10755 I NavController: Ignoring popBackStack to destination org.mozilla.fenix:id/browserFragment as it was not found on the current back stack
10-15 23:16:11.452  3957  4157 D ConnectivityService: rematching NetworkAgentInfo [WIFI () - 507]
10-15 23:16:11.453  3957  4157 D ConnectivityService:  network has: [ Transports: WIFI Capabilities: NOT_METERED&INTERNET&NOT_RESTRICTED&TRUSTED&NOT_VPN&VALIDATED&FOREGROUND LinkUpBandwidth>=1048576Kbps LinkDnBandwidth>=1048576Kbps SignalStrength: -43]
10-15 23:16:11.453  3957  4157 D ConnectivityService: Network NetworkAgentInfo [WIFI () - 507] was already satisfying request 1150. No change.
10-15 23:16:11.453  3957  4157 D ConnectivityService: Network NetworkAgentInfo [WIFI () - 507] was already satisfying request 1. No change.
10-15 23:16:11.453  3957  4157 D ConnectivityService: Network NetworkAgentInfo [WIFI () - 507] was already satisfying request 3. No change.
10-15 23:16:11.453  3957  4157 D ConnectivityService:   checking if request is satisfied: NetworkRequest [ TRACK_DEFAULT id=1168, [ Capabilities: INTERNET&NOT_RESTRICTED&TRUSTED&NOT_VPN] ]
10-15 23:16:11.453  3957  4157 D ConnectivityService: currentScore = 0, newScore = 100
10-15 23:16:11.454  3957  4157 D ConnectivityService: rematch for NetworkAgentInfo [WIFI () - 507]
10-15 23:16:11.454  3957  4157 D ConnectivityService:    accepting network in place of null
10-15 23:16:11.454  3957  4157 D ConnectivityService: sending new Min Network Score(100): NetworkRequest [ TRACK_DEFAULT id=1168, [ Capabilities: INTERNET&NOT_RESTRICTED&TRUSTED&NOT_VPN] ]
10-15 23:16:11.454  3957  4313 D Ethernet: got request NetworkRequest [ TRACK_DEFAULT id=1168, [ Capabilities: INTERNET&NOT_RESTRICTED&TRUSTED&NOT_VPN] ] with score 100
10-15 23:16:11.454  3957  4313 D Ethernet:   my score=-1, my filter=[ Transports: ETHERNET Capabilities: INTERNET&NOT_RESTRICTED&TRUSTED&NOT_VPN LinkUpBandwidth>=100000Kbps LinkDnBandwidth>=100000Kbps]
10-15 23:16:11.454  3957  4313 D Ethernet: evalRequest
10-15 23:16:11.454  3957  4313 D Ethernet:   done
10-15 23:16:11.455  4616  4616 D PhoneSwitcherNetworkRequstListener: got request NetworkRequest [ TRACK_DEFAULT id=1168, [ Capabilities: INTERNET&NOT_RESTRICTED&TRUSTED&NOT_VPN] ] with score 100
10-15 23:16:11.455  4616  4616 D PhoneSwitcherNetworkRequstListener:   my score=101, my filter=[ Transports: CELLULAR Capabilities: MMS&SUPL&DUN&FOTA&IMS&CBS&IA&RCS&XCAP&EIMS&INTERNET&NOT_RESTRICTED&TRUSTED&NOT_VPN&ENT1 Specifier: <android.net.MatchAllNetworkSpecifier@0>]
10-15 23:16:11.455  4616  4616 D PhoneSwitcherNetworkRequstListener: evalRequest
10-15 23:16:11.455  4616  4616 D PhoneSwitcherNetworkRequstListener:   needNetworkFor
10-15 23:16:11.455  3957  4153 D WIFI_P2P: got request NetworkRequest [ TRACK_DEFAULT id=1168, [ Capabilities: INTERNET&NOT_RESTRICTED&TRUSTED&NOT_VPN] ] with score 100
10-15 23:16:11.455  3957  4157 D ConnectivityService: MultiNetwork Request(TransportType - Wi-Fi request). Internet Capability doesn't required (false)
10-15 23:16:11.455  3957  4153 D WIFI_P2P:   my score=60, my filter=[ Transports: WIFI Capabilities: WIFI_P2P&NOT_RESTRICTED&TRUSTED&NOT_VPN LinkUpBandwidth>=1048576Kbps LinkDnBandwidth>=1048576Kbps]
10-15 23:16:11.455  3957  4129 D WIFI    : got request NetworkRequest [ TRACK_DEFAULT id=1168, [ Capabilities: INTERNET&NOT_RESTRICTED&TRUSTED&NOT_VPN] ] with score 100
10-15 23:16:11.455  3957  4153 D WIFI_P2P: evalRequest
10-15 23:16:11.455  3957  4153 D WIFI_P2P:   done
10-15 23:16:11.455  3957  4157 D ConnectivityService: sending notification AVAILABLE for NetworkRequest [ TRACK_DEFAULT id=1168, [ Capabilities: INTERNET&NOT_RESTRICTED&TRUSTED&NOT_VPN] ]
10-15 23:16:11.456  3957  4129 D WIFI    :   my score=60, my filter=[ Transports: WIFI Capabilities: NOT_METERED&INTERNET&NOT_RESTRICTED&TRUSTED&NOT_VPN LinkUpBandwidth>=1048576Kbps LinkDnBandwidth>=1048576Kbps]
10-15 23:16:11.456  3957  4129 D WIFI    : evalRequest
10-15 23:16:11.456  3957  4129 D WIFI    :   done
10-15 23:16:11.456  3957  4129 D WIFI_UT : got request NetworkRequest [ TRACK_DEFAULT id=1168, [ Capabilities: INTERNET&NOT_RESTRICTED&TRUSTED&NOT_VPN] ] with score 100
10-15 23:16:11.456  3957  4129 D WIFI_UT :   my score=2147483647, my filter=[ Transports: WIFI Capabilities: NOT_METERED&INTERNET&NOT_RESTRICTED&TRUSTED&NOT_VPN LinkUpBandwidth>=1048576Kbps LinkDnBandwidth>=1048576Kbps]
10-15 23:16:11.456  3957  4129 D WIFI_UT : evalRequest
10-15 23:16:11.456  3957  4129 D WIFI_UT :   needNetworkFor
10-15 23:16:11.456  3957  4157 D ConnectivityService: sending notification CAP_CHANGED for NetworkRequest [ TRACK_DEFAULT id=1168, [ Capabilities: INTERNET&NOT_RESTRICTED&TRUSTED&NOT_VPN] ]
10-15 23:16:11.456  3957  4157 D ConnectivityService: sending notification IP_CHANGED for NetworkRequest [ TRACK_DEFAULT id=1168, [ Capabilities: INTERNET&NOT_RESTRICTED&TRUSTED&NOT_VPN] ]
10-15 23:16:11.458  3957  4554 D ConnectivityService: filterNetworkStateForUid() uid: 10169 networkInfo: [type: WIFI[] - WIFI, state: CONNECTED/CONNECTED, reason: (unspecified), extra: "ourhome", failover: false, available: true, roaming: false, metered: false]
10-15 23:16:11.458  3957  4554 D WifiService: getConnectionInfo uid=1000
10-15 23:16:11.460  3957  4554 D ConnectivityService: filterNetworkStateForUid() uid: 10169 networkInfo: [type: WIFI[] - WIFI, state: CONNECTED/CONNECTED, reason: (unspecified), extra: "ourhome", failover: false, available: true, roaming: false, metered: false]
10-15 23:16:11.461  3957  4554 D WifiService: getConnectionInfo uid=1000
10-15 23:16:11.466 10837 10837 I zygote64: no shared libraies, dex_files: 1
10-15 23:16:11.505 10755 10755 I ContileTopSitesUpdater: Started periodic work to update Contile top sites
10-15 23:16:11.518  3328  3328 W keymaster2_mdfpp: entered get_key_characteristics function.
10-15 23:16:11.528  3957  4129 D WifiStateMachine:  ConnectedState !RSSI_PKTCNT_FETCH uid=1000 rt=406560677/1066958905 0 0 "ourhome" f4:6d:2f:12:cc:88 rssi=-43 f=5240 sc=60 link=433 tx=2.7, 1.9, 0.0  rx=5.7 bcn=91020 [on:0 tx:0 rx:0 period:465] from screen [on:59306 period:435660] score=60
10-15 23:16:11.530  3957  4129 D WifiStateMachine:  L2ConnectedState !RSSI_PKTCNT_FETCH uid=1000 rt=406560679/1066958906 0 0 "ourhome" f4:6d:2f:12:cc:88 rssi=-43 f=5240 sc=60 link=433 tx=2.7, 1.9, 0.0  rx=5.7 bcn=91020 [on:0 tx:0 rx:0 period:2] from screen [on:59306 period:435662] score=60
10-15 23:16:11.530  3328  3328 W keymaster_tee: [WRN]KEY_PARAMS: AES ENC DEC GCM PADNO AUTH SIZE:256 
10-15 23:16:11.530  3328  3328 W keymaster_tee: [WRN]KEY_PARAMS: 20230928203226 
10-15 23:16:11.530  3328  3328 W keymaster2_mdfpp: exit get_key_characteristics function, returned 0
10-15 23:16:11.532  3957  4129 D WifiStateMachine: fetchRssiLinkSpeedAndFrequencyNative rssi=-43 linkspeed=433 freq=5240
10-15 23:16:11.539  3328  3328 W keymaster2_mdfpp: entered get_key_characteristics function.
10-15 23:16:11.541  3328  3328 W keymaster_tee: [WRN]KEY_PARAMS: AES ENC DEC GCM PADNO AUTH SIZE:256 
10-15 23:16:11.541  3328  3328 W keymaster_tee: [WRN]KEY_PARAMS: 20230928203226 
10-15 23:16:11.541  3328  3328 W keymaster2_mdfpp: exit get_key_characteristics function, returned 0
10-15 23:16:11.544  3328  3328 W keymaster2_mdfpp: entered get_key_characteristics function.
10-15 23:16:11.545  3328  3328 W keymaster_tee: [WRN]KEY_PARAMS: AES ENC DEC GCM PADNO AUTH SIZE:256 
10-15 23:16:11.546  3328  3328 W keymaster_tee: [WRN]KEY_PARAMS: 20230928203226 
10-15 23:16:11.546  3328  3328 W keymaster2_mdfpp: exit get_key_characteristics function, returned 0
10-15 23:16:11.552  3328  3328 W keymaster2_mdfpp: entered get_key_characteristics function.
10-15 23:16:11.554  3328  3328 W keymaster_tee: [WRN]KEY_PARAMS: AES ENC DEC GCM PADNO AUTH SIZE:256 
10-15 23:16:11.554  3328  3328 W keymaster_tee: [WRN]KEY_PARAMS: 20230928203226 
10-15 23:16:11.554  3328  3328 W keymaster2_mdfpp: exit get_key_characteristics function, returned 0
10-15 23:16:11.556  3328  3328 W keymaster2_mdfpp: entered begin function.
10-15 23:16:11.558  3328  3328 W keymaster2_mdfpp: exit begin function, returned 0
10-15 23:16:11.558 10837 10837 I ServiceChildProcess: onCreate
10-15 23:16:11.561 10837 10866 I GeckoThread: preparing to run Gecko
10-15 23:16:11.562  3328  3328 W keymaster2_mdfpp: entered update function.
10-15 23:16:11.562  3328  3328 W keymaster2_mdfpp: exit update function, returned 0
10-15 23:16:11.564  3328  3328 W keymaster2_mdfpp: entered finish function.
10-15 23:16:11.565  3328  3328 W keymaster2_mdfpp: exit finish function, returned 0
10-15 23:16:11.566  3589  3589 W keystore: ENTER remove operation from uid 10169
10-15 23:16:11.600 10755 10796 W logins::schema: user_version: 2
10-15 23:16:11.654 12416 12416 E adbd    : recv: OPEN 00000da9 00000000 0076:73 68 65 6C 6C 2C 76 32 2C 54 45 52 4D 3D 78 74 65 72 6D 2D 32 35 36 63 6F 6C 6F 72 2C 72 61 77 3A 64 75 6D 70 73 79 73 20 61 63 74 69 76 69 74 79 20 72 65 63 65 6E 74 73 20 7C 20 67 72 65 70 20 22 52 65 63 65 6E 74 20 23 30 22 20 7C 20 63 75 74 20 2D 64 20 22 3D 22 20 2D 66 32 20 7C 20 67 72 65 70 20 2D 6F 20 2D 70 20 22 5B 61 2D 7A 7C 2E 5D 2A 22 00 
10-15 23:16:11.654 12416 12416 E adbd    : service_to_fd: shell,v2,TERM=xterm-256color,raw:dumpsys activity recents | grep "Recent #0" | cut -d "=" -f2 | grep -o -p "[a-z|.]*"
10-15 23:16:11.674 10755 10785 W ResourceType: Too many attribute references, stopped at: 0x01010099
10-15 23:16:11.704 10755 10755 W GeckoViewActivityContextDelegate: A non-activity context was set.
10-15 23:16:11.712  3957 14960 D StorageManagerService: getExternalStorageMountMode : 1
10-15 23:16:11.713  3957 14960 D StorageManagerService: getExternalStorageMountMode : 3
10-15 23:16:11.713  3957 14960 D StorageManagerService: getExternalStorageMountMode : final mountMode=1, uid : 10169, packageName : org.mozilla.fenix
10-15 23:16:11.713  3957 14960 I ApplicationPolicy: isApplicationExternalStorageWhitelisted:org.mozilla.fenix user:0
10-15 23:16:11.713  3957 14960 D ApplicationPolicy: isApplicationExternalStorageWhitelisted: DO is not enabled on user 0. Allowed.
10-15 23:16:11.713  3957 14960 D ActivityManager: package  org.mozilla.fenix, user - 0 is SDcard whitelisted
10-15 23:16:11.713  3957 14960 I ApplicationPolicy: isApplicationExternalStorageBlacklisted:org.mozilla.fenix user:0
10-15 23:16:11.713  3957 14960 D ApplicationPolicy: isApplicationExternalStorageBlacklisted: DO is not enabled on user 0. Allowed.
10-15 23:16:11.716 12416 12416 E adbd    : recv: OPEN 00000dad 00000000 0042:73 68 65 6C 6C 2C 76 32 2C 54 45 52 4D 3D 78 74 65 72 6D 2D 32 35 36 63 6F 6C 6F 72 2C 72 61 77 3A 67 65 74 70 72 6F 70 20 72 6F 2E 62 75 69 6C 64 2E 76 65 72 73 69 6F 6E 2E 72 65 6C 65 61 73 65 00 
10-15 23:16:11.716 12416 12416 E adbd    : service_to_fd: shell,v2,TERM=xterm-256color,raw:getprop ro.build.version.release
10-15 23:16:11.724  3957 14960 I ActivityManager: Start proc 10906:org.mozilla.fenix:gpu/u0a169 for service org.mozilla.fenix/org.mozilla.gecko.process.GeckoChildProcessServices$gpu
10-15 23:16:11.725 10906 10906 E Zygote  : isWhitelistProcess - Process is Whitelisted
10-15 23:16:11.726 10906 10906 E libpersona: scanKnoxPersonas
10-15 23:16:11.726 10906 10906 E libpersona: Couldn't open the File - /data/system/users/0/personalist.xml - No such file or directory
10-15 23:16:11.729 10906 10906 W SELinux : SELinux selinux_android_compute_policy_index : Policy Index[2],  Con:u:r:zygote:s0 RAM:SEPF_SM-J720F_8.0.0_0002, [-1 -1 -1 -1 0 1]
10-15 23:16:11.730 10906 10906 I SELinux : SELinux: seapp_context_lookup: seinfo=untrusted, level=s0:c512,c768, pkgname=org.mozilla.fenix:gpu 
10-15 23:16:11.732  3957 14960 D ConnectivityService: filterNetworkStateForUid() uid: 10169 networkInfo: [type: WIFI[] - WIFI, state: CONNECTED/CONNECTED, reason: (unspecified), extra: "ourhome", failover: false, available: true, roaming: false, metered: false]
10-15 23:16:11.732  3957 14960 D WifiService: getConnectionInfo uid=1000
10-15 23:16:11.733  3957 14960 I chatty  : uid=1000(system) Binder:3957_1F identical 1 line
10-15 23:16:11.733  3957 14960 I chatty  : uid=1000(system) Binder:3957_1F identical 1 line
10-15 23:16:11.734  3957 14960 D ConnectivityService: filterNetworkStateForUid() uid: 10169 networkInfo: [type: WIFI[] - WIFI, state: CONNECTED/CONNECTED, reason: (unspecified), extra: "ourhome", failover: false, available: true, roaming: false, metered: false]
10-15 23:16:11.734  3957 14960 D WifiService: getConnectionInfo uid=1000
10-15 23:16:11.741 10755 10755 I BgSyncManager: Periodic syncing enabled: PeriodicSyncConfig(periodMinutes=240, initialDelayMinutes=5)
10-15 23:16:11.741 10755 10755 I FirefoxAccountStateMachine: Sync is enabled
10-15 23:16:11.760 10755 10785 W linker  : "/data/app/org.mozilla.fenix-iWpGOrf8cry6RDpwHyQugA==/lib/arm64/libsoftokn3.so" unused DT entry: type 0x8000024 arg 0x2580
10-15 23:16:11.760 10755 10785 W linker  : "/data/app/org.mozilla.fenix-iWpGOrf8cry6RDpwHyQugA==/lib/arm64/libsoftokn3.so" unused DT entry: type 0x8000023 arg 0x70
10-15 23:16:11.760 10755 10785 W linker  : "/data/app/org.mozilla.fenix-iWpGOrf8cry6RDpwHyQugA==/lib/arm64/libsoftokn3.so" unused DT entry: type 0x8000025 arg 0x8
10-15 23:16:11.764 10755 10818 I StartupTypeTelemetry: Recorded start up: cold_main
10-15 23:16:11.765 10755 10785 W linker  : "/data/app/org.mozilla.fenix-iWpGOrf8cry6RDpwHyQugA==/lib/arm64/libfreebl3.so" unused DT entry: type 0x8000024 arg 0xe78
10-15 23:16:11.765 10755 10785 W linker  : "/data/app/org.mozilla.fenix-iWpGOrf8cry6RDpwHyQugA==/lib/arm64/libfreebl3.so" unused DT entry: type 0x8000023 arg 0x68
10-15 23:16:11.765 10755 10785 W linker  : "/data/app/org.mozilla.fenix-iWpGOrf8cry6RDpwHyQugA==/lib/arm64/libfreebl3.so" unused DT entry: type 0x8000025 arg 0x8
10-15 23:16:11.768 10906 10906 D TimaKeyStoreProvider: TimaKeyStore is not enabled: cannot add TimaSignature Service and generateKeyPair Service
10-15 23:16:11.768 10906 10906 D ActivityThread: Added TimaKeyStore provider
10-15 23:16:11.770  3957  4654 I ActivityManager: DSS on for org.mozilla.fenix and scale is 1.0
10-15 23:16:11.771 10755 10926 D OpenGLRenderer: HWUI GL Pipeline
10-15 23:16:11.771 12416 12416 E adbd    : recv: OPEN 00000db1 00000000 003e:73 68 65 6C 6C 2C 76 32 2C 54 45 52 4D 3D 78 74 65 72 6D 2D 32 35 36 63 6F 6C 6F 72 2C 72 61 77 3A 67 65 74 70 72 6F 70 20 72 6F 2E 62 75 69 6C 64 2E 76 65 72 73 69 6F 6E 2E 73 64 6B 00 
10-15 23:16:11.771 12416 12416 E adbd    : service_to_fd: shell,v2,TERM=xterm-256color,raw:getprop ro.build.version.sdk
10-15 23:16:11.780 10755 10755 D ViewRootImpl@710a6bd[App]: setView = DecorView@812c4b2[App] TM=true MM=false
10-15 23:16:11.781  3957  4554 D ActivityManager: post active user change for 0 fullscreen true isHomeActivity() false
10-15 23:16:11.781 10755 10755 I Choreographer: Skipped 59 frames!  The application may be doing too much work on its main thread.
10-15 23:16:11.782 10755 10878 W linker  : "/data/app/org.mozilla.fenix-iWpGOrf8cry6RDpwHyQugA==/lib/arm64/libnssckbi.so" unused DT entry: type 0x8000024 arg 0xc08
10-15 23:16:11.782 10755 10878 W linker  : "/data/app/org.mozilla.fenix-iWpGOrf8cry6RDpwHyQugA==/lib/arm64/libnssckbi.so" unused DT entry: type 0x8000023 arg 0x258
10-15 23:16:11.782 10755 10878 W linker  : "/data/app/org.mozilla.fenix-iWpGOrf8cry6RDpwHyQugA==/lib/arm64/libnssckbi.so" unused DT entry: type 0x8000025 arg 0x8
10-15 23:16:11.788 10755 10755 D ViewRootImpl@710a6bd[App]: dispatchAttachedToWindow
10-15 23:16:11.791 10906 10906 I zygote64: no shared libraies, dex_files: 1
10-15 23:16:11.794  3957  4554 D ConnectivityService: filterNetworkStateForUid() uid: 10169 networkInfo: [type: WIFI[] - WIFI, state: CONNECTED/CONNECTED, reason: (unspecified), extra: "ourhome", failover: false, available: true, roaming: false, metered: false]
10-15 23:16:11.794  3957  4554 D WifiService: getConnectionInfo uid=1000
10-15 23:16:11.796  3957  4554 V WindowManager: Relayout Window{35beeb u0 org.mozilla.fenix/org.mozilla.fenix.App}: viewVisibility=0 req=719x1237 WM.LayoutParams{(0,0)(fillxfill) sim=#110 ty=1 fl=#81010100 pfl=0x20000 wanim=0x7f1404fa vsysui=0x2610 needsMenuKey=2 colorMode=0 naviIconColor=0}
10-15 23:16:11.801  3447  3447 I SurfaceFlinger: id=1847 createSurf (720x1280),1 flag=404, org.mozilla.fenix/org.mozilla.fenix.App#0
10-15 23:16:11.802  3957  4554 V Surface : sf_framedrop debug : 0x4f4c, game : false, logging : 0
10-15 23:16:11.803  3957  3973 D WindowManager: set systemUiVisibility : systemUiFlags= 0x2608 fullscreenStackSysUiFlags= 0x0
10-15 23:16:11.808  3957  4554 D InputDispatcher: Focus entered window: 10755
10-15 23:16:11.810  3957  4654 D WindowManager: adjustSystemUiVisibilityLw : vis= 0x2608
10-15 23:16:11.810 10755 10755 V Surface : sf_framedrop debug : 0x4f4c, game : false, logging : 0
10-15 23:16:11.810 10755 10755 D ViewRootImpl@710a6bd[App]: Relayout returned: old=[0,0][0,0] new=[0,0][720,1280] result=0x7 surface={valid=true 499285598208} changed=true
10-15 23:16:11.811 10755 10926 I OpenGLRenderer: Initialized EGL, version 1.4
10-15 23:16:11.811 10755 10926 D OpenGLRenderer: Swap behavior 2
10-15 23:16:11.814 10755 10926 D libGLESv1: STS_GLApi : DTS, ODTC are not allowed for Package : org.mozilla.fenix
10-15 23:16:11.816 10755 10926 D mali_winsys: EGLint new_window_surface(egl_winsys_display *, void *, EGLSurface, EGLConfig, egl_winsys_surface **, egl_color_buffer_format *, EGLBoolean) returns 0x3000,  [720x1280]-format:1
10-15 23:16:11.816 10755 10926 D OpenGLRenderer: eglCreateWindowSurface = 0x743c7ae5c0
10-15 23:16:11.820  3447  3447 I SurfaceFlinger: id=1848 createSurf (720x1238),1 flag=4, SurfaceView - org.mozilla.fenix/org.mozilla.fenix.App@b6c1bf3@0#0
10-15 23:16:11.822  3447  3447 I SurfaceFlinger: id=1849 createSurf (720x1238),-1 flag=20004, Background for - SurfaceView - org.mozilla.fenix/org.mozilla.fenix.App@b6c1bf3@0#0
10-15 23:16:11.822 10755 10755 D SurfaceView: BG hide() Surface(name=Background for - SurfaceView - org.mozilla.fenix/org.mozilla.fenix.App@b6c1bf3@0) false true org.mozilla.gecko.MagnifiableSurfaceView{b6c1bf3 V.E...... ......ID 0,0-720,1238}
10-15 23:16:11.824 10755 10755 V Surface : sf_framedrop debug : 0x4f4c, game : false, logging : 0
10-15 23:16:11.828 10755 10755 D SurfaceView: surfaceCreated 1 org.mozilla.gecko.MagnifiableSurfaceView{b6c1bf3 V.E...... ......ID 0,0-720,1238}
10-15 23:16:11.828 10755 10755 D SurfaceView: surfaceChanged (720,1238) 1 org.mozilla.gecko.MagnifiableSurfaceView{b6c1bf3 V.E...... ......ID 0,0-720,1238}
10-15 23:16:11.832  3957  4554 D ConnectivityService: filterNetworkStateForUid() uid: 10169 networkInfo: [type: WIFI[] - WIFI, state: CONNECTED/CONNECTED, reason: (unspecified), extra: "ourhome", failover: false, available: true, roaming: false, metered: false]
10-15 23:16:11.832  3957  4554 D WifiService: getConnectionInfo uid=1000
10-15 23:16:11.836 12416 12416 E adbd    : recv: OPEN 00000db5 00000000 0042:73 68 65 6C 6C 2C 76 32 2C 54 45 52 4D 3D 78 74 65 72 6D 2D 32 35 36 63 6F 6C 6F 72 2C 72 61 77 3A 67 65 74 70 72 6F 70 20 72 6F 2E 62 75 69 6C 64 2E 76 65 72 73 69 6F 6E 2E 72 65 6C 65 61 73 65 00 
10-15 23:16:11.836 12416 12416 E adbd    : service_to_fd: shell,v2,TERM=xterm-256color,raw:getprop ro.build.version.release
10-15 23:16:11.850  3599  3918 D DnsProxyListener: DNSDBG::dns addrinfo af 0
10-15 23:16:11.855 10906 10906 I ServiceChildProcess: onCreate
10-15 23:16:11.856 10906 10943 I GeckoThread: preparing to run Gecko
10-15 23:16:11.857  3599  3918 D DnsProxyListener: DNSDBG::dns addrinfo af 0
10-15 23:16:11.859  3599  3918 D DnsProxyListener: DNSDBG::dns addrinfo af 0
10-15 23:16:11.869 10755 10766 I zygote64: Background concurrent copying GC freed 18411(1426KB) AllocSpace objects, 13(372KB) LOS objects, 49% free, 3MB/6MB, paused 2.916ms total 124.226ms
10-15 23:16:11.895 12416 12416 E adbd    : recv: OPEN 00000db9 00000000 003e:73 68 65 6C 6C 2C 76 32 2C 54 45 52 4D 3D 78 74 65 72 6D 2D 32 35 36 63 6F 6C 6F 72 2C 72 61 77 3A 67 65 74 70 72 6F 70 20 72 6F 2E 62 75 69 6C 64 2E 76 65 72 73 69 6F 6E 2E 73 64 6B 00 
10-15 23:16:11.895 12416 12416 E adbd    : service_to_fd: shell,v2,TERM=xterm-256color,raw:getprop ro.build.version.sdk
10-15 23:16:11.912 10755 10784 I libglean_ffi: glean_core::ping: Collecting baseline
10-15 23:16:11.927  3957  4554 D WifiService: getConnectionInfo uid=1000
10-15 23:16:11.928  3957  4554 I chatty  : uid=1000(system) Binder:3957_5 identical 2 lines
10-15 23:16:11.928  3957  4554 I chatty  : uid=1000(system) Binder:3957_5 identical 1 line
10-15 23:16:11.929  3957  4554 D ConnectivityService: filterNetworkStateForUid() uid: 10169 networkInfo: [type: WIFI[] - WIFI, state: CONNECTED/CONNECTED, reason: (unspecified), extra: "ourhome", failover: false, available: true, roaming: false, metered: false]
10-15 23:16:11.929  3957  4554 D WifiService: getConnectionInfo uid=1000
10-15 23:16:11.929 10755 10784 I libglean_ffi: glean_core::upload::directory: Processing ping at: /data/user/0/org.mozilla.fenix/glean_data/pending_pings/867973b6-8926-4eb7-8963-6de0a74104c2
10-15 23:16:11.930 10755 10784 I libglean_ffi: glean_core::metrics::ping: The ping 'baseline' was submitted and will be sent as soon as possible
10-15 23:16:11.938  3957  4654 D ConnectivityService: filterNetworkStateForUid() uid: 10169 networkInfo: [type: WIFI[] - WIFI, state: CONNECTED/CONNECTED, reason: (unspecified), extra: "ourhome", failover: false, available: true, roaming: false, metered: false]
10-15 23:16:11.938 10755 10952 I FirefoxAccountStateMachine: Processing event 'mozilla.components.service.fxa.manager.Event$Account$Start@7769b1a' for state Idle(accountState=NotAuthenticated). Next state is Active(progressState=Initializing)
10-15 23:16:11.938  3957  4654 D WifiService: getConnectionInfo uid=1000
10-15 23:16:11.939  3957  4654 I chatty  : uid=1000(system) Binder:3957_C identical 1 line
10-15 23:16:11.939  3957  4654 I chatty  : uid=1000(system) Binder:3957_C identical 1 line
10-15 23:16:11.940  3957  4654 D ConnectivityService: filterNetworkStateForUid() uid: 10169 networkInfo: [type: WIFI[] - WIFI, state: CONNECTED/CONNECTED, reason: (unspecified), extra: "ourhome", failover: false, available: true, roaming: false, metered: false]
10-15 23:16:11.940  3957  4654 D WifiService: getConnectionInfo uid=1000
10-15 23:16:11.942  3957  4554 V WindowManager: Relayout Window{35beeb u0 org.mozilla.fenix/org.mozilla.fenix.App}: viewVisibility=0 req=720x1280 WM.LayoutParams{(0,0)(fillxfill) sim=#110 ty=1 fl=#81010100 pfl=0x20000 fmt=-3 wanim=0x7f1404fa vsysui=0x2610 needsMenuKey=2 colorMode=0 naviIconColor=0}
10-15 23:16:11.947 12416 12416 E adbd    : recv: OPEN 00000dbd 00000000 015d:73 68 65 6C 6C 2C 76 32 2C 54 45 52 4D 3D 78 74 65 72 6D 2D 32 35 36 63 6F 6C 6F 72 2C 72 61 77 3A 61 6D 20 73 74 61 72 74 2D 66 6F 72 65 67 72 6F 75 6E 64 2D 73 65 72 76 69 63 65 20 2D 6E 20 22 63 6F 6D 2E 65 78 61 6D 70 6C 65 2E 62 61 74 74 65 72 79 6D 61 6E 61 67 65 72 5F 75 74 69 6C 69 74 79 2F 63 6F 6D 2E 65 78 61 6D 70 6C 65 2E 62 61 74 74 65 72 79 6D 61 6E 61 67 65 72 5F 75 74 69 6C 69 74 79 2E 44 61 74 61 43 6F 6C 6C 65 63 74 69 6F 6E 53 65 72 76 69 63 65 22 20 2D 2D 65 69 20 73 61 6D 70 6C 65 52 61 74 65 20 31 30 30 20 2D 2D 65 73 20 22 64 61 74 61 46 69 65 6C 64 73 22 20 22 42 41 54 54 45 52 59 5F 50 52 4F 50 45 52 54 59 5F 43 55 52 52 45 4E 54 5F 4E 4F 57 2C 45 58 54 52 41 5F 56 4F 4C 54 41 47 45 2C 42 41 54 54 45 52 59 5F 50 52 4F 50 45 52 54 59 5F 43 55 52 52 45 4E 54 5F 41 56 45 52 41 47 45 2C 42 41 54 54 45 52 59 5F 50 52 4F 50 45 52 54 59 5F 43 48 41 52 47 45 5F 43 4F 55 4E 54 45 52 2C 42 41 54 54 45 52 59 5F 50 52 4F 50 45 52 54 59 5F 43 41 50 41 43 49 54 59
10-15 23:16:11.947 10755 10755 D ViewRootImpl@710a6bd[App]: Relayout returned: old=[0,0][720,1280] new=[0,0][720,1280] result=0x3 surface={valid=true 499285598208} changed=false
10-15 23:16:11.947 12416 12416 E adbd    : service_to_fd: shell,v2,TERM=xterm-256color,raw:am start-foreground-service -n "com.example.batterymanager_utility/com.example.batterymanager_utility.DataCollectionService" --ei sampleRate 100 --es "dataFields" "BATTERY_PROPERTY_CURRENT_NOW,EXTRA_VOLTAGE,BATTERY_PROPERTY_CURRENT_AVERAGE,BATTERY_PROPERTY_CHARGE_COUNTER,BATTERY_PROPERTY_CAPACITY" --ez toCSV false
10-15 23:16:11.950  3328  3328 W keymaster2_mdfpp: entered get_key_characteristics function.
10-15 23:16:11.953  3328  3328 W keymaster_tee: [WRN]KEY_PARAMS: AES ENC DEC GCM PADNO AUTH SIZE:256 
10-15 23:16:11.953  3328  3328 W keymaster_tee: [WRN]KEY_PARAMS: 20230928203226 
10-15 23:16:11.953  3328  3328 W keymaster2_mdfpp: exit get_key_characteristics function, returned 0
10-15 23:16:11.956  3328  3328 W keymaster2_mdfpp: entered get_key_characteristics function.
10-15 23:16:11.959  3328  3328 W keymaster_tee: [WRN]KEY_PARAMS: AES ENC DEC GCM PADNO AUTH SIZE:256 
10-15 23:16:11.959  3328  3328 W keymaster_tee: [WRN]KEY_PARAMS: 20230928203226 
10-15 23:16:11.959  3328  3328 W keymaster2_mdfpp: exit get_key_characteristics function, returned 0
10-15 23:16:11.975 10755 10952 I FirefoxAccount: Registering persistence callback
10-15 23:16:11.976 10755 10952 I FirefoxAccountStateMachine: Ran 'mozilla.components.service.fxa.manager.Event$Account$Start@7769b1a' side-effects for state Active(progressState=Initializing), got successive event mozilla.components.service.fxa.manager.Event$Progress$AccountNotFound@e10246c
10-15 23:16:11.976 10755 10952 I FirefoxAccountStateMachine: Processing event 'mozilla.components.service.fxa.manager.Event$Progress$AccountNotFound@e10246c' for state Active(progressState=Initializing). Next state is Idle(accountState=NotAuthenticated)
10-15 23:16:11.976  3599  3918 D DnsProxyListener: DNSDBG::dns addrinfo af 2
10-15 23:16:11.977  3599  3918 D DnsProxyListener: DNSDBG::dns addrinfo af 0
10-15 23:16:11.977  3599  3918 I chatty  : uid=0(root) /system/bin/netd identical 1 line
10-15 23:16:11.978  3599  3918 D DnsProxyListener: DNSDBG::dns addrinfo af 0
10-15 23:16:11.988  3957  4554 V WindowManager: finishDrawingLocked: mDrawState=COMMIT_DRAW_PENDING Window{35beeb u0 org.mozilla.fenix/org.mozilla.fenix.App} in Surface(name=org.mozilla.fenix/org.mozilla.fenix.App)
10-15 23:16:11.989 10755 10755 D ViewRootImpl@710a6bd[App]: MSG_RESIZED_REPORT: frame=Rect(0, 0 - 720, 1280) ci=Rect(0, 42 - 0, 0) vi=Rect(0, 42 - 0, 0) or=1
10-15 23:16:11.989 10755 10755 D ViewRootImpl@710a6bd[App]: MSG_WINDOW_FOCUS_CHANGED 1
10-15 23:16:11.990  3599  3918 D DnsProxyListener: DNSDBG::dns addrinfo af 0
10-15 23:16:11.993  3599  3918 D DnsProxyListener: DNSDBG::dns addrinfo af 0
10-15 23:16:11.995  3957  4025 D ViewRootImpl@6c9fab8[fenix]: dispatchDetachedFromWindow
10-15 23:16:11.995  3957  4025 D InputEventReceiver: channel 'b40091 Splash Screen org.mozilla.fenix (client)' ~ Disposing input event receiver.
10-15 23:16:11.995  3957  4025 D InputEventReceiver: channel 'b40091 Splash Screen org.mozilla.fenix (client)' ~NativeInputEventReceiver.
10-15 23:16:11.996  3599  3918 D DnsProxyListener: DNSDBG::dns addrinfo af 0
10-15 23:16:11.999  3957  3973 D WindowManager: set systemUiVisibility : systemUiFlags= 0x2618 fullscreenStackSysUiFlags= 0x0
10-15 23:16:12.001  3957  4554 D WindowManager: adjustSystemUiVisibilityLw : vis= 0x2618
10-15 23:16:12.003  3957  3981 I ActivityManager: Displayed org.mozilla.fenix/.App: +1s422ms
10-15 23:16:12.003  3957  3981 D CustomFrequencyManagerService: acquireDVFSLockLocked : type : DVFS_MIN_LIMIT  frequency : 1560000  uid : 1000  pid : 3957  pkgName : AMS_RESUME_TAIL@CPU_MIN@58
10-15 23:16:12.003  3957  3981 D ActivityManagerPerformance: AMP_acquire() TAIL
10-15 23:16:12.003  3957  3981 D CustomFrequencyManagerService: releaseDVFSLockLocked : Getting Lock type frm List : DVFS_MIN_LIMIT  frequency : 1560000  uid : 1000  pid : 3957  tag : AMS_APP_SWITCH@CPU_MIN@52
10-15 23:16:12.004  3957  3981 D ActivityManagerPerformance: AMP_release() APP_SWITCH
10-15 23:16:12.007 10755 10785 W GeckoEventDispatcher: No listener for GeckoView:PageAction:Update
10-15 23:16:12.009 10755 10755 V InputMethodManager: Starting input: tba=android.view.inputmethod.EditorInfo@f809a35 nm : org.mozilla.fenix ic=null
10-15 23:16:12.009 10755 10755 I InputMethodManager: startInputInner - mService.startInputOrWindowGainedFocus
10-15 23:16:12.009  3957  4654 D InputMethodManagerService: startInputOrWindowGainedFocus : windowGainedFocus 
10-15 23:16:12.010  3957  4654 D InputMethodManagerService: windowGainedFocus: destinationUserId (getCallingUid) = 0
10-15 23:16:12.010  3957  4654 D InputMethodManagerService: windowGainedFocus: currentUserId=0
10-15 23:16:12.010  3957  4654 D InputMethodManagerService: windowGainedFocus: mCurrentFocusedUserId=0
10-15 23:16:12.010  3957  4654 D InputMethodManagerService: windowGainedFocus : lock - currentUserId = 0 destinationUserId = 0
10-15 23:16:12.010  3957  4654 D InputMethodManagerService: windowGainedFocus : mCurrentFocusedUserId - 0 and mSecureKeypadEnabled - false, userSwitched - false
10-15 23:16:12.010  3957  3973 D WindowManager: set systemUiVisibility : systemUiFlags= 0x2618 fullscreenStackSysUiFlags= 0x2000
10-15 23:16:12.012  3957  4654 V InputMethodManagerService: windowGainedFocus : reason=WINDOW_FOCUS_GAIN client=android.os.BinderProxy@bc6e5c inputContext=null missingMethods= attribute=android.view.inputmethod.EditorInfo@ec32460 nm = org.mozilla.fenix controlFlags=#104 softInputMode=#110 windowFlags=#81010100
10-15 23:16:12.012  3957  4654 V InputMethodManagerService: hideCurrentInputLocked : shouldHideSoftInput is false
10-15 23:16:12.012  3957  4654 D InputMethodManagerService: isImeSwitcherDisabledPackage : false
10-15 23:16:12.012  3957  4654 V InputMethodManagerService: Creating new session for client ClientState{6bed19 uid 10169 pid 10755}
10-15 23:16:12.015  3957  4654 D InputMethodManagerService: setCurrentInputInfo - inputContext : null eidtorInfo : android.view.inputmethod.EditorInfo@ec32460 missingMethods : 0
10-15 23:16:12.019  6896  6896 I InputMethodWrapper:  call dispatchStartInputWithToken
10-15 23:16:12.019  6896  6896 I InputMethodService: dispatchStartInputWithToken
10-15 23:16:12.019  6896  6896 I SKBD    : SamsungKeypad [IMI] onStartInput - caller pid : 10755, caller uid : 10169
10-15 23:16:12.020 10755 10971 I libglean_ffi: glean_core::upload: New upload task with id 697d3f7b-4615-4127-bafd-f07f0871be81 (path: /submit/org-mozilla-fenix/events/1/697d3f7b-4615-4127-bafd-f07f0871be81)
10-15 23:16:12.020  3957  4654 D ConnectivityService: filterNetworkStateForUid() uid: 10169 networkInfo: [type: WIFI[] - WIFI, state: CONNECTED/CONNECTED, reason: (unspecified), extra: "ourhome", failover: false, available: true, roaming: false, metered: false]
10-15 23:16:12.021 10906 10943 W linker  : "/data/app/org.mozilla.fenix-iWpGOrf8cry6RDpwHyQugA==/lib/arm64/libmozglue.so" unused DT entry: type 0x8000024 arg 0x38f70
10-15 23:16:12.021  3957  4654 D WifiService: getConnectionInfo uid=1000
10-15 23:16:12.021 10906 10943 W linker  : "/data/app/org.mozilla.fenix-iWpGOrf8cry6RDpwHyQugA==/lib/arm64/libmozglue.so" unused DT entry: type 0x8000023 arg 0x1f8
10-15 23:16:12.021 10906 10943 W linker  : "/data/app/org.mozilla.fenix-iWpGOrf8cry6RDpwHyQugA==/lib/arm64/libmozglue.so" unused DT entry: type 0x8000025 arg 0x8
10-15 23:16:12.022  3957  4654 I chatty  : uid=1000(system) Binder:3957_C identical 1 line
10-15 23:16:12.022  3957  4654 D WifiService: getConnectionInfo uid=1000
10-15 23:16:12.023  3957  4654 D ConnectivityService: filterNetworkStateForUid() uid: 10169 networkInfo: [type: WIFI[] - WIFI, state: CONNECTED/CONNECTED, reason: (unspecified), extra: "ourhome", failover: false, available: true, roaming: false, metered: false]
10-15 23:16:12.023  3957  4654 D WifiService: getConnectionInfo uid=1000
10-15 23:16:12.024 10906 10943 I GeckoLoader: Library base=/data/app/org.mozilla.fenix-iWpGOrf8cry6RDpwHyQugA==/lib/arm64
10-15 23:16:12.024 10906 10943 I GeckoLoader: Library base=/data/app/org.mozilla.fenix-iWpGOrf8cry6RDpwHyQugA==/lib/arm64
10-15 23:16:12.027 10906 10943 E GeckoLibLoad: Load sqlite start
