10-15 23:23:10.978 11518 11551 I GeckoLoader: Library base=/data/app/org.mozilla.fenix-iWpGOrf8cry6RDpwHyQugA==/lib/arm64
10-15 23:23:10.978 11518 11551 E GeckoLibLoad: Load nss start
10-15 23:23:10.979 11518 11551 E GeckoLibLoad: Load nss done
10-15 23:23:10.979 11518 11551 I GeckoLoader: Library base=/data/app/org.mozilla.fenix-iWpGOrf8cry6RDpwHyQugA==/lib/arm64
10-15 23:23:10.981 11366 11366 V InputMethodManager: Starting input: tba=android.view.inputmethod.EditorInfo@6b57a07 nm : org.mozilla.fenix ic=null
10-15 23:23:10.983 11518 11551 W linker  : "/data/app/org.mozilla.fenix-iWpGOrf8cry6RDpwHyQugA==/lib/arm64/libxul.so" unused DT entry: type 0x8000024 arg 0x539420
10-15 23:23:10.983 11518 11551 W linker  : "/data/app/org.mozilla.fenix-iWpGOrf8cry6RDpwHyQugA==/lib/arm64/libxul.so" unused DT entry: type 0x8000023 arg 0x17d68
10-15 23:23:10.983 11518 11551 W linker  : "/data/app/org.mozilla.fenix-iWpGOrf8cry6RDpwHyQugA==/lib/arm64/libxul.so" unused DT entry: type 0x8000025 arg 0x8
10-15 23:23:10.987 12416 12416 E adbd    : recv: OPEN 00000e39 00000000 015d:73 68 65 6C 6C 2C 76 32 2C 54 45 52 4D 3D 78 74 65 72 6D 2D 32 35 36 63 6F 6C 6F 72 2C 72 61 77 3A 61 6D 20 73 74 61 72 74 2D 66 6F 72 65 67 72 6F 75 6E 64 2D 73 65 72 76 69 63 65 20 2D 6E 20 22 63 6F 6D 2E 65 78 61 6D 70 6C 65 2E 62 61 74 74 65 72 79 6D 61 6E 61 67 65 72 5F 75 74 69 6C 69 74 79 2F 63 6F 6D 2E 65 78 61 6D 70 6C 65 2E 62 61 74 74 65 72 79 6D 61 6E 61 67 65 72 5F 75 74 69 6C 69 74 79 2E 44 61 74 61 43 6F 6C 6C 65 63 74 69 6F 6E 53 65 72 76 69 63 65 22 20 2D 2D 65 69 20 73 61 6D 70 6C 65 52 61 74 65 20 31 30 30 20 2D 2D 65 73 20 22 64 61 74 61 46 69 65 6C 64 73 22 20 22 42 41 54 54 45 52 59 5F 50 52 4F 50 45 52 54 59 5F 43 55 52 52 45 4E 54 5F 4E 4F 57 2C 45 58 54 52 41 5F 56 4F 4C 54 41 47 45 2C 42 41 54 54 45 52 59 5F 50 52 4F 50 45 52 54 59 5F 43 55 52 52 45 4E 54 5F 41 56 45 52 41 47 45 2C 42 41 54 54 45 52 59 5F 50 52 4F 50 45 52 54 59 5F 43 48 41 52 47 45 5F 43 4F 55 4E 54 45 52 2C 42 41 54 54 45 52 59 5F 50 52 4F 50 45 52 54 59 5F 43 41 50 41 43 49 54 59
10-15 23:23:10.987 12416 12416 E adbd    : service_to_fd: shell,v2,TERM=xterm-256color,raw:am start-foreground-service -n "com.example.batterymanager_utility/com.example.batterymanager_utility.DataCollectionService" --ei sampleRate 100 --es "dataFields" "BATTERY_PROPERTY_CURRENT_NOW,EXTRA_VOLTAGE,BATTERY_PROPERTY_CURRENT_AVERAGE,BATTERY_PROPERTY_CHARGE_COUNTER,BATTERY_PROPERTY_CAPACITY" --ez toCSV false
10-15 23:23:10.989  3447  3447 I SurfaceFlinger: Display 0 HWC layers:
10-15 23:23:10.989  3447  3447 I SurfaceFlinger:     type    |    handle    | flag |  format   |   source crop (l,t,r,b)    |         frame       | name 
10-15 23:23:10.989  3447  3447 I SurfaceFlinger: ------------+--------------+------+-----------+----------------------------+---------------------+------
10-15 23:23:10.989  3447  3447 I SurfaceFlinger:      Device | 0x7e9ec23640 | 0000 | RGBA_8888 |   0.0    0.0  720.0 1280.0 |    0    0  720 1280 | org.mozilla.fenix/org.mozilla.fenix.App#0
10-15 23:23:10.989  3447  3447 I SurfaceFlinger:      Device | 0x7ea13f7500 | 0000 | RGBA_8888 |   0.0    0.0  720.0 1280.0 |    0    0  720 1280 | Splash Screen org.mozilla.fenix#0
10-15 23:23:10.989  3447  3447 I SurfaceFlinger:      Device | 0x7e9ed37900 | 0000 | RGBA_8888 |   0.0    0.0  720.0   42.0 |    0    0  720   42 | StatusBar#0
10-15 23:23:10.989  3447  3447 I SurfaceFlinger: 
10-15 23:23:11.008  3599  3918 D DnsProxyListener: DNSDBG::dns addrinfo af 0
10-15 23:23:11.009 11518 11551 E GeckoLibLoad: Loaded libs in 29.575269ms total, 12ms(16ms) user, 12ms(12ms) system, 0(0) faults
10-15 23:23:11.009 11518 11551 W GeckoThread: zerdatime 1067378387 - runGecko
10-15 23:23:11.048 11366 11366 D skia    : approximate: numPoints=40, lengths[39]=620.200073, totalLength=620.200073, segmentPoints[39]=[422.600037,0.000000]
10-15 23:23:11.048 11366 11366 D skia    : approximate: approximation[117]=1.000000, approximation[118]=422.600037, approximation[119]=0.000000
10-15 23:23:11.048 11366 11366 D skia    : approximate: numPoints=4, lengths[3]=3.448155, totalLength=3.448155, segmentPoints[3]=[3.000000,0.100000]
10-15 23:23:11.048 11366 11366 D skia    : approximate: approximation[9]=1.000000, approximation[10]=3.000000, approximation[11]=0.100000
10-15 23:23:11.049 11366 11366 D skia    : approximate: numPoints=37, lengths[36]=722.199951, totalLength=722.199951, segmentPoints[36]=[199.600006,0.000000]
10-15 23:23:11.049 11366 11366 D skia    : approximate: approximation[108]=1.000000, approximation[109]=199.600006, approximation[110]=0.000000
10-15 23:23:11.050 11366 11366 D skia    : approximate: numPoints=3, lengths[2]=2.472497, totalLength=2.472497, segmentPoints[2]=[2.000000,0.100000]
10-15 23:23:11.050 11366 11366 D skia    : approximate: approximation[6]=1.000000, approximation[7]=2.000000, approximation[8]=0.100000
10-15 23:23:11.056 11366 11366 V InputMethodManager: Starting input: tba=android.view.inputmethod.EditorInfo@5306bcf nm : org.mozilla.fenix ic=null
10-15 23:23:11.057 11366 11366 I InputMethodManager: startInputInner - mService.startInputOrWindowGainedFocus
10-15 23:23:11.057  3957  5416 D InputMethodManagerService: startInputOrWindowGainedFocus : startInput 
10-15 23:23:11.058  3957  5416 D InputMethodManagerService: setCurrentInputInfo - inputContext : null eidtorInfo : android.view.inputmethod.EditorInfo@6875a missingMethods : 0
10-15 23:23:11.058  6896  6896 I InputMethodWrapper:  call dispatchStartInputWithToken
10-15 23:23:11.058  6896  6896 I InputMethodService: dispatchStartInputWithToken
10-15 23:23:11.058  6896  6896 I SKBD    : SamsungKeypad [IMI] onStartInput - caller pid : 11366, caller uid : 10169
10-15 23:23:11.073 11518 11551 W AudioCapabilities: Unsupported mime audio/mpeg-L1
10-15 23:23:11.074 11518 11551 W AudioCapabilities: Unsupported mime audio/mpeg-L2
10-15 23:23:11.075 11321 11321 I BatteryMgr:DataCollectionService: onStartCommand: begin
10-15 23:23:11.076 11321 11321 I BatteryMgr:DataCollectionService: onStartCommand: sampleRate => 100
10-15 23:23:11.076 11321 11321 I BatteryMgr:DataCollectionService: onStartCommand: rawFields => Timestamp,BATTERY_PROPERTY_CURRENT_NOW,EXTRA_VOLTAGE,BATTERY_PROPERTY_CURRENT_AVERAGE,BATTERY_PROPERTY_CHARGE_COUNTER,BATTERY_PROPERTY_CAPACITY
10-15 23:23:11.082 11518 11551 W AudioCapabilities: Unsupported mime audio/x-ms-wma
10-15 23:23:11.082 11321 11321 I BatteryMgr:DataCollectionService: onStartCommand: notification done
10-15 23:23:11.083 11518 11551 W AudioCapabilities: Unsupported mime audio/x-ima
10-15 23:23:11.084 11321 11321 D Notification: allPendingIntents
10-15 23:23:11.085 11321 11321 I BatteryMgr:DataCollectionService: started foreground
10-15 23:23:11.086  3957  3972 D ApplicationPolicy: isStatusBarNotificationAllowedAsUser: packageName = com.example.batterymanager_utility,userId = 0
10-15 23:23:11.086  3957  3972 D API test: getContainerInfo: value is 
10-15 23:23:11.088  3957  3972 D ApplicationPolicy: isStatusBarNotificationAllowedAsUser: packageName = com.example.batterymanager_utility,userId = 0
10-15 23:23:11.088  3957  3972 D API test: getContainerInfo: value is 
10-15 23:23:11.090  3957  3957 I AccessibilityManagerService: semOnLightNotification(null), bIsFlashOn : false
10-15 23:23:11.091  3957  3957 D AccessibilityManagerService: Can't use light notification
10-15 23:23:11.092  3957  3957 D AudioService: getStreamVolume 5 index 110
10-15 23:23:11.095  3957  5416 D Notification: allPendingIntents
10-15 23:23:11.098  3957  5416 D Notification: allPendingIntents
10-15 23:23:11.099  4340  4340 D StatusBar: addNotification key=0|com.example.batterymanager_utility|1|null|10170 fullscreen:false
10-15 23:23:11.100 11518 11551 W VideoCapabilities: Unrecognized profile 2130706433 for video/avc
10-15 23:23:11.100 11518 11551 W VideoCapabilities: Unrecognized profile 2130706434 for video/avc
10-15 23:23:11.103 11518 11551 W VideoCapabilities: Unrecognized profile 2130706433 for video/avc
10-15 23:23:11.103 11518 11551 W VideoCapabilities: Unrecognized profile 2130706434 for video/avc
10-15 23:23:11.109 11321 11618 I BatteryMgr:DataCollectionService: collectData: begin
10-15 23:23:11.109 12416 12416 E adbd    : recv: OPEN 00000e3d 00000000 0042:73 68 65 6C 6C 2C 76 32 2C 54 45 52 4D 3D 78 74 65 72 6D 2D 32 35 36 63 6F 6C 6F 72 2C 72 61 77 3A 67 65 74 70 72 6F 70 20 72 6F 2E 62 75 69 6C 64 2E 76 65 72 73 69 6F 6E 2E 72 65 6C 65 61 73 65 00 
10-15 23:23:11.109 12416 12416 E adbd    : service_to_fd: shell,v2,TERM=xterm-256color,raw:getprop ro.build.version.release
10-15 23:23:11.118 11321 11618 I BatteryMgr:DataCollectionService: stats => 1697404991118,-141,4314,-155,0,100
10-15 23:23:11.118  3957  4129 D WifiStateMachine:  ConnectedState !RSSI_PKTCNT_FETCH uid=1000 rt=406980268/1067378495 0 0 "ourhome" f4:6d:2f:12:cc:88 rssi=-43 f=5240 sc=60 link=433 tx=0.5, 0.0, 0.0  rx=1.0 bcn=94817 [on:0 tx:0 rx:0 period:1002] from screen [on:113846 period:855251] score=60
10-15 23:23:11.120  3957  4129 D WifiStateMachine:  L2ConnectedState !RSSI_PKTCNT_FETCH uid=1000 rt=406980269/1067378497 0 0 "ourhome" f4:6d:2f:12:cc:88 rssi=-43 f=5240 sc=60 link=433 tx=0.5, 0.0, 0.0  rx=1.0 bcn=94817 [on:0 tx:0 rx:0 period:2] from screen [on:113846 period:855253] score=60
10-15 23:23:11.122  3447  3447 I SurfaceFlinger: Display 0 HWC layers:
10-15 23:23:11.122  3447  3447 I SurfaceFlinger:     type    |    handle    | flag |  format   |   source crop (l,t,r,b)    |         frame       | name 
10-15 23:23:11.122  3447  3447 I SurfaceFlinger: ------------+--------------+------+-----------+----------------------------+---------------------+------
10-15 23:23:11.122  3447  3447 I SurfaceFlinger:      Device | 0x7e9ec23640 | 0000 | RGBA_8888 |   0.0    0.0  720.0 1280.0 |    0    0  720 1280 | org.mozilla.fenix/org.mozilla.fenix.App#0
10-15 23:23:11.122  3447  3447 I SurfaceFlinger:      Device | 0x7ea5024780 | 0000 | RGBA_8888 |   0.0    0.0  720.0   42.0 |    0    0  720   42 | StatusBar#0
10-15 23:23:11.122  3447  3447 I SurfaceFlinger: 
10-15 23:23:11.122  3957  4025 I WindowManager: Destroying surface Surface(name=Splash Screen org.mozilla.fenix) called by com.android.server.wm.WindowStateAnimator.destroySurface:2501 com.android.server.wm.WindowStateAnimator.destroySurfaceLocked:985 com.android.server.wm.WindowState.destroyOrSaveSurfaceUnchecked:3670 com.android.server.wm.WindowState.destroySurface:3618 com.android.server.wm.AppWindowToken.destroySurfaces:722 com.android.server.wm.AppWindowToken.destroySurfaces:706 com.android.server.wm.WindowState.onExitAnimationDone:5316 com.android.server.wm.WindowStateAnimator.stepAnimationLocked:550 
10-15 23:23:11.123  3447  3488 I SurfaceFlinger: id=1855 Removed Splash Screen org.mozilla.fenix#0 (4/5)
10-15 23:23:11.123  3957  4129 D WifiStateMachine: fetchRssiLinkSpeedAndFrequencyNative rssi=-46 linkspeed=433 freq=5240
10-15 23:23:11.132  3447  3488 I SurfaceFlinger: id=1855 Removed Splash Screen org.mozilla.fenix#0 (-2/5)
10-15 23:23:11.136  3447  3447 I Layer   : id=1855 onRemoved Splash Screen org.mozilla.fenix#0 
10-15 23:23:11.136 11518 11551 W VideoCapabilities: Unrecognized profile 2130706433 for video/avc
10-15 23:23:11.137 11518 11551 W VideoCapabilities: Unrecognized profile 2130706434 for video/avc
10-15 23:23:11.140 11518 11551 W VideoCapabilities: Unsupported mime video/avc-wfd
10-15 23:23:11.166 12416 12416 E adbd    : recv: OPEN 00000e41 00000000 003e:73 68 65 6C 6C 2C 76 32 2C 54 45 52 4D 3D 78 74 65 72 6D 2D 32 35 36 63 6F 6C 6F 72 2C 72 61 77 3A 67 65 74 70 72 6F 70 20 72 6F 2E 62 75 69 6C 64 2E 76 65 72 73 69 6F 6E 2E 73 64 6B 00 
10-15 23:23:11.166 12416 12416 E adbd    : service_to_fd: shell,v2,TERM=xterm-256color,raw:getprop ro.build.version.sdk
10-15 23:23:11.172 11518 11551 I VideoCapabilities: Unsupported profile 4 for video/mp4v-es
10-15 23:23:11.214 11518 11551 W VideoCapabilities: Unrecognized profile/level 1/32 for video/mp4v-es
10-15 23:23:11.214 11518 11551 W VideoCapabilities: Unrecognized profile/level 32768/2 for video/mp4v-es
10-15 23:23:11.214 11518 11551 W VideoCapabilities: Unrecognized profile/level 32768/64 for video/mp4v-es
10-15 23:23:11.217 11518 11551 W VideoCapabilities: Unsupported mime video/wvc1
10-15 23:23:11.220  4340  4340 D KeyguardUpdateMonitor: handleStatusBarState( false )
10-15 23:23:11.220 11518 11551 W VideoCapabilities: Unsupported mime video/x-ms-wmv
10-15 23:23:11.225 11518 11551 W VideoCapabilities: Unsupported mime video/x-ms-wmv7
10-15 23:23:11.225  3957  4129 D WifiStateMachine:  ConnectedState !CMD_RSSI_POLL rt=406980375/1067378602 54 0 "ourhome" f4:6d:2f:12:cc:88 rssi=-46 f=5240 sc=60 link=433 tx=0.5, 0.0, 0.0  rx=1.0 bcn=94817 [on:0 tx:0 rx:0 period:105] from screen [on:113846 period:855358] score=60
10-15 23:23:11.226 11518 11551 W VideoCapabilities: Unsupported mime video/x-ms-wmv8
10-15 23:23:11.227  3957  4129 D WifiStateMachine:  L2ConnectedState !CMD_RSSI_POLL rt=406980376/1067378604 54 0 "ourhome" f4:6d:2f:12:cc:88 rssi=-46 f=5240 sc=60 link=433 tx=0.5, 0.0, 0.0  rx=1.0 bcn=94817 [on:0 tx:0 rx:0 period:1] from screen [on:113846 period:855359] score=60
10-15 23:23:11.227  3957  4129 D WifiStateMachine:  get link layer stats 3
10-15 23:23:11.227  3957  5416 V WindowManager: Relayout Window{79b2311 u0 org.mozilla.fenix/org.mozilla.fenix.App}: viewVisibility=0 req=720x1280 WM.LayoutParams{(0,0)(fillxfill) sim=#10 ty=1 fl=#81010100 pfl=0x20000 fmt=-3 wanim=0x7f1404fa vsysui=0x2610 needsMenuKey=2 colorMode=0 naviIconColor=0}
10-15 23:23:11.227  3436  3436 I android.hardware.wifi@1.0-service: getLinkLayerStats
10-15 23:23:11.227 11518 11551 W VideoCapabilities: Unsupported mime video/mp43
10-15 23:23:11.228 11321 11618 I BatteryMgr:DataCollectionService: stats => 1697404991228,-141,4314,-155,0,100
10-15 23:23:11.230  3957  4129 D WifiStateMachine: fetchRssiLinkSpeedAndFrequencyNative rssi=-47 linkspeed=433 freq=5240
10-15 23:23:11.231 11366 11366 D ViewRootImpl@710a6bd[App]: Relayout returned: old=[0,0][720,1280] new=[0,0][720,1280] result=0x1 surface={valid=true 499285975040} changed=false
10-15 23:23:11.233  4340  4340 E SignalClusterView: setSlotFocusVisible : subId -2
10-15 23:23:11.233  4340  4340 E SignalClusterView: setSlotFocusVisible : subId -2
10-15 23:23:11.239 11518 11551 W AudioCapabilities: Unsupported mime audio/mpeg-L1
10-15 23:23:11.239 11518 11551 W AudioCapabilities: Unsupported mime audio/mpeg-L2
10-15 23:23:11.239 11518 11551 W AudioCapabilities: Unsupported mime audio/x-ms-wma
10-15 23:23:11.239 11518 11551 W AudioCapabilities: Unsupported mime audio/x-ima
10-15 23:23:11.240 11518 11551 W VideoCapabilities: Unrecognized profile 2130706433 for video/avc
10-15 23:23:11.240 11518 11551 W VideoCapabilities: Unrecognized profile 2130706434 for video/avc
10-15 23:23:11.243 11518 11551 W VideoCapabilities: Unrecognized profile/level 1/32 for video/mp4v-es
10-15 23:23:11.243 11518 11551 W VideoCapabilities: Unrecognized profile/level 32768/2 for video/mp4v-es
10-15 23:23:11.243 11518 11551 W VideoCapabilities: Unrecognized profile/level 32768/64 for video/mp4v-es
10-15 23:23:11.243 11518 11551 W VideoCapabilities: Unsupported mime video/wvc1
10-15 23:23:11.244 11518 11551 W VideoCapabilities: Unsupported mime video/x-ms-wmv
10-15 23:23:11.244 11518 11551 W VideoCapabilities: Unsupported mime video/x-ms-wmv7
10-15 23:23:11.245 11518 11551 W VideoCapabilities: Unsupported mime video/x-ms-wmv8
10-15 23:23:11.246 11518 11551 W VideoCapabilities: Unsupported mime video/mp43
10-15 23:23:11.266  6120  6655 I FontLog : (REDACTED) Received query %s, URI %s
10-15 23:23:11.267  6120  6655 I FontLog : (REDACTED) Query [%s] resolved to %s
10-15 23:23:11.268 11366 11366 I DefaultSupportedAddonsChecker: Unregister check for new supported add-ons
10-15 23:23:11.274  6120  6655 I FontLog : (REDACTED) Fetch %s end status %s
10-15 23:23:11.284 11366 11572 I libglean_ffi: glean_core::upload: Ping 4b25bae0-49ae-4a16-be1f-08556ecdc74c successfully sent 200.
10-15 23:23:11.285 11366 11572 I libglean_ffi: glean_core::upload::directory: File was deleted /data/user/0/org.mozilla.fenix/glean_data/pending_pings/4b25bae0-49ae-4a16-be1f-08556ecdc74c
10-15 23:23:11.288 11366 11572 I libglean_ffi: glean_core::upload: New upload task with id 62994ac5-8601-4d72-9def-74c8237279d7 (path: /submit/org-mozilla-fenix/baseline/1/62994ac5-8601-4d72-9def-74c8237279d7)
10-15 23:23:11.288  6120  6655 I FontLog : (REDACTED) Pulling font file for id = %d, cache size = %d
10-15 23:23:11.298  6120  6655 I FontLog : (REDACTED) Pulling font file for id = %d, cache size = %d
10-15 23:23:11.298  3957  5416 V WindowManager: rotationForOrientationLw(orient=2, last=0); user=0  sensorRotation=-1 mLidState=-1 mDockMode=0 mHdmiPlugged=false
10-15 23:23:11.316 11366 11366 I WebExtension: releasePendingMessages: extension=webcompat-reporter@mozilla.org nativeApp=mozacWebcompatReporter session=null
10-15 23:23:11.326  3957  4554 V WindowManager: Relayout Window{79b2311 u0 org.mozilla.fenix/org.mozilla.fenix.App}: viewVisibility=0 req=720x1280 WM.LayoutParams{(0,0)(fillxfill) sim=#10 ty=1 fl=#81010100 pfl=0x20000 fmt=-3 wanim=0x7f1404fa vsysui=0x2610 needsMenuKey=2 colorMode=0 naviIconColor=0}
10-15 23:23:11.331 11366 11366 D ViewRootImpl@710a6bd[App]: Relayout returned: old=[0,0][720,1280] new=[0,0][720,1280] result=0x1 surface={valid=true 499285975040} changed=false
10-15 23:23:11.336 11321 11618 I BatteryMgr:DataCollectionService: stats => 1697404991336,-141,4314,-155,0,100
10-15 23:23:11.356 11366 11366 I WebExtension: releasePendingMessages: extension=fxa@mozac.org nativeApp=mozacWebchannelBackground session=null
10-15 23:23:11.359 11366 11366 I WebExtension: releasePendingMessages: extension=readerview@mozac.org nativeApp=mozacReaderviewActive session=org.mozilla.geckoview.GeckoSession@d325804
10-15 23:23:11.359 11366 11366 I WebExtension: releasePendingMessages: extension=readerview@mozac.org nativeApp=mozacReaderview session=org.mozilla.geckoview.GeckoSession@d325804
10-15 23:23:11.361 11366 11366 I WebExtension: releasePendingMessages: extension=fxa@mozac.org nativeApp=mozacWebchannel session=org.mozilla.geckoview.GeckoSession@d325804
10-15 23:23:11.388 11366 11366 I SessionPrioritizationMiddleware: Update the currentSelectedTab dedcbbbf-2255-4450-82a7-d17516b4b0f6 priority to HIGH
10-15 23:23:11.390 11366 11366 I WebExtension: releasePendingMessages: extension=icons@mozac.org nativeApp=MozacBrowserIcons session=org.mozilla.geckoview.GeckoSession@d325804
10-15 23:23:11.395 11366 11366 I WebExtension: releasePendingMessages: extension=ads@mozac.org nativeApp=MozacBrowserAdsMessage session=org.mozilla.geckoview.GeckoSession@d325804
10-15 23:23:11.395 11366 11366 I WebExtension: releasePendingMessages: extension=cookies@mozac.org nativeApp=MozacBrowserSearchMessage session=org.mozilla.geckoview.GeckoSession@d325804
10-15 23:23:11.402 11366 11395 W ResourceType: Too many attribute references, stopped at: 0x01010099
10-15 23:23:11.411  3957  3972 D ApplicationPolicy: isStatusBarNotificationAllowedAsUser: packageName = android,userId = 0
10-15 23:23:11.412  3957  3972 D API test: getContainerInfo: value is 
10-15 23:23:11.412  3957  3972 D ApplicationPolicy: isStatusBarNotificationAllowedAsUser: packageName = android,userId = 0
10-15 23:23:11.412  3957  3972 D API test: getContainerInfo: value is 
10-15 23:23:11.412  3957  3972 E NotificationService: Suppressing notification from package by user request.
10-15 23:23:11.442 11321 11618 I BatteryMgr:DataCollectionService: stats => 1697404991442,-141,4314,-155,0,100
10-15 23:23:11.465 11449 11479 W linker  : "/data/app/org.mozilla.fenix-iWpGOrf8cry6RDpwHyQugA==/lib/arm64/libmozglue.so" unused DT entry: type 0x8000024 arg 0x38f70
10-15 23:23:11.465 11449 11479 W linker  : "/data/app/org.mozilla.fenix-iWpGOrf8cry6RDpwHyQugA==/lib/arm64/libmozglue.so" unused DT entry: type 0x8000023 arg 0x1f8
10-15 23:23:11.465 11449 11479 W linker  : "/data/app/org.mozilla.fenix-iWpGOrf8cry6RDpwHyQugA==/lib/arm64/libmozglue.so" unused DT entry: type 0x8000025 arg 0x8
10-15 23:23:11.467 11449 11479 I GeckoLoader: Library base=/data/app/org.mozilla.fenix-iWpGOrf8cry6RDpwHyQugA==/lib/arm64
10-15 23:23:11.468 11449 11479 I GeckoLoader: Library base=/data/app/org.mozilla.fenix-iWpGOrf8cry6RDpwHyQugA==/lib/arm64
10-15 23:23:11.469 11449 11479 E GeckoLibLoad: Load sqlite start
10-15 23:23:11.469 11449 11479 W linker  : "/data/app/org.mozilla.fenix-iWpGOrf8cry6RDpwHyQugA==/lib/arm64/libnss3.so" unused DT entry: type 0x8000024 arg 0x14998
10-15 23:23:11.469 11449 11479 W linker  : "/data/app/org.mozilla.fenix-iWpGOrf8cry6RDpwHyQugA==/lib/arm64/libnss3.so" unused DT entry: type 0x8000023 arg 0x5c8
10-15 23:23:11.470 11449 11479 W linker  : "/data/app/org.mozilla.fenix-iWpGOrf8cry6RDpwHyQugA==/lib/arm64/libnss3.so" unused DT entry: type 0x8000025 arg 0x8
10-15 23:23:11.470 11449 11479 E GeckoLibLoad: Load sqlite done
10-15 23:23:11.471 11449 11479 I GeckoLoader: Library base=/data/app/org.mozilla.fenix-iWpGOrf8cry6RDpwHyQugA==/lib/arm64
10-15 23:23:11.471 11449 11479 E GeckoLibLoad: Load nss start
10-15 23:23:11.471 11449 11479 E GeckoLibLoad: Load nss done
10-15 23:23:11.471 11449 11479 I GeckoLoader: Library base=/data/app/org.mozilla.fenix-iWpGOrf8cry6RDpwHyQugA==/lib/arm64
10-15 23:23:11.473 11449 11479 W linker  : "/data/app/org.mozilla.fenix-iWpGOrf8cry6RDpwHyQugA==/lib/arm64/libxul.so" unused DT entry: type 0x8000024 arg 0x539420
10-15 23:23:11.473 11449 11479 W linker  : "/data/app/org.mozilla.fenix-iWpGOrf8cry6RDpwHyQugA==/lib/arm64/libxul.so" unused DT entry: type 0x8000023 arg 0x17d68
10-15 23:23:11.473 11366 11395 W AudioCapabilities: Unsupported mime audio/mpeg-L1
10-15 23:23:11.473 11449 11479 W linker  : "/data/app/org.mozilla.fenix-iWpGOrf8cry6RDpwHyQugA==/lib/arm64/libxul.so" unused DT entry: type 0x8000025 arg 0x8
10-15 23:23:11.474 11366 11395 W AudioCapabilities: Unsupported mime audio/mpeg-L2
10-15 23:23:11.475 11366 11395 W AudioCapabilities: Unsupported mime audio/x-ms-wma
10-15 23:23:11.475 11366 11395 W AudioCapabilities: Unsupported mime audio/x-ima
10-15 23:23:11.479 11366 11395 W VideoCapabilities: Unrecognized profile 2130706433 for video/avc
10-15 23:23:11.479 11366 11395 W VideoCapabilities: Unrecognized profile 2130706434 for video/avc
10-15 23:23:11.480 11366 11395 W VideoCapabilities: Unrecognized profile 2130706433 for video/avc
10-15 23:23:11.480 11366 11395 W VideoCapabilities: Unrecognized profile 2130706434 for video/avc
10-15 23:23:11.489 11366 11395 W VideoCapabilities: Unrecognized profile 2130706433 for video/avc
10-15 23:23:11.489 11366 11395 W VideoCapabilities: Unrecognized profile 2130706434 for video/avc
10-15 23:23:11.491 11366 11395 W VideoCapabilities: Unsupported mime video/avc-wfd
10-15 23:23:11.495 11449 11479 E GeckoLibLoad: Loaded libs in 24.325692ms total, 20ms(20ms) user, 4ms(4ms) system, 0(0) faults
10-15 23:23:11.496 11449 11479 W GeckoThread: zerdatime 1067378874 - runGecko
10-15 23:23:11.508 11366 11395 I VideoCapabilities: Unsupported profile 4 for video/mp4v-es
10-15 23:23:11.525 11366 11395 W VideoCapabilities: Unrecognized profile/level 1/32 for video/mp4v-es
10-15 23:23:11.525 11366 11395 W VideoCapabilities: Unrecognized profile/level 32768/2 for video/mp4v-es
10-15 23:23:11.525 11366 11395 W VideoCapabilities: Unrecognized profile/level 32768/64 for video/mp4v-es
10-15 23:23:11.526 11366 11395 W VideoCapabilities: Unsupported mime video/wvc1
10-15 23:23:11.527 11366 11395 W VideoCapabilities: Unsupported mime video/x-ms-wmv
10-15 23:23:11.528 11366 11395 W VideoCapabilities: Unsupported mime video/x-ms-wmv7
10-15 23:23:11.530 11366 11395 W VideoCapabilities: Unsupported mime video/x-ms-wmv8
10-15 23:23:11.531 11366 11395 W VideoCapabilities: Unsupported mime video/mp43
10-15 23:23:11.536 11366 11395 W AudioCapabilities: Unsupported mime audio/mpeg-L1
10-15 23:23:11.536 11366 11395 W AudioCapabilities: Unsupported mime audio/mpeg-L2
10-15 23:23:11.536 11366 11395 W AudioCapabilities: Unsupported mime audio/x-ms-wma
10-15 23:23:11.537 11366 11395 W AudioCapabilities: Unsupported mime audio/x-ima
10-15 23:23:11.538 11366 11395 W VideoCapabilities: Unrecognized profile 2130706433 for video/avc
10-15 23:23:11.538 11366 11395 W VideoCapabilities: Unrecognized profile 2130706434 for video/avc
10-15 23:23:11.541 11366 11395 W VideoCapabilities: Unrecognized profile/level 1/32 for video/mp4v-es
10-15 23:23:11.541 11366 11395 W VideoCapabilities: Unrecognized profile/level 32768/2 for video/mp4v-es
10-15 23:23:11.541 11366 11395 W VideoCapabilities: Unrecognized profile/level 32768/64 for video/mp4v-es
10-15 23:23:11.542 11366 11395 W VideoCapabilities: Unsupported mime video/wvc1
10-15 23:23:11.542 11366 11395 W VideoCapabilities: Unsupported mime video/x-ms-wmv
10-15 23:23:11.543 11366 11395 W VideoCapabilities: Unsupported mime video/x-ms-wmv7
10-15 23:23:11.544 11366 11395 W VideoCapabilities: Unsupported mime video/x-ms-wmv8
10-15 23:23:11.544 11366 11395 W VideoCapabilities: Unsupported mime video/mp43
10-15 23:23:11.551 11321 11618 I BatteryMgr:DataCollectionService: stats => 1697404991550,-141,4314,-155,0,100
10-15 23:23:11.557  3957  3957 D CustomFrequencyManagerService: releaseDVFSLockLocked : Getting Lock type frm List : DVFS_MIN_LIMIT  frequency : 1560000  uid : 1000  pid : 3957  tag : AMS_RESUME_TAIL@CPU_MIN@58
10-15 23:23:11.559  3957  4089 D MdnieScenarioControlService:  packageName : org.mozilla.fenix    className : org.mozilla.fenix.App
10-15 23:23:11.559  3957  4089 V MdnieScenarioControlService: setUIMode from UI function(3)
10-15 23:23:11.561 11518 11589 D libGLESv2: STS_GLApi : DTS, ODTC are not allowed for Package : org.mozilla.fenix:gpu
10-15 23:23:11.567 11518 11531 V Surface : sf_framedrop debug : 0x4f4c, game : false, logging : 0
10-15 23:23:11.570 11518 11589 D mali_winsys: EGLint new_window_surface(egl_winsys_display *, void *, EGLSurface, EGLConfig, egl_winsys_surface **, egl_color_buffer_format *, EGLBoolean) returns 0x3000,  [720x1238]-format:2
10-15 23:23:11.574 11366 11395 I GeckoSession: zerdatime 1067378952 - chrome startup finished
10-15 23:23:11.580  3957  3957 D PreBindingService: handleMessage : 1
10-15 23:23:11.585 11366 11572 I libglean_ffi: glean_core::upload: Ping 62994ac5-8601-4d72-9def-74c8237279d7 successfully sent 200.
10-15 23:23:11.589 11366 11572 I libglean_ffi: glean_core::upload::directory: File was deleted /data/user/0/org.mozilla.fenix/glean_data/pending_pings/62994ac5-8601-4d72-9def-74c8237279d7
10-15 23:23:11.591 11366 11572 I libglean_ffi: glean_core::upload: New upload task with id 97797141-c11d-491c-b342-45429d1da483 (path: /submit/org-mozilla-fenix/baseline/1/97797141-c11d-491c-b342-45429d1da483)
10-15 23:23:11.591 11366 11366 I GeckoSession: handleMessage GeckoView:PageStart uri=
10-15 23:23:11.593 11366 11366 I GeckoSession: handleMessage GeckoView:PageStop uri=null
10-15 23:23:11.617 11366 11366 I GeckoSession: handleMessage GeckoView:PageStart uri=
10-15 23:23:11.620  3599  3918 D DnsProxyListener: DNSDBG::dns addrinfo af 0
10-15 23:23:11.659 11321 11618 I BatteryMgr:DataCollectionService: stats => 1697404991659,-141,4314,-155,0,100
10-15 23:23:11.683 11366 11395 D GeckoIdleService: Setting timer a day from now
10-15 23:23:11.687 11366 11395 D GeckoIdleService: Register idle observer 0x743cce96c8 for 5 seconds
10-15 23:23:11.687 11366 11395 D GeckoIdleService: Register: adjusting next switch from -1 to 5 seconds
10-15 23:23:11.687 11366 11395 D GeckoIdleService: next timeout 4996 msec from now
10-15 23:23:11.687 11366 11395 D GeckoIdleService: SetTimerExpiryIfBefore: next timeout 4996 msec from now
10-15 23:23:11.687 11366 11395 D GeckoIdleService: reset timer expiry to 5006 msec from now
10-15 23:23:11.689  3447  3447 I SurfaceFlinger: Display 0 HWC layers:
10-15 23:23:11.689  3447  3447 I SurfaceFlinger:     type    |    handle    | flag |  format   |   source crop (l,t,r,b)    |         frame       | name 
10-15 23:23:11.689  3447  3447 I SurfaceFlinger: ------------+--------------+------+-----------+----------------------------+---------------------+------
10-15 23:23:11.689  3447  3447 I SurfaceFlinger:      Device | 0x7e9ed37000 | 0000 | RGBx_8888 |   0.0    0.0  720.0 1238.0 |    0   42  720 1280 | SurfaceView - org.mozilla.fenix/org.mozilla.fenix.App@b6c1bf3@0#0
10-15 23:23:11.689  3447  3447 I SurfaceFlinger:      Device | 0x7e9ed38b00 | 0000 | RGBA_8888 |   0.0    0.0  720.0 1280.0 |    0    0  720 1280 | org.mozilla.fenix/org.mozilla.fenix.App#0
10-15 23:23:11.689  3447  3447 I SurfaceFlinger:      Device | 0x7e9ed37900 | 0000 | RGBA_8888 |   0.0    0.0  720.0   42.0 |    0    0  720   42 | StatusBar#0
10-15 23:23:11.689  3447  3447 I SurfaceFlinger: 
10-15 23:23:11.731  3957  4128 D WifiService: getConnectionInfo uid=1000
10-15 23:23:11.766 11321 11618 I BatteryMgr:DataCollectionService: stats => 1697404991766,-141,4314,-155,0,100
10-15 23:23:11.774  3957  5416 D StorageManagerService: getExternalStorageMountMode : 1
10-15 23:23:11.774  3957  5416 D StorageManagerService: getExternalStorageMountMode : 3
10-15 23:23:11.774  3957  5416 D StorageManagerService: getExternalStorageMountMode : final mountMode=1, uid : 10169, packageName : org.mozilla.fenix
10-15 23:23:11.775  3957  5416 I ApplicationPolicy: isApplicationExternalStorageWhitelisted:org.mozilla.fenix user:0
10-15 23:23:11.775  3957  5416 D ApplicationPolicy: isApplicationExternalStorageWhitelisted: DO is not enabled on user 0. Allowed.
10-15 23:23:11.775  3957  5416 D ActivityManager: package  org.mozilla.fenix, user - 0 is SDcard whitelisted
10-15 23:23:11.775  3957  5416 I ApplicationPolicy: isApplicationExternalStorageBlacklisted:org.mozilla.fenix user:0
10-15 23:23:11.775  3957  5416 D ApplicationPolicy: isApplicationExternalStorageBlacklisted: DO is not enabled on user 0. Allowed.
10-15 23:23:11.788 11680 11680 E Zygote  : isWhitelistProcess - Process is Whitelisted
10-15 23:23:11.788 11680 11680 E libpersona: scanKnoxPersonas
10-15 23:23:11.788 11680 11680 E libpersona: Couldn't open the File - /data/system/users/0/personalist.xml - No such file or directory
10-15 23:23:11.788  3957  5416 I ActivityManager: Start proc 11680:org.mozilla.fenix:tab0/u0a169 for service org.mozilla.fenix/org.mozilla.gecko.process.GeckoChildProcessServices$tab0
10-15 23:23:11.790 11680 11680 W SELinux : SELinux selinux_android_compute_policy_index : Policy Index[2],  Con:u:r:zygote:s0 RAM:SEPF_SM-J720F_8.0.0_0002, [-1 -1 -1 -1 0 1]
10-15 23:23:11.790 11680 11680 I SELinux : SELinux: seapp_context_lookup: seinfo=untrusted, level=s0:c512,c768, pkgname=org.mozilla.fenix:tab0 
10-15 23:23:11.810 11680 11680 D TimaKeyStoreProvider: TimaKeyStore is not enabled: cannot add TimaSignature Service and generateKeyPair Service
10-15 23:23:11.810 11680 11680 D ActivityThread: Added TimaKeyStore provider
10-15 23:23:11.813  3957  5416 I ActivityManager: DSS on for org.mozilla.fenix and scale is 1.0
10-15 23:23:11.833 11680 11680 I zygote64: no shared libraies, dex_files: 1
10-15 23:23:11.875 11321 11618 I BatteryMgr:DataCollectionService: stats => 1697404991875,-141,4314,-155,0,100
10-15 23:23:11.901 11680 11680 I ServiceChildProcess: onCreate
10-15 23:23:11.902 11680 11697 I GeckoThread: preparing to run Gecko
10-15 23:23:11.906 11366 11395 W AudioCapabilities: Unsupported mime audio/mpeg-L1
10-15 23:23:11.906 11366 11395 W AudioCapabilities: Unsupported mime audio/mpeg-L2
10-15 23:23:11.906 11366 11395 W AudioCapabilities: Unsupported mime audio/x-ms-wma
10-15 23:23:11.906 11366 11395 W AudioCapabilities: Unsupported mime audio/x-ima
10-15 23:23:11.907 11366 11395 W VideoCapabilities: Unrecognized profile 2130706433 for video/avc
10-15 23:23:11.907 11366 11395 W VideoCapabilities: Unrecognized profile 2130706434 for video/avc
10-15 23:23:11.907 11680 11697 W linker  : "/data/app/org.mozilla.fenix-iWpGOrf8cry6RDpwHyQugA==/lib/arm64/libmozglue.so" unused DT entry: type 0x8000024 arg 0x38f70
10-15 23:23:11.907 11680 11697 W linker  : "/data/app/org.mozilla.fenix-iWpGOrf8cry6RDpwHyQugA==/lib/arm64/libmozglue.so" unused DT entry: type 0x8000023 arg 0x1f8
10-15 23:23:11.907 11680 11697 W linker  : "/data/app/org.mozilla.fenix-iWpGOrf8cry6RDpwHyQugA==/lib/arm64/libmozglue.so" unused DT entry: type 0x8000025 arg 0x8
10-15 23:23:11.910 11366 11395 W VideoCapabilities: Unrecognized profile/level 1/32 for video/mp4v-es
10-15 23:23:11.910 11366 11395 W VideoCapabilities: Unrecognized profile/level 32768/2 for video/mp4v-es
10-15 23:23:11.910 11366 11395 W VideoCapabilities: Unrecognized profile/level 32768/64 for video/mp4v-es
10-15 23:23:11.910 11366 11395 W VideoCapabilities: Unsupported mime video/wvc1
10-15 23:23:11.911 11366 11395 W VideoCapabilities: Unsupported mime video/x-ms-wmv
10-15 23:23:11.911 11366 11395 W VideoCapabilities: Unsupported mime video/x-ms-wmv7
10-15 23:23:11.911 11680 11697 I GeckoLoader: Library base=/data/app/org.mozilla.fenix-iWpGOrf8cry6RDpwHyQugA==/lib/arm64
10-15 23:23:11.912 11680 11697 I GeckoLoader: Library base=/data/app/org.mozilla.fenix-iWpGOrf8cry6RDpwHyQugA==/lib/arm64
10-15 23:23:11.912 11366 11395 W VideoCapabilities: Unsupported mime video/x-ms-wmv8
10-15 23:23:11.912 11366 11395 W VideoCapabilities: Unsupported mime video/mp43
10-15 23:23:11.912 11680 11697 E GeckoLibLoad: Load sqlite start
10-15 23:23:11.914 11680 11697 W linker  : "/data/app/org.mozilla.fenix-iWpGOrf8cry6RDpwHyQugA==/lib/arm64/libnss3.so" unused DT entry: type 0x8000024 arg 0x14998
10-15 23:23:11.914 11680 11697 W linker  : "/data/app/org.mozilla.fenix-iWpGOrf8cry6RDpwHyQugA==/lib/arm64/libnss3.so" unused DT entry: type 0x8000023 arg 0x5c8
10-15 23:23:11.914 11680 11697 W linker  : "/data/app/org.mozilla.fenix-iWpGOrf8cry6RDpwHyQugA==/lib/arm64/libnss3.so" unused DT entry: type 0x8000025 arg 0x8
10-15 23:23:11.915 11680 11697 E GeckoLibLoad: Load sqlite done
10-15 23:23:11.916 11680 11697 I GeckoLoader: Library base=/data/app/org.mozilla.fenix-iWpGOrf8cry6RDpwHyQugA==/lib/arm64
10-15 23:23:11.916 11680 11697 E GeckoLibLoad: Load nss start
10-15 23:23:11.916 11680 11697 E GeckoLibLoad: Load nss done
10-15 23:23:11.916 11680 11697 I GeckoLoader: Library base=/data/app/org.mozilla.fenix-iWpGOrf8cry6RDpwHyQugA==/lib/arm64
10-15 23:23:11.920 11680 11697 W linker  : "/data/app/org.mozilla.fenix-iWpGOrf8cry6RDpwHyQugA==/lib/arm64/libxul.so" unused DT entry: type 0x8000024 arg 0x539420
10-15 23:23:11.920 11680 11697 W linker  : "/data/app/org.mozilla.fenix-iWpGOrf8cry6RDpwHyQugA==/lib/arm64/libxul.so" unused DT entry: type 0x8000023 arg 0x17d68
10-15 23:23:11.921 11680 11697 W linker  : "/data/app/org.mozilla.fenix-iWpGOrf8cry6RDpwHyQugA==/lib/arm64/libxul.so" unused DT entry: type 0x8000025 arg 0x8
10-15 23:23:11.953 11680 11697 E GeckoLibLoad: Loaded libs in 36.136462ms total, 24ms(24ms) user, 12ms(12ms) system, 0(0) faults
10-15 23:23:11.953 11680 11697 W GeckoThread: zerdatime 1067379331 - runGecko
10-15 23:23:11.972 11366 11572 I libglean_ffi: glean_core::upload: Ping 97797141-c11d-491c-b342-45429d1da483 successfully sent 200.
10-15 23:23:11.972  3957  4554 D ConnectivityService: filterNetworkStateForUid() uid: 10169 networkInfo: [type: WIFI[] - WIFI, state: CONNECTED/CONNECTED, reason: (unspecified), extra: "ourhome", failover: false, available: true, roaming: false, metered: false]
10-15 23:23:11.972  3957  4554 D WifiService: getConnectionInfo uid=1000
10-15 23:23:11.975 11366 11572 I libglean_ffi: glean_core::upload::directory: File was deleted /data/user/0/org.mozilla.fenix/glean_data/pending_pings/97797141-c11d-491c-b342-45429d1da483
10-15 23:23:11.982 11366 11572 I libglean_ffi: glean_core::upload: No more pings to upload! You are done.
10-15 23:23:11.986 11321 11618 I BatteryMgr:DataCollectionService: stats => 1697404991986,-141,4314,-155,0,100
10-15 23:23:11.988 11366 11465 I WM-WorkerWrapper: Worker result SUCCESS for Work [ id=fa7252bd-1183-45a5-af03-01ef0e6f1c2c, tags={ mozilla.telemetry.glean.scheduler.PingUploadWorker, mozac_service_glean_ping_upload_worker } ]
10-15 23:23:11.993 11366 11366 D ConnectivityManager: unregisterNetworkCallback; CallingUid : 10169, CallingPid : 11366
10-15 23:23:11.993  3957  4157 D ConnectivityService: releasing NetworkRequest [ TRACK_DEFAULT id=1171, [ Capabilities: INTERNET&NOT_RESTRICTED&TRUSTED&NOT_VPN] ] (CALLBACK_RELEASED)
10-15 23:23:11.994  3957  4157 D ConnectivityService:  Removing from current network NetworkAgentInfo [WIFI () - 507], leaving 11 requests.
10-15 23:23:11.995  3957  4157 D ConnectivityService: sending notification RELEASED for NetworkRequest [ TRACK_DEFAULT id=1171, [ Capabilities: INTERNET&NOT_RESTRICTED&TRUSTED&NOT_VPN] ]
10-15 23:23:12.053  3957  4554 D ConnectivityService: filterNetworkStateForUid() uid: 10169 networkInfo: [type: WIFI[] - WIFI, state: CONNECTED/CONNECTED, reason: (unspecified), extra: "ourhome", failover: false, available: true, roaming: false, metered: false]
10-15 23:23:12.053  3957  4554 D WifiService: getConnectionInfo uid=1000
10-15 23:23:12.062  3957  4554 D WifiService: getConnectionInfo uid=1000
10-15 23:23:12.066 11449 11479 W linker  : "/data/app/org.mozilla.fenix-iWpGOrf8cry6RDpwHyQugA==/lib/arm64/libsoftokn3.so" unused DT entry: type 0x8000024 arg 0x2580
10-15 23:23:12.066 11449 11479 W linker  : "/data/app/org.mozilla.fenix-iWpGOrf8cry6RDpwHyQugA==/lib/arm64/libsoftokn3.so" unused DT entry: type 0x8000023 arg 0x70
10-15 23:23:12.066 11449 11479 W linker  : "/data/app/org.mozilla.fenix-iWpGOrf8cry6RDpwHyQugA==/lib/arm64/libsoftokn3.so" unused DT entry: type 0x8000025 arg 0x8
10-15 23:23:12.068 11449 11479 W linker  : "/data/app/org.mozilla.fenix-iWpGOrf8cry6RDpwHyQugA==/lib/arm64/libfreebl3.so" unused DT entry: type 0x8000024 arg 0xe78
10-15 23:23:12.069 11449 11479 W linker  : "/data/app/org.mozilla.fenix-iWpGOrf8cry6RDpwHyQugA==/lib/arm64/libfreebl3.so" unused DT entry: type 0x8000023 arg 0x68
10-15 23:23:12.069 11449 11479 W linker  : "/data/app/org.mozilla.fenix-iWpGOrf8cry6RDpwHyQugA==/lib/arm64/libfreebl3.so" unused DT entry: type 0x8000025 arg 0x8
10-15 23:23:12.074  3957  4554 D WifiService: getConnectionInfo uid=1000
10-15 23:23:12.078  3957  4554 I chatty  : uid=1000(system) Binder:3957_5 identical 1 line
10-15 23:23:12.089  3957  4554 D WifiService: getConnectionInfo uid=1000
10-15 23:23:12.096 11321 11618 I BatteryMgr:DataCollectionService: stats => 1697404992096,-141,4314,-155,0,100
10-15 23:23:12.103  3957  4554 I chatty  : uid=1000(system) Binder:3957_5 identical 5 lines
10-15 23:23:12.103  3957  4554 D WifiService: getConnectionInfo uid=1000
10-15 23:23:12.120  3957  4129 D WifiStateMachine:  ConnectedState !RSSI_PKTCNT_FETCH uid=1000 rt=406981269/1067379497 0 0 "ourhome" f4:6d:2f:12:cc:88 rssi=-47 f=5240 sc=60 link=433 tx=55.3, 10.1, 0.0  rx=55.5 bcn=94846 [on:0 tx:0 rx:0 period:888] from screen [on:114992 period:856253] score=60
10-15 23:23:12.121  3957  4129 D WifiStateMachine:  L2ConnectedState !RSSI_PKTCNT_FETCH uid=1000 rt=406981271/1067379498 0 0 "ourhome" f4:6d:2f:12:cc:88 rssi=-47 f=5240 sc=60 link=433 tx=55.3, 10.1, 0.0  rx=55.5 bcn=94846 [on:0 tx:0 rx:0 period:1] from screen [on:114992 period:856254] score=60
10-15 23:23:12.124  3957  4129 D WifiStateMachine: fetchRssiLinkSpeedAndFrequencyNative rssi=-45 linkspeed=433 freq=5240
10-15 23:23:12.159  3957  4554 D ConnectivityService: filterNetworkStateForUid() uid: 10169 networkInfo: [type: WIFI[] - WIFI, state: CONNECTED/CONNECTED, reason: (unspecified), extra: "ourhome", failover: false, available: true, roaming: false, metered: false]
10-15 23:23:12.160  3957  4554 D WifiService: getConnectionInfo uid=1000
10-15 23:23:12.162  3957  5416 D ConnectivityService: filterNetworkStateForUid() uid: 10169 networkInfo: [type: WIFI[] - WIFI, state: CONNECTED/CONNECTED, reason: (unspecified), extra: "ourhome", failover: false, available: true, roaming: false, metered: false]
10-15 23:23:12.162  3957  5416 D WifiService: getConnectionInfo uid=1000
10-15 23:23:12.182  3957  5416 I chatty  : uid=1000(system) Binder:3957_10 identical 3 lines
10-15 23:23:12.187  3957  5416 D WifiService: getConnectionInfo uid=1000
10-15 23:23:12.206 11321 11618 I BatteryMgr:DataCollectionService: stats => 1697404992206,-141,4314,-155,0,100
10-15 23:23:12.207  3957  5416 D WifiService: getConnectionInfo uid=1000
10-15 23:23:12.238  3957  5416 I chatty  : uid=1000(system) Binder:3957_10 identical 8 lines
10-15 23:23:12.243  3957  5416 I chatty  : uid=1000(system) Binder:3957_10 identical 14 lines
10-15 23:23:12.243  3957  5416 D WifiService: getConnectionInfo uid=1000
10-15 23:23:12.308 11518 11603 E vulkan  : invalid vkGetInstanceProcAddr(VK_NULL_HANDLE, "vkEnumerateInstanceVersion") call
10-15 23:23:12.308 11518 11603 E vulkan  : invalid vkGetInstanceProcAddr(VK_NULL_HANDLE, "vkEnumerateInstanceVersion") call
10-15 23:23:12.313 11518 11603 D vulkan  : searching for layers in '/data/app/org.mozilla.fenix-iWpGOrf8cry6RDpwHyQugA==/lib/arm64'
10-15 23:23:12.314  3957  5416 D ConnectivityService: filterNetworkStateForUid() uid: 10169 networkInfo: [type: WIFI[] - WIFI, state: CONNECTED/CONNECTED, reason: (unspecified), extra: "ourhome", failover: false, available: true, roaming: false, metered: false]
10-15 23:23:12.314  3957  5416 D WifiService: getConnectionInfo uid=1000
10-15 23:23:12.314 11518 11603 D vulkan  : searching for layers in '/data/app/org.mozilla.fenix-iWpGOrf8cry6RDpwHyQugA==/base.apk!/lib/arm64-v8a'
10-15 23:23:12.316 11321 11618 I BatteryMgr:DataCollectionService: stats => 1697404992316,-141,4314,-155,0,100
10-15 23:23:12.325 11518 11603 D vulkan  : vulkan api version_1_0 1.0.0
10-15 23:23:12.325 11518 11603 D vulkan  : vulkan header version 46
10-15 23:23:12.412 11366 11366 I GeckoSession: handleMessage GeckoView:PageStop uri=null
10-15 23:23:12.417 11366 11404 I SessionStorage/AutoSave: Save: Load finished
10-15 23:23:12.430 11321 11618 I BatteryMgr:DataCollectionService: stats => 1697404992429,-141,4314,-155,0,100
10-15 23:23:12.543 11321 11618 I BatteryMgr:DataCollectionService: stats => 1697404992543,-141,4314,-155,0,100
10-15 23:23:12.655 11321 11618 I BatteryMgr:DataCollectionService: stats => 1697404992655,-141,4314,-155,0,100
10-15 23:23:12.660  3957  4554 D ConnectivityService: filterNetworkStateForUid() uid: 10169 networkInfo: [type: WIFI[] - WIFI, state: CONNECTED/CONNECTED, reason: (unspecified), extra: "ourhome", failover: false, available: true, roaming: false, metered: false]
10-15 23:23:12.660  3957  4554 D WifiService: getConnectionInfo uid=1000
10-15 23:23:12.686  3957  4554 I chatty  : uid=1000(system) Binder:3957_5 identical 2 lines
10-15 23:23:12.710  3957  4554 I chatty  : uid=1000(system) Binder:3957_5 identical 3 lines
10-15 23:23:12.711  3957  4554 D WifiService: getConnectionInfo uid=1000
10-15 23:23:12.733  3957  4128 D WifiService: getConnectionInfo uid=1000
10-15 23:23:12.765 11321 11618 I BatteryMgr:DataCollectionService: stats => 1697404992765,-141,4314,-155,0,100
10-15 23:23:12.782  3957  4554 D ConnectivityService: filterNetworkStateForUid() uid: 10169 networkInfo: [type: WIFI[] - WIFI, state: CONNECTED/CONNECTED, reason: (unspecified), extra: "ourhome", failover: false, available: true, roaming: false, metered: false]
10-15 23:23:12.782  3957  4554 D WifiService: getConnectionInfo uid=1000
10-15 23:23:12.860  4961  4961 D io_stats: !@ 179,0 r 5769429 180508304 w 1316282 28447268 d 104669 31792776 f 302133 318986 iot 2522636 2225077 th 51200 0 0 pt 0 inp 0 0 406982.011
10-15 23:23:12.876 11321 11618 I BatteryMgr:DataCollectionService: stats => 1697404992876,-141,4314,-155,0,100
10-15 23:23:12.891 11366 11366 W GeckoSession: No history entries found.
10-15 23:23:12.980  3957  4554 D ConnectivityService: filterNetworkStateForUid() uid: 10169 networkInfo: [type: WIFI[] - WIFI, state: CONNECTED/CONNECTED, reason: (unspecified), extra: "ourhome", failover: false, available: true, roaming: false, metered: false]
10-15 23:23:12.980  3957  4554 D WifiService: getConnectionInfo uid=1000
10-15 23:23:12.988 11321 11618 I BatteryMgr:DataCollectionService: stats => 1697404992987,-141,4314,-155,0,100
10-15 23:23:13.083  3957  5416 D ConnectivityService: filterNetworkStateForUid() uid: 10169 networkInfo: [type: WIFI[] - WIFI, state: CONNECTED/CONNECTED, reason: (unspecified), extra: "ourhome", failover: false, available: true, roaming: false, metered: false]
10-15 23:23:13.084  3957  5416 D WifiService: getConnectionInfo uid=1000
10-15 23:23:13.109 11321 11618 I BatteryMgr:DataCollectionService: stats => 1697404993109,-141,4314,-155,0,100
10-15 23:23:13.123  3957  4129 D WifiStateMachine:  ConnectedState !RSSI_PKTCNT_FETCH uid=1000 rt=406982270/1067380498 0 0 "ourhome" f4:6d:2f:12:cc:88 rssi=-45 f=5240 sc=60 link=433 tx=55.3, 10.1, 0.0  rx=55.5 bcn=94846 [on:0 tx:0 rx:0 period:1002] from screen [on:114992 period:857256] score=60
10-15 23:23:13.130  3957  4129 D WifiStateMachine:  L2ConnectedState !RSSI_PKTCNT_FETCH uid=1000 rt=406982275/1067380502 0 0 "ourhome" f4:6d:2f:12:cc:88 rssi=-45 f=5240 sc=60 link=433 tx=55.3, 10.1, 0.0  rx=55.5 bcn=94846 [on:0 tx:0 rx:0 period:6] from screen [on:114992 period:857262] score=60
10-15 23:23:13.131  3957  4129 D WifiStateMachine: fetchRssiLinkSpeedAndFrequencyNative rssi=-46 linkspeed=433 freq=5240
10-15 23:23:13.225 11321 11618 I BatteryMgr:DataCollectionService: stats => 1697404993225,-141,4314,-155,0,100
10-15 23:23:13.336 11321 11618 I BatteryMgr:DataCollectionService: stats => 1697404993335,-141,4314,-155,0,100
10-15 23:23:13.418  6343  6427 D ScanRecord: Not a Multi Manu data
10-15 23:23:13.440  6343  6427 I chatty  : uid=1002(bluetooth) BT Service Call identical 76 lines
10-15 23:23:13.440  6343  6427 D ScanRecord: Not a Multi Manu data
10-15 23:23:13.448 11321 11618 I BatteryMgr:DataCollectionService: stats => 1697404993448,-141,4314,-155,0,100
10-15 23:23:13.457  6343  6427 D ScanRecord: Not a Multi Manu data
10-15 23:23:13.553  6343  6427 I chatty  : uid=1002(bluetooth) BT Service Call identical 206 lines
10-15 23:23:13.553  6343  6427 D ScanRecord: Not a Multi Manu data
10-15 23:23:13.560 11321 11618 I BatteryMgr:DataCollectionService: stats => 1697404993560,-141,4314,-155,0,100
10-15 23:23:13.563  6343  6427 D ScanRecord: Not a Multi Manu data
10-15 23:23:13.563  6343  6427 I chatty  : uid=1002(bluetooth) BT Service Call identical 9 lines
10-15 23:23:13.563  6343  6427 D ScanRecord: Not a Multi Manu data
10-15 23:23:13.563  3957  6478 D WifiService: getConnectionInfo uid=1000
10-15 23:23:13.563  6343  6427 D ScanRecord: Not a Multi Manu data
10-15 23:23:13.659  6343  6427 I chatty  : uid=1002(bluetooth) BT Service Call identical 195 lines
10-15 23:23:13.659  6343  6427 D ScanRecord: Not a Multi Manu data
10-15 23:23:13.668 11321 11618 I BatteryMgr:DataCollectionService: stats => 1697404993668,-141,4314,-155,0,100
10-15 23:23:13.672  6343  6427 D ScanRecord: Not a Multi Manu data
10-15 23:23:13.732  6343  6427 I chatty  : uid=1002(bluetooth) BT Service Call identical 154 lines
10-15 23:23:13.732  6343  6427 D ScanRecord: Not a Multi Manu data
10-15 23:23:13.735  3957  4128 D WifiService: getConnectionInfo uid=1000
10-15 23:23:13.743  6343  6427 D ScanRecord: Not a Multi Manu data
10-15 23:23:13.767  6343  6427 I chatty  : uid=1002(bluetooth) BT Service Call identical 50 lines
10-15 23:23:13.767  6343  6427 D ScanRecord: Not a Multi Manu data
10-15 23:23:13.776 11321 11618 I BatteryMgr:DataCollectionService: stats => 1697404993775,-141,4314,-155,0,100
10-15 23:23:13.777  6343  6427 D ScanRecord: Not a Multi Manu data
10-15 23:23:13.861  6343  6427 I chatty  : uid=1002(bluetooth) BT Service Call identical 193 lines
10-15 23:23:13.861  6343  6427 D ScanRecord: Not a Multi Manu data
10-15 23:23:13.883 11321 11618 I BatteryMgr:DataCollectionService: stats => 1697404993883,-141,4314,-155,0,100
10-15 23:23:13.889  6343  6427 D ScanRecord: Not a Multi Manu data
10-15 23:23:13.891  6343  6427 I chatty  : uid=1002(bluetooth) BT Service Call identical 24 lines
10-15 23:23:13.891  6343  6427 D ScanRecord: Not a Multi Manu data
10-15 23:23:14.000 11321 11618 I BatteryMgr:DataCollectionService: stats => 1697404994000,-141,4314,-155,0,100
10-15 23:23:14.117 11321 11618 I BatteryMgr:DataCollectionService: stats => 1697404994117,-141,4314,-155,0,100
10-15 23:23:14.122  3957  4129 D WifiStateMachine:  ConnectedState !RSSI_PKTCNT_FETCH uid=1000 rt=406983271/1067381499 0 0 "ourhome" f4:6d:2f:12:cc:88 rssi=-46 f=5240 sc=60 link=433 tx=55.3, 10.1, 0.0  rx=55.5 bcn=94846 [on:0 tx:0 rx:0 period:993] from screen [on:114992 period:858255] score=60
10-15 23:23:14.125  3957  4129 D WifiStateMachine:  L2ConnectedState !RSSI_PKTCNT_FETCH uid=1000 rt=406983274/1067381501 0 0 "ourhome" f4:6d:2f:12:cc:88 rssi=-46 f=5240 sc=60 link=433 tx=55.3, 10.1, 0.0  rx=55.5 bcn=94846 [on:0 tx:0 rx:0 period:2] from screen [on:114992 period:858257] score=60
10-15 23:23:14.128  3957  4129 D WifiStateMachine: fetchRssiLinkSpeedAndFrequencyNative rssi=-45 linkspeed=433 freq=5240
10-15 23:23:14.174  3957  4045 D SamsungAlarmManager: Expired : 4
10-15 23:23:14.175  3957  4045 I SamsungAlarmManager: setLocked to kernel - T:2 / 20231015T233030, SetElapsed=1067817832, nowELAPSED=1067381553
10-15 23:23:14.175  3957  4045 I SamsungAlarmManager: setLocked to kernel - T:3 / 20231015T232359, SetElapsed=1067427378, nowELAPSED=1067381554
10-15 23:23:14.176  3957  4045 V SamsungAlarmManager: Sending to uid : 1000 listener=android.app.AlarmManager$ListenerWrapper@9e91e29 alarm=Alarm{7c49c5f type 2 when 1067381553 android}
10-15 23:23:14.177  3957  4045 V SamsungAlarmManager: Sending to uid : 10074 action=com.samsung.action.EVERY_MINUTE_CLOCK_UPDATE alarm=Alarm{6d5b6ac type 1 when 1697404980000 com.sec.android.app.launcher}
10-15 23:23:14.180  6985  6985 I Launcher: onReceive: com.samsung.action.EVERY_MINUTE_CLOCK_UPDATE
10-15 23:23:14.185  3957  3957 D SamsungAlarmManager: setInexact Listener (T:2/F:0/AC:false) 20231015T232440 - CU:1000/CP:3957
