10-15 23:30:09.341  3957  4129 D WIFI    :   my score=60, my filter=[ Transports: WIFI Capabilities: NOT_METERED&INTERNET&NOT_RESTRICTED&TRUSTED&NOT_VPN LinkUpBandwidth>=1048576Kbps LinkDnBandwidth>=1048576Kbps]
10-15 23:30:09.341  3957  4129 D WIFI    : evalRequest
10-15 23:30:09.341  3957  4129 D WIFI    :   done
10-15 23:30:09.341  3957  4129 D WIFI_UT : got request NetworkRequest [ TRACK_DEFAULT id=1175, [ Capabilities: INTERNET&NOT_RESTRICTED&TRUSTED&NOT_VPN] ] with score 100
10-15 23:30:09.341  3957  4129 D WIFI_UT :   my score=2147483647, my filter=[ Transports: WIFI Capabilities: NOT_METERED&INTERNET&NOT_RESTRICTED&TRUSTED&NOT_VPN LinkUpBandwidth>=1048576Kbps LinkDnBandwidth>=1048576Kbps]
10-15 23:30:09.341  3957  4129 D WIFI_UT : evalRequest
10-15 23:30:09.341  3957  4129 D WIFI_UT :   needNetworkFor
10-15 23:30:09.342  7297  7353 W ResourceType: ResTable_typeSpec entry count inconsistent: given 88, previously 90
10-15 23:30:09.342  7297  7353 W ResourceType: ResTable_typeSpec entry count inconsistent: given 168, previously 172
10-15 23:30:09.343  7297  7353 W ResourceType: ResTable_typeSpec entry count inconsistent: given 3502, previously 3522
10-15 23:30:09.343  7297  7353 W ResourceType: ResTable_typeSpec entry count inconsistent: given 487, previously 4664
10-15 23:30:09.343  3957  4564 D ConnectivityService: filterNetworkStateForUid() uid: 10169 networkInfo: [type: WIFI[] - WIFI, state: CONNECTED/CONNECTED, reason: (unspecified), extra: "ourhome", failover: false, available: true, roaming: false, metered: false]
10-15 23:30:09.343  3957  4564 D WifiService: getConnectionInfo uid=1000
10-15 23:30:09.344  4616  4616 D PhoneSwitcherNetworkRequstListener:   my score=101, my filter=[ Transports: CELLULAR Capabilities: MMS&SUPL&DUN&FOTA&IMS&CBS&IA&RCS&XCAP&EIMS&INTERNET&NOT_RESTRICTED&TRUSTED&NOT_VPN&ENT1 Specifier: <android.net.MatchAllNetworkSpecifier@0>]
10-15 23:30:09.344  4616  4616 D PhoneSwitcherNetworkRequstListener: evalRequest
10-15 23:30:09.344  4616  4616 D PhoneSwitcherNetworkRequstListener:   needNetworkFor
10-15 23:30:09.355 12065 12134 I push::internal::communications::rate_limiter: Not allowed: count(34) > 1 for verify_connection.
10-15 23:30:09.356 12065 12134 I AutoPushFeature: No change to subscriptions. Doing nothing.
10-15 23:30:09.359 12149 12149 E Zygote  : isWhitelistProcess - Process is Whitelisted
10-15 23:30:09.360 12149 12149 E libpersona: scanKnoxPersonas
10-15 23:30:09.360 12149 12149 E libpersona: Couldn't open the File - /data/system/users/0/personalist.xml - No such file or directory
10-15 23:30:09.361 12149 12149 W SELinux : SELinux selinux_android_compute_policy_index : Policy Index[2],  Con:u:r:zygote:s0 RAM:SEPF_SM-J720F_8.0.0_0002, [-1 -1 -1 -1 0 1]
10-15 23:30:09.362 12149 12149 I SELinux : SELinux: seapp_context_lookup: seinfo=untrusted, level=s0:c512,c768, pkgname=org.mozilla.fenix:tab0 
10-15 23:30:09.363  3957 14960 I ActivityManager: Start proc 12149:org.mozilla.fenix:tab0/u0a169 for service org.mozilla.fenix/org.mozilla.gecko.process.GeckoChildProcessServices$tab0
10-15 23:30:09.363  3957  4564 D PackageManager: setEnabledSetting : userId = 0 packageName = org.mozilla.fenix cmp = androidx.work.impl.background.systemalarm.RescheduleReceiver newState = 1 callingPackage = 10169/org.mozilla.fenix
10-15 23:30:09.376  3957  4564 D ConnectivityService: filterNetworkStateForUid() uid: 10169 networkInfo: [type: WIFI[] - WIFI, state: CONNECTED/CONNECTED, reason: (unspecified), extra: "ourhome", failover: false, available: true, roaming: false, metered: false]
10-15 23:30:09.377  3957  4564 D WifiService: getConnectionInfo uid=1000
10-15 23:30:09.396 12149 12149 D TimaKeyStoreProvider: TimaKeyStore is not enabled: cannot add TimaSignature Service and generateKeyPair Service
10-15 23:30:09.396 12149 12149 D ActivityThread: Added TimaKeyStore provider
10-15 23:30:09.399  3957 14957 I ActivityManager: DSS on for org.mozilla.fenix and scale is 1.0
10-15 23:30:09.417 12149 12149 I zygote64: no shared libraies, dex_files: 1
10-15 23:30:09.429 12065 12065 I NavController: Ignoring popBackStack to destination org.mozilla.fenix:id/browserFragment as it was not found on the current back stack
10-15 23:30:09.461  3328  3328 W keymaster2_mdfpp: entered get_key_characteristics function.
10-15 23:30:09.462  3328  3328 W keymaster_tee: [WRN]KEY_PARAMS: AES ENC DEC GCM PADNO AUTH SIZE:256 
10-15 23:30:09.462  3328  3328 W keymaster_tee: [WRN]KEY_PARAMS: 20230928203226 
10-15 23:30:09.463  3328  3328 W keymaster2_mdfpp: exit get_key_characteristics function, returned 0
10-15 23:30:09.467 12065 12065 I ContileTopSitesUpdater: Started periodic work to update Contile top sites
10-15 23:30:09.468  3328  3328 W keymaster2_mdfpp: entered get_key_characteristics function.
10-15 23:30:09.470  3328  3328 W keymaster_tee: [WRN]KEY_PARAMS: AES ENC DEC GCM PADNO AUTH SIZE:256 
10-15 23:30:09.470  3328  3328 W keymaster_tee: [WRN]KEY_PARAMS: 20230928203226 
10-15 23:30:09.470  3328  3328 W keymaster2_mdfpp: exit get_key_characteristics function, returned 0
10-15 23:30:09.482  3328  3328 W keymaster2_mdfpp: entered get_key_characteristics function.
10-15 23:30:09.483  3328  3328 W keymaster_tee: [WRN]KEY_PARAMS: AES ENC DEC GCM PADNO AUTH SIZE:256 
10-15 23:30:09.483  3328  3328 W keymaster_tee: [WRN]KEY_PARAMS: 20230928203226 
10-15 23:30:09.483  3328  3328 W keymaster2_mdfpp: exit get_key_characteristics function, returned 0
10-15 23:30:09.489 12149 12149 I ServiceChildProcess: onCreate
10-15 23:30:09.490  3328  3328 W keymaster2_mdfpp: entered get_key_characteristics function.
10-15 23:30:09.490 12149 12175 I GeckoThread: preparing to run Gecko
10-15 23:30:09.491  3328  3328 W keymaster_tee: [WRN]KEY_PARAMS: AES ENC DEC GCM PADNO AUTH SIZE:256 
10-15 23:30:09.492  3328  3328 W keymaster_tee: [WRN]KEY_PARAMS: 20230928203226 
10-15 23:30:09.492  3328  3328 W keymaster2_mdfpp: exit get_key_characteristics function, returned 0
10-15 23:30:09.492  3328  3328 W keymaster2_mdfpp: entered begin function.
10-15 23:30:09.494  3328  3328 W keymaster2_mdfpp: exit begin function, returned 0
10-15 23:30:09.495  3328  3328 W keymaster2_mdfpp: entered update function.
10-15 23:30:09.496  3328  3328 W keymaster2_mdfpp: exit update function, returned 0
10-15 23:30:09.497  3328  3328 W keymaster2_mdfpp: entered finish function.
10-15 23:30:09.498  3328  3328 W keymaster2_mdfpp: exit finish function, returned 0
10-15 23:30:09.498  3589  3589 W keystore: ENTER remove operation from uid 10169
10-15 23:30:09.527 12065 12123 W logins::schema: user_version: 2
10-15 23:30:09.621 12065 12095 W ResourceType: Too many attribute references, stopped at: 0x01010099
10-15 23:30:09.631 12065 12065 W GeckoViewActivityContextDelegate: A non-activity context was set.
10-15 23:30:09.646 12416 12416 E adbd    : recv: OPEN 00000ea1 00000000 0076:73 68 65 6C 6C 2C 76 32 2C 54 45 52 4D 3D 78 74 65 72 6D 2D 32 35 36 63 6F 6C 6F 72 2C 72 61 77 3A 64 75 6D 70 73 79 73 20 61 63 74 69 76 69 74 79 20 72 65 63 65 6E 74 73 20 7C 20 67 72 65 70 20 22 52 65 63 65 6E 74 20 23 30 22 20 7C 20 63 75 74 20 2D 64 20 22 3D 22 20 2D 66 32 20 7C 20 67 72 65 70 20 2D 6F 20 2D 70 20 22 5B 61 2D 7A 7C 2E 5D 2A 22 00 
10-15 23:30:09.646 12416 12416 E adbd    : service_to_fd: shell,v2,TERM=xterm-256color,raw:dumpsys activity recents | grep "Recent #0" | cut -d "=" -f2 | grep -o -p "[a-z|.]*"
10-15 23:30:09.648  3957 14957 D ConnectivityService: filterNetworkStateForUid() uid: 10169 networkInfo: [type: WIFI[] - WIFI, state: CONNECTED/CONNECTED, reason: (unspecified), extra: "ourhome", failover: false, available: true, roaming: false, metered: false]
10-15 23:30:09.648  3957 14957 D WifiService: getConnectionInfo uid=1000
10-15 23:30:09.649  3957 14957 I chatty  : uid=1000(system) Binder:3957_1E identical 1 line
10-15 23:30:09.649  3957 14957 I chatty  : uid=1000(system) Binder:3957_1E identical 1 line
10-15 23:30:09.650  3957 14957 D ConnectivityService: filterNetworkStateForUid() uid: 10169 networkInfo: [type: WIFI[] - WIFI, state: CONNECTED/CONNECTED, reason: (unspecified), extra: "ourhome", failover: false, available: true, roaming: false, metered: false]
10-15 23:30:09.650  3957 14957 D WifiService: getConnectionInfo uid=1000
10-15 23:30:09.658 12065 12065 I BgSyncManager: Periodic syncing enabled: PeriodicSyncConfig(periodMinutes=240, initialDelayMinutes=5)
10-15 23:30:09.658 12065 12065 I FirefoxAccountStateMachine: Sync is enabled
10-15 23:30:09.663 12065 12105 I StartupTypeTelemetry: Recorded start up: cold_main
10-15 23:30:09.667  3957 14957 D StorageManagerService: getExternalStorageMountMode : 1
10-15 23:30:09.667  3957 14957 D StorageManagerService: getExternalStorageMountMode : 3
10-15 23:30:09.668  3957 14957 D StorageManagerService: getExternalStorageMountMode : final mountMode=1, uid : 10169, packageName : org.mozilla.fenix
10-15 23:30:09.668  3957 14957 I ApplicationPolicy: isApplicationExternalStorageWhitelisted:org.mozilla.fenix user:0
10-15 23:30:09.668  3957 14957 D ApplicationPolicy: isApplicationExternalStorageWhitelisted: DO is not enabled on user 0. Allowed.
10-15 23:30:09.668  3957 14957 D ActivityManager: package  org.mozilla.fenix, user - 0 is SDcard whitelisted
10-15 23:30:09.668  3957 14957 I ApplicationPolicy: isApplicationExternalStorageBlacklisted:org.mozilla.fenix user:0
10-15 23:30:09.668  3957 14957 D ApplicationPolicy: isApplicationExternalStorageBlacklisted: DO is not enabled on user 0. Allowed.
10-15 23:30:09.678 12065 12217 D OpenGLRenderer: HWUI GL Pipeline
10-15 23:30:09.684 12218 12218 E Zygote  : isWhitelistProcess - Process is Whitelisted
10-15 23:30:09.684 12218 12218 E libpersona: scanKnoxPersonas
10-15 23:30:09.684 12218 12218 E libpersona: Couldn't open the File - /data/system/users/0/personalist.xml - No such file or directory
10-15 23:30:09.686 12218 12218 W SELinux : SELinux selinux_android_compute_policy_index : Policy Index[2],  Con:u:r:zygote:s0 RAM:SEPF_SM-J720F_8.0.0_0002, [-1 -1 -1 -1 0 1]
10-15 23:30:09.686 12218 12218 I SELinux : SELinux: seapp_context_lookup: seinfo=untrusted, level=s0:c512,c768, pkgname=org.mozilla.fenix:gpu 
10-15 23:30:09.686  3957 14957 I ActivityManager: Start proc 12218:org.mozilla.fenix:gpu/u0a169 for service org.mozilla.fenix/org.mozilla.gecko.process.GeckoChildProcessServices$gpu
10-15 23:30:09.687 12065 12095 W linker  : "/data/app/org.mozilla.fenix-iWpGOrf8cry6RDpwHyQugA==/lib/arm64/libsoftokn3.so" unused DT entry: type 0x8000024 arg 0x2580
10-15 23:30:09.688 12065 12095 W linker  : "/data/app/org.mozilla.fenix-iWpGOrf8cry6RDpwHyQugA==/lib/arm64/libsoftokn3.so" unused DT entry: type 0x8000023 arg 0x70
10-15 23:30:09.688 12065 12095 W linker  : "/data/app/org.mozilla.fenix-iWpGOrf8cry6RDpwHyQugA==/lib/arm64/libsoftokn3.so" unused DT entry: type 0x8000025 arg 0x8
10-15 23:30:09.691 12065 12095 W linker  : "/data/app/org.mozilla.fenix-iWpGOrf8cry6RDpwHyQugA==/lib/arm64/libfreebl3.so" unused DT entry: type 0x8000024 arg 0xe78
10-15 23:30:09.692 12065 12095 W linker  : "/data/app/org.mozilla.fenix-iWpGOrf8cry6RDpwHyQugA==/lib/arm64/libfreebl3.so" unused DT entry: type 0x8000023 arg 0x68
10-15 23:30:09.692 12065 12095 W linker  : "/data/app/org.mozilla.fenix-iWpGOrf8cry6RDpwHyQugA==/lib/arm64/libfreebl3.so" unused DT entry: type 0x8000025 arg 0x8
10-15 23:30:09.693 12065 12065 D ViewRootImpl@878045a[App]: setView = DecorView@b982c03[App] TM=true MM=false
10-15 23:30:09.693  3957 14957 D ActivityManager: post active user change for 0 fullscreen true isHomeActivity() false
10-15 23:30:09.694 12065 12065 I Choreographer: Skipped 54 frames!  The application may be doing too much work on its main thread.
10-15 23:30:09.696  3957  4129 D WifiStateMachine:  ConnectedState !RSSI_PKTCNT_FETCH uid=1000 rt=407398846/1067797074 0 0 "ourhome" f4:6d:2f:12:cc:88 rssi=-44 f=5240 sc=60 link=433 tx=37.1, 12.1, 0.0  rx=88.8 bcn=98614 [on:0 tx:0 rx:0 period:999] from screen [on:171035 period:1273829] score=60
10-15 23:30:09.697  3957  4129 D WifiStateMachine:  L2ConnectedState !RSSI_PKTCNT_FETCH uid=1000 rt=407398847/1067797074 0 0 "ourhome" f4:6d:2f:12:cc:88 rssi=-44 f=5240 sc=60 link=433 tx=37.1, 12.1, 0.0  rx=88.8 bcn=98614 [on:0 tx:0 rx:0 period:0] from screen [on:171035 period:1273829] score=60
10-15 23:30:09.697 12065 12065 D ViewRootImpl@878045a[App]: dispatchAttachedToWindow
10-15 23:30:09.702  3957 14957 V WindowManager: Relayout Window{de612ad u0 org.mozilla.fenix/org.mozilla.fenix.App}: viewVisibility=0 req=719x1237 WM.LayoutParams{(0,0)(fillxfill) sim=#110 ty=1 fl=#81010100 pfl=0x20000 wanim=0x7f1404fa vsysui=0x2610 needsMenuKey=2 colorMode=0 naviIconColor=0}
10-15 23:30:09.702  3957  4129 D WifiStateMachine: fetchRssiLinkSpeedAndFrequencyNative rssi=-43 linkspeed=433 freq=5240
10-15 23:30:09.706  3447  3447 I SurfaceFlinger: id=1865 createSurf (720x1280),1 flag=404, org.mozilla.fenix/org.mozilla.fenix.App#0
10-15 23:30:09.707  3957 14957 V Surface : sf_framedrop debug : 0x4f4c, game : false, logging : 0
10-15 23:30:09.708  3957  3973 D WindowManager: set systemUiVisibility : systemUiFlags= 0x2608 fullscreenStackSysUiFlags= 0x0
10-15 23:30:09.708 12218 12218 D TimaKeyStoreProvider: TimaKeyStore is not enabled: cannot add TimaSignature Service and generateKeyPair Service
10-15 23:30:09.708 12218 12218 D ActivityThread: Added TimaKeyStore provider
10-15 23:30:09.709 12065 12189 W linker  : "/data/app/org.mozilla.fenix-iWpGOrf8cry6RDpwHyQugA==/lib/arm64/libnssckbi.so" unused DT entry: type 0x8000024 arg 0xc08
10-15 23:30:09.709 12065 12189 W linker  : "/data/app/org.mozilla.fenix-iWpGOrf8cry6RDpwHyQugA==/lib/arm64/libnssckbi.so" unused DT entry: type 0x8000023 arg 0x258
10-15 23:30:09.710 12065 12189 W linker  : "/data/app/org.mozilla.fenix-iWpGOrf8cry6RDpwHyQugA==/lib/arm64/libnssckbi.so" unused DT entry: type 0x8000025 arg 0x8
10-15 23:30:09.710  3957 14957 D InputDispatcher: Focus entered window: 12065
10-15 23:30:09.711  3957  4564 I ActivityManager: DSS on for org.mozilla.fenix and scale is 1.0
10-15 23:30:09.712 12065 12065 V Surface : sf_framedrop debug : 0x4f4c, game : false, logging : 0
10-15 23:30:09.712  3957 14960 D WindowManager: adjustSystemUiVisibilityLw : vis= 0x2608
10-15 23:30:09.712 12065 12065 D ViewRootImpl@878045a[App]: Relayout returned: old=[0,0][0,0] new=[0,0][720,1280] result=0x7 surface={valid=true 499289604096} changed=true
10-15 23:30:09.712 12065 12217 I OpenGLRenderer: Initialized EGL, version 1.4
10-15 23:30:09.712 12065 12217 D OpenGLRenderer: Swap behavior 2
10-15 23:30:09.718 12065 12217 D libGLESv1: STS_GLApi : DTS, ODTC are not allowed for Package : org.mozilla.fenix
10-15 23:30:09.719  3447  3447 I SurfaceFlinger: id=1866 createSurf (720x1238),1 flag=4, SurfaceView - org.mozilla.fenix/org.mozilla.fenix.App@1c9bb29@0#0
10-15 23:30:09.720  3447  3447 I SurfaceFlinger: id=1867 createSurf (720x1238),-1 flag=20004, Background for - SurfaceView - org.mozilla.fenix/org.mozilla.fenix.App@1c9bb29@0#0
10-15 23:30:09.720 12065 12217 D mali_winsys: EGLint new_window_surface(egl_winsys_display *, void *, EGLSurface, EGLConfig, egl_winsys_surface **, egl_color_buffer_format *, EGLBoolean) returns 0x3000,  [720x1280]-format:1
10-15 23:30:09.720 12065 12065 D SurfaceView: BG hide() Surface(name=Background for - SurfaceView - org.mozilla.fenix/org.mozilla.fenix.App@1c9bb29@0) false true org.mozilla.gecko.MagnifiableSurfaceView{1c9bb29 V.E...... ......ID 0,0-720,1238}
10-15 23:30:09.720 12065 12217 D OpenGLRenderer: eglCreateWindowSurface = 0x743aea8780
10-15 23:30:09.721  3957  4564 D ConnectivityService: filterNetworkStateForUid() uid: 10169 networkInfo: [type: WIFI[] - WIFI, state: CONNECTED/CONNECTED, reason: (unspecified), extra: "ourhome", failover: false, available: true, roaming: false, metered: false]
10-15 23:30:09.721  3957  4564 D WifiService: getConnectionInfo uid=1000
10-15 23:30:09.728 12218 12218 I zygote64: no shared libraies, dex_files: 1
10-15 23:30:09.730 12416 12416 E adbd    : recv: OPEN 00000ea5 00000000 0042:73 68 65 6C 6C 2C 76 32 2C 54 45 52 4D 3D 78 74 65 72 6D 2D 32 35 36 63 6F 6C 6F 72 2C 72 61 77 3A 67 65 74 70 72 6F 70 20 72 6F 2E 62 75 69 6C 64 2E 76 65 72 73 69 6F 6E 2E 72 65 6C 65 61 73 65 00 
10-15 23:30:09.730 12416 12416 E adbd    : service_to_fd: shell,v2,TERM=xterm-256color,raw:getprop ro.build.version.release
10-15 23:30:09.731 12065 12065 V Surface : sf_framedrop debug : 0x4f4c, game : false, logging : 0
10-15 23:30:09.732 12065 12065 D SurfaceView: surfaceCreated 1 org.mozilla.gecko.MagnifiableSurfaceView{1c9bb29 V.E...... ......ID 0,0-720,1238}
10-15 23:30:09.732 12065 12065 D SurfaceView: surfaceChanged (720,1238) 1 org.mozilla.gecko.MagnifiableSurfaceView{1c9bb29 V.E...... ......ID 0,0-720,1238}
10-15 23:30:09.736  3957  6478 D SSRM:k  : SIOP:: AP = 340, PST = 346 (W:30), BAT = 320, USB = 0, CHG = 0
10-15 23:30:09.752 12065 12094 I libglean_ffi: glean_core::ping: Collecting baseline
10-15 23:30:09.761 12065 12094 I libglean_ffi: glean_core::upload::directory: Processing ping at: /data/user/0/org.mozilla.fenix/glean_data/pending_pings/53fbc4e5-5107-4e81-90e4-691dd0b84c17
10-15 23:30:09.763 12065 12094 I libglean_ffi: glean_core::metrics::ping: The ping 'baseline' was submitted and will be sent as soon as possible
10-15 23:30:09.775  3957  4564 D ConnectivityService: filterNetworkStateForUid() uid: 10169 networkInfo: [type: WIFI[] - WIFI, state: CONNECTED/CONNECTED, reason: (unspecified), extra: "ourhome", failover: false, available: true, roaming: false, metered: false]
10-15 23:30:09.775  3957  4564 D WifiService: getConnectionInfo uid=1000
10-15 23:30:09.786  3599  3918 D DnsProxyListener: DNSDBG::dns addrinfo af 0
10-15 23:30:09.787 12416 12416 E adbd    : recv: OPEN 00000ea9 00000000 003e:73 68 65 6C 6C 2C 76 32 2C 54 45 52 4D 3D 78 74 65 72 6D 2D 32 35 36 63 6F 6C 6F 72 2C 72 61 77 3A 67 65 74 70 72 6F 70 20 72 6F 2E 62 75 69 6C 64 2E 76 65 72 73 69 6F 6E 2E 73 64 6B 00 
10-15 23:30:09.787 12416 12416 E adbd    : service_to_fd: shell,v2,TERM=xterm-256color,raw:getprop ro.build.version.sdk
10-15 23:30:09.790  3599  3918 D DnsProxyListener: DNSDBG::dns addrinfo af 0
10-15 23:30:09.793  3599  3918 D DnsProxyListener: DNSDBG::dns addrinfo af 0
10-15 23:30:09.794 12218 12218 I ServiceChildProcess: onCreate
10-15 23:30:09.795 12218 12252 I GeckoThread: preparing to run Gecko
10-15 23:30:09.828  3957  4564 D ConnectivityService: filterNetworkStateForUid() uid: 10169 networkInfo: [type: WIFI[] - WIFI, state: CONNECTED/CONNECTED, reason: (unspecified), extra: "ourhome", failover: false, available: true, roaming: false, metered: false]
10-15 23:30:09.828  3957  4564 D WifiService: getConnectionInfo uid=1000
10-15 23:30:09.830  3957 14960 D ConnectivityService: filterNetworkStateForUid() uid: 10169 networkInfo: [type: WIFI[] - WIFI, state: CONNECTED/CONNECTED, reason: (unspecified), extra: "ourhome", failover: false, available: true, roaming: false, metered: false]
10-15 23:30:09.830  3957 14960 D WifiService: getConnectionInfo uid=1000
10-15 23:30:09.831  3957 14960 D WifiService: getConnectionInfo uid=1000
10-15 23:30:09.837 12065 12257 I FirefoxAccountStateMachine: Processing event 'mozilla.components.service.fxa.manager.Event$Account$Start@b89ced4' for state Idle(accountState=NotAuthenticated). Next state is Active(progressState=Initializing)
10-15 23:30:09.840  3957 14960 D WifiService: getConnectionInfo uid=1000
10-15 23:30:09.841  3957 14960 I chatty  : uid=1000(system) Binder:3957_1F identical 3 lines
10-15 23:30:09.841  3957 14960 I chatty  : uid=1000(system) Binder:3957_1F identical 1 line
10-15 23:30:09.842  3957 14960 D ConnectivityService: filterNetworkStateForUid() uid: 10169 networkInfo: [type: WIFI[] - WIFI, state: CONNECTED/CONNECTED, reason: (unspecified), extra: "ourhome", failover: false, available: true, roaming: false, metered: false]
10-15 23:30:09.842  3957 14960 D WifiService: getConnectionInfo uid=1000
10-15 23:30:09.844  3957  4564 V WindowManager: Relayout Window{de612ad u0 org.mozilla.fenix/org.mozilla.fenix.App}: viewVisibility=0 req=720x1280 WM.LayoutParams{(0,0)(fillxfill) sim=#110 ty=1 fl=#81010100 pfl=0x20000 fmt=-3 wanim=0x7f1404fa vsysui=0x2610 needsMenuKey=2 colorMode=0 naviIconColor=0}
10-15 23:30:09.851 12065 12065 D ViewRootImpl@878045a[App]: Relayout returned: old=[0,0][720,1280] new=[0,0][720,1280] result=0x3 surface={valid=true 499289604096} changed=false
10-15 23:30:09.852 12416 12416 E adbd    : recv: OPEN 00000ead 00000000 0042:73 68 65 6C 6C 2C 76 32 2C 54 45 52 4D 3D 78 74 65 72 6D 2D 32 35 36 63 6F 6C 6F 72 2C 72 61 77 3A 67 65 74 70 72 6F 70 20 72 6F 2E 62 75 69 6C 64 2E 76 65 72 73 69 6F 6E 2E 72 65 6C 65 61 73 65 00 
10-15 23:30:09.852 12416 12416 E adbd    : service_to_fd: shell,v2,TERM=xterm-256color,raw:getprop ro.build.version.release
10-15 23:30:09.857  3328  3328 W keymaster2_mdfpp: entered get_key_characteristics function.
10-15 23:30:09.859  3328  3328 W keymaster_tee: [WRN]KEY_PARAMS: AES ENC DEC GCM PADNO AUTH SIZE:256 
10-15 23:30:09.859  3328  3328 W keymaster_tee: [WRN]KEY_PARAMS: 20230928203226 
10-15 23:30:09.859  3328  3328 W keymaster2_mdfpp: exit get_key_characteristics function, returned 0
10-15 23:30:09.863  3328  3328 W keymaster2_mdfpp: entered get_key_characteristics function.
10-15 23:30:09.865  3957  4128 D WifiService: getConnectionInfo uid=1000
10-15 23:30:09.866  3328  3328 W keymaster_tee: [WRN]KEY_PARAMS: AES ENC DEC GCM PADNO AUTH SIZE:256 
10-15 23:30:09.866  3328  3328 W keymaster_tee: [WRN]KEY_PARAMS: 20230928203226 
10-15 23:30:09.866  3328  3328 W keymaster2_mdfpp: exit get_key_characteristics function, returned 0
10-15 23:30:09.879  3599  3918 D DnsProxyListener: DNSDBG::dns addrinfo af 0
10-15 23:30:09.880  3599  3918 D DnsProxyListener: DNSDBG::dns addrinfo af 0
10-15 23:30:09.880  3599  3918 D DnsProxyListener: DNSDBG::dns addrinfo af 2
10-15 23:30:09.883  3599  3918 D DnsProxyListener: DNSDBG::dns addrinfo af 0
10-15 23:30:09.898  3599  3918 D DnsProxyListener: DNSDBG::dns addrinfo af 0
10-15 23:30:09.903 12065 12257 I FirefoxAccount: Registering persistence callback
10-15 23:30:09.904 12065 12257 I FirefoxAccountStateMachine: Ran 'mozilla.components.service.fxa.manager.Event$Account$Start@b89ced4' side-effects for state Active(progressState=Initializing), got successive event mozilla.components.service.fxa.manager.Event$Progress$AccountNotFound@2bbfeca
10-15 23:30:09.904 12065 12257 I FirefoxAccountStateMachine: Processing event 'mozilla.components.service.fxa.manager.Event$Progress$AccountNotFound@2bbfeca' for state Active(progressState=Initializing). Next state is Idle(accountState=NotAuthenticated)
10-15 23:30:09.907 12416 12416 E adbd    : recv: OPEN 00000eb1 00000000 003e:73 68 65 6C 6C 2C 76 32 2C 54 45 52 4D 3D 78 74 65 72 6D 2D 32 35 36 63 6F 6C 6F 72 2C 72 61 77 3A 67 65 74 70 72 6F 70 20 72 6F 2E 62 75 69 6C 64 2E 76 65 72 73 69 6F 6E 2E 73 64 6B 00 
10-15 23:30:09.907 12416 12416 E adbd    : service_to_fd: shell,v2,TERM=xterm-256color,raw:getprop ro.build.version.sdk
10-15 23:30:09.909  3599  3918 D DnsProxyListener: DNSDBG::dns addrinfo af 2
10-15 23:30:09.912  3957 14957 V WindowManager: finishDrawingLocked: mDrawState=COMMIT_DRAW_PENDING Window{de612ad u0 org.mozilla.fenix/org.mozilla.fenix.App} in Surface(name=org.mozilla.fenix/org.mozilla.fenix.App)
10-15 23:30:09.913 12065 12065 D ViewRootImpl@878045a[App]: MSG_RESIZED_REPORT: frame=Rect(0, 0 - 720, 1280) ci=Rect(0, 42 - 0, 0) vi=Rect(0, 42 - 0, 0) or=1
10-15 23:30:09.913 12065 12065 D ViewRootImpl@878045a[App]: MSG_WINDOW_FOCUS_CHANGED 1
10-15 23:30:09.917 12065 12095 W GeckoEventDispatcher: No listener for GeckoView:PageAction:Update
10-15 23:30:09.918  3599  3918 D DnsProxyListener: DNSDBG::dns addrinfo af 0
10-15 23:30:09.920  3957  4025 D ViewRootImpl@9a9e007[fenix]: dispatchDetachedFromWindow
10-15 23:30:09.920  3957  4025 D InputEventReceiver: channel 'c00b534 Splash Screen org.mozilla.fenix (client)' ~ Disposing input event receiver.
10-15 23:30:09.920  3957  4025 D InputEventReceiver: channel 'c00b534 Splash Screen org.mozilla.fenix (client)' ~NativeInputEventReceiver.
10-15 23:30:09.924  3957  3973 D WindowManager: set systemUiVisibility : systemUiFlags= 0x2618 fullscreenStackSysUiFlags= 0x0
10-15 23:30:09.925  3957 14960 D WindowManager: adjustSystemUiVisibilityLw : vis= 0x2618
10-15 23:30:09.928  3957  3981 I ActivityManager: Displayed org.mozilla.fenix/.App: +1s365ms
10-15 23:30:09.929  3957  3981 D CustomFrequencyManagerService: acquireDVFSLockLocked : type : DVFS_MIN_LIMIT  frequency : 1560000  uid : 1000  pid : 3957  pkgName : AMS_RESUME_TAIL@CPU_MIN@58
10-15 23:30:09.930  3957  3981 D ActivityManagerPerformance: AMP_acquire() TAIL
10-15 23:30:09.930  3957  3981 D CustomFrequencyManagerService: releaseDVFSLockLocked : Getting Lock type frm List : DVFS_MIN_LIMIT  frequency : 1560000  uid : 1000  pid : 3957  tag : AMS_APP_SWITCH@CPU_MIN@52
10-15 23:30:09.931  3957  3981 D ActivityManagerPerformance: AMP_release() APP_SWITCH
10-15 23:30:09.935  3957  3973 D WindowManager: set systemUiVisibility : systemUiFlags= 0x2618 fullscreenStackSysUiFlags= 0x2000
10-15 23:30:09.937 12065 12076 I zygote64: Background concurrent copying GC freed 24664(2MB) AllocSpace objects, 26(632KB) LOS objects, 49% free, 3MB/6MB, paused 1.953ms total 100.516ms
10-15 23:30:09.938 12065 12065 V InputMethodManager: Starting input: tba=android.view.inputmethod.EditorInfo@be9383b nm : org.mozilla.fenix ic=null
10-15 23:30:09.938 12065 12065 I InputMethodManager: startInputInner - mService.startInputOrWindowGainedFocus
10-15 23:30:09.938  3957 14957 D InputMethodManagerService: startInputOrWindowGainedFocus : windowGainedFocus 
10-15 23:30:09.938  3957 14957 D InputMethodManagerService: windowGainedFocus: destinationUserId (getCallingUid) = 0
10-15 23:30:09.938  3957 14957 D InputMethodManagerService: windowGainedFocus: currentUserId=0
10-15 23:30:09.938  3957 14957 D InputMethodManagerService: windowGainedFocus: mCurrentFocusedUserId=0
10-15 23:30:09.938  3957 14957 D InputMethodManagerService: windowGainedFocus : lock - currentUserId = 0 destinationUserId = 0
10-15 23:30:09.939  3957 14957 D InputMethodManagerService: windowGainedFocus : mCurrentFocusedUserId - 0 and mSecureKeypadEnabled - false, userSwitched - false
10-15 23:30:09.939  3957 14957 V InputMethodManagerService: windowGainedFocus : reason=WINDOW_FOCUS_GAIN client=android.os.BinderProxy@3519dfb inputContext=null missingMethods= attribute=android.view.inputmethod.EditorInfo@6adc7e1 nm = org.mozilla.fenix controlFlags=#104 softInputMode=#110 windowFlags=#81010100
10-15 23:30:09.939  3957 14957 V InputMethodManagerService: hideCurrentInputLocked : shouldHideSoftInput is false
10-15 23:30:09.939  3957 14957 D InputMethodManagerService: isImeSwitcherDisabledPackage : false
10-15 23:30:09.939  3957 14957 V InputMethodManagerService: Creating new session for client ClientState{3ead906 uid 10169 pid 12065}
10-15 23:30:09.942  3957 14957 D InputMethodManagerService: setCurrentInputInfo - inputContext : null eidtorInfo : android.view.inputmethod.EditorInfo@6adc7e1 missingMethods : 0
10-15 23:30:09.942  6896  6896 I InputMethodWrapper:  call dispatchStartInputWithToken
10-15 23:30:09.943  6896  6896 I InputMethodService: dispatchStartInputWithToken
10-15 23:30:09.943  6896  6896 I SKBD    : SamsungKeypad [IMI] onStartInput - caller pid : 12065, caller uid : 10169
10-15 23:30:09.945 12065 12277 I libglean_ffi: glean_core::upload: New upload task with id 9bf08e27-ecd2-4083-aab1-f3cc385bd1fc (path: /submit/org-mozilla-fenix/events/1/9bf08e27-ecd2-4083-aab1-f3cc385bd1fc)
10-15 23:30:09.946  3957  4564 D ConnectivityService: filterNetworkStateForUid() uid: 10169 networkInfo: [type: WIFI[] - WIFI, state: CONNECTED/CONNECTED, reason: (unspecified), extra: "ourhome", failover: false, available: true, roaming: false, metered: false]
10-15 23:30:09.946  3957  4564 D WifiService: getConnectionInfo uid=1000
10-15 23:30:09.947  3957  4564 I chatty  : uid=1000(system) Binder:3957_6 identical 1 line
10-15 23:30:09.948  3957  4564 I chatty  : uid=1000(system) Binder:3957_6 identical 2 lines
10-15 23:30:09.948  3957  4564 D WifiService: getConnectionInfo uid=1000
10-15 23:30:09.949 12218 12252 W linker  : "/data/app/org.mozilla.fenix-iWpGOrf8cry6RDpwHyQugA==/lib/arm64/libmozglue.so" unused DT entry: type 0x8000024 arg 0x38f70
10-15 23:30:09.949 12218 12252 W linker  : "/data/app/org.mozilla.fenix-iWpGOrf8cry6RDpwHyQugA==/lib/arm64/libmozglue.so" unused DT entry: type 0x8000023 arg 0x1f8
10-15 23:30:09.950 12218 12252 W linker  : "/data/app/org.mozilla.fenix-iWpGOrf8cry6RDpwHyQugA==/lib/arm64/libmozglue.so" unused DT entry: type 0x8000025 arg 0x8
10-15 23:30:09.954 12218 12252 I GeckoLoader: Library base=/data/app/org.mozilla.fenix-iWpGOrf8cry6RDpwHyQugA==/lib/arm64
10-15 23:30:09.954 12218 12252 I GeckoLoader: Library base=/data/app/org.mozilla.fenix-iWpGOrf8cry6RDpwHyQugA==/lib/arm64
10-15 23:30:09.956 12218 12252 E GeckoLibLoad: Load sqlite start
10-15 23:30:09.957 12065 12065 V InputMethodManager: Starting input: tba=android.view.inputmethod.EditorInfo@621595d nm : org.mozilla.fenix ic=null
10-15 23:30:09.957 12218 12252 W linker  : "/data/app/org.mozilla.fenix-iWpGOrf8cry6RDpwHyQugA==/lib/arm64/libnss3.so" unused DT entry: type 0x8000024 arg 0x14998
10-15 23:30:09.957 12218 12252 W linker  : "/data/app/org.mozilla.fenix-iWpGOrf8cry6RDpwHyQugA==/lib/arm64/libnss3.so" unused DT entry: type 0x8000023 arg 0x5c8
10-15 23:30:09.957 12218 12252 W linker  : "/data/app/org.mozilla.fenix-iWpGOrf8cry6RDpwHyQugA==/lib/arm64/libnss3.so" unused DT entry: type 0x8000025 arg 0x8
10-15 23:30:09.958 12218 12252 E GeckoLibLoad: Load sqlite done
10-15 23:30:09.958 12218 12252 I GeckoLoader: Library base=/data/app/org.mozilla.fenix-iWpGOrf8cry6RDpwHyQugA==/lib/arm64
10-15 23:30:09.959 12218 12252 E GeckoLibLoad: Load nss start
10-15 23:30:09.959 12218 12252 E GeckoLibLoad: Load nss done
10-15 23:30:09.959 12218 12252 I GeckoLoader: Library base=/data/app/org.mozilla.fenix-iWpGOrf8cry6RDpwHyQugA==/lib/arm64
10-15 23:30:09.961 12218 12252 W linker  : "/data/app/org.mozilla.fenix-iWpGOrf8cry6RDpwHyQugA==/lib/arm64/libxul.so" unused DT entry: type 0x8000024 arg 0x539420
10-15 23:30:09.961 12218 12252 W linker  : "/data/app/org.mozilla.fenix-iWpGOrf8cry6RDpwHyQugA==/lib/arm64/libxul.so" unused DT entry: type 0x8000023 arg 0x17d68
10-15 23:30:09.961 12218 12252 W linker  : "/data/app/org.mozilla.fenix-iWpGOrf8cry6RDpwHyQugA==/lib/arm64/libxul.so" unused DT entry: type 0x8000025 arg 0x8
10-15 23:30:09.973  3447  3447 I SurfaceFlinger: Display 0 HWC layers:
10-15 23:30:09.973  3447  3447 I SurfaceFlinger:     type    |    handle    | flag |  format   |   source crop (l,t,r,b)    |         frame       | name 
10-15 23:30:09.973  3447  3447 I SurfaceFlinger: ------------+--------------+------+-----------+----------------------------+---------------------+------
10-15 23:30:09.973  3447  3447 I SurfaceFlinger:      Client | 0x7e9ecdfb80 | 0000 | RGBA_8888 |   0.0    0.0  720.0 1280.0 |    0    0  720 1280 | org.mozilla.fenix/org.mozilla.fenix.App#0
10-15 23:30:09.973  3447  3447 I SurfaceFlinger:      Client | 0x7ea118e940 | 0000 | RGBA_8888 |   0.0    0.0  720.0 1280.0 |    0    0  720 1280 | Splash Screen org.mozilla.fenix#0
10-15 23:30:09.973  3447  3447 I SurfaceFlinger:      Client | 0x7e9ed37900 | 0000 | RGBA_8888 |   0.0    0.0  720.0   42.0 |    0    0  720   42 | StatusBar#0
10-15 23:30:09.973  3447  3447 I SurfaceFlinger: 
10-15 23:30:09.983 12218 12252 E GeckoLibLoad: Loaded libs in 24.350923ms total, 12ms(12ms) user, 12ms(12ms) system, 0(0) faults
10-15 23:30:09.983 12218 12252 W GeckoThread: zerdatime 1067797362 - runGecko
10-15 23:30:09.993 12416 12416 E adbd    : recv: OPEN 00000eb5 00000000 015d:73 68 65 6C 6C 2C 76 32 2C 54 45 52 4D 3D 78 74 65 72 6D 2D 32 35 36 63 6F 6C 6F 72 2C 72 61 77 3A 61 6D 20 73 74 61 72 74 2D 66 6F 72 65 67 72 6F 75 6E 64 2D 73 65 72 76 69 63 65 20 2D 6E 20 22 63 6F 6D 2E 65 78 61 6D 70 6C 65 2E 62 61 74 74 65 72 79 6D 61 6E 61 67 65 72 5F 75 74 69 6C 69 74 79 2F 63 6F 6D 2E 65 78 61 6D 70 6C 65 2E 62 61 74 74 65 72 79 6D 61 6E 61 67 65 72 5F 75 74 69 6C 69 74 79 2E 44 61 74 61 43 6F 6C 6C 65 63 74 69 6F 6E 53 65 72 76 69 63 65 22 20 2D 2D 65 69 20 73 61 6D 70 6C 65 52 61 74 65 20 31 30 30 20 2D 2D 65 73 20 22 64 61 74 61 46 69 65 6C 64 73 22 20 22 42 41 54 54 45 52 59 5F 50 52 4F 50 45 52 54 59 5F 43 55 52 52 45 4E 54 5F 4E 4F 57 2C 45 58 54 52 41 5F 56 4F 4C 54 41 47 45 2C 42 41 54 54 45 52 59 5F 50 52 4F 50 45 52 54 59 5F 43 55 52 52 45 4E 54 5F 41 56 45 52 41 47 45 2C 42 41 54 54 45 52 59 5F 50 52 4F 50 45 52 54 59 5F 43 48 41 52 47 45 5F 43 4F 55 4E 54 45 52 2C 42 41 54 54 45 52 59 5F 50 52 4F 50 45 52 54 59 5F 43 41 50 41 43 49 54 59
10-15 23:30:09.993 12416 12416 E adbd    : service_to_fd: shell,v2,TERM=xterm-256color,raw:am start-foreground-service -n "com.example.batterymanager_utility/com.example.batterymanager_utility.DataCollectionService" --ei sampleRate 100 --es "dataFields" "BATTERY_PROPERTY_CURRENT_NOW,EXTRA_VOLTAGE,BATTERY_PROPERTY_CURRENT_AVERAGE,BATTERY_PROPERTY_CHARGE_COUNTER,BATTERY_PROPERTY_CAPACITY" --ez toCSV false
10-15 23:30:10.001  3957  4564 D ConnectivityService: filterNetworkStateForUid() uid: 10169 networkInfo: [type: WIFI[] - WIFI, state: CONNECTED/CONNECTED, reason: (unspecified), extra: "ourhome", failover: false, available: true, roaming: false, metered: false]
10-15 23:30:10.001  3957  4564 D WifiService: getConnectionInfo uid=1000
10-15 23:30:10.008  3599  3918 D DnsProxyListener: DNSDBG::dns addrinfo af 0
10-15 23:30:10.023 12065 12065 D skia    : approximate: numPoints=40, lengths[39]=620.200073, totalLength=620.200073, segmentPoints[39]=[422.600037,0.000000]
10-15 23:30:10.023 12065 12065 D skia    : approximate: approximation[117]=1.000000, approximation[118]=422.600037, approximation[119]=0.000000
10-15 23:30:10.024 12065 12065 D skia    : approximate: numPoints=4, lengths[3]=3.448155, totalLength=3.448155, segmentPoints[3]=[3.000000,0.100000]
10-15 23:30:10.024 12065 12065 D skia    : approximate: approximation[9]=1.000000, approximation[10]=3.000000, approximation[11]=0.100000
10-15 23:30:10.025 12065 12065 D skia    : approximate: numPoints=37, lengths[36]=722.199951, totalLength=722.199951, segmentPoints[36]=[199.600006,0.000000]
10-15 23:30:10.026 12065 12065 D skia    : approximate: approximation[108]=1.000000, approximation[109]=199.600006, approximation[110]=0.000000
10-15 23:30:10.026 12065 12065 D skia    : approximate: numPoints=3, lengths[2]=2.472497, totalLength=2.472497, segmentPoints[2]=[2.000000,0.100000]
10-15 23:30:10.026 12065 12065 D skia    : approximate: approximation[6]=1.000000, approximation[7]=2.000000, approximation[8]=0.100000
10-15 23:30:10.033 12065 12065 V InputMethodManager: Starting input: tba=android.view.inputmethod.EditorInfo@c90d465 nm : org.mozilla.fenix ic=null
10-15 23:30:10.033 12065 12065 I InputMethodManager: startInputInner - mService.startInputOrWindowGainedFocus
10-15 23:30:10.034  3957  4564 D InputMethodManagerService: startInputOrWindowGainedFocus : startInput 
10-15 23:30:10.034  3957  4564 D InputMethodManagerService: setCurrentInputInfo - inputContext : null eidtorInfo : android.view.inputmethod.EditorInfo@b5e011d missingMethods : 0
10-15 23:30:10.035  6896  6896 I InputMethodWrapper:  call dispatchStartInputWithToken
10-15 23:30:10.035  6896  6896 I InputMethodService: dispatchStartInputWithToken
10-15 23:30:10.035  6896  6896 I SKBD    : SamsungKeypad [IMI] onStartInput - caller pid : 12065, caller uid : 10169
10-15 23:30:10.086 11953 11953 I BatteryMgr:DataCollectionService: onStartCommand: begin
10-15 23:30:10.086 11953 11953 I BatteryMgr:DataCollectionService: onStartCommand: sampleRate => 100
10-15 23:30:10.086 11953 11953 I BatteryMgr:DataCollectionService: onStartCommand: rawFields => Timestamp,BATTERY_PROPERTY_CURRENT_NOW,EXTRA_VOLTAGE,BATTERY_PROPERTY_CURRENT_AVERAGE,BATTERY_PROPERTY_CHARGE_COUNTER,BATTERY_PROPERTY_CAPACITY
10-15 23:30:10.087 11953 11953 I BatteryMgr:DataCollectionService: onStartCommand: notification done
10-15 23:30:10.088 11953 11953 D Notification: allPendingIntents
10-15 23:30:10.090 11953 11953 I BatteryMgr:DataCollectionService: started foreground
10-15 23:30:10.092  3957  3972 D ApplicationPolicy: isStatusBarNotificationAllowedAsUser: packageName = com.example.batterymanager_utility,userId = 0
10-15 23:30:10.094  3957  3972 D API test: getContainerInfo: value is 
10-15 23:30:10.095  3957  3972 D ApplicationPolicy: isStatusBarNotificationAllowedAsUser: packageName = com.example.batterymanager_utility,userId = 0
10-15 23:30:10.096  3957  3972 D API test: getContainerInfo: value is 
10-15 23:30:10.099  3957  4025 I WindowManager: Destroying surface Surface(name=Splash Screen org.mozilla.fenix) called by com.android.server.wm.WindowStateAnimator.destroySurface:2501 com.android.server.wm.WindowStateAnimator.destroySurfaceLocked:985 com.android.server.wm.WindowState.destroyOrSaveSurfaceUnchecked:3670 com.android.server.wm.WindowState.destroySurface:3618 com.android.server.wm.AppWindowToken.destroySurfaces:722 com.android.server.wm.AppWindowToken.destroySurfaces:706 com.android.server.wm.WindowState.onExitAnimationDone:5316 com.android.server.wm.WindowStateAnimator.stepAnimationLocked:550 
10-15 23:30:10.099  3447  3488 I SurfaceFlinger: id=1864 Removed Splash Screen org.mozilla.fenix#0 (4/5)
10-15 23:30:10.100  3447  3447 I SurfaceFlinger: Display 0 HWC layers:
10-15 23:30:10.100  3447  3447 I SurfaceFlinger:     type    |    handle    | flag |  format   |   source crop (l,t,r,b)    |         frame       | name 
10-15 23:30:10.100  3447  3447 I SurfaceFlinger: ------------+--------------+------+-----------+----------------------------+---------------------+------
10-15 23:30:10.100  3447  3447 I SurfaceFlinger:      Device | 0x7e9ecdfb80 | 0000 | RGBA_8888 |   0.0    0.0  720.0 1280.0 |    0    0  720 1280 | org.mozilla.fenix/org.mozilla.fenix.App#0
10-15 23:30:10.100  3447  3447 I SurfaceFlinger:      Device | 0x7ea5024780 | 0000 | RGBA_8888 |   0.0    0.0  720.0   42.0 |    0    0  720   42 | StatusBar#0
10-15 23:30:10.100  3447  3447 I SurfaceFlinger: 
10-15 23:30:10.101 12416 12416 E adbd    : recv: OPEN 00000eb9 00000000 0042:73 68 65 6C 6C 2C 76 32 2C 54 45 52 4D 3D 78 74 65 72 6D 2D 32 35 36 63 6F 6C 6F 72 2C 72 61 77 3A 67 65 74 70 72 6F 70 20 72 6F 2E 62 75 69 6C 64 2E 76 65 72 73 69 6F 6E 2E 72 65 6C 65 61 73 65 00 
10-15 23:30:10.101 12416 12416 E adbd    : service_to_fd: shell,v2,TERM=xterm-256color,raw:getprop ro.build.version.release
10-15 23:30:10.107  3957  3957 I AccessibilityManagerService: semOnLightNotification(null), bIsFlashOn : false
10-15 23:30:10.107  3447  4088 I SurfaceFlinger: id=1864 Removed Splash Screen org.mozilla.fenix#0 (-2/5)
10-15 23:30:10.108  3957  3957 D AccessibilityManagerService: Can't use light notification
10-15 23:30:10.114  3447  3447 I Layer   : id=1864 onRemoved Splash Screen org.mozilla.fenix#0 
10-15 23:30:10.116 11953 12324 I BatteryMgr:DataCollectionService: collectData: begin
10-15 23:30:10.122 11953 12324 I BatteryMgr:DataCollectionService: stats => 1697405410122,-227,4314,-200,0,100
10-15 23:30:10.133  3957  3957 D AudioService: getStreamVolume 5 index 110
10-15 23:30:10.134 12218 12252 W AudioCapabilities: Unsupported mime audio/mpeg-L1
10-15 23:30:10.135  3957  4564 D Notification: allPendingIntents
10-15 23:30:10.135  4340  4340 D StatusBar: addNotification key=0|com.example.batterymanager_utility|1|null|10170 fullscreen:false
10-15 23:30:10.135  3957  4564 D Notification: allPendingIntents
10-15 23:30:10.135 12218 12252 W AudioCapabilities: Unsupported mime audio/mpeg-L2
10-15 23:30:10.138 12218 12252 W AudioCapabilities: Unsupported mime audio/x-ms-wma
10-15 23:30:10.139 12218 12252 W AudioCapabilities: Unsupported mime audio/x-ima
10-15 23:30:10.152 12218 12252 W VideoCapabilities: Unrecognized profile 2130706433 for video/avc
10-15 23:30:10.152 12218 12252 W VideoCapabilities: Unrecognized profile 2130706434 for video/avc
10-15 23:30:10.154 12065 12163 I WM-WorkerWrapper: Worker result SUCCESS for Work [ id=b18a2d93-b3fe-451c-b755-21fd59ff11a8, tags={ mozilla.components.service.contile.ContileTopSitesUpdaterWorker, mozilla.components.service.contile.periodicWork } ]
10-15 23:30:10.154 12218 12252 W VideoCapabilities: Unrecognized profile 2130706433 for video/avc
10-15 23:30:10.154 12218 12252 W VideoCapabilities: Unrecognized profile 2130706434 for video/avc
10-15 23:30:10.158 12416 12416 E adbd    : recv: OPEN 00000ebd 00000000 003e:73 68 65 6C 6C 2C 76 32 2C 54 45 52 4D 3D 78 74 65 72 6D 2D 32 35 36 63 6F 6C 6F 72 2C 72 61 77 3A 67 65 74 70 72 6F 70 20 72 6F 2E 62 75 69 6C 64 2E 76 65 72 73 69 6F 6E 2E 73 64 6B 00 
10-15 23:30:10.158 12416 12416 E adbd    : service_to_fd: shell,v2,TERM=xterm-256color,raw:getprop ro.build.version.sdk
10-15 23:30:10.160  3957 14957 D JobServiceContext: sendStopMessageLocked stop reason: cancel() called by app
10-15 23:30:10.170 12218 12252 W VideoCapabilities: Unrecognized profile 2130706433 for video/avc
10-15 23:30:10.170 12218 12252 W VideoCapabilities: Unrecognized profile 2130706434 for video/avc
10-15 23:30:10.173 12218 12252 W VideoCapabilities: Unsupported mime video/avc-wfd
10-15 23:30:10.174  3957 14957 D ConnectivityService: filterNetworkStateForUid() uid: 10169 networkInfo: [type: WIFI[] - WIFI, state: CONNECTED/CONNECTED, reason: (unspecified), extra: "ourhome", failover: false, available: true, roaming: false, metered: false]
10-15 23:30:10.174  3957 14957 D WifiService: getConnectionInfo uid=1000
10-15 23:30:10.207  3957 14957 V WindowManager: Relayout Window{de612ad u0 org.mozilla.fenix/org.mozilla.fenix.App}: viewVisibility=0 req=720x1280 WM.LayoutParams{(0,0)(fillxfill) sim=#10 ty=1 fl=#81010100 pfl=0x20000 fmt=-3 wanim=0x7f1404fa vsysui=0x2610 needsMenuKey=2 colorMode=0 naviIconColor=0}
10-15 23:30:10.211 12065 12065 D ViewRootImpl@878045a[App]: Relayout returned: old=[0,0][720,1280] new=[0,0][720,1280] result=0x1 surface={valid=true 499289604096} changed=false
10-15 23:30:10.212 12218 12252 I VideoCapabilities: Unsupported profile 4 for video/mp4v-es
10-15 23:30:10.230 11953 12324 I BatteryMgr:DataCollectionService: stats => 1697405410230,-227,4314,-200,0,100
10-15 23:30:10.238  6120 12141 I FontLog : (REDACTED) Received query %s, URI %s
10-15 23:30:10.241  6120 12141 I FontLog : (REDACTED) Query [%s] resolved to %s
10-15 23:30:10.252 12218 12252 W VideoCapabilities: Unrecognized profile/level 1/32 for video/mp4v-es
10-15 23:30:10.252  6120 12141 I FontLog : (REDACTED) Fetch %s end status %s
10-15 23:30:10.252 12218 12252 W VideoCapabilities: Unrecognized profile/level 32768/2 for video/mp4v-es
10-15 23:30:10.252 12218 12252 W VideoCapabilities: Unrecognized profile/level 32768/64 for video/mp4v-es
10-15 23:30:10.253  4340  4340 D KeyguardUpdateMonitor: handleStatusBarState( false )
10-15 23:30:10.256 12218 12252 W VideoCapabilities: Unsupported mime video/wvc1
10-15 23:30:10.259  3957  4306 D WifiConnectivityMonitor:  [|206] []
10-15 23:30:10.259  6120 12141 I FontLog : (REDACTED) Pulling font file for id = %d, cache size = %d
10-15 23:30:10.266  6120 12141 I FontLog : (REDACTED) Pulling font file for id = %d, cache size = %d
10-15 23:30:10.269 12218 12252 W VideoCapabilities: Unsupported mime video/x-ms-wmv
10-15 23:30:10.272 12218 12252 W VideoCapabilities: Unsupported mime video/x-ms-wmv7
10-15 23:30:10.274  3957 14957 V WindowManager: rotationForOrientationLw(orient=2, last=0); user=0  sensorRotation=-1 mLidState=-1 mDockMode=0 mHdmiPlugged=false
10-15 23:30:10.275 12218 12252 W VideoCapabilities: Unsupported mime video/x-ms-wmv8
10-15 23:30:10.280 12065 12065 I DefaultSupportedAddonsChecker: Unregister check for new supported add-ons
10-15 23:30:10.285  3957 14957 V WindowManager: Relayout Window{de612ad u0 org.mozilla.fenix/org.mozilla.fenix.App}: viewVisibility=0 req=720x1280 WM.LayoutParams{(0,0)(fillxfill) sim=#10 ty=1 fl=#81010100 pfl=0x20000 fmt=-3 wanim=0x7f1404fa vsysui=0x2610 needsMenuKey=2 colorMode=0 naviIconColor=0}
10-15 23:30:10.288 12218 12252 W VideoCapabilities: Unsupported mime video/mp43
10-15 23:30:10.290 12065 12065 D ViewRootImpl@878045a[App]: Relayout returned: old=[0,0][720,1280] new=[0,0][720,1280] result=0x1 surface={valid=true 499289604096} changed=false
10-15 23:30:10.295  3957  4564 I SamsungAlarmManager: setLocked to kernel - T:2 / 20231015T233950, SetElapsed=1068378368, nowELAPSED=1067797673
10-15 23:30:10.295  3957  4564 D SamsungAlarmManager: setInexact Listener (T:2/F:0/AC:false) 20231015T233430 - CU:1000/CP:3957
10-15 23:30:10.296  3957  4564 I SamsungAlarmManager: setLocked to kernel - T:2 / 20231015T233430, SetElapsed=1068057846, nowELAPSED=1067797674
10-15 23:30:10.299  3957  4564 I SamsungAlarmManager: setLocked to kernel - T:2 / 20231015T233600, SetElapsed=1068147423, nowELAPSED=1067797677
10-15 23:30:10.299  3957  4564 I SamsungAlarmManager: setLocked to kernel - T:3 / 20231015T233100, SetElapsed=1067847379, nowELAPSED=1067797677
10-15 23:30:10.299  3957  4564 D SamsungAlarmManager: setInexact Listener (T:2/F:0/AC:false) 20231015T235945 - CU:1000/CP:3957
10-15 23:30:10.299 12065 12065 I WebExtension: releasePendingMessages: extension=webcompat-reporter@mozilla.org nativeApp=mozacWebcompatReporter session=null
10-15 23:30:10.300  3957  4564 D ConnectivityService: filterNetworkStateForUid() uid: 10169 networkInfo: [type: WIFI[] - WIFI, state: CONNECTED/CONNECTED, reason: (unspecified), extra: "ourhome", failover: false, available: true, roaming: false, metered: false]
10-15 23:30:10.300  3957  4564 D WifiService: getConnectionInfo uid=1000
10-15 23:30:10.307 12218 12252 W AudioCapabilities: Unsupported mime audio/mpeg-L1
10-15 23:30:10.307 12218 12252 W AudioCapabilities: Unsupported mime audio/mpeg-L2
10-15 23:30:10.307 12218 12252 W AudioCapabilities: Unsupported mime audio/x-ms-wma
10-15 23:30:10.307 12218 12252 W AudioCapabilities: Unsupported mime audio/x-ima
10-15 23:30:10.308 12065 12065 I WebExtension: releasePendingMessages: extension=fxa@mozac.org nativeApp=mozacWebchannelBackground session=null
10-15 23:30:10.310 12218 12252 W VideoCapabilities: Unrecognized profile 2130706433 for video/avc
10-15 23:30:10.310 12218 12252 W VideoCapabilities: Unrecognized profile 2130706434 for video/avc
10-15 23:30:10.319 12218 12252 W VideoCapabilities: Unrecognized profile/level 1/32 for video/mp4v-es
10-15 23:30:10.319 12218 12252 W VideoCapabilities: Unrecognized profile/level 32768/2 for video/mp4v-es
10-15 23:30:10.319 12218 12252 W VideoCapabilities: Unrecognized profile/level 32768/64 for video/mp4v-es
10-15 23:30:10.322 12218 12252 W VideoCapabilities: Unsupported mime video/wvc1
10-15 23:30:10.323 12218 12252 W VideoCapabilities: Unsupported mime video/x-ms-wmv
10-15 23:30:10.325 12218 12252 W VideoCapabilities: Unsupported mime video/x-ms-wmv7
10-15 23:30:10.327 12065 12065 I WebExtension: releasePendingMessages: extension=fxa@mozac.org nativeApp=mozacWebchannel session=org.mozilla.geckoview.GeckoSession@b437321
10-15 23:30:10.327 12065 12065 I WebExtension: releasePendingMessages: extension=readerview@mozac.org nativeApp=mozacReaderviewActive session=org.mozilla.geckoview.GeckoSession@b437321
10-15 23:30:10.327 12065 12065 I WebExtension: releasePendingMessages: extension=readerview@mozac.org nativeApp=mozacReaderview session=org.mozilla.geckoview.GeckoSession@b437321
10-15 23:30:10.331 12218 12252 W VideoCapabilities: Unsupported mime video/x-ms-wmv8
10-15 23:30:10.331 12065 12065 I SessionPrioritizationMiddleware: Update the currentSelectedTab dedcbbbf-2255-4450-82a7-d17516b4b0f6 priority to HIGH
10-15 23:30:10.333 12218 12252 W VideoCapabilities: Unsupported mime video/mp43
10-15 23:30:10.340 11953 12324 I BatteryMgr:DataCollectionService: stats => 1697405410340,-227,4314,-200,0,100
10-15 23:30:10.340 12065 12065 I WebExtension: releasePendingMessages: extension=icons@mozac.org nativeApp=MozacBrowserIcons session=org.mozilla.geckoview.GeckoSession@b437321
10-15 23:30:10.344 12065 12065 I WebExtension: releasePendingMessages: extension=ads@mozac.org nativeApp=MozacBrowserAdsMessage session=org.mozilla.geckoview.GeckoSession@b437321
10-15 23:30:10.344 12065 12065 I WebExtension: releasePendingMessages: extension=cookies@mozac.org nativeApp=MozacBrowserSearchMessage session=org.mozilla.geckoview.GeckoSession@b437321
10-15 23:30:10.360  3957  3972 D ApplicationPolicy: isStatusBarNotificationAllowedAsUser: packageName = android,userId = 0
10-15 23:30:10.360  3957  3972 D API test: getContainerInfo: value is 
10-15 23:30:10.360  3957  3972 D ApplicationPolicy: isStatusBarNotificationAllowedAsUser: packageName = android,userId = 0
10-15 23:30:10.361  3957  3972 D API test: getContainerInfo: value is 
10-15 23:30:10.361  3957  3972 E NotificationService: Suppressing notification from package by user request.
10-15 23:30:10.372 12065 12095 W ResourceType: Too many attribute references, stopped at: 0x01010099
10-15 23:30:10.445 12149 12175 W linker  : "/data/app/org.mozilla.fenix-iWpGOrf8cry6RDpwHyQugA==/lib/arm64/libmozglue.so" unused DT entry: type 0x8000024 arg 0x38f70
10-15 23:30:10.446 12149 12175 W linker  : "/data/app/org.mozilla.fenix-iWpGOrf8cry6RDpwHyQugA==/lib/arm64/libmozglue.so" unused DT entry: type 0x8000023 arg 0x1f8
10-15 23:30:10.446 12149 12175 W linker  : "/data/app/org.mozilla.fenix-iWpGOrf8cry6RDpwHyQugA==/lib/arm64/libmozglue.so" unused DT entry: type 0x8000025 arg 0x8
10-15 23:30:10.448 12149 12175 I GeckoLoader: Library base=/data/app/org.mozilla.fenix-iWpGOrf8cry6RDpwHyQugA==/lib/arm64
10-15 23:30:10.448 12149 12175 I GeckoLoader: Library base=/data/app/org.mozilla.fenix-iWpGOrf8cry6RDpwHyQugA==/lib/arm64
10-15 23:30:10.449 12149 12175 E GeckoLibLoad: Load sqlite start
10-15 23:30:10.450 12149 12175 W linker  : "/data/app/org.mozilla.fenix-iWpGOrf8cry6RDpwHyQugA==/lib/arm64/libnss3.so" unused DT entry: type 0x8000024 arg 0x14998
