10-15 23:17:45.669 10709 10978 I BatteryMgr:DataCollectionService: stats => 1697404665669,168,4314,166,0,100
10-15 23:17:45.778 10709 10978 I BatteryMgr:DataCollectionService: stats => 1697404665778,168,4314,166,0,100
10-15 23:17:45.886 10709 10978 I BatteryMgr:DataCollectionService: stats => 1697404665886,168,4314,166,0,100
10-15 23:17:45.994 10709 10978 I BatteryMgr:DataCollectionService: stats => 1697404665994,168,4314,166,0,100
10-15 23:17:46.049  3957  4030 D SensorService: [SO] 0.081 -0.072 9.979
10-15 23:17:46.100 10709 10978 I BatteryMgr:DataCollectionService: stats => 1697404666100,168,4314,166,0,100
10-15 23:17:46.209 10709 10978 I BatteryMgr:DataCollectionService: stats => 1697404666209,168,4314,166,0,100
10-15 23:17:46.279  3957  4128 D WifiService: getConnectionInfo uid=1000
10-15 23:17:46.319 10709 10978 I BatteryMgr:DataCollectionService: stats => 1697404666319,168,4314,166,0,100
10-15 23:17:46.429 10709 10978 I BatteryMgr:DataCollectionService: stats => 1697404666429,168,4314,166,0,100
10-15 23:17:46.429  3957  3980 W StorageManager: getStorageFullBytes DEFAULT_FULL_THRESHOLD_BYTES : 20971520, threadhold : 20971520
10-15 23:17:46.430  3957  3980 W StorageManager: getStorageLowBytes lowPercent : 5, lowBytes : 1260145254, maxLowBytes : 524288000
10-15 23:17:46.431  3957  3980 W DeviceStorageMonitorService: updateBroadcasts(/data) oldLevel:0, newLevel:0, seq:1
10-15 23:17:46.432  3957  3980 W DeviceStorageMonitorService: updateBroadcasts_filenode(/data) fn_oldLevel:0, fn_newLevel:0, seq:1
10-15 23:17:46.539 10709 10978 I BatteryMgr:DataCollectionService: stats => 1697404666538,168,4314,166,0,100
10-15 23:17:46.647 10709 10978 I BatteryMgr:DataCollectionService: stats => 1697404666647,168,4314,166,0,100
10-15 23:17:46.659  3957  4129 D WifiStateMachine:  ConnectedState !RSSI_PKTCNT_FETCH uid=1000 rt=406655808/1067054036 0 0 "ourhome" f4:6d:2f:12:cc:88 rssi=-42 f=5240 sc=60 link=433 tx=0.7, 0.0, 0.0  rx=3.2 bcn=91865 [on:0 tx:0 rx:0 period:1000] from screen [on:77122 period:530792] score=60
10-15 23:17:46.662  3957  4129 D WifiStateMachine:  L2ConnectedState !RSSI_PKTCNT_FETCH uid=1000 rt=406655810/1067054038 0 0 "ourhome" f4:6d:2f:12:cc:88 rssi=-42 f=5240 sc=60 link=433 tx=0.7, 0.0, 0.0  rx=3.2 bcn=91865 [on:0 tx:0 rx:0 period:2] from screen [on:77122 period:530794] score=60
10-15 23:17:46.664  3957  4129 D WifiStateMachine: fetchRssiLinkSpeedAndFrequencyNative rssi=-42 linkspeed=433 freq=5240
10-15 23:17:46.756 10709 10978 I BatteryMgr:DataCollectionService: stats => 1697404666756,168,4314,166,0,100
10-15 23:17:46.867 10709 10978 I BatteryMgr:DataCollectionService: stats => 1697404666866,168,4314,166,0,100
10-15 23:17:46.977 10709 10978 I BatteryMgr:DataCollectionService: stats => 1697404666977,168,4314,166,0,100
10-15 23:17:47.087 10709 10978 I BatteryMgr:DataCollectionService: stats => 1697404667087,168,4314,166,0,100
10-15 23:17:47.201 10709 10978 I BatteryMgr:DataCollectionService: stats => 1697404667201,168,4314,166,0,100
10-15 23:17:47.282  3957  4128 D WifiService: getConnectionInfo uid=1000
10-15 23:17:47.309 10709 10978 I BatteryMgr:DataCollectionService: stats => 1697404667309,168,4314,166,0,100
10-15 23:17:47.417 10709 10978 I BatteryMgr:DataCollectionService: stats => 1697404667417,168,4314,166,0,100
10-15 23:17:47.515  3957  6478 D SSRM:k  : SIOP:: AP = 360, PST = 350 (W:28), BAT = 320, USB = 0, CHG = 0
10-15 23:17:47.527 10709 10978 I BatteryMgr:DataCollectionService: stats => 1697404667527,168,4314,166,0,100
10-15 23:17:47.612  4961  4961 D io_stats: !@ 179,0 r 5759573 180105900 w 1315329 28432640 d 104566 31788548 f 302004 318837 iot 2517532 2220749 th 51200 0 0 pt 0 inp 0 0 406656.762
10-15 23:17:47.638 10709 10978 I BatteryMgr:DataCollectionService: stats => 1697404667638,168,4314,166,0,100
10-15 23:17:47.660  3957  4129 D WifiStateMachine:  ConnectedState !RSSI_PKTCNT_FETCH uid=1000 rt=406656809/1067055036 0 0 "ourhome" f4:6d:2f:12:cc:88 rssi=-42 f=5240 sc=60 link=433 tx=0.7, 0.0, 0.0  rx=3.2 bcn=91865 [on:0 tx:0 rx:0 period:999] from screen [on:77122 period:531793] score=60
10-15 23:17:47.664  3957  4129 D WifiStateMachine:  L2ConnectedState !RSSI_PKTCNT_FETCH uid=1000 rt=406656811/1067055038 0 0 "ourhome" f4:6d:2f:12:cc:88 rssi=-42 f=5240 sc=60 link=433 tx=0.7, 0.0, 0.0  rx=3.2 bcn=91865 [on:0 tx:0 rx:0 period:3] from screen [on:77122 period:531796] score=60
10-15 23:17:47.667  3957  4129 D WifiStateMachine: fetchRssiLinkSpeedAndFrequencyNative rssi=-44 linkspeed=433 freq=5240
10-15 23:17:47.749 10709 10978 I BatteryMgr:DataCollectionService: stats => 1697404667749,168,4314,166,0,100
10-15 23:17:47.765  3957  4129 D WifiStateMachine:  ConnectedState !CMD_RSSI_POLL rt=406656912/1067055140 54 0 "ourhome" f4:6d:2f:12:cc:88 rssi=-44 f=5240 sc=60 link=433 tx=0.7, 0.0, 0.0  rx=3.2 bcn=91865 [on:0 tx:0 rx:0 period:102] from screen [on:77122 period:531898] score=60
10-15 23:17:47.767  3957  4129 D WifiStateMachine:  L2ConnectedState !CMD_RSSI_POLL rt=406656916/1067055144 54 0 "ourhome" f4:6d:2f:12:cc:88 rssi=-44 f=5240 sc=60 link=433 tx=0.7, 0.0, 0.0  rx=3.2 bcn=91865 [on:0 tx:0 rx:0 period:2] from screen [on:77122 period:531900] score=60
10-15 23:17:47.767  3957  4129 D WifiStateMachine:  get link layer stats 3
10-15 23:17:47.767  3436  3436 I android.hardware.wifi@1.0-service: getLinkLayerStats
10-15 23:17:47.776  3957  4129 D WifiStateMachine: fetchRssiLinkSpeedAndFrequencyNative rssi=-44 linkspeed=433 freq=5240
10-15 23:17:47.784  4340  4340 E SignalClusterView: setSlotFocusVisible : subId -2
10-15 23:17:47.784  4340  4340 E SignalClusterView: setSlotFocusVisible : subId -2
10-15 23:17:47.857 10709 10978 I BatteryMgr:DataCollectionService: stats => 1697404667857,168,4314,166,0,100
10-15 23:17:47.968 10709 10978 I BatteryMgr:DataCollectionService: stats => 1697404667968,168,4314,166,0,100
10-15 23:17:48.077 10709 10978 I BatteryMgr:DataCollectionService: stats => 1697404668077,168,4314,166,0,100
10-15 23:17:48.187 10709 10978 I BatteryMgr:DataCollectionService: stats => 1697404668187,168,4314,166,0,100
10-15 23:17:48.285  3957  4128 D WifiService: getConnectionInfo uid=1000
10-15 23:17:48.296 10709 10978 I BatteryMgr:DataCollectionService: stats => 1697404668296,168,4314,166,0,100
10-15 23:17:48.402  6343  6427 D ScanRecord: Not a Multi Manu data
10-15 23:17:48.405  6343  6427 I chatty  : uid=1002(bluetooth) BT Service Call identical 24 lines
10-15 23:17:48.405  6343  6427 D ScanRecord: Not a Multi Manu data
10-15 23:17:48.408 10709 10978 I BatteryMgr:DataCollectionService: stats => 1697404668407,168,4314,166,0,100
10-15 23:17:48.430  6343  6427 D ScanRecord: Not a Multi Manu data
10-15 23:17:48.513  6343  6427 I chatty  : uid=1002(bluetooth) BT Service Call identical 154 lines
10-15 23:17:48.513  6343  6427 D ScanRecord: Not a Multi Manu data
10-15 23:17:48.515 10709 10978 I BatteryMgr:DataCollectionService: stats => 1697404668514,168,4314,166,0,100
10-15 23:17:48.516  6343  6427 D ScanRecord: Not a Multi Manu data
10-15 23:17:48.618  6343  6427 I chatty  : uid=1002(bluetooth) BT Service Call identical 167 lines
10-15 23:17:48.618  6343  6427 D ScanRecord: Not a Multi Manu data
10-15 23:17:48.622 10709 10978 I BatteryMgr:DataCollectionService: stats => 1697404668622,168,4314,166,0,100
10-15 23:17:48.633  6343  6427 D ScanRecord: Not a Multi Manu data
10-15 23:17:48.657  6343  6427 I chatty  : uid=1002(bluetooth) BT Service Call identical 89 lines
10-15 23:17:48.657  6343  6427 D ScanRecord: Not a Multi Manu data
10-15 23:17:48.662  3957  4129 D WifiStateMachine:  ConnectedState !RSSI_PKTCNT_FETCH uid=1000 rt=406657811/1067056039 0 0 "ourhome" f4:6d:2f:12:cc:88 rssi=-44 f=5240 sc=60 link=433 tx=0.9, 0.0, 0.0  rx=5.0 bcn=91890 [on:0 tx:0 rx:0 period:880] from screen [on:77651 period:532795] score=60
10-15 23:17:48.664  6343  6427 D ScanRecord: Not a Multi Manu data
10-15 23:17:48.664  3957  4129 D WifiStateMachine:  L2ConnectedState !RSSI_PKTCNT_FETCH uid=1000 rt=406657813/1067056041 0 0 "ourhome" f4:6d:2f:12:cc:88 rssi=-44 f=5240 sc=60 link=433 tx=0.9, 0.0, 0.0  rx=5.0 bcn=91890 [on:0 tx:0 rx:0 period:2] from screen [on:77651 period:532797] score=60
10-15 23:17:48.664  6343  6427 I chatty  : uid=1002(bluetooth) BT Service Call expire 2 lines
10-15 23:17:48.664  6343  6427 D ScanRecord: Not a Multi Manu data
10-15 23:17:48.664  6343  6427 D ScanRecord: Not a Multi Manu data
10-15 23:17:48.665  6343  6427 I chatty  : uid=1002(bluetooth) BT Service Call identical 7 lines
10-15 23:17:48.665  6343  6427 D ScanRecord: Not a Multi Manu data
10-15 23:17:48.667  3957  4129 D WifiStateMachine: fetchRssiLinkSpeedAndFrequencyNative rssi=-44 linkspeed=433 freq=5240
10-15 23:17:48.672  6343  6427 D ScanRecord: Not a Multi Manu data
10-15 23:17:48.730  6343  6427 I chatty  : uid=1002(bluetooth) BT Service Call identical 115 lines
10-15 23:17:48.730  6343  6427 D ScanRecord: Not a Multi Manu data
10-15 23:17:48.731 10709 10978 I BatteryMgr:DataCollectionService: stats => 1697404668731,168,4314,166,0,100
10-15 23:17:48.735  6343  6427 D ScanRecord: Not a Multi Manu data
10-15 23:17:48.832  6343  6427 I chatty  : uid=1002(bluetooth) BT Service Call identical 193 lines
10-15 23:17:48.832  6343  6427 D ScanRecord: Not a Multi Manu data
10-15 23:17:48.840 10709 10978 I BatteryMgr:DataCollectionService: stats => 1697404668840,168,4314,166,0,100
10-15 23:17:48.845  6343  6427 D ScanRecord: Not a Multi Manu data
10-15 23:17:48.893  6343  6427 I chatty  : uid=1002(bluetooth) BT Service Call identical 115 lines
10-15 23:17:48.893  6343  6427 D ScanRecord: Not a Multi Manu data
10-15 23:17:48.948 10709 10978 I BatteryMgr:DataCollectionService: stats => 1697404668948,168,4314,166,0,100
10-15 23:17:49.058 10709 10978 I BatteryMgr:DataCollectionService: stats => 1697404669058,168,4314,166,0,100
10-15 23:17:49.167 10709 10978 I BatteryMgr:DataCollectionService: stats => 1697404669167,168,4314,166,0,100
10-15 23:17:49.277 10709 10978 I BatteryMgr:DataCollectionService: stats => 1697404669277,168,4314,166,0,100
10-15 23:17:49.287  3957  4128 D WifiService: getConnectionInfo uid=1000
10-15 23:17:49.387 10709 10978 I BatteryMgr:DataCollectionService: stats => 1697404669387,168,4314,166,0,100
10-15 23:17:49.502 10709 10978 I BatteryMgr:DataCollectionService: stats => 1697404669502,168,4314,166,0,100
10-15 23:17:49.616 10709 10978 I BatteryMgr:DataCollectionService: stats => 1697404669616,168,4314,166,0,100
10-15 23:17:49.663  3957  4129 D WifiStateMachine:  ConnectedState !RSSI_PKTCNT_FETCH uid=1000 rt=406658812/1067057040 0 0 "ourhome" f4:6d:2f:12:cc:88 rssi=-44 f=5240 sc=60 link=433 tx=0.9, 0.0, 0.0  rx=5.0 bcn=91890 [on:0 tx:0 rx:0 period:999] from screen [on:77651 period:533796] score=60
10-15 23:17:49.666  3957  4129 D WifiStateMachine:  L2ConnectedState !RSSI_PKTCNT_FETCH uid=1000 rt=406658814/1067057042 0 0 "ourhome" f4:6d:2f:12:cc:88 rssi=-44 f=5240 sc=60 link=433 tx=0.9, 0.0, 0.0  rx=5.0 bcn=91890 [on:0 tx:0 rx:0 period:3] from screen [on:77651 period:533799] score=60
10-15 23:17:49.677  3957  4129 D WifiStateMachine: fetchRssiLinkSpeedAndFrequencyNative rssi=-42 linkspeed=433 freq=5240
10-15 23:17:49.728 10709 10978 I BatteryMgr:DataCollectionService: stats => 1697404669728,168,4314,166,0,100
10-15 23:17:49.846 10709 10978 I BatteryMgr:DataCollectionService: stats => 1697404669846,168,4314,166,0,100
10-15 23:17:49.962 10709 10978 I BatteryMgr:DataCollectionService: stats => 1697404669962,168,4314,166,0,100
10-15 23:17:50.071 10709 10978 I BatteryMgr:DataCollectionService: stats => 1697404670071,168,4314,166,0,100
10-15 23:17:50.180 10709 10978 I BatteryMgr:DataCollectionService: stats => 1697404670180,168,4314,166,0,100
10-15 23:17:50.290  3957  4128 D WifiService: getConnectionInfo uid=1000
10-15 23:17:50.293 10709 10978 I BatteryMgr:DataCollectionService: stats => 1697404670293,168,4314,166,0,100
10-15 23:17:50.404 10709 10978 I BatteryMgr:DataCollectionService: stats => 1697404670403,168,4314,166,0,100
10-15 23:17:50.515 10709 10978 I BatteryMgr:DataCollectionService: stats => 1697404670515,168,4314,166,0,100
10-15 23:17:50.624 10709 10978 I BatteryMgr:DataCollectionService: stats => 1697404670624,157,4314,165,0,100
10-15 23:17:50.666  3957  4129 D WifiStateMachine:  ConnectedState !RSSI_PKTCNT_FETCH uid=1000 rt=406659814/1067058042 0 0 "ourhome" f4:6d:2f:12:cc:88 rssi=-42 f=5240 sc=60 link=433 tx=0.9, 0.0, 0.0  rx=5.0 bcn=91890 [on:0 tx:0 rx:0 period:999] from screen [on:77651 period:534798] score=60
10-15 23:17:50.668  3957  4129 D WifiStateMachine:  L2ConnectedState !RSSI_PKTCNT_FETCH uid=1000 rt=406659817/1067058044 0 0 "ourhome" f4:6d:2f:12:cc:88 rssi=-42 f=5240 sc=60 link=433 tx=0.9, 0.0, 0.0  rx=5.0 bcn=91890 [on:0 tx:0 rx:0 period:3] from screen [on:77651 period:534801] score=60
10-15 23:17:50.675  3957  4129 D WifiStateMachine: fetchRssiLinkSpeedAndFrequencyNative rssi=-41 linkspeed=433 freq=5240
10-15 23:17:50.734 10709 10978 I BatteryMgr:DataCollectionService: stats => 1697404670734,157,4314,165,0,100
10-15 23:17:50.779  3957  4129 D WifiStateMachine:  ConnectedState !CMD_RSSI_POLL rt=406659928/1067058156 54 0 "ourhome" f4:6d:2f:12:cc:88 rssi=-41 f=5240 sc=60 link=433 tx=0.9, 0.0, 0.0  rx=5.0 bcn=91890 [on:0 tx:0 rx:0 period:111] from screen [on:77651 period:534912] score=60
10-15 23:17:50.783  3957  4129 D WifiStateMachine:  L2ConnectedState !CMD_RSSI_POLL rt=406659930/1067058158 54 0 "ourhome" f4:6d:2f:12:cc:88 rssi=-41 f=5240 sc=60 link=433 tx=0.9, 0.0, 0.0  rx=5.0 bcn=91890 [on:0 tx:0 rx:0 period:4] from screen [on:77651 period:534916] score=60
10-15 23:17:50.783  3957  4129 D WifiStateMachine:  get link layer stats 3
10-15 23:17:50.783  3436  3436 I android.hardware.wifi@1.0-service: getLinkLayerStats
10-15 23:17:50.801  3957  4129 D WifiStateMachine: fetchRssiLinkSpeedAndFrequencyNative rssi=-41 linkspeed=433 freq=5240
10-15 23:17:50.804  4340  4340 E SignalClusterView: setSlotFocusVisible : subId -2
10-15 23:17:50.804  4340  4340 E SignalClusterView: setSlotFocusVisible : subId -2
10-15 23:17:50.841 10709 10978 I BatteryMgr:DataCollectionService: stats => 1697404670841,157,4314,165,0,100
10-15 23:17:50.948 10709 10978 I BatteryMgr:DataCollectionService: stats => 1697404670948,157,4314,165,0,100
10-15 23:17:51.056 10709 10978 I BatteryMgr:DataCollectionService: stats => 1697404671056,157,4314,165,0,100
10-15 23:17:51.131  3957  4654 D BatteryService: !@BatteryListener : batteryPropertiesChanged!
10-15 23:17:51.164 10709 10978 I BatteryMgr:DataCollectionService: stats => 1697404671163,157,4314,165,0,100
10-15 23:17:51.273 10709 10978 I BatteryMgr:DataCollectionService: stats => 1697404671273,157,4314,165,0,100
10-15 23:17:51.292  3957  4128 D WifiService: getConnectionInfo uid=1000
10-15 23:17:51.382 10709 10978 I BatteryMgr:DataCollectionService: stats => 1697404671382,157,4314,165,0,100
10-15 23:17:51.496 10709 10978 I BatteryMgr:DataCollectionService: stats => 1697404671496,157,4314,165,0,100
10-15 23:17:51.606 10709 10978 I BatteryMgr:DataCollectionService: stats => 1697404671606,157,4314,165,0,100
10-15 23:17:51.667  3957  4129 D WifiStateMachine:  ConnectedState !RSSI_PKTCNT_FETCH uid=1000 rt=406660815/1067059042 0 0 "ourhome" f4:6d:2f:12:cc:88 rssi=-41 f=5240 sc=60 link=433 tx=0.3, 0.0, 0.0  rx=2.4 bcn=91916 [on:0 tx:0 rx:0 period:863] from screen [on:77839 period:535800] score=60
10-15 23:17:51.670  3957  4129 D WifiStateMachine:  L2ConnectedState !RSSI_PKTCNT_FETCH uid=1000 rt=406660818/1067059046 0 0 "ourhome" f4:6d:2f:12:cc:88 rssi=-41 f=5240 sc=60 link=433 tx=0.3, 0.0, 0.0  rx=2.4 bcn=91916 [on:0 tx:0 rx:0 period:2] from screen [on:77839 period:535802] score=60
10-15 23:17:51.674  3957  4129 D WifiStateMachine: fetchRssiLinkSpeedAndFrequencyNative rssi=-42 linkspeed=433 freq=5240
10-15 23:17:51.718 10709 10978 I BatteryMgr:DataCollectionService: stats => 1697404671718,157,4314,165,0,100
10-15 23:17:51.825 10709 10978 I BatteryMgr:DataCollectionService: stats => 1697404671825,157,4314,165,0,100
10-15 23:17:51.936 10709 10978 I BatteryMgr:DataCollectionService: stats => 1697404671936,157,4314,165,0,100
10-15 23:17:52.046 10709 10978 I BatteryMgr:DataCollectionService: stats => 1697404672046,157,4314,165,0,100
10-15 23:17:52.157 10709 10978 I BatteryMgr:DataCollectionService: stats => 1697404672156,157,4314,165,0,100
10-15 23:17:52.265 10709 10978 I BatteryMgr:DataCollectionService: stats => 1697404672264,157,4314,165,0,100
10-15 23:17:52.294  3957  4128 D WifiService: getConnectionInfo uid=1000
10-15 23:17:52.373 10709 10978 I BatteryMgr:DataCollectionService: stats => 1697404672373,157,4314,165,0,100
10-15 23:17:52.480 10709 10978 I BatteryMgr:DataCollectionService: stats => 1697404672480,157,4314,165,0,100
10-15 23:17:52.590 10709 10978 I BatteryMgr:DataCollectionService: stats => 1697404672590,157,4314,165,0,100
10-15 23:17:52.615  4961  4961 D io_stats: !@ 179,0 r 5759652 180110396 w 1315333 28432680 d 104567 31788552 f 302004 318839 iot 2517592 2220800 th 51200 0 0 pt 0 inp 0 0 406661.765
10-15 23:17:52.671  3957  4129 D WifiStateMachine:  ConnectedState !RSSI_PKTCNT_FETCH uid=1000 rt=406661816/1067060044 0 0 "ourhome" f4:6d:2f:12:cc:88 rssi=-42 f=5240 sc=60 link=433 tx=0.3, 0.0, 0.0  rx=2.4 bcn=91916 [on:0 tx:0 rx:0 period:1001] from screen [on:77839 period:536803] score=60
10-15 23:17:52.673  3957  4129 D WifiStateMachine:  L2ConnectedState !RSSI_PKTCNT_FETCH uid=1000 rt=406661822/1067060049 0 0 "ourhome" f4:6d:2f:12:cc:88 rssi=-42 f=5240 sc=60 link=433 tx=0.3, 0.0, 0.0  rx=2.4 bcn=91916 [on:0 tx:0 rx:0 period:2] from screen [on:77839 period:536805] score=60
10-15 23:17:52.676  3957  4129 D WifiStateMachine: fetchRssiLinkSpeedAndFrequencyNative rssi=-43 linkspeed=433 freq=5240
10-15 23:17:52.698 10709 10978 I BatteryMgr:DataCollectionService: stats => 1697404672698,157,4314,165,0,100
10-15 23:17:52.807 10709 10978 I BatteryMgr:DataCollectionService: stats => 1697404672807,157,4314,165,0,100
10-15 23:17:52.918 10709 10978 I BatteryMgr:DataCollectionService: stats => 1697404672917,157,4314,165,0,100
10-15 23:17:53.030 10709 10978 I BatteryMgr:DataCollectionService: stats => 1697404673030,157,4314,165,0,100
10-15 23:17:53.140 10709 10978 I BatteryMgr:DataCollectionService: stats => 1697404673140,157,4314,165,0,100
10-15 23:17:53.250 10709 10978 I BatteryMgr:DataCollectionService: stats => 1697404673250,157,4314,165,0,100
10-15 23:17:53.297  3957  4128 D WifiService: getConnectionInfo uid=1000
10-15 23:17:53.363 10709 10978 I BatteryMgr:DataCollectionService: stats => 1697404673363,157,4314,165,0,100
10-15 23:17:53.406  6343  6427 D ScanRecord: Not a Multi Manu data
10-15 23:17:53.471  6343  6427 I chatty  : uid=1002(bluetooth) BT Service Call identical 167 lines
10-15 23:17:53.471  6343  6427 D ScanRecord: Not a Multi Manu data
10-15 23:17:53.471 10709 10978 I BatteryMgr:DataCollectionService: stats => 1697404673471,157,4314,165,0,100
10-15 23:17:53.490  6343  6427 D ScanRecord: Not a Multi Manu data
10-15 23:17:53.579  6343  6427 I chatty  : uid=1002(bluetooth) BT Service Call identical 245 lines
10-15 23:17:53.579  6343  6427 D ScanRecord: Not a Multi Manu data
10-15 23:17:53.581 10709 10978 I BatteryMgr:DataCollectionService: stats => 1697404673581,157,4314,165,0,100
10-15 23:17:53.582  6343  6427 D ScanRecord: Not a Multi Manu data
10-15 23:17:53.669  6343  6427 I chatty  : uid=1002(bluetooth) BT Service Call identical 206 lines
10-15 23:17:53.669  6343  6427 D ScanRecord: Not a Multi Manu data
10-15 23:17:53.671  3957  4129 D WifiStateMachine:  ConnectedState !RSSI_PKTCNT_FETCH uid=1000 rt=406662819/1067061047 0 0 "ourhome" f4:6d:2f:12:cc:88 rssi=-43 f=5240 sc=60 link=433 tx=0.3, 0.0, 0.0  rx=2.4 bcn=91916 [on:0 tx:0 rx:0 period:999] from screen [on:77839 period:537804] score=60
10-15 23:17:53.674  3957  4129 D WifiStateMachine:  L2ConnectedState !RSSI_PKTCNT_FETCH uid=1000 rt=406662823/1067061050 0 0 "ourhome" f4:6d:2f:12:cc:88 rssi=-43 f=5240 sc=60 link=433 tx=0.3, 0.0, 0.0  rx=2.4 bcn=91916 [on:0 tx:0 rx:0 period:2] from screen [on:77839 period:537806] score=60
10-15 23:17:53.675  3957  4129 D WifiStateMachine: fetchRssiLinkSpeedAndFrequencyNative rssi=-42 linkspeed=433 freq=5240
10-15 23:17:53.677  6343  6427 D ScanRecord: Not a Multi Manu data
10-15 23:17:53.678  6343  6427 I chatty  : uid=1002(bluetooth) BT Service Call identical 11 lines
10-15 23:17:53.678  6343  6427 D ScanRecord: Not a Multi Manu data
10-15 23:17:53.690 10709 10978 I BatteryMgr:DataCollectionService: stats => 1697404673689,157,4314,165,0,100
10-15 23:17:53.695  6343  6427 D ScanRecord: Not a Multi Manu data
10-15 23:17:53.736  3957  4416 E Watchdog: !@Sync 13550 [2023-10-15 23:17:53.736]
10-15 23:17:53.796  6343  6427 I chatty  : uid=1002(bluetooth) BT Service Call identical 206 lines
10-15 23:17:53.796  6343  6427 D ScanRecord: Not a Multi Manu data
10-15 23:17:53.797 10709 10978 I BatteryMgr:DataCollectionService: stats => 1697404673797,157,4314,165,0,100
10-15 23:17:53.805  6343  6427 D ScanRecord: Not a Multi Manu data
10-15 23:17:53.806  6343  6427 I chatty  : uid=1002(bluetooth) BT Service Call identical 9 lines
10-15 23:17:53.806  3957  4129 D WifiStateMachine:  ConnectedState !CMD_RSSI_POLL rt=406662954/1067061181 54 0 "ourhome" f4:6d:2f:12:cc:88 rssi=-42 f=5240 sc=60 link=433 tx=0.3, 0.0, 0.0  rx=2.4 bcn=91916 [on:0 tx:0 rx:0 period:132] from screen [on:77839 period:537938] score=60
10-15 23:17:53.806  6343  6427 D ScanRecord: Not a Multi Manu data
10-15 23:17:53.806  6343  6427 D ScanRecord: Not a Multi Manu data
10-15 23:17:53.809  6343  6427 I chatty  : uid=1002(bluetooth) BT Service Call identical 11 lines
10-15 23:17:53.809  6343  6427 D ScanRecord: Not a Multi Manu data
10-15 23:17:53.809  3957  4129 D WifiStateMachine:  L2ConnectedState !CMD_RSSI_POLL rt=406662957/1067061184 54 0 "ourhome" f4:6d:2f:12:cc:88 rssi=-42 f=5240 sc=60 link=433 tx=0.3, 0.0, 0.0  rx=2.4 bcn=91916 [on:0 tx:0 rx:0 period:4] from screen [on:77839 period:537942] score=60
10-15 23:17:53.809  3957  4129 D WifiStateMachine:  get link layer stats 3
10-15 23:17:53.810  3436  3436 I android.hardware.wifi@1.0-service: getLinkLayerStats
10-15 23:17:53.810  6343  6427 D ScanRecord: Not a Multi Manu data
10-15 23:17:53.815  6343  6427 I chatty  : uid=1002(bluetooth) BT Service Call identical 13 lines
10-15 23:17:53.815  6343  6427 D ScanRecord: Not a Multi Manu data
10-15 23:17:53.815  3957  4129 D WifiStateMachine: fetchRssiLinkSpeedAndFrequencyNative rssi=-41 linkspeed=433 freq=5240
10-15 23:17:53.817  6343  6427 D ScanRecord: Not a Multi Manu data
10-15 23:17:53.820  6343  6427 I chatty  : uid=1002(bluetooth) BT Service Call identical 11 lines
10-15 23:17:53.820  6343  6427 D ScanRecord: Not a Multi Manu data
10-15 23:17:53.822  4340  4340 E SignalClusterView: setSlotFocusVisible : subId -2
10-15 23:17:53.822  4340  4340 E SignalClusterView: setSlotFocusVisible : subId -2
10-15 23:17:53.827  6343  6427 D ScanRecord: Not a Multi Manu data
10-15 23:17:53.898  6343  6427 I chatty  : uid=1002(bluetooth) BT Service Call identical 206 lines
10-15 23:17:53.898  6343  6427 D ScanRecord: Not a Multi Manu data
10-15 23:17:53.904 10709 10978 I BatteryMgr:DataCollectionService: stats => 1697404673904,157,4314,165,0,100
10-15 23:17:54.011 10709 10978 I BatteryMgr:DataCollectionService: stats => 1697404674011,157,4314,165,0,100
10-15 23:17:54.120 10709 10978 I BatteryMgr:DataCollectionService: stats => 1697404674120,157,4314,165,0,100
10-15 23:17:54.229 10709 10978 I BatteryMgr:DataCollectionService: stats => 1697404674229,157,4314,165,0,100
10-15 23:17:54.299  3957  4128 D WifiService: getConnectionInfo uid=1000
10-15 23:17:54.340 10709 10978 I BatteryMgr:DataCollectionService: stats => 1697404674340,157,4314,165,0,100
10-15 23:17:54.449 10709 10978 I BatteryMgr:DataCollectionService: stats => 1697404674449,157,4314,165,0,100
10-15 23:17:54.561 10709 10978 I BatteryMgr:DataCollectionService: stats => 1697404674561,157,4314,165,0,100
10-15 23:17:54.674  3957  4129 D WifiStateMachine:  ConnectedState !RSSI_PKTCNT_FETCH uid=1000 rt=406663821/1067062048 0 0 "ourhome" f4:6d:2f:12:cc:88 rssi=-41 f=5240 sc=60 link=433 tx=0.8, 0.0, 0.0  rx=1.5 bcn=91942 [on:0 tx:0 rx:0 period:853] from screen [on:78331 period:538806] score=60
10-15 23:17:54.675  3957  4129 D WifiStateMachine:  L2ConnectedState !RSSI_PKTCNT_FETCH uid=1000 rt=406663825/1067062052 0 0 "ourhome" f4:6d:2f:12:cc:88 rssi=-41 f=5240 sc=60 link=433 tx=0.8, 0.0, 0.0  rx=1.5 bcn=91942 [on:0 tx:0 rx:0 period:2] from screen [on:78331 period:538808] score=60
10-15 23:17:54.676 10709 10978 I BatteryMgr:DataCollectionService: stats => 1697404674676,157,4314,165,0,100
10-15 23:17:54.682  3957  4129 D WifiStateMachine: fetchRssiLinkSpeedAndFrequencyNative rssi=-43 linkspeed=433 freq=5240
10-15 23:17:54.784 10709 10978 I BatteryMgr:DataCollectionService: stats => 1697404674784,157,4314,165,0,100
10-15 23:17:54.894 10709 10978 I BatteryMgr:DataCollectionService: stats => 1697404674894,157,4314,165,0,100
10-15 23:17:55.003 10709 10978 I BatteryMgr:DataCollectionService: stats => 1697404675003,157,4314,165,0,100
10-15 23:17:55.112 10709 10978 I BatteryMgr:DataCollectionService: stats => 1697404675112,157,4314,165,0,100
10-15 23:17:55.222 10709 10978 I BatteryMgr:DataCollectionService: stats => 1697404675222,157,4314,165,0,100
10-15 23:17:55.302  3957  4128 D WifiService: getConnectionInfo uid=1000
10-15 23:17:55.328 10709 10978 I BatteryMgr:DataCollectionService: stats => 1697404675328,157,4314,165,0,100
10-15 23:17:55.438 10709 10978 I BatteryMgr:DataCollectionService: stats => 1697404675438,157,4314,165,0,100
10-15 23:17:55.549 10709 10978 I BatteryMgr:DataCollectionService: stats => 1697404675548,157,4314,165,0,100
10-15 23:17:55.657 10709 10978 I BatteryMgr:DataCollectionService: stats => 1697404675657,157,4314,165,0,100
10-15 23:17:55.673  3957  4129 D WifiStateMachine:  ConnectedState !RSSI_PKTCNT_FETCH uid=1000 rt=406664822/1067063049 0 0 "ourhome" f4:6d:2f:12:cc:88 rssi=-43 f=5240 sc=60 link=433 tx=0.8, 0.0, 0.0  rx=1.5 bcn=91942 [on:0 tx:0 rx:0 period:998] from screen [on:78331 period:539806] score=60
10-15 23:17:55.674  3957  4129 D WifiStateMachine:  L2ConnectedState !RSSI_PKTCNT_FETCH uid=1000 rt=406664824/1067063052 0 0 "ourhome" f4:6d:2f:12:cc:88 rssi=-43 f=5240 sc=60 link=433 tx=0.8, 0.0, 0.0  rx=1.5 bcn=91942 [on:0 tx:0 rx:0 period:1] from screen [on:78331 period:539807] score=60
10-15 23:17:55.680  3957  4129 D WifiStateMachine: fetchRssiLinkSpeedAndFrequencyNative rssi=-41 linkspeed=433 freq=5240
10-15 23:17:55.765 10709 10978 I BatteryMgr:DataCollectionService: stats => 1697404675765,157,4314,165,0,100
10-15 23:17:55.874 10709 10978 I BatteryMgr:DataCollectionService: stats => 1697404675874,157,4314,165,0,100
10-15 23:17:55.979 10709 10978 I BatteryMgr:DataCollectionService: stats => 1697404675979,157,4314,165,0,100
10-15 23:17:56.048  3957  4030 D SensorService: [SO] 0.120 -0.091 9.989
10-15 23:17:56.085 10709 10978 I BatteryMgr:DataCollectionService: stats => 1697404676085,157,4314,165,0,100
10-15 23:17:56.195 10709 10978 I BatteryMgr:DataCollectionService: stats => 1697404676195,157,4314,165,0,100
10-15 23:17:56.303 10709 10978 I BatteryMgr:DataCollectionService: stats => 1697404676303,157,4314,165,0,100
10-15 23:17:56.305  3957  4128 D WifiService: getConnectionInfo uid=1000
10-15 23:17:56.411 10709 10978 I BatteryMgr:DataCollectionService: stats => 1697404676411,157,4314,165,0,100
10-15 23:17:56.519 10709 10978 I BatteryMgr:DataCollectionService: stats => 1697404676519,157,4314,165,0,100
10-15 23:17:56.627 10709 10978 I BatteryMgr:DataCollectionService: stats => 1697404676627,157,4314,165,0,100
10-15 23:17:56.677  3957  4129 D WifiStateMachine:  ConnectedState !RSSI_PKTCNT_FETCH uid=1000 rt=406665824/1067064051 0 0 "ourhome" f4:6d:2f:12:cc:88 rssi=-41 f=5240 sc=60 link=433 tx=0.8, 0.0, 0.0  rx=1.5 bcn=91942 [on:0 tx:0 rx:0 period:1002] from screen [on:78331 period:540809] score=60
10-15 23:17:56.679  3957  4129 D WifiStateMachine:  L2ConnectedState !RSSI_PKTCNT_FETCH uid=1000 rt=406665828/1067064056 0 0 "ourhome" f4:6d:2f:12:cc:88 rssi=-41 f=5240 sc=60 link=433 tx=0.8, 0.0, 0.0  rx=1.5 bcn=91942 [on:0 tx:0 rx:0 period:3] from screen [on:78331 period:540812] score=60
10-15 23:17:56.684  3957  4129 D WifiStateMachine: fetchRssiLinkSpeedAndFrequencyNative rssi=-42 linkspeed=433 freq=5240
10-15 23:17:56.735 10709 10978 I BatteryMgr:DataCollectionService: stats => 1697404676735,157,4314,165,0,100
10-15 23:17:56.822  3957  4129 D WifiStateMachine:  ConnectedState !CMD_RSSI_POLL rt=406665968/1067064195 54 0 "ourhome" f4:6d:2f:12:cc:88 rssi=-42 f=5240 sc=60 link=433 tx=0.8, 0.0, 0.0  rx=1.5 bcn=91942 [on:0 tx:0 rx:0 period:142] from screen [on:78331 period:540954] score=60
10-15 23:17:56.824  3957  4129 D WifiStateMachine:  L2ConnectedState !CMD_RSSI_POLL rt=406665973/1067064200 54 0 "ourhome" f4:6d:2f:12:cc:88 rssi=-42 f=5240 sc=60 link=433 tx=0.8, 0.0, 0.0  rx=1.5 bcn=91942 [on:0 tx:0 rx:0 period:3] from screen [on:78331 period:540957] score=60
10-15 23:17:56.825  3957  4129 D WifiStateMachine:  get link layer stats 3
10-15 23:17:56.826  3436  3436 I android.hardware.wifi@1.0-service: getLinkLayerStats
10-15 23:17:56.844 10709 10978 I BatteryMgr:DataCollectionService: stats => 1697404676844,157,4314,165,0,100
10-15 23:17:56.845  3957  4129 D WifiStateMachine: fetchRssiLinkSpeedAndFrequencyNative rssi=-41 linkspeed=433 freq=5240
10-15 23:17:56.852  4340  4340 E SignalClusterView: setSlotFocusVisible : subId -2
10-15 23:17:56.852  4340  4340 E SignalClusterView: setSlotFocusVisible : subId -2
10-15 23:17:56.954 10709 10978 I BatteryMgr:DataCollectionService: stats => 1697404676954,157,4314,165,0,100
10-15 23:17:57.063 10709 10978 I BatteryMgr:DataCollectionService: stats => 1697404677063,157,4314,165,0,100
10-15 23:17:57.173 10709 10978 I BatteryMgr:DataCollectionService: stats => 1697404677173,157,4314,165,0,100
10-15 23:17:57.285 10709 10978 I BatteryMgr:DataCollectionService: stats => 1697404677285,157,4314,165,0,100
10-15 23:17:57.308  3957  4128 D WifiService: getConnectionInfo uid=1000
10-15 23:17:57.393 10709 10978 I BatteryMgr:DataCollectionService: stats => 1697404677393,157,4314,165,0,100
10-15 23:17:57.501 10709 10978 I BatteryMgr:DataCollectionService: stats => 1697404677500,157,4314,165,0,100
10-15 23:17:57.539  3957  6478 D SSRM:k  : SIOP:: AP = 360, PST = 350 (W:28), BAT = 320, USB = 0, CHG = 0
10-15 23:17:57.611 10709 10978 I BatteryMgr:DataCollectionService: stats => 1697404677611,157,4314,165,0,100
10-15 23:17:57.618  4961  4961 D io_stats: !@ 179,0 r 5759662 180110468 w 1315355 28432916 d 104567 31788552 f 302005 318840 iot 2517592 2220805 th 51200 0 0 pt 0 inp 0 0 406666.768
10-15 23:17:57.677  3957  4129 D WifiStateMachine:  ConnectedState !RSSI_PKTCNT_FETCH uid=1000 rt=406666825/1067065052 0 0 "ourhome" f4:6d:2f:12:cc:88 rssi=-41 f=5240 sc=60 link=433 tx=0.3, 0.0, 0.0  rx=0.6 bcn=91970 [on:0 tx:0 rx:0 period:826] from screen [on:78467 period:541809] score=60
10-15 23:17:57.679  3957  4129 D WifiStateMachine:  L2ConnectedState !RSSI_PKTCNT_FETCH uid=1000 rt=406666828/1067065055 0 0 "ourhome" f4:6d:2f:12:cc:88 rssi=-41 f=5240 sc=60 link=433 tx=0.3, 0.0, 0.0  rx=0.6 bcn=91970 [on:0 tx:0 rx:0 period:2] from screen [on:78467 period:541811] score=60
10-15 23:17:57.682  3957  4129 D WifiStateMachine: fetchRssiLinkSpeedAndFrequencyNative rssi=-47 linkspeed=433 freq=5240
10-15 23:17:57.721 10709 10978 I BatteryMgr:DataCollectionService: stats => 1697404677721,157,4314,165,0,100
10-15 23:17:57.831 10709 10978 I BatteryMgr:DataCollectionService: stats => 1697404677831,157,4314,165,0,100
10-15 23:17:57.941 10709 10978 I BatteryMgr:DataCollectionService: stats => 1697404677941,157,4314,165,0,100
10-15 23:17:58.050 10709 10978 I BatteryMgr:DataCollectionService: stats => 1697404678050,157,4314,165,0,100
10-15 23:17:58.160 10709 10978 I BatteryMgr:DataCollectionService: stats => 1697404678160,157,4314,165,0,100
10-15 23:17:58.272 10709 10978 I BatteryMgr:DataCollectionService: stats => 1697404678272,157,4314,165,0,100
10-15 23:17:58.310  3957  4128 D WifiService: getConnectionInfo uid=1000
10-15 23:17:58.383 10709 10978 I BatteryMgr:DataCollectionService: stats => 1697404678383,157,4314,165,0,100
10-15 23:17:58.400  6343  6427 D ScanRecord: Not a Multi Manu data
10-15 23:17:58.493  6343  6427 I chatty  : uid=1002(bluetooth) BT Service Call identical 258 lines
10-15 23:17:58.493 10709 10978 I BatteryMgr:DataCollectionService: stats => 1697404678493,157,4314,165,0,100
10-15 23:17:58.493  6343  6427 D ScanRecord: Not a Multi Manu data
10-15 23:17:58.494  6343  6427 D ScanRecord: Not a Multi Manu data
10-15 23:17:58.598  6343  6427 I chatty  : uid=1002(bluetooth) BT Service Call identical 167 lines
10-15 23:17:58.598  6343  6427 D ScanRecord: Not a Multi Manu data
10-15 23:17:58.602 10709 10978 I BatteryMgr:DataCollectionService: stats => 1697404678601,157,4314,165,0,100
10-15 23:17:58.604  6343  6427 D ScanRecord: Not a Multi Manu data
10-15 23:17:58.678  6343  6427 I chatty  : uid=1002(bluetooth) BT Service Call identical 219 lines
10-15 23:17:58.678  6343  6427 D ScanRecord: Not a Multi Manu data
10-15 23:17:58.679  3957  4129 D WifiStateMachine:  ConnectedState !RSSI_PKTCNT_FETCH uid=1000 rt=406667826/1067066054 0 0 "ourhome" f4:6d:2f:12:cc:88 rssi=-47 f=5240 sc=60 link=433 tx=0.3, 0.0, 0.0  rx=0.6 bcn=91970 [on:0 tx:0 rx:0 period:1000] from screen [on:78467 period:542811] score=60
10-15 23:17:58.682  3957  4129 D WifiStateMachine:  L2ConnectedState !RSSI_PKTCNT_FETCH uid=1000 rt=406667830/1067066057 0 0 "ourhome" f4:6d:2f:12:cc:88 rssi=-47 f=5240 sc=60 link=433 tx=0.3, 0.0, 0.0  rx=0.6 bcn=91970 [on:0 tx:0 rx:0 period:3] from screen [on:78467 period:542814] score=60
10-15 23:17:58.682  6343  6427 D ScanRecord: Not a Multi Manu data
10-15 23:17:58.684  6343  6427 I chatty  : uid=1002(bluetooth) BT Service Call identical 11 lines
10-15 23:17:58.684  6343  6427 D ScanRecord: Not a Multi Manu data
10-15 23:17:58.684  3957  4129 D WifiStateMachine: fetchRssiLinkSpeedAndFrequencyNative rssi=-43 linkspeed=433 freq=5240
10-15 23:17:58.691  6343  6427 D ScanRecord: Not a Multi Manu data
10-15 23:17:58.712  6343  6427 I chatty  : uid=1002(bluetooth) BT Service Call identical 63 lines
10-15 23:17:58.712  6343  6427 D ScanRecord: Not a Multi Manu data
10-15 23:17:58.713 10709 10978 I BatteryMgr:DataCollectionService: stats => 1697404678712,157,4314,165,0,100
10-15 23:17:58.713  6343  6427 D ScanRecord: Not a Multi Manu data
10-15 23:17:58.820  6343  6427 I chatty  : uid=1002(bluetooth) BT Service Call identical 219 lines
10-15 23:17:58.820  6343  6427 D ScanRecord: Not a Multi Manu data
10-15 23:17:58.822 10709 10978 I BatteryMgr:DataCollectionService: stats => 1697404678822,157,4314,165,0,100
10-15 23:17:58.825  6343  6427 D ScanRecord: Not a Multi Manu data
10-15 23:17:58.894  6343  6427 I chatty  : uid=1002(bluetooth) BT Service Call identical 206 lines
10-15 23:17:58.894  6343  6427 D ScanRecord: Not a Multi Manu data
10-15 23:17:58.927 10709 10978 I BatteryMgr:DataCollectionService: stats => 1697404678927,157,4314,165,0,100
10-15 23:17:59.036 10709 10978 I BatteryMgr:DataCollectionService: stats => 1697404679036,157,4314,165,0,100
10-15 23:17:59.146 10709 10978 I BatteryMgr:DataCollectionService: stats => 1697404679146,157,4314,165,0,100
10-15 23:17:59.254 10709 10978 I BatteryMgr:DataCollectionService: stats => 1697404679254,157,4314,165,0,100
10-15 23:17:59.311  3957  4128 D WifiService: getConnectionInfo uid=1000
10-15 23:17:59.364 10709 10978 I BatteryMgr:DataCollectionService: stats => 1697404679364,157,4314,165,0,100
10-15 23:17:59.471 10709 10978 I BatteryMgr:DataCollectionService: stats => 1697404679471,157,4314,165,0,100
10-15 23:17:59.583 10709 10978 I BatteryMgr:DataCollectionService: stats => 1697404679583,157,4314,165,0,100
10-15 23:17:59.680  3957  4129 D WifiStateMachine:  ConnectedState !RSSI_PKTCNT_FETCH uid=1000 rt=406668828/1067067056 0 0 "ourhome" f4:6d:2f:12:cc:88 rssi=-43 f=5240 sc=60 link=433 tx=0.3, 0.0, 0.0  rx=0.6 bcn=91970 [on:0 tx:0 rx:0 period:999] from screen [on:78467 period:543813] score=60
10-15 23:17:59.685  3957  4129 D WifiStateMachine:  L2ConnectedState !RSSI_PKTCNT_FETCH uid=1000 rt=406668832/1067067059 0 0 "ourhome" f4:6d:2f:12:cc:88 rssi=-43 f=5240 sc=60 link=433 tx=0.3, 0.0, 0.0  rx=0.6 bcn=91970 [on:0 tx:0 rx:0 period:4] from screen [on:78467 period:543817] score=60
10-15 23:17:59.692  3957  4129 D WifiStateMachine: fetchRssiLinkSpeedAndFrequencyNative rssi=-42 linkspeed=433 freq=5240
10-15 23:17:59.692 10709 10978 I BatteryMgr:DataCollectionService: stats => 1697404679692,157,4314,165,0,100
10-15 23:17:59.800 10709 10978 I BatteryMgr:DataCollectionService: stats => 1697404679800,157,4314,165,0,100
10-15 23:17:59.850  3957  4129 D WifiStateMachine:  ConnectedState !CMD_RSSI_POLL rt=406668998/1067067225 54 0 "ourhome" f4:6d:2f:12:cc:88 rssi=-42 f=5240 sc=60 link=433 tx=0.3, 0.0, 0.0  rx=0.6 bcn=91970 [on:0 tx:0 rx:0 period:165] from screen [on:78467 period:543982] score=60
10-15 23:17:59.852  3957  4129 D WifiStateMachine:  L2ConnectedState !CMD_RSSI_POLL rt=406669001/1067067228 54 0 "ourhome" f4:6d:2f:12:cc:88 rssi=-42 f=5240 sc=60 link=433 tx=0.3, 0.0, 0.0  rx=0.6 bcn=91970 [on:0 tx:0 rx:0 period:3] from screen [on:78467 period:543985] score=60
10-15 23:17:59.852  3957  4129 D WifiStateMachine:  get link layer stats 3
10-15 23:17:59.853  3436  3436 I android.hardware.wifi@1.0-service: getLinkLayerStats
10-15 23:17:59.870  3957  4129 D WifiStateMachine: fetchRssiLinkSpeedAndFrequencyNative rssi=-42 linkspeed=433 freq=5240
10-15 23:17:59.878  4340  4340 E SignalClusterView: setSlotFocusVisible : subId -2
10-15 23:17:59.878  4340  4340 E SignalClusterView: setSlotFocusVisible : subId -2
10-15 23:17:59.908 10709 10978 I BatteryMgr:DataCollectionService: stats => 1697404679908,157,4314,165,0,100
10-15 23:18:00.000  3957  4045 D SamsungAlarmManager: Expired : 8
10-15 23:18:00.001  3957  4045 I SamsungAlarmManager: setLocked to kernel - T:3 / 20231015T231800, SetElapsed=1067067379, nowELAPSED=1067067379
10-15 23:18:00.001  3957  4045 V SamsungAlarmManager: Sending to uid : 1000 action=android.intent.action.TIME_TICK alarm=Alarm{68b56a8 type 3 when 1067067378 android}
10-15 23:18:00.003  3957  4045 D SamsungAlarmManager: Expired : 8
10-15 23:18:00.004  3957  4045 V SamsungAlarmManager: Sending to uid : 10074 action=com.samsung.action.EVERY_MINUTE_CLOCK_UPDATE alarm=Alarm{b73b166 type 1 when 1697404680000 com.sec.android.app.launcher}
10-15 23:18:00.008  6985  6985 I Launcher: onReceive: com.samsung.action.EVERY_MINUTE_CLOCK_UPDATE
10-15 23:18:00.008  3957  3957 D SamsungAlarmManager: setExact Intent (T:3/F:1/AC:false) 20231015T231900 - CU:1000/CP:3957
10-15 23:18:00.008  3957  3957 I SamsungAlarmManager: setLocked to kernel - T:3 / 20231015T231900, SetElapsed=1067127378, nowELAPSED=1067067387
10-15 23:18:00.008  3957  3957 V AlarmManager: ___SyncScheduler (v3) ACTIVATED___
10-15 23:18:00.009  3957  3957 V AlarmManagerEXT: <AppSync3 Whitelist>
10-15 23:18:00.009  3957  3957 V AlarmManagerEXT: (AppSync) com.facebook.services : 900(1380)
10-15 23:18:00.009  3957  3957 V AlarmManagerEXT: (AppSync) com.google.android.gms : 10800(20820)
10-15 23:18:00.009  3957  3957 V AlarmManagerEXT: (AppSync) ### 2 added ###
10-15 23:18:00.010  4340  4340 D KeyguardUpdateMonitor: received broadcast android.intent.action.TIME_TICK
10-15 23:18:00.011  4340  4340 D KeyguardServiceBoxContainer: refreshTime() 1
10-15 23:18:00.019  3957  4654 D SamsungAlarmManager: setInexact Intent (T:1/F:0/AC:false) 20231015T231900 - CU:10074/CP:6985
10-15 23:18:00.020  6985  6985 I IconView: applyFromShortcutInfo - start GetLive : com.samsung.android.calendar
10-15 23:18:00.020 10709 10978 I BatteryMgr:DataCollectionService: stats => 1697404680020,157,4314,165,0,100
10-15 23:18:00.020  6985  6985 I IconView: applyFromShortcutInfo - end GetLive : com.samsung.android.calendar
10-15 23:18:00.021  6985  6985 I IconView: applyFromApplicationInfo - start GetLive : com.sec.android.app.clockpackage
10-15 23:18:00.027  6985  6985 D ApplicationPackageManager: we has com.sec.android.app.clockpackage class. reuse it 
10-15 23:18:00.027  6985  6985 D LiveIconLoader: getLiveIcon was called in ClockPackage
10-15 23:18:00.029  6985  6985 D LiveIconLoader: getLiveIcon res = com.sec.android.app.clockpackage
10-15 23:18:00.030  6985  6985 D LiveIconLoader: stdIconSize : 84 , targetIconSize : 94
10-15 23:18:00.030  6985  6985 D LiveIconLoader: mIconDpi : 320 , mTargetIconDpi : 280
10-15 23:18:00.037  4340  4340 D KeyguardUpdateMonitor: handleStatusBarState( false )
10-15 23:18:00.044  6985  6985 I ApplicationPackageManager: load= live icon for com.sec.android.app.clockpackage, from overlay = false
10-15 23:18:00.046  6985  6985 I LiveIconManager: getLiveIcon: complete(sync_created)
10-15 23:18:00.046  6985  6985 I IconView: applyFromApplicationInfo - end GetLive : com.sec.android.app.clockpackage
10-15 23:18:00.047  6985  6985 I IconView: applyFromApplicationInfo - start GetLive : com.samsung.android.calendar
10-15 23:18:00.047  6985  6985 I IconView: applyFromApplicationInfo - end GetLive : com.samsung.android.calendar
10-15 23:18:00.068  4340  4340 D KeyguardUpdateMonitor: handleStatusBarState( false )
10-15 23:18:00.130 10709 10978 I BatteryMgr:DataCollectionService: stats => 1697404680130,157,4314,165,0,100
10-15 23:18:00.238 10709 10978 I BatteryMgr:DataCollectionService: stats => 1697404680238,157,4314,165,0,100
10-15 23:18:00.313  3957  4128 D WifiService: getConnectionInfo uid=1000
10-15 23:18:00.348 10709 10978 I BatteryMgr:DataCollectionService: stats => 1697404680348,157,4314,165,0,100
10-15 23:18:00.457 10709 10978 I BatteryMgr:DataCollectionService: stats => 1697404680457,157,4314,165,0,100
10-15 23:18:00.566 10709 10978 I BatteryMgr:DataCollectionService: stats => 1697404680566,157,4314,165,0,100
10-15 23:18:00.673 10709 10978 I BatteryMgr:DataCollectionService: stats => 1697404680673,157,4314,165,0,100
10-15 23:18:00.679  3957  4129 D WifiStateMachine:  ConnectedState !RSSI_PKTCNT_FETCH uid=1000 rt=406669829/1067068057 0 0 "ourhome" f4:6d:2f:12:cc:88 rssi=-42 f=5240 sc=60 link=433 tx=0.7, 0.0, 0.0  rx=11.6 bcn=91996 [on:0 tx:0 rx:0 period:804] from screen [on:79009 period:544812] score=60
10-15 23:18:00.681  3957  4129 D WifiStateMachine:  L2ConnectedState !RSSI_PKTCNT_FETCH uid=1000 rt=406669830/1067068058 0 0 "ourhome" f4:6d:2f:12:cc:88 rssi=-42 f=5240 sc=60 link=433 tx=0.7, 0.0, 0.0  rx=11.6 bcn=91996 [on:0 tx:0 rx:0 period:2] from screen [on:79009 period:544814] score=60
10-15 23:18:00.684  3957  4129 D WifiStateMachine: fetchRssiLinkSpeedAndFrequencyNative rssi=-41 linkspeed=433 freq=5240
10-15 23:18:00.778 10709 10978 I BatteryMgr:DataCollectionService: stats => 1697404680778,157,4314,165,0,100
10-15 23:18:00.886 10709 10978 I BatteryMgr:DataCollectionService: stats => 1697404680886,157,4314,165,0,100
10-15 23:18:00.995 10709 10978 I BatteryMgr:DataCollectionService: stats => 1697404680995,157,4314,165,0,100
10-15 23:18:01.104 10709 10978 I BatteryMgr:DataCollectionService: stats => 1697404681104,157,4314,165,0,100
10-15 23:18:01.213 10709 10978 I BatteryMgr:DataCollectionService: stats => 1697404681213,153,4314,153,0,100
10-15 23:18:01.316  3957  4128 D WifiService: getConnectionInfo uid=1000
10-15 23:18:01.324 10709 10978 I BatteryMgr:DataCollectionService: stats => 1697404681324,153,4314,153,0,100
10-15 23:18:01.434 10709 10978 I BatteryMgr:DataCollectionService: stats => 1697404681434,153,4314,153,0,100
10-15 23:18:01.543 10709 10978 I BatteryMgr:DataCollectionService: stats => 1697404681543,153,4314,153,0,100
10-15 23:18:01.653 10709 10978 I BatteryMgr:DataCollectionService: stats => 1697404681652,153,4314,153,0,100
10-15 23:18:01.669  3957  4654 D BatteryService: !@BatteryListener : batteryPropertiesChanged!
10-15 23:18:01.681  3957  4129 D WifiStateMachine:  ConnectedState !RSSI_PKTCNT_FETCH uid=1000 rt=406670831/1067069058 0 0 "ourhome" f4:6d:2f:12:cc:88 rssi=-41 f=5240 sc=60 link=433 tx=0.7, 0.0, 0.0  rx=11.6 bcn=91996 [on:0 tx:0 rx:0 period:1000] from screen [on:79009 period:545814] score=60
10-15 23:18:01.686  3957  4129 D WifiStateMachine:  L2ConnectedState !RSSI_PKTCNT_FETCH uid=1000 rt=406670832/1067069060 0 0 "ourhome" f4:6d:2f:12:cc:88 rssi=-41 f=5240 sc=60 link=433 tx=0.7, 0.0, 0.0  rx=11.6 bcn=91996 [on:0 tx:0 rx:0 period:4] from screen [on:79009 period:545818] score=60
10-15 23:18:01.688  3957  4129 D WifiStateMachine: fetchRssiLinkSpeedAndFrequencyNative rssi=-42 linkspeed=433 freq=5240
10-15 23:18:01.759 10709 10978 I BatteryMgr:DataCollectionService: stats => 1697404681759,153,4314,153,0,100
10-15 23:18:01.865 10709 10978 I BatteryMgr:DataCollectionService: stats => 1697404681865,153,4314,153,0,100
10-15 23:18:01.974 10709 10978 I BatteryMgr:DataCollectionService: stats => 1697404681974,153,4314,153,0,100
10-15 23:18:02.085 10709 10978 I BatteryMgr:DataCollectionService: stats => 1697404682085,153,4314,153,0,100
10-15 23:18:02.192 10709 10978 I BatteryMgr:DataCollectionService: stats => 1697404682192,153,4314,153,0,100
10-15 23:18:02.298 10709 10978 I BatteryMgr:DataCollectionService: stats => 1697404682298,153,4314,153,0,100
10-15 23:18:02.318  3957  4128 D WifiService: getConnectionInfo uid=1000
10-15 23:18:02.406 10709 10978 I BatteryMgr:DataCollectionService: stats => 1697404682405,153,4314,153,0,100
10-15 23:18:02.516 10709 10978 I BatteryMgr:DataCollectionService: stats => 1697404682515,153,4314,153,0,100
10-15 23:18:02.621  4961  4961 D io_stats: !@ 179,0 r 5759667 180110584 w 1315363 28433088 d 104568 31788624 f 302006 318841 iot 2517608 2220815 th 51200 0 0 pt 0 inp 0 0 406671.771
10-15 23:18:02.622 10709 10978 I BatteryMgr:DataCollectionService: stats => 1697404682622,153,4314,153,0,100
10-15 23:18:02.684  3957  4129 D WifiStateMachine:  ConnectedState !RSSI_PKTCNT_FETCH uid=1000 rt=406671832/1067070060 0 0 "ourhome" f4:6d:2f:12:cc:88 rssi=-42 f=5240 sc=60 link=433 tx=0.7, 0.0, 0.0  rx=11.6 bcn=91996 [on:0 tx:0 rx:0 period:998] from screen [on:79009 period:546816] score=60
10-15 23:18:02.686  3957  4129 D WifiStateMachine:  L2ConnectedState !RSSI_PKTCNT_FETCH uid=1000 rt=406671835/1067070062 0 0 "ourhome" f4:6d:2f:12:cc:88 rssi=-42 f=5240 sc=60 link=433 tx=0.7, 0.0, 0.0  rx=11.6 bcn=91996 [on:0 tx:0 rx:0 period:3] from screen [on:79009 period:546819] score=60
10-15 23:18:02.693  3957  4129 D WifiStateMachine: fetchRssiLinkSpeedAndFrequencyNative rssi=-42 linkspeed=433 freq=5240
10-15 23:18:02.732 10709 10978 I BatteryMgr:DataCollectionService: stats => 1697404682732,153,4314,153,0,100
10-15 23:18:02.848 10709 10978 I BatteryMgr:DataCollectionService: stats => 1697404682848,153,4314,153,0,100
10-15 23:18:02.875  3957  4129 D WifiStateMachine:  ConnectedState !CMD_RSSI_POLL rt=406672023/1067070251 54 0 "ourhome" f4:6d:2f:12:cc:88 rssi=-42 f=5240 sc=60 link=433 tx=0.7, 0.0, 0.0  rx=11.6 bcn=91996 [on:0 tx:0 rx:0 period:189] from screen [on:79009 period:547008] score=60
10-15 23:18:02.883  3957  4129 D WifiStateMachine:  L2ConnectedState !CMD_RSSI_POLL rt=406672027/1067070254 54 0 "ourhome" f4:6d:2f:12:cc:88 rssi=-42 f=5240 sc=60 link=433 tx=0.7, 0.0, 0.0  rx=11.6 bcn=91996 [on:0 tx:0 rx:0 period:6] from screen [on:79009 period:547014] score=60
10-15 23:18:02.883  3957  4129 D WifiStateMachine:  get link layer stats 3
10-15 23:18:02.884  3436  3436 I android.hardware.wifi@1.0-service: getLinkLayerStats
10-15 23:18:02.904  3957  4129 D WifiStateMachine: fetchRssiLinkSpeedAndFrequencyNative rssi=-41 linkspeed=433 freq=5240
10-15 23:18:02.909  4340  4340 E SignalClusterView: setSlotFocusVisible : subId -2
10-15 23:18:02.909  4340  4340 E SignalClusterView: setSlotFocusVisible : subId -2
10-15 23:18:02.959 10709 10978 I BatteryMgr:DataCollectionService: stats => 1697404682959,153,4314,153,0,100
10-15 23:18:03.071 10709 10978 I BatteryMgr:DataCollectionService: stats => 1697404683071,153,4314,153,0,100
10-15 23:18:03.180 10709 10978 I BatteryMgr:DataCollectionService: stats => 1697404683180,153,4314,153,0,100
10-15 23:18:03.294 10709 10978 I BatteryMgr:DataCollectionService: stats => 1697404683294,153,4314,153,0,100
10-15 23:18:03.321  3957  4128 D WifiService: getConnectionInfo uid=1000
10-15 23:18:03.404 10709 10978 I BatteryMgr:DataCollectionService: stats => 1697404683404,153,4314,153,0,100
10-15 23:18:03.415  6343  6427 D ScanRecord: Not a Multi Manu data
10-15 23:18:03.497  6343  6427 I chatty  : uid=1002(bluetooth) BT Service Call identical 167 lines
10-15 23:18:03.497  6343  6427 D ScanRecord: Not a Multi Manu data
10-15 23:18:03.513 10709 10978 I BatteryMgr:DataCollectionService: stats => 1697404683513,153,4314,153,0,100
10-15 23:18:03.514  6343  6427 D ScanRecord: Not a Multi Manu data
10-15 23:18:03.624  6343  6427 I chatty  : uid=1002(bluetooth) BT Service Call identical 245 lines
10-15 23:18:03.624  6343  6427 D ScanRecord: Not a Multi Manu data
10-15 23:18:03.626 10709 10978 I BatteryMgr:DataCollectionService: stats => 1697404683626,153,4314,153,0,100
10-15 23:18:03.627  6343  6427 D ScanRecord: Not a Multi Manu data
10-15 23:18:03.682  6343  6427 I chatty  : uid=1002(bluetooth) BT Service Call identical 167 lines
10-15 23:18:03.682  6343  6427 D ScanRecord: Not a Multi Manu data
10-15 23:18:03.683  3957  4129 D WifiStateMachine:  ConnectedState !RSSI_PKTCNT_FETCH uid=1000 rt=406672833/1067071061 0 0 "ourhome" f4:6d:2f:12:cc:88 rssi=-41 f=5240 sc=60 link=433 tx=2.2, 0.0, 0.0  rx=4.9 bcn=92025 [on:0 tx:0 rx:0 period:776] from screen [on:79496 period:547816] score=60
10-15 23:18:03.686  3957  4129 D WifiStateMachine:  L2ConnectedState !RSSI_PKTCNT_FETCH uid=1000 rt=406672834/1067071062 0 0 "ourhome" f4:6d:2f:12:cc:88 rssi=-41 f=5240 sc=60 link=433 tx=2.2, 0.0, 0.0  rx=4.9 bcn=92025 [on:0 tx:0 rx:0 period:3] from screen [on:79496 period:547819] score=60
10-15 23:18:03.688  3957  4129 D WifiStateMachine: fetchRssiLinkSpeedAndFrequencyNative rssi=-41 linkspeed=433 freq=5240
10-15 23:18:03.690  6343  6427 D ScanRecord: Not a Multi Manu data
