10-15 23:02:12.108  9461  9461 I app_process: find the special shared library, skip check
10-15 23:02:12.193  9461  9461 D SemCscFeature: Encoded
10-15 23:02:12.203  9461  9461 I chatty  : uid=2000(shell) identical 2 lines
10-15 23:02:12.205  9461  9461 D SemCscFeature: Encoded
10-15 23:02:12.207  9461  9461 E SemAffinityControl: SemAffinityControl: registerfunction enter
10-15 23:02:12.241  9461  9461 D AndroidRuntime: Calling main entry com.android.commands.monkey.Monkey
10-15 23:02:12.363  3957  3972 W BroadcastQueue: Skipping deliver [background] BroadcastRecord{8e9bc9b u-1 android.net.conn.CONNECTIVITY_CHANGE} to ReceiverList{ddeb838 9461 (unknown name)/2000/u-1 remote:a7caf95}: process gone or crashing
10-15 23:02:12.414  3957  5415 I ActivityManager: START u0 {act=android.intent.action.MAIN typ=null flg=0x10200000 cmp=ComponentInfo{org.mozilla.fenix/org.mozilla.fenix.App}} from uid 2000
10-15 23:02:12.416  3957  5415 W Binder  : Outgoing transactions from this process must be FLAG_ONEWAY
10-15 23:02:12.416  3957  5415 W Binder  : java.lang.Throwable
10-15 23:02:12.416  3957  5415 W Binder  : 	at android.os.BinderProxy.transact(Binder.java:744)
10-15 23:02:12.416  3957  5415 W Binder  : 	at android.app.IActivityController$Stub$Proxy.activityStarting(IActivityController.java:172)
10-15 23:02:12.416  3957  5415 W Binder  : 	at com.android.server.am.ActivityStarter.startActivity(ActivityStarter.java:648)
10-15 23:02:12.416  3957  5415 W Binder  : 	at com.android.server.am.ActivityStarter.startActivityLocked(ActivityStarter.java:410)
10-15 23:02:12.416  3957  5415 W Binder  : 	at com.android.server.am.ActivityStarter.startActivityMayWait(ActivityStarter.java:1283)
10-15 23:02:12.416  3957  5415 W Binder  : 	at com.android.server.am.ActivityManagerService.startActivityAsUser(ActivityManagerService.java:6033)
10-15 23:02:12.416  3957  5415 W Binder  : 	at com.android.server.am.ActivityManagerService.startActivity(ActivityManagerService.java:5885)
10-15 23:02:12.416  3957  5415 W Binder  : 	at android.app.IActivityManager$Stub.onTransact(IActivityManager.java:121)
10-15 23:02:12.416  3957  5415 W Binder  : 	at com.android.server.am.ActivityManagerService.onTransact(ActivityManagerService.java:3861)
10-15 23:02:12.416  3957  5415 W Binder  : 	at android.os.Binder.execTransact(Binder.java:682)
10-15 23:02:12.419  3957  5415 D CustomFrequencyManagerService: acquireDVFSLockLocked : type : DVFS_MIN_LIMIT  frequency : 1560000  uid : 1000  pid : 3957  pkgName : AMS_APP_SWITCH@CPU_MIN@52
10-15 23:02:12.421  3957  5415 D ActivityManagerPerformance: AMP_acquire() APP_SWITCH
10-15 23:02:12.421  3957  5022 D ActivityManagerPerformance: Received MSG_CFMS_HINT_AMS_SWITCH pkgName: org.mozilla.fenix
10-15 23:02:12.422  3957  6478 D WifiService: getConnectionInfo uid=1000
10-15 23:02:12.430  3957  5415 V WindowManager: rotationForOrientationLw(orient=-1, last=0); user=0  sensorRotation=-1 mLidState=-1 mDockMode=0 mHdmiPlugged=false
10-15 23:02:12.431  3957  5413 D ActivityManager: isScaleDownAnimationEnabled() : false
10-15 23:02:12.431  3957 10037 V WindowManager: rotationForOrientationLw(orient=-1, last=0); user=0  sensorRotation=-1 mLidState=-1 mDockMode=0 mHdmiPlugged=false
10-15 23:02:12.432  3957  5413 D StorageManagerService: getExternalStorageMountMode : 1
10-15 23:02:12.432  3957  5413 D StorageManagerService: getExternalStorageMountMode : 3
10-15 23:02:12.433  3957  5413 D StorageManagerService: getExternalStorageMountMode : final mountMode=1, uid : 10169, packageName : org.mozilla.fenix
10-15 23:02:12.433  3957  5413 I ApplicationPolicy: isApplicationExternalStorageWhitelisted:org.mozilla.fenix user:0
10-15 23:02:12.433  3957  5413 D ApplicationPolicy: isApplicationExternalStorageWhitelisted: DO is not enabled on user 0. Allowed.
10-15 23:02:12.433  3957  5413 D ActivityManager: package  org.mozilla.fenix, user - 0 is SDcard whitelisted
10-15 23:02:12.433  3957  5413 I ApplicationPolicy: isApplicationExternalStorageBlacklisted:org.mozilla.fenix user:0
10-15 23:02:12.433  3957  5413 D ApplicationPolicy: isApplicationExternalStorageBlacklisted: DO is not enabled on user 0. Allowed.
10-15 23:02:12.444  3957  5413 I ActivityManager: Start proc 9472:org.mozilla.fenix/u0a169 for activity org.mozilla.fenix/.App
10-15 23:02:12.444  9472  9472 E Zygote  : isWhitelistProcess - Process is Whitelisted
10-15 23:02:12.445  9472  9472 E libpersona: scanKnoxPersonas
10-15 23:02:12.445  9472  9472 E libpersona: Couldn't open the File - /data/system/users/0/personalist.xml - No such file or directory
10-15 23:02:12.446  9472  9472 W SELinux : SELinux selinux_android_compute_policy_index : Policy Index[2],  Con:u:r:zygote:s0 RAM:SEPF_SM-J720F_8.0.0_0002, [-1 -1 -1 -1 0 1]
10-15 23:02:12.447  9472  9472 I SELinux : SELinux: seapp_context_lookup: seinfo=untrusted, level=s0:c512,c768, pkgname=org.mozilla.fenix 
10-15 23:02:12.449  3957  3973 V WindowManager: rotationForOrientationLw(orient=-1, last=0); user=0  sensorRotation=-1 mLidState=-1 mDockMode=0 mHdmiPlugged=false
10-15 23:02:12.453  9461  9461 I com.android.commands.monkey: System.exit called, status: 0
10-15 23:02:12.453  9461  9461 I AndroidRuntime: VM exiting with result code 0.
10-15 23:02:12.454  3957  3973 V WindowManager: rotationForOrientationLw(orient=-1, last=0); user=0  sensorRotation=-1 mLidState=-1 mDockMode=0 mHdmiPlugged=false
10-15 23:02:12.467  9472  9472 D TimaKeyStoreProvider: TimaKeyStore is not enabled: cannot add TimaSignature Service and generateKeyPair Service
10-15 23:02:12.467  9472  9472 D ActivityThread: Added TimaKeyStore provider
10-15 23:02:12.469  3957 10037 I ActivityManager: DSS on for org.mozilla.fenix and scale is 1.0
10-15 23:02:12.477  3957 10037 D PersonaManagerService: Current focused persona service handled id set to : 0
10-15 23:02:12.477  3957 10037 D InputDispatcher: Focused application set to: xxxx
10-15 23:02:12.478  3957 10037 D InputDispatcher: Focus left window: 9427
10-15 23:02:12.479  9427  9427 D ViewRootImpl@4470b6[MainActivity]: MSG_WINDOW_FOCUS_CHANGED 0
10-15 23:02:12.479  3957  4220 D GameManagerService: handleForegroundChange(). pkgName: org.mozilla.fenix, clsName: org.mozilla.fenix.HomeActivity,FgActivityName:org.mozilla.fenix/.HomeActivity
10-15 23:02:12.480  3957 10037 D MARsPolicyManager: onPackageResumedFG pkgName = org.mozilla.fenix, userId = 0
10-15 23:02:12.480  3957  4220 D GameManagerService: sem_perfomance_mode: 3
10-15 23:02:12.480  3957  4220 D GameManagerService: notifyResumePause(). pkg: org.mozilla.fenix, type: 4, isMinimized: false, isTunableApp: false
10-15 23:02:12.480  3957  4220 D GameManagerService:   notifyResumePause(). unexpected mPrevNotiType: -1
10-15 23:02:12.483  3957  6478 D GamePkgDataHelper: getGamePkgDataIncServer(). org.mozilla.fenix
10-15 23:02:12.483  3957  6478 D GameManagerService: identifyGamePackage. org.mozilla.fenix
10-15 23:02:12.484  3957  6478 D GamePkgDataHelper: getGamePkgData(). org.mozilla.fenix
10-15 23:02:12.484  3957  6478 D GameManagerService: identifyGamePackage. org.mozilla.fenix
10-15 23:02:12.484  3957  6478 D GamePkgDataHelper: getGamePkgData(). org.mozilla.fenix
10-15 23:02:12.484  3957  6478 D GamePkgDataHelper: getSosPolicy(). org.mozilla.fenix
10-15 23:02:12.488  3957  6478 D GameManagerService: identifyGamePackage. org.mozilla.fenix
10-15 23:02:12.488  3957  6478 D GamePkgDataHelper: getGamePkgData(). org.mozilla.fenix
10-15 23:02:12.488  3957  6478 D GameManagerService: identifyGamePackage. org.mozilla.fenix
10-15 23:02:12.488  3957  6478 D GamePkgDataHelper: getGamePkgData(). org.mozilla.fenix
10-15 23:02:12.497  9472  9472 I zygote64: no shared libraies, dex_files: 1
10-15 23:02:12.514  3957  4025 D ViewRootImpl@c4db2ce[fenix]: setView = DecorView@fa658fc[fenix] TM=true MM=false
10-15 23:02:12.524  3957  4025 D ViewRootImpl@c4db2ce[fenix]: dispatchAttachedToWindow
10-15 23:02:12.525  3957  4025 V WindowManager: Relayout Window{2e415ef u0 Splash Screen org.mozilla.fenix}: viewVisibility=0 req=719x1237 WM.LayoutParams{(0,0)(fillxfill) sim=#20 ty=3 fl=#81830118 pfl=0x20011 fmt=-3 wanim=0x10302ea vsysui=0x600 needsMenuKey=2 colorMode=0 naviIconColor=0}
10-15 23:02:12.528  3447  3447 I SurfaceFlinger: id=1826 createSurf (720x1280),1 flag=4, Splash Screen org.mozilla.fenix#0
10-15 23:02:12.529  3957  4025 V Surface : sf_framedrop debug : 0x4f4c, game : false, logging : 0
10-15 23:02:12.532  3957  4025 D ViewRootImpl@c4db2ce[fenix]: Relayout returned: old=[0,0][0,0] new=[0,0][720,1280] result=0x7 surface={valid=true 501282848768} changed=true
10-15 23:02:12.534  3957  4025 D ViewRootImpl@c4db2ce[fenix]: MSG_RESIZED_REPORT: frame=Rect(0, 0 - 720, 1280) ci=Rect(0, 42 - 0, 0) vi=Rect(0, 42 - 0, 0) or=1
10-15 23:02:12.551  4340  4361 D SystemServicesProxy: updateOverviewLastStackActiveTimeAsync: newTime=1697403732424
10-15 23:02:12.551  3957  5413 D SecContentProvider: query(), uri = 17 selection = isSettingsChangesAllowed
10-15 23:02:12.552  3957  5413 D SecContentProvider: called from android.uid.systemui:10009
10-15 23:02:12.553  4340  4692 D SystemServicesProxy: updateOverviewLastStackActiveTimeAsync: done.
10-15 23:02:12.556  3957  4025 V WindowManager: finishDrawingLocked: mDrawState=COMMIT_DRAW_PENDING Window{2e415ef u0 Splash Screen org.mozilla.fenix} in Surface(name=Splash Screen org.mozilla.fenix)
10-15 23:02:12.557  3957 10037 D PackageManager: getComponentMetadataForIconTray : com.example.batterymanager_utility.MainActivity does not exist in mServices
10-15 23:02:12.557  3957 10037 D PackageManager: getComponentMetadataForIconTray : com.example.batterymanager_utility.MainActivity does not exist in mProviders
10-15 23:02:12.557  3957 10037 D PackageManager: getComponentMetadataForIconTray : com.example.batterymanager_utility.MainActivity does not exist in mReceivers
10-15 23:02:12.557  4340  4361 D ApplicationPackageManager: updateItemMetaDataForFixedIconScale: package: com.example.batterymanager_utility
10-15 23:02:12.558  3957 10037 D PackageManager: getSelectedMetaData : packageName(com.example.batterymanager_utility) or Metadata strings {[Ljava.lang.String;@7d8db85}
10-15 23:02:12.558  4340  4361 I ApplicationPackageManager: load=com.example.batterymanager_utility, bg=144-144, dr=189-189, forDefault=true, density=0
10-15 23:02:12.560  4340  4361 I ApplicationPackageManager: scaled rate=0.72, size=189, alpha=54, hold=102
10-15 23:02:12.560  4340  4361 D ApplicationPackageManager: iconScale: getScale(): 0.72 getAlpha(): 54
10-15 23:02:12.562  4340  4361 I ApplicationPackageManager: load=com.example.batterymanager_utility-contain, bg=112-112, dr=189-189
10-15 23:02:12.576  3447  3447 V Surface : sf_framedrop debug : 0x4f4c, game : false, logging : 0
10-15 23:02:12.577  9427  9443 D OpenGLRenderer: eglDestroySurface = 0x74e8ff0880
10-15 23:02:12.585  3957  4025 D TaskSnapshotCache: putSnapshot mTaskId=337 RunningCache size=1
10-15 23:02:12.588  3957  5415 V WindowManager: Relayout Window{1d2bcfa u0 com.example.batterymanager_utility/com.example.batterymanager_utility.MainActivity}: viewVisibility=8 req=720x1280 WM.LayoutParams{(0,0)(fillxfill) sim=#120 ty=1 fl=#81810100 pfl=0x20000 wanim=0x10302fd vsysui=0x600 needsMenuKey=2 colorMode=0 naviIconColor=0}
10-15 23:02:12.594  3957  3973 D WindowManager: set systemUiVisibility : systemUiFlags= 0x608 fullscreenStackSysUiFlags= 0x0
10-15 23:02:12.595  9427  9427 D ViewRootImpl@4470b6[MainActivity]: Relayout returned: old=[0,0][720,1280] new=[0,0][720,1280] result=0x5 surface={valid=false 0} changed=true
10-15 23:02:12.606  9472  9472 I FirebaseApp: Device unlocked: initializing all Firebase APIs for app [DEFAULT]
10-15 23:02:12.612  3447  3447 I SurfaceFlinger: Display 0 HWC layers:
10-15 23:02:12.612  3447  3447 I SurfaceFlinger:     type    |    handle    | flag |  format   |   source crop (l,t,r,b)    |         frame       | name 
10-15 23:02:12.612  3447  3447 I SurfaceFlinger: ------------+--------------+------+-----------+----------------------------+---------------------+------
10-15 23:02:12.612  3447  3447 I SurfaceFlinger:      Client |              | 0000 |  Unknown  |  -0.2   -0.2   -0.8   -0.8 |    0    0  720 1280 | animation background stackId=1#0
10-15 23:02:12.612  3447  3447 I SurfaceFlinger:      Client | 0x7ea5024b40 | 0002 | RGBA_8888 |   0.0    0.0  720.0 1280.0 |    0    0  720 1279 | com.example.batterymanager_utility/c[...]atterymanager_utility.MainActivity#0
10-15 23:02:12.612  3447  3447 I SurfaceFlinger:      Device | 0x7ea5024e40 | 0000 | RGBA_8888 |   0.0    0.0  720.0   42.0 |    0    0  720   42 | StatusBar#0
10-15 23:02:12.612  3447  3447 I SurfaceFlinger: 
10-15 23:02:12.613  3957  4089 D MdnieScenarioControlService:  packageName : org.mozilla.fenix    className : org.mozilla.fenix.App
10-15 23:02:12.614  3957  4089 V MdnieScenarioControlService: setUIMode from UI function(3)
10-15 23:02:12.614  9472  9472 I FirebaseInitProvider: FirebaseApp initialization successful
10-15 23:02:12.679  3957  4129 D WifiStateMachine:  ConnectedState !CMD_RSSI_POLL rt=405721829/1066120057 52 0 "ourhome" f4:6d:2f:12:cc:88 rssi=-41 f=5240 sc=60 link=433 tx=0.1, 0.0, 0.0  rx=0.9 bcn=83745 [on:0 tx:0 rx:0 period:613] from screen [on:620686 period:3899655] score=60
10-15 23:02:12.680  3957  4129 D WifiStateMachine:  L2ConnectedState !CMD_RSSI_POLL rt=405721830/1066120058 52 0 "ourhome" f4:6d:2f:12:cc:88 rssi=-41 f=5240 sc=60 link=433 tx=0.1, 0.0, 0.0  rx=0.9 bcn=83745 [on:0 tx:0 rx:0 period:0] from screen [on:620686 period:3899655] score=60
10-15 23:02:12.680  3957  4129 D WifiStateMachine:  get link layer stats 3
10-15 23:02:12.680  3436  3436 I android.hardware.wifi@1.0-service: getLinkLayerStats
10-15 23:02:12.698  3957  4129 D WifiStateMachine: fetchRssiLinkSpeedAndFrequencyNative rssi=-41 linkspeed=433 freq=5240
10-15 23:02:12.701  4340  4340 E SignalClusterView: setSlotFocusVisible : subId -2
10-15 23:02:12.701  4340  4340 E SignalClusterView: setSlotFocusVisible : subId -2
10-15 23:02:12.785  9472  9498 W linker  : "/data/app/org.mozilla.fenix-iWpGOrf8cry6RDpwHyQugA==/lib/arm64/libxul.so" unused DT entry: type 0x8000024 arg 0x539420
10-15 23:02:12.785  9472  9498 W linker  : "/data/app/org.mozilla.fenix-iWpGOrf8cry6RDpwHyQugA==/lib/arm64/libxul.so" unused DT entry: type 0x8000023 arg 0x17d68
10-15 23:02:12.785  9472  9498 W linker  : "/data/app/org.mozilla.fenix-iWpGOrf8cry6RDpwHyQugA==/lib/arm64/libxul.so" unused DT entry: type 0x8000025 arg 0x8
10-15 23:02:12.786  9472  9498 W linker  : "/data/app/org.mozilla.fenix-iWpGOrf8cry6RDpwHyQugA==/lib/arm64/libnss3.so" unused DT entry: type 0x8000024 arg 0x14998
10-15 23:02:12.786  9472  9498 W linker  : "/data/app/org.mozilla.fenix-iWpGOrf8cry6RDpwHyQugA==/lib/arm64/libnss3.so" unused DT entry: type 0x8000023 arg 0x5c8
10-15 23:02:12.786  9472  9498 W linker  : "/data/app/org.mozilla.fenix-iWpGOrf8cry6RDpwHyQugA==/lib/arm64/libnss3.so" unused DT entry: type 0x8000025 arg 0x8
10-15 23:02:12.786  9472  9498 W linker  : "/data/app/org.mozilla.fenix-iWpGOrf8cry6RDpwHyQugA==/lib/arm64/libmozglue.so" unused DT entry: type 0x8000024 arg 0x38f70
10-15 23:02:12.786  9472  9498 W linker  : "/data/app/org.mozilla.fenix-iWpGOrf8cry6RDpwHyQugA==/lib/arm64/libmozglue.so" unused DT entry: type 0x8000023 arg 0x1f8
10-15 23:02:12.787  9472  9498 W linker  : "/data/app/org.mozilla.fenix-iWpGOrf8cry6RDpwHyQugA==/lib/arm64/libmozglue.so" unused DT entry: type 0x8000025 arg 0x8
10-15 23:02:12.787  9472  9498 W linker  : "/data/app/org.mozilla.fenix-iWpGOrf8cry6RDpwHyQugA==/lib/arm64/libmozglue.so" unused DT entry: type 0x8000024 arg 0x38f70
10-15 23:02:12.787  9472  9498 W linker  : "/data/app/org.mozilla.fenix-iWpGOrf8cry6RDpwHyQugA==/lib/arm64/libmozglue.so" unused DT entry: type 0x8000023 arg 0x1f8
10-15 23:02:12.787  9472  9498 W linker  : "/data/app/org.mozilla.fenix-iWpGOrf8cry6RDpwHyQugA==/lib/arm64/libmozglue.so" unused DT entry: type 0x8000025 arg 0x8
10-15 23:02:12.787  9472  9498 W linker  : "/data/app/org.mozilla.fenix-iWpGOrf8cry6RDpwHyQugA==/lib/arm64/libmozglue.so" unused DT entry: type 0x8000024 arg 0x38f70
10-15 23:02:12.787  9472  9498 W linker  : "/data/app/org.mozilla.fenix-iWpGOrf8cry6RDpwHyQugA==/lib/arm64/libmozglue.so" unused DT entry: type 0x8000023 arg 0x1f8
10-15 23:02:12.787  9472  9498 W linker  : "/data/app/org.mozilla.fenix-iWpGOrf8cry6RDpwHyQugA==/lib/arm64/libmozglue.so" unused DT entry: type 0x8000025 arg 0x8
10-15 23:02:12.787  9472  9498 W linker  : "/data/app/org.mozilla.fenix-iWpGOrf8cry6RDpwHyQugA==/lib/arm64/libmozglue.so" unused DT entry: type 0x8000024 arg 0x38f70
10-15 23:02:12.788  9472  9498 W linker  : "/data/app/org.mozilla.fenix-iWpGOrf8cry6RDpwHyQugA==/lib/arm64/libmozglue.so" unused DT entry: type 0x8000023 arg 0x1f8
10-15 23:02:12.788  9472  9498 W linker  : "/data/app/org.mozilla.fenix-iWpGOrf8cry6RDpwHyQugA==/lib/arm64/libmozglue.so" unused DT entry: type 0x8000025 arg 0x8
10-15 23:02:12.798  3447  3447 I SurfaceFlinger: Display 0 HWC layers:
10-15 23:02:12.798  3447  3447 I SurfaceFlinger:     type    |    handle    | flag |  format   |   source crop (l,t,r,b)    |         frame       | name 
10-15 23:02:12.798  3447  3447 I SurfaceFlinger: ------------+--------------+------+-----------+----------------------------+---------------------+------
10-15 23:02:12.798  3447  3447 I SurfaceFlinger:      Client |              | 0000 |  Unknown  |  -0.2   -0.2   -0.8   -0.8 |    0    0  720 1280 | animation background stackId=1#0
10-15 23:02:12.798  3447  3447 I SurfaceFlinger:      Client | 0x7ea5024b40 | 0002 | RGBA_8888 |   0.0    0.0  720.0 1280.0 |   16   29  703 1251 | com.example.batterymanager_utility/c[...]atterymanager_utility.MainActivity#0
10-15 23:02:12.798  3447  3447 I SurfaceFlinger:      Client | 0x7e9ec22b00 | 0000 | RGBA_8888 |   0.0    0.0  720.0 1022.0 |   17  305  704 1280 | Splash Screen org.mozilla.fenix#0
10-15 23:02:12.798  3447  3447 I SurfaceFlinger:      Client | 0x7ea5024e40 | 0000 | RGBA_8888 |   0.0    0.0  720.0   42.0 |    0    0  720   42 | StatusBar#0
10-15 23:02:12.798  3447  3447 I SurfaceFlinger: 
10-15 23:02:12.903  3957  4128 D WifiService: getConnectionInfo uid=1000
10-15 23:02:12.922  9472  9498 I nimbus::stateful::nimbus_client: updating experiment list
10-15 23:02:12.928  9472  9498 I nimbus::stateful::persistence: Already at version 2, no upgrade needed
10-15 23:02:12.930  9472  9498 I nimbus::stateful::nimbus_client: [Nimbus] Retrieved date from Context: 2023-09-28 18:32:20 UTC
10-15 23:02:12.930  9472  9498 I nimbus::stateful::nimbus_client: [Nimbus] Installation Date: 2023-09-28 18:32:20 UTC
10-15 23:02:12.930  9472  9498 I nimbus::stateful::nimbus_client: [Nimbus] Update Date: 2023-09-28 18:32:25.568136298 UTC
10-15 23:02:12.930  9472  9498 I nimbus::stateful::nimbus_client: [Nimbus] Days since install: 17
10-15 23:02:12.931  9472  9498 I nimbus::stateful::nimbus_client: [Nimbus] Days since update: 17
10-15 23:02:12.971  9472  9501 I GeckoThread: preparing to run Gecko
10-15 23:02:12.977  3957  5413 W StorageManager: getStorageLowBytes lowPercent : 5, lowBytes : 1260145254, maxLowBytes : 524288000
10-15 23:02:12.979  3957  5415 W StorageManager: getStorageLowBytes lowPercent : 5, lowBytes : 1260145254, maxLowBytes : 524288000
10-15 23:02:12.981  3957  5413 W StorageManager: getStorageLowBytes lowPercent : 5, lowBytes : 1260145254, maxLowBytes : 524288000
10-15 23:02:12.991  9472  9501 I GeckoLoader: Library base=/data/app/org.mozilla.fenix-iWpGOrf8cry6RDpwHyQugA==/lib/arm64
10-15 23:02:12.992  9472  9505 I libglean_ffi: glean_core::core: Creating new Glean v54.0.0
10-15 23:02:12.996  9472  9501 W Settings: Setting animator_duration_scale has moved from android.provider.Settings.System to android.provider.Settings.Global, returning read-only global URI.
10-15 23:02:12.998  9472  9505 I libglean_ffi: glean_core::database: Database initialized
10-15 23:02:12.999  9472  9501 I GeckoLoader: Library base=/data/app/org.mozilla.fenix-iWpGOrf8cry6RDpwHyQugA==/lib/arm64
10-15 23:02:13.000  9472  9501 E GeckoLibLoad: Load sqlite start
10-15 23:02:13.001  9472  9501 E GeckoLibLoad: Load sqlite done
10-15 23:02:13.001  9472  9501 I GeckoLoader: Library base=/data/app/org.mozilla.fenix-iWpGOrf8cry6RDpwHyQugA==/lib/arm64
10-15 23:02:13.002  9472  9501 E GeckoLibLoad: Load nss start
10-15 23:02:13.002  9472  9501 E GeckoLibLoad: Load nss done
10-15 23:02:13.002  9472  9501 I GeckoLoader: Library base=/data/app/org.mozilla.fenix-iWpGOrf8cry6RDpwHyQugA==/lib/arm64
10-15 23:02:13.004  9472  9501 E GeckoLibLoad: Loaded libs in 1.653692ms total, 0ms(4ms) user, 0ms(0ms) system, 1(1) faults
10-15 23:02:13.004  9472  9501 W GeckoThread: zerdatime 1066120383 - runGecko
10-15 23:02:13.005  9472  9505 I libglean_ffi: glean_core: Glean initialized
10-15 23:02:13.007  9472  9505 I libglean_ffi: glean_core::event_database: Loading events for background-update
10-15 23:02:13.009  9472  9505 I libglean_ffi: glean_core::event_database: Loading events for events
10-15 23:02:13.014  9472  9505 I libglean_ffi: glean_core::ping: Collecting events
10-15 23:02:13.020  3599  3918 D DnsProxyListener: DNSDBG::dns by name af 2
10-15 23:02:13.023  9472  9505 I libglean_ffi: glean_core::upload::directory: Processing ping at: /data/user/0/org.mozilla.fenix/glean_data/pending_pings/40eacc81-1e45-4171-910c-393cb65f2459
10-15 23:02:13.024  9472  9505 I libglean_ffi: glean_core::metrics::ping: The ping 'events' was submitted and will be sent as soon as possible
10-15 23:02:13.036  3957  5413 D PackageManager: setEnabledSetting : userId = 0 packageName = org.mozilla.fenix cmp = androidx.work.impl.background.systemjob.SystemJobService newState = 1 callingPackage = 10169/org.mozilla.fenix
10-15 23:02:13.064  3957  4129 D WifiStateMachine:  ConnectedState !RSSI_PKTCNT_FETCH uid=1000 rt=405722214/1066120442 0 0 "ourhome" f4:6d:2f:12:cc:88 rssi=-41 f=5240 sc=60 link=433 tx=0.0, 0.0, 0.0  rx=0.3 bcn=83772 [on:0 tx:0 rx:0 period:364] from screen [on:620770 period:3900040] score=60
10-15 23:02:13.066  3957  4129 D WifiStateMachine:  L2ConnectedState !RSSI_PKTCNT_FETCH uid=1000 rt=405722215/1066120443 0 0 "ourhome" f4:6d:2f:12:cc:88 rssi=-41 f=5240 sc=60 link=433 tx=0.0, 0.0, 0.0  rx=0.3 bcn=83772 [on:0 tx:0 rx:0 period:2] from screen [on:620770 period:3900042] score=60
10-15 23:02:13.072  3957  4129 D WifiStateMachine: fetchRssiLinkSpeedAndFrequencyNative rssi=-41 linkspeed=433 freq=5240
10-15 23:02:13.075  3957  4025 I WindowManager: Destroying surface Surface(name=com.example.batterymanager_utility/com.example.batterymanager_utility.MainActivity) called by com.android.server.wm.WindowStateAnimator.destroySurface:2501 com.android.server.wm.WindowStateAnimator.destroySurfaceLocked:985 com.android.server.wm.WindowState.destroyOrSaveSurfaceUnchecked:3670 com.android.server.wm.WindowState.destroySurface:3618 com.android.server.wm.AppWindowToken.destroySurfaces:722 com.android.server.wm.AppWindowToken.destroySurfaces:706 com.android.server.wm.WindowState.onExitAnimationDone:5316 com.android.server.wm.WindowStateAnimator.stepAnimationLocked:550 
10-15 23:02:13.076  3447  3489 I SurfaceFlinger: id=1825 Removed com.example.batterymanager_utility/com.example.batterymanager_utility.MainActivity#0 (2/5)
10-15 23:02:13.080  3447  3488 I SurfaceFlinger: id=1825 Removed com.example.batterymanager_utility/com.example.batterymanager_utility.MainActivity#0 (-2/5)
10-15 23:02:13.090  3957  4324 I OpenGLRenderer: Initialized EGL, version 1.4
10-15 23:02:13.090  3957  4324 D OpenGLRenderer: Swap behavior 2
10-15 23:02:13.092  3447  3447 I Layer   : id=1825 onRemoved com.example.batterymanager_utility/com.example.batterymanager_utility.MainActivity#0 
10-15 23:02:13.096  3447  3447 I SurfaceFlinger: Display 0 HWC layers:
10-15 23:02:13.096  3447  3447 I SurfaceFlinger:     type    |    handle    | flag |  format   |   source crop (l,t,r,b)    |         frame       | name 
10-15 23:02:13.096  3447  3447 I SurfaceFlinger: ------------+--------------+------+-----------+----------------------------+---------------------+------
10-15 23:02:13.096  3447  3447 I SurfaceFlinger:      Device | 0x7e9ec22b00 | 0000 | RGBA_8888 |   0.0    0.0  720.0 1280.0 |    0    0  720 1280 | Splash Screen org.mozilla.fenix#0
10-15 23:02:13.096  3447  3447 I SurfaceFlinger:      Device | 0x7ea5024e40 | 0000 | RGBA_8888 |   0.0    0.0  720.0   42.0 |    0    0  720   42 | StatusBar#0
10-15 23:02:13.096  3447  3447 I SurfaceFlinger: 
10-15 23:02:13.104  9472  9505 I glean/MetricsPingSched: The 'metrics' ping was already sent today, 1697403733055.
10-15 23:02:13.121  9472  9501 I Gecko:DumpUtils: Fifo watcher disabled via pref.
10-15 23:02:13.121  9472  9505 I libglean_ffi: glean_core::ping: Collecting baseline
10-15 23:02:13.129  9472  9472 I FenixApplication: AutoPushFeature is configured, initializing it...
10-15 23:02:13.134  9472  9472 I AbstractFirebasePushService: start
10-15 23:02:13.150  9472  9483 I zygote64: Background concurrent copying GC freed 20288(1150KB) AllocSpace objects, 6(120KB) LOS objects, 49% free, 3MB/6MB, paused 1.741ms total 125.722ms
10-15 23:02:13.157  9472  9505 I libglean_ffi: glean_core::upload::directory: Processing ping at: /data/user/0/org.mozilla.fenix/glean_data/pending_pings/583d3cd5-4e74-471d-acd6-9d2ad3bf192d
10-15 23:02:13.158  9472  9505 I libglean_ffi: glean_core::metrics::ping: The ping 'baseline' was submitted and will be sent as soon as possible
10-15 23:02:13.162  3957  5415 D SamsungAlarmManager: setExact Intent (T:0/F:1/AC:false) 20331012T230213 - CU:10169/CP:9472
10-15 23:02:13.187  9472  9500 I libglean_ffi: glean_core::ping: Collecting pageload
10-15 23:02:13.189  3957  8322 D ConnectivityService: filterNetworkStateForUid() uid: 10169 networkInfo: [type: WIFI[] - WIFI, state: CONNECTED/CONNECTED, reason: (unspecified), extra: "ourhome", failover: false, available: true, roaming: false, metered: false]
10-15 23:02:13.189  3957  8322 D WifiService: getConnectionInfo uid=1000
10-15 23:02:13.190  9472  9500 I libglean_ffi: glean_core::ping: Storage for pageload empty. Bailing out.
10-15 23:02:13.190  9472  9500 I libglean_ffi: glean_core::metrics::ping: No content for ping 'pageload', therefore no ping queued.
10-15 23:02:13.197  9472  9500 I libglean_ffi: glean_core::core: Upload enabled: true
10-15 23:02:13.202  9472  9544 I push::internal::communications::rate_limiter: No need to reset inner timestamp and count for verify_connection.
10-15 23:02:13.211  3957 10037 D StorageManagerService: getExternalStorageMountMode : 1
10-15 23:02:13.211  3957 10037 D StorageManagerService: getExternalStorageMountMode : 3
10-15 23:02:13.212  3957 10037 D StorageManagerService: getExternalStorageMountMode : final mountMode=1, uid : 10169, packageName : org.mozilla.fenix
10-15 23:02:13.212  7297  7324 W ResourceType: ResTable_typeSpec entry count inconsistent: given 88, previously 90
10-15 23:02:13.212  7297  7324 W ResourceType: ResTable_typeSpec entry count inconsistent: given 168, previously 172
10-15 23:02:13.212  3957 10037 I ApplicationPolicy: isApplicationExternalStorageWhitelisted:org.mozilla.fenix user:0
10-15 23:02:13.212  3957 10037 D ApplicationPolicy: isApplicationExternalStorageWhitelisted: DO is not enabled on user 0. Allowed.
10-15 23:02:13.212  3957 10037 D ActivityManager: package  org.mozilla.fenix, user - 0 is SDcard whitelisted
10-15 23:02:13.212  3957 10037 I ApplicationPolicy: isApplicationExternalStorageBlacklisted:org.mozilla.fenix user:0
10-15 23:02:13.212  3957 10037 D ApplicationPolicy: isApplicationExternalStorageBlacklisted: DO is not enabled on user 0. Allowed.
10-15 23:02:13.215  7297  7324 W ResourceType: ResTable_typeSpec entry count inconsistent: given 3502, previously 3522
10-15 23:02:13.215  7297  7324 W ResourceType: ResTable_typeSpec entry count inconsistent: given 487, previously 4664
10-15 23:02:13.224  9472  9544 I push::internal::communications::rate_limiter: Not allowed: count(30) > 1 for verify_connection.
10-15 23:02:13.225  9472  9544 I AutoPushFeature: No change to subscriptions. Doing nothing.
10-15 23:02:13.225  9556  9556 E Zygote  : isWhitelistProcess - Process is Whitelisted
10-15 23:02:13.226  3957 10037 I ActivityManager: Start proc 9556:org.mozilla.fenix:tab38/u0a169 for service org.mozilla.fenix/org.mozilla.gecko.process.GeckoChildProcessServices$tab38
10-15 23:02:13.226  3957  8322 D PackageManager: setEnabledSetting : userId = 0 packageName = org.mozilla.fenix cmp = androidx.work.impl.background.systemalarm.RescheduleReceiver newState = 1 callingPackage = 10169/org.mozilla.fenix
10-15 23:02:13.226  9556  9556 E libpersona: scanKnoxPersonas
10-15 23:02:13.226  9556  9556 E libpersona: Couldn't open the File - /data/system/users/0/personalist.xml - No such file or directory
10-15 23:02:13.230  9556  9556 W SELinux : SELinux selinux_android_compute_policy_index : Policy Index[2],  Con:u:r:zygote:s0 RAM:SEPF_SM-J720F_8.0.0_0002, [-1 -1 -1 -1 0 1]
10-15 23:02:13.231  9556  9556 I SELinux : SELinux: seapp_context_lookup: seinfo=untrusted, level=s0:c512,c768, pkgname=org.mozilla.fenix:tab38 
10-15 23:02:13.241  3957  8322 D ConnectivityService: filterNetworkStateForUid() uid: 10169 networkInfo: [type: WIFI[] - WIFI, state: CONNECTED/CONNECTED, reason: (unspecified), extra: "ourhome", failover: false, available: true, roaming: false, metered: false]
10-15 23:02:13.242  3957  8322 D WifiService: getConnectionInfo uid=1000
10-15 23:02:13.248  3957  8322 I chatty  : uid=1000(system) Binder:3957_12 identical 1 line
10-15 23:02:13.248  3957  8322 I chatty  : uid=1000(system) Binder:3957_12 identical 1 line
10-15 23:02:13.252  3957  8322 D ConnectivityService: filterNetworkStateForUid() uid: 10169 networkInfo: [type: WIFI[] - WIFI, state: CONNECTED/CONNECTED, reason: (unspecified), extra: "ourhome", failover: false, available: true, roaming: false, metered: false]
10-15 23:02:13.252  3957  8322 D WifiService: getConnectionInfo uid=1000
10-15 23:02:13.254  9472  9550 D ConnectivityManager: requestNetwork; CallingUid : 10169, CallingPid : 9472
10-15 23:02:13.256  3957 10037 D ConnectivityService: requestNetwork for uid/pid:10169/9472 NetworkRequest [ TRACK_DEFAULT id=1163, [ Capabilities: INTERNET&NOT_RESTRICTED&TRUSTED&NOT_VPN] ]
10-15 23:02:13.257  3957  4157 D ConnectivityService: rematching NetworkAgentInfo [WIFI () - 507]
10-15 23:02:13.258  3957  4157 D ConnectivityService:  network has: [ Transports: WIFI Capabilities: NOT_METERED&INTERNET&NOT_RESTRICTED&TRUSTED&NOT_VPN&VALIDATED&FOREGROUND LinkUpBandwidth>=1048576Kbps LinkDnBandwidth>=1048576Kbps SignalStrength: -43]
10-15 23:02:13.258  3957  4157 D ConnectivityService: Network NetworkAgentInfo [WIFI () - 507] was already satisfying request 1150. No change.
10-15 23:02:13.258  3957  4157 D ConnectivityService: Network NetworkAgentInfo [WIFI () - 507] was already satisfying request 1155. No change.
10-15 23:02:13.258  3957  4157 D ConnectivityService:   checking if request is satisfied: NetworkRequest [ TRACK_DEFAULT id=1163, [ Capabilities: INTERNET&NOT_RESTRICTED&TRUSTED&NOT_VPN] ]
10-15 23:02:13.258  3957  4157 D ConnectivityService: currentScore = 0, newScore = 100
10-15 23:02:13.258  9556  9556 D TimaKeyStoreProvider: TimaKeyStore is not enabled: cannot add TimaSignature Service and generateKeyPair Service
10-15 23:02:13.258  3957  4157 D ConnectivityService: rematch for NetworkAgentInfo [WIFI () - 507]
10-15 23:02:13.258  3957  4157 D ConnectivityService:    accepting network in place of null
10-15 23:02:13.258  3957  4157 D ConnectivityService: sending new Min Network Score(100): NetworkRequest [ TRACK_DEFAULT id=1163, [ Capabilities: INTERNET&NOT_RESTRICTED&TRUSTED&NOT_VPN] ]
10-15 23:02:13.258  3957  4313 D Ethernet: got request NetworkRequest [ TRACK_DEFAULT id=1163, [ Capabilities: INTERNET&NOT_RESTRICTED&TRUSTED&NOT_VPN] ] with score 100
10-15 23:02:13.258  3957  4313 D Ethernet:   my score=-1, my filter=[ Transports: ETHERNET Capabilities: INTERNET&NOT_RESTRICTED&TRUSTED&NOT_VPN LinkUpBandwidth>=100000Kbps LinkDnBandwidth>=100000Kbps]
10-15 23:02:13.258  3957  4313 D Ethernet: evalRequest
10-15 23:02:13.258  3957  4313 D Ethernet:   done
10-15 23:02:13.259  3957  4157 D ConnectivityService: MultiNetwork Request(TransportType - Wi-Fi request). Internet Capability doesn't required (false)
10-15 23:02:13.259  3957  4157 D ConnectivityService: Network NetworkAgentInfo [WIFI () - 507] was already satisfying request 1. No change.
10-15 23:02:13.259  3957  4157 D ConnectivityService: Network NetworkAgentInfo [WIFI () - 507] was already satisfying request 3. No change.
10-15 23:02:13.259  4616  4616 D PhoneSwitcherNetworkRequstListener: got request NetworkRequest [ TRACK_DEFAULT id=1163, [ Capabilities: INTERNET&NOT_RESTRICTED&TRUSTED&NOT_VPN] ] with score 100
10-15 23:02:13.259  9556  9556 D ActivityThread: Added TimaKeyStore provider
10-15 23:02:13.259  3957  4157 D ConnectivityService: sending notification AVAILABLE for NetworkRequest [ TRACK_DEFAULT id=1163, [ Capabilities: INTERNET&NOT_RESTRICTED&TRUSTED&NOT_VPN] ]
10-15 23:02:13.260  4616  4616 D PhoneSwitcherNetworkRequstListener:   my score=101, my filter=[ Transports: CELLULAR Capabilities: MMS&SUPL&DUN&FOTA&IMS&CBS&IA&RCS&XCAP&EIMS&INTERNET&NOT_RESTRICTED&TRUSTED&NOT_VPN&ENT1 Specifier: <android.net.MatchAllNetworkSpecifier@0>]
10-15 23:02:13.260  4616  4616 D PhoneSwitcherNetworkRequstListener: evalRequest
10-15 23:02:13.260  4616  4616 D PhoneSwitcherNetworkRequstListener:   needNetworkFor
10-15 23:02:13.260  3957  4157 D ConnectivityService: sending notification CAP_CHANGED for NetworkRequest [ TRACK_DEFAULT id=1163, [ Capabilities: INTERNET&NOT_RESTRICTED&TRUSTED&NOT_VPN] ]
10-15 23:02:13.260  3957  4157 D ConnectivityService: sending notification IP_CHANGED for NetworkRequest [ TRACK_DEFAULT id=1163, [ Capabilities: INTERNET&NOT_RESTRICTED&TRUSTED&NOT_VPN] ]
10-15 23:02:13.261  3957  4153 D WIFI_P2P: got request NetworkRequest [ TRACK_DEFAULT id=1163, [ Capabilities: INTERNET&NOT_RESTRICTED&TRUSTED&NOT_VPN] ] with score 100
10-15 23:02:13.261  3957  4153 D WIFI_P2P:   my score=60, my filter=[ Transports: WIFI Capabilities: WIFI_P2P&NOT_RESTRICTED&TRUSTED&NOT_VPN LinkUpBandwidth>=1048576Kbps LinkDnBandwidth>=1048576Kbps]
10-15 23:02:13.261  3957  4153 D WIFI_P2P: evalRequest
10-15 23:02:13.261  3957  4153 D WIFI_P2P:   done
10-15 23:02:13.261  3957  4129 D WIFI    : got request NetworkRequest [ TRACK_DEFAULT id=1163, [ Capabilities: INTERNET&NOT_RESTRICTED&TRUSTED&NOT_VPN] ] with score 100
10-15 23:02:13.261  3957  4129 D WIFI    :   my score=60, my filter=[ Transports: WIFI Capabilities: NOT_METERED&INTERNET&NOT_RESTRICTED&TRUSTED&NOT_VPN LinkUpBandwidth>=1048576Kbps LinkDnBandwidth>=1048576Kbps]
10-15 23:02:13.261  3957  4129 D WIFI    : evalRequest
10-15 23:02:13.261  3957  4129 D WIFI    :   done
10-15 23:02:13.261  3957  4129 D WIFI_UT : got request NetworkRequest [ TRACK_DEFAULT id=1163, [ Capabilities: INTERNET&NOT_RESTRICTED&TRUSTED&NOT_VPN] ] with score 100
10-15 23:02:13.261  3957  4129 D WIFI_UT :   my score=2147483647, my filter=[ Transports: WIFI Capabilities: NOT_METERED&INTERNET&NOT_RESTRICTED&TRUSTED&NOT_VPN LinkUpBandwidth>=1048576Kbps LinkDnBandwidth>=1048576Kbps]
10-15 23:02:13.261  3957  4129 D WIFI_UT : evalRequest
10-15 23:02:13.261  3957  4129 D WIFI_UT :   needNetworkFor
10-15 23:02:13.262  3957  8322 D ConnectivityService: filterNetworkStateForUid() uid: 10169 networkInfo: [type: WIFI[] - WIFI, state: CONNECTED/CONNECTED, reason: (unspecified), extra: "ourhome", failover: false, available: true, roaming: false, metered: false]
10-15 23:02:13.262  3957  8322 D WifiService: getConnectionInfo uid=1000
10-15 23:02:13.265  3957  8322 D ConnectivityService: filterNetworkStateForUid() uid: 10169 networkInfo: [type: WIFI[] - WIFI, state: CONNECTED/CONNECTED, reason: (unspecified), extra: "ourhome", failover: false, available: true, roaming: false, metered: false]
10-15 23:02:13.265  3957  8322 D WifiService: getConnectionInfo uid=1000
10-15 23:02:13.265  3957  5415 I ActivityManager: DSS on for org.mozilla.fenix and scale is 1.0
10-15 23:02:13.288  9556  9556 I zygote64: no shared libraies, dex_files: 1
10-15 23:02:13.295  9472  9472 I NavController: Ignoring popBackStack to destination org.mozilla.fenix:id/browserFragment as it was not found on the current back stack
10-15 23:02:13.339  9472  9472 I ContileTopSitesUpdater: Started periodic work to update Contile top sites
10-15 23:02:13.358  3328  3328 W keymaster2_mdfpp: entered get_key_characteristics function.
10-15 23:02:13.366  3328  3328 W keymaster_tee: [WRN]KEY_PARAMS: AES ENC DEC GCM PADNO AUTH SIZE:256 
10-15 23:02:13.366  3328  3328 W keymaster_tee: [WRN]KEY_PARAMS: 20230928203226 
10-15 23:02:13.366  3328  3328 W keymaster2_mdfpp: exit get_key_characteristics function, returned 0
10-15 23:02:13.372  9556  9556 I ServiceChildProcess: onCreate
10-15 23:02:13.373  3328  3328 W keymaster2_mdfpp: entered get_key_characteristics function.
10-15 23:02:13.374  9556  9586 I GeckoThread: preparing to run Gecko
10-15 23:02:13.374  3328  3328 W keymaster_tee: [WRN]KEY_PARAMS: AES ENC DEC GCM PADNO AUTH SIZE:256 
10-15 23:02:13.375  3328  3328 W keymaster_tee: [WRN]KEY_PARAMS: 20230928203226 
10-15 23:02:13.375  3328  3328 W keymaster2_mdfpp: exit get_key_characteristics function, returned 0
10-15 23:02:13.377  3328  3328 W keymaster2_mdfpp: entered get_key_characteristics function.
10-15 23:02:13.380  3328  3328 W keymaster_tee: [WRN]KEY_PARAMS: AES ENC DEC GCM PADNO AUTH SIZE:256 
10-15 23:02:13.380  3328  3328 W keymaster_tee: [WRN]KEY_PARAMS: 20230928203226 
10-15 23:02:13.380  3328  3328 W keymaster2_mdfpp: exit get_key_characteristics function, returned 0
10-15 23:02:13.387  3328  3328 W keymaster2_mdfpp: entered get_key_characteristics function.
10-15 23:02:13.388  3328  3328 W keymaster_tee: [WRN]KEY_PARAMS: AES ENC DEC GCM PADNO AUTH SIZE:256 
10-15 23:02:13.388  3328  3328 W keymaster_tee: [WRN]KEY_PARAMS: 20230928203226 
10-15 23:02:13.388  3328  3328 W keymaster2_mdfpp: exit get_key_characteristics function, returned 0
10-15 23:02:13.390  3328  3328 W keymaster2_mdfpp: entered begin function.
10-15 23:02:13.391  3328  3328 W keymaster2_mdfpp: exit begin function, returned 0
10-15 23:02:13.397  3328  3328 W keymaster2_mdfpp: entered update function.
10-15 23:02:13.397  3328  3328 W keymaster2_mdfpp: exit update function, returned 0
10-15 23:02:13.398  3328  3328 W keymaster2_mdfpp: entered finish function.
10-15 23:02:13.399  3328  3328 W keymaster2_mdfpp: exit finish function, returned 0
10-15 23:02:13.400  3589  3589 W keystore: ENTER remove operation from uid 10169
10-15 23:02:13.422  9472  9512 W logins::schema: user_version: 2
10-15 23:02:13.494  9472  9501 W ResourceType: Too many attribute references, stopped at: 0x01010099
10-15 23:02:13.510  9472  9472 W GeckoViewActivityContextDelegate: A non-activity context was set.
10-15 23:02:13.513 12416 12416 E adbd    : recv: OPEN 00000cb1 00000000 0076:73 68 65 6C 6C 2C 76 32 2C 54 45 52 4D 3D 78 74 65 72 6D 2D 32 35 36 63 6F 6C 6F 72 2C 72 61 77 3A 64 75 6D 70 73 79 73 20 61 63 74 69 76 69 74 79 20 72 65 63 65 6E 74 73 20 7C 20 67 72 65 70 20 22 52 65 63 65 6E 74 20 23 30 22 20 7C 20 63 75 74 20 2D 64 20 22 3D 22 20 2D 66 32 20 7C 20 67 72 65 70 20 2D 6F 20 2D 70 20 22 5B 61 2D 7A 7C 2E 5D 2A 22 00 
10-15 23:02:13.513 12416 12416 E adbd    : service_to_fd: shell,v2,TERM=xterm-256color,raw:dumpsys activity recents | grep "Recent #0" | cut -d "=" -f2 | grep -o -p "[a-z|.]*"
10-15 23:02:13.525  3957 10037 D ConnectivityService: filterNetworkStateForUid() uid: 10169 networkInfo: [type: WIFI[] - WIFI, state: CONNECTED/CONNECTED, reason: (unspecified), extra: "ourhome", failover: false, available: true, roaming: false, metered: false]
10-15 23:02:13.525  3957 10037 D WifiService: getConnectionInfo uid=1000
10-15 23:02:13.526  3957 10037 I chatty  : uid=1000(system) Binder:3957_18 identical 1 line
10-15 23:02:13.526  3957 10037 I chatty  : uid=1000(system) Binder:3957_18 identical 1 line
10-15 23:02:13.527  3957 10037 D ConnectivityService: filterNetworkStateForUid() uid: 10169 networkInfo: [type: WIFI[] - WIFI, state: CONNECTED/CONNECTED, reason: (unspecified), extra: "ourhome", failover: false, available: true, roaming: false, metered: false]
10-15 23:02:13.527  3957 10037 D WifiService: getConnectionInfo uid=1000
10-15 23:02:13.538  9472  9472 I BgSyncManager: Periodic syncing enabled: PeriodicSyncConfig(periodMinutes=240, initialDelayMinutes=5)
10-15 23:02:13.538  9472  9472 I FirefoxAccountStateMachine: Sync is enabled
10-15 23:02:13.541  3957 10037 D StorageManagerService: getExternalStorageMountMode : 1
10-15 23:02:13.541  3957 10037 D StorageManagerService: getExternalStorageMountMode : 3
10-15 23:02:13.541  3957 10037 D StorageManagerService: getExternalStorageMountMode : final mountMode=1, uid : 10169, packageName : org.mozilla.fenix
10-15 23:02:13.541  3957 10037 I ApplicationPolicy: isApplicationExternalStorageWhitelisted:org.mozilla.fenix user:0
10-15 23:02:13.541  3957 10037 D ApplicationPolicy: isApplicationExternalStorageWhitelisted: DO is not enabled on user 0. Allowed.
10-15 23:02:13.541  3957 10037 D ActivityManager: package  org.mozilla.fenix, user - 0 is SDcard whitelisted
10-15 23:02:13.541  3957 10037 I ApplicationPolicy: isApplicationExternalStorageBlacklisted:org.mozilla.fenix user:0
10-15 23:02:13.541  3957 10037 D ApplicationPolicy: isApplicationExternalStorageBlacklisted: DO is not enabled on user 0. Allowed.
10-15 23:02:13.546  9472  9516 I StartupTypeTelemetry: Recorded start up: cold_main
10-15 23:02:13.555  9624  9624 E Zygote  : isWhitelistProcess - Process is Whitelisted
10-15 23:02:13.555  3957 10037 I ActivityManager: Start proc 9624:org.mozilla.fenix:gpu/u0a169 for service org.mozilla.fenix/org.mozilla.gecko.process.GeckoChildProcessServices$gpu
10-15 23:02:13.555  9624  9624 E libpersona: scanKnoxPersonas
10-15 23:02:13.555  9624  9624 E libpersona: Couldn't open the File - /data/system/users/0/personalist.xml - No such file or directory
10-15 23:02:13.557  9624  9624 W SELinux : SELinux selinux_android_compute_policy_index : Policy Index[2],  Con:u:r:zygote:s0 RAM:SEPF_SM-J720F_8.0.0_0002, [-1 -1 -1 -1 0 1]
10-15 23:02:13.558  9624  9624 I SELinux : SELinux: seapp_context_lookup: seinfo=untrusted, level=s0:c512,c768, pkgname=org.mozilla.fenix:gpu 
10-15 23:02:13.563  9472  9631 D OpenGLRenderer: HWUI GL Pipeline
10-15 23:02:13.572  9472  9472 D ViewRootImpl@812c4b2[App]: setView = DecorView@b982c03[App] TM=true MM=false
10-15 23:02:13.572  3957 10037 D ActivityManager: post active user change for 0 fullscreen true isHomeActivity() false
10-15 23:02:13.572  9472  9472 I Choreographer: Skipped 55 frames!  The application may be doing too much work on its main thread.
10-15 23:02:13.575  9472  9472 D ViewRootImpl@812c4b2[App]: dispatchAttachedToWindow
10-15 23:02:13.579  9624  9624 D TimaKeyStoreProvider: TimaKeyStore is not enabled: cannot add TimaSignature Service and generateKeyPair Service
10-15 23:02:13.579  3957 10037 V WindowManager: Relayout Window{8154819 u0 org.mozilla.fenix/org.mozilla.fenix.App}: viewVisibility=0 req=719x1237 WM.LayoutParams{(0,0)(fillxfill) sim=#110 ty=1 fl=#81010100 pfl=0x20000 wanim=0x7f1404fa vsysui=0x2610 needsMenuKey=2 colorMode=0 naviIconColor=0}
10-15 23:02:13.579  9624  9624 D ActivityThread: Added TimaKeyStore provider
10-15 23:02:13.579  9472  9501 W linker  : "/data/app/org.mozilla.fenix-iWpGOrf8cry6RDpwHyQugA==/lib/arm64/libsoftokn3.so" unused DT entry: type 0x8000024 arg 0x2580
10-15 23:02:13.579  9472  9501 W linker  : "/data/app/org.mozilla.fenix-iWpGOrf8cry6RDpwHyQugA==/lib/arm64/libsoftokn3.so" unused DT entry: type 0x8000023 arg 0x70
10-15 23:02:13.580  9472  9501 W linker  : "/data/app/org.mozilla.fenix-iWpGOrf8cry6RDpwHyQugA==/lib/arm64/libsoftokn3.so" unused DT entry: type 0x8000025 arg 0x8
10-15 23:02:13.581  3957  5413 I ActivityManager: DSS on for org.mozilla.fenix and scale is 1.0
10-15 23:02:13.582  3447  3447 I SurfaceFlinger: id=1827 createSurf (720x1280),1 flag=404, org.mozilla.fenix/org.mozilla.fenix.App#0
10-15 23:02:13.583 12416 12416 E adbd    : recv: OPEN 00000cb5 00000000 0042:73 68 65 6C 6C 2C 76 32 2C 54 45 52 4D 3D 78 74 65 72 6D 2D 32 35 36 63 6F 6C 6F 72 2C 72 61 77 3A 67 65 74 70 72 6F 70 20 72 6F 2E 62 75 69 6C 64 2E 76 65 72 73 69 6F 6E 2E 72 65 6C 65 61 73 65 00 
10-15 23:02:13.583 12416 12416 E adbd    : service_to_fd: shell,v2,TERM=xterm-256color,raw:getprop ro.build.version.release
10-15 23:02:13.583  9472  9501 W linker  : "/data/app/org.mozilla.fenix-iWpGOrf8cry6RDpwHyQugA==/lib/arm64/libfreebl3.so" unused DT entry: type 0x8000024 arg 0xe78
10-15 23:02:13.583  9472  9501 W linker  : "/data/app/org.mozilla.fenix-iWpGOrf8cry6RDpwHyQugA==/lib/arm64/libfreebl3.so" unused DT entry: type 0x8000023 arg 0x68
10-15 23:02:13.583  9472  9501 W linker  : "/data/app/org.mozilla.fenix-iWpGOrf8cry6RDpwHyQugA==/lib/arm64/libfreebl3.so" unused DT entry: type 0x8000025 arg 0x8
10-15 23:02:13.584  3957 10037 V Surface : sf_framedrop debug : 0x4f4c, game : false, logging : 0
10-15 23:02:13.584  3957  3973 D WindowManager: set systemUiVisibility : systemUiFlags= 0x2608 fullscreenStackSysUiFlags= 0x0
10-15 23:02:13.587  3957 10037 D InputDispatcher: Focus entered window: 9472
10-15 23:02:13.588  9472  9472 V Surface : sf_framedrop debug : 0x4f4c, game : false, logging : 0
10-15 23:02:13.589  9472  9472 D ViewRootImpl@812c4b2[App]: Relayout returned: old=[0,0][0,0] new=[0,0][720,1280] result=0x7 surface={valid=true 499301015552} changed=true
10-15 23:02:13.589  3957  5415 D WindowManager: adjustSystemUiVisibilityLw : vis= 0x2608
10-15 23:02:13.589  9472  9631 I OpenGLRenderer: Initialized EGL, version 1.4
10-15 23:02:13.589  9472  9631 D OpenGLRenderer: Swap behavior 2
10-15 23:02:13.591  9472  9631 D libGLESv1: STS_GLApi : DTS, ODTC are not allowed for Package : org.mozilla.fenix
10-15 23:02:13.593  9472  9631 D mali_winsys: EGLint new_window_surface(egl_winsys_display *, void *, EGLSurface, EGLConfig, egl_winsys_surface **, egl_color_buffer_format *, EGLBoolean) returns 0x3000,  [720x1280]-format:1
10-15 23:02:13.593  9472  9631 D OpenGLRenderer: eglCreateWindowSurface = 0x74402d1b80
10-15 23:02:13.596  3447  3447 I SurfaceFlinger: id=1828 createSurf (720x1238),1 flag=4, SurfaceView - org.mozilla.fenix/org.mozilla.fenix.App@e7e20b0@0#0
10-15 23:02:13.596  3447  3447 I SurfaceFlinger: id=1829 createSurf (720x1238),-1 flag=20004, Background for - SurfaceView - org.mozilla.fenix/org.mozilla.fenix.App@e7e20b0@0#0
10-15 23:02:13.597  9472  9472 D SurfaceView: BG hide() Surface(name=Background for - SurfaceView - org.mozilla.fenix/org.mozilla.fenix.App@e7e20b0@0) false true org.mozilla.gecko.MagnifiableSurfaceView{e7e20b0 V.E...... ......ID 0,0-720,1238}
10-15 23:02:13.602  9472  9598 W linker  : "/data/app/org.mozilla.fenix-iWpGOrf8cry6RDpwHyQugA==/lib/arm64/libnssckbi.so" unused DT entry: type 0x8000024 arg 0xc08
10-15 23:02:13.602  9472  9598 W linker  : "/data/app/org.mozilla.fenix-iWpGOrf8cry6RDpwHyQugA==/lib/arm64/libnssckbi.so" unused DT entry: type 0x8000023 arg 0x258
10-15 23:02:13.602  9472  9598 W linker  : "/data/app/org.mozilla.fenix-iWpGOrf8cry6RDpwHyQugA==/lib/arm64/libnssckbi.so" unused DT entry: type 0x8000025 arg 0x8
10-15 23:02:13.606  9624  9624 I zygote64: no shared libraies, dex_files: 1
10-15 23:02:13.609  3957  5415 D ConnectivityService: filterNetworkStateForUid() uid: 10169 networkInfo: [type: WIFI[] - WIFI, state: CONNECTED/CONNECTED, reason: (unspecified), extra: "ourhome", failover: false, available: true, roaming: false, metered: false]
10-15 23:02:13.609  9472  9472 V Surface : sf_framedrop debug : 0x4f4c, game : false, logging : 0
10-15 23:02:13.609  3957  5415 D WifiService: getConnectionInfo uid=1000
10-15 23:02:13.610  9472  9472 D SurfaceView: surfaceCreated 1 org.mozilla.gecko.MagnifiableSurfaceView{e7e20b0 V.E...... ......ID 0,0-720,1238}
10-15 23:02:13.610  9472  9472 D SurfaceView: surfaceChanged (720,1238) 1 org.mozilla.gecko.MagnifiableSurfaceView{e7e20b0 V.E...... ......ID 0,0-720,1238}
10-15 23:02:13.634 12416 12416 E adbd    : recv: OPEN 00000cb9 00000000 003e:73 68 65 6C 6C 2C 76 32 2C 54 45 52 4D 3D 78 74 65 72 6D 2D 32 35 36 63 6F 6C 6F 72 2C 72 61 77 3A 67 65 74 70 72 6F 70 20 72 6F 2E 62 75 69 6C 64 2E 76 65 72 73 69 6F 6E 2E 73 64 6B 00 
10-15 23:02:13.634 12416 12416 E adbd    : service_to_fd: shell,v2,TERM=xterm-256color,raw:getprop ro.build.version.sdk
10-15 23:02:13.659  3957  5413 D ConnectivityService: filterNetworkStateForUid() uid: 10169 networkInfo: [type: WIFI[] - WIFI, state: CONNECTED/CONNECTED, reason: (unspecified), extra: "ourhome", failover: false, available: true, roaming: false, metered: false]
10-15 23:02:13.659  3957  5413 D WifiService: getConnectionInfo uid=1000
10-15 23:02:13.673  3599  3918 D DnsProxyListener: DNSDBG::dns addrinfo af 0
10-15 23:02:13.678  9624  9624 I ServiceChildProcess: onCreate
10-15 23:02:13.679  3599  3918 D DnsProxyListener: DNSDBG::dns addrinfo af 0
10-15 23:02:13.680  9624  9657 I GeckoThread: preparing to run Gecko
10-15 23:02:13.680  3599  3918 D DnsProxyListener: DNSDBG::dns addrinfo af 0
10-15 23:02:13.692  9472  9500 I libglean_ffi: glean_core::ping: Collecting baseline
10-15 23:02:13.696 12416 12416 E adbd    : recv: OPEN 00000cbd 00000000 0042:73 68 65 6C 6C 2C 76 32 2C 54 45 52 4D 3D 78 74 65 72 6D 2D 32 35 36 63 6F 6C 6F 72 2C 72 61 77 3A 67 65 74 70 72 6F 70 20 72 6F 2E 62 75 69 6C 64 2E 76 65 72 73 69 6F 6E 2E 72 65 6C 65 61 73 65 00 
10-15 23:02:13.696 12416 12416 E adbd    : service_to_fd: shell,v2,TERM=xterm-256color,raw:getprop ro.build.version.release
10-15 23:02:13.703  3957  5413 D ConnectivityService: filterNetworkStateForUid() uid: 10169 networkInfo: [type: WIFI[] - WIFI, state: CONNECTED/CONNECTED, reason: (unspecified), extra: "ourhome", failover: false, available: true, roaming: false, metered: false]
