10-22 20:27:08.110  7785  7821 W HiddenApis: Cannot call sun.reflect.Reflection.getCallerClass on this platformErr java.lang.NoSuchMethodError: No static method getCallerClass()Ljava/lang/Class; in class Lsun/reflect/Reflection; or its super classes (declaration of 'sun.reflect.Reflection' appears in /system/framework/core-oj.jar)
10-22 20:27:08.111  7785  7820 W fb4a.AppInitScheduler|Run:   Finished ZOptLoggingInitializer in 1ms
10-22 20:27:08.111  7785  7820 W fb4a.AppInitScheduler|Run: Running PreloadClashManager
10-22 20:27:08.116  3957  3968 V WindowManager: Relayout Window{f0fd8a0 u0 org.mozilla.fenix/org.mozilla.fenix.App}: viewVisibility=0 req=720x1280 WM.LayoutParams{(0,0)(fillxfill) sim=#10 ty=1 fl=#81010100 pfl=0x20000 fmt=-3 wanim=0x7f1404fa vsysui=0x2610 needsMenuKey=2 colorMode=0 naviIconColor=0}
10-22 20:27:08.116  7785  8003 W fb4a.ProcessAnrErrorMonitor: Starting process monitor checks for process 'com.facebook.katana'
10-22 20:27:08.117  7785  8003 W fb4a.MultiSignalANRDetectorLacrima: Started monitoring
10-22 20:27:08.119  7959  8002 W linker  : "/data/app/org.mozilla.fenix-iWpGOrf8cry6RDpwHyQugA==/lib/arm64/libxul.so" unused DT entry: type 0x8000024 arg 0x539420
10-22 20:27:08.119  7959  8002 W linker  : "/data/app/org.mozilla.fenix-iWpGOrf8cry6RDpwHyQugA==/lib/arm64/libxul.so" unused DT entry: type 0x8000023 arg 0x17d68
10-22 20:27:08.119  7959  8002 W linker  : "/data/app/org.mozilla.fenix-iWpGOrf8cry6RDpwHyQugA==/lib/arm64/libxul.so" unused DT entry: type 0x8000025 arg 0x8
10-22 20:27:08.122  7714  7714 D ViewRootImpl@8691813[App]: Relayout returned: old=[0,0][720,1280] new=[0,0][720,1280] result=0x1 surface={valid=true 501441122304} changed=false
10-22 20:27:08.128  7785  7976 W fb4a.DefaultNetworkConfig: com.facebook.katana: getShouldCheckCertsInternal: true
10-22 20:27:08.141  7959  8002 E GeckoLibLoad: Loaded libs in 32.860077ms total, 16ms(20ms) user, 8ms(8ms) system, 0(0) faults
10-22 20:27:08.141  7959  8002 W GeckoThread: zerdatime 1661610199 - runGecko
10-22 20:27:08.169  4340  4340 D KeyguardUpdateMonitor: handleStatusBarState( false )
10-22 20:27:08.172  7785  7795 I zygote  : Background concurrent copying GC freed 18496(2036KB) AllocSpace objects, 10(184KB) LOS objects, 50% free, 5MB/10MB, paused 3.088ms total 479.872ms
10-22 20:27:08.174  7785  7821 W HiddenApis: Cannot call jdk.internal.reflect.Reflection.getCallerClass on this platformErr java.lang.NoClassDefFoundError: Failed resolution of: Ljdk/internal/reflect/Reflection;
10-22 20:27:08.174  7669  7977 I BatteryMgr:DataCollectionService: stats => 1697999228174,-218,4308,70,0,100
10-22 20:27:08.179  7785  7820 W fb4a.AppInitScheduler|Run:   Finished PreloadClashManager in 68ms
10-22 20:27:08.182  7785  7820 W fb4a.AppInitScheduler|Run: Running PreloadFeedConfig
10-22 20:27:08.183  3599  3918 D DnsProxyListener: DNSDBG::dns addrinfo af 0
10-22 20:27:08.188  3957  6478 D SSRM:k  : SIOP:: AP = 380, PST = 386 (W:14), BAT = 328, USB = 0, CHG = 0
10-22 20:27:08.190  7785  7859 W fb4a.AppInitScheduler|Run:   Finished INeedInitForBroadcastReceiverRegister in 103ms
10-22 20:27:08.190  7785  7859 W fb4a.AppInitScheduler|Run: Running PreloadFeedDataLoader
10-22 20:27:08.191  3599  3918 D DnsProxyListener: DNSDBG::dns addrinfo af 0
10-22 20:27:08.196  6229  6241 I FontLog : (REDACTED) Updating from directory version %d to %d from disk
10-22 20:27:08.201  3599  3918 D DnsProxyListener: DNSDBG::dns addrinfo af 0
10-22 20:27:08.203  6229  6241 I FontLog : (REDACTED) Received query %s, URI %s
10-22 20:27:08.205  6229  6241 I FontLog : (REDACTED) Query [%s] resolved to %s
10-22 20:27:08.205  7714  7714 I SessionPrioritizationMiddleware: Update the currentSelectedTab 7f93960a-d5ab-49b5-96cc-c70672d2a791 priority to HIGH
10-22 20:27:08.208  3957  6478 D ac      : broadcastSiopLevelIntent:: currentSiopLevel = 0
10-22 20:27:08.216  7105  7105 I [SC]SCloudReceiver: onReceive: com.samsung.intent.action.CHECK_SIOP_LEVEL
10-22 20:27:08.223  7105  7105 I [SC]DetectorReceiver: onReceive [com.samsung.intent.action.CHECK_SIOP_LEVEL]
10-22 20:27:08.224  7105  7105 I [SC]AccountUtil: Samsung Account Not Logged in
10-22 20:27:08.227  3957  6478 D WifiService: getConnectionInfo uid=1000
10-22 20:27:08.230  3957  3972 D ApplicationPolicy: isStatusBarNotificationAllowedAsUser: packageName = android,userId = 0
10-22 20:27:08.230  3957  3972 D API test: getContainerInfo: value is 
10-22 20:27:08.230  3957  3972 D ApplicationPolicy: isStatusBarNotificationAllowedAsUser: packageName = android,userId = 0
10-22 20:27:08.230  3957  3972 D API test: getContainerInfo: value is 
10-22 20:27:08.231  3957  3972 E NotificationService: Suppressing notification from package by user request.
10-22 20:27:08.233  3957  6478 I SensorService: createSensorEventConnection package name f.z
10-22 20:27:08.233  3957  6478 D SensorService: Calling batch handle==3 flags=0 rate=200000000 timeout== 0
10-22 20:27:08.234  3434  3434 I Sensors : ProximitySensor:enable: handle 3, en 1, old_en 0
10-22 20:27:08.236  3957  4554 D ConnectivityService: filterNetworkStateForUid() uid: 10103 networkInfo: [type: WIFI[] - WIFI, state: CONNECTED/CONNECTED, reason: (unspecified), extra: "ourhome", failover: false, available: true, roaming: false, metered: false]
10-22 20:27:08.236  3957  4554 D WifiService: getConnectionInfo uid=1000
10-22 20:27:08.236  6229  6444 I FontLog : (REDACTED) Using directory in FlatBuffer format
10-22 20:27:08.243  3957  4554 D ConnectivityService: filterNetworkStateForUid() uid: 10103 networkInfo: [type: WIFI[] - WIFI, state: CONNECTED/CONNECTED, reason: (unspecified), extra: "ourhome", failover: false, available: true, roaming: false, metered: false]
10-22 20:27:08.246  3957  4554 D WifiService: getConnectionInfo uid=1000
10-22 20:27:08.251  3957  3968 D ConnectivityService: filterNetworkStateForUid() uid: 10103 networkInfo: [type: WIFI[] - WIFI, state: CONNECTED/CONNECTED, reason: (unspecified), extra: "ourhome", failover: false, available: true, roaming: false, metered: false]
10-22 20:27:08.251  3957  3968 D WifiService: getConnectionInfo uid=1000
10-22 20:27:08.255  6229  6241 I FontLog : (REDACTED) Fetch %s end status %s
10-22 20:27:08.259  3957  3968 I chatty  : uid=1000(system) Binder:3957_2 identical 1 line
10-22 20:27:08.259  3957  3968 D WifiService: getConnectionInfo uid=1000
10-22 20:27:08.260  3957  3968 D ConnectivityService: filterNetworkStateForUid() uid: 10103 networkInfo: [type: WIFI[] - WIFI, state: CONNECTED/CONNECTED, reason: (unspecified), extra: "ourhome", failover: false, available: true, roaming: false, metered: false]
10-22 20:27:08.261  3957  3968 D WifiService: getConnectionInfo uid=1000
10-22 20:27:08.262  7785  7820 W fb4a.AppInitScheduler|Run:   Finished PreloadFeedConfig in 78ms
10-22 20:27:08.262  7785  7820 W fb4a.AppInitScheduler|Run: Running PreloadFeedFullCacheLoad
10-22 20:27:08.266  6229  6241 I FontLog : (REDACTED) Pulling font file for id = %d, cache size = %d
10-22 20:27:08.283  7669  7977 I BatteryMgr:DataCollectionService: stats => 1697999228283,-218,4308,70,0,100
10-22 20:27:08.283  6229  6241 I FontLog : (REDACTED) Pulling font file for id = %d, cache size = %d
10-22 20:27:08.294  7959  8002 W AudioCapabilities: Unsupported mime audio/mpeg-L1
10-22 20:27:08.294  7959  8002 W AudioCapabilities: Unsupported mime audio/mpeg-L2
10-22 20:27:08.296  7959  8002 W AudioCapabilities: Unsupported mime audio/x-ms-wma
10-22 20:27:08.297  3957  6478 D SensorManager: registerListener :: 3, STK3013 Proximity, 200000, 0,  
10-22 20:27:08.298  3434  3434 I Sensors : ProximitySensor:readEvents: value 8(cm)
10-22 20:27:08.298  3957  3957 D SensorManager: Proximity, val = 8.0  [far]
10-22 20:27:08.299  3957  3957 D SensorService: Calling activate off 3
10-22 20:27:08.299  3434  4028 I Sensors : ProximitySensor:enable: handle 3, en 0, old_en 1
10-22 20:27:08.301  3957  3957 D SensorManager: unregisterListener ::   
10-22 20:27:08.301  7959  8002 W AudioCapabilities: Unsupported mime audio/x-ima
10-22 20:27:08.323  7959  8002 W VideoCapabilities: Unrecognized profile 2130706433 for video/avc
10-22 20:27:08.324  7959  8002 W VideoCapabilities: Unrecognized profile 2130706434 for video/avc
10-22 20:27:08.330  7959  8002 W VideoCapabilities: Unrecognized profile 2130706433 for video/avc
10-22 20:27:08.330  7785  7859 W fb4a.MobileConfigFactoryImpl: Invalid param type used for: L14:111
10-22 20:27:08.330  7959  8002 W VideoCapabilities: Unrecognized profile 2130706434 for video/avc
10-22 20:27:08.342  7785  7821 D BinderHooker: Called hook binder
10-22 20:27:08.343  7785  7821 D BinderHooker: Starting init of BinderHooker
10-22 20:27:08.355  7785  8005 D NetworkSecurityConfig: Using Network Security Config from resource (name removed) debugBuild: false
10-22 20:27:08.357  7959  8002 W VideoCapabilities: Unrecognized profile 2130706433 for video/avc
10-22 20:27:08.357  7959  8002 W VideoCapabilities: Unrecognized profile 2130706434 for video/avc
10-22 20:27:08.361  7959  8002 W VideoCapabilities: Unsupported mime video/avc-wfd
10-22 20:27:08.362  3957  3957 D PreBindingService: handleMessage : 1
10-22 20:27:08.365  3957  3957 D CustomFrequencyManagerService: releaseDVFSLockLocked : Getting Lock type frm List : DVFS_MIN_LIMIT  frequency : 1560000  uid : 1000  pid : 3957  tag : AMS_RESUME_TAIL@CPU_MIN@58
10-22 20:27:08.382  3957  4129 D WifiStateMachine:  ConnectedState !RSSI_PKTCNT_FETCH uid=1000 rt=605634967/1661610439 0 0 "ourhome" f4:6d:2f:12:cc:88 rssi=-40 f=5240 sc=60 link=433 tx=0.7, 0.0, 0.0  rx=16.6 bcn=620333 [on:0 tx:0 rx:0 period:597] from screen [on:759548 period:4172050] score=60
10-22 20:27:08.382  7714  7743 W ResourceType: Too many attribute references, stopped at: 0x01010099
10-22 20:27:08.383  3957  4129 D WifiStateMachine:  L2ConnectedState !RSSI_PKTCNT_FETCH uid=1000 rt=605634968/1661610440 0 0 "ourhome" f4:6d:2f:12:cc:88 rssi=-40 f=5240 sc=60 link=433 tx=0.7, 0.0, 0.0  rx=16.6 bcn=620333 [on:0 tx:0 rx:0 period:1] from screen [on:759548 period:4172051] score=60
10-22 20:27:08.386  3957  4129 D WifiStateMachine: fetchRssiLinkSpeedAndFrequencyNative rssi=-46 linkspeed=433 freq=5240
10-22 20:27:08.386  3957  4129 V WifiConfigManager: Updating scan detail cache freq=5240 BSSID=f4:6d:2f:12:cc:88 RSSI=-43 for "ourhome"WPA_PSK
10-22 20:27:08.394  7669  7977 I BatteryMgr:DataCollectionService: stats => 1697999228394,-218,4308,70,0,100
10-22 20:27:08.397  3599  3918 D DnsProxyListener: DNSDBG::dns addrinfo af 0
10-22 20:27:08.403  7785  7824 W fb4a.AppInitScheduler|Run:   Finished EarliestPossibleColdStartClassPreloadStarter in 731ms
10-22 20:27:08.403  7785  7824 W fb4a.AppInitScheduler|Run: Running SecondaryDexPreloader
10-22 20:27:08.403  7785  7824 W fb4a.AppInitScheduler|Run:   Finished SecondaryDexPreloader in 1ms
10-22 20:27:08.403  7785  7824 W fb4a.AppInitScheduler|Run: Running PreloadFeedRequest
10-22 20:27:08.405  7785  7824 W fb4a.AppInitScheduler|Run:   Finished PreloadFeedRequest in 1ms
10-22 20:27:08.405  7785  7824 W fb4a.AppInitScheduler|Run: Running PreloadFreshFeedRanker
10-22 20:27:08.408  3957  4089 D MdnieScenarioControlService:  packageName : org.mozilla.fenix    className : org.mozilla.fenix.App
10-22 20:27:08.408  3957  4089 V MdnieScenarioControlService: setUIMode from UI function(3)
10-22 20:27:08.411  3599  3918 D DnsProxyListener: DNSDBG::dns addrinfo af 0
10-22 20:27:08.413  7959  8002 I VideoCapabilities: Unsupported profile 4 for video/mp4v-es
10-22 20:27:08.418  7785  7859 W fb4a.AppInitScheduler|Run:   Finished PreloadFeedDataLoader in 227ms
10-22 20:27:08.418  7785  7859 W fb4a.AppInitScheduler|Run: Running PreloadLogDb
10-22 20:27:08.419  7785  7859 W fb4a.AppInitScheduler|Run:   Finished PreloadLogDb in 0ms
10-22 20:27:08.419  7785  7859 W fb4a.AppInitScheduler|Run: Running PreloadReactions
10-22 20:27:08.421  7785  7820 W fb4a.AppInitScheduler|Run:   Finished PreloadFeedFullCacheLoad in 159ms
10-22 20:27:08.422  7785  7820 W fb4a.AppInitScheduler|Run: Running PreloadStoriesTrayFetchController
10-22 20:27:08.429  7785  7947 E fb4a.1jx: Error de-serializing experiments for features
10-22 20:27:08.429  7785  7947 E fb4a.1jx: org.json.JSONException: End of input at character 0 of 
10-22 20:27:08.429  7785  7947 E fb4a.1jx: 	at org.json.JSONTokener.syntaxError(JSONTokener.java:449)
10-22 20:27:08.429  7785  7947 E fb4a.1jx: 	at org.json.JSONTokener.nextValue(JSONTokener.java:97)
10-22 20:27:08.429  7785  7947 E fb4a.1jx: 	at org.json.JSONObject.<init>(JSONObject.java:159)
10-22 20:27:08.429  7785  7947 E fb4a.1jx: 	at org.json.JSONObject.<init>(JSONObject.java:176)
10-22 20:27:08.429  7785  7947 E fb4a.1jx: 	at X.1jx.A00(:8)
10-22 20:27:08.429  7785  7947 E fb4a.1jx: 	at X.1j5.B9e(:26)
10-22 20:27:08.429  7785  7947 E fb4a.1jx: 	at X.1cF.A01(:39)
10-22 20:27:08.429  7785  7947 E fb4a.1jx: 	at X.1cF.A0A(:82)
10-22 20:27:08.429  7785  7947 E fb4a.1jx: 	at X.1cF.A0H(:92)
10-22 20:27:08.429  7785  7947 E fb4a.1jx: 	at X.1cD.A02(:14)
10-22 20:27:08.429  7785  7947 E fb4a.1jx: 	at X.1c0.A03(:20)
10-22 20:27:08.429  7785  7947 E fb4a.1jx: 	at X.1UY.A02(:1319)
10-22 20:27:08.429  7785  7947 E fb4a.1jx: 	at X.1UY.DMM(:0)
10-22 20:27:08.429  7785  7947 E fb4a.1jx: 	at X.1Um.DMM(:12)
10-22 20:27:08.429  7785  7947 E fb4a.1jx: 	at X.1Um.run(:27)
10-22 20:27:08.429  7785  7947 E fb4a.1jx: 	at java.util.concurrent.Executors$RunnableAdapter.call(Executors.java:457)
10-22 20:27:08.429  7785  7947 E fb4a.1jx: 	at java.util.concurrent.FutureTask.run(FutureTask.java:266)
10-22 20:27:08.429  7785  7947 E fb4a.1jx: 	at X.1Eq.run(:47)
10-22 20:27:08.429  7785  7947 E fb4a.1jx: 	at java.util.concurrent.ThreadPoolExecutor.runWorker(ThreadPoolExecutor.java:1162)
10-22 20:27:08.429  7785  7947 E fb4a.1jx: 	at java.util.concurrent.ThreadPoolExecutor$Worker.run(ThreadPoolExecutor.java:636)
10-22 20:27:08.429  7785  7947 E fb4a.1jx: 	at X.1Ev.run(:3)
10-22 20:27:08.429  7785  7947 E fb4a.1jx: 	at X.1F1.run(:14)
10-22 20:27:08.429  7785  7947 E fb4a.1jx: 	at java.lang.Thread.run(Thread.java:764)
10-22 20:27:08.440  7959  8002 W VideoCapabilities: Unrecognized profile/level 1/32 for video/mp4v-es
10-22 20:27:08.440  7959  8002 W VideoCapabilities: Unrecognized profile/level 32768/2 for video/mp4v-es
10-22 20:27:08.440  7959  8002 W VideoCapabilities: Unrecognized profile/level 32768/64 for video/mp4v-es
10-22 20:27:08.442  7959  8002 W VideoCapabilities: Unsupported mime video/wvc1
10-22 20:27:08.443  7959  8002 W VideoCapabilities: Unsupported mime video/x-ms-wmv
10-22 20:27:08.445  7959  8002 W VideoCapabilities: Unsupported mime video/x-ms-wmv7
10-22 20:27:08.447  7959  8002 W VideoCapabilities: Unsupported mime video/x-ms-wmv8
10-22 20:27:08.448  7959  8002 W VideoCapabilities: Unsupported mime video/mp43
10-22 20:27:08.457  7959  8002 W AudioCapabilities: Unsupported mime audio/mpeg-L1
10-22 20:27:08.457  7959  8002 W AudioCapabilities: Unsupported mime audio/mpeg-L2
10-22 20:27:08.457  7959  8002 W AudioCapabilities: Unsupported mime audio/x-ms-wma
10-22 20:27:08.457  7959  8002 W AudioCapabilities: Unsupported mime audio/x-ima
10-22 20:27:08.459  7959  8002 W VideoCapabilities: Unrecognized profile 2130706433 for video/avc
10-22 20:27:08.459  7959  8002 W VideoCapabilities: Unrecognized profile 2130706434 for video/avc
10-22 20:27:08.462  7959  8002 W VideoCapabilities: Unrecognized profile/level 1/32 for video/mp4v-es
10-22 20:27:08.463  7959  8002 W VideoCapabilities: Unrecognized profile/level 32768/2 for video/mp4v-es
10-22 20:27:08.463  7959  8002 W VideoCapabilities: Unrecognized profile/level 32768/64 for video/mp4v-es
10-22 20:27:08.463  7959  8002 W VideoCapabilities: Unsupported mime video/wvc1
10-22 20:27:08.464  7959  8002 W VideoCapabilities: Unsupported mime video/x-ms-wmv
10-22 20:27:08.465  7959  8002 W VideoCapabilities: Unsupported mime video/x-ms-wmv7
10-22 20:27:08.466  7959  8002 W VideoCapabilities: Unsupported mime video/x-ms-wmv8
10-22 20:27:08.466  7959  8002 W VideoCapabilities: Unsupported mime video/mp43
10-22 20:27:08.468  7785  7820 W fb4a.AppInitScheduler|Run:   Finished PreloadStoriesTrayFetchController in 44ms
10-22 20:27:08.468  7785  7820 W fb4a.AppInitScheduler|Run: Running PreloadStoriesTrayQuery
10-22 20:27:08.470  7785  7820 W fb4a.AppInitScheduler|Run:   Finished PreloadStoriesTrayQuery in 2ms
10-22 20:27:08.472  7785  7820 W fb4a.AppInitScheduler|Run: Running PreloadVideo
10-22 20:27:08.472  7785  7857 W fb4a.AppInitScheduler|Run:   Finished ProfiloBridgeFactoryImpl in 386ms
10-22 20:27:08.474  7785  7857 W fb4a.AppInitScheduler|Run: Running SetupBlockingBackgroundComponentReporting
10-22 20:27:08.475  7785  7857 W fb4a.AppInitScheduler|Run:   Finished SetupBlockingBackgroundComponentReporting in 0ms
10-22 20:27:08.475  7785  7857 W fb4a.AppInitScheduler|Run: Running StartupQPLReplayer
10-22 20:27:08.484  7785  7820 W fb4a.AppInitScheduler|Run:   Finished PreloadVideo in 12ms
10-22 20:27:08.491  7785  7857 W fb4a.AppInitScheduler|Run:   Finished StartupQPLReplayer in 16ms
10-22 20:27:08.491  7785  7857 W fb4a.AppInitScheduler|Run: Running StartupQPLTransitToMatureStage
10-22 20:27:08.491  7785  7857 W fb4a.AppInitScheduler|Run:   Finished StartupQPLTransitToMatureStage in 0ms
10-22 20:27:08.494  3957  3968 D BatteryService: !@BatteryListener : batteryPropertiesChanged!
10-22 20:27:08.502  7669  7977 I BatteryMgr:DataCollectionService: stats => 1697999228502,-218,4308,70,0,100
10-22 20:27:08.503  7785  7824 W fb4a.AppInitScheduler|Run:   Finished PreloadFreshFeedRanker in 97ms
10-22 20:27:08.511  7785  7822 W fb4a.AppInitScheduler|Run:   Finished DownloadedFbResources in 523ms
10-22 20:27:08.513  7785  7823 E fb4a.UltralightMultiBind: Null item returned while injecting bindingId 8881
10-22 20:27:08.527  7714  7743 W GeckoEventDispatcher: No listener for GeckoView:PageAction:Update
10-22 20:27:08.532  7785  7823 W fb4a.AppInitScheduler|Run:   Finished EagerInitImagePipeline in 547ms
10-22 20:27:08.533  7785  7820 W fb4a.AppInitScheduler|Run: Running PreloadInlineComposerProfileImage
10-22 20:27:08.533  7785  7823 W fb4a.AppInitScheduler|Run: Running WaitForUIDependenciesInitializer [*]
10-22 20:27:08.535  7785  7823 W fb4a.AppInitScheduler|Run:   Finished WaitForUIDependenciesInitializer in 2ms
10-22 20:27:08.535  7785  7823 W fb4a.AppInitScheduler|Run: Running FixieScheduleIdleWork
10-22 20:27:08.535  7785  7822 W fb4a.AppInitScheduler|Run: Running ReplayBroadcastReceivedDuringAppInit
10-22 20:27:08.535  7785  7824 W fb4a.AppInitScheduler|Run: Running DismissSplashScreens [*]
10-22 20:27:08.536  7785  7824 W fb4a.AppInitScheduler|Run:   Finished DismissSplashScreens in 0ms
10-22 20:27:08.536  7785  7824 W fb4a.AppInitScheduler|Run: Running MqttEarlySyncInitializerAfterAppCreate
10-22 20:27:08.537  7785  7857 W fb4a.AppInitScheduler|Run: Running ScheduleLowPriWork
10-22 20:27:08.537  7785  7822 W fb4a.AppInitScheduler|Run:   Finished ReplayBroadcastReceivedDuringAppInit in 0ms
10-22 20:27:08.537  7785  7822 W fb4a.AppInitScheduler|Run: Running RecordStartupLightSharedPreferenceUsages
10-22 20:27:08.538  7785  7822 W fb4a.AppInitScheduler|Run:   Finished RecordStartupLightSharedPreferenceUsages in 0ms
10-22 20:27:08.538  7785  7857 W fb4a.AppInitScheduler|Run:   Finished ScheduleLowPriWork in 1ms
10-22 20:27:08.538  7785  7823 W fb4a.AppInitScheduler|Run:   Finished FixieScheduleIdleWork in 1ms
10-22 20:27:08.539  7785  7824 W fb4a.AppInitScheduler|Run:   Finished MqttEarlySyncInitializerAfterAppCreate in 1ms
10-22 20:27:08.549  7785  7820 W fb4a.AppInitScheduler|Run:   Finished PreloadInlineComposerProfileImage in 16ms
10-22 20:27:08.594  7785  7819 W ComponentDiscovery: Class com.google.firebase.dynamicloading.DynamicLoadingRegistrar is not an found.
10-22 20:27:08.601  7785  7821 D BinderHooker: Binder Hooker was successfully inited [StrongPointer dep is supported] [Parcel dep is supported]
10-22 20:27:08.601  7785  7821 D BinderHooker: Is a binder hook class, seeing if we need to unwrap it.
10-22 20:27:08.601  7785  7821 D BinderHooker: Found a wrapped BinderHook class com.facebook.common.activitythreadhook.ActivityThreadBinderHooker$ApplicationThreadBinderHook
10-22 20:27:08.602  7785  7821 D BinderHooker: Attempting to hook binder android.app.ActivityThread$ApplicationThread with binder com.facebook.common.activitythreadhook.IApplicationThreadBinderHookWrapper(com.facebook.common.activitythreadhook.ActivityThreadBinderHooker$ApplicationThreadBinderHook)
10-22 20:27:08.602  7785  7821 D BinderHooker: Getting IBinder obj for android.app.ActivityThread$ApplicationThread
10-22 20:27:08.602  7785  7821 D BinderHooker: Getting IBinder for android.app.ActivityThread$ApplicationThread 0xcbc65cf0
10-22 20:27:08.602  7785  7821 D BinderHooker: Calling java to create a parcel and write jobj 0xcbc65cf0 to it. 
10-22 20:27:08.602  7785  7821 D BinderHooker: Got Parcel Ptr 0xf2a28e98 for java obj 0xcbc65cf0.
10-22 20:27:08.602  7785  7821 D BinderHooker: Call readStrongBinder(0xf2a28e98) ret not null? yes sp: f2984760.
10-22 20:27:08.602  7785  7821 D BinderHooker: Finished getting IBinder obj for android.app.ActivityThread$ApplicationThread. Got f2984760.
10-22 20:27:08.602  7785  7821 D BinderHooker: Taking and locking Strong IBinder ref f2984760 for android.app.ActivityThread$ApplicationThread
10-22 20:27:08.602  7785  7821 D BinderHooker: FINISHED taking and locking Strong IBinder ref f2984760 for android.app.ActivityThread$ApplicationThread
10-22 20:27:08.602  7785  7821 D BinderHooker: Got binder ptr f2984760 for the given val
10-22 20:27:08.602  7785  7821 D BinderHooker: Setting Orig javaBBinder mObjectPtr for android.app.ActivityThread$ApplicationThread because it has not been set before
10-22 20:27:08.602  7785  7821 D BinderHooker: Finished Setting Orig javaBBinder mObjectPtr
10-22 20:27:08.602  7785  7821 D BinderHooker: Setting javaBBinder mObjectPtr 0xf2984770 (orig: 0x1fe6) for android.app.ActivityThread$ApplicationThread
10-22 20:27:08.602  7785  7821 D BinderHooker: Getting IBinder obj for com.facebook.common.activitythreadhook.IApplicationThreadBinderHookWrapper(com.facebook.common.activitythreadhook.ActivityThreadBinderHooker$ApplicationThreadBinderHook)
10-22 20:27:08.602  7785  7821 D BinderHooker: Getting IBinder for com.facebook.common.activitythreadhook.IApplicationThreadBinderHookWrapper(com.facebook.common.activitythreadhook.ActivityThreadBinderHooker$ApplicationThreadBinderHook) 0xcbc65cf4
10-22 20:27:08.602  7785  7821 D BinderHooker: Calling java to create a parcel and write jobj 0xcbc65cf4 to it. 
10-22 20:27:08.604  7785  7821 D BinderHooker: Got Parcel Ptr 0xe843b188 for java obj 0xcbc65cf4.
10-22 20:27:08.604  7785  7821 D BinderHooker: Call readStrongBinder(0xe843b188) ret not null? yes sp: bf99aaa0.
10-22 20:27:08.604  7785  7821 D BinderHooker: Finished getting IBinder obj for com.facebook.common.activitythreadhook.IApplicationThreadBinderHookWrapper(com.facebook.common.activitythreadhook.ActivityThreadBinderHooker$ApplicationThreadBinderHook). Got bf99aaa0.
10-22 20:27:08.604  7785  7821 D BinderHooker: Taking and locking Strong IBinder ref bf99aaa0 for com.facebook.common.activitythreadhook.IApplicationThreadBinderHookWrapper(com.facebook.common.activitythreadhook.ActivityThreadBinderHooker$ApplicationThreadBinderHook)
10-22 20:27:08.604  7785  7821 D BinderHooker: FINISHED taking and locking Strong IBinder ref bf99aaa0 for com.facebook.common.activitythreadhook.IApplicationThreadBinderHookWrapper(com.facebook.common.activitythreadhook.ActivityThreadBinderHooker$ApplicationThreadBinderHook)
10-22 20:27:08.604  7785  7821 D BinderHooker: Got binder ptr bf99aaa0 for the given val
10-22 20:27:08.604  7785  7821 D BinderHooker: Setting Orig javaBBinder mObjectPtr for com.facebook.common.activitythreadhook.IApplicationThreadBinderHookWrapper(com.facebook.common.activitythreadhook.ActivityThreadBinderHooker$ApplicationThreadBinderHook) because it has not been set before
10-22 20:27:08.604  7785  7821 D BinderHooker: Finished Setting Orig javaBBinder mObjectPtr
10-22 20:27:08.604  7785  7821 D BinderHooker: Setting javaBBinder mObjectPtr 0xbf99aab0 (orig: 0x2b46) for com.facebook.common.activitythreadhook.IApplicationThreadBinderHookWrapper(com.facebook.common.activitythreadhook.ActivityThreadBinderHooker$ApplicationThreadBinderHook)
10-22 20:27:08.604  7785  7821 D BinderHooker: We already have a strong binder ref
10-22 20:27:08.604  7785  7821 D BinderHooker: We already have a strong binder ref
10-22 20:27:08.604  7785  7821 D BinderHooker: Successfully prepared hooking binder and will now perform.  Use Transparent Conv: no 
10-22 20:27:08.604  7785  7821 D BinderHooker: 		Hooked: android.app.ActivityThread$ApplicationThread 
10-22 20:27:08.604  7785  7821 D BinderHooker: 		Hooked with: com.facebook.common.activitythreadhook.IApplicationThreadBinderHookWrapper(com.facebook.common.activitythreadhook.ActivityThreadBinderHooker$ApplicationThreadBinderHook)
10-22 20:27:08.604  7785  7821 D BinderHooker: Attempting to set binder hook data on the hook object
10-22 20:27:08.604  7785  7821 D BinderHooker: Finished setting binder hook data on the hook object
10-22 20:27:08.604  7785  7821 D BinderHooker: Finished hooking binder. Success: yes 
10-22 20:27:08.604  7785  7821 D BinderHooker: 		Hooked: android.app.ActivityThread$ApplicationThread 
10-22 20:27:08.604  7785  7821 D BinderHooker: 		Hooked with: com.facebook.common.activitythreadhook.IApplicationThreadBinderHookWrapper(com.facebook.common.activitythreadhook.ActivityThreadBinderHooker$ApplicationThreadBinderHook)
10-22 20:27:08.612  7669  7977 I BatteryMgr:DataCollectionService: stats => 1697999228612,-218,4308,70,0,100
10-22 20:27:08.621  7785  7854 W fb4a.AppInitScheduler|Run:   Finished FixieNoSync in 624ms
10-22 20:27:08.627  3599  3918 D DnsProxyListener: DNSDBG::dns addrinfo af 0
10-22 20:27:08.647  3599  3918 D DnsProxyListener: DNSDBG::dns addrinfo af 0
10-22 20:27:08.657  7835  7880 W linker  : "/data/app/org.mozilla.fenix-iWpGOrf8cry6RDpwHyQugA==/lib/arm64/libmozglue.so" unused DT entry: type 0x8000024 arg 0x38f70
10-22 20:27:08.657  7835  7880 W linker  : "/data/app/org.mozilla.fenix-iWpGOrf8cry6RDpwHyQugA==/lib/arm64/libmozglue.so" unused DT entry: type 0x8000023 arg 0x1f8
10-22 20:27:08.657  7835  7880 W linker  : "/data/app/org.mozilla.fenix-iWpGOrf8cry6RDpwHyQugA==/lib/arm64/libmozglue.so" unused DT entry: type 0x8000025 arg 0x8
10-22 20:27:08.661  7835  7880 I GeckoLoader: Library base=/data/app/org.mozilla.fenix-iWpGOrf8cry6RDpwHyQugA==/lib/arm64
10-22 20:27:08.662  7835  7880 I GeckoLoader: Library base=/data/app/org.mozilla.fenix-iWpGOrf8cry6RDpwHyQugA==/lib/arm64
10-22 20:27:08.664  7835  7880 E GeckoLibLoad: Load sqlite start
10-22 20:27:08.665  7835  7880 W linker  : "/data/app/org.mozilla.fenix-iWpGOrf8cry6RDpwHyQugA==/lib/arm64/libnss3.so" unused DT entry: type 0x8000024 arg 0x14998
10-22 20:27:08.665  7835  7880 W linker  : "/data/app/org.mozilla.fenix-iWpGOrf8cry6RDpwHyQugA==/lib/arm64/libnss3.so" unused DT entry: type 0x8000023 arg 0x5c8
10-22 20:27:08.665  7835  7880 W linker  : "/data/app/org.mozilla.fenix-iWpGOrf8cry6RDpwHyQugA==/lib/arm64/libnss3.so" unused DT entry: type 0x8000025 arg 0x8
10-22 20:27:08.667  7835  7880 E GeckoLibLoad: Load sqlite done
10-22 20:27:08.667  7835  7880 I GeckoLoader: Library base=/data/app/org.mozilla.fenix-iWpGOrf8cry6RDpwHyQugA==/lib/arm64
10-22 20:27:08.668  7835  7880 E GeckoLibLoad: Load nss start
10-22 20:27:08.668  7835  7880 E GeckoLibLoad: Load nss done
10-22 20:27:08.668  7835  7880 I GeckoLoader: Library base=/data/app/org.mozilla.fenix-iWpGOrf8cry6RDpwHyQugA==/lib/arm64
10-22 20:27:08.670  7714  7743 W AudioCapabilities: Unsupported mime audio/mpeg-L1
10-22 20:27:08.671  7714  7743 W AudioCapabilities: Unsupported mime audio/mpeg-L2
10-22 20:27:08.672  7835  7880 W linker  : "/data/app/org.mozilla.fenix-iWpGOrf8cry6RDpwHyQugA==/lib/arm64/libxul.so" unused DT entry: type 0x8000024 arg 0x539420
10-22 20:27:08.672  7835  7880 W linker  : "/data/app/org.mozilla.fenix-iWpGOrf8cry6RDpwHyQugA==/lib/arm64/libxul.so" unused DT entry: type 0x8000023 arg 0x17d68
10-22 20:27:08.672  7835  7880 W linker  : "/data/app/org.mozilla.fenix-iWpGOrf8cry6RDpwHyQugA==/lib/arm64/libxul.so" unused DT entry: type 0x8000025 arg 0x8
10-22 20:27:08.674  7714  7743 W AudioCapabilities: Unsupported mime audio/x-ms-wma
10-22 20:27:08.676  7785  7859 W fb4a.AppInitScheduler|Run:   Finished PreloadReactions in 256ms
10-22 20:27:08.676  7714  7743 W AudioCapabilities: Unsupported mime audio/x-ima
10-22 20:27:08.686  7714  7743 W VideoCapabilities: Unrecognized profile 2130706433 for video/avc
10-22 20:27:08.686  6413  6468 D ScanRecord: Not a Multi Manu data
10-22 20:27:08.686  7714  7743 W VideoCapabilities: Unrecognized profile 2130706434 for video/avc
10-22 20:27:08.690  6413  6468 I chatty  : uid=1002(bluetooth) BT Service Call expire 37 lines
10-22 20:27:08.690  6413  6468 D ScanRecord: Not a Multi Manu data
10-22 20:27:08.690  7714  7743 W VideoCapabilities: Unrecognized profile 2130706433 for video/avc
10-22 20:27:08.690  7714  7743 W VideoCapabilities: Unrecognized profile 2130706434 for video/avc
10-22 20:27:08.695  6413  6468 D ScanRecord: Not a Multi Manu data
10-22 20:27:08.696  6413  6468 I chatty  : uid=1002(bluetooth) BT Service Call identical 11 lines
10-22 20:27:08.696  6413  6468 D ScanRecord: Not a Multi Manu data
10-22 20:27:08.702  7785  7821 W LifecycleCodeCallbacksHolder: Cannot construct hook holder since it requires client transaction (platform supported: N Have ClientTransaction deps: N). 
10-22 20:27:08.702  7785  7821 W LifecycleCodeCallbacksHolder: 	 AppThread Handler What Codes code: Lifecycle What Code: 159 <Needs Processing> 
10-22 20:27:08.702  7785  7821 W LifecycleCodeCallbacksHolder: 	State: [ActivityLifecycleState ON_PAUSE - on pause
10-22 20:27:08.702  7785  7821 W LifecycleCodeCallbacksHolder:  LifeCycle: 
10-22 20:27:08.702  7785  7821 W LifecycleCodeCallbacksHolder: Lifecycle ON_PAUSE(not yet inited)
10-22 20:27:08.702  7785  7821 W LifecycleCodeCallbacksHolder:  What Codes [Maybe 3 items]: [ 
10-22 20:27:08.702  7785  7821 W LifecycleCodeCallbacksHolder: Proccessed codes: [Lifecycle What Code: 159 <Needs Processing>, Lifecycle What Code: 101 certain, Lifecycle What Code: 102 certain, ]
10-22 20:27:08.702  7785  7821 W LifecycleCodeCallbacksHolder:  Binder Codes [Maybe 3 items]: [ 
10-22 20:27:08.702  7785  7821 W LifecycleCodeCallbacksHolder: Proccessed codes: [Lifecycle Binder Code: 1 sketchy, Lifecycle Binder Code: 1 certain, ] 
10-22 20:27:08.702  7785  7821 W LifecycleCodeCallbacksHolder:  ]
10-22 20:27:08.704  3957  4128 D WifiService: getConnectionInfo uid=1000
10-22 20:27:08.708  3599  3918 D DnsProxyListener: DNSDBG::dns addrinfo af 0
10-22 20:27:08.709  7785  7821 W LifecycleCodeCallbacksHolder: Adding hook failed for state on pause with the given AppThread Handler What Codes code value 159 (1 / 3). 
10-22 20:27:08.709  7785  7821 W LifecycleCodeCallbacksHolder: 	 What Code: Lifecycle What Code: 159 <Needs Processing> 
10-22 20:27:08.709  7785  7821 W LifecycleCodeCallbacksHolder: 	 State: [ActivityLifecycleState ON_PAUSE - on pause
10-22 20:27:08.709  7785  7821 W LifecycleCodeCallbacksHolder:  LifeCycle: 
10-22 20:27:08.709  7785  7821 W LifecycleCodeCallbacksHolder: Lifecycle ON_PAUSE(not yet inited)
10-22 20:27:08.709  7785  7821 W LifecycleCodeCallbacksHolder:  What Codes [Maybe 3 items]: [ 
10-22 20:27:08.709  7785  7821 W LifecycleCodeCallbacksHolder: Proccessed codes: [Lifecycle What Code: 159 <Needs Processing>, Lifecycle What Code: 101 certain, Lifecycle What Code: 102 certain, ]
10-22 20:27:08.709  7785  7821 W LifecycleCodeCallbacksHolder:  Binder Codes [Maybe 3 items]: [ 
10-22 20:27:08.709  7785  7821 W LifecycleCodeCallbacksHolder: Proccessed codes: [Lifecycle Binder Code: 1 sketchy, Lifecycle Binder Code: 1 certain, ] 
10-22 20:27:08.709  7785  7821 W LifecycleCodeCallbacksHolder:  ]
10-22 20:27:08.710  7835  7880 E GeckoLibLoad: Loaded libs in 41.619077ms total, 20ms(20ms) user, 24ms(20ms) system, 0(0) faults
10-22 20:27:08.710  7835  7880 W GeckoThread: zerdatime 1661610768 - runGecko
10-22 20:27:08.711  6413  6468 D ScanRecord: Not a Multi Manu data
10-22 20:27:08.716  6413  6468 I chatty  : uid=1002(bluetooth) BT Service Call identical 24 lines
10-22 20:27:08.716  6413  6468 D ScanRecord: Not a Multi Manu data
10-22 20:27:08.720  7714  7743 W VideoCapabilities: Unrecognized profile 2130706433 for video/avc
10-22 20:27:08.720  7714  7743 W VideoCapabilities: Unrecognized profile 2130706434 for video/avc
10-22 20:27:08.722  7669  7977 I BatteryMgr:DataCollectionService: stats => 1697999228722,-218,4308,70,0,100
10-22 20:27:08.724  7714  7743 W VideoCapabilities: Unsupported mime video/avc-wfd
10-22 20:27:08.724  6413  6468 D ScanRecord: Not a Multi Manu data
10-22 20:27:08.724  6413  6468 I chatty  : uid=1002(bluetooth) BT Service Call identical 11 lines
10-22 20:27:08.724  6413  6468 D ScanRecord: Not a Multi Manu data
10-22 20:27:08.727  7785  7798 W ResourceType: ResTable_typeSpec entry count inconsistent: given 88, previously 91
10-22 20:27:08.727  7785  7798 W ResourceType: ResTable_typeSpec entry count inconsistent: given 168, previously 172
10-22 20:27:08.735  7785  7856 D TelephonyManager: getCellLocation : Caller (PID / UID / TID): 7785 / 10103 / 7856
10-22 20:27:08.735  6413  6468 D ScanRecord: Not a Multi Manu data
10-22 20:27:08.741  6413  6468 I chatty  : uid=1002(bluetooth) BT Service Call identical 24 lines
10-22 20:27:08.741  6413  6468 D ScanRecord: Not a Multi Manu data
10-22 20:27:08.744  3957  3966 I zygote64: Background concurrent copying GC freed 229827(9MB) AllocSpace objects, 65(1300KB) LOS objects, 36% free, 42MB/66MB, paused 548us total 204.551ms
10-22 20:27:08.747  6413  6468 D ScanRecord: Not a Multi Manu data
10-22 20:27:08.748  6413  6468 I chatty  : uid=1002(bluetooth) BT Service Call identical 11 lines
10-22 20:27:08.748  6413  6468 D ScanRecord: Not a Multi Manu data
10-22 20:27:08.751  7785  7856 D TelephonyManager: getAllCellInfo : Caller (PID / UID / TID): 7785 / 10103 / 7856
10-22 20:27:08.755  7785  7798 W ResourceType: ResTable_typeSpec entry count inconsistent: given 3506, previously 3526
10-22 20:27:08.757  6413  6468 D ScanRecord: Not a Multi Manu data
10-22 20:27:08.758  6413  6468 I chatty  : uid=1002(bluetooth) BT Service Call identical 18 lines
10-22 20:27:08.758  7785  7798 W ResourceType: ResTable_typeSpec entry count inconsistent: given 487, previously 4675
10-22 20:27:08.758  6413  6468 D ScanRecord: Not a Multi Manu data
10-22 20:27:08.758  6413  6468 D ScanRecord: Not a Multi Manu data
10-22 20:27:08.764  6413  6468 I chatty  : uid=1002(bluetooth) BT Service Call identical 17 lines
10-22 20:27:08.764  6413  6468 D ScanRecord: Not a Multi Manu data
10-22 20:27:08.770  7714  7743 I VideoCapabilities: Unsupported profile 4 for video/mp4v-es
10-22 20:27:08.776  7785  7856 W fb4a.AppInitScheduler|Run:   Finished EagerInitTigonLiger in 1021ms
10-22 20:27:08.776  7785  7856 W fb4a.AppInitScheduler|Run: Running GraphServiceEagerInit
10-22 20:27:08.776  7785  7822 W fb4a.AppInitScheduler|Run: Running ZeroLibraryInitializer
10-22 20:27:08.780  6413  6468 D ScanRecord: Not a Multi Manu data
10-22 20:27:08.780  6413  6468 I chatty  : uid=1002(bluetooth) BT Service Call identical 11 lines
10-22 20:27:08.780  6413  6468 D ScanRecord: Not a Multi Manu data
10-22 20:27:08.781  7785  7822 W fb4a.AppInitScheduler|Run:   Finished ZeroLibraryInitializer in 1ms
10-22 20:27:08.782  6413  6468 D ScanRecord: Not a Multi Manu data
10-22 20:27:08.783  6413  6468 I chatty  : uid=1002(bluetooth) BT Service Call identical 11 lines
10-22 20:27:08.783  6413  6468 D ScanRecord: Not a Multi Manu data
10-22 20:27:08.793  7714  7743 W VideoCapabilities: Unrecognized profile/level 1/32 for video/mp4v-es
10-22 20:27:08.793  7714  7743 W VideoCapabilities: Unrecognized profile/level 32768/2 for video/mp4v-es
10-22 20:27:08.793  7714  7743 W VideoCapabilities: Unrecognized profile/level 32768/64 for video/mp4v-es
10-22 20:27:08.795  7714  7743 W VideoCapabilities: Unsupported mime video/wvc1
10-22 20:27:08.796  7714  7743 W VideoCapabilities: Unsupported mime video/x-ms-wmv
10-22 20:27:08.797  7714  7743 W VideoCapabilities: Unsupported mime video/x-ms-wmv7
10-22 20:27:08.798  7714  7743 W VideoCapabilities: Unsupported mime video/x-ms-wmv8
10-22 20:27:08.802  7714  7743 W VideoCapabilities: Unsupported mime video/mp43
10-22 20:27:08.807  7785  7919 D TelephonyManager: getCellLocation : Caller (PID / UID / TID): 7785 / 10103 / 7919
10-22 20:27:08.808  7714  7743 W AudioCapabilities: Unsupported mime audio/mpeg-L1
10-22 20:27:08.808  7714  7743 W AudioCapabilities: Unsupported mime audio/mpeg-L2
10-22 20:27:08.808  7714  7743 W AudioCapabilities: Unsupported mime audio/x-ms-wma
10-22 20:27:08.808  7714  7743 W AudioCapabilities: Unsupported mime audio/x-ima
10-22 20:27:08.809  6413  6468 D ScanRecord: Not a Multi Manu data
10-22 20:27:08.809  6413  6468 I chatty  : uid=1002(bluetooth) BT Service Call identical 11 lines
10-22 20:27:08.809  6413  6468 D ScanRecord: Not a Multi Manu data
10-22 20:27:08.811  7714  7743 W VideoCapabilities: Unrecognized profile 2130706433 for video/avc
10-22 20:27:08.811  7714  7743 W VideoCapabilities: Unrecognized profile 2130706434 for video/avc
10-22 20:27:08.812  7785  7919 D TelephonyManager: getAllCellInfo : Caller (PID / UID / TID): 7785 / 10103 / 7919
10-22 20:27:08.814  7714  7743 W VideoCapabilities: Unrecognized profile/level 1/32 for video/mp4v-es
10-22 20:27:08.815  7714  7743 W VideoCapabilities: Unrecognized profile/level 32768/2 for video/mp4v-es
10-22 20:27:08.815  7714  7743 W VideoCapabilities: Unrecognized profile/level 32768/64 for video/mp4v-es
10-22 20:27:08.815  7714  7743 W VideoCapabilities: Unsupported mime video/wvc1
10-22 20:27:08.816  7714  7743 W VideoCapabilities: Unsupported mime video/x-ms-wmv
10-22 20:27:08.816  6413  6468 D ScanRecord: Not a Multi Manu data
10-22 20:27:08.816  6413  6468 I chatty  : uid=1002(bluetooth) BT Service Call identical 11 lines
10-22 20:27:08.817  6413  6468 D ScanRecord: Not a Multi Manu data
10-22 20:27:08.817  7714  7743 W VideoCapabilities: Unsupported mime video/x-ms-wmv7
10-22 20:27:08.817  7714  7743 W VideoCapabilities: Unsupported mime video/x-ms-wmv8
10-22 20:27:08.818  7714  7743 W VideoCapabilities: Unsupported mime video/mp43
10-22 20:27:08.819  6413  6468 D ScanRecord: Not a Multi Manu data
10-22 20:27:08.828  6413  6468 I chatty  : uid=1002(bluetooth) BT Service Call identical 24 lines
10-22 20:27:08.828  6413  6468 D ScanRecord: Not a Multi Manu data
10-22 20:27:08.832  7669  7977 I BatteryMgr:DataCollectionService: stats => 1697999228831,-218,4308,70,0,100
10-22 20:27:08.837  6413  6468 D ScanRecord: Not a Multi Manu data
10-22 20:27:08.837  6413  6468 I chatty  : uid=1002(bluetooth) BT Service Call identical 11 lines
10-22 20:27:08.837  6413  6468 D ScanRecord: Not a Multi Manu data
10-22 20:27:08.840  7785  7790 I zygote  : Do partial code cache collection, code=0B, data=31KB
10-22 20:27:08.840  7959  8025 D libGLESv2: STS_GLApi : DTS, ODTC are not allowed for Package : org.mozilla.fenix:gpu
10-22 20:27:08.847  6413  6468 D ScanRecord: Not a Multi Manu data
10-22 20:27:08.847  6413  6468 I chatty  : uid=1002(bluetooth) BT Service Call identical 11 lines
10-22 20:27:08.847  6413  6468 D ScanRecord: Not a Multi Manu data
10-22 20:27:08.847  7959  7975 V Surface : sf_framedrop debug : 0x4f4c, game : false, logging : 0
10-22 20:27:08.848  6413  6468 D ScanRecord: Not a Multi Manu data
10-22 20:27:08.851  6413  6468 I chatty  : uid=1002(bluetooth) BT Service Call identical 24 lines
10-22 20:27:08.851  6413  6468 D ScanRecord: Not a Multi Manu data
10-22 20:27:08.852  7959  8025 D mali_winsys: EGLint new_window_surface(egl_winsys_display *, void *, EGLSurface, EGLConfig, egl_winsys_surface **, egl_color_buffer_format *, EGLBoolean) returns 0x3000,  [720x1238]-format:2
10-22 20:27:08.852  7785  7790 I zygote  : After code cache collection, code=0B, data=31KB
10-22 20:27:08.852  7785  7790 I zygote  : Increasing code cache capacity to 128KB
10-22 20:27:08.857  6413  6468 D ScanRecord: Not a Multi Manu data
10-22 20:27:08.858  6413  6468 I chatty  : uid=1002(bluetooth) BT Service Call identical 11 lines
10-22 20:27:08.858  6413  6468 D ScanRecord: Not a Multi Manu data
10-22 20:27:08.858  7714  7743 I GeckoSession: zerdatime 1661610916 - chrome startup finished
10-22 20:27:08.862  6413  6468 D ScanRecord: Not a Multi Manu data
10-22 20:27:08.866  6413  6468 I chatty  : uid=1002(bluetooth) BT Service Call identical 24 lines
10-22 20:27:08.866  6413  6468 D ScanRecord: Not a Multi Manu data
10-22 20:27:08.867  7785  7856 W fb4a.AppInitScheduler|Run:   Finished GraphServiceEagerInit in 89ms
10-22 20:27:08.868  6413  6468 D ScanRecord: Not a Multi Manu data
10-22 20:27:08.870  6413  6468 I chatty  : uid=1002(bluetooth) BT Service Call identical 24 lines
10-22 20:27:08.870  6413  6468 D ScanRecord: Not a Multi Manu data
10-22 20:27:08.872  7785  7821 W fb4a.AppInitScheduler|Run:   Finished InitLacrimaLaterInit in 1171ms
10-22 20:27:08.876  7785  7821 W fb4a.AppInitScheduler|Run: Running FixieProcessState
10-22 20:27:08.876  7785  7821 W fb4a.Fixie: Initialize ProcessStatePolling
10-22 20:27:08.878  7714  7714 I GeckoSession: handleMessage GeckoView:PageStart uri=
10-22 20:27:08.879  7714  7714 I GeckoSession: handleMessage GeckoView:PageStop uri=null
10-22 20:27:08.882  6413  6468 D ScanRecord: Not a Multi Manu data
10-22 20:27:08.882  6413  6468 I chatty  : uid=1002(bluetooth) BT Service Call identical 11 lines
10-22 20:27:08.882  6413  6468 D ScanRecord: Not a Multi Manu data
10-22 20:27:08.883  7785  7919 D TelephonyManager: getCellLocation : Caller (PID / UID / TID): 7785 / 10103 / 7919
10-22 20:27:08.892  7785  7821 W fb4a.AppInitScheduler|Run:   Finished FixieProcessState in 17ms
10-22 20:27:08.894  7785  7821 W fb4a.AppInitScheduler|Run: All work finished.
10-22 20:27:08.902  7785  7919 D TelephonyManager: getAllCellInfo : Caller (PID / UID / TID): 7785 / 10103 / 7919
10-22 20:27:08.904  6413  6468 D ScanRecord: Not a Multi Manu data
10-22 20:27:08.925  6413  6468 I chatty  : uid=1002(bluetooth) BT Service Call identical 37 lines
10-22 20:27:08.925  6413  6468 D ScanRecord: Not a Multi Manu data
10-22 20:27:08.931  7714  7714 I GeckoSession: handleMessage GeckoView:PageStart uri=
10-22 20:27:08.947  7669  7977 I BatteryMgr:DataCollectionService: stats => 1697999228947,-218,4308,70,0,100
10-22 20:27:08.953  7714  7725 I zygote64: Background concurrent copying GC freed 36276(1708KB) AllocSpace objects, 3(60KB) LOS objects, 49% free, 3MB/6MB, paused 1.144ms total 153.996ms
10-22 20:27:08.961  3599  3918 D DnsProxyListener: DNSDBG::dns addrinfo af 0
10-22 20:27:08.962  6413  6468 D ScanRecord: Not a Multi Manu data
10-22 20:27:08.963  6413  6468 I chatty  : uid=1002(bluetooth) BT Service Call identical 11 lines
10-22 20:27:08.963  6413  6468 D ScanRecord: Not a Multi Manu data
10-22 20:27:08.964  3599  3918 D DnsProxyListener: DNSDBG::dns addrinfo af 0
10-22 20:27:08.964  3599  3918 D DnsProxyListener: DNSDBG::dns addrinfo af 0
10-22 20:27:08.966  6413  6468 D ScanRecord: Not a Multi Manu data
10-22 20:27:08.979  6413  6468 I chatty  : uid=1002(bluetooth) BT Service Call identical 76 lines
10-22 20:27:08.979  6413  6468 D ScanRecord: Not a Multi Manu data
10-22 20:27:08.980  3599  3918 D DnsProxyListener: DNSDBG::dns addrinfo af 0
10-22 20:27:08.980  3599  3918 I chatty  : uid=0(root) /system/bin/netd identical 1 line
10-22 20:27:08.980  3599  3918 D DnsProxyListener: DNSDBG::dns addrinfo af 0
10-22 20:27:08.985  3447  3447 I SurfaceFlinger: Display 0 HWC layers:
10-22 20:27:08.985  3447  3447 I SurfaceFlinger:     type    |    handle    | flag |  format   |   source crop (l,t,r,b)    |         frame       | name 
10-22 20:27:08.985  3447  3447 I SurfaceFlinger: ------------+--------------+------+-----------+----------------------------+---------------------+------
10-22 20:27:08.985  3447  3447 I SurfaceFlinger:      Device | 0x7e9ed37240 | 0000 | RGBx_8888 |   0.0    0.0  720.0 1238.0 |    0   42  720 1280 | SurfaceView - org.mozilla.fenix/org.mozilla.fenix.App@fa5f1b9@0#0
10-22 20:27:08.985  3447  3447 I SurfaceFlinger:      Device | 0x7e9ed38f80 | 0000 | RGBA_8888 |   0.0    0.0  720.0 1280.0 |    0    0  720 1280 | org.mozilla.fenix/org.mozilla.fenix.App#0
10-22 20:27:08.985  3447  3447 I SurfaceFlinger:      Device | 0x7ea5024540 | 0000 | RGBA_8888 |   0.0    0.0  720.0   42.0 |    0    0  720   42 | StatusBar#0
10-22 20:27:08.985  3447  3447 I SurfaceFlinger: 
10-22 20:27:08.989  6413  6468 D ScanRecord: Not a Multi Manu data
10-22 20:27:08.990  6413  6468 I chatty  : uid=1002(bluetooth) BT Service Call identical 11 lines
10-22 20:27:08.990  6413  6468 D ScanRecord: Not a Multi Manu data
10-22 20:27:08.992  3599  3918 D DnsProxyListener: DNSDBG::dns addrinfo af 0
10-22 20:27:08.992  3599  3918 I chatty  : uid=0(root) /system/bin/netd identical 1 line
10-22 20:27:08.993  3599  3918 D DnsProxyListener: DNSDBG::dns addrinfo af 0
10-22 20:27:09.003  6413  6468 D ScanRecord: Not a Multi Manu data
10-22 20:27:09.052  6413  6468 I chatty  : uid=1002(bluetooth) BT Service Call identical 129 lines
10-22 20:27:09.059  6413  6468 D ScanRecord: Not a Multi Manu data
10-22 20:27:09.059  7669  7977 I BatteryMgr:DataCollectionService: stats => 1697999229059,-218,4308,70,0,100
10-22 20:27:09.059  6413  6468 D ScanRecord: Not a Multi Manu data
10-22 20:27:09.061  6413  6468 I chatty  : uid=1002(bluetooth) BT Service Call identical 23 lines
10-22 20:27:09.061  6413  6468 D ScanRecord: Not a Multi Manu data
10-22 20:27:09.062  7785  7793 W JavaBinder: BinderProxy is being destroyed but the application did not call unlinkToDeath to unlink all of its death recipients beforehand.  Releasing leaked death recipient: X.07b
10-22 20:27:09.067  6413  6468 D ScanRecord: Not a Multi Manu data
10-22 20:27:09.106  3957  4554 D StorageManagerService: getExternalStorageMountMode : 3
10-22 20:27:09.107  3957  4554 D StorageManagerService: getExternalStorageMountMode : 3
10-22 20:27:09.107  3957  4554 D StorageManagerService: getExternalStorageMountMode : final mountMode=3, uid : 10044, packageName : com.android.vending
10-22 20:27:09.107  6413  6468 I chatty  : uid=1002(bluetooth) BT Service Call identical 63 lines
10-22 20:27:09.107  3957  4554 I ApplicationPolicy: isApplicationExternalStorageWhitelisted:com.android.vending user:0
10-22 20:27:09.107  6413  6468 D ScanRecord: Not a Multi Manu data
10-22 20:27:09.108  3957  4554 D ApplicationPolicy: isApplicationExternalStorageWhitelisted: DO is not enabled on user 0. Allowed.
10-22 20:27:09.108  3957  4554 D ActivityManager: package  com.android.vending, user - 0 is SDcard whitelisted
10-22 20:27:09.108  3957  4554 I ApplicationPolicy: isApplicationExternalStorageBlacklisted:com.android.vending user:0
10-22 20:27:09.108  3957  4554 D ApplicationPolicy: isApplicationExternalStorageBlacklisted: DO is not enabled on user 0. Allowed.
10-22 20:27:09.111  6413  6468 D ScanRecord: Not a Multi Manu data
10-22 20:27:09.133  6413  6468 I chatty  : uid=1002(bluetooth) BT Service Call identical 63 lines
10-22 20:27:09.133  6413  6468 D ScanRecord: Not a Multi Manu data
10-22 20:27:09.133  3957  4554 I ActivityManager: Start proc 8150:com.android.vending/u0a44 for service com.android.vending/com.google.android.finsky.externalreferrer.GetInstallReferrerService
10-22 20:27:09.134  7714  7743 D GeckoIdleService: Setting timer a day from now
10-22 20:27:09.135  8150  8150 E Zygote  : isWhitelistProcess - Process is Whitelisted
10-22 20:27:09.136  8150  8150 E libpersona: scanKnoxPersonas
10-22 20:27:09.136  8150  8150 E libpersona: Couldn't open the File - /data/system/users/0/personalist.xml - No such file or directory
10-22 20:27:09.140  8150  8150 W SELinux : SELinux selinux_android_compute_policy_index : Policy Index[2],  Con:u:r:zygote:s0 RAM:SEPF_SM-J720F_8.0.0_0002, [-1 -1 -1 -1 0 1]
10-22 20:27:09.141  8150  8150 I SELinux : SELinux: seapp_context_lookup: seinfo=gmscore, level=s0:c512,c768, pkgname=com.android.vending 
10-22 20:27:09.156  6413  6468 D ScanRecord: Not a Multi Manu data
10-22 20:27:09.157  6413  6468 I chatty  : uid=1002(bluetooth) BT Service Call identical 11 lines
10-22 20:27:09.157  6413  6468 D ScanRecord: Not a Multi Manu data
10-22 20:27:09.169  7669  7977 I BatteryMgr:DataCollectionService: stats => 1697999229169,-218,4308,70,0,100
10-22 20:27:09.181  8150  8150 D TimaKeyStoreProvider: TimaKeyStore is not enabled: cannot add TimaSignature Service and generateKeyPair Service
10-22 20:27:09.182  8150  8150 D ActivityThread: Added TimaKeyStore provider
10-22 20:27:09.186  3957  3968 I ActivityManager: DSS on for com.android.vending and scale is 1.0
10-22 20:27:09.226  7785  7790 I zygote  : Do partial code cache collection, code=52KB, data=62KB
10-22 20:27:09.227  7785  7790 I zygote  : After code cache collection, code=52KB, data=62KB
10-22 20:27:09.227  7785  7790 I zygote  : Increasing code cache capacity to 256KB
10-22 20:27:09.230  8150  8150 I zygote64: no shared libraies, dex_files: 1
10-22 20:27:09.257  3957  4554 D StorageManagerService: getExternalStorageMountMode : 1
10-22 20:27:09.257  3957  4554 D StorageManagerService: getExternalStorageMountMode : 3
10-22 20:27:09.258  3957  4554 D StorageManagerService: getExternalStorageMountMode : final mountMode=1, uid : 10169, packageName : org.mozilla.fenix
10-22 20:27:09.258  3957  4554 I ApplicationPolicy: isApplicationExternalStorageWhitelisted:org.mozilla.fenix user:0
10-22 20:27:09.258  3957  4554 D ApplicationPolicy: isApplicationExternalStorageWhitelisted: DO is not enabled on user 0. Allowed.
10-22 20:27:09.258  3957  4554 D ActivityManager: package  org.mozilla.fenix, user - 0 is SDcard whitelisted
