10-22 20:24:00.353  5342  5675 I BatteryMgr:DataCollectionService: stats => 1697999040353,-351,4308,-228,0,100
10-22 20:24:00.462  5342  5675 I BatteryMgr:DataCollectionService: stats => 1697999040462,-351,4308,-228,0,100
10-22 20:24:00.567  5342  5675 I BatteryMgr:DataCollectionService: stats => 1697999040567,-351,4308,-228,0,100
10-22 20:24:00.673  5342  5675 I BatteryMgr:DataCollectionService: stats => 1697999040673,-351,4308,-228,0,100
10-22 20:24:00.781  5342  5675 I BatteryMgr:DataCollectionService: stats => 1697999040781,-351,4308,-228,0,100
10-22 20:24:00.885  5342  5675 I BatteryMgr:DataCollectionService: stats => 1697999040885,-351,4308,-228,0,100
10-22 20:24:00.991  5342  5675 I BatteryMgr:DataCollectionService: stats => 1697999040991,-351,4308,-228,0,100
10-22 20:24:01.004  3957  4129 D WifiStateMachine:  ConnectedState !RSSI_PKTCNT_FETCH uid=1000 rt=605447589/1661423061 0 0 "ourhome" f4:6d:2f:12:cc:88 rssi=-47 f=5240 sc=60 link=433 tx=14.9, 0.0, 0.0  rx=28.3 bcn=618566 [on:0 tx:0 rx:0 period:717] from screen [on:721381 period:3984672] score=60
10-22 20:24:01.006  3957  4129 D WifiStateMachine:  L2ConnectedState !RSSI_PKTCNT_FETCH uid=1000 rt=605447590/1661423063 0 0 "ourhome" f4:6d:2f:12:cc:88 rssi=-47 f=5240 sc=60 link=433 tx=14.9, 0.0, 0.0  rx=28.3 bcn=618566 [on:0 tx:0 rx:0 period:1] from screen [on:721381 period:3984673] score=60
10-22 20:24:01.007  3957  4129 D WifiStateMachine: fetchRssiLinkSpeedAndFrequencyNative rssi=-46 linkspeed=433 freq=5240
10-22 20:24:01.007  3957  4129 V WifiConfigManager: Updating scan detail cache freq=5240 BSSID=f4:6d:2f:12:cc:88 RSSI=-46 for "ourhome"WPA_PSK
10-22 20:24:01.097  5342  5675 I BatteryMgr:DataCollectionService: stats => 1697999041097,-351,4308,-228,0,100
10-22 20:24:01.173  3957  4128 D WifiService: getConnectionInfo uid=1000
10-22 20:24:01.203  5342  5675 I BatteryMgr:DataCollectionService: stats => 1697999041202,-351,4308,-228,0,100
10-22 20:24:01.309  5342  5675 I BatteryMgr:DataCollectionService: stats => 1697999041308,-351,4308,-228,0,100
10-22 20:24:01.418  5342  5675 I BatteryMgr:DataCollectionService: stats => 1697999041418,-351,4308,-228,0,100
10-22 20:24:01.483  4961  4961 D io_stats: !@ 179,0 r 10351883 340247940 w 2180883 42596724 d 175770 37354376 f 642387 667953 iot 4723372 4068481 th 51200 0 0 pt 0 inp 0 0 605448.068
10-22 20:24:01.528  5342  5675 I BatteryMgr:DataCollectionService: stats => 1697999041527,-351,4308,-228,0,100
10-22 20:24:01.635  5342  5675 I BatteryMgr:DataCollectionService: stats => 1697999041635,-351,4308,-228,0,100
10-22 20:24:01.744  5342  5675 I BatteryMgr:DataCollectionService: stats => 1697999041743,-351,4308,-228,0,100
10-22 20:24:01.849  5342  5675 I BatteryMgr:DataCollectionService: stats => 1697999041849,-351,4308,-228,0,100
10-22 20:24:01.956  5342  5675 I BatteryMgr:DataCollectionService: stats => 1697999041955,-351,4308,-228,0,100
10-22 20:24:02.005  3957  4129 D WifiStateMachine:  ConnectedState !RSSI_PKTCNT_FETCH uid=1000 rt=605448589/1661424062 0 0 "ourhome" f4:6d:2f:12:cc:88 rssi=-46 f=5240 sc=60 link=433 tx=14.9, 0.0, 0.0  rx=28.3 bcn=618566 [on:0 tx:0 rx:0 period:1000] from screen [on:721381 period:3985673] score=60
10-22 20:24:02.006  3957  4129 D WifiStateMachine:  L2ConnectedState !RSSI_PKTCNT_FETCH uid=1000 rt=605448591/1661424063 0 0 "ourhome" f4:6d:2f:12:cc:88 rssi=-46 f=5240 sc=60 link=433 tx=14.9, 0.0, 0.0  rx=28.3 bcn=618566 [on:0 tx:0 rx:0 period:1] from screen [on:721381 period:3985674] score=60
10-22 20:24:02.007  3957  4129 D WifiStateMachine: fetchRssiLinkSpeedAndFrequencyNative rssi=-47 linkspeed=433 freq=5240
10-22 20:24:02.007  3957  4129 V WifiConfigManager: Updating scan detail cache freq=5240 BSSID=f4:6d:2f:12:cc:88 RSSI=-46 for "ourhome"WPA_PSK
10-22 20:24:02.062  5342  5675 I BatteryMgr:DataCollectionService: stats => 1697999042062,-351,4308,-228,0,100
10-22 20:24:02.167  5342  5675 I BatteryMgr:DataCollectionService: stats => 1697999042167,-351,4308,-228,0,100
10-22 20:24:02.175  3957  4128 D WifiService: getConnectionInfo uid=1000
10-22 20:24:02.273  5342  5675 I BatteryMgr:DataCollectionService: stats => 1697999042273,-351,4308,-228,0,100
10-22 20:24:02.338  3957  4030 D SensorService: [SO] 0.211 -0.110 9.950
10-22 20:24:02.381  5342  5675 I BatteryMgr:DataCollectionService: stats => 1697999042381,-351,4308,-228,0,100
10-22 20:24:02.490  5342  5675 I BatteryMgr:DataCollectionService: stats => 1697999042490,-351,4308,-228,0,100
10-22 20:24:02.599  9273  9310 D ScanRecord: Not a Multi Manu data
10-22 20:24:02.601  9273  9310 I chatty  : uid=1002(bluetooth) identical 20 lines
10-22 20:24:02.601  9273  9310 D ScanRecord: Not a Multi Manu data
10-22 20:24:02.605  5342  5675 I BatteryMgr:DataCollectionService: stats => 1697999042605,-351,4308,-228,0,100
10-22 20:24:02.606  9273  9310 D ScanRecord: Not a Multi Manu data
10-22 20:24:02.702  9273  9310 I chatty  : uid=1002(bluetooth) identical 119 lines
10-22 20:24:02.702  9273  9310 D ScanRecord: Not a Multi Manu data
10-22 20:24:02.712  5342  5675 I BatteryMgr:DataCollectionService: stats => 1697999042712,-351,4308,-228,0,100
10-22 20:24:02.713  9273  9310 D ScanRecord: Not a Multi Manu data
10-22 20:24:02.808  9273  9310 I chatty  : uid=1002(bluetooth) identical 130 lines
10-22 20:24:02.808  9273  9310 D ScanRecord: Not a Multi Manu data
10-22 20:24:02.818  5342  5675 I BatteryMgr:DataCollectionService: stats => 1697999042818,-351,4308,-228,0,100
10-22 20:24:02.829  9273  9310 D ScanRecord: Not a Multi Manu data
10-22 20:24:02.917  9273  9310 I chatty  : uid=1002(bluetooth) identical 163 lines
10-22 20:24:02.917  9273  9310 D ScanRecord: Not a Multi Manu data
10-22 20:24:02.922  5342  5675 I BatteryMgr:DataCollectionService: stats => 1697999042922,-351,4308,-228,0,100
10-22 20:24:02.947  9273  9310 D ScanRecord: Not a Multi Manu data
10-22 20:24:03.000  9273  9310 I chatty  : uid=1002(bluetooth) identical 97 lines
10-22 20:24:03.000  9273  9310 D ScanRecord: Not a Multi Manu data
10-22 20:24:03.006  3957  4129 D WifiStateMachine:  ConnectedState !RSSI_PKTCNT_FETCH uid=1000 rt=605449590/1661425063 0 0 "ourhome" f4:6d:2f:12:cc:88 rssi=-47 f=5240 sc=60 link=433 tx=14.9, 0.0, 0.0  rx=28.3 bcn=618566 [on:0 tx:0 rx:0 period:1000] from screen [on:721381 period:3986674] score=60
10-22 20:24:03.007  3957  4129 D WifiStateMachine:  L2ConnectedState !RSSI_PKTCNT_FETCH uid=1000 rt=605449592/1661425064 0 0 "ourhome" f4:6d:2f:12:cc:88 rssi=-47 f=5240 sc=60 link=433 tx=14.9, 0.0, 0.0  rx=28.3 bcn=618566 [on:0 tx:0 rx:0 period:1] from screen [on:721381 period:3986675] score=60
10-22 20:24:03.008  3957  4129 D WifiStateMachine: fetchRssiLinkSpeedAndFrequencyNative rssi=-47 linkspeed=433 freq=5240
10-22 20:24:03.008  3957  4129 V WifiConfigManager: Updating scan detail cache freq=5240 BSSID=f4:6d:2f:12:cc:88 RSSI=-46 for "ourhome"WPA_PSK
10-22 20:24:03.016  9273  9310 D ScanRecord: Not a Multi Manu data
10-22 20:24:03.016  9273  9310 I chatty  : uid=1002(bluetooth) identical 9 lines
10-22 20:24:03.016  9273  9310 D ScanRecord: Not a Multi Manu data
10-22 20:24:03.028  5342  5675 I BatteryMgr:DataCollectionService: stats => 1697999043027,-351,4308,-228,0,100
10-22 20:24:03.033  9273  9310 D ScanRecord: Not a Multi Manu data
10-22 20:24:03.083  9273  9310 I chatty  : uid=1002(bluetooth) identical 119 lines
10-22 20:24:03.083  9273  9310 D ScanRecord: Not a Multi Manu data
10-22 20:24:03.133  5342  5675 I BatteryMgr:DataCollectionService: stats => 1697999043133,-351,4308,-228,0,100
10-22 20:24:03.176  3957  4128 D WifiService: getConnectionInfo uid=1000
10-22 20:24:03.239  5342  5675 I BatteryMgr:DataCollectionService: stats => 1697999043239,-351,4308,-228,0,100
10-22 20:24:03.287  3957  4129 D WifiStateMachine:  ConnectedState !CMD_RSSI_POLL rt=605449872/1661425344 122 0 "ourhome" f4:6d:2f:12:cc:88 rssi=-47 f=5240 sc=60 link=433 tx=14.9, 0.0, 0.0  rx=28.3 bcn=618566 [on:0 tx:0 rx:0 period:280] from screen [on:721381 period:3986955] score=60
10-22 20:24:03.288  3957  4129 D WifiStateMachine:  L2ConnectedState !CMD_RSSI_POLL rt=605449873/1661425346 122 0 "ourhome" f4:6d:2f:12:cc:88 rssi=-47 f=5240 sc=60 link=433 tx=14.9, 0.0, 0.0  rx=28.3 bcn=618566 [on:0 tx:0 rx:0 period:1] from screen [on:721381 period:3986956] score=60
10-22 20:24:03.289  3957  4129 D WifiStateMachine:  get link layer stats 3
10-22 20:24:03.289  3436  3436 I android.hardware.wifi@1.0-service: getLinkLayerStats
10-22 20:24:03.307  3957  4129 D WifiStateMachine: fetchRssiLinkSpeedAndFrequencyNative rssi=-46 linkspeed=433 freq=5240
10-22 20:24:03.307  3957  4129 V WifiConfigManager: Updating scan detail cache freq=5240 BSSID=f4:6d:2f:12:cc:88 RSSI=-46 for "ourhome"WPA_PSK
10-22 20:24:03.313  4340  4340 E SignalClusterView: setSlotFocusVisible : subId -2
10-22 20:24:03.313  4340  4340 E SignalClusterView: setSlotFocusVisible : subId -2
10-22 20:24:03.348  5342  5675 I BatteryMgr:DataCollectionService: stats => 1697999043348,-351,4308,-228,0,100
10-22 20:24:03.455  5342  5675 I BatteryMgr:DataCollectionService: stats => 1697999043455,-351,4308,-228,0,100
10-22 20:24:03.560  5342  5675 I BatteryMgr:DataCollectionService: stats => 1697999043560,-351,4308,-228,0,100
10-22 20:24:03.666  5342  5675 I BatteryMgr:DataCollectionService: stats => 1697999043666,-351,4308,-228,0,100
10-22 20:24:03.773  5342  5675 I BatteryMgr:DataCollectionService: stats => 1697999043772,-351,4308,-228,0,100
10-22 20:24:03.879  5342  5675 I BatteryMgr:DataCollectionService: stats => 1697999043879,-351,4308,-228,0,100
10-22 20:24:03.941  5388  5399 I zygote64: Background concurrent copying GC freed 110709(3MB) AllocSpace objects, 0(0B) LOS objects, 50% free, 5MB/10MB, paused 11.897ms total 248.979ms
10-22 20:24:03.985  5342  5675 I BatteryMgr:DataCollectionService: stats => 1697999043984,-351,4308,-228,0,100
10-22 20:24:04.007  3957  4129 D WifiStateMachine:  ConnectedState !RSSI_PKTCNT_FETCH uid=1000 rt=605450592/1661426064 0 0 "ourhome" f4:6d:2f:12:cc:88 rssi=-46 f=5240 sc=60 link=433 tx=9.2, 0.0, 0.0  rx=20.5 bcn=618594 [on:0 tx:0 rx:0 period:698] from screen [on:721878 period:3987675] score=60
10-22 20:24:04.008  3957  4129 D WifiStateMachine:  L2ConnectedState !RSSI_PKTCNT_FETCH uid=1000 rt=605450593/1661426065 0 0 "ourhome" f4:6d:2f:12:cc:88 rssi=-46 f=5240 sc=60 link=433 tx=9.2, 0.0, 0.0  rx=20.5 bcn=618594 [on:0 tx:0 rx:0 period:1] from screen [on:721878 period:3987676] score=60
10-22 20:24:04.014  3957  4129 D WifiStateMachine: fetchRssiLinkSpeedAndFrequencyNative rssi=-47 linkspeed=433 freq=5240
10-22 20:24:04.015  3957  4129 V WifiConfigManager: Updating scan detail cache freq=5240 BSSID=f4:6d:2f:12:cc:88 RSSI=-46 for "ourhome"WPA_PSK
10-22 20:24:04.090  5342  5675 I BatteryMgr:DataCollectionService: stats => 1697999044090,-351,4308,-228,0,100
10-22 20:24:04.179  3957  4128 D WifiService: getConnectionInfo uid=1000
10-22 20:24:04.195  5342  5675 I BatteryMgr:DataCollectionService: stats => 1697999044195,-351,4308,-228,0,100
10-22 20:24:04.301  5342  5675 I BatteryMgr:DataCollectionService: stats => 1697999044301,-351,4308,-228,0,100
10-22 20:24:04.407  5342  5675 I BatteryMgr:DataCollectionService: stats => 1697999044407,-351,4308,-228,0,100
10-22 20:24:04.513  5342  5675 I BatteryMgr:DataCollectionService: stats => 1697999044513,-351,4308,-228,0,100
10-22 20:24:04.618  5342  5675 I BatteryMgr:DataCollectionService: stats => 1697999044618,-351,4308,-228,0,100
10-22 20:24:04.724  5342  5675 I BatteryMgr:DataCollectionService: stats => 1697999044724,-351,4308,-228,0,100
10-22 20:24:04.830  5342  5675 I BatteryMgr:DataCollectionService: stats => 1697999044830,-351,4308,-228,0,100
10-22 20:24:04.936  5342  5675 I BatteryMgr:DataCollectionService: stats => 1697999044936,-351,4308,-228,0,100
10-22 20:24:05.007  3957  4129 D WifiStateMachine:  ConnectedState !RSSI_PKTCNT_FETCH uid=1000 rt=605451592/1661427064 0 0 "ourhome" f4:6d:2f:12:cc:88 rssi=-47 f=5240 sc=60 link=433 tx=9.2, 0.0, 0.0  rx=20.5 bcn=618594 [on:0 tx:0 rx:0 period:999] from screen [on:721878 period:3988675] score=60
10-22 20:24:05.009  3957  4129 D WifiStateMachine:  L2ConnectedState !RSSI_PKTCNT_FETCH uid=1000 rt=605451593/1661427066 0 0 "ourhome" f4:6d:2f:12:cc:88 rssi=-47 f=5240 sc=60 link=433 tx=9.2, 0.0, 0.0  rx=20.5 bcn=618594 [on:0 tx:0 rx:0 period:1] from screen [on:721878 period:3988676] score=60
10-22 20:24:05.014  3957  4129 D WifiStateMachine: fetchRssiLinkSpeedAndFrequencyNative rssi=-46 linkspeed=433 freq=5240
10-22 20:24:05.014  3957  4129 V WifiConfigManager: Updating scan detail cache freq=5240 BSSID=f4:6d:2f:12:cc:88 RSSI=-46 for "ourhome"WPA_PSK
10-22 20:24:05.042  5342  5675 I BatteryMgr:DataCollectionService: stats => 1697999045042,-351,4308,-228,0,100
10-22 20:24:05.151  5342  5675 I BatteryMgr:DataCollectionService: stats => 1697999045151,-351,4308,-228,0,100
10-22 20:24:05.182  3957  4128 D WifiService: getConnectionInfo uid=1000
10-22 20:24:05.256  5342  5675 I BatteryMgr:DataCollectionService: stats => 1697999045256,-351,4308,-228,0,100
10-22 20:24:05.364  5342  5675 I BatteryMgr:DataCollectionService: stats => 1697999045364,-351,4308,-228,0,100
10-22 20:24:05.472  5342  5675 I BatteryMgr:DataCollectionService: stats => 1697999045472,-351,4308,-228,0,100
10-22 20:24:05.581  5342  5675 I BatteryMgr:DataCollectionService: stats => 1697999045581,-351,4308,-228,0,100
10-22 20:24:05.687  5342  5675 I BatteryMgr:DataCollectionService: stats => 1697999045687,-351,4308,-228,0,100
10-22 20:24:05.794  5342  5675 I BatteryMgr:DataCollectionService: stats => 1697999045794,-351,4308,-228,0,100
10-22 20:24:05.905  5342  5675 I BatteryMgr:DataCollectionService: stats => 1697999045905,-351,4308,-228,0,100
10-22 20:24:06.010  3957  4129 D WifiStateMachine:  ConnectedState !RSSI_PKTCNT_FETCH uid=1000 rt=605452594/1661428066 0 0 "ourhome" f4:6d:2f:12:cc:88 rssi=-46 f=5240 sc=60 link=433 tx=9.2, 0.0, 0.0  rx=20.5 bcn=618594 [on:0 tx:0 rx:0 period:1001] from screen [on:721878 period:3989677] score=60
10-22 20:24:06.012  3957  4129 D WifiStateMachine:  L2ConnectedState !RSSI_PKTCNT_FETCH uid=1000 rt=605452595/1661428068 0 0 "ourhome" f4:6d:2f:12:cc:88 rssi=-46 f=5240 sc=60 link=433 tx=9.2, 0.0, 0.0  rx=20.5 bcn=618594 [on:0 tx:0 rx:0 period:2] from screen [on:721878 period:3989679] score=60
10-22 20:24:06.012  5342  5675 I BatteryMgr:DataCollectionService: stats => 1697999046012,-351,4308,-228,0,100
10-22 20:24:06.018  3957  4129 D WifiStateMachine: fetchRssiLinkSpeedAndFrequencyNative rssi=-46 linkspeed=433 freq=5240
10-22 20:24:06.018  3957  4129 V WifiConfigManager: Updating scan detail cache freq=5240 BSSID=f4:6d:2f:12:cc:88 RSSI=-46 for "ourhome"WPA_PSK
10-22 20:24:06.122  5342  5675 I BatteryMgr:DataCollectionService: stats => 1697999046122,-351,4308,-228,0,100
10-22 20:24:06.185  3957  4128 D WifiService: getConnectionInfo uid=1000
10-22 20:24:06.229  5342  5675 I BatteryMgr:DataCollectionService: stats => 1697999046229,-351,4308,-228,0,100
10-22 20:24:06.309  3957  4129 D WifiStateMachine:  ConnectedState !CMD_RSSI_POLL rt=605452894/1661428366 122 0 "ourhome" f4:6d:2f:12:cc:88 rssi=-46 f=5240 sc=60 link=433 tx=9.2, 0.0, 0.0  rx=20.5 bcn=618594 [on:0 tx:0 rx:0 period:298] from screen [on:721878 period:3989977] score=60
10-22 20:24:06.311  3957  4129 D WifiStateMachine:  L2ConnectedState !CMD_RSSI_POLL rt=605452895/1661428368 122 0 "ourhome" f4:6d:2f:12:cc:88 rssi=-46 f=5240 sc=60 link=433 tx=9.2, 0.0, 0.0  rx=20.5 bcn=618594 [on:0 tx:0 rx:0 period:2] from screen [on:721878 period:3989979] score=60
10-22 20:24:06.311  3957  4129 D WifiStateMachine:  get link layer stats 3
10-22 20:24:06.311  3436  3436 I android.hardware.wifi@1.0-service: getLinkLayerStats
10-22 20:24:06.324  3957  4129 D WifiStateMachine: fetchRssiLinkSpeedAndFrequencyNative rssi=-47 linkspeed=433 freq=5240
10-22 20:24:06.325  3957  4129 V WifiConfigManager: Updating scan detail cache freq=5240 BSSID=f4:6d:2f:12:cc:88 RSSI=-46 for "ourhome"WPA_PSK
10-22 20:24:06.328  4340  4340 E SignalClusterView: setSlotFocusVisible : subId -2
10-22 20:24:06.328  4340  4340 E SignalClusterView: setSlotFocusVisible : subId -2
10-22 20:24:06.338  5342  5675 I BatteryMgr:DataCollectionService: stats => 1697999046338,-351,4308,-228,0,100
10-22 20:24:06.443  5342  5675 I BatteryMgr:DataCollectionService: stats => 1697999046443,-351,4308,-228,0,100
10-22 20:24:06.486  4961  4961 D io_stats: !@ 179,0 r 10352240 340257976 w 2180887 42596864 d 175771 37354380 f 642388 667954 iot 4723496 4068591 th 51200 0 0 pt 0 inp 0 0 605453.071
10-22 20:24:06.550  5342  5675 I BatteryMgr:DataCollectionService: stats => 1697999046550,-351,4308,-228,0,100
10-22 20:24:06.657  5342  5675 I BatteryMgr:DataCollectionService: stats => 1697999046657,-351,4308,-228,0,100
10-22 20:24:06.763  5342  5675 I BatteryMgr:DataCollectionService: stats => 1697999046763,-351,4308,-228,0,100
10-22 20:24:06.869  5342  5675 I BatteryMgr:DataCollectionService: stats => 1697999046869,-351,4308,-228,0,100
10-22 20:24:06.973  3957  6478 D SSRM:k  : SIOP:: AP = 440, PST = 391 (W:10), BAT = 328, USB = 0, CHG = 0
10-22 20:24:06.975  5342  5675 I BatteryMgr:DataCollectionService: stats => 1697999046975,-351,4308,-228,0,100
10-22 20:24:06.996  3957  6478 D WifiService: getConnectionInfo uid=1000
10-22 20:24:07.011  3957  4129 D WifiStateMachine:  ConnectedState !RSSI_PKTCNT_FETCH uid=1000 rt=605453596/1661429068 0 0 "ourhome" f4:6d:2f:12:cc:88 rssi=-47 f=5240 sc=60 link=433 tx=5.3, 0.0, 0.0  rx=10.0 bcn=618620 [on:0 tx:0 rx:0 period:684] from screen [on:722580 period:3990679] score=60
10-22 20:24:07.012  3957  4129 D WifiStateMachine:  L2ConnectedState !RSSI_PKTCNT_FETCH uid=1000 rt=605453597/1661429070 0 0 "ourhome" f4:6d:2f:12:cc:88 rssi=-47 f=5240 sc=60 link=433 tx=5.3, 0.0, 0.0  rx=10.0 bcn=618620 [on:0 tx:0 rx:0 period:1] from screen [on:722580 period:3990680] score=60
10-22 20:24:07.014  3957  4129 D WifiStateMachine: fetchRssiLinkSpeedAndFrequencyNative rssi=-47 linkspeed=433 freq=5240
10-22 20:24:07.014  3957  4129 V WifiConfigManager: Updating scan detail cache freq=5240 BSSID=f4:6d:2f:12:cc:88 RSSI=-46 for "ourhome"WPA_PSK
10-22 20:24:07.080  5342  5675 I BatteryMgr:DataCollectionService: stats => 1697999047080,-351,4308,-228,0,100
10-22 20:24:07.187  3957  4128 D WifiService: getConnectionInfo uid=1000
10-22 20:24:07.189  5342  5675 I BatteryMgr:DataCollectionService: stats => 1697999047189,-351,4308,-228,0,100
10-22 20:24:07.294  5342  5675 I BatteryMgr:DataCollectionService: stats => 1697999047294,-351,4308,-228,0,100
10-22 20:24:07.400  5342  5675 I BatteryMgr:DataCollectionService: stats => 1697999047400,-351,4308,-228,0,100
10-22 20:24:07.510  5342  5675 I BatteryMgr:DataCollectionService: stats => 1697999047510,-351,4308,-228,0,100
10-22 20:24:07.600  9273  9310 D ScanRecord: Not a Multi Manu data
10-22 20:24:07.608  9273  9310 I chatty  : uid=1002(bluetooth) identical 31 lines
10-22 20:24:07.608  9273  9310 D ScanRecord: Not a Multi Manu data
10-22 20:24:07.616  5342  5675 I BatteryMgr:DataCollectionService: stats => 1697999047616,-351,4308,-228,0,100
10-22 20:24:07.621  9273  9310 D ScanRecord: Not a Multi Manu data
10-22 20:24:07.721  9273  9310 I chatty  : uid=1002(bluetooth) identical 196 lines
10-22 20:24:07.721  9273  9310 D ScanRecord: Not a Multi Manu data
10-22 20:24:07.723  5342  5675 I BatteryMgr:DataCollectionService: stats => 1697999047723,-351,4308,-228,0,100
10-22 20:24:07.736  9273  9310 D ScanRecord: Not a Multi Manu data
10-22 20:24:07.812  9273  9310 I chatty  : uid=1002(bluetooth) identical 119 lines
10-22 20:24:07.812  9273  9310 D ScanRecord: Not a Multi Manu data
10-22 20:24:07.828  5342  5675 I BatteryMgr:DataCollectionService: stats => 1697999047828,-351,4308,-228,0,100
10-22 20:24:07.831  9273  9310 D ScanRecord: Not a Multi Manu data
10-22 20:24:07.913  9273  9310 I chatty  : uid=1002(bluetooth) identical 141 lines
10-22 20:24:07.913  9273  9310 D ScanRecord: Not a Multi Manu data
10-22 20:24:07.934  5342  5675 I BatteryMgr:DataCollectionService: stats => 1697999047934,-351,4308,-228,0,100
10-22 20:24:07.938  9273  9310 D ScanRecord: Not a Multi Manu data
10-22 20:24:07.995  9273  9310 I chatty  : uid=1002(bluetooth) identical 119 lines
10-22 20:24:07.995  9273  9310 D ScanRecord: Not a Multi Manu data
10-22 20:24:08.012  3957  4129 D WifiStateMachine:  ConnectedState !RSSI_PKTCNT_FETCH uid=1000 rt=605454597/1661430069 0 0 "ourhome" f4:6d:2f:12:cc:88 rssi=-47 f=5240 sc=60 link=433 tx=5.3, 0.0, 0.0  rx=10.0 bcn=618620 [on:0 tx:0 rx:0 period:1000] from screen [on:722580 period:3991680] score=60
10-22 20:24:08.014  3957  4129 D WifiStateMachine:  L2ConnectedState !RSSI_PKTCNT_FETCH uid=1000 rt=605454598/1661430070 0 0 "ourhome" f4:6d:2f:12:cc:88 rssi=-47 f=5240 sc=60 link=433 tx=5.3, 0.0, 0.0  rx=10.0 bcn=618620 [on:0 tx:0 rx:0 period:2] from screen [on:722580 period:3991682] score=60
10-22 20:24:08.016  3957  4129 D WifiStateMachine: fetchRssiLinkSpeedAndFrequencyNative rssi=-46 linkspeed=433 freq=5240
10-22 20:24:08.016  3957  4129 V WifiConfigManager: Updating scan detail cache freq=5240 BSSID=f4:6d:2f:12:cc:88 RSSI=-46 for "ourhome"WPA_PSK
10-22 20:24:08.017  9273  9310 D ScanRecord: Not a Multi Manu data
10-22 20:24:08.038  9273  9310 I chatty  : uid=1002(bluetooth) identical 42 lines
10-22 20:24:08.038  9273  9310 D ScanRecord: Not a Multi Manu data
10-22 20:24:08.041  5342  5675 I BatteryMgr:DataCollectionService: stats => 1697999048040,-351,4308,-228,0,100
10-22 20:24:08.047  9273  9310 D ScanRecord: Not a Multi Manu data
10-22 20:24:08.088  9273  9310 I chatty  : uid=1002(bluetooth) identical 75 lines
10-22 20:24:08.088  9273  9310 D ScanRecord: Not a Multi Manu data
10-22 20:24:08.146  5342  5675 I BatteryMgr:DataCollectionService: stats => 1697999048146,-351,4308,-228,0,100
10-22 20:24:08.189  3957  4128 D WifiService: getConnectionInfo uid=1000
10-22 20:24:08.253  5342  5675 I BatteryMgr:DataCollectionService: stats => 1697999048253,-351,4308,-228,0,100
10-22 20:24:08.364  5342  5675 I BatteryMgr:DataCollectionService: stats => 1697999048364,-351,4308,-228,0,100
10-22 20:24:08.473  5342  5675 I BatteryMgr:DataCollectionService: stats => 1697999048473,-351,4308,-228,0,100
10-22 20:24:08.580  5342  5675 I BatteryMgr:DataCollectionService: stats => 1697999048580,-351,4308,-228,0,100
10-22 20:24:08.689  5342  5675 I BatteryMgr:DataCollectionService: stats => 1697999048688,-351,4308,-228,0,100
10-22 20:24:08.795  5342  5675 I BatteryMgr:DataCollectionService: stats => 1697999048795,-351,4308,-228,0,100
10-22 20:24:08.901  5342  5675 I BatteryMgr:DataCollectionService: stats => 1697999048901,-351,4308,-228,0,100
10-22 20:24:09.007  5342  5675 I BatteryMgr:DataCollectionService: stats => 1697999049007,-351,4308,-228,0,100
10-22 20:24:09.013  3957  4129 D WifiStateMachine:  ConnectedState !RSSI_PKTCNT_FETCH uid=1000 rt=605455598/1661431070 0 0 "ourhome" f4:6d:2f:12:cc:88 rssi=-46 f=5240 sc=60 link=433 tx=5.3, 0.0, 0.0  rx=10.0 bcn=618620 [on:0 tx:0 rx:0 period:999] from screen [on:722580 period:3992681] score=60
10-22 20:24:09.015  3957  4129 D WifiStateMachine:  L2ConnectedState !RSSI_PKTCNT_FETCH uid=1000 rt=605455599/1661431071 0 0 "ourhome" f4:6d:2f:12:cc:88 rssi=-46 f=5240 sc=60 link=433 tx=5.3, 0.0, 0.0  rx=10.0 bcn=618620 [on:0 tx:0 rx:0 period:2] from screen [on:722580 period:3992683] score=60
10-22 20:24:09.021  3957  4129 D WifiStateMachine: fetchRssiLinkSpeedAndFrequencyNative rssi=-52 linkspeed=433 freq=5240
10-22 20:24:09.021  3957  4129 V WifiConfigManager: Updating scan detail cache freq=5240 BSSID=f4:6d:2f:12:cc:88 RSSI=-49 for "ourhome"WPA_PSK
10-22 20:24:09.112  5342  5675 I BatteryMgr:DataCollectionService: stats => 1697999049112,-351,4308,-228,0,100
10-22 20:24:09.191  3957  4128 D WifiService: getConnectionInfo uid=1000
10-22 20:24:09.218  5342  5675 I BatteryMgr:DataCollectionService: stats => 1697999049218,-351,4308,-228,0,100
10-22 20:24:09.326  5342  5675 I BatteryMgr:DataCollectionService: stats => 1697999049325,-317,4308,-203,0,100
10-22 20:24:09.327  3957  4129 D WifiStateMachine:  ConnectedState !CMD_RSSI_POLL rt=605455912/1661431384 122 0 "ourhome" f4:6d:2f:12:cc:88 rssi=-52 f=5240 sc=60 link=433 tx=5.3, 0.0, 0.0  rx=10.0 bcn=618620 [on:0 tx:0 rx:0 period:312] from screen [on:722580 period:3992995] score=60
10-22 20:24:09.328  3957  4129 D WifiStateMachine:  L2ConnectedState !CMD_RSSI_POLL rt=605455913/1661431385 122 0 "ourhome" f4:6d:2f:12:cc:88 rssi=-52 f=5240 sc=60 link=433 tx=5.3, 0.0, 0.0  rx=10.0 bcn=618620 [on:0 tx:0 rx:0 period:1] from screen [on:722580 period:3992996] score=60
10-22 20:24:09.328  3957  4129 D WifiStateMachine:  get link layer stats 3
10-22 20:24:09.328  3436  3436 I android.hardware.wifi@1.0-service: getLinkLayerStats
10-22 20:24:09.331  3957  4129 D WifiStateMachine: fetchRssiLinkSpeedAndFrequencyNative rssi=-51 linkspeed=433 freq=5240
10-22 20:24:09.331  3957  4129 V WifiConfigManager: Updating scan detail cache freq=5240 BSSID=f4:6d:2f:12:cc:88 RSSI=-50 for "ourhome"WPA_PSK
10-22 20:24:09.334  4340  4340 E SignalClusterView: setSlotFocusVisible : subId -2
10-22 20:24:09.335  4340  4340 E SignalClusterView: setSlotFocusVisible : subId -2
10-22 20:24:09.432  5342  5675 I BatteryMgr:DataCollectionService: stats => 1697999049432,-317,4308,-203,0,100
10-22 20:24:09.540  5342  5675 I BatteryMgr:DataCollectionService: stats => 1697999049540,-317,4308,-203,0,100
10-22 20:24:09.646  5342  5675 I BatteryMgr:DataCollectionService: stats => 1697999049646,-317,4308,-203,0,100
10-22 20:24:09.749  3957  3967 D BatteryService: !@BatteryListener : batteryPropertiesChanged!
10-22 20:24:09.753  5342  5675 I BatteryMgr:DataCollectionService: stats => 1697999049753,-317,4308,-203,0,100
10-22 20:24:09.858  5342  5675 I BatteryMgr:DataCollectionService: stats => 1697999049858,-317,4308,-203,0,100
10-22 20:24:09.964  5342  5675 I BatteryMgr:DataCollectionService: stats => 1697999049963,-317,4308,-203,0,100
10-22 20:24:10.014  3957  4129 D WifiStateMachine:  ConnectedState !RSSI_PKTCNT_FETCH uid=1000 rt=605456598/1661432071 0 0 "ourhome" f4:6d:2f:12:cc:88 rssi=-51 f=5240 sc=60 link=433 tx=3.8, 0.0, 0.0  rx=22.0 bcn=618648 [on:0 tx:0 rx:0 period:681] from screen [on:723634 period:3993682] score=60
10-22 20:24:10.015  3957  4129 D WifiStateMachine:  L2ConnectedState !RSSI_PKTCNT_FETCH uid=1000 rt=605456600/1661432072 0 0 "ourhome" f4:6d:2f:12:cc:88 rssi=-51 f=5240 sc=60 link=433 tx=3.8, 0.0, 0.0  rx=22.0 bcn=618648 [on:0 tx:0 rx:0 period:1] from screen [on:723634 period:3993683] score=60
10-22 20:24:10.017  3957  4129 D WifiStateMachine: fetchRssiLinkSpeedAndFrequencyNative rssi=-49 linkspeed=433 freq=5240
10-22 20:24:10.017  3957  4129 V WifiConfigManager: Updating scan detail cache freq=5240 BSSID=f4:6d:2f:12:cc:88 RSSI=-49 for "ourhome"WPA_PSK
10-22 20:24:10.072  5342  5675 I BatteryMgr:DataCollectionService: stats => 1697999050072,-317,4308,-203,0,100
10-22 20:24:10.177  5342  5675 I BatteryMgr:DataCollectionService: stats => 1697999050177,-317,4308,-203,0,100
10-22 20:24:10.193  3957  4128 D WifiService: getConnectionInfo uid=1000
10-22 20:24:10.282  5342  5675 I BatteryMgr:DataCollectionService: stats => 1697999050282,-317,4308,-203,0,100
10-22 20:24:10.388  5342  5675 I BatteryMgr:DataCollectionService: stats => 1697999050388,-317,4308,-203,0,100
10-22 20:24:10.494  5342  5675 I BatteryMgr:DataCollectionService: stats => 1697999050494,-317,4308,-203,0,100
10-22 20:24:10.600  5342  5675 I BatteryMgr:DataCollectionService: stats => 1697999050600,-317,4308,-203,0,100
10-22 20:24:10.707  5342  5675 I BatteryMgr:DataCollectionService: stats => 1697999050707,-317,4308,-203,0,100
10-22 20:24:10.813  5342  5675 I BatteryMgr:DataCollectionService: stats => 1697999050813,-317,4308,-203,0,100
10-22 20:24:10.919  5342  5675 I BatteryMgr:DataCollectionService: stats => 1697999050919,-317,4308,-203,0,100
10-22 20:24:11.015  3957  4129 D WifiStateMachine:  ConnectedState !RSSI_PKTCNT_FETCH uid=1000 rt=605457599/1661433072 0 0 "ourhome" f4:6d:2f:12:cc:88 rssi=-49 f=5240 sc=60 link=433 tx=3.8, 0.0, 0.0  rx=22.0 bcn=618648 [on:0 tx:0 rx:0 period:999] from screen [on:723634 period:3994682] score=60
10-22 20:24:11.016  3957  4129 D WifiStateMachine:  L2ConnectedState !RSSI_PKTCNT_FETCH uid=1000 rt=605457600/1661433073 0 0 "ourhome" f4:6d:2f:12:cc:88 rssi=-49 f=5240 sc=60 link=433 tx=3.8, 0.0, 0.0  rx=22.0 bcn=618648 [on:0 tx:0 rx:0 period:2] from screen [on:723634 period:3994684] score=60
10-22 20:24:11.022  3957  4129 D WifiStateMachine: fetchRssiLinkSpeedAndFrequencyNative rssi=-47 linkspeed=433 freq=5240
10-22 20:24:11.022  3957  4129 V WifiConfigManager: Updating scan detail cache freq=5240 BSSID=f4:6d:2f:12:cc:88 RSSI=-47 for "ourhome"WPA_PSK
10-22 20:24:11.031  5342  5675 I BatteryMgr:DataCollectionService: stats => 1697999051031,-317,4308,-203,0,100
10-22 20:24:11.138  5342  5675 I BatteryMgr:DataCollectionService: stats => 1697999051138,-317,4308,-203,0,100
10-22 20:24:11.194  3957  4128 D WifiService: getConnectionInfo uid=1000
10-22 20:24:11.246  5342  5675 I BatteryMgr:DataCollectionService: stats => 1697999051246,-317,4308,-203,0,100
10-22 20:24:11.351  5342  5675 I BatteryMgr:DataCollectionService: stats => 1697999051351,-317,4308,-203,0,100
10-22 20:24:11.459  5342  5675 I BatteryMgr:DataCollectionService: stats => 1697999051459,-317,4308,-203,0,100
10-22 20:24:11.488  4961  4961 D io_stats: !@ 179,0 r 10352293 340260292 w 2180910 42597092 d 175771 37354380 f 642389 667955 iot 4723532 4068617 th 51200 0 0 pt 0 inp 0 0 605458.073
10-22 20:24:11.567  5342  5675 I BatteryMgr:DataCollectionService: stats => 1697999051567,-317,4308,-203,0,100
10-22 20:24:11.674  5342  5675 I BatteryMgr:DataCollectionService: stats => 1697999051674,-317,4308,-203,0,100
10-22 20:24:11.780  5342  5675 I BatteryMgr:DataCollectionService: stats => 1697999051780,-317,4308,-203,0,100
10-22 20:24:11.886  5342  5675 I BatteryMgr:DataCollectionService: stats => 1697999051886,-317,4308,-203,0,100
10-22 20:24:11.996  5342  5675 I BatteryMgr:DataCollectionService: stats => 1697999051996,-317,4308,-203,0,100
10-22 20:24:12.016  3957  4129 D WifiStateMachine:  ConnectedState !RSSI_PKTCNT_FETCH uid=1000 rt=605458600/1661434073 0 0 "ourhome" f4:6d:2f:12:cc:88 rssi=-47 f=5240 sc=60 link=433 tx=3.8, 0.0, 0.0  rx=22.0 bcn=618648 [on:0 tx:0 rx:0 period:1000] from screen [on:723634 period:3995684] score=60
10-22 20:24:12.017  3957  4129 D WifiStateMachine:  L2ConnectedState !RSSI_PKTCNT_FETCH uid=1000 rt=605458602/1661434074 0 0 "ourhome" f4:6d:2f:12:cc:88 rssi=-47 f=5240 sc=60 link=433 tx=3.8, 0.0, 0.0  rx=22.0 bcn=618648 [on:0 tx:0 rx:0 period:1] from screen [on:723634 period:3995685] score=60
10-22 20:24:12.023  3957  4129 D WifiStateMachine: fetchRssiLinkSpeedAndFrequencyNative rssi=-46 linkspeed=433 freq=5240
10-22 20:24:12.024  3957  4129 V WifiConfigManager: Updating scan detail cache freq=5240 BSSID=f4:6d:2f:12:cc:88 RSSI=-46 for "ourhome"WPA_PSK
10-22 20:24:12.105  5342  5675 I BatteryMgr:DataCollectionService: stats => 1697999052105,-317,4308,-203,0,100
10-22 20:24:12.196  3957  4128 D WifiService: getConnectionInfo uid=1000
10-22 20:24:12.212  5342  5675 I BatteryMgr:DataCollectionService: stats => 1697999052212,-317,4308,-203,0,100
10-22 20:24:12.320  5342  5675 I BatteryMgr:DataCollectionService: stats => 1697999052319,-317,4308,-203,0,100
10-22 20:24:12.333  3957  4129 D WifiStateMachine:  ConnectedState !CMD_RSSI_POLL rt=605458918/1661434390 122 0 "ourhome" f4:6d:2f:12:cc:88 rssi=-46 f=5240 sc=60 link=433 tx=3.8, 0.0, 0.0  rx=22.0 bcn=618648 [on:0 tx:0 rx:0 period:316] from screen [on:723634 period:3996001] score=60
10-22 20:24:12.335  3957  4129 D WifiStateMachine:  L2ConnectedState !CMD_RSSI_POLL rt=605458919/1661434392 122 0 "ourhome" f4:6d:2f:12:cc:88 rssi=-46 f=5240 sc=60 link=433 tx=3.8, 0.0, 0.0  rx=22.0 bcn=618648 [on:0 tx:0 rx:0 period:2] from screen [on:723634 period:3996003] score=60
10-22 20:24:12.335  3957  4129 D WifiStateMachine:  get link layer stats 3
10-22 20:24:12.336  3436  3436 I android.hardware.wifi@1.0-service: getLinkLayerStats
10-22 20:24:12.337  3957  4030 D SensorService: [SO] 0.201 -0.129 9.965
10-22 20:24:12.354  3957  4129 D WifiStateMachine: fetchRssiLinkSpeedAndFrequencyNative rssi=-46 linkspeed=433 freq=5240
10-22 20:24:12.354  3957  4129 V WifiConfigManager: Updating scan detail cache freq=5240 BSSID=f4:6d:2f:12:cc:88 RSSI=-46 for "ourhome"WPA_PSK
10-22 20:24:12.357  4340  4340 E SignalClusterView: setSlotFocusVisible : subId -2
10-22 20:24:12.358  4340  4340 E SignalClusterView: setSlotFocusVisible : subId -2
10-22 20:24:12.427  5342  5675 I BatteryMgr:DataCollectionService: stats => 1697999052427,-317,4308,-203,0,100
10-22 20:24:12.532  5342  5675 I BatteryMgr:DataCollectionService: stats => 1697999052532,-317,4308,-203,0,100
10-22 20:24:12.595  9273  9310 D ScanRecord: Not a Multi Manu data
10-22 20:24:12.602  9273  9310 I chatty  : uid=1002(bluetooth) identical 20 lines
10-22 20:24:12.602  9273  9310 D ScanRecord: Not a Multi Manu data
10-22 20:24:12.640  5342  5675 I BatteryMgr:DataCollectionService: stats => 1697999052640,-317,4308,-203,0,100
10-22 20:24:12.641  9273  9310 D ScanRecord: Not a Multi Manu data
10-22 20:24:12.748  9273  9310 I chatty  : uid=1002(bluetooth) identical 108 lines
10-22 20:24:12.748  9273  9310 D ScanRecord: Not a Multi Manu data
10-22 20:24:12.748  5342  5675 I BatteryMgr:DataCollectionService: stats => 1697999052748,-317,4308,-203,0,100
10-22 20:24:12.757  9273  9310 D ScanRecord: Not a Multi Manu data
10-22 20:24:12.843  9273  9310 I chatty  : uid=1002(bluetooth) identical 108 lines
10-22 20:24:12.843  9273  9310 D ScanRecord: Not a Multi Manu data
10-22 20:24:12.854  5342  5675 I BatteryMgr:DataCollectionService: stats => 1697999052853,-317,4308,-203,0,100
10-22 20:24:12.856  9273  9310 D ScanRecord: Not a Multi Manu data
10-22 20:24:12.952  9273  9310 I chatty  : uid=1002(bluetooth) identical 163 lines
10-22 20:24:12.952  9273  9310 D ScanRecord: Not a Multi Manu data
10-22 20:24:12.961  5342  5675 I BatteryMgr:DataCollectionService: stats => 1697999052961,-317,4308,-203,0,100
10-22 20:24:12.968  9273  9310 D ScanRecord: Not a Multi Manu data
10-22 20:24:13.016  9273  9310 I chatty  : uid=1002(bluetooth) identical 64 lines
10-22 20:24:13.016  9273  9310 D ScanRecord: Not a Multi Manu data
10-22 20:24:13.017  3957  4129 D WifiStateMachine:  ConnectedState !RSSI_PKTCNT_FETCH uid=1000 rt=605459601/1661435074 0 0 "ourhome" f4:6d:2f:12:cc:88 rssi=-46 f=5240 sc=60 link=433 tx=1.4, 0.0, 0.0  rx=10.0 bcn=618674 [on:0 tx:0 rx:0 period:661] from screen [on:723827 period:3996685] score=60
10-22 20:24:13.018  3957  4129 D WifiStateMachine:  L2ConnectedState !RSSI_PKTCNT_FETCH uid=1000 rt=605459603/1661435075 0 0 "ourhome" f4:6d:2f:12:cc:88 rssi=-46 f=5240 sc=60 link=433 tx=1.4, 0.0, 0.0  rx=10.0 bcn=618674 [on:0 tx:0 rx:0 period:1] from screen [on:723827 period:3996686] score=60
10-22 20:24:13.020  3957  4129 D WifiStateMachine: fetchRssiLinkSpeedAndFrequencyNative rssi=-47 linkspeed=433 freq=5240
10-22 20:24:13.020  3957  4129 V WifiConfigManager: Updating scan detail cache freq=5240 BSSID=f4:6d:2f:12:cc:88 RSSI=-46 for "ourhome"WPA_PSK
10-22 20:24:13.024  9273  9310 D ScanRecord: Not a Multi Manu data
10-22 20:24:13.063  9273  9310 I chatty  : uid=1002(bluetooth) identical 97 lines
10-22 20:24:13.063  9273  9310 D ScanRecord: Not a Multi Manu data
10-22 20:24:13.067  5342  5675 I BatteryMgr:DataCollectionService: stats => 1697999053067,-317,4308,-203,0,100
10-22 20:24:13.071  9273  9310 D ScanRecord: Not a Multi Manu data
10-22 20:24:13.090  9273  9310 I chatty  : uid=1002(bluetooth) identical 53 lines
10-22 20:24:13.090  9273  9310 D ScanRecord: Not a Multi Manu data
10-22 20:24:13.174  5342  5675 I BatteryMgr:DataCollectionService: stats => 1697999053174,-317,4308,-203,0,100
10-22 20:24:13.198  3957  4128 D WifiService: getConnectionInfo uid=1000
10-22 20:24:13.280  5342  5675 I BatteryMgr:DataCollectionService: stats => 1697999053280,-317,4308,-203,0,100
10-22 20:24:13.386  5342  5675 I BatteryMgr:DataCollectionService: stats => 1697999053386,-317,4308,-203,0,100
10-22 20:24:13.494  5342  5675 I BatteryMgr:DataCollectionService: stats => 1697999053494,-317,4308,-203,0,100
10-22 20:24:13.600  5342  5675 I BatteryMgr:DataCollectionService: stats => 1697999053600,-317,4308,-203,0,100
10-22 20:24:13.706  5342  5675 I BatteryMgr:DataCollectionService: stats => 1697999053706,-317,4308,-203,0,100
10-22 20:24:13.812  5342  5675 I BatteryMgr:DataCollectionService: stats => 1697999053812,-317,4308,-203,0,100
10-22 20:24:13.917  5342  5675 I BatteryMgr:DataCollectionService: stats => 1697999053917,-317,4308,-203,0,100
10-22 20:24:14.020  3957  4129 D WifiStateMachine:  ConnectedState !RSSI_PKTCNT_FETCH uid=1000 rt=605460603/1661436076 0 0 "ourhome" f4:6d:2f:12:cc:88 rssi=-47 f=5240 sc=60 link=433 tx=1.4, 0.0, 0.0  rx=10.0 bcn=618674 [on:0 tx:0 rx:0 period:1001] from screen [on:723827 period:3997687] score=60
10-22 20:24:14.023  3957  4129 D WifiStateMachine:  L2ConnectedState !RSSI_PKTCNT_FETCH uid=1000 rt=605460606/1661436078 0 0 "ourhome" f4:6d:2f:12:cc:88 rssi=-47 f=5240 sc=60 link=433 tx=1.4, 0.0, 0.0  rx=10.0 bcn=618674 [on:0 tx:0 rx:0 period:4] from screen [on:723827 period:3997691] score=60
10-22 20:24:14.025  5342  5675 I BatteryMgr:DataCollectionService: stats => 1697999054025,-317,4308,-203,0,100
10-22 20:24:14.027  3957  4129 D WifiStateMachine: fetchRssiLinkSpeedAndFrequencyNative rssi=-46 linkspeed=433 freq=5240
10-22 20:24:14.027  3957  4129 V WifiConfigManager: Updating scan detail cache freq=5240 BSSID=f4:6d:2f:12:cc:88 RSSI=-46 for "ourhome"WPA_PSK
10-22 20:24:14.132  5342  5675 I BatteryMgr:DataCollectionService: stats => 1697999054131,-317,4308,-203,0,100
10-22 20:24:14.200  3957  4128 D WifiService: getConnectionInfo uid=1000
10-22 20:24:14.239  5342  5675 I BatteryMgr:DataCollectionService: stats => 1697999054239,-317,4308,-203,0,100
10-22 20:24:14.348  5342  5675 I BatteryMgr:DataCollectionService: stats => 1697999054348,-317,4308,-203,0,100
10-22 20:24:14.460  5342  5675 I BatteryMgr:DataCollectionService: stats => 1697999054460,-317,4308,-203,0,100
10-22 20:24:14.567  5342  5675 I BatteryMgr:DataCollectionService: stats => 1697999054567,-317,4308,-203,0,100
10-22 20:24:14.674  5342  5675 I BatteryMgr:DataCollectionService: stats => 1697999054674,-317,4308,-203,0,100
10-22 20:24:14.780  5342  5675 I BatteryMgr:DataCollectionService: stats => 1697999054780,-317,4308,-203,0,100
10-22 20:24:14.889  5342  5675 I BatteryMgr:DataCollectionService: stats => 1697999054889,-317,4308,-203,0,100
10-22 20:24:14.995  5342  5675 I BatteryMgr:DataCollectionService: stats => 1697999054995,-317,4308,-203,0,100
10-22 20:24:15.019  3957  4129 D WifiStateMachine:  ConnectedState !RSSI_PKTCNT_FETCH uid=1000 rt=605461604/1661437077 0 0 "ourhome" f4:6d:2f:12:cc:88 rssi=-46 f=5240 sc=60 link=433 tx=1.4, 0.0, 0.0  rx=10.0 bcn=618674 [on:0 tx:0 rx:0 period:996] from screen [on:723827 period:3998687] score=60
10-22 20:24:15.020  3957  4129 D WifiStateMachine:  L2ConnectedState !RSSI_PKTCNT_FETCH uid=1000 rt=605461605/1661437078 0 0 "ourhome" f4:6d:2f:12:cc:88 rssi=-46 f=5240 sc=60 link=433 tx=1.4, 0.0, 0.0  rx=10.0 bcn=618674 [on:0 tx:0 rx:0 period:1] from screen [on:723827 period:3998688] score=60
10-22 20:24:15.027  3957  4129 D WifiStateMachine: fetchRssiLinkSpeedAndFrequencyNative rssi=-47 linkspeed=433 freq=5240
10-22 20:24:15.027  3957  4129 V WifiConfigManager: Updating scan detail cache freq=5240 BSSID=f4:6d:2f:12:cc:88 RSSI=-46 for "ourhome"WPA_PSK
10-22 20:24:15.100  5342  5675 I BatteryMgr:DataCollectionService: stats => 1697999055100,-317,4308,-203,0,100
10-22 20:24:15.143  5388  5399 I zygote64: Background concurrent copying GC freed 166724(5MB) AllocSpace objects, 0(0B) LOS objects, 50% free, 6MB/13MB, paused 2.530ms total 249.370ms
10-22 20:24:15.203  3957  4128 D WifiService: getConnectionInfo uid=1000
10-22 20:24:15.207  5342  5675 I BatteryMgr:DataCollectionService: stats => 1697999055207,-317,4308,-203,0,100
10-22 20:24:15.313  5342  5675 I BatteryMgr:DataCollectionService: stats => 1697999055313,-317,4308,-203,0,100
10-22 20:24:15.357  3957  4129 D WifiStateMachine:  ConnectedState !CMD_RSSI_POLL rt=605461941/1661437414 122 0 "ourhome" f4:6d:2f:12:cc:88 rssi=-47 f=5240 sc=60 link=433 tx=1.4, 0.0, 0.0  rx=10.0 bcn=618674 [on:0 tx:0 rx:0 period:337] from screen [on:723827 period:3999025] score=60
10-22 20:24:15.359  3957  4129 D WifiStateMachine:  L2ConnectedState !CMD_RSSI_POLL rt=605461943/1661437415 122 0 "ourhome" f4:6d:2f:12:cc:88 rssi=-47 f=5240 sc=60 link=433 tx=1.4, 0.0, 0.0  rx=10.0 bcn=618674 [on:0 tx:0 rx:0 period:2] from screen [on:723827 period:3999027] score=60
10-22 20:24:15.359  3957  4129 D WifiStateMachine:  get link layer stats 3
10-22 20:24:15.359  3436  3436 I android.hardware.wifi@1.0-service: getLinkLayerStats
10-22 20:24:15.379  3957  4129 D WifiStateMachine: fetchRssiLinkSpeedAndFrequencyNative rssi=-46 linkspeed=433 freq=5240
10-22 20:24:15.379  3957  4129 V WifiConfigManager: Updating scan detail cache freq=5240 BSSID=f4:6d:2f:12:cc:88 RSSI=-46 for "ourhome"WPA_PSK
10-22 20:24:15.382  4340  4340 E SignalClusterView: setSlotFocusVisible : subId -2
10-22 20:24:15.382  4340  4340 E SignalClusterView: setSlotFocusVisible : subId -2
10-22 20:24:15.419  5342  5675 I BatteryMgr:DataCollectionService: stats => 1697999055419,-317,4308,-203,0,100
10-22 20:24:15.525  5342  5675 I BatteryMgr:DataCollectionService: stats => 1697999055525,-317,4308,-203,0,100
10-22 20:24:15.632  5342  5675 I BatteryMgr:DataCollectionService: stats => 1697999055632,-317,4308,-203,0,100
10-22 20:24:15.737  5342  5675 I BatteryMgr:DataCollectionService: stats => 1697999055737,-317,4308,-203,0,100
10-22 20:24:15.844  5342  5675 I BatteryMgr:DataCollectionService: stats => 1697999055844,-317,4308,-203,0,100
10-22 20:24:15.949  5342  5675 I BatteryMgr:DataCollectionService: stats => 1697999055949,-317,4308,-203,0,100
10-22 20:24:16.021  3957  4129 D WifiStateMachine:  ConnectedState !RSSI_PKTCNT_FETCH uid=1000 rt=605462605/1661438078 0 0 "ourhome" f4:6d:2f:12:cc:88 rssi=-46 f=5240 sc=60 link=433 tx=2.4, 0.0, 0.0  rx=7.4 bcn=618704 [on:0 tx:0 rx:0 period:640] from screen [on:724685 period:3999689] score=60
10-22 20:24:16.022  3957  4129 D WifiStateMachine:  L2ConnectedState !RSSI_PKTCNT_FETCH uid=1000 rt=605462606/1661438079 0 0 "ourhome" f4:6d:2f:12:cc:88 rssi=-46 f=5240 sc=60 link=433 tx=2.4, 0.0, 0.0  rx=7.4 bcn=618704 [on:0 tx:0 rx:0 period:1] from screen [on:724685 period:3999690] score=60
10-22 20:24:16.028  3957  4129 D WifiStateMachine: fetchRssiLinkSpeedAndFrequencyNative rssi=-47 linkspeed=433 freq=5240
10-22 20:24:16.028  3957  4129 V WifiConfigManager: Updating scan detail cache freq=5240 BSSID=f4:6d:2f:12:cc:88 RSSI=-46 for "ourhome"WPA_PSK
10-22 20:24:16.054  5342  5675 I BatteryMgr:DataCollectionService: stats => 1697999056054,-317,4308,-203,0,100
10-22 20:24:16.160  5342  5675 I BatteryMgr:DataCollectionService: stats => 1697999056160,-317,4308,-203,0,100
10-22 20:24:16.204  3957  4128 D WifiService: getConnectionInfo uid=1000
10-22 20:24:16.267  5342  5675 I BatteryMgr:DataCollectionService: stats => 1697999056266,-317,4308,-203,0,100
10-22 20:24:16.371  5342  5675 I BatteryMgr:DataCollectionService: stats => 1697999056371,-317,4308,-203,0,100
10-22 20:24:16.477  5342  5675 I BatteryMgr:DataCollectionService: stats => 1697999056477,-317,4308,-203,0,100
10-22 20:24:16.491  4961  4961 D io_stats: !@ 179,0 r 10352313 340260664 w 2180915 42597256 d 175772 37354464 f 642390 667956 iot 4723540 4068631 th 51200 0 0 pt 0 inp 0 0 605463.076
10-22 20:24:16.584  5342  5675 I BatteryMgr:DataCollectionService: stats => 1697999056584,-317,4308,-203,0,100
10-22 20:24:16.628  3957  4416 E Watchdog: !@Sync 20174 [2023-10-22 20:24:16.628]
10-22 20:24:16.689  5342  5675 I BatteryMgr:DataCollectionService: stats => 1697999056689,-317,4308,-203,0,100
10-22 20:24:16.795  5342  5675 I BatteryMgr:DataCollectionService: stats => 1697999056795,-317,4308,-203,0,100
10-22 20:24:16.901  5342  5675 I BatteryMgr:DataCollectionService: stats => 1697999056901,-317,4308,-203,0,100
10-22 20:24:17.007  5342  5675 I BatteryMgr:DataCollectionService: stats => 1697999057007,-317,4308,-203,0,100
10-22 20:24:17.021  3957  6478 D SSRM:k  : SIOP:: AP = 450, PST = 399 (W:10), BAT = 328, USB = 0, CHG = 0
10-22 20:24:17.022  3957  4129 D WifiStateMachine:  ConnectedState !RSSI_PKTCNT_FETCH uid=1000 rt=605463607/1661439079 0 0 "ourhome" f4:6d:2f:12:cc:88 rssi=-47 f=5240 sc=60 link=433 tx=2.4, 0.0, 0.0  rx=7.4 bcn=618704 [on:0 tx:0 rx:0 period:1000] from screen [on:724685 period:4000690] score=60
10-22 20:24:17.023  3957  4129 D WifiStateMachine:  L2ConnectedState !RSSI_PKTCNT_FETCH uid=1000 rt=605463608/1661439080 0 0 "ourhome" f4:6d:2f:12:cc:88 rssi=-47 f=5240 sc=60 link=433 tx=2.4, 0.0, 0.0  rx=7.4 bcn=618704 [on:0 tx:0 rx:0 period:1] from screen [on:724685 period:4000691] score=60
10-22 20:24:17.029  3957  4129 D WifiStateMachine: fetchRssiLinkSpeedAndFrequencyNative rssi=-47 linkspeed=433 freq=5240
10-22 20:24:17.029  3957  4129 V WifiConfigManager: Updating scan detail cache freq=5240 BSSID=f4:6d:2f:12:cc:88 RSSI=-46 for "ourhome"WPA_PSK
10-22 20:24:17.114  5342  5675 I BatteryMgr:DataCollectionService: stats => 1697999057114,-317,4308,-203,0,100
10-22 20:24:17.207  3957  4128 D WifiService: getConnectionInfo uid=1000
10-22 20:24:17.222  5342  5675 I BatteryMgr:DataCollectionService: stats => 1697999057222,-317,4308,-203,0,100
10-22 20:24:17.329  5342  5675 I BatteryMgr:DataCollectionService: stats => 1697999057329,-317,4308,-203,0,100
10-22 20:24:17.436  5342  5675 I BatteryMgr:DataCollectionService: stats => 1697999057436,-317,4308,-203,0,100
10-22 20:24:17.545  5342  5675 I BatteryMgr:DataCollectionService: stats => 1697999057545,-317,4308,-203,0,100
10-22 20:24:17.595  9273  9310 D ScanRecord: Not a Multi Manu data
10-22 20:24:17.636  9273  9310 I chatty  : uid=1002(bluetooth) identical 86 lines
10-22 20:24:17.636  9273  9310 D ScanRecord: Not a Multi Manu data
10-22 20:24:17.650  5342  5675 I BatteryMgr:DataCollectionService: stats => 1697999057650,-317,4308,-203,0,100
10-22 20:24:17.670  9273  9310 D ScanRecord: Not a Multi Manu data
10-22 20:24:17.747  9273  9310 I chatty  : uid=1002(bluetooth) identical 141 lines
10-22 20:24:17.747  9273  9310 D ScanRecord: Not a Multi Manu data
10-22 20:24:17.756  5342  5675 I BatteryMgr:DataCollectionService: stats => 1697999057756,-317,4308,-203,0,100
10-22 20:24:17.775  9273  9310 D ScanRecord: Not a Multi Manu data
10-22 20:24:17.857  9273  9310 I chatty  : uid=1002(bluetooth) identical 108 lines
10-22 20:24:17.857  9273  9310 D ScanRecord: Not a Multi Manu data
10-22 20:24:17.862  5342  5675 I BatteryMgr:DataCollectionService: stats => 1697999057862,-317,4308,-203,0,100
10-22 20:24:17.881  9273  9310 D ScanRecord: Not a Multi Manu data
10-22 20:24:17.951  9273  9310 I chatty  : uid=1002(bluetooth) identical 119 lines
10-22 20:24:17.951  9273  9310 D ScanRecord: Not a Multi Manu data
10-22 20:24:17.968  5342  5675 I BatteryMgr:DataCollectionService: stats => 1697999057968,-317,4308,-203,0,100
10-22 20:24:17.975  9273  9310 D ScanRecord: Not a Multi Manu data
10-22 20:24:18.021  9273  9310 I chatty  : uid=1002(bluetooth) identical 75 lines
10-22 20:24:18.021  9273  9310 D ScanRecord: Not a Multi Manu data
10-22 20:24:18.023  3957  4129 D WifiStateMachine:  ConnectedState !RSSI_PKTCNT_FETCH uid=1000 rt=605464607/1661440080 0 0 "ourhome" f4:6d:2f:12:cc:88 rssi=-47 f=5240 sc=60 link=433 tx=2.4, 0.0, 0.0  rx=7.4 bcn=618704 [on:0 tx:0 rx:0 period:999] from screen [on:724685 period:4001690] score=60
10-22 20:24:18.024  3957  4129 D WifiStateMachine:  L2ConnectedState !RSSI_PKTCNT_FETCH uid=1000 rt=605464608/1661440081 0 0 "ourhome" f4:6d:2f:12:cc:88 rssi=-47 f=5240 sc=60 link=433 tx=2.4, 0.0, 0.0  rx=7.4 bcn=618704 [on:0 tx:0 rx:0 period:2] from screen [on:724685 period:4001692] score=60
10-22 20:24:18.025  3957  4129 D WifiStateMachine: fetchRssiLinkSpeedAndFrequencyNative rssi=-46 linkspeed=433 freq=5240
10-22 20:24:18.025  3957  4129 V WifiConfigManager: Updating scan detail cache freq=5240 BSSID=f4:6d:2f:12:cc:88 RSSI=-46 for "ourhome"WPA_PSK
10-22 20:24:18.025  9273  9310 D ScanRecord: Not a Multi Manu data
10-22 20:24:18.057  9273  9310 I chatty  : uid=1002(bluetooth) identical 53 lines
10-22 20:24:18.057  9273  9310 D ScanRecord: Not a Multi Manu data
10-22 20:24:18.073  5342  5675 I BatteryMgr:DataCollectionService: stats => 1697999058073,-317,4308,-203,0,100
10-22 20:24:18.085  9273  9310 D ScanRecord: Not a Multi Manu data
10-22 20:24:18.089  9273  9310 I chatty  : uid=1002(bluetooth) identical 31 lines
10-22 20:24:18.089  9273  9310 D ScanRecord: Not a Multi Manu data
10-22 20:24:18.178  5342  5675 I BatteryMgr:DataCollectionService: stats => 1697999058178,-317,4308,-203,0,100
10-22 20:24:18.208  3957  4128 D WifiService: getConnectionInfo uid=1000
10-22 20:24:18.286  5342  5675 I BatteryMgr:DataCollectionService: stats => 1697999058286,-317,4308,-203,0,100
10-22 20:24:18.382  3957  4129 D WifiStateMachine:  ConnectedState !CMD_RSSI_POLL rt=605464966/1661440439 122 0 "ourhome" f4:6d:2f:12:cc:88 rssi=-46 f=5240 sc=60 link=433 tx=2.4, 0.0, 0.0  rx=7.4 bcn=618704 [on:0 tx:0 rx:0 period:358] from screen [on:724685 period:4002050] score=60
10-22 20:24:18.384  3957  4129 D WifiStateMachine:  L2ConnectedState !CMD_RSSI_POLL rt=605464968/1661440441 122 0 "ourhome" f4:6d:2f:12:cc:88 rssi=-46 f=5240 sc=60 link=433 tx=2.4, 0.0, 0.0  rx=7.4 bcn=618704 [on:0 tx:0 rx:0 period:2] from screen [on:724685 period:4002052] score=60
10-22 20:24:18.384  3957  4129 D WifiStateMachine:  get link layer stats 3
10-22 20:24:18.384  3436  3436 I android.hardware.wifi@1.0-service: getLinkLayerStats
10-22 20:24:18.388  3957  4129 D WifiStateMachine: fetchRssiLinkSpeedAndFrequencyNative rssi=-46 linkspeed=433 freq=5240
