10-22 20:38:10.415 11315 11663 W fb4a.Fixie: Initialize GcOptimizerFixer
10-22 20:38:10.416 11315 11663 W fb4a.Fixie: Initialize ActivityThreadProtector
10-22 20:38:10.418 11315 11663 W fb4a.Fixie: Initialize HuaweiStackTraceFixer
10-22 20:38:10.418 11315 11663 W fb4a.Fixie: Initialize SamsungContextLeakFixer
10-22 20:38:10.421 11315 11663 W fb4a.Fixie: Initialize SharedPrefsANRFixer
10-22 20:38:10.422 11315 11663 W fb4a.Fixie: Initialize TransactionTooLargeDebugger
10-22 20:38:10.422 11315 11663 W fb4a.Fixie: Initialize ForegroundServiceDebugger
10-22 20:38:10.422  3957  4084 D InputReader: Input event(3): value=1 when=606297007820000
10-22 20:38:10.422  3957  4084 D InputReader: Input event(3): value=1 when=606297007820000
10-22 20:38:10.422  3957  4084 I InputReader: Touch event's action is 0x0 (deviceType=0) [pCnt=1, s=0.2500 ] when=606297007820000
10-22 20:38:10.422 11315 11663 W fb4a.Fixie: Initialize BadNotificationDebugger
10-22 20:38:10.423  3957  4083 I InputDispatcher: Delivering touch to (4340): action: 0x4, toolType: 1
10-22 20:38:10.423  3957  4083 I InputDispatcher: Delivering touch to (11236): action: 0x0, toolType: 1
10-22 20:38:10.424 11236 11236 D ViewRootImpl@bc73a50[App]: ViewPostIme pointer 0
10-22 20:38:10.434 11236 11266 D GeckoIdleService: next timeout 5000 msec from now
10-22 20:38:10.434 11236 11266 D GeckoIdleService: SetTimerExpiryIfBefore: next timeout 5000 msec from now
10-22 20:38:10.434 11236 11266 D GeckoIdleService: reset timer expiry to 5010 msec from now
10-22 20:38:10.434 11236 11266 D GeckoIdleService: Reset idle timeout: tell observer 0x742555d068 user is back
10-22 20:38:10.438 11315 11663 W fb4a.Fixie: Initialize ACodecFixer
10-22 20:38:10.438 11315 11663 W fb4a.Fixie: Initialize PackageInfoCache
10-22 20:38:10.438 11315 11663 W fb4a.Fixie: Initialize ApplicationThreadHook
10-22 20:38:10.444 11315 11663 D ArtDistract: Attempting to hook method. Resolved orig method holder in java: no
10-22 20:38:10.444 11315 11663 D OffsetFinder: findOffsetCustom: found value 524313 at 4 (with arg: 25)
10-22 20:38:10.446 11315 11663 D ArtDistract: Did find a symbol at idx 0 while calling findFunc_ClassLinker_GetQuickOatCodeFor.
10-22 20:38:10.448 11315 11663 D ArtDistract: Hook of ClassLinkerFinder-no-objptr succeeded. Try force fast hook: no Is Direct Jump: no errmsg: 
10-22 20:38:10.448 11315 11663 D ArtDistract: ClassLinkerFinder was enabled. Errmsg: 
10-22 20:38:10.448 11315 11663 D ArtDistract: Generating a proxy method while looking for ClassLinker
10-22 20:38:10.448 11315 11663 D ArtDistract: Was found call for clslinker NO objptr
10-22 20:38:10.449 11315 11663 D OffsetFinder: findOffsetWithVal: found val 4069646145 at 28
10-22 20:38:10.449 11315 11663 D ArtDistract: We successfully inited ART distract.
10-22 20:38:10.449 11315 11663 D ArtDistract: 	 We found the entry_point_from_quick_compiled_code_ offset of art method at 28.
10-22 20:38:10.449 11315 11663 D ArtDistract: 	 We found the ART ClassLinker 0xf298f140.
10-22 20:38:10.449 11315 11663 D ArtDistract: 	 We did not need ART Method size[-2] mirror::Object offset[-1].
10-22 20:38:10.449 11315 11663 D ArtDistract: 	 The interpreter to compiled code offset was not needed.
10-22 20:38:10.449 11315 11663 D ArtDistract: ART Distract DID init.
10-22 20:38:10.449 11315 11663 D ArtDistract: 	 Access Flag offset[4]: yes
10-22 20:38:10.449 11315 11663 D ArtDistract: 	 Call Proxy Init Success: yes
10-22 20:38:10.449 11315 11663 D ArtDistract: 	 has init symbols: Not needed
10-22 20:38:10.449 11315 11663 D ArtDistract: 	 has inited DexCache resolve method updating: Not needed
10-22 20:38:10.449 11315 11663 D ArtDistract: Successfully finished hooking method 0x6ffa28fc.
10-22 20:38:10.449 11315 11663 W fb4a.Fixie: Initialize AppCoordinator
10-22 20:38:10.449 11315 11663 W fb4a.Fixie: Initialize BrowserLiteCookieManagerFixer
10-22 20:38:10.450 11315 11663 W fb4a.Fixie: Initialize MainThreadIpcMonitor
10-22 20:38:10.497  3957  4084 D InputReader: Input event(3): value=0 when=606297082721000
10-22 20:38:10.497  3957  4084 D InputReader: Input event(3): value=0 when=606297082721000
10-22 20:38:10.497  3957  4084 I InputReader: Touch event's action is 0x1 (deviceType=0) [pCnt=1, s=] when=606297082721000
10-22 20:38:10.498  3957  4083 I InputDispatcher: Delivering touch to (11236): action: 0x1, toolType: 1
10-22 20:38:10.498 11236 11236 D ViewRootImpl@bc73a50[App]: ViewPostIme pointer 1
10-22 20:38:10.502 11190 11489 I BatteryMgr:DataCollectionService: stats => 1697999890502,-324,4308,-204,0,100
10-22 20:38:10.613 11190 11489 I BatteryMgr:DataCollectionService: stats => 1697999890613,-324,4308,-204,0,100
10-22 20:38:10.621  3957 10057 D BatteryService: !@BatteryListener : batteryPropertiesChanged!
10-22 20:38:10.722 11190 11489 I BatteryMgr:DataCollectionService: stats => 1697999890721,-324,4308,-204,0,100
10-22 20:38:10.760  3957 10057 D ConnectivityService: filterNetworkStateForUid() uid: 10103 networkInfo: [type: WIFI[] - WIFI, state: CONNECTED/CONNECTED, reason: (unspecified), extra: "ourhome", failover: false, available: true, roaming: false, metered: false]
10-22 20:38:10.760  3957 10057 D WifiService: getConnectionInfo uid=1000
10-22 20:38:10.827 11315 11661 W DexLibLoader: ignoring dex metadata pragma [.locator_id 9]
10-22 20:38:10.832 11315 11661 W DexLibLoader: Build id used for apk identification
10-22 20:38:10.833 11190 11489 I BatteryMgr:DataCollectionService: stats => 1697999890833,-324,4308,-204,0,100
10-22 20:38:10.856 11315 11661 V XZ      : XZ native library initialized.
10-22 20:38:10.865 11315 11661 V XZ      : Cleaning up XZ decoder state.
10-22 20:38:10.901 11315 11661 W DexLibLoader: Comparing new 1697283756948 to old 1697283756948
10-22 20:38:10.945 11190 11489 I BatteryMgr:DataCollectionService: stats => 1697999890945,-324,4308,-204,0,100
10-22 20:38:10.968 11315 11587 W fb4a.HeliumWebViewFactoryProvider: Unable to initialize, Helium lazy provider already installed
10-22 20:38:11.055 11190 11489 I BatteryMgr:DataCollectionService: stats => 1697999891055,-324,4308,-204,0,100
10-22 20:38:11.167 11190 11489 I BatteryMgr:DataCollectionService: stats => 1697999891167,-324,4308,-204,0,100
10-22 20:38:11.189  3957 10057 D WifiService: getConnectionInfo uid=1000
10-22 20:38:11.213  3957 10057 I chatty  : uid=1000(system) Binder:3957_19 identical 4 lines
10-22 20:38:11.213  3957 10057 I chatty  : uid=1000(system) Binder:3957_19 identical 3 lines
10-22 20:38:11.220  3957 10057 D ConnectivityService: filterNetworkStateForUid() uid: 10103 networkInfo: [type: WIFI[] - WIFI, state: CONNECTED/CONNECTED, reason: (unspecified), extra: "ourhome", failover: false, available: true, roaming: false, metered: false]
10-22 20:38:11.220  3957 10057 D WifiService: getConnectionInfo uid=1000
10-22 20:38:11.221  3957  5415 D ConnectivityService: filterNetworkStateForUid() uid: 10103 networkInfo: [type: WIFI[] - WIFI, state: CONNECTED/CONNECTED, reason: (unspecified), extra: "ourhome", failover: false, available: true, roaming: false, metered: false]
10-22 20:38:11.221  3957  5415 D WifiService: getConnectionInfo uid=1000
10-22 20:38:11.222  3957 10057 D ConnectivityService: filterNetworkStateForUid() uid: 10103 networkInfo: [type: WIFI[] - WIFI, state: CONNECTED/CONNECTED, reason: (unspecified), extra: "ourhome", failover: false, available: true, roaming: false, metered: false]
10-22 20:38:11.222  3957 10057 D WifiService: getConnectionInfo uid=1000
10-22 20:38:11.229  3957 10057 I chatty  : uid=1000(system) Binder:3957_19 identical 3 lines
10-22 20:38:11.229  3957 10057 I chatty  : uid=1000(system) Binder:3957_19 identical 3 lines
10-22 20:38:11.231  3957 10057 D ConnectivityService: filterNetworkStateForUid() uid: 10103 networkInfo: [type: WIFI[] - WIFI, state: CONNECTED/CONNECTED, reason: (unspecified), extra: "ourhome", failover: false, available: true, roaming: false, metered: false]
10-22 20:38:11.231  3957 10057 D WifiService: getConnectionInfo uid=1000
10-22 20:38:11.285 11190 11489 I BatteryMgr:DataCollectionService: stats => 1697999891285,-324,4308,-204,0,100
10-22 20:38:11.304  3957  4129 D WifiStateMachine:  ConnectedState !RSSI_PKTCNT_FETCH uid=1000 rt=606297879/1662273352 0 0 "ourhome" f4:6d:2f:12:cc:88 rssi=-49 f=5240 sc=60 link=433 tx=247.6, 11.1, 0.0  rx=291.4 bcn=626562 [on:0 tx:0 rx:0 period:1009] from screen [on:918317 period:4834972] score=60
10-22 20:38:11.305  3957  4129 D WifiStateMachine:  L2ConnectedState !RSSI_PKTCNT_FETCH uid=1000 rt=606297890/1662273362 0 0 "ourhome" f4:6d:2f:12:cc:88 rssi=-49 f=5240 sc=60 link=433 tx=247.6, 11.1, 0.0  rx=291.4 bcn=626562 [on:0 tx:0 rx:0 period:1] from screen [on:918317 period:4834973] score=60
10-22 20:38:11.311  3957  4129 D WifiStateMachine: fetchRssiLinkSpeedAndFrequencyNative rssi=-46 linkspeed=433 freq=5240
10-22 20:38:11.311  3957  4129 V WifiConfigManager: Updating scan detail cache freq=5240 BSSID=f4:6d:2f:12:cc:88 RSSI=-47 for "ourhome"WPA_PSK
10-22 20:38:11.395  3957  4128 D WifiService: getConnectionInfo uid=1000
10-22 20:38:11.400 11190 11489 I BatteryMgr:DataCollectionService: stats => 1697999891396,-324,4308,-204,0,100
10-22 20:38:11.508 11315 11587 W fb4a.MobileConfigFactoryImpl: SESSIONBASED factory used for 1 param
10-22 20:38:11.515 11190 11489 I BatteryMgr:DataCollectionService: stats => 1697999891515,-324,4308,-204,0,100
10-22 20:38:11.566 11315 11321 I zygote  : Do full code cache collection, code=125KB, data=116KB
10-22 20:38:11.570 11315 11321 I zygote  : After code cache collection, code=101KB, data=60KB
10-22 20:38:11.572 11315 11321 I zygote  : Do partial code cache collection, code=101KB, data=68KB
10-22 20:38:11.573 11315 11321 I zygote  : After code cache collection, code=101KB, data=68KB
10-22 20:38:11.573 11315 11321 I zygote  : Increasing code cache capacity to 512KB
10-22 20:38:11.574 11315 11321 I zygote  : Compiler allocated 9MB to compile void X.2N6.run()
10-22 20:38:11.625 11190 11489 I BatteryMgr:DataCollectionService: stats => 1697999891624,-324,4308,-204,0,100
10-22 20:38:11.673  3957 10057 D PackageManager: setEnabledSetting : userId = 0 packageName = com.facebook.katana cmp = com.facebook.composer.shareintent.ImplicitShareIntentHandlerDefaultAlias newState = 1 callingPackage = 10103/com.facebook.katana
10-22 20:38:11.681  3957  5415 D PackageManager: setEnabledSetting : userId = 0 packageName = com.facebook.katana cmp = com.facebook.composer.shareintent.AddToStoryAlias newState = 1 callingPackage = 10103/com.facebook.katana
10-22 20:38:11.688  3957  5415 D PackageManager: setEnabledSetting : userId = 0 packageName = com.facebook.katana cmp = com.facebook.composer.shareintent.ShareToGroupsAlias newState = 1 callingPackage = 10103/com.facebook.katana
10-22 20:38:11.692  3957  5415 D PackageManager: setEnabledSetting : userId = 0 packageName = com.facebook.katana cmp = com.facebook.composer.shareintent.ShareToGroupsDisableSinglePhotoAlias newState = 2 callingPackage = 10103/com.facebook.katana
10-22 20:38:11.716 11315 11664 W fb4a.ServiceInfoParser: X.4CE: Service com.facebook.browser.lite.BrowserLiteIntentService is missing meta key com.facebook.common.jobscheduler.compat.jobIds
10-22 20:38:11.717 11315 11664 W fb4a.ServiceInfoParser: X.4CE: Service com.facebook.browser.lite.BrowserLiteInMainProcessIntentService is missing meta key com.facebook.common.jobscheduler.compat.jobIds
10-22 20:38:11.717 11315 11664 W fb4a.ServiceInfoParser: X.4CE: Service com.facebook.businessintegrity.cloakingdetection.service.CloakingDetectionService is missing meta key com.facebook.common.jobscheduler.compat.jobIds
10-22 20:38:11.718 11315 11664 W fb4a.ServiceInfoParser: X.4CE: Service com.facebook.contacts.service.ContactLocaleChangeService is missing meta key com.facebook.common.jobscheduler.compat.jobIds
10-22 20:38:11.718 11315 11664 W fb4a.ServiceInfoParser: X.4CE: Service com.facebook.common.zopt.ZOptBackgroundService is missing meta key com.facebook.common.jobscheduler.compat.jobIds
10-22 20:38:11.718 11315 11664 W fb4a.ServiceInfoParser: X.4CE: Service com.facebook.account.login.notification.LoginNotificationService is missing meta key com.facebook.common.jobscheduler.compat.jobIds
10-22 20:38:11.719 11315 11664 W fb4a.ServiceInfoParser: X.4CE: Service com.facebook.conditionalworker.ConditionalWorkerService is missing meta key com.facebook.common.jobscheduler.compat.jobIds
10-22 20:38:11.720 11315 11664 W fb4a.ServiceInfoParser: X.4CE: Service com.facebook.fbservice.service.BlueServiceJobIntentService is missing meta key com.facebook.common.jobscheduler.compat.jobIds
10-22 20:38:11.720 11315 11664 W fb4a.ServiceInfoParser: X.4CE: Service com.facebook.notifications.appwidget.bugreporter.NotificationsWidgetDebugHelper is missing meta key com.facebook.common.jobscheduler.compat.jobIds
10-22 20:38:11.721 11315 11664 W fb4a.ServiceInfoParser: X.4CE: Service com.facebook.appcomponentmanager.AppComponentManagerService is missing meta key com.facebook.common.jobscheduler.compat.jobIds
10-22 20:38:11.721 11315 11664 W fb4a.ServiceInfoParser: X.4CE: Service com.facebook.confirmation.notification.ConfirmationNotificationService is missing meta key com.facebook.common.jobscheduler.compat.jobIds
10-22 20:38:11.721 11315 11664 W fb4a.ServiceInfoParser: X.4CE: Service com.facebook.battery.monitor.ContinuousBatteryMonitorService is missing meta key com.facebook.common.jobscheduler.compat.jobIds
10-22 20:38:11.722 11315 11664 W fb4a.ServiceInfoParser: X.4CE: Service com.facebook.papaya.fb.client.services.FBPapayaJobService is missing meta key com.facebook.common.jobscheduler.compat.jobIds
10-22 20:38:11.722 11315 11664 W fb4a.ServiceInfoParser: X.4CE: Service com.facebook.push.adm.ADMService is missing meta key com.facebook.common.jobscheduler.compat.jobIds
10-22 20:38:11.722 11315 11664 W fb4a.ServiceInfoParser: X.4CE: Service com.facebook.push.adm.ADMBroadcastReceiverJobBase is missing meta key com.facebook.common.jobscheduler.compat.jobIds
10-22 20:38:11.722 11315 11664 W fb4a.ServiceInfoParser: X.4CE: Service com.facebook.push.adm.ADMJobIntentService is missing meta key com.facebook.common.jobscheduler.compat.jobIds
10-22 20:38:11.723 11315 11664 W fb4a.ServiceInfoParser: X.4CE: Service com.facebook.push.fbpushdata.common.FbPushDataHandlerService is missing meta key com.facebook.common.jobscheduler.compat.jobIds
10-22 20:38:11.723 11315 11664 W fb4a.ServiceInfoParser: X.4CE: Service com.facebook.push.mqtt.service.MqttPushHelperService is missing meta key com.facebook.common.jobscheduler.compat.jobIds
10-22 20:38:11.723 11315 11664 W fb4a.ServiceInfoParser: X.4CE: Service com.facebook.push.registration.RegistrarHelperService is missing meta key com.facebook.common.jobscheduler.compat.jobIds
10-22 20:38:11.724 11315 11664 W fb4a.ServiceInfoParser: X.4CE: Service com.facebook.push.crossapp.PackageRemovedReporterService is missing meta key com.facebook.common.jobscheduler.compat.jobIds
10-22 20:38:11.725 11315 11664 W fb4a.ServiceInfoParser: X.4CE: Service com.facebook.reportaproblem.base.bugreport.BugReportUploadService is missing meta key com.facebook.common.jobscheduler.compat.jobIds
10-22 20:38:11.725 11315 11664 W fb4a.ServiceInfoParser: X.4CE: Service com.facebook.profilo.upload.TraceUploadRetryJob is missing meta key com.facebook.common.jobscheduler.compat.jobIds
10-22 20:38:11.725 11315 11664 W fb4a.ServiceInfoParser: X.4CE: Service com.facebook.registration.notification.RegistrationNotificationService is missing meta key com.facebook.common.jobscheduler.compat.jobIds
10-22 20:38:11.726 11315 11664 W fb4a.ServiceInfoParser: X.4CE: Service com.facebook.common.dextricks.DexOptimization$Service is missing meta key com.facebook.common.jobscheduler.compat.jobIds
10-22 20:38:11.727 11315 11664 W fb4a.ServiceInfoParser: X.4CE: Service com.facebook.common.dextricks.DexOptimizationJobService is missing meta key com.facebook.common.jobscheduler.compat.jobIds
10-22 20:38:11.727 11315 11664 W fb4a.ServiceInfoParser: X.4CE: Service com.facebook.glc.ScheduledWifiMonitorService is missing meta key com.facebook.common.jobscheduler.compat.jobIds
10-22 20:38:11.727 11315 11664 W fb4a.ServiceInfoParser: X.4CE: Service com.facebook.glc.GLCService is missing meta key com.facebook.common.jobscheduler.compat.jobIds
10-22 20:38:11.728 11315 11664 W fb4a.ServiceInfoParser: X.4CE: Service com.facebook.displaytimeinvalidation.service.DisplayTimeBlockIntentService is missing meta key com.facebook.common.jobscheduler.compat.jobIds
10-22 20:38:11.728 11315 11664 W fb4a.ServiceInfoParser: X.4CE: Service com.facebook.delayedworker.DelayedWorkerService is missing meta key com.facebook.common.jobscheduler.compat.jobIds
10-22 20:38:11.729 11315 11664 W fb4a.ServiceInfoParser: X.4CE: Service com.facebook.analytics2.logger.service.LollipopUploadSafeService is missing meta key com.facebook.common.jobscheduler.compat.jobIds
10-22 20:38:11.730 11315 11664 W fb4a.ServiceInfoParser: X.4CE: Service com.facebook.analytics2.logger.LollipopUploadService is missing meta key com.facebook.common.jobscheduler.compat.jobIds
10-22 20:38:11.730 11315 11664 W fb4a.ServiceInfoParser: X.4CE: Service com.facebook.compost.service.CompostNotificationService is missing meta key com.facebook.common.jobscheduler.compat.jobIds
10-22 20:38:11.731 11315 11664 W fb4a.ServiceInfoParser: X.4CE: Service com.facebook.videolite.api.jobscheduler.UploadJobSchedulerService is missing meta key com.facebook.common.jobscheduler.compat.jobIds
10-22 20:38:11.731 11315 11664 W fb4a.ServiceInfoParser: X.4CE: Service com.facebook.feed.platformads.AppInstallService is missing meta key com.facebook.common.jobscheduler.compat.jobIds
10-22 20:38:11.732 11315 11664 W fb4a.ServiceInfoParser: X.4CE: Service com.facebook.googleplay.GooglePlayInstallRefererService is missing meta key com.facebook.common.jobscheduler.compat.jobIds
10-22 20:38:11.733 11315 11664 W fb4a.ServiceInfoParser: X.4CE: Service com.facebook.oxygen.preloads.sdk.firstparty.managedappcache.IsManagedAppCacheJobService is missing meta key com.facebook.common.jobscheduler.compat.jobIds
10-22 20:38:11.733 11315 11664 W fb4a.ServiceInfoParser: X.4CE: Service com.facebook.orca.notify.MessagesNotificationService is missing meta key com.facebook.common.jobscheduler.compat.jobIds
10-22 20:38:11.734 11315 11664 W fb4a.ServiceInfoParser: X.4CE: Service com.facebook.push.negativefeedback.PushNegativeFeedbackFbJobIntentService is missing meta key com.facebook.common.jobscheduler.compat.jobIds
10-22 20:38:11.734 11190 11489 I BatteryMgr:DataCollectionService: stats => 1697999891734,-324,4308,-204,0,100
10-22 20:38:11.734 11315 11664 W fb4a.ServiceInfoParser: X.4CE: Service com.facebook.push.fcm.FcmRegistrarFbJobIntentService is missing meta key com.facebook.common.jobscheduler.compat.jobIds
10-22 20:38:11.742 11315 11664 W fb4a.ServiceInfoParser: X.4CE: Service com.facebook.messaging.prefs.notifications.NotificationPrefsSyncService is missing meta key com.facebook.common.jobscheduler.compat.jobIds
10-22 20:38:11.742 11315 11664 W fb4a.ServiceInfoParser: X.4CE: Service androidx.work.impl.background.systemjob.SystemJobService is missing meta key com.facebook.common.jobscheduler.compat.jobIds
10-22 20:38:11.743 11315 11664 W fb4a.ServiceInfoParser: X.4CE: Service com.facebook.voltron.download.scheduledinstaller.OxygenScheduledInstallerJobService is missing meta key com.facebook.common.jobscheduler.compat.jobIds
10-22 20:38:11.743 11315 11664 W fb4a.ServiceInfoParser: X.4CE: Service com.google.android.gms.analytics.AnalyticsJobService is missing meta key com.facebook.common.jobscheduler.compat.jobIds
10-22 20:38:11.745  3957  5415 D WifiService: getConnectionInfo uid=10103
10-22 20:38:11.749  3957  5415 D WifiService: getConnectionInfo uid=10103
10-22 20:38:11.754  3957  5415 D ConnectivityService: filterNetworkStateForUid() uid: 10103 networkInfo: [type: WIFI[] - WIFI, state: CONNECTED/CONNECTED, reason: (unspecified), extra: "ourhome", failover: false, available: true, roaming: false, metered: false]
10-22 20:38:11.754  3957  5415 D WifiService: getConnectionInfo uid=1000
10-22 20:38:11.755  3957  5415 D ConnectivityService: filterNetworkStateForUid() uid: 10103 networkInfo: [type: WIFI[] - WIFI, state: CONNECTED/CONNECTED, reason: (unspecified), extra: "ourhome", failover: false, available: true, roaming: false, metered: false]
10-22 20:38:11.755  3957  5415 D WifiService: getConnectionInfo uid=1000
10-22 20:38:11.759  3957  3972 W BroadcastQueue: Permission Denial: broadcasting Intent { act=android.net.conn.CONNECTIVITY_CHANGE flg=0x4000010 (has extras) } from null (pid=-1, uid=-1) requires com.facebook.permission.prod.FB_APP_COMMUNICATION due to registered receiver BroadcastFilter{83994f1 u0 ReceiverList{711a498 11315 com.facebook.katana/10103/u0 remote:a5d1e7b}}
10-22 20:38:11.842 11190 11489 I BatteryMgr:DataCollectionService: stats => 1697999891842,-324,4308,-204,0,100
10-22 20:38:11.952 11190 11489 I BatteryMgr:DataCollectionService: stats => 1697999891951,-324,4308,-204,0,100
10-22 20:38:11.995  3957  5415 D ConnectivityService: filterNetworkStateForUid() uid: 10169 networkInfo: [type: WIFI[] - WIFI, state: CONNECTED/CONNECTED, reason: (unspecified), extra: "ourhome", failover: false, available: true, roaming: false, metered: false]
10-22 20:38:11.995  3957  5415 D WifiService: getConnectionInfo uid=1000
10-22 20:38:12.025  3957  5415 D PackageManager: setEnabledSetting : userId = 0 packageName = com.facebook.katana cmp = com.facebook.fbpay.w3c.ipc.IsReadyToPayServiceImpl newState = 1 callingPackage = 10103/com.facebook.katana
10-22 20:38:12.031  3957  5415 D PackageManager: setEnabledSetting : userId = 0 packageName = com.facebook.katana cmp = com.facebook.fbpay.w3c.ipc.FBPaymentServiceImpl newState = 1 callingPackage = 10103/com.facebook.katana
10-22 20:38:12.035  3957  5415 D PackageManager: setEnabledSetting : userId = 0 packageName = com.facebook.katana cmp = com.facebook.fbpay.w3c.views.PaymentActivity newState = 1 callingPackage = 10103/com.facebook.katana
10-22 20:38:12.044 11315 11321 I zygote  : Method exceeds compiler instruction limit: 26848 in int X.1Up.A00(java.lang.String)
10-22 20:38:12.059 11190 11489 I BatteryMgr:DataCollectionService: stats => 1697999892058,-324,4308,-204,0,100
10-22 20:38:12.073  3957  4129 D WifiStateMachine:  ConnectedState !CMD_RSSI_POLL rt=606298657/1662274130 122 0 "ourhome" f4:6d:2f:12:cc:88 rssi=-46 f=5240 sc=60 link=433 tx=247.6, 11.1, 0.0  rx=291.4 bcn=626562 [on:0 tx:0 rx:0 period:768] from screen [on:918317 period:4835741] score=60
10-22 20:38:12.074  3957  4129 D WifiStateMachine:  L2ConnectedState !CMD_RSSI_POLL rt=606298659/1662274131 122 0 "ourhome" f4:6d:2f:12:cc:88 rssi=-46 f=5240 sc=60 link=433 tx=247.6, 11.1, 0.0  rx=291.4 bcn=626562 [on:0 tx:0 rx:0 period:1] from screen [on:918317 period:4835742] score=60
10-22 20:38:12.074  3957  4129 D WifiStateMachine:  get link layer stats 3
10-22 20:38:12.075  3436  3436 I android.hardware.wifi@1.0-service: getLinkLayerStats
10-22 20:38:12.081 11315 11663 D skia    : --- SkAndroidCodec::NewFromStream returned null
10-22 20:38:12.082 11315 11587 D skia    : --- SkAndroidCodec::NewFromStream returned null
10-22 20:38:12.082  3957  4129 D WifiStateMachine: fetchRssiLinkSpeedAndFrequencyNative rssi=-50 linkspeed=433 freq=5240
10-22 20:38:12.082  3957  4129 V WifiConfigManager: Updating scan detail cache freq=5240 BSSID=f4:6d:2f:12:cc:88 RSSI=-48 for "ourhome"WPA_PSK
10-22 20:38:12.087  4340  4340 E SignalClusterView: setSlotFocusVisible : subId -2
10-22 20:38:12.087  4340  4340 E SignalClusterView: setSlotFocusVisible : subId -2
10-22 20:38:12.088 11315 11663 D skia    : --- SkAndroidCodec::NewFromStream returned null
10-22 20:38:12.097 11315 11664 D skia    : --- SkAndroidCodec::NewFromStream returned null
10-22 20:38:12.163 11315 11664 W fb4a.Fixie: Initialize FB4A_APP_INIT on thread: CombinedTP15
10-22 20:38:12.163 11315 11664 W fb4a.Fixie: No fixes for FB4A_APP_INIT
10-22 20:38:12.166 11190 11489 I BatteryMgr:DataCollectionService: stats => 1697999892166,-324,4308,-204,0,100
10-22 20:38:12.199  4961  4961 D io_stats: !@ 179,0 r 10496830 345575912 w 2191001 42764012 d 176790 37414396 f 643650 669244 iot 4781596 4117117 th 51200 0 0 pt 0 inp 0 0 606298.784
10-22 20:38:12.234  3957  5415 D PackageManager: setEnabledSetting : userId = 0 packageName = com.facebook.katana cmp = com.facebook.inspiration.fbshorts.shareintent.InpirationFbShortsShareAlias newState = 1 callingPackage = 10103/com.facebook.katana
10-22 20:38:12.240  3957  5415 D PackageManager: setEnabledSetting : userId = 0 packageName = com.facebook.katana cmp = com.facebook.inspiration.fbshorts.shareintent.InpirationFbShortsSharePhotoAlias newState = 2 callingPackage = 10103/com.facebook.katana
10-22 20:38:12.246  3957  5415 D PackageManager: setEnabledSetting : userId = 0 packageName = com.facebook.katana cmp = com.facebook.inspiration.fbshorts.shareintent.InpirationFbShortsShareMultipleAlias newState = 1 callingPackage = 10103/com.facebook.katana
10-22 20:38:12.258  3957  5415 D PackageManager: setEnabledSetting : userId = 0 packageName = com.facebook.katana cmp = com.facebook.inspiration.platformsharing.activity.InspirationCameraExternalShareActivity newState = 1 callingPackage = 10103/com.facebook.katana
10-22 20:38:12.269  3957  4084 D InputReader: Input event(3): value=1 when=606298854522000
10-22 20:38:12.269  3957  4084 D InputReader: Input event(3): value=1 when=606298854522000
10-22 20:38:12.269  3957  4084 I InputReader: Touch event's action is 0x0 (deviceType=0) [pCnt=1, s=0.2501 ] when=606298854522000
10-22 20:38:12.269  3957  4083 I InputDispatcher: Delivering touch to (4340): action: 0x4, toolType: 1
10-22 20:38:12.270  3957  4083 I InputDispatcher: Delivering touch to (11236): action: 0x0, toolType: 1
10-22 20:38:12.271 11236 11236 D ViewRootImpl@bc73a50[App]: ViewPostIme pointer 0
10-22 20:38:12.275  3957  6478 D SSRM:k  : SIOP:: AP = 420, PST = 381 (W:10), BAT = 328, USB = 0, CHG = 0
10-22 20:38:12.277 11190 11489 I BatteryMgr:DataCollectionService: stats => 1697999892277,-324,4308,-204,0,100
10-22 20:38:12.295  3957  4129 D WifiStateMachine:  ConnectedState !RSSI_PKTCNT_FETCH uid=1000 rt=606298880/1662274352 0 0 "ourhome" f4:6d:2f:12:cc:88 rssi=-50 f=5240 sc=60 link=433 tx=232.7, 4.1, 0.0  rx=306.4 bcn=626592 [on:0 tx:0 rx:0 period:210] from screen [on:920144 period:4835963] score=60
10-22 20:38:12.296  3957  4129 D WifiStateMachine:  L2ConnectedState !RSSI_PKTCNT_FETCH uid=1000 rt=606298881/1662274353 0 0 "ourhome" f4:6d:2f:12:cc:88 rssi=-50 f=5240 sc=60 link=433 tx=232.7, 4.1, 0.0  rx=306.4 bcn=626592 [on:0 tx:0 rx:0 period:0] from screen [on:920144 period:4835963] score=60
10-22 20:38:12.298  3957  4129 D WifiStateMachine: fetchRssiLinkSpeedAndFrequencyNative rssi=-49 linkspeed=433 freq=5240
10-22 20:38:12.298  3957  4129 V WifiConfigManager: Updating scan detail cache freq=5240 BSSID=f4:6d:2f:12:cc:88 RSSI=-48 for "ourhome"WPA_PSK
10-22 20:38:12.324  3957  4084 D InputReader: Input event(3): value=0 when=606298909608000
10-22 20:38:12.324  3957  4084 D InputReader: Input event(3): value=0 when=606298909608000
10-22 20:38:12.324  3957  4084 I InputReader: Touch event's action is 0x1 (deviceType=0) [pCnt=1, s=] when=606298909608000
10-22 20:38:12.324  3957  4083 I InputDispatcher: Delivering touch to (11236): action: 0x1, toolType: 1
10-22 20:38:12.325 11236 11236 D ViewRootImpl@bc73a50[App]: ViewPostIme pointer 1
10-22 20:38:12.343  4340  4731 D NetworkController.MobileSignalController(0/-2): onSignalStrengthsChanged signalStrength=SignalStrength: 22 99 -22 -200 -22 -200 -1 99 2147483647 2147483647 2147483647 2147483647 0 2147483647 0x4 P gsm|lte level=4
10-22 20:38:12.347  3957 10057 D ConnectivityService: filterNetworkStateForUid() uid: 10169 networkInfo: [type: WIFI[] - WIFI, state: CONNECTED/CONNECTED, reason: (unspecified), extra: "ourhome", failover: false, available: true, roaming: false, metered: false]
10-22 20:38:12.347  3957 10057 D WifiService: getConnectionInfo uid=1000
10-22 20:38:12.359  4340  4731 D NetworkController.MobileSignalController(0/-2): getMobileIconGroup(): 0
10-22 20:38:12.376  3957 10057 D ConnectivityService: filterNetworkStateForUid() uid: 10169 networkInfo: [type: WIFI[] - WIFI, state: CONNECTED/CONNECTED, reason: (unspecified), extra: "ourhome", failover: false, available: true, roaming: false, metered: false]
10-22 20:38:12.376  3957 10057 D WifiService: getConnectionInfo uid=1000
10-22 20:38:12.394 11190 11489 I BatteryMgr:DataCollectionService: stats => 1697999892393,-324,4308,-204,0,100
10-22 20:38:12.399  3957  4128 D WifiService: getConnectionInfo uid=1000
10-22 20:38:12.401  3957  4030 D SensorService: [SO] 0.206 -0.096 9.974
10-22 20:38:12.514 11190 11489 I BatteryMgr:DataCollectionService: stats => 1697999892514,-324,4308,-204,0,100
10-22 20:38:12.605  3957  5415 D PackageManager: setEnabledSetting : userId = 0 packageName = com.facebook.katana cmp = androidx.work.impl.background.systemjob.SystemJobService newState = 1 callingPackage = 10103/com.facebook.katana
10-22 20:38:12.623  3957  3972 D StorageManagerService: getExternalStorageMountMode : 1
10-22 20:38:12.624  3957  3972 D StorageManagerService: getExternalStorageMountMode : 3
10-22 20:38:12.624  3957  3972 D StorageManagerService: getExternalStorageMountMode : final mountMode=1, uid : 10003, packageName : com.sec.android.provider.badge
10-22 20:38:12.625  3957  3972 I ApplicationPolicy: isApplicationExternalStorageWhitelisted:com.sec.android.provider.badge user:0
10-22 20:38:12.625  3957  3972 D ApplicationPolicy: isApplicationExternalStorageWhitelisted: DO is not enabled on user 0. Allowed.
10-22 20:38:12.625  3957  3972 D ActivityManager: package  com.sec.android.provider.badge, user - 0 is SDcard whitelisted
10-22 20:38:12.625  3957  3972 I ApplicationPolicy: isApplicationExternalStorageBlacklisted:com.sec.android.provider.badge user:0
10-22 20:38:12.625  3957  3972 D ApplicationPolicy: isApplicationExternalStorageBlacklisted: DO is not enabled on user 0. Allowed.
10-22 20:38:12.627 11190 11489 I BatteryMgr:DataCollectionService: stats => 1697999892627,-324,4308,-204,0,100
10-22 20:38:12.669 12009 12009 E Zygote  : isWhitelistProcess - Process is Whitelisted
10-22 20:38:12.670 12009 12009 E libpersona: scanKnoxPersonas
10-22 20:38:12.670 12009 12009 E libpersona: Couldn't open the File - /data/system/users/0/personalist.xml - No such file or directory
10-22 20:38:12.674  3957  3972 W ActivityManager: Slow operation: 52ms so far, now at startProcess: returned from zygote!
10-22 20:38:12.675  3957  3972 W ActivityManager: Slow operation: 52ms so far, now at startProcess: done updating battery stats
10-22 20:38:12.675  3957  3972 W ActivityManager: Slow operation: 53ms so far, now at startProcess: building log message
10-22 20:38:12.675  3957  3972 I ActivityManager: Start proc 12009:com.sec.android.provider.badge/u0a3 for broadcast com.sec.android.provider.badge/.BadgeCountReceiver
10-22 20:38:12.675  3957  3972 W ActivityManager: Slow operation: 53ms so far, now at startProcess: starting to update pids map
10-22 20:38:12.675  3957  3972 W ActivityManager: Slow operation: 53ms so far, now at startProcess: done updating pids map
10-22 20:38:12.675  3957  3972 W ActivityManager: Slow operation: 54ms so far, now at startProcess: done starting proc!
10-22 20:38:12.708 12009 12009 W SELinux : SELinux selinux_android_compute_policy_index : Policy Index[2],  Con:u:r:zygote:s0 RAM:SEPF_SM-J720F_8.0.0_0002, [-1 -1 -1 -1 0 1]
10-22 20:38:12.719 12009 12009 I SELinux : SELinux: seapp_context_lookup: seinfo=platform, level=s0:c512,c768, pkgname=com.sec.android.provider.badge 
10-22 20:38:12.741 11190 11489 I BatteryMgr:DataCollectionService: stats => 1697999892741,-324,4308,-204,0,100
10-22 20:38:12.776 12009 12009 D TimaKeyStoreProvider: TimaKeyStore is not enabled: cannot add TimaSignature Service and generateKeyPair Service
10-22 20:38:12.777 12009 12009 D ActivityThread: Added TimaKeyStore provider
10-22 20:38:12.784  3957  5415 I ActivityManager: DSS on for com.sec.android.provider.badge and scale is 1.0
10-22 20:38:12.823  3957 10057 D ConnectivityService: filterNetworkStateForUid() uid: 10025 networkInfo: [type: WIFI[] - WIFI, state: CONNECTED/CONNECTED, reason: (unspecified), extra: "ourhome", failover: false, available: true, roaming: false, metered: false]
10-22 20:38:12.823  3957 10057 D WifiService: getConnectionInfo uid=1000
10-22 20:38:12.854 11190 11489 I BatteryMgr:DataCollectionService: stats => 1697999892854,-324,4308,-204,0,100
10-22 20:38:12.865 12009 12009 I zygote64: no shared libraies, dex_files: 1
10-22 20:38:12.939 12009 12009 D BadgeProvider: onCreate
10-22 20:38:12.939 12009 12009 D BadgeProvider: DatabaseHelper
10-22 20:38:12.949 12009 12009 D BadgeCountReceiver: badge intent : Intent { act=android.intent.action.BADGE_COUNT_UPDATE flg=0x10 cmp=com.sec.android.provider.badge/.BadgeCountReceiver (has extras) }
10-22 20:38:12.950 12009 12009 D BadgeCountReceiver: packageName: com.facebook.katana, className: com.facebook.katana.LoginActivity, count: 0
10-22 20:38:12.965 11190 11489 I BatteryMgr:DataCollectionService: stats => 1697999892965,-324,4308,-204,0,100
10-22 20:38:12.966 12009 12009 D BadgeProvider: onOpen
10-22 20:38:12.968 12009 12009 D BaseReflect: null getOwnClass TEST
10-22 20:38:12.968 12009 12009 D MethodReflector: android.content.ContentResolver getClass TEST
10-22 20:38:12.968 12009 12009 D BaseReflect: class android.content.ContentResolver isSupportClass TEST
10-22 20:38:12.968 12009 12009 D BaseReflect: class android.content.ContentResolver getOwnClass TEST
10-22 20:38:12.972 12009 12009 D MethodReflector: notifyChange is called
10-22 20:38:12.973 12009 12009 D BadgeProvider: sendNotify entered. [uri] : content://com.sec.badge/apps
10-22 20:38:12.973 12009 12009 D BadgeProvider: sendNotify, [notify] : null
10-22 20:38:12.973 12009 12009 D BadgeProvider: update, getCallingPackage() : com.sec.android.provider.badge
10-22 20:38:12.973 12009 12009 D BadgeProvider: update, [uri] : content://com.sec.badge/apps
10-22 20:38:12.973 12009 12009 D BadgeProvider: update, [uri.query] : null
10-22 20:38:12.973 12009 12009 D BadgeProvider: update, [BadgeCount] : badgecount=0
10-22 20:38:12.973 12009 12009 D BadgeProvider: update, [UpdateCount] : 1
10-22 20:38:13.075 11190 11489 I BatteryMgr:DataCollectionService: stats => 1697999893074,-324,4308,-204,0,100
10-22 20:38:13.182  6672  6672 D Notification.Badge: reloadBadges() entered.
10-22 20:38:13.183 11190 11489 I BatteryMgr:DataCollectionService: stats => 1697999893183,-324,4308,-204,0,100
10-22 20:38:13.195 11879 11879 I Finsky:background: [2] tys.onTrimMemory(13): Memory trim requested to level 80
10-22 20:38:13.204 12009 12030 D BadgeProvider: query, [selection] : null
10-22 20:38:13.210  6672  6704 D BadgeCache: 1. updateBadgeCounts: com.samsung.android.messaging = 0
10-22 20:38:13.210  6672  6704 D BadgeCache: 1. updateBadgeCounts: com.samsung.android.scloud = 1
10-22 20:38:13.210  6672  6704 D BadgeCache: 2. updateBadgeCounts: com.samsung.android.scloud/.app.ui.splash.launcher = 1
10-22 20:38:13.210  6672  6704 D BadgeCache: 1. updateBadgeCounts: com.samsung.android.voc = 0
10-22 20:38:13.210  6672  6704 D BadgeCache: 1. updateBadgeCounts: com.sec.android.app.sbrowser = -1
10-22 20:38:13.210  6672  6704 D BadgeCache: 2. updateBadgeCounts: com.sec.android.app.sbrowser/.SBrowserMainActivity = -1
10-22 20:38:13.210  6672  6704 D BadgeCache: 1. updateBadgeCounts: com.sec.android.app.samsungapps = 1
10-22 20:38:13.210  6672  6704 D BadgeCache: 2. updateBadgeCounts: com.sec.android.app.samsungapps/.SamsungAppsMainActivity = 1
10-22 20:38:13.210  6672  6704 D BadgeCache: 1. updateBadgeCounts: com.samsung.android.samsungpass = 1
10-22 20:38:13.210  6672  6704 D BadgeCache: 2. updateBadgeCounts: com.samsung.android.samsungpass/.launcher.EntryLauncher = 1
10-22 20:38:13.210  6672  6704 D BadgeCache: 1. updateBadgeCounts: com.google.android.youtube = 72
10-22 20:38:13.210  6672  6704 D BadgeCache: 2. updateBadgeCounts: com.google.android.youtube/.app.honeycomb.Shell$HomeActivity = 72
10-22 20:38:13.210  6672  6704 D BadgeCache: 1. updateBadgeCounts: com.facebook.katana = 0
10-22 20:38:13.210  6672  6704 D BadgeCache: 1. updateBadgeCounts: com.instagram.android = 0
10-22 20:38:13.210  6672  6704 D BadgeCache: 1. updateBadgeCounts: com.twitter.android = 14
10-22 20:38:13.211  6672  6704 D BadgeCache: 2. updateBadgeCounts: com.twitter.android/.StartActivity = 14
10-22 20:38:13.211  6672  6704 D BadgeCache: 1. updateBadgeCounts: nl.marktplaats.android = 0
10-22 20:38:13.215  6672  6704 D BadgeCache: updateBadgeCounts(), tempBadges.size() : [6], user : [UserHandle{0}]
10-22 20:38:13.215  6672  6704 D BadgeCache: updateBadgeCounts(), final size : 6
10-22 20:38:13.215  6672  6704 D Notification.Badge: reloadBadges(), badges count : 6
10-22 20:38:13.297 11190 11489 I BatteryMgr:DataCollectionService: stats => 1697999893297,-324,4308,-204,0,100
10-22 20:38:13.298  3957  4129 D WifiStateMachine:  ConnectedState !RSSI_PKTCNT_FETCH uid=1000 rt=606299882/1662275354 0 0 "ourhome" f4:6d:2f:12:cc:88 rssi=-49 f=5240 sc=60 link=433 tx=232.7, 4.1, 0.0  rx=306.4 bcn=626592 [on:0 tx:0 rx:0 period:1003] from screen [on:920144 period:4836966] score=60
10-22 20:38:13.300  3957  4129 D WifiStateMachine:  L2ConnectedState !RSSI_PKTCNT_FETCH uid=1000 rt=606299883/1662275356 0 0 "ourhome" f4:6d:2f:12:cc:88 rssi=-49 f=5240 sc=60 link=433 tx=232.7, 4.1, 0.0  rx=306.4 bcn=626592 [on:0 tx:0 rx:0 period:2] from screen [on:920144 period:4836968] score=60
10-22 20:38:13.304  3957  4129 D WifiStateMachine: fetchRssiLinkSpeedAndFrequencyNative rssi=-47 linkspeed=433 freq=5240
10-22 20:38:13.304  3957  4129 V WifiConfigManager: Updating scan detail cache freq=5240 BSSID=f4:6d:2f:12:cc:88 RSSI=-47 for "ourhome"WPA_PSK
10-22 20:38:13.383  3957  4084 D InputReader: Input event(3): value=1 when=606299969037000
10-22 20:38:13.383  3957  4084 D InputReader: Input event(3): value=1 when=606299969037000
10-22 20:38:13.383  3957  4084 I InputReader: Touch event's action is 0x0 (deviceType=0) [pCnt=1, s=0.2502 ] when=606299969037000
10-22 20:38:13.384  3957  4083 I InputDispatcher: Delivering touch to (4340): action: 0x4, toolType: 1
10-22 20:38:13.384  3957  4083 I InputDispatcher: Delivering touch to (11236): action: 0x0, toolType: 1
10-22 20:38:13.385 11236 11236 D ViewRootImpl@bc73a50[App]: ViewPostIme pointer 0
10-22 20:38:13.403  3957  4128 D WifiService: getConnectionInfo uid=1000
10-22 20:38:13.410 11190 11489 I BatteryMgr:DataCollectionService: stats => 1697999893409,-324,4308,-204,0,100
10-22 20:38:13.419  3957  4084 D InputReader: Input event(3): value=0 when=606300005097000
10-22 20:38:13.419  3957  4084 D InputReader: Input event(3): value=0 when=606300005097000
10-22 20:38:13.419  3957  4084 I InputReader: Touch event's action is 0x1 (deviceType=0) [pCnt=1, s=] when=606300005097000
10-22 20:38:13.420  3957  4083 I InputDispatcher: Delivering touch to (11236): action: 0x1, toolType: 1
10-22 20:38:13.420 11236 11236 D ViewRootImpl@bc73a50[App]: ViewPostIme pointer 1
10-22 20:38:13.518 11190 11489 I BatteryMgr:DataCollectionService: stats => 1697999893517,-324,4308,-204,0,100
10-22 20:38:13.561  3957 10057 D ConnectivityService: filterNetworkStateForUid() uid: 10169 networkInfo: [type: WIFI[] - WIFI, state: CONNECTED/CONNECTED, reason: (unspecified), extra: "ourhome", failover: false, available: true, roaming: false, metered: false]
10-22 20:38:13.562  3957 10057 D WifiService: getConnectionInfo uid=1000
10-22 20:38:13.601  3599  3918 D DnsProxyListener: DNSDBG::dns addrinfo af 0
10-22 20:38:13.602  3599  3918 I chatty  : uid=0(root) /system/bin/netd identical 2 lines
10-22 20:38:13.604  3599  3918 D DnsProxyListener: DNSDBG::dns addrinfo af 0
10-22 20:38:13.614 11236 11236 I GeckoSession: handleMessage GeckoView:PageStart uri=
10-22 20:38:13.628 11190 11489 I BatteryMgr:DataCollectionService: stats => 1697999893627,-324,4308,-204,0,100
10-22 20:38:13.679  3957 10057 D ConnectivityService: filterNetworkStateForUid() uid: 10169 networkInfo: [type: WIFI[] - WIFI, state: CONNECTED/CONNECTED, reason: (unspecified), extra: "ourhome", failover: false, available: true, roaming: false, metered: false]
10-22 20:38:13.679  3957 10057 D WifiService: getConnectionInfo uid=1000
10-22 20:38:13.692  6413  6468 D ScanRecord: Not a Multi Manu data
10-22 20:38:13.736  6413  6468 I chatty  : uid=1002(bluetooth) BT Service Call identical 76 lines
10-22 20:38:13.736  6413  6468 D ScanRecord: Not a Multi Manu data
10-22 20:38:13.738 11190 11489 I BatteryMgr:DataCollectionService: stats => 1697999893737,-324,4308,-204,0,100
10-22 20:38:13.750  6413  6468 D ScanRecord: Not a Multi Manu data
10-22 20:38:13.836  6413  6468 I chatty  : uid=1002(bluetooth) BT Service Call identical 63 lines
10-22 20:38:13.836  6413  6468 D ScanRecord: Not a Multi Manu data
10-22 20:38:13.847 11190 11489 I BatteryMgr:DataCollectionService: stats => 1697999893846,-324,4308,-204,0,100
10-22 20:38:13.852  6413  6468 D ScanRecord: Not a Multi Manu data
10-22 20:38:13.930  6413  6468 I chatty  : uid=1002(bluetooth) BT Service Call identical 115 lines
10-22 20:38:13.930  6413  6468 D ScanRecord: Not a Multi Manu data
10-22 20:38:13.934  3957 10057 D PackageManager: setEnabledSetting : userId = 0 packageName = com.facebook.katana cmp = com.facebook.notifications.settings.InAppNotificationSettingsActivity newState = 1 callingPackage = 10103/com.facebook.katana
10-22 20:38:13.936  6413  6468 D ScanRecord: Not a Multi Manu data
10-22 20:38:13.956  6413  6468 I chatty  : uid=1002(bluetooth) BT Service Call identical 37 lines
10-22 20:38:13.956  6413  6468 D ScanRecord: Not a Multi Manu data
10-22 20:38:13.956 11190 11489 I BatteryMgr:DataCollectionService: stats => 1697999893955,-324,4308,-204,0,100
10-22 20:38:13.963  6413  6468 D ScanRecord: Not a Multi Manu data
10-22 20:38:14.062  6413  6468 I chatty  : uid=1002(bluetooth) BT Service Call identical 141 lines
10-22 20:38:14.062  6413  6468 D ScanRecord: Not a Multi Manu data
10-22 20:38:14.067 11190 11489 I BatteryMgr:DataCollectionService: stats => 1697999894067,-324,4308,-204,0,100
10-22 20:38:14.070  6413  6468 D ScanRecord: Not a Multi Manu data
10-22 20:38:14.165  6413  6468 I chatty  : uid=1002(bluetooth) BT Service Call identical 219 lines
10-22 20:38:14.165  6413  6468 D ScanRecord: Not a Multi Manu data
10-22 20:38:14.170  3957  5415 I SamsungAlarmManager: setLocked to kernel - T:2 / 20231022T204310, SetElapsed=1662572284, nowELAPSED=1662276228
10-22 20:38:14.177  3957  5415 D SamsungAlarmManager: setInexact Listener (T:2/F:0/AC:false) 20231022T204025 - CU:1000/CP:3957
10-22 20:38:14.177  3957  5415 I SamsungAlarmManager: setLocked to kernel - T:2 / 20231022T204025, SetElapsed=1662407520, nowELAPSED=1662276235
10-22 20:38:14.178 11190 11489 I BatteryMgr:DataCollectionService: stats => 1697999894178,-324,4308,-204,0,100
10-22 20:38:14.180  6413  6468 D ScanRecord: Not a Multi Manu data
10-22 20:38:14.180  6413  6468 I chatty  : uid=1002(bluetooth) BT Service Call identical 11 lines
10-22 20:38:14.180  6413  6468 D ScanRecord: Not a Multi Manu data
10-22 20:38:14.182  3957  5415 D SamsungAlarmManager: setInexact Listener (T:2/F:0/AC:false) 20231022T204525 - CU:1000/CP:3957
10-22 20:38:14.183  3957  5415 D ConnectivityService: filterNetworkStateForUid() uid: 10103 networkInfo: [type: WIFI[] - WIFI, state: CONNECTED/CONNECTED, reason: (unspecified), extra: "ourhome", failover: false, available: true, roaming: false, metered: false]
10-22 20:38:14.183  3957  5415 D WifiService: getConnectionInfo uid=1000
10-22 20:38:14.289 11190 11489 I BatteryMgr:DataCollectionService: stats => 1697999894289,-324,4308,-204,0,100
10-22 20:38:14.302  3957  4129 D WifiStateMachine:  ConnectedState !RSSI_PKTCNT_FETCH uid=1000 rt=606300886/1662276358 0 0 "ourhome" f4:6d:2f:12:cc:88 rssi=-47 f=5240 sc=60 link=433 tx=232.7, 4.1, 0.0  rx=306.4 bcn=626592 [on:0 tx:0 rx:0 period:1002] from screen [on:920144 period:4837970] score=60
10-22 20:38:14.303  3957  4129 D WifiStateMachine:  L2ConnectedState !RSSI_PKTCNT_FETCH uid=1000 rt=606300888/1662276360 0 0 "ourhome" f4:6d:2f:12:cc:88 rssi=-47 f=5240 sc=60 link=433 tx=232.7, 4.1, 0.0  rx=306.4 bcn=626592 [on:0 tx:0 rx:0 period:1] from screen [on:920144 period:4837971] score=60
10-22 20:38:14.305  3957  4129 D WifiStateMachine: fetchRssiLinkSpeedAndFrequencyNative rssi=-48 linkspeed=433 freq=5240
10-22 20:38:14.305  3957  4129 V WifiConfigManager: Updating scan detail cache freq=5240 BSSID=f4:6d:2f:12:cc:88 RSSI=-47 for "ourhome"WPA_PSK
10-22 20:38:14.306  6229  6229 D BoundBrokerSvc: onBind: Intent { act=com.google.android.gms.phenotype.service.START pkg=com.google.android.gms }
10-22 20:38:14.306  6229  6229 D BoundBrokerSvc: Loading bound service for intent: Intent { act=com.google.android.gms.phenotype.service.START pkg=com.google.android.gms }
10-22 20:38:14.353 11315 11659 W fb4a.SyncInitializer: Start regular sync initialization
10-22 20:38:14.362  3957  5415 D PackageManager: setEnabledSetting : userId = 0 packageName = com.facebook.katana cmp = com.facebook.rti.orca.FbnsLiteBroadcastReceiver newState = 2 callingPackage = 10103/com.facebook.katana
10-22 20:38:14.405  3957  4128 D WifiService: getConnectionInfo uid=1000
10-22 20:38:14.413 11190 11489 I BatteryMgr:DataCollectionService: stats => 1697999894412,-324,4308,-204,0,100
10-22 20:38:14.437  3957 10057 D ConnectivityService: filterNetworkStateForUid() uid: 10020 networkInfo: [type: WIFI[] - WIFI, state: CONNECTED/CONNECTED, reason: (unspecified), extra: "ourhome", failover: false, available: true, roaming: false, metered: false]
10-22 20:38:14.437  3957 10057 D WifiService: getConnectionInfo uid=1000
10-22 20:38:14.452  3957  9632 D ConnectivityService: filterNetworkStateForUid() uid: 10169 networkInfo: [type: WIFI[] - WIFI, state: CONNECTED/CONNECTED, reason: (unspecified), extra: "ourhome", failover: false, available: true, roaming: false, metered: false]
10-22 20:38:14.452  3957  9632 D WifiService: getConnectionInfo uid=1000
10-22 20:38:14.453  3957 10057 D ConnectivityService: filterNetworkStateForUid() uid: 10020 networkInfo: [type: WIFI[] - WIFI, state: CONNECTED/CONNECTED, reason: (unspecified), extra: "ourhome", failover: false, available: true, roaming: false, metered: false]
10-22 20:38:14.453  3957 10057 D WifiService: getConnectionInfo uid=1000
10-22 20:38:14.494  3957 10057 D PackageManager: setEnabledSetting : userId = 0 packageName = com.facebook.katana cmp = com.facebook.timeline.stagingground.Fb4aProfilePictureShareActivityAlias newState = 1 callingPackage = 10103/com.facebook.katana
10-22 20:38:14.502  3957 10057 D PackageManager: setEnabledSetting : userId = 0 packageName = com.facebook.katana cmp = com.facebook.timeline.stagingground.WorkProfilePictureShareActivityAlias newState = 2 callingPackage = 10103/com.facebook.katana
10-22 20:38:14.521 11190 11489 I BatteryMgr:DataCollectionService: stats => 1697999894521,-324,4308,-204,0,100
10-22 20:38:14.571  3599  3918 D DnsProxyListener: DNSDBG::dns addrinfo af 0
10-22 20:38:14.575  3957 10057 D ConnectivityService: filterNetworkStateForUid() uid: 10169 networkInfo: [type: WIFI[] - WIFI, state: CONNECTED/CONNECTED, reason: (unspecified), extra: "ourhome", failover: false, available: true, roaming: false, metered: false]
10-22 20:38:14.575  3957 10057 D WifiService: getConnectionInfo uid=1000
10-22 20:38:14.629 11315 11587 W fb4a.MobileConfigFactoryImpl: Invalid param type used for: L544:237
10-22 20:38:14.629 11190 11489 I BatteryMgr:DataCollectionService: stats => 1697999894629,-324,4308,-204,0,100
10-22 20:38:14.668  3957  9632 D ConnectivityService: filterNetworkStateForUid() uid: 10103 networkInfo: [type: WIFI[] - WIFI, state: CONNECTED/CONNECTED, reason: (unspecified), extra: "ourhome", failover: false, available: true, roaming: false, metered: false]
10-22 20:38:14.669  3957  9632 D WifiService: getConnectionInfo uid=1000
10-22 20:38:14.669  3957  9632 D ConnectivityService: filterNetworkStateForUid() uid: 10103 networkInfo: [type: WIFI[] - WIFI, state: CONNECTED/CONNECTED, reason: (unspecified), extra: "ourhome", failover: false, available: true, roaming: false, metered: false]
10-22 20:38:14.670  3957  9632 D WifiService: getConnectionInfo uid=1000
10-22 20:38:14.693 11315 11659 E fb4a.ActionQueryTaskListener: 0 onTaskStart SYSTEM_PREFETCH modules: [s_cgwebrtc_horizon(*),cgwebrtc(*),cgnativeplayer]
10-22 20:38:14.694 11315 11550 E fb4a.ActionQueryTaskListener: 0 onTaskComplete [true,false,] SYSTEM_PREFETCH modules: [s_cgwebrtc_horizon(*),cgwebrtc(*),cgnativeplayer]
10-22 20:38:14.697 11315 11659 E fb4a.ActionQueryTaskListener: 1 onTaskStart FALLBACK_DOWNLOAD modules: [papaya,papayatorch,s_cgwebrtc_horizon,dittomodule,cgnativeplayer,s_papayaanalyticstorch_papayatorch,heliumiab,s_papayaanalyticstorch_papayatorch_torchedlooper,arservicesoptional,papayaanalyticstorch,cgwebrtc,i18n_en_GB,pytorch,s_papaya_torchedlooper,torchedlooper,rtcdeps,s_papayatorch_torchedlooper]
10-22 20:38:14.698 11315 11550 E fb4a.ActionQueryTaskListener: 1 onTaskComplete [true,false,] FALLBACK_DOWNLOAD modules: [papaya,papayatorch,s_cgwebrtc_horizon,dittomodule,cgnativeplayer,s_papayaanalyticstorch_papayatorch,heliumiab,s_papayaanalyticstorch_papayatorch_torchedlooper,arservicesoptional,papayaanalyticstorch,cgwebrtc,i18n_en_GB,pytorch,s_papaya_torchedlooper,torchedlooper,rtcdeps,s_papayatorch_torchedlooper]
10-22 20:38:14.700 11315 11659 E fb4a.ActionQueryTaskListener: 2 onTaskStart FALLBACK_DOWNLOAD modules: [s_internsettings_pytorch_smartcropnative]
10-22 20:38:14.701 11315 11550 E fb4a.ActionQueryTaskListener: 2 onTaskComplete [true,false,] FALLBACK_DOWNLOAD modules: [s_internsettings_pytorch_smartcropnative]
10-22 20:38:14.712 11315 11587 I zygote  : Deoptimizing java.lang.Object X.1Jx.A00(java.lang.Integer, java.lang.String, java.lang.String) due to JIT inline cache
