10-22 20:27:14.821 16638 16638 D wpa_supplicant: CTRL-EVENT-BSS-ADDED 3003 d8:47:32:b0:df:29
10-22 20:27:14.821 16638 16638 D wpa_supplicant: wlan0: BSS: Add new id 3004 BSSID 5c:a6:e6:81:ff:6b SSID 'TP-Link_FF6C' freq 2437
10-22 20:27:14.821 16638 16638 D wpa_supplicant: CTRL-EVENT-BSS-ADDED 3004 5c:a6:e6:81:ff:6b
10-22 20:27:14.821 16638 16638 D wpa_supplicant: wlan0: BSS: Add new id 3005 BSSID 40:0d:10:8a:78:61 SSID 'Ziggo3351857' freq 2462
10-22 20:27:14.821 16638 16638 D wpa_supplicant: CTRL-EVENT-BSS-ADDED 3005 40:0d:10:8a:78:61
10-22 20:27:14.821 16638 16638 D wpa_supplicant: wlan0: BSS: Add new id 3006 BSSID 24:f5:a2:18:bc:7b SSID 'Julide-gast' freq 2412
10-22 20:27:14.821 16638 16638 D wpa_supplicant: CTRL-EVENT-BSS-ADDED 3006 24:f5:a2:18:bc:7b
10-22 20:27:14.821 16638 16638 D wpa_supplicant: BSS: last_scan_res_used=32/256
10-22 20:27:14.821 16638 16638 D wpa_supplicant: wlan0: New scan results available (own=0 ext=1)
10-22 20:27:14.821 16638 16638 D wpa_supplicant: wlan0: Do not use results from externally requested scan operation for network selection
10-22 20:27:14.821 16638 16638 D wpa_supplicant: p2p0: Updating scan results from sibling
10-22 20:27:14.842 16638 16638 D wpa_supplicant: nl80211: Received scan results (32 BSSes)
10-22 20:27:14.842 16638 16638 D wpa_supplicant: p2p0: BSS: Start scan result update 168
10-22 20:27:14.842 16638 16638 D wpa_supplicant: p2p0: BSS: Add new id 3031 BSSID 70:4f:57:10:39:7e SSID 'Yes this one in 5G' freq 5180
10-22 20:27:14.842 16638 16638 D wpa_supplicant: CTRL-EVENT-BSS-ADDED 3031 70:4f:57:10:39:7e
10-22 20:27:14.842 16638 16638 D wpa_supplicant: p2p0: BSS: Add new id 3032 BSSID d8:07:b6:7a:b6:84 SSID 'TP-Link_B685_5G' freq 5180
10-22 20:27:14.842 16638 16638 D wpa_supplicant: CTRL-EVENT-BSS-ADDED 3032 d8:07:b6:7a:b6:84
10-22 20:27:14.842 16638 16638 D wpa_supplicant: p2p0: BSS: Add new id 3033 BSSID d8:07:b6:7a:b6:85 SSID 'TP-Link_B685' freq 2412
10-22 20:27:14.842 16638 16638 D wpa_supplicant: CTRL-EVENT-BSS-ADDED 3033 d8:07:b6:7a:b6:85
10-22 20:27:14.842 16638 16638 D wpa_supplicant: p2p0: BSS: Add new id 3034 BSSID 24:f5:a2:18:bc:7a SSID 'Julide' freq 2412
10-22 20:27:14.842 16638 16638 D wpa_supplicant: CTRL-EVENT-BSS-ADDED 3034 24:f5:a2:18:bc:7a
10-22 20:27:14.843 16638 16638 D wpa_supplicant: p2p0: BSS: Add new id 3035 BSSID 5c:a6:e6:82:d4:c6 SSID 'sa02w29.5G' freq 5220
10-22 20:27:14.843 16638 16638 D wpa_supplicant: CTRL-EVENT-BSS-ADDED 3035 5c:a6:e6:82:d4:c6
10-22 20:27:14.843 16638 16638 D wpa_supplicant: p2p0: BSS: Add new id 3036 BSSID 70:4f:57:10:39:7f SSID 'Yes this one' freq 2462
10-22 20:27:14.843 16638 16638 D wpa_supplicant: CTRL-EVENT-BSS-ADDED 3036 70:4f:57:10:39:7f
10-22 20:27:14.843 16638 16638 D wpa_supplicant: p2p0: BSS: Add new id 3037 BSSID 28:ee:52:e0:37:9e SSID 'TP-Link_37A0_5G' freq 5180
10-22 20:27:14.843 16638 16638 D wpa_supplicant: CTRL-EVENT-BSS-ADDED 3037 28:ee:52:e0:37:9e
10-22 20:27:14.843 16638 16638 D wpa_supplicant: p2p0: BSS: Add new id 3038 BSSID 82:ee:52:e0:37:98 SSID '\x00\x00\x00\x00\x00\x00\x00\x00\x00\x00\x00\x00\x00\x00\x00\x00\x00\x00\x00\x00\x00\x00\x00\x00\x00\x00\x00\x00\x00\x00' freq 5180
10-22 20:27:14.843 16638 16638 D wpa_supplicant: CTRL-EVENT-BSS-ADDED 3038 82:ee:52:e0:37:98
10-22 20:27:14.843 16638 16638 D wpa_supplicant: p2p0: BSS: Add new id 3039 BSSID 90:9a:4a:19:e6:bc SSID 'TP-Link_E6BC' freq 2457
10-22 20:27:14.843 16638 16638 D wpa_supplicant: CTRL-EVENT-BSS-ADDED 3039 90:9a:4a:19:e6:bc
10-22 20:27:14.843 16638 16638 D wpa_supplicant: p2p0: BSS: Add new id 3040 BSSID 40:0d:10:8a:78:67 SSID 'Ziggo3351857' freq 5220
10-22 20:27:14.843 16638 16638 D wpa_supplicant: CTRL-EVENT-BSS-ADDED 3040 40:0d:10:8a:78:67
10-22 20:27:14.843 16638 16638 D wpa_supplicant: p2p0: BSS: Add new id 3041 BSSID dc:fe:18:e0:07:f5 SSID 'xiaoqinggan' freq 2437
10-22 20:27:14.843 16638 16638 D wpa_supplicant: CTRL-EVENT-BSS-ADDED 3041 dc:fe:18:e0:07:f5
10-22 20:27:14.843 16638 16638 D wpa_supplicant: p2p0: BSS: Add new id 3042 BSSID 08:96:d7:a8:48:a1 SSID 'Aether' freq 2462
10-22 20:27:14.843 16638 16638 D wpa_supplicant: CTRL-EVENT-BSS-ADDED 3042 08:96:d7:a8:48:a1
10-22 20:27:14.843 16638 16638 D wpa_supplicant: p2p0: BSS: Add new id 3043 BSSID d8:47:32:b0:df:29 SSID 'Balkania' freq 2457
10-22 20:27:14.843 16638 16638 D wpa_supplicant: CTRL-EVENT-BSS-ADDED 3043 d8:47:32:b0:df:29
10-22 20:27:14.843 16638 16638 D wpa_supplicant: p2p0: BSS: Add new id 3044 BSSID 5c:a6:e6:81:ff:6b SSID 'TP-Link_FF6C' freq 2437
10-22 20:27:14.843 16638 16638 D wpa_supplicant: CTRL-EVENT-BSS-ADDED 3044 5c:a6:e6:81:ff:6b
10-22 20:27:14.843 16638 16638 D wpa_supplicant: p2p0: BSS: Add new id 3045 BSSID 40:0d:10:8a:78:61 SSID 'Ziggo3351857' freq 2462
10-22 20:27:14.843 16638 16638 D wpa_supplicant: CTRL-EVENT-BSS-ADDED 3045 40:0d:10:8a:78:61
10-22 20:27:14.843 16638 16638 D wpa_supplicant: p2p0: BSS: Add new id 3046 BSSID 24:f5:a2:18:bc:7b SSID 'Julide-gast' freq 2412
10-22 20:27:14.843 16638 16638 D wpa_supplicant: CTRL-EVENT-BSS-ADDED 3046 24:f5:a2:18:bc:7b
10-22 20:27:14.843 16638 16638 D wpa_supplicant: BSS: last_scan_res_used=32/256
10-22 20:27:14.843 16638 16638 D wpa_supplicant: p2p0: New scan results available (own=0 ext=1)
10-22 20:27:14.843 16638 16638 D wpa_supplicant: p2p0: Do not use results from externally requested scan operation for network selection
10-22 20:27:14.849  3957  4129 D WificondControl: get 32 scan results from wificond
10-22 20:27:14.850  3957  4129 I WifiStateMachine: There are no configured ssid["loveyuanyuan"] in scanResults
10-22 20:27:14.850  3957  4129 I WifiStateMachine: There are no configured ssid["VHL-474F035309D4"] in scanResults
10-22 20:27:14.850  3957  4149 D WificondControl: get 32 scan results from wificond
10-22 20:27:14.851  3957  4149 D WifiAsyncChannel.WifiScanningService: sendMessage message=159764
10-22 20:27:14.871  3957  4149 I chatty  : uid=1000(system) WifiScanningSer identical 62 lines
10-22 20:27:14.871  3957  4149 D WifiAsyncChannel.WifiScanningService: sendMessage message=159764
10-22 20:27:14.872  3957  4149 D WifiAsyncChannel.WifiScanningService: sendMessage message=159749
10-22 20:27:14.874  3957  4149 D WifiAsyncChannel.WifiScanningService: sendMessage message=159767
10-22 20:27:14.874  3957  4149 D WifiAsyncChannel.WifiScanningService: sendMessage message=159749
10-22 20:27:14.876  3957  4149 D WifiHandler.WifiScanningService: Received message=159773d sendingUid=1000
10-22 20:27:14.876  3957  4149 D WifiScanningService: replySucceeded recvdMessage=159773
10-22 20:27:14.891  7616  7633 D EventHandler_FLP: WIFI_SCAN_RESULTS
10-22 20:27:14.917  7669  7977 I BatteryMgr:DataCollectionService: stats => 1697999234916,-218,4308,70,0,100
10-22 20:27:14.949  3957  4602 D SamsungAlarmManager: Cancel Alarm calling from uid:10025 pid :6229 / listener:android.app.IAlarmListener$Stub$Proxy@2faa6b9
10-22 20:27:14.951  3957  4602 I SamsungAlarmManager: setLocked to kernel - T:2 / 20231022T202945, SetElapsed=1661767542, nowELAPSED=1661617009
10-22 20:27:14.958  3957  4602 D SamsungAlarmManager: setExact Listener (T:2/F:1/AC:false) 20231022T202912 - CU:10025/CP:6229
10-22 20:27:14.959  3957  4602 I SamsungAlarmManager: setLocked to kernel - T:2 / 20231022T202912, SetElapsed=1661734284, nowELAPSED=1661617017
10-22 20:27:14.960  3957  4602 W AlarmManager: Alarms must either supply a PendingIntent or an AlarmReceiver
10-22 20:27:14.985  3957  4602 D SamsungAlarmManager: setInexact Intent (T:2/F:0/AC:false) 20231022T202913 - CU:10025/CP:6229
10-22 20:27:15.008  7785  7790 I zygote  : Do full code cache collection, code=124KB, data=116KB
10-22 20:27:15.009  7785  7790 I zygote  : After code cache collection, code=105KB, data=65KB
10-22 20:27:15.026  7669  7977 I BatteryMgr:DataCollectionService: stats => 1697999235026,-218,4308,70,0,100
10-22 20:27:15.137  7669  7977 I BatteryMgr:DataCollectionService: stats => 1697999235137,-218,4308,70,0,100
10-22 20:27:15.166  3957  4602 D ConnectivityService: filterNetworkStateForUid() uid: 10103 networkInfo: [type: WIFI[] - WIFI, state: CONNECTED/CONNECTED, reason: (unspecified), extra: "ourhome", failover: false, available: true, roaming: false, metered: false]
10-22 20:27:15.166  3957  4602 D WifiService: getConnectionInfo uid=1000
10-22 20:27:15.245  7669  7977 I BatteryMgr:DataCollectionService: stats => 1697999235245,-218,4308,70,0,100
10-22 20:27:15.260  7785  8007 W DexLibLoader: ignoring dex metadata pragma [.locator_id 9]
10-22 20:27:15.263  7785  8007 W DexLibLoader: Build id used for apk identification
10-22 20:27:15.272  3957  4084 D InputReader: Input event(3): value=1 when=605641858155000
10-22 20:27:15.272  3957  4084 D InputReader: Input event(3): value=1 when=605641858155000
10-22 20:27:15.273  3957  4084 I InputReader: Touch event's action is 0x0 (deviceType=0) [pCnt=1, s=0.2490 ] when=605641858155000
10-22 20:27:15.273  3957  4083 I InputDispatcher: Delivering touch to (4340): action: 0x4, toolType: 1
10-22 20:27:15.273  3957  4083 I InputDispatcher: Delivering touch to (7714): action: 0x0, toolType: 1
10-22 20:27:15.274  7714  7714 D ViewRootImpl@8691813[App]: ViewPostIme pointer 0
10-22 20:27:15.275  7785  8007 V XZ      : XZ native library initialized.
10-22 20:27:15.281  7785  8007 V XZ      : Cleaning up XZ decoder state.
10-22 20:27:15.298  7785  8007 W DexLibLoader: Comparing new 1697283756948 to old 1697283756948
10-22 20:27:15.356  3957  4084 D InputReader: Input event(3): value=0 when=605641941669000
10-22 20:27:15.356  3957  4084 D InputReader: Input event(3): value=0 when=605641941669000
10-22 20:27:15.356  3957  4084 I InputReader: Touch event's action is 0x1 (deviceType=0) [pCnt=1, s=] when=605641941669000
10-22 20:27:15.356  3957  4083 I InputDispatcher: Delivering touch to (7714): action: 0x1, toolType: 1
10-22 20:27:15.356  7669  7977 I BatteryMgr:DataCollectionService: stats => 1697999235356,-218,4308,70,0,100
10-22 20:27:15.357  7714  7714 D ViewRootImpl@8691813[App]: ViewPostIme pointer 1
10-22 20:27:15.391  3957  4129 D WifiStateMachine:  ConnectedState !RSSI_PKTCNT_FETCH uid=1000 rt=605641975/1661617448 0 0 "ourhome" f4:6d:2f:12:cc:88 rssi=-44 f=5240 sc=60 link=433 tx=347.9, 6.7, 0.0  rx=412.8 bcn=620389 [on:0 tx:0 rx:0 period:999] from screen [on:764546 period:4179059] score=60
10-22 20:27:15.393  3957  4129 D WifiStateMachine:  L2ConnectedState !RSSI_PKTCNT_FETCH uid=1000 rt=605641977/1661617450 0 0 "ourhome" f4:6d:2f:12:cc:88 rssi=-44 f=5240 sc=60 link=433 tx=347.9, 6.7, 0.0  rx=412.8 bcn=620389 [on:0 tx:0 rx:0 period:2] from screen [on:764546 period:4179061] score=60
10-22 20:27:15.398  3957  4129 D WifiStateMachine: fetchRssiLinkSpeedAndFrequencyNative rssi=-42 linkspeed=433 freq=5240
10-22 20:27:15.399  3957  4129 V WifiConfigManager: Updating scan detail cache freq=5240 BSSID=f4:6d:2f:12:cc:88 RSSI=-42 for "ourhome"WPA_PSK
10-22 20:27:15.468  7669  7977 I BatteryMgr:DataCollectionService: stats => 1697999235468,-218,4308,70,0,100
10-22 20:27:15.565  7785  7939 W fb4a.HeliumWebViewFactoryProvider: Unable to initialize, Helium lazy provider already installed
10-22 20:27:15.577  7669  7977 I BatteryMgr:DataCollectionService: stats => 1697999235577,-218,4308,70,0,100
10-22 20:27:15.697  7669  7977 I BatteryMgr:DataCollectionService: stats => 1697999235696,-218,4308,70,0,100
10-22 20:27:15.717  3957  4128 D WifiService: getConnectionInfo uid=1000
10-22 20:27:15.769  3957  4602 D WifiService: getConnectionInfo uid=1000
10-22 20:27:15.771  3957  4602 I chatty  : uid=1000(system) Binder:3957_7 identical 3 lines
10-22 20:27:15.772  3957  4602 I chatty  : uid=1000(system) Binder:3957_7 identical 2 lines
10-22 20:27:15.780  3957  4602 D ConnectivityService: filterNetworkStateForUid() uid: 10103 networkInfo: [type: WIFI[] - WIFI, state: CONNECTED/CONNECTED, reason: (unspecified), extra: "ourhome", failover: false, available: true, roaming: false, metered: false]
10-22 20:27:15.780  3957  4602 D WifiService: getConnectionInfo uid=1000
10-22 20:27:15.784  3957  4651 D ConnectivityService: filterNetworkStateForUid() uid: 10103 networkInfo: [type: WIFI[] - WIFI, state: CONNECTED/CONNECTED, reason: (unspecified), extra: "ourhome", failover: false, available: true, roaming: false, metered: false]
10-22 20:27:15.784  3957  4651 D WifiService: getConnectionInfo uid=1000
10-22 20:27:15.786  3957  4602 D ConnectivityService: filterNetworkStateForUid() uid: 10103 networkInfo: [type: WIFI[] - WIFI, state: CONNECTED/CONNECTED, reason: (unspecified), extra: "ourhome", failover: false, available: true, roaming: false, metered: false]
10-22 20:27:15.786  3957  4602 D WifiService: getConnectionInfo uid=1000
10-22 20:27:15.787  3957  4651 D ConnectivityService: filterNetworkStateForUid() uid: 10103 networkInfo: [type: WIFI[] - WIFI, state: CONNECTED/CONNECTED, reason: (unspecified), extra: "ourhome", failover: false, available: true, roaming: false, metered: false]
10-22 20:27:15.787  3957  4651 D WifiService: getConnectionInfo uid=1000
10-22 20:27:15.794  3957  4651 I chatty  : uid=1000(system) Binder:3957_A identical 3 lines
10-22 20:27:15.795  3957  4651 D WifiService: getConnectionInfo uid=1000
10-22 20:27:15.805  7669  7977 I BatteryMgr:DataCollectionService: stats => 1697999235805,-218,4308,70,0,100
10-22 20:27:15.850  7785  7790 I zygote  : Do partial code cache collection, code=110KB, data=77KB
10-22 20:27:15.851  7785  7790 I zygote  : After code cache collection, code=110KB, data=77KB
10-22 20:27:15.851  7785  7790 I zygote  : Increasing code cache capacity to 512KB
10-22 20:27:15.851  7785  7790 I zygote  : Compiler allocated 9MB to compile void X.2N6.run()
10-22 20:27:15.912  7669  7977 I BatteryMgr:DataCollectionService: stats => 1697999235912,-218,4308,70,0,100
10-22 20:27:15.940  7785  8074 W fb4a.MobileConfigFactoryImpl: SESSIONBASED factory used for 1 param
10-22 20:27:16.021  7669  7977 I BatteryMgr:DataCollectionService: stats => 1697999236021,-218,4308,70,0,100
10-22 20:27:16.052  3957  4651 D PackageManager: setEnabledSetting : userId = 0 packageName = com.facebook.katana cmp = com.facebook.composer.shareintent.ImplicitShareIntentHandlerDefaultAlias newState = 1 callingPackage = 10103/com.facebook.katana
10-22 20:27:16.060  3957  4651 D PackageManager: setEnabledSetting : userId = 0 packageName = com.facebook.katana cmp = com.facebook.composer.shareintent.AddToStoryAlias newState = 1 callingPackage = 10103/com.facebook.katana
10-22 20:27:16.064  3957  4651 D PackageManager: setEnabledSetting : userId = 0 packageName = com.facebook.katana cmp = com.facebook.composer.shareintent.ShareToGroupsAlias newState = 1 callingPackage = 10103/com.facebook.katana
10-22 20:27:16.068  3957  4651 D PackageManager: setEnabledSetting : userId = 0 packageName = com.facebook.katana cmp = com.facebook.composer.shareintent.ShareToGroupsDisableSinglePhotoAlias newState = 2 callingPackage = 10103/com.facebook.katana
10-22 20:27:16.090  7785  8074 W fb4a.ServiceInfoParser: X.4CE: Service com.facebook.browser.lite.BrowserLiteIntentService is missing meta key com.facebook.common.jobscheduler.compat.jobIds
10-22 20:27:16.090  7785  8074 W fb4a.ServiceInfoParser: X.4CE: Service com.facebook.browser.lite.BrowserLiteInMainProcessIntentService is missing meta key com.facebook.common.jobscheduler.compat.jobIds
10-22 20:27:16.091  7785  8074 W fb4a.ServiceInfoParser: X.4CE: Service com.facebook.businessintegrity.cloakingdetection.service.CloakingDetectionService is missing meta key com.facebook.common.jobscheduler.compat.jobIds
10-22 20:27:16.091  7785  8074 W fb4a.ServiceInfoParser: X.4CE: Service com.facebook.contacts.service.ContactLocaleChangeService is missing meta key com.facebook.common.jobscheduler.compat.jobIds
10-22 20:27:16.091  7785  8074 W fb4a.ServiceInfoParser: X.4CE: Service com.facebook.common.zopt.ZOptBackgroundService is missing meta key com.facebook.common.jobscheduler.compat.jobIds
10-22 20:27:16.092  7785  8074 W fb4a.ServiceInfoParser: X.4CE: Service com.facebook.account.login.notification.LoginNotificationService is missing meta key com.facebook.common.jobscheduler.compat.jobIds
10-22 20:27:16.093  7785  8074 W fb4a.ServiceInfoParser: X.4CE: Service com.facebook.conditionalworker.ConditionalWorkerService is missing meta key com.facebook.common.jobscheduler.compat.jobIds
10-22 20:27:16.094  7785  8074 W fb4a.ServiceInfoParser: X.4CE: Service com.facebook.fbservice.service.BlueServiceJobIntentService is missing meta key com.facebook.common.jobscheduler.compat.jobIds
10-22 20:27:16.094  7785  8074 W fb4a.ServiceInfoParser: X.4CE: Service com.facebook.notifications.appwidget.bugreporter.NotificationsWidgetDebugHelper is missing meta key com.facebook.common.jobscheduler.compat.jobIds
10-22 20:27:16.096  7785  8074 W fb4a.ServiceInfoParser: X.4CE: Service com.facebook.appcomponentmanager.AppComponentManagerService is missing meta key com.facebook.common.jobscheduler.compat.jobIds
10-22 20:27:16.098  7785  8074 W fb4a.ServiceInfoParser: X.4CE: Service com.facebook.confirmation.notification.ConfirmationNotificationService is missing meta key com.facebook.common.jobscheduler.compat.jobIds
10-22 20:27:16.098  7785  8074 W fb4a.ServiceInfoParser: X.4CE: Service com.facebook.battery.monitor.ContinuousBatteryMonitorService is missing meta key com.facebook.common.jobscheduler.compat.jobIds
10-22 20:27:16.099  7785  8074 W fb4a.ServiceInfoParser: X.4CE: Service com.facebook.papaya.fb.client.services.FBPapayaJobService is missing meta key com.facebook.common.jobscheduler.compat.jobIds
10-22 20:27:16.099  7785  8074 W fb4a.ServiceInfoParser: X.4CE: Service com.facebook.push.adm.ADMService is missing meta key com.facebook.common.jobscheduler.compat.jobIds
10-22 20:27:16.100  7785  8074 W fb4a.ServiceInfoParser: X.4CE: Service com.facebook.push.adm.ADMBroadcastReceiverJobBase is missing meta key com.facebook.common.jobscheduler.compat.jobIds
10-22 20:27:16.100  7785  8074 W fb4a.ServiceInfoParser: X.4CE: Service com.facebook.push.adm.ADMJobIntentService is missing meta key com.facebook.common.jobscheduler.compat.jobIds
10-22 20:27:16.101  7785  8074 W fb4a.ServiceInfoParser: X.4CE: Service com.facebook.push.fbpushdata.common.FbPushDataHandlerService is missing meta key com.facebook.common.jobscheduler.compat.jobIds
10-22 20:27:16.102  7785  8074 W fb4a.ServiceInfoParser: X.4CE: Service com.facebook.push.mqtt.service.MqttPushHelperService is missing meta key com.facebook.common.jobscheduler.compat.jobIds
10-22 20:27:16.102  7785  8074 W fb4a.ServiceInfoParser: X.4CE: Service com.facebook.push.registration.RegistrarHelperService is missing meta key com.facebook.common.jobscheduler.compat.jobIds
10-22 20:27:16.107  7785  8074 W fb4a.ServiceInfoParser: X.4CE: Service com.facebook.push.crossapp.PackageRemovedReporterService is missing meta key com.facebook.common.jobscheduler.compat.jobIds
10-22 20:27:16.108  7785  8074 W fb4a.ServiceInfoParser: X.4CE: Service com.facebook.reportaproblem.base.bugreport.BugReportUploadService is missing meta key com.facebook.common.jobscheduler.compat.jobIds
10-22 20:27:16.109  7785  8074 W fb4a.ServiceInfoParser: X.4CE: Service com.facebook.profilo.upload.TraceUploadRetryJob is missing meta key com.facebook.common.jobscheduler.compat.jobIds
10-22 20:27:16.109  7785  8074 W fb4a.ServiceInfoParser: X.4CE: Service com.facebook.registration.notification.RegistrationNotificationService is missing meta key com.facebook.common.jobscheduler.compat.jobIds
10-22 20:27:16.110  7785  8074 W fb4a.ServiceInfoParser: X.4CE: Service com.facebook.common.dextricks.DexOptimization$Service is missing meta key com.facebook.common.jobscheduler.compat.jobIds
10-22 20:27:16.112  7785  8074 W fb4a.ServiceInfoParser: X.4CE: Service com.facebook.common.dextricks.DexOptimizationJobService is missing meta key com.facebook.common.jobscheduler.compat.jobIds
10-22 20:27:16.112  7785  8074 W fb4a.ServiceInfoParser: X.4CE: Service com.facebook.glc.ScheduledWifiMonitorService is missing meta key com.facebook.common.jobscheduler.compat.jobIds
10-22 20:27:16.112  7785  8074 W fb4a.ServiceInfoParser: X.4CE: Service com.facebook.glc.GLCService is missing meta key com.facebook.common.jobscheduler.compat.jobIds
10-22 20:27:16.112  7785  8074 W fb4a.ServiceInfoParser: X.4CE: Service com.facebook.displaytimeinvalidation.service.DisplayTimeBlockIntentService is missing meta key com.facebook.common.jobscheduler.compat.jobIds
10-22 20:27:16.112  7785  8074 W fb4a.ServiceInfoParser: X.4CE: Service com.facebook.delayedworker.DelayedWorkerService is missing meta key com.facebook.common.jobscheduler.compat.jobIds
10-22 20:27:16.112  7785  8074 W fb4a.ServiceInfoParser: X.4CE: Service com.facebook.analytics2.logger.service.LollipopUploadSafeService is missing meta key com.facebook.common.jobscheduler.compat.jobIds
10-22 20:27:16.112  7785  8074 W fb4a.ServiceInfoParser: X.4CE: Service com.facebook.analytics2.logger.LollipopUploadService is missing meta key com.facebook.common.jobscheduler.compat.jobIds
10-22 20:27:16.112  7785  8074 W fb4a.ServiceInfoParser: X.4CE: Service com.facebook.compost.service.CompostNotificationService is missing meta key com.facebook.common.jobscheduler.compat.jobIds
10-22 20:27:16.112  7785  8074 W fb4a.ServiceInfoParser: X.4CE: Service com.facebook.videolite.api.jobscheduler.UploadJobSchedulerService is missing meta key com.facebook.common.jobscheduler.compat.jobIds
10-22 20:27:16.112  7785  8074 W fb4a.ServiceInfoParser: X.4CE: Service com.facebook.feed.platformads.AppInstallService is missing meta key com.facebook.common.jobscheduler.compat.jobIds
10-22 20:27:16.113  7785  8074 W fb4a.ServiceInfoParser: X.4CE: Service com.facebook.googleplay.GooglePlayInstallRefererService is missing meta key com.facebook.common.jobscheduler.compat.jobIds
10-22 20:27:16.113  7785  8074 W fb4a.ServiceInfoParser: X.4CE: Service com.facebook.oxygen.preloads.sdk.firstparty.managedappcache.IsManagedAppCacheJobService is missing meta key com.facebook.common.jobscheduler.compat.jobIds
10-22 20:27:16.113  7785  8074 W fb4a.ServiceInfoParser: X.4CE: Service com.facebook.orca.notify.MessagesNotificationService is missing meta key com.facebook.common.jobscheduler.compat.jobIds
10-22 20:27:16.113  7785  8074 W fb4a.ServiceInfoParser: X.4CE: Service com.facebook.push.negativefeedback.PushNegativeFeedbackFbJobIntentService is missing meta key com.facebook.common.jobscheduler.compat.jobIds
10-22 20:27:16.113  7785  8074 W fb4a.ServiceInfoParser: X.4CE: Service com.facebook.push.fcm.FcmRegistrarFbJobIntentService is missing meta key com.facebook.common.jobscheduler.compat.jobIds
10-22 20:27:16.113  7785  8074 W fb4a.ServiceInfoParser: X.4CE: Service com.facebook.messaging.prefs.notifications.NotificationPrefsSyncService is missing meta key com.facebook.common.jobscheduler.compat.jobIds
10-22 20:27:16.113  7785  8074 W fb4a.ServiceInfoParser: X.4CE: Service androidx.work.impl.background.systemjob.SystemJobService is missing meta key com.facebook.common.jobscheduler.compat.jobIds
10-22 20:27:16.114  7785  8074 W fb4a.ServiceInfoParser: X.4CE: Service com.facebook.voltron.download.scheduledinstaller.OxygenScheduledInstallerJobService is missing meta key com.facebook.common.jobscheduler.compat.jobIds
10-22 20:27:16.114  7785  8074 W fb4a.ServiceInfoParser: X.4CE: Service com.google.android.gms.analytics.AnalyticsJobService is missing meta key com.facebook.common.jobscheduler.compat.jobIds
10-22 20:27:16.130  7669  7977 I BatteryMgr:DataCollectionService: stats => 1697999236130,-218,4308,70,0,100
10-22 20:27:16.132  3957  4651 I chatty  : uid=1000(system) Binder:3957_A identical 5 lines
10-22 20:27:16.132  3957  4651 D WifiService: getConnectionInfo uid=1000
10-22 20:27:16.134  3957  4651 D ConnectivityService: filterNetworkStateForUid() uid: 10103 networkInfo: [type: WIFI[] - WIFI, state: CONNECTED/CONNECTED, reason: (unspecified), extra: "ourhome", failover: false, available: true, roaming: false, metered: false]
10-22 20:27:16.134  3957  4651 D WifiService: getConnectionInfo uid=1000
10-22 20:27:16.139  3957  3972 W BroadcastQueue: Permission Denial: broadcasting Intent { act=android.net.conn.CONNECTIVITY_CHANGE flg=0x4000010 (has extras) } from null (pid=-1, uid=-1) requires com.facebook.permission.prod.FB_APP_COMMUNICATION due to registered receiver BroadcastFilter{9c45e2d u0 ReceiverList{de91d44 7785 com.facebook.katana/10103/u0 remote:5719e57}}
10-22 20:27:16.248  7669  7977 I BatteryMgr:DataCollectionService: stats => 1697999236248,-218,4308,70,0,100
10-22 20:27:16.358  7669  7977 I BatteryMgr:DataCollectionService: stats => 1697999236358,-218,4308,70,0,100
10-22 20:27:16.392  3957  4129 D WifiStateMachine:  ConnectedState !RSSI_PKTCNT_FETCH uid=1000 rt=605642976/1661618449 0 0 "ourhome" f4:6d:2f:12:cc:88 rssi=-42 f=5240 sc=60 link=433 tx=347.9, 6.7, 0.0  rx=412.8 bcn=620389 [on:0 tx:0 rx:0 period:999] from screen [on:764546 period:4180060] score=60
10-22 20:27:16.394  3957  4129 D WifiStateMachine:  L2ConnectedState !RSSI_PKTCNT_FETCH uid=1000 rt=605642978/1661618450 0 0 "ourhome" f4:6d:2f:12:cc:88 rssi=-42 f=5240 sc=60 link=433 tx=347.9, 6.7, 0.0  rx=412.8 bcn=620389 [on:0 tx:0 rx:0 period:2] from screen [on:764546 period:4180062] score=60
10-22 20:27:16.395  3957  4129 D WifiStateMachine: fetchRssiLinkSpeedAndFrequencyNative rssi=-43 linkspeed=433 freq=5240
10-22 20:27:16.395  3957  4129 V WifiConfigManager: Updating scan detail cache freq=5240 BSSID=f4:6d:2f:12:cc:88 RSSI=-42 for "ourhome"WPA_PSK
10-22 20:27:16.470  7669  7977 I BatteryMgr:DataCollectionService: stats => 1697999236469,-218,4308,70,0,100
10-22 20:27:16.548  3957  4084 D InputReader: Input event(3): value=1 when=605643133965000
10-22 20:27:16.548  3957  4084 D InputReader: Input event(3): value=1 when=605643133965000
10-22 20:27:16.548  3957  4084 I InputReader: Touch event's action is 0x0 (deviceType=0) [pCnt=1, s=0.2491 ] when=605643133965000
10-22 20:27:16.549  3957  4083 I InputDispatcher: Delivering touch to (4340): action: 0x4, toolType: 1
10-22 20:27:16.549  3957  4083 I InputDispatcher: Delivering touch to (7714): action: 0x0, toolType: 1
10-22 20:27:16.549  7714  7714 D ViewRootImpl@8691813[App]: ViewPostIme pointer 0
10-22 20:27:16.579  7669  7977 I BatteryMgr:DataCollectionService: stats => 1697999236579,-218,4308,70,0,100
10-22 20:27:16.594  3957  4651 D PackageManager: setEnabledSetting : userId = 0 packageName = com.facebook.katana cmp = com.facebook.fbpay.w3c.ipc.IsReadyToPayServiceImpl newState = 1 callingPackage = 10103/com.facebook.katana
10-22 20:27:16.597  7785  7790 I zygote  : Method exceeds compiler instruction limit: 26848 in int X.1Up.A00(java.lang.String)
10-22 20:27:16.603  3957  4651 D PackageManager: setEnabledSetting : userId = 0 packageName = com.facebook.katana cmp = com.facebook.fbpay.w3c.ipc.FBPaymentServiceImpl newState = 1 callingPackage = 10103/com.facebook.katana
10-22 20:27:16.607  3957  4651 D PackageManager: setEnabledSetting : userId = 0 packageName = com.facebook.katana cmp = com.facebook.fbpay.w3c.views.PaymentActivity newState = 1 callingPackage = 10103/com.facebook.katana
10-22 20:27:16.612  3957  4084 D InputReader: Input event(3): value=0 when=605643198468000
10-22 20:27:16.613  3957  4084 D InputReader: Input event(3): value=0 when=605643198468000
10-22 20:27:16.613  3957  4084 I InputReader: Touch event's action is 0x1 (deviceType=0) [pCnt=1, s=] when=605643198468000
10-22 20:27:16.613  3957  4083 I InputDispatcher: Delivering touch to (7714): action: 0x1, toolType: 1
10-22 20:27:16.613  7714  7714 D ViewRootImpl@8691813[App]: ViewPostIme pointer 1
10-22 20:27:16.639  4961  4961 D io_stats: !@ 179,0 r 10409898 342386120 w 2185074 42656304 d 176201 37367948 f 643009 668581 iot 4745256 4086689 th 51200 0 0 pt 0 inp 4 0 605643.224
10-22 20:27:16.682  3957  4416 E Watchdog: !@Sync 20180 [2023-10-22 20:27:16.681]
10-22 20:27:16.694  7669  7977 I BatteryMgr:DataCollectionService: stats => 1697999236693,-218,4308,70,0,100
10-22 20:27:16.700  7785  8007 D skia    : --- SkAndroidCodec::NewFromStream returned null
10-22 20:27:16.705  7785  8066 D skia    : --- SkAndroidCodec::NewFromStream returned null
10-22 20:27:16.718  3957  4128 D WifiService: getConnectionInfo uid=1000
10-22 20:27:16.718  7785  8007 D skia    : --- SkAndroidCodec::NewFromStream returned null
10-22 20:27:16.719  7785  8066 D skia    : --- SkAndroidCodec::NewFromStream returned null
10-22 20:27:16.773  3957  4306 D WifiConnectivityMonitor.NetworkStatsAnalyzer: 4 7 293 4244 73 606
10-22 20:27:16.788  7785  8001 W fb4a.Fixie: Initialize FB4A_APP_INIT on thread: CombinedTP7
10-22 20:27:16.788  7785  8001 W fb4a.Fixie: No fixes for FB4A_APP_INIT
10-22 20:27:16.801  7669  7977 I BatteryMgr:DataCollectionService: stats => 1697999236800,-218,4308,70,0,100
10-22 20:27:16.803  3957  4129 D WifiStateMachine:  ConnectedState !CMD_RSSI_POLL rt=605643387/1661618859 122 0 "ourhome" f4:6d:2f:12:cc:88 rssi=-43 f=5240 sc=60 link=433 tx=347.9, 6.7, 0.0  rx=412.8 bcn=620389 [on:0 tx:0 rx:0 period:408] from screen [on:764546 period:4180470] score=60
10-22 20:27:16.804  3957  4129 D WifiStateMachine:  L2ConnectedState !CMD_RSSI_POLL rt=605643388/1661618861 122 0 "ourhome" f4:6d:2f:12:cc:88 rssi=-43 f=5240 sc=60 link=433 tx=347.9, 6.7, 0.0  rx=412.8 bcn=620389 [on:0 tx:0 rx:0 period:2] from screen [on:764546 period:4180472] score=60
10-22 20:27:16.804  3957  4129 D WifiStateMachine:  get link layer stats 3
10-22 20:27:16.804  3436  3436 I android.hardware.wifi@1.0-service: getLinkLayerStats
10-22 20:27:16.807  3957  4129 D WifiStateMachine: fetchRssiLinkSpeedAndFrequencyNative rssi=-42 linkspeed=433 freq=5240
10-22 20:27:16.807  3957  4129 V WifiConfigManager: Updating scan detail cache freq=5240 BSSID=f4:6d:2f:12:cc:88 RSSI=-42 for "ourhome"WPA_PSK
10-22 20:27:16.811  4340  4340 E SignalClusterView: setSlotFocusVisible : subId -2
10-22 20:27:16.811  4340  4340 E SignalClusterView: setSlotFocusVisible : subId -2
10-22 20:27:16.863  3599  3918 D DnsProxyListener: DNSDBG::dns addrinfo af 0
10-22 20:27:16.881  3599  3918 D DnsProxyListener: DNSDBG::dns addrinfo af 0
10-22 20:27:16.887  7714  7714 I GeckoSession: handleMessage GeckoView:PageStart uri=
10-22 20:27:16.914  7669  7977 I BatteryMgr:DataCollectionService: stats => 1697999236914,-218,4308,70,0,100
10-22 20:27:16.917  3599  3918 D DnsProxyListener: DNSDBG::dns addrinfo af 0
10-22 20:27:16.963  3957  4651 D ConnectivityService: filterNetworkStateForUid() uid: 10169 networkInfo: [type: WIFI[] - WIFI, state: CONNECTED/CONNECTED, reason: (unspecified), extra: "ourhome", failover: false, available: true, roaming: false, metered: false]
10-22 20:27:16.964  3957  4651 D WifiService: getConnectionInfo uid=1000
10-22 20:27:17.001  3957  4651 D PackageManager: setEnabledSetting : userId = 0 packageName = com.facebook.katana cmp = com.facebook.inspiration.fbshorts.shareintent.InpirationFbShortsShareAlias newState = 1 callingPackage = 10103/com.facebook.katana
10-22 20:27:17.007  3957  4651 D PackageManager: setEnabledSetting : userId = 0 packageName = com.facebook.katana cmp = com.facebook.inspiration.fbshorts.shareintent.InpirationFbShortsSharePhotoAlias newState = 2 callingPackage = 10103/com.facebook.katana
10-22 20:27:17.017  3957  4651 D PackageManager: setEnabledSetting : userId = 0 packageName = com.facebook.katana cmp = com.facebook.inspiration.fbshorts.shareintent.InpirationFbShortsShareMultipleAlias newState = 1 callingPackage = 10103/com.facebook.katana
10-22 20:27:17.033  3957  4602 D WifiService: getConnectionInfo uid=10103
10-22 20:27:17.035  3957  4651 D PackageManager: setEnabledSetting : userId = 0 packageName = com.facebook.katana cmp = com.facebook.inspiration.platformsharing.activity.InspirationCameraExternalShareActivity newState = 1 callingPackage = 10103/com.facebook.katana
10-22 20:27:17.037  7669  7977 I BatteryMgr:DataCollectionService: stats => 1697999237034,-218,4308,70,0,100
10-22 20:27:17.042  3957  4651 D WifiService: getConnectionInfo uid=10103
10-22 20:27:17.145  7669  7977 I BatteryMgr:DataCollectionService: stats => 1697999237145,-218,4308,70,0,100
10-22 20:27:17.254  7669  7977 I BatteryMgr:DataCollectionService: stats => 1697999237254,-218,4308,70,0,100
10-22 20:27:17.274  3957  4651 D PackageManager: setEnabledSetting : userId = 0 packageName = com.facebook.katana cmp = androidx.work.impl.background.systemjob.SystemJobService newState = 1 callingPackage = 10103/com.facebook.katana
10-22 20:27:17.364  7669  7977 I BatteryMgr:DataCollectionService: stats => 1697999237364,-218,4308,70,0,100
10-22 20:27:17.388  3957  4554 D ConnectivityService: filterNetworkStateForUid() uid: 10044 networkInfo: [type: WIFI[] - WIFI, state: CONNECTED/CONNECTED, reason: (unspecified), extra: "ourhome", failover: false, available: true, roaming: false, metered: false]
10-22 20:27:17.388  3957  4554 D WifiService: getConnectionInfo uid=1000
10-22 20:27:17.390  3957  4554 D ConnectivityService: filterNetworkStateForUid() uid: 10044 networkInfo: [type: WIFI[] - WIFI, state: CONNECTED/CONNECTED, reason: (unspecified), extra: "ourhome", failover: false, available: true, roaming: false, metered: false]
10-22 20:27:17.391  3957  4554 D WifiService: getConnectionInfo uid=1000
10-22 20:27:17.396  6714  6714 D BadgeCountReceiver: badge intent : Intent { act=android.intent.action.BADGE_COUNT_UPDATE flg=0x10 cmp=com.sec.android.provider.badge/.BadgeCountReceiver (has extras) }
10-22 20:27:17.396  3957  4129 D WifiStateMachine:  ConnectedState !RSSI_PKTCNT_FETCH uid=1000 rt=605643977/1661619450 0 0 "ourhome" f4:6d:2f:12:cc:88 rssi=-42 f=5240 sc=60 link=433 tx=154.9, 17.7, 0.0  rx=181.9 bcn=620416 [on:0 tx:0 rx:0 period:582] from screen [on:766645 period:4181061] score=60
10-22 20:27:17.398  3957  4129 D WifiStateMachine:  L2ConnectedState !RSSI_PKTCNT_FETCH uid=1000 rt=605643982/1661619454 0 0 "ourhome" f4:6d:2f:12:cc:88 rssi=-42 f=5240 sc=60 link=433 tx=154.9, 17.7, 0.0  rx=181.9 bcn=620416 [on:0 tx:0 rx:0 period:5] from screen [on:766645 period:4181066] score=60
10-22 20:27:17.399  3957  4129 D WifiStateMachine: fetchRssiLinkSpeedAndFrequencyNative rssi=-48 linkspeed=433 freq=5240
10-22 20:27:17.399  6714  6714 D BadgeCountReceiver: packageName: com.facebook.katana, className: com.facebook.katana.LoginActivity, count: 0
10-22 20:27:17.400  3957  4129 V WifiConfigManager: Updating scan detail cache freq=5240 BSSID=f4:6d:2f:12:cc:88 RSSI=-45 for "ourhome"WPA_PSK
10-22 20:27:17.435  8150  8249 I Finsky  : [23275] yqw.accept(377): SCH: Scheduling phonesky job Id: 3-392, CT: 1697999231857, Constraints: [{ L: 0, D: 86400000, C: 2, I: 2, N: 1 }]
10-22 20:27:17.440  6714  6714 D MethodReflector: notifyChange is called
10-22 20:27:17.442  6714  6714 D BadgeProvider: sendNotify entered. [uri] : content://com.sec.badge/apps
10-22 20:27:17.442  6714  6714 D BadgeProvider: sendNotify, [notify] : null
10-22 20:27:17.443  6714  6714 D BadgeProvider: update, getCallingPackage() : com.sec.android.provider.badge
10-22 20:27:17.443  6714  6714 D BadgeProvider: update, [uri] : content://com.sec.badge/apps
10-22 20:27:17.443  6714  6714 D BadgeProvider: update, [uri.query] : null
10-22 20:27:17.444  6714  6714 D BadgeProvider: update, [BadgeCount] : badgecount=0
10-22 20:27:17.444  6714  6714 D BadgeProvider: update, [UpdateCount] : 1
10-22 20:27:17.445  8150  8261 I Finsky  : [23285] zwv.apply(1036): SCH: Scheduling 0 system job(s)
10-22 20:27:17.465  3957  4602 D ConnectivityService: filterNetworkStateForUid() uid: 10169 networkInfo: [type: WIFI[] - WIFI, state: CONNECTED/CONNECTED, reason: (unspecified), extra: "ourhome", failover: false, available: true, roaming: false, metered: false]
10-22 20:27:17.465  3957  4602 D WifiService: getConnectionInfo uid=1000
10-22 20:27:17.476  7669  7977 I BatteryMgr:DataCollectionService: stats => 1697999237476,-218,4308,70,0,100
10-22 20:27:17.585  7669  7977 I BatteryMgr:DataCollectionService: stats => 1697999237585,-218,4308,70,0,100
10-22 20:27:17.650  6672  6672 D Notification.Badge: reloadBadges() entered.
10-22 20:27:17.670  6714  6733 D BadgeProvider: query, [selection] : null
10-22 20:27:17.683  6672  6704 D BadgeCache: 1. updateBadgeCounts: com.samsung.android.messaging = 0
10-22 20:27:17.683  6672  6704 D BadgeCache: 1. updateBadgeCounts: com.samsung.android.scloud = 1
10-22 20:27:17.683  6672  6704 D BadgeCache: 2. updateBadgeCounts: com.samsung.android.scloud/.app.ui.splash.launcher = 1
10-22 20:27:17.683  6672  6704 D BadgeCache: 1. updateBadgeCounts: com.samsung.android.voc = 0
10-22 20:27:17.683  6672  6704 D BadgeCache: 1. updateBadgeCounts: com.sec.android.app.sbrowser = -1
10-22 20:27:17.683  6672  6704 D BadgeCache: 2. updateBadgeCounts: com.sec.android.app.sbrowser/.SBrowserMainActivity = -1
10-22 20:27:17.683  6672  6704 D BadgeCache: 1. updateBadgeCounts: com.sec.android.app.samsungapps = 1
10-22 20:27:17.683  6672  6704 D BadgeCache: 2. updateBadgeCounts: com.sec.android.app.samsungapps/.SamsungAppsMainActivity = 1
10-22 20:27:17.683  6672  6704 D BadgeCache: 1. updateBadgeCounts: com.samsung.android.samsungpass = 1
10-22 20:27:17.683  6672  6704 D BadgeCache: 2. updateBadgeCounts: com.samsung.android.samsungpass/.launcher.EntryLauncher = 1
10-22 20:27:17.684  6672  6704 D BadgeCache: 1. updateBadgeCounts: com.google.android.youtube = 72
10-22 20:27:17.684  6672  6704 D BadgeCache: 2. updateBadgeCounts: com.google.android.youtube/.app.honeycomb.Shell$HomeActivity = 72
10-22 20:27:17.684  6672  6704 D BadgeCache: 1. updateBadgeCounts: com.facebook.katana = 0
10-22 20:27:17.684  6672  6704 D BadgeCache: 1. updateBadgeCounts: com.instagram.android = 0
10-22 20:27:17.684  6672  6704 D BadgeCache: 1. updateBadgeCounts: com.twitter.android = 14
10-22 20:27:17.684  6672  6704 D BadgeCache: 2. updateBadgeCounts: com.twitter.android/.StartActivity = 14
10-22 20:27:17.684  6672  6704 D BadgeCache: 1. updateBadgeCounts: nl.marktplaats.android = 0
10-22 20:27:17.688  6672  6704 D BadgeCache: updateBadgeCounts(), tempBadges.size() : [6], user : [UserHandle{0}]
10-22 20:27:17.688  6672  6704 D BadgeCache: updateBadgeCounts(), final size : 6
10-22 20:27:17.688  6672  6704 D Notification.Badge: reloadBadges(), badges count : 6
10-22 20:27:17.697  7669  7977 I BatteryMgr:DataCollectionService: stats => 1697999237696,-218,4308,70,0,100
10-22 20:27:17.720  3957  4128 D WifiService: getConnectionInfo uid=1000
10-22 20:27:17.775  3957  4306 D WifiConnectivityMonitor.NetworkStatsAnalyzer: 38 44 18139 4902 477 111
10-22 20:27:17.807  7669  7977 I BatteryMgr:DataCollectionService: stats => 1697999237807,-218,4308,70,0,100
10-22 20:27:17.863  3957  4554 D ConnectivityService: filterNetworkStateForUid() uid: 10169 networkInfo: [type: WIFI[] - WIFI, state: CONNECTED/CONNECTED, reason: (unspecified), extra: "ourhome", failover: false, available: true, roaming: false, metered: false]
10-22 20:27:17.863  3957  4554 D WifiService: getConnectionInfo uid=1000
10-22 20:27:17.894  3957  4554 D WifiService: getConnectionInfo uid=1000
10-22 20:27:17.916  7669  7977 I BatteryMgr:DataCollectionService: stats => 1697999237916,-218,4308,70,0,100
10-22 20:27:18.029  7669  7977 I BatteryMgr:DataCollectionService: stats => 1697999238029,-218,4308,70,0,100
10-22 20:27:18.052  3957  4554 I chatty  : uid=1000(system) Binder:3957_5 identical 2 lines
10-22 20:27:18.052  3957  4554 D WifiService: getConnectionInfo uid=1000
10-22 20:27:18.141  7669  7977 I BatteryMgr:DataCollectionService: stats => 1697999238141,-218,4308,70,0,100
10-22 20:27:18.227  3599  3918 D DnsProxyListener: DNSDBG::dns addrinfo af 0
10-22 20:27:18.229  3957  4554 D ConnectivityService: filterNetworkStateForUid() uid: 10169 networkInfo: [type: WIFI[] - WIFI, state: CONNECTED/CONNECTED, reason: (unspecified), extra: "ourhome", failover: false, available: true, roaming: false, metered: false]
10-22 20:27:18.229  3957  4554 D WifiService: getConnectionInfo uid=1000
10-22 20:27:18.238  3957  4554 D PackageManager: setEnabledSetting : userId = 0 packageName = com.facebook.katana cmp = com.facebook.notifications.settings.InAppNotificationSettingsActivity newState = 1 callingPackage = 10103/com.facebook.katana
10-22 20:27:18.253  7669  7977 I BatteryMgr:DataCollectionService: stats => 1697999238253,-218,4308,70,0,100
10-22 20:27:18.304  3957  6478 D SSRM:k  : SIOP:: AP = 430, PST = 387 (W:10), BAT = 328, USB = 0, CHG = 0
10-22 20:27:18.359  7669  7977 I BatteryMgr:DataCollectionService: stats => 1697999238359,-218,4308,70,0,100
10-22 20:27:18.395  3957  4129 D WifiStateMachine:  ConnectedState !RSSI_PKTCNT_FETCH uid=1000 rt=605644979/1661620451 0 0 "ourhome" f4:6d:2f:12:cc:88 rssi=-48 f=5240 sc=60 link=433 tx=154.9, 17.7, 0.0  rx=181.9 bcn=620416 [on:0 tx:0 rx:0 period:996] from screen [on:766645 period:4182062] score=60
10-22 20:27:18.395  3957  4129 D WifiStateMachine:  L2ConnectedState !RSSI_PKTCNT_FETCH uid=1000 rt=605644980/1661620453 0 0 "ourhome" f4:6d:2f:12:cc:88 rssi=-48 f=5240 sc=60 link=433 tx=154.9, 17.7, 0.0  rx=181.9 bcn=620416 [on:0 tx:0 rx:0 period:1] from screen [on:766645 period:4182063] score=60
10-22 20:27:18.397  3957  4129 D WifiStateMachine: fetchRssiLinkSpeedAndFrequencyNative rssi=-46 linkspeed=433 freq=5240
10-22 20:27:18.397  3957  4129 V WifiConfigManager: Updating scan detail cache freq=5240 BSSID=f4:6d:2f:12:cc:88 RSSI=-45 for "ourhome"WPA_PSK
10-22 20:27:18.397  3957  4602 D SamsungAlarmManager: setInexact Listener (T:2/F:0/AC:false) 20231022T202945 - CU:1000/CP:3957
10-22 20:27:18.400  3957  4602 D SamsungAlarmManager: setInexact Listener (T:2/F:0/AC:false) 20231022T204525 - CU:1000/CP:3957
10-22 20:27:18.400  3957  4602 D ConnectivityService: filterNetworkStateForUid() uid: 10103 networkInfo: [type: WIFI[] - WIFI, state: CONNECTED/CONNECTED, reason: (unspecified), extra: "ourhome", failover: false, available: true, roaming: false, metered: false]
10-22 20:27:18.401  3957  4602 D WifiService: getConnectionInfo uid=1000
10-22 20:27:18.461  7785  8068 W fb4a.SyncInitializer: Start regular sync initialization
10-22 20:27:18.464  3957  4554 D PackageManager: setEnabledSetting : userId = 0 packageName = com.facebook.katana cmp = com.facebook.rti.orca.FbnsLiteBroadcastReceiver newState = 2 callingPackage = 10103/com.facebook.katana
10-22 20:27:18.466  7669  7977 I BatteryMgr:DataCollectionService: stats => 1697999238466,-218,4308,70,0,100
10-22 20:27:18.484  3957  4554 D ConnectivityService: filterNetworkStateForUid() uid: 10020 networkInfo: [type: WIFI[] - WIFI, state: CONNECTED/CONNECTED, reason: (unspecified), extra: "ourhome", failover: false, available: true, roaming: false, metered: false]
10-22 20:27:18.484  3957  4554 D WifiService: getConnectionInfo uid=1000
10-22 20:27:18.487  3957  4554 D ConnectivityService: filterNetworkStateForUid() uid: 10020 networkInfo: [type: WIFI[] - WIFI, state: CONNECTED/CONNECTED, reason: (unspecified), extra: "ourhome", failover: false, available: true, roaming: false, metered: false]
10-22 20:27:18.487  3957  4554 D WifiService: getConnectionInfo uid=1000
10-22 20:27:18.521  3957  4602 D PackageManager: setEnabledSetting : userId = 0 packageName = com.facebook.katana cmp = com.facebook.timeline.stagingground.Fb4aProfilePictureShareActivityAlias newState = 1 callingPackage = 10103/com.facebook.katana
10-22 20:27:18.525  3957  4602 D PackageManager: setEnabledSetting : userId = 0 packageName = com.facebook.katana cmp = com.facebook.timeline.stagingground.WorkProfilePictureShareActivityAlias newState = 2 callingPackage = 10103/com.facebook.katana
10-22 20:27:18.574  7669  7977 I BatteryMgr:DataCollectionService: stats => 1697999238574,-289,4308,-235,0,100
10-22 20:27:18.577  7785  7918 W fb4a.MobileConfigFactoryImpl: Invalid param type used for: L544:237
10-22 20:27:18.601  3957  4554 D ConnectivityService: filterNetworkStateForUid() uid: 10103 networkInfo: [type: WIFI[] - WIFI, state: CONNECTED/CONNECTED, reason: (unspecified), extra: "ourhome", failover: false, available: true, roaming: false, metered: false]
10-22 20:27:18.601  3957  4554 D WifiService: getConnectionInfo uid=1000
10-22 20:27:18.602  3957  4554 D ConnectivityService: filterNetworkStateForUid() uid: 10103 networkInfo: [type: WIFI[] - WIFI, state: CONNECTED/CONNECTED, reason: (unspecified), extra: "ourhome", failover: false, available: true, roaming: false, metered: false]
10-22 20:27:18.603  3957  4554 D WifiService: getConnectionInfo uid=1000
10-22 20:27:18.643  7785  8066 E fb4a.ActionQueryTaskListener: 0 onTaskStart SYSTEM_PREFETCH modules: [s_cgwebrtc_horizon(*),cgwebrtc(*),cgnativeplayer]
10-22 20:27:18.646  7785  8071 E fb4a.ActionQueryTaskListener: 0 onTaskComplete [true,false,] SYSTEM_PREFETCH modules: [s_cgwebrtc_horizon(*),cgwebrtc(*),cgnativeplayer]
10-22 20:27:18.646  7785  8066 E fb4a.ActionQueryTaskListener: 1 onTaskStart FALLBACK_DOWNLOAD modules: [papaya,papayatorch,s_cgwebrtc_horizon,dittomodule,cgnativeplayer,s_papayaanalyticstorch_papayatorch,heliumiab,s_papayaanalyticstorch_papayatorch_torchedlooper,arservicesoptional,papayaanalyticstorch,cgwebrtc,i18n_en_GB,pytorch,s_papaya_torchedlooper,torchedlooper,rtcdeps,s_papayatorch_torchedlooper]
10-22 20:27:18.648  7785  8462 W AudioCapabilities: Unsupported mime audio/mpeg-L1
10-22 20:27:18.648  7785  8462 W AudioCapabilities: Unsupported mime audio/mpeg-L2
10-22 20:27:18.649  7785  8066 E fb4a.ActionQueryTaskListener: 2 onTaskStart FALLBACK_DOWNLOAD modules: [s_internsettings_pytorch_smartcropnative]
10-22 20:27:18.650  7785  8072 E fb4a.ActionQueryTaskListener: 1 onTaskComplete [true,false,] FALLBACK_DOWNLOAD modules: [papaya,papayatorch,s_cgwebrtc_horizon,dittomodule,cgnativeplayer,s_papayaanalyticstorch_papayatorch,heliumiab,s_papayaanalyticstorch_papayatorch_torchedlooper,arservicesoptional,papayaanalyticstorch,cgwebrtc,i18n_en_GB,pytorch,s_papaya_torchedlooper,torchedlooper,rtcdeps,s_papayatorch_torchedlooper]
10-22 20:27:18.651  7785  8071 E fb4a.ActionQueryTaskListener: 2 onTaskComplete [true,false,] FALLBACK_DOWNLOAD modules: [s_internsettings_pytorch_smartcropnative]
10-22 20:27:18.652  7785  8462 W AudioCapabilities: Unsupported mime audio/x-ms-wma
10-22 20:27:18.654  7785  8462 W AudioCapabilities: Unsupported mime audio/x-ima
10-22 20:27:18.665  7785  8462 W VideoCapabilities: Unrecognized profile 2130706433 for video/avc
10-22 20:27:18.666  7785  8462 W VideoCapabilities: Unrecognized profile 2130706434 for video/avc
10-22 20:27:18.668  7785  8462 W VideoCapabilities: Unrecognized profile 2130706433 for video/avc
10-22 20:27:18.668  7785  8462 W VideoCapabilities: Unrecognized profile 2130706434 for video/avc
10-22 20:27:18.681  7669  7977 I BatteryMgr:DataCollectionService: stats => 1697999238680,-289,4308,-235,0,100
10-22 20:27:18.694  7785  8462 W VideoCapabilities: Unrecognized profile 2130706433 for video/avc
10-22 20:27:18.694  7785  8462 W VideoCapabilities: Unrecognized profile 2130706434 for video/avc
10-22 20:27:18.696  7785  8462 W VideoCapabilities: Unsupported mime video/avc-wfd
10-22 20:27:18.706  6413  6468 D ScanRecord: Not a Multi Manu data
10-22 20:27:18.708  6413  6468 I chatty  : uid=1002(bluetooth) BT Service Call identical 24 lines
10-22 20:27:18.708  6413  6468 D ScanRecord: Not a Multi Manu data
10-22 20:27:18.716  7785  8462 I VideoCapabilities: Unsupported profile 4 for video/mp4v-es
10-22 20:27:18.722  3957  4128 D WifiService: getConnectionInfo uid=1000
10-22 20:27:18.734  7785  8462 W VideoCapabilities: Unrecognized profile/level 1/32 for video/mp4v-es
10-22 20:27:18.734  7785  8462 W VideoCapabilities: Unrecognized profile/level 32768/2 for video/mp4v-es
10-22 20:27:18.734  7785  8462 W VideoCapabilities: Unrecognized profile/level 32768/64 for video/mp4v-es
10-22 20:27:18.737  7785  8462 W VideoCapabilities: Unsupported mime video/wvc1
10-22 20:27:18.738  7785  8462 W VideoCapabilities: Unsupported mime video/x-ms-wmv
10-22 20:27:18.740  7785  8462 W VideoCapabilities: Unsupported mime video/x-ms-wmv7
10-22 20:27:18.741  7785  8462 W VideoCapabilities: Unsupported mime video/x-ms-wmv8
10-22 20:27:18.743  7785  8462 W VideoCapabilities: Unsupported mime video/mp43
10-22 20:27:18.745  6413  6468 D ScanRecord: Not a Multi Manu data
10-22 20:27:18.746  6413  6468 I chatty  : uid=1002(bluetooth) BT Service Call identical 11 lines
10-22 20:27:18.746  6413  6468 D ScanRecord: Not a Multi Manu data
10-22 20:27:18.751  7785  8462 W VideoCapabilities: Unrecognized profile 2130706433 for video/avc
10-22 20:27:18.751  7785  8462 W VideoCapabilities: Unrecognized profile 2130706434 for video/avc
10-22 20:27:18.754  6413  6468 D ScanRecord: Not a Multi Manu data
10-22 20:27:18.755  6413  6468 I chatty  : uid=1002(bluetooth) BT Service Call identical 11 lines
10-22 20:27:18.755  6413  6468 D ScanRecord: Not a Multi Manu data
10-22 20:27:18.765  7785  8066 I ACodec  :  [] Now uninitialized
10-22 20:27:18.770  7785  8470 I ACodec  : [] onAllocateComponent
10-22 20:27:18.776  3957  4306 D WifiConnectivityMonitor.NetworkStatsAnalyzer: 19 22 9966 2476 524 112
10-22 20:27:18.784  6413  6468 D ScanRecord: Not a Multi Manu data
10-22 20:27:18.784  6413  6468 I chatty  : uid=1002(bluetooth) BT Service Call identical 11 lines
10-22 20:27:18.784  6413  6468 D ScanRecord: Not a Multi Manu data
10-22 20:27:18.788  7785  8470 I OMXClient: Treble IOmx obtained
10-22 20:27:18.788  7669  7977 I BatteryMgr:DataCollectionService: stats => 1697999238788,-289,4308,-235,0,100
10-22 20:27:18.795  7785  7790 I zygote  : Compiler allocated 4MB to compile void X.5SD.A0C(X.2Mv, int)
10-22 20:27:18.796  6413  6468 D ScanRecord: Not a Multi Manu data
10-22 20:27:18.796  3607  3666 I OMXMaster: makeComponentInstance(OMX.Exynos.avc.dec) in omx@1.0-service process
10-22 20:27:18.796  6413  6468 I chatty  : uid=1002(bluetooth) BT Service Call expire 11 lines
10-22 20:27:18.796  6413  6468 D ScanRecord: Not a Multi Manu data
10-22 20:27:18.800  6413  6468 D ScanRecord: Not a Multi Manu data
10-22 20:27:18.828  6413  6468 I chatty  : uid=1002(bluetooth) BT Service Call identical 63 lines
