10-22 20:12:37.393  3957  8322 D ConnectivityService: filterNetworkStateForUid() uid: 10169 networkInfo: [type: WIFI[] - WIFI, state: CONNECTED/CONNECTED, reason: (unspecified), extra: "ourhome", failover: false, available: true, roaming: false, metered: false]
10-22 20:12:37.393  3957  8322 D WifiService: getConnectionInfo uid=1000
10-22 20:12:37.395 32597 32637 I FenixApplication: Running post-visual completeness tasks...
10-22 20:12:37.395 32597 32637 I FenixApplication: Storage initialization...
10-22 20:12:37.395 32597 32637 I PlacesHistoryStorage: Warming up places storage...
10-22 20:12:37.396 32597 32637 I PlacesHistoryStorage: 'Warming up places storage' took 0 ms
10-22 20:12:37.396 32597 32637 I PlacesBookmarksStorage: Warming up places storage...
10-22 20:12:37.396 32597 32637 I PlacesBookmarksStorage: 'Warming up places storage' took 0 ms
10-22 20:12:37.401 32597 32637 I SyncableLoginsStorage: Warming up storage...
10-22 20:12:37.401 32597 32637 I SyncableLoginsStorage: 'Warming up storage' took 0 ms
10-22 20:12:37.403 32597 32637 I AutofillCCAddressesStorage: Warming up storage...
10-22 20:12:37.403 32597 32637 I AutofillCCAddressesStorage: 'Warming up storage' took 0 ms
10-22 20:12:37.409 32597 32597 I ColdStartupDuration: COLD MAIN Application.<init> to first frame: 1016 ms
10-22 20:12:37.410 32597 32597 I FenixApplication: Kicking-off account manager...
10-22 20:12:37.410 32597 32597 I FenixApplication: 'Kicking-off account manager' took 0 ms
10-22 20:12:37.419  3957  4128 D WifiService: getConnectionInfo uid=1000
10-22 20:12:37.421  3957  4554 D ConnectivityService: filterNetworkStateForUid() uid: 10169 networkInfo: [type: WIFI[] - WIFI, state: CONNECTED/CONNECTED, reason: (unspecified), extra: "ourhome", failover: false, available: true, roaming: false, metered: false]
10-22 20:12:37.421  3957  4554 D WifiService: getConnectionInfo uid=1000
10-22 20:12:37.433 32551   361 I BatteryMgr:DataCollectionService: stats => 1697998357431,-150,4308,-61,0,100
10-22 20:12:37.469 32597 32608 I zygote64: Background concurrent copying GC freed 74440(3MB) AllocSpace objects, 19(488KB) LOS objects, 49% free, 5MB/11MB, paused 2.167ms total 117.468ms
10-22 20:12:37.495  3957  4564 D ConnectivityService: filterNetworkStateForUid() uid: 10169 networkInfo: [type: WIFI[] - WIFI, state: CONNECTED/CONNECTED, reason: (unspecified), extra: "ourhome", failover: false, available: true, roaming: false, metered: false]
10-22 20:12:37.495  3957  4564 D WifiService: getConnectionInfo uid=1000
10-22 20:12:37.497 32597   670 I System.out: (HTTPLog)-Static: isSBSettingEnabled false
10-22 20:12:37.497 32597   670 I System.out: (HTTPLog)-Static: isSBSettingEnabled false
10-22 20:12:37.499 32682 32712 W linker  : "/data/app/org.mozilla.fenix-iWpGOrf8cry6RDpwHyQugA==/lib/arm64/libmozavutil.so" unused DT entry: type 0x8000024 arg 0x5340
10-22 20:12:37.499 32682 32712 W linker  : "/data/app/org.mozilla.fenix-iWpGOrf8cry6RDpwHyQugA==/lib/arm64/libmozavutil.so" unused DT entry: type 0x8000023 arg 0x220
10-22 20:12:37.499 32682 32712 W linker  : "/data/app/org.mozilla.fenix-iWpGOrf8cry6RDpwHyQugA==/lib/arm64/libmozavutil.so" unused DT entry: type 0x8000025 arg 0x8
10-22 20:12:37.502 32682 32712 W linker  : "/data/app/org.mozilla.fenix-iWpGOrf8cry6RDpwHyQugA==/lib/arm64/libmozavcodec.so" unused DT entry: type 0x8000024 arg 0x3330
10-22 20:12:37.502 32682 32712 W linker  : "/data/app/org.mozilla.fenix-iWpGOrf8cry6RDpwHyQugA==/lib/arm64/libmozavcodec.so" unused DT entry: type 0x8000023 arg 0x358
10-22 20:12:37.503 32682 32712 W linker  : "/data/app/org.mozilla.fenix-iWpGOrf8cry6RDpwHyQugA==/lib/arm64/libmozavcodec.so" unused DT entry: type 0x8000025 arg 0x8
10-22 20:12:37.513  3957  4564 D StorageManagerService: getExternalStorageMountMode : 1
10-22 20:12:37.513  3957  4564 D StorageManagerService: getExternalStorageMountMode : 3
10-22 20:12:37.513  3957  4564 D StorageManagerService: getExternalStorageMountMode : final mountMode=1, uid : 10169, packageName : org.mozilla.fenix
10-22 20:12:37.514  3957  4564 I ApplicationPolicy: isApplicationExternalStorageWhitelisted:org.mozilla.fenix user:0
10-22 20:12:37.514  3957  4564 D ApplicationPolicy: isApplicationExternalStorageWhitelisted: DO is not enabled on user 0. Allowed.
10-22 20:12:37.514  3957  4564 D ActivityManager: package  org.mozilla.fenix, user - 0 is SDcard whitelisted
10-22 20:12:37.514  3957  4564 I ApplicationPolicy: isApplicationExternalStorageBlacklisted:org.mozilla.fenix user:0
10-22 20:12:37.514  3957  4564 D ApplicationPolicy: isApplicationExternalStorageBlacklisted: DO is not enabled on user 0. Allowed.
10-22 20:12:37.531  3957  4564 I ActivityManager: Start proc 679:org.mozilla.fenix:utility/u0a169 for service org.mozilla.fenix/org.mozilla.gecko.process.GeckoChildProcessServices$utility
10-22 20:12:37.532   679   679 E Zygote  : isWhitelistProcess - Process is Whitelisted
10-22 20:12:37.532   679   679 E libpersona: scanKnoxPersonas
10-22 20:12:37.532   679   679 E libpersona: Couldn't open the File - /data/system/users/0/personalist.xml - No such file or directory
10-22 20:12:37.537   679   679 W SELinux : SELinux selinux_android_compute_policy_index : Policy Index[2],  Con:u:r:zygote:s0 RAM:SEPF_SM-J720F_8.0.0_0002, [-1 -1 -1 -1 0 1]
10-22 20:12:37.538   679   679 I SELinux : SELinux: seapp_context_lookup: seinfo=untrusted, level=s0:c512,c768, pkgname=org.mozilla.fenix:utility 
10-22 20:12:37.541 32551   361 I BatteryMgr:DataCollectionService: stats => 1697998357541,-150,4308,-61,0,100
10-22 20:12:37.562   679   679 D TimaKeyStoreProvider: TimaKeyStore is not enabled: cannot add TimaSignature Service and generateKeyPair Service
10-22 20:12:37.562   679   679 D ActivityThread: Added TimaKeyStore provider
10-22 20:12:37.565  3599  3918 D DnsProxyListener: DNSDBG::dns addrinfo af 0
10-22 20:12:37.566  3957  8322 D ConnectivityService: filterNetworkStateForUid() uid: 10169 networkInfo: [type: WIFI[] - WIFI, state: CONNECTED/CONNECTED, reason: (unspecified), extra: "ourhome", failover: false, available: true, roaming: false, metered: false]
10-22 20:12:37.566  3957  4564 I ActivityManager: DSS on for org.mozilla.fenix and scale is 1.0
10-22 20:12:37.566  3957  8322 D WifiService: getConnectionInfo uid=1000
10-22 20:12:37.567 32597   670 I System.out: (HTTPLog)-Static: isSBSettingEnabled false
10-22 20:12:37.567 32597   670 I System.out: (HTTPLog)-Static: isSBSettingEnabled false
10-22 20:12:37.582 32597 32637 I FenixApplication: 'Storage initialization' took 187 ms
10-22 20:12:37.589   679   679 I zygote64: no shared libraies, dex_files: 1
10-22 20:12:37.603  9273  9310 D ScanRecord: Not a Multi Manu data
10-22 20:12:37.605  9273  9310 I chatty  : uid=1002(bluetooth) BT Service Call identical 20 lines
10-22 20:12:37.605  9273  9310 D ScanRecord: Not a Multi Manu data
10-22 20:12:37.611  3957  4564 D ConnectivityService: filterNetworkStateForUid() uid: 10169 networkInfo: [type: WIFI[] - WIFI, state: CONNECTED/CONNECTED, reason: (unspecified), extra: "ourhome", failover: false, available: true, roaming: false, metered: false]
10-22 20:12:37.611  3957  4564 D WifiService: getConnectionInfo uid=1000
10-22 20:12:37.618  9273  9310 D ScanRecord: Not a Multi Manu data
10-22 20:12:37.647  9273  9310 I chatty  : uid=1002(bluetooth) BT Service Call identical 31 lines
10-22 20:12:37.647  9273  9310 D ScanRecord: Not a Multi Manu data
10-22 20:12:37.649 32551   361 I BatteryMgr:DataCollectionService: stats => 1697998357649,-150,4308,-61,0,100
10-22 20:12:37.657 32758   394 V Surface : sf_framedrop debug : 0x4f4c, game : false, logging : 0
10-22 20:12:37.659 32758   394 D mali_winsys: EGLint new_window_surface(egl_winsys_display *, void *, EGLSurface, EGLConfig, egl_winsys_surface **, egl_color_buffer_format *, EGLBoolean) returns 0x3000,  [372x514]-format:1
10-22 20:12:37.660  9273  9310 D ScanRecord: Not a Multi Manu data
10-22 20:12:37.663  9273  9310 I chatty  : uid=1002(bluetooth) BT Service Call identical 20 lines
10-22 20:12:37.663  9273  9310 D ScanRecord: Not a Multi Manu data
10-22 20:12:37.663  3957  8322 D ConnectivityService: filterNetworkStateForUid() uid: 10169 networkInfo: [type: WIFI[] - WIFI, state: CONNECTED/CONNECTED, reason: (unspecified), extra: "ourhome", failover: false, available: true, roaming: false, metered: false]
10-22 20:12:37.663  3957  8322 D WifiService: getConnectionInfo uid=1000
10-22 20:12:37.668   679   679 I FenixApplication: onTrimMemory(), level=5, main=false
10-22 20:12:37.669   679   679 I ServiceChildProcess: onCreate
10-22 20:12:37.670  9273  9310 D ScanRecord: Not a Multi Manu data
10-22 20:12:37.671  9273  9310 I chatty  : uid=1002(bluetooth) BT Service Call identical 9 lines
10-22 20:12:37.671  9273  9310 D ScanRecord: Not a Multi Manu data
10-22 20:12:37.672   679   703 I GeckoThread: preparing to run Gecko
10-22 20:12:37.673  9273  9310 D ScanRecord: Not a Multi Manu data
10-22 20:12:37.673  9273  9310 I chatty  : uid=1002(bluetooth) BT Service Call identical 9 lines
10-22 20:12:37.673  9273  9310 D ScanRecord: Not a Multi Manu data
10-22 20:12:37.677   679   703 W linker  : "/data/app/org.mozilla.fenix-iWpGOrf8cry6RDpwHyQugA==/lib/arm64/libmozglue.so" unused DT entry: type 0x8000024 arg 0x38f70
10-22 20:12:37.677   679   703 W linker  : "/data/app/org.mozilla.fenix-iWpGOrf8cry6RDpwHyQugA==/lib/arm64/libmozglue.so" unused DT entry: type 0x8000023 arg 0x1f8
10-22 20:12:37.678   679   703 W linker  : "/data/app/org.mozilla.fenix-iWpGOrf8cry6RDpwHyQugA==/lib/arm64/libmozglue.so" unused DT entry: type 0x8000025 arg 0x8
10-22 20:12:37.682  3957  4564 D ConnectivityService: filterNetworkStateForUid() uid: 10169 networkInfo: [type: WIFI[] - WIFI, state: CONNECTED/CONNECTED, reason: (unspecified), extra: "ourhome", failover: false, available: true, roaming: false, metered: false]
10-22 20:12:37.682  3957  4564 D WifiService: getConnectionInfo uid=1000
10-22 20:12:37.682   679   703 I GeckoLoader: Library base=/data/app/org.mozilla.fenix-iWpGOrf8cry6RDpwHyQugA==/lib/arm64
10-22 20:12:37.683   679   703 I GeckoLoader: Library base=/data/app/org.mozilla.fenix-iWpGOrf8cry6RDpwHyQugA==/lib/arm64
10-22 20:12:37.683 32597   670 I System.out: (HTTPLog)-Static: isSBSettingEnabled false
10-22 20:12:37.684 32597   670 I System.out: (HTTPLog)-Static: isSBSettingEnabled false
10-22 20:12:37.685   679   703 E GeckoLibLoad: Load sqlite start
10-22 20:12:37.686   679   703 W linker  : "/data/app/org.mozilla.fenix-iWpGOrf8cry6RDpwHyQugA==/lib/arm64/libnss3.so" unused DT entry: type 0x8000024 arg 0x14998
10-22 20:12:37.686   679   703 W linker  : "/data/app/org.mozilla.fenix-iWpGOrf8cry6RDpwHyQugA==/lib/arm64/libnss3.so" unused DT entry: type 0x8000023 arg 0x5c8
10-22 20:12:37.686   679   703 W linker  : "/data/app/org.mozilla.fenix-iWpGOrf8cry6RDpwHyQugA==/lib/arm64/libnss3.so" unused DT entry: type 0x8000025 arg 0x8
10-22 20:12:37.688   679   703 E GeckoLibLoad: Load sqlite done
10-22 20:12:37.689   679   703 I GeckoLoader: Library base=/data/app/org.mozilla.fenix-iWpGOrf8cry6RDpwHyQugA==/lib/arm64
10-22 20:12:37.689   679   703 E GeckoLibLoad: Load nss start
10-22 20:12:37.689   679   703 E GeckoLibLoad: Load nss done
10-22 20:12:37.689   679   703 I GeckoLoader: Library base=/data/app/org.mozilla.fenix-iWpGOrf8cry6RDpwHyQugA==/lib/arm64
10-22 20:12:37.693   679   703 W linker  : "/data/app/org.mozilla.fenix-iWpGOrf8cry6RDpwHyQugA==/lib/arm64/libxul.so" unused DT entry: type 0x8000024 arg 0x539420
10-22 20:12:37.693   679   703 W linker  : "/data/app/org.mozilla.fenix-iWpGOrf8cry6RDpwHyQugA==/lib/arm64/libxul.so" unused DT entry: type 0x8000023 arg 0x17d68
10-22 20:12:37.693   679   703 W linker  : "/data/app/org.mozilla.fenix-iWpGOrf8cry6RDpwHyQugA==/lib/arm64/libxul.so" unused DT entry: type 0x8000025 arg 0x8
10-22 20:12:37.708  9273  9310 D ScanRecord: Not a Multi Manu data
10-22 20:12:37.731  9273  9310 I chatty  : uid=1002(bluetooth) BT Service Call identical 64 lines
10-22 20:12:37.731  9273  9310 D ScanRecord: Not a Multi Manu data
10-22 20:12:37.736   679   703 E GeckoLibLoad: Loaded libs in 46.715154ms total, 16ms(12ms) user, 24ms(28ms) system, 0(0) faults
10-22 20:12:37.736   679   703 W GeckoThread: zerdatime 1660739794 - runGecko
10-22 20:12:37.738  9273  9310 D ScanRecord: Not a Multi Manu data
10-22 20:12:37.749  9273  9310 I chatty  : uid=1002(bluetooth) BT Service Call identical 31 lines
10-22 20:12:37.749  9273  9310 D ScanRecord: Not a Multi Manu data
10-22 20:12:37.758   679   703 W linker  : "/data/app/org.mozilla.fenix-iWpGOrf8cry6RDpwHyQugA==/lib/arm64/libmozavutil.so" unused DT entry: type 0x8000024 arg 0x5340
10-22 20:12:37.758   679   703 W linker  : "/data/app/org.mozilla.fenix-iWpGOrf8cry6RDpwHyQugA==/lib/arm64/libmozavutil.so" unused DT entry: type 0x8000023 arg 0x220
10-22 20:12:37.758   679   703 W linker  : "/data/app/org.mozilla.fenix-iWpGOrf8cry6RDpwHyQugA==/lib/arm64/libmozavutil.so" unused DT entry: type 0x8000025 arg 0x8
10-22 20:12:37.759  3599  3918 D DnsProxyListener: DNSDBG::dns addrinfo af 0
10-22 20:12:37.759   679   703 W linker  : "/data/app/org.mozilla.fenix-iWpGOrf8cry6RDpwHyQugA==/lib/arm64/libmozavcodec.so" unused DT entry: type 0x8000024 arg 0x3330
10-22 20:12:37.759   679   703 W linker  : "/data/app/org.mozilla.fenix-iWpGOrf8cry6RDpwHyQugA==/lib/arm64/libmozavcodec.so" unused DT entry: type 0x8000023 arg 0x358
10-22 20:12:37.759   679   703 W linker  : "/data/app/org.mozilla.fenix-iWpGOrf8cry6RDpwHyQugA==/lib/arm64/libmozavcodec.so" unused DT entry: type 0x8000025 arg 0x8
10-22 20:12:37.761  9273  9310 D ScanRecord: Not a Multi Manu data
10-22 20:12:37.765  9273  9310 I chatty  : uid=1002(bluetooth) BT Service Call identical 20 lines
10-22 20:12:37.765  9273  9310 D ScanRecord: Not a Multi Manu data
10-22 20:12:37.766 32551   361 I BatteryMgr:DataCollectionService: stats => 1697998357758,-150,4308,-61,0,100
10-22 20:12:37.768   679   703 W AudioCapabilities: Unsupported mime audio/mpeg-L1
10-22 20:12:37.769   679   703 W AudioCapabilities: Unsupported mime audio/mpeg-L2
10-22 20:12:37.777   679   703 W AudioCapabilities: Unsupported mime audio/x-ms-wma
10-22 20:12:37.778   679   703 W AudioCapabilities: Unsupported mime audio/x-ima
10-22 20:12:37.784   679   703 W VideoCapabilities: Unrecognized profile 2130706433 for video/avc
10-22 20:12:37.784   679   703 W VideoCapabilities: Unrecognized profile 2130706434 for video/avc
10-22 20:12:37.786   679   703 W VideoCapabilities: Unrecognized profile 2130706433 for video/avc
10-22 20:12:37.786   679   703 W VideoCapabilities: Unrecognized profile 2130706434 for video/avc
10-22 20:12:37.787  9273  9310 D ScanRecord: Not a Multi Manu data
10-22 20:12:37.788  9273  9310 I chatty  : uid=1002(bluetooth) BT Service Call identical 9 lines
10-22 20:12:37.788  9273  9310 D ScanRecord: Not a Multi Manu data
10-22 20:12:37.804  3957  4129 D WifiStateMachine:  ConnectedState !CMD_RSSI_POLL rt=604764388/1660739860 122 0 "ourhome" f4:6d:2f:12:cc:88 rssi=-48 f=5240 sc=60 link=433 tx=260.5, 11.4, 0.0  rx=307.3 bcn=612045 [on:0 tx:0 rx:0 period:742] from screen [on:563786 period:3301471] score=60
10-22 20:12:37.805  3957  4129 D WifiStateMachine:  L2ConnectedState !CMD_RSSI_POLL rt=604764389/1660739862 122 0 "ourhome" f4:6d:2f:12:cc:88 rssi=-48 f=5240 sc=60 link=433 tx=260.5, 11.4, 0.0  rx=307.3 bcn=612045 [on:0 tx:0 rx:0 period:2] from screen [on:563786 period:3301473] score=60
10-22 20:12:37.806  3957  4129 D WifiStateMachine:  get link layer stats 3
10-22 20:12:37.807  3436  3436 I android.hardware.wifi@1.0-service: getLinkLayerStats
10-22 20:12:37.811  3957  4129 D WifiStateMachine: fetchRssiLinkSpeedAndFrequencyNative rssi=-48 linkspeed=433 freq=5240
10-22 20:12:37.812  3957  4129 V WifiConfigManager: Updating scan detail cache freq=5240 BSSID=f4:6d:2f:12:cc:88 RSSI=-47 for "ourhome"WPA_PSK
10-22 20:12:37.812  9273  9310 D ScanRecord: Not a Multi Manu data
10-22 20:12:37.812  9273  9310 I chatty  : uid=1002(bluetooth) BT Service Call identical 9 lines
10-22 20:12:37.812  9273  9310 D ScanRecord: Not a Multi Manu data
10-22 20:12:37.818  4340  4340 E SignalClusterView: setSlotFocusVisible : subId -2
10-22 20:12:37.818  4340  4340 E SignalClusterView: setSlotFocusVisible : subId -2
10-22 20:12:37.820   679   703 W VideoCapabilities: Unrecognized profile 2130706433 for video/avc
10-22 20:12:37.820   679   703 W VideoCapabilities: Unrecognized profile 2130706434 for video/avc
10-22 20:12:37.823   679   703 W VideoCapabilities: Unsupported mime video/avc-wfd
10-22 20:12:37.834  9273  9310 D ScanRecord: Not a Multi Manu data
10-22 20:12:37.852  9273  9310 I chatty  : uid=1002(bluetooth) BT Service Call identical 20 lines
10-22 20:12:37.852  9273  9310 D ScanRecord: Not a Multi Manu data
10-22 20:12:37.855   679   703 I VideoCapabilities: Unsupported profile 4 for video/mp4v-es
10-22 20:12:37.866  9273  9310 D ScanRecord: Not a Multi Manu data
10-22 20:12:37.866  9273  9310 I chatty  : uid=1002(bluetooth) BT Service Call identical 9 lines
10-22 20:12:37.866  9273  9310 D ScanRecord: Not a Multi Manu data
10-22 20:12:37.876 32551   361 I BatteryMgr:DataCollectionService: stats => 1697998357875,-150,4308,-61,0,100
10-22 20:12:37.878  9273  9310 D ScanRecord: Not a Multi Manu data
10-22 20:12:37.888  9273  9310 I chatty  : uid=1002(bluetooth) BT Service Call identical 31 lines
10-22 20:12:37.888  9273  9310 D ScanRecord: Not a Multi Manu data
10-22 20:12:37.900   679   703 W VideoCapabilities: Unrecognized profile/level 1/32 for video/mp4v-es
10-22 20:12:37.901   679   703 W VideoCapabilities: Unrecognized profile/level 32768/2 for video/mp4v-es
10-22 20:12:37.901   679   703 W VideoCapabilities: Unrecognized profile/level 32768/64 for video/mp4v-es
10-22 20:12:37.901  9273  9310 D ScanRecord: Not a Multi Manu data
10-22 20:12:37.907  9273  9310 I chatty  : uid=1002(bluetooth) BT Service Call identical 20 lines
10-22 20:12:37.907  9273  9310 D ScanRecord: Not a Multi Manu data
10-22 20:12:37.907   679   703 W VideoCapabilities: Unsupported mime video/wvc1
10-22 20:12:37.909   679   703 W VideoCapabilities: Unsupported mime video/x-ms-wmv
10-22 20:12:37.912   679   703 W VideoCapabilities: Unsupported mime video/x-ms-wmv7
10-22 20:12:37.914   679   703 W VideoCapabilities: Unsupported mime video/x-ms-wmv8
10-22 20:12:37.916   679   703 W VideoCapabilities: Unsupported mime video/mp43
10-22 20:12:37.930   679   703 W AudioCapabilities: Unsupported mime audio/mpeg-L1
10-22 20:12:37.930   679   703 W AudioCapabilities: Unsupported mime audio/mpeg-L2
10-22 20:12:37.930   679   703 W AudioCapabilities: Unsupported mime audio/x-ms-wma
10-22 20:12:37.930   679   703 W AudioCapabilities: Unsupported mime audio/x-ima
10-22 20:12:37.934   679   703 W VideoCapabilities: Unrecognized profile 2130706433 for video/avc
10-22 20:12:37.934   679   703 W VideoCapabilities: Unrecognized profile 2130706434 for video/avc
10-22 20:12:37.935  9273  9310 D ScanRecord: Not a Multi Manu data
10-22 20:12:37.935  9273  9310 I chatty  : uid=1002(bluetooth) BT Service Call identical 9 lines
10-22 20:12:37.935  9273  9310 D ScanRecord: Not a Multi Manu data
10-22 20:12:37.944   679   703 W VideoCapabilities: Unrecognized profile/level 1/32 for video/mp4v-es
10-22 20:12:37.944   679   703 W VideoCapabilities: Unrecognized profile/level 32768/2 for video/mp4v-es
10-22 20:12:37.944   679   703 W VideoCapabilities: Unrecognized profile/level 32768/64 for video/mp4v-es
10-22 20:12:37.945   679   703 W VideoCapabilities: Unsupported mime video/wvc1
10-22 20:12:37.947  9273  9310 D ScanRecord: Not a Multi Manu data
10-22 20:12:37.947  9273  9310 I chatty  : uid=1002(bluetooth) BT Service Call identical 2 lines
10-22 20:12:37.947   679   703 W VideoCapabilities: Unsupported mime video/x-ms-wmv
10-22 20:12:37.947  9273  9310 D ScanRecord: Not a Multi Manu data
10-22 20:12:37.947  9273  9310 D ScanRecord: Not a Multi Manu data
10-22 20:12:37.947  9273  9310 I chatty  : uid=1002(bluetooth) BT Service Call identical 5 lines
10-22 20:12:37.947  9273  9310 D ScanRecord: Not a Multi Manu data
10-22 20:12:37.949   679   703 W VideoCapabilities: Unsupported mime video/x-ms-wmv7
10-22 20:12:37.951  9273  9310 D ScanRecord: Not a Multi Manu data
10-22 20:12:37.951  9273  9310 I chatty  : uid=1002(bluetooth) BT Service Call identical 9 lines
10-22 20:12:37.951  9273  9310 D ScanRecord: Not a Multi Manu data
10-22 20:12:37.951   679   703 W VideoCapabilities: Unsupported mime video/x-ms-wmv8
10-22 20:12:37.953   679   703 W VideoCapabilities: Unsupported mime video/mp43
10-22 20:12:37.968  9273  9310 D ScanRecord: Not a Multi Manu data
10-22 20:12:37.978  9273  9310 I chatty  : uid=1002(bluetooth) BT Service Call identical 53 lines
10-22 20:12:37.979  9273  9310 D ScanRecord: Not a Multi Manu data
10-22 20:12:37.985 32551   361 I BatteryMgr:DataCollectionService: stats => 1697998357985,-150,4308,-61,0,100
10-22 20:12:38.002  9273  9310 D ScanRecord: Not a Multi Manu data
10-22 20:12:38.047  9273  9310 I chatty  : uid=1002(bluetooth) BT Service Call identical 75 lines
10-22 20:12:38.047  9273  9310 D ScanRecord: Not a Multi Manu data
10-22 20:12:38.061  3957  4129 D WifiStateMachine:  ConnectedState !RSSI_PKTCNT_FETCH uid=1000 rt=604764645/1660740117 0 0 "ourhome" f4:6d:2f:12:cc:88 rssi=-48 f=5240 sc=60 link=433 tx=312.1, 20.6, 0.0  rx=364.7 bcn=612073 [on:0 tx:0 rx:0 period:246] from screen [on:566483 period:3301729] score=60
10-22 20:12:38.063  3957  4129 D WifiStateMachine:  L2ConnectedState !RSSI_PKTCNT_FETCH uid=1000 rt=604764647/1660740119 0 0 "ourhome" f4:6d:2f:12:cc:88 rssi=-48 f=5240 sc=60 link=433 tx=312.1, 20.6, 0.0  rx=364.7 bcn=612073 [on:0 tx:0 rx:0 period:2] from screen [on:566483 period:3301731] score=60
10-22 20:12:38.064  3957  4129 D WifiStateMachine: fetchRssiLinkSpeedAndFrequencyNative rssi=-47 linkspeed=433 freq=5240
10-22 20:12:38.064  3957  4129 V WifiConfigManager: Updating scan detail cache freq=5240 BSSID=f4:6d:2f:12:cc:88 RSSI=-47 for "ourhome"WPA_PSK
10-22 20:12:38.073  9273  9310 D ScanRecord: Not a Multi Manu data
10-22 20:12:38.078  9273  9310 I chatty  : uid=1002(bluetooth) BT Service Call identical 20 lines
10-22 20:12:38.078  9273  9310 D ScanRecord: Not a Multi Manu data
10-22 20:12:38.094 32551   361 I BatteryMgr:DataCollectionService: stats => 1697998358093,-150,4308,-61,0,100
10-22 20:12:38.203 32551   361 I BatteryMgr:DataCollectionService: stats => 1697998358202,-150,4308,-61,0,100
10-22 20:12:38.225  3957  4564 D ConnectivityService: filterNetworkStateForUid() uid: 10169 networkInfo: [type: WIFI[] - WIFI, state: CONNECTED/CONNECTED, reason: (unspecified), extra: "ourhome", failover: false, available: true, roaming: false, metered: false]
10-22 20:12:38.225  3957  4564 D WifiService: getConnectionInfo uid=1000
10-22 20:12:38.230  3957  4564 I chatty  : uid=1000(system) Binder:3957_6 identical 1 line
10-22 20:12:38.230  3957  4564 I chatty  : uid=1000(system) Binder:3957_6 identical 1 line
10-22 20:12:38.235  3957  4564 D ConnectivityService: filterNetworkStateForUid() uid: 10169 networkInfo: [type: WIFI[] - WIFI, state: CONNECTED/CONNECTED, reason: (unspecified), extra: "ourhome", failover: false, available: true, roaming: false, metered: false]
10-22 20:12:38.235  3957  4564 D WifiService: getConnectionInfo uid=1000
10-22 20:12:38.314 32551   361 I BatteryMgr:DataCollectionService: stats => 1697998358314,-150,4308,-61,0,100
10-22 20:12:38.340 32597 32626 D GeckoIdleService: Get idle time: time since reset 5026 msec
10-22 20:12:38.340 32597 32626 D GeckoIdleService: Idle timer callback: current idle time 5026 msec
10-22 20:12:38.340 32597 32626 D GeckoIdleService: next timeout 4294967289973 msec from now
10-22 20:12:38.341 32597 32626 D GeckoIdleService: SetTimerExpiryIfBefore: next timeout 4294967289973 msec from now
10-22 20:12:38.341 32597 32626 D GeckoIdleService: reset timer expiry to 4294967289983 msec from now
10-22 20:12:38.341 32597 32626 D GeckoIdleService: Idle timer callback: tell observer 0x742e90c0a8 user is idle
10-22 20:12:38.421  3957  4128 D WifiService: getConnectionInfo uid=1000
10-22 20:12:38.424 32551   361 I BatteryMgr:DataCollectionService: stats => 1697998358424,-150,4308,-61,0,100
10-22 20:12:38.531 32551   361 I BatteryMgr:DataCollectionService: stats => 1697998358531,-150,4308,-61,0,100
10-22 20:12:38.639 32551   361 I BatteryMgr:DataCollectionService: stats => 1697998358638,-150,4308,-61,0,100
10-22 20:12:38.749 32551   361 I BatteryMgr:DataCollectionService: stats => 1697998358749,-150,4308,-61,0,100
10-22 20:12:38.861 32551   361 I BatteryMgr:DataCollectionService: stats => 1697998358861,-150,4308,-61,0,100
10-22 20:12:38.971 32551   361 I BatteryMgr:DataCollectionService: stats => 1697998358971,-150,4308,-61,0,100
10-22 20:12:39.061  3957  4129 D WifiStateMachine:  ConnectedState !RSSI_PKTCNT_FETCH uid=1000 rt=604765645/1660741118 0 0 "ourhome" f4:6d:2f:12:cc:88 rssi=-47 f=5240 sc=60 link=433 tx=312.1, 20.6, 0.0  rx=364.7 bcn=612073 [on:0 tx:0 rx:0 period:998] from screen [on:566483 period:3302729] score=60
10-22 20:12:39.062  3957  4129 D WifiStateMachine:  L2ConnectedState !RSSI_PKTCNT_FETCH uid=1000 rt=604765647/1660741119 0 0 "ourhome" f4:6d:2f:12:cc:88 rssi=-47 f=5240 sc=60 link=433 tx=312.1, 20.6, 0.0  rx=364.7 bcn=612073 [on:0 tx:0 rx:0 period:1] from screen [on:566483 period:3302730] score=60
10-22 20:12:39.068  3957  4129 D WifiStateMachine: fetchRssiLinkSpeedAndFrequencyNative rssi=-46 linkspeed=433 freq=5240
10-22 20:12:39.068  3957  4129 V WifiConfigManager: Updating scan detail cache freq=5240 BSSID=f4:6d:2f:12:cc:88 RSSI=-46 for "ourhome"WPA_PSK
10-22 20:12:39.079 32551   361 I BatteryMgr:DataCollectionService: stats => 1697998359079,-150,4308,-61,0,100
10-22 20:12:39.187 32551   361 I BatteryMgr:DataCollectionService: stats => 1697998359186,-150,4308,-61,0,100
10-22 20:12:39.295 32551   361 I BatteryMgr:DataCollectionService: stats => 1697998359295,-150,4308,-61,0,100
10-22 20:12:39.402 32551   361 I BatteryMgr:DataCollectionService: stats => 1697998359402,-150,4308,-61,0,100
10-22 20:12:39.423  3957  4128 D WifiService: getConnectionInfo uid=1000
10-22 20:12:39.511 32551   361 I BatteryMgr:DataCollectionService: stats => 1697998359510,-150,4308,-61,0,100
10-22 20:12:39.617 32551   361 I BatteryMgr:DataCollectionService: stats => 1697998359617,-150,4308,-61,0,100
10-22 20:12:39.725 32551   361 I BatteryMgr:DataCollectionService: stats => 1697998359724,-150,4308,-61,0,100
10-22 20:12:39.833 32551   361 I BatteryMgr:DataCollectionService: stats => 1697998359833,-150,4308,-61,0,100
10-22 20:12:39.945 32551   361 I BatteryMgr:DataCollectionService: stats => 1697998359945,-150,4308,-61,0,100
10-22 20:12:40.052 32551   361 I BatteryMgr:DataCollectionService: stats => 1697998360052,-150,4308,-61,0,100
10-22 20:12:40.063  3957  4129 D WifiStateMachine:  ConnectedState !RSSI_PKTCNT_FETCH uid=1000 rt=604766647/1660742119 0 0 "ourhome" f4:6d:2f:12:cc:88 rssi=-46 f=5240 sc=60 link=433 tx=312.1, 20.6, 0.0  rx=364.7 bcn=612073 [on:0 tx:0 rx:0 period:1001] from screen [on:566483 period:3303731] score=60
10-22 20:12:40.065  3957  4129 D WifiStateMachine:  L2ConnectedState !RSSI_PKTCNT_FETCH uid=1000 rt=604766649/1660742122 0 0 "ourhome" f4:6d:2f:12:cc:88 rssi=-46 f=5240 sc=60 link=433 tx=312.1, 20.6, 0.0  rx=364.7 bcn=612073 [on:0 tx:0 rx:0 period:2] from screen [on:566483 period:3303733] score=60
10-22 20:12:40.071  3957  4129 D WifiStateMachine: fetchRssiLinkSpeedAndFrequencyNative rssi=-43 linkspeed=433 freq=5240
10-22 20:12:40.072  3957  4129 V WifiConfigManager: Updating scan detail cache freq=5240 BSSID=f4:6d:2f:12:cc:88 RSSI=-44 for "ourhome"WPA_PSK
10-22 20:12:40.161 32551   361 I BatteryMgr:DataCollectionService: stats => 1697998360161,-150,4308,-61,0,100
10-22 20:12:40.183 32758   301 I zygote64: Background concurrent copying GC freed 12756(1239KB) AllocSpace objects, 0(0B) LOS objects, 72% free, 578KB/2MB, paused 2.243ms total 140.380ms
10-22 20:12:40.271 32551   361 I BatteryMgr:DataCollectionService: stats => 1697998360271,-150,4308,-61,0,100
10-22 20:12:40.379 32551   361 I BatteryMgr:DataCollectionService: stats => 1697998360379,-150,4308,-61,0,100
10-22 20:12:40.430  3957  4128 D WifiService: getConnectionInfo uid=1000
10-22 20:12:40.495 32551   361 I BatteryMgr:DataCollectionService: stats => 1697998360495,-150,4308,-61,0,100
10-22 20:12:40.602 32551   361 I BatteryMgr:DataCollectionService: stats => 1697998360602,-150,4308,-61,0,100
10-22 20:12:40.716 32551   361 I BatteryMgr:DataCollectionService: stats => 1697998360716,-150,4308,-61,0,100
10-22 20:12:40.822  3957  4129 D WifiStateMachine:  ConnectedState !CMD_RSSI_POLL rt=604767402/1660742874 122 0 "ourhome" f4:6d:2f:12:cc:88 rssi=-43 f=5240 sc=60 link=433 tx=312.1, 20.6, 0.0  rx=364.7 bcn=612073 [on:0 tx:0 rx:0 period:757] from screen [on:566483 period:3304490] score=60
10-22 20:12:40.825  3957  4129 D WifiStateMachine:  L2ConnectedState !CMD_RSSI_POLL rt=604767408/1660742880 122 0 "ourhome" f4:6d:2f:12:cc:88 rssi=-43 f=5240 sc=60 link=433 tx=312.1, 20.6, 0.0  rx=364.7 bcn=612073 [on:0 tx:0 rx:0 period:2] from screen [on:566483 period:3304492] score=60
10-22 20:12:40.825  3957  4129 D WifiStateMachine:  get link layer stats 3
10-22 20:12:40.825  3436  3436 I android.hardware.wifi@1.0-service: getLinkLayerStats
10-22 20:12:40.828 32551   361 I BatteryMgr:DataCollectionService: stats => 1697998360828,-150,4308,-61,0,100
10-22 20:12:40.843  3957  4129 D WifiStateMachine: fetchRssiLinkSpeedAndFrequencyNative rssi=-44 linkspeed=433 freq=5240
10-22 20:12:40.844  3957  4129 V WifiConfigManager: Updating scan detail cache freq=5240 BSSID=f4:6d:2f:12:cc:88 RSSI=-44 for "ourhome"WPA_PSK
10-22 20:12:40.849  4340  4340 E SignalClusterView: setSlotFocusVisible : subId -2
10-22 20:12:40.849  4340  4340 E SignalClusterView: setSlotFocusVisible : subId -2
10-22 20:12:40.913  4961  4961 D io_stats: !@ 179,0 r 10220775 335624868 w 2171625 42469684 d 175052 37325672 f 641437 666979 iot 4671604 4025226 th 51200 0 0 pt 0 inp 0 0 604767.498
10-22 20:12:40.936 32551   361 I BatteryMgr:DataCollectionService: stats => 1697998360936,-150,4308,-61,0,100
10-22 20:12:41.045 32551   361 I BatteryMgr:DataCollectionService: stats => 1697998361045,-150,4308,-61,0,100
10-22 20:12:41.063  3957  4129 D WifiStateMachine:  ConnectedState !RSSI_PKTCNT_FETCH uid=1000 rt=604767648/1660743121 0 0 "ourhome" f4:6d:2f:12:cc:88 rssi=-44 f=5240 sc=60 link=433 tx=194.4, 7.5, 0.0  rx=335.0 bcn=612101 [on:0 tx:0 rx:0 period:215] from screen [on:567631 period:3304731] score=60
10-22 20:12:41.065  3957  4129 D WifiStateMachine:  L2ConnectedState !RSSI_PKTCNT_FETCH uid=1000 rt=604767649/1660743122 0 0 "ourhome" f4:6d:2f:12:cc:88 rssi=-44 f=5240 sc=60 link=433 tx=194.4, 7.5, 0.0  rx=335.0 bcn=612101 [on:0 tx:0 rx:0 period:2] from screen [on:567631 period:3304733] score=60
10-22 20:12:41.066  3957  4129 D WifiStateMachine: fetchRssiLinkSpeedAndFrequencyNative rssi=-43 linkspeed=433 freq=5240
10-22 20:12:41.066  3957  4129 V WifiConfigManager: Updating scan detail cache freq=5240 BSSID=f4:6d:2f:12:cc:88 RSSI=-43 for "ourhome"WPA_PSK
10-22 20:12:41.153 32551   361 I BatteryMgr:DataCollectionService: stats => 1697998361153,-150,4308,-61,0,100
10-22 20:12:41.213  3957  4564 D ConnectivityService: filterNetworkStateForUid() uid: 10169 networkInfo: [type: WIFI[] - WIFI, state: CONNECTED/CONNECTED, reason: (unspecified), extra: "ourhome", failover: false, available: true, roaming: false, metered: false]
10-22 20:12:41.213  3957  4564 D WifiService: getConnectionInfo uid=1000
10-22 20:12:41.261 32551   361 I BatteryMgr:DataCollectionService: stats => 1697998361260,-150,4308,-61,0,100
10-22 20:12:41.368 32551   361 I BatteryMgr:DataCollectionService: stats => 1697998361368,-150,4308,-61,0,100
10-22 20:12:41.399  3957  4564 I chatty  : uid=1000(system) Binder:3957_6 identical 1 line
10-22 20:12:41.399  3957  4564 D WifiService: getConnectionInfo uid=1000
10-22 20:12:41.425  3957  4564 D ConnectivityService: filterNetworkStateForUid() uid: 10169 networkInfo: [type: WIFI[] - WIFI, state: CONNECTED/CONNECTED, reason: (unspecified), extra: "ourhome", failover: false, available: true, roaming: false, metered: false]
10-22 20:12:41.426  3957  4564 D WifiService: getConnectionInfo uid=1000
10-22 20:12:41.431  3957  4128 D WifiService: getConnectionInfo uid=1000
10-22 20:12:41.474 32551   361 I BatteryMgr:DataCollectionService: stats => 1697998361474,-150,4308,-61,0,100
10-22 20:12:41.584 32551   361 I BatteryMgr:DataCollectionService: stats => 1697998361584,-150,4308,-61,0,100
10-22 20:12:41.697 32551   361 I BatteryMgr:DataCollectionService: stats => 1697998361696,-150,4308,-61,0,100
10-22 20:12:41.805 32551   361 I BatteryMgr:DataCollectionService: stats => 1697998361805,-150,4308,-61,0,100
10-22 20:12:41.913 32551   361 I BatteryMgr:DataCollectionService: stats => 1697998361913,-150,4308,-61,0,100
10-22 20:12:42.026 32551   361 I BatteryMgr:DataCollectionService: stats => 1697998362025,-150,4308,-61,0,100
10-22 20:12:42.066  3957  4129 D WifiStateMachine:  ConnectedState !RSSI_PKTCNT_FETCH uid=1000 rt=604768650/1660744122 0 0 "ourhome" f4:6d:2f:12:cc:88 rssi=-43 f=5240 sc=60 link=433 tx=194.4, 7.5, 0.0  rx=335.0 bcn=612101 [on:0 tx:0 rx:0 period:1001] from screen [on:567631 period:3305734] score=60
10-22 20:12:42.069  3957  4129 D WifiStateMachine:  L2ConnectedState !RSSI_PKTCNT_FETCH uid=1000 rt=604768651/1660744124 0 0 "ourhome" f4:6d:2f:12:cc:88 rssi=-43 f=5240 sc=60 link=433 tx=194.4, 7.5, 0.0  rx=335.0 bcn=612101 [on:0 tx:0 rx:0 period:2] from screen [on:567631 period:3305736] score=60
10-22 20:12:42.075  3957  4129 D WifiStateMachine: fetchRssiLinkSpeedAndFrequencyNative rssi=-46 linkspeed=433 freq=5240
10-22 20:12:42.075  3957  4129 V WifiConfigManager: Updating scan detail cache freq=5240 BSSID=f4:6d:2f:12:cc:88 RSSI=-44 for "ourhome"WPA_PSK
10-22 20:12:42.131 32551   361 I BatteryMgr:DataCollectionService: stats => 1697998362131,-150,4308,-61,0,100
10-22 20:12:42.239 32551   361 I BatteryMgr:DataCollectionService: stats => 1697998362239,-150,4308,-61,0,100
10-22 20:12:42.334  3957  4030 D SensorService: [SO] 0.192 -0.129 9.969
10-22 20:12:42.351 32551   361 I BatteryMgr:DataCollectionService: stats => 1697998362350,-150,4308,-61,0,100
10-22 20:12:42.433  3957  4128 D WifiService: getConnectionInfo uid=1000
10-22 20:12:42.464 32551   361 I BatteryMgr:DataCollectionService: stats => 1697998362464,-150,4308,-61,0,100
10-22 20:12:42.572 32551   361 I BatteryMgr:DataCollectionService: stats => 1697998362572,-150,4308,-61,0,100
10-22 20:12:42.592  3957  6478 D SSRM:k  : SIOP:: AP = 420, PST = 371 (W:10), BAT = 328, USB = 0, CHG = 0
10-22 20:12:42.595  9273  9310 D ScanRecord: Not a Multi Manu data
10-22 20:12:42.608  9273  9310 I chatty  : uid=1002(bluetooth) BT Service Call identical 31 lines
10-22 20:12:42.608  9273  9310 D ScanRecord: Not a Multi Manu data
10-22 20:12:42.620  3957  6478 D WifiService: getConnectionInfo uid=1000
10-22 20:12:42.622  9273  9310 D ScanRecord: Not a Multi Manu data
10-22 20:12:42.687  9273  9310 I chatty  : uid=1002(bluetooth) BT Service Call identical 119 lines
10-22 20:12:42.687  9273  9310 D ScanRecord: Not a Multi Manu data
10-22 20:12:42.696 32551   361 I BatteryMgr:DataCollectionService: stats => 1697998362696,-150,4308,-61,0,100
10-22 20:12:42.700  9273  9310 D ScanRecord: Not a Multi Manu data
10-22 20:12:42.764  3957  4564 D ConnectivityService: filterNetworkStateForUid() uid: 10169 networkInfo: [type: WIFI[] - WIFI, state: CONNECTED/CONNECTED, reason: (unspecified), extra: "ourhome", failover: false, available: true, roaming: false, metered: false]
10-22 20:12:42.764  9273  9310 I chatty  : uid=1002(bluetooth) BT Service Call identical 143 lines
10-22 20:12:42.764  3957  4564 D WifiService: getConnectionInfo uid=1000
10-22 20:12:42.764  9273  9310 D ScanRecord: Not a Multi Manu data
10-22 20:12:42.764  9273  9310 D ScanRecord: Not a Multi Manu data
10-22 20:12:42.797  9273  9310 I chatty  : uid=1002(bluetooth) BT Service Call identical 40 lines
10-22 20:12:42.797  9273  9310 D ScanRecord: Not a Multi Manu data
10-22 20:12:42.805 32551   361 I BatteryMgr:DataCollectionService: stats => 1697998362805,-150,4308,-61,0,100
10-22 20:12:42.806  9273  9310 D ScanRecord: Not a Multi Manu data
10-22 20:12:42.901  9273  9310 I chatty  : uid=1002(bluetooth) BT Service Call identical 119 lines
10-22 20:12:42.901  9273  9310 D ScanRecord: Not a Multi Manu data
10-22 20:12:42.914 32551   361 I BatteryMgr:DataCollectionService: stats => 1697998362914,-150,4308,-61,0,100
10-22 20:12:42.917  9273  9310 D ScanRecord: Not a Multi Manu data
10-22 20:12:43.008  9273  9310 I chatty  : uid=1002(bluetooth) BT Service Call identical 97 lines
10-22 20:12:43.008  9273  9310 D ScanRecord: Not a Multi Manu data
10-22 20:12:43.022 32551   361 I BatteryMgr:DataCollectionService: stats => 1697998363022,-150,4308,-61,0,100
10-22 20:12:43.050  9273  9310 D ScanRecord: Not a Multi Manu data
10-22 20:12:43.068  9273  9310 I chatty  : uid=1002(bluetooth) BT Service Call identical 53 lines
10-22 20:12:43.068  9273  9310 D ScanRecord: Not a Multi Manu data
10-22 20:12:43.069  3957  4129 D WifiStateMachine:  ConnectedState !RSSI_PKTCNT_FETCH uid=1000 rt=604769651/1660745124 0 0 "ourhome" f4:6d:2f:12:cc:88 rssi=-46 f=5240 sc=60 link=433 tx=194.4, 7.5, 0.0  rx=335.0 bcn=612101 [on:0 tx:0 rx:0 period:1001] from screen [on:567631 period:3306737] score=60
10-22 20:12:43.072  3957  4129 D WifiStateMachine:  L2ConnectedState !RSSI_PKTCNT_FETCH uid=1000 rt=604769655/1660745127 0 0 "ourhome" f4:6d:2f:12:cc:88 rssi=-46 f=5240 sc=60 link=433 tx=194.4, 7.5, 0.0  rx=335.0 bcn=612101 [on:0 tx:0 rx:0 period:2] from screen [on:567631 period:3306739] score=60
10-22 20:12:43.073  3957  4129 D WifiStateMachine: fetchRssiLinkSpeedAndFrequencyNative rssi=-45 linkspeed=433 freq=5240
10-22 20:12:43.073  3957  4129 V WifiConfigManager: Updating scan detail cache freq=5240 BSSID=f4:6d:2f:12:cc:88 RSSI=-44 for "ourhome"WPA_PSK
10-22 20:12:43.073  9273  9310 D ScanRecord: Not a Multi Manu data
10-22 20:12:43.074  9273  9310 I chatty  : uid=1002(bluetooth) BT Service Call identical 9 lines
10-22 20:12:43.074  9273  9310 D ScanRecord: Not a Multi Manu data
10-22 20:12:43.131 32551   361 I BatteryMgr:DataCollectionService: stats => 1697998363131,-150,4308,-61,0,100
10-22 20:12:43.239 32551   361 I BatteryMgr:DataCollectionService: stats => 1697998363239,-150,4308,-61,0,100
10-22 20:12:43.350 32551   361 I BatteryMgr:DataCollectionService: stats => 1697998363350,-150,4308,-61,0,100
10-22 20:12:43.435  3957  4128 D WifiService: getConnectionInfo uid=1000
10-22 20:12:43.454  3957  8322 D ConnectivityService: filterNetworkStateForUid() uid: 10169 networkInfo: [type: WIFI[] - WIFI, state: CONNECTED/CONNECTED, reason: (unspecified), extra: "ourhome", failover: false, available: true, roaming: false, metered: false]
10-22 20:12:43.454  3957  8322 D WifiService: getConnectionInfo uid=1000
10-22 20:12:43.461 32551   361 I BatteryMgr:DataCollectionService: stats => 1697998363461,-150,4308,-61,0,100
10-22 20:12:43.571 32551   361 I BatteryMgr:DataCollectionService: stats => 1697998363571,-150,4308,-61,0,100
10-22 20:12:43.676   316   500 I Finsky  : [22887] key.run(956): Initializing the instant apps module.
10-22 20:12:43.684 32551   361 I BatteryMgr:DataCollectionService: stats => 1697998363684,-150,4308,-61,0,100
10-22 20:12:43.717   316   455 I Finsky  : [22877] wsb.h(14): Triggered update for experiment package com.google.android.finsky.stable.
10-22 20:12:43.793 32551   361 I BatteryMgr:DataCollectionService: stats => 1697998363793,-150,4308,-61,0,100
10-22 20:12:43.841  3957  4651 D ConnectivityService: filterNetworkStateForUid() uid: 10169 networkInfo: [type: WIFI[] - WIFI, state: CONNECTED/CONNECTED, reason: (unspecified), extra: "ourhome", failover: false, available: true, roaming: false, metered: false]
10-22 20:12:43.841  3957  4651 D WifiService: getConnectionInfo uid=1000
10-22 20:12:43.847  3957  4129 D WifiStateMachine:  ConnectedState !CMD_RSSI_POLL rt=604770431/1660745904 122 0 "ourhome" f4:6d:2f:12:cc:88 rssi=-45 f=5240 sc=60 link=433 tx=194.4, 7.5, 0.0  rx=335.0 bcn=612101 [on:0 tx:0 rx:0 period:776] from screen [on:567631 period:3307515] score=60
10-22 20:12:43.848  3957  4129 D WifiStateMachine:  L2ConnectedState !CMD_RSSI_POLL rt=604770433/1660745905 122 0 "ourhome" f4:6d:2f:12:cc:88 rssi=-45 f=5240 sc=60 link=433 tx=194.4, 7.5, 0.0  rx=335.0 bcn=612101 [on:0 tx:0 rx:0 period:1] from screen [on:567631 period:3307516] score=60
10-22 20:12:43.849  3957  4129 D WifiStateMachine:  get link layer stats 3
10-22 20:12:43.849  3436  3436 I android.hardware.wifi@1.0-service: getLinkLayerStats
10-22 20:12:43.853  3957  4129 D WifiStateMachine: fetchRssiLinkSpeedAndFrequencyNative rssi=-45 linkspeed=433 freq=5240
10-22 20:12:43.853  3957  4129 V WifiConfigManager: Updating scan detail cache freq=5240 BSSID=f4:6d:2f:12:cc:88 RSSI=-44 for "ourhome"WPA_PSK
10-22 20:12:43.860  4340  4340 E SignalClusterView: setSlotFocusVisible : subId -2
10-22 20:12:43.861  4340  4340 E SignalClusterView: setSlotFocusVisible : subId -2
10-22 20:12:43.901 32551   361 I BatteryMgr:DataCollectionService: stats => 1697998363901,-150,4308,-61,0,100
10-22 20:12:43.991   316   736 I Finsky  : [22948] ohn.run(45): Wrote row to frosting DB: 2299
10-22 20:12:44.013 32551   361 I BatteryMgr:DataCollectionService: stats => 1697998364013,-150,4308,-61,0,100
10-22 20:12:44.035   316   522 I zygote64: Rejecting re-init on previously-failed class java.lang.Class<eyo>: java.lang.NoClassDefFoundError: Failed resolution of: Landroid/view/translation/ViewTranslationCallback;
10-22 20:12:44.035   316   522 I zygote64:   at java.lang.Class java.lang.Class.classForName(java.lang.String, boolean, java.lang.ClassLoader) (Class.java:-2)
10-22 20:12:44.035   316   522 I zygote64:   at java.lang.Class java.lang.Class.forName(java.lang.String, boolean, java.lang.ClassLoader) (Class.java:453)
10-22 20:12:44.036   316   522 I zygote64:   at java.lang.Class java.lang.Class.forName(java.lang.String) (Class.java:378)
10-22 20:12:44.036   316   522 I zygote64:   at void yde.d() (PG:2888)
10-22 20:12:44.036   316   522 I zygote64:   at void yde.a() (PG:19)
10-22 20:12:44.036   316   522 I zygote64:   at void jkv.run() (PG:39)
10-22 20:12:44.036   316   522 I zygote64:   at void java.util.concurrent.ThreadPoolExecutor.runWorker(java.util.concurrent.ThreadPoolExecutor$Worker) (ThreadPoolExecutor.java:1162)
10-22 20:12:44.036   316   522 I zygote64:   at void java.util.concurrent.ThreadPoolExecutor$Worker.run() (ThreadPoolExecutor.java:636)
10-22 20:12:44.036   316   522 I zygote64:   at void noc.run() (PG:86)
10-22 20:12:44.036   316   522 I zygote64:   at void java.lang.Thread.run() (Thread.java:764)
10-22 20:12:44.036   316   522 I zygote64: Caused by: java.lang.ClassNotFoundException: Didn't find class "android.view.translation.ViewTranslationCallback" on path: DexPathList[[zip file "/data/app/com.android.vending-hPcCrQG-AfN-9-S7PUJzHA==/base.apk", zip file "/data/app/com.android.vending-hPcCrQG-AfN-9-S7PUJzHA==/split_config.arm64_v8a.apk", zip file "/data/app/com.android.vending-hPcCrQG-AfN-9-S7PUJzHA==/split_config.en.apk"],nativeLibraryDirectories=[/data/app/com.android.vending-hPcCrQG-AfN-9-S7PUJzHA==/lib/arm64, /data/app/com.android.vending-hPcCrQG-AfN-9-S7PUJzHA==/base.apk!/lib/arm64-v8a, /data/app/com.android.vending-hPcCrQG-AfN-9-S7PUJzHA==/split_config.arm64_v8a.apk!/lib/arm64-v8a, /data/app/com.android.vending-hPcCrQG-AfN-9-S7PUJzHA==/split_config.en.apk!/lib/arm64-v8a, /system/lib64, /vendor/lib64]]
10-22 20:12:44.036   316   522 I zygote64:   at java.lang.Class dalvik.system.BaseDexClassLoader.findClass(java.lang.String) (BaseDexClassLoader.java:93)
10-22 20:12:44.036   316   522 I zygote64:   at java.lang.Class java.lang.ClassLoader.loadClass(java.lang.String, boolean) (ClassLoader.java:379)
10-22 20:12:44.036   316   522 I zygote64:   at java.lang.Class java.lang.ClassLoader.loadClass(java.lang.String) (ClassLoader.java:312)
10-22 20:12:44.036   316   522 I zygote64:   at java.lang.Class java.lang.Class.classForName(java.lang.String, boolean, java.lang.ClassLoader) (Class.java:-2)
10-22 20:12:44.036   316   522 I zygote64:   at java.lang.Class java.lang.Class.forName(java.lang.String, boolean, java.lang.ClassLoader) (Class.java:453)
10-22 20:12:44.036   316   522 I zygote64:   at java.lang.Class java.lang.Class.forName(java.lang.String) (Class.java:378)
10-22 20:12:44.036   316   522 I zygote64:   at void yde.d() (PG:2888)
10-22 20:12:44.036   316   522 I zygote64:   at void yde.a() (PG:19)
10-22 20:12:44.036   316   522 I zygote64:   at void jkv.run() (PG:39)
10-22 20:12:44.036   316   522 I zygote64:   at void java.util.concurrent.ThreadPoolExecutor.runWorker(java.util.concurrent.ThreadPoolExecutor$Worker) (ThreadPoolExecutor.java:1162)
10-22 20:12:44.036   316   522 I zygote64:   at void java.util.concurrent.ThreadPoolExecutor$Worker.run() (ThreadPoolExecutor.java:636)
10-22 20:12:44.036   316   522 I zygote64:   at void noc.run() (PG:86)
10-22 20:12:44.036   316   522 I zygote64:   at void java.lang.Thread.run() (Thread.java:764)
10-22 20:12:44.036   316   522 I zygote64: 
10-22 20:12:44.038   316   522 I zygote64: Rejecting re-init on previously-failed class java.lang.Class<eyo>: java.lang.NoClassDefFoundError: Failed resolution of: Landroid/view/translation/ViewTranslationCallback;
10-22 20:12:44.038   316   522 I zygote64:   at java.lang.Class java.lang.Class.classForName(java.lang.String, boolean, java.lang.ClassLoader) (Class.java:-2)
10-22 20:12:44.038   316   522 I zygote64:   at java.lang.Class java.lang.Class.forName(java.lang.String, boolean, java.lang.ClassLoader) (Class.java:453)
10-22 20:12:44.038   316   522 I zygote64:   at java.lang.Class java.lang.Class.forName(java.lang.String) (Class.java:378)
10-22 20:12:44.038   316   522 I zygote64:   at void yde.d() (PG:2888)
10-22 20:12:44.038   316   522 I zygote64:   at void yde.a() (PG:19)
10-22 20:12:44.038   316   522 I zygote64:   at void jkv.run() (PG:39)
10-22 20:12:44.039   316   522 I zygote64:   at void java.util.concurrent.ThreadPoolExecutor.runWorker(java.util.concurrent.ThreadPoolExecutor$Worker) (ThreadPoolExecutor.java:1162)
10-22 20:12:44.039   316   522 I zygote64:   at void java.util.concurrent.ThreadPoolExecutor$Worker.run() (ThreadPoolExecutor.java:636)
10-22 20:12:44.039   316   522 I zygote64:   at void noc.run() (PG:86)
10-22 20:12:44.039   316   522 I zygote64:   at void java.lang.Thread.run() (Thread.java:764)
10-22 20:12:44.039   316   522 I zygote64: Caused by: java.lang.ClassNotFoundException: Didn't find class "android.view.translation.ViewTranslationCallback" on path: DexPathList[[zip file "/data/app/com.android.vending-hPcCrQG-AfN-9-S7PUJzHA==/base.apk", zip file "/data/app/com.android.vending-hPcCrQG-AfN-9-S7PUJzHA==/split_config.arm64_v8a.apk", zip file "/data/app/com.android.vending-hPcCrQG-AfN-9-S7PUJzHA==/split_config.en.apk"],nativeLibraryDirectories=[/data/app/com.android.vending-hPcCrQG-AfN-9-S7PUJzHA==/lib/arm64, /data/app/com.android.vending-hPcCrQG-AfN-9-S7PUJzHA==/base.apk!/lib/arm64-v8a, /data/app/com.android.vending-hPcCrQG-AfN-9-S7PUJzHA==/split_config.arm64_v8a.apk!/lib/arm64-v8a, /data/app/com.android.vending-hPcCrQG-AfN-9-S7PUJzHA==/split_config.en.apk!/lib/arm64-v8a, /system/lib64, /vendor/lib64]]
10-22 20:12:44.039   316   522 I zygote64:   at java.lang.Class dalvik.system.BaseDexClassLoader.findClass(java.lang.String) (BaseDexClassLoader.java:93)
10-22 20:12:44.039   316   522 I zygote64:   at java.lang.Class java.lang.ClassLoader.loadClass(java.lang.String, boolean) (ClassLoader.java:379)
10-22 20:12:44.039   316   522 I zygote64:   at java.lang.Class java.lang.ClassLoader.loadClass(java.lang.String) (ClassLoader.java:312)
10-22 20:12:44.039   316   522 I zygote64:   at java.lang.Class java.lang.Class.classForName(java.lang.String, boolean, java.lang.ClassLoader) (Class.java:-2)
10-22 20:12:44.039   316   522 I zygote64:   at java.lang.Class java.lang.Class.forName(java.lang.String, boolean, java.lang.ClassLoader) (Class.java:453)
10-22 20:12:44.039   316   522 I zygote64:   at java.lang.Class java.lang.Class.forName(java.lang.String) (Class.java:378)
10-22 20:12:44.039   316   522 I zygote64:   at void yde.d() (PG:2888)
10-22 20:12:44.040   316   522 I zygote64:   at void yde.a() (PG:19)
10-22 20:12:44.040   316   522 I zygote64:   at void jkv.run() (PG:39)
10-22 20:12:44.040   316   522 I zygote64:   at void java.util.concurrent.ThreadPoolExecutor.runWorker(java.util.concurrent.ThreadPoolExecutor$Worker) (ThreadPoolExecutor.java:1162)
10-22 20:12:44.040   316   522 I zygote64:   at void java.util.concurrent.ThreadPoolExecutor$Worker.run() (ThreadPoolExecutor.java:636)
10-22 20:12:44.040   316   522 I zygote64:   at void noc.run() (PG:86)
10-22 20:12:44.040   316   522 I zygote64:   at void java.lang.Thread.run() (Thread.java:764)
10-22 20:12:44.040   316   522 I zygote64: 
10-22 20:12:44.040   316   522 I zygote64: Rejecting re-init on previously-failed class java.lang.Class<eyo>: java.lang.NoClassDefFoundError: Failed resolution of: Landroid/view/translation/ViewTranslationCallback;
10-22 20:12:44.040   316   522 I zygote64:   at java.lang.Class java.lang.Class.classForName(java.lang.String, boolean, java.lang.ClassLoader) (Class.java:-2)
10-22 20:12:44.040   316   522 I zygote64:   at java.lang.Class java.lang.Class.forName(java.lang.String, boolean, java.lang.ClassLoader) (Class.java:453)
10-22 20:12:44.040   316   522 I zygote64:   at java.lang.Class java.lang.Class.forName(java.lang.String) (Class.java:378)
10-22 20:12:44.041   316   522 I zygote64:   at void yde.d() (PG:2888)
10-22 20:12:44.041   316   522 I zygote64:   at void yde.a() (PG:19)
10-22 20:12:44.041   316   522 I zygote64:   at void jkv.run() (PG:39)
