10-22 20:23:27.940  3957  3981 D CustomFrequencyManagerService: releaseDVFSLockLocked : Getting Lock type frm List : DVFS_MIN_LIMIT  frequency : 1560000  uid : 1000  pid : 3957  tag : AMS_APP_SWITCH@CPU_MIN@52
10-22 20:23:27.941  3957  3981 D ActivityManagerPerformance: AMP_release() APP_SWITCH
10-22 20:23:27.941  3957  3973 D WindowManager: set systemUiVisibility : systemUiFlags= 0x2618 fullscreenStackSysUiFlags= 0x2000
10-22 20:23:27.942  5388  5388 V InputMethodManager: Starting input: tba=android.view.inputmethod.EditorInfo@4ad9d22 nm : org.mozilla.fenix ic=null
10-22 20:23:27.942  5388  5388 I InputMethodManager: startInputInner - mService.startInputOrWindowGainedFocus
10-22 20:23:27.942  3957  4602 D InputMethodManagerService: startInputOrWindowGainedFocus : windowGainedFocus 
10-22 20:23:27.942  3599  3918 D DnsProxyListener: DNSDBG::dns addrinfo af 2
10-22 20:23:27.943  3957  4602 D InputMethodManagerService: windowGainedFocus: destinationUserId (getCallingUid) = 0
10-22 20:23:27.943  3957  4602 D InputMethodManagerService: windowGainedFocus: currentUserId=0
10-22 20:23:27.943  3957  4602 D InputMethodManagerService: windowGainedFocus: mCurrentFocusedUserId=0
10-22 20:23:27.943  3957  4602 D InputMethodManagerService: windowGainedFocus : lock - currentUserId = 0 destinationUserId = 0
10-22 20:23:27.943  3599  3918 D DnsProxyListener: DNSDBG::dns addrinfo af 0
10-22 20:23:27.943  3957  4602 D InputMethodManagerService: windowGainedFocus : mCurrentFocusedUserId - 0 and mSecureKeypadEnabled - false, userSwitched - false
10-22 20:23:27.947  3957  5416 D WindowManager: adjustSystemUiVisibilityLw : vis= 0x2618
10-22 20:23:27.947  3957  4602 V InputMethodManagerService: windowGainedFocus : reason=WINDOW_FOCUS_GAIN client=android.os.BinderProxy@7324060 inputContext=null missingMethods= attribute=android.view.inputmethod.EditorInfo@89f3a89 nm = org.mozilla.fenix controlFlags=#104 softInputMode=#110 windowFlags=#81010100
10-22 20:23:27.947  3957  4602 V InputMethodManagerService: hideCurrentInputLocked : shouldHideSoftInput is false
10-22 20:23:27.948  3957  4602 D InputMethodManagerService: isImeSwitcherDisabledPackage : false
10-22 20:23:27.948  3957  4602 V InputMethodManagerService: Creating new session for client ClientState{e97da8e uid 10169 pid 5388}
10-22 20:23:27.951  3957  4602 D InputMethodManagerService: setCurrentInputInfo - inputContext : null eidtorInfo : android.view.inputmethod.EditorInfo@89f3a89 missingMethods : 0
10-22 20:23:27.952  8846  8846 I InputMethodWrapper:  call dispatchStartInputWithToken
10-22 20:23:27.952  8846  8846 I InputMethodService: dispatchStartInputWithToken
10-22 20:23:27.952  9273  9310 D ScanRecord: Not a Multi Manu data
10-22 20:23:27.952  8846  8846 I SKBD    : SamsungKeypad [IMI] onStartInput - caller pid : 5388, caller uid : 10169
10-22 20:23:27.952  9273  9310 I chatty  : uid=1002(bluetooth) expire 3 lines
10-22 20:23:27.952  9273  9310 D ScanRecord: Not a Multi Manu data
10-22 20:23:27.952  9273  9310 D ScanRecord: Not a Multi Manu data
10-22 20:23:27.953  9273  9310 I chatty  : uid=1002(bluetooth) identical 4 lines
10-22 20:23:27.953  9273  9310 D ScanRecord: Not a Multi Manu data
10-22 20:23:27.953  5583  5583 D TimaKeyStoreProvider: TimaKeyStore is not enabled: cannot add TimaSignature Service and generateKeyPair Service
10-22 20:23:27.954  5583  5583 D ActivityThread: Added TimaKeyStore provider
10-22 20:23:27.956  3957  5416 I ActivityManager: DSS on for com.android.vending and scale is 1.0
10-22 20:23:27.960  9273  9310 D ScanRecord: Not a Multi Manu data
10-22 20:23:27.960  9273  9310 I chatty  : uid=1002(bluetooth) identical 9 lines
10-22 20:23:27.960  9273  9310 D ScanRecord: Not a Multi Manu data
10-22 20:23:27.963  3957  4129 D WifiStateMachine:  ConnectedState !RSSI_PKTCNT_FETCH uid=1000 rt=605414548/1661390020 0 0 "ourhome" f4:6d:2f:12:cc:88 rssi=-41 f=5240 sc=60 link=433 tx=1.0, 0.0, 0.0  rx=9.2 bcn=618253 [on:0 tx:0 rx:0 period:851] from screen [on:703549 period:3951631] score=60
10-22 20:23:27.965  3957  4129 D WifiStateMachine:  L2ConnectedState !RSSI_PKTCNT_FETCH uid=1000 rt=605414549/1661390022 0 0 "ourhome" f4:6d:2f:12:cc:88 rssi=-41 f=5240 sc=60 link=433 tx=1.0, 0.0, 0.0  rx=9.2 bcn=618253 [on:0 tx:0 rx:0 period:2] from screen [on:703549 period:3951633] score=60
10-22 20:23:27.966  3599  3918 D DnsProxyListener: DNSDBG::dns addrinfo af 0
10-22 20:23:27.966  3957  4129 D WifiStateMachine: fetchRssiLinkSpeedAndFrequencyNative rssi=-44 linkspeed=433 freq=5240
10-22 20:23:27.966  3957  4129 V WifiConfigManager: Updating scan detail cache freq=5240 BSSID=f4:6d:2f:12:cc:88 RSSI=-42 for "ourhome"WPA_PSK
10-22 20:23:27.969  3447  3447 I SurfaceFlinger: Display 0 HWC layers:
10-22 20:23:27.969  3447  3447 I SurfaceFlinger:     type    |    handle    | flag |  format   |   source crop (l,t,r,b)    |         frame       | name 
10-22 20:23:27.969  3447  3447 I SurfaceFlinger: ------------+--------------+------+-----------+----------------------------+---------------------+------
10-22 20:23:27.969  3447  3447 I SurfaceFlinger:      Device | 0x7ea5024e40 | 0000 | RGBA_8888 |   0.0    0.0  720.0 1280.0 |    0    0  720 1280 | org.mozilla.fenix/org.mozilla.fenix.App#0
10-22 20:23:27.969  3447  3447 I SurfaceFlinger:      Device | 0x7ea5024000 | 0000 | RGBA_8888 |   0.0    0.0  720.0 1280.0 |    0    0  720 1280 | Splash Screen org.mozilla.fenix#0
10-22 20:23:27.969  3447  3447 I SurfaceFlinger:      Device | 0x7ea5024540 | 0000 | RGBA_8888 |   0.0    0.0  720.0   42.0 |    0    0  720   42 | StatusBar#0
10-22 20:23:27.969  3447  3447 I SurfaceFlinger: 
10-22 20:23:27.971  9273  9310 D ScanRecord: Not a Multi Manu data
10-22 20:23:27.977  9273  9310 I chatty  : uid=1002(bluetooth) identical 31 lines
10-22 20:23:27.977  9273  9310 D ScanRecord: Not a Multi Manu data
10-22 20:23:27.988  5388  5612 I libglean_ffi: glean_core::upload: New upload task with id 3104b402-7ab3-4d57-9b11-d7fe765ade33 (path: /submit/org-mozilla-fenix/events/1/3104b402-7ab3-4d57-9b11-d7fe765ade33)
10-22 20:23:27.992  9273  9310 D ScanRecord: Not a Multi Manu data
10-22 20:23:27.998  9273  9310 I chatty  : uid=1002(bluetooth) identical 20 lines
10-22 20:23:27.998  9273  9310 D ScanRecord: Not a Multi Manu data
10-22 20:23:28.000  5543  5575 W linker  : "/data/app/org.mozilla.fenix-iWpGOrf8cry6RDpwHyQugA==/lib/arm64/libmozglue.so" unused DT entry: type 0x8000024 arg 0x38f70
10-22 20:23:28.001  5543  5575 W linker  : "/data/app/org.mozilla.fenix-iWpGOrf8cry6RDpwHyQugA==/lib/arm64/libmozglue.so" unused DT entry: type 0x8000023 arg 0x1f8
10-22 20:23:28.001  5543  5575 W linker  : "/data/app/org.mozilla.fenix-iWpGOrf8cry6RDpwHyQugA==/lib/arm64/libmozglue.so" unused DT entry: type 0x8000025 arg 0x8
10-22 20:23:28.005  3957  5416 D ConnectivityService: filterNetworkStateForUid() uid: 10169 networkInfo: [type: WIFI[] - WIFI, state: CONNECTED/CONNECTED, reason: (unspecified), extra: "ourhome", failover: false, available: true, roaming: false, metered: false]
10-22 20:23:28.005  3957  5416 D WifiService: getConnectionInfo uid=1000
10-22 20:23:28.006  3957  5416 I chatty  : uid=1000(system) Binder:3957_10 identical 1 line
10-22 20:23:28.006  3957  5416 D WifiService: getConnectionInfo uid=1000
10-22 20:23:28.007  5543  5575 I GeckoLoader: Library base=/data/app/org.mozilla.fenix-iWpGOrf8cry6RDpwHyQugA==/lib/arm64
10-22 20:23:28.007  3957  5416 D ConnectivityService: filterNetworkStateForUid() uid: 10169 networkInfo: [type: WIFI[] - WIFI, state: CONNECTED/CONNECTED, reason: (unspecified), extra: "ourhome", failover: false, available: true, roaming: false, metered: false]
10-22 20:23:28.007  5543  5575 I GeckoLoader: Library base=/data/app/org.mozilla.fenix-iWpGOrf8cry6RDpwHyQugA==/lib/arm64
10-22 20:23:28.007  3957  5416 D WifiService: getConnectionInfo uid=1000
10-22 20:23:28.009  5388  5388 V InputMethodManager: Starting input: tba=android.view.inputmethod.EditorInfo@621595d nm : org.mozilla.fenix ic=null
10-22 20:23:28.009  5543  5575 E GeckoLibLoad: Load sqlite start
10-22 20:23:28.011  5543  5575 W linker  : "/data/app/org.mozilla.fenix-iWpGOrf8cry6RDpwHyQugA==/lib/arm64/libnss3.so" unused DT entry: type 0x8000024 arg 0x14998
10-22 20:23:28.012  5543  5575 W linker  : "/data/app/org.mozilla.fenix-iWpGOrf8cry6RDpwHyQugA==/lib/arm64/libnss3.so" unused DT entry: type 0x8000023 arg 0x5c8
10-22 20:23:28.012  5543  5575 W linker  : "/data/app/org.mozilla.fenix-iWpGOrf8cry6RDpwHyQugA==/lib/arm64/libnss3.so" unused DT entry: type 0x8000025 arg 0x8
10-22 20:23:28.014  5543  5575 E GeckoLibLoad: Load sqlite done
10-22 20:23:28.014  5543  5575 I GeckoLoader: Library base=/data/app/org.mozilla.fenix-iWpGOrf8cry6RDpwHyQugA==/lib/arm64
10-22 20:23:28.015  5543  5575 E GeckoLibLoad: Load nss start
10-22 20:23:28.015  5543  5575 E GeckoLibLoad: Load nss done
10-22 20:23:28.015  5543  5575 I GeckoLoader: Library base=/data/app/org.mozilla.fenix-iWpGOrf8cry6RDpwHyQugA==/lib/arm64
10-22 20:23:28.016  5583  5583 I zygote64: no shared libraies, dex_files: 1
10-22 20:23:28.017  9273  9310 D ScanRecord: Not a Multi Manu data
10-22 20:23:28.017  9273  9310 I chatty  : uid=1002(bluetooth) identical 9 lines
10-22 20:23:28.017  9273  9310 D ScanRecord: Not a Multi Manu data
10-22 20:23:28.019 11094 11094 E adbd    : recv: OPEN 00033723 00000000 0042:73 68 65 6C 6C 2C 76 32 2C 54 45 52 4D 3D 78 74 65 72 6D 2D 32 35 36 63 6F 6C 6F 72 2C 72 61 77 3A 67 65 74 70 72 6F 70 20 72 6F 2E 62 75 69 6C 64 2E 76 65 72 73 69 6F 6E 2E 72 65 6C 65 61 73 65 00 
10-22 20:23:28.020 11094 11094 E adbd    : service_to_fd: shell,v2,TERM=xterm-256color,raw:getprop ro.build.version.release
10-22 20:23:28.021  5543  5575 W linker  : "/data/app/org.mozilla.fenix-iWpGOrf8cry6RDpwHyQugA==/lib/arm64/libxul.so" unused DT entry: type 0x8000024 arg 0x539420
10-22 20:23:28.021  5543  5575 W linker  : "/data/app/org.mozilla.fenix-iWpGOrf8cry6RDpwHyQugA==/lib/arm64/libxul.so" unused DT entry: type 0x8000023 arg 0x17d68
10-22 20:23:28.021  5543  5575 W linker  : "/data/app/org.mozilla.fenix-iWpGOrf8cry6RDpwHyQugA==/lib/arm64/libxul.so" unused DT entry: type 0x8000025 arg 0x8
10-22 20:23:28.031  9273  9310 D ScanRecord: Not a Multi Manu data
10-22 20:23:28.031  9273  9310 I chatty  : uid=1002(bluetooth) identical 9 lines
10-22 20:23:28.031  9273  9310 D ScanRecord: Not a Multi Manu data
10-22 20:23:28.047  3599  3918 D DnsProxyListener: DNSDBG::dns addrinfo af 0
10-22 20:23:28.048  9273  9310 D ScanRecord: Not a Multi Manu data
10-22 20:23:28.048  9273  9310 I chatty  : uid=1002(bluetooth) identical 9 lines
10-22 20:23:28.048  9273  9310 D ScanRecord: Not a Multi Manu data
10-22 20:23:28.055  5388  5399 I zygote64: Background concurrent copying GC freed 52175(2MB) AllocSpace objects, 30(712KB) LOS objects, 50% free, 2MB/5MB, paused 3.789ms total 109.277ms
10-22 20:23:28.056  9273  9310 D ScanRecord: Not a Multi Manu data
10-22 20:23:28.069  9273  9310 I chatty  : uid=1002(bluetooth) identical 31 lines
10-22 20:23:28.069  9273  9310 D ScanRecord: Not a Multi Manu data
10-22 20:23:28.076  5543  5575 E GeckoLibLoad: Loaded libs in 58.476269ms total, 12ms(12ms) user, 24ms(28ms) system, 0(0) faults
10-22 20:23:28.076  5543  5575 W GeckoThread: zerdatime 1661390134 - runGecko
10-22 20:23:28.079  9273  9310 D ScanRecord: Not a Multi Manu data
10-22 20:23:28.086  9273  9310 I chatty  : uid=1002(bluetooth) identical 31 lines
10-22 20:23:28.086  9273  9310 D ScanRecord: Not a Multi Manu data
10-22 20:23:28.099  3957  4128 D WifiService: getConnectionInfo uid=1000
10-22 20:23:28.104  5388  5388 D skia    : approximate: numPoints=40, lengths[39]=620.200073, totalLength=620.200073, segmentPoints[39]=[422.600037,0.000000]
10-22 20:23:28.104  5388  5388 D skia    : approximate: approximation[117]=1.000000, approximation[118]=422.600037, approximation[119]=0.000000
10-22 20:23:28.107  5388  5388 D skia    : approximate: numPoints=4, lengths[3]=3.448155, totalLength=3.448155, segmentPoints[3]=[3.000000,0.100000]
10-22 20:23:28.107  5388  5388 D skia    : approximate: approximation[9]=1.000000, approximation[10]=3.000000, approximation[11]=0.100000
10-22 20:23:28.110  5388  5388 D skia    : approximate: numPoints=37, lengths[36]=722.199951, totalLength=722.199951, segmentPoints[36]=[199.600006,0.000000]
10-22 20:23:28.110  5388  5388 D skia    : approximate: approximation[108]=1.000000, approximation[109]=199.600006, approximation[110]=0.000000
10-22 20:23:28.111  5388  5388 D skia    : approximate: numPoints=3, lengths[2]=2.472497, totalLength=2.472497, segmentPoints[2]=[2.000000,0.100000]
10-22 20:23:28.111 11094 11094 E adbd    : recv: OPEN 00033727 00000000 003e:73 68 65 6C 6C 2C 76 32 2C 54 45 52 4D 3D 78 74 65 72 6D 2D 32 35 36 63 6F 6C 6F 72 2C 72 61 77 3A 67 65 74 70 72 6F 70 20 72 6F 2E 62 75 69 6C 64 2E 76 65 72 73 69 6F 6E 2E 73 64 6B 00 
10-22 20:23:28.111  5388  5388 D skia    : approximate: approximation[6]=1.000000, approximation[7]=2.000000, approximation[8]=0.100000
10-22 20:23:28.111 11094 11094 E adbd    : service_to_fd: shell,v2,TERM=xterm-256color,raw:getprop ro.build.version.sdk
10-22 20:23:28.113  3957  4025 I WindowManager: Destroying surface Surface(name=Splash Screen org.mozilla.fenix) called by com.android.server.wm.WindowStateAnimator.destroySurface:2501 com.android.server.wm.WindowStateAnimator.destroySurfaceLocked:985 com.android.server.wm.WindowState.destroyOrSaveSurfaceUnchecked:3670 com.android.server.wm.WindowState.destroySurface:3618 com.android.server.wm.AppWindowToken.destroySurfaces:722 com.android.server.wm.AppWindowToken.destroySurfaces:706 com.android.server.wm.WindowState.onExitAnimationDone:5316 com.android.server.wm.WindowStateAnimator.stepAnimationLocked:550 
10-22 20:23:28.113  3447  3489 I SurfaceFlinger: id=3549 Removed Splash Screen org.mozilla.fenix#0 (4/5)
10-22 20:23:28.114  3447  3447 I SurfaceFlinger: Display 0 HWC layers:
10-22 20:23:28.114  3447  3447 I SurfaceFlinger:     type    |    handle    | flag |  format   |   source crop (l,t,r,b)    |         frame       | name 
10-22 20:23:28.114  3447  3447 I SurfaceFlinger: ------------+--------------+------+-----------+----------------------------+---------------------+------
10-22 20:23:28.114  3447  3447 I SurfaceFlinger:      Device | 0x7ea5024d80 | 0000 | RGBA_8888 |   0.0    0.0  720.0 1280.0 |    0    0  720 1280 | org.mozilla.fenix/org.mozilla.fenix.App#0
10-22 20:23:28.114  3447  3447 I SurfaceFlinger:      Device | 0x7ea50243c0 | 0000 | RGBA_8888 |   0.0    0.0  720.0   42.0 |    0    0  720   42 | StatusBar#0
10-22 20:23:28.114  3447  3447 I SurfaceFlinger: 
10-22 20:23:28.118  5388  5388 V InputMethodManager: Starting input: tba=android.view.inputmethod.EditorInfo@24747f4 nm : org.mozilla.fenix ic=null
10-22 20:23:28.119  5388  5388 I InputMethodManager: startInputInner - mService.startInputOrWindowGainedFocus
10-22 20:23:28.119  3957  5416 D InputMethodManagerService: startInputOrWindowGainedFocus : startInput 
10-22 20:23:28.120  3957  5416 D InputMethodManagerService: setCurrentInputInfo - inputContext : null eidtorInfo : android.view.inputmethod.EditorInfo@b20f2a8 missingMethods : 0
10-22 20:23:28.120  8846  8846 I InputMethodWrapper:  call dispatchStartInputWithToken
10-22 20:23:28.120  8846  8846 I InputMethodService: dispatchStartInputWithToken
10-22 20:23:28.120  8846  8846 I SKBD    : SamsungKeypad [IMI] onStartInput - caller pid : 5388, caller uid : 10169
10-22 20:23:28.122  3447  4088 I SurfaceFlinger: id=3549 Removed Splash Screen org.mozilla.fenix#0 (-2/5)
10-22 20:23:28.126  3447  3447 I Layer   : id=3549 onRemoved Splash Screen org.mozilla.fenix#0 
10-22 20:23:28.143  5543  5575 W AudioCapabilities: Unsupported mime audio/mpeg-L1
10-22 20:23:28.144  5543  5575 W AudioCapabilities: Unsupported mime audio/mpeg-L2
10-22 20:23:28.146  5543  5575 W AudioCapabilities: Unsupported mime audio/x-ms-wma
10-22 20:23:28.148  5543  5575 W AudioCapabilities: Unsupported mime audio/x-ima
10-22 20:23:28.154  5543  5575 W VideoCapabilities: Unrecognized profile 2130706433 for video/avc
10-22 20:23:28.154  5543  5575 W VideoCapabilities: Unrecognized profile 2130706434 for video/avc
10-22 20:23:28.156  5543  5575 W VideoCapabilities: Unrecognized profile 2130706433 for video/avc
10-22 20:23:28.156  5543  5575 W VideoCapabilities: Unrecognized profile 2130706434 for video/avc
10-22 20:23:28.168  5543  5575 W VideoCapabilities: Unrecognized profile 2130706433 for video/avc
10-22 20:23:28.168  5543  5575 W VideoCapabilities: Unrecognized profile 2130706434 for video/avc
10-22 20:23:28.169  5583  5583 W ResourceType: ResTable_typeSpec entry count inconsistent: given 212, previously 242
10-22 20:23:28.170  5543  5575 W VideoCapabilities: Unsupported mime video/avc-wfd
10-22 20:23:28.190 11094 11094 E adbd    : recv: OPEN 0003372b 00000000 0042:73 68 65 6C 6C 2C 76 32 2C 54 45 52 4D 3D 78 74 65 72 6D 2D 32 35 36 63 6F 6C 6F 72 2C 72 61 77 3A 67 65 74 70 72 6F 70 20 72 6F 2E 62 75 69 6C 64 2E 76 65 72 73 69 6F 6E 2E 72 65 6C 65 61 73 65 00 
10-22 20:23:28.190 11094 11094 E adbd    : service_to_fd: shell,v2,TERM=xterm-256color,raw:getprop ro.build.version.release
10-22 20:23:28.199  3957  4602 V WindowManager: Relayout Window{ef23dde u0 org.mozilla.fenix/org.mozilla.fenix.App}: viewVisibility=0 req=720x1280 WM.LayoutParams{(0,0)(fillxfill) sim=#10 ty=1 fl=#81010100 pfl=0x20000 fmt=-3 wanim=0x7f1404fa vsysui=0x2610 needsMenuKey=2 colorMode=0 naviIconColor=0}
10-22 20:23:28.204  5388  5388 D ViewRootImpl@6a20c26[App]: Relayout returned: old=[0,0][720,1280] new=[0,0][720,1280] result=0x1 surface={valid=true 499293634560} changed=false
10-22 20:23:28.209  5543  5575 I VideoCapabilities: Unsupported profile 4 for video/mp4v-es
10-22 20:23:28.226  8860 32088 I FontLog : (REDACTED) Received query %s, URI %s
10-22 20:23:28.227  8860 32088 I FontLog : (REDACTED) Query [%s] resolved to %s
10-22 20:23:28.234  8860 32088 I FontLog : (REDACTED) Fetch %s end status %s
10-22 20:23:28.240  8860 32088 I FontLog : (REDACTED) Pulling font file for id = %d, cache size = %d
10-22 20:23:28.242  5388  5388 I DefaultSupportedAddonsChecker: Unregister check for new supported add-ons
10-22 20:23:28.245  3957  4602 V WindowManager: rotationForOrientationLw(orient=2, last=0); user=0  sensorRotation=-1 mLidState=-1 mDockMode=0 mHdmiPlugged=false
10-22 20:23:28.253 11094 11094 E adbd    : recv: OPEN 0003372f 00000000 003e:73 68 65 6C 6C 2C 76 32 2C 54 45 52 4D 3D 78 74 65 72 6D 2D 32 35 36 63 6F 6C 6F 72 2C 72 61 77 3A 67 65 74 70 72 6F 70 20 72 6F 2E 62 75 69 6C 64 2E 76 65 72 73 69 6F 6E 2E 73 64 6B 00 
10-22 20:23:28.253 11094 11094 E adbd    : service_to_fd: shell,v2,TERM=xterm-256color,raw:getprop ro.build.version.sdk
10-22 20:23:28.253  8860 32088 I FontLog : (REDACTED) Pulling font file for id = %d, cache size = %d
10-22 20:23:28.254  3957  4602 V WindowManager: Relayout Window{ef23dde u0 org.mozilla.fenix/org.mozilla.fenix.App}: viewVisibility=0 req=720x1280 WM.LayoutParams{(0,0)(fillxfill) sim=#10 ty=1 fl=#81010100 pfl=0x20000 fmt=-3 wanim=0x7f1404fa vsysui=0x2610 needsMenuKey=2 colorMode=0 naviIconColor=0}
10-22 20:23:28.255  5543  5575 W VideoCapabilities: Unrecognized profile/level 1/32 for video/mp4v-es
10-22 20:23:28.255  5543  5575 W VideoCapabilities: Unrecognized profile/level 32768/2 for video/mp4v-es
10-22 20:23:28.255  5543  5575 W VideoCapabilities: Unrecognized profile/level 32768/64 for video/mp4v-es
10-22 20:23:28.256  5543  5575 W VideoCapabilities: Unsupported mime video/wvc1
10-22 20:23:28.258  5543  5575 W VideoCapabilities: Unsupported mime video/x-ms-wmv
10-22 20:23:28.259  5388  5388 D ViewRootImpl@6a20c26[App]: Relayout returned: old=[0,0][720,1280] new=[0,0][720,1280] result=0x1 surface={valid=true 499293634560} changed=false
10-22 20:23:28.263  5543  5575 W VideoCapabilities: Unsupported mime video/x-ms-wmv7
10-22 20:23:28.266  5543  5575 W VideoCapabilities: Unsupported mime video/x-ms-wmv8
10-22 20:23:28.267  5388  5388 I WebExtension: releasePendingMessages: extension=webcompat-reporter@mozilla.org nativeApp=mozacWebcompatReporter session=null
10-22 20:23:28.270  5388  5388 I WebExtension: releasePendingMessages: extension=fxa@mozac.org nativeApp=mozacWebchannelBackground session=null
10-22 20:23:28.273  5543  5575 W VideoCapabilities: Unsupported mime video/mp43
10-22 20:23:28.285  5543  5575 W AudioCapabilities: Unsupported mime audio/mpeg-L1
10-22 20:23:28.285  5543  5575 W AudioCapabilities: Unsupported mime audio/mpeg-L2
10-22 20:23:28.285  5543  5575 W AudioCapabilities: Unsupported mime audio/x-ms-wma
10-22 20:23:28.285  5543  5575 W AudioCapabilities: Unsupported mime audio/x-ima
10-22 20:23:28.287  5543  5575 W VideoCapabilities: Unrecognized profile 2130706433 for video/avc
10-22 20:23:28.287  5543  5575 W VideoCapabilities: Unrecognized profile 2130706434 for video/avc
10-22 20:23:28.289  5543  5575 W VideoCapabilities: Unrecognized profile/level 1/32 for video/mp4v-es
10-22 20:23:28.289  5543  5575 W VideoCapabilities: Unrecognized profile/level 32768/2 for video/mp4v-es
10-22 20:23:28.290  5543  5575 W VideoCapabilities: Unrecognized profile/level 32768/64 for video/mp4v-es
10-22 20:23:28.290  5543  5575 W VideoCapabilities: Unsupported mime video/wvc1
10-22 20:23:28.291  5543  5575 W VideoCapabilities: Unsupported mime video/x-ms-wmv
10-22 20:23:28.291  5543  5575 W VideoCapabilities: Unsupported mime video/x-ms-wmv7
10-22 20:23:28.292  5543  5575 W VideoCapabilities: Unsupported mime video/x-ms-wmv8
10-22 20:23:28.293  5543  5575 W VideoCapabilities: Unsupported mime video/mp43
10-22 20:23:28.305  5388  5388 I WebExtension: releasePendingMessages: extension=fxa@mozac.org nativeApp=mozacWebchannel session=org.mozilla.geckoview.GeckoSession@b437321
10-22 20:23:28.309  5388  5388 I SessionPrioritizationMiddleware: Update the currentSelectedTab 7f93960a-d5ab-49b5-96cc-c70672d2a791 priority to HIGH
10-22 20:23:28.315  5388  5388 I WebExtension: releasePendingMessages: extension=icons@mozac.org nativeApp=MozacBrowserIcons session=org.mozilla.geckoview.GeckoSession@b437321
10-22 20:23:28.315  5388  5388 I WebExtension: releasePendingMessages: extension=ads@mozac.org nativeApp=MozacBrowserAdsMessage session=org.mozilla.geckoview.GeckoSession@b437321
10-22 20:23:28.315  5388  5388 I WebExtension: releasePendingMessages: extension=cookies@mozac.org nativeApp=MozacBrowserSearchMessage session=org.mozilla.geckoview.GeckoSession@b437321
10-22 20:23:28.315  5388  5421 W ResourceType: Too many attribute references, stopped at: 0x01010099
10-22 20:23:28.318 11094 11094 E adbd    : recv: OPEN 00033733 00000000 015d:73 68 65 6C 6C 2C 76 32 2C 54 45 52 4D 3D 78 74 65 72 6D 2D 32 35 36 63 6F 6C 6F 72 2C 72 61 77 3A 61 6D 20 73 74 61 72 74 2D 66 6F 72 65 67 72 6F 75 6E 64 2D 73 65 72 76 69 63 65 20 2D 6E 20 22 63 6F 6D 2E 65 78 61 6D 70 6C 65 2E 62 61 74 74 65 72 79 6D 61 6E 61 67 65 72 5F 75 74 69 6C 69 74 79 2F 63 6F 6D 2E 65 78 61 6D 70 6C 65 2E 62 61 74 74 65 72 79 6D 61 6E 61 67 65 72 5F 75 74 69 6C 69 74 79 2E 44 61 74 61 43 6F 6C 6C 65 63 74 69 6F 6E 53 65 72 76 69 63 65 22 20 2D 2D 65 69 20 73 61 6D 70 6C 65 52 61 74 65 20 31 30 30 20 2D 2D 65 73 20 22 64 61 74 61 46 69 65 6C 64 73 22 20 22 42 41 54 54 45 52 59 5F 50 52 4F 50 45 52 54 59 5F 43 55 52 52 45 4E 54 5F 4E 4F 57 2C 45 58 54 52 41 5F 56 4F 4C 54 41 47 45 2C 42 41 54 54 45 52 59 5F 50 52 4F 50 45 52 54 59 5F 43 55 52 52 45 4E 54 5F 41 56 45 52 41 47 45 2C 42 41 54 54 45 52 59 5F 50 52 4F 50 45 52 54 59 5F 43 48 41 52 47 45 5F 43 4F 55 4E 54 45 52 2C 42 41 54 54 45 52 59 5F 50 52 4F 50 45 52 54 59 5F 43 41 50 41 43 49 54 59
10-22 20:23:28.318 11094 11094 E adbd    : service_to_fd: shell,v2,TERM=xterm-256color,raw:am start-foreground-service -n "com.example.batterymanager_utility/com.example.batterymanager_utility.DataCollectionService" --ei sampleRate 100 --es "dataFields" "BATTERY_PROPERTY_CURRENT_NOW,EXTRA_VOLTAGE,BATTERY_PROPERTY_CURRENT_AVERAGE,BATTERY_PROPERTY_CHARGE_COUNTER,BATTERY_PROPERTY_CAPACITY" --ez toCSV false
10-22 20:23:28.330  5388  5388 I WebExtension: releasePendingMessages: extension=readerview@mozac.org nativeApp=mozacReaderview session=org.mozilla.geckoview.GeckoSession@b437321
10-22 20:23:28.330  5388  5388 I WebExtension: releasePendingMessages: extension=readerview@mozac.org nativeApp=mozacReaderviewActive session=org.mozilla.geckoview.GeckoSession@b437321
10-22 20:23:28.330  5388  5388 I WebExtension: releasePendingMessages: extension=readerview@mozac.org nativeApp=mozacReaderview session=org.mozilla.geckoview.GeckoSession@b437321
10-22 20:23:28.373  5583  5583 I Finsky  : [2] khj.i(84): Process created at version: 37.9.18-21 [0] [PR] 571399392
10-22 20:23:28.381  5473  5501 W linker  : "/data/app/org.mozilla.fenix-iWpGOrf8cry6RDpwHyQugA==/lib/arm64/libmozglue.so" unused DT entry: type 0x8000024 arg 0x38f70
10-22 20:23:28.381  5473  5501 W linker  : "/data/app/org.mozilla.fenix-iWpGOrf8cry6RDpwHyQugA==/lib/arm64/libmozglue.so" unused DT entry: type 0x8000023 arg 0x1f8
10-22 20:23:28.381  5473  5501 W linker  : "/data/app/org.mozilla.fenix-iWpGOrf8cry6RDpwHyQugA==/lib/arm64/libmozglue.so" unused DT entry: type 0x8000025 arg 0x8
10-22 20:23:28.385  5473  5501 I GeckoLoader: Library base=/data/app/org.mozilla.fenix-iWpGOrf8cry6RDpwHyQugA==/lib/arm64
10-22 20:23:28.385  5473  5501 I GeckoLoader: Library base=/data/app/org.mozilla.fenix-iWpGOrf8cry6RDpwHyQugA==/lib/arm64
10-22 20:23:28.387  5473  5501 E GeckoLibLoad: Load sqlite start
10-22 20:23:28.388  5342  5342 I BatteryMgr:DataCollectionService: onStartCommand: begin
10-22 20:23:28.388  5342  5342 I BatteryMgr:DataCollectionService: onStartCommand: sampleRate => 100
10-22 20:23:28.388  5473  5501 W linker  : "/data/app/org.mozilla.fenix-iWpGOrf8cry6RDpwHyQugA==/lib/arm64/libnss3.so" unused DT entry: type 0x8000024 arg 0x14998
10-22 20:23:28.388  5342  5342 I BatteryMgr:DataCollectionService: onStartCommand: rawFields => Timestamp,BATTERY_PROPERTY_CURRENT_NOW,EXTRA_VOLTAGE,BATTERY_PROPERTY_CURRENT_AVERAGE,BATTERY_PROPERTY_CHARGE_COUNTER,BATTERY_PROPERTY_CAPACITY
10-22 20:23:28.388  5473  5501 W linker  : "/data/app/org.mozilla.fenix-iWpGOrf8cry6RDpwHyQugA==/lib/arm64/libnss3.so" unused DT entry: type 0x8000023 arg 0x5c8
10-22 20:23:28.388  5473  5501 W linker  : "/data/app/org.mozilla.fenix-iWpGOrf8cry6RDpwHyQugA==/lib/arm64/libnss3.so" unused DT entry: type 0x8000025 arg 0x8
10-22 20:23:28.389  5342  5342 I BatteryMgr:DataCollectionService: onStartCommand: notification done
10-22 20:23:28.390  5473  5501 E GeckoLibLoad: Load sqlite done
10-22 20:23:28.390  5342  5342 D Notification: allPendingIntents
10-22 20:23:28.390  5473  5501 I GeckoLoader: Library base=/data/app/org.mozilla.fenix-iWpGOrf8cry6RDpwHyQugA==/lib/arm64
10-22 20:23:28.390  5473  5501 E GeckoLibLoad: Load nss start
10-22 20:23:28.390  5473  5501 E GeckoLibLoad: Load nss done
10-22 20:23:28.391  5473  5501 I GeckoLoader: Library base=/data/app/org.mozilla.fenix-iWpGOrf8cry6RDpwHyQugA==/lib/arm64
10-22 20:23:28.391  5342  5342 I BatteryMgr:DataCollectionService: started foreground
10-22 20:23:28.391  5388  5421 W AudioCapabilities: Unsupported mime audio/mpeg-L1
10-22 20:23:28.392  5388  5421 W AudioCapabilities: Unsupported mime audio/mpeg-L2
10-22 20:23:28.393  3957  3972 D ApplicationPolicy: isStatusBarNotificationAllowedAsUser: packageName = android,userId = 0
10-22 20:23:28.393  3957  3972 D API test: getContainerInfo: value is 
10-22 20:23:28.393  3957  3972 D ApplicationPolicy: isStatusBarNotificationAllowedAsUser: packageName = android,userId = 0
10-22 20:23:28.393  3957  3972 D API test: getContainerInfo: value is 
10-22 20:23:28.393  3957  3972 E NotificationService: Suppressing notification from package by user request.
10-22 20:23:28.394  3957  3972 D ApplicationPolicy: isStatusBarNotificationAllowedAsUser: packageName = com.example.batterymanager_utility,userId = 0
10-22 20:23:28.394  3957  3972 D API test: getContainerInfo: value is 
10-22 20:23:28.394  3957  3972 D ApplicationPolicy: isStatusBarNotificationAllowedAsUser: packageName = com.example.batterymanager_utility,userId = 0
10-22 20:23:28.395  3957  3972 D API test: getContainerInfo: value is 
10-22 20:23:28.395  5473  5501 W linker  : "/data/app/org.mozilla.fenix-iWpGOrf8cry6RDpwHyQugA==/lib/arm64/libxul.so" unused DT entry: type 0x8000024 arg 0x539420
10-22 20:23:28.395  5473  5501 W linker  : "/data/app/org.mozilla.fenix-iWpGOrf8cry6RDpwHyQugA==/lib/arm64/libxul.so" unused DT entry: type 0x8000023 arg 0x17d68
10-22 20:23:28.395  5473  5501 W linker  : "/data/app/org.mozilla.fenix-iWpGOrf8cry6RDpwHyQugA==/lib/arm64/libxul.so" unused DT entry: type 0x8000025 arg 0x8
10-22 20:23:28.396  3957  3957 I AccessibilityManagerService: semOnLightNotification(null), bIsFlashOn : false
10-22 20:23:28.397  3957  3957 D AccessibilityManagerService: Can't use light notification
10-22 20:23:28.397  5388  5421 W AudioCapabilities: Unsupported mime audio/x-ms-wma
10-22 20:23:28.398  5388  5421 W AudioCapabilities: Unsupported mime audio/x-ima
10-22 20:23:28.398  3957  3957 D AudioService: getStreamVolume 5 index 110
10-22 20:23:28.398  5342  5675 I BatteryMgr:DataCollectionService: collectData: begin
10-22 20:23:28.400  3957  5416 D Notification: allPendingIntents
10-22 20:23:28.400  3957  4602 D Notification: allPendingIntents
10-22 20:23:28.400  4340  4340 D StatusBar: addNotification key=0|com.example.batterymanager_utility|1|null|10170 fullscreen:false
10-22 20:23:28.404  5388  5421 W VideoCapabilities: Unrecognized profile 2130706433 for video/avc
10-22 20:23:28.404  5388  5421 W VideoCapabilities: Unrecognized profile 2130706434 for video/avc
10-22 20:23:28.406  5342  5675 I BatteryMgr:DataCollectionService: stats => 1697999008406,-25,4308,165,0,100
10-22 20:23:28.406  5388  5421 W VideoCapabilities: Unrecognized profile 2130706433 for video/avc
10-22 20:23:28.406  5388  5421 W VideoCapabilities: Unrecognized profile 2130706434 for video/avc
10-22 20:23:28.412 11094 11094 E adbd    : recv: OPEN 00033737 00000000 0042:73 68 65 6C 6C 2C 76 32 2C 54 45 52 4D 3D 78 74 65 72 6D 2D 32 35 36 63 6F 6C 6F 72 2C 72 61 77 3A 67 65 74 70 72 6F 70 20 72 6F 2E 62 75 69 6C 64 2E 76 65 72 73 69 6F 6E 2E 72 65 6C 65 61 73 65 00 
10-22 20:23:28.412 11094 11094 E adbd    : service_to_fd: shell,v2,TERM=xterm-256color,raw:getprop ro.build.version.release
10-22 20:23:28.417  5473  5501 E GeckoLibLoad: Loaded libs in 25.784154ms total, 8ms(8ms) user, 16ms(20ms) system, 0(0) faults
10-22 20:23:28.417  5473  5501 W GeckoThread: zerdatime 1661390475 - runGecko
10-22 20:23:28.421  5388  5421 W VideoCapabilities: Unrecognized profile 2130706433 for video/avc
10-22 20:23:28.421  5388  5421 W VideoCapabilities: Unrecognized profile 2130706434 for video/avc
10-22 20:23:28.427  5388  5421 W VideoCapabilities: Unsupported mime video/avc-wfd
10-22 20:23:28.457 11094 11094 E adbd    : recv: OPEN 0003373b 00000000 003e:73 68 65 6C 6C 2C 76 32 2C 54 45 52 4D 3D 78 74 65 72 6D 2D 32 35 36 63 6F 6C 6F 72 2C 72 61 77 3A 67 65 74 70 72 6F 70 20 72 6F 2E 62 75 69 6C 64 2E 76 65 72 73 69 6F 6E 2E 73 64 6B 00 
10-22 20:23:28.458 11094 11094 E adbd    : service_to_fd: shell,v2,TERM=xterm-256color,raw:getprop ro.build.version.sdk
10-22 20:23:28.458  5388  5421 I VideoCapabilities: Unsupported profile 4 for video/mp4v-es
10-22 20:23:28.486  4340  4340 D KeyguardUpdateMonitor: handleStatusBarState( false )
10-22 20:23:28.486  5388  5421 W VideoCapabilities: Unrecognized profile/level 1/32 for video/mp4v-es
10-22 20:23:28.487  5388  5421 W VideoCapabilities: Unrecognized profile/level 32768/2 for video/mp4v-es
10-22 20:23:28.487  5388  5421 W VideoCapabilities: Unrecognized profile/level 32768/64 for video/mp4v-es
10-22 20:23:28.487  3957  4089 D MdnieScenarioControlService:  packageName : org.mozilla.fenix    className : org.mozilla.fenix.App
10-22 20:23:28.487  3957  4089 V MdnieScenarioControlService: setUIMode from UI function(3)
10-22 20:23:28.489  5388  5421 W VideoCapabilities: Unsupported mime video/wvc1
10-22 20:23:28.490  5388  5421 W VideoCapabilities: Unsupported mime video/x-ms-wmv
10-22 20:23:28.492  5388  5421 W VideoCapabilities: Unsupported mime video/x-ms-wmv7
10-22 20:23:28.494  5388  5421 W VideoCapabilities: Unsupported mime video/x-ms-wmv8
10-22 20:23:28.495  5388  5421 W VideoCapabilities: Unsupported mime video/mp43
10-22 20:23:28.502  5388  5421 W AudioCapabilities: Unsupported mime audio/mpeg-L1
10-22 20:23:28.502  5388  5421 W AudioCapabilities: Unsupported mime audio/mpeg-L2
10-22 20:23:28.502  5388  5421 W AudioCapabilities: Unsupported mime audio/x-ms-wma
10-22 20:23:28.502  5388  5421 W AudioCapabilities: Unsupported mime audio/x-ima
10-22 20:23:28.505  5388  5421 W VideoCapabilities: Unrecognized profile 2130706433 for video/avc
10-22 20:23:28.506  5388  5421 W VideoCapabilities: Unrecognized profile 2130706434 for video/avc
10-22 20:23:28.510  5388  5421 W VideoCapabilities: Unrecognized profile/level 1/32 for video/mp4v-es
10-22 20:23:28.510  5388  5421 W VideoCapabilities: Unrecognized profile/level 32768/2 for video/mp4v-es
10-22 20:23:28.510  5388  5421 W VideoCapabilities: Unrecognized profile/level 32768/64 for video/mp4v-es
10-22 20:23:28.511  5388  5421 W VideoCapabilities: Unsupported mime video/wvc1
10-22 20:23:28.511  5388  5421 W VideoCapabilities: Unsupported mime video/x-ms-wmv
10-22 20:23:28.512  5388  5421 W VideoCapabilities: Unsupported mime video/x-ms-wmv7
10-22 20:23:28.513  5388  5421 W VideoCapabilities: Unsupported mime video/x-ms-wmv8
10-22 20:23:28.513  5388  5421 W VideoCapabilities: Unsupported mime video/mp43
10-22 20:23:28.514  5342  5675 I BatteryMgr:DataCollectionService: stats => 1697999008514,-25,4308,165,0,100
10-22 20:23:28.527  5543  5625 D libGLESv2: STS_GLApi : DTS, ODTC are not allowed for Package : org.mozilla.fenix:gpu
10-22 20:23:28.531  5543  5557 V Surface : sf_framedrop debug : 0x4f4c, game : false, logging : 0
10-22 20:23:28.535  5543  5625 D mali_winsys: EGLint new_window_surface(egl_winsys_display *, void *, EGLSurface, EGLConfig, egl_winsys_surface **, egl_color_buffer_format *, EGLBoolean) returns 0x3000,  [720x1238]-format:2
10-22 20:23:28.540  3957  3957 D CustomFrequencyManagerService: releaseDVFSLockLocked : Getting Lock type frm List : DVFS_MIN_LIMIT  frequency : 1560000  uid : 1000  pid : 3957  tag : AMS_RESUME_TAIL@CPU_MIN@58
10-22 20:23:28.543  5388  5421 I GeckoSession: zerdatime 1661390601 - chrome startup finished
10-22 20:23:28.566  5388  5388 I GeckoSession: handleMessage GeckoView:PageStart uri=
10-22 20:23:28.567  5388  5388 I GeckoSession: handleMessage GeckoView:PageStop uri=null
10-22 20:23:28.603  3599  3918 D DnsProxyListener: DNSDBG::dns addrinfo af 0
10-22 20:23:28.607  3599  3918 I chatty  : uid=0(root) /system/bin/netd identical 1 line
10-22 20:23:28.608  3599  3918 D DnsProxyListener: DNSDBG::dns addrinfo af 0
10-22 20:23:28.617  5388  5388 I GeckoSession: handleMessage GeckoView:PageStart uri=
10-22 20:23:28.626  5342  5675 I BatteryMgr:DataCollectionService: stats => 1697999008626,-25,4308,165,0,100
10-22 20:23:28.657  5388  5399 I zygote64: Background concurrent copying GC freed 46355(1913KB) AllocSpace objects, 1(20KB) LOS objects, 49% free, 3MB/7MB, paused 2.123ms total 154.606ms
10-22 20:23:28.665  3447  3447 I SurfaceFlinger: Display 0 HWC layers:
10-22 20:23:28.665  3447  3447 I SurfaceFlinger:     type    |    handle    | flag |  format   |   source crop (l,t,r,b)    |         frame       | name 
10-22 20:23:28.665  3447  3447 I SurfaceFlinger: ------------+--------------+------+-----------+----------------------------+---------------------+------
10-22 20:23:28.665  3447  3447 I SurfaceFlinger:      Device | 0x7ea5024240 | 0000 | RGBx_8888 |   0.0    0.0  720.0 1238.0 |    0   42  720 1280 | SurfaceView - org.mozilla.fenix/org.mozilla.fenix.App@f28b7ba@0#0
10-22 20:23:28.665  3447  3447 I SurfaceFlinger:      Device | 0x7ea5024e40 | 0000 | RGBA_8888 |   0.0    0.0  720.0 1280.0 |    0    0  720 1280 | org.mozilla.fenix/org.mozilla.fenix.App#0
10-22 20:23:28.665  3447  3447 I SurfaceFlinger:      Device | 0x7ea50243c0 | 0000 | RGBA_8888 |   0.0    0.0  720.0   42.0 |    0    0  720   42 | StatusBar#0
10-22 20:23:28.665  3447  3447 I SurfaceFlinger: 
10-22 20:23:28.707  5388  5421 D GeckoIdleService: Setting timer a day from now
10-22 20:23:28.737  5342  5675 I BatteryMgr:DataCollectionService: stats => 1697999008737,-25,4308,165,0,100
10-22 20:23:28.742  5583  5726 I Finsky  : [23102] aiff.bk(289): Finished reading experiment flags from file [0tGUNCGIkbk4o6-fQ335kUYSKwVj4lusnHT-A5Dsy08] numFlags=1259.
10-22 20:23:28.755  5583  5726 I Finsky  : [23102] aiff.bk(289): Finished reading experiment flags from file [Se-xCc4LzNyh3UrKMIU2sUf-PUKz4oQEbpKZDMuaFno] numFlags=1771.
10-22 20:23:28.767  5583  5728 E Finsky  : Getting early startup flag value without initialization: PhoneskyPhenotype__enable_flag_update_entry_point
10-22 20:23:28.767  5583  5601 I zygote64: Background concurrent copying GC freed 3677(1128KB) AllocSpace objects, 2(40KB) LOS objects, 50% free, 1553KB/3MB, paused 7.122ms total 62.190ms
10-22 20:23:28.804  3957  4602 D StorageManagerService: getExternalStorageMountMode : 1
10-22 20:23:28.804  3957  4602 D StorageManagerService: getExternalStorageMountMode : 3
10-22 20:23:28.805  3957  4602 D StorageManagerService: getExternalStorageMountMode : final mountMode=1, uid : 10169, packageName : org.mozilla.fenix
10-22 20:23:28.805  3957  4602 I ApplicationPolicy: isApplicationExternalStorageWhitelisted:org.mozilla.fenix user:0
10-22 20:23:28.805  3957  4602 D ApplicationPolicy: isApplicationExternalStorageWhitelisted: DO is not enabled on user 0. Allowed.
10-22 20:23:28.805  3957  4602 D ActivityManager: package  org.mozilla.fenix, user - 0 is SDcard whitelisted
10-22 20:23:28.805  3957  4602 I ApplicationPolicy: isApplicationExternalStorageBlacklisted:org.mozilla.fenix user:0
10-22 20:23:28.805  3957  4602 D ApplicationPolicy: isApplicationExternalStorageBlacklisted: DO is not enabled on user 0. Allowed.
10-22 20:23:28.823  3957  4602 I ActivityManager: Start proc 5740:org.mozilla.fenix:tab2/u0a169 for service org.mozilla.fenix/org.mozilla.gecko.process.GeckoChildProcessServices$tab2
10-22 20:23:28.824  5740  5740 E Zygote  : isWhitelistProcess - Process is Whitelisted
10-22 20:23:28.825  5740  5740 E libpersona: scanKnoxPersonas
10-22 20:23:28.825  5740  5740 E libpersona: Couldn't open the File - /data/system/users/0/personalist.xml - No such file or directory
10-22 20:23:28.829  5740  5740 W SELinux : SELinux selinux_android_compute_policy_index : Policy Index[2],  Con:u:r:zygote:s0 RAM:SEPF_SM-J720F_8.0.0_0002, [-1 -1 -1 -1 0 1]
10-22 20:23:28.830  5740  5740 I SELinux : SELinux: seapp_context_lookup: seinfo=untrusted, level=s0:c512,c768, pkgname=org.mozilla.fenix:tab2 
10-22 20:23:28.842  3957  3957 D PreBindingService: handleMessage : 1
10-22 20:23:28.845  5342  5675 I BatteryMgr:DataCollectionService: stats => 1697999008845,-25,4308,165,0,100
10-22 20:23:28.856  5740  5740 D TimaKeyStoreProvider: TimaKeyStore is not enabled: cannot add TimaSignature Service and generateKeyPair Service
10-22 20:23:28.856  5740  5740 D ActivityThread: Added TimaKeyStore provider
10-22 20:23:28.859  3957  5416 I ActivityManager: DSS on for org.mozilla.fenix and scale is 1.0
10-22 20:23:28.879  5740  5740 I zygote64: no shared libraies, dex_files: 1
10-22 20:23:28.923  5583  5728 I Finsky  : [23104] aiff.bk(289): Finished reading experiment flags from file [cDXKMAm20gnql81lkHY0kpZ363Z9OGuPpqWoMw-jNkY] numFlags=1782.
10-22 20:23:28.945  5583  5726 I Finsky  : [23102] kez.Q(10): pcsi: PROCESS_START
10-22 20:23:28.947  3957  4602 D PackageManager: setEnabledSetting : userId = 0 packageName = com.android.vending cmp = com.google.android.finsky.prewarmservice.PrewarmService newState = 1 callingPackage = 10044/com.android.vending
10-22 20:23:28.952  5740  5740 I ServiceChildProcess: onCreate
10-22 20:23:28.953  5740  5764 I GeckoThread: preparing to run Gecko
10-22 20:23:28.956  5342  5675 I BatteryMgr:DataCollectionService: stats => 1697999008956,-25,4308,165,0,100
10-22 20:23:28.957  5388  5421 W AudioCapabilities: Unsupported mime audio/mpeg-L1
10-22 20:23:28.957  5388  5421 W AudioCapabilities: Unsupported mime audio/mpeg-L2
10-22 20:23:28.958  5388  5421 W AudioCapabilities: Unsupported mime audio/x-ms-wma
10-22 20:23:28.958  5388  5421 W AudioCapabilities: Unsupported mime audio/x-ima
10-22 20:23:28.959  5388  5421 W VideoCapabilities: Unrecognized profile 2130706433 for video/avc
10-22 20:23:28.959  5740  5764 W linker  : "/data/app/org.mozilla.fenix-iWpGOrf8cry6RDpwHyQugA==/lib/arm64/libmozglue.so" unused DT entry: type 0x8000024 arg 0x38f70
10-22 20:23:28.959  5388  5421 W VideoCapabilities: Unrecognized profile 2130706434 for video/avc
10-22 20:23:28.959  5740  5764 W linker  : "/data/app/org.mozilla.fenix-iWpGOrf8cry6RDpwHyQugA==/lib/arm64/libmozglue.so" unused DT entry: type 0x8000023 arg 0x1f8
10-22 20:23:28.959  5740  5764 W linker  : "/data/app/org.mozilla.fenix-iWpGOrf8cry6RDpwHyQugA==/lib/arm64/libmozglue.so" unused DT entry: type 0x8000025 arg 0x8
10-22 20:23:28.961  5388  5421 W VideoCapabilities: Unrecognized profile/level 1/32 for video/mp4v-es
10-22 20:23:28.961  5388  5421 W VideoCapabilities: Unrecognized profile/level 32768/2 for video/mp4v-es
10-22 20:23:28.961  5388  5421 W VideoCapabilities: Unrecognized profile/level 32768/64 for video/mp4v-es
10-22 20:23:28.962  5388  5421 W VideoCapabilities: Unsupported mime video/wvc1
10-22 20:23:28.963  5388  5421 W VideoCapabilities: Unsupported mime video/x-ms-wmv
10-22 20:23:28.963  5740  5764 I GeckoLoader: Library base=/data/app/org.mozilla.fenix-iWpGOrf8cry6RDpwHyQugA==/lib/arm64
10-22 20:23:28.963  5388  5421 W VideoCapabilities: Unsupported mime video/x-ms-wmv7
10-22 20:23:28.963  5740  5764 I GeckoLoader: Library base=/data/app/org.mozilla.fenix-iWpGOrf8cry6RDpwHyQugA==/lib/arm64
10-22 20:23:28.964  5388  5421 W VideoCapabilities: Unsupported mime video/x-ms-wmv8
10-22 20:23:28.964  5740  5764 E GeckoLibLoad: Load sqlite start
10-22 20:23:28.964  5388  5421 W VideoCapabilities: Unsupported mime video/mp43
10-22 20:23:28.965  3957  4129 D WifiStateMachine:  ConnectedState !RSSI_PKTCNT_FETCH uid=1000 rt=605415549/1661391022 0 0 "ourhome" f4:6d:2f:12:cc:88 rssi=-44 f=5240 sc=60 link=433 tx=1.0, 0.0, 0.0  rx=9.2 bcn=618253 [on:0 tx:0 rx:0 period:1000] from screen [on:703549 period:3952633] score=60
10-22 20:23:28.966  5740  5764 W linker  : "/data/app/org.mozilla.fenix-iWpGOrf8cry6RDpwHyQugA==/lib/arm64/libnss3.so" unused DT entry: type 0x8000024 arg 0x14998
10-22 20:23:28.966  5740  5764 W linker  : "/data/app/org.mozilla.fenix-iWpGOrf8cry6RDpwHyQugA==/lib/arm64/libnss3.so" unused DT entry: type 0x8000023 arg 0x5c8
10-22 20:23:28.966  5740  5764 W linker  : "/data/app/org.mozilla.fenix-iWpGOrf8cry6RDpwHyQugA==/lib/arm64/libnss3.so" unused DT entry: type 0x8000025 arg 0x8
10-22 20:23:28.966  3957  4129 D WifiStateMachine:  L2ConnectedState !RSSI_PKTCNT_FETCH uid=1000 rt=605415551/1661391023 0 0 "ourhome" f4:6d:2f:12:cc:88 rssi=-44 f=5240 sc=60 link=433 tx=1.0, 0.0, 0.0  rx=9.2 bcn=618253 [on:0 tx:0 rx:0 period:1] from screen [on:703549 period:3952634] score=60
10-22 20:23:28.967  3957  4129 D WifiStateMachine: fetchRssiLinkSpeedAndFrequencyNative rssi=-46 linkspeed=433 freq=5240
10-22 20:23:28.968  3957  4129 V WifiConfigManager: Updating scan detail cache freq=5240 BSSID=f4:6d:2f:12:cc:88 RSSI=-44 for "ourhome"WPA_PSK
10-22 20:23:28.968  5740  5764 E GeckoLibLoad: Load sqlite done
10-22 20:23:28.968  5740  5764 I GeckoLoader: Library base=/data/app/org.mozilla.fenix-iWpGOrf8cry6RDpwHyQugA==/lib/arm64
10-22 20:23:28.968  5583  5725 I Finsky  : [23101] wib.<init>(76): wid - Registering in memory receiver for android.intent.action.PACKAGE_ADDED and android.intent.action.PACKAGE_REMOVED
10-22 20:23:28.968  5740  5764 E GeckoLibLoad: Load nss start
10-22 20:23:28.968  5740  5764 E GeckoLibLoad: Load nss done
10-22 20:23:28.969  5740  5764 I GeckoLoader: Library base=/data/app/org.mozilla.fenix-iWpGOrf8cry6RDpwHyQugA==/lib/arm64
10-22 20:23:28.973  5740  5764 W linker  : "/data/app/org.mozilla.fenix-iWpGOrf8cry6RDpwHyQugA==/lib/arm64/libxul.so" unused DT entry: type 0x8000024 arg 0x539420
10-22 20:23:28.974  5740  5764 W linker  : "/data/app/org.mozilla.fenix-iWpGOrf8cry6RDpwHyQugA==/lib/arm64/libxul.so" unused DT entry: type 0x8000023 arg 0x17d68
10-22 20:23:28.974  5740  5764 W linker  : "/data/app/org.mozilla.fenix-iWpGOrf8cry6RDpwHyQugA==/lib/arm64/libxul.so" unused DT entry: type 0x8000025 arg 0x8
10-22 20:23:28.978  5583  5583 I Finsky  : [2] kez.ap(748): Profiling: Starting up (0)
10-22 20:23:28.997  3957  8661 D ConnectivityService: filterNetworkStateForUid() uid: 10169 networkInfo: [type: WIFI[] - WIFI, state: CONNECTED/CONNECTED, reason: (unspecified), extra: "ourhome", failover: false, available: true, roaming: false, metered: false]
10-22 20:23:28.998  3957  8661 D WifiService: getConnectionInfo uid=1000
10-22 20:23:29.007  5740  5764 E GeckoLibLoad: Loaded libs in 38.193000ms total, 16ms(16ms) user, 24ms(20ms) system, 0(0) faults
10-22 20:23:29.007  5740  5764 W GeckoThread: zerdatime 1661391065 - runGecko
10-22 20:23:29.012  5388  5421 D GeckoIdleService: Register idle observer 0x742e709e08 for 5 seconds
10-22 20:23:29.012  5388  5421 D GeckoIdleService: Register: adjusting next switch from -1 to 5 seconds
10-22 20:23:29.012  5388  5421 D GeckoIdleService: next timeout 4695 msec from now
10-22 20:23:29.012  5388  5421 D GeckoIdleService: SetTimerExpiryIfBefore: next timeout 4695 msec from now
10-22 20:23:29.012  5388  5421 D GeckoIdleService: reset timer expiry to 4705 msec from now
10-22 20:23:29.063  5583  5583 I Finsky  : [2] khj.i(514): AsyncInit: Mandatory tasks are executed!
10-22 20:23:29.074  5342  5675 I BatteryMgr:DataCollectionService: stats => 1697999009074,-25,4308,165,0,100
10-22 20:23:29.075  3599  3918 D DnsProxyListener: DNSDBG::dns addrinfo af 0
10-22 20:23:29.077  5583  5724 I Finsky  : [23100] mgk.g(45): Subscription detail: N/A
10-22 20:23:29.080  3957  4602 D ConnectivityService: filterNetworkStateForUid() uid: 10169 networkInfo: [type: WIFI[] - WIFI, state: CONNECTED/CONNECTED, reason: (unspecified), extra: "ourhome", failover: false, available: true, roaming: false, metered: false]
10-22 20:23:29.081  3957  4602 D WifiService: getConnectionInfo uid=1000
10-22 20:23:29.083  3599  3918 D DnsProxyListener: DNSDBG::dns addrinfo af 0
10-22 20:23:29.085  3957  4602 D ConnectivityService: filterNetworkStateForUid() uid: 10169 networkInfo: [type: WIFI[] - WIFI, state: CONNECTED/CONNECTED, reason: (unspecified), extra: "ourhome", failover: false, available: true, roaming: false, metered: false]
10-22 20:23:29.085  3957  4602 D WifiService: getConnectionInfo uid=1000
10-22 20:23:29.101  3957  4128 D WifiService: getConnectionInfo uid=1000
10-22 20:23:29.111  3599  3918 D DnsProxyListener: DNSDBG::dns addrinfo af 0
10-22 20:23:29.114  3599  3918 I chatty  : uid=0(root) /system/bin/netd identical 1 line
10-22 20:23:29.118  3599  3918 D DnsProxyListener: DNSDBG::dns addrinfo af 0
10-22 20:23:29.124  3957  8661 D PackageManager: setEnabledSetting : userId = 0 packageName = com.android.vending cmp = com.android.vending.AssetBrowserActivity newState = 1 callingPackage = 10044/com.android.vending
10-22 20:23:29.128  5583  5601 I zygote64: Background concurrent copying GC freed 19066(1422KB) AllocSpace objects, 4(80KB) LOS objects, 49% free, 2MB/5MB, paused 3.135ms total 144.112ms
10-22 20:23:29.129  5473  5501 W linker  : "/data/app/org.mozilla.fenix-iWpGOrf8cry6RDpwHyQugA==/lib/arm64/libsoftokn3.so" unused DT entry: type 0x8000024 arg 0x2580
10-22 20:23:29.129  5473  5501 W linker  : "/data/app/org.mozilla.fenix-iWpGOrf8cry6RDpwHyQugA==/lib/arm64/libsoftokn3.so" unused DT entry: type 0x8000023 arg 0x70
10-22 20:23:29.130  5473  5501 W linker  : "/data/app/org.mozilla.fenix-iWpGOrf8cry6RDpwHyQugA==/lib/arm64/libsoftokn3.so" unused DT entry: type 0x8000025 arg 0x8
10-22 20:23:29.133  5473  5501 W linker  : "/data/app/org.mozilla.fenix-iWpGOrf8cry6RDpwHyQugA==/lib/arm64/libfreebl3.so" unused DT entry: type 0x8000024 arg 0xe78
10-22 20:23:29.133  5473  5501 W linker  : "/data/app/org.mozilla.fenix-iWpGOrf8cry6RDpwHyQugA==/lib/arm64/libfreebl3.so" unused DT entry: type 0x8000023 arg 0x68
10-22 20:23:29.134  5473  5501 W linker  : "/data/app/org.mozilla.fenix-iWpGOrf8cry6RDpwHyQugA==/lib/arm64/libfreebl3.so" unused DT entry: type 0x8000025 arg 0x8
10-22 20:23:29.145  3957  4602 D PackageManager: setEnabledSetting : userId = 0 packageName = com.android.vending cmp = com.google.android.finsky.activities.DebugActivity newState = 2 callingPackage = 10044/com.android.vending
10-22 20:23:29.145  3599  3918 D DnsProxyListener: DNSDBG::dns addrinfo af 0
10-22 20:23:29.163  3957  4602 D ConnectivityService: filterNetworkStateForUid() uid: 10044 networkInfo: [type: WIFI[] - WIFI, state: CONNECTED/CONNECTED, reason: (unspecified), extra: "ourhome", failover: false, available: true, roaming: false, metered: false]
10-22 20:23:29.163  3957  4602 D WifiService: getConnectionInfo uid=1000
10-22 20:23:29.166  5583  5726 I Finsky  : [23102] ancv.g(20): SysUA: Disable SystemUpdateActivity, because Android is lower than Q
10-22 20:23:29.168  3957  8661 D PackageManager: setEnabledSetting : userId = 0 packageName = com.android.vending cmp = com.google.android.finsky.systemupdateactivity.SystemUpdateActivity newState = 2 callingPackage = 10044/com.android.vending
10-22 20:23:29.169  3957  4602 D PackageManager: setEnabledSetting : userId = 0 packageName = com.android.vending cmp = com.google.android.finsky.systemcomponentupdateui.common.SystemComponentUpdateActivity newState = 1 callingPackage = 10044/com.android.vending
