10-22 20:27:40.427  3957  4129 V WifiConfigManager: Updating scan detail cache freq=5240 BSSID=f4:6d:2f:12:cc:88 RSSI=-42 for "ourhome"WPA_PSK
10-22 20:27:40.473  7669  7977 I BatteryMgr:DataCollectionService: stats => 1697999260473,-76,4308,-198,0,100
10-22 20:27:40.580  7669  7977 I BatteryMgr:DataCollectionService: stats => 1697999260580,-76,4308,-198,0,100
10-22 20:27:40.685  7669  7977 I BatteryMgr:DataCollectionService: stats => 1697999260685,-76,4308,-198,0,100
10-22 20:27:40.764  3957  4128 D WifiService: getConnectionInfo uid=1000
10-22 20:27:40.797  7669  7977 I BatteryMgr:DataCollectionService: stats => 1697999260797,-76,4308,-198,0,100
10-22 20:27:40.903  7669  7977 I BatteryMgr:DataCollectionService: stats => 1697999260902,-76,4308,-198,0,100
10-22 20:27:40.931  3957  4129 D WifiStateMachine:  ConnectedState !CMD_RSSI_POLL rt=605667516/1661642988 122 0 "ourhome" f4:6d:2f:12:cc:88 rssi=-43 f=5240 sc=60 link=433 tx=19.0, 0.1, 0.0  rx=33.8 bcn=620621 [on:0 tx:0 rx:0 period:510] from screen [on:777823 period:4204599] score=60
10-22 20:27:40.933  3957  4129 D WifiStateMachine:  L2ConnectedState !CMD_RSSI_POLL rt=605667517/1661642990 122 0 "ourhome" f4:6d:2f:12:cc:88 rssi=-43 f=5240 sc=60 link=433 tx=19.0, 0.1, 0.0  rx=33.8 bcn=620621 [on:0 tx:0 rx:0 period:1] from screen [on:777823 period:4204600] score=60
10-22 20:27:40.933  3957  4129 D WifiStateMachine:  get link layer stats 3
10-22 20:27:40.933  3436  3436 I android.hardware.wifi@1.0-service: getLinkLayerStats
10-22 20:27:40.951  3957  4129 D WifiStateMachine: fetchRssiLinkSpeedAndFrequencyNative rssi=-42 linkspeed=433 freq=5240
10-22 20:27:40.951  3957  4129 V WifiConfigManager: Updating scan detail cache freq=5240 BSSID=f4:6d:2f:12:cc:88 RSSI=-42 for "ourhome"WPA_PSK
10-22 20:27:40.955  4340  4340 E SignalClusterView: setSlotFocusVisible : subId -2
10-22 20:27:40.955  4340  4340 E SignalClusterView: setSlotFocusVisible : subId -2
10-22 20:27:41.010  7669  7977 I BatteryMgr:DataCollectionService: stats => 1697999261010,-76,4308,-198,0,100
10-22 20:27:41.116  7669  7977 I BatteryMgr:DataCollectionService: stats => 1697999261116,-76,4308,-198,0,100
10-22 20:27:41.224  7669  7977 I BatteryMgr:DataCollectionService: stats => 1697999261223,-76,4308,-198,0,100
10-22 20:27:41.331  7669  7977 I BatteryMgr:DataCollectionService: stats => 1697999261331,-76,4308,-198,0,100
10-22 20:27:41.420  3957  4129 D WifiStateMachine:  ConnectedState !RSSI_PKTCNT_FETCH uid=1000 rt=605668004/1661643477 0 0 "ourhome" f4:6d:2f:12:cc:88 rssi=-42 f=5240 sc=60 link=433 tx=7.6, 0.0, 0.0  rx=16.2 bcn=620650 [on:0 tx:0 rx:0 period:466] from screen [on:778614 period:4205088] score=60
10-22 20:27:41.422  3957  4129 D WifiStateMachine:  L2ConnectedState !RSSI_PKTCNT_FETCH uid=1000 rt=605668006/1661643478 0 0 "ourhome" f4:6d:2f:12:cc:88 rssi=-42 f=5240 sc=60 link=433 tx=7.6, 0.0, 0.0  rx=16.2 bcn=620650 [on:0 tx:0 rx:0 period:2] from screen [on:778614 period:4205090] score=60
10-22 20:27:41.429  3957  4129 D WifiStateMachine: fetchRssiLinkSpeedAndFrequencyNative rssi=-42 linkspeed=433 freq=5240
10-22 20:27:41.429  3957  4129 V WifiConfigManager: Updating scan detail cache freq=5240 BSSID=f4:6d:2f:12:cc:88 RSSI=-42 for "ourhome"WPA_PSK
10-22 20:27:41.437  7669  7977 I BatteryMgr:DataCollectionService: stats => 1697999261437,-76,4308,-198,0,100
10-22 20:27:41.552  7669  7977 I BatteryMgr:DataCollectionService: stats => 1697999261552,-76,4308,-198,0,100
10-22 20:27:41.652  4961  4961 D io_stats: !@ 179,0 r 10419943 342698184 w 2185584 42663324 d 176290 37374204 f 643057 668631 iot 4748640 4089513 th 51200 0 0 pt 0 inp 0 0 605668.237
10-22 20:27:41.658  7669  7977 I BatteryMgr:DataCollectionService: stats => 1697999261658,-76,4308,-198,0,100
10-22 20:27:41.766  7669  7977 I BatteryMgr:DataCollectionService: stats => 1697999261766,-76,4308,-198,0,100
10-22 20:27:41.766  3957  4128 D WifiService: getConnectionInfo uid=1000
10-22 20:27:41.873  7669  7977 I BatteryMgr:DataCollectionService: stats => 1697999261872,-76,4308,-198,0,100
10-22 20:27:41.978  7669  7977 I BatteryMgr:DataCollectionService: stats => 1697999261978,-76,4308,-198,0,100
10-22 20:27:42.084  7669  7977 I BatteryMgr:DataCollectionService: stats => 1697999262084,-76,4308,-198,0,100
10-22 20:27:42.188  7669  7977 I BatteryMgr:DataCollectionService: stats => 1697999262188,-76,4308,-198,0,100
10-22 20:27:42.294  7669  7977 I BatteryMgr:DataCollectionService: stats => 1697999262294,-76,4308,-198,0,100
10-22 20:27:42.339  3957  4030 D SensorService: [SO] 0.215 -0.101 9.950
10-22 20:27:42.404  7669  7977 I BatteryMgr:DataCollectionService: stats => 1697999262404,-76,4308,-198,0,100
10-22 20:27:42.421  3957  4129 D WifiStateMachine:  ConnectedState !RSSI_PKTCNT_FETCH uid=1000 rt=605669005/1661644478 0 0 "ourhome" f4:6d:2f:12:cc:88 rssi=-42 f=5240 sc=60 link=433 tx=7.6, 0.0, 0.0  rx=16.2 bcn=620650 [on:0 tx:0 rx:0 period:999] from screen [on:778614 period:4206089] score=60
10-22 20:27:42.423  3957  4129 D WifiStateMachine:  L2ConnectedState !RSSI_PKTCNT_FETCH uid=1000 rt=605669007/1661644480 0 0 "ourhome" f4:6d:2f:12:cc:88 rssi=-42 f=5240 sc=60 link=433 tx=7.6, 0.0, 0.0  rx=16.2 bcn=620650 [on:0 tx:0 rx:0 period:2] from screen [on:778614 period:4206091] score=60
10-22 20:27:42.429  3957  4129 D WifiStateMachine: fetchRssiLinkSpeedAndFrequencyNative rssi=-42 linkspeed=433 freq=5240
10-22 20:27:42.429  3957  4129 V WifiConfigManager: Updating scan detail cache freq=5240 BSSID=f4:6d:2f:12:cc:88 RSSI=-42 for "ourhome"WPA_PSK
10-22 20:27:42.510  7669  7977 I BatteryMgr:DataCollectionService: stats => 1697999262510,-76,4308,-198,0,100
10-22 20:27:42.616  7669  7977 I BatteryMgr:DataCollectionService: stats => 1697999262616,-76,4308,-198,0,100
10-22 20:27:42.721  7669  7977 I BatteryMgr:DataCollectionService: stats => 1697999262721,-76,4308,-198,0,100
10-22 20:27:42.768  3957  4128 D WifiService: getConnectionInfo uid=1000
10-22 20:27:42.828  7669  7977 I BatteryMgr:DataCollectionService: stats => 1697999262828,-76,4308,-198,0,100
10-22 20:27:42.934  7669  7977 I BatteryMgr:DataCollectionService: stats => 1697999262934,-76,4308,-198,0,100
10-22 20:27:43.040  7669  7977 I BatteryMgr:DataCollectionService: stats => 1697999263040,-76,4308,-198,0,100
10-22 20:27:43.111  7714  7725 I zygote64: Background concurrent copying GC freed 127693(4MB) AllocSpace objects, 0(0B) LOS objects, 49% free, 4MB/9MB, paused 5.181ms total 274.190ms
10-22 20:27:43.149  7669  7977 I BatteryMgr:DataCollectionService: stats => 1697999263149,-76,4308,-198,0,100
10-22 20:27:43.255  7669  7977 I BatteryMgr:DataCollectionService: stats => 1697999263255,-76,4308,-198,0,100
10-22 20:27:43.360  7669  7977 I BatteryMgr:DataCollectionService: stats => 1697999263360,-76,4308,-198,0,100
10-22 20:27:43.422  3957  4129 D WifiStateMachine:  ConnectedState !RSSI_PKTCNT_FETCH uid=1000 rt=605670006/1661645479 0 0 "ourhome" f4:6d:2f:12:cc:88 rssi=-42 f=5240 sc=60 link=433 tx=7.6, 0.0, 0.0  rx=16.2 bcn=620650 [on:0 tx:0 rx:0 period:998] from screen [on:778614 period:4207089] score=60
10-22 20:27:43.423  3957  4129 D WifiStateMachine:  L2ConnectedState !RSSI_PKTCNT_FETCH uid=1000 rt=605670007/1661645480 0 0 "ourhome" f4:6d:2f:12:cc:88 rssi=-42 f=5240 sc=60 link=433 tx=7.6, 0.0, 0.0  rx=16.2 bcn=620650 [on:0 tx:0 rx:0 period:2] from screen [on:778614 period:4207091] score=60
10-22 20:27:43.424  3957  4129 D WifiStateMachine: fetchRssiLinkSpeedAndFrequencyNative rssi=-42 linkspeed=433 freq=5240
10-22 20:27:43.424  3957  4129 V WifiConfigManager: Updating scan detail cache freq=5240 BSSID=f4:6d:2f:12:cc:88 RSSI=-42 for "ourhome"WPA_PSK
10-22 20:27:43.468  7669  7977 I BatteryMgr:DataCollectionService: stats => 1697999263468,-76,4308,-198,0,100
10-22 20:27:43.573  7669  7977 I BatteryMgr:DataCollectionService: stats => 1697999263573,-76,4308,-198,0,100
10-22 20:27:43.675  6413  6468 D ScanRecord: Not a Multi Manu data
10-22 20:27:43.678  6413  6468 I chatty  : uid=1002(bluetooth) BT Service Call identical 24 lines
10-22 20:27:43.678  6413  6468 D ScanRecord: Not a Multi Manu data
10-22 20:27:43.681  7669  7977 I BatteryMgr:DataCollectionService: stats => 1697999263681,-76,4308,-198,0,100
10-22 20:27:43.693  6413  6468 D ScanRecord: Not a Multi Manu data
10-22 20:27:43.768  6413  6468 I chatty  : uid=1002(bluetooth) BT Service Call identical 167 lines
10-22 20:27:43.769  6413  6468 D ScanRecord: Not a Multi Manu data
10-22 20:27:43.771  3957  4128 D WifiService: getConnectionInfo uid=1000
10-22 20:27:43.781  6413  6468 D ScanRecord: Not a Multi Manu data
10-22 20:27:43.781  6413  6468 I chatty  : uid=1002(bluetooth) BT Service Call identical 11 lines
10-22 20:27:43.781  6413  6468 D ScanRecord: Not a Multi Manu data
10-22 20:27:43.787  7669  7977 I BatteryMgr:DataCollectionService: stats => 1697999263787,-76,4308,-198,0,100
10-22 20:27:43.787  6413  6468 D ScanRecord: Not a Multi Manu data
10-22 20:27:43.889  6413  6468 I chatty  : uid=1002(bluetooth) BT Service Call identical 232 lines
10-22 20:27:43.889  6413  6468 D ScanRecord: Not a Multi Manu data
10-22 20:27:43.894  7669  7977 I BatteryMgr:DataCollectionService: stats => 1697999263894,-76,4308,-198,0,100
10-22 20:27:43.894  6413  6468 D ScanRecord: Not a Multi Manu data
10-22 20:27:43.948  6413  6468 I chatty  : uid=1002(bluetooth) BT Service Call identical 102 lines
10-22 20:27:43.949  6413  6468 D ScanRecord: Not a Multi Manu data
10-22 20:27:43.954  3957  4129 D WifiStateMachine:  ConnectedState !CMD_RSSI_POLL rt=605670538/1661646010 122 0 "ourhome" f4:6d:2f:12:cc:88 rssi=-42 f=5240 sc=60 link=433 tx=7.6, 0.0, 0.0  rx=16.2 bcn=620650 [on:0 tx:0 rx:0 period:530] from screen [on:778614 period:4207621] score=60
10-22 20:27:43.955  3957  4129 D WifiStateMachine:  L2ConnectedState !CMD_RSSI_POLL rt=605670539/1661646012 122 0 "ourhome" f4:6d:2f:12:cc:88 rssi=-42 f=5240 sc=60 link=433 tx=7.6, 0.0, 0.0  rx=16.2 bcn=620650 [on:0 tx:0 rx:0 period:2] from screen [on:778614 period:4207623] score=60
10-22 20:27:43.956  3957  4129 D WifiStateMachine:  get link layer stats 3
10-22 20:27:43.956  3436  3436 I android.hardware.wifi@1.0-service: getLinkLayerStats
10-22 20:27:43.958  6413  6468 D ScanRecord: Not a Multi Manu data
10-22 20:27:43.958  6413  6468 I chatty  : uid=1002(bluetooth) BT Service Call identical 11 lines
10-22 20:27:43.958  6413  6468 D ScanRecord: Not a Multi Manu data
10-22 20:27:43.959  3957  4129 D WifiStateMachine: fetchRssiLinkSpeedAndFrequencyNative rssi=-42 linkspeed=433 freq=5240
10-22 20:27:43.960  3957  4129 V WifiConfigManager: Updating scan detail cache freq=5240 BSSID=f4:6d:2f:12:cc:88 RSSI=-42 for "ourhome"WPA_PSK
10-22 20:27:43.963  4340  4340 E SignalClusterView: setSlotFocusVisible : subId -2
10-22 20:27:43.963  4340  4340 E SignalClusterView: setSlotFocusVisible : subId -2
10-22 20:27:43.965  6413  6468 D ScanRecord: Not a Multi Manu data
10-22 20:27:43.993  6413  6468 I chatty  : uid=1002(bluetooth) BT Service Call identical 63 lines
10-22 20:27:43.993  6413  6468 D ScanRecord: Not a Multi Manu data
10-22 20:27:43.999  7669  7977 I BatteryMgr:DataCollectionService: stats => 1697999263999,-76,4308,-198,0,100
10-22 20:27:44.003  6413  6468 D ScanRecord: Not a Multi Manu data
10-22 20:27:44.099  6413  6468 I chatty  : uid=1002(bluetooth) BT Service Call identical 193 lines
10-22 20:27:44.099  6413  6468 D ScanRecord: Not a Multi Manu data
10-22 20:27:44.106  7669  7977 I BatteryMgr:DataCollectionService: stats => 1697999264106,-76,4308,-198,0,100
10-22 20:27:44.109  6413  6468 D ScanRecord: Not a Multi Manu data
10-22 20:27:44.158  6413  6468 I chatty  : uid=1002(bluetooth) BT Service Call identical 128 lines
10-22 20:27:44.158  6413  6468 D ScanRecord: Not a Multi Manu data
10-22 20:27:44.219  7669  7977 I BatteryMgr:DataCollectionService: stats => 1697999264219,-76,4308,-198,0,100
10-22 20:27:44.271  7669  7680 I zygote64: Background concurrent copying GC freed 29402(1210KB) AllocSpace objects, 0(0B) LOS objects, 66% free, 763KB/2MB, paused 5.222ms total 62.039ms
10-22 20:27:44.327  7669  7977 I BatteryMgr:DataCollectionService: stats => 1697999264327,-76,4308,-198,0,100
10-22 20:27:44.423  3957  4129 D WifiStateMachine:  ConnectedState !RSSI_PKTCNT_FETCH uid=1000 rt=605671007/1661646480 0 0 "ourhome" f4:6d:2f:12:cc:88 rssi=-42 f=5240 sc=60 link=433 tx=2.8, 0.0, 0.0  rx=9.7 bcn=620679 [on:0 tx:0 rx:0 period:461] from screen [on:778886 period:4208091] score=60
10-22 20:27:44.424  3957  4129 D WifiStateMachine:  L2ConnectedState !RSSI_PKTCNT_FETCH uid=1000 rt=605671009/1661646482 0 0 "ourhome" f4:6d:2f:12:cc:88 rssi=-42 f=5240 sc=60 link=433 tx=2.8, 0.0, 0.0  rx=9.7 bcn=620679 [on:0 tx:0 rx:0 period:1] from screen [on:778886 period:4208092] score=60
10-22 20:27:44.430  3957  4129 D WifiStateMachine: fetchRssiLinkSpeedAndFrequencyNative rssi=-42 linkspeed=433 freq=5240
10-22 20:27:44.430  3957  4129 V WifiConfigManager: Updating scan detail cache freq=5240 BSSID=f4:6d:2f:12:cc:88 RSSI=-42 for "ourhome"WPA_PSK
10-22 20:27:44.434  7669  7977 I BatteryMgr:DataCollectionService: stats => 1697999264434,-76,4308,-198,0,100
10-22 20:27:44.541  7669  7977 I BatteryMgr:DataCollectionService: stats => 1697999264541,-76,4308,-198,0,100
10-22 20:27:44.646  7669  7977 I BatteryMgr:DataCollectionService: stats => 1697999264646,-76,4308,-198,0,100
10-22 20:27:44.752  7669  7977 I BatteryMgr:DataCollectionService: stats => 1697999264752,-76,4308,-198,0,100
10-22 20:27:44.773  3957  4128 D WifiService: getConnectionInfo uid=1000
10-22 20:27:44.859  7669  7977 I BatteryMgr:DataCollectionService: stats => 1697999264859,-76,4308,-198,0,100
10-22 20:27:44.966  7669  7977 I BatteryMgr:DataCollectionService: stats => 1697999264966,-76,4308,-198,0,100
10-22 20:27:45.073  7669  7977 I BatteryMgr:DataCollectionService: stats => 1697999265073,-76,4308,-198,0,100
10-22 20:27:45.178  7669  7977 I BatteryMgr:DataCollectionService: stats => 1697999265177,-76,4308,-198,0,100
10-22 20:27:45.284  7669  7977 I BatteryMgr:DataCollectionService: stats => 1697999265284,-76,4308,-198,0,100
10-22 20:27:45.390  7669  7977 I BatteryMgr:DataCollectionService: stats => 1697999265390,-76,4308,-198,0,100
10-22 20:27:45.424  3957  4129 D WifiStateMachine:  ConnectedState !RSSI_PKTCNT_FETCH uid=1000 rt=605672008/1661647481 0 0 "ourhome" f4:6d:2f:12:cc:88 rssi=-42 f=5240 sc=60 link=433 tx=2.8, 0.0, 0.0  rx=9.7 bcn=620679 [on:0 tx:0 rx:0 period:1000] from screen [on:778886 period:4209092] score=60
10-22 20:27:45.425  3957  4129 D WifiStateMachine:  L2ConnectedState !RSSI_PKTCNT_FETCH uid=1000 rt=605672010/1661647482 0 0 "ourhome" f4:6d:2f:12:cc:88 rssi=-42 f=5240 sc=60 link=433 tx=2.8, 0.0, 0.0  rx=9.7 bcn=620679 [on:0 tx:0 rx:0 period:1] from screen [on:778886 period:4209093] score=60
10-22 20:27:45.431  3957  4129 D WifiStateMachine: fetchRssiLinkSpeedAndFrequencyNative rssi=-42 linkspeed=433 freq=5240
10-22 20:27:45.431  3957  4129 V WifiConfigManager: Updating scan detail cache freq=5240 BSSID=f4:6d:2f:12:cc:88 RSSI=-42 for "ourhome"WPA_PSK
10-22 20:27:45.494  7669  7977 I BatteryMgr:DataCollectionService: stats => 1697999265494,-76,4308,-198,0,100
10-22 20:27:45.601  7669  7977 I BatteryMgr:DataCollectionService: stats => 1697999265601,-76,4308,-198,0,100
10-22 20:27:45.707  7669  7977 I BatteryMgr:DataCollectionService: stats => 1697999265707,-76,4308,-198,0,100
10-22 20:27:45.775  3957  4128 D WifiService: getConnectionInfo uid=1000
10-22 20:27:45.812  7669  7977 I BatteryMgr:DataCollectionService: stats => 1697999265812,-76,4308,-198,0,100
10-22 20:27:45.917  7669  7977 I BatteryMgr:DataCollectionService: stats => 1697999265917,-76,4308,-198,0,100
10-22 20:27:46.024  7669  7977 I BatteryMgr:DataCollectionService: stats => 1697999266024,-76,4308,-198,0,100
10-22 20:27:46.131  7669  7977 I BatteryMgr:DataCollectionService: stats => 1697999266131,-76,4308,-198,0,100
10-22 20:27:46.238  7669  7977 I BatteryMgr:DataCollectionService: stats => 1697999266238,-76,4308,-198,0,100
10-22 20:27:46.344  7669  7977 I BatteryMgr:DataCollectionService: stats => 1697999266344,-76,4308,-198,0,100
10-22 20:27:46.426  3957  4129 D WifiStateMachine:  ConnectedState !RSSI_PKTCNT_FETCH uid=1000 rt=605673010/1661648482 0 0 "ourhome" f4:6d:2f:12:cc:88 rssi=-42 f=5240 sc=60 link=433 tx=2.8, 0.0, 0.0  rx=9.7 bcn=620679 [on:0 tx:0 rx:0 period:1000] from screen [on:778886 period:4210093] score=60
10-22 20:27:46.427  3957  4129 D WifiStateMachine:  L2ConnectedState !RSSI_PKTCNT_FETCH uid=1000 rt=605673011/1661648484 0 0 "ourhome" f4:6d:2f:12:cc:88 rssi=-42 f=5240 sc=60 link=433 tx=2.8, 0.0, 0.0  rx=9.7 bcn=620679 [on:0 tx:0 rx:0 period:2] from screen [on:778886 period:4210095] score=60
10-22 20:27:46.433  3957  4129 D WifiStateMachine: fetchRssiLinkSpeedAndFrequencyNative rssi=-42 linkspeed=433 freq=5240
10-22 20:27:46.433  3957  4129 V WifiConfigManager: Updating scan detail cache freq=5240 BSSID=f4:6d:2f:12:cc:88 RSSI=-42 for "ourhome"WPA_PSK
10-22 20:27:46.449  7669  7977 I BatteryMgr:DataCollectionService: stats => 1697999266449,-76,4308,-198,0,100
10-22 20:27:46.557  7669  7977 I BatteryMgr:DataCollectionService: stats => 1697999266557,-76,4308,-198,0,100
10-22 20:27:46.655  4961  4961 D io_stats: !@ 179,0 r 10420116 342702312 w 2185601 42663556 d 176291 37374208 f 643058 668632 iot 4748696 4089561 th 51200 0 0 pt 0 inp 0 0 605673.240
10-22 20:27:46.662  7669  7977 I BatteryMgr:DataCollectionService: stats => 1697999266661,-76,4308,-198,0,100
10-22 20:27:46.698  3957  4416 E Watchdog: !@Sync 20181 [2023-10-22 20:27:46.691]
10-22 20:27:46.770  7669  7977 I BatteryMgr:DataCollectionService: stats => 1697999266770,-76,4308,-198,0,100
10-22 20:27:46.777  3957  4128 D WifiService: getConnectionInfo uid=1000
10-22 20:27:46.877  7669  7977 I BatteryMgr:DataCollectionService: stats => 1697999266877,-76,4308,-198,0,100
10-22 20:27:46.961  3957  4129 D WifiStateMachine:  ConnectedState !CMD_RSSI_POLL rt=605673545/1661649018 122 0 "ourhome" f4:6d:2f:12:cc:88 rssi=-42 f=5240 sc=60 link=433 tx=2.8, 0.0, 0.0  rx=9.7 bcn=620679 [on:0 tx:0 rx:0 period:534] from screen [on:778886 period:4210629] score=60
10-22 20:27:46.962  3957  4129 D WifiStateMachine:  L2ConnectedState !CMD_RSSI_POLL rt=605673547/1661649019 122 0 "ourhome" f4:6d:2f:12:cc:88 rssi=-42 f=5240 sc=60 link=433 tx=2.8, 0.0, 0.0  rx=9.7 bcn=620679 [on:0 tx:0 rx:0 period:1] from screen [on:778886 period:4210630] score=60
10-22 20:27:46.962  3957  4129 D WifiStateMachine:  get link layer stats 3
10-22 20:27:46.963  3436  3436 I android.hardware.wifi@1.0-service: getLinkLayerStats
10-22 20:27:46.982  3957  4129 D WifiStateMachine: fetchRssiLinkSpeedAndFrequencyNative rssi=-43 linkspeed=433 freq=5240
10-22 20:27:46.982  3957  4129 V WifiConfigManager: Updating scan detail cache freq=5240 BSSID=f4:6d:2f:12:cc:88 RSSI=-42 for "ourhome"WPA_PSK
10-22 20:27:46.985  7669  7977 I BatteryMgr:DataCollectionService: stats => 1697999266985,-76,4308,-198,0,100
10-22 20:27:46.985  4340  4340 E SignalClusterView: setSlotFocusVisible : subId -2
10-22 20:27:46.985  4340  4340 E SignalClusterView: setSlotFocusVisible : subId -2
10-22 20:27:47.090  7669  7977 I BatteryMgr:DataCollectionService: stats => 1697999267090,-76,4308,-198,0,100
10-22 20:27:47.196  7669  7977 I BatteryMgr:DataCollectionService: stats => 1697999267196,-76,4308,-198,0,100
10-22 20:27:47.302  7669  7977 I BatteryMgr:DataCollectionService: stats => 1697999267302,-76,4308,-198,0,100
10-22 20:27:47.407  7669  7977 I BatteryMgr:DataCollectionService: stats => 1697999267407,-76,4308,-198,0,100
10-22 20:27:47.425  3957  4129 D WifiStateMachine:  ConnectedState !RSSI_PKTCNT_FETCH uid=1000 rt=605674010/1661649482 0 0 "ourhome" f4:6d:2f:12:cc:88 rssi=-43 f=5240 sc=60 link=433 tx=1.0, 0.0, 0.0  rx=6.1 bcn=620707 [on:0 tx:0 rx:0 period:440] from screen [on:779101 period:4211093] score=60
10-22 20:27:47.427  3957  4129 D WifiStateMachine:  L2ConnectedState !RSSI_PKTCNT_FETCH uid=1000 rt=605674011/1661649484 0 0 "ourhome" f4:6d:2f:12:cc:88 rssi=-43 f=5240 sc=60 link=433 tx=1.0, 0.0, 0.0  rx=6.1 bcn=620707 [on:0 tx:0 rx:0 period:2] from screen [on:779101 period:4211095] score=60
10-22 20:27:47.429  3957  4129 D WifiStateMachine: fetchRssiLinkSpeedAndFrequencyNative rssi=-43 linkspeed=433 freq=5240
10-22 20:27:47.429  3957  4129 V WifiConfigManager: Updating scan detail cache freq=5240 BSSID=f4:6d:2f:12:cc:88 RSSI=-42 for "ourhome"WPA_PSK
10-22 20:27:47.515  7669  7977 I BatteryMgr:DataCollectionService: stats => 1697999267515,-76,4308,-198,0,100
10-22 20:27:47.623  7669  7977 I BatteryMgr:DataCollectionService: stats => 1697999267623,-76,4308,-198,0,100
10-22 20:27:47.729  7669  7977 I BatteryMgr:DataCollectionService: stats => 1697999267729,-76,4308,-198,0,100
10-22 20:27:47.779  3957  4128 D WifiService: getConnectionInfo uid=1000
10-22 20:27:47.835  7669  7977 I BatteryMgr:DataCollectionService: stats => 1697999267835,-76,4308,-198,0,100
10-22 20:27:47.941  7669  7977 I BatteryMgr:DataCollectionService: stats => 1697999267941,-76,4308,-198,0,100
10-22 20:27:48.047  7669  7977 I BatteryMgr:DataCollectionService: stats => 1697999268047,-76,4308,-198,0,100
10-22 20:27:48.154  7669  7977 I BatteryMgr:DataCollectionService: stats => 1697999268154,-76,4308,-198,0,100
10-22 20:27:48.260  7669  7977 I BatteryMgr:DataCollectionService: stats => 1697999268260,-76,4308,-198,0,100
10-22 20:27:48.366  7669  7977 I BatteryMgr:DataCollectionService: stats => 1697999268366,-76,4308,-198,0,100
10-22 20:27:48.413  3957  6478 D SSRM:k  : SIOP:: AP = 460, PST = 403 (W:10), BAT = 328, USB = 0, CHG = 0
10-22 20:27:48.426  3957  4129 D WifiStateMachine:  ConnectedState !RSSI_PKTCNT_FETCH uid=1000 rt=605675010/1661650483 0 0 "ourhome" f4:6d:2f:12:cc:88 rssi=-43 f=5240 sc=60 link=433 tx=1.0, 0.0, 0.0  rx=6.1 bcn=620707 [on:0 tx:0 rx:0 period:999] from screen [on:779101 period:4212094] score=60
10-22 20:27:48.428  3957  4129 D WifiStateMachine:  L2ConnectedState !RSSI_PKTCNT_FETCH uid=1000 rt=605675012/1661650484 0 0 "ourhome" f4:6d:2f:12:cc:88 rssi=-43 f=5240 sc=60 link=433 tx=1.0, 0.0, 0.0  rx=6.1 bcn=620707 [on:0 tx:0 rx:0 period:2] from screen [on:779101 period:4212096] score=60
10-22 20:27:48.434  3957  4129 D WifiStateMachine: fetchRssiLinkSpeedAndFrequencyNative rssi=-43 linkspeed=433 freq=5240
10-22 20:27:48.434  3957  4129 V WifiConfigManager: Updating scan detail cache freq=5240 BSSID=f4:6d:2f:12:cc:88 RSSI=-42 for "ourhome"WPA_PSK
10-22 20:27:48.474  7669  7977 I BatteryMgr:DataCollectionService: stats => 1697999268473,-76,4308,-198,0,100
10-22 20:27:48.580  7669  7977 I BatteryMgr:DataCollectionService: stats => 1697999268580,-76,4308,-198,0,100
10-22 20:27:48.671  6413  6468 D ScanRecord: Not a Multi Manu data
10-22 20:27:48.690  6413  6468 I chatty  : uid=1002(bluetooth) BT Service Call identical 37 lines
10-22 20:27:48.690  6413  6468 D ScanRecord: Not a Multi Manu data
10-22 20:27:48.691  7669  7977 I BatteryMgr:DataCollectionService: stats => 1697999268691,-76,4308,-198,0,100
10-22 20:27:48.697  6413  6468 D ScanRecord: Not a Multi Manu data
10-22 20:27:48.772  6413  6468 I chatty  : uid=1002(bluetooth) BT Service Call identical 115 lines
10-22 20:27:48.772  6413  6468 D ScanRecord: Not a Multi Manu data
10-22 20:27:48.781  3957  4128 D WifiService: getConnectionInfo uid=1000
10-22 20:27:48.784  6413  6468 D ScanRecord: Not a Multi Manu data
10-22 20:27:48.798  6413  6468 I chatty  : uid=1002(bluetooth) BT Service Call identical 37 lines
10-22 20:27:48.798  6413  6468 D ScanRecord: Not a Multi Manu data
10-22 20:27:48.799  7669  7977 I BatteryMgr:DataCollectionService: stats => 1697999268799,-76,4308,-198,0,100
10-22 20:27:48.840  6413  6468 D ScanRecord: Not a Multi Manu data
10-22 20:27:48.900  6413  6468 I chatty  : uid=1002(bluetooth) BT Service Call identical 89 lines
10-22 20:27:48.900  6413  6468 D ScanRecord: Not a Multi Manu data
10-22 20:27:48.905  7669  7977 I BatteryMgr:DataCollectionService: stats => 1697999268905,-76,4308,-198,0,100
10-22 20:27:48.911  6413  6468 D ScanRecord: Not a Multi Manu data
10-22 20:27:48.995  6413  6468 I chatty  : uid=1002(bluetooth) BT Service Call identical 89 lines
10-22 20:27:48.995  6413  6468 D ScanRecord: Not a Multi Manu data
10-22 20:27:49.011  7669  7977 I BatteryMgr:DataCollectionService: stats => 1697999269011,-76,4308,-198,0,100
10-22 20:27:49.013  6413  6468 D ScanRecord: Not a Multi Manu data
10-22 20:27:49.107  6413  6468 I chatty  : uid=1002(bluetooth) BT Service Call identical 141 lines
10-22 20:27:49.107  6413  6468 D ScanRecord: Not a Multi Manu data
10-22 20:27:49.117  7669  7977 I BatteryMgr:DataCollectionService: stats => 1697999269117,-76,4308,-198,0,100
10-22 20:27:49.122  6413  6468 D ScanRecord: Not a Multi Manu data
10-22 20:27:49.166  6413  6468 I chatty  : uid=1002(bluetooth) BT Service Call identical 89 lines
10-22 20:27:49.166  6413  6468 D ScanRecord: Not a Multi Manu data
10-22 20:27:49.224  7669  7977 I BatteryMgr:DataCollectionService: stats => 1697999269224,-76,4308,-198,0,100
10-22 20:27:49.240  7714  7725 I zygote64: Background concurrent copying GC freed 144888(4MB) AllocSpace objects, 0(0B) LOS objects, 50% free, 4MB/9MB, paused 2.555ms total 214.488ms
10-22 20:27:49.329  7669  7977 I BatteryMgr:DataCollectionService: stats => 1697999269329,-76,4308,-198,0,100
10-22 20:27:49.427  3957  4129 D WifiStateMachine:  ConnectedState !RSSI_PKTCNT_FETCH uid=1000 rt=605676012/1661651484 0 0 "ourhome" f4:6d:2f:12:cc:88 rssi=-43 f=5240 sc=60 link=433 tx=1.0, 0.0, 0.0  rx=6.1 bcn=620707 [on:0 tx:0 rx:0 period:999] from screen [on:779101 period:4213095] score=60
10-22 20:27:49.428  3957  4129 D WifiStateMachine:  L2ConnectedState !RSSI_PKTCNT_FETCH uid=1000 rt=605676013/1661651486 0 0 "ourhome" f4:6d:2f:12:cc:88 rssi=-43 f=5240 sc=60 link=433 tx=1.0, 0.0, 0.0  rx=6.1 bcn=620707 [on:0 tx:0 rx:0 period:1] from screen [on:779101 period:4213096] score=60
10-22 20:27:49.434  3957  4129 D WifiStateMachine: fetchRssiLinkSpeedAndFrequencyNative rssi=-43 linkspeed=433 freq=5240
10-22 20:27:49.435  3957  4129 V WifiConfigManager: Updating scan detail cache freq=5240 BSSID=f4:6d:2f:12:cc:88 RSSI=-42 for "ourhome"WPA_PSK
10-22 20:27:49.438  7669  7977 I BatteryMgr:DataCollectionService: stats => 1697999269438,-76,4308,-198,0,100
10-22 20:27:49.543  7669  7977 I BatteryMgr:DataCollectionService: stats => 1697999269543,-76,4308,-198,0,100
10-22 20:27:49.649  7669  7977 I BatteryMgr:DataCollectionService: stats => 1697999269649,-76,4308,-198,0,100
10-22 20:27:49.755  7669  7977 I BatteryMgr:DataCollectionService: stats => 1697999269755,-76,4308,-198,0,100
10-22 20:27:49.783  3957  4128 D WifiService: getConnectionInfo uid=1000
10-22 20:27:49.862  7669  7977 I BatteryMgr:DataCollectionService: stats => 1697999269861,-76,4308,-198,0,100
10-22 20:27:49.968  7669  7977 I BatteryMgr:DataCollectionService: stats => 1697999269968,-76,4308,-198,0,100
10-22 20:27:49.985  3957  4129 D WifiStateMachine:  ConnectedState !CMD_RSSI_POLL rt=605676569/1661652041 122 0 "ourhome" f4:6d:2f:12:cc:88 rssi=-43 f=5240 sc=60 link=433 tx=1.0, 0.0, 0.0  rx=6.1 bcn=620707 [on:0 tx:0 rx:0 period:556] from screen [on:779101 period:4213652] score=60
10-22 20:27:49.986  3957  4129 D WifiStateMachine:  L2ConnectedState !CMD_RSSI_POLL rt=605676570/1661652043 122 0 "ourhome" f4:6d:2f:12:cc:88 rssi=-43 f=5240 sc=60 link=433 tx=1.0, 0.0, 0.0  rx=6.1 bcn=620707 [on:0 tx:0 rx:0 period:2] from screen [on:779101 period:4213654] score=60
10-22 20:27:49.986  3957  4129 D WifiStateMachine:  get link layer stats 3
10-22 20:27:49.987  3436  3436 I android.hardware.wifi@1.0-service: getLinkLayerStats
10-22 20:27:49.989  3957  4129 D WifiStateMachine: fetchRssiLinkSpeedAndFrequencyNative rssi=-43 linkspeed=433 freq=5240
10-22 20:27:49.989  3957  4129 V WifiConfigManager: Updating scan detail cache freq=5240 BSSID=f4:6d:2f:12:cc:88 RSSI=-42 for "ourhome"WPA_PSK
10-22 20:27:49.992  4340  4340 E SignalClusterView: setSlotFocusVisible : subId -2
10-22 20:27:49.992  4340  4340 E SignalClusterView: setSlotFocusVisible : subId -2
10-22 20:27:50.074  7669  7977 I BatteryMgr:DataCollectionService: stats => 1697999270074,-251,4308,-231,0,100
10-22 20:27:50.182  7669  7977 I BatteryMgr:DataCollectionService: stats => 1697999270181,-251,4308,-231,0,100
10-22 20:27:50.288  7669  7977 I BatteryMgr:DataCollectionService: stats => 1697999270288,-251,4308,-231,0,100
10-22 20:27:50.393  7669  7977 I BatteryMgr:DataCollectionService: stats => 1697999270393,-251,4308,-231,0,100
10-22 20:27:50.428  3957  4129 D WifiStateMachine:  ConnectedState !RSSI_PKTCNT_FETCH uid=1000 rt=605677013/1661652485 0 0 "ourhome" f4:6d:2f:12:cc:88 rssi=-43 f=5240 sc=60 link=433 tx=1.0, 0.0, 0.0  rx=6.0 bcn=620736 [on:0 tx:0 rx:0 period:436] from screen [on:779472 period:4214096] score=60
10-22 20:27:50.429  3957  4129 D WifiStateMachine:  L2ConnectedState !RSSI_PKTCNT_FETCH uid=1000 rt=605677014/1661652487 0 0 "ourhome" f4:6d:2f:12:cc:88 rssi=-43 f=5240 sc=60 link=433 tx=1.0, 0.0, 0.0  rx=6.0 bcn=620736 [on:0 tx:0 rx:0 period:1] from screen [on:779472 period:4214097] score=60
10-22 20:27:50.436  3957  4129 D WifiStateMachine: fetchRssiLinkSpeedAndFrequencyNative rssi=-43 linkspeed=433 freq=5240
10-22 20:27:50.436  3957  4129 V WifiConfigManager: Updating scan detail cache freq=5240 BSSID=f4:6d:2f:12:cc:88 RSSI=-42 for "ourhome"WPA_PSK
10-22 20:27:50.498  7669  7977 I BatteryMgr:DataCollectionService: stats => 1697999270498,-251,4308,-231,0,100
10-22 20:27:50.512  3957 14904 D BatteryService: !@BatteryListener : batteryPropertiesChanged!
10-22 20:27:50.606  7669  7977 I BatteryMgr:DataCollectionService: stats => 1697999270606,-251,4308,-231,0,100
10-22 20:27:50.711  7669  7977 I BatteryMgr:DataCollectionService: stats => 1697999270711,-251,4308,-231,0,100
10-22 20:27:50.784  3957  4128 D WifiService: getConnectionInfo uid=1000
10-22 20:27:50.816  7669  7977 I BatteryMgr:DataCollectionService: stats => 1697999270816,-251,4308,-231,0,100
10-22 20:27:50.923  7669  7977 I BatteryMgr:DataCollectionService: stats => 1697999270923,-251,4308,-231,0,100
10-22 20:27:51.030  7669  7977 I BatteryMgr:DataCollectionService: stats => 1697999271030,-251,4308,-231,0,100
10-22 20:27:51.141  7669  7977 I BatteryMgr:DataCollectionService: stats => 1697999271141,-251,4308,-231,0,100
10-22 20:27:51.247  7669  7977 I BatteryMgr:DataCollectionService: stats => 1697999271246,-251,4308,-231,0,100
10-22 20:27:51.352  7669  7977 I BatteryMgr:DataCollectionService: stats => 1697999271352,-251,4308,-231,0,100
10-22 20:27:51.431  3957  4129 D WifiStateMachine:  ConnectedState !RSSI_PKTCNT_FETCH uid=1000 rt=605678015/1661653487 0 0 "ourhome" f4:6d:2f:12:cc:88 rssi=-43 f=5240 sc=60 link=433 tx=1.0, 0.0, 0.0  rx=6.0 bcn=620736 [on:0 tx:0 rx:0 period:1002] from screen [on:779472 period:4215099] score=60
10-22 20:27:51.432  3957  4129 D WifiStateMachine:  L2ConnectedState !RSSI_PKTCNT_FETCH uid=1000 rt=605678017/1661653489 0 0 "ourhome" f4:6d:2f:12:cc:88 rssi=-43 f=5240 sc=60 link=433 tx=1.0, 0.0, 0.0  rx=6.0 bcn=620736 [on:0 tx:0 rx:0 period:1] from screen [on:779472 period:4215100] score=60
10-22 20:27:51.439  3957  4129 D WifiStateMachine: fetchRssiLinkSpeedAndFrequencyNative rssi=-42 linkspeed=433 freq=5240
10-22 20:27:51.439  3957  4129 V WifiConfigManager: Updating scan detail cache freq=5240 BSSID=f4:6d:2f:12:cc:88 RSSI=-42 for "ourhome"WPA_PSK
10-22 20:27:51.457  7669  7977 I BatteryMgr:DataCollectionService: stats => 1697999271457,-251,4308,-231,0,100
10-22 20:27:51.564  7669  7977 I BatteryMgr:DataCollectionService: stats => 1697999271564,-251,4308,-231,0,100
10-22 20:27:51.657  4961  4961 D io_stats: !@ 179,0 r 10420172 342703436 w 2185603 42663624 d 176291 37374208 f 643059 668633 iot 4748724 4089577 th 51200 0 0 pt 0 inp 0 0 605678.242
10-22 20:27:51.669  7669  7977 I BatteryMgr:DataCollectionService: stats => 1697999271669,-251,4308,-231,0,100
10-22 20:27:51.776  7669  7977 I BatteryMgr:DataCollectionService: stats => 1697999271776,-251,4308,-231,0,100
10-22 20:27:51.786  3957  4128 D WifiService: getConnectionInfo uid=1000
10-22 20:27:51.881  7669  7977 I BatteryMgr:DataCollectionService: stats => 1697999271881,-251,4308,-231,0,100
10-22 20:27:51.988  7669  7977 I BatteryMgr:DataCollectionService: stats => 1697999271988,-251,4308,-231,0,100
10-22 20:27:52.099  7669  7977 I BatteryMgr:DataCollectionService: stats => 1697999272099,-251,4308,-231,0,100
10-22 20:27:52.204  7669  7977 I BatteryMgr:DataCollectionService: stats => 1697999272204,-251,4308,-231,0,100
10-22 20:27:52.312  7669  7977 I BatteryMgr:DataCollectionService: stats => 1697999272312,-251,4308,-231,0,100
10-22 20:27:52.338  3957  4030 D SensorService: [SO] 0.206 -0.120 9.955
10-22 20:27:52.417  7669  7977 I BatteryMgr:DataCollectionService: stats => 1697999272417,-251,4308,-231,0,100
10-22 20:27:52.431  3957  4129 D WifiStateMachine:  ConnectedState !RSSI_PKTCNT_FETCH uid=1000 rt=605679016/1661654489 0 0 "ourhome" f4:6d:2f:12:cc:88 rssi=-42 f=5240 sc=60 link=433 tx=1.0, 0.0, 0.0  rx=6.0 bcn=620736 [on:0 tx:0 rx:0 period:999] from screen [on:779472 period:4216099] score=60
10-22 20:27:52.432  3957  4129 D WifiStateMachine:  L2ConnectedState !RSSI_PKTCNT_FETCH uid=1000 rt=605679017/1661654490 0 0 "ourhome" f4:6d:2f:12:cc:88 rssi=-42 f=5240 sc=60 link=433 tx=1.0, 0.0, 0.0  rx=6.0 bcn=620736 [on:0 tx:0 rx:0 period:1] from screen [on:779472 period:4216100] score=60
10-22 20:27:52.434  3957  4129 D WifiStateMachine: fetchRssiLinkSpeedAndFrequencyNative rssi=-41 linkspeed=433 freq=5240
10-22 20:27:52.434  3957  4129 V WifiConfigManager: Updating scan detail cache freq=5240 BSSID=f4:6d:2f:12:cc:88 RSSI=-41 for "ourhome"WPA_PSK
10-22 20:27:52.523  7669  7977 I BatteryMgr:DataCollectionService: stats => 1697999272523,-251,4308,-231,0,100
10-22 20:27:52.631  7669  7977 I BatteryMgr:DataCollectionService: stats => 1697999272631,-251,4308,-231,0,100
10-22 20:27:52.736  7669  7977 I BatteryMgr:DataCollectionService: stats => 1697999272736,-251,4308,-231,0,100
10-22 20:27:52.789  3957  4128 D WifiService: getConnectionInfo uid=1000
10-22 20:27:52.844  7669  7977 I BatteryMgr:DataCollectionService: stats => 1697999272844,-251,4308,-231,0,100
10-22 20:27:52.951  7669  7977 I BatteryMgr:DataCollectionService: stats => 1697999272951,-251,4308,-231,0,100
10-22 20:27:52.992  3957  4129 D WifiStateMachine:  ConnectedState !CMD_RSSI_POLL rt=605679576/1661655048 122 0 "ourhome" f4:6d:2f:12:cc:88 rssi=-41 f=5240 sc=60 link=433 tx=1.0, 0.0, 0.0  rx=6.0 bcn=620736 [on:0 tx:0 rx:0 period:559] from screen [on:779472 period:4216659] score=60
10-22 20:27:52.993  3957  4129 D WifiStateMachine:  L2ConnectedState !CMD_RSSI_POLL rt=605679577/1661655050 122 0 "ourhome" f4:6d:2f:12:cc:88 rssi=-41 f=5240 sc=60 link=433 tx=1.0, 0.0, 0.0  rx=6.0 bcn=620736 [on:0 tx:0 rx:0 period:2] from screen [on:779472 period:4216661] score=60
10-22 20:27:52.993  3957  4129 D WifiStateMachine:  get link layer stats 3
10-22 20:27:52.993  3436  3436 I android.hardware.wifi@1.0-service: getLinkLayerStats
10-22 20:27:53.011  3957  4129 D WifiStateMachine: fetchRssiLinkSpeedAndFrequencyNative rssi=-45 linkspeed=433 freq=5240
10-22 20:27:53.011  3957  4129 V WifiConfigManager: Updating scan detail cache freq=5240 BSSID=f4:6d:2f:12:cc:88 RSSI=-43 for "ourhome"WPA_PSK
10-22 20:27:53.014  4340  4340 E SignalClusterView: setSlotFocusVisible : subId -2
10-22 20:27:53.014  4340  4340 E SignalClusterView: setSlotFocusVisible : subId -2
10-22 20:27:53.056  7669  7977 I BatteryMgr:DataCollectionService: stats => 1697999273056,-251,4308,-231,0,100
10-22 20:27:53.164  7669  7977 I BatteryMgr:DataCollectionService: stats => 1697999273164,-251,4308,-231,0,100
10-22 20:27:53.272  7669  7977 I BatteryMgr:DataCollectionService: stats => 1697999273272,-251,4308,-231,0,100
10-22 20:27:53.378  7669  7977 I BatteryMgr:DataCollectionService: stats => 1697999273377,-251,4308,-231,0,100
10-22 20:27:53.432  3957  4129 D WifiStateMachine:  ConnectedState !RSSI_PKTCNT_FETCH uid=1000 rt=605680017/1661655489 0 0 "ourhome" f4:6d:2f:12:cc:88 rssi=-45 f=5240 sc=60 link=433 tx=0.4, 0.0, 0.0  rx=16.8 bcn=620765 [on:0 tx:0 rx:0 period:416] from screen [on:780214 period:4217100] score=60
10-22 20:27:53.434  3957  4129 D WifiStateMachine:  L2ConnectedState !RSSI_PKTCNT_FETCH uid=1000 rt=605680018/1661655490 0 0 "ourhome" f4:6d:2f:12:cc:88 rssi=-45 f=5240 sc=60 link=433 tx=0.4, 0.0, 0.0  rx=16.8 bcn=620765 [on:0 tx:0 rx:0 period:2] from screen [on:780214 period:4217102] score=60
10-22 20:27:53.440  3957  4129 D WifiStateMachine: fetchRssiLinkSpeedAndFrequencyNative rssi=-44 linkspeed=433 freq=5240
10-22 20:27:53.440  3957  4129 V WifiConfigManager: Updating scan detail cache freq=5240 BSSID=f4:6d:2f:12:cc:88 RSSI=-43 for "ourhome"WPA_PSK
10-22 20:27:53.483  7669  7977 I BatteryMgr:DataCollectionService: stats => 1697999273483,-251,4308,-231,0,100
10-22 20:27:53.589  7669  7977 I BatteryMgr:DataCollectionService: stats => 1697999273589,-251,4308,-231,0,100
10-22 20:27:53.671  6413  6468 D ScanRecord: Not a Multi Manu data
10-22 20:27:53.695  6413  6468 I chatty  : uid=1002(bluetooth) BT Service Call identical 76 lines
10-22 20:27:53.695  6413  6468 D ScanRecord: Not a Multi Manu data
10-22 20:27:53.697  7669  7977 I BatteryMgr:DataCollectionService: stats => 1697999273697,-251,4308,-231,0,100
10-22 20:27:53.713  6413  6468 D ScanRecord: Not a Multi Manu data
10-22 20:27:53.789  6413  6468 I chatty  : uid=1002(bluetooth) BT Service Call identical 206 lines
10-22 20:27:53.789  6413  6468 D ScanRecord: Not a Multi Manu data
10-22 20:27:53.791  3957  4128 D WifiService: getConnectionInfo uid=1000
10-22 20:27:53.794  6413  6468 D ScanRecord: Not a Multi Manu data
10-22 20:27:53.801  6413  6468 I chatty  : uid=1002(bluetooth) BT Service Call identical 37 lines
10-22 20:27:53.801  6413  6468 D ScanRecord: Not a Multi Manu data
10-22 20:27:53.802  7669  7977 I BatteryMgr:DataCollectionService: stats => 1697999273802,-251,4308,-231,0,100
10-22 20:27:53.803  6413  6468 D ScanRecord: Not a Multi Manu data
10-22 20:27:53.902  6413  6468 I chatty  : uid=1002(bluetooth) BT Service Call identical 245 lines
10-22 20:27:53.902  6413  6468 D ScanRecord: Not a Multi Manu data
10-22 20:27:53.909  7669  7977 I BatteryMgr:DataCollectionService: stats => 1697999273909,-251,4308,-231,0,100
10-22 20:27:53.909  6413  6468 D ScanRecord: Not a Multi Manu data
10-22 20:27:54.015  6413  6468 I chatty  : uid=1002(bluetooth) BT Service Call identical 245 lines
10-22 20:27:54.015  6413  6468 D ScanRecord: Not a Multi Manu data
10-22 20:27:54.015  7669  7977 I BatteryMgr:DataCollectionService: stats => 1697999274015,-251,4308,-231,0,100
10-22 20:27:54.019  6413  6468 D ScanRecord: Not a Multi Manu data
10-22 20:27:54.120  6413  6468 I chatty  : uid=1002(bluetooth) BT Service Call identical 206 lines
10-22 20:27:54.120  6413  6468 D ScanRecord: Not a Multi Manu data
10-22 20:27:54.120  7669  7977 I BatteryMgr:DataCollectionService: stats => 1697999274120,-251,4308,-231,0,100
10-22 20:27:54.136  6413  6468 D ScanRecord: Not a Multi Manu data
10-22 20:27:54.165  6413  6468 I chatty  : uid=1002(bluetooth) BT Service Call identical 89 lines
10-22 20:27:54.165  6413  6468 D ScanRecord: Not a Multi Manu data
10-22 20:27:54.226  7669  7977 I BatteryMgr:DataCollectionService: stats => 1697999274226,-251,4308,-231,0,100
10-22 20:27:54.331  7669  7977 I BatteryMgr:DataCollectionService: stats => 1697999274331,-251,4308,-231,0,100
10-22 20:27:54.433  3957  4129 D WifiStateMachine:  ConnectedState !RSSI_PKTCNT_FETCH uid=1000 rt=605681017/1661656490 0 0 "ourhome" f4:6d:2f:12:cc:88 rssi=-44 f=5240 sc=60 link=433 tx=0.4, 0.0, 0.0  rx=16.8 bcn=620765 [on:0 tx:0 rx:0 period:999] from screen [on:780214 period:4218101] score=60
10-22 20:27:54.434  3957  4129 D WifiStateMachine:  L2ConnectedState !RSSI_PKTCNT_FETCH uid=1000 rt=605681019/1661656491 0 0 "ourhome" f4:6d:2f:12:cc:88 rssi=-44 f=5240 sc=60 link=433 tx=0.4, 0.0, 0.0  rx=16.8 bcn=620765 [on:0 tx:0 rx:0 period:1] from screen [on:780214 period:4218102] score=60
10-22 20:27:54.436  7669  7977 I BatteryMgr:DataCollectionService: stats => 1697999274436,-251,4308,-231,0,100
10-22 20:27:54.440  3957  4129 D WifiStateMachine: fetchRssiLinkSpeedAndFrequencyNative rssi=-42 linkspeed=433 freq=5240
10-22 20:27:54.440  3957  4129 V WifiConfigManager: Updating scan detail cache freq=5240 BSSID=f4:6d:2f:12:cc:88 RSSI=-42 for "ourhome"WPA_PSK
10-22 20:27:54.543  7669  7977 I BatteryMgr:DataCollectionService: stats => 1697999274543,-251,4308,-231,0,100
10-22 20:27:54.650  7669  7977 I BatteryMgr:DataCollectionService: stats => 1697999274649,-251,4308,-231,0,100
10-22 20:27:54.755  7669  7977 I BatteryMgr:DataCollectionService: stats => 1697999274754,-251,4308,-231,0,100
10-22 20:27:54.792  3957  4128 D WifiService: getConnectionInfo uid=1000
10-22 20:27:54.862  7669  7977 I BatteryMgr:DataCollectionService: stats => 1697999274862,-251,4308,-231,0,100
10-22 20:27:54.968  7669  7977 I BatteryMgr:DataCollectionService: stats => 1697999274968,-251,4308,-231,0,100
10-22 20:27:55.073  7669  7977 I BatteryMgr:DataCollectionService: stats => 1697999275073,-251,4308,-231,0,100
10-22 20:27:55.181  7669  7977 I BatteryMgr:DataCollectionService: stats => 1697999275181,-251,4308,-231,0,100
10-22 20:27:55.287  7669  7977 I BatteryMgr:DataCollectionService: stats => 1697999275287,-251,4308,-231,0,100
10-22 20:27:55.393  7669  7977 I BatteryMgr:DataCollectionService: stats => 1697999275393,-251,4308,-231,0,100
10-22 20:27:55.434  3957  4129 D WifiStateMachine:  ConnectedState !RSSI_PKTCNT_FETCH uid=1000 rt=605682018/1661657491 0 0 "ourhome" f4:6d:2f:12:cc:88 rssi=-42 f=5240 sc=60 link=433 tx=0.4, 0.0, 0.0  rx=16.8 bcn=620765 [on:0 tx:0 rx:0 period:1000] from screen [on:780214 period:4219102] score=60
10-22 20:27:55.435  3957  4129 D WifiStateMachine:  L2ConnectedState !RSSI_PKTCNT_FETCH uid=1000 rt=605682019/1661657492 0 0 "ourhome" f4:6d:2f:12:cc:88 rssi=-42 f=5240 sc=60 link=433 tx=0.4, 0.0, 0.0  rx=16.8 bcn=620765 [on:0 tx:0 rx:0 period:1] from screen [on:780214 period:4219103] score=60
10-22 20:27:55.436  3957  4129 D WifiStateMachine: fetchRssiLinkSpeedAndFrequencyNative rssi=-41 linkspeed=433 freq=5240
10-22 20:27:55.436  3957  4129 V WifiConfigManager: Updating scan detail cache freq=5240 BSSID=f4:6d:2f:12:cc:88 RSSI=-41 for "ourhome"WPA_PSK
10-22 20:27:55.499  7669  7977 I BatteryMgr:DataCollectionService: stats => 1697999275498,-251,4308,-231,0,100
10-22 20:27:55.605  7669  7977 I BatteryMgr:DataCollectionService: stats => 1697999275605,-251,4308,-231,0,100
10-22 20:27:55.713  7669  7977 I BatteryMgr:DataCollectionService: stats => 1697999275713,-251,4308,-231,0,100
10-22 20:27:55.795  3957  4128 D WifiService: getConnectionInfo uid=1000
10-22 20:27:55.819  7669  7977 I BatteryMgr:DataCollectionService: stats => 1697999275819,-251,4308,-231,0,100
10-22 20:27:55.924  7669  7977 I BatteryMgr:DataCollectionService: stats => 1697999275924,-251,4308,-231,0,100
10-22 20:27:56.013  3957  4129 D WifiStateMachine:  ConnectedState !CMD_RSSI_POLL rt=605682598/1661658070 122 0 "ourhome" f4:6d:2f:12:cc:88 rssi=-41 f=5240 sc=60 link=433 tx=0.4, 0.0, 0.0  rx=16.8 bcn=620765 [on:0 tx:0 rx:0 period:578] from screen [on:780214 period:4219681] score=60
10-22 20:27:56.015  3957  4129 D WifiStateMachine:  L2ConnectedState !CMD_RSSI_POLL rt=605682599/1661658072 122 0 "ourhome" f4:6d:2f:12:cc:88 rssi=-41 f=5240 sc=60 link=433 tx=0.4, 0.0, 0.0  rx=16.8 bcn=620765 [on:0 tx:0 rx:0 period:1] from screen [on:780214 period:4219682] score=60
10-22 20:27:56.015  3957  4129 D WifiStateMachine:  get link layer stats 3
10-22 20:27:56.015  3436  3436 I android.hardware.wifi@1.0-service: getLinkLayerStats
10-22 20:27:56.018  3957  4129 D WifiStateMachine: fetchRssiLinkSpeedAndFrequencyNative rssi=-41 linkspeed=433 freq=5240
10-22 20:27:56.018  3957  4129 V WifiConfigManager: Updating scan detail cache freq=5240 BSSID=f4:6d:2f:12:cc:88 RSSI=-41 for "ourhome"WPA_PSK
10-22 20:27:56.020  4340  4340 E SignalClusterView: setSlotFocusVisible : subId -2
10-22 20:27:56.020  4340  4340 E SignalClusterView: setSlotFocusVisible : subId -2
10-22 20:27:56.031  7669  7977 I BatteryMgr:DataCollectionService: stats => 1697999276031,-251,4308,-231,0,100
10-22 20:27:56.136  7669  7977 I BatteryMgr:DataCollectionService: stats => 1697999276136,-251,4308,-231,0,100
10-22 20:27:56.243  7669  7977 I BatteryMgr:DataCollectionService: stats => 1697999276243,-251,4308,-231,0,100
10-22 20:27:56.349  7669  7977 I BatteryMgr:DataCollectionService: stats => 1697999276349,-251,4308,-231,0,100
10-22 20:27:56.435  3957  4129 D WifiStateMachine:  ConnectedState !RSSI_PKTCNT_FETCH uid=1000 rt=605683019/1661658491 0 0 "ourhome" f4:6d:2f:12:cc:88 rssi=-41 f=5240 sc=60 link=433 tx=0.8, 0.0, 0.0  rx=10.0 bcn=620794 [on:0 tx:0 rx:0 period:415] from screen [on:780779 period:4220103] score=60
10-22 20:27:56.436  3957  4129 D WifiStateMachine:  L2ConnectedState !RSSI_PKTCNT_FETCH uid=1000 rt=605683021/1661658493 0 0 "ourhome" f4:6d:2f:12:cc:88 rssi=-41 f=5240 sc=60 link=433 tx=0.8, 0.0, 0.0  rx=10.0 bcn=620794 [on:0 tx:0 rx:0 period:1] from screen [on:780779 period:4220104] score=60
10-22 20:27:56.442  3957  4129 D WifiStateMachine: fetchRssiLinkSpeedAndFrequencyNative rssi=-42 linkspeed=433 freq=5240
10-22 20:27:56.442  3957  4129 V WifiConfigManager: Updating scan detail cache freq=5240 BSSID=f4:6d:2f:12:cc:88 RSSI=-41 for "ourhome"WPA_PSK
10-22 20:27:56.454  7669  7977 I BatteryMgr:DataCollectionService: stats => 1697999276454,-251,4308,-231,0,100
10-22 20:27:56.561  7669  7977 I BatteryMgr:DataCollectionService: stats => 1697999276561,-251,4308,-231,0,100
10-22 20:27:56.659  4961  4961 D io_stats: !@ 179,0 r 10420195 342703996 w 2185610 42663716 d 176292 37374292 f 643060 668634 iot 4748732 4089591 th 51200 0 0 pt 0 inp 0 0 605683.244
10-22 20:27:56.666  7669  7977 I BatteryMgr:DataCollectionService: stats => 1697999276666,-251,4308,-231,0,100
10-22 20:27:56.772  7669  7977 I BatteryMgr:DataCollectionService: stats => 1697999276772,-251,4308,-231,0,100
10-22 20:27:56.797  3957  4128 D WifiService: getConnectionInfo uid=1000
10-22 20:27:56.880  7669  7977 I BatteryMgr:DataCollectionService: stats => 1697999276880,-251,4308,-231,0,100
10-22 20:27:56.985  7669  7977 I BatteryMgr:DataCollectionService: stats => 1697999276985,-251,4308,-231,0,100
10-22 20:27:57.093  7669  7977 I BatteryMgr:DataCollectionService: stats => 1697999277093,-251,4308,-231,0,100
10-22 20:27:57.201  7669  7977 I BatteryMgr:DataCollectionService: stats => 1697999277201,-251,4308,-231,0,100
10-22 20:27:57.307  7669  7977 I BatteryMgr:DataCollectionService: stats => 1697999277307,-251,4308,-231,0,100
10-22 20:27:57.414  7669  7977 I BatteryMgr:DataCollectionService: stats => 1697999277414,-251,4308,-231,0,100
10-22 20:27:57.436  3957  4129 D WifiStateMachine:  ConnectedState !RSSI_PKTCNT_FETCH uid=1000 rt=605684020/1661659492 0 0 "ourhome" f4:6d:2f:12:cc:88 rssi=-42 f=5240 sc=60 link=433 tx=0.8, 0.0, 0.0  rx=10.0 bcn=620794 [on:0 tx:0 rx:0 period:999] from screen [on:780779 period:4221103] score=60
10-22 20:27:57.436  3957  4129 D WifiStateMachine:  L2ConnectedState !RSSI_PKTCNT_FETCH uid=1000 rt=605684021/1661659494 0 0 "ourhome" f4:6d:2f:12:cc:88 rssi=-42 f=5240 sc=60 link=433 tx=0.8, 0.0, 0.0  rx=10.0 bcn=620794 [on:0 tx:0 rx:0 period:1] from screen [on:780779 period:4221104] score=60
10-22 20:27:57.442  3957  4129 D WifiStateMachine: fetchRssiLinkSpeedAndFrequencyNative rssi=-41 linkspeed=433 freq=5240
10-22 20:27:57.442  3957  4129 V WifiConfigManager: Updating scan detail cache freq=5240 BSSID=f4:6d:2f:12:cc:88 RSSI=-41 for "ourhome"WPA_PSK
10-22 20:27:57.520  7669  7977 I BatteryMgr:DataCollectionService: stats => 1697999277520,-251,4308,-231,0,100
10-22 20:27:57.626  7669  7977 I BatteryMgr:DataCollectionService: stats => 1697999277625,-251,4308,-231,0,100
10-22 20:27:57.732  7669  7977 I BatteryMgr:DataCollectionService: stats => 1697999277732,-251,4308,-231,0,100
10-22 20:27:57.799  3957  4128 D WifiService: getConnectionInfo uid=1000
10-22 20:27:57.837  7669  7977 I BatteryMgr:DataCollectionService: stats => 1697999277837,-251,4308,-231,0,100
10-22 20:27:57.943  7669  7977 I BatteryMgr:DataCollectionService: stats => 1697999277943,-251,4308,-231,0,100
10-22 20:27:58.050  7669  7977 I BatteryMgr:DataCollectionService: stats => 1697999278050,-251,4308,-231,0,100
10-22 20:27:58.156  7669  7977 I BatteryMgr:DataCollectionService: stats => 1697999278156,-251,4308,-231,0,100
10-22 20:27:58.268  7669  7977 I BatteryMgr:DataCollectionService: stats => 1697999278268,-251,4308,-231,0,100
10-22 20:27:58.374  7669  7977 I BatteryMgr:DataCollectionService: stats => 1697999278373,-251,4308,-231,0,100
10-22 20:27:58.433  3957  6478 D SSRM:k  : SIOP:: AP = 460, PST = 411 (W:12), BAT = 328, USB = 0, CHG = 0
10-22 20:27:58.437  3957  4129 D WifiStateMachine:  ConnectedState !RSSI_PKTCNT_FETCH uid=1000 rt=605685021/1661660494 0 0 "ourhome" f4:6d:2f:12:cc:88 rssi=-41 f=5240 sc=60 link=433 tx=0.8, 0.0, 0.0  rx=10.0 bcn=620794 [on:0 tx:0 rx:0 period:1001] from screen [on:780779 period:4222105] score=60
10-22 20:27:58.439  3957  4129 D WifiStateMachine:  L2ConnectedState !RSSI_PKTCNT_FETCH uid=1000 rt=605685023/1661660495 0 0 "ourhome" f4:6d:2f:12:cc:88 rssi=-41 f=5240 sc=60 link=433 tx=0.8, 0.0, 0.0  rx=10.0 bcn=620794 [on:0 tx:0 rx:0 period:2] from screen [on:780779 period:4222107] score=60
10-22 20:27:58.443  3957  6478 D ac      : broadcastSiopLevelIntent:: currentSiopLevel = 1
10-22 20:27:58.445  3957  4129 D WifiStateMachine: fetchRssiLinkSpeedAndFrequencyNative rssi=-41 linkspeed=433 freq=5240
10-22 20:27:58.445  3957  4129 V WifiConfigManager: Updating scan detail cache freq=5240 BSSID=f4:6d:2f:12:cc:88 RSSI=-41 for "ourhome"WPA_PSK
10-22 20:27:58.460  3957  6478 D WifiService: getConnectionInfo uid=1000
10-22 20:27:58.477  3957  6478 I SensorService: createSensorEventConnection package name f.z
10-22 20:27:58.483  3957  6478 D SensorService: Calling batch handle==3 flags=0 rate=200000000 timeout== 0
