10-22 20:20:45.412  4492  4492 D TimaKeyStoreProvider: TimaKeyStore is not enabled: cannot add TimaSignature Service and generateKeyPair Service
10-22 20:20:45.413  4492  4492 D ActivityThread: Added TimaKeyStore provider
10-22 20:20:45.432  3957 10057 I ActivityManager: DSS on for com.samsung.android.email.provider and scale is 1.0
10-22 20:20:45.476  3542  3714 I BatteryMgr:DataCollectionService: stats => 1697998845476,-512,4308,-346,0,100
10-22 20:20:45.545  4492  4492 I zygote64: find the special shared library, skip check
10-22 20:20:45.554  4492  4492 I chatty  : uid=10157(u0_a157) com.samsung.android.email.provider identical 1 line
10-22 20:20:45.560  4492  4492 I zygote64: find the special shared library, skip check
10-22 20:20:45.582  3542  3714 I BatteryMgr:DataCollectionService: stats => 1697998845581,-512,4308,-346,0,100
10-22 20:20:45.667  3957  4128 D WifiService: getConnectionInfo uid=1000
10-22 20:20:45.690  3542  3714 I BatteryMgr:DataCollectionService: stats => 1697998845690,-512,4308,-346,0,100
10-22 20:20:45.701  3957  6478 D SSRM:k  : SIOP:: AP = 470, PST = 415 (W:10), BAT = 328, USB = 0, CHG = 0
10-22 20:20:45.702  4293  4432 W zygote  : JNI RegisterNativeMethods: attempt to register 0 native methods for com.facebook.omnistore.OmnistoreCollectionFrontendHolder
10-22 20:20:45.725  3957  6478 D ac      : broadcastSiopLevelIntent:: currentSiopLevel = 1
10-22 20:20:45.731  3957  4129 D WifiStateMachine:  ConnectedState !RSSI_PKTCNT_FETCH uid=1000 rt=605252316/1661227788 0 0 "ourhome" f4:6d:2f:12:cc:88 rssi=-45 f=5240 sc=60 link=433 tx=24.7, 1.9, 0.0  rx=30.4 bcn=616728 [on:0 tx:0 rx:0 period:999] from screen [on:675247 period:3789399] score=60
10-22 20:20:45.733  3957  4129 D WifiStateMachine:  L2ConnectedState !RSSI_PKTCNT_FETCH uid=1000 rt=605252317/1661227790 0 0 "ourhome" f4:6d:2f:12:cc:88 rssi=-45 f=5240 sc=60 link=433 tx=24.7, 1.9, 0.0  rx=30.4 bcn=616728 [on:0 tx:0 rx:0 period:1] from screen [on:675247 period:3789400] score=60
10-22 20:20:45.739  3957  4129 D WifiStateMachine: fetchRssiLinkSpeedAndFrequencyNative rssi=-45 linkspeed=433 freq=5240
10-22 20:20:45.739  3957  4129 V WifiConfigManager: Updating scan detail cache freq=5240 BSSID=f4:6d:2f:12:cc:88 RSSI=-45 for "ourhome"WPA_PSK
10-22 20:20:45.752  3957  6478 D WifiService: getConnectionInfo uid=1000
10-22 20:20:45.795  3957  6478 I SensorService: createSensorEventConnection package name f.z
10-22 20:20:45.797  3542  3714 I BatteryMgr:DataCollectionService: stats => 1697998845797,-512,4308,-346,0,100
10-22 20:20:45.803  3804  3804 I [SC]SCloudReceiver: onReceive: com.samsung.intent.action.CHECK_SIOP_LEVEL
10-22 20:20:45.806  3957  6478 D SensorService: Calling batch handle==3 flags=0 rate=200000000 timeout== 0
10-22 20:20:45.807  3434  3434 I Sensors : ProximitySensor:enable: handle 3, en 1, old_en 0
10-22 20:20:45.817  3804  3804 I [SC]DetectorReceiver: onReceive [com.samsung.intent.action.CHECK_SIOP_LEVEL]
10-22 20:20:45.837  3804  3804 I [SC]AccountUtil: Samsung Account Not Logged in
10-22 20:20:45.870  3957  6478 D SensorManager: registerListener :: 3, STK3013 Proximity, 200000, 0,  
10-22 20:20:45.872  3434  3434 I Sensors : ProximitySensor:readEvents: value 8(cm)
10-22 20:20:45.876  3957  3957 D SensorManager: Proximity, val = 8.0  [far]
10-22 20:20:45.881  3957  3957 D SensorService: Calling activate off 3
10-22 20:20:45.882  3434  4028 I Sensors : ProximitySensor:enable: handle 3, en 0, old_en 1
10-22 20:20:45.884  3957  3957 D SensorManager: unregisterListener ::   
10-22 20:20:45.908  3542  3714 I BatteryMgr:DataCollectionService: stats => 1697998845908,-512,4308,-346,0,100
10-22 20:20:45.973  4340  4340 D KeyguardUpdateMonitor: handleStatusBarState( false )
10-22 20:20:45.978  3957 10057 W StorageManager: getStorageLowBytes lowPercent : 5, lowBytes : 1260145254, maxLowBytes : 524288000
10-22 20:20:45.983  3957 10057 I chatty  : uid=1000(system) Binder:3957_19 identical 1 line
10-22 20:20:45.985  3957 10057 W StorageManager: getStorageLowBytes lowPercent : 5, lowBytes : 1260145254, maxLowBytes : 524288000
10-22 20:20:46.019  3542  3714 I BatteryMgr:DataCollectionService: stats => 1697998846019,-512,4308,-346,0,100
10-22 20:20:46.125  3542  3714 I BatteryMgr:DataCollectionService: stats => 1697998846125,-512,4308,-346,0,100
10-22 20:20:46.126  3957  4554 W StorageManager: getStorageLowBytes lowPercent : 5, lowBytes : 1260145254, maxLowBytes : 524288000
10-22 20:20:46.163  4293  4510 W fb4a.FBInjector: Setting Application: com.facebook.katana.app.FacebookApplication@9a97836 with classloader: dalvik.system.PathClassLoader@11773393
10-22 20:20:46.188  3957  4554 I SamsungAlarmManager: setLocked to kernel - T:2 / 20231022T202945, SetElapsed=1661767542, nowELAPSED=1661228246
10-22 20:20:46.195  3957  4554 D SamsungAlarmManager: setExact Intent (T:2/F:1/AC:false) 20231022T202544 - CU:10103/CP:4293
10-22 20:20:46.195  3957  4554 I SamsungAlarmManager: setLocked to kernel - T:2 / 20231022T202544, SetElapsed=1661527006, nowELAPSED=1661228253
10-22 20:20:46.231  3542  3714 I BatteryMgr:DataCollectionService: stats => 1697998846230,-512,4308,-346,0,100
10-22 20:20:46.248  4492  4492 I BNRClientProivder, VERSION : 1.7.5: register - xml6 quick_backup : Email, QJ5JBlRnP9, com.samsung.android.email.provider.service.sCloudBNRService
10-22 20:20:46.249  4492  4492 I QBNRClientHelper: init SyncClientHelper : Email
10-22 20:20:46.255  4492  4492 I BNRClientProivder, VERSION : 1.7.5: register - xml6 quick_backup : EMAILFOLDER, 55LAYJm0O2, com.samsung.android.email.provider.service.sCloudBNRService2
10-22 20:20:46.255  4492  4492 I QBNRClientHelper: init SyncClientHelper : EMAILFOLDER
10-22 20:20:46.287  3957 10057 W StorageManager: getStorageLowBytes lowPercent : 5, lowBytes : 1260145254, maxLowBytes : 524288000
10-22 20:20:46.314  4961  4961 D io_stats: !@ 179,0 r 10319826 339132616 w 2178036 42557004 d 175567 37343904 f 642109 667667 iot 4710308 4057460 th 51200 0 0 pt 0 inp 3 0 605252.899
10-22 20:20:46.319  4492  4492 D SamsungAnalytics201007: [Validation] dma pkg:513001000
10-22 20:20:46.325  4492  4492 D SamsungAnalytics201007: cf feature is supported
10-22 20:20:46.337  3542  3714 I BatteryMgr:DataCollectionService: stats => 1697998846337,-512,4308,-346,0,100
10-22 20:20:46.341  4492  4492 D SamsungAnalytics201007: send setting
10-22 20:20:46.342  4492  4492 D SamsungAnalytics201007: newThread on Executor
10-22 20:20:46.348  4492  4492 D SamsungAnalytics201007: [Tracker] Tracker start:2.01.007DLC
10-22 20:20:46.363  4492  4492 I RuntimePermission: -1
10-22 20:20:46.389  3957  4554 D CryptdConnector: SND -> {105 cryptfs getpwtype}
10-22 20:20:46.391  3332  3353 D VoldCryptCmdListener: cryptfs getpwtype
10-22 20:20:46.400  3957  4092 D CryptdConnector: RCV <- {213 105 default}
10-22 20:20:46.411  4492  4492 E Utility : isFBELocked status 4 isUserUnlocked true
10-22 20:20:46.426  4492  4492 D Email   : initMainProcess, set nightmode to: 1
10-22 20:20:46.444  3542  3714 I BatteryMgr:DataCollectionService: stats => 1697998846443,-512,4308,-346,0,100
10-22 20:20:46.449  4293  4473 W fb4a.Fixie: Initialize FB4A_APP_LOADED_UI_IDLE on thread: CombinedTP15
10-22 20:20:46.467  3957 10057 W StorageManager: getStorageLowBytes lowPercent : 5, lowBytes : 1260145254, maxLowBytes : 524288000
10-22 20:20:46.473  4293  4473 W fb4a.Fixie: Initialize ULimitFixer
10-22 20:20:46.474  4492  4529 D Protocol: Email::grantAccessForAllEmailAliases() - grant permissions for aliases start
10-22 20:20:46.476  4293  4473 W fb4a.Fixie: Initialize MemoryRedFixer
10-22 20:20:46.478  4492  4530 D skia    : --- SkAndroidCodec::NewFromStream returned null
10-22 20:20:46.520  3957 10057 I chatty  : uid=1000(system) Binder:3957_19 identical 2 lines
10-22 20:20:46.525  3957 10057 W StorageManager: getStorageLowBytes lowPercent : 5, lowBytes : 1260145254, maxLowBytes : 524288000
10-22 20:20:46.527  4293  4473 W fb4a.Fixie: Initialize ContentProviderFixer
10-22 20:20:46.527  4293  4473 W fb4a.Fixie: Initialize ActivityStackResetterFixer
10-22 20:20:46.528  4293  4473 W fb4a.Fixie/ActivityStackResetterFixer: Enable Activity Stack Resetter
10-22 20:20:46.529  4293  4473 W fb4a.Fixie: Initialize GcOptimizerFixer
10-22 20:20:46.529  4293  4473 W fb4a.Fixie: Initialize ActivityThreadProtector
10-22 20:20:46.536  4293  4473 W fb4a.Fixie: Initialize HuaweiStackTraceFixer
10-22 20:20:46.537  4293  4473 W fb4a.Fixie: Initialize SamsungContextLeakFixer
10-22 20:20:46.540  4492  4530 D skia    : --- SkAndroidCodec::NewFromStream returned null
10-22 20:20:46.543  4492  4530 D skia    : --- SkAndroidCodec::NewFromStream returned null
10-22 20:20:46.548  4293  4473 W fb4a.Fixie: Initialize SharedPrefsANRFixer
10-22 20:20:46.548  4293  4473 W fb4a.Fixie: Initialize TransactionTooLargeDebugger
10-22 20:20:46.548  4293  4473 W fb4a.Fixie: Initialize ForegroundServiceDebugger
10-22 20:20:46.548  4293  4473 W fb4a.Fixie: Initialize BadNotificationDebugger
10-22 20:20:46.550  3542  3714 I BatteryMgr:DataCollectionService: stats => 1697998846550,-512,4308,-346,0,100
10-22 20:20:46.567  4293  4473 W fb4a.Fixie: Initialize ACodecFixer
10-22 20:20:46.567  4293  4473 W fb4a.Fixie: Initialize PackageInfoCache
10-22 20:20:46.567  4293  4473 W fb4a.Fixie: Initialize ApplicationThreadHook
10-22 20:20:46.576  3957  4416 E Watchdog: !@Sync 20167 [2023-10-22 20:20:46.576]
10-22 20:20:46.578  4293  4473 D ArtDistract: Attempting to hook method. Resolved orig method holder in java: no
10-22 20:20:46.582  4293  4473 D OffsetFinder: findOffsetCustom: found value 524313 at 4 (with arg: 25)
10-22 20:20:46.586  4293  4473 D ArtDistract: Did find a symbol at idx 0 while calling findFunc_ClassLinker_GetQuickOatCodeFor.
10-22 20:20:46.589  4293  4473 D ArtDistract: Hook of ClassLinkerFinder-no-objptr succeeded. Try force fast hook: no Is Direct Jump: no errmsg: 
10-22 20:20:46.589  4293  4473 D ArtDistract: ClassLinkerFinder was enabled. Errmsg: 
10-22 20:20:46.589  4293  4473 D ArtDistract: Generating a proxy method while looking for ClassLinker
10-22 20:20:46.591  4293  4473 D ArtDistract: Was found call for clslinker NO objptr
10-22 20:20:46.591  4293  4473 D OffsetFinder: findOffsetWithVal: found val 4069646145 at 28
10-22 20:20:46.591  4293  4473 D ArtDistract: We successfully inited ART distract.
10-22 20:20:46.591  4293  4473 D ArtDistract: 	 We found the entry_point_from_quick_compiled_code_ offset of art method at 28.
10-22 20:20:46.591  4293  4473 D ArtDistract: 	 We found the ART ClassLinker 0xf298f140.
10-22 20:20:46.591  4293  4473 D ArtDistract: 	 We did not need ART Method size[-2] mirror::Object offset[-1].
10-22 20:20:46.591  4293  4473 D ArtDistract: 	 The interpreter to compiled code offset was not needed.
10-22 20:20:46.592  4293  4473 D ArtDistract: ART Distract DID init.
10-22 20:20:46.592  4293  4473 D ArtDistract: 	 Access Flag offset[4]: yes
10-22 20:20:46.592  4293  4473 D ArtDistract: 	 Call Proxy Init Success: yes
10-22 20:20:46.592  4293  4473 D ArtDistract: 	 has init symbols: Not needed
10-22 20:20:46.592  4293  4473 D ArtDistract: 	 has inited DexCache resolve method updating: Not needed
10-22 20:20:46.592  4293  4473 D ArtDistract: Successfully finished hooking method 0x6ffa28fc.
10-22 20:20:46.592  4293  4473 W fb4a.Fixie: Initialize AppCoordinator
10-22 20:20:46.592  4293  4473 W fb4a.Fixie: Initialize BrowserLiteCookieManagerFixer
10-22 20:20:46.594  4293  4473 W fb4a.Fixie: Initialize MainThreadIpcMonitor
10-22 20:20:46.596  4293  4473 W fb4a.lacrima: FbErrorReportingConfig.postStartupInit
10-22 20:20:46.639  3957 10057 D ActivityManager: The following uid has registered to recieve broadcast for proxy related updates 10157
10-22 20:20:46.657  3957 10057 W ContextImpl: Calling a method in the system process without a qualified user: android.app.ContextImpl.sendBroadcast:971 com.android.server.am.ActivityManagerService.requestKnoxVpnToSendProxyBroadcast:29420 com.android.server.am.ActivityManagerService.registerReceiver:23161 android.app.IActivityManager$Stub.onTransact:176 com.android.server.am.ActivityManagerService.onTransact:3861 
10-22 20:20:46.659  3957  3957 D KnoxVpnEngineService: Vpn Receiver : com.samsung.android.knox.intent.action.VPN_PROXY_BROADCAST_INTERNAL
10-22 20:20:46.659  3957  4108 I KnoxVpnEngineService: vpn handle : Message received
10-22 20:20:46.661  3542  3714 I BatteryMgr:DataCollectionService: stats => 1697998846661,-512,4308,-346,0,100
10-22 20:20:46.668  3957  4128 D WifiService: getConnectionInfo uid=1000
10-22 20:20:46.707  3957  4564 W StorageManager: getStorageLowBytes lowPercent : 5, lowBytes : 1260145254, maxLowBytes : 524288000
10-22 20:20:46.711  3957  4564 W StorageManager: getStorageLowBytes lowPercent : 5, lowBytes : 1260145254, maxLowBytes : 524288000
10-22 20:20:46.734  3957  4129 D WifiStateMachine:  ConnectedState !RSSI_PKTCNT_FETCH uid=1000 rt=605253318/1661228790 0 0 "ourhome" f4:6d:2f:12:cc:88 rssi=-45 f=5240 sc=60 link=433 tx=24.7, 1.9, 0.0  rx=30.4 bcn=616728 [on:0 tx:0 rx:0 period:1001] from screen [on:675247 period:3790401] score=60
10-22 20:20:46.736  3957  4129 D WifiStateMachine:  L2ConnectedState !RSSI_PKTCNT_FETCH uid=1000 rt=605253319/1661228792 0 0 "ourhome" f4:6d:2f:12:cc:88 rssi=-45 f=5240 sc=60 link=433 tx=24.7, 1.9, 0.0  rx=30.4 bcn=616728 [on:0 tx:0 rx:0 period:3] from screen [on:675247 period:3790404] score=60
10-22 20:20:46.739  3957  4564 D ConnectivityService: filterNetworkStateForUid() uid: 10157 networkInfo: [type: WIFI[] - WIFI, state: CONNECTED/CONNECTED, reason: (unspecified), extra: "ourhome", failover: false, available: true, roaming: false, metered: false]
10-22 20:20:46.739  3957  4564 D WifiService: getConnectionInfo uid=1000
10-22 20:20:46.742  3957  4129 D WifiStateMachine: fetchRssiLinkSpeedAndFrequencyNative rssi=-45 linkspeed=433 freq=5240
10-22 20:20:46.743  3957  4129 V WifiConfigManager: Updating scan detail cache freq=5240 BSSID=f4:6d:2f:12:cc:88 RSSI=-45 for "ourhome"WPA_PSK
10-22 20:20:46.767  3542  3714 I BatteryMgr:DataCollectionService: stats => 1697998846767,-512,4308,-346,0,100
10-22 20:20:46.794  3957  4554 D ConnectivityService: filterNetworkStateForUid() uid: 10157 networkInfo: [type: WIFI[] - WIFI, state: CONNECTED/CONNECTED, reason: (unspecified), extra: "ourhome", failover: false, available: true, roaming: false, metered: false]
10-22 20:20:46.794  3957  4554 D WifiService: getConnectionInfo uid=1000
10-22 20:20:46.797  3957  4554 D ConnectivityService: filterNetworkStateForUid() uid: 10157 networkInfo: [type: WIFI[] - WIFI, state: CONNECTED/CONNECTED, reason: (unspecified), extra: "ourhome", failover: false, available: true, roaming: false, metered: false]
10-22 20:20:46.797  3957  4554 D WifiService: getConnectionInfo uid=1000
10-22 20:20:46.875  3542  3714 I BatteryMgr:DataCollectionService: stats => 1697998846875,-512,4308,-346,0,100
10-22 20:20:46.953  3957  4129 D WifiStateMachine:  ConnectedState !CMD_RSSI_POLL rt=605253536/1661229008 122 0 "ourhome" f4:6d:2f:12:cc:88 rssi=-45 f=5240 sc=60 link=433 tx=24.7, 1.9, 0.0  rx=30.4 bcn=616728 [on:0 tx:0 rx:0 period:217] from screen [on:675247 period:3790621] score=60
10-22 20:20:46.956  3957  4129 D WifiStateMachine:  L2ConnectedState !CMD_RSSI_POLL rt=605253539/1661229012 122 0 "ourhome" f4:6d:2f:12:cc:88 rssi=-45 f=5240 sc=60 link=433 tx=24.7, 1.9, 0.0  rx=30.4 bcn=616728 [on:0 tx:0 rx:0 period:2] from screen [on:675247 period:3790623] score=60
10-22 20:20:46.956  3957  4129 D WifiStateMachine:  get link layer stats 3
10-22 20:20:46.957  3436  3436 I android.hardware.wifi@1.0-service: getLinkLayerStats
10-22 20:20:46.963  3957  4129 D WifiStateMachine: fetchRssiLinkSpeedAndFrequencyNative rssi=-45 linkspeed=433 freq=5240
10-22 20:20:46.963  3957  4129 V WifiConfigManager: Updating scan detail cache freq=5240 BSSID=f4:6d:2f:12:cc:88 RSSI=-45 for "ourhome"WPA_PSK
10-22 20:20:46.966  4340  4340 E SignalClusterView: setSlotFocusVisible : subId -2
10-22 20:20:46.966  4340  4340 E SignalClusterView: setSlotFocusVisible : subId -2
10-22 20:20:46.979  3542  3714 I BatteryMgr:DataCollectionService: stats => 1697998846979,-512,4308,-346,0,100
10-22 20:20:47.050  3957  4554 D ConnectivityService: filterNetworkStateForUid() uid: 10103 networkInfo: [type: WIFI[] - WIFI, state: CONNECTED/CONNECTED, reason: (unspecified), extra: "ourhome", failover: false, available: true, roaming: false, metered: false]
10-22 20:20:47.050  3957  4554 D WifiService: getConnectionInfo uid=1000
10-22 20:20:47.090  3542  3714 I BatteryMgr:DataCollectionService: stats => 1697998847090,-512,4308,-346,0,100
10-22 20:20:47.118  4293  4432 W DexLibLoader: ignoring dex metadata pragma [.locator_id 9]
10-22 20:20:47.123  4293  4432 W DexLibLoader: Build id used for apk identification
10-22 20:20:47.144  4293  4432 V XZ      : XZ native library initialized.
10-22 20:20:47.149  4293  4432 V XZ      : Cleaning up XZ decoder state.
10-22 20:20:47.167  4293  4432 W DexLibLoader: Comparing new 1697283756948 to old 1697283756948
10-22 20:20:47.196  3542  3714 I BatteryMgr:DataCollectionService: stats => 1697998847196,-512,4308,-346,0,100
10-22 20:20:47.278  4293  4473 W fb4a.HeliumWebViewFactoryProvider: Unable to initialize, Helium lazy provider already installed
10-22 20:20:47.307  3542  3714 I BatteryMgr:DataCollectionService: stats => 1697998847306,-512,4308,-346,0,100
10-22 20:20:47.421  3542  3714 I BatteryMgr:DataCollectionService: stats => 1697998847421,-512,4308,-346,0,100
10-22 20:20:47.527  3542  3714 I BatteryMgr:DataCollectionService: stats => 1697998847527,-512,4308,-346,0,100
10-22 20:20:47.575  3957  4554 D WifiService: getConnectionInfo uid=1000
10-22 20:20:47.589  3957  4554 I chatty  : uid=1000(system) Binder:3957_5 identical 4 lines
10-22 20:20:47.589  3957  4554 I chatty  : uid=1000(system) Binder:3957_5 identical 3 lines
10-22 20:20:47.592  3957  4554 D ConnectivityService: filterNetworkStateForUid() uid: 10103 networkInfo: [type: WIFI[] - WIFI, state: CONNECTED/CONNECTED, reason: (unspecified), extra: "ourhome", failover: false, available: true, roaming: false, metered: false]
10-22 20:20:47.592  3957  4554 D WifiService: getConnectionInfo uid=1000
10-22 20:20:47.593  3957  4564 D ConnectivityService: filterNetworkStateForUid() uid: 10103 networkInfo: [type: WIFI[] - WIFI, state: CONNECTED/CONNECTED, reason: (unspecified), extra: "ourhome", failover: false, available: true, roaming: false, metered: false]
10-22 20:20:47.593  3957  4564 D WifiService: getConnectionInfo uid=1000
10-22 20:20:47.594  3957  4554 D ConnectivityService: filterNetworkStateForUid() uid: 10103 networkInfo: [type: WIFI[] - WIFI, state: CONNECTED/CONNECTED, reason: (unspecified), extra: "ourhome", failover: false, available: true, roaming: false, metered: false]
10-22 20:20:47.594  3957  4554 D WifiService: getConnectionInfo uid=1000
10-22 20:20:47.596  3957  4554 I chatty  : uid=1000(system) Binder:3957_5 identical 1 line
10-22 20:20:47.596  3957  4554 I chatty  : uid=1000(system) Binder:3957_5 identical 1 line
10-22 20:20:47.598  3957  4554 D ConnectivityService: filterNetworkStateForUid() uid: 10103 networkInfo: [type: WIFI[] - WIFI, state: CONNECTED/CONNECTED, reason: (unspecified), extra: "ourhome", failover: false, available: true, roaming: false, metered: false]
10-22 20:20:47.598  3957  4564 D ConnectivityService: filterNetworkStateForUid() uid: 10103 networkInfo: [type: WIFI[] - WIFI, state: CONNECTED/CONNECTED, reason: (unspecified), extra: "ourhome", failover: false, available: true, roaming: false, metered: false]
10-22 20:20:47.598  3957  4564 D WifiService: getConnectionInfo uid=1000
10-22 20:20:47.598  3957  4554 D WifiService: getConnectionInfo uid=1000
10-22 20:20:47.601  3957  4564 D ConnectivityService: filterNetworkStateForUid() uid: 10103 networkInfo: [type: WIFI[] - WIFI, state: CONNECTED/CONNECTED, reason: (unspecified), extra: "ourhome", failover: false, available: true, roaming: false, metered: false]
10-22 20:20:47.601  3957  4564 D WifiService: getConnectionInfo uid=1000
10-22 20:20:47.602  9273  9310 D ScanRecord: Not a Multi Manu data
10-22 20:20:47.640  9273  9310 I chatty  : uid=1002(bluetooth) BT Service Call identical 64 lines
10-22 20:20:47.640  9273  9310 D ScanRecord: Not a Multi Manu data
10-22 20:20:47.641  3542  3714 I BatteryMgr:DataCollectionService: stats => 1697998847641,-512,4308,-346,0,100
10-22 20:20:47.644  9273  9310 D ScanRecord: Not a Multi Manu data
10-22 20:20:47.654  9273  9310 I chatty  : uid=1002(bluetooth) BT Service Call identical 42 lines
10-22 20:20:47.654  9273  9310 D ScanRecord: Not a Multi Manu data
10-22 20:20:47.670  3957  4128 D WifiService: getConnectionInfo uid=1000
10-22 20:20:47.693  9273  9310 D ScanRecord: Not a Multi Manu data
10-22 20:20:47.712  9273  9310 I chatty  : uid=1002(bluetooth) BT Service Call identical 42 lines
10-22 20:20:47.712  9273  9310 D ScanRecord: Not a Multi Manu data
10-22 20:20:47.723  4293  4432 W fb4a.MobileConfigFactoryImpl: SESSIONBASED factory used for 1 param
10-22 20:20:47.725  9273  9310 D ScanRecord: Not a Multi Manu data
10-22 20:20:47.732  9273  9310 I chatty  : uid=1002(bluetooth) BT Service Call identical 20 lines
10-22 20:20:47.732  9273  9310 D ScanRecord: Not a Multi Manu data
10-22 20:20:47.733  3957  4129 D WifiStateMachine:  ConnectedState !RSSI_PKTCNT_FETCH uid=1000 rt=605254318/1661229790 0 0 "ourhome" f4:6d:2f:12:cc:88 rssi=-45 f=5240 sc=60 link=433 tx=9.0, 0.7, 0.0  rx=13.6 bcn=616756 [on:0 tx:0 rx:0 period:768] from screen [on:675458 period:3791401] score=60
10-22 20:20:47.735  3957  4129 D WifiStateMachine:  L2ConnectedState !RSSI_PKTCNT_FETCH uid=1000 rt=605254319/1661229792 0 0 "ourhome" f4:6d:2f:12:cc:88 rssi=-45 f=5240 sc=60 link=433 tx=9.0, 0.7, 0.0  rx=13.6 bcn=616756 [on:0 tx:0 rx:0 period:2] from screen [on:675458 period:3791403] score=60
10-22 20:20:47.737  3957  4129 D WifiStateMachine: fetchRssiLinkSpeedAndFrequencyNative rssi=-47 linkspeed=433 freq=5240
10-22 20:20:47.737  3957  4129 V WifiConfigManager: Updating scan detail cache freq=5240 BSSID=f4:6d:2f:12:cc:88 RSSI=-46 for "ourhome"WPA_PSK
10-22 20:20:47.742  9273  9310 D ScanRecord: Not a Multi Manu data
10-22 20:20:47.743  9273  9310 I chatty  : uid=1002(bluetooth) BT Service Call identical 9 lines
10-22 20:20:47.743  9273  9310 D ScanRecord: Not a Multi Manu data
10-22 20:20:47.748  3542  3714 I BatteryMgr:DataCollectionService: stats => 1697998847748,-512,4308,-346,0,100
10-22 20:20:47.758  9273  9310 D ScanRecord: Not a Multi Manu data
10-22 20:20:47.852  9273  9310 I chatty  : uid=1002(bluetooth) BT Service Call identical 97 lines
10-22 20:20:47.852  9273  9310 D ScanRecord: Not a Multi Manu data
10-22 20:20:47.858  3542  3714 I BatteryMgr:DataCollectionService: stats => 1697998847857,-512,4308,-346,0,100
10-22 20:20:47.865  9273  9310 D ScanRecord: Not a Multi Manu data
10-22 20:20:47.877  9273  9310 I chatty  : uid=1002(bluetooth) BT Service Call identical 42 lines
10-22 20:20:47.877  9273  9310 D ScanRecord: Not a Multi Manu data
10-22 20:20:47.883  4293  4328 I zygote  : Do full code cache collection, code=125KB, data=116KB
10-22 20:20:47.888  9273  9310 D ScanRecord: Not a Multi Manu data
10-22 20:20:47.888  9273  9310 I chatty  : uid=1002(bluetooth) BT Service Call identical 9 lines
10-22 20:20:47.888  9273  9310 D ScanRecord: Not a Multi Manu data
10-22 20:20:47.894  9273  9310 D ScanRecord: Not a Multi Manu data
10-22 20:20:47.894  4293  4328 I zygote  : After code cache collection, code=106KB, data=64KB
10-22 20:20:47.898  9273  9310 I chatty  : uid=1002(bluetooth) BT Service Call expire 31 lines
10-22 20:20:47.898  9273  9310 D ScanRecord: Not a Multi Manu data
10-22 20:20:47.900  4293  4328 I zygote  : Do partial code cache collection, code=106KB, data=72KB
10-22 20:20:47.901  4293  4328 I zygote  : After code cache collection, code=106KB, data=72KB
10-22 20:20:47.901  4293  4328 I zygote  : Increasing code cache capacity to 512KB
10-22 20:20:47.901  4293  4328 I zygote  : Compiler allocated 9MB to compile void X.2N6.run()
10-22 20:20:47.905  9273  9310 D ScanRecord: Not a Multi Manu data
10-22 20:20:47.906  9273  9310 I chatty  : uid=1002(bluetooth) BT Service Call identical 9 lines
10-22 20:20:47.906  9273  9310 D ScanRecord: Not a Multi Manu data
10-22 20:20:47.912  3957  4564 D PackageManager: setEnabledSetting : userId = 0 packageName = com.facebook.katana cmp = com.facebook.composer.shareintent.ImplicitShareIntentHandlerDefaultAlias newState = 1 callingPackage = 10103/com.facebook.katana
10-22 20:20:47.923  9273  9310 D ScanRecord: Not a Multi Manu data
10-22 20:20:47.925  9273  9310 I chatty  : uid=1002(bluetooth) BT Service Call identical 20 lines
10-22 20:20:47.925  9273  9310 D ScanRecord: Not a Multi Manu data
10-22 20:20:47.927  3957  4554 D PackageManager: setEnabledSetting : userId = 0 packageName = com.facebook.katana cmp = com.facebook.composer.shareintent.AddToStoryAlias newState = 1 callingPackage = 10103/com.facebook.katana
10-22 20:20:47.933  3957  4554 D PackageManager: setEnabledSetting : userId = 0 packageName = com.facebook.katana cmp = com.facebook.composer.shareintent.ShareToGroupsAlias newState = 1 callingPackage = 10103/com.facebook.katana
10-22 20:20:47.933  3957  4564 D WifiService: getConnectionInfo uid=10103
10-22 20:20:47.938  3957  4554 D PackageManager: setEnabledSetting : userId = 0 packageName = com.facebook.katana cmp = com.facebook.composer.shareintent.ShareToGroupsDisableSinglePhotoAlias newState = 2 callingPackage = 10103/com.facebook.katana
10-22 20:20:47.940  9273  9310 D ScanRecord: Not a Multi Manu data
10-22 20:20:47.947  9273  9310 I chatty  : uid=1002(bluetooth) BT Service Call identical 20 lines
10-22 20:20:47.947  9273  9310 D ScanRecord: Not a Multi Manu data
10-22 20:20:47.949  3957  4554 D WifiService: getConnectionInfo uid=10103
10-22 20:20:47.951  9273  9310 D ScanRecord: Not a Multi Manu data
10-22 20:20:47.961  9273  9310 I chatty  : uid=1002(bluetooth) BT Service Call identical 42 lines
10-22 20:20:47.961  9273  9310 D ScanRecord: Not a Multi Manu data
10-22 20:20:47.964  3542  3714 I BatteryMgr:DataCollectionService: stats => 1697998847964,-512,4308,-346,0,100
10-22 20:20:47.967  4293  4484 W fb4a.ServiceInfoParser: X.4CE: Service com.facebook.browser.lite.BrowserLiteIntentService is missing meta key com.facebook.common.jobscheduler.compat.jobIds
10-22 20:20:47.967  4293  4484 W fb4a.ServiceInfoParser: X.4CE: Service com.facebook.browser.lite.BrowserLiteInMainProcessIntentService is missing meta key com.facebook.common.jobscheduler.compat.jobIds
10-22 20:20:47.968  4293  4484 W fb4a.ServiceInfoParser: X.4CE: Service com.facebook.businessintegrity.cloakingdetection.service.CloakingDetectionService is missing meta key com.facebook.common.jobscheduler.compat.jobIds
10-22 20:20:47.968  4293  4484 W fb4a.ServiceInfoParser: X.4CE: Service com.facebook.contacts.service.ContactLocaleChangeService is missing meta key com.facebook.common.jobscheduler.compat.jobIds
10-22 20:20:47.968  9273  9310 D ScanRecord: Not a Multi Manu data
10-22 20:20:47.968  9273  9310 I chatty  : uid=1002(bluetooth) BT Service Call identical 9 lines
10-22 20:20:47.968  9273  9310 D ScanRecord: Not a Multi Manu data
10-22 20:20:47.968  4293  4484 W fb4a.ServiceInfoParser: X.4CE: Service com.facebook.common.zopt.ZOptBackgroundService is missing meta key com.facebook.common.jobscheduler.compat.jobIds
10-22 20:20:47.968  4293  4484 W fb4a.ServiceInfoParser: X.4CE: Service com.facebook.account.login.notification.LoginNotificationService is missing meta key com.facebook.common.jobscheduler.compat.jobIds
10-22 20:20:47.973  4293  4484 W fb4a.ServiceInfoParser: X.4CE: Service com.facebook.conditionalworker.ConditionalWorkerService is missing meta key com.facebook.common.jobscheduler.compat.jobIds
10-22 20:20:47.974  4293  4484 W fb4a.ServiceInfoParser: X.4CE: Service com.facebook.fbservice.service.BlueServiceJobIntentService is missing meta key com.facebook.common.jobscheduler.compat.jobIds
10-22 20:20:47.974  4293  4484 W fb4a.ServiceInfoParser: X.4CE: Service com.facebook.notifications.appwidget.bugreporter.NotificationsWidgetDebugHelper is missing meta key com.facebook.common.jobscheduler.compat.jobIds
10-22 20:20:47.975  4293  4484 W fb4a.ServiceInfoParser: X.4CE: Service com.facebook.appcomponentmanager.AppComponentManagerService is missing meta key com.facebook.common.jobscheduler.compat.jobIds
10-22 20:20:47.976  4293  4484 W fb4a.ServiceInfoParser: X.4CE: Service com.facebook.confirmation.notification.ConfirmationNotificationService is missing meta key com.facebook.common.jobscheduler.compat.jobIds
10-22 20:20:47.976  4293  4484 W fb4a.ServiceInfoParser: X.4CE: Service com.facebook.battery.monitor.ContinuousBatteryMonitorService is missing meta key com.facebook.common.jobscheduler.compat.jobIds
10-22 20:20:47.976  4293  4484 W fb4a.ServiceInfoParser: X.4CE: Service com.facebook.papaya.fb.client.services.FBPapayaJobService is missing meta key com.facebook.common.jobscheduler.compat.jobIds
10-22 20:20:47.977  4293  4484 W fb4a.ServiceInfoParser: X.4CE: Service com.facebook.push.adm.ADMService is missing meta key com.facebook.common.jobscheduler.compat.jobIds
10-22 20:20:47.977  4293  4484 W fb4a.ServiceInfoParser: X.4CE: Service com.facebook.push.adm.ADMBroadcastReceiverJobBase is missing meta key com.facebook.common.jobscheduler.compat.jobIds
10-22 20:20:47.978  4293  4484 W fb4a.ServiceInfoParser: X.4CE: Service com.facebook.push.adm.ADMJobIntentService is missing meta key com.facebook.common.jobscheduler.compat.jobIds
10-22 20:20:47.978  9273  9310 D ScanRecord: Not a Multi Manu data
10-22 20:20:47.979  9273  9310 I chatty  : uid=1002(bluetooth) BT Service Call identical 9 lines
10-22 20:20:47.979  9273  9310 D ScanRecord: Not a Multi Manu data
10-22 20:20:47.979  4293  4484 W fb4a.ServiceInfoParser: X.4CE: Service com.facebook.push.fbpushdata.common.FbPushDataHandlerService is missing meta key com.facebook.common.jobscheduler.compat.jobIds
10-22 20:20:47.980  4293  4484 W fb4a.ServiceInfoParser: X.4CE: Service com.facebook.push.mqtt.service.MqttPushHelperService is missing meta key com.facebook.common.jobscheduler.compat.jobIds
10-22 20:20:47.980  4293  4484 W fb4a.ServiceInfoParser: X.4CE: Service com.facebook.push.registration.RegistrarHelperService is missing meta key com.facebook.common.jobscheduler.compat.jobIds
10-22 20:20:47.982  9273  9310 D ScanRecord: Not a Multi Manu data
10-22 20:20:47.982  9273  9310 I chatty  : uid=1002(bluetooth) BT Service Call identical 9 lines
10-22 20:20:47.982  9273  9310 D ScanRecord: Not a Multi Manu data
10-22 20:20:47.983  4293  4484 W fb4a.ServiceInfoParser: X.4CE: Service com.facebook.push.crossapp.PackageRemovedReporterService is missing meta key com.facebook.common.jobscheduler.compat.jobIds
10-22 20:20:47.983  9273  9310 D ScanRecord: Not a Multi Manu data
10-22 20:20:47.983  9273  9310 I chatty  : uid=1002(bluetooth) BT Service Call identical 9 lines
10-22 20:20:47.983  9273  9310 D ScanRecord: Not a Multi Manu data
10-22 20:20:47.983  4293  4484 W fb4a.ServiceInfoParser: X.4CE: Service com.facebook.reportaproblem.base.bugreport.BugReportUploadService is missing meta key com.facebook.common.jobscheduler.compat.jobIds
10-22 20:20:47.984  4293  4484 W fb4a.ServiceInfoParser: X.4CE: Service com.facebook.profilo.upload.TraceUploadRetryJob is missing meta key com.facebook.common.jobscheduler.compat.jobIds
10-22 20:20:47.984  4293  4484 W fb4a.ServiceInfoParser: X.4CE: Service com.facebook.registration.notification.RegistrationNotificationService is missing meta key com.facebook.common.jobscheduler.compat.jobIds
10-22 20:20:47.985  4293  4484 W fb4a.ServiceInfoParser: X.4CE: Service com.facebook.common.dextricks.DexOptimization$Service is missing meta key com.facebook.common.jobscheduler.compat.jobIds
10-22 20:20:47.986  4293  4484 W fb4a.ServiceInfoParser: X.4CE: Service com.facebook.common.dextricks.DexOptimizationJobService is missing meta key com.facebook.common.jobscheduler.compat.jobIds
10-22 20:20:47.987  4293  4484 W fb4a.ServiceInfoParser: X.4CE: Service com.facebook.glc.ScheduledWifiMonitorService is missing meta key com.facebook.common.jobscheduler.compat.jobIds
10-22 20:20:47.988  4293  4484 W fb4a.ServiceInfoParser: X.4CE: Service com.facebook.glc.GLCService is missing meta key com.facebook.common.jobscheduler.compat.jobIds
10-22 20:20:47.988  4293  4484 W fb4a.ServiceInfoParser: X.4CE: Service com.facebook.displaytimeinvalidation.service.DisplayTimeBlockIntentService is missing meta key com.facebook.common.jobscheduler.compat.jobIds
10-22 20:20:47.989  4293  4484 W fb4a.ServiceInfoParser: X.4CE: Service com.facebook.delayedworker.DelayedWorkerService is missing meta key com.facebook.common.jobscheduler.compat.jobIds
10-22 20:20:47.990  4293  4484 W fb4a.ServiceInfoParser: X.4CE: Service com.facebook.analytics2.logger.service.LollipopUploadSafeService is missing meta key com.facebook.common.jobscheduler.compat.jobIds
10-22 20:20:47.990  4293  4484 W fb4a.ServiceInfoParser: X.4CE: Service com.facebook.analytics2.logger.LollipopUploadService is missing meta key com.facebook.common.jobscheduler.compat.jobIds
10-22 20:20:47.990  4293  4484 W fb4a.ServiceInfoParser: X.4CE: Service com.facebook.compost.service.CompostNotificationService is missing meta key com.facebook.common.jobscheduler.compat.jobIds
10-22 20:20:47.991  4293  4484 W fb4a.ServiceInfoParser: X.4CE: Service com.facebook.videolite.api.jobscheduler.UploadJobSchedulerService is missing meta key com.facebook.common.jobscheduler.compat.jobIds
10-22 20:20:47.992  4293  4484 W fb4a.ServiceInfoParser: X.4CE: Service com.facebook.feed.platformads.AppInstallService is missing meta key com.facebook.common.jobscheduler.compat.jobIds
10-22 20:20:47.994  4293  4484 W fb4a.ServiceInfoParser: X.4CE: Service com.facebook.googleplay.GooglePlayInstallRefererService is missing meta key com.facebook.common.jobscheduler.compat.jobIds
10-22 20:20:47.994  4293  4484 W fb4a.ServiceInfoParser: X.4CE: Service com.facebook.oxygen.preloads.sdk.firstparty.managedappcache.IsManagedAppCacheJobService is missing meta key com.facebook.common.jobscheduler.compat.jobIds
10-22 20:20:47.994  4293  4484 W fb4a.ServiceInfoParser: X.4CE: Service com.facebook.orca.notify.MessagesNotificationService is missing meta key com.facebook.common.jobscheduler.compat.jobIds
10-22 20:20:47.995  4293  4484 W fb4a.ServiceInfoParser: X.4CE: Service com.facebook.push.negativefeedback.PushNegativeFeedbackFbJobIntentService is missing meta key com.facebook.common.jobscheduler.compat.jobIds
10-22 20:20:47.995  4293  4484 W fb4a.ServiceInfoParser: X.4CE: Service com.facebook.push.fcm.FcmRegistrarFbJobIntentService is missing meta key com.facebook.common.jobscheduler.compat.jobIds
10-22 20:20:47.997  4293  4484 W fb4a.ServiceInfoParser: X.4CE: Service com.facebook.messaging.prefs.notifications.NotificationPrefsSyncService is missing meta key com.facebook.common.jobscheduler.compat.jobIds
10-22 20:20:47.997  4293  4484 W fb4a.ServiceInfoParser: X.4CE: Service androidx.work.impl.background.systemjob.SystemJobService is missing meta key com.facebook.common.jobscheduler.compat.jobIds
10-22 20:20:47.998  4293  4484 W fb4a.ServiceInfoParser: X.4CE: Service com.facebook.voltron.download.scheduledinstaller.OxygenScheduledInstallerJobService is missing meta key com.facebook.common.jobscheduler.compat.jobIds
10-22 20:20:47.998  4293  4484 W fb4a.ServiceInfoParser: X.4CE: Service com.google.android.gms.analytics.AnalyticsJobService is missing meta key com.facebook.common.jobscheduler.compat.jobIds
10-22 20:20:47.998  9273  9310 D ScanRecord: Not a Multi Manu data
10-22 20:20:48.007  9273  9310 I chatty  : uid=1002(bluetooth) BT Service Call identical 31 lines
10-22 20:20:48.007  9273  9310 D ScanRecord: Not a Multi Manu data
10-22 20:20:48.013  3957  4554 D ConnectivityService: filterNetworkStateForUid() uid: 10103 networkInfo: [type: WIFI[] - WIFI, state: CONNECTED/CONNECTED, reason: (unspecified), extra: "ourhome", failover: false, available: true, roaming: false, metered: false]
10-22 20:20:48.013  3957  4554 D WifiService: getConnectionInfo uid=1000
10-22 20:20:48.014  3957  4554 D ConnectivityService: filterNetworkStateForUid() uid: 10103 networkInfo: [type: WIFI[] - WIFI, state: CONNECTED/CONNECTED, reason: (unspecified), extra: "ourhome", failover: false, available: true, roaming: false, metered: false]
10-22 20:20:48.014  3957  4554 D WifiService: getConnectionInfo uid=1000
10-22 20:20:48.017  3957  3972 W BroadcastQueue: Permission Denial: broadcasting Intent { act=android.net.conn.CONNECTIVITY_CHANGE flg=0x4000010 (has extras) } from null (pid=-1, uid=-1) requires com.facebook.permission.prod.FB_APP_COMMUNICATION due to registered receiver BroadcastFilter{21f03c1 u0 ReceiverList{f9f4ca8 4293 com.facebook.katana/10103/u0 remote:7171ccb}}
10-22 20:20:48.048  9273  9310 D ScanRecord: Not a Multi Manu data
10-22 20:20:48.064  9273  9310 I chatty  : uid=1002(bluetooth) BT Service Call identical 42 lines
10-22 20:20:48.064  9273  9310 D ScanRecord: Not a Multi Manu data
10-22 20:20:48.070  3542  3714 I BatteryMgr:DataCollectionService: stats => 1697998848070,-512,4308,-346,0,100
10-22 20:20:48.075  9273  9310 D ScanRecord: Not a Multi Manu data
10-22 20:20:48.086  9273  9310 I chatty  : uid=1002(bluetooth) BT Service Call identical 31 lines
10-22 20:20:48.086  9273  9310 D ScanRecord: Not a Multi Manu data
10-22 20:20:48.129  2800  3059 I SessionStorage/AutoSave: Save: Periodic
10-22 20:20:48.177  3542  3714 I BatteryMgr:DataCollectionService: stats => 1697998848177,-512,4308,-346,0,100
10-22 20:20:48.284  3542  3714 I BatteryMgr:DataCollectionService: stats => 1697998848284,-512,4308,-346,0,100
10-22 20:20:48.303  3957  4554 D PackageManager: setEnabledSetting : userId = 0 packageName = com.facebook.katana cmp = com.facebook.fbpay.w3c.ipc.IsReadyToPayServiceImpl newState = 1 callingPackage = 10103/com.facebook.katana
10-22 20:20:48.310  3957  4554 D PackageManager: setEnabledSetting : userId = 0 packageName = com.facebook.katana cmp = com.facebook.fbpay.w3c.ipc.FBPaymentServiceImpl newState = 1 callingPackage = 10103/com.facebook.katana
10-22 20:20:48.315  3957  4554 D PackageManager: setEnabledSetting : userId = 0 packageName = com.facebook.katana cmp = com.facebook.fbpay.w3c.views.PaymentActivity newState = 1 callingPackage = 10103/com.facebook.katana
10-22 20:20:48.374  4293  4462 D skia    : --- SkAndroidCodec::NewFromStream returned null
10-22 20:20:48.375  4293  4432 D skia    : --- SkAndroidCodec::NewFromStream returned null
10-22 20:20:48.386  4293  4439 D skia    : --- SkAndroidCodec::NewFromStream returned null
10-22 20:20:48.396  3542  3714 I BatteryMgr:DataCollectionService: stats => 1697998848395,-512,4308,-346,0,100
10-22 20:20:48.398  4293  4474 D skia    : --- SkAndroidCodec::NewFromStream returned null
10-22 20:20:48.433  4293  4328 I zygote  : Method exceeds compiler instruction limit: 26848 in int X.1Up.A00(java.lang.String)
10-22 20:20:48.510  3542  3714 I BatteryMgr:DataCollectionService: stats => 1697998848509,-512,4308,-346,0,100
10-22 20:20:48.557  4293  4462 W fb4a.Fixie: Initialize FB4A_APP_INIT on thread: CombinedTP9
10-22 20:20:48.557  4293  4462 W fb4a.Fixie: No fixes for FB4A_APP_INIT
10-22 20:20:48.616  3542  3714 I BatteryMgr:DataCollectionService: stats => 1697998848616,-512,4308,-346,0,100
10-22 20:20:48.654  3957  4554 D PackageManager: setEnabledSetting : userId = 0 packageName = com.facebook.katana cmp = com.facebook.inspiration.fbshorts.shareintent.InpirationFbShortsShareAlias newState = 1 callingPackage = 10103/com.facebook.katana
10-22 20:20:48.660  3957  4554 D PackageManager: setEnabledSetting : userId = 0 packageName = com.facebook.katana cmp = com.facebook.inspiration.fbshorts.shareintent.InpirationFbShortsSharePhotoAlias newState = 2 callingPackage = 10103/com.facebook.katana
10-22 20:20:48.664  3957  4554 D PackageManager: setEnabledSetting : userId = 0 packageName = com.facebook.katana cmp = com.facebook.inspiration.fbshorts.shareintent.InpirationFbShortsShareMultipleAlias newState = 1 callingPackage = 10103/com.facebook.katana
10-22 20:20:48.673  3957  4128 D WifiService: getConnectionInfo uid=1000
10-22 20:20:48.678  3957  4554 D PackageManager: setEnabledSetting : userId = 0 packageName = com.facebook.katana cmp = com.facebook.inspiration.platformsharing.activity.InspirationCameraExternalShareActivity newState = 1 callingPackage = 10103/com.facebook.katana
10-22 20:20:48.722  3542  3714 I BatteryMgr:DataCollectionService: stats => 1697998848722,-512,4308,-346,0,100
10-22 20:20:48.735  3957  4129 D WifiStateMachine:  ConnectedState !RSSI_PKTCNT_FETCH uid=1000 rt=605255319/1661230792 0 0 "ourhome" f4:6d:2f:12:cc:88 rssi=-47 f=5240 sc=60 link=433 tx=9.0, 0.7, 0.0  rx=13.6 bcn=616756 [on:0 tx:0 rx:0 period:1000] from screen [on:675458 period:3792403] score=60
10-22 20:20:48.738  3957  4129 D WifiStateMachine:  L2ConnectedState !RSSI_PKTCNT_FETCH uid=1000 rt=605255321/1661230793 0 0 "ourhome" f4:6d:2f:12:cc:88 rssi=-47 f=5240 sc=60 link=433 tx=9.0, 0.7, 0.0  rx=13.6 bcn=616756 [on:0 tx:0 rx:0 period:2] from screen [on:675458 period:3792405] score=60
10-22 20:20:48.739  3957  4129 D WifiStateMachine: fetchRssiLinkSpeedAndFrequencyNative rssi=-47 linkspeed=433 freq=5240
10-22 20:20:48.739  3957  4129 V WifiConfigManager: Updating scan detail cache freq=5240 BSSID=f4:6d:2f:12:cc:88 RSSI=-46 for "ourhome"WPA_PSK
10-22 20:20:48.830  3542  3714 I BatteryMgr:DataCollectionService: stats => 1697998848830,-512,4308,-346,0,100
10-22 20:20:48.936  3542  3714 I BatteryMgr:DataCollectionService: stats => 1697998848936,-512,4308,-346,0,100
10-22 20:20:49.044  3542  3714 I BatteryMgr:DataCollectionService: stats => 1697998849044,-512,4308,-346,0,100
10-22 20:20:49.151  3542  3714 I BatteryMgr:DataCollectionService: stats => 1697998849151,-512,4308,-346,0,100
10-22 20:20:49.257  3542  3714 I BatteryMgr:DataCollectionService: stats => 1697998849257,-512,4308,-346,0,100
10-22 20:20:49.363  3542  3714 I BatteryMgr:DataCollectionService: stats => 1697998849363,-512,4308,-346,0,100
10-22 20:20:49.471  3542  3714 I BatteryMgr:DataCollectionService: stats => 1697998849471,-512,4308,-346,0,100
10-22 20:20:49.579  3542  3714 I BatteryMgr:DataCollectionService: stats => 1697998849579,-512,4308,-346,0,100
10-22 20:20:49.675  3957  4128 D WifiService: getConnectionInfo uid=1000
10-22 20:20:49.684  3542  3714 I BatteryMgr:DataCollectionService: stats => 1697998849684,-179,4308,-329,0,100
10-22 20:20:49.736  3957  4129 D WifiStateMachine:  ConnectedState !RSSI_PKTCNT_FETCH uid=1000 rt=605256320/1661231793 0 0 "ourhome" f4:6d:2f:12:cc:88 rssi=-47 f=5240 sc=60 link=433 tx=9.0, 0.7, 0.0  rx=13.6 bcn=616756 [on:0 tx:0 rx:0 period:999] from screen [on:675458 period:3793404] score=60
10-22 20:20:49.739  3957  4129 D WifiStateMachine:  L2ConnectedState !RSSI_PKTCNT_FETCH uid=1000 rt=605256322/1661231794 0 0 "ourhome" f4:6d:2f:12:cc:88 rssi=-47 f=5240 sc=60 link=433 tx=9.0, 0.7, 0.0  rx=13.6 bcn=616756 [on:0 tx:0 rx:0 period:3] from screen [on:675458 period:3793407] score=60
10-22 20:20:49.741  3957  4129 D WifiStateMachine: fetchRssiLinkSpeedAndFrequencyNative rssi=-46 linkspeed=433 freq=5240
10-22 20:20:49.743  3957  4129 V WifiConfigManager: Updating scan detail cache freq=5240 BSSID=f4:6d:2f:12:cc:88 RSSI=-46 for "ourhome"WPA_PSK
10-22 20:20:49.763  3879  3879 D BoundBrokerSvc: onUnbind: Intent { act=com.google.android.gms.measurement.START pkg=com.google.android.gms }
10-22 20:20:49.790  3542  3714 I BatteryMgr:DataCollectionService: stats => 1697998849790,-179,4308,-329,0,100
10-22 20:20:49.896  3542  3714 I BatteryMgr:DataCollectionService: stats => 1697998849896,-179,4308,-329,0,100
10-22 20:20:49.896  4120  4170 I System.out: (HTTPLog)-Static: isSBSettingEnabled false
10-22 20:20:49.897  4120  4170 I System.out: (HTTPLog)-Static: isSBSettingEnabled false
10-22 20:20:49.964  3957  4129 D WifiStateMachine:  ConnectedState !CMD_RSSI_POLL rt=605256549/1661232022 122 0 "ourhome" f4:6d:2f:12:cc:88 rssi=-46 f=5240 sc=60 link=433 tx=9.0, 0.7, 0.0  rx=13.6 bcn=616756 [on:0 tx:0 rx:0 period:225] from screen [on:675458 period:3793632] score=60
10-22 20:20:49.966  3957  4129 D WifiStateMachine:  L2ConnectedState !CMD_RSSI_POLL rt=605256550/1661232023 122 0 "ourhome" f4:6d:2f:12:cc:88 rssi=-46 f=5240 sc=60 link=433 tx=9.0, 0.7, 0.0  rx=13.6 bcn=616756 [on:0 tx:0 rx:0 period:2] from screen [on:675458 period:3793634] score=60
10-22 20:20:49.966  3957  4129 D WifiStateMachine:  get link layer stats 3
10-22 20:20:49.967  3436  3436 I android.hardware.wifi@1.0-service: getLinkLayerStats
10-22 20:20:49.984  3957  4129 D WifiStateMachine: fetchRssiLinkSpeedAndFrequencyNative rssi=-46 linkspeed=433 freq=5240
10-22 20:20:49.984  3957  4129 V WifiConfigManager: Updating scan detail cache freq=5240 BSSID=f4:6d:2f:12:cc:88 RSSI=-46 for "ourhome"WPA_PSK
10-22 20:20:49.988  4340  4340 E SignalClusterView: setSlotFocusVisible : subId -2
10-22 20:20:49.989  4340  4340 E SignalClusterView: setSlotFocusVisible : subId -2
10-22 20:20:50.001  3542  3714 I BatteryMgr:DataCollectionService: stats => 1697998850001,-179,4308,-329,0,100
10-22 20:20:50.088  3957  4554 D PackageManager: setEnabledSetting : userId = 0 packageName = com.facebook.katana cmp = androidx.work.impl.background.systemjob.SystemJobService newState = 1 callingPackage = 10103/com.facebook.katana
10-22 20:20:50.108  3542  3714 I BatteryMgr:DataCollectionService: stats => 1697998850108,-179,4308,-329,0,100
10-22 20:20:50.127  3957  4554 D BatteryService: !@BatteryListener : batteryPropertiesChanged!
10-22 20:20:50.181  3957  3972 D StorageManagerService: getExternalStorageMountMode : 1
10-22 20:20:50.182  3957  3972 D StorageManagerService: getExternalStorageMountMode : 3
10-22 20:20:50.191  3957  3972 D StorageManagerService: getExternalStorageMountMode : final mountMode=1, uid : 10003, packageName : com.sec.android.provider.badge
10-22 20:20:50.191  3957  3972 I ApplicationPolicy: isApplicationExternalStorageWhitelisted:com.sec.android.provider.badge user:0
10-22 20:20:50.192  3957  3972 D ApplicationPolicy: isApplicationExternalStorageWhitelisted: DO is not enabled on user 0. Allowed.
10-22 20:20:50.192  3957  3972 D ActivityManager: package  com.sec.android.provider.badge, user - 0 is SDcard whitelisted
10-22 20:20:50.192  3957  3972 I ApplicationPolicy: isApplicationExternalStorageBlacklisted:com.sec.android.provider.badge user:0
10-22 20:20:50.192  3957  3972 D ApplicationPolicy: isApplicationExternalStorageBlacklisted: DO is not enabled on user 0. Allowed.
10-22 20:20:50.217  4571  4571 E Zygote  : isWhitelistProcess - Process is Whitelisted
10-22 20:20:50.217  3957  3972 I ActivityManager: Start proc 4571:com.sec.android.provider.badge/u0a3 for broadcast com.sec.android.provider.badge/.BadgeCountReceiver
10-22 20:20:50.218  4571  4571 E libpersona: scanKnoxPersonas
10-22 20:20:50.218  4571  4571 E libpersona: Couldn't open the File - /data/system/users/0/personalist.xml - No such file or directory
10-22 20:20:50.223  4571  4571 W SELinux : SELinux selinux_android_compute_policy_index : Policy Index[2],  Con:u:r:zygote:s0 RAM:SEPF_SM-J720F_8.0.0_0002, [-1 -1 -1 -1 0 1]
10-22 20:20:50.223  3542  3714 I BatteryMgr:DataCollectionService: stats => 1697998850223,-179,4308,-329,0,100
10-22 20:20:50.224  4571  4571 I SELinux : SELinux: seapp_context_lookup: seinfo=platform, level=s0:c512,c768, pkgname=com.sec.android.provider.badge 
10-22 20:20:50.261  4571  4571 D TimaKeyStoreProvider: TimaKeyStore is not enabled: cannot add TimaSignature Service and generateKeyPair Service
10-22 20:20:50.262  4571  4571 D ActivityThread: Added TimaKeyStore provider
10-22 20:20:50.267  3957  4564 I ActivityManager: DSS on for com.sec.android.provider.badge and scale is 1.0
10-22 20:20:50.304  4571  4571 I zygote64: no shared libraies, dex_files: 1
10-22 20:20:50.330  3542  3714 I BatteryMgr:DataCollectionService: stats => 1697998850330,-179,4308,-329,0,100
10-22 20:20:50.337  4571  4571 D BadgeProvider: onCreate
10-22 20:20:50.338  4571  4571 D BadgeProvider: DatabaseHelper
10-22 20:20:50.345  4571  4571 D BadgeCountReceiver: badge intent : Intent { act=android.intent.action.BADGE_COUNT_UPDATE flg=0x10 cmp=com.sec.android.provider.badge/.BadgeCountReceiver (has extras) }
10-22 20:20:50.345  4571  4571 D BadgeCountReceiver: packageName: com.facebook.katana, className: com.facebook.katana.LoginActivity, count: 0
10-22 20:20:50.366  4571  4571 D BadgeProvider: onOpen
10-22 20:20:50.368  4571  4571 D BaseReflect: null getOwnClass TEST
10-22 20:20:50.369  4571  4571 D MethodReflector: android.content.ContentResolver getClass TEST
10-22 20:20:50.369  4571  4571 D BaseReflect: class android.content.ContentResolver isSupportClass TEST
10-22 20:20:50.369  4571  4571 D BaseReflect: class android.content.ContentResolver getOwnClass TEST
10-22 20:20:50.375  4571  4571 D MethodReflector: notifyChange is called
10-22 20:20:50.376  4571  4571 D BadgeProvider: sendNotify entered. [uri] : content://com.sec.badge/apps
10-22 20:20:50.377  4571  4571 D BadgeProvider: sendNotify, [notify] : null
10-22 20:20:50.377  4571  4571 D BadgeProvider: update, getCallingPackage() : com.sec.android.provider.badge
10-22 20:20:50.377  4571  4571 D BadgeProvider: update, [uri] : content://com.sec.badge/apps
10-22 20:20:50.378  4571  4571 D BadgeProvider: update, [uri.query] : null
10-22 20:20:50.378  4571  4571 D BadgeProvider: update, [BadgeCount] : badgecount=0
10-22 20:20:50.378  4571  4571 D BadgeProvider: update, [UpdateCount] : 1
10-22 20:20:50.437  3542  3714 I BatteryMgr:DataCollectionService: stats => 1697998850437,-179,4308,-329,0,100
10-22 20:20:50.548  3542  3714 I BatteryMgr:DataCollectionService: stats => 1697998850548,-179,4308,-329,0,100
10-22 20:20:50.587  8695  8695 D Notification.Badge: reloadBadges() entered.
10-22 20:20:50.622  4571  4584 D BadgeProvider: query, [selection] : null
