10-22 20:12:31.251  4340 29993 I ApplicationPackageManager: scaled rate=0.72, size=189, alpha=54, hold=102
10-22 20:12:31.251  4340 29993 D ApplicationPackageManager: iconScale: getScale(): 0.72 getAlpha(): 54
10-22 20:12:31.253  4340 29993 I ApplicationPackageManager: load=com.example.batterymanager_utility-contain, bg=112-112, dr=189-189
10-22 20:12:31.265  3447  3447 V Surface : sf_framedrop debug : 0x4f4c, game : false, logging : 0
10-22 20:12:31.268 32551 32568 D OpenGLRenderer: eglDestroySurface = 0x74d44a7b40
10-22 20:12:31.274  3957  4025 D TaskSnapshotCache: putSnapshot mTaskId=619 RunningCache size=1
10-22 20:12:31.277  3957  4651 V WindowManager: Relayout Window{4fb0d01 u0 com.example.batterymanager_utility/com.example.batterymanager_utility.MainActivity}: viewVisibility=8 req=720x1280 WM.LayoutParams{(0,0)(fillxfill) sim=#120 ty=1 fl=#81810100 pfl=0x20000 wanim=0x10302fd vsysui=0x600 needsMenuKey=2 colorMode=0 naviIconColor=0}
10-22 20:12:31.283 32551 32551 D ViewRootImpl@4470b6[MainActivity]: Relayout returned: old=[0,0][720,1280] new=[0,0][720,1280] result=0x5 surface={valid=false 0} changed=true
10-22 20:12:31.283  3957  3973 D WindowManager: set systemUiVisibility : systemUiFlags= 0x608 fullscreenStackSysUiFlags= 0x0
10-22 20:12:31.301  3447  3447 I SurfaceFlinger: Display 0 HWC layers:
10-22 20:12:31.301  3447  3447 I SurfaceFlinger:     type    |    handle    | flag |  format   |   source crop (l,t,r,b)    |         frame       | name 
10-22 20:12:31.301  3447  3447 I SurfaceFlinger: ------------+--------------+------+-----------+----------------------------+---------------------+------
10-22 20:12:31.301  3447  3447 I SurfaceFlinger:      Client |              | 0000 |  Unknown  |  -0.2   -0.2   -0.8   -0.8 |    0    0  720 1280 | animation background stackId=1#0
10-22 20:12:31.301  3447  3447 I SurfaceFlinger:      Client | 0x7e9ed37180 | 0002 | RGBA_8888 |   0.0    0.0  720.0 1280.0 |    0    0  720 1279 | com.example.batterymanager_utility/c[...]atterymanager_utility.MainActivity#0
10-22 20:12:31.301  3447  3447 I SurfaceFlinger:      Device | 0x7ea5024780 | 0000 | RGBA_8888 |   0.0    0.0  720.0   42.0 |    0    0  720   42 | StatusBar#0
10-22 20:12:31.301  3447  3447 I SurfaceFlinger: 
10-22 20:12:31.302 32597 32597 I FirebaseApp: Device unlocked: initializing all Firebase APIs for app [DEFAULT]
10-22 20:12:31.303  3957  4089 D MdnieScenarioControlService:  packageName : org.mozilla.fenix    className : org.mozilla.fenix.App
10-22 20:12:31.303  3957  4089 V MdnieScenarioControlService: setUIMode from UI function(3)
10-22 20:12:31.310 32597 32597 I FirebaseInitProvider: FirebaseApp initialization successful
10-22 20:12:31.406  3957  4128 D WifiService: getConnectionInfo uid=1000
10-22 20:12:31.486  3447  3447 I SurfaceFlinger: Display 0 HWC layers:
10-22 20:12:31.486  3447  3447 I SurfaceFlinger:     type    |    handle    | flag |  format   |   source crop (l,t,r,b)    |         frame       | name 
10-22 20:12:31.486  3447  3447 I SurfaceFlinger: ------------+--------------+------+-----------+----------------------------+---------------------+------
10-22 20:12:31.486  3447  3447 I SurfaceFlinger:      Client |              | 0000 |  Unknown  |  -0.2   -0.2   -0.8   -0.8 |    0    0  720 1280 | animation background stackId=1#0
10-22 20:12:31.486  3447  3447 I SurfaceFlinger:      Client | 0x7e9ed37180 | 0002 | RGBA_8888 |   0.0    0.0  720.0 1280.0 |   16   29  703 1251 | com.example.batterymanager_utility/c[...]atterymanager_utility.MainActivity#0
10-22 20:12:31.486  3447  3447 I SurfaceFlinger:      Client | 0x7ea5024180 | 0000 | RGBA_8888 |   0.0    0.0  720.0 1022.0 |   17  305  704 1280 | Splash Screen org.mozilla.fenix#0
10-22 20:12:31.486  3447  3447 I SurfaceFlinger:      Client | 0x7ea5024780 | 0000 | RGBA_8888 |   0.0    0.0  720.0   42.0 |    0    0  720   42 | StatusBar#0
10-22 20:12:31.486  3447  3447 I SurfaceFlinger: 
10-22 20:12:31.492 32597 32623 W linker  : "/data/app/org.mozilla.fenix-iWpGOrf8cry6RDpwHyQugA==/lib/arm64/libxul.so" unused DT entry: type 0x8000024 arg 0x539420
10-22 20:12:31.492 32597 32623 W linker  : "/data/app/org.mozilla.fenix-iWpGOrf8cry6RDpwHyQugA==/lib/arm64/libxul.so" unused DT entry: type 0x8000023 arg 0x17d68
10-22 20:12:31.492 32597 32623 W linker  : "/data/app/org.mozilla.fenix-iWpGOrf8cry6RDpwHyQugA==/lib/arm64/libxul.so" unused DT entry: type 0x8000025 arg 0x8
10-22 20:12:31.493 32597 32623 W linker  : "/data/app/org.mozilla.fenix-iWpGOrf8cry6RDpwHyQugA==/lib/arm64/libnss3.so" unused DT entry: type 0x8000024 arg 0x14998
10-22 20:12:31.493 32597 32623 W linker  : "/data/app/org.mozilla.fenix-iWpGOrf8cry6RDpwHyQugA==/lib/arm64/libnss3.so" unused DT entry: type 0x8000023 arg 0x5c8
10-22 20:12:31.493 32597 32623 W linker  : "/data/app/org.mozilla.fenix-iWpGOrf8cry6RDpwHyQugA==/lib/arm64/libnss3.so" unused DT entry: type 0x8000025 arg 0x8
10-22 20:12:31.493 32597 32623 W linker  : "/data/app/org.mozilla.fenix-iWpGOrf8cry6RDpwHyQugA==/lib/arm64/libmozglue.so" unused DT entry: type 0x8000024 arg 0x38f70
10-22 20:12:31.493 32597 32623 W linker  : "/data/app/org.mozilla.fenix-iWpGOrf8cry6RDpwHyQugA==/lib/arm64/libmozglue.so" unused DT entry: type 0x8000023 arg 0x1f8
10-22 20:12:31.494 32597 32623 W linker  : "/data/app/org.mozilla.fenix-iWpGOrf8cry6RDpwHyQugA==/lib/arm64/libmozglue.so" unused DT entry: type 0x8000025 arg 0x8
10-22 20:12:31.494 32597 32623 W linker  : "/data/app/org.mozilla.fenix-iWpGOrf8cry6RDpwHyQugA==/lib/arm64/libmozglue.so" unused DT entry: type 0x8000024 arg 0x38f70
10-22 20:12:31.494 32597 32623 W linker  : "/data/app/org.mozilla.fenix-iWpGOrf8cry6RDpwHyQugA==/lib/arm64/libmozglue.so" unused DT entry: type 0x8000023 arg 0x1f8
10-22 20:12:31.494 32597 32623 W linker  : "/data/app/org.mozilla.fenix-iWpGOrf8cry6RDpwHyQugA==/lib/arm64/libmozglue.so" unused DT entry: type 0x8000025 arg 0x8
10-22 20:12:31.494 32597 32623 W linker  : "/data/app/org.mozilla.fenix-iWpGOrf8cry6RDpwHyQugA==/lib/arm64/libmozglue.so" unused DT entry: type 0x8000024 arg 0x38f70
10-22 20:12:31.494 32597 32623 W linker  : "/data/app/org.mozilla.fenix-iWpGOrf8cry6RDpwHyQugA==/lib/arm64/libmozglue.so" unused DT entry: type 0x8000023 arg 0x1f8
10-22 20:12:31.494 32597 32623 W linker  : "/data/app/org.mozilla.fenix-iWpGOrf8cry6RDpwHyQugA==/lib/arm64/libmozglue.so" unused DT entry: type 0x8000025 arg 0x8
10-22 20:12:31.494 32597 32623 W linker  : "/data/app/org.mozilla.fenix-iWpGOrf8cry6RDpwHyQugA==/lib/arm64/libmozglue.so" unused DT entry: type 0x8000024 arg 0x38f70
10-22 20:12:31.494 32597 32623 W linker  : "/data/app/org.mozilla.fenix-iWpGOrf8cry6RDpwHyQugA==/lib/arm64/libmozglue.so" unused DT entry: type 0x8000023 arg 0x1f8
10-22 20:12:31.495 32597 32623 W linker  : "/data/app/org.mozilla.fenix-iWpGOrf8cry6RDpwHyQugA==/lib/arm64/libmozglue.so" unused DT entry: type 0x8000025 arg 0x8
10-22 20:12:31.625 32597 32623 I nimbus::stateful::nimbus_client: updating experiment list
10-22 20:12:31.630 32597 32623 I nimbus::stateful::persistence: Already at version 2, no upgrade needed
10-22 20:12:31.632 32597 32623 I nimbus::stateful::nimbus_client: [Nimbus] Retrieved date from Context: 2023-09-28 18:32:20 UTC
10-22 20:12:31.633 32597 32623 I nimbus::stateful::nimbus_client: [Nimbus] Installation Date: 2023-09-28 18:32:20 UTC
10-22 20:12:31.633 32597 32623 I nimbus::stateful::nimbus_client: [Nimbus] Update Date: 2023-09-28 18:32:25.568136298 UTC
10-22 20:12:31.633 32597 32623 I nimbus::stateful::nimbus_client: [Nimbus] Days since install: 23
10-22 20:12:31.633 32597 32623 I nimbus::stateful::nimbus_client: [Nimbus] Days since update: 23
10-22 20:12:31.684 32597 32626 I GeckoThread: preparing to run Gecko
10-22 20:12:31.689  3957  4564 W StorageManager: getStorageLowBytes lowPercent : 5, lowBytes : 1260145254, maxLowBytes : 524288000
10-22 20:12:31.691  3957  4564 I chatty  : uid=1000(system) Binder:3957_6 identical 1 line
10-22 20:12:31.694  3957  4564 W StorageManager: getStorageLowBytes lowPercent : 5, lowBytes : 1260145254, maxLowBytes : 524288000
10-22 20:12:31.704 32597 32626 I GeckoLoader: Library base=/data/app/org.mozilla.fenix-iWpGOrf8cry6RDpwHyQugA==/lib/arm64
10-22 20:12:31.707 32597 32629 I libglean_ffi: glean_core::core: Creating new Glean v54.0.0
10-22 20:12:31.710 32597 32626 W Settings: Setting animator_duration_scale has moved from android.provider.Settings.System to android.provider.Settings.Global, returning read-only global URI.
10-22 20:12:31.712 32597 32629 I libglean_ffi: glean_core::database: Database initialized
10-22 20:12:31.713 32597 32626 I GeckoLoader: Library base=/data/app/org.mozilla.fenix-iWpGOrf8cry6RDpwHyQugA==/lib/arm64
10-22 20:12:31.716 32597 32626 E GeckoLibLoad: Load sqlite start
10-22 20:12:31.717 32597 32626 E GeckoLibLoad: Load sqlite done
10-22 20:12:31.718 32597 32626 I GeckoLoader: Library base=/data/app/org.mozilla.fenix-iWpGOrf8cry6RDpwHyQugA==/lib/arm64
10-22 20:12:31.718 32597 32626 E GeckoLibLoad: Load nss start
10-22 20:12:31.718 32597 32626 E GeckoLibLoad: Load nss done
10-22 20:12:31.718 32597 32626 I GeckoLoader: Library base=/data/app/org.mozilla.fenix-iWpGOrf8cry6RDpwHyQugA==/lib/arm64
10-22 20:12:31.720 32597 32629 I libglean_ffi: glean_core: Glean initialized
10-22 20:12:31.722 32597 32626 E GeckoLibLoad: Loaded libs in 3.729731ms total, 4ms(4ms) user, 0ms(0ms) system, 3(4) faults
10-22 20:12:31.722 32597 32629 I libglean_ffi: glean_core::event_database: Loading events for background-update
10-22 20:12:31.723 32597 32626 W GeckoThread: zerdatime 1660733781 - runGecko
10-22 20:12:31.729 32597 32629 I libglean_ffi: glean_core::event_database: Loading events for events
10-22 20:12:31.729 32597 32629 I libglean_ffi: glean_core::event_database: Loading events for pageload
10-22 20:12:31.736 32597 32629 I libglean_ffi: glean_core::ping: Collecting events
10-22 20:12:31.740  3599  3918 D DnsProxyListener: DNSDBG::dns by name af 2
10-22 20:12:31.747 32597 32629 I libglean_ffi: glean_core::upload::directory: Processing ping at: /data/user/0/org.mozilla.fenix/glean_data/pending_pings/33578b17-7254-4afd-bc78-536d17ff7132
10-22 20:12:31.755 32597 32629 I libglean_ffi: glean_core::metrics::ping: The ping 'events' was submitted and will be sent as soon as possible
10-22 20:12:31.765  3957  4025 I WindowManager: Destroying surface Surface(name=com.example.batterymanager_utility/com.example.batterymanager_utility.MainActivity) called by com.android.server.wm.WindowStateAnimator.destroySurface:2501 com.android.server.wm.WindowStateAnimator.destroySurfaceLocked:985 com.android.server.wm.WindowState.destroyOrSaveSurfaceUnchecked:3670 com.android.server.wm.WindowState.destroySurface:3618 com.android.server.wm.AppWindowToken.destroySurfaces:722 com.android.server.wm.AppWindowToken.destroySurfaces:706 com.android.server.wm.WindowState.onExitAnimationDone:5316 com.android.server.wm.WindowStateAnimator.stepAnimationLocked:550 
10-22 20:12:31.765  3447  4088 I SurfaceFlinger: id=3514 Removed com.example.batterymanager_utility/com.example.batterymanager_utility.MainActivity#0 (2/5)
10-22 20:12:31.769  3447  3488 I SurfaceFlinger: id=3514 Removed com.example.batterymanager_utility/com.example.batterymanager_utility.MainActivity#0 (-2/5)
10-22 20:12:31.774  3957  4129 D WifiStateMachine:  ConnectedState !CMD_RSSI_POLL rt=604758359/1660733831 122 0 "ourhome" f4:6d:2f:12:cc:88 rssi=-42 f=5240 sc=60 link=433 tx=0.4, 0.0, 0.0  rx=5.6 bcn=611988 [on:0 tx:0 rx:0 period:715] from screen [on:560773 period:3295442] score=60
10-22 20:12:31.776  3957  4129 D WifiStateMachine:  L2ConnectedState !CMD_RSSI_POLL rt=604758360/1660733833 122 0 "ourhome" f4:6d:2f:12:cc:88 rssi=-42 f=5240 sc=60 link=433 tx=0.4, 0.0, 0.0  rx=5.6 bcn=611988 [on:0 tx:0 rx:0 period:2] from screen [on:560773 period:3295444] score=60
10-22 20:12:31.776  3957  4129 D WifiStateMachine:  get link layer stats 3
10-22 20:12:31.776  3436  3436 I android.hardware.wifi@1.0-service: getLinkLayerStats
10-22 20:12:31.777  3957  4554 D PackageManager: setEnabledSetting : userId = 0 packageName = org.mozilla.fenix cmp = androidx.work.impl.background.systemjob.SystemJobService newState = 1 callingPackage = 10169/org.mozilla.fenix
10-22 20:12:31.780  3957  4324 I OpenGLRenderer: Initialized EGL, version 1.4
10-22 20:12:31.780  3957  4324 D OpenGLRenderer: Swap behavior 2
10-22 20:12:31.781  3447  3447 I Layer   : id=3514 onRemoved com.example.batterymanager_utility/com.example.batterymanager_utility.MainActivity#0 
10-22 20:12:31.785  3447  3447 I SurfaceFlinger: Display 0 HWC layers:
10-22 20:12:31.785  3447  3447 I SurfaceFlinger:     type    |    handle    | flag |  format   |   source crop (l,t,r,b)    |         frame       | name 
10-22 20:12:31.785  3447  3447 I SurfaceFlinger: ------------+--------------+------+-----------+----------------------------+---------------------+------
10-22 20:12:31.785  3447  3447 I SurfaceFlinger:      Device | 0x7ea5024180 | 0000 | RGBA_8888 |   0.0    0.0  720.0 1280.0 |    0    0  720 1280 | Splash Screen org.mozilla.fenix#0
10-22 20:12:31.785  3447  3447 I SurfaceFlinger:      Device | 0x7ea5024780 | 0000 | RGBA_8888 |   0.0    0.0  720.0   42.0 |    0    0  720   42 | StatusBar#0
10-22 20:12:31.785  3447  3447 I SurfaceFlinger: 
10-22 20:12:31.794  3957  4129 D WifiStateMachine: fetchRssiLinkSpeedAndFrequencyNative rssi=-41 linkspeed=433 freq=5240
10-22 20:12:31.794  3957  4129 V WifiConfigManager: Updating scan detail cache freq=5240 BSSID=f4:6d:2f:12:cc:88 RSSI=-41 for "ourhome"WPA_PSK
10-22 20:12:31.799  4340  4340 E SignalClusterView: setSlotFocusVisible : subId -2
10-22 20:12:31.799  4340  4340 E SignalClusterView: setSlotFocusVisible : subId -2
10-22 20:12:31.841 32597 32629 I glean/MetricsPingSched: The 'metrics' ping was already sent today, 1697998351800.
10-22 20:12:31.854 32597 32597 I FenixApplication: AutoPushFeature is configured, initializing it...
10-22 20:12:31.855 32597 32629 I libglean_ffi: glean_core::ping: Collecting baseline
10-22 20:12:31.858 32597 32597 I AbstractFirebasePushService: start
10-22 20:12:31.863 32597 32597 I MemoryController: onTrimMemory(5)
10-22 20:12:31.863 32597 32597 I FenixApplication: onTrimMemory(), level=5, main=true
10-22 20:12:31.870 32597 32626 I Gecko:DumpUtils: Fifo watcher disabled via pref.
10-22 20:12:31.876 32597 32629 I libglean_ffi: glean_core::upload::directory: Processing ping at: /data/user/0/org.mozilla.fenix/glean_data/pending_pings/76d7d808-37c5-4b63-b299-dacc0422f7a2
10-22 20:12:31.879 32597 32629 I libglean_ffi: glean_core::metrics::ping: The ping 'baseline' was submitted and will be sent as soon as possible
10-22 20:12:31.887 32597 32608 I zygote64: Background concurrent copying GC freed 20317(1134KB) AllocSpace objects, 6(120KB) LOS objects, 50% free, 3MB/6MB, paused 2.495ms total 132.700ms
10-22 20:12:31.895  3957  4554 D SamsungAlarmManager: setExact Intent (T:0/F:1/AC:false) 20331019T201231 - CU:10169/CP:32597
10-22 20:12:31.899 32597 32625 I libglean_ffi: glean_core::ping: Collecting pageload
10-22 20:12:31.912 32597 32625 I libglean_ffi: glean_core::upload::directory: Processing ping at: /data/user/0/org.mozilla.fenix/glean_data/pending_pings/ca68e095-42c0-4d5e-920f-6918a3b7750e
10-22 20:12:31.913 32597 32625 I libglean_ffi: glean_core::metrics::ping: The ping 'pageload' was submitted and will be sent as soon as possible
10-22 20:12:31.926  3957  4554 D ConnectivityService: filterNetworkStateForUid() uid: 10169 networkInfo: [type: WIFI[] - WIFI, state: CONNECTED/CONNECTED, reason: (unspecified), extra: "ourhome", failover: false, available: true, roaming: false, metered: false]
10-22 20:12:31.927  3957  4554 D WifiService: getConnectionInfo uid=1000
10-22 20:12:31.935 32597 32625 I libglean_ffi: glean_core::core: Upload enabled: true
10-22 20:12:31.947  3957  4564 D PackageManager: setEnabledSetting : userId = 0 packageName = org.mozilla.fenix cmp = androidx.work.impl.background.systemalarm.RescheduleReceiver newState = 1 callingPackage = 10169/org.mozilla.fenix
10-22 20:12:31.948 32597 32669 I push::internal::communications::rate_limiter: No need to reset inner timestamp and count for verify_connection.
10-22 20:12:31.962  3957  4564 D ConnectivityService: filterNetworkStateForUid() uid: 10169 networkInfo: [type: WIFI[] - WIFI, state: CONNECTED/CONNECTED, reason: (unspecified), extra: "ourhome", failover: false, available: true, roaming: false, metered: false]
10-22 20:12:31.962  3957  4564 D WifiService: getConnectionInfo uid=1000
10-22 20:12:31.971  3957  4554 D StorageManagerService: getExternalStorageMountMode : 1
10-22 20:12:31.971  3957  4554 D StorageManagerService: getExternalStorageMountMode : 3
10-22 20:12:31.971  3957  4554 D StorageManagerService: getExternalStorageMountMode : final mountMode=1, uid : 10169, packageName : org.mozilla.fenix
10-22 20:12:31.971  3957  4554 I ApplicationPolicy: isApplicationExternalStorageWhitelisted:org.mozilla.fenix user:0
10-22 20:12:31.971  3957  4554 D ApplicationPolicy: isApplicationExternalStorageWhitelisted: DO is not enabled on user 0. Allowed.
10-22 20:12:31.971  3957  4554 D ActivityManager: package  org.mozilla.fenix, user - 0 is SDcard whitelisted
10-22 20:12:31.971  3957  4554 I ApplicationPolicy: isApplicationExternalStorageBlacklisted:org.mozilla.fenix user:0
10-22 20:12:31.971  3957  4554 D ApplicationPolicy: isApplicationExternalStorageBlacklisted: DO is not enabled on user 0. Allowed.
10-22 20:12:31.982 32682 32682 E Zygote  : isWhitelistProcess - Process is Whitelisted
10-22 20:12:31.982  3957  4554 I ActivityManager: Start proc 32682:org.mozilla.fenix:tab16/u0a169 for service org.mozilla.fenix/org.mozilla.gecko.process.GeckoChildProcessServices$tab16
10-22 20:12:31.982 32682 32682 E libpersona: scanKnoxPersonas
10-22 20:12:31.982 32682 32682 E libpersona: Couldn't open the File - /data/system/users/0/personalist.xml - No such file or directory
10-22 20:12:31.984 32682 32682 W SELinux : SELinux selinux_android_compute_policy_index : Policy Index[2],  Con:u:r:zygote:s0 RAM:SEPF_SM-J720F_8.0.0_0002, [-1 -1 -1 -1 0 1]
10-22 20:12:31.985 32682 32682 I SELinux : SELinux: seapp_context_lookup: seinfo=untrusted, level=s0:c512,c768, pkgname=org.mozilla.fenix:tab16 
10-22 20:12:31.985  3957  4554 D ConnectivityService: filterNetworkStateForUid() uid: 10169 networkInfo: [type: WIFI[] - WIFI, state: CONNECTED/CONNECTED, reason: (unspecified), extra: "ourhome", failover: false, available: true, roaming: false, metered: false]
10-22 20:12:31.985  3957  4554 D WifiService: getConnectionInfo uid=1000
10-22 20:12:31.986 32597 32669 I push::internal::communications::rate_limiter: Not allowed: count(84) > 1 for verify_connection.
10-22 20:12:31.989 32597 32669 I AutoPushFeature: No change to subscriptions. Doing nothing.
10-22 20:12:31.991  3957  4554 D ConnectivityService: filterNetworkStateForUid() uid: 10169 networkInfo: [type: WIFI[] - WIFI, state: CONNECTED/CONNECTED, reason: (unspecified), extra: "ourhome", failover: false, available: true, roaming: false, metered: false]
10-22 20:12:31.991  3957  4554 D WifiService: getConnectionInfo uid=1000
10-22 20:12:31.993 32597 32676 D ConnectivityManager: requestNetwork; CallingUid : 10169, CallingPid : 32597
10-22 20:12:31.996  3957  4554 D ConnectivityService: requestNetwork for uid/pid:10169/32597 NetworkRequest [ TRACK_DEFAULT id=2335, [ Capabilities: INTERNET&NOT_RESTRICTED&TRUSTED&NOT_VPN] ]
10-22 20:12:31.997  3957  4157 D ConnectivityService: rematching NetworkAgentInfo [WIFI () - 509]
10-22 20:12:31.997  3957  4157 D ConnectivityService:  network has: [ Transports: WIFI Capabilities: NOT_METERED&INTERNET&NOT_RESTRICTED&TRUSTED&NOT_VPN&VALIDATED&FOREGROUND LinkUpBandwidth>=1048576Kbps LinkDnBandwidth>=1048576Kbps SignalStrength: -42]
10-22 20:12:31.997  3957  4157 D ConnectivityService: Network NetworkAgentInfo [WIFI () - 509] was already satisfying request 2333. No change.
10-22 20:12:31.997  3957  4157 D ConnectivityService:   checking if request is satisfied: NetworkRequest [ TRACK_DEFAULT id=2335, [ Capabilities: INTERNET&NOT_RESTRICTED&TRUSTED&NOT_VPN] ]
10-22 20:12:31.997  3957  4157 D ConnectivityService: currentScore = 0, newScore = 100
10-22 20:12:31.997  3957  4157 D ConnectivityService: rematch for NetworkAgentInfo [WIFI () - 509]
10-22 20:12:31.997  3957  4157 D ConnectivityService:    accepting network in place of null
10-22 20:12:31.997  3957  4157 D ConnectivityService: sending new Min Network Score(100): NetworkRequest [ TRACK_DEFAULT id=2335, [ Capabilities: INTERNET&NOT_RESTRICTED&TRUSTED&NOT_VPN] ]
10-22 20:12:31.997  3957  4313 D Ethernet: got request NetworkRequest [ TRACK_DEFAULT id=2335, [ Capabilities: INTERNET&NOT_RESTRICTED&TRUSTED&NOT_VPN] ] with score 100
10-22 20:12:31.997  3957  4313 D Ethernet:   my score=-1, my filter=[ Transports: ETHERNET Capabilities: INTERNET&NOT_RESTRICTED&TRUSTED&NOT_VPN LinkUpBandwidth>=100000Kbps LinkDnBandwidth>=100000Kbps]
10-22 20:12:31.997  3957  4313 D Ethernet: evalRequest
10-22 20:12:31.997  3957  4313 D Ethernet:   done
10-22 20:12:31.998 32597 32597 I NavController: Ignoring popBackStack to destination org.mozilla.fenix:id/browserFragment as it was not found on the current back stack
10-22 20:12:31.998  3957  4153 D WIFI_P2P: got request NetworkRequest [ TRACK_DEFAULT id=2335, [ Capabilities: INTERNET&NOT_RESTRICTED&TRUSTED&NOT_VPN] ] with score 100
10-22 20:12:31.999  3957  4157 D ConnectivityService: MultiNetwork Request(TransportType - Wi-Fi request). Internet Capability doesn't required (false)
10-22 20:12:31.999  3957  4153 D WIFI_P2P:   my score=60, my filter=[ Transports: WIFI Capabilities: WIFI_P2P&NOT_RESTRICTED&TRUSTED&NOT_VPN LinkUpBandwidth>=1048576Kbps LinkDnBandwidth>=1048576Kbps]
10-22 20:12:31.999  3957  4157 D ConnectivityService: Network NetworkAgentInfo [WIFI () - 509] was already satisfying request 1. No change.
10-22 20:12:31.999  3957  4153 D WIFI_P2P: evalRequest
10-22 20:12:31.999  3957  4153 D WIFI_P2P:   done
10-22 20:12:31.999  3957  4129 D WIFI    : got request NetworkRequest [ TRACK_DEFAULT id=2335, [ Capabilities: INTERNET&NOT_RESTRICTED&TRUSTED&NOT_VPN] ] with score 100
10-22 20:12:31.999  3957  4157 D ConnectivityService: Network NetworkAgentInfo [WIFI () - 509] was already satisfying request 3. No change.
10-22 20:12:31.999  3957  4129 D WIFI    :   my score=60, my filter=[ Transports: WIFI Capabilities: NOT_METERED&INTERNET&NOT_RESTRICTED&TRUSTED&NOT_VPN LinkUpBandwidth>=1048576Kbps LinkDnBandwidth>=1048576Kbps]
10-22 20:12:31.999  3957  4129 D WIFI    : evalRequest
10-22 20:12:31.999  3957  4129 D WIFI    :   done
10-22 20:12:31.999  3957  4157 D ConnectivityService: sending notification AVAILABLE for NetworkRequest [ TRACK_DEFAULT id=2335, [ Capabilities: INTERNET&NOT_RESTRICTED&TRUSTED&NOT_VPN] ]
10-22 20:12:31.999  3957  4129 D WIFI_UT : got request NetworkRequest [ TRACK_DEFAULT id=2335, [ Capabilities: INTERNET&NOT_RESTRICTED&TRUSTED&NOT_VPN] ] with score 100
10-22 20:12:31.999  3957  4129 D WIFI_UT :   my score=2147483647, my filter=[ Transports: WIFI Capabilities: NOT_METERED&INTERNET&NOT_RESTRICTED&TRUSTED&NOT_VPN LinkUpBandwidth>=1048576Kbps LinkDnBandwidth>=1048576Kbps]
10-22 20:12:31.999  3957  4129 D WIFI_UT : evalRequest
10-22 20:12:31.999  3957  4129 D WIFI_UT :   needNetworkFor
10-22 20:12:31.999  3957  4157 D ConnectivityService: sending notification CAP_CHANGED for NetworkRequest [ TRACK_DEFAULT id=2335, [ Capabilities: INTERNET&NOT_RESTRICTED&TRUSTED&NOT_VPN] ]
10-22 20:12:31.999  4616  4616 D PhoneSwitcherNetworkRequstListener: got request NetworkRequest [ TRACK_DEFAULT id=2335, [ Capabilities: INTERNET&NOT_RESTRICTED&TRUSTED&NOT_VPN] ] with score 100
10-22 20:12:32.000  3957  4157 D ConnectivityService: sending notification IP_CHANGED for NetworkRequest [ TRACK_DEFAULT id=2335, [ Capabilities: INTERNET&NOT_RESTRICTED&TRUSTED&NOT_VPN] ]
10-22 20:12:32.000  4616  4616 D PhoneSwitcherNetworkRequstListener:   my score=101, my filter=[ Transports: CELLULAR Capabilities: MMS&SUPL&DUN&FOTA&IMS&CBS&IA&RCS&XCAP&EIMS&INTERNET&NOT_RESTRICTED&TRUSTED&NOT_VPN&ENT1 Specifier: <android.net.MatchAllNetworkSpecifier@0>]
10-22 20:12:32.000  4616  4616 D PhoneSwitcherNetworkRequstListener: evalRequest
10-22 20:12:32.000  4616  4616 D PhoneSwitcherNetworkRequstListener:   needNetworkFor
10-22 20:12:32.001  3957  4564 D ConnectivityService: filterNetworkStateForUid() uid: 10169 networkInfo: [type: WIFI[] - WIFI, state: CONNECTED/CONNECTED, reason: (unspecified), extra: "ourhome", failover: false, available: true, roaming: false, metered: false]
10-22 20:12:32.001  3957  4564 D WifiService: getConnectionInfo uid=1000
10-22 20:12:32.002  3957  4564 D ConnectivityService: filterNetworkStateForUid() uid: 10169 networkInfo: [type: WIFI[] - WIFI, state: CONNECTED/CONNECTED, reason: (unspecified), extra: "ourhome", failover: false, available: true, roaming: false, metered: false]
10-22 20:12:32.002  3957  4564 D WifiService: getConnectionInfo uid=1000
10-22 20:12:32.016 32682 32682 D TimaKeyStoreProvider: TimaKeyStore is not enabled: cannot add TimaSignature Service and generateKeyPair Service
10-22 20:12:32.016 32682 32682 D ActivityThread: Added TimaKeyStore provider
10-22 20:12:32.020  3957  4564 I ActivityManager: DSS on for org.mozilla.fenix and scale is 1.0
10-22 20:12:32.032 32597 32597 I ContileTopSitesUpdater: Started periodic work to update Contile top sites
10-22 20:12:32.042 32682 32682 I zygote64: no shared libraies, dex_files: 1
10-22 20:12:32.055  3957  4129 D WifiStateMachine:  ConnectedState !RSSI_PKTCNT_FETCH uid=1000 rt=604758639/1660734112 0 0 "ourhome" f4:6d:2f:12:cc:88 rssi=-41 f=5240 sc=60 link=433 tx=0.2, 0.0, 0.0  rx=10.3 bcn=612016 [on:0 tx:0 rx:0 period:257] from screen [on:561191 period:3295723] score=60
10-22 20:12:32.059  3957  4129 D WifiStateMachine:  L2ConnectedState !RSSI_PKTCNT_FETCH uid=1000 rt=604758641/1660734114 0 0 "ourhome" f4:6d:2f:12:cc:88 rssi=-41 f=5240 sc=60 link=433 tx=0.2, 0.0, 0.0  rx=10.3 bcn=612016 [on:0 tx:0 rx:0 period:2] from screen [on:561191 period:3295725] score=60
10-22 20:12:32.060  3957  4129 D WifiStateMachine: fetchRssiLinkSpeedAndFrequencyNative rssi=-43 linkspeed=433 freq=5240
10-22 20:12:32.061  3957  4129 V WifiConfigManager: Updating scan detail cache freq=5240 BSSID=f4:6d:2f:12:cc:88 RSSI=-42 for "ourhome"WPA_PSK
10-22 20:12:32.066  3328  3328 W keymaster2_mdfpp: entered get_key_characteristics function.
10-22 20:12:32.078  3328  3328 W keymaster_tee: [WRN]KEY_PARAMS: AES ENC DEC GCM PADNO AUTH SIZE:256 
10-22 20:12:32.079  3328  3328 W keymaster_tee: [WRN]KEY_PARAMS: 20230928203226 
10-22 20:12:32.079  3328  3328 W keymaster2_mdfpp: exit get_key_characteristics function, returned 0
10-22 20:12:32.090  3328  3328 W keymaster2_mdfpp: entered get_key_characteristics function.
10-22 20:12:32.094  3328  3328 W keymaster_tee: [WRN]KEY_PARAMS: AES ENC DEC GCM PADNO AUTH SIZE:256 
10-22 20:12:32.094  3328  3328 W keymaster_tee: [WRN]KEY_PARAMS: 20230928203226 
10-22 20:12:32.094  3328  3328 W keymaster2_mdfpp: exit get_key_characteristics function, returned 0
10-22 20:12:32.097  3328  3328 W keymaster2_mdfpp: entered get_key_characteristics function.
10-22 20:12:32.098  3328  3328 W keymaster_tee: [WRN]KEY_PARAMS: AES ENC DEC GCM PADNO AUTH SIZE:256 
10-22 20:12:32.098  3328  3328 W keymaster_tee: [WRN]KEY_PARAMS: 20230928203226 
10-22 20:12:32.098  3328  3328 W keymaster2_mdfpp: exit get_key_characteristics function, returned 0
10-22 20:12:32.105  3328  3328 W keymaster2_mdfpp: entered get_key_characteristics function.
10-22 20:12:32.107  3328  3328 W keymaster_tee: [WRN]KEY_PARAMS: AES ENC DEC GCM PADNO AUTH SIZE:256 
10-22 20:12:32.107  3328  3328 W keymaster_tee: [WRN]KEY_PARAMS: 20230928203226 
10-22 20:12:32.107  3328  3328 W keymaster2_mdfpp: exit get_key_characteristics function, returned 0
10-22 20:12:32.109  3328  3328 W keymaster2_mdfpp: entered begin function.
10-22 20:12:32.111  3328  3328 W keymaster2_mdfpp: exit begin function, returned 0
10-22 20:12:32.114  3328  3328 W keymaster2_mdfpp: entered update function.
10-22 20:12:32.114  3328  3328 W keymaster2_mdfpp: exit update function, returned 0
10-22 20:12:32.115  3328  3328 W keymaster2_mdfpp: entered finish function.
10-22 20:12:32.116  3328  3328 W keymaster2_mdfpp: exit finish function, returned 0
10-22 20:12:32.117  3589  3589 W keystore: ENTER remove operation from uid 10169
10-22 20:12:32.118 32682 32682 I FenixApplication: onTrimMemory(), level=5, main=false
10-22 20:12:32.121 32682 32682 I ServiceChildProcess: onCreate
10-22 20:12:32.122 32682 32712 I GeckoThread: preparing to run Gecko
10-22 20:12:32.131 32597 32608 I zygote64: Background concurrent copying GC freed 87206(3MB) AllocSpace objects, 33(772KB) LOS objects, 49% free, 2MB/4MB, paused 2.202ms total 112.747ms
10-22 20:12:32.152 32597 32636 W logins::schema: user_version: 2
10-22 20:12:32.200 11094 11094 E adbd    : recv: OPEN 000335ab 00000000 0076:73 68 65 6C 6C 2C 76 32 2C 54 45 52 4D 3D 78 74 65 72 6D 2D 32 35 36 63 6F 6C 6F 72 2C 72 61 77 3A 64 75 6D 70 73 79 73 20 61 63 74 69 76 69 74 79 20 72 65 63 65 6E 74 73 20 7C 20 67 72 65 70 20 22 52 65 63 65 6E 74 20 23 30 22 20 7C 20 63 75 74 20 2D 64 20 22 3D 22 20 2D 66 32 20 7C 20 67 72 65 70 20 2D 6F 20 2D 70 20 22 5B 61 2D 7A 7C 2E 5D 2A 22 00 
10-22 20:12:32.200 11094 11094 E adbd    : service_to_fd: shell,v2,TERM=xterm-256color,raw:dumpsys activity recents | grep "Recent #0" | cut -d "=" -f2 | grep -o -p "[a-z|.]*"
10-22 20:12:32.204 32597 32597 W GeckoViewActivityContextDelegate: A non-activity context was set.
10-22 20:12:32.214  3957  4651 D ConnectivityService: filterNetworkStateForUid() uid: 10169 networkInfo: [type: WIFI[] - WIFI, state: CONNECTED/CONNECTED, reason: (unspecified), extra: "ourhome", failover: false, available: true, roaming: false, metered: false]
10-22 20:12:32.214  3957  4651 D WifiService: getConnectionInfo uid=1000
10-22 20:12:32.215  3957  4651 I chatty  : uid=1000(system) Binder:3957_A identical 1 line
10-22 20:12:32.215  3957  4651 I chatty  : uid=1000(system) Binder:3957_A identical 1 line
10-22 20:12:32.216  3957  4651 D ConnectivityService: filterNetworkStateForUid() uid: 10169 networkInfo: [type: WIFI[] - WIFI, state: CONNECTED/CONNECTED, reason: (unspecified), extra: "ourhome", failover: false, available: true, roaming: false, metered: false]
10-22 20:12:32.216  3957  4651 D WifiService: getConnectionInfo uid=1000
10-22 20:12:32.226 32597 32597 I BgSyncManager: Periodic syncing enabled: PeriodicSyncConfig(periodMinutes=240, initialDelayMinutes=5)
10-22 20:12:32.226 32597 32597 I FirefoxAccountStateMachine: Sync is enabled
10-22 20:12:32.230 32597 32637 I StartupTypeTelemetry: Recorded start up: cold_main
10-22 20:12:32.240 32597 32736 D OpenGLRenderer: HWUI GL Pipeline
10-22 20:12:32.247 32597 32597 D ViewRootImpl@bc73a50[App]: setView = DecorView@1786449[App] TM=true MM=false
10-22 20:12:32.247  3957  4651 D ActivityManager: post active user change for 0 fullscreen true isHomeActivity() false
10-22 20:12:32.248 32597 32597 I Choreographer: Skipped 55 frames!  The application may be doing too much work on its main thread.
10-22 20:12:32.251 32597 32597 D ViewRootImpl@bc73a50[App]: dispatchAttachedToWindow
10-22 20:12:32.260  3957  4651 V WindowManager: Relayout Window{6cfbd3c u0 org.mozilla.fenix/org.mozilla.fenix.App}: viewVisibility=0 req=719x1237 WM.LayoutParams{(0,0)(fillxfill) sim=#110 ty=1 fl=#81010100 pfl=0x20000 wanim=0x7f1404fa vsysui=0x2610 needsMenuKey=2 colorMode=0 naviIconColor=0}
10-22 20:12:32.263  3447  3447 I SurfaceFlinger: id=3516 createSurf (720x1280),1 flag=404, org.mozilla.fenix/org.mozilla.fenix.App#0
10-22 20:12:32.265  3957  4651 V Surface : sf_framedrop debug : 0x4f4c, game : false, logging : 0
10-22 20:12:32.265  3957  3973 D WindowManager: set systemUiVisibility : systemUiFlags= 0x2608 fullscreenStackSysUiFlags= 0x0
10-22 20:12:32.267 11094 11094 E adbd    : recv: OPEN 000335af 00000000 0042:73 68 65 6C 6C 2C 76 32 2C 54 45 52 4D 3D 78 74 65 72 6D 2D 32 35 36 63 6F 6C 6F 72 2C 72 61 77 3A 67 65 74 70 72 6F 70 20 72 6F 2E 62 75 69 6C 64 2E 76 65 72 73 69 6F 6E 2E 72 65 6C 65 61 73 65 00 
10-22 20:12:32.267 11094 11094 E adbd    : service_to_fd: shell,v2,TERM=xterm-256color,raw:getprop ro.build.version.release
10-22 20:12:32.268  3957  4651 D InputDispatcher: Focus entered window: 32597
10-22 20:12:32.270 32597 32597 V Surface : sf_framedrop debug : 0x4f4c, game : false, logging : 0
10-22 20:12:32.271 32597 32597 D ViewRootImpl@bc73a50[App]: Relayout returned: old=[0,0][0,0] new=[0,0][720,1280] result=0x7 surface={valid=true 499270561792} changed=true
10-22 20:12:32.271  3957  4564 D WindowManager: adjustSystemUiVisibilityLw : vis= 0x2608
10-22 20:12:32.273 32597 32626 W ResourceType: Too many attribute references, stopped at: 0x01010099
10-22 20:12:32.275 32597 32736 I OpenGLRenderer: Initialized EGL, version 1.4
10-22 20:12:32.276 32597 32736 D OpenGLRenderer: Swap behavior 2
10-22 20:12:32.277  3447  3447 I SurfaceFlinger: id=3517 createSurf (720x1238),1 flag=4, SurfaceView - org.mozilla.fenix/org.mozilla.fenix.App@c30ebac@0#0
10-22 20:12:32.278  3447  3447 I SurfaceFlinger: id=3518 createSurf (720x1238),-1 flag=20004, Background for - SurfaceView - org.mozilla.fenix/org.mozilla.fenix.App@c30ebac@0#0
10-22 20:12:32.279 32597 32597 D SurfaceView: BG hide() Surface(name=Background for - SurfaceView - org.mozilla.fenix/org.mozilla.fenix.App@c30ebac@0) false true org.mozilla.gecko.MagnifiableSurfaceView{c30ebac V.E...... ......ID 0,0-720,1238}
10-22 20:12:32.281 32597 32736 D libGLESv1: STS_GLApi : DTS, ODTC are not allowed for Package : org.mozilla.fenix
10-22 20:12:32.282 32597 32597 V Surface : sf_framedrop debug : 0x4f4c, game : false, logging : 0
10-22 20:12:32.283 32597 32597 D SurfaceView: surfaceCreated 1 org.mozilla.gecko.MagnifiableSurfaceView{c30ebac V.E...... ......ID 0,0-720,1238}
10-22 20:12:32.283 32597 32597 D SurfaceView: surfaceChanged (720,1238) 1 org.mozilla.gecko.MagnifiableSurfaceView{c30ebac V.E...... ......ID 0,0-720,1238}
10-22 20:12:32.284 32597 32736 D mali_winsys: EGLint new_window_surface(egl_winsys_display *, void *, EGLSurface, EGLConfig, egl_winsys_surface **, egl_color_buffer_format *, EGLBoolean) returns 0x3000,  [720x1280]-format:1
10-22 20:12:32.284 32597 32736 D OpenGLRenderer: eglCreateWindowSurface = 0x743f1fb400
10-22 20:12:32.308  3957  4564 D StorageManagerService: getExternalStorageMountMode : 1
10-22 20:12:32.309  3957  4564 D StorageManagerService: getExternalStorageMountMode : 3
10-22 20:12:32.309  3957  4564 D StorageManagerService: getExternalStorageMountMode : final mountMode=1, uid : 10169, packageName : org.mozilla.fenix
10-22 20:12:32.310  3957  4564 I ApplicationPolicy: isApplicationExternalStorageWhitelisted:org.mozilla.fenix user:0
10-22 20:12:32.310  3957  4564 D ApplicationPolicy: isApplicationExternalStorageWhitelisted: DO is not enabled on user 0. Allowed.
10-22 20:12:32.310  3957  4564 D ActivityManager: package  org.mozilla.fenix, user - 0 is SDcard whitelisted
10-22 20:12:32.310  3957  4564 I ApplicationPolicy: isApplicationExternalStorageBlacklisted:org.mozilla.fenix user:0
10-22 20:12:32.310  3957  4564 D ApplicationPolicy: isApplicationExternalStorageBlacklisted: DO is not enabled on user 0. Allowed.
10-22 20:12:32.310 11094 11094 E adbd    : recv: OPEN 000335b3 00000000 003e:73 68 65 6C 6C 2C 76 32 2C 54 45 52 4D 3D 78 74 65 72 6D 2D 32 35 36 63 6F 6C 6F 72 2C 72 61 77 3A 67 65 74 70 72 6F 70 20 72 6F 2E 62 75 69 6C 64 2E 76 65 72 73 69 6F 6E 2E 73 64 6B 00 
10-22 20:12:32.310 11094 11094 E adbd    : service_to_fd: shell,v2,TERM=xterm-256color,raw:getprop ro.build.version.sdk
10-22 20:12:32.327 32597 32625 I libglean_ffi: glean_core::ping: Collecting baseline
10-22 20:12:32.331 32758 32758 E Zygote  : isWhitelistProcess - Process is Whitelisted
10-22 20:12:32.332 32758 32758 E libpersona: scanKnoxPersonas
10-22 20:12:32.332 32758 32758 E libpersona: Couldn't open the File - /data/system/users/0/personalist.xml - No such file or directory
10-22 20:12:32.333  3957  4564 I ActivityManager: Start proc 32758:org.mozilla.fenix:gpu/u0a169 for service org.mozilla.fenix/org.mozilla.gecko.process.GeckoChildProcessServices$gpu
10-22 20:12:32.333  3957  4030 D SensorService: [SO] 0.211 -0.134 9.989
10-22 20:12:32.334 32758 32758 W SELinux : SELinux selinux_android_compute_policy_index : Policy Index[2],  Con:u:r:zygote:s0 RAM:SEPF_SM-J720F_8.0.0_0002, [-1 -1 -1 -1 0 1]
10-22 20:12:32.334 32597 32626 W linker  : "/data/app/org.mozilla.fenix-iWpGOrf8cry6RDpwHyQugA==/lib/arm64/libsoftokn3.so" unused DT entry: type 0x8000024 arg 0x2580
10-22 20:12:32.334 32597 32626 W linker  : "/data/app/org.mozilla.fenix-iWpGOrf8cry6RDpwHyQugA==/lib/arm64/libsoftokn3.so" unused DT entry: type 0x8000023 arg 0x70
10-22 20:12:32.334 32597 32626 W linker  : "/data/app/org.mozilla.fenix-iWpGOrf8cry6RDpwHyQugA==/lib/arm64/libsoftokn3.so" unused DT entry: type 0x8000025 arg 0x8
10-22 20:12:32.334 32758 32758 I SELinux : SELinux: seapp_context_lookup: seinfo=untrusted, level=s0:c512,c768, pkgname=org.mozilla.fenix:gpu 
10-22 20:12:32.337 32597 32626 W linker  : "/data/app/org.mozilla.fenix-iWpGOrf8cry6RDpwHyQugA==/lib/arm64/libfreebl3.so" unused DT entry: type 0x8000024 arg 0xe78
10-22 20:12:32.337 32597 32626 W linker  : "/data/app/org.mozilla.fenix-iWpGOrf8cry6RDpwHyQugA==/lib/arm64/libfreebl3.so" unused DT entry: type 0x8000023 arg 0x68
10-22 20:12:32.337 32597 32626 W linker  : "/data/app/org.mozilla.fenix-iWpGOrf8cry6RDpwHyQugA==/lib/arm64/libfreebl3.so" unused DT entry: type 0x8000025 arg 0x8
10-22 20:12:32.342  3957  4564 D ConnectivityService: filterNetworkStateForUid() uid: 10169 networkInfo: [type: WIFI[] - WIFI, state: CONNECTED/CONNECTED, reason: (unspecified), extra: "ourhome", failover: false, available: true, roaming: false, metered: false]
10-22 20:12:32.342  3957  4564 D WifiService: getConnectionInfo uid=1000
10-22 20:12:32.342  3957  4554 D ConnectivityService: filterNetworkStateForUid() uid: 10169 networkInfo: [type: WIFI[] - WIFI, state: CONNECTED/CONNECTED, reason: (unspecified), extra: "ourhome", failover: false, available: true, roaming: false, metered: false]
10-22 20:12:32.342  3957  4554 D WifiService: getConnectionInfo uid=1000
10-22 20:12:32.343  3957  4554 D ConnectivityService: filterNetworkStateForUid() uid: 10169 networkInfo: [type: WIFI[] - WIFI, state: CONNECTED/CONNECTED, reason: (unspecified), extra: "ourhome", failover: false, available: true, roaming: false, metered: false]
10-22 20:12:32.343  3957  4554 D WifiService: getConnectionInfo uid=1000
10-22 20:12:32.345 32597 32625 I libglean_ffi: glean_core::upload::directory: Processing ping at: /data/user/0/org.mozilla.fenix/glean_data/pending_pings/3f7a934d-76e3-495b-ae55-d112aa89bdae
10-22 20:12:32.347 32597 32625 I libglean_ffi: glean_core::metrics::ping: The ping 'baseline' was submitted and will be sent as soon as possible
10-22 20:12:32.353 32597   304 I FirefoxAccountStateMachine: Processing event 'mozilla.components.service.fxa.manager.Event$Account$Start@33ae9d1' for state Idle(accountState=NotAuthenticated). Next state is Active(progressState=Initializing)
10-22 20:12:32.353  3957  4554 V WindowManager: Relayout Window{6cfbd3c u0 org.mozilla.fenix/org.mozilla.fenix.App}: viewVisibility=0 req=720x1280 WM.LayoutParams{(0,0)(fillxfill) sim=#110 ty=1 fl=#81010100 pfl=0x20000 fmt=-3 wanim=0x7f1404fa vsysui=0x2610 needsMenuKey=2 colorMode=0 naviIconColor=0}
10-22 20:12:32.358 32597 32597 D ViewRootImpl@bc73a50[App]: Relayout returned: old=[0,0][720,1280] new=[0,0][720,1280] result=0x3 surface={valid=true 499270561792} changed=false
10-22 20:12:32.370 32758 32758 D TimaKeyStoreProvider: TimaKeyStore is not enabled: cannot add TimaSignature Service and generateKeyPair Service
10-22 20:12:32.370 32758 32758 D ActivityThread: Added TimaKeyStore provider
10-22 20:12:32.373  3957  4651 I ActivityManager: DSS on for org.mozilla.fenix and scale is 1.0
10-22 20:12:32.375  3328  3328 W keymaster2_mdfpp: entered get_key_characteristics function.
10-22 20:12:32.376  3328  3328 W keymaster_tee: [WRN]KEY_PARAMS: AES ENC DEC GCM PADNO AUTH SIZE:256 
10-22 20:12:32.376  3328  3328 W keymaster_tee: [WRN]KEY_PARAMS: 20230928203226 
10-22 20:12:32.377  3328  3328 W keymaster2_mdfpp: exit get_key_characteristics function, returned 0
10-22 20:12:32.380  3328  3328 W keymaster2_mdfpp: entered get_key_characteristics function.
10-22 20:12:32.380 32597 32726 W linker  : "/data/app/org.mozilla.fenix-iWpGOrf8cry6RDpwHyQugA==/lib/arm64/libnssckbi.so" unused DT entry: type 0x8000024 arg 0xc08
10-22 20:12:32.381  3957  4554 D StorageManagerService: getExternalStorageMountMode : 3
10-22 20:12:32.381 32597 32726 W linker  : "/data/app/org.mozilla.fenix-iWpGOrf8cry6RDpwHyQugA==/lib/arm64/libnssckbi.so" unused DT entry: type 0x8000023 arg 0x258
10-22 20:12:32.381 32597 32726 W linker  : "/data/app/org.mozilla.fenix-iWpGOrf8cry6RDpwHyQugA==/lib/arm64/libnssckbi.so" unused DT entry: type 0x8000025 arg 0x8
10-22 20:12:32.381  3957  4554 D StorageManagerService: getExternalStorageMountMode : 3
10-22 20:12:32.381  3328  3328 W keymaster_tee: [WRN]KEY_PARAMS: AES ENC DEC GCM PADNO AUTH SIZE:256 
10-22 20:12:32.381  3328  3328 W keymaster_tee: [WRN]KEY_PARAMS: 20230928203226 
10-22 20:12:32.381  3328  3328 W keymaster2_mdfpp: exit get_key_characteristics function, returned 0
10-22 20:12:32.381  3957  4554 D StorageManagerService: getExternalStorageMountMode : final mountMode=3, uid : 10044, packageName : com.android.vending
10-22 20:12:32.382  3957  4554 I ApplicationPolicy: isApplicationExternalStorageWhitelisted:com.android.vending user:0
10-22 20:12:32.382  3957  4554 D ApplicationPolicy: isApplicationExternalStorageWhitelisted: DO is not enabled on user 0. Allowed.
10-22 20:12:32.382  3957  4554 D ActivityManager: package  com.android.vending, user - 0 is SDcard whitelisted
10-22 20:12:32.382  3957  4554 I ApplicationPolicy: isApplicationExternalStorageBlacklisted:com.android.vending user:0
10-22 20:12:32.382  3957  4554 D ApplicationPolicy: isApplicationExternalStorageBlacklisted: DO is not enabled on user 0. Allowed.
10-22 20:12:32.393 11094 11094 E adbd    : recv: OPEN 000335b7 00000000 0042:73 68 65 6C 6C 2C 76 32 2C 54 45 52 4D 3D 78 74 65 72 6D 2D 32 35 36 63 6F 6C 6F 72 2C 72 61 77 3A 67 65 74 70 72 6F 70 20 72 6F 2E 62 75 69 6C 64 2E 76 65 72 73 69 6F 6E 2E 72 65 6C 65 61 73 65 00 
10-22 20:12:32.393 11094 11094 E adbd    : service_to_fd: shell,v2,TERM=xterm-256color,raw:getprop ro.build.version.release
10-22 20:12:32.395  3957  4651 D ConnectivityService: filterNetworkStateForUid() uid: 10169 networkInfo: [type: WIFI[] - WIFI, state: CONNECTED/CONNECTED, reason: (unspecified), extra: "ourhome", failover: false, available: true, roaming: false, metered: false]
10-22 20:12:32.395  3957  4651 D WifiService: getConnectionInfo uid=1000
10-22 20:12:32.395 32758 32758 I zygote64: no shared libraies, dex_files: 1
10-22 20:12:32.398  3957  4651 D ConnectivityService: filterNetworkStateForUid() uid: 10169 networkInfo: [type: WIFI[] - WIFI, state: CONNECTED/CONNECTED, reason: (unspecified), extra: "ourhome", failover: false, available: true, roaming: false, metered: false]
10-22 20:12:32.398  3957  4651 D WifiService: getConnectionInfo uid=1000
10-22 20:12:32.399   316   316 E Zygote  : isWhitelistProcess - Process is Whitelisted
10-22 20:12:32.399 32597   304 I FirefoxAccount: Registering persistence callback
10-22 20:12:32.399   316   316 E libpersona: scanKnoxPersonas
10-22 20:12:32.400   316   316 E libpersona: Couldn't open the File - /data/system/users/0/personalist.xml - No such file or directory
10-22 20:12:32.400 32597   304 I FirefoxAccountStateMachine: Ran 'mozilla.components.service.fxa.manager.Event$Account$Start@33ae9d1' side-effects for state Active(progressState=Initializing), got successive event mozilla.components.service.fxa.manager.Event$Progress$AccountNotFound@e10246c
10-22 20:12:32.400 32597   304 I FirefoxAccountStateMachine: Processing event 'mozilla.components.service.fxa.manager.Event$Progress$AccountNotFound@e10246c' for state Active(progressState=Initializing). Next state is Idle(accountState=NotAuthenticated)
10-22 20:12:32.401   316   316 W SELinux : SELinux selinux_android_compute_policy_index : Policy Index[2],  Con:u:r:zygote:s0 RAM:SEPF_SM-J720F_8.0.0_0002, [-1 -1 -1 -1 0 1]
10-22 20:12:32.401  3957  4554 I ActivityManager: Start proc 316:com.android.vending/u0a44 for service com.android.vending/com.google.android.finsky.externalreferrer.GetInstallReferrerService
10-22 20:12:32.402   316   316 I SELinux : SELinux: seapp_context_lookup: seinfo=gmscore, level=s0:c512,c768, pkgname=com.android.vending 
10-22 20:12:32.408  3957  4128 D WifiService: getConnectionInfo uid=1000
10-22 20:12:32.418  3957  4651 V WindowManager: finishDrawingLocked: mDrawState=COMMIT_DRAW_PENDING Window{6cfbd3c u0 org.mozilla.fenix/org.mozilla.fenix.App} in Surface(name=org.mozilla.fenix/org.mozilla.fenix.App)
10-22 20:12:32.418 32597 32597 D ViewRootImpl@bc73a50[App]: MSG_RESIZED_REPORT: frame=Rect(0, 0 - 720, 1280) ci=Rect(0, 42 - 0, 0) vi=Rect(0, 42 - 0, 0) or=1
10-22 20:12:32.419 32597 32597 D ViewRootImpl@bc73a50[App]: MSG_WINDOW_FOCUS_CHANGED 1
10-22 20:12:32.424  3957  4025 D ViewRootImpl@d33ee2d[fenix]: dispatchDetachedFromWindow
10-22 20:12:32.425  3957  4025 D InputEventReceiver: channel '57c4f62 Splash Screen org.mozilla.fenix (client)' ~ Disposing input event receiver.
10-22 20:12:32.425  3957  4025 D InputEventReceiver: channel '57c4f62 Splash Screen org.mozilla.fenix (client)' ~NativeInputEventReceiver.
10-22 20:12:32.427  3957  3973 D WindowManager: set systemUiVisibility : systemUiFlags= 0x2618 fullscreenStackSysUiFlags= 0x0
10-22 20:12:32.429  3957  4554 D WindowManager: adjustSystemUiVisibilityLw : vis= 0x2618
10-22 20:12:32.431   316   316 D TimaKeyStoreProvider: TimaKeyStore is not enabled: cannot add TimaSignature Service and generateKeyPair Service
10-22 20:12:32.431  3957  3981 I ActivityManager: Displayed org.mozilla.fenix/.App: +1s300ms
10-22 20:12:32.431   316   316 D ActivityThread: Added TimaKeyStore provider
10-22 20:12:32.432  3957  3981 D CustomFrequencyManagerService: acquireDVFSLockLocked : type : DVFS_MIN_LIMIT  frequency : 1560000  uid : 1000  pid : 3957  pkgName : AMS_RESUME_TAIL@CPU_MIN@58
10-22 20:12:32.433  3957  3981 D ActivityManagerPerformance: AMP_acquire() TAIL
10-22 20:12:32.433  3957  3981 D CustomFrequencyManagerService: releaseDVFSLockLocked : Getting Lock type frm List : DVFS_MIN_LIMIT  frequency : 1560000  uid : 1000  pid : 3957  tag : AMS_APP_SWITCH@CPU_MIN@52
10-22 20:12:32.434  3957  3981 D ActivityManagerPerformance: AMP_release() APP_SWITCH
10-22 20:12:32.435  3957  4554 I ActivityManager: DSS on for com.android.vending and scale is 1.0
10-22 20:12:32.438  3957  3973 D WindowManager: set systemUiVisibility : systemUiFlags= 0x2618 fullscreenStackSysUiFlags= 0x2000
10-22 20:12:32.440 32597 32597 V InputMethodManager: Starting input: tba=android.view.inputmethod.EditorInfo@f809a35 nm : org.mozilla.fenix ic=null
10-22 20:12:32.441 32597 32597 I InputMethodManager: startInputInner - mService.startInputOrWindowGainedFocus
10-22 20:12:32.441  3957  4651 D InputMethodManagerService: startInputOrWindowGainedFocus : windowGainedFocus 
10-22 20:12:32.441  3957  4651 D InputMethodManagerService: windowGainedFocus: destinationUserId (getCallingUid) = 0
10-22 20:12:32.441  3957  4651 D InputMethodManagerService: windowGainedFocus: currentUserId=0
10-22 20:12:32.441  3957  4651 D InputMethodManagerService: windowGainedFocus: mCurrentFocusedUserId=0
10-22 20:12:32.442  3957  4651 D InputMethodManagerService: windowGainedFocus : lock - currentUserId = 0 destinationUserId = 0
10-22 20:12:32.442  3957  4651 D InputMethodManagerService: windowGainedFocus : mCurrentFocusedUserId - 0 and mSecureKeypadEnabled - false, userSwitched - false
10-22 20:12:32.442  3957  4651 V InputMethodManagerService: windowGainedFocus : reason=WINDOW_FOCUS_GAIN client=android.os.BinderProxy@bced0e inputContext=null missingMethods= attribute=android.view.inputmethod.EditorInfo@a562f35 nm = org.mozilla.fenix controlFlags=#104 softInputMode=#110 windowFlags=#81010100
10-22 20:12:32.442  3957  4651 V InputMethodManagerService: hideCurrentInputLocked : shouldHideSoftInput is false
10-22 20:12:32.442  3957  4651 D InputMethodManagerService: isImeSwitcherDisabledPackage : false
10-22 20:12:32.443  3957  4651 V InputMethodManagerService: Creating new session for client ClientState{1126fca uid 10169 pid 32597}
10-22 20:12:32.446  3957  4651 D InputMethodManagerService: setCurrentInputInfo - inputContext : null eidtorInfo : android.view.inputmethod.EditorInfo@a562f35 missingMethods : 0
10-22 20:12:32.447  3957  4651 D ConnectivityService: filterNetworkStateForUid() uid: 10169 networkInfo: [type: WIFI[] - WIFI, state: CONNECTED/CONNECTED, reason: (unspecified), extra: "ourhome", failover: false, available: true, roaming: false, metered: false]
10-22 20:12:32.447  3957  4651 D WifiService: getConnectionInfo uid=1000
10-22 20:12:32.448  3957  4651 I chatty  : uid=1000(system) Binder:3957_A identical 1 line
10-22 20:12:32.448  3957  4651 D WifiService: getConnectionInfo uid=1000
10-22 20:12:32.449  8846  8846 I InputMethodWrapper:  call dispatchStartInputWithToken
10-22 20:12:32.449  8846  8846 I InputMethodService: dispatchStartInputWithToken
10-22 20:12:32.449  3957  4651 D ConnectivityService: filterNetworkStateForUid() uid: 10169 networkInfo: [type: WIFI[] - WIFI, state: CONNECTED/CONNECTED, reason: (unspecified), extra: "ourhome", failover: false, available: true, roaming: false, metered: false]
10-22 20:12:32.449  8846  8846 I SKBD    : SamsungKeypad [IMI] onStartInput - caller pid : 32597, caller uid : 10169
10-22 20:12:32.449  3957  4651 D WifiService: getConnectionInfo uid=1000
