10-22 20:34:47.009  3957 14954 W ActivityManager: Scheduling restart of crashed service com.android.vending/com.google.android.finsky.ipcservers.background.BackgroundGrpcServerAndroidService in 10970ms
10-22 20:34:47.009  3957  4129 D WifiStateMachine:  ConnectedState !RSSI_PKTCNT_FETCH uid=1000 rt=606093594/1662069066 0 0 "ourhome" f4:6d:2f:12:cc:88 rssi=-48 f=5240 sc=60 link=433 tx=227.1, 9.3, 0.0  rx=250.8 bcn=624633 [on:0 tx:0 rx:0 period:351] from screen [on:879998 period:4630677] score=60
10-22 20:34:47.011  3957  4129 D WifiStateMachine:  L2ConnectedState !RSSI_PKTCNT_FETCH uid=1000 rt=606093595/1662069068 0 0 "ourhome" f4:6d:2f:12:cc:88 rssi=-48 f=5240 sc=60 link=433 tx=227.1, 9.3, 0.0  rx=250.8 bcn=624633 [on:0 tx:0 rx:0 period:2] from screen [on:879998 period:4630679] score=60
10-22 20:34:47.012  3957  4129 D WifiStateMachine: fetchRssiLinkSpeedAndFrequencyNative rssi=-49 linkspeed=433 freq=5240
10-22 20:34:47.012  3957  4129 V WifiConfigManager: Updating scan detail cache freq=5240 BSSID=f4:6d:2f:12:cc:88 RSSI=-48 for "ourhome"WPA_PSK
10-22 20:34:47.016  3446  3446 E lowmemorykiller: Error opening /proc/10488/oom_score_adj; errno=2
10-22 20:34:47.022  4961  4961 D io_stats: !@ 179,0 r 10470925 344595812 w 2189764 42745004 d 176667 37410200 f 643508 669096 iot 4770792 4108098 th 51200 0 0 pt 0 inp 28 0 606093.607
10-22 20:34:47.059 10455 10455 I MemoryController: onTrimMemory(10)
10-22 20:34:47.059 10837 10837 I MemoryController: onTrimMemory(10)
10-22 20:34:47.059 10389 10389 I MemoryController: onTrimMemory(10)
10-22 20:34:47.060 10641 10641 I MemoryController: onTrimMemory(10)
10-22 20:34:47.095  3957  4157 E ConnectivityService: RemoteException caught trying to send a callback msg for NetworkRequest [ TRACK_DEFAULT id=2380, [ Capabilities: INTERNET&NOT_RESTRICTED&TRUSTED&NOT_VPN] ]
10-22 20:34:47.095  3957  4157 D ConnectivityService: releasing NetworkRequest [ LISTEN id=2379, [ Capabilities: INTERNET&NOT_RESTRICTED&TRUSTED] ] (CALLBACK_RELEASED)
10-22 20:34:47.095  3957  4654 I ActivityManager: Process com.samsung.android.scloud (pid 10110) has died: cch+6CEM (68,440)
10-22 20:34:47.096  3957  4157 D ConnectivityService: sending notification RELEASED for NetworkRequest [ LISTEN id=2379, [ Capabilities: INTERNET&NOT_RESTRICTED&TRUSTED] ]
10-22 20:34:47.096  3957  4157 E ConnectivityService: RemoteException caught trying to send a callback msg for NetworkRequest [ LISTEN id=2379, [ Capabilities: INTERNET&NOT_RESTRICTED&TRUSTED] ]
10-22 20:34:47.103 10307 10307 I MemoryController: onTrimMemory(15)
10-22 20:34:47.103 10837 10837 I FenixApplication: onTrimMemory(), level=15, main=false
10-22 20:34:47.103 10837 10837 I MemoryController: onTrimMemory(15)
10-22 20:34:47.103 10641 10641 I FenixApplication: onTrimMemory(), level=15, main=false
10-22 20:34:47.103 10641 10641 I MemoryController: onTrimMemory(15)
10-22 20:34:47.104 10389 10389 I FenixApplication: onTrimMemory(), level=15, main=false
10-22 20:34:47.104 10389 10389 I MemoryController: onTrimMemory(15)
10-22 20:34:47.105 10455 10455 I FenixApplication: onTrimMemory(), level=15, main=false
10-22 20:34:47.105 10455 10455 I MemoryController: onTrimMemory(15)
10-22 20:34:47.108 10307 10307 I FenixApplication: onTrimMemory(), level=15, main=true
10-22 20:34:47.114  3957  9632 I ActivityManager: Process com.android.vending (pid 10488) has died: cch  CEM (61,446)
10-22 20:34:47.117  3957  3973 W Looper  : Dispatch took 329ms on android.ui, h=Handler (com.android.server.am.ActivityManagerService$UiHandler) {84f2c15} cb=null msg=53
10-22 20:34:47.120 10262 10573 I BatteryMgr:DataCollectionService: stats => 1697999687120,98,4308,-125,0,100
10-22 20:34:47.153  6229  6229 D BoundBrokerSvc: onUnbind: Intent { act=com.google.android.gms.phenotype.service.START pkg=com.google.android.gms }
10-22 20:34:47.226 10262 10573 I BatteryMgr:DataCollectionService: stats => 1697999687226,98,4308,-125,0,100
10-22 20:34:47.334 10262 10573 I BatteryMgr:DataCollectionService: stats => 1697999687334,98,4308,-125,0,100
10-22 20:34:47.440 10262 10573 I BatteryMgr:DataCollectionService: stats => 1697999687440,98,4308,-125,0,100
10-22 20:34:47.548 10262 10573 I BatteryMgr:DataCollectionService: stats => 1697999687548,98,4308,-125,0,100
10-22 20:34:47.654 10262 10573 I BatteryMgr:DataCollectionService: stats => 1697999687654,98,4308,-125,0,100
10-22 20:34:47.759 10262 10573 I BatteryMgr:DataCollectionService: stats => 1697999687759,98,4308,-125,0,100
10-22 20:34:47.866 10262 10573 I BatteryMgr:DataCollectionService: stats => 1697999687866,98,4308,-125,0,100
10-22 20:34:47.867  3957  4128 D WifiService: getConnectionInfo uid=1000
10-22 20:34:47.972 10262 10573 I BatteryMgr:DataCollectionService: stats => 1697999687972,98,4308,-125,0,100
10-22 20:34:48.012  3957  4129 D WifiStateMachine:  ConnectedState !RSSI_PKTCNT_FETCH uid=1000 rt=606094595/1662070067 0 0 "ourhome" f4:6d:2f:12:cc:88 rssi=-49 f=5240 sc=60 link=433 tx=227.1, 9.3, 0.0  rx=250.8 bcn=624633 [on:0 tx:0 rx:0 period:1000] from screen [on:879998 period:4631679] score=60
10-22 20:34:48.013  3957  4129 D WifiStateMachine:  L2ConnectedState !RSSI_PKTCNT_FETCH uid=1000 rt=606094597/1662070070 0 0 "ourhome" f4:6d:2f:12:cc:88 rssi=-49 f=5240 sc=60 link=433 tx=227.1, 9.3, 0.0  rx=250.8 bcn=624633 [on:0 tx:0 rx:0 period:2] from screen [on:879998 period:4631681] score=60
10-22 20:34:48.014  3957  4129 D WifiStateMachine: fetchRssiLinkSpeedAndFrequencyNative rssi=-46 linkspeed=433 freq=5240
10-22 20:34:48.015  3957  4129 V WifiConfigManager: Updating scan detail cache freq=5240 BSSID=f4:6d:2f:12:cc:88 RSSI=-46 for "ourhome"WPA_PSK
10-22 20:34:48.077 10262 10573 I BatteryMgr:DataCollectionService: stats => 1697999688077,98,4308,-125,0,100
10-22 20:34:48.184 10262 10573 I BatteryMgr:DataCollectionService: stats => 1697999688183,98,4308,-125,0,100
10-22 20:34:48.295 10262 10573 I BatteryMgr:DataCollectionService: stats => 1697999688295,98,4308,-125,0,100
10-22 20:34:48.401 10262 10573 I BatteryMgr:DataCollectionService: stats => 1697999688401,98,4308,-125,0,100
10-22 20:34:48.507 10262 10573 I BatteryMgr:DataCollectionService: stats => 1697999688507,98,4308,-125,0,100
10-22 20:34:48.616 10262 10573 I BatteryMgr:DataCollectionService: stats => 1697999688616,98,4308,-125,0,100
10-22 20:34:48.688  6413  6468 D ScanRecord: Not a Multi Manu data
10-22 20:34:48.720  6413  6468 I chatty  : uid=1002(bluetooth) BT Service Call identical 63 lines
10-22 20:34:48.720  6413  6468 D ScanRecord: Not a Multi Manu data
10-22 20:34:48.721  3957  9632 D ConnectivityService: filterNetworkStateForUid() uid: 10169 networkInfo: [type: WIFI[] - WIFI, state: CONNECTED/CONNECTED, reason: (unspecified), extra: "ourhome", failover: false, available: true, roaming: false, metered: false]
10-22 20:34:48.721  3957  9632 D WifiService: getConnectionInfo uid=1000
10-22 20:34:48.724 10262 10573 I BatteryMgr:DataCollectionService: stats => 1697999688724,98,4308,-125,0,100
10-22 20:34:48.735 10262 10267 I zygote64: Do partial code cache collection, code=61KB, data=46KB
10-22 20:34:48.739 10262 10267 I zygote64: After code cache collection, code=61KB, data=46KB
10-22 20:34:48.739 10262 10267 I zygote64: Increasing code cache capacity to 256KB
10-22 20:34:48.752  6413  6468 D ScanRecord: Not a Multi Manu data
10-22 20:34:48.824  6413  6468 I chatty  : uid=1002(bluetooth) BT Service Call identical 141 lines
10-22 20:34:48.824  6413  6468 D ScanRecord: Not a Multi Manu data
10-22 20:34:48.828  3957  9632 I chatty  : uid=1000(system) Binder:3957_16 identical 1 line
10-22 20:34:48.828  3957  9632 D WifiService: getConnectionInfo uid=1000
10-22 20:34:48.834  6413  6468 D ScanRecord: Not a Multi Manu data
10-22 20:34:48.840  6413  6468 I chatty  : uid=1002(bluetooth) BT Service Call identical 37 lines
10-22 20:34:48.841  6413  6468 D ScanRecord: Not a Multi Manu data
10-22 20:34:48.841 10262 10573 I BatteryMgr:DataCollectionService: stats => 1697999688841,98,4308,-125,0,100
10-22 20:34:48.851  3957  9632 D ConnectivityService: filterNetworkStateForUid() uid: 10169 networkInfo: [type: WIFI[] - WIFI, state: CONNECTED/CONNECTED, reason: (unspecified), extra: "ourhome", failover: false, available: true, roaming: false, metered: false]
10-22 20:34:48.851  3957  9632 D WifiService: getConnectionInfo uid=1000
10-22 20:34:48.869  3957  4128 D WifiService: getConnectionInfo uid=1000
10-22 20:34:48.870  6413  6468 D ScanRecord: Not a Multi Manu data
10-22 20:34:48.943  6413  6468 I chatty  : uid=1002(bluetooth) BT Service Call identical 167 lines
10-22 20:34:48.943  6413  6468 D ScanRecord: Not a Multi Manu data
10-22 20:34:48.952 10262 10573 I BatteryMgr:DataCollectionService: stats => 1697999688952,98,4308,-125,0,100
10-22 20:34:48.952  6413  6468 D ScanRecord: Not a Multi Manu data
10-22 20:34:49.008  6413  6468 I chatty  : uid=1002(bluetooth) BT Service Call identical 102 lines
10-22 20:34:49.008  6413  6468 D ScanRecord: Not a Multi Manu data
10-22 20:34:49.012  3957  4129 D WifiStateMachine:  ConnectedState !RSSI_PKTCNT_FETCH uid=1000 rt=606095596/1662071069 0 0 "ourhome" f4:6d:2f:12:cc:88 rssi=-46 f=5240 sc=60 link=433 tx=227.1, 9.3, 0.0  rx=250.8 bcn=624633 [on:0 tx:0 rx:0 period:999] from screen [on:879998 period:4632680] score=60
10-22 20:34:49.013  3957  4129 D WifiStateMachine:  L2ConnectedState !RSSI_PKTCNT_FETCH uid=1000 rt=606095598/1662071070 0 0 "ourhome" f4:6d:2f:12:cc:88 rssi=-46 f=5240 sc=60 link=433 tx=227.1, 9.3, 0.0  rx=250.8 bcn=624633 [on:0 tx:0 rx:0 period:1] from screen [on:879998 period:4632681] score=60
10-22 20:34:49.014  3957  4129 D WifiStateMachine: fetchRssiLinkSpeedAndFrequencyNative rssi=-46 linkspeed=433 freq=5240
10-22 20:34:49.015  3957  4129 V WifiConfigManager: Updating scan detail cache freq=5240 BSSID=f4:6d:2f:12:cc:88 RSSI=-46 for "ourhome"WPA_PSK
10-22 20:34:49.027  6413  6468 D ScanRecord: Not a Multi Manu data
10-22 20:34:49.054  6413  6468 I chatty  : uid=1002(bluetooth) BT Service Call identical 24 lines
10-22 20:34:49.054  6413  6468 D ScanRecord: Not a Multi Manu data
10-22 20:34:49.063 10262 10573 I BatteryMgr:DataCollectionService: stats => 1697999689063,98,4308,-125,0,100
10-22 20:34:49.065  6413  6468 D ScanRecord: Not a Multi Manu data
10-22 20:34:49.169  6413  6468 I chatty  : uid=1002(bluetooth) BT Service Call identical 193 lines
10-22 20:34:49.169  6413  6468 D ScanRecord: Not a Multi Manu data
10-22 20:34:49.169 10262 10573 I BatteryMgr:DataCollectionService: stats => 1697999689169,98,4308,-125,0,100
10-22 20:34:49.276 10262 10573 I BatteryMgr:DataCollectionService: stats => 1697999689276,98,4308,-125,0,100
10-22 20:34:49.382 10262 10573 I BatteryMgr:DataCollectionService: stats => 1697999689382,98,4308,-125,0,100
10-22 20:34:49.489 10262 10573 I BatteryMgr:DataCollectionService: stats => 1697999689489,98,4308,-125,0,100
10-22 20:34:49.597 10262 10573 I BatteryMgr:DataCollectionService: stats => 1697999689597,98,4308,-125,0,100
10-22 20:34:49.652  3957  4129 D WifiStateMachine:  ConnectedState !CMD_RSSI_POLL rt=606096237/1662071709 122 0 "ourhome" f4:6d:2f:12:cc:88 rssi=-46 f=5240 sc=60 link=433 tx=227.1, 9.3, 0.0  rx=250.8 bcn=624633 [on:0 tx:0 rx:0 period:639] from screen [on:879998 period:4633320] score=60
10-22 20:34:49.653  3957  4129 D WifiStateMachine:  L2ConnectedState !CMD_RSSI_POLL rt=606096238/1662071710 122 0 "ourhome" f4:6d:2f:12:cc:88 rssi=-46 f=5240 sc=60 link=433 tx=227.1, 9.3, 0.0  rx=250.8 bcn=624633 [on:0 tx:0 rx:0 period:1] from screen [on:879998 period:4633321] score=60
10-22 20:34:49.653  3957  4129 D WifiStateMachine:  get link layer stats 3
10-22 20:34:49.653  3436  3436 I android.hardware.wifi@1.0-service: getLinkLayerStats
10-22 20:34:49.671  3957  4129 D WifiStateMachine: fetchRssiLinkSpeedAndFrequencyNative rssi=-45 linkspeed=433 freq=5240
10-22 20:34:49.671  3957  4129 V WifiConfigManager: Updating scan detail cache freq=5240 BSSID=f4:6d:2f:12:cc:88 RSSI=-45 for "ourhome"WPA_PSK
10-22 20:34:49.705  4340  4340 E SignalClusterView: setSlotFocusVisible : subId -2
10-22 20:34:49.705  4340  4340 E SignalClusterView: setSlotFocusVisible : subId -2
10-22 20:34:49.705 10262 10573 I BatteryMgr:DataCollectionService: stats => 1697999689705,98,4308,-125,0,100
10-22 20:34:49.812 10262 10573 I BatteryMgr:DataCollectionService: stats => 1697999689812,98,4308,-125,0,100
10-22 20:34:49.871  3957  4128 D WifiService: getConnectionInfo uid=1000
10-22 20:34:49.936 10262 10573 I BatteryMgr:DataCollectionService: stats => 1697999689936,98,4308,-125,0,100
10-22 20:34:50.013  3957  4129 D WifiStateMachine:  ConnectedState !RSSI_PKTCNT_FETCH uid=1000 rt=606096596/1662072069 0 0 "ourhome" f4:6d:2f:12:cc:88 rssi=-45 f=5240 sc=60 link=433 tx=87.9, 3.4, 0.0  rx=98.5 bcn=624662 [on:0 tx:0 rx:0 period:333] from screen [on:882130 period:4633680] score=60
10-22 20:34:50.014  3957  4129 D WifiStateMachine:  L2ConnectedState !RSSI_PKTCNT_FETCH uid=1000 rt=606096598/1662072071 0 0 "ourhome" f4:6d:2f:12:cc:88 rssi=-45 f=5240 sc=60 link=433 tx=87.9, 3.4, 0.0  rx=98.5 bcn=624662 [on:0 tx:0 rx:0 period:2] from screen [on:882130 period:4633682] score=60
10-22 20:34:50.020  3957  4129 D WifiStateMachine: fetchRssiLinkSpeedAndFrequencyNative rssi=-44 linkspeed=433 freq=5240
10-22 20:34:50.020  3957  4129 V WifiConfigManager: Updating scan detail cache freq=5240 BSSID=f4:6d:2f:12:cc:88 RSSI=-44 for "ourhome"WPA_PSK
10-22 20:34:50.043 10262 10573 I BatteryMgr:DataCollectionService: stats => 1697999690043,98,4308,-125,0,100
10-22 20:34:50.149 10262 10573 I BatteryMgr:DataCollectionService: stats => 1697999690149,98,4308,-125,0,100
10-22 20:34:50.259 10262 10573 I BatteryMgr:DataCollectionService: stats => 1697999690259,98,4308,-125,0,100
10-22 20:34:50.275  3957  9632 D ConnectivityService: filterNetworkStateForUid() uid: 10169 networkInfo: [type: WIFI[] - WIFI, state: CONNECTED/CONNECTED, reason: (unspecified), extra: "ourhome", failover: false, available: true, roaming: false, metered: false]
10-22 20:34:50.275  3957  9632 D WifiService: getConnectionInfo uid=1000
10-22 20:34:50.364 10262 10573 I BatteryMgr:DataCollectionService: stats => 1697999690364,98,4308,-125,0,100
10-22 20:34:50.471 10262 10573 I BatteryMgr:DataCollectionService: stats => 1697999690471,-237,4308,-182,0,100
10-22 20:34:50.578 10262 10573 I BatteryMgr:DataCollectionService: stats => 1697999690578,-237,4308,-182,0,100
10-22 20:34:50.684 10262 10573 I BatteryMgr:DataCollectionService: stats => 1697999690684,-237,4308,-182,0,100
10-22 20:34:50.790 10262 10573 I BatteryMgr:DataCollectionService: stats => 1697999690790,-237,4308,-182,0,100
10-22 20:34:50.873  3957  4128 D WifiService: getConnectionInfo uid=1000
10-22 20:34:50.896 10262 10573 I BatteryMgr:DataCollectionService: stats => 1697999690895,-237,4308,-182,0,100
10-22 20:34:50.957  3957  6478 D SSRM:k  : SIOP:: AP = 440, PST = 388 (W:10), BAT = 328, USB = 0, CHG = 0
10-22 20:34:50.993  3957  9632 D BatteryService: !@BatteryListener : batteryPropertiesChanged!
10-22 20:34:51.006 10262 10573 I BatteryMgr:DataCollectionService: stats => 1697999691006,-237,4308,-182,0,100
10-22 20:34:51.014  3957  4129 D WifiStateMachine:  ConnectedState !RSSI_PKTCNT_FETCH uid=1000 rt=606097598/1662073070 0 0 "ourhome" f4:6d:2f:12:cc:88 rssi=-44 f=5240 sc=60 link=433 tx=87.9, 3.4, 0.0  rx=98.5 bcn=624662 [on:0 tx:0 rx:0 period:999] from screen [on:882130 period:4634681] score=60
10-22 20:34:51.015  3957  4129 D WifiStateMachine:  L2ConnectedState !RSSI_PKTCNT_FETCH uid=1000 rt=606097599/1662073072 0 0 "ourhome" f4:6d:2f:12:cc:88 rssi=-44 f=5240 sc=60 link=433 tx=87.9, 3.4, 0.0  rx=98.5 bcn=624662 [on:0 tx:0 rx:0 period:2] from screen [on:882130 period:4634683] score=60
10-22 20:34:51.021  3957  4129 D WifiStateMachine: fetchRssiLinkSpeedAndFrequencyNative rssi=-45 linkspeed=433 freq=5240
10-22 20:34:51.022  3957  4129 V WifiConfigManager: Updating scan detail cache freq=5240 BSSID=f4:6d:2f:12:cc:88 RSSI=-44 for "ourhome"WPA_PSK
10-22 20:34:51.112 10262 10573 I BatteryMgr:DataCollectionService: stats => 1697999691112,-237,4308,-182,0,100
10-22 20:34:51.218 10262 10573 I BatteryMgr:DataCollectionService: stats => 1697999691218,-237,4308,-182,0,100
10-22 20:34:51.324 10262 10573 I BatteryMgr:DataCollectionService: stats => 1697999691324,-237,4308,-182,0,100
10-22 20:34:51.432 10262 10573 I BatteryMgr:DataCollectionService: stats => 1697999691431,-237,4308,-182,0,100
10-22 20:34:51.457  3957  9632 I ActivityManager: Process com.google.process.gapps (pid 6190) has died: cch  CEM (32,320)
10-22 20:34:51.589  3607  3689 E OMXNodeInstance: !!! Observer died. Quickly, do something, ... anything...
10-22 20:34:51.589  3607  3666 E OMXNodeInstance: !!! Observer died. Quickly, do something, ... anything...
10-22 20:34:51.597  3446  3446 E lowmemorykiller: Error opening /proc/9106/oom_score_adj; errno=2
10-22 20:34:51.608  3957  4654 I ActivityManager: Process com.facebook.katana (pid 9106) has died: cch  CEM (37,313)
10-22 20:34:51.622 10262 10573 I BatteryMgr:DataCollectionService: stats => 1697999691621,-237,4308,-182,0,100
10-22 20:34:51.741 10262 10573 I BatteryMgr:DataCollectionService: stats => 1697999691741,-237,4308,-182,0,100
10-22 20:34:51.816  3957  4654 D ConnectivityService: filterNetworkStateForUid() uid: 10169 networkInfo: [type: WIFI[] - WIFI, state: CONNECTED/CONNECTED, reason: (unspecified), extra: "ourhome", failover: false, available: true, roaming: false, metered: false]
10-22 20:34:51.818  3957  4654 D WifiService: getConnectionInfo uid=1000
10-22 20:34:51.845 10262 10573 I BatteryMgr:DataCollectionService: stats => 1697999691845,-237,4308,-182,0,100
10-22 20:34:51.875  3957  4128 D WifiService: getConnectionInfo uid=1000
10-22 20:34:51.951 10262 10573 I BatteryMgr:DataCollectionService: stats => 1697999691951,-237,4308,-182,0,100
10-22 20:34:52.027  4961  4961 D io_stats: !@ 179,0 r 10473660 344667668 w 2189795 42745464 d 176669 37410368 f 643509 669097 iot 4771504 4108712 th 51200 0 0 pt 0 inp 1 0 606098.612
10-22 20:34:52.033  3957  4129 D WifiStateMachine:  ConnectedState !RSSI_PKTCNT_FETCH uid=1000 rt=606098615/1662074088 0 0 "ourhome" f4:6d:2f:12:cc:88 rssi=-45 f=5240 sc=60 link=433 tx=87.9, 3.4, 0.0  rx=98.5 bcn=624662 [on:0 tx:0 rx:0 period:1017] from screen [on:882130 period:4635700] score=60
10-22 20:34:52.035  3957  4129 D WifiStateMachine:  L2ConnectedState !RSSI_PKTCNT_FETCH uid=1000 rt=606098619/1662074092 0 0 "ourhome" f4:6d:2f:12:cc:88 rssi=-45 f=5240 sc=60 link=433 tx=87.9, 3.4, 0.0  rx=98.5 bcn=624662 [on:0 tx:0 rx:0 period:3] from screen [on:882130 period:4635703] score=60
10-22 20:34:52.049  3957  4129 D WifiStateMachine: fetchRssiLinkSpeedAndFrequencyNative rssi=-44 linkspeed=433 freq=5240
10-22 20:34:52.049  3957  4129 V WifiConfigManager: Updating scan detail cache freq=5240 BSSID=f4:6d:2f:12:cc:88 RSSI=-44 for "ourhome"WPA_PSK
10-22 20:34:52.058 10262 10573 I BatteryMgr:DataCollectionService: stats => 1697999692058,-237,4308,-182,0,100
10-22 20:34:52.169 10262 10573 I BatteryMgr:DataCollectionService: stats => 1697999692169,-237,4308,-182,0,100
10-22 20:34:52.270  3957  4654 D ConnectivityService: filterNetworkStateForUid() uid: 10169 networkInfo: [type: WIFI[] - WIFI, state: CONNECTED/CONNECTED, reason: (unspecified), extra: "ourhome", failover: false, available: true, roaming: false, metered: false]
10-22 20:34:52.270  3957  4654 D WifiService: getConnectionInfo uid=1000
10-22 20:34:52.278 10262 10573 I BatteryMgr:DataCollectionService: stats => 1697999692277,-237,4308,-182,0,100
10-22 20:34:52.384 10262 10573 I BatteryMgr:DataCollectionService: stats => 1697999692384,-237,4308,-182,0,100
10-22 20:34:52.403  3957  4030 D SensorService: [SO] 0.220 -0.120 9.965
10-22 20:34:52.490 10262 10573 I BatteryMgr:DataCollectionService: stats => 1697999692490,-237,4308,-182,0,100
10-22 20:34:52.595 10262 10573 I BatteryMgr:DataCollectionService: stats => 1697999692595,-237,4308,-182,0,100
10-22 20:34:52.673  3957  4129 D WifiStateMachine:  ConnectedState !CMD_RSSI_POLL rt=606099258/1662074730 122 0 "ourhome" f4:6d:2f:12:cc:88 rssi=-44 f=5240 sc=60 link=433 tx=87.9, 3.4, 0.0  rx=98.5 bcn=624662 [on:0 tx:0 rx:0 period:638] from screen [on:882130 period:4636341] score=60
10-22 20:34:52.675  3957  4129 D WifiStateMachine:  L2ConnectedState !CMD_RSSI_POLL rt=606099259/1662074731 122 0 "ourhome" f4:6d:2f:12:cc:88 rssi=-44 f=5240 sc=60 link=433 tx=87.9, 3.4, 0.0  rx=98.5 bcn=624662 [on:0 tx:0 rx:0 period:2] from screen [on:882130 period:4636343] score=60
10-22 20:34:52.675  3957  4129 D WifiStateMachine:  get link layer stats 3
10-22 20:34:52.677  3436  3436 I android.hardware.wifi@1.0-service: getLinkLayerStats
10-22 20:34:52.701 10262 10573 I BatteryMgr:DataCollectionService: stats => 1697999692701,-237,4308,-182,0,100
10-22 20:34:52.708  3957  4129 D WifiStateMachine: fetchRssiLinkSpeedAndFrequencyNative rssi=-44 linkspeed=433 freq=5240
10-22 20:34:52.709  3957  4129 V WifiConfigManager: Updating scan detail cache freq=5240 BSSID=f4:6d:2f:12:cc:88 RSSI=-44 for "ourhome"WPA_PSK
10-22 20:34:52.740  4340  4340 E SignalClusterView: setSlotFocusVisible : subId -2
10-22 20:34:52.741  4340  4340 E SignalClusterView: setSlotFocusVisible : subId -2
10-22 20:34:52.807 10262 10573 I BatteryMgr:DataCollectionService: stats => 1697999692807,-237,4308,-182,0,100
10-22 20:34:52.878  3957  4128 D WifiService: getConnectionInfo uid=1000
10-22 20:34:52.914 10262 10573 I BatteryMgr:DataCollectionService: stats => 1697999692914,-237,4308,-182,0,100
10-22 20:34:53.020  3957  4129 D WifiStateMachine:  ConnectedState !RSSI_PKTCNT_FETCH uid=1000 rt=606099605/1662075077 0 0 "ourhome" f4:6d:2f:12:cc:88 rssi=-44 f=5240 sc=60 link=433 tx=31.9, 1.2, 0.0  rx=39.6 bcn=624691 [on:0 tx:0 rx:0 period:297] from screen [on:882440 period:4636688] score=60
10-22 20:34:53.022 10262 10573 I BatteryMgr:DataCollectionService: stats => 1697999693021,-237,4308,-182,0,100
10-22 20:34:53.022  3957  4129 D WifiStateMachine:  L2ConnectedState !RSSI_PKTCNT_FETCH uid=1000 rt=606099606/1662075079 0 0 "ourhome" f4:6d:2f:12:cc:88 rssi=-44 f=5240 sc=60 link=433 tx=31.9, 1.2, 0.0  rx=39.6 bcn=624691 [on:0 tx:0 rx:0 period:2] from screen [on:882440 period:4636690] score=60
10-22 20:34:53.029  3957  4129 D WifiStateMachine: fetchRssiLinkSpeedAndFrequencyNative rssi=-44 linkspeed=433 freq=5240
10-22 20:34:53.029  3957  4129 V WifiConfigManager: Updating scan detail cache freq=5240 BSSID=f4:6d:2f:12:cc:88 RSSI=-44 for "ourhome"WPA_PSK
10-22 20:34:53.128 10262 10573 I BatteryMgr:DataCollectionService: stats => 1697999693128,-237,4308,-182,0,100
10-22 20:34:53.233 10262 10573 I BatteryMgr:DataCollectionService: stats => 1697999693233,-237,4308,-182,0,100
10-22 20:34:53.339 10262 10573 I BatteryMgr:DataCollectionService: stats => 1697999693339,-237,4308,-182,0,100
10-22 20:34:53.445 10262 10573 I BatteryMgr:DataCollectionService: stats => 1697999693445,-237,4308,-182,0,100
10-22 20:34:53.551 10262 10573 I BatteryMgr:DataCollectionService: stats => 1697999693551,-237,4308,-182,0,100
10-22 20:34:53.656 10262 10573 I BatteryMgr:DataCollectionService: stats => 1697999693656,-237,4308,-182,0,100
10-22 20:34:53.683  6413  6468 D ScanRecord: Not a Multi Manu data
10-22 20:34:53.762  6413  6468 I chatty  : uid=1002(bluetooth) BT Service Call identical 180 lines
10-22 20:34:53.762  6413  6468 D ScanRecord: Not a Multi Manu data
10-22 20:34:53.765 10262 10573 I BatteryMgr:DataCollectionService: stats => 1697999693764,-237,4308,-182,0,100
10-22 20:34:53.773  6413  6468 D ScanRecord: Not a Multi Manu data
10-22 20:34:53.870  6413  6468 I chatty  : uid=1002(bluetooth) BT Service Call identical 180 lines
10-22 20:34:53.870  6413  6468 D ScanRecord: Not a Multi Manu data
10-22 20:34:53.871 10262 10573 I BatteryMgr:DataCollectionService: stats => 1697999693871,-237,4308,-182,0,100
10-22 20:34:53.879  3957  4128 D WifiService: getConnectionInfo uid=1000
10-22 20:34:53.896  6413  6468 D ScanRecord: Not a Multi Manu data
10-22 20:34:53.918  6413  6468 I chatty  : uid=1002(bluetooth) BT Service Call identical 50 lines
10-22 20:34:53.918  6413  6468 D ScanRecord: Not a Multi Manu data
10-22 20:34:53.921  6413  6425 I zygote64: Background concurrent copying GC freed 49926(1455KB) AllocSpace objects, 0(0B) LOS objects, 70% free, 634KB/2MB, paused 9.684ms total 100.962ms
10-22 20:34:53.932  6413  6468 D ScanRecord: Not a Multi Manu data
10-22 20:34:53.972  6413  6468 I chatty  : uid=1002(bluetooth) BT Service Call identical 76 lines
10-22 20:34:53.972  6413  6468 D ScanRecord: Not a Multi Manu data
10-22 20:34:53.976 10262 10573 I BatteryMgr:DataCollectionService: stats => 1697999693975,-237,4308,-182,0,100
10-22 20:34:53.976  6413  6468 D ScanRecord: Not a Multi Manu data
10-22 20:34:54.017  6413  6468 I chatty  : uid=1002(bluetooth) BT Service Call identical 102 lines
10-22 20:34:54.017  6413  6468 D ScanRecord: Not a Multi Manu data
10-22 20:34:54.022  3957  4129 D WifiStateMachine:  ConnectedState !RSSI_PKTCNT_FETCH uid=1000 rt=606100607/1662076079 0 0 "ourhome" f4:6d:2f:12:cc:88 rssi=-44 f=5240 sc=60 link=433 tx=31.9, 1.2, 0.0  rx=39.6 bcn=624691 [on:0 tx:0 rx:0 period:1000] from screen [on:882440 period:4637690] score=60
10-22 20:34:54.024  3957  4129 D WifiStateMachine:  L2ConnectedState !RSSI_PKTCNT_FETCH uid=1000 rt=606100608/1662076081 0 0 "ourhome" f4:6d:2f:12:cc:88 rssi=-44 f=5240 sc=60 link=433 tx=31.9, 1.2, 0.0  rx=39.6 bcn=624691 [on:0 tx:0 rx:0 period:1] from screen [on:882440 period:4637691] score=60
10-22 20:34:54.025  3957  4129 D WifiStateMachine: fetchRssiLinkSpeedAndFrequencyNative rssi=-47 linkspeed=433 freq=5240
10-22 20:34:54.025  3957  4129 V WifiConfigManager: Updating scan detail cache freq=5240 BSSID=f4:6d:2f:12:cc:88 RSSI=-45 for "ourhome"WPA_PSK
10-22 20:34:54.038  6413  6468 D ScanRecord: Not a Multi Manu data
10-22 20:34:54.077  6413  6468 I chatty  : uid=1002(bluetooth) BT Service Call identical 89 lines
10-22 20:34:54.077  6413  6468 D ScanRecord: Not a Multi Manu data
10-22 20:34:54.080 10262 10573 I BatteryMgr:DataCollectionService: stats => 1697999694080,-237,4308,-182,0,100
10-22 20:34:54.081  6413  6468 D ScanRecord: Not a Multi Manu data
10-22 20:34:54.167  6413  6468 I chatty  : uid=1002(bluetooth) BT Service Call identical 245 lines
10-22 20:34:54.167  6413  6468 D ScanRecord: Not a Multi Manu data
10-22 20:34:54.187 10262 10573 I BatteryMgr:DataCollectionService: stats => 1697999694187,-237,4308,-182,0,100
10-22 20:34:54.292 10262 10573 I BatteryMgr:DataCollectionService: stats => 1697999694292,-237,4308,-182,0,100
10-22 20:34:54.397 10262 10573 I BatteryMgr:DataCollectionService: stats => 1697999694397,-237,4308,-182,0,100
10-22 20:34:54.504 10262 10573 I BatteryMgr:DataCollectionService: stats => 1697999694504,-237,4308,-182,0,100
10-22 20:34:54.608 10262 10573 I BatteryMgr:DataCollectionService: stats => 1697999694608,-237,4308,-182,0,100
10-22 20:34:54.660 10307 10516 I SessionStorage/AutoSave: Save: Periodic
10-22 20:34:54.714 10262 10573 I BatteryMgr:DataCollectionService: stats => 1697999694714,-237,4308,-182,0,100
10-22 20:34:54.820 10262 10573 I BatteryMgr:DataCollectionService: stats => 1697999694820,-237,4308,-182,0,100
10-22 20:34:54.880  3957  4128 D WifiService: getConnectionInfo uid=1000
10-22 20:34:54.925 10262 10573 I BatteryMgr:DataCollectionService: stats => 1697999694925,-237,4308,-182,0,100
10-22 20:34:54.992 10262 10273 I zygote64: Background concurrent copying GC freed 25353(1132KB) AllocSpace objects, 0(0B) LOS objects, 67% free, 740KB/2MB, paused 5.174ms total 65.629ms
10-22 20:34:55.023  3957  4129 D WifiStateMachine:  ConnectedState !RSSI_PKTCNT_FETCH uid=1000 rt=606101608/1662077081 0 0 "ourhome" f4:6d:2f:12:cc:88 rssi=-47 f=5240 sc=60 link=433 tx=31.9, 1.2, 0.0  rx=39.6 bcn=624691 [on:0 tx:0 rx:0 period:1000] from screen [on:882440 period:4638691] score=60
10-22 20:34:55.025  3957  4129 D WifiStateMachine:  L2ConnectedState !RSSI_PKTCNT_FETCH uid=1000 rt=606101609/1662077082 0 0 "ourhome" f4:6d:2f:12:cc:88 rssi=-47 f=5240 sc=60 link=433 tx=31.9, 1.2, 0.0  rx=39.6 bcn=624691 [on:0 tx:0 rx:0 period:1] from screen [on:882440 period:4638692] score=60
10-22 20:34:55.030  3957  4129 D WifiStateMachine: fetchRssiLinkSpeedAndFrequencyNative rssi=-45 linkspeed=433 freq=5240
10-22 20:34:55.030  3957  4129 V WifiConfigManager: Updating scan detail cache freq=5240 BSSID=f4:6d:2f:12:cc:88 RSSI=-45 for "ourhome"WPA_PSK
10-22 20:34:55.031 10262 10573 I BatteryMgr:DataCollectionService: stats => 1697999695030,-237,4308,-182,0,100
10-22 20:34:55.137 10262 10573 I BatteryMgr:DataCollectionService: stats => 1697999695136,-237,4308,-182,0,100
10-22 20:34:55.245 10262 10573 I BatteryMgr:DataCollectionService: stats => 1697999695245,-237,4308,-182,0,100
10-22 20:34:55.350 10262 10573 I BatteryMgr:DataCollectionService: stats => 1697999695350,-237,4308,-182,0,100
10-22 20:34:55.457 10262 10573 I BatteryMgr:DataCollectionService: stats => 1697999695457,-237,4308,-182,0,100
10-22 20:34:55.561 10262 10573 I BatteryMgr:DataCollectionService: stats => 1697999695561,-237,4308,-182,0,100
10-22 20:34:55.676 10262 10573 I BatteryMgr:DataCollectionService: stats => 1697999695676,-237,4308,-182,0,100
10-22 20:34:55.711  3957  4129 D WifiStateMachine:  ConnectedState !CMD_RSSI_POLL rt=606102296/1662077768 122 0 "ourhome" f4:6d:2f:12:cc:88 rssi=-45 f=5240 sc=60 link=433 tx=31.9, 1.2, 0.0  rx=39.6 bcn=624691 [on:0 tx:0 rx:0 period:687] from screen [on:882440 period:4639379] score=60
10-22 20:34:55.712  3957  4129 D WifiStateMachine:  L2ConnectedState !CMD_RSSI_POLL rt=606102297/1662077769 122 0 "ourhome" f4:6d:2f:12:cc:88 rssi=-45 f=5240 sc=60 link=433 tx=31.9, 1.2, 0.0  rx=39.6 bcn=624691 [on:0 tx:0 rx:0 period:1] from screen [on:882440 period:4639380] score=60
10-22 20:34:55.712  3957  4129 D WifiStateMachine:  get link layer stats 3
10-22 20:34:55.712  3436  3436 I android.hardware.wifi@1.0-service: getLinkLayerStats
10-22 20:34:55.730  3957  4129 D WifiStateMachine: fetchRssiLinkSpeedAndFrequencyNative rssi=-45 linkspeed=433 freq=5240
10-22 20:34:55.730  3957  4129 V WifiConfigManager: Updating scan detail cache freq=5240 BSSID=f4:6d:2f:12:cc:88 RSSI=-45 for "ourhome"WPA_PSK
10-22 20:34:55.734  4340  4340 E SignalClusterView: setSlotFocusVisible : subId -2
10-22 20:34:55.734  4340  4340 E SignalClusterView: setSlotFocusVisible : subId -2
10-22 20:34:55.781 10262 10573 I BatteryMgr:DataCollectionService: stats => 1697999695781,-237,4308,-182,0,100
10-22 20:34:55.883  3957  4128 D WifiService: getConnectionInfo uid=1000
10-22 20:34:55.889 10262 10573 I BatteryMgr:DataCollectionService: stats => 1697999695889,-237,4308,-182,0,100
10-22 20:34:55.996 10262 10573 I BatteryMgr:DataCollectionService: stats => 1697999695996,-237,4308,-182,0,100
10-22 20:34:56.025  3957  4129 D WifiStateMachine:  ConnectedState !RSSI_PKTCNT_FETCH uid=1000 rt=606102609/1662078081 0 0 "ourhome" f4:6d:2f:12:cc:88 rssi=-45 f=5240 sc=60 link=433 tx=11.7, 0.4, 0.0  rx=24.6 bcn=624720 [on:0 tx:0 rx:0 period:292] from screen [on:882604 period:4639692] score=60
10-22 20:34:56.029  3957  4129 D WifiStateMachine:  L2ConnectedState !RSSI_PKTCNT_FETCH uid=1000 rt=606102610/1662078083 0 0 "ourhome" f4:6d:2f:12:cc:88 rssi=-45 f=5240 sc=60 link=433 tx=11.7, 0.4, 0.0  rx=24.6 bcn=624720 [on:0 tx:0 rx:0 period:5] from screen [on:882604 period:4639697] score=60
10-22 20:34:56.035  3957  4129 D WifiStateMachine: fetchRssiLinkSpeedAndFrequencyNative rssi=-44 linkspeed=433 freq=5240
10-22 20:34:56.036  3957  4129 V WifiConfigManager: Updating scan detail cache freq=5240 BSSID=f4:6d:2f:12:cc:88 RSSI=-44 for "ourhome"WPA_PSK
10-22 20:34:56.103 10262 10573 I BatteryMgr:DataCollectionService: stats => 1697999696103,-237,4308,-182,0,100
10-22 20:34:56.210 10262 10573 I BatteryMgr:DataCollectionService: stats => 1697999696210,-237,4308,-182,0,100
10-22 20:34:56.315 10262 10573 I BatteryMgr:DataCollectionService: stats => 1697999696315,-237,4308,-182,0,100
10-22 20:34:56.422 10262 10573 I BatteryMgr:DataCollectionService: stats => 1697999696422,-237,4308,-182,0,100
10-22 20:34:56.528 10262 10573 I BatteryMgr:DataCollectionService: stats => 1697999696528,-237,4308,-182,0,100
10-22 20:34:56.633 10262 10573 I BatteryMgr:DataCollectionService: stats => 1697999696633,-237,4308,-182,0,100
10-22 20:34:56.738 10262 10573 I BatteryMgr:DataCollectionService: stats => 1697999696738,-237,4308,-182,0,100
10-22 20:34:56.844 10262 10573 I BatteryMgr:DataCollectionService: stats => 1697999696844,-237,4308,-182,0,100
10-22 20:34:56.885  3957  4128 D WifiService: getConnectionInfo uid=1000
10-22 20:34:56.953 10262 10573 I BatteryMgr:DataCollectionService: stats => 1697999696953,-237,4308,-182,0,100
10-22 20:34:57.026  3957  4129 D WifiStateMachine:  ConnectedState !RSSI_PKTCNT_FETCH uid=1000 rt=606103610/1662079082 0 0 "ourhome" f4:6d:2f:12:cc:88 rssi=-44 f=5240 sc=60 link=433 tx=11.7, 0.4, 0.0  rx=24.6 bcn=624720 [on:0 tx:0 rx:0 period:997] from screen [on:882604 period:4640694] score=60
10-22 20:34:57.028  3957  4129 D WifiStateMachine:  L2ConnectedState !RSSI_PKTCNT_FETCH uid=1000 rt=606103612/1662079084 0 0 "ourhome" f4:6d:2f:12:cc:88 rssi=-44 f=5240 sc=60 link=433 tx=11.7, 0.4, 0.0  rx=24.6 bcn=624720 [on:0 tx:0 rx:0 period:2] from screen [on:882604 period:4640696] score=60
10-22 20:34:57.030  4961  4961 D io_stats: !@ 179,0 r 10476323 344727220 w 2189809 42745632 d 176670 37410452 f 643510 669098 iot 4772172 4109295 th 51200 0 0 pt 0 inp 0 0 606103.615
10-22 20:34:57.034  3957  4129 D WifiStateMachine: fetchRssiLinkSpeedAndFrequencyNative rssi=-44 linkspeed=433 freq=5240
10-22 20:34:57.034  3957  4129 V WifiConfigManager: Updating scan detail cache freq=5240 BSSID=f4:6d:2f:12:cc:88 RSSI=-44 for "ourhome"WPA_PSK
10-22 20:34:57.063 10262 10573 I BatteryMgr:DataCollectionService: stats => 1697999697063,-237,4308,-182,0,100
10-22 20:34:57.170 10262 10573 I BatteryMgr:DataCollectionService: stats => 1697999697170,-237,4308,-182,0,100
10-22 20:34:57.280 10262 10573 I BatteryMgr:DataCollectionService: stats => 1697999697280,-237,4308,-182,0,100
10-22 20:34:57.388 10262 10573 I BatteryMgr:DataCollectionService: stats => 1697999697387,-237,4308,-182,0,100
10-22 20:34:57.498 10262 10573 I BatteryMgr:DataCollectionService: stats => 1697999697498,-237,4308,-182,0,100
10-22 20:34:57.606 10262 10573 I BatteryMgr:DataCollectionService: stats => 1697999697606,-237,4308,-182,0,100
10-22 20:34:57.715 10262 10573 I BatteryMgr:DataCollectionService: stats => 1697999697715,-237,4308,-182,0,100
10-22 20:34:57.828 10262 10573 I BatteryMgr:DataCollectionService: stats => 1697999697827,-237,4308,-182,0,100
10-22 20:34:57.887  3957  4128 D WifiService: getConnectionInfo uid=1000
10-22 20:34:57.935 10262 10573 I BatteryMgr:DataCollectionService: stats => 1697999697935,-237,4308,-182,0,100
10-22 20:34:58.028  3957  4129 D WifiStateMachine:  ConnectedState !RSSI_PKTCNT_FETCH uid=1000 rt=606104612/1662080084 0 0 "ourhome" f4:6d:2f:12:cc:88 rssi=-44 f=5240 sc=60 link=433 tx=11.7, 0.4, 0.0  rx=24.6 bcn=624720 [on:0 tx:0 rx:0 period:999] from screen [on:882604 period:4641695] score=60
10-22 20:34:58.029  3957  4129 D WifiStateMachine:  L2ConnectedState !RSSI_PKTCNT_FETCH uid=1000 rt=606104613/1662080086 0 0 "ourhome" f4:6d:2f:12:cc:88 rssi=-44 f=5240 sc=60 link=433 tx=11.7, 0.4, 0.0  rx=24.6 bcn=624720 [on:0 tx:0 rx:0 period:2] from screen [on:882604 period:4641697] score=60
10-22 20:34:58.030  3957  4129 D WifiStateMachine: fetchRssiLinkSpeedAndFrequencyNative rssi=-45 linkspeed=433 freq=5240
10-22 20:34:58.030  3957  4129 V WifiConfigManager: Updating scan detail cache freq=5240 BSSID=f4:6d:2f:12:cc:88 RSSI=-44 for "ourhome"WPA_PSK
10-22 20:34:58.045 10262 10573 I BatteryMgr:DataCollectionService: stats => 1697999698045,-237,4308,-182,0,100
10-22 20:34:58.149 10262 10573 I BatteryMgr:DataCollectionService: stats => 1697999698149,-237,4308,-182,0,100
10-22 20:34:58.259 10262 10573 I BatteryMgr:DataCollectionService: stats => 1697999698259,-237,4308,-182,0,100
10-22 20:34:58.366 10262 10573 I BatteryMgr:DataCollectionService: stats => 1697999698366,-237,4308,-182,0,100
10-22 20:34:58.472 10262 10573 I BatteryMgr:DataCollectionService: stats => 1697999698471,-237,4308,-182,0,100
10-22 20:34:58.579 10262 10573 I BatteryMgr:DataCollectionService: stats => 1697999698579,-237,4308,-182,0,100
10-22 20:34:58.682  6413  6468 D ScanRecord: Not a Multi Manu data
10-22 20:34:58.687  6413  6468 I chatty  : uid=1002(bluetooth) BT Service Call identical 24 lines
10-22 20:34:58.687  6413  6468 D ScanRecord: Not a Multi Manu data
10-22 20:34:58.689 10262 10573 I BatteryMgr:DataCollectionService: stats => 1697999698689,-237,4308,-182,0,100
10-22 20:34:58.695  6413  6468 D ScanRecord: Not a Multi Manu data
10-22 20:34:58.733  6413  6468 I chatty  : uid=1002(bluetooth) BT Service Call identical 76 lines
10-22 20:34:58.733  6413  6468 D ScanRecord: Not a Multi Manu data
10-22 20:34:58.733  3957  4129 D WifiStateMachine:  ConnectedState !CMD_RSSI_POLL rt=606105316/1662080789 122 0 "ourhome" f4:6d:2f:12:cc:88 rssi=-45 f=5240 sc=60 link=433 tx=11.7, 0.4, 0.0  rx=24.6 bcn=624720 [on:0 tx:0 rx:0 period:704] from screen [on:882604 period:4642401] score=60
10-22 20:34:58.734  3957  4129 D WifiStateMachine:  L2ConnectedState !CMD_RSSI_POLL rt=606105318/1662080791 122 0 "ourhome" f4:6d:2f:12:cc:88 rssi=-45 f=5240 sc=60 link=433 tx=11.7, 0.4, 0.0  rx=24.6 bcn=624720 [on:0 tx:0 rx:0 period:1] from screen [on:882604 period:4642402] score=60
10-22 20:34:58.734  3957  4129 D WifiStateMachine:  get link layer stats 3
10-22 20:34:58.735  3436  3436 I android.hardware.wifi@1.0-service: getLinkLayerStats
10-22 20:34:58.737  3957  4129 D WifiStateMachine: fetchRssiLinkSpeedAndFrequencyNative rssi=-45 linkspeed=433 freq=5240
10-22 20:34:58.737  3957  4129 V WifiConfigManager: Updating scan detail cache freq=5240 BSSID=f4:6d:2f:12:cc:88 RSSI=-44 for "ourhome"WPA_PSK
10-22 20:34:58.741  4340  4340 E SignalClusterView: setSlotFocusVisible : subId -2
10-22 20:34:58.741  4340  4340 E SignalClusterView: setSlotFocusVisible : subId -2
10-22 20:34:58.749  6413  6468 D ScanRecord: Not a Multi Manu data
10-22 20:34:58.798  6413  6468 I chatty  : uid=1002(bluetooth) BT Service Call identical 115 lines
10-22 20:34:58.798  6413  6468 D ScanRecord: Not a Multi Manu data
10-22 20:34:58.798 10262 10573 I BatteryMgr:DataCollectionService: stats => 1697999698798,-237,4308,-182,0,100
10-22 20:34:58.801  6413  6468 D ScanRecord: Not a Multi Manu data
10-22 20:34:58.879  6413  6468 I chatty  : uid=1002(bluetooth) BT Service Call identical 180 lines
10-22 20:34:58.879  6413  6468 D ScanRecord: Not a Multi Manu data
10-22 20:34:58.889  3957  4128 D WifiService: getConnectionInfo uid=1000
10-22 20:34:58.893  6413  6468 D ScanRecord: Not a Multi Manu data
10-22 20:34:58.894  6413  6468 I chatty  : uid=1002(bluetooth) BT Service Call identical 24 lines
10-22 20:34:58.894  6413  6468 D ScanRecord: Not a Multi Manu data
10-22 20:34:58.905 10262 10573 I BatteryMgr:DataCollectionService: stats => 1697999698905,-237,4308,-182,0,100
10-22 20:34:58.914  6413  6468 D ScanRecord: Not a Multi Manu data
10-22 20:34:59.007  6413  6468 I chatty  : uid=1002(bluetooth) BT Service Call identical 232 lines
10-22 20:34:59.007  6413  6468 D ScanRecord: Not a Multi Manu data
10-22 20:34:59.012 10262 10573 I BatteryMgr:DataCollectionService: stats => 1697999699012,-237,4308,-182,0,100
10-22 20:34:59.015  6413  6468 D ScanRecord: Not a Multi Manu data
10-22 20:34:59.026  6413  6468 I chatty  : uid=1002(bluetooth) BT Service Call identical 37 lines
10-22 20:34:59.026  6413  6468 D ScanRecord: Not a Multi Manu data
10-22 20:34:59.029  3957  4129 D WifiStateMachine:  ConnectedState !RSSI_PKTCNT_FETCH uid=1000 rt=606105613/1662081085 0 0 "ourhome" f4:6d:2f:12:cc:88 rssi=-45 f=5240 sc=60 link=433 tx=10.0, 0.2, 0.0  rx=16.0 bcn=624748 [on:0 tx:0 rx:0 period:290] from screen [on:883370 period:4642697] score=60
10-22 20:34:59.030  3957  4129 D WifiStateMachine:  L2ConnectedState !RSSI_PKTCNT_FETCH uid=1000 rt=606105615/1662081087 0 0 "ourhome" f4:6d:2f:12:cc:88 rssi=-45 f=5240 sc=60 link=433 tx=10.0, 0.2, 0.0  rx=16.0 bcn=624748 [on:0 tx:0 rx:0 period:1] from screen [on:883370 period:4642698] score=60
10-22 20:34:59.031  3957  4129 D WifiStateMachine: fetchRssiLinkSpeedAndFrequencyNative rssi=-45 linkspeed=433 freq=5240
10-22 20:34:59.031  3957  4129 V WifiConfigManager: Updating scan detail cache freq=5240 BSSID=f4:6d:2f:12:cc:88 RSSI=-44 for "ourhome"WPA_PSK
10-22 20:34:59.039  6413  6468 D ScanRecord: Not a Multi Manu data
10-22 20:34:59.112  6413  6468 I chatty  : uid=1002(bluetooth) BT Service Call identical 167 lines
10-22 20:34:59.112  6413  6468 D ScanRecord: Not a Multi Manu data
10-22 20:34:59.117 10262 10573 I BatteryMgr:DataCollectionService: stats => 1697999699117,-237,4308,-182,0,100
10-22 20:34:59.125  6413  6468 D ScanRecord: Not a Multi Manu data
10-22 20:34:59.170  6413  6468 I chatty  : uid=1002(bluetooth) BT Service Call identical 115 lines
10-22 20:34:59.170  6413  6468 D ScanRecord: Not a Multi Manu data
10-22 20:34:59.222 10262 10573 I BatteryMgr:DataCollectionService: stats => 1697999699222,-237,4308,-182,0,100
10-22 20:34:59.331 10262 10573 I BatteryMgr:DataCollectionService: stats => 1697999699331,-237,4308,-182,0,100
10-22 20:34:59.440 10262 10573 I BatteryMgr:DataCollectionService: stats => 1697999699440,-237,4308,-182,0,100
10-22 20:34:59.547 10262 10573 I BatteryMgr:DataCollectionService: stats => 1697999699547,-237,4308,-182,0,100
10-22 20:34:59.658 10262 10573 I BatteryMgr:DataCollectionService: stats => 1697999699658,-237,4308,-182,0,100
10-22 20:34:59.763 10262 10573 I BatteryMgr:DataCollectionService: stats => 1697999699763,-237,4308,-182,0,100
10-22 20:34:59.871 10262 10573 I BatteryMgr:DataCollectionService: stats => 1697999699871,-237,4308,-182,0,100
10-22 20:34:59.892  3957  4128 D WifiService: getConnectionInfo uid=1000
10-22 20:34:59.979 10262 10573 I BatteryMgr:DataCollectionService: stats => 1697999699979,-237,4308,-182,0,100
10-22 20:35:00.009  3957  4045 D SamsungAlarmManager: Expired : 8
10-22 20:35:00.027  3957  4045 V SamsungAlarmManager: Sending to uid : 1000 action=android.intent.action.TIME_TICK alarm=Alarm{65a39b9 type 3 when 1662082058 android}
10-22 20:35:00.029  3957  4129 D WifiStateMachine:  ConnectedState !RSSI_PKTCNT_FETCH uid=1000 rt=606106613/1662082086 0 0 "ourhome" f4:6d:2f:12:cc:88 rssi=-45 f=5240 sc=60 link=433 tx=10.0, 0.2, 0.0  rx=16.0 bcn=624748 [on:0 tx:0 rx:0 period:999] from screen [on:883370 period:4643697] score=60
10-22 20:35:00.031  3957  4129 D WifiStateMachine:  L2ConnectedState !RSSI_PKTCNT_FETCH uid=1000 rt=606106615/1662082087 0 0 "ourhome" f4:6d:2f:12:cc:88 rssi=-45 f=5240 sc=60 link=433 tx=10.0, 0.2, 0.0  rx=16.0 bcn=624748 [on:0 tx:0 rx:0 period:2] from screen [on:883370 period:4643699] score=60
10-22 20:35:00.037  3957  4129 D WifiStateMachine: fetchRssiLinkSpeedAndFrequencyNative rssi=-44 linkspeed=433 freq=5240
10-22 20:35:00.037  3957  4129 V WifiConfigManager: Updating scan detail cache freq=5240 BSSID=f4:6d:2f:12:cc:88 RSSI=-44 for "ourhome"WPA_PSK
10-22 20:35:00.057  3957  4045 V SamsungAlarmManager: Sending to uid : 10074 action=com.samsung.action.EVERY_MINUTE_CLOCK_UPDATE alarm=Alarm{ea90d5f type 1 when 1697999700000 com.sec.android.app.launcher}
10-22 20:35:00.076  6672  6672 I Launcher: onReceive: com.samsung.action.EVERY_MINUTE_CLOCK_UPDATE
10-22 20:35:00.086 10262 10573 I BatteryMgr:DataCollectionService: stats => 1697999700085,-237,4308,-182,0,100
10-22 20:35:00.088  3957  3957 D SamsungAlarmManager: setExact Intent (T:3/F:1/AC:false) 20231022T203600 - CU:1000/CP:3957
10-22 20:35:00.097  4340  4340 D KeyguardUpdateMonitor: received broadcast android.intent.action.TIME_TICK
10-22 20:35:00.101  4340  4340 D KeyguardServiceBoxContainer: refreshTime() 1
10-22 20:35:00.126  3957 14954 D SamsungAlarmManager: setInexact Intent (T:1/F:0/AC:false) 20231022T203600 - CU:10074/CP:6672
10-22 20:35:00.132  6672  6672 I IconView: applyFromShortcutInfo - start GetLive : com.samsung.android.calendar
10-22 20:35:00.134  6672  6672 I BitmapCacheContainer: getBitmapCache: BitmapCache expired com.samsung.android.calendar/UserHandle{0}
10-22 20:35:00.191  6672  6672 D ApplicationPackageManager: we has com.samsung.android.calendar class. reuse it 
10-22 20:35:00.193 10262 10573 I BatteryMgr:DataCollectionService: stats => 1697999700193,-237,4308,-182,0,100
10-22 20:35:00.299 10262 10573 I BatteryMgr:DataCollectionService: stats => 1697999700299,-237,4308,-182,0,100
10-22 20:35:00.355  6672  6672 I ApplicationPackageManager: load= live icon for com.samsung.android.calendar, from overlay = false
10-22 20:35:00.358  6672  6672 I LiveIconManager: getLiveIcon: complete(sync_created)
10-22 20:35:00.359  6672  6672 I IconView: applyFromShortcutInfo - end GetLive : com.samsung.android.calendar
10-22 20:35:00.387  4340  4340 D KeyguardUpdateMonitor: handleStatusBarState( false )
10-22 20:35:00.406 10262 10573 I BatteryMgr:DataCollectionService: stats => 1697999700406,-237,4308,-182,0,100
10-22 20:35:00.409  4340  4340 D KeyguardUpdateMonitor: handleStatusBarState( false )
10-22 20:35:00.417  6672  6672 I IconView: applyFromApplicationInfo - start GetLive : com.sec.android.app.clockpackage
10-22 20:35:00.421  6672  6672 D ApplicationPackageManager: we has com.sec.android.app.clockpackage class. reuse it 
10-22 20:35:00.431  6672  6672 D LiveIconLoader: getLiveIcon was called in ClockPackage
10-22 20:35:00.432  6672  6672 D LiveIconLoader: getLiveIcon res = com.sec.android.app.clockpackage
10-22 20:35:00.437  6672  6672 D LiveIconLoader: stdIconSize : 84 , targetIconSize : 94
10-22 20:35:00.437  6672  6672 D LiveIconLoader: mIconDpi : 320 , mTargetIconDpi : 280
10-22 20:35:00.465  6672  6672 I ApplicationPackageManager: load= live icon for com.sec.android.app.clockpackage, from overlay = false
10-22 20:35:00.467  6672  6672 I LiveIconManager: getLiveIcon: complete(sync_created)
10-22 20:35:00.467  6672  6672 I IconView: applyFromApplicationInfo - end GetLive : com.sec.android.app.clockpackage
10-22 20:35:00.468  6672  6672 I IconView: applyFromApplicationInfo - start GetLive : com.samsung.android.calendar
10-22 20:35:00.468  6672  6672 I IconView: applyFromApplicationInfo - end GetLive : com.samsung.android.calendar
10-22 20:35:00.513 10262 10573 I BatteryMgr:DataCollectionService: stats => 1697999700513,-237,4308,-182,0,100
10-22 20:35:00.619 10262 10573 I BatteryMgr:DataCollectionService: stats => 1697999700619,-237,4308,-182,0,100
10-22 20:35:00.727 10262 10573 I BatteryMgr:DataCollectionService: stats => 1697999700727,-237,4308,-182,0,100
10-22 20:35:00.835 10262 10573 I BatteryMgr:DataCollectionService: stats => 1697999700834,-237,4308,-182,0,100
10-22 20:35:00.894  3957  4128 D WifiService: getConnectionInfo uid=1000
10-22 20:35:00.939 10262 10573 I BatteryMgr:DataCollectionService: stats => 1697999700939,-237,4308,-182,0,100
10-22 20:35:01.031  3957  4129 D WifiStateMachine:  ConnectedState !RSSI_PKTCNT_FETCH uid=1000 rt=606107615/1662083088 0 0 "ourhome" f4:6d:2f:12:cc:88 rssi=-44 f=5240 sc=60 link=433 tx=10.0, 0.2, 0.0  rx=16.0 bcn=624748 [on:0 tx:0 rx:0 period:1000] from screen [on:883370 period:4644699] score=60
10-22 20:35:01.032  3957  4129 D WifiStateMachine:  L2ConnectedState !RSSI_PKTCNT_FETCH uid=1000 rt=606107616/1662083089 0 0 "ourhome" f4:6d:2f:12:cc:88 rssi=-44 f=5240 sc=60 link=433 tx=10.0, 0.2, 0.0  rx=16.0 bcn=624748 [on:0 tx:0 rx:0 period:1] from screen [on:883370 period:4644700] score=60
10-22 20:35:01.038  3957  4129 D WifiStateMachine: fetchRssiLinkSpeedAndFrequencyNative rssi=-44 linkspeed=433 freq=5240
10-22 20:35:01.038  3957  4129 V WifiConfigManager: Updating scan detail cache freq=5240 BSSID=f4:6d:2f:12:cc:88 RSSI=-44 for "ourhome"WPA_PSK
10-22 20:35:01.039  3957  6478 D SSRM:k  : SIOP:: AP = 450, PST = 395 (W:10), BAT = 328, USB = 0, CHG = 0
10-22 20:35:01.045 10262 10573 I BatteryMgr:DataCollectionService: stats => 1697999701045,-104,4308,-204,0,100
10-22 20:35:01.113  3957  6478 D WifiService: getConnectionInfo uid=1000
10-22 20:35:01.151 10262 10573 I BatteryMgr:DataCollectionService: stats => 1697999701151,-104,4308,-204,0,100
10-22 20:35:01.259 10262 10573 I BatteryMgr:DataCollectionService: stats => 1697999701259,-104,4308,-204,0,100
10-22 20:35:01.365 10262 10573 I BatteryMgr:DataCollectionService: stats => 1697999701364,-104,4308,-204,0,100
10-22 20:35:01.471 10262 10573 I BatteryMgr:DataCollectionService: stats => 1697999701470,-104,4308,-204,0,100
10-22 20:35:01.503  3957  9632 D BatteryService: !@BatteryListener : batteryPropertiesChanged!
10-22 20:35:01.577 10262 10573 I BatteryMgr:DataCollectionService: stats => 1697999701576,-104,4308,-204,0,100
10-22 20:35:01.683 10262 10573 I BatteryMgr:DataCollectionService: stats => 1697999701683,-104,4308,-204,0,100
10-22 20:35:01.740  3957  4129 D WifiStateMachine:  ConnectedState !CMD_RSSI_POLL rt=606108324/1662083796 122 0 "ourhome" f4:6d:2f:12:cc:88 rssi=-44 f=5240 sc=60 link=433 tx=10.0, 0.2, 0.0  rx=16.0 bcn=624748 [on:0 tx:0 rx:0 period:708] from screen [on:883370 period:4645408] score=60
10-22 20:35:01.743  3957  4129 D WifiStateMachine:  L2ConnectedState !CMD_RSSI_POLL rt=606108326/1662083799 122 0 "ourhome" f4:6d:2f:12:cc:88 rssi=-44 f=5240 sc=60 link=433 tx=10.0, 0.2, 0.0  rx=16.0 bcn=624748 [on:0 tx:0 rx:0 period:3] from screen [on:883370 period:4645411] score=60
10-22 20:35:01.743  3957  4129 D WifiStateMachine:  get link layer stats 3
10-22 20:35:01.744  3436  3436 I android.hardware.wifi@1.0-service: getLinkLayerStats
10-22 20:35:01.763  3957  4129 D WifiStateMachine: fetchRssiLinkSpeedAndFrequencyNative rssi=-44 linkspeed=433 freq=5240
10-22 20:35:01.764  3957  4129 V WifiConfigManager: Updating scan detail cache freq=5240 BSSID=f4:6d:2f:12:cc:88 RSSI=-44 for "ourhome"WPA_PSK
10-22 20:35:01.771  4340  4340 E SignalClusterView: setSlotFocusVisible : subId -2
10-22 20:35:01.771  4340  4340 E SignalClusterView: setSlotFocusVisible : subId -2
