10-22 20:12:32.453 32597   332 I libglean_ffi: glean_core::upload: New upload task with id 33578b17-7254-4afd-bc78-536d17ff7132 (path: /submit/org-mozilla-fenix/events/1/33578b17-7254-4afd-bc78-536d17ff7132)
10-22 20:12:32.461 32597 32597 V InputMethodManager: Starting input: tba=android.view.inputmethod.EditorInfo@f2e0a88 nm : org.mozilla.fenix ic=null
10-22 20:12:32.463  3957  4554 D ConnectivityService: filterNetworkStateForUid() uid: 10169 networkInfo: [type: WIFI[] - WIFI, state: CONNECTED/CONNECTED, reason: (unspecified), extra: "ourhome", failover: false, available: true, roaming: false, metered: false]
10-22 20:12:32.463  3957  4554 D WifiService: getConnectionInfo uid=1000
10-22 20:12:32.464  3957  4554 I chatty  : uid=1000(system) Binder:3957_5 identical 1 line
10-22 20:12:32.464  3957  4554 D WifiService: getConnectionInfo uid=1000
10-22 20:12:32.464 11094 11094 E adbd    : recv: OPEN 000335bb 00000000 003e:73 68 65 6C 6C 2C 76 32 2C 54 45 52 4D 3D 78 74 65 72 6D 2D 32 35 36 63 6F 6C 6F 72 2C 72 61 77 3A 67 65 74 70 72 6F 70 20 72 6F 2E 62 75 69 6C 64 2E 76 65 72 73 69 6F 6E 2E 73 64 6B 00 
10-22 20:12:32.465 11094 11094 E adbd    : service_to_fd: shell,v2,TERM=xterm-256color,raw:getprop ro.build.version.sdk
10-22 20:12:32.465  3957  4554 D ConnectivityService: filterNetworkStateForUid() uid: 10169 networkInfo: [type: WIFI[] - WIFI, state: CONNECTED/CONNECTED, reason: (unspecified), extra: "ourhome", failover: false, available: true, roaming: false, metered: false]
10-22 20:12:32.465  3957  4554 D WifiService: getConnectionInfo uid=1000
10-22 20:12:32.472  3447  3447 I SurfaceFlinger: Display 0 HWC layers:
10-22 20:12:32.472  3447  3447 I SurfaceFlinger:     type    |    handle    | flag |  format   |   source crop (l,t,r,b)    |         frame       | name 
10-22 20:12:32.472  3447  3447 I SurfaceFlinger: ------------+--------------+------+-----------+----------------------------+---------------------+------
10-22 20:12:32.472  3447  3447 I SurfaceFlinger:      Device | 0x7e9ed37300 | 0000 | RGBA_8888 |   0.0    0.0  720.0 1280.0 |    0    0  720 1280 | org.mozilla.fenix/org.mozilla.fenix.App#0
10-22 20:12:32.472  3447  3447 I SurfaceFlinger:      Device | 0x7ea5024180 | 0000 | RGBA_8888 |   0.0    0.0  720.0 1280.0 |    0    0  720 1280 | Splash Screen org.mozilla.fenix#0
10-22 20:12:32.472  3447  3447 I SurfaceFlinger:      Device | 0x7ea50243c0 | 0000 | RGBA_8888 |   0.0    0.0  720.0   42.0 |    0    0  720   42 | StatusBar#0
10-22 20:12:32.472  3447  3447 I SurfaceFlinger: 
10-22 20:12:32.477  3599  3918 D DnsProxyListener: DNSDBG::dns addrinfo af 0
10-22 20:12:32.478  3599  3918 D DnsProxyListener: DNSDBG::dns addrinfo af 0
10-22 20:12:32.481 32758 32758 I FenixApplication: onTrimMemory(), level=5, main=false
10-22 20:12:32.482 32758 32758 I ServiceChildProcess: onCreate
10-22 20:12:32.483  3599  3918 D DnsProxyListener: DNSDBG::dns addrinfo af 0
10-22 20:12:32.484   316   316 I zygote64: no shared libraies, dex_files: 1
10-22 20:12:32.484 32758   345 I GeckoThread: preparing to run Gecko
10-22 20:12:32.496  3957  6478 D SSRM:k  : SIOP:: AP = 370, PST = 369 (W:14), BAT = 328, USB = 0, CHG = 0
10-22 20:12:32.508  3957  6478 D ac      : broadcastSiopLevelIntent:: currentSiopLevel = -1
10-22 20:12:32.515 32247 32247 I [SC]SCloudReceiver: onReceive: com.samsung.intent.action.CHECK_SIOP_LEVEL
10-22 20:12:32.520  3957  6478 D WifiService: getConnectionInfo uid=1000
10-22 20:12:32.520 32247 32247 I [SC]DetectorReceiver: onReceive [com.samsung.intent.action.CHECK_SIOP_LEVEL]
10-22 20:12:32.522 32247 32247 I [SC]AccountUtil: Samsung Account Not Logged in
10-22 20:12:32.522 11094 11094 E adbd    : recv: OPEN 000335bf 00000000 015d:73 68 65 6C 6C 2C 76 32 2C 54 45 52 4D 3D 78 74 65 72 6D 2D 32 35 36 63 6F 6C 6F 72 2C 72 61 77 3A 61 6D 20 73 74 61 72 74 2D 66 6F 72 65 67 72 6F 75 6E 64 2D 73 65 72 76 69 63 65 20 2D 6E 20 22 63 6F 6D 2E 65 78 61 6D 70 6C 65 2E 62 61 74 74 65 72 79 6D 61 6E 61 67 65 72 5F 75 74 69 6C 69 74 79 2F 63 6F 6D 2E 65 78 61 6D 70 6C 65 2E 62 61 74 74 65 72 79 6D 61 6E 61 67 65 72 5F 75 74 69 6C 69 74 79 2E 44 61 74 61 43 6F 6C 6C 65 63 74 69 6F 6E 53 65 72 76 69 63 65 22 20 2D 2D 65 69 20 73 61 6D 70 6C 65 52 61 74 65 20 31 30 30 20 2D 2D 65 73 20 22 64 61 74 61 46 69 65 6C 64 73 22 20 22 42 41 54 54 45 52 59 5F 50 52 4F 50 45 52 54 59 5F 43 55 52 52 45 4E 54 5F 4E 4F 57 2C 45 58 54 52 41 5F 56 4F 4C 54 41 47 45 2C 42 41 54 54 45 52 59 5F 50 52 4F 50 45 52 54 59 5F 43 55 52 52 45 4E 54 5F 41 56 45 52 41 47 45 2C 42 41 54 54 45 52 59 5F 50 52 4F 50 45 52 54 59 5F 43 48 41 52 47 45 5F 43 4F 55 4E 54 45 52 2C 42 41 54 54 45 52 59 5F 50 52 4F 50 45 52 54 59 5F 43 41 50 41 43 49 54 59
10-22 20:12:32.522 11094 11094 E adbd    : service_to_fd: shell,v2,TERM=xterm-256color,raw:am start-foreground-service -n "com.example.batterymanager_utility/com.example.batterymanager_utility.DataCollectionService" --ei sampleRate 100 --es "dataFields" "BATTERY_PROPERTY_CURRENT_NOW,EXTRA_VOLTAGE,BATTERY_PROPERTY_CURRENT_AVERAGE,BATTERY_PROPERTY_CHARGE_COUNTER,BATTERY_PROPERTY_CAPACITY" --ez toCSV false
10-22 20:12:32.524  3957  6478 I SensorService: createSensorEventConnection package name f.z
10-22 20:12:32.525  3957  6478 D SensorService: Calling batch handle==3 flags=0 rate=200000000 timeout== 0
10-22 20:12:32.525  3434  4028 I Sensors : ProximitySensor:enable: handle 3, en 1, old_en 0
10-22 20:12:32.537 32597 32597 D skia    : approximate: numPoints=40, lengths[39]=620.200073, totalLength=620.200073, segmentPoints[39]=[422.600037,0.000000]
10-22 20:12:32.537 32597 32597 D skia    : approximate: approximation[117]=1.000000, approximation[118]=422.600037, approximation[119]=0.000000
10-22 20:12:32.538 32597 32597 D skia    : approximate: numPoints=4, lengths[3]=3.448155, totalLength=3.448155, segmentPoints[3]=[3.000000,0.100000]
10-22 20:12:32.538 32597 32597 D skia    : approximate: approximation[9]=1.000000, approximation[10]=3.000000, approximation[11]=0.100000
10-22 20:12:32.540 32597 32597 D skia    : approximate: numPoints=37, lengths[36]=722.199951, totalLength=722.199951, segmentPoints[36]=[199.600006,0.000000]
10-22 20:12:32.540 32597 32597 D skia    : approximate: approximation[108]=1.000000, approximation[109]=199.600006, approximation[110]=0.000000
10-22 20:12:32.541 32597 32597 D skia    : approximate: numPoints=3, lengths[2]=2.472497, totalLength=2.472497, segmentPoints[2]=[2.000000,0.100000]
10-22 20:12:32.541 32597 32597 D skia    : approximate: approximation[6]=1.000000, approximation[7]=2.000000, approximation[8]=0.100000
10-22 20:12:32.549 32597 32597 V InputMethodManager: Starting input: tba=android.view.inputmethod.EditorInfo@5306bcf nm : org.mozilla.fenix ic=null
10-22 20:12:32.549 32597 32597 I InputMethodManager: startInputInner - mService.startInputOrWindowGainedFocus
10-22 20:12:32.549  3957  4651 D InputMethodManagerService: startInputOrWindowGainedFocus : startInput 
10-22 20:12:32.551  3957  4651 D InputMethodManagerService: setCurrentInputInfo - inputContext : null eidtorInfo : android.view.inputmethod.EditorInfo@a8a0a17 missingMethods : 0
10-22 20:12:32.551  8846  8846 I InputMethodWrapper:  call dispatchStartInputWithToken
10-22 20:12:32.551  8846  8846 I InputMethodService: dispatchStartInputWithToken
10-22 20:12:32.552  8846  8846 I SKBD    : SamsungKeypad [IMI] onStartInput - caller pid : 32597, caller uid : 10169
10-22 20:12:32.585  3957  6478 D SensorManager: registerListener :: 3, STK3013 Proximity, 200000, 0,  
10-22 20:12:32.586  9273  9310 D ScanRecord: Not a Multi Manu data
10-22 20:12:32.586  3434  4028 I Sensors : ProximitySensor:readEvents: value 8(cm)
10-22 20:12:32.586  9273  9310 I chatty  : uid=1002(bluetooth) BT Service Call expire 5 lines
10-22 20:12:32.586  9273  9310 D ScanRecord: Not a Multi Manu data
10-22 20:12:32.586  3957  3957 D SensorManager: Proximity, val = 8.0  [far]
10-22 20:12:32.587  9273  9310 D ScanRecord: Not a Multi Manu data
10-22 20:12:32.588  9273  9310 I chatty  : uid=1002(bluetooth) BT Service Call identical 4 lines
10-22 20:12:32.588  3957  3957 D SensorService: Calling activate off 3
10-22 20:12:32.588  9273  9310 D ScanRecord: Not a Multi Manu data
10-22 20:12:32.588  9273  9310 D ScanRecord: Not a Multi Manu data
10-22 20:12:32.588  9273  9310 I chatty  : uid=1002(bluetooth) BT Service Call identical 7 lines
10-22 20:12:32.588  9273  9310 D ScanRecord: Not a Multi Manu data
10-22 20:12:32.588  3434  3434 I Sensors : ProximitySensor:enable: handle 3, en 0, old_en 1
10-22 20:12:32.589  9273  9310 D ScanRecord: Not a Multi Manu data
10-22 20:12:32.589  9273  9310 I chatty  : uid=1002(bluetooth) BT Service Call identical 9 lines
10-22 20:12:32.589  9273  9310 D ScanRecord: Not a Multi Manu data
10-22 20:12:32.590  3957  3957 D SensorManager: unregisterListener ::   
10-22 20:12:32.600  3957  4025 I WindowManager: Destroying surface Surface(name=Splash Screen org.mozilla.fenix) called by com.android.server.wm.WindowStateAnimator.destroySurface:2501 com.android.server.wm.WindowStateAnimator.destroySurfaceLocked:985 com.android.server.wm.WindowState.destroyOrSaveSurfaceUnchecked:3670 com.android.server.wm.WindowState.destroySurface:3618 com.android.server.wm.AppWindowToken.destroySurfaces:722 com.android.server.wm.AppWindowToken.destroySurfaces:706 com.android.server.wm.WindowState.onExitAnimationDone:5316 com.android.server.wm.WindowStateAnimator.stepAnimationLocked:550 
10-22 20:12:32.601  3447  3488 I SurfaceFlinger: id=3515 Removed Splash Screen org.mozilla.fenix#0 (4/5)
10-22 20:12:32.602  3447  3447 I SurfaceFlinger: Display 0 HWC layers:
10-22 20:12:32.602  3447  3447 I SurfaceFlinger:     type    |    handle    | flag |  format   |   source crop (l,t,r,b)    |         frame       | name 
10-22 20:12:32.602  3447  3447 I SurfaceFlinger: ------------+--------------+------+-----------+----------------------------+---------------------+------
10-22 20:12:32.602  3447  3447 I SurfaceFlinger:      Device | 0x7e9ed37300 | 0000 | RGBA_8888 |   0.0    0.0  720.0 1280.0 |    0    0  720 1280 | org.mozilla.fenix/org.mozilla.fenix.App#0
10-22 20:12:32.602  3447  3447 I SurfaceFlinger:      Device | 0x7ea5024780 | 0000 | RGBA_8888 |   0.0    0.0  720.0   42.0 |    0    0  720   42 | StatusBar#0
10-22 20:12:32.602  3447  3447 I SurfaceFlinger: 
10-22 20:12:32.610 32551 32551 I BatteryMgr:DataCollectionService: onStartCommand: begin
10-22 20:12:32.611 32551 32551 I BatteryMgr:DataCollectionService: onStartCommand: sampleRate => 100
10-22 20:12:32.611 32551 32551 I BatteryMgr:DataCollectionService: onStartCommand: rawFields => Timestamp,BATTERY_PROPERTY_CURRENT_NOW,EXTRA_VOLTAGE,BATTERY_PROPERTY_CURRENT_AVERAGE,BATTERY_PROPERTY_CHARGE_COUNTER,BATTERY_PROPERTY_CAPACITY
10-22 20:12:32.612  3447  4088 I SurfaceFlinger: id=3515 Removed Splash Screen org.mozilla.fenix#0 (-2/5)
10-22 20:12:32.613 32551 32551 I BatteryMgr:DataCollectionService: onStartCommand: notification done
10-22 20:12:32.615 32551 32551 D Notification: allPendingIntents
10-22 20:12:32.615  3447  3447 I Layer   : id=3515 onRemoved Splash Screen org.mozilla.fenix#0 
10-22 20:12:32.616  9273  9310 D ScanRecord: Not a Multi Manu data
10-22 20:12:32.616  9273  9310 I chatty  : uid=1002(bluetooth) BT Service Call identical 9 lines
10-22 20:12:32.616  9273  9310 D ScanRecord: Not a Multi Manu data
10-22 20:12:32.620  3957  3972 D ApplicationPolicy: isStatusBarNotificationAllowedAsUser: packageName = android,userId = 0
10-22 20:12:32.620  3599  3918 D DnsProxyListener: DNSDBG::dns addrinfo af 0
10-22 20:12:32.620  3957  3972 D API test: getContainerInfo: value is 
10-22 20:12:32.620  3957  3972 D ApplicationPolicy: isStatusBarNotificationAllowedAsUser: packageName = android,userId = 0
10-22 20:12:32.621  3957  3972 D API test: getContainerInfo: value is 
10-22 20:12:32.621  3957  3972 E NotificationService: Suppressing notification from package by user request.
10-22 20:12:32.621  9273  9310 D ScanRecord: Not a Multi Manu data
10-22 20:12:32.621  9273  9310 I chatty  : uid=1002(bluetooth) BT Service Call identical 9 lines
10-22 20:12:32.621  9273  9310 D ScanRecord: Not a Multi Manu data
10-22 20:12:32.621  3957  3972 D ApplicationPolicy: isStatusBarNotificationAllowedAsUser: packageName = com.example.batterymanager_utility,userId = 0
10-22 20:12:32.622  3957  3972 D API test: getContainerInfo: value is 
10-22 20:12:32.622  3957  3972 D ApplicationPolicy: isStatusBarNotificationAllowedAsUser: packageName = com.example.batterymanager_utility,userId = 0
10-22 20:12:32.622  3957  3972 D API test: getContainerInfo: value is 
10-22 20:12:32.623  9273  9310 D ScanRecord: Not a Multi Manu data
10-22 20:12:32.623 32551 32551 I BatteryMgr:DataCollectionService: started foreground
10-22 20:12:32.623  9273  9310 D ScanRecord: Not a Multi Manu data
10-22 20:12:32.623  9273  9310 D ScanRecord: Not a Multi Manu data
10-22 20:12:32.623  9273  9310 I chatty  : uid=1002(bluetooth) BT Service Call identical 7 lines
10-22 20:12:32.623  9273  9310 D ScanRecord: Not a Multi Manu data
10-22 20:12:32.625 11094 11094 E adbd    : recv: OPEN 000335c3 00000000 0042:73 68 65 6C 6C 2C 76 32 2C 54 45 52 4D 3D 78 74 65 72 6D 2D 32 35 36 63 6F 6C 6F 72 2C 72 61 77 3A 67 65 74 70 72 6F 70 20 72 6F 2E 62 75 69 6C 64 2E 76 65 72 73 69 6F 6E 2E 72 65 6C 65 61 73 65 00 
10-22 20:12:32.625 11094 11094 E adbd    : service_to_fd: shell,v2,TERM=xterm-256color,raw:getprop ro.build.version.release
10-22 20:12:32.626  3957  3957 I AccessibilityManagerService: semOnLightNotification(null), bIsFlashOn : false
10-22 20:12:32.627  3957  3957 D AccessibilityManagerService: Can't use light notification
10-22 20:12:32.637  9273  9310 D ScanRecord: Not a Multi Manu data
10-22 20:12:32.637  9273  9310 I chatty  : uid=1002(bluetooth) BT Service Call identical 9 lines
10-22 20:12:32.637  9273  9310 D ScanRecord: Not a Multi Manu data
10-22 20:12:32.641 32551   361 I BatteryMgr:DataCollectionService: collectData: begin
10-22 20:12:32.649  9273  9310 D ScanRecord: Not a Multi Manu data
10-22 20:12:32.650  9273  9310 I chatty  : uid=1002(bluetooth) BT Service Call identical 9 lines
10-22 20:12:32.650  9273  9310 D ScanRecord: Not a Multi Manu data
10-22 20:12:32.650 32597 32626 W GeckoEventDispatcher: No listener for GeckoView:PageAction:Update
10-22 20:12:32.652 32551   361 I BatteryMgr:DataCollectionService: stats => 1697998352652,6,4308,171,0,100
10-22 20:12:32.654  3957  3957 D AudioService: getStreamVolume 5 index 110
10-22 20:12:32.658  3957  4554 D Notification: allPendingIntents
10-22 20:12:32.658  3957  4651 D Notification: allPendingIntents
10-22 20:12:32.659  4340  4340 D StatusBar: addNotification key=0|com.example.batterymanager_utility|1|null|10170 fullscreen:false
10-22 20:12:32.665  3957  4651 V WindowManager: Relayout Window{6cfbd3c u0 org.mozilla.fenix/org.mozilla.fenix.App}: viewVisibility=0 req=720x1280 WM.LayoutParams{(0,0)(fillxfill) sim=#10 ty=1 fl=#81010100 pfl=0x20000 fmt=-3 wanim=0x7f1404fa vsysui=0x2610 needsMenuKey=2 colorMode=0 naviIconColor=0}
10-22 20:12:32.668  9273  9310 D ScanRecord: Not a Multi Manu data
10-22 20:12:32.668  9273  9310 I chatty  : uid=1002(bluetooth) BT Service Call identical 9 lines
10-22 20:12:32.668  9273  9310 D ScanRecord: Not a Multi Manu data
10-22 20:12:32.669 32597 32597 D ViewRootImpl@bc73a50[App]: Relayout returned: old=[0,0][720,1280] new=[0,0][720,1280] result=0x1 surface={valid=true 499270561792} changed=false
10-22 20:12:32.671  9273  9310 D ScanRecord: Not a Multi Manu data
10-22 20:12:32.672  9273  9310 I chatty  : uid=1002(bluetooth) BT Service Call identical 9 lines
10-22 20:12:32.672  9273  9310 D ScanRecord: Not a Multi Manu data
10-22 20:12:32.680   316   316 W ResourceType: ResTable_typeSpec entry count inconsistent: given 212, previously 242
10-22 20:12:32.683 32758   345 W linker  : "/data/app/org.mozilla.fenix-iWpGOrf8cry6RDpwHyQugA==/lib/arm64/libmozglue.so" unused DT entry: type 0x8000024 arg 0x38f70
10-22 20:12:32.684 32758   345 W linker  : "/data/app/org.mozilla.fenix-iWpGOrf8cry6RDpwHyQugA==/lib/arm64/libmozglue.so" unused DT entry: type 0x8000023 arg 0x1f8
10-22 20:12:32.684 32758   345 W linker  : "/data/app/org.mozilla.fenix-iWpGOrf8cry6RDpwHyQugA==/lib/arm64/libmozglue.so" unused DT entry: type 0x8000025 arg 0x8
10-22 20:12:32.684  9273  9310 D ScanRecord: Not a Multi Manu data
10-22 20:12:32.684  9273  9310 I chatty  : uid=1002(bluetooth) BT Service Call identical 9 lines
10-22 20:12:32.684  9273  9310 D ScanRecord: Not a Multi Manu data
10-22 20:12:32.689 32758   345 I GeckoLoader: Library base=/data/app/org.mozilla.fenix-iWpGOrf8cry6RDpwHyQugA==/lib/arm64
10-22 20:12:32.689 32758   345 I GeckoLoader: Library base=/data/app/org.mozilla.fenix-iWpGOrf8cry6RDpwHyQugA==/lib/arm64
10-22 20:12:32.691 32758   345 E GeckoLibLoad: Load sqlite start
10-22 20:12:32.692  9273  9310 D ScanRecord: Not a Multi Manu data
10-22 20:12:32.692  9273  9310 I chatty  : uid=1002(bluetooth) BT Service Call identical 3 lines
10-22 20:12:32.692  9273  9310 D ScanRecord: Not a Multi Manu data
10-22 20:12:32.692 32758   345 W linker  : "/data/app/org.mozilla.fenix-iWpGOrf8cry6RDpwHyQugA==/lib/arm64/libnss3.so" unused DT entry: type 0x8000024 arg 0x14998
10-22 20:12:32.692  9273  9310 D ScanRecord: Not a Multi Manu data
10-22 20:12:32.692  9273  9310 I chatty  : uid=1002(bluetooth) BT Service Call identical 3 lines
10-22 20:12:32.692  9273  9310 D ScanRecord: Not a Multi Manu data
10-22 20:12:32.692 32758   345 W linker  : "/data/app/org.mozilla.fenix-iWpGOrf8cry6RDpwHyQugA==/lib/arm64/libnss3.so" unused DT entry: type 0x8000023 arg 0x5c8
10-22 20:12:32.692  9273  9310 D ScanRecord: Not a Multi Manu data
10-22 20:12:32.692 32758   345 W linker  : "/data/app/org.mozilla.fenix-iWpGOrf8cry6RDpwHyQugA==/lib/arm64/libnss3.so" unused DT entry: type 0x8000025 arg 0x8
10-22 20:12:32.693 32758   345 E GeckoLibLoad: Load sqlite done
10-22 20:12:32.693 32758   345 I GeckoLoader: Library base=/data/app/org.mozilla.fenix-iWpGOrf8cry6RDpwHyQugA==/lib/arm64
10-22 20:12:32.693 32758   345 E GeckoLibLoad: Load nss start
10-22 20:12:32.693 32758   345 E GeckoLibLoad: Load nss done
10-22 20:12:32.693 32758   345 I GeckoLoader: Library base=/data/app/org.mozilla.fenix-iWpGOrf8cry6RDpwHyQugA==/lib/arm64
10-22 20:12:32.695 32758   345 W linker  : "/data/app/org.mozilla.fenix-iWpGOrf8cry6RDpwHyQugA==/lib/arm64/libxul.so" unused DT entry: type 0x8000024 arg 0x539420
10-22 20:12:32.695 32758   345 W linker  : "/data/app/org.mozilla.fenix-iWpGOrf8cry6RDpwHyQugA==/lib/arm64/libxul.so" unused DT entry: type 0x8000023 arg 0x17d68
10-22 20:12:32.695 32758   345 W linker  : "/data/app/org.mozilla.fenix-iWpGOrf8cry6RDpwHyQugA==/lib/arm64/libxul.so" unused DT entry: type 0x8000025 arg 0x8
10-22 20:12:32.699  9273  9310 D ScanRecord: Not a Multi Manu data
10-22 20:12:32.699  9273  9310 I chatty  : uid=1002(bluetooth) BT Service Call identical 9 lines
10-22 20:12:32.699  9273  9310 D ScanRecord: Not a Multi Manu data
10-22 20:12:32.704 11094 11094 E adbd    : recv: OPEN 000335c7 00000000 003e:73 68 65 6C 6C 2C 76 32 2C 54 45 52 4D 3D 78 74 65 72 6D 2D 32 35 36 63 6F 6C 6F 72 2C 72 61 77 3A 67 65 74 70 72 6F 70 20 72 6F 2E 62 75 69 6C 64 2E 76 65 72 73 69 6F 6E 2E 73 64 6B 00 
10-22 20:12:32.704 11094 11094 E adbd    : service_to_fd: shell,v2,TERM=xterm-256color,raw:getprop ro.build.version.sdk
10-22 20:12:32.707  3957  4554 V WindowManager: rotationForOrientationLw(orient=2, last=0); user=0  sensorRotation=-1 mLidState=-1 mDockMode=0 mHdmiPlugged=false
10-22 20:12:32.713  3957  4564 V WindowManager: Relayout Window{6cfbd3c u0 org.mozilla.fenix/org.mozilla.fenix.App}: viewVisibility=0 req=720x1280 WM.LayoutParams{(0,0)(fillxfill) sim=#10 ty=1 fl=#81010100 pfl=0x20000 fmt=-3 wanim=0x7f1404fa vsysui=0x2610 needsMenuKey=2 colorMode=0 naviIconColor=0}
10-22 20:12:32.718 32758   345 E GeckoLibLoad: Loaded libs in 24.742846ms total, 16ms(16ms) user, 4ms(12ms) system, 0(0) faults
10-22 20:12:32.718 32597 32597 D ViewRootImpl@bc73a50[App]: Relayout returned: old=[0,0][720,1280] new=[0,0][720,1280] result=0x1 surface={valid=true 499270561792} changed=false
10-22 20:12:32.718 32758   345 W GeckoThread: zerdatime 1660734776 - runGecko
10-22 20:12:32.748  8860  9195 I FontLog : (REDACTED) Received query %s, URI %s
10-22 20:12:32.750  8860  9195 I FontLog : (REDACTED) Query [%s] resolved to %s
10-22 20:12:32.760  8860  9195 I FontLog : (REDACTED) Fetch %s end status %s
10-22 20:12:32.763 32597 32597 I SessionPrioritizationMiddleware: Update the currentSelectedTab 7f93960a-d5ab-49b5-96cc-c70672d2a791 priority to HIGH
10-22 20:12:32.763 32551   361 I BatteryMgr:DataCollectionService: stats => 1697998352763,6,4308,171,0,100
10-22 20:12:32.766  8860  9195 I FontLog : (REDACTED) Pulling font file for id = %d, cache size = %d
10-22 20:12:32.776  9273  9310 D ScanRecord: Not a Multi Manu data
10-22 20:12:32.779  9273  9310 I chatty  : uid=1002(bluetooth) BT Service Call identical 31 lines
10-22 20:12:32.779  9273  9310 D ScanRecord: Not a Multi Manu data
10-22 20:12:32.780  8860  9195 I FontLog : (REDACTED) Pulling font file for id = %d, cache size = %d
10-22 20:12:32.796  9273  9310 D ScanRecord: Not a Multi Manu data
10-22 20:12:32.797  9273  9310 I chatty  : uid=1002(bluetooth) BT Service Call identical 20 lines
10-22 20:12:32.797  9273  9310 D ScanRecord: Not a Multi Manu data
10-22 20:12:32.799  3957  3972 D ApplicationPolicy: isStatusBarNotificationAllowedAsUser: packageName = android,userId = 0
10-22 20:12:32.799  3957  3972 D API test: getContainerInfo: value is 
10-22 20:12:32.799  3957  3972 D ApplicationPolicy: isStatusBarNotificationAllowedAsUser: packageName = android,userId = 0
10-22 20:12:32.799  3957  3972 D API test: getContainerInfo: value is 
10-22 20:12:32.800  3957  3972 E NotificationService: Suppressing notification from package by user request.
10-22 20:12:32.807  9273  9310 D ScanRecord: Not a Multi Manu data
10-22 20:12:32.826  9273  9310 I chatty  : uid=1002(bluetooth) BT Service Call identical 53 lines
10-22 20:12:32.826  9273  9310 D ScanRecord: Not a Multi Manu data
10-22 20:12:32.830 32758   345 W AudioCapabilities: Unsupported mime audio/mpeg-L1
10-22 20:12:32.831 32758   345 W AudioCapabilities: Unsupported mime audio/mpeg-L2
10-22 20:12:32.832 32758   345 W AudioCapabilities: Unsupported mime audio/x-ms-wma
10-22 20:12:32.833 32758   345 W AudioCapabilities: Unsupported mime audio/x-ima
10-22 20:12:32.836  9273  9310 D ScanRecord: Not a Multi Manu data
10-22 20:12:32.837  9273  9310 I chatty  : uid=1002(bluetooth) BT Service Call identical 20 lines
10-22 20:12:32.837  9273  9310 D ScanRecord: Not a Multi Manu data
10-22 20:12:32.839 32758   345 W VideoCapabilities: Unrecognized profile 2130706433 for video/avc
10-22 20:12:32.839 32758   345 W VideoCapabilities: Unrecognized profile 2130706434 for video/avc
10-22 20:12:32.841 32758   345 W VideoCapabilities: Unrecognized profile 2130706433 for video/avc
10-22 20:12:32.841 32758   345 W VideoCapabilities: Unrecognized profile 2130706434 for video/avc
10-22 20:12:32.847  4340  4340 D KeyguardUpdateMonitor: handleStatusBarState( false )
10-22 20:12:32.855 32758   345 W VideoCapabilities: Unrecognized profile 2130706433 for video/avc
10-22 20:12:32.855 32758   345 W VideoCapabilities: Unrecognized profile 2130706434 for video/avc
10-22 20:12:32.857 32758   345 W VideoCapabilities: Unsupported mime video/avc-wfd
10-22 20:12:32.860 32597 32626 W ResourceType: Too many attribute references, stopped at: 0x01010099
10-22 20:12:32.872 32551   361 I BatteryMgr:DataCollectionService: stats => 1697998352872,6,4308,171,0,100
10-22 20:12:32.878  9273  9310 D ScanRecord: Not a Multi Manu data
10-22 20:12:32.893  9273  9310 I chatty  : uid=1002(bluetooth) BT Service Call identical 31 lines
10-22 20:12:32.893  9273  9310 D ScanRecord: Not a Multi Manu data
10-22 20:12:32.895 32758   345 I VideoCapabilities: Unsupported profile 4 for video/mp4v-es
10-22 20:12:32.903 32597   332 I libglean_ffi: glean_core::upload: Ping 33578b17-7254-4afd-bc78-536d17ff7132 successfully sent 200.
10-22 20:12:32.907 32597   332 I libglean_ffi: glean_core::upload::directory: File was deleted /data/user/0/org.mozilla.fenix/glean_data/pending_pings/33578b17-7254-4afd-bc78-536d17ff7132
10-22 20:12:32.909 32597   332 I libglean_ffi: glean_core::upload: New upload task with id 76d7d808-37c5-4b63-b299-dacc0422f7a2 (path: /submit/org-mozilla-fenix/baseline/1/76d7d808-37c5-4b63-b299-dacc0422f7a2)
10-22 20:12:32.912  9273  9310 D ScanRecord: Not a Multi Manu data
10-22 20:12:32.924  9273  9310 I chatty  : uid=1002(bluetooth) BT Service Call identical 31 lines
10-22 20:12:32.924  9273  9310 D ScanRecord: Not a Multi Manu data
10-22 20:12:32.926 32758   345 W VideoCapabilities: Unrecognized profile/level 1/32 for video/mp4v-es
10-22 20:12:32.926 32758   345 W VideoCapabilities: Unrecognized profile/level 32768/2 for video/mp4v-es
10-22 20:12:32.926 32758   345 W VideoCapabilities: Unrecognized profile/level 32768/64 for video/mp4v-es
10-22 20:12:32.928 32758   345 W VideoCapabilities: Unsupported mime video/wvc1
10-22 20:12:32.929 32758   345 W VideoCapabilities: Unsupported mime video/x-ms-wmv
10-22 20:12:32.930   316   316 I Finsky  : [2] khj.i(84): Process created at version: 37.9.18-21 [0] [PR] 571399392
10-22 20:12:32.930 32758   345 W VideoCapabilities: Unsupported mime video/x-ms-wmv7
10-22 20:12:32.931 32758   345 W VideoCapabilities: Unsupported mime video/x-ms-wmv8
10-22 20:12:32.933 32758   345 W VideoCapabilities: Unsupported mime video/mp43
10-22 20:12:32.937  9273  9310 D ScanRecord: Not a Multi Manu data
10-22 20:12:32.938  9273  9310 I chatty  : uid=1002(bluetooth) BT Service Call identical 9 lines
10-22 20:12:32.938  9273  9310 D ScanRecord: Not a Multi Manu data
10-22 20:12:32.942 32758   345 W AudioCapabilities: Unsupported mime audio/mpeg-L1
10-22 20:12:32.942 32758   345 W AudioCapabilities: Unsupported mime audio/mpeg-L2
10-22 20:12:32.942 32758   345 W AudioCapabilities: Unsupported mime audio/x-ms-wma
10-22 20:12:32.942 32758   345 W AudioCapabilities: Unsupported mime audio/x-ima
10-22 20:12:32.943 32758   345 W VideoCapabilities: Unrecognized profile 2130706433 for video/avc
10-22 20:12:32.943 32758   345 W VideoCapabilities: Unrecognized profile 2130706434 for video/avc
10-22 20:12:32.944  9273  9310 D ScanRecord: Not a Multi Manu data
10-22 20:12:32.944  9273  9310 I chatty  : uid=1002(bluetooth) BT Service Call identical 9 lines
10-22 20:12:32.944  9273  9310 D ScanRecord: Not a Multi Manu data
10-22 20:12:32.945 32758   345 W VideoCapabilities: Unrecognized profile/level 1/32 for video/mp4v-es
10-22 20:12:32.946 32758   345 W VideoCapabilities: Unrecognized profile/level 32768/2 for video/mp4v-es
10-22 20:12:32.946 32758   345 W VideoCapabilities: Unrecognized profile/level 32768/64 for video/mp4v-es
10-22 20:12:32.946 32758   345 W VideoCapabilities: Unsupported mime video/wvc1
10-22 20:12:32.947 32758   345 W VideoCapabilities: Unsupported mime video/x-ms-wmv
10-22 20:12:32.947 32758   345 W VideoCapabilities: Unsupported mime video/x-ms-wmv7
10-22 20:12:32.948 32758   345 W VideoCapabilities: Unsupported mime video/x-ms-wmv8
10-22 20:12:32.948 32758   345 W VideoCapabilities: Unsupported mime video/mp43
10-22 20:12:32.951  3957  4089 D MdnieScenarioControlService:  packageName : org.mozilla.fenix    className : org.mozilla.fenix.App
10-22 20:12:32.951  3957  4089 V MdnieScenarioControlService: setUIMode from UI function(3)
10-22 20:12:32.957  9273  9310 D ScanRecord: Not a Multi Manu data
10-22 20:12:32.971  9273  9310 I chatty  : uid=1002(bluetooth) BT Service Call identical 20 lines
10-22 20:12:32.971  9273  9310 D ScanRecord: Not a Multi Manu data
10-22 20:12:32.976 32682 32712 W linker  : "/data/app/org.mozilla.fenix-iWpGOrf8cry6RDpwHyQugA==/lib/arm64/libmozglue.so" unused DT entry: type 0x8000024 arg 0x38f70
10-22 20:12:32.976 32682 32712 W linker  : "/data/app/org.mozilla.fenix-iWpGOrf8cry6RDpwHyQugA==/lib/arm64/libmozglue.so" unused DT entry: type 0x8000023 arg 0x1f8
10-22 20:12:32.976 32682 32712 W linker  : "/data/app/org.mozilla.fenix-iWpGOrf8cry6RDpwHyQugA==/lib/arm64/libmozglue.so" unused DT entry: type 0x8000025 arg 0x8
10-22 20:12:32.978 32682 32712 I GeckoLoader: Library base=/data/app/org.mozilla.fenix-iWpGOrf8cry6RDpwHyQugA==/lib/arm64
10-22 20:12:32.978 32682 32712 I GeckoLoader: Library base=/data/app/org.mozilla.fenix-iWpGOrf8cry6RDpwHyQugA==/lib/arm64
10-22 20:12:32.979 32682 32712 E GeckoLibLoad: Load sqlite start
10-22 20:12:32.980 32551   361 I BatteryMgr:DataCollectionService: stats => 1697998352980,6,4308,171,0,100
10-22 20:12:32.981 32682 32712 W linker  : "/data/app/org.mozilla.fenix-iWpGOrf8cry6RDpwHyQugA==/lib/arm64/libnss3.so" unused DT entry: type 0x8000024 arg 0x14998
10-22 20:12:32.981 32682 32712 W linker  : "/data/app/org.mozilla.fenix-iWpGOrf8cry6RDpwHyQugA==/lib/arm64/libnss3.so" unused DT entry: type 0x8000023 arg 0x5c8
10-22 20:12:32.981 32682 32712 W linker  : "/data/app/org.mozilla.fenix-iWpGOrf8cry6RDpwHyQugA==/lib/arm64/libnss3.so" unused DT entry: type 0x8000025 arg 0x8
10-22 20:12:32.983  9273  9310 D ScanRecord: Not a Multi Manu data
10-22 20:12:32.983  9273  9310 I chatty  : uid=1002(bluetooth) BT Service Call identical 4 lines
10-22 20:12:32.983 32682 32712 E GeckoLibLoad: Load sqlite done
10-22 20:12:32.983  9273  9310 D ScanRecord: Not a Multi Manu data
10-22 20:12:32.983  9273  9310 D ScanRecord: Not a Multi Manu data
10-22 20:12:32.983  9273  9310 I chatty  : uid=1002(bluetooth) BT Service Call identical 3 lines
10-22 20:12:32.983  9273  9310 D ScanRecord: Not a Multi Manu data
10-22 20:12:32.983 32682 32712 I GeckoLoader: Library base=/data/app/org.mozilla.fenix-iWpGOrf8cry6RDpwHyQugA==/lib/arm64
10-22 20:12:32.984 32682 32712 E GeckoLibLoad: Load nss start
10-22 20:12:32.984 32682 32712 E GeckoLibLoad: Load nss done
10-22 20:12:32.984 32682 32712 I GeckoLoader: Library base=/data/app/org.mozilla.fenix-iWpGOrf8cry6RDpwHyQugA==/lib/arm64
10-22 20:12:32.984  9273  9310 D ScanRecord: Not a Multi Manu data
10-22 20:12:32.988  9273  9310 I chatty  : uid=1002(bluetooth) BT Service Call identical 20 lines
10-22 20:12:32.988  9273  9310 D ScanRecord: Not a Multi Manu data
10-22 20:12:32.989 32682 32712 W linker  : "/data/app/org.mozilla.fenix-iWpGOrf8cry6RDpwHyQugA==/lib/arm64/libxul.so" unused DT entry: type 0x8000024 arg 0x539420
10-22 20:12:32.989 32682 32712 W linker  : "/data/app/org.mozilla.fenix-iWpGOrf8cry6RDpwHyQugA==/lib/arm64/libxul.so" unused DT entry: type 0x8000023 arg 0x17d68
10-22 20:12:32.989 32682 32712 W linker  : "/data/app/org.mozilla.fenix-iWpGOrf8cry6RDpwHyQugA==/lib/arm64/libxul.so" unused DT entry: type 0x8000025 arg 0x8
10-22 20:12:32.989  9273  9310 D ScanRecord: Not a Multi Manu data
10-22 20:12:32.990  9273  9310 I chatty  : uid=1002(bluetooth) BT Service Call identical 9 lines
10-22 20:12:32.990  9273  9310 D ScanRecord: Not a Multi Manu data
10-22 20:12:32.990 32597 32626 W AudioCapabilities: Unsupported mime audio/mpeg-L1
10-22 20:12:32.991  9273  9310 D ScanRecord: Not a Multi Manu data
10-22 20:12:32.991  9273  9310 I chatty  : uid=1002(bluetooth) BT Service Call identical 9 lines
10-22 20:12:32.991  9273  9310 D ScanRecord: Not a Multi Manu data
10-22 20:12:32.991 32597 32626 W AudioCapabilities: Unsupported mime audio/mpeg-L2
10-22 20:12:32.993 32597 32626 W AudioCapabilities: Unsupported mime audio/x-ms-wma
10-22 20:12:32.993 32597 32626 W AudioCapabilities: Unsupported mime audio/x-ima
10-22 20:12:32.996 32597 32626 W VideoCapabilities: Unrecognized profile 2130706433 for video/avc
10-22 20:12:32.996 32597 32626 W VideoCapabilities: Unrecognized profile 2130706434 for video/avc
10-22 20:12:32.998 32597 32626 W VideoCapabilities: Unrecognized profile 2130706433 for video/avc
10-22 20:12:32.998 32597 32626 W VideoCapabilities: Unrecognized profile 2130706434 for video/avc
10-22 20:12:33.002  9273  9310 D ScanRecord: Not a Multi Manu data
10-22 20:12:33.002  9273  9310 I chatty  : uid=1002(bluetooth) BT Service Call identical 9 lines
10-22 20:12:33.003  9273  9310 D ScanRecord: Not a Multi Manu data
10-22 20:12:33.013 32597 32626 W VideoCapabilities: Unrecognized profile 2130706433 for video/avc
10-22 20:12:33.013 32597 32626 W VideoCapabilities: Unrecognized profile 2130706434 for video/avc
10-22 20:12:33.017 32682 32712 E GeckoLibLoad: Loaded libs in 32.785423ms total, 8ms(8ms) user, 20ms(24ms) system, 0(0) faults
10-22 20:12:33.017 32682 32712 W GeckoThread: zerdatime 1660735075 - runGecko
10-22 20:12:33.018  9273  9310 D ScanRecord: Not a Multi Manu data
10-22 20:12:33.020  9273  9310 I chatty  : uid=1002(bluetooth) BT Service Call identical 20 lines
10-22 20:12:33.020  9273  9310 D ScanRecord: Not a Multi Manu data
10-22 20:12:33.021 32597 32626 W VideoCapabilities: Unsupported mime video/avc-wfd
10-22 20:12:33.021  9273  9310 D ScanRecord: Not a Multi Manu data
10-22 20:12:33.025  9273  9310 I chatty  : uid=1002(bluetooth) BT Service Call identical 20 lines
10-22 20:12:33.025  9273  9310 D ScanRecord: Not a Multi Manu data
10-22 20:12:33.034  3957  3957 D CustomFrequencyManagerService: releaseDVFSLockLocked : Getting Lock type frm List : DVFS_MIN_LIMIT  frequency : 1560000  uid : 1000  pid : 3957  tag : AMS_RESUME_TAIL@CPU_MIN@58
10-22 20:12:33.044 32597 32626 I VideoCapabilities: Unsupported profile 4 for video/mp4v-es
10-22 20:12:33.046  9273  9310 D ScanRecord: Not a Multi Manu data
10-22 20:12:33.052  9273  9310 I chatty  : uid=1002(bluetooth) BT Service Call identical 31 lines
10-22 20:12:33.052  9273  9310 D ScanRecord: Not a Multi Manu data
10-22 20:12:33.055  3957  4129 D WifiStateMachine:  ConnectedState !RSSI_PKTCNT_FETCH uid=1000 rt=604759640/1660735112 0 0 "ourhome" f4:6d:2f:12:cc:88 rssi=-43 f=5240 sc=60 link=433 tx=0.2, 0.0, 0.0  rx=10.3 bcn=612016 [on:0 tx:0 rx:0 period:998] from screen [on:561191 period:3296723] score=60
10-22 20:12:33.056  3957  4129 D WifiStateMachine:  L2ConnectedState !RSSI_PKTCNT_FETCH uid=1000 rt=604759641/1660735113 0 0 "ourhome" f4:6d:2f:12:cc:88 rssi=-43 f=5240 sc=60 link=433 tx=0.2, 0.0, 0.0  rx=10.3 bcn=612016 [on:0 tx:0 rx:0 period:1] from screen [on:561191 period:3296724] score=60
10-22 20:12:33.058  3957  4129 D WifiStateMachine: fetchRssiLinkSpeedAndFrequencyNative rssi=-46 linkspeed=433 freq=5240
10-22 20:12:33.058  3957  4129 V WifiConfigManager: Updating scan detail cache freq=5240 BSSID=f4:6d:2f:12:cc:88 RSSI=-44 for "ourhome"WPA_PSK
10-22 20:12:33.060  9273  9310 D ScanRecord: Not a Multi Manu data
10-22 20:12:33.068  9273  9310 I chatty  : uid=1002(bluetooth) BT Service Call identical 31 lines
10-22 20:12:33.068  9273  9310 D ScanRecord: Not a Multi Manu data
10-22 20:12:33.084 32597 32626 W VideoCapabilities: Unrecognized profile/level 1/32 for video/mp4v-es
10-22 20:12:33.084 32597 32626 W VideoCapabilities: Unrecognized profile/level 32768/2 for video/mp4v-es
10-22 20:12:33.084 32597 32626 W VideoCapabilities: Unrecognized profile/level 32768/64 for video/mp4v-es
10-22 20:12:33.089 32551   361 I BatteryMgr:DataCollectionService: stats => 1697998353088,6,4308,171,0,100
10-22 20:12:33.089 32597 32626 W VideoCapabilities: Unsupported mime video/wvc1
10-22 20:12:33.091 32597 32626 W VideoCapabilities: Unsupported mime video/x-ms-wmv
10-22 20:12:33.092 32597 32626 W VideoCapabilities: Unsupported mime video/x-ms-wmv7
10-22 20:12:33.096 32597 32626 W VideoCapabilities: Unsupported mime video/x-ms-wmv8
10-22 20:12:33.097 32597 32626 W VideoCapabilities: Unsupported mime video/mp43
10-22 20:12:33.103 32597 32626 W AudioCapabilities: Unsupported mime audio/mpeg-L1
10-22 20:12:33.104 32597 32626 W AudioCapabilities: Unsupported mime audio/mpeg-L2
10-22 20:12:33.104 32597 32626 W AudioCapabilities: Unsupported mime audio/x-ms-wma
10-22 20:12:33.104 32597 32626 W AudioCapabilities: Unsupported mime audio/x-ima
10-22 20:12:33.105 32597 32626 W VideoCapabilities: Unrecognized profile 2130706433 for video/avc
10-22 20:12:33.105 32597 32626 W VideoCapabilities: Unrecognized profile 2130706434 for video/avc
10-22 20:12:33.109 32597 32626 W VideoCapabilities: Unrecognized profile/level 1/32 for video/mp4v-es
10-22 20:12:33.109 32597 32626 W VideoCapabilities: Unrecognized profile/level 32768/2 for video/mp4v-es
10-22 20:12:33.109 32597 32626 W VideoCapabilities: Unrecognized profile/level 32768/64 for video/mp4v-es
10-22 20:12:33.110 32597 32626 W VideoCapabilities: Unsupported mime video/wvc1
10-22 20:12:33.111 32597 32626 W VideoCapabilities: Unsupported mime video/x-ms-wmv
10-22 20:12:33.112 32597 32626 W VideoCapabilities: Unsupported mime video/x-ms-wmv7
10-22 20:12:33.112 32597 32626 W VideoCapabilities: Unsupported mime video/x-ms-wmv8
10-22 20:12:33.113 32597 32626 W VideoCapabilities: Unsupported mime video/mp43
10-22 20:12:33.128 32758   381 D libGLESv2: STS_GLApi : DTS, ODTC are not allowed for Package : org.mozilla.fenix:gpu
10-22 20:12:33.135 32758   312 V Surface : sf_framedrop debug : 0x4f4c, game : false, logging : 0
10-22 20:12:33.136  3957  3957 D PreBindingService: handleMessage : 1
10-22 20:12:33.139 32758   381 D mali_winsys: EGLint new_window_surface(egl_winsys_display *, void *, EGLSurface, EGLConfig, egl_winsys_surface **, egl_color_buffer_format *, EGLBoolean) returns 0x3000,  [720x1238]-format:2
10-22 20:12:33.144 32597 32626 I GeckoSession: zerdatime 1660735202 - chrome startup finished
10-22 20:12:33.162 32597 32597 I GeckoSession: handleMessage GeckoView:PageStart uri=
10-22 20:12:33.163 32597 32597 I GeckoSession: handleMessage GeckoView:PageStop uri=null
10-22 20:12:33.197 32551   361 I BatteryMgr:DataCollectionService: stats => 1697998353197,6,4308,171,0,100
10-22 20:12:33.210 32597 32597 I GeckoSession: handleMessage GeckoView:PageStart uri=
10-22 20:12:33.228  3599  3918 D DnsProxyListener: DNSDBG::dns addrinfo af 0
10-22 20:12:33.251  3599  3918 I chatty  : uid=0(root) /system/bin/netd identical 4 lines
10-22 20:12:33.251  3599  3918 D DnsProxyListener: DNSDBG::dns addrinfo af 0
10-22 20:12:33.254  3447  3447 I SurfaceFlinger: Display 0 HWC layers:
10-22 20:12:33.254  3447  3447 I SurfaceFlinger:     type    |    handle    | flag |  format   |   source crop (l,t,r,b)    |         frame       | name 
10-22 20:12:33.254  3447  3447 I SurfaceFlinger: ------------+--------------+------+-----------+----------------------------+---------------------+------
10-22 20:12:33.254  3447  3447 I SurfaceFlinger:      Device | 0x7e9ec22440 | 0000 | RGBx_8888 |   0.0    0.0  720.0 1238.0 |    0   42  720 1280 | SurfaceView - org.mozilla.fenix/org.mozilla.fenix.App@c30ebac@0#0
10-22 20:12:33.254  3447  3447 I SurfaceFlinger:      Device | 0x7e9ecde2c0 | 0000 | RGBA_8888 |   0.0    0.0  720.0 1280.0 |    0    0  720 1280 | org.mozilla.fenix/org.mozilla.fenix.App#0
10-22 20:12:33.254  3447  3447 I SurfaceFlinger:      Device | 0x7ea50243c0 | 0000 | RGBA_8888 |   0.0    0.0  720.0   42.0 |    0    0  720   42 | StatusBar#0
10-22 20:12:33.254  3447  3447 I SurfaceFlinger: 
10-22 20:12:33.258  3599  3918 D DnsProxyListener: DNSDBG::dns addrinfo af 0
10-22 20:12:33.258  3599  3918 I chatty  : uid=0(root) /system/bin/netd identical 1 line
10-22 20:12:33.259  3599  3918 D DnsProxyListener: DNSDBG::dns addrinfo af 0
10-22 20:12:33.308 32551   361 I BatteryMgr:DataCollectionService: stats => 1697998353308,6,4308,171,0,100
10-22 20:12:33.310 32597 32608 I zygote64: Background concurrent copying GC freed 43862(2MB) AllocSpace objects, 5(100KB) LOS objects, 49% free, 3MB/7MB, paused 2.155ms total 217.061ms
10-22 20:12:33.314 32597 32626 D GeckoIdleService: Setting timer a day from now
10-22 20:12:33.316   316   444 I Finsky  : [22875] aiff.bk(289): Finished reading experiment flags from file [0tGUNCGIkbk4o6-fQ335kUYSKwVj4lusnHT-A5Dsy08] numFlags=1259.
10-22 20:12:33.319 32597 32626 D GeckoIdleService: Register idle observer 0x742e90c0a8 for 5 seconds
10-22 20:12:33.319 32597 32626 D GeckoIdleService: Register: adjusting next switch from -1 to 5 seconds
10-22 20:12:33.319 32597 32626 D GeckoIdleService: next timeout 4995 msec from now
10-22 20:12:33.319 32597 32626 D GeckoIdleService: SetTimerExpiryIfBefore: next timeout 4995 msec from now
10-22 20:12:33.319 32597 32626 D GeckoIdleService: reset timer expiry to 5005 msec from now
10-22 20:12:33.335   316   444 I Finsky  : [22875] aiff.bk(289): Finished reading experiment flags from file [Se-xCc4LzNyh3UrKMIU2sUf-PUKz4oQEbpKZDMuaFno] numFlags=1771.
10-22 20:12:33.349   316   447 E Finsky  : Getting early startup flag value without initialization: PhoneskyPhenotype__enable_flag_update_entry_point
10-22 20:12:33.352   316   327 I zygote64: Background concurrent copying GC freed 3425(1085KB) AllocSpace objects, 0(0B) LOS objects, 49% free, 1669KB/3MB, paused 7.046ms total 90.759ms
10-22 20:12:33.394 32597   332 I libglean_ffi: glean_core::upload: Ping 76d7d808-37c5-4b63-b299-dacc0422f7a2 successfully sent 200.
10-22 20:12:33.399 32597   332 I libglean_ffi: glean_core::upload::directory: File was deleted /data/user/0/org.mozilla.fenix/glean_data/pending_pings/76d7d808-37c5-4b63-b299-dacc0422f7a2
10-22 20:12:33.400 32597   332 I libglean_ffi: glean_core::upload: New upload task with id ca68e095-42c0-4d5e-920f-6918a3b7750e (path: /submit/org-mozilla-fenix/pageload/1/ca68e095-42c0-4d5e-920f-6918a3b7750e)
10-22 20:12:33.410  3957  4128 D WifiService: getConnectionInfo uid=1000
10-22 20:12:33.419 32551   361 I BatteryMgr:DataCollectionService: stats => 1697998353418,6,4308,171,0,100
10-22 20:12:33.430  3957  4564 D StorageManagerService: getExternalStorageMountMode : 1
10-22 20:12:33.431  3957  4564 D StorageManagerService: getExternalStorageMountMode : 3
10-22 20:12:33.437  3957  4564 D StorageManagerService: getExternalStorageMountMode : final mountMode=1, uid : 10169, packageName : org.mozilla.fenix
10-22 20:12:33.437  3957  4564 I ApplicationPolicy: isApplicationExternalStorageWhitelisted:org.mozilla.fenix user:0
10-22 20:12:33.438  3957  4564 D ApplicationPolicy: isApplicationExternalStorageWhitelisted: DO is not enabled on user 0. Allowed.
10-22 20:12:33.438  3957  4564 D ActivityManager: package  org.mozilla.fenix, user - 0 is SDcard whitelisted
10-22 20:12:33.438  3957  4564 I ApplicationPolicy: isApplicationExternalStorageBlacklisted:org.mozilla.fenix user:0
10-22 20:12:33.438  3957  4564 D ApplicationPolicy: isApplicationExternalStorageBlacklisted: DO is not enabled on user 0. Allowed.
10-22 20:12:33.455  3957  4564 I ActivityManager: Start proc 479:org.mozilla.fenix:tab0/u0a169 for service org.mozilla.fenix/org.mozilla.gecko.process.GeckoChildProcessServices$tab0
10-22 20:12:33.459   479   479 E Zygote  : isWhitelistProcess - Process is Whitelisted
10-22 20:12:33.460   479   479 E libpersona: scanKnoxPersonas
10-22 20:12:33.460   479   479 E libpersona: Couldn't open the File - /data/system/users/0/personalist.xml - No such file or directory
10-22 20:12:33.461   479   479 W SELinux : SELinux selinux_android_compute_policy_index : Policy Index[2],  Con:u:r:zygote:s0 RAM:SEPF_SM-J720F_8.0.0_0002, [-1 -1 -1 -1 0 1]
10-22 20:12:33.462   479   479 I SELinux : SELinux: seapp_context_lookup: seinfo=untrusted, level=s0:c512,c768, pkgname=org.mozilla.fenix:tab0 
10-22 20:12:33.493   479   479 D TimaKeyStoreProvider: TimaKeyStore is not enabled: cannot add TimaSignature Service and generateKeyPair Service
10-22 20:12:33.493   479   479 D ActivityThread: Added TimaKeyStore provider
10-22 20:12:33.496  3957  4651 I ActivityManager: DSS on for org.mozilla.fenix and scale is 1.0
10-22 20:12:33.515   479   479 I zygote64: no shared libraies, dex_files: 1
10-22 20:12:33.523   316   447 I Finsky  : [22876] aiff.bk(289): Finished reading experiment flags from file [cDXKMAm20gnql81lkHY0kpZ363Z9OGuPpqWoMw-jNkY] numFlags=1782.
10-22 20:12:33.528 32551   361 I BatteryMgr:DataCollectionService: stats => 1697998353527,6,4308,171,0,100
10-22 20:12:33.551   316   445 I Finsky  : [22873] kez.Q(10): pcsi: PROCESS_START
10-22 20:12:33.552  3957  4651 D PackageManager: setEnabledSetting : userId = 0 packageName = com.android.vending cmp = com.google.android.finsky.prewarmservice.PrewarmService newState = 1 callingPackage = 10044/com.android.vending
10-22 20:12:33.572   316   443 I Finsky  : [22874] wib.<init>(76): wid - Registering in memory receiver for android.intent.action.PACKAGE_ADDED and android.intent.action.PACKAGE_REMOVED
10-22 20:12:33.574   316   316 I Finsky  : [2] kez.ap(748): Profiling: Starting up (1)
10-22 20:12:33.587   479   479 I FenixApplication: onTrimMemory(), level=5, main=false
10-22 20:12:33.588   479   479 I ServiceChildProcess: onCreate
10-22 20:12:33.589   479   506 I GeckoThread: preparing to run Gecko
10-22 20:12:33.593 32597 32626 W AudioCapabilities: Unsupported mime audio/mpeg-L1
10-22 20:12:33.593 32597 32626 W AudioCapabilities: Unsupported mime audio/mpeg-L2
10-22 20:12:33.593 32597 32626 W AudioCapabilities: Unsupported mime audio/x-ms-wma
10-22 20:12:33.593 32597 32626 W AudioCapabilities: Unsupported mime audio/x-ima
10-22 20:12:33.594 32597 32626 W VideoCapabilities: Unrecognized profile 2130706433 for video/avc
10-22 20:12:33.594 32597 32626 W VideoCapabilities: Unrecognized profile 2130706434 for video/avc
10-22 20:12:33.594   479   506 W linker  : "/data/app/org.mozilla.fenix-iWpGOrf8cry6RDpwHyQugA==/lib/arm64/libmozglue.so" unused DT entry: type 0x8000024 arg 0x38f70
10-22 20:12:33.594   479   506 W linker  : "/data/app/org.mozilla.fenix-iWpGOrf8cry6RDpwHyQugA==/lib/arm64/libmozglue.so" unused DT entry: type 0x8000023 arg 0x1f8
10-22 20:12:33.594   479   506 W linker  : "/data/app/org.mozilla.fenix-iWpGOrf8cry6RDpwHyQugA==/lib/arm64/libmozglue.so" unused DT entry: type 0x8000025 arg 0x8
10-22 20:12:33.596 32597 32626 W VideoCapabilities: Unrecognized profile/level 1/32 for video/mp4v-es
10-22 20:12:33.596 32597 32626 W VideoCapabilities: Unrecognized profile/level 32768/2 for video/mp4v-es
10-22 20:12:33.596 32597 32626 W VideoCapabilities: Unrecognized profile/level 32768/64 for video/mp4v-es
10-22 20:12:33.597 32597 32626 W VideoCapabilities: Unsupported mime video/wvc1
10-22 20:12:33.597 32597 32626 W VideoCapabilities: Unsupported mime video/x-ms-wmv
10-22 20:12:33.598 32597 32626 W VideoCapabilities: Unsupported mime video/x-ms-wmv7
10-22 20:12:33.598   479   506 I GeckoLoader: Library base=/data/app/org.mozilla.fenix-iWpGOrf8cry6RDpwHyQugA==/lib/arm64
10-22 20:12:33.598   479   506 I GeckoLoader: Library base=/data/app/org.mozilla.fenix-iWpGOrf8cry6RDpwHyQugA==/lib/arm64
10-22 20:12:33.599 32597 32626 W VideoCapabilities: Unsupported mime video/x-ms-wmv8
10-22 20:12:33.599 32597 32626 W VideoCapabilities: Unsupported mime video/mp43
10-22 20:12:33.599   479   506 E GeckoLibLoad: Load sqlite start
10-22 20:12:33.601   479   506 W linker  : "/data/app/org.mozilla.fenix-iWpGOrf8cry6RDpwHyQugA==/lib/arm64/libnss3.so" unused DT entry: type 0x8000024 arg 0x14998
10-22 20:12:33.601   479   506 W linker  : "/data/app/org.mozilla.fenix-iWpGOrf8cry6RDpwHyQugA==/lib/arm64/libnss3.so" unused DT entry: type 0x8000023 arg 0x5c8
10-22 20:12:33.601   479   506 W linker  : "/data/app/org.mozilla.fenix-iWpGOrf8cry6RDpwHyQugA==/lib/arm64/libnss3.so" unused DT entry: type 0x8000025 arg 0x8
10-22 20:12:33.602   479   506 E GeckoLibLoad: Load sqlite done
10-22 20:12:33.603   479   506 I GeckoLoader: Library base=/data/app/org.mozilla.fenix-iWpGOrf8cry6RDpwHyQugA==/lib/arm64
10-22 20:12:33.603   479   506 E GeckoLibLoad: Load nss start
10-22 20:12:33.603   479   506 E GeckoLibLoad: Load nss done
10-22 20:12:33.603   479   506 I GeckoLoader: Library base=/data/app/org.mozilla.fenix-iWpGOrf8cry6RDpwHyQugA==/lib/arm64
10-22 20:12:33.607   479   506 W linker  : "/data/app/org.mozilla.fenix-iWpGOrf8cry6RDpwHyQugA==/lib/arm64/libxul.so" unused DT entry: type 0x8000024 arg 0x539420
10-22 20:12:33.607   479   506 W linker  : "/data/app/org.mozilla.fenix-iWpGOrf8cry6RDpwHyQugA==/lib/arm64/libxul.so" unused DT entry: type 0x8000023 arg 0x17d68
10-22 20:12:33.608   479   506 W linker  : "/data/app/org.mozilla.fenix-iWpGOrf8cry6RDpwHyQugA==/lib/arm64/libxul.so" unused DT entry: type 0x8000025 arg 0x8
10-22 20:12:33.633   316   316 I Finsky  : [2] khj.i(514): AsyncInit: Mandatory tasks are executed!
10-22 20:12:33.639   479   506 E GeckoLibLoad: Loaded libs in 35.463885ms total, 12ms(8ms) user, 24ms(24ms) system, 0(0) faults
10-22 20:12:33.639   479   506 W GeckoThread: zerdatime 1660735697 - runGecko
10-22 20:12:33.643 32551   361 I BatteryMgr:DataCollectionService: stats => 1697998353643,6,4308,171,0,100
10-22 20:12:33.663   316   443 I Finsky  : [22874] mgk.g(45): Subscription detail: N/A
10-22 20:12:33.666  3957  4564 D PackageManager: setEnabledSetting : userId = 0 packageName = com.android.vending cmp = com.android.vending.AssetBrowserActivity newState = 1 callingPackage = 10044/com.android.vending
10-22 20:12:33.677  3957  8322 D PackageManager: setEnabledSetting : userId = 0 packageName = com.android.vending cmp = com.google.android.finsky.activities.DebugActivity newState = 2 callingPackage = 10044/com.android.vending
10-22 20:12:33.680  3957  4554 D ConnectivityService: filterNetworkStateForUid() uid: 10169 networkInfo: [type: WIFI[] - WIFI, state: CONNECTED/CONNECTED, reason: (unspecified), extra: "ourhome", failover: false, available: true, roaming: false, metered: false]
10-22 20:12:33.680  3957  4554 D WifiService: getConnectionInfo uid=1000
10-22 20:12:33.683  3599  3918 D DnsProxyListener: DNSDBG::dns addrinfo af 0
10-22 20:12:33.691  3957  8322 D ConnectivityService: filterNetworkStateForUid() uid: 10044 networkInfo: [type: WIFI[] - WIFI, state: CONNECTED/CONNECTED, reason: (unspecified), extra: "ourhome", failover: false, available: true, roaming: false, metered: false]
10-22 20:12:33.691  3957  8322 D WifiService: getConnectionInfo uid=1000
10-22 20:12:33.697   316   443 I Finsky  : [22874] ancv.g(20): SysUA: Disable SystemUpdateActivity, because Android is lower than Q
