10-22 20:30:44.782  9025  9025 I SELinux : SELinux: seapp_context_lookup: seinfo=untrusted, level=s0:c512,c768, pkgname=org.mozilla.fenix 
10-22 20:30:44.787  3957  3973 V WindowManager: rotationForOrientationLw(orient=-1, last=0); user=0 USER_ROTATION_LOCKED sensorRotation=-1 mLidState=-1 mDockMode=0 mHdmiPlugged=false
10-22 20:30:44.789  9014  9014 I com.android.commands.monkey: System.exit called, status: 0
10-22 20:30:44.789  9014  9014 I AndroidRuntime: VM exiting with result code 0.
10-22 20:30:44.792  3957  3973 I SensorService: createSensorEventConnection package name com.android.server.policy.WindowOrientationListener
10-22 20:30:44.793  3957  3973 D SensorService: Calling batch handle==1600221811 flags=0 rate=66667000 timeout== 0
10-22 20:30:44.793  3434  3434 I Sensors : AccelerometerSensor:setDelayAcc: handle 0, delay 66667000 ns, old_delay 200000000 ns
10-22 20:30:44.793  3957  3973 D SensorService: [SO] changed settle time [1], handle [1600221811]
10-22 20:30:44.793  3957  3973 D SensorService: [SO] setDelay [66667000]
10-22 20:30:44.793  3957  3973 D SensorService: [SO] activate (ident=0x74ee01edc0, enabled=1)
10-22 20:30:44.793  3957  3973 D SensorService: [SO] AR_init
10-22 20:30:44.793  3434  3434 I Sensors : AccelerometerSensor:setEnableAcc: handle 0, en 1, old_en 0
10-22 20:30:44.796  3957  4025 D ViewRootImpl@29e99bd[fenix]: setView = DecorView@2fed703[fenix] TM=true MM=false
10-22 20:30:44.796  3957  3973 D SensorManager: registerListener :: 1600221811, Screen Orientation Sensor, 66667, 0,  
10-22 20:30:44.797  3957  3973 V WindowManager: rotationForOrientationLw(orient=-1, last=0); user=0  sensorRotation=-1 mLidState=-1 mDockMode=0 mHdmiPlugged=false
10-22 20:30:44.802  3957  3973 V WindowManager: rotationForOrientationLw(orient=-1, last=0); user=0  sensorRotation=-1 mLidState=-1 mDockMode=0 mHdmiPlugged=false
10-22 20:30:44.802  9025  9025 D TimaKeyStoreProvider: TimaKeyStore is not enabled: cannot add TimaSignature Service and generateKeyPair Service
10-22 20:30:44.803  9025  9025 D ActivityThread: Added TimaKeyStore provider
10-22 20:30:44.805  3957  4025 D ViewRootImpl@29e99bd[fenix]: dispatchAttachedToWindow
10-22 20:30:44.806  3957  5416 I ActivityManager: DSS on for org.mozilla.fenix and scale is 1.0
10-22 20:30:44.807  3957  4025 V WindowManager: Relayout Window{58d3bb2 u0 Splash Screen org.mozilla.fenix}: viewVisibility=0 req=719x1237 WM.LayoutParams{(0,0)(fillxfill) sim=#20 ty=3 fl=#81830118 pfl=0x20011 fmt=-3 wanim=0x10302ea vsysui=0x600 needsMenuKey=2 colorMode=0 naviIconColor=0}
10-22 20:30:44.808  3447  3447 I SurfaceFlinger: id=3568 createSurf (720x1280),1 flag=4, Splash Screen org.mozilla.fenix#0
10-22 20:30:44.809  3957  4025 V Surface : sf_framedrop debug : 0x4f4c, game : false, logging : 0
10-22 20:30:44.811  3957  4025 D InputDispatcher: Focus left window: 8981
10-22 20:30:44.812  3957  4025 D ViewRootImpl@29e99bd[fenix]: Relayout returned: old=[0,0][0,0] new=[0,0][720,1280] result=0x7 surface={valid=true 501170802688} changed=true
10-22 20:30:44.812  8981  8981 D ViewRootImpl@4470b6[MainActivity]: MSG_WINDOW_FOCUS_CHANGED 0
10-22 20:30:44.812  3957  4025 D ViewRootImpl@29e99bd[fenix]: MSG_RESIZED_REPORT: frame=Rect(0, 0 - 720, 1280) ci=Rect(0, 42 - 0, 0) vi=Rect(0, 42 - 0, 0) or=1
10-22 20:30:44.817  3957  5416 D PersonaManagerService: Current focused persona service handled id set to : 0
10-22 20:30:44.817  3957  5416 D InputDispatcher: Focused application set to: xxxx
10-22 20:30:44.818  3957  4220 D GameManagerService: handleForegroundChange(). pkgName: org.mozilla.fenix, clsName: org.mozilla.fenix.HomeActivity,FgActivityName:org.mozilla.fenix/.HomeActivity
10-22 20:30:44.818  3957  5416 D MARsPolicyManager: onPackageResumedFG pkgName = org.mozilla.fenix, userId = 0
10-22 20:30:44.818  3957  4220 D GameManagerService: sem_perfomance_mode: 3
10-22 20:30:44.818  3957  4220 D GameManagerService: notifyResumePause(). pkg: org.mozilla.fenix, type: 4, isMinimized: false, isTunableApp: false
10-22 20:30:44.819  3957  4220 D GameManagerService:   notifyResumePause(). unexpected mPrevNotiType: -1
10-22 20:30:44.821  3957  6478 D GamePkgDataHelper: getGamePkgDataIncServer(). org.mozilla.fenix
10-22 20:30:44.822  3957  6478 D GameManagerService: identifyGamePackage. org.mozilla.fenix
10-22 20:30:44.822  3957  6478 D GamePkgDataHelper: getGamePkgData(). org.mozilla.fenix
10-22 20:30:44.823  3957  6478 D GameManagerService: identifyGamePackage. org.mozilla.fenix
10-22 20:30:44.823  3957  6478 D GamePkgDataHelper: getGamePkgData(). org.mozilla.fenix
10-22 20:30:44.823  3957  6478 D GamePkgDataHelper: getSosPolicy(). org.mozilla.fenix
10-22 20:30:44.826  3957  6478 D GameManagerService: identifyGamePackage. org.mozilla.fenix
10-22 20:30:44.826  3957  6478 D GamePkgDataHelper: getGamePkgData(). org.mozilla.fenix
10-22 20:30:44.826  3957  6478 D GameManagerService: identifyGamePackage. org.mozilla.fenix
10-22 20:30:44.827  3957  6478 D GamePkgDataHelper: getGamePkgData(). org.mozilla.fenix
10-22 20:30:44.835  9025  9025 I zygote64: no shared libraies, dex_files: 1
10-22 20:30:44.836  3957  4025 V WindowManager: finishDrawingLocked: mDrawState=COMMIT_DRAW_PENDING Window{58d3bb2 u0 Splash Screen org.mozilla.fenix} in Surface(name=Splash Screen org.mozilla.fenix)
10-22 20:30:44.857  3447  3447 V Surface : sf_framedrop debug : 0x4f4c, game : false, logging : 0
10-22 20:30:44.859  8981  8998 D OpenGLRenderer: eglDestroySurface = 0x74d44a8b40
10-22 20:30:44.865  3957  4030 D SensorService: [SO] Reset Rotation Old [100], Init [1]
10-22 20:30:44.866  3957  4025 D TaskSnapshotCache: putSnapshot mTaskId=628 RunningCache size=1
10-22 20:30:44.869  3957  8661 V WindowManager: Relayout Window{ed43b91 u0 com.example.batterymanager_utility/com.example.batterymanager_utility.MainActivity}: viewVisibility=8 req=720x1280 WM.LayoutParams{(0,0)(fillxfill) sim=#120 ty=1 fl=#81810100 pfl=0x20000 wanim=0x10302fd vsysui=0x600 needsMenuKey=2 colorMode=0 naviIconColor=0}
10-22 20:30:44.874  3957  3973 D WindowManager: set systemUiVisibility : systemUiFlags= 0x608 fullscreenStackSysUiFlags= 0x0
10-22 20:30:44.875  8981  8981 D ViewRootImpl@4470b6[MainActivity]: Relayout returned: old=[0,0][720,1280] new=[0,0][720,1280] result=0x5 surface={valid=false 0} changed=true
10-22 20:30:44.892  3447  3447 I SurfaceFlinger: Display 0 HWC layers:
10-22 20:30:44.892  3447  3447 I SurfaceFlinger:     type    |    handle    | flag |  format   |   source crop (l,t,r,b)    |         frame       | name 
10-22 20:30:44.892  3447  3447 I SurfaceFlinger: ------------+--------------+------+-----------+----------------------------+---------------------+------
10-22 20:30:44.892  3447  3447 I SurfaceFlinger:      Client |              | 0000 |  Unknown  |  -0.2   -0.2   -0.8   -0.8 |    0    0  720 1280 | animation background stackId=1#0
10-22 20:30:44.892  3447  3447 I SurfaceFlinger:      Client | 0x7ea5024480 | 0002 | RGBA_8888 |   0.0    0.0  720.0 1280.0 |    0    0  720 1279 | com.example.batterymanager_utility/c[...]atterymanager_utility.MainActivity#0
10-22 20:30:44.892  3447  3447 I SurfaceFlinger:      Device | 0x7ea5024540 | 0000 | RGBA_8888 |   0.0    0.0  720.0   42.0 |    0    0  720   42 | StatusBar#0
10-22 20:30:44.892  3447  3447 I SurfaceFlinger: 
10-22 20:30:44.894  4340  7045 D SystemServicesProxy: updateOverviewLastStackActiveTimeAsync: newTime=1697999444753
10-22 20:30:44.896  3957  8661 D SecContentProvider: query(), uri = 17 selection = isSettingsChangesAllowed
10-22 20:30:44.897  3957  8661 D SecContentProvider: called from android.uid.systemui:10009
10-22 20:30:44.897  4340  4692 D SystemServicesProxy: updateOverviewLastStackActiveTimeAsync: done.
10-22 20:30:44.900  3957  5416 D PackageManager: getComponentMetadataForIconTray : com.example.batterymanager_utility.MainActivity does not exist in mServices
10-22 20:30:44.900  3957  5416 D PackageManager: getComponentMetadataForIconTray : com.example.batterymanager_utility.MainActivity does not exist in mProviders
10-22 20:30:44.900  3957  5416 D PackageManager: getComponentMetadataForIconTray : com.example.batterymanager_utility.MainActivity does not exist in mReceivers
10-22 20:30:44.901  9025  9025 I FirebaseApp: Device unlocked: initializing all Firebase APIs for app [DEFAULT]
10-22 20:30:44.901  4340  7045 D ApplicationPackageManager: updateItemMetaDataForFixedIconScale: package: com.example.batterymanager_utility
10-22 20:30:44.902  3957  8661 D PackageManager: getSelectedMetaData : packageName(com.example.batterymanager_utility) or Metadata strings {[Ljava.lang.String;@abfaaac}
10-22 20:30:44.902  4340  7045 I ApplicationPackageManager: load=com.example.batterymanager_utility, bg=144-144, dr=189-189, forDefault=true, density=0
10-22 20:30:44.906  4340  7045 I ApplicationPackageManager: scaled rate=0.72, size=189, alpha=54, hold=102
10-22 20:30:44.906  4340  7045 D ApplicationPackageManager: iconScale: getScale(): 0.72 getAlpha(): 54
10-22 20:30:44.908  9025  9025 I FirebaseInitProvider: FirebaseApp initialization successful
10-22 20:30:44.909  4340  7045 I ApplicationPackageManager: load=com.example.batterymanager_utility-contain, bg=112-112, dr=189-189
10-22 20:30:44.953  3957  4089 D MdnieScenarioControlService:  packageName : org.mozilla.fenix    className : org.mozilla.fenix.App
10-22 20:30:44.953  3957  4089 V MdnieScenarioControlService: setUIMode from UI function(3)
10-22 20:30:44.961  9025  9025 W linker  : "/data/app/org.mozilla.fenix-iWpGOrf8cry6RDpwHyQugA==/lib/arm64/libxul.so" unused DT entry: type 0x8000024 arg 0x539420
10-22 20:30:44.961  9025  9025 W linker  : "/data/app/org.mozilla.fenix-iWpGOrf8cry6RDpwHyQugA==/lib/arm64/libxul.so" unused DT entry: type 0x8000023 arg 0x17d68
10-22 20:30:44.961  9025  9025 W linker  : "/data/app/org.mozilla.fenix-iWpGOrf8cry6RDpwHyQugA==/lib/arm64/libxul.so" unused DT entry: type 0x8000025 arg 0x8
10-22 20:30:44.961  9025  9025 W linker  : "/data/app/org.mozilla.fenix-iWpGOrf8cry6RDpwHyQugA==/lib/arm64/libnss3.so" unused DT entry: type 0x8000024 arg 0x14998
10-22 20:30:44.961  9025  9025 W linker  : "/data/app/org.mozilla.fenix-iWpGOrf8cry6RDpwHyQugA==/lib/arm64/libnss3.so" unused DT entry: type 0x8000023 arg 0x5c8
10-22 20:30:44.962  9025  9025 W linker  : "/data/app/org.mozilla.fenix-iWpGOrf8cry6RDpwHyQugA==/lib/arm64/libnss3.so" unused DT entry: type 0x8000025 arg 0x8
10-22 20:30:44.962  9025  9025 W linker  : "/data/app/org.mozilla.fenix-iWpGOrf8cry6RDpwHyQugA==/lib/arm64/libmozglue.so" unused DT entry: type 0x8000024 arg 0x38f70
10-22 20:30:44.962  9025  9025 W linker  : "/data/app/org.mozilla.fenix-iWpGOrf8cry6RDpwHyQugA==/lib/arm64/libmozglue.so" unused DT entry: type 0x8000023 arg 0x1f8
10-22 20:30:44.962  9025  9025 W linker  : "/data/app/org.mozilla.fenix-iWpGOrf8cry6RDpwHyQugA==/lib/arm64/libmozglue.so" unused DT entry: type 0x8000025 arg 0x8
10-22 20:30:44.962  9025  9025 W linker  : "/data/app/org.mozilla.fenix-iWpGOrf8cry6RDpwHyQugA==/lib/arm64/libmozglue.so" unused DT entry: type 0x8000024 arg 0x38f70
10-22 20:30:44.962  9025  9025 W linker  : "/data/app/org.mozilla.fenix-iWpGOrf8cry6RDpwHyQugA==/lib/arm64/libmozglue.so" unused DT entry: type 0x8000023 arg 0x1f8
10-22 20:30:44.962  9025  9025 W linker  : "/data/app/org.mozilla.fenix-iWpGOrf8cry6RDpwHyQugA==/lib/arm64/libmozglue.so" unused DT entry: type 0x8000025 arg 0x8
10-22 20:30:44.962  9025  9025 W linker  : "/data/app/org.mozilla.fenix-iWpGOrf8cry6RDpwHyQugA==/lib/arm64/libmozglue.so" unused DT entry: type 0x8000024 arg 0x38f70
10-22 20:30:44.962  9025  9025 W linker  : "/data/app/org.mozilla.fenix-iWpGOrf8cry6RDpwHyQugA==/lib/arm64/libmozglue.so" unused DT entry: type 0x8000023 arg 0x1f8
10-22 20:30:44.962  9025  9025 W linker  : "/data/app/org.mozilla.fenix-iWpGOrf8cry6RDpwHyQugA==/lib/arm64/libmozglue.so" unused DT entry: type 0x8000025 arg 0x8
10-22 20:30:44.962  9025  9025 W linker  : "/data/app/org.mozilla.fenix-iWpGOrf8cry6RDpwHyQugA==/lib/arm64/libmozglue.so" unused DT entry: type 0x8000024 arg 0x38f70
10-22 20:30:44.962  9025  9025 W linker  : "/data/app/org.mozilla.fenix-iWpGOrf8cry6RDpwHyQugA==/lib/arm64/libmozglue.so" unused DT entry: type 0x8000023 arg 0x1f8
10-22 20:30:44.962  9025  9025 W linker  : "/data/app/org.mozilla.fenix-iWpGOrf8cry6RDpwHyQugA==/lib/arm64/libmozglue.so" unused DT entry: type 0x8000025 arg 0x8
10-22 20:30:45.061  3447  3447 I SurfaceFlinger: Display 0 HWC layers:
10-22 20:30:45.061  3447  3447 I SurfaceFlinger:     type    |    handle    | flag |  format   |   source crop (l,t,r,b)    |         frame       | name 
10-22 20:30:45.061  3447  3447 I SurfaceFlinger: ------------+--------------+------+-----------+----------------------------+---------------------+------
10-22 20:30:45.061  3447  3447 I SurfaceFlinger:      Client |              | 0000 |  Unknown  |  -0.2   -0.2   -0.8   -0.8 |    0    0  720 1280 | animation background stackId=1#0
10-22 20:30:45.061  3447  3447 I SurfaceFlinger:      Client | 0x7ea5024480 | 0002 | RGBA_8888 |   0.0    0.0  720.0 1280.0 |   16   28  705 1252 | com.example.batterymanager_utility/c[...]atterymanager_utility.MainActivity#0
10-22 20:30:45.061  3447  3447 I SurfaceFlinger:      Device | 0x7e9ecde500 | 0000 | RGBA_8888 |   0.0    0.0  720.0  999.0 |   18  331  702 1280 | Splash Screen org.mozilla.fenix#0
10-22 20:30:45.061  3447  3447 I SurfaceFlinger:      Device | 0x7ea5024540 | 0000 | RGBA_8888 |   0.0    0.0  720.0   42.0 |    0    0  720   42 | StatusBar#0
10-22 20:30:45.061  3447  3447 I SurfaceFlinger: 
10-22 20:30:45.084  9025  9052 I nimbus::stateful::nimbus_client: updating experiment list
10-22 20:30:45.087  9025  9052 I nimbus::stateful::persistence: Already at version 2, no upgrade needed
10-22 20:30:45.090  9025  9052 I nimbus::stateful::nimbus_client: [Nimbus] Retrieved date from Context: 2023-09-28 18:32:20 UTC
10-22 20:30:45.090  9025  9052 I nimbus::stateful::nimbus_client: [Nimbus] Installation Date: 2023-09-28 18:32:20 UTC
10-22 20:30:45.091  9025  9052 I nimbus::stateful::nimbus_client: [Nimbus] Update Date: 2023-09-28 18:32:25.568136298 UTC
10-22 20:30:45.091  9025  9052 I nimbus::stateful::nimbus_client: [Nimbus] Days since install: 23
10-22 20:30:45.091  9025  9052 I nimbus::stateful::nimbus_client: [Nimbus] Days since update: 23
10-22 20:30:45.117  9025  9054 I GeckoThread: preparing to run Gecko
10-22 20:30:45.121  3957  8322 W StorageManager: getStorageLowBytes lowPercent : 5, lowBytes : 1260145254, maxLowBytes : 524288000
10-22 20:30:45.124  3957  8661 W StorageManager: getStorageLowBytes lowPercent : 5, lowBytes : 1260145254, maxLowBytes : 524288000
10-22 20:30:45.127  3957  8661 W StorageManager: getStorageLowBytes lowPercent : 5, lowBytes : 1260145254, maxLowBytes : 524288000
10-22 20:30:45.130  3957  4129 D WifiStateMachine:  ConnectedState !CMD_RSSI_POLL rt=605851715/1661827187 122 0 "ourhome" f4:6d:2f:12:cc:88 rssi=-44 f=5240 sc=60 link=433 tx=0.7, 0.0, 0.0  rx=4.4 bcn=622363 [on:0 tx:0 rx:0 period:449] from screen [on:806360 period:4388798] score=60
10-22 20:30:45.130  3957  4129 D WifiStateMachine:  L2ConnectedState !CMD_RSSI_POLL rt=605851716/1661827188 122 0 "ourhome" f4:6d:2f:12:cc:88 rssi=-44 f=5240 sc=60 link=433 tx=0.7, 0.0, 0.0  rx=4.4 bcn=622363 [on:0 tx:0 rx:0 period:0] from screen [on:806360 period:4388798] score=60
10-22 20:30:45.131  3957  4129 D WifiStateMachine:  get link layer stats 3
10-22 20:30:45.131  3436  3436 I android.hardware.wifi@1.0-service: getLinkLayerStats
10-22 20:30:45.136  9025  9054 I GeckoLoader: Library base=/data/app/org.mozilla.fenix-iWpGOrf8cry6RDpwHyQugA==/lib/arm64
10-22 20:30:45.137  9025  9057 I libglean_ffi: glean_core::core: Creating new Glean v54.0.0
10-22 20:30:45.140  9025  9057 I libglean_ffi: glean_core::database: Database initialized
10-22 20:30:45.140  9025  9054 W Settings: Setting animator_duration_scale has moved from android.provider.Settings.System to android.provider.Settings.Global, returning read-only global URI.
10-22 20:30:45.144  9025  9054 I GeckoLoader: Library base=/data/app/org.mozilla.fenix-iWpGOrf8cry6RDpwHyQugA==/lib/arm64
10-22 20:30:45.145  9025  9054 E GeckoLibLoad: Load sqlite start
10-22 20:30:45.145  9025  9054 E GeckoLibLoad: Load sqlite done
10-22 20:30:45.146  9025  9054 I GeckoLoader: Library base=/data/app/org.mozilla.fenix-iWpGOrf8cry6RDpwHyQugA==/lib/arm64
10-22 20:30:45.146  9025  9054 E GeckoLibLoad: Load nss start
10-22 20:30:45.146  9025  9054 E GeckoLibLoad: Load nss done
10-22 20:30:45.146  9025  9054 I GeckoLoader: Library base=/data/app/org.mozilla.fenix-iWpGOrf8cry6RDpwHyQugA==/lib/arm64
10-22 20:30:45.147  9025  9057 I libglean_ffi: glean_core: Glean initialized
10-22 20:30:45.147  9025  9054 E GeckoLibLoad: Loaded libs in 0.913769ms total, 0ms(0ms) user, 0ms(4ms) system, 0(0) faults
10-22 20:30:45.148  9025  9054 W GeckoThread: zerdatime 1661827206 - runGecko
10-22 20:30:45.148  3957  4129 D WifiStateMachine: fetchRssiLinkSpeedAndFrequencyNative rssi=-44 linkspeed=433 freq=5240
10-22 20:30:45.148  3957  4129 V WifiConfigManager: Updating scan detail cache freq=5240 BSSID=f4:6d:2f:12:cc:88 RSSI=-44 for "ourhome"WPA_PSK
10-22 20:30:45.149  9025  9057 I libglean_ffi: glean_core::event_database: Loading events for background-update
10-22 20:30:45.152  4340  4340 E SignalClusterView: setSlotFocusVisible : subId -2
10-22 20:30:45.152  4340  4340 E SignalClusterView: setSlotFocusVisible : subId -2
10-22 20:30:45.154  9025  9057 I libglean_ffi: glean_core::event_database: Loading events for events
10-22 20:30:45.154  9025  9057 I libglean_ffi: glean_core::event_database: Loading events for pageload
10-22 20:30:45.160  9025  9057 I libglean_ffi: glean_core::ping: Collecting events
10-22 20:30:45.161  3599  3918 D DnsProxyListener: DNSDBG::dns by name af 2
10-22 20:30:45.176  9025  9057 I libglean_ffi: glean_core::upload::directory: Processing ping at: /data/user/0/org.mozilla.fenix/glean_data/pending_pings/20502743-4649-4da8-b831-3fd7e21f9aa1
10-22 20:30:45.178  9025  9057 I libglean_ffi: glean_core::metrics::ping: The ping 'events' was submitted and will be sent as soon as possible
10-22 20:30:45.184  3957  8661 D PackageManager: setEnabledSetting : userId = 0 packageName = org.mozilla.fenix cmp = androidx.work.impl.background.systemjob.SystemJobService newState = 1 callingPackage = 10169/org.mozilla.fenix
10-22 20:30:45.230  9025  9054 I Gecko:DumpUtils: Fifo watcher disabled via pref.
10-22 20:30:45.249  9025  9025 I FenixApplication: AutoPushFeature is configured, initializing it...
10-22 20:30:45.253  9025  9025 I AbstractFirebasePushService: start
10-22 20:30:45.257  9025  9025 I MemoryController: onTrimMemory(5)
10-22 20:30:45.257  9025  9025 I FenixApplication: onTrimMemory(), level=5, main=true
10-22 20:30:45.259  3957  4128 D WifiService: getConnectionInfo uid=1000
10-22 20:30:45.271  9025  9057 I glean/MetricsPingSched: The 'metrics' ping was already sent today, 1697999445240.
10-22 20:30:45.279  9025  9057 I libglean_ffi: glean_core::ping: Collecting baseline
10-22 20:30:45.284  3957  8322 D StorageManagerService: getExternalStorageMountMode : 3
10-22 20:30:45.284  3957  8322 D StorageManagerService: getExternalStorageMountMode : 3
10-22 20:30:45.285  3957  8322 D StorageManagerService: getExternalStorageMountMode : final mountMode=3, uid : 10103, packageName : com.facebook.katana
10-22 20:30:45.285  3957  8322 I ApplicationPolicy: isApplicationExternalStorageWhitelisted:com.facebook.katana user:0
10-22 20:30:45.285  3957  8322 D ApplicationPolicy: isApplicationExternalStorageWhitelisted: DO is not enabled on user 0. Allowed.
10-22 20:30:45.285  3957  8322 D ActivityManager: package  com.facebook.katana, user - 0 is SDcard whitelisted
10-22 20:30:45.285  3957  8322 I ApplicationPolicy: isApplicationExternalStorageBlacklisted:com.facebook.katana user:0
10-22 20:30:45.286  3957  8322 D ApplicationPolicy: isApplicationExternalStorageBlacklisted: DO is not enabled on user 0. Allowed.
10-22 20:30:45.289  9025  9036 I zygote64: Background concurrent copying GC freed 24858(1257KB) AllocSpace objects, 7(156KB) LOS objects, 49% free, 3MB/6MB, paused 2.947ms total 125.070ms
10-22 20:30:45.299  9025  9057 I libglean_ffi: glean_core::upload::directory: Processing ping at: /data/user/0/org.mozilla.fenix/glean_data/pending_pings/17dd36a4-62c3-4261-9bdb-1216cc0e3457
10-22 20:30:45.300  9025  9057 I libglean_ffi: glean_core::metrics::ping: The ping 'baseline' was submitted and will be sent as soon as possible
10-22 20:30:45.302  3957  8322 I ActivityManager: Start proc 9106:com.facebook.katana/u0a103 for content provider com.facebook.katana/.provider.AttributionIdProvider
10-22 20:30:45.309  9106  9106 E Zygote  : isWhitelistProcess - Process is Whitelisted
10-22 20:30:45.309  9106  9106 E libpersona: scanKnoxPersonas
10-22 20:30:45.309  9106  9106 E libpersona: Couldn't open the File - /data/system/users/0/personalist.xml - No such file or directory
10-22 20:30:45.313  9106  9106 W SELinux : SELinux selinux_android_compute_policy_index : Policy Index[2],  Con:u:r:zygote:s0 RAM:SEPF_SM-J720F_8.0.0_0002, [-1 -1 -1 -1 0 1]
10-22 20:30:45.313  9106  9106 I SELinux : SELinux: seapp_context_lookup: seinfo=untrusted, level=s0:c512,c768, pkgname=com.facebook.katana 
10-22 20:30:45.319  3957  5416 D SamsungAlarmManager: setExact Intent (T:0/F:1/AC:false) 20331019T203045 - CU:10169/CP:9025
10-22 20:30:45.325  3957  4650 D StorageManagerService: getExternalStorageMountMode : 1
10-22 20:30:45.326  3957  4650 D StorageManagerService: getExternalStorageMountMode : 3
10-22 20:30:45.326  3957  4650 D StorageManagerService: getExternalStorageMountMode : final mountMode=1, uid : 10169, packageName : org.mozilla.fenix
10-22 20:30:45.326  3957  4650 I ApplicationPolicy: isApplicationExternalStorageWhitelisted:org.mozilla.fenix user:0
10-22 20:30:45.326  3957  4650 D ApplicationPolicy: isApplicationExternalStorageWhitelisted: DO is not enabled on user 0. Allowed.
10-22 20:30:45.326  3957  4650 D ActivityManager: package  org.mozilla.fenix, user - 0 is SDcard whitelisted
10-22 20:30:45.326  3957  4650 I ApplicationPolicy: isApplicationExternalStorageBlacklisted:org.mozilla.fenix user:0
10-22 20:30:45.326  3957  4650 D ApplicationPolicy: isApplicationExternalStorageBlacklisted: DO is not enabled on user 0. Allowed.
10-22 20:30:45.328  9025  9102 I push::internal::communications::rate_limiter: No need to reset inner timestamp and count for verify_connection.
10-22 20:30:45.342  9106  9106 D TimaKeyStoreProvider: TimaKeyStore is not enabled: cannot add TimaSignature Service and generateKeyPair Service
10-22 20:30:45.343  9106  9106 D ActivityThread: Added TimaKeyStore provider
10-22 20:30:45.343  9124  9124 E Zygote  : isWhitelistProcess - Process is Whitelisted
10-22 20:30:45.344  9124  9124 E libpersona: scanKnoxPersonas
10-22 20:30:45.344  9124  9124 E libpersona: Couldn't open the File - /data/system/users/0/personalist.xml - No such file or directory
10-22 20:30:45.346  9124  9124 W SELinux : SELinux selinux_android_compute_policy_index : Policy Index[2],  Con:u:r:zygote:s0 RAM:SEPF_SM-J720F_8.0.0_0002, [-1 -1 -1 -1 0 1]
10-22 20:30:45.346  9025  9102 I push::internal::communications::rate_limiter: Not allowed: count(89) > 1 for verify_connection.
10-22 20:30:45.346  9124  9124 I SELinux : SELinux: seapp_context_lookup: seinfo=untrusted, level=s0:c512,c768, pkgname=org.mozilla.fenix:tab27 
10-22 20:30:45.347  9025  9102 I AutoPushFeature: No change to subscriptions. Doing nothing.
10-22 20:30:45.348  9025  9050 I libglean_ffi: glean_core::ping: Collecting crash
10-22 20:30:45.349  3957  4650 I ActivityManager: Start proc 9124:org.mozilla.fenix:tab27/u0a169 for service org.mozilla.fenix/org.mozilla.gecko.process.GeckoChildProcessServices$tab27
10-22 20:30:45.350  3957 10037 I ActivityManager: DSS on for com.facebook.katana and scale is 1.0
10-22 20:30:45.356  3957  4025 I WindowManager: Destroying surface Surface(name=com.example.batterymanager_utility/com.example.batterymanager_utility.MainActivity) called by com.android.server.wm.WindowStateAnimator.destroySurface:2501 com.android.server.wm.WindowStateAnimator.destroySurfaceLocked:985 com.android.server.wm.WindowState.destroyOrSaveSurfaceUnchecked:3670 com.android.server.wm.WindowState.destroySurface:3618 com.android.server.wm.AppWindowToken.destroySurfaces:722 com.android.server.wm.AppWindowToken.destroySurfaces:706 com.android.server.wm.WindowState.onExitAnimationDone:5316 com.android.server.wm.WindowStateAnimator.stepAnimationLocked:550 
10-22 20:30:45.356  3447  5168 I SurfaceFlinger: id=3567 Removed com.example.batterymanager_utility/com.example.batterymanager_utility.MainActivity#0 (2/5)
10-22 20:30:45.361  3447  5168 I SurfaceFlinger: id=3567 Removed com.example.batterymanager_utility/com.example.batterymanager_utility.MainActivity#0 (-2/5)
10-22 20:30:45.362  9025  9050 I libglean_ffi: glean_core::upload::directory: Processing ping at: /data/user/0/org.mozilla.fenix/glean_data/pending_pings/1f17b509-3e7e-4fde-af64-c60e49679b4d
10-22 20:30:45.363  9025  9050 I libglean_ffi: glean_core::metrics::ping: The ping 'crash' was submitted and will be sent as soon as possible
10-22 20:30:45.370  9025  9050 I libglean_ffi: glean_core::ping: Collecting pageload
10-22 20:30:45.372  3447  3447 I Layer   : id=3567 onRemoved com.example.batterymanager_utility/com.example.batterymanager_utility.MainActivity#0 
10-22 20:30:45.375  9124  9124 D TimaKeyStoreProvider: TimaKeyStore is not enabled: cannot add TimaSignature Service and generateKeyPair Service
10-22 20:30:45.376  9124  9124 D ActivityThread: Added TimaKeyStore provider
10-22 20:30:45.377  3447  3447 I SurfaceFlinger: Display 0 HWC layers:
10-22 20:30:45.377  3447  3447 I SurfaceFlinger:     type    |    handle    | flag |  format   |   source crop (l,t,r,b)    |         frame       | name 
10-22 20:30:45.377  3447  3447 I SurfaceFlinger: ------------+--------------+------+-----------+----------------------------+---------------------+------
10-22 20:30:45.377  3447  3447 I SurfaceFlinger:      Device | 0x7e9ecde500 | 0000 | RGBA_8888 |   0.0    0.0  720.0 1280.0 |    0    0  720 1280 | Splash Screen org.mozilla.fenix#0
10-22 20:30:45.377  3447  3447 I SurfaceFlinger:      Device | 0x7ea5024540 | 0000 | RGBA_8888 |   0.0    0.0  720.0   42.0 |    0    0  720   42 | StatusBar#0
10-22 20:30:45.377  3447  3447 I SurfaceFlinger: 
10-22 20:30:45.379  3957  8661 I ActivityManager: DSS on for org.mozilla.fenix and scale is 1.0
10-22 20:30:45.382  9025  9050 I libglean_ffi: glean_core::upload::directory: Processing ping at: /data/user/0/org.mozilla.fenix/glean_data/pending_pings/91333914-f830-4d20-9715-b9b39f2f1565
10-22 20:30:45.383  9025  9050 I libglean_ffi: glean_core::metrics::ping: The ping 'pageload' was submitted and will be sent as soon as possible
10-22 20:30:45.384  3957  4650 D ConnectivityService: filterNetworkStateForUid() uid: 10169 networkInfo: [type: WIFI[] - WIFI, state: CONNECTED/CONNECTED, reason: (unspecified), extra: "ourhome", failover: false, available: true, roaming: false, metered: false]
10-22 20:30:45.384  3957  4650 D WifiService: getConnectionInfo uid=1000
10-22 20:30:45.391  9025  9050 I libglean_ffi: glean_core::core: Upload enabled: true
10-22 20:30:45.401  3957  8661 D PackageManager: setEnabledSetting : userId = 0 packageName = org.mozilla.fenix cmp = androidx.work.impl.background.systemalarm.RescheduleReceiver newState = 1 callingPackage = 10169/org.mozilla.fenix
10-22 20:30:45.402  9124  9124 I zygote64: no shared libraies, dex_files: 1
10-22 20:30:45.411  9106  9106 I zygote  : no shared libraies, dex_files: 1
10-22 20:30:45.423  3957  8661 D ConnectivityService: filterNetworkStateForUid() uid: 10169 networkInfo: [type: WIFI[] - WIFI, state: CONNECTED/CONNECTED, reason: (unspecified), extra: "ourhome", failover: false, available: true, roaming: false, metered: false]
10-22 20:30:45.423  3957  8661 D WifiService: getConnectionInfo uid=1000
10-22 20:30:45.434  3957  8661 D ConnectivityService: filterNetworkStateForUid() uid: 10169 networkInfo: [type: WIFI[] - WIFI, state: CONNECTED/CONNECTED, reason: (unspecified), extra: "ourhome", failover: false, available: true, roaming: false, metered: false]
10-22 20:30:45.435  3957  8661 D WifiService: getConnectionInfo uid=1000
10-22 20:30:45.438  3957  4650 D ConnectivityService: filterNetworkStateForUid() uid: 10169 networkInfo: [type: WIFI[] - WIFI, state: CONNECTED/CONNECTED, reason: (unspecified), extra: "ourhome", failover: false, available: true, roaming: false, metered: false]
10-22 20:30:45.438  3957  4650 D WifiService: getConnectionInfo uid=1000
10-22 20:30:45.440  9025  9138 D ConnectivityManager: requestNetwork; CallingUid : 10169, CallingPid : 9025
10-22 20:30:45.443  3957  4650 D ConnectivityService: requestNetwork for uid/pid:10169/9025 NetworkRequest [ TRACK_DEFAULT id=2373, [ Capabilities: INTERNET&NOT_RESTRICTED&TRUSTED&NOT_VPN] ]
10-22 20:30:45.444  3957  4157 D ConnectivityService: rematching NetworkAgentInfo [WIFI () - 509]
10-22 20:30:45.444  3957  4157 D ConnectivityService:  network has: [ Transports: WIFI Capabilities: NOT_METERED&INTERNET&NOT_RESTRICTED&TRUSTED&NOT_VPN&VALIDATED&FOREGROUND LinkUpBandwidth>=1048576Kbps LinkDnBandwidth>=1048576Kbps SignalStrength: -42]
10-22 20:30:45.444  3957  4157 D ConnectivityService: Network NetworkAgentInfo [WIFI () - 509] was already satisfying request 1. No change.
10-22 20:30:45.444  3957  4157 D ConnectivityService: Network NetworkAgentInfo [WIFI () - 509] was already satisfying request 3. No change.
10-22 20:30:45.444  3957  4157 D ConnectivityService:   checking if request is satisfied: NetworkRequest [ TRACK_DEFAULT id=2373, [ Capabilities: INTERNET&NOT_RESTRICTED&TRUSTED&NOT_VPN] ]
10-22 20:30:45.444  3957  4157 D ConnectivityService: currentScore = 0, newScore = 100
10-22 20:30:45.444  3957  4157 D ConnectivityService: rematch for NetworkAgentInfo [WIFI () - 509]
10-22 20:30:45.444  3957  4157 D ConnectivityService:    accepting network in place of null
10-22 20:30:45.444  3957  4157 D ConnectivityService: sending new Min Network Score(100): NetworkRequest [ TRACK_DEFAULT id=2373, [ Capabilities: INTERNET&NOT_RESTRICTED&TRUSTED&NOT_VPN] ]
10-22 20:30:45.444  3957  4313 D Ethernet: got request NetworkRequest [ TRACK_DEFAULT id=2373, [ Capabilities: INTERNET&NOT_RESTRICTED&TRUSTED&NOT_VPN] ] with score 100
10-22 20:30:45.444  3957  4313 D Ethernet:   my score=-1, my filter=[ Transports: ETHERNET Capabilities: INTERNET&NOT_RESTRICTED&TRUSTED&NOT_VPN LinkUpBandwidth>=100000Kbps LinkDnBandwidth>=100000Kbps]
10-22 20:30:45.444  3957  4313 D Ethernet: evalRequest
10-22 20:30:45.445  3957  4313 D Ethernet:   done
10-22 20:30:45.445  4616  4616 D PhoneSwitcherNetworkRequstListener: got request NetworkRequest [ TRACK_DEFAULT id=2373, [ Capabilities: INTERNET&NOT_RESTRICTED&TRUSTED&NOT_VPN] ] with score 100
10-22 20:30:45.445  3957  4157 D ConnectivityService: MultiNetwork Request(TransportType - Wi-Fi request). Internet Capability doesn't required (false)
10-22 20:30:45.445  3957  4129 D WIFI    : got request NetworkRequest [ TRACK_DEFAULT id=2373, [ Capabilities: INTERNET&NOT_RESTRICTED&TRUSTED&NOT_VPN] ] with score 100
10-22 20:30:45.445  3957  4157 D ConnectivityService: Network NetworkAgentInfo [WIFI () - 509] was already satisfying request 2371. No change.
10-22 20:30:45.445  3957  4129 D WIFI    :   my score=60, my filter=[ Transports: WIFI Capabilities: NOT_METERED&INTERNET&NOT_RESTRICTED&TRUSTED&NOT_VPN LinkUpBandwidth>=1048576Kbps LinkDnBandwidth>=1048576Kbps]
10-22 20:30:45.445  3957  4129 D WIFI    : evalRequest
10-22 20:30:45.445  3957  4129 D WIFI    :   done
10-22 20:30:45.445  3957  4157 D ConnectivityService: sending notification AVAILABLE for NetworkRequest [ TRACK_DEFAULT id=2373, [ Capabilities: INTERNET&NOT_RESTRICTED&TRUSTED&NOT_VPN] ]
10-22 20:30:45.445  3957  4129 D WIFI_UT : got request NetworkRequest [ TRACK_DEFAULT id=2373, [ Capabilities: INTERNET&NOT_RESTRICTED&TRUSTED&NOT_VPN] ] with score 100
10-22 20:30:45.445  3957  4129 D WIFI_UT :   my score=2147483647, my filter=[ Transports: WIFI Capabilities: NOT_METERED&INTERNET&NOT_RESTRICTED&TRUSTED&NOT_VPN LinkUpBandwidth>=1048576Kbps LinkDnBandwidth>=1048576Kbps]
10-22 20:30:45.445  4616  4616 D PhoneSwitcherNetworkRequstListener:   my score=101, my filter=[ Transports: CELLULAR Capabilities: MMS&SUPL&DUN&FOTA&IMS&CBS&IA&RCS&XCAP&EIMS&INTERNET&NOT_RESTRICTED&TRUSTED&NOT_VPN&ENT1 Specifier: <android.net.MatchAllNetworkSpecifier@0>]
10-22 20:30:45.445  3957  4129 D WIFI_UT : evalRequest
10-22 20:30:45.445  3957  4129 D WIFI_UT :   needNetworkFor
10-22 20:30:45.445  4616  4616 D PhoneSwitcherNetworkRequstListener: evalRequest
10-22 20:30:45.445  4616  4616 D PhoneSwitcherNetworkRequstListener:   needNetworkFor
10-22 20:30:45.445  3957  4157 D ConnectivityService: sending notification CAP_CHANGED for NetworkRequest [ TRACK_DEFAULT id=2373, [ Capabilities: INTERNET&NOT_RESTRICTED&TRUSTED&NOT_VPN] ]
10-22 20:30:45.446  3957  4153 D WIFI_P2P: got request NetworkRequest [ TRACK_DEFAULT id=2373, [ Capabilities: INTERNET&NOT_RESTRICTED&TRUSTED&NOT_VPN] ] with score 100
10-22 20:30:45.446  3957  4153 D WIFI_P2P:   my score=60, my filter=[ Transports: WIFI Capabilities: WIFI_P2P&NOT_RESTRICTED&TRUSTED&NOT_VPN LinkUpBandwidth>=1048576Kbps LinkDnBandwidth>=1048576Kbps]
10-22 20:30:45.446  3957  4157 D ConnectivityService: sending notification IP_CHANGED for NetworkRequest [ TRACK_DEFAULT id=2373, [ Capabilities: INTERNET&NOT_RESTRICTED&TRUSTED&NOT_VPN] ]
10-22 20:30:45.446  3957  4153 D WIFI_P2P: evalRequest
10-22 20:30:45.446  3957  4153 D WIFI_P2P:   done
10-22 20:30:45.448  3957  4650 D ConnectivityService: filterNetworkStateForUid() uid: 10169 networkInfo: [type: WIFI[] - WIFI, state: CONNECTED/CONNECTED, reason: (unspecified), extra: "ourhome", failover: false, available: true, roaming: false, metered: false]
10-22 20:30:45.448  3957  4650 D WifiService: getConnectionInfo uid=1000
10-22 20:30:45.450  3957  4650 D ConnectivityService: filterNetworkStateForUid() uid: 10169 networkInfo: [type: WIFI[] - WIFI, state: CONNECTED/CONNECTED, reason: (unspecified), extra: "ourhome", failover: false, available: true, roaming: false, metered: false]
10-22 20:30:45.450  3957  4650 D WifiService: getConnectionInfo uid=1000
10-22 20:30:45.455  9025  9025 I NavController: Ignoring popBackStack to destination org.mozilla.fenix:id/browserFragment as it was not found on the current back stack
10-22 20:30:45.472  3957  4324 I OpenGLRenderer: Initialized EGL, version 1.4
10-22 20:30:45.472  3957  4324 D OpenGLRenderer: Swap behavior 2
10-22 20:30:45.474  9025  9025 I ContileTopSitesUpdater: Started periodic work to update Contile top sites
10-22 20:30:45.483  9124  9124 I FenixApplication: onTrimMemory(), level=5, main=false
10-22 20:30:45.484  9124  9124 I ServiceChildProcess: onCreate
10-22 20:30:45.491  9124  9152 I GeckoThread: preparing to run Gecko
10-22 20:30:45.525  3328  3328 W keymaster2_mdfpp: entered get_key_characteristics function.
10-22 20:30:45.527  3328  3328 W keymaster_tee: [WRN]KEY_PARAMS: AES ENC DEC GCM PADNO AUTH SIZE:256 
10-22 20:30:45.527  3328  3328 W keymaster_tee: [WRN]KEY_PARAMS: 20230928203226 
10-22 20:30:45.527  3328  3328 W keymaster2_mdfpp: exit get_key_characteristics function, returned 0
10-22 20:30:45.536  3328  3328 W keymaster2_mdfpp: entered get_key_characteristics function.
10-22 20:30:45.537  3328  3328 W keymaster_tee: [WRN]KEY_PARAMS: AES ENC DEC GCM PADNO AUTH SIZE:256 
10-22 20:30:45.537  3328  3328 W keymaster_tee: [WRN]KEY_PARAMS: 20230928203226 
10-22 20:30:45.537  3328  3328 W keymaster2_mdfpp: exit get_key_characteristics function, returned 0
10-22 20:30:45.542  3328  3328 W keymaster2_mdfpp: entered get_key_characteristics function.
10-22 20:30:45.544  3328  3328 W keymaster_tee: [WRN]KEY_PARAMS: AES ENC DEC GCM PADNO AUTH SIZE:256 
10-22 20:30:45.544  3328  3328 W keymaster_tee: [WRN]KEY_PARAMS: 20230928203226 
10-22 20:30:45.544  3328  3328 W keymaster2_mdfpp: exit get_key_characteristics function, returned 0
10-22 20:30:45.550  3328  3328 W keymaster2_mdfpp: entered get_key_characteristics function.
10-22 20:30:45.552  3328  3328 W keymaster_tee: [WRN]KEY_PARAMS: AES ENC DEC GCM PADNO AUTH SIZE:256 
10-22 20:30:45.552  3328  3328 W keymaster_tee: [WRN]KEY_PARAMS: 20230928203226 
10-22 20:30:45.552  3328  3328 W keymaster2_mdfpp: exit get_key_characteristics function, returned 0
10-22 20:30:45.553  3328  3328 W keymaster2_mdfpp: entered begin function.
10-22 20:30:45.554  3328  3328 W keymaster2_mdfpp: exit begin function, returned 0
10-22 20:30:45.557  3328  3328 W keymaster2_mdfpp: entered update function.
10-22 20:30:45.557  3328  3328 W keymaster2_mdfpp: exit update function, returned 0
10-22 20:30:45.558  3328  3328 W keymaster2_mdfpp: entered finish function.
10-22 20:30:45.559  3328  3328 W keymaster2_mdfpp: exit finish function, returned 0
10-22 20:30:45.560  3589  3589 W keystore: ENTER remove operation from uid 10169
10-22 20:30:45.582  9106  9106 W CrashLoopRemedyLog: unable to delete remedy log, instaCrash: false
10-22 20:30:45.582  9106  9106 W CrashLoopRemedyLog: unable to delete remedy log, instaCrash: true
10-22 20:30:45.594  9025  9094 W logins::schema: user_version: 2
10-22 20:30:45.605  9106  9175 W AppInitScheduler|Run: Running ReliabilityInitConfigureErrorReportingOnProcess [*]
10-22 20:30:45.606  9106  9176 W AppInitScheduler|Run: Running InitSharedLibraries [*]
10-22 20:30:45.607  9106  9177 W AppInitScheduler|Run: Running InitMultiProcessTracker
10-22 20:30:45.608  9106  9178 W AppInitScheduler|Run: Running InitNonSdkApiUsageReporting
10-22 20:30:45.608  9106  9178 W AppInitScheduler|Run:   Finished InitNonSdkApiUsageReporting in 0ms
10-22 20:30:45.609  9106  9179 W AppInitScheduler|Run: Running PreloadStartupLightSharedPreferenceUsages
10-22 20:30:45.609  9106  9179 W AppInitScheduler|Run:   Finished PreloadStartupLightSharedPreferenceUsages in 0ms
10-22 20:30:45.610  9106  9176 W SoLoader: Initializing SoLoader: 2
10-22 20:30:45.611  9106  9177 W AppInitScheduler|Run:   Finished InitMultiProcessTracker in 3ms
10-22 20:30:45.612  9106  9180 W FileBasedMultiProcessTracker: <default>: Initializing FileBasedMultiProcessTracking using /data/user/0/com.facebook.katana/app_multiprocess_tracking
10-22 20:30:45.612  9106  9176 W SoLoader: Recording new base apk path: /data/app/com.facebook.katana-2P9BZ5nf4QWKDLOfe3-HXQ==/base.apk
10-22 20:30:45.612  9106  9176 W SoLoader: Previously recorded 0 base apk paths.
10-22 20:30:45.612  9106  9180 W FileBasedMultiProcessTracker: <default>: Creating file to track 9106
10-22 20:30:45.617  9106  9180 W FileBasedMultiProcessTracker: <default>: FileBasedMultiProcessTracker ready!
10-22 20:30:45.617  9106  9181 W FileBasedMultiProcessTracker: <default>: Observed removed PID: 7785
10-22 20:30:45.618  9025  9025 W GeckoViewActivityContextDelegate: A non-activity context was set.
10-22 20:30:45.628  3957  8661 D ConnectivityService: filterNetworkStateForUid() uid: 10169 networkInfo: [type: WIFI[] - WIFI, state: CONNECTED/CONNECTED, reason: (unspecified), extra: "ourhome", failover: false, available: true, roaming: false, metered: false]
10-22 20:30:45.628  3957  8661 D WifiService: getConnectionInfo uid=1000
10-22 20:30:45.629  3957  8661 I chatty  : uid=1000(system) Binder:3957_14 identical 1 line
10-22 20:30:45.629  3957  8661 I chatty  : uid=1000(system) Binder:3957_14 identical 1 line
10-22 20:30:45.630  3957  8661 D ConnectivityService: filterNetworkStateForUid() uid: 10169 networkInfo: [type: WIFI[] - WIFI, state: CONNECTED/CONNECTED, reason: (unspecified), extra: "ourhome", failover: false, available: true, roaming: false, metered: false]
10-22 20:30:45.630  3957  8661 D WifiService: getConnectionInfo uid=1000
10-22 20:30:45.641  9025  9025 I BgSyncManager: Periodic syncing enabled: PeriodicSyncConfig(periodMinutes=240, initialDelayMinutes=5)
10-22 20:30:45.641  9025  9025 I FirefoxAccountStateMachine: Sync is enabled
10-22 20:30:45.646  9025  9087 I StartupTypeTelemetry: Recorded start up: cold_main
10-22 20:30:45.662  9025  9054 W ResourceType: Too many attribute references, stopped at: 0x01010099
10-22 20:30:45.663  9025  9185 D OpenGLRenderer: HWUI GL Pipeline
10-22 20:30:45.670  9025  9025 D ViewRootImpl@4a80368[App]: setView = DecorView@e16f067[App] TM=true MM=false
10-22 20:30:45.671  3957  8322 D ActivityManager: post active user change for 0 fullscreen true isHomeActivity() false
10-22 20:30:45.671  9025  9025 I Choreographer: Skipped 44 frames!  The application may be doing too much work on its main thread.
10-22 20:30:45.673  9025  9025 D ViewRootImpl@4a80368[App]: dispatchAttachedToWindow
10-22 20:30:45.677  9106  9175 W lacrima : FbErrorReportingConfig.earlyInit
10-22 20:30:45.677  3957  5416 V WindowManager: Relayout Window{8fc7b12 u0 org.mozilla.fenix/org.mozilla.fenix.App}: viewVisibility=0 req=719x1237 WM.LayoutParams{(0,0)(fillxfill) sim=#110 ty=1 fl=#81010100 pfl=0x20000 wanim=0x7f1404fa vsysui=0x2610 needsMenuKey=2 colorMode=0 naviIconColor=0}
10-22 20:30:45.680  3957  4129 D WifiStateMachine:  ConnectedState !RSSI_PKTCNT_FETCH uid=1000 rt=605852264/1661827737 0 0 "ourhome" f4:6d:2f:12:cc:88 rssi=-44 f=5240 sc=60 link=433 tx=0.3, 0.0, 0.0  rx=2.2 bcn=622391 [on:0 tx:0 rx:0 period:529] from screen [on:806488 period:4389347] score=60
10-22 20:30:45.681  3957  4129 D WifiStateMachine:  L2ConnectedState !RSSI_PKTCNT_FETCH uid=1000 rt=605852265/1661827738 0 0 "ourhome" f4:6d:2f:12:cc:88 rssi=-44 f=5240 sc=60 link=433 tx=0.3, 0.0, 0.0  rx=2.2 bcn=622391 [on:0 tx:0 rx:0 period:2] from screen [on:806488 period:4389349] score=60
10-22 20:30:45.682  3447  3447 I SurfaceFlinger: id=3569 createSurf (720x1280),1 flag=404, org.mozilla.fenix/org.mozilla.fenix.App#0
10-22 20:30:45.684  3957  5416 V Surface : sf_framedrop debug : 0x4f4c, game : false, logging : 0
10-22 20:30:45.684  3957  3973 D WindowManager: set systemUiVisibility : systemUiFlags= 0x2608 fullscreenStackSysUiFlags= 0x0
10-22 20:30:45.686  3957  4129 D WifiStateMachine: fetchRssiLinkSpeedAndFrequencyNative rssi=-45 linkspeed=433 freq=5240
10-22 20:30:45.686  3957  4129 V WifiConfigManager: Updating scan detail cache freq=5240 BSSID=f4:6d:2f:12:cc:88 RSSI=-44 for "ourhome"WPA_PSK
10-22 20:30:45.688  3957  5416 D InputDispatcher: Focus entered window: 9025
10-22 20:30:45.691  9025  9025 V Surface : sf_framedrop debug : 0x4f4c, game : false, logging : 0
10-22 20:30:45.691  9025  9025 D ViewRootImpl@4a80368[App]: Relayout returned: old=[0,0][0,0] new=[0,0][720,1280] result=0x7 surface={valid=true 499288981504} changed=true
10-22 20:30:45.692  9025  9185 I OpenGLRenderer: Initialized EGL, version 1.4
10-22 20:30:45.692  9025  9185 D OpenGLRenderer: Swap behavior 2
10-22 20:30:45.693  3957  8322 D WindowManager: adjustSystemUiVisibilityLw : vis= 0x2608
10-22 20:30:45.695  9025  9185 D libGLESv1: STS_GLApi : DTS, ODTC are not allowed for Package : org.mozilla.fenix
10-22 20:30:45.696  3957  5416 D StorageManagerService: getExternalStorageMountMode : 1
10-22 20:30:45.697  3957  5416 D StorageManagerService: getExternalStorageMountMode : 3
10-22 20:30:45.697  9025  9185 D mali_winsys: EGLint new_window_surface(egl_winsys_display *, void *, EGLSurface, EGLConfig, egl_winsys_surface **, egl_color_buffer_format *, EGLBoolean) returns 0x3000,  [720x1280]-format:1
10-22 20:30:45.697  3957  5416 D StorageManagerService: getExternalStorageMountMode : final mountMode=1, uid : 10169, packageName : org.mozilla.fenix
10-22 20:30:45.697  9025  9185 D OpenGLRenderer: eglCreateWindowSurface = 0x743cffcd00
10-22 20:30:45.697  3957  5416 I ApplicationPolicy: isApplicationExternalStorageWhitelisted:org.mozilla.fenix user:0
10-22 20:30:45.697  3957  5416 D ApplicationPolicy: isApplicationExternalStorageWhitelisted: DO is not enabled on user 0. Allowed.
10-22 20:30:45.697  3957  5416 D ActivityManager: package  org.mozilla.fenix, user - 0 is SDcard whitelisted
10-22 20:30:45.697  3957  5416 I ApplicationPolicy: isApplicationExternalStorageBlacklisted:org.mozilla.fenix user:0
10-22 20:30:45.697  3957  5416 D ApplicationPolicy: isApplicationExternalStorageBlacklisted: DO is not enabled on user 0. Allowed.
10-22 20:30:45.698  3447  3447 I SurfaceFlinger: id=3570 createSurf (720x1238),1 flag=4, SurfaceView - org.mozilla.fenix/org.mozilla.fenix.App@861be62@0#0
10-22 20:30:45.700  3447  3447 I SurfaceFlinger: id=3571 createSurf (720x1238),-1 flag=20004, Background for - SurfaceView - org.mozilla.fenix/org.mozilla.fenix.App@861be62@0#0
10-22 20:30:45.700  9025  9025 D SurfaceView: BG hide() Surface(name=Background for - SurfaceView - org.mozilla.fenix/org.mozilla.fenix.App@861be62@0) false true org.mozilla.gecko.MagnifiableSurfaceView{861be62 V.E...... ......ID 0,0-720,1238}
10-22 20:30:45.706  9025  9025 V Surface : sf_framedrop debug : 0x4f4c, game : false, logging : 0
10-22 20:30:45.707  9202  9202 E Zygote  : isWhitelistProcess - Process is Whitelisted
10-22 20:30:45.707  9025  9025 D SurfaceView: surfaceCreated 1 org.mozilla.gecko.MagnifiableSurfaceView{861be62 V.E...... ......ID 0,0-720,1238}
10-22 20:30:45.707  9025  9025 D SurfaceView: surfaceChanged (720,1238) 1 org.mozilla.gecko.MagnifiableSurfaceView{861be62 V.E...... ......ID 0,0-720,1238}
10-22 20:30:45.707  9202  9202 E libpersona: scanKnoxPersonas
10-22 20:30:45.707  9202  9202 E libpersona: Couldn't open the File - /data/system/users/0/personalist.xml - No such file or directory
10-22 20:30:45.708  9202  9202 W SELinux : SELinux selinux_android_compute_policy_index : Policy Index[2],  Con:u:r:zygote:s0 RAM:SEPF_SM-J720F_8.0.0_0002, [-1 -1 -1 -1 0 1]
10-22 20:30:45.709  9202  9202 I SELinux : SELinux: seapp_context_lookup: seinfo=untrusted, level=s0:c512,c768, pkgname=org.mozilla.fenix:gpu 
10-22 20:30:45.710  3957  5416 I ActivityManager: Start proc 9202:org.mozilla.fenix:gpu/u0a169 for service org.mozilla.fenix/org.mozilla.gecko.process.GeckoChildProcessServices$gpu
10-22 20:30:45.720  9106  9176 W SoLoader: SoLoader initialized: 2
10-22 20:30:45.729  9106  9175 W AppStateLoggerNative: AppStateLoggerNative.initializeNativeCrashReporting not called.
10-22 20:30:45.729  9106  9176 W FbSoLoader: Initialized FBSoLoader
10-22 20:30:45.730  3559  3559 E audit   : type=1400 audit(1697999445.722:7166): avc:  denied  { read } for  pid=9175 comm="AppInit1" name="zoneinfo" dev="proc" ino=4026532217 scontext=u:r:untrusted_app:s0:c512,c768 tcontext=u:object_r:proc_zoneinfo:s0 tclass=file permissive=0 SEPF_SM-J720F_8.0.0_0002 audit_filtered
10-22 20:30:45.730  3559  3559 E audit   : type=1300 audit(1697999445.722:7166): arch=40000028 syscall=322 per=8 success=no exit=-13 a0=ffffff9c a1=e35efef0 a2=20000 a3=0 items=0 ppid=3580 pid=9175 auid=4294967295 uid=10103 gid=10103 euid=10103 suid=10103 fsuid=10103 egid=10103 sgid=10103 fsgid=10103 tty=(none) ses=4294967295 comm="AppInit1" exe="/system/bin/app_process32" subj=u:r:untrusted_app:s0:c512,c768 key=(null)
10-22 20:30:45.731  3559  3559 E audit   : type=1327 audit(1697999445.722:7166): proctitle="com.facebook.katana"
10-22 20:30:45.731  9106  9176 W AppInitScheduler|Run:   Finished InitSharedLibraries in 126ms
10-22 20:30:45.732  9106  9175 W lacrima : Start JavaAppDeathCrashDetector... X.0pw
10-22 20:30:45.732  9106  9221 W AppInitScheduler|Run: Running FixArtDebugging [*]
10-22 20:30:45.732  9106  9221 W AppInitScheduler|Run:   Finished FixArtDebugging in 0ms
10-22 20:30:45.732  9106  9222 W AppInitScheduler|Run: Running GeneratePerfStats [*]
10-22 20:30:45.733  9106  9223 W AppInitScheduler|Run: Running EnableExtraTracing
10-22 20:30:45.733  9106  9223 W AppInitScheduler|Run:   Finished EnableExtraTracing in 0ms
10-22 20:30:45.734  9106  9175 W lacrima : Sending pending reports
10-22 20:30:45.735  9202  9202 D TimaKeyStoreProvider: TimaKeyStore is not enabled: cannot add TimaSignature Service and generateKeyPair Service
10-22 20:30:45.735  9106  9176 W AppInitScheduler|Run: Running InitOxygenCrashReporter
10-22 20:30:45.735  9202  9202 D ActivityThread: Added TimaKeyStore provider
10-22 20:30:45.736  9106  9176 W AppInitScheduler|Run:   Finished InitOxygenCrashReporter in 0ms
10-22 20:30:45.736  9106  9224 W AppInitScheduler|Run: Running InitClassFailureStapler
10-22 20:30:45.736  9025  9054 W linker  : "/data/app/org.mozilla.fenix-iWpGOrf8cry6RDpwHyQugA==/lib/arm64/libsoftokn3.so" unused DT entry: type 0x8000024 arg 0x2580
10-22 20:30:45.736  9025  9054 W linker  : "/data/app/org.mozilla.fenix-iWpGOrf8cry6RDpwHyQugA==/lib/arm64/libsoftokn3.so" unused DT entry: type 0x8000023 arg 0x70
10-22 20:30:45.736  9025  9054 W linker  : "/data/app/org.mozilla.fenix-iWpGOrf8cry6RDpwHyQugA==/lib/arm64/libsoftokn3.so" unused DT entry: type 0x8000025 arg 0x8
10-22 20:30:45.738  3957  5416 I ActivityManager: DSS on for org.mozilla.fenix and scale is 1.0
10-22 20:30:45.741  9106  9224 W AppInitScheduler|Run:   Finished InitClassFailureStapler in 5ms
10-22 20:30:45.742  9106  9175 W AppInitScheduler|Run:   Finished ReliabilityInitConfigureErrorReportingOnProcess in 137ms
10-22 20:30:45.742  9106  9175 W AppInitScheduler|Run: Running LoadLibDexLoad [*]
10-22 20:30:45.750  3559  3559 E audit   : type=1400 audit(1697999445.742:7167): avc:  denied  { read } for  pid=9222 comm="AppInit7" name="vmstat" dev="proc" ino=4026532216 scontext=u:r:untrusted_app:s0:c512,c768 tcontext=u:object_r:proc:s0 tclass=file permissive=0 SEPF_SM-J720F_8.0.0_0002 audit_filtered
10-22 20:30:45.750  3559  3559 E audit   : type=1300 audit(1697999445.742:7167): arch=40000028 syscall=322 per=8 success=no exit=-13 a0=ffffff9c a1=cb60e0f0 a2=20000 a3=0 items=0 ppid=3580 pid=9222 auid=4294967295 uid=10103 gid=10103 euid=10103 suid=10103 fsuid=10103 egid=10103 sgid=10103 fsgid=10103 tty=(none) ses=4294967295 comm="AppInit7" exe="/system/bin/app_process32" subj=u:r:untrusted_app:s0:c512,c768 key=(null)
