10-22 20:16:09.565  3957  5416 D PackageManager: getSelectedMetaData : packageName(com.example.batterymanager_utility) or Metadata strings {[Ljava.lang.String;@ad97634}
10-22 20:16:09.565  4340 16318 I ApplicationPackageManager: load=com.example.batterymanager_utility, bg=144-144, dr=189-189, forDefault=true, density=0
10-22 20:16:09.565  3447  3447 I SurfaceFlinger: Display 0 HWC layers:
10-22 20:16:09.565  3447  3447 I SurfaceFlinger:     type    |    handle    | flag |  format   |   source crop (l,t,r,b)    |         frame       | name 
10-22 20:16:09.565  3447  3447 I SurfaceFlinger: ------------+--------------+------+-----------+----------------------------+---------------------+------
10-22 20:16:09.565  3447  3447 I SurfaceFlinger:      Client |              | 0000 |  Unknown  |  -0.2   -0.2   -0.8   -0.8 |    0    0  720 1280 | animation background stackId=1#0
10-22 20:16:09.565  3447  3447 I SurfaceFlinger:      Client | 0x7e9ecdfb80 | 0002 | RGBA_8888 |   0.0    0.0  720.0 1280.0 |    0    0  720 1279 | com.example.batterymanager_utility/c[...]atterymanager_utility.MainActivity#0
10-22 20:16:09.565  3447  3447 I SurfaceFlinger:      Device | 0x7ea5024780 | 0000 | RGBA_8888 |   0.0    0.0  720.0   42.0 |    0    0  720   42 | StatusBar#0
10-22 20:16:09.565  3447  3447 I SurfaceFlinger: 
10-22 20:16:09.567  4340 16318 I ApplicationPackageManager: scaled rate=0.72, size=189, alpha=54, hold=102
10-22 20:16:09.567  4340 16318 D ApplicationPackageManager: iconScale: getScale(): 0.72 getAlpha(): 54
10-22 20:16:09.569  4340 16318 I ApplicationPackageManager: load=com.example.batterymanager_utility-contain, bg=112-112, dr=189-189
10-22 20:16:09.575  1381  1381 I FirebaseApp: Device unlocked: initializing all Firebase APIs for app [DEFAULT]
10-22 20:16:09.582  1381  1381 I FirebaseInitProvider: FirebaseApp initialization successful
10-22 20:16:09.629  3957  4089 D MdnieScenarioControlService:  packageName : org.mozilla.fenix    className : org.mozilla.fenix.App
10-22 20:16:09.629  3957  4089 V MdnieScenarioControlService: setUIMode from UI function(3)
10-22 20:16:09.634  1381  1381 W linker  : "/data/app/org.mozilla.fenix-iWpGOrf8cry6RDpwHyQugA==/lib/arm64/libxul.so" unused DT entry: type 0x8000024 arg 0x539420
10-22 20:16:09.634  1381  1381 W linker  : "/data/app/org.mozilla.fenix-iWpGOrf8cry6RDpwHyQugA==/lib/arm64/libxul.so" unused DT entry: type 0x8000023 arg 0x17d68
10-22 20:16:09.635  1381  1381 W linker  : "/data/app/org.mozilla.fenix-iWpGOrf8cry6RDpwHyQugA==/lib/arm64/libxul.so" unused DT entry: type 0x8000025 arg 0x8
10-22 20:16:09.635  1381  1381 W linker  : "/data/app/org.mozilla.fenix-iWpGOrf8cry6RDpwHyQugA==/lib/arm64/libnss3.so" unused DT entry: type 0x8000024 arg 0x14998
10-22 20:16:09.635  1381  1381 W linker  : "/data/app/org.mozilla.fenix-iWpGOrf8cry6RDpwHyQugA==/lib/arm64/libnss3.so" unused DT entry: type 0x8000023 arg 0x5c8
10-22 20:16:09.635  1381  1381 W linker  : "/data/app/org.mozilla.fenix-iWpGOrf8cry6RDpwHyQugA==/lib/arm64/libnss3.so" unused DT entry: type 0x8000025 arg 0x8
10-22 20:16:09.635  1381  1381 W linker  : "/data/app/org.mozilla.fenix-iWpGOrf8cry6RDpwHyQugA==/lib/arm64/libmozglue.so" unused DT entry: type 0x8000024 arg 0x38f70
10-22 20:16:09.635  1381  1381 W linker  : "/data/app/org.mozilla.fenix-iWpGOrf8cry6RDpwHyQugA==/lib/arm64/libmozglue.so" unused DT entry: type 0x8000023 arg 0x1f8
10-22 20:16:09.635  1381  1381 W linker  : "/data/app/org.mozilla.fenix-iWpGOrf8cry6RDpwHyQugA==/lib/arm64/libmozglue.so" unused DT entry: type 0x8000025 arg 0x8
10-22 20:16:09.635  1381  1381 W linker  : "/data/app/org.mozilla.fenix-iWpGOrf8cry6RDpwHyQugA==/lib/arm64/libmozglue.so" unused DT entry: type 0x8000024 arg 0x38f70
10-22 20:16:09.635  1381  1381 W linker  : "/data/app/org.mozilla.fenix-iWpGOrf8cry6RDpwHyQugA==/lib/arm64/libmozglue.so" unused DT entry: type 0x8000023 arg 0x1f8
10-22 20:16:09.635  1381  1381 W linker  : "/data/app/org.mozilla.fenix-iWpGOrf8cry6RDpwHyQugA==/lib/arm64/libmozglue.so" unused DT entry: type 0x8000025 arg 0x8
10-22 20:16:09.635  1381  1381 W linker  : "/data/app/org.mozilla.fenix-iWpGOrf8cry6RDpwHyQugA==/lib/arm64/libmozglue.so" unused DT entry: type 0x8000024 arg 0x38f70
10-22 20:16:09.635  1381  1381 W linker  : "/data/app/org.mozilla.fenix-iWpGOrf8cry6RDpwHyQugA==/lib/arm64/libmozglue.so" unused DT entry: type 0x8000023 arg 0x1f8
10-22 20:16:09.635  1381  1381 W linker  : "/data/app/org.mozilla.fenix-iWpGOrf8cry6RDpwHyQugA==/lib/arm64/libmozglue.so" unused DT entry: type 0x8000025 arg 0x8
10-22 20:16:09.635  1381  1381 W linker  : "/data/app/org.mozilla.fenix-iWpGOrf8cry6RDpwHyQugA==/lib/arm64/libmozglue.so" unused DT entry: type 0x8000024 arg 0x38f70
10-22 20:16:09.635  1381  1381 W linker  : "/data/app/org.mozilla.fenix-iWpGOrf8cry6RDpwHyQugA==/lib/arm64/libmozglue.so" unused DT entry: type 0x8000023 arg 0x1f8
10-22 20:16:09.635  1381  1381 W linker  : "/data/app/org.mozilla.fenix-iWpGOrf8cry6RDpwHyQugA==/lib/arm64/libmozglue.so" unused DT entry: type 0x8000025 arg 0x8
10-22 20:16:09.750  3447  3447 I SurfaceFlinger: Display 0 HWC layers:
10-22 20:16:09.750  3447  3447 I SurfaceFlinger:     type    |    handle    | flag |  format   |   source crop (l,t,r,b)    |         frame       | name 
10-22 20:16:09.750  3447  3447 I SurfaceFlinger: ------------+--------------+------+-----------+----------------------------+---------------------+------
10-22 20:16:09.750  3447  3447 I SurfaceFlinger:      Client |              | 0000 |  Unknown  |  -0.2   -0.2   -0.8   -0.8 |    0    0  720 1280 | animation background stackId=1#0
10-22 20:16:09.750  3447  3447 I SurfaceFlinger:      Client | 0x7e9ecdfb80 | 0002 | RGBA_8888 |   0.0    0.0  720.0 1280.0 |   16   29  703 1251 | com.example.batterymanager_utility/c[...]atterymanager_utility.MainActivity#0
10-22 20:16:09.750  3447  3447 I SurfaceFlinger:      Client | 0x7e9ecc1c40 | 0000 | RGBA_8888 |   0.0    0.0  720.0 1022.0 |   17  305  704 1280 | Splash Screen org.mozilla.fenix#0
10-22 20:16:09.750  3447  3447 I SurfaceFlinger:      Client | 0x7ea5024780 | 0000 | RGBA_8888 |   0.0    0.0  720.0   42.0 |    0    0  720   42 | StatusBar#0
10-22 20:16:09.750  3447  3447 I SurfaceFlinger: 
10-22 20:16:09.758  1381  1409 I nimbus::stateful::nimbus_client: updating experiment list
10-22 20:16:09.761  1381  1409 I nimbus::stateful::persistence: Already at version 2, no upgrade needed
10-22 20:16:09.764  1381  1409 I nimbus::stateful::nimbus_client: [Nimbus] Retrieved date from Context: 2023-09-28 18:32:20 UTC
10-22 20:16:09.765  1381  1409 I nimbus::stateful::nimbus_client: [Nimbus] Installation Date: 2023-09-28 18:32:20 UTC
10-22 20:16:09.765  1381  1409 I nimbus::stateful::nimbus_client: [Nimbus] Update Date: 2023-09-28 18:32:25.568136298 UTC
10-22 20:16:09.765  1381  1409 I nimbus::stateful::nimbus_client: [Nimbus] Days since install: 23
10-22 20:16:09.765  1381  1409 I nimbus::stateful::nimbus_client: [Nimbus] Days since update: 23
10-22 20:16:09.790  1381  1411 I GeckoThread: preparing to run Gecko
10-22 20:16:09.794  3957  9774 W StorageManager: getStorageLowBytes lowPercent : 5, lowBytes : 1260145254, maxLowBytes : 524288000
10-22 20:16:09.796  3957  9774 W StorageManager: getStorageLowBytes lowPercent : 5, lowBytes : 1260145254, maxLowBytes : 524288000
10-22 20:16:09.800  3957  5416 W StorageManager: getStorageLowBytes lowPercent : 5, lowBytes : 1260145254, maxLowBytes : 524288000
10-22 20:16:09.810  1381  1414 I libglean_ffi: glean_core::core: Creating new Glean v54.0.0
10-22 20:16:09.811  1381  1411 I GeckoLoader: Library base=/data/app/org.mozilla.fenix-iWpGOrf8cry6RDpwHyQugA==/lib/arm64
10-22 20:16:09.815  1381  1411 W Settings: Setting animator_duration_scale has moved from android.provider.Settings.System to android.provider.Settings.Global, returning read-only global URI.
10-22 20:16:09.817  1381  1414 I libglean_ffi: glean_core::database: Database initialized
10-22 20:16:09.818  1381  1411 I GeckoLoader: Library base=/data/app/org.mozilla.fenix-iWpGOrf8cry6RDpwHyQugA==/lib/arm64
10-22 20:16:09.819  1381  1411 E GeckoLibLoad: Load sqlite start
10-22 20:16:09.820  1381  1411 E GeckoLibLoad: Load sqlite done
10-22 20:16:09.820  1381  1411 I GeckoLoader: Library base=/data/app/org.mozilla.fenix-iWpGOrf8cry6RDpwHyQugA==/lib/arm64
10-22 20:16:09.820  1381  1411 E GeckoLibLoad: Load nss start
10-22 20:16:09.820  1381  1411 E GeckoLibLoad: Load nss done
10-22 20:16:09.820  1381  1411 I GeckoLoader: Library base=/data/app/org.mozilla.fenix-iWpGOrf8cry6RDpwHyQugA==/lib/arm64
10-22 20:16:09.821  1381  1411 E GeckoLibLoad: Loaded libs in 0.641000ms total, 0ms(0ms) user, 0ms(0ms) system, 0(0) faults
10-22 20:16:09.822  1381  1411 W GeckoThread: zerdatime 1660951880 - runGecko
10-22 20:16:09.823  1381  1414 I libglean_ffi: glean_core: Glean initialized
10-22 20:16:09.825  1381  1414 I libglean_ffi: glean_core::event_database: Loading events for background-update
10-22 20:16:09.832  1381  1414 I libglean_ffi: glean_core::event_database: Loading events for events
10-22 20:16:09.832  1381  1414 I libglean_ffi: glean_core::event_database: Loading events for pageload
10-22 20:16:09.835  3599  3918 D DnsProxyListener: DNSDBG::dns by name af 2
10-22 20:16:09.848  1381  1414 I libglean_ffi: glean_core::ping: Collecting events
10-22 20:16:09.873  1381  1414 I libglean_ffi: glean_core::upload::directory: Processing ping at: /data/user/0/org.mozilla.fenix/glean_data/pending_pings/f4f40691-79de-4e9c-840b-d3b6cdcd5843
10-22 20:16:09.874  1381  1414 I libglean_ffi: glean_core::metrics::ping: The ping 'events' was submitted and will be sent as soon as possible
10-22 20:16:09.888  8860 32476 I GCoreUlr: Successfully inserted 1 locations
10-22 20:16:09.889  3957 18006 D PackageManager: setEnabledSetting : userId = 0 packageName = org.mozilla.fenix cmp = androidx.work.impl.background.systemjob.SystemJobService newState = 1 callingPackage = 10169/org.mozilla.fenix
10-22 20:16:09.937  1381  1411 I Gecko:DumpUtils: Fifo watcher disabled via pref.
10-22 20:16:09.960  1381  1381 I FenixApplication: AutoPushFeature is configured, initializing it...
10-22 20:16:09.965  1381  1381 I AbstractFirebasePushService: start
10-22 20:16:09.967  3957  4128 D WifiService: getConnectionInfo uid=1000
10-22 20:16:09.970  1381  1414 I glean/MetricsPingSched: The 'metrics' ping was already sent today, 1697998569943.
10-22 20:16:09.976  1381  1381 I MemoryController: onTrimMemory(5)
10-22 20:16:09.976  1381  1381 I FenixApplication: onTrimMemory(), level=5, main=true
10-22 20:16:09.988  1381  1414 I libglean_ffi: glean_core::ping: Collecting baseline
10-22 20:16:10.000  3957  9774 D StorageManagerService: getExternalStorageMountMode : 3
10-22 20:16:10.000  3957  9774 D StorageManagerService: getExternalStorageMountMode : 3
10-22 20:16:10.001  3957  9774 D StorageManagerService: getExternalStorageMountMode : final mountMode=3, uid : 10103, packageName : com.facebook.katana
10-22 20:16:10.001  3957  9774 I ApplicationPolicy: isApplicationExternalStorageWhitelisted:com.facebook.katana user:0
10-22 20:16:10.001  3957  9774 D ApplicationPolicy: isApplicationExternalStorageWhitelisted: DO is not enabled on user 0. Allowed.
10-22 20:16:10.001  3957  9774 D ActivityManager: package  com.facebook.katana, user - 0 is SDcard whitelisted
10-22 20:16:10.001  3957  9774 I ApplicationPolicy: isApplicationExternalStorageBlacklisted:com.facebook.katana user:0
10-22 20:16:10.001  3957  9774 D ApplicationPolicy: isApplicationExternalStorageBlacklisted: DO is not enabled on user 0. Allowed.
10-22 20:16:10.018  1381  1392 I zygote64: Background concurrent copying GC freed 19297(1099KB) AllocSpace objects, 11(220KB) LOS objects, 50% free, 3MB/6MB, paused 3.913ms total 152.143ms
10-22 20:16:10.019  3957  9774 I ActivityManager: Start proc 1468:com.facebook.katana/u0a103 for content provider com.facebook.katana/.provider.AttributionIdProvider
10-22 20:16:10.020  1468  1468 E Zygote  : isWhitelistProcess - Process is Whitelisted
10-22 20:16:10.020  1468  1468 E libpersona: scanKnoxPersonas
10-22 20:16:10.021  1468  1468 E libpersona: Couldn't open the File - /data/system/users/0/personalist.xml - No such file or directory
10-22 20:16:10.024  1468  1468 W SELinux : SELinux selinux_android_compute_policy_index : Policy Index[2],  Con:u:r:zygote:s0 RAM:SEPF_SM-J720F_8.0.0_0002, [-1 -1 -1 -1 0 1]
10-22 20:16:10.024  1381  1414 I libglean_ffi: glean_core::upload::directory: Processing ping at: /data/user/0/org.mozilla.fenix/glean_data/pending_pings/739a05b8-737f-4ec4-b3ab-020cb7af966c
10-22 20:16:10.025  1468  1468 I SELinux : SELinux: seapp_context_lookup: seinfo=untrusted, level=s0:c512,c768, pkgname=com.facebook.katana 
10-22 20:16:10.026  1381  1414 I libglean_ffi: glean_core::metrics::ping: The ping 'baseline' was submitted and will be sent as soon as possible
10-22 20:16:10.038  1381  1461 I push::internal::communications::rate_limiter: No need to reset inner timestamp and count for verify_connection.
10-22 20:16:10.040  3957  5416 D SamsungAlarmManager: setExact Intent (T:0/F:1/AC:false) 20331019T201610 - CU:10169/CP:1381
10-22 20:16:10.046  3957  5416 D StorageManagerService: getExternalStorageMountMode : 1
10-22 20:16:10.046  3957  5416 D StorageManagerService: getExternalStorageMountMode : 3
10-22 20:16:10.047  3957  5416 D StorageManagerService: getExternalStorageMountMode : final mountMode=1, uid : 10169, packageName : org.mozilla.fenix
10-22 20:16:10.047  3957  4025 I WindowManager: Destroying surface Surface(name=com.example.batterymanager_utility/com.example.batterymanager_utility.MainActivity) called by com.android.server.wm.WindowStateAnimator.destroySurface:2501 com.android.server.wm.WindowStateAnimator.destroySurfaceLocked:985 com.android.server.wm.WindowState.destroyOrSaveSurfaceUnchecked:3670 com.android.server.wm.WindowState.destroySurface:3618 com.android.server.wm.AppWindowToken.destroySurfaces:722 com.android.server.wm.AppWindowToken.destroySurfaces:706 com.android.server.wm.WindowState.onExitAnimationDone:5316 com.android.server.wm.WindowStateAnimator.stepAnimationLocked:550 
10-22 20:16:10.047  3957  5416 I ApplicationPolicy: isApplicationExternalStorageWhitelisted:org.mozilla.fenix user:0
10-22 20:16:10.047  3957  5416 D ApplicationPolicy: isApplicationExternalStorageWhitelisted: DO is not enabled on user 0. Allowed.
10-22 20:16:10.047  3447  3488 I SurfaceFlinger: id=3523 Removed com.example.batterymanager_utility/com.example.batterymanager_utility.MainActivity#0 (2/5)
10-22 20:16:10.047  3957  5416 D ActivityManager: package  org.mozilla.fenix, user - 0 is SDcard whitelisted
10-22 20:16:10.047  3957  5416 I ApplicationPolicy: isApplicationExternalStorageBlacklisted:org.mozilla.fenix user:0
10-22 20:16:10.048  3957  5416 D ApplicationPolicy: isApplicationExternalStorageBlacklisted: DO is not enabled on user 0. Allowed.
10-22 20:16:10.055  3447  3488 I SurfaceFlinger: id=3523 Removed com.example.batterymanager_utility/com.example.batterymanager_utility.MainActivity#0 (-2/5)
10-22 20:16:10.061  1468  1468 D TimaKeyStoreProvider: TimaKeyStore is not enabled: cannot add TimaSignature Service and generateKeyPair Service
10-22 20:16:10.062  1468  1468 D ActivityThread: Added TimaKeyStore provider
10-22 20:16:10.062  3447  3447 I Layer   : id=3523 onRemoved com.example.batterymanager_utility/com.example.batterymanager_utility.MainActivity#0 
10-22 20:16:10.065  1486  1486 E Zygote  : isWhitelistProcess - Process is Whitelisted
10-22 20:16:10.066  1486  1486 E libpersona: scanKnoxPersonas
10-22 20:16:10.066  1486  1486 E libpersona: Couldn't open the File - /data/system/users/0/personalist.xml - No such file or directory
10-22 20:16:10.068  1486  1486 W SELinux : SELinux selinux_android_compute_policy_index : Policy Index[2],  Con:u:r:zygote:s0 RAM:SEPF_SM-J720F_8.0.0_0002, [-1 -1 -1 -1 0 1]
10-22 20:16:10.068  3957  5416 I ActivityManager: Start proc 1486:org.mozilla.fenix:tab31/u0a169 for service org.mozilla.fenix/org.mozilla.gecko.process.GeckoChildProcessServices$tab31
10-22 20:16:10.068  1486  1486 I SELinux : SELinux: seapp_context_lookup: seinfo=untrusted, level=s0:c512,c768, pkgname=org.mozilla.fenix:tab31 
10-22 20:16:10.069  3957  4564 I ActivityManager: DSS on for com.facebook.katana and scale is 1.0
10-22 20:16:10.070  3447  3447 I SurfaceFlinger: Display 0 HWC layers:
10-22 20:16:10.070  3447  3447 I SurfaceFlinger:     type    |    handle    | flag |  format   |   source crop (l,t,r,b)    |         frame       | name 
10-22 20:16:10.070  3447  3447 I SurfaceFlinger: ------------+--------------+------+-----------+----------------------------+---------------------+------
10-22 20:16:10.070  3447  3447 I SurfaceFlinger:      Device | 0x7e9ecc1c40 | 0000 | RGBA_8888 |   0.0    0.0  720.0 1280.0 |    0    0  720 1280 | Splash Screen org.mozilla.fenix#0
10-22 20:16:10.070  3447  3447 I SurfaceFlinger:      Device | 0x7ea5024780 | 0000 | RGBA_8888 |   0.0    0.0  720.0   42.0 |    0    0  720   42 | StatusBar#0
10-22 20:16:10.070  3447  3447 I SurfaceFlinger: 
10-22 20:16:10.074  1381  1461 I push::internal::communications::rate_limiter: Not allowed: count(85) > 1 for verify_connection.
10-22 20:16:10.075  1381  1461 I AutoPushFeature: No change to subscriptions. Doing nothing.
10-22 20:16:10.085  3957 18006 D ConnectivityService: filterNetworkStateForUid() uid: 10169 networkInfo: [type: WIFI[] - WIFI, state: CONNECTED/CONNECTED, reason: (unspecified), extra: "ourhome", failover: false, available: true, roaming: false, metered: false]
10-22 20:16:10.085  3957 18006 D WifiService: getConnectionInfo uid=1000
10-22 20:16:10.095  1381  1407 I libglean_ffi: glean_core::ping: Collecting crash
10-22 20:16:10.109  1381  1407 I libglean_ffi: glean_core::upload::directory: Processing ping at: /data/user/0/org.mozilla.fenix/glean_data/pending_pings/d5d963e2-5160-47eb-9358-807f5f05af81
10-22 20:16:10.109  1486  1486 D TimaKeyStoreProvider: TimaKeyStore is not enabled: cannot add TimaSignature Service and generateKeyPair Service
10-22 20:16:10.110  1486  1486 D ActivityThread: Added TimaKeyStore provider
10-22 20:16:10.110  1381  1407 I libglean_ffi: glean_core::metrics::ping: The ping 'crash' was submitted and will be sent as soon as possible
10-22 20:16:10.111  3957 18006 D PackageManager: setEnabledSetting : userId = 0 packageName = org.mozilla.fenix cmp = androidx.work.impl.background.systemalarm.RescheduleReceiver newState = 1 callingPackage = 10169/org.mozilla.fenix
10-22 20:16:10.114  1381  1407 I libglean_ffi: glean_core::ping: Collecting pageload
10-22 20:16:10.114  3957  3967 I ActivityManager: DSS on for org.mozilla.fenix and scale is 1.0
10-22 20:16:10.115  1468  1468 I zygote  : no shared libraies, dex_files: 1
10-22 20:16:10.121  8860 30209 I SemanticLocation: (REDACTED) [Inferrer] %s%s
10-22 20:16:10.123  1381  1407 I libglean_ffi: glean_core::upload::directory: Processing ping at: /data/user/0/org.mozilla.fenix/glean_data/pending_pings/f19cf9a9-9392-4fab-ad08-6143d9d97001
10-22 20:16:10.123  1381  1407 I libglean_ffi: glean_core::metrics::ping: The ping 'pageload' was submitted and will be sent as soon as possible
10-22 20:16:10.131  3957  3967 D ConnectivityService: filterNetworkStateForUid() uid: 10169 networkInfo: [type: WIFI[] - WIFI, state: CONNECTED/CONNECTED, reason: (unspecified), extra: "ourhome", failover: false, available: true, roaming: false, metered: false]
10-22 20:16:10.132  3957  3967 D WifiService: getConnectionInfo uid=1000
10-22 20:16:10.132  1486  1486 I zygote64: no shared libraies, dex_files: 1
10-22 20:16:10.134  1381  1407 I libglean_ffi: glean_core::core: Upload enabled: true
10-22 20:16:10.135  1381  1381 I NavController: Ignoring popBackStack to destination org.mozilla.fenix:id/browserFragment as it was not found on the current back stack
10-22 20:16:10.140  3957  3967 I chatty  : uid=1000(system) Binder:3957_1 identical 1 line
10-22 20:16:10.140  3957  3967 D WifiService: getConnectionInfo uid=1000
10-22 20:16:10.145  3957  3967 D ConnectivityService: filterNetworkStateForUid() uid: 10169 networkInfo: [type: WIFI[] - WIFI, state: CONNECTED/CONNECTED, reason: (unspecified), extra: "ourhome", failover: false, available: true, roaming: false, metered: false]
10-22 20:16:10.145  3957  3967 D WifiService: getConnectionInfo uid=1000
10-22 20:16:10.148  1381  1498 D ConnectivityManager: requestNetwork; CallingUid : 10169, CallingPid : 1381
10-22 20:16:10.152  3957  3967 D ConnectivityService: requestNetwork for uid/pid:10169/1381 NetworkRequest [ TRACK_DEFAULT id=2342, [ Capabilities: INTERNET&NOT_RESTRICTED&TRUSTED&NOT_VPN] ]
10-22 20:16:10.153  3957  4157 D ConnectivityService: rematching NetworkAgentInfo [WIFI () - 509]
10-22 20:16:10.153  3957  4157 D ConnectivityService:  network has: [ Transports: WIFI Capabilities: NOT_METERED&INTERNET&NOT_RESTRICTED&TRUSTED&NOT_VPN&VALIDATED&FOREGROUND LinkUpBandwidth>=1048576Kbps LinkDnBandwidth>=1048576Kbps SignalStrength: -42]
10-22 20:16:10.153  3957  4157 D ConnectivityService: Network NetworkAgentInfo [WIFI () - 509] was already satisfying request 2340. No change.
10-22 20:16:10.153  3957  4157 D ConnectivityService: Network NetworkAgentInfo [WIFI () - 509] was already satisfying request 1. No change.
10-22 20:16:10.153  3957  4157 D ConnectivityService: Network NetworkAgentInfo [WIFI () - 509] was already satisfying request 3. No change.
10-22 20:16:10.153  3957  4157 D ConnectivityService:   checking if request is satisfied: NetworkRequest [ TRACK_DEFAULT id=2342, [ Capabilities: INTERNET&NOT_RESTRICTED&TRUSTED&NOT_VPN] ]
10-22 20:16:10.153  3957  4157 D ConnectivityService: currentScore = 0, newScore = 100
10-22 20:16:10.153  3957  4157 D ConnectivityService: rematch for NetworkAgentInfo [WIFI () - 509]
10-22 20:16:10.153  3957  4157 D ConnectivityService:    accepting network in place of null
10-22 20:16:10.153  3957  4157 D ConnectivityService: sending new Min Network Score(100): NetworkRequest [ TRACK_DEFAULT id=2342, [ Capabilities: INTERNET&NOT_RESTRICTED&TRUSTED&NOT_VPN] ]
10-22 20:16:10.154  3957  4313 D Ethernet: got request NetworkRequest [ TRACK_DEFAULT id=2342, [ Capabilities: INTERNET&NOT_RESTRICTED&TRUSTED&NOT_VPN] ] with score 100
10-22 20:16:10.154  3957  4313 D Ethernet:   my score=-1, my filter=[ Transports: ETHERNET Capabilities: INTERNET&NOT_RESTRICTED&TRUSTED&NOT_VPN LinkUpBandwidth>=100000Kbps LinkDnBandwidth>=100000Kbps]
10-22 20:16:10.154  3957  4313 D Ethernet: evalRequest
10-22 20:16:10.154  3957  4313 D Ethernet:   done
10-22 20:16:10.155  4616  4616 D PhoneSwitcherNetworkRequstListener: got request NetworkRequest [ TRACK_DEFAULT id=2342, [ Capabilities: INTERNET&NOT_RESTRICTED&TRUSTED&NOT_VPN] ] with score 100
10-22 20:16:10.155  3957  4157 D ConnectivityService: MultiNetwork Request(TransportType - Wi-Fi request). Internet Capability doesn't required (false)
10-22 20:16:10.155  4616  4616 D PhoneSwitcherNetworkRequstListener:   my score=101, my filter=[ Transports: CELLULAR Capabilities: MMS&SUPL&DUN&FOTA&IMS&CBS&IA&RCS&XCAP&EIMS&INTERNET&NOT_RESTRICTED&TRUSTED&NOT_VPN&ENT1 Specifier: <android.net.MatchAllNetworkSpecifier@0>]
10-22 20:16:10.155  4616  4616 D PhoneSwitcherNetworkRequstListener: evalRequest
10-22 20:16:10.155  3957  4157 D ConnectivityService: sending notification AVAILABLE for NetworkRequest [ TRACK_DEFAULT id=2342, [ Capabilities: INTERNET&NOT_RESTRICTED&TRUSTED&NOT_VPN] ]
10-22 20:16:10.155  4616  4616 D PhoneSwitcherNetworkRequstListener:   needNetworkFor
10-22 20:16:10.155  3957  4153 D WIFI_P2P: got request NetworkRequest [ TRACK_DEFAULT id=2342, [ Capabilities: INTERNET&NOT_RESTRICTED&TRUSTED&NOT_VPN] ] with score 100
10-22 20:16:10.155  3957  4153 D WIFI_P2P:   my score=60, my filter=[ Transports: WIFI Capabilities: WIFI_P2P&NOT_RESTRICTED&TRUSTED&NOT_VPN LinkUpBandwidth>=1048576Kbps LinkDnBandwidth>=1048576Kbps]
10-22 20:16:10.155  3957  4153 D WIFI_P2P: evalRequest
10-22 20:16:10.155  3957  4153 D WIFI_P2P:   done
10-22 20:16:10.155  3957  4157 D ConnectivityService: sending notification CAP_CHANGED for NetworkRequest [ TRACK_DEFAULT id=2342, [ Capabilities: INTERNET&NOT_RESTRICTED&TRUSTED&NOT_VPN] ]
10-22 20:16:10.156  3957  4129 D WIFI    : got request NetworkRequest [ TRACK_DEFAULT id=2342, [ Capabilities: INTERNET&NOT_RESTRICTED&TRUSTED&NOT_VPN] ] with score 100
10-22 20:16:10.156  3957  4129 D WIFI    :   my score=60, my filter=[ Transports: WIFI Capabilities: NOT_METERED&INTERNET&NOT_RESTRICTED&TRUSTED&NOT_VPN LinkUpBandwidth>=1048576Kbps LinkDnBandwidth>=1048576Kbps]
10-22 20:16:10.156  3957  4129 D WIFI    : evalRequest
10-22 20:16:10.156  3957  4129 D WIFI    :   done
10-22 20:16:10.156  3957  4129 D WIFI_UT : got request NetworkRequest [ TRACK_DEFAULT id=2342, [ Capabilities: INTERNET&NOT_RESTRICTED&TRUSTED&NOT_VPN] ] with score 100
10-22 20:16:10.156  3957  4157 D ConnectivityService: sending notification IP_CHANGED for NetworkRequest [ TRACK_DEFAULT id=2342, [ Capabilities: INTERNET&NOT_RESTRICTED&TRUSTED&NOT_VPN] ]
10-22 20:16:10.156  3957  4129 D WIFI_UT :   my score=2147483647, my filter=[ Transports: WIFI Capabilities: NOT_METERED&INTERNET&NOT_RESTRICTED&TRUSTED&NOT_VPN LinkUpBandwidth>=1048576Kbps LinkDnBandwidth>=1048576Kbps]
10-22 20:16:10.156  3957  4129 D WIFI_UT : evalRequest
10-22 20:16:10.156  3957  4129 D WIFI_UT :   needNetworkFor
10-22 20:16:10.159  1381  1381 I ContileTopSitesUpdater: Started periodic work to update Contile top sites
10-22 20:16:10.162  3957 18006 D ConnectivityService: filterNetworkStateForUid() uid: 10169 networkInfo: [type: WIFI[] - WIFI, state: CONNECTED/CONNECTED, reason: (unspecified), extra: "ourhome", failover: false, available: true, roaming: false, metered: false]
10-22 20:16:10.163  3957 18006 D WifiService: getConnectionInfo uid=1000
10-22 20:16:10.165  3957  4324 I OpenGLRenderer: Initialized EGL, version 1.4
10-22 20:16:10.165  3957  4324 D OpenGLRenderer: Swap behavior 2
10-22 20:16:10.167  3957  3967 D ConnectivityService: filterNetworkStateForUid() uid: 10169 networkInfo: [type: WIFI[] - WIFI, state: CONNECTED/CONNECTED, reason: (unspecified), extra: "ourhome", failover: false, available: true, roaming: false, metered: false]
10-22 20:16:10.167  3957  3967 D WifiService: getConnectionInfo uid=1000
10-22 20:16:10.229  1486  1486 I FenixApplication: onTrimMemory(), level=5, main=false
10-22 20:16:10.230  1486  1486 I ServiceChildProcess: onCreate
10-22 20:16:10.231  3328  3328 W keymaster2_mdfpp: entered get_key_characteristics function.
10-22 20:16:10.234  3328  3328 W keymaster_tee: [WRN]KEY_PARAMS: AES ENC DEC GCM PADNO AUTH SIZE:256 
10-22 20:16:10.234  3328  3328 W keymaster_tee: [WRN]KEY_PARAMS: 20230928203226 
10-22 20:16:10.234  3328  3328 W keymaster2_mdfpp: exit get_key_characteristics function, returned 0
10-22 20:16:10.237  1486  1522 I GeckoThread: preparing to run Gecko
10-22 20:16:10.245  3328  3328 W keymaster2_mdfpp: entered get_key_characteristics function.
10-22 20:16:10.246  4616  4640 I zygote64: Background concurrent copying GC freed 34084(2MB) AllocSpace objects, 0(0B) LOS objects, 49% free, 2MB/4MB, paused 23.352ms total 88.942ms
10-22 20:16:10.247  3328  3328 W keymaster_tee: [WRN]KEY_PARAMS: AES ENC DEC GCM PADNO AUTH SIZE:256 
10-22 20:16:10.247  3328  3328 W keymaster_tee: [WRN]KEY_PARAMS: 20230928203226 
10-22 20:16:10.247  3328  3328 W keymaster2_mdfpp: exit get_key_characteristics function, returned 0
10-22 20:16:10.254  3328  3328 W keymaster2_mdfpp: entered get_key_characteristics function.
10-22 20:16:10.255  3328  3328 W keymaster_tee: [WRN]KEY_PARAMS: AES ENC DEC GCM PADNO AUTH SIZE:256 
10-22 20:16:10.255  3328  3328 W keymaster_tee: [WRN]KEY_PARAMS: 20230928203226 
10-22 20:16:10.255  3328  3328 W keymaster2_mdfpp: exit get_key_characteristics function, returned 0
10-22 20:16:10.268  3328  3328 W keymaster2_mdfpp: entered get_key_characteristics function.
10-22 20:16:10.281  3328  3328 W keymaster_tee: [WRN]KEY_PARAMS: AES ENC DEC GCM PADNO AUTH SIZE:256 
10-22 20:16:10.281  3328  3328 W keymaster_tee: [WRN]KEY_PARAMS: 20230928203226 
10-22 20:16:10.281  3328  3328 W keymaster2_mdfpp: exit get_key_characteristics function, returned 0
10-22 20:16:10.282  3328  3328 W keymaster2_mdfpp: entered begin function.
10-22 20:16:10.284  3328  3328 W keymaster2_mdfpp: exit begin function, returned 0
10-22 20:16:10.287  3328  3328 W keymaster2_mdfpp: entered update function.
10-22 20:16:10.287  3328  3328 W keymaster2_mdfpp: exit update function, returned 0
10-22 20:16:10.288  3328  3328 W keymaster2_mdfpp: entered finish function.
10-22 20:16:10.289  3328  3328 W keymaster2_mdfpp: exit finish function, returned 0
10-22 20:16:10.289  3589  3589 W keystore: ENTER remove operation from uid 10169
10-22 20:16:10.297  1468  1468 W CrashLoopRemedyLog: unable to delete remedy log, instaCrash: false
10-22 20:16:10.298  1468  1468 W CrashLoopRemedyLog: unable to delete remedy log, instaCrash: true
10-22 20:16:10.305  1381  1392 I zygote64: Background concurrent copying GC freed 85958(3MB) AllocSpace objects, 28(672KB) LOS objects, 49% free, 2MB/4MB, paused 4.266ms total 112.283ms
10-22 20:16:10.318  1468  1545 W AppInitScheduler|Run: Running ReliabilityInitConfigureErrorReportingOnProcess [*]
10-22 20:16:10.318  1468  1547 W AppInitScheduler|Run: Running InitSharedLibraries [*]
10-22 20:16:10.320  1468  1548 W AppInitScheduler|Run: Running InitMultiProcessTracker
10-22 20:16:10.321  1468  1549 W AppInitScheduler|Run: Running InitNonSdkApiUsageReporting
10-22 20:16:10.321  1468  1549 W AppInitScheduler|Run:   Finished InitNonSdkApiUsageReporting in 0ms
10-22 20:16:10.321  1468  1547 W SoLoader: Initializing SoLoader: 2
10-22 20:16:10.322  1468  1550 W AppInitScheduler|Run: Running PreloadStartupLightSharedPreferenceUsages
10-22 20:16:10.322  1468  1550 W AppInitScheduler|Run:   Finished PreloadStartupLightSharedPreferenceUsages in 0ms
10-22 20:16:10.323  1468  1548 W AppInitScheduler|Run:   Finished InitMultiProcessTracker in 4ms
10-22 20:16:10.324  1468  1547 W SoLoader: Recording new base apk path: /data/app/com.facebook.katana-2P9BZ5nf4QWKDLOfe3-HXQ==/base.apk
10-22 20:16:10.324  1468  1547 W SoLoader: Previously recorded 0 base apk paths.
10-22 20:16:10.324  1468  1551 W FileBasedMultiProcessTracker: <default>: Initializing FileBasedMultiProcessTracking using /data/user/0/com.facebook.katana/app_multiprocess_tracking
10-22 20:16:10.325  1381  1446 W logins::schema: user_version: 2
10-22 20:16:10.325  1468  1551 W FileBasedMultiProcessTracker: <default>: Creating file to track 1468
10-22 20:16:10.333  1468  1551 W FileBasedMultiProcessTracker: <default>: FileBasedMultiProcessTracker ready!
10-22 20:16:10.336  1468  1556 W FileBasedMultiProcessTracker: <default>: Observed removed PID: 17914
10-22 20:16:10.345  3957  4129 D WifiStateMachine:  ConnectedState !RSSI_PKTCNT_FETCH uid=1000 rt=604976930/1660952402 0 0 "ourhome" f4:6d:2f:12:cc:88 rssi=-45 f=5240 sc=60 link=433 tx=0.9, 0.0, 0.0  rx=1.4 bcn=614108 [on:0 tx:0 rx:0 period:998] from screen [on:600322 period:3514013] score=60
10-22 20:16:10.347  3957  4129 D WifiStateMachine:  L2ConnectedState !RSSI_PKTCNT_FETCH uid=1000 rt=604976931/1660952403 0 0 "ourhome" f4:6d:2f:12:cc:88 rssi=-45 f=5240 sc=60 link=433 tx=0.9, 0.0, 0.0  rx=1.4 bcn=614108 [on:0 tx:0 rx:0 period:2] from screen [on:600322 period:3514015] score=60
10-22 20:16:10.349  1381  1381 W GeckoViewActivityContextDelegate: A non-activity context was set.
10-22 20:16:10.353  3957  4129 D WifiStateMachine: fetchRssiLinkSpeedAndFrequencyNative rssi=-44 linkspeed=433 freq=5240
10-22 20:16:10.353  3957  4129 V WifiConfigManager: Updating scan detail cache freq=5240 BSSID=f4:6d:2f:12:cc:88 RSSI=-44 for "ourhome"WPA_PSK
10-22 20:16:10.364  3957  4564 D ConnectivityService: filterNetworkStateForUid() uid: 10169 networkInfo: [type: WIFI[] - WIFI, state: CONNECTED/CONNECTED, reason: (unspecified), extra: "ourhome", failover: false, available: true, roaming: false, metered: false]
10-22 20:16:10.364  3957  4564 D WifiService: getConnectionInfo uid=1000
10-22 20:16:10.365  3957  9774 D ConnectivityService: filterNetworkStateForUid() uid: 10169 networkInfo: [type: WIFI[] - WIFI, state: CONNECTED/CONNECTED, reason: (unspecified), extra: "ourhome", failover: false, available: true, roaming: false, metered: false]
10-22 20:16:10.365  3957  9774 D WifiService: getConnectionInfo uid=1000
10-22 20:16:10.366  3957  9774 D ConnectivityService: filterNetworkStateForUid() uid: 10169 networkInfo: [type: WIFI[] - WIFI, state: CONNECTED/CONNECTED, reason: (unspecified), extra: "ourhome", failover: false, available: true, roaming: false, metered: false]
10-22 20:16:10.366  3957  9774 D WifiService: getConnectionInfo uid=1000
10-22 20:16:10.377  1381  1381 I BgSyncManager: Periodic syncing enabled: PeriodicSyncConfig(periodMinutes=240, initialDelayMinutes=5)
10-22 20:16:10.378  1381  1381 I FirefoxAccountStateMachine: Sync is enabled
10-22 20:16:10.382  1381  1444 I StartupTypeTelemetry: Recorded start up: cold_main
10-22 20:16:10.394  1468  1545 W lacrima : FbErrorReportingConfig.earlyInit
10-22 20:16:10.400  1381  1562 D OpenGLRenderer: HWUI GL Pipeline
10-22 20:16:10.408  1381  1381 D ViewRootImpl@409768b[App]: setView = DecorView@4a80368[App] TM=true MM=false
10-22 20:16:10.408  3957  3967 D ActivityManager: post active user change for 0 fullscreen true isHomeActivity() false
10-22 20:16:10.409  1381  1381 I Choreographer: Skipped 48 frames!  The application may be doing too much work on its main thread.
10-22 20:16:10.412  1381  1381 D ViewRootImpl@409768b[App]: dispatchAttachedToWindow
10-22 20:16:10.417  3957  4564 V WindowManager: Relayout Window{518d8da u0 org.mozilla.fenix/org.mozilla.fenix.App}: viewVisibility=0 req=719x1237 WM.LayoutParams{(0,0)(fillxfill) sim=#110 ty=1 fl=#81010100 pfl=0x20000 wanim=0x7f1404fa vsysui=0x2610 needsMenuKey=2 colorMode=0 naviIconColor=0}
10-22 20:16:10.420  1468  1547 W SoLoader: SoLoader initialized: 2
10-22 20:16:10.421  3447  3447 I SurfaceFlinger: id=3525 createSurf (720x1280),1 flag=404, org.mozilla.fenix/org.mozilla.fenix.App#0
10-22 20:16:10.423  3957  4564 V Surface : sf_framedrop debug : 0x4f4c, game : false, logging : 0
10-22 20:16:10.424  3957  3973 D WindowManager: set systemUiVisibility : systemUiFlags= 0x2608 fullscreenStackSysUiFlags= 0x0
10-22 20:16:10.426  3957  4564 D InputDispatcher: Focus entered window: 1381
10-22 20:16:10.427  1381  1381 V Surface : sf_framedrop debug : 0x4f4c, game : false, logging : 0
10-22 20:16:10.427  3957  3967 D WindowManager: adjustSystemUiVisibilityLw : vis= 0x2608
10-22 20:16:10.427  1381  1381 D ViewRootImpl@409768b[App]: Relayout returned: old=[0,0][0,0] new=[0,0][720,1280] result=0x7 surface={valid=true 499302469632} changed=true
10-22 20:16:10.432  1381  1562 I OpenGLRenderer: Initialized EGL, version 1.4
10-22 20:16:10.432  1381  1562 D OpenGLRenderer: Swap behavior 2
10-22 20:16:10.432  3447  3447 I SurfaceFlinger: id=3526 createSurf (720x1238),1 flag=4, SurfaceView - org.mozilla.fenix/org.mozilla.fenix.App@2c71ef1@0#0
10-22 20:16:10.433  3447  3447 I SurfaceFlinger: id=3527 createSurf (720x1238),-1 flag=20004, Background for - SurfaceView - org.mozilla.fenix/org.mozilla.fenix.App@2c71ef1@0#0
10-22 20:16:10.433  1381  1381 D SurfaceView: BG hide() Surface(name=Background for - SurfaceView - org.mozilla.fenix/org.mozilla.fenix.App@2c71ef1@0) false true org.mozilla.gecko.MagnifiableSurfaceView{2c71ef1 V.E...... ......ID 0,0-720,1238}
10-22 20:16:10.437  1381  1562 D libGLESv1: STS_GLApi : DTS, ODTC are not allowed for Package : org.mozilla.fenix
10-22 20:16:10.437  1381  1411 W ResourceType: Too many attribute references, stopped at: 0x01010099
10-22 20:16:10.438  1381  1562 D mali_winsys: EGLint new_window_surface(egl_winsys_display *, void *, EGLSurface, EGLConfig, egl_winsys_surface **, egl_color_buffer_format *, EGLBoolean) returns 0x3000,  [720x1280]-format:1
10-22 20:16:10.438  1381  1562 D OpenGLRenderer: eglCreateWindowSurface = 0x74405efc80
10-22 20:16:10.445  1468  1545 W AppStateLoggerNative: AppStateLoggerNative.initializeNativeCrashReporting not called.
10-22 20:16:10.445  1468  1547 W FbSoLoader: Initialized FBSoLoader
10-22 20:16:10.446  3559  3559 E audit   : type=1400 audit(1697998570.438:7133): avc:  denied  { read } for  pid=1545 comm="AppInit1" name="zoneinfo" dev="proc" ino=4026532217 scontext=u:r:untrusted_app:s0:c512,c768 tcontext=u:object_r:proc_zoneinfo:s0 tclass=file permissive=0 SEPF_SM-J720F_8.0.0_0002 audit_filtered
10-22 20:16:10.446  3559  3559 E audit   : type=1300 audit(1697998570.438:7133): arch=40000028 syscall=322 per=8 success=no exit=-13 a0=ffffff9c a1=e8403470 a2=20000 a3=0 items=0 ppid=3580 pid=1545 auid=4294967295 uid=10103 gid=10103 euid=10103 suid=10103 fsuid=10103 egid=10103 sgid=10103 fsgid=10103 tty=(none) ses=4294967295 comm="AppInit1" exe="/system/bin/app_process32" subj=u:r:untrusted_app:s0:c512,c768 key=(null)
10-22 20:16:10.446  3559  3559 E audit   : type=1327 audit(1697998570.438:7133): proctitle="com.facebook.katana"
10-22 20:16:10.446  1381  1381 V Surface : sf_framedrop debug : 0x4f4c, game : false, logging : 0
10-22 20:16:10.447  1468  1545 W lacrima : Start JavaAppDeathCrashDetector... X.0pw
10-22 20:16:10.447  1381  1381 D SurfaceView: surfaceCreated 1 org.mozilla.gecko.MagnifiableSurfaceView{2c71ef1 V.E...... ......ID 0,0-720,1238}
10-22 20:16:10.447  1381  1381 D SurfaceView: surfaceChanged (720,1238) 1 org.mozilla.gecko.MagnifiableSurfaceView{2c71ef1 V.E...... ......ID 0,0-720,1238}
10-22 20:16:10.448  1468  1547 W AppInitScheduler|Run:   Finished InitSharedLibraries in 129ms
10-22 20:16:10.449  1468  1579 W AppInitScheduler|Run: Running FixArtDebugging [*]
10-22 20:16:10.449  1468  1579 W AppInitScheduler|Run:   Finished FixArtDebugging in 0ms
10-22 20:16:10.449  1468  1545 W lacrima : Sending pending reports
10-22 20:16:10.449  1468  1580 W AppInitScheduler|Run: Running GeneratePerfStats [*]
10-22 20:16:10.450  1468  1581 W AppInitScheduler|Run: Running EnableExtraTracing
10-22 20:16:10.451  1468  1581 W AppInitScheduler|Run:   Finished EnableExtraTracing in 0ms
10-22 20:16:10.451  1468  1547 W AppInitScheduler|Run: Running InitOxygenCrashReporter
10-22 20:16:10.451  1468  1547 W AppInitScheduler|Run:   Finished InitOxygenCrashReporter in 1ms
10-22 20:16:10.451  1468  1582 W AppInitScheduler|Run: Running InitClassFailureStapler
10-22 20:16:10.452  1468  1582 W AppInitScheduler|Run:   Finished InitClassFailureStapler in 0ms
10-22 20:16:10.452  1468  1545 W AppInitScheduler|Run:   Finished ReliabilityInitConfigureErrorReportingOnProcess in 134ms
10-22 20:16:10.453  1468  1545 W AppInitScheduler|Run: Running LoadLibDexLoad [*]
10-22 20:16:10.461  3559  3559 E audit   : type=1400 audit(1697998570.454:7134): avc:  denied  { read } for  pid=1580 comm="AppInit7" name="vmstat" dev="proc" ino=4026532216 scontext=u:r:untrusted_app:s0:c512,c768 tcontext=u:object_r:proc:s0 tclass=file permissive=0 SEPF_SM-J720F_8.0.0_0002 audit_filtered
10-22 20:16:10.461  3559  3559 E audit   : type=1300 audit(1697998570.454:7134): arch=40000028 syscall=322 per=8 success=no exit=-13 a0=ffffff9c a1=e8403610 a2=20000 a3=0 items=0 ppid=3580 pid=1580 auid=4294967295 uid=10103 gid=10103 euid=10103 suid=10103 fsuid=10103 egid=10103 sgid=10103 fsgid=10103 tty=(none) ses=4294967295 comm="AppInit7" exe="/system/bin/app_process32" subj=u:r:untrusted_app:s0:c512,c768 key=(null)
10-22 20:16:10.462  3559  3559 E audit   : type=1327 audit(1697998570.454:7134): proctitle="com.facebook.katana"
10-22 20:16:10.464  1468  1580 W AppInitScheduler|Run:   Finished GeneratePerfStats in 15ms
10-22 20:16:10.479  3957  3967 D StorageManagerService: getExternalStorageMountMode : 1
10-22 20:16:10.483  3957  3967 D StorageManagerService: getExternalStorageMountMode : 3
10-22 20:16:10.483  3957  3967 D StorageManagerService: getExternalStorageMountMode : final mountMode=1, uid : 10169, packageName : org.mozilla.fenix
10-22 20:16:10.483  3957  3967 I ApplicationPolicy: isApplicationExternalStorageWhitelisted:org.mozilla.fenix user:0
10-22 20:16:10.483  3957  3967 D ApplicationPolicy: isApplicationExternalStorageWhitelisted: DO is not enabled on user 0. Allowed.
10-22 20:16:10.483  3957  3967 D ActivityManager: package  org.mozilla.fenix, user - 0 is SDcard whitelisted
10-22 20:16:10.483  3957  3967 I ApplicationPolicy: isApplicationExternalStorageBlacklisted:org.mozilla.fenix user:0
10-22 20:16:10.483  3957  3967 D ApplicationPolicy: isApplicationExternalStorageBlacklisted: DO is not enabled on user 0. Allowed.
10-22 20:16:10.494  3957  3967 I ActivityManager: Start proc 1589:org.mozilla.fenix:gpu/u0a169 for service org.mozilla.fenix/org.mozilla.gecko.process.GeckoChildProcessServices$gpu
10-22 20:16:10.496  1589  1589 E Zygote  : isWhitelistProcess - Process is Whitelisted
10-22 20:16:10.497  1589  1589 E libpersona: scanKnoxPersonas
10-22 20:16:10.497  1589  1589 E libpersona: Couldn't open the File - /data/system/users/0/personalist.xml - No such file or directory
10-22 20:16:10.498  1468  1545 W AppInitScheduler|Run:   Finished LoadLibDexLoad in 46ms
10-22 20:16:10.498  1468  1545 W AppInitScheduler|Run: Running LoadLibColdStart
10-22 20:16:10.498  1468  1579 W AppInitScheduler|Run: Running InitCrashLoopMitigation
10-22 20:16:10.498  1468  1548 W AppInitScheduler|Run: Running SetupFbGlog [*]
10-22 20:16:10.499  1468  1581 W AppInitScheduler|Run: Running InitDeadResourceDetection
10-22 20:16:10.499  1468  1581 W AppInitScheduler|Run:   Finished InitDeadResourceDetection in 0ms
10-22 20:16:10.501  1589  1589 W SELinux : SELinux selinux_android_compute_policy_index : Policy Index[2],  Con:u:r:zygote:s0 RAM:SEPF_SM-J720F_8.0.0_0002, [-1 -1 -1 -1 0 1]
10-22 20:16:10.502  1589  1589 I SELinux : SELinux: seapp_context_lookup: seinfo=untrusted, level=s0:c512,c768, pkgname=org.mozilla.fenix:gpu 
10-22 20:16:10.502  1468  1548 W AppInitScheduler|Run:   Finished SetupFbGlog in 4ms
10-22 20:16:10.502  1468  1548 W AppInitScheduler|Run: Running MaybeTraceColdStart [*]
10-22 20:16:10.503  1468  1582 W AppInitScheduler|Run: Running InitClassTracing
10-22 20:16:10.503  1468  1547 W AppInitScheduler|Run: Running DisableRuntimeVerification [*]
10-22 20:16:10.503  1468  1550 W AppInitScheduler|Run: Running InitLacrimaEarlyNative
10-22 20:16:10.503  1468  1582 W AppInitScheduler|Run:   Finished InitClassTracing in 1ms
10-22 20:16:10.503  1468  1582 W AppInitScheduler|Run: Running InitMemoryTracer
10-22 20:16:10.503  1468  1582 W AppInitScheduler|Run:   Finished InitMemoryTracer in 0ms
10-22 20:16:10.504  1468  1547 W AppInitScheduler|Run:   Finished DisableRuntimeVerification in 1ms
10-22 20:16:10.504  1468  1581 W AppInitScheduler|Run: Running LoadDexes [*]
10-22 20:16:10.506  1468  1579 W dalvik-internals: sigaction64 not found, falling back
10-22 20:16:10.506  1468  1579 W dalvik-internals: sigaction succeeded
10-22 20:16:10.511  1468  1581 W DexLibLoader: disabling background optimization
10-22 20:16:10.511  1381  1411 W linker  : "/data/app/org.mozilla.fenix-iWpGOrf8cry6RDpwHyQugA==/lib/arm64/libsoftokn3.so" unused DT entry: type 0x8000024 arg 0x2580
10-22 20:16:10.512  1381  1411 W linker  : "/data/app/org.mozilla.fenix-iWpGOrf8cry6RDpwHyQugA==/lib/arm64/libsoftokn3.so" unused DT entry: type 0x8000023 arg 0x70
10-22 20:16:10.512  1381  1411 W linker  : "/data/app/org.mozilla.fenix-iWpGOrf8cry6RDpwHyQugA==/lib/arm64/libsoftokn3.so" unused DT entry: type 0x8000025 arg 0x8
10-22 20:16:10.516  1468  1581 W DexLibLoader: Loading /data/user/0/com.facebook.katana/dex with compressed oreo startup logic
10-22 20:16:10.517  1468  1579 D dalvik-internals: SuspendArt: Found all symbols
10-22 20:16:10.517  1468  1579 D dalvik-internals: SuspendArt: Suspending threads.
10-22 20:16:10.517  1468  1579 I zygote  : Waiting for a blocking GC Debugger
10-22 20:16:10.521  1468  1581 W DexLibLoader: Build id used for apk identification
10-22 20:16:10.522  1468  1581 W DexLibLoader: Build id used for apk identification
10-22 20:16:10.524 11094 11094 E adbd    : recv: OPEN 00033627 00000000 0076:73 68 65 6C 6C 2C 76 32 2C 54 45 52 4D 3D 78 74 65 72 6D 2D 32 35 36 63 6F 6C 6F 72 2C 72 61 77 3A 64 75 6D 70 73 79 73 20 61 63 74 69 76 69 74 79 20 72 65 63 65 6E 74 73 20 7C 20 67 72 65 70 20 22 52 65 63 65 6E 74 20 23 30 22 20 7C 20 63 75 74 20 2D 64 20 22 3D 22 20 2D 66 32 20 7C 20 67 72 65 70 20 2D 6F 20 2D 70 20 22 5B 61 2D 7A 7C 2E 5D 2A 22 00 
10-22 20:16:10.524  1381  1411 W linker  : "/data/app/org.mozilla.fenix-iWpGOrf8cry6RDpwHyQugA==/lib/arm64/libfreebl3.so" unused DT entry: type 0x8000024 arg 0xe78
10-22 20:16:10.524 11094 11094 E adbd    : service_to_fd: shell,v2,TERM=xterm-256color,raw:dumpsys activity recents | grep "Recent #0" | cut -d "=" -f2 | grep -o -p "[a-z|.]*"
10-22 20:16:10.524  1381  1411 W linker  : "/data/app/org.mozilla.fenix-iWpGOrf8cry6RDpwHyQugA==/lib/arm64/libfreebl3.so" unused DT entry: type 0x8000023 arg 0x68
10-22 20:16:10.524  1381  1411 W linker  : "/data/app/org.mozilla.fenix-iWpGOrf8cry6RDpwHyQugA==/lib/arm64/libfreebl3.so" unused DT entry: type 0x8000025 arg 0x8
10-22 20:16:10.529  1589  1589 D TimaKeyStoreProvider: TimaKeyStore is not enabled: cannot add TimaSignature Service and generateKeyPair Service
10-22 20:16:10.529  1589  1589 D ActivityThread: Added TimaKeyStore provider
10-22 20:16:10.532  3957  3967 I ActivityManager: DSS on for org.mozilla.fenix and scale is 1.0
10-22 20:16:10.545  1381  1407 I libglean_ffi: glean_core::ping: Collecting baseline
10-22 20:16:10.547  3957  9774 D ConnectivityService: filterNetworkStateForUid() uid: 10169 networkInfo: [type: WIFI[] - WIFI, state: CONNECTED/CONNECTED, reason: (unspecified), extra: "ourhome", failover: false, available: true, roaming: false, metered: false]
10-22 20:16:10.549  1468  1579 I zygote  : WaitForGcToComplete blocked for 31.954ms for cause Debugger
10-22 20:16:10.552  3957  9774 D WifiService: getConnectionInfo uid=1000
10-22 20:16:10.553  3957  9774 I chatty  : uid=1000(system) Binder:3957_17 identical 1 line
10-22 20:16:10.553  1468  1579 D dalvik-internals: SuspendArt: Resuming threads.
10-22 20:16:10.553  3957  9774 D WifiService: getConnectionInfo uid=1000
10-22 20:16:10.553  1468  1579 V dalvik-internals: hooked signal using trap ()
10-22 20:16:10.553  1468  1579 V dalvik-internals: hooked sysv_signal using trap ()
10-22 20:16:10.554  1468  1579 V dalvik-internals: hooked bsd_signal using trap ()
10-22 20:16:10.554  1381  1554 W linker  : "/data/app/org.mozilla.fenix-iWpGOrf8cry6RDpwHyQugA==/lib/arm64/libnssckbi.so" unused DT entry: type 0x8000024 arg 0xc08
10-22 20:16:10.554  1468  1579 V dalvik-internals: hooked sigaction using trap ()
10-22 20:16:10.554  3957  9774 D ConnectivityService: filterNetworkStateForUid() uid: 10169 networkInfo: [type: WIFI[] - WIFI, state: CONNECTED/CONNECTED, reason: (unspecified), extra: "ourhome", failover: false, available: true, roaming: false, metered: false]
10-22 20:16:10.554  1589  1589 I zygote64: no shared libraies, dex_files: 1
10-22 20:16:10.554  3957  9774 D WifiService: getConnectionInfo uid=1000
10-22 20:16:10.558  1468  1579 I dalvik-internals: integrateWithCrashLog crashlog: /data/user/0/com.facebook.katana/crash_log, insta_crashlog: /data/user/0/com.facebook.katana/insta_crash_log
10-22 20:16:10.559  1468  1579 I dalvik-internals: installed sigmux crash handler for crash log
10-22 20:16:10.559  1468  1581 D dalvik-internals: SuspendArt: Found all symbols
10-22 20:16:10.559  1468  1581 D dalvik-internals: SuspendArt: Suspending threads.
10-22 20:16:10.560  1468  1581 V dalvik-internals: Hooking function _ZN3art11annotations16GetLineNumFromPCEPKNS_7DexFileEPNS_9ArtMethodEj
10-22 20:16:10.561  1468  1581 V dalvik-internals: hooked _ZN3art11annotations16GetLineNumFromPCEPKNS_7DexFileEPNS_9ArtMethodEj using jump ()
10-22 20:16:10.561  1468  1581 D dalvik-internals: SuspendArt: Resuming threads.
10-22 20:16:10.562  3957  4564 D ConnectivityService: filterNetworkStateForUid() uid: 10169 networkInfo: [type: WIFI[] - WIFI, state: CONNECTED/CONNECTED, reason: (unspecified), extra: "ourhome", failover: false, available: true, roaming: false, metered: false]
10-22 20:16:10.562  3957  4564 D WifiService: getConnectionInfo uid=1000
10-22 20:16:10.563  1468  1579 W AppInitScheduler|Run:   Finished InitCrashLoopMitigation in 64ms
10-22 20:16:10.567  1381  1407 I libglean_ffi: glean_core::upload::directory: Processing ping at: /data/user/0/org.mozilla.fenix/glean_data/pending_pings/ffeeaf8f-d75e-4527-a280-afa66352ad77
10-22 20:16:10.568  1381  1407 I libglean_ffi: glean_core::metrics::ping: The ping 'baseline' was submitted and will be sent as soon as possible
10-22 20:16:10.569  3957  9774 D ConnectivityService: filterNetworkStateForUid() uid: 10169 networkInfo: [type: WIFI[] - WIFI, state: CONNECTED/CONNECTED, reason: (unspecified), extra: "ourhome", failover: false, available: true, roaming: false, metered: false]
10-22 20:16:10.569  3957  9774 D WifiService: getConnectionInfo uid=1000
10-22 20:16:10.570  1381  1613 I FirefoxAccountStateMachine: Processing event 'mozilla.components.service.fxa.manager.Event$Account$Start@1d00209' for state Idle(accountState=NotAuthenticated). Next state is Active(progressState=Initializing)
10-22 20:16:10.570  1381  1554 W linker  : "/data/app/org.mozilla.fenix-iWpGOrf8cry6RDpwHyQugA==/lib/arm64/libnssckbi.so" unused DT entry: type 0x8000023 arg 0x258
10-22 20:16:10.570  1381  1554 W linker  : "/data/app/org.mozilla.fenix-iWpGOrf8cry6RDpwHyQugA==/lib/arm64/libnssckbi.so" unused DT entry: type 0x8000025 arg 0x8
10-22 20:16:10.574  3957  4564 V WindowManager: Relayout Window{518d8da u0 org.mozilla.fenix/org.mozilla.fenix.App}: viewVisibility=0 req=720x1280 WM.LayoutParams{(0,0)(fillxfill) sim=#110 ty=1 fl=#81010100 pfl=0x20000 fmt=-3 wanim=0x7f1404fa vsysui=0x2610 needsMenuKey=2 colorMode=0 naviIconColor=0}
10-22 20:16:10.576  1468  1548 W AppInitScheduler|Run:   Finished MaybeTraceColdStart in 74ms
