10-22 20:27:09.258  3957  4554 I ApplicationPolicy: isApplicationExternalStorageBlacklisted:org.mozilla.fenix user:0
10-22 20:27:09.258  3957  4554 D ApplicationPolicy: isApplicationExternalStorageBlacklisted: DO is not enabled on user 0. Allowed.
10-22 20:27:09.275  3957  4554 I ActivityManager: Start proc 8165:org.mozilla.fenix:tab13/u0a169 for service org.mozilla.fenix/org.mozilla.gecko.process.GeckoChildProcessServices$tab13
10-22 20:27:09.277  8165  8165 E Zygote  : isWhitelistProcess - Process is Whitelisted
10-22 20:27:09.278  8165  8165 E libpersona: scanKnoxPersonas
10-22 20:27:09.278  8165  8165 E libpersona: Couldn't open the File - /data/system/users/0/personalist.xml - No such file or directory
10-22 20:27:09.281  8165  8165 W SELinux : SELinux selinux_android_compute_policy_index : Policy Index[2],  Con:u:r:zygote:s0 RAM:SEPF_SM-J720F_8.0.0_0002, [-1 -1 -1 -1 0 1]
10-22 20:27:09.281  7669  7977 I BatteryMgr:DataCollectionService: stats => 1697999229281,-218,4308,70,0,100
10-22 20:27:09.282  8165  8165 I SELinux : SELinux: seapp_context_lookup: seinfo=untrusted, level=s0:c512,c768, pkgname=org.mozilla.fenix:tab13 
10-22 20:27:09.312  8165  8165 D TimaKeyStoreProvider: TimaKeyStore is not enabled: cannot add TimaSignature Service and generateKeyPair Service
10-22 20:27:09.313  8165  8165 D ActivityThread: Added TimaKeyStore provider
10-22 20:27:09.316  3957  3968 I ActivityManager: DSS on for org.mozilla.fenix and scale is 1.0
10-22 20:27:09.337  8165  8165 I zygote64: no shared libraies, dex_files: 1
10-22 20:27:09.372  8150  8150 W ResourceType: ResTable_typeSpec entry count inconsistent: given 212, previously 242
10-22 20:27:09.384  3957  4129 D WifiStateMachine:  ConnectedState !RSSI_PKTCNT_FETCH uid=1000 rt=605635968/1661611441 0 0 "ourhome" f4:6d:2f:12:cc:88 rssi=-46 f=5240 sc=60 link=433 tx=0.7, 0.0, 0.0  rx=16.6 bcn=620333 [on:0 tx:0 rx:0 period:1001] from screen [on:759548 period:4173052] score=60
10-22 20:27:09.385  3957  4129 D WifiStateMachine:  L2ConnectedState !RSSI_PKTCNT_FETCH uid=1000 rt=605635970/1661611442 0 0 "ourhome" f4:6d:2f:12:cc:88 rssi=-46 f=5240 sc=60 link=433 tx=0.7, 0.0, 0.0  rx=16.6 bcn=620333 [on:0 tx:0 rx:0 period:1] from screen [on:759548 period:4173053] score=60
10-22 20:27:09.387  3957  4129 D WifiStateMachine: fetchRssiLinkSpeedAndFrequencyNative rssi=-48 linkspeed=433 freq=5240
10-22 20:27:09.387  3957  4129 V WifiConfigManager: Updating scan detail cache freq=5240 BSSID=f4:6d:2f:12:cc:88 RSSI=-45 for "ourhome"WPA_PSK
10-22 20:27:09.391  7669  7977 I BatteryMgr:DataCollectionService: stats => 1697999229391,-218,4308,70,0,100
10-22 20:27:09.417  8165  8165 I ServiceChildProcess: onCreate
10-22 20:27:09.419  8165  8184 I GeckoThread: preparing to run Gecko
10-22 20:27:09.422  7714  7743 W AudioCapabilities: Unsupported mime audio/mpeg-L1
10-22 20:27:09.422  7714  7743 W AudioCapabilities: Unsupported mime audio/mpeg-L2
10-22 20:27:09.422  7714  7743 W AudioCapabilities: Unsupported mime audio/x-ms-wma
10-22 20:27:09.422  7714  7743 W AudioCapabilities: Unsupported mime audio/x-ima
10-22 20:27:09.423  7714  7743 W VideoCapabilities: Unrecognized profile 2130706433 for video/avc
10-22 20:27:09.423  7714  7743 W VideoCapabilities: Unrecognized profile 2130706434 for video/avc
10-22 20:27:09.423  8165  8184 W linker  : "/data/app/org.mozilla.fenix-iWpGOrf8cry6RDpwHyQugA==/lib/arm64/libmozglue.so" unused DT entry: type 0x8000024 arg 0x38f70
10-22 20:27:09.424  8165  8184 W linker  : "/data/app/org.mozilla.fenix-iWpGOrf8cry6RDpwHyQugA==/lib/arm64/libmozglue.so" unused DT entry: type 0x8000023 arg 0x1f8
10-22 20:27:09.424  8165  8184 W linker  : "/data/app/org.mozilla.fenix-iWpGOrf8cry6RDpwHyQugA==/lib/arm64/libmozglue.so" unused DT entry: type 0x8000025 arg 0x8
10-22 20:27:09.426  7714  7743 W VideoCapabilities: Unrecognized profile/level 1/32 for video/mp4v-es
10-22 20:27:09.426  7714  7743 W VideoCapabilities: Unrecognized profile/level 32768/2 for video/mp4v-es
10-22 20:27:09.426  7714  7743 W VideoCapabilities: Unrecognized profile/level 32768/64 for video/mp4v-es
10-22 20:27:09.427  7714  7743 W VideoCapabilities: Unsupported mime video/wvc1
10-22 20:27:09.427  8165  8184 I GeckoLoader: Library base=/data/app/org.mozilla.fenix-iWpGOrf8cry6RDpwHyQugA==/lib/arm64
10-22 20:27:09.427  7714  7743 W VideoCapabilities: Unsupported mime video/x-ms-wmv
10-22 20:27:09.427  8165  8184 I GeckoLoader: Library base=/data/app/org.mozilla.fenix-iWpGOrf8cry6RDpwHyQugA==/lib/arm64
10-22 20:27:09.428  7714  7743 W VideoCapabilities: Unsupported mime video/x-ms-wmv7
10-22 20:27:09.428  8165  8184 E GeckoLibLoad: Load sqlite start
10-22 20:27:09.429  7714  7743 W VideoCapabilities: Unsupported mime video/x-ms-wmv8
10-22 20:27:09.429  7714  7743 W VideoCapabilities: Unsupported mime video/mp43
10-22 20:27:09.429  8165  8184 W linker  : "/data/app/org.mozilla.fenix-iWpGOrf8cry6RDpwHyQugA==/lib/arm64/libnss3.so" unused DT entry: type 0x8000024 arg 0x14998
10-22 20:27:09.430  8165  8184 W linker  : "/data/app/org.mozilla.fenix-iWpGOrf8cry6RDpwHyQugA==/lib/arm64/libnss3.so" unused DT entry: type 0x8000023 arg 0x5c8
10-22 20:27:09.430  8165  8184 W linker  : "/data/app/org.mozilla.fenix-iWpGOrf8cry6RDpwHyQugA==/lib/arm64/libnss3.so" unused DT entry: type 0x8000025 arg 0x8
10-22 20:27:09.431  8165  8184 E GeckoLibLoad: Load sqlite done
10-22 20:27:09.431  8165  8184 I GeckoLoader: Library base=/data/app/org.mozilla.fenix-iWpGOrf8cry6RDpwHyQugA==/lib/arm64
10-22 20:27:09.431  8165  8184 E GeckoLibLoad: Load nss start
10-22 20:27:09.432  8165  8184 E GeckoLibLoad: Load nss done
10-22 20:27:09.432  8165  8184 I GeckoLoader: Library base=/data/app/org.mozilla.fenix-iWpGOrf8cry6RDpwHyQugA==/lib/arm64
10-22 20:27:09.435  8165  8184 W linker  : "/data/app/org.mozilla.fenix-iWpGOrf8cry6RDpwHyQugA==/lib/arm64/libxul.so" unused DT entry: type 0x8000024 arg 0x539420
10-22 20:27:09.435  8165  8184 W linker  : "/data/app/org.mozilla.fenix-iWpGOrf8cry6RDpwHyQugA==/lib/arm64/libxul.so" unused DT entry: type 0x8000023 arg 0x17d68
10-22 20:27:09.435  8165  8184 W linker  : "/data/app/org.mozilla.fenix-iWpGOrf8cry6RDpwHyQugA==/lib/arm64/libxul.so" unused DT entry: type 0x8000025 arg 0x8
10-22 20:27:09.467  8165  8184 E GeckoLibLoad: Loaded libs in 35.238154ms total, 16ms(16ms) user, 20ms(16ms) system, 0(0) faults
10-22 20:27:09.467  8165  8184 W GeckoThread: zerdatime 1661611525 - runGecko
10-22 20:27:09.479  3957  4554 D ConnectivityService: filterNetworkStateForUid() uid: 10169 networkInfo: [type: WIFI[] - WIFI, state: CONNECTED/CONNECTED, reason: (unspecified), extra: "ourhome", failover: false, available: true, roaming: false, metered: false]
10-22 20:27:09.479  3957  4554 D WifiService: getConnectionInfo uid=1000
10-22 20:27:09.485  7714  7944 I libglean_ffi: glean_core::upload: Ping 5444f771-09f5-4d5e-9380-84bba22b1ce5 successfully sent 200.
10-22 20:27:09.489  7714  7944 I libglean_ffi: glean_core::upload::directory: File was deleted /data/user/0/org.mozilla.fenix/glean_data/pending_pings/5444f771-09f5-4d5e-9380-84bba22b1ce5
10-22 20:27:09.490  7714  7944 I libglean_ffi: glean_core::upload: New upload task with id 601966c7-f46f-4d98-8d7e-2c8e43e76111 (path: /submit/org-mozilla-fenix/baseline/1/601966c7-f46f-4d98-8d7e-2c8e43e76111)
10-22 20:27:09.498  7669  7977 I BatteryMgr:DataCollectionService: stats => 1697999229498,-218,4308,70,0,100
10-22 20:27:09.558  8150  8150 I Finsky  : [2] khj.i(84): Process created at version: 37.9.18-21 [0] [PR] 571399392
10-22 20:27:09.608  7669  7977 I BatteryMgr:DataCollectionService: stats => 1697999229607,-218,4308,70,0,100
10-22 20:27:09.636  7714  7743 W GeckoEventDispatcher: No listener for GeckoView:PageAction:Update
10-22 20:27:09.674  3599  3918 D DnsProxyListener: DNSDBG::dns addrinfo af 0
10-22 20:27:09.675  3957  4554 D WifiService: getConnectionInfo uid=1000
10-22 20:27:09.678  3599  3918 D DnsProxyListener: DNSDBG::dns addrinfo af 0
10-22 20:27:09.678  3957  4554 I chatty  : uid=1000(system) Binder:3957_5 identical 2 lines
10-22 20:27:09.678  3957  4554 D WifiService: getConnectionInfo uid=1000
10-22 20:27:09.687  3599  3918 D DnsProxyListener: DNSDBG::dns addrinfo af 0
10-22 20:27:09.689  3599  3918 D DnsProxyListener: DNSDBG::dns addrinfo af 0
10-22 20:27:09.702  7835  7880 W linker  : "/data/app/org.mozilla.fenix-iWpGOrf8cry6RDpwHyQugA==/lib/arm64/libsoftokn3.so" unused DT entry: type 0x8000024 arg 0x2580
10-22 20:27:09.702  7835  7880 W linker  : "/data/app/org.mozilla.fenix-iWpGOrf8cry6RDpwHyQugA==/lib/arm64/libsoftokn3.so" unused DT entry: type 0x8000023 arg 0x70
10-22 20:27:09.703  7835  7880 W linker  : "/data/app/org.mozilla.fenix-iWpGOrf8cry6RDpwHyQugA==/lib/arm64/libsoftokn3.so" unused DT entry: type 0x8000025 arg 0x8
10-22 20:27:09.705  7835  7880 W linker  : "/data/app/org.mozilla.fenix-iWpGOrf8cry6RDpwHyQugA==/lib/arm64/libfreebl3.so" unused DT entry: type 0x8000024 arg 0xe78
10-22 20:27:09.705  7835  7880 W linker  : "/data/app/org.mozilla.fenix-iWpGOrf8cry6RDpwHyQugA==/lib/arm64/libfreebl3.so" unused DT entry: type 0x8000023 arg 0x68
10-22 20:27:09.705  7835  7880 W linker  : "/data/app/org.mozilla.fenix-iWpGOrf8cry6RDpwHyQugA==/lib/arm64/libfreebl3.so" unused DT entry: type 0x8000025 arg 0x8
10-22 20:27:09.706  3957  4128 D WifiService: getConnectionInfo uid=1000
10-22 20:27:09.718  7669  7977 I BatteryMgr:DataCollectionService: stats => 1697999229718,-218,4308,70,0,100
10-22 20:27:09.830  7669  7977 I BatteryMgr:DataCollectionService: stats => 1697999229830,-218,4308,70,0,100
10-22 20:27:09.844  7714  7944 I libglean_ffi: glean_core::upload: Ping 601966c7-f46f-4d98-8d7e-2c8e43e76111 successfully sent 200.
10-22 20:27:09.851  7714  7944 I libglean_ffi: glean_core::upload::directory: File was deleted /data/user/0/org.mozilla.fenix/glean_data/pending_pings/601966c7-f46f-4d98-8d7e-2c8e43e76111
10-22 20:27:09.853  7714  7944 I libglean_ffi: glean_core::upload: New upload task with id 41d4fbfb-a570-400e-b17a-2e9579fd47db (path: /submit/org-mozilla-fenix/pageload/1/41d4fbfb-a570-400e-b17a-2e9579fd47db)
10-22 20:27:09.857  3599  3918 D DnsProxyListener: DNSDBG::dns addrinfo af 0
10-22 20:27:09.858  3957  4554 D ConnectivityService: filterNetworkStateForUid() uid: 10169 networkInfo: [type: WIFI[] - WIFI, state: CONNECTED/CONNECTED, reason: (unspecified), extra: "ourhome", failover: false, available: true, roaming: false, metered: false]
10-22 20:27:09.858  3957  4554 D WifiService: getConnectionInfo uid=1000
10-22 20:27:09.918  7714  7743 D GeckoIdleService: Register idle observer 0x7425757aa8 for 5 seconds
10-22 20:27:09.918  7714  7743 D GeckoIdleService: Register: adjusting next switch from -1 to 5 seconds
10-22 20:27:09.918  7714  7743 D GeckoIdleService: next timeout 4216 msec from now
10-22 20:27:09.918  7714  7743 D GeckoIdleService: SetTimerExpiryIfBefore: next timeout 4215 msec from now
10-22 20:27:09.918  7714  7743 D GeckoIdleService: reset timer expiry to 4225 msec from now
10-22 20:27:09.945  7669  7977 I BatteryMgr:DataCollectionService: stats => 1697999229945,-218,4308,70,0,100
10-22 20:27:09.955  7714  7714 I WebExtension: releasePendingMessages: extension=webcompat-reporter@mozilla.org nativeApp=mozacWebcompatReporter session=null
10-22 20:27:09.964  7714  7714 I DefaultSupportedAddonsChecker: Unregister check for new supported add-ons
10-22 20:27:09.976  7714  7714 I WebExtension: releasePendingMessages: extension=fxa@mozac.org nativeApp=mozacWebchannel session=org.mozilla.geckoview.GeckoSession@ebefe15
10-22 20:27:09.976  7714  7714 I WebExtension: releasePendingMessages: extension=fxa@mozac.org nativeApp=mozacWebchannelBackground session=null
10-22 20:27:09.978  7714  7714 I WebExtension: releasePendingMessages: extension=readerview@mozac.org nativeApp=mozacReaderview session=org.mozilla.geckoview.GeckoSession@ebefe15
10-22 20:27:09.978  7714  7714 I WebExtension: releasePendingMessages: extension=readerview@mozac.org nativeApp=mozacReaderviewActive session=org.mozilla.geckoview.GeckoSession@ebefe15
10-22 20:27:09.978  7714  7714 I WebExtension: releasePendingMessages: extension=readerview@mozac.org nativeApp=mozacReaderview session=org.mozilla.geckoview.GeckoSession@ebefe15
10-22 20:27:09.981  7714  7714 I WebExtension: releasePendingMessages: extension=icons@mozac.org nativeApp=MozacBrowserIcons session=org.mozilla.geckoview.GeckoSession@ebefe15
10-22 20:27:09.982  7714  7714 I WebExtension: releasePendingMessages: extension=ads@mozac.org nativeApp=MozacBrowserAdsMessage session=org.mozilla.geckoview.GeckoSession@ebefe15
10-22 20:27:09.983  7714  7714 I WebExtension: releasePendingMessages: extension=cookies@mozac.org nativeApp=MozacBrowserSearchMessage session=org.mozilla.geckoview.GeckoSession@ebefe15
10-22 20:27:10.008  8150  8232 I Finsky  : [23262] aiff.bk(289): Finished reading experiment flags from file [0tGUNCGIkbk4o6-fQ335kUYSKwVj4lusnHT-A5Dsy08] numFlags=1259.
10-22 20:27:10.025  8150  8232 I Finsky  : [23262] aiff.bk(289): Finished reading experiment flags from file [Se-xCc4LzNyh3UrKMIU2sUf-PUKz4oQEbpKZDMuaFno] numFlags=1771.
10-22 20:27:10.030  8150  8234 E Finsky  : Getting early startup flag value without initialization: PhoneskyPhenotype__enable_flag_update_entry_point
10-22 20:27:10.063  7669  7977 I BatteryMgr:DataCollectionService: stats => 1697999230063,-218,4308,70,0,100
10-22 20:27:10.084  3599  3918 D DnsProxyListener: DNSDBG::dns addrinfo af 0
10-22 20:27:10.137  7785  7993 W fb4a.MultiSignalANRDetectorLacrima: Pausing error state checks
10-22 20:27:10.156  7714  7714 W GeckoSession: No history entries found.
10-22 20:27:10.175  7669  7977 I BatteryMgr:DataCollectionService: stats => 1697999230174,-218,4308,70,0,100
10-22 20:27:10.221  7714  7944 I libglean_ffi: glean_core::upload: Ping 41d4fbfb-a570-400e-b17a-2e9579fd47db successfully sent 200.
10-22 20:27:10.226  7714  7944 I libglean_ffi: glean_core::upload::directory: File was deleted /data/user/0/org.mozilla.fenix/glean_data/pending_pings/41d4fbfb-a570-400e-b17a-2e9579fd47db
10-22 20:27:10.227  7714  7944 I libglean_ffi: glean_core::upload: New upload task with id d26b912d-dbf8-40a9-b2ed-afd56ddd2f3e (path: /submit/org-mozilla-fenix/baseline/1/d26b912d-dbf8-40a9-b2ed-afd56ddd2f3e)
10-22 20:27:10.249  8150  8234 I Finsky  : [23264] aiff.bk(289): Finished reading experiment flags from file [cDXKMAm20gnql81lkHY0kpZ363Z9OGuPpqWoMw-jNkY] numFlags=1782.
10-22 20:27:10.283  8150  8233 I Finsky  : [23263] kez.Q(10): pcsi: PROCESS_START
10-22 20:27:10.293  3957  4602 D PackageManager: setEnabledSetting : userId = 0 packageName = com.android.vending cmp = com.google.android.finsky.prewarmservice.PrewarmService newState = 1 callingPackage = 10044/com.android.vending
10-22 20:27:10.299  7669  7977 I BatteryMgr:DataCollectionService: stats => 1697999230296,-218,4308,70,0,100
10-22 20:27:10.321  8150  8232 I Finsky  : [23262] wib.<init>(76): wid - Registering in memory receiver for android.intent.action.PACKAGE_ADDED and android.intent.action.PACKAGE_REMOVED
10-22 20:27:10.331  8150  8150 I Finsky  : [2] kez.ap(748): Profiling: Starting up (0)
10-22 20:27:10.337  3957  6478 D WifiService: getConnectionInfo uid=1000
10-22 20:27:10.385  3957  4129 D WifiStateMachine:  ConnectedState !RSSI_PKTCNT_FETCH uid=1000 rt=605636969/1661612442 0 0 "ourhome" f4:6d:2f:12:cc:88 rssi=-48 f=5240 sc=60 link=433 tx=0.7, 0.0, 0.0  rx=16.6 bcn=620333 [on:0 tx:0 rx:0 period:1000] from screen [on:759548 period:4174053] score=60
10-22 20:27:10.386  3957  4129 D WifiStateMachine:  L2ConnectedState !RSSI_PKTCNT_FETCH uid=1000 rt=605636971/1661612443 0 0 "ourhome" f4:6d:2f:12:cc:88 rssi=-48 f=5240 sc=60 link=433 tx=0.7, 0.0, 0.0  rx=16.6 bcn=620333 [on:0 tx:0 rx:0 period:1] from screen [on:759548 period:4174054] score=60
10-22 20:27:10.387  3957  4129 D WifiStateMachine: fetchRssiLinkSpeedAndFrequencyNative rssi=-48 linkspeed=433 freq=5240
10-22 20:27:10.388  3957  4129 V WifiConfigManager: Updating scan detail cache freq=5240 BSSID=f4:6d:2f:12:cc:88 RSSI=-46 for "ourhome"WPA_PSK
10-22 20:27:10.411  7669  7977 I BatteryMgr:DataCollectionService: stats => 1697999230411,-218,4308,70,0,100
10-22 20:27:10.412  8150  8150 I Finsky  : [2] khj.i(514): AsyncInit: Mandatory tasks are executed!
10-22 20:27:10.433  8150  8233 I Finsky  : [23263] mgk.g(45): Subscription detail: N/A
10-22 20:27:10.444  3957  4602 D PackageManager: setEnabledSetting : userId = 0 packageName = com.android.vending cmp = com.android.vending.AssetBrowserActivity newState = 1 callingPackage = 10044/com.android.vending
10-22 20:27:10.453  3599  3918 D DnsProxyListener: DNSDBG::dns addrinfo af 0
10-22 20:27:10.456  3957  4602 D PackageManager: setEnabledSetting : userId = 0 packageName = com.android.vending cmp = com.google.android.finsky.activities.DebugActivity newState = 2 callingPackage = 10044/com.android.vending
10-22 20:27:10.458  3599  3918 D DnsProxyListener: DNSDBG::dns addrinfo af 0
10-22 20:27:10.469  3957  4602 D ConnectivityService: filterNetworkStateForUid() uid: 10044 networkInfo: [type: WIFI[] - WIFI, state: CONNECTED/CONNECTED, reason: (unspecified), extra: "ourhome", failover: false, available: true, roaming: false, metered: false]
10-22 20:27:10.469  3957  4602 D WifiService: getConnectionInfo uid=1000
10-22 20:27:10.470  8150  8232 I Finsky  : [23262] ancv.g(20): SysUA: Disable SystemUpdateActivity, because Android is lower than Q
10-22 20:27:10.472  3957  4602 D PackageManager: setEnabledSetting : userId = 0 packageName = com.android.vending cmp = com.google.android.finsky.systemupdateactivity.SystemUpdateActivity newState = 2 callingPackage = 10044/com.android.vending
10-22 20:27:10.473  3957  4602 D PackageManager: setEnabledSetting : userId = 0 packageName = com.android.vending cmp = com.google.android.finsky.systemupdateactivity.SettingsSecurityEntryPoint newState = 2 callingPackage = 10044/com.android.vending
10-22 20:27:10.477  3599  3918 D DnsProxyListener: DNSDBG::dns addrinfo af 0
10-22 20:27:10.478  8150  8249 I Finsky  : [23275] mdr.run(145): SysUA: Set SystemUpdateActivity enabled state to 2
10-22 20:27:10.482  3957  4602 D PackageManager: setEnabledSetting : userId = 0 packageName = com.android.vending cmp = com.google.android.finsky.systemcomponentupdateui.common.SystemComponentUpdateActivity newState = 1 callingPackage = 10044/com.android.vending
10-22 20:27:10.483  8150  8230 W linker  : "/data/app/com.android.vending-hPcCrQG-AfN-9-S7PUJzHA==/split_config.arm64_v8a.apk!/lib/arm64-v8a/libcronet.114.0.5735.84.so" unused DT entry: type 0x70000001 arg 0x0
10-22 20:27:10.483  3599  3918 D DnsProxyListener: DNSDBG::dns addrinfo af 0
10-22 20:27:10.484  3957  4554 D PackageManager: setEnabledSetting : userId = 0 packageName = com.android.vending cmp = com.google.android.finsky.hibernation.impl.UnhibernateActivity newState = 1 callingPackage = 10044/com.android.vending
10-22 20:27:10.488  8150  8261 I Finsky  : [23285] qxm.run(367): SysCUA: Set {com.android.vending/com.google.android.finsky.systemcomponentupdateui.common.SystemComponentUpdateActivity} enabled state to 1
10-22 20:27:10.488  8150  8249 I Finsky  : [23275] pk.run(78): Set UnhibernateActivity enabled state to 1
10-22 20:27:10.491  8150  8258 D ConnectivityManager: requestNetwork; CallingUid : 10044, CallingPid : 8150
10-22 20:27:10.496  3957  3968 D ConnectivityService: listenForNetwork for uid/pid:10044/8150 NetworkRequest [ LISTEN id=2367, [ Capabilities: INTERNET&NOT_RESTRICTED&TRUSTED] ]
10-22 20:27:10.497  3957  4157 D ConnectivityService: rematching NetworkAgentInfo [WIFI () - 509]
10-22 20:27:10.497  3957  4157 D ConnectivityService:  network has: [ Transports: WIFI Capabilities: NOT_METERED&INTERNET&NOT_RESTRICTED&TRUSTED&NOT_VPN&VALIDATED&FOREGROUND LinkUpBandwidth>=1048576Kbps LinkDnBandwidth>=1048576Kbps SignalStrength: -42]
10-22 20:27:10.497  3957  4157 D ConnectivityService: Network NetworkAgentInfo [WIFI () - 509] was already satisfying request 1. No change.
10-22 20:27:10.497  3957  4157 D ConnectivityService: Network NetworkAgentInfo [WIFI () - 509] was already satisfying request 3. No change.
10-22 20:27:10.497  3957  4157 D ConnectivityService: Network NetworkAgentInfo [WIFI () - 509] was already satisfying request 2366. No change.
10-22 20:27:10.497  3957  4157 D ConnectivityService: Network NetworkAgentInfo [WIFI () - 509] was already satisfying request 2362. No change.
10-22 20:27:10.497  3957  4157 D ConnectivityService: sending notification AVAILABLE for NetworkRequest [ LISTEN id=2367, [ Capabilities: INTERNET&NOT_RESTRICTED&TRUSTED] ]
10-22 20:27:10.498  3957  4157 D ConnectivityService: sending notification CAP_CHANGED for NetworkRequest [ LISTEN id=2367, [ Capabilities: INTERNET&NOT_RESTRICTED&TRUSTED] ]
10-22 20:27:10.498  3957  4157 D ConnectivityService: sending notification IP_CHANGED for NetworkRequest [ LISTEN id=2367, [ Capabilities: INTERNET&NOT_RESTRICTED&TRUSTED] ]
10-22 20:27:10.503  3957  3968 D ConnectivityService: filterNetworkStateForUid() uid: 10044 networkInfo: [type: WIFI[] - WIFI, state: CONNECTED/CONNECTED, reason: (unspecified), extra: "ourhome", failover: false, available: true, roaming: false, metered: false]
10-22 20:27:10.503  3957  3968 D WifiService: getConnectionInfo uid=1000
10-22 20:27:10.511  3957  3968 D ConnectivityService: filterNetworkStateForUid() uid: 10044 networkInfo: [type: WIFI[] - WIFI, state: CONNECTED/CONNECTED, reason: (unspecified), extra: "ourhome", failover: false, available: true, roaming: false, metered: false]
10-22 20:27:10.512  3957  3968 D WifiService: getConnectionInfo uid=1000
10-22 20:27:10.513  8150  8232 W Settings: Setting download_manager_max_bytes_over_mobile has moved from android.provider.Settings.Secure to android.provider.Settings.Global.
10-22 20:27:10.516  8150  8232 I Finsky  : [23262] vob.j(33): SettingNotFoundException, fall through to G.downloadBytesOverMobileMaximum
10-22 20:27:10.516  8150  8232 W Settings: Setting download_manager_recommended_max_bytes_over_mobile has moved from android.provider.Settings.Secure to android.provider.Settings.Global.
10-22 20:27:10.523  8150  8232 I Finsky  : [23262] vob.i(31): SettingNotFoundException, fall through to G.downloadBytesOverMobileRecommended
10-22 20:27:10.524  7669  7977 I BatteryMgr:DataCollectionService: stats => 1697999230523,-218,4308,70,0,100
10-22 20:27:10.525  8150  8232 I Finsky  : [23262] andp.d(7): registerListener
10-22 20:27:10.527  7714  7944 I libglean_ffi: glean_core::upload: Ping d26b912d-dbf8-40a9-b2ed-afd56ddd2f3e successfully sent 200.
10-22 20:27:10.528  8150  8232 I Finsky  : [23262] andp.d(7): registerListener
10-22 20:27:10.531  7714  7944 I libglean_ffi: glean_core::upload::directory: File was deleted /data/user/0/org.mozilla.fenix/glean_data/pending_pings/d26b912d-dbf8-40a9-b2ed-afd56ddd2f3e
10-22 20:27:10.532  8150  8230 I cr_CronetLibraryLoader: Cronet version: 114.0.5735.84, arch: aarch64
10-22 20:27:10.532  8150  8232 I Finsky  : [23262] tgf.s(77): Enqueuing libraries load for 1276001251
10-22 20:27:10.533  8150  8259 I Finsky  : [23283] tgf.t(14): Starting libraries load for 1276001251
10-22 20:27:10.533  7714  7944 I libglean_ffi: glean_core::upload: No more pings to upload! You are done.
10-22 20:27:10.535  3957  4602 D ConnectivityService: filterNetworkStateForUid() uid: 10044 networkInfo: [type: WIFI[] - WIFI, state: CONNECTED/CONNECTED, reason: (unspecified), extra: "ourhome", failover: false, available: true, roaming: false, metered: false]
10-22 20:27:10.535  3957  4602 D WifiService: getConnectionInfo uid=1000
10-22 20:27:10.538  7714  7802 I WM-WorkerWrapper: Worker result SUCCESS for Work [ id=3b03a806-43da-4023-8b27-9b31db88821d, tags={ mozilla.telemetry.glean.scheduler.PingUploadWorker, mozac_service_glean_ping_upload_worker } ]
10-22 20:27:10.541  3957  4602 D ConnectivityService: filterNetworkStateForUid() uid: 10044 networkInfo: [type: WIFI[] - WIFI, state: CONNECTED/CONNECTED, reason: (unspecified), extra: "ourhome", failover: false, available: true, roaming: false, metered: false]
10-22 20:27:10.541  3957  4602 D WifiService: getConnectionInfo uid=1000
10-22 20:27:10.543  7714  7714 D ConnectivityManager: unregisterNetworkCallback; CallingUid : 10169, CallingPid : 7714
10-22 20:27:10.545  3957  4157 D ConnectivityService: releasing NetworkRequest [ TRACK_DEFAULT id=2366, [ Capabilities: INTERNET&NOT_RESTRICTED&TRUSTED&NOT_VPN] ] (CALLBACK_RELEASED)
10-22 20:27:10.546  3957  3968 D JobServiceContext: sendStopMessageLocked stop reason: cancel() called by app
10-22 20:27:10.546  3957  4157 D ConnectivityService:  Removing from current network NetworkAgentInfo [WIFI () - 509], leaving 11 requests.
10-22 20:27:10.552  3957  4157 D ConnectivityService: sending notification RELEASED for NetworkRequest [ TRACK_DEFAULT id=2366, [ Capabilities: INTERNET&NOT_RESTRICTED&TRUSTED&NOT_VPN] ]
10-22 20:27:10.571  8150  8229 I Finsky  : [23260] ahem.<init>(104): VerifyApps: Setup app restrictions monitor
10-22 20:27:10.571  3957  3968 D ConnectivityService: filterNetworkStateForUid() uid: 10044 networkInfo: [type: WIFI[] - WIFI, state: CONNECTED/CONNECTED, reason: (unspecified), extra: "ourhome", failover: false, available: true, roaming: false, metered: false]
10-22 20:27:10.571  3957  3968 D WifiService: getConnectionInfo uid=1000
10-22 20:27:10.573  3957  4602 D ConnectivityService: filterNetworkStateForUid() uid: 10044 networkInfo: [type: WIFI[] - WIFI, state: CONNECTED/CONNECTED, reason: (unspecified), extra: "ourhome", failover: false, available: true, roaming: false, metered: false]
10-22 20:27:10.573  3957  4602 D WifiService: getConnectionInfo uid=1000
10-22 20:27:10.576  8150  8150 I Finsky  : [2] jqd.h(314): This process start was not selected for Play memory metrics collection.
10-22 20:27:10.577  8150  8229 I Finsky  : [23260] ahko.a(32): VerifyApps: Device wide unknown source restriction updated
10-22 20:27:10.590  3957  4554 D ActivityManager: The following uid has registered to recieve broadcast for proxy related updates 10044
10-22 20:27:10.591  3957  4554 W ContextImpl: Calling a method in the system process without a qualified user: android.app.ContextImpl.sendBroadcast:971 com.android.server.am.ActivityManagerService.requestKnoxVpnToSendProxyBroadcast:29420 com.android.server.am.ActivityManagerService.registerReceiver:23161 android.app.IActivityManager$Stub.onTransact:176 com.android.server.am.ActivityManagerService.onTransact:3861 
10-22 20:27:10.593  3957  3957 D KnoxVpnEngineService: Vpn Receiver : com.samsung.android.knox.intent.action.VPN_PROXY_BROADCAST_INTERNAL
10-22 20:27:10.594  3957  4108 I KnoxVpnEngineService: vpn handle : Message received
10-22 20:27:10.636  7669  7977 I BatteryMgr:DataCollectionService: stats => 1697999230636,-218,4308,70,0,100
10-22 20:27:10.665  8150  8150 I Finsky  : [2] mgj.onSubscriptionsChanged(6): onSubscriptionsChanged
10-22 20:27:10.670  8150  8271 I Finsky  : [23291] sgp.<init>(46): Item store provider started.
10-22 20:27:10.708  3957  4128 D WifiService: getConnectionInfo uid=1000
10-22 20:27:10.734  8150  8150 I Finsky  : [2] qur.y(24): Installer: Attempting to start installer
10-22 20:27:10.745  7669  7977 I BatteryMgr:DataCollectionService: stats => 1697999230745,-218,4308,70,0,100
10-22 20:27:10.761  8150  8150 I Finsky  : [2] andp.d(7): registerListener
10-22 20:27:10.786  3957  4129 D WifiStateMachine:  ConnectedState !CMD_RSSI_POLL rt=605637370/1661612843 122 0 "ourhome" f4:6d:2f:12:cc:88 rssi=-48 f=5240 sc=60 link=433 tx=0.7, 0.0, 0.0  rx=16.6 bcn=620333 [on:0 tx:0 rx:0 period:400] from screen [on:759548 period:4174454] score=60
10-22 20:27:10.787  3957  4129 D WifiStateMachine:  L2ConnectedState !CMD_RSSI_POLL rt=605637372/1661612844 122 0 "ourhome" f4:6d:2f:12:cc:88 rssi=-48 f=5240 sc=60 link=433 tx=0.7, 0.0, 0.0  rx=16.6 bcn=620333 [on:0 tx:0 rx:0 period:1] from screen [on:759548 period:4174455] score=60
10-22 20:27:10.788  3957  4129 D WifiStateMachine:  get link layer stats 3
10-22 20:27:10.790  3436  3436 I android.hardware.wifi@1.0-service: getLinkLayerStats
10-22 20:27:10.793  3957  4129 D WifiStateMachine: fetchRssiLinkSpeedAndFrequencyNative rssi=-46 linkspeed=433 freq=5240
10-22 20:27:10.793  3957  4129 V WifiConfigManager: Updating scan detail cache freq=5240 BSSID=f4:6d:2f:12:cc:88 RSSI=-46 for "ourhome"WPA_PSK
10-22 20:27:10.797  4340  4340 E SignalClusterView: setSlotFocusVisible : subId -2
10-22 20:27:10.798  4340  4340 E SignalClusterView: setSlotFocusVisible : subId -2
10-22 20:27:10.804  8150  8150 I Finsky  : [2] aayz.<init>(264): Initializing pausers from value store.
10-22 20:27:10.805  8150  8150 I Finsky  : [2] aayz.<init>(321): setup::RES: Callers (Pausers) in PauseUpdatesCallersValueStore: []
10-22 20:27:10.813  8150  8259 I Finsky  : [23283] tgf.t(284): Loaded library for account: [y0_1NG5HTmzf0bF7VytAKz9iHAD6w7yU52Le3i0fi68]
10-22 20:27:10.813  8150  8259 I Finsky  : [23283] tgf.t(353): Finished loading 1 libraries.
10-22 20:27:10.816  3957  4651 D ConnectivityService: filterNetworkStateForUid() uid: 10044 networkInfo: [type: WIFI[] - WIFI, state: CONNECTED/CONNECTED, reason: (unspecified), extra: "ourhome", failover: false, available: true, roaming: false, metered: false]
10-22 20:27:10.816  3957  4651 D WifiService: getConnectionInfo uid=1000
10-22 20:27:10.817  3957  4651 D ConnectivityService: filterNetworkStateForUid() uid: 10044 networkInfo: [type: WIFI[] - WIFI, state: CONNECTED/CONNECTED, reason: (unspecified), extra: "ourhome", failover: false, available: true, roaming: false, metered: false]
10-22 20:27:10.817  3957  4651 D WifiService: getConnectionInfo uid=1000
10-22 20:27:10.818  8150  8150 I Finsky  : [2] qur.R(15): Installer: Installer kick - no action, not running yet
10-22 20:27:10.854  7669  7977 I BatteryMgr:DataCollectionService: stats => 1697999230854,-218,4308,70,0,100
10-22 20:27:10.919  8150  8298 I Finsky  : [23311] tmv.G(6): getDownloads()
10-22 20:27:10.968  7669  7977 I BatteryMgr:DataCollectionService: stats => 1697999230967,-218,4308,70,0,100
10-22 20:27:10.972  3957  4602 D StorageManagerService: getExternalStorageMountMode : 3
10-22 20:27:10.972  3957  4602 D StorageManagerService: getExternalStorageMountMode : 3
10-22 20:27:10.973  3957  4602 D StorageManagerService: getExternalStorageMountMode : final mountMode=3, uid : 10044, packageName : com.android.vending
10-22 20:27:10.973  3957  4602 I ApplicationPolicy: isApplicationExternalStorageWhitelisted:com.android.vending user:0
10-22 20:27:10.973  3957  4602 D ApplicationPolicy: isApplicationExternalStorageWhitelisted: DO is not enabled on user 0. Allowed.
10-22 20:27:10.974  3957  4602 D ActivityManager: package  com.android.vending, user - 0 is SDcard whitelisted
10-22 20:27:10.974  3957  4602 I ApplicationPolicy: isApplicationExternalStorageBlacklisted:com.android.vending user:0
10-22 20:27:10.974  3957  4602 D ApplicationPolicy: isApplicationExternalStorageBlacklisted: DO is not enabled on user 0. Allowed.
10-22 20:27:10.994  3957  4602 I ActivityManager: Start proc 8305:com.android.vending:background/u0a44 for service com.android.vending/com.google.android.finsky.ipcservers.background.BackgroundGrpcServerAndroidService
10-22 20:27:10.994  8305  8305 E Zygote  : isWhitelistProcess - Process is Whitelisted
10-22 20:27:10.995  8305  8305 E libpersona: scanKnoxPersonas
10-22 20:27:10.996  8305  8305 E libpersona: Couldn't open the File - /data/system/users/0/personalist.xml - No such file or directory
10-22 20:27:11.000  8305  8305 W SELinux : SELinux selinux_android_compute_policy_index : Policy Index[2],  Con:u:r:zygote:s0 RAM:SEPF_SM-J720F_8.0.0_0002, [-1 -1 -1 -1 0 1]
10-22 20:27:11.002  8305  8305 I SELinux : SELinux: seapp_context_lookup: seinfo=gmscore, level=s0:c512,c768, pkgname=com.android.vending:background 
10-22 20:27:11.035  8305  8305 D TimaKeyStoreProvider: TimaKeyStore is not enabled: cannot add TimaSignature Service and generateKeyPair Service
10-22 20:27:11.036  8305  8305 D ActivityThread: Added TimaKeyStore provider
10-22 20:27:11.040  3957  4602 I ActivityManager: DSS on for com.android.vending and scale is 1.0
10-22 20:27:11.061  8305  8305 I zygote64: no shared libraies, dex_files: 1
10-22 20:27:11.077  7669  7977 I BatteryMgr:DataCollectionService: stats => 1697999231076,-218,4308,70,0,100
10-22 20:27:11.158  8305  8305 W ResourceType: ResTable_typeSpec entry count inconsistent: given 212, previously 242
10-22 20:27:11.184  7669  7977 I BatteryMgr:DataCollectionService: stats => 1697999231184,-218,4308,70,0,100
10-22 20:27:11.210  8305  8305 I Finsky:background: [2] khj.i(84): Process created at version: 37.9.18-21 [0] [PR] 571399392
10-22 20:27:11.293  7669  7977 I BatteryMgr:DataCollectionService: stats => 1697999231293,-218,4308,70,0,100
10-22 20:27:11.327  8305  8305 I Finsky:background: [2] aiff.bk(289): Finished reading experiment flags from file [0tGUNCGIkbk4o6-fQ335kUYSKwVj4lusnHT-A5Dsy08] numFlags=1259.
10-22 20:27:11.378  8305  8305 I Finsky:background: [2] aiff.bk(289): Finished reading experiment flags from file [cDXKMAm20gnql81lkHY0kpZ363Z9OGuPpqWoMw-jNkY] numFlags=1782.
10-22 20:27:11.387  3957  4129 D WifiStateMachine:  ConnectedState !RSSI_PKTCNT_FETCH uid=1000 rt=605637971/1661613444 0 0 "ourhome" f4:6d:2f:12:cc:88 rssi=-46 f=5240 sc=60 link=433 tx=289.0, 11.4, 0.0  rx=310.7 bcn=620361 [on:0 tx:0 rx:0 period:592] from screen [on:762156 period:4175055] score=60
10-22 20:27:11.389  3957  4129 D WifiStateMachine:  L2ConnectedState !RSSI_PKTCNT_FETCH uid=1000 rt=605637973/1661613445 0 0 "ourhome" f4:6d:2f:12:cc:88 rssi=-46 f=5240 sc=60 link=433 tx=289.0, 11.4, 0.0  rx=310.7 bcn=620361 [on:0 tx:0 rx:0 period:2] from screen [on:762156 period:4175057] score=60
10-22 20:27:11.397  3957  4129 D WifiStateMachine: fetchRssiLinkSpeedAndFrequencyNative rssi=-43 linkspeed=433 freq=5240
10-22 20:27:11.397  3957  4129 V WifiConfigManager: Updating scan detail cache freq=5240 BSSID=f4:6d:2f:12:cc:88 RSSI=-44 for "ourhome"WPA_PSK
10-22 20:27:11.403  7669  7977 I BatteryMgr:DataCollectionService: stats => 1697999231403,-218,4308,70,0,100
10-22 20:27:11.424  8305  8305 I Finsky:background: [2] wib.<init>(76): wht - Registering in memory receiver for android.intent.action.PACKAGE_ADDED and android.intent.action.PACKAGE_REMOVED
10-22 20:27:11.466  8305  8305 I Finsky:background: [2] scp.onCreate(9): IPC-SERVER: Starting gRPC host service...
10-22 20:27:11.497  8305  8305 I Finsky:background: [2] jqd.h(314): This process start was not selected for Play memory metrics collection.
10-22 20:27:11.515  7669  7977 I BatteryMgr:DataCollectionService: stats => 1697999231514,-218,4308,70,0,100
10-22 20:27:11.520  8305  8335 I Finsky:background: [23276] nrj.i(6): getDownloads()
10-22 20:27:11.622  7669  7977 I BatteryMgr:DataCollectionService: stats => 1697999231621,-218,4308,70,0,100
10-22 20:27:11.631  8305  8337 D ConnectivityManager: requestNetwork; CallingUid : 10044, CallingPid : 8305
10-22 20:27:11.634  3957  4602 D ConnectivityService: requestNetwork for uid/pid:10044/8305 NetworkRequest [ TRACK_DEFAULT id=2368, [ Capabilities: INTERNET&NOT_RESTRICTED&TRUSTED&NOT_VPN] ]
10-22 20:27:11.635  3957  4157 D ConnectivityService: rematching NetworkAgentInfo [WIFI () - 509]
10-22 20:27:11.635  3957  4157 D ConnectivityService:  network has: [ Transports: WIFI Capabilities: NOT_METERED&INTERNET&NOT_RESTRICTED&TRUSTED&NOT_VPN&VALIDATED&FOREGROUND LinkUpBandwidth>=1048576Kbps LinkDnBandwidth>=1048576Kbps SignalStrength: -42]
10-22 20:27:11.636  3957  4157 D ConnectivityService: Network NetworkAgentInfo [WIFI () - 509] was already satisfying request 1. No change.
10-22 20:27:11.636  3957  4157 D ConnectivityService: Network NetworkAgentInfo [WIFI () - 509] was already satisfying request 3. No change.
10-22 20:27:11.636  3957  4157 D ConnectivityService:   checking if request is satisfied: NetworkRequest [ TRACK_DEFAULT id=2368, [ Capabilities: INTERNET&NOT_RESTRICTED&TRUSTED&NOT_VPN] ]
10-22 20:27:11.636  3957  4157 D ConnectivityService: currentScore = 0, newScore = 100
10-22 20:27:11.636  3957  4157 D ConnectivityService: rematch for NetworkAgentInfo [WIFI () - 509]
10-22 20:27:11.636  3957  4157 D ConnectivityService:    accepting network in place of null
10-22 20:27:11.636  3957  4157 D ConnectivityService: sending new Min Network Score(100): NetworkRequest [ TRACK_DEFAULT id=2368, [ Capabilities: INTERNET&NOT_RESTRICTED&TRUSTED&NOT_VPN] ]
10-22 20:27:11.636  3957  4313 D Ethernet: got request NetworkRequest [ TRACK_DEFAULT id=2368, [ Capabilities: INTERNET&NOT_RESTRICTED&TRUSTED&NOT_VPN] ] with score 100
10-22 20:27:11.636  3957  4313 D Ethernet:   my score=-1, my filter=[ Transports: ETHERNET Capabilities: INTERNET&NOT_RESTRICTED&TRUSTED&NOT_VPN LinkUpBandwidth>=100000Kbps LinkDnBandwidth>=100000Kbps]
10-22 20:27:11.636  3957  4313 D Ethernet: evalRequest
10-22 20:27:11.636  3957  4313 D Ethernet:   done
10-22 20:27:11.637  4961  4961 D io_stats: !@ 179,0 r 10406907 342281204 w 2184700 42651892 d 176169 37366840 f 642990 668562 iot 4743904 4085629 th 51200 0 0 pt 0 inp 0 0 605638.222
10-22 20:27:11.637  3957  4157 D ConnectivityService: MultiNetwork Request(TransportType - Wi-Fi request). Internet Capability doesn't required (false)
10-22 20:27:11.637  3957  4157 D ConnectivityService: Network NetworkAgentInfo [WIFI () - 509] was already satisfying request 2362. No change.
10-22 20:27:11.637  3957  4157 D ConnectivityService: sending notification AVAILABLE for NetworkRequest [ TRACK_DEFAULT id=2368, [ Capabilities: INTERNET&NOT_RESTRICTED&TRUSTED&NOT_VPN] ]
10-22 20:27:11.637  3957  4153 D WIFI_P2P: got request NetworkRequest [ TRACK_DEFAULT id=2368, [ Capabilities: INTERNET&NOT_RESTRICTED&TRUSTED&NOT_VPN] ] with score 100
10-22 20:27:11.637  3957  4153 D WIFI_P2P:   my score=60, my filter=[ Transports: WIFI Capabilities: WIFI_P2P&NOT_RESTRICTED&TRUSTED&NOT_VPN LinkUpBandwidth>=1048576Kbps LinkDnBandwidth>=1048576Kbps]
10-22 20:27:11.637  3957  4153 D WIFI_P2P: evalRequest
10-22 20:27:11.638  3957  4153 D WIFI_P2P:   done
10-22 20:27:11.638  3957  4129 D WIFI    : got request NetworkRequest [ TRACK_DEFAULT id=2368, [ Capabilities: INTERNET&NOT_RESTRICTED&TRUSTED&NOT_VPN] ] with score 100
10-22 20:27:11.638  3957  4157 D ConnectivityService: sending notification CAP_CHANGED for NetworkRequest [ TRACK_DEFAULT id=2368, [ Capabilities: INTERNET&NOT_RESTRICTED&TRUSTED&NOT_VPN] ]
10-22 20:27:11.638  3957  4129 D WIFI    :   my score=60, my filter=[ Transports: WIFI Capabilities: NOT_METERED&INTERNET&NOT_RESTRICTED&TRUSTED&NOT_VPN LinkUpBandwidth>=1048576Kbps LinkDnBandwidth>=1048576Kbps]
10-22 20:27:11.638  3957  4129 D WIFI    : evalRequest
10-22 20:27:11.638  3957  4129 D WIFI    :   done
10-22 20:27:11.638  3957  4129 D WIFI_UT : got request NetworkRequest [ TRACK_DEFAULT id=2368, [ Capabilities: INTERNET&NOT_RESTRICTED&TRUSTED&NOT_VPN] ] with score 100
10-22 20:27:11.638  3957  4157 D ConnectivityService: sending notification IP_CHANGED for NetworkRequest [ TRACK_DEFAULT id=2368, [ Capabilities: INTERNET&NOT_RESTRICTED&TRUSTED&NOT_VPN] ]
10-22 20:27:11.638  3957  4129 D WIFI_UT :   my score=2147483647, my filter=[ Transports: WIFI Capabilities: NOT_METERED&INTERNET&NOT_RESTRICTED&TRUSTED&NOT_VPN LinkUpBandwidth>=1048576Kbps LinkDnBandwidth>=1048576Kbps]
10-22 20:27:11.638  3957  4129 D WIFI_UT : evalRequest
10-22 20:27:11.638  3957  4129 D WIFI_UT :   needNetworkFor
10-22 20:27:11.638  4616  4616 D PhoneSwitcherNetworkRequstListener: got request NetworkRequest [ TRACK_DEFAULT id=2368, [ Capabilities: INTERNET&NOT_RESTRICTED&TRUSTED&NOT_VPN] ] with score 100
10-22 20:27:11.639  4616  4616 D PhoneSwitcherNetworkRequstListener:   my score=101, my filter=[ Transports: CELLULAR Capabilities: MMS&SUPL&DUN&FOTA&IMS&CBS&IA&RCS&XCAP&EIMS&INTERNET&NOT_RESTRICTED&TRUSTED&NOT_VPN&ENT1 Specifier: <android.net.MatchAllNetworkSpecifier@0>]
10-22 20:27:11.639  4616  4616 D PhoneSwitcherNetworkRequstListener: evalRequest
10-22 20:27:11.639  4616  4616 D PhoneSwitcherNetworkRequstListener:   needNetworkFor
10-22 20:27:11.642  3957  4602 D ConnectivityService: filterNetworkStateForUid() uid: 10044 networkInfo: [type: WIFI[] - WIFI, state: CONNECTED/CONNECTED, reason: (unspecified), extra: "ourhome", failover: false, available: true, roaming: false, metered: false]
10-22 20:27:11.642  3957  4602 D WifiService: getConnectionInfo uid=1000
10-22 20:27:11.643  3957  4602 D WifiService: getConnectionInfo uid=1000
10-22 20:27:11.654  8150  8249 I Finsky  : [23275] tmv.G(6): getDownloads()
10-22 20:27:11.656  8305  8335 I Finsky:background: [23276] nrj.i(6): getDownloads()
10-22 20:27:11.660  8150  8297 I Finsky  : [23310] qsd.run(251): Installer: Installer starting
10-22 20:27:11.661  8150  8297 I Finsky  : [23310] qsd.run(275): Installer: Installer started
10-22 20:27:11.685  8150  8155 I zygote64: Do partial code cache collection, code=2312B, data=30KB
10-22 20:27:11.685  8150  8155 I zygote64: After code cache collection, code=2312B, data=30KB
10-22 20:27:11.685  8150  8155 I zygote64: Increasing code cache capacity to 128KB
10-22 20:27:11.692  8150  8150 I Finsky  : [2] qur.R(85): Installer: found apps to install. apps=[]
10-22 20:27:11.693  3957  4602 I chatty  : uid=1000(system) Binder:3957_7 identical 2 lines
10-22 20:27:11.693  3957  4602 D WifiService: getConnectionInfo uid=1000
10-22 20:27:11.694  3957  4602 D ConnectivityService: filterNetworkStateForUid() uid: 10044 networkInfo: [type: WIFI[] - WIFI, state: CONNECTED/CONNECTED, reason: (unspecified), extra: "ourhome", failover: false, available: true, roaming: false, metered: false]
10-22 20:27:11.694  3957  4602 D WifiService: getConnectionInfo uid=1000
10-22 20:27:11.699  8150  8339 I Finsky  : [23320] qyo.a(796): IV2: found recoverable installs: []
10-22 20:27:11.709  3957  4128 D WifiService: getConnectionInfo uid=1000
10-22 20:27:11.711  8150  8150 I Finsky  : [2] scp.onCreate(9): IPC-SERVER: Starting gRPC host service...
10-22 20:27:11.732  7669  7977 I BatteryMgr:DataCollectionService: stats => 1697999231732,-218,4308,70,0,100
10-22 20:27:11.761  8150  8342 I Finsky  : [23323] reg.D(6): IQ: Pruning inactive install requests
10-22 20:27:11.768  8150  8342 I Finsky  : [23323] zxg.<init>(55): Resetting scheduler db
10-22 20:27:11.783  8150  8259 I Finsky  : [23283] yqw.accept(377): SCH: Scheduling phonesky job Id: 1-1337, CT: 1697982920279, Constraints: [{ L: 43150519, D: 86350519, C: 1, I: 1, N: 1 }]
10-22 20:27:11.783  8150  8259 I Finsky  : [23283] yqw.accept(377): SCH: Scheduling phonesky job Id: 3-391, CT: 1697999010661, Constraints: [{ L: 0, D: 86400000, C: 2, I: 2, N: 1 }]
10-22 20:27:11.784  8150  8259 I Finsky  : [23283] yqw.accept(377): SCH: Scheduling phonesky job Id: 24-77777777, CT: 1697982921469, Constraints: [{ L: 1, D: 82800000, C: 1, I: 2, N: 0 }]
10-22 20:27:11.785  8150  8259 I Finsky  : [23283] yqw.accept(377): SCH: Scheduling phonesky job Id: 26-1414141414, CT: 1697983363239, Constraints: [{ L: 43199990, D: 44099990, C: 1, I: 1, N: 0 }]
10-22 20:27:11.787  8150  8259 I Finsky  : [23283] yqw.accept(377): SCH: Scheduling phonesky job Id: 34-378, CT: 1697982924774, Constraints: [{ L: 604800000, D: 2485876636, C: 2, I: 2, N: 2 }, { L: 604800000, D: 2485876636, C: 1, I: 2, N: 2 }]
10-22 20:27:11.788  8150  8259 I Finsky  : [23283] yqw.accept(377): SCH: Scheduling phonesky job Id: 34-382, CT: 1697982924775, Constraints: [{ L: 0, D: 1296000000, C: 2, I: 2, N: 2 }, { L: 0, D: 1296000000, C: 1, I: 2, N: 2 }]
10-22 20:27:11.789  8150  8259 I Finsky  : [23283] yqw.accept(377): SCH: Scheduling phonesky job Id: 34-383, CT: 1697982924775, Constraints: [{ L: 56688101, D: 1352688101, C: 1, I: 1, N: 1 }]
10-22 20:27:11.789  8150  8259 I Finsky  : [23283] yqw.accept(377): SCH: Scheduling phonesky job Id: 34-385, CT: 1697982924774, Constraints: [{ L: 265025654, D: 1561025654, C: 1, I: 1, N: 2 }]
10-22 20:27:11.798  3957  4651 D ConnectivityService: filterNetworkStateForUid() uid: 10169 networkInfo: [type: WIFI[] - WIFI, state: CONNECTED/CONNECTED, reason: (unspecified), extra: "ourhome", failover: false, available: true, roaming: false, metered: false]
10-22 20:27:11.798  3957  4651 D WifiService: getConnectionInfo uid=1000
10-22 20:27:11.802  8150  8150 I Finsky  : [2] abey.a(9): Connecting InstallListener to SplitInstallService broadcaster...
10-22 20:27:11.817  8150  8261 I Finsky  : [23285] zwv.apply(1036): SCH: Scheduling 0 system job(s)
10-22 20:27:11.825  8150  8344 I Finsky  : [23325] zxa.apply(33): SCH: Canceling job 3-391
10-22 20:27:11.829  8150  8249 I Finsky  : [23275] zwu.a(15): SCH: no pending jobs to schedule.
10-22 20:27:11.841  7669  7977 I BatteryMgr:DataCollectionService: stats => 1697999231841,-218,4308,70,0,100
10-22 20:27:11.849  8150  8342 I Finsky  : [23323] rdv.apply(1416): IQ: Creating job 392, for (REQ_CHARGING, REQ_DEVICE_IDLE, REQ_GEARHEAD_PROJECTION_OFF, NETWORK=ANY, PROVISIONING_STATE=PROVISIONED, BACKUP_MANAGER_STATE=BACKUP_READY, PROCESS_IMPORTANCE_THRESHOLD=125)
10-22 20:27:11.856  8150  8342 I Finsky  : [23323] reg.G(93): IQ: Bulk scheduling created jobs
10-22 20:27:11.860  8150  8234 D NetworkSecurityConfig: No Network Security Config specified, using platform default
10-22 20:27:11.868  8150  8234 I System.out: (HTTPLog)-Static: isSBSettingEnabled false
10-22 20:27:11.868  8150  8234 I System.out: (HTTPLog)-Static: isSBSettingEnabled false
10-22 20:27:11.870  3599  3918 D DnsProxyListener: DNSDBG::dns addrinfo af 0
10-22 20:27:11.948  7669  7977 I BatteryMgr:DataCollectionService: stats => 1697999231948,-218,4308,70,0,100
10-22 20:27:12.060  7669  7977 I BatteryMgr:DataCollectionService: stats => 1697999232060,-218,4308,70,0,100
10-22 20:27:12.141  3957  4045 D SamsungAlarmManager: Expired : 4
10-22 20:27:12.142  3957  4045 I SamsungAlarmManager: setLocked to kernel - T:2 / 20231022T202945, SetElapsed=1661767542, nowELAPSED=1661614200
10-22 20:27:12.142  3957  4045 I SamsungAlarmManager: setLocked to kernel - T:3 / 20231022T202800, SetElapsed=1661662058, nowELAPSED=1661614200
10-22 20:27:12.160  3957  4045 V SamsungAlarmManager: Sending to uid : 10025 listener=android.os.BinderProxy@a51999 alarm=Alarm{3aa93ab type 2 when 1661614199 com.google.android.gms}
10-22 20:27:12.182  7669  7977 I BatteryMgr:DataCollectionService: stats => 1697999232182,-218,4308,70,0,100
10-22 20:27:12.191  3599  3918 D DnsProxyListener: DNSDBG::dns addrinfo af 0
10-22 20:27:12.194  3957  4651 D ConnectivityService: filterNetworkStateForUid() uid: 10169 networkInfo: [type: WIFI[] - WIFI, state: CONNECTED/CONNECTED, reason: (unspecified), extra: "ourhome", failover: false, available: true, roaming: false, metered: false]
10-22 20:27:12.194  3957  4651 D WifiService: getConnectionInfo uid=1000
10-22 20:27:12.221  7959  8039 E vulkan  : invalid vkGetInstanceProcAddr(VK_NULL_HANDLE, "vkEnumerateInstanceVersion") call
10-22 20:27:12.221  7959  8039 E vulkan  : invalid vkGetInstanceProcAddr(VK_NULL_HANDLE, "vkEnumerateInstanceVersion") call
10-22 20:27:12.225  3957  4602 D ConnectivityService: filterNetworkStateForUid() uid: 10169 networkInfo: [type: WIFI[] - WIFI, state: CONNECTED/CONNECTED, reason: (unspecified), extra: "ourhome", failover: false, available: true, roaming: false, metered: false]
10-22 20:27:12.226  3957  4602 D WifiService: getConnectionInfo uid=1000
10-22 20:27:12.228  3957  4602 D WifiService: getWifiEnabledState uid=10025
10-22 20:27:12.242  7959  8039 D vulkan  : searching for layers in '/data/app/org.mozilla.fenix-iWpGOrf8cry6RDpwHyQugA==/lib/arm64'
10-22 20:27:12.244  7959  8039 D vulkan  : searching for layers in '/data/app/org.mozilla.fenix-iWpGOrf8cry6RDpwHyQugA==/base.apk!/lib/arm64-v8a'
10-22 20:27:12.244  3957  4602 D SamsungAlarmManager: setExact Listener (T:2/F:1/AC:false) 20231022T202717 - CU:10025/CP:6229
10-22 20:27:12.244  3957  4602 I SamsungAlarmManager: setLocked to kernel - T:2 / 20231022T202717, SetElapsed=1661619284, nowELAPSED=1661614303
10-22 20:27:12.245  3957  4602 W AlarmManager: Alarms must either supply a PendingIntent or an AlarmReceiver
10-22 20:27:12.253  3957  4602 D ConnectivityService: filterNetworkStateForUid() uid: 10169 networkInfo: [type: WIFI[] - WIFI, state: CONNECTED/CONNECTED, reason: (unspecified), extra: "ourhome", failover: false, available: true, roaming: false, metered: false]
10-22 20:27:12.253  3957  4602 D WifiService: getConnectionInfo uid=1000
10-22 20:27:12.263  7959  8039 D vulkan  : vulkan api version_1_0 1.0.0
10-22 20:27:12.263  7959  8039 D vulkan  : vulkan header version 46
10-22 20:27:12.266  3957  4602 D WifiService: getConnectionInfo uid=1000
10-22 20:27:12.281  3957  4602 I chatty  : uid=1000(system) Binder:3957_7 identical 4 lines
10-22 20:27:12.282  3957  4602 I chatty  : uid=1000(system) Binder:3957_7 identical 3 lines
10-22 20:27:12.285  3957  4602 D ConnectivityService: filterNetworkStateForUid() uid: 10169 networkInfo: [type: WIFI[] - WIFI, state: CONNECTED/CONNECTED, reason: (unspecified), extra: "ourhome", failover: false, available: true, roaming: false, metered: false]
10-22 20:27:12.285  3957  4602 D WifiService: getConnectionInfo uid=1000
10-22 20:27:12.294  7669  7977 I BatteryMgr:DataCollectionService: stats => 1697999232294,-218,4308,70,0,100
10-22 20:27:12.295  3957  4651 D ConnectivityService: filterNetworkStateForUid() uid: 10169 networkInfo: [type: WIFI[] - WIFI, state: CONNECTED/CONNECTED, reason: (unspecified), extra: "ourhome", failover: false, available: true, roaming: false, metered: false]
10-22 20:27:12.295  3957  4651 D WifiService: getConnectionInfo uid=1000
10-22 20:27:12.321  3957  4149 D WifiHandler.WifiScanningService: Received message=159765d sendingUid=10025
10-22 20:27:12.322  3957  4149 D WifiScanningService: replySucceeded recvdMessage=159765
10-22 20:27:12.323  6229  6337 D TelephonyManager: getAllCellInfo : Caller (PID / UID / TID): 6229 / 10025 / 6337
10-22 20:27:12.333  3957  4651 D WifiService: getConnectionInfo uid=1000
10-22 20:27:12.338  3957  4030 D SensorService: [SO] 0.220 -0.101 9.984
