10-22 20:30:47.055  3599  3918 D DnsProxyListener: DNSDBG::dns addrinfo af 0
10-22 20:30:47.056  9025  9266 I libglean_ffi: glean_core::upload: Ping 17dd36a4-62c3-4261-9bdb-1216cc0e3457 successfully sent 200.
10-22 20:30:47.056  9424  9460 E GeckoLibLoad: Loaded libs in 33.399616ms total, 12ms(16ms) user, 20ms(20ms) system, 0(0) faults
10-22 20:30:47.056  9424  9460 W GeckoThread: zerdatime 1661829114 - runGecko
10-22 20:30:47.058  3957  8322 D ConnectivityService: filterNetworkStateForUid() uid: 10169 networkInfo: [type: WIFI[] - WIFI, state: CONNECTED/CONNECTED, reason: (unspecified), extra: "ourhome", failover: false, available: true, roaming: false, metered: false]
10-22 20:30:47.058  3957  8322 D WifiService: getConnectionInfo uid=1000
10-22 20:30:47.059  9025  9266 I libglean_ffi: glean_core::upload::directory: File was deleted /data/user/0/org.mozilla.fenix/glean_data/pending_pings/17dd36a4-62c3-4261-9bdb-1216cc0e3457
10-22 20:30:47.067  9025  9266 I libglean_ffi: glean_core::upload: New upload task with id 1f17b509-3e7e-4fde-af64-c60e49679b4d (path: /submit/org-mozilla-fenix/crash/1/1f17b509-3e7e-4fde-af64-c60e49679b4d)
10-22 20:30:47.093  3599  3918 D DnsProxyListener: DNSDBG::dns addrinfo af 0
10-22 20:30:47.096  3599  3918 D DnsProxyListener: DNSDBG::dns addrinfo af 0
10-22 20:30:47.133  9124  9152 W linker  : "/data/app/org.mozilla.fenix-iWpGOrf8cry6RDpwHyQugA==/lib/arm64/libsoftokn3.so" unused DT entry: type 0x8000024 arg 0x2580
10-22 20:30:47.134  9124  9152 W linker  : "/data/app/org.mozilla.fenix-iWpGOrf8cry6RDpwHyQugA==/lib/arm64/libsoftokn3.so" unused DT entry: type 0x8000023 arg 0x70
10-22 20:30:47.134  9124  9152 W linker  : "/data/app/org.mozilla.fenix-iWpGOrf8cry6RDpwHyQugA==/lib/arm64/libsoftokn3.so" unused DT entry: type 0x8000025 arg 0x8
10-22 20:30:47.137  9124  9152 W linker  : "/data/app/org.mozilla.fenix-iWpGOrf8cry6RDpwHyQugA==/lib/arm64/libfreebl3.so" unused DT entry: type 0x8000024 arg 0xe78
10-22 20:30:47.137  9124  9152 W linker  : "/data/app/org.mozilla.fenix-iWpGOrf8cry6RDpwHyQugA==/lib/arm64/libfreebl3.so" unused DT entry: type 0x8000023 arg 0x68
10-22 20:30:47.137  9124  9152 W linker  : "/data/app/org.mozilla.fenix-iWpGOrf8cry6RDpwHyQugA==/lib/arm64/libfreebl3.so" unused DT entry: type 0x8000025 arg 0x8
10-22 20:30:47.152  8981  9339 I BatteryMgr:DataCollectionService: stats => 1697999447152,178,4308,174,0,100
10-22 20:30:47.185  9106  9177 W fb4a.AppInitScheduler|Run:   Finished PreloadReactions in 422ms
10-22 20:30:47.188  3599  3918 D DnsProxyListener: DNSDBG::dns addrinfo af 0
10-22 20:30:47.189  3957  8661 D ConnectivityService: filterNetworkStateForUid() uid: 10169 networkInfo: [type: WIFI[] - WIFI, state: CONNECTED/CONNECTED, reason: (unspecified), extra: "ourhome", failover: false, available: true, roaming: false, metered: false]
10-22 20:30:47.189  3957  8661 D WifiService: getConnectionInfo uid=1000
10-22 20:30:47.192  3599  3918 D DnsProxyListener: DNSDBG::dns addrinfo af 0
10-22 20:30:47.193  3957  8661 I chatty  : uid=1000(system) Binder:3957_14 identical 1 line
10-22 20:30:47.194  3957  8661 D WifiService: getConnectionInfo uid=1000
10-22 20:30:47.211  3599  3918 D DnsProxyListener: DNSDBG::dns addrinfo af 0
10-22 20:30:47.228  9106  9179 D TelephonyManager: getCellLocation : Caller (PID / UID / TID): 9106 / 10103 / 9179
10-22 20:30:47.234  3599  3918 D DnsProxyListener: DNSDBG::dns addrinfo af 0
10-22 20:30:47.255  3599  3918 I chatty  : uid=0(root) /system/bin/netd identical 1 line
10-22 20:30:47.260  3599  3918 D DnsProxyListener: DNSDBG::dns addrinfo af 0
10-22 20:30:47.263  8981  9339 I BatteryMgr:DataCollectionService: stats => 1697999447263,178,4308,174,0,100
10-22 20:30:47.263  3957  4128 D WifiService: getConnectionInfo uid=1000
10-22 20:30:47.271  3599  3918 D DnsProxyListener: DNSDBG::dns addrinfo af 0
10-22 20:30:47.281  9106  9179 D TelephonyManager: getAllCellInfo : Caller (PID / UID / TID): 9106 / 10103 / 9179
10-22 20:30:47.307  9106  9179 W fb4a.AppInitScheduler|Run:   Finished EagerInitTigonLiger in 949ms
10-22 20:30:47.308  9106  9179 W fb4a.AppInitScheduler|Run: Running GraphServiceEagerInit
10-22 20:30:47.309  9106  9178 W fb4a.AppInitScheduler|Run: Running ZeroLibraryInitializer
10-22 20:30:47.310  9106  9178 W fb4a.AppInitScheduler|Run:   Finished ZeroLibraryInitializer in 0ms
10-22 20:30:47.319  9025  9266 I libglean_ffi: glean_core::upload: Ping 1f17b509-3e7e-4fde-af64-c60e49679b4d successfully sent 200.
10-22 20:30:47.328  9025  9266 I libglean_ffi: glean_core::upload::directory: File was deleted /data/user/0/org.mozilla.fenix/glean_data/pending_pings/1f17b509-3e7e-4fde-af64-c60e49679b4d
10-22 20:30:47.329  9025  9266 I libglean_ffi: glean_core::upload: New upload task with id 91333914-f830-4d20-9715-b9b39f2f1565 (path: /submit/org-mozilla-fenix/pageload/1/91333914-f830-4d20-9715-b9b39f2f1565)
10-22 20:30:47.356  9106  9328 D TelephonyManager: getCellLocation : Caller (PID / UID / TID): 9106 / 10103 / 9328
10-22 20:30:47.362  9106  9328 D TelephonyManager: getAllCellInfo : Caller (PID / UID / TID): 9106 / 10103 / 9328
10-22 20:30:47.373  8981  9339 I BatteryMgr:DataCollectionService: stats => 1697999447373,178,4308,174,0,100
10-22 20:30:47.375  3599  3918 D DnsProxyListener: DNSDBG::dns addrinfo af 0
10-22 20:30:47.375  3957  8661 D ConnectivityService: filterNetworkStateForUid() uid: 10169 networkInfo: [type: WIFI[] - WIFI, state: CONNECTED/CONNECTED, reason: (unspecified), extra: "ourhome", failover: false, available: true, roaming: false, metered: false]
10-22 20:30:47.375  3957  8661 D WifiService: getConnectionInfo uid=1000
10-22 20:30:47.383  9106  9328 D TelephonyManager: getCellLocation : Caller (PID / UID / TID): 9106 / 10103 / 9328
10-22 20:30:47.390  9106  9114 I zygote  : Do partial code cache collection, code=0B, data=31KB
10-22 20:30:47.391  9106  9114 I zygote  : After code cache collection, code=0B, data=31KB
10-22 20:30:47.391  9106  9114 I zygote  : Increasing code cache capacity to 128KB
10-22 20:30:47.393  9106  9328 D TelephonyManager: getAllCellInfo : Caller (PID / UID / TID): 9106 / 10103 / 9328
10-22 20:30:47.431  9106  9179 W fb4a.AppInitScheduler|Run:   Finished GraphServiceEagerInit in 124ms
10-22 20:30:47.432  9106  9179 W fb4a.AppInitScheduler|Run: All work finished.
10-22 20:30:47.470  9106  9123 W ResourceType: ResTable_typeSpec entry count inconsistent: given 88, previously 91
10-22 20:30:47.470  9106  9123 W ResourceType: ResTable_typeSpec entry count inconsistent: given 168, previously 172
10-22 20:30:47.479  9106  9123 W ResourceType: ResTable_typeSpec entry count inconsistent: given 3506, previously 3526
10-22 20:30:47.481  9106  9123 W ResourceType: ResTable_typeSpec entry count inconsistent: given 487, previously 4675
10-22 20:30:47.482  8981  9339 I BatteryMgr:DataCollectionService: stats => 1697999447482,178,4308,174,0,100
10-22 20:30:47.529  3599  3918 D DnsProxyListener: DNSDBG::dns addrinfo af 0
10-22 20:30:47.592  8981  9339 I BatteryMgr:DataCollectionService: stats => 1697999447591,178,4308,174,0,100
10-22 20:30:47.615  3957  8322 D StorageManagerService: getExternalStorageMountMode : 3
10-22 20:30:47.615  3957  8322 D StorageManagerService: getExternalStorageMountMode : 3
10-22 20:30:47.616  3957  8322 D StorageManagerService: getExternalStorageMountMode : final mountMode=3, uid : 10044, packageName : com.android.vending
10-22 20:30:47.616  3957  8322 I ApplicationPolicy: isApplicationExternalStorageWhitelisted:com.android.vending user:0
10-22 20:30:47.616  3957  8322 D ApplicationPolicy: isApplicationExternalStorageWhitelisted: DO is not enabled on user 0. Allowed.
10-22 20:30:47.616  3957  8322 D ActivityManager: package  com.android.vending, user - 0 is SDcard whitelisted
10-22 20:30:47.616  3957  8322 I ApplicationPolicy: isApplicationExternalStorageBlacklisted:com.android.vending user:0
10-22 20:30:47.616  3957  8322 D ApplicationPolicy: isApplicationExternalStorageBlacklisted: DO is not enabled on user 0. Allowed.
10-22 20:30:47.632  3957  8322 I ActivityManager: Start proc 9527:com.android.vending/u0a44 for service com.android.vending/com.google.android.finsky.externalreferrer.GetInstallReferrerService
10-22 20:30:47.634  9106  9117 W JavaBinder: BinderProxy is being destroyed but the application did not call unlinkToDeath to unlink all of its death recipients beforehand.  Releasing leaked death recipient: X.07b
10-22 20:30:47.636  9527  9527 E Zygote  : isWhitelistProcess - Process is Whitelisted
10-22 20:30:47.637  9527  9527 E libpersona: scanKnoxPersonas
10-22 20:30:47.637  9527  9527 E libpersona: Couldn't open the File - /data/system/users/0/personalist.xml - No such file or directory
10-22 20:30:47.640  9527  9527 W SELinux : SELinux selinux_android_compute_policy_index : Policy Index[2],  Con:u:r:zygote:s0 RAM:SEPF_SM-J720F_8.0.0_0002, [-1 -1 -1 -1 0 1]
10-22 20:30:47.642  9527  9527 I SELinux : SELinux: seapp_context_lookup: seinfo=gmscore, level=s0:c512,c768, pkgname=com.android.vending 
10-22 20:30:47.654  9025  9266 I libglean_ffi: glean_core::upload: Ping 91333914-f830-4d20-9715-b9b39f2f1565 successfully sent 200.
10-22 20:30:47.658  9025  9266 I libglean_ffi: glean_core::upload::directory: File was deleted /data/user/0/org.mozilla.fenix/glean_data/pending_pings/91333914-f830-4d20-9715-b9b39f2f1565
10-22 20:30:47.660  9025  9266 I libglean_ffi: glean_core::upload: New upload task with id 729077ec-64ad-436e-9cfb-3a20bf46c2e5 (path: /submit/org-mozilla-fenix/baseline/1/729077ec-64ad-436e-9cfb-3a20bf46c2e5)
10-22 20:30:47.682  3957  4129 D WifiStateMachine:  ConnectedState !RSSI_PKTCNT_FETCH uid=1000 rt=605854266/1661829739 0 0 "ourhome" f4:6d:2f:12:cc:88 rssi=-48 f=5240 sc=60 link=433 tx=0.3, 0.0, 0.0  rx=2.2 bcn=622391 [on:0 tx:0 rx:0 period:1000] from screen [on:806488 period:4391350] score=60
10-22 20:30:47.683  9106  9114 I zygote  : Do partial code cache collection, code=47KB, data=62KB
10-22 20:30:47.683  9106  9114 I zygote  : After code cache collection, code=47KB, data=62KB
10-22 20:30:47.683  9106  9114 I zygote  : Increasing code cache capacity to 256KB
10-22 20:30:47.683  3957  4129 D WifiStateMachine:  L2ConnectedState !RSSI_PKTCNT_FETCH uid=1000 rt=605854268/1661829740 0 0 "ourhome" f4:6d:2f:12:cc:88 rssi=-48 f=5240 sc=60 link=433 tx=0.3, 0.0, 0.0  rx=2.2 bcn=622391 [on:0 tx:0 rx:0 period:1] from screen [on:806488 period:4391351] score=60
10-22 20:30:47.685  3957  4129 D WifiStateMachine: fetchRssiLinkSpeedAndFrequencyNative rssi=-50 linkspeed=433 freq=5240
10-22 20:30:47.685  3957  4129 V WifiConfigManager: Updating scan detail cache freq=5240 BSSID=f4:6d:2f:12:cc:88 RSSI=-48 for "ourhome"WPA_PSK
10-22 20:30:47.690  9527  9527 D TimaKeyStoreProvider: TimaKeyStore is not enabled: cannot add TimaSignature Service and generateKeyPair Service
10-22 20:30:47.691  9527  9527 D ActivityThread: Added TimaKeyStore provider
10-22 20:30:47.695  3957  5416 I ActivityManager: DSS on for com.android.vending and scale is 1.0
10-22 20:30:47.703  8981  9339 I BatteryMgr:DataCollectionService: stats => 1697999447703,178,4308,174,0,100
10-22 20:30:47.732  9527  9527 I zygote64: no shared libraies, dex_files: 1
10-22 20:30:47.813  8981  9339 I BatteryMgr:DataCollectionService: stats => 1697999447812,178,4308,174,0,100
10-22 20:30:47.824  9025  9025 W GeckoSession: No history entries found.
10-22 20:30:47.903  9527  9527 W ResourceType: ResTable_typeSpec entry count inconsistent: given 212, previously 242
10-22 20:30:47.921  8981  9339 I BatteryMgr:DataCollectionService: stats => 1697999447921,178,4308,174,0,100
10-22 20:30:48.003  9025  9266 I libglean_ffi: glean_core::upload: Ping 729077ec-64ad-436e-9cfb-3a20bf46c2e5 successfully sent 200.
10-22 20:30:48.007  9025  9266 I libglean_ffi: glean_core::upload::directory: File was deleted /data/user/0/org.mozilla.fenix/glean_data/pending_pings/729077ec-64ad-436e-9cfb-3a20bf46c2e5
10-22 20:30:48.009  9025  9266 I libglean_ffi: glean_core::upload: No more pings to upload! You are done.
10-22 20:30:48.012  9025  9144 I WM-WorkerWrapper: Worker result SUCCESS for Work [ id=91e77c8a-77d8-48f1-941c-2160a0257c56, tags={ mozilla.telemetry.glean.scheduler.PingUploadWorker, mozac_service_glean_ping_upload_worker } ]
10-22 20:30:48.016  9025  9025 D ConnectivityManager: unregisterNetworkCallback; CallingUid : 10169, CallingPid : 9025
10-22 20:30:48.018  3957  4157 D ConnectivityService: releasing NetworkRequest [ TRACK_DEFAULT id=2373, [ Capabilities: INTERNET&NOT_RESTRICTED&TRUSTED&NOT_VPN] ] (CALLBACK_RELEASED)
10-22 20:30:48.018  3957  4157 D ConnectivityService:  Removing from current network NetworkAgentInfo [WIFI () - 509], leaving 9 requests.
10-22 20:30:48.019  3957  5416 D JobServiceContext: sendStopMessageLocked stop reason: cancel() called by app
10-22 20:30:48.019  3957  4157 D ConnectivityService: sending notification RELEASED for NetworkRequest [ TRACK_DEFAULT id=2373, [ Capabilities: INTERNET&NOT_RESTRICTED&TRUSTED&NOT_VPN] ]
10-22 20:30:48.030  8981  9339 I BatteryMgr:DataCollectionService: stats => 1697999448030,178,4308,174,0,100
10-22 20:30:48.069  9527  9527 I Finsky  : [2] khj.i(84): Process created at version: 37.9.18-21 [0] [PR] 571399392
10-22 20:30:48.139  8981  9339 I BatteryMgr:DataCollectionService: stats => 1697999448139,178,4308,174,0,100
10-22 20:30:48.150  3957  4129 D WifiStateMachine:  ConnectedState !CMD_RSSI_POLL rt=605854735/1661830207 122 0 "ourhome" f4:6d:2f:12:cc:88 rssi=-50 f=5240 sc=60 link=433 tx=0.3, 0.0, 0.0  rx=2.2 bcn=622391 [on:0 tx:0 rx:0 period:467] from screen [on:806488 period:4391818] score=60
10-22 20:30:48.151  3957  4129 D WifiStateMachine:  L2ConnectedState !CMD_RSSI_POLL rt=605854736/1661830208 122 0 "ourhome" f4:6d:2f:12:cc:88 rssi=-50 f=5240 sc=60 link=433 tx=0.3, 0.0, 0.0  rx=2.2 bcn=622391 [on:0 tx:0 rx:0 period:1] from screen [on:806488 period:4391819] score=60
10-22 20:30:48.151  3957  4129 D WifiStateMachine:  get link layer stats 3
10-22 20:30:48.152  3436  3436 I android.hardware.wifi@1.0-service: getLinkLayerStats
10-22 20:30:48.154  3957  4129 D WifiStateMachine: fetchRssiLinkSpeedAndFrequencyNative rssi=-50 linkspeed=433 freq=5240
10-22 20:30:48.155  3957  4129 V WifiConfigManager: Updating scan detail cache freq=5240 BSSID=f4:6d:2f:12:cc:88 RSSI=-49 for "ourhome"WPA_PSK
10-22 20:30:48.157  4340  4340 E SignalClusterView: setSlotFocusVisible : subId -2
10-22 20:30:48.157  4340  4340 E SignalClusterView: setSlotFocusVisible : subId -2
10-22 20:30:48.251  8981  9339 I BatteryMgr:DataCollectionService: stats => 1697999448251,178,4308,174,0,100
10-22 20:30:48.265  3957  4128 D WifiService: getConnectionInfo uid=1000
10-22 20:30:48.369  8981  9339 I BatteryMgr:DataCollectionService: stats => 1697999448369,178,4308,174,0,100
10-22 20:30:48.395  8777  8777 D SamsungNotes$MemoApplication: onTrimMemory: 80
10-22 20:30:48.459  9527  9549 I Finsky  : [23326] aiff.bk(289): Finished reading experiment flags from file [0tGUNCGIkbk4o6-fQ335kUYSKwVj4lusnHT-A5Dsy08] numFlags=1259.
10-22 20:30:48.475  9527  9549 I Finsky  : [23326] aiff.bk(289): Finished reading experiment flags from file [Se-xCc4LzNyh3UrKMIU2sUf-PUKz4oQEbpKZDMuaFno] numFlags=1771.
10-22 20:30:48.482  8981  9339 I BatteryMgr:DataCollectionService: stats => 1697999448482,178,4308,174,0,100
10-22 20:30:48.516  9527  9551 E Finsky  : Getting early startup flag value without initialization: PhoneskyPhenotype__enable_flag_update_entry_point
10-22 20:30:48.579  9106  9375 W fb4a.MultiSignalANRDetectorLacrima: Pausing error state checks
10-22 20:30:48.590  8981  9339 I BatteryMgr:DataCollectionService: stats => 1697999448590,178,4308,174,0,100
10-22 20:30:48.682  3957  4129 D WifiStateMachine:  ConnectedState !RSSI_PKTCNT_FETCH uid=1000 rt=605855267/1661830739 0 0 "ourhome" f4:6d:2f:12:cc:88 rssi=-50 f=5240 sc=60 link=433 tx=204.1, 27.2, 0.0  rx=227.6 bcn=622418 [on:0 tx:0 rx:0 period:525] from screen [on:808773 period:4392350] score=60
10-22 20:30:48.683  3957  4129 D WifiStateMachine:  L2ConnectedState !RSSI_PKTCNT_FETCH uid=1000 rt=605855268/1661830740 0 0 "ourhome" f4:6d:2f:12:cc:88 rssi=-50 f=5240 sc=60 link=433 tx=204.1, 27.2, 0.0  rx=227.6 bcn=622418 [on:0 tx:0 rx:0 period:1] from screen [on:808773 period:4392351] score=60
10-22 20:30:48.684  9527  9551 I Finsky  : [23328] aiff.bk(289): Finished reading experiment flags from file [cDXKMAm20gnql81lkHY0kpZ363Z9OGuPpqWoMw-jNkY] numFlags=1782.
10-22 20:30:48.684  3957  4129 D WifiStateMachine: fetchRssiLinkSpeedAndFrequencyNative rssi=-48 linkspeed=433 freq=5240
10-22 20:30:48.684  3957  4129 V WifiConfigManager: Updating scan detail cache freq=5240 BSSID=f4:6d:2f:12:cc:88 RSSI=-48 for "ourhome"WPA_PSK
10-22 20:30:48.691  6413  6468 D ScanRecord: Not a Multi Manu data
10-22 20:30:48.691  6413  6468 I chatty  : uid=1002(bluetooth) BT Service Call identical 11 lines
10-22 20:30:48.691  6413  6468 D ScanRecord: Not a Multi Manu data
10-22 20:30:48.699  8981  9339 I BatteryMgr:DataCollectionService: stats => 1697999448699,-156,4308,-93,0,100
10-22 20:30:48.716  9527  9549 I Finsky  : [23326] kez.Q(10): pcsi: PROCESS_START
10-22 20:30:48.718  3957  8322 D PackageManager: setEnabledSetting : userId = 0 packageName = com.android.vending cmp = com.google.android.finsky.prewarmservice.PrewarmService newState = 1 callingPackage = 10044/com.android.vending
10-22 20:30:48.734  9527  9548 I Finsky  : [23325] wib.<init>(76): wid - Registering in memory receiver for android.intent.action.PACKAGE_ADDED and android.intent.action.PACKAGE_REMOVED
10-22 20:30:48.743  6413  6468 D ScanRecord: Not a Multi Manu data
10-22 20:30:48.743  6413  6468 I chatty  : uid=1002(bluetooth) BT Service Call identical 11 lines
10-22 20:30:48.743  6413  6468 D ScanRecord: Not a Multi Manu data
10-22 20:30:48.745  9527  9527 I Finsky  : [2] kez.ap(748): Profiling: Starting up (0)
10-22 20:30:48.746  6413  6468 D ScanRecord: Not a Multi Manu data
10-22 20:30:48.756  6413  6468 I chatty  : uid=1002(bluetooth) BT Service Call identical 50 lines
10-22 20:30:48.756  6413  6468 D ScanRecord: Not a Multi Manu data
10-22 20:30:48.757  3957  6478 D WifiService: getConnectionInfo uid=1000
10-22 20:30:48.773  6413  6468 D ScanRecord: Not a Multi Manu data
10-22 20:30:48.807  6413  6468 I chatty  : uid=1002(bluetooth) BT Service Call identical 89 lines
10-22 20:30:48.807  6413  6468 D ScanRecord: Not a Multi Manu data
10-22 20:30:48.813  8981  9339 I BatteryMgr:DataCollectionService: stats => 1697999448813,-156,4308,-93,0,100
10-22 20:30:48.816  6413  6468 D ScanRecord: Not a Multi Manu data
10-22 20:30:48.828  6413  6468 I chatty  : uid=1002(bluetooth) BT Service Call identical 24 lines
10-22 20:30:48.828  6413  6468 D ScanRecord: Not a Multi Manu data
10-22 20:30:48.829  9527  9527 I Finsky  : [2] khj.i(514): AsyncInit: Mandatory tasks are executed!
10-22 20:30:48.837  6413  6468 D ScanRecord: Not a Multi Manu data
10-22 20:30:48.846  6413  6468 I chatty  : uid=1002(bluetooth) BT Service Call identical 24 lines
10-22 20:30:48.846  6413  6468 D ScanRecord: Not a Multi Manu data
10-22 20:30:48.849  9527  9549 I Finsky  : [23326] mgk.g(45): Subscription detail: N/A
10-22 20:30:48.854  6413  6468 D ScanRecord: Not a Multi Manu data
10-22 20:30:48.864  6413  6468 I chatty  : uid=1002(bluetooth) BT Service Call identical 37 lines
10-22 20:30:48.864  6413  6468 D ScanRecord: Not a Multi Manu data
10-22 20:30:48.874  3957  8322 D PackageManager: setEnabledSetting : userId = 0 packageName = com.android.vending cmp = com.android.vending.AssetBrowserActivity newState = 1 callingPackage = 10044/com.android.vending
10-22 20:30:48.878  6413  6468 D ScanRecord: Not a Multi Manu data
10-22 20:30:48.879  6413  6468 I chatty  : uid=1002(bluetooth) BT Service Call identical 11 lines
10-22 20:30:48.879  6413  6468 D ScanRecord: Not a Multi Manu data
10-22 20:30:48.882  3957  8322 D PackageManager: setEnabledSetting : userId = 0 packageName = com.android.vending cmp = com.google.android.finsky.activities.DebugActivity newState = 2 callingPackage = 10044/com.android.vending
10-22 20:30:48.885  6413  6468 D ScanRecord: Not a Multi Manu data
10-22 20:30:48.889  6413  6468 I chatty  : uid=1002(bluetooth) BT Service Call identical 24 lines
10-22 20:30:48.889  6413  6468 D ScanRecord: Not a Multi Manu data
10-22 20:30:48.892  3599  3918 D DnsProxyListener: DNSDBG::dns addrinfo af 0
10-22 20:30:48.896  9527  9547 I Finsky  : [23324] ancv.g(20): SysUA: Disable SystemUpdateActivity, because Android is lower than Q
10-22 20:30:48.897  3957  4650 D PackageManager: setEnabledSetting : userId = 0 packageName = com.android.vending cmp = com.google.android.finsky.systemupdateactivity.SystemUpdateActivity newState = 2 callingPackage = 10044/com.android.vending
10-22 20:30:48.899  3957  4650 D PackageManager: setEnabledSetting : userId = 0 packageName = com.android.vending cmp = com.google.android.finsky.systemupdateactivity.SettingsSecurityEntryPoint newState = 2 callingPackage = 10044/com.android.vending
10-22 20:30:48.901  9527  9562 I Finsky  : [23339] mdr.run(145): SysUA: Set SystemUpdateActivity enabled state to 2
10-22 20:30:48.902  3957  4650 D ConnectivityService: filterNetworkStateForUid() uid: 10044 networkInfo: [type: WIFI[] - WIFI, state: CONNECTED/CONNECTED, reason: (unspecified), extra: "ourhome", failover: false, available: true, roaming: false, metered: false]
10-22 20:30:48.902  3957  4650 D WifiService: getConnectionInfo uid=1000
10-22 20:30:48.909  3957  8322 D PackageManager: setEnabledSetting : userId = 0 packageName = com.android.vending cmp = com.google.android.finsky.hibernation.impl.UnhibernateActivity newState = 1 callingPackage = 10044/com.android.vending
10-22 20:30:48.923  8981  9339 I BatteryMgr:DataCollectionService: stats => 1697999448922,-156,4308,-93,0,100
10-22 20:30:48.928  6413  6468 D ScanRecord: Not a Multi Manu data
10-22 20:30:48.938  6413  6468 I chatty  : uid=1002(bluetooth) BT Service Call identical 24 lines
10-22 20:30:48.938  6413  6468 D ScanRecord: Not a Multi Manu data
10-22 20:30:48.941  9527  9562 I Finsky  : [23339] pk.run(78): Set UnhibernateActivity enabled state to 1
10-22 20:30:48.943  3957  8322 D PackageManager: setEnabledSetting : userId = 0 packageName = com.android.vending cmp = com.google.android.finsky.systemcomponentupdateui.common.SystemComponentUpdateActivity newState = 1 callingPackage = 10044/com.android.vending
10-22 20:30:48.944  6413  6468 D ScanRecord: Not a Multi Manu data
10-22 20:30:48.947  6413  6468 I chatty  : uid=1002(bluetooth) BT Service Call identical 11 lines
10-22 20:30:48.947  6413  6468 D ScanRecord: Not a Multi Manu data
10-22 20:30:48.956  9527  9576 I Finsky  : [23351] qxm.run(367): SysCUA: Set {com.android.vending/com.google.android.finsky.systemcomponentupdateui.common.SystemComponentUpdateActivity} enabled state to 1
10-22 20:30:48.957  9527  9548 W linker  : "/data/app/com.android.vending-hPcCrQG-AfN-9-S7PUJzHA==/split_config.arm64_v8a.apk!/lib/arm64-v8a/libcronet.114.0.5735.84.so" unused DT entry: type 0x70000001 arg 0x0
10-22 20:30:48.957  6413  6468 D ScanRecord: Not a Multi Manu data
10-22 20:30:48.959  6413  6468 I chatty  : uid=1002(bluetooth) BT Service Call identical 24 lines
10-22 20:30:48.959  6413  6468 D ScanRecord: Not a Multi Manu data
10-22 20:30:48.977  9527  9577 D ConnectivityManager: requestNetwork; CallingUid : 10044, CallingPid : 9527
10-22 20:30:48.979  6413  6468 D ScanRecord: Not a Multi Manu data
10-22 20:30:48.995  3957  8661 D ConnectivityService: listenForNetwork for uid/pid:10044/9527 NetworkRequest [ LISTEN id=2374, [ Capabilities: INTERNET&NOT_RESTRICTED&TRUSTED] ]
10-22 20:30:48.999  3957  4157 D ConnectivityService: rematching NetworkAgentInfo [WIFI () - 509]
10-22 20:30:48.999  3957  4157 D ConnectivityService:  network has: [ Transports: WIFI Capabilities: NOT_METERED&INTERNET&NOT_RESTRICTED&TRUSTED&NOT_VPN&VALIDATED&FOREGROUND LinkUpBandwidth>=1048576Kbps LinkDnBandwidth>=1048576Kbps SignalStrength: -42]
10-22 20:30:48.999  6413  6468 I chatty  : uid=1002(bluetooth) BT Service Call identical 76 lines
10-22 20:30:48.999  6413  6468 D ScanRecord: Not a Multi Manu data
10-22 20:30:48.999  3957  4157 D ConnectivityService: Network NetworkAgentInfo [WIFI () - 509] was already satisfying request 1. No change.
10-22 20:30:49.000  3957  4157 D ConnectivityService: Network NetworkAgentInfo [WIFI () - 509] was already satisfying request 3. No change.
10-22 20:30:49.000  3957  4157 D ConnectivityService: Network NetworkAgentInfo [WIFI () - 509] was already satisfying request 2371. No change.
10-22 20:30:49.000  3957  4157 D ConnectivityService: sending notification AVAILABLE for NetworkRequest [ LISTEN id=2374, [ Capabilities: INTERNET&NOT_RESTRICTED&TRUSTED] ]
10-22 20:30:49.000  3957  4157 D ConnectivityService: sending notification CAP_CHANGED for NetworkRequest [ LISTEN id=2374, [ Capabilities: INTERNET&NOT_RESTRICTED&TRUSTED] ]
10-22 20:30:49.001  3957  4157 D ConnectivityService: sending notification IP_CHANGED for NetworkRequest [ LISTEN id=2374, [ Capabilities: INTERNET&NOT_RESTRICTED&TRUSTED] ]
10-22 20:30:49.002  9527  9552 I Finsky  : [23329] ahem.<init>(104): VerifyApps: Setup app restrictions monitor
10-22 20:30:49.004  3957  4650 D ConnectivityService: filterNetworkStateForUid() uid: 10044 networkInfo: [type: WIFI[] - WIFI, state: CONNECTED/CONNECTED, reason: (unspecified), extra: "ourhome", failover: false, available: true, roaming: false, metered: false]
10-22 20:30:49.004  3957  4650 D WifiService: getConnectionInfo uid=1000
10-22 20:30:49.005  6413  6468 D ScanRecord: Not a Multi Manu data
10-22 20:30:49.006  6413  6468 I chatty  : uid=1002(bluetooth) BT Service Call identical 11 lines
10-22 20:30:49.006  6413  6468 D ScanRecord: Not a Multi Manu data
10-22 20:30:49.008  3957  4650 D ConnectivityService: filterNetworkStateForUid() uid: 10044 networkInfo: [type: WIFI[] - WIFI, state: CONNECTED/CONNECTED, reason: (unspecified), extra: "ourhome", failover: false, available: true, roaming: false, metered: false]
10-22 20:30:49.008  3957  4650 D WifiService: getConnectionInfo uid=1000
10-22 20:30:49.011  9527  9547 W Settings: Setting download_manager_max_bytes_over_mobile has moved from android.provider.Settings.Secure to android.provider.Settings.Global.
10-22 20:30:49.012  6413  6468 D ScanRecord: Not a Multi Manu data
10-22 20:30:49.012  6413  6468 I chatty  : uid=1002(bluetooth) BT Service Call identical 11 lines
10-22 20:30:49.012  6413  6468 D ScanRecord: Not a Multi Manu data
10-22 20:30:49.016  9527  9547 I Finsky  : [23324] vob.j(33): SettingNotFoundException, fall through to G.downloadBytesOverMobileMaximum
10-22 20:30:49.016  9527  9547 W Settings: Setting download_manager_recommended_max_bytes_over_mobile has moved from android.provider.Settings.Secure to android.provider.Settings.Global.
10-22 20:30:49.018  9527  9547 I Finsky  : [23324] vob.i(31): SettingNotFoundException, fall through to G.downloadBytesOverMobileRecommended
10-22 20:30:49.019  9527  9552 I Finsky  : [23329] ahko.a(32): VerifyApps: Device wide unknown source restriction updated
10-22 20:30:49.023  6413  6468 D ScanRecord: Not a Multi Manu data
10-22 20:30:49.023  6413  6468 I chatty  : uid=1002(bluetooth) BT Service Call identical 11 lines
10-22 20:30:49.023  6413  6468 D ScanRecord: Not a Multi Manu data
10-22 20:30:49.024  9527  9547 I Finsky  : [23324] andp.d(7): registerListener
10-22 20:30:49.024  6413  6468 D ScanRecord: Not a Multi Manu data
10-22 20:30:49.024  6413  6468 I chatty  : uid=1002(bluetooth) BT Service Call identical 11 lines
10-22 20:30:49.024  6413  6468 D ScanRecord: Not a Multi Manu data
10-22 20:30:49.027  9527  9547 I Finsky  : [23324] andp.d(7): registerListener
10-22 20:30:49.032  9527  9547 I Finsky  : [23324] tgf.s(77): Enqueuing libraries load for 1276001251
10-22 20:30:49.033  6413  6468 D ScanRecord: Not a Multi Manu data
10-22 20:30:49.033  6413  6468 I chatty  : uid=1002(bluetooth) BT Service Call identical 11 lines
10-22 20:30:49.033  6413  6468 D ScanRecord: Not a Multi Manu data
10-22 20:30:49.034  9527  9576 I Finsky  : [23351] tgf.t(14): Starting libraries load for 1276001251
10-22 20:30:49.034  8981  9339 I BatteryMgr:DataCollectionService: stats => 1697999449034,-156,4308,-93,0,100
10-22 20:30:49.034  9527  9527 W zygote64: Verification of wim wiu.q(android.content.pm.PackageInfo) took 154.390ms
10-22 20:30:49.037  6413  6468 D ScanRecord: Not a Multi Manu data
10-22 20:30:49.044  6413  6468 I chatty  : uid=1002(bluetooth) BT Service Call identical 24 lines
10-22 20:30:49.044  6413  6468 D ScanRecord: Not a Multi Manu data
10-22 20:30:49.051  9527  9569 I Finsky  : [23345] sgp.<init>(46): Item store provider started.
10-22 20:30:49.052  9527  9540 I zygote64: Background concurrent copying GC freed 24195(1543KB) AllocSpace objects, 2(40KB) LOS objects, 50% free, 3MB/6MB, paused 9.809ms total 145.274ms
10-22 20:30:49.057  6413  6468 D ScanRecord: Not a Multi Manu data
10-22 20:30:49.059  6413  6468 I chatty  : uid=1002(bluetooth) BT Service Call identical 24 lines
10-22 20:30:49.059  6413  6468 D ScanRecord: Not a Multi Manu data
10-22 20:30:49.060  9527  9548 I cr_CronetLibraryLoader: Cronet version: 114.0.5735.84, arch: aarch64
10-22 20:30:49.064  6413  6468 D ScanRecord: Not a Multi Manu data
10-22 20:30:49.065  6413  6468 I chatty  : uid=1002(bluetooth) BT Service Call identical 11 lines
10-22 20:30:49.065  6413  6468 D ScanRecord: Not a Multi Manu data
10-22 20:30:49.066  3957 10037 D ConnectivityService: filterNetworkStateForUid() uid: 10044 networkInfo: [type: WIFI[] - WIFI, state: CONNECTED/CONNECTED, reason: (unspecified), extra: "ourhome", failover: false, available: true, roaming: false, metered: false]
10-22 20:30:49.067  3957 10037 D WifiService: getConnectionInfo uid=1000
10-22 20:30:49.068  6413  6468 D ScanRecord: Not a Multi Manu data
10-22 20:30:49.069  6413  6468 I chatty  : uid=1002(bluetooth) BT Service Call identical 24 lines
10-22 20:30:49.069  6413  6468 D ScanRecord: Not a Multi Manu data
10-22 20:30:49.072  3957  4650 D ConnectivityService: filterNetworkStateForUid() uid: 10044 networkInfo: [type: WIFI[] - WIFI, state: CONNECTED/CONNECTED, reason: (unspecified), extra: "ourhome", failover: false, available: true, roaming: false, metered: false]
10-22 20:30:49.072  3957  4650 D WifiService: getConnectionInfo uid=1000
10-22 20:30:49.083  6413  6468 D ScanRecord: Not a Multi Manu data
10-22 20:30:49.083  6413  6468 I chatty  : uid=1002(bluetooth) BT Service Call identical 11 lines
10-22 20:30:49.083  6413  6468 D ScanRecord: Not a Multi Manu data
10-22 20:30:49.084  9527  9527 I Finsky  : [2] jqd.h(314): This process start was not selected for Play memory metrics collection.
10-22 20:30:49.090  3957  8322 D ConnectivityService: filterNetworkStateForUid() uid: 10044 networkInfo: [type: WIFI[] - WIFI, state: CONNECTED/CONNECTED, reason: (unspecified), extra: "ourhome", failover: false, available: true, roaming: false, metered: false]
10-22 20:30:49.091  3957  8322 D WifiService: getConnectionInfo uid=1000
10-22 20:30:49.091  6413  6468 D ScanRecord: Not a Multi Manu data
10-22 20:30:49.093  3957  8322 D ConnectivityService: filterNetworkStateForUid() uid: 10044 networkInfo: [type: WIFI[] - WIFI, state: CONNECTED/CONNECTED, reason: (unspecified), extra: "ourhome", failover: false, available: true, roaming: false, metered: false]
10-22 20:30:49.093  6413  6468 I chatty  : uid=1002(bluetooth) BT Service Call identical 24 lines
10-22 20:30:49.093  6413  6468 D ScanRecord: Not a Multi Manu data
10-22 20:30:49.093  3957  8322 D WifiService: getConnectionInfo uid=1000
10-22 20:30:49.116  6413  6468 D ScanRecord: Not a Multi Manu data
10-22 20:30:49.116  6413  6468 I chatty  : uid=1002(bluetooth) BT Service Call identical 11 lines
10-22 20:30:49.116  6413  6468 D ScanRecord: Not a Multi Manu data
10-22 20:30:49.122  3957  4650 D ActivityManager: The following uid has registered to recieve broadcast for proxy related updates 10044
10-22 20:30:49.122  3957  4650 W ContextImpl: Calling a method in the system process without a qualified user: android.app.ContextImpl.sendBroadcast:971 com.android.server.am.ActivityManagerService.requestKnoxVpnToSendProxyBroadcast:29420 com.android.server.am.ActivityManagerService.registerReceiver:23161 android.app.IActivityManager$Stub.onTransact:176 com.android.server.am.ActivityManagerService.onTransact:3861 
10-22 20:30:49.125  3957  3957 D KnoxVpnEngineService: Vpn Receiver : com.samsung.android.knox.intent.action.VPN_PROXY_BROADCAST_INTERNAL
10-22 20:30:49.125  3957  4108 I KnoxVpnEngineService: vpn handle : Message received
10-22 20:30:49.128  6413  6468 D ScanRecord: Not a Multi Manu data
10-22 20:30:49.140  6413  6468 I chatty  : uid=1002(bluetooth) BT Service Call identical 24 lines
10-22 20:30:49.140  6413  6468 D ScanRecord: Not a Multi Manu data
10-22 20:30:49.147  8981  9339 I BatteryMgr:DataCollectionService: stats => 1697999449146,-156,4308,-93,0,100
10-22 20:30:49.155  6413  6468 D ScanRecord: Not a Multi Manu data
10-22 20:30:49.161  6413  6468 I chatty  : uid=1002(bluetooth) BT Service Call identical 50 lines
10-22 20:30:49.161  6413  6468 D ScanRecord: Not a Multi Manu data
10-22 20:30:49.171  8777  8777 D SamsungNotes$MemoApplication: onTrimMemory: 80
10-22 20:30:49.181  3957  4650 D BatteryService: !@BatteryListener : batteryPropertiesChanged!
10-22 20:30:49.190  9527  9527 I Finsky  : [2] mgj.onSubscriptionsChanged(6): onSubscriptionsChanged
10-22 20:30:49.220  9527  9527 I Finsky  : [2] qur.y(24): Installer: Attempting to start installer
10-22 20:30:49.239  9527  9527 I Finsky  : [2] andp.d(7): registerListener
10-22 20:30:49.249  9527  9576 I Finsky  : [23351] tgf.t(284): Loaded library for account: [y0_1NG5HTmzf0bF7VytAKz9iHAD6w7yU52Le3i0fi68]
10-22 20:30:49.250  9527  9576 I Finsky  : [23351] tgf.t(353): Finished loading 1 libraries.
10-22 20:30:49.257  8981  9339 I BatteryMgr:DataCollectionService: stats => 1697999449257,-156,4308,-93,0,100
10-22 20:30:49.258  8777  8777 D SamsungNotes$MemoApplication: onTrimMemory: 80
10-22 20:30:49.260  9527  9527 I Finsky  : [2] aayz.<init>(264): Initializing pausers from value store.
10-22 20:30:49.261  9527  9527 I Finsky  : [2] aayz.<init>(321): setup::RES: Callers (Pausers) in PauseUpdatesCallersValueStore: []
10-22 20:30:49.267  3957  4128 D WifiService: getConnectionInfo uid=1000
10-22 20:30:49.275  3957  3966 I zygote64: Background concurrent copying GC freed 165445(7MB) AllocSpace objects, 68(1996KB) LOS objects, 35% free, 42MB/66MB, paused 3.111ms total 279.642ms
10-22 20:30:49.277  3957  8322 D ConnectivityService: filterNetworkStateForUid() uid: 10044 networkInfo: [type: WIFI[] - WIFI, state: CONNECTED/CONNECTED, reason: (unspecified), extra: "ourhome", failover: false, available: true, roaming: false, metered: false]
10-22 20:30:49.277  3957  8322 D WifiService: getConnectionInfo uid=1000
10-22 20:30:49.278  3957  8322 D ConnectivityService: filterNetworkStateForUid() uid: 10044 networkInfo: [type: WIFI[] - WIFI, state: CONNECTED/CONNECTED, reason: (unspecified), extra: "ourhome", failover: false, available: true, roaming: false, metered: false]
10-22 20:30:49.278  3957  8322 D WifiService: getConnectionInfo uid=1000
10-22 20:30:49.278  9527  9527 I Finsky  : [2] qur.R(15): Installer: Installer kick - no action, not running yet
10-22 20:30:49.287  9527  9527 I Finsky  : [2] tys.onTrimMemory(13): Memory trim requested to level 80
10-22 20:30:49.287  9527  9527 I Finsky  : [2] nre.accept(78): Flushing in-memory image cache
10-22 20:30:49.367  3957 10037 D ConnectivityService: filterNetworkStateForUid() uid: 10169 networkInfo: [type: WIFI[] - WIFI, state: CONNECTED/CONNECTED, reason: (unspecified), extra: "ourhome", failover: false, available: true, roaming: false, metered: false]
10-22 20:30:49.367  3957 10037 D WifiService: getConnectionInfo uid=1000
10-22 20:30:49.370  8981  9339 I BatteryMgr:DataCollectionService: stats => 1697999449370,-156,4308,-93,0,100
10-22 20:30:49.373  9527  9609 I Finsky  : [23376] tmv.G(6): getDownloads()
10-22 20:30:49.404  3957  4650 D StorageManagerService: getExternalStorageMountMode : 3
10-22 20:30:49.404  3957  4650 D StorageManagerService: getExternalStorageMountMode : 3
10-22 20:30:49.405  3957  4650 D StorageManagerService: getExternalStorageMountMode : final mountMode=3, uid : 10044, packageName : com.android.vending
10-22 20:30:49.405  3957  4650 I ApplicationPolicy: isApplicationExternalStorageWhitelisted:com.android.vending user:0
10-22 20:30:49.405  3957  4650 D ApplicationPolicy: isApplicationExternalStorageWhitelisted: DO is not enabled on user 0. Allowed.
10-22 20:30:49.405  3957  4650 D ActivityManager: package  com.android.vending, user - 0 is SDcard whitelisted
10-22 20:30:49.405  3957  4650 I ApplicationPolicy: isApplicationExternalStorageBlacklisted:com.android.vending user:0
10-22 20:30:49.405  3957  4650 D ApplicationPolicy: isApplicationExternalStorageBlacklisted: DO is not enabled on user 0. Allowed.
10-22 20:30:49.422  9615  9615 E Zygote  : isWhitelistProcess - Process is Whitelisted
10-22 20:30:49.422  9615  9615 E libpersona: scanKnoxPersonas
10-22 20:30:49.422  9615  9615 E libpersona: Couldn't open the File - /data/system/users/0/personalist.xml - No such file or directory
10-22 20:30:49.423  3957  4650 I ActivityManager: Start proc 9615:com.android.vending:background/u0a44 for service com.android.vending/com.google.android.finsky.ipcservers.background.BackgroundGrpcServerAndroidService
10-22 20:30:49.424  9615  9615 W SELinux : SELinux selinux_android_compute_policy_index : Policy Index[2],  Con:u:r:zygote:s0 RAM:SEPF_SM-J720F_8.0.0_0002, [-1 -1 -1 -1 0 1]
10-22 20:30:49.425  9615  9615 I SELinux : SELinux: seapp_context_lookup: seinfo=gmscore, level=s0:c512,c768, pkgname=com.android.vending:background 
10-22 20:30:49.452  9615  9615 D TimaKeyStoreProvider: TimaKeyStore is not enabled: cannot add TimaSignature Service and generateKeyPair Service
10-22 20:30:49.453  9615  9615 D ActivityThread: Added TimaKeyStore provider
10-22 20:30:49.456  3957  4650 I ActivityManager: DSS on for com.android.vending and scale is 1.0
10-22 20:30:49.479  8981  9339 I BatteryMgr:DataCollectionService: stats => 1697999449479,-156,4308,-93,0,100
10-22 20:30:49.481  9615  9615 I zygote64: no shared libraies, dex_files: 1
10-22 20:30:49.553  9615  9615 W ResourceType: ResTable_typeSpec entry count inconsistent: given 212, previously 242
10-22 20:30:49.586  8981  9339 I BatteryMgr:DataCollectionService: stats => 1697999449586,-156,4308,-93,0,100
10-22 20:30:49.601  9615  9615 I Finsky:background: [2] khj.i(84): Process created at version: 37.9.18-21 [0] [PR] 571399392
10-22 20:30:49.626  3957  6478 D SSRM:k  : SIOP:: AP = 410, PST = 385 (W:10), BAT = 328, USB = 0, CHG = 0
10-22 20:30:49.684  3957  4129 D WifiStateMachine:  ConnectedState !RSSI_PKTCNT_FETCH uid=1000 rt=605856268/1661831741 0 0 "ourhome" f4:6d:2f:12:cc:88 rssi=-48 f=5240 sc=60 link=433 tx=204.1, 27.2, 0.0  rx=227.6 bcn=622418 [on:0 tx:0 rx:0 period:1001] from screen [on:808773 period:4393352] score=60
10-22 20:30:49.685  3957  4129 D WifiStateMachine:  L2ConnectedState !RSSI_PKTCNT_FETCH uid=1000 rt=605856270/1661831742 0 0 "ourhome" f4:6d:2f:12:cc:88 rssi=-48 f=5240 sc=60 link=433 tx=204.1, 27.2, 0.0  rx=227.6 bcn=622418 [on:0 tx:0 rx:0 period:1] from screen [on:808773 period:4393353] score=60
10-22 20:30:49.688  3957  4129 D WifiStateMachine: fetchRssiLinkSpeedAndFrequencyNative rssi=-45 linkspeed=433 freq=5240
10-22 20:30:49.688  3957  4129 V WifiConfigManager: Updating scan detail cache freq=5240 BSSID=f4:6d:2f:12:cc:88 RSSI=-46 for "ourhome"WPA_PSK
10-22 20:30:49.701  8981  9339 I BatteryMgr:DataCollectionService: stats => 1697999449700,-156,4308,-93,0,100
10-22 20:30:49.738  9615  9615 I Finsky:background: [2] aiff.bk(289): Finished reading experiment flags from file [0tGUNCGIkbk4o6-fQ335kUYSKwVj4lusnHT-A5Dsy08] numFlags=1259.
10-22 20:30:49.791  9615  9615 I Finsky:background: [2] aiff.bk(289): Finished reading experiment flags from file [cDXKMAm20gnql81lkHY0kpZ363Z9OGuPpqWoMw-jNkY] numFlags=1782.
10-22 20:30:49.796  3957 10037 D ConnectivityService: filterNetworkStateForUid() uid: 10169 networkInfo: [type: WIFI[] - WIFI, state: CONNECTED/CONNECTED, reason: (unspecified), extra: "ourhome", failover: false, available: true, roaming: false, metered: false]
10-22 20:30:49.796  3957 10037 D WifiService: getConnectionInfo uid=1000
10-22 20:30:49.799  3599  3918 D DnsProxyListener: DNSDBG::dns addrinfo af 0
10-22 20:30:49.800  9202  9297 E vulkan  : invalid vkGetInstanceProcAddr(VK_NULL_HANDLE, "vkEnumerateInstanceVersion") call
10-22 20:30:49.800  9202  9297 E vulkan  : invalid vkGetInstanceProcAddr(VK_NULL_HANDLE, "vkEnumerateInstanceVersion") call
10-22 20:30:49.814  8981  9339 I BatteryMgr:DataCollectionService: stats => 1697999449813,-156,4308,-93,0,100
10-22 20:30:49.814  9202  9297 D vulkan  : searching for layers in '/data/app/org.mozilla.fenix-iWpGOrf8cry6RDpwHyQugA==/lib/arm64'
10-22 20:30:49.815  9202  9297 D vulkan  : searching for layers in '/data/app/org.mozilla.fenix-iWpGOrf8cry6RDpwHyQugA==/base.apk!/lib/arm64-v8a'
10-22 20:30:49.823  9202  9297 D vulkan  : vulkan api version_1_0 1.0.0
10-22 20:30:49.823  9202  9297 D vulkan  : vulkan header version 46
10-22 20:30:49.836  3957 10037 D WifiService: getConnectionInfo uid=1000
10-22 20:30:49.840  3957 10037 I chatty  : uid=1000(system) Binder:3957_18 identical 1 line
10-22 20:30:49.844  3957 10037 D WifiService: getConnectionInfo uid=1000
10-22 20:30:49.845  9615  9615 I Finsky:background: [2] wib.<init>(76): wht - Registering in memory receiver for android.intent.action.PACKAGE_ADDED and android.intent.action.PACKAGE_REMOVED
10-22 20:30:49.854  3957 10037 D WifiService: getConnectionInfo uid=1000
10-22 20:30:49.900  3957 10037 I chatty  : uid=1000(system) Binder:3957_18 identical 4 lines
10-22 20:30:49.912  3957 10037 D WifiService: getConnectionInfo uid=1000
10-22 20:30:49.912  9615  9615 I Finsky:background: [2] scp.onCreate(9): IPC-SERVER: Starting gRPC host service...
10-22 20:30:49.921  3957 10037 I chatty  : uid=1000(system) Binder:3957_18 identical 10 lines
10-22 20:30:49.921  3957 10037 D WifiService: getConnectionInfo uid=1000
10-22 20:30:49.924  3599  3918 D DnsProxyListener: DNSDBG::dns addrinfo af 0
10-22 20:30:49.926  3957 10037 D ConnectivityService: filterNetworkStateForUid() uid: 10169 networkInfo: [type: WIFI[] - WIFI, state: CONNECTED/CONNECTED, reason: (unspecified), extra: "ourhome", failover: false, available: true, roaming: false, metered: false]
10-22 20:30:49.927  3957 10037 D WifiService: getConnectionInfo uid=1000
10-22 20:30:49.928  8981  9339 I BatteryMgr:DataCollectionService: stats => 1697999449927,-156,4308,-93,0,100
10-22 20:30:49.936  9615  9615 I Finsky:background: [2] jqd.h(314): This process start was not selected for Play memory metrics collection.
10-22 20:30:49.949  3957  4650 D ConnectivityService: filterNetworkStateForUid() uid: 10169 networkInfo: [type: WIFI[] - WIFI, state: CONNECTED/CONNECTED, reason: (unspecified), extra: "ourhome", failover: false, available: true, roaming: false, metered: false]
10-22 20:30:49.950  3957  4650 D WifiService: getConnectionInfo uid=1000
10-22 20:30:49.952  9615  9615 I Finsky:background: [2] tys.onTrimMemory(13): Memory trim requested to level 80
10-22 20:30:49.964  3957 10037 D ConnectivityService: filterNetworkStateForUid() uid: 10169 networkInfo: [type: WIFI[] - WIFI, state: CONNECTED/CONNECTED, reason: (unspecified), extra: "ourhome", failover: false, available: true, roaming: false, metered: false]
10-22 20:30:49.964  3957 10037 D WifiService: getConnectionInfo uid=1000
10-22 20:30:49.965  9615  9646 I Finsky:background: [23336] nrj.i(6): getDownloads()
10-22 20:30:49.967  3957 10037 D WifiService: getConnectionInfo uid=1000
10-22 20:30:50.009  3957 10037 I chatty  : uid=1000(system) Binder:3957_18 identical 9 lines
10-22 20:30:50.028  3957 10037 I chatty  : uid=1000(system) Binder:3957_18 identical 11 lines
10-22 20:30:50.028  3957 10037 D WifiService: getConnectionInfo uid=1000
10-22 20:30:50.038  8981  9339 I BatteryMgr:DataCollectionService: stats => 1697999450038,-156,4308,-93,0,100
10-22 20:30:50.048  3957 10037 D ConnectivityService: filterNetworkStateForUid() uid: 10169 networkInfo: [type: WIFI[] - WIFI, state: CONNECTED/CONNECTED, reason: (unspecified), extra: "ourhome", failover: false, available: true, roaming: false, metered: false]
10-22 20:30:50.048  3957 10037 D WifiService: getConnectionInfo uid=1000
10-22 20:30:50.102  9615  9648 D ConnectivityManager: requestNetwork; CallingUid : 10044, CallingPid : 9615
10-22 20:30:50.105  3957  4650 D ConnectivityService: requestNetwork for uid/pid:10044/9615 NetworkRequest [ TRACK_DEFAULT id=2375, [ Capabilities: INTERNET&NOT_RESTRICTED&TRUSTED&NOT_VPN] ]
10-22 20:30:50.107  3957  4157 D ConnectivityService: rematching NetworkAgentInfo [WIFI () - 509]
10-22 20:30:50.107  3957  4157 D ConnectivityService:  network has: [ Transports: WIFI Capabilities: NOT_METERED&INTERNET&NOT_RESTRICTED&TRUSTED&NOT_VPN&VALIDATED&FOREGROUND LinkUpBandwidth>=1048576Kbps LinkDnBandwidth>=1048576Kbps SignalStrength: -42]
10-22 20:30:50.107  3957  4157 D ConnectivityService: Network NetworkAgentInfo [WIFI () - 509] was already satisfying request 1. No change.
10-22 20:30:50.107  3957  4157 D ConnectivityService: Network NetworkAgentInfo [WIFI () - 509] was already satisfying request 3. No change.
10-22 20:30:50.107  3957  4157 D ConnectivityService: Network NetworkAgentInfo [WIFI () - 509] was already satisfying request 2371. No change.
10-22 20:30:50.107  3957  4157 D ConnectivityService:   checking if request is satisfied: NetworkRequest [ TRACK_DEFAULT id=2375, [ Capabilities: INTERNET&NOT_RESTRICTED&TRUSTED&NOT_VPN] ]
10-22 20:30:50.107  3957  4157 D ConnectivityService: currentScore = 0, newScore = 100
10-22 20:30:50.107  3957  4157 D ConnectivityService: rematch for NetworkAgentInfo [WIFI () - 509]
10-22 20:30:50.107  3957  4157 D ConnectivityService:    accepting network in place of null
10-22 20:30:50.107  3957  4157 D ConnectivityService: sending new Min Network Score(100): NetworkRequest [ TRACK_DEFAULT id=2375, [ Capabilities: INTERNET&NOT_RESTRICTED&TRUSTED&NOT_VPN] ]
10-22 20:30:50.107  3957  4313 D Ethernet: got request NetworkRequest [ TRACK_DEFAULT id=2375, [ Capabilities: INTERNET&NOT_RESTRICTED&TRUSTED&NOT_VPN] ] with score 100
10-22 20:30:50.107  3957  4313 D Ethernet:   my score=-1, my filter=[ Transports: ETHERNET Capabilities: INTERNET&NOT_RESTRICTED&TRUSTED&NOT_VPN LinkUpBandwidth>=100000Kbps LinkDnBandwidth>=100000Kbps]
10-22 20:30:50.108  3957  4313 D Ethernet: evalRequest
10-22 20:30:50.108  3957  4313 D Ethernet:   done
10-22 20:30:50.108  3957  4129 D WIFI    : got request NetworkRequest [ TRACK_DEFAULT id=2375, [ Capabilities: INTERNET&NOT_RESTRICTED&TRUSTED&NOT_VPN] ] with score 100
10-22 20:30:50.108  3957  4153 D WIFI_P2P: got request NetworkRequest [ TRACK_DEFAULT id=2375, [ Capabilities: INTERNET&NOT_RESTRICTED&TRUSTED&NOT_VPN] ] with score 100
10-22 20:30:50.108  3957  4157 D ConnectivityService: MultiNetwork Request(TransportType - Wi-Fi request). Internet Capability doesn't required (false)
10-22 20:30:50.108  3957  4153 D WIFI_P2P:   my score=60, my filter=[ Transports: WIFI Capabilities: WIFI_P2P&NOT_RESTRICTED&TRUSTED&NOT_VPN LinkUpBandwidth>=1048576Kbps LinkDnBandwidth>=1048576Kbps]
10-22 20:30:50.108  3957  4129 D WIFI    :   my score=60, my filter=[ Transports: WIFI Capabilities: NOT_METERED&INTERNET&NOT_RESTRICTED&TRUSTED&NOT_VPN LinkUpBandwidth>=1048576Kbps LinkDnBandwidth>=1048576Kbps]
10-22 20:30:50.108  3957  4153 D WIFI_P2P: evalRequest
10-22 20:30:50.108  3957  4129 D WIFI    : evalRequest
10-22 20:30:50.108  3957  4153 D WIFI_P2P:   done
10-22 20:30:50.108  3957  4129 D WIFI    :   done
10-22 20:30:50.108  3957  4157 D ConnectivityService: sending notification AVAILABLE for NetworkRequest [ TRACK_DEFAULT id=2375, [ Capabilities: INTERNET&NOT_RESTRICTED&TRUSTED&NOT_VPN] ]
10-22 20:30:50.108  3957  4129 D WIFI_UT : got request NetworkRequest [ TRACK_DEFAULT id=2375, [ Capabilities: INTERNET&NOT_RESTRICTED&TRUSTED&NOT_VPN] ] with score 100
10-22 20:30:50.108  3957  4129 D WIFI_UT :   my score=2147483647, my filter=[ Transports: WIFI Capabilities: NOT_METERED&INTERNET&NOT_RESTRICTED&TRUSTED&NOT_VPN LinkUpBandwidth>=1048576Kbps LinkDnBandwidth>=1048576Kbps]
10-22 20:30:50.108  4616  4616 D PhoneSwitcherNetworkRequstListener: got request NetworkRequest [ TRACK_DEFAULT id=2375, [ Capabilities: INTERNET&NOT_RESTRICTED&TRUSTED&NOT_VPN] ] with score 100
10-22 20:30:50.108  3957  4129 D WIFI_UT : evalRequest
10-22 20:30:50.108  3957  4129 D WIFI_UT :   needNetworkFor
10-22 20:30:50.108  4616  4616 D PhoneSwitcherNetworkRequstListener:   my score=101, my filter=[ Transports: CELLULAR Capabilities: MMS&SUPL&DUN&FOTA&IMS&CBS&IA&RCS&XCAP&EIMS&INTERNET&NOT_RESTRICTED&TRUSTED&NOT_VPN&ENT1 Specifier: <android.net.MatchAllNetworkSpecifier@0>]
10-22 20:30:50.108  4616  4616 D PhoneSwitcherNetworkRequstListener: evalRequest
10-22 20:30:50.108  4616  4616 D PhoneSwitcherNetworkRequstListener:   needNetworkFor
10-22 20:30:50.108  3957  4157 D ConnectivityService: sending notification CAP_CHANGED for NetworkRequest [ TRACK_DEFAULT id=2375, [ Capabilities: INTERNET&NOT_RESTRICTED&TRUSTED&NOT_VPN] ]
10-22 20:30:50.109  3957  4157 D ConnectivityService: sending notification IP_CHANGED for NetworkRequest [ TRACK_DEFAULT id=2375, [ Capabilities: INTERNET&NOT_RESTRICTED&TRUSTED&NOT_VPN] ]
10-22 20:30:50.109  3957  4650 D ConnectivityService: filterNetworkStateForUid() uid: 10044 networkInfo: [type: WIFI[] - WIFI, state: CONNECTED/CONNECTED, reason: (unspecified), extra: "ourhome", failover: false, available: true, roaming: false, metered: false]
10-22 20:30:50.109  3957  4650 D WifiService: getConnectionInfo uid=1000
