10-22 20:20:37.561  3957  4554 W ContextImpl: Calling a method in the system process without a qualified user: android.app.ContextImpl.sendBroadcast:971 com.android.server.am.ActivityManagerService.requestKnoxVpnToSendProxyBroadcast:29420 com.android.server.am.ActivityManagerService.registerReceiver:23161 android.app.IActivityManager$Stub.onTransact:176 com.android.server.am.ActivityManagerService.onTransact:3861 
10-22 20:20:37.566  3957  3957 D KnoxVpnEngineService: Vpn Receiver : com.samsung.android.knox.intent.action.VPN_PROXY_BROADCAST_INTERNAL
10-22 20:20:37.566  3957  4108 I KnoxVpnEngineService: vpn handle : Message received
10-22 20:20:37.594  9273  9310 D ScanRecord: Not a Multi Manu data
10-22 20:20:37.612  3957  4554 D StorageManagerService: getExternalStorageMountMode : 1
10-22 20:20:37.613  9273  9310 I chatty  : uid=1002(bluetooth) BT Service Call identical 31 lines
10-22 20:20:37.613  9273  9310 D ScanRecord: Not a Multi Manu data
10-22 20:20:37.613  3957  4554 D StorageManagerService: getExternalStorageMountMode : 3
10-22 20:20:37.613  3957  4554 D StorageManagerService: getExternalStorageMountMode : final mountMode=1, uid : 10095, packageName : com.android.chrome
10-22 20:20:37.613  3957  4554 I ApplicationPolicy: isApplicationExternalStorageWhitelisted:com.android.chrome user:0
10-22 20:20:37.614  3957  4554 D ApplicationPolicy: isApplicationExternalStorageWhitelisted: DO is not enabled on user 0. Allowed.
10-22 20:20:37.614  3957  4554 D ActivityManager: package  com.android.chrome, user - 0 is SDcard whitelisted
10-22 20:20:37.614  3957  4554 I ApplicationPolicy: isApplicationExternalStorageBlacklisted:com.android.chrome user:0
10-22 20:20:37.614  3957  4554 D ApplicationPolicy: isApplicationExternalStorageBlacklisted: DO is not enabled on user 0. Allowed.
10-22 20:20:37.625  9273  9310 D ScanRecord: Not a Multi Manu data
10-22 20:20:37.637  9273  9310 I chatty  : uid=1002(bluetooth) BT Service Call identical 20 lines
10-22 20:20:37.637  9273  9310 D ScanRecord: Not a Multi Manu data
10-22 20:20:37.638  3957  4554 I ActivityManager: Start proc 4265:com.android.chrome:webview_service/u0a95 for service com.android.chrome/org.chromium.android_webview.services.ComponentsProviderService
10-22 20:20:37.640  4265  4265 E Zygote  : isWhitelistProcess - Process is Whitelisted
10-22 20:20:37.640  4265  4265 E libpersona: scanKnoxPersonas
10-22 20:20:37.641  4265  4265 E libpersona: Couldn't open the File - /data/system/users/0/personalist.xml - No such file or directory
10-22 20:20:37.651  3957  4128 D WifiService: getConnectionInfo uid=1000
10-22 20:20:37.652  4265  4265 W SELinux : SELinux selinux_android_compute_policy_index : Policy Index[2],  Con:u:r:zygote:s0 RAM:SEPF_SM-J720F_8.0.0_0002, [-1 -1 -1 -1 0 1]
10-22 20:20:37.653  4265  4265 I SELinux : SELinux: seapp_context_lookup: seinfo=chrome, level=s0:c512,c768, pkgname=com.android.chrome:webview_service 
10-22 20:20:37.655  3542  3714 I BatteryMgr:DataCollectionService: stats => 1697998837655,-169,4308,-260,0,100
10-22 20:20:37.663  9273  9310 D ScanRecord: Not a Multi Manu data
10-22 20:20:37.725  9273  9310 I chatty  : uid=1002(bluetooth) BT Service Call identical 75 lines
10-22 20:20:37.725  9273  9310 D ScanRecord: Not a Multi Manu data
10-22 20:20:37.725  3957  4129 D WifiStateMachine:  ConnectedState !RSSI_PKTCNT_FETCH uid=1000 rt=605244308/1661219781 0 0 "ourhome" f4:6d:2f:12:cc:88 rssi=-45 f=5240 sc=60 link=433 tx=0.3, 0.0, 0.0  rx=1.6 bcn=616643 [on:0 tx:0 rx:0 period:1001] from screen [on:670958 period:3781393] score=60
10-22 20:20:37.728  3957  4129 D WifiStateMachine:  L2ConnectedState !RSSI_PKTCNT_FETCH uid=1000 rt=605244311/1661219784 0 0 "ourhome" f4:6d:2f:12:cc:88 rssi=-45 f=5240 sc=60 link=433 tx=0.3, 0.0, 0.0  rx=1.6 bcn=616643 [on:0 tx:0 rx:0 period:3] from screen [on:670958 period:3781396] score=60
10-22 20:20:37.728  9273  9310 D ScanRecord: Not a Multi Manu data
10-22 20:20:37.728  9273  9310 I chatty  : uid=1002(bluetooth) BT Service Call identical 9 lines
10-22 20:20:37.728  9273  9310 D ScanRecord: Not a Multi Manu data
10-22 20:20:37.729  3957  4129 D WifiStateMachine: fetchRssiLinkSpeedAndFrequencyNative rssi=-46 linkspeed=433 freq=5240
10-22 20:20:37.730  3957  4129 V WifiConfigManager: Updating scan detail cache freq=5240 BSSID=f4:6d:2f:12:cc:88 RSSI=-45 for "ourhome"WPA_PSK
10-22 20:20:37.738  4237  4237 I SamplingProfilerIntegration: Profiling disabled.
10-22 20:20:37.745  9273  9310 D ScanRecord: Not a Multi Manu data
10-22 20:20:37.745  9273  9310 I chatty  : uid=1002(bluetooth) BT Service Call identical 9 lines
10-22 20:20:37.745  9273  9310 D ScanRecord: Not a Multi Manu data
10-22 20:20:37.755  4120  4287 W ResourceType: ResTable_typeSpec entry count inconsistent: given 88, previously 91
10-22 20:20:37.755  4120  4287 W ResourceType: ResTable_typeSpec entry count inconsistent: given 168, previously 172
10-22 20:20:37.763  9273  9310 D ScanRecord: Not a Multi Manu data
10-22 20:20:37.763  9273  9310 I chatty  : uid=1002(bluetooth) BT Service Call identical 9 lines
10-22 20:20:37.763  9273  9310 D ScanRecord: Not a Multi Manu data
10-22 20:20:37.767  3542  3714 I BatteryMgr:DataCollectionService: stats => 1697998837767,-169,4308,-260,0,100
10-22 20:20:37.767  3957  4554 W StorageManager: getStorageLowBytes lowPercent : 5, lowBytes : 1260145254, maxLowBytes : 524288000
10-22 20:20:37.767  4120  4287 W ResourceType: ResTable_typeSpec entry count inconsistent: given 3506, previously 3526
10-22 20:20:37.767  4120  4287 W ResourceType: ResTable_typeSpec entry count inconsistent: given 487, previously 4675
10-22 20:20:37.770  4120  4290 I System.out: (HTTPLog)-Static: isSBSettingEnabled false
10-22 20:20:37.772  3957  4564 D StorageManagerService: getExternalStorageMountMode : 3
10-22 20:20:37.773  3957  4564 D StorageManagerService: getExternalStorageMountMode : 3
10-22 20:20:37.773  3957  4564 D StorageManagerService: getExternalStorageMountMode : final mountMode=3, uid : 10103, packageName : com.facebook.katana
10-22 20:20:37.774  3957  4564 I ApplicationPolicy: isApplicationExternalStorageWhitelisted:com.facebook.katana user:0
10-22 20:20:37.774  3957  4564 D ApplicationPolicy: isApplicationExternalStorageWhitelisted: DO is not enabled on user 0. Allowed.
10-22 20:20:37.774  3957  4564 D ActivityManager: package  com.facebook.katana, user - 0 is SDcard whitelisted
10-22 20:20:37.774  3957  4564 I ApplicationPolicy: isApplicationExternalStorageBlacklisted:com.facebook.katana user:0
10-22 20:20:37.774  3957  4564 D ApplicationPolicy: isApplicationExternalStorageBlacklisted: DO is not enabled on user 0. Allowed.
10-22 20:20:37.776  4120  4290 I System.out: (HTTPLog)-Static: isSBSettingEnabled false
10-22 20:20:37.778  9273  9310 D ScanRecord: Not a Multi Manu data
10-22 20:20:37.778  9273  9310 I chatty  : uid=1002(bluetooth) BT Service Call identical 9 lines
10-22 20:20:37.778  9273  9310 D ScanRecord: Not a Multi Manu data
10-22 20:20:37.779  3599  3918 D DnsProxyListener: DNSDBG::dns addrinfo af 0
10-22 20:20:37.784  9273  9310 D ScanRecord: Not a Multi Manu data
10-22 20:20:37.784  9273  9310 I chatty  : uid=1002(bluetooth) BT Service Call identical 9 lines
10-22 20:20:37.784  9273  9310 D ScanRecord: Not a Multi Manu data
10-22 20:20:37.787  3957  4554 W StorageManager: getStorageLowBytes lowPercent : 5, lowBytes : 1260145254, maxLowBytes : 524288000
10-22 20:20:37.794  3957  4554 W StorageManager: getStorageLowBytes lowPercent : 5, lowBytes : 1260145254, maxLowBytes : 524288000
10-22 20:20:37.799  4120  4207 I System.out: (HTTPLog)-Static: isSBSettingEnabled false
10-22 20:20:37.800  4120  4207 I System.out: (HTTPLog)-Static: isSBSettingEnabled false
10-22 20:20:37.805  3957  4564 I ActivityManager: Start proc 4293:com.facebook.katana/u0a103 for content provider com.facebook.katana/com.facebook.platform.common.provider.PlatformProviderBase
10-22 20:20:37.811  9273  9310 D ScanRecord: Not a Multi Manu data
10-22 20:20:37.811  9273  9310 I chatty  : uid=1002(bluetooth) BT Service Call identical 9 lines
10-22 20:20:37.811  9273  9310 D ScanRecord: Not a Multi Manu data
10-22 20:20:37.812  4293  4293 E Zygote  : isWhitelistProcess - Process is Whitelisted
10-22 20:20:37.813  9273  9310 D ScanRecord: Not a Multi Manu data
10-22 20:20:37.813  9273  9310 I chatty  : uid=1002(bluetooth) BT Service Call identical 9 lines
10-22 20:20:37.813  9273  9310 D ScanRecord: Not a Multi Manu data
10-22 20:20:37.813  4293  4293 E libpersona: scanKnoxPersonas
10-22 20:20:37.813  4293  4293 E libpersona: Couldn't open the File - /data/system/users/0/personalist.xml - No such file or directory
10-22 20:20:37.817  4293  4293 W SELinux : SELinux selinux_android_compute_policy_index : Policy Index[2],  Con:u:r:zygote:s0 RAM:SEPF_SM-J720F_8.0.0_0002, [-1 -1 -1 -1 0 1]
10-22 20:20:37.818  9273  9310 D ScanRecord: Not a Multi Manu data
10-22 20:20:37.818  9273  9310 I chatty  : uid=1002(bluetooth) BT Service Call identical 7 lines
10-22 20:20:37.818  4293  4293 I SELinux : SELinux: seapp_context_lookup: seinfo=untrusted, level=s0:c512,c768, pkgname=com.facebook.katana 
10-22 20:20:37.818  9273  9310 D ScanRecord: Not a Multi Manu data
10-22 20:20:37.818  9273  9310 D ScanRecord: Not a Multi Manu data
10-22 20:20:37.841  9273  9310 I chatty  : uid=1002(bluetooth) BT Service Call identical 44 lines
10-22 20:20:37.841  9273  9310 D ScanRecord: Not a Multi Manu data
10-22 20:20:37.844  4237  4237 D TimaKeyStoreProvider: TimaKeyStore is not enabled: cannot add TimaSignature Service and generateKeyPair Service
10-22 20:20:37.845  9273  9310 D ScanRecord: Not a Multi Manu data
10-22 20:20:37.845  9273  9310 I chatty  : uid=1002(bluetooth) BT Service Call identical 9 lines
10-22 20:20:37.845  9273  9310 D ScanRecord: Not a Multi Manu data
10-22 20:20:37.848  4237  4237 D ActivityThread: Added TimaKeyStore provider
10-22 20:20:37.849  9273  9310 D ScanRecord: Not a Multi Manu data
10-22 20:20:37.853  9273  9310 I chatty  : uid=1002(bluetooth) BT Service Call identical 31 lines
10-22 20:20:37.853  9273  9310 D ScanRecord: Not a Multi Manu data
10-22 20:20:37.853  4265  4265 D TimaKeyStoreProvider: TimaKeyStore is not enabled: cannot add TimaSignature Service and generateKeyPair Service
10-22 20:20:37.854  4265  4265 D ActivityThread: Added TimaKeyStore provider
10-22 20:20:37.866  9273  9310 D ScanRecord: Not a Multi Manu data
10-22 20:20:37.868  9273  9310 I chatty  : uid=1002(bluetooth) BT Service Call identical 20 lines
10-22 20:20:37.868  9273  9310 D ScanRecord: Not a Multi Manu data
10-22 20:20:37.871  4293  4293 D TimaKeyStoreProvider: TimaKeyStore is not enabled: cannot add TimaSignature Service and generateKeyPair Service
10-22 20:20:37.872  4293  4293 D ActivityThread: Added TimaKeyStore provider
10-22 20:20:37.874  9273  9310 D ScanRecord: Not a Multi Manu data
10-22 20:20:37.877  9273  9310 I chatty  : uid=1002(bluetooth) BT Service Call identical 20 lines
10-22 20:20:37.877  9273  9310 D ScanRecord: Not a Multi Manu data
10-22 20:20:37.878  3542  3714 I BatteryMgr:DataCollectionService: stats => 1697998837878,-169,4308,-260,0,100
10-22 20:20:37.878  3957 10057 I ActivityManager: DSS on for com.android.chrome and scale is 1.0
10-22 20:20:37.879  9273  9310 D ScanRecord: Not a Multi Manu data
10-22 20:20:37.882  9273  9310 I chatty  : uid=1002(bluetooth) BT Service Call identical 20 lines
10-22 20:20:37.882  9273  9310 D ScanRecord: Not a Multi Manu data
10-22 20:20:37.891  3957  4650 I ActivityManager: DSS on for com.facebook.katana and scale is 1.0
10-22 20:20:37.902  3957  4129 D WifiStateMachine:  ConnectedState !CMD_RSSI_POLL rt=605244486/1661219958 122 0 "ourhome" f4:6d:2f:12:cc:88 rssi=-46 f=5240 sc=60 link=433 tx=0.3, 0.0, 0.0  rx=1.6 bcn=616643 [on:0 tx:0 rx:0 period:174] from screen [on:670958 period:3781570] score=60
10-22 20:20:37.904  3957  4129 D WifiStateMachine:  L2ConnectedState !CMD_RSSI_POLL rt=605244488/1661219960 122 0 "ourhome" f4:6d:2f:12:cc:88 rssi=-46 f=5240 sc=60 link=433 tx=0.3, 0.0, 0.0  rx=1.6 bcn=616643 [on:0 tx:0 rx:0 period:1] from screen [on:670958 period:3781571] score=60
10-22 20:20:37.904  3957  4129 D WifiStateMachine:  get link layer stats 3
10-22 20:20:37.905  3436  3436 I android.hardware.wifi@1.0-service: getLinkLayerStats
10-22 20:20:37.910  3957 10057 I ActivityManager: DSS on for flipboard.boxer.app and scale is 1.0
10-22 20:20:37.910  3957  4129 D WifiStateMachine: fetchRssiLinkSpeedAndFrequencyNative rssi=-47 linkspeed=433 freq=5240
10-22 20:20:37.911  3957  4129 V WifiConfigManager: Updating scan detail cache freq=5240 BSSID=f4:6d:2f:12:cc:88 RSSI=-46 for "ourhome"WPA_PSK
10-22 20:20:37.915  3957  4554 D PackageManager: setEnabledSetting : userId = 0 packageName = flipboard.boxer.app cmp = flipboard.activities.LaunchActivityAliasForBriefing newState = 0 callingPackage = 10105/flipboard.boxer.app
10-22 20:20:37.920  9273  9310 D ScanRecord: Not a Multi Manu data
10-22 20:20:37.931  9273  9310 I chatty  : uid=1002(bluetooth) BT Service Call identical 53 lines
10-22 20:20:37.931  9273  9310 D ScanRecord: Not a Multi Manu data
10-22 20:20:37.932  4340  4340 E SignalClusterView: setSlotFocusVisible : subId -2
10-22 20:20:37.933  4340  4340 E SignalClusterView: setSlotFocusVisible : subId -2
10-22 20:20:37.934  9273  9310 D ScanRecord: Not a Multi Manu data
10-22 20:20:37.985  9273  9310 I chatty  : uid=1002(bluetooth) BT Service Call identical 64 lines
10-22 20:20:37.985  9273  9310 D ScanRecord: Not a Multi Manu data
10-22 20:20:37.986  3542  3714 I BatteryMgr:DataCollectionService: stats => 1697998837986,-169,4308,-260,0,100
10-22 20:20:37.989  9273  9310 D ScanRecord: Not a Multi Manu data
10-22 20:20:37.989  9273  9310 I chatty  : uid=1002(bluetooth) BT Service Call identical 9 lines
10-22 20:20:37.989  9273  9310 D ScanRecord: Not a Multi Manu data
10-22 20:20:37.992  3957 10057 D ConnectivityService: filterNetworkStateForUid() uid: 10105 networkInfo: [type: WIFI[] - WIFI, state: DISCONNECTED/BLOCKED, reason: (unspecified), extra: (none), failover: false, available: true, roaming: false, metered: false]
10-22 20:20:37.992  3957 10057 D WifiService: getConnectionInfo uid=1000
10-22 20:20:37.993  3957 10057 D ConnectivityService: filterNetworkStateForUid() uid: 10105 networkInfo: [type: WIFI[] - WIFI, state: DISCONNECTED/BLOCKED, reason: (unspecified), extra: (none), failover: false, available: true, roaming: false, metered: false]
10-22 20:20:37.994  3957 10057 D WifiService: getConnectionInfo uid=1000
10-22 20:20:38.001  3879  3890 W GoogleCertificates: GoogleCertificates has been initialized already
10-22 20:20:38.002  9273  9310 D ScanRecord: Not a Multi Manu data
10-22 20:20:38.075  9273  9310 I chatty  : uid=1002(bluetooth) BT Service Call identical 141 lines
10-22 20:20:38.075  9273  9310 D ScanRecord: Not a Multi Manu data
10-22 20:20:38.081  4265  4265 I zygote  : no shared libraies, dex_files: 1
10-22 20:20:38.086  4293  4293 I zygote  : no shared libraies, dex_files: 1
10-22 20:20:38.094  3542  3714 I BatteryMgr:DataCollectionService: stats => 1697998838094,-169,4308,-260,0,100
10-22 20:20:38.134  4346  4346 E asset   : setgid: Operation not permitted
10-22 20:20:38.202  3542  3714 I BatteryMgr:DataCollectionService: stats => 1697998838202,-169,4308,-260,0,100
10-22 20:20:38.248  4265  4265 I cr_SplitCompatApp: Launched version=117.0.5938.60 minSdkVersion=1 isBundle=true processName=com.android.chrome:webview_service isIsolated=false
10-22 20:20:38.309  3542  3714 I BatteryMgr:DataCollectionService: stats => 1697998838309,-169,4308,-260,0,100
10-22 20:20:38.397  4293  4293 W CrashLoopRemedyLog: unable to delete remedy log, instaCrash: false
10-22 20:20:38.397  4293  4293 W CrashLoopRemedyLog: unable to delete remedy log, instaCrash: true
10-22 20:20:38.416  3542  3714 I BatteryMgr:DataCollectionService: stats => 1697998838416,-169,4308,-260,0,100
10-22 20:20:38.430  4120  4278 I System.out: (HTTPLog)-Static: isSBSettingEnabled false
10-22 20:20:38.431  4120  4278 I System.out: (HTTPLog)-Static: isSBSettingEnabled false
10-22 20:20:38.433  3599  3918 D DnsProxyListener: DNSDBG::dns addrinfo af 0
10-22 20:20:38.441  4120  4280 I System.out: (HTTPLog)-Static: isSBSettingEnabled false
10-22 20:20:38.442  4120  4280 I System.out: (HTTPLog)-Static: isSBSettingEnabled false
10-22 20:20:38.448  3599  3918 D DnsProxyListener: DNSDBG::dns addrinfo af 0
10-22 20:20:38.468  4293  4380 W AppInitScheduler|Run: Running InitSharedLibraries [*]
10-22 20:20:38.468  4293  4379 W AppInitScheduler|Run: Running ReliabilityInitConfigureErrorReportingOnProcess [*]
10-22 20:20:38.493  4293  4382 W AppInitScheduler|Run: Running InitMultiProcessTracker
10-22 20:20:38.494  4293  4380 W SoLoader: Initializing SoLoader: 2
10-22 20:20:38.510  4293  4382 W AppInitScheduler|Run:   Finished InitMultiProcessTracker in 14ms
10-22 20:20:38.510  4293  4380 W SoLoader: Recording new base apk path: /data/app/com.facebook.katana-2P9BZ5nf4QWKDLOfe3-HXQ==/base.apk
10-22 20:20:38.510  4293  4380 W SoLoader: Previously recorded 0 base apk paths.
10-22 20:20:38.515  4237  4237 I cr_SplitCompatApp: Launched version=117.0.5938.60 minSdkVersion=1 isBundle=true processName=com.android.chrome:sandboxed_process0 isIsolated=true
10-22 20:20:38.524  4293  4387 W AppInitScheduler|Run: Running InitNonSdkApiUsageReporting
10-22 20:20:38.524  4293  4387 W AppInitScheduler|Run:   Finished InitNonSdkApiUsageReporting in 0ms
10-22 20:20:38.524  4293  4388 W AppInitScheduler|Run: Running PreloadStartupLightSharedPreferenceUsages
10-22 20:20:38.525  4293  4388 W AppInitScheduler|Run:   Finished PreloadStartupLightSharedPreferenceUsages in 0ms
10-22 20:20:38.525  3542  3714 I BatteryMgr:DataCollectionService: stats => 1697998838525,-169,4308,-260,0,100
10-22 20:20:38.526  4293  4385 W FileBasedMultiProcessTracker: <default>: Initializing FileBasedMultiProcessTracking using /data/user/0/com.facebook.katana/app_multiprocess_tracking
10-22 20:20:38.526  4293  4385 W FileBasedMultiProcessTracker: <default>: Creating file to track 4293
10-22 20:20:38.529  4120  4287 W ResourceType: ResTable_typeSpec entry count inconsistent: given 88, previously 91
10-22 20:20:38.529  4120  4287 W ResourceType: ResTable_typeSpec entry count inconsistent: given 168, previously 172
10-22 20:20:38.530  4120  4287 W ResourceType: ResTable_typeSpec entry count inconsistent: given 3506, previously 3526
10-22 20:20:38.531  4120  4287 W ResourceType: ResTable_typeSpec entry count inconsistent: given 487, previously 4675
10-22 20:20:38.536  4293  4385 W FileBasedMultiProcessTracker: <default>: FileBasedMultiProcessTracker ready!
10-22 20:20:38.549  4293  4389 W FileBasedMultiProcessTracker: <default>: Observed removed PID: 1468
10-22 20:20:38.574  4237  4237 W SystemServiceRegistry: No service published for: uimode
10-22 20:20:38.619  4237  4237 V Monotype: fonts.xml take from : /system/etc/
10-22 20:20:38.624  3879  4352 W ResourceType: ResTable_typeSpec entry count inconsistent: given 88, previously 91
10-22 20:20:38.625  3879  4352 W ResourceType: ResTable_typeSpec entry count inconsistent: given 168, previously 172
10-22 20:20:38.626  3879  4352 W ResourceType: ResTable_typeSpec entry count inconsistent: given 3506, previously 3526
10-22 20:20:38.626  3879  4352 W ResourceType: ResTable_typeSpec entry count inconsistent: given 487, previously 4675
10-22 20:20:38.636  3542  3714 I BatteryMgr:DataCollectionService: stats => 1697998838636,-169,4308,-260,0,100
10-22 20:20:38.645  3879  3889 I zygote64: Background concurrent copying GC freed 28305(1845KB) AllocSpace objects, 7(148KB) LOS objects, 50% free, 2MB/4MB, paused 10.498ms total 126.867ms
10-22 20:20:38.652  4293  4379 W lacrima : FbErrorReportingConfig.earlyInit
10-22 20:20:38.653  3957  4128 D WifiService: getConnectionInfo uid=1000
10-22 20:20:38.670  3879  4352 I FA-SVC  : App measurement initialized, version: 233918
10-22 20:20:38.679  4293  4380 W SoLoader: SoLoader initialized: 2
10-22 20:20:38.690  4293  4380 W FbSoLoader: Initialized FBSoLoader
10-22 20:20:38.694  4293  4380 W AppInitScheduler|Run:   Finished InitSharedLibraries in 226ms
10-22 20:20:38.695  4293  4380 W AppInitScheduler|Run: Running InitOxygenCrashReporter
10-22 20:20:38.696  4293  4380 W AppInitScheduler|Run:   Finished InitOxygenCrashReporter in 0ms
10-22 20:20:38.700  4293  4393 W AppInitScheduler|Run: Running GeneratePerfStats [*]
10-22 20:20:38.700  4293  4392 W AppInitScheduler|Run: Running FixArtDebugging [*]
10-22 20:20:38.700  4293  4394 W AppInitScheduler|Run: Running EnableExtraTracing
10-22 20:20:38.700  4293  4392 W AppInitScheduler|Run:   Finished FixArtDebugging in 0ms
10-22 20:20:38.701  4293  4394 W AppInitScheduler|Run:   Finished EnableExtraTracing in 0ms
10-22 20:20:38.701  4293  4396 W AppInitScheduler|Run: Running InitClassFailureStapler
10-22 20:20:38.701  4293  4396 W AppInitScheduler|Run:   Finished InitClassFailureStapler in 0ms
10-22 20:20:38.720  4293  4393 W AppInitScheduler|Run:   Finished GeneratePerfStats in 20ms
10-22 20:20:38.721  3559  3559 E audit   : type=1400 audit(1697998838.710:7142): avc:  denied  { read } for  pid=4393 comm="AppInit7" name="vmstat" dev="proc" ino=4026532216 scontext=u:r:untrusted_app:s0:c512,c768 tcontext=u:object_r:proc:s0 tclass=file permissive=0 SEPF_SM-J720F_8.0.0_0002 audit_filtered
10-22 20:20:38.721  3559  3559 E audit   : type=1300 audit(1697998838.710:7142): arch=40000028 syscall=322 per=8 success=no exit=-13 a0=ffffff9c a1=e35e1f40 a2=20000 a3=0 items=0 ppid=3580 pid=4393 auid=4294967295 uid=10103 gid=10103 euid=10103 suid=10103 fsuid=10103 egid=10103 sgid=10103 fsgid=10103 tty=(none) ses=4294967295 comm="AppInit7" exe="/system/bin/app_process32" subj=u:r:untrusted_app:s0:c512,c768 key=(null)
10-22 20:20:38.721  3559  3559 E audit   : type=1327 audit(1697998838.710:7142): proctitle="com.facebook.katana"
10-22 20:20:38.727  3957  4129 D WifiStateMachine:  ConnectedState !RSSI_PKTCNT_FETCH uid=1000 rt=605245310/1661220782 0 0 "ourhome" f4:6d:2f:12:cc:88 rssi=-47 f=5240 sc=60 link=433 tx=2.6, 0.0, 0.0  rx=3.1 bcn=616671 [on:0 tx:0 rx:0 period:797] from screen [on:671749 period:3782394] score=60
10-22 20:20:38.730  3957  4129 D WifiStateMachine:  L2ConnectedState !RSSI_PKTCNT_FETCH uid=1000 rt=605245313/1661220785 0 0 "ourhome" f4:6d:2f:12:cc:88 rssi=-47 f=5240 sc=60 link=433 tx=2.6, 0.0, 0.0  rx=3.1 bcn=616671 [on:0 tx:0 rx:0 period:4] from screen [on:671749 period:3782398] score=60
10-22 20:20:38.732  3957  4129 D WifiStateMachine: fetchRssiLinkSpeedAndFrequencyNative rssi=-48 linkspeed=433 freq=5240
10-22 20:20:38.732  3957  4129 V WifiConfigManager: Updating scan detail cache freq=5240 BSSID=f4:6d:2f:12:cc:88 RSSI=-47 for "ourhome"WPA_PSK
10-22 20:20:38.744  3542  3714 I BatteryMgr:DataCollectionService: stats => 1697998838743,-169,4308,-260,0,100
10-22 20:20:38.744  4293  4379 W AppStateLoggerNative: AppStateLoggerNative.initializeNativeCrashReporting not called.
10-22 20:20:38.745  3559  3559 E audit   : type=1400 audit(1697998838.738:7143): avc:  denied  { read } for  pid=4379 comm="AppInit1" name="zoneinfo" dev="proc" ino=4026532217 scontext=u:r:untrusted_app:s0:c512,c768 tcontext=u:object_r:proc_zoneinfo:s0 tclass=file permissive=0 SEPF_SM-J720F_8.0.0_0002 audit_filtered
10-22 20:20:38.745  3559  3559 E audit   : type=1300 audit(1697998838.738:7143): arch=40000028 syscall=322 per=8 success=no exit=-13 a0=ffffff9c a1=e8403620 a2=20000 a3=0 items=0 ppid=3580 pid=4379 auid=4294967295 uid=10103 gid=10103 euid=10103 suid=10103 fsuid=10103 egid=10103 sgid=10103 fsgid=10103 tty=(none) ses=4294967295 comm="AppInit1" exe="/system/bin/app_process32" subj=u:r:untrusted_app:s0:c512,c768 key=(null)
10-22 20:20:38.745  3559  3559 E audit   : type=1327 audit(1697998838.738:7143): proctitle="com.facebook.katana"
10-22 20:20:38.746  4293  4379 W lacrima : Start JavaAppDeathCrashDetector... X.0pw
10-22 20:20:38.749  4293  4379 W lacrima : Sending pending reports
10-22 20:20:38.753  4293  4379 W AppInitScheduler|Run:   Finished ReliabilityInitConfigureErrorReportingOnProcess in 284ms
10-22 20:20:38.753  4293  4387 W AppInitScheduler|Run: Running LoadLibDexLoad [*]
10-22 20:20:38.776  3879  4352 I zygote64: Deoptimizing java.lang.Object j$.util.concurrent.ConcurrentHashMap.get(java.lang.Object) due to JIT inline cache
10-22 20:20:38.850  3542  3714 I BatteryMgr:DataCollectionService: stats => 1697998838850,-169,4308,-260,0,100
10-22 20:20:38.875  4293  4387 W AppInitScheduler|Run:   Finished LoadLibDexLoad in 122ms
10-22 20:20:38.875  4293  4387 W AppInitScheduler|Run: Running LoadLibColdStart
10-22 20:20:38.875  4293  4388 W AppInitScheduler|Run: Running SetupFbGlog [*]
10-22 20:20:38.875  4293  4382 W AppInitScheduler|Run: Running InitCrashLoopMitigation
10-22 20:20:38.875  4293  4380 W AppInitScheduler|Run: Running InitDeadResourceDetection
10-22 20:20:38.875  4293  4380 W AppInitScheduler|Run:   Finished InitDeadResourceDetection in 0ms
10-22 20:20:38.880  4293  4388 W AppInitScheduler|Run:   Finished SetupFbGlog in 5ms
10-22 20:20:38.880  4293  4388 W AppInitScheduler|Run: Running MaybeTraceColdStart [*]
10-22 20:20:38.881  4293  4394 W AppInitScheduler|Run: Running DisableRuntimeVerification [*]
10-22 20:20:38.881  4293  4396 W AppInitScheduler|Run: Running InitClassTracing
10-22 20:20:38.881  4293  4396 W AppInitScheduler|Run:   Finished InitClassTracing in 1ms
10-22 20:20:38.882  4293  4396 W AppInitScheduler|Run: Running InitLacrimaEarlyNative
10-22 20:20:38.882  4293  4393 W AppInitScheduler|Run: Running InitMemoryTracer
10-22 20:20:38.883  4293  4393 W AppInitScheduler|Run:   Finished InitMemoryTracer in 0ms
10-22 20:20:38.885  4293  4394 W AppInitScheduler|Run:   Finished DisableRuntimeVerification in 4ms
10-22 20:20:38.885  4293  4392 W AppInitScheduler|Run: Running LoadDexes [*]
10-22 20:20:38.889  4293  4382 W dalvik-internals: sigaction64 not found, falling back
10-22 20:20:38.889  4293  4382 W dalvik-internals: sigaction succeeded
10-22 20:20:38.892  4293  4392 W DexLibLoader: disabling background optimization
10-22 20:20:38.897  4293  4392 W DexLibLoader: Loading /data/user/0/com.facebook.katana/dex with compressed oreo startup logic
10-22 20:20:38.900  4293  4392 W DexLibLoader: Build id used for apk identification
10-22 20:20:38.901  4293  4392 W DexLibLoader: Build id used for apk identification
10-22 20:20:38.957  3542  3714 I BatteryMgr:DataCollectionService: stats => 1697998838956,-169,4308,-260,0,100
10-22 20:20:38.974  3879  4352 I zygote64: Deoptimizing java.lang.Object j$.util.concurrent.ConcurrentHashMap.f(java.lang.Object, java.lang.Object, boolean) due to JIT inline cache
10-22 20:20:38.991  4293  4382 D dalvik-internals: SuspendArt: Found all symbols
10-22 20:20:38.991  4293  4382 D dalvik-internals: SuspendArt: Suspending threads.
10-22 20:20:38.996  4293  4382 D dalvik-internals: SuspendArt: Resuming threads.
10-22 20:20:38.996  4293  4382 V dalvik-internals: hooked signal using trap ()
10-22 20:20:38.997  4293  4382 V dalvik-internals: hooked sysv_signal using trap ()
10-22 20:20:38.997  4293  4382 V dalvik-internals: hooked bsd_signal using trap ()
10-22 20:20:38.999  4293  4382 V dalvik-internals: hooked sigaction using trap ()
10-22 20:20:38.999  4293  4382 I dalvik-internals: integrateWithCrashLog crashlog: /data/user/0/com.facebook.katana/crash_log, insta_crashlog: /data/user/0/com.facebook.katana/insta_crash_log
10-22 20:20:39.001  4293  4382 I dalvik-internals: installed sigmux crash handler for crash log
10-22 20:20:39.001  4293  4382 W AppInitScheduler|Run:   Finished InitCrashLoopMitigation in 125ms
10-22 20:20:39.002  4293  4392 D dalvik-internals: SuspendArt: Found all symbols
10-22 20:20:39.002  4293  4392 D dalvik-internals: SuspendArt: Suspending threads.
10-22 20:20:39.004  4293  4392 V dalvik-internals: Hooking function _ZN3art11annotations16GetLineNumFromPCEPKNS_7DexFileEPNS_9ArtMethodEj
10-22 20:20:39.005  4293  4392 V dalvik-internals: hooked _ZN3art11annotations16GetLineNumFromPCEPKNS_7DexFileEPNS_9ArtMethodEj using jump ()
10-22 20:20:39.005  4293  4392 D dalvik-internals: SuspendArt: Resuming threads.
10-22 20:20:39.043  4293  4388 W AppInitScheduler|Run:   Finished MaybeTraceColdStart in 162ms
10-22 20:20:39.043  4293  4396 W lacrima : The minidump file is empty!
10-22 20:20:39.051  4293  4396 W lacrima : Start AnrAppDeathDetector... X.00i
10-22 20:20:39.059  4293  4392 I zygote  : no shared libraies, dex_files: 0
10-22 20:20:39.064  3542  3714 I BatteryMgr:DataCollectionService: stats => 1697998839064,-169,4308,-260,0,100
10-22 20:20:39.169  4293  4387 W AppInitScheduler|Run:   Finished LoadLibColdStart in 293ms
10-22 20:20:39.170  4293  4387 W AppInitScheduler|Run: Running FixAndroidBugs
10-22 20:20:39.170  3542  3714 I BatteryMgr:DataCollectionService: stats => 1697998839170,-512,4308,-346,0,100
10-22 20:20:39.170  4293  4379 W AppInitScheduler|Run: Running InitJit
10-22 20:20:39.171  4293  4387 W AppInitScheduler|Run:   Finished FixAndroidBugs in 2ms
10-22 20:20:39.172  4293  4379 W AppInitScheduler|Run:   Finished InitJit in 1ms
10-22 20:20:39.174  4293  4396 E HeliumCrashReporter: Pending crash path /data/data/com.facebook.katana/cache/webview_embedded/Helium Crashpad/pending/ is not a directory
10-22 20:20:39.175  4293  4396 W AppInitScheduler|Run:   Finished InitLacrimaEarlyNative in 293ms
10-22 20:20:39.180  4293  4411 V AospBugFixOpts: set AOSP bug fix jboolean EnableAospBugFixes: bugFixOpt -> enable = 0. Given 0
10-22 20:20:39.257  3957  4554 D SamsungAlarmManager: Cancel Alarm calling from uid:10025 pid :3879 / op:PendingIntent{a69588: PendingIntentRecord{7ad4b21 com.google.android.gms broadcastIntent}}
10-22 20:20:39.276  3542  3714 I BatteryMgr:DataCollectionService: stats => 1697998839276,-512,4308,-346,0,100
10-22 20:20:39.388  3542  3714 I BatteryMgr:DataCollectionService: stats => 1697998839387,-512,4308,-346,0,100
10-22 20:20:39.402  3957  4650 D SamsungAlarmManager: Cancel Alarm calling from uid:10025 pid :3879 / op:PendingIntent{e333b46: PendingIntentRecord{7ad4b21 com.google.android.gms broadcastIntent}}
10-22 20:20:39.425  4293  4392 W AppInitScheduler|Run:   Finished LoadDexes in 540ms
10-22 20:20:39.426  4293  4392 W AppInitScheduler|Run: Running AddMainDexStoreInfoToReliabilityLogging
10-22 20:20:39.427  4293  4394 W AppInitScheduler|Run: Running ConfigureJitAfterDexesLoad
10-22 20:20:39.427  4293  4382 W AppInitScheduler|Run: Running FreeApkZipToReduceMemoryUsage
10-22 20:20:39.427  4293  4394 W AppInitScheduler|Run:   Finished ConfigureJitAfterDexesLoad in 0ms
10-22 20:20:39.427  4293  4382 W AppInitScheduler|Run:   Finished FreeApkZipToReduceMemoryUsage in 0ms
10-22 20:20:39.427  4293  4382 W AppInitScheduler|Run: Running MprotectCode
10-22 20:20:39.428  4293  4393 W AppInitScheduler|Run: Running LoadVoltronModules [*]
10-22 20:20:39.428  4293  4382 W AppInitScheduler|Run:   Finished MprotectCode in 0ms
10-22 20:20:39.428  4293  4382 W AppInitScheduler|Run: Running MlockCode
10-22 20:20:39.432  4293  4392 W AppInitScheduler|Run:   Finished AddMainDexStoreInfoToReliabilityLogging in 6ms
10-22 20:20:39.432  4293  4382 W AppInitScheduler|Run:   Finished MlockCode in 4ms
10-22 20:20:39.434  4237  4237 E Typeface: Error mapping font file /system/fonts/SamsungSans-Num3L.ttf
10-22 20:20:39.434  4237  4237 E Minikin : Could not get cmap table size!
10-22 20:20:39.434  4237  4237 E Typeface: Unable to load Family: samsung-sans-num3L:null
10-22 20:20:39.435  4237  4237 E Typeface: Error mapping font file /system/fonts/SamsungSans-Num3T.ttf
10-22 20:20:39.435  4237  4237 E Minikin : Could not get cmap table size!
10-22 20:20:39.435  4237  4237 E Typeface: Unable to load Family: samsung-sans-num3T:null
10-22 20:20:39.435  4237  4237 E Typeface: Error mapping font file /system/fonts/SamsungSans-Num4L.ttf
10-22 20:20:39.435  4237  4237 E Minikin : Could not get cmap table size!
10-22 20:20:39.435  4237  4237 E Typeface: Unable to load Family: samsung-sans-num4L:null
10-22 20:20:39.435  4237  4237 E Typeface: Error mapping font file /system/fonts/SamsungSans-Num4T.ttf
10-22 20:20:39.435  4237  4237 E Minikin : Could not get cmap table size!
10-22 20:20:39.435  4237  4237 E Typeface: Unable to load Family: samsung-sans-num4T:null
10-22 20:20:39.435  4237  4237 E Typeface: Error mapping font file /system/fonts/SamsungSans-Num35.ttf
10-22 20:20:39.435  4237  4237 E Minikin : Could not get cmap table size!
10-22 20:20:39.435  4237  4237 E Typeface: Unable to load Family: samsung-sans-num35:null
10-22 20:20:39.435  3559  3559 E audit   : type=1400 audit(1697998839.430:7144): avc:  denied  { execmod } for  pid=4415 comm=4173796E635461736B202332 path=2F6465762F6173686D656D2F64616C76696B2D2F646174612F6170702F636F6D2E66616365626F6F6B2E6B6174616E612D325039425A356E663451574B444C4F6665332D4858513D3D2F6F61742F61726D2F626173652E6172745F343239335F34323933202864656C6574656429 dev="tmpfs" ino=15175227 scontext=u:r:untrusted_app:s0:c512,c768 tcontext=u:object_r:untrusted_app_tmpfs:s0:c512,c768 tclass=file permissive=0 SEPF_SM-J720F_8.0.0_0002 audit_filtered
10-22 20:20:39.435  4237  4237 E Typeface: Error mapping font file /system/fonts/SamsungSans-Num45.ttf
10-22 20:20:39.435  4237  4237 E Minikin : Could not get cmap table size!
10-22 20:20:39.435  4237  4237 E Typeface: Unable to load Family: samsung-sans-num45:null
10-22 20:20:39.435  3559  3559 E audit   : type=1300 audit(1697998839.430:7144): arch=40000028 syscall=125 per=8 success=no exit=-13 a0=76f3c000 a1=37000 a2=4 a3=c1e803b0 items=0 ppid=3580 pid=4415 auid=4294967295 uid=10103 gid=10103 euid=10103 suid=10103 fsuid=10103 egid=10103 sgid=10103 fsgid=10103 tty=(none) ses=4294967295 comm=4173796E635461736B202332 exe="/system/bin/app_process32" subj=u:r:untrusted_app:s0:c512,c768 key=(null)
10-22 20:20:39.436  4237  4237 E Typeface: Error mapping font file /system/fonts/SamsungSans-Num3Lv.ttf
10-22 20:20:39.436  4237  4237 E Minikin : Could not get cmap table size!
10-22 20:20:39.436  3559  3559 E audit   : type=1327 audit(1697998839.430:7144): proctitle="com.facebook.katana"
10-22 20:20:39.436  4237  4237 E Typeface: Unable to load Family: samsung-sans-num3LV:null
10-22 20:20:39.436  3559  3559 E audit   : type=1400 audit(1697998839.430:7145): avc:  denied  { execmod } for  pid=4415 comm=4173796E635461736B202332 path=2F6465762F6173686D656D2F64616C76696B2D2F646174612F646174612F636F6D2E66616365626F6F6B2E6B6174616E612F6465782F6F61742F61726D2F7A2D343431316437316531656134316261626134393739646561623832356362313038326336323633372E6172745F343239335F34333932202864656C6574656429 dev="tmpfs" ino=15176599 scontext=u:r:untrusted_app:s0:c512,c768 tcontext=u:object_r:untrusted_app_tmpfs:s0:c512,c768 tclass=file permissive=0 SEPF_SM-J720F_8.0.0_0002 audit_filtered
10-22 20:20:39.436  4237  4237 E Typeface: Error mapping font file /system/fonts/SamsungSans-Num3R.ttf
10-22 20:20:39.436  3559  3559 E audit   : type=1300 audit(1697998839.430:7145): arch=40000028 syscall=125 per=8 success=no exit=-13 a0=c14b1000 a1=712000 a2=4 a3=c1e803b0 items=0 ppid=3580 pid=4415 auid=4294967295 uid=10103 gid=10103 euid=10103 suid=10103 fsuid=10103 egid=10103 sgid=10103 fsgid=10103 tty=(none) ses=4294967295 comm=4173796E635461736B202332 exe="/system/bin/app_process32" subj=u:r:untrusted_app:s0:c512,c768 key=(null)
10-22 20:20:39.436  4237  4237 E Minikin : Could not get cmap table size!
10-22 20:20:39.436  4237  4237 E Typeface: Unable to load Family: samsung-sans-num3R:null
10-22 20:20:39.436  3559  3559 E audit   : type=1327 audit(1697998839.430:7145): proctitle="com.facebook.katana"
10-22 20:20:39.436  4237  4237 E Typeface: Error mapping font file /system/fonts/SamsungSans-Num4Tv.ttf
10-22 20:20:39.436  4237  4237 E Minikin : Could not get cmap table size!
10-22 20:20:39.436  4237  4237 E Typeface: Unable to load Family: samsung-sans-num4Tv:null
10-22 20:20:39.436  4237  4237 E Typeface: Error mapping font file /system/fonts/SamsungSans-Num4Lv.ttf
10-22 20:20:39.436  4237  4237 E Minikin : Could not get cmap table size!
10-22 20:20:39.436  4237  4237 E Typeface: Unable to load Family: samsung-sans-num4Lv:null
10-22 20:20:39.446  3559  3559 E audit   : type=1400 audit(1697998839.438:7146): avc:  denied  { execmod } for  pid=4415 comm=4173796E635461736B202332 path="/system/lib/libsoundextractor.so" dev="dm-0" ino=2788 scontext=u:r:untrusted_app:s0:c512,c768 tcontext=u:object_r:system_file:s0 tclass=file permissive=0 SEPF_SM-J720F_8.0.0_0002 audit_filtered
10-22 20:20:39.446  3559  3559 E audit   : type=1300 audit(1697998839.438:7146): arch=40000028 syscall=125 per=8 success=no exit=-13 a0=e3564000 a1=1000 a2=5 a3=c1e803b0 items=0 ppid=3580 pid=4415 auid=4294967295 uid=10103 gid=10103 euid=10103 suid=10103 fsuid=10103 egid=10103 sgid=10103 fsgid=10103 tty=(none) ses=4294967295 comm=4173796E635461736B202332 exe="/system/bin/app_process32" subj=u:r:untrusted_app:s0:c512,c768 key=(null)
10-22 20:20:39.446  3559  3559 E audit   : type=1327 audit(1697998839.438:7146): proctitle="com.facebook.katana"
10-22 20:20:39.446  3559  3559 E audit   : type=1400 audit(1697998839.438:7147): avc:  denied  { execmod } for  pid=4415 comm=4173796E635461736B202332 path="/system/lib/libart-dexlayout.so" dev="dm-0" ino=2489 scontext=u:r:untrusted_app:s0:c512,c768 tcontext=u:object_r:system_file:s0 tclass=file permissive=0 SEPF_SM-J720F_8.0.0_0002 audit_filtered
10-22 20:20:39.446  3559  3559 E audit   : type=1300 audit(1697998839.438:7147): arch=40000028 syscall=125 per=8 success=no exit=-13 a0=e87e8000 a1=1000 a2=5 a3=c1e803b0 items=0 ppid=3580 pid=4415 auid=4294967295 uid=10103 gid=10103 euid=10103 suid=10103 fsuid=10103 egid=10103 sgid=10103 fsgid=10103 tty=(none) ses=4294967295 comm=4173796E635461736B202332 exe="/system/bin/app_process32" subj=u:r:untrusted_app:s0:c512,c768 key=(null)
10-22 20:20:39.446  3559  3559 E audit   : type=1327 audit(1697998839.438:7147): proctitle="com.facebook.katana"
10-22 20:20:39.463  4237  4237 I cr_ChildProcessService: Creating new ChildProcessService pid=4237
10-22 20:20:39.466  4293  4393 E VoltronModuleManager: Unable to load installed module dittomodule
10-22 20:20:39.466  4293  4393 E VoltronModuleManager: X.14F: Module: dittomodule not found in path: /data/data/com.facebook.katana/modules/dittomodule_cd43134a63031703619c237600d9a9be64252fa920739563256d84cf0de18a80/download.zip
10-22 20:20:39.466  4293  4393 E VoltronModuleManager: 	at X.00G.A04(:230)
10-22 20:20:39.466  4293  4393 E VoltronModuleManager: 	at X.00G.A05(:3)
10-22 20:20:39.466  4293  4393 E VoltronModuleManager: 	at X.11A.Bx8(:2190)
10-22 20:20:39.466  4293  4393 E VoltronModuleManager: 	at X.11q.run(:104)
10-22 20:20:39.466  4293  4393 E VoltronModuleManager: 	at java.util.concurrent.ThreadPoolExecutor.runWorker(ThreadPoolExecutor.java:1162)
10-22 20:20:39.466  4293  4393 E VoltronModuleManager: 	at java.util.concurrent.ThreadPoolExecutor$Worker.run(ThreadPoolExecutor.java:636)
10-22 20:20:39.466  4293  4393 E VoltronModuleManager: 	at X.0m8.run(:8)
10-22 20:20:39.466  4293  4393 E VoltronModuleManager: 	at java.lang.Thread.run(Thread.java:764)
10-22 20:20:39.467  4293  4393 E VoltronAppInit: Error loading installed modules
10-22 20:20:39.467  4293  4393 E VoltronAppInit: X.14F: Module: dittomodule not found in path: /data/data/com.facebook.katana/modules/dittomodule_cd43134a63031703619c237600d9a9be64252fa920739563256d84cf0de18a80/download.zip
10-22 20:20:39.467  4293  4393 E VoltronAppInit: 	at X.00G.A04(:230)
10-22 20:20:39.467  4293  4393 E VoltronAppInit: 	at X.00G.A05(:3)
10-22 20:20:39.467  4293  4393 E VoltronAppInit: 	at X.11A.Bx8(:2190)
10-22 20:20:39.467  4293  4393 E VoltronAppInit: 	at X.11q.run(:104)
10-22 20:20:39.467  4293  4393 E VoltronAppInit: 	at java.util.concurrent.ThreadPoolExecutor.runWorker(ThreadPoolExecutor.java:1162)
10-22 20:20:39.467  4293  4393 E VoltronAppInit: 	at java.util.concurrent.ThreadPoolExecutor$Worker.run(ThreadPoolExecutor.java:636)
10-22 20:20:39.467  4293  4393 E VoltronAppInit: 	at X.0m8.run(:8)
10-22 20:20:39.467  4293  4393 E VoltronAppInit: 	at java.lang.Thread.run(Thread.java:764)
10-22 20:20:39.468  4293  4393 W AppInitScheduler|Run:   Finished LoadVoltronModules in 40ms
10-22 20:20:39.468  4293  4379 W AppInitScheduler|Run: Running CreateApplicationImpl [*]
10-22 20:20:39.481  4293  4379 W AppInitScheduler|Run:   Finished CreateApplicationImpl in 13ms
10-22 20:20:39.495  4237  4237 E WebViewFactory: can't load with relro file; address space not reserved
10-22 20:20:39.496  3542  3714 I BatteryMgr:DataCollectionService: stats => 1697998839496,-512,4308,-346,0,100
10-22 20:20:39.502  4293  4390 W FBInjector: Setting Application: com.facebook.katana.app.FacebookApplication@9a97836 with classloader: dalvik.system.PathClassLoader@11773393
10-22 20:20:39.523  4293  4394 W AppInitScheduler|Run: Running GatekeeperStoreInitializer [*]
10-22 20:20:39.523  4293  4396 W AppInitScheduler|Run: Running FbSharedPreferenceInitializer [*]
10-22 20:20:39.523  4293  4388 W AppInitScheduler|Run: Running InitAuthentication [*]
10-22 20:20:39.523  4293  4380 W AppInitScheduler|Run: Running InitExecutors [*]
10-22 20:20:39.524  4293  4387 W AppInitScheduler|Run: Running InitAppModuleFallbackLoader [*]
10-22 20:20:39.524  4293  4392 W AppInitScheduler|Run: Running FbSharedPreferenceInitializerAsync
10-22 20:20:39.524  4293  4382 W AppInitScheduler|Run: Running EarliestPossibleColdStartClassPreloadStarter
10-22 20:20:39.524  4293  4393 W AppInitScheduler|Run: Running ZeroABTestStaticBootstrap
10-22 20:20:39.524  4293  4379 W AppInitScheduler|Run: Running AddProcessNameToErrorReport
10-22 20:20:39.528  4293  4390 W OnApplicationInitInvoker: Ignored missing AppInit dependency: 115:MessengerMCPPluginInitializer
10-22 20:20:39.528  4293  4393 W AppInitScheduler|Run:   Finished ZeroABTestStaticBootstrap in 3ms
10-22 20:20:39.528  4293  4393 W AppInitScheduler|Run: Running AsyncStartLooperMonitor
10-22 20:20:39.536  4293  4379 W AppInitScheduler|Run:   Finished AddProcessNameToErrorReport in 11ms
10-22 20:20:39.536  4293  4379 W AppInitScheduler|Run: Running CNFEExperimentAppInit
10-22 20:20:39.536  4293  4379 W CNFEExperimentAppInit: Nothing to do!
10-22 20:20:39.537  4293  4379 W AppInitScheduler|Run:   Finished CNFEExperimentAppInit in 0ms
10-22 20:20:39.537  4293  4393 W AppInitScheduler|Run:   Finished AsyncStartLooperMonitor in 10ms
10-22 20:20:39.537  4293  4393 W AppInitScheduler|Run: Running DalvikInternalsOnColdStartEnd
10-22 20:20:39.538  4293  4393 W AppInitScheduler|Run:   Finished DalvikInternalsOnColdStartEnd in 0ms
10-22 20:20:39.538  4293  4393 W AppInitScheduler|Run: Running FbMCPPluginInitializer
10-22 20:20:39.539  4293  4393 W AppInitScheduler|Run:   Finished FbMCPPluginInitializer in 0ms
10-22 20:20:39.539  4293  4393 W AppInitScheduler|Run: Running FixieActivityManagerHook
10-22 20:20:39.539  4293  4379 W AppInitScheduler|Run: Running FixieLimitNativeStackSize
10-22 20:20:39.540  4293  4387 W AppInitScheduler|Run:   Finished InitAppModuleFallbackLoader in 17ms
10-22 20:20:39.540  4293  4387 W AppInitScheduler|Run: Running InitAppChoreographer
10-22 20:20:39.556  4293  4387 W AppInitScheduler|Run:   Finished InitAppChoreographer in 16ms
10-22 20:20:39.557  4293  4379 W Fixie   : Initialize LimitNativeStackSizeFixer
10-22 20:20:39.559  4293  4387 W AppInitScheduler|Run: Running HandleAppComponentsForPreTosBuild
10-22 20:20:39.567  4293  4387 W AppInitScheduler|Run:   Finished HandleAppComponentsForPreTosBuild in 8ms
10-22 20:20:39.568  4293  4387 W AppInitScheduler|Run: Running INeedInitForEventBusRegister
10-22 20:20:39.569  4293  4394 W AppInitScheduler|Run:   Finished GatekeeperStoreInitializer in 46ms
10-22 20:20:39.569  4293  4394 W AppInitScheduler|Run: Running INeedInitForGatekeepersListenerRegister
10-22 20:20:39.572  4293  4393 W Fixie   : Initialize ActivityManagerProtector
10-22 20:20:39.585  4293  4387 W AppInitScheduler|Run:   Finished INeedInitForEventBusRegister in 18ms
10-22 20:20:39.586  4293  4387 W AppInitScheduler|Run: Running InitAndroidX
10-22 20:20:39.587  4293  4387 W AppInitScheduler|Run:   Finished InitAndroidX in 1ms
10-22 20:20:39.587  4293  4387 W AppInitScheduler|Run: Running InitFury
10-22 20:20:39.604  3542  3714 I BatteryMgr:DataCollectionService: stats => 1697998839604,-512,4308,-346,0,100
10-22 20:20:39.606  4293  4396 W AppInitScheduler|Run:   Finished FbSharedPreferenceInitializer in 83ms
10-22 20:20:39.607  4293  4379 W AppInitScheduler|Run:   Finished FixieLimitNativeStackSize in 68ms
10-22 20:20:39.607  4293  4379 W AppInitScheduler|Run: Running InitGrimsey
10-22 20:20:39.608  4293  4379 W AppInitScheduler|Run:   Finished InitGrimsey in 0ms
10-22 20:20:39.608  4293  4379 W AppInitScheduler|Run: Running InitHelium
10-22 20:20:39.609  4293  4396 W AppInitScheduler|Run: Running ComposerSavedSessionStoreInitializer
10-22 20:20:39.612  4293  4394 W AppInitScheduler|Run:   Finished INeedInitForGatekeepersListenerRegister in 42ms
10-22 20:20:39.612  4293  4394 W AppInitScheduler|Run: Running InitLogging
10-22 20:20:39.617  3957  4650 D BatteryService: !@BatteryListener : batteryPropertiesChanged!
10-22 20:20:39.619  4293  4396 W AppInitScheduler|Run:   Finished ComposerSavedSessionStoreInitializer in 10ms
10-22 20:20:39.620  4293  4396 W AppInitScheduler|Run: Running InitMallocHooks
10-22 20:20:39.624  4293  4380 W AppInitScheduler|Run:   Finished InitExecutors in 100ms
10-22 20:20:39.624  4293  4380 W AppInitScheduler|Run: Running MobileConfigSessionlessInit [*]
10-22 20:20:39.641  4293  4394 W fb4a.AppInitScheduler|Run:   Finished InitLogging in 27ms
10-22 20:20:39.641  4293  4394 W fb4a.AppInitScheduler|Run: Running StringResourcesDelegate [*]
10-22 20:20:39.646  4293  4396 W fb4a.AppInitScheduler|Run:   Finished InitMallocHooks in 25ms
10-22 20:20:39.647  4293  4396 W fb4a.AppInitScheduler|Run: Running RunPerfMarkers [*]
10-22 20:20:39.655  3957  4128 D WifiService: getConnectionInfo uid=1000
10-22 20:20:39.672  4293  4387 W fb4a.AppInitScheduler|Run:   Finished InitFury in 85ms
10-22 20:20:39.672  4293  4387 W fb4a.AppInitScheduler|Run: Running InitLacrimaLaterInit
10-22 20:20:39.673  4293  4387 W fb4a.lacrima: FbErrorReportingConfig.laterInit
10-22 20:20:39.674  4293  4380 W fb4a.AppInitScheduler|Run:   Finished MobileConfigSessionlessInit in 51ms
10-22 20:20:39.674  4293  4396 W fb4a.AppInitScheduler|Run:   Finished RunPerfMarkers in 28ms
10-22 20:20:39.674  4293  4380 W fb4a.AppInitScheduler|Run: Running InitSurfaces
10-22 20:20:39.675  4293  4396 W fb4a.AppInitScheduler|Run: Running InitSystrace
10-22 20:20:39.675  4293  4396 W fb4a.AppInitScheduler|Run:   Finished InitSystrace in 0ms
10-22 20:20:39.676  4293  4396 W fb4a.AppInitScheduler|Run: Running JemallocSetRetainInitializer
10-22 20:20:39.676  4293  4380 W fb4a.AppInitScheduler|Run:   Finished InitSurfaces in 1ms
10-22 20:20:39.676  4293  4380 W fb4a.AppInitScheduler|Run: Running LazyCustomErrorDataInitializer
10-22 20:20:39.676  4293  4396 W fb4a.AppInitScheduler|Run:   Finished JemallocSetRetainInitializer in 0ms
10-22 20:20:39.676  4293  4396 W fb4a.AppInitScheduler|Run: Running LimitJemallocRetainSize
10-22 20:20:39.677  4293  4396 W fb4a.AppInitScheduler|Run:   Finished LimitJemallocRetainSize in 0ms
10-22 20:20:39.677  4293  4396 W fb4a.AppInitScheduler|Run: Running LogController
10-22 20:20:39.685  4293  4388 W fb4a.AppInitScheduler|Run:   Finished InitAuthentication in 161ms
10-22 20:20:39.686  4293  4388 W fb4a.AppInitScheduler|Run: Running MobileConfigAdminIdInit [*]
10-22 20:20:39.687  4293  4380 W fb4a.AppInitScheduler|Run:   Finished LazyCustomErrorDataInitializer in 10ms
10-22 20:20:39.687  4293  4388 W fb4a.AppInitScheduler|Run:   Finished MobileConfigAdminIdInit in 2ms
10-22 20:20:39.687  4293  4380 W fb4a.AppInitScheduler|Run: Running MobileConfigInit [*]
10-22 20:20:39.687  4293  4388 W fb4a.AppInitScheduler|Run: Running EagerInitTigonLiger
10-22 20:20:39.691  4293  4379 W fb4a.AppInitScheduler|Run:   Finished InitHelium in 83ms
10-22 20:20:39.691  4293  4379 W fb4a.AppInitScheduler|Run: Running ErrorReporterSecondaryInit
10-22 20:20:39.706  4293  4394 W fb4a.FrscLanguagePackLoader: Loading FRSC strings for locale (en_GB)
10-22 20:20:39.711  3542  3714 I BatteryMgr:DataCollectionService: stats => 1697998839711,-512,4308,-346,0,100
10-22 20:20:39.716  4293  4394 W fb4a.AppInitScheduler|Run:   Finished StringResourcesDelegate in 74ms
10-22 20:20:39.716  4293  4394 W fb4a.AppInitScheduler|Run: Running INeedInitForSharedPrefsListenerRegister
10-22 20:20:39.727  3957  4129 D WifiStateMachine:  ConnectedState !RSSI_PKTCNT_FETCH uid=1000 rt=605246310/1661221783 0 0 "ourhome" f4:6d:2f:12:cc:88 rssi=-48 f=5240 sc=60 link=433 tx=2.6, 0.0, 0.0  rx=3.1 bcn=616671 [on:0 tx:0 rx:0 period:996] from screen [on:671749 period:3783394] score=60
10-22 20:20:39.728  3957  4129 D WifiStateMachine:  L2ConnectedState !RSSI_PKTCNT_FETCH uid=1000 rt=605246312/1661221785 0 0 "ourhome" f4:6d:2f:12:cc:88 rssi=-48 f=5240 sc=60 link=433 tx=2.6, 0.0, 0.0  rx=3.1 bcn=616671 [on:0 tx:0 rx:0 period:2] from screen [on:671749 period:3783396] score=60
10-22 20:20:39.735  3957  4129 D WifiStateMachine: fetchRssiLinkSpeedAndFrequencyNative rssi=-46 linkspeed=433 freq=5240
10-22 20:20:39.735  3957  4129 V WifiConfigManager: Updating scan detail cache freq=5240 BSSID=f4:6d:2f:12:cc:88 RSSI=-46 for "ourhome"WPA_PSK
10-22 20:20:39.739  4293  4393 W fb4a.AppInitScheduler|Run:   Finished FixieActivityManagerHook in 197ms
10-22 20:20:39.739  4293  4393 W fb4a.AppInitScheduler|Run: Running RegisterFrameRateTraceListener
10-22 20:20:39.739  4293  4393 W fb4a.AppInitScheduler|Run:   Finished RegisterFrameRateTraceListener in 0ms
10-22 20:20:39.740  4293  4393 W fb4a.AppInitScheduler|Run: Running RegisterMainLooperTracer
10-22 20:20:39.744  4293  4393 W fb4a.AppInitScheduler|Run:   Finished RegisterMainLooperTracer in 1ms
10-22 20:20:39.745  4293  4393 W fb4a.AppInitScheduler|Run: Running ReleaseDeferredBroadcastReceiver
