10-22 20:24:18.388  3957  4129 V WifiConfigManager: Updating scan detail cache freq=5240 BSSID=f4:6d:2f:12:cc:88 RSSI=-46 for "ourhome"WPA_PSK
10-22 20:24:18.391  4340  4340 E SignalClusterView: setSlotFocusVisible : subId -2
10-22 20:24:18.391  4340  4340 E SignalClusterView: setSlotFocusVisible : subId -2
10-22 20:24:18.392  5342  5675 I BatteryMgr:DataCollectionService: stats => 1697999058392,-317,4308,-203,0,100
10-22 20:24:18.499  5342  5675 I BatteryMgr:DataCollectionService: stats => 1697999058499,-317,4308,-203,0,100
10-22 20:24:18.606  5342  5675 I BatteryMgr:DataCollectionService: stats => 1697999058606,-317,4308,-203,0,100
10-22 20:24:18.712  5342  5675 I BatteryMgr:DataCollectionService: stats => 1697999058712,-317,4308,-203,0,100
10-22 20:24:18.819  5342  5675 I BatteryMgr:DataCollectionService: stats => 1697999058819,-317,4308,-203,0,100
10-22 20:24:18.923  5342  5675 I BatteryMgr:DataCollectionService: stats => 1697999058923,-317,4308,-203,0,100
10-22 20:24:19.028  3957  4129 D WifiStateMachine:  ConnectedState !RSSI_PKTCNT_FETCH uid=1000 rt=605465610/1661441083 0 0 "ourhome" f4:6d:2f:12:cc:88 rssi=-46 f=5240 sc=60 link=433 tx=1.5, 0.0, 0.0  rx=6.5 bcn=618732 [on:0 tx:0 rx:0 period:638] from screen [on:725171 period:4002696] score=60
10-22 20:24:19.034  3957  4129 D WifiStateMachine:  L2ConnectedState !RSSI_PKTCNT_FETCH uid=1000 rt=605465617/1661441090 0 0 "ourhome" f4:6d:2f:12:cc:88 rssi=-46 f=5240 sc=60 link=433 tx=1.5, 0.0, 0.0  rx=6.5 bcn=618732 [on:0 tx:0 rx:0 period:5] from screen [on:725171 period:4002701] score=60
10-22 20:24:19.037  5342  5675 I BatteryMgr:DataCollectionService: stats => 1697999059037,-317,4308,-203,0,100
10-22 20:24:19.037  3957  4129 D WifiStateMachine: fetchRssiLinkSpeedAndFrequencyNative rssi=-46 linkspeed=433 freq=5240
10-22 20:24:19.037  3957  4129 V WifiConfigManager: Updating scan detail cache freq=5240 BSSID=f4:6d:2f:12:cc:88 RSSI=-46 for "ourhome"WPA_PSK
10-22 20:24:19.142  5342  5675 I BatteryMgr:DataCollectionService: stats => 1697999059142,-317,4308,-203,0,100
10-22 20:24:19.210  3957  4128 D WifiService: getConnectionInfo uid=1000
10-22 20:24:19.249  5342  5675 I BatteryMgr:DataCollectionService: stats => 1697999059249,-317,4308,-203,0,100
10-22 20:24:19.357  5342  5675 I BatteryMgr:DataCollectionService: stats => 1697999059357,-317,4308,-203,0,100
10-22 20:24:19.463  5342  5675 I BatteryMgr:DataCollectionService: stats => 1697999059463,-317,4308,-203,0,100
10-22 20:24:19.571  5342  5675 I BatteryMgr:DataCollectionService: stats => 1697999059571,-317,4308,-203,0,100
10-22 20:24:19.675  5342  5675 I BatteryMgr:DataCollectionService: stats => 1697999059675,-317,4308,-203,0,100
10-22 20:24:19.782  5342  5675 I BatteryMgr:DataCollectionService: stats => 1697999059782,-209,4308,-238,0,100
10-22 20:24:19.889  5342  5675 I BatteryMgr:DataCollectionService: stats => 1697999059888,-209,4308,-238,0,100
10-22 20:24:19.995  5342  5675 I BatteryMgr:DataCollectionService: stats => 1697999059995,-209,4308,-238,0,100
10-22 20:24:20.028  3957  4129 D WifiStateMachine:  ConnectedState !RSSI_PKTCNT_FETCH uid=1000 rt=605466612/1661442084 0 0 "ourhome" f4:6d:2f:12:cc:88 rssi=-46 f=5240 sc=60 link=433 tx=1.5, 0.0, 0.0  rx=6.5 bcn=618732 [on:0 tx:0 rx:0 period:995] from screen [on:725171 period:4003696] score=60
10-22 20:24:20.029  3957  4129 D WifiStateMachine:  L2ConnectedState !RSSI_PKTCNT_FETCH uid=1000 rt=605466613/1661442086 0 0 "ourhome" f4:6d:2f:12:cc:88 rssi=-46 f=5240 sc=60 link=433 tx=1.5, 0.0, 0.0  rx=6.5 bcn=618732 [on:0 tx:0 rx:0 period:1] from screen [on:725171 period:4003697] score=60
10-22 20:24:20.035  3957  4129 D WifiStateMachine: fetchRssiLinkSpeedAndFrequencyNative rssi=-45 linkspeed=433 freq=5240
10-22 20:24:20.035  3957  4129 V WifiConfigManager: Updating scan detail cache freq=5240 BSSID=f4:6d:2f:12:cc:88 RSSI=-45 for "ourhome"WPA_PSK
10-22 20:24:20.101  5342  5675 I BatteryMgr:DataCollectionService: stats => 1697999060101,-209,4308,-238,0,100
10-22 20:24:20.208  5342  5675 I BatteryMgr:DataCollectionService: stats => 1697999060208,-209,4308,-238,0,100
10-22 20:24:20.212  3957  4128 D WifiService: getConnectionInfo uid=1000
10-22 20:24:20.249  3957  3967 D BatteryService: !@BatteryListener : batteryPropertiesChanged!
10-22 20:24:20.314  5342  5675 I BatteryMgr:DataCollectionService: stats => 1697999060314,-209,4308,-238,0,100
10-22 20:24:20.333  4340  4731 D NetworkController.MobileSignalController(0/-2): onSignalStrengthsChanged signalStrength=SignalStrength: 19 99 -19 -200 -19 -200 -1 99 2147483647 2147483647 2147483647 2147483647 0 2147483647 0x4 P gsm|lte level=4
10-22 20:24:20.333  4340  4731 D NetworkController.MobileSignalController(0/-2): getMobileIconGroup(): 0
10-22 20:24:20.422  5342  5675 I BatteryMgr:DataCollectionService: stats => 1697999060422,-209,4308,-238,0,100
10-22 20:24:20.527  5342  5675 I BatteryMgr:DataCollectionService: stats => 1697999060527,-209,4308,-238,0,100
10-22 20:24:20.637  5342  5675 I BatteryMgr:DataCollectionService: stats => 1697999060637,-209,4308,-238,0,100
10-22 20:24:20.743  5342  5675 I BatteryMgr:DataCollectionService: stats => 1697999060743,-209,4308,-238,0,100
10-22 20:24:20.851  5342  5675 I BatteryMgr:DataCollectionService: stats => 1697999060850,-209,4308,-238,0,100
10-22 20:24:20.956  5342  5675 I BatteryMgr:DataCollectionService: stats => 1697999060956,-209,4308,-238,0,100
10-22 20:24:21.029  3957  4129 D WifiStateMachine:  ConnectedState !RSSI_PKTCNT_FETCH uid=1000 rt=605467613/1661443086 0 0 "ourhome" f4:6d:2f:12:cc:88 rssi=-45 f=5240 sc=60 link=433 tx=1.5, 0.0, 0.0  rx=6.5 bcn=618732 [on:0 tx:0 rx:0 period:1000] from screen [on:725171 period:4004697] score=60
10-22 20:24:21.031  3957  4129 D WifiStateMachine:  L2ConnectedState !RSSI_PKTCNT_FETCH uid=1000 rt=605467615/1661443087 0 0 "ourhome" f4:6d:2f:12:cc:88 rssi=-45 f=5240 sc=60 link=433 tx=1.5, 0.0, 0.0  rx=6.5 bcn=618732 [on:0 tx:0 rx:0 period:1] from screen [on:725171 period:4004698] score=60
10-22 20:24:21.036  3957  4129 D WifiStateMachine: fetchRssiLinkSpeedAndFrequencyNative rssi=-45 linkspeed=433 freq=5240
10-22 20:24:21.036  3957  4129 V WifiConfigManager: Updating scan detail cache freq=5240 BSSID=f4:6d:2f:12:cc:88 RSSI=-45 for "ourhome"WPA_PSK
10-22 20:24:21.064  5342  5675 I BatteryMgr:DataCollectionService: stats => 1697999061064,-209,4308,-238,0,100
10-22 20:24:21.171  5342  5675 I BatteryMgr:DataCollectionService: stats => 1697999061171,-209,4308,-238,0,100
10-22 20:24:21.214  3957  4128 D WifiService: getConnectionInfo uid=1000
10-22 20:24:21.277  5342  5675 I BatteryMgr:DataCollectionService: stats => 1697999061277,-209,4308,-238,0,100
10-22 20:24:21.382  5342  5675 I BatteryMgr:DataCollectionService: stats => 1697999061382,-209,4308,-238,0,100
10-22 20:24:21.390  3957  4129 D WifiStateMachine:  ConnectedState !CMD_RSSI_POLL rt=605467975/1661443447 122 0 "ourhome" f4:6d:2f:12:cc:88 rssi=-45 f=5240 sc=60 link=433 tx=1.5, 0.0, 0.0  rx=6.5 bcn=618732 [on:0 tx:0 rx:0 period:360] from screen [on:725171 period:4005058] score=60
10-22 20:24:21.391  3957  4129 D WifiStateMachine:  L2ConnectedState !CMD_RSSI_POLL rt=605467976/1661443449 122 0 "ourhome" f4:6d:2f:12:cc:88 rssi=-45 f=5240 sc=60 link=433 tx=1.5, 0.0, 0.0  rx=6.5 bcn=618732 [on:0 tx:0 rx:0 period:1] from screen [on:725171 period:4005059] score=60
10-22 20:24:21.392  3957  4129 D WifiStateMachine:  get link layer stats 3
10-22 20:24:21.392  3436  3436 I android.hardware.wifi@1.0-service: getLinkLayerStats
10-22 20:24:21.410  3957  4129 D WifiStateMachine: fetchRssiLinkSpeedAndFrequencyNative rssi=-46 linkspeed=433 freq=5240
10-22 20:24:21.410  3957  4129 V WifiConfigManager: Updating scan detail cache freq=5240 BSSID=f4:6d:2f:12:cc:88 RSSI=-45 for "ourhome"WPA_PSK
10-22 20:24:21.414  4340  4340 E SignalClusterView: setSlotFocusVisible : subId -2
10-22 20:24:21.414  4340  4340 E SignalClusterView: setSlotFocusVisible : subId -2
10-22 20:24:21.488  5342  5675 I BatteryMgr:DataCollectionService: stats => 1697999061488,-209,4308,-238,0,100
10-22 20:24:21.493  4961  4961 D io_stats: !@ 179,0 r 10352476 340262376 w 2180917 42597324 d 175773 37354548 f 642391 667957 iot 4723592 4068666 th 51200 0 0 pt 0 inp 0 0 605468.078
10-22 20:24:21.594  5342  5675 I BatteryMgr:DataCollectionService: stats => 1697999061594,-209,4308,-238,0,100
10-22 20:24:21.701  5342  5675 I BatteryMgr:DataCollectionService: stats => 1697999061701,-209,4308,-238,0,100
10-22 20:24:21.806  5342  5675 I BatteryMgr:DataCollectionService: stats => 1697999061806,-209,4308,-238,0,100
10-22 20:24:21.911  5342  5675 I BatteryMgr:DataCollectionService: stats => 1697999061911,-209,4308,-238,0,100
10-22 20:24:22.017  5342  5675 I BatteryMgr:DataCollectionService: stats => 1697999062017,-209,4308,-238,0,100
10-22 20:24:22.030  3957  4129 D WifiStateMachine:  ConnectedState !RSSI_PKTCNT_FETCH uid=1000 rt=605468614/1661444086 0 0 "ourhome" f4:6d:2f:12:cc:88 rssi=-46 f=5240 sc=60 link=433 tx=0.6, 0.0, 0.0  rx=4.9 bcn=618762 [on:0 tx:0 rx:0 period:618] from screen [on:725577 period:4005698] score=60
10-22 20:24:22.031  3957  4129 D WifiStateMachine:  L2ConnectedState !RSSI_PKTCNT_FETCH uid=1000 rt=605468616/1661444088 0 0 "ourhome" f4:6d:2f:12:cc:88 rssi=-46 f=5240 sc=60 link=433 tx=0.6, 0.0, 0.0  rx=4.9 bcn=618762 [on:0 tx:0 rx:0 period:1] from screen [on:725577 period:4005699] score=60
10-22 20:24:22.037  3957  4129 D WifiStateMachine: fetchRssiLinkSpeedAndFrequencyNative rssi=-45 linkspeed=433 freq=5240
10-22 20:24:22.037  3957  4129 V WifiConfigManager: Updating scan detail cache freq=5240 BSSID=f4:6d:2f:12:cc:88 RSSI=-45 for "ourhome"WPA_PSK
10-22 20:24:22.123  5342  5675 I BatteryMgr:DataCollectionService: stats => 1697999062123,-209,4308,-238,0,100
10-22 20:24:22.216  3957  4128 D WifiService: getConnectionInfo uid=1000
10-22 20:24:22.229  5342  5675 I BatteryMgr:DataCollectionService: stats => 1697999062229,-209,4308,-238,0,100
10-22 20:24:22.337  3957  4030 D SensorService: [SO] 0.230 -0.105 9.950
10-22 20:24:22.338  5342  5675 I BatteryMgr:DataCollectionService: stats => 1697999062337,-209,4308,-238,0,100
10-22 20:24:22.444  5342  5675 I BatteryMgr:DataCollectionService: stats => 1697999062444,-209,4308,-238,0,100
10-22 20:24:22.551  5342  5675 I BatteryMgr:DataCollectionService: stats => 1697999062551,-209,4308,-238,0,100
10-22 20:24:22.555  3957  4306 D WifiConnectivityMonitor:  [|219] []
10-22 20:24:22.614  9273  9310 D ScanRecord: Not a Multi Manu data
10-22 20:24:22.659  9273  9310 I chatty  : uid=1002(bluetooth) identical 64 lines
10-22 20:24:22.659  9273  9310 D ScanRecord: Not a Multi Manu data
10-22 20:24:22.659  5342  5675 I BatteryMgr:DataCollectionService: stats => 1697999062659,-209,4308,-238,0,100
10-22 20:24:22.668  9273  9310 D ScanRecord: Not a Multi Manu data
10-22 20:24:22.729  9273  9310 I chatty  : uid=1002(bluetooth) identical 119 lines
10-22 20:24:22.729  9273  9310 D ScanRecord: Not a Multi Manu data
10-22 20:24:22.765  5342  5675 I BatteryMgr:DataCollectionService: stats => 1697999062764,-209,4308,-238,0,100
10-22 20:24:22.771  9273  9310 D ScanRecord: Not a Multi Manu data
10-22 20:24:22.829  9273  9310 I chatty  : uid=1002(bluetooth) identical 108 lines
10-22 20:24:22.829  9273  9310 D ScanRecord: Not a Multi Manu data
10-22 20:24:22.873  5342  5675 I BatteryMgr:DataCollectionService: stats => 1697999062872,-209,4308,-238,0,100
10-22 20:24:22.873  9273  9310 D ScanRecord: Not a Multi Manu data
10-22 20:24:22.982  9273  9310 I chatty  : uid=1002(bluetooth) identical 108 lines
10-22 20:24:22.982  9273  9310 D ScanRecord: Not a Multi Manu data
10-22 20:24:22.983  5342  5675 I BatteryMgr:DataCollectionService: stats => 1697999062983,-209,4308,-238,0,100
10-22 20:24:22.987  9273  9310 D ScanRecord: Not a Multi Manu data
10-22 20:24:23.033  3957  4129 D WifiStateMachine:  ConnectedState !RSSI_PKTCNT_FETCH uid=1000 rt=605469616/1661445089 0 0 "ourhome" f4:6d:2f:12:cc:88 rssi=-45 f=5240 sc=60 link=433 tx=0.6, 0.0, 0.0  rx=4.9 bcn=618762 [on:0 tx:0 rx:0 period:1001] from screen [on:725577 period:4006700] score=60
10-22 20:24:23.033  9273  9310 I chatty  : uid=1002(bluetooth) expire 64 lines
10-22 20:24:23.033  9273  9310 D ScanRecord: Not a Multi Manu data
10-22 20:24:23.036  3957  4129 D WifiStateMachine:  L2ConnectedState !RSSI_PKTCNT_FETCH uid=1000 rt=605469618/1661445091 0 0 "ourhome" f4:6d:2f:12:cc:88 rssi=-45 f=5240 sc=60 link=433 tx=0.6, 0.0, 0.0  rx=4.9 bcn=618762 [on:0 tx:0 rx:0 period:4] from screen [on:725577 period:4006704] score=60
10-22 20:24:23.037  9273  9310 D ScanRecord: Not a Multi Manu data
10-22 20:24:23.038  9273  9310 I chatty  : uid=1002(bluetooth) identical 9 lines
10-22 20:24:23.038  9273  9310 D ScanRecord: Not a Multi Manu data
10-22 20:24:23.038  3957  4129 D WifiStateMachine: fetchRssiLinkSpeedAndFrequencyNative rssi=-48 linkspeed=433 freq=5240
10-22 20:24:23.038  3957  4129 V WifiConfigManager: Updating scan detail cache freq=5240 BSSID=f4:6d:2f:12:cc:88 RSSI=-46 for "ourhome"WPA_PSK
10-22 20:24:23.044  9273  9310 D ScanRecord: Not a Multi Manu data
10-22 20:24:23.093  9273  9310 I chatty  : uid=1002(bluetooth) identical 64 lines
10-22 20:24:23.093  9273  9310 D ScanRecord: Not a Multi Manu data
10-22 20:24:23.093  5342  5675 I BatteryMgr:DataCollectionService: stats => 1697999063093,-209,4308,-238,0,100
10-22 20:24:23.203  5342  5675 I BatteryMgr:DataCollectionService: stats => 1697999063202,-209,4308,-238,0,100
10-22 20:24:23.219  3957  4128 D WifiService: getConnectionInfo uid=1000
10-22 20:24:23.309  5342  5675 I BatteryMgr:DataCollectionService: stats => 1697999063308,-209,4308,-238,0,100
10-22 20:24:23.418  5342  5675 I BatteryMgr:DataCollectionService: stats => 1697999063418,-209,4308,-238,0,100
10-22 20:24:23.526  5342  5675 I BatteryMgr:DataCollectionService: stats => 1697999063526,-209,4308,-238,0,100
10-22 20:24:23.631  5342  5675 I BatteryMgr:DataCollectionService: stats => 1697999063630,-209,4308,-238,0,100
10-22 20:24:23.741  5342  5675 I BatteryMgr:DataCollectionService: stats => 1697999063741,-209,4308,-238,0,100
10-22 20:24:23.848  5342  5675 I BatteryMgr:DataCollectionService: stats => 1697999063848,-209,4308,-238,0,100
10-22 20:24:23.957  5342  5675 I BatteryMgr:DataCollectionService: stats => 1697999063957,-209,4308,-238,0,100
10-22 20:24:24.034  3957  4129 D WifiStateMachine:  ConnectedState !RSSI_PKTCNT_FETCH uid=1000 rt=605470618/1661446090 0 0 "ourhome" f4:6d:2f:12:cc:88 rssi=-48 f=5240 sc=60 link=433 tx=0.6, 0.0, 0.0  rx=4.9 bcn=618762 [on:0 tx:0 rx:0 period:997] from screen [on:725577 period:4007701] score=60
10-22 20:24:24.035  3957  4129 D WifiStateMachine:  L2ConnectedState !RSSI_PKTCNT_FETCH uid=1000 rt=605470619/1661446092 0 0 "ourhome" f4:6d:2f:12:cc:88 rssi=-48 f=5240 sc=60 link=433 tx=0.6, 0.0, 0.0  rx=4.9 bcn=618762 [on:0 tx:0 rx:0 period:2] from screen [on:725577 period:4007703] score=60
10-22 20:24:24.041  3957  4129 D WifiStateMachine: fetchRssiLinkSpeedAndFrequencyNative rssi=-47 linkspeed=433 freq=5240
10-22 20:24:24.041  3957  4129 V WifiConfigManager: Updating scan detail cache freq=5240 BSSID=f4:6d:2f:12:cc:88 RSSI=-46 for "ourhome"WPA_PSK
10-22 20:24:24.062  5342  5675 I BatteryMgr:DataCollectionService: stats => 1697999064062,-209,4308,-238,0,100
10-22 20:24:24.168  5342  5675 I BatteryMgr:DataCollectionService: stats => 1697999064167,-209,4308,-238,0,100
10-22 20:24:24.221  3957  4128 D WifiService: getConnectionInfo uid=1000
10-22 20:24:24.274  5342  5675 I BatteryMgr:DataCollectionService: stats => 1697999064274,-209,4308,-238,0,100
10-22 20:24:24.379  5342  5675 I BatteryMgr:DataCollectionService: stats => 1697999064379,-209,4308,-238,0,100
10-22 20:24:24.412  3957  4129 D WifiStateMachine:  ConnectedState !CMD_RSSI_POLL rt=605470997/1661446469 122 0 "ourhome" f4:6d:2f:12:cc:88 rssi=-47 f=5240 sc=60 link=433 tx=0.6, 0.0, 0.0  rx=4.9 bcn=618762 [on:0 tx:0 rx:0 period:377] from screen [on:725577 period:4008080] score=60
10-22 20:24:24.414  3957  4129 D WifiStateMachine:  L2ConnectedState !CMD_RSSI_POLL rt=605470998/1661446471 122 0 "ourhome" f4:6d:2f:12:cc:88 rssi=-47 f=5240 sc=60 link=433 tx=0.6, 0.0, 0.0  rx=4.9 bcn=618762 [on:0 tx:0 rx:0 period:2] from screen [on:725577 period:4008082] score=60
10-22 20:24:24.414  3957  4129 D WifiStateMachine:  get link layer stats 3
10-22 20:24:24.415  3436  3436 I android.hardware.wifi@1.0-service: getLinkLayerStats
10-22 20:24:24.435  3957  4129 D WifiStateMachine: fetchRssiLinkSpeedAndFrequencyNative rssi=-47 linkspeed=433 freq=5240
10-22 20:24:24.435  3957  4129 V WifiConfigManager: Updating scan detail cache freq=5240 BSSID=f4:6d:2f:12:cc:88 RSSI=-46 for "ourhome"WPA_PSK
10-22 20:24:24.439  4340  4340 E SignalClusterView: setSlotFocusVisible : subId -2
10-22 20:24:24.439  4340  4340 E SignalClusterView: setSlotFocusVisible : subId -2
10-22 20:24:24.489  5342  5675 I BatteryMgr:DataCollectionService: stats => 1697999064489,-209,4308,-238,0,100
10-22 20:24:24.597  5342  5675 I BatteryMgr:DataCollectionService: stats => 1697999064597,-209,4308,-238,0,100
10-22 20:24:24.704  5342  5675 I BatteryMgr:DataCollectionService: stats => 1697999064704,-209,4308,-238,0,100
10-22 20:24:24.811  5342  5675 I BatteryMgr:DataCollectionService: stats => 1697999064811,-209,4308,-238,0,100
10-22 20:24:24.918  5342  5675 I BatteryMgr:DataCollectionService: stats => 1697999064918,-209,4308,-238,0,100
10-22 20:24:25.024  5342  5675 I BatteryMgr:DataCollectionService: stats => 1697999065024,-209,4308,-238,0,100
10-22 20:24:25.035  3957  4129 D WifiStateMachine:  ConnectedState !RSSI_PKTCNT_FETCH uid=1000 rt=605471619/1661447091 0 0 "ourhome" f4:6d:2f:12:cc:88 rssi=-47 f=5240 sc=60 link=433 tx=2.7, 0.0, 0.0  rx=17.0 bcn=618790 [on:0 tx:0 rx:0 period:597] from screen [on:726317 period:4008703] score=60
10-22 20:24:25.036  3957  4129 D WifiStateMachine:  L2ConnectedState !RSSI_PKTCNT_FETCH uid=1000 rt=605471621/1661447093 0 0 "ourhome" f4:6d:2f:12:cc:88 rssi=-47 f=5240 sc=60 link=433 tx=2.7, 0.0, 0.0  rx=17.0 bcn=618790 [on:0 tx:0 rx:0 period:1] from screen [on:726317 period:4008704] score=60
10-22 20:24:25.038  3957  4129 D WifiStateMachine: fetchRssiLinkSpeedAndFrequencyNative rssi=-47 linkspeed=433 freq=5240
10-22 20:24:25.038  3957  4129 V WifiConfigManager: Updating scan detail cache freq=5240 BSSID=f4:6d:2f:12:cc:88 RSSI=-46 for "ourhome"WPA_PSK
10-22 20:24:25.129  5342  5675 I BatteryMgr:DataCollectionService: stats => 1697999065129,-209,4308,-238,0,100
10-22 20:24:25.224  3957  4128 D WifiService: getConnectionInfo uid=1000
10-22 20:24:25.236  5342  5675 I BatteryMgr:DataCollectionService: stats => 1697999065236,-209,4308,-238,0,100
10-22 20:24:25.344  5342  5675 I BatteryMgr:DataCollectionService: stats => 1697999065344,-209,4308,-238,0,100
10-22 20:24:25.450  5342  5675 I BatteryMgr:DataCollectionService: stats => 1697999065450,-209,4308,-238,0,100
10-22 20:24:25.559  5342  5675 I BatteryMgr:DataCollectionService: stats => 1697999065559,-209,4308,-238,0,100
10-22 20:24:25.666  5342  5675 I BatteryMgr:DataCollectionService: stats => 1697999065666,-209,4308,-238,0,100
10-22 20:24:25.772  5342  5675 I BatteryMgr:DataCollectionService: stats => 1697999065772,-209,4308,-238,0,100
10-22 20:24:25.878  5342  5675 I BatteryMgr:DataCollectionService: stats => 1697999065878,-209,4308,-238,0,100
10-22 20:24:25.983  5342  5675 I BatteryMgr:DataCollectionService: stats => 1697999065982,-209,4308,-238,0,100
10-22 20:24:26.036  3957  4129 D WifiStateMachine:  ConnectedState !RSSI_PKTCNT_FETCH uid=1000 rt=605472620/1661448093 0 0 "ourhome" f4:6d:2f:12:cc:88 rssi=-47 f=5240 sc=60 link=433 tx=2.7, 0.0, 0.0  rx=17.0 bcn=618790 [on:0 tx:0 rx:0 period:1000] from screen [on:726317 period:4009704] score=60
10-22 20:24:26.037  3957  4129 D WifiStateMachine:  L2ConnectedState !RSSI_PKTCNT_FETCH uid=1000 rt=605472622/1661448094 0 0 "ourhome" f4:6d:2f:12:cc:88 rssi=-47 f=5240 sc=60 link=433 tx=2.7, 0.0, 0.0  rx=17.0 bcn=618790 [on:0 tx:0 rx:0 period:1] from screen [on:726317 period:4009705] score=60
10-22 20:24:26.043  3957  4129 D WifiStateMachine: fetchRssiLinkSpeedAndFrequencyNative rssi=-46 linkspeed=433 freq=5240
10-22 20:24:26.043  3957  4129 V WifiConfigManager: Updating scan detail cache freq=5240 BSSID=f4:6d:2f:12:cc:88 RSSI=-46 for "ourhome"WPA_PSK
10-22 20:24:26.090  5342  5675 I BatteryMgr:DataCollectionService: stats => 1697999066090,-209,4308,-238,0,100
10-22 20:24:26.195  5342  5675 I BatteryMgr:DataCollectionService: stats => 1697999066195,-209,4308,-238,0,100
10-22 20:24:26.226  3957  4128 D WifiService: getConnectionInfo uid=1000
10-22 20:24:26.303  5342  5675 I BatteryMgr:DataCollectionService: stats => 1697999066303,-209,4308,-238,0,100
10-22 20:24:26.410  5342  5675 I BatteryMgr:DataCollectionService: stats => 1697999066410,-209,4308,-238,0,100
10-22 20:24:26.495  4961  4961 D io_stats: !@ 179,0 r 10352584 340264692 w 2180920 42597424 d 175773 37354548 f 642391 667957 iot 4723608 4068694 th 51200 0 0 pt 0 inp 0 0 605473.080
10-22 20:24:26.515  5342  5675 I BatteryMgr:DataCollectionService: stats => 1697999066514,-209,4308,-238,0,100
10-22 20:24:26.624  5342  5675 I BatteryMgr:DataCollectionService: stats => 1697999066623,-209,4308,-238,0,100
10-22 20:24:26.729  5342  5675 I BatteryMgr:DataCollectionService: stats => 1697999066729,-209,4308,-238,0,100
10-22 20:24:26.835  5342  5675 I BatteryMgr:DataCollectionService: stats => 1697999066835,-209,4308,-238,0,100
10-22 20:24:26.902  5342  5353 I zygote64: Background concurrent copying GC freed 39064(1419KB) AllocSpace objects, 0(0B) LOS objects, 66% free, 757KB/2MB, paused 6.447ms total 67.111ms
10-22 20:24:26.942  5342  5675 I BatteryMgr:DataCollectionService: stats => 1697999066942,-209,4308,-238,0,100
10-22 20:24:27.037  3957  4129 D WifiStateMachine:  ConnectedState !RSSI_PKTCNT_FETCH uid=1000 rt=605473621/1661449094 0 0 "ourhome" f4:6d:2f:12:cc:88 rssi=-46 f=5240 sc=60 link=433 tx=2.7, 0.0, 0.0  rx=17.0 bcn=618790 [on:0 tx:0 rx:0 period:999] from screen [on:726317 period:4010704] score=60
10-22 20:24:27.038  3957  4129 D WifiStateMachine:  L2ConnectedState !RSSI_PKTCNT_FETCH uid=1000 rt=605473622/1661449095 0 0 "ourhome" f4:6d:2f:12:cc:88 rssi=-46 f=5240 sc=60 link=433 tx=2.7, 0.0, 0.0  rx=17.0 bcn=618790 [on:0 tx:0 rx:0 period:2] from screen [on:726317 period:4010706] score=60
10-22 20:24:27.040  3957  4129 D WifiStateMachine: fetchRssiLinkSpeedAndFrequencyNative rssi=-46 linkspeed=433 freq=5240
10-22 20:24:27.040  3957  4129 V WifiConfigManager: Updating scan detail cache freq=5240 BSSID=f4:6d:2f:12:cc:88 RSSI=-46 for "ourhome"WPA_PSK
10-22 20:24:27.041  3957  6478 D SSRM:k  : SIOP:: AP = 460, PST = 408 (W:10), BAT = 328, USB = 0, CHG = 0
10-22 20:24:27.049  5342  5675 I BatteryMgr:DataCollectionService: stats => 1697999067049,-209,4308,-238,0,100
10-22 20:24:27.156  5342  5675 I BatteryMgr:DataCollectionService: stats => 1697999067155,-209,4308,-238,0,100
10-22 20:24:27.228  3957  4128 D WifiService: getConnectionInfo uid=1000
10-22 20:24:27.262  5342  5675 I BatteryMgr:DataCollectionService: stats => 1697999067261,-209,4308,-238,0,100
10-22 20:24:27.366  5342  5675 I BatteryMgr:DataCollectionService: stats => 1697999067366,-209,4308,-238,0,100
10-22 20:24:27.438  3957  4129 D WifiStateMachine:  ConnectedState !CMD_RSSI_POLL rt=605474022/1661449494 122 0 "ourhome" f4:6d:2f:12:cc:88 rssi=-46 f=5240 sc=60 link=433 tx=2.7, 0.0, 0.0  rx=17.0 bcn=618790 [on:0 tx:0 rx:0 period:399] from screen [on:726317 period:4011105] score=60
10-22 20:24:27.440  3957  4129 D WifiStateMachine:  L2ConnectedState !CMD_RSSI_POLL rt=605474023/1661449496 122 0 "ourhome" f4:6d:2f:12:cc:88 rssi=-46 f=5240 sc=60 link=433 tx=2.7, 0.0, 0.0  rx=17.0 bcn=618790 [on:0 tx:0 rx:0 period:3] from screen [on:726317 period:4011108] score=60
10-22 20:24:27.440  3957  4129 D WifiStateMachine:  get link layer stats 3
10-22 20:24:27.440  3436  3436 I android.hardware.wifi@1.0-service: getLinkLayerStats
10-22 20:24:27.458  3957  4129 D WifiStateMachine: fetchRssiLinkSpeedAndFrequencyNative rssi=-46 linkspeed=433 freq=5240
10-22 20:24:27.459  3957  4129 V WifiConfigManager: Updating scan detail cache freq=5240 BSSID=f4:6d:2f:12:cc:88 RSSI=-46 for "ourhome"WPA_PSK
10-22 20:24:27.463  4340  4340 E SignalClusterView: setSlotFocusVisible : subId -2
10-22 20:24:27.463  4340  4340 E SignalClusterView: setSlotFocusVisible : subId -2
10-22 20:24:27.473  5342  5675 I BatteryMgr:DataCollectionService: stats => 1697999067473,-209,4308,-238,0,100
10-22 20:24:27.580  5342  5675 I BatteryMgr:DataCollectionService: stats => 1697999067580,-209,4308,-238,0,100
10-22 20:24:27.600  9273  9310 D ScanRecord: Not a Multi Manu data
10-22 20:24:27.614  9273  9310 I chatty  : uid=1002(bluetooth) identical 53 lines
10-22 20:24:27.614  9273  9310 D ScanRecord: Not a Multi Manu data
10-22 20:24:27.616  5388  5399 I zygote64: Background concurrent copying GC freed 260352(7MB) AllocSpace objects, 0(0B) LOS objects, 50% free, 6MB/13MB, paused 2.604ms total 197.576ms
10-22 20:24:27.620  9273  9310 D ScanRecord: Not a Multi Manu data
10-22 20:24:27.687  9273  9310 I chatty  : uid=1002(bluetooth) identical 130 lines
10-22 20:24:27.687  9273  9310 D ScanRecord: Not a Multi Manu data
10-22 20:24:27.689  5342  5675 I BatteryMgr:DataCollectionService: stats => 1697999067688,-209,4308,-238,0,100
10-22 20:24:27.689  9273  9310 D ScanRecord: Not a Multi Manu data
10-22 20:24:27.761  9273  9310 I chatty  : uid=1002(bluetooth) identical 97 lines
10-22 20:24:27.761  9273  9310 D ScanRecord: Not a Multi Manu data
10-22 20:24:27.772  3957  3980 W StorageManager: getStorageFullBytes DEFAULT_FULL_THRESHOLD_BYTES : 20971520, threadhold : 20971520
10-22 20:24:27.773  3957  3980 W StorageManager: getStorageLowBytes lowPercent : 5, lowBytes : 1260145254, maxLowBytes : 524288000
10-22 20:24:27.778  3957  3980 W DeviceStorageMonitorService: updateBroadcasts(/data) oldLevel:0, newLevel:0, seq:1
10-22 20:24:27.779  3957  3980 W DeviceStorageMonitorService: updateBroadcasts_filenode(/data) fn_oldLevel:0, fn_newLevel:0, seq:1
10-22 20:24:27.794  5342  5675 I BatteryMgr:DataCollectionService: stats => 1697999067793,-209,4308,-238,0,100
10-22 20:24:27.799  9273  9310 D ScanRecord: Not a Multi Manu data
10-22 20:24:27.876  9273  9310 I chatty  : uid=1002(bluetooth) identical 130 lines
10-22 20:24:27.876  9273  9310 D ScanRecord: Not a Multi Manu data
10-22 20:24:27.899  5342  5675 I BatteryMgr:DataCollectionService: stats => 1697999067899,-209,4308,-238,0,100
10-22 20:24:27.902  9273  9310 D ScanRecord: Not a Multi Manu data
10-22 20:24:28.007  9273  9310 I chatty  : uid=1002(bluetooth) identical 152 lines
10-22 20:24:28.007  9273  9310 D ScanRecord: Not a Multi Manu data
10-22 20:24:28.007  5342  5675 I BatteryMgr:DataCollectionService: stats => 1697999068007,-209,4308,-238,0,100
10-22 20:24:28.010  9273  9310 D ScanRecord: Not a Multi Manu data
10-22 20:24:28.010  9273  9310 I chatty  : uid=1002(bluetooth) identical 9 lines
10-22 20:24:28.010  9273  9310 D ScanRecord: Not a Multi Manu data
10-22 20:24:28.012  5388  5615 I SessionStorage/AutoSave: Save: Periodic
10-22 20:24:28.022  9273  9310 D ScanRecord: Not a Multi Manu data
10-22 20:24:28.033  9273  9310 I chatty  : uid=1002(bluetooth) identical 31 lines
10-22 20:24:28.033  9273  9310 D ScanRecord: Not a Multi Manu data
10-22 20:24:28.039  3957  4129 D WifiStateMachine:  ConnectedState !RSSI_PKTCNT_FETCH uid=1000 rt=605474622/1661450095 0 0 "ourhome" f4:6d:2f:12:cc:88 rssi=-46 f=5240 sc=60 link=433 tx=4.8, 2.5, 0.0  rx=11.3 bcn=618820 [on:0 tx:0 rx:0 period:578] from screen [on:727416 period:4011707] score=60
10-22 20:24:28.040  3957  4129 D WifiStateMachine:  L2ConnectedState !RSSI_PKTCNT_FETCH uid=1000 rt=605474625/1661450097 0 0 "ourhome" f4:6d:2f:12:cc:88 rssi=-46 f=5240 sc=60 link=433 tx=4.8, 2.5, 0.0  rx=11.3 bcn=618820 [on:0 tx:0 rx:0 period:1] from screen [on:727416 period:4011708] score=60
10-22 20:24:28.043  3957  4129 D WifiStateMachine: fetchRssiLinkSpeedAndFrequencyNative rssi=-47 linkspeed=433 freq=5240
10-22 20:24:28.043  3957  4129 V WifiConfigManager: Updating scan detail cache freq=5240 BSSID=f4:6d:2f:12:cc:88 RSSI=-46 for "ourhome"WPA_PSK
10-22 20:24:28.043  9273  9310 D ScanRecord: Not a Multi Manu data
10-22 20:24:28.086  9273  9310 I chatty  : uid=1002(bluetooth) identical 86 lines
10-22 20:24:28.086  9273  9310 D ScanRecord: Not a Multi Manu data
10-22 20:24:28.112  5342  5675 I BatteryMgr:DataCollectionService: stats => 1697999068112,-209,4308,-238,0,100
10-22 20:24:28.217  5342  5675 I BatteryMgr:DataCollectionService: stats => 1697999068217,-209,4308,-238,0,100
10-22 20:24:28.231  3957  4128 D WifiService: getConnectionInfo uid=1000
10-22 20:24:28.324  5342  5675 I BatteryMgr:DataCollectionService: stats => 1697999068324,-209,4308,-238,0,100
10-22 20:24:28.429  5342  5675 I BatteryMgr:DataCollectionService: stats => 1697999068429,-209,4308,-238,0,100
10-22 20:24:28.533  5342  5675 I BatteryMgr:DataCollectionService: stats => 1697999068533,-209,4308,-238,0,100
10-22 20:24:28.638  5342  5675 I BatteryMgr:DataCollectionService: stats => 1697999068638,-209,4308,-238,0,100
10-22 20:24:28.745  5342  5675 I BatteryMgr:DataCollectionService: stats => 1697999068745,-209,4308,-238,0,100
10-22 20:24:28.849  5342  5675 I BatteryMgr:DataCollectionService: stats => 1697999068849,-209,4308,-238,0,100
10-22 20:24:28.956  5342  5675 I BatteryMgr:DataCollectionService: stats => 1697999068956,-209,4308,-238,0,100
10-22 20:24:29.040  3957  4129 D WifiStateMachine:  ConnectedState !RSSI_PKTCNT_FETCH uid=1000 rt=605475624/1661451096 0 0 "ourhome" f4:6d:2f:12:cc:88 rssi=-47 f=5240 sc=60 link=433 tx=4.8, 2.5, 0.0  rx=11.3 bcn=618820 [on:0 tx:0 rx:0 period:999] from screen [on:727416 period:4012707] score=60
10-22 20:24:29.041  3957  4129 D WifiStateMachine:  L2ConnectedState !RSSI_PKTCNT_FETCH uid=1000 rt=605475625/1661451098 0 0 "ourhome" f4:6d:2f:12:cc:88 rssi=-47 f=5240 sc=60 link=433 tx=4.8, 2.5, 0.0  rx=11.3 bcn=618820 [on:0 tx:0 rx:0 period:2] from screen [on:727416 period:4012709] score=60
10-22 20:24:29.047  3957  4129 D WifiStateMachine: fetchRssiLinkSpeedAndFrequencyNative rssi=-48 linkspeed=433 freq=5240
10-22 20:24:29.047  3957  4129 V WifiConfigManager: Updating scan detail cache freq=5240 BSSID=f4:6d:2f:12:cc:88 RSSI=-47 for "ourhome"WPA_PSK
10-22 20:24:29.062  5342  5675 I BatteryMgr:DataCollectionService: stats => 1697999069061,-209,4308,-238,0,100
10-22 20:24:29.167  5342  5675 I BatteryMgr:DataCollectionService: stats => 1697999069167,-209,4308,-238,0,100
10-22 20:24:29.232  3957  4128 D WifiService: getConnectionInfo uid=1000
10-22 20:24:29.273  5342  5675 I BatteryMgr:DataCollectionService: stats => 1697999069273,-209,4308,-238,0,100
10-22 20:24:29.378  5342  5675 I BatteryMgr:DataCollectionService: stats => 1697999069378,-209,4308,-238,0,100
10-22 20:24:29.482  5342  5675 I BatteryMgr:DataCollectionService: stats => 1697999069482,-209,4308,-238,0,100
10-22 20:24:29.589  5342  5675 I BatteryMgr:DataCollectionService: stats => 1697999069589,-209,4308,-238,0,100
10-22 20:24:29.696  5342  5675 I BatteryMgr:DataCollectionService: stats => 1697999069696,-209,4308,-238,0,100
10-22 20:24:29.801  5342  5675 I BatteryMgr:DataCollectionService: stats => 1697999069801,-209,4308,-238,0,100
10-22 20:24:29.909  5342  5675 I BatteryMgr:DataCollectionService: stats => 1697999069909,-209,4308,-238,0,100
10-22 20:24:30.016  5342  5675 I BatteryMgr:DataCollectionService: stats => 1697999070016,-209,4308,-238,0,100
10-22 20:24:30.041  3957  4129 D WifiStateMachine:  ConnectedState !RSSI_PKTCNT_FETCH uid=1000 rt=605476625/1661452098 0 0 "ourhome" f4:6d:2f:12:cc:88 rssi=-48 f=5240 sc=60 link=433 tx=4.8, 2.5, 0.0  rx=11.3 bcn=618820 [on:0 tx:0 rx:0 period:1000] from screen [on:727416 period:4013709] score=60
10-22 20:24:30.043  3957  4129 D WifiStateMachine:  L2ConnectedState !RSSI_PKTCNT_FETCH uid=1000 rt=605476627/1661452099 0 0 "ourhome" f4:6d:2f:12:cc:88 rssi=-48 f=5240 sc=60 link=433 tx=4.8, 2.5, 0.0  rx=11.3 bcn=618820 [on:0 tx:0 rx:0 period:2] from screen [on:727416 period:4013711] score=60
10-22 20:24:30.045  3957  4129 D WifiStateMachine: fetchRssiLinkSpeedAndFrequencyNative rssi=-47 linkspeed=433 freq=5240
10-22 20:24:30.045  3957  4129 V WifiConfigManager: Updating scan detail cache freq=5240 BSSID=f4:6d:2f:12:cc:88 RSSI=-47 for "ourhome"WPA_PSK
10-22 20:24:30.120  5342  5675 I BatteryMgr:DataCollectionService: stats => 1697999070120,-209,4308,-238,0,100
10-22 20:24:30.229  5342  5675 I BatteryMgr:DataCollectionService: stats => 1697999070229,-209,4308,-238,0,100
10-22 20:24:30.235  3957  4128 D WifiService: getConnectionInfo uid=1000
10-22 20:24:30.333  5342  5675 I BatteryMgr:DataCollectionService: stats => 1697999070333,-319,4308,-265,0,100
10-22 20:24:30.439  5342  5675 I BatteryMgr:DataCollectionService: stats => 1697999070439,-319,4308,-265,0,100
10-22 20:24:30.462  3957  4129 D WifiStateMachine:  ConnectedState !CMD_RSSI_POLL rt=605477046/1661452518 122 0 "ourhome" f4:6d:2f:12:cc:88 rssi=-47 f=5240 sc=60 link=433 tx=4.8, 2.5, 0.0  rx=11.3 bcn=618820 [on:0 tx:0 rx:0 period:418] from screen [on:727416 period:4014129] score=60
10-22 20:24:30.464  3957  4129 D WifiStateMachine:  L2ConnectedState !CMD_RSSI_POLL rt=605477047/1661452520 122 0 "ourhome" f4:6d:2f:12:cc:88 rssi=-47 f=5240 sc=60 link=433 tx=4.8, 2.5, 0.0  rx=11.3 bcn=618820 [on:0 tx:0 rx:0 period:3] from screen [on:727416 period:4014132] score=60
10-22 20:24:30.464  3957  4129 D WifiStateMachine:  get link layer stats 3
10-22 20:24:30.464  3436  3436 I android.hardware.wifi@1.0-service: getLinkLayerStats
10-22 20:24:30.477  3957  4129 D WifiStateMachine: fetchRssiLinkSpeedAndFrequencyNative rssi=-46 linkspeed=433 freq=5240
10-22 20:24:30.477  3957  4129 V WifiConfigManager: Updating scan detail cache freq=5240 BSSID=f4:6d:2f:12:cc:88 RSSI=-46 for "ourhome"WPA_PSK
10-22 20:24:30.481  4340  4340 E SignalClusterView: setSlotFocusVisible : subId -2
10-22 20:24:30.481  4340  4340 E SignalClusterView: setSlotFocusVisible : subId -2
10-22 20:24:30.545  5342  5675 I BatteryMgr:DataCollectionService: stats => 1697999070545,-319,4308,-265,0,100
10-22 20:24:30.650  5342  5675 I BatteryMgr:DataCollectionService: stats => 1697999070649,-319,4308,-265,0,100
10-22 20:24:30.757  5342  5675 I BatteryMgr:DataCollectionService: stats => 1697999070757,-319,4308,-265,0,100
10-22 20:24:30.780  3957  3967 D BatteryService: !@BatteryListener : batteryPropertiesChanged!
10-22 20:24:30.863  5342  5675 I BatteryMgr:DataCollectionService: stats => 1697999070863,-319,4308,-265,0,100
10-22 20:24:30.969  5342  5675 I BatteryMgr:DataCollectionService: stats => 1697999070969,-319,4308,-265,0,100
10-22 20:24:31.043  3957  4129 D WifiStateMachine:  ConnectedState !RSSI_PKTCNT_FETCH uid=1000 rt=605477626/1661453099 0 0 "ourhome" f4:6d:2f:12:cc:88 rssi=-46 f=5240 sc=60 link=433 tx=10.6, 0.9, 0.0  rx=15.5 bcn=618849 [on:0 tx:0 rx:0 period:563] from screen [on:729062 period:4014711] score=60
10-22 20:24:31.045  3957  4129 D WifiStateMachine:  L2ConnectedState !RSSI_PKTCNT_FETCH uid=1000 rt=605477629/1661453101 0 0 "ourhome" f4:6d:2f:12:cc:88 rssi=-46 f=5240 sc=60 link=433 tx=10.6, 0.9, 0.0  rx=15.5 bcn=618849 [on:0 tx:0 rx:0 period:1] from screen [on:729062 period:4014712] score=60
10-22 20:24:31.051  3957  4129 D WifiStateMachine: fetchRssiLinkSpeedAndFrequencyNative rssi=-47 linkspeed=433 freq=5240
10-22 20:24:31.051  3957  4129 V WifiConfigManager: Updating scan detail cache freq=5240 BSSID=f4:6d:2f:12:cc:88 RSSI=-46 for "ourhome"WPA_PSK
10-22 20:24:31.077  5342  5675 I BatteryMgr:DataCollectionService: stats => 1697999071077,-319,4308,-265,0,100
10-22 20:24:31.183  5342  5675 I BatteryMgr:DataCollectionService: stats => 1697999071182,-319,4308,-265,0,100
10-22 20:24:31.237  3957  4128 D WifiService: getConnectionInfo uid=1000
10-22 20:24:31.290  5342  5675 I BatteryMgr:DataCollectionService: stats => 1697999071290,-319,4308,-265,0,100
10-22 20:24:31.395  5342  5675 I BatteryMgr:DataCollectionService: stats => 1697999071395,-319,4308,-265,0,100
10-22 20:24:31.497  4961  4961 D io_stats: !@ 179,0 r 10352662 340267884 w 2180938 42597784 d 175779 37354744 f 642393 667959 iot 4723680 4068739 th 51200 0 0 pt 0 inp 0 0 605478.082
10-22 20:24:31.501  5342  5675 I BatteryMgr:DataCollectionService: stats => 1697999071500,-319,4308,-265,0,100
10-22 20:24:31.609  5342  5675 I BatteryMgr:DataCollectionService: stats => 1697999071609,-319,4308,-265,0,100
10-22 20:24:31.715  5342  5675 I BatteryMgr:DataCollectionService: stats => 1697999071715,-319,4308,-265,0,100
10-22 20:24:31.821  5342  5675 I BatteryMgr:DataCollectionService: stats => 1697999071820,-319,4308,-265,0,100
10-22 20:24:31.927  5342  5675 I BatteryMgr:DataCollectionService: stats => 1697999071927,-319,4308,-265,0,100
10-22 20:24:32.032  5342  5675 I BatteryMgr:DataCollectionService: stats => 1697999072032,-319,4308,-265,0,100
10-22 20:24:32.043  3957  4129 D WifiStateMachine:  ConnectedState !RSSI_PKTCNT_FETCH uid=1000 rt=605478628/1661454100 0 0 "ourhome" f4:6d:2f:12:cc:88 rssi=-47 f=5240 sc=60 link=433 tx=10.6, 0.9, 0.0  rx=15.5 bcn=618849 [on:0 tx:0 rx:0 period:999] from screen [on:729062 period:4015711] score=60
10-22 20:24:32.046  3957  4129 D WifiStateMachine:  L2ConnectedState !RSSI_PKTCNT_FETCH uid=1000 rt=605478629/1661454102 0 0 "ourhome" f4:6d:2f:12:cc:88 rssi=-47 f=5240 sc=60 link=433 tx=10.6, 0.9, 0.0  rx=15.5 bcn=618849 [on:0 tx:0 rx:0 period:3] from screen [on:729062 period:4015714] score=60
10-22 20:24:32.047  3957  4129 D WifiStateMachine: fetchRssiLinkSpeedAndFrequencyNative rssi=-46 linkspeed=433 freq=5240
10-22 20:24:32.047  3957  4129 V WifiConfigManager: Updating scan detail cache freq=5240 BSSID=f4:6d:2f:12:cc:88 RSSI=-46 for "ourhome"WPA_PSK
10-22 20:24:32.137  5342  5675 I BatteryMgr:DataCollectionService: stats => 1697999072137,-319,4308,-265,0,100
10-22 20:24:32.239  3957  4128 D WifiService: getConnectionInfo uid=1000
10-22 20:24:32.243  5342  5675 I BatteryMgr:DataCollectionService: stats => 1697999072243,-319,4308,-265,0,100
10-22 20:24:32.337  3957  4030 D SensorService: [SO] 0.220 -0.091 9.965
10-22 20:24:32.348  5342  5675 I BatteryMgr:DataCollectionService: stats => 1697999072348,-319,4308,-265,0,100
10-22 20:24:32.452  5342  5675 I BatteryMgr:DataCollectionService: stats => 1697999072452,-319,4308,-265,0,100
10-22 20:24:32.556  5342  5675 I BatteryMgr:DataCollectionService: stats => 1697999072556,-319,4308,-265,0,100
10-22 20:24:32.601  9273  9310 D ScanRecord: Not a Multi Manu data
10-22 20:24:32.645  9273  9310 I chatty  : uid=1002(bluetooth) identical 108 lines
10-22 20:24:32.645  9273  9310 D ScanRecord: Not a Multi Manu data
10-22 20:24:32.664  5342  5675 I BatteryMgr:DataCollectionService: stats => 1697999072664,-319,4308,-265,0,100
10-22 20:24:32.679  9273  9310 D ScanRecord: Not a Multi Manu data
10-22 20:24:32.758  9273  9310 I chatty  : uid=1002(bluetooth) identical 86 lines
10-22 20:24:32.758  9273  9310 D ScanRecord: Not a Multi Manu data
10-22 20:24:32.770  5342  5675 I BatteryMgr:DataCollectionService: stats => 1697999072769,-319,4308,-265,0,100
10-22 20:24:32.775  9273  9310 D ScanRecord: Not a Multi Manu data
10-22 20:24:32.845  9273  9310 I chatty  : uid=1002(bluetooth) identical 97 lines
10-22 20:24:32.845  9273  9310 D ScanRecord: Not a Multi Manu data
10-22 20:24:32.878  5342  5675 I BatteryMgr:DataCollectionService: stats => 1697999072878,-319,4308,-265,0,100
10-22 20:24:32.882  9273  9310 D ScanRecord: Not a Multi Manu data
10-22 20:24:32.978  9273  9310 I chatty  : uid=1002(bluetooth) identical 53 lines
10-22 20:24:32.978  9273  9310 D ScanRecord: Not a Multi Manu data
10-22 20:24:32.983  5342  5675 I BatteryMgr:DataCollectionService: stats => 1697999072983,-319,4308,-265,0,100
10-22 20:24:32.999  9273  9310 D ScanRecord: Not a Multi Manu data
10-22 20:24:33.030  9273  9310 I chatty  : uid=1002(bluetooth) identical 31 lines
10-22 20:24:33.030  9273  9310 D ScanRecord: Not a Multi Manu data
10-22 20:24:33.044  3957  4129 D WifiStateMachine:  ConnectedState !RSSI_PKTCNT_FETCH uid=1000 rt=605479628/1661455101 0 0 "ourhome" f4:6d:2f:12:cc:88 rssi=-46 f=5240 sc=60 link=433 tx=10.6, 0.9, 0.0  rx=15.5 bcn=618849 [on:0 tx:0 rx:0 period:998] from screen [on:729062 period:4016712] score=60
10-22 20:24:33.045  3957  4129 D WifiStateMachine:  L2ConnectedState !RSSI_PKTCNT_FETCH uid=1000 rt=605479630/1661455102 0 0 "ourhome" f4:6d:2f:12:cc:88 rssi=-46 f=5240 sc=60 link=433 tx=10.6, 0.9, 0.0  rx=15.5 bcn=618849 [on:0 tx:0 rx:0 period:1] from screen [on:729062 period:4016713] score=60
10-22 20:24:33.047  3957  4129 D WifiStateMachine: fetchRssiLinkSpeedAndFrequencyNative rssi=-47 linkspeed=433 freq=5240
10-22 20:24:33.047  3957  4129 V WifiConfigManager: Updating scan detail cache freq=5240 BSSID=f4:6d:2f:12:cc:88 RSSI=-46 for "ourhome"WPA_PSK
10-22 20:24:33.058  9273  9310 D ScanRecord: Not a Multi Manu data
10-22 20:24:33.076  9273  9310 I chatty  : uid=1002(bluetooth) identical 42 lines
10-22 20:24:33.076  9273  9310 D ScanRecord: Not a Multi Manu data
10-22 20:24:33.088  5342  5675 I BatteryMgr:DataCollectionService: stats => 1697999073088,-319,4308,-265,0,100
10-22 20:24:33.195  5342  5675 I BatteryMgr:DataCollectionService: stats => 1697999073194,-319,4308,-265,0,100
10-22 20:24:33.242  3957  4128 D WifiService: getConnectionInfo uid=1000
10-22 20:24:33.301  5342  5675 I BatteryMgr:DataCollectionService: stats => 1697999073300,-319,4308,-265,0,100
10-22 20:24:33.408  5342  5675 I BatteryMgr:DataCollectionService: stats => 1697999073407,-319,4308,-265,0,100
10-22 20:24:33.480  3957  4129 D WifiStateMachine:  ConnectedState !CMD_RSSI_POLL rt=605480064/1661455536 122 0 "ourhome" f4:6d:2f:12:cc:88 rssi=-47 f=5240 sc=60 link=433 tx=10.6, 0.9, 0.0  rx=15.5 bcn=618849 [on:0 tx:0 rx:0 period:434] from screen [on:729062 period:4017147] score=60
10-22 20:24:33.481  3957  4129 D WifiStateMachine:  L2ConnectedState !CMD_RSSI_POLL rt=605480065/1661455538 122 0 "ourhome" f4:6d:2f:12:cc:88 rssi=-47 f=5240 sc=60 link=433 tx=10.6, 0.9, 0.0  rx=15.5 bcn=618849 [on:0 tx:0 rx:0 period:2] from screen [on:729062 period:4017149] score=60
10-22 20:24:33.481  3957  4129 D WifiStateMachine:  get link layer stats 3
10-22 20:24:33.481  3436  3436 I android.hardware.wifi@1.0-service: getLinkLayerStats
10-22 20:24:33.499  3957  4129 D WifiStateMachine: fetchRssiLinkSpeedAndFrequencyNative rssi=-47 linkspeed=433 freq=5240
10-22 20:24:33.499  3957  4129 V WifiConfigManager: Updating scan detail cache freq=5240 BSSID=f4:6d:2f:12:cc:88 RSSI=-46 for "ourhome"WPA_PSK
10-22 20:24:33.502  4340  4340 E SignalClusterView: setSlotFocusVisible : subId -2
10-22 20:24:33.502  4340  4340 E SignalClusterView: setSlotFocusVisible : subId -2
10-22 20:24:33.514  5342  5675 I BatteryMgr:DataCollectionService: stats => 1697999073514,-319,4308,-265,0,100
10-22 20:24:33.621  5342  5675 I BatteryMgr:DataCollectionService: stats => 1697999073621,-319,4308,-265,0,100
10-22 20:24:33.728  5342  5675 I BatteryMgr:DataCollectionService: stats => 1697999073727,-319,4308,-265,0,100
10-22 20:24:33.833  5342  5675 I BatteryMgr:DataCollectionService: stats => 1697999073833,-319,4308,-265,0,100
10-22 20:24:33.938  5342  5675 I BatteryMgr:DataCollectionService: stats => 1697999073938,-319,4308,-265,0,100
10-22 20:24:34.043  5342  5675 I BatteryMgr:DataCollectionService: stats => 1697999074043,-319,4308,-265,0,100
10-22 20:24:34.044  3957  4129 D WifiStateMachine:  ConnectedState !RSSI_PKTCNT_FETCH uid=1000 rt=605480629/1661456102 0 0 "ourhome" f4:6d:2f:12:cc:88 rssi=-47 f=5240 sc=60 link=433 tx=9.6, 0.3, 0.0  rx=14.6 bcn=618877 [on:0 tx:0 rx:0 period:543] from screen [on:730090 period:4017712] score=60
10-22 20:24:34.047  3957  4129 D WifiStateMachine:  L2ConnectedState !RSSI_PKTCNT_FETCH uid=1000 rt=605480630/1661456103 0 0 "ourhome" f4:6d:2f:12:cc:88 rssi=-47 f=5240 sc=60 link=433 tx=9.6, 0.3, 0.0  rx=14.6 bcn=618877 [on:0 tx:0 rx:0 period:2] from screen [on:730090 period:4017714] score=60
10-22 20:24:34.053  3957  4129 D WifiStateMachine: fetchRssiLinkSpeedAndFrequencyNative rssi=-46 linkspeed=433 freq=5240
10-22 20:24:34.053  3957  4129 V WifiConfigManager: Updating scan detail cache freq=5240 BSSID=f4:6d:2f:12:cc:88 RSSI=-46 for "ourhome"WPA_PSK
10-22 20:24:34.149  5342  5675 I BatteryMgr:DataCollectionService: stats => 1697999074149,-319,4308,-265,0,100
10-22 20:24:34.244  3957  4128 D WifiService: getConnectionInfo uid=1000
10-22 20:24:34.254  5342  5675 I BatteryMgr:DataCollectionService: stats => 1697999074254,-319,4308,-265,0,100
10-22 20:24:34.359  5342  5675 I BatteryMgr:DataCollectionService: stats => 1697999074359,-319,4308,-265,0,100
10-22 20:24:34.466  5342  5675 I BatteryMgr:DataCollectionService: stats => 1697999074466,-319,4308,-265,0,100
10-22 20:24:34.571  5342  5675 I BatteryMgr:DataCollectionService: stats => 1697999074571,-319,4308,-265,0,100
10-22 20:24:34.677  5342  5675 I BatteryMgr:DataCollectionService: stats => 1697999074677,-319,4308,-265,0,100
10-22 20:24:34.783  5342  5675 I BatteryMgr:DataCollectionService: stats => 1697999074783,-319,4308,-265,0,100
10-22 20:24:34.889  5342  5675 I BatteryMgr:DataCollectionService: stats => 1697999074889,-319,4308,-265,0,100
10-22 20:24:34.995  5342  5675 I BatteryMgr:DataCollectionService: stats => 1697999074994,-319,4308,-265,0,100
10-22 20:24:35.047  3957  4129 D WifiStateMachine:  ConnectedState !RSSI_PKTCNT_FETCH uid=1000 rt=605481631/1661457103 0 0 "ourhome" f4:6d:2f:12:cc:88 rssi=-46 f=5240 sc=60 link=433 tx=9.6, 0.3, 0.0  rx=14.6 bcn=618877 [on:0 tx:0 rx:0 period:1001] from screen [on:730090 period:4018715] score=60
10-22 20:24:35.049  3957  4129 D WifiStateMachine:  L2ConnectedState !RSSI_PKTCNT_FETCH uid=1000 rt=605481633/1661457105 0 0 "ourhome" f4:6d:2f:12:cc:88 rssi=-46 f=5240 sc=60 link=433 tx=9.6, 0.3, 0.0  rx=14.6 bcn=618877 [on:0 tx:0 rx:0 period:2] from screen [on:730090 period:4018717] score=60
10-22 20:24:35.050  3957  4129 D WifiStateMachine: fetchRssiLinkSpeedAndFrequencyNative rssi=-48 linkspeed=433 freq=5240
10-22 20:24:35.051  3957  4129 V WifiConfigManager: Updating scan detail cache freq=5240 BSSID=f4:6d:2f:12:cc:88 RSSI=-47 for "ourhome"WPA_PSK
10-22 20:24:35.100  5342  5675 I BatteryMgr:DataCollectionService: stats => 1697999075100,-319,4308,-265,0,100
10-22 20:24:35.205  5342  5675 I BatteryMgr:DataCollectionService: stats => 1697999075205,-319,4308,-265,0,100
10-22 20:24:35.246  3957  4128 D WifiService: getConnectionInfo uid=1000
10-22 20:24:35.313  5342  5675 I BatteryMgr:DataCollectionService: stats => 1697999075313,-319,4308,-265,0,100
10-22 20:24:35.418  5342  5675 I BatteryMgr:DataCollectionService: stats => 1697999075418,-319,4308,-265,0,100
10-22 20:24:35.523  5342  5675 I BatteryMgr:DataCollectionService: stats => 1697999075523,-319,4308,-265,0,100
10-22 20:24:35.630  5342  5675 I BatteryMgr:DataCollectionService: stats => 1697999075630,-319,4308,-265,0,100
10-22 20:24:35.735  5342  5675 I BatteryMgr:DataCollectionService: stats => 1697999075735,-319,4308,-265,0,100
10-22 20:24:35.839  5342  5675 I BatteryMgr:DataCollectionService: stats => 1697999075839,-319,4308,-265,0,100
10-22 20:24:35.947  5342  5675 I BatteryMgr:DataCollectionService: stats => 1697999075947,-319,4308,-265,0,100
10-22 20:24:36.049  3957  4129 D WifiStateMachine:  ConnectedState !RSSI_PKTCNT_FETCH uid=1000 rt=605482632/1661458105 0 0 "ourhome" f4:6d:2f:12:cc:88 rssi=-48 f=5240 sc=60 link=433 tx=9.6, 0.3, 0.0  rx=14.6 bcn=618877 [on:0 tx:0 rx:0 period:1000] from screen [on:730090 period:4019717] score=60
10-22 20:24:36.051  3957  4129 D WifiStateMachine:  L2ConnectedState !RSSI_PKTCNT_FETCH uid=1000 rt=605482635/1661458108 0 0 "ourhome" f4:6d:2f:12:cc:88 rssi=-48 f=5240 sc=60 link=433 tx=9.6, 0.3, 0.0  rx=14.6 bcn=618877 [on:0 tx:0 rx:0 period:2] from screen [on:730090 period:4019719] score=60
10-22 20:24:36.053  3957  4129 D WifiStateMachine: fetchRssiLinkSpeedAndFrequencyNative rssi=-46 linkspeed=433 freq=5240
10-22 20:24:36.053  3957  4129 V WifiConfigManager: Updating scan detail cache freq=5240 BSSID=f4:6d:2f:12:cc:88 RSSI=-46 for "ourhome"WPA_PSK
10-22 20:24:36.055  5342  5675 I BatteryMgr:DataCollectionService: stats => 1697999076055,-319,4308,-265,0,100
10-22 20:24:36.159  5342  5675 I BatteryMgr:DataCollectionService: stats => 1697999076159,-319,4308,-265,0,100
10-22 20:24:36.248  3957  4128 D WifiService: getConnectionInfo uid=1000
10-22 20:24:36.268  5342  5675 I BatteryMgr:DataCollectionService: stats => 1697999076267,-319,4308,-265,0,100
10-22 20:24:36.372  5342  5675 I BatteryMgr:DataCollectionService: stats => 1697999076372,-319,4308,-265,0,100
10-22 20:24:36.477  5342  5675 I BatteryMgr:DataCollectionService: stats => 1697999076477,-319,4308,-265,0,100
10-22 20:24:36.500  4961  4961 D io_stats: !@ 179,0 r 10352666 340267920 w 2180960 42598140 d 175783 37354920 f 642394 667962 iot 4723684 4068752 th 51200 0 0 pt 0 inp 0 0 605483.085
10-22 20:24:36.501  3957  4129 D WifiStateMachine:  ConnectedState !CMD_RSSI_POLL rt=605483086/1661458558 122 0 "ourhome" f4:6d:2f:12:cc:88 rssi=-46 f=5240 sc=60 link=433 tx=9.6, 0.3, 0.0  rx=14.6 bcn=618877 [on:0 tx:0 rx:0 period:450] from screen [on:730090 period:4020169] score=60
10-22 20:24:36.503  3957  4129 D WifiStateMachine:  L2ConnectedState !CMD_RSSI_POLL rt=605483087/1661458560 122 0 "ourhome" f4:6d:2f:12:cc:88 rssi=-46 f=5240 sc=60 link=433 tx=9.6, 0.3, 0.0  rx=14.6 bcn=618877 [on:0 tx:0 rx:0 period:1] from screen [on:730090 period:4020170] score=60
10-22 20:24:36.503  3957  4129 D WifiStateMachine:  get link layer stats 3
10-22 20:24:36.503  3436  3436 I android.hardware.wifi@1.0-service: getLinkLayerStats
10-22 20:24:36.505  3957  4129 D WifiStateMachine: fetchRssiLinkSpeedAndFrequencyNative rssi=-46 linkspeed=433 freq=5240
10-22 20:24:36.506  3957  4129 V WifiConfigManager: Updating scan detail cache freq=5240 BSSID=f4:6d:2f:12:cc:88 RSSI=-46 for "ourhome"WPA_PSK
10-22 20:24:36.508  4340  4340 E SignalClusterView: setSlotFocusVisible : subId -2
