10-22 20:38:04.808 11640 11675 E GeckoLibLoad: Loaded libs in 32.857692ms total, 20ms(24ms) user, 12ms(12ms) system, 0(0) faults
10-22 20:38:04.808 11640 11675 W GeckoThread: zerdatime 1662266866 - runGecko
10-22 20:38:04.814  3599  3918 D DnsProxyListener: DNSDBG::dns addrinfo af 0
10-22 20:38:04.821  3599  3918 D DnsProxyListener: DNSDBG::dns addrinfo af 0
10-22 20:38:04.822 11236 11462 I libglean_ffi: glean_core::upload: Ping ee47af8b-25af-4fa6-a9ca-d8ab263f7bde successfully sent 200.
10-22 20:38:04.825 11236 11462 I libglean_ffi: glean_core::upload::directory: File was deleted /data/user/0/org.mozilla.fenix/glean_data/pending_pings/ee47af8b-25af-4fa6-a9ca-d8ab263f7bde
10-22 20:38:04.826 11236 11462 I libglean_ffi: glean_core::upload: New upload task with id f3ca3ac1-8e38-4b84-bf7b-4cc67b11c20b (path: /submit/org-mozilla-fenix/pageload/1/f3ca3ac1-8e38-4b84-bf7b-4cc67b11c20b)
10-22 20:38:04.828  3957  9632 D ConnectivityService: filterNetworkStateForUid() uid: 10169 networkInfo: [type: WIFI[] - WIFI, state: CONNECTED/CONNECTED, reason: (unspecified), extra: "ourhome", failover: false, available: true, roaming: false, metered: false]
10-22 20:38:04.829  3957  9632 D WifiService: getConnectionInfo uid=1000
10-22 20:38:04.846 11190 11489 I BatteryMgr:DataCollectionService: stats => 1697999884846,172,4308,166,0,100
10-22 20:38:04.868 11315 11430 W fb4a.AppInitScheduler|Run:   Finished PreloadReactions in 389ms
10-22 20:38:04.896  3599  3918 D DnsProxyListener: DNSDBG::dns addrinfo af 0
10-22 20:38:04.957 11190 11489 I BatteryMgr:DataCollectionService: stats => 1697999884957,172,4308,166,0,100
10-22 20:38:04.958 11341 11368 W linker  : "/data/app/org.mozilla.fenix-iWpGOrf8cry6RDpwHyQugA==/lib/arm64/libsoftokn3.so" unused DT entry: type 0x8000024 arg 0x2580
10-22 20:38:04.958 11341 11368 W linker  : "/data/app/org.mozilla.fenix-iWpGOrf8cry6RDpwHyQugA==/lib/arm64/libsoftokn3.so" unused DT entry: type 0x8000023 arg 0x70
10-22 20:38:04.958 11341 11368 W linker  : "/data/app/org.mozilla.fenix-iWpGOrf8cry6RDpwHyQugA==/lib/arm64/libsoftokn3.so" unused DT entry: type 0x8000025 arg 0x8
10-22 20:38:04.959 11341 11368 W linker  : "/data/app/org.mozilla.fenix-iWpGOrf8cry6RDpwHyQugA==/lib/arm64/libfreebl3.so" unused DT entry: type 0x8000024 arg 0xe78
10-22 20:38:04.959 11236 11236 I WebExtension: releasePendingMessages: extension=webcompat-reporter@mozilla.org nativeApp=mozacWebcompatReporter session=null
10-22 20:38:04.959 11341 11368 W linker  : "/data/app/org.mozilla.fenix-iWpGOrf8cry6RDpwHyQugA==/lib/arm64/libfreebl3.so" unused DT entry: type 0x8000023 arg 0x68
10-22 20:38:04.960 11341 11368 W linker  : "/data/app/org.mozilla.fenix-iWpGOrf8cry6RDpwHyQugA==/lib/arm64/libfreebl3.so" unused DT entry: type 0x8000025 arg 0x8
10-22 20:38:04.972 11236 11236 I DefaultSupportedAddonsChecker: Unregister check for new supported add-ons
10-22 20:38:04.972 11315 11427 D TelephonyManager: getCellLocation : Caller (PID / UID / TID): 11315 / 10103 / 11427
10-22 20:38:04.977 11236 11236 I WebExtension: releasePendingMessages: extension=fxa@mozac.org nativeApp=mozacWebchannel session=org.mozilla.geckoview.GeckoSession@b040c17
10-22 20:38:04.977 11236 11236 I WebExtension: releasePendingMessages: extension=fxa@mozac.org nativeApp=mozacWebchannelBackground session=null
10-22 20:38:04.984 11236 11236 I WebExtension: releasePendingMessages: extension=readerview@mozac.org nativeApp=mozacReaderview session=org.mozilla.geckoview.GeckoSession@b040c17
10-22 20:38:04.984 11236 11236 I WebExtension: releasePendingMessages: extension=readerview@mozac.org nativeApp=mozacReaderviewActive session=org.mozilla.geckoview.GeckoSession@b040c17
10-22 20:38:04.984 11236 11236 I WebExtension: releasePendingMessages: extension=readerview@mozac.org nativeApp=mozacReaderview session=org.mozilla.geckoview.GeckoSession@b040c17
10-22 20:38:04.986 11236 11236 I WebExtension: releasePendingMessages: extension=icons@mozac.org nativeApp=MozacBrowserIcons session=org.mozilla.geckoview.GeckoSession@b040c17
10-22 20:38:04.989 11236 11236 I WebExtension: releasePendingMessages: extension=ads@mozac.org nativeApp=MozacBrowserAdsMessage session=org.mozilla.geckoview.GeckoSession@b040c17
10-22 20:38:04.990 11315 11427 D TelephonyManager: getAllCellInfo : Caller (PID / UID / TID): 11315 / 10103 / 11427
10-22 20:38:04.992 11236 11236 I WebExtension: releasePendingMessages: extension=cookies@mozac.org nativeApp=MozacBrowserSearchMessage session=org.mozilla.geckoview.GeckoSession@b040c17
10-22 20:38:05.023 11315 11427 W fb4a.AppInitScheduler|Run:   Finished EagerInitTigonLiger in 891ms
10-22 20:38:05.023 11315 11427 W fb4a.AppInitScheduler|Run: Running GraphServiceEagerInit
10-22 20:38:05.025 11315 11389 W fb4a.AppInitScheduler|Run: Running ZeroLibraryInitializer
10-22 20:38:05.025 11315 11389 W fb4a.AppInitScheduler|Run:   Finished ZeroLibraryInitializer in 1ms
10-22 20:38:05.033  3599  3918 D DnsProxyListener: DNSDBG::dns addrinfo af 0
10-22 20:38:05.034  3957  5415 D ConnectivityService: filterNetworkStateForUid() uid: 10169 networkInfo: [type: WIFI[] - WIFI, state: CONNECTED/CONNECTED, reason: (unspecified), extra: "ourhome", failover: false, available: true, roaming: false, metered: false]
10-22 20:38:05.034  3957  5415 D WifiService: getConnectionInfo uid=1000
10-22 20:38:05.043  3599  3918 D DnsProxyListener: DNSDBG::dns addrinfo af 0
10-22 20:38:05.044  3957  5415 D ConnectivityService: filterNetworkStateForUid() uid: 10169 networkInfo: [type: WIFI[] - WIFI, state: CONNECTED/CONNECTED, reason: (unspecified), extra: "ourhome", failover: false, available: true, roaming: false, metered: false]
10-22 20:38:05.044  3957  5415 D WifiService: getConnectionInfo uid=1000
10-22 20:38:05.058  3599  3918 D DnsProxyListener: DNSDBG::dns addrinfo af 0
10-22 20:38:05.060  3599  3918 I chatty  : uid=0(root) /system/bin/netd identical 1 line
10-22 20:38:05.065  3599  3918 D DnsProxyListener: DNSDBG::dns addrinfo af 0
10-22 20:38:05.068 11190 11489 I BatteryMgr:DataCollectionService: stats => 1697999885067,172,4308,166,0,100
10-22 20:38:05.076  3599  3918 D DnsProxyListener: DNSDBG::dns addrinfo af 0
10-22 20:38:05.077 11315 11546 D TelephonyManager: getCellLocation : Caller (PID / UID / TID): 11315 / 10103 / 11546
10-22 20:38:05.086 11315 11546 D TelephonyManager: getAllCellInfo : Caller (PID / UID / TID): 11315 / 10103 / 11546
10-22 20:38:05.101 11315 11546 D TelephonyManager: getCellLocation : Caller (PID / UID / TID): 11315 / 10103 / 11546
10-22 20:38:05.107 11315 11546 D TelephonyManager: getAllCellInfo : Caller (PID / UID / TID): 11315 / 10103 / 11546
10-22 20:38:05.133 11236 11462 I libglean_ffi: glean_core::upload: Ping f3ca3ac1-8e38-4b84-bf7b-4cc67b11c20b successfully sent 200.
10-22 20:38:05.146 11236 11462 I libglean_ffi: glean_core::upload::directory: File was deleted /data/user/0/org.mozilla.fenix/glean_data/pending_pings/f3ca3ac1-8e38-4b84-bf7b-4cc67b11c20b
10-22 20:38:05.150 11236 11462 I libglean_ffi: glean_core::upload: New upload task with id 68cb5ab4-05cc-4098-8972-0f8a2bffa3a2 (path: /submit/org-mozilla-fenix/baseline/1/68cb5ab4-05cc-4098-8972-0f8a2bffa3a2)
10-22 20:38:05.181 11190 11489 I BatteryMgr:DataCollectionService: stats => 1697999885181,172,4308,166,0,100
10-22 20:38:05.183 11315 11427 W fb4a.AppInitScheduler|Run:   Finished GraphServiceEagerInit in 159ms
10-22 20:38:05.183 11315 11427 W fb4a.AppInitScheduler|Run: All work finished.
10-22 20:38:05.192  3599  3918 D DnsProxyListener: DNSDBG::dns addrinfo af 0
10-22 20:38:05.194  3957 10057 D ConnectivityService: filterNetworkStateForUid() uid: 10169 networkInfo: [type: WIFI[] - WIFI, state: CONNECTED/CONNECTED, reason: (unspecified), extra: "ourhome", failover: false, available: true, roaming: false, metered: false]
10-22 20:38:05.194  3957 10057 D WifiService: getConnectionInfo uid=1000
10-22 20:38:05.210 11315 11335 W ResourceType: ResTable_typeSpec entry count inconsistent: given 88, previously 91
10-22 20:38:05.210 11315 11335 W ResourceType: ResTable_typeSpec entry count inconsistent: given 168, previously 172
10-22 20:38:05.215 11315 11335 W ResourceType: ResTable_typeSpec entry count inconsistent: given 3506, previously 3526
10-22 20:38:05.217 11315 11335 W ResourceType: ResTable_typeSpec entry count inconsistent: given 487, previously 4675
10-22 20:38:05.261 11315 11326 I zygote  : Background concurrent copying GC freed 48434(4MB) AllocSpace objects, 39(836KB) LOS objects, 50% free, 6MB/13MB, paused 8.680ms total 353.119ms
10-22 20:38:05.263  3957 10057 D StorageManagerService: getExternalStorageMountMode : 3
10-22 20:38:05.263 11315 11324 W JavaBinder: BinderProxy is being destroyed but the application did not call unlinkToDeath to unlink all of its death recipients beforehand.  Releasing leaked death recipient: X.07b
10-22 20:38:05.263  3957 10057 D StorageManagerService: getExternalStorageMountMode : 3
10-22 20:38:05.264  3957 10057 D StorageManagerService: getExternalStorageMountMode : final mountMode=3, uid : 10025, packageName : com.google.android.gms
10-22 20:38:05.264  3957 10057 I ApplicationPolicy: isApplicationExternalStorageWhitelisted:com.google.android.gms user:0
10-22 20:38:05.264  3957 10057 D ApplicationPolicy: isApplicationExternalStorageWhitelisted: DO is not enabled on user 0. Allowed.
10-22 20:38:05.264  3957 10057 D ActivityManager: package  com.google.android.gms, user - 0 is SDcard whitelisted
10-22 20:38:05.264  3957 10057 I ApplicationPolicy: isApplicationExternalStorageBlacklisted:com.google.android.gms user:0
10-22 20:38:05.264  3957 10057 D ApplicationPolicy: isApplicationExternalStorageBlacklisted: DO is not enabled on user 0. Allowed.
10-22 20:38:05.282  3957 10057 I ActivityManager: Start proc 11730:com.google.android.gms/u0a25 for service com.google.android.gms/.ads.identifier.service.AdvertisingIdService
10-22 20:38:05.284 11730 11730 E Zygote  : isWhitelistProcess - Process is Whitelisted
10-22 20:38:05.285 11730 11730 E libpersona: scanKnoxPersonas
10-22 20:38:05.289  3957  4129 D WifiStateMachine:  ConnectedState !RSSI_PKTCNT_FETCH uid=1000 rt=606291872/1662267344 0 0 "ourhome" f4:6d:2f:12:cc:88 rssi=-46 f=5240 sc=60 link=433 tx=0.2, 0.0, 0.0  rx=8.4 bcn=626504 [on:0 tx:0 rx:0 period:1000] from screen [on:913623 period:4828955] score=60
10-22 20:38:05.290 11730 11730 E libpersona: Couldn't open the File - /data/system/users/0/personalist.xml - No such file or directory
10-22 20:38:05.290  3957  4129 D WifiStateMachine:  L2ConnectedState !RSSI_PKTCNT_FETCH uid=1000 rt=606291875/1662267347 0 0 "ourhome" f4:6d:2f:12:cc:88 rssi=-46 f=5240 sc=60 link=433 tx=0.2, 0.0, 0.0  rx=8.4 bcn=626504 [on:0 tx:0 rx:0 period:3] from screen [on:913623 period:4828958] score=60
10-22 20:38:05.292  3957  4129 D WifiStateMachine: fetchRssiLinkSpeedAndFrequencyNative rssi=-50 linkspeed=433 freq=5240
10-22 20:38:05.292  3957  4129 V WifiConfigManager: Updating scan detail cache freq=5240 BSSID=f4:6d:2f:12:cc:88 RSSI=-47 for "ourhome"WPA_PSK
10-22 20:38:05.293 11730 11730 W SELinux : SELinux selinux_android_compute_policy_index : Policy Index[2],  Con:u:r:zygote:s0 RAM:SEPF_SM-J720F_8.0.0_0002, [-1 -1 -1 -1 0 1]
10-22 20:38:05.294 11730 11730 I SELinux : SELinux: seapp_context_lookup: seinfo=gmscore, level=s0:c512,c768, pkgname=com.google.android.gms 
10-22 20:38:05.297 11190 11489 I BatteryMgr:DataCollectionService: stats => 1697999885297,172,4308,166,0,100
10-22 20:38:05.331 11730 11730 D TimaKeyStoreProvider: TimaKeyStore is not enabled: cannot add TimaSignature Service and generateKeyPair Service
10-22 20:38:05.332 11730 11730 D ActivityThread: Added TimaKeyStore provider
10-22 20:38:05.337  3957  5415 I ActivityManager: DSS on for com.google.android.gms and scale is 1.0
10-22 20:38:05.348  3599  3918 D DnsProxyListener: DNSDBG::dns addrinfo af 0
10-22 20:38:05.373 11730 11730 I zygote64: find the special shared library, skip check
10-22 20:38:05.377 11730 11730 I zygote64: find the special shared library, skip check
10-22 20:38:05.377 11315 11321 I zygote  : Do partial code cache collection, code=31KB, data=56KB
10-22 20:38:05.379 11315 11321 I zygote  : After code cache collection, code=31KB, data=56KB
10-22 20:38:05.379 11315 11321 I zygote  : Increasing code cache capacity to 256KB
10-22 20:38:05.387  3957  4128 D WifiService: getConnectionInfo uid=1000
10-22 20:38:05.408 11190 11489 I BatteryMgr:DataCollectionService: stats => 1697999885408,172,4308,166,0,100
10-22 20:38:05.408 11730 11730 W ResourceType: ResTable_typeSpec entry count inconsistent: given 88, previously 91
10-22 20:38:05.408 11730 11730 W ResourceType: ResTable_typeSpec entry count inconsistent: given 168, previously 172
10-22 20:38:05.409 11730 11730 W ResourceType: ResTable_typeSpec entry count inconsistent: given 3506, previously 3526
10-22 20:38:05.409 11730 11730 W ResourceType: ResTable_typeSpec entry count inconsistent: given 487, previously 4675
10-22 20:38:05.432 11236 11462 I libglean_ffi: glean_core::upload: Ping 68cb5ab4-05cc-4098-8972-0f8a2bffa3a2 successfully sent 200.
10-22 20:38:05.436 11236 11462 I libglean_ffi: glean_core::upload::directory: File was deleted /data/user/0/org.mozilla.fenix/glean_data/pending_pings/68cb5ab4-05cc-4098-8972-0f8a2bffa3a2
10-22 20:38:05.437 11236 11462 I libglean_ffi: glean_core::upload: No more pings to upload! You are done.
10-22 20:38:05.440 11236 11330 I WM-WorkerWrapper: Worker result SUCCESS for Work [ id=93cbad57-70d0-4201-823a-bb4e209570f3, tags={ mozilla.telemetry.glean.scheduler.PingUploadWorker, mozac_service_glean_ping_upload_worker } ]
10-22 20:38:05.449 11236 11236 D ConnectivityManager: unregisterNetworkCallback; CallingUid : 10169, CallingPid : 11236
10-22 20:38:05.450  3957  4157 D ConnectivityService: releasing NetworkRequest [ TRACK_DEFAULT id=2383, [ Capabilities: INTERNET&NOT_RESTRICTED&TRUSTED&NOT_VPN] ] (CALLBACK_RELEASED)
10-22 20:38:05.451  3957  4157 D ConnectivityService:  Removing from current network NetworkAgentInfo [WIFI () - 509], leaving 9 requests.
10-22 20:38:05.452  3957  4157 D ConnectivityService: sending notification RELEASED for NetworkRequest [ TRACK_DEFAULT id=2383, [ Capabilities: INTERNET&NOT_RESTRICTED&TRUSTED&NOT_VPN] ]
10-22 20:38:05.518 11190 11489 I BatteryMgr:DataCollectionService: stats => 1697999885518,172,4308,166,0,100
10-22 20:38:05.551 11236 11236 W GeckoSession: No history entries found.
10-22 20:38:05.628 11190 11489 I BatteryMgr:DataCollectionService: stats => 1697999885628,172,4308,166,0,100
10-22 20:38:05.738 11190 11489 I BatteryMgr:DataCollectionService: stats => 1697999885738,172,4308,166,0,100
10-22 20:38:05.833 11730 11730 W ProviderHelper: Unknown dynamite feature providerinstaller.dynamite
10-22 20:38:05.835 11730 11730 I DynamiteModule: Considering local module com.google.android.gms.providerinstaller.dynamite:1 and remote module com.google.android.gms.providerinstaller.dynamite:0
10-22 20:38:05.836 11730 11730 I DynamiteModule: Selected local version of com.google.android.gms.providerinstaller.dynamite
10-22 20:38:05.847 11190 11489 I BatteryMgr:DataCollectionService: stats => 1697999885846,172,4308,166,0,100
10-22 20:38:05.854 11730 11730 V NativeCrypto: Registering com/google/android/gms/org/conscrypt/NativeCrypto's 302 native methods...
10-22 20:38:05.905 11730 11730 D NetworkSecurityConfig: Using Network Security Config from resource network_security_config debugBuild: false
10-22 20:38:05.919 11730 11730 I ProviderInstaller: Installed default security provider GmsCore_OpenSSL
10-22 20:38:05.955 11730 11758 I zygote64: Deoptimizing java.lang.Object bls.put(java.lang.Object, java.lang.Object) due to JIT inline cache
10-22 20:38:05.966 11190 11489 I BatteryMgr:DataCollectionService: stats => 1697999885965,172,4308,166,0,100
10-22 20:38:05.972  3957  3966 I zygote64: Background concurrent copying GC freed 227326(9MB) AllocSpace objects, 61(1220KB) LOS objects, 35% free, 42MB/66MB, paused 709us total 214.786ms
10-22 20:38:05.976 11730 11735 I zygote64: Do partial code cache collection, code=27KB, data=23KB
10-22 20:38:05.979 11730 11735 I zygote64: After code cache collection, code=19KB, data=21KB
10-22 20:38:05.979 11730 11735 I zygote64: Increasing code cache capacity to 128KB
10-22 20:38:05.984 11730 11761 I Watchcat: Started
10-22 20:38:06.006 11730 11761 I GMS_MM_Logger: (REDACTED) Start time: %s
10-22 20:38:06.008 11730 11761 I GMS_MM_Logger: Started.
10-22 20:38:06.016 11730 11730 W csrw    : Primes not initialized, returning default (no-op) Primes instance which will ignore all calls. Please call Primes.initialize(...) before using any Primes API.
10-22 20:38:06.016 11730 11730 W csrw    : dgaw: FULL
10-22 20:38:06.016 11730 11730 W csrw    : 	at a.J(:com.google.android.gms@233918019@23.39.18 (040400-572044148):9)
10-22 20:38:06.016 11730 11730 W csrw    : 	at csrw.a(:com.google.android.gms@233918019@23.39.18 (040400-572044148):32)
10-22 20:38:06.016 11730 11730 W csrw    : 	at com.google.android.gms.common.app.GmsApplication.onCreate(:com.google.android.gms@233918019@23.39.18 (040400-572044148):421)
10-22 20:38:06.016 11730 11730 W csrw    : 	at android.app.Instrumentation.callApplicationOnCreate(Instrumentation.java:1125)
10-22 20:38:06.016 11730 11730 W csrw    : 	at android.app.ActivityThread.handleBindApplication(ActivityThread.java:6058)
10-22 20:38:06.016 11730 11730 W csrw    : 	at android.app.ActivityThread.-wrap1(Unknown Source:0)
10-22 20:38:06.016 11730 11730 W csrw    : 	at android.app.ActivityThread$H.handleMessage(ActivityThread.java:1764)
10-22 20:38:06.016 11730 11730 W csrw    : 	at android.os.Handler.dispatchMessage(Handler.java:105)
10-22 20:38:06.016 11730 11730 W csrw    : 	at android.os.Looper.loop(Looper.java:164)
10-22 20:38:06.016 11730 11730 W csrw    : 	at android.app.ActivityThread.main(ActivityThread.java:6940)
10-22 20:38:06.016 11730 11730 W csrw    : 	at java.lang.reflect.Method.invoke(Native Method)
10-22 20:38:06.016 11730 11730 W csrw    : 	at com.android.internal.os.Zygote$MethodAndArgsCaller.run(Zygote.java:327)
10-22 20:38:06.016 11730 11730 W csrw    : 	at com.android.internal.os.ZygoteInit.main(ZygoteInit.java:1374)
10-22 20:38:06.041 11730 11761 I ProcStatsManager: Proc stats logger installed and started.
10-22 20:38:06.052  3957  4129 D WifiStateMachine:  ConnectedState !CMD_RSSI_POLL rt=606292636/1662268108 122 0 "ourhome" f4:6d:2f:12:cc:88 rssi=-50 f=5240 sc=60 link=433 tx=0.2, 0.0, 0.0  rx=8.4 bcn=626504 [on:0 tx:0 rx:0 period:762] from screen [on:913623 period:4829720] score=60
10-22 20:38:06.053  3957  4129 D WifiStateMachine:  L2ConnectedState !CMD_RSSI_POLL rt=606292638/1662268110 122 0 "ourhome" f4:6d:2f:12:cc:88 rssi=-50 f=5240 sc=60 link=433 tx=0.2, 0.0, 0.0  rx=8.4 bcn=626504 [on:0 tx:0 rx:0 period:1] from screen [on:913623 period:4829721] score=60
10-22 20:38:06.053  3957  4129 D WifiStateMachine:  get link layer stats 3
10-22 20:38:06.054  3436  3436 I android.hardware.wifi@1.0-service: getLinkLayerStats
10-22 20:38:06.058  3957  4129 D WifiStateMachine: fetchRssiLinkSpeedAndFrequencyNative rssi=-47 linkspeed=433 freq=5240
10-22 20:38:06.058  3957  4129 V WifiConfigManager: Updating scan detail cache freq=5240 BSSID=f4:6d:2f:12:cc:88 RSSI=-47 for "ourhome"WPA_PSK
10-22 20:38:06.062 11730 11735 I zygote64: Compiler allocated 4MB to compile void aiuy.b(android.content.Context)
10-22 20:38:06.063  4340  4340 E SignalClusterView: setSlotFocusVisible : subId -2
10-22 20:38:06.063  4340  4340 E SignalClusterView: setSlotFocusVisible : subId -2
10-22 20:38:06.077 11190 11489 I BatteryMgr:DataCollectionService: stats => 1697999886077,172,4308,166,0,100
10-22 20:38:06.143 11730 11745 I DynamiteModule: Considering local module com.google.android.gms.googlecertificates:7 and remote module com.google.android.gms.googlecertificates:7
10-22 20:38:06.143 11730 11745 I DynamiteModule: Selected local version of com.google.android.gms.googlecertificates
10-22 20:38:06.153  3957  6478 D WifiService: getConnectionInfo uid=1000
10-22 20:38:06.187 11190 11489 I BatteryMgr:DataCollectionService: stats => 1697999886187,172,4308,166,0,100
10-22 20:38:06.254 11315 11568 W fb4a.MultiSignalANRDetectorLacrima: Pausing error state checks
10-22 20:38:06.268 11063 11063 D SamsungNotes$MemoApplication: onTrimMemory: 80
10-22 20:38:06.288  3957  4129 D WifiStateMachine:  ConnectedState !RSSI_PKTCNT_FETCH uid=1000 rt=606292873/1662268345 0 0 "ourhome" f4:6d:2f:12:cc:88 rssi=-47 f=5240 sc=60 link=433 tx=260.9, 11.4, 0.0  rx=302.5 bcn=626534 [on:0 tx:0 rx:0 period:227] from screen [on:916121 period:4829956] score=60
10-22 20:38:06.289  3957  4129 D WifiStateMachine:  L2ConnectedState !RSSI_PKTCNT_FETCH uid=1000 rt=606292874/1662268346 0 0 "ourhome" f4:6d:2f:12:cc:88 rssi=-47 f=5240 sc=60 link=433 tx=260.9, 11.4, 0.0  rx=302.5 bcn=626534 [on:0 tx:0 rx:0 period:1] from screen [on:916121 period:4829957] score=60
10-22 20:38:06.291  3957  4129 D WifiStateMachine: fetchRssiLinkSpeedAndFrequencyNative rssi=-47 linkspeed=433 freq=5240
10-22 20:38:06.291  3957  4129 V WifiConfigManager: Updating scan detail cache freq=5240 BSSID=f4:6d:2f:12:cc:88 RSSI=-47 for "ourhome"WPA_PSK
10-22 20:38:06.297 11190 11489 I BatteryMgr:DataCollectionService: stats => 1697999886297,172,4308,166,0,100
10-22 20:38:06.304  3957  9632 D StorageManagerService: getExternalStorageMountMode : 3
10-22 20:38:06.305  3957  9632 D StorageManagerService: getExternalStorageMountMode : 3
10-22 20:38:06.305  3957  9632 D StorageManagerService: getExternalStorageMountMode : final mountMode=3, uid : 10044, packageName : com.android.vending
10-22 20:38:06.305  3957  9632 I ApplicationPolicy: isApplicationExternalStorageWhitelisted:com.android.vending user:0
10-22 20:38:06.306  3957  9632 D ApplicationPolicy: isApplicationExternalStorageWhitelisted: DO is not enabled on user 0. Allowed.
10-22 20:38:06.306  3957  9632 D ActivityManager: package  com.android.vending, user - 0 is SDcard whitelisted
10-22 20:38:06.306  3957  9632 I ApplicationPolicy: isApplicationExternalStorageBlacklisted:com.android.vending user:0
10-22 20:38:06.306  3957  9632 D ApplicationPolicy: isApplicationExternalStorageBlacklisted: DO is not enabled on user 0. Allowed.
10-22 20:38:06.320 11779 11779 E Zygote  : isWhitelistProcess - Process is Whitelisted
10-22 20:38:06.320 11779 11779 E libpersona: scanKnoxPersonas
10-22 20:38:06.320 11779 11779 E libpersona: Couldn't open the File - /data/system/users/0/personalist.xml - No such file or directory
10-22 20:38:06.321  3957  9632 I ActivityManager: Start proc 11779:com.android.vending/u0a44 for service com.android.vending/com.google.android.finsky.externalreferrer.GetInstallReferrerService
10-22 20:38:06.322 11779 11779 W SELinux : SELinux selinux_android_compute_policy_index : Policy Index[2],  Con:u:r:zygote:s0 RAM:SEPF_SM-J720F_8.0.0_0002, [-1 -1 -1 -1 0 1]
10-22 20:38:06.322 11779 11779 I SELinux : SELinux: seapp_context_lookup: seinfo=gmscore, level=s0:c512,c768, pkgname=com.android.vending 
10-22 20:38:06.344 11779 11779 D TimaKeyStoreProvider: TimaKeyStore is not enabled: cannot add TimaSignature Service and generateKeyPair Service
10-22 20:38:06.344 11779 11779 D ActivityThread: Added TimaKeyStore provider
10-22 20:38:06.347  3957  5415 I ActivityManager: DSS on for com.android.vending and scale is 1.0
10-22 20:38:06.355 11730 11735 I zygote64: Do partial code cache collection, code=49KB, data=46KB
10-22 20:38:06.355 11730 11735 I zygote64: After code cache collection, code=49KB, data=46KB
10-22 20:38:06.355 11730 11735 I zygote64: Increasing code cache capacity to 256KB
10-22 20:38:06.387  3957  4128 D WifiService: getConnectionInfo uid=1000
10-22 20:38:06.393 11779 11779 I zygote64: no shared libraies, dex_files: 1
10-22 20:38:06.406 11190 11489 I BatteryMgr:DataCollectionService: stats => 1697999886406,172,4308,166,0,100
10-22 20:38:06.517 11190 11489 I BatteryMgr:DataCollectionService: stats => 1697999886517,172,4308,166,0,100
10-22 20:38:06.520 11779 11779 W ResourceType: ResTable_typeSpec entry count inconsistent: given 212, previously 242
10-22 20:38:06.627 11190 11489 I BatteryMgr:DataCollectionService: stats => 1697999886627,172,4308,166,0,100
10-22 20:38:06.701 11779 11779 I Finsky  : [2] khj.i(84): Process created at version: 37.9.18-21 [0] [PR] 571399392
10-22 20:38:06.734 11190 11489 I BatteryMgr:DataCollectionService: stats => 1697999886734,172,4308,166,0,100
10-22 20:38:06.847  3957  9632 D ConnectivityService: filterNetworkStateForUid() uid: 10169 networkInfo: [type: WIFI[] - WIFI, state: CONNECTED/CONNECTED, reason: (unspecified), extra: "ourhome", failover: false, available: true, roaming: false, metered: false]
10-22 20:38:06.848  3957  9632 D WifiService: getConnectionInfo uid=1000
10-22 20:38:06.851 11190 11489 I BatteryMgr:DataCollectionService: stats => 1697999886851,172,4308,166,0,100
10-22 20:38:06.962 11190 11489 I BatteryMgr:DataCollectionService: stats => 1697999886962,172,4308,166,0,100
10-22 20:38:07.030 11779 11799 I Finsky  : [23434] aiff.bk(289): Finished reading experiment flags from file [0tGUNCGIkbk4o6-fQ335kUYSKwVj4lusnHT-A5Dsy08] numFlags=1259.
10-22 20:38:07.043 11779 11801 E Finsky  : Getting early startup flag value without initialization: PhoneskyPhenotype__enable_flag_update_entry_point
10-22 20:38:07.050 11779 11799 I Finsky  : [23434] aiff.bk(289): Finished reading experiment flags from file [Se-xCc4LzNyh3UrKMIU2sUf-PUKz4oQEbpKZDMuaFno] numFlags=1771.
10-22 20:38:07.069 11190 11489 I BatteryMgr:DataCollectionService: stats => 1697999887068,172,4308,166,0,100
10-22 20:38:07.183 11190 11489 I BatteryMgr:DataCollectionService: stats => 1697999887183,172,4308,166,0,100
10-22 20:38:07.197  4961  4961 D io_stats: !@ 179,0 r 10494310 345474016 w 2190527 42758204 d 176765 37413736 f 643618 669212 iot 4780264 4116076 th 51200 0 0 pt 0 inp 0 0 606293.782
10-22 20:38:07.209 11779 11801 I Finsky  : [23436] aiff.bk(289): Finished reading experiment flags from file [cDXKMAm20gnql81lkHY0kpZ363Z9OGuPpqWoMw-jNkY] numFlags=1782.
10-22 20:38:07.230  3599  3918 D DnsProxyListener: DNSDBG::dns addrinfo af 0
10-22 20:38:07.231  3957  9632 D ConnectivityService: filterNetworkStateForUid() uid: 10169 networkInfo: [type: WIFI[] - WIFI, state: CONNECTED/CONNECTED, reason: (unspecified), extra: "ourhome", failover: false, available: true, roaming: false, metered: false]
10-22 20:38:07.231  3957  9632 D WifiService: getConnectionInfo uid=1000
10-22 20:38:07.233 11434 11526 E vulkan  : invalid vkGetInstanceProcAddr(VK_NULL_HANDLE, "vkEnumerateInstanceVersion") call
10-22 20:38:07.233 11434 11526 E vulkan  : invalid vkGetInstanceProcAddr(VK_NULL_HANDLE, "vkEnumerateInstanceVersion") call
10-22 20:38:07.240 11434 11526 D vulkan  : searching for layers in '/data/app/org.mozilla.fenix-iWpGOrf8cry6RDpwHyQugA==/lib/arm64'
10-22 20:38:07.241 11434 11526 D vulkan  : searching for layers in '/data/app/org.mozilla.fenix-iWpGOrf8cry6RDpwHyQugA==/base.apk!/lib/arm64-v8a'
10-22 20:38:07.245 11779 11797 I Finsky  : [23432] kez.Q(10): pcsi: PROCESS_START
10-22 20:38:07.248  3957  9632 D PackageManager: setEnabledSetting : userId = 0 packageName = com.android.vending cmp = com.google.android.finsky.prewarmservice.PrewarmService newState = 1 callingPackage = 10044/com.android.vending
10-22 20:38:07.262 11434 11526 D vulkan  : vulkan api version_1_0 1.0.0
10-22 20:38:07.262 11434 11526 D vulkan  : vulkan header version 46
10-22 20:38:07.266 11779 11800 I Finsky  : [23435] wib.<init>(76): wid - Registering in memory receiver for android.intent.action.PACKAGE_ADDED and android.intent.action.PACKAGE_REMOVED
10-22 20:38:07.270 11236 11250 I zygote64: Waiting for a blocking GC ProfileSaver
10-22 20:38:07.277  3957  9632 D ConnectivityService: filterNetworkStateForUid() uid: 10169 networkInfo: [type: WIFI[] - WIFI, state: CONNECTED/CONNECTED, reason: (unspecified), extra: "ourhome", failover: false, available: true, roaming: false, metered: false]
10-22 20:38:07.278  3957  9632 D WifiService: getConnectionInfo uid=1000
10-22 20:38:07.281  3957  5415 D ConnectivityService: filterNetworkStateForUid() uid: 10169 networkInfo: [type: WIFI[] - WIFI, state: CONNECTED/CONNECTED, reason: (unspecified), extra: "ourhome", failover: false, available: true, roaming: false, metered: false]
10-22 20:38:07.281  3957  5415 D WifiService: getConnectionInfo uid=1000
10-22 20:38:07.284  3957  5415 I chatty  : uid=1000(system) Binder:3957_F identical 1 line
10-22 20:38:07.288  3957  5415 D WifiService: getConnectionInfo uid=1000
10-22 20:38:07.291  3957  4129 D WifiStateMachine:  ConnectedState !RSSI_PKTCNT_FETCH uid=1000 rt=606293875/1662269347 0 0 "ourhome" f4:6d:2f:12:cc:88 rssi=-47 f=5240 sc=60 link=433 tx=260.9, 11.4, 0.0  rx=302.5 bcn=626534 [on:0 tx:0 rx:0 period:1002] from screen [on:916121 period:4830959] score=60
10-22 20:38:07.291  3957  5415 D WifiService: getConnectionInfo uid=1000
10-22 20:38:07.292  3957  4129 D WifiStateMachine:  L2ConnectedState !RSSI_PKTCNT_FETCH uid=1000 rt=606293876/1662269349 0 0 "ourhome" f4:6d:2f:12:cc:88 rssi=-47 f=5240 sc=60 link=433 tx=260.9, 11.4, 0.0  rx=302.5 bcn=626534 [on:0 tx:0 rx:0 period:1] from screen [on:916121 period:4830960] score=60
10-22 20:38:07.293  3957  4129 D WifiStateMachine: fetchRssiLinkSpeedAndFrequencyNative rssi=-48 linkspeed=433 freq=5240
10-22 20:38:07.293  3957  4129 V WifiConfigManager: Updating scan detail cache freq=5240 BSSID=f4:6d:2f:12:cc:88 RSSI=-47 for "ourhome"WPA_PSK
10-22 20:38:07.300 11190 11489 I BatteryMgr:DataCollectionService: stats => 1697999887297,172,4308,166,0,100
10-22 20:38:07.304  3957  5415 D WifiService: getConnectionInfo uid=1000
10-22 20:38:07.307  3957  5415 D WifiService: getConnectionInfo uid=1000
10-22 20:38:07.315 11779 11779 I Finsky  : [2] kez.ap(748): Profiling: Starting up (1)
10-22 20:38:07.320  3957  5415 D WifiService: getConnectionInfo uid=1000
10-22 20:38:07.348  3957  5415 I chatty  : uid=1000(system) Binder:3957_F identical 1 line
10-22 20:38:07.351  3957  5415 I chatty  : uid=1000(system) Binder:3957_F identical 8 lines
10-22 20:38:07.351  3957  5415 D WifiService: getConnectionInfo uid=1000
10-22 20:38:07.354  3599  3918 D DnsProxyListener: DNSDBG::dns addrinfo af 0
10-22 20:38:07.358  3957  5415 D ConnectivityService: filterNetworkStateForUid() uid: 10169 networkInfo: [type: WIFI[] - WIFI, state: CONNECTED/CONNECTED, reason: (unspecified), extra: "ourhome", failover: false, available: true, roaming: false, metered: false]
10-22 20:38:07.358  3957  5415 D WifiService: getConnectionInfo uid=1000
10-22 20:38:07.363 11236 11247 I zygote64: Background concurrent copying GC freed 71965(3MB) AllocSpace objects, 11(328KB) LOS objects, 49% free, 3MB/7MB, paused 2.463ms total 142.147ms
10-22 20:38:07.363 11236 11250 I zygote64: WaitForGcToComplete blocked for 93.236ms for cause ProfileSaver
10-22 20:38:07.389  3957  4128 D WifiService: getConnectionInfo uid=1000
10-22 20:38:07.391 11779 11789 I zygote64: Background concurrent copying GC freed 14474(1168KB) AllocSpace objects, 2(40KB) LOS objects, 49% free, 2MB/4MB, paused 9.478ms total 122.130ms
10-22 20:38:07.400  3957  9632 D ConnectivityService: filterNetworkStateForUid() uid: 10169 networkInfo: [type: WIFI[] - WIFI, state: CONNECTED/CONNECTED, reason: (unspecified), extra: "ourhome", failover: false, available: true, roaming: false, metered: false]
10-22 20:38:07.400  3957  9632 D WifiService: getConnectionInfo uid=1000
10-22 20:38:07.403  3957  5415 D ConnectivityService: filterNetworkStateForUid() uid: 10169 networkInfo: [type: WIFI[] - WIFI, state: CONNECTED/CONNECTED, reason: (unspecified), extra: "ourhome", failover: false, available: true, roaming: false, metered: false]
10-22 20:38:07.403  3957  5415 D WifiService: getConnectionInfo uid=1000
10-22 20:38:07.409 11779 11779 I Finsky  : [2] khj.i(514): AsyncInit: Mandatory tasks are executed!
10-22 20:38:07.419 11190 11489 I BatteryMgr:DataCollectionService: stats => 1697999887419,172,4308,166,0,100
10-22 20:38:07.429 11779 11797 I Finsky  : [23432] mgk.g(45): Subscription detail: N/A
10-22 20:38:07.438  3957  5415 I chatty  : uid=1000(system) Binder:3957_F identical 1 line
10-22 20:38:07.438  3957  5415 D WifiService: getConnectionInfo uid=1000
10-22 20:38:07.444  3957  5415 D ConnectivityService: filterNetworkStateForUid() uid: 10169 networkInfo: [type: WIFI[] - WIFI, state: CONNECTED/CONNECTED, reason: (unspecified), extra: "ourhome", failover: false, available: true, roaming: false, metered: false]
10-22 20:38:07.444  3957  5415 D WifiService: getConnectionInfo uid=1000
10-22 20:38:07.451  3957  9632 D PackageManager: setEnabledSetting : userId = 0 packageName = com.android.vending cmp = com.android.vending.AssetBrowserActivity newState = 1 callingPackage = 10044/com.android.vending
10-22 20:38:07.453  3957  5414 D ConnectivityService: filterNetworkStateForUid() uid: 10169 networkInfo: [type: WIFI[] - WIFI, state: CONNECTED/CONNECTED, reason: (unspecified), extra: "ourhome", failover: false, available: true, roaming: false, metered: false]
10-22 20:38:07.453  3957  5414 D WifiService: getConnectionInfo uid=1000
10-22 20:38:07.463  3957  9632 D ConnectivityService: filterNetworkStateForUid() uid: 10169 networkInfo: [type: WIFI[] - WIFI, state: CONNECTED/CONNECTED, reason: (unspecified), extra: "ourhome", failover: false, available: true, roaming: false, metered: false]
10-22 20:38:07.463  3957  5414 D PackageManager: setEnabledSetting : userId = 0 packageName = com.android.vending cmp = com.google.android.finsky.activities.DebugActivity newState = 2 callingPackage = 10044/com.android.vending
10-22 20:38:07.464  3957  9632 D WifiService: getConnectionInfo uid=1000
10-22 20:38:07.467  3599  3918 D DnsProxyListener: DNSDBG::dns addrinfo af 0
10-22 20:38:07.468  3957  5414 D ConnectivityService: filterNetworkStateForUid() uid: 10169 networkInfo: [type: WIFI[] - WIFI, state: CONNECTED/CONNECTED, reason: (unspecified), extra: "ourhome", failover: false, available: true, roaming: false, metered: false]
10-22 20:38:07.469  3957  5414 D WifiService: getConnectionInfo uid=1000
10-22 20:38:07.472  3957  9632 D ConnectivityService: filterNetworkStateForUid() uid: 10169 networkInfo: [type: WIFI[] - WIFI, state: CONNECTED/CONNECTED, reason: (unspecified), extra: "ourhome", failover: false, available: true, roaming: false, metered: false]
10-22 20:38:07.472  3957  9632 D WifiService: getConnectionInfo uid=1000
10-22 20:38:07.475  3957  5414 D ConnectivityService: filterNetworkStateForUid() uid: 10044 networkInfo: [type: WIFI[] - WIFI, state: CONNECTED/CONNECTED, reason: (unspecified), extra: "ourhome", failover: false, available: true, roaming: false, metered: false]
10-22 20:38:07.475  3957  5414 D WifiService: getConnectionInfo uid=1000
10-22 20:38:07.476  3957  5414 D ConnectivityService: filterNetworkStateForUid() uid: 10169 networkInfo: [type: WIFI[] - WIFI, state: CONNECTED/CONNECTED, reason: (unspecified), extra: "ourhome", failover: false, available: true, roaming: false, metered: false]
10-22 20:38:07.476  3957  5414 D WifiService: getConnectionInfo uid=1000
10-22 20:38:07.481 11779 11799 I Finsky  : [23434] ancv.g(20): SysUA: Disable SystemUpdateActivity, because Android is lower than Q
10-22 20:38:07.482  3957  5414 D ConnectivityService: filterNetworkStateForUid() uid: 10169 networkInfo: [type: WIFI[] - WIFI, state: CONNECTED/CONNECTED, reason: (unspecified), extra: "ourhome", failover: false, available: true, roaming: false, metered: false]
10-22 20:38:07.482  3957  5414 D WifiService: getConnectionInfo uid=1000
10-22 20:38:07.490  3957  9632 D PackageManager: setEnabledSetting : userId = 0 packageName = com.android.vending cmp = com.google.android.finsky.systemcomponentupdateui.common.SystemComponentUpdateActivity newState = 1 callingPackage = 10044/com.android.vending
10-22 20:38:07.492  3599  3918 D DnsProxyListener: DNSDBG::dns addrinfo af 0
10-22 20:38:07.500  3957  5414 D PackageManager: setEnabledSetting : userId = 0 packageName = com.android.vending cmp = com.google.android.finsky.systemupdateactivity.SystemUpdateActivity newState = 2 callingPackage = 10044/com.android.vending
10-22 20:38:07.500  3957  9632 D ConnectivityService: filterNetworkStateForUid() uid: 10169 networkInfo: [type: WIFI[] - WIFI, state: CONNECTED/CONNECTED, reason: (unspecified), extra: "ourhome", failover: false, available: true, roaming: false, metered: false]
10-22 20:38:07.500  3957  9632 D WifiService: getConnectionInfo uid=1000
10-22 20:38:07.501  3957  5414 D PackageManager: setEnabledSetting : userId = 0 packageName = com.android.vending cmp = com.google.android.finsky.systemupdateactivity.SettingsSecurityEntryPoint newState = 2 callingPackage = 10044/com.android.vending
10-22 20:38:07.503 11779 11826 I Finsky  : [23456] qxm.run(367): SysCUA: Set {com.android.vending/com.google.android.finsky.systemcomponentupdateui.common.SystemComponentUpdateActivity} enabled state to 1
10-22 20:38:07.503 11779 11827 I Finsky  : [23457] mdr.run(145): SysUA: Set SystemUpdateActivity enabled state to 2
10-22 20:38:07.504  3957  5414 D PackageManager: setEnabledSetting : userId = 0 packageName = com.android.vending cmp = com.google.android.finsky.hibernation.impl.UnhibernateActivity newState = 1 callingPackage = 10044/com.android.vending
10-22 20:38:07.510  3957  9632 I chatty  : uid=1000(system) Binder:3957_16 identical 1 line
10-22 20:38:07.510 11779 11827 I Finsky  : [23457] pk.run(78): Set UnhibernateActivity enabled state to 1
10-22 20:38:07.510  3957  9632 D WifiService: getConnectionInfo uid=1000
10-22 20:38:07.511 11779 11823 D ConnectivityManager: requestNetwork; CallingUid : 10044, CallingPid : 11779
10-22 20:38:07.512  3599  3918 D DnsProxyListener: DNSDBG::dns addrinfo af 0
10-22 20:38:07.514  3957  9632 D ConnectivityService: filterNetworkStateForUid() uid: 10169 networkInfo: [type: WIFI[] - WIFI, state: CONNECTED/CONNECTED, reason: (unspecified), extra: "ourhome", failover: false, available: true, roaming: false, metered: false]
10-22 20:38:07.514  3957  9632 D WifiService: getConnectionInfo uid=1000
10-22 20:38:07.516 11779 11798 W linker  : "/data/app/com.android.vending-hPcCrQG-AfN-9-S7PUJzHA==/split_config.arm64_v8a.apk!/lib/arm64-v8a/libcronet.114.0.5735.84.so" unused DT entry: type 0x70000001 arg 0x0
10-22 20:38:07.518  3957  5414 D ConnectivityService: listenForNetwork for uid/pid:10044/11779 NetworkRequest [ LISTEN id=2384, [ Capabilities: INTERNET&NOT_RESTRICTED&TRUSTED] ]
10-22 20:38:07.519  3957  4157 D ConnectivityService: rematching NetworkAgentInfo [WIFI () - 509]
10-22 20:38:07.519  3957  4157 D ConnectivityService:  network has: [ Transports: WIFI Capabilities: NOT_METERED&INTERNET&NOT_RESTRICTED&TRUSTED&NOT_VPN&VALIDATED&FOREGROUND LinkUpBandwidth>=1048576Kbps LinkDnBandwidth>=1048576Kbps SignalStrength: -42]
10-22 20:38:07.519  3957  4157 D ConnectivityService: Network NetworkAgentInfo [WIFI () - 509] was already satisfying request 1. No change.
10-22 20:38:07.519  3957  4157 D ConnectivityService: Network NetworkAgentInfo [WIFI () - 509] was already satisfying request 3. No change.
10-22 20:38:07.519  3957  4157 D ConnectivityService: Network NetworkAgentInfo [WIFI () - 509] was already satisfying request 2371. No change.
10-22 20:38:07.519  3957  4157 D ConnectivityService: sending notification AVAILABLE for NetworkRequest [ LISTEN id=2384, [ Capabilities: INTERNET&NOT_RESTRICTED&TRUSTED] ]
10-22 20:38:07.520  3957  4157 D ConnectivityService: sending notification CAP_CHANGED for NetworkRequest [ LISTEN id=2384, [ Capabilities: INTERNET&NOT_RESTRICTED&TRUSTED] ]
10-22 20:38:07.520  3957  5414 D ConnectivityService: filterNetworkStateForUid() uid: 10044 networkInfo: [type: WIFI[] - WIFI, state: CONNECTED/CONNECTED, reason: (unspecified), extra: "ourhome", failover: false, available: true, roaming: false, metered: false]
10-22 20:38:07.520  3957  5414 D WifiService: getConnectionInfo uid=1000
10-22 20:38:07.520  3957  4157 D ConnectivityService: sending notification IP_CHANGED for NetworkRequest [ LISTEN id=2384, [ Capabilities: INTERNET&NOT_RESTRICTED&TRUSTED] ]
10-22 20:38:07.528 11190 11489 I BatteryMgr:DataCollectionService: stats => 1697999887528,172,4308,166,0,100
10-22 20:38:07.534  3599  3918 D DnsProxyListener: DNSDBG::dns addrinfo af 0
10-22 20:38:07.545  3957  5414 D ConnectivityService: filterNetworkStateForUid() uid: 10169 networkInfo: [type: WIFI[] - WIFI, state: CONNECTED/CONNECTED, reason: (unspecified), extra: "ourhome", failover: false, available: true, roaming: false, metered: false]
10-22 20:38:07.545  3957  5414 D WifiService: getConnectionInfo uid=1000
10-22 20:38:07.548  3957  5414 D ConnectivityService: filterNetworkStateForUid() uid: 10044 networkInfo: [type: WIFI[] - WIFI, state: CONNECTED/CONNECTED, reason: (unspecified), extra: "ourhome", failover: false, available: true, roaming: false, metered: false]
10-22 20:38:07.548  3957  5414 D WifiService: getConnectionInfo uid=1000
10-22 20:38:07.559 11779 11799 W Settings: Setting download_manager_max_bytes_over_mobile has moved from android.provider.Settings.Secure to android.provider.Settings.Global.
10-22 20:38:07.561 11779 11799 I Finsky  : [23434] vob.j(33): SettingNotFoundException, fall through to G.downloadBytesOverMobileMaximum
10-22 20:38:07.561 11779 11799 W Settings: Setting download_manager_recommended_max_bytes_over_mobile has moved from android.provider.Settings.Secure to android.provider.Settings.Global.
10-22 20:38:07.564 11779 11799 I Finsky  : [23434] vob.i(31): SettingNotFoundException, fall through to G.downloadBytesOverMobileRecommended
10-22 20:38:07.575 11779 11800 I Finsky  : [23435] tgf.s(77): Enqueuing libraries load for 1276001251
10-22 20:38:07.576 11779 11799 I Finsky  : [23434] andp.d(7): registerListener
10-22 20:38:07.577 11779 11827 I Finsky  : [23457] tgf.t(14): Starting libraries load for 1276001251
10-22 20:38:07.578 11779 11799 I Finsky  : [23434] andp.d(7): registerListener
10-22 20:38:07.607 11779 11800 I Finsky  : [23435] ahem.<init>(104): VerifyApps: Setup app restrictions monitor
10-22 20:38:07.612 11779 11779 I Finsky  : [2] jqd.h(314): This process start was not selected for Play memory metrics collection.
10-22 20:38:07.616 11779 11800 I Finsky  : [23435] ahko.a(32): VerifyApps: Device wide unknown source restriction updated
10-22 20:38:07.641 11779 11798 I cr_CronetLibraryLoader: Cronet version: 114.0.5735.84, arch: aarch64
10-22 20:38:07.643 11190 11489 I BatteryMgr:DataCollectionService: stats => 1697999887642,172,4308,166,0,100
10-22 20:38:07.645  3957  5414 D ConnectivityService: filterNetworkStateForUid() uid: 10169 networkInfo: [type: WIFI[] - WIFI, state: CONNECTED/CONNECTED, reason: (unspecified), extra: "ourhome", failover: false, available: true, roaming: false, metered: false]
10-22 20:38:07.645  3957  5414 D WifiService: getConnectionInfo uid=1000
10-22 20:38:07.655 11063 11063 D SamsungNotes$MemoApplication: onTrimMemory: 80
10-22 20:38:07.672  3957  5415 D ConnectivityService: filterNetworkStateForUid() uid: 10044 networkInfo: [type: WIFI[] - WIFI, state: CONNECTED/CONNECTED, reason: (unspecified), extra: "ourhome", failover: false, available: true, roaming: false, metered: false]
10-22 20:38:07.672  3957  5415 D WifiService: getConnectionInfo uid=1000
10-22 20:38:07.677 11236 11236 I GeckoSession: handleMessage GeckoView:PageStop uri=null
10-22 20:38:07.686 11236 11276 I SessionStorage/AutoSave: Save: Load finished
10-22 20:38:07.694  3957  9632 D ConnectivityService: filterNetworkStateForUid() uid: 10044 networkInfo: [type: WIFI[] - WIFI, state: CONNECTED/CONNECTED, reason: (unspecified), extra: "ourhome", failover: false, available: true, roaming: false, metered: false]
10-22 20:38:07.694  3957  9632 D WifiService: getConnectionInfo uid=1000
10-22 20:38:07.694 11779 11779 I Finsky  : [2] mgj.onSubscriptionsChanged(6): onSubscriptionsChanged
10-22 20:38:07.719 11779 11801 I Finsky  : [23436] sgp.<init>(46): Item store provider started.
10-22 20:38:07.730  3957  5415 D ConnectivityService: filterNetworkStateForUid() uid: 10044 networkInfo: [type: WIFI[] - WIFI, state: CONNECTED/CONNECTED, reason: (unspecified), extra: "ourhome", failover: false, available: true, roaming: false, metered: false]
10-22 20:38:07.730  3957  5415 D WifiService: getConnectionInfo uid=1000
10-22 20:38:07.732  3957  5415 D ConnectivityService: filterNetworkStateForUid() uid: 10044 networkInfo: [type: WIFI[] - WIFI, state: CONNECTED/CONNECTED, reason: (unspecified), extra: "ourhome", failover: false, available: true, roaming: false, metered: false]
10-22 20:38:07.732  3957  5415 D WifiService: getConnectionInfo uid=1000
10-22 20:38:07.748 11063 11063 D SamsungNotes$MemoApplication: onTrimMemory: 80
10-22 20:38:07.757  3957 10057 D ActivityManager: The following uid has registered to recieve broadcast for proxy related updates 10044
10-22 20:38:07.758  3957 10057 W ContextImpl: Calling a method in the system process without a qualified user: android.app.ContextImpl.sendBroadcast:971 com.android.server.am.ActivityManagerService.requestKnoxVpnToSendProxyBroadcast:29420 com.android.server.am.ActivityManagerService.registerReceiver:23161 android.app.IActivityManager$Stub.onTransact:176 com.android.server.am.ActivityManagerService.onTransact:3861 
10-22 20:38:07.758 11190 11489 I BatteryMgr:DataCollectionService: stats => 1697999887758,172,4308,166,0,100
10-22 20:38:07.767  3957  3957 D KnoxVpnEngineService: Vpn Receiver : com.samsung.android.knox.intent.action.VPN_PROXY_BROADCAST_INTERNAL
10-22 20:38:07.767  3957  4108 I KnoxVpnEngineService: vpn handle : Message received
10-22 20:38:07.781 11730 11730 D BoundBrokerSvc: onBind: Intent { act=com.google.android.gms.safetynet.service.START pkg=com.google.android.gms }
10-22 20:38:07.781 11730 11730 D BoundBrokerSvc: Loading bound service for intent: Intent { act=com.google.android.gms.safetynet.service.START pkg=com.google.android.gms }
10-22 20:38:07.802 11779 11779 I Finsky  : [2] qur.y(24): Installer: Attempting to start installer
10-22 20:38:07.832 11779 11789 I zygote64: Background concurrent copying GC freed 33375(2MB) AllocSpace objects, 6(120KB) LOS objects, 49% free, 3MB/7MB, paused 5.217ms total 241.209ms
10-22 20:38:07.834 11779 11779 I Finsky  : [2] andp.d(7): registerListener
10-22 20:38:07.868 11190 11489 I BatteryMgr:DataCollectionService: stats => 1697999887868,172,4308,166,0,100
10-22 20:38:07.872 11779 11784 I zygote64: Do partial code cache collection, code=448B, data=29KB
10-22 20:38:07.872 11779 11779 I Finsky  : [2] aayz.<init>(264): Initializing pausers from value store.
10-22 20:38:07.872 11779 11784 I zygote64: After code cache collection, code=448B, data=29KB
10-22 20:38:07.872 11779 11784 I zygote64: Increasing code cache capacity to 128KB
10-22 20:38:07.875 11779 11779 I Finsky  : [2] aayz.<init>(321): setup::RES: Callers (Pausers) in PauseUpdatesCallersValueStore: []
10-22 20:38:07.894  3957 10057 D ConnectivityService: filterNetworkStateForUid() uid: 10044 networkInfo: [type: WIFI[] - WIFI, state: CONNECTED/CONNECTED, reason: (unspecified), extra: "ourhome", failover: false, available: true, roaming: false, metered: false]
10-22 20:38:07.895  3957 10057 D WifiService: getConnectionInfo uid=1000
10-22 20:38:07.897  3957 10057 D ConnectivityService: filterNetworkStateForUid() uid: 10044 networkInfo: [type: WIFI[] - WIFI, state: CONNECTED/CONNECTED, reason: (unspecified), extra: "ourhome", failover: false, available: true, roaming: false, metered: false]
10-22 20:38:07.897  3957 10057 D WifiService: getConnectionInfo uid=1000
10-22 20:38:07.900 11779 11779 I Finsky  : [2] qur.R(15): Installer: Installer kick - no action, not running yet
10-22 20:38:07.907 11730 11743 W GoogleCertificates: GoogleCertificates has been initialized already
10-22 20:38:07.908 11779 11779 I Finsky  : [2] tys.onTrimMemory(13): Memory trim requested to level 80
10-22 20:38:07.909 11779 11779 I Finsky  : [2] nre.accept(78): Flushing in-memory image cache
10-22 20:38:07.912 11779 11827 I Finsky  : [23457] tgf.t(284): Loaded library for account: [y0_1NG5HTmzf0bF7VytAKz9iHAD6w7yU52Le3i0fi68]
10-22 20:38:07.913 11779 11827 I Finsky  : [23457] tgf.t(353): Finished loading 1 libraries.
10-22 20:38:07.978 11190 11489 I BatteryMgr:DataCollectionService: stats => 1697999887977,172,4308,166,0,100
10-22 20:38:07.988 11730 11743 I zygote64: Deoptimizing java.lang.Object ctnj.a() due to JIT inline cache
10-22 20:38:08.023 11779 11869 I Finsky  : [23484] tmv.G(6): getDownloads()
10-22 20:38:08.052  3957 10057 D StorageManagerService: getExternalStorageMountMode : 3
10-22 20:38:08.052  3957 10057 D StorageManagerService: getExternalStorageMountMode : 3
10-22 20:38:08.052  3957 10057 D StorageManagerService: getExternalStorageMountMode : final mountMode=3, uid : 10044, packageName : com.android.vending
10-22 20:38:08.053  3957 10057 I ApplicationPolicy: isApplicationExternalStorageWhitelisted:com.android.vending user:0
10-22 20:38:08.053  3957 10057 D ApplicationPolicy: isApplicationExternalStorageWhitelisted: DO is not enabled on user 0. Allowed.
10-22 20:38:08.053  3957 10057 D ActivityManager: package  com.android.vending, user - 0 is SDcard whitelisted
10-22 20:38:08.053  3957 10057 I ApplicationPolicy: isApplicationExternalStorageBlacklisted:com.android.vending user:0
10-22 20:38:08.053  3957 10057 D ApplicationPolicy: isApplicationExternalStorageBlacklisted: DO is not enabled on user 0. Allowed.
10-22 20:38:08.071  3957 10057 I ActivityManager: Start proc 11879:com.android.vending:background/u0a44 for service com.android.vending/com.google.android.finsky.ipcservers.background.BackgroundGrpcServerAndroidService
10-22 20:38:08.072 11879 11879 E Zygote  : isWhitelistProcess - Process is Whitelisted
10-22 20:38:08.072 11879 11879 E libpersona: scanKnoxPersonas
10-22 20:38:08.072 11879 11879 E libpersona: Couldn't open the File - /data/system/users/0/personalist.xml - No such file or directory
