10-22 20:05:18.478  3957  4129 V WifiConfigManager: Updating scan detail cache freq=5240 BSSID=f4:6d:2f:12:cc:88 RSSI=-43 for "ourhome"WPA_PSK
10-22 20:05:18.518 30430 30741 I BatteryMgr:DataCollectionService: stats => 1697997918517,238,4308,189,0,100
10-22 20:05:18.597  3957  5414 D ConnectivityService: filterNetworkStateForUid() uid: 10169 networkInfo: [type: WIFI[] - WIFI, state: CONNECTED/CONNECTED, reason: (unspecified), extra: "ourhome", failover: false, available: true, roaming: false, metered: false]
10-22 20:05:18.597  3957  5414 D WifiService: getConnectionInfo uid=1000
10-22 20:05:18.628 30430 30741 I BatteryMgr:DataCollectionService: stats => 1697997918628,238,4308,189,0,100
10-22 20:05:18.745 30430 30741 I BatteryMgr:DataCollectionService: stats => 1697997918744,238,4308,189,0,100
10-22 20:05:18.861 30430 30741 I BatteryMgr:DataCollectionService: stats => 1697997918861,238,4308,189,0,100
10-22 20:05:18.898  3957  4128 D WifiService: getConnectionInfo uid=1000
10-22 20:05:18.930 30624 30703 E vulkan  : invalid vkGetInstanceProcAddr(VK_NULL_HANDLE, "vkEnumerateInstanceVersion") call
10-22 20:05:18.931 30624 30703 E vulkan  : invalid vkGetInstanceProcAddr(VK_NULL_HANDLE, "vkEnumerateInstanceVersion") call
10-22 20:05:18.939 30624 30703 D vulkan  : searching for layers in '/data/app/org.mozilla.fenix-iWpGOrf8cry6RDpwHyQugA==/lib/arm64'
10-22 20:05:18.943 30624 30703 D vulkan  : searching for layers in '/data/app/org.mozilla.fenix-iWpGOrf8cry6RDpwHyQugA==/base.apk!/lib/arm64-v8a'
10-22 20:05:18.945 30624 30703 D vulkan  : vulkan api version_1_0 1.0.0
10-22 20:05:18.945 30624 30703 D vulkan  : vulkan header version 46
10-22 20:05:18.971 30430 30741 I BatteryMgr:DataCollectionService: stats => 1697997918971,238,4308,189,0,100
10-22 20:05:18.988  3599  3918 D DnsProxyListener: DNSDBG::dns addrinfo af 0
10-22 20:05:18.990  3957  5414 D WifiService: getConnectionInfo uid=1000
10-22 20:05:19.009  3957  5414 I chatty  : uid=1000(system) Binder:3957_E identical 4 lines
10-22 20:05:19.009  3957  5414 I chatty  : uid=1000(system) Binder:3957_E identical 3 lines
10-22 20:05:19.013  3957  5414 D ConnectivityService: filterNetworkStateForUid() uid: 10169 networkInfo: [type: WIFI[] - WIFI, state: CONNECTED/CONNECTED, reason: (unspecified), extra: "ourhome", failover: false, available: true, roaming: false, metered: false]
10-22 20:05:19.013  3957  5414 D WifiService: getConnectionInfo uid=1000
10-22 20:05:19.024  3957  4653 D ConnectivityService: filterNetworkStateForUid() uid: 10169 networkInfo: [type: WIFI[] - WIFI, state: CONNECTED/CONNECTED, reason: (unspecified), extra: "ourhome", failover: false, available: true, roaming: false, metered: false]
10-22 20:05:19.024  3957  4653 D WifiService: getConnectionInfo uid=1000
10-22 20:05:19.029  3957  5414 D ConnectivityService: filterNetworkStateForUid() uid: 10169 networkInfo: [type: WIFI[] - WIFI, state: CONNECTED/CONNECTED, reason: (unspecified), extra: "ourhome", failover: false, available: true, roaming: false, metered: false]
10-22 20:05:19.029  3957  5414 D WifiService: getConnectionInfo uid=1000
10-22 20:05:19.059  3957  5414 I chatty  : uid=1000(system) Binder:3957_E identical 3 lines
10-22 20:05:19.066  3957  5414 D WifiService: getConnectionInfo uid=1000
10-22 20:05:19.068  3599  3918 D DnsProxyListener: DNSDBG::dns addrinfo af 0
10-22 20:05:19.069  3957  5414 D WifiService: getConnectionInfo uid=1000
10-22 20:05:19.082 30430 30741 I BatteryMgr:DataCollectionService: stats => 1697997919082,238,4308,189,0,100
10-22 20:05:19.084  3957  5414 D WifiService: getConnectionInfo uid=1000
10-22 20:05:19.101  3957  5414 I chatty  : uid=1000(system) Binder:3957_E identical 9 lines
10-22 20:05:19.101  3957  5414 I chatty  : uid=1000(system) Binder:3957_E identical 3 lines
10-22 20:05:19.112  3957  5414 D ConnectivityService: filterNetworkStateForUid() uid: 10169 networkInfo: [type: WIFI[] - WIFI, state: CONNECTED/CONNECTED, reason: (unspecified), extra: "ourhome", failover: false, available: true, roaming: false, metered: false]
10-22 20:05:19.112  3957  5414 D WifiService: getConnectionInfo uid=1000
10-22 20:05:19.115  3957  4653 D ConnectivityService: filterNetworkStateForUid() uid: 10169 networkInfo: [type: WIFI[] - WIFI, state: CONNECTED/CONNECTED, reason: (unspecified), extra: "ourhome", failover: false, available: true, roaming: false, metered: false]
10-22 20:05:19.115  3957  4653 D WifiService: getConnectionInfo uid=1000
10-22 20:05:19.145  3957  4653 I chatty  : uid=1000(system) Binder:3957_B identical 5 lines
10-22 20:05:19.145  3957  4653 I chatty  : uid=1000(system) Binder:3957_B identical 5 lines
10-22 20:05:19.149  3957  4653 D ConnectivityService: filterNetworkStateForUid() uid: 10169 networkInfo: [type: WIFI[] - WIFI, state: CONNECTED/CONNECTED, reason: (unspecified), extra: "ourhome", failover: false, available: true, roaming: false, metered: false]
10-22 20:05:19.149  3957  4653 D WifiService: getConnectionInfo uid=1000
10-22 20:05:19.153  3957  5414 D ConnectivityService: filterNetworkStateForUid() uid: 10169 networkInfo: [type: WIFI[] - WIFI, state: CONNECTED/CONNECTED, reason: (unspecified), extra: "ourhome", failover: false, available: true, roaming: false, metered: false]
10-22 20:05:19.153  3957  5414 D WifiService: getConnectionInfo uid=1000
10-22 20:05:19.164  3957  5414 D WifiService: getConnectionInfo uid=1000
10-22 20:05:19.192 30430 30741 I BatteryMgr:DataCollectionService: stats => 1697997919192,238,4308,189,0,100
10-22 20:05:19.248  3957  5414 D WifiService: getConnectionInfo uid=1000
10-22 20:05:19.300 30430 30741 I BatteryMgr:DataCollectionService: stats => 1697997919299,238,4308,189,0,100
10-22 20:05:19.346 30473 30473 I GeckoSession: handleMessage GeckoView:PageStop uri=null
10-22 20:05:19.349 30473 30510 I SessionStorage/AutoSave: Save: Load finished
10-22 20:05:19.408 30430 30741 I BatteryMgr:DataCollectionService: stats => 1697997919408,238,4308,189,0,100
10-22 20:05:19.472  3957  4129 D WifiStateMachine:  ConnectedState !RSSI_PKTCNT_FETCH uid=1000 rt=604326057/1660301529 0 0 "ourhome" f4:6d:2f:12:cc:88 rssi=-43 f=5240 sc=60 link=433 tx=217.9, 0.0, 0.0  rx=240.6 bcn=607875 [on:0 tx:0 rx:0 period:1001] from screen [on:472578 period:2863140] score=60
10-22 20:05:19.474  3957  4129 D WifiStateMachine:  L2ConnectedState !RSSI_PKTCNT_FETCH uid=1000 rt=604326058/1660301531 0 0 "ourhome" f4:6d:2f:12:cc:88 rssi=-43 f=5240 sc=60 link=433 tx=217.9, 0.0, 0.0  rx=240.6 bcn=607875 [on:0 tx:0 rx:0 period:1] from screen [on:472578 period:2863141] score=60
10-22 20:05:19.475  3957  4129 D WifiStateMachine: fetchRssiLinkSpeedAndFrequencyNative rssi=-46 linkspeed=433 freq=5240
10-22 20:05:19.476  3957  4129 V WifiConfigManager: Updating scan detail cache freq=5240 BSSID=f4:6d:2f:12:cc:88 RSSI=-44 for "ourhome"WPA_PSK
10-22 20:05:19.518 30430 30741 I BatteryMgr:DataCollectionService: stats => 1697997919517,238,4308,189,0,100
10-22 20:05:19.627 30430 30741 I BatteryMgr:DataCollectionService: stats => 1697997919626,238,4308,189,0,100
10-22 20:05:19.716  3957  5414 D WifiService: getConnectionInfo uid=1000
10-22 20:05:19.738 30430 30741 I BatteryMgr:DataCollectionService: stats => 1697997919737,238,4308,189,0,100
10-22 20:05:19.779  3957  5414 I chatty  : uid=1000(system) Binder:3957_E identical 4 lines
10-22 20:05:19.779  3957  5414 D WifiService: getConnectionInfo uid=1000
10-22 20:05:19.784  3957  5414 D ConnectivityService: filterNetworkStateForUid() uid: 10169 networkInfo: [type: WIFI[] - WIFI, state: CONNECTED/CONNECTED, reason: (unspecified), extra: "ourhome", failover: false, available: true, roaming: false, metered: false]
10-22 20:05:19.784  3957  5414 D WifiService: getConnectionInfo uid=1000
10-22 20:05:19.821  3957  6478 D SSRM:k  : SIOP:: AP = 380, PST = 358 (W:12), BAT = 328, USB = 0, CHG = 0
10-22 20:05:19.843 30554 30585 W linker  : "/data/app/org.mozilla.fenix-iWpGOrf8cry6RDpwHyQugA==/lib/arm64/libmozavutil.so" unused DT entry: type 0x8000024 arg 0x5340
10-22 20:05:19.843 30554 30585 W linker  : "/data/app/org.mozilla.fenix-iWpGOrf8cry6RDpwHyQugA==/lib/arm64/libmozavutil.so" unused DT entry: type 0x8000023 arg 0x220
10-22 20:05:19.843 30554 30585 W linker  : "/data/app/org.mozilla.fenix-iWpGOrf8cry6RDpwHyQugA==/lib/arm64/libmozavutil.so" unused DT entry: type 0x8000025 arg 0x8
10-22 20:05:19.845 30554 30585 W linker  : "/data/app/org.mozilla.fenix-iWpGOrf8cry6RDpwHyQugA==/lib/arm64/libmozavcodec.so" unused DT entry: type 0x8000024 arg 0x3330
10-22 20:05:19.845 30554 30585 W linker  : "/data/app/org.mozilla.fenix-iWpGOrf8cry6RDpwHyQugA==/lib/arm64/libmozavcodec.so" unused DT entry: type 0x8000023 arg 0x358
10-22 20:05:19.845 30430 30741 I BatteryMgr:DataCollectionService: stats => 1697997919845,238,4308,189,0,100
10-22 20:05:19.845 30554 30585 W linker  : "/data/app/org.mozilla.fenix-iWpGOrf8cry6RDpwHyQugA==/lib/arm64/libmozavcodec.so" unused DT entry: type 0x8000025 arg 0x8
10-22 20:05:19.852  3957  5414 D StorageManagerService: getExternalStorageMountMode : 1
10-22 20:05:19.852  3957  5414 D StorageManagerService: getExternalStorageMountMode : 3
10-22 20:05:19.852  3957  5414 D StorageManagerService: getExternalStorageMountMode : final mountMode=1, uid : 10169, packageName : org.mozilla.fenix
10-22 20:05:19.853  3957  5414 I ApplicationPolicy: isApplicationExternalStorageWhitelisted:org.mozilla.fenix user:0
10-22 20:05:19.853  3957  5414 D ApplicationPolicy: isApplicationExternalStorageWhitelisted: DO is not enabled on user 0. Allowed.
10-22 20:05:19.853  3957  5414 D ActivityManager: package  org.mozilla.fenix, user - 0 is SDcard whitelisted
10-22 20:05:19.853  3957  5414 I ApplicationPolicy: isApplicationExternalStorageBlacklisted:org.mozilla.fenix user:0
10-22 20:05:19.853  3957  5414 D ApplicationPolicy: isApplicationExternalStorageBlacklisted: DO is not enabled on user 0. Allowed.
10-22 20:05:19.869 30874 30874 E Zygote  : isWhitelistProcess - Process is Whitelisted
10-22 20:05:19.869 30874 30874 E libpersona: scanKnoxPersonas
10-22 20:05:19.869 30874 30874 E libpersona: Couldn't open the File - /data/system/users/0/personalist.xml - No such file or directory
10-22 20:05:19.870  3957  5414 I ActivityManager: Start proc 30874:org.mozilla.fenix:utility/u0a169 for service org.mozilla.fenix/org.mozilla.gecko.process.GeckoChildProcessServices$utility
10-22 20:05:19.871 30874 30874 W SELinux : SELinux selinux_android_compute_policy_index : Policy Index[2],  Con:u:r:zygote:s0 RAM:SEPF_SM-J720F_8.0.0_0002, [-1 -1 -1 -1 0 1]
10-22 20:05:19.872 30874 30874 I SELinux : SELinux: seapp_context_lookup: seinfo=untrusted, level=s0:c512,c768, pkgname=org.mozilla.fenix:utility 
10-22 20:05:19.891  3599  3918 D DnsProxyListener: DNSDBG::dns addrinfo af 0
10-22 20:05:19.894 30874 30874 D TimaKeyStoreProvider: TimaKeyStore is not enabled: cannot add TimaSignature Service and generateKeyPair Service
10-22 20:05:19.894 30874 30874 D ActivityThread: Added TimaKeyStore provider
10-22 20:05:19.898  3957  5414 I ActivityManager: DSS on for org.mozilla.fenix and scale is 1.0
10-22 20:05:19.899  3957  4128 D WifiService: getConnectionInfo uid=1000
10-22 20:05:19.927 30874 30874 I zygote64: no shared libraies, dex_files: 1
10-22 20:05:19.942  3957  4129 D WifiStateMachine:  ConnectedState !CMD_RSSI_POLL rt=604326526/1660301998 122 0 "ourhome" f4:6d:2f:12:cc:88 rssi=-46 f=5240 sc=60 link=433 tx=217.9, 0.0, 0.0  rx=240.6 bcn=607875 [on:0 tx:0 rx:0 period:469] from screen [on:472578 period:2863610] score=60
10-22 20:05:19.943  3957  4129 D WifiStateMachine:  L2ConnectedState !CMD_RSSI_POLL rt=604326527/1660302000 122 0 "ourhome" f4:6d:2f:12:cc:88 rssi=-46 f=5240 sc=60 link=433 tx=217.9, 0.0, 0.0  rx=240.6 bcn=607875 [on:0 tx:0 rx:0 period:1] from screen [on:472578 period:2863611] score=60
10-22 20:05:19.943  3957  4129 D WifiStateMachine:  get link layer stats 3
10-22 20:05:19.943  3436  3436 I android.hardware.wifi@1.0-service: getLinkLayerStats
10-22 20:05:19.946  3957  4129 D WifiStateMachine: fetchRssiLinkSpeedAndFrequencyNative rssi=-46 linkspeed=433 freq=5240
10-22 20:05:19.946  3957  4129 V WifiConfigManager: Updating scan detail cache freq=5240 BSSID=f4:6d:2f:12:cc:88 RSSI=-45 for "ourhome"WPA_PSK
10-22 20:05:19.954  3957  5414 D ConnectivityService: filterNetworkStateForUid() uid: 10169 networkInfo: [type: WIFI[] - WIFI, state: CONNECTED/CONNECTED, reason: (unspecified), extra: "ourhome", failover: false, available: true, roaming: false, metered: false]
10-22 20:05:19.954  3957  5414 D WifiService: getConnectionInfo uid=1000
10-22 20:05:19.956  4340  4340 E SignalClusterView: setSlotFocusVisible : subId -2
10-22 20:05:19.956  4340  4340 E SignalClusterView: setSlotFocusVisible : subId -2
10-22 20:05:19.958 30430 30741 I BatteryMgr:DataCollectionService: stats => 1697997919958,238,4308,189,0,100
10-22 20:05:19.971 30624 30703 V Surface : sf_framedrop debug : 0x4f4c, game : false, logging : 0
10-22 20:05:19.975 30624 30703 D mali_winsys: EGLint new_window_surface(egl_winsys_display *, void *, EGLSurface, EGLConfig, egl_winsys_surface **, egl_color_buffer_format *, EGLBoolean) returns 0x3000,  [372x514]-format:1
10-22 20:05:19.985  3957  5414 D ConnectivityService: filterNetworkStateForUid() uid: 10169 networkInfo: [type: WIFI[] - WIFI, state: CONNECTED/CONNECTED, reason: (unspecified), extra: "ourhome", failover: false, available: true, roaming: false, metered: false]
10-22 20:05:19.985  3957  5414 D WifiService: getConnectionInfo uid=1000
10-22 20:05:20.017 30874 30874 I ServiceChildProcess: onCreate
10-22 20:05:20.020 30874 30892 I GeckoThread: preparing to run Gecko
10-22 20:05:20.025 30874 30892 W linker  : "/data/app/org.mozilla.fenix-iWpGOrf8cry6RDpwHyQugA==/lib/arm64/libmozglue.so" unused DT entry: type 0x8000024 arg 0x38f70
10-22 20:05:20.026 30874 30892 W linker  : "/data/app/org.mozilla.fenix-iWpGOrf8cry6RDpwHyQugA==/lib/arm64/libmozglue.so" unused DT entry: type 0x8000023 arg 0x1f8
10-22 20:05:20.026 30874 30892 W linker  : "/data/app/org.mozilla.fenix-iWpGOrf8cry6RDpwHyQugA==/lib/arm64/libmozglue.so" unused DT entry: type 0x8000025 arg 0x8
10-22 20:05:20.031 30874 30892 I GeckoLoader: Library base=/data/app/org.mozilla.fenix-iWpGOrf8cry6RDpwHyQugA==/lib/arm64
10-22 20:05:20.031 30874 30892 I GeckoLoader: Library base=/data/app/org.mozilla.fenix-iWpGOrf8cry6RDpwHyQugA==/lib/arm64
10-22 20:05:20.036 30874 30892 E GeckoLibLoad: Load sqlite start
10-22 20:05:20.037 30874 30892 W linker  : "/data/app/org.mozilla.fenix-iWpGOrf8cry6RDpwHyQugA==/lib/arm64/libnss3.so" unused DT entry: type 0x8000024 arg 0x14998
10-22 20:05:20.037 30874 30892 W linker  : "/data/app/org.mozilla.fenix-iWpGOrf8cry6RDpwHyQugA==/lib/arm64/libnss3.so" unused DT entry: type 0x8000023 arg 0x5c8
10-22 20:05:20.037 30874 30892 W linker  : "/data/app/org.mozilla.fenix-iWpGOrf8cry6RDpwHyQugA==/lib/arm64/libnss3.so" unused DT entry: type 0x8000025 arg 0x8
10-22 20:05:20.039 30874 30892 E GeckoLibLoad: Load sqlite done
10-22 20:05:20.039 30874 30892 I GeckoLoader: Library base=/data/app/org.mozilla.fenix-iWpGOrf8cry6RDpwHyQugA==/lib/arm64
10-22 20:05:20.039 30874 30892 E GeckoLibLoad: Load nss start
10-22 20:05:20.039 30874 30892 E GeckoLibLoad: Load nss done
10-22 20:05:20.039 30874 30892 I GeckoLoader: Library base=/data/app/org.mozilla.fenix-iWpGOrf8cry6RDpwHyQugA==/lib/arm64
10-22 20:05:20.044 30874 30892 W linker  : "/data/app/org.mozilla.fenix-iWpGOrf8cry6RDpwHyQugA==/lib/arm64/libxul.so" unused DT entry: type 0x8000024 arg 0x539420
10-22 20:05:20.044 30874 30892 W linker  : "/data/app/org.mozilla.fenix-iWpGOrf8cry6RDpwHyQugA==/lib/arm64/libxul.so" unused DT entry: type 0x8000023 arg 0x17d68
10-22 20:05:20.044 30874 30892 W linker  : "/data/app/org.mozilla.fenix-iWpGOrf8cry6RDpwHyQugA==/lib/arm64/libxul.so" unused DT entry: type 0x8000025 arg 0x8
10-22 20:05:20.069 30430 30741 I BatteryMgr:DataCollectionService: stats => 1697997920068,238,4308,189,0,100
10-22 20:05:20.075 30874 30892 E GeckoLibLoad: Loaded libs in 35.503731ms total, 12ms(12ms) user, 20ms(20ms) system, 0(0) faults
10-22 20:05:20.075 30874 30892 W GeckoThread: zerdatime 1660302133 - runGecko
10-22 20:05:20.088 30874 30892 W linker  : "/data/app/org.mozilla.fenix-iWpGOrf8cry6RDpwHyQugA==/lib/arm64/libmozavutil.so" unused DT entry: type 0x8000024 arg 0x5340
10-22 20:05:20.088 30874 30892 W linker  : "/data/app/org.mozilla.fenix-iWpGOrf8cry6RDpwHyQugA==/lib/arm64/libmozavutil.so" unused DT entry: type 0x8000023 arg 0x220
10-22 20:05:20.088 30874 30892 W linker  : "/data/app/org.mozilla.fenix-iWpGOrf8cry6RDpwHyQugA==/lib/arm64/libmozavutil.so" unused DT entry: type 0x8000025 arg 0x8
10-22 20:05:20.089 30874 30892 W linker  : "/data/app/org.mozilla.fenix-iWpGOrf8cry6RDpwHyQugA==/lib/arm64/libmozavcodec.so" unused DT entry: type 0x8000024 arg 0x3330
10-22 20:05:20.089 30874 30892 W linker  : "/data/app/org.mozilla.fenix-iWpGOrf8cry6RDpwHyQugA==/lib/arm64/libmozavcodec.so" unused DT entry: type 0x8000023 arg 0x358
10-22 20:05:20.089 30874 30892 W linker  : "/data/app/org.mozilla.fenix-iWpGOrf8cry6RDpwHyQugA==/lib/arm64/libmozavcodec.so" unused DT entry: type 0x8000025 arg 0x8
10-22 20:05:20.094 30874 30892 W AudioCapabilities: Unsupported mime audio/mpeg-L1
10-22 20:05:20.095 30874 30892 W AudioCapabilities: Unsupported mime audio/mpeg-L2
10-22 20:05:20.096 30874 30892 W AudioCapabilities: Unsupported mime audio/x-ms-wma
10-22 20:05:20.097 30874 30892 W AudioCapabilities: Unsupported mime audio/x-ima
10-22 20:05:20.104 30874 30892 W VideoCapabilities: Unrecognized profile 2130706433 for video/avc
10-22 20:05:20.104 30874 30892 W VideoCapabilities: Unrecognized profile 2130706434 for video/avc
10-22 20:05:20.108 30874 30892 W VideoCapabilities: Unrecognized profile 2130706433 for video/avc
10-22 20:05:20.108 30874 30892 W VideoCapabilities: Unrecognized profile 2130706434 for video/avc
10-22 20:05:20.123 30473 30473 D ConnectivityManager: requestNetwork; CallingUid : 10169, CallingPid : 30473
10-22 20:05:20.125  3957  4653 D ConnectivityService: requestNetwork for uid/pid:10169/30473 NetworkRequest [ TRACK_DEFAULT id=2327, [ Capabilities: INTERNET&NOT_RESTRICTED&TRUSTED&NOT_VPN] ]
10-22 20:05:20.125  3559  3559 E audit   : type=1400 audit(1697997920.118:7124): avc:  denied  { read } for  pid=30898 comm="pool-37-thread-" name="version" dev="proc" ino=4026532182 scontext=u:r:untrusted_app:s0:c512,c768 tcontext=u:object_r:proc:s0 tclass=file permissive=0 SEPF_SM-J720F_8.0.0_0002 audit_filtered
10-22 20:05:20.125 30874 30892 W VideoCapabilities: Unrecognized profile 2130706433 for video/avc
10-22 20:05:20.125 30874 30892 W VideoCapabilities: Unrecognized profile 2130706434 for video/avc
10-22 20:05:20.126  3559  3559 E audit   : type=1300 audit(1697997920.118:7124): arch=c00000b7 syscall=48 success=no exit=-13 a0=ffffff9c a1=74401b6b70 a2=4 a3=0 items=0 ppid=3579 pid=30898 auid=4294967295 uid=10169 gid=10169 euid=10169 suid=10169 fsuid=10169 egid=10169 sgid=10169 fsgid=10169 tty=(none) ses=4294967295 comm="pool-37-thread-" exe="/system/bin/app_process64" subj=u:r:untrusted_app:s0:c512,c768 key=(null)
10-22 20:05:20.126  3559  3559 E audit   : type=1327 audit(1697997920.118:7124): proctitle="org.mozilla.fenix"
10-22 20:05:20.126  3957  4157 D ConnectivityService: rematching NetworkAgentInfo [WIFI () - 509]
10-22 20:05:20.126  3957  4157 D ConnectivityService:  network has: [ Transports: WIFI Capabilities: NOT_METERED&INTERNET&NOT_RESTRICTED&TRUSTED&NOT_VPN&VALIDATED&FOREGROUND LinkUpBandwidth>=1048576Kbps LinkDnBandwidth>=1048576Kbps SignalStrength: -43]
10-22 20:05:20.126  3957  4157 D ConnectivityService:   checking if request is satisfied: NetworkRequest [ TRACK_DEFAULT id=2327, [ Capabilities: INTERNET&NOT_RESTRICTED&TRUSTED&NOT_VPN] ]
10-22 20:05:20.126  3957  4157 D ConnectivityService: currentScore = 0, newScore = 100
10-22 20:05:20.126  3957  4157 D ConnectivityService: rematch for NetworkAgentInfo [WIFI () - 509]
10-22 20:05:20.126  3957  4157 D ConnectivityService:    accepting network in place of null
10-22 20:05:20.126  3957  4157 D ConnectivityService: sending new Min Network Score(100): NetworkRequest [ TRACK_DEFAULT id=2327, [ Capabilities: INTERNET&NOT_RESTRICTED&TRUSTED&NOT_VPN] ]
10-22 20:05:20.126  3957  4313 D Ethernet: got request NetworkRequest [ TRACK_DEFAULT id=2327, [ Capabilities: INTERNET&NOT_RESTRICTED&TRUSTED&NOT_VPN] ] with score 100
10-22 20:05:20.127  3957  4313 D Ethernet:   my score=-1, my filter=[ Transports: ETHERNET Capabilities: INTERNET&NOT_RESTRICTED&TRUSTED&NOT_VPN LinkUpBandwidth>=100000Kbps LinkDnBandwidth>=100000Kbps]
10-22 20:05:20.127  3957  4313 D Ethernet: evalRequest
10-22 20:05:20.127  3957  4313 D Ethernet:   done
10-22 20:05:20.127  3957  4153 D WIFI_P2P: got request NetworkRequest [ TRACK_DEFAULT id=2327, [ Capabilities: INTERNET&NOT_RESTRICTED&TRUSTED&NOT_VPN] ] with score 100
10-22 20:05:20.127  4616  4616 D PhoneSwitcherNetworkRequstListener: got request NetworkRequest [ TRACK_DEFAULT id=2327, [ Capabilities: INTERNET&NOT_RESTRICTED&TRUSTED&NOT_VPN] ] with score 100
10-22 20:05:20.127  3957  4157 D ConnectivityService: MultiNetwork Request(TransportType - Wi-Fi request). Internet Capability doesn't required (false)
10-22 20:05:20.127  3957  4129 D WIFI    : got request NetworkRequest [ TRACK_DEFAULT id=2327, [ Capabilities: INTERNET&NOT_RESTRICTED&TRUSTED&NOT_VPN] ] with score 100
10-22 20:05:20.127  3957  4153 D WIFI_P2P:   my score=60, my filter=[ Transports: WIFI Capabilities: WIFI_P2P&NOT_RESTRICTED&TRUSTED&NOT_VPN LinkUpBandwidth>=1048576Kbps LinkDnBandwidth>=1048576Kbps]
10-22 20:05:20.127  3957  4129 D WIFI    :   my score=60, my filter=[ Transports: WIFI Capabilities: NOT_METERED&INTERNET&NOT_RESTRICTED&TRUSTED&NOT_VPN LinkUpBandwidth>=1048576Kbps LinkDnBandwidth>=1048576Kbps]
10-22 20:05:20.127  3957  4153 D WIFI_P2P: evalRequest
10-22 20:05:20.127  3957  4157 D ConnectivityService: Network NetworkAgentInfo [WIFI () - 509] was already satisfying request 1. No change.
10-22 20:05:20.127  3957  4129 D WIFI    : evalRequest
10-22 20:05:20.127  3957  4153 D WIFI_P2P:   done
10-22 20:05:20.127  4616  4616 D PhoneSwitcherNetworkRequstListener:   my score=101, my filter=[ Transports: CELLULAR Capabilities: MMS&SUPL&DUN&FOTA&IMS&CBS&IA&RCS&XCAP&EIMS&INTERNET&NOT_RESTRICTED&TRUSTED&NOT_VPN&ENT1 Specifier: <android.net.MatchAllNetworkSpecifier@0>]
10-22 20:05:20.127  3957  4129 D WIFI    :   done
10-22 20:05:20.127  4616  4616 D PhoneSwitcherNetworkRequstListener: evalRequest
10-22 20:05:20.127  3957  4157 D ConnectivityService: Network NetworkAgentInfo [WIFI () - 509] was already satisfying request 2251. No change.
10-22 20:05:20.127  4616  4616 D PhoneSwitcherNetworkRequstListener:   needNetworkFor
10-22 20:05:20.127  3957  4157 D ConnectivityService: Network NetworkAgentInfo [WIFI () - 509] was already satisfying request 3. No change.
10-22 20:05:20.127  3957  4157 D ConnectivityService: sending notification AVAILABLE for NetworkRequest [ TRACK_DEFAULT id=2327, [ Capabilities: INTERNET&NOT_RESTRICTED&TRUSTED&NOT_VPN] ]
10-22 20:05:20.127  3957  4129 D WIFI_UT : got request NetworkRequest [ TRACK_DEFAULT id=2327, [ Capabilities: INTERNET&NOT_RESTRICTED&TRUSTED&NOT_VPN] ] with score 100
10-22 20:05:20.127  3957  4129 D WIFI_UT :   my score=2147483647, my filter=[ Transports: WIFI Capabilities: NOT_METERED&INTERNET&NOT_RESTRICTED&TRUSTED&NOT_VPN LinkUpBandwidth>=1048576Kbps LinkDnBandwidth>=1048576Kbps]
10-22 20:05:20.127  3957  4129 D WIFI_UT : evalRequest
10-22 20:05:20.127  3957  4129 D WIFI_UT :   needNetworkFor
10-22 20:05:20.127  3957  4157 D ConnectivityService: sending notification CAP_CHANGED for NetworkRequest [ TRACK_DEFAULT id=2327, [ Capabilities: INTERNET&NOT_RESTRICTED&TRUSTED&NOT_VPN] ]
10-22 20:05:20.128  3957  4157 D ConnectivityService: sending notification IP_CHANGED for NetworkRequest [ TRACK_DEFAULT id=2327, [ Capabilities: INTERNET&NOT_RESTRICTED&TRUSTED&NOT_VPN] ]
10-22 20:05:20.128 30874 30892 W VideoCapabilities: Unsupported mime video/avc-wfd
10-22 20:05:20.139  3957  5414 D ConnectivityService: filterNetworkStateForUid() uid: 10169 networkInfo: [type: WIFI[] - WIFI, state: CONNECTED/CONNECTED, reason: (unspecified), extra: "ourhome", failover: false, available: true, roaming: false, metered: false]
10-22 20:05:20.139  3957  5414 D WifiService: getConnectionInfo uid=1000
10-22 20:05:20.143 30473 30903 D NetworkSecurityConfig: No Network Security Config specified, using platform default
10-22 20:05:20.149 30473 30473 I glean/Glean: Registering pings for org.mozilla.fenix.GleanMetrics.Pings
10-22 20:05:20.154 30473 30903 I System.out: (HTTPLog)-Static: isSBSettingEnabled false
10-22 20:05:20.154 30473 30510 I FenixApplication: Running post-visual completeness tasks...
10-22 20:05:20.154 30473 30510 I FenixApplication: Storage initialization...
10-22 20:05:20.154 30473 30510 I PlacesHistoryStorage: Warming up places storage...
10-22 20:05:20.155 30473 30903 I System.out: (HTTPLog)-Static: isSBSettingEnabled false
10-22 20:05:20.155 30473 30510 I PlacesHistoryStorage: 'Warming up places storage' took 0 ms
10-22 20:05:20.155 30473 30510 I PlacesBookmarksStorage: Warming up places storage...
10-22 20:05:20.155 30473 30510 I PlacesBookmarksStorage: 'Warming up places storage' took 0 ms
10-22 20:05:20.156 30473 30510 I SyncableLoginsStorage: Warming up storage...
10-22 20:05:20.156 30473 30510 I SyncableLoginsStorage: 'Warming up storage' took 0 ms
10-22 20:05:20.156 30473 30510 I AutofillCCAddressesStorage: Warming up storage...
10-22 20:05:20.157 30473 30510 I AutofillCCAddressesStorage: 'Warming up storage' took 0 ms
10-22 20:05:20.157  3599  3918 D DnsProxyListener: DNSDBG::dns addrinfo af 0
10-22 20:05:20.163 30473 30473 I ColdStartupDuration: COLD MAIN Application.<init> to first frame: 664 ms
10-22 20:05:20.164 30473 30473 I FenixApplication: Kicking-off account manager...
10-22 20:05:20.164 30473 30473 I FenixApplication: 'Kicking-off account manager' took 0 ms
10-22 20:05:20.181 30430 30741 I BatteryMgr:DataCollectionService: stats => 1697997920180,238,4308,189,0,100
10-22 20:05:20.198  3957  4653 D ConnectivityService: filterNetworkStateForUid() uid: 10169 networkInfo: [type: WIFI[] - WIFI, state: CONNECTED/CONNECTED, reason: (unspecified), extra: "ourhome", failover: false, available: true, roaming: false, metered: false]
10-22 20:05:20.199  3957  4653 D WifiService: getConnectionInfo uid=1000
10-22 20:05:20.199 30874 30892 I VideoCapabilities: Unsupported profile 4 for video/mp4v-es
10-22 20:05:20.243  3599  3918 D DnsProxyListener: DNSDBG::dns addrinfo af 0
10-22 20:05:20.254 30874 30892 W VideoCapabilities: Unrecognized profile/level 1/32 for video/mp4v-es
10-22 20:05:20.254 30874 30892 W VideoCapabilities: Unrecognized profile/level 32768/2 for video/mp4v-es
10-22 20:05:20.254 30874 30892 W VideoCapabilities: Unrecognized profile/level 32768/64 for video/mp4v-es
10-22 20:05:20.257 30874 30892 W VideoCapabilities: Unsupported mime video/wvc1
10-22 20:05:20.259 30874 30892 W VideoCapabilities: Unsupported mime video/x-ms-wmv
10-22 20:05:20.261 30874 30892 W VideoCapabilities: Unsupported mime video/x-ms-wmv7
10-22 20:05:20.265  3957  5414 D ConnectivityService: filterNetworkStateForUid() uid: 10169 networkInfo: [type: WIFI[] - WIFI, state: CONNECTED/CONNECTED, reason: (unspecified), extra: "ourhome", failover: false, available: true, roaming: false, metered: false]
10-22 20:05:20.265  3957  5414 D WifiService: getConnectionInfo uid=1000
10-22 20:05:20.267 30473 30903 I System.out: (HTTPLog)-Static: isSBSettingEnabled false
10-22 20:05:20.267 30473 30903 I System.out: (HTTPLog)-Static: isSBSettingEnabled false
10-22 20:05:20.269 30874 30892 W VideoCapabilities: Unsupported mime video/x-ms-wmv8
10-22 20:05:20.275 30874 30892 W VideoCapabilities: Unsupported mime video/mp43
10-22 20:05:20.288 30430 30741 I BatteryMgr:DataCollectionService: stats => 1697997920288,238,4308,189,0,100
10-22 20:05:20.300 30874 30892 W AudioCapabilities: Unsupported mime audio/mpeg-L1
10-22 20:05:20.300 30874 30892 W AudioCapabilities: Unsupported mime audio/mpeg-L2
10-22 20:05:20.300 30874 30892 W AudioCapabilities: Unsupported mime audio/x-ms-wma
10-22 20:05:20.300 30874 30892 W AudioCapabilities: Unsupported mime audio/x-ima
10-22 20:05:20.301 30874 30892 W VideoCapabilities: Unrecognized profile 2130706433 for video/avc
10-22 20:05:20.301 30874 30892 W VideoCapabilities: Unrecognized profile 2130706434 for video/avc
10-22 20:05:20.303 30473 30484 I zygote64: Background concurrent copying GC freed 80511(3MB) AllocSpace objects, 16(428KB) LOS objects, 49% free, 5MB/11MB, paused 2.569ms total 190.737ms
10-22 20:05:20.304 30874 30892 W VideoCapabilities: Unrecognized profile/level 1/32 for video/mp4v-es
10-22 20:05:20.304 30874 30892 W VideoCapabilities: Unrecognized profile/level 32768/2 for video/mp4v-es
10-22 20:05:20.304 30874 30892 W VideoCapabilities: Unrecognized profile/level 32768/64 for video/mp4v-es
10-22 20:05:20.305 30874 30892 W VideoCapabilities: Unsupported mime video/wvc1
10-22 20:05:20.306 30874 30892 W VideoCapabilities: Unsupported mime video/x-ms-wmv
10-22 20:05:20.307 30874 30892 W VideoCapabilities: Unsupported mime video/x-ms-wmv7
10-22 20:05:20.308 30874 30892 W VideoCapabilities: Unsupported mime video/x-ms-wmv8
10-22 20:05:20.309 30874 30892 W VideoCapabilities: Unsupported mime video/mp43
10-22 20:05:20.344  3957  5414 I chatty  : uid=1000(system) Binder:3957_E identical 1 line
10-22 20:05:20.344  3957  5414 D WifiService: getConnectionInfo uid=1000
10-22 20:05:20.351  3957  5414 D ConnectivityService: filterNetworkStateForUid() uid: 10169 networkInfo: [type: WIFI[] - WIFI, state: CONNECTED/CONNECTED, reason: (unspecified), extra: "ourhome", failover: false, available: true, roaming: false, metered: false]
10-22 20:05:20.351  3957  5414 I chatty  : uid=1000(system) Binder:3957_E identical 1 line
10-22 20:05:20.357  3957  4653 D ConnectivityService: filterNetworkStateForUid() uid: 10169 networkInfo: [type: WIFI[] - WIFI, state: CONNECTED/CONNECTED, reason: (unspecified), extra: "ourhome", failover: false, available: true, roaming: false, metered: false]
10-22 20:05:20.357  3957  5414 D ConnectivityService: filterNetworkStateForUid() uid: 10169 networkInfo: [type: WIFI[] - WIFI, state: CONNECTED/CONNECTED, reason: (unspecified), extra: "ourhome", failover: false, available: true, roaming: false, metered: false]
10-22 20:05:20.357  3957  4653 D WifiService: getConnectionInfo uid=1000
10-22 20:05:20.357  3957  5414 D WifiService: getConnectionInfo uid=1000
10-22 20:05:20.359 30473 30903 I System.out: (HTTPLog)-Static: isSBSettingEnabled false
10-22 20:05:20.359 30473 30903 I System.out: (HTTPLog)-Static: isSBSettingEnabled false
10-22 20:05:20.370 30473 30510 I FenixApplication: 'Storage initialization' took 215 ms
10-22 20:05:20.399 30430 30741 I BatteryMgr:DataCollectionService: stats => 1697997920399,238,4308,189,0,100
10-22 20:05:20.425  3957  4653 D ConnectivityService: filterNetworkStateForUid() uid: 10169 networkInfo: [type: WIFI[] - WIFI, state: CONNECTED/CONNECTED, reason: (unspecified), extra: "ourhome", failover: false, available: true, roaming: false, metered: false]
10-22 20:05:20.425  3957  4653 D WifiService: getConnectionInfo uid=1000
10-22 20:05:20.427 30473 30903 I System.out: (HTTPLog)-Static: isSBSettingEnabled false
10-22 20:05:20.427 30473 30903 I System.out: (HTTPLog)-Static: isSBSettingEnabled false
10-22 20:05:20.440  3957  4084 D InputReader: Input event(3): value=1 when=604327025795000
10-22 20:05:20.440  3957  4084 D InputReader: Input event(3): value=1 when=604327025795000
10-22 20:05:20.440  3957  4084 I InputReader: Touch event's action is 0x0 (deviceType=0) [pCnt=1, s=0.2464 ] when=604327025795000
10-22 20:05:20.440  3957  4083 I InputDispatcher: Delivering touch to (4340): action: 0x4, toolType: 1
10-22 20:05:20.440  3957  4083 I InputDispatcher: Delivering touch to (30473): action: 0x0, toolType: 1
10-22 20:05:20.442 30473 30473 D ViewRootImpl@bc73a50[App]: ViewPostIme pointer 0
10-22 20:05:20.472  3957  4129 D WifiStateMachine:  ConnectedState !RSSI_PKTCNT_FETCH uid=1000 rt=604327057/1660302529 0 0 "ourhome" f4:6d:2f:12:cc:88 rssi=-46 f=5240 sc=60 link=433 tx=216.7, 14.6, 0.0  rx=233.3 bcn=607904 [on:0 tx:0 rx:0 period:522] from screen [on:474953 period:2864140] score=60
10-22 20:05:20.473  3957  4129 D WifiStateMachine:  L2ConnectedState !RSSI_PKTCNT_FETCH uid=1000 rt=604327058/1660302530 0 0 "ourhome" f4:6d:2f:12:cc:88 rssi=-46 f=5240 sc=60 link=433 tx=216.7, 14.6, 0.0  rx=233.3 bcn=607904 [on:0 tx:0 rx:0 period:1] from screen [on:474953 period:2864141] score=60
10-22 20:05:20.474  3957  4129 D WifiStateMachine: fetchRssiLinkSpeedAndFrequencyNative rssi=-47 linkspeed=433 freq=5240
10-22 20:05:20.474  3957  4129 V WifiConfigManager: Updating scan detail cache freq=5240 BSSID=f4:6d:2f:12:cc:88 RSSI=-46 for "ourhome"WPA_PSK
10-22 20:05:20.509 30430 30741 I BatteryMgr:DataCollectionService: stats => 1697997920509,238,4308,189,0,100
10-22 20:05:20.524  3957  4084 D InputReader: Input event(3): value=0 when=604327109489000
10-22 20:05:20.524  3957  4084 D InputReader: Input event(3): value=0 when=604327109489000
10-22 20:05:20.524  3957  4084 I InputReader: Touch event's action is 0x1 (deviceType=0) [pCnt=1, s=] when=604327109489000
10-22 20:05:20.524  3957  4083 I InputDispatcher: Delivering touch to (30473): action: 0x1, toolType: 1
10-22 20:05:20.526 30473 30473 D ViewRootImpl@bc73a50[App]: ViewPostIme pointer 1
10-22 20:05:20.539  4961  4961 D io_stats: !@ 179,0 r 10159776 333477540 w 2166648 42396288 d 174712 37305384 f 640962 666488 iot 4647924 4005244 th 51200 0 0 pt 0 inp 0 0 604327.124
10-22 20:05:20.617 30430 30741 I BatteryMgr:DataCollectionService: stats => 1697997920617,238,4308,189,0,100
10-22 20:05:20.725 30430 30741 I BatteryMgr:DataCollectionService: stats => 1697997920724,238,4308,189,0,100
10-22 20:05:20.832 30430 30741 I BatteryMgr:DataCollectionService: stats => 1697997920832,238,4308,189,0,100
10-22 20:05:20.901  3957  4128 D WifiService: getConnectionInfo uid=1000
10-22 20:05:20.941 30430 30741 I BatteryMgr:DataCollectionService: stats => 1697997920941,238,4308,189,0,100
10-22 20:05:21.037 30473 30502 D GeckoIdleService: Get idle time: time since reset 508 msec
10-22 20:05:21.037 30473 30502 D GeckoIdleService: Idle timer callback: current idle time 508 msec
10-22 20:05:21.037 30473 30502 D GeckoIdleService: next timeout 4492 msec from now
10-22 20:05:21.037 30473 30502 D GeckoIdleService: SetTimerExpiryIfBefore: next timeout 4492 msec from now
10-22 20:05:21.037 30473 30502 D GeckoIdleService: reset timer expiry to 4502 msec from now
10-22 20:05:21.055 30430 30741 I BatteryMgr:DataCollectionService: stats => 1697997921055,238,4308,189,0,100
10-22 20:05:21.130  4340  4731 D NetworkController.MobileSignalController(0/-2): onSignalStrengthsChanged signalStrength=SignalStrength: 23 99 -23 -200 -23 -200 -1 99 2147483647 2147483647 2147483647 2147483647 0 2147483647 0x4 P gsm|lte level=4
10-22 20:05:21.130  4340  4731 D NetworkController.MobileSignalController(0/-2): getMobileIconGroup(): 0
10-22 20:05:21.162 30430 30741 I BatteryMgr:DataCollectionService: stats => 1697997921162,238,4308,189,0,100
10-22 20:05:21.271 30430 30741 I BatteryMgr:DataCollectionService: stats => 1697997921271,238,4308,189,0,100
10-22 20:05:21.379 30430 30741 I BatteryMgr:DataCollectionService: stats => 1697997921378,238,4308,189,0,100
10-22 20:05:21.474  3957  4129 D WifiStateMachine:  ConnectedState !RSSI_PKTCNT_FETCH uid=1000 rt=604328058/1660303531 0 0 "ourhome" f4:6d:2f:12:cc:88 rssi=-47 f=5240 sc=60 link=433 tx=216.7, 14.6, 0.0  rx=233.3 bcn=607904 [on:0 tx:0 rx:0 period:1001] from screen [on:474953 period:2865142] score=60
10-22 20:05:21.475  3957  4129 D WifiStateMachine:  L2ConnectedState !RSSI_PKTCNT_FETCH uid=1000 rt=604328060/1660303532 0 0 "ourhome" f4:6d:2f:12:cc:88 rssi=-47 f=5240 sc=60 link=433 tx=216.7, 14.6, 0.0  rx=233.3 bcn=607904 [on:0 tx:0 rx:0 period:1] from screen [on:474953 period:2865143] score=60
10-22 20:05:21.483  3957  4129 D WifiStateMachine: fetchRssiLinkSpeedAndFrequencyNative rssi=-45 linkspeed=433 freq=5240
10-22 20:05:21.483  3957  4129 V WifiConfigManager: Updating scan detail cache freq=5240 BSSID=f4:6d:2f:12:cc:88 RSSI=-45 for "ourhome"WPA_PSK
10-22 20:05:21.488 30430 30741 I BatteryMgr:DataCollectionService: stats => 1697997921488,238,4308,189,0,100
10-22 20:05:21.598 30430 30741 I BatteryMgr:DataCollectionService: stats => 1697997921598,238,4308,189,0,100
10-22 20:05:21.678  3957  4084 D InputReader: Input event(3): value=1 when=604328264278000
10-22 20:05:21.678  3957  4084 D InputReader: Input event(3): value=1 when=604328264278000
10-22 20:05:21.679  3957  4084 I InputReader: Touch event's action is 0x0 (deviceType=0) [pCnt=1, s=0.2465 ] when=604328264278000
10-22 20:05:21.679  3957  4083 I InputDispatcher: Delivering touch to (4340): action: 0x4, toolType: 1
10-22 20:05:21.679  3957  4083 I InputDispatcher: Delivering touch to (30473): action: 0x0, toolType: 1
10-22 20:05:21.680 30473 30473 D ViewRootImpl@bc73a50[App]: ViewPostIme pointer 0
10-22 20:05:21.705 30430 30741 I BatteryMgr:DataCollectionService: stats => 1697997921705,238,4308,189,0,100
10-22 20:05:21.752  3957  4084 D InputReader: Input event(3): value=0 when=604328338332000
10-22 20:05:21.752  3957  4084 D InputReader: Input event(3): value=0 when=604328338332000
10-22 20:05:21.753  3957  4084 I InputReader: Touch event's action is 0x1 (deviceType=0) [pCnt=1, s=] when=604328338332000
10-22 20:05:21.753  3957  4083 I InputDispatcher: Delivering touch to (30473): action: 0x1, toolType: 1
10-22 20:05:21.753 30473 30473 D ViewRootImpl@bc73a50[App]: ViewPostIme pointer 1
10-22 20:05:21.814 30430 30741 I BatteryMgr:DataCollectionService: stats => 1697997921814,238,4308,189,0,100
10-22 20:05:21.902  3957  4128 D WifiService: getConnectionInfo uid=1000
10-22 20:05:21.921 30430 30741 I BatteryMgr:DataCollectionService: stats => 1697997921920,238,4308,189,0,100
10-22 20:05:22.029 30430 30741 I BatteryMgr:DataCollectionService: stats => 1697997922029,238,4308,189,0,100
10-22 20:05:22.136 30430 30741 I BatteryMgr:DataCollectionService: stats => 1697997922136,238,4308,189,0,100
10-22 20:05:22.245 30430 30741 I BatteryMgr:DataCollectionService: stats => 1697997922245,238,4308,189,0,100
10-22 20:05:22.265  3957  4030 D SensorService: [SO] 0.215 -0.124 9.984
10-22 20:05:22.354 30430 30741 I BatteryMgr:DataCollectionService: stats => 1697997922354,238,4308,189,0,100
10-22 20:05:22.464 30430 30741 I BatteryMgr:DataCollectionService: stats => 1697997922464,238,4308,189,0,100
10-22 20:05:22.475  3957  4129 D WifiStateMachine:  ConnectedState !RSSI_PKTCNT_FETCH uid=1000 rt=604329059/1660304532 0 0 "ourhome" f4:6d:2f:12:cc:88 rssi=-45 f=5240 sc=60 link=433 tx=216.7, 14.6, 0.0  rx=233.3 bcn=607904 [on:0 tx:0 rx:0 period:1000] from screen [on:474953 period:2866143] score=60
10-22 20:05:22.477  3957  4129 D WifiStateMachine:  L2ConnectedState !RSSI_PKTCNT_FETCH uid=1000 rt=604329061/1660304533 0 0 "ourhome" f4:6d:2f:12:cc:88 rssi=-45 f=5240 sc=60 link=433 tx=216.7, 14.6, 0.0  rx=233.3 bcn=607904 [on:0 tx:0 rx:0 period:2] from screen [on:474953 period:2866145] score=60
10-22 20:05:22.479  3957  4129 D WifiStateMachine: fetchRssiLinkSpeedAndFrequencyNative rssi=-43 linkspeed=433 freq=5240
10-22 20:05:22.479  3957  4129 V WifiConfigManager: Updating scan detail cache freq=5240 BSSID=f4:6d:2f:12:cc:88 RSSI=-43 for "ourhome"WPA_PSK
10-22 20:05:22.577 30430 30741 I BatteryMgr:DataCollectionService: stats => 1697997922576,238,4308,189,0,100
10-22 20:05:22.587  9273  9310 D ScanRecord: Not a Multi Manu data
10-22 20:05:22.618  9273  9310 I chatty  : uid=1002(bluetooth) BT Service Call identical 31 lines
10-22 20:05:22.618  9273  9310 D ScanRecord: Not a Multi Manu data
10-22 20:05:22.621  3957  4084 D InputReader: Input event(3): value=1 when=604329206720000
10-22 20:05:22.621  3957  4084 D InputReader: Input event(3): value=1 when=604329206720000
10-22 20:05:22.621  3957  4084 I InputReader: Touch event's action is 0x0 (deviceType=0) [pCnt=1, s=0.2466 ] when=604329206720000
10-22 20:05:22.621  3957  4083 I InputDispatcher: Delivering touch to (4340): action: 0x4, toolType: 1
10-22 20:05:22.622  3957  4083 I InputDispatcher: Delivering touch to (30473): action: 0x0, toolType: 1
10-22 20:05:22.622 30473 30473 D ViewRootImpl@bc73a50[App]: ViewPostIme pointer 0
10-22 20:05:22.626  9273  9310 D ScanRecord: Not a Multi Manu data
10-22 20:05:22.681  9273  9310 I chatty  : uid=1002(bluetooth) BT Service Call identical 75 lines
10-22 20:05:22.682  9273  9310 D ScanRecord: Not a Multi Manu data
10-22 20:05:22.689 30430 30741 I BatteryMgr:DataCollectionService: stats => 1697997922689,238,4308,189,0,100
10-22 20:05:22.695  3957  4084 D InputReader: Input event(3): value=0 when=604329281003000
10-22 20:05:22.695  3957  4084 D InputReader: Input event(3): value=0 when=604329281003000
10-22 20:05:22.695  3957  4084 I InputReader: Touch event's action is 0x1 (deviceType=0) [pCnt=1, s=] when=604329281003000
10-22 20:05:22.696  3957  4083 I InputDispatcher: Delivering touch to (30473): action: 0x1, toolType: 1
10-22 20:05:22.697 30473 30473 D ViewRootImpl@bc73a50[App]: ViewPostIme pointer 1
10-22 20:05:22.704  9273  9310 D ScanRecord: Not a Multi Manu data
10-22 20:05:22.778  9273  9310 I chatty  : uid=1002(bluetooth) BT Service Call identical 97 lines
10-22 20:05:22.778  9273  9310 D ScanRecord: Not a Multi Manu data
10-22 20:05:22.802 30430 30741 I BatteryMgr:DataCollectionService: stats => 1697997922801,238,4308,189,0,100
10-22 20:05:22.806  9273  9310 D ScanRecord: Not a Multi Manu data
10-22 20:05:22.879  9273  9310 I chatty  : uid=1002(bluetooth) BT Service Call identical 108 lines
10-22 20:05:22.879  9273  9310 D ScanRecord: Not a Multi Manu data
10-22 20:05:22.904  3957  4128 D WifiService: getConnectionInfo uid=1000
10-22 20:05:22.911  9273  9310 D ScanRecord: Not a Multi Manu data
10-22 20:05:22.927  9273  9310 I chatty  : uid=1002(bluetooth) BT Service Call identical 42 lines
10-22 20:05:22.927  9273  9310 D ScanRecord: Not a Multi Manu data
10-22 20:05:22.929 30430 30741 I BatteryMgr:DataCollectionService: stats => 1697997922928,238,4308,189,0,100
10-22 20:05:22.932  9273  9310 D ScanRecord: Not a Multi Manu data
10-22 20:05:22.946  9273  9310 I chatty  : uid=1002(bluetooth) BT Service Call identical 42 lines
10-22 20:05:22.946  9273  9310 D ScanRecord: Not a Multi Manu data
10-22 20:05:22.947  3957  4129 D WifiStateMachine:  ConnectedState !CMD_RSSI_POLL rt=604329532/1660305005 122 0 "ourhome" f4:6d:2f:12:cc:88 rssi=-43 f=5240 sc=60 link=433 tx=216.7, 14.6, 0.0  rx=233.3 bcn=607904 [on:0 tx:0 rx:0 period:470] from screen [on:474953 period:2866615] score=60
10-22 20:05:22.948  3957  4129 D WifiStateMachine:  L2ConnectedState !CMD_RSSI_POLL rt=604329533/1660305006 122 0 "ourhome" f4:6d:2f:12:cc:88 rssi=-43 f=5240 sc=60 link=433 tx=216.7, 14.6, 0.0  rx=233.3 bcn=607904 [on:0 tx:0 rx:0 period:1] from screen [on:474953 period:2866616] score=60
10-22 20:05:22.948  3957  4129 D WifiStateMachine:  get link layer stats 3
10-22 20:05:22.949  3436  3436 I android.hardware.wifi@1.0-service: getLinkLayerStats
10-22 20:05:22.951  9273  9310 D ScanRecord: Not a Multi Manu data
10-22 20:05:22.952  9273  9310 I chatty  : uid=1002(bluetooth) BT Service Call identical 9 lines
10-22 20:05:22.952  9273  9310 D ScanRecord: Not a Multi Manu data
10-22 20:05:22.952  3957  4129 D WifiStateMachine: fetchRssiLinkSpeedAndFrequencyNative rssi=-43 linkspeed=433 freq=5240
10-22 20:05:22.952  3957  4129 V WifiConfigManager: Updating scan detail cache freq=5240 BSSID=f4:6d:2f:12:cc:88 RSSI=-43 for "ourhome"WPA_PSK
10-22 20:05:22.953  9273  9310 D ScanRecord: Not a Multi Manu data
10-22 20:05:22.953  9273  9310 I chatty  : uid=1002(bluetooth) BT Service Call identical 9 lines
10-22 20:05:22.953  9273  9310 D ScanRecord: Not a Multi Manu data
10-22 20:05:22.955  4340  4340 E SignalClusterView: setSlotFocusVisible : subId -2
10-22 20:05:22.955  9273  9310 D ScanRecord: Not a Multi Manu data
10-22 20:05:22.955  4340  4340 E SignalClusterView: setSlotFocusVisible : subId -2
10-22 20:05:22.955  9273  9310 D ScanRecord: Not a Multi Manu data
10-22 20:05:23.035  9273  9310 I chatty  : uid=1002(bluetooth) BT Service Call identical 74 lines
10-22 20:05:23.035  9273  9310 D ScanRecord: Not a Multi Manu data
10-22 20:05:23.038 30430 30741 I BatteryMgr:DataCollectionService: stats => 1697997923038,238,4308,189,0,100
10-22 20:05:23.145 30430 30741 I BatteryMgr:DataCollectionService: stats => 1697997923145,238,4308,189,0,100
10-22 20:05:23.196 30473 30473 I GeckoSession: handleMessage GeckoView:PageStart uri=
10-22 20:05:23.202  3599  3918 D DnsProxyListener: DNSDBG::dns addrinfo af 0
10-22 20:05:23.203  3599  3918 D DnsProxyListener: DNSDBG::dns addrinfo af 0
10-22 20:05:23.235  3957  5414 D ConnectivityService: filterNetworkStateForUid() uid: 10169 networkInfo: [type: WIFI[] - WIFI, state: CONNECTED/CONNECTED, reason: (unspecified), extra: "ourhome", failover: false, available: true, roaming: false, metered: false]
10-22 20:05:23.235  3957  5414 D WifiService: getConnectionInfo uid=1000
10-22 20:05:23.254 30430 30741 I BatteryMgr:DataCollectionService: stats => 1697997923254,238,4308,189,0,100
10-22 20:05:23.360 30430 30741 I BatteryMgr:DataCollectionService: stats => 1697997923360,238,4308,189,0,100
10-22 20:05:23.441  3957  5414 D WifiService: getConnectionInfo uid=1000
10-22 20:05:23.471 30430 30741 I BatteryMgr:DataCollectionService: stats => 1697997923471,238,4308,189,0,100
10-22 20:05:23.476  3957  4129 D WifiStateMachine:  ConnectedState !RSSI_PKTCNT_FETCH uid=1000 rt=604330060/1660305533 0 0 "ourhome" f4:6d:2f:12:cc:88 rssi=-43 f=5240 sc=60 link=433 tx=156.1, 15.5, 0.0  rx=193.9 bcn=607931 [on:0 tx:0 rx:0 period:523] from screen [on:476764 period:2867144] score=60
10-22 20:05:23.477  3957  4129 D WifiStateMachine:  L2ConnectedState !RSSI_PKTCNT_FETCH uid=1000 rt=604330062/1660305534 0 0 "ourhome" f4:6d:2f:12:cc:88 rssi=-43 f=5240 sc=60 link=433 tx=156.1, 15.5, 0.0  rx=193.9 bcn=607931 [on:0 tx:0 rx:0 period:1] from screen [on:476764 period:2867145] score=60
10-22 20:05:23.482  3957  4129 D WifiStateMachine: fetchRssiLinkSpeedAndFrequencyNative rssi=-49 linkspeed=433 freq=5240
10-22 20:05:23.482  3957  4129 V WifiConfigManager: Updating scan detail cache freq=5240 BSSID=f4:6d:2f:12:cc:88 RSSI=-46 for "ourhome"WPA_PSK
10-22 20:05:23.521  3957  5414 D WifiService: getConnectionInfo uid=1000
10-22 20:05:23.547  3957  5414 D WifiService: getConnectionInfo uid=1000
10-22 20:05:23.581 30430 30741 I BatteryMgr:DataCollectionService: stats => 1697997923581,238,4308,189,0,100
10-22 20:05:23.623  3957  5414 I chatty  : uid=1000(system) Binder:3957_E identical 4 lines
10-22 20:05:23.624  3957  5414 D WifiService: getConnectionInfo uid=1000
10-22 20:05:23.689 30430 30741 I BatteryMgr:DataCollectionService: stats => 1697997923689,238,4308,189,0,100
10-22 20:05:23.796 30430 30741 I BatteryMgr:DataCollectionService: stats => 1697997923796,238,4308,189,0,100
10-22 20:05:23.834  3599  3918 D DnsProxyListener: DNSDBG::dns addrinfo af 0
10-22 20:05:23.836  3957  5414 D ConnectivityService: filterNetworkStateForUid() uid: 10169 networkInfo: [type: WIFI[] - WIFI, state: CONNECTED/CONNECTED, reason: (unspecified), extra: "ourhome", failover: false, available: true, roaming: false, metered: false]
10-22 20:05:23.836  3957  5414 D WifiService: getConnectionInfo uid=1000
10-22 20:05:23.903 30430 30741 I BatteryMgr:DataCollectionService: stats => 1697997923902,238,4308,189,0,100
10-22 20:05:23.907  3957  4128 D WifiService: getConnectionInfo uid=1000
10-22 20:05:24.011 30430 30741 I BatteryMgr:DataCollectionService: stats => 1697997924011,238,4308,189,0,100
10-22 20:05:24.132 30430 30741 I BatteryMgr:DataCollectionService: stats => 1697997924131,238,4308,189,0,100
10-22 20:05:24.243 30430 30741 I BatteryMgr:DataCollectionService: stats => 1697997924243,238,4308,189,0,100
10-22 20:05:24.352 30430 30741 I BatteryMgr:DataCollectionService: stats => 1697997924352,238,4308,189,0,100
10-22 20:05:24.466 30430 30741 I BatteryMgr:DataCollectionService: stats => 1697997924466,238,4308,189,0,100
10-22 20:05:24.479  3957  4129 D WifiStateMachine:  ConnectedState !RSSI_PKTCNT_FETCH uid=1000 rt=604331062/1660306535 0 0 "ourhome" f4:6d:2f:12:cc:88 rssi=-49 f=5240 sc=60 link=433 tx=156.1, 15.5, 0.0  rx=193.9 bcn=607931 [on:0 tx:0 rx:0 period:1002] from screen [on:476764 period:2868147] score=60
10-22 20:05:24.481  3957  4129 D WifiStateMachine:  L2ConnectedState !RSSI_PKTCNT_FETCH uid=1000 rt=604331065/1660306537 0 0 "ourhome" f4:6d:2f:12:cc:88 rssi=-49 f=5240 sc=60 link=433 tx=156.1, 15.5, 0.0  rx=193.9 bcn=607931 [on:0 tx:0 rx:0 period:2] from screen [on:476764 period:2868149] score=60
10-22 20:05:24.483  3957  4129 D WifiStateMachine: fetchRssiLinkSpeedAndFrequencyNative rssi=-46 linkspeed=433 freq=5240
10-22 20:05:24.483  3957  4129 V WifiConfigManager: Updating scan detail cache freq=5240 BSSID=f4:6d:2f:12:cc:88 RSSI=-46 for "ourhome"WPA_PSK
10-22 20:05:24.573 30430 30741 I BatteryMgr:DataCollectionService: stats => 1697997924573,238,4308,189,0,100
10-22 20:05:24.681 30430 30741 I BatteryMgr:DataCollectionService: stats => 1697997924681,238,4308,189,0,100
10-22 20:05:24.798 30430 30741 I BatteryMgr:DataCollectionService: stats => 1697997924798,238,4308,189,0,100
10-22 20:05:24.909  3957  4128 D WifiService: getConnectionInfo uid=1000
10-22 20:05:24.919 30430 30741 I BatteryMgr:DataCollectionService: stats => 1697997924919,166,4308,-82,0,100
10-22 20:05:25.029 30430 30741 I BatteryMgr:DataCollectionService: stats => 1697997925028,166,4308,-82,0,100
10-22 20:05:25.143 30430 30741 I BatteryMgr:DataCollectionService: stats => 1697997925143,166,4308,-82,0,100
10-22 20:05:25.253 30430 30741 I BatteryMgr:DataCollectionService: stats => 1697997925253,166,4308,-82,0,100
