--------- beginning of main
10-22 20:30:38.484 11094 11094 E adbd    : recv: OPEN 00033807 00000000 0042:73 68 65 6C 6C 2C 76 32 2C 54 45 52 4D 3D 78 74 65 72 6D 2D 32 35 36 63 6F 6C 6F 72 2C 72 61 77 3A 67 65 74 70 72 6F 70 20 72 6F 2E 62 75 69 6C 64 2E 76 65 72 73 69 6F 6E 2E 72 65 6C 65 61 73 65 00 
10-22 20:30:38.484 11094 11094 E adbd    : service_to_fd: shell,v2,TERM=xterm-256color,raw:getprop ro.build.version.release
10-22 20:30:38.529 11094 11094 E adbd    : recv: OPEN 0003380b 00000000 003e:73 68 65 6C 6C 2C 76 32 2C 54 45 52 4D 3D 78 74 65 72 6D 2D 32 35 36 63 6F 6C 6F 72 2C 72 61 77 3A 67 65 74 70 72 6F 70 20 72 6F 2E 62 75 69 6C 64 2E 76 65 72 73 69 6F 6E 2E 73 64 6B 00 
10-22 20:30:38.529 11094 11094 E adbd    : service_to_fd: shell,v2,TERM=xterm-256color,raw:getprop ro.build.version.sdk
10-22 20:30:38.583 11094 11094 E adbd    : recv: OPEN 0003380f 00000000 00c4:73 68 65 6C 6C 2C 76 32 2C 54 45 52 4D 3D 78 74 65 72 6D 2D 32 35 36 63 6F 6C 6F 72 2C 72 61 77 3A 61 6D 20 73 74 61 72 74 20 2D 6E 20 22 63 6F 6D 2E 65 78 61 6D 70 6C 65 2E 62 61 74 74 65 72 79 6D 61 6E 61 67 65 72 5F 75 74 69 6C 69 74 79 2F 63 6F 6D 2E 65 78 61 6D 70 6C 65 2E 62 61 74 74 65 72 79 6D 61 6E 61 67 65 72 5F 75 74 69 6C 69 74 79 2E 4D 61 69 6E 41 63 74 69 76 69 74 79 22 20 2D 61 20 61 6E 64 72 6F 69 64 2E 69 6E 74 65 6E 74 2E 61 63 74 69 6F 6E 2E 4D 41 49 4E 20 2D 63 20 61 6E 64 72 6F 69 64 2E 69 6E 74 65 6E 74 2E 63 61 74 65 67 6F 72 79 2E 4C 41 55 4E 43 48 45 52 00 
10-22 20:30:38.583 11094 11094 E adbd    : service_to_fd: shell,v2,TERM=xterm-256color,raw:am start -n "com.example.batterymanager_utility/com.example.batterymanager_utility.MainActivity" -a android.intent.action.MAIN -c android.intent.category.LAUNCHER
--------- beginning of system
10-22 20:30:38.660  3957  5416 D BatteryService: !@BatteryListener : batteryPropertiesChanged!
10-22 20:30:38.669  3957  4129 D WifiStateMachine:  ConnectedState !RSSI_PKTCNT_FETCH uid=1000 rt=605845253/1661820726 0 0 "ourhome" f4:6d:2f:12:cc:88 rssi=-44 f=5240 sc=60 link=433 tx=0.6, 0.0, 0.0  rx=4.1 bcn=622305 [on:0 tx:0 rx:0 period:998] from screen [on:805694 period:4382337] score=60
10-22 20:30:38.670  3957  4129 D WifiStateMachine:  L2ConnectedState !RSSI_PKTCNT_FETCH uid=1000 rt=605845255/1661820727 0 0 "ourhome" f4:6d:2f:12:cc:88 rssi=-44 f=5240 sc=60 link=433 tx=0.6, 0.0, 0.0  rx=4.1 bcn=622305 [on:0 tx:0 rx:0 period:1] from screen [on:805694 period:4382338] score=60
10-22 20:30:38.672  6413  6468 D ScanRecord: Not a Multi Manu data
10-22 20:30:38.672  6413  6468 I chatty  : uid=1002(bluetooth) BT Service Call identical 11 lines
10-22 20:30:38.672  6413  6468 D ScanRecord: Not a Multi Manu data
10-22 20:30:38.673  3957  4129 D WifiStateMachine: fetchRssiLinkSpeedAndFrequencyNative rssi=-45 linkspeed=433 freq=5240
10-22 20:30:38.673  3957  4129 V WifiConfigManager: Updating scan detail cache freq=5240 BSSID=f4:6d:2f:12:cc:88 RSSI=-44 for "ourhome"WPA_PSK
10-22 20:30:38.675  3957  5416 I ActivityManager: START u0 {act=android.intent.action.MAIN typ=null flg=0x10000000 cmp=ComponentInfo{com.example.batterymanager_utility/com.example.batterymanager_utility.MainActivity}} from uid 2000
10-22 20:30:38.675  6413  6468 D ScanRecord: Not a Multi Manu data
10-22 20:30:38.676  3957  5416 D CustomFrequencyManagerService: acquireDVFSLockLocked : type : DVFS_MIN_LIMIT  frequency : 1560000  uid : 1000  pid : 3957  pkgName : AMS_APP_SWITCH@CPU_MIN@52
10-22 20:30:38.679  3957  5416 D ActivityManagerPerformance: AMP_acquire() APP_SWITCH
10-22 20:30:38.679  3957  5022 D ActivityManagerPerformance: Received MSG_CFMS_HINT_AMS_SWITCH pkgName: com.example.batterymanager_utility
10-22 20:30:38.679  6413  6468 I chatty  : uid=1002(bluetooth) BT Service Call identical 24 lines
10-22 20:30:38.679  6413  6468 D ScanRecord: Not a Multi Manu data
10-22 20:30:38.680  3957  6478 D WifiService: getConnectionInfo uid=1000
10-22 20:30:38.685  6672  6672 V Launcher: Launcher.onPause()
10-22 20:30:38.685  6672  6672 D Launcher: setHotWordDetection : call requestHotWordDetection false
10-22 20:30:38.688  3957  3957 D MdnieScenarioControlService: Listener Real Multi Window State : false
10-22 20:30:38.690  6413  6468 D ScanRecord: Not a Multi Manu data
10-22 20:30:38.692  6413  6468 I chatty  : uid=1002(bluetooth) BT Service Call identical 24 lines
10-22 20:30:38.692  6413  6468 D ScanRecord: Not a Multi Manu data
10-22 20:30:38.694  3957  8661 D ActivityManager: isScaleDownAnimationEnabled() : false
10-22 20:30:38.694  7064  7064 I GsaVoiceInteractionSrv: Handling ACTION_STOP_HOTWORD
10-22 20:30:38.694  3957  8661 D StorageManagerService: getExternalStorageMountMode : 1
10-22 20:30:38.694  7064  7124 I HwDetectorWithState: (REDACTED) a: %d
10-22 20:30:38.695  3957  8661 D StorageManagerService: getExternalStorageMountMode : 3
10-22 20:30:38.695  3957  8661 D StorageManagerService: getExternalStorageMountMode : final mountMode=1, uid : 10170, packageName : com.example.batterymanager_utility
10-22 20:30:38.696  3957  8661 I ApplicationPolicy: isApplicationExternalStorageWhitelisted:com.example.batterymanager_utility user:0
10-22 20:30:38.696  3957  8661 D ApplicationPolicy: isApplicationExternalStorageWhitelisted: DO is not enabled on user 0. Allowed.
10-22 20:30:38.696  3957  8661 D ActivityManager: package  com.example.batterymanager_utility, user - 0 is SDcard whitelisted
10-22 20:30:38.696  3957  8661 I ApplicationPolicy: isApplicationExternalStorageBlacklisted:com.example.batterymanager_utility user:0
10-22 20:30:38.696  3957  8661 D ApplicationPolicy: isApplicationExternalStorageBlacklisted: DO is not enabled on user 0. Allowed.
10-22 20:30:38.701  6413  6468 D ScanRecord: Not a Multi Manu data
10-22 20:30:38.701  6413  6468 I chatty  : uid=1002(bluetooth) BT Service Call identical 11 lines
10-22 20:30:38.701  6413  6468 D ScanRecord: Not a Multi Manu data
10-22 20:30:38.709  3957  8661 I ActivityManager: Start proc 8981:com.example.batterymanager_utility/u0a170 for activity com.example.batterymanager_utility/.MainActivity
10-22 20:30:38.711  8981  8981 E Zygote  : isWhitelistProcess - Process is Whitelisted
10-22 20:30:38.711  8981  8981 E libpersona: scanKnoxPersonas
10-22 20:30:38.711  8981  8981 E libpersona: Couldn't open the File - /data/system/users/0/personalist.xml - No such file or directory
10-22 20:30:38.712  3957  4025 D ViewRootImpl@fe5b446[batterymanager_utility]: setView = DecorView@afe055d[batterymanager_utility] TM=true MM=false
10-22 20:30:38.713  8981  8981 W SELinux : SELinux selinux_android_compute_policy_index : Policy Index[2],  Con:u:r:zygote:s0 RAM:SEPF_SM-J720F_8.0.0_0002, [-1 -1 -1 -1 0 1]
10-22 20:30:38.713  8981  8981 I SELinux : SELinux: seapp_context_lookup: seinfo=untrusted, level=s0:c512,c768, pkgname=com.example.batterymanager_utility 
10-22 20:30:38.716  3957  4025 D ViewRootImpl@fe5b446[batterymanager_utility]: dispatchAttachedToWindow
10-22 20:30:38.717  8981  8981 I zygote64: Late-enabling -Xcheck:jni
10-22 20:30:38.717  3957  4025 V WindowManager: Relayout Window{5df4607 u0 Splash Screen com.example.batterymanager_utility}: viewVisibility=0 req=719x1237 WM.LayoutParams{(0,0)(fillxfill) sim=#20 ty=3 fl=#81830118 pfl=0x20011 wanim=0x10302fd vsysui=0x600 needsMenuKey=2 colorMode=0 naviIconColor=0}
10-22 20:30:38.717  6413  6468 D ScanRecord: Not a Multi Manu data
10-22 20:30:38.720  4340  4340 D WallpaperService: updateSurface forceRelayout=true redrawNeeded=false myWidth=1280 myHeight=1280 fixedSize=true x = 0 y = 0 mWidth=1280 mHeight=1280 mIsSleepMode=false
10-22 20:30:38.720  6413  6468 I chatty  : uid=1002(bluetooth) BT Service Call expire 13 lines
10-22 20:30:38.720  6413  6468 D ScanRecord: Not a Multi Manu data
10-22 20:30:38.720  6413  6468 D ScanRecord: Not a Multi Manu data
10-22 20:30:38.720  6413  6468 I chatty  : uid=1002(bluetooth) BT Service Call identical 9 lines
10-22 20:30:38.720  6413  6468 D ScanRecord: Not a Multi Manu data
10-22 20:30:38.721  3447  3447 I SurfaceFlinger: id=3566 createSurf (720x1280),1 flag=404, Splash Screen com.example.batterymanager_utility#0
10-22 20:30:38.723  3957  4025 V Surface : sf_framedrop debug : 0x4f4c, game : false, logging : 0
10-22 20:30:38.724  3957  4025 V WindowManager: rotationForOrientationLw(orient=-1, last=0); user=0  sensorRotation=-1 mLidState=-1 mDockMode=0 mHdmiPlugged=false
10-22 20:30:38.724  6413  6468 D ScanRecord: Not a Multi Manu data
10-22 20:30:38.725  6413  6468 I chatty  : uid=1002(bluetooth) BT Service Call identical 11 lines
10-22 20:30:38.725  6413  6468 D ScanRecord: Not a Multi Manu data
10-22 20:30:38.726  3957  4025 D InputDispatcher: Focus left window: 6672
10-22 20:30:38.726  3957  4025 D ViewRootImpl@fe5b446[batterymanager_utility]: Relayout returned: old=[0,0][0,0] new=[0,0][720,1280] result=0x7 surface={valid=true 501282848768} changed=true
10-22 20:30:38.727  3957  4650 V WindowManager: Relayout Window{b8b4ba7 u0 com.android.systemui.ImageWallpaper}: viewVisibility=0 req=1280x1280 WM.LayoutParams{(0,0)(1280x1280) gr=#800033 ty=2013 fl=#10318 fmt=2 wanim=0x103030e colorMode=0 naviIconColor=0}
10-22 20:30:38.731  6672  6672 D ViewRootImpl@f16fe66[LauncherActivity]: MSG_WINDOW_FOCUS_CHANGED 0
10-22 20:30:38.731  4340  4340 D ImageWallpaper: onOffsetsChanged: xOffset=0.0, yOffset=0.0, xOffsetStep=0.0, yOffsetStep=0.0, xPixels=0, yPixels=0
10-22 20:30:38.731  4340  4340 D ImageWallpaper: newRotation : 0,mLastRotation : 0
10-22 20:30:38.732  4340  4340 D ImageWallpaper: drawFrame:[frame.width()]1280[frame.height()]1280
10-22 20:30:38.732  4340  4340 D ImageWallpaper: surfaceDimensionsChanged=false mDisplayWidth=720 mDisplayHeight=1280
10-22 20:30:38.732  4340  4340 D ImageWallpaper: redrawNeeded = false, mOffsetsChanged = false
10-22 20:30:38.732  4340  4340 D ImageWallpaper: Suppressed drawFrame since redraw is not needed and offsets have not changed.
10-22 20:30:38.732  6413  6468 D ScanRecord: Not a Multi Manu data
10-22 20:30:38.732  6413  6468 D ScanRecord: Not a Multi Manu data
10-22 20:30:38.732  3957  4025 D ViewRootImpl@fe5b446[batterymanager_utility]: MSG_RESIZED_REPORT: frame=Rect(0, 0 - 720, 1280) ci=Rect(0, 42 - 0, 0) vi=Rect(0, 42 - 0, 0) or=1
10-22 20:30:38.732  6413  6468 D ScanRecord: Not a Multi Manu data
10-22 20:30:38.740  3957  4025 V WindowManager: finishDrawingLocked: mDrawState=COMMIT_DRAW_PENDING Window{5df4607 u0 Splash Screen com.example.batterymanager_utility} in Surface(name=Splash Screen com.example.batterymanager_utility)
10-22 20:30:38.760  6413  6468 I chatty  : uid=1002(bluetooth) BT Service Call identical 87 lines
10-22 20:30:38.760  6413  6468 D ScanRecord: Not a Multi Manu data
10-22 20:30:38.761  8981  8981 D TimaKeyStoreProvider: TimaKeyStore is not enabled: cannot add TimaSignature Service and generateKeyPair Service
10-22 20:30:38.762  8981  8981 D ActivityThread: Added TimaKeyStore provider
10-22 20:30:38.766  6413  6468 D ScanRecord: Not a Multi Manu data
10-22 20:30:38.766  3957  4650 I ActivityManager: DSS on for com.example.batterymanager_utility and scale is 1.0
10-22 20:30:38.775  6413  6468 I chatty  : uid=1002(bluetooth) BT Service Call identical 47 lines
10-22 20:30:38.775  3957  4650 D PersonaManagerService: Current focused persona service handled id set to : 0
10-22 20:30:38.775  6413  6468 D ScanRecord: Not a Multi Manu data
10-22 20:30:38.775  6413  6468 D ScanRecord: Not a Multi Manu data
10-22 20:30:38.775  6413  6468 I chatty  : uid=1002(bluetooth) BT Service Call identical 1 line
10-22 20:30:38.775  6413  6468 D ScanRecord: Not a Multi Manu data
10-22 20:30:38.776  3957  4650 D InputDispatcher: Focused application set to: xxxx
10-22 20:30:38.778  3957  4220 D GameManagerService: handleForegroundChange(). pkgName: com.example.batterymanager_utility, clsName: com.example.batterymanager_utility.MainActivity,FgActivityName:com.example.batterymanager_utility/.MainActivity
10-22 20:30:38.778  3957  4650 D MARsPolicyManager: onPackageResumedFG pkgName = com.example.batterymanager_utility, userId = 0
10-22 20:30:38.778  3957  4220 D GameManagerService: sem_perfomance_mode: 3
10-22 20:30:38.778  3957  4220 D GameManagerService: notifyResumePause(). pkg: com.example.batterymanager_utility, type: 4, isMinimized: false, isTunableApp: false
10-22 20:30:38.778  3957  4220 D GameManagerService:   notifyResumePause(). unexpected mPrevNotiType: -1
10-22 20:30:38.780  3957  4650 D SamsungAnimationCreator: createAnimation type:LowEnd transit:12 enter:false wallpaperXoffset:-280 split:false fixedOri:false
10-22 20:30:38.780  3957  4650 D SamsungAnimationCreator: createAnimation displayFrame:Rect(0, 0 - 720, 1280) frame:null insets:null
10-22 20:30:38.787  6413  6468 D ScanRecord: Not a Multi Manu data
10-22 20:30:38.787  3957  6478 D GamePkgDataHelper: getGamePkgDataIncServer(). com.example.batterymanager_utility
10-22 20:30:38.788  3957  6478 D GameManagerService: identifyGamePackage. com.example.batterymanager_utility
10-22 20:30:38.788  3957  6478 D GamePkgDataHelper: getGamePkgData(). com.example.batterymanager_utility
10-22 20:30:38.789  3957  6478 D GameManagerService: identifyGamePackage. com.example.batterymanager_utility
10-22 20:30:38.789  3957  6478 D GamePkgDataHelper: getGamePkgData(). com.example.batterymanager_utility
10-22 20:30:38.789  3957  6478 D GamePkgDataHelper: getSosPolicy(). com.example.batterymanager_utility
10-22 20:30:38.789  6413  6468 I chatty  : uid=1002(bluetooth) BT Service Call identical 24 lines
10-22 20:30:38.789  6413  6468 D ScanRecord: Not a Multi Manu data
10-22 20:30:38.790  3957  6478 D GameManagerService: identifyGamePackage. com.example.batterymanager_utility
10-22 20:30:38.790  3957  3973 D WindowManager: set systemUiVisibility : systemUiFlags= 0x608 fullscreenStackSysUiFlags= 0x0
10-22 20:30:38.790  3957  6478 D GamePkgDataHelper: getGamePkgData(). com.example.batterymanager_utility
10-22 20:30:38.791  3957  8661 D WindowManager: adjustSystemUiVisibilityLw : vis= 0x608
10-22 20:30:38.796  3957  6478 D GameManagerService: identifyGamePackage. com.example.batterymanager_utility
10-22 20:30:38.796  3957  6478 D GamePkgDataHelper: getGamePkgData(). com.example.batterymanager_utility
10-22 20:30:38.799  6672  6672 I Launcher: onWindowVisibilityChanged : false
10-22 20:30:38.800  6413  6468 D ScanRecord: Not a Multi Manu data
10-22 20:30:38.807  6672  6839 D OpenGLRenderer: eglDestroySurface = 0x74d1cef340
10-22 20:30:38.807  6413  6468 I chatty  : uid=1002(bluetooth) BT Service Call expire 18 lines
10-22 20:30:38.807  6413  6468 D ScanRecord: Not a Multi Manu data
10-22 20:30:38.807  6413  6468 D ScanRecord: Not a Multi Manu data
10-22 20:30:38.807  6413  6468 I chatty  : uid=1002(bluetooth) BT Service Call identical 4 lines
10-22 20:30:38.807  6413  6468 D ScanRecord: Not a Multi Manu data
10-22 20:30:38.808  3957  5416 V WindowManager: Relayout Window{1d20f47 u0 com.sec.android.app.launcher/com.sec.android.app.launcher.activities.LauncherActivity}: viewVisibility=8 req=720x1280 WM.LayoutParams{(0,0)(fillxfill) sim=#130 ty=1 fl=#81910d00 pfl=0x20000 fmt=-2 wanim=0x10302ea vsysui=0x700 needsMenuKey=2 colorMode=0 naviIconColor=0}
10-22 20:30:38.808  8981  8981 I zygote64: no shared libraies, dex_files: 1
10-22 20:30:38.812  6672  6672 D ViewRootImpl@f16fe66[LauncherActivity]: Relayout returned: old=[0,0][720,1280] new=[0,0][720,1280] result=0x5 surface={valid=false 0} changed=true
10-22 20:30:38.813  6413  6468 D ScanRecord: Not a Multi Manu data
10-22 20:30:38.821  4340 29993 D SystemServicesProxy: updateOverviewLastStackActiveTimeAsync: newTime=1697999226404
10-22 20:30:38.822  6413  6468 I chatty  : uid=1002(bluetooth) BT Service Call identical 24 lines
10-22 20:30:38.822  6413  6468 D ScanRecord: Not a Multi Manu data
10-22 20:30:38.822  3957  4650 D SecContentProvider: query(), uri = 17 selection = isSettingsChangesAllowed
10-22 20:30:38.823  3957  4650 D SecContentProvider: called from android.uid.systemui:10009
10-22 20:30:38.824  4340  4692 D SystemServicesProxy: updateOverviewLastStackActiveTimeAsync: done.
10-22 20:30:38.825  3957  4650 D PackageManager: getComponentMetadataForIconTray : org.mozilla.fenix.HomeActivity does not exist in mServices
10-22 20:30:38.825  3957  4650 D PackageManager: getComponentMetadataForIconTray : org.mozilla.fenix.HomeActivity does not exist in mProviders
10-22 20:30:38.825  3957  4650 D PackageManager: getComponentMetadataForIconTray : org.mozilla.fenix.HomeActivity does not exist in mReceivers
10-22 20:30:38.825  4340 29993 D ApplicationPackageManager: updateItemMetaDataForFixedIconScale: package: org.mozilla.fenix
10-22 20:30:38.826  3957  4650 D PackageManager: getSelectedMetaData : packageName(org.mozilla.fenix) or Metadata strings {[Ljava.lang.String;@ca1a4cc}
10-22 20:30:38.826  4340 29993 I ApplicationPackageManager: return adaptive icon for org.mozilla.fenix
10-22 20:30:38.827  6413  6468 D ScanRecord: Not a Multi Manu data
10-22 20:30:38.829  6413  6468 I chatty  : uid=1002(bluetooth) BT Service Call identical 37 lines
10-22 20:30:38.829  6413  6468 D ScanRecord: Not a Multi Manu data
10-22 20:30:38.832  3957  4324 I OpenGLRenderer: Initialized EGL, version 1.4
10-22 20:30:38.832  3957  4324 D OpenGLRenderer: Swap behavior 2
10-22 20:30:38.834  6413  6468 D ScanRecord: Not a Multi Manu data
10-22 20:30:38.838  6413  6468 I chatty  : uid=1002(bluetooth) BT Service Call identical 37 lines
10-22 20:30:38.838  6413  6468 D ScanRecord: Not a Multi Manu data
10-22 20:30:38.856  8981  8981 I BatteryMgr:App: creating notification channel
10-22 20:30:38.857  6413  6468 D ScanRecord: Not a Multi Manu data
10-22 20:30:38.871  6413  6468 I chatty  : uid=1002(bluetooth) BT Service Call identical 50 lines
10-22 20:30:38.871  6413  6468 D ScanRecord: Not a Multi Manu data
10-22 20:30:38.871  3447  3447 I SurfaceFlinger: Display 0 HWC layers:
10-22 20:30:38.871  3447  3447 I SurfaceFlinger:     type    |    handle    | flag |  format   |   source crop (l,t,r,b)    |         frame       | name 
10-22 20:30:38.871  3447  3447 I SurfaceFlinger: ------------+--------------+------+-----------+----------------------------+---------------------+------
10-22 20:30:38.871  3447  3447 I SurfaceFlinger:      Device | 0x7e9ec22c80 | 0002 | RGBx_8888 | 280.0    0.0 1000.0 1280.0 |    0    0  720 1280 | com.android.systemui.ImageWallpaper#0
10-22 20:30:38.871  3447  3447 I SurfaceFlinger:      Device | 0x7ea50249c0 | 0000 | RGBA_8888 |  21.0   37.0  700.0 1244.0 |    0    0  720 1280 | com.sec.android.app.launcher/com.sec[...]uncher.activities.LauncherActivity#0
10-22 20:30:38.871  3447  3447 I SurfaceFlinger:      Device | 0x7e9ed39e80 | 0002 | RGBA_8888 |   0.0    0.0  720.0 1280.0 |  133  236  588 1044 | Splash Screen com.example.batterymanager_utility#0
10-22 20:30:38.871  3447  3447 I SurfaceFlinger:      Device | 0x7ea5024780 | 0000 | RGBA_8888 |   0.0    0.0  720.0   42.0 |    0    0  720   42 | StatusBar#0
10-22 20:30:38.871  3447  3447 I SurfaceFlinger: 
10-22 20:30:38.876  6413  6468 D ScanRecord: Not a Multi Manu data
10-22 20:30:38.918  3957  4089 D MdnieScenarioControlService:  packageName : com.example.batterymanager_utility    className : com.example.batterymanager_utility.MainActivity
10-22 20:30:38.918  3957  4089 V MdnieScenarioControlService: setUIMode from UI function(3)
10-22 20:30:38.943  6413  6468 I chatty  : uid=1002(bluetooth) BT Service Call identical 141 lines
10-22 20:30:38.943  6413  6468 D ScanRecord: Not a Multi Manu data
10-22 20:30:38.946  8981  8998 D OpenGLRenderer: HWUI GL Pipeline
10-22 20:30:38.947  6413  6468 D ScanRecord: Not a Multi Manu data
10-22 20:30:38.954  6413  6468 I chatty  : uid=1002(bluetooth) BT Service Call identical 37 lines
10-22 20:30:38.954  6413  6468 D ScanRecord: Not a Multi Manu data
10-22 20:30:38.954  8981  8981 D ViewRootImpl@4470b6[MainActivity]: setView = DecorView@a3fa1b7[MainActivity] TM=true MM=false
10-22 20:30:38.955  3957  4650 D ActivityManager: post active user change for 0 fullscreen true isHomeActivity() false
10-22 20:30:38.957  6413  6468 D ScanRecord: Not a Multi Manu data
10-22 20:30:39.049  6413  6468 I chatty  : uid=1002(bluetooth) BT Service Call identical 219 lines
10-22 20:30:39.049  6413  6468 D ScanRecord: Not a Multi Manu data
10-22 20:30:39.074  8981  8981 W zygote64: Class androidx.compose.runtime.snapshots.SnapshotStateList failed lock verification and will run slower.
10-22 20:30:39.075  8981  8981 W zygote64: Common causes for lock verification issues are non-optimized dex code
10-22 20:30:39.075  8981  8981 W zygote64: and incorrect proguard optimizations.
10-22 20:30:39.078  6413  6468 D ScanRecord: Not a Multi Manu data
10-22 20:30:39.094  6413  6468 I chatty  : uid=1002(bluetooth) BT Service Call identical 24 lines
10-22 20:30:39.094  6413  6468 D ScanRecord: Not a Multi Manu data
10-22 20:30:39.100  3957  4129 D WifiStateMachine:  ConnectedState !CMD_RSSI_POLL rt=605845685/1661821157 122 0 "ourhome" f4:6d:2f:12:cc:88 rssi=-45 f=5240 sc=60 link=433 tx=0.6, 0.0, 0.0  rx=4.1 bcn=622305 [on:0 tx:0 rx:0 period:430] from screen [on:805694 period:4382768] score=60
10-22 20:30:39.100  3957  4129 D WifiStateMachine:  L2ConnectedState !CMD_RSSI_POLL rt=605845685/1661821158 122 0 "ourhome" f4:6d:2f:12:cc:88 rssi=-45 f=5240 sc=60 link=433 tx=0.6, 0.0, 0.0  rx=4.1 bcn=622305 [on:0 tx:0 rx:0 period:0] from screen [on:805694 period:4382768] score=60
10-22 20:30:39.100  3957  4129 D WifiStateMachine:  get link layer stats 3
10-22 20:30:39.101  3436  3436 I android.hardware.wifi@1.0-service: getLinkLayerStats
10-22 20:30:39.105  3957  4129 D WifiStateMachine: fetchRssiLinkSpeedAndFrequencyNative rssi=-45 linkspeed=433 freq=5240
10-22 20:30:39.105  3957  4129 V WifiConfigManager: Updating scan detail cache freq=5240 BSSID=f4:6d:2f:12:cc:88 RSSI=-44 for "ourhome"WPA_PSK
10-22 20:30:39.108  4340  4340 E SignalClusterView: setSlotFocusVisible : subId -2
10-22 20:30:39.109  4340  4340 E SignalClusterView: setSlotFocusVisible : subId -2
10-22 20:30:39.113  6413  6468 D ScanRecord: Not a Multi Manu data
10-22 20:30:39.163  6413  6468 I chatty  : uid=1002(bluetooth) BT Service Call identical 141 lines
10-22 20:30:39.163  6413  6468 D ScanRecord: Not a Multi Manu data
10-22 20:30:39.184  8981  8981 D ViewRootImpl@4470b6[MainActivity]: dispatchAttachedToWindow
10-22 20:30:39.219  3447  3447 I SurfaceFlinger: Display 0 HWC layers:
10-22 20:30:39.219  3447  3447 I SurfaceFlinger:     type    |    handle    | flag |  format   |   source crop (l,t,r,b)    |         frame       | name 
10-22 20:30:39.219  3447  3447 I SurfaceFlinger: ------------+--------------+------+-----------+----------------------------+---------------------+------
10-22 20:30:39.219  3447  3447 I SurfaceFlinger:      Device | 0x7e9ed39e80 | 0002 | RGBA_8888 |   0.0    0.0  720.0 1280.0 |    0    0  720 1280 | Splash Screen com.example.batterymanager_utility#0
10-22 20:30:39.219  3447  3447 I SurfaceFlinger:      Device | 0x7ea5024780 | 0000 | RGBA_8888 |   0.0    0.0  720.0   42.0 |    0    0  720   42 | StatusBar#0
10-22 20:30:39.219  3447  3447 I SurfaceFlinger: 
10-22 20:30:39.232  3957  4650 V WindowManager: Relayout Window{ed43b91 u0 com.example.batterymanager_utility/com.example.batterymanager_utility.MainActivity}: viewVisibility=0 req=719x1237 WM.LayoutParams{(0,0)(fillxfill) sim=#120 ty=1 fl=#81810100 pfl=0x20000 wanim=0x10302fd vsysui=0x600 needsMenuKey=2 colorMode=0 naviIconColor=0}
10-22 20:30:39.237  3447  3447 I SurfaceFlinger: id=3567 createSurf (720x1280),1 flag=404, com.example.batterymanager_utility/com.example.batterymanager_utility.MainActivity#0
10-22 20:30:39.238  3957  4650 V Surface : sf_framedrop debug : 0x4f4c, game : false, logging : 0
10-22 20:30:39.242  3957  4650 D InputDispatcher: Focus entered window: 8981
10-22 20:30:39.242  3957  4128 D WifiService: getConnectionInfo uid=1000
10-22 20:30:39.243  3957  4025 I WindowManager: Destroying surface Surface(name=com.sec.android.app.launcher/com.sec.android.app.launcher.activities.LauncherActivity) called by com.android.server.wm.WindowStateAnimator.destroySurface:2501 com.android.server.wm.WindowStateAnimator.destroySurfaceLocked:985 com.android.server.wm.WindowState.destroyOrSaveSurfaceUnchecked:3670 com.android.server.wm.WindowState.destroySurface:3618 com.android.server.wm.AppWindowToken.destroySurfaces:722 com.android.server.wm.AppWindowToken.destroySurfaces:706 com.android.server.wm.WindowState.onExitAnimationDone:5316 com.android.server.wm.AppWindowAnimator.stepAnimationLocked:508 
10-22 20:30:39.243  3447  3489 I SurfaceFlinger: id=3565 Removed com.sec.android.app.launcher/com.sec.android.app.launcher.activities.LauncherActivity#0 (1/6)
10-22 20:30:39.244  8981  8981 V Surface : sf_framedrop debug : 0x4f4c, game : false, logging : 0
10-22 20:30:39.246  8981  8981 D ViewRootImpl@4470b6[MainActivity]: Relayout returned: old=[0,0][0,0] new=[0,0][720,1280] result=0x7 surface={valid=true 502085042176} changed=true
10-22 20:30:39.247  3447  3489 I SurfaceFlinger: id=3565 Removed com.sec.android.app.launcher/com.sec.android.app.launcher.activities.LauncherActivity#0 (-2/6)
10-22 20:30:39.249  4340 29993 D WallpaperService: dispatchAppVisibility onVisibilityChanged(): false
10-22 20:30:39.249  4340  4340 D ImageWallpaper: onVisibilityChanged: mVisible, visible=true, false
10-22 20:30:39.249  4340  4340 D ImageWallpaper: Visibility changed to visible=false
10-22 20:30:39.249  4340  4340 D WallpaperService: reportVisibility onVisibilityChanged visible: false
10-22 20:30:39.249  3447  3447 I Layer   : id=3565 onRemoved com.sec.android.app.launcher/com.sec.android.app.launcher.activities.LauncherActivity#0 
10-22 20:30:39.253  8981  8998 I OpenGLRenderer: Initialized EGL, version 1.4
10-22 20:30:39.253  8981  8998 D OpenGLRenderer: Swap behavior 2
10-22 20:30:39.259  8981  8998 D libGLESv1: STS_GLApi : DTS, ODTC are not allowed for Package : com.example.batterymanager_utility
10-22 20:30:39.260  8981  8998 D mali_winsys: EGLint new_window_surface(egl_winsys_display *, void *, EGLSurface, EGLConfig, egl_winsys_surface **, egl_color_buffer_format *, EGLBoolean) returns 0x3000,  [720x1280]-format:1
10-22 20:30:39.260  8981  8998 D OpenGLRenderer: eglCreateWindowSurface = 0x74d44a8b40
10-22 20:30:39.265  8981  8981 D Compose Focus: Owner FocusChanged(true)
10-22 20:30:39.330  3957  4650 V WindowManager: finishDrawingLocked: mDrawState=COMMIT_DRAW_PENDING Window{ed43b91 u0 com.example.batterymanager_utility/com.example.batterymanager_utility.MainActivity} in Surface(name=com.example.batterymanager_utility/com.example.batterymanager_utility.MainActivity)
10-22 20:30:39.331  8981  8981 D ViewRootImpl@4470b6[MainActivity]: MSG_RESIZED_REPORT: frame=Rect(0, 0 - 720, 1280) ci=Rect(0, 42 - 0, 0) vi=Rect(0, 42 - 0, 0) or=1
10-22 20:30:39.332  8981  8981 D ViewRootImpl@4470b6[MainActivity]: MSG_WINDOW_FOCUS_CHANGED 1
10-22 20:30:39.339  8981  8981 V InputMethodManager: Starting input: tba=android.view.inputmethod.EditorInfo@83e742a nm : com.example.batterymanager_utility ic=null
10-22 20:30:39.340  8981  8981 I InputMethodManager: startInputInner - mService.startInputOrWindowGainedFocus
10-22 20:30:39.340  3957  3981 I ActivityManager: Displayed com.example.batterymanager_utility/.MainActivity: +642ms
10-22 20:30:39.340  3957  4650 D InputMethodManagerService: startInputOrWindowGainedFocus : windowGainedFocus 
10-22 20:30:39.340  3957  4650 D InputMethodManagerService: windowGainedFocus: destinationUserId (getCallingUid) = 0
10-22 20:30:39.340  3957  4650 D InputMethodManagerService: windowGainedFocus: currentUserId=0
10-22 20:30:39.340  3957  4650 D InputMethodManagerService: windowGainedFocus: mCurrentFocusedUserId=0
10-22 20:30:39.340  3957  4650 D InputMethodManagerService: windowGainedFocus : lock - currentUserId = 0 destinationUserId = 0
10-22 20:30:39.340  3957  4650 D InputMethodManagerService: windowGainedFocus : mCurrentFocusedUserId - 0 and mSecureKeypadEnabled - false, userSwitched - false
10-22 20:30:39.341  3957  3981 D CustomFrequencyManagerService: acquireDVFSLockLocked : type : DVFS_MIN_LIMIT  frequency : 1560000  uid : 1000  pid : 3957  pkgName : AMS_RESUME_TAIL@CPU_MIN@58
10-22 20:30:39.341  3957  3981 D ActivityManagerPerformance: AMP_acquire() TAIL
10-22 20:30:39.341  3957  3981 D CustomFrequencyManagerService: releaseDVFSLockLocked : Getting Lock type frm List : DVFS_MIN_LIMIT  frequency : 1560000  uid : 1000  pid : 3957  tag : AMS_APP_SWITCH@CPU_MIN@52
10-22 20:30:39.341  3957  4025 D ViewRootImpl@fe5b446[batterymanager_utility]: dispatchDetachedFromWindow
10-22 20:30:39.341  3957  4025 D InputEventReceiver: channel '5df4607 Splash Screen com.example.batterymanager_utility (client)' ~ Disposing input event receiver.
10-22 20:30:39.341  3957  4650 V InputMethodManagerService: windowGainedFocus : reason=WINDOW_FOCUS_GAIN client=android.os.BinderProxy@1ef7c1b inputContext=null missingMethods= attribute=android.view.inputmethod.EditorInfo@87fbef7 nm = com.example.batterymanager_utility controlFlags=#105 softInputMode=#120 windowFlags=#81810100
10-22 20:30:39.341  3957  4025 D InputEventReceiver: channel '5df4607 Splash Screen com.example.batterymanager_utility (client)' ~NativeInputEventReceiver.
10-22 20:30:39.341  3957  4650 V InputMethodManagerService: hideCurrentInputLocked : shouldHideSoftInput is false
10-22 20:30:39.342  3957  3981 D ActivityManagerPerformance: AMP_release() APP_SWITCH
10-22 20:30:39.344  3957  4650 D InputMethodManagerService: isImeSwitcherDisabledPackage : false
10-22 20:30:39.344  3957  4650 V InputMethodManagerService: Creating new session for client ClientState{82e9082 uid 10170 pid 8981}
10-22 20:30:39.347  3957  4650 D InputMethodManagerService: setCurrentInputInfo - inputContext : null eidtorInfo : android.view.inputmethod.EditorInfo@87fbef7 missingMethods : 0
10-22 20:30:39.348  6394  6394 I InputMethodWrapper:  call dispatchStartInputWithToken
10-22 20:30:39.348  6394  6394 I InputMethodService: dispatchStartInputWithToken
10-22 20:30:39.349  6394  6394 I SKBD    : SamsungKeypad [IMI] onStartInput - caller pid : 8981, caller uid : 10170
10-22 20:30:39.362  8981  8981 V InputMethodManager: Starting input: tba=android.view.inputmethod.EditorInfo@c78721b nm : com.example.batterymanager_utility ic=null
10-22 20:30:39.368  6672  6672 D StageManager: saved stages : inStack [1] , outStack[2]
10-22 20:30:39.387  3447  3447 I SurfaceFlinger: Display 0 HWC layers:
10-22 20:30:39.387  3447  3447 I SurfaceFlinger:     type    |    handle    | flag |  format   |   source crop (l,t,r,b)    |         frame       | name 
10-22 20:30:39.387  3447  3447 I SurfaceFlinger: ------------+--------------+------+-----------+----------------------------+---------------------+------
10-22 20:30:39.387  3447  3447 I SurfaceFlinger:      Device | 0x7ea5024480 | 0002 | RGBA_8888 |   0.0    0.0  720.0 1280.0 |    0    0  720 1280 | com.example.batterymanager_utility/c[...]atterymanager_utility.MainActivity#0
10-22 20:30:39.387  3447  3447 I SurfaceFlinger:      Device | 0x7e9ed39e80 | 0002 | RGBA_8888 |   0.0    0.0  720.0 1280.0 |    0    0  720 1280 | Splash Screen com.example.batterymanager_utility#0
10-22 20:30:39.387  3447  3447 I SurfaceFlinger:      Device | 0x7ea5024780 | 0000 | RGBA_8888 |   0.0    0.0  720.0   42.0 |    0    0  720   42 | StatusBar#0
10-22 20:30:39.387  3447  3447 I SurfaceFlinger: 
10-22 20:30:39.518  3957  4089 D MdnieScenarioControlService:  packageName : com.example.batterymanager_utility    className : com.example.batterymanager_utility.MainActivity
10-22 20:30:39.518  3957  4089 V MdnieScenarioControlService: setUIMode from UI function(3)
10-22 20:30:39.521  3957  4025 I WindowManager: Destroying surface Surface(name=Splash Screen com.example.batterymanager_utility) called by com.android.server.wm.WindowStateAnimator.destroySurface:2501 com.android.server.wm.WindowStateAnimator.destroySurfaceLocked:985 com.android.server.wm.WindowState.destroyOrSaveSurfaceUnchecked:3670 com.android.server.wm.WindowState.destroySurface:3618 com.android.server.wm.AppWindowToken.destroySurfaces:722 com.android.server.wm.AppWindowToken.destroySurfaces:706 com.android.server.wm.WindowState.onExitAnimationDone:5316 com.android.server.wm.WindowStateAnimator.stepAnimationLocked:550 
10-22 20:30:39.521  3447 18688 I SurfaceFlinger: id=3566 Removed Splash Screen com.example.batterymanager_utility#0 (3/5)
10-22 20:30:39.522  3447  3447 I SurfaceFlinger: Display 0 HWC layers:
10-22 20:30:39.522  3447  3447 I SurfaceFlinger:     type    |    handle    | flag |  format   |   source crop (l,t,r,b)    |         frame       | name 
10-22 20:30:39.522  3447  3447 I SurfaceFlinger: ------------+--------------+------+-----------+----------------------------+---------------------+------
10-22 20:30:39.522  3447  3447 I SurfaceFlinger:      Client | 0x7ea5024480 | 0002 | RGBA_8888 |   0.0    0.0  720.0 1280.0 |    0    0  720 1280 | com.example.batterymanager_utility/c[...]atterymanager_utility.MainActivity#0
10-22 20:30:39.522  3447  3447 I SurfaceFlinger:      Client | 0x7ea5024780 | 0000 | RGBA_8888 |   0.0    0.0  720.0   42.0 |    0    0  720   42 | StatusBar#0
10-22 20:30:39.522  3447  3447 I SurfaceFlinger: 
10-22 20:30:39.526  3447  5168 I SurfaceFlinger: id=3566 Removed Splash Screen com.example.batterymanager_utility#0 (-2/5)
10-22 20:30:39.533  3447  3447 I Layer   : id=3566 onRemoved Splash Screen com.example.batterymanager_utility#0 
10-22 20:30:39.611  3957  6478 D SSRM:k  : SIOP:: AP = 370, PST = 385 (W:14), BAT = 328, USB = 0, CHG = 0
10-22 20:30:39.670  3957  4129 D WifiStateMachine:  ConnectedState !RSSI_PKTCNT_FETCH uid=1000 rt=605846254/1661821727 0 0 "ourhome" f4:6d:2f:12:cc:88 rssi=-45 f=5240 sc=60 link=433 tx=0.2, 0.0, 0.0  rx=1.5 bcn=622334 [on:0 tx:0 rx:0 period:563] from screen [on:805777 period:4383337] score=60
10-22 20:30:39.671  3957  4129 D WifiStateMachine:  L2ConnectedState !RSSI_PKTCNT_FETCH uid=1000 rt=605846255/1661821728 0 0 "ourhome" f4:6d:2f:12:cc:88 rssi=-45 f=5240 sc=60 link=433 tx=0.2, 0.0, 0.0  rx=1.5 bcn=622334 [on:0 tx:0 rx:0 period:2] from screen [on:805777 period:4383339] score=60
10-22 20:30:39.677  3957  4129 D WifiStateMachine: fetchRssiLinkSpeedAndFrequencyNative rssi=-46 linkspeed=433 freq=5240
10-22 20:30:39.677  3957  4129 V WifiConfigManager: Updating scan detail cache freq=5240 BSSID=f4:6d:2f:12:cc:88 RSSI=-45 for "ourhome"WPA_PSK
10-22 20:30:39.942  3957  3957 D CustomFrequencyManagerService: releaseDVFSLockLocked : Getting Lock type frm List : DVFS_MIN_LIMIT  frequency : 1560000  uid : 1000  pid : 3957  tag : AMS_RESUME_TAIL@CPU_MIN@58
10-22 20:30:40.245  3957  4128 D WifiService: getConnectionInfo uid=1000
10-22 20:30:40.674  3957  4129 D WifiStateMachine:  ConnectedState !RSSI_PKTCNT_FETCH uid=1000 rt=605847257/1661822730 0 0 "ourhome" f4:6d:2f:12:cc:88 rssi=-46 f=5240 sc=60 link=433 tx=0.2, 0.0, 0.0  rx=1.5 bcn=622334 [on:0 tx:0 rx:0 period:1002] from screen [on:805777 period:4384341] score=60
10-22 20:30:40.677  3957  4129 D WifiStateMachine:  L2ConnectedState !RSSI_PKTCNT_FETCH uid=1000 rt=605847260/1661822733 0 0 "ourhome" f4:6d:2f:12:cc:88 rssi=-46 f=5240 sc=60 link=433 tx=0.2, 0.0, 0.0  rx=1.5 bcn=622334 [on:0 tx:0 rx:0 period:3] from screen [on:805777 period:4384344] score=60
10-22 20:30:40.680  3957  4129 D WifiStateMachine: fetchRssiLinkSpeedAndFrequencyNative rssi=-45 linkspeed=433 freq=5240
10-22 20:30:40.680  3957  4129 V WifiConfigManager: Updating scan detail cache freq=5240 BSSID=f4:6d:2f:12:cc:88 RSSI=-45 for "ourhome"WPA_PSK
10-22 20:30:40.711  3957  3957 D PreBindingService: handleMessage : 1
10-22 20:30:41.249  3957  4128 D WifiService: getConnectionInfo uid=1000
10-22 20:30:41.676  3957  4129 D WifiStateMachine:  ConnectedState !RSSI_PKTCNT_FETCH uid=1000 rt=605848260/1661823732 0 0 "ourhome" f4:6d:2f:12:cc:88 rssi=-45 f=5240 sc=60 link=433 tx=0.2, 0.0, 0.0  rx=1.5 bcn=622334 [on:0 tx:0 rx:0 period:1000] from screen [on:805777 period:4385344] score=60
10-22 20:30:41.679  3957  4129 D WifiStateMachine:  L2ConnectedState !RSSI_PKTCNT_FETCH uid=1000 rt=605848262/1661823735 0 0 "ourhome" f4:6d:2f:12:cc:88 rssi=-45 f=5240 sc=60 link=433 tx=0.2, 0.0, 0.0  rx=1.5 bcn=622334 [on:0 tx:0 rx:0 period:3] from screen [on:805777 period:4385347] score=60
10-22 20:30:41.687  3957  4129 D WifiStateMachine: fetchRssiLinkSpeedAndFrequencyNative rssi=-46 linkspeed=433 freq=5240
10-22 20:30:41.687  3957  4129 V WifiConfigManager: Updating scan detail cache freq=5240 BSSID=f4:6d:2f:12:cc:88 RSSI=-45 for "ourhome"WPA_PSK
10-22 20:30:41.813  4961  4961 D io_stats: !@ 179,0 r 10433183 343221492 w 2187015 42705616 d 176384 37402264 f 643204 668784 iot 4755140 4095178 th 51200 0 0 pt 0 inp 0 0 605848.397
10-22 20:30:42.109  3957  4129 D WifiStateMachine:  ConnectedState !CMD_RSSI_POLL rt=605848692/1661824165 122 0 "ourhome" f4:6d:2f:12:cc:88 rssi=-46 f=5240 sc=60 link=433 tx=0.2, 0.0, 0.0  rx=1.5 bcn=622334 [on:0 tx:0 rx:0 period:430] from screen [on:805777 period:4385777] score=60
10-22 20:30:42.112  3957  4129 D WifiStateMachine:  L2ConnectedState !CMD_RSSI_POLL rt=605848695/1661824167 122 0 "ourhome" f4:6d:2f:12:cc:88 rssi=-46 f=5240 sc=60 link=433 tx=0.2, 0.0, 0.0  rx=1.5 bcn=622334 [on:0 tx:0 rx:0 period:2] from screen [on:805777 period:4385779] score=60
10-22 20:30:42.112  3957  4129 D WifiStateMachine:  get link layer stats 3
10-22 20:30:42.113  3436  3436 I android.hardware.wifi@1.0-service: getLinkLayerStats
10-22 20:30:42.127  3957  4129 D WifiStateMachine: fetchRssiLinkSpeedAndFrequencyNative rssi=-45 linkspeed=433 freq=5240
10-22 20:30:42.128  3957  4129 V WifiConfigManager: Updating scan detail cache freq=5240 BSSID=f4:6d:2f:12:cc:88 RSSI=-45 for "ourhome"WPA_PSK
10-22 20:30:42.134  4340  4340 E SignalClusterView: setSlotFocusVisible : subId -2
10-22 20:30:42.134  4340  4340 E SignalClusterView: setSlotFocusVisible : subId -2
10-22 20:30:42.252  3957  4128 D WifiService: getConnectionInfo uid=1000
10-22 20:30:42.341  3957  4030 D SensorService: [SO] 0.172 -0.115 9.984
10-22 20:30:42.677  3957  4129 D WifiStateMachine:  ConnectedState !RSSI_PKTCNT_FETCH uid=1000 rt=605849261/1661824733 0 0 "ourhome" f4:6d:2f:12:cc:88 rssi=-45 f=5240 sc=60 link=433 tx=0.7, 0.0, 0.0  rx=4.4 bcn=622363 [on:0 tx:0 rx:0 period:545] from screen [on:806360 period:4386345] score=60
10-22 20:30:42.680  3957  4129 D WifiStateMachine:  L2ConnectedState !RSSI_PKTCNT_FETCH uid=1000 rt=605849263/1661824736 0 0 "ourhome" f4:6d:2f:12:cc:88 rssi=-45 f=5240 sc=60 link=433 tx=0.7, 0.0, 0.0  rx=4.4 bcn=622363 [on:0 tx:0 rx:0 period:3] from screen [on:806360 period:4386348] score=60
10-22 20:30:42.685  3957  6478 D TelephonyManager: getAllCellInfo : Caller (PID / UID / TID): 3957 / 1000 / 6478
10-22 20:30:42.688  3957  4129 D WifiStateMachine: fetchRssiLinkSpeedAndFrequencyNative rssi=-44 linkspeed=433 freq=5240
10-22 20:30:42.688  3957  4129 V WifiConfigManager: Updating scan detail cache freq=5240 BSSID=f4:6d:2f:12:cc:88 RSSI=-44 for "ourhome"WPA_PSK
10-22 20:30:42.732  3957  6478 D WifiService: getConnectionInfo uid=1000
10-22 20:30:43.255  3957  4128 D WifiService: getConnectionInfo uid=1000
10-22 20:30:43.674  6413  6468 D ScanRecord: Not a Multi Manu data
10-22 20:30:43.675  6413  6468 I chatty  : uid=1002(bluetooth) BT Service Call identical 11 lines
10-22 20:30:43.675  6413  6468 D ScanRecord: Not a Multi Manu data
10-22 20:30:43.679  3957  4129 D WifiStateMachine:  ConnectedState !RSSI_PKTCNT_FETCH uid=1000 rt=605850262/1661825734 0 0 "ourhome" f4:6d:2f:12:cc:88 rssi=-44 f=5240 sc=60 link=433 tx=0.7, 0.0, 0.0  rx=4.4 bcn=622363 [on:0 tx:0 rx:0 period:999] from screen [on:806360 period:4387347] score=60
10-22 20:30:43.679  6413  6468 D ScanRecord: Not a Multi Manu data
10-22 20:30:43.680  6413  6468 I chatty  : uid=1002(bluetooth) BT Service Call identical 11 lines
10-22 20:30:43.680  6413  6468 D ScanRecord: Not a Multi Manu data
10-22 20:30:43.682  3957  4129 D WifiStateMachine:  L2ConnectedState !RSSI_PKTCNT_FETCH uid=1000 rt=605850265/1661825738 0 0 "ourhome" f4:6d:2f:12:cc:88 rssi=-44 f=5240 sc=60 link=433 tx=0.7, 0.0, 0.0  rx=4.4 bcn=622363 [on:0 tx:0 rx:0 period:3] from screen [on:806360 period:4387350] score=60
10-22 20:30:43.685  3957  4129 D WifiStateMachine: fetchRssiLinkSpeedAndFrequencyNative rssi=-45 linkspeed=433 freq=5240
10-22 20:30:43.685  6413  6468 D ScanRecord: Not a Multi Manu data
10-22 20:30:43.685  6413  6468 D ScanRecord: Not a Multi Manu data
10-22 20:30:43.685  3957  4129 V WifiConfigManager: Updating scan detail cache freq=5240 BSSID=f4:6d:2f:12:cc:88 RSSI=-44 for "ourhome"WPA_PSK
10-22 20:30:43.686  6413  6468 D ScanRecord: Not a Multi Manu data
10-22 20:30:43.760  6413  6468 I chatty  : uid=1002(bluetooth) BT Service Call identical 152 lines
10-22 20:30:43.760  6413  6468 D ScanRecord: Not a Multi Manu data
10-22 20:30:43.761 11094 11094 E adbd    : recv: OPEN 00033813 00000000 003f:73 68 65 6C 6C 2C 76 32 2C 54 45 52 4D 3D 78 74 65 72 6D 2D 32 35 36 63 6F 6C 6F 72 2C 72 61 77 3A 6D 6F 6E 6B 65 79 20 2D 70 20 6F 72 67 2E 6D 6F 7A 69 6C 6C 61 2E 66 65 6E 69 78 20 31 00 
10-22 20:30:43.762 11094 11094 E adbd    : service_to_fd: shell,v2,TERM=xterm-256color,raw:monkey -p org.mozilla.fenix 1
10-22 20:30:43.764  6413  6468 D ScanRecord: Not a Multi Manu data
10-22 20:30:44.165  6413  6468 I chatty  : uid=1002(bluetooth) BT Service Call identical 856 lines
10-22 20:30:44.165  6413  6468 D ScanRecord: Not a Multi Manu data
10-22 20:30:44.250  9014  9014 W ADebug  : Failed to get property persist.sys.media.traces
10-22 20:30:44.258  3957  4128 D WifiService: getConnectionInfo uid=1000
10-22 20:30:44.273  9014  9014 E appproc : Enhanced Zygote ASLR: ro.knox.enhance.zygote.aslr != 1. Enhanced Zygote ASLR is DISABLED!
10-22 20:30:44.273  9014  9014 D AndroidRuntime: >>>>>> START com.android.internal.os.RuntimeInit uid 2000 <<<<<<
10-22 20:30:44.287  9014  9014 D SecNativeFeatureCppIf: encoded
10-22 20:30:44.287  9014  9014 D SecNativeFeatureCppIf: decoding and unzip finish
10-22 20:30:44.287  9014  9014 D SecNativeFeatureCppIf: use unCompDataBuff. encoded
10-22 20:30:44.290  9014  9014 D SecNativeFeatureCppIf: Free unCompDataBuff
10-22 20:30:44.291  9014  9014 D SecNativeFeatureCppIf: encoded
10-22 20:30:44.291  9014  9014 D SecNativeFeatureCppIf: decoding and unzip finish
10-22 20:30:44.291  9014  9014 D SecNativeFeatureCppIf: use unCompDataBuff. encoded
10-22 20:30:44.291  9014  9014 D SecNativeFeatureCppIf: Free unCompDataBuff
10-22 20:30:44.291  9014  9014 D SecNativeFeatureCppIf: encoded
10-22 20:30:44.291  9014  9014 D SecNativeFeatureCppIf: decoding and unzip finish
10-22 20:30:44.291  9014  9014 D SecNativeFeatureCppIf: use unCompDataBuff. encoded
10-22 20:30:44.292  9014  9014 D SecNativeFeatureCppIf: Free unCompDataBuff
10-22 20:30:44.292  9014  9014 D SecNativeFeatureCppIf: encoded
10-22 20:30:44.292  9014  9014 D SecNativeFeatureCppIf: decoding and unzip finish
10-22 20:30:44.292  9014  9014 D SecNativeFeatureCppIf: use unCompDataBuff. encoded
10-22 20:30:44.292  9014  9014 D SecNativeFeatureCppIf: Free unCompDataBuff
10-22 20:30:44.482  9014  9014 D ICU     : Timezone override file found: /data/misc/zoneinfo/current/icu/icu_tzdata.dat
10-22 20:30:44.511  9014  9014 I app_process: find the special shared library, skip check
10-22 20:30:44.571  9014  9014 D SemCscFeature: Encoded
10-22 20:30:44.574  9014  9014 I chatty  : uid=2000(shell) identical 2 lines
10-22 20:30:44.575  9014  9014 D SemCscFeature: Encoded
10-22 20:30:44.577  9014  9014 E SemAffinityControl: SemAffinityControl: registerfunction enter
10-22 20:30:44.591  9014  9014 D AndroidRuntime: Calling main entry com.android.commands.monkey.Monkey
10-22 20:30:44.664  3957  3972 W BroadcastQueue: Skipping deliver [background] BroadcastRecord{a3932ce u-1 android.net.conn.CONNECTIVITY_CHANGE} to ReceiverList{12995ef 9014 (unknown name)/2000/u-1 remote:8278fd0}: process gone or crashing
10-22 20:30:44.680  3957  4129 D WifiStateMachine:  ConnectedState !RSSI_PKTCNT_FETCH uid=1000 rt=605851263/1661826735 0 0 "ourhome" f4:6d:2f:12:cc:88 rssi=-45 f=5240 sc=60 link=433 tx=0.7, 0.0, 0.0  rx=4.4 bcn=622363 [on:0 tx:0 rx:0 period:997] from screen [on:806360 period:4388347] score=60
10-22 20:30:44.682  3957  4129 D WifiStateMachine:  L2ConnectedState !RSSI_PKTCNT_FETCH uid=1000 rt=605851265/1661826738 0 0 "ourhome" f4:6d:2f:12:cc:88 rssi=-45 f=5240 sc=60 link=433 tx=0.7, 0.0, 0.0  rx=4.4 bcn=622363 [on:0 tx:0 rx:0 period:2] from screen [on:806360 period:4388349] score=60
10-22 20:30:44.686  3957  4129 D WifiStateMachine: fetchRssiLinkSpeedAndFrequencyNative rssi=-44 linkspeed=433 freq=5240
10-22 20:30:44.686  3957  4129 V WifiConfigManager: Updating scan detail cache freq=5240 BSSID=f4:6d:2f:12:cc:88 RSSI=-44 for "ourhome"WPA_PSK
10-22 20:30:44.734  3957  5416 I ActivityManager: START u0 {act=android.intent.action.MAIN typ=null flg=0x10200000 cmp=ComponentInfo{org.mozilla.fenix/org.mozilla.fenix.App}} from uid 2000
10-22 20:30:44.739  3957  5416 W Binder  : Outgoing transactions from this process must be FLAG_ONEWAY
10-22 20:30:44.739  3957  5416 W Binder  : java.lang.Throwable
10-22 20:30:44.739  3957  5416 W Binder  : 	at android.os.BinderProxy.transact(Binder.java:744)
10-22 20:30:44.739  3957  5416 W Binder  : 	at android.app.IActivityController$Stub$Proxy.activityStarting(IActivityController.java:172)
10-22 20:30:44.739  3957  5416 W Binder  : 	at com.android.server.am.ActivityStarter.startActivity(ActivityStarter.java:648)
10-22 20:30:44.739  3957  5416 W Binder  : 	at com.android.server.am.ActivityStarter.startActivityLocked(ActivityStarter.java:410)
10-22 20:30:44.739  3957  5416 W Binder  : 	at com.android.server.am.ActivityStarter.startActivityMayWait(ActivityStarter.java:1283)
10-22 20:30:44.739  3957  5416 W Binder  : 	at com.android.server.am.ActivityManagerService.startActivityAsUser(ActivityManagerService.java:6033)
10-22 20:30:44.739  3957  5416 W Binder  : 	at com.android.server.am.ActivityManagerService.startActivity(ActivityManagerService.java:5885)
10-22 20:30:44.739  3957  5416 W Binder  : 	at android.app.IActivityManager$Stub.onTransact(IActivityManager.java:121)
10-22 20:30:44.739  3957  5416 W Binder  : 	at com.android.server.am.ActivityManagerService.onTransact(ActivityManagerService.java:3861)
10-22 20:30:44.739  3957  5416 W Binder  : 	at android.os.Binder.execTransact(Binder.java:682)
10-22 20:30:44.745  3957  5416 D CustomFrequencyManagerService: acquireDVFSLockLocked : type : DVFS_MIN_LIMIT  frequency : 1560000  uid : 1000  pid : 3957  pkgName : AMS_APP_SWITCH@CPU_MIN@52
10-22 20:30:44.749  3957  5416 D ActivityManagerPerformance: AMP_acquire() APP_SWITCH
10-22 20:30:44.749  3957  5022 D ActivityManagerPerformance: Received MSG_CFMS_HINT_AMS_SWITCH pkgName: org.mozilla.fenix
10-22 20:30:44.751  3957  6478 D WifiService: getConnectionInfo uid=1000
10-22 20:30:44.758  3957  5416 V WindowManager: rotationForOrientationLw(orient=-1, last=0); user=0  sensorRotation=-1 mLidState=-1 mDockMode=0 mHdmiPlugged=false
10-22 20:30:44.759  3957  3973 D SensorService: Calling activate off 1600221811
10-22 20:30:44.759  3957  3973 D SensorService: [SO] activate (ident=0x74ee01edc0, enabled=0)
10-22 20:30:44.759  3434  3434 I Sensors : AccelerometerSensor:setEnableAcc: handle 0, en 0, old_en 1
10-22 20:30:44.763  3957  3973 D SensorManager: unregisterListener ::   
10-22 20:30:44.763  3957  5416 V WindowManager: rotationForOrientationLw(orient=-1, last=0); user=0 USER_ROTATION_LOCKED sensorRotation=-1 mLidState=-1 mDockMode=0 mHdmiPlugged=false
10-22 20:30:44.765  8981  9024 D ProfileInstaller: Installing profile for com.example.batterymanager_utility
10-22 20:30:44.767  3957  3973 V WindowManager: rotationForOrientationLw(orient=-1, last=0); user=0 USER_ROTATION_LOCKED sensorRotation=-1 mLidState=-1 mDockMode=0 mHdmiPlugged=false
10-22 20:30:44.767  3957  8661 D ActivityManager: isScaleDownAnimationEnabled() : false
10-22 20:30:44.768  3957  8661 D StorageManagerService: getExternalStorageMountMode : 1
10-22 20:30:44.768  3957  8661 D StorageManagerService: getExternalStorageMountMode : 3
10-22 20:30:44.768  3957  8661 D StorageManagerService: getExternalStorageMountMode : final mountMode=1, uid : 10169, packageName : org.mozilla.fenix
10-22 20:30:44.769  3957  8661 I ApplicationPolicy: isApplicationExternalStorageWhitelisted:org.mozilla.fenix user:0
10-22 20:30:44.769  3957  8661 D ApplicationPolicy: isApplicationExternalStorageWhitelisted: DO is not enabled on user 0. Allowed.
10-22 20:30:44.769  3957  8661 D ActivityManager: package  org.mozilla.fenix, user - 0 is SDcard whitelisted
10-22 20:30:44.769  3957  8661 I ApplicationPolicy: isApplicationExternalStorageBlacklisted:org.mozilla.fenix user:0
10-22 20:30:44.769  3957  8661 D ApplicationPolicy: isApplicationExternalStorageBlacklisted: DO is not enabled on user 0. Allowed.
10-22 20:30:44.769  8981  8986 I zygote64: Do partial code cache collection, code=30KB, data=25KB
10-22 20:30:44.770  8981  8986 I zygote64: After code cache collection, code=30KB, data=25KB
10-22 20:30:44.770  8981  8986 I zygote64: Increasing code cache capacity to 128KB
10-22 20:30:44.773  4340  4731 D Tile.RotationLockTile:  handleUpdateState: true orientation = true
10-22 20:30:44.776  4340  4731 D Tile.RotationLockTile:  handleUpdateState: true orientation = true
10-22 20:30:44.780  9025  9025 E Zygote  : isWhitelistProcess - Process is Whitelisted
10-22 20:30:44.780  9025  9025 E libpersona: scanKnoxPersonas
10-22 20:30:44.780  3957  8661 I ActivityManager: Start proc 9025:org.mozilla.fenix/u0a169 for activity org.mozilla.fenix/.App
10-22 20:30:44.780  9025  9025 E libpersona: Couldn't open the File - /data/system/users/0/personalist.xml - No such file or directory
10-22 20:30:44.782  9025  9025 W SELinux : SELinux selinux_android_compute_policy_index : Policy Index[2],  Con:u:r:zygote:s0 RAM:SEPF_SM-J720F_8.0.0_0002, [-1 -1 -1 -1 0 1]
