10-22 20:31:08.902  9424  9424 I FenixApplication: onTrimMemory(), level=10, main=false
10-22 20:31:08.907  6413  6468 D ScanRecord: Not a Multi Manu data
10-22 20:31:08.909  6413  6468 I chatty  : uid=1002(bluetooth) BT Service Call identical 24 lines
10-22 20:31:08.909  6413  6468 D ScanRecord: Not a Multi Manu data
10-22 20:31:08.910  3957 10037 I ActivityManager: Process com.android.vending (pid 9527) has died: cch+4CEM (100,443)
10-22 20:31:08.911  3446  3446 E lowmemorykiller: Error opening /proc/9615/oom_score_adj; errno=2
10-22 20:31:08.912  6413  6468 D ScanRecord: Not a Multi Manu data
10-22 20:31:08.922  6413  6468 I chatty  : uid=1002(bluetooth) BT Service Call identical 76 lines
10-22 20:31:08.922  6413  6468 D ScanRecord: Not a Multi Manu data
10-22 20:31:08.926  9025  9025 I FenixApplication: onTrimMemory(), level=10, main=true
10-22 20:31:08.927  6413  6468 D ScanRecord: Not a Multi Manu data
10-22 20:31:08.959  6413  6468 I chatty  : uid=1002(bluetooth) BT Service Call identical 141 lines
10-22 20:31:08.959  6413  6468 D ScanRecord: Not a Multi Manu data
10-22 20:31:08.969  9202  9202 I MemoryController: onTrimMemory(10)
10-22 20:31:08.969  9682  9682 I MemoryController: onTrimMemory(10)
10-22 20:31:08.969  9124  9124 I MemoryController: onTrimMemory(10)
10-22 20:31:08.970  9424  9424 I MemoryController: onTrimMemory(10)
10-22 20:31:08.971  6413  6468 D ScanRecord: Not a Multi Manu data
10-22 20:31:08.979  6413  6468 I chatty  : uid=1002(bluetooth) BT Service Call identical 50 lines
10-22 20:31:08.980  6413  6468 D ScanRecord: Not a Multi Manu data
10-22 20:31:08.989  9124  9124 I FenixApplication: onTrimMemory(), level=15, main=false
10-22 20:31:08.989  9682  9682 I FenixApplication: onTrimMemory(), level=15, main=false
10-22 20:31:08.989  9424  9424 I FenixApplication: onTrimMemory(), level=15, main=false
10-22 20:31:08.989  9202  9202 I FenixApplication: onTrimMemory(), level=15, main=false
10-22 20:31:08.989  9202  9202 I MemoryController: onTrimMemory(15)
10-22 20:31:08.989  9124  9124 I MemoryController: onTrimMemory(15)
10-22 20:31:08.989  9682  9682 I MemoryController: onTrimMemory(15)
10-22 20:31:08.989  9424  9424 I MemoryController: onTrimMemory(15)
10-22 20:31:09.006  6413  6468 D ScanRecord: Not a Multi Manu data
10-22 20:31:09.010  6413  6468 I chatty  : uid=1002(bluetooth) BT Service Call identical 50 lines
10-22 20:31:09.010  6413  6468 D ScanRecord: Not a Multi Manu data
10-22 20:31:09.016  9025  9025 I MemoryController: onTrimMemory(15)
10-22 20:31:09.016  9025  9025 I FenixApplication: onTrimMemory(), level=15, main=true
10-22 20:31:09.017  6413  6468 D ScanRecord: Not a Multi Manu data
10-22 20:31:09.020  6413  6468 I chatty  : uid=1002(bluetooth) BT Service Call identical 24 lines
10-22 20:31:09.020  6413  6468 D ScanRecord: Not a Multi Manu data
10-22 20:31:09.023  3957 10037 W ActivityManager: Exception when unbinding service com.android.vending/com.google.android.finsky.ipcservers.background.BackgroundGrpcServerAndroidService
10-22 20:31:09.023  3957 10037 W ActivityManager: android.os.DeadObjectException
10-22 20:31:09.023  3957 10037 W ActivityManager: 	at android.os.BinderProxy.transactNative(Native Method)
10-22 20:31:09.023  3957 10037 W ActivityManager: 	at android.os.BinderProxy.transact(Binder.java:761)
10-22 20:31:09.023  3957 10037 W ActivityManager: 	at android.app.IApplicationThread$Stub$Proxy.scheduleUnbindService(IApplicationThread.java:1575)
10-22 20:31:09.023  3957 10037 W ActivityManager: 	at com.android.server.am.ActiveServices.removeConnectionLocked(ActiveServices.java:2928)
10-22 20:31:09.023  3957 10037 W ActivityManager: 	at com.android.server.am.ActiveServices.killServicesLocked(ActiveServices.java:3338)
10-22 20:31:09.023  3957 10037 W ActivityManager: 	at com.android.server.am.ActivityManagerService.cleanUpApplicationRecordLocked(ActivityManagerService.java:22230)
10-22 20:31:09.023  3957 10037 W ActivityManager: 	at com.android.server.am.ActivityManagerService.handleAppDiedLocked(ActivityManagerService.java:6981)
10-22 20:31:09.023  3957 10037 W ActivityManager: 	at com.android.server.am.ActivityManagerService.appDiedLocked(ActivityManagerService.java:7240)
10-22 20:31:09.023  3957 10037 W ActivityManager: 	at com.android.server.am.ActivityManagerService$AppDeathRecipient.binderDied(ActivityManagerService.java:2024)
10-22 20:31:09.023  3957 10037 W ActivityManager: 	at android.os.BinderProxy.sendDeathNotice(Binder.java:841)
10-22 20:31:09.024  3446  3446 E lowmemorykiller: Error opening /proc/9615/oom_score_adj; errno=2
10-22 20:31:09.025  6413  6468 D ScanRecord: Not a Multi Manu data
10-22 20:31:09.034  3957 18006 I ActivityManager: Process com.android.vending:background (pid 9615) has died: cch+2CEM (72,464)
10-22 20:31:09.035  6413  6468 I chatty  : uid=1002(bluetooth) BT Service Call identical 24 lines
10-22 20:31:09.035  6413  6468 D ScanRecord: Not a Multi Manu data
10-22 20:31:09.045  8981  9339 I BatteryMgr:DataCollectionService: stats => 1697999469045,-396,4308,-214,0,100
10-22 20:31:09.045  6413  6468 D ScanRecord: Not a Multi Manu data
10-22 20:31:09.049  3957  3973 W Looper  : Dispatch took 257ms on android.ui, h=Handler (com.android.server.am.ActivityManagerService$UiHandler) {84f2c15} cb=null msg=53
10-22 20:31:09.152  6413  6468 I chatty  : uid=1002(bluetooth) BT Service Call identical 180 lines
10-22 20:31:09.152  6413  6468 D ScanRecord: Not a Multi Manu data
10-22 20:31:09.153  8981  9339 I BatteryMgr:DataCollectionService: stats => 1697999469153,-396,4308,-214,0,100
10-22 20:31:09.155  6413  6468 D ScanRecord: Not a Multi Manu data
10-22 20:31:09.163  6413  6468 I chatty  : uid=1002(bluetooth) BT Service Call identical 50 lines
10-22 20:31:09.163  6413  6468 D ScanRecord: Not a Multi Manu data
10-22 20:31:09.236  3957  4129 D WifiStateMachine:  ConnectedState !CMD_RSSI_POLL rt=605875821/1661851293 122 0 "ourhome" f4:6d:2f:12:cc:88 rssi=-44 f=5240 sc=60 link=433 tx=43.2, 1.0, 0.0  rx=64.4 bcn=622587 [on:0 tx:0 rx:0 period:527] from screen [on:821137 period:4412904] score=60
10-22 20:31:09.237  3957  4129 D WifiStateMachine:  L2ConnectedState !CMD_RSSI_POLL rt=605875822/1661851294 122 0 "ourhome" f4:6d:2f:12:cc:88 rssi=-44 f=5240 sc=60 link=433 tx=43.2, 1.0, 0.0  rx=64.4 bcn=622587 [on:0 tx:0 rx:0 period:1] from screen [on:821137 period:4412905] score=60
10-22 20:31:09.237  3957  4129 D WifiStateMachine:  get link layer stats 3
10-22 20:31:09.238  3436  3436 I android.hardware.wifi@1.0-service: getLinkLayerStats
10-22 20:31:09.243  3957  4129 D WifiStateMachine: fetchRssiLinkSpeedAndFrequencyNative rssi=-45 linkspeed=433 freq=5240
10-22 20:31:09.243  3957  4129 V WifiConfigManager: Updating scan detail cache freq=5240 BSSID=f4:6d:2f:12:cc:88 RSSI=-44 for "ourhome"WPA_PSK
10-22 20:31:09.247  4340  4340 E SignalClusterView: setSlotFocusVisible : subId -2
10-22 20:31:09.248  4340  4340 E SignalClusterView: setSlotFocusVisible : subId -2
10-22 20:31:09.250  3957 18006 D ConnectivityService: filterNetworkStateForUid() uid: 10169 networkInfo: [type: WIFI[] - WIFI, state: CONNECTED/CONNECTED, reason: (unspecified), extra: "ourhome", failover: false, available: true, roaming: false, metered: false]
10-22 20:31:09.250  3957 18006 D WifiService: getConnectionInfo uid=1000
10-22 20:31:09.261  8981  9339 I BatteryMgr:DataCollectionService: stats => 1697999469261,-396,4308,-214,0,100
10-22 20:31:09.308  3957  4128 D WifiService: getConnectionInfo uid=1000
10-22 20:31:09.368  8981  9339 I BatteryMgr:DataCollectionService: stats => 1697999469368,-396,4308,-214,0,100
10-22 20:31:09.474  8981  9339 I BatteryMgr:DataCollectionService: stats => 1697999469474,-396,4308,-214,0,100
10-22 20:31:09.580  8981  9339 I BatteryMgr:DataCollectionService: stats => 1697999469580,-396,4308,-214,0,100
10-22 20:31:09.687  8981  9339 I BatteryMgr:DataCollectionService: stats => 1697999469687,-396,4308,-214,0,100
10-22 20:31:09.696  3957  6478 D SSRM:k  : SIOP:: AP = 450, PST = 393 (W:10), BAT = 328, USB = 0, CHG = 0
10-22 20:31:09.709  3957  4129 D WifiStateMachine:  ConnectedState !RSSI_PKTCNT_FETCH uid=1000 rt=605876293/1661851766 0 0 "ourhome" f4:6d:2f:12:cc:88 rssi=-45 f=5240 sc=60 link=433 tx=24.7, 0.4, 0.0  rx=35.7 bcn=622616 [on:0 tx:0 rx:0 period:463] from screen [on:823190 period:4413376] score=60
10-22 20:31:09.710  3957  4129 D WifiStateMachine:  L2ConnectedState !RSSI_PKTCNT_FETCH uid=1000 rt=605876294/1661851767 0 0 "ourhome" f4:6d:2f:12:cc:88 rssi=-45 f=5240 sc=60 link=433 tx=24.7, 0.4, 0.0  rx=35.7 bcn=622616 [on:0 tx:0 rx:0 period:2] from screen [on:823190 period:4413378] score=60
10-22 20:31:09.716  3957  4129 D WifiStateMachine: fetchRssiLinkSpeedAndFrequencyNative rssi=-44 linkspeed=433 freq=5240
10-22 20:31:09.717  3957  4129 V WifiConfigManager: Updating scan detail cache freq=5240 BSSID=f4:6d:2f:12:cc:88 RSSI=-44 for "ourhome"WPA_PSK
10-22 20:31:09.740  3957  6478 D WifiService: getConnectionInfo uid=1000
10-22 20:31:09.794  8981  9339 I BatteryMgr:DataCollectionService: stats => 1697999469794,-257,4308,-174,0,100
10-22 20:31:09.902  8981  9339 I BatteryMgr:DataCollectionService: stats => 1697999469902,-257,4308,-174,0,100
10-22 20:31:10.009  8981  9339 I BatteryMgr:DataCollectionService: stats => 1697999470009,-257,4308,-174,0,100
10-22 20:31:10.117  8981  9339 I BatteryMgr:DataCollectionService: stats => 1697999470117,-257,4308,-174,0,100
10-22 20:31:10.222  8981  8986 I zygote64: Do partial code cache collection, code=61KB, data=46KB
10-22 20:31:10.224  8981  8986 I zygote64: After code cache collection, code=61KB, data=46KB
10-22 20:31:10.225  8981  8986 I zygote64: Increasing code cache capacity to 256KB
10-22 20:31:10.225  8981  9339 I BatteryMgr:DataCollectionService: stats => 1697999470225,-257,4308,-174,0,100
10-22 20:31:10.239  3957 18006 D BatteryService: !@BatteryListener : batteryPropertiesChanged!
10-22 20:31:10.310  3957  4128 D WifiService: getConnectionInfo uid=1000
10-22 20:31:10.336  8981  9339 I BatteryMgr:DataCollectionService: stats => 1697999470336,-257,4308,-174,0,100
10-22 20:31:10.441  8981  9339 I BatteryMgr:DataCollectionService: stats => 1697999470441,-257,4308,-174,0,100
10-22 20:31:10.546  8981  9339 I BatteryMgr:DataCollectionService: stats => 1697999470546,-257,4308,-174,0,100
10-22 20:31:10.655  8981  9339 I BatteryMgr:DataCollectionService: stats => 1697999470655,-257,4308,-174,0,100
10-22 20:31:10.711  3957  4129 D WifiStateMachine:  ConnectedState !RSSI_PKTCNT_FETCH uid=1000 rt=605877295/1661852767 0 0 "ourhome" f4:6d:2f:12:cc:88 rssi=-44 f=5240 sc=60 link=433 tx=24.7, 0.4, 0.0  rx=35.7 bcn=622616 [on:0 tx:0 rx:0 period:1000] from screen [on:823190 period:4414378] score=60
10-22 20:31:10.713  3957  4129 D WifiStateMachine:  L2ConnectedState !RSSI_PKTCNT_FETCH uid=1000 rt=605877297/1661852769 0 0 "ourhome" f4:6d:2f:12:cc:88 rssi=-44 f=5240 sc=60 link=433 tx=24.7, 0.4, 0.0  rx=35.7 bcn=622616 [on:0 tx:0 rx:0 period:2] from screen [on:823190 period:4414380] score=60
10-22 20:31:10.724  3957  4129 D WifiStateMachine: fetchRssiLinkSpeedAndFrequencyNative rssi=-44 linkspeed=433 freq=5240
10-22 20:31:10.724  3957  4129 V WifiConfigManager: Updating scan detail cache freq=5240 BSSID=f4:6d:2f:12:cc:88 RSSI=-44 for "ourhome"WPA_PSK
10-22 20:31:10.762  8981  9339 I BatteryMgr:DataCollectionService: stats => 1697999470762,-257,4308,-174,0,100
10-22 20:31:10.878  8981  9339 I BatteryMgr:DataCollectionService: stats => 1697999470878,-257,4308,-174,0,100
10-22 20:31:10.986  8981  9339 I BatteryMgr:DataCollectionService: stats => 1697999470986,-257,4308,-174,0,100
10-22 20:31:11.093  8981  9339 I BatteryMgr:DataCollectionService: stats => 1697999471093,-257,4308,-174,0,100
10-22 20:31:11.203  8981  9339 I BatteryMgr:DataCollectionService: stats => 1697999471203,-257,4308,-174,0,100
10-22 20:31:11.310  8981  9339 I BatteryMgr:DataCollectionService: stats => 1697999471310,-257,4308,-174,0,100
10-22 20:31:11.312  3957  4128 D WifiService: getConnectionInfo uid=1000
10-22 20:31:11.423  8981  9339 I BatteryMgr:DataCollectionService: stats => 1697999471423,-257,4308,-174,0,100
10-22 20:31:11.529  8981  9339 I BatteryMgr:DataCollectionService: stats => 1697999471529,-257,4308,-174,0,100
10-22 20:31:11.639  8981  9339 I BatteryMgr:DataCollectionService: stats => 1697999471639,-257,4308,-174,0,100
10-22 20:31:11.711  3957  4129 D WifiStateMachine:  ConnectedState !RSSI_PKTCNT_FETCH uid=1000 rt=605878296/1661853768 0 0 "ourhome" f4:6d:2f:12:cc:88 rssi=-44 f=5240 sc=60 link=433 tx=24.7, 0.4, 0.0  rx=35.7 bcn=622616 [on:0 tx:0 rx:0 period:999] from screen [on:823190 period:4415379] score=60
10-22 20:31:11.712  3957  4129 D WifiStateMachine:  L2ConnectedState !RSSI_PKTCNT_FETCH uid=1000 rt=605878297/1661853769 0 0 "ourhome" f4:6d:2f:12:cc:88 rssi=-44 f=5240 sc=60 link=433 tx=24.7, 0.4, 0.0  rx=35.7 bcn=622616 [on:0 tx:0 rx:0 period:1] from screen [on:823190 period:4415380] score=60
10-22 20:31:11.719  3957  4129 D WifiStateMachine: fetchRssiLinkSpeedAndFrequencyNative rssi=-44 linkspeed=433 freq=5240
10-22 20:31:11.719  3957  4129 V WifiConfigManager: Updating scan detail cache freq=5240 BSSID=f4:6d:2f:12:cc:88 RSSI=-44 for "ourhome"WPA_PSK
10-22 20:31:11.744  8981  9339 I BatteryMgr:DataCollectionService: stats => 1697999471744,-257,4308,-174,0,100
10-22 20:31:11.828  4961  4961 D io_stats: !@ 179,0 r 10447512 343750996 w 2188159 42721568 d 176526 37405180 f 643322 668902 iot 4761064 4100041 th 51200 0 0 pt 0 inp 0 0 605878.413
10-22 20:31:11.850  8981  9339 I BatteryMgr:DataCollectionService: stats => 1697999471850,-257,4308,-174,0,100
10-22 20:31:11.956  8981  9339 I BatteryMgr:DataCollectionService: stats => 1697999471956,-257,4308,-174,0,100
10-22 20:31:11.972  6229  6229 D BoundBrokerSvc: onUnbind: Intent { act=com.google.android.gms.scheduler.ACTION_PROXY_SCHEDULE dat=chimera-action: cmp=com.google.android.gms/.chimera.PersistentDirectBootAwareApiService }
10-22 20:31:12.061  8981  9339 I BatteryMgr:DataCollectionService: stats => 1697999472061,-257,4308,-174,0,100
10-22 20:31:12.167  8981  9339 I BatteryMgr:DataCollectionService: stats => 1697999472167,-257,4308,-174,0,100
10-22 20:31:12.245  3957  4129 D WifiStateMachine:  ConnectedState !CMD_RSSI_POLL rt=605878830/1661854302 122 0 "ourhome" f4:6d:2f:12:cc:88 rssi=-44 f=5240 sc=60 link=433 tx=24.7, 0.4, 0.0  rx=35.7 bcn=622616 [on:0 tx:0 rx:0 period:533] from screen [on:823190 period:4415913] score=60
10-22 20:31:12.246  3957  4129 D WifiStateMachine:  L2ConnectedState !CMD_RSSI_POLL rt=605878831/1661854303 122 0 "ourhome" f4:6d:2f:12:cc:88 rssi=-44 f=5240 sc=60 link=433 tx=24.7, 0.4, 0.0  rx=35.7 bcn=622616 [on:0 tx:0 rx:0 period:1] from screen [on:823190 period:4415914] score=60
10-22 20:31:12.246  3957  4129 D WifiStateMachine:  get link layer stats 3
10-22 20:31:12.247  3436  3436 I android.hardware.wifi@1.0-service: getLinkLayerStats
10-22 20:31:12.264  3957  4129 D WifiStateMachine: fetchRssiLinkSpeedAndFrequencyNative rssi=-44 linkspeed=433 freq=5240
10-22 20:31:12.264  3957  4129 V WifiConfigManager: Updating scan detail cache freq=5240 BSSID=f4:6d:2f:12:cc:88 RSSI=-44 for "ourhome"WPA_PSK
10-22 20:31:12.268  4340  4340 E SignalClusterView: setSlotFocusVisible : subId -2
10-22 20:31:12.268  4340  4340 E SignalClusterView: setSlotFocusVisible : subId -2
10-22 20:31:12.272  8981  9339 I BatteryMgr:DataCollectionService: stats => 1697999472272,-257,4308,-174,0,100
10-22 20:31:12.314  3957  4128 D WifiService: getConnectionInfo uid=1000
10-22 20:31:12.320  3957  4045 D SamsungAlarmManager: Expired : 4
10-22 20:31:12.331  3957  4045 I SamsungAlarmManager: setLocked to kernel - T:2 / 20231022T203552, SetElapsed=1662134493, nowELAPSED=1661854389
10-22 20:31:12.331  3957  4045 I SamsungAlarmManager: setLocked to kernel - T:3 / 20231022T203200, SetElapsed=1661902058, nowELAPSED=1661854389
10-22 20:31:12.340  3957  4045 V SamsungAlarmManager: Sending to uid : 10025 listener=android.os.BinderProxy@7788337 alarm=Alarm{6410dac type 2 when 1661854377 com.google.android.gms}
10-22 20:31:12.378  8981  9339 I BatteryMgr:DataCollectionService: stats => 1697999472378,-257,4308,-174,0,100
10-22 20:31:12.398  3957  4030 D SensorService: [SO] 0.235 -0.168 9.946
10-22 20:31:12.471  3957  4651 D WifiService: getWifiEnabledState uid=10025
10-22 20:31:12.492  8981  9339 I BatteryMgr:DataCollectionService: stats => 1697999472492,-257,4308,-174,0,100
10-22 20:31:12.512  3957  4651 D SamsungAlarmManager: setExact Listener (T:2/F:1/AC:false) 20231022T203117 - CU:10025/CP:6229
10-22 20:31:12.512  3957  4651 I SamsungAlarmManager: setLocked to kernel - T:2 / 20231022T203117, SetElapsed=1661859520, nowELAPSED=1661854570
10-22 20:31:12.513  3957  4651 W AlarmManager: Alarms must either supply a PendingIntent or an AlarmReceiver
10-22 20:31:12.527  3957  4149 D WifiHandler.WifiScanningService: Received message=159765d sendingUid=10025
10-22 20:31:12.529  6229  6337 D TelephonyManager: getAllCellInfo : Caller (PID / UID / TID): 6229 / 10025 / 6337
10-22 20:31:12.536  3957  4149 D WifiScanningService: replySucceeded recvdMessage=159765
10-22 20:31:12.589  3957  4149 D WifiVendorHal: getChannelsForBand 1
10-22 20:31:12.592  3436  3436 I android.hardware.wifi@1.0-service: getValidFrequenciesForBand
10-22 20:31:12.599  8981  9339 I BatteryMgr:DataCollectionService: stats => 1697999472599,-257,4308,-174,0,100
10-22 20:31:12.602  3957  4149 D WifiVendorHal: getChannelsForBand 2
10-22 20:31:12.603  3436  3436 I chatty  : uid=1010 wifi@1.0-servic identical 1 line
10-22 20:31:12.604  3957  4149 D WifiVendorHal: getChannelsForBand 4
10-22 20:31:12.604  3436  3436 I android.hardware.wifi@1.0-service: getValidFrequenciesForBand
10-22 20:31:12.607  3957  4149 I WifiScanController: scan requested by com.google.android.gms (it's NLP package. check moving state)
10-22 20:31:12.608  3957  4149 D WifiScanController: force scan
10-22 20:31:12.629  3957  4149 D SamsungAlarmManager: setInexact Listener (T:2/F:8/AC:false) 20231022T203127 - CU:1000/CP:3957
10-22 20:31:12.631 16638 16638 D wpa_supplicant: nl80211: Ignored event (cmd=33) for foreign interface (ifindex 11 wdev 0x0)
10-22 20:31:12.632 16638 16638 D wpa_supplicant: nl80211: Drv Event 33 (NL80211_CMD_TRIGGER_SCAN) received for wlan0
10-22 20:31:12.634 16638 16638 D wpa_supplicant: wlan0: nl80211: Scan trigger
10-22 20:31:12.639 16638 16638 D wpa_supplicant: wlan0: Event SCAN_STARTED (48) received
10-22 20:31:12.639 16638 16638 D wpa_supplicant: wlan0: External program started a scan
10-22 20:31:12.706  8981  9339 I BatteryMgr:DataCollectionService: stats => 1697999472706,-257,4308,-174,0,100
10-22 20:31:12.712  3957  4129 D WifiStateMachine:  ConnectedState !RSSI_PKTCNT_FETCH uid=1000 rt=605879297/1661854769 0 0 "ourhome" f4:6d:2f:12:cc:88 rssi=-44 f=5240 sc=60 link=433 tx=12.8, 0.1, 0.0  rx=21.3 bcn=622645 [on:0 tx:0 rx:0 period:445] from screen [on:824157 period:4416380] score=60
10-22 20:31:12.713  3957  4129 D WifiStateMachine:  L2ConnectedState !RSSI_PKTCNT_FETCH uid=1000 rt=605879298/1661854770 0 0 "ourhome" f4:6d:2f:12:cc:88 rssi=-44 f=5240 sc=60 link=433 tx=12.8, 0.1, 0.0  rx=21.3 bcn=622645 [on:0 tx:0 rx:0 period:1] from screen [on:824157 period:4416381] score=60
10-22 20:31:12.718  3957  4129 D WifiStateMachine: fetchRssiLinkSpeedAndFrequencyNative rssi=-44 linkspeed=433 freq=5240
10-22 20:31:12.718  3957  4129 V WifiConfigManager: Updating scan detail cache freq=5240 BSSID=f4:6d:2f:12:cc:88 RSSI=-44 for "ourhome"WPA_PSK
10-22 20:31:12.811  8981  9339 I BatteryMgr:DataCollectionService: stats => 1697999472811,-257,4308,-174,0,100
10-22 20:31:12.917  8981  9339 I BatteryMgr:DataCollectionService: stats => 1697999472917,-257,4308,-174,0,100
10-22 20:31:13.023  8981  9339 I BatteryMgr:DataCollectionService: stats => 1697999473023,-257,4308,-174,0,100
10-22 20:31:13.129  8981  9339 I BatteryMgr:DataCollectionService: stats => 1697999473129,-257,4308,-174,0,100
10-22 20:31:13.237  8981  9339 I BatteryMgr:DataCollectionService: stats => 1697999473237,-257,4308,-174,0,100
10-22 20:31:13.316  3957  4128 D WifiService: getConnectionInfo uid=1000
10-22 20:31:13.343  8981  9339 I BatteryMgr:DataCollectionService: stats => 1697999473342,-257,4308,-174,0,100
10-22 20:31:13.449  8981  9339 I BatteryMgr:DataCollectionService: stats => 1697999473449,-257,4308,-174,0,100
10-22 20:31:13.556  8981  9339 I BatteryMgr:DataCollectionService: stats => 1697999473556,-257,4308,-174,0,100
10-22 20:31:13.663  8981  9339 I BatteryMgr:DataCollectionService: stats => 1697999473663,-257,4308,-174,0,100
10-22 20:31:13.677  6413  6468 D ScanRecord: Not a Multi Manu data
10-22 20:31:13.712  6413  6468 I chatty  : uid=1002(bluetooth) BT Service Call identical 76 lines
10-22 20:31:13.712  6413  6468 D ScanRecord: Not a Multi Manu data
10-22 20:31:13.714  3957  4129 D WifiStateMachine:  ConnectedState !RSSI_PKTCNT_FETCH uid=1000 rt=605880299/1661855771 0 0 "ourhome" f4:6d:2f:12:cc:88 rssi=-44 f=5240 sc=60 link=433 tx=12.8, 0.1, 0.0  rx=21.3 bcn=622645 [on:0 tx:0 rx:0 period:1001] from screen [on:824157 period:4417382] score=60
10-22 20:31:13.715  3957  4129 D WifiStateMachine:  L2ConnectedState !RSSI_PKTCNT_FETCH uid=1000 rt=605880300/1661855772 0 0 "ourhome" f4:6d:2f:12:cc:88 rssi=-44 f=5240 sc=60 link=433 tx=12.8, 0.1, 0.0  rx=21.3 bcn=622645 [on:0 tx:0 rx:0 period:1] from screen [on:824157 period:4417383] score=60
10-22 20:31:13.717  6413  6468 D ScanRecord: Not a Multi Manu data
10-22 20:31:13.717  6413  6468 I chatty  : uid=1002(bluetooth) BT Service Call identical 11 lines
10-22 20:31:13.717  6413  6468 D ScanRecord: Not a Multi Manu data
10-22 20:31:13.717  3957  4129 D WifiStateMachine: fetchRssiLinkSpeedAndFrequencyNative rssi=-44 linkspeed=433 freq=5240
10-22 20:31:13.718  3957  4129 V WifiConfigManager: Updating scan detail cache freq=5240 BSSID=f4:6d:2f:12:cc:88 RSSI=-44 for "ourhome"WPA_PSK
10-22 20:31:13.759  6413  6468 D ScanRecord: Not a Multi Manu data
10-22 20:31:13.759  6413  6468 I chatty  : uid=1002(bluetooth) BT Service Call identical 11 lines
10-22 20:31:13.759  6413  6468 D ScanRecord: Not a Multi Manu data
10-22 20:31:13.772  8981  9339 I BatteryMgr:DataCollectionService: stats => 1697999473772,-257,4308,-174,0,100
10-22 20:31:13.773  6413  6468 D ScanRecord: Not a Multi Manu data
10-22 20:31:13.864  6413  6468 I chatty  : uid=1002(bluetooth) BT Service Call identical 245 lines
10-22 20:31:13.864  6413  6468 D ScanRecord: Not a Multi Manu data
10-22 20:31:13.878  8981  9339 I BatteryMgr:DataCollectionService: stats => 1697999473878,-257,4308,-174,0,100
10-22 20:31:13.881  6413  6468 D ScanRecord: Not a Multi Manu data
10-22 20:31:13.976  6413  6468 I chatty  : uid=1002(bluetooth) BT Service Call identical 180 lines
10-22 20:31:13.976  6413  6468 D ScanRecord: Not a Multi Manu data
10-22 20:31:13.983  8981  9339 I BatteryMgr:DataCollectionService: stats => 1697999473983,-257,4308,-174,0,100
10-22 20:31:14.005  6413  6468 D ScanRecord: Not a Multi Manu data
10-22 20:31:14.082  6413  6468 I chatty  : uid=1002(bluetooth) BT Service Call identical 167 lines
10-22 20:31:14.082  6413  6468 D ScanRecord: Not a Multi Manu data
10-22 20:31:14.093  8981  9339 I BatteryMgr:DataCollectionService: stats => 1697999474093,-257,4308,-174,0,100
10-22 20:31:14.098  6413  6468 D ScanRecord: Not a Multi Manu data
10-22 20:31:14.164  6413  6468 I chatty  : uid=1002(bluetooth) BT Service Call identical 154 lines
10-22 20:31:14.164  6413  6468 D ScanRecord: Not a Multi Manu data
10-22 20:31:14.199 16638 16638 D wpa_supplicant: nl80211: Ignored event (cmd=34) for foreign interface (ifindex 11 wdev 0x0)
10-22 20:31:14.200 16638 16638 D wpa_supplicant: nl80211: Drv Event 34 (NL80211_CMD_NEW_SCAN_RESULTS) received for wlan0
10-22 20:31:14.200 16638 16638 D wpa_supplicant: wlan0: nl80211: New scan results available
10-22 20:31:14.200 16638 16638 D wpa_supplicant: nl80211: Scan probed for SSID ''
10-22 20:31:14.200  3599  3915 D Netd    : Iface wlan0 link up
10-22 20:31:14.201 16638 16638 D wpa_supplicant: nl80211: Scan included frequencies: 2412 2417 2422 2427 2432 2437 2442 2447 2452 2457 2462 2467 2472 5180 5200 5220 5240 5745 5765 5785 5805 5825
10-22 20:31:14.201 16638 16638 D wpa_supplicant: wlan0: Event SCAN_RESULTS (3) received
10-22 20:31:14.204  3957 18006 D WificondControl: Scan result ready event
10-22 20:31:14.204  3957  4149 D SamsungAlarmManager: Cancel Alarm calling from uid:1000 pid :3957 / listener:android.app.AlarmManager$ListenerWrapper@609227b
10-22 20:31:14.207  3957  4129 D WifiStateMachine:  ConnectedState !SCAN_RESULTS_EVENT rt=605880790/1661856263 0 0 found=19 known=0 got=19 bcn=622645 con=0 untrustedcn=0 last="ourhome"WPA_PSK
10-22 20:31:14.208  8981  9339 I BatteryMgr:DataCollectionService: stats => 1697999474207,-257,4308,-174,0,100
10-22 20:31:14.208 16638 16638 D wpa_supplicant: nl80211: Received scan results (26 BSSes)
10-22 20:31:14.208 16638 16638 D wpa_supplicant: nl80211: Scan results indicate BSS status with f4:6d:2f:12:cc:88 as associated
10-22 20:31:14.210  3957  4129 D WifiStateMachine: ConnectedStateCONNECTED : SCAN_RESULTS_EVENT but NOT_HANDLED
10-22 20:31:14.211 16638 16638 D wpa_supplicant: wlan0: BSS: Start scan result update 170
10-22 20:31:14.211 16638 16638 D wpa_supplicant: wlan0: BSS: Add new id 3010 BSSID d8:07:b6:7a:b6:84 SSID 'TP-Link_B685_5G' freq 5180
10-22 20:31:14.211  3957  4129 D WifiStateMachine:  L2ConnectedState !SCAN_RESULTS_EVENT rt=605880796/1661856268 0 0 found=19 known=0 got=19 bcn=622645 con=0 untrustedcn=0 last="ourhome"WPA_PSK
10-22 20:31:14.211 16638 16638 D wpa_supplicant: CTRL-EVENT-BSS-ADDED 3010 d8:07:b6:7a:b6:84
10-22 20:31:14.211 16638 16638 D wpa_supplicant: wlan0: BSS: Add new id 3011 BSSID d8:07:b6:7a:b6:85 SSID 'TP-Link_B685' freq 2412
10-22 20:31:14.211 16638 16638 D wpa_supplicant: CTRL-EVENT-BSS-ADDED 3011 d8:07:b6:7a:b6:85
10-22 20:31:14.211 16638 16638 D wpa_supplicant: wlan0: BSS: Add new id 3012 BSSID 00:31:92:34:ed:c7 SSID 'Neverland' freq 2417
10-22 20:31:14.211 16638 16638 D wpa_supplicant: CTRL-EVENT-BSS-ADDED 3012 00:31:92:34:ed:c7
10-22 20:31:14.211 16638 16638 D wpa_supplicant: wlan0: BSS: Add new id 3013 BSSID 24:f5:a2:18:bc:7a SSID 'Julide' freq 2412
10-22 20:31:14.211 16638 16638 D wpa_supplicant: CTRL-EVENT-BSS-ADDED 3013 24:f5:a2:18:bc:7a
10-22 20:31:14.211 16638 16638 D wpa_supplicant: wlan0: BSS: Add new id 3014 BSSID 1c:3b:f3:0f:6d:81 SSID 'TP-Link_6D82_5G' freq 5180
10-22 20:31:14.211 16638 16638 D wpa_supplicant: CTRL-EVENT-BSS-ADDED 3014 1c:3b:f3:0f:6d:81
10-22 20:31:14.212 16638 16638 D wpa_supplicant: wlan0: BSS: Add new id 3015 BSSID 28:ee:52:e0:37:9e SSID 'TP-Link_37A0_5G' freq 5180
10-22 20:31:14.212 16638 16638 D wpa_supplicant: CTRL-EVENT-BSS-ADDED 3015 28:ee:52:e0:37:9e
10-22 20:31:14.212 16638 16638 D wpa_supplicant: wlan0: BSS: Add new id 3016 BSSID e4:c3:2a:45:50:8a SSID 'TP-Link_508A' freq 2437
10-22 20:31:14.212 16638 16638 D wpa_supplicant: CTRL-EVENT-BSS-ADDED 3016 e4:c3:2a:45:50:8a
10-22 20:31:14.212 16638 16638 D wpa_supplicant: wlan0: BSS: Add new id 3017 BSSID d8:47:32:2c:95:72 SSID 'TP-Link_9573_5G' freq 5180
10-22 20:31:14.212 16638 16638 D wpa_supplicant: CTRL-EVENT-BSS-ADDED 3017 d8:47:32:2c:95:72
10-22 20:31:14.212 16638 16638 D wpa_supplicant: wlan0: BSS: Add new id 3018 BSSID 28:ee:52:e0:37:9f SSID 'TP-Link_37A0' freq 2452
10-22 20:31:14.212 16638 16638 D wpa_supplicant: CTRL-EVENT-BSS-ADDED 3018 28:ee:52:e0:37:9f
10-22 20:31:14.212 16638 16638 D wpa_supplicant: wlan0: BSS: Add new id 3019 BSSID 5c:a6:e6:81:ff:6b SSID 'TP-Link_FF6C' freq 2437
10-22 20:31:14.212 16638 16638 D wpa_supplicant: CTRL-EVENT-BSS-ADDED 3019 5c:a6:e6:81:ff:6b
10-22 20:31:14.212 16638 16638 D wpa_supplicant: BSS: last_scan_res_used=26/256
10-22 20:31:14.213  3957  4129 D WifiStateMachine:  ConnectModeState !SCAN_RESULTS_EVENT rt=605880798/1661856271 0 0 found=19 known=0 got=19 bcn=622645 con=0 untrustedcn=0 last="ourhome"WPA_PSK
10-22 20:31:14.214  3957  4129 D WifiStateMachine:  SupplicantStartedState !SCAN_RESULTS_EVENT rt=605880799/1661856271 0 0 found=19 known=0 got=19 bcn=622645 con=0 untrustedcn=0 last="ourhome"WPA_PSK
10-22 20:31:14.216 16638 16638 D wpa_supplicant: wlan0: New scan results available (own=0 ext=1)
10-22 20:31:14.216 16638 16638 D wpa_supplicant: wlan0: Do not use results from externally requested scan operation for network selection
10-22 20:31:14.216 16638 16638 D wpa_supplicant: p2p0: Updating scan results from sibling
10-22 20:31:14.216 16638 16638 D wpa_supplicant: nl80211: Received scan results (26 BSSes)
10-22 20:31:14.216 16638 16638 D wpa_supplicant: p2p0: BSS: Start scan result update 170
10-22 20:31:14.217 16638 16638 D wpa_supplicant: p2p0: BSS: Add new id 3050 BSSID d8:07:b6:7a:b6:84 SSID 'TP-Link_B685_5G' freq 5180
10-22 20:31:14.217 16638 16638 D wpa_supplicant: CTRL-EVENT-BSS-ADDED 3050 d8:07:b6:7a:b6:84
10-22 20:31:14.217 16638 16638 D wpa_supplicant: p2p0: BSS: Add new id 3051 BSSID d8:07:b6:7a:b6:85 SSID 'TP-Link_B685' freq 2412
10-22 20:31:14.217 16638 16638 D wpa_supplicant: CTRL-EVENT-BSS-ADDED 3051 d8:07:b6:7a:b6:85
10-22 20:31:14.217 16638 16638 D wpa_supplicant: p2p0: BSS: Add new id 3052 BSSID 00:31:92:34:ed:c7 SSID 'Neverland' freq 2417
10-22 20:31:14.217 16638 16638 D wpa_supplicant: CTRL-EVENT-BSS-ADDED 3052 00:31:92:34:ed:c7
10-22 20:31:14.217 16638 16638 D wpa_supplicant: p2p0: BSS: Add new id 3053 BSSID 24:f5:a2:18:bc:7a SSID 'Julide' freq 2412
10-22 20:31:14.217 16638 16638 D wpa_supplicant: CTRL-EVENT-BSS-ADDED 3053 24:f5:a2:18:bc:7a
10-22 20:31:14.217 16638 16638 D wpa_supplicant: p2p0: BSS: Add new id 3054 BSSID 1c:3b:f3:0f:6d:81 SSID 'TP-Link_6D82_5G' freq 5180
10-22 20:31:14.217 16638 16638 D wpa_supplicant: CTRL-EVENT-BSS-ADDED 3054 1c:3b:f3:0f:6d:81
10-22 20:31:14.217 16638 16638 D wpa_supplicant: p2p0: BSS: Add new id 3055 BSSID 28:ee:52:e0:37:9e SSID 'TP-Link_37A0_5G' freq 5180
10-22 20:31:14.217 16638 16638 D wpa_supplicant: CTRL-EVENT-BSS-ADDED 3055 28:ee:52:e0:37:9e
10-22 20:31:14.217 16638 16638 D wpa_supplicant: p2p0: BSS: Add new id 3056 BSSID e4:c3:2a:45:50:8a SSID 'TP-Link_508A' freq 2437
10-22 20:31:14.217 16638 16638 D wpa_supplicant: CTRL-EVENT-BSS-ADDED 3056 e4:c3:2a:45:50:8a
10-22 20:31:14.217 16638 16638 D wpa_supplicant: p2p0: BSS: Add new id 3057 BSSID d8:47:32:2c:95:72 SSID 'TP-Link_9573_5G' freq 5180
10-22 20:31:14.217 16638 16638 D wpa_supplicant: CTRL-EVENT-BSS-ADDED 3057 d8:47:32:2c:95:72
10-22 20:31:14.217 16638 16638 D wpa_supplicant: p2p0: BSS: Add new id 3058 BSSID 28:ee:52:e0:37:9f SSID 'TP-Link_37A0' freq 2452
10-22 20:31:14.217 16638 16638 D wpa_supplicant: CTRL-EVENT-BSS-ADDED 3058 28:ee:52:e0:37:9f
10-22 20:31:14.218 16638 16638 D wpa_supplicant: p2p0: BSS: Add new id 3059 BSSID 5c:a6:e6:81:ff:6b SSID 'TP-Link_FF6C' freq 2437
10-22 20:31:14.218 16638 16638 D wpa_supplicant: CTRL-EVENT-BSS-ADDED 3059 5c:a6:e6:81:ff:6b
10-22 20:31:14.218 16638 16638 D wpa_supplicant: BSS: last_scan_res_used=26/256
10-22 20:31:14.218 16638 16638 D wpa_supplicant: p2p0: New scan results available (own=0 ext=1)
10-22 20:31:14.220 16638 16638 D wpa_supplicant: p2p0: Do not use results from externally requested scan operation for network selection
10-22 20:31:14.220  3957  3979 D Tethering: interfaceLinkStateChanged wlan0, true
10-22 20:31:14.220  3957  3979 D Tethering: interfaceStatusChanged wlan0, true
10-22 20:31:14.220 16638 16638 D wpa_supplicant: RTM_NEWLINK: ifi_index=11 ifname=wlan0 wext ifi_family=0 ifi_flags=0x11043 ([UP][RUNNING][LOWER_UP])
10-22 20:31:14.238  3957  4149 D WificondControl: get 26 scan results from wificond
10-22 20:31:14.238  3957  4129 D WificondControl: get 26 scan results from wificond
10-22 20:31:14.239  3957  4149 D WifiAsyncChannel.WifiScanningService: sendMessage message=159764
10-22 20:31:14.240  3957  4129 I WifiStateMachine: There are no configured ssid["loveyuanyuan"] in scanResults
10-22 20:31:14.240  3957  4129 I WifiStateMachine: There are no configured ssid["VHL-474F035309D4"] in scanResults
10-22 20:31:14.241  3957  4149 D WifiAsyncChannel.WifiScanningService: sendMessage message=159764
10-22 20:31:14.259  3957  4149 I chatty  : uid=1000(system) WifiScanningSer identical 49 lines
10-22 20:31:14.259  3957  4149 D WifiAsyncChannel.WifiScanningService: sendMessage message=159764
10-22 20:31:14.260  3957  4149 D WifiAsyncChannel.WifiScanningService: sendMessage message=159749
10-22 20:31:14.262  3957  4149 D WifiAsyncChannel.WifiScanningService: sendMessage message=159767
10-22 20:31:14.263  3957  4149 D WifiAsyncChannel.WifiScanningService: sendMessage message=159749
10-22 20:31:14.268  3957  4149 D WifiHandler.WifiScanningService: Received message=159773d sendingUid=1000
10-22 20:31:14.269  3957  4149 D WifiScanningService: replySucceeded recvdMessage=159773
10-22 20:31:14.282  7616  7633 D EventHandler_FLP: WIFI_SCAN_RESULTS
10-22 20:31:14.316  8981  9339 I BatteryMgr:DataCollectionService: stats => 1697999474316,-257,4308,-174,0,100
10-22 20:31:14.318  3957  4128 D WifiService: getConnectionInfo uid=1000
10-22 20:31:14.361  3957 18006 D SamsungAlarmManager: Cancel Alarm calling from uid:10025 pid :6229 / listener:android.app.IAlarmListener$Stub$Proxy@42f38f1
10-22 20:31:14.364  3957 18006 I SamsungAlarmManager: setLocked to kernel - T:2 / 20231022T203552, SetElapsed=1662134493, nowELAPSED=1661856422
10-22 20:31:14.371  3957 18006 D SamsungAlarmManager: setExact Listener (T:2/F:1/AC:false) 20231022T203312 - CU:10025/CP:6229
10-22 20:31:14.371  3957 18006 I SamsungAlarmManager: setLocked to kernel - T:2 / 20231022T203312, SetElapsed=1661974520, nowELAPSED=1661856429
10-22 20:31:14.375  3957  4651 W AlarmManager: Alarms must either supply a PendingIntent or an AlarmReceiver
10-22 20:31:14.425  8981  9339 I BatteryMgr:DataCollectionService: stats => 1697999474425,-257,4308,-174,0,100
10-22 20:31:14.465  9025  9036 I zygote64: Background concurrent copying GC freed 115875(4MB) AllocSpace objects, 15(444KB) LOS objects, 49% free, 4MB/8MB, paused 14.620ms total 232.091ms
10-22 20:31:14.530  8981  9339 I BatteryMgr:DataCollectionService: stats => 1697999474530,-257,4308,-174,0,100
10-22 20:31:14.637  8981  9339 I BatteryMgr:DataCollectionService: stats => 1697999474636,-257,4308,-174,0,100
10-22 20:31:14.715  3957  4129 D WifiStateMachine:  ConnectedState !RSSI_PKTCNT_FETCH uid=1000 rt=605881299/1661856772 0 0 "ourhome" f4:6d:2f:12:cc:88 rssi=-44 f=5240 sc=60 link=433 tx=12.8, 0.1, 0.0  rx=21.3 bcn=622645 [on:0 tx:0 rx:0 period:1000] from screen [on:824157 period:4418383] score=60
10-22 20:31:14.716  3957  4129 D WifiStateMachine:  L2ConnectedState !RSSI_PKTCNT_FETCH uid=1000 rt=605881300/1661856773 0 0 "ourhome" f4:6d:2f:12:cc:88 rssi=-44 f=5240 sc=60 link=433 tx=12.8, 0.1, 0.0  rx=21.3 bcn=622645 [on:0 tx:0 rx:0 period:1] from screen [on:824157 period:4418384] score=60
10-22 20:31:14.717  3957  4129 D WifiStateMachine: fetchRssiLinkSpeedAndFrequencyNative rssi=-48 linkspeed=433 freq=5240
10-22 20:31:14.718  3957  4129 V WifiConfigManager: Updating scan detail cache freq=5240 BSSID=f4:6d:2f:12:cc:88 RSSI=-46 for "ourhome"WPA_PSK
10-22 20:31:14.743  8981  9339 I BatteryMgr:DataCollectionService: stats => 1697999474743,-257,4308,-174,0,100
10-22 20:31:14.849  8981  9339 I BatteryMgr:DataCollectionService: stats => 1697999474849,-257,4308,-174,0,100
10-22 20:31:14.958  8981  9339 I BatteryMgr:DataCollectionService: stats => 1697999474957,-257,4308,-174,0,100
10-22 20:31:15.063  8981  9339 I BatteryMgr:DataCollectionService: stats => 1697999475063,-257,4308,-174,0,100
10-22 20:31:15.170  8981  9339 I BatteryMgr:DataCollectionService: stats => 1697999475170,-257,4308,-174,0,100
10-22 20:31:15.267  3957  4129 D WifiStateMachine:  ConnectedState !CMD_RSSI_POLL rt=605881851/1661857323 122 0 "ourhome" f4:6d:2f:12:cc:88 rssi=-48 f=5240 sc=60 link=433 tx=12.8, 0.1, 0.0  rx=21.3 bcn=622645 [on:0 tx:0 rx:0 period:551] from screen [on:824157 period:4418935] score=60
10-22 20:31:15.271  3957  4129 D WifiStateMachine:  L2ConnectedState !CMD_RSSI_POLL rt=605881853/1661857325 122 0 "ourhome" f4:6d:2f:12:cc:88 rssi=-48 f=5240 sc=60 link=433 tx=12.8, 0.1, 0.0  rx=21.3 bcn=622645 [on:0 tx:0 rx:0 period:4] from screen [on:824157 period:4418939] score=60
10-22 20:31:15.271  3957  4129 D WifiStateMachine:  get link layer stats 3
10-22 20:31:15.272  3436  3436 I android.hardware.wifi@1.0-service: getLinkLayerStats
10-22 20:31:15.278  8981  9339 I BatteryMgr:DataCollectionService: stats => 1697999475278,-257,4308,-174,0,100
10-22 20:31:15.286  3957  4129 D WifiStateMachine: fetchRssiLinkSpeedAndFrequencyNative rssi=-45 linkspeed=433 freq=5240
10-22 20:31:15.286  3957  4129 V WifiConfigManager: Updating scan detail cache freq=5240 BSSID=f4:6d:2f:12:cc:88 RSSI=-45 for "ourhome"WPA_PSK
10-22 20:31:15.289  4340  4340 E SignalClusterView: setSlotFocusVisible : subId -2
10-22 20:31:15.289  4340  4340 E SignalClusterView: setSlotFocusVisible : subId -2
10-22 20:31:15.319  3957  4128 D WifiService: getConnectionInfo uid=1000
10-22 20:31:15.384  8981  9339 I BatteryMgr:DataCollectionService: stats => 1697999475384,-257,4308,-174,0,100
10-22 20:31:15.492  8981  9339 I BatteryMgr:DataCollectionService: stats => 1697999475492,-257,4308,-174,0,100
10-22 20:31:15.598  8981  9339 I BatteryMgr:DataCollectionService: stats => 1697999475598,-257,4308,-174,0,100
10-22 20:31:15.707  8981  9339 I BatteryMgr:DataCollectionService: stats => 1697999475706,-257,4308,-174,0,100
10-22 20:31:15.715  3957  4129 D WifiStateMachine:  ConnectedState !RSSI_PKTCNT_FETCH uid=1000 rt=605882300/1661857773 0 0 "ourhome" f4:6d:2f:12:cc:88 rssi=-45 f=5240 sc=60 link=433 tx=8.5, 0.0, 0.0  rx=16.0 bcn=622674 [on:0 tx:0 rx:0 period:426] from screen [on:825435 period:4419383] score=60
10-22 20:31:15.717  3957  4129 D WifiStateMachine:  L2ConnectedState !RSSI_PKTCNT_FETCH uid=1000 rt=605882302/1661857774 0 0 "ourhome" f4:6d:2f:12:cc:88 rssi=-45 f=5240 sc=60 link=433 tx=8.5, 0.0, 0.0  rx=16.0 bcn=622674 [on:0 tx:0 rx:0 period:2] from screen [on:825435 period:4419385] score=60
10-22 20:31:15.723  3957  4129 D WifiStateMachine: fetchRssiLinkSpeedAndFrequencyNative rssi=-45 linkspeed=433 freq=5240
10-22 20:31:15.724  3957  4129 V WifiConfigManager: Updating scan detail cache freq=5240 BSSID=f4:6d:2f:12:cc:88 RSSI=-45 for "ourhome"WPA_PSK
10-22 20:31:15.814  8981  9339 I BatteryMgr:DataCollectionService: stats => 1697999475814,-257,4308,-174,0,100
10-22 20:31:15.923  8981  9339 I BatteryMgr:DataCollectionService: stats => 1697999475923,-257,4308,-174,0,100
10-22 20:31:15.942  9025  9268 I SessionStorage/AutoSave: Save: Periodic
10-22 20:31:16.028  8981  9339 I BatteryMgr:DataCollectionService: stats => 1697999476028,-257,4308,-174,0,100
10-22 20:31:16.136  8981  9339 I BatteryMgr:DataCollectionService: stats => 1697999476136,-257,4308,-174,0,100
10-22 20:31:16.243  8981  9339 I BatteryMgr:DataCollectionService: stats => 1697999476243,-257,4308,-174,0,100
10-22 20:31:16.320  3957  4128 D WifiService: getConnectionInfo uid=1000
10-22 20:31:16.348  8981  9339 I BatteryMgr:DataCollectionService: stats => 1697999476348,-257,4308,-174,0,100
10-22 20:31:16.455  8981  9339 I BatteryMgr:DataCollectionService: stats => 1697999476455,-257,4308,-174,0,100
10-22 20:31:16.562  8981  9339 I BatteryMgr:DataCollectionService: stats => 1697999476562,-257,4308,-174,0,100
10-22 20:31:16.668  8981  9339 I BatteryMgr:DataCollectionService: stats => 1697999476668,-257,4308,-174,0,100
10-22 20:31:16.718  3957  4129 D WifiStateMachine:  ConnectedState !RSSI_PKTCNT_FETCH uid=1000 rt=605883302/1661858775 0 0 "ourhome" f4:6d:2f:12:cc:88 rssi=-45 f=5240 sc=60 link=433 tx=8.5, 0.0, 0.0  rx=16.0 bcn=622674 [on:0 tx:0 rx:0 period:1000] from screen [on:825435 period:4420385] score=60
10-22 20:31:16.719  3957  4129 D WifiStateMachine:  L2ConnectedState !RSSI_PKTCNT_FETCH uid=1000 rt=605883303/1661858776 0 0 "ourhome" f4:6d:2f:12:cc:88 rssi=-45 f=5240 sc=60 link=433 tx=8.5, 0.0, 0.0  rx=16.0 bcn=622674 [on:0 tx:0 rx:0 period:2] from screen [on:825435 period:4420387] score=60
10-22 20:31:16.721  3957  4129 D WifiStateMachine: fetchRssiLinkSpeedAndFrequencyNative rssi=-44 linkspeed=433 freq=5240
10-22 20:31:16.721  3957  4129 V WifiConfigManager: Updating scan detail cache freq=5240 BSSID=f4:6d:2f:12:cc:88 RSSI=-44 for "ourhome"WPA_PSK
10-22 20:31:16.759  3957  4416 E Watchdog: !@Sync 20188 [2023-10-22 20:31:16.752]
10-22 20:31:16.774  8981  9339 I BatteryMgr:DataCollectionService: stats => 1697999476774,-257,4308,-174,0,100
10-22 20:31:16.830  4961  4961 D io_stats: !@ 179,0 r 10449342 343807800 w 2188189 42721860 d 176527 37405264 f 643323 668903 iot 4761648 4100538 th 51200 0 0 pt 0 inp 0 0 605883.415
10-22 20:31:16.881  8981  9339 I BatteryMgr:DataCollectionService: stats => 1697999476881,-257,4308,-174,0,100
10-22 20:31:16.988  8981  9339 I BatteryMgr:DataCollectionService: stats => 1697999476988,-257,4308,-174,0,100
10-22 20:31:17.094  8981  9339 I BatteryMgr:DataCollectionService: stats => 1697999477094,-257,4308,-174,0,100
10-22 20:31:17.201  8981  9339 I BatteryMgr:DataCollectionService: stats => 1697999477201,-257,4308,-174,0,100
10-22 20:31:17.308  8981  9339 I BatteryMgr:DataCollectionService: stats => 1697999477308,-257,4308,-174,0,100
10-22 20:31:17.322  3957  4128 D WifiService: getConnectionInfo uid=1000
10-22 20:31:17.414  8981  9339 I BatteryMgr:DataCollectionService: stats => 1697999477413,-257,4308,-174,0,100
10-22 20:31:17.519  8981  9339 I BatteryMgr:DataCollectionService: stats => 1697999477519,-257,4308,-174,0,100
10-22 20:31:17.627  8981  9339 I BatteryMgr:DataCollectionService: stats => 1697999477626,-257,4308,-174,0,100
10-22 20:31:17.720  3957  4129 D WifiStateMachine:  ConnectedState !RSSI_PKTCNT_FETCH uid=1000 rt=605884304/1661859777 0 0 "ourhome" f4:6d:2f:12:cc:88 rssi=-44 f=5240 sc=60 link=433 tx=8.5, 0.0, 0.0  rx=16.0 bcn=622674 [on:0 tx:0 rx:0 period:1001] from screen [on:825435 period:4421388] score=60
10-22 20:31:17.721  3957  4129 D WifiStateMachine:  L2ConnectedState !RSSI_PKTCNT_FETCH uid=1000 rt=605884306/1661859778 0 0 "ourhome" f4:6d:2f:12:cc:88 rssi=-44 f=5240 sc=60 link=433 tx=8.5, 0.0, 0.0  rx=16.0 bcn=622674 [on:0 tx:0 rx:0 period:1] from screen [on:825435 period:4421389] score=60
10-22 20:31:17.728  3957  4129 D WifiStateMachine: fetchRssiLinkSpeedAndFrequencyNative rssi=-45 linkspeed=433 freq=5240
10-22 20:31:17.728  3957  4129 V WifiConfigManager: Updating scan detail cache freq=5240 BSSID=f4:6d:2f:12:cc:88 RSSI=-44 for "ourhome"WPA_PSK
10-22 20:31:17.733  8981  9339 I BatteryMgr:DataCollectionService: stats => 1697999477733,-257,4308,-174,0,100
10-22 20:31:17.841  8981  9339 I BatteryMgr:DataCollectionService: stats => 1697999477841,-257,4308,-174,0,100
10-22 20:31:17.949  8981  9339 I BatteryMgr:DataCollectionService: stats => 1697999477948,-257,4308,-174,0,100
10-22 20:31:18.056  8981  9339 I BatteryMgr:DataCollectionService: stats => 1697999478056,-257,4308,-174,0,100
10-22 20:31:18.164  8981  9339 I BatteryMgr:DataCollectionService: stats => 1697999478163,-257,4308,-174,0,100
10-22 20:31:18.270  8981  9339 I BatteryMgr:DataCollectionService: stats => 1697999478270,-257,4308,-174,0,100
10-22 20:31:18.289  3957  4129 D WifiStateMachine:  ConnectedState !CMD_RSSI_POLL rt=605884873/1661860346 122 0 "ourhome" f4:6d:2f:12:cc:88 rssi=-45 f=5240 sc=60 link=433 tx=8.5, 0.0, 0.0  rx=16.0 bcn=622674 [on:0 tx:0 rx:0 period:568] from screen [on:825435 period:4421957] score=60
10-22 20:31:18.291  3957  4129 D WifiStateMachine:  L2ConnectedState !CMD_RSSI_POLL rt=605884875/1661860347 122 0 "ourhome" f4:6d:2f:12:cc:88 rssi=-45 f=5240 sc=60 link=433 tx=8.5, 0.0, 0.0  rx=16.0 bcn=622674 [on:0 tx:0 rx:0 period:2] from screen [on:825435 period:4421959] score=60
10-22 20:31:18.291  3957  4129 D WifiStateMachine:  get link layer stats 3
10-22 20:31:18.292  3436  3436 I android.hardware.wifi@1.0-service: getLinkLayerStats
10-22 20:31:18.309  3957  4129 D WifiStateMachine: fetchRssiLinkSpeedAndFrequencyNative rssi=-45 linkspeed=433 freq=5240
10-22 20:31:18.309  3957  4129 V WifiConfigManager: Updating scan detail cache freq=5240 BSSID=f4:6d:2f:12:cc:88 RSSI=-44 for "ourhome"WPA_PSK
10-22 20:31:18.312  4340  4340 E SignalClusterView: setSlotFocusVisible : subId -2
10-22 20:31:18.312  4340  4340 E SignalClusterView: setSlotFocusVisible : subId -2
10-22 20:31:18.324  3957  4128 D WifiService: getConnectionInfo uid=1000
10-22 20:31:18.378  8981  9339 I BatteryMgr:DataCollectionService: stats => 1697999478378,-257,4308,-174,0,100
10-22 20:31:18.488  8981  9339 I BatteryMgr:DataCollectionService: stats => 1697999478487,-257,4308,-174,0,100
10-22 20:31:18.593  8981  9339 I BatteryMgr:DataCollectionService: stats => 1697999478593,-257,4308,-174,0,100
10-22 20:31:18.696  6413  6468 D ScanRecord: Not a Multi Manu data
10-22 20:31:18.696  6413  6468 I chatty  : uid=1002(bluetooth) BT Service Call identical 11 lines
10-22 20:31:18.696  6413  6468 D ScanRecord: Not a Multi Manu data
10-22 20:31:18.700  8981  9339 I BatteryMgr:DataCollectionService: stats => 1697999478700,-257,4308,-174,0,100
10-22 20:31:18.721  3957  4129 D WifiStateMachine:  ConnectedState !RSSI_PKTCNT_FETCH uid=1000 rt=605885305/1661860777 0 0 "ourhome" f4:6d:2f:12:cc:88 rssi=-45 f=5240 sc=60 link=433 tx=3.7, 0.0, 0.0  rx=8.4 bcn=622704 [on:0 tx:0 rx:0 period:408] from screen [on:826215 period:4422388] score=60
10-22 20:31:18.723  3957  4129 D WifiStateMachine:  L2ConnectedState !RSSI_PKTCNT_FETCH uid=1000 rt=605885307/1661860779 0 0 "ourhome" f4:6d:2f:12:cc:88 rssi=-45 f=5240 sc=60 link=433 tx=3.7, 0.0, 0.0  rx=8.4 bcn=622704 [on:0 tx:0 rx:0 period:2] from screen [on:826215 period:4422390] score=60
10-22 20:31:18.724  3957  4129 D WifiStateMachine: fetchRssiLinkSpeedAndFrequencyNative rssi=-45 linkspeed=433 freq=5240
10-22 20:31:18.724  3957  4129 V WifiConfigManager: Updating scan detail cache freq=5240 BSSID=f4:6d:2f:12:cc:88 RSSI=-44 for "ourhome"WPA_PSK
10-22 20:31:18.732  6413  6468 D ScanRecord: Not a Multi Manu data
10-22 20:31:18.788  6413  6468 I chatty  : uid=1002(bluetooth) BT Service Call identical 63 lines
10-22 20:31:18.788  6413  6468 D ScanRecord: Not a Multi Manu data
10-22 20:31:18.806  8981  9339 I BatteryMgr:DataCollectionService: stats => 1697999478805,-257,4308,-174,0,100
10-22 20:31:18.808  6413  6468 D ScanRecord: Not a Multi Manu data
10-22 20:31:18.912  6413  6468 I chatty  : uid=1002(bluetooth) BT Service Call identical 206 lines
10-22 20:31:18.912  6413  6468 D ScanRecord: Not a Multi Manu data
10-22 20:31:18.914  8981  9339 I BatteryMgr:DataCollectionService: stats => 1697999478914,-257,4308,-174,0,100
10-22 20:31:18.921  6413  6468 D ScanRecord: Not a Multi Manu data
10-22 20:31:19.013  6413  6468 I chatty  : uid=1002(bluetooth) BT Service Call identical 167 lines
10-22 20:31:19.013  6413  6468 D ScanRecord: Not a Multi Manu data
10-22 20:31:19.020  8981  9339 I BatteryMgr:DataCollectionService: stats => 1697999479019,-257,4308,-174,0,100
10-22 20:31:19.027  6413  6468 D ScanRecord: Not a Multi Manu data
10-22 20:31:19.116  6413  6468 I chatty  : uid=1002(bluetooth) BT Service Call identical 154 lines
10-22 20:31:19.116  6413  6468 D ScanRecord: Not a Multi Manu data
10-22 20:31:19.127  8981  9339 I BatteryMgr:DataCollectionService: stats => 1697999479127,-257,4308,-174,0,100
10-22 20:31:19.154  6413  6468 D ScanRecord: Not a Multi Manu data
10-22 20:31:19.154  6413  6468 I chatty  : uid=1002(bluetooth) BT Service Call identical 11 lines
10-22 20:31:19.154  6413  6468 D ScanRecord: Not a Multi Manu data
10-22 20:31:19.234  8981  9339 I BatteryMgr:DataCollectionService: stats => 1697999479234,-257,4308,-174,0,100
10-22 20:31:19.326  3957  4128 D WifiService: getConnectionInfo uid=1000
10-22 20:31:19.341  8981  9339 I BatteryMgr:DataCollectionService: stats => 1697999479341,-257,4308,-174,0,100
10-22 20:31:19.447  8981  9339 I BatteryMgr:DataCollectionService: stats => 1697999479447,-257,4308,-174,0,100
10-22 20:31:19.554  8981  9339 I BatteryMgr:DataCollectionService: stats => 1697999479554,-257,4308,-174,0,100
10-22 20:31:19.661  8981  9339 I BatteryMgr:DataCollectionService: stats => 1697999479661,-257,4308,-174,0,100
10-22 20:31:19.724  3957  4129 D WifiStateMachine:  ConnectedState !RSSI_PKTCNT_FETCH uid=1000 rt=605886307/1661861779 0 0 "ourhome" f4:6d:2f:12:cc:88 rssi=-45 f=5240 sc=60 link=433 tx=3.7, 0.0, 0.0  rx=8.4 bcn=622704 [on:0 tx:0 rx:0 period:1001] from screen [on:826215 period:4423391] score=60
10-22 20:31:19.728  3957  4129 D WifiStateMachine:  L2ConnectedState !RSSI_PKTCNT_FETCH uid=1000 rt=605886310/1661861782 0 0 "ourhome" f4:6d:2f:12:cc:88 rssi=-45 f=5240 sc=60 link=433 tx=3.7, 0.0, 0.0  rx=8.4 bcn=622704 [on:0 tx:0 rx:0 period:4] from screen [on:826215 period:4423395] score=60
10-22 20:31:19.734  3957  4129 D WifiStateMachine: fetchRssiLinkSpeedAndFrequencyNative rssi=-45 linkspeed=433 freq=5240
10-22 20:31:19.734  3957  4129 V WifiConfigManager: Updating scan detail cache freq=5240 BSSID=f4:6d:2f:12:cc:88 RSSI=-44 for "ourhome"WPA_PSK
10-22 20:31:19.770  8981  9339 I BatteryMgr:DataCollectionService: stats => 1697999479770,-257,4308,-174,0,100
10-22 20:31:19.771  3957  6478 D SSRM:k  : SIOP:: AP = 450, PST = 400 (W:10), BAT = 328, USB = 0, CHG = 0
10-22 20:31:19.876  8981  9339 I BatteryMgr:DataCollectionService: stats => 1697999479876,-257,4308,-174,0,100
10-22 20:31:19.983  8981  9339 I BatteryMgr:DataCollectionService: stats => 1697999479983,-257,4308,-174,0,100
10-22 20:31:20.089  8981  9339 I BatteryMgr:DataCollectionService: stats => 1697999480089,-257,4308,-174,0,100
10-22 20:31:20.196  8981  9339 I BatteryMgr:DataCollectionService: stats => 1697999480195,-257,4308,-174,0,100
10-22 20:31:20.300  8981  9339 I BatteryMgr:DataCollectionService: stats => 1697999480300,-217,4308,-208,0,100
10-22 20:31:20.329  3957  4128 D WifiService: getConnectionInfo uid=1000
10-22 20:31:20.406  8981  9339 I BatteryMgr:DataCollectionService: stats => 1697999480406,-217,4308,-208,0,100
