10-22 20:09:13.493  3957 12007 W ActivityManager: 	at android.os.BinderProxy.sendDeathNotice(Binder.java:841)
10-22 20:09:13.494  3446  3446 E lowmemorykiller: Error opening /proc/8977/oom_score_adj; errno=2
10-22 20:09:13.494  3957 12007 W ActivityManager: Scheduling restart of crashed service com.google.android.googlequicksearchbox/com.google.android.apps.gsa.shared.util.keepalive.StandaloneKeepAlive$KeepAliveService in 1000ms
10-22 20:09:13.495  3957 12007 W ActivityManager: Scheduling restart of crashed service com.google.android.googlequicksearchbox/com.google.android.apps.gsa.nowoverlayservice.DrawerOverlayService in 11000ms
10-22 20:09:13.497  3957  4128 D WifiService: getConnectionInfo uid=1000
10-22 20:09:13.499  8860  8860 D BoundBrokerSvc: onUnbind: Intent { act=com.google.android.gms.phenotype.service.START pkg=com.google.android.gms }
10-22 20:09:13.500  3446  3446 E lowmemorykiller: Error opening /proc/8977/oom_score_adj; errno=2
10-22 20:09:13.501  8860  8860 D BoundBrokerSvc: onUnbind: Intent { act=com.google.android.gms.auth.account.data.service.START pkg=com.google.android.gms }
10-22 20:09:13.503  3957  7899 I ActivityManager: Process com.google.android.gms (pid 8977) has died: cch  CEM (49,421)
10-22 20:09:13.518 31549 31859 I BatteryMgr:DataCollectionService: stats => 1697998153518,-56,4308,-119,0,100
10-22 20:09:13.627 31549 31859 I BatteryMgr:DataCollectionService: stats => 1697998153626,-56,4308,-119,0,100
10-22 20:09:13.735 31549 31859 I BatteryMgr:DataCollectionService: stats => 1697998153735,-56,4308,-119,0,100
10-22 20:09:13.785  3957  4129 D WifiStateMachine:  ConnectedState !RSSI_PKTCNT_FETCH uid=1000 rt=604560369/1660535842 0 0 "ourhome" f4:6d:2f:12:cc:88 rssi=-47 f=5240 sc=60 link=433 tx=23.3, 4.2, 0.0  rx=51.1 bcn=610117 [on:0 tx:0 rx:0 period:1000] from screen [on:527877 period:3097453] score=60
10-22 20:09:13.786  3957  4129 D WifiStateMachine:  L2ConnectedState !RSSI_PKTCNT_FETCH uid=1000 rt=604560371/1660535843 0 0 "ourhome" f4:6d:2f:12:cc:88 rssi=-47 f=5240 sc=60 link=433 tx=23.3, 4.2, 0.0  rx=51.1 bcn=610117 [on:0 tx:0 rx:0 period:1] from screen [on:527877 period:3097454] score=60
10-22 20:09:13.788  3957  4129 D WifiStateMachine: fetchRssiLinkSpeedAndFrequencyNative rssi=-46 linkspeed=433 freq=5240
10-22 20:09:13.788  3957  4129 V WifiConfigManager: Updating scan detail cache freq=5240 BSSID=f4:6d:2f:12:cc:88 RSSI=-46 for "ourhome"WPA_PSK
10-22 20:09:13.848 31549 31859 I BatteryMgr:DataCollectionService: stats => 1697998153848,-56,4308,-119,0,100
10-22 20:09:13.965 31549 31859 I BatteryMgr:DataCollectionService: stats => 1697998153965,-56,4308,-119,0,100
10-22 20:09:14.072 31549 31859 I BatteryMgr:DataCollectionService: stats => 1697998154071,-56,4308,-119,0,100
10-22 20:09:14.164  3957  4654 D ConnectivityService: filterNetworkStateForUid() uid: 10169 networkInfo: [type: WIFI[] - WIFI, state: CONNECTED/CONNECTED, reason: (unspecified), extra: "ourhome", failover: false, available: true, roaming: false, metered: false]
10-22 20:09:14.164  3957  4654 D WifiService: getConnectionInfo uid=1000
10-22 20:09:14.179 31549 31859 I BatteryMgr:DataCollectionService: stats => 1697998154178,-56,4308,-119,0,100
10-22 20:09:14.285 31549 31859 I BatteryMgr:DataCollectionService: stats => 1697998154285,-56,4308,-119,0,100
10-22 20:09:14.391 31549 31859 I BatteryMgr:DataCollectionService: stats => 1697998154391,-56,4308,-119,0,100
10-22 20:09:14.498 31549 31859 I BatteryMgr:DataCollectionService: stats => 1697998154498,-56,4308,-119,0,100
10-22 20:09:14.499  3957  4128 D WifiService: getConnectionInfo uid=1000
10-22 20:09:14.516  3957  3972 D StorageManagerService: getExternalStorageMountMode : 1
10-22 20:09:14.519  3957  3972 D StorageManagerService: getExternalStorageMountMode : 3
10-22 20:09:14.520  3957  3972 D StorageManagerService: getExternalStorageMountMode : final mountMode=1, uid : 10075, packageName : com.google.android.googlequicksearchbox
10-22 20:09:14.530  3957  3972 I ApplicationPolicy: isApplicationExternalStorageWhitelisted:com.google.android.googlequicksearchbox user:0
10-22 20:09:14.531  3957  3972 D ApplicationPolicy: isApplicationExternalStorageWhitelisted: DO is not enabled on user 0. Allowed.
10-22 20:09:14.531  3957  3972 D ActivityManager: package  com.google.android.googlequicksearchbox, user - 0 is SDcard whitelisted
10-22 20:09:14.531  3957  3972 I ApplicationPolicy: isApplicationExternalStorageBlacklisted:com.google.android.googlequicksearchbox user:0
10-22 20:09:14.531  3957  3972 D ApplicationPolicy: isApplicationExternalStorageBlacklisted: DO is not enabled on user 0. Allowed.
10-22 20:09:14.574 32090 32090 E Zygote  : isWhitelistProcess - Process is Whitelisted
10-22 20:09:14.575 32090 32090 E libpersona: scanKnoxPersonas
10-22 20:09:14.576 32090 32090 E libpersona: Couldn't open the File - /data/system/users/0/personalist.xml - No such file or directory
10-22 20:09:14.583  3957  3972 W ActivityManager: Slow operation: 83ms so far, now at startProcess: returned from zygote!
10-22 20:09:14.585  3957  3972 W ActivityManager: Slow operation: 84ms so far, now at startProcess: done updating battery stats
10-22 20:09:14.585 32090 32090 W SELinux : SELinux selinux_android_compute_policy_index : Policy Index[2],  Con:u:r:zygote:s0 RAM:SEPF_SM-J720F_8.0.0_0002, [-1 -1 -1 -1 0 1]
10-22 20:09:14.591 32090 32090 I SELinux : SELinux: seapp_context_lookup: seinfo=untrusted, level=s0:c512,c768, pkgname=com.google.android.googlequicksearchbox:search 
10-22 20:09:14.592  3957  3972 W ActivityManager: Slow operation: 92ms so far, now at startProcess: building log message
10-22 20:09:14.592  3957  3972 I ActivityManager: Start proc 32090:com.google.android.googlequicksearchbox:search/u0a75 for service com.google.android.googlequicksearchbox/com.google.android.apps.gsa.shared.util.keepalive.StandaloneKeepAlive$KeepAliveService
10-22 20:09:14.593  3957  3972 W ActivityManager: Slow operation: 92ms so far, now at startProcess: starting to update pids map
10-22 20:09:14.593  3957  3972 W ActivityManager: Slow operation: 92ms so far, now at startProcess: done updating pids map
10-22 20:09:14.593  3957  3972 W ActivityManager: Slow operation: 93ms so far, now at startProcess: done starting proc!
10-22 20:09:14.607 31549 31859 I BatteryMgr:DataCollectionService: stats => 1697998154607,-56,4308,-119,0,100
10-22 20:09:14.714 31549 31859 I BatteryMgr:DataCollectionService: stats => 1697998154714,-56,4308,-119,0,100
10-22 20:09:14.736 32090 32090 D TimaKeyStoreProvider: TimaKeyStore is not enabled: cannot add TimaSignature Service and generateKeyPair Service
10-22 20:09:14.738 32090 32090 D ActivityThread: Added TimaKeyStore provider
10-22 20:09:14.770  3957  4654 I ActivityManager: DSS on for com.google.android.googlequicksearchbox and scale is 1.0
10-22 20:09:14.786  3957  4129 D WifiStateMachine:  ConnectedState !RSSI_PKTCNT_FETCH uid=1000 rt=604561370/1660536843 0 0 "ourhome" f4:6d:2f:12:cc:88 rssi=-46 f=5240 sc=60 link=433 tx=23.3, 4.2, 0.0  rx=51.1 bcn=610117 [on:0 tx:0 rx:0 period:1000] from screen [on:527877 period:3098454] score=60
10-22 20:09:14.788  3957  4129 D WifiStateMachine:  L2ConnectedState !RSSI_PKTCNT_FETCH uid=1000 rt=604561372/1660536844 0 0 "ourhome" f4:6d:2f:12:cc:88 rssi=-46 f=5240 sc=60 link=433 tx=23.3, 4.2, 0.0  rx=51.1 bcn=610117 [on:0 tx:0 rx:0 period:2] from screen [on:527877 period:3098456] score=60
10-22 20:09:14.791  3957  4129 D WifiStateMachine: fetchRssiLinkSpeedAndFrequencyNative rssi=-49 linkspeed=433 freq=5240
10-22 20:09:14.791  3957  4129 V WifiConfigManager: Updating scan detail cache freq=5240 BSSID=f4:6d:2f:12:cc:88 RSSI=-47 for "ourhome"WPA_PSK
10-22 20:09:14.822 31549 31859 I BatteryMgr:DataCollectionService: stats => 1697998154822,-56,4308,-119,0,100
10-22 20:09:14.929 31549 31859 I BatteryMgr:DataCollectionService: stats => 1697998154929,-56,4308,-119,0,100
10-22 20:09:15.034 31549 31859 I BatteryMgr:DataCollectionService: stats => 1697998155034,-56,4308,-119,0,100
10-22 20:09:15.142 31549 31859 I BatteryMgr:DataCollectionService: stats => 1697998155141,-56,4308,-119,0,100
10-22 20:09:15.248 31549 31859 I BatteryMgr:DataCollectionService: stats => 1697998155248,-56,4308,-119,0,100
10-22 20:09:15.271 32090 32090 I zygote64: no shared libraies, dex_files: 1
10-22 20:09:15.355 31549 31859 I BatteryMgr:DataCollectionService: stats => 1697998155355,-56,4308,-119,0,100
10-22 20:09:15.462 31549 31859 I BatteryMgr:DataCollectionService: stats => 1697998155462,-56,4308,-119,0,100
10-22 20:09:15.470  3957  4129 D WifiStateMachine:  ConnectedState !CMD_RSSI_POLL rt=604562054/1660537527 122 0 "ourhome" f4:6d:2f:12:cc:88 rssi=-49 f=5240 sc=60 link=433 tx=23.3, 4.2, 0.0  rx=51.1 bcn=610117 [on:0 tx:0 rx:0 period:681] from screen [on:527877 period:3099137] score=60
10-22 20:09:15.486  3957  4129 D WifiStateMachine:  L2ConnectedState !CMD_RSSI_POLL rt=604562055/1660537528 122 0 "ourhome" f4:6d:2f:12:cc:88 rssi=-49 f=5240 sc=60 link=433 tx=23.3, 4.2, 0.0  rx=51.1 bcn=610117 [on:0 tx:0 rx:0 period:12] from screen [on:527877 period:3099149] score=60
10-22 20:09:15.486  3957  4129 D WifiStateMachine:  get link layer stats 3
10-22 20:09:15.488  3436  3436 I android.hardware.wifi@1.0-service: getLinkLayerStats
10-22 20:09:15.501  3957  4128 D WifiService: getConnectionInfo uid=1000
10-22 20:09:15.519  3957  4129 D WifiStateMachine: fetchRssiLinkSpeedAndFrequencyNative rssi=-45 linkspeed=433 freq=5240
10-22 20:09:15.519  3957  4129 V WifiConfigManager: Updating scan detail cache freq=5240 BSSID=f4:6d:2f:12:cc:88 RSSI=-45 for "ourhome"WPA_PSK
10-22 20:09:15.532  4340  4340 E SignalClusterView: setSlotFocusVisible : subId -2
10-22 20:09:15.533  4340  4340 E SignalClusterView: setSlotFocusVisible : subId -2
10-22 20:09:15.576 31549 31859 I BatteryMgr:DataCollectionService: stats => 1697998155576,-56,4308,-119,0,100
10-22 20:09:15.688 31549 31859 I BatteryMgr:DataCollectionService: stats => 1697998155688,-56,4308,-119,0,100
10-22 20:09:15.739  4961  4961 D io_stats: !@ 179,0 r 10195326 334723340 w 2168967 42435828 d 174924 37318708 f 641164 666698 iot 4661376 4016580 th 51200 0 0 pt 0 inp 1 0 604562.324
10-22 20:09:15.744 32090 32090 W ResourceType: ResTable_typeSpec entry count inconsistent: given 3216, previously 8242
10-22 20:09:15.745 32090 32090 W ResourceType: ResTable_typeSpec entry count inconsistent: given 5124, previously 5123
10-22 20:09:15.746 32090 32090 W ResourceType: ResTable_typeSpec entry count inconsistent: given 457, previously 4879
10-22 20:09:15.786  3957  4129 D WifiStateMachine:  ConnectedState !RSSI_PKTCNT_FETCH uid=1000 rt=604562371/1660537843 0 0 "ourhome" f4:6d:2f:12:cc:88 rssi=-45 f=5240 sc=60 link=433 tx=36.5, 4.1, 0.0  rx=51.7 bcn=610147 [on:0 tx:0 rx:0 period:252] from screen [on:530154 period:3099454] score=60
10-22 20:09:15.788  3957  4129 D WifiStateMachine:  L2ConnectedState !RSSI_PKTCNT_FETCH uid=1000 rt=604562372/1660537845 0 0 "ourhome" f4:6d:2f:12:cc:88 rssi=-45 f=5240 sc=60 link=433 tx=36.5, 4.1, 0.0  rx=51.7 bcn=610147 [on:0 tx:0 rx:0 period:1] from screen [on:530154 period:3099455] score=60
10-22 20:09:15.793  3957  4129 D WifiStateMachine: fetchRssiLinkSpeedAndFrequencyNative rssi=-43 linkspeed=433 freq=5240
10-22 20:09:15.793  3957  4129 V WifiConfigManager: Updating scan detail cache freq=5240 BSSID=f4:6d:2f:12:cc:88 RSSI=-43 for "ourhome"WPA_PSK
10-22 20:09:15.799 31549 31859 I BatteryMgr:DataCollectionService: stats => 1697998155799,-56,4308,-119,0,100
10-22 20:09:15.805  3957  4654 D ConnectivityService: filterNetworkStateForUid() uid: 10169 networkInfo: [type: WIFI[] - WIFI, state: CONNECTED/CONNECTED, reason: (unspecified), extra: "ourhome", failover: false, available: true, roaming: false, metered: false]
10-22 20:09:15.805  3957  4654 D WifiService: getConnectionInfo uid=1000
10-22 20:09:15.905 31549 31859 I BatteryMgr:DataCollectionService: stats => 1697998155904,-56,4308,-119,0,100
10-22 20:09:16.011 31549 31859 I BatteryMgr:DataCollectionService: stats => 1697998156011,-56,4308,-119,0,100
10-22 20:09:16.080 32090 32090 I MultiDex: VM with version 2.1.0 has multidex support
10-22 20:09:16.081 32090 32090 I MultiDex: Installing application
10-22 20:09:16.081 32090 32090 I MultiDex: VM has multidex support, MultiDex support library is disabled.
10-22 20:09:16.118 31549 31859 I BatteryMgr:DataCollectionService: stats => 1697998156118,-171,4308,-198,0,100
10-22 20:09:16.225 31549 31859 I BatteryMgr:DataCollectionService: stats => 1697998156225,-171,4308,-198,0,100
10-22 20:09:16.253  3957  4654 W StorageManager: getStorageLowBytes lowPercent : 5, lowBytes : 1260145254, maxLowBytes : 524288000
10-22 20:09:16.332 31549 31859 I BatteryMgr:DataCollectionService: stats => 1697998156332,-171,4308,-198,0,100
10-22 20:09:16.375  3957  4654 D ConnectivityService: filterNetworkStateForUid() uid: 10169 networkInfo: [type: WIFI[] - WIFI, state: CONNECTED/CONNECTED, reason: (unspecified), extra: "ourhome", failover: false, available: true, roaming: false, metered: false]
10-22 20:09:16.375  3957  4654 D WifiService: getConnectionInfo uid=1000
10-22 20:09:16.393  3957  4416 E Watchdog: !@Sync 20144 [2023-10-22 20:09:16.372]
10-22 20:09:16.438 31549 31859 I BatteryMgr:DataCollectionService: stats => 1697998156438,-171,4308,-198,0,100
10-22 20:09:16.503  3957  4128 D WifiService: getConnectionInfo uid=1000
10-22 20:09:16.509  3957  4654 D BatteryService: !@BatteryListener : batteryPropertiesChanged!
10-22 20:09:16.546 31549 31859 I BatteryMgr:DataCollectionService: stats => 1697998156546,-171,4308,-198,0,100
10-22 20:09:16.652 31549 31859 I BatteryMgr:DataCollectionService: stats => 1697998156652,-171,4308,-198,0,100
10-22 20:09:16.760 31549 31859 I BatteryMgr:DataCollectionService: stats => 1697998156760,-171,4308,-198,0,100
10-22 20:09:16.787  3957  4129 D WifiStateMachine:  ConnectedState !RSSI_PKTCNT_FETCH uid=1000 rt=604563371/1660538844 0 0 "ourhome" f4:6d:2f:12:cc:88 rssi=-43 f=5240 sc=60 link=433 tx=36.5, 4.1, 0.0  rx=51.7 bcn=610147 [on:0 tx:0 rx:0 period:1000] from screen [on:530154 period:3100455] score=60
10-22 20:09:16.788  3957  4129 D WifiStateMachine:  L2ConnectedState !RSSI_PKTCNT_FETCH uid=1000 rt=604563372/1660538845 0 0 "ourhome" f4:6d:2f:12:cc:88 rssi=-43 f=5240 sc=60 link=433 tx=36.5, 4.1, 0.0  rx=51.7 bcn=610147 [on:0 tx:0 rx:0 period:1] from screen [on:530154 period:3100456] score=60
10-22 20:09:16.789  3957  4129 D WifiStateMachine: fetchRssiLinkSpeedAndFrequencyNative rssi=-41 linkspeed=433 freq=5240
10-22 20:09:16.789  3957  4129 V WifiConfigManager: Updating scan detail cache freq=5240 BSSID=f4:6d:2f:12:cc:88 RSSI=-41 for "ourhome"WPA_PSK
10-22 20:09:16.845 32090 32090 I A       : Initializing GMS Compliance Client Library...
10-22 20:09:16.845 32090 32090 I A       : Checking for device compliance...
10-22 20:09:16.848 32090 32090 I A       : Completed library init.
10-22 20:09:16.867 31549 31859 I BatteryMgr:DataCollectionService: stats => 1697998156867,-171,4308,-198,0,100
10-22 20:09:16.981 31549 31859 I BatteryMgr:DataCollectionService: stats => 1697998156981,-171,4308,-198,0,100
10-22 20:09:17.092 31549 31859 I BatteryMgr:DataCollectionService: stats => 1697998157092,-171,4308,-198,0,100
10-22 20:09:17.199 31549 31859 I BatteryMgr:DataCollectionService: stats => 1697998157199,-171,4308,-198,0,100
10-22 20:09:17.306 31549 31859 I BatteryMgr:DataCollectionService: stats => 1697998157306,-171,4308,-198,0,100
10-22 20:09:17.414 31549 31859 I BatteryMgr:DataCollectionService: stats => 1697998157414,-171,4308,-198,0,100
10-22 20:09:17.465  3957  4654 D StorageManagerService: getExternalStorageMountMode : 3
10-22 20:09:17.466  3957  4654 D StorageManagerService: getExternalStorageMountMode : 3
10-22 20:09:17.466  3957  4654 D StorageManagerService: getExternalStorageMountMode : final mountMode=3, uid : 10025, packageName : com.google.android.gsf
10-22 20:09:17.468  3957  4654 I ApplicationPolicy: isApplicationExternalStorageWhitelisted:com.google.android.gsf user:0
10-22 20:09:17.469  3957  4654 D ApplicationPolicy: isApplicationExternalStorageWhitelisted: DO is not enabled on user 0. Allowed.
10-22 20:09:17.469  3957  4654 D ActivityManager: package  com.google.android.gsf, user - 0 is SDcard whitelisted
10-22 20:09:17.469  3957  4654 I ApplicationPolicy: isApplicationExternalStorageBlacklisted:com.google.android.gsf user:0
10-22 20:09:17.469  3957  4654 D ApplicationPolicy: isApplicationExternalStorageBlacklisted: DO is not enabled on user 0. Allowed.
10-22 20:09:17.501 32130 32130 E Zygote  : isWhitelistProcess - Process is Whitelisted
10-22 20:09:17.503 32130 32130 E libpersona: scanKnoxPersonas
10-22 20:09:17.503 32130 32130 E libpersona: Couldn't open the File - /data/system/users/0/personalist.xml - No such file or directory
10-22 20:09:17.505  3957  4128 D WifiService: getConnectionInfo uid=1000
10-22 20:09:17.507 32130 32130 W SELinux : SELinux selinux_android_compute_policy_index : Policy Index[2],  Con:u:r:zygote:s0 RAM:SEPF_SM-J720F_8.0.0_0002, [-1 -1 -1 -1 0 1]
10-22 20:09:17.518  3957  4654 W ActivityManager: Slow operation: 59ms so far, now at startProcess: returned from zygote!
10-22 20:09:17.519 32130 32130 I SELinux : SELinux: seapp_context_lookup: seinfo=untrusted, level=s0:c512,c768, pkgname=com.google.process.gapps 
10-22 20:09:17.527  3957  4654 W ActivityManager: Slow operation: 69ms so far, now at startProcess: done updating battery stats
10-22 20:09:17.537  3957  4654 W ActivityManager: Slow operation: 78ms so far, now at startProcess: building log message
10-22 20:09:17.537  3957  4654 I ActivityManager: Start proc 32130:com.google.process.gapps/u0a25 for content provider com.google.android.gsf/.gservices.GservicesProvider
10-22 20:09:17.537  3957  4654 W ActivityManager: Slow operation: 78ms so far, now at startProcess: starting to update pids map
10-22 20:09:17.537  3957  4654 W ActivityManager: Slow operation: 79ms so far, now at startProcess: done updating pids map
10-22 20:09:17.537  3957  4654 W ActivityManager: Slow operation: 81ms so far, now at startProcess: done starting proc!
10-22 20:09:17.537  3957  4654 W ActivityManager: Slow operation: 86ms so far, now at getContentProviderImpl: after start process
10-22 20:09:17.537  3957  4654 W ActivityManager: Slow operation: 86ms so far, now at getContentProviderImpl: updating data structures
10-22 20:09:17.537  3957  4654 W ActivityManager: Slow operation: 86ms so far, now at getContentProviderImpl: done!
10-22 20:09:17.546 31549 31859 I BatteryMgr:DataCollectionService: stats => 1697998157545,-171,4308,-198,0,100
10-22 20:09:17.589  9273  9310 D ScanRecord: Not a Multi Manu data
10-22 20:09:17.647  9273  9310 I chatty  : uid=1002(bluetooth) BT Service Call identical 75 lines
10-22 20:09:17.647  9273  9310 D ScanRecord: Not a Multi Manu data
10-22 20:09:17.651  3957  7899 D ConnectivityService: filterNetworkStateForUid() uid: 10025 networkInfo: [type: WIFI[] - WIFI, state: CONNECTED/CONNECTED, reason: (unspecified), extra: "ourhome", failover: false, available: true, roaming: false, metered: false]
10-22 20:09:17.651  3957  7899 D WifiService: getConnectionInfo uid=1000
10-22 20:09:17.652 31549 31859 I BatteryMgr:DataCollectionService: stats => 1697998157651,-171,4308,-198,0,100
10-22 20:09:17.654 32130 32130 D TimaKeyStoreProvider: TimaKeyStore is not enabled: cannot add TimaSignature Service and generateKeyPair Service
10-22 20:09:17.654 32130 32130 D ActivityThread: Added TimaKeyStore provider
10-22 20:09:17.661  9273  9310 D ScanRecord: Not a Multi Manu data
10-22 20:09:17.666  3957 12007 I ActivityManager: DSS on for com.google.android.gsf and scale is 1.0
10-22 20:09:17.728  9273  9310 I chatty  : uid=1002(bluetooth) BT Service Call identical 75 lines
10-22 20:09:17.728  9273  9310 D ScanRecord: Not a Multi Manu data
10-22 20:09:17.730 32130 32130 I zygote64: no shared libraies, dex_files: 1
10-22 20:09:17.736  9273  9310 D ScanRecord: Not a Multi Manu data
10-22 20:09:17.756  9273  9310 I chatty  : uid=1002(bluetooth) BT Service Call identical 53 lines
10-22 20:09:17.756  9273  9310 D ScanRecord: Not a Multi Manu data
10-22 20:09:17.761 31549 31859 I BatteryMgr:DataCollectionService: stats => 1697998157761,-171,4308,-198,0,100
10-22 20:09:17.763  9273  9310 D ScanRecord: Not a Multi Manu data
10-22 20:09:17.775  9273  9310 I chatty  : uid=1002(bluetooth) BT Service Call identical 31 lines
10-22 20:09:17.775  9273  9310 D ScanRecord: Not a Multi Manu data
10-22 20:09:17.781 32130 32130 I GservicesProvider: Gservices pushing to system: true; secure/global: true
10-22 20:09:17.785  9273  9310 D ScanRecord: Not a Multi Manu data
10-22 20:09:17.785  9273  9310 I chatty  : uid=1002(bluetooth) BT Service Call identical 9 lines
10-22 20:09:17.785  9273  9310 D ScanRecord: Not a Multi Manu data
10-22 20:09:17.788  3957  4129 D WifiStateMachine:  ConnectedState !RSSI_PKTCNT_FETCH uid=1000 rt=604564372/1660539845 0 0 "ourhome" f4:6d:2f:12:cc:88 rssi=-41 f=5240 sc=60 link=433 tx=36.5, 4.1, 0.0  rx=51.7 bcn=610147 [on:0 tx:0 rx:0 period:1000] from screen [on:530154 period:3101456] score=60
10-22 20:09:17.789  3957  4129 D WifiStateMachine:  L2ConnectedState !RSSI_PKTCNT_FETCH uid=1000 rt=604564373/1660539846 0 0 "ourhome" f4:6d:2f:12:cc:88 rssi=-41 f=5240 sc=60 link=433 tx=36.5, 4.1, 0.0  rx=51.7 bcn=610147 [on:0 tx:0 rx:0 period:0] from screen [on:530154 period:3101456] score=60
10-22 20:09:17.790  3957  4129 D WifiStateMachine: fetchRssiLinkSpeedAndFrequencyNative rssi=-41 linkspeed=433 freq=5240
10-22 20:09:17.790  3957  4129 V WifiConfigManager: Updating scan detail cache freq=5240 BSSID=f4:6d:2f:12:cc:88 RSSI=-41 for "ourhome"WPA_PSK
10-22 20:09:17.795  9273  9310 D ScanRecord: Not a Multi Manu data
10-22 20:09:17.865  9273  9310 I chatty  : uid=1002(bluetooth) BT Service Call identical 130 lines
10-22 20:09:17.865  9273  9310 D ScanRecord: Not a Multi Manu data
10-22 20:09:17.868 31549 31859 I BatteryMgr:DataCollectionService: stats => 1697998157868,-171,4308,-198,0,100
10-22 20:09:17.871  9273  9310 D ScanRecord: Not a Multi Manu data
10-22 20:09:17.888  9273  9310 I chatty  : uid=1002(bluetooth) BT Service Call identical 31 lines
10-22 20:09:17.888  9273  9310 D ScanRecord: Not a Multi Manu data
10-22 20:09:17.894 32130 32130 I GoogleHttpClient: GMS http client unavailable, use old client
10-22 20:09:17.906  9273  9310 D ScanRecord: Not a Multi Manu data
10-22 20:09:17.958  9273  9310 I chatty  : uid=1002(bluetooth) BT Service Call identical 75 lines
10-22 20:09:17.958  9273  9310 D ScanRecord: Not a Multi Manu data
10-22 20:09:17.975 31549 31859 I BatteryMgr:DataCollectionService: stats => 1697998157975,-171,4308,-198,0,100
10-22 20:09:17.978  9273  9310 D ScanRecord: Not a Multi Manu data
10-22 20:09:17.978  9273  9310 I chatty  : uid=1002(bluetooth) BT Service Call identical 9 lines
10-22 20:09:17.978  9273  9310 D ScanRecord: Not a Multi Manu data
10-22 20:09:17.979 31549 31554 I zygote64: Do partial code cache collection, code=61KB, data=46KB
10-22 20:09:17.983  9273  9310 D ScanRecord: Not a Multi Manu data
10-22 20:09:17.983  9273  9310 I chatty  : uid=1002(bluetooth) BT Service Call identical 9 lines
10-22 20:09:17.983  9273  9310 D ScanRecord: Not a Multi Manu data
10-22 20:09:17.988 31549 31554 I zygote64: After code cache collection, code=61KB, data=46KB
10-22 20:09:17.988 31549 31554 I zygote64: Increasing code cache capacity to 256KB
10-22 20:09:17.994  9273  9310 D ScanRecord: Not a Multi Manu data
10-22 20:09:17.994  9273  9310 I chatty  : uid=1002(bluetooth) BT Service Call identical 9 lines
10-22 20:09:17.994  9273  9310 D ScanRecord: Not a Multi Manu data
10-22 20:09:18.006 32090 32123 I A       : (REDACTED) Device Compliance Fetch time taken = %sms
10-22 20:09:18.006 32090 32123 I A       : Device is compliant!
10-22 20:09:18.007 32090 32123 I A       : Invoking "compliant" action...
10-22 20:09:18.011  9273  9310 D ScanRecord: Not a Multi Manu data
10-22 20:09:18.072  9273  9310 I chatty  : uid=1002(bluetooth) BT Service Call identical 75 lines
10-22 20:09:18.072  9273  9310 D ScanRecord: Not a Multi Manu data
10-22 20:09:18.085 31549 31859 I BatteryMgr:DataCollectionService: stats => 1697998158085,-171,4308,-198,0,100
10-22 20:09:18.190 31549 31859 I BatteryMgr:DataCollectionService: stats => 1697998158190,-171,4308,-198,0,100
10-22 20:09:18.297 31549 31859 I BatteryMgr:DataCollectionService: stats => 1697998158297,-171,4308,-198,0,100
10-22 20:09:18.353  3957  4654 D StorageManagerService: getExternalStorageMountMode : 3
10-22 20:09:18.354  3957  4654 D StorageManagerService: getExternalStorageMountMode : 3
10-22 20:09:18.354  3957  4654 D StorageManagerService: getExternalStorageMountMode : final mountMode=3, uid : 10025, packageName : com.google.android.gms
10-22 20:09:18.354  3957  4654 I ApplicationPolicy: isApplicationExternalStorageWhitelisted:com.google.android.gms user:0
10-22 20:09:18.354  3957  4654 D ApplicationPolicy: isApplicationExternalStorageWhitelisted: DO is not enabled on user 0. Allowed.
10-22 20:09:18.354  3957  4654 D ActivityManager: package  com.google.android.gms, user - 0 is SDcard whitelisted
10-22 20:09:18.354  3957  4654 I ApplicationPolicy: isApplicationExternalStorageBlacklisted:com.google.android.gms user:0
10-22 20:09:18.354  3957  4654 D ApplicationPolicy: isApplicationExternalStorageBlacklisted: DO is not enabled on user 0. Allowed.
10-22 20:09:18.370  3957  4654 I ActivityManager: Start proc 32147:com.google.android.gms/u0a25 for service com.google.android.gms/.chimera.GmsApiService
10-22 20:09:18.371 32147 32147 E Zygote  : isWhitelistProcess - Process is Whitelisted
10-22 20:09:18.371 32147 32147 E libpersona: scanKnoxPersonas
10-22 20:09:18.372 32147 32147 E libpersona: Couldn't open the File - /data/system/users/0/personalist.xml - No such file or directory
10-22 20:09:18.375 32147 32147 W SELinux : SELinux selinux_android_compute_policy_index : Policy Index[2],  Con:u:r:zygote:s0 RAM:SEPF_SM-J720F_8.0.0_0002, [-1 -1 -1 -1 0 1]
10-22 20:09:18.376 32147 32147 I SELinux : SELinux: seapp_context_lookup: seinfo=gmscore, level=s0:c512,c768, pkgname=com.google.android.gms 
10-22 20:09:18.399 32147 32147 D TimaKeyStoreProvider: TimaKeyStore is not enabled: cannot add TimaSignature Service and generateKeyPair Service
10-22 20:09:18.400 32147 32147 D ActivityThread: Added TimaKeyStore provider
10-22 20:09:18.402 31549 31859 I BatteryMgr:DataCollectionService: stats => 1697998158402,-171,4308,-198,0,100
10-22 20:09:18.403  3957  7899 I ActivityManager: DSS on for com.google.android.gms and scale is 1.0
10-22 20:09:18.432 32147 32147 I zygote64: find the special shared library, skip check
10-22 20:09:18.436 32147 32147 I zygote64: find the special shared library, skip check
10-22 20:09:18.510  3957  4128 D WifiService: getConnectionInfo uid=1000
10-22 20:09:18.511 31549 31859 I BatteryMgr:DataCollectionService: stats => 1697998158511,-171,4308,-198,0,100
10-22 20:09:18.526  3957  4129 D WifiStateMachine:  ConnectedState !CMD_RSSI_POLL rt=604565110/1660540582 122 0 "ourhome" f4:6d:2f:12:cc:88 rssi=-41 f=5240 sc=60 link=433 tx=36.5, 4.1, 0.0  rx=51.7 bcn=610147 [on:0 tx:0 rx:0 period:738] from screen [on:530154 period:3102194] score=60
10-22 20:09:18.527  3957  4129 D WifiStateMachine:  L2ConnectedState !CMD_RSSI_POLL rt=604565111/1660540584 122 0 "ourhome" f4:6d:2f:12:cc:88 rssi=-41 f=5240 sc=60 link=433 tx=36.5, 4.1, 0.0  rx=51.7 bcn=610147 [on:0 tx:0 rx:0 period:1] from screen [on:530154 period:3102195] score=60
10-22 20:09:18.530  3957  4129 D WifiStateMachine:  get link layer stats 3
10-22 20:09:18.541  3436  3436 I android.hardware.wifi@1.0-service: getLinkLayerStats
10-22 20:09:18.571  3957  4129 D WifiStateMachine: fetchRssiLinkSpeedAndFrequencyNative rssi=-40 linkspeed=433 freq=5240
10-22 20:09:18.572  3957  4129 V WifiConfigManager: Updating scan detail cache freq=5240 BSSID=f4:6d:2f:12:cc:88 RSSI=-40 for "ourhome"WPA_PSK
10-22 20:09:18.572 32147 32147 W ResourceType: ResTable_typeSpec entry count inconsistent: given 88, previously 91
10-22 20:09:18.572 32147 32147 W ResourceType: ResTable_typeSpec entry count inconsistent: given 168, previously 172
10-22 20:09:18.577 32147 32147 W ResourceType: ResTable_typeSpec entry count inconsistent: given 3506, previously 3526
10-22 20:09:18.580 32147 32147 W ResourceType: ResTable_typeSpec entry count inconsistent: given 487, previously 4675
10-22 20:09:18.582  4340  4340 E SignalClusterView: setSlotFocusVisible : subId -2
10-22 20:09:18.582  4340  4340 E SignalClusterView: setSlotFocusVisible : subId -2
10-22 20:09:18.616 31549 31859 I BatteryMgr:DataCollectionService: stats => 1697998158616,-171,4308,-198,0,100
10-22 20:09:18.723 31549 31859 I BatteryMgr:DataCollectionService: stats => 1697998158723,-171,4308,-198,0,100
10-22 20:09:18.789  3957  4129 D WifiStateMachine:  ConnectedState !RSSI_PKTCNT_FETCH uid=1000 rt=604565373/1660540846 0 0 "ourhome" f4:6d:2f:12:cc:88 rssi=-40 f=5240 sc=60 link=433 tx=15.8, 1.5, 0.0  rx=21.2 bcn=610176 [on:0 tx:0 rx:0 period:209] from screen [on:531009 period:3102456] score=60
10-22 20:09:18.790  3957  4129 D WifiStateMachine:  L2ConnectedState !RSSI_PKTCNT_FETCH uid=1000 rt=604565374/1660540847 0 0 "ourhome" f4:6d:2f:12:cc:88 rssi=-40 f=5240 sc=60 link=433 tx=15.8, 1.5, 0.0  rx=21.2 bcn=610176 [on:0 tx:0 rx:0 period:2] from screen [on:531009 period:3102458] score=60
10-22 20:09:18.796  3957  4129 D WifiStateMachine: fetchRssiLinkSpeedAndFrequencyNative rssi=-41 linkspeed=433 freq=5240
10-22 20:09:18.796  3957  4129 V WifiConfigManager: Updating scan detail cache freq=5240 BSSID=f4:6d:2f:12:cc:88 RSSI=-40 for "ourhome"WPA_PSK
10-22 20:09:18.831 31549 31859 I BatteryMgr:DataCollectionService: stats => 1697998158831,-171,4308,-198,0,100
10-22 20:09:18.936 31549 31859 I BatteryMgr:DataCollectionService: stats => 1697998158936,-171,4308,-198,0,100
10-22 20:09:19.047 31549 31859 I BatteryMgr:DataCollectionService: stats => 1697998159047,-171,4308,-198,0,100
10-22 20:09:19.152 31549 31859 I BatteryMgr:DataCollectionService: stats => 1697998159152,-171,4308,-198,0,100
10-22 20:09:19.232 32147 32147 W ProviderHelper: Unknown dynamite feature providerinstaller.dynamite
10-22 20:09:19.237 32147 32147 I DynamiteModule: Considering local module com.google.android.gms.providerinstaller.dynamite:1 and remote module com.google.android.gms.providerinstaller.dynamite:0
10-22 20:09:19.237 32147 32147 I DynamiteModule: Selected local version of com.google.android.gms.providerinstaller.dynamite
10-22 20:09:19.257 31549 31859 I BatteryMgr:DataCollectionService: stats => 1697998159257,-171,4308,-198,0,100
10-22 20:09:19.275 32147 32147 V NativeCrypto: Registering com/google/android/gms/org/conscrypt/NativeCrypto's 302 native methods...
10-22 20:09:19.365 31549 31859 I BatteryMgr:DataCollectionService: stats => 1697998159365,-171,4308,-198,0,100
10-22 20:09:19.382 32147 32147 D NetworkSecurityConfig: Using Network Security Config from resource network_security_config debugBuild: false
10-22 20:09:19.409 32147 32152 I zygote64: Do partial code cache collection, code=27KB, data=23KB
10-22 20:09:19.411 32147 32152 I zygote64: After code cache collection, code=22KB, data=21KB
10-22 20:09:19.411 32147 32152 I zygote64: Increasing code cache capacity to 128KB
10-22 20:09:19.415 32147 32147 I ProviderInstaller: Installed default security provider GmsCore_OpenSSL
10-22 20:09:19.455 32147 32173 I zygote64: Deoptimizing java.lang.Object bls.put(java.lang.Object, java.lang.Object) due to JIT inline cache
10-22 20:09:19.474 31549 31859 I BatteryMgr:DataCollectionService: stats => 1697998159474,-171,4308,-198,0,100
10-22 20:09:19.485 32147 32177 I Watchcat: Started
10-22 20:09:19.507 32147 32177 I GMS_MM_Logger: (REDACTED) Start time: %s
10-22 20:09:19.511  3957  4128 D WifiService: getConnectionInfo uid=1000
10-22 20:09:19.516 32147 32177 I GMS_MM_Logger: Started.
10-22 20:09:19.530 32147 32147 W csrw    : Primes not initialized, returning default (no-op) Primes instance which will ignore all calls. Please call Primes.initialize(...) before using any Primes API.
10-22 20:09:19.530 32147 32147 W csrw    : dgaw: FULL
10-22 20:09:19.530 32147 32147 W csrw    : 	at a.J(:com.google.android.gms@233918019@23.39.18 (040400-572044148):9)
10-22 20:09:19.530 32147 32147 W csrw    : 	at csrw.a(:com.google.android.gms@233918019@23.39.18 (040400-572044148):32)
10-22 20:09:19.530 32147 32147 W csrw    : 	at com.google.android.gms.common.app.GmsApplication.onCreate(:com.google.android.gms@233918019@23.39.18 (040400-572044148):421)
10-22 20:09:19.530 32147 32147 W csrw    : 	at android.app.Instrumentation.callApplicationOnCreate(Instrumentation.java:1125)
10-22 20:09:19.530 32147 32147 W csrw    : 	at android.app.ActivityThread.handleBindApplication(ActivityThread.java:6058)
10-22 20:09:19.530 32147 32147 W csrw    : 	at android.app.ActivityThread.-wrap1(Unknown Source:0)
10-22 20:09:19.530 32147 32147 W csrw    : 	at android.app.ActivityThread$H.handleMessage(ActivityThread.java:1764)
10-22 20:09:19.530 32147 32147 W csrw    : 	at android.os.Handler.dispatchMessage(Handler.java:105)
10-22 20:09:19.530 32147 32147 W csrw    : 	at android.os.Looper.loop(Looper.java:164)
10-22 20:09:19.530 32147 32147 W csrw    : 	at android.app.ActivityThread.main(ActivityThread.java:6940)
10-22 20:09:19.530 32147 32147 W csrw    : 	at java.lang.reflect.Method.invoke(Native Method)
10-22 20:09:19.530 32147 32147 W csrw    : 	at com.android.internal.os.Zygote$MethodAndArgsCaller.run(Zygote.java:327)
10-22 20:09:19.530 32147 32147 W csrw    : 	at com.android.internal.os.ZygoteInit.main(ZygoteInit.java:1374)
10-22 20:09:19.582 31549 31859 I BatteryMgr:DataCollectionService: stats => 1697998159582,-171,4308,-198,0,100
10-22 20:09:19.594 32147 32177 I ProcStatsManager: Proc stats logger installed and started.
10-22 20:09:19.657 32147 32152 I zygote64: Compiler allocated 4MB to compile void aiuy.b(android.content.Context)
10-22 20:09:19.687 31549 31859 I BatteryMgr:DataCollectionService: stats => 1697998159687,-171,4308,-198,0,100
10-22 20:09:19.738 32147 32147 D BoundBrokerSvc: onBind: Intent { act=com.google.android.gms.semanticlocationhistory.zeroparty.service.START dat=chimera-action: cmp=com.google.android.gms/.chimera.GmsApiService }
10-22 20:09:19.739 32147 32147 D BoundBrokerSvc: Loading bound service for intent: Intent { act=com.google.android.gms.semanticlocationhistory.zeroparty.service.START dat=chimera-action: cmp=com.google.android.gms/.chimera.GmsApiService }
10-22 20:09:19.791  3957  4129 D WifiStateMachine:  ConnectedState !RSSI_PKTCNT_FETCH uid=1000 rt=604566375/1660541847 0 0 "ourhome" f4:6d:2f:12:cc:88 rssi=-41 f=5240 sc=60 link=433 tx=15.8, 1.5, 0.0  rx=21.2 bcn=610176 [on:0 tx:0 rx:0 period:1001] from screen [on:531009 period:3103459] score=60
10-22 20:09:19.792  3957  4129 D WifiStateMachine:  L2ConnectedState !RSSI_PKTCNT_FETCH uid=1000 rt=604566376/1660541849 0 0 "ourhome" f4:6d:2f:12:cc:88 rssi=-41 f=5240 sc=60 link=433 tx=15.8, 1.5, 0.0  rx=21.2 bcn=610176 [on:0 tx:0 rx:0 period:1] from screen [on:531009 period:3103460] score=60
10-22 20:09:19.793 31549 31859 I BatteryMgr:DataCollectionService: stats => 1697998159792,-171,4308,-198,0,100
10-22 20:09:19.794  3957  4129 D WifiStateMachine: fetchRssiLinkSpeedAndFrequencyNative rssi=-40 linkspeed=433 freq=5240
10-22 20:09:19.794  3957  4129 V WifiConfigManager: Updating scan detail cache freq=5240 BSSID=f4:6d:2f:12:cc:88 RSSI=-40 for "ourhome"WPA_PSK
10-22 20:09:19.835 32147 32161 I DynamiteModule: Considering local module com.google.android.gms.googlecertificates:7 and remote module com.google.android.gms.googlecertificates:7
10-22 20:09:19.844 32147 32161 I DynamiteModule: Selected local version of com.google.android.gms.googlecertificates
10-22 20:09:19.899 31549 31859 I BatteryMgr:DataCollectionService: stats => 1697998159898,-171,4308,-198,0,100
10-22 20:09:19.922 32147 32161 I zygote64: Deoptimizing java.lang.Object ctnj.a() due to JIT inline cache
10-22 20:09:19.944  3957  4306 D WifiConnectivityMonitor:  [|220] []
10-22 20:09:19.979  8860  8860 D BoundBrokerSvc: onBind: Intent { act=com.google.android.gms.phenotype.service.START dat=chimera-action: cmp=com.google.android.gms/.chimera.PersistentApiService }
10-22 20:09:19.979  8860  8860 D BoundBrokerSvc: Loading bound service for intent: Intent { act=com.google.android.gms.phenotype.service.START dat=chimera-action: cmp=com.google.android.gms/.chimera.PersistentApiService }
10-22 20:09:20.002 32147 32152 I zygote64: Do partial code cache collection, code=52KB, data=47KB
10-22 20:09:20.002 32147 32152 I zygote64: After code cache collection, code=48KB, data=45KB
10-22 20:09:20.002 32147 32152 I zygote64: Increasing code cache capacity to 256KB
10-22 20:09:20.004 31549 31859 I BatteryMgr:DataCollectionService: stats => 1697998160003,-171,4308,-198,0,100
10-22 20:09:20.109 31549 31859 I BatteryMgr:DataCollectionService: stats => 1697998160109,-171,4308,-198,0,100
10-22 20:09:20.216 31549 31859 I BatteryMgr:DataCollectionService: stats => 1697998160216,-171,4308,-198,0,100
10-22 20:09:20.330 31549 31859 I BatteryMgr:DataCollectionService: stats => 1697998160330,-171,4308,-198,0,100
10-22 20:09:20.436 31549 31859 I BatteryMgr:DataCollectionService: stats => 1697998160436,-171,4308,-198,0,100
10-22 20:09:20.513  3957  4128 D WifiService: getConnectionInfo uid=1000
10-22 20:09:20.543 31549 31859 I BatteryMgr:DataCollectionService: stats => 1697998160543,-171,4308,-198,0,100
10-22 20:09:20.649 31549 31859 I BatteryMgr:DataCollectionService: stats => 1697998160649,-171,4308,-198,0,100
10-22 20:09:20.742  4961  4961 D io_stats: !@ 179,0 r 10203579 334975808 w 2168978 42436368 d 174927 37318820 f 641168 666702 iot 4663940 4018728 th 51200 0 0 pt 0 inp 0 0 604567.327
10-22 20:09:20.755 31549 31859 I BatteryMgr:DataCollectionService: stats => 1697998160755,-171,4308,-198,0,100
10-22 20:09:20.792  3957  4129 D WifiStateMachine:  ConnectedState !RSSI_PKTCNT_FETCH uid=1000 rt=604567376/1660542848 0 0 "ourhome" f4:6d:2f:12:cc:88 rssi=-40 f=5240 sc=60 link=433 tx=15.8, 1.5, 0.0  rx=21.2 bcn=610176 [on:0 tx:0 rx:0 period:1000] from screen [on:531009 period:3104460] score=60
10-22 20:09:20.793  3957  4129 D WifiStateMachine:  L2ConnectedState !RSSI_PKTCNT_FETCH uid=1000 rt=604567378/1660542850 0 0 "ourhome" f4:6d:2f:12:cc:88 rssi=-40 f=5240 sc=60 link=433 tx=15.8, 1.5, 0.0  rx=21.2 bcn=610176 [on:0 tx:0 rx:0 period:1] from screen [on:531009 period:3104461] score=60
10-22 20:09:20.799  3957  4129 D WifiStateMachine: fetchRssiLinkSpeedAndFrequencyNative rssi=-41 linkspeed=433 freq=5240
10-22 20:09:20.800  3957  4129 V WifiConfigManager: Updating scan detail cache freq=5240 BSSID=f4:6d:2f:12:cc:88 RSSI=-40 for "ourhome"WPA_PSK
10-22 20:09:20.862 31549 31859 I BatteryMgr:DataCollectionService: stats => 1697998160862,-171,4308,-198,0,100
10-22 20:09:20.969 31549 31859 I BatteryMgr:DataCollectionService: stats => 1697998160969,-171,4308,-198,0,100
10-22 20:09:21.075 31549 31859 I BatteryMgr:DataCollectionService: stats => 1697998161075,-171,4308,-198,0,100
10-22 20:09:21.181 31549 31859 I BatteryMgr:DataCollectionService: stats => 1697998161181,-171,4308,-198,0,100
10-22 20:09:21.288 31549 31859 I BatteryMgr:DataCollectionService: stats => 1697998161288,-171,4308,-198,0,100
10-22 20:09:21.345  3957  6478 D SSRM:k  : SIOP:: AP = 440, PST = 378 (W:10), BAT = 328, USB = 0, CHG = 0
10-22 20:09:21.398 31549 31859 I BatteryMgr:DataCollectionService: stats => 1697998161398,-171,4308,-198,0,100
10-22 20:09:21.504 31549 31859 I BatteryMgr:DataCollectionService: stats => 1697998161504,-171,4308,-198,0,100
10-22 20:09:21.515  3957  4128 D WifiService: getConnectionInfo uid=1000
10-22 20:09:21.577  3957  4129 D WifiStateMachine:  ConnectedState !CMD_RSSI_POLL rt=604568162/1660543634 122 0 "ourhome" f4:6d:2f:12:cc:88 rssi=-41 f=5240 sc=60 link=433 tx=15.8, 1.5, 0.0  rx=21.2 bcn=610176 [on:0 tx:0 rx:0 period:784] from screen [on:531009 period:3105245] score=60
10-22 20:09:21.579  3957  4129 D WifiStateMachine:  L2ConnectedState !CMD_RSSI_POLL rt=604568163/1660543636 122 0 "ourhome" f4:6d:2f:12:cc:88 rssi=-41 f=5240 sc=60 link=433 tx=15.8, 1.5, 0.0  rx=21.2 bcn=610176 [on:0 tx:0 rx:0 period:2] from screen [on:531009 period:3105247] score=60
10-22 20:09:21.579  3957  4129 D WifiStateMachine:  get link layer stats 3
10-22 20:09:21.579  3436  3436 I android.hardware.wifi@1.0-service: getLinkLayerStats
10-22 20:09:21.584  3957  4129 D WifiStateMachine: fetchRssiLinkSpeedAndFrequencyNative rssi=-41 linkspeed=433 freq=5240
10-22 20:09:21.584  3957  4129 V WifiConfigManager: Updating scan detail cache freq=5240 BSSID=f4:6d:2f:12:cc:88 RSSI=-40 for "ourhome"WPA_PSK
10-22 20:09:21.588  4340  4340 E SignalClusterView: setSlotFocusVisible : subId -2
10-22 20:09:21.588  4340  4340 E SignalClusterView: setSlotFocusVisible : subId -2
10-22 20:09:21.611 31549 31859 I BatteryMgr:DataCollectionService: stats => 1697998161611,-171,4308,-198,0,100
10-22 20:09:21.716 31549 31859 I BatteryMgr:DataCollectionService: stats => 1697998161716,-171,4308,-198,0,100
10-22 20:09:21.792  3957  4129 D WifiStateMachine:  ConnectedState !RSSI_PKTCNT_FETCH uid=1000 rt=604568376/1660543849 0 0 "ourhome" f4:6d:2f:12:cc:88 rssi=-41 f=5240 sc=60 link=433 tx=10.8, 0.5, 0.0  rx=28.7 bcn=610204 [on:0 tx:0 rx:0 period:205] from screen [on:531935 period:3105460] score=60
10-22 20:09:21.793  3957  4129 D WifiStateMachine:  L2ConnectedState !RSSI_PKTCNT_FETCH uid=1000 rt=604568378/1660543850 0 0 "ourhome" f4:6d:2f:12:cc:88 rssi=-41 f=5240 sc=60 link=433 tx=10.8, 0.5, 0.0  rx=28.7 bcn=610204 [on:0 tx:0 rx:0 period:1] from screen [on:531935 period:3105461] score=60
10-22 20:09:21.795  3957  4129 D WifiStateMachine: fetchRssiLinkSpeedAndFrequencyNative rssi=-41 linkspeed=433 freq=5240
10-22 20:09:21.796  3957  4129 V WifiConfigManager: Updating scan detail cache freq=5240 BSSID=f4:6d:2f:12:cc:88 RSSI=-40 for "ourhome"WPA_PSK
10-22 20:09:21.822 31549 31859 I BatteryMgr:DataCollectionService: stats => 1697998161822,-171,4308,-198,0,100
10-22 20:09:21.928 31549 31859 I BatteryMgr:DataCollectionService: stats => 1697998161927,-171,4308,-198,0,100
10-22 20:09:22.033 31549 31859 I BatteryMgr:DataCollectionService: stats => 1697998162033,-171,4308,-198,0,100
10-22 20:09:22.141 31549 31859 I BatteryMgr:DataCollectionService: stats => 1697998162140,-171,4308,-198,0,100
10-22 20:09:22.248 31549 31859 I BatteryMgr:DataCollectionService: stats => 1697998162248,-171,4308,-198,0,100
10-22 20:09:22.334  3957  4030 D SensorService: [SO] 0.211 -0.120 9.984
10-22 20:09:22.354 31549 31859 I BatteryMgr:DataCollectionService: stats => 1697998162354,-171,4308,-198,0,100
10-22 20:09:22.463 31549 31859 I BatteryMgr:DataCollectionService: stats => 1697998162463,-171,4308,-198,0,100
10-22 20:09:22.516  3957  4128 D WifiService: getConnectionInfo uid=1000
10-22 20:09:22.569 31549 31859 I BatteryMgr:DataCollectionService: stats => 1697998162569,-171,4308,-198,0,100
10-22 20:09:22.588  9273  9310 D ScanRecord: Not a Multi Manu data
10-22 20:09:22.664  9273  9310 I chatty  : uid=1002(bluetooth) BT Service Call identical 141 lines
10-22 20:09:22.664  9273  9310 D ScanRecord: Not a Multi Manu data
10-22 20:09:22.676 31549 31859 I BatteryMgr:DataCollectionService: stats => 1697998162676,-171,4308,-198,0,100
10-22 20:09:22.676  9273  9310 D ScanRecord: Not a Multi Manu data
10-22 20:09:22.785  9273  9310 I chatty  : uid=1002(bluetooth) BT Service Call identical 108 lines
10-22 20:09:22.785  9273  9310 D ScanRecord: Not a Multi Manu data
10-22 20:09:22.786 31549 31859 I BatteryMgr:DataCollectionService: stats => 1697998162786,-171,4308,-198,0,100
10-22 20:09:22.793  3957  4129 D WifiStateMachine:  ConnectedState !RSSI_PKTCNT_FETCH uid=1000 rt=604569378/1660544850 0 0 "ourhome" f4:6d:2f:12:cc:88 rssi=-41 f=5240 sc=60 link=433 tx=10.8, 0.5, 0.0  rx=28.7 bcn=610204 [on:0 tx:0 rx:0 period:1000] from screen [on:531935 period:3106461] score=60
10-22 20:09:22.795  3957  4129 D WifiStateMachine:  L2ConnectedState !RSSI_PKTCNT_FETCH uid=1000 rt=604569379/1660544851 0 0 "ourhome" f4:6d:2f:12:cc:88 rssi=-41 f=5240 sc=60 link=433 tx=10.8, 0.5, 0.0  rx=28.7 bcn=610204 [on:0 tx:0 rx:0 period:1] from screen [on:531935 period:3106462] score=60
10-22 20:09:22.797  3957  4129 D WifiStateMachine: fetchRssiLinkSpeedAndFrequencyNative rssi=-40 linkspeed=433 freq=5240
10-22 20:09:22.797  3957  4129 V WifiConfigManager: Updating scan detail cache freq=5240 BSSID=f4:6d:2f:12:cc:88 RSSI=-40 for "ourhome"WPA_PSK
10-22 20:09:22.803  9273  9310 D ScanRecord: Not a Multi Manu data
10-22 20:09:22.880  9273  9310 I chatty  : uid=1002(bluetooth) BT Service Call identical 86 lines
10-22 20:09:22.880  9273  9310 D ScanRecord: Not a Multi Manu data
10-22 20:09:22.892 31549 31859 I BatteryMgr:DataCollectionService: stats => 1697998162892,-171,4308,-198,0,100
10-22 20:09:22.896  9273  9310 D ScanRecord: Not a Multi Manu data
10-22 20:09:23.003  9273  9310 I chatty  : uid=1002(bluetooth) BT Service Call identical 111 lines
10-22 20:09:23.003  9273  9310 D ScanRecord: Not a Multi Manu data
10-22 20:09:23.003 31549 31859 I BatteryMgr:DataCollectionService: stats => 1697998163003,-171,4308,-198,0,100
10-22 20:09:23.003  9273  9310 D ScanRecord: Not a Multi Manu data
10-22 20:09:23.067  9273  9310 I chatty  : uid=1002(bluetooth) BT Service Call identical 94 lines
10-22 20:09:23.067  9273  9310 D ScanRecord: Not a Multi Manu data
10-22 20:09:23.110 31549 31859 I BatteryMgr:DataCollectionService: stats => 1697998163110,-171,4308,-198,0,100
10-22 20:09:23.217 31549 31859 I BatteryMgr:DataCollectionService: stats => 1697998163217,-171,4308,-198,0,100
10-22 20:09:23.324 31549 31859 I BatteryMgr:DataCollectionService: stats => 1697998163324,-171,4308,-198,0,100
10-22 20:09:23.430 31549 31859 I BatteryMgr:DataCollectionService: stats => 1697998163430,-171,4308,-198,0,100
10-22 20:09:23.519  3957  4128 D WifiService: getConnectionInfo uid=1000
10-22 20:09:23.538 31549 31859 I BatteryMgr:DataCollectionService: stats => 1697998163538,-171,4308,-198,0,100
10-22 20:09:23.631 31593 31803 I SessionStorage/AutoSave: Save: Periodic
10-22 20:09:23.645 31549 31859 I BatteryMgr:DataCollectionService: stats => 1697998163645,-171,4308,-198,0,100
10-22 20:09:23.753 31549 31859 I BatteryMgr:DataCollectionService: stats => 1697998163753,-171,4308,-198,0,100
10-22 20:09:23.793  3957  4129 D WifiStateMachine:  ConnectedState !RSSI_PKTCNT_FETCH uid=1000 rt=604570378/1660545851 0 0 "ourhome" f4:6d:2f:12:cc:88 rssi=-40 f=5240 sc=60 link=433 tx=10.8, 0.5, 0.0  rx=28.7 bcn=610204 [on:0 tx:0 rx:0 period:999] from screen [on:531935 period:3107461] score=60
10-22 20:09:23.795  3957  4129 D WifiStateMachine:  L2ConnectedState !RSSI_PKTCNT_FETCH uid=1000 rt=604570379/1660545852 0 0 "ourhome" f4:6d:2f:12:cc:88 rssi=-40 f=5240 sc=60 link=433 tx=10.8, 0.5, 0.0  rx=28.7 bcn=610204 [on:0 tx:0 rx:0 period:1] from screen [on:531935 period:3107462] score=60
10-22 20:09:23.796  3957  4129 D WifiStateMachine: fetchRssiLinkSpeedAndFrequencyNative rssi=-41 linkspeed=433 freq=5240
10-22 20:09:23.796  3957  4129 V WifiConfigManager: Updating scan detail cache freq=5240 BSSID=f4:6d:2f:12:cc:88 RSSI=-40 for "ourhome"WPA_PSK
10-22 20:09:23.859 31549 31859 I BatteryMgr:DataCollectionService: stats => 1697998163859,-171,4308,-198,0,100
10-22 20:09:23.968 31549 31859 I BatteryMgr:DataCollectionService: stats => 1697998163968,-171,4308,-198,0,100
10-22 20:09:23.971 32147 32147 D BoundBrokerSvc: onBind: Intent { act=com.google.android.mobstore.service.START pkg=com.google.android.gms }
10-22 20:09:23.972 32147 32147 D BoundBrokerSvc: Loading bound service for intent: Intent { act=com.google.android.mobstore.service.START pkg=com.google.android.gms }
10-22 20:09:24.010 32147 32159 W GoogleCertificates: GoogleCertificates has been initialized already
10-22 20:09:24.074 31549 31859 I BatteryMgr:DataCollectionService: stats => 1697998164074,-171,4308,-198,0,100
10-22 20:09:24.179 31549 31859 I BatteryMgr:DataCollectionService: stats => 1697998164179,-171,4308,-198,0,100
10-22 20:09:24.228  3957 12007 D ConnectivityService: filterNetworkStateForUid() uid: 10025 networkInfo: [type: WIFI[] - WIFI, state: CONNECTED/CONNECTED, reason: (unspecified), extra: "ourhome", failover: false, available: true, roaming: false, metered: false]
10-22 20:09:24.229  3957 12007 D WifiService: getConnectionInfo uid=1000
10-22 20:09:24.287 31549 31859 I BatteryMgr:DataCollectionService: stats => 1697998164287,-171,4308,-198,0,100
10-22 20:09:24.393 31549 31859 I BatteryMgr:DataCollectionService: stats => 1697998164392,-171,4308,-198,0,100
10-22 20:09:24.396 32090 32102 V ClearcutMetricXmitter: Transmission is done.
10-22 20:09:24.499 31549 31859 I BatteryMgr:DataCollectionService: stats => 1697998164499,-171,4308,-198,0,100
10-22 20:09:24.521  3957  4128 D WifiService: getConnectionInfo uid=1000
10-22 20:09:24.588  3957  4129 D WifiStateMachine:  ConnectedState !CMD_RSSI_POLL rt=604571171/1660546644 122 0 "ourhome" f4:6d:2f:12:cc:88 rssi=-41 f=5240 sc=60 link=433 tx=10.8, 0.5, 0.0  rx=28.7 bcn=610204 [on:0 tx:0 rx:0 period:793] from screen [on:531935 period:3108255] score=60
10-22 20:09:24.589  3957  4129 D WifiStateMachine:  L2ConnectedState !CMD_RSSI_POLL rt=604571173/1660546646 122 0 "ourhome" f4:6d:2f:12:cc:88 rssi=-41 f=5240 sc=60 link=433 tx=10.8, 0.5, 0.0  rx=28.7 bcn=610204 [on:0 tx:0 rx:0 period:2] from screen [on:531935 period:3108257] score=60
10-22 20:09:24.589  3957  4129 D WifiStateMachine:  get link layer stats 3
10-22 20:09:24.590  3436  3436 I android.hardware.wifi@1.0-service: getLinkLayerStats
10-22 20:09:24.607 31549 31859 I BatteryMgr:DataCollectionService: stats => 1697998164607,-171,4308,-198,0,100
10-22 20:09:24.608  3957  4129 D WifiStateMachine: fetchRssiLinkSpeedAndFrequencyNative rssi=-40 linkspeed=433 freq=5240
10-22 20:09:24.608  3957  4129 V WifiConfigManager: Updating scan detail cache freq=5240 BSSID=f4:6d:2f:12:cc:88 RSSI=-40 for "ourhome"WPA_PSK
