10-22 20:13:30.372   926   926 D DQA     : key found:true
10-22 20:13:30.379  3328  3328 W keymaster2_mdfpp: entered get_key_characteristics function.
10-22 20:13:30.381  3328  3328 W keymaster_tee: [WRN]KEY_PARAMS: AES ENC DEC CBC PKCS7 AUTH SIZE:256 
10-22 20:13:30.381  3328  3328 W keymaster_tee: [WRN]KEY_PARAMS: 20171231230255 
10-22 20:13:30.381  3328  3328 W keymaster2_mdfpp: exit get_key_characteristics function, returned 0
10-22 20:13:30.383  3328  3328 W keymaster2_mdfpp: entered get_key_characteristics function.
10-22 20:13:30.384  3328  3328 W keymaster_tee: [WRN]KEY_PARAMS: AES ENC DEC CBC PKCS7 AUTH SIZE:256 
10-22 20:13:30.384  3328  3328 W keymaster_tee: [WRN]KEY_PARAMS: 20171231230255 
10-22 20:13:30.385  3328  3328 W keymaster2_mdfpp: exit get_key_characteristics function, returned 0
10-22 20:13:30.386  3328  3328 W keymaster2_mdfpp: entered begin function.
10-22 20:13:30.388  3328  3328 W keymaster2_mdfpp: exit begin function, returned 0
10-22 20:13:30.391  3328  3328 W keymaster2_mdfpp: entered update function.
10-22 20:13:30.392  3328  3328 W keymaster2_mdfpp: exit update function, returned 0
10-22 20:13:30.393  3328  3328 W keymaster2_mdfpp: entered finish function.
10-22 20:13:30.393  3328  3328 W keymaster2_mdfpp: exit finish function, returned 0
10-22 20:13:30.394  3589  3589 W keystore: ENTER remove operation from uid 1000
10-22 20:13:30.440   926   926 D DQA     : db success
10-22 20:13:30.440   926   926 D DQA     : save data
10-22 20:13:30.463 32551   361 I BatteryMgr:DataCollectionService: stats => 1697998410463,-290,4308,-227,0,100
10-22 20:13:30.464   926   926 D SamsungAnalytics:DQA: [Log Sender] insert
10-22 20:13:30.531  3957  4128 D WifiService: getConnectionInfo uid=1000
10-22 20:13:30.570 32551   361 I BatteryMgr:DataCollectionService: stats => 1697998410570,-290,4308,-227,0,100
10-22 20:13:30.678 32551   361 I BatteryMgr:DataCollectionService: stats => 1697998410678,-290,4308,-227,0,100
10-22 20:13:30.784 32551   361 I BatteryMgr:DataCollectionService: stats => 1697998410784,-290,4308,-227,0,100
10-22 20:13:30.889 32551   361 I BatteryMgr:DataCollectionService: stats => 1697998410889,-290,4308,-227,0,100
10-22 20:13:30.942  4961  4961 D io_stats: !@ 179,0 r 10236313 336118084 w 2172211 42477584 d 175089 37327836 f 641488 667030 iot 4677004 4029636 th 51200 0 0 pt 0 inp 0 0 604817.526
10-22 20:13:30.996 32551   361 I BatteryMgr:DataCollectionService: stats => 1697998410996,-290,4308,-227,0,100
10-22 20:13:31.054  3957  3971 D MDC     : operator = [000000]
10-22 20:13:31.055  3957  3971 D TelephonyManager: getCellLocation : Caller (PID / UID / TID): 3957 / 1000 / 3971
10-22 20:13:31.059  3599  3925 D CommandListener: get DNS query time
10-22 20:13:31.065  3957  3971 D TelephonyManager: getCellLocation : Caller (PID / UID / TID): 3957 / 1000 / 3971
10-22 20:13:31.071  3957  3971 D TelephonyManager: getCellLocation : Caller (PID / UID / TID): 3957 / 1000 / 3971
10-22 20:13:31.075  3957  3971 I MDC     : getTac currently not handled for GSM
10-22 20:13:31.076  3957  3971 D ConnectivityService: filterNetworkStateForUid() uid: 1000 networkInfo: [type: WIFI[] - WIFI, state: CONNECTED/CONNECTED, reason: (unspecified), extra: "ourhome", failover: false, available: true, roaming: false, metered: false]
10-22 20:13:31.076  3957  3971 D WifiService: getConnectionInfo uid=1000
10-22 20:13:31.076  3957  3971 D ConnectivityService: filterNetworkStateForUid() uid: 1000 networkInfo: [type: WIFI[] - WIFI, state: CONNECTED/CONNECTED, reason: (unspecified), extra: "ourhome", failover: false, available: true, roaming: false, metered: false]
10-22 20:13:31.076  3957  3971 D WifiService: getConnectionInfo uid=1000
10-22 20:13:31.077  3957  3971 I MDC     : def netId 509
10-22 20:13:31.101 32551   361 I BatteryMgr:DataCollectionService: stats => 1697998411101,-290,4308,-227,0,100
10-22 20:13:31.120  3957  4129 D WifiStateMachine:  ConnectedState !RSSI_PKTCNT_FETCH uid=1000 rt=604817705/1660793177 0 0 "ourhome" f4:6d:2f:12:cc:88 rssi=-42 f=5240 sc=60 link=433 tx=1.2, 0.0, 0.0  rx=7.9 bcn=612568 [on:0 tx:0 rx:0 period:996] from screen [on:580950 period:3354788] score=60
10-22 20:13:31.121  3957  4129 D WifiStateMachine:  L2ConnectedState !RSSI_PKTCNT_FETCH uid=1000 rt=604817706/1660793178 0 0 "ourhome" f4:6d:2f:12:cc:88 rssi=-42 f=5240 sc=60 link=433 tx=1.2, 0.0, 0.0  rx=7.9 bcn=612568 [on:0 tx:0 rx:0 period:1] from screen [on:580950 period:3354789] score=60
10-22 20:13:31.127  3957  4129 D WifiStateMachine: fetchRssiLinkSpeedAndFrequencyNative rssi=-41 linkspeed=433 freq=5240
10-22 20:13:31.127  3957  4129 V WifiConfigManager: Updating scan detail cache freq=5240 BSSID=f4:6d:2f:12:cc:88 RSSI=-41 for "ourhome"WPA_PSK
10-22 20:13:31.208 32551   361 I BatteryMgr:DataCollectionService: stats => 1697998411208,-290,4308,-227,0,100
10-22 20:13:31.315 32551   361 I BatteryMgr:DataCollectionService: stats => 1697998411315,-290,4308,-227,0,100
10-22 20:13:31.420 32551   361 I BatteryMgr:DataCollectionService: stats => 1697998411420,-290,4308,-227,0,100
10-22 20:13:31.526 32551   361 I BatteryMgr:DataCollectionService: stats => 1697998411526,-290,4308,-227,0,100
10-22 20:13:31.533  3957  4128 D WifiService: getConnectionInfo uid=1000
10-22 20:13:31.632 32551   361 I BatteryMgr:DataCollectionService: stats => 1697998411632,-290,4308,-227,0,100
10-22 20:13:31.738 32551   361 I BatteryMgr:DataCollectionService: stats => 1697998411738,-290,4308,-227,0,100
10-22 20:13:31.846 32551   361 I BatteryMgr:DataCollectionService: stats => 1697998411846,-290,4308,-227,0,100
10-22 20:13:31.951 32551   361 I BatteryMgr:DataCollectionService: stats => 1697998411951,-290,4308,-227,0,100
10-22 20:13:32.058 32551   361 I BatteryMgr:DataCollectionService: stats => 1697998412058,-290,4308,-227,0,100
10-22 20:13:32.121  3957  4129 D WifiStateMachine:  ConnectedState !RSSI_PKTCNT_FETCH uid=1000 rt=604818706/1660794179 0 0 "ourhome" f4:6d:2f:12:cc:88 rssi=-41 f=5240 sc=60 link=433 tx=1.2, 0.0, 0.0  rx=7.9 bcn=612568 [on:0 tx:0 rx:0 period:1000] from screen [on:580950 period:3355789] score=60
10-22 20:13:32.122  3957  4129 D WifiStateMachine:  L2ConnectedState !RSSI_PKTCNT_FETCH uid=1000 rt=604818707/1660794179 0 0 "ourhome" f4:6d:2f:12:cc:88 rssi=-41 f=5240 sc=60 link=433 tx=1.2, 0.0, 0.0  rx=7.9 bcn=612568 [on:0 tx:0 rx:0 period:1] from screen [on:580950 period:3355790] score=60
10-22 20:13:32.128  3957  4129 D WifiStateMachine: fetchRssiLinkSpeedAndFrequencyNative rssi=-43 linkspeed=433 freq=5240
10-22 20:13:32.128  3957  4129 V WifiConfigManager: Updating scan detail cache freq=5240 BSSID=f4:6d:2f:12:cc:88 RSSI=-42 for "ourhome"WPA_PSK
10-22 20:13:32.143  3957  4129 D WifiStateMachine:  ConnectedState !CMD_RSSI_POLL rt=604818727/1660794199 122 0 "ourhome" f4:6d:2f:12:cc:88 rssi=-43 f=5240 sc=60 link=433 tx=1.2, 0.0, 0.0  rx=7.9 bcn=612568 [on:0 tx:0 rx:0 period:20] from screen [on:580950 period:3355810] score=60
10-22 20:13:32.144  3957  4129 D WifiStateMachine:  L2ConnectedState !CMD_RSSI_POLL rt=604818728/1660794201 122 0 "ourhome" f4:6d:2f:12:cc:88 rssi=-43 f=5240 sc=60 link=433 tx=1.2, 0.0, 0.0  rx=7.9 bcn=612568 [on:0 tx:0 rx:0 period:2] from screen [on:580950 period:3355812] score=60
10-22 20:13:32.144  3957  4129 D WifiStateMachine:  get link layer stats 3
10-22 20:13:32.145  3436  3436 I android.hardware.wifi@1.0-service: getLinkLayerStats
10-22 20:13:32.159  3957  4129 D WifiStateMachine: fetchRssiLinkSpeedAndFrequencyNative rssi=-43 linkspeed=433 freq=5240
10-22 20:13:32.159  3957  4129 V WifiConfigManager: Updating scan detail cache freq=5240 BSSID=f4:6d:2f:12:cc:88 RSSI=-42 for "ourhome"WPA_PSK
10-22 20:13:32.162  4340  4340 E SignalClusterView: setSlotFocusVisible : subId -2
10-22 20:13:32.162  4340  4340 E SignalClusterView: setSlotFocusVisible : subId -2
10-22 20:13:32.167 32551   361 I BatteryMgr:DataCollectionService: stats => 1697998412166,-290,4308,-227,0,100
10-22 20:13:32.271 32551   361 I BatteryMgr:DataCollectionService: stats => 1697998412271,-290,4308,-227,0,100
10-22 20:13:32.334  3957  4030 D SensorService: [SO] 0.220 -0.134 9.955
10-22 20:13:32.377 32551   361 I BatteryMgr:DataCollectionService: stats => 1697998412377,-290,4308,-227,0,100
10-22 20:13:32.439 32551 32562 I zygote64: Background concurrent copying GC freed 37949(1388KB) AllocSpace objects, 0(0B) LOS objects, 66% free, 758KB/2MB, paused 7.620ms total 62.128ms
10-22 20:13:32.464 32597   334 I SessionStorage/AutoSave: Save: Periodic
10-22 20:13:32.484 32551   361 I BatteryMgr:DataCollectionService: stats => 1697998412484,-290,4308,-227,0,100
10-22 20:13:32.534  3957  4128 D WifiService: getConnectionInfo uid=1000
10-22 20:13:32.583  9273  9310 D ScanRecord: Not a Multi Manu data
10-22 20:13:32.584  9273  9310 I chatty  : uid=1002(bluetooth) BT Service Call identical 9 lines
10-22 20:13:32.584  9273  9310 D ScanRecord: Not a Multi Manu data
10-22 20:13:32.589 32551   361 I BatteryMgr:DataCollectionService: stats => 1697998412589,-290,4308,-227,0,100
10-22 20:13:32.609  9273  9310 D ScanRecord: Not a Multi Manu data
10-22 20:13:32.677  9273  9310 I chatty  : uid=1002(bluetooth) BT Service Call identical 152 lines
10-22 20:13:32.677  9273  9310 D ScanRecord: Not a Multi Manu data
10-22 20:13:32.697 32551   361 I BatteryMgr:DataCollectionService: stats => 1697998412697,-290,4308,-227,0,100
10-22 20:13:32.718  9273  9310 D ScanRecord: Not a Multi Manu data
10-22 20:13:32.795  9273  9310 I chatty  : uid=1002(bluetooth) BT Service Call identical 86 lines
10-22 20:13:32.795  9273  9310 D ScanRecord: Not a Multi Manu data
10-22 20:13:32.802 32551   361 I BatteryMgr:DataCollectionService: stats => 1697998412802,-290,4308,-227,0,100
10-22 20:13:32.822  9273  9310 D ScanRecord: Not a Multi Manu data
10-22 20:13:32.888  9273  9310 I chatty  : uid=1002(bluetooth) BT Service Call identical 64 lines
10-22 20:13:32.888  9273  9310 D ScanRecord: Not a Multi Manu data
10-22 20:13:32.907 32551   361 I BatteryMgr:DataCollectionService: stats => 1697998412907,-290,4308,-227,0,100
10-22 20:13:32.925  9273  9310 D ScanRecord: Not a Multi Manu data
10-22 20:13:32.966  3957  6478 D SSRM:k  : SIOP:: AP = 460, PST = 409 (W:10), BAT = 328, USB = 0, CHG = 0
10-22 20:13:33.012  9273  9310 I chatty  : uid=1002(bluetooth) BT Service Call identical 86 lines
10-22 20:13:33.012  9273  9310 D ScanRecord: Not a Multi Manu data
10-22 20:13:33.013 32551   361 I BatteryMgr:DataCollectionService: stats => 1697998413013,-290,4308,-227,0,100
10-22 20:13:33.036  9273  9310 D ScanRecord: Not a Multi Manu data
10-22 20:13:33.076  9273  9310 I chatty  : uid=1002(bluetooth) BT Service Call identical 42 lines
10-22 20:13:33.076  9273  9310 D ScanRecord: Not a Multi Manu data
10-22 20:13:33.119 32551   361 I BatteryMgr:DataCollectionService: stats => 1697998413119,-290,4308,-227,0,100
10-22 20:13:33.123  3957  4129 D WifiStateMachine:  ConnectedState !RSSI_PKTCNT_FETCH uid=1000 rt=604819708/1660795180 0 0 "ourhome" f4:6d:2f:12:cc:88 rssi=-43 f=5240 sc=60 link=433 tx=0.4, 0.0, 0.0  rx=3.5 bcn=612597 [on:0 tx:0 rx:0 period:962] from screen [on:581062 period:3356791] score=60
10-22 20:13:33.124  3957  4129 D WifiStateMachine:  L2ConnectedState !RSSI_PKTCNT_FETCH uid=1000 rt=604819708/1660795181 0 0 "ourhome" f4:6d:2f:12:cc:88 rssi=-43 f=5240 sc=60 link=433 tx=0.4, 0.0, 0.0  rx=3.5 bcn=612597 [on:0 tx:0 rx:0 period:1] from screen [on:581062 period:3356792] score=60
10-22 20:13:33.130  3957  4129 D WifiStateMachine: fetchRssiLinkSpeedAndFrequencyNative rssi=-44 linkspeed=433 freq=5240
10-22 20:13:33.131  3957  4129 V WifiConfigManager: Updating scan detail cache freq=5240 BSSID=f4:6d:2f:12:cc:88 RSSI=-43 for "ourhome"WPA_PSK
10-22 20:13:33.225 32551   361 I BatteryMgr:DataCollectionService: stats => 1697998413225,-290,4308,-227,0,100
10-22 20:13:33.330 32551   361 I BatteryMgr:DataCollectionService: stats => 1697998413330,-290,4308,-227,0,100
10-22 20:13:33.437 32551   361 I BatteryMgr:DataCollectionService: stats => 1697998413437,-290,4308,-227,0,100
10-22 20:13:33.462  3957  3957 I EntropyMixer: Added HW RNG output to entropy pool
10-22 20:13:33.462  3957  3957 I EntropyMixer: Writing entropy...
10-22 20:13:33.537  3957  4128 D WifiService: getConnectionInfo uid=1000
10-22 20:13:33.542 32551   361 I BatteryMgr:DataCollectionService: stats => 1697998413542,-290,4308,-227,0,100
10-22 20:13:33.645  3957  4306 D WifiConnectivityMonitor:  [|211] []
10-22 20:13:33.648 32551   361 I BatteryMgr:DataCollectionService: stats => 1697998413648,-290,4308,-227,0,100
10-22 20:13:33.754 32551   361 I BatteryMgr:DataCollectionService: stats => 1697998413753,-290,4308,-227,0,100
10-22 20:13:33.862 32551   361 I BatteryMgr:DataCollectionService: stats => 1697998413862,-290,4308,-227,0,100
10-22 20:13:33.968 32551   361 I BatteryMgr:DataCollectionService: stats => 1697998413967,-290,4308,-227,0,100
10-22 20:13:34.073 32551   361 I BatteryMgr:DataCollectionService: stats => 1697998414073,-290,4308,-227,0,100
10-22 20:13:34.123  3957  4129 D WifiStateMachine:  ConnectedState !RSSI_PKTCNT_FETCH uid=1000 rt=604820708/1660796181 0 0 "ourhome" f4:6d:2f:12:cc:88 rssi=-44 f=5240 sc=60 link=433 tx=0.4, 0.0, 0.0  rx=3.5 bcn=612597 [on:0 tx:0 rx:0 period:999] from screen [on:581062 period:3357791] score=60
10-22 20:13:34.124  3957  4129 D WifiStateMachine:  L2ConnectedState !RSSI_PKTCNT_FETCH uid=1000 rt=604820709/1660796182 0 0 "ourhome" f4:6d:2f:12:cc:88 rssi=-44 f=5240 sc=60 link=433 tx=0.4, 0.0, 0.0  rx=3.5 bcn=612597 [on:0 tx:0 rx:0 period:1] from screen [on:581062 period:3357792] score=60
10-22 20:13:34.125  3957  4129 D WifiStateMachine: fetchRssiLinkSpeedAndFrequencyNative rssi=-46 linkspeed=433 freq=5240
10-22 20:13:34.126  3957  4129 V WifiConfigManager: Updating scan detail cache freq=5240 BSSID=f4:6d:2f:12:cc:88 RSSI=-44 for "ourhome"WPA_PSK
10-22 20:13:34.178 32551   361 I BatteryMgr:DataCollectionService: stats => 1697998414178,-290,4308,-227,0,100
10-22 20:13:34.287 32551   361 I BatteryMgr:DataCollectionService: stats => 1697998414287,-290,4308,-227,0,100
10-22 20:13:34.394 32551   361 I BatteryMgr:DataCollectionService: stats => 1697998414393,-290,4308,-227,0,100
10-22 20:13:34.501 32551   361 I BatteryMgr:DataCollectionService: stats => 1697998414501,-290,4308,-227,0,100
10-22 20:13:34.539  3957  4128 D WifiService: getConnectionInfo uid=1000
10-22 20:13:34.607 32551   361 I BatteryMgr:DataCollectionService: stats => 1697998414607,-290,4308,-227,0,100
10-22 20:13:34.716 32551   361 I BatteryMgr:DataCollectionService: stats => 1697998414716,-290,4308,-227,0,100
10-22 20:13:34.823 32551   361 I BatteryMgr:DataCollectionService: stats => 1697998414823,-290,4308,-227,0,100
10-22 20:13:34.931 32551   361 I BatteryMgr:DataCollectionService: stats => 1697998414931,-290,4308,-227,0,100
10-22 20:13:35.029  4608  4881 D ImsLogAgent: onDailyReport
10-22 20:13:35.030  4608  4881 D ImsLogAgent: sendStoredLog: feature [DRPT]
10-22 20:13:35.033  4608  4881 D ImsLogAgent: sendStoredLog: Take a rain check. DRPT is empty.
10-22 20:13:35.038 32551   361 I BatteryMgr:DataCollectionService: stats => 1697998415038,-290,4308,-227,0,100
10-22 20:13:35.125  3957  4129 D WifiStateMachine:  ConnectedState !RSSI_PKTCNT_FETCH uid=1000 rt=604821710/1660797182 0 0 "ourhome" f4:6d:2f:12:cc:88 rssi=-46 f=5240 sc=60 link=433 tx=0.4, 0.0, 0.0  rx=3.5 bcn=612597 [on:0 tx:0 rx:0 period:1001] from screen [on:581062 period:3358793] score=60
10-22 20:13:35.127  3957  4129 D WifiStateMachine:  L2ConnectedState !RSSI_PKTCNT_FETCH uid=1000 rt=604821711/1660797183 0 0 "ourhome" f4:6d:2f:12:cc:88 rssi=-46 f=5240 sc=60 link=433 tx=0.4, 0.0, 0.0  rx=3.5 bcn=612597 [on:0 tx:0 rx:0 period:2] from screen [on:581062 period:3358795] score=60
10-22 20:13:35.128  3957  4129 D WifiStateMachine: fetchRssiLinkSpeedAndFrequencyNative rssi=-45 linkspeed=433 freq=5240
10-22 20:13:35.128  3957  4129 V WifiConfigManager: Updating scan detail cache freq=5240 BSSID=f4:6d:2f:12:cc:88 RSSI=-44 for "ourhome"WPA_PSK
10-22 20:13:35.142 32551   361 I BatteryMgr:DataCollectionService: stats => 1697998415142,-290,4308,-227,0,100
10-22 20:13:35.161  3957  4129 D WifiStateMachine:  ConnectedState !CMD_RSSI_POLL rt=604821745/1660797218 122 0 "ourhome" f4:6d:2f:12:cc:88 rssi=-45 f=5240 sc=60 link=433 tx=0.4, 0.0, 0.0  rx=3.5 bcn=612597 [on:0 tx:0 rx:0 period:34] from screen [on:581062 period:3358829] score=60
10-22 20:13:35.163  3957  4129 D WifiStateMachine:  L2ConnectedState !CMD_RSSI_POLL rt=604821747/1660797220 122 0 "ourhome" f4:6d:2f:12:cc:88 rssi=-45 f=5240 sc=60 link=433 tx=0.4, 0.0, 0.0  rx=3.5 bcn=612597 [on:0 tx:0 rx:0 period:2] from screen [on:581062 period:3358831] score=60
10-22 20:13:35.163  3957  4129 D WifiStateMachine:  get link layer stats 3
10-22 20:13:35.163  3436  3436 I android.hardware.wifi@1.0-service: getLinkLayerStats
10-22 20:13:35.180  3957  4129 D WifiStateMachine: fetchRssiLinkSpeedAndFrequencyNative rssi=-45 linkspeed=433 freq=5240
10-22 20:13:35.181  3957  4129 V WifiConfigManager: Updating scan detail cache freq=5240 BSSID=f4:6d:2f:12:cc:88 RSSI=-44 for "ourhome"WPA_PSK
10-22 20:13:35.185  4340  4340 E SignalClusterView: setSlotFocusVisible : subId -2
10-22 20:13:35.185  4340  4340 E SignalClusterView: setSlotFocusVisible : subId -2
10-22 20:13:35.248 32551   361 I BatteryMgr:DataCollectionService: stats => 1697998415248,-290,4308,-227,0,100
10-22 20:13:35.354 32551   361 I BatteryMgr:DataCollectionService: stats => 1697998415353,-290,4308,-227,0,100
10-22 20:13:35.459 32551   361 I BatteryMgr:DataCollectionService: stats => 1697998415459,-290,4308,-227,0,100
10-22 20:13:35.541  3957  4128 D WifiService: getConnectionInfo uid=1000
10-22 20:13:35.565 32551   361 I BatteryMgr:DataCollectionService: stats => 1697998415565,-290,4308,-227,0,100
10-22 20:13:35.590  3957  4055 I TLC_TIMA_PKM_measure_kernel: TIMA: response_id = 3
10-22 20:13:35.590  3957  4055 I TLC_TIMA_PKM_measure_kernel: TIMA: response ret = 0, result_ondemand = MSG=Kernel Verification Success;
10-22 20:13:35.590  3957  4055 I TZ: mc_tlc_communication: tlc_close() was called
10-22 20:13:35.590  3957  4055 I TZ: mc_tlc_communication: Closing the session
10-22 20:13:35.591  3957  4055 I TZ: mc_tlc_communication: Freeing message buffer
10-22 20:13:35.591  3957  4055 I TZ: mc_tlc_communication: Closing MobiCore device
10-22 20:13:35.591  3957  4055 I TeeSysClient: driver closed [hardware/samsung_slsi/exynos7885/mobicore/ClientLib/src/driver.cpp:95]
10-22 20:13:35.591  3957  4055 I TZ: mc_tlc_communication: tlc_close() finished
10-22 20:13:35.672 32551   361 I BatteryMgr:DataCollectionService: stats => 1697998415671,-290,4308,-227,0,100
10-22 20:13:35.777 32551   361 I BatteryMgr:DataCollectionService: stats => 1697998415777,-290,4308,-227,0,100
10-22 20:13:35.882 32551   361 I BatteryMgr:DataCollectionService: stats => 1697998415882,-290,4308,-227,0,100
10-22 20:13:35.944  4961  4961 D io_stats: !@ 179,0 r 10236443 336123556 w 2172258 42477896 d 175092 37327848 f 641492 667036 iot 4677068 4029698 th 51200 0 0 pt 0 inp 0 0 604822.529
10-22 20:13:35.990 32551   361 I BatteryMgr:DataCollectionService: stats => 1697998415989,-290,4308,-227,0,100
10-22 20:13:36.094 32551   361 I BatteryMgr:DataCollectionService: stats => 1697998416094,-290,4308,-227,0,100
10-22 20:13:36.126  3957  4129 D WifiStateMachine:  ConnectedState !RSSI_PKTCNT_FETCH uid=1000 rt=604822711/1660798183 0 0 "ourhome" f4:6d:2f:12:cc:88 rssi=-45 f=5240 sc=60 link=433 tx=27.4, 0.0, 0.0  rx=30.5 bcn=612627 [on:0 tx:0 rx:0 period:943] from screen [on:583161 period:3359794] score=60
10-22 20:13:36.127  3957  4129 D WifiStateMachine:  L2ConnectedState !RSSI_PKTCNT_FETCH uid=1000 rt=604822712/1660798184 0 0 "ourhome" f4:6d:2f:12:cc:88 rssi=-45 f=5240 sc=60 link=433 tx=27.4, 0.0, 0.0  rx=30.5 bcn=612627 [on:0 tx:0 rx:0 period:1] from screen [on:583161 period:3359795] score=60
10-22 20:13:36.133  3957  4129 D WifiStateMachine: fetchRssiLinkSpeedAndFrequencyNative rssi=-45 linkspeed=433 freq=5240
10-22 20:13:36.133  3957  4129 V WifiConfigManager: Updating scan detail cache freq=5240 BSSID=f4:6d:2f:12:cc:88 RSSI=-44 for "ourhome"WPA_PSK
10-22 20:13:36.203 32551   361 I BatteryMgr:DataCollectionService: stats => 1697998416203,-290,4308,-227,0,100
10-22 20:13:36.309 32551   361 I BatteryMgr:DataCollectionService: stats => 1697998416309,-290,4308,-227,0,100
10-22 20:13:36.415 32551   361 I BatteryMgr:DataCollectionService: stats => 1697998416415,-290,4308,-227,0,100
10-22 20:13:36.521 32551   361 I BatteryMgr:DataCollectionService: stats => 1697998416521,-290,4308,-227,0,100
10-22 20:13:36.543  3957  4128 D WifiService: getConnectionInfo uid=1000
10-22 20:13:36.626 32551   361 I BatteryMgr:DataCollectionService: stats => 1697998416626,-290,4308,-227,0,100
10-22 20:13:36.732 32551   361 I BatteryMgr:DataCollectionService: stats => 1697998416731,-290,4308,-227,0,100
10-22 20:13:36.836 32551   361 I BatteryMgr:DataCollectionService: stats => 1697998416836,-290,4308,-227,0,100
10-22 20:13:36.942 32551   361 I BatteryMgr:DataCollectionService: stats => 1697998416942,-290,4308,-227,0,100
10-22 20:13:37.048 32551   361 I BatteryMgr:DataCollectionService: stats => 1697998417048,-290,4308,-227,0,100
10-22 20:13:37.127  3957  4129 D WifiStateMachine:  ConnectedState !RSSI_PKTCNT_FETCH uid=1000 rt=604823712/1660799184 0 0 "ourhome" f4:6d:2f:12:cc:88 rssi=-45 f=5240 sc=60 link=433 tx=27.4, 0.0, 0.0  rx=30.5 bcn=612627 [on:0 tx:0 rx:0 period:1000] from screen [on:583161 period:3360795] score=60
10-22 20:13:37.128  3957  4129 D WifiStateMachine:  L2ConnectedState !RSSI_PKTCNT_FETCH uid=1000 rt=604823713/1660799185 0 0 "ourhome" f4:6d:2f:12:cc:88 rssi=-45 f=5240 sc=60 link=433 tx=27.4, 0.0, 0.0  rx=30.5 bcn=612627 [on:0 tx:0 rx:0 period:1] from screen [on:583161 period:3360796] score=60
10-22 20:13:37.135  3957  4129 D WifiStateMachine: fetchRssiLinkSpeedAndFrequencyNative rssi=-47 linkspeed=433 freq=5240
10-22 20:13:37.135  3957  4129 V WifiConfigManager: Updating scan detail cache freq=5240 BSSID=f4:6d:2f:12:cc:88 RSSI=-45 for "ourhome"WPA_PSK
10-22 20:13:37.152 32551   361 I BatteryMgr:DataCollectionService: stats => 1697998417152,-290,4308,-227,0,100
10-22 20:13:37.258 32551   361 I BatteryMgr:DataCollectionService: stats => 1697998417258,-290,4308,-227,0,100
10-22 20:13:37.364 32551   361 I BatteryMgr:DataCollectionService: stats => 1697998417364,-290,4308,-227,0,100
10-22 20:13:37.472 32551   361 I BatteryMgr:DataCollectionService: stats => 1697998417471,-290,4308,-227,0,100
10-22 20:13:37.544  3957  4128 D WifiService: getConnectionInfo uid=1000
10-22 20:13:37.577 32551   361 I BatteryMgr:DataCollectionService: stats => 1697998417577,-290,4308,-227,0,100
10-22 20:13:37.589  9273  9310 D ScanRecord: Not a Multi Manu data
10-22 20:13:37.675  9273  9310 I chatty  : uid=1002(bluetooth) BT Service Call identical 64 lines
10-22 20:13:37.675  9273  9310 D ScanRecord: Not a Multi Manu data
10-22 20:13:37.683 32551   361 I BatteryMgr:DataCollectionService: stats => 1697998417683,-290,4308,-227,0,100
10-22 20:13:37.693  9273  9310 D ScanRecord: Not a Multi Manu data
10-22 20:13:37.780  9273  9310 I chatty  : uid=1002(bluetooth) BT Service Call identical 53 lines
10-22 20:13:37.780  9273  9310 D ScanRecord: Not a Multi Manu data
10-22 20:13:37.788 32551   361 I BatteryMgr:DataCollectionService: stats => 1697998417788,-290,4308,-227,0,100
10-22 20:13:37.790  9273  9310 D ScanRecord: Not a Multi Manu data
10-22 20:13:37.894  9273  9310 I chatty  : uid=1002(bluetooth) BT Service Call identical 130 lines
10-22 20:13:37.894  9273  9310 D ScanRecord: Not a Multi Manu data
10-22 20:13:37.894 32551   361 I BatteryMgr:DataCollectionService: stats => 1697998417894,-290,4308,-227,0,100
10-22 20:13:37.908  9273  9310 D ScanRecord: Not a Multi Manu data
10-22 20:13:37.998  9273  9310 I chatty  : uid=1002(bluetooth) BT Service Call identical 152 lines
10-22 20:13:37.998  9273  9310 D ScanRecord: Not a Multi Manu data
10-22 20:13:38.001 32551   361 I BatteryMgr:DataCollectionService: stats => 1697998418001,-290,4308,-227,0,100
10-22 20:13:38.016  9273  9310 D ScanRecord: Not a Multi Manu data
10-22 20:13:38.079  9273  9310 I chatty  : uid=1002(bluetooth) BT Service Call identical 53 lines
10-22 20:13:38.079  9273  9310 D ScanRecord: Not a Multi Manu data
10-22 20:13:38.107 32551   361 I BatteryMgr:DataCollectionService: stats => 1697998418107,-290,4308,-227,0,100
10-22 20:13:38.128  3957  4129 D WifiStateMachine:  ConnectedState !RSSI_PKTCNT_FETCH uid=1000 rt=604824712/1660800185 0 0 "ourhome" f4:6d:2f:12:cc:88 rssi=-47 f=5240 sc=60 link=433 tx=27.4, 0.0, 0.0  rx=30.5 bcn=612627 [on:0 tx:0 rx:0 period:1000] from screen [on:583161 period:3361796] score=60
10-22 20:13:38.129  3957  4129 D WifiStateMachine:  L2ConnectedState !RSSI_PKTCNT_FETCH uid=1000 rt=604824714/1660800186 0 0 "ourhome" f4:6d:2f:12:cc:88 rssi=-47 f=5240 sc=60 link=433 tx=27.4, 0.0, 0.0  rx=30.5 bcn=612627 [on:0 tx:0 rx:0 period:1] from screen [on:583161 period:3361797] score=60
10-22 20:13:38.136  3957  4129 D WifiStateMachine: fetchRssiLinkSpeedAndFrequencyNative rssi=-45 linkspeed=433 freq=5240
10-22 20:13:38.137  3957  4129 V WifiConfigManager: Updating scan detail cache freq=5240 BSSID=f4:6d:2f:12:cc:88 RSSI=-45 for "ourhome"WPA_PSK
10-22 20:13:38.183  3957  4129 D WifiStateMachine:  ConnectedState !CMD_RSSI_POLL rt=604824767/1660800239 122 0 "ourhome" f4:6d:2f:12:cc:88 rssi=-45 f=5240 sc=60 link=433 tx=27.4, 0.0, 0.0  rx=30.5 bcn=612627 [on:0 tx:0 rx:0 period:54] from screen [on:583161 period:3361851] score=60
10-22 20:13:38.185  3957  4129 D WifiStateMachine:  L2ConnectedState !CMD_RSSI_POLL rt=604824769/1660800242 122 0 "ourhome" f4:6d:2f:12:cc:88 rssi=-45 f=5240 sc=60 link=433 tx=27.4, 0.0, 0.0  rx=30.5 bcn=612627 [on:0 tx:0 rx:0 period:2] from screen [on:583161 period:3361853] score=60
10-22 20:13:38.185  3957  4129 D WifiStateMachine:  get link layer stats 3
10-22 20:13:38.186  3436  3436 I android.hardware.wifi@1.0-service: getLinkLayerStats
10-22 20:13:38.200  3957  4129 D WifiStateMachine: fetchRssiLinkSpeedAndFrequencyNative rssi=-45 linkspeed=433 freq=5240
10-22 20:13:38.200  3957  4129 V WifiConfigManager: Updating scan detail cache freq=5240 BSSID=f4:6d:2f:12:cc:88 RSSI=-45 for "ourhome"WPA_PSK
10-22 20:13:38.204  4340  4340 E SignalClusterView: setSlotFocusVisible : subId -2
10-22 20:13:38.204  4340  4340 E SignalClusterView: setSlotFocusVisible : subId -2
10-22 20:13:38.212 32551   361 I BatteryMgr:DataCollectionService: stats => 1697998418212,-290,4308,-227,0,100
10-22 20:13:38.319 32551   361 I BatteryMgr:DataCollectionService: stats => 1697998418319,-290,4308,-227,0,100
10-22 20:13:38.426 32551   361 I BatteryMgr:DataCollectionService: stats => 1697998418425,-290,4308,-227,0,100
10-22 20:13:38.530 32551   361 I BatteryMgr:DataCollectionService: stats => 1697998418530,-290,4308,-227,0,100
10-22 20:13:38.546  3957  4128 D WifiService: getConnectionInfo uid=1000
10-22 20:13:38.637 32551   361 I BatteryMgr:DataCollectionService: stats => 1697998418637,-290,4308,-227,0,100
10-22 20:13:38.743 32551   361 I BatteryMgr:DataCollectionService: stats => 1697998418742,-259,4308,-249,0,100
10-22 20:13:38.848 32551   361 I BatteryMgr:DataCollectionService: stats => 1697998418848,-259,4308,-249,0,100
10-22 20:13:38.956 32551   361 I BatteryMgr:DataCollectionService: stats => 1697998418956,-259,4308,-249,0,100
10-22 20:13:39.061 32551   361 I BatteryMgr:DataCollectionService: stats => 1697998419061,-259,4308,-249,0,100
10-22 20:13:39.129  3957  4129 D WifiStateMachine:  ConnectedState !RSSI_PKTCNT_FETCH uid=1000 rt=604825714/1660801186 0 0 "ourhome" f4:6d:2f:12:cc:88 rssi=-45 f=5240 sc=60 link=433 tx=17.0, 0.0, 0.0  rx=23.2 bcn=612656 [on:0 tx:0 rx:0 period:925] from screen [on:584073 period:3362797] score=60
10-22 20:13:39.131  3957  4129 D WifiStateMachine:  L2ConnectedState !RSSI_PKTCNT_FETCH uid=1000 rt=604825715/1660801187 0 0 "ourhome" f4:6d:2f:12:cc:88 rssi=-45 f=5240 sc=60 link=433 tx=17.0, 0.0, 0.0  rx=23.2 bcn=612656 [on:0 tx:0 rx:0 period:2] from screen [on:584073 period:3362799] score=60
10-22 20:13:39.139  3957  4129 D WifiStateMachine: fetchRssiLinkSpeedAndFrequencyNative rssi=-44 linkspeed=433 freq=5240
10-22 20:13:39.139  3957  4129 V WifiConfigManager: Updating scan detail cache freq=5240 BSSID=f4:6d:2f:12:cc:88 RSSI=-44 for "ourhome"WPA_PSK
10-22 20:13:39.166 32551   361 I BatteryMgr:DataCollectionService: stats => 1697998419166,-259,4308,-249,0,100
10-22 20:13:39.177  3957  4651 D BatteryService: !@BatteryListener : batteryPropertiesChanged!
10-22 20:13:39.275 32551   361 I BatteryMgr:DataCollectionService: stats => 1697998419275,-259,4308,-249,0,100
10-22 20:13:39.379 32551   361 I BatteryMgr:DataCollectionService: stats => 1697998419379,-259,4308,-249,0,100
10-22 20:13:39.485 32551   361 I BatteryMgr:DataCollectionService: stats => 1697998419485,-259,4308,-249,0,100
10-22 20:13:39.549  3957  4128 D WifiService: getConnectionInfo uid=1000
10-22 20:13:39.592 32551   361 I BatteryMgr:DataCollectionService: stats => 1697998419592,-259,4308,-249,0,100
10-22 20:13:39.697 32551   361 I BatteryMgr:DataCollectionService: stats => 1697998419697,-259,4308,-249,0,100
10-22 20:13:39.803 32551   361 I BatteryMgr:DataCollectionService: stats => 1697998419803,-259,4308,-249,0,100
10-22 20:13:39.909 32551   361 I BatteryMgr:DataCollectionService: stats => 1697998419909,-259,4308,-249,0,100
10-22 20:13:40.015 32551   361 I BatteryMgr:DataCollectionService: stats => 1697998420015,-259,4308,-249,0,100
10-22 20:13:40.120 32551   361 I BatteryMgr:DataCollectionService: stats => 1697998420120,-259,4308,-249,0,100
10-22 20:13:40.130  3957  4129 D WifiStateMachine:  ConnectedState !RSSI_PKTCNT_FETCH uid=1000 rt=604826714/1660802187 0 0 "ourhome" f4:6d:2f:12:cc:88 rssi=-44 f=5240 sc=60 link=433 tx=17.0, 0.0, 0.0  rx=23.2 bcn=612656 [on:0 tx:0 rx:0 period:999] from screen [on:584073 period:3363798] score=60
10-22 20:13:40.131  3957  4129 D WifiStateMachine:  L2ConnectedState !RSSI_PKTCNT_FETCH uid=1000 rt=604826715/1660802188 0 0 "ourhome" f4:6d:2f:12:cc:88 rssi=-44 f=5240 sc=60 link=433 tx=17.0, 0.0, 0.0  rx=23.2 bcn=612656 [on:0 tx:0 rx:0 period:1] from screen [on:584073 period:3363799] score=60
10-22 20:13:40.137  3957  4129 D WifiStateMachine: fetchRssiLinkSpeedAndFrequencyNative rssi=-43 linkspeed=433 freq=5240
10-22 20:13:40.137  3957  4129 V WifiConfigManager: Updating scan detail cache freq=5240 BSSID=f4:6d:2f:12:cc:88 RSSI=-43 for "ourhome"WPA_PSK
10-22 20:13:40.225 32551   361 I BatteryMgr:DataCollectionService: stats => 1697998420225,-259,4308,-249,0,100
10-22 20:13:40.330 32551   361 I BatteryMgr:DataCollectionService: stats => 1697998420330,-259,4308,-249,0,100
10-22 20:13:40.437 32551   361 I BatteryMgr:DataCollectionService: stats => 1697998420437,-259,4308,-249,0,100
10-22 20:13:40.543 32551   361 I BatteryMgr:DataCollectionService: stats => 1697998420543,-259,4308,-249,0,100
10-22 20:13:40.551  3957  4128 D WifiService: getConnectionInfo uid=1000
10-22 20:13:40.648 32551   361 I BatteryMgr:DataCollectionService: stats => 1697998420648,-259,4308,-249,0,100
10-22 20:13:40.755 32551   361 I BatteryMgr:DataCollectionService: stats => 1697998420755,-259,4308,-249,0,100
10-22 20:13:40.860 32551   361 I BatteryMgr:DataCollectionService: stats => 1697998420860,-259,4308,-249,0,100
10-22 20:13:40.947  4961  4961 D io_stats: !@ 179,0 r 10236451 336123872 w 2172261 42477912 d 175092 37327848 f 641492 667036 iot 4677072 4029702 th 51200 0 0 pt 0 inp 0 0 604827.532
10-22 20:13:40.966 32551   361 I BatteryMgr:DataCollectionService: stats => 1697998420965,-259,4308,-249,0,100
10-22 20:13:41.072 32551   361 I BatteryMgr:DataCollectionService: stats => 1697998421072,-259,4308,-249,0,100
10-22 20:13:41.131  3957  4129 D WifiStateMachine:  ConnectedState !RSSI_PKTCNT_FETCH uid=1000 rt=604827716/1660803189 0 0 "ourhome" f4:6d:2f:12:cc:88 rssi=-43 f=5240 sc=60 link=433 tx=17.0, 0.0, 0.0  rx=23.2 bcn=612656 [on:0 tx:0 rx:0 period:1000] from screen [on:584073 period:3364799] score=60
10-22 20:13:41.133  3957  4129 D WifiStateMachine:  L2ConnectedState !RSSI_PKTCNT_FETCH uid=1000 rt=604827717/1660803190 0 0 "ourhome" f4:6d:2f:12:cc:88 rssi=-43 f=5240 sc=60 link=433 tx=17.0, 0.0, 0.0  rx=23.2 bcn=612656 [on:0 tx:0 rx:0 period:2] from screen [on:584073 period:3364801] score=60
10-22 20:13:41.140  3957  4129 D WifiStateMachine: fetchRssiLinkSpeedAndFrequencyNative rssi=-43 linkspeed=433 freq=5240
10-22 20:13:41.140  3957  4129 V WifiConfigManager: Updating scan detail cache freq=5240 BSSID=f4:6d:2f:12:cc:88 RSSI=-43 for "ourhome"WPA_PSK
10-22 20:13:41.177 32551   361 I BatteryMgr:DataCollectionService: stats => 1697998421177,-259,4308,-249,0,100
10-22 20:13:41.202  3957  4129 D WifiStateMachine:  ConnectedState !CMD_RSSI_POLL rt=604827786/1660803259 122 0 "ourhome" f4:6d:2f:12:cc:88 rssi=-43 f=5240 sc=60 link=433 tx=17.0, 0.0, 0.0  rx=23.2 bcn=612656 [on:0 tx:0 rx:0 period:69] from screen [on:584073 period:3364870] score=60
10-22 20:13:41.204  3957  4129 D WifiStateMachine:  L2ConnectedState !CMD_RSSI_POLL rt=604827788/1660803261 122 0 "ourhome" f4:6d:2f:12:cc:88 rssi=-43 f=5240 sc=60 link=433 tx=17.0, 0.0, 0.0  rx=23.2 bcn=612656 [on:0 tx:0 rx:0 period:2] from screen [on:584073 period:3364872] score=60
10-22 20:13:41.204  3957  4129 D WifiStateMachine:  get link layer stats 3
10-22 20:13:41.204  3436  3436 I android.hardware.wifi@1.0-service: getLinkLayerStats
10-22 20:13:41.222  3957  4129 D WifiStateMachine: fetchRssiLinkSpeedAndFrequencyNative rssi=-43 linkspeed=433 freq=5240
10-22 20:13:41.222  3957  4129 V WifiConfigManager: Updating scan detail cache freq=5240 BSSID=f4:6d:2f:12:cc:88 RSSI=-43 for "ourhome"WPA_PSK
10-22 20:13:41.226  4340  4340 E SignalClusterView: setSlotFocusVisible : subId -2
10-22 20:13:41.227  4340  4340 E SignalClusterView: setSlotFocusVisible : subId -2
10-22 20:13:41.282 32551   361 I BatteryMgr:DataCollectionService: stats => 1697998421282,-259,4308,-249,0,100
10-22 20:13:41.387 32551   361 I BatteryMgr:DataCollectionService: stats => 1697998421387,-259,4308,-249,0,100
10-22 20:13:41.494 32551   361 I BatteryMgr:DataCollectionService: stats => 1697998421494,-259,4308,-249,0,100
10-22 20:13:41.553  3957  4128 D WifiService: getConnectionInfo uid=1000
10-22 20:13:41.599 32551   361 I BatteryMgr:DataCollectionService: stats => 1697998421599,-259,4308,-249,0,100
10-22 20:13:41.706 32551   361 I BatteryMgr:DataCollectionService: stats => 1697998421706,-259,4308,-249,0,100
10-22 20:13:41.811 32551   361 I BatteryMgr:DataCollectionService: stats => 1697998421811,-259,4308,-249,0,100
10-22 20:13:41.916 32551   361 I BatteryMgr:DataCollectionService: stats => 1697998421916,-259,4308,-249,0,100
10-22 20:13:42.022 32551   361 I BatteryMgr:DataCollectionService: stats => 1697998422022,-259,4308,-249,0,100
10-22 20:13:42.128 32551   361 I BatteryMgr:DataCollectionService: stats => 1697998422128,-259,4308,-249,0,100
10-22 20:13:42.133  3957  4129 D WifiStateMachine:  ConnectedState !RSSI_PKTCNT_FETCH uid=1000 rt=604828718/1660804190 0 0 "ourhome" f4:6d:2f:12:cc:88 rssi=-43 f=5240 sc=60 link=433 tx=6.2, 0.0, 0.0  rx=10.4 bcn=612686 [on:0 tx:0 rx:0 period:908] from screen [on:584236 period:3365801] score=60
10-22 20:13:42.135  3957  4129 D WifiStateMachine:  L2ConnectedState !RSSI_PKTCNT_FETCH uid=1000 rt=604828719/1660804191 0 0 "ourhome" f4:6d:2f:12:cc:88 rssi=-43 f=5240 sc=60 link=433 tx=6.2, 0.0, 0.0  rx=10.4 bcn=612686 [on:0 tx:0 rx:0 period:2] from screen [on:584236 period:3365803] score=60
10-22 20:13:42.141  3957  4129 D WifiStateMachine: fetchRssiLinkSpeedAndFrequencyNative rssi=-44 linkspeed=433 freq=5240
10-22 20:13:42.141  3957  4129 V WifiConfigManager: Updating scan detail cache freq=5240 BSSID=f4:6d:2f:12:cc:88 RSSI=-43 for "ourhome"WPA_PSK
10-22 20:13:42.233 32551   361 I BatteryMgr:DataCollectionService: stats => 1697998422233,-259,4308,-249,0,100
10-22 20:13:42.334  3957  4030 D SensorService: [SO] 0.239 -0.148 9.960
10-22 20:13:42.340 32551   361 I BatteryMgr:DataCollectionService: stats => 1697998422340,-259,4308,-249,0,100
10-22 20:13:42.445 32551   361 I BatteryMgr:DataCollectionService: stats => 1697998422445,-259,4308,-249,0,100
10-22 20:13:42.526 32597 32608 I zygote64: Background concurrent copying GC freed 276830(8MB) AllocSpace objects, 0(0B) LOS objects, 49% free, 7MB/15MB, paused 2.842ms total 229.075ms
10-22 20:13:42.550 32551   361 I BatteryMgr:DataCollectionService: stats => 1697998422550,-259,4308,-249,0,100
10-22 20:13:42.555  3957  4128 D WifiService: getConnectionInfo uid=1000
10-22 20:13:42.585  9273  9310 D ScanRecord: Not a Multi Manu data
10-22 20:13:42.655  9273  9310 I chatty  : uid=1002(bluetooth) BT Service Call identical 86 lines
10-22 20:13:42.655  9273  9310 D ScanRecord: Not a Multi Manu data
10-22 20:13:42.655 32551   361 I BatteryMgr:DataCollectionService: stats => 1697998422655,-259,4308,-249,0,100
10-22 20:13:42.659  9273  9310 D ScanRecord: Not a Multi Manu data
10-22 20:13:42.757  9273  9310 I chatty  : uid=1002(bluetooth) BT Service Call identical 196 lines
10-22 20:13:42.757  9273  9310 D ScanRecord: Not a Multi Manu data
10-22 20:13:42.763 32551   361 I BatteryMgr:DataCollectionService: stats => 1697998422763,-259,4308,-249,0,100
10-22 20:13:42.764  9273  9310 D ScanRecord: Not a Multi Manu data
10-22 20:13:42.869  9273  9310 I chatty  : uid=1002(bluetooth) BT Service Call identical 152 lines
10-22 20:13:42.869  9273  9310 D ScanRecord: Not a Multi Manu data
10-22 20:13:42.873 32551   361 I BatteryMgr:DataCollectionService: stats => 1697998422873,-259,4308,-249,0,100
10-22 20:13:42.878  9273  9310 D ScanRecord: Not a Multi Manu data
10-22 20:13:42.955  9273  9310 I chatty  : uid=1002(bluetooth) BT Service Call identical 141 lines
10-22 20:13:42.955  9273  9310 D ScanRecord: Not a Multi Manu data
10-22 20:13:42.978 32551   361 I BatteryMgr:DataCollectionService: stats => 1697998422977,-259,4308,-249,0,100
10-22 20:13:42.982  3957  6478 D SSRM:k  : SIOP:: AP = 460, PST = 419 (W:12), BAT = 328, USB = 0, CHG = 0
10-22 20:13:42.982  9273  9310 D ScanRecord: Not a Multi Manu data
10-22 20:13:42.993  3957  6478 D ac      : broadcastSiopLevelIntent:: currentSiopLevel = 1
10-22 20:13:42.993  9273  9310 I chatty  : uid=1002(bluetooth) BT Service Call identical 31 lines
10-22 20:13:42.993  9273  9310 D ScanRecord: Not a Multi Manu data
10-22 20:13:42.998  3957  6478 D TelephonyManager: getAllCellInfo : Caller (PID / UID / TID): 3957 / 1000 / 6478
10-22 20:13:42.999  9273  9310 D ScanRecord: Not a Multi Manu data
10-22 20:13:42.999  9273  9310 I chatty  : uid=1002(bluetooth) BT Service Call identical 9 lines
10-22 20:13:42.999  9273  9310 D ScanRecord: Not a Multi Manu data
10-22 20:13:43.000   887   887 I [SC]SCloudReceiver: onReceive: com.samsung.intent.action.CHECK_SIOP_LEVEL
10-22 20:13:43.003  9273  9310 D ScanRecord: Not a Multi Manu data
10-22 20:13:43.004  9273  9310 I chatty  : uid=1002(bluetooth) BT Service Call identical 9 lines
10-22 20:13:43.004  9273  9310 D ScanRecord: Not a Multi Manu data
10-22 20:13:43.004   887   887 I [SC]DetectorReceiver: onReceive [com.samsung.intent.action.CHECK_SIOP_LEVEL]
10-22 20:13:43.006   887   887 I [SC]AccountUtil: Samsung Account Not Logged in
10-22 20:13:43.031  9273  9310 D ScanRecord: Not a Multi Manu data
10-22 20:13:43.065  3957  6478 D WifiService: getConnectionInfo uid=1000
10-22 20:13:43.065  9273  9310 I chatty  : uid=1002(bluetooth) BT Service Call expire 70 lines
10-22 20:13:43.065  9273  9310 D ScanRecord: Not a Multi Manu data
10-22 20:13:43.065  9273  9310 D ScanRecord: Not a Multi Manu data
10-22 20:13:43.068  9273  9310 I chatty  : uid=1002(bluetooth) BT Service Call identical 14 lines
10-22 20:13:43.068  9273  9310 D ScanRecord: Not a Multi Manu data
10-22 20:13:43.077  3957  6478 I SensorService: createSensorEventConnection package name f.z
10-22 20:13:43.078  3957  6478 D SensorService: Calling batch handle==3 flags=0 rate=200000000 timeout== 0
10-22 20:13:43.078  3434  3434 I Sensors : ProximitySensor:enable: handle 3, en 1, old_en 0
10-22 20:13:43.082 32551   361 I BatteryMgr:DataCollectionService: stats => 1697998423082,-259,4308,-249,0,100
10-22 20:13:43.133  3957  4129 D WifiStateMachine:  ConnectedState !RSSI_PKTCNT_FETCH uid=1000 rt=604829718/1660805190 0 0 "ourhome" f4:6d:2f:12:cc:88 rssi=-44 f=5240 sc=60 link=433 tx=6.2, 0.0, 0.0  rx=10.4 bcn=612686 [on:0 tx:0 rx:0 period:998] from screen [on:584236 period:3366801] score=60
10-22 20:13:43.134  3957  4129 D WifiStateMachine:  L2ConnectedState !RSSI_PKTCNT_FETCH uid=1000 rt=604829719/1660805191 0 0 "ourhome" f4:6d:2f:12:cc:88 rssi=-44 f=5240 sc=60 link=433 tx=6.2, 0.0, 0.0  rx=10.4 bcn=612686 [on:0 tx:0 rx:0 period:1] from screen [on:584236 period:3366802] score=60
10-22 20:13:43.138  3957  6478 D SensorManager: registerListener :: 3, STK3013 Proximity, 200000, 0,  
10-22 20:13:43.138  3434  3434 I Sensors : ProximitySensor:readEvents: value 8(cm)
10-22 20:13:43.139  3957  4129 D WifiStateMachine: fetchRssiLinkSpeedAndFrequencyNative rssi=-44 linkspeed=433 freq=5240
10-22 20:13:43.139  3957  3957 D SensorManager: Proximity, val = 8.0  [far]
10-22 20:13:43.139  3957  4129 V WifiConfigManager: Updating scan detail cache freq=5240 BSSID=f4:6d:2f:12:cc:88 RSSI=-43 for "ourhome"WPA_PSK
10-22 20:13:43.140  3957  3957 D SensorService: Calling activate off 3
10-22 20:13:43.141  3434  4028 I Sensors : ProximitySensor:enable: handle 3, en 0, old_en 1
10-22 20:13:43.142  3957  3957 D SensorManager: unregisterListener ::   
10-22 20:13:43.187 32551   361 I BatteryMgr:DataCollectionService: stats => 1697998423187,-259,4308,-249,0,100
10-22 20:13:43.294 32551   361 I BatteryMgr:DataCollectionService: stats => 1697998423294,-259,4308,-249,0,100
10-22 20:13:43.399 32551   361 I BatteryMgr:DataCollectionService: stats => 1697998423399,-259,4308,-249,0,100
10-22 20:13:43.504 32551   361 I BatteryMgr:DataCollectionService: stats => 1697998423504,-259,4308,-249,0,100
10-22 20:13:43.557  3957  4128 D WifiService: getConnectionInfo uid=1000
10-22 20:13:43.611 32551   361 I BatteryMgr:DataCollectionService: stats => 1697998423611,-259,4308,-249,0,100
10-22 20:13:43.717 32551   361 I BatteryMgr:DataCollectionService: stats => 1697998423717,-259,4308,-249,0,100
10-22 20:13:43.824 32551   361 I BatteryMgr:DataCollectionService: stats => 1697998423823,-259,4308,-249,0,100
10-22 20:13:43.930 32551   361 I BatteryMgr:DataCollectionService: stats => 1697998423929,-259,4308,-249,0,100
10-22 20:13:44.034 32551   361 I BatteryMgr:DataCollectionService: stats => 1697998424034,-259,4308,-249,0,100
10-22 20:13:44.135  3957  4129 D WifiStateMachine:  ConnectedState !RSSI_PKTCNT_FETCH uid=1000 rt=604830719/1660806192 0 0 "ourhome" f4:6d:2f:12:cc:88 rssi=-44 f=5240 sc=60 link=433 tx=6.2, 0.0, 0.0  rx=10.4 bcn=612686 [on:0 tx:0 rx:0 period:1001] from screen [on:584236 period:3367803] score=60
10-22 20:13:44.136  3957  4129 D WifiStateMachine:  L2ConnectedState !RSSI_PKTCNT_FETCH uid=1000 rt=604830720/1660806193 0 0 "ourhome" f4:6d:2f:12:cc:88 rssi=-44 f=5240 sc=60 link=433 tx=6.2, 0.0, 0.0  rx=10.4 bcn=612686 [on:0 tx:0 rx:0 period:1] from screen [on:584236 period:3367804] score=60
10-22 20:13:44.140  3957  4129 D WifiStateMachine: fetchRssiLinkSpeedAndFrequencyNative rssi=-44 linkspeed=433 freq=5240
10-22 20:13:44.140  3957  4129 V WifiConfigManager: Updating scan detail cache freq=5240 BSSID=f4:6d:2f:12:cc:88 RSSI=-43 for "ourhome"WPA_PSK
10-22 20:13:44.141 32551   361 I BatteryMgr:DataCollectionService: stats => 1697998424141,-259,4308,-249,0,100
10-22 20:13:44.225  3957  4129 D WifiStateMachine:  ConnectedState !CMD_RSSI_POLL rt=604830808/1660806281 122 0 "ourhome" f4:6d:2f:12:cc:88 rssi=-44 f=5240 sc=60 link=433 tx=6.2, 0.0, 0.0  rx=10.4 bcn=612686 [on:0 tx:0 rx:0 period:88] from screen [on:584236 period:3367892] score=60
10-22 20:13:44.227  3957  4129 D WifiStateMachine:  L2ConnectedState !CMD_RSSI_POLL rt=604830810/1660806283 122 0 "ourhome" f4:6d:2f:12:cc:88 rssi=-44 f=5240 sc=60 link=433 tx=6.2, 0.0, 0.0  rx=10.4 bcn=612686 [on:0 tx:0 rx:0 period:2] from screen [on:584236 period:3367894] score=60
10-22 20:13:44.227  3957  4129 D WifiStateMachine:  get link layer stats 3
10-22 20:13:44.227  3436  3436 I android.hardware.wifi@1.0-service: getLinkLayerStats
10-22 20:13:44.241  3957  4129 D WifiStateMachine: fetchRssiLinkSpeedAndFrequencyNative rssi=-44 linkspeed=433 freq=5240
10-22 20:13:44.241  3957  4129 V WifiConfigManager: Updating scan detail cache freq=5240 BSSID=f4:6d:2f:12:cc:88 RSSI=-43 for "ourhome"WPA_PSK
10-22 20:13:44.245  4340  4340 E SignalClusterView: setSlotFocusVisible : subId -2
10-22 20:13:44.245  4340  4340 E SignalClusterView: setSlotFocusVisible : subId -2
10-22 20:13:44.248 32551   361 I BatteryMgr:DataCollectionService: stats => 1697998424247,-259,4308,-249,0,100
10-22 20:13:44.352 32551   361 I BatteryMgr:DataCollectionService: stats => 1697998424352,-259,4308,-249,0,100
10-22 20:13:44.458 32551   361 I BatteryMgr:DataCollectionService: stats => 1697998424458,-259,4308,-249,0,100
10-22 20:13:44.559  3957  4128 D WifiService: getConnectionInfo uid=1000
10-22 20:13:44.565 32551   361 I BatteryMgr:DataCollectionService: stats => 1697998424565,-259,4308,-249,0,100
10-22 20:13:44.670 32551   361 I BatteryMgr:DataCollectionService: stats => 1697998424670,-259,4308,-249,0,100
10-22 20:13:44.778 32551   361 I BatteryMgr:DataCollectionService: stats => 1697998424777,-259,4308,-249,0,100
10-22 20:13:44.882 32551   361 I BatteryMgr:DataCollectionService: stats => 1697998424882,-259,4308,-249,0,100
10-22 20:13:44.991 32551   361 I BatteryMgr:DataCollectionService: stats => 1697998424990,-259,4308,-249,0,100
10-22 20:13:45.098 32551   361 I BatteryMgr:DataCollectionService: stats => 1697998425098,-259,4308,-249,0,100
10-22 20:13:45.136  3957  4129 D WifiStateMachine:  ConnectedState !RSSI_PKTCNT_FETCH uid=1000 rt=604831720/1660807193 0 0 "ourhome" f4:6d:2f:12:cc:88 rssi=-44 f=5240 sc=60 link=433 tx=2.3, 0.0, 0.0  rx=4.4 bcn=612715 [on:0 tx:0 rx:0 period:892] from screen [on:584357 period:3368804] score=60
10-22 20:13:45.138  3957  4129 D WifiStateMachine:  L2ConnectedState !RSSI_PKTCNT_FETCH uid=1000 rt=604831722/1660807194 0 0 "ourhome" f4:6d:2f:12:cc:88 rssi=-44 f=5240 sc=60 link=433 tx=2.3, 0.0, 0.0  rx=4.4 bcn=612715 [on:0 tx:0 rx:0 period:2] from screen [on:584357 period:3368806] score=60
10-22 20:13:45.145  3957  4129 D WifiStateMachine: fetchRssiLinkSpeedAndFrequencyNative rssi=-44 linkspeed=433 freq=5240
10-22 20:13:45.145  3957  4129 V WifiConfigManager: Updating scan detail cache freq=5240 BSSID=f4:6d:2f:12:cc:88 RSSI=-43 for "ourhome"WPA_PSK
10-22 20:13:45.203 32551   361 I BatteryMgr:DataCollectionService: stats => 1697998425203,-259,4308,-249,0,100
10-22 20:13:45.310 32551   361 I BatteryMgr:DataCollectionService: stats => 1697998425310,-259,4308,-249,0,100
10-22 20:13:45.415 32551   361 I BatteryMgr:DataCollectionService: stats => 1697998425415,-259,4308,-249,0,100
10-22 20:13:45.522 32551   361 I BatteryMgr:DataCollectionService: stats => 1697998425522,-259,4308,-249,0,100
10-22 20:13:45.561  3957  4128 D WifiService: getConnectionInfo uid=1000
10-22 20:13:45.628 32551   361 I BatteryMgr:DataCollectionService: stats => 1697998425628,-259,4308,-249,0,100
10-22 20:13:45.733 32551   361 I BatteryMgr:DataCollectionService: stats => 1697998425733,-259,4308,-249,0,100
10-22 20:13:45.837 32551   361 I BatteryMgr:DataCollectionService: stats => 1697998425837,-259,4308,-249,0,100
10-22 20:13:45.944 32551   361 I BatteryMgr:DataCollectionService: stats => 1697998425944,-259,4308,-249,0,100
10-22 20:13:45.949  4961  4961 D io_stats: !@ 179,0 r 10236557 336128636 w 2172267 42478076 d 175093 37327932 f 641493 667037 iot 4677132 4029753 th 51200 0 0 pt 0 inp 0 0 604832.534
10-22 20:13:46.049 32551   361 I BatteryMgr:DataCollectionService: stats => 1697998426049,-259,4308,-249,0,100
10-22 20:13:46.137  3957  4129 D WifiStateMachine:  ConnectedState !RSSI_PKTCNT_FETCH uid=1000 rt=604832721/1660808194 0 0 "ourhome" f4:6d:2f:12:cc:88 rssi=-44 f=5240 sc=60 link=433 tx=2.3, 0.0, 0.0  rx=4.4 bcn=612715 [on:0 tx:0 rx:0 period:999] from screen [on:584357 period:3369805] score=60
10-22 20:13:46.139  3957  4129 D WifiStateMachine:  L2ConnectedState !RSSI_PKTCNT_FETCH uid=1000 rt=604832723/1660808195 0 0 "ourhome" f4:6d:2f:12:cc:88 rssi=-44 f=5240 sc=60 link=433 tx=2.3, 0.0, 0.0  rx=4.4 bcn=612715 [on:0 tx:0 rx:0 period:2] from screen [on:584357 period:3369807] score=60
10-22 20:13:46.145  3957  4129 D WifiStateMachine: fetchRssiLinkSpeedAndFrequencyNative rssi=-44 linkspeed=433 freq=5240
10-22 20:13:46.145  3957  4129 V WifiConfigManager: Updating scan detail cache freq=5240 BSSID=f4:6d:2f:12:cc:88 RSSI=-43 for "ourhome"WPA_PSK
10-22 20:13:46.158 32551   361 I BatteryMgr:DataCollectionService: stats => 1697998426158,-259,4308,-249,0,100
10-22 20:13:46.263 32551   361 I BatteryMgr:DataCollectionService: stats => 1697998426263,-259,4308,-249,0,100
10-22 20:13:46.370 32551   361 I BatteryMgr:DataCollectionService: stats => 1697998426370,-259,4308,-249,0,100
10-22 20:13:46.461  3957  4416 E Watchdog: !@Sync 20153 [2023-10-22 20:13:46.460]
10-22 20:13:46.476 32551   361 I BatteryMgr:DataCollectionService: stats => 1697998426476,-259,4308,-249,0,100
10-22 20:13:46.563  3957  4128 D WifiService: getConnectionInfo uid=1000
10-22 20:13:46.582 32551   361 I BatteryMgr:DataCollectionService: stats => 1697998426582,-259,4308,-249,0,100
10-22 20:13:46.687 32551   361 I BatteryMgr:DataCollectionService: stats => 1697998426687,-259,4308,-249,0,100
10-22 20:13:46.794 32551   361 I BatteryMgr:DataCollectionService: stats => 1697998426793,-259,4308,-249,0,100
10-22 20:13:46.900 32551   361 I BatteryMgr:DataCollectionService: stats => 1697998426899,-259,4308,-249,0,100
10-22 20:13:47.004 32551   361 I BatteryMgr:DataCollectionService: stats => 1697998427004,-259,4308,-249,0,100
10-22 20:13:47.110 32551   361 I BatteryMgr:DataCollectionService: stats => 1697998427110,-259,4308,-249,0,100
