10-22 20:05:25.371 30430 30741 I BatteryMgr:DataCollectionService: stats => 1697997925371,166,4308,-82,0,100
10-22 20:05:25.406  3957  5414 D BatteryService: !@BatteryListener : batteryPropertiesChanged!
10-22 20:05:25.481  3957  4129 D WifiStateMachine:  ConnectedState !RSSI_PKTCNT_FETCH uid=1000 rt=604332064/1660307537 0 0 "ourhome" f4:6d:2f:12:cc:88 rssi=-46 f=5240 sc=60 link=433 tx=156.1, 15.5, 0.0  rx=193.9 bcn=607931 [on:0 tx:0 rx:0 period:1000] from screen [on:476764 period:2869149] score=60
10-22 20:05:25.484  3957  4129 D WifiStateMachine:  L2ConnectedState !RSSI_PKTCNT_FETCH uid=1000 rt=604332067/1660307540 0 0 "ourhome" f4:6d:2f:12:cc:88 rssi=-46 f=5240 sc=60 link=433 tx=156.1, 15.5, 0.0  rx=193.9 bcn=607931 [on:0 tx:0 rx:0 period:3] from screen [on:476764 period:2869152] score=60
10-22 20:05:25.490 30430 30741 I BatteryMgr:DataCollectionService: stats => 1697997925490,166,4308,-82,0,100
10-22 20:05:25.491  3957  4129 D WifiStateMachine: fetchRssiLinkSpeedAndFrequencyNative rssi=-44 linkspeed=433 freq=5240
10-22 20:05:25.492  3957  4129 V WifiConfigManager: Updating scan detail cache freq=5240 BSSID=f4:6d:2f:12:cc:88 RSSI=-44 for "ourhome"WPA_PSK
10-22 20:05:25.540 30473 30502 D GeckoIdleService: Get idle time: time since reset 2841 msec
10-22 20:05:25.541 30473 30502 D GeckoIdleService: Idle timer callback: current idle time 2841 msec
10-22 20:05:25.541 30473 30502 D GeckoIdleService: next timeout 2158 msec from now
10-22 20:05:25.541 30473 30502 D GeckoIdleService: SetTimerExpiryIfBefore: next timeout 2158 msec from now
10-22 20:05:25.541 30473 30502 D GeckoIdleService: reset timer expiry to 2168 msec from now
10-22 20:05:25.544  4961  4961 D io_stats: !@ 179,0 r 10159840 333482484 w 2166833 42398484 d 174726 37305800 f 640964 666490 iot 4648040 4005339 th 51200 0 0 pt 0 inp 0 0 604332.127
10-22 20:05:25.607 30430 30741 I BatteryMgr:DataCollectionService: stats => 1697997925607,166,4308,-82,0,100
10-22 20:05:25.723 30430 30741 I BatteryMgr:DataCollectionService: stats => 1697997925723,166,4308,-82,0,100
10-22 20:05:25.841 30430 30741 I BatteryMgr:DataCollectionService: stats => 1697997925841,166,4308,-82,0,100
10-22 20:05:25.912  3957  4128 D WifiService: getConnectionInfo uid=1000
10-22 20:05:25.956  3957  4129 D WifiStateMachine:  ConnectedState !CMD_RSSI_POLL rt=604332539/1660308012 122 0 "ourhome" f4:6d:2f:12:cc:88 rssi=-44 f=5240 sc=60 link=433 tx=156.1, 15.5, 0.0  rx=193.9 bcn=607931 [on:0 tx:0 rx:0 period:472] from screen [on:476764 period:2869624] score=60
10-22 20:05:25.959  3957  4129 D WifiStateMachine:  L2ConnectedState !CMD_RSSI_POLL rt=604332542/1660308015 122 0 "ourhome" f4:6d:2f:12:cc:88 rssi=-44 f=5240 sc=60 link=433 tx=156.1, 15.5, 0.0  rx=193.9 bcn=607931 [on:0 tx:0 rx:0 period:3] from screen [on:476764 period:2869627] score=60
10-22 20:05:25.960  3957  4129 D WifiStateMachine:  get link layer stats 3
10-22 20:05:25.960  3436  3436 I android.hardware.wifi@1.0-service: getLinkLayerStats
10-22 20:05:25.961 30430 30741 I BatteryMgr:DataCollectionService: stats => 1697997925960,166,4308,-82,0,100
10-22 20:05:25.969  3957  4129 D WifiStateMachine: fetchRssiLinkSpeedAndFrequencyNative rssi=-44 linkspeed=433 freq=5240
10-22 20:05:25.969  3957  4129 V WifiConfigManager: Updating scan detail cache freq=5240 BSSID=f4:6d:2f:12:cc:88 RSSI=-44 for "ourhome"WPA_PSK
10-22 20:05:25.975  4340  4340 E SignalClusterView: setSlotFocusVisible : subId -2
10-22 20:05:25.975  4340  4340 E SignalClusterView: setSlotFocusVisible : subId -2
10-22 20:05:26.082 30430 30741 I BatteryMgr:DataCollectionService: stats => 1697997926081,166,4308,-82,0,100
10-22 20:05:26.192 30430 30741 I BatteryMgr:DataCollectionService: stats => 1697997926192,166,4308,-82,0,100
10-22 20:05:26.303 30430 30741 I BatteryMgr:DataCollectionService: stats => 1697997926303,166,4308,-82,0,100
10-22 20:05:26.409 30430 30741 I BatteryMgr:DataCollectionService: stats => 1697997926409,166,4308,-82,0,100
10-22 20:05:26.465  3957  5414 D ConnectivityService: filterNetworkStateForUid() uid: 10169 networkInfo: [type: WIFI[] - WIFI, state: CONNECTED/CONNECTED, reason: (unspecified), extra: "ourhome", failover: false, available: true, roaming: false, metered: false]
10-22 20:05:26.465  3957  5414 D WifiService: getConnectionInfo uid=1000
10-22 20:05:26.473  3599  3918 D DnsProxyListener: DNSDBG::dns addrinfo af 0
10-22 20:05:26.476  3957  5414 D WifiService: getConnectionInfo uid=1000
10-22 20:05:26.480  3957  4129 D WifiStateMachine:  ConnectedState !RSSI_PKTCNT_FETCH uid=1000 rt=604333065/1660308537 0 0 "ourhome" f4:6d:2f:12:cc:88 rssi=-44 f=5240 sc=60 link=433 tx=180.1, 5.7, 0.0  rx=214.9 bcn=607960 [on:0 tx:0 rx:0 period:506] from screen [on:478589 period:2870148] score=60
10-22 20:05:26.481  3957  4129 D WifiStateMachine:  L2ConnectedState !RSSI_PKTCNT_FETCH uid=1000 rt=604333066/1660308538 0 0 "ourhome" f4:6d:2f:12:cc:88 rssi=-44 f=5240 sc=60 link=433 tx=180.1, 5.7, 0.0  rx=214.9 bcn=607960 [on:0 tx:0 rx:0 period:1] from screen [on:478589 period:2870149] score=60
10-22 20:05:26.482  3957  4129 D WifiStateMachine: fetchRssiLinkSpeedAndFrequencyNative rssi=-48 linkspeed=433 freq=5240
10-22 20:05:26.482  3957  4129 V WifiConfigManager: Updating scan detail cache freq=5240 BSSID=f4:6d:2f:12:cc:88 RSSI=-46 for "ourhome"WPA_PSK
10-22 20:05:26.516 30430 30741 I BatteryMgr:DataCollectionService: stats => 1697997926515,166,4308,-82,0,100
10-22 20:05:26.622 30430 30741 I BatteryMgr:DataCollectionService: stats => 1697997926622,166,4308,-82,0,100
10-22 20:05:26.735 30430 30741 I BatteryMgr:DataCollectionService: stats => 1697997926734,166,4308,-82,0,100
10-22 20:05:26.848 30430 30741 I BatteryMgr:DataCollectionService: stats => 1697997926847,166,4308,-82,0,100
10-22 20:05:26.902  3957  5414 D WifiService: getConnectionInfo uid=1000
10-22 20:05:26.915  3957  4128 D WifiService: getConnectionInfo uid=1000
10-22 20:05:26.937  3957  5414 D WifiService: getConnectionInfo uid=1000
10-22 20:05:26.956  3957  5414 D WifiService: getConnectionInfo uid=1000
10-22 20:05:26.957 30430 30741 I BatteryMgr:DataCollectionService: stats => 1697997926957,166,4308,-82,0,100
10-22 20:05:26.965  3957  5414 D WifiService: getConnectionInfo uid=1000
10-22 20:05:26.993  3957  5414 I chatty  : uid=1000(system) Binder:3957_E identical 12 lines
10-22 20:05:26.994  3957  5414 I chatty  : uid=1000(system) Binder:3957_E identical 7 lines
10-22 20:05:26.997  3957  5414 D ConnectivityService: filterNetworkStateForUid() uid: 10169 networkInfo: [type: WIFI[] - WIFI, state: CONNECTED/CONNECTED, reason: (unspecified), extra: "ourhome", failover: false, available: true, roaming: false, metered: false]
10-22 20:05:26.998  3957  5414 D WifiService: getConnectionInfo uid=1000
10-22 20:05:27.065 30430 30741 I BatteryMgr:DataCollectionService: stats => 1697997927064,166,4308,-82,0,100
10-22 20:05:27.174 30430 30741 I BatteryMgr:DataCollectionService: stats => 1697997927174,166,4308,-82,0,100
10-22 20:05:27.182  3957  3980 W StorageManager: getStorageFullBytes DEFAULT_FULL_THRESHOLD_BYTES : 20971520, threadhold : 20971520
10-22 20:05:27.183  3957  3980 W StorageManager: getStorageLowBytes lowPercent : 5, lowBytes : 1260145254, maxLowBytes : 524288000
10-22 20:05:27.184  3957  3980 W DeviceStorageMonitorService: updateBroadcasts(/data) oldLevel:0, newLevel:0, seq:1
10-22 20:05:27.185  3957  3980 W DeviceStorageMonitorService: updateBroadcasts_filenode(/data) fn_oldLevel:0, fn_newLevel:0, seq:1
10-22 20:05:27.281 30430 30741 I BatteryMgr:DataCollectionService: stats => 1697997927280,166,4308,-82,0,100
10-22 20:05:27.389 30430 30741 I BatteryMgr:DataCollectionService: stats => 1697997927388,166,4308,-82,0,100
10-22 20:05:27.484  3957  4129 D WifiStateMachine:  ConnectedState !RSSI_PKTCNT_FETCH uid=1000 rt=604334066/1660309538 0 0 "ourhome" f4:6d:2f:12:cc:88 rssi=-48 f=5240 sc=60 link=433 tx=180.1, 5.7, 0.0  rx=214.9 bcn=607960 [on:0 tx:0 rx:0 period:1003] from screen [on:478589 period:2871152] score=60
10-22 20:05:27.486  3957  4129 D WifiStateMachine:  L2ConnectedState !RSSI_PKTCNT_FETCH uid=1000 rt=604334070/1660309542 0 0 "ourhome" f4:6d:2f:12:cc:88 rssi=-48 f=5240 sc=60 link=433 tx=180.1, 5.7, 0.0  rx=214.9 bcn=607960 [on:0 tx:0 rx:0 period:1] from screen [on:478589 period:2871153] score=60
10-22 20:05:27.487  3957  4129 D WifiStateMachine: fetchRssiLinkSpeedAndFrequencyNative rssi=-48 linkspeed=433 freq=5240
10-22 20:05:27.487  3957  4129 V WifiConfigManager: Updating scan detail cache freq=5240 BSSID=f4:6d:2f:12:cc:88 RSSI=-47 for "ourhome"WPA_PSK
10-22 20:05:27.495 30430 30741 I BatteryMgr:DataCollectionService: stats => 1697997927495,166,4308,-82,0,100
10-22 20:05:27.578  9273  9310 D ScanRecord: Not a Multi Manu data
10-22 20:05:27.585  3957  4045 D SamsungAlarmManager: Expired : 4
10-22 20:05:27.585  3957  4045 I SamsungAlarmManager: setLocked to kernel - T:2 / 20231022T201145, SetElapsed=1660687905, nowELAPSED=1660309643
10-22 20:05:27.585  3957  4045 I SamsungAlarmManager: setLocked to kernel - T:3 / 20231022T200600, SetElapsed=1660342058, nowELAPSED=1660309643
10-22 20:05:27.586  3957  4045 V SamsungAlarmManager: Sending to uid : 1000 listener=android.app.AlarmManager$ListenerWrapper@ebb30af alarm=Alarm{99c68e3 type 2 when 1660309643 android}
10-22 20:05:27.589  3957  3957 D SamsungAlarmManager: setInexact Listener (T:2/F:0/AC:false) 20231022T201646 - CU:1000/CP:3957
10-22 20:05:27.593  9273  9310 I chatty  : uid=1002(bluetooth) BT Service Call identical 64 lines
10-22 20:05:27.593  9273  9310 D ScanRecord: Not a Multi Manu data
10-22 20:05:27.603 30430 30741 I BatteryMgr:DataCollectionService: stats => 1697997927603,166,4308,-82,0,100
10-22 20:05:27.604  9273  9310 D ScanRecord: Not a Multi Manu data
10-22 20:05:27.624  9273  9310 I chatty  : uid=1002(bluetooth) BT Service Call identical 53 lines
10-22 20:05:27.624  9273  9310 D ScanRecord: Not a Multi Manu data
10-22 20:05:27.629  8778  8882 I A       : Cobalt: try to find ProjectConfig for given tags
10-22 20:05:27.630  8778  8882 W A       : Cobalt: couldn't find ProjectConfig for given tags
10-22 20:05:27.636  9273  9310 D ScanRecord: Not a Multi Manu data
10-22 20:05:27.700  9273  9310 I chatty  : uid=1002(bluetooth) BT Service Call identical 130 lines
10-22 20:05:27.700  9273  9310 D ScanRecord: Not a Multi Manu data
10-22 20:05:27.709 30430 30741 I BatteryMgr:DataCollectionService: stats => 1697997927709,166,4308,-82,0,100
10-22 20:05:27.717  9273  9310 D ScanRecord: Not a Multi Manu data
10-22 20:05:27.729  9273  9310 I chatty  : uid=1002(bluetooth) BT Service Call identical 31 lines
10-22 20:05:27.729  9273  9310 D ScanRecord: Not a Multi Manu data
10-22 20:05:27.734 30473 30502 D GeckoIdleService: Get idle time: time since reset 5034 msec
10-22 20:05:27.734 30473 30502 D GeckoIdleService: Idle timer callback: current idle time 5034 msec
10-22 20:05:27.734 30473 30502 D GeckoIdleService: next timeout 4294967289965 msec from now
10-22 20:05:27.734 30473 30502 D GeckoIdleService: SetTimerExpiryIfBefore: next timeout 4294967289965 msec from now
10-22 20:05:27.734 30473 30502 D GeckoIdleService: reset timer expiry to 4294967289975 msec from now
10-22 20:05:27.734 30473 30502 D GeckoIdleService: Idle timer callback: tell observer 0x742663ef08 user is idle
10-22 20:05:27.741  9273  9310 D ScanRecord: Not a Multi Manu data
10-22 20:05:27.742  9273  9310 I chatty  : uid=1002(bluetooth) BT Service Call identical 20 lines
10-22 20:05:27.742  9273  9310 D ScanRecord: Not a Multi Manu data
10-22 20:05:27.756  8860  8860 D BoundBrokerSvc: onBind: Intent { act=com.google.android.gms.auth.account.data.service.START pkg=com.google.android.gms }
10-22 20:05:27.757  8860  8860 D BoundBrokerSvc: Loading bound service for intent: Intent { act=com.google.android.gms.auth.account.data.service.START pkg=com.google.android.gms }
10-22 20:05:27.776  9273  9310 D ScanRecord: Not a Multi Manu data
10-22 20:05:27.819  9273  9310 I chatty  : uid=1002(bluetooth) BT Service Call identical 53 lines
10-22 20:05:27.819  9273  9310 D ScanRecord: Not a Multi Manu data
10-22 20:05:27.821 30430 30741 I BatteryMgr:DataCollectionService: stats => 1697997927821,166,4308,-82,0,100
10-22 20:05:27.830  9273  9310 D ScanRecord: Not a Multi Manu data
10-22 20:05:27.914  9273  9310 I chatty  : uid=1002(bluetooth) BT Service Call identical 141 lines
10-22 20:05:27.914  9273  9310 D ScanRecord: Not a Multi Manu data
10-22 20:05:27.917  3957  4128 D WifiService: getConnectionInfo uid=1000
10-22 20:05:27.923  9273  9310 D ScanRecord: Not a Multi Manu data
10-22 20:05:27.923  9273  9310 I chatty  : uid=1002(bluetooth) BT Service Call identical 9 lines
10-22 20:05:27.923  9273  9310 D ScanRecord: Not a Multi Manu data
10-22 20:05:27.930 30430 30741 I BatteryMgr:DataCollectionService: stats => 1697997927930,166,4308,-82,0,100
10-22 20:05:27.933  9273  9310 D ScanRecord: Not a Multi Manu data
10-22 20:05:27.936  9273  9310 I chatty  : uid=1002(bluetooth) BT Service Call identical 20 lines
10-22 20:05:27.936  9273  9310 D ScanRecord: Not a Multi Manu data
10-22 20:05:27.943  8977  8977 D BoundBrokerSvc: onBind: Intent { act=com.google.android.gms.mdisync.service.START dat=chimera-action: cmp=com.google.android.gms/.chimera.GmsApiService }
10-22 20:05:27.944  8977  8977 D BoundBrokerSvc: Loading bound service for intent: Intent { act=com.google.android.gms.mdisync.service.START dat=chimera-action: cmp=com.google.android.gms/.chimera.GmsApiService }
10-22 20:05:27.947  8860  8860 D BoundBrokerSvc: onBind: Intent { act=com.google.android.gms.phenotype.service.START pkg=com.google.android.gms }
10-22 20:05:27.947  8860  8860 D BoundBrokerSvc: Loading bound service for intent: Intent { act=com.google.android.gms.phenotype.service.START pkg=com.google.android.gms }
10-22 20:05:27.959  9273  9310 D ScanRecord: Not a Multi Manu data
10-22 20:05:27.964  9273  9310 I chatty  : uid=1002(bluetooth) BT Service Call identical 20 lines
10-22 20:05:27.964  9273  9310 D ScanRecord: Not a Multi Manu data
10-22 20:05:27.976  8977  8977 D BoundBrokerSvc: onBind: Intent { act=com.google.android.mobstore.service.START pkg=com.google.android.gms }
10-22 20:05:27.976  8977  8977 D BoundBrokerSvc: Loading bound service for intent: Intent { act=com.google.android.mobstore.service.START pkg=com.google.android.gms }
10-22 20:05:27.989  9273  9310 D ScanRecord: Not a Multi Manu data
10-22 20:05:28.036  9273  9310 I chatty  : uid=1002(bluetooth) BT Service Call identical 108 lines
10-22 20:05:28.036  9273  9310 D ScanRecord: Not a Multi Manu data
10-22 20:05:28.039 30430 30741 I BatteryMgr:DataCollectionService: stats => 1697997928039,166,4308,-82,0,100
10-22 20:05:28.044  9273  9310 D ScanRecord: Not a Multi Manu data
10-22 20:05:28.061  9273  9310 I chatty  : uid=1002(bluetooth) BT Service Call identical 31 lines
10-22 20:05:28.061  9273  9310 D ScanRecord: Not a Multi Manu data
10-22 20:05:28.078  8977  8988 I MdiSyncModule: (REDACTED) Receiving API connection from package '%s'...
10-22 20:05:28.148 30430 30741 I BatteryMgr:DataCollectionService: stats => 1697997928148,166,4308,-82,0,100
10-22 20:05:28.154 30473 30473 I GeckoSession: handleMessage GeckoView:PageStop uri=null
10-22 20:05:28.156 30473 30516 I SessionStorage/AutoSave: Save: Load finished
10-22 20:05:28.177  8977  8988 I MdiSyncModule: API connection successful!
10-22 20:05:28.181  3957  3966 I zygote64: Background concurrent copying GC freed 180875(8MB) AllocSpace objects, 58(1244KB) LOS objects, 36% free, 42MB/66MB, paused 1.203ms total 229.496ms
10-22 20:05:28.254 30430 30741 I BatteryMgr:DataCollectionService: stats => 1697997928254,166,4308,-82,0,100
10-22 20:05:28.311  8778  9023 I A       : (REDACTED) GMSCore Auth returned %d accounts.
10-22 20:05:28.312  8778  9023 I A       : (REDACTED) GoogleOwnersProvider returned %d accounts.
10-22 20:05:28.360 30430 30741 I BatteryMgr:DataCollectionService: stats => 1697997928360,166,4308,-82,0,100
10-22 20:05:28.415  8778  8881 W zygote64: Skipping duplicate class check due to unrecognized classloader
10-22 20:05:28.421  8778  8881 I DynamiteModule: Considering local module com.google.android.gms.cronet_dynamite:0 and remote module com.google.android.gms.cronet_dynamite:2411
10-22 20:05:28.422  8778  8881 I DynamiteModule: Selected remote version of com.google.android.gms.cronet_dynamite, version >= 2411
10-22 20:05:28.422  8778  8881 V DynamiteModule: Dynamite loader version >= 2, using loadModule2NoCrashUtils
10-22 20:05:28.466 30430 30741 I BatteryMgr:DataCollectionService: stats => 1697997928466,166,4308,-82,0,100
10-22 20:05:28.483  3957  4129 D WifiStateMachine:  ConnectedState !RSSI_PKTCNT_FETCH uid=1000 rt=604335068/1660310540 0 0 "ourhome" f4:6d:2f:12:cc:88 rssi=-48 f=5240 sc=60 link=433 tx=180.1, 5.7, 0.0  rx=214.9 bcn=607960 [on:0 tx:0 rx:0 period:998] from screen [on:478589 period:2872151] score=60
10-22 20:05:28.485  3957  4129 D WifiStateMachine:  L2ConnectedState !RSSI_PKTCNT_FETCH uid=1000 rt=604335069/1660310542 0 0 "ourhome" f4:6d:2f:12:cc:88 rssi=-48 f=5240 sc=60 link=433 tx=180.1, 5.7, 0.0  rx=214.9 bcn=607960 [on:0 tx:0 rx:0 period:2] from screen [on:478589 period:2872153] score=60
10-22 20:05:28.486  3957  4129 D WifiStateMachine: fetchRssiLinkSpeedAndFrequencyNative rssi=-47 linkspeed=433 freq=5240
10-22 20:05:28.486  3957  4129 V WifiConfigManager: Updating scan detail cache freq=5240 BSSID=f4:6d:2f:12:cc:88 RSSI=-47 for "ourhome"WPA_PSK
10-22 20:05:28.530  8778  8881 W ResourceType: ResTable_typeSpec entry count inconsistent: given 88, previously 91
10-22 20:05:28.530  8778  8881 W ResourceType: ResTable_typeSpec entry count inconsistent: given 168, previously 172
10-22 20:05:28.536  8778  8881 W ResourceType: ResTable_typeSpec entry count inconsistent: given 3506, previously 3526
10-22 20:05:28.538  8778  8881 W ResourceType: ResTable_typeSpec entry count inconsistent: given 487, previously 4675
10-22 20:05:28.575 30430 30741 I BatteryMgr:DataCollectionService: stats => 1697997928575,166,4308,-82,0,100
10-22 20:05:28.585  8778  8881 W zygote64: Skipping duplicate class check due to unrecognized classloader
10-22 20:05:28.614  3957  5414 D ConnectivityService: filterNetworkStateForUid() uid: 10169 networkInfo: [type: WIFI[] - WIFI, state: CONNECTED/CONNECTED, reason: (unspecified), extra: "ourhome", failover: false, available: true, roaming: false, metered: false]
10-22 20:05:28.615  3957  5414 D WifiService: getConnectionInfo uid=1000
10-22 20:05:28.634  3957  5414 D ConnectivityService: filterNetworkStateForUid() uid: 10075 networkInfo: [type: WIFI[] - WIFI, state: CONNECTED/CONNECTED, reason: (unspecified), extra: "ourhome", failover: false, available: true, roaming: false, metered: false]
10-22 20:05:28.634  3957  5414 D WifiService: getConnectionInfo uid=1000
10-22 20:05:28.640  8778  8881 W linker  : "/data/user_de/0/com.google.android.gms/app_chimera/m/000000aa/n/arm64-v8a/libcronet.114.0.5735.33.so" unused DT entry: type 0x70000001 arg 0x0
10-22 20:05:28.645  8778 30929 D ConnectivityManager: requestNetwork; CallingUid : 10075, CallingPid : 8778
10-22 20:05:28.646  3957  5414 D ConnectivityService: listenForNetwork for uid/pid:10075/8778 NetworkRequest [ LISTEN id=2328, [ Capabilities: INTERNET&NOT_RESTRICTED&TRUSTED] ]
10-22 20:05:28.647  3957  4157 D ConnectivityService: rematching NetworkAgentInfo [WIFI () - 509]
10-22 20:05:28.647  3957  4157 D ConnectivityService:  network has: [ Transports: WIFI Capabilities: NOT_METERED&INTERNET&NOT_RESTRICTED&TRUSTED&NOT_VPN&VALIDATED&FOREGROUND LinkUpBandwidth>=1048576Kbps LinkDnBandwidth>=1048576Kbps SignalStrength: -43]
10-22 20:05:28.648  3957  4157 D ConnectivityService: Network NetworkAgentInfo [WIFI () - 509] was already satisfying request 2327. No change.
10-22 20:05:28.648  3957  4157 D ConnectivityService: Network NetworkAgentInfo [WIFI () - 509] was already satisfying request 1. No change.
10-22 20:05:28.648  3957  4157 D ConnectivityService: Network NetworkAgentInfo [WIFI () - 509] was already satisfying request 2251. No change.
10-22 20:05:28.648  3957  4157 D ConnectivityService: Network NetworkAgentInfo [WIFI () - 509] was already satisfying request 3. No change.
10-22 20:05:28.648  3957  4157 D ConnectivityService: sending notification AVAILABLE for NetworkRequest [ LISTEN id=2328, [ Capabilities: INTERNET&NOT_RESTRICTED&TRUSTED] ]
10-22 20:05:28.648  3957  4157 D ConnectivityService: sending notification CAP_CHANGED for NetworkRequest [ LISTEN id=2328, [ Capabilities: INTERNET&NOT_RESTRICTED&TRUSTED] ]
10-22 20:05:28.651  3957  5414 D ConnectivityService: filterNetworkStateForUid() uid: 10075 networkInfo: [type: WIFI[] - WIFI, state: CONNECTED/CONNECTED, reason: (unspecified), extra: "ourhome", failover: false, available: true, roaming: false, metered: false]
10-22 20:05:28.651  3957  4157 D ConnectivityService: sending notification IP_CHANGED for NetworkRequest [ LISTEN id=2328, [ Capabilities: INTERNET&NOT_RESTRICTED&TRUSTED] ]
10-22 20:05:28.651  3957  5414 D WifiService: getConnectionInfo uid=1000
10-22 20:05:28.681 30430 30741 I BatteryMgr:DataCollectionService: stats => 1697997928681,166,4308,-82,0,100
10-22 20:05:28.683  8778  8881 I cr_CronetLibraryLoader: Cronet version: 114.0.5735.33, arch: aarch64
10-22 20:05:28.686  3957  5414 D ConnectivityService: filterNetworkStateForUid() uid: 10075 networkInfo: [type: WIFI[] - WIFI, state: CONNECTED/CONNECTED, reason: (unspecified), extra: "ourhome", failover: false, available: true, roaming: false, metered: false]
10-22 20:05:28.686  3957  5414 D WifiService: getConnectionInfo uid=1000
10-22 20:05:28.695  3957  5414 I chatty  : uid=1000(system) Binder:3957_E identical 2 lines
10-22 20:05:28.695  3957  5414 I chatty  : uid=1000(system) Binder:3957_E identical 2 lines
10-22 20:05:28.698  3957  5414 D ConnectivityService: filterNetworkStateForUid() uid: 10075 networkInfo: [type: WIFI[] - WIFI, state: CONNECTED/CONNECTED, reason: (unspecified), extra: "ourhome", failover: false, available: true, roaming: false, metered: false]
10-22 20:05:28.698  3957  5414 D WifiService: getConnectionInfo uid=1000
10-22 20:05:28.712  3957  5414 D ActivityManager: The following uid has registered to recieve broadcast for proxy related updates 10075
10-22 20:05:28.717  3957  5414 W ContextImpl: Calling a method in the system process without a qualified user: android.app.ContextImpl.sendBroadcast:971 com.android.server.am.ActivityManagerService.requestKnoxVpnToSendProxyBroadcast:29420 com.android.server.am.ActivityManagerService.registerReceiver:23161 android.app.IActivityManager$Stub.onTransact:176 com.android.server.am.ActivityManagerService.onTransact:3861 
10-22 20:05:28.718  3957  3957 D KnoxVpnEngineService: Vpn Receiver : com.samsung.android.knox.intent.action.VPN_PROXY_BROADCAST_INTERNAL
10-22 20:05:28.719  3957  4108 I KnoxVpnEngineService: vpn handle : Message received
10-22 20:05:28.725  3957  5414 D ConnectivityService: filterNetworkStateForUid() uid: 10169 networkInfo: [type: WIFI[] - WIFI, state: CONNECTED/CONNECTED, reason: (unspecified), extra: "ourhome", failover: false, available: true, roaming: false, metered: false]
10-22 20:05:28.725  3957  5414 D WifiService: getConnectionInfo uid=1000
10-22 20:05:28.729  3957  5414 D ConnectivityService: filterNetworkStateForUid() uid: 10169 networkInfo: [type: WIFI[] - WIFI, state: CONNECTED/CONNECTED, reason: (unspecified), extra: "ourhome", failover: false, available: true, roaming: false, metered: false]
10-22 20:05:28.730  3957  5414 D WifiService: getConnectionInfo uid=1000
10-22 20:05:28.791 30430 30741 I BatteryMgr:DataCollectionService: stats => 1697997928790,166,4308,-82,0,100
10-22 20:05:28.903 30430 30741 I BatteryMgr:DataCollectionService: stats => 1697997928903,166,4308,-82,0,100
10-22 20:05:28.919  3957  4128 D WifiService: getConnectionInfo uid=1000
10-22 20:05:28.973  3957  4129 D WifiStateMachine:  ConnectedState !CMD_RSSI_POLL rt=604335557/1660311030 122 0 "ourhome" f4:6d:2f:12:cc:88 rssi=-47 f=5240 sc=60 link=433 tx=180.1, 5.7, 0.0  rx=214.9 bcn=607960 [on:0 tx:0 rx:0 period:487] from screen [on:478589 period:2872640] score=60
10-22 20:05:28.974  3957  4129 D WifiStateMachine:  L2ConnectedState !CMD_RSSI_POLL rt=604335558/1660311031 122 0 "ourhome" f4:6d:2f:12:cc:88 rssi=-47 f=5240 sc=60 link=433 tx=180.1, 5.7, 0.0  rx=214.9 bcn=607960 [on:0 tx:0 rx:0 period:2] from screen [on:478589 period:2872642] score=60
10-22 20:05:28.974  3957  4129 D WifiStateMachine:  get link layer stats 3
10-22 20:05:28.974  3436  3436 I android.hardware.wifi@1.0-service: getLinkLayerStats
10-22 20:05:28.978  8778  8882 I WM-WorkerWrapper: Worker result SUCCESS for Work [ id=e8e2716d-f4bf-4436-aa2f-4ff4e0079426, tags={ com.google.apps.tiktok.contrib.work.TikTokListenableWorker, TikTokWorker#com.google.android.libraries.search.suggest.sources.completeserver.CompleteServerZeroPrefixWorker, tiktok_account_work, account_id_6 } ]
10-22 20:05:28.978  3957  4129 D WifiStateMachine: fetchRssiLinkSpeedAndFrequencyNative rssi=-48 linkspeed=433 freq=5240
10-22 20:05:28.978  3957  4129 V WifiConfigManager: Updating scan detail cache freq=5240 BSSID=f4:6d:2f:12:cc:88 RSSI=-47 for "ourhome"WPA_PSK
10-22 20:05:28.981  4340  4340 E SignalClusterView: setSlotFocusVisible : subId -2
10-22 20:05:28.981  4340  4340 E SignalClusterView: setSlotFocusVisible : subId -2
10-22 20:05:29.014 30430 30741 I BatteryMgr:DataCollectionService: stats => 1697997929014,166,4308,-82,0,100
10-22 20:05:29.122 30430 30741 I BatteryMgr:DataCollectionService: stats => 1697997929121,166,4308,-82,0,100
10-22 20:05:29.227 30430 30741 I BatteryMgr:DataCollectionService: stats => 1697997929227,166,4308,-82,0,100
10-22 20:05:29.334 30430 30741 I BatteryMgr:DataCollectionService: stats => 1697997929334,166,4308,-82,0,100
10-22 20:05:29.442 30430 30741 I BatteryMgr:DataCollectionService: stats => 1697997929442,166,4308,-82,0,100
10-22 20:05:29.485  3957  4129 D WifiStateMachine:  ConnectedState !RSSI_PKTCNT_FETCH uid=1000 rt=604336069/1660311542 0 0 "ourhome" f4:6d:2f:12:cc:88 rssi=-48 f=5240 sc=60 link=433 tx=539.9, 13.5, 0.0  rx=882.0 bcn=607990 [on:0 tx:0 rx:0 period:505] from screen [on:481582 period:2873153] score=60
10-22 20:05:29.486  3957  4129 D WifiStateMachine:  L2ConnectedState !RSSI_PKTCNT_FETCH uid=1000 rt=604336071/1660311543 0 0 "ourhome" f4:6d:2f:12:cc:88 rssi=-48 f=5240 sc=60 link=433 tx=539.9, 13.5, 0.0  rx=882.0 bcn=607990 [on:0 tx:0 rx:0 period:1] from screen [on:481582 period:2873154] score=60
10-22 20:05:29.487  3957  4129 D WifiStateMachine: fetchRssiLinkSpeedAndFrequencyNative rssi=-46 linkspeed=433 freq=5240
10-22 20:05:29.487  3957  4129 V WifiConfigManager: Updating scan detail cache freq=5240 BSSID=f4:6d:2f:12:cc:88 RSSI=-46 for "ourhome"WPA_PSK
10-22 20:05:29.550 30430 30741 I BatteryMgr:DataCollectionService: stats => 1697997929550,166,4308,-82,0,100
10-22 20:05:29.657 30430 30741 I BatteryMgr:DataCollectionService: stats => 1697997929656,166,4308,-82,0,100
10-22 20:05:29.765 30430 30741 I BatteryMgr:DataCollectionService: stats => 1697997929765,166,4308,-82,0,100
10-22 20:05:29.837  3957  6478 D SSRM:k  : SIOP:: AP = 410, PST = 360 (W:10), BAT = 328, USB = 0, CHG = 0
10-22 20:05:29.873 30430 30741 I BatteryMgr:DataCollectionService: stats => 1697997929872,166,4308,-82,0,100
10-22 20:05:29.921  3957  4128 D WifiService: getConnectionInfo uid=1000
10-22 20:05:29.981 30430 30741 I BatteryMgr:DataCollectionService: stats => 1697997929980,166,4308,-82,0,100
10-22 20:05:30.088 30430 30741 I BatteryMgr:DataCollectionService: stats => 1697997930088,166,4308,-82,0,100
10-22 20:05:30.195 30430 30741 I BatteryMgr:DataCollectionService: stats => 1697997930195,166,4308,-82,0,100
10-22 20:05:30.302 30430 30741 I BatteryMgr:DataCollectionService: stats => 1697997930302,166,4308,-82,0,100
10-22 20:05:30.411 30430 30741 I BatteryMgr:DataCollectionService: stats => 1697997930410,166,4308,-82,0,100
10-22 20:05:30.487  3957  4129 D WifiStateMachine:  ConnectedState !RSSI_PKTCNT_FETCH uid=1000 rt=604337071/1660312543 0 0 "ourhome" f4:6d:2f:12:cc:88 rssi=-46 f=5240 sc=60 link=433 tx=539.9, 13.5, 0.0  rx=882.0 bcn=607990 [on:0 tx:0 rx:0 period:1001] from screen [on:481582 period:2874155] score=60
10-22 20:05:30.488  3957  4129 D WifiStateMachine:  L2ConnectedState !RSSI_PKTCNT_FETCH uid=1000 rt=604337073/1660312545 0 0 "ourhome" f4:6d:2f:12:cc:88 rssi=-46 f=5240 sc=60 link=433 tx=539.9, 13.5, 0.0  rx=882.0 bcn=607990 [on:0 tx:0 rx:0 period:1] from screen [on:481582 period:2874156] score=60
10-22 20:05:30.494  3957  4129 D WifiStateMachine: fetchRssiLinkSpeedAndFrequencyNative rssi=-45 linkspeed=433 freq=5240
10-22 20:05:30.494  3957  4129 V WifiConfigManager: Updating scan detail cache freq=5240 BSSID=f4:6d:2f:12:cc:88 RSSI=-45 for "ourhome"WPA_PSK
10-22 20:05:30.520 30430 30741 I BatteryMgr:DataCollectionService: stats => 1697997930520,166,4308,-82,0,100
10-22 20:05:30.549  4961  4961 D io_stats: !@ 179,0 r 10160974 333515072 w 2167054 42402108 d 174741 37305948 f 641003 666529 iot 4648600 4005777 th 51200 0 0 pt 0 inp 0 0 604337.133
10-22 20:05:30.627 30430 30741 I BatteryMgr:DataCollectionService: stats => 1697997930627,166,4308,-82,0,100
10-22 20:05:30.733 30430 30741 I BatteryMgr:DataCollectionService: stats => 1697997930733,166,4308,-82,0,100
10-22 20:05:30.840 30430 30741 I BatteryMgr:DataCollectionService: stats => 1697997930839,166,4308,-82,0,100
10-22 20:05:30.923  3957  4128 D WifiService: getConnectionInfo uid=1000
10-22 20:05:30.952 30430 30741 I BatteryMgr:DataCollectionService: stats => 1697997930952,166,4308,-82,0,100
10-22 20:05:31.065 30430 30741 I BatteryMgr:DataCollectionService: stats => 1697997931065,166,4308,-82,0,100
10-22 20:05:31.179 30430 30741 I BatteryMgr:DataCollectionService: stats => 1697997931178,166,4308,-82,0,100
10-22 20:05:31.288 30430 30741 I BatteryMgr:DataCollectionService: stats => 1697997931288,166,4308,-82,0,100
10-22 20:05:31.400 30430 30741 I BatteryMgr:DataCollectionService: stats => 1697997931400,166,4308,-82,0,100
10-22 20:05:31.488  3957  4129 D WifiStateMachine:  ConnectedState !RSSI_PKTCNT_FETCH uid=1000 rt=604338071/1660313544 0 0 "ourhome" f4:6d:2f:12:cc:88 rssi=-45 f=5240 sc=60 link=433 tx=539.9, 13.5, 0.0  rx=882.0 bcn=607990 [on:0 tx:0 rx:0 period:999] from screen [on:481582 period:2875155] score=60
10-22 20:05:31.490  3957  4129 D WifiStateMachine:  L2ConnectedState !RSSI_PKTCNT_FETCH uid=1000 rt=604338074/1660313546 0 0 "ourhome" f4:6d:2f:12:cc:88 rssi=-45 f=5240 sc=60 link=433 tx=539.9, 13.5, 0.0  rx=882.0 bcn=607990 [on:0 tx:0 rx:0 period:3] from screen [on:481582 period:2875158] score=60
10-22 20:05:31.492  3957  4129 D WifiStateMachine: fetchRssiLinkSpeedAndFrequencyNative rssi=-45 linkspeed=433 freq=5240
10-22 20:05:31.492  3957  4129 V WifiConfigManager: Updating scan detail cache freq=5240 BSSID=f4:6d:2f:12:cc:88 RSSI=-45 for "ourhome"WPA_PSK
10-22 20:05:31.513 30430 30741 I BatteryMgr:DataCollectionService: stats => 1697997931513,166,4308,-82,0,100
10-22 20:05:31.626 30430 30741 I BatteryMgr:DataCollectionService: stats => 1697997931625,166,4308,-82,0,100
10-22 20:05:31.734 30430 30741 I BatteryMgr:DataCollectionService: stats => 1697997931734,166,4308,-82,0,100
10-22 20:05:31.846 30430 30741 I BatteryMgr:DataCollectionService: stats => 1697997931846,166,4308,-82,0,100
10-22 20:05:31.925  3957  4128 D WifiService: getConnectionInfo uid=1000
10-22 20:05:31.955 30430 30741 I BatteryMgr:DataCollectionService: stats => 1697997931955,166,4308,-82,0,100
10-22 20:05:31.980  3957  4129 D WifiStateMachine:  ConnectedState !CMD_RSSI_POLL rt=604338565/1660314037 122 0 "ourhome" f4:6d:2f:12:cc:88 rssi=-45 f=5240 sc=60 link=433 tx=539.9, 13.5, 0.0  rx=882.0 bcn=607990 [on:0 tx:0 rx:0 period:490] from screen [on:481582 period:2875648] score=60
10-22 20:05:31.982  3957  4129 D WifiStateMachine:  L2ConnectedState !CMD_RSSI_POLL rt=604338566/1660314039 122 0 "ourhome" f4:6d:2f:12:cc:88 rssi=-45 f=5240 sc=60 link=433 tx=539.9, 13.5, 0.0  rx=882.0 bcn=607990 [on:0 tx:0 rx:0 period:1] from screen [on:481582 period:2875649] score=60
10-22 20:05:31.982  3957  4129 D WifiStateMachine:  get link layer stats 3
10-22 20:05:31.983  3436  3436 I android.hardware.wifi@1.0-service: getLinkLayerStats
10-22 20:05:31.986  3957  4129 D WifiStateMachine: fetchRssiLinkSpeedAndFrequencyNative rssi=-45 linkspeed=433 freq=5240
10-22 20:05:31.987  3957  4129 V WifiConfigManager: Updating scan detail cache freq=5240 BSSID=f4:6d:2f:12:cc:88 RSSI=-45 for "ourhome"WPA_PSK
10-22 20:05:31.991  4340  4340 E SignalClusterView: setSlotFocusVisible : subId -2
10-22 20:05:31.992  4340  4340 E SignalClusterView: setSlotFocusVisible : subId -2
10-22 20:05:32.065 30430 30741 I BatteryMgr:DataCollectionService: stats => 1697997932065,166,4308,-82,0,100
10-22 20:05:32.172 30430 30741 I BatteryMgr:DataCollectionService: stats => 1697997932172,166,4308,-82,0,100
10-22 20:05:32.265  3957  4030 D SensorService: [SO] 0.211 -0.086 9.965
10-22 20:05:32.281 30430 30741 I BatteryMgr:DataCollectionService: stats => 1697997932281,166,4308,-82,0,100
10-22 20:05:32.389 30430 30741 I BatteryMgr:DataCollectionService: stats => 1697997932388,166,4308,-82,0,100
10-22 20:05:32.487  3957  4129 D WifiStateMachine:  ConnectedState !RSSI_PKTCNT_FETCH uid=1000 rt=604339072/1660314545 0 0 "ourhome" f4:6d:2f:12:cc:88 rssi=-45 f=5240 sc=60 link=433 tx=203.8, 4.9, 0.0  rx=331.8 bcn=608019 [on:0 tx:0 rx:0 period:498] from screen [on:483319 period:2876155] score=60
10-22 20:05:32.488  3957  4129 D WifiStateMachine:  L2ConnectedState !RSSI_PKTCNT_FETCH uid=1000 rt=604339073/1660314546 0 0 "ourhome" f4:6d:2f:12:cc:88 rssi=-45 f=5240 sc=60 link=433 tx=203.8, 4.9, 0.0  rx=331.8 bcn=608019 [on:0 tx:0 rx:0 period:1] from screen [on:483319 period:2876156] score=60
10-22 20:05:32.495  3957  4129 D WifiStateMachine: fetchRssiLinkSpeedAndFrequencyNative rssi=-44 linkspeed=433 freq=5240
10-22 20:05:32.495  3957  4129 V WifiConfigManager: Updating scan detail cache freq=5240 BSSID=f4:6d:2f:12:cc:88 RSSI=-44 for "ourhome"WPA_PSK
10-22 20:05:32.496 30430 30741 I BatteryMgr:DataCollectionService: stats => 1697997932496,166,4308,-82,0,100
10-22 20:05:32.580  9273  9310 D ScanRecord: Not a Multi Manu data
10-22 20:05:32.604  9273  9310 I chatty  : uid=1002(bluetooth) BT Service Call identical 31 lines
10-22 20:05:32.604  9273  9310 D ScanRecord: Not a Multi Manu data
10-22 20:05:32.607 30430 30741 I BatteryMgr:DataCollectionService: stats => 1697997932607,166,4308,-82,0,100
10-22 20:05:32.610  9273  9310 D ScanRecord: Not a Multi Manu data
10-22 20:05:32.695  9273  9310 I chatty  : uid=1002(bluetooth) BT Service Call identical 141 lines
10-22 20:05:32.695  9273  9310 D ScanRecord: Not a Multi Manu data
10-22 20:05:32.713  9273  9310 D ScanRecord: Not a Multi Manu data
10-22 20:05:32.713 30430 30741 I BatteryMgr:DataCollectionService: stats => 1697997932713,166,4308,-82,0,100
10-22 20:05:32.821  9273  9310 I chatty  : uid=1002(bluetooth) BT Service Call expire 130 lines
10-22 20:05:32.821  9273  9310 D ScanRecord: Not a Multi Manu data
10-22 20:05:32.825 30430 30741 I BatteryMgr:DataCollectionService: stats => 1697997932824,166,4308,-82,0,100
10-22 20:05:32.834  9273  9310 D ScanRecord: Not a Multi Manu data
10-22 20:05:32.927  9273  9310 I chatty  : uid=1002(bluetooth) BT Service Call identical 128 lines
10-22 20:05:32.927  9273  9310 D ScanRecord: Not a Multi Manu data
10-22 20:05:32.927  9273  9310 D ScanRecord: Not a Multi Manu data
10-22 20:05:32.928  3957  4128 D WifiService: getConnectionInfo uid=1000
10-22 20:05:32.934  9273  9310 I chatty  : uid=1002(bluetooth) BT Service Call expire 33 lines
10-22 20:05:32.934  9273  9310 D ScanRecord: Not a Multi Manu data
10-22 20:05:32.936 30430 30741 I BatteryMgr:DataCollectionService: stats => 1697997932936,166,4308,-82,0,100
10-22 20:05:32.944  9273  9310 D ScanRecord: Not a Multi Manu data
10-22 20:05:33.043  9273  9310 I chatty  : uid=1002(bluetooth) BT Service Call identical 174 lines
10-22 20:05:33.043  9273  9310 D ScanRecord: Not a Multi Manu data
10-22 20:05:33.043 30430 30741 I BatteryMgr:DataCollectionService: stats => 1697997933043,166,4308,-82,0,100
10-22 20:05:33.044  9273  9310 D ScanRecord: Not a Multi Manu data
10-22 20:05:33.061  9273  9310 I chatty  : uid=1002(bluetooth) BT Service Call identical 42 lines
10-22 20:05:33.062  9273  9310 D ScanRecord: Not a Multi Manu data
10-22 20:05:33.156 30430 30741 I BatteryMgr:DataCollectionService: stats => 1697997933156,166,4308,-82,0,100
10-22 20:05:33.268 30430 30741 I BatteryMgr:DataCollectionService: stats => 1697997933268,166,4308,-82,0,100
10-22 20:05:33.382 30430 30741 I BatteryMgr:DataCollectionService: stats => 1697997933382,166,4308,-82,0,100
10-22 20:05:33.488  3957  4129 D WifiStateMachine:  ConnectedState !RSSI_PKTCNT_FETCH uid=1000 rt=604340073/1660315546 0 0 "ourhome" f4:6d:2f:12:cc:88 rssi=-44 f=5240 sc=60 link=433 tx=203.8, 4.9, 0.0  rx=331.8 bcn=608019 [on:0 tx:0 rx:0 period:1000] from screen [on:483319 period:2877156] score=60
10-22 20:05:33.490  3957  4129 D WifiStateMachine:  L2ConnectedState !RSSI_PKTCNT_FETCH uid=1000 rt=604340074/1660315547 0 0 "ourhome" f4:6d:2f:12:cc:88 rssi=-44 f=5240 sc=60 link=433 tx=203.8, 4.9, 0.0  rx=331.8 bcn=608019 [on:0 tx:0 rx:0 period:2] from screen [on:483319 period:2877158] score=60
10-22 20:05:33.491  3957  4129 D WifiStateMachine: fetchRssiLinkSpeedAndFrequencyNative rssi=-44 linkspeed=433 freq=5240
10-22 20:05:33.491  3957  4129 V WifiConfigManager: Updating scan detail cache freq=5240 BSSID=f4:6d:2f:12:cc:88 RSSI=-44 for "ourhome"WPA_PSK
10-22 20:05:33.492 30430 30741 I BatteryMgr:DataCollectionService: stats => 1697997933492,166,4308,-82,0,100
10-22 20:05:33.598 30430 30741 I BatteryMgr:DataCollectionService: stats => 1697997933598,166,4308,-82,0,100
10-22 20:05:33.705 30430 30741 I BatteryMgr:DataCollectionService: stats => 1697997933705,166,4308,-82,0,100
10-22 20:05:33.813 30430 30741 I BatteryMgr:DataCollectionService: stats => 1697997933813,166,4308,-82,0,100
10-22 20:05:33.923 30430 30741 I BatteryMgr:DataCollectionService: stats => 1697997933923,166,4308,-82,0,100
10-22 20:05:33.927  4340  4731 D NetworkController.MobileSignalController(0/-2): onSignalStrengthsChanged signalStrength=SignalStrength: 22 99 -22 -200 -22 -200 -1 99 2147483647 2147483647 2147483647 2147483647 0 2147483647 0x4 P gsm|lte level=4
10-22 20:05:33.927  4340  4731 D NetworkController.MobileSignalController(0/-2): getMobileIconGroup(): 0
10-22 20:05:33.930  3957  4128 D WifiService: getConnectionInfo uid=1000
10-22 20:05:34.030 30430 30741 I BatteryMgr:DataCollectionService: stats => 1697997934030,166,4308,-82,0,100
10-22 20:05:34.138 30430 30741 I BatteryMgr:DataCollectionService: stats => 1697997934138,166,4308,-82,0,100
10-22 20:05:34.245 30430 30741 I BatteryMgr:DataCollectionService: stats => 1697997934245,166,4308,-82,0,100
10-22 20:05:34.352 30430 30741 I BatteryMgr:DataCollectionService: stats => 1697997934352,166,4308,-82,0,100
10-22 20:05:34.459 30430 30741 I BatteryMgr:DataCollectionService: stats => 1697997934458,166,4308,-82,0,100
10-22 20:05:34.490  3957  4129 D WifiStateMachine:  ConnectedState !RSSI_PKTCNT_FETCH uid=1000 rt=604341075/1660316547 0 0 "ourhome" f4:6d:2f:12:cc:88 rssi=-44 f=5240 sc=60 link=433 tx=203.8, 4.9, 0.0  rx=331.8 bcn=608019 [on:0 tx:0 rx:0 period:1000] from screen [on:483319 period:2878158] score=60
10-22 20:05:34.492  3957  4129 D WifiStateMachine:  L2ConnectedState !RSSI_PKTCNT_FETCH uid=1000 rt=604341076/1660316549 0 0 "ourhome" f4:6d:2f:12:cc:88 rssi=-44 f=5240 sc=60 link=433 tx=203.8, 4.9, 0.0  rx=331.8 bcn=608019 [on:0 tx:0 rx:0 period:2] from screen [on:483319 period:2878160] score=60
10-22 20:05:34.497  3957  4129 D WifiStateMachine: fetchRssiLinkSpeedAndFrequencyNative rssi=-44 linkspeed=433 freq=5240
10-22 20:05:34.498  3957  4129 V WifiConfigManager: Updating scan detail cache freq=5240 BSSID=f4:6d:2f:12:cc:88 RSSI=-44 for "ourhome"WPA_PSK
10-22 20:05:34.566 30430 30741 I BatteryMgr:DataCollectionService: stats => 1697997934565,166,4308,-82,0,100
10-22 20:05:34.674 30430 30741 I BatteryMgr:DataCollectionService: stats => 1697997934674,166,4308,-82,0,100
10-22 20:05:34.782 30430 30741 I BatteryMgr:DataCollectionService: stats => 1697997934782,166,4308,-82,0,100
10-22 20:05:34.890 30430 30741 I BatteryMgr:DataCollectionService: stats => 1697997934889,166,4308,-82,0,100
10-22 20:05:34.933  3957  4128 D WifiService: getConnectionInfo uid=1000
10-22 20:05:34.990  3957  4129 D WifiStateMachine:  ConnectedState !CMD_RSSI_POLL rt=604341574/1660317046 122 0 "ourhome" f4:6d:2f:12:cc:88 rssi=-44 f=5240 sc=60 link=433 tx=203.8, 4.9, 0.0  rx=331.8 bcn=608019 [on:0 tx:0 rx:0 period:497] from screen [on:483319 period:2878657] score=60
10-22 20:05:34.991  3957  4129 D WifiStateMachine:  L2ConnectedState !CMD_RSSI_POLL rt=604341575/1660317048 122 0 "ourhome" f4:6d:2f:12:cc:88 rssi=-44 f=5240 sc=60 link=433 tx=203.8, 4.9, 0.0  rx=331.8 bcn=608019 [on:0 tx:0 rx:0 period:2] from screen [on:483319 period:2878659] score=60
10-22 20:05:34.991  3957  4129 D WifiStateMachine:  get link layer stats 3
10-22 20:05:34.991  3436  3436 I android.hardware.wifi@1.0-service: getLinkLayerStats
10-22 20:05:34.997 30430 30741 I BatteryMgr:DataCollectionService: stats => 1697997934997,166,4308,-82,0,100
10-22 20:05:35.009  3957  4129 D WifiStateMachine: fetchRssiLinkSpeedAndFrequencyNative rssi=-45 linkspeed=433 freq=5240
10-22 20:05:35.009  3957  4129 V WifiConfigManager: Updating scan detail cache freq=5240 BSSID=f4:6d:2f:12:cc:88 RSSI=-44 for "ourhome"WPA_PSK
10-22 20:05:35.012  4340  4340 E SignalClusterView: setSlotFocusVisible : subId -2
10-22 20:05:35.012  4340  4340 E SignalClusterView: setSlotFocusVisible : subId -2
10-22 20:05:35.105 30430 30741 I BatteryMgr:DataCollectionService: stats => 1697997935105,166,4308,-82,0,100
10-22 20:05:35.179  3957 12585 D ConnectivityService: filterNetworkStateForUid() uid: 10169 networkInfo: [type: WIFI[] - WIFI, state: CONNECTED/CONNECTED, reason: (unspecified), extra: "ourhome", failover: false, available: true, roaming: false, metered: false]
10-22 20:05:35.179  3957 12585 D WifiService: getConnectionInfo uid=1000
10-22 20:05:35.215 30430 30741 I BatteryMgr:DataCollectionService: stats => 1697997935215,166,4308,-82,0,100
10-22 20:05:35.248  3957 12585 D ConnectivityService: filterNetworkStateForUid() uid: 10169 networkInfo: [type: WIFI[] - WIFI, state: CONNECTED/CONNECTED, reason: (unspecified), extra: "ourhome", failover: false, available: true, roaming: false, metered: false]
10-22 20:05:35.248  3957 12585 D WifiService: getConnectionInfo uid=1000
10-22 20:05:35.325 30430 30741 I BatteryMgr:DataCollectionService: stats => 1697997935325,166,4308,-82,0,100
10-22 20:05:35.434 30430 30741 I BatteryMgr:DataCollectionService: stats => 1697997935434,-294,4308,-126,0,100
10-22 20:05:35.492  3957  4129 D WifiStateMachine:  ConnectedState !RSSI_PKTCNT_FETCH uid=1000 rt=604342076/1660317548 0 0 "ourhome" f4:6d:2f:12:cc:88 rssi=-45 f=5240 sc=60 link=433 tx=75.1, 1.8, 0.0  rx=123.2 bcn=608049 [on:0 tx:0 rx:0 period:481] from screen [on:484122 period:2879160] score=60
10-22 20:05:35.493  3957  4129 D WifiStateMachine:  L2ConnectedState !RSSI_PKTCNT_FETCH uid=1000 rt=604342078/1660317550 0 0 "ourhome" f4:6d:2f:12:cc:88 rssi=-45 f=5240 sc=60 link=433 tx=75.1, 1.8, 0.0  rx=123.2 bcn=608049 [on:0 tx:0 rx:0 period:1] from screen [on:484122 period:2879161] score=60
10-22 20:05:35.495  3957  4129 D WifiStateMachine: fetchRssiLinkSpeedAndFrequencyNative rssi=-47 linkspeed=433 freq=5240
10-22 20:05:35.496  3957  4129 V WifiConfigManager: Updating scan detail cache freq=5240 BSSID=f4:6d:2f:12:cc:88 RSSI=-45 for "ourhome"WPA_PSK
10-22 20:05:35.542 30430 30741 I BatteryMgr:DataCollectionService: stats => 1697997935542,-294,4308,-126,0,100
10-22 20:05:35.552  4961  4961 D io_stats: !@ 179,0 r 10161364 333536536 w 2167148 42404292 d 174755 37306804 f 641004 666532 iot 4648868 4005994 th 51200 0 0 pt 0 inp 0 0 604342.137
10-22 20:05:35.650 30430 30741 I BatteryMgr:DataCollectionService: stats => 1697997935650,-294,4308,-126,0,100
10-22 20:05:35.759 30430 30741 I BatteryMgr:DataCollectionService: stats => 1697997935759,-294,4308,-126,0,100
10-22 20:05:35.809  3957 12585 D ConnectivityService: filterNetworkStateForUid() uid: 10169 networkInfo: [type: WIFI[] - WIFI, state: CONNECTED/CONNECTED, reason: (unspecified), extra: "ourhome", failover: false, available: true, roaming: false, metered: false]
10-22 20:05:35.809  3957 12585 D WifiService: getConnectionInfo uid=1000
10-22 20:05:35.817  3957 12585 I chatty  : uid=1000(system) Binder:3957_1B identical 1 line
10-22 20:05:35.817  3957 12585 I chatty  : uid=1000(system) Binder:3957_1B identical 1 line
10-22 20:05:35.847  3957 12585 D ConnectivityService: filterNetworkStateForUid() uid: 10169 networkInfo: [type: WIFI[] - WIFI, state: CONNECTED/CONNECTED, reason: (unspecified), extra: "ourhome", failover: false, available: true, roaming: false, metered: false]
10-22 20:05:35.847  3957 12585 D WifiService: getConnectionInfo uid=1000
10-22 20:05:35.866 30430 30741 I BatteryMgr:DataCollectionService: stats => 1697997935866,-294,4308,-126,0,100
10-22 20:05:35.902  3957 12585 D BatteryService: !@BatteryListener : batteryPropertiesChanged!
10-22 20:05:35.935  3957  4128 D WifiService: getConnectionInfo uid=1000
10-22 20:05:35.971 30430 30741 I BatteryMgr:DataCollectionService: stats => 1697997935971,-294,4308,-126,0,100
10-22 20:05:36.078 30430 30741 I BatteryMgr:DataCollectionService: stats => 1697997936078,-294,4308,-126,0,100
10-22 20:05:36.184 30430 30741 I BatteryMgr:DataCollectionService: stats => 1697997936184,-294,4308,-126,0,100
10-22 20:05:36.290 30430 30741 I BatteryMgr:DataCollectionService: stats => 1697997936290,-294,4308,-126,0,100
10-22 20:05:36.397 30430 30741 I BatteryMgr:DataCollectionService: stats => 1697997936397,-294,4308,-126,0,100
10-22 20:05:36.492  3957  4129 D WifiStateMachine:  ConnectedState !RSSI_PKTCNT_FETCH uid=1000 rt=604343076/1660318549 0 0 "ourhome" f4:6d:2f:12:cc:88 rssi=-47 f=5240 sc=60 link=433 tx=75.1, 1.8, 0.0  rx=123.2 bcn=608049 [on:0 tx:0 rx:0 period:999] from screen [on:484122 period:2880160] score=60
10-22 20:05:36.493  3957  4129 D WifiStateMachine:  L2ConnectedState !RSSI_PKTCNT_FETCH uid=1000 rt=604343078/1660318550 0 0 "ourhome" f4:6d:2f:12:cc:88 rssi=-47 f=5240 sc=60 link=433 tx=75.1, 1.8, 0.0  rx=123.2 bcn=608049 [on:0 tx:0 rx:0 period:1] from screen [on:484122 period:2880161] score=60
10-22 20:05:36.495  3957  4129 D WifiStateMachine: fetchRssiLinkSpeedAndFrequencyNative rssi=-48 linkspeed=433 freq=5240
10-22 20:05:36.495  3957  4129 V WifiConfigManager: Updating scan detail cache freq=5240 BSSID=f4:6d:2f:12:cc:88 RSSI=-46 for "ourhome"WPA_PSK
10-22 20:05:36.504 30430 30741 I BatteryMgr:DataCollectionService: stats => 1697997936504,-294,4308,-126,0,100
10-22 20:05:36.610 30430 30741 I BatteryMgr:DataCollectionService: stats => 1697997936610,-294,4308,-126,0,100
10-22 20:05:36.716 30430 30741 I BatteryMgr:DataCollectionService: stats => 1697997936716,-294,4308,-126,0,100
10-22 20:05:36.827 30430 30741 I BatteryMgr:DataCollectionService: stats => 1697997936827,-294,4308,-126,0,100
10-22 20:05:36.935 30430 30741 I BatteryMgr:DataCollectionService: stats => 1697997936935,-294,4308,-126,0,100
10-22 20:05:36.937  3957  4128 D WifiService: getConnectionInfo uid=1000
10-22 20:05:37.042 30430 30741 I BatteryMgr:DataCollectionService: stats => 1697997937042,-294,4308,-126,0,100
10-22 20:05:37.157 30430 30741 I BatteryMgr:DataCollectionService: stats => 1697997937156,-294,4308,-126,0,100
10-22 20:05:37.264 30430 30741 I BatteryMgr:DataCollectionService: stats => 1697997937264,-294,4308,-126,0,100
10-22 20:05:37.370 30430 30741 I BatteryMgr:DataCollectionService: stats => 1697997937369,-294,4308,-126,0,100
10-22 20:05:37.475 30430 30741 I BatteryMgr:DataCollectionService: stats => 1697997937475,-294,4308,-126,0,100
10-22 20:05:37.494  3957  4129 D WifiStateMachine:  ConnectedState !RSSI_PKTCNT_FETCH uid=1000 rt=604344078/1660319551 0 0 "ourhome" f4:6d:2f:12:cc:88 rssi=-48 f=5240 sc=60 link=433 tx=75.1, 1.8, 0.0  rx=123.2 bcn=608049 [on:0 tx:0 rx:0 period:1001] from screen [on:484122 period:2881162] score=60
10-22 20:05:37.496  3957  4129 D WifiStateMachine:  L2ConnectedState !RSSI_PKTCNT_FETCH uid=1000 rt=604344080/1660319553 0 0 "ourhome" f4:6d:2f:12:cc:88 rssi=-48 f=5240 sc=60 link=433 tx=75.1, 1.8, 0.0  rx=123.2 bcn=608049 [on:0 tx:0 rx:0 period:2] from screen [on:484122 period:2881164] score=60
10-22 20:05:37.501  3957  4129 D WifiStateMachine: fetchRssiLinkSpeedAndFrequencyNative rssi=-45 linkspeed=433 freq=5240
10-22 20:05:37.502  3957  4129 V WifiConfigManager: Updating scan detail cache freq=5240 BSSID=f4:6d:2f:12:cc:88 RSSI=-45 for "ourhome"WPA_PSK
10-22 20:05:37.582  9273  9310 D ScanRecord: Not a Multi Manu data
10-22 20:05:37.586  9273  9310 I chatty  : uid=1002(bluetooth) BT Service Call identical 20 lines
10-22 20:05:37.586  9273  9310 D ScanRecord: Not a Multi Manu data
10-22 20:05:37.588 30430 30741 I BatteryMgr:DataCollectionService: stats => 1697997937588,-294,4308,-126,0,100
10-22 20:05:37.592  9273  9310 D ScanRecord: Not a Multi Manu data
10-22 20:05:37.689  9273  9310 I chatty  : uid=1002(bluetooth) BT Service Call identical 97 lines
10-22 20:05:37.689  9273  9310 D ScanRecord: Not a Multi Manu data
10-22 20:05:37.696 30430 30741 I BatteryMgr:DataCollectionService: stats => 1697997937696,-294,4308,-126,0,100
10-22 20:05:37.706  9273  9310 D ScanRecord: Not a Multi Manu data
10-22 20:05:37.788  9273  9310 I chatty  : uid=1002(bluetooth) BT Service Call identical 97 lines
10-22 20:05:37.788  9273  9310 D ScanRecord: Not a Multi Manu data
10-22 20:05:37.806 30430 30741 I BatteryMgr:DataCollectionService: stats => 1697997937806,-294,4308,-126,0,100
10-22 20:05:37.823  9273  9310 D ScanRecord: Not a Multi Manu data
10-22 20:05:37.907  9273  9310 I chatty  : uid=1002(bluetooth) BT Service Call identical 130 lines
