10-22 20:09:27.903 32090 32215 I A       : Using proto config with mendel
10-22 20:09:27.904  3957 12007 D ConnectivityService: listenForNetwork for uid/pid:10075/32090 NetworkRequest [ LISTEN id=2332, [ Capabilities: INTERNET&NOT_RESTRICTED&TRUSTED] ]
10-22 20:09:27.904 32090 32215 I A       : (REDACTED) Adding from config to map. Locale: %s modelPrefix: %s Location:%s isSpeakerIdSupported: %b
10-22 20:09:27.904 32090 32215 I chatty  : uid=10075(u0_a75) identical 1 line
10-22 20:09:27.905 32090 32215 I A       : (REDACTED) Adding from config to map. Locale: %s modelPrefix: %s Location:%s isSpeakerIdSupported: %b
10-22 20:09:27.905  3957  4157 D ConnectivityService: rematching NetworkAgentInfo [WIFI () - 509]
10-22 20:09:27.905  3957  4157 D ConnectivityService:  network has: [ Transports: WIFI Capabilities: NOT_METERED&INTERNET&NOT_RESTRICTED&TRUSTED&NOT_VPN&VALIDATED&FOREGROUND LinkUpBandwidth>=1048576Kbps LinkDnBandwidth>=1048576Kbps SignalStrength: -43]
10-22 20:09:27.905  3957  4157 D ConnectivityService: Network NetworkAgentInfo [WIFI () - 509] was already satisfying request 2331. No change.
10-22 20:09:27.905 32090 32215 I A       : (REDACTED) Skipping. Expected model: %s Found: %s
10-22 20:09:27.905  3957  4157 D ConnectivityService: Network NetworkAgentInfo [WIFI () - 509] was already satisfying request 1. No change.
10-22 20:09:27.905  3957  4157 D ConnectivityService: Network NetworkAgentInfo [WIFI () - 509] was already satisfying request 3. No change.
10-22 20:09:27.905  3957  4157 D ConnectivityService: Network NetworkAgentInfo [WIFI () - 509] was already satisfying request 2330. No change.
10-22 20:09:27.905 32090 32215 I A       : (REDACTED) Adding from config to map. Locale: %s modelPrefix: %s Location:%s isSpeakerIdSupported: %b
10-22 20:09:27.905  3957  4157 D ConnectivityService: sending notification AVAILABLE for NetworkRequest [ LISTEN id=2332, [ Capabilities: INTERNET&NOT_RESTRICTED&TRUSTED] ]
10-22 20:09:27.906  3957  4157 D ConnectivityService: sending notification CAP_CHANGED for NetworkRequest [ LISTEN id=2332, [ Capabilities: INTERNET&NOT_RESTRICTED&TRUSTED] ]
10-22 20:09:27.906  3957  4157 D ConnectivityService: sending notification IP_CHANGED for NetworkRequest [ LISTEN id=2332, [ Capabilities: INTERNET&NOT_RESTRICTED&TRUSTED] ]
10-22 20:09:27.908  3957  7899 D SamsungAlarmManager: setInexact Listener (T:2/F:0/AC:false) 20231022T201737 - CU:1000/CP:3957
10-22 20:09:27.908 32090 32101 I A       : getLocaleToModelSpecsMap
10-22 20:09:27.908  3957  7899 D ConnectivityService: filterNetworkStateForUid() uid: 10075 networkInfo: [type: WIFI[] - WIFI, state: CONNECTED/CONNECTED, reason: (unspecified), extra: "ourhome", failover: false, available: true, roaming: false, metered: false]
10-22 20:09:27.908  3957  7899 D WifiService: getConnectionInfo uid=1000
10-22 20:09:27.908 32090 32101 I A       : Using proto config with mendel
10-22 20:09:27.909 32090 32101 I A       : (REDACTED) Adding from config to map. Locale: %s modelPrefix: %s Location:%s isSpeakerIdSupported: %b
10-22 20:09:27.909 32090 32101 I chatty  : uid=10075(u0_a75) identical 1 line
10-22 20:09:27.909 32090 32101 I A       : (REDACTED) Adding from config to map. Locale: %s modelPrefix: %s Location:%s isSpeakerIdSupported: %b
10-22 20:09:27.909 32090 32215 I A       : getLocaleToModelSpecsMap
10-22 20:09:27.909 32090 32101 I A       : (REDACTED) Skipping. Expected model: %s Found: %s
10-22 20:09:27.909 32090 32101 I A       : (REDACTED) Adding from config to map. Locale: %s modelPrefix: %s Location:%s isSpeakerIdSupported: %b
10-22 20:09:27.910 32090 32215 I A       : Using proto config with mendel
10-22 20:09:27.911  9273  9310 D ScanRecord: Not a Multi Manu data
10-22 20:09:27.911  9273  9310 I chatty  : uid=1002(bluetooth) BT Service Call identical 9 lines
10-22 20:09:27.911  9273  9310 D ScanRecord: Not a Multi Manu data
10-22 20:09:27.912 32090 32215 I A       : getLocaleToModelSpecsMap
10-22 20:09:27.913 32090 32215 I A       : Using proto config with mendel
10-22 20:09:27.915  3957 12007 D ConnectivityService: filterNetworkStateForUid() uid: 10075 networkInfo: [type: WIFI[] - WIFI, state: CONNECTED/CONNECTED, reason: (unspecified), extra: "ourhome", failover: false, available: true, roaming: false, metered: false]
10-22 20:09:27.915  3957 12007 D WifiService: getConnectionInfo uid=1000
10-22 20:09:27.921  9273  9310 D ScanRecord: Not a Multi Manu data
10-22 20:09:27.925  9273  9310 I chatty  : uid=1002(bluetooth) BT Service Call identical 20 lines
10-22 20:09:27.925  9273  9310 D ScanRecord: Not a Multi Manu data
10-22 20:09:27.931 32090 32215 I A       : getLocaleToModelSpecsMap
10-22 20:09:27.931 32090 32215 I A       : Using proto config with mendel
10-22 20:09:27.935  9273  9310 D ScanRecord: Not a Multi Manu data
10-22 20:09:27.943  9273  9310 I chatty  : uid=1002(bluetooth) BT Service Call identical 20 lines
10-22 20:09:27.943  9273  9310 D ScanRecord: Not a Multi Manu data
10-22 20:09:27.944 32090 32215 I A       : getLocaleToModelSpecsMap
10-22 20:09:27.944 32090 32215 I A       : Using proto config with mendel
10-22 20:09:27.945 31549 31859 I BatteryMgr:DataCollectionService: stats => 1697998167944,-309,4308,-219,0,100
10-22 20:09:27.947 32090 32215 I A       : getLocaleToModelSpecsMap
10-22 20:09:27.947 32090 32215 I A       : Using proto config with mendel
10-22 20:09:27.950 32090 32101 I A       : getLocaleToModelSpecsMap
10-22 20:09:27.950 32090 32101 I A       : Using proto config with mendel
10-22 20:09:27.953 32090 32101 I A       : getLocaleToModelSpecsMap
10-22 20:09:27.953  9273  9310 D ScanRecord: Not a Multi Manu data
10-22 20:09:27.953  9273  9310 I chatty  : uid=1002(bluetooth) BT Service Call identical 9 lines
10-22 20:09:27.953  9273  9310 D ScanRecord: Not a Multi Manu data
10-22 20:09:27.953 32090 32101 I A       : Using proto config with mendel
10-22 20:09:27.954 32090 32101 I A       : getLocaleToModelSpecsMap
10-22 20:09:27.954 32090 32101 I A       : Using proto config with mendel
10-22 20:09:27.963 32090 32123 W linker  : "/data/app/com.google.android.googlequicksearchbox-Fbv3c5lIFoBS111cukv2YQ==/base.apk!/lib/arm64-v8a/libcronet.107.0.5284.2.so" unused DT entry: type 0x70000001 arg 0x0
10-22 20:09:27.963  9273  9310 D ScanRecord: Not a Multi Manu data
10-22 20:09:27.970  3957  7899 D SamsungAlarmManager: setInexact Listener (T:2/F:0/AC:false) 20231022T201646 - CU:1000/CP:3957
10-22 20:09:27.970  9273  9310 I chatty  : uid=1002(bluetooth) BT Service Call identical 31 lines
10-22 20:09:27.970  9273  9310 D ScanRecord: Not a Multi Manu data
10-22 20:09:27.974  3957  7899 D SamsungAlarmManager: setInexact Listener (T:2/F:0/AC:false) 20231022T201737 - CU:1000/CP:3957
10-22 20:09:27.974  3957  7899 D ConnectivityService: filterNetworkStateForUid() uid: 10075 networkInfo: [type: WIFI[] - WIFI, state: CONNECTED/CONNECTED, reason: (unspecified), extra: "ourhome", failover: false, available: true, roaming: false, metered: false]
10-22 20:09:27.974 32090 32101 I A       : getLocaleToModelSpecsMap
10-22 20:09:27.975 32090 32101 I A       : Using proto config with mendel
10-22 20:09:27.975 32090 32101 I A       : (REDACTED) Adding from config to map. Locale: %s modelPrefix: %s Location:%s isSpeakerIdSupported: %b
10-22 20:09:27.975  3957  7899 D WifiService: getConnectionInfo uid=1000
10-22 20:09:27.975 32090 32101 I A       : (REDACTED) Adding from config to map. Locale: %s modelPrefix: %s Location:%s isSpeakerIdSupported: %b
10-22 20:09:27.975 32090 32101 I A       : (REDACTED) Adding from config to map. Locale: %s modelPrefix: %s Location:%s isSpeakerIdSupported: %b
10-22 20:09:27.975 32090 32101 I A       : (REDACTED) Skipping. Expected model: %s Found: %s
10-22 20:09:27.975 32090 32101 I A       : (REDACTED) Adding from config to map. Locale: %s modelPrefix: %s Location:%s isSpeakerIdSupported: %b
10-22 20:09:27.976 32090 32101 I A       : (REDACTED) hasHotwordEverywhere-%b
10-22 20:09:27.976 32090 32215 I SearchWidgetFlow: (REDACTED) SearchWidgetWorker:handleIntent(%s) started
10-22 20:09:27.977 32090 32090 I SearchWidgetFlow: (REDACTED) SearchWidget:handleIntent(%s)
10-22 20:09:27.977  9273  9310 D ScanRecord: Not a Multi Manu data
10-22 20:09:27.978  9273  9310 I chatty  : uid=1002(bluetooth) BT Service Call identical 9 lines
10-22 20:09:27.978  9273  9310 D ScanRecord: Not a Multi Manu data
10-22 20:09:27.983 32090 32215 I MicroDetectionWorker: (REDACTED) Initializing MicroDataManager InitializeType-%d, isForced-%b, isActivePhoneEnrollment-%b isActiveGoogleHomeEnrollment-%b
10-22 20:09:27.988 32090 32215 I A       : getLocaleToModelSpecsMap
10-22 20:09:27.989 32090 32215 I A       : Using proto config with mendel
10-22 20:09:27.989 32090 32215 I A       : getLocaleToModelSpecsMap
10-22 20:09:27.989 32090 32215 I A       : Using proto config with mendel
10-22 20:09:27.990 32090 32215 I A       : getLocaleToModelSpecsMap
10-22 20:09:27.990 32090 32215 I A       : Using proto config with mendel
10-22 20:09:27.991 32090 32101 I A       : getLocaleToModelSpecsMap
10-22 20:09:27.991 32090 32101 I A       : Using proto config with mendel
10-22 20:09:27.991 32090 32101 I A       : getLocaleToModelSpecsMap
10-22 20:09:27.991 32090 32101 I A       : Using proto config with mendel
10-22 20:09:27.991 32090 32101 I A       : getLocaleToModelSpecsMap
10-22 20:09:27.992 32090 32121 I A       : getLocaleToModelSpecsMap
10-22 20:09:27.992 32090 32101 I A       : Using proto config with mendel
10-22 20:09:27.992 32090 32121 I A       : Using proto config with mendel
10-22 20:09:27.992 32090 32121 I A       : (REDACTED) Adding from config to map. Locale: %s modelPrefix: %s Location:%s isSpeakerIdSupported: %b
10-22 20:09:27.995  9273  9310 D ScanRecord: Not a Multi Manu data
10-22 20:09:27.999  9273  9310 I chatty  : uid=1002(bluetooth) BT Service Call identical 31 lines
10-22 20:09:27.999  9273  9310 D ScanRecord: Not a Multi Manu data
10-22 20:09:28.000 32090 32121 I A       : (REDACTED) Adding from config to map. Locale: %s modelPrefix: %s Location:%s isSpeakerIdSupported: %b
10-22 20:09:28.000 32090 32121 I A       : (REDACTED) Adding from config to map. Locale: %s modelPrefix: %s Location:%s isSpeakerIdSupported: %b
10-22 20:09:28.000 32090 32121 I A       : (REDACTED) Skipping. Expected model: %s Found: %s
10-22 20:09:28.002  9273  9310 D ScanRecord: Not a Multi Manu data
10-22 20:09:28.004  3957  7899 D SamsungAlarmManager: setInexact Listener (T:2/F:0/AC:false) 20231022T201646 - CU:1000/CP:3957
10-22 20:09:28.007  3957  7899 D SamsungAlarmManager: setInexact Listener (T:2/F:0/AC:false) 20231022T201737 - CU:1000/CP:3957
10-22 20:09:28.014  9273  9310 I chatty  : uid=1002(bluetooth) BT Service Call identical 20 lines
10-22 20:09:28.014  9273  9310 D ScanRecord: Not a Multi Manu data
10-22 20:09:28.015 32090 32121 I A       : (REDACTED) Adding from config to map. Locale: %s modelPrefix: %s Location:%s isSpeakerIdSupported: %b
10-22 20:09:28.018 32090 32121 I MicroDataManager: (REDACTED) Location for model with model type: %s and locale: %s, is : %s
10-22 20:09:28.018  3957 12007 D SamsungAlarmManager: setInexact Listener (T:2/F:0/AC:false) 20231022T201646 - CU:1000/CP:3957
10-22 20:09:28.021  9273  9310 D ScanRecord: Not a Multi Manu data
10-22 20:09:28.023  9273  9310 I chatty  : uid=1002(bluetooth) BT Service Call identical 20 lines
10-22 20:09:28.023  9273  9310 D ScanRecord: Not a Multi Manu data
10-22 20:09:28.026 32090 32215 I MicroDetectionState: (REDACTED) Should stop hotword detection immediately - %b
10-22 20:09:28.027  3957 12007 D SamsungAlarmManager: setInexact Listener (T:2/F:0/AC:false) 20231022T201737 - CU:1000/CP:3957
10-22 20:09:28.027  9273  9310 D ScanRecord: Not a Multi Manu data
10-22 20:09:28.030  9273  9310 I chatty  : uid=1002(bluetooth) BT Service Call identical 9 lines
10-22 20:09:28.030  9273  9310 D ScanRecord: Not a Multi Manu data
10-22 20:09:28.032 32090 32197 I BistoSettingsListener: listener created
10-22 20:09:28.034 32090 32215 W SearchServiceCore: Abort, client detached.
10-22 20:09:28.034 32090 32101 I A       : getLocaleToModelSpecsMap
10-22 20:09:28.034 32090 32215 W SearchServiceCore: Abort, client detached.
10-22 20:09:28.034 32090 32101 I A       : Using proto config with mendel
10-22 20:09:28.034 32090 32101 I A       : (REDACTED) Adding from config to map. Locale: %s modelPrefix: %s Location:%s isSpeakerIdSupported: %b
10-22 20:09:28.035 32090 32101 I chatty  : uid=10075(u0_a75) identical 1 line
10-22 20:09:28.035 32090 32101 I A       : (REDACTED) Adding from config to map. Locale: %s modelPrefix: %s Location:%s isSpeakerIdSupported: %b
10-22 20:09:28.035 32090 32101 I A       : (REDACTED) Skipping. Expected model: %s Found: %s
10-22 20:09:28.035 32090 32101 I A       : (REDACTED) Adding from config to map. Locale: %s modelPrefix: %s Location:%s isSpeakerIdSupported: %b
10-22 20:09:28.051 31549 31859 I BatteryMgr:DataCollectionService: stats => 1697998168051,-309,4308,-219,0,100
10-22 20:09:28.057  9273  9310 D ScanRecord: Not a Multi Manu data
10-22 20:09:28.057  9273  9310 I chatty  : uid=1002(bluetooth) BT Service Call identical 9 lines
10-22 20:09:28.057  9273  9310 D ScanRecord: Not a Multi Manu data
10-22 20:09:28.064 32090 32095 I zygote64: Do full code cache collection, code=0B, data=118KB
10-22 20:09:28.065  9273  9284 I zygote64: Background concurrent copying GC freed 49371(1424KB) AllocSpace objects, 0(0B) LOS objects, 70% free, 654KB/2MB, paused 10.662ms total 87.146ms
10-22 20:09:28.066 32090 32101 I A       : getLocaleToModelSpecsMap
10-22 20:09:28.066 32090 32101 I A       : Using proto config with mendel
10-22 20:09:28.066 32090 32101 I A       : getLocaleToModelSpecsMap
10-22 20:09:28.066 32090 32101 I A       : Using proto config with mendel
10-22 20:09:28.066 32090 32101 I A       : getLocaleToModelSpecsMap
10-22 20:09:28.066 32090 32101 I A       : Using proto config with mendel
10-22 20:09:28.070 32090 32095 I zygote64: After code cache collection, code=0B, data=0B
10-22 20:09:28.072 32090 32100 I zygote64: Background concurrent copying GC freed 22938(1379KB) AllocSpace objects, 0(0B) LOS objects, 49% free, 4MB/9MB, paused 4.398ms total 239.791ms
10-22 20:09:28.073  9273  9310 D ScanRecord: Not a Multi Manu data
10-22 20:09:28.073  9273  9310 I chatty  : uid=1002(bluetooth) BT Service Call identical 9 lines
10-22 20:09:28.073  9273  9310 D ScanRecord: Not a Multi Manu data
10-22 20:09:28.076 32090 32090 W ResourceType: For resource 0x7f071a52, entry index(6738) is beyond type entryCount(3216)
10-22 20:09:28.085 32090 32090 W ResourceType: For resource 0x7f0713d5, entry index(5077) is beyond type entryCount(3216)
10-22 20:09:28.115  3957  7899 D LocationManagerService: getProviders()=[passive, gps, network]
10-22 20:09:28.124 32090 32123 I cr_CronetLibraryLoader: Cronet version: 107.0.5284.2, arch: aarch64
10-22 20:09:28.131  3957  4651 D ConnectivityService: filterNetworkStateForUid() uid: 10075 networkInfo: [type: WIFI[] - WIFI, state: CONNECTED/CONNECTED, reason: (unspecified), extra: "ourhome", failover: false, available: true, roaming: false, metered: false]
10-22 20:09:28.131  3957  4651 D WifiService: getConnectionInfo uid=1000
10-22 20:09:28.141  3957  4651 I chatty  : uid=1000(system) Binder:3957_A identical 1 line
10-22 20:09:28.141  3957  4651 D WifiService: getConnectionInfo uid=1000
10-22 20:09:28.146 32090 32223 I A       : (REDACTED) Loaded shared library: %s
10-22 20:09:28.150  3957  4651 D ConnectivityService: filterNetworkStateForUid() uid: 10075 networkInfo: [type: WIFI[] - WIFI, state: CONNECTED/CONNECTED, reason: (unspecified), extra: "ourhome", failover: false, available: true, roaming: false, metered: false]
10-22 20:09:28.150  3957  4651 D WifiService: getConnectionInfo uid=1000
10-22 20:09:28.153  3957  7899 D ConnectivityService: filterNetworkStateForUid() uid: 10075 networkInfo: [type: WIFI[] - WIFI, state: CONNECTED/CONNECTED, reason: (unspecified), extra: "ourhome", failover: false, available: true, roaming: false, metered: false]
10-22 20:09:28.153  3957  7899 D WifiService: getConnectionInfo uid=1000
10-22 20:09:28.158 31549 31859 I BatteryMgr:DataCollectionService: stats => 1697998168158,-309,4308,-219,0,100
10-22 20:09:28.177  3957 12007 D ActivityManager: The following uid has registered to recieve broadcast for proxy related updates 10075
10-22 20:09:28.194  3957 12007 W ContextImpl: Calling a method in the system process without a qualified user: android.app.ContextImpl.sendBroadcast:971 com.android.server.am.ActivityManagerService.requestKnoxVpnToSendProxyBroadcast:29420 com.android.server.am.ActivityManagerService.registerReceiver:23161 android.app.IActivityManager$Stub.onTransact:176 com.android.server.am.ActivityManagerService.onTransact:3861 
10-22 20:09:28.200  3957  3957 D KnoxVpnEngineService: Vpn Receiver : com.samsung.android.knox.intent.action.VPN_PROXY_BROADCAST_INTERNAL
10-22 20:09:28.201  3957  4108 I KnoxVpnEngineService: vpn handle : Message received
10-22 20:09:28.206 32090 32121 I MicroModelsUtil: (REDACTED) #getHotwordModel [locale: %s, modelType: %s]
10-22 20:09:28.265 31549 31859 I BatteryMgr:DataCollectionService: stats => 1697998168264,-309,4308,-219,0,100
10-22 20:09:28.266 32090 32117 I A       : (REDACTED) Setting isLegacySQLite mode to %s.
10-22 20:09:28.348 32090 32101 I A       : getLocaleToModelSpecsMap
10-22 20:09:28.348 32090 32101 I A       : Using proto config with mendel
10-22 20:09:28.348 32090 32101 I A       : getLocaleToModelSpecsMap
10-22 20:09:28.348 32090 32101 I A       : Using proto config with mendel
10-22 20:09:28.349 32090 32101 I A       : getLocaleToModelSpecsMap
10-22 20:09:28.349 32090 32101 I A       : Using proto config with mendel
10-22 20:09:28.350 32090 32101 I MicroModelsUtil: (REDACTED) #getHotwordModelFromMobstore [mobstoreUri: %s]
10-22 20:09:28.353 32090 32123 I MicroModelsUtil: (REDACTED) #getHotwordModelFromMobstore [mobstoreUri: %s]
10-22 20:09:28.365 32090 32199 I MicroDataManager: (REDACTED) MicroDataManager InitializationTask. googleHotwordData is null: true, hotwordModel is null: %b , sourceLocationOfCurrentHotwordModel %s
10-22 20:09:28.369 32090 32215 I A       : getLocaleToModelSpecsMap
10-22 20:09:28.370 32090 32215 I A       : Using proto config with mendel
10-22 20:09:28.370 32090 32215 I A       : getLocaleToModelSpecsMap
10-22 20:09:28.371 32090 32215 I A       : Using proto config with mendel
10-22 20:09:28.371 32090 32215 I A       : getLocaleToModelSpecsMap
10-22 20:09:28.371 32090 32215 I A       : Using proto config with mendel
10-22 20:09:28.372 32090 32090 W ResourceType: ResTable_typeSpec entry count inconsistent: given 3216, previously 8242
10-22 20:09:28.372 32090 32090 W ResourceType: ResTable_typeSpec entry count inconsistent: given 5124, previously 5123
10-22 20:09:28.372 32090 32215 I A       : getLocaleToModelSpecsMap
10-22 20:09:28.373 32090 32215 I A       : Using proto config with mendel
10-22 20:09:28.373 32090 32215 I A       : (REDACTED) Adding from config to map. Locale: %s modelPrefix: %s Location:%s isSpeakerIdSupported: %b
10-22 20:09:28.373 32090 32215 I chatty  : uid=10075(u0_a75) identical 1 line
10-22 20:09:28.374 32090 32215 I A       : (REDACTED) Adding from config to map. Locale: %s modelPrefix: %s Location:%s isSpeakerIdSupported: %b
10-22 20:09:28.374 32090 32215 I A       : (REDACTED) Skipping. Expected model: %s Found: %s
10-22 20:09:28.375 32090 32215 I A       : (REDACTED) Adding from config to map. Locale: %s modelPrefix: %s Location:%s isSpeakerIdSupported: %b
10-22 20:09:28.376 32090 32090 W ResourceType: ResTable_typeSpec entry count inconsistent: given 457, previously 4879
10-22 20:09:28.376 31549 31859 I BatteryMgr:DataCollectionService: stats => 1697998168376,-309,4308,-219,0,100
10-22 20:09:28.376 32090 32215 I MicroDetectionState: (REDACTED) Should stop hotword detection immediately - %b
10-22 20:09:28.378  8860  8947 W ResourceType: ResTable_typeSpec entry count inconsistent: given 3216, previously 8242
10-22 20:09:28.378 32090 32215 I A       : getLocaleToModelSpecsMap
10-22 20:09:28.378  8860  8947 W ResourceType: ResTable_typeSpec entry count inconsistent: given 5124, previously 5123
10-22 20:09:28.378  8860  8954 W ResourceType: ResTable_typeSpec entry count inconsistent: given 3216, previously 8242
10-22 20:09:28.378  8860  8954 W ResourceType: ResTable_typeSpec entry count inconsistent: given 5124, previously 5123
10-22 20:09:28.379  8860  8947 W ResourceType: ResTable_typeSpec entry count inconsistent: given 457, previously 4879
10-22 20:09:28.379  8860  8954 W ResourceType: ResTable_typeSpec entry count inconsistent: given 457, previously 4879
10-22 20:09:28.379 32090 32215 I A       : Using proto config with mendel
10-22 20:09:28.381 32090 32215 I A       : getLocaleToModelSpecsMap
10-22 20:09:28.381 32090 32215 I A       : Using proto config with mendel
10-22 20:09:28.421 32090 32101 I tflite  : Initialized TensorFlow Lite runtime.
10-22 20:09:28.435 32090 32101 I HotwordService: (REDACTED) Model ID: %s
10-22 20:09:28.436 32090 32101 I HotwordService: (REDACTED) hotwordModelLocation is null %b, locale is %s, re-mapped Chinese locale %s
10-22 20:09:28.447 32090 32101 I A       : getLocaleToModelSpecsMap
10-22 20:09:28.447 32090 32101 I A       : Using proto config with mendel
10-22 20:09:28.448 32090 32101 I A       : getLocaleToModelSpecsMap
10-22 20:09:28.448 32090 32101 I A       : Using proto config with mendel
10-22 20:09:28.448 32090 32101 I A       : getLocaleToModelSpecsMap
10-22 20:09:28.448 32090 32101 I A       : Using proto config with mendel
10-22 20:09:28.449 32090 32101 I A       : getLocaleToModelSpecsMap
10-22 20:09:28.449 32090 32101 I A       : Using proto config with mendel
10-22 20:09:28.449 32090 32101 I A       : (REDACTED) Adding from config to map. Locale: %s modelPrefix: %s Location:%s isSpeakerIdSupported: %b
10-22 20:09:28.449 32090 32101 I chatty  : uid=10075(u0_a75) identical 1 line
10-22 20:09:28.450 32090 32101 I A       : (REDACTED) Adding from config to map. Locale: %s modelPrefix: %s Location:%s isSpeakerIdSupported: %b
10-22 20:09:28.450 32090 32101 I A       : (REDACTED) Skipping. Expected model: %s Found: %s
10-22 20:09:28.450 32090 32101 I A       : (REDACTED) Adding from config to map. Locale: %s modelPrefix: %s Location:%s isSpeakerIdSupported: %b
10-22 20:09:28.469 32090 32122 I FedAssSettingsBuildType: BuildType: Release
10-22 20:09:28.469 32090 32122 I A       : (REDACTED) getFlSettingEnabledWithSettingsToggle: %b
10-22 20:09:28.478 32090 32101 I A       : getLocaleToModelSpecsMap
10-22 20:09:28.478 32090 32101 I A       : Using proto config with mendel
10-22 20:09:28.478 32090 32101 I A       : getLocaleToModelSpecsMap
10-22 20:09:28.481 32090 32101 I A       : Using proto config with mendel
10-22 20:09:28.482 32090 32101 I A       : getLocaleToModelSpecsMap
10-22 20:09:28.482 32090 32101 I A       : Using proto config with mendel
10-22 20:09:28.482 31549 31859 I BatteryMgr:DataCollectionService: stats => 1697998168482,-309,4308,-219,0,100
10-22 20:09:28.483 32090 32101 I A       : getLocaleToModelSpecsMap
10-22 20:09:28.483 32090 32101 I A       : Using proto config with mendel
10-22 20:09:28.483 32090 32101 I A       : (REDACTED) Adding from config to map. Locale: %s modelPrefix: %s Location:%s isSpeakerIdSupported: %b
10-22 20:09:28.483 32090 32101 I chatty  : uid=10075(u0_a75) identical 1 line
10-22 20:09:28.484 32090 32101 I A       : (REDACTED) Adding from config to map. Locale: %s modelPrefix: %s Location:%s isSpeakerIdSupported: %b
10-22 20:09:28.484 32090 32101 I A       : (REDACTED) Skipping. Expected model: %s Found: %s
10-22 20:09:28.484 32090 32101 I A       : (REDACTED) Adding from config to map. Locale: %s modelPrefix: %s Location:%s isSpeakerIdSupported: %b
10-22 20:09:28.491  9098  9155 I MicroModelsUtil: (REDACTED) #getHotwordModelFromMobstore [mobstoreUri: %s]
10-22 20:09:28.496  9098  9155 I GsaVoiceInteractionSrv: (REDACTED) hotwordModel is null :  %b
10-22 20:09:28.498  9098  9155 I BistoHotwordHelper: (REDACTED) getHotwordActive::active query: %s, watch: %s, devices connected: %s
10-22 20:09:28.499  9098  9155 I HwDetectorWithState: (REDACTED) a: %d
10-22 20:09:28.499  9098  9155 I GsaVoiceInteractionSrv: #checkDspStatus
10-22 20:09:28.500  9098  9155 I BistoHotwordHelper: (REDACTED) setting speaker id present: %b
10-22 20:09:28.500  9098  9155 I BistoHotwordHelper: (REDACTED) setting speaker ID model presence: %b
10-22 20:09:28.501  9098  9155 I BistoHotwordHelper: (REDACTED) setting hotword model of size: %d bytes
10-22 20:09:28.501  9098  9155 I BistoHotwordHelper: (REDACTED) setting modeltype: %s
10-22 20:09:28.502  9098  9155 I BistoHotwordHelper: (REDACTED) setHotwordVoiceLocale: prev: %s, new: %s
10-22 20:09:28.502  9098  9155 I BistoHotwordHelper: (REDACTED) setting VM enrollment allowed: %b
10-22 20:09:28.503  9098  9155 I BistoHotwordHelper: (REDACTED) setSodaUsed: prev: %b, new: %b
10-22 20:09:28.532  3957  4128 D WifiService: getConnectionInfo uid=1000
10-22 20:09:28.589 31549 31859 I BatteryMgr:DataCollectionService: stats => 1697998168589,-309,4308,-219,0,100
10-22 20:09:28.696 31549 31859 I BatteryMgr:DataCollectionService: stats => 1697998168695,-309,4308,-219,0,100
10-22 20:09:28.751 32090 32090 W ResourceType: For resource 0x7f071a52, entry index(6738) is beyond type entryCount(3216)
10-22 20:09:28.752 32090 32090 W ResourceType: For resource 0x7f0713d5, entry index(5077) is beyond type entryCount(3216)
10-22 20:09:28.801 31549 31859 I BatteryMgr:DataCollectionService: stats => 1697998168801,-309,4308,-219,0,100
10-22 20:09:28.816  3957  4129 D WifiStateMachine:  ConnectedState !RSSI_PKTCNT_FETCH uid=1000 rt=604575388/1660550861 0 0 "ourhome" f4:6d:2f:12:cc:88 rssi=-44 f=5240 sc=60 link=433 tx=5.5, 0.1, 0.0  rx=11.0 bcn=610262 [on:0 tx:0 rx:0 period:1014] from screen [on:533913 period:3112484] score=60
10-22 20:09:28.818  3957  4129 D WifiStateMachine:  L2ConnectedState !RSSI_PKTCNT_FETCH uid=1000 rt=604575402/1660550874 0 0 "ourhome" f4:6d:2f:12:cc:88 rssi=-44 f=5240 sc=60 link=433 tx=5.5, 0.1, 0.0  rx=11.0 bcn=610262 [on:0 tx:0 rx:0 period:2] from screen [on:533913 period:3112486] score=60
10-22 20:09:28.825  3957  3966 I zygote64: Background concurrent copying GC freed 138864(6MB) AllocSpace objects, 33(676KB) LOS objects, 36% free, 42MB/66MB, paused 15.573ms total 518.550ms
10-22 20:09:28.825 32090 32215 W SessionLifecycleManager: (REDACTED) Client : %s has no associated SessionController
10-22 20:09:28.825  3957  4129 D WifiStateMachine: fetchRssiLinkSpeedAndFrequencyNative rssi=-44 linkspeed=433 freq=5240
10-22 20:09:28.825 32090 32215 W SearchServiceCore: Abort, client detached.
10-22 20:09:28.825  3957  4129 V WifiConfigManager: Updating scan detail cache freq=5240 BSSID=f4:6d:2f:12:cc:88 RSSI=-43 for "ourhome"WPA_PSK
10-22 20:09:28.833  3957  3957 D AppWidgetServiceImpl: handleNotifyUpdateAppWidget, appWidgetId = 3
10-22 20:09:28.834 32090 32199 I SearchWidgetFlow: (REDACTED) SearchWidgetWorker:handleIntent(%s) done
10-22 20:09:28.835 32090 32196 I SearchWidgetFlow: (REDACTED) GsaWidgetProvider:onReceive(%s) done
10-22 20:09:28.839  8695  8695 I LauncherAppWidgetHostView: updateLastOrientation, orientation: 1, activityOrientation: 1, fromRemoteViews: true, widget: ComponentInfo{com.google.android.googlequicksearchbox/com.google.android.googlequicksearchbox.SearchWidgetProvider}
10-22 20:09:28.908 31549 31859 I BatteryMgr:DataCollectionService: stats => 1697998168908,-309,4308,-219,0,100
10-22 20:09:28.974 32090 32101 V ClearcutMetricXmitter: Transmission is done.
10-22 20:09:29.013 31549 31859 I BatteryMgr:DataCollectionService: stats => 1697998169013,-309,4308,-219,0,100
10-22 20:09:29.120 31549 31859 I BatteryMgr:DataCollectionService: stats => 1697998169120,-309,4308,-219,0,100
10-22 20:09:29.229 31549 31859 I BatteryMgr:DataCollectionService: stats => 1697998169229,-309,4308,-219,0,100
10-22 20:09:29.334 31549 31859 I BatteryMgr:DataCollectionService: stats => 1697998169334,-309,4308,-219,0,100
10-22 20:09:29.444 31549 31859 I BatteryMgr:DataCollectionService: stats => 1697998169443,-309,4308,-219,0,100
10-22 20:09:29.534  3957  4128 D WifiService: getConnectionInfo uid=1000
10-22 20:09:29.560 31549 31859 I BatteryMgr:DataCollectionService: stats => 1697998169560,-309,4308,-219,0,100
10-22 20:09:29.665 31549 31859 I BatteryMgr:DataCollectionService: stats => 1697998169665,-309,4308,-219,0,100
10-22 20:09:29.771 31549 31859 I BatteryMgr:DataCollectionService: stats => 1697998169771,-309,4308,-219,0,100
10-22 20:09:29.800  3957  4129 D WifiStateMachine:  ConnectedState !RSSI_PKTCNT_FETCH uid=1000 rt=604576385/1660551858 0 0 "ourhome" f4:6d:2f:12:cc:88 rssi=-44 f=5240 sc=60 link=433 tx=5.5, 0.1, 0.0  rx=11.0 bcn=610262 [on:0 tx:0 rx:0 period:982] from screen [on:533913 period:3113468] score=60
10-22 20:09:29.801  3957  4129 D WifiStateMachine:  L2ConnectedState !RSSI_PKTCNT_FETCH uid=1000 rt=604576386/1660551858 0 0 "ourhome" f4:6d:2f:12:cc:88 rssi=-44 f=5240 sc=60 link=433 tx=5.5, 0.1, 0.0  rx=11.0 bcn=610262 [on:0 tx:0 rx:0 period:1] from screen [on:533913 period:3113469] score=60
10-22 20:09:29.807  3957  4129 D WifiStateMachine: fetchRssiLinkSpeedAndFrequencyNative rssi=-44 linkspeed=433 freq=5240
10-22 20:09:29.807  3957  4129 V WifiConfigManager: Updating scan detail cache freq=5240 BSSID=f4:6d:2f:12:cc:88 RSSI=-43 for "ourhome"WPA_PSK
10-22 20:09:29.877 31549 31859 I BatteryMgr:DataCollectionService: stats => 1697998169877,-309,4308,-219,0,100
10-22 20:09:29.983 31549 31859 I BatteryMgr:DataCollectionService: stats => 1697998169983,-309,4308,-219,0,100
10-22 20:09:30.089 31549 31859 I BatteryMgr:DataCollectionService: stats => 1697998170089,-309,4308,-219,0,100
10-22 20:09:30.196 31549 31859 I BatteryMgr:DataCollectionService: stats => 1697998170196,-309,4308,-219,0,100
10-22 20:09:30.307 31549 31859 I BatteryMgr:DataCollectionService: stats => 1697998170307,-309,4308,-219,0,100
10-22 20:09:30.414 31549 31859 I BatteryMgr:DataCollectionService: stats => 1697998170414,-309,4308,-219,0,100
10-22 20:09:30.521 31549 31859 I BatteryMgr:DataCollectionService: stats => 1697998170521,-309,4308,-219,0,100
10-22 20:09:30.536  3957  4128 D WifiService: getConnectionInfo uid=1000
10-22 20:09:30.623  3957  4129 D WifiStateMachine:  ConnectedState !CMD_RSSI_POLL rt=604577207/1660552679 122 0 "ourhome" f4:6d:2f:12:cc:88 rssi=-44 f=5240 sc=60 link=433 tx=5.5, 0.1, 0.0  rx=11.0 bcn=610262 [on:0 tx:0 rx:0 period:822] from screen [on:533913 period:3114291] score=60
10-22 20:09:30.624  3957  4129 D WifiStateMachine:  L2ConnectedState !CMD_RSSI_POLL rt=604577208/1660552681 122 0 "ourhome" f4:6d:2f:12:cc:88 rssi=-44 f=5240 sc=60 link=433 tx=5.5, 0.1, 0.0  rx=11.0 bcn=610262 [on:0 tx:0 rx:0 period:1] from screen [on:533913 period:3114292] score=60
10-22 20:09:30.624  3957  4129 D WifiStateMachine:  get link layer stats 3
10-22 20:09:30.624  3436  3436 I android.hardware.wifi@1.0-service: getLinkLayerStats
10-22 20:09:30.637 31549 31859 I BatteryMgr:DataCollectionService: stats => 1697998170637,-309,4308,-219,0,100
10-22 20:09:30.642  3957  4129 D WifiStateMachine: fetchRssiLinkSpeedAndFrequencyNative rssi=-44 linkspeed=433 freq=5240
10-22 20:09:30.642  3957  4129 V WifiConfigManager: Updating scan detail cache freq=5240 BSSID=f4:6d:2f:12:cc:88 RSSI=-43 for "ourhome"WPA_PSK
10-22 20:09:30.646  4340  4340 E SignalClusterView: setSlotFocusVisible : subId -2
10-22 20:09:30.646  4340  4340 E SignalClusterView: setSlotFocusVisible : subId -2
10-22 20:09:30.688 31549 31560 I zygote64: Background concurrent copying GC freed 29568(1223KB) AllocSpace objects, 0(0B) LOS objects, 66% free, 761KB/2MB, paused 5.638ms total 61.920ms
10-22 20:09:30.745 31549 31859 I BatteryMgr:DataCollectionService: stats => 1697998170745,-309,4308,-219,0,100
10-22 20:09:30.746  4961  4961 D io_stats: !@ 179,0 r 10209793 335160108 w 2169798 42444956 d 174940 37320100 f 641240 666774 iot 4666176 4020562 th 51200 0 0 pt 0 inp 0 0 604577.331
10-22 20:09:30.801  3957  4129 D WifiStateMachine:  ConnectedState !RSSI_PKTCNT_FETCH uid=1000 rt=604577386/1660552858 0 0 "ourhome" f4:6d:2f:12:cc:88 rssi=-44 f=5240 sc=60 link=433 tx=2.0, 0.0, 0.0  rx=5.9 bcn=610292 [on:0 tx:0 rx:0 period:156] from screen [on:534078 period:3114469] score=60
10-22 20:09:30.802  3957  4129 D WifiStateMachine:  L2ConnectedState !RSSI_PKTCNT_FETCH uid=1000 rt=604577387/1660552859 0 0 "ourhome" f4:6d:2f:12:cc:88 rssi=-44 f=5240 sc=60 link=433 tx=2.0, 0.0, 0.0  rx=5.9 bcn=610292 [on:0 tx:0 rx:0 period:1] from screen [on:534078 period:3114470] score=60
10-22 20:09:30.803  3957  4129 D WifiStateMachine: fetchRssiLinkSpeedAndFrequencyNative rssi=-43 linkspeed=433 freq=5240
10-22 20:09:30.803  3957  4129 V WifiConfigManager: Updating scan detail cache freq=5240 BSSID=f4:6d:2f:12:cc:88 RSSI=-43 for "ourhome"WPA_PSK
10-22 20:09:30.853 31549 31859 I BatteryMgr:DataCollectionService: stats => 1697998170853,-309,4308,-219,0,100
10-22 20:09:30.962 31549 31859 I BatteryMgr:DataCollectionService: stats => 1697998170962,-309,4308,-219,0,100
10-22 20:09:31.068 31549 31859 I BatteryMgr:DataCollectionService: stats => 1697998171067,-309,4308,-219,0,100
10-22 20:09:31.174 31549 31859 I BatteryMgr:DataCollectionService: stats => 1697998171174,-309,4308,-219,0,100
10-22 20:09:31.281 31549 31859 I BatteryMgr:DataCollectionService: stats => 1697998171281,-309,4308,-219,0,100
10-22 20:09:31.387 31549 31859 I BatteryMgr:DataCollectionService: stats => 1697998171387,-309,4308,-219,0,100
10-22 20:09:31.410  3957  6478 D SSRM:k  : SIOP:: AP = 450, PST = 387 (W:10), BAT = 328, USB = 0, CHG = 0
10-22 20:09:31.494 31549 31859 I BatteryMgr:DataCollectionService: stats => 1697998171494,-309,4308,-219,0,100
10-22 20:09:31.538  3957  4128 D WifiService: getConnectionInfo uid=1000
10-22 20:09:31.599 31549 31859 I BatteryMgr:DataCollectionService: stats => 1697998171599,-309,4308,-219,0,100
10-22 20:09:31.704 31549 31859 I BatteryMgr:DataCollectionService: stats => 1697998171704,-309,4308,-219,0,100
10-22 20:09:31.803  3957  4129 D WifiStateMachine:  ConnectedState !RSSI_PKTCNT_FETCH uid=1000 rt=604578387/1660553859 0 0 "ourhome" f4:6d:2f:12:cc:88 rssi=-43 f=5240 sc=60 link=433 tx=2.0, 0.0, 0.0  rx=5.9 bcn=610292 [on:0 tx:0 rx:0 period:1000] from screen [on:534078 period:3115470] score=60
10-22 20:09:31.804  3957  4129 D WifiStateMachine:  L2ConnectedState !RSSI_PKTCNT_FETCH uid=1000 rt=604578388/1660553861 0 0 "ourhome" f4:6d:2f:12:cc:88 rssi=-43 f=5240 sc=60 link=433 tx=2.0, 0.0, 0.0  rx=5.9 bcn=610292 [on:0 tx:0 rx:0 period:2] from screen [on:534078 period:3115472] score=60
10-22 20:09:31.810  3957  4129 D WifiStateMachine: fetchRssiLinkSpeedAndFrequencyNative rssi=-44 linkspeed=433 freq=5240
10-22 20:09:31.810  3957  4129 V WifiConfigManager: Updating scan detail cache freq=5240 BSSID=f4:6d:2f:12:cc:88 RSSI=-43 for "ourhome"WPA_PSK
10-22 20:09:31.812 31549 31859 I BatteryMgr:DataCollectionService: stats => 1697998171812,-309,4308,-219,0,100
10-22 20:09:31.917 31549 31859 I BatteryMgr:DataCollectionService: stats => 1697998171917,-309,4308,-219,0,100
10-22 20:09:32.011  4340  4731 D NetworkController.MobileSignalController(0/-2): onSignalStrengthsChanged signalStrength=SignalStrength: 21 99 -21 -200 -21 -200 -1 99 2147483647 2147483647 2147483647 2147483647 0 2147483647 0x4 P gsm|lte level=4
10-22 20:09:32.012  4340  4731 D NetworkController.MobileSignalController(0/-2): getMobileIconGroup(): 0
10-22 20:09:32.024 31549 31859 I BatteryMgr:DataCollectionService: stats => 1697998172024,-309,4308,-219,0,100
10-22 20:09:32.131 31549 31859 I BatteryMgr:DataCollectionService: stats => 1697998172131,-309,4308,-219,0,100
10-22 20:09:32.237 31549 31859 I BatteryMgr:DataCollectionService: stats => 1697998172237,-309,4308,-219,0,100
10-22 20:09:32.333  3957  4030 D SensorService: [SO] 0.211 -0.110 9.993
10-22 20:09:32.345 31549 31859 I BatteryMgr:DataCollectionService: stats => 1697998172345,-309,4308,-219,0,100
10-22 20:09:32.451 31549 31859 I BatteryMgr:DataCollectionService: stats => 1697998172451,-309,4308,-219,0,100
10-22 20:09:32.540  3957  4128 D WifiService: getConnectionInfo uid=1000
10-22 20:09:32.556 31549 31859 I BatteryMgr:DataCollectionService: stats => 1697998172556,-309,4308,-219,0,100
10-22 20:09:32.580  9273  9310 D ScanRecord: Not a Multi Manu data
10-22 20:09:32.657  9273  9310 I chatty  : uid=1002(bluetooth) BT Service Call identical 119 lines
10-22 20:09:32.657  9273  9310 D ScanRecord: Not a Multi Manu data
10-22 20:09:32.663 31549 31859 I BatteryMgr:DataCollectionService: stats => 1697998172663,-309,4308,-219,0,100
10-22 20:09:32.667  9273  9310 D ScanRecord: Not a Multi Manu data
10-22 20:09:32.747  9273  9310 I chatty  : uid=1002(bluetooth) BT Service Call identical 108 lines
10-22 20:09:32.747  9273  9310 D ScanRecord: Not a Multi Manu data
10-22 20:09:32.769 31549 31859 I BatteryMgr:DataCollectionService: stats => 1697998172768,-309,4308,-219,0,100
10-22 20:09:32.772  9273  9310 D ScanRecord: Not a Multi Manu data
10-22 20:09:32.804  9273  9310 I chatty  : uid=1002(bluetooth) BT Service Call identical 20 lines
10-22 20:09:32.804  9273  9310 D ScanRecord: Not a Multi Manu data
10-22 20:09:32.804  3957  4129 D WifiStateMachine:  ConnectedState !RSSI_PKTCNT_FETCH uid=1000 rt=604579388/1660554861 0 0 "ourhome" f4:6d:2f:12:cc:88 rssi=-44 f=5240 sc=60 link=433 tx=2.0, 0.0, 0.0  rx=5.9 bcn=610292 [on:0 tx:0 rx:0 period:1000] from screen [on:534078 period:3116472] score=60
10-22 20:09:32.806  3957  4129 D WifiStateMachine:  L2ConnectedState !RSSI_PKTCNT_FETCH uid=1000 rt=604579390/1660554863 0 0 "ourhome" f4:6d:2f:12:cc:88 rssi=-44 f=5240 sc=60 link=433 tx=2.0, 0.0, 0.0  rx=5.9 bcn=610292 [on:0 tx:0 rx:0 period:2] from screen [on:534078 period:3116474] score=60
10-22 20:09:32.808  3957  4129 D WifiStateMachine: fetchRssiLinkSpeedAndFrequencyNative rssi=-44 linkspeed=433 freq=5240
10-22 20:09:32.809  3957  4129 V WifiConfigManager: Updating scan detail cache freq=5240 BSSID=f4:6d:2f:12:cc:88 RSSI=-43 for "ourhome"WPA_PSK
10-22 20:09:32.810  9273  9310 D ScanRecord: Not a Multi Manu data
10-22 20:09:32.874  9273  9310 I chatty  : uid=1002(bluetooth) BT Service Call identical 64 lines
10-22 20:09:32.874  9273  9310 D ScanRecord: Not a Multi Manu data
10-22 20:09:32.876 31549 31859 I BatteryMgr:DataCollectionService: stats => 1697998172876,-309,4308,-219,0,100
10-22 20:09:32.885  9273  9310 D ScanRecord: Not a Multi Manu data
10-22 20:09:32.979  9273  9310 I chatty  : uid=1002(bluetooth) BT Service Call identical 53 lines
10-22 20:09:32.979  9273  9310 D ScanRecord: Not a Multi Manu data
10-22 20:09:32.982 31549 31859 I BatteryMgr:DataCollectionService: stats => 1697998172982,-309,4308,-219,0,100
10-22 20:09:32.987  9273  9310 D ScanRecord: Not a Multi Manu data
10-22 20:09:33.022  9273  9310 I chatty  : uid=1002(bluetooth) BT Service Call identical 53 lines
10-22 20:09:33.022  9273  9310 D ScanRecord: Not a Multi Manu data
10-22 20:09:33.087 31549 31859 I BatteryMgr:DataCollectionService: stats => 1697998173087,-309,4308,-219,0,100
10-22 20:09:33.194 31549 31859 I BatteryMgr:DataCollectionService: stats => 1697998173194,-309,4308,-219,0,100
10-22 20:09:33.301 31549 31859 I BatteryMgr:DataCollectionService: stats => 1697998173301,-309,4308,-219,0,100
10-22 20:09:33.410 31549 31859 I BatteryMgr:DataCollectionService: stats => 1697998173410,-309,4308,-219,0,100
10-22 20:09:33.517 31549 31859 I BatteryMgr:DataCollectionService: stats => 1697998173517,-309,4308,-219,0,100
10-22 20:09:33.543  3957  4128 D WifiService: getConnectionInfo uid=1000
10-22 20:09:33.623 31549 31859 I BatteryMgr:DataCollectionService: stats => 1697998173623,-309,4308,-219,0,100
10-22 20:09:33.645  3957  4129 D WifiStateMachine:  ConnectedState !CMD_RSSI_POLL rt=604580229/1660555702 122 0 "ourhome" f4:6d:2f:12:cc:88 rssi=-44 f=5240 sc=60 link=433 tx=2.0, 0.0, 0.0  rx=5.9 bcn=610292 [on:0 tx:0 rx:0 period:839] from screen [on:534078 period:3117313] score=60
10-22 20:09:33.649  3957  4129 D WifiStateMachine:  L2ConnectedState !CMD_RSSI_POLL rt=604580231/1660555703 122 0 "ourhome" f4:6d:2f:12:cc:88 rssi=-44 f=5240 sc=60 link=433 tx=2.0, 0.0, 0.0  rx=5.9 bcn=610292 [on:0 tx:0 rx:0 period:3] from screen [on:534078 period:3117316] score=60
10-22 20:09:33.649  3957  4129 D WifiStateMachine:  get link layer stats 3
10-22 20:09:33.649  3436  3436 I android.hardware.wifi@1.0-service: getLinkLayerStats
10-22 20:09:33.662  3957  4129 D WifiStateMachine: fetchRssiLinkSpeedAndFrequencyNative rssi=-44 linkspeed=433 freq=5240
10-22 20:09:33.662  3957  4129 V WifiConfigManager: Updating scan detail cache freq=5240 BSSID=f4:6d:2f:12:cc:88 RSSI=-43 for "ourhome"WPA_PSK
10-22 20:09:33.665  4340  4340 E SignalClusterView: setSlotFocusVisible : subId -2
10-22 20:09:33.665  4340  4340 E SignalClusterView: setSlotFocusVisible : subId -2
10-22 20:09:33.710 31593 31604 I zygote64: Background concurrent copying GC freed 127030(4MB) AllocSpace objects, 0(0B) LOS objects, 49% free, 5MB/10MB, paused 28.823ms total 187.769ms
10-22 20:09:33.729 31549 31859 I BatteryMgr:DataCollectionService: stats => 1697998173729,-309,4308,-219,0,100
10-22 20:09:33.804  3957  4129 D WifiStateMachine:  ConnectedState !RSSI_PKTCNT_FETCH uid=1000 rt=604580389/1660555862 0 0 "ourhome" f4:6d:2f:12:cc:88 rssi=-44 f=5240 sc=60 link=433 tx=0.7, 0.0, 0.0  rx=4.7 bcn=610321 [on:0 tx:0 rx:0 period:140] from screen [on:534293 period:3117472] score=60
10-22 20:09:33.805  3957  4129 D WifiStateMachine:  L2ConnectedState !RSSI_PKTCNT_FETCH uid=1000 rt=604580390/1660555863 0 0 "ourhome" f4:6d:2f:12:cc:88 rssi=-44 f=5240 sc=60 link=433 tx=0.7, 0.0, 0.0  rx=4.7 bcn=610321 [on:0 tx:0 rx:0 period:1] from screen [on:534293 period:3117473] score=60
10-22 20:09:33.807  3957  4129 D WifiStateMachine: fetchRssiLinkSpeedAndFrequencyNative rssi=-44 linkspeed=433 freq=5240
10-22 20:09:33.807  3957  4129 V WifiConfigManager: Updating scan detail cache freq=5240 BSSID=f4:6d:2f:12:cc:88 RSSI=-43 for "ourhome"WPA_PSK
10-22 20:09:33.834 31549 31859 I BatteryMgr:DataCollectionService: stats => 1697998173834,-309,4308,-219,0,100
10-22 20:09:33.940 31549 31859 I BatteryMgr:DataCollectionService: stats => 1697998173940,-309,4308,-219,0,100
10-22 20:09:34.047 31549 31859 I BatteryMgr:DataCollectionService: stats => 1697998174047,-309,4308,-219,0,100
10-22 20:09:34.151 31549 31859 I BatteryMgr:DataCollectionService: stats => 1697998174151,-309,4308,-219,0,100
10-22 20:09:34.256 31549 31859 I BatteryMgr:DataCollectionService: stats => 1697998174256,-309,4308,-219,0,100
10-22 20:09:34.365 31549 31859 I BatteryMgr:DataCollectionService: stats => 1697998174365,-309,4308,-219,0,100
10-22 20:09:34.470 31549 31859 I BatteryMgr:DataCollectionService: stats => 1697998174470,-309,4308,-219,0,100
10-22 20:09:34.545  3957  4128 D WifiService: getConnectionInfo uid=1000
10-22 20:09:34.579 31549 31859 I BatteryMgr:DataCollectionService: stats => 1697998174579,-309,4308,-219,0,100
10-22 20:09:34.684 31549 31859 I BatteryMgr:DataCollectionService: stats => 1697998174684,-309,4308,-219,0,100
10-22 20:09:34.789 31549 31859 I BatteryMgr:DataCollectionService: stats => 1697998174788,-309,4308,-219,0,100
10-22 20:09:34.807  3957  4129 D WifiStateMachine:  ConnectedState !RSSI_PKTCNT_FETCH uid=1000 rt=604581391/1660556863 0 0 "ourhome" f4:6d:2f:12:cc:88 rssi=-44 f=5240 sc=60 link=433 tx=0.7, 0.0, 0.0  rx=4.7 bcn=610321 [on:0 tx:0 rx:0 period:1002] from screen [on:534293 period:3118475] score=60
10-22 20:09:34.809  3957  4129 D WifiStateMachine:  L2ConnectedState !RSSI_PKTCNT_FETCH uid=1000 rt=604581393/1660556865 0 0 "ourhome" f4:6d:2f:12:cc:88 rssi=-44 f=5240 sc=60 link=433 tx=0.7, 0.0, 0.0  rx=4.7 bcn=610321 [on:0 tx:0 rx:0 period:1] from screen [on:534293 period:3118476] score=60
10-22 20:09:34.815  3957  4129 D WifiStateMachine: fetchRssiLinkSpeedAndFrequencyNative rssi=-44 linkspeed=433 freq=5240
10-22 20:09:34.815  3957  4129 V WifiConfigManager: Updating scan detail cache freq=5240 BSSID=f4:6d:2f:12:cc:88 RSSI=-43 for "ourhome"WPA_PSK
10-22 20:09:34.893 31549 31859 I BatteryMgr:DataCollectionService: stats => 1697998174893,-309,4308,-219,0,100
10-22 20:09:35.002 31549 31859 I BatteryMgr:DataCollectionService: stats => 1697998175002,-309,4308,-219,0,100
10-22 20:09:35.110 31549 31859 I BatteryMgr:DataCollectionService: stats => 1697998175109,-309,4308,-219,0,100
10-22 20:09:35.217 31549 31859 I BatteryMgr:DataCollectionService: stats => 1697998175217,-309,4308,-219,0,100
10-22 20:09:35.325 31549 31859 I BatteryMgr:DataCollectionService: stats => 1697998175325,-309,4308,-219,0,100
10-22 20:09:35.432 31549 31859 I BatteryMgr:DataCollectionService: stats => 1697998175432,-309,4308,-219,0,100
10-22 20:09:35.538 31549 31859 I BatteryMgr:DataCollectionService: stats => 1697998175538,-309,4308,-219,0,100
10-22 20:09:35.547  3957  4128 D WifiService: getConnectionInfo uid=1000
10-22 20:09:35.645 31549 31859 I BatteryMgr:DataCollectionService: stats => 1697998175645,-309,4308,-219,0,100
10-22 20:09:35.749  4961  4961 D io_stats: !@ 179,0 r 10209872 335163428 w 2169851 42445396 d 174941 37320104 f 641241 666777 iot 4666220 4020604 th 51200 0 0 pt 0 inp 0 0 604582.333
10-22 20:09:35.753 31549 31859 I BatteryMgr:DataCollectionService: stats => 1697998175753,-309,4308,-219,0,100
10-22 20:09:35.808  3957  4129 D WifiStateMachine:  ConnectedState !RSSI_PKTCNT_FETCH uid=1000 rt=604582392/1660557864 0 0 "ourhome" f4:6d:2f:12:cc:88 rssi=-44 f=5240 sc=60 link=433 tx=0.7, 0.0, 0.0  rx=4.7 bcn=610321 [on:0 tx:0 rx:0 period:1000] from screen [on:534293 period:3119476] score=60
10-22 20:09:35.811  3957  4129 D WifiStateMachine:  L2ConnectedState !RSSI_PKTCNT_FETCH uid=1000 rt=604582394/1660557866 0 0 "ourhome" f4:6d:2f:12:cc:88 rssi=-44 f=5240 sc=60 link=433 tx=0.7, 0.0, 0.0  rx=4.7 bcn=610321 [on:0 tx:0 rx:0 period:3] from screen [on:534293 period:3119479] score=60
10-22 20:09:35.817  3957  4129 D WifiStateMachine: fetchRssiLinkSpeedAndFrequencyNative rssi=-44 linkspeed=433 freq=5240
10-22 20:09:35.817  3957  4129 V WifiConfigManager: Updating scan detail cache freq=5240 BSSID=f4:6d:2f:12:cc:88 RSSI=-43 for "ourhome"WPA_PSK
10-22 20:09:35.860 31549 31859 I BatteryMgr:DataCollectionService: stats => 1697998175860,-309,4308,-219,0,100
10-22 20:09:35.967 31549 31859 I BatteryMgr:DataCollectionService: stats => 1697998175967,-309,4308,-219,0,100
10-22 20:09:36.072 31549 31859 I BatteryMgr:DataCollectionService: stats => 1697998176072,-309,4308,-219,0,100
10-22 20:09:36.178 31549 31859 I BatteryMgr:DataCollectionService: stats => 1697998176178,-309,4308,-219,0,100
10-22 20:09:36.283 31549 31859 I BatteryMgr:DataCollectionService: stats => 1697998176283,-309,4308,-219,0,100
10-22 20:09:36.389 31549 31859 I BatteryMgr:DataCollectionService: stats => 1697998176389,-309,4308,-219,0,100
10-22 20:09:36.497 31549 31859 I BatteryMgr:DataCollectionService: stats => 1697998176497,-309,4308,-219,0,100
10-22 20:09:36.549  3957  4128 D WifiService: getConnectionInfo uid=1000
10-22 20:09:36.602 31549 31859 I BatteryMgr:DataCollectionService: stats => 1697998176602,-309,4308,-219,0,100
10-22 20:09:36.665  3957  4129 D WifiStateMachine:  ConnectedState !CMD_RSSI_POLL rt=604583249/1660558721 122 0 "ourhome" f4:6d:2f:12:cc:88 rssi=-44 f=5240 sc=60 link=433 tx=0.7, 0.0, 0.0  rx=4.7 bcn=610321 [on:0 tx:0 rx:0 period:854] from screen [on:534293 period:3120333] score=60
10-22 20:09:36.666  3957  4129 D WifiStateMachine:  L2ConnectedState !CMD_RSSI_POLL rt=604583250/1660558723 122 0 "ourhome" f4:6d:2f:12:cc:88 rssi=-44 f=5240 sc=60 link=433 tx=0.7, 0.0, 0.0  rx=4.7 bcn=610321 [on:0 tx:0 rx:0 period:0] from screen [on:534293 period:3120333] score=60
10-22 20:09:36.666  3957  4129 D WifiStateMachine:  get link layer stats 3
10-22 20:09:36.666  3436  3436 I android.hardware.wifi@1.0-service: getLinkLayerStats
10-22 20:09:36.684  3957  4129 D WifiStateMachine: fetchRssiLinkSpeedAndFrequencyNative rssi=-43 linkspeed=433 freq=5240
10-22 20:09:36.684  3957  4129 V WifiConfigManager: Updating scan detail cache freq=5240 BSSID=f4:6d:2f:12:cc:88 RSSI=-43 for "ourhome"WPA_PSK
10-22 20:09:36.687  4340  4340 E SignalClusterView: setSlotFocusVisible : subId -2
10-22 20:09:36.687  4340  4340 E SignalClusterView: setSlotFocusVisible : subId -2
10-22 20:09:36.707 31549 31859 I BatteryMgr:DataCollectionService: stats => 1697998176707,-309,4308,-219,0,100
10-22 20:09:36.808  3957  4129 D WifiStateMachine:  ConnectedState !RSSI_PKTCNT_FETCH uid=1000 rt=604583393/1660558866 0 0 "ourhome" f4:6d:2f:12:cc:88 rssi=-43 f=5240 sc=60 link=433 tx=2.8, 0.0, 0.0  rx=6.8 bcn=610351 [on:0 tx:0 rx:0 period:122] from screen [on:535383 period:3120476] score=60
10-22 20:09:36.810  3957  4129 D WifiStateMachine:  L2ConnectedState !RSSI_PKTCNT_FETCH uid=1000 rt=604583394/1660558867 0 0 "ourhome" f4:6d:2f:12:cc:88 rssi=-43 f=5240 sc=60 link=433 tx=2.8, 0.0, 0.0  rx=6.8 bcn=610351 [on:0 tx:0 rx:0 period:2] from screen [on:535383 period:3120478] score=60
10-22 20:09:36.813 31549 31859 I BatteryMgr:DataCollectionService: stats => 1697998176813,-309,4308,-219,0,100
10-22 20:09:36.816  3957  4129 D WifiStateMachine: fetchRssiLinkSpeedAndFrequencyNative rssi=-44 linkspeed=433 freq=5240
10-22 20:09:36.816  3957  4129 V WifiConfigManager: Updating scan detail cache freq=5240 BSSID=f4:6d:2f:12:cc:88 RSSI=-43 for "ourhome"WPA_PSK
10-22 20:09:36.918 31549 31859 I BatteryMgr:DataCollectionService: stats => 1697998176918,-309,4308,-219,0,100
10-22 20:09:37.023 31549 31859 I BatteryMgr:DataCollectionService: stats => 1697998177023,-210,4308,-238,0,100
10-22 20:09:37.129 31549 31859 I BatteryMgr:DataCollectionService: stats => 1697998177129,-210,4308,-238,0,100
10-22 20:09:37.236 31549 31859 I BatteryMgr:DataCollectionService: stats => 1697998177236,-210,4308,-238,0,100
10-22 20:09:37.340 31549 31859 I BatteryMgr:DataCollectionService: stats => 1697998177340,-210,4308,-238,0,100
