10-22 15:43:49.211  3447  3447 I SurfaceFlinger:      Device | 0x7e9cc0d780 | 0000 | RGBA_8888 |   0.0    0.0  720.0   42.0 |    0    0  720   42 | StatusBar#0
10-22 15:43:49.211  3447  3447 I SurfaceFlinger: 
10-22 15:43:49.212 30260 30260 V InputMethodManager: Starting input: tba=android.view.inputmethod.EditorInfo@994a62b nm : org.mozilla.fenix ic=null
10-22 15:43:49.213 11094 11094 E adbd    : recv: OPEN 0000d42b 00000000 0042:73 68 65 6C 6C 2C 76 32 2C 54 45 52 4D 3D 78 74 65 72 6D 2D 32 35 36 63 6F 6C 6F 72 2C 72 61 77 3A 67 65 74 70 72 6F 70 20 72 6F 2E 62 75 69 6C 64 2E 76 65 72 73 69 6F 6E 2E 72 65 6C 65 61 73 65 00 
10-22 15:43:49.213 11094 11094 E adbd    : service_to_fd: shell,v2,TERM=xterm-256color,raw:getprop ro.build.version.release
10-22 15:43:49.222 30420 30420 I zygote64: no shared libraies, dex_files: 1
10-22 15:43:49.250  3599  3918 D DnsProxyListener: DNSDBG::dns addrinfo af 0
10-22 15:43:49.251  3599  3918 I chatty  : uid=0(root) /system/bin/netd identical 1 line
10-22 15:43:49.256  3599  3918 D DnsProxyListener: DNSDBG::dns addrinfo af 0
10-22 15:43:49.268 11094 11094 E adbd    : recv: OPEN 0000d42f 00000000 003e:73 68 65 6C 6C 2C 76 32 2C 54 45 52 4D 3D 78 74 65 72 6D 2D 32 35 36 63 6F 6C 6F 72 2C 72 61 77 3A 67 65 74 70 72 6F 70 20 72 6F 2E 62 75 69 6C 64 2E 76 65 72 73 69 6F 6E 2E 73 64 6B 00 
10-22 15:43:49.268 11094 11094 E adbd    : service_to_fd: shell,v2,TERM=xterm-256color,raw:getprop ro.build.version.sdk
10-22 15:43:49.279 30260 30260 D skia    : approximate: numPoints=40, lengths[39]=620.200073, totalLength=620.200073, segmentPoints[39]=[422.600037,0.000000]
10-22 15:43:49.279 30260 30260 D skia    : approximate: approximation[117]=1.000000, approximation[118]=422.600037, approximation[119]=0.000000
10-22 15:43:49.280 30260 30260 D skia    : approximate: numPoints=4, lengths[3]=3.448155, totalLength=3.448155, segmentPoints[3]=[3.000000,0.100000]
10-22 15:43:49.280 30260 30260 D skia    : approximate: approximation[9]=1.000000, approximation[10]=3.000000, approximation[11]=0.100000
10-22 15:43:49.281 30260 30260 D skia    : approximate: numPoints=37, lengths[36]=722.199951, totalLength=722.199951, segmentPoints[36]=[199.600006,0.000000]
10-22 15:43:49.281 30260 30260 D skia    : approximate: approximation[108]=1.000000, approximation[109]=199.600006, approximation[110]=0.000000
10-22 15:43:49.281 30260 30260 D skia    : approximate: numPoints=3, lengths[2]=2.472497, totalLength=2.472497, segmentPoints[2]=[2.000000,0.100000]
10-22 15:43:49.281 30260 30260 D skia    : approximate: approximation[6]=1.000000, approximation[7]=2.000000, approximation[8]=0.100000
10-22 15:43:49.286 30260 30260 V InputMethodManager: Starting input: tba=android.view.inputmethod.EditorInfo@620342e nm : org.mozilla.fenix ic=null
10-22 15:43:49.287 30260 30260 I InputMethodManager: startInputInner - mService.startInputOrWindowGainedFocus
10-22 15:43:49.287  3957  8324 D InputMethodManagerService: startInputOrWindowGainedFocus : startInput 
10-22 15:43:49.287  3957  8324 D InputMethodManagerService: setCurrentInputInfo - inputContext : null eidtorInfo : android.view.inputmethod.EditorInfo@61c6c16 missingMethods : 0
10-22 15:43:49.288 14900 14900 I InputMethodWrapper:  call dispatchStartInputWithToken
10-22 15:43:49.288 14900 14900 I InputMethodService: dispatchStartInputWithToken
10-22 15:43:49.288 14900 14900 I SKBD    : SamsungKeypad [IMI] onStartInput - caller pid : 30260, caller uid : 10169
10-22 15:43:49.303 30420 30420 I ServiceChildProcess: onCreate
10-22 15:43:49.304 30420 30464 I GeckoThread: preparing to run Gecko
10-22 15:43:49.341  3957  4025 I WindowManager: Destroying surface Surface(name=Splash Screen org.mozilla.fenix) called by com.android.server.wm.WindowStateAnimator.destroySurface:2501 com.android.server.wm.WindowStateAnimator.destroySurfaceLocked:985 com.android.server.wm.WindowState.destroyOrSaveSurfaceUnchecked:3670 com.android.server.wm.WindowState.destroySurface:3618 com.android.server.wm.AppWindowToken.destroySurfaces:722 com.android.server.wm.AppWindowToken.destroySurfaces:706 com.android.server.wm.WindowState.onExitAnimationDone:5316 com.android.server.wm.WindowStateAnimator.stepAnimationLocked:550 
10-22 15:43:49.342  3447 18688 I SurfaceFlinger: id=3080 Removed Splash Screen org.mozilla.fenix#0 (4/5)
10-22 15:43:49.343  3447  3447 I SurfaceFlinger: Display 0 HWC layers:
10-22 15:43:49.343  3447  3447 I SurfaceFlinger:     type    |    handle    | flag |  format   |   source crop (l,t,r,b)    |         frame       | name 
10-22 15:43:49.343  3447  3447 I SurfaceFlinger: ------------+--------------+------+-----------+----------------------------+---------------------+------
10-22 15:43:49.343  3447  3447 I SurfaceFlinger:      Device | 0x7e9ed38f80 | 0000 | RGBA_8888 |   0.0    0.0  720.0 1280.0 |    0    0  720 1280 | org.mozilla.fenix/org.mozilla.fenix.App#0
10-22 15:43:49.343  3447  3447 I SurfaceFlinger:      Device | 0x7e9ec21fc0 | 0000 | RGBA_8888 |   0.0    0.0  720.0   42.0 |    0    0  720   42 | StatusBar#0
10-22 15:43:49.343  3447  3447 I SurfaceFlinger: 
10-22 15:43:49.348 11094 11094 E adbd    : recv: OPEN 0000d433 00000000 0042:73 68 65 6C 6C 2C 76 32 2C 54 45 52 4D 3D 78 74 65 72 6D 2D 32 35 36 63 6F 6C 6F 72 2C 72 61 77 3A 67 65 74 70 72 6F 70 20 72 6F 2E 62 75 69 6C 64 2E 76 65 72 73 69 6F 6E 2E 72 65 6C 65 61 73 65 00 
10-22 15:43:49.348 11094 11094 E adbd    : service_to_fd: shell,v2,TERM=xterm-256color,raw:getprop ro.build.version.release
10-22 15:43:49.349  3447  5168 I SurfaceFlinger: id=3080 Removed Splash Screen org.mozilla.fenix#0 (-2/5)
10-22 15:43:49.356  3957  9502 D ConnectivityService: filterNetworkStateForUid() uid: 10169 networkInfo: [type: WIFI[] - WIFI, state: CONNECTED/CONNECTED, reason: (unspecified), extra: "ourhome", failover: false, available: true, roaming: false, metered: false]
10-22 15:43:49.356  3957  9502 D WifiService: getConnectionInfo uid=1000
10-22 15:43:49.357  3447  3447 I Layer   : id=3080 onRemoved Splash Screen org.mozilla.fenix#0 
10-22 15:43:49.357  3957  9502 I chatty  : uid=1000(system) Binder:3957_15 identical 1 line
10-22 15:43:49.357  3957  9502 D WifiService: getConnectionInfo uid=1000
10-22 15:43:49.359  3957  9502 D ConnectivityService: filterNetworkStateForUid() uid: 10169 networkInfo: [type: WIFI[] - WIFI, state: CONNECTED/CONNECTED, reason: (unspecified), extra: "ourhome", failover: false, available: true, roaming: false, metered: false]
10-22 15:43:49.359  3957  9502 D WifiService: getConnectionInfo uid=1000
10-22 15:43:49.359  3599  3918 D DnsProxyListener: DNSDBG::dns addrinfo af 0
10-22 15:43:49.369  3957  9502 V WindowManager: Relayout Window{a02d6bc u0 org.mozilla.fenix/org.mozilla.fenix.App}: viewVisibility=0 req=720x1280 WM.LayoutParams{(0,0)(fillxfill) sim=#10 ty=1 fl=#81010100 pfl=0x20000 fmt=-3 wanim=0x7f1404fa vsysui=0x2610 needsMenuKey=2 colorMode=0 naviIconColor=0}
10-22 15:43:49.373 30260 30260 D ViewRootImpl@bc73a50[App]: Relayout returned: old=[0,0][720,1280] new=[0,0][720,1280] result=0x1 surface={valid=true 499291865088} changed=false
10-22 15:43:49.385 30420 30464 W linker  : "/data/app/org.mozilla.fenix-iWpGOrf8cry6RDpwHyQugA==/lib/arm64/libmozglue.so" unused DT entry: type 0x8000024 arg 0x38f70
10-22 15:43:49.385 30260 30290 W GeckoEventDispatcher: No listener for GeckoView:PageAction:Update
10-22 15:43:49.385 30420 30464 W linker  : "/data/app/org.mozilla.fenix-iWpGOrf8cry6RDpwHyQugA==/lib/arm64/libmozglue.so" unused DT entry: type 0x8000023 arg 0x1f8
10-22 15:43:49.385 30420 30464 W linker  : "/data/app/org.mozilla.fenix-iWpGOrf8cry6RDpwHyQugA==/lib/arm64/libmozglue.so" unused DT entry: type 0x8000025 arg 0x8
10-22 15:43:49.387 30420 30464 I GeckoLoader: Library base=/data/app/org.mozilla.fenix-iWpGOrf8cry6RDpwHyQugA==/lib/arm64
10-22 15:43:49.388 30420 30464 I GeckoLoader: Library base=/data/app/org.mozilla.fenix-iWpGOrf8cry6RDpwHyQugA==/lib/arm64
10-22 15:43:49.389 30420 30464 E GeckoLibLoad: Load sqlite start
10-22 15:43:49.390 30420 30464 W linker  : "/data/app/org.mozilla.fenix-iWpGOrf8cry6RDpwHyQugA==/lib/arm64/libnss3.so" unused DT entry: type 0x8000024 arg 0x14998
10-22 15:43:49.390 30420 30464 W linker  : "/data/app/org.mozilla.fenix-iWpGOrf8cry6RDpwHyQugA==/lib/arm64/libnss3.so" unused DT entry: type 0x8000023 arg 0x5c8
10-22 15:43:49.390 30420 30464 W linker  : "/data/app/org.mozilla.fenix-iWpGOrf8cry6RDpwHyQugA==/lib/arm64/libnss3.so" unused DT entry: type 0x8000025 arg 0x8
10-22 15:43:49.392 30420 30464 E GeckoLibLoad: Load sqlite done
10-22 15:43:49.392 30420 30464 I GeckoLoader: Library base=/data/app/org.mozilla.fenix-iWpGOrf8cry6RDpwHyQugA==/lib/arm64
10-22 15:43:49.393 30420 30464 E GeckoLibLoad: Load nss start
10-22 15:43:49.393 30420 30464 E GeckoLibLoad: Load nss done
10-22 15:43:49.393 30420 30464 I GeckoLoader: Library base=/data/app/org.mozilla.fenix-iWpGOrf8cry6RDpwHyQugA==/lib/arm64
10-22 15:43:49.397 30420 30464 W linker  : "/data/app/org.mozilla.fenix-iWpGOrf8cry6RDpwHyQugA==/lib/arm64/libxul.so" unused DT entry: type 0x8000024 arg 0x539420
10-22 15:43:49.397 30420 30464 W linker  : "/data/app/org.mozilla.fenix-iWpGOrf8cry6RDpwHyQugA==/lib/arm64/libxul.so" unused DT entry: type 0x8000023 arg 0x17d68
10-22 15:43:49.397 30420 30464 W linker  : "/data/app/org.mozilla.fenix-iWpGOrf8cry6RDpwHyQugA==/lib/arm64/libxul.so" unused DT entry: type 0x8000025 arg 0x8
10-22 15:43:49.403 11094 11094 E adbd    : recv: OPEN 0000d437 00000000 003e:73 68 65 6C 6C 2C 76 32 2C 54 45 52 4D 3D 78 74 65 72 6D 2D 32 35 36 63 6F 6C 6F 72 2C 72 61 77 3A 67 65 74 70 72 6F 70 20 72 6F 2E 62 75 69 6C 64 2E 76 65 72 73 69 6F 6E 2E 73 64 6B 00 
10-22 15:43:49.403 11094 11094 E adbd    : service_to_fd: shell,v2,TERM=xterm-256color,raw:getprop ro.build.version.sdk
10-22 15:43:49.414  3957  9502 V WindowManager: rotationForOrientationLw(orient=2, last=0); user=0  sensorRotation=-1 mLidState=-1 mDockMode=0 mHdmiPlugged=false
10-22 15:43:49.419  3957  9502 V WindowManager: Relayout Window{a02d6bc u0 org.mozilla.fenix/org.mozilla.fenix.App}: viewVisibility=0 req=720x1280 WM.LayoutParams{(0,0)(fillxfill) sim=#10 ty=1 fl=#81010100 pfl=0x20000 fmt=-3 wanim=0x7f1404fa vsysui=0x2610 needsMenuKey=2 colorMode=0 naviIconColor=0}
10-22 15:43:49.420 30420 30464 E GeckoLibLoad: Loaded libs in 26.421962ms total, 12ms(12ms) user, 16ms(12ms) system, 0(0) faults
10-22 15:43:49.420 30420 30464 W GeckoThread: zerdatime 1644611478 - runGecko
10-22 15:43:49.424 30260 30260 D ViewRootImpl@bc73a50[App]: Relayout returned: old=[0,0][720,1280] new=[0,0][720,1280] result=0x1 surface={valid=true 499291865088} changed=false
10-22 15:43:49.454 30260 30260 I SessionPrioritizationMiddleware: Update the currentSelectedTab 0bc9df09-a749-4381-873d-08f227e3cdd3 priority to HIGH
10-22 15:43:49.465 11094 11094 E adbd    : recv: OPEN 0000d43b 00000000 015d:73 68 65 6C 6C 2C 76 32 2C 54 45 52 4D 3D 78 74 65 72 6D 2D 32 35 36 63 6F 6C 6F 72 2C 72 61 77 3A 61 6D 20 73 74 61 72 74 2D 66 6F 72 65 67 72 6F 75 6E 64 2D 73 65 72 76 69 63 65 20 2D 6E 20 22 63 6F 6D 2E 65 78 61 6D 70 6C 65 2E 62 61 74 74 65 72 79 6D 61 6E 61 67 65 72 5F 75 74 69 6C 69 74 79 2F 63 6F 6D 2E 65 78 61 6D 70 6C 65 2E 62 61 74 74 65 72 79 6D 61 6E 61 67 65 72 5F 75 74 69 6C 69 74 79 2E 44 61 74 61 43 6F 6C 6C 65 63 74 69 6F 6E 53 65 72 76 69 63 65 22 20 2D 2D 65 69 20 73 61 6D 70 6C 65 52 61 74 65 20 31 30 30 20 2D 2D 65 73 20 22 64 61 74 61 46 69 65 6C 64 73 22 20 22 42 41 54 54 45 52 59 5F 50 52 4F 50 45 52 54 59 5F 43 55 52 52 45 4E 54 5F 4E 4F 57 2C 45 58 54 52 41 5F 56 4F 4C 54 41 47 45 2C 42 41 54 54 45 52 59 5F 50 52 4F 50 45 52 54 59 5F 43 55 52 52 45 4E 54 5F 41 56 45 52 41 47 45 2C 42 41 54 54 45 52 59 5F 50 52 4F 50 45 52 54 59 5F 43 48 41 52 47 45 5F 43 4F 55 4E 54 45 52 2C 42 41 54 54 45 52 59 5F 50 52 4F 50 45 52 54 59 5F 43 41 50 41 43 49 54 59
10-22 15:43:49.465 11094 11094 E adbd    : service_to_fd: shell,v2,TERM=xterm-256color,raw:am start-foreground-service -n "com.example.batterymanager_utility/com.example.batterymanager_utility.DataCollectionService" --ei sampleRate 100 --es "dataFields" "BATTERY_PROPERTY_CURRENT_NOW,EXTRA_VOLTAGE,BATTERY_PROPERTY_CURRENT_AVERAGE,BATTERY_PROPERTY_CHARGE_COUNTER,BATTERY_PROPERTY_CAPACITY" --ez toCSV false
10-22 15:43:49.486 23612 23623 I FontLog : (REDACTED) Received query %s, URI %s
10-22 15:43:49.488 23612 23623 I FontLog : (REDACTED) Query [%s] resolved to %s
10-22 15:43:49.497 23612 23623 I FontLog : (REDACTED) Fetch %s end status %s
10-22 15:43:49.506 23612 23623 I FontLog : (REDACTED) Pulling font file for id = %d, cache size = %d
10-22 15:43:49.509  3957  4129 D WifiStateMachine:  ConnectedState !RSSI_PKTCNT_FETCH uid=1000 rt=588636093/1644611565 0 0 "ourhome" f4:6d:2f:12:cc:88 rssi=-45 f=5240 sc=60 link=433 tx=0.7, 0.0, 0.0  rx=0.9 bcn=465305 [on:0 tx:0 rx:0 period:1000] from screen [on:25692 period:222323] score=60
10-22 15:43:49.510  3957  4129 D WifiStateMachine:  L2ConnectedState !RSSI_PKTCNT_FETCH uid=1000 rt=588636095/1644611567 0 0 "ourhome" f4:6d:2f:12:cc:88 rssi=-45 f=5240 sc=60 link=433 tx=0.7, 0.0, 0.0  rx=0.9 bcn=465305 [on:0 tx:0 rx:0 period:2] from screen [on:25692 period:222325] score=60
10-22 15:43:49.511  3957  4129 D WifiStateMachine: fetchRssiLinkSpeedAndFrequencyNative rssi=-49 linkspeed=433 freq=5240
10-22 15:43:49.511  3957  4129 V WifiConfigManager: Updating scan detail cache freq=5240 BSSID=f4:6d:2f:12:cc:88 RSSI=-47 for "ourhome"WPA_PSK
10-22 15:43:49.518 23612 23623 I FontLog : (REDACTED) Pulling font file for id = %d, cache size = %d
10-22 15:43:49.536 30420 30464 W AudioCapabilities: Unsupported mime audio/mpeg-L1
10-22 15:43:49.536 30420 30464 W AudioCapabilities: Unsupported mime audio/mpeg-L2
10-22 15:43:49.538 30420 30464 W AudioCapabilities: Unsupported mime audio/x-ms-wma
10-22 15:43:49.539 30420 30464 W AudioCapabilities: Unsupported mime audio/x-ima
10-22 15:43:49.544 30217 30217 I BatteryMgr:DataCollectionService: onStartCommand: begin
10-22 15:43:49.544 30217 30217 I BatteryMgr:DataCollectionService: onStartCommand: sampleRate => 100
10-22 15:43:49.544 30217 30217 I BatteryMgr:DataCollectionService: onStartCommand: rawFields => Timestamp,BATTERY_PROPERTY_CURRENT_NOW,EXTRA_VOLTAGE,BATTERY_PROPERTY_CURRENT_AVERAGE,BATTERY_PROPERTY_CHARGE_COUNTER,BATTERY_PROPERTY_CAPACITY
10-22 15:43:49.545 30217 30217 I BatteryMgr:DataCollectionService: onStartCommand: notification done
10-22 15:43:49.545 30420 30464 W VideoCapabilities: Unrecognized profile 2130706433 for video/avc
10-22 15:43:49.545 30420 30464 W VideoCapabilities: Unrecognized profile 2130706434 for video/avc
10-22 15:43:49.546 30217 30217 D Notification: allPendingIntents
10-22 15:43:49.547 30217 30217 I BatteryMgr:DataCollectionService: started foreground
10-22 15:43:49.548 30420 30464 W VideoCapabilities: Unrecognized profile 2130706433 for video/avc
10-22 15:43:49.548 30420 30464 W VideoCapabilities: Unrecognized profile 2130706434 for video/avc
10-22 15:43:49.552  3957  3972 D ApplicationPolicy: isStatusBarNotificationAllowedAsUser: packageName = android,userId = 0
10-22 15:43:49.552  3957  3972 D API test: getContainerInfo: value is 
10-22 15:43:49.552  3957  3972 D ApplicationPolicy: isStatusBarNotificationAllowedAsUser: packageName = android,userId = 0
10-22 15:43:49.552  3957  3972 D API test: getContainerInfo: value is 
10-22 15:43:49.553  3957  3972 E NotificationService: Suppressing notification from package by user request.
10-22 15:43:49.553  3957  3972 D ApplicationPolicy: isStatusBarNotificationAllowedAsUser: packageName = com.example.batterymanager_utility,userId = 0
10-22 15:43:49.553  3957  3972 D API test: getContainerInfo: value is 
10-22 15:43:49.553  3957  3972 D ApplicationPolicy: isStatusBarNotificationAllowedAsUser: packageName = com.example.batterymanager_utility,userId = 0
10-22 15:43:49.553  3957  3972 D API test: getContainerInfo: value is 
10-22 15:43:49.555 30217 30512 I BatteryMgr:DataCollectionService: collectData: begin
10-22 15:43:49.559  3957  3957 I AccessibilityManagerService: semOnLightNotification(null), bIsFlashOn : false
10-22 15:43:49.559  3957  3957 D AccessibilityManagerService: Can't use light notification
10-22 15:43:49.562 30217 30512 I BatteryMgr:DataCollectionService: stats => 1697982229561,-132,4260,-146,0,100
10-22 15:43:49.563 30420 30464 W VideoCapabilities: Unrecognized profile 2130706433 for video/avc
10-22 15:43:49.563 30420 30464 W VideoCapabilities: Unrecognized profile 2130706434 for video/avc
10-22 15:43:49.565 30420 30464 W VideoCapabilities: Unsupported mime video/avc-wfd
10-22 15:43:49.566  3957  3957 D AudioService: getStreamVolume 5 index 110
10-22 15:43:49.568 11094 11094 E adbd    : recv: OPEN 0000d43f 00000000 0042:73 68 65 6C 6C 2C 76 32 2C 54 45 52 4D 3D 78 74 65 72 6D 2D 32 35 36 63 6F 6C 6F 72 2C 72 61 77 3A 67 65 74 70 72 6F 70 20 72 6F 2E 62 75 69 6C 64 2E 76 65 72 73 69 6F 6E 2E 72 65 6C 65 61 73 65 00 
10-22 15:43:49.568 11094 11094 E adbd    : service_to_fd: shell,v2,TERM=xterm-256color,raw:getprop ro.build.version.release
10-22 15:43:49.568  3957  9774 D Notification: allPendingIntents
10-22 15:43:49.569  3957  9502 D Notification: allPendingIntents
10-22 15:43:49.569  4340  4340 D StatusBar: addNotification key=0|com.example.batterymanager_utility|1|null|10170 fullscreen:false
10-22 15:43:49.575 30260 30290 W ResourceType: Too many attribute references, stopped at: 0x01010099
10-22 15:43:49.600 30420 30464 I VideoCapabilities: Unsupported profile 4 for video/mp4v-es
10-22 15:43:49.622 11094 11094 E adbd    : recv: OPEN 0000d443 00000000 003e:73 68 65 6C 6C 2C 76 32 2C 54 45 52 4D 3D 78 74 65 72 6D 2D 32 35 36 63 6F 6C 6F 72 2C 72 61 77 3A 67 65 74 70 72 6F 70 20 72 6F 2E 62 75 69 6C 64 2E 76 65 72 73 69 6F 6E 2E 73 64 6B 00 
10-22 15:43:49.622 11094 11094 E adbd    : service_to_fd: shell,v2,TERM=xterm-256color,raw:getprop ro.build.version.sdk
10-22 15:43:49.629 30420 30464 W VideoCapabilities: Unrecognized profile/level 1/32 for video/mp4v-es
10-22 15:43:49.629 30420 30464 W VideoCapabilities: Unrecognized profile/level 32768/2 for video/mp4v-es
10-22 15:43:49.629 30420 30464 W VideoCapabilities: Unrecognized profile/level 32768/64 for video/mp4v-es
10-22 15:43:49.631 30420 30464 W VideoCapabilities: Unsupported mime video/wvc1
10-22 15:43:49.633 30420 30464 W VideoCapabilities: Unsupported mime video/x-ms-wmv
10-22 15:43:49.634  3957  4089 D MdnieScenarioControlService:  packageName : org.mozilla.fenix    className : org.mozilla.fenix.App
10-22 15:43:49.634  3957  4089 V MdnieScenarioControlService: setUIMode from UI function(3)
10-22 15:43:49.635 30420 30464 W VideoCapabilities: Unsupported mime video/x-ms-wmv7
10-22 15:43:49.637 30420 30464 W VideoCapabilities: Unsupported mime video/x-ms-wmv8
10-22 15:43:49.638 30420 30464 W VideoCapabilities: Unsupported mime video/mp43
10-22 15:43:49.643 30420 30464 W AudioCapabilities: Unsupported mime audio/mpeg-L1
10-22 15:43:49.643 30420 30464 W AudioCapabilities: Unsupported mime audio/mpeg-L2
10-22 15:43:49.643 30420 30464 W AudioCapabilities: Unsupported mime audio/x-ms-wma
10-22 15:43:49.643 30420 30464 W AudioCapabilities: Unsupported mime audio/x-ima
10-22 15:43:49.645 30420 30464 W VideoCapabilities: Unrecognized profile 2130706433 for video/avc
10-22 15:43:49.645 30420 30464 W VideoCapabilities: Unrecognized profile 2130706434 for video/avc
10-22 15:43:49.648 30420 30464 W VideoCapabilities: Unrecognized profile/level 1/32 for video/mp4v-es
10-22 15:43:49.648 30420 30464 W VideoCapabilities: Unrecognized profile/level 32768/2 for video/mp4v-es
10-22 15:43:49.648 30420 30464 W VideoCapabilities: Unrecognized profile/level 32768/64 for video/mp4v-es
10-22 15:43:49.649 30420 30464 W VideoCapabilities: Unsupported mime video/wvc1
10-22 15:43:49.649 30420 30464 W VideoCapabilities: Unsupported mime video/x-ms-wmv
10-22 15:43:49.650 30420 30464 W VideoCapabilities: Unsupported mime video/x-ms-wmv7
10-22 15:43:49.651 30420 30464 W VideoCapabilities: Unsupported mime video/x-ms-wmv8
10-22 15:43:49.652 30420 30464 W VideoCapabilities: Unsupported mime video/mp43
10-22 15:43:49.656  4340  4340 D KeyguardUpdateMonitor: handleStatusBarState( false )
10-22 15:43:49.668 30217 30512 I BatteryMgr:DataCollectionService: stats => 1697982229668,-132,4260,-146,0,100
10-22 15:43:49.675 30349 30372 W linker  : "/data/app/org.mozilla.fenix-iWpGOrf8cry6RDpwHyQugA==/lib/arm64/libmozglue.so" unused DT entry: type 0x8000024 arg 0x38f70
10-22 15:43:49.675 30349 30372 W linker  : "/data/app/org.mozilla.fenix-iWpGOrf8cry6RDpwHyQugA==/lib/arm64/libmozglue.so" unused DT entry: type 0x8000023 arg 0x1f8
10-22 15:43:49.676 30349 30372 W linker  : "/data/app/org.mozilla.fenix-iWpGOrf8cry6RDpwHyQugA==/lib/arm64/libmozglue.so" unused DT entry: type 0x8000025 arg 0x8
10-22 15:43:49.680 30349 30372 I GeckoLoader: Library base=/data/app/org.mozilla.fenix-iWpGOrf8cry6RDpwHyQugA==/lib/arm64
10-22 15:43:49.680 30349 30372 I GeckoLoader: Library base=/data/app/org.mozilla.fenix-iWpGOrf8cry6RDpwHyQugA==/lib/arm64
10-22 15:43:49.681 30349 30372 E GeckoLibLoad: Load sqlite start
10-22 15:43:49.682 30260 30290 W AudioCapabilities: Unsupported mime audio/mpeg-L1
10-22 15:43:49.682 30349 30372 W linker  : "/data/app/org.mozilla.fenix-iWpGOrf8cry6RDpwHyQugA==/lib/arm64/libnss3.so" unused DT entry: type 0x8000024 arg 0x14998
10-22 15:43:49.682 30349 30372 W linker  : "/data/app/org.mozilla.fenix-iWpGOrf8cry6RDpwHyQugA==/lib/arm64/libnss3.so" unused DT entry: type 0x8000023 arg 0x5c8
10-22 15:43:49.682 30260 30290 W AudioCapabilities: Unsupported mime audio/mpeg-L2
10-22 15:43:49.682 30349 30372 W linker  : "/data/app/org.mozilla.fenix-iWpGOrf8cry6RDpwHyQugA==/lib/arm64/libnss3.so" unused DT entry: type 0x8000025 arg 0x8
10-22 15:43:49.683 30260 30290 W AudioCapabilities: Unsupported mime audio/x-ms-wma
10-22 15:43:49.684 30349 30372 E GeckoLibLoad: Load sqlite done
10-22 15:43:49.684 30260 30290 W AudioCapabilities: Unsupported mime audio/x-ima
10-22 15:43:49.684 30349 30372 I GeckoLoader: Library base=/data/app/org.mozilla.fenix-iWpGOrf8cry6RDpwHyQugA==/lib/arm64
10-22 15:43:49.684 30349 30372 E GeckoLibLoad: Load nss start
10-22 15:43:49.684 30349 30372 E GeckoLibLoad: Load nss done
10-22 15:43:49.684 30349 30372 I GeckoLoader: Library base=/data/app/org.mozilla.fenix-iWpGOrf8cry6RDpwHyQugA==/lib/arm64
10-22 15:43:49.687 30260 30290 W VideoCapabilities: Unrecognized profile 2130706433 for video/avc
10-22 15:43:49.687 30260 30290 W VideoCapabilities: Unrecognized profile 2130706434 for video/avc
10-22 15:43:49.688 30349 30372 W linker  : "/data/app/org.mozilla.fenix-iWpGOrf8cry6RDpwHyQugA==/lib/arm64/libxul.so" unused DT entry: type 0x8000024 arg 0x539420
10-22 15:43:49.688 30349 30372 W linker  : "/data/app/org.mozilla.fenix-iWpGOrf8cry6RDpwHyQugA==/lib/arm64/libxul.so" unused DT entry: type 0x8000023 arg 0x17d68
10-22 15:43:49.688 30349 30372 W linker  : "/data/app/org.mozilla.fenix-iWpGOrf8cry6RDpwHyQugA==/lib/arm64/libxul.so" unused DT entry: type 0x8000025 arg 0x8
10-22 15:43:49.688 30260 30290 W VideoCapabilities: Unrecognized profile 2130706433 for video/avc
10-22 15:43:49.688 30260 30290 W VideoCapabilities: Unrecognized profile 2130706434 for video/avc
10-22 15:43:49.701 30260 30290 W VideoCapabilities: Unrecognized profile 2130706433 for video/avc
10-22 15:43:49.701 30260 30290 W VideoCapabilities: Unrecognized profile 2130706434 for video/avc
10-22 15:43:49.704 30260 30290 W VideoCapabilities: Unsupported mime video/avc-wfd
10-22 15:43:49.709 30349 30372 E GeckoLibLoad: Loaded libs in 24.536192ms total, 12ms(12ms) user, 12ms(12ms) system, 0(0) faults
10-22 15:43:49.709 30349 30372 W GeckoThread: zerdatime 1644611767 - runGecko
10-22 15:43:49.737 30260 30290 I VideoCapabilities: Unsupported profile 4 for video/mp4v-es
10-22 15:43:49.767 30260 30290 W VideoCapabilities: Unrecognized profile/level 1/32 for video/mp4v-es
10-22 15:43:49.767 30260 30290 W VideoCapabilities: Unrecognized profile/level 32768/2 for video/mp4v-es
10-22 15:43:49.767 30260 30290 W VideoCapabilities: Unrecognized profile/level 32768/64 for video/mp4v-es
10-22 15:43:49.769 30260 30290 W VideoCapabilities: Unsupported mime video/wvc1
10-22 15:43:49.772 30260 30290 W VideoCapabilities: Unsupported mime video/x-ms-wmv
10-22 15:43:49.772  3957  3957 D CustomFrequencyManagerService: releaseDVFSLockLocked : Getting Lock type frm List : DVFS_MIN_LIMIT  frequency : 1560000  uid : 1000  pid : 3957  tag : AMS_RESUME_TAIL@CPU_MIN@58
10-22 15:43:49.775 30260 30290 W VideoCapabilities: Unsupported mime video/x-ms-wmv7
10-22 15:43:49.778 30217 30512 I BatteryMgr:DataCollectionService: stats => 1697982229778,-132,4260,-146,0,100
10-22 15:43:49.778 30260 30290 W VideoCapabilities: Unsupported mime video/x-ms-wmv8
10-22 15:43:49.781 30260 30290 W VideoCapabilities: Unsupported mime video/mp43
10-22 15:43:49.788  3957  4128 D WifiService: getConnectionInfo uid=1000
10-22 15:43:49.790 30260 30290 W AudioCapabilities: Unsupported mime audio/mpeg-L1
10-22 15:43:49.790 30260 30290 W AudioCapabilities: Unsupported mime audio/mpeg-L2
10-22 15:43:49.791 30260 30290 W AudioCapabilities: Unsupported mime audio/x-ms-wma
10-22 15:43:49.791 30260 30290 W AudioCapabilities: Unsupported mime audio/x-ima
10-22 15:43:49.795 30260 30290 W VideoCapabilities: Unrecognized profile 2130706433 for video/avc
10-22 15:43:49.795 30260 30290 W VideoCapabilities: Unrecognized profile 2130706434 for video/avc
10-22 15:43:49.800 30260 30290 W VideoCapabilities: Unrecognized profile/level 1/32 for video/mp4v-es
10-22 15:43:49.800 30260 30290 W VideoCapabilities: Unrecognized profile/level 32768/2 for video/mp4v-es
10-22 15:43:49.800 30260 30290 W VideoCapabilities: Unrecognized profile/level 32768/64 for video/mp4v-es
10-22 15:43:49.800 30260 30290 W VideoCapabilities: Unsupported mime video/wvc1
10-22 15:43:49.801 30260 30290 W VideoCapabilities: Unsupported mime video/x-ms-wmv
10-22 15:43:49.801 30260 30290 W VideoCapabilities: Unsupported mime video/x-ms-wmv7
10-22 15:43:49.802 30260 30290 W VideoCapabilities: Unsupported mime video/x-ms-wmv8
10-22 15:43:49.802 30260 30290 W VideoCapabilities: Unsupported mime video/mp43
10-22 15:43:49.826 30420 30483 D libGLESv2: STS_GLApi : DTS, ODTC are not allowed for Package : org.mozilla.fenix:gpu
10-22 15:43:49.831 30420 30441 V Surface : sf_framedrop debug : 0x4f4c, game : false, logging : 0
10-22 15:43:49.834 30420 30483 D mali_winsys: EGLint new_window_surface(egl_winsys_display *, void *, EGLSurface, EGLConfig, egl_winsys_surface **, egl_color_buffer_format *, EGLBoolean) returns 0x3000,  [720x1238]-format:2
10-22 15:43:49.840 30260 30290 I GeckoSession: zerdatime 1644611898 - chrome startup finished
10-22 15:43:49.851 30260 30442 I libglean_ffi: glean_core::upload: Ping 315f6b00-b6b9-4901-8ee0-1db2dc830470 successfully sent 200.
10-22 15:43:49.855 30260 30442 I libglean_ffi: glean_core::upload::directory: File was deleted /data/user/0/org.mozilla.fenix/glean_data/pending_pings/315f6b00-b6b9-4901-8ee0-1db2dc830470
10-22 15:43:49.857 30260 30442 I libglean_ffi: glean_core::upload: New upload task with id a5ba8c00-2384-4602-9ef5-19d5b5af5701 (path: /submit/org-mozilla-fenix/baseline/1/a5ba8c00-2384-4602-9ef5-19d5b5af5701)
10-22 15:43:49.859 30260 30260 I GeckoSession: handleMessage GeckoView:PageStart uri=
10-22 15:43:49.860 30260 30260 I GeckoSession: handleMessage GeckoView:PageStop uri=null
10-22 15:43:49.887 30217 30512 I BatteryMgr:DataCollectionService: stats => 1697982229886,-132,4260,-146,0,100
10-22 15:43:49.897 30260 30260 I GeckoSession: handleMessage GeckoView:PageStart uri=
10-22 15:43:49.910  3599  3918 D DnsProxyListener: DNSDBG::dns addrinfo af 0
10-22 15:43:49.944  3447  3447 I SurfaceFlinger: Display 0 HWC layers:
10-22 15:43:49.944  3447  3447 I SurfaceFlinger:     type    |    handle    | flag |  format   |   source crop (l,t,r,b)    |         frame       | name 
10-22 15:43:49.944  3447  3447 I SurfaceFlinger: ------------+--------------+------+-----------+----------------------------+---------------------+------
10-22 15:43:49.944  3447  3447 I SurfaceFlinger:      Device | 0x7e9ec21c00 | 0000 | RGBx_8888 |   0.0    0.0  720.0 1238.0 |    0   42  720 1280 | SurfaceView - org.mozilla.fenix/org.mozilla.fenix.App@76479fe@0#0
10-22 15:43:49.944  3447  3447 I SurfaceFlinger:      Device | 0x7e9ed38f80 | 0000 | RGBA_8888 |   0.0    0.0  720.0 1280.0 |    0    0  720 1280 | org.mozilla.fenix/org.mozilla.fenix.App#0
10-22 15:43:49.944  3447  3447 I SurfaceFlinger:      Device | 0x7e9cc0d780 | 0000 | RGBA_8888 |   0.0    0.0  720.0   42.0 |    0    0  720   42 | StatusBar#0
10-22 15:43:49.944  3447  3447 I SurfaceFlinger: 
10-22 15:43:49.968 30260 30290 D GeckoIdleService: Setting timer a day from now
10-22 15:43:49.972 30260 30290 D GeckoIdleService: Register idle observer 0x7424f687a8 for 5 seconds
10-22 15:43:49.972 30260 30290 D GeckoIdleService: Register: adjusting next switch from -1 to 5 seconds
10-22 15:43:49.972 30260 30290 D GeckoIdleService: next timeout 4995 msec from now
10-22 15:43:49.972 30260 30290 D GeckoIdleService: SetTimerExpiryIfBefore: next timeout 4995 msec from now
10-22 15:43:49.972 30260 30290 D GeckoIdleService: reset timer expiry to 5005 msec from now
10-22 15:43:49.996 30217 30512 I BatteryMgr:DataCollectionService: stats => 1697982229995,-132,4260,-146,0,100
10-22 15:43:50.035  3957  9774 D StorageManagerService: getExternalStorageMountMode : 1
10-22 15:43:50.036  3957  9774 D StorageManagerService: getExternalStorageMountMode : 3
10-22 15:43:50.036  3957  9774 D StorageManagerService: getExternalStorageMountMode : final mountMode=1, uid : 10169, packageName : org.mozilla.fenix
10-22 15:43:50.036  3957  9774 I ApplicationPolicy: isApplicationExternalStorageWhitelisted:org.mozilla.fenix user:0
10-22 15:43:50.036  3957  9774 D ApplicationPolicy: isApplicationExternalStorageWhitelisted: DO is not enabled on user 0. Allowed.
10-22 15:43:50.036  3957  9774 D ActivityManager: package  org.mozilla.fenix, user - 0 is SDcard whitelisted
10-22 15:43:50.036  3957  9774 I ApplicationPolicy: isApplicationExternalStorageBlacklisted:org.mozilla.fenix user:0
10-22 15:43:50.036  3957  9774 D ApplicationPolicy: isApplicationExternalStorageBlacklisted: DO is not enabled on user 0. Allowed.
10-22 15:43:50.051  3957  3957 D PreBindingService: handleMessage : 1
10-22 15:43:50.052 30573 30573 E Zygote  : isWhitelistProcess - Process is Whitelisted
10-22 15:43:50.053 30573 30573 E libpersona: scanKnoxPersonas
10-22 15:43:50.053 30573 30573 E libpersona: Couldn't open the File - /data/system/users/0/personalist.xml - No such file or directory
10-22 15:43:50.054  3957  9774 I ActivityManager: Start proc 30573:org.mozilla.fenix:tab8/u0a169 for service org.mozilla.fenix/org.mozilla.gecko.process.GeckoChildProcessServices$tab8
10-22 15:43:50.057 30573 30573 W SELinux : SELinux selinux_android_compute_policy_index : Policy Index[2],  Con:u:r:zygote:s0 RAM:SEPF_SM-J720F_8.0.0_0002, [-1 -1 -1 -1 0 1]
10-22 15:43:50.058 30573 30573 I SELinux : SELinux: seapp_context_lookup: seinfo=untrusted, level=s0:c512,c768, pkgname=org.mozilla.fenix:tab8 
10-22 15:43:50.085 30573 30573 D TimaKeyStoreProvider: TimaKeyStore is not enabled: cannot add TimaSignature Service and generateKeyPair Service
10-22 15:43:50.086 30573 30573 D ActivityThread: Added TimaKeyStore provider
10-22 15:43:50.090  3957  9774 I ActivityManager: DSS on for org.mozilla.fenix and scale is 1.0
10-22 15:43:50.104 30217 30512 I BatteryMgr:DataCollectionService: stats => 1697982230104,-635,4260,-354,0,100
10-22 15:43:50.111 30573 30573 I zygote64: no shared libraies, dex_files: 1
10-22 15:43:50.182 30573 30573 I ServiceChildProcess: onCreate
10-22 15:43:50.184 30573 30589 I GeckoThread: preparing to run Gecko
10-22 15:43:50.187 30260 30290 W AudioCapabilities: Unsupported mime audio/mpeg-L1
10-22 15:43:50.187 30260 30290 W AudioCapabilities: Unsupported mime audio/mpeg-L2
10-22 15:43:50.187 30260 30290 W AudioCapabilities: Unsupported mime audio/x-ms-wma
10-22 15:43:50.187 30260 30290 W AudioCapabilities: Unsupported mime audio/x-ima
10-22 15:43:50.188 30573 30589 W linker  : "/data/app/org.mozilla.fenix-iWpGOrf8cry6RDpwHyQugA==/lib/arm64/libmozglue.so" unused DT entry: type 0x8000024 arg 0x38f70
10-22 15:43:50.188 30260 30290 W VideoCapabilities: Unrecognized profile 2130706433 for video/avc
10-22 15:43:50.188 30260 30290 W VideoCapabilities: Unrecognized profile 2130706434 for video/avc
10-22 15:43:50.189 30573 30589 W linker  : "/data/app/org.mozilla.fenix-iWpGOrf8cry6RDpwHyQugA==/lib/arm64/libmozglue.so" unused DT entry: type 0x8000023 arg 0x1f8
10-22 15:43:50.189 30573 30589 W linker  : "/data/app/org.mozilla.fenix-iWpGOrf8cry6RDpwHyQugA==/lib/arm64/libmozglue.so" unused DT entry: type 0x8000025 arg 0x8
10-22 15:43:50.191 30260 30290 W VideoCapabilities: Unrecognized profile/level 1/32 for video/mp4v-es
10-22 15:43:50.191 30260 30290 W VideoCapabilities: Unrecognized profile/level 32768/2 for video/mp4v-es
10-22 15:43:50.191 30260 30290 W VideoCapabilities: Unrecognized profile/level 32768/64 for video/mp4v-es
10-22 15:43:50.192 30260 30290 W VideoCapabilities: Unsupported mime video/wvc1
10-22 15:43:50.192 30260 30290 W VideoCapabilities: Unsupported mime video/x-ms-wmv
10-22 15:43:50.193 30573 30589 I GeckoLoader: Library base=/data/app/org.mozilla.fenix-iWpGOrf8cry6RDpwHyQugA==/lib/arm64
10-22 15:43:50.193 30260 30290 W VideoCapabilities: Unsupported mime video/x-ms-wmv7
10-22 15:43:50.193 30573 30589 I GeckoLoader: Library base=/data/app/org.mozilla.fenix-iWpGOrf8cry6RDpwHyQugA==/lib/arm64
10-22 15:43:50.193 30260 30290 W VideoCapabilities: Unsupported mime video/x-ms-wmv8
10-22 15:43:50.194 30573 30589 E GeckoLibLoad: Load sqlite start
10-22 15:43:50.194 30260 30290 W VideoCapabilities: Unsupported mime video/mp43
10-22 15:43:50.195 30573 30589 W linker  : "/data/app/org.mozilla.fenix-iWpGOrf8cry6RDpwHyQugA==/lib/arm64/libnss3.so" unused DT entry: type 0x8000024 arg 0x14998
10-22 15:43:50.195 30573 30589 W linker  : "/data/app/org.mozilla.fenix-iWpGOrf8cry6RDpwHyQugA==/lib/arm64/libnss3.so" unused DT entry: type 0x8000023 arg 0x5c8
10-22 15:43:50.195 30573 30589 W linker  : "/data/app/org.mozilla.fenix-iWpGOrf8cry6RDpwHyQugA==/lib/arm64/libnss3.so" unused DT entry: type 0x8000025 arg 0x8
10-22 15:43:50.196 30573 30589 E GeckoLibLoad: Load sqlite done
10-22 15:43:50.197 30573 30589 I GeckoLoader: Library base=/data/app/org.mozilla.fenix-iWpGOrf8cry6RDpwHyQugA==/lib/arm64
10-22 15:43:50.197 30573 30589 E GeckoLibLoad: Load nss start
10-22 15:43:50.197 30573 30589 E GeckoLibLoad: Load nss done
10-22 15:43:50.197 30573 30589 I GeckoLoader: Library base=/data/app/org.mozilla.fenix-iWpGOrf8cry6RDpwHyQugA==/lib/arm64
10-22 15:43:50.201 30573 30589 W linker  : "/data/app/org.mozilla.fenix-iWpGOrf8cry6RDpwHyQugA==/lib/arm64/libxul.so" unused DT entry: type 0x8000024 arg 0x539420
10-22 15:43:50.201 30573 30589 W linker  : "/data/app/org.mozilla.fenix-iWpGOrf8cry6RDpwHyQugA==/lib/arm64/libxul.so" unused DT entry: type 0x8000023 arg 0x17d68
10-22 15:43:50.201 30573 30589 W linker  : "/data/app/org.mozilla.fenix-iWpGOrf8cry6RDpwHyQugA==/lib/arm64/libxul.so" unused DT entry: type 0x8000025 arg 0x8
10-22 15:43:50.212 30217 30512 I BatteryMgr:DataCollectionService: stats => 1697982230212,-635,4260,-354,0,100
10-22 15:43:50.230 30573 30589 E GeckoLibLoad: Loaded libs in 32.473385ms total, 16ms(12ms) user, 16ms(20ms) system, 0(0) faults
10-22 15:43:50.230 30573 30589 W GeckoThread: zerdatime 1644612288 - runGecko
10-22 15:43:50.232 30260 30442 I libglean_ffi: glean_core::upload: Ping a5ba8c00-2384-4602-9ef5-19d5b5af5701 successfully sent 200.
10-22 15:43:50.236 30260 30442 I libglean_ffi: glean_core::upload::directory: File was deleted /data/user/0/org.mozilla.fenix/glean_data/pending_pings/a5ba8c00-2384-4602-9ef5-19d5b5af5701
10-22 15:43:50.237 30260 30442 I libglean_ffi: glean_core::upload: No more pings to upload! You are done.
10-22 15:43:50.240 30260 30340 I WM-WorkerWrapper: Worker result SUCCESS for Work [ id=e04b706c-80dc-4eb8-9b79-a072e7d09b62, tags={ mozilla.telemetry.glean.scheduler.PingUploadWorker, mozac_service_glean_ping_upload_worker } ]
10-22 15:43:50.246 30260 30260 D ConnectivityManager: unregisterNetworkCallback; CallingUid : 10169, CallingPid : 30260
10-22 15:43:50.247  3957  4157 D ConnectivityService: releasing NetworkRequest [ TRACK_DEFAULT id=2057, [ Capabilities: INTERNET&NOT_RESTRICTED&TRUSTED&NOT_VPN] ] (CALLBACK_RELEASED)
10-22 15:43:50.248  3957  4157 D ConnectivityService:  Removing from current network NetworkAgentInfo [WIFI () - 509], leaving 13 requests.
10-22 15:43:50.248  3957  9774 D ConnectivityService: filterNetworkStateForUid() uid: 10169 networkInfo: [type: WIFI[] - WIFI, state: CONNECTED/CONNECTED, reason: (unspecified), extra: "ourhome", failover: false, available: true, roaming: false, metered: false]
10-22 15:43:50.248  3957  9774 D WifiService: getConnectionInfo uid=1000
10-22 15:43:50.249  3957  4157 D ConnectivityService: sending notification RELEASED for NetworkRequest [ TRACK_DEFAULT id=2057, [ Capabilities: INTERNET&NOT_RESTRICTED&TRUSTED&NOT_VPN] ]
10-22 15:43:50.274  3957  9502 D BatteryService: !@BatteryListener : batteryPropertiesChanged!
10-22 15:43:50.320 30217 30512 I BatteryMgr:DataCollectionService: stats => 1697982230319,-635,4260,-354,0,100
10-22 15:43:50.384 30349 30372 W linker  : "/data/app/org.mozilla.fenix-iWpGOrf8cry6RDpwHyQugA==/lib/arm64/libsoftokn3.so" unused DT entry: type 0x8000024 arg 0x2580
10-22 15:43:50.384 30349 30372 W linker  : "/data/app/org.mozilla.fenix-iWpGOrf8cry6RDpwHyQugA==/lib/arm64/libsoftokn3.so" unused DT entry: type 0x8000023 arg 0x70
10-22 15:43:50.384 30349 30372 W linker  : "/data/app/org.mozilla.fenix-iWpGOrf8cry6RDpwHyQugA==/lib/arm64/libsoftokn3.so" unused DT entry: type 0x8000025 arg 0x8
10-22 15:43:50.386 30260 30290 W GeckoEventDispatcher: No listener for GeckoView:PageAction:Update
10-22 15:43:50.387 30349 30372 W linker  : "/data/app/org.mozilla.fenix-iWpGOrf8cry6RDpwHyQugA==/lib/arm64/libfreebl3.so" unused DT entry: type 0x8000024 arg 0xe78
10-22 15:43:50.388 30349 30372 W linker  : "/data/app/org.mozilla.fenix-iWpGOrf8cry6RDpwHyQugA==/lib/arm64/libfreebl3.so" unused DT entry: type 0x8000023 arg 0x68
10-22 15:43:50.388 30349 30372 W linker  : "/data/app/org.mozilla.fenix-iWpGOrf8cry6RDpwHyQugA==/lib/arm64/libfreebl3.so" unused DT entry: type 0x8000025 arg 0x8
10-22 15:43:50.431 30217 30512 I BatteryMgr:DataCollectionService: stats => 1697982230431,-635,4260,-354,0,100
10-22 15:43:50.440 30260 30260 I WebExtension: releasePendingMessages: extension=webcompat-reporter@mozilla.org nativeApp=mozacWebcompatReporter session=null
10-22 15:43:50.448  3957  9502 D ConnectivityService: filterNetworkStateForUid() uid: 10169 networkInfo: [type: WIFI[] - WIFI, state: CONNECTED/CONNECTED, reason: (unspecified), extra: "ourhome", failover: false, available: true, roaming: false, metered: false]
10-22 15:43:50.448  3957  9502 D WifiService: getConnectionInfo uid=1000
10-22 15:43:50.450 30260 30260 I DefaultSupportedAddonsChecker: Unregister check for new supported add-ons
10-22 15:43:50.451 30260 30260 I WebExtension: releasePendingMessages: extension=fxa@mozac.org nativeApp=mozacWebchannel session=org.mozilla.geckoview.GeckoSession@2c0751e
10-22 15:43:50.451 30260 30260 I WebExtension: releasePendingMessages: extension=fxa@mozac.org nativeApp=mozacWebchannelBackground session=null
10-22 15:43:50.453  3957  9502 D WifiService: getConnectionInfo uid=1000
10-22 15:43:50.460 30260 30260 I WebExtension: releasePendingMessages: extension=readerview@mozac.org nativeApp=mozacReaderview session=org.mozilla.geckoview.GeckoSession@2c0751e
10-22 15:43:50.460  3957  9502 D WifiService: getConnectionInfo uid=1000
10-22 15:43:50.460 30260 30260 I WebExtension: releasePendingMessages: extension=readerview@mozac.org nativeApp=mozacReaderviewActive session=org.mozilla.geckoview.GeckoSession@2c0751e
10-22 15:43:50.460 30260 30260 I WebExtension: releasePendingMessages: extension=readerview@mozac.org nativeApp=mozacReaderview session=org.mozilla.geckoview.GeckoSession@2c0751e
10-22 15:43:50.461 30260 30260 I WebExtension: releasePendingMessages: extension=icons@mozac.org nativeApp=MozacBrowserIcons session=org.mozilla.geckoview.GeckoSession@2c0751e
10-22 15:43:50.462 30260 30260 I WebExtension: releasePendingMessages: extension=ads@mozac.org nativeApp=MozacBrowserAdsMessage session=org.mozilla.geckoview.GeckoSession@2c0751e
10-22 15:43:50.463 30260 30260 I WebExtension: releasePendingMessages: extension=cookies@mozac.org nativeApp=MozacBrowserSearchMessage session=org.mozilla.geckoview.GeckoSession@2c0751e
10-22 15:43:50.467  3957  9502 D WifiService: getConnectionInfo uid=1000
10-22 15:43:50.477  3957  9502 I chatty  : uid=1000(system) Binder:3957_15 identical 1 line
10-22 15:43:50.480  3957  9502 D WifiService: getConnectionInfo uid=1000
10-22 15:43:50.511  3957  4129 D WifiStateMachine:  ConnectedState !RSSI_PKTCNT_FETCH uid=1000 rt=588637095/1644612568 0 0 "ourhome" f4:6d:2f:12:cc:88 rssi=-49 f=5240 sc=60 link=433 tx=0.7, 0.0, 0.0  rx=0.9 bcn=465305 [on:0 tx:0 rx:0 period:1001] from screen [on:25692 period:223326] score=60
10-22 15:43:50.511  3957  9502 D WifiService: getConnectionInfo uid=1000
10-22 15:43:50.512  3957  4129 D WifiStateMachine:  L2ConnectedState !RSSI_PKTCNT_FETCH uid=1000 rt=588637097/1644612569 0 0 "ourhome" f4:6d:2f:12:cc:88 rssi=-49 f=5240 sc=60 link=433 tx=0.7, 0.0, 0.0  rx=0.9 bcn=465305 [on:0 tx:0 rx:0 period:1] from screen [on:25692 period:223327] score=60
10-22 15:43:50.514  3957  4129 D WifiStateMachine: fetchRssiLinkSpeedAndFrequencyNative rssi=-47 linkspeed=433 freq=5240
10-22 15:43:50.515  3957  4129 V WifiConfigManager: Updating scan detail cache freq=5240 BSSID=f4:6d:2f:12:cc:88 RSSI=-47 for "ourhome"WPA_PSK
10-22 15:43:50.527  3957  9502 D WifiService: getConnectionInfo uid=1000
10-22 15:43:50.532  3957  9502 I chatty  : uid=1000(system) Binder:3957_15 identical 1 line
10-22 15:43:50.536  3957  9502 D WifiService: getConnectionInfo uid=1000
10-22 15:43:50.542 30217 30512 I BatteryMgr:DataCollectionService: stats => 1697982230541,-635,4260,-354,0,100
10-22 15:43:50.551  3957  9502 D WifiService: getConnectionInfo uid=1000
10-22 15:43:50.603  3957  9502 I chatty  : uid=1000(system) Binder:3957_15 identical 10 lines
10-22 15:43:50.607  3957  9502 I chatty  : uid=1000(system) Binder:3957_15 identical 21 lines
10-22 15:43:50.607  3957  9502 D WifiService: getConnectionInfo uid=1000
10-22 15:43:50.651 30217 30512 I BatteryMgr:DataCollectionService: stats => 1697982230651,-635,4260,-354,0,100
10-22 15:43:50.704 30420 30497 E vulkan  : invalid vkGetInstanceProcAddr(VK_NULL_HANDLE, "vkEnumerateInstanceVersion") call
10-22 15:43:50.704 30420 30497 E vulkan  : invalid vkGetInstanceProcAddr(VK_NULL_HANDLE, "vkEnumerateInstanceVersion") call
10-22 15:43:50.712  3957  9502 D ConnectivityService: filterNetworkStateForUid() uid: 10169 networkInfo: [type: WIFI[] - WIFI, state: CONNECTED/CONNECTED, reason: (unspecified), extra: "ourhome", failover: false, available: true, roaming: false, metered: false]
10-22 15:43:50.713  3957  9502 D WifiService: getConnectionInfo uid=1000
10-22 15:43:50.713 30420 30497 D vulkan  : searching for layers in '/data/app/org.mozilla.fenix-iWpGOrf8cry6RDpwHyQugA==/lib/arm64'
10-22 15:43:50.714 30420 30497 D vulkan  : searching for layers in '/data/app/org.mozilla.fenix-iWpGOrf8cry6RDpwHyQugA==/base.apk!/lib/arm64-v8a'
10-22 15:43:50.726 30420 30497 D vulkan  : vulkan api version_1_0 1.0.0
10-22 15:43:50.726 30420 30497 D vulkan  : vulkan header version 46
10-22 15:43:50.761 30217 30512 I BatteryMgr:DataCollectionService: stats => 1697982230761,-635,4260,-354,0,100
10-22 15:43:50.791  3957  4128 D WifiService: getConnectionInfo uid=1000
10-22 15:43:50.792  3957  4129 D WifiStateMachine:  ConnectedState !CMD_RSSI_POLL rt=588637376/1644612849 110 0 "ourhome" f4:6d:2f:12:cc:88 rssi=-47 f=5240 sc=60 link=433 tx=0.7, 0.0, 0.0  rx=0.9 bcn=465305 [on:0 tx:0 rx:0 period:279] from screen [on:25692 period:223606] score=60
10-22 15:43:50.793  3957  4129 D WifiStateMachine:  L2ConnectedState !CMD_RSSI_POLL rt=588637377/1644612850 110 0 "ourhome" f4:6d:2f:12:cc:88 rssi=-47 f=5240 sc=60 link=433 tx=0.7, 0.0, 0.0  rx=0.9 bcn=465305 [on:0 tx:0 rx:0 period:2] from screen [on:25692 period:223608] score=60
10-22 15:43:50.793  3957  4129 D WifiStateMachine:  get link layer stats 3
10-22 15:43:50.794  3436  3436 I android.hardware.wifi@1.0-service: getLinkLayerStats
10-22 15:43:50.812  3957  4129 D WifiStateMachine: fetchRssiLinkSpeedAndFrequencyNative rssi=-46 linkspeed=433 freq=5240
10-22 15:43:50.812  3957  4129 V WifiConfigManager: Updating scan detail cache freq=5240 BSSID=f4:6d:2f:12:cc:88 RSSI=-46 for "ourhome"WPA_PSK
10-22 15:43:50.817  4340  4340 E SignalClusterView: setSlotFocusVisible : subId -2
10-22 15:43:50.818  4340  4340 E SignalClusterView: setSlotFocusVisible : subId -2
10-22 15:43:50.848 30260 30260 I GeckoSession: handleMessage GeckoView:PageStop uri=null
10-22 15:43:50.853 30260 30321 I SessionStorage/AutoSave: Save: Load finished
10-22 15:43:50.858  2479  2548 D ScanRecord: Not a Multi Manu data
10-22 15:43:50.860  2479  2548 I chatty  : uid=1002(bluetooth) BT Service Call identical 10 lines
10-22 15:43:50.872  2479  2548 D ScanRecord: Not a Multi Manu data
10-22 15:43:50.872 30217 30512 I BatteryMgr:DataCollectionService: stats => 1697982230872,-635,4260,-354,0,100
10-22 15:43:50.873  2479  2548 D ScanRecord: Not a Multi Manu data
10-22 15:43:50.936  2479  2548 I chatty  : uid=1002(bluetooth) BT Service Call identical 116 lines
10-22 15:43:50.936  2479  2548 D ScanRecord: Not a Multi Manu data
10-22 15:43:50.944  3957  9502 D ConnectivityService: filterNetworkStateForUid() uid: 10169 networkInfo: [type: WIFI[] - WIFI, state: CONNECTED/CONNECTED, reason: (unspecified), extra: "ourhome", failover: false, available: true, roaming: false, metered: false]
10-22 15:43:50.944  3957  9502 D WifiService: getConnectionInfo uid=1000
10-22 15:43:50.952  3957  9502 D ConnectivityService: filterNetworkStateForUid() uid: 10169 networkInfo: [type: WIFI[] - WIFI, state: CONNECTED/CONNECTED, reason: (unspecified), extra: "ourhome", failover: false, available: true, roaming: false, metered: false]
10-22 15:43:50.952  3957  9502 D WifiService: getConnectionInfo uid=1000
10-22 15:43:50.953  2479  2548 D ScanRecord: same manuId data exists, combine both data and store
10-22 15:43:50.953  2479  2548 D ScanRecord: It's a Multi Manu data
10-22 15:43:50.953  2479  2548 I chatty  : uid=1002(bluetooth) BT Service Call identical 9 lines
10-22 15:43:50.953  2479  2548 D ScanRecord: It's a Multi Manu data
10-22 15:43:50.953  2479  2548 D ScanRecord: same manuId data exists, combine both data and store
10-22 15:43:50.953  2479  2548 D ScanRecord: same manuId data exists, combine both data and store
10-22 15:43:50.954  2479  2548 D ScanRecord: It's a Multi Manu data
10-22 15:43:50.954  2479  2548 D ScanFilter: manu data matches
10-22 15:43:50.954  2479  2548 D BtGatt.GattService: onScanResult to scannerId: 6- event_type=0x1b, address_type=1, address=95:B, primary_phy=1, secondary_phy=0, advertising_sid=0xff, tx_power=127, rssi=-85, periodic_adv_int=0x0
10-22 15:43:50.955 23612 28242 D ScanRecord: same manuId data exists, combine both data and store
10-22 15:43:50.974  2479  2548 D ScanRecord: Not a Multi Manu data
10-22 15:43:50.974  2479  2548 I chatty  : uid=1002(bluetooth) BT Service Call identical 11 lines
10-22 15:43:50.974  2479  2548 D ScanRecord: Not a Multi Manu data
10-22 15:43:50.979  3957  9774 D ConnectivityService: filterNetworkStateForUid() uid: 10169 networkInfo: [type: WIFI[] - WIFI, state: CONNECTED/CONNECTED, reason: (unspecified), extra: "ourhome", failover: false, available: true, roaming: false, metered: false]
10-22 15:43:50.979  3957  9774 D WifiService: getConnectionInfo uid=1000
10-22 15:43:50.984  2479  2548 D ScanRecord: Not a Multi Manu data
10-22 15:43:50.985  2479  2548 I chatty  : uid=1002(bluetooth) BT Service Call identical 11 lines
10-22 15:43:50.985  2479  2548 D ScanRecord: Not a Multi Manu data
10-22 15:43:50.985 30217 30512 I BatteryMgr:DataCollectionService: stats => 1697982230985,-635,4260,-354,0,100
10-22 15:43:50.990  2479  2548 D ScanRecord: Not a Multi Manu data
10-22 15:43:50.998  2479  2548 I chatty  : uid=1002(bluetooth) BT Service Call identical 37 lines
10-22 15:43:50.998  2479  2548 D ScanRecord: Not a Multi Manu data
10-22 15:43:51.010  3957  9774 D WifiService: getConnectionInfo uid=1000
10-22 15:43:51.012  2479  2548 D ScanRecord: Not a Multi Manu data
10-22 15:43:51.096  2479  2548 I chatty  : uid=1002(bluetooth) BT Service Call identical 128 lines
10-22 15:43:51.096  2479  2548 D ScanRecord: Not a Multi Manu data
10-22 15:43:51.096 30217 30512 I BatteryMgr:DataCollectionService: stats => 1697982231096,-635,4260,-354,0,100
10-22 15:43:51.097  2479  2548 D ScanRecord: Not a Multi Manu data
10-22 15:43:51.103  2479  2548 I chatty  : uid=1002(bluetooth) BT Service Call identical 24 lines
10-22 15:43:51.103  2479  2548 D ScanRecord: Not a Multi Manu data
10-22 15:43:51.134  2479  2548 D ScanRecord: same manuId data exists, combine both data and store
10-22 15:43:51.135  2479  2548 D ScanRecord: It's a Multi Manu data
10-22 15:43:51.135  2479  2548 I chatty  : uid=1002(bluetooth) BT Service Call identical 9 lines
10-22 15:43:51.135  2479  2548 D ScanRecord: It's a Multi Manu data
10-22 15:43:51.135  2479  2548 D ScanRecord: same manuId data exists, combine both data and store
10-22 15:43:51.135  2479  2548 D ScanRecord: same manuId data exists, combine both data and store
10-22 15:43:51.135  2479  2548 D ScanRecord: It's a Multi Manu data
10-22 15:43:51.135  2479  2548 D ScanFilter: manu data matches
