10-22 15:58:19.033 31918 32174 I BatteryMgr:DataCollectionService: stats => 1697983099033,235,4260,170,0,100
10-22 15:58:19.139 31918 32174 I BatteryMgr:DataCollectionService: stats => 1697983099139,235,4260,170,0,100
10-22 15:58:19.142  3957  4128 D WifiService: getConnectionInfo uid=1000
10-22 15:58:19.244 31918 32174 I BatteryMgr:DataCollectionService: stats => 1697983099244,235,4260,170,0,100
10-22 15:58:19.285 23612 31898 I zygote64: Explicit concurrent copying GC freed 139118(6MB) AllocSpace objects, 10(200KB) LOS objects, 49% free, 13MB/26MB, paused 11.677ms total 280.447ms
10-22 15:58:19.352 31918 32174 I BatteryMgr:DataCollectionService: stats => 1697983099352,235,4260,170,0,100
10-22 15:58:19.352  3957 14960 D ConnectivityService: ConnectivityService NetworkRequestInfo binderDied(NetworkRequest [ TRACK_DEFAULT id=2066, [ Capabilities: INTERNET&NOT_RESTRICTED&TRUSTED&NOT_VPN] ], android.os.BinderProxy@60d0b73)
10-22 15:58:19.353  3957  4157 D ConnectivityService: releasing NetworkRequest [ TRACK_DEFAULT id=2066, [ Capabilities: INTERNET&NOT_RESTRICTED&TRUSTED&NOT_VPN] ] (CALLBACK_RELEASED)
10-22 15:58:19.354  3957  4651 I ActivityManager: Process com.android.vending:background (pid 31535) has died: cch+6CEM (96,458)
10-22 15:58:19.354  3957  4157 D ConnectivityService:  Removing from current network NetworkAgentInfo [WIFI () - 509], leaving 15 requests.
10-22 15:58:19.359  3957  4157 D ConnectivityService: sending notification RELEASED for NetworkRequest [ TRACK_DEFAULT id=2066, [ Capabilities: INTERNET&NOT_RESTRICTED&TRUSTED&NOT_VPN] ]
10-22 15:58:19.360  3957  4157 E ConnectivityService: RemoteException caught trying to send a callback msg for NetworkRequest [ TRACK_DEFAULT id=2066, [ Capabilities: INTERNET&NOT_RESTRICTED&TRUSTED&NOT_VPN] ]
10-22 15:58:19.368  3957 14904 I ActivityManager: Process com.android.vending:quick_launch (pid 31624) has died: cch+6CEM (96,458)
10-22 15:58:19.379  3957  4650 D ConnectivityService: ConnectivityService NetworkRequestInfo binderDied(NetworkRequest [ LISTEN id=2060, [ Capabilities: INTERNET&NOT_RESTRICTED&TRUSTED] ], android.os.BinderProxy@afd1a30)
10-22 15:58:19.380  3957  4157 D ConnectivityService: releasing NetworkRequest [ LISTEN id=2060, [ Capabilities: INTERNET&NOT_RESTRICTED&TRUSTED] ] (CALLBACK_RELEASED)
10-22 15:58:19.381  3957  4157 D ConnectivityService: sending notification RELEASED for NetworkRequest [ LISTEN id=2060, [ Capabilities: INTERNET&NOT_RESTRICTED&TRUSTED] ]
10-22 15:58:19.381  3957  4157 E ConnectivityService: RemoteException caught trying to send a callback msg for NetworkRequest [ LISTEN id=2060, [ Capabilities: INTERNET&NOT_RESTRICTED&TRUSTED] ]
10-22 15:58:19.397 31963 31963 I MemoryController: onTrimMemory(5)
10-22 15:58:19.407 32053 32053 I FenixApplication: onTrimMemory(), level=5, main=false
10-22 15:58:19.407 32276 32276 I FenixApplication: onTrimMemory(), level=5, main=false
10-22 15:58:19.407 32129 32129 I FenixApplication: onTrimMemory(), level=5, main=false
10-22 15:58:19.407 31963 31963 I FenixApplication: onTrimMemory(), level=5, main=true
10-22 15:58:19.408  3957  7899 I ActivityManager: Process com.google.android.gms.unstable (pid 30758) has died: cch+6CEM (87,463)
10-22 15:58:19.444 32053 32053 I MemoryController: onTrimMemory(5)
10-22 15:58:19.444 32129 32129 I MemoryController: onTrimMemory(5)
10-22 15:58:19.444 32276 32276 I MemoryController: onTrimMemory(5)
10-22 15:58:19.460 31918 32174 I BatteryMgr:DataCollectionService: stats => 1697983099460,235,4260,170,0,100
10-22 15:58:19.468 29740 29740 I Finsky  : [2] tys.onTrimMemory(13): Memory trim requested to level 80
10-22 15:58:19.483 29740 29740 I Finsky  : [2] nre.accept(78): Flushing in-memory image cache
10-22 15:58:19.567 31918 32174 I BatteryMgr:DataCollectionService: stats => 1697983099567,235,4260,170,0,100
10-22 15:58:19.673 31918 32174 I BatteryMgr:DataCollectionService: stats => 1697983099673,235,4260,170,0,100
10-22 15:58:19.746  3957  4129 D WifiStateMachine:  ConnectedState !RSSI_PKTCNT_FETCH uid=1000 rt=589506330/1645481803 0 0 "ourhome" f4:6d:2f:12:cc:88 rssi=-44 f=5240 sc=60 link=433 tx=0.4, 0.0, 0.0  rx=3.3 bcn=473382 [on:0 tx:0 rx:0 period:998] from screen [on:144433 period:1092561] score=60
10-22 15:58:19.748  3957  4129 D WifiStateMachine:  L2ConnectedState !RSSI_PKTCNT_FETCH uid=1000 rt=589506332/1645481804 0 0 "ourhome" f4:6d:2f:12:cc:88 rssi=-44 f=5240 sc=60 link=433 tx=0.4, 0.0, 0.0  rx=3.3 bcn=473382 [on:0 tx:0 rx:0 period:2] from screen [on:144433 period:1092563] score=60
10-22 15:58:19.749  3957  4129 D WifiStateMachine: fetchRssiLinkSpeedAndFrequencyNative rssi=-44 linkspeed=433 freq=5240
10-22 15:58:19.749  3957  4129 V WifiConfigManager: Updating scan detail cache freq=5240 BSSID=f4:6d:2f:12:cc:88 RSSI=-44 for "ourhome"WPA_PSK
10-22 15:58:19.778 31918 32174 I BatteryMgr:DataCollectionService: stats => 1697983099778,235,4260,170,0,100
10-22 15:58:19.884 31918 32174 I BatteryMgr:DataCollectionService: stats => 1697983099884,235,4260,170,0,100
10-22 15:58:19.990 31918 32174 I BatteryMgr:DataCollectionService: stats => 1697983099990,235,4260,170,0,100
10-22 15:58:20.095 31918 32174 I BatteryMgr:DataCollectionService: stats => 1697983100095,235,4260,170,0,100
10-22 15:58:20.144  3957  4128 D WifiService: getConnectionInfo uid=1000
10-22 15:58:20.203 31918 32174 I BatteryMgr:DataCollectionService: stats => 1697983100203,235,4260,170,0,100
10-22 15:58:20.310 31918 32174 I BatteryMgr:DataCollectionService: stats => 1697983100310,235,4260,170,0,100
10-22 15:58:20.417 31918 32174 I BatteryMgr:DataCollectionService: stats => 1697983100417,235,4260,170,0,100
10-22 15:58:20.453  3957  3980 W StorageManager: getStorageFullBytes DEFAULT_FULL_THRESHOLD_BYTES : 20971520, threadhold : 20971520
10-22 15:58:20.454  3957  3980 W StorageManager: getStorageLowBytes lowPercent : 5, lowBytes : 1260145254, maxLowBytes : 524288000
10-22 15:58:20.468  3957  3980 W DeviceStorageMonitorService: updateBroadcasts(/data) oldLevel:0, newLevel:0, seq:1
10-22 15:58:20.469  3957  3980 W DeviceStorageMonitorService: updateBroadcasts_filenode(/data) fn_oldLevel:0, fn_newLevel:0, seq:1
10-22 15:58:20.523 31918 32174 I BatteryMgr:DataCollectionService: stats => 1697983100523,235,4260,170,0,100
10-22 15:58:20.629 31918 32174 I BatteryMgr:DataCollectionService: stats => 1697983100629,235,4260,170,0,100
10-22 15:58:20.749 31918 32174 I BatteryMgr:DataCollectionService: stats => 1697983100749,235,4260,170,0,100
10-22 15:58:20.753  3957  4129 D WifiStateMachine:  ConnectedState !RSSI_PKTCNT_FETCH uid=1000 rt=589507333/1645482805 0 0 "ourhome" f4:6d:2f:12:cc:88 rssi=-44 f=5240 sc=60 link=433 tx=0.4, 0.0, 0.0  rx=3.3 bcn=473382 [on:0 tx:0 rx:0 period:1004] from screen [on:144433 period:1093567] score=60
10-22 15:58:20.756  3957  4129 D WifiStateMachine:  L2ConnectedState !RSSI_PKTCNT_FETCH uid=1000 rt=589507339/1645482812 0 0 "ourhome" f4:6d:2f:12:cc:88 rssi=-44 f=5240 sc=60 link=433 tx=0.4, 0.0, 0.0  rx=3.3 bcn=473382 [on:0 tx:0 rx:0 period:3] from screen [on:144433 period:1093570] score=60
10-22 15:58:20.763  3957  4129 D WifiStateMachine: fetchRssiLinkSpeedAndFrequencyNative rssi=-44 linkspeed=433 freq=5240
10-22 15:58:20.763  3957  4129 V WifiConfigManager: Updating scan detail cache freq=5240 BSSID=f4:6d:2f:12:cc:88 RSSI=-44 for "ourhome"WPA_PSK
10-22 15:58:20.859  2479  2548 D ScanRecord: Not a Multi Manu data
10-22 15:58:20.860  2479  2548 I chatty  : uid=1002(bluetooth) BT Service Call identical 11 lines
10-22 15:58:20.861  2479  2548 D ScanRecord: Not a Multi Manu data
10-22 15:58:20.862 31918 32174 I BatteryMgr:DataCollectionService: stats => 1697983100862,235,4260,170,0,100
10-22 15:58:20.868  2479  2548 D ScanRecord: Not a Multi Manu data
10-22 15:58:20.967  2479  2548 I chatty  : uid=1002(bluetooth) BT Service Call identical 128 lines
10-22 15:58:20.967  2479  2548 D ScanRecord: Not a Multi Manu data
10-22 15:58:20.970 31918 32174 I BatteryMgr:DataCollectionService: stats => 1697983100970,235,4260,170,0,100
10-22 15:58:20.972  2479  2548 D ScanRecord: Not a Multi Manu data
10-22 15:58:21.076  2479  2548 I chatty  : uid=1002(bluetooth) BT Service Call identical 193 lines
10-22 15:58:21.076  2479  2548 D ScanRecord: Not a Multi Manu data
10-22 15:58:21.079 31918 32174 I BatteryMgr:DataCollectionService: stats => 1697983101079,235,4260,170,0,100
10-22 15:58:21.080  2479  2548 D ScanRecord: Not a Multi Manu data
10-22 15:58:21.127  2479  2548 I chatty  : uid=1002(bluetooth) BT Service Call identical 154 lines
10-22 15:58:21.127  2479  2548 D ScanRecord: Not a Multi Manu data
10-22 15:58:21.142  2479  2548 D ScanRecord: same manuId data exists, combine both data and store
10-22 15:58:21.142  2479  2548 D ScanRecord: It's a Multi Manu data
10-22 15:58:21.142  2479  2548 I chatty  : uid=1002(bluetooth) BT Service Call identical 9 lines
10-22 15:58:21.142  2479  2548 D ScanRecord: It's a Multi Manu data
10-22 15:58:21.142  2479  2548 D ScanRecord: same manuId data exists, combine both data and store
10-22 15:58:21.142  2479  2548 D ScanRecord: same manuId data exists, combine both data and store
10-22 15:58:21.142  2479  2548 D ScanRecord: It's a Multi Manu data
10-22 15:58:21.142  2479  2548 D ScanFilter: manu data matches
10-22 15:58:21.142  2479  2548 D BtGatt.GattService: onScanResult to scannerId: 6- event_type=0x1b, address_type=1, address=59:4, primary_phy=1, secondary_phy=0, advertising_sid=0xff, tx_power=127, rssi=-75, periodic_adv_int=0x0
10-22 15:58:21.143 23612 24195 D ScanRecord: same manuId data exists, combine both data and store
10-22 15:58:21.143  2479  2548 D ScanRecord: Not a Multi Manu data
10-22 15:58:21.145  2479  2548 I chatty  : uid=1002(bluetooth) BT Service Call identical 24 lines
10-22 15:58:21.145  2479  2548 D ScanRecord: Not a Multi Manu data
10-22 15:58:21.146  3957  4128 D WifiService: getConnectionInfo uid=1000
10-22 15:58:21.162  2479  2548 D ScanRecord: Not a Multi Manu data
10-22 15:58:21.181  2479  2548 I chatty  : uid=1002(bluetooth) BT Service Call identical 50 lines
10-22 15:58:21.182  2479  2548 D ScanRecord: Not a Multi Manu data
10-22 15:58:21.191 31918 32174 I BatteryMgr:DataCollectionService: stats => 1697983101191,235,4260,170,0,100
10-22 15:58:21.192  2479  2548 D ScanRecord: Not a Multi Manu data
10-22 15:58:21.196  3957  6478 D SSRM:k  : SIOP:: AP = 380, PST = 357 (W:10), BAT = 315, USB = 0, CHG = 0
10-22 15:58:21.300  2479  2548 I chatty  : uid=1002(bluetooth) BT Service Call identical 232 lines
10-22 15:58:21.300  2479  2548 D ScanRecord: Not a Multi Manu data
10-22 15:58:21.303 31918 32174 I BatteryMgr:DataCollectionService: stats => 1697983101302,235,4260,170,0,100
10-22 15:58:21.307  2479  2548 D ScanRecord: Not a Multi Manu data
10-22 15:58:21.325  2479  2548 I chatty  : uid=1002(bluetooth) BT Service Call identical 63 lines
10-22 15:58:21.325  2479  2548 D ScanRecord: Not a Multi Manu data
10-22 15:58:21.329  2479  2548 D ScanRecord: same manuId data exists, combine both data and store
10-22 15:58:21.329  2479  2548 D ScanRecord: It's a Multi Manu data
10-22 15:58:21.329  2479  2548 I chatty  : uid=1002(bluetooth) BT Service Call identical 9 lines
10-22 15:58:21.329  2479  2548 D ScanRecord: It's a Multi Manu data
10-22 15:58:21.329  2479  2548 D ScanRecord: same manuId data exists, combine both data and store
10-22 15:58:21.329  2479  2548 D ScanRecord: same manuId data exists, combine both data and store
10-22 15:58:21.329  2479  2548 D ScanRecord: It's a Multi Manu data
10-22 15:58:21.329  2479  2548 D ScanFilter: manu data matches
10-22 15:58:21.330  2479  2548 D BtGatt.GattService: onScanResult to scannerId: 6- event_type=0x1b, address_type=1, address=59:4, primary_phy=1, secondary_phy=0, advertising_sid=0xff, tx_power=127, rssi=-75, periodic_adv_int=0x0
10-22 15:58:21.332 23612 24195 D ScanRecord: same manuId data exists, combine both data and store
10-22 15:58:21.333  2479  2548 D ScanRecord: Not a Multi Manu data
10-22 15:58:21.346  2479  2548 I chatty  : uid=1002(bluetooth) BT Service Call identical 63 lines
10-22 15:58:21.346  2479  2548 D ScanRecord: Not a Multi Manu data
10-22 15:58:21.396  3957  4129 D WifiStateMachine:  ConnectedState !CMD_RSSI_POLL rt=589507980/1645483453 110 0 "ourhome" f4:6d:2f:12:cc:88 rssi=-44 f=5240 sc=60 link=433 tx=0.4, 0.0, 0.0  rx=3.3 bcn=473382 [on:0 tx:0 rx:0 period:641] from screen [on:144433 period:1094211] score=60
10-22 15:58:21.398  3957  4129 D WifiStateMachine:  L2ConnectedState !CMD_RSSI_POLL rt=589507982/1645483455 110 0 "ourhome" f4:6d:2f:12:cc:88 rssi=-44 f=5240 sc=60 link=433 tx=0.4, 0.0, 0.0  rx=3.3 bcn=473382 [on:0 tx:0 rx:0 period:2] from screen [on:144433 period:1094213] score=60
10-22 15:58:21.398  3957  4129 D WifiStateMachine:  get link layer stats 3
10-22 15:58:21.399  3436  3436 I android.hardware.wifi@1.0-service: getLinkLayerStats
10-22 15:58:21.408  3957  4129 D WifiStateMachine: fetchRssiLinkSpeedAndFrequencyNative rssi=-44 linkspeed=433 freq=5240
10-22 15:58:21.408  3957  4129 V WifiConfigManager: Updating scan detail cache freq=5240 BSSID=f4:6d:2f:12:cc:88 RSSI=-44 for "ourhome"WPA_PSK
10-22 15:58:21.414 31918 32174 I BatteryMgr:DataCollectionService: stats => 1697983101414,235,4260,170,0,100
10-22 15:58:21.415  4340  4340 E SignalClusterView: setSlotFocusVisible : subId -2
10-22 15:58:21.415  4340  4340 E SignalClusterView: setSlotFocusVisible : subId -2
10-22 15:58:21.528 31918 32174 I BatteryMgr:DataCollectionService: stats => 1697983101528,235,4260,170,0,100
10-22 15:58:21.638 31918 32174 I BatteryMgr:DataCollectionService: stats => 1697983101638,235,4260,170,0,100
10-22 15:58:21.750  3957  4129 D WifiStateMachine:  ConnectedState !RSSI_PKTCNT_FETCH uid=1000 rt=589508334/1645483806 0 0 "ourhome" f4:6d:2f:12:cc:88 rssi=-44 f=5240 sc=60 link=433 tx=5.2, 0.0, 0.0  rx=6.3 bcn=473408 [on:0 tx:0 rx:0 period:337] from screen [on:145596 period:1094565] score=60
10-22 15:58:21.753 31918 32174 I BatteryMgr:DataCollectionService: stats => 1697983101753,235,4260,170,0,100
10-22 15:58:21.753  3957  4129 D WifiStateMachine:  L2ConnectedState !RSSI_PKTCNT_FETCH uid=1000 rt=589508336/1645483809 0 0 "ourhome" f4:6d:2f:12:cc:88 rssi=-44 f=5240 sc=60 link=433 tx=5.2, 0.0, 0.0  rx=6.3 bcn=473408 [on:0 tx:0 rx:0 period:3] from screen [on:145596 period:1094568] score=60
10-22 15:58:21.760  3957  4129 D WifiStateMachine: fetchRssiLinkSpeedAndFrequencyNative rssi=-44 linkspeed=433 freq=5240
10-22 15:58:21.760  3957  4129 V WifiConfigManager: Updating scan detail cache freq=5240 BSSID=f4:6d:2f:12:cc:88 RSSI=-44 for "ourhome"WPA_PSK
10-22 15:58:21.861 31918 32174 I BatteryMgr:DataCollectionService: stats => 1697983101861,235,4260,170,0,100
10-22 15:58:21.973 31918 32174 I BatteryMgr:DataCollectionService: stats => 1697983101973,235,4260,170,0,100
10-22 15:58:22.080 31918 32174 I BatteryMgr:DataCollectionService: stats => 1697983102080,235,4260,170,0,100
10-22 15:58:22.149  3957  4128 D WifiService: getConnectionInfo uid=1000
10-22 15:58:22.188 31918 32174 I BatteryMgr:DataCollectionService: stats => 1697983102188,235,4260,170,0,100
10-22 15:58:22.299 31918 32174 I BatteryMgr:DataCollectionService: stats => 1697983102299,235,4260,170,0,100
10-22 15:58:22.417 31918 32174 I BatteryMgr:DataCollectionService: stats => 1697983102417,235,4260,170,0,100
10-22 15:58:22.527 31918 32174 I BatteryMgr:DataCollectionService: stats => 1697983102527,235,4260,170,0,100
10-22 15:58:22.547  4961  4961 D io_stats: !@ 179,0 r 9230640 300833348 w 2076820 40841196 d 165803 36557512 f 629365 654131 iot 4246584 3669647 th 51200 0 0 pt 0 inp 0 0 589509.131
10-22 15:58:22.644 31918 32174 I BatteryMgr:DataCollectionService: stats => 1697983102644,235,4260,170,0,100
10-22 15:58:22.751  3957  4129 D WifiStateMachine:  ConnectedState !RSSI_PKTCNT_FETCH uid=1000 rt=589509335/1645484807 0 0 "ourhome" f4:6d:2f:12:cc:88 rssi=-44 f=5240 sc=60 link=433 tx=5.2, 0.0, 0.0  rx=6.3 bcn=473408 [on:0 tx:0 rx:0 period:998] from screen [on:145596 period:1095566] score=60
10-22 15:58:22.755  3957  4129 D WifiStateMachine:  L2ConnectedState !RSSI_PKTCNT_FETCH uid=1000 rt=589509337/1645484810 0 0 "ourhome" f4:6d:2f:12:cc:88 rssi=-44 f=5240 sc=60 link=433 tx=5.2, 0.0, 0.0  rx=6.3 bcn=473408 [on:0 tx:0 rx:0 period:3] from screen [on:145596 period:1095569] score=60
10-22 15:58:22.755 31918 32174 I BatteryMgr:DataCollectionService: stats => 1697983102755,235,4260,170,0,100
10-22 15:58:22.762  3957  4129 D WifiStateMachine: fetchRssiLinkSpeedAndFrequencyNative rssi=-44 linkspeed=433 freq=5240
10-22 15:58:22.762  3957  4129 V WifiConfigManager: Updating scan detail cache freq=5240 BSSID=f4:6d:2f:12:cc:88 RSSI=-44 for "ourhome"WPA_PSK
10-22 15:58:22.867 31918 32174 I BatteryMgr:DataCollectionService: stats => 1697983102867,235,4260,170,0,100
10-22 15:58:22.979 31918 32174 I BatteryMgr:DataCollectionService: stats => 1697983102979,235,4260,170,0,100
10-22 15:58:23.089 31918 32174 I BatteryMgr:DataCollectionService: stats => 1697983103089,235,4260,170,0,100
10-22 15:58:23.153  3957  4128 D WifiService: getConnectionInfo uid=1000
10-22 15:58:23.199 31918 32174 I BatteryMgr:DataCollectionService: stats => 1697983103199,235,4260,170,0,100
10-22 15:58:23.308 31918 32174 I BatteryMgr:DataCollectionService: stats => 1697983103308,235,4260,170,0,100
10-22 15:58:23.426 31918 32174 I BatteryMgr:DataCollectionService: stats => 1697983103426,235,4260,170,0,100
10-22 15:58:23.537 31918 32174 I BatteryMgr:DataCollectionService: stats => 1697983103537,235,4260,170,0,100
10-22 15:58:23.647 31918 32174 I BatteryMgr:DataCollectionService: stats => 1697983103647,235,4260,170,0,100
10-22 15:58:23.756  3957  4129 D WifiStateMachine:  ConnectedState !RSSI_PKTCNT_FETCH uid=1000 rt=589510337/1645485809 0 0 "ourhome" f4:6d:2f:12:cc:88 rssi=-44 f=5240 sc=60 link=433 tx=5.2, 0.0, 0.0  rx=6.3 bcn=473408 [on:0 tx:0 rx:0 period:1001] from screen [on:145596 period:1096570] score=60
10-22 15:58:23.759  3957  4129 D WifiStateMachine:  L2ConnectedState !RSSI_PKTCNT_FETCH uid=1000 rt=589510341/1645485814 0 0 "ourhome" f4:6d:2f:12:cc:88 rssi=-44 f=5240 sc=60 link=433 tx=5.2, 0.0, 0.0  rx=6.3 bcn=473408 [on:0 tx:0 rx:0 period:4] from screen [on:145596 period:1096574] score=60
10-22 15:58:23.761 31918 32174 I BatteryMgr:DataCollectionService: stats => 1697983103761,235,4260,170,0,100
10-22 15:58:23.768  3957  4129 D WifiStateMachine: fetchRssiLinkSpeedAndFrequencyNative rssi=-46 linkspeed=433 freq=5240
10-22 15:58:23.768  3957  4129 V WifiConfigManager: Updating scan detail cache freq=5240 BSSID=f4:6d:2f:12:cc:88 RSSI=-45 for "ourhome"WPA_PSK
10-22 15:58:23.872 31918 32174 I BatteryMgr:DataCollectionService: stats => 1697983103872,235,4260,170,0,100
10-22 15:58:23.982 31918 32174 I BatteryMgr:DataCollectionService: stats => 1697983103982,235,4260,170,0,100
10-22 15:58:24.107 31918 32174 I BatteryMgr:DataCollectionService: stats => 1697983104106,235,4260,170,0,100
10-22 15:58:24.155  3957  4128 D WifiService: getConnectionInfo uid=1000
10-22 15:58:24.217 31918 32174 I BatteryMgr:DataCollectionService: stats => 1697983104217,235,4260,170,0,100
10-22 15:58:24.330 31918 32174 I BatteryMgr:DataCollectionService: stats => 1697983104330,235,4260,170,0,100
10-22 15:58:24.414  3957  4129 D WifiStateMachine:  ConnectedState !CMD_RSSI_POLL rt=589510996/1645486468 110 0 "ourhome" f4:6d:2f:12:cc:88 rssi=-46 f=5240 sc=60 link=433 tx=5.2, 0.0, 0.0  rx=6.3 bcn=473408 [on:0 tx:0 rx:0 period:654] from screen [on:145596 period:1097228] score=60
10-22 15:58:24.416  3957  4129 D WifiStateMachine:  L2ConnectedState !CMD_RSSI_POLL rt=589510999/1645486472 110 0 "ourhome" f4:6d:2f:12:cc:88 rssi=-46 f=5240 sc=60 link=433 tx=5.2, 0.0, 0.0  rx=6.3 bcn=473408 [on:0 tx:0 rx:0 period:2] from screen [on:145596 period:1097230] score=60
10-22 15:58:24.416  3957  4129 D WifiStateMachine:  get link layer stats 3
10-22 15:58:24.416  3436  3436 I android.hardware.wifi@1.0-service: getLinkLayerStats
10-22 15:58:24.432  3957  4129 D WifiStateMachine: fetchRssiLinkSpeedAndFrequencyNative rssi=-45 linkspeed=433 freq=5240
10-22 15:58:24.432  3957  4129 V WifiConfigManager: Updating scan detail cache freq=5240 BSSID=f4:6d:2f:12:cc:88 RSSI=-45 for "ourhome"WPA_PSK
10-22 15:58:24.437  4340  4340 E SignalClusterView: setSlotFocusVisible : subId -2
10-22 15:58:24.437  4340  4340 E SignalClusterView: setSlotFocusVisible : subId -2
10-22 15:58:24.438 31918 32174 I BatteryMgr:DataCollectionService: stats => 1697983104438,235,4260,170,0,100
10-22 15:58:24.555 31918 32174 I BatteryMgr:DataCollectionService: stats => 1697983104555,235,4260,170,0,100
10-22 15:58:24.666 31918 32174 I BatteryMgr:DataCollectionService: stats => 1697983104666,235,4260,170,0,100
10-22 15:58:24.754  3957  4129 D WifiStateMachine:  ConnectedState !RSSI_PKTCNT_FETCH uid=1000 rt=589511338/1645486810 0 0 "ourhome" f4:6d:2f:12:cc:88 rssi=-45 f=5240 sc=60 link=433 tx=1.9, 0.0, 0.0  rx=16.9 bcn=473435 [on:0 tx:0 rx:0 period:318] from screen [on:145950 period:1097569] score=60
10-22 15:58:24.756  3957  4129 D WifiStateMachine:  L2ConnectedState !RSSI_PKTCNT_FETCH uid=1000 rt=589511340/1645486813 0 0 "ourhome" f4:6d:2f:12:cc:88 rssi=-45 f=5240 sc=60 link=433 tx=1.9, 0.0, 0.0  rx=16.9 bcn=473435 [on:0 tx:0 rx:0 period:2] from screen [on:145950 period:1097571] score=60
10-22 15:58:24.762  3957  4129 D WifiStateMachine: fetchRssiLinkSpeedAndFrequencyNative rssi=-45 linkspeed=433 freq=5240
10-22 15:58:24.763  3957  4129 V WifiConfigManager: Updating scan detail cache freq=5240 BSSID=f4:6d:2f:12:cc:88 RSSI=-45 for "ourhome"WPA_PSK
10-22 15:58:24.775 31918 32174 I BatteryMgr:DataCollectionService: stats => 1697983104775,235,4260,170,0,100
10-22 15:58:24.887 31918 32174 I BatteryMgr:DataCollectionService: stats => 1697983104887,159,4260,151,0,100
10-22 15:58:25.000 31918 32174 I BatteryMgr:DataCollectionService: stats => 1697983104999,159,4260,151,0,100
10-22 15:58:25.109 31918 32174 I BatteryMgr:DataCollectionService: stats => 1697983105109,159,4260,151,0,100
10-22 15:58:25.157  3957  4128 D WifiService: getConnectionInfo uid=1000
10-22 15:58:25.217 31918 32174 I BatteryMgr:DataCollectionService: stats => 1697983105217,159,4260,151,0,100
10-22 15:58:25.326 31918 32174 I BatteryMgr:DataCollectionService: stats => 1697983105326,159,4260,151,0,100
10-22 15:58:25.438 31918 32174 I BatteryMgr:DataCollectionService: stats => 1697983105437,159,4260,151,0,100
10-22 15:58:25.549 31918 32174 I BatteryMgr:DataCollectionService: stats => 1697983105549,159,4260,151,0,100
10-22 15:58:25.658 31918 32174 I BatteryMgr:DataCollectionService: stats => 1697983105658,159,4260,151,0,100
10-22 15:58:25.667  3957  7899 D BatteryService: !@BatteryListener : batteryPropertiesChanged!
10-22 15:58:25.754  3957  4129 D WifiStateMachine:  ConnectedState !RSSI_PKTCNT_FETCH uid=1000 rt=589512338/1645487811 0 0 "ourhome" f4:6d:2f:12:cc:88 rssi=-45 f=5240 sc=60 link=433 tx=1.9, 0.0, 0.0  rx=16.9 bcn=473435 [on:0 tx:0 rx:0 period:998] from screen [on:145950 period:1098569] score=60
10-22 15:58:25.756  3957  4129 D WifiStateMachine:  L2ConnectedState !RSSI_PKTCNT_FETCH uid=1000 rt=589512340/1645487812 0 0 "ourhome" f4:6d:2f:12:cc:88 rssi=-45 f=5240 sc=60 link=433 tx=1.9, 0.0, 0.0  rx=16.9 bcn=473435 [on:0 tx:0 rx:0 period:1] from screen [on:145950 period:1098570] score=60
10-22 15:58:25.762  3957  4129 D WifiStateMachine: fetchRssiLinkSpeedAndFrequencyNative rssi=-45 linkspeed=433 freq=5240
10-22 15:58:25.763  3957  4129 V WifiConfigManager: Updating scan detail cache freq=5240 BSSID=f4:6d:2f:12:cc:88 RSSI=-45 for "ourhome"WPA_PSK
10-22 15:58:25.765 31918 32174 I BatteryMgr:DataCollectionService: stats => 1697983105765,159,4260,151,0,100
10-22 15:58:25.866  2479  2548 D ScanRecord: Not a Multi Manu data
10-22 15:58:25.866  2479  2548 I chatty  : uid=1002(bluetooth) BT Service Call identical 11 lines
10-22 15:58:25.866  2479  2548 D ScanRecord: Not a Multi Manu data
10-22 15:58:25.873 31918 32174 I BatteryMgr:DataCollectionService: stats => 1697983105873,159,4260,151,0,100
10-22 15:58:25.885  2479  2548 D ScanRecord: Not a Multi Manu data
10-22 15:58:25.981  2479  2548 I chatty  : uid=1002(bluetooth) BT Service Call identical 102 lines
10-22 15:58:25.981  2479  2548 D ScanRecord: Not a Multi Manu data
10-22 15:58:25.986 31918 32174 I BatteryMgr:DataCollectionService: stats => 1697983105986,159,4260,151,0,100
10-22 15:58:25.998  2479  2548 D ScanRecord: Not a Multi Manu data
10-22 15:58:26.065  2479  2548 I chatty  : uid=1002(bluetooth) BT Service Call identical 128 lines
10-22 15:58:26.065  2479  2548 D ScanRecord: Not a Multi Manu data
10-22 15:58:26.093 31918 32174 I BatteryMgr:DataCollectionService: stats => 1697983106093,159,4260,151,0,100
10-22 15:58:26.097  2479  2548 D ScanRecord: Not a Multi Manu data
10-22 15:58:26.158  2479  2548 I chatty  : uid=1002(bluetooth) BT Service Call identical 102 lines
10-22 15:58:26.158  2479  2548 D ScanRecord: Not a Multi Manu data
10-22 15:58:26.159  3957  4128 D WifiService: getConnectionInfo uid=1000
10-22 15:58:26.168  2479  2548 D ScanRecord: Not a Multi Manu data
10-22 15:58:26.202  2479  2548 I chatty  : uid=1002(bluetooth) BT Service Call identical 37 lines
10-22 15:58:26.202  2479  2548 D ScanRecord: Not a Multi Manu data
10-22 15:58:26.205 31918 32174 I BatteryMgr:DataCollectionService: stats => 1697983106205,159,4260,151,0,100
10-22 15:58:26.211  2479  2548 D ScanRecord: Not a Multi Manu data
10-22 15:58:26.313  2479  2548 I chatty  : uid=1002(bluetooth) BT Service Call identical 115 lines
10-22 15:58:26.313  2479  2548 D ScanRecord: Not a Multi Manu data
10-22 15:58:26.314 31918 32174 I BatteryMgr:DataCollectionService: stats => 1697983106313,159,4260,151,0,100
10-22 15:58:26.314  2479  2548 D ScanRecord: Not a Multi Manu data
10-22 15:58:26.348  2479  2548 I chatty  : uid=1002(bluetooth) BT Service Call identical 37 lines
10-22 15:58:26.348  2479  2548 D ScanRecord: Not a Multi Manu data
10-22 15:58:26.422 31918 32174 I BatteryMgr:DataCollectionService: stats => 1697983106421,159,4260,151,0,100
10-22 15:58:26.534 31918 32174 I BatteryMgr:DataCollectionService: stats => 1697983106534,159,4260,151,0,100
10-22 15:58:26.643 31918 32174 I BatteryMgr:DataCollectionService: stats => 1697983106643,159,4260,151,0,100
10-22 15:58:26.753 31918 32174 I BatteryMgr:DataCollectionService: stats => 1697983106753,159,4260,151,0,100
10-22 15:58:26.759  3957  4129 D WifiStateMachine:  ConnectedState !RSSI_PKTCNT_FETCH uid=1000 rt=589513340/1645488813 0 0 "ourhome" f4:6d:2f:12:cc:88 rssi=-45 f=5240 sc=60 link=433 tx=1.9, 0.0, 0.0  rx=16.9 bcn=473435 [on:0 tx:0 rx:0 period:1003] from screen [on:145950 period:1099573] score=60
10-22 15:58:26.761  3957  4129 D WifiStateMachine:  L2ConnectedState !RSSI_PKTCNT_FETCH uid=1000 rt=589513345/1645488817 0 0 "ourhome" f4:6d:2f:12:cc:88 rssi=-45 f=5240 sc=60 link=433 tx=1.9, 0.0, 0.0  rx=16.9 bcn=473435 [on:0 tx:0 rx:0 period:3] from screen [on:145950 period:1099576] score=60
10-22 15:58:26.768  3957  4129 D WifiStateMachine: fetchRssiLinkSpeedAndFrequencyNative rssi=-45 linkspeed=433 freq=5240
10-22 15:58:26.768  3957  4129 V WifiConfigManager: Updating scan detail cache freq=5240 BSSID=f4:6d:2f:12:cc:88 RSSI=-45 for "ourhome"WPA_PSK
10-22 15:58:26.862 31918 32174 I BatteryMgr:DataCollectionService: stats => 1697983106862,159,4260,151,0,100
10-22 15:58:26.926  3957  4030 D SensorService: [SO] 0.211 -0.124 9.993
10-22 15:58:26.975 31918 32174 I BatteryMgr:DataCollectionService: stats => 1697983106975,159,4260,151,0,100
10-22 15:58:27.086 31918 32174 I BatteryMgr:DataCollectionService: stats => 1697983107086,159,4260,151,0,100
10-22 15:58:27.163  3957  4128 D WifiService: getConnectionInfo uid=1000
10-22 15:58:27.196 31918 32174 I BatteryMgr:DataCollectionService: stats => 1697983107196,159,4260,151,0,100
10-22 15:58:27.307 31918 32174 I BatteryMgr:DataCollectionService: stats => 1697983107306,159,4260,151,0,100
10-22 15:58:27.418 31918 32174 I BatteryMgr:DataCollectionService: stats => 1697983107417,159,4260,151,0,100
10-22 15:58:27.437  3957  4129 D WifiStateMachine:  ConnectedState !CMD_RSSI_POLL rt=589514020/1645489492 110 0 "ourhome" f4:6d:2f:12:cc:88 rssi=-45 f=5240 sc=60 link=433 tx=1.9, 0.0, 0.0  rx=16.9 bcn=473435 [on:0 tx:0 rx:0 period:676] from screen [on:145950 period:1100252] score=60
10-22 15:58:27.439  3957  4129 D WifiStateMachine:  L2ConnectedState !CMD_RSSI_POLL rt=589514022/1645489495 110 0 "ourhome" f4:6d:2f:12:cc:88 rssi=-45 f=5240 sc=60 link=433 tx=1.9, 0.0, 0.0  rx=16.9 bcn=473435 [on:0 tx:0 rx:0 period:1] from screen [on:145950 period:1100253] score=60
10-22 15:58:27.439  3957  4129 D WifiStateMachine:  get link layer stats 3
10-22 15:58:27.439  3436  3436 I android.hardware.wifi@1.0-service: getLinkLayerStats
10-22 15:58:27.458  3957  4129 D WifiStateMachine: fetchRssiLinkSpeedAndFrequencyNative rssi=-45 linkspeed=433 freq=5240
10-22 15:58:27.458  3957  4129 V WifiConfigManager: Updating scan detail cache freq=5240 BSSID=f4:6d:2f:12:cc:88 RSSI=-45 for "ourhome"WPA_PSK
10-22 15:58:27.463  4340  4340 E SignalClusterView: setSlotFocusVisible : subId -2
10-22 15:58:27.464  4340  4340 E SignalClusterView: setSlotFocusVisible : subId -2
10-22 15:58:27.527 31918 32174 I BatteryMgr:DataCollectionService: stats => 1697983107527,159,4260,151,0,100
10-22 15:58:27.550  4961  4961 D io_stats: !@ 179,0 r 9230652 300833436 w 2076835 40841420 d 165805 36557520 f 629366 654134 iot 4246596 3669659 th 51200 0 0 pt 0 inp 0 0 589514.134
10-22 15:58:27.639 31918 32174 I BatteryMgr:DataCollectionService: stats => 1697983107639,159,4260,151,0,100
10-22 15:58:27.752 31918 32174 I BatteryMgr:DataCollectionService: stats => 1697983107751,159,4260,151,0,100
10-22 15:58:27.757  3957  4129 D WifiStateMachine:  ConnectedState !RSSI_PKTCNT_FETCH uid=1000 rt=589514340/1645489813 0 0 "ourhome" f4:6d:2f:12:cc:88 rssi=-45 f=5240 sc=60 link=433 tx=0.7, 0.0, 0.0  rx=8.1 bcn=473462 [on:0 tx:0 rx:0 period:295] from screen [on:146142 period:1100572] score=60
10-22 15:58:27.761  3957  4129 D WifiStateMachine:  L2ConnectedState !RSSI_PKTCNT_FETCH uid=1000 rt=589514343/1645489816 0 0 "ourhome" f4:6d:2f:12:cc:88 rssi=-45 f=5240 sc=60 link=433 tx=0.7, 0.0, 0.0  rx=8.1 bcn=473462 [on:0 tx:0 rx:0 period:3] from screen [on:146142 period:1100575] score=60
10-22 15:58:27.771  3957  4129 D WifiStateMachine: fetchRssiLinkSpeedAndFrequencyNative rssi=-44 linkspeed=433 freq=5240
10-22 15:58:27.771  3957  4129 V WifiConfigManager: Updating scan detail cache freq=5240 BSSID=f4:6d:2f:12:cc:88 RSSI=-44 for "ourhome"WPA_PSK
10-22 15:58:27.866 31918 32174 I BatteryMgr:DataCollectionService: stats => 1697983107865,159,4260,151,0,100
10-22 15:58:27.979 31918 32174 I BatteryMgr:DataCollectionService: stats => 1697983107979,159,4260,151,0,100
10-22 15:58:28.094 31918 32174 I BatteryMgr:DataCollectionService: stats => 1697983108093,159,4260,151,0,100
10-22 15:58:28.165  3957  4128 D WifiService: getConnectionInfo uid=1000
10-22 15:58:28.202 31918 32174 I BatteryMgr:DataCollectionService: stats => 1697983108202,159,4260,151,0,100
10-22 15:58:28.312 31918 32174 I BatteryMgr:DataCollectionService: stats => 1697983108312,159,4260,151,0,100
10-22 15:58:28.432 31918 32174 I BatteryMgr:DataCollectionService: stats => 1697983108431,159,4260,151,0,100
10-22 15:58:28.543 31918 32174 I BatteryMgr:DataCollectionService: stats => 1697983108543,159,4260,151,0,100
10-22 15:58:28.652 31918 32174 I BatteryMgr:DataCollectionService: stats => 1697983108651,159,4260,151,0,100
10-22 15:58:28.758 31918 32174 I BatteryMgr:DataCollectionService: stats => 1697983108758,159,4260,151,0,100
10-22 15:58:28.759  3957  4129 D WifiStateMachine:  ConnectedState !RSSI_PKTCNT_FETCH uid=1000 rt=589515342/1645490815 0 0 "ourhome" f4:6d:2f:12:cc:88 rssi=-44 f=5240 sc=60 link=433 tx=0.7, 0.0, 0.0  rx=8.1 bcn=473462 [on:0 tx:0 rx:0 period:998] from screen [on:146142 period:1101573] score=60
10-22 15:58:28.760  3957  4129 D WifiStateMachine:  L2ConnectedState !RSSI_PKTCNT_FETCH uid=1000 rt=589515344/1645490817 0 0 "ourhome" f4:6d:2f:12:cc:88 rssi=-44 f=5240 sc=60 link=433 tx=0.7, 0.0, 0.0  rx=8.1 bcn=473462 [on:0 tx:0 rx:0 period:2] from screen [on:146142 period:1101575] score=60
10-22 15:58:28.767  3957  4129 D WifiStateMachine: fetchRssiLinkSpeedAndFrequencyNative rssi=-46 linkspeed=433 freq=5240
10-22 15:58:28.768  3957  4129 V WifiConfigManager: Updating scan detail cache freq=5240 BSSID=f4:6d:2f:12:cc:88 RSSI=-45 for "ourhome"WPA_PSK
10-22 15:58:28.868 31918 32174 I BatteryMgr:DataCollectionService: stats => 1697983108868,159,4260,151,0,100
10-22 15:58:28.978 31918 32174 I BatteryMgr:DataCollectionService: stats => 1697983108978,159,4260,151,0,100
10-22 15:58:29.088 31918 32174 I BatteryMgr:DataCollectionService: stats => 1697983109088,159,4260,151,0,100
10-22 15:58:29.168  3957  4128 D WifiService: getConnectionInfo uid=1000
10-22 15:58:29.198 31918 32174 I BatteryMgr:DataCollectionService: stats => 1697983109198,159,4260,151,0,100
10-22 15:58:29.309 31918 32174 I BatteryMgr:DataCollectionService: stats => 1697983109309,159,4260,151,0,100
10-22 15:58:29.425 31918 32174 I BatteryMgr:DataCollectionService: stats => 1697983109425,159,4260,151,0,100
10-22 15:58:29.537 31918 32174 I BatteryMgr:DataCollectionService: stats => 1697983109537,159,4260,151,0,100
10-22 15:58:29.647 31918 32174 I BatteryMgr:DataCollectionService: stats => 1697983109647,159,4260,151,0,100
10-22 15:58:29.758 31918 32174 I BatteryMgr:DataCollectionService: stats => 1697983109758,159,4260,151,0,100
10-22 15:58:29.762  3957  4129 D WifiStateMachine:  ConnectedState !RSSI_PKTCNT_FETCH uid=1000 rt=589516343/1645491816 0 0 "ourhome" f4:6d:2f:12:cc:88 rssi=-46 f=5240 sc=60 link=433 tx=0.7, 0.0, 0.0  rx=8.1 bcn=473462 [on:0 tx:0 rx:0 period:1002] from screen [on:146142 period:1102577] score=60
10-22 15:58:29.764  3957  4129 D WifiStateMachine:  L2ConnectedState !RSSI_PKTCNT_FETCH uid=1000 rt=589516348/1645491820 0 0 "ourhome" f4:6d:2f:12:cc:88 rssi=-46 f=5240 sc=60 link=433 tx=0.7, 0.0, 0.0  rx=8.1 bcn=473462 [on:0 tx:0 rx:0 period:2] from screen [on:146142 period:1102579] score=60
10-22 15:58:29.768  3957  4129 D WifiStateMachine: fetchRssiLinkSpeedAndFrequencyNative rssi=-46 linkspeed=433 freq=5240
10-22 15:58:29.768  3957  4129 V WifiConfigManager: Updating scan detail cache freq=5240 BSSID=f4:6d:2f:12:cc:88 RSSI=-45 for "ourhome"WPA_PSK
10-22 15:58:29.870 31918 32174 I BatteryMgr:DataCollectionService: stats => 1697983109870,159,4260,151,0,100
10-22 15:58:29.979 31918 32174 I BatteryMgr:DataCollectionService: stats => 1697983109979,159,4260,151,0,100
10-22 15:58:30.003  3957  4055 I TLC_TIMA_PKM_initialize: initializing...
10-22 15:58:30.005  3957  4055 I TLC_TIMA_PKM_initialize: root = 0, root_strlen = 1
10-22 15:58:30.005  3957  4055 I TLC_TIMA_PKM_initialize: process = ffffffff00000000000000000000000a, process_strlen = 32
10-22 15:58:30.012  3957  4055 I TZ: mc_tlc_communication: input max_sendmsg_size = 262196
10-22 15:58:30.012  3957  4055 I TZ: mc_tlc_communication: input max_recvmsg_size = 262196
10-22 15:58:30.012  3957  4055 I TZ: mc_tlc_communication: root = 0, root_len = 1
10-22 15:58:30.012  3957  4055 I TZ: mc_tlc_communication: process = ffffffff00000000000000000000000a, process_strlen = 32
10-22 15:58:30.012  3957  4055 I TZ: mc_tlc_communication: aligned max_sendmsg_size = 262208
10-22 15:58:30.012  3957  4055 I TZ: mc_tlc_communication: aligned max_recvmsg_size = 262208
10-22 15:58:30.012  3957  4055 I TZ: mc_tlc_communication: device_id = 0x0
10-22 15:58:30.012  3957  4055 I TZ: mc_tlc_communication: tlc_open() was called
10-22 15:58:30.012  3957  4055 I TZ: mc_tlc_communication: Opening MobiCore device
10-22 15:58:30.015  3957  4055 I TeeSysClient: open mode set to: 0 [hardware/samsung_slsi/exynos7885/mobicore/ClientLib/src/common.cpp:343]
10-22 15:58:30.016  3957  4055 I TeeSysClient: driver version: v6.3 [hardware/samsung_slsi/exynos7885/mobicore/ClientLib/src/driver.cpp:71]
10-22 15:58:30.016  3957  4055 I TeeSysClient: driver open [hardware/samsung_slsi/exynos7885/mobicore/ClientLib/src/driver.cpp:84]
10-22 15:58:30.016  3957  4055 I TeeSysClient: Kinibi access granted by the driver [hardware/samsung_slsi/exynos7885/mobicore/ClientLib/src/common.cpp:217]
10-22 15:58:30.016  3957  4055 I TZ: mc_tlc_communication: Allocating message buffer for TCI
10-22 15:58:30.017  3957  4055 I TZ: mc_tlc_communication: Opening the session
10-22 15:58:30.044  3957  4055 I TZ: mc_tlc_communication: tlc_open() succeeded
10-22 15:58:30.045  3957  4055 E TLC_TIMA_PKM_initialize: tima_pkm : /system/etc/tima/kern_sec_info1
10-22 15:58:30.052  3957  4055 E TLC_TIMA_PKM_initialize: tima_pkm : /system/etc/tima/kern_sec_info2
10-22 15:58:30.056  3957  4055 E TLC_TIMA_PKM_initialize: tima_pkm : /system/etc/tima/kern_sec_info3
10-22 15:58:30.065  3957  4055 E TLC_TIMA_PKM_initialize: tima_pkm : /system/etc/tima/kern_sec_info4
10-22 15:58:30.070  3957  4055 E TLC_TIMA_PKM_initialize: tima_pkm : /system/etc/tima/kern_sec_info5
10-22 15:58:30.079  3957  4055 E TLC_TIMA_PKM_initialize: tima_pkm : /system/etc/tima/kern_sec_info6
10-22 15:58:30.085  3957  4055 E TLC_TIMA_PKM_initialize: tima_pkm : /system/etc/tima/kern_sec_info7
10-22 15:58:30.089 31918 32174 I BatteryMgr:DataCollectionService: stats => 1697983110088,159,4260,151,0,100
10-22 15:58:30.090  3957  4055 E TLC_TIMA_PKM_initialize: tima_pkm : /system/etc/tima/kern_sec_info8
10-22 15:58:30.098  3957  4055 I TLC_TIMA_PKM_initialize: Trustlet response is completed
10-22 15:58:30.170  3957  4128 D WifiService: getConnectionInfo uid=1000
10-22 15:58:30.197 31918 32174 I BatteryMgr:DataCollectionService: stats => 1697983110196,159,4260,151,0,100
10-22 15:58:30.305 31918 32174 I BatteryMgr:DataCollectionService: stats => 1697983110305,159,4260,151,0,100
10-22 15:58:30.416 31918 32174 I BatteryMgr:DataCollectionService: stats => 1697983110416,159,4260,151,0,100
10-22 15:58:30.464  3957  4129 D WifiStateMachine:  ConnectedState !CMD_RSSI_POLL rt=589517046/1645492519 110 0 "ourhome" f4:6d:2f:12:cc:88 rssi=-46 f=5240 sc=60 link=433 tx=0.7, 0.0, 0.0  rx=8.1 bcn=473462 [on:0 tx:0 rx:0 period:699] from screen [on:146142 period:1103278] score=60
10-22 15:58:30.469  3957  4129 D WifiStateMachine:  L2ConnectedState !CMD_RSSI_POLL rt=589517050/1645492522 110 0 "ourhome" f4:6d:2f:12:cc:88 rssi=-46 f=5240 sc=60 link=433 tx=0.7, 0.0, 0.0  rx=8.1 bcn=473462 [on:0 tx:0 rx:0 period:5] from screen [on:146142 period:1103283] score=60
10-22 15:58:30.469  3957  4129 D WifiStateMachine:  get link layer stats 3
10-22 15:58:30.470  3436  3436 I android.hardware.wifi@1.0-service: getLinkLayerStats
10-22 15:58:30.477  3957  4129 D WifiStateMachine: fetchRssiLinkSpeedAndFrequencyNative rssi=-44 linkspeed=433 freq=5240
10-22 15:58:30.477  3957  4129 V WifiConfigManager: Updating scan detail cache freq=5240 BSSID=f4:6d:2f:12:cc:88 RSSI=-44 for "ourhome"WPA_PSK
10-22 15:58:30.482  4340  4340 E SignalClusterView: setSlotFocusVisible : subId -2
10-22 15:58:30.482  4340  4340 E SignalClusterView: setSlotFocusVisible : subId -2
10-22 15:58:30.527 31918 32174 I BatteryMgr:DataCollectionService: stats => 1697983110526,159,4260,151,0,100
10-22 15:58:30.637 31918 32174 I BatteryMgr:DataCollectionService: stats => 1697983110637,159,4260,151,0,100
10-22 15:58:30.747 31918 32174 I BatteryMgr:DataCollectionService: stats => 1697983110747,159,4260,151,0,100
10-22 15:58:30.761  3957  4129 D WifiStateMachine:  ConnectedState !RSSI_PKTCNT_FETCH uid=1000 rt=589517344/1645492817 0 0 "ourhome" f4:6d:2f:12:cc:88 rssi=-44 f=5240 sc=60 link=433 tx=2.2, 0.0, 0.0  rx=8.0 bcn=473488 [on:0 tx:0 rx:0 period:279] from screen [on:146866 period:1103575] score=60
10-22 15:58:30.764  3957  4129 D WifiStateMachine:  L2ConnectedState !RSSI_PKTCNT_FETCH uid=1000 rt=589517347/1645492819 0 0 "ourhome" f4:6d:2f:12:cc:88 rssi=-44 f=5240 sc=60 link=433 tx=2.2, 0.0, 0.0  rx=8.0 bcn=473488 [on:0 tx:0 rx:0 period:3] from screen [on:146866 period:1103578] score=60
10-22 15:58:30.771  3957  4129 D WifiStateMachine: fetchRssiLinkSpeedAndFrequencyNative rssi=-45 linkspeed=433 freq=5240
10-22 15:58:30.771  3957  4129 V WifiConfigManager: Updating scan detail cache freq=5240 BSSID=f4:6d:2f:12:cc:88 RSSI=-44 for "ourhome"WPA_PSK
10-22 15:58:30.857  2479  2548 D ScanRecord: Not a Multi Manu data
10-22 15:58:30.860  2479  2548 I chatty  : uid=1002(bluetooth) BT Service Call identical 11 lines
10-22 15:58:30.860  2479  2548 D ScanRecord: Not a Multi Manu data
10-22 15:58:30.861 31918 32174 I BatteryMgr:DataCollectionService: stats => 1697983110861,159,4260,151,0,100
10-22 15:58:30.878  2479  2548 D ScanRecord: Not a Multi Manu data
10-22 15:58:30.971  2479  2548 I chatty  : uid=1002(bluetooth) BT Service Call identical 76 lines
10-22 15:58:30.971  2479  2548 D ScanRecord: Not a Multi Manu data
10-22 15:58:30.971 31918 32174 I BatteryMgr:DataCollectionService: stats => 1697983110971,159,4260,151,0,100
10-22 15:58:30.978  2479  2548 D ScanRecord: Not a Multi Manu data
10-22 15:58:31.032  2479  2548 I chatty  : uid=1002(bluetooth) BT Service Call identical 141 lines
10-22 15:58:31.032  2479  2548 D ScanRecord: Not a Multi Manu data
10-22 15:58:31.036  2479  2548 D ScanRecord: same manuId data exists, combine both data and store
10-22 15:58:31.036  2479  2548 D ScanRecord: It's a Multi Manu data
10-22 15:58:31.037  2479  2548 I chatty  : uid=1002(bluetooth) BT Service Call identical 9 lines
10-22 15:58:31.037  2479  2548 D ScanRecord: It's a Multi Manu data
10-22 15:58:31.037  2479  2548 D ScanRecord: same manuId data exists, combine both data and store
10-22 15:58:31.037  2479  2548 D ScanRecord: same manuId data exists, combine both data and store
10-22 15:58:31.037  2479  2548 D ScanRecord: It's a Multi Manu data
10-22 15:58:31.037  2479  2548 D ScanFilter: manu data matches
10-22 15:58:31.037  2479  2548 D BtGatt.GattService: onScanResult to scannerId: 6- event_type=0x1b, address_type=1, address=59:4, primary_phy=1, secondary_phy=0, advertising_sid=0xff, tx_power=127, rssi=-70, periodic_adv_int=0x0
10-22 15:58:31.038 23612 24195 D ScanRecord: same manuId data exists, combine both data and store
10-22 15:58:31.041  2479  2548 D ScanRecord: Not a Multi Manu data
10-22 15:58:31.077  2479  2548 I chatty  : uid=1002(bluetooth) BT Service Call identical 89 lines
10-22 15:58:31.077  2479  2548 D ScanRecord: Not a Multi Manu data
10-22 15:58:31.080 31918 32174 I BatteryMgr:DataCollectionService: stats => 1697983111080,159,4260,151,0,100
10-22 15:58:31.092  2479  2548 D ScanRecord: Not a Multi Manu data
10-22 15:58:31.145  2479  2548 I chatty  : uid=1002(bluetooth) BT Service Call identical 128 lines
10-22 15:58:31.145  2479  2548 D ScanRecord: Not a Multi Manu data
10-22 15:58:31.173  3957  4128 D WifiService: getConnectionInfo uid=1000
10-22 15:58:31.178  2479  2548 D ScanRecord: Not a Multi Manu data
10-22 15:58:31.186  2479  2548 I chatty  : uid=1002(bluetooth) BT Service Call identical 24 lines
10-22 15:58:31.186  2479  2548 D ScanRecord: Not a Multi Manu data
10-22 15:58:31.188 31918 32174 I BatteryMgr:DataCollectionService: stats => 1697983111188,159,4260,151,0,100
10-22 15:58:31.195  2479  2548 D ScanRecord: Not a Multi Manu data
10-22 15:58:31.231  3957  6478 D SSRM:k  : SIOP:: AP = 380, PST = 361 (W:12), BAT = 315, USB = 0, CHG = 0
10-22 15:58:31.294  2479  2548 I chatty  : uid=1002(bluetooth) BT Service Call identical 152 lines
10-22 15:58:31.294  2479  2548 D ScanRecord: Not a Multi Manu data
10-22 15:58:31.294 31918 32174 I BatteryMgr:DataCollectionService: stats => 1697983111294,159,4260,151,0,100
10-22 15:58:31.294  2479  2548 D ScanRecord: Not a Multi Manu data
10-22 15:58:31.323  2479  2548 I chatty  : uid=1002(bluetooth) BT Service Call identical 39 lines
10-22 15:58:31.323  2479  2548 D ScanRecord: Not a Multi Manu data
10-22 15:58:31.406 31918 32174 I BatteryMgr:DataCollectionService: stats => 1697983111405,159,4260,151,0,100
10-22 15:58:31.516 31918 32174 I BatteryMgr:DataCollectionService: stats => 1697983111516,159,4260,151,0,100
10-22 15:58:31.633 31918 32174 I BatteryMgr:DataCollectionService: stats => 1697983111633,159,4260,151,0,100
10-22 15:58:31.743 31918 32174 I BatteryMgr:DataCollectionService: stats => 1697983111743,159,4260,151,0,100
10-22 15:58:31.764  3957  4129 D WifiStateMachine:  ConnectedState !RSSI_PKTCNT_FETCH uid=1000 rt=589518346/1645493819 0 0 "ourhome" f4:6d:2f:12:cc:88 rssi=-45 f=5240 sc=60 link=433 tx=2.2, 0.0, 0.0  rx=8.0 bcn=473488 [on:0 tx:0 rx:0 period:1000] from screen [on:146866 period:1104578] score=60
10-22 15:58:31.765  3957  4129 D WifiStateMachine:  L2ConnectedState !RSSI_PKTCNT_FETCH uid=1000 rt=589518350/1645493822 0 0 "ourhome" f4:6d:2f:12:cc:88 rssi=-45 f=5240 sc=60 link=433 tx=2.2, 0.0, 0.0  rx=8.0 bcn=473488 [on:0 tx:0 rx:0 period:2] from screen [on:146866 period:1104580] score=60
10-22 15:58:31.769  3957  4129 D WifiStateMachine: fetchRssiLinkSpeedAndFrequencyNative rssi=-45 linkspeed=433 freq=5240
10-22 15:58:31.769  3957  4129 V WifiConfigManager: Updating scan detail cache freq=5240 BSSID=f4:6d:2f:12:cc:88 RSSI=-44 for "ourhome"WPA_PSK
10-22 15:58:31.856 31918 32174 I BatteryMgr:DataCollectionService: stats => 1697983111856,159,4260,151,0,100
10-22 15:58:31.965 31918 32174 I BatteryMgr:DataCollectionService: stats => 1697983111965,159,4260,151,0,100
10-22 15:58:32.076 31918 32174 I BatteryMgr:DataCollectionService: stats => 1697983112076,159,4260,151,0,100
10-22 15:58:32.175  3957  4128 D WifiService: getConnectionInfo uid=1000
10-22 15:58:32.186 31918 32174 I BatteryMgr:DataCollectionService: stats => 1697983112186,159,4260,151,0,100
10-22 15:58:32.293 31918 32174 I BatteryMgr:DataCollectionService: stats => 1697983112293,159,4260,151,0,100
10-22 15:58:32.402 31918 32174 I BatteryMgr:DataCollectionService: stats => 1697983112401,159,4260,151,0,100
10-22 15:58:32.514 31918 32174 I BatteryMgr:DataCollectionService: stats => 1697983112513,159,4260,151,0,100
10-22 15:58:32.553  4961  4961 D io_stats: !@ 179,0 r 9230698 300836460 w 2076842 40841584 d 165806 36557588 f 629367 654135 iot 4246628 3669691 th 51200 0 0 pt 0 inp 0 0 589519.138
10-22 15:58:32.623 31918 32174 I BatteryMgr:DataCollectionService: stats => 1697983112623,159,4260,151,0,100
10-22 15:58:32.734 31918 32174 I BatteryMgr:DataCollectionService: stats => 1697983112734,159,4260,151,0,100
10-22 15:58:32.765  3957  4129 D WifiStateMachine:  ConnectedState !RSSI_PKTCNT_FETCH uid=1000 rt=589519348/1645494821 0 0 "ourhome" f4:6d:2f:12:cc:88 rssi=-45 f=5240 sc=60 link=433 tx=2.2, 0.0, 0.0  rx=8.0 bcn=473488 [on:0 tx:0 rx:0 period:1000] from screen [on:146866 period:1105580] score=60
10-22 15:58:32.768  3957  4129 D WifiStateMachine:  L2ConnectedState !RSSI_PKTCNT_FETCH uid=1000 rt=589519351/1645494824 0 0 "ourhome" f4:6d:2f:12:cc:88 rssi=-45 f=5240 sc=60 link=433 tx=2.2, 0.0, 0.0  rx=8.0 bcn=473488 [on:0 tx:0 rx:0 period:3] from screen [on:146866 period:1105583] score=60
10-22 15:58:32.774  3957  4129 D WifiStateMachine: fetchRssiLinkSpeedAndFrequencyNative rssi=-45 linkspeed=433 freq=5240
10-22 15:58:32.775  3957  4129 V WifiConfigManager: Updating scan detail cache freq=5240 BSSID=f4:6d:2f:12:cc:88 RSSI=-44 for "ourhome"WPA_PSK
10-22 15:58:32.844 31918 32174 I BatteryMgr:DataCollectionService: stats => 1697983112844,159,4260,151,0,100
10-22 15:58:32.955 31918 32174 I BatteryMgr:DataCollectionService: stats => 1697983112955,159,4260,151,0,100
10-22 15:58:33.067 31918 32174 I BatteryMgr:DataCollectionService: stats => 1697983113066,159,4260,151,0,100
10-22 15:58:33.176 31918 32174 I BatteryMgr:DataCollectionService: stats => 1697983113176,159,4260,151,0,100
10-22 15:58:33.178  3957  4128 D WifiService: getConnectionInfo uid=1000
10-22 15:58:33.287 31918 32174 I BatteryMgr:DataCollectionService: stats => 1697983113287,159,4260,151,0,100
10-22 15:58:33.396 31918 32174 I BatteryMgr:DataCollectionService: stats => 1697983113396,159,4260,151,0,100
10-22 15:58:33.482  3957  4129 D WifiStateMachine:  ConnectedState !CMD_RSSI_POLL rt=589520064/1645495536 110 0 "ourhome" f4:6d:2f:12:cc:88 rssi=-45 f=5240 sc=60 link=433 tx=2.2, 0.0, 0.0  rx=8.0 bcn=473488 [on:0 tx:0 rx:0 period:713] from screen [on:146866 period:1106296] score=60
10-22 15:58:33.484  3957  4129 D WifiStateMachine:  L2ConnectedState !CMD_RSSI_POLL rt=589520068/1645495540 110 0 "ourhome" f4:6d:2f:12:cc:88 rssi=-45 f=5240 sc=60 link=433 tx=2.2, 0.0, 0.0  rx=8.0 bcn=473488 [on:0 tx:0 rx:0 period:3] from screen [on:146866 period:1106299] score=60
10-22 15:58:33.484  3957  4129 D WifiStateMachine:  get link layer stats 3
10-22 15:58:33.485  3436  3436 I android.hardware.wifi@1.0-service: getLinkLayerStats
10-22 15:58:33.505  3957  4129 D WifiStateMachine: fetchRssiLinkSpeedAndFrequencyNative rssi=-45 linkspeed=433 freq=5240
10-22 15:58:33.505  3957  4129 V WifiConfigManager: Updating scan detail cache freq=5240 BSSID=f4:6d:2f:12:cc:88 RSSI=-44 for "ourhome"WPA_PSK
10-22 15:58:33.508 31918 32174 I BatteryMgr:DataCollectionService: stats => 1697983113508,159,4260,151,0,100
10-22 15:58:33.511  4340  4340 E SignalClusterView: setSlotFocusVisible : subId -2
10-22 15:58:33.512  4340  4340 E SignalClusterView: setSlotFocusVisible : subId -2
10-22 15:58:33.616 31918 32174 I BatteryMgr:DataCollectionService: stats => 1697983113616,159,4260,151,0,100
10-22 15:58:33.727 31918 32174 I BatteryMgr:DataCollectionService: stats => 1697983113727,159,4260,151,0,100
10-22 15:58:33.765  3957  4129 D WifiStateMachine:  ConnectedState !RSSI_PKTCNT_FETCH uid=1000 rt=589520349/1645495821 0 0 "ourhome" f4:6d:2f:12:cc:88 rssi=-45 f=5240 sc=60 link=433 tx=0.8, 0.0, 0.0  rx=5.5 bcn=473517 [on:0 tx:0 rx:0 period:256] from screen [on:147104 period:1106580] score=60
10-22 15:58:33.767  3957  4129 D WifiStateMachine:  L2ConnectedState !RSSI_PKTCNT_FETCH uid=1000 rt=589520351/1645495823 0 0 "ourhome" f4:6d:2f:12:cc:88 rssi=-45 f=5240 sc=60 link=433 tx=0.8, 0.0, 0.0  rx=5.5 bcn=473517 [on:0 tx:0 rx:0 period:2] from screen [on:147104 period:1106582] score=60
