--------- beginning of main
10-22 15:57:39.311 11094 11094 E adbd    : recv: OPEN 0000d50f 00000000 0042:73 68 65 6C 6C 2C 76 32 2C 54 45 52 4D 3D 78 74 65 72 6D 2D 32 35 36 63 6F 6C 6F 72 2C 72 61 77 3A 67 65 74 70 72 6F 70 20 72 6F 2E 62 75 69 6C 64 2E 76 65 72 73 69 6F 6E 2E 72 65 6C 65 61 73 65 00 
10-22 15:57:39.311 11094 11094 E adbd    : service_to_fd: shell,v2,TERM=xterm-256color,raw:getprop ro.build.version.release
10-22 15:57:39.368 11094 11094 E adbd    : recv: OPEN 0000d513 00000000 003e:73 68 65 6C 6C 2C 76 32 2C 54 45 52 4D 3D 78 74 65 72 6D 2D 32 35 36 63 6F 6C 6F 72 2C 72 61 77 3A 67 65 74 70 72 6F 70 20 72 6F 2E 62 75 69 6C 64 2E 76 65 72 73 69 6F 6E 2E 73 64 6B 00 
10-22 15:57:39.368 11094 11094 E adbd    : service_to_fd: shell,v2,TERM=xterm-256color,raw:getprop ro.build.version.sdk
10-22 15:57:39.436 11094 11094 E adbd    : recv: OPEN 0000d517 00000000 00c4:73 68 65 6C 6C 2C 76 32 2C 54 45 52 4D 3D 78 74 65 72 6D 2D 32 35 36 63 6F 6C 6F 72 2C 72 61 77 3A 61 6D 20 73 74 61 72 74 20 2D 6E 20 22 63 6F 6D 2E 65 78 61 6D 70 6C 65 2E 62 61 74 74 65 72 79 6D 61 6E 61 67 65 72 5F 75 74 69 6C 69 74 79 2F 63 6F 6D 2E 65 78 61 6D 70 6C 65 2E 62 61 74 74 65 72 79 6D 61 6E 61 67 65 72 5F 75 74 69 6C 69 74 79 2E 4D 61 69 6E 41 63 74 69 76 69 74 79 22 20 2D 61 20 61 6E 64 72 6F 69 64 2E 69 6E 74 65 6E 74 2E 61 63 74 69 6F 6E 2E 4D 41 49 4E 20 2D 63 20 61 6E 64 72 6F 69 64 2E 69 6E 74 65 6E 74 2E 63 61 74 65 67 6F 72 79 2E 4C 41 55 4E 43 48 45 52 00 
10-22 15:57:39.436 11094 11094 E adbd    : service_to_fd: shell,v2,TERM=xterm-256color,raw:am start -n "com.example.batterymanager_utility/com.example.batterymanager_utility.MainActivity" -a android.intent.action.MAIN -c android.intent.category.LAUNCHER
--------- beginning of system
10-22 15:57:39.520  3957 14904 I ActivityManager: START u0 {act=android.intent.action.MAIN typ=null flg=0x10000000 cmp=ComponentInfo{com.example.batterymanager_utility/com.example.batterymanager_utility.MainActivity}} from uid 2000
10-22 15:57:39.521  3957 14904 D CustomFrequencyManagerService: acquireDVFSLockLocked : type : DVFS_MIN_LIMIT  frequency : 1560000  uid : 1000  pid : 3957  pkgName : AMS_APP_SWITCH@CPU_MIN@52
10-22 15:57:39.523  3957 14904 D ActivityManagerPerformance: AMP_acquire() APP_SWITCH
10-22 15:57:39.523  3957  5022 D ActivityManagerPerformance: Received MSG_CFMS_HINT_AMS_SWITCH pkgName: com.example.batterymanager_utility
10-22 15:57:39.524  3957  6478 D WifiService: getConnectionInfo uid=1000
10-22 15:57:39.529   426   426 V Launcher: Launcher.onPause()
10-22 15:57:39.530   426   426 D Launcher: setHotWordDetection : call requestHotWordDetection false
10-22 15:57:39.532  3957  3957 D MdnieScenarioControlService: Listener Real Multi Window State : false
10-22 15:57:39.537  4146  4146 I GsaVoiceInteractionSrv: Handling ACTION_STOP_HOTWORD
10-22 15:57:39.537  3957  4651 D ActivityManager: isScaleDownAnimationEnabled() : false
10-22 15:57:39.538  4146  4214 I HwDetectorWithState: (REDACTED) a: %d
10-22 15:57:39.538  3957  4651 D StorageManagerService: getExternalStorageMountMode : 1
10-22 15:57:39.540  3957  4651 D StorageManagerService: getExternalStorageMountMode : 3
10-22 15:57:39.540  3957  4651 D StorageManagerService: getExternalStorageMountMode : final mountMode=1, uid : 10170, packageName : com.example.batterymanager_utility
10-22 15:57:39.540  3957  4651 I ApplicationPolicy: isApplicationExternalStorageWhitelisted:com.example.batterymanager_utility user:0
10-22 15:57:39.540  3957  4651 D ApplicationPolicy: isApplicationExternalStorageWhitelisted: DO is not enabled on user 0. Allowed.
10-22 15:57:39.540  3957  4651 D ActivityManager: package  com.example.batterymanager_utility, user - 0 is SDcard whitelisted
10-22 15:57:39.540  3957  4651 I ApplicationPolicy: isApplicationExternalStorageBlacklisted:com.example.batterymanager_utility user:0
10-22 15:57:39.541  3957  4651 D ApplicationPolicy: isApplicationExternalStorageBlacklisted: DO is not enabled on user 0. Allowed.
10-22 15:57:39.551  3957  4651 I ActivityManager: Start proc 31918:com.example.batterymanager_utility/u0a170 for activity com.example.batterymanager_utility/.MainActivity
10-22 15:57:39.552 31918 31918 E Zygote  : isWhitelistProcess - Process is Whitelisted
10-22 15:57:39.552 31918 31918 E libpersona: scanKnoxPersonas
10-22 15:57:39.552 31918 31918 E libpersona: Couldn't open the File - /data/system/users/0/personalist.xml - No such file or directory
10-22 15:57:39.554 31918 31918 W SELinux : SELinux selinux_android_compute_policy_index : Policy Index[2],  Con:u:r:zygote:s0 RAM:SEPF_SM-J720F_8.0.0_0002, [-1 -1 -1 -1 0 1]
10-22 15:57:39.555 31918 31918 I SELinux : SELinux: seapp_context_lookup: seinfo=untrusted, level=s0:c512,c768, pkgname=com.example.batterymanager_utility 
10-22 15:57:39.558 31918 31918 I zygote64: Late-enabling -Xcheck:jni
10-22 15:57:39.559  3957  4025 V WindowManager: rotationForOrientationLw(orient=-1, last=0); user=0  sensorRotation=-1 mLidState=-1 mDockMode=0 mHdmiPlugged=false
10-22 15:57:39.559  3957  4025 D ViewRootImpl@2e41863[batterymanager_utility]: setView = DecorView@ebba519[batterymanager_utility] TM=true MM=false
10-22 15:57:39.574  3957  4025 D ViewRootImpl@2e41863[batterymanager_utility]: dispatchAttachedToWindow
10-22 15:57:39.574  3957  4025 V WindowManager: Relayout Window{a1ebc60 u0 Splash Screen com.example.batterymanager_utility}: viewVisibility=0 req=719x1237 WM.LayoutParams{(0,0)(fillxfill) sim=#20 ty=3 fl=#81830118 pfl=0x20011 wanim=0x10302fd vsysui=0x600 needsMenuKey=2 colorMode=0 naviIconColor=0}
10-22 15:57:39.577  4340  4340 D WallpaperService: updateSurface forceRelayout=true redrawNeeded=false myWidth=1280 myHeight=1280 fixedSize=true x = 0 y = 0 mWidth=1280 mHeight=1280 mIsSleepMode=false
10-22 15:57:39.579  3447  3447 I SurfaceFlinger: id=3096 createSurf (720x1280),1 flag=404, Splash Screen com.example.batterymanager_utility#0
10-22 15:57:39.580  3957  4025 V Surface : sf_framedrop debug : 0x4f4c, game : false, logging : 0
10-22 15:57:39.583  3957  4025 D InputDispatcher: Focus left window: 426
10-22 15:57:39.583  3957  4025 D ViewRootImpl@2e41863[batterymanager_utility]: Relayout returned: old=[0,0][0,0] new=[0,0][720,1280] result=0x7 surface={valid=true 500903997440} changed=true
10-22 15:57:39.584  3957  4025 D ViewRootImpl@2e41863[batterymanager_utility]: MSG_RESIZED_REPORT: frame=Rect(0, 0 - 720, 1280) ci=Rect(0, 42 - 0, 0) vi=Rect(0, 42 - 0, 0) or=1
10-22 15:57:39.584  3957  4651 V WindowManager: Relayout Window{b8b4ba7 u0 com.android.systemui.ImageWallpaper}: viewVisibility=0 req=1280x1280 WM.LayoutParams{(0,0)(1280x1280) gr=#800033 ty=2013 fl=#10318 fmt=2 wanim=0x103030e colorMode=0 naviIconColor=0}
10-22 15:57:39.587   426   426 D ViewRootImpl@64d68ee[LauncherActivity]: MSG_WINDOW_FOCUS_CHANGED 0
10-22 15:57:39.588  4340  4340 D ImageWallpaper: onOffsetsChanged: xOffset=0.0, yOffset=0.0, xOffsetStep=0.0, yOffsetStep=0.0, xPixels=0, yPixels=0
10-22 15:57:39.589  4340  4340 D ImageWallpaper: newRotation : 0,mLastRotation : 0
10-22 15:57:39.589  4340  4340 D ImageWallpaper: drawFrame:[frame.width()]1280[frame.height()]1280
10-22 15:57:39.589  4340  4340 D ImageWallpaper: surfaceDimensionsChanged=false mDisplayWidth=720 mDisplayHeight=1280
10-22 15:57:39.589  4340  4340 D ImageWallpaper: redrawNeeded = false, mOffsetsChanged = false
10-22 15:57:39.589  4340  4340 D ImageWallpaper: Suppressed drawFrame since redraw is not needed and offsets have not changed.
10-22 15:57:39.596  3957  4025 V WindowManager: finishDrawingLocked: mDrawState=COMMIT_DRAW_PENDING Window{a1ebc60 u0 Splash Screen com.example.batterymanager_utility} in Surface(name=Splash Screen com.example.batterymanager_utility)
10-22 15:57:39.605 31918 31918 D TimaKeyStoreProvider: TimaKeyStore is not enabled: cannot add TimaSignature Service and generateKeyPair Service
10-22 15:57:39.606 31918 31918 D ActivityThread: Added TimaKeyStore provider
10-22 15:57:39.609  3957  4651 I ActivityManager: DSS on for com.example.batterymanager_utility and scale is 1.0
10-22 15:57:39.616  3957  4651 D PersonaManagerService: Current focused persona service handled id set to : 0
10-22 15:57:39.616  3957  4651 D InputDispatcher: Focused application set to: xxxx
10-22 15:57:39.618  3957  4220 D GameManagerService: handleForegroundChange(). pkgName: com.example.batterymanager_utility, clsName: com.example.batterymanager_utility.MainActivity,FgActivityName:com.example.batterymanager_utility/.MainActivity
10-22 15:57:39.618  3957  4651 D MARsPolicyManager: onPackageResumedFG pkgName = com.example.batterymanager_utility, userId = 0
10-22 15:57:39.618  3957  4220 D GameManagerService: sem_perfomance_mode: 3
10-22 15:57:39.618  3957  4220 D GameManagerService: notifyResumePause(). pkg: com.example.batterymanager_utility, type: 4, isMinimized: false, isTunableApp: false
10-22 15:57:39.618  3957  4220 D GameManagerService:   notifyResumePause(). unexpected mPrevNotiType: -1
10-22 15:57:39.619  3957  4651 D SamsungAnimationCreator: createAnimation type:LowEnd transit:12 enter:false wallpaperXoffset:-280 split:false fixedOri:false
10-22 15:57:39.619  3957  4651 D SamsungAnimationCreator: createAnimation displayFrame:Rect(0, 0 - 720, 1280) frame:null insets:null
10-22 15:57:39.623   426   426 I Launcher: onWindowVisibilityChanged : false
10-22 15:57:39.626  3957  6478 D GamePkgDataHelper: getGamePkgDataIncServer(). com.example.batterymanager_utility
10-22 15:57:39.627  3957  6478 D GameManagerService: identifyGamePackage. com.example.batterymanager_utility
10-22 15:57:39.627  3957  6478 D GamePkgDataHelper: getGamePkgData(). com.example.batterymanager_utility
10-22 15:57:39.628  3957  6478 D GameManagerService: identifyGamePackage. com.example.batterymanager_utility
10-22 15:57:39.628  3957  6478 D GamePkgDataHelper: getGamePkgData(). com.example.batterymanager_utility
10-22 15:57:39.628  3957  6478 D GamePkgDataHelper: getSosPolicy(). com.example.batterymanager_utility
10-22 15:57:39.629   426   484 D OpenGLRenderer: eglDestroySurface = 0x74e6964c40
10-22 15:57:39.630  3957  6478 D GameManagerService: identifyGamePackage. com.example.batterymanager_utility
10-22 15:57:39.630  3957  6478 D GamePkgDataHelper: getGamePkgData(). com.example.batterymanager_utility
10-22 15:57:39.630  3957  4651 V WindowManager: Relayout Window{f4e98e0 u0 com.sec.android.app.launcher/com.sec.android.app.launcher.activities.LauncherActivity}: viewVisibility=8 req=720x1280 WM.LayoutParams{(0,0)(fillxfill) sim=#130 ty=1 fl=#81910d00 pfl=0x20000 fmt=-2 wanim=0x10302ea vsysui=0x700 needsMenuKey=2 colorMode=0 naviIconColor=0}
10-22 15:57:39.632  3957  6478 D GameManagerService: identifyGamePackage. com.example.batterymanager_utility
10-22 15:57:39.633  3957  6478 D GamePkgDataHelper: getGamePkgData(). com.example.batterymanager_utility
10-22 15:57:39.635   426   426 D ViewRootImpl@64d68ee[LauncherActivity]: Relayout returned: old=[0,0][720,1280] new=[0,0][720,1280] result=0x5 surface={valid=false 0} changed=true
10-22 15:57:39.635  3957  3973 D WindowManager: set systemUiVisibility : systemUiFlags= 0x608 fullscreenStackSysUiFlags= 0x0
10-22 15:57:39.636  3957  8661 D WindowManager: adjustSystemUiVisibilityLw : vis= 0x608
10-22 15:57:39.644 31918 31918 I zygote64: no shared libraies, dex_files: 1
10-22 15:57:39.657  4340 29993 D SystemServicesProxy: updateOverviewLastStackActiveTimeAsync: newTime=1697982647048
10-22 15:57:39.659  3957  4651 D SecContentProvider: query(), uri = 17 selection = isSettingsChangesAllowed
10-22 15:57:39.659  3957  4651 D SecContentProvider: called from android.uid.systemui:10009
10-22 15:57:39.660  4340  4692 D SystemServicesProxy: updateOverviewLastStackActiveTimeAsync: done.
10-22 15:57:39.684 31918 31918 I BatteryMgr:App: creating notification channel
10-22 15:57:39.684  3957  4129 D WifiStateMachine:  ConnectedState !RSSI_PKTCNT_FETCH uid=1000 rt=589466269/1645441741 0 0 "ourhome" f4:6d:2f:12:cc:88 rssi=-43 f=5240 sc=60 link=433 tx=0.0, 0.0, 0.0  rx=0.5 bcn=473008 [on:0 tx:0 rx:0 period:710] from screen [on:136671 period:1052499] score=60
10-22 15:57:39.684  3957  4129 D WifiStateMachine:  L2ConnectedState !RSSI_PKTCNT_FETCH uid=1000 rt=589466270/1645441742 0 0 "ourhome" f4:6d:2f:12:cc:88 rssi=-43 f=5240 sc=60 link=433 tx=0.0, 0.0, 0.0  rx=0.5 bcn=473008 [on:0 tx:0 rx:0 period:0] from screen [on:136671 period:1052499] score=60
10-22 15:57:39.685  3957  4129 D WifiStateMachine: fetchRssiLinkSpeedAndFrequencyNative rssi=-44 linkspeed=433 freq=5240
10-22 15:57:39.686  3957  4129 V WifiConfigManager: Updating scan detail cache freq=5240 BSSID=f4:6d:2f:12:cc:88 RSSI=-43 for "ourhome"WPA_PSK
10-22 15:57:39.712  3447  3447 I SurfaceFlinger: Display 0 HWC layers:
10-22 15:57:39.712  3447  3447 I SurfaceFlinger:     type    |    handle    | flag |  format   |   source crop (l,t,r,b)    |         frame       | name 
10-22 15:57:39.712  3447  3447 I SurfaceFlinger: ------------+--------------+------+-----------+----------------------------+---------------------+------
10-22 15:57:39.712  3447  3447 I SurfaceFlinger:      Device | 0x7e9ec22c80 | 0002 | RGBx_8888 | 280.0    0.0 1000.0 1280.0 |    0    0  720 1280 | com.android.systemui.ImageWallpaper#0
10-22 15:57:39.712  3447  3447 I SurfaceFlinger:      Device | 0x7ea118ee80 | 0000 | RGBA_8888 |  21.0   37.0  700.0 1244.0 |    0    0  720 1280 | com.sec.android.app.launcher/com.sec[...]uncher.activities.LauncherActivity#0
10-22 15:57:39.712  3447  3447 I SurfaceFlinger:      Device | 0x7ea5024780 | 0002 | RGBA_8888 |   0.0    0.0  720.0 1280.0 |  133  236  588 1044 | Splash Screen com.example.batterymanager_utility#0
10-22 15:57:39.712  3447  3447 I SurfaceFlinger:      Device | 0x7e9cc0d780 | 0000 | RGBA_8888 |   0.0    0.0  720.0   42.0 |    0    0  720   42 | StatusBar#0
10-22 15:57:39.712  3447  3447 I SurfaceFlinger: 
10-22 15:57:39.757  3957  4089 D MdnieScenarioControlService:  packageName : com.example.batterymanager_utility    className : com.example.batterymanager_utility.MainActivity
10-22 15:57:39.757  3957  4089 V MdnieScenarioControlService: setUIMode from UI function(3)
10-22 15:57:39.783 31918 31934 D OpenGLRenderer: HWUI GL Pipeline
10-22 15:57:39.791 31918 31918 D ViewRootImpl@4470b6[MainActivity]: setView = DecorView@a3fa1b7[MainActivity] TM=true MM=false
10-22 15:57:39.792  3957  4651 D ActivityManager: post active user change for 0 fullscreen true isHomeActivity() false
10-22 15:57:39.912 31918 31918 W zygote64: Class androidx.compose.runtime.snapshots.SnapshotStateList failed lock verification and will run slower.
10-22 15:57:39.912 31918 31918 W zygote64: Common causes for lock verification issues are non-optimized dex code
10-22 15:57:39.912 31918 31918 W zygote64: and incorrect proguard optimizations.
10-22 15:57:40.019 31918 31918 D ViewRootImpl@4470b6[MainActivity]: dispatchAttachedToWindow
10-22 15:57:40.042  3957  4128 D WifiService: getConnectionInfo uid=1000
10-22 15:57:40.061  3447  3447 I SurfaceFlinger: Display 0 HWC layers:
10-22 15:57:40.061  3447  3447 I SurfaceFlinger:     type    |    handle    | flag |  format   |   source crop (l,t,r,b)    |         frame       | name 
10-22 15:57:40.061  3447  3447 I SurfaceFlinger: ------------+--------------+------+-----------+----------------------------+---------------------+------
10-22 15:57:40.061  3447  3447 I SurfaceFlinger:      Device | 0x7ea5024780 | 0002 | RGBA_8888 |   0.0    0.0  720.0 1280.0 |    0    0  720 1280 | Splash Screen com.example.batterymanager_utility#0
10-22 15:57:40.061  3447  3447 I SurfaceFlinger:      Device | 0x7e9cc0d780 | 0000 | RGBA_8888 |   0.0    0.0  720.0   42.0 |    0    0  720   42 | StatusBar#0
10-22 15:57:40.061  3447  3447 I SurfaceFlinger: 
10-22 15:57:40.072  3957  4651 V WindowManager: Relayout Window{fa0ffb7 u0 com.example.batterymanager_utility/com.example.batterymanager_utility.MainActivity}: viewVisibility=0 req=719x1237 WM.LayoutParams{(0,0)(fillxfill) sim=#120 ty=1 fl=#81810100 pfl=0x20000 wanim=0x10302fd vsysui=0x600 needsMenuKey=2 colorMode=0 naviIconColor=0}
10-22 15:57:40.076  3447  3447 I SurfaceFlinger: id=3097 createSurf (720x1280),1 flag=404, com.example.batterymanager_utility/com.example.batterymanager_utility.MainActivity#0
10-22 15:57:40.077  3957  4651 V Surface : sf_framedrop debug : 0x4f4c, game : false, logging : 0
10-22 15:57:40.081  3957  4651 D InputDispatcher: Focus entered window: 31918
10-22 15:57:40.083  3957  4025 I WindowManager: Destroying surface Surface(name=com.sec.android.app.launcher/com.sec.android.app.launcher.activities.LauncherActivity) called by com.android.server.wm.WindowStateAnimator.destroySurface:2501 com.android.server.wm.WindowStateAnimator.destroySurfaceLocked:985 com.android.server.wm.WindowState.destroyOrSaveSurfaceUnchecked:3670 com.android.server.wm.WindowState.destroySurface:3618 com.android.server.wm.AppWindowToken.destroySurfaces:722 com.android.server.wm.AppWindowToken.destroySurfaces:706 com.android.server.wm.WindowState.onExitAnimationDone:5316 com.android.server.wm.AppWindowAnimator.stepAnimationLocked:508 
10-22 15:57:40.083  3447  5168 I SurfaceFlinger: id=3095 Removed com.sec.android.app.launcher/com.sec.android.app.launcher.activities.LauncherActivity#0 (1/6)
10-22 15:57:40.083 31918 31918 V Surface : sf_framedrop debug : 0x4f4c, game : false, logging : 0
10-22 15:57:40.084 31918 31918 D ViewRootImpl@4470b6[MainActivity]: Relayout returned: old=[0,0][0,0] new=[0,0][720,1280] result=0x7 surface={valid=true 502083727360} changed=true
10-22 15:57:40.087  3447  5168 I SurfaceFlinger: id=3095 Removed com.sec.android.app.launcher/com.sec.android.app.launcher.activities.LauncherActivity#0 (-2/6)
10-22 15:57:40.088  4340 16318 D WallpaperService: dispatchAppVisibility onVisibilityChanged(): false
10-22 15:57:40.089  4340  4340 D ImageWallpaper: onVisibilityChanged: mVisible, visible=true, false
10-22 15:57:40.089  4340  4340 D ImageWallpaper: Visibility changed to visible=false
10-22 15:57:40.089  4340  4340 D WallpaperService: reportVisibility onVisibilityChanged visible: false
10-22 15:57:40.090  3447  3447 I Layer   : id=3095 onRemoved com.sec.android.app.launcher/com.sec.android.app.launcher.activities.LauncherActivity#0 
10-22 15:57:40.093 31918 31934 I OpenGLRenderer: Initialized EGL, version 1.4
10-22 15:57:40.094 31918 31934 D OpenGLRenderer: Swap behavior 2
10-22 15:57:40.098 31918 31934 D libGLESv1: STS_GLApi : DTS, ODTC are not allowed for Package : com.example.batterymanager_utility
10-22 15:57:40.099 31918 31934 D mali_winsys: EGLint new_window_surface(egl_winsys_display *, void *, EGLSurface, EGLConfig, egl_winsys_surface **, egl_color_buffer_format *, EGLBoolean) returns 0x3000,  [720x1280]-format:1
10-22 15:57:40.099 31918 31934 D OpenGLRenderer: eglCreateWindowSurface = 0x74e8ff0880
10-22 15:57:40.103 31918 31918 D Compose Focus: Owner FocusChanged(true)
10-22 15:57:40.191  3957  4651 V WindowManager: finishDrawingLocked: mDrawState=COMMIT_DRAW_PENDING Window{fa0ffb7 u0 com.example.batterymanager_utility/com.example.batterymanager_utility.MainActivity} in Surface(name=com.example.batterymanager_utility/com.example.batterymanager_utility.MainActivity)
10-22 15:57:40.192 31918 31918 D ViewRootImpl@4470b6[MainActivity]: MSG_RESIZED_REPORT: frame=Rect(0, 0 - 720, 1280) ci=Rect(0, 42 - 0, 0) vi=Rect(0, 42 - 0, 0) or=1
10-22 15:57:40.193 31918 31918 D ViewRootImpl@4470b6[MainActivity]: MSG_WINDOW_FOCUS_CHANGED 1
10-22 15:57:40.195  3957  4025 D ViewRootImpl@2e41863[batterymanager_utility]: dispatchDetachedFromWindow
10-22 15:57:40.196  3957  4025 D InputEventReceiver: channel 'a1ebc60 Splash Screen com.example.batterymanager_utility (client)' ~ Disposing input event receiver.
10-22 15:57:40.196  3957  4025 D InputEventReceiver: channel 'a1ebc60 Splash Screen com.example.batterymanager_utility (client)' ~NativeInputEventReceiver.
10-22 15:57:40.200 31918 31918 V InputMethodManager: Starting input: tba=android.view.inputmethod.EditorInfo@83e742a nm : com.example.batterymanager_utility ic=null
10-22 15:57:40.200 31918 31918 I InputMethodManager: startInputInner - mService.startInputOrWindowGainedFocus
10-22 15:57:40.200  3957  3981 I ActivityManager: Displayed com.example.batterymanager_utility/.MainActivity: +658ms
10-22 15:57:40.200  3957  4651 D InputMethodManagerService: startInputOrWindowGainedFocus : windowGainedFocus 
10-22 15:57:40.201  3957  4651 D InputMethodManagerService: windowGainedFocus: destinationUserId (getCallingUid) = 0
10-22 15:57:40.201  3957  4651 D InputMethodManagerService: windowGainedFocus: currentUserId=0
10-22 15:57:40.201  3957  4651 D InputMethodManagerService: windowGainedFocus: mCurrentFocusedUserId=0
10-22 15:57:40.201  3957  4651 D InputMethodManagerService: windowGainedFocus : lock - currentUserId = 0 destinationUserId = 0
10-22 15:57:40.201  3957  4651 D InputMethodManagerService: windowGainedFocus : mCurrentFocusedUserId - 0 and mSecureKeypadEnabled - false, userSwitched - false
10-22 15:57:40.201  3957  4651 V InputMethodManagerService: windowGainedFocus : reason=WINDOW_FOCUS_GAIN client=android.os.BinderProxy@5b3de51 inputContext=null missingMethods= attribute=android.view.inputmethod.EditorInfo@bfe5842 nm = com.example.batterymanager_utility controlFlags=#105 softInputMode=#120 windowFlags=#81810100
10-22 15:57:40.201  3957  4651 V InputMethodManagerService: hideCurrentInputLocked : shouldHideSoftInput is false
10-22 15:57:40.202  3957  3981 D CustomFrequencyManagerService: acquireDVFSLockLocked : type : DVFS_MIN_LIMIT  frequency : 1560000  uid : 1000  pid : 3957  pkgName : AMS_RESUME_TAIL@CPU_MIN@58
10-22 15:57:40.202  3957  4651 D InputMethodManagerService: isImeSwitcherDisabledPackage : false
10-22 15:57:40.202  3957  3981 D ActivityManagerPerformance: AMP_acquire() TAIL
10-22 15:57:40.202  3957  4651 V InputMethodManagerService: Creating new session for client ClientState{f3be053 uid 10170 pid 31918}
10-22 15:57:40.203  3957  3981 D CustomFrequencyManagerService: releaseDVFSLockLocked : Getting Lock type frm List : DVFS_MIN_LIMIT  frequency : 1560000  uid : 1000  pid : 3957  tag : AMS_APP_SWITCH@CPU_MIN@52
10-22 15:57:40.203  3957  3981 D ActivityManagerPerformance: AMP_release() APP_SWITCH
10-22 15:57:40.205  3957  4651 D InputMethodManagerService: setCurrentInputInfo - inputContext : null eidtorInfo : android.view.inputmethod.EditorInfo@bfe5842 missingMethods : 0
10-22 15:57:40.207 14900 14900 I InputMethodWrapper:  call dispatchStartInputWithToken
10-22 15:57:40.207 14900 14900 I InputMethodService: dispatchStartInputWithToken
10-22 15:57:40.207 14900 14900 I SKBD    : SamsungKeypad [IMI] onStartInput - caller pid : 31918, caller uid : 10170
10-22 15:57:40.218 31918 31918 V InputMethodManager: Starting input: tba=android.view.inputmethod.EditorInfo@c78721b nm : com.example.batterymanager_utility ic=null
10-22 15:57:40.223   426   426 D StageManager: saved stages : inStack [1] , outStack[2]
10-22 15:57:40.243  3447  3447 I SurfaceFlinger: Display 0 HWC layers:
10-22 15:57:40.243  3447  3447 I SurfaceFlinger:     type    |    handle    | flag |  format   |   source crop (l,t,r,b)    |         frame       | name 
10-22 15:57:40.243  3447  3447 I SurfaceFlinger: ------------+--------------+------+-----------+----------------------------+---------------------+------
10-22 15:57:40.243  3447  3447 I SurfaceFlinger:      Device | 0x7e9ed37180 | 0002 | RGBA_8888 |   0.0    0.0  720.0 1280.0 |    0    0  720 1280 | com.example.batterymanager_utility/c[...]atterymanager_utility.MainActivity#0
10-22 15:57:40.243  3447  3447 I SurfaceFlinger:      Device | 0x7ea5024780 | 0002 | RGBA_8888 |   0.0    0.0  720.0 1280.0 |    0    0  720 1280 | Splash Screen com.example.batterymanager_utility#0
10-22 15:57:40.243  3447  3447 I SurfaceFlinger:      Device | 0x7e9cc0d780 | 0000 | RGBA_8888 |   0.0    0.0  720.0   42.0 |    0    0  720   42 | StatusBar#0
10-22 15:57:40.243  3447  3447 I SurfaceFlinger: 
10-22 15:57:40.374  3957  4089 D MdnieScenarioControlService:  packageName : com.example.batterymanager_utility    className : com.example.batterymanager_utility.MainActivity
10-22 15:57:40.374  3957  4089 V MdnieScenarioControlService: setUIMode from UI function(3)
10-22 15:57:40.377  3447  3447 I SurfaceFlinger: Display 0 HWC layers:
10-22 15:57:40.377  3447  3447 I SurfaceFlinger:     type    |    handle    | flag |  format   |   source crop (l,t,r,b)    |         frame       | name 
10-22 15:57:40.377  3447  3447 I SurfaceFlinger: ------------+--------------+------+-----------+----------------------------+---------------------+------
10-22 15:57:40.377  3447  3447 I SurfaceFlinger:      Device | 0x7e9ed37180 | 0002 | RGBA_8888 |   0.0    0.0  720.0 1280.0 |    0    0  720 1280 | com.example.batterymanager_utility/c[...]atterymanager_utility.MainActivity#0
10-22 15:57:40.377  3447  3447 I SurfaceFlinger:      Device | 0x7e9cc0d780 | 0000 | RGBA_8888 |   0.0    0.0  720.0   42.0 |    0    0  720   42 | StatusBar#0
10-22 15:57:40.377  3447  3447 I SurfaceFlinger: 
10-22 15:57:40.379  3957  4025 I WindowManager: Destroying surface Surface(name=Splash Screen com.example.batterymanager_utility) called by com.android.server.wm.WindowStateAnimator.destroySurface:2501 com.android.server.wm.WindowStateAnimator.destroySurfaceLocked:985 com.android.server.wm.WindowState.destroyOrSaveSurfaceUnchecked:3670 com.android.server.wm.WindowState.destroySurface:3618 com.android.server.wm.AppWindowToken.destroySurfaces:722 com.android.server.wm.AppWindowToken.destroySurfaces:706 com.android.server.wm.WindowState.onExitAnimationDone:5316 com.android.server.wm.WindowStateAnimator.stepAnimationLocked:550 
10-22 15:57:40.379  3447  3489 I SurfaceFlinger: id=3096 Removed Splash Screen com.example.batterymanager_utility#0 (3/5)
10-22 15:57:40.386  3447  3488 I SurfaceFlinger: id=3096 Removed Splash Screen com.example.batterymanager_utility#0 (-2/5)
10-22 15:57:40.390  3447  3447 I Layer   : id=3096 onRemoved Splash Screen com.example.batterymanager_utility#0 
10-22 15:57:40.687  3957  4129 D WifiStateMachine:  ConnectedState !RSSI_PKTCNT_FETCH uid=1000 rt=589467272/1645442744 0 0 "ourhome" f4:6d:2f:12:cc:88 rssi=-44 f=5240 sc=60 link=433 tx=0.0, 0.0, 0.0  rx=0.5 bcn=473008 [on:0 tx:0 rx:0 period:1003] from screen [on:136671 period:1053502] score=60
10-22 15:57:40.687  3957  4129 D WifiStateMachine:  L2ConnectedState !RSSI_PKTCNT_FETCH uid=1000 rt=589467272/1645442745 0 0 "ourhome" f4:6d:2f:12:cc:88 rssi=-44 f=5240 sc=60 link=433 tx=0.0, 0.0, 0.0  rx=0.5 bcn=473008 [on:0 tx:0 rx:0 period:0] from screen [on:136671 period:1053502] score=60
10-22 15:57:40.693  3957  4129 D WifiStateMachine: fetchRssiLinkSpeedAndFrequencyNative rssi=-44 linkspeed=433 freq=5240
10-22 15:57:40.693  3957  4129 V WifiConfigManager: Updating scan detail cache freq=5240 BSSID=f4:6d:2f:12:cc:88 RSSI=-43 for "ourhome"WPA_PSK
10-22 15:57:40.803  3957  3957 D CustomFrequencyManagerService: releaseDVFSLockLocked : Getting Lock type frm List : DVFS_MIN_LIMIT  frequency : 1560000  uid : 1000  pid : 3957  tag : AMS_RESUME_TAIL@CPU_MIN@58
10-22 15:57:40.856  2479  2548 D ScanRecord: Not a Multi Manu data
10-22 15:57:41.001  3957  6478 D SSRM:k  : SIOP:: AP = 340, PST = 347 (W:14), BAT = 315, USB = 0, CHG = 0
10-22 15:57:41.009  2479  2548 I chatty  : uid=1002(bluetooth) BT Service Call identical 180 lines
10-22 15:57:41.009  2479  2548 D ScanRecord: Not a Multi Manu data
10-22 15:57:41.012  3957  6478 D ac      : broadcastSiopLevelIntent:: currentSiopLevel = -2
10-22 15:57:41.017  3957  6478 I SensorService: createSensorEventConnection package name f.z
10-22 15:57:41.018  3957  6478 D SensorService: Calling batch handle==3 flags=0 rate=200000000 timeout== 0
10-22 15:57:41.019 28827 28827 I [SC]SCloudReceiver: onReceive: com.samsung.intent.action.CHECK_SIOP_LEVEL
10-22 15:57:41.019  3434  4028 I Sensors : ProximitySensor:enable: handle 3, en 1, old_en 0
10-22 15:57:41.021  2479  2548 D ScanRecord: Not a Multi Manu data
10-22 15:57:41.021  2479  2548 I chatty  : uid=1002(bluetooth) BT Service Call identical 11 lines
10-22 15:57:41.021  2479  2548 D ScanRecord: Not a Multi Manu data
10-22 15:57:41.023 28827 28827 I [SC]DetectorReceiver: onReceive [com.samsung.intent.action.CHECK_SIOP_LEVEL]
10-22 15:57:41.024 28827 28827 I [SC]AccountUtil: Samsung Account Not Logged in
10-22 15:57:41.026  2479  2548 D ScanRecord: Not a Multi Manu data
10-22 15:57:41.035  2479  2548 I chatty  : uid=1002(bluetooth) BT Service Call identical 24 lines
10-22 15:57:41.036  2479  2548 D ScanRecord: Not a Multi Manu data
10-22 15:57:41.045  3957  4128 D WifiService: getConnectionInfo uid=1000
10-22 15:57:41.047  2479  2548 D ScanRecord: Not a Multi Manu data
10-22 15:57:41.060  2479  2548 I chatty  : uid=1002(bluetooth) BT Service Call identical 24 lines
10-22 15:57:41.060  2479  2548 D ScanRecord: Not a Multi Manu data
10-22 15:57:41.082  3957  6478 D SensorManager: registerListener :: 3, STK3013 Proximity, 200000, 0,  
10-22 15:57:41.082  3434  4028 I Sensors : ProximitySensor:readEvents: value 8(cm)
10-22 15:57:41.083  3957  3957 D SensorManager: Proximity, val = 8.0  [far]
10-22 15:57:41.084  3957  3957 D SensorService: Calling activate off 3
10-22 15:57:41.084  2479  2548 D ScanRecord: Not a Multi Manu data
10-22 15:57:41.084  2479  2548 D ScanRecord: Not a Multi Manu data
10-22 15:57:41.084  2479  2548 I chatty  : uid=1002(bluetooth) BT Service Call identical 8 lines
10-22 15:57:41.084  2479  2548 D ScanRecord: Not a Multi Manu data
10-22 15:57:41.084  3434  4028 I Sensors : ProximitySensor:enable: handle 3, en 0, old_en 1
10-22 15:57:41.084  2479  2548 D ScanRecord: Not a Multi Manu data
10-22 15:57:41.084  2479  2548 D ScanRecord: Not a Multi Manu data
10-22 15:57:41.086  3957  3957 D SensorManager: unregisterListener ::   
10-22 15:57:41.098  2479  2548 D ScanRecord: Not a Multi Manu data
10-22 15:57:41.352  2479  2548 I chatty  : uid=1002(bluetooth) BT Service Call identical 219 lines
10-22 15:57:41.352  2479  2548 D ScanRecord: Not a Multi Manu data
10-22 15:57:41.552  3957  3957 D PreBindingService: handleMessage : 1
10-22 15:57:41.691  3957  4129 D WifiStateMachine:  ConnectedState !RSSI_PKTCNT_FETCH uid=1000 rt=589468274/1645443747 0 0 "ourhome" f4:6d:2f:12:cc:88 rssi=-44 f=5240 sc=60 link=433 tx=0.0, 0.0, 0.0  rx=0.5 bcn=473008 [on:0 tx:0 rx:0 period:1004] from screen [on:136671 period:1054506] score=60
10-22 15:57:41.694  3957  4129 D WifiStateMachine:  L2ConnectedState !RSSI_PKTCNT_FETCH uid=1000 rt=589468277/1645443750 0 0 "ourhome" f4:6d:2f:12:cc:88 rssi=-44 f=5240 sc=60 link=433 tx=0.0, 0.0, 0.0  rx=0.5 bcn=473008 [on:0 tx:0 rx:0 period:2] from screen [on:136671 period:1054508] score=60
10-22 15:57:41.701  3957  4129 D WifiStateMachine: fetchRssiLinkSpeedAndFrequencyNative rssi=-43 linkspeed=433 freq=5240
10-22 15:57:41.701  3957  4129 V WifiConfigManager: Updating scan detail cache freq=5240 BSSID=f4:6d:2f:12:cc:88 RSSI=-43 for "ourhome"WPA_PSK
10-22 15:57:41.973  3957  4129 D WifiStateMachine:  ConnectedState !CMD_RSSI_POLL rt=589468557/1645444029 110 0 "ourhome" f4:6d:2f:12:cc:88 rssi=-43 f=5240 sc=60 link=433 tx=0.0, 0.0, 0.0  rx=0.5 bcn=473008 [on:0 tx:0 rx:0 period:280] from screen [on:136671 period:1054788] score=60
10-22 15:57:41.976  3957  4129 D WifiStateMachine:  L2ConnectedState !CMD_RSSI_POLL rt=589468559/1645444032 110 0 "ourhome" f4:6d:2f:12:cc:88 rssi=-43 f=5240 sc=60 link=433 tx=0.0, 0.0, 0.0  rx=0.5 bcn=473008 [on:0 tx:0 rx:0 period:3] from screen [on:136671 period:1054791] score=60
10-22 15:57:41.977  3957  4129 D WifiStateMachine:  get link layer stats 3
10-22 15:57:41.978  3436  3436 I android.hardware.wifi@1.0-service: getLinkLayerStats
10-22 15:57:41.997  3957  4129 D WifiStateMachine: fetchRssiLinkSpeedAndFrequencyNative rssi=-43 linkspeed=433 freq=5240
10-22 15:57:41.998  3957  4129 V WifiConfigManager: Updating scan detail cache freq=5240 BSSID=f4:6d:2f:12:cc:88 RSSI=-43 for "ourhome"WPA_PSK
10-22 15:57:42.004  4340  4340 E SignalClusterView: setSlotFocusVisible : subId -2
10-22 15:57:42.004  4340  4340 E SignalClusterView: setSlotFocusVisible : subId -2
10-22 15:57:42.047  3957  4128 D WifiService: getConnectionInfo uid=1000
10-22 15:57:42.377  3957  4416 E Watchdog: !@Sync 19641 [2023-10-22 15:57:42.377]
10-22 15:57:42.523  4961  4961 D io_stats: !@ 179,0 r 9219083 300427636 w 2076237 40831336 d 165731 36554096 f 629312 654076 iot 4241960 3665838 th 51200 0 0 pt 0 inp 0 0 589469.107
10-22 15:57:42.693  3957  4129 D WifiStateMachine:  ConnectedState !RSSI_PKTCNT_FETCH uid=1000 rt=589469276/1645444749 0 0 "ourhome" f4:6d:2f:12:cc:88 rssi=-43 f=5240 sc=60 link=433 tx=0.0, 0.0, 0.0  rx=0.2 bcn=473037 [on:0 tx:0 rx:0 period:690] from screen [on:136749 period:1055507] score=60
10-22 15:57:42.696  3957  4129 D WifiStateMachine:  L2ConnectedState !RSSI_PKTCNT_FETCH uid=1000 rt=589469279/1645444751 0 0 "ourhome" f4:6d:2f:12:cc:88 rssi=-43 f=5240 sc=60 link=433 tx=0.0, 0.0, 0.0  rx=0.2 bcn=473037 [on:0 tx:0 rx:0 period:3] from screen [on:136749 period:1055510] score=60
10-22 15:57:42.703  3957  4129 D WifiStateMachine: fetchRssiLinkSpeedAndFrequencyNative rssi=-42 linkspeed=433 freq=5240
10-22 15:57:42.703  3957  4129 V WifiConfigManager: Updating scan detail cache freq=5240 BSSID=f4:6d:2f:12:cc:88 RSSI=-42 for "ourhome"WPA_PSK
10-22 15:57:43.051  3957  4128 D WifiService: getConnectionInfo uid=1000
10-22 15:57:43.531  3957  6478 D WifiService: getConnectionInfo uid=1000
10-22 15:57:43.693  3957  4129 D WifiStateMachine:  ConnectedState !RSSI_PKTCNT_FETCH uid=1000 rt=589470278/1645445750 0 0 "ourhome" f4:6d:2f:12:cc:88 rssi=-42 f=5240 sc=60 link=433 tx=0.0, 0.0, 0.0  rx=0.2 bcn=473037 [on:0 tx:0 rx:0 period:998] from screen [on:136749 period:1056508] score=60
10-22 15:57:43.695  3957  4129 D WifiStateMachine:  L2ConnectedState !RSSI_PKTCNT_FETCH uid=1000 rt=589470279/1645445752 0 0 "ourhome" f4:6d:2f:12:cc:88 rssi=-42 f=5240 sc=60 link=433 tx=0.0, 0.0, 0.0  rx=0.2 bcn=473037 [on:0 tx:0 rx:0 period:2] from screen [on:136749 period:1056510] score=60
10-22 15:57:43.696  3957  4129 D WifiStateMachine: fetchRssiLinkSpeedAndFrequencyNative rssi=-43 linkspeed=433 freq=5240
10-22 15:57:43.696  3957  4129 V WifiConfigManager: Updating scan detail cache freq=5240 BSSID=f4:6d:2f:12:cc:88 RSSI=-42 for "ourhome"WPA_PSK
10-22 15:57:43.872  3957  4306 D WifiConnectivityMonitor:  [|223] []
10-22 15:57:44.054  3957  4128 D WifiService: getConnectionInfo uid=1000
10-22 15:57:44.567 11094 11094 E adbd    : recv: OPEN 0000d51b 00000000 003f:73 68 65 6C 6C 2C 76 32 2C 54 45 52 4D 3D 78 74 65 72 6D 2D 32 35 36 63 6F 6C 6F 72 2C 72 61 77 3A 6D 6F 6E 6B 65 79 20 2D 70 20 6F 72 67 2E 6D 6F 7A 69 6C 6C 61 2E 66 65 6E 69 78 20 31 00 
10-22 15:57:44.567 11094 11094 E adbd    : service_to_fd: shell,v2,TERM=xterm-256color,raw:monkey -p org.mozilla.fenix 1
10-22 15:57:44.694  3957  4129 D WifiStateMachine:  ConnectedState !RSSI_PKTCNT_FETCH uid=1000 rt=589471278/1645446751 0 0 "ourhome" f4:6d:2f:12:cc:88 rssi=-43 f=5240 sc=60 link=433 tx=0.0, 0.0, 0.0  rx=0.2 bcn=473037 [on:0 tx:0 rx:0 period:998] from screen [on:136749 period:1057508] score=60
10-22 15:57:44.695  3957  4129 D WifiStateMachine:  L2ConnectedState !RSSI_PKTCNT_FETCH uid=1000 rt=589471279/1645446752 0 0 "ourhome" f4:6d:2f:12:cc:88 rssi=-43 f=5240 sc=60 link=433 tx=0.0, 0.0, 0.0  rx=0.2 bcn=473037 [on:0 tx:0 rx:0 period:2] from screen [on:136749 period:1057510] score=60
10-22 15:57:44.700  3957  4129 D WifiStateMachine: fetchRssiLinkSpeedAndFrequencyNative rssi=-43 linkspeed=433 freq=5240
10-22 15:57:44.700  3957  4129 V WifiConfigManager: Updating scan detail cache freq=5240 BSSID=f4:6d:2f:12:cc:88 RSSI=-42 for "ourhome"WPA_PSK
10-22 15:57:45.001  3957  4129 D WifiStateMachine:  ConnectedState !CMD_RSSI_POLL rt=589471584/1645447057 110 0 "ourhome" f4:6d:2f:12:cc:88 rssi=-43 f=5240 sc=60 link=433 tx=0.0, 0.0, 0.0  rx=0.2 bcn=473037 [on:0 tx:0 rx:0 period:305] from screen [on:136749 period:1057815] score=60
10-22 15:57:45.004  3957  4129 D WifiStateMachine:  L2ConnectedState !CMD_RSSI_POLL rt=589471587/1645447059 110 0 "ourhome" f4:6d:2f:12:cc:88 rssi=-43 f=5240 sc=60 link=433 tx=0.0, 0.0, 0.0  rx=0.2 bcn=473037 [on:0 tx:0 rx:0 period:3] from screen [on:136749 period:1057818] score=60
10-22 15:57:45.004  3957  4129 D WifiStateMachine:  get link layer stats 3
10-22 15:57:45.004  3436  3436 I android.hardware.wifi@1.0-service: getLinkLayerStats
10-22 15:57:45.012  3957  4129 D WifiStateMachine: fetchRssiLinkSpeedAndFrequencyNative rssi=-43 linkspeed=433 freq=5240
10-22 15:57:45.012  3957  4129 V WifiConfigManager: Updating scan detail cache freq=5240 BSSID=f4:6d:2f:12:cc:88 RSSI=-42 for "ourhome"WPA_PSK
10-22 15:57:45.017  4340  4340 E SignalClusterView: setSlotFocusVisible : subId -2
10-22 15:57:45.017  4340  4340 E SignalClusterView: setSlotFocusVisible : subId -2
10-22 15:57:45.057  3957  4128 D WifiService: getConnectionInfo uid=1000
10-22 15:57:45.411 31952 31952 W ADebug  : Failed to get property persist.sys.media.traces
10-22 15:57:45.433 31952 31952 E appproc : Enhanced Zygote ASLR: ro.knox.enhance.zygote.aslr != 1. Enhanced Zygote ASLR is DISABLED!
10-22 15:57:45.433 31952 31952 D AndroidRuntime: >>>>>> START com.android.internal.os.RuntimeInit uid 2000 <<<<<<
10-22 15:57:45.455 31952 31952 D SecNativeFeatureCppIf: encoded
10-22 15:57:45.456 31952 31952 D SecNativeFeatureCppIf: decoding and unzip finish
10-22 15:57:45.456 31952 31952 D SecNativeFeatureCppIf: use unCompDataBuff. encoded
10-22 15:57:45.457 31952 31952 D SecNativeFeatureCppIf: Free unCompDataBuff
10-22 15:57:45.457 31952 31952 D SecNativeFeatureCppIf: encoded
10-22 15:57:45.457 31952 31952 D SecNativeFeatureCppIf: decoding and unzip finish
10-22 15:57:45.457 31952 31952 D SecNativeFeatureCppIf: use unCompDataBuff. encoded
10-22 15:57:45.457 31952 31952 D SecNativeFeatureCppIf: Free unCompDataBuff
10-22 15:57:45.457 31952 31952 D SecNativeFeatureCppIf: encoded
10-22 15:57:45.457 31952 31952 D SecNativeFeatureCppIf: decoding and unzip finish
10-22 15:57:45.457 31952 31952 D SecNativeFeatureCppIf: use unCompDataBuff. encoded
10-22 15:57:45.458 31952 31952 D SecNativeFeatureCppIf: Free unCompDataBuff
10-22 15:57:45.458 31952 31952 D SecNativeFeatureCppIf: encoded
10-22 15:57:45.458 31952 31952 D SecNativeFeatureCppIf: decoding and unzip finish
10-22 15:57:45.458 31952 31952 D SecNativeFeatureCppIf: use unCompDataBuff. encoded
10-22 15:57:45.458 31952 31952 D SecNativeFeatureCppIf: Free unCompDataBuff
10-22 15:57:45.696  3957  4129 D WifiStateMachine:  ConnectedState !RSSI_PKTCNT_FETCH uid=1000 rt=589472279/1645447752 0 0 "ourhome" f4:6d:2f:12:cc:88 rssi=-43 f=5240 sc=60 link=433 tx=5.1, 0.0, 0.0  rx=5.8 bcn=473065 [on:0 tx:0 rx:0 period:679] from screen [on:137681 period:1058510] score=60
10-22 15:57:45.698  3957  4129 D WifiStateMachine:  L2ConnectedState !RSSI_PKTCNT_FETCH uid=1000 rt=589472282/1645447754 0 0 "ourhome" f4:6d:2f:12:cc:88 rssi=-43 f=5240 sc=60 link=433 tx=5.1, 0.0, 0.0  rx=5.8 bcn=473065 [on:0 tx:0 rx:0 period:3] from screen [on:137681 period:1058513] score=60
10-22 15:57:45.704  3957  4129 D WifiStateMachine: fetchRssiLinkSpeedAndFrequencyNative rssi=-43 linkspeed=433 freq=5240
10-22 15:57:45.705  3957  4129 V WifiConfigManager: Updating scan detail cache freq=5240 BSSID=f4:6d:2f:12:cc:88 RSSI=-42 for "ourhome"WPA_PSK
10-22 15:57:45.729 31918 31954 D ProfileInstaller: Installing profile for com.example.batterymanager_utility
10-22 15:57:45.735 31918 31923 I zygote64: Do partial code cache collection, code=30KB, data=25KB
10-22 15:57:45.736 31918 31923 I zygote64: After code cache collection, code=30KB, data=25KB
10-22 15:57:45.736 31918 31923 I zygote64: Increasing code cache capacity to 128KB
10-22 15:57:45.764 31952 31952 D ICU     : Timezone override file found: /data/misc/zoneinfo/current/icu/icu_tzdata.dat
10-22 15:57:45.837 31952 31952 I app_process: find the special shared library, skip check
10-22 15:57:45.876  2479  2548 D ScanRecord: Not a Multi Manu data
10-22 15:57:45.910  2479  2548 I chatty  : uid=1002(bluetooth) BT Service Call identical 63 lines
10-22 15:57:45.910  2479  2548 D ScanRecord: Not a Multi Manu data
10-22 15:57:45.912 31952 31952 D SemCscFeature: Encoded
10-22 15:57:45.916 31952 31952 I chatty  : uid=2000(shell) identical 2 lines
10-22 15:57:45.917 31952 31952 D SemCscFeature: Encoded
10-22 15:57:45.919 31952 31952 E SemAffinityControl: SemAffinityControl: registerfunction enter
10-22 15:57:45.948 31952 31952 D AndroidRuntime: Calling main entry com.android.commands.monkey.Monkey
10-22 15:57:45.951  2479  2548 D ScanRecord: Not a Multi Manu data
10-22 15:57:46.008  3957  3972 W BroadcastQueue: Skipping deliver [background] BroadcastRecord{b3962bc u-1 android.net.conn.CONNECTIVITY_CHANGE} to ReceiverList{cec8245 31952 (unknown name)/2000/u-1 remote:d9db68e}: process gone or crashing
10-22 15:57:46.030  2479  2548 I chatty  : uid=1002(bluetooth) BT Service Call identical 63 lines
10-22 15:57:46.030  2479  2548 D ScanRecord: Not a Multi Manu data
10-22 15:57:46.059  3957  4128 D WifiService: getConnectionInfo uid=1000
10-22 15:57:46.061  2479  2548 D ScanRecord: Not a Multi Manu data
10-22 15:57:46.062  2479  2548 I chatty  : uid=1002(bluetooth) BT Service Call identical 11 lines
10-22 15:57:46.062  2479  2548 D ScanRecord: Not a Multi Manu data
10-22 15:57:46.073  3957  8661 I ActivityManager: START u0 {act=android.intent.action.MAIN typ=null flg=0x10200000 cmp=ComponentInfo{org.mozilla.fenix/org.mozilla.fenix.App}} from uid 2000
10-22 15:57:46.075  3957  8661 W Binder  : Outgoing transactions from this process must be FLAG_ONEWAY
10-22 15:57:46.075  3957  8661 W Binder  : java.lang.Throwable
10-22 15:57:46.075  3957  8661 W Binder  : 	at android.os.BinderProxy.transact(Binder.java:744)
10-22 15:57:46.075  3957  8661 W Binder  : 	at android.app.IActivityController$Stub$Proxy.activityStarting(IActivityController.java:172)
10-22 15:57:46.075  3957  8661 W Binder  : 	at com.android.server.am.ActivityStarter.startActivity(ActivityStarter.java:648)
10-22 15:57:46.075  3957  8661 W Binder  : 	at com.android.server.am.ActivityStarter.startActivityLocked(ActivityStarter.java:410)
10-22 15:57:46.075  3957  8661 W Binder  : 	at com.android.server.am.ActivityStarter.startActivityMayWait(ActivityStarter.java:1283)
10-22 15:57:46.075  3957  8661 W Binder  : 	at com.android.server.am.ActivityManagerService.startActivityAsUser(ActivityManagerService.java:6033)
10-22 15:57:46.075  3957  8661 W Binder  : 	at com.android.server.am.ActivityManagerService.startActivity(ActivityManagerService.java:5885)
10-22 15:57:46.075  3957  8661 W Binder  : 	at android.app.IActivityManager$Stub.onTransact(IActivityManager.java:121)
10-22 15:57:46.075  3957  8661 W Binder  : 	at com.android.server.am.ActivityManagerService.onTransact(ActivityManagerService.java:3861)
10-22 15:57:46.075  3957  8661 W Binder  : 	at android.os.Binder.execTransact(Binder.java:682)
10-22 15:57:46.078  2479  2548 D ScanRecord: Not a Multi Manu data
10-22 15:57:46.079  2479  2548 I chatty  : uid=1002(bluetooth) BT Service Call identical 11 lines
10-22 15:57:46.079  2479  2548 D ScanRecord: Not a Multi Manu data
10-22 15:57:46.080  3957  8661 D CustomFrequencyManagerService: acquireDVFSLockLocked : type : DVFS_MIN_LIMIT  frequency : 1560000  uid : 1000  pid : 3957  pkgName : AMS_APP_SWITCH@CPU_MIN@52
10-22 15:57:46.084  3957  8661 D ActivityManagerPerformance: AMP_acquire() APP_SWITCH
10-22 15:57:46.084  3957  5022 D ActivityManagerPerformance: Received MSG_CFMS_HINT_AMS_SWITCH pkgName: org.mozilla.fenix
10-22 15:57:46.085  3957  6478 D WifiService: getConnectionInfo uid=1000
10-22 15:57:46.092  3957  8661 D ActivityManager: isScaleDownAnimationEnabled() : false
10-22 15:57:46.093  3957  8661 D StorageManagerService: getExternalStorageMountMode : 1
10-22 15:57:46.093  3957  8661 D StorageManagerService: getExternalStorageMountMode : 3
10-22 15:57:46.093  3957  8661 D StorageManagerService: getExternalStorageMountMode : final mountMode=1, uid : 10169, packageName : org.mozilla.fenix
10-22 15:57:46.093  3957  8661 I ApplicationPolicy: isApplicationExternalStorageWhitelisted:org.mozilla.fenix user:0
10-22 15:57:46.093  3957  8661 D ApplicationPolicy: isApplicationExternalStorageWhitelisted: DO is not enabled on user 0. Allowed.
10-22 15:57:46.093  3957  8661 D ActivityManager: package  org.mozilla.fenix, user - 0 is SDcard whitelisted
10-22 15:57:46.093  3957 14904 V WindowManager: rotationForOrientationLw(orient=-1, last=0); user=0  sensorRotation=-1 mLidState=-1 mDockMode=0 mHdmiPlugged=false
10-22 15:57:46.093  3957  8661 I ApplicationPolicy: isApplicationExternalStorageBlacklisted:org.mozilla.fenix user:0
10-22 15:57:46.093  3957  8661 D ApplicationPolicy: isApplicationExternalStorageBlacklisted: DO is not enabled on user 0. Allowed.
10-22 15:57:46.095  3957 14904 V WindowManager: rotationForOrientationLw(orient=-1, last=0); user=0  sensorRotation=-1 mLidState=-1 mDockMode=0 mHdmiPlugged=false
10-22 15:57:46.105 31963 31963 E Zygote  : isWhitelistProcess - Process is Whitelisted
10-22 15:57:46.105 31963 31963 E libpersona: scanKnoxPersonas
10-22 15:57:46.105 31963 31963 E libpersona: Couldn't open the File - /data/system/users/0/personalist.xml - No such file or directory
10-22 15:57:46.105  3957  8661 I ActivityManager: Start proc 31963:org.mozilla.fenix/u0a169 for activity org.mozilla.fenix/.App
10-22 15:57:46.107 31963 31963 W SELinux : SELinux selinux_android_compute_policy_index : Policy Index[2],  Con:u:r:zygote:s0 RAM:SEPF_SM-J720F_8.0.0_0002, [-1 -1 -1 -1 0 1]
10-22 15:57:46.107 31963 31963 I SELinux : SELinux: seapp_context_lookup: seinfo=untrusted, level=s0:c512,c768, pkgname=org.mozilla.fenix 
10-22 15:57:46.108  2479  2548 D ScanRecord: Not a Multi Manu data
10-22 15:57:46.108  2479  2548 I chatty  : uid=1002(bluetooth) BT Service Call identical 11 lines
10-22 15:57:46.108  2479  2548 D ScanRecord: Not a Multi Manu data
10-22 15:57:46.111  3957  3973 V WindowManager: rotationForOrientationLw(orient=-1, last=0); user=0  sensorRotation=-1 mLidState=-1 mDockMode=0 mHdmiPlugged=false
10-22 15:57:46.114 31952 31952 I com.android.commands.monkey: System.exit called, status: 0
10-22 15:57:46.114 31952 31952 I AndroidRuntime: VM exiting with result code 0.
10-22 15:57:46.115  3957  3973 V WindowManager: rotationForOrientationLw(orient=-1, last=0); user=0  sensorRotation=-1 mLidState=-1 mDockMode=0 mHdmiPlugged=false
10-22 15:57:46.121  4340  4731 D Tile.RotationLockTile:  handleUpdateState: true orientation = true
10-22 15:57:46.125  4340  4731 D Tile.RotationLockTile:  handleUpdateState: true orientation = true
10-22 15:57:46.128 31963 31963 D TimaKeyStoreProvider: TimaKeyStore is not enabled: cannot add TimaSignature Service and generateKeyPair Service
10-22 15:57:46.128 31963 31963 D ActivityThread: Added TimaKeyStore provider
10-22 15:57:46.130  3957 14904 I ActivityManager: DSS on for org.mozilla.fenix and scale is 1.0
10-22 15:57:46.133  2479  2548 D ScanRecord: Not a Multi Manu data
10-22 15:57:46.133  2479  2548 I chatty  : uid=1002(bluetooth) BT Service Call identical 11 lines
10-22 15:57:46.133  2479  2548 D ScanRecord: Not a Multi Manu data
10-22 15:57:46.137  3957 14904 D PersonaManagerService: Current focused persona service handled id set to : 0
10-22 15:57:46.137  3957 14904 D InputDispatcher: Focused application set to: xxxx
10-22 15:57:46.138  3957 14904 D InputDispatcher: Focus left window: 31918
10-22 15:57:46.139 31918 31918 D ViewRootImpl@4470b6[MainActivity]: MSG_WINDOW_FOCUS_CHANGED 0
10-22 15:57:46.139  3957  4220 D GameManagerService: handleForegroundChange(). pkgName: org.mozilla.fenix, clsName: org.mozilla.fenix.HomeActivity,FgActivityName:org.mozilla.fenix/.HomeActivity
10-22 15:57:46.140  3957 14904 D MARsPolicyManager: onPackageResumedFG pkgName = org.mozilla.fenix, userId = 0
10-22 15:57:46.140  3957  4220 D GameManagerService: sem_perfomance_mode: 3
10-22 15:57:46.140  3957  4220 D GameManagerService: notifyResumePause(). pkg: org.mozilla.fenix, type: 4, isMinimized: false, isTunableApp: false
10-22 15:57:46.140  3957  4220 D GameManagerService:   notifyResumePause(). unexpected mPrevNotiType: -1
10-22 15:57:46.143  3957  6478 D GamePkgDataHelper: getGamePkgDataIncServer(). org.mozilla.fenix
10-22 15:57:46.143  3957  6478 D GameManagerService: identifyGamePackage. org.mozilla.fenix
10-22 15:57:46.143  3957  6478 D GamePkgDataHelper: getGamePkgData(). org.mozilla.fenix
10-22 15:57:46.144  3957  6478 D GameManagerService: identifyGamePackage. org.mozilla.fenix
10-22 15:57:46.144  3957  6478 D GamePkgDataHelper: getGamePkgData(). org.mozilla.fenix
10-22 15:57:46.144  3957  6478 D GamePkgDataHelper: getSosPolicy(). org.mozilla.fenix
10-22 15:57:46.146  2479  2548 D ScanRecord: Not a Multi Manu data
10-22 15:57:46.146  2479  2548 I chatty  : uid=1002(bluetooth) BT Service Call identical 11 lines
10-22 15:57:46.146  2479  2548 D ScanRecord: Not a Multi Manu data
10-22 15:57:46.147  3957  6478 D GameManagerService: identifyGamePackage. org.mozilla.fenix
10-22 15:57:46.148  3957  6478 D GamePkgDataHelper: getGamePkgData(). org.mozilla.fenix
10-22 15:57:46.148  3957  6478 D GameManagerService: identifyGamePackage. org.mozilla.fenix
10-22 15:57:46.148  3957  6478 D GamePkgDataHelper: getGamePkgData(). org.mozilla.fenix
10-22 15:57:46.157 31963 31963 I zygote64: no shared libraies, dex_files: 1
10-22 15:57:46.159  2479  2548 D ScanRecord: Not a Multi Manu data
10-22 15:57:46.159  2479  2548 I chatty  : uid=1002(bluetooth) BT Service Call identical 11 lines
10-22 15:57:46.159  2479  2548 D ScanRecord: Not a Multi Manu data
10-22 15:57:46.180  3957  4025 D ViewRootImpl@80593c3[fenix]: setView = DecorView@6eff79[fenix] TM=true MM=false
10-22 15:57:46.183  2479  2548 D ScanRecord: Not a Multi Manu data
10-22 15:57:46.184  2479  2548 I chatty  : uid=1002(bluetooth) BT Service Call identical 11 lines
10-22 15:57:46.184  2479  2548 D ScanRecord: Not a Multi Manu data
