10-22 16:32:41.619  2479  2548 D ScanRecord: Not a Multi Manu data
10-22 16:32:41.620  3599  3918 D DnsProxyListener: DNSDBG::dns addrinfo af 0
10-22 16:32:41.624  3806  3806 V InputMethodManager: Starting input: tba=android.view.inputmethod.EditorInfo@e10246c nm : org.mozilla.fenix ic=null
10-22 16:32:41.624  3806  3806 I InputMethodManager: startInputInner - mService.startInputOrWindowGainedFocus
10-22 16:32:41.624  3957  5416 D InputMethodManagerService: startInputOrWindowGainedFocus : windowGainedFocus 
10-22 16:32:41.625  3957  5416 D InputMethodManagerService: windowGainedFocus: destinationUserId (getCallingUid) = 0
10-22 16:32:41.625  3957  5416 D InputMethodManagerService: windowGainedFocus: currentUserId=0
10-22 16:32:41.625  3957  5416 D InputMethodManagerService: windowGainedFocus: mCurrentFocusedUserId=0
10-22 16:32:41.625  3957  5416 D InputMethodManagerService: windowGainedFocus : lock - currentUserId = 0 destinationUserId = 0
10-22 16:32:41.625  3957  5416 D InputMethodManagerService: windowGainedFocus : mCurrentFocusedUserId - 0 and mSecureKeypadEnabled - false, userSwitched - false
10-22 16:32:41.625  3957  5416 V InputMethodManagerService: windowGainedFocus : reason=WINDOW_FOCUS_GAIN client=android.os.BinderProxy@7947fe5 inputContext=null missingMethods= attribute=android.view.inputmethod.EditorInfo@b48ebf8 nm = org.mozilla.fenix controlFlags=#104 softInputMode=#110 windowFlags=#81010100
10-22 16:32:41.625  3957  5416 V InputMethodManagerService: hideCurrentInputLocked : shouldHideSoftInput is false
10-22 16:32:41.625  3957  5416 D InputMethodManagerService: isImeSwitcherDisabledPackage : false
10-22 16:32:41.625  3957  5416 V InputMethodManagerService: Creating new session for client ClientState{fc238d1 uid 10169 pid 3806}
10-22 16:32:41.628  3957  3968 D ConnectivityService: filterNetworkStateForUid() uid: 10169 networkInfo: [type: WIFI[] - WIFI, state: CONNECTED/CONNECTED, reason: (unspecified), extra: "ourhome", failover: false, available: true, roaming: false, metered: false]
10-22 16:32:41.628  3957  3968 D WifiService: getConnectionInfo uid=1000
10-22 16:32:41.628  3957 12585 D InputMethodManagerService: setCurrentInputInfo - inputContext : null eidtorInfo : android.view.inputmethod.EditorInfo@b48ebf8 missingMethods : 0
10-22 16:32:41.628  3957  5413 D ConnectivityService: filterNetworkStateForUid() uid: 10169 networkInfo: [type: WIFI[] - WIFI, state: CONNECTED/CONNECTED, reason: (unspecified), extra: "ourhome", failover: false, available: true, roaming: false, metered: false]
10-22 16:32:41.629  3957  5413 D WifiService: getConnectionInfo uid=1000
10-22 16:32:41.630  3957 12585 D ConnectivityService: filterNetworkStateForUid() uid: 10169 networkInfo: [type: WIFI[] - WIFI, state: CONNECTED/CONNECTED, reason: (unspecified), extra: "ourhome", failover: false, available: true, roaming: false, metered: false]
10-22 16:32:41.630  3957 12585 D WifiService: getConnectionInfo uid=1000
10-22 16:32:41.631 14900 14900 I InputMethodWrapper:  call dispatchStartInputWithToken
10-22 16:32:41.631  3599  3918 D DnsProxyListener: DNSDBG::dns addrinfo af 0
10-22 16:32:41.631 14900 14900 I InputMethodService: dispatchStartInputWithToken
10-22 16:32:41.632 14900 14900 I SKBD    : SamsungKeypad [IMI] onStartInput - caller pid : 3806, caller uid : 10169
10-22 16:32:41.644  3806  4138 I libglean_ffi: glean_core::upload: New upload task with id 9622be12-1b57-4097-9d28-353a2289d206 (path: /submit/org-mozilla-fenix/events/1/9622be12-1b57-4097-9d28-353a2289d206)
10-22 16:32:41.644  2479  2548 D ScanRecord: Not a Multi Manu data
10-22 16:32:41.645  2479  2548 I chatty  : uid=1002(bluetooth) BT Service Call identical 11 lines
10-22 16:32:41.645  2479  2548 D ScanRecord: Not a Multi Manu data
10-22 16:32:41.649  3447  3447 I SurfaceFlinger: Display 0 HWC layers:
10-22 16:32:41.649  3447  3447 I SurfaceFlinger:     type    |    handle    | flag |  format   |   source crop (l,t,r,b)    |         frame       | name 
10-22 16:32:41.649  3447  3447 I SurfaceFlinger: ------------+--------------+------+-----------+----------------------------+---------------------+------
10-22 16:32:41.649  3447  3447 I SurfaceFlinger:      Device | 0x7ea5024b40 | 0000 | RGBA_8888 |   0.0    0.0  720.0 1280.0 |    0    0  720 1280 | org.mozilla.fenix/org.mozilla.fenix.App#0
10-22 16:32:41.649  3447  3447 I SurfaceFlinger:      Device | 0x7ea5024900 | 0000 | RGBA_8888 |   0.0    0.0  720.0 1280.0 |    0    0  720 1280 | Splash Screen org.mozilla.fenix#0
10-22 16:32:41.649  3447  3447 I SurfaceFlinger:      Device | 0x7e9ed39e80 | 0000 | RGBA_8888 |   0.0    0.0  720.0   42.0 |    0    0  720   42 | StatusBar#0
10-22 16:32:41.649  3447  3447 I SurfaceFlinger: 
10-22 16:32:41.651  3806  3806 V InputMethodManager: Starting input: tba=android.view.inputmethod.EditorInfo@6b57a07 nm : org.mozilla.fenix ic=null
10-22 16:32:41.652  3957  5416 D ConnectivityService: filterNetworkStateForUid() uid: 10169 networkInfo: [type: WIFI[] - WIFI, state: CONNECTED/CONNECTED, reason: (unspecified), extra: "ourhome", failover: false, available: true, roaming: false, metered: false]
10-22 16:32:41.652  3957  5416 D WifiService: getConnectionInfo uid=1000
10-22 16:32:41.653  3957  5416 I chatty  : uid=1000(system) Binder:3957_10 identical 1 line
10-22 16:32:41.653  3957  5416 D WifiService: getConnectionInfo uid=1000
10-22 16:32:41.653  4062  4119 W linker  : "/data/app/org.mozilla.fenix-iWpGOrf8cry6RDpwHyQugA==/lib/arm64/libmozglue.so" unused DT entry: type 0x8000024 arg 0x38f70
10-22 16:32:41.653  4062  4119 W linker  : "/data/app/org.mozilla.fenix-iWpGOrf8cry6RDpwHyQugA==/lib/arm64/libmozglue.so" unused DT entry: type 0x8000023 arg 0x1f8
10-22 16:32:41.653  4062  4119 W linker  : "/data/app/org.mozilla.fenix-iWpGOrf8cry6RDpwHyQugA==/lib/arm64/libmozglue.so" unused DT entry: type 0x8000025 arg 0x8
10-22 16:32:41.654  3957  5416 D ConnectivityService: filterNetworkStateForUid() uid: 10169 networkInfo: [type: WIFI[] - WIFI, state: CONNECTED/CONNECTED, reason: (unspecified), extra: "ourhome", failover: false, available: true, roaming: false, metered: false]
10-22 16:32:41.654  3957  5416 D WifiService: getConnectionInfo uid=1000
10-22 16:32:41.661  2479  2548 D ScanRecord: Not a Multi Manu data
10-22 16:32:41.662  2479  2548 I chatty  : uid=1002(bluetooth) BT Service Call identical 11 lines
10-22 16:32:41.662  2479  2548 D ScanRecord: Not a Multi Manu data
10-22 16:32:41.664  4062  4119 I GeckoLoader: Library base=/data/app/org.mozilla.fenix-iWpGOrf8cry6RDpwHyQugA==/lib/arm64
10-22 16:32:41.664 11094 11094 E adbd    : recv: OPEN 0000d79f 00000000 015d:73 68 65 6C 6C 2C 76 32 2C 54 45 52 4D 3D 78 74 65 72 6D 2D 32 35 36 63 6F 6C 6F 72 2C 72 61 77 3A 61 6D 20 73 74 61 72 74 2D 66 6F 72 65 67 72 6F 75 6E 64 2D 73 65 72 76 69 63 65 20 2D 6E 20 22 63 6F 6D 2E 65 78 61 6D 70 6C 65 2E 62 61 74 74 65 72 79 6D 61 6E 61 67 65 72 5F 75 74 69 6C 69 74 79 2F 63 6F 6D 2E 65 78 61 6D 70 6C 65 2E 62 61 74 74 65 72 79 6D 61 6E 61 67 65 72 5F 75 74 69 6C 69 74 79 2E 44 61 74 61 43 6F 6C 6C 65 63 74 69 6F 6E 53 65 72 76 69 63 65 22 20 2D 2D 65 69 20 73 61 6D 70 6C 65 52 61 74 65 20 31 30 30 20 2D 2D 65 73 20 22 64 61 74 61 46 69 65 6C 64 73 22 20 22 42 41 54 54 45 52 59 5F 50 52 4F 50 45 52 54 59 5F 43 55 52 52 45 4E 54 5F 4E 4F 57 2C 45 58 54 52 41 5F 56 4F 4C 54 41 47 45 2C 42 41 54 54 45 52 59 5F 50 52 4F 50 45 52 54 59 5F 43 55 52 52 45 4E 54 5F 41 56 45 52 41 47 45 2C 42 41 54 54 45 52 59 5F 50 52 4F 50 45 52 54 59 5F 43 48 41 52 47 45 5F 43 4F 55 4E 54 45 52 2C 42 41 54 54 45 52 59 5F 50 52 4F 50 45 52 54 59 5F 43 41 50 41 43 49 54 59
10-22 16:32:41.664  4062  4119 I GeckoLoader: Library base=/data/app/org.mozilla.fenix-iWpGOrf8cry6RDpwHyQugA==/lib/arm64
10-22 16:32:41.664 11094 11094 E adbd    : service_to_fd: shell,v2,TERM=xterm-256color,raw:am start-foreground-service -n "com.example.batterymanager_utility/com.example.batterymanager_utility.DataCollectionService" --ei sampleRate 100 --es "dataFields" "BATTERY_PROPERTY_CURRENT_NOW,EXTRA_VOLTAGE,BATTERY_PROPERTY_CURRENT_AVERAGE,BATTERY_PROPERTY_CHARGE_COUNTER,BATTERY_PROPERTY_CAPACITY" --ez toCSV false
10-22 16:32:41.666  4062  4119 E GeckoLibLoad: Load sqlite start
10-22 16:32:41.668  4062  4119 W linker  : "/data/app/org.mozilla.fenix-iWpGOrf8cry6RDpwHyQugA==/lib/arm64/libnss3.so" unused DT entry: type 0x8000024 arg 0x14998
10-22 16:32:41.668  2479  2548 D ScanRecord: Not a Multi Manu data
10-22 16:32:41.668  4062  4119 W linker  : "/data/app/org.mozilla.fenix-iWpGOrf8cry6RDpwHyQugA==/lib/arm64/libnss3.so" unused DT entry: type 0x8000023 arg 0x5c8
10-22 16:32:41.668  2479  2548 D ScanRecord: Not a Multi Manu data
10-22 16:32:41.668  2479  2548 D ScanRecord: Not a Multi Manu data
10-22 16:32:41.668  2479  2548 I chatty  : uid=1002(bluetooth) BT Service Call identical 7 lines
10-22 16:32:41.668  2479  2548 D ScanRecord: Not a Multi Manu data
10-22 16:32:41.668  4062  4119 W linker  : "/data/app/org.mozilla.fenix-iWpGOrf8cry6RDpwHyQugA==/lib/arm64/libnss3.so" unused DT entry: type 0x8000025 arg 0x8
10-22 16:32:41.668  2479  2548 D ScanRecord: Not a Multi Manu data
10-22 16:32:41.668  2479  2548 D ScanRecord: Not a Multi Manu data
10-22 16:32:41.669  4062  4119 E GeckoLibLoad: Load sqlite done
10-22 16:32:41.670  4062  4119 I GeckoLoader: Library base=/data/app/org.mozilla.fenix-iWpGOrf8cry6RDpwHyQugA==/lib/arm64
10-22 16:32:41.670  4062  4119 E GeckoLibLoad: Load nss start
10-22 16:32:41.670  4062  4119 E GeckoLibLoad: Load nss done
10-22 16:32:41.670  4062  4119 I GeckoLoader: Library base=/data/app/org.mozilla.fenix-iWpGOrf8cry6RDpwHyQugA==/lib/arm64
10-22 16:32:41.671  2479  2548 D ScanRecord: Not a Multi Manu data
10-22 16:32:41.673  2479  2548 I chatty  : uid=1002(bluetooth) BT Service Call identical 24 lines
10-22 16:32:41.674  2479  2548 D ScanRecord: Not a Multi Manu data
10-22 16:32:41.675  4062  4119 W linker  : "/data/app/org.mozilla.fenix-iWpGOrf8cry6RDpwHyQugA==/lib/arm64/libxul.so" unused DT entry: type 0x8000024 arg 0x539420
10-22 16:32:41.676  2479  2548 D ScanRecord: Not a Multi Manu data
10-22 16:32:41.676  2479  2548 I chatty  : uid=1002(bluetooth) BT Service Call identical 11 lines
10-22 16:32:41.676  2479  2548 D ScanRecord: Not a Multi Manu data
10-22 16:32:41.677  4062  4119 W linker  : "/data/app/org.mozilla.fenix-iWpGOrf8cry6RDpwHyQugA==/lib/arm64/libxul.so" unused DT entry: type 0x8000023 arg 0x17d68
10-22 16:32:41.677  4062  4119 W linker  : "/data/app/org.mozilla.fenix-iWpGOrf8cry6RDpwHyQugA==/lib/arm64/libxul.so" unused DT entry: type 0x8000025 arg 0x8
10-22 16:32:41.684  2479  2548 D ScanRecord: Not a Multi Manu data
10-22 16:32:41.696  2479  2548 I chatty  : uid=1002(bluetooth) BT Service Call identical 24 lines
10-22 16:32:41.696  2479  2548 D ScanRecord: Not a Multi Manu data
10-22 16:32:41.702  4062  4119 E GeckoLibLoad: Loaded libs in 31.437039ms total, 8ms(4ms) user, 16ms(24ms) system, 0(0) faults
10-22 16:32:41.702  4062  4119 W GeckoThread: zerdatime 1647543760 - runGecko
10-22 16:32:41.702  2479  2548 D ScanRecord: Not a Multi Manu data
10-22 16:32:41.719  2479  2548 I chatty  : uid=1002(bluetooth) BT Service Call identical 37 lines
10-22 16:32:41.719  2479  2548 D ScanRecord: Not a Multi Manu data
10-22 16:32:41.722  3806  3806 D skia    : approximate: numPoints=40, lengths[39]=620.200073, totalLength=620.200073, segmentPoints[39]=[422.600037,0.000000]
10-22 16:32:41.722  3806  3806 D skia    : approximate: approximation[117]=1.000000, approximation[118]=422.600037, approximation[119]=0.000000
10-22 16:32:41.723  3806  3806 D skia    : approximate: numPoints=4, lengths[3]=3.448155, totalLength=3.448155, segmentPoints[3]=[3.000000,0.100000]
10-22 16:32:41.723  3806  3806 D skia    : approximate: approximation[9]=1.000000, approximation[10]=3.000000, approximation[11]=0.100000
10-22 16:32:41.724  3806  3806 D skia    : approximate: numPoints=37, lengths[36]=722.199951, totalLength=722.199951, segmentPoints[36]=[199.600006,0.000000]
10-22 16:32:41.724  3806  3806 D skia    : approximate: approximation[108]=1.000000, approximation[109]=199.600006, approximation[110]=0.000000
10-22 16:32:41.725  3806  3806 D skia    : approximate: numPoints=3, lengths[2]=2.472497, totalLength=2.472497, segmentPoints[2]=[2.000000,0.100000]
10-22 16:32:41.725  3806  3806 D skia    : approximate: approximation[6]=1.000000, approximation[7]=2.000000, approximation[8]=0.100000
10-22 16:32:41.730  3806  3806 V InputMethodManager: Starting input: tba=android.view.inputmethod.EditorInfo@5306bcf nm : org.mozilla.fenix ic=null
10-22 16:32:41.730  3806  3806 I InputMethodManager: startInputInner - mService.startInputOrWindowGainedFocus
10-22 16:32:41.730  3599  3918 D DnsProxyListener: DNSDBG::dns addrinfo af 0
10-22 16:32:41.730  3957  5416 D InputMethodManagerService: startInputOrWindowGainedFocus : startInput 
10-22 16:32:41.731  3957  5416 D InputMethodManagerService: setCurrentInputInfo - inputContext : null eidtorInfo : android.view.inputmethod.EditorInfo@4294210 missingMethods : 0
10-22 16:32:41.732 14900 14900 I InputMethodWrapper:  call dispatchStartInputWithToken
10-22 16:32:41.732 14900 14900 I InputMethodService: dispatchStartInputWithToken
10-22 16:32:41.732 14900 14900 I SKBD    : SamsungKeypad [IMI] onStartInput - caller pid : 3806, caller uid : 10169
10-22 16:32:41.744  3806  3840 W GeckoEventDispatcher: No listener for GeckoView:PageAction:Update
10-22 16:32:41.751  2479  2548 D ScanRecord: Not a Multi Manu data
10-22 16:32:41.751  2479  2548 I chatty  : uid=1002(bluetooth) BT Service Call identical 11 lines
10-22 16:32:41.751  2479  2548 D ScanRecord: Not a Multi Manu data
10-22 16:32:41.754  3754  3754 I BatteryMgr:DataCollectionService: onStartCommand: begin
10-22 16:32:41.754  3754  3754 I BatteryMgr:DataCollectionService: onStartCommand: sampleRate => 100
10-22 16:32:41.755  3754  3754 I BatteryMgr:DataCollectionService: onStartCommand: rawFields => Timestamp,BATTERY_PROPERTY_CURRENT_NOW,EXTRA_VOLTAGE,BATTERY_PROPERTY_CURRENT_AVERAGE,BATTERY_PROPERTY_CHARGE_COUNTER,BATTERY_PROPERTY_CAPACITY
10-22 16:32:41.755  2479  2548 D ScanRecord: Not a Multi Manu data
10-22 16:32:41.758  2479  2548 I chatty  : uid=1002(bluetooth) BT Service Call identical 24 lines
10-22 16:32:41.758  2479  2548 D ScanRecord: Not a Multi Manu data
10-22 16:32:41.759  3754  3754 I BatteryMgr:DataCollectionService: onStartCommand: notification done
10-22 16:32:41.763  3754  3754 D Notification: allPendingIntents
10-22 16:32:41.765  3754  3754 I BatteryMgr:DataCollectionService: started foreground
10-22 16:32:41.767  3957  3972 D ApplicationPolicy: isStatusBarNotificationAllowedAsUser: packageName = android,userId = 0
10-22 16:32:41.767  3957  3972 D API test: getContainerInfo: value is 
10-22 16:32:41.768  3957  3972 D ApplicationPolicy: isStatusBarNotificationAllowedAsUser: packageName = android,userId = 0
10-22 16:32:41.768  3957  3972 D API test: getContainerInfo: value is 
10-22 16:32:41.768  3957  3972 E NotificationService: Suppressing notification from package by user request.
10-22 16:32:41.768  3957  3972 D ApplicationPolicy: isStatusBarNotificationAllowedAsUser: packageName = com.example.batterymanager_utility,userId = 0
10-22 16:32:41.769  3957  3972 D API test: getContainerInfo: value is 
10-22 16:32:41.769  3957  3972 D ApplicationPolicy: isStatusBarNotificationAllowedAsUser: packageName = com.example.batterymanager_utility,userId = 0
10-22 16:32:41.769  3957  3972 D API test: getContainerInfo: value is 
10-22 16:32:41.770  2479  2548 D ScanRecord: Not a Multi Manu data
10-22 16:32:41.771  2479  2548 I chatty  : uid=1002(bluetooth) BT Service Call identical 11 lines
10-22 16:32:41.771  2479  2548 D ScanRecord: Not a Multi Manu data
10-22 16:32:41.774  3957  3957 I AccessibilityManagerService: semOnLightNotification(null), bIsFlashOn : false
10-22 16:32:41.774  3957  4025 I WindowManager: Destroying surface Surface(name=Splash Screen org.mozilla.fenix) called by com.android.server.wm.WindowStateAnimator.destroySurface:2501 com.android.server.wm.WindowStateAnimator.destroySurfaceLocked:985 com.android.server.wm.WindowState.destroyOrSaveSurfaceUnchecked:3670 com.android.server.wm.WindowState.destroySurface:3618 com.android.server.wm.AppWindowToken.destroySurfaces:722 com.android.server.wm.AppWindowToken.destroySurfaces:706 com.android.server.wm.WindowState.onExitAnimationDone:5316 com.android.server.wm.WindowStateAnimator.stepAnimationLocked:550 
10-22 16:32:41.774  3447  4088 I SurfaceFlinger: id=3153 Removed Splash Screen org.mozilla.fenix#0 (4/5)
10-22 16:32:41.774  3957  3957 D AccessibilityManagerService: Can't use light notification
10-22 16:32:41.778 11094 11094 E adbd    : recv: OPEN 0000d7a3 00000000 0042:73 68 65 6C 6C 2C 76 32 2C 54 45 52 4D 3D 78 74 65 72 6D 2D 32 35 36 63 6F 6C 6F 72 2C 72 61 77 3A 67 65 74 70 72 6F 70 20 72 6F 2E 62 75 69 6C 64 2E 76 65 72 73 69 6F 6E 2E 72 65 6C 65 61 73 65 00 
10-22 16:32:41.778 11094 11094 E adbd    : service_to_fd: shell,v2,TERM=xterm-256color,raw:getprop ro.build.version.release
10-22 16:32:41.781  2479  2548 D ScanRecord: Not a Multi Manu data
10-22 16:32:41.782  2479  2548 I chatty  : uid=1002(bluetooth) BT Service Call identical 11 lines
10-22 16:32:41.783  2479  2548 D ScanRecord: Not a Multi Manu data
10-22 16:32:41.785  3447  5168 I SurfaceFlinger: id=3153 Removed Splash Screen org.mozilla.fenix#0 (-2/5)
10-22 16:32:41.791  3447  3447 I SurfaceFlinger: Display 0 HWC layers:
10-22 16:32:41.791  3447  3447 I SurfaceFlinger:     type    |    handle    | flag |  format   |   source crop (l,t,r,b)    |         frame       | name 
10-22 16:32:41.791  3447  3447 I SurfaceFlinger: ------------+--------------+------+-----------+----------------------------+---------------------+------
10-22 16:32:41.791  3447  3447 I SurfaceFlinger:      Device | 0x7ea5024a80 | 0000 | RGBA_8888 |   0.0    0.0  720.0 1280.0 |    0    0  720 1280 | org.mozilla.fenix/org.mozilla.fenix.App#0
10-22 16:32:41.791  3447  3447 I SurfaceFlinger:      Device | 0x7ea5024840 | 0000 | RGBA_8888 |   0.0    0.0  720.0   42.0 |    0    0  720   42 | StatusBar#0
10-22 16:32:41.791  3447  3447 I SurfaceFlinger: 
10-22 16:32:41.791  3447  3447 I Layer   : id=3153 onRemoved Splash Screen org.mozilla.fenix#0 
10-22 16:32:41.793  3957  3957 D AudioService: getStreamVolume 5 index 110
10-22 16:32:41.794  2479  2548 D ScanRecord: Not a Multi Manu data
10-22 16:32:41.794  2479  2548 I chatty  : uid=1002(bluetooth) BT Service Call identical 11 lines
10-22 16:32:41.794  2479  2548 D ScanRecord: Not a Multi Manu data
10-22 16:32:41.795  3957  5413 D Notification: allPendingIntents
10-22 16:32:41.796  3957  5413 D Notification: allPendingIntents
10-22 16:32:41.796  4340  4340 D StatusBar: addNotification key=0|com.example.batterymanager_utility|1|null|10170 fullscreen:false
10-22 16:32:41.803  3754  4235 I BatteryMgr:DataCollectionService: collectData: begin
10-22 16:32:41.813  2479  2548 D ScanRecord: Not a Multi Manu data
10-22 16:32:41.813  2479  2548 I chatty  : uid=1002(bluetooth) BT Service Call identical 9 lines
10-22 16:32:41.813  2479  2548 D ScanRecord: Not a Multi Manu data
10-22 16:32:41.813  3754  4235 I BatteryMgr:DataCollectionService: stats => 1697985161813,-127,4260,-144,0,100
10-22 16:32:41.814  2479  2548 D ScanRecord: Not a Multi Manu data
10-22 16:32:41.814  2479  2548 D ScanRecord: Not a Multi Manu data
10-22 16:32:41.824  4062  4119 W AudioCapabilities: Unsupported mime audio/mpeg-L1
10-22 16:32:41.825  4062  4119 W AudioCapabilities: Unsupported mime audio/mpeg-L2
10-22 16:32:41.828  4062  4119 W AudioCapabilities: Unsupported mime audio/x-ms-wma
10-22 16:32:41.828  4062  4119 W AudioCapabilities: Unsupported mime audio/x-ima
10-22 16:32:41.832  4062  4119 W VideoCapabilities: Unrecognized profile 2130706433 for video/avc
10-22 16:32:41.832  4062  4119 W VideoCapabilities: Unrecognized profile 2130706434 for video/avc
10-22 16:32:41.833  4062  4119 W VideoCapabilities: Unrecognized profile 2130706433 for video/avc
10-22 16:32:41.834  4062  4119 W VideoCapabilities: Unrecognized profile 2130706434 for video/avc
10-22 16:32:41.838  2479  2548 D ScanRecord: Not a Multi Manu data
10-22 16:32:41.839  2479  2548 I chatty  : uid=1002(bluetooth) BT Service Call identical 11 lines
10-22 16:32:41.839  2479  2548 D ScanRecord: Not a Multi Manu data
10-22 16:32:41.839 11094 11094 E adbd    : recv: OPEN 0000d7a7 00000000 003e:73 68 65 6C 6C 2C 76 32 2C 54 45 52 4D 3D 78 74 65 72 6D 2D 32 35 36 63 6F 6C 6F 72 2C 72 61 77 3A 67 65 74 70 72 6F 70 20 72 6F 2E 62 75 69 6C 64 2E 76 65 72 73 69 6F 6E 2E 73 64 6B 00 
10-22 16:32:41.840 11094 11094 E adbd    : service_to_fd: shell,v2,TERM=xterm-256color,raw:getprop ro.build.version.sdk
10-22 16:32:41.847  4062  4119 W VideoCapabilities: Unrecognized profile 2130706433 for video/avc
10-22 16:32:41.847  4062  4119 W VideoCapabilities: Unrecognized profile 2130706434 for video/avc
10-22 16:32:41.848  2479  2548 D ScanRecord: Not a Multi Manu data
10-22 16:32:41.851  2479  2548 I chatty  : uid=1002(bluetooth) BT Service Call identical 22 lines
10-22 16:32:41.851  2479  2548 D ScanRecord: Not a Multi Manu data
10-22 16:32:41.851  4062  4119 W VideoCapabilities: Unsupported mime video/avc-wfd
10-22 16:32:41.851  2479  2548 D ScanRecord: Not a Multi Manu data
10-22 16:32:41.860  2479  2548 I chatty  : uid=1002(bluetooth) BT Service Call identical 39 lines
10-22 16:32:41.860  2479  2548 D ScanRecord: Not a Multi Manu data
10-22 16:32:41.863  3957 12585 V WindowManager: Relayout Window{d9e4d6b u0 org.mozilla.fenix/org.mozilla.fenix.App}: viewVisibility=0 req=720x1280 WM.LayoutParams{(0,0)(fillxfill) sim=#10 ty=1 fl=#81010100 pfl=0x20000 fmt=-3 wanim=0x7f1404fa vsysui=0x2610 needsMenuKey=2 colorMode=0 naviIconColor=0}
10-22 16:32:41.868  3806  3806 D ViewRootImpl@bc73a50[App]: Relayout returned: old=[0,0][720,1280] new=[0,0][720,1280] result=0x1 surface={valid=true 499299307520} changed=false
10-22 16:32:41.877  3957  6478 D SSRM:k  : SIOP:: AP = 350, PST = 359 (W:30), BAT = 315, USB = 0, CHG = 0
10-22 16:32:41.887  2479  2548 D ScanRecord: same manuId data exists, combine both data and store
10-22 16:32:41.888  2479  2548 D ScanRecord: It's a Multi Manu data
10-22 16:32:41.888  2479  2548 I chatty  : uid=1002(bluetooth) BT Service Call identical 9 lines
10-22 16:32:41.888  2479  2548 D ScanRecord: It's a Multi Manu data
10-22 16:32:41.888  2479  2548 D ScanRecord: same manuId data exists, combine both data and store
10-22 16:32:41.888  2479  2548 D ScanRecord: same manuId data exists, combine both data and store
10-22 16:32:41.888  2479  2548 D ScanRecord: It's a Multi Manu data
10-22 16:32:41.888  2479  2548 D ScanFilter: manu data matches
10-22 16:32:41.888  2479  2548 D BtGatt.GattService: onScanResult to scannerId: 6- event_type=0x1b, address_type=1, address=EC:3, primary_phy=1, secondary_phy=0, advertising_sid=0xff, tx_power=127, rssi=-72, periodic_adv_int=0x0
10-22 16:32:41.889 23612 27751 D ScanRecord: same manuId data exists, combine both data and store
10-22 16:32:41.898 23612 27751 I FontLog : (REDACTED) Received query %s, URI %s
10-22 16:32:41.899 23612 27751 I FontLog : (REDACTED) Query [%s] resolved to %s
10-22 16:32:41.903  4062  4119 I VideoCapabilities: Unsupported profile 4 for video/mp4v-es
10-22 16:32:41.920 23612 27751 I FontLog : (REDACTED) Fetch %s end status %s
10-22 16:32:41.925  3754  4235 I BatteryMgr:DataCollectionService: stats => 1697985161925,-127,4260,-144,0,100
10-22 16:32:41.928 23612 27751 I FontLog : (REDACTED) Pulling font file for id = %d, cache size = %d
10-22 16:32:41.929  3957  5416 V WindowManager: rotationForOrientationLw(orient=2, last=0); user=0  sensorRotation=-1 mLidState=-1 mDockMode=0 mHdmiPlugged=false
10-22 16:32:41.936  3957  5413 V WindowManager: Relayout Window{d9e4d6b u0 org.mozilla.fenix/org.mozilla.fenix.App}: viewVisibility=0 req=720x1280 WM.LayoutParams{(0,0)(fillxfill) sim=#10 ty=1 fl=#81010100 pfl=0x20000 fmt=-3 wanim=0x7f1404fa vsysui=0x2610 needsMenuKey=2 colorMode=0 naviIconColor=0}
10-22 16:32:41.939  3806  3806 D ViewRootImpl@bc73a50[App]: Relayout returned: old=[0,0][720,1280] new=[0,0][720,1280] result=0x1 surface={valid=true 499299307520} changed=false
10-22 16:32:41.942 23612 27751 I FontLog : (REDACTED) Pulling font file for id = %d, cache size = %d
10-22 16:32:41.947  4062  4119 W VideoCapabilities: Unrecognized profile/level 1/32 for video/mp4v-es
10-22 16:32:41.947  4062  4119 W VideoCapabilities: Unrecognized profile/level 32768/2 for video/mp4v-es
10-22 16:32:41.947  4062  4119 W VideoCapabilities: Unrecognized profile/level 32768/64 for video/mp4v-es
10-22 16:32:41.949  4062  4119 W VideoCapabilities: Unsupported mime video/wvc1
10-22 16:32:41.950  4062  4119 W VideoCapabilities: Unsupported mime video/x-ms-wmv
10-22 16:32:41.952  4062  4119 W VideoCapabilities: Unsupported mime video/x-ms-wmv7
10-22 16:32:41.968  3806  3806 I DefaultSupportedAddonsChecker: Unregister check for new supported add-ons
10-22 16:32:41.972  4062  4119 W VideoCapabilities: Unsupported mime video/x-ms-wmv8
10-22 16:32:41.975  4062  4119 W VideoCapabilities: Unsupported mime video/mp43
10-22 16:32:41.976  3806  3806 I SessionPrioritizationMiddleware: Update the currentSelectedTab 0bc9df09-a749-4381-873d-08f227e3cdd3 priority to HIGH
10-22 16:32:41.976  3957  4128 D WifiService: getConnectionInfo uid=1000
10-22 16:32:41.977  3806  3806 I WebExtension: releasePendingMessages: extension=webcompat-reporter@mozilla.org nativeApp=mozacWebcompatReporter session=null
10-22 16:32:41.978  3806  3806 I WebExtension: releasePendingMessages: extension=fxa@mozac.org nativeApp=mozacWebchannel session=org.mozilla.geckoview.GeckoSession@87ef070
10-22 16:32:41.978  3806  3806 I WebExtension: releasePendingMessages: extension=fxa@mozac.org nativeApp=mozacWebchannelBackground session=null
10-22 16:32:41.979  3806  3806 I WebExtension: releasePendingMessages: extension=readerview@mozac.org nativeApp=mozacReaderview session=org.mozilla.geckoview.GeckoSession@87ef070
10-22 16:32:41.979  3806  3806 I WebExtension: releasePendingMessages: extension=readerview@mozac.org nativeApp=mozacReaderviewActive session=org.mozilla.geckoview.GeckoSession@87ef070
10-22 16:32:41.979  3806  3806 I WebExtension: releasePendingMessages: extension=readerview@mozac.org nativeApp=mozacReaderview session=org.mozilla.geckoview.GeckoSession@87ef070
10-22 16:32:41.991  4340  4340 D KeyguardUpdateMonitor: handleStatusBarState( false )
10-22 16:32:41.996  2462  2462 I Finsky  : [2] tys.onTrimMemory(13): Memory trim requested to level 80
10-22 16:32:41.997  2462  2462 I Finsky  : [2] nre.accept(78): Flushing in-memory image cache
10-22 16:32:41.997  4062  4119 W AudioCapabilities: Unsupported mime audio/mpeg-L1
10-22 16:32:41.997  4062  4119 W AudioCapabilities: Unsupported mime audio/mpeg-L2
10-22 16:32:41.997  4062  4119 W AudioCapabilities: Unsupported mime audio/x-ms-wma
10-22 16:32:41.997  4062  4119 W AudioCapabilities: Unsupported mime audio/x-ima
10-22 16:32:41.999  4062  4119 W VideoCapabilities: Unrecognized profile 2130706433 for video/avc
10-22 16:32:41.999  4062  4119 W VideoCapabilities: Unrecognized profile 2130706434 for video/avc
10-22 16:32:42.002  4062  4119 W VideoCapabilities: Unrecognized profile/level 1/32 for video/mp4v-es
10-22 16:32:42.002  4062  4119 W VideoCapabilities: Unrecognized profile/level 32768/2 for video/mp4v-es
10-22 16:32:42.002  4062  4119 W VideoCapabilities: Unrecognized profile/level 32768/64 for video/mp4v-es
10-22 16:32:42.003  4062  4119 W VideoCapabilities: Unsupported mime video/wvc1
10-22 16:32:42.003  4062  4119 W VideoCapabilities: Unsupported mime video/x-ms-wmv
10-22 16:32:42.004  4062  4119 W VideoCapabilities: Unsupported mime video/x-ms-wmv7
10-22 16:32:42.004  4062  4119 W VideoCapabilities: Unsupported mime video/x-ms-wmv8
10-22 16:32:42.005  4062  4119 W VideoCapabilities: Unsupported mime video/mp43
10-22 16:32:42.014  3806  3806 I WebExtension: releasePendingMessages: extension=icons@mozac.org nativeApp=MozacBrowserIcons session=org.mozilla.geckoview.GeckoSession@87ef070
10-22 16:32:42.018  3806  3806 I WebExtension: releasePendingMessages: extension=ads@mozac.org nativeApp=MozacBrowserAdsMessage session=org.mozilla.geckoview.GeckoSession@87ef070
10-22 16:32:42.018  3806  3806 I WebExtension: releasePendingMessages: extension=cookies@mozac.org nativeApp=MozacBrowserSearchMessage session=org.mozilla.geckoview.GeckoSession@87ef070
10-22 16:32:42.043  3754  4235 I BatteryMgr:DataCollectionService: stats => 1697985162043,-127,4260,-144,0,100
10-22 16:32:42.043  3957  3972 D ApplicationPolicy: isStatusBarNotificationAllowedAsUser: packageName = android,userId = 0
10-22 16:32:42.043  3957  3972 D API test: getContainerInfo: value is 
10-22 16:32:42.043  3957  3972 D ApplicationPolicy: isStatusBarNotificationAllowedAsUser: packageName = android,userId = 0
10-22 16:32:42.044  3957  3972 D API test: getContainerInfo: value is 
10-22 16:32:42.044  3957  3972 E NotificationService: Suppressing notification from package by user request.
10-22 16:32:42.071  3806  3840 W ResourceType: Too many attribute references, stopped at: 0x01010099
10-22 16:32:42.088  3806  4138 I libglean_ffi: glean_core::upload: Ping 9622be12-1b57-4097-9d28-353a2289d206 successfully sent 200.
10-22 16:32:42.091  3806  4138 I libglean_ffi: glean_core::upload::directory: File was deleted /data/user/0/org.mozilla.fenix/glean_data/pending_pings/9622be12-1b57-4097-9d28-353a2289d206
10-22 16:32:42.093  3806  4138 I libglean_ffi: glean_core::upload: New upload task with id 86b6a392-93c2-46bd-8136-ab8698451325 (path: /submit/org-mozilla-fenix/baseline/1/86b6a392-93c2-46bd-8136-ab8698451325)
10-22 16:32:42.151  3754  4235 I BatteryMgr:DataCollectionService: stats => 1697985162151,-127,4260,-144,0,100
10-22 16:32:42.185  3894  3950 W linker  : "/data/app/org.mozilla.fenix-iWpGOrf8cry6RDpwHyQugA==/lib/arm64/libmozglue.so" unused DT entry: type 0x8000024 arg 0x38f70
10-22 16:32:42.185  3894  3950 W linker  : "/data/app/org.mozilla.fenix-iWpGOrf8cry6RDpwHyQugA==/lib/arm64/libmozglue.so" unused DT entry: type 0x8000023 arg 0x1f8
10-22 16:32:42.185  3894  3950 W linker  : "/data/app/org.mozilla.fenix-iWpGOrf8cry6RDpwHyQugA==/lib/arm64/libmozglue.so" unused DT entry: type 0x8000025 arg 0x8
10-22 16:32:42.189  3894  3950 I GeckoLoader: Library base=/data/app/org.mozilla.fenix-iWpGOrf8cry6RDpwHyQugA==/lib/arm64
10-22 16:32:42.189  3957  4089 D MdnieScenarioControlService:  packageName : org.mozilla.fenix    className : org.mozilla.fenix.App
10-22 16:32:42.189  3957  4089 V MdnieScenarioControlService: setUIMode from UI function(3)
10-22 16:32:42.189  3894  3950 I GeckoLoader: Library base=/data/app/org.mozilla.fenix-iWpGOrf8cry6RDpwHyQugA==/lib/arm64
10-22 16:32:42.189  3806  3840 W AudioCapabilities: Unsupported mime audio/mpeg-L1
10-22 16:32:42.190  3806  3840 W AudioCapabilities: Unsupported mime audio/mpeg-L2
10-22 16:32:42.190  3894  3950 E GeckoLibLoad: Load sqlite start
10-22 16:32:42.192  3894  3950 W linker  : "/data/app/org.mozilla.fenix-iWpGOrf8cry6RDpwHyQugA==/lib/arm64/libnss3.so" unused DT entry: type 0x8000024 arg 0x14998
10-22 16:32:42.192  3894  3950 W linker  : "/data/app/org.mozilla.fenix-iWpGOrf8cry6RDpwHyQugA==/lib/arm64/libnss3.so" unused DT entry: type 0x8000023 arg 0x5c8
10-22 16:32:42.192  3894  3950 W linker  : "/data/app/org.mozilla.fenix-iWpGOrf8cry6RDpwHyQugA==/lib/arm64/libnss3.so" unused DT entry: type 0x8000025 arg 0x8
10-22 16:32:42.192  3806  3840 W AudioCapabilities: Unsupported mime audio/x-ms-wma
10-22 16:32:42.193  3806  3840 W AudioCapabilities: Unsupported mime audio/x-ima
10-22 16:32:42.194  3894  3950 E GeckoLibLoad: Load sqlite done
10-22 16:32:42.194  3894  3950 I GeckoLoader: Library base=/data/app/org.mozilla.fenix-iWpGOrf8cry6RDpwHyQugA==/lib/arm64
10-22 16:32:42.194  3894  3950 E GeckoLibLoad: Load nss start
10-22 16:32:42.194  3894  3950 E GeckoLibLoad: Load nss done
10-22 16:32:42.194  3894  3950 I GeckoLoader: Library base=/data/app/org.mozilla.fenix-iWpGOrf8cry6RDpwHyQugA==/lib/arm64
10-22 16:32:42.196  3806  3840 W VideoCapabilities: Unrecognized profile 2130706433 for video/avc
10-22 16:32:42.197  3806  3840 W VideoCapabilities: Unrecognized profile 2130706434 for video/avc
10-22 16:32:42.198  3894  3950 W linker  : "/data/app/org.mozilla.fenix-iWpGOrf8cry6RDpwHyQugA==/lib/arm64/libxul.so" unused DT entry: type 0x8000024 arg 0x539420
10-22 16:32:42.198  3806  3840 W VideoCapabilities: Unrecognized profile 2130706433 for video/avc
10-22 16:32:42.198  3806  3840 W VideoCapabilities: Unrecognized profile 2130706434 for video/avc
10-22 16:32:42.198  3894  3950 W linker  : "/data/app/org.mozilla.fenix-iWpGOrf8cry6RDpwHyQugA==/lib/arm64/libxul.so" unused DT entry: type 0x8000023 arg 0x17d68
10-22 16:32:42.198  3894  3950 W linker  : "/data/app/org.mozilla.fenix-iWpGOrf8cry6RDpwHyQugA==/lib/arm64/libxul.so" unused DT entry: type 0x8000025 arg 0x8
10-22 16:32:42.209  3806  3840 W VideoCapabilities: Unrecognized profile 2130706433 for video/avc
10-22 16:32:42.209  3806  3840 W VideoCapabilities: Unrecognized profile 2130706434 for video/avc
10-22 16:32:42.212  3806  3840 W VideoCapabilities: Unsupported mime video/avc-wfd
10-22 16:32:42.213  3957  3957 D CustomFrequencyManagerService: releaseDVFSLockLocked : Getting Lock type frm List : DVFS_MIN_LIMIT  frequency : 1560000  uid : 1000  pid : 3957  tag : AMS_RESUME_TAIL@CPU_MIN@58
10-22 16:32:42.220  3894  3950 E GeckoLibLoad: Loaded libs in 25.171000ms total, 12ms(12ms) user, 12ms(12ms) system, 0(0) faults
10-22 16:32:42.220  3894  3950 W GeckoThread: zerdatime 1647544278 - runGecko
10-22 16:32:42.238  3806  3840 I VideoCapabilities: Unsupported profile 4 for video/mp4v-es
10-22 16:32:42.255  3806  3840 W VideoCapabilities: Unrecognized profile/level 1/32 for video/mp4v-es
10-22 16:32:42.255  3806  3840 W VideoCapabilities: Unrecognized profile/level 32768/2 for video/mp4v-es
10-22 16:32:42.255  3806  3840 W VideoCapabilities: Unrecognized profile/level 32768/64 for video/mp4v-es
10-22 16:32:42.256  3806  3840 W VideoCapabilities: Unsupported mime video/wvc1
10-22 16:32:42.258  3806  3840 W VideoCapabilities: Unsupported mime video/x-ms-wmv
10-22 16:32:42.259  3754  4235 I BatteryMgr:DataCollectionService: stats => 1697985162259,-127,4260,-144,0,100
10-22 16:32:42.260  3806  3840 W VideoCapabilities: Unsupported mime video/x-ms-wmv7
10-22 16:32:42.261  3806  3840 W VideoCapabilities: Unsupported mime video/x-ms-wmv8
10-22 16:32:42.262  3806  3840 W VideoCapabilities: Unsupported mime video/mp43
10-22 16:32:42.268  3806  3840 W AudioCapabilities: Unsupported mime audio/mpeg-L1
10-22 16:32:42.268  3806  3840 W AudioCapabilities: Unsupported mime audio/mpeg-L2
10-22 16:32:42.268  3806  3840 W AudioCapabilities: Unsupported mime audio/x-ms-wma
10-22 16:32:42.268  3806  3840 W AudioCapabilities: Unsupported mime audio/x-ima
10-22 16:32:42.269  3806  3840 W VideoCapabilities: Unrecognized profile 2130706433 for video/avc
10-22 16:32:42.269  3806  3840 W VideoCapabilities: Unrecognized profile 2130706434 for video/avc
10-22 16:32:42.272  3806  3840 W VideoCapabilities: Unrecognized profile/level 1/32 for video/mp4v-es
10-22 16:32:42.272  3806  3840 W VideoCapabilities: Unrecognized profile/level 32768/2 for video/mp4v-es
10-22 16:32:42.272  3806  3840 W VideoCapabilities: Unrecognized profile/level 32768/64 for video/mp4v-es
10-22 16:32:42.273  3806  3840 W VideoCapabilities: Unsupported mime video/wvc1
10-22 16:32:42.274  3806  3840 W VideoCapabilities: Unsupported mime video/x-ms-wmv
10-22 16:32:42.274  3806  3840 W VideoCapabilities: Unsupported mime video/x-ms-wmv7
10-22 16:32:42.275  3806  3840 W VideoCapabilities: Unsupported mime video/x-ms-wmv8
10-22 16:32:42.275  3806  3840 W VideoCapabilities: Unsupported mime video/mp43
10-22 16:32:42.282  3957  3957 D PreBindingService: handleMessage : 1
10-22 16:32:42.294  4062  4178 D libGLESv2: STS_GLApi : DTS, ODTC are not allowed for Package : org.mozilla.fenix:gpu
10-22 16:32:42.301  4062  4076 V Surface : sf_framedrop debug : 0x4f4c, game : false, logging : 0
10-22 16:32:42.304  4062  4178 D mali_winsys: EGLint new_window_surface(egl_winsys_display *, void *, EGLSurface, EGLConfig, egl_winsys_surface **, egl_color_buffer_format *, EGLBoolean) returns 0x3000,  [720x1238]-format:2
10-22 16:32:42.312  3806  3840 I GeckoSession: zerdatime 1647544370 - chrome startup finished
10-22 16:32:42.324  3806  4138 I libglean_ffi: glean_core::upload: Ping 86b6a392-93c2-46bd-8136-ab8698451325 successfully sent 200.
10-22 16:32:42.327  3806  3806 I GeckoSession: handleMessage GeckoView:PageStart uri=
10-22 16:32:42.328  3806  3806 I GeckoSession: handleMessage GeckoView:PageStop uri=null
10-22 16:32:42.328  3806  4138 I libglean_ffi: glean_core::upload::directory: File was deleted /data/user/0/org.mozilla.fenix/glean_data/pending_pings/86b6a392-93c2-46bd-8136-ab8698451325
10-22 16:32:42.330  3806  4138 I libglean_ffi: glean_core::upload: New upload task with id 72f8c502-5895-43ed-91df-437b94459865 (path: /submit/org-mozilla-fenix/baseline/1/72f8c502-5895-43ed-91df-437b94459865)
10-22 16:32:42.352  3806  3806 I GeckoSession: handleMessage GeckoView:PageStart uri=
10-22 16:32:42.368  3599  3918 D DnsProxyListener: DNSDBG::dns addrinfo af 0
10-22 16:32:42.371  3957  4030 D SensorService: [SO] 0.244 -0.139 9.950
10-22 16:32:42.372  3754  4235 I BatteryMgr:DataCollectionService: stats => 1697985162372,-127,4260,-144,0,100
10-22 16:32:42.393  3957  4129 D WifiStateMachine:  ConnectedState !RSSI_PKTCNT_FETCH uid=1000 rt=591568977/1647544450 0 0 "ourhome" f4:6d:2f:12:cc:88 rssi=-43 f=5240 sc=60 link=433 tx=1.0, 0.0, 0.0  rx=2.1 bcn=492437 [on:0 tx:0 rx:0 period:1001] from screen [on:186981 period:1556268] score=60
10-22 16:32:42.394  3957  4129 D WifiStateMachine:  L2ConnectedState !RSSI_PKTCNT_FETCH uid=1000 rt=591568978/1647544451 0 0 "ourhome" f4:6d:2f:12:cc:88 rssi=-43 f=5240 sc=60 link=433 tx=1.0, 0.0, 0.0  rx=2.1 bcn=492437 [on:0 tx:0 rx:0 period:1] from screen [on:186981 period:1556269] score=60
10-22 16:32:42.396  3957  4129 D WifiStateMachine: fetchRssiLinkSpeedAndFrequencyNative rssi=-48 linkspeed=433 freq=5240
10-22 16:32:42.396  3957  4129 V WifiConfigManager: Updating scan detail cache freq=5240 BSSID=f4:6d:2f:12:cc:88 RSSI=-45 for "ourhome"WPA_PSK
10-22 16:32:42.399  3806  3840 D GeckoIdleService: Setting timer a day from now
10-22 16:32:42.404  3806  3840 D GeckoIdleService: Register idle observer 0x74257fd748 for 5 seconds
10-22 16:32:42.404  3806  3840 D GeckoIdleService: Register: adjusting next switch from -1 to 5 seconds
10-22 16:32:42.404  3806  3840 D GeckoIdleService: next timeout 4995 msec from now
10-22 16:32:42.404  3806  3840 D GeckoIdleService: SetTimerExpiryIfBefore: next timeout 4995 msec from now
10-22 16:32:42.404  3806  3840 D GeckoIdleService: reset timer expiry to 5005 msec from now
10-22 16:32:42.427  3447  3447 I SurfaceFlinger: Display 0 HWC layers:
10-22 16:32:42.427  3447  3447 I SurfaceFlinger:     type    |    handle    | flag |  format   |   source crop (l,t,r,b)    |         frame       | name 
10-22 16:32:42.427  3447  3447 I SurfaceFlinger: ------------+--------------+------+-----------+----------------------------+---------------------+------
10-22 16:32:42.427  3447  3447 I SurfaceFlinger:      Device | 0x7ea5024d80 | 0000 | RGBx_8888 |   0.0    0.0  720.0 1238.0 |    0   42  720 1280 | SurfaceView - org.mozilla.fenix/org.mozilla.fenix.App@baaf075@0#0
10-22 16:32:42.427  3447  3447 I SurfaceFlinger:      Device | 0x7ea5024a80 | 0000 | RGBA_8888 |   0.0    0.0  720.0 1280.0 |    0    0  720 1280 | org.mozilla.fenix/org.mozilla.fenix.App#0
10-22 16:32:42.427  3447  3447 I SurfaceFlinger:      Device | 0x7e9ed39e80 | 0000 | RGBA_8888 |   0.0    0.0  720.0   42.0 |    0    0  720   42 | StatusBar#0
10-22 16:32:42.427  3447  3447 I SurfaceFlinger: 
10-22 16:32:42.472  3957  5413 D StorageManagerService: getExternalStorageMountMode : 1
10-22 16:32:42.473  3957  5413 D StorageManagerService: getExternalStorageMountMode : 3
10-22 16:32:42.473  3957  5413 D StorageManagerService: getExternalStorageMountMode : final mountMode=1, uid : 10169, packageName : org.mozilla.fenix
10-22 16:32:42.474  3957  5413 I ApplicationPolicy: isApplicationExternalStorageWhitelisted:org.mozilla.fenix user:0
10-22 16:32:42.474  3957  5413 D ApplicationPolicy: isApplicationExternalStorageWhitelisted: DO is not enabled on user 0. Allowed.
10-22 16:32:42.474  3957  5413 D ActivityManager: package  org.mozilla.fenix, user - 0 is SDcard whitelisted
10-22 16:32:42.474  3957  5413 I ApplicationPolicy: isApplicationExternalStorageBlacklisted:org.mozilla.fenix user:0
10-22 16:32:42.474  3957  5413 D ApplicationPolicy: isApplicationExternalStorageBlacklisted: DO is not enabled on user 0. Allowed.
10-22 16:32:42.489  3957  5413 I ActivityManager: Start proc 4329:org.mozilla.fenix:tab28/u0a169 for service org.mozilla.fenix/org.mozilla.gecko.process.GeckoChildProcessServices$tab28
10-22 16:32:42.494  4329  4329 E Zygote  : isWhitelistProcess - Process is Whitelisted
10-22 16:32:42.494  4329  4329 E libpersona: scanKnoxPersonas
10-22 16:32:42.495  4329  4329 E libpersona: Couldn't open the File - /data/system/users/0/personalist.xml - No such file or directory
10-22 16:32:42.495  3754  4235 I BatteryMgr:DataCollectionService: stats => 1697985162495,-127,4260,-144,0,100
10-22 16:32:42.497  4329  4329 W SELinux : SELinux selinux_android_compute_policy_index : Policy Index[2],  Con:u:r:zygote:s0 RAM:SEPF_SM-J720F_8.0.0_0002, [-1 -1 -1 -1 0 1]
10-22 16:32:42.498  4329  4329 I SELinux : SELinux: seapp_context_lookup: seinfo=untrusted, level=s0:c512,c768, pkgname=org.mozilla.fenix:tab28 
10-22 16:32:42.520  4329  4329 D TimaKeyStoreProvider: TimaKeyStore is not enabled: cannot add TimaSignature Service and generateKeyPair Service
10-22 16:32:42.520  4329  4329 D ActivityThread: Added TimaKeyStore provider
10-22 16:32:42.523  3957  5416 I ActivityManager: DSS on for org.mozilla.fenix and scale is 1.0
10-22 16:32:42.543  4329  4329 I zygote64: no shared libraies, dex_files: 1
10-22 16:32:42.602  3754  4235 I BatteryMgr:DataCollectionService: stats => 1697985162602,-127,4260,-144,0,100
10-22 16:32:42.606  4329  4329 I FenixApplication: onTrimMemory(), level=5, main=false
10-22 16:32:42.608  4329  4329 I ServiceChildProcess: onCreate
10-22 16:32:42.609  4329  4349 I GeckoThread: preparing to run Gecko
10-22 16:32:42.612  3806  3840 W AudioCapabilities: Unsupported mime audio/mpeg-L1
10-22 16:32:42.613  3806  3840 W AudioCapabilities: Unsupported mime audio/mpeg-L2
10-22 16:32:42.613  3806  3840 W AudioCapabilities: Unsupported mime audio/x-ms-wma
10-22 16:32:42.613  3806  3840 W AudioCapabilities: Unsupported mime audio/x-ima
10-22 16:32:42.614  3806  3840 W VideoCapabilities: Unrecognized profile 2130706433 for video/avc
10-22 16:32:42.614  3806  3840 W VideoCapabilities: Unrecognized profile 2130706434 for video/avc
10-22 16:32:42.614  4329  4349 W linker  : "/data/app/org.mozilla.fenix-iWpGOrf8cry6RDpwHyQugA==/lib/arm64/libmozglue.so" unused DT entry: type 0x8000024 arg 0x38f70
10-22 16:32:42.614  4329  4349 W linker  : "/data/app/org.mozilla.fenix-iWpGOrf8cry6RDpwHyQugA==/lib/arm64/libmozglue.so" unused DT entry: type 0x8000023 arg 0x1f8
10-22 16:32:42.614  4329  4349 W linker  : "/data/app/org.mozilla.fenix-iWpGOrf8cry6RDpwHyQugA==/lib/arm64/libmozglue.so" unused DT entry: type 0x8000025 arg 0x8
10-22 16:32:42.615  3957  4129 D WifiStateMachine:  ConnectedState !CMD_RSSI_POLL rt=591569199/1647544672 112 0 "ourhome" f4:6d:2f:12:cc:88 rssi=-48 f=5240 sc=60 link=433 tx=1.0, 0.0, 0.0  rx=2.1 bcn=492437 [on:0 tx:0 rx:0 period:221] from screen [on:186981 period:1556490] score=60
10-22 16:32:42.616  3957  4129 D WifiStateMachine:  L2ConnectedState !CMD_RSSI_POLL rt=591569201/1647544673 112 0 "ourhome" f4:6d:2f:12:cc:88 rssi=-48 f=5240 sc=60 link=433 tx=1.0, 0.0, 0.0  rx=2.1 bcn=492437 [on:0 tx:0 rx:0 period:1] from screen [on:186981 period:1556491] score=60
10-22 16:32:42.616  3957  4129 D WifiStateMachine:  get link layer stats 3
10-22 16:32:42.616  3806  3840 W VideoCapabilities: Unrecognized profile/level 1/32 for video/mp4v-es
10-22 16:32:42.616  3806  3840 W VideoCapabilities: Unrecognized profile/level 32768/2 for video/mp4v-es
10-22 16:32:42.616  3806  3840 W VideoCapabilities: Unrecognized profile/level 32768/64 for video/mp4v-es
10-22 16:32:42.617  3436  3436 I android.hardware.wifi@1.0-service: getLinkLayerStats
10-22 16:32:42.617  3806  3840 W VideoCapabilities: Unsupported mime video/wvc1
10-22 16:32:42.617  3806  3840 W VideoCapabilities: Unsupported mime video/x-ms-wmv
10-22 16:32:42.618  3806  3840 W VideoCapabilities: Unsupported mime video/x-ms-wmv7
10-22 16:32:42.618  3806  3840 W VideoCapabilities: Unsupported mime video/x-ms-wmv8
10-22 16:32:42.618  4329  4349 I GeckoLoader: Library base=/data/app/org.mozilla.fenix-iWpGOrf8cry6RDpwHyQugA==/lib/arm64
10-22 16:32:42.619  4329  4349 I GeckoLoader: Library base=/data/app/org.mozilla.fenix-iWpGOrf8cry6RDpwHyQugA==/lib/arm64
10-22 16:32:42.619  3806  3840 W VideoCapabilities: Unsupported mime video/mp43
10-22 16:32:42.620  4329  4349 E GeckoLibLoad: Load sqlite start
10-22 16:32:42.620  3957  4129 D WifiStateMachine: fetchRssiLinkSpeedAndFrequencyNative rssi=-48 linkspeed=433 freq=5240
10-22 16:32:42.620  3957  4129 V WifiConfigManager: Updating scan detail cache freq=5240 BSSID=f4:6d:2f:12:cc:88 RSSI=-46 for "ourhome"WPA_PSK
10-22 16:32:42.621  4329  4349 W linker  : "/data/app/org.mozilla.fenix-iWpGOrf8cry6RDpwHyQugA==/lib/arm64/libnss3.so" unused DT entry: type 0x8000024 arg 0x14998
10-22 16:32:42.621  4329  4349 W linker  : "/data/app/org.mozilla.fenix-iWpGOrf8cry6RDpwHyQugA==/lib/arm64/libnss3.so" unused DT entry: type 0x8000023 arg 0x5c8
10-22 16:32:42.621  4329  4349 W linker  : "/data/app/org.mozilla.fenix-iWpGOrf8cry6RDpwHyQugA==/lib/arm64/libnss3.so" unused DT entry: type 0x8000025 arg 0x8
10-22 16:32:42.623  4329  4349 E GeckoLibLoad: Load sqlite done
10-22 16:32:42.624  4329  4349 I GeckoLoader: Library base=/data/app/org.mozilla.fenix-iWpGOrf8cry6RDpwHyQugA==/lib/arm64
10-22 16:32:42.624  4329  4349 E GeckoLibLoad: Load nss start
10-22 16:32:42.624  4329  4349 E GeckoLibLoad: Load nss done
10-22 16:32:42.624  4329  4349 I GeckoLoader: Library base=/data/app/org.mozilla.fenix-iWpGOrf8cry6RDpwHyQugA==/lib/arm64
10-22 16:32:42.628  4340  4340 E SignalClusterView: setSlotFocusVisible : subId -2
10-22 16:32:42.628  4340  4340 E SignalClusterView: setSlotFocusVisible : subId -2
10-22 16:32:42.628  4329  4349 W linker  : "/data/app/org.mozilla.fenix-iWpGOrf8cry6RDpwHyQugA==/lib/arm64/libxul.so" unused DT entry: type 0x8000024 arg 0x539420
10-22 16:32:42.629  4329  4349 W linker  : "/data/app/org.mozilla.fenix-iWpGOrf8cry6RDpwHyQugA==/lib/arm64/libxul.so" unused DT entry: type 0x8000023 arg 0x17d68
10-22 16:32:42.629  4329  4349 W linker  : "/data/app/org.mozilla.fenix-iWpGOrf8cry6RDpwHyQugA==/lib/arm64/libxul.so" unused DT entry: type 0x8000025 arg 0x8
10-22 16:32:42.661  4329  4349 E GeckoLibLoad: Loaded libs in 36.936384ms total, 16ms(16ms) user, 20ms(20ms) system, 0(0) faults
10-22 16:32:42.662  4329  4349 W GeckoThread: zerdatime 1647544720 - runGecko
10-22 16:32:42.674  3806  4138 I libglean_ffi: glean_core::upload: Ping 72f8c502-5895-43ed-91df-437b94459865 successfully sent 200.
10-22 16:32:42.675  3957  5413 D ConnectivityService: filterNetworkStateForUid() uid: 10169 networkInfo: [type: WIFI[] - WIFI, state: CONNECTED/CONNECTED, reason: (unspecified), extra: "ourhome", failover: false, available: true, roaming: false, metered: false]
10-22 16:32:42.675  3957  5413 D WifiService: getConnectionInfo uid=1000
10-22 16:32:42.677  3806  4138 I libglean_ffi: glean_core::upload::directory: File was deleted /data/user/0/org.mozilla.fenix/glean_data/pending_pings/72f8c502-5895-43ed-91df-437b94459865
10-22 16:32:42.682  3806  4138 I libglean_ffi: glean_core::upload: No more pings to upload! You are done.
10-22 16:32:42.687  3806  3911 I WM-WorkerWrapper: Worker result SUCCESS for Work [ id=69cd70dc-daf9-4587-be65-1b42b6985223, tags={ mozilla.telemetry.glean.scheduler.PingUploadWorker, mozac_service_glean_ping_upload_worker } ]
10-22 16:32:42.693  3806  3806 D ConnectivityManager: unregisterNetworkCallback; CallingUid : 10169, CallingPid : 3806
10-22 16:32:42.695  3957  4157 D ConnectivityService: releasing NetworkRequest [ TRACK_DEFAULT id=2090, [ Capabilities: INTERNET&NOT_RESTRICTED&TRUSTED&NOT_VPN] ] (CALLBACK_RELEASED)
10-22 16:32:42.696  3957  5416 D JobServiceContext: sendStopMessageLocked stop reason: cancel() called by app
10-22 16:32:42.696  3957  4157 D ConnectivityService:  Removing from current network NetworkAgentInfo [WIFI () - 509], leaving 13 requests.
10-22 16:32:42.697  3957  4157 D ConnectivityService: sending notification RELEASED for NetworkRequest [ TRACK_DEFAULT id=2090, [ Capabilities: INTERNET&NOT_RESTRICTED&TRUSTED&NOT_VPN] ]
10-22 16:32:42.712  3754  4235 I BatteryMgr:DataCollectionService: stats => 1697985162712,-127,4260,-144,0,100
10-22 16:32:42.752  3957  5413 D ConnectivityService: filterNetworkStateForUid() uid: 10169 networkInfo: [type: WIFI[] - WIFI, state: CONNECTED/CONNECTED, reason: (unspecified), extra: "ourhome", failover: false, available: true, roaming: false, metered: false]
10-22 16:32:42.752  3957  5413 D WifiService: getConnectionInfo uid=1000
10-22 16:32:42.773  3957  5413 I chatty  : uid=1000(system) Binder:3957_D identical 3 lines
10-22 16:32:42.781  3957  5413 D WifiService: getConnectionInfo uid=1000
10-22 16:32:42.783  3894  3950 W linker  : "/data/app/org.mozilla.fenix-iWpGOrf8cry6RDpwHyQugA==/lib/arm64/libsoftokn3.so" unused DT entry: type 0x8000024 arg 0x2580
10-22 16:32:42.783  3894  3950 W linker  : "/data/app/org.mozilla.fenix-iWpGOrf8cry6RDpwHyQugA==/lib/arm64/libsoftokn3.so" unused DT entry: type 0x8000023 arg 0x70
