10-22 15:44:01.881  4961  4961 D io_stats: !@ 179,0 r 9177744 299150072 w 2063444 40682568 d 165054 36518276 f 624839 649557 iot 4218660 3646900 th 51200 0 0 pt 0 inp 2 0 588648.465
10-22 15:44:01.991 30217 30512 I BatteryMgr:DataCollectionService: stats => 1697982241991,-635,4260,-354,0,100
10-22 15:44:02.112 30217 30512 I BatteryMgr:DataCollectionService: stats => 1697982242112,-635,4260,-354,0,100
10-22 15:44:02.227 30217 30512 I BatteryMgr:DataCollectionService: stats => 1697982242227,-635,4260,-354,0,100
10-22 15:44:02.342 30217 30512 I BatteryMgr:DataCollectionService: stats => 1697982242342,-635,4260,-354,0,100
10-22 15:44:02.457 30217 30512 I BatteryMgr:DataCollectionService: stats => 1697982242457,-635,4260,-354,0,100
10-22 15:44:02.527  3957  4129 D WifiStateMachine:  ConnectedState !RSSI_PKTCNT_FETCH uid=1000 rt=588649111/1644624584 0 0 "ourhome" f4:6d:2f:12:cc:88 rssi=-44 f=5240 sc=60 link=433 tx=43.7, 2.2, 0.0  rx=90.0 bcn=465415 [on:0 tx:0 rx:0 period:1000] from screen [on:29380 period:235342] score=60
10-22 15:44:02.531  3957  4129 D WifiStateMachine:  L2ConnectedState !RSSI_PKTCNT_FETCH uid=1000 rt=588649113/1644624586 0 0 "ourhome" f4:6d:2f:12:cc:88 rssi=-44 f=5240 sc=60 link=433 tx=43.7, 2.2, 0.0  rx=90.0 bcn=465415 [on:0 tx:0 rx:0 period:4] from screen [on:29380 period:235346] score=60
10-22 15:44:02.534  3957  4129 D WifiStateMachine: fetchRssiLinkSpeedAndFrequencyNative rssi=-44 linkspeed=433 freq=5240
10-22 15:44:02.535  3957  4129 V WifiConfigManager: Updating scan detail cache freq=5240 BSSID=f4:6d:2f:12:cc:88 RSSI=-44 for "ourhome"WPA_PSK
10-22 15:44:02.571 30217 30512 I BatteryMgr:DataCollectionService: stats => 1697982242570,-635,4260,-354,0,100
10-22 15:44:02.686 30217 30512 I BatteryMgr:DataCollectionService: stats => 1697982242686,-635,4260,-354,0,100
10-22 15:44:02.796 30217 30512 I BatteryMgr:DataCollectionService: stats => 1697982242796,-635,4260,-354,0,100
10-22 15:44:02.827  3957  4128 D WifiService: getConnectionInfo uid=1000
10-22 15:44:02.910 30217 30512 I BatteryMgr:DataCollectionService: stats => 1697982242910,-635,4260,-354,0,100
10-22 15:44:02.956  3957  4129 D WifiStateMachine:  ConnectedState !CMD_RSSI_POLL rt=588649538/1644625010 110 0 "ourhome" f4:6d:2f:12:cc:88 rssi=-44 f=5240 sc=60 link=433 tx=43.7, 2.2, 0.0  rx=90.0 bcn=465415 [on:0 tx:0 rx:0 period:423] from screen [on:29380 period:235769] score=60
10-22 15:44:02.958  3957  4129 D WifiStateMachine:  L2ConnectedState !CMD_RSSI_POLL rt=588649541/1644625014 110 0 "ourhome" f4:6d:2f:12:cc:88 rssi=-44 f=5240 sc=60 link=433 tx=43.7, 2.2, 0.0  rx=90.0 bcn=465415 [on:0 tx:0 rx:0 period:3] from screen [on:29380 period:235772] score=60
10-22 15:44:02.958  3957  4129 D WifiStateMachine:  get link layer stats 3
10-22 15:44:02.958  3436  3436 I android.hardware.wifi@1.0-service: getLinkLayerStats
10-22 15:44:02.978  3957  4129 D WifiStateMachine: fetchRssiLinkSpeedAndFrequencyNative rssi=-44 linkspeed=433 freq=5240
10-22 15:44:02.978  3957  4129 V WifiConfigManager: Updating scan detail cache freq=5240 BSSID=f4:6d:2f:12:cc:88 RSSI=-44 for "ourhome"WPA_PSK
10-22 15:44:02.985  4340  4340 E SignalClusterView: setSlotFocusVisible : subId -2
10-22 15:44:02.985  4340  4340 E SignalClusterView: setSlotFocusVisible : subId -2
10-22 15:44:03.023 30217 30512 I BatteryMgr:DataCollectionService: stats => 1697982243023,-635,4260,-354,0,100
10-22 15:44:03.134 30217 30512 I BatteryMgr:DataCollectionService: stats => 1697982243134,-635,4260,-354,0,100
10-22 15:44:03.245 30217 30512 I BatteryMgr:DataCollectionService: stats => 1697982243245,-635,4260,-354,0,100
10-22 15:44:03.361 30217 30512 I BatteryMgr:DataCollectionService: stats => 1697982243360,-635,4260,-354,0,100
10-22 15:44:03.476 30217 30512 I BatteryMgr:DataCollectionService: stats => 1697982243476,-635,4260,-354,0,100
10-22 15:44:03.529  3957  4129 D WifiStateMachine:  ConnectedState !RSSI_PKTCNT_FETCH uid=1000 rt=588650112/1644625585 0 0 "ourhome" f4:6d:2f:12:cc:88 rssi=-44 f=5240 sc=60 link=433 tx=17.8, 0.8, 0.0  rx=37.9 bcn=465441 [on:0 tx:0 rx:0 period:544] from screen [on:30086 period:236343] score=60
10-22 15:44:03.531  3957  4129 D WifiStateMachine:  L2ConnectedState !RSSI_PKTCNT_FETCH uid=1000 rt=588650115/1644625587 0 0 "ourhome" f4:6d:2f:12:cc:88 rssi=-44 f=5240 sc=60 link=433 tx=17.8, 0.8, 0.0  rx=37.9 bcn=465441 [on:0 tx:0 rx:0 period:3] from screen [on:30086 period:236346] score=60
10-22 15:44:03.537  3957  4129 D WifiStateMachine: fetchRssiLinkSpeedAndFrequencyNative rssi=-43 linkspeed=433 freq=5240
10-22 15:44:03.538  3957  4129 V WifiConfigManager: Updating scan detail cache freq=5240 BSSID=f4:6d:2f:12:cc:88 RSSI=-43 for "ourhome"WPA_PSK
10-22 15:44:03.593 30217 30512 I BatteryMgr:DataCollectionService: stats => 1697982243593,-635,4260,-354,0,100
10-22 15:44:03.703  4340  4731 D NetworkController.MobileSignalController(0/-2): onSignalStrengthsChanged signalStrength=SignalStrength: 19 99 -19 -200 -19 -200 -1 99 2147483647 2147483647 2147483647 2147483647 0 2147483647 0x4 P gsm|lte level=4
10-22 15:44:03.703  4340  4731 D NetworkController.MobileSignalController(0/-2): getMobileIconGroup(): 0
10-22 15:44:03.713 30217 30512 I BatteryMgr:DataCollectionService: stats => 1697982243712,-635,4260,-354,0,100
10-22 15:44:03.828 30217 30512 I BatteryMgr:DataCollectionService: stats => 1697982243828,-635,4260,-354,0,100
10-22 15:44:03.830  3957  4128 D WifiService: getConnectionInfo uid=1000
10-22 15:44:03.942 30217 30512 I BatteryMgr:DataCollectionService: stats => 1697982243942,-635,4260,-354,0,100
10-22 15:44:04.051 30217 30512 I BatteryMgr:DataCollectionService: stats => 1697982244051,-635,4260,-354,0,100
10-22 15:44:04.166 30217 30512 I BatteryMgr:DataCollectionService: stats => 1697982244165,-635,4260,-354,0,100
10-22 15:44:04.284 30217 30512 I BatteryMgr:DataCollectionService: stats => 1697982244283,-635,4260,-354,0,100
10-22 15:44:04.397 30217 30512 I BatteryMgr:DataCollectionService: stats => 1697982244396,-635,4260,-354,0,100
10-22 15:44:04.510 30217 30512 I BatteryMgr:DataCollectionService: stats => 1697982244510,-635,4260,-354,0,100
10-22 15:44:04.530  3957  4129 D WifiStateMachine:  ConnectedState !RSSI_PKTCNT_FETCH uid=1000 rt=588651114/1644626587 0 0 "ourhome" f4:6d:2f:12:cc:88 rssi=-43 f=5240 sc=60 link=433 tx=17.8, 0.8, 0.0  rx=37.9 bcn=465441 [on:0 tx:0 rx:0 period:999] from screen [on:30086 period:237345] score=60
10-22 15:44:04.533  3957  4129 D WifiStateMachine:  L2ConnectedState !RSSI_PKTCNT_FETCH uid=1000 rt=588651116/1644626589 0 0 "ourhome" f4:6d:2f:12:cc:88 rssi=-43 f=5240 sc=60 link=433 tx=17.8, 0.8, 0.0  rx=37.9 bcn=465441 [on:0 tx:0 rx:0 period:3] from screen [on:30086 period:237348] score=60
10-22 15:44:04.540  3957  4129 D WifiStateMachine: fetchRssiLinkSpeedAndFrequencyNative rssi=-44 linkspeed=433 freq=5240
10-22 15:44:04.541  3957  4129 V WifiConfigManager: Updating scan detail cache freq=5240 BSSID=f4:6d:2f:12:cc:88 RSSI=-43 for "ourhome"WPA_PSK
10-22 15:44:04.625 30217 30512 I BatteryMgr:DataCollectionService: stats => 1697982244625,-635,4260,-354,0,100
10-22 15:44:04.739 30217 30512 I BatteryMgr:DataCollectionService: stats => 1697982244738,-635,4260,-354,0,100
10-22 15:44:04.833  3957  4128 D WifiService: getConnectionInfo uid=1000
10-22 15:44:04.852 30217 30512 I BatteryMgr:DataCollectionService: stats => 1697982244852,-635,4260,-354,0,100
10-22 15:44:04.966 30217 30512 I BatteryMgr:DataCollectionService: stats => 1697982244966,-635,4260,-354,0,100
10-22 15:44:05.081 30217 30512 I BatteryMgr:DataCollectionService: stats => 1697982245081,-635,4260,-354,0,100
10-22 15:44:05.192 30217 30512 I BatteryMgr:DataCollectionService: stats => 1697982245192,-635,4260,-354,0,100
10-22 15:44:05.304 30217 30512 I BatteryMgr:DataCollectionService: stats => 1697982245304,-635,4260,-354,0,100
10-22 15:44:05.415 30217 30512 I BatteryMgr:DataCollectionService: stats => 1697982245415,-635,4260,-354,0,100
10-22 15:44:05.527 30217 30512 I BatteryMgr:DataCollectionService: stats => 1697982245527,-635,4260,-354,0,100
10-22 15:44:05.531  3957  4129 D WifiStateMachine:  ConnectedState !RSSI_PKTCNT_FETCH uid=1000 rt=588652114/1644627587 0 0 "ourhome" f4:6d:2f:12:cc:88 rssi=-44 f=5240 sc=60 link=433 tx=17.8, 0.8, 0.0  rx=37.9 bcn=465441 [on:0 tx:0 rx:0 period:998] from screen [on:30086 period:238346] score=60
10-22 15:44:05.533  3957  4129 D WifiStateMachine:  L2ConnectedState !RSSI_PKTCNT_FETCH uid=1000 rt=588652117/1644627589 0 0 "ourhome" f4:6d:2f:12:cc:88 rssi=-44 f=5240 sc=60 link=433 tx=17.8, 0.8, 0.0  rx=37.9 bcn=465441 [on:0 tx:0 rx:0 period:2] from screen [on:30086 period:238348] score=60
10-22 15:44:05.540  3957  4129 D WifiStateMachine: fetchRssiLinkSpeedAndFrequencyNative rssi=-43 linkspeed=433 freq=5240
10-22 15:44:05.540  3957  4129 V WifiConfigManager: Updating scan detail cache freq=5240 BSSID=f4:6d:2f:12:cc:88 RSSI=-43 for "ourhome"WPA_PSK
10-22 15:44:05.637 30217 30512 I BatteryMgr:DataCollectionService: stats => 1697982245637,-635,4260,-354,0,100
10-22 15:44:05.751 30217 30512 I BatteryMgr:DataCollectionService: stats => 1697982245751,-635,4260,-354,0,100
10-22 15:44:05.835  3957  4128 D WifiService: getConnectionInfo uid=1000
10-22 15:44:05.838  2479  2548 D ScanRecord: Not a Multi Manu data
10-22 15:44:05.856  2479  2548 I chatty  : uid=1002(bluetooth) BT Service Call identical 24 lines
10-22 15:44:05.857  2479  2548 D ScanRecord: Not a Multi Manu data
10-22 15:44:05.864 30217 30512 I BatteryMgr:DataCollectionService: stats => 1697982245864,-635,4260,-354,0,100
10-22 15:44:05.865  2479  2548 D ScanRecord: Not a Multi Manu data
10-22 15:44:05.973  2479  2548 I chatty  : uid=1002(bluetooth) BT Service Call identical 89 lines
10-22 15:44:05.976  2479  2548 D ScanRecord: Not a Multi Manu data
10-22 15:44:05.976 30217 30512 I BatteryMgr:DataCollectionService: stats => 1697982245976,-635,4260,-354,0,100
10-22 15:44:05.983  3957  4129 D WifiStateMachine:  ConnectedState !CMD_RSSI_POLL rt=588652566/1644628039 110 0 "ourhome" f4:6d:2f:12:cc:88 rssi=-43 f=5240 sc=60 link=433 tx=17.8, 0.8, 0.0  rx=37.9 bcn=465441 [on:0 tx:0 rx:0 period:449] from screen [on:30086 period:238797] score=60
10-22 15:44:05.987  3957  4129 D WifiStateMachine:  L2ConnectedState !CMD_RSSI_POLL rt=588652568/1644628041 110 0 "ourhome" f4:6d:2f:12:cc:88 rssi=-43 f=5240 sc=60 link=433 tx=17.8, 0.8, 0.0  rx=37.9 bcn=465441 [on:0 tx:0 rx:0 period:4] from screen [on:30086 period:238801] score=60
10-22 15:44:05.988  3957  4129 D WifiStateMachine:  get link layer stats 3
10-22 15:44:05.988  3436  3436 I android.hardware.wifi@1.0-service: getLinkLayerStats
10-22 15:44:05.989  2479  2548 D ScanRecord: Not a Multi Manu data
10-22 15:44:05.989  2479  2548 I chatty  : uid=1002(bluetooth) BT Service Call identical 11 lines
10-22 15:44:05.989  2479  2548 D ScanRecord: Not a Multi Manu data
10-22 15:44:05.992  3957  4129 D WifiStateMachine: fetchRssiLinkSpeedAndFrequencyNative rssi=-43 linkspeed=433 freq=5240
10-22 15:44:05.993  3957  4129 V WifiConfigManager: Updating scan detail cache freq=5240 BSSID=f4:6d:2f:12:cc:88 RSSI=-43 for "ourhome"WPA_PSK
10-22 15:44:05.997  4340  4340 E SignalClusterView: setSlotFocusVisible : subId -2
10-22 15:44:05.997  4340  4340 E SignalClusterView: setSlotFocusVisible : subId -2
10-22 15:44:06.028  2479  2548 D ScanRecord: Not a Multi Manu data
10-22 15:44:06.054  2479  2548 I chatty  : uid=1002(bluetooth) BT Service Call identical 24 lines
10-22 15:44:06.054  2479  2548 D ScanRecord: Not a Multi Manu data
10-22 15:44:06.087 30217 30512 I BatteryMgr:DataCollectionService: stats => 1697982246087,-635,4260,-354,0,100
10-22 15:44:06.098  2479  2548 D ScanRecord: Not a Multi Manu data
10-22 15:44:06.169  2479  2548 I chatty  : uid=1002(bluetooth) BT Service Call identical 115 lines
10-22 15:44:06.169  2479  2548 D ScanRecord: Not a Multi Manu data
10-22 15:44:06.200 30217 30512 I BatteryMgr:DataCollectionService: stats => 1697982246200,-635,4260,-354,0,100
10-22 15:44:06.228  2479  2548 D ScanRecord: Not a Multi Manu data
10-22 15:44:06.309  2479  2548 I chatty  : uid=1002(bluetooth) BT Service Call identical 128 lines
10-22 15:44:06.309  2479  2548 D ScanRecord: Not a Multi Manu data
10-22 15:44:06.312 30217 30512 I BatteryMgr:DataCollectionService: stats => 1697982246312,-635,4260,-354,0,100
10-22 15:44:06.312  2479  2548 D ScanRecord: Not a Multi Manu data
10-22 15:44:06.328  2479  2548 I chatty  : uid=1002(bluetooth) BT Service Call identical 37 lines
10-22 15:44:06.328  2479  2548 D ScanRecord: Not a Multi Manu data
10-22 15:44:06.426 30217 30512 I BatteryMgr:DataCollectionService: stats => 1697982246426,-635,4260,-354,0,100
10-22 15:44:06.532  3957  4129 D WifiStateMachine:  ConnectedState !RSSI_PKTCNT_FETCH uid=1000 rt=588653116/1644628588 0 0 "ourhome" f4:6d:2f:12:cc:88 rssi=-43 f=5240 sc=60 link=433 tx=6.5, 0.3, 0.0  rx=13.8 bcn=465467 [on:0 tx:0 rx:0 period:536] from screen [on:30170 period:239347] score=60
10-22 15:44:06.536  3957  4129 D WifiStateMachine:  L2ConnectedState !RSSI_PKTCNT_FETCH uid=1000 rt=588653118/1644628591 0 0 "ourhome" f4:6d:2f:12:cc:88 rssi=-43 f=5240 sc=60 link=433 tx=6.5, 0.3, 0.0  rx=13.8 bcn=465467 [on:0 tx:0 rx:0 period:3] from screen [on:30170 period:239350] score=60
10-22 15:44:06.540 30217 30512 I BatteryMgr:DataCollectionService: stats => 1697982246540,-635,4260,-354,0,100
10-22 15:44:06.543  3957  4129 D WifiStateMachine: fetchRssiLinkSpeedAndFrequencyNative rssi=-44 linkspeed=433 freq=5240
10-22 15:44:06.543  3957  4129 V WifiConfigManager: Updating scan detail cache freq=5240 BSSID=f4:6d:2f:12:cc:88 RSSI=-43 for "ourhome"WPA_PSK
10-22 15:44:06.657 30217 30512 I BatteryMgr:DataCollectionService: stats => 1697982246656,-635,4260,-354,0,100
10-22 15:44:06.769 30217 30512 I BatteryMgr:DataCollectionService: stats => 1697982246769,-635,4260,-354,0,100
10-22 15:44:06.839  3957  4128 D WifiService: getConnectionInfo uid=1000
10-22 15:44:06.884  4961  4961 D io_stats: !@ 179,0 r 9177802 299151892 w 2063464 40682784 d 165056 36518364 f 624840 649558 iot 4218692 3646931 th 51200 0 0 pt 0 inp 0 0 588653.469
10-22 15:44:06.884 30217 30512 I BatteryMgr:DataCollectionService: stats => 1697982246883,-635,4260,-354,0,100
10-22 15:44:07.002 30217 30512 I BatteryMgr:DataCollectionService: stats => 1697982247002,-635,4260,-354,0,100
10-22 15:44:07.019  3957  4030 D SensorService: [SO] 0.220 -0.134 9.955
10-22 15:44:07.116 30217 30512 I BatteryMgr:DataCollectionService: stats => 1697982247116,-635,4260,-354,0,100
10-22 15:44:07.227 30217 30512 I BatteryMgr:DataCollectionService: stats => 1697982247227,-635,4260,-354,0,100
10-22 15:44:07.341 30217 30512 I BatteryMgr:DataCollectionService: stats => 1697982247341,-635,4260,-354,0,100
10-22 15:44:07.462 30217 30512 I BatteryMgr:DataCollectionService: stats => 1697982247462,-635,4260,-354,0,100
10-22 15:44:07.532  3957  4129 D WifiStateMachine:  ConnectedState !RSSI_PKTCNT_FETCH uid=1000 rt=588654116/1644629589 0 0 "ourhome" f4:6d:2f:12:cc:88 rssi=-44 f=5240 sc=60 link=433 tx=6.5, 0.3, 0.0  rx=13.8 bcn=465467 [on:0 tx:0 rx:0 period:997] from screen [on:30170 period:240347] score=60
10-22 15:44:07.537  3957  4129 D WifiStateMachine:  L2ConnectedState !RSSI_PKTCNT_FETCH uid=1000 rt=588654118/1644629591 0 0 "ourhome" f4:6d:2f:12:cc:88 rssi=-44 f=5240 sc=60 link=433 tx=6.5, 0.3, 0.0  rx=13.8 bcn=465467 [on:0 tx:0 rx:0 period:4] from screen [on:30170 period:240351] score=60
10-22 15:44:07.540  3957  4129 D WifiStateMachine: fetchRssiLinkSpeedAndFrequencyNative rssi=-45 linkspeed=433 freq=5240
10-22 15:44:07.540  3957  4129 V WifiConfigManager: Updating scan detail cache freq=5240 BSSID=f4:6d:2f:12:cc:88 RSSI=-44 for "ourhome"WPA_PSK
10-22 15:44:07.573 30217 30512 I BatteryMgr:DataCollectionService: stats => 1697982247573,-635,4260,-354,0,100
10-22 15:44:07.691 30217 30512 I BatteryMgr:DataCollectionService: stats => 1697982247691,-635,4260,-354,0,100
10-22 15:44:07.807 30217 30512 I BatteryMgr:DataCollectionService: stats => 1697982247806,-635,4260,-354,0,100
10-22 15:44:07.841  3957  4128 D WifiService: getConnectionInfo uid=1000
10-22 15:44:07.900  3957  6478 D SSRM:k  : SIOP:: AP = 380, PST = 349 (W:10), BAT = 315, USB = 0, CHG = 0
10-22 15:44:07.921 30217 30512 I BatteryMgr:DataCollectionService: stats => 1697982247921,-635,4260,-354,0,100
10-22 15:44:08.032 30217 30512 I BatteryMgr:DataCollectionService: stats => 1697982248032,-635,4260,-354,0,100
10-22 15:44:08.145 30217 30512 I BatteryMgr:DataCollectionService: stats => 1697982248145,-635,4260,-354,0,100
10-22 15:44:08.257 30217 30512 I BatteryMgr:DataCollectionService: stats => 1697982248257,-635,4260,-354,0,100
10-22 15:44:08.372 30217 30512 I BatteryMgr:DataCollectionService: stats => 1697982248372,-635,4260,-354,0,100
10-22 15:44:08.487 30217 30512 I BatteryMgr:DataCollectionService: stats => 1697982248487,-635,4260,-354,0,100
10-22 15:44:08.535  3957  4129 D WifiStateMachine:  ConnectedState !RSSI_PKTCNT_FETCH uid=1000 rt=588655118/1644630591 0 0 "ourhome" f4:6d:2f:12:cc:88 rssi=-45 f=5240 sc=60 link=433 tx=6.5, 0.3, 0.0  rx=13.8 bcn=465467 [on:0 tx:0 rx:0 period:998] from screen [on:30170 period:241349] score=60
10-22 15:44:08.538  3957  4129 D WifiStateMachine:  L2ConnectedState !RSSI_PKTCNT_FETCH uid=1000 rt=588655121/1644630593 0 0 "ourhome" f4:6d:2f:12:cc:88 rssi=-45 f=5240 sc=60 link=433 tx=6.5, 0.3, 0.0  rx=13.8 bcn=465467 [on:0 tx:0 rx:0 period:3] from screen [on:30170 period:241352] score=60
10-22 15:44:08.547  3957  4129 D WifiStateMachine: fetchRssiLinkSpeedAndFrequencyNative rssi=-44 linkspeed=433 freq=5240
10-22 15:44:08.547  3957  4129 V WifiConfigManager: Updating scan detail cache freq=5240 BSSID=f4:6d:2f:12:cc:88 RSSI=-44 for "ourhome"WPA_PSK
10-22 15:44:08.598 30217 30512 I BatteryMgr:DataCollectionService: stats => 1697982248598,-635,4260,-354,0,100
10-22 15:44:08.711 30217 30512 I BatteryMgr:DataCollectionService: stats => 1697982248711,-635,4260,-354,0,100
10-22 15:44:08.825 30217 30512 I BatteryMgr:DataCollectionService: stats => 1697982248825,-635,4260,-354,0,100
10-22 15:44:08.843  3957  4128 D WifiService: getConnectionInfo uid=1000
10-22 15:44:08.940 30217 30512 I BatteryMgr:DataCollectionService: stats => 1697982248940,-635,4260,-354,0,100
10-22 15:44:08.996  3957  4129 D WifiStateMachine:  ConnectedState !CMD_RSSI_POLL rt=588655580/1644631052 110 0 "ourhome" f4:6d:2f:12:cc:88 rssi=-44 f=5240 sc=60 link=433 tx=6.5, 0.3, 0.0  rx=13.8 bcn=465467 [on:0 tx:0 rx:0 period:459] from screen [on:30170 period:241811] score=60
10-22 15:44:08.998  3957  4129 D WifiStateMachine:  L2ConnectedState !CMD_RSSI_POLL rt=588655582/1644631054 110 0 "ourhome" f4:6d:2f:12:cc:88 rssi=-44 f=5240 sc=60 link=433 tx=6.5, 0.3, 0.0  rx=13.8 bcn=465467 [on:0 tx:0 rx:0 period:2] from screen [on:30170 period:241813] score=60
10-22 15:44:08.998  3957  4129 D WifiStateMachine:  get link layer stats 3
10-22 15:44:08.999  3436  3436 I android.hardware.wifi@1.0-service: getLinkLayerStats
10-22 15:44:09.017  3957  4129 D WifiStateMachine: fetchRssiLinkSpeedAndFrequencyNative rssi=-44 linkspeed=433 freq=5240
10-22 15:44:09.017  3957  4129 V WifiConfigManager: Updating scan detail cache freq=5240 BSSID=f4:6d:2f:12:cc:88 RSSI=-44 for "ourhome"WPA_PSK
10-22 15:44:09.024  4340  4340 E SignalClusterView: setSlotFocusVisible : subId -2
10-22 15:44:09.024  4340  4340 E SignalClusterView: setSlotFocusVisible : subId -2
10-22 15:44:09.049 30217 30512 I BatteryMgr:DataCollectionService: stats => 1697982249049,-635,4260,-354,0,100
10-22 15:44:09.162 30217 30512 I BatteryMgr:DataCollectionService: stats => 1697982249162,-635,4260,-354,0,100
10-22 15:44:09.276 30217 30512 I BatteryMgr:DataCollectionService: stats => 1697982249276,-635,4260,-354,0,100
10-22 15:44:09.390 30217 30512 I BatteryMgr:DataCollectionService: stats => 1697982249390,-635,4260,-354,0,100
10-22 15:44:09.501 30217 30512 I BatteryMgr:DataCollectionService: stats => 1697982249501,-635,4260,-354,0,100
10-22 15:44:09.535  3957  4129 D WifiStateMachine:  ConnectedState !RSSI_PKTCNT_FETCH uid=1000 rt=588656119/1644631592 0 0 "ourhome" f4:6d:2f:12:cc:88 rssi=-44 f=5240 sc=60 link=433 tx=2.4, 0.1, 0.0  rx=7.0 bcn=465496 [on:0 tx:0 rx:0 period:513] from screen [on:30359 period:242350] score=60
10-22 15:44:09.540  3957  4129 D WifiStateMachine:  L2ConnectedState !RSSI_PKTCNT_FETCH uid=1000 rt=588656121/1644631594 0 0 "ourhome" f4:6d:2f:12:cc:88 rssi=-44 f=5240 sc=60 link=433 tx=2.4, 0.1, 0.0  rx=7.0 bcn=465496 [on:0 tx:0 rx:0 period:4] from screen [on:30359 period:242354] score=60
10-22 15:44:09.546  3957  4129 D WifiStateMachine: fetchRssiLinkSpeedAndFrequencyNative rssi=-45 linkspeed=433 freq=5240
10-22 15:44:09.547  3957  4129 V WifiConfigManager: Updating scan detail cache freq=5240 BSSID=f4:6d:2f:12:cc:88 RSSI=-44 for "ourhome"WPA_PSK
10-22 15:44:09.614 30217 30512 I BatteryMgr:DataCollectionService: stats => 1697982249613,-635,4260,-354,0,100
10-22 15:44:09.726 30217 30512 I BatteryMgr:DataCollectionService: stats => 1697982249726,-635,4260,-354,0,100
10-22 15:44:09.838 30217 30512 I BatteryMgr:DataCollectionService: stats => 1697982249837,-635,4260,-354,0,100
10-22 15:44:09.845  3957  4128 D WifiService: getConnectionInfo uid=1000
10-22 15:44:09.951 30217 30512 I BatteryMgr:DataCollectionService: stats => 1697982249951,-635,4260,-354,0,100
10-22 15:44:10.063 30217 30512 I BatteryMgr:DataCollectionService: stats => 1697982250063,-635,4260,-354,0,100
10-22 15:44:10.186 30217 30512 I BatteryMgr:DataCollectionService: stats => 1697982250185,-635,4260,-354,0,100
10-22 15:44:10.298 30217 30512 I BatteryMgr:DataCollectionService: stats => 1697982250298,-635,4260,-354,0,100
10-22 15:44:10.412 30217 30512 I BatteryMgr:DataCollectionService: stats => 1697982250411,-635,4260,-354,0,100
10-22 15:44:10.521 30217 30512 I BatteryMgr:DataCollectionService: stats => 1697982250521,-635,4260,-354,0,100
10-22 15:44:10.536  3957  4129 D WifiStateMachine:  ConnectedState !RSSI_PKTCNT_FETCH uid=1000 rt=588657120/1644632593 0 0 "ourhome" f4:6d:2f:12:cc:88 rssi=-45 f=5240 sc=60 link=433 tx=2.4, 0.1, 0.0  rx=7.0 bcn=465496 [on:0 tx:0 rx:0 period:997] from screen [on:30359 period:243351] score=60
10-22 15:44:10.540  3957  4129 D WifiStateMachine:  L2ConnectedState !RSSI_PKTCNT_FETCH uid=1000 rt=588657122/1644632595 0 0 "ourhome" f4:6d:2f:12:cc:88 rssi=-45 f=5240 sc=60 link=433 tx=2.4, 0.1, 0.0  rx=7.0 bcn=465496 [on:0 tx:0 rx:0 period:3] from screen [on:30359 period:243354] score=60
10-22 15:44:10.542  3957  4129 D WifiStateMachine: fetchRssiLinkSpeedAndFrequencyNative rssi=-45 linkspeed=433 freq=5240
10-22 15:44:10.542  3957  4129 V WifiConfigManager: Updating scan detail cache freq=5240 BSSID=f4:6d:2f:12:cc:88 RSSI=-44 for "ourhome"WPA_PSK
10-22 15:44:10.633 30217 30512 I BatteryMgr:DataCollectionService: stats => 1697982250633,-635,4260,-354,0,100
10-22 15:44:10.751 30217 30512 I BatteryMgr:DataCollectionService: stats => 1697982250751,-635,4260,-354,0,100
10-22 15:44:10.844  2479  2548 D ScanRecord: Not a Multi Manu data
10-22 15:44:10.845  2479  2548 I chatty  : uid=1002(bluetooth) BT Service Call identical 11 lines
10-22 15:44:10.845  2479  2548 D ScanRecord: Not a Multi Manu data
10-22 15:44:10.848  3957  4128 D WifiService: getConnectionInfo uid=1000
10-22 15:44:10.858  2479  2548 D ScanRecord: Not a Multi Manu data
10-22 15:44:10.867  2479  2548 I chatty  : uid=1002(bluetooth) BT Service Call identical 24 lines
10-22 15:44:10.867  2479  2548 D ScanRecord: Not a Multi Manu data
10-22 15:44:10.872 30217 30512 I BatteryMgr:DataCollectionService: stats => 1697982250872,-635,4260,-354,0,100
10-22 15:44:10.887  2479  2548 D ScanRecord: Not a Multi Manu data
10-22 15:44:10.940  2479  2548 I chatty  : uid=1002(bluetooth) BT Service Call identical 89 lines
10-22 15:44:10.940  2479  2548 D ScanRecord: Not a Multi Manu data
10-22 15:44:10.946  2479  2492 I zygote64: Background concurrent copying GC freed 48290(1440KB) AllocSpace objects, 0(0B) LOS objects, 69% free, 676KB/2MB, paused 10.302ms total 79.579ms
10-22 15:44:10.971  2479  2548 D ScanRecord: Not a Multi Manu data
10-22 15:44:10.977  2479  2548 I chatty  : uid=1002(bluetooth) BT Service Call identical 37 lines
10-22 15:44:10.977  2479  2548 D ScanRecord: Not a Multi Manu data
10-22 15:44:10.979 30217 30512 I BatteryMgr:DataCollectionService: stats => 1697982250979,-635,4260,-354,0,100
10-22 15:44:10.990  2479  2548 D ScanRecord: Not a Multi Manu data
10-22 15:44:11.070  2479  2548 I chatty  : uid=1002(bluetooth) BT Service Call identical 115 lines
10-22 15:44:11.070  2479  2548 D ScanRecord: Not a Multi Manu data
10-22 15:44:11.089 30217 30512 I BatteryMgr:DataCollectionService: stats => 1697982251088,-635,4260,-354,0,100
10-22 15:44:11.092  2479  2548 D ScanRecord: Not a Multi Manu data
10-22 15:44:11.178  2479  2548 I chatty  : uid=1002(bluetooth) BT Service Call identical 128 lines
10-22 15:44:11.178  2479  2548 D ScanRecord: Not a Multi Manu data
10-22 15:44:11.198  2479  2548 D ScanRecord: same manuId data exists, combine both data and store
10-22 15:44:11.199  2479  2548 D ScanRecord: It's a Multi Manu data
10-22 15:44:11.199  2479  2548 I chatty  : uid=1002(bluetooth) BT Service Call identical 9 lines
10-22 15:44:11.199  2479  2548 D ScanRecord: It's a Multi Manu data
10-22 15:44:11.199  2479  2548 D ScanRecord: same manuId data exists, combine both data and store
10-22 15:44:11.199  2479  2548 D ScanRecord: same manuId data exists, combine both data and store
10-22 15:44:11.199  2479  2548 D ScanRecord: It's a Multi Manu data
10-22 15:44:11.199  2479  2548 D ScanFilter: manu data matches
10-22 15:44:11.199  2479  2548 D BtGatt.GattService: onScanResult to scannerId: 6- event_type=0x1b, address_type=1, address=95:B, primary_phy=1, secondary_phy=0, advertising_sid=0xff, tx_power=127, rssi=-91, periodic_adv_int=0x0
10-22 15:44:11.200 23612 28242 D ScanRecord: same manuId data exists, combine both data and store
10-22 15:44:11.204  2479  2548 D ScanRecord: Not a Multi Manu data
10-22 15:44:11.205  2479  2548 I chatty  : uid=1002(bluetooth) BT Service Call identical 11 lines
10-22 15:44:11.205  2479  2548 D ScanRecord: Not a Multi Manu data
10-22 15:44:11.206 30217 30512 I BatteryMgr:DataCollectionService: stats => 1697982251206,-635,4260,-354,0,100
10-22 15:44:11.209  2479  2548 D ScanRecord: Not a Multi Manu data
10-22 15:44:11.317  2479  2548 I chatty  : uid=1002(bluetooth) BT Service Call identical 128 lines
10-22 15:44:11.318  2479  2548 D ScanRecord: Not a Multi Manu data
10-22 15:44:11.318 30217 30512 I BatteryMgr:DataCollectionService: stats => 1697982251318,-635,4260,-354,0,100
10-22 15:44:11.321  2479  2548 D ScanRecord: Not a Multi Manu data
10-22 15:44:11.321  2479  2548 I chatty  : uid=1002(bluetooth) BT Service Call identical 11 lines
10-22 15:44:11.321  2479  2548 D ScanRecord: Not a Multi Manu data
10-22 15:44:11.430 30217 30512 I BatteryMgr:DataCollectionService: stats => 1697982251430,-635,4260,-354,0,100
10-22 15:44:11.539  3957  4129 D WifiStateMachine:  ConnectedState !RSSI_PKTCNT_FETCH uid=1000 rt=588658122/1644633595 0 0 "ourhome" f4:6d:2f:12:cc:88 rssi=-45 f=5240 sc=60 link=433 tx=2.4, 0.1, 0.0  rx=7.0 bcn=465496 [on:0 tx:0 rx:0 period:1000] from screen [on:30359 period:244354] score=60
10-22 15:44:11.541  3957  4129 D WifiStateMachine:  L2ConnectedState !RSSI_PKTCNT_FETCH uid=1000 rt=588658125/1644633598 0 0 "ourhome" f4:6d:2f:12:cc:88 rssi=-45 f=5240 sc=60 link=433 tx=2.4, 0.1, 0.0  rx=7.0 bcn=465496 [on:0 tx:0 rx:0 period:2] from screen [on:30359 period:244356] score=60
10-22 15:44:11.541 30217 30512 I BatteryMgr:DataCollectionService: stats => 1697982251541,-635,4260,-354,0,100
10-22 15:44:11.544  3957  4129 D WifiStateMachine: fetchRssiLinkSpeedAndFrequencyNative rssi=-44 linkspeed=433 freq=5240
10-22 15:44:11.545  3957  4129 V WifiConfigManager: Updating scan detail cache freq=5240 BSSID=f4:6d:2f:12:cc:88 RSSI=-44 for "ourhome"WPA_PSK
10-22 15:44:11.650 30217 30512 I BatteryMgr:DataCollectionService: stats => 1697982251650,-635,4260,-354,0,100
10-22 15:44:11.762 30217 30512 I BatteryMgr:DataCollectionService: stats => 1697982251762,-635,4260,-354,0,100
10-22 15:44:11.850  3957  4128 D WifiService: getConnectionInfo uid=1000
10-22 15:44:11.872 30217 30512 I BatteryMgr:DataCollectionService: stats => 1697982251872,-635,4260,-354,0,100
10-22 15:44:11.887  4961  4961 D io_stats: !@ 179,0 r 9177899 299154588 w 2063475 40682960 d 165056 36518364 f 624841 649559 iot 4218728 3646970 th 51200 0 0 pt 0 inp 0 0 588658.471
10-22 15:44:11.988 30217 30512 I BatteryMgr:DataCollectionService: stats => 1697982251988,-635,4260,-354,0,100
10-22 15:44:12.021  3957  4129 D WifiStateMachine:  ConnectedState !CMD_RSSI_POLL rt=588658604/1644634077 110 0 "ourhome" f4:6d:2f:12:cc:88 rssi=-44 f=5240 sc=60 link=433 tx=2.4, 0.1, 0.0  rx=7.0 bcn=465496 [on:0 tx:0 rx:0 period:480] from screen [on:30359 period:244836] score=60
10-22 15:44:12.024  3957  4129 D WifiStateMachine:  L2ConnectedState !CMD_RSSI_POLL rt=588658607/1644634079 110 0 "ourhome" f4:6d:2f:12:cc:88 rssi=-44 f=5240 sc=60 link=433 tx=2.4, 0.1, 0.0  rx=7.0 bcn=465496 [on:0 tx:0 rx:0 period:3] from screen [on:30359 period:244839] score=60
10-22 15:44:12.024  3957  4129 D WifiStateMachine:  get link layer stats 3
10-22 15:44:12.024  3436  3436 I android.hardware.wifi@1.0-service: getLinkLayerStats
10-22 15:44:12.044  3957  4129 D WifiStateMachine: fetchRssiLinkSpeedAndFrequencyNative rssi=-45 linkspeed=433 freq=5240
10-22 15:44:12.044  3957  4129 V WifiConfigManager: Updating scan detail cache freq=5240 BSSID=f4:6d:2f:12:cc:88 RSSI=-44 for "ourhome"WPA_PSK
10-22 15:44:12.050  4340  4340 E SignalClusterView: setSlotFocusVisible : subId -2
10-22 15:44:12.050  4340  4340 E SignalClusterView: setSlotFocusVisible : subId -2
10-22 15:44:12.101 30217 30512 I BatteryMgr:DataCollectionService: stats => 1697982252101,-635,4260,-354,0,100
10-22 15:44:12.189  3957  4416 E Watchdog: !@Sync 19614 [2023-10-22 15:44:12.188]
10-22 15:44:12.213 30217 30512 I BatteryMgr:DataCollectionService: stats => 1697982252213,-635,4260,-354,0,100
10-22 15:44:12.326 30217 30512 I BatteryMgr:DataCollectionService: stats => 1697982252326,-635,4260,-354,0,100
10-22 15:44:12.435 30217 30512 I BatteryMgr:DataCollectionService: stats => 1697982252435,-635,4260,-354,0,100
10-22 15:44:12.540  3957  4129 D WifiStateMachine:  ConnectedState !RSSI_PKTCNT_FETCH uid=1000 rt=588659124/1644634596 0 0 "ourhome" f4:6d:2f:12:cc:88 rssi=-45 f=5240 sc=60 link=433 tx=2.8, 0.0, 0.0  rx=5.1 bcn=465521 [on:0 tx:0 rx:0 period:490] from screen [on:31010 period:245354] score=60
10-22 15:44:12.541  3957  4129 D WifiStateMachine:  L2ConnectedState !RSSI_PKTCNT_FETCH uid=1000 rt=588659125/1644634598 0 0 "ourhome" f4:6d:2f:12:cc:88 rssi=-45 f=5240 sc=60 link=433 tx=2.8, 0.0, 0.0  rx=5.1 bcn=465521 [on:0 tx:0 rx:0 period:2] from screen [on:31010 period:245356] score=60
10-22 15:44:12.542 30217 30512 I BatteryMgr:DataCollectionService: stats => 1697982252542,-635,4260,-354,0,100
10-22 15:44:12.547  3957  4129 D WifiStateMachine: fetchRssiLinkSpeedAndFrequencyNative rssi=-45 linkspeed=433 freq=5240
10-22 15:44:12.547  3957  4129 V WifiConfigManager: Updating scan detail cache freq=5240 BSSID=f4:6d:2f:12:cc:88 RSSI=-44 for "ourhome"WPA_PSK
10-22 15:44:12.656 30217 30512 I BatteryMgr:DataCollectionService: stats => 1697982252656,-635,4260,-354,0,100
10-22 15:44:12.771 30217 30512 I BatteryMgr:DataCollectionService: stats => 1697982252771,-635,4260,-354,0,100
10-22 15:44:12.853  3957  4128 D WifiService: getConnectionInfo uid=1000
10-22 15:44:12.883 30217 30512 I BatteryMgr:DataCollectionService: stats => 1697982252883,-635,4260,-354,0,100
10-22 15:44:12.995 30217 30512 I BatteryMgr:DataCollectionService: stats => 1697982252995,-635,4260,-354,0,100
10-22 15:44:13.106 30217 30512 I BatteryMgr:DataCollectionService: stats => 1697982253106,-635,4260,-354,0,100
10-22 15:44:13.216 30217 30512 I BatteryMgr:DataCollectionService: stats => 1697982253216,-635,4260,-354,0,100
10-22 15:44:13.330 30217 30512 I BatteryMgr:DataCollectionService: stats => 1697982253330,-635,4260,-354,0,100
10-22 15:44:13.444 30217 30512 I BatteryMgr:DataCollectionService: stats => 1697982253444,-635,4260,-354,0,100
10-22 15:44:13.542  3957  4129 D WifiStateMachine:  ConnectedState !RSSI_PKTCNT_FETCH uid=1000 rt=588660126/1644635598 0 0 "ourhome" f4:6d:2f:12:cc:88 rssi=-45 f=5240 sc=60 link=433 tx=2.8, 0.0, 0.0  rx=5.1 bcn=465521 [on:0 tx:0 rx:0 period:1000] from screen [on:31010 period:246356] score=60
10-22 15:44:13.546  3957  4129 D WifiStateMachine:  L2ConnectedState !RSSI_PKTCNT_FETCH uid=1000 rt=588660129/1644635602 0 0 "ourhome" f4:6d:2f:12:cc:88 rssi=-45 f=5240 sc=60 link=433 tx=2.8, 0.0, 0.0  rx=5.1 bcn=465521 [on:0 tx:0 rx:0 period:4] from screen [on:31010 period:246360] score=60
10-22 15:44:13.553  3957  4129 D WifiStateMachine: fetchRssiLinkSpeedAndFrequencyNative rssi=-44 linkspeed=433 freq=5240
10-22 15:44:13.553  3957  4129 V WifiConfigManager: Updating scan detail cache freq=5240 BSSID=f4:6d:2f:12:cc:88 RSSI=-44 for "ourhome"WPA_PSK
10-22 15:44:13.560 30217 30512 I BatteryMgr:DataCollectionService: stats => 1697982253560,-635,4260,-354,0,100
10-22 15:44:13.673 30217 30512 I BatteryMgr:DataCollectionService: stats => 1697982253673,-635,4260,-354,0,100
10-22 15:44:13.786 30217 30512 I BatteryMgr:DataCollectionService: stats => 1697982253786,-635,4260,-354,0,100
10-22 15:44:13.855  3957  4128 D WifiService: getConnectionInfo uid=1000
10-22 15:44:13.899 30217 30512 I BatteryMgr:DataCollectionService: stats => 1697982253899,-635,4260,-354,0,100
10-22 15:44:14.010 30217 30512 I BatteryMgr:DataCollectionService: stats => 1697982254010,-635,4260,-354,0,100
10-22 15:44:14.119 30217 30222 I zygote64: Do partial code cache collection, code=61KB, data=46KB
10-22 15:44:14.122 30217 30222 I zygote64: After code cache collection, code=61KB, data=46KB
10-22 15:44:14.122 30217 30222 I zygote64: Increasing code cache capacity to 256KB
10-22 15:44:14.125 30217 30512 I BatteryMgr:DataCollectionService: stats => 1697982254125,-635,4260,-354,0,100
10-22 15:44:14.238 30217 30512 I BatteryMgr:DataCollectionService: stats => 1697982254237,-635,4260,-354,0,100
10-22 15:44:14.351 30217 30512 I BatteryMgr:DataCollectionService: stats => 1697982254351,-635,4260,-354,0,100
10-22 15:44:14.462 30217 30512 I BatteryMgr:DataCollectionService: stats => 1697982254462,-635,4260,-354,0,100
10-22 15:44:14.546  3957  4129 D WifiStateMachine:  ConnectedState !RSSI_PKTCNT_FETCH uid=1000 rt=588661128/1644636600 0 0 "ourhome" f4:6d:2f:12:cc:88 rssi=-44 f=5240 sc=60 link=433 tx=2.8, 0.0, 0.0  rx=5.1 bcn=465521 [on:0 tx:0 rx:0 period:1000] from screen [on:31010 period:247360] score=60
10-22 15:44:14.547  3957  4129 D WifiStateMachine:  L2ConnectedState !RSSI_PKTCNT_FETCH uid=1000 rt=588661132/1644636604 0 0 "ourhome" f4:6d:2f:12:cc:88 rssi=-44 f=5240 sc=60 link=433 tx=2.8, 0.0, 0.0  rx=5.1 bcn=465521 [on:0 tx:0 rx:0 period:2] from screen [on:31010 period:247362] score=60
10-22 15:44:14.554  3957  4129 D WifiStateMachine: fetchRssiLinkSpeedAndFrequencyNative rssi=-45 linkspeed=433 freq=5240
10-22 15:44:14.554  3957  4129 V WifiConfigManager: Updating scan detail cache freq=5240 BSSID=f4:6d:2f:12:cc:88 RSSI=-44 for "ourhome"WPA_PSK
10-22 15:44:14.571 30217 30512 I BatteryMgr:DataCollectionService: stats => 1697982254571,-635,4260,-354,0,100
10-22 15:44:14.681 30217 30512 I BatteryMgr:DataCollectionService: stats => 1697982254681,-635,4260,-354,0,100
10-22 15:44:14.793 30217 30512 I BatteryMgr:DataCollectionService: stats => 1697982254792,-635,4260,-354,0,100
10-22 15:44:14.857  3957  4128 D WifiService: getConnectionInfo uid=1000
10-22 15:44:14.900 30217 30512 I BatteryMgr:DataCollectionService: stats => 1697982254900,-635,4260,-354,0,100
10-22 15:44:15.011 30217 30512 I BatteryMgr:DataCollectionService: stats => 1697982255011,-635,4260,-354,0,100
10-22 15:44:15.048  3957  4129 D WifiStateMachine:  ConnectedState !CMD_RSSI_POLL rt=588661632/1644637104 110 0 "ourhome" f4:6d:2f:12:cc:88 rssi=-45 f=5240 sc=60 link=433 tx=2.8, 0.0, 0.0  rx=5.1 bcn=465521 [on:0 tx:0 rx:0 period:500] from screen [on:31010 period:247862] score=60
10-22 15:44:15.049  3957  4129 D WifiStateMachine:  L2ConnectedState !CMD_RSSI_POLL rt=588661633/1644637106 110 0 "ourhome" f4:6d:2f:12:cc:88 rssi=-45 f=5240 sc=60 link=433 tx=2.8, 0.0, 0.0  rx=5.1 bcn=465521 [on:0 tx:0 rx:0 period:2] from screen [on:31010 period:247864] score=60
10-22 15:44:15.049  3957  4129 D WifiStateMachine:  get link layer stats 3
10-22 15:44:15.051  3436  3436 I android.hardware.wifi@1.0-service: getLinkLayerStats
10-22 15:44:15.071  3957  4129 D WifiStateMachine: fetchRssiLinkSpeedAndFrequencyNative rssi=-44 linkspeed=433 freq=5240
10-22 15:44:15.071  3957  4129 V WifiConfigManager: Updating scan detail cache freq=5240 BSSID=f4:6d:2f:12:cc:88 RSSI=-44 for "ourhome"WPA_PSK
10-22 15:44:15.077  4340  4340 E SignalClusterView: setSlotFocusVisible : subId -2
10-22 15:44:15.077  4340  4340 E SignalClusterView: setSlotFocusVisible : subId -2
10-22 15:44:15.119 30217 30512 I BatteryMgr:DataCollectionService: stats => 1697982255119,-635,4260,-354,0,100
10-22 15:44:15.231 30217 30512 I BatteryMgr:DataCollectionService: stats => 1697982255230,-635,4260,-354,0,100
10-22 15:44:15.341 30217 30512 I BatteryMgr:DataCollectionService: stats => 1697982255341,-635,4260,-354,0,100
10-22 15:44:15.453 30217 30512 I BatteryMgr:DataCollectionService: stats => 1697982255453,-635,4260,-354,0,100
10-22 15:44:15.548  3957  4129 D WifiStateMachine:  ConnectedState !RSSI_PKTCNT_FETCH uid=1000 rt=588662130/1644637603 0 0 "ourhome" f4:6d:2f:12:cc:88 rssi=-44 f=5240 sc=60 link=433 tx=1.0, 0.0, 0.0  rx=3.8 bcn=465547 [on:0 tx:0 rx:0 period:474] from screen [on:31196 period:248363] score=60
10-22 15:44:15.550  3957  4129 D WifiStateMachine:  L2ConnectedState !RSSI_PKTCNT_FETCH uid=1000 rt=588662134/1644637607 0 0 "ourhome" f4:6d:2f:12:cc:88 rssi=-44 f=5240 sc=60 link=433 tx=1.0, 0.0, 0.0  rx=3.8 bcn=465547 [on:0 tx:0 rx:0 period:2] from screen [on:31196 period:248365] score=60
10-22 15:44:15.554  3957  4129 D WifiStateMachine: fetchRssiLinkSpeedAndFrequencyNative rssi=-45 linkspeed=433 freq=5240
10-22 15:44:15.554  3957  4129 V WifiConfigManager: Updating scan detail cache freq=5240 BSSID=f4:6d:2f:12:cc:88 RSSI=-44 for "ourhome"WPA_PSK
10-22 15:44:15.564 30217 30512 I BatteryMgr:DataCollectionService: stats => 1697982255564,-635,4260,-354,0,100
10-22 15:44:15.673 30217 30512 I BatteryMgr:DataCollectionService: stats => 1697982255673,-635,4260,-354,0,100
10-22 15:44:15.787 30217 30512 I BatteryMgr:DataCollectionService: stats => 1697982255787,-635,4260,-354,0,100
10-22 15:44:15.842  2479  2548 D ScanRecord: Not a Multi Manu data
10-22 15:44:15.843  2479  2548 I chatty  : uid=1002(bluetooth) BT Service Call identical 11 lines
10-22 15:44:15.843  2479  2548 D ScanRecord: Not a Multi Manu data
10-22 15:44:15.859  3957  4128 D WifiService: getConnectionInfo uid=1000
10-22 15:44:15.883  2479  2548 D ScanRecord: Not a Multi Manu data
10-22 15:44:15.891  2479  2548 I chatty  : uid=1002(bluetooth) BT Service Call identical 24 lines
10-22 15:44:15.891  2479  2548 D ScanRecord: Not a Multi Manu data
10-22 15:44:15.899 30217 30512 I BatteryMgr:DataCollectionService: stats => 1697982255898,-635,4260,-354,0,100
10-22 15:44:15.900  2479  2548 D ScanRecord: Not a Multi Manu data
10-22 15:44:16.008  2479  2548 I chatty  : uid=1002(bluetooth) BT Service Call identical 74 lines
10-22 15:44:16.008  2479  2548 D ScanRecord: Not a Multi Manu data
10-22 15:44:16.008 30217 30512 I BatteryMgr:DataCollectionService: stats => 1697982256008,-635,4260,-354,0,100
10-22 15:44:16.008  2479  2548 D ScanRecord: Not a Multi Manu data
10-22 15:44:16.109  2479  2548 I chatty  : uid=1002(bluetooth) BT Service Call identical 78 lines
10-22 15:44:16.109  2479  2548 D ScanRecord: Not a Multi Manu data
10-22 15:44:16.121 30217 30512 I BatteryMgr:DataCollectionService: stats => 1697982256121,-635,4260,-354,0,100
10-22 15:44:16.146  2479  2548 D ScanRecord: Not a Multi Manu data
10-22 15:44:16.225  2479  2548 I chatty  : uid=1002(bluetooth) BT Service Call identical 89 lines
10-22 15:44:16.225  2479  2548 D ScanRecord: Not a Multi Manu data
10-22 15:44:16.230 30217 30512 I BatteryMgr:DataCollectionService: stats => 1697982256230,-635,4260,-354,0,100
10-22 15:44:16.258  2479  2548 D ScanRecord: Not a Multi Manu data
10-22 15:44:16.324  2479  2548 I chatty  : uid=1002(bluetooth) BT Service Call identical 76 lines
10-22 15:44:16.324  2479  2548 D ScanRecord: Not a Multi Manu data
10-22 15:44:16.337 30217 30512 I BatteryMgr:DataCollectionService: stats => 1697982256337,-635,4260,-354,0,100
10-22 15:44:16.450 30217 30512 I BatteryMgr:DataCollectionService: stats => 1697982256450,-635,4260,-354,0,100
10-22 15:44:16.496  4340  4731 D NetworkController.MobileSignalController(0/-2): onSignalStrengthsChanged signalStrength=SignalStrength: 20 99 -20 -200 -20 -200 -1 99 2147483647 2147483647 2147483647 2147483647 0 2147483647 0x4 P gsm|lte level=4
10-22 15:44:16.497  4340  4731 D NetworkController.MobileSignalController(0/-2): getMobileIconGroup(): 0
10-22 15:44:16.549  3957  4129 D WifiStateMachine:  ConnectedState !RSSI_PKTCNT_FETCH uid=1000 rt=588663133/1644638606 0 0 "ourhome" f4:6d:2f:12:cc:88 rssi=-45 f=5240 sc=60 link=433 tx=1.0, 0.0, 0.0  rx=3.8 bcn=465547 [on:0 tx:0 rx:0 period:999] from screen [on:31196 period:249364] score=60
10-22 15:44:16.551  3957  4129 D WifiStateMachine:  L2ConnectedState !RSSI_PKTCNT_FETCH uid=1000 rt=588663135/1644638607 0 0 "ourhome" f4:6d:2f:12:cc:88 rssi=-45 f=5240 sc=60 link=433 tx=1.0, 0.0, 0.0  rx=3.8 bcn=465547 [on:0 tx:0 rx:0 period:2] from screen [on:31196 period:249366] score=60
10-22 15:44:16.554  3957  4129 D WifiStateMachine: fetchRssiLinkSpeedAndFrequencyNative rssi=-45 linkspeed=433 freq=5240
10-22 15:44:16.554  3957  4129 V WifiConfigManager: Updating scan detail cache freq=5240 BSSID=f4:6d:2f:12:cc:88 RSSI=-44 for "ourhome"WPA_PSK
10-22 15:44:16.559 30217 30512 I BatteryMgr:DataCollectionService: stats => 1697982256558,-635,4260,-354,0,100
10-22 15:44:16.672 30217 30512 I BatteryMgr:DataCollectionService: stats => 1697982256672,-635,4260,-354,0,100
10-22 15:44:16.783 30217 30512 I BatteryMgr:DataCollectionService: stats => 1697982256782,-635,4260,-354,0,100
10-22 15:44:16.863  3957  4128 D WifiService: getConnectionInfo uid=1000
10-22 15:44:16.889  4961  4961 D io_stats: !@ 179,0 r 9177959 299157236 w 2063488 40683140 d 165057 36518428 f 624842 649560 iot 4218808 3647008 th 51200 0 0 pt 0 inp 0 0 588663.474
10-22 15:44:16.892 30217 30512 I BatteryMgr:DataCollectionService: stats => 1697982256892,-635,4260,-354,0,100
10-22 15:44:17.000 30217 30512 I BatteryMgr:DataCollectionService: stats => 1697982257000,-635,4260,-354,0,100
10-22 15:44:17.019  3957  4030 D SensorService: [SO] 0.230 -0.172 9.979
10-22 15:44:17.109 30217 30512 I BatteryMgr:DataCollectionService: stats => 1697982257109,-635,4260,-354,0,100
10-22 15:44:17.221 30217 30512 I BatteryMgr:DataCollectionService: stats => 1697982257221,-635,4260,-354,0,100
10-22 15:44:17.332 30217 30512 I BatteryMgr:DataCollectionService: stats => 1697982257332,-635,4260,-354,0,100
10-22 15:44:17.441 30217 30512 I BatteryMgr:DataCollectionService: stats => 1697982257441,-635,4260,-354,0,100
10-22 15:44:17.553  3957  4129 D WifiStateMachine:  ConnectedState !RSSI_PKTCNT_FETCH uid=1000 rt=588664135/1644639607 0 0 "ourhome" f4:6d:2f:12:cc:88 rssi=-45 f=5240 sc=60 link=433 tx=1.0, 0.0, 0.0  rx=3.8 bcn=465547 [on:0 tx:0 rx:0 period:1001] from screen [on:31196 period:250367] score=60
10-22 15:44:17.555  3957  4129 D WifiStateMachine:  L2ConnectedState !RSSI_PKTCNT_FETCH uid=1000 rt=588664138/1644639611 0 0 "ourhome" f4:6d:2f:12:cc:88 rssi=-45 f=5240 sc=60 link=433 tx=1.0, 0.0, 0.0  rx=3.8 bcn=465547 [on:0 tx:0 rx:0 period:3] from screen [on:31196 period:250370] score=60
10-22 15:44:17.556 30217 30512 I BatteryMgr:DataCollectionService: stats => 1697982257555,-635,4260,-354,0,100
10-22 15:44:17.563  3957  4129 D WifiStateMachine: fetchRssiLinkSpeedAndFrequencyNative rssi=-46 linkspeed=433 freq=5240
10-22 15:44:17.563  3957  4129 V WifiConfigManager: Updating scan detail cache freq=5240 BSSID=f4:6d:2f:12:cc:88 RSSI=-45 for "ourhome"WPA_PSK
10-22 15:44:17.666 30217 30512 I BatteryMgr:DataCollectionService: stats => 1697982257666,-635,4260,-354,0,100
10-22 15:44:17.777 30217 30512 I BatteryMgr:DataCollectionService: stats => 1697982257776,-635,4260,-354,0,100
10-22 15:44:17.867  3957  4128 D WifiService: getConnectionInfo uid=1000
10-22 15:44:17.887 30217 30512 I BatteryMgr:DataCollectionService: stats => 1697982257886,-635,4260,-354,0,100
10-22 15:44:17.938  3957  6478 D SSRM:k  : SIOP:: AP = 370, PST = 352 (W:10), BAT = 315, USB = 0, CHG = 0
10-22 15:44:17.999 30217 30512 I BatteryMgr:DataCollectionService: stats => 1697982257998,-635,4260,-354,0,100
10-22 15:44:18.075  3957  4129 D WifiStateMachine:  ConnectedState !CMD_RSSI_POLL rt=588664658/1644640131 110 0 "ourhome" f4:6d:2f:12:cc:88 rssi=-46 f=5240 sc=60 link=433 tx=1.0, 0.0, 0.0  rx=3.8 bcn=465547 [on:0 tx:0 rx:0 period:519] from screen [on:31196 period:250889] score=60
10-22 15:44:18.077  3957  4129 D WifiStateMachine:  L2ConnectedState !CMD_RSSI_POLL rt=588664661/1644640133 110 0 "ourhome" f4:6d:2f:12:cc:88 rssi=-46 f=5240 sc=60 link=433 tx=1.0, 0.0, 0.0  rx=3.8 bcn=465547 [on:0 tx:0 rx:0 period:3] from screen [on:31196 period:250892] score=60
10-22 15:44:18.077  3957  4129 D WifiStateMachine:  get link layer stats 3
10-22 15:44:18.078  3436  3436 I android.hardware.wifi@1.0-service: getLinkLayerStats
10-22 15:44:18.087  3957  4129 D WifiStateMachine: fetchRssiLinkSpeedAndFrequencyNative rssi=-46 linkspeed=433 freq=5240
10-22 15:44:18.087  3957  4129 V WifiConfigManager: Updating scan detail cache freq=5240 BSSID=f4:6d:2f:12:cc:88 RSSI=-45 for "ourhome"WPA_PSK
10-22 15:44:18.092  4340  4340 E SignalClusterView: setSlotFocusVisible : subId -2
10-22 15:44:18.092  4340  4340 E SignalClusterView: setSlotFocusVisible : subId -2
10-22 15:44:18.111 30217 30512 I BatteryMgr:DataCollectionService: stats => 1697982258111,-635,4260,-354,0,100
10-22 15:44:18.219 30217 30512 I BatteryMgr:DataCollectionService: stats => 1697982258219,-635,4260,-354,0,100
10-22 15:44:18.331 30217 30512 I BatteryMgr:DataCollectionService: stats => 1697982258331,-635,4260,-354,0,100
10-22 15:44:18.440 30217 30512 I BatteryMgr:DataCollectionService: stats => 1697982258440,-635,4260,-354,0,100
10-22 15:44:18.551 30217 30512 I BatteryMgr:DataCollectionService: stats => 1697982258551,-635,4260,-354,0,100
10-22 15:44:18.551  3957  4129 D WifiStateMachine:  ConnectedState !RSSI_PKTCNT_FETCH uid=1000 rt=588665135/1644640608 0 0 "ourhome" f4:6d:2f:12:cc:88 rssi=-46 f=5240 sc=60 link=433 tx=1.0, 0.0, 0.0  rx=6.4 bcn=465574 [on:0 tx:0 rx:0 period:461] from screen [on:31786 period:251366] score=60
10-22 15:44:18.553  3957  4129 D WifiStateMachine:  L2ConnectedState !RSSI_PKTCNT_FETCH uid=1000 rt=588665137/1644640610 0 0 "ourhome" f4:6d:2f:12:cc:88 rssi=-46 f=5240 sc=60 link=433 tx=1.0, 0.0, 0.0  rx=6.4 bcn=465574 [on:0 tx:0 rx:0 period:2] from screen [on:31786 period:251368] score=60
10-22 15:44:18.559  3957  4129 D WifiStateMachine: fetchRssiLinkSpeedAndFrequencyNative rssi=-47 linkspeed=433 freq=5240
10-22 15:44:18.561  3957  4129 V WifiConfigManager: Updating scan detail cache freq=5240 BSSID=f4:6d:2f:12:cc:88 RSSI=-46 for "ourhome"WPA_PSK
10-22 15:44:18.661 30217 30512 I BatteryMgr:DataCollectionService: stats => 1697982258660,-635,4260,-354,0,100
10-22 15:44:18.772 30217 30512 I BatteryMgr:DataCollectionService: stats => 1697982258772,-635,4260,-354,0,100
10-22 15:44:18.871  3957  4128 D WifiService: getConnectionInfo uid=1000
10-22 15:44:18.888 30217 30512 I BatteryMgr:DataCollectionService: stats => 1697982258888,-635,4260,-354,0,100
10-22 15:44:19.002 30217 30512 I BatteryMgr:DataCollectionService: stats => 1697982259002,-635,4260,-354,0,100
10-22 15:44:19.114 30217 30512 I BatteryMgr:DataCollectionService: stats => 1697982259113,-635,4260,-354,0,100
10-22 15:44:19.220 30260 30446 I SessionStorage/AutoSave: Save: Periodic
10-22 15:44:19.226 30217 30512 I BatteryMgr:DataCollectionService: stats => 1697982259225,-635,4260,-354,0,100
10-22 15:44:19.338 30217 30512 I BatteryMgr:DataCollectionService: stats => 1697982259338,-635,4260,-354,0,100
10-22 15:44:19.449 30217 30512 I BatteryMgr:DataCollectionService: stats => 1697982259449,-635,4260,-354,0,100
10-22 15:44:19.554  3957  4129 D WifiStateMachine:  ConnectedState !RSSI_PKTCNT_FETCH uid=1000 rt=588666137/1644641609 0 0 "ourhome" f4:6d:2f:12:cc:88 rssi=-47 f=5240 sc=60 link=433 tx=1.0, 0.0, 0.0  rx=6.4 bcn=465574 [on:0 tx:0 rx:0 period:1000] from screen [on:31786 period:252368] score=60
10-22 15:44:19.556  3957  4129 D WifiStateMachine:  L2ConnectedState !RSSI_PKTCNT_FETCH uid=1000 rt=588666139/1644641612 0 0 "ourhome" f4:6d:2f:12:cc:88 rssi=-47 f=5240 sc=60 link=433 tx=1.0, 0.0, 0.0  rx=6.4 bcn=465574 [on:0 tx:0 rx:0 period:3] from screen [on:31786 period:252371] score=60
10-22 15:44:19.560 30217 30512 I BatteryMgr:DataCollectionService: stats => 1697982259560,-635,4260,-354,0,100
10-22 15:44:19.562  3957  4129 D WifiStateMachine: fetchRssiLinkSpeedAndFrequencyNative rssi=-46 linkspeed=433 freq=5240
10-22 15:44:19.562  3957  4129 V WifiConfigManager: Updating scan detail cache freq=5240 BSSID=f4:6d:2f:12:cc:88 RSSI=-46 for "ourhome"WPA_PSK
10-22 15:44:19.673 30217 30512 I BatteryMgr:DataCollectionService: stats => 1697982259673,-635,4260,-354,0,100
10-22 15:44:19.785 30217 30512 I BatteryMgr:DataCollectionService: stats => 1697982259785,-635,4260,-354,0,100
10-22 15:44:19.873  3957  4128 D WifiService: getConnectionInfo uid=1000
10-22 15:44:19.894 30217 30512 I BatteryMgr:DataCollectionService: stats => 1697982259893,-635,4260,-354,0,100
10-22 15:44:20.007 30217 30512 I BatteryMgr:DataCollectionService: stats => 1697982260007,-635,4260,-354,0,100
