10-22 15:37:41.960  2479  2548 D ScanRecord: Not a Multi Manu data
10-22 15:37:41.960  2479  2548 I chatty  : uid=1002(bluetooth) BT Service Call identical 9 lines
10-22 15:37:41.961  2479  2548 D ScanRecord: Not a Multi Manu data
10-22 15:37:41.968 29197 29476 I BatteryMgr:DataCollectionService: stats => 1697981861968,162,4260,172,0,100
10-22 15:37:42.015  2479  2548 D ScanRecord: Not a Multi Manu data
10-22 15:37:42.015  2479  2548 I chatty  : uid=1002(bluetooth) BT Service Call identical 9 lines
10-22 15:37:42.015  2479  2548 D ScanRecord: Not a Multi Manu data
10-22 15:37:42.022  2479  2548 D ScanRecord: same manuId data exists, combine both data and store
10-22 15:37:42.022  2479  2548 D ScanRecord: It's a Multi Manu data
10-22 15:37:42.022  2479  2548 I chatty  : uid=1002(bluetooth) BT Service Call identical 9 lines
10-22 15:37:42.022  2479  2548 D ScanRecord: It's a Multi Manu data
10-22 15:37:42.022  2479  2548 D ScanRecord: same manuId data exists, combine both data and store
10-22 15:37:42.029  2479  2548 D ScanRecord: Not a Multi Manu data
10-22 15:37:42.073  2479  2548 I chatty  : uid=1002(bluetooth) BT Service Call identical 64 lines
10-22 15:37:42.073  2479  2548 D ScanRecord: Not a Multi Manu data
10-22 15:37:42.076 29197 29476 I BatteryMgr:DataCollectionService: stats => 1697981862076,162,4260,172,0,100
10-22 15:37:42.091  2479  2548 D ScanRecord: Not a Multi Manu data
10-22 15:37:42.100  3957  4416 E Watchdog: !@Sync 19601 [2023-10-22 15:37:42.099]
10-22 15:37:42.187  2479  2548 I chatty  : uid=1002(bluetooth) BT Service Call identical 61 lines
10-22 15:37:42.187  2479  2548 D ScanRecord: Not a Multi Manu data
10-22 15:37:42.187  2479  2548 D ScanRecord: Not a Multi Manu data
10-22 15:37:42.187 29197 29476 I BatteryMgr:DataCollectionService: stats => 1697981862187,162,4260,172,0,100
10-22 15:37:42.241  2479  2548 I chatty  : uid=1002(bluetooth) BT Service Call expire 23 lines
10-22 15:37:42.241  2479  2548 D ScanRecord: Not a Multi Manu data
10-22 15:37:42.296 29197 29476 I BatteryMgr:DataCollectionService: stats => 1697981862296,162,4260,172,0,100
10-22 15:37:42.351  2479  2548 D ScanRecord: Not a Multi Manu data
10-22 15:37:42.360  2479  2548 I chatty  : uid=1002(bluetooth) BT Service Call identical 20 lines
10-22 15:37:42.360  2479  2548 D ScanRecord: Not a Multi Manu data
10-22 15:37:42.405 29197 29476 I BatteryMgr:DataCollectionService: stats => 1697981862405,162,4260,172,0,100
10-22 15:37:42.514 29197 29476 I BatteryMgr:DataCollectionService: stats => 1697981862514,162,4260,172,0,100
10-22 15:37:42.526  3957  4129 D WifiStateMachine:  ConnectedState !RSSI_PKTCNT_FETCH uid=1000 rt=588269110/1644244582 0 0 "ourhome" f4:6d:2f:12:cc:88 rssi=-46 f=5240 sc=60 link=433 tx=0.3, 0.0, 0.0  rx=0.4 bcn=461952 [on:0 tx:0 rx:0 period:999] from screen [on:892434 period:5961757] score=60
10-22 15:37:42.528  3957  4129 D WifiStateMachine:  L2ConnectedState !RSSI_PKTCNT_FETCH uid=1000 rt=588269112/1644244585 0 0 "ourhome" f4:6d:2f:12:cc:88 rssi=-46 f=5240 sc=60 link=433 tx=0.3, 0.0, 0.0  rx=0.4 bcn=461952 [on:0 tx:0 rx:0 period:2] from screen [on:892434 period:5961759] score=60
10-22 15:37:42.531  3957  4129 D WifiStateMachine: fetchRssiLinkSpeedAndFrequencyNative rssi=-46 linkspeed=433 freq=5240
10-22 15:37:42.532  3957  4129 V WifiConfigManager: Updating scan detail cache freq=5240 BSSID=f4:6d:2f:12:cc:88 RSSI=-45 for "ourhome"WPA_PSK
10-22 15:37:42.627 29197 29476 I BatteryMgr:DataCollectionService: stats => 1697981862627,162,4260,172,0,100
10-22 15:37:42.737 29197 29476 I BatteryMgr:DataCollectionService: stats => 1697981862737,162,4260,172,0,100
10-22 15:37:42.844 29197 29476 I BatteryMgr:DataCollectionService: stats => 1697981862844,162,4260,172,0,100
10-22 15:37:42.955 29197 29476 I BatteryMgr:DataCollectionService: stats => 1697981862954,162,4260,172,0,100
10-22 15:37:42.959  3957  4128 D WifiService: getConnectionInfo uid=1000
10-22 15:37:43.063 29197 29476 I BatteryMgr:DataCollectionService: stats => 1697981863063,162,4260,172,0,100
10-22 15:37:43.171 29197 29476 I BatteryMgr:DataCollectionService: stats => 1697981863171,162,4260,172,0,100
10-22 15:37:43.264  3957  4129 D WifiStateMachine:  ConnectedState !CMD_RSSI_POLL rt=588269848/1644245320 108 0 "ourhome" f4:6d:2f:12:cc:88 rssi=-46 f=5240 sc=60 link=433 tx=0.3, 0.0, 0.0  rx=0.4 bcn=461952 [on:0 tx:0 rx:0 period:736] from screen [on:892434 period:5962495] score=60
10-22 15:37:43.268  3957  4129 D WifiStateMachine:  L2ConnectedState !CMD_RSSI_POLL rt=588269850/1644245322 108 0 "ourhome" f4:6d:2f:12:cc:88 rssi=-46 f=5240 sc=60 link=433 tx=0.3, 0.0, 0.0  rx=0.4 bcn=461952 [on:0 tx:0 rx:0 period:4] from screen [on:892434 period:5962499] score=60
10-22 15:37:43.269  3957  4129 D WifiStateMachine:  get link layer stats 3
10-22 15:37:43.270  3436  3436 I android.hardware.wifi@1.0-service: getLinkLayerStats
10-22 15:37:43.279 29197 29476 I BatteryMgr:DataCollectionService: stats => 1697981863279,162,4260,172,0,100
10-22 15:37:43.288  3957  4129 D WifiStateMachine: fetchRssiLinkSpeedAndFrequencyNative rssi=-46 linkspeed=433 freq=5240
10-22 15:37:43.288  3957  4129 V WifiConfigManager: Updating scan detail cache freq=5240 BSSID=f4:6d:2f:12:cc:88 RSSI=-45 for "ourhome"WPA_PSK
10-22 15:37:43.294  4340  4340 E SignalClusterView: setSlotFocusVisible : subId -2
10-22 15:37:43.294  4340  4340 E SignalClusterView: setSlotFocusVisible : subId -2
10-22 15:37:43.390 29197 29476 I BatteryMgr:DataCollectionService: stats => 1697981863389,162,4260,172,0,100
10-22 15:37:43.498 29197 29476 I BatteryMgr:DataCollectionService: stats => 1697981863498,164,4260,172,0,100
10-22 15:37:43.526  3957  4129 D WifiStateMachine:  ConnectedState !RSSI_PKTCNT_FETCH uid=1000 rt=588270110/1644245582 0 0 "ourhome" f4:6d:2f:12:cc:88 rssi=-46 f=5240 sc=60 link=433 tx=2.7, 0.0, 0.0  rx=5.2 bcn=461980 [on:0 tx:0 rx:0 period:231] from screen [on:893570 period:5962757] score=60
10-22 15:37:43.528  3957  4129 D WifiStateMachine:  L2ConnectedState !RSSI_PKTCNT_FETCH uid=1000 rt=588270112/1644245584 0 0 "ourhome" f4:6d:2f:12:cc:88 rssi=-46 f=5240 sc=60 link=433 tx=2.7, 0.0, 0.0  rx=5.2 bcn=461980 [on:0 tx:0 rx:0 period:2] from screen [on:893570 period:5962759] score=60
10-22 15:37:43.535  3957  4129 D WifiStateMachine: fetchRssiLinkSpeedAndFrequencyNative rssi=-45 linkspeed=433 freq=5240
10-22 15:37:43.535  3957  4129 V WifiConfigManager: Updating scan detail cache freq=5240 BSSID=f4:6d:2f:12:cc:88 RSSI=-45 for "ourhome"WPA_PSK
10-22 15:37:43.608 29197 29476 I BatteryMgr:DataCollectionService: stats => 1697981863608,164,4260,172,0,100
10-22 15:37:43.649  3957  4030 D SensorService: [SO] 0.215 -0.182 10.003
10-22 15:37:43.717 29197 29476 I BatteryMgr:DataCollectionService: stats => 1697981863717,164,4260,172,0,100
10-22 15:37:43.826 29197 29476 I BatteryMgr:DataCollectionService: stats => 1697981863826,164,4260,172,0,100
10-22 15:37:43.945 29197 29476 I BatteryMgr:DataCollectionService: stats => 1697981863944,164,4260,172,0,100
10-22 15:37:43.961  3957  4128 D WifiService: getConnectionInfo uid=1000
10-22 15:37:44.048  3957 14904 D BatteryService: !@BatteryListener : batteryPropertiesChanged!
10-22 15:37:44.055 29197 29476 I BatteryMgr:DataCollectionService: stats => 1697981864055,164,4260,172,0,100
10-22 15:37:44.167 29197 29476 I BatteryMgr:DataCollectionService: stats => 1697981864166,164,4260,172,0,100
10-22 15:37:44.276 29197 29476 I BatteryMgr:DataCollectionService: stats => 1697981864276,164,4260,172,0,100
10-22 15:37:44.388 29197 29476 I BatteryMgr:DataCollectionService: stats => 1697981864388,164,4260,172,0,100
10-22 15:37:44.497 29197 29476 I BatteryMgr:DataCollectionService: stats => 1697981864497,164,4260,172,0,100
10-22 15:37:44.530  3957  4129 D WifiStateMachine:  ConnectedState !RSSI_PKTCNT_FETCH uid=1000 rt=588271113/1644246585 0 0 "ourhome" f4:6d:2f:12:cc:88 rssi=-45 f=5240 sc=60 link=433 tx=2.7, 0.0, 0.0  rx=5.2 bcn=461980 [on:0 tx:0 rx:0 period:1001] from screen [on:893570 period:5963760] score=60
10-22 15:37:44.532  3957  4129 D WifiStateMachine:  L2ConnectedState !RSSI_PKTCNT_FETCH uid=1000 rt=588271116/1644246588 0 0 "ourhome" f4:6d:2f:12:cc:88 rssi=-45 f=5240 sc=60 link=433 tx=2.7, 0.0, 0.0  rx=5.2 bcn=461980 [on:0 tx:0 rx:0 period:3] from screen [on:893570 period:5963763] score=60
10-22 15:37:44.539  3957  4129 D WifiStateMachine: fetchRssiLinkSpeedAndFrequencyNative rssi=-46 linkspeed=433 freq=5240
10-22 15:37:44.539  3957  4129 V WifiConfigManager: Updating scan detail cache freq=5240 BSSID=f4:6d:2f:12:cc:88 RSSI=-45 for "ourhome"WPA_PSK
10-22 15:37:44.610 29197 29476 I BatteryMgr:DataCollectionService: stats => 1697981864609,164,4260,172,0,100
10-22 15:37:44.721 29197 29476 I BatteryMgr:DataCollectionService: stats => 1697981864721,164,4260,172,0,100
10-22 15:37:44.830 29197 29476 I BatteryMgr:DataCollectionService: stats => 1697981864830,164,4260,172,0,100
10-22 15:37:44.939 29197 29476 I BatteryMgr:DataCollectionService: stats => 1697981864939,164,4260,172,0,100
10-22 15:37:44.964  3957  4128 D WifiService: getConnectionInfo uid=1000
10-22 15:37:45.050 29197 29476 I BatteryMgr:DataCollectionService: stats => 1697981865049,164,4260,172,0,100
10-22 15:37:45.161 29197 29476 I BatteryMgr:DataCollectionService: stats => 1697981865161,164,4260,172,0,100
10-22 15:37:45.271 29197 29476 I BatteryMgr:DataCollectionService: stats => 1697981865271,164,4260,172,0,100
10-22 15:37:45.381 29197 29476 I BatteryMgr:DataCollectionService: stats => 1697981865381,164,4260,172,0,100
10-22 15:37:45.493 29197 29476 I BatteryMgr:DataCollectionService: stats => 1697981865493,164,4260,172,0,100
10-22 15:37:45.530  3957  4129 D WifiStateMachine:  ConnectedState !RSSI_PKTCNT_FETCH uid=1000 rt=588272113/1644247586 0 0 "ourhome" f4:6d:2f:12:cc:88 rssi=-46 f=5240 sc=60 link=433 tx=2.7, 0.0, 0.0  rx=5.2 bcn=461980 [on:0 tx:0 rx:0 period:997] from screen [on:893570 period:5964760] score=60
10-22 15:37:45.532  3957  4129 D WifiStateMachine:  L2ConnectedState !RSSI_PKTCNT_FETCH uid=1000 rt=588272115/1644247588 0 0 "ourhome" f4:6d:2f:12:cc:88 rssi=-46 f=5240 sc=60 link=433 tx=2.7, 0.0, 0.0  rx=5.2 bcn=461980 [on:0 tx:0 rx:0 period:3] from screen [on:893570 period:5964763] score=60
10-22 15:37:45.539  3957  4129 D WifiStateMachine: fetchRssiLinkSpeedAndFrequencyNative rssi=-45 linkspeed=433 freq=5240
10-22 15:37:45.539  3957  4129 V WifiConfigManager: Updating scan detail cache freq=5240 BSSID=f4:6d:2f:12:cc:88 RSSI=-45 for "ourhome"WPA_PSK
10-22 15:37:45.610 29197 29476 I BatteryMgr:DataCollectionService: stats => 1697981865609,164,4260,172,0,100
10-22 15:37:45.721 29197 29476 I BatteryMgr:DataCollectionService: stats => 1697981865720,164,4260,172,0,100
10-22 15:37:45.832 29197 29476 I BatteryMgr:DataCollectionService: stats => 1697981865832,164,4260,172,0,100
10-22 15:37:45.943 29197 29476 I BatteryMgr:DataCollectionService: stats => 1697981865943,164,4260,172,0,100
10-22 15:37:45.967  3957  4128 D WifiService: getConnectionInfo uid=1000
10-22 15:37:46.055 29197 29476 I BatteryMgr:DataCollectionService: stats => 1697981866055,164,4260,172,0,100
10-22 15:37:46.164 29197 29476 I BatteryMgr:DataCollectionService: stats => 1697981866163,164,4260,172,0,100
10-22 15:37:46.275 29197 29476 I BatteryMgr:DataCollectionService: stats => 1697981866274,164,4260,172,0,100
10-22 15:37:46.294  3957  4129 D WifiStateMachine:  ConnectedState !CMD_RSSI_POLL rt=588272877/1644248349 108 0 "ourhome" f4:6d:2f:12:cc:88 rssi=-45 f=5240 sc=60 link=433 tx=2.7, 0.0, 0.0  rx=5.2 bcn=461980 [on:0 tx:0 rx:0 period:762] from screen [on:893570 period:5965525] score=60
10-22 15:37:46.297  3957  4129 D WifiStateMachine:  L2ConnectedState !CMD_RSSI_POLL rt=588272880/1644248353 108 0 "ourhome" f4:6d:2f:12:cc:88 rssi=-45 f=5240 sc=60 link=433 tx=2.7, 0.0, 0.0  rx=5.2 bcn=461980 [on:0 tx:0 rx:0 period:3] from screen [on:893570 period:5965528] score=60
10-22 15:37:46.297  3957  4129 D WifiStateMachine:  get link layer stats 3
10-22 15:37:46.298  3436  3436 I android.hardware.wifi@1.0-service: getLinkLayerStats
10-22 15:37:46.304  3957  4129 D WifiStateMachine: fetchRssiLinkSpeedAndFrequencyNative rssi=-45 linkspeed=433 freq=5240
10-22 15:37:46.305  3957  4129 V WifiConfigManager: Updating scan detail cache freq=5240 BSSID=f4:6d:2f:12:cc:88 RSSI=-45 for "ourhome"WPA_PSK
10-22 15:37:46.312  4340  4340 E SignalClusterView: setSlotFocusVisible : subId -2
10-22 15:37:46.312  4340  4340 E SignalClusterView: setSlotFocusVisible : subId -2
10-22 15:37:46.385 29197 29476 I BatteryMgr:DataCollectionService: stats => 1697981866384,164,4260,172,0,100
10-22 15:37:46.492 29197 29476 I BatteryMgr:DataCollectionService: stats => 1697981866492,164,4260,172,0,100
10-22 15:37:46.530  3957  4129 D WifiStateMachine:  ConnectedState !RSSI_PKTCNT_FETCH uid=1000 rt=588273114/1644248587 0 0 "ourhome" f4:6d:2f:12:cc:88 rssi=-45 f=5240 sc=60 link=433 tx=1.6, 0.0, 0.0  rx=5.7 bcn=462006 [on:0 tx:0 rx:0 period:220] from screen [on:894152 period:5965761] score=60
10-22 15:37:46.532  3957  4129 D WifiStateMachine:  L2ConnectedState !RSSI_PKTCNT_FETCH uid=1000 rt=588273116/1644248589 0 0 "ourhome" f4:6d:2f:12:cc:88 rssi=-45 f=5240 sc=60 link=433 tx=1.6, 0.0, 0.0  rx=5.7 bcn=462006 [on:0 tx:0 rx:0 period:2] from screen [on:894152 period:5965763] score=60
10-22 15:37:46.539  3957  4129 D WifiStateMachine: fetchRssiLinkSpeedAndFrequencyNative rssi=-45 linkspeed=433 freq=5240
10-22 15:37:46.539  3957  4129 V WifiConfigManager: Updating scan detail cache freq=5240 BSSID=f4:6d:2f:12:cc:88 RSSI=-45 for "ourhome"WPA_PSK
10-22 15:37:46.562  4961  4961 D io_stats: !@ 179,0 r 9156956 298426128 w 2061622 40655456 d 164834 36505324 f 624669 649373 iot 4209956 3639722 th 51200 0 0 pt 0 inp 0 0 588273.147
10-22 15:37:46.601 29197 29476 I BatteryMgr:DataCollectionService: stats => 1697981866601,164,4260,172,0,100
10-22 15:37:46.716 29197 29476 I BatteryMgr:DataCollectionService: stats => 1697981866716,164,4260,172,0,100
10-22 15:37:46.826 29197 29476 I BatteryMgr:DataCollectionService: stats => 1697981866826,164,4260,172,0,100
10-22 15:37:46.908  2479  2548 D ScanRecord: Not a Multi Manu data
10-22 15:37:46.909  2479  2548 I chatty  : uid=1002(bluetooth) BT Service Call identical 10 lines
10-22 15:37:46.939  2479  2548 D ScanRecord: Not a Multi Manu data
10-22 15:37:46.939 29197 29476 I BatteryMgr:DataCollectionService: stats => 1697981866939,164,4260,172,0,100
10-22 15:37:46.939  2479  2548 D ScanRecord: Not a Multi Manu data
10-22 15:37:46.959  2479  2548 I chatty  : uid=1002(bluetooth) BT Service Call identical 41 lines
10-22 15:37:46.959  2479  2548 D ScanRecord: Not a Multi Manu data
10-22 15:37:46.969  3957  4128 D WifiService: getConnectionInfo uid=1000
10-22 15:37:47.000  2479  2548 D ScanRecord: Not a Multi Manu data
10-22 15:37:47.048  2479  2548 I chatty  : uid=1002(bluetooth) BT Service Call identical 53 lines
10-22 15:37:47.048  2479  2548 D ScanRecord: Not a Multi Manu data
10-22 15:37:47.051 29197 29476 I BatteryMgr:DataCollectionService: stats => 1697981867051,164,4260,172,0,100
10-22 15:37:47.068  2479  2548 D ScanRecord: Not a Multi Manu data
10-22 15:37:47.147  2479  2548 I chatty  : uid=1002(bluetooth) BT Service Call identical 86 lines
10-22 15:37:47.147  2479  2548 D ScanRecord: Not a Multi Manu data
10-22 15:37:47.158 29197 29476 I BatteryMgr:DataCollectionService: stats => 1697981867157,164,4260,172,0,100
10-22 15:37:47.167  2479  2548 D ScanRecord: Not a Multi Manu data
10-22 15:37:47.237  2479  2548 I chatty  : uid=1002(bluetooth) BT Service Call identical 86 lines
10-22 15:37:47.237  2479  2548 D ScanRecord: Not a Multi Manu data
10-22 15:37:47.245  2479  2548 D ScanRecord: same manuId data exists, combine both data and store
10-22 15:37:47.245  2479  2548 D ScanRecord: It's a Multi Manu data
10-22 15:37:47.245  2479  2548 I chatty  : uid=1002(bluetooth) BT Service Call identical 9 lines
10-22 15:37:47.245  2479  2548 D ScanRecord: It's a Multi Manu data
10-22 15:37:47.246  2479  2548 D ScanRecord: same manuId data exists, combine both data and store
10-22 15:37:47.252  2479  2548 D ScanRecord: Not a Multi Manu data
10-22 15:37:47.252  2479  2548 I chatty  : uid=1002(bluetooth) BT Service Call identical 9 lines
10-22 15:37:47.252  2479  2548 D ScanRecord: Not a Multi Manu data
10-22 15:37:47.264 29197 29476 I BatteryMgr:DataCollectionService: stats => 1697981867264,164,4260,172,0,100
10-22 15:37:47.267  2479  2548 D ScanRecord: Not a Multi Manu data
10-22 15:37:47.368  2479  2548 I chatty  : uid=1002(bluetooth) BT Service Call identical 141 lines
10-22 15:37:47.368  2479  2548 D ScanRecord: Not a Multi Manu data
10-22 15:37:47.373 29197 29476 I BatteryMgr:DataCollectionService: stats => 1697981867373,164,4260,172,0,100
10-22 15:37:47.383  2479  2548 D ScanRecord: Not a Multi Manu data
10-22 15:37:47.391  2479  2548 I chatty  : uid=1002(bluetooth) BT Service Call identical 20 lines
10-22 15:37:47.391  2479  2548 D ScanRecord: Not a Multi Manu data
10-22 15:37:47.479 29197 29476 I BatteryMgr:DataCollectionService: stats => 1697981867479,164,4260,172,0,100
10-22 15:37:47.532  3957  4129 D WifiStateMachine:  ConnectedState !RSSI_PKTCNT_FETCH uid=1000 rt=588274117/1644249589 0 0 "ourhome" f4:6d:2f:12:cc:88 rssi=-45 f=5240 sc=60 link=433 tx=1.6, 0.0, 0.0  rx=5.7 bcn=462006 [on:0 tx:0 rx:0 period:1000] from screen [on:894152 period:5966763] score=60
10-22 15:37:47.534  3957  4129 D WifiStateMachine:  L2ConnectedState !RSSI_PKTCNT_FETCH uid=1000 rt=588274118/1644249591 0 0 "ourhome" f4:6d:2f:12:cc:88 rssi=-45 f=5240 sc=60 link=433 tx=1.6, 0.0, 0.0  rx=5.7 bcn=462006 [on:0 tx:0 rx:0 period:2] from screen [on:894152 period:5966765] score=60
10-22 15:37:47.540  3957  4129 D WifiStateMachine: fetchRssiLinkSpeedAndFrequencyNative rssi=-45 linkspeed=433 freq=5240
10-22 15:37:47.540  3957  4129 V WifiConfigManager: Updating scan detail cache freq=5240 BSSID=f4:6d:2f:12:cc:88 RSSI=-45 for "ourhome"WPA_PSK
10-22 15:37:47.588 29197 29476 I BatteryMgr:DataCollectionService: stats => 1697981867588,164,4260,172,0,100
10-22 15:37:47.698 29197 29476 I BatteryMgr:DataCollectionService: stats => 1697981867698,164,4260,172,0,100
10-22 15:37:47.809 29197 29476 I BatteryMgr:DataCollectionService: stats => 1697981867809,164,4260,172,0,100
10-22 15:37:47.918 29197 29476 I BatteryMgr:DataCollectionService: stats => 1697981867917,164,4260,172,0,100
10-22 15:37:47.971  3957  4128 D WifiService: getConnectionInfo uid=1000
10-22 15:37:48.029 29197 29476 I BatteryMgr:DataCollectionService: stats => 1697981868029,164,4260,172,0,100
10-22 15:37:48.142 29197 29476 I BatteryMgr:DataCollectionService: stats => 1697981868141,164,4260,172,0,100
10-22 15:37:48.251 29197 29476 I BatteryMgr:DataCollectionService: stats => 1697981868251,164,4260,172,0,100
10-22 15:37:48.357 29197 29476 I BatteryMgr:DataCollectionService: stats => 1697981868357,164,4260,172,0,100
10-22 15:37:48.463 29197 29476 I BatteryMgr:DataCollectionService: stats => 1697981868463,164,4260,172,0,100
10-22 15:37:48.536  3957  4129 D WifiStateMachine:  ConnectedState !RSSI_PKTCNT_FETCH uid=1000 rt=588275118/1644250590 0 0 "ourhome" f4:6d:2f:12:cc:88 rssi=-45 f=5240 sc=60 link=433 tx=1.6, 0.0, 0.0  rx=5.7 bcn=462006 [on:0 tx:0 rx:0 period:1002] from screen [on:894152 period:5967767] score=60
10-22 15:37:48.540  3957  4129 D WifiStateMachine:  L2ConnectedState !RSSI_PKTCNT_FETCH uid=1000 rt=588275122/1644250595 0 0 "ourhome" f4:6d:2f:12:cc:88 rssi=-45 f=5240 sc=60 link=433 tx=1.6, 0.0, 0.0  rx=5.7 bcn=462006 [on:0 tx:0 rx:0 period:4] from screen [on:894152 period:5967771] score=60
10-22 15:37:48.548  3957  4129 D WifiStateMachine: fetchRssiLinkSpeedAndFrequencyNative rssi=-46 linkspeed=433 freq=5240
10-22 15:37:48.548  3957  4129 V WifiConfigManager: Updating scan detail cache freq=5240 BSSID=f4:6d:2f:12:cc:88 RSSI=-45 for "ourhome"WPA_PSK
10-22 15:37:48.578 29197 29476 I BatteryMgr:DataCollectionService: stats => 1697981868578,164,4260,172,0,100
10-22 15:37:48.690 29197 29476 I BatteryMgr:DataCollectionService: stats => 1697981868690,164,4260,172,0,100
10-22 15:37:48.801 29197 29476 I BatteryMgr:DataCollectionService: stats => 1697981868801,164,4260,172,0,100
10-22 15:37:48.913 29197 29476 I BatteryMgr:DataCollectionService: stats => 1697981868913,164,4260,172,0,100
10-22 15:37:48.974  3957  4128 D WifiService: getConnectionInfo uid=1000
10-22 15:37:49.024 29197 29476 I BatteryMgr:DataCollectionService: stats => 1697981869024,164,4260,172,0,100
10-22 15:37:49.133 29197 29476 I BatteryMgr:DataCollectionService: stats => 1697981869133,164,4260,172,0,100
10-22 15:37:49.244 29197 29476 I BatteryMgr:DataCollectionService: stats => 1697981869244,164,4260,172,0,100
10-22 15:37:49.310  3957  4129 D WifiStateMachine:  ConnectedState !CMD_RSSI_POLL rt=588275892/1644251365 108 0 "ourhome" f4:6d:2f:12:cc:88 rssi=-46 f=5240 sc=60 link=433 tx=1.6, 0.0, 0.0  rx=5.7 bcn=462006 [on:0 tx:0 rx:0 period:770] from screen [on:894152 period:5968541] score=60
10-22 15:37:49.311  3957  4129 D WifiStateMachine:  L2ConnectedState !CMD_RSSI_POLL rt=588275896/1644251368 108 0 "ourhome" f4:6d:2f:12:cc:88 rssi=-46 f=5240 sc=60 link=433 tx=1.6, 0.0, 0.0  rx=5.7 bcn=462006 [on:0 tx:0 rx:0 period:1] from screen [on:894152 period:5968542] score=60
10-22 15:37:49.312  3957  4129 D WifiStateMachine:  get link layer stats 3
10-22 15:37:49.312  3436  3436 I android.hardware.wifi@1.0-service: getLinkLayerStats
10-22 15:37:49.330  3957  4129 D WifiStateMachine: fetchRssiLinkSpeedAndFrequencyNative rssi=-45 linkspeed=433 freq=5240
10-22 15:37:49.331  3957  4129 V WifiConfigManager: Updating scan detail cache freq=5240 BSSID=f4:6d:2f:12:cc:88 RSSI=-45 for "ourhome"WPA_PSK
10-22 15:37:49.335  4340  4340 E SignalClusterView: setSlotFocusVisible : subId -2
10-22 15:37:49.335  4340  4340 E SignalClusterView: setSlotFocusVisible : subId -2
10-22 15:37:49.354 29197 29476 I BatteryMgr:DataCollectionService: stats => 1697981869354,164,4260,172,0,100
10-22 15:37:49.466 29197 29476 I BatteryMgr:DataCollectionService: stats => 1697981869465,164,4260,172,0,100
10-22 15:37:49.534  3957  4129 D WifiStateMachine:  ConnectedState !RSSI_PKTCNT_FETCH uid=1000 rt=588276118/1644251590 0 0 "ourhome" f4:6d:2f:12:cc:88 rssi=-45 f=5240 sc=60 link=433 tx=0.6, 0.0, 0.0  rx=4.0 bcn=462034 [on:0 tx:0 rx:0 period:199] from screen [on:894392 period:5968765] score=60
10-22 15:37:49.536  3957  4129 D WifiStateMachine:  L2ConnectedState !RSSI_PKTCNT_FETCH uid=1000 rt=588276120/1644251593 0 0 "ourhome" f4:6d:2f:12:cc:88 rssi=-45 f=5240 sc=60 link=433 tx=0.6, 0.0, 0.0  rx=4.0 bcn=462034 [on:0 tx:0 rx:0 period:2] from screen [on:894392 period:5968767] score=60
10-22 15:37:49.539  3957  4129 D WifiStateMachine: fetchRssiLinkSpeedAndFrequencyNative rssi=-47 linkspeed=433 freq=5240
10-22 15:37:49.540  3957  4129 V WifiConfigManager: Updating scan detail cache freq=5240 BSSID=f4:6d:2f:12:cc:88 RSSI=-46 for "ourhome"WPA_PSK
10-22 15:37:49.576 29197 29476 I BatteryMgr:DataCollectionService: stats => 1697981869576,164,4260,172,0,100
10-22 15:37:49.689 29197 29476 I BatteryMgr:DataCollectionService: stats => 1697981869688,164,4260,172,0,100
10-22 15:37:49.799 29197 29476 I BatteryMgr:DataCollectionService: stats => 1697981869798,164,4260,172,0,100
10-22 15:37:49.896  3957  4654 D SamsungAlarmManager: Cancel Alarm calling from uid:10020 pid :4346 / op:PendingIntent{ab6453f: PendingIntentRecord{3e8cf4c com.facebook.services broadcastIntent}}
10-22 15:37:49.907 29197 29476 I BatteryMgr:DataCollectionService: stats => 1697981869907,164,4260,172,0,100
10-22 15:37:49.977  3957  4128 D WifiService: getConnectionInfo uid=1000
10-22 15:37:50.015 29197 29476 I BatteryMgr:DataCollectionService: stats => 1697981870015,164,4260,172,0,100
10-22 15:37:50.126 29197 29476 I BatteryMgr:DataCollectionService: stats => 1697981870126,164,4260,172,0,100
10-22 15:37:50.233 29197 29476 I BatteryMgr:DataCollectionService: stats => 1697981870233,164,4260,172,0,100
10-22 15:37:50.345 29197 29476 I BatteryMgr:DataCollectionService: stats => 1697981870345,164,4260,172,0,100
10-22 15:37:50.391 29241 29468 I SessionStorage/AutoSave: Save: Periodic
10-22 15:37:50.455 29197 29476 I BatteryMgr:DataCollectionService: stats => 1697981870454,164,4260,172,0,100
10-22 15:37:50.536  3957  4129 D WifiStateMachine:  ConnectedState !RSSI_PKTCNT_FETCH uid=1000 rt=588277119/1644252591 0 0 "ourhome" f4:6d:2f:12:cc:88 rssi=-47 f=5240 sc=60 link=433 tx=0.6, 0.0, 0.0  rx=4.0 bcn=462034 [on:0 tx:0 rx:0 period:1000] from screen [on:894392 period:5969767] score=60
10-22 15:37:50.539  3957  4129 D WifiStateMachine:  L2ConnectedState !RSSI_PKTCNT_FETCH uid=1000 rt=588277122/1644252594 0 0 "ourhome" f4:6d:2f:12:cc:88 rssi=-47 f=5240 sc=60 link=433 tx=0.6, 0.0, 0.0  rx=4.0 bcn=462034 [on:0 tx:0 rx:0 period:2] from screen [on:894392 period:5969769] score=60
10-22 15:37:50.545  3957  4129 D WifiStateMachine: fetchRssiLinkSpeedAndFrequencyNative rssi=-45 linkspeed=433 freq=5240
10-22 15:37:50.545  3957  4129 V WifiConfigManager: Updating scan detail cache freq=5240 BSSID=f4:6d:2f:12:cc:88 RSSI=-45 for "ourhome"WPA_PSK
10-22 15:37:50.569 29197 29476 I BatteryMgr:DataCollectionService: stats => 1697981870569,164,4260,172,0,100
10-22 15:37:50.685 29197 29476 I BatteryMgr:DataCollectionService: stats => 1697981870684,164,4260,172,0,100
10-22 15:37:50.796 29197 29476 I BatteryMgr:DataCollectionService: stats => 1697981870796,164,4260,172,0,100
10-22 15:37:50.905 29197 29476 I BatteryMgr:DataCollectionService: stats => 1697981870905,164,4260,172,0,100
10-22 15:37:50.979  3957  4128 D WifiService: getConnectionInfo uid=1000
10-22 15:37:51.024 29197 29476 I BatteryMgr:DataCollectionService: stats => 1697981871024,164,4260,172,0,100
10-22 15:37:51.134 29197 29476 I BatteryMgr:DataCollectionService: stats => 1697981871134,164,4260,172,0,100
10-22 15:37:51.244 29197 29476 I BatteryMgr:DataCollectionService: stats => 1697981871244,164,4260,172,0,100
10-22 15:37:51.352 29197 29476 I BatteryMgr:DataCollectionService: stats => 1697981871351,164,4260,172,0,100
10-22 15:37:51.462 29197 29476 I BatteryMgr:DataCollectionService: stats => 1697981871462,164,4260,172,0,100
10-22 15:37:51.537  3957  4129 D WifiStateMachine:  ConnectedState !RSSI_PKTCNT_FETCH uid=1000 rt=588278121/1644253593 0 0 "ourhome" f4:6d:2f:12:cc:88 rssi=-45 f=5240 sc=60 link=433 tx=0.6, 0.0, 0.0  rx=4.0 bcn=462034 [on:0 tx:0 rx:0 period:999] from screen [on:894392 period:5970768] score=60
10-22 15:37:51.540  3957  4129 D WifiStateMachine:  L2ConnectedState !RSSI_PKTCNT_FETCH uid=1000 rt=588278123/1644253596 0 0 "ourhome" f4:6d:2f:12:cc:88 rssi=-45 f=5240 sc=60 link=433 tx=0.6, 0.0, 0.0  rx=4.0 bcn=462034 [on:0 tx:0 rx:0 period:3] from screen [on:894392 period:5970771] score=60
10-22 15:37:51.542  3957  4129 D WifiStateMachine: fetchRssiLinkSpeedAndFrequencyNative rssi=-46 linkspeed=433 freq=5240
10-22 15:37:51.542  3957  4129 V WifiConfigManager: Updating scan detail cache freq=5240 BSSID=f4:6d:2f:12:cc:88 RSSI=-45 for "ourhome"WPA_PSK
10-22 15:37:51.565  4961  4961 D io_stats: !@ 179,0 r 9157169 298432668 w 2061630 40655664 d 164835 36505332 f 624670 649374 iot 4210064 3639813 th 51200 0 0 pt 0 inp 0 0 588278.150
10-22 15:37:51.572 29197 29476 I BatteryMgr:DataCollectionService: stats => 1697981871572,164,4260,172,0,100
10-22 15:37:51.601  3957  6478 D SSRM:k  : SIOP:: AP = 380, PST = 374 (W:12), BAT = 315, USB = 0, CHG = 0
10-22 15:37:51.621  3957  6478 D TelephonyManager: getAllCellInfo : Caller (PID / UID / TID): 3957 / 1000 / 6478
10-22 15:37:51.668  4340  4731 D NetworkController.MobileSignalController(0/-2): onSignalStrengthsChanged signalStrength=SignalStrength: 24 99 -24 -200 -24 -200 -1 99 2147483647 2147483647 2147483647 2147483647 0 2147483647 0x4 P gsm|lte level=4
10-22 15:37:51.668  4340  4731 D NetworkController.MobileSignalController(0/-2): getMobileIconGroup(): 0
10-22 15:37:51.677 29197 29476 I BatteryMgr:DataCollectionService: stats => 1697981871677,164,4260,172,0,100
10-22 15:37:51.711  3957  6478 D WifiService: getConnectionInfo uid=1000
10-22 15:37:51.782 29197 29476 I BatteryMgr:DataCollectionService: stats => 1697981871782,164,4260,172,0,100
10-22 15:37:51.889 29197 29476 I BatteryMgr:DataCollectionService: stats => 1697981871889,164,4260,172,0,100
10-22 15:37:51.902  2479  2548 D ScanRecord: same manuId data exists, combine both data and store
10-22 15:37:51.903  2479  2548 D ScanRecord: It's a Multi Manu data
10-22 15:37:51.903  2479  2548 I chatty  : uid=1002(bluetooth) BT Service Call identical 9 lines
10-22 15:37:51.903  2479  2548 D ScanRecord: It's a Multi Manu data
10-22 15:37:51.903  2479  2548 D ScanRecord: same manuId data exists, combine both data and store
10-22 15:37:51.914  2479  2548 D ScanRecord: Not a Multi Manu data
10-22 15:37:51.976  2479  2548 I chatty  : uid=1002(bluetooth) BT Service Call identical 108 lines
10-22 15:37:51.976  2479  2548 D ScanRecord: Not a Multi Manu data
10-22 15:37:51.981  3957  4128 D WifiService: getConnectionInfo uid=1000
10-22 15:37:51.981  2479  2548 D ScanRecord: Not a Multi Manu data
10-22 15:37:51.987  2479  2548 I chatty  : uid=1002(bluetooth) BT Service Call identical 20 lines
10-22 15:37:51.987  2479  2548 D ScanRecord: Not a Multi Manu data
10-22 15:37:51.996 29197 29476 I BatteryMgr:DataCollectionService: stats => 1697981871996,164,4260,172,0,100
10-22 15:37:51.997  2479  2548 D ScanRecord: Not a Multi Manu data
10-22 15:37:52.099  2479  2548 I chatty  : uid=1002(bluetooth) BT Service Call identical 86 lines
10-22 15:37:52.099  2479  2548 D ScanRecord: Not a Multi Manu data
10-22 15:37:52.101 29197 29476 I BatteryMgr:DataCollectionService: stats => 1697981872101,164,4260,172,0,100
10-22 15:37:52.119  2479  2548 D ScanRecord: Not a Multi Manu data
10-22 15:37:52.176  2479  2548 I chatty  : uid=1002(bluetooth) BT Service Call identical 53 lines
10-22 15:37:52.176  2479  2548 D ScanRecord: Not a Multi Manu data
10-22 15:37:52.210 29197 29476 I BatteryMgr:DataCollectionService: stats => 1697981872210,164,4260,172,0,100
10-22 15:37:52.242  2479  2548 D ScanRecord: Not a Multi Manu data
10-22 15:37:52.307  2479  2548 I chatty  : uid=1002(bluetooth) BT Service Call identical 108 lines
10-22 15:37:52.307  2479  2548 D ScanRecord: Not a Multi Manu data
10-22 15:37:52.316 29197 29476 I BatteryMgr:DataCollectionService: stats => 1697981872316,164,4260,172,0,100
10-22 15:37:52.334  3957  4129 D WifiStateMachine:  ConnectedState !CMD_RSSI_POLL rt=588278918/1644254391 108 0 "ourhome" f4:6d:2f:12:cc:88 rssi=-46 f=5240 sc=60 link=433 tx=0.6, 0.0, 0.0  rx=4.0 bcn=462034 [on:0 tx:0 rx:0 period:794] from screen [on:894392 period:5971565] score=60
10-22 15:37:52.336  3957  4129 D WifiStateMachine:  L2ConnectedState !CMD_RSSI_POLL rt=588278920/1644254393 108 0 "ourhome" f4:6d:2f:12:cc:88 rssi=-46 f=5240 sc=60 link=433 tx=0.6, 0.0, 0.0  rx=4.0 bcn=462034 [on:0 tx:0 rx:0 period:2] from screen [on:894392 period:5971567] score=60
10-22 15:37:52.336  3957  4129 D WifiStateMachine:  get link layer stats 3
10-22 15:37:52.337  3436  3436 I android.hardware.wifi@1.0-service: getLinkLayerStats
10-22 15:37:52.340  2479  2548 D ScanRecord: Not a Multi Manu data
10-22 15:37:52.341  2479  2548 I chatty  : uid=1002(bluetooth) BT Service Call identical 20 lines
10-22 15:37:52.341  2479  2548 D ScanRecord: Not a Multi Manu data
10-22 15:37:52.342  3957  4129 D WifiStateMachine: fetchRssiLinkSpeedAndFrequencyNative rssi=-46 linkspeed=433 freq=5240
10-22 15:37:52.342  3957  4129 V WifiConfigManager: Updating scan detail cache freq=5240 BSSID=f4:6d:2f:12:cc:88 RSSI=-45 for "ourhome"WPA_PSK
10-22 15:37:52.346  2479  2548 D ScanRecord: Not a Multi Manu data
10-22 15:37:52.346  2479  2548 I chatty  : uid=1002(bluetooth) BT Service Call identical 9 lines
10-22 15:37:52.346  2479  2548 D ScanRecord: Not a Multi Manu data
10-22 15:37:52.348  4340  4340 E SignalClusterView: setSlotFocusVisible : subId -2
10-22 15:37:52.348  4340  4340 E SignalClusterView: setSlotFocusVisible : subId -2
10-22 15:37:52.354  2479  2548 D ScanRecord: Not a Multi Manu data
10-22 15:37:52.377  2479  2548 I chatty  : uid=1002(bluetooth) BT Service Call identical 64 lines
10-22 15:37:52.377  2479  2548 D ScanRecord: Not a Multi Manu data
10-22 15:37:52.424 29197 29476 I BatteryMgr:DataCollectionService: stats => 1697981872424,164,4260,172,0,100
10-22 15:37:52.530 29197 29476 I BatteryMgr:DataCollectionService: stats => 1697981872530,164,4260,172,0,100
10-22 15:37:52.537  3957  4129 D WifiStateMachine:  ConnectedState !RSSI_PKTCNT_FETCH uid=1000 rt=588279121/1644254593 0 0 "ourhome" f4:6d:2f:12:cc:88 rssi=-46 f=5240 sc=60 link=433 tx=15.4, 0.0, 0.0  rx=26.2 bcn=462062 [on:0 tx:0 rx:0 period:190] from screen [on:896291 period:5971768] score=60
10-22 15:37:52.539  3957  4129 D WifiStateMachine:  L2ConnectedState !RSSI_PKTCNT_FETCH uid=1000 rt=588279123/1644254595 0 0 "ourhome" f4:6d:2f:12:cc:88 rssi=-46 f=5240 sc=60 link=433 tx=15.4, 0.0, 0.0  rx=26.2 bcn=462062 [on:0 tx:0 rx:0 period:2] from screen [on:896291 period:5971770] score=60
10-22 15:37:52.546  3957  4129 D WifiStateMachine: fetchRssiLinkSpeedAndFrequencyNative rssi=-46 linkspeed=433 freq=5240
10-22 15:37:52.547  3957  4129 V WifiConfigManager: Updating scan detail cache freq=5240 BSSID=f4:6d:2f:12:cc:88 RSSI=-45 for "ourhome"WPA_PSK
10-22 15:37:52.641 29197 29476 I BatteryMgr:DataCollectionService: stats => 1697981872641,164,4260,172,0,100
10-22 15:37:52.751 29197 29476 I BatteryMgr:DataCollectionService: stats => 1697981872750,164,4260,172,0,100
10-22 15:37:52.762 29241 29252 I zygote64: Background concurrent copying GC freed 129560(5MB) AllocSpace objects, 40(992KB) LOS objects, 49% free, 4MB/8MB, paused 9.936ms total 150.918ms
10-22 15:37:52.858 29197 29476 I BatteryMgr:DataCollectionService: stats => 1697981872858,164,4260,172,0,100
10-22 15:37:52.965 29197 29476 I BatteryMgr:DataCollectionService: stats => 1697981872965,164,4260,172,0,100
10-22 15:37:52.984  3957  4128 D WifiService: getConnectionInfo uid=1000
10-22 15:37:53.073 29197 29476 I BatteryMgr:DataCollectionService: stats => 1697981873073,164,4260,172,0,100
10-22 15:37:53.182 29197 29476 I BatteryMgr:DataCollectionService: stats => 1697981873182,164,4260,172,0,100
10-22 15:37:53.292 29197 29476 I BatteryMgr:DataCollectionService: stats => 1697981873292,164,4260,172,0,100
10-22 15:37:53.403 29197 29476 I BatteryMgr:DataCollectionService: stats => 1697981873403,164,4260,172,0,100
10-22 15:37:53.514 29197 29476 I BatteryMgr:DataCollectionService: stats => 1697981873514,164,4260,172,0,100
10-22 15:37:53.539  3957  4129 D WifiStateMachine:  ConnectedState !RSSI_PKTCNT_FETCH uid=1000 rt=588280122/1644255595 0 0 "ourhome" f4:6d:2f:12:cc:88 rssi=-46 f=5240 sc=60 link=433 tx=15.4, 0.0, 0.0  rx=26.2 bcn=462062 [on:0 tx:0 rx:0 period:1000] from screen [on:896291 period:5972770] score=60
10-22 15:37:53.541  3957  4129 D WifiStateMachine:  L2ConnectedState !RSSI_PKTCNT_FETCH uid=1000 rt=588280125/1644255598 0 0 "ourhome" f4:6d:2f:12:cc:88 rssi=-46 f=5240 sc=60 link=433 tx=15.4, 0.0, 0.0  rx=26.2 bcn=462062 [on:0 tx:0 rx:0 period:2] from screen [on:896291 period:5972772] score=60
10-22 15:37:53.548  3957  4129 D WifiStateMachine: fetchRssiLinkSpeedAndFrequencyNative rssi=-46 linkspeed=433 freq=5240
10-22 15:37:53.548  3957  4129 V WifiConfigManager: Updating scan detail cache freq=5240 BSSID=f4:6d:2f:12:cc:88 RSSI=-45 for "ourhome"WPA_PSK
10-22 15:37:53.624 29197 29476 I BatteryMgr:DataCollectionService: stats => 1697981873623,164,4260,172,0,100
10-22 15:37:53.649  3957  4030 D SensorService: [SO] 0.235 -0.163 9.960
10-22 15:37:53.731 29197 29476 I BatteryMgr:DataCollectionService: stats => 1697981873731,164,4260,172,0,100
10-22 15:37:53.839 29197 29476 I BatteryMgr:DataCollectionService: stats => 1697981873839,164,4260,172,0,100
10-22 15:37:53.952 29197 29476 I BatteryMgr:DataCollectionService: stats => 1697981873951,164,4260,172,0,100
10-22 15:37:53.986  3957  4128 D WifiService: getConnectionInfo uid=1000
10-22 15:37:54.061 29197 29476 I BatteryMgr:DataCollectionService: stats => 1697981874061,227,4260,172,0,100
10-22 15:37:54.061 29740 29756 I Finsky  : [20635] noc.run(136): Stats for Executor: BlockingExecutor odp@c99aa62[Running, pool size = 5, active threads = 0, queued tasks = 0, completed tasks = 21]
10-22 15:37:54.064 29740 29756 I Finsky  : [20635] noc.run(136): Stats for Executor: LightweightExecutor odp@92397f3[Running, pool size = 4, active threads = 0, queued tasks = 0, completed tasks = 112]
10-22 15:37:54.170 29197 29476 I BatteryMgr:DataCollectionService: stats => 1697981874169,227,4260,145,0,100
10-22 15:37:54.258 29740 29756 I Finsky  : [20635] noc.run(136): Stats for Executor: bgExecutor odp@565ecb0[Running, pool size = 4, active threads = 0, queued tasks = 0, completed tasks = 127]
10-22 15:37:54.282 29197 29476 I BatteryMgr:DataCollectionService: stats => 1697981874281,227,4260,145,0,100
10-22 15:37:54.389 29197 29476 I BatteryMgr:DataCollectionService: stats => 1697981874389,227,4260,145,0,100
10-22 15:37:54.499 29197 29476 I BatteryMgr:DataCollectionService: stats => 1697981874499,227,4260,145,0,100
10-22 15:37:54.540  3957  4129 D WifiStateMachine:  ConnectedState !RSSI_PKTCNT_FETCH uid=1000 rt=588281124/1644256597 0 0 "ourhome" f4:6d:2f:12:cc:88 rssi=-46 f=5240 sc=60 link=433 tx=15.4, 0.0, 0.0  rx=26.2 bcn=462062 [on:0 tx:0 rx:0 period:999] from screen [on:896291 period:5973771] score=60
10-22 15:37:54.544  3957  4129 D WifiStateMachine:  L2ConnectedState !RSSI_PKTCNT_FETCH uid=1000 rt=588281126/1644256599 0 0 "ourhome" f4:6d:2f:12:cc:88 rssi=-46 f=5240 sc=60 link=433 tx=15.4, 0.0, 0.0  rx=26.2 bcn=462062 [on:0 tx:0 rx:0 period:4] from screen [on:896291 period:5973775] score=60
10-22 15:37:54.547  3957  4129 D WifiStateMachine: fetchRssiLinkSpeedAndFrequencyNative rssi=-47 linkspeed=433 freq=5240
10-22 15:37:54.548  3957  4129 V WifiConfigManager: Updating scan detail cache freq=5240 BSSID=f4:6d:2f:12:cc:88 RSSI=-46 for "ourhome"WPA_PSK
10-22 15:37:54.589  3957 14904 D BatteryService: !@BatteryListener : batteryPropertiesChanged!
10-22 15:37:54.610 29197 29476 I BatteryMgr:DataCollectionService: stats => 1697981874610,227,4260,145,0,100
10-22 15:37:54.720 29197 29476 I BatteryMgr:DataCollectionService: stats => 1697981874720,227,4260,145,0,100
10-22 15:37:54.831 29197 29476 I BatteryMgr:DataCollectionService: stats => 1697981874831,227,4260,145,0,100
10-22 15:37:54.941 29197 29476 I BatteryMgr:DataCollectionService: stats => 1697981874940,227,4260,145,0,100
10-22 15:37:54.988  3957  4128 D WifiService: getConnectionInfo uid=1000
10-22 15:37:55.047 29197 29476 I BatteryMgr:DataCollectionService: stats => 1697981875047,227,4260,145,0,100
10-22 15:37:55.155 29197 29476 I BatteryMgr:DataCollectionService: stats => 1697981875155,227,4260,145,0,100
10-22 15:37:55.264 29197 29476 I BatteryMgr:DataCollectionService: stats => 1697981875264,227,4260,145,0,100
10-22 15:37:55.348  3957  4129 D WifiStateMachine:  ConnectedState !CMD_RSSI_POLL rt=588281930/1644257402 108 0 "ourhome" f4:6d:2f:12:cc:88 rssi=-47 f=5240 sc=60 link=433 tx=15.4, 0.0, 0.0  rx=26.2 bcn=462062 [on:0 tx:0 rx:0 period:803] from screen [on:896291 period:5974578] score=60
10-22 15:37:55.350  3957  4129 D WifiStateMachine:  L2ConnectedState !CMD_RSSI_POLL rt=588281934/1644257406 108 0 "ourhome" f4:6d:2f:12:cc:88 rssi=-47 f=5240 sc=60 link=433 tx=15.4, 0.0, 0.0  rx=26.2 bcn=462062 [on:0 tx:0 rx:0 period:2] from screen [on:896291 period:5974580] score=60
10-22 15:37:55.350  3957  4129 D WifiStateMachine:  get link layer stats 3
10-22 15:37:55.350  3436  3436 I android.hardware.wifi@1.0-service: getLinkLayerStats
10-22 15:37:55.369  3957  4129 D WifiStateMachine: fetchRssiLinkSpeedAndFrequencyNative rssi=-44 linkspeed=433 freq=5240
10-22 15:37:55.370  3957  4129 V WifiConfigManager: Updating scan detail cache freq=5240 BSSID=f4:6d:2f:12:cc:88 RSSI=-44 for "ourhome"WPA_PSK
10-22 15:37:55.375  4340  4340 E SignalClusterView: setSlotFocusVisible : subId -2
10-22 15:37:55.375  4340  4340 E SignalClusterView: setSlotFocusVisible : subId -2
10-22 15:37:55.376 29197 29476 I BatteryMgr:DataCollectionService: stats => 1697981875376,227,4260,145,0,100
10-22 15:37:55.485 29197 29476 I BatteryMgr:DataCollectionService: stats => 1697981875485,227,4260,145,0,100
10-22 15:37:55.489 29827 29855 I Finsky:background: [20638] noc.run(136): Stats for Executor: bgExecutor odp@7d883b9[Running, pool size = 0, active threads = 0, queued tasks = 0, completed tasks = 0]
10-22 15:37:55.516 29827 29855 I Finsky:background: [20638] noc.run(136): Stats for Executor: LightweightExecutor odp@968a3fe[Running, pool size = 0, active threads = 0, queued tasks = 0, completed tasks = 0]
10-22 15:37:55.541  3957  4129 D WifiStateMachine:  ConnectedState !RSSI_PKTCNT_FETCH uid=1000 rt=588282124/1644257597 0 0 "ourhome" f4:6d:2f:12:cc:88 rssi=-44 f=5240 sc=60 link=433 tx=7.5, 0.0, 0.0  rx=12.1 bcn=462090 [on:0 tx:0 rx:0 period:167] from screen [on:896813 period:5974772] score=60
10-22 15:37:55.543  3957  4129 D WifiStateMachine:  L2ConnectedState !RSSI_PKTCNT_FETCH uid=1000 rt=588282127/1644257600 0 0 "ourhome" f4:6d:2f:12:cc:88 rssi=-44 f=5240 sc=60 link=433 tx=7.5, 0.0, 0.0  rx=12.1 bcn=462090 [on:0 tx:0 rx:0 period:2] from screen [on:896813 period:5974774] score=60
10-22 15:37:55.550  3957  4129 D WifiStateMachine: fetchRssiLinkSpeedAndFrequencyNative rssi=-44 linkspeed=433 freq=5240
10-22 15:37:55.550  3957  4129 V WifiConfigManager: Updating scan detail cache freq=5240 BSSID=f4:6d:2f:12:cc:88 RSSI=-44 for "ourhome"WPA_PSK
10-22 15:37:55.594 29197 29476 I BatteryMgr:DataCollectionService: stats => 1697981875594,227,4260,145,0,100
10-22 15:37:55.706 29197 29476 I BatteryMgr:DataCollectionService: stats => 1697981875706,227,4260,145,0,100
10-22 15:37:55.817 29197 29476 I BatteryMgr:DataCollectionService: stats => 1697981875817,227,4260,145,0,100
10-22 15:37:55.933 29197 29476 I BatteryMgr:DataCollectionService: stats => 1697981875933,227,4260,145,0,100
10-22 15:37:55.991  3957  4128 D WifiService: getConnectionInfo uid=1000
10-22 15:37:56.044 29197 29476 I BatteryMgr:DataCollectionService: stats => 1697981876044,227,4260,145,0,100
10-22 15:37:56.152 29197 29476 I BatteryMgr:DataCollectionService: stats => 1697981876152,227,4260,145,0,100
10-22 15:37:56.261 29197 29476 I BatteryMgr:DataCollectionService: stats => 1697981876261,227,4260,145,0,100
10-22 15:37:56.373 29197 29476 I BatteryMgr:DataCollectionService: stats => 1697981876373,227,4260,145,0,100
10-22 15:37:56.483 29197 29476 I BatteryMgr:DataCollectionService: stats => 1697981876482,227,4260,145,0,100
10-22 15:37:56.543  3957  4129 D WifiStateMachine:  ConnectedState !RSSI_PKTCNT_FETCH uid=1000 rt=588283126/1644258599 0 0 "ourhome" f4:6d:2f:12:cc:88 rssi=-44 f=5240 sc=60 link=433 tx=7.5, 0.0, 0.0  rx=12.1 bcn=462090 [on:0 tx:0 rx:0 period:999] from screen [on:896813 period:5975773] score=60
10-22 15:37:56.545  3957  4129 D WifiStateMachine:  L2ConnectedState !RSSI_PKTCNT_FETCH uid=1000 rt=588283128/1644258601 0 0 "ourhome" f4:6d:2f:12:cc:88 rssi=-44 f=5240 sc=60 link=433 tx=7.5, 0.0, 0.0  rx=12.1 bcn=462090 [on:0 tx:0 rx:0 period:3] from screen [on:896813 period:5975776] score=60
10-22 15:37:56.551  3957  4129 D WifiStateMachine: fetchRssiLinkSpeedAndFrequencyNative rssi=-47 linkspeed=433 freq=5240
10-22 15:37:56.551  3957  4129 V WifiConfigManager: Updating scan detail cache freq=5240 BSSID=f4:6d:2f:12:cc:88 RSSI=-45 for "ourhome"WPA_PSK
10-22 15:37:56.567  4961  4961 D io_stats: !@ 179,0 r 9157474 298442964 w 2061648 40655844 d 164838 36505404 f 624671 649375 iot 4210216 3639929 th 51200 0 0 pt 0 inp 0 0 588283.152
10-22 15:37:56.590 29197 29476 I BatteryMgr:DataCollectionService: stats => 1697981876590,227,4260,145,0,100
10-22 15:37:56.700 29197 29476 I BatteryMgr:DataCollectionService: stats => 1697981876700,227,4260,145,0,100
10-22 15:37:56.810 29197 29476 I BatteryMgr:DataCollectionService: stats => 1697981876809,227,4260,145,0,100
10-22 15:37:56.903  2479  2548 D ScanRecord: Not a Multi Manu data
10-22 15:37:56.907  2479  2548 I chatty  : uid=1002(bluetooth) BT Service Call identical 20 lines
10-22 15:37:56.907  2479  2548 D ScanRecord: Not a Multi Manu data
10-22 15:37:56.918 29197 29476 I BatteryMgr:DataCollectionService: stats => 1697981876918,227,4260,145,0,100
10-22 15:37:56.925  2479  2548 D ScanRecord: Not a Multi Manu data
10-22 15:37:56.958  2479  2548 I chatty  : uid=1002(bluetooth) BT Service Call identical 64 lines
10-22 15:37:56.958  2479  2548 D ScanRecord: Not a Multi Manu data
10-22 15:37:56.965  2479  2548 D ScanRecord: same manuId data exists, combine both data and store
10-22 15:37:56.965  2479  2548 D ScanRecord: It's a Multi Manu data
10-22 15:37:56.965  2479  2548 I chatty  : uid=1002(bluetooth) BT Service Call identical 9 lines
10-22 15:37:56.965  2479  2548 D ScanRecord: It's a Multi Manu data
10-22 15:37:56.965  2479  2548 D ScanRecord: same manuId data exists, combine both data and store
10-22 15:37:56.982  2479  2548 D ScanRecord: Not a Multi Manu data
10-22 15:37:56.982  2479  2548 I chatty  : uid=1002(bluetooth) BT Service Call identical 9 lines
10-22 15:37:56.982  2479  2548 D ScanRecord: Not a Multi Manu data
10-22 15:37:56.994  3957  4128 D WifiService: getConnectionInfo uid=1000
10-22 15:37:57.024 29197 29476 I BatteryMgr:DataCollectionService: stats => 1697981877024,227,4260,145,0,100
10-22 15:37:57.034  2479  2548 D ScanRecord: Not a Multi Manu data
10-22 15:37:57.132  2479  2548 I chatty  : uid=1002(bluetooth) BT Service Call identical 130 lines
10-22 15:37:57.132  2479  2548 D ScanRecord: Not a Multi Manu data
10-22 15:37:57.133 29197 29476 I BatteryMgr:DataCollectionService: stats => 1697981877132,227,4260,145,0,100
10-22 15:37:57.139  2479  2548 D ScanRecord: Not a Multi Manu data
10-22 15:37:57.142  2479  2548 I chatty  : uid=1002(bluetooth) BT Service Call identical 20 lines
10-22 15:37:57.142  2479  2548 D ScanRecord: Not a Multi Manu data
10-22 15:37:57.148  2479  2548 D ScanRecord: same manuId data exists, combine both data and store
10-22 15:37:57.148  2479  2548 D ScanRecord: It's a Multi Manu data
10-22 15:37:57.148  2479  2548 I chatty  : uid=1002(bluetooth) BT Service Call identical 9 lines
10-22 15:37:57.148  2479  2548 D ScanRecord: It's a Multi Manu data
10-22 15:37:57.148  2479  2548 D ScanRecord: same manuId data exists, combine both data and store
10-22 15:37:57.152  2479  2548 D ScanRecord: Not a Multi Manu data
10-22 15:37:57.211  2479  2548 I chatty  : uid=1002(bluetooth) BT Service Call identical 64 lines
10-22 15:37:57.211  2479  2548 D ScanRecord: Not a Multi Manu data
10-22 15:37:57.241 29197 29476 I BatteryMgr:DataCollectionService: stats => 1697981877241,227,4260,145,0,100
10-22 15:37:57.249  2479  2548 D ScanRecord: Not a Multi Manu data
10-22 15:37:57.337  2479  2548 I chatty  : uid=1002(bluetooth) BT Service Call identical 108 lines
10-22 15:37:57.337  2479  2548 D ScanRecord: Not a Multi Manu data
10-22 15:37:57.352 29197 29476 I BatteryMgr:DataCollectionService: stats => 1697981877352,227,4260,145,0,100
10-22 15:37:57.354  2479  2548 D ScanRecord: Not a Multi Manu data
10-22 15:37:57.399  2479  2548 I chatty  : uid=1002(bluetooth) BT Service Call identical 64 lines
10-22 15:37:57.399  2479  2548 D ScanRecord: Not a Multi Manu data
10-22 15:37:57.462 29197 29476 I BatteryMgr:DataCollectionService: stats => 1697981877462,227,4260,145,0,100
10-22 15:37:57.544  3957  4129 D WifiStateMachine:  ConnectedState !RSSI_PKTCNT_FETCH uid=1000 rt=588284128/1644259600 0 0 "ourhome" f4:6d:2f:12:cc:88 rssi=-47 f=5240 sc=60 link=433 tx=7.5, 0.0, 0.0  rx=12.1 bcn=462090 [on:0 tx:0 rx:0 period:999] from screen [on:896813 period:5976775] score=60
10-22 15:37:57.546  3957  4129 D WifiStateMachine:  L2ConnectedState !RSSI_PKTCNT_FETCH uid=1000 rt=588284130/1644259602 0 0 "ourhome" f4:6d:2f:12:cc:88 rssi=-47 f=5240 sc=60 link=433 tx=7.5, 0.0, 0.0  rx=12.1 bcn=462090 [on:0 tx:0 rx:0 period:1] from screen [on:896813 period:5976776] score=60
10-22 15:37:57.552  3957  4129 D WifiStateMachine: fetchRssiLinkSpeedAndFrequencyNative rssi=-48 linkspeed=433 freq=5240
10-22 15:37:57.552  3957  4129 V WifiConfigManager: Updating scan detail cache freq=5240 BSSID=f4:6d:2f:12:cc:88 RSSI=-46 for "ourhome"WPA_PSK
10-22 15:37:57.573 29197 29476 I BatteryMgr:DataCollectionService: stats => 1697981877573,227,4260,145,0,100
10-22 15:37:57.683 29197 29476 I BatteryMgr:DataCollectionService: stats => 1697981877682,227,4260,145,0,100
10-22 15:37:57.791 29197 29476 I BatteryMgr:DataCollectionService: stats => 1697981877791,227,4260,145,0,100
10-22 15:37:57.901 29197 29476 I BatteryMgr:DataCollectionService: stats => 1697981877901,227,4260,145,0,100
10-22 15:37:57.997  3957  4128 D WifiService: getConnectionInfo uid=1000
10-22 15:37:58.010 29197 29476 I BatteryMgr:DataCollectionService: stats => 1697981878010,227,4260,145,0,100
10-22 15:37:58.119 29197 29476 I BatteryMgr:DataCollectionService: stats => 1697981878119,227,4260,145,0,100
10-22 15:37:58.228 29197 29476 I BatteryMgr:DataCollectionService: stats => 1697981878228,227,4260,145,0,100
10-22 15:37:58.337 29197 29476 I BatteryMgr:DataCollectionService: stats => 1697981878337,227,4260,145,0,100
10-22 15:37:58.373  3957  4129 D WifiStateMachine:  ConnectedState !CMD_RSSI_POLL rt=588284957/1644260429 108 0 "ourhome" f4:6d:2f:12:cc:88 rssi=-48 f=5240 sc=60 link=433 tx=7.5, 0.0, 0.0  rx=12.1 bcn=462090 [on:0 tx:0 rx:0 period:828] from screen [on:896813 period:5977604] score=60
10-22 15:37:58.375  3957  4129 D WifiStateMachine:  L2ConnectedState !CMD_RSSI_POLL rt=588284959/1644260431 108 0 "ourhome" f4:6d:2f:12:cc:88 rssi=-48 f=5240 sc=60 link=433 tx=7.5, 0.0, 0.0  rx=12.1 bcn=462090 [on:0 tx:0 rx:0 period:2] from screen [on:896813 period:5977606] score=60
10-22 15:37:58.375  3957  4129 D WifiStateMachine:  get link layer stats 3
10-22 15:37:58.376  3436  3436 I android.hardware.wifi@1.0-service: getLinkLayerStats
10-22 15:37:58.387  3957  4129 D WifiStateMachine: fetchRssiLinkSpeedAndFrequencyNative rssi=-48 linkspeed=433 freq=5240
