10-22 15:45:24.523  3957  4129 D WifiStateMachine:  ConnectedState !CMD_RSSI_POLL rt=588731106/1644706579 110 0 "ourhome" f4:6d:2f:12:cc:88 rssi=-44 f=5240 sc=60 link=433 tx=2.0, 0.0, 0.0  rx=14.7 bcn=466156 [on:0 tx:0 rx:0 period:869] from screen [on:40841 period:317337] score=60
10-22 15:45:24.524  3957  4129 D WifiStateMachine:  L2ConnectedState !CMD_RSSI_POLL rt=588731109/1644706581 110 0 "ourhome" f4:6d:2f:12:cc:88 rssi=-44 f=5240 sc=60 link=433 tx=2.0, 0.0, 0.0  rx=14.7 bcn=466156 [on:0 tx:0 rx:0 period:2] from screen [on:40841 period:317339] score=60
10-22 15:45:24.525  3957  4129 D WifiStateMachine:  get link layer stats 3
10-22 15:45:24.525  3436  3436 I android.hardware.wifi@1.0-service: getLinkLayerStats
10-22 15:45:24.544  3957  4129 D WifiStateMachine: fetchRssiLinkSpeedAndFrequencyNative rssi=-45 linkspeed=433 freq=5240
10-22 15:45:24.544  3957  4129 V WifiConfigManager: Updating scan detail cache freq=5240 BSSID=f4:6d:2f:12:cc:88 RSSI=-44 for "ourhome"WPA_PSK
10-22 15:45:24.557  4340  4340 E SignalClusterView: setSlotFocusVisible : subId -2
10-22 15:45:24.557  4340  4340 E SignalClusterView: setSlotFocusVisible : subId -2
10-22 15:45:24.625 30217 30512 I BatteryMgr:DataCollectionService: stats => 1697982324625,206,4260,177,0,100
10-22 15:45:24.650  3957  4129 D WifiStateMachine:  ConnectedState !RSSI_PKTCNT_FETCH uid=1000 rt=588731233/1644706705 0 0 "ourhome" f4:6d:2f:12:cc:88 rssi=-45 f=5240 sc=60 link=433 tx=1.4, 0.0, 0.0  rx=6.0 bcn=466184 [on:0 tx:0 rx:0 period:94] from screen [on:41335 period:317465] score=60
10-22 15:45:24.653  3957  4129 D WifiStateMachine:  L2ConnectedState !RSSI_PKTCNT_FETCH uid=1000 rt=588731236/1644706709 0 0 "ourhome" f4:6d:2f:12:cc:88 rssi=-45 f=5240 sc=60 link=433 tx=1.4, 0.0, 0.0  rx=6.0 bcn=466184 [on:0 tx:0 rx:0 period:2] from screen [on:41335 period:317467] score=60
10-22 15:45:24.659  3957  4129 D WifiStateMachine: fetchRssiLinkSpeedAndFrequencyNative rssi=-45 linkspeed=433 freq=5240
10-22 15:45:24.659  3957  4129 V WifiConfigManager: Updating scan detail cache freq=5240 BSSID=f4:6d:2f:12:cc:88 RSSI=-44 for "ourhome"WPA_PSK
10-22 15:45:24.735 30217 30512 I BatteryMgr:DataCollectionService: stats => 1697982324735,206,4260,177,0,100
10-22 15:45:24.845 30217 30512 I BatteryMgr:DataCollectionService: stats => 1697982324844,206,4260,177,0,100
10-22 15:45:24.955 30217 30512 I BatteryMgr:DataCollectionService: stats => 1697982324955,206,4260,177,0,100
10-22 15:45:25.037  3957  4128 D WifiService: getConnectionInfo uid=1000
10-22 15:45:25.063 30217 30512 I BatteryMgr:DataCollectionService: stats => 1697982325063,206,4260,177,0,100
10-22 15:45:25.173 30217 30512 I BatteryMgr:DataCollectionService: stats => 1697982325172,206,4260,177,0,100
10-22 15:45:25.283 30217 30512 I BatteryMgr:DataCollectionService: stats => 1697982325283,206,4260,177,0,100
10-22 15:45:25.391 30217 30512 I BatteryMgr:DataCollectionService: stats => 1697982325391,206,4260,177,0,100
10-22 15:45:25.500 30217 30512 I BatteryMgr:DataCollectionService: stats => 1697982325500,206,4260,177,0,100
10-22 15:45:25.608 30217 30512 I BatteryMgr:DataCollectionService: stats => 1697982325608,206,4260,177,0,100
10-22 15:45:25.642  3957  5413 D ConnectivityService: filterNetworkStateForUid() uid: 10169 networkInfo: [type: WIFI[] - WIFI, state: CONNECTED/CONNECTED, reason: (unspecified), extra: "ourhome", failover: false, available: true, roaming: false, metered: false]
10-22 15:45:25.642  3957  5413 D WifiService: getConnectionInfo uid=1000
10-22 15:45:25.644  3957  5413 D ConnectivityService: filterNetworkStateForUid() uid: 10169 networkInfo: [type: WIFI[] - WIFI, state: CONNECTED/CONNECTED, reason: (unspecified), extra: "ourhome", failover: false, available: true, roaming: false, metered: false]
10-22 15:45:25.644  3957  5413 D WifiService: getConnectionInfo uid=1000
10-22 15:45:25.647 30260 30260 D ConnectivityManager: requestNetwork; CallingUid : 10169, CallingPid : 30260
10-22 15:45:25.649  3957  5413 D ConnectivityService: requestNetwork for uid/pid:10169/30260 NetworkRequest [ TRACK_DEFAULT id=2059, [ Capabilities: INTERNET&NOT_RESTRICTED&TRUSTED&NOT_VPN] ]
10-22 15:45:25.650  3957  4157 D ConnectivityService: rematching NetworkAgentInfo [WIFI () - 509]
10-22 15:45:25.650  3957  4157 D ConnectivityService:  network has: [ Transports: WIFI Capabilities: NOT_METERED&INTERNET&NOT_RESTRICTED&TRUSTED&NOT_VPN&VALIDATED&FOREGROUND LinkUpBandwidth>=1048576Kbps LinkDnBandwidth>=1048576Kbps SignalStrength: -47]
10-22 15:45:25.650  3957  4157 D ConnectivityService:   checking if request is satisfied: NetworkRequest [ TRACK_DEFAULT id=2059, [ Capabilities: INTERNET&NOT_RESTRICTED&TRUSTED&NOT_VPN] ]
10-22 15:45:25.650  3957  4157 D ConnectivityService: currentScore = 0, newScore = 100
10-22 15:45:25.650  3957  4157 D ConnectivityService: rematch for NetworkAgentInfo [WIFI () - 509]
10-22 15:45:25.650  3957  4157 D ConnectivityService:    accepting network in place of null
10-22 15:45:25.650  3957  4129 D WifiStateMachine:  ConnectedState !RSSI_PKTCNT_FETCH uid=1000 rt=588732235/1644707707 0 0 "ourhome" f4:6d:2f:12:cc:88 rssi=-45 f=5240 sc=60 link=433 tx=1.4, 0.0, 0.0  rx=6.0 bcn=466184 [on:0 tx:0 rx:0 period:998] from screen [on:41335 period:318465] score=60
10-22 15:45:25.651  3957  4157 D ConnectivityService: sending new Min Network Score(100): NetworkRequest [ TRACK_DEFAULT id=2059, [ Capabilities: INTERNET&NOT_RESTRICTED&TRUSTED&NOT_VPN] ]
10-22 15:45:25.651  3957  4313 D Ethernet: got request NetworkRequest [ TRACK_DEFAULT id=2059, [ Capabilities: INTERNET&NOT_RESTRICTED&TRUSTED&NOT_VPN] ] with score 100
10-22 15:45:25.651  3957  4313 D Ethernet:   my score=-1, my filter=[ Transports: ETHERNET Capabilities: INTERNET&NOT_RESTRICTED&TRUSTED&NOT_VPN LinkUpBandwidth>=100000Kbps LinkDnBandwidth>=100000Kbps]
10-22 15:45:25.651  3957  4313 D Ethernet: evalRequest
10-22 15:45:25.651  3957  4313 D Ethernet:   done
10-22 15:45:25.652  3957  4157 D ConnectivityService: MultiNetwork Request(TransportType - Wi-Fi request). Internet Capability doesn't required (false)
10-22 15:45:25.652  3957  4153 D WIFI_P2P: got request NetworkRequest [ TRACK_DEFAULT id=2059, [ Capabilities: INTERNET&NOT_RESTRICTED&TRUSTED&NOT_VPN] ] with score 100
10-22 15:45:25.652  3957  4157 D ConnectivityService: Network NetworkAgentInfo [WIFI () - 509] was already satisfying request 1. No change.
10-22 15:45:25.652  3957  4153 D WIFI_P2P:   my score=60, my filter=[ Transports: WIFI Capabilities: WIFI_P2P&NOT_RESTRICTED&TRUSTED&NOT_VPN LinkUpBandwidth>=1048576Kbps LinkDnBandwidth>=1048576Kbps]
10-22 15:45:25.652  3957  4153 D WIFI_P2P: evalRequest
10-22 15:45:25.652  3957  4157 D ConnectivityService: Network NetworkAgentInfo [WIFI () - 509] was already satisfying request 3. No change.
10-22 15:45:25.652  3957  4153 D WIFI_P2P:   done
10-22 15:45:25.652  3957  4157 D ConnectivityService: Network NetworkAgentInfo [WIFI () - 509] was already satisfying request 2025. No change.
10-22 15:45:25.652  3957  4157 D ConnectivityService: Network NetworkAgentInfo [WIFI () - 509] was already satisfying request 2058. No change.
10-22 15:45:25.652  3957  4157 D ConnectivityService: sending mNetworkRequests to WWSM through Network Monitor [ Transports: WIFI Capabilities: NOT_RESTRICTED&TRUSTED&NOT_VPN]
10-22 15:45:25.652  3957  4157 D ConnectivityService: multi(falsetruefalse)
10-22 15:45:25.652  4616  4616 D PhoneSwitcherNetworkRequstListener: got request NetworkRequest [ TRACK_DEFAULT id=2059, [ Capabilities: INTERNET&NOT_RESTRICTED&TRUSTED&NOT_VPN] ] with score 100
10-22 15:45:25.652  3957  4157 D ConnectivityService: sending notification AVAILABLE for NetworkRequest [ TRACK_DEFAULT id=2059, [ Capabilities: INTERNET&NOT_RESTRICTED&TRUSTED&NOT_VPN] ]
10-22 15:45:25.652  3957 23685 D NetworkMonitor/NetworkAgentInfo [WIFI () - 509]: EvaluatingState{ when=0 what=151659 arg1=1 obj=Bundle[{UID=10025, requestID=2056}] target=com.android.internal.util.StateMachine$SmHandler }
10-22 15:45:25.652  4616  4616 D PhoneSwitcherNetworkRequstListener:   my score=101, my filter=[ Transports: CELLULAR Capabilities: MMS&SUPL&DUN&FOTA&IMS&CBS&IA&RCS&XCAP&EIMS&INTERNET&NOT_RESTRICTED&TRUSTED&NOT_VPN&ENT1 Specifier: <android.net.MatchAllNetworkSpecifier@0>]
10-22 15:45:25.652  3957 23685 D NetworkMonitor/NetworkAgentInfo [WIFI () - 509]: MaybeNotifyState{ when=0 what=151659 arg1=1 obj=Bundle[{UID=10025, requestID=2056}] target=com.android.internal.util.StateMachine$SmHandler }
10-22 15:45:25.653  4616  4616 D PhoneSwitcherNetworkRequstListener: evalRequest
10-22 15:45:25.653  4616  4616 D PhoneSwitcherNetworkRequstListener:   needNetworkFor
10-22 15:45:25.653  3957 23685 D NetworkMonitor/NetworkAgentInfo [WIFI () - 509]: DefaultState{ when=0 what=151659 arg1=1 obj=Bundle[{UID=10025, requestID=2056}] target=com.android.internal.util.StateMachine$SmHandler }
10-22 15:45:25.654  3957  4157 D ConnectivityService: sending notification CAP_CHANGED for NetworkRequest [ TRACK_DEFAULT id=2059, [ Capabilities: INTERNET&NOT_RESTRICTED&TRUSTED&NOT_VPN] ]
10-22 15:45:25.655  3957  4157 D ConnectivityService: sending notification IP_CHANGED for NetworkRequest [ TRACK_DEFAULT id=2059, [ Capabilities: INTERNET&NOT_RESTRICTED&TRUSTED&NOT_VPN] ]
10-22 15:45:25.657  3957  5413 D ConnectivityService: filterNetworkStateForUid() uid: 10169 networkInfo: [type: WIFI[] - WIFI, state: CONNECTED/CONNECTED, reason: (unspecified), extra: "ourhome", failover: false, available: true, roaming: false, metered: false]
10-22 15:45:25.657  3957  4129 D WifiStateMachine:  L2ConnectedState !RSSI_PKTCNT_FETCH uid=1000 rt=588732236/1644707709 0 0 "ourhome" f4:6d:2f:12:cc:88 rssi=-45 f=5240 sc=60 link=433 tx=1.4, 0.0, 0.0  rx=6.0 bcn=466184 [on:0 tx:0 rx:0 period:7] from screen [on:41335 period:318472] score=60
10-22 15:45:25.657  3957  5413 D WifiService: getConnectionInfo uid=1000
10-22 15:45:25.661  3957  5413 I chatty  : uid=1000(system) Binder:3957_D identical 1 line
10-22 15:45:25.661  3957  5413 D WifiService: getConnectionInfo uid=1000
10-22 15:45:25.664  3957  4129 D WifiStateMachine: fetchRssiLinkSpeedAndFrequencyNative rssi=-45 linkspeed=433 freq=5240
10-22 15:45:25.664  3957  4129 V WifiConfigManager: Updating scan detail cache freq=5240 BSSID=f4:6d:2f:12:cc:88 RSSI=-44 for "ourhome"WPA_PSK
10-22 15:45:25.670  3957  4129 D WIFI    : got request NetworkRequest [ TRACK_DEFAULT id=2059, [ Capabilities: INTERNET&NOT_RESTRICTED&TRUSTED&NOT_VPN] ] with score 100
10-22 15:45:25.670  3957  4129 D WIFI    :   my score=60, my filter=[ Transports: WIFI Capabilities: NOT_METERED&INTERNET&NOT_RESTRICTED&TRUSTED&NOT_VPN LinkUpBandwidth>=1048576Kbps LinkDnBandwidth>=1048576Kbps]
10-22 15:45:25.671  3957  4129 D WIFI    : evalRequest
10-22 15:45:25.671  3957  4129 D WIFI    :   done
10-22 15:45:25.671  3957  4129 D WIFI_UT : got request NetworkRequest [ TRACK_DEFAULT id=2059, [ Capabilities: INTERNET&NOT_RESTRICTED&TRUSTED&NOT_VPN] ] with score 100
10-22 15:45:25.671  3957  4129 D WIFI_UT :   my score=2147483647, my filter=[ Transports: WIFI Capabilities: NOT_METERED&INTERNET&NOT_RESTRICTED&TRUSTED&NOT_VPN LinkUpBandwidth>=1048576Kbps LinkDnBandwidth>=1048576Kbps]
10-22 15:45:25.671  3957  4129 D WIFI_UT : evalRequest
10-22 15:45:25.671  3957  4129 D WIFI_UT :   needNetworkFor
10-22 15:45:25.711  3599  3918 D DnsProxyListener: DNSDBG::dns addrinfo af 0
10-22 15:45:25.718 30217 30512 I BatteryMgr:DataCollectionService: stats => 1697982325717,206,4260,177,0,100
10-22 15:45:25.719  3957  5413 D ConnectivityService: filterNetworkStateForUid() uid: 10169 networkInfo: [type: WIFI[] - WIFI, state: CONNECTED/CONNECTED, reason: (unspecified), extra: "ourhome", failover: false, available: true, roaming: false, metered: false]
10-22 15:45:25.719  3957  5413 D WifiService: getConnectionInfo uid=1000
10-22 15:45:25.824 30217 30512 I BatteryMgr:DataCollectionService: stats => 1697982325824,206,4260,177,0,100
10-22 15:45:25.853  2479  2548 D ScanRecord: Not a Multi Manu data
10-22 15:45:25.877  2479  2548 I chatty  : uid=1002(bluetooth) BT Service Call identical 50 lines
10-22 15:45:25.878  2479  2548 D ScanRecord: Not a Multi Manu data
10-22 15:45:25.885 30260 30304 I WM-WorkerWrapper: Worker result SUCCESS for Work [ id=b18a2d93-b3fe-451c-b755-21fd59ff11a8, tags={ mozilla.components.service.contile.ContileTopSitesUpdaterWorker, mozilla.components.service.contile.periodicWork } ]
10-22 15:45:25.893  2479  2548 D ScanRecord: Not a Multi Manu data
10-22 15:45:25.894  2479  2548 I chatty  : uid=1002(bluetooth) BT Service Call identical 11 lines
10-22 15:45:25.894  2479  2548 D ScanRecord: Not a Multi Manu data
10-22 15:45:25.901 30260 30260 D ConnectivityManager: unregisterNetworkCallback; CallingUid : 10169, CallingPid : 30260
10-22 15:45:25.902  3957  4157 D ConnectivityService: releasing NetworkRequest [ TRACK_DEFAULT id=2059, [ Capabilities: INTERNET&NOT_RESTRICTED&TRUSTED&NOT_VPN] ] (CALLBACK_RELEASED)
10-22 15:45:25.903  3957  4157 D ConnectivityService:  Removing from current network NetworkAgentInfo [WIFI () - 509], leaving 13 requests.
10-22 15:45:25.909  3957  4157 D ConnectivityService: sending notification RELEASED for NetworkRequest [ TRACK_DEFAULT id=2059, [ Capabilities: INTERNET&NOT_RESTRICTED&TRUSTED&NOT_VPN] ]
10-22 15:45:25.909  3957  8324 I SamsungAlarmManager: setLocked to kernel - T:2 / 20231022T155622, SetElapsed=1645364554, nowELAPSED=1644707967
10-22 15:45:25.909  3957  8324 D SamsungAlarmManager: setInexact Listener (T:2/F:0/AC:false) 20231022T155430 - CU:1000/CP:3957
10-22 15:45:25.909  3957  8324 I SamsungAlarmManager: setLocked to kernel - T:2 / 20231022T155430, SetElapsed=1645252832, nowELAPSED=1644707967
10-22 15:45:25.913  2479  2548 D ScanRecord: Not a Multi Manu data
10-22 15:45:25.914  3957  8324 I SamsungAlarmManager: setLocked to kernel - T:2 / 20231022T155500, SetElapsed=1645282077, nowELAPSED=1644707972
10-22 15:45:25.914  3957  8324 D SamsungAlarmManager: setInexact Listener (T:2/F:0/AC:false) 20231022T161625 - CU:1000/CP:3957
10-22 15:45:25.936 30217 30512 I BatteryMgr:DataCollectionService: stats => 1697982325935,206,4260,177,0,100
10-22 15:45:25.936  2479  2548 I chatty  : uid=1002(bluetooth) BT Service Call expire 30 lines
10-22 15:45:25.936  2479  2548 D ScanRecord: Not a Multi Manu data
10-22 15:45:25.936  2479  2548 D ScanRecord: Not a Multi Manu data
10-22 15:45:25.938  2479  2548 I chatty  : uid=1002(bluetooth) BT Service Call identical 19 lines
10-22 15:45:25.946  3957  8324 D ConnectivityService: filterNetworkStateForUid() uid: 10169 networkInfo: [type: WIFI[] - WIFI, state: CONNECTED/CONNECTED, reason: (unspecified), extra: "ourhome", failover: false, available: true, roaming: false, metered: false]
10-22 15:45:25.947  2479  2548 D ScanRecord: Not a Multi Manu data
10-22 15:45:25.947  3957  8324 D WifiService: getConnectionInfo uid=1000
10-22 15:45:25.947  2479  2548 D ScanRecord: Not a Multi Manu data
10-22 15:45:25.996  2479  2548 I chatty  : uid=1002(bluetooth) BT Service Call identical 62 lines
10-22 15:45:25.996  2479  2548 D ScanRecord: Not a Multi Manu data
10-22 15:45:25.997 30260 30271 I zygote64: Background concurrent copying GC freed 105807(4MB) AllocSpace objects, 1(20KB) LOS objects, 49% free, 4MB/8MB, paused 5.128ms total 124.121ms
10-22 15:45:26.000  2479  2548 D ScanRecord: Not a Multi Manu data
10-22 15:45:26.027  2479  2548 I chatty  : uid=1002(bluetooth) BT Service Call identical 63 lines
10-22 15:45:26.027  2479  2548 D ScanRecord: Not a Multi Manu data
10-22 15:45:26.039  3957  4128 D WifiService: getConnectionInfo uid=1000
10-22 15:45:26.041 30217 30512 I BatteryMgr:DataCollectionService: stats => 1697982326041,206,4260,177,0,100
10-22 15:45:26.059  2479  2548 D ScanRecord: Not a Multi Manu data
10-22 15:45:26.132  2479  2548 I chatty  : uid=1002(bluetooth) BT Service Call identical 76 lines
10-22 15:45:26.132  2479  2548 D ScanRecord: Not a Multi Manu data
10-22 15:45:26.149 30217 30512 I BatteryMgr:DataCollectionService: stats => 1697982326149,206,4260,177,0,100
10-22 15:45:26.153  2479  2548 D ScanRecord: Not a Multi Manu data
10-22 15:45:26.238  2479  2548 I chatty  : uid=1002(bluetooth) BT Service Call identical 167 lines
10-22 15:45:26.238  2479  2548 D ScanRecord: Not a Multi Manu data
10-22 15:45:26.257 30217 30512 I BatteryMgr:DataCollectionService: stats => 1697982326257,206,4260,177,0,100
10-22 15:45:26.259  2479  2548 D ScanRecord: Not a Multi Manu data
10-22 15:45:26.334  2479  2548 I chatty  : uid=1002(bluetooth) BT Service Call identical 128 lines
10-22 15:45:26.334  2479  2548 D ScanRecord: Not a Multi Manu data
10-22 15:45:26.366 30217 30512 I BatteryMgr:DataCollectionService: stats => 1697982326366,206,4260,177,0,100
10-22 15:45:26.474 30217 30512 I BatteryMgr:DataCollectionService: stats => 1697982326474,206,4260,177,0,100
10-22 15:45:26.593 30217 30512 I BatteryMgr:DataCollectionService: stats => 1697982326593,206,4260,177,0,100
10-22 15:45:26.653  3957  4129 D WifiStateMachine:  ConnectedState !RSSI_PKTCNT_FETCH uid=1000 rt=588733237/1644708709 0 0 "ourhome" f4:6d:2f:12:cc:88 rssi=-45 f=5240 sc=60 link=433 tx=1.4, 0.0, 0.0  rx=6.0 bcn=466184 [on:0 tx:0 rx:0 period:996] from screen [on:41335 period:319468] score=60
10-22 15:45:26.655  3957  4129 D WifiStateMachine:  L2ConnectedState !RSSI_PKTCNT_FETCH uid=1000 rt=588733239/1644708711 0 0 "ourhome" f4:6d:2f:12:cc:88 rssi=-45 f=5240 sc=60 link=433 tx=1.4, 0.0, 0.0  rx=6.0 bcn=466184 [on:0 tx:0 rx:0 period:2] from screen [on:41335 period:319470] score=60
10-22 15:45:26.662  3957  4129 D WifiStateMachine: fetchRssiLinkSpeedAndFrequencyNative rssi=-46 linkspeed=433 freq=5240
10-22 15:45:26.662  3957  4129 V WifiConfigManager: Updating scan detail cache freq=5240 BSSID=f4:6d:2f:12:cc:88 RSSI=-45 for "ourhome"WPA_PSK
10-22 15:45:26.702 30217 30512 I BatteryMgr:DataCollectionService: stats => 1697982326702,206,4260,177,0,100
10-22 15:45:26.817 30217 30512 I BatteryMgr:DataCollectionService: stats => 1697982326817,206,4260,177,0,100
10-22 15:45:26.927 30217 30512 I BatteryMgr:DataCollectionService: stats => 1697982326927,206,4260,177,0,100
10-22 15:45:26.936  4961  4961 D io_stats: !@ 179,0 r 9181027 299234816 w 2063684 40685928 d 165073 36518916 f 624883 649609 iot 4220020 3648046 th 51200 0 0 pt 0 inp 0 0 588733.521
10-22 15:45:27.019  3957  4030 D SensorService: [SO] 0.206 -0.168 9.993
10-22 15:45:27.035 30217 30512 I BatteryMgr:DataCollectionService: stats => 1697982327035,206,4260,177,0,100
10-22 15:45:27.041  3957  4128 D WifiService: getConnectionInfo uid=1000
10-22 15:45:27.144 30217 30512 I BatteryMgr:DataCollectionService: stats => 1697982327144,206,4260,177,0,100
10-22 15:45:27.252 30217 30512 I BatteryMgr:DataCollectionService: stats => 1697982327252,206,4260,177,0,100
10-22 15:45:27.359 30217 30512 I BatteryMgr:DataCollectionService: stats => 1697982327359,206,4260,177,0,100
10-22 15:45:27.469 30217 30512 I BatteryMgr:DataCollectionService: stats => 1697982327469,206,4260,177,0,100
10-22 15:45:27.550  3957  4129 D WifiStateMachine:  ConnectedState !CMD_RSSI_POLL rt=588734133/1644709605 110 0 "ourhome" f4:6d:2f:12:cc:88 rssi=-46 f=5240 sc=60 link=433 tx=1.4, 0.0, 0.0  rx=6.0 bcn=466184 [on:0 tx:0 rx:0 period:895] from screen [on:41335 period:320365] score=60
10-22 15:45:27.556  3957  4129 D WifiStateMachine:  L2ConnectedState !CMD_RSSI_POLL rt=588734136/1644709609 110 0 "ourhome" f4:6d:2f:12:cc:88 rssi=-46 f=5240 sc=60 link=433 tx=1.4, 0.0, 0.0  rx=6.0 bcn=466184 [on:0 tx:0 rx:0 period:6] from screen [on:41335 period:320371] score=60
10-22 15:45:27.556  3957  4129 D WifiStateMachine:  get link layer stats 3
10-22 15:45:27.557  3436  3436 I android.hardware.wifi@1.0-service: getLinkLayerStats
10-22 15:45:27.577  3957  4129 D WifiStateMachine: fetchRssiLinkSpeedAndFrequencyNative rssi=-45 linkspeed=433 freq=5240
10-22 15:45:27.577  3957  4129 V WifiConfigManager: Updating scan detail cache freq=5240 BSSID=f4:6d:2f:12:cc:88 RSSI=-45 for "ourhome"WPA_PSK
10-22 15:45:27.582  4340  4340 E SignalClusterView: setSlotFocusVisible : subId -2
10-22 15:45:27.582  4340  4340 E SignalClusterView: setSlotFocusVisible : subId -2
10-22 15:45:27.584 30217 30512 I BatteryMgr:DataCollectionService: stats => 1697982327584,206,4260,177,0,100
10-22 15:45:27.653  3957  4129 D WifiStateMachine:  ConnectedState !RSSI_PKTCNT_FETCH uid=1000 rt=588734238/1644709710 0 0 "ourhome" f4:6d:2f:12:cc:88 rssi=-45 f=5240 sc=60 link=433 tx=4.3, 0.0, 0.0  rx=9.2 bcn=466212 [on:0 tx:0 rx:0 period:72] from screen [on:42100 period:320468] score=60
10-22 15:45:27.655  3957  4129 D WifiStateMachine:  L2ConnectedState !RSSI_PKTCNT_FETCH uid=1000 rt=588734239/1644709712 0 0 "ourhome" f4:6d:2f:12:cc:88 rssi=-45 f=5240 sc=60 link=433 tx=4.3, 0.0, 0.0  rx=9.2 bcn=466212 [on:0 tx:0 rx:0 period:2] from screen [on:42100 period:320470] score=60
10-22 15:45:27.658  3957  4129 D WifiStateMachine: fetchRssiLinkSpeedAndFrequencyNative rssi=-46 linkspeed=433 freq=5240
10-22 15:45:27.658  3957  4129 V WifiConfigManager: Updating scan detail cache freq=5240 BSSID=f4:6d:2f:12:cc:88 RSSI=-45 for "ourhome"WPA_PSK
10-22 15:45:27.693 30217 30512 I BatteryMgr:DataCollectionService: stats => 1697982327693,206,4260,177,0,100
10-22 15:45:27.804 30217 30512 I BatteryMgr:DataCollectionService: stats => 1697982327804,206,4260,177,0,100
10-22 15:45:27.912 30217 30512 I BatteryMgr:DataCollectionService: stats => 1697982327911,206,4260,177,0,100
10-22 15:45:28.021 30217 30512 I BatteryMgr:DataCollectionService: stats => 1697982328020,206,4260,177,0,100
10-22 15:45:28.045  3957  4128 D WifiService: getConnectionInfo uid=1000
10-22 15:45:28.130 30217 30512 I BatteryMgr:DataCollectionService: stats => 1697982328129,206,4260,177,0,100
10-22 15:45:28.237 30217 30512 I BatteryMgr:DataCollectionService: stats => 1697982328237,206,4260,177,0,100
10-22 15:45:28.349 30217 30512 I BatteryMgr:DataCollectionService: stats => 1697982328348,206,4260,177,0,100
10-22 15:45:28.391  3957  6478 D SSRM:k  : SIOP:: AP = 380, PST = 380 (W:14), BAT = 315, USB = 0, CHG = 0
10-22 15:45:28.454 30217 30512 I BatteryMgr:DataCollectionService: stats => 1697982328454,206,4260,177,0,100
10-22 15:45:28.562 30217 30512 I BatteryMgr:DataCollectionService: stats => 1697982328562,206,4260,177,0,100
10-22 15:45:28.655  3957  4129 D WifiStateMachine:  ConnectedState !RSSI_PKTCNT_FETCH uid=1000 rt=588735239/1644710711 0 0 "ourhome" f4:6d:2f:12:cc:88 rssi=-46 f=5240 sc=60 link=433 tx=4.3, 0.0, 0.0  rx=9.2 bcn=466212 [on:0 tx:0 rx:0 period:1000] from screen [on:42100 period:321470] score=60
10-22 15:45:28.657  3957  4129 D WifiStateMachine:  L2ConnectedState !RSSI_PKTCNT_FETCH uid=1000 rt=588735241/1644710713 0 0 "ourhome" f4:6d:2f:12:cc:88 rssi=-46 f=5240 sc=60 link=433 tx=4.3, 0.0, 0.0  rx=9.2 bcn=466212 [on:0 tx:0 rx:0 period:1] from screen [on:42100 period:321471] score=60
10-22 15:45:28.658  3957  4129 D WifiStateMachine: fetchRssiLinkSpeedAndFrequencyNative rssi=-45 linkspeed=433 freq=5240
10-22 15:45:28.659  3957  4129 V WifiConfigManager: Updating scan detail cache freq=5240 BSSID=f4:6d:2f:12:cc:88 RSSI=-45 for "ourhome"WPA_PSK
10-22 15:45:28.672 30217 30512 I BatteryMgr:DataCollectionService: stats => 1697982328672,206,4260,177,0,100
10-22 15:45:28.779 30217 30512 I BatteryMgr:DataCollectionService: stats => 1697982328779,206,4260,177,0,100
10-22 15:45:28.887 30217 30512 I BatteryMgr:DataCollectionService: stats => 1697982328887,206,4260,177,0,100
10-22 15:45:28.996 30217 30512 I BatteryMgr:DataCollectionService: stats => 1697982328996,206,4260,177,0,100
10-22 15:45:29.048  3957  4128 D WifiService: getConnectionInfo uid=1000
10-22 15:45:29.106 30217 30512 I BatteryMgr:DataCollectionService: stats => 1697982329106,206,4260,177,0,100
10-22 15:45:29.213 30217 30512 I BatteryMgr:DataCollectionService: stats => 1697982329213,206,4260,177,0,100
10-22 15:45:29.323 30217 30512 I BatteryMgr:DataCollectionService: stats => 1697982329323,206,4260,177,0,100
10-22 15:45:29.432 30217 30512 I BatteryMgr:DataCollectionService: stats => 1697982329432,206,4260,177,0,100
10-22 15:45:29.544 30217 30512 I BatteryMgr:DataCollectionService: stats => 1697982329544,206,4260,177,0,100
10-22 15:45:29.654 30217 30512 I BatteryMgr:DataCollectionService: stats => 1697982329653,206,4260,177,0,100
10-22 15:45:29.655  3957  4129 D WifiStateMachine:  ConnectedState !RSSI_PKTCNT_FETCH uid=1000 rt=588736239/1644711712 0 0 "ourhome" f4:6d:2f:12:cc:88 rssi=-45 f=5240 sc=60 link=433 tx=4.3, 0.0, 0.0  rx=9.2 bcn=466212 [on:0 tx:0 rx:0 period:999] from screen [on:42100 period:322470] score=60
10-22 15:45:29.661  3957  4129 D WifiStateMachine:  L2ConnectedState !RSSI_PKTCNT_FETCH uid=1000 rt=588736242/1644711715 0 0 "ourhome" f4:6d:2f:12:cc:88 rssi=-45 f=5240 sc=60 link=433 tx=4.3, 0.0, 0.0  rx=9.2 bcn=466212 [on:0 tx:0 rx:0 period:6] from screen [on:42100 period:322476] score=60
10-22 15:45:29.666  3957  4129 D WifiStateMachine: fetchRssiLinkSpeedAndFrequencyNative rssi=-45 linkspeed=433 freq=5240
10-22 15:45:29.666  3957  4129 V WifiConfigManager: Updating scan detail cache freq=5240 BSSID=f4:6d:2f:12:cc:88 RSSI=-45 for "ourhome"WPA_PSK
10-22 15:45:29.762 30217 30512 I BatteryMgr:DataCollectionService: stats => 1697982329762,206,4260,177,0,100
10-22 15:45:29.883 30217 30512 I BatteryMgr:DataCollectionService: stats => 1697982329883,206,4260,177,0,100
10-22 15:45:29.993 30217 30512 I BatteryMgr:DataCollectionService: stats => 1697982329993,206,4260,177,0,100
10-22 15:45:30.051  3957  4128 D WifiService: getConnectionInfo uid=1000
10-22 15:45:30.102 30217 30512 I BatteryMgr:DataCollectionService: stats => 1697982330102,206,4260,177,0,100
10-22 15:45:30.210 30217 30512 I BatteryMgr:DataCollectionService: stats => 1697982330210,206,4260,177,0,100
10-22 15:45:30.322 30217 30512 I BatteryMgr:DataCollectionService: stats => 1697982330322,206,4260,177,0,100
10-22 15:45:30.432 30217 30512 I BatteryMgr:DataCollectionService: stats => 1697982330432,206,4260,177,0,100
10-22 15:45:30.540 30217 30512 I BatteryMgr:DataCollectionService: stats => 1697982330540,206,4260,177,0,100
10-22 15:45:30.581  3957  4129 D WifiStateMachine:  ConnectedState !CMD_RSSI_POLL rt=588737164/1644712637 110 0 "ourhome" f4:6d:2f:12:cc:88 rssi=-45 f=5240 sc=60 link=433 tx=4.3, 0.0, 0.0  rx=9.2 bcn=466212 [on:0 tx:0 rx:0 period:919] from screen [on:42100 period:323395] score=60
10-22 15:45:30.584  3957  4129 D WifiStateMachine:  L2ConnectedState !CMD_RSSI_POLL rt=588737166/1644712639 110 0 "ourhome" f4:6d:2f:12:cc:88 rssi=-45 f=5240 sc=60 link=433 tx=4.3, 0.0, 0.0  rx=9.2 bcn=466212 [on:0 tx:0 rx:0 period:3] from screen [on:42100 period:323398] score=60
10-22 15:45:30.584  3957  4129 D WifiStateMachine:  get link layer stats 3
10-22 15:45:30.585  3436  3436 I android.hardware.wifi@1.0-service: getLinkLayerStats
10-22 15:45:30.591  3957  4129 D WifiStateMachine: fetchRssiLinkSpeedAndFrequencyNative rssi=-45 linkspeed=433 freq=5240
10-22 15:45:30.591  3957  4129 V WifiConfigManager: Updating scan detail cache freq=5240 BSSID=f4:6d:2f:12:cc:88 RSSI=-45 for "ourhome"WPA_PSK
10-22 15:45:30.597  4340  4340 E SignalClusterView: setSlotFocusVisible : subId -2
10-22 15:45:30.597  4340  4340 E SignalClusterView: setSlotFocusVisible : subId -2
10-22 15:45:30.648 30217 30512 I BatteryMgr:DataCollectionService: stats => 1697982330648,206,4260,177,0,100
10-22 15:45:30.656  3957  4129 D WifiStateMachine:  ConnectedState !RSSI_PKTCNT_FETCH uid=1000 rt=588737240/1644712712 0 0 "ourhome" f4:6d:2f:12:cc:88 rssi=-45 f=5240 sc=60 link=433 tx=1.6, 0.0, 0.0  rx=8.4 bcn=466241 [on:0 tx:0 rx:0 period:58] from screen [on:42484 period:323471] score=60
10-22 15:45:30.659  3957  4129 D WifiStateMachine:  L2ConnectedState !RSSI_PKTCNT_FETCH uid=1000 rt=588737242/1644712714 0 0 "ourhome" f4:6d:2f:12:cc:88 rssi=-45 f=5240 sc=60 link=433 tx=1.6, 0.0, 0.0  rx=8.4 bcn=466241 [on:0 tx:0 rx:0 period:2] from screen [on:42484 period:323473] score=60
10-22 15:45:30.672  3957  4129 D WifiStateMachine: fetchRssiLinkSpeedAndFrequencyNative rssi=-45 linkspeed=433 freq=5240
10-22 15:45:30.673  3957  4129 V WifiConfigManager: Updating scan detail cache freq=5240 BSSID=f4:6d:2f:12:cc:88 RSSI=-45 for "ourhome"WPA_PSK
10-22 15:45:30.740  4340  4731 D NetworkController.MobileSignalController(0/-2): onSignalStrengthsChanged signalStrength=SignalStrength: 20 99 -20 -200 -20 -200 -1 99 2147483647 2147483647 2147483647 2147483647 0 2147483647 0x4 P gsm|lte level=4
10-22 15:45:30.740  4340  4731 D NetworkController.MobileSignalController(0/-2): getMobileIconGroup(): 0
10-22 15:45:30.758 30217 30512 I BatteryMgr:DataCollectionService: stats => 1697982330758,206,4260,177,0,100
10-22 15:45:30.846  2479  2548 D ScanRecord: Not a Multi Manu data
10-22 15:45:30.869  2479  2548 I chatty  : uid=1002(bluetooth) BT Service Call identical 50 lines
10-22 15:45:30.869  2479  2548 D ScanRecord: Not a Multi Manu data
10-22 15:45:30.870 30217 30512 I BatteryMgr:DataCollectionService: stats => 1697982330870,206,4260,177,0,100
10-22 15:45:30.877  2479  2548 D ScanRecord: Not a Multi Manu data
10-22 15:45:30.977  2479  2548 I chatty  : uid=1002(bluetooth) BT Service Call identical 141 lines
10-22 15:45:30.977  2479  2548 D ScanRecord: Not a Multi Manu data
10-22 15:45:30.981 30217 30512 I BatteryMgr:DataCollectionService: stats => 1697982330981,206,4260,177,0,100
10-22 15:45:30.987  2479  2548 D ScanRecord: Not a Multi Manu data
10-22 15:45:31.050  2479  2548 I chatty  : uid=1002(bluetooth) BT Service Call identical 128 lines
10-22 15:45:31.050  2479  2548 D ScanRecord: Not a Multi Manu data
10-22 15:45:31.053  3957  4128 D WifiService: getConnectionInfo uid=1000
10-22 15:45:31.057  2479  2548 D ScanRecord: Not a Multi Manu data
10-22 15:45:31.082  2479  2548 I chatty  : uid=1002(bluetooth) BT Service Call identical 37 lines
10-22 15:45:31.082  2479  2548 D ScanRecord: Not a Multi Manu data
10-22 15:45:31.088 30217 30512 I BatteryMgr:DataCollectionService: stats => 1697982331088,206,4260,177,0,100
10-22 15:45:31.101  2479  2548 D ScanRecord: Not a Multi Manu data
10-22 15:45:31.196  2479  2548 I chatty  : uid=1002(bluetooth) BT Service Call identical 128 lines
10-22 15:45:31.196  2479  2548 D ScanRecord: Not a Multi Manu data
10-22 15:45:31.197 30217 30512 I BatteryMgr:DataCollectionService: stats => 1697982331197,206,4260,177,0,100
10-22 15:45:31.197  2479  2548 D ScanRecord: Not a Multi Manu data
10-22 15:45:31.297  2479  2548 I chatty  : uid=1002(bluetooth) BT Service Call identical 154 lines
10-22 15:45:31.297  2479  2548 D ScanRecord: Not a Multi Manu data
10-22 15:45:31.302 30217 30512 I BatteryMgr:DataCollectionService: stats => 1697982331302,206,4260,177,0,100
10-22 15:45:31.307  2479  2548 D ScanRecord: Not a Multi Manu data
10-22 15:45:31.336  2479  2548 I chatty  : uid=1002(bluetooth) BT Service Call identical 89 lines
10-22 15:45:31.336  2479  2548 D ScanRecord: Not a Multi Manu data
10-22 15:45:31.411 30217 30512 I BatteryMgr:DataCollectionService: stats => 1697982331411,206,4260,177,0,100
10-22 15:45:31.522 30217 30512 I BatteryMgr:DataCollectionService: stats => 1697982331522,206,4260,177,0,100
10-22 15:45:31.631 30217 30512 I BatteryMgr:DataCollectionService: stats => 1697982331631,206,4260,177,0,100
10-22 15:45:31.656  3957  4129 D WifiStateMachine:  ConnectedState !RSSI_PKTCNT_FETCH uid=1000 rt=588738240/1644713713 0 0 "ourhome" f4:6d:2f:12:cc:88 rssi=-45 f=5240 sc=60 link=433 tx=1.6, 0.0, 0.0  rx=8.4 bcn=466241 [on:0 tx:0 rx:0 period:998] from screen [on:42484 period:324471] score=60
10-22 15:45:31.658  3957  4129 D WifiStateMachine:  L2ConnectedState !RSSI_PKTCNT_FETCH uid=1000 rt=588738242/1644713715 0 0 "ourhome" f4:6d:2f:12:cc:88 rssi=-45 f=5240 sc=60 link=433 tx=1.6, 0.0, 0.0  rx=8.4 bcn=466241 [on:0 tx:0 rx:0 period:1] from screen [on:42484 period:324472] score=60
10-22 15:45:31.665  3957  4129 D WifiStateMachine: fetchRssiLinkSpeedAndFrequencyNative rssi=-46 linkspeed=433 freq=5240
10-22 15:45:31.665  3957  4129 V WifiConfigManager: Updating scan detail cache freq=5240 BSSID=f4:6d:2f:12:cc:88 RSSI=-45 for "ourhome"WPA_PSK
10-22 15:45:31.738 30217 30512 I BatteryMgr:DataCollectionService: stats => 1697982331738,206,4260,177,0,100
10-22 15:45:31.845 30217 30512 I BatteryMgr:DataCollectionService: stats => 1697982331844,206,4260,177,0,100
10-22 15:45:31.940  4961  4961 D io_stats: !@ 179,0 r 9181032 299235040 w 2063714 40686204 d 165073 36518916 f 624884 649612 iot 4220032 3648056 th 51200 0 0 pt 0 inp 0 0 588738.525
10-22 15:45:31.954 30217 30512 I BatteryMgr:DataCollectionService: stats => 1697982331954,206,4260,177,0,100
10-22 15:45:32.056  3957  4128 D WifiService: getConnectionInfo uid=1000
10-22 15:45:32.061 30217 30512 I BatteryMgr:DataCollectionService: stats => 1697982332061,206,4260,177,0,100
10-22 15:45:32.170 30217 30512 I BatteryMgr:DataCollectionService: stats => 1697982332169,206,4260,177,0,100
10-22 15:45:32.278 30217 30512 I BatteryMgr:DataCollectionService: stats => 1697982332278,206,4260,177,0,100
10-22 15:45:32.388 30217 30512 I BatteryMgr:DataCollectionService: stats => 1697982332386,206,4260,177,0,100
10-22 15:45:32.496 30217 30512 I BatteryMgr:DataCollectionService: stats => 1697982332496,206,4260,177,0,100
10-22 15:45:32.605 30217 30512 I BatteryMgr:DataCollectionService: stats => 1697982332605,206,4260,177,0,100
10-22 15:45:32.657  3957  4129 D WifiStateMachine:  ConnectedState !RSSI_PKTCNT_FETCH uid=1000 rt=588739242/1644714714 0 0 "ourhome" f4:6d:2f:12:cc:88 rssi=-46 f=5240 sc=60 link=433 tx=1.6, 0.0, 0.0  rx=8.4 bcn=466241 [on:0 tx:0 rx:0 period:1000] from screen [on:42484 period:325472] score=60
10-22 15:45:32.659  3957  4129 D WifiStateMachine:  L2ConnectedState !RSSI_PKTCNT_FETCH uid=1000 rt=588739243/1644714716 0 0 "ourhome" f4:6d:2f:12:cc:88 rssi=-46 f=5240 sc=60 link=433 tx=1.6, 0.0, 0.0  rx=8.4 bcn=466241 [on:0 tx:0 rx:0 period:2] from screen [on:42484 period:325474] score=60
10-22 15:45:32.666  3957  4129 D WifiStateMachine: fetchRssiLinkSpeedAndFrequencyNative rssi=-45 linkspeed=433 freq=5240
10-22 15:45:32.666  3957  4129 V WifiConfigManager: Updating scan detail cache freq=5240 BSSID=f4:6d:2f:12:cc:88 RSSI=-45 for "ourhome"WPA_PSK
10-22 15:45:32.712 30217 30512 I BatteryMgr:DataCollectionService: stats => 1697982332712,206,4260,177,0,100
10-22 15:45:32.818 30217 30512 I BatteryMgr:DataCollectionService: stats => 1697982332818,206,4260,177,0,100
10-22 15:45:32.924 30217 30512 I BatteryMgr:DataCollectionService: stats => 1697982332924,206,4260,177,0,100
10-22 15:45:33.033 30217 30512 I BatteryMgr:DataCollectionService: stats => 1697982333033,206,4260,177,0,100
10-22 15:45:33.058  3957  4128 D WifiService: getConnectionInfo uid=1000
10-22 15:45:33.142 30217 30512 I BatteryMgr:DataCollectionService: stats => 1697982333142,206,4260,177,0,100
10-22 15:45:33.248 30217 30512 I BatteryMgr:DataCollectionService: stats => 1697982333248,206,4260,177,0,100
10-22 15:45:33.358 30217 30512 I BatteryMgr:DataCollectionService: stats => 1697982333358,206,4260,177,0,100
10-22 15:45:33.464 30217 30512 I BatteryMgr:DataCollectionService: stats => 1697982333464,206,4260,177,0,100
10-22 15:45:33.576 30217 30512 I BatteryMgr:DataCollectionService: stats => 1697982333576,206,4260,177,0,100
10-22 15:45:33.596  3957  4129 D WifiStateMachine:  ConnectedState !CMD_RSSI_POLL rt=588740179/1644715652 110 0 "ourhome" f4:6d:2f:12:cc:88 rssi=-45 f=5240 sc=60 link=433 tx=1.6, 0.0, 0.0  rx=8.4 bcn=466241 [on:0 tx:0 rx:0 period:936] from screen [on:42484 period:326410] score=60
10-22 15:45:33.599  3957  4129 D WifiStateMachine:  L2ConnectedState !CMD_RSSI_POLL rt=588740182/1644715654 110 0 "ourhome" f4:6d:2f:12:cc:88 rssi=-45 f=5240 sc=60 link=433 tx=1.6, 0.0, 0.0  rx=8.4 bcn=466241 [on:0 tx:0 rx:0 period:4] from screen [on:42484 period:326414] score=60
10-22 15:45:33.599  3957  4129 D WifiStateMachine:  get link layer stats 3
10-22 15:45:33.600  3436  3436 I android.hardware.wifi@1.0-service: getLinkLayerStats
10-22 15:45:33.621  3957  4129 D WifiStateMachine: fetchRssiLinkSpeedAndFrequencyNative rssi=-45 linkspeed=433 freq=5240
10-22 15:45:33.621  3957  4129 V WifiConfigManager: Updating scan detail cache freq=5240 BSSID=f4:6d:2f:12:cc:88 RSSI=-45 for "ourhome"WPA_PSK
10-22 15:45:33.625  4340  4340 E SignalClusterView: setSlotFocusVisible : subId -2
10-22 15:45:33.625  4340  4340 E SignalClusterView: setSlotFocusVisible : subId -2
10-22 15:45:33.659  3957  4129 D WifiStateMachine:  ConnectedState !RSSI_PKTCNT_FETCH uid=1000 rt=588740243/1644715715 0 0 "ourhome" f4:6d:2f:12:cc:88 rssi=-45 f=5240 sc=60 link=433 tx=0.6, 0.0, 0.0  rx=5.0 bcn=466267 [on:0 tx:0 rx:0 period:34] from screen [on:42670 period:326473] score=60
10-22 15:45:33.660  3957  4129 D WifiStateMachine:  L2ConnectedState !RSSI_PKTCNT_FETCH uid=1000 rt=588740244/1644715717 0 0 "ourhome" f4:6d:2f:12:cc:88 rssi=-45 f=5240 sc=60 link=433 tx=0.6, 0.0, 0.0  rx=5.0 bcn=466267 [on:0 tx:0 rx:0 period:1] from screen [on:42670 period:326474] score=60
10-22 15:45:33.661  3957  4129 D WifiStateMachine: fetchRssiLinkSpeedAndFrequencyNative rssi=-45 linkspeed=433 freq=5240
10-22 15:45:33.662  3957  4129 V WifiConfigManager: Updating scan detail cache freq=5240 BSSID=f4:6d:2f:12:cc:88 RSSI=-45 for "ourhome"WPA_PSK
10-22 15:45:33.685 30217 30512 I BatteryMgr:DataCollectionService: stats => 1697982333685,206,4260,177,0,100
10-22 15:45:33.795 30217 30512 I BatteryMgr:DataCollectionService: stats => 1697982333795,206,4260,177,0,100
10-22 15:45:33.904 30217 30512 I BatteryMgr:DataCollectionService: stats => 1697982333904,206,4260,177,0,100
10-22 15:45:34.013 30217 30512 I BatteryMgr:DataCollectionService: stats => 1697982334013,206,4260,177,0,100
10-22 15:45:34.061  3957  4128 D WifiService: getConnectionInfo uid=1000
10-22 15:45:34.121 30217 30512 I BatteryMgr:DataCollectionService: stats => 1697982334121,206,4260,177,0,100
10-22 15:45:34.231 30217 30512 I BatteryMgr:DataCollectionService: stats => 1697982334231,178,4260,167,0,100
10-22 15:45:34.342 30217 30512 I BatteryMgr:DataCollectionService: stats => 1697982334342,178,4260,167,0,100
10-22 15:45:34.450 30217 30512 I BatteryMgr:DataCollectionService: stats => 1697982334450,178,4260,167,0,100
10-22 15:45:34.558 30217 30512 I BatteryMgr:DataCollectionService: stats => 1697982334558,178,4260,167,0,100
10-22 15:45:34.660  3957  4129 D WifiStateMachine:  ConnectedState !RSSI_PKTCNT_FETCH uid=1000 rt=588741245/1644716717 0 0 "ourhome" f4:6d:2f:12:cc:88 rssi=-45 f=5240 sc=60 link=433 tx=0.6, 0.0, 0.0  rx=5.0 bcn=466267 [on:0 tx:0 rx:0 period:1001] from screen [on:42670 period:327475] score=60
10-22 15:45:34.662  3957  4129 D WifiStateMachine:  L2ConnectedState !RSSI_PKTCNT_FETCH uid=1000 rt=588741246/1644716719 0 0 "ourhome" f4:6d:2f:12:cc:88 rssi=-45 f=5240 sc=60 link=433 tx=0.6, 0.0, 0.0  rx=5.0 bcn=466267 [on:0 tx:0 rx:0 period:2] from screen [on:42670 period:327477] score=60
10-22 15:45:34.664 30217 30512 I BatteryMgr:DataCollectionService: stats => 1697982334664,178,4260,167,0,100
10-22 15:45:34.668  3957  4129 D WifiStateMachine: fetchRssiLinkSpeedAndFrequencyNative rssi=-45 linkspeed=433 freq=5240
10-22 15:45:34.668  3957  4129 V WifiConfigManager: Updating scan detail cache freq=5240 BSSID=f4:6d:2f:12:cc:88 RSSI=-45 for "ourhome"WPA_PSK
10-22 15:45:34.735  3957  8324 D BatteryService: !@BatteryListener : batteryPropertiesChanged!
10-22 15:45:34.774 30217 30512 I BatteryMgr:DataCollectionService: stats => 1697982334774,178,4260,167,0,100
10-22 15:45:34.890 30217 30512 I BatteryMgr:DataCollectionService: stats => 1697982334890,178,4260,167,0,100
10-22 15:45:35.006 30217 30512 I BatteryMgr:DataCollectionService: stats => 1697982335005,178,4260,167,0,100
10-22 15:45:35.063  3957  4128 D WifiService: getConnectionInfo uid=1000
10-22 15:45:35.117 30217 30512 I BatteryMgr:DataCollectionService: stats => 1697982335117,178,4260,167,0,100
10-22 15:45:35.226 30217 30512 I BatteryMgr:DataCollectionService: stats => 1697982335226,178,4260,167,0,100
10-22 15:45:35.333 30217 30512 I BatteryMgr:DataCollectionService: stats => 1697982335333,178,4260,167,0,100
10-22 15:45:35.443 30217 30512 I BatteryMgr:DataCollectionService: stats => 1697982335443,178,4260,167,0,100
10-22 15:45:35.552 30217 30512 I BatteryMgr:DataCollectionService: stats => 1697982335551,178,4260,167,0,100
10-22 15:45:35.661 30217 30512 I BatteryMgr:DataCollectionService: stats => 1697982335661,178,4260,167,0,100
10-22 15:45:35.662  3957  4129 D WifiStateMachine:  ConnectedState !RSSI_PKTCNT_FETCH uid=1000 rt=588742246/1644717718 0 0 "ourhome" f4:6d:2f:12:cc:88 rssi=-45 f=5240 sc=60 link=433 tx=0.6, 0.0, 0.0  rx=5.0 bcn=466267 [on:0 tx:0 rx:0 period:1000] from screen [on:42670 period:328477] score=60
10-22 15:45:35.664  3957  4129 D WifiStateMachine:  L2ConnectedState !RSSI_PKTCNT_FETCH uid=1000 rt=588742248/1644717720 0 0 "ourhome" f4:6d:2f:12:cc:88 rssi=-45 f=5240 sc=60 link=433 tx=0.6, 0.0, 0.0  rx=5.0 bcn=466267 [on:0 tx:0 rx:0 period:2] from screen [on:42670 period:328479] score=60
10-22 15:45:35.671  3957  4129 D WifiStateMachine: fetchRssiLinkSpeedAndFrequencyNative rssi=-46 linkspeed=433 freq=5240
10-22 15:45:35.672  3957  4129 V WifiConfigManager: Updating scan detail cache freq=5240 BSSID=f4:6d:2f:12:cc:88 RSSI=-45 for "ourhome"WPA_PSK
10-22 15:45:35.769 30217 30512 I BatteryMgr:DataCollectionService: stats => 1697982335769,178,4260,167,0,100
10-22 15:45:35.847  2479  2548 D ScanRecord: Not a Multi Manu data
10-22 15:45:35.865  2479  2548 I chatty  : uid=1002(bluetooth) BT Service Call identical 37 lines
10-22 15:45:35.865  2479  2548 D ScanRecord: Not a Multi Manu data
10-22 15:45:35.872  2479  2548 D ScanRecord: same manuId data exists, combine both data and store
10-22 15:45:35.872  2479  2548 D ScanRecord: It's a Multi Manu data
10-22 15:45:35.873  2479  2548 I chatty  : uid=1002(bluetooth) BT Service Call identical 9 lines
10-22 15:45:35.873  2479  2548 D ScanRecord: It's a Multi Manu data
10-22 15:45:35.873  2479  2548 D ScanRecord: same manuId data exists, combine both data and store
10-22 15:45:35.873  2479  2548 D ScanRecord: same manuId data exists, combine both data and store
10-22 15:45:35.874  2479  2548 D ScanRecord: It's a Multi Manu data
10-22 15:45:35.874  2479  2548 D ScanFilter: manu data matches
10-22 15:45:35.874  2479  2548 D BtGatt.GattService: onScanResult to scannerId: 6- event_type=0x1b, address_type=1, address=95:B, primary_phy=1, secondary_phy=0, advertising_sid=0xff, tx_power=127, rssi=-85, periodic_adv_int=0x0
10-22 15:45:35.875 23612 28242 D ScanRecord: same manuId data exists, combine both data and store
10-22 15:45:35.880 30217 30512 I BatteryMgr:DataCollectionService: stats => 1697982335879,178,4260,167,0,100
10-22 15:45:35.892  2479  2548 D ScanRecord: Not a Multi Manu data
10-22 15:45:35.985  2479  2548 I chatty  : uid=1002(bluetooth) BT Service Call identical 89 lines
10-22 15:45:35.985  2479  2548 D ScanRecord: Not a Multi Manu data
10-22 15:45:35.986 30217 30512 I BatteryMgr:DataCollectionService: stats => 1697982335986,178,4260,167,0,100
10-22 15:45:35.989  2479  2548 D ScanRecord: Not a Multi Manu data
10-22 15:45:36.044  2479  2548 I chatty  : uid=1002(bluetooth) BT Service Call identical 63 lines
10-22 15:45:36.044  2479  2548 D ScanRecord: Not a Multi Manu data
10-22 15:45:36.067  3957  4128 D WifiService: getConnectionInfo uid=1000
10-22 15:45:36.096 30217 30512 I BatteryMgr:DataCollectionService: stats => 1697982336096,178,4260,167,0,100
10-22 15:45:36.142  2479  2548 D ScanRecord: Not a Multi Manu data
10-22 15:45:36.160  2479  2548 I chatty  : uid=1002(bluetooth) BT Service Call identical 37 lines
10-22 15:45:36.160  2479  2548 D ScanRecord: Not a Multi Manu data
10-22 15:45:36.173  2479  2563 D bt_snoop: capture: count_snoop = 630000, st.st_size = 2320655
10-22 15:45:36.181  2479  2548 D ScanRecord: Not a Multi Manu data
10-22 15:45:36.196  2479  2548 I chatty  : uid=1002(bluetooth) BT Service Call identical 24 lines
10-22 15:45:36.197  2479  2548 D ScanRecord: Not a Multi Manu data
10-22 15:45:36.204 30217 30512 I BatteryMgr:DataCollectionService: stats => 1697982336204,178,4260,167,0,100
10-22 15:45:36.205  2479  2548 D ScanRecord: Not a Multi Manu data
10-22 15:45:36.294  2479  2548 I chatty  : uid=1002(bluetooth) BT Service Call identical 63 lines
10-22 15:45:36.294  2479  2548 D ScanRecord: Not a Multi Manu data
10-22 15:45:36.314 30217 30512 I BatteryMgr:DataCollectionService: stats => 1697982336313,178,4260,167,0,100
10-22 15:45:36.318  2479  2548 D ScanRecord: Not a Multi Manu data
10-22 15:45:36.348  2479  2548 I chatty  : uid=1002(bluetooth) BT Service Call identical 63 lines
10-22 15:45:36.348  2479  2548 D ScanRecord: Not a Multi Manu data
10-22 15:45:36.421 30217 30512 I BatteryMgr:DataCollectionService: stats => 1697982336421,178,4260,167,0,100
10-22 15:45:36.532 30217 30512 I BatteryMgr:DataCollectionService: stats => 1697982336532,178,4260,167,0,100
10-22 15:45:36.626  3957  4129 D WifiStateMachine:  ConnectedState !CMD_RSSI_POLL rt=588743208/1644718681 110 0 "ourhome" f4:6d:2f:12:cc:88 rssi=-46 f=5240 sc=60 link=433 tx=0.6, 0.0, 0.0  rx=5.0 bcn=466267 [on:0 tx:0 rx:0 period:962] from screen [on:42670 period:329441] score=60
10-22 15:45:36.628  3957  4129 D WifiStateMachine:  L2ConnectedState !CMD_RSSI_POLL rt=588743212/1644718685 110 0 "ourhome" f4:6d:2f:12:cc:88 rssi=-46 f=5240 sc=60 link=433 tx=0.6, 0.0, 0.0  rx=5.0 bcn=466267 [on:0 tx:0 rx:0 period:2] from screen [on:42670 period:329443] score=60
10-22 15:45:36.628  3957  4129 D WifiStateMachine:  get link layer stats 3
10-22 15:45:36.629  3436  3436 I android.hardware.wifi@1.0-service: getLinkLayerStats
10-22 15:45:36.634  3957  4129 D WifiStateMachine: fetchRssiLinkSpeedAndFrequencyNative rssi=-45 linkspeed=433 freq=5240
10-22 15:45:36.634  3957  4129 V WifiConfigManager: Updating scan detail cache freq=5240 BSSID=f4:6d:2f:12:cc:88 RSSI=-45 for "ourhome"WPA_PSK
10-22 15:45:36.639  4340  4340 E SignalClusterView: setSlotFocusVisible : subId -2
10-22 15:45:36.640  4340  4340 E SignalClusterView: setSlotFocusVisible : subId -2
10-22 15:45:36.640 30217 30512 I BatteryMgr:DataCollectionService: stats => 1697982336640,178,4260,167,0,100
10-22 15:45:36.662  3957  4129 D WifiStateMachine:  ConnectedState !RSSI_PKTCNT_FETCH uid=1000 rt=588743246/1644718718 0 0 "ourhome" f4:6d:2f:12:cc:88 rssi=-45 f=5240 sc=60 link=433 tx=0.2, 0.0, 0.0  rx=3.7 bcn=466294 [on:0 tx:0 rx:0 period:20] from screen [on:42854 period:329476] score=60
10-22 15:45:36.663  3957  4129 D WifiStateMachine:  L2ConnectedState !RSSI_PKTCNT_FETCH uid=1000 rt=588743247/1644718720 0 0 "ourhome" f4:6d:2f:12:cc:88 rssi=-45 f=5240 sc=60 link=433 tx=0.2, 0.0, 0.0  rx=3.7 bcn=466294 [on:0 tx:0 rx:0 period:2] from screen [on:42854 period:329478] score=60
10-22 15:45:36.670  3957  4129 D WifiStateMachine: fetchRssiLinkSpeedAndFrequencyNative rssi=-45 linkspeed=433 freq=5240
10-22 15:45:36.670  3957  4129 V WifiConfigManager: Updating scan detail cache freq=5240 BSSID=f4:6d:2f:12:cc:88 RSSI=-45 for "ourhome"WPA_PSK
10-22 15:45:36.747 30217 30512 I BatteryMgr:DataCollectionService: stats => 1697982336747,178,4260,167,0,100
10-22 15:45:36.856 30217 30512 I BatteryMgr:DataCollectionService: stats => 1697982336856,178,4260,167,0,100
10-22 15:45:36.942  4961  4961 D io_stats: !@ 179,0 r 9181040 299235272 w 2063722 40686396 d 165075 36518992 f 624885 649613 iot 4220044 3648069 th 51200 0 0 pt 0 inp 0 0 588743.527
10-22 15:45:36.963 30217 30512 I BatteryMgr:DataCollectionService: stats => 1697982336963,178,4260,167,0,100
10-22 15:45:37.019  3957  4030 D SensorService: [SO] 0.215 -0.139 9.969
10-22 15:45:37.070  3957  4128 D WifiService: getConnectionInfo uid=1000
10-22 15:45:37.072 30217 30512 I BatteryMgr:DataCollectionService: stats => 1697982337072,178,4260,167,0,100
10-22 15:45:37.183 30217 30512 I BatteryMgr:DataCollectionService: stats => 1697982337183,178,4260,167,0,100
10-22 15:45:37.295 30217 30512 I BatteryMgr:DataCollectionService: stats => 1697982337295,178,4260,167,0,100
10-22 15:45:37.407 30217 30512 I BatteryMgr:DataCollectionService: stats => 1697982337407,178,4260,167,0,100
10-22 15:45:37.515 30217 30512 I BatteryMgr:DataCollectionService: stats => 1697982337515,178,4260,167,0,100
10-22 15:45:37.624 30217 30512 I BatteryMgr:DataCollectionService: stats => 1697982337624,178,4260,167,0,100
10-22 15:45:37.664  3957  4129 D WifiStateMachine:  ConnectedState !RSSI_PKTCNT_FETCH uid=1000 rt=588744248/1644719721 0 0 "ourhome" f4:6d:2f:12:cc:88 rssi=-45 f=5240 sc=60 link=433 tx=0.2, 0.0, 0.0  rx=3.7 bcn=466294 [on:0 tx:0 rx:0 period:1001] from screen [on:42854 period:330479] score=60
10-22 15:45:37.668  3957  4129 D WifiStateMachine:  L2ConnectedState !RSSI_PKTCNT_FETCH uid=1000 rt=588744250/1644719722 0 0 "ourhome" f4:6d:2f:12:cc:88 rssi=-45 f=5240 sc=60 link=433 tx=0.2, 0.0, 0.0  rx=3.7 bcn=466294 [on:0 tx:0 rx:0 period:3] from screen [on:42854 period:330482] score=60
10-22 15:45:37.671  3957  4129 D WifiStateMachine: fetchRssiLinkSpeedAndFrequencyNative rssi=-45 linkspeed=433 freq=5240
10-22 15:45:37.671  3957  4129 V WifiConfigManager: Updating scan detail cache freq=5240 BSSID=f4:6d:2f:12:cc:88 RSSI=-45 for "ourhome"WPA_PSK
10-22 15:45:37.735 30217 30512 I BatteryMgr:DataCollectionService: stats => 1697982337735,178,4260,167,0,100
10-22 15:45:37.845 30217 30512 I BatteryMgr:DataCollectionService: stats => 1697982337845,178,4260,167,0,100
10-22 15:45:37.958 30217 30512 I BatteryMgr:DataCollectionService: stats => 1697982337958,178,4260,167,0,100
10-22 15:45:38.065 30217 30512 I BatteryMgr:DataCollectionService: stats => 1697982338065,178,4260,167,0,100
10-22 15:45:38.072  3957  4128 D WifiService: getConnectionInfo uid=1000
10-22 15:45:38.178 30217 30512 I BatteryMgr:DataCollectionService: stats => 1697982338178,178,4260,167,0,100
10-22 15:45:38.284 30217 30512 I BatteryMgr:DataCollectionService: stats => 1697982338284,178,4260,167,0,100
10-22 15:45:38.394 30217 30512 I BatteryMgr:DataCollectionService: stats => 1697982338394,178,4260,167,0,100
