10-22 16:33:10.440  3957  4129 D WifiStateMachine:  L2ConnectedState !RSSI_PKTCNT_FETCH uid=1000 rt=591597024/1647572497 0 0 "ourhome" f4:6d:2f:12:cc:88 rssi=-44 f=5240 sc=60 link=433 tx=0.4, 0.0, 0.0  rx=6.9 bcn=492719 [on:0 tx:0 rx:0 period:2] from screen [on:193885 period:1584315] score=60
10-22 16:33:10.446  3957  4129 D WifiStateMachine: fetchRssiLinkSpeedAndFrequencyNative rssi=-44 linkspeed=433 freq=5240
10-22 16:33:10.446  3957  4129 V WifiConfigManager: Updating scan detail cache freq=5240 BSSID=f4:6d:2f:12:cc:88 RSSI=-43 for "ourhome"WPA_PSK
10-22 16:33:10.455  3754  4235 I BatteryMgr:DataCollectionService: stats => 1697985190455,203,4260,167,0,100
10-22 16:33:10.568  3754  4235 I BatteryMgr:DataCollectionService: stats => 1697985190568,203,4260,167,0,100
10-22 16:33:10.678  3754  4235 I BatteryMgr:DataCollectionService: stats => 1697985190678,203,4260,167,0,100
10-22 16:33:10.789  3754  4235 I BatteryMgr:DataCollectionService: stats => 1697985190789,203,4260,167,0,100
10-22 16:33:10.899  3754  4235 I BatteryMgr:DataCollectionService: stats => 1697985190898,203,4260,167,0,100
10-22 16:33:11.005  3754  4235 I BatteryMgr:DataCollectionService: stats => 1697985191005,203,4260,167,0,100
10-22 16:33:11.052  3957  4128 D WifiService: getConnectionInfo uid=1000
10-22 16:33:11.117  3754  4235 I BatteryMgr:DataCollectionService: stats => 1697985191117,203,4260,167,0,100
10-22 16:33:11.228  3754  4235 I BatteryMgr:DataCollectionService: stats => 1697985191228,203,4260,167,0,100
10-22 16:33:11.345  3754  4235 I BatteryMgr:DataCollectionService: stats => 1697985191345,203,4260,167,0,100
10-22 16:33:11.433  2479  2548 D ScanRecord: Not a Multi Manu data
10-22 16:33:11.437  2479  2548 I chatty  : uid=1002(bluetooth) BT Service Call identical 24 lines
10-22 16:33:11.437  2479  2548 D ScanRecord: Not a Multi Manu data
10-22 16:33:11.440  3957  4129 D WifiStateMachine:  ConnectedState !RSSI_PKTCNT_FETCH uid=1000 rt=591598024/1647573496 0 0 "ourhome" f4:6d:2f:12:cc:88 rssi=-44 f=5240 sc=60 link=433 tx=0.4, 0.0, 0.0  rx=6.9 bcn=492719 [on:0 tx:0 rx:0 period:1000] from screen [on:193885 period:1585315] score=60
10-22 16:33:11.443  3957  4129 D WifiStateMachine:  L2ConnectedState !RSSI_PKTCNT_FETCH uid=1000 rt=591598026/1647573499 0 0 "ourhome" f4:6d:2f:12:cc:88 rssi=-44 f=5240 sc=60 link=433 tx=0.4, 0.0, 0.0  rx=6.9 bcn=492719 [on:0 tx:0 rx:0 period:3] from screen [on:193885 period:1585318] score=60
10-22 16:33:11.446  3957  4129 D WifiStateMachine: fetchRssiLinkSpeedAndFrequencyNative rssi=-42 linkspeed=433 freq=5240
10-22 16:33:11.446  3957  4129 V WifiConfigManager: Updating scan detail cache freq=5240 BSSID=f4:6d:2f:12:cc:88 RSSI=-42 for "ourhome"WPA_PSK
10-22 16:33:11.459  2479  2548 D ScanRecord: Not a Multi Manu data
10-22 16:33:11.467  2479  2548 I chatty  : uid=1002(bluetooth) BT Service Call identical 22 lines
10-22 16:33:11.467  2479  2548 D ScanRecord: Not a Multi Manu data
10-22 16:33:11.467  3754  4235 I BatteryMgr:DataCollectionService: stats => 1697985191467,203,4260,167,0,100
10-22 16:33:11.468  2479  2548 D ScanRecord: Not a Multi Manu data
10-22 16:33:11.574  2479  2548 I chatty  : uid=1002(bluetooth) BT Service Call identical 104 lines
10-22 16:33:11.574  2479  2548 D ScanRecord: Not a Multi Manu data
10-22 16:33:11.576  3754  4235 I BatteryMgr:DataCollectionService: stats => 1697985191576,203,4260,167,0,100
10-22 16:33:11.582  2479  2548 D ScanRecord: Not a Multi Manu data
10-22 16:33:11.651  2479  2548 I chatty  : uid=1002(bluetooth) BT Service Call identical 63 lines
10-22 16:33:11.651  2479  2548 D ScanRecord: Not a Multi Manu data
10-22 16:33:11.653  3806  4139 I SessionStorage/AutoSave: Save: Periodic
10-22 16:33:11.654  2479  2548 D ScanRecord: Not a Multi Manu data
10-22 16:33:11.687  3754  4235 I BatteryMgr:DataCollectionService: stats => 1697985191687,203,4260,167,0,100
10-22 16:33:11.687  2479  2548 I chatty  : uid=1002(bluetooth) BT Service Call expire 67 lines
10-22 16:33:11.687  2479  2548 D ScanRecord: Not a Multi Manu data
10-22 16:33:11.687  2479  2548 D ScanRecord: Not a Multi Manu data
10-22 16:33:11.700  2479  2548 I chatty  : uid=1002(bluetooth) BT Service Call identical 33 lines
10-22 16:33:11.700  2479  2548 D ScanRecord: Not a Multi Manu data
10-22 16:33:11.721  2479  2548 D ScanRecord: same manuId data exists, combine both data and store
10-22 16:33:11.721  2479  2548 D ScanRecord: It's a Multi Manu data
10-22 16:33:11.721  2479  2548 I chatty  : uid=1002(bluetooth) BT Service Call identical 9 lines
10-22 16:33:11.721  2479  2548 D ScanRecord: It's a Multi Manu data
10-22 16:33:11.721  2479  2548 D ScanRecord: same manuId data exists, combine both data and store
10-22 16:33:11.721  2479  2548 D ScanRecord: same manuId data exists, combine both data and store
10-22 16:33:11.721  2479  2548 D ScanRecord: It's a Multi Manu data
10-22 16:33:11.721  2479  2548 D ScanFilter: manu data matches
10-22 16:33:11.722  2479  2548 D BtGatt.GattService: onScanResult to scannerId: 6- event_type=0x1b, address_type=1, address=EC:3, primary_phy=1, secondary_phy=0, advertising_sid=0xff, tx_power=127, rssi=-67, periodic_adv_int=0x0
10-22 16:33:11.722 23612 23732 D ScanRecord: same manuId data exists, combine both data and store
10-22 16:33:11.737  2479  2548 D ScanRecord: Not a Multi Manu data
10-22 16:33:11.794  2479  2548 I chatty  : uid=1002(bluetooth) BT Service Call identical 115 lines
10-22 16:33:11.794  2479  2548 D ScanRecord: Not a Multi Manu data
10-22 16:33:11.797  3754  4235 I BatteryMgr:DataCollectionService: stats => 1697985191796,203,4260,167,0,100
10-22 16:33:11.801  2479  2548 D ScanRecord: Not a Multi Manu data
10-22 16:33:11.876  2479  2548 I chatty  : uid=1002(bluetooth) BT Service Call identical 76 lines
10-22 16:33:11.876  2479  2548 D ScanRecord: Not a Multi Manu data
10-22 16:33:11.910  3754  4235 I BatteryMgr:DataCollectionService: stats => 1697985191910,203,4260,167,0,100
10-22 16:33:11.972  3957  6478 D SSRM:k  : SIOP:: AP = 380, PST = 352 (W:22), BAT = 315, USB = 0, CHG = 0
10-22 16:33:12.021  3754  4235 I BatteryMgr:DataCollectionService: stats => 1697985192021,203,4260,167,0,100
10-22 16:33:12.054  3957  4128 D WifiService: getConnectionInfo uid=1000
10-22 16:33:12.132  3754  4235 I BatteryMgr:DataCollectionService: stats => 1697985192132,203,4260,167,0,100
10-22 16:33:12.239  3754  4235 I BatteryMgr:DataCollectionService: stats => 1697985192239,203,4260,167,0,100
10-22 16:33:12.351  3754  4235 I BatteryMgr:DataCollectionService: stats => 1697985192351,203,4260,167,0,100
10-22 16:33:12.371  3957  4030 D SensorService: [SO] 0.225 -0.129 9.960
10-22 16:33:12.441  3957  4129 D WifiStateMachine:  ConnectedState !RSSI_PKTCNT_FETCH uid=1000 rt=591599025/1647574497 0 0 "ourhome" f4:6d:2f:12:cc:88 rssi=-42 f=5240 sc=60 link=433 tx=0.4, 0.0, 0.0  rx=6.9 bcn=492719 [on:0 tx:0 rx:0 period:998] from screen [on:193885 period:1586316] score=60
10-22 16:33:12.444  3957  4129 D WifiStateMachine:  L2ConnectedState !RSSI_PKTCNT_FETCH uid=1000 rt=591599027/1647574499 0 0 "ourhome" f4:6d:2f:12:cc:88 rssi=-42 f=5240 sc=60 link=433 tx=0.4, 0.0, 0.0  rx=6.9 bcn=492719 [on:0 tx:0 rx:0 period:3] from screen [on:193885 period:1586319] score=60
10-22 16:33:12.451  3957  4129 D WifiStateMachine: fetchRssiLinkSpeedAndFrequencyNative rssi=-42 linkspeed=433 freq=5240
10-22 16:33:12.451  3957  4129 V WifiConfigManager: Updating scan detail cache freq=5240 BSSID=f4:6d:2f:12:cc:88 RSSI=-42 for "ourhome"WPA_PSK
10-22 16:33:12.461  3754  4235 I BatteryMgr:DataCollectionService: stats => 1697985192461,203,4260,167,0,100
10-22 16:33:12.579  3754  4235 I BatteryMgr:DataCollectionService: stats => 1697985192578,203,4260,167,0,100
10-22 16:33:12.694  3754  4235 I BatteryMgr:DataCollectionService: stats => 1697985192693,203,4260,167,0,100
10-22 16:33:12.806  3754  4235 I BatteryMgr:DataCollectionService: stats => 1697985192806,203,4260,167,0,100
10-22 16:33:12.833  3957  4129 D WifiStateMachine:  ConnectedState !CMD_RSSI_POLL rt=591599415/1647574887 112 0 "ourhome" f4:6d:2f:12:cc:88 rssi=-42 f=5240 sc=60 link=433 tx=0.4, 0.0, 0.0  rx=6.9 bcn=492719 [on:0 tx:0 rx:0 period:389] from screen [on:193885 period:1586708] score=60
10-22 16:33:12.835  3957  4129 D WifiStateMachine:  L2ConnectedState !CMD_RSSI_POLL rt=591599419/1647574891 112 0 "ourhome" f4:6d:2f:12:cc:88 rssi=-42 f=5240 sc=60 link=433 tx=0.4, 0.0, 0.0  rx=6.9 bcn=492719 [on:0 tx:0 rx:0 period:2] from screen [on:193885 period:1586710] score=60
10-22 16:33:12.835  3957  4129 D WifiStateMachine:  get link layer stats 3
10-22 16:33:12.835  3436  3436 I android.hardware.wifi@1.0-service: getLinkLayerStats
10-22 16:33:12.840  3957  4129 D WifiStateMachine: fetchRssiLinkSpeedAndFrequencyNative rssi=-43 linkspeed=433 freq=5240
10-22 16:33:12.840  3957  4129 V WifiConfigManager: Updating scan detail cache freq=5240 BSSID=f4:6d:2f:12:cc:88 RSSI=-42 for "ourhome"WPA_PSK
10-22 16:33:12.845  4340  4340 E SignalClusterView: setSlotFocusVisible : subId -2
10-22 16:33:12.845  4340  4340 E SignalClusterView: setSlotFocusVisible : subId -2
10-22 16:33:12.887  3957  4416 E Watchdog: !@Sync 19712 [2023-10-22 16:33:12.886]
10-22 16:33:12.917  3754  4235 I BatteryMgr:DataCollectionService: stats => 1697985192917,203,4260,167,0,100
10-22 16:33:13.026  3754  4235 I BatteryMgr:DataCollectionService: stats => 1697985193026,203,4260,167,0,100
10-22 16:33:13.056  3957  4128 D WifiService: getConnectionInfo uid=1000
10-22 16:33:13.140  3754  4235 I BatteryMgr:DataCollectionService: stats => 1697985193139,203,4260,167,0,100
10-22 16:33:13.251  3754  4235 I BatteryMgr:DataCollectionService: stats => 1697985193251,203,4260,167,0,100
10-22 16:33:13.359  3754  4235 I BatteryMgr:DataCollectionService: stats => 1697985193359,203,4260,167,0,100
10-22 16:33:13.442  3957  4129 D WifiStateMachine:  ConnectedState !RSSI_PKTCNT_FETCH uid=1000 rt=591600026/1647575498 0 0 "ourhome" f4:6d:2f:12:cc:88 rssi=-43 f=5240 sc=60 link=433 tx=2.0, 0.0, 0.0  rx=4.4 bcn=492745 [on:0 tx:0 rx:0 period:589] from screen [on:194126 period:1587317] score=60
10-22 16:33:13.445  3957  4129 D WifiStateMachine:  L2ConnectedState !RSSI_PKTCNT_FETCH uid=1000 rt=591600028/1647575501 0 0 "ourhome" f4:6d:2f:12:cc:88 rssi=-43 f=5240 sc=60 link=433 tx=2.0, 0.0, 0.0  rx=4.4 bcn=492745 [on:0 tx:0 rx:0 period:2] from screen [on:194126 period:1587319] score=60
10-22 16:33:13.451  3957  4129 D WifiStateMachine: fetchRssiLinkSpeedAndFrequencyNative rssi=-44 linkspeed=433 freq=5240
10-22 16:33:13.452  3957  4129 V WifiConfigManager: Updating scan detail cache freq=5240 BSSID=f4:6d:2f:12:cc:88 RSSI=-43 for "ourhome"WPA_PSK
10-22 16:33:13.470  3754  4235 I BatteryMgr:DataCollectionService: stats => 1697985193469,203,4260,167,0,100
10-22 16:33:13.579  3754  4235 I BatteryMgr:DataCollectionService: stats => 1697985193579,203,4260,167,0,100
10-22 16:33:13.687  3754  4235 I BatteryMgr:DataCollectionService: stats => 1697985193687,203,4260,167,0,100
10-22 16:33:13.797  3754  4235 I BatteryMgr:DataCollectionService: stats => 1697985193797,203,4260,167,0,100
10-22 16:33:13.914  3754  4235 I BatteryMgr:DataCollectionService: stats => 1697985193914,203,4260,167,0,100
10-22 16:33:14.025  3754  4235 I BatteryMgr:DataCollectionService: stats => 1697985194025,203,4260,167,0,100
10-22 16:33:14.059  3957  4128 D WifiService: getConnectionInfo uid=1000
10-22 16:33:14.137  3754  4235 I BatteryMgr:DataCollectionService: stats => 1697985194137,203,4260,167,0,100
10-22 16:33:14.162  4961  4961 D io_stats: !@ 179,0 r 9350979 304766272 w 2087083 41025516 d 166858 36640692 f 630914 655810 iot 4295700 3711235 th 51200 0 0 pt 0 inp 0 0 591600.747
10-22 16:33:14.247  3754  4235 I BatteryMgr:DataCollectionService: stats => 1697985194247,203,4260,167,0,100
10-22 16:33:14.360  3754  4235 I BatteryMgr:DataCollectionService: stats => 1697985194360,203,4260,167,0,100
10-22 16:33:14.444  3957  4129 D WifiStateMachine:  ConnectedState !RSSI_PKTCNT_FETCH uid=1000 rt=591601027/1647576499 0 0 "ourhome" f4:6d:2f:12:cc:88 rssi=-44 f=5240 sc=60 link=433 tx=2.0, 0.0, 0.0  rx=4.4 bcn=492745 [on:0 tx:0 rx:0 period:1000] from screen [on:194126 period:1588319] score=60
10-22 16:33:14.447  3957  4129 D WifiStateMachine:  L2ConnectedState !RSSI_PKTCNT_FETCH uid=1000 rt=591601030/1647576503 0 0 "ourhome" f4:6d:2f:12:cc:88 rssi=-44 f=5240 sc=60 link=433 tx=2.0, 0.0, 0.0  rx=4.4 bcn=492745 [on:0 tx:0 rx:0 period:2] from screen [on:194126 period:1588321] score=60
10-22 16:33:14.455  3957  4129 D WifiStateMachine: fetchRssiLinkSpeedAndFrequencyNative rssi=-43 linkspeed=433 freq=5240
10-22 16:33:14.455  3957  4129 V WifiConfigManager: Updating scan detail cache freq=5240 BSSID=f4:6d:2f:12:cc:88 RSSI=-43 for "ourhome"WPA_PSK
10-22 16:33:14.472  3754  4235 I BatteryMgr:DataCollectionService: stats => 1697985194472,203,4260,167,0,100
10-22 16:33:14.580  3754  4235 I BatteryMgr:DataCollectionService: stats => 1697985194580,203,4260,167,0,100
10-22 16:33:14.691  3754  4235 I BatteryMgr:DataCollectionService: stats => 1697985194691,203,4260,167,0,100
10-22 16:33:14.803  3754  4235 I BatteryMgr:DataCollectionService: stats => 1697985194803,203,4260,167,0,100
10-22 16:33:14.911  3754  4235 I BatteryMgr:DataCollectionService: stats => 1697985194911,203,4260,167,0,100
10-22 16:33:15.021  3754  4235 I BatteryMgr:DataCollectionService: stats => 1697985195021,203,4260,167,0,100
10-22 16:33:15.062  3957  4128 D WifiService: getConnectionInfo uid=1000
10-22 16:33:15.133  3754  4235 I BatteryMgr:DataCollectionService: stats => 1697985195133,203,4260,167,0,100
10-22 16:33:15.249  3754  4235 I BatteryMgr:DataCollectionService: stats => 1697985195249,203,4260,167,0,100
10-22 16:33:15.361  3754  4235 I BatteryMgr:DataCollectionService: stats => 1697985195361,203,4260,167,0,100
10-22 16:33:15.445  3957  4129 D WifiStateMachine:  ConnectedState !RSSI_PKTCNT_FETCH uid=1000 rt=591602028/1647577501 0 0 "ourhome" f4:6d:2f:12:cc:88 rssi=-43 f=5240 sc=60 link=433 tx=2.0, 0.0, 0.0  rx=4.4 bcn=492745 [on:0 tx:0 rx:0 period:999] from screen [on:194126 period:1589320] score=60
10-22 16:33:15.448  3957  4129 D WifiStateMachine:  L2ConnectedState !RSSI_PKTCNT_FETCH uid=1000 rt=591602031/1647577504 0 0 "ourhome" f4:6d:2f:12:cc:88 rssi=-43 f=5240 sc=60 link=433 tx=2.0, 0.0, 0.0  rx=4.4 bcn=492745 [on:0 tx:0 rx:0 period:2] from screen [on:194126 period:1589322] score=60
10-22 16:33:15.455  3957  4129 D WifiStateMachine: fetchRssiLinkSpeedAndFrequencyNative rssi=-44 linkspeed=433 freq=5240
10-22 16:33:15.455  3957  4129 V WifiConfigManager: Updating scan detail cache freq=5240 BSSID=f4:6d:2f:12:cc:88 RSSI=-43 for "ourhome"WPA_PSK
10-22 16:33:15.474  3754  4235 I BatteryMgr:DataCollectionService: stats => 1697985195474,203,4260,167,0,100
10-22 16:33:15.585  3754  4235 I BatteryMgr:DataCollectionService: stats => 1697985195585,203,4260,167,0,100
10-22 16:33:15.694  3754  4235 I BatteryMgr:DataCollectionService: stats => 1697985195693,203,4260,167,0,100
10-22 16:33:15.803  3754  4235 I BatteryMgr:DataCollectionService: stats => 1697985195803,203,4260,167,0,100
10-22 16:33:15.843  3957  4129 D WifiStateMachine:  ConnectedState !CMD_RSSI_POLL rt=591602428/1647577900 112 0 "ourhome" f4:6d:2f:12:cc:88 rssi=-44 f=5240 sc=60 link=433 tx=2.0, 0.0, 0.0  rx=4.4 bcn=492745 [on:0 tx:0 rx:0 period:396] from screen [on:194126 period:1589718] score=60
10-22 16:33:15.845  3957  4129 D WifiStateMachine:  L2ConnectedState !CMD_RSSI_POLL rt=591602429/1647577902 112 0 "ourhome" f4:6d:2f:12:cc:88 rssi=-44 f=5240 sc=60 link=433 tx=2.0, 0.0, 0.0  rx=4.4 bcn=492745 [on:0 tx:0 rx:0 period:1] from screen [on:194126 period:1589719] score=60
10-22 16:33:15.845  3957  4129 D WifiStateMachine:  get link layer stats 3
10-22 16:33:15.845  3436  3436 I android.hardware.wifi@1.0-service: getLinkLayerStats
10-22 16:33:15.948  3754  4235 I BatteryMgr:DataCollectionService: stats => 1697985195947,203,4260,167,0,100
10-22 16:33:15.949  3957  4129 D WifiStateMachine: fetchRssiLinkSpeedAndFrequencyNative rssi=-44 linkspeed=433 freq=5240
10-22 16:33:15.950  3957  4129 V WifiConfigManager: Updating scan detail cache freq=5240 BSSID=f4:6d:2f:12:cc:88 RSSI=-43 for "ourhome"WPA_PSK
10-22 16:33:15.983  4340  4340 E SignalClusterView: setSlotFocusVisible : subId -2
10-22 16:33:15.983  4340  4340 E SignalClusterView: setSlotFocusVisible : subId -2
10-22 16:33:16.053  3754  4235 I BatteryMgr:DataCollectionService: stats => 1697985196053,203,4260,167,0,100
10-22 16:33:16.067  3957  4128 D WifiService: getConnectionInfo uid=1000
10-22 16:33:16.160  3754  4235 I BatteryMgr:DataCollectionService: stats => 1697985196160,97,4260,172,0,100
10-22 16:33:16.200  3957  3966 I zygote64: Background concurrent copying GC freed 509556(20MB) AllocSpace objects, 170(3MB) LOS objects, 36% free, 42MB/66MB, paused 11.501ms total 352.996ms
10-22 16:33:16.268  3754  4235 I BatteryMgr:DataCollectionService: stats => 1697985196268,97,4260,172,0,100
10-22 16:33:16.381  3754  4235 I BatteryMgr:DataCollectionService: stats => 1697985196381,97,4260,172,0,100
10-22 16:33:16.415  2479  2548 D ScanRecord: Not a Multi Manu data
10-22 16:33:16.445  2479  2548 I chatty  : uid=1002(bluetooth) BT Service Call identical 50 lines
10-22 16:33:16.445  2479  2548 D ScanRecord: Not a Multi Manu data
10-22 16:33:16.449  3957  4129 D WifiStateMachine:  ConnectedState !RSSI_PKTCNT_FETCH uid=1000 rt=591603029/1647578502 0 0 "ourhome" f4:6d:2f:12:cc:88 rssi=-44 f=5240 sc=60 link=433 tx=0.7, 0.0, 0.0  rx=5.4 bcn=492772 [on:0 tx:0 rx:0 period:465] from screen [on:194793 period:1590324] score=60
10-22 16:33:16.451  2479  2548 D ScanRecord: Not a Multi Manu data
10-22 16:33:16.451  3957  4129 D WifiStateMachine:  L2ConnectedState !RSSI_PKTCNT_FETCH uid=1000 rt=591603035/1647578508 0 0 "ourhome" f4:6d:2f:12:cc:88 rssi=-44 f=5240 sc=60 link=433 tx=0.7, 0.0, 0.0  rx=5.4 bcn=492772 [on:0 tx:0 rx:0 period:2] from screen [on:194793 period:1590326] score=60
10-22 16:33:16.451  2479  2548 I chatty  : uid=1002(bluetooth) BT Service Call expire 5 lines
10-22 16:33:16.451  2479  2548 D ScanRecord: Not a Multi Manu data
10-22 16:33:16.451  2479  2548 D ScanRecord: Not a Multi Manu data
10-22 16:33:16.452  2479  2548 I chatty  : uid=1002(bluetooth) BT Service Call identical 4 lines
10-22 16:33:16.452  2479  2548 D ScanRecord: Not a Multi Manu data
10-22 16:33:16.459  3957  4129 D WifiStateMachine: fetchRssiLinkSpeedAndFrequencyNative rssi=-43 linkspeed=433 freq=5240
10-22 16:33:16.459  3957  4129 V WifiConfigManager: Updating scan detail cache freq=5240 BSSID=f4:6d:2f:12:cc:88 RSSI=-43 for "ourhome"WPA_PSK
10-22 16:33:16.461  2479  2548 D ScanRecord: Not a Multi Manu data
10-22 16:33:16.478  2479  2548 I chatty  : uid=1002(bluetooth) BT Service Call identical 37 lines
10-22 16:33:16.478  2479  2548 D ScanRecord: Not a Multi Manu data
10-22 16:33:16.489  3754  4235 I BatteryMgr:DataCollectionService: stats => 1697985196489,97,4260,172,0,100
10-22 16:33:16.493  2479  2548 D ScanRecord: Not a Multi Manu data
10-22 16:33:16.581  2479  2548 I chatty  : uid=1002(bluetooth) BT Service Call identical 102 lines
10-22 16:33:16.581  2479  2548 D ScanRecord: Not a Multi Manu data
10-22 16:33:16.599  3754  4235 I BatteryMgr:DataCollectionService: stats => 1697985196599,97,4260,172,0,100
10-22 16:33:16.624  2479  2548 D ScanRecord: Not a Multi Manu data
10-22 16:33:16.703  2479  2548 I chatty  : uid=1002(bluetooth) BT Service Call identical 89 lines
10-22 16:33:16.703  2479  2548 D ScanRecord: Not a Multi Manu data
10-22 16:33:16.706  3754  4235 I BatteryMgr:DataCollectionService: stats => 1697985196706,97,4260,172,0,100
10-22 16:33:16.708  2479  2548 D ScanRecord: Not a Multi Manu data
10-22 16:33:16.791  2479  2548 I chatty  : uid=1002(bluetooth) BT Service Call identical 89 lines
10-22 16:33:16.791  2479  2548 D ScanRecord: Not a Multi Manu data
10-22 16:33:16.815  3754  4235 I BatteryMgr:DataCollectionService: stats => 1697985196815,97,4260,172,0,100
10-22 16:33:16.815  2479  2548 D ScanRecord: Not a Multi Manu data
10-22 16:33:16.906  2479  2548 I chatty  : uid=1002(bluetooth) BT Service Call identical 128 lines
10-22 16:33:16.906  2479  2548 D ScanRecord: Not a Multi Manu data
10-22 16:33:16.923  3754  4235 I BatteryMgr:DataCollectionService: stats => 1697985196923,97,4260,172,0,100
10-22 16:33:16.933  3957  4651 D BatteryService: !@BatteryListener : batteryPropertiesChanged!
10-22 16:33:17.034  3754  4235 I BatteryMgr:DataCollectionService: stats => 1697985197034,97,4260,172,0,100
10-22 16:33:17.070  3957  4128 D WifiService: getConnectionInfo uid=1000
10-22 16:33:17.150  3754  4235 I BatteryMgr:DataCollectionService: stats => 1697985197150,97,4260,172,0,100
10-22 16:33:17.262  3754  4235 I BatteryMgr:DataCollectionService: stats => 1697985197261,97,4260,172,0,100
10-22 16:33:17.373  3754  4235 I BatteryMgr:DataCollectionService: stats => 1697985197373,97,4260,172,0,100
10-22 16:33:17.452  3957  4129 D WifiStateMachine:  ConnectedState !RSSI_PKTCNT_FETCH uid=1000 rt=591604029/1647579502 0 0 "ourhome" f4:6d:2f:12:cc:88 rssi=-43 f=5240 sc=60 link=433 tx=0.7, 0.0, 0.0  rx=5.4 bcn=492772 [on:0 tx:0 rx:0 period:1000] from screen [on:194793 period:1591326] score=60
10-22 16:33:17.455  3957  4129 D WifiStateMachine:  L2ConnectedState !RSSI_PKTCNT_FETCH uid=1000 rt=591604038/1647579510 0 0 "ourhome" f4:6d:2f:12:cc:88 rssi=-43 f=5240 sc=60 link=433 tx=0.7, 0.0, 0.0  rx=5.4 bcn=492772 [on:0 tx:0 rx:0 period:4] from screen [on:194793 period:1591330] score=60
10-22 16:33:17.461  3957  4129 D WifiStateMachine: fetchRssiLinkSpeedAndFrequencyNative rssi=-44 linkspeed=433 freq=5240
10-22 16:33:17.461  3957  4129 V WifiConfigManager: Updating scan detail cache freq=5240 BSSID=f4:6d:2f:12:cc:88 RSSI=-43 for "ourhome"WPA_PSK
10-22 16:33:17.481  3754  4235 I BatteryMgr:DataCollectionService: stats => 1697985197481,97,4260,172,0,100
10-22 16:33:17.591  3754  4235 I BatteryMgr:DataCollectionService: stats => 1697985197591,97,4260,172,0,100
10-22 16:33:17.696  3754  4235 I BatteryMgr:DataCollectionService: stats => 1697985197696,97,4260,172,0,100
10-22 16:33:17.727 23612  4462 E memtrack: Couldn't load memtrack module
10-22 16:33:17.727 23612  4462 W android.os.Debug: failed to get memory consumption info: -1
10-22 16:33:17.806  3754  4235 I BatteryMgr:DataCollectionService: stats => 1697985197806,97,4260,172,0,100
10-22 16:33:17.917  3754  4235 I BatteryMgr:DataCollectionService: stats => 1697985197916,97,4260,172,0,100
10-22 16:33:18.028  3754  4235 I BatteryMgr:DataCollectionService: stats => 1697985198028,97,4260,172,0,100
10-22 16:33:18.072  3957  4128 D WifiService: getConnectionInfo uid=1000
10-22 16:33:18.141  3754  4235 I BatteryMgr:DataCollectionService: stats => 1697985198140,97,4260,172,0,100
10-22 16:33:18.248  3754  4235 I BatteryMgr:DataCollectionService: stats => 1697985198248,97,4260,172,0,100
10-22 16:33:18.358  3754  4235 I BatteryMgr:DataCollectionService: stats => 1697985198357,97,4260,172,0,100
10-22 16:33:18.447  3957  4129 D WifiStateMachine:  ConnectedState !RSSI_PKTCNT_FETCH uid=1000 rt=591605031/1647580503 0 0 "ourhome" f4:6d:2f:12:cc:88 rssi=-44 f=5240 sc=60 link=433 tx=0.7, 0.0, 0.0  rx=5.4 bcn=492772 [on:0 tx:0 rx:0 period:992] from screen [on:194793 period:1592322] score=60
10-22 16:33:18.449  3957  4129 D WifiStateMachine:  L2ConnectedState !RSSI_PKTCNT_FETCH uid=1000 rt=591605033/1647580506 0 0 "ourhome" f4:6d:2f:12:cc:88 rssi=-44 f=5240 sc=60 link=433 tx=0.7, 0.0, 0.0  rx=5.4 bcn=492772 [on:0 tx:0 rx:0 period:2] from screen [on:194793 period:1592324] score=60
10-22 16:33:18.457  3957  4129 D WifiStateMachine: fetchRssiLinkSpeedAndFrequencyNative rssi=-44 linkspeed=433 freq=5240
10-22 16:33:18.457  3957  4129 V WifiConfigManager: Updating scan detail cache freq=5240 BSSID=f4:6d:2f:12:cc:88 RSSI=-43 for "ourhome"WPA_PSK
10-22 16:33:18.471  3754  4235 I BatteryMgr:DataCollectionService: stats => 1697985198471,97,4260,172,0,100
10-22 16:33:18.590  3754  4235 I BatteryMgr:DataCollectionService: stats => 1697985198589,97,4260,172,0,100
10-22 16:33:18.703  3754  4235 I BatteryMgr:DataCollectionService: stats => 1697985198703,97,4260,172,0,100
10-22 16:33:18.812  3754  4235 I BatteryMgr:DataCollectionService: stats => 1697985198812,97,4260,172,0,100
10-22 16:33:18.925  3754  4235 I BatteryMgr:DataCollectionService: stats => 1697985198925,97,4260,172,0,100
10-22 16:33:18.956  3957  4129 D WifiStateMachine:  ConnectedState !CMD_RSSI_POLL rt=591605540/1647581013 112 0 "ourhome" f4:6d:2f:12:cc:88 rssi=-44 f=5240 sc=60 link=433 tx=0.7, 0.0, 0.0  rx=5.4 bcn=492772 [on:0 tx:0 rx:0 period:507] from screen [on:194793 period:1592831] score=60
10-22 16:33:18.958  3957  4129 D WifiStateMachine:  L2ConnectedState !CMD_RSSI_POLL rt=591605542/1647581014 112 0 "ourhome" f4:6d:2f:12:cc:88 rssi=-44 f=5240 sc=60 link=433 tx=0.7, 0.0, 0.0  rx=5.4 bcn=492772 [on:0 tx:0 rx:0 period:2] from screen [on:194793 period:1592833] score=60
10-22 16:33:18.958  3957  4129 D WifiStateMachine:  get link layer stats 3
10-22 16:33:18.959  3436  3436 I android.hardware.wifi@1.0-service: getLinkLayerStats
10-22 16:33:18.978  3957  4129 D WifiStateMachine: fetchRssiLinkSpeedAndFrequencyNative rssi=-43 linkspeed=433 freq=5240
10-22 16:33:18.978  3957  4129 V WifiConfigManager: Updating scan detail cache freq=5240 BSSID=f4:6d:2f:12:cc:88 RSSI=-43 for "ourhome"WPA_PSK
10-22 16:33:18.984  4340  4340 E SignalClusterView: setSlotFocusVisible : subId -2
10-22 16:33:18.984  4340  4340 E SignalClusterView: setSlotFocusVisible : subId -2
10-22 16:33:19.037  3754  4235 I BatteryMgr:DataCollectionService: stats => 1697985199037,97,4260,172,0,100
10-22 16:33:19.075  3957  4128 D WifiService: getConnectionInfo uid=1000
10-22 16:33:19.146  3754  4235 I BatteryMgr:DataCollectionService: stats => 1697985199146,97,4260,172,0,100
10-22 16:33:19.165  4961  4961 D io_stats: !@ 179,0 r 9351185 304774228 w 2087095 41025644 d 166859 36640696 f 630916 655812 iot 4295836 3711334 th 51200 0 0 pt 0 inp 0 0 591605.750
10-22 16:33:19.258  3754  4235 I BatteryMgr:DataCollectionService: stats => 1697985199257,97,4260,172,0,100
10-22 16:33:19.369  3754  4235 I BatteryMgr:DataCollectionService: stats => 1697985199369,97,4260,172,0,100
10-22 16:33:19.449  3957  4129 D WifiStateMachine:  ConnectedState !RSSI_PKTCNT_FETCH uid=1000 rt=591606031/1647581504 0 0 "ourhome" f4:6d:2f:12:cc:88 rssi=-43 f=5240 sc=60 link=433 tx=0.9, 0.0, 0.0  rx=2.6 bcn=492801 [on:0 tx:0 rx:0 period:466] from screen [on:195225 period:1593324] score=60
10-22 16:33:19.451  3957  4129 D WifiStateMachine:  L2ConnectedState !RSSI_PKTCNT_FETCH uid=1000 rt=591606035/1647581507 0 0 "ourhome" f4:6d:2f:12:cc:88 rssi=-43 f=5240 sc=60 link=433 tx=0.9, 0.0, 0.0  rx=2.6 bcn=492801 [on:0 tx:0 rx:0 period:2] from screen [on:195225 period:1593326] score=60
10-22 16:33:19.456  3957  4129 D WifiStateMachine: fetchRssiLinkSpeedAndFrequencyNative rssi=-42 linkspeed=433 freq=5240
10-22 16:33:19.456  3957  4129 V WifiConfigManager: Updating scan detail cache freq=5240 BSSID=f4:6d:2f:12:cc:88 RSSI=-42 for "ourhome"WPA_PSK
10-22 16:33:19.480  3754  4235 I BatteryMgr:DataCollectionService: stats => 1697985199480,97,4260,172,0,100
10-22 16:33:19.589  3754  4235 I BatteryMgr:DataCollectionService: stats => 1697985199589,97,4260,172,0,100
10-22 16:33:19.698  3754  4235 I BatteryMgr:DataCollectionService: stats => 1697985199697,97,4260,172,0,100
10-22 16:33:19.813  3754  4235 I BatteryMgr:DataCollectionService: stats => 1697985199813,97,4260,172,0,100
10-22 16:33:19.924  3754  4235 I BatteryMgr:DataCollectionService: stats => 1697985199923,97,4260,172,0,100
10-22 16:33:20.032  3754  4235 I BatteryMgr:DataCollectionService: stats => 1697985200032,97,4260,172,0,100
10-22 16:33:20.077  3957  4128 D WifiService: getConnectionInfo uid=1000
10-22 16:33:20.143  3754  4235 I BatteryMgr:DataCollectionService: stats => 1697985200143,97,4260,172,0,100
10-22 16:33:20.251  3754  4235 I BatteryMgr:DataCollectionService: stats => 1697985200251,97,4260,172,0,100
10-22 16:33:20.368  3754  4235 I BatteryMgr:DataCollectionService: stats => 1697985200368,97,4260,172,0,100
10-22 16:33:20.448  3957  4129 D WifiStateMachine:  ConnectedState !RSSI_PKTCNT_FETCH uid=1000 rt=591607032/1647582505 0 0 "ourhome" f4:6d:2f:12:cc:88 rssi=-42 f=5240 sc=60 link=433 tx=0.9, 0.0, 0.0  rx=2.6 bcn=492801 [on:0 tx:0 rx:0 period:997] from screen [on:195225 period:1594323] score=60
10-22 16:33:20.450  3957  4129 D WifiStateMachine:  L2ConnectedState !RSSI_PKTCNT_FETCH uid=1000 rt=591607034/1647582507 0 0 "ourhome" f4:6d:2f:12:cc:88 rssi=-42 f=5240 sc=60 link=433 tx=0.9, 0.0, 0.0  rx=2.6 bcn=492801 [on:0 tx:0 rx:0 period:2] from screen [on:195225 period:1594325] score=60
10-22 16:33:20.458  3957  4129 D WifiStateMachine: fetchRssiLinkSpeedAndFrequencyNative rssi=-43 linkspeed=433 freq=5240
10-22 16:33:20.458  3957  4129 V WifiConfigManager: Updating scan detail cache freq=5240 BSSID=f4:6d:2f:12:cc:88 RSSI=-42 for "ourhome"WPA_PSK
10-22 16:33:20.482  3754  4235 I BatteryMgr:DataCollectionService: stats => 1697985200482,97,4260,172,0,100
10-22 16:33:20.493  4340  4731 D NetworkController.MobileSignalController(0/-2): onSignalStrengthsChanged signalStrength=SignalStrength: 20 99 -20 -200 -20 -200 -1 99 2147483647 2147483647 2147483647 2147483647 0 2147483647 0x4 P gsm|lte level=4
10-22 16:33:20.493  4340  4731 D NetworkController.MobileSignalController(0/-2): getMobileIconGroup(): 0
10-22 16:33:20.592  3754  4235 I BatteryMgr:DataCollectionService: stats => 1697985200591,97,4260,172,0,100
10-22 16:33:20.701  3754  4235 I BatteryMgr:DataCollectionService: stats => 1697985200701,97,4260,172,0,100
10-22 16:33:20.811  3754  4235 I BatteryMgr:DataCollectionService: stats => 1697985200810,97,4260,172,0,100
10-22 16:33:20.919  3754  4235 I BatteryMgr:DataCollectionService: stats => 1697985200919,97,4260,172,0,100
10-22 16:33:21.029  3754  4235 I BatteryMgr:DataCollectionService: stats => 1697985201029,97,4260,172,0,100
10-22 16:33:21.079  3957  4128 D WifiService: getConnectionInfo uid=1000
10-22 16:33:21.141  3754  4235 I BatteryMgr:DataCollectionService: stats => 1697985201140,97,4260,172,0,100
10-22 16:33:21.248  3754  4235 I BatteryMgr:DataCollectionService: stats => 1697985201247,97,4260,172,0,100
10-22 16:33:21.357  3754  4235 I BatteryMgr:DataCollectionService: stats => 1697985201356,97,4260,172,0,100
10-22 16:33:21.386  3957  3980 W StorageManager: getStorageFullBytes DEFAULT_FULL_THRESHOLD_BYTES : 20971520, threadhold : 20971520
10-22 16:33:21.386  3957  3980 W StorageManager: getStorageLowBytes lowPercent : 5, lowBytes : 1260145254, maxLowBytes : 524288000
10-22 16:33:21.402  3957  3980 W DeviceStorageMonitorService: updateBroadcasts(/data) oldLevel:0, newLevel:0, seq:1
10-22 16:33:21.403  3957  3980 W DeviceStorageMonitorService: updateBroadcasts_filenode(/data) fn_oldLevel:0, fn_newLevel:0, seq:1
10-22 16:33:21.421  2479  2548 D ScanRecord: Not a Multi Manu data
10-22 16:33:21.421  2479  2548 I chatty  : uid=1002(bluetooth) BT Service Call identical 11 lines
10-22 16:33:21.421  2479  2548 D ScanRecord: Not a Multi Manu data
10-22 16:33:21.450  3957  4129 D WifiStateMachine:  ConnectedState !RSSI_PKTCNT_FETCH uid=1000 rt=591608033/1647583506 0 0 "ourhome" f4:6d:2f:12:cc:88 rssi=-43 f=5240 sc=60 link=433 tx=0.9, 0.0, 0.0  rx=2.6 bcn=492801 [on:0 tx:0 rx:0 period:1000] from screen [on:195225 period:1595325] score=60
10-22 16:33:21.453  3957  4129 D WifiStateMachine:  L2ConnectedState !RSSI_PKTCNT_FETCH uid=1000 rt=591608036/1647583509 0 0 "ourhome" f4:6d:2f:12:cc:88 rssi=-43 f=5240 sc=60 link=433 tx=0.9, 0.0, 0.0  rx=2.6 bcn=492801 [on:0 tx:0 rx:0 period:3] from screen [on:195225 period:1595328] score=60
10-22 16:33:21.455  3957  4129 D WifiStateMachine: fetchRssiLinkSpeedAndFrequencyNative rssi=-44 linkspeed=433 freq=5240
10-22 16:33:21.455  3957  4129 V WifiConfigManager: Updating scan detail cache freq=5240 BSSID=f4:6d:2f:12:cc:88 RSSI=-43 for "ourhome"WPA_PSK
10-22 16:33:21.457  2479  2548 D ScanRecord: Not a Multi Manu data
10-22 16:33:21.458  2479  2548 I chatty  : uid=1002(bluetooth) BT Service Call identical 11 lines
10-22 16:33:21.458  2479  2548 D ScanRecord: Not a Multi Manu data
10-22 16:33:21.467  3754  4235 I BatteryMgr:DataCollectionService: stats => 1697985201467,97,4260,172,0,100
10-22 16:33:21.477  2479  2548 D ScanRecord: Not a Multi Manu data
10-22 16:33:21.572  2479  2548 I chatty  : uid=1002(bluetooth) BT Service Call identical 128 lines
10-22 16:33:21.572  2479  2548 D ScanRecord: Not a Multi Manu data
10-22 16:33:21.575  3754  4235 I BatteryMgr:DataCollectionService: stats => 1697985201575,97,4260,172,0,100
10-22 16:33:21.584  2479  2548 D ScanRecord: Not a Multi Manu data
10-22 16:33:21.673  2479  2548 I chatty  : uid=1002(bluetooth) BT Service Call identical 89 lines
10-22 16:33:21.673  2479  2548 D ScanRecord: Not a Multi Manu data
10-22 16:33:21.683  3754  4235 I BatteryMgr:DataCollectionService: stats => 1697985201683,97,4260,172,0,100
10-22 16:33:21.694  2479  2548 D ScanRecord: Not a Multi Manu data
10-22 16:33:21.734  2479  2548 I chatty  : uid=1002(bluetooth) BT Service Call identical 63 lines
10-22 16:33:21.734  2479  2548 D ScanRecord: Not a Multi Manu data
10-22 16:33:21.753  2479  2548 D ScanRecord: same manuId data exists, combine both data and store
10-22 16:33:21.753  2479  2548 D ScanRecord: It's a Multi Manu data
10-22 16:33:21.753  2479  2548 I chatty  : uid=1002(bluetooth) BT Service Call identical 9 lines
10-22 16:33:21.753  2479  2548 D ScanRecord: It's a Multi Manu data
10-22 16:33:21.753  2479  2548 D ScanRecord: same manuId data exists, combine both data and store
10-22 16:33:21.753  2479  2548 D ScanRecord: same manuId data exists, combine both data and store
10-22 16:33:21.753  2479  2548 D ScanRecord: It's a Multi Manu data
10-22 16:33:21.753  2479  2548 D ScanFilter: manu data matches
10-22 16:33:21.754  2479  2548 D BtGatt.GattService: onScanResult to scannerId: 6- event_type=0x1b, address_type=1, address=EC:3, primary_phy=1, secondary_phy=0, advertising_sid=0xff, tx_power=127, rssi=-70, periodic_adv_int=0x0
10-22 16:33:21.754 23612 27751 D ScanRecord: same manuId data exists, combine both data and store
10-22 16:33:21.759  2479  2548 D ScanRecord: Not a Multi Manu data
10-22 16:33:21.790  2479  2548 I chatty  : uid=1002(bluetooth) BT Service Call identical 50 lines
10-22 16:33:21.790  2479  2548 D ScanRecord: Not a Multi Manu data
10-22 16:33:21.797  3754  4235 I BatteryMgr:DataCollectionService: stats => 1697985201796,97,4260,172,0,100
10-22 16:33:21.800  2479  2548 D ScanRecord: Not a Multi Manu data
10-22 16:33:21.899  2479  2548 I chatty  : uid=1002(bluetooth) BT Service Call identical 89 lines
10-22 16:33:21.899  2479  2548 D ScanRecord: Not a Multi Manu data
10-22 16:33:21.908  3754  4235 I BatteryMgr:DataCollectionService: stats => 1697985201907,97,4260,172,0,100
10-22 16:33:21.913  2479  2548 D ScanRecord: Not a Multi Manu data
10-22 16:33:21.914  2479  2548 I chatty  : uid=1002(bluetooth) BT Service Call identical 11 lines
10-22 16:33:21.914  2479  2548 D ScanRecord: Not a Multi Manu data
10-22 16:33:21.984  3957  4129 D WifiStateMachine:  ConnectedState !CMD_RSSI_POLL rt=591608566/1647584038 112 0 "ourhome" f4:6d:2f:12:cc:88 rssi=-44 f=5240 sc=60 link=433 tx=0.9, 0.0, 0.0  rx=2.6 bcn=492801 [on:0 tx:0 rx:0 period:530] from screen [on:195225 period:1595858] score=60
10-22 16:33:21.987  3957  4129 D WifiStateMachine:  L2ConnectedState !CMD_RSSI_POLL rt=591608570/1647584042 112 0 "ourhome" f4:6d:2f:12:cc:88 rssi=-44 f=5240 sc=60 link=433 tx=0.9, 0.0, 0.0  rx=2.6 bcn=492801 [on:0 tx:0 rx:0 period:3] from screen [on:195225 period:1595861] score=60
10-22 16:33:21.987  3957  4129 D WifiStateMachine:  get link layer stats 3
10-22 16:33:21.987  3436  3436 I android.hardware.wifi@1.0-service: getLinkLayerStats
10-22 16:33:21.995  3957  6478 D SSRM:k  : SIOP:: AP = 380, PST = 352 (W:22), BAT = 315, USB = 0, CHG = 0
10-22 16:33:22.007  3957  4129 D WifiStateMachine: fetchRssiLinkSpeedAndFrequencyNative rssi=-44 linkspeed=433 freq=5240
10-22 16:33:22.007  3957  4129 V WifiConfigManager: Updating scan detail cache freq=5240 BSSID=f4:6d:2f:12:cc:88 RSSI=-43 for "ourhome"WPA_PSK
10-22 16:33:22.012  4340  4340 E SignalClusterView: setSlotFocusVisible : subId -2
10-22 16:33:22.012  4340  4340 E SignalClusterView: setSlotFocusVisible : subId -2
10-22 16:33:22.019  3754  4235 I BatteryMgr:DataCollectionService: stats => 1697985202019,97,4260,172,0,100
10-22 16:33:22.082  3957  4128 D WifiService: getConnectionInfo uid=1000
10-22 16:33:22.130  3754  4235 I BatteryMgr:DataCollectionService: stats => 1697985202129,97,4260,172,0,100
10-22 16:33:22.243  3754  4235 I BatteryMgr:DataCollectionService: stats => 1697985202243,97,4260,172,0,100
10-22 16:33:22.353  3754  4235 I BatteryMgr:DataCollectionService: stats => 1697985202353,97,4260,172,0,100
10-22 16:33:22.371  3957  4030 D SensorService: [SO] 0.225 -0.124 9.969
10-22 16:33:22.452  3957  4129 D WifiStateMachine:  ConnectedState !RSSI_PKTCNT_FETCH uid=1000 rt=591609035/1647584507 0 0 "ourhome" f4:6d:2f:12:cc:88 rssi=-44 f=5240 sc=60 link=433 tx=0.3, 0.0, 0.0  rx=1.0 bcn=492830 [on:0 tx:0 rx:0 period:439] from screen [on:195312 period:1596326] score=60
10-22 16:33:22.453  3957  4129 D WifiStateMachine:  L2ConnectedState !RSSI_PKTCNT_FETCH uid=1000 rt=591609037/1647584510 0 0 "ourhome" f4:6d:2f:12:cc:88 rssi=-44 f=5240 sc=60 link=433 tx=0.3, 0.0, 0.0  rx=1.0 bcn=492830 [on:0 tx:0 rx:0 period:2] from screen [on:195312 period:1596328] score=60
10-22 16:33:22.460  3957  4129 D WifiStateMachine: fetchRssiLinkSpeedAndFrequencyNative rssi=-45 linkspeed=433 freq=5240
10-22 16:33:22.461  3957  4129 V WifiConfigManager: Updating scan detail cache freq=5240 BSSID=f4:6d:2f:12:cc:88 RSSI=-44 for "ourhome"WPA_PSK
10-22 16:33:22.466  3754  4235 I BatteryMgr:DataCollectionService: stats => 1697985202465,97,4260,172,0,100
10-22 16:33:22.577  3754  4235 I BatteryMgr:DataCollectionService: stats => 1697985202577,97,4260,172,0,100
10-22 16:33:22.687  3754  4235 I BatteryMgr:DataCollectionService: stats => 1697985202686,97,4260,172,0,100
10-22 16:33:22.800  3754  4235 I BatteryMgr:DataCollectionService: stats => 1697985202800,97,4260,172,0,100
10-22 16:33:22.912  3754  4235 I BatteryMgr:DataCollectionService: stats => 1697985202912,97,4260,172,0,100
10-22 16:33:23.024  3754  4235 I BatteryMgr:DataCollectionService: stats => 1697985203024,97,4260,172,0,100
10-22 16:33:23.083  3957  4128 D WifiService: getConnectionInfo uid=1000
10-22 16:33:23.136  3754  4235 I BatteryMgr:DataCollectionService: stats => 1697985203136,97,4260,172,0,100
10-22 16:33:23.249  3754  4235 I BatteryMgr:DataCollectionService: stats => 1697985203249,97,4260,172,0,100
10-22 16:33:23.360  3754  4235 I BatteryMgr:DataCollectionService: stats => 1697985203360,97,4260,172,0,100
10-22 16:33:23.453  3957  4129 D WifiStateMachine:  ConnectedState !RSSI_PKTCNT_FETCH uid=1000 rt=591610036/1647585509 0 0 "ourhome" f4:6d:2f:12:cc:88 rssi=-45 f=5240 sc=60 link=433 tx=0.3, 0.0, 0.0  rx=1.0 bcn=492830 [on:0 tx:0 rx:0 period:1000] from screen [on:195312 period:1597328] score=60
10-22 16:33:23.455  3957  4129 D WifiStateMachine:  L2ConnectedState !RSSI_PKTCNT_FETCH uid=1000 rt=591610039/1647585511 0 0 "ourhome" f4:6d:2f:12:cc:88 rssi=-45 f=5240 sc=60 link=433 tx=0.3, 0.0, 0.0  rx=1.0 bcn=492830 [on:0 tx:0 rx:0 period:2] from screen [on:195312 period:1597330] score=60
10-22 16:33:23.459  3957  4129 D WifiStateMachine: fetchRssiLinkSpeedAndFrequencyNative rssi=-45 linkspeed=433 freq=5240
10-22 16:33:23.459  3957  4129 V WifiConfigManager: Updating scan detail cache freq=5240 BSSID=f4:6d:2f:12:cc:88 RSSI=-44 for "ourhome"WPA_PSK
10-22 16:33:23.470  3754  4235 I BatteryMgr:DataCollectionService: stats => 1697985203470,97,4260,172,0,100
10-22 16:33:23.581  3754  4235 I BatteryMgr:DataCollectionService: stats => 1697985203581,97,4260,172,0,100
10-22 16:33:23.697  3754  4235 I BatteryMgr:DataCollectionService: stats => 1697985203696,97,4260,172,0,100
10-22 16:33:23.809  3754  4235 I BatteryMgr:DataCollectionService: stats => 1697985203808,97,4260,172,0,100
10-22 16:33:23.917  3754  4235 I BatteryMgr:DataCollectionService: stats => 1697985203917,97,4260,172,0,100
10-22 16:33:24.027  3754  4235 I BatteryMgr:DataCollectionService: stats => 1697985204027,97,4260,172,0,100
10-22 16:33:24.085  3957  4128 D WifiService: getConnectionInfo uid=1000
10-22 16:33:24.139  3754  4235 I BatteryMgr:DataCollectionService: stats => 1697985204138,97,4260,172,0,100
10-22 16:33:24.168  4961  4961 D io_stats: !@ 179,0 r 9351218 304775188 w 2087106 41025824 d 166859 36640696 f 630917 655815 iot 4295848 3711351 th 51200 0 0 pt 0 inp 0 0 591610.753
10-22 16:33:24.248  3754  4235 I BatteryMgr:DataCollectionService: stats => 1697985204247,97,4260,172,0,100
10-22 16:33:24.356  3754  4235 I BatteryMgr:DataCollectionService: stats => 1697985204356,97,4260,172,0,100
10-22 16:33:24.453  3957  4129 D WifiStateMachine:  ConnectedState !RSSI_PKTCNT_FETCH uid=1000 rt=591611037/1647586509 0 0 "ourhome" f4:6d:2f:12:cc:88 rssi=-45 f=5240 sc=60 link=433 tx=0.3, 0.0, 0.0  rx=1.0 bcn=492830 [on:0 tx:0 rx:0 period:997] from screen [on:195312 period:1598327] score=60
10-22 16:33:24.454  3957  4129 D WifiStateMachine:  L2ConnectedState !RSSI_PKTCNT_FETCH uid=1000 rt=591611038/1647586511 0 0 "ourhome" f4:6d:2f:12:cc:88 rssi=-45 f=5240 sc=60 link=433 tx=0.3, 0.0, 0.0  rx=1.0 bcn=492830 [on:0 tx:0 rx:0 period:2] from screen [on:195312 period:1598329] score=60
10-22 16:33:24.461  3957  4129 D WifiStateMachine: fetchRssiLinkSpeedAndFrequencyNative rssi=-45 linkspeed=433 freq=5240
10-22 16:33:24.462  3957  4129 V WifiConfigManager: Updating scan detail cache freq=5240 BSSID=f4:6d:2f:12:cc:88 RSSI=-44 for "ourhome"WPA_PSK
10-22 16:33:24.470  3754  4235 I BatteryMgr:DataCollectionService: stats => 1697985204470,97,4260,172,0,100
10-22 16:33:24.580  3754  4235 I BatteryMgr:DataCollectionService: stats => 1697985204580,97,4260,172,0,100
10-22 16:33:24.688  3754  4235 I BatteryMgr:DataCollectionService: stats => 1697985204688,97,4260,172,0,100
10-22 16:33:24.796  3754  4235 I BatteryMgr:DataCollectionService: stats => 1697985204796,97,4260,172,0,100
10-22 16:33:24.904  3754  4235 I BatteryMgr:DataCollectionService: stats => 1697985204904,97,4260,172,0,100
10-22 16:33:25.013  3957  4129 D WifiStateMachine:  ConnectedState !CMD_RSSI_POLL rt=591611595/1647587067 112 0 "ourhome" f4:6d:2f:12:cc:88 rssi=-45 f=5240 sc=60 link=433 tx=0.3, 0.0, 0.0  rx=1.0 bcn=492830 [on:0 tx:0 rx:0 period:558] from screen [on:195312 period:1598887] score=60
10-22 16:33:25.015  3957  4129 D WifiStateMachine:  L2ConnectedState !CMD_RSSI_POLL rt=591611599/1647587071 112 0 "ourhome" f4:6d:2f:12:cc:88 rssi=-45 f=5240 sc=60 link=433 tx=0.3, 0.0, 0.0  rx=1.0 bcn=492830 [on:0 tx:0 rx:0 period:3] from screen [on:195312 period:1598890] score=60
10-22 16:33:25.015  3957  4129 D WifiStateMachine:  get link layer stats 3
10-22 16:33:25.015  3436  3436 I android.hardware.wifi@1.0-service: getLinkLayerStats
10-22 16:33:25.016  3754  4235 I BatteryMgr:DataCollectionService: stats => 1697985205015,97,4260,172,0,100
10-22 16:33:25.034  3957  4129 D WifiStateMachine: fetchRssiLinkSpeedAndFrequencyNative rssi=-46 linkspeed=433 freq=5240
10-22 16:33:25.034  3957  4129 V WifiConfigManager: Updating scan detail cache freq=5240 BSSID=f4:6d:2f:12:cc:88 RSSI=-45 for "ourhome"WPA_PSK
10-22 16:33:25.041  4340  4340 E SignalClusterView: setSlotFocusVisible : subId -2
10-22 16:33:25.041  4340  4340 E SignalClusterView: setSlotFocusVisible : subId -2
10-22 16:33:25.088  3957  4128 D WifiService: getConnectionInfo uid=1000
10-22 16:33:25.125  3754  4235 I BatteryMgr:DataCollectionService: stats => 1697985205125,97,4260,172,0,100
10-22 16:33:25.235  3754  4235 I BatteryMgr:DataCollectionService: stats => 1697985205235,97,4260,172,0,100
10-22 16:33:25.347  3754  4235 I BatteryMgr:DataCollectionService: stats => 1697985205347,97,4260,172,0,100
10-22 16:33:25.454  3957  4129 D WifiStateMachine:  ConnectedState !RSSI_PKTCNT_FETCH uid=1000 rt=591612037/1647587510 0 0 "ourhome" f4:6d:2f:12:cc:88 rssi=-46 f=5240 sc=60 link=433 tx=2.0, 0.0, 0.0  rx=2.9 bcn=492860 [on:0 tx:0 rx:0 period:414] from screen [on:196036 period:1599329] score=60
10-22 16:33:25.457  3957  4129 D WifiStateMachine:  L2ConnectedState !RSSI_PKTCNT_FETCH uid=1000 rt=591612040/1647587513 0 0 "ourhome" f4:6d:2f:12:cc:88 rssi=-46 f=5240 sc=60 link=433 tx=2.0, 0.0, 0.0  rx=2.9 bcn=492860 [on:0 tx:0 rx:0 period:2] from screen [on:196036 period:1599331] score=60
10-22 16:33:25.457  3754  4235 I BatteryMgr:DataCollectionService: stats => 1697985205457,97,4260,172,0,100
10-22 16:33:25.464  3957  4129 D WifiStateMachine: fetchRssiLinkSpeedAndFrequencyNative rssi=-45 linkspeed=433 freq=5240
10-22 16:33:25.464  3957  4129 V WifiConfigManager: Updating scan detail cache freq=5240 BSSID=f4:6d:2f:12:cc:88 RSSI=-45 for "ourhome"WPA_PSK
10-22 16:33:25.570  3754  4235 I BatteryMgr:DataCollectionService: stats => 1697985205570,97,4260,172,0,100
10-22 16:33:25.683  3754  4235 I BatteryMgr:DataCollectionService: stats => 1697985205683,97,4260,172,0,100
10-22 16:33:25.792  3754  4235 I BatteryMgr:DataCollectionService: stats => 1697985205792,97,4260,172,0,100
10-22 16:33:25.903  3754  4235 I BatteryMgr:DataCollectionService: stats => 1697985205903,97,4260,172,0,100
10-22 16:33:26.015  3754  4235 I BatteryMgr:DataCollectionService: stats => 1697985206015,97,4260,172,0,100
10-22 16:33:26.091  3957  4128 D WifiService: getConnectionInfo uid=1000
10-22 16:33:26.124  3754  4235 I BatteryMgr:DataCollectionService: stats => 1697985206124,97,4260,172,0,100
10-22 16:33:26.233  3754  4235 I BatteryMgr:DataCollectionService: stats => 1697985206233,97,4260,172,0,100
10-22 16:33:26.350  3754  4235 I BatteryMgr:DataCollectionService: stats => 1697985206350,97,4260,172,0,100
10-22 16:33:26.438  2479  2548 D ScanRecord: Not a Multi Manu data
10-22 16:33:26.439  2479  2548 I chatty  : uid=1002(bluetooth) BT Service Call identical 11 lines
10-22 16:33:26.439  2479  2548 D ScanRecord: Not a Multi Manu data
10-22 16:33:26.456  3957  4129 D WifiStateMachine:  ConnectedState !RSSI_PKTCNT_FETCH uid=1000 rt=591613039/1647588512 0 0 "ourhome" f4:6d:2f:12:cc:88 rssi=-45 f=5240 sc=60 link=433 tx=2.0, 0.0, 0.0  rx=2.9 bcn=492860 [on:0 tx:0 rx:0 period:1000] from screen [on:196036 period:1600331] score=60
10-22 16:33:26.458  3957  4129 D WifiStateMachine:  L2ConnectedState !RSSI_PKTCNT_FETCH uid=1000 rt=591613042/1647588514 0 0 "ourhome" f4:6d:2f:12:cc:88 rssi=-45 f=5240 sc=60 link=433 tx=2.0, 0.0, 0.0  rx=2.9 bcn=492860 [on:0 tx:0 rx:0 period:1] from screen [on:196036 period:1600332] score=60
10-22 16:33:26.462  3957  4129 D WifiStateMachine: fetchRssiLinkSpeedAndFrequencyNative rssi=-45 linkspeed=433 freq=5240
10-22 16:33:26.463  3957  4129 V WifiConfigManager: Updating scan detail cache freq=5240 BSSID=f4:6d:2f:12:cc:88 RSSI=-45 for "ourhome"WPA_PSK
10-22 16:33:26.466  2479  2548 D ScanRecord: Not a Multi Manu data
10-22 16:33:26.467  2479  2548 I chatty  : uid=1002(bluetooth) BT Service Call identical 8 lines
10-22 16:33:26.467  2479  2548 D ScanRecord: Not a Multi Manu data
10-22 16:33:26.468  3754  4235 I BatteryMgr:DataCollectionService: stats => 1697985206467,97,4260,172,0,100
10-22 16:33:26.469  2479  2548 D ScanRecord: Not a Multi Manu data
10-22 16:33:26.571  2479  2548 I chatty  : uid=1002(bluetooth) BT Service Call identical 66 lines
10-22 16:33:26.571  2479  2548 D ScanRecord: Not a Multi Manu data
10-22 16:33:26.579  3754  4235 I BatteryMgr:DataCollectionService: stats => 1697985206579,97,4260,172,0,100
10-22 16:33:26.583  2479  2548 D ScanRecord: Not a Multi Manu data
10-22 16:33:26.609  2479  2548 I chatty  : uid=1002(bluetooth) BT Service Call identical 76 lines
10-22 16:33:26.609  2479  2548 D ScanRecord: Not a Multi Manu data
10-22 16:33:26.612  2479  2548 D ScanRecord: same manuId data exists, combine both data and store
10-22 16:33:26.613  2479  2548 D ScanRecord: It's a Multi Manu data
10-22 16:33:26.613  2479  2548 I chatty  : uid=1002(bluetooth) BT Service Call identical 9 lines
10-22 16:33:26.613  2479  2548 D ScanRecord: It's a Multi Manu data
10-22 16:33:26.613  2479  2548 D ScanRecord: same manuId data exists, combine both data and store
10-22 16:33:26.613  2479  2548 D ScanRecord: same manuId data exists, combine both data and store
10-22 16:33:26.613  2479  2548 D ScanRecord: It's a Multi Manu data
10-22 16:33:26.613  2479  2548 D ScanFilter: manu data matches
10-22 16:33:26.613  2479  2548 D BtGatt.GattService: onScanResult to scannerId: 6- event_type=0x1b, address_type=1, address=EC:3, primary_phy=1, secondary_phy=0, advertising_sid=0xff, tx_power=127, rssi=-67, periodic_adv_int=0x0
10-22 16:33:26.614 23612 27751 D ScanRecord: same manuId data exists, combine both data and store
10-22 16:33:26.628  2479  2548 D ScanRecord: Not a Multi Manu data
10-22 16:33:26.687  2479  2548 I chatty  : uid=1002(bluetooth) BT Service Call identical 63 lines
10-22 16:33:26.687  2479  2548 D ScanRecord: Not a Multi Manu data
10-22 16:33:26.688  3754  4235 I BatteryMgr:DataCollectionService: stats => 1697985206688,97,4260,172,0,100
10-22 16:33:26.694  2479  2548 D ScanRecord: Not a Multi Manu data
10-22 16:33:26.796  2479  2548 I chatty  : uid=1002(bluetooth) BT Service Call identical 141 lines
10-22 16:33:26.796  2479  2548 D ScanRecord: Not a Multi Manu data
10-22 16:33:26.798  3754  4235 I BatteryMgr:DataCollectionService: stats => 1697985206797,97,4260,172,0,100
10-22 16:33:26.800  2479  2548 D ScanRecord: Not a Multi Manu data
10-22 16:33:26.902  2479  2548 I chatty  : uid=1002(bluetooth) BT Service Call identical 102 lines
10-22 16:33:26.902  2479  2548 D ScanRecord: Not a Multi Manu data
10-22 16:33:26.907  3754  4235 I BatteryMgr:DataCollectionService: stats => 1697985206907,97,4260,172,0,100
10-22 16:33:27.013  3754  4235 I BatteryMgr:DataCollectionService: stats => 1697985207013,118,4260,171,0,100
10-22 16:33:27.093  3957  4128 D WifiService: getConnectionInfo uid=1000
