10-22 16:04:45.180  3957 14954 D PackageManager: getComponentMetadataForIconTray : com.example.batterymanager_utility.MainActivity does not exist in mReceivers
10-22 16:04:45.181  4340 23471 D ApplicationPackageManager: updateItemMetaDataForFixedIconScale: package: com.example.batterymanager_utility
10-22 16:04:45.181  3957 14954 D PackageManager: getSelectedMetaData : packageName(com.example.batterymanager_utility) or Metadata strings {[Ljava.lang.String;@3c6ccaf}
10-22 16:04:45.181  4340 23471 I ApplicationPackageManager: load=com.example.batterymanager_utility, bg=144-144, dr=189-189, forDefault=true, density=0
10-22 16:04:45.183  4340 23471 I ApplicationPackageManager: scaled rate=0.72, size=189, alpha=54, hold=102
10-22 16:04:45.183  4340 23471 D ApplicationPackageManager: iconScale: getScale(): 0.72 getAlpha(): 54
10-22 16:04:45.185  4340 23471 I ApplicationPackageManager: load=com.example.batterymanager_utility-contain, bg=112-112, dr=189-189
10-22 16:04:45.187  3957  4129 D WifiStateMachine:  ConnectedState !CMD_RSSI_POLL rt=589891772/1645867245 110 0 "ourhome" f4:6d:2f:12:cc:88 rssi=-45 f=5240 sc=60 link=433 tx=0.2, 0.0, 0.0  rx=3.0 bcn=476928 [on:0 tx:0 rx:0 period:845] from screen [on:189868 period:1478002] score=60
10-22 16:04:45.189  3957  4129 D WifiStateMachine:  L2ConnectedState !CMD_RSSI_POLL rt=589891773/1645867246 110 0 "ourhome" f4:6d:2f:12:cc:88 rssi=-45 f=5240 sc=60 link=433 tx=0.2, 0.0, 0.0  rx=3.0 bcn=476928 [on:0 tx:0 rx:0 period:2] from screen [on:189868 period:1478004] score=60
10-22 16:04:45.189  3957  4129 D WifiStateMachine:  get link layer stats 3
10-22 16:04:45.189  3436  3436 I android.hardware.wifi@1.0-service: getLinkLayerStats
10-22 16:04:45.190  3957  4128 D WifiService: getConnectionInfo uid=1000
10-22 16:04:45.192  3957  4129 D WifiStateMachine: fetchRssiLinkSpeedAndFrequencyNative rssi=-45 linkspeed=433 freq=5240
10-22 16:04:45.192  3957  4129 V WifiConfigManager: Updating scan detail cache freq=5240 BSSID=f4:6d:2f:12:cc:88 RSSI=-45 for "ourhome"WPA_PSK
10-22 16:04:45.195  3447  3447 I SurfaceFlinger: Display 0 HWC layers:
10-22 16:04:45.195  3447  3447 I SurfaceFlinger:     type    |    handle    | flag |  format   |   source crop (l,t,r,b)    |         frame       | name 
10-22 16:04:45.195  3447  3447 I SurfaceFlinger: ------------+--------------+------+-----------+----------------------------+---------------------+------
10-22 16:04:45.195  3447  3447 I SurfaceFlinger:      Client |              | 0000 |  Unknown  |  -0.2   -0.2   -0.8   -0.8 |    0    0  720 1280 | animation background stackId=1#0
10-22 16:04:45.195  3447  3447 I SurfaceFlinger:      Client | 0x7ea5024000 | 0002 | RGBA_8888 |   0.0    0.0  720.0 1280.0 |    0    0  720 1279 | com.example.batterymanager_utility/c[...]atterymanager_utility.MainActivity#0
10-22 16:04:45.195  3447  3447 I SurfaceFlinger:      Device | 0x7e9cc0e500 | 0000 | RGBA_8888 |   0.0    0.0  720.0   42.0 |    0    0  720   42 | StatusBar#0
10-22 16:04:45.195  3447  3447 I SurfaceFlinger: 
10-22 16:04:45.202  3957  4089 D MdnieScenarioControlService:  packageName : org.mozilla.fenix    className : org.mozilla.fenix.App
10-22 16:04:45.202  3957  4089 V MdnieScenarioControlService: setUIMode from UI function(3)
10-22 16:04:45.209  4340  4340 E SignalClusterView: setSlotFocusVisible : subId -2
10-22 16:04:45.209  4340  4340 E SignalClusterView: setSlotFocusVisible : subId -2
10-22 16:04:45.210 32583 32583 I FirebaseApp: Device unlocked: initializing all Firebase APIs for app [DEFAULT]
10-22 16:04:45.222 32583 32583 I FirebaseInitProvider: FirebaseApp initialization successful
10-22 16:04:45.338  3957  4129 D WifiStateMachine:  ConnectedState !RSSI_PKTCNT_FETCH uid=1000 rt=589891922/1645867395 0 0 "ourhome" f4:6d:2f:12:cc:88 rssi=-45 f=5240 sc=60 link=433 tx=3.9, 0.0, 0.0  rx=6.8 bcn=476957 [on:0 tx:0 rx:0 period:145] from screen [on:190672 period:1478153] score=60
10-22 16:04:45.339  3957  4129 D WifiStateMachine:  L2ConnectedState !RSSI_PKTCNT_FETCH uid=1000 rt=589891924/1645867396 0 0 "ourhome" f4:6d:2f:12:cc:88 rssi=-45 f=5240 sc=60 link=433 tx=3.9, 0.0, 0.0  rx=6.8 bcn=476957 [on:0 tx:0 rx:0 period:1] from screen [on:190672 period:1478154] score=60
10-22 16:04:45.340  3957  4129 D WifiStateMachine: fetchRssiLinkSpeedAndFrequencyNative rssi=-45 linkspeed=433 freq=5240
10-22 16:04:45.340  3957  4129 V WifiConfigManager: Updating scan detail cache freq=5240 BSSID=f4:6d:2f:12:cc:88 RSSI=-45 for "ourhome"WPA_PSK
10-22 16:04:45.379  3447  3447 I SurfaceFlinger: Display 0 HWC layers:
10-22 16:04:45.379  3447  3447 I SurfaceFlinger:     type    |    handle    | flag |  format   |   source crop (l,t,r,b)    |         frame       | name 
10-22 16:04:45.379  3447  3447 I SurfaceFlinger: ------------+--------------+------+-----------+----------------------------+---------------------+------
10-22 16:04:45.379  3447  3447 I SurfaceFlinger:      Client |              | 0000 |  Unknown  |  -0.2   -0.2   -0.8   -0.8 |    0    0  720 1280 | animation background stackId=1#0
10-22 16:04:45.379  3447  3447 I SurfaceFlinger:      Client | 0x7ea5024000 | 0002 | RGBA_8888 |   0.0    0.0  720.0 1279.0 |   16   29  703 1250 | com.example.batterymanager_utility/c[...]atterymanager_utility.MainActivity#0
10-22 16:04:45.379  3447  3447 I SurfaceFlinger:      Client | 0x7ea5024480 | 0000 | RGBA_8888 |   0.0    0.0  720.0 1024.0 |   16  303  703 1280 | Splash Screen org.mozilla.fenix#0
10-22 16:04:45.379  3447  3447 I SurfaceFlinger:      Client | 0x7e9ec21fc0 | 0000 | RGBA_8888 |   0.0    0.0  720.0   42.0 |    0    0  720   42 | StatusBar#0
10-22 16:04:45.379  3447  3447 I SurfaceFlinger: 
10-22 16:04:45.416 32583 32611 W linker  : "/data/app/org.mozilla.fenix-iWpGOrf8cry6RDpwHyQugA==/lib/arm64/libxul.so" unused DT entry: type 0x8000024 arg 0x539420
10-22 16:04:45.416 32583 32611 W linker  : "/data/app/org.mozilla.fenix-iWpGOrf8cry6RDpwHyQugA==/lib/arm64/libxul.so" unused DT entry: type 0x8000023 arg 0x17d68
10-22 16:04:45.416 32583 32611 W linker  : "/data/app/org.mozilla.fenix-iWpGOrf8cry6RDpwHyQugA==/lib/arm64/libxul.so" unused DT entry: type 0x8000025 arg 0x8
10-22 16:04:45.417 32583 32611 W linker  : "/data/app/org.mozilla.fenix-iWpGOrf8cry6RDpwHyQugA==/lib/arm64/libnss3.so" unused DT entry: type 0x8000024 arg 0x14998
10-22 16:04:45.417 32583 32611 W linker  : "/data/app/org.mozilla.fenix-iWpGOrf8cry6RDpwHyQugA==/lib/arm64/libnss3.so" unused DT entry: type 0x8000023 arg 0x5c8
10-22 16:04:45.417 32583 32611 W linker  : "/data/app/org.mozilla.fenix-iWpGOrf8cry6RDpwHyQugA==/lib/arm64/libnss3.so" unused DT entry: type 0x8000025 arg 0x8
10-22 16:04:45.418 32583 32611 W linker  : "/data/app/org.mozilla.fenix-iWpGOrf8cry6RDpwHyQugA==/lib/arm64/libmozglue.so" unused DT entry: type 0x8000024 arg 0x38f70
10-22 16:04:45.418 32583 32611 W linker  : "/data/app/org.mozilla.fenix-iWpGOrf8cry6RDpwHyQugA==/lib/arm64/libmozglue.so" unused DT entry: type 0x8000023 arg 0x1f8
10-22 16:04:45.418 32583 32611 W linker  : "/data/app/org.mozilla.fenix-iWpGOrf8cry6RDpwHyQugA==/lib/arm64/libmozglue.so" unused DT entry: type 0x8000025 arg 0x8
10-22 16:04:45.419 32583 32611 W linker  : "/data/app/org.mozilla.fenix-iWpGOrf8cry6RDpwHyQugA==/lib/arm64/libmozglue.so" unused DT entry: type 0x8000024 arg 0x38f70
10-22 16:04:45.419 32583 32611 W linker  : "/data/app/org.mozilla.fenix-iWpGOrf8cry6RDpwHyQugA==/lib/arm64/libmozglue.so" unused DT entry: type 0x8000023 arg 0x1f8
10-22 16:04:45.419 32583 32611 W linker  : "/data/app/org.mozilla.fenix-iWpGOrf8cry6RDpwHyQugA==/lib/arm64/libmozglue.so" unused DT entry: type 0x8000025 arg 0x8
10-22 16:04:45.419 32583 32611 W linker  : "/data/app/org.mozilla.fenix-iWpGOrf8cry6RDpwHyQugA==/lib/arm64/libmozglue.so" unused DT entry: type 0x8000024 arg 0x38f70
10-22 16:04:45.419 32583 32611 W linker  : "/data/app/org.mozilla.fenix-iWpGOrf8cry6RDpwHyQugA==/lib/arm64/libmozglue.so" unused DT entry: type 0x8000023 arg 0x1f8
10-22 16:04:45.420 32583 32611 W linker  : "/data/app/org.mozilla.fenix-iWpGOrf8cry6RDpwHyQugA==/lib/arm64/libmozglue.so" unused DT entry: type 0x8000025 arg 0x8
10-22 16:04:45.420 32583 32611 W linker  : "/data/app/org.mozilla.fenix-iWpGOrf8cry6RDpwHyQugA==/lib/arm64/libmozglue.so" unused DT entry: type 0x8000024 arg 0x38f70
10-22 16:04:45.420 32583 32611 W linker  : "/data/app/org.mozilla.fenix-iWpGOrf8cry6RDpwHyQugA==/lib/arm64/libmozglue.so" unused DT entry: type 0x8000023 arg 0x1f8
10-22 16:04:45.420 32583 32611 W linker  : "/data/app/org.mozilla.fenix-iWpGOrf8cry6RDpwHyQugA==/lib/arm64/libmozglue.so" unused DT entry: type 0x8000025 arg 0x8
10-22 16:04:45.563 32583 32611 I nimbus::stateful::nimbus_client: updating experiment list
10-22 16:04:45.567 32583 32611 I nimbus::stateful::persistence: Already at version 2, no upgrade needed
10-22 16:04:45.569 32583 32611 I nimbus::stateful::nimbus_client: [Nimbus] Retrieved date from Context: 2023-09-28 18:32:20 UTC
10-22 16:04:45.569 32583 32611 I nimbus::stateful::nimbus_client: [Nimbus] Installation Date: 2023-09-28 18:32:20 UTC
10-22 16:04:45.570 32583 32611 I nimbus::stateful::nimbus_client: [Nimbus] Update Date: 2023-09-28 18:32:25.568136298 UTC
10-22 16:04:45.570 32583 32611 I nimbus::stateful::nimbus_client: [Nimbus] Days since install: 23
10-22 16:04:45.570 32583 32611 I nimbus::stateful::nimbus_client: [Nimbus] Days since update: 23
10-22 16:04:45.632 32583 32614 I GeckoThread: preparing to run Gecko
10-22 16:04:45.636  3957  5414 W StorageManager: getStorageLowBytes lowPercent : 5, lowBytes : 1260145254, maxLowBytes : 524288000
10-22 16:04:45.637  3957  5414 W StorageManager: getStorageLowBytes lowPercent : 5, lowBytes : 1260145254, maxLowBytes : 524288000
10-22 16:04:45.639  3957 14954 W StorageManager: getStorageLowBytes lowPercent : 5, lowBytes : 1260145254, maxLowBytes : 524288000
10-22 16:04:45.648 32583 32614 I GeckoLoader: Library base=/data/app/org.mozilla.fenix-iWpGOrf8cry6RDpwHyQugA==/lib/arm64
10-22 16:04:45.653 32583 32614 W Settings: Setting animator_duration_scale has moved from android.provider.Settings.System to android.provider.Settings.Global, returning read-only global URI.
10-22 16:04:45.656 32583 32614 I GeckoLoader: Library base=/data/app/org.mozilla.fenix-iWpGOrf8cry6RDpwHyQugA==/lib/arm64
10-22 16:04:45.657 32583 32614 E GeckoLibLoad: Load sqlite start
10-22 16:04:45.658 32583 32614 E GeckoLibLoad: Load sqlite done
10-22 16:04:45.658 32583 32614 I GeckoLoader: Library base=/data/app/org.mozilla.fenix-iWpGOrf8cry6RDpwHyQugA==/lib/arm64
10-22 16:04:45.658 32583 32614 E GeckoLibLoad: Load nss start
10-22 16:04:45.658 32583 32614 E GeckoLibLoad: Load nss done
10-22 16:04:45.659 32583 32614 I GeckoLoader: Library base=/data/app/org.mozilla.fenix-iWpGOrf8cry6RDpwHyQugA==/lib/arm64
10-22 16:04:45.659  3957  4025 I WindowManager: Destroying surface Surface(name=com.example.batterymanager_utility/com.example.batterymanager_utility.MainActivity) called by com.android.server.wm.WindowStateAnimator.destroySurface:2501 com.android.server.wm.WindowStateAnimator.destroySurfaceLocked:985 com.android.server.wm.WindowState.destroyOrSaveSurfaceUnchecked:3670 com.android.server.wm.WindowState.destroySurface:3618 com.android.server.wm.AppWindowToken.destroySurfaces:722 com.android.server.wm.AppWindowToken.destroySurfaces:706 com.android.server.wm.WindowState.onExitAnimationDone:5316 com.android.server.wm.WindowStateAnimator.stepAnimationLocked:550 
10-22 16:04:45.659  3447  3488 I SurfaceFlinger: id=3106 Removed com.example.batterymanager_utility/com.example.batterymanager_utility.MainActivity#0 (2/5)
10-22 16:04:45.661 32583 32614 E GeckoLibLoad: Loaded libs in 2.585231ms total, 0ms(4ms) user, 4ms(4ms) system, 1(1) faults
10-22 16:04:45.663 32583 32614 W GeckoThread: zerdatime 1645867721 - runGecko
10-22 16:04:45.663  3447  3489 I SurfaceFlinger: id=3106 Removed com.example.batterymanager_utility/com.example.batterymanager_utility.MainActivity#0 (-2/5)
10-22 16:04:45.665 32583 32618 I libglean_ffi: glean_core::core: Creating new Glean v54.0.0
10-22 16:04:45.671 32583 32618 I libglean_ffi: glean_core::database: Database initialized
10-22 16:04:45.673  3957  4324 I OpenGLRenderer: Initialized EGL, version 1.4
10-22 16:04:45.673  3957  4324 D OpenGLRenderer: Swap behavior 2
10-22 16:04:45.675  3447  3447 I Layer   : id=3106 onRemoved com.example.batterymanager_utility/com.example.batterymanager_utility.MainActivity#0 
10-22 16:04:45.680 32583 32618 I libglean_ffi: glean_core: Glean initialized
10-22 16:04:45.682 32583 32618 I libglean_ffi: glean_core::event_database: Loading events for background-update
10-22 16:04:45.683  3447  3447 I SurfaceFlinger: Display 0 HWC layers:
10-22 16:04:45.683  3447  3447 I SurfaceFlinger:     type    |    handle    | flag |  format   |   source crop (l,t,r,b)    |         frame       | name 
10-22 16:04:45.683  3447  3447 I SurfaceFlinger: ------------+--------------+------+-----------+----------------------------+---------------------+------
10-22 16:04:45.683  3447  3447 I SurfaceFlinger:      Device | 0x7ea5024480 | 0000 | RGBA_8888 |   0.0    0.0  720.0 1280.0 |    0    0  720 1280 | Splash Screen org.mozilla.fenix#0
10-22 16:04:45.683  3447  3447 I SurfaceFlinger:      Device | 0x7e9ec21fc0 | 0000 | RGBA_8888 |   0.0    0.0  720.0   42.0 |    0    0  720   42 | StatusBar#0
10-22 16:04:45.683  3447  3447 I SurfaceFlinger: 
10-22 16:04:45.686  3599  3918 D DnsProxyListener: DNSDBG::dns by name af 2
10-22 16:04:45.690 32583 32618 I libglean_ffi: glean_core::event_database: Loading events for events
10-22 16:04:45.693 32583 32618 I libglean_ffi: glean_core::ping: Collecting events
10-22 16:04:45.703 32583 32618 I libglean_ffi: glean_core::upload::directory: Processing ping at: /data/user/0/org.mozilla.fenix/glean_data/pending_pings/cfc64fe0-4d28-414a-8f9d-201f4fbaf787
10-22 16:04:45.704 32583 32618 I libglean_ffi: glean_core::metrics::ping: The ping 'events' was submitted and will be sent as soon as possible
10-22 16:04:45.710  3957  5414 D PackageManager: setEnabledSetting : userId = 0 packageName = org.mozilla.fenix cmp = androidx.work.impl.background.systemjob.SystemJobService newState = 1 callingPackage = 10169/org.mozilla.fenix
10-22 16:04:45.728 32583 32618 I glean/MetricsPingSched: The 'metrics' ping was already sent today, 1697983485720.
10-22 16:04:45.735 32583 32618 I libglean_ffi: glean_core::ping: Collecting baseline
10-22 16:04:45.744 32583 32614 I Gecko:DumpUtils: Fifo watcher disabled via pref.
10-22 16:04:45.764 32583 32618 I libglean_ffi: glean_core::upload::directory: Processing ping at: /data/user/0/org.mozilla.fenix/glean_data/pending_pings/136d0738-a035-485b-a4da-b4da0f30d702
10-22 16:04:45.772 32583 32618 I libglean_ffi: glean_core::metrics::ping: The ping 'baseline' was submitted and will be sent as soon as possible
10-22 16:04:45.793 32583 32613 I libglean_ffi: glean_core::ping: Collecting pageload
10-22 16:04:45.795 32583 32613 I libglean_ffi: glean_core::ping: Storage for pageload empty. Bailing out.
10-22 16:04:45.795 32583 32613 I libglean_ffi: glean_core::metrics::ping: No content for ping 'pageload', therefore no ping queued.
10-22 16:04:45.797  3957  5414 D SamsungAlarmManager: setExact Intent (T:0/F:1/AC:false) 20331019T160445 - CU:10169/CP:32583
10-22 16:04:45.799 32583 32583 I FenixApplication: AutoPushFeature is configured, initializing it...
10-22 16:04:45.801 32583 32583 I AbstractFirebasePushService: start
10-22 16:04:45.810 32583 32613 I libglean_ffi: glean_core::core: Upload enabled: true
10-22 16:04:45.833  3957 14954 D ConnectivityService: filterNetworkStateForUid() uid: 10169 networkInfo: [type: WIFI[] - WIFI, state: CONNECTED/CONNECTED, reason: (unspecified), extra: "ourhome", failover: false, available: true, roaming: false, metered: false]
10-22 16:04:45.834  3957 14954 D WifiService: getConnectionInfo uid=1000
10-22 16:04:45.861  2479  2548 D ScanRecord: Not a Multi Manu data
10-22 16:04:45.861  2479  2548 I chatty  : uid=1002(bluetooth) BT Service Call identical 11 lines
10-22 16:04:45.861  2479  2548 D ScanRecord: Not a Multi Manu data
10-22 16:04:45.862  3957 14954 D PackageManager: setEnabledSetting : userId = 0 packageName = org.mozilla.fenix cmp = androidx.work.impl.background.systemalarm.RescheduleReceiver newState = 1 callingPackage = 10169/org.mozilla.fenix
10-22 16:04:45.865 29324 29356 W ResourceType: ResTable_typeSpec entry count inconsistent: given 88, previously 91
10-22 16:04:45.865 29324 29356 W ResourceType: ResTable_typeSpec entry count inconsistent: given 168, previously 172
10-22 16:04:45.868 29324 29356 W ResourceType: ResTable_typeSpec entry count inconsistent: given 3506, previously 3526
10-22 16:04:45.868 29324 29356 W ResourceType: ResTable_typeSpec entry count inconsistent: given 487, previously 4675
10-22 16:04:45.871 32583 32662 I push::internal::communications::rate_limiter: No need to reset inner timestamp and count for verify_connection.
10-22 16:04:45.872  3957 14954 D StorageManagerService: getExternalStorageMountMode : 1
10-22 16:04:45.873  3957 14954 D StorageManagerService: getExternalStorageMountMode : 3
10-22 16:04:45.873  3957 14954 D StorageManagerService: getExternalStorageMountMode : final mountMode=1, uid : 10169, packageName : org.mozilla.fenix
10-22 16:04:45.874  3957 14954 I ApplicationPolicy: isApplicationExternalStorageWhitelisted:org.mozilla.fenix user:0
10-22 16:04:45.874  3957 14954 D ApplicationPolicy: isApplicationExternalStorageWhitelisted: DO is not enabled on user 0. Allowed.
10-22 16:04:45.874  3957 14954 D ActivityManager: package  org.mozilla.fenix, user - 0 is SDcard whitelisted
10-22 16:04:45.876  2479  2548 D ScanRecord: Not a Multi Manu data
10-22 16:04:45.877  2479  2548 I chatty  : uid=1002(bluetooth) BT Service Call identical 11 lines
10-22 16:04:45.877  2479  2548 D ScanRecord: Not a Multi Manu data
10-22 16:04:45.878  3957 14954 I ApplicationPolicy: isApplicationExternalStorageBlacklisted:org.mozilla.fenix user:0
10-22 16:04:45.878  3957 14954 D ApplicationPolicy: isApplicationExternalStorageBlacklisted: DO is not enabled on user 0. Allowed.
10-22 16:04:45.880 32583 32594 I zygote64: Background concurrent copying GC freed 17781(999KB) AllocSpace objects, 20(512KB) LOS objects, 50% free, 2MB/5MB, paused 4.352ms total 113.169ms
10-22 16:04:45.890 32583 32662 I push::internal::communications::rate_limiter: Not allowed: count(27) > 1 for verify_connection.
10-22 16:04:45.892 32583 32662 I AutoPushFeature: No change to subscriptions. Doing nothing.
10-22 16:04:45.896 32670 32670 E Zygote  : isWhitelistProcess - Process is Whitelisted
10-22 16:04:45.897 32670 32670 E libpersona: scanKnoxPersonas
10-22 16:04:45.897 32670 32670 E libpersona: Couldn't open the File - /data/system/users/0/personalist.xml - No such file or directory
10-22 16:04:45.899  3957 14954 I ActivityManager: Start proc 32670:org.mozilla.fenix:tab21/u0a169 for service org.mozilla.fenix/org.mozilla.gecko.process.GeckoChildProcessServices$tab21
10-22 16:04:45.899  2479  2548 D ScanRecord: Not a Multi Manu data
10-22 16:04:45.899  3957  5414 D ConnectivityService: filterNetworkStateForUid() uid: 10169 networkInfo: [type: WIFI[] - WIFI, state: CONNECTED/CONNECTED, reason: (unspecified), extra: "ourhome", failover: false, available: true, roaming: false, metered: false]
10-22 16:04:45.900  2479  2548 I chatty  : uid=1002(bluetooth) BT Service Call identical 4 lines
10-22 16:04:45.900  3957  5414 D WifiService: getConnectionInfo uid=1000
10-22 16:04:45.900  2479  2548 D ScanRecord: Not a Multi Manu data
10-22 16:04:45.900  2479  2548 D ScanRecord: Not a Multi Manu data
10-22 16:04:45.900  2479  2548 I chatty  : uid=1002(bluetooth) BT Service Call identical 5 lines
10-22 16:04:45.900  2479  2548 D ScanRecord: Not a Multi Manu data
10-22 16:04:45.901 32670 32670 W SELinux : SELinux selinux_android_compute_policy_index : Policy Index[2],  Con:u:r:zygote:s0 RAM:SEPF_SM-J720F_8.0.0_0002, [-1 -1 -1 -1 0 1]
10-22 16:04:45.902 32670 32670 I SELinux : SELinux: seapp_context_lookup: seinfo=untrusted, level=s0:c512,c768, pkgname=org.mozilla.fenix:tab21 
10-22 16:04:45.913  3957  5414 D ConnectivityService: filterNetworkStateForUid() uid: 10169 networkInfo: [type: WIFI[] - WIFI, state: CONNECTED/CONNECTED, reason: (unspecified), extra: "ourhome", failover: false, available: true, roaming: false, metered: false]
10-22 16:04:45.913  3957  5414 D WifiService: getConnectionInfo uid=1000
10-22 16:04:45.915  3957  8324 D ConnectivityService: filterNetworkStateForUid() uid: 10169 networkInfo: [type: WIFI[] - WIFI, state: CONNECTED/CONNECTED, reason: (unspecified), extra: "ourhome", failover: false, available: true, roaming: false, metered: false]
10-22 16:04:45.916  3957  8324 D WifiService: getConnectionInfo uid=1000
10-22 16:04:45.921  2479  2548 D ScanRecord: Not a Multi Manu data
10-22 16:04:45.921  2479  2548 I chatty  : uid=1002(bluetooth) BT Service Call identical 11 lines
10-22 16:04:45.921  2479  2548 D ScanRecord: Not a Multi Manu data
10-22 16:04:45.923 32583 32664 D ConnectivityManager: requestNetwork; CallingUid : 10169, CallingPid : 32583
10-22 16:04:45.927  3957  8324 D ConnectivityService: requestNetwork for uid/pid:10169/32583 NetworkRequest [ TRACK_DEFAULT id=2071, [ Capabilities: INTERNET&NOT_RESTRICTED&TRUSTED&NOT_VPN] ]
10-22 16:04:45.929  3957  4157 D ConnectivityService: rematching NetworkAgentInfo [WIFI () - 509]
10-22 16:04:45.929  3957  4157 D ConnectivityService:  network has: [ Transports: WIFI Capabilities: NOT_METERED&INTERNET&NOT_RESTRICTED&TRUSTED&NOT_VPN&VALIDATED&FOREGROUND LinkUpBandwidth>=1048576Kbps LinkDnBandwidth>=1048576Kbps SignalStrength: -47]
10-22 16:04:45.929  3957  4157 D ConnectivityService: Network NetworkAgentInfo [WIFI () - 509] was already satisfying request 1. No change.
10-22 16:04:45.929  3957  4157 D ConnectivityService: Network NetworkAgentInfo [WIFI () - 509] was already satisfying request 3. No change.
10-22 16:04:45.929  3957  4157 D ConnectivityService: Network NetworkAgentInfo [WIFI () - 509] was already satisfying request 2025. No change.
10-22 16:04:45.929  3957  4157 D ConnectivityService:   checking if request is satisfied: NetworkRequest [ TRACK_DEFAULT id=2071, [ Capabilities: INTERNET&NOT_RESTRICTED&TRUSTED&NOT_VPN] ]
10-22 16:04:45.929  3957  4157 D ConnectivityService: currentScore = 0, newScore = 100
10-22 16:04:45.929  3957  4157 D ConnectivityService: rematch for NetworkAgentInfo [WIFI () - 509]
10-22 16:04:45.929  3957  4157 D ConnectivityService:    accepting network in place of null
10-22 16:04:45.929  3957  4157 D ConnectivityService: sending new Min Network Score(100): NetworkRequest [ TRACK_DEFAULT id=2071, [ Capabilities: INTERNET&NOT_RESTRICTED&TRUSTED&NOT_VPN] ]
10-22 16:04:45.929  3957  4313 D Ethernet: got request NetworkRequest [ TRACK_DEFAULT id=2071, [ Capabilities: INTERNET&NOT_RESTRICTED&TRUSTED&NOT_VPN] ] with score 100
10-22 16:04:45.930  3957  4313 D Ethernet:   my score=-1, my filter=[ Transports: ETHERNET Capabilities: INTERNET&NOT_RESTRICTED&TRUSTED&NOT_VPN LinkUpBandwidth>=100000Kbps LinkDnBandwidth>=100000Kbps]
10-22 16:04:45.930  3957  4313 D Ethernet: evalRequest
10-22 16:04:45.930  3957  4313 D Ethernet:   done
10-22 16:04:45.931  4616  4616 D PhoneSwitcherNetworkRequstListener: got request NetworkRequest [ TRACK_DEFAULT id=2071, [ Capabilities: INTERNET&NOT_RESTRICTED&TRUSTED&NOT_VPN] ] with score 100
10-22 16:04:45.931  3957  4157 D ConnectivityService: MultiNetwork Request(TransportType - Wi-Fi request). Internet Capability doesn't required (false)
10-22 16:04:45.931  3957  4157 D ConnectivityService: sending notification AVAILABLE for NetworkRequest [ TRACK_DEFAULT id=2071, [ Capabilities: INTERNET&NOT_RESTRICTED&TRUSTED&NOT_VPN] ]
10-22 16:04:45.931  3957  4157 D ConnectivityService: sending notification CAP_CHANGED for NetworkRequest [ TRACK_DEFAULT id=2071, [ Capabilities: INTERNET&NOT_RESTRICTED&TRUSTED&NOT_VPN] ]
10-22 16:04:45.931  4616  4616 D PhoneSwitcherNetworkRequstListener:   my score=101, my filter=[ Transports: CELLULAR Capabilities: MMS&SUPL&DUN&FOTA&IMS&CBS&IA&RCS&XCAP&EIMS&INTERNET&NOT_RESTRICTED&TRUSTED&NOT_VPN&ENT1 Specifier: <android.net.MatchAllNetworkSpecifier@0>]
10-22 16:04:45.931  4616  4616 D PhoneSwitcherNetworkRequstListener: evalRequest
10-22 16:04:45.931  4616  4616 D PhoneSwitcherNetworkRequstListener:   needNetworkFor
10-22 16:04:45.932  3957  4157 D ConnectivityService: sending notification IP_CHANGED for NetworkRequest [ TRACK_DEFAULT id=2071, [ Capabilities: INTERNET&NOT_RESTRICTED&TRUSTED&NOT_VPN] ]
10-22 16:04:45.933 32670 32670 D TimaKeyStoreProvider: TimaKeyStore is not enabled: cannot add TimaSignature Service and generateKeyPair Service
10-22 16:04:45.933 32670 32670 D ActivityThread: Added TimaKeyStore provider
10-22 16:04:45.934  3957  4153 D WIFI_P2P: got request NetworkRequest [ TRACK_DEFAULT id=2071, [ Capabilities: INTERNET&NOT_RESTRICTED&TRUSTED&NOT_VPN] ] with score 100
10-22 16:04:45.934  3957  4129 D WIFI    : got request NetworkRequest [ TRACK_DEFAULT id=2071, [ Capabilities: INTERNET&NOT_RESTRICTED&TRUSTED&NOT_VPN] ] with score 100
10-22 16:04:45.934  3957  4129 D WIFI    :   my score=60, my filter=[ Transports: WIFI Capabilities: NOT_METERED&INTERNET&NOT_RESTRICTED&TRUSTED&NOT_VPN LinkUpBandwidth>=1048576Kbps LinkDnBandwidth>=1048576Kbps]
10-22 16:04:45.934  3957  4129 D WIFI    : evalRequest
10-22 16:04:45.934  3957  4129 D WIFI    :   done
10-22 16:04:45.934  3957  4129 D WIFI_UT : got request NetworkRequest [ TRACK_DEFAULT id=2071, [ Capabilities: INTERNET&NOT_RESTRICTED&TRUSTED&NOT_VPN] ] with score 100
10-22 16:04:45.934  3957  4129 D WIFI_UT :   my score=2147483647, my filter=[ Transports: WIFI Capabilities: NOT_METERED&INTERNET&NOT_RESTRICTED&TRUSTED&NOT_VPN LinkUpBandwidth>=1048576Kbps LinkDnBandwidth>=1048576Kbps]
10-22 16:04:45.934  3957  4129 D WIFI_UT : evalRequest
10-22 16:04:45.934  3957  4129 D WIFI_UT :   needNetworkFor
10-22 16:04:45.935  3957  4153 D WIFI_P2P:   my score=60, my filter=[ Transports: WIFI Capabilities: WIFI_P2P&NOT_RESTRICTED&TRUSTED&NOT_VPN LinkUpBandwidth>=1048576Kbps LinkDnBandwidth>=1048576Kbps]
10-22 16:04:45.935  3957  4153 D WIFI_P2P: evalRequest
10-22 16:04:45.935  3957  4153 D WIFI_P2P:   done
10-22 16:04:45.936  3957  5414 D ConnectivityService: filterNetworkStateForUid() uid: 10169 networkInfo: [type: WIFI[] - WIFI, state: CONNECTED/CONNECTED, reason: (unspecified), extra: "ourhome", failover: false, available: true, roaming: false, metered: false]
10-22 16:04:45.936  3957  5414 D WifiService: getConnectionInfo uid=1000
10-22 16:04:45.938  3957  5414 I ActivityManager: DSS on for org.mozilla.fenix and scale is 1.0
10-22 16:04:45.938  3957  4654 D ConnectivityService: filterNetworkStateForUid() uid: 10169 networkInfo: [type: WIFI[] - WIFI, state: CONNECTED/CONNECTED, reason: (unspecified), extra: "ourhome", failover: false, available: true, roaming: false, metered: false]
10-22 16:04:45.938  3957  4654 D WifiService: getConnectionInfo uid=1000
10-22 16:04:45.960 32670 32670 I zygote64: no shared libraies, dex_files: 1
10-22 16:04:45.960 32583 32583 I NavController: Ignoring popBackStack to destination org.mozilla.fenix:id/browserFragment as it was not found on the current back stack
10-22 16:04:45.961  2479  2548 D ScanRecord: Not a Multi Manu data
10-22 16:04:45.962  2479  2548 I chatty  : uid=1002(bluetooth) BT Service Call identical 11 lines
10-22 16:04:45.962  2479  2548 D ScanRecord: Not a Multi Manu data
10-22 16:04:45.990 32583 32583 I ContileTopSitesUpdater: Started periodic work to update Contile top sites
10-22 16:04:46.022  2479  2548 D ScanRecord: Not a Multi Manu data
10-22 16:04:46.023  2479  2548 I chatty  : uid=1002(bluetooth) BT Service Call identical 11 lines
10-22 16:04:46.023  2479  2548 D ScanRecord: Not a Multi Manu data
10-22 16:04:46.038  3328  3328 W keymaster2_mdfpp: entered get_key_characteristics function.
10-22 16:04:46.043 32670 32670 I ServiceChildProcess: onCreate
10-22 16:04:46.044 32670 32703 I GeckoThread: preparing to run Gecko
10-22 16:04:46.046  3328  3328 W keymaster_tee: [WRN]KEY_PARAMS: AES ENC DEC GCM PADNO AUTH SIZE:256 
10-22 16:04:46.046  3328  3328 W keymaster_tee: [WRN]KEY_PARAMS: 20230928203226 
10-22 16:04:46.046  3328  3328 W keymaster2_mdfpp: exit get_key_characteristics function, returned 0
10-22 16:04:46.050  2479  2548 D ScanRecord: Not a Multi Manu data
10-22 16:04:46.050  2479  2548 I chatty  : uid=1002(bluetooth) BT Service Call identical 11 lines
10-22 16:04:46.050  2479  2548 D ScanRecord: Not a Multi Manu data
10-22 16:04:46.055  3328  3328 W keymaster2_mdfpp: entered get_key_characteristics function.
10-22 16:04:46.057  2479  2548 D ScanRecord: Not a Multi Manu data
10-22 16:04:46.057  2479  2548 I chatty  : uid=1002(bluetooth) BT Service Call identical 11 lines
10-22 16:04:46.057  2479  2548 D ScanRecord: Not a Multi Manu data
10-22 16:04:46.059  3328  3328 W keymaster_tee: [WRN]KEY_PARAMS: AES ENC DEC GCM PADNO AUTH SIZE:256 
10-22 16:04:46.059  3328  3328 W keymaster_tee: [WRN]KEY_PARAMS: 20230928203226 
10-22 16:04:46.059  3328  3328 W keymaster2_mdfpp: exit get_key_characteristics function, returned 0
10-22 16:04:46.062  3328  3328 W keymaster2_mdfpp: entered get_key_characteristics function.
10-22 16:04:46.063  3328  3328 W keymaster_tee: [WRN]KEY_PARAMS: AES ENC DEC GCM PADNO AUTH SIZE:256 
10-22 16:04:46.063  3328  3328 W keymaster_tee: [WRN]KEY_PARAMS: 20230928203226 
10-22 16:04:46.063  3328  3328 W keymaster2_mdfpp: exit get_key_characteristics function, returned 0
10-22 16:04:46.072  3328  3328 W keymaster2_mdfpp: entered get_key_characteristics function.
10-22 16:04:46.073  3328  3328 W keymaster_tee: [WRN]KEY_PARAMS: AES ENC DEC GCM PADNO AUTH SIZE:256 
10-22 16:04:46.073  3328  3328 W keymaster_tee: [WRN]KEY_PARAMS: 20230928203226 
10-22 16:04:46.073  3328  3328 W keymaster2_mdfpp: exit get_key_characteristics function, returned 0
10-22 16:04:46.075  3328  3328 W keymaster2_mdfpp: entered begin function.
10-22 16:04:46.076  3328  3328 W keymaster2_mdfpp: exit begin function, returned 0
10-22 16:04:46.079  3328  3328 W keymaster2_mdfpp: entered update function.
10-22 16:04:46.079  3328  3328 W keymaster2_mdfpp: exit update function, returned 0
10-22 16:04:46.081  3328  3328 W keymaster2_mdfpp: entered finish function.
10-22 16:04:46.081  3328  3328 W keymaster2_mdfpp: exit finish function, returned 0
10-22 16:04:46.082  3589  3589 W keystore: ENTER remove operation from uid 10169
10-22 16:04:46.108 11094 11094 E adbd    : recv: OPEN 0000d59b 00000000 0076:73 68 65 6C 6C 2C 76 32 2C 54 45 52 4D 3D 78 74 65 72 6D 2D 32 35 36 63 6F 6C 6F 72 2C 72 61 77 3A 64 75 6D 70 73 79 73 20 61 63 74 69 76 69 74 79 20 72 65 63 65 6E 74 73 20 7C 20 67 72 65 70 20 22 52 65 63 65 6E 74 20 23 30 22 20 7C 20 63 75 74 20 2D 64 20 22 3D 22 20 2D 66 32 20 7C 20 67 72 65 70 20 2D 6F 20 2D 70 20 22 5B 61 2D 7A 7C 2E 5D 2A 22 00 
10-22 16:04:46.108 11094 11094 E adbd    : service_to_fd: shell,v2,TERM=xterm-256color,raw:dumpsys activity recents | grep "Recent #0" | cut -d "=" -f2 | grep -o -p "[a-z|.]*"
10-22 16:04:46.111 32583 32627 W logins::schema: user_version: 2
10-22 16:04:46.123  2479  2548 D ScanRecord: Not a Multi Manu data
10-22 16:04:46.137  2479  2548 I chatty  : uid=1002(bluetooth) BT Service Call identical 24 lines
10-22 16:04:46.137  2479  2548 D ScanRecord: Not a Multi Manu data
10-22 16:04:46.150 32583 32583 W GeckoViewActivityContextDelegate: A non-activity context was set.
10-22 16:04:46.162  3957  5414 D ConnectivityService: filterNetworkStateForUid() uid: 10169 networkInfo: [type: WIFI[] - WIFI, state: CONNECTED/CONNECTED, reason: (unspecified), extra: "ourhome", failover: false, available: true, roaming: false, metered: false]
10-22 16:04:46.162  3957  5414 D WifiService: getConnectionInfo uid=1000
10-22 16:04:46.163  3957  5414 I chatty  : uid=1000(system) Binder:3957_E identical 1 line
10-22 16:04:46.163  3957  5414 I chatty  : uid=1000(system) Binder:3957_E identical 1 line
10-22 16:04:46.164  3957  5414 D ConnectivityService: filterNetworkStateForUid() uid: 10169 networkInfo: [type: WIFI[] - WIFI, state: CONNECTED/CONNECTED, reason: (unspecified), extra: "ourhome", failover: false, available: true, roaming: false, metered: false]
10-22 16:04:46.164  3957  5414 D WifiService: getConnectionInfo uid=1000
10-22 16:04:46.171 32583 32583 I BgSyncManager: Periodic syncing enabled: PeriodicSyncConfig(periodMinutes=240, initialDelayMinutes=5)
10-22 16:04:46.171 32583 32583 I FirefoxAccountStateMachine: Sync is enabled
10-22 16:04:46.176 32583 32646 I StartupTypeTelemetry: Recorded start up: cold_main
10-22 16:04:46.177 11094 11094 E adbd    : recv: OPEN 0000d59f 00000000 0042:73 68 65 6C 6C 2C 76 32 2C 54 45 52 4D 3D 78 74 65 72 6D 2D 32 35 36 63 6F 6C 6F 72 2C 72 61 77 3A 67 65 74 70 72 6F 70 20 72 6F 2E 62 75 69 6C 64 2E 76 65 72 73 69 6F 6E 2E 72 65 6C 65 61 73 65 00 
10-22 16:04:46.177 11094 11094 E adbd    : service_to_fd: shell,v2,TERM=xterm-256color,raw:getprop ro.build.version.release
10-22 16:04:46.183 32583 32729 D OpenGLRenderer: HWUI GL Pipeline
10-22 16:04:46.190 32583 32583 D ViewRootImpl@bc73a50[App]: setView = DecorView@1786449[App] TM=true MM=false
10-22 16:04:46.190  3957  4654 D ActivityManager: post active user change for 0 fullscreen true isHomeActivity() false
10-22 16:04:46.191 32583 32583 I Choreographer: Skipped 55 frames!  The application may be doing too much work on its main thread.
10-22 16:04:46.192  3957  4128 D WifiService: getConnectionInfo uid=1000
10-22 16:04:46.196 32583 32583 D ViewRootImpl@bc73a50[App]: dispatchAttachedToWindow
10-22 16:04:46.203  3957  4654 V WindowManager: Relayout Window{c45525 u0 org.mozilla.fenix/org.mozilla.fenix.App}: viewVisibility=0 req=719x1237 WM.LayoutParams{(0,0)(fillxfill) sim=#110 ty=1 fl=#81010100 pfl=0x20000 wanim=0x7f1404fa vsysui=0x2610 needsMenuKey=2 colorMode=0 naviIconColor=0}
10-22 16:04:46.203 32583 32614 W ResourceType: Too many attribute references, stopped at: 0x01010099
10-22 16:04:46.205  3447  3447 I SurfaceFlinger: id=3108 createSurf (720x1280),1 flag=404, org.mozilla.fenix/org.mozilla.fenix.App#0
10-22 16:04:46.207  3957  4654 V Surface : sf_framedrop debug : 0x4f4c, game : false, logging : 0
10-22 16:04:46.207  3957  3973 D WindowManager: set systemUiVisibility : systemUiFlags= 0x2608 fullscreenStackSysUiFlags= 0x0
10-22 16:04:46.212  3957  4654 D InputDispatcher: Focus entered window: 32583
10-22 16:04:46.213 32583 32583 V Surface : sf_framedrop debug : 0x4f4c, game : false, logging : 0
10-22 16:04:46.213 32583 32583 D ViewRootImpl@bc73a50[App]: Relayout returned: old=[0,0][0,0] new=[0,0][720,1280] result=0x7 surface={valid=true 499286667264} changed=true
10-22 16:04:46.214  3957 14954 D WindowManager: adjustSystemUiVisibilityLw : vis= 0x2608
10-22 16:04:46.220  3447  3447 I SurfaceFlinger: id=3109 createSurf (720x1238),1 flag=4, SurfaceView - org.mozilla.fenix/org.mozilla.fenix.App@c30ebac@0#0
10-22 16:04:46.221 32583 32729 I OpenGLRenderer: Initialized EGL, version 1.4
10-22 16:04:46.221 32583 32729 D OpenGLRenderer: Swap behavior 2
10-22 16:04:46.221  3447  3447 I SurfaceFlinger: id=3110 createSurf (720x1238),-1 flag=20004, Background for - SurfaceView - org.mozilla.fenix/org.mozilla.fenix.App@c30ebac@0#0
10-22 16:04:46.222 32583 32583 D SurfaceView: BG hide() Surface(name=Background for - SurfaceView - org.mozilla.fenix/org.mozilla.fenix.App@c30ebac@0) false true org.mozilla.gecko.MagnifiableSurfaceView{c30ebac V.E...... ......ID 0,0-720,1238}
10-22 16:04:46.222  2479  2548 D ScanRecord: Not a Multi Manu data
10-22 16:04:46.223  2479  2548 I chatty  : uid=1002(bluetooth) BT Service Call identical 9 lines
10-22 16:04:46.223  2479  2548 D ScanRecord: Not a Multi Manu data
10-22 16:04:46.223 11094 11094 E adbd    : recv: OPEN 0000d5a3 00000000 003e:73 68 65 6C 6C 2C 76 32 2C 54 45 52 4D 3D 78 74 65 72 6D 2D 32 35 36 63 6F 6C 6F 72 2C 72 61 77 3A 67 65 74 70 72 6F 70 20 72 6F 2E 62 75 69 6C 64 2E 76 65 72 73 69 6F 6E 2E 73 64 6B 00 
10-22 16:04:46.223 11094 11094 E adbd    : service_to_fd: shell,v2,TERM=xterm-256color,raw:getprop ro.build.version.sdk
10-22 16:04:46.223  2479  2548 D ScanRecord: Not a Multi Manu data
10-22 16:04:46.223  2479  2548 D ScanRecord: Not a Multi Manu data
10-22 16:04:46.225 32583 32729 D libGLESv1: STS_GLApi : DTS, ODTC are not allowed for Package : org.mozilla.fenix
10-22 16:04:46.226 32583 32583 V Surface : sf_framedrop debug : 0x4f4c, game : false, logging : 0
10-22 16:04:46.227 32583 32583 D SurfaceView: surfaceCreated 1 org.mozilla.gecko.MagnifiableSurfaceView{c30ebac V.E...... ......ID 0,0-720,1238}
10-22 16:04:46.227 32583 32583 D SurfaceView: surfaceChanged (720,1238) 1 org.mozilla.gecko.MagnifiableSurfaceView{c30ebac V.E...... ......ID 0,0-720,1238}
10-22 16:04:46.227 32583 32729 D mali_winsys: EGLint new_window_surface(egl_winsys_display *, void *, EGLSurface, EGLConfig, egl_winsys_surface **, egl_color_buffer_format *, EGLBoolean) returns 0x3000,  [720x1280]-format:1
10-22 16:04:46.227 32583 32729 D OpenGLRenderer: eglCreateWindowSurface = 0x743c1a8640
10-22 16:04:46.235 32583 32613 I libglean_ffi: glean_core::ping: Collecting baseline
10-22 16:04:46.240  2479  2548 D ScanRecord: Not a Multi Manu data
10-22 16:04:46.240  2479  2548 I chatty  : uid=1002(bluetooth) BT Service Call identical 11 lines
10-22 16:04:46.241  2479  2548 D ScanRecord: Not a Multi Manu data
10-22 16:04:46.244 32583 32613 I libglean_ffi: glean_core::upload::directory: Processing ping at: /data/user/0/org.mozilla.fenix/glean_data/pending_pings/2dd368fd-ae3c-4e15-86cf-eaad0edb55bb
10-22 16:04:46.244 32583 32613 I libglean_ffi: glean_core::metrics::ping: The ping 'baseline' was submitted and will be sent as soon as possible
10-22 16:04:46.245  2479  2548 D ScanRecord: Not a Multi Manu data
10-22 16:04:46.246  2479  2548 I chatty  : uid=1002(bluetooth) BT Service Call identical 11 lines
10-22 16:04:46.246  2479  2548 D ScanRecord: Not a Multi Manu data
10-22 16:04:46.256  3957 14954 D StorageManagerService: getExternalStorageMountMode : 1
10-22 16:04:46.256  3957 14954 D StorageManagerService: getExternalStorageMountMode : 3
10-22 16:04:46.257  3957 14954 D StorageManagerService: getExternalStorageMountMode : final mountMode=1, uid : 10169, packageName : org.mozilla.fenix
10-22 16:04:46.257  3957 14954 I ApplicationPolicy: isApplicationExternalStorageWhitelisted:org.mozilla.fenix user:0
10-22 16:04:46.257  3957 14954 D ApplicationPolicy: isApplicationExternalStorageWhitelisted: DO is not enabled on user 0. Allowed.
10-22 16:04:46.257  3957 14954 D ActivityManager: package  org.mozilla.fenix, user - 0 is SDcard whitelisted
10-22 16:04:46.257  3957 14954 I ApplicationPolicy: isApplicationExternalStorageBlacklisted:org.mozilla.fenix user:0
10-22 16:04:46.257  3957 14954 D ApplicationPolicy: isApplicationExternalStorageBlacklisted: DO is not enabled on user 0. Allowed.
10-22 16:04:46.260  2479  2548 D ScanRecord: Not a Multi Manu data
10-22 16:04:46.260  2479  2548 I chatty  : uid=1002(bluetooth) BT Service Call identical 11 lines
10-22 16:04:46.260  2479  2548 D ScanRecord: Not a Multi Manu data
10-22 16:04:46.272  3957 14954 I ActivityManager: Start proc 32748:org.mozilla.fenix:gpu/u0a169 for service org.mozilla.fenix/org.mozilla.gecko.process.GeckoChildProcessServices$gpu
10-22 16:04:46.272 32748 32748 E Zygote  : isWhitelistProcess - Process is Whitelisted
10-22 16:04:46.273 32748 32748 E libpersona: scanKnoxPersonas
10-22 16:04:46.273 32748 32748 E libpersona: Couldn't open the File - /data/system/users/0/personalist.xml - No such file or directory
10-22 16:04:46.275 32748 32748 W SELinux : SELinux selinux_android_compute_policy_index : Policy Index[2],  Con:u:r:zygote:s0 RAM:SEPF_SM-J720F_8.0.0_0002, [-1 -1 -1 -1 0 1]
10-22 16:04:46.276 32748 32748 I SELinux : SELinux: seapp_context_lookup: seinfo=untrusted, level=s0:c512,c768, pkgname=org.mozilla.fenix:gpu 
10-22 16:04:46.280  3957  5414 D ConnectivityService: filterNetworkStateForUid() uid: 10169 networkInfo: [type: WIFI[] - WIFI, state: CONNECTED/CONNECTED, reason: (unspecified), extra: "ourhome", failover: false, available: true, roaming: false, metered: false]
10-22 16:04:46.280  3957  5414 D WifiService: getConnectionInfo uid=1000
10-22 16:04:46.281  3957  5414 I chatty  : uid=1000(system) Binder:3957_E identical 1 line
10-22 16:04:46.281  3957  5414 D WifiService: getConnectionInfo uid=1000
10-22 16:04:46.281 32583 32614 W linker  : "/data/app/org.mozilla.fenix-iWpGOrf8cry6RDpwHyQugA==/lib/arm64/libsoftokn3.so" unused DT entry: type 0x8000024 arg 0x2580
10-22 16:04:46.281 32583 32614 W linker  : "/data/app/org.mozilla.fenix-iWpGOrf8cry6RDpwHyQugA==/lib/arm64/libsoftokn3.so" unused DT entry: type 0x8000023 arg 0x70
10-22 16:04:46.282 32583 32614 W linker  : "/data/app/org.mozilla.fenix-iWpGOrf8cry6RDpwHyQugA==/lib/arm64/libsoftokn3.so" unused DT entry: type 0x8000025 arg 0x8
10-22 16:04:46.282  3957  5414 D ConnectivityService: filterNetworkStateForUid() uid: 10169 networkInfo: [type: WIFI[] - WIFI, state: CONNECTED/CONNECTED, reason: (unspecified), extra: "ourhome", failover: false, available: true, roaming: false, metered: false]
10-22 16:04:46.282  3957  5414 D WifiService: getConnectionInfo uid=1000
10-22 16:04:46.285 32583 32614 W linker  : "/data/app/org.mozilla.fenix-iWpGOrf8cry6RDpwHyQugA==/lib/arm64/libfreebl3.so" unused DT entry: type 0x8000024 arg 0xe78
10-22 16:04:46.285 32583 32614 W linker  : "/data/app/org.mozilla.fenix-iWpGOrf8cry6RDpwHyQugA==/lib/arm64/libfreebl3.so" unused DT entry: type 0x8000023 arg 0x68
10-22 16:04:46.285 32583 32614 W linker  : "/data/app/org.mozilla.fenix-iWpGOrf8cry6RDpwHyQugA==/lib/arm64/libfreebl3.so" unused DT entry: type 0x8000025 arg 0x8
10-22 16:04:46.289 11094 11094 E adbd    : recv: OPEN 0000d5a7 00000000 0042:73 68 65 6C 6C 2C 76 32 2C 54 45 52 4D 3D 78 74 65 72 6D 2D 32 35 36 63 6F 6C 6F 72 2C 72 61 77 3A 67 65 74 70 72 6F 70 20 72 6F 2E 62 75 69 6C 64 2E 76 65 72 73 69 6F 6E 2E 72 65 6C 65 61 73 65 00 
10-22 16:04:46.289 11094 11094 E adbd    : service_to_fd: shell,v2,TERM=xterm-256color,raw:getprop ro.build.version.release
10-22 16:04:46.289 32583 32764 I FirefoxAccountStateMachine: Processing event 'mozilla.components.service.fxa.manager.Event$Account$Start@bf96c36' for state Idle(accountState=NotAuthenticated). Next state is Active(progressState=Initializing)
10-22 16:04:46.290  3957  5414 V WindowManager: Relayout Window{c45525 u0 org.mozilla.fenix/org.mozilla.fenix.App}: viewVisibility=0 req=720x1280 WM.LayoutParams{(0,0)(fillxfill) sim=#110 ty=1 fl=#81010100 pfl=0x20000 fmt=-3 wanim=0x7f1404fa vsysui=0x2610 needsMenuKey=2 colorMode=0 naviIconColor=0}
10-22 16:04:46.295 32583 32583 D ViewRootImpl@bc73a50[App]: Relayout returned: old=[0,0][720,1280] new=[0,0][720,1280] result=0x3 surface={valid=true 499286667264} changed=false
10-22 16:04:46.299 32748 32748 D TimaKeyStoreProvider: TimaKeyStore is not enabled: cannot add TimaSignature Service and generateKeyPair Service
10-22 16:04:46.299 32748 32748 D ActivityThread: Added TimaKeyStore provider
10-22 16:04:46.305  3957  4654 I ActivityManager: DSS on for org.mozilla.fenix and scale is 1.0
10-22 16:04:46.314  3328  3328 W keymaster2_mdfpp: entered get_key_characteristics function.
10-22 16:04:46.316  3328  3328 W keymaster_tee: [WRN]KEY_PARAMS: AES ENC DEC GCM PADNO AUTH SIZE:256 
10-22 16:04:46.316  3328  3328 W keymaster_tee: [WRN]KEY_PARAMS: 20230928203226 
10-22 16:04:46.316  3328  3328 W keymaster2_mdfpp: exit get_key_characteristics function, returned 0
10-22 16:04:46.319  3328  3328 W keymaster2_mdfpp: entered get_key_characteristics function.
10-22 16:04:46.320 32583 32730 W linker  : "/data/app/org.mozilla.fenix-iWpGOrf8cry6RDpwHyQugA==/lib/arm64/libnssckbi.so" unused DT entry: type 0x8000024 arg 0xc08
10-22 16:04:46.320 32583 32730 W linker  : "/data/app/org.mozilla.fenix-iWpGOrf8cry6RDpwHyQugA==/lib/arm64/libnssckbi.so" unused DT entry: type 0x8000023 arg 0x258
10-22 16:04:46.320 32583 32730 W linker  : "/data/app/org.mozilla.fenix-iWpGOrf8cry6RDpwHyQugA==/lib/arm64/libnssckbi.so" unused DT entry: type 0x8000025 arg 0x8
10-22 16:04:46.320  3328  3328 W keymaster_tee: [WRN]KEY_PARAMS: AES ENC DEC GCM PADNO AUTH SIZE:256 
10-22 16:04:46.320  3328  3328 W keymaster_tee: [WRN]KEY_PARAMS: 20230928203226 
10-22 16:04:46.320  3328  3328 W keymaster2_mdfpp: exit get_key_characteristics function, returned 0
10-22 16:04:46.324 32748 32748 I zygote64: no shared libraies, dex_files: 1
10-22 16:04:46.337  3957  5414 D ConnectivityService: filterNetworkStateForUid() uid: 10169 networkInfo: [type: WIFI[] - WIFI, state: CONNECTED/CONNECTED, reason: (unspecified), extra: "ourhome", failover: false, available: true, roaming: false, metered: false]
10-22 16:04:46.337  3957  5414 D WifiService: getConnectionInfo uid=1000
10-22 16:04:46.339  3957  4129 D WifiStateMachine:  ConnectedState !RSSI_PKTCNT_FETCH uid=1000 rt=589892923/1645868396 0 0 "ourhome" f4:6d:2f:12:cc:88 rssi=-45 f=5240 sc=60 link=433 tx=3.9, 0.0, 0.0  rx=6.8 bcn=476957 [on:0 tx:0 rx:0 period:1000] from screen [on:190672 period:1479154] score=60
10-22 16:04:46.341  3957  4129 D WifiStateMachine:  L2ConnectedState !RSSI_PKTCNT_FETCH uid=1000 rt=589892925/1645868397 0 0 "ourhome" f4:6d:2f:12:cc:88 rssi=-45 f=5240 sc=60 link=433 tx=3.9, 0.0, 0.0  rx=6.8 bcn=476957 [on:0 tx:0 rx:0 period:2] from screen [on:190672 period:1479156] score=60
10-22 16:04:46.343  3957  4129 D WifiStateMachine: fetchRssiLinkSpeedAndFrequencyNative rssi=-44 linkspeed=433 freq=5240
10-22 16:04:46.343  3957  4129 V WifiConfigManager: Updating scan detail cache freq=5240 BSSID=f4:6d:2f:12:cc:88 RSSI=-44 for "ourhome"WPA_PSK
10-22 16:04:46.343 32583 32764 I FirefoxAccount: Registering persistence callback
10-22 16:04:46.343 11094 11094 E adbd    : recv: OPEN 0000d5ab 00000000 003e:73 68 65 6C 6C 2C 76 32 2C 54 45 52 4D 3D 78 74 65 72 6D 2D 32 35 36 63 6F 6C 6F 72 2C 72 61 77 3A 67 65 74 70 72 6F 70 20 72 6F 2E 62 75 69 6C 64 2E 76 65 72 73 69 6F 6E 2E 73 64 6B 00 
10-22 16:04:46.343 11094 11094 E adbd    : service_to_fd: shell,v2,TERM=xterm-256color,raw:getprop ro.build.version.sdk
10-22 16:04:46.344 32583 32764 I FirefoxAccountStateMachine: Ran 'mozilla.components.service.fxa.manager.Event$Account$Start@bf96c36' side-effects for state Active(progressState=Initializing), got successive event mozilla.components.service.fxa.manager.Event$Progress$AccountNotFound@451291f
10-22 16:04:46.344 32583 32764 I FirefoxAccountStateMachine: Processing event 'mozilla.components.service.fxa.manager.Event$Progress$AccountNotFound@451291f' for state Active(progressState=Initializing). Next state is Idle(accountState=NotAuthenticated)
10-22 16:04:46.346  3957  5414 V WindowManager: finishDrawingLocked: mDrawState=COMMIT_DRAW_PENDING Window{c45525 u0 org.mozilla.fenix/org.mozilla.fenix.App} in Surface(name=org.mozilla.fenix/org.mozilla.fenix.App)
10-22 16:04:46.346 32583 32583 D ViewRootImpl@bc73a50[App]: MSG_RESIZED_REPORT: frame=Rect(0, 0 - 720, 1280) ci=Rect(0, 42 - 0, 0) vi=Rect(0, 42 - 0, 0) or=1
10-22 16:04:46.346 32583 32583 D ViewRootImpl@bc73a50[App]: MSG_WINDOW_FOCUS_CHANGED 1
10-22 16:04:46.353  3957  4025 D ViewRootImpl@f595924[fenix]: dispatchDetachedFromWindow
10-22 16:04:46.353  3957  4025 D InputEventReceiver: channel '80c1c8d Splash Screen org.mozilla.fenix (client)' ~ Disposing input event receiver.
10-22 16:04:46.353  3957  4025 D InputEventReceiver: channel '80c1c8d Splash Screen org.mozilla.fenix (client)' ~NativeInputEventReceiver.
10-22 16:04:46.357  3957  3973 D WindowManager: set systemUiVisibility : systemUiFlags= 0x2618 fullscreenStackSysUiFlags= 0x0
10-22 16:04:46.359  3957  5414 D WindowManager: adjustSystemUiVisibilityLw : vis= 0x2618
10-22 16:04:46.361  3957  3981 I ActivityManager: Displayed org.mozilla.fenix/.App: +1s330ms
10-22 16:04:46.362  3957  3981 D CustomFrequencyManagerService: acquireDVFSLockLocked : type : DVFS_MIN_LIMIT  frequency : 1560000  uid : 1000  pid : 3957  pkgName : AMS_RESUME_TAIL@CPU_MIN@58
10-22 16:04:46.363  3957  3973 D WindowManager: set systemUiVisibility : systemUiFlags= 0x2618 fullscreenStackSysUiFlags= 0x2000
10-22 16:04:46.363  3957  3981 D ActivityManagerPerformance: AMP_acquire() TAIL
10-22 16:04:46.363  3957  3981 D CustomFrequencyManagerService: releaseDVFSLockLocked : Getting Lock type frm List : DVFS_MIN_LIMIT  frequency : 1560000  uid : 1000  pid : 3957  tag : AMS_APP_SWITCH@CPU_MIN@52
10-22 16:04:46.364  3957  3981 D ActivityManagerPerformance: AMP_release() APP_SWITCH
10-22 16:04:46.365 32583 32583 V InputMethodManager: Starting input: tba=android.view.inputmethod.EditorInfo@e10246c nm : org.mozilla.fenix ic=null
10-22 16:04:46.366 32583 32583 I InputMethodManager: startInputInner - mService.startInputOrWindowGainedFocus
10-22 16:04:46.366  3957  5414 D InputMethodManagerService: startInputOrWindowGainedFocus : windowGainedFocus 
10-22 16:04:46.366  3957  5414 D InputMethodManagerService: windowGainedFocus: destinationUserId (getCallingUid) = 0
10-22 16:04:46.366  3957  5414 D InputMethodManagerService: windowGainedFocus: currentUserId=0
10-22 16:04:46.366  3957  5414 D InputMethodManagerService: windowGainedFocus: mCurrentFocusedUserId=0
10-22 16:04:46.366  3957  5414 D InputMethodManagerService: windowGainedFocus : lock - currentUserId = 0 destinationUserId = 0
10-22 16:04:46.366  3957  5414 D InputMethodManagerService: windowGainedFocus : mCurrentFocusedUserId - 0 and mSecureKeypadEnabled - false, userSwitched - false
10-22 16:04:46.366  3957  5414 V InputMethodManagerService: windowGainedFocus : reason=WINDOW_FOCUS_GAIN client=android.os.BinderProxy@fc84e8f inputContext=null missingMethods= attribute=android.view.inputmethod.EditorInfo@15c1d4c nm = org.mozilla.fenix controlFlags=#104 softInputMode=#110 windowFlags=#81010100
10-22 16:04:46.366  3957  5414 V InputMethodManagerService: hideCurrentInputLocked : shouldHideSoftInput is false
