10-22 16:25:56.155  3491  3491 D ActivityThread: Added TimaKeyStore provider
10-22 16:25:56.180  3957  4460 I ActivityManager: DSS on for com.samsung.android.lool and scale is 1.0
10-22 16:25:56.227  2948  3216 I BatteryMgr:DataCollectionService: stats => 1697984756226,148,4260,149,0,100
10-22 16:25:56.335  2948  3216 I BatteryMgr:DataCollectionService: stats => 1697984756335,148,4260,149,0,100
10-22 16:25:56.404  2479  2548 D ScanRecord: Not a Multi Manu data
10-22 16:25:56.413  2479  2548 I chatty  : uid=1002(bluetooth) BT Service Call identical 24 lines
10-22 16:25:56.413  2479  2548 D ScanRecord: Not a Multi Manu data
10-22 16:25:56.419  2479  2548 D ScanRecord: same manuId data exists, combine both data and store
10-22 16:25:56.419  2479  2548 D ScanRecord: It's a Multi Manu data
10-22 16:25:56.419  2479  2548 I chatty  : uid=1002(bluetooth) BT Service Call identical 9 lines
10-22 16:25:56.419  2479  2548 D ScanRecord: It's a Multi Manu data
10-22 16:25:56.419  2479  2548 D ScanRecord: same manuId data exists, combine both data and store
10-22 16:25:56.419  2479  2548 D ScanRecord: same manuId data exists, combine both data and store
10-22 16:25:56.419  2479  2548 D ScanRecord: It's a Multi Manu data
10-22 16:25:56.420  2479  2548 D ScanFilter: manu data matches
10-22 16:25:56.420  2479  2548 D BtGatt.GattService: onScanResult to scannerId: 6- event_type=0x1b, address_type=1, address=10:7, primary_phy=1, secondary_phy=0, advertising_sid=0xff, tx_power=127, rssi=-76, periodic_adv_int=0x0
10-22 16:25:56.423 23612 23732 D ScanRecord: same manuId data exists, combine both data and store
10-22 16:25:56.427  2479  2548 D ScanRecord: Not a Multi Manu data
10-22 16:25:56.436  2479  2548 I chatty  : uid=1002(bluetooth) BT Service Call identical 24 lines
10-22 16:25:56.436  2479  2548 D ScanRecord: Not a Multi Manu data
10-22 16:25:56.444  2948  3216 I BatteryMgr:DataCollectionService: stats => 1697984756444,148,4260,149,0,100
10-22 16:25:56.446  2479  2548 D ScanRecord: Not a Multi Manu data
10-22 16:25:56.540  2479  2548 I chatty  : uid=1002(bluetooth) BT Service Call identical 102 lines
10-22 16:25:56.540  2479  2548 D ScanRecord: Not a Multi Manu data
10-22 16:25:56.552  2948  3216 I BatteryMgr:DataCollectionService: stats => 1697984756552,148,4260,149,0,100
10-22 16:25:56.569  2479  2548 D ScanRecord: Not a Multi Manu data
10-22 16:25:56.592  2479  2548 I chatty  : uid=1002(bluetooth) BT Service Call identical 37 lines
10-22 16:25:56.593  2479  2548 D ScanRecord: Not a Multi Manu data
10-22 16:25:56.597  2479  2548 D ScanRecord: same manuId data exists, combine both data and store
10-22 16:25:56.597  2479  2548 D ScanRecord: It's a Multi Manu data
10-22 16:25:56.597  2479  2548 I chatty  : uid=1002(bluetooth) BT Service Call identical 9 lines
10-22 16:25:56.597  2479  2548 D ScanRecord: It's a Multi Manu data
10-22 16:25:56.597  2479  2548 D ScanRecord: same manuId data exists, combine both data and store
10-22 16:25:56.597  2479  2548 D ScanRecord: same manuId data exists, combine both data and store
10-22 16:25:56.598  2479  2548 D ScanRecord: It's a Multi Manu data
10-22 16:25:56.598  2479  2548 D ScanFilter: manu data matches
10-22 16:25:56.598  2479  2548 D BtGatt.GattService: onScanResult to scannerId: 6- event_type=0x1b, address_type=1, address=10:7, primary_phy=1, secondary_phy=0, advertising_sid=0xff, tx_power=127, rssi=-76, periodic_adv_int=0x0
10-22 16:25:56.599 23612 23732 D ScanRecord: same manuId data exists, combine both data and store
10-22 16:25:56.604  2479  2548 D ScanRecord: Not a Multi Manu data
10-22 16:25:56.604  2479  2548 I chatty  : uid=1002(bluetooth) BT Service Call identical 11 lines
10-22 16:25:56.604  2479  2548 D ScanRecord: Not a Multi Manu data
10-22 16:25:56.667  2948  3216 I BatteryMgr:DataCollectionService: stats => 1697984756667,148,4260,149,0,100
10-22 16:25:56.673  2479  2548 D ScanRecord: Not a Multi Manu data
10-22 16:25:56.739  2479  2548 I chatty  : uid=1002(bluetooth) BT Service Call identical 63 lines
10-22 16:25:56.739  2479  2548 D ScanRecord: Not a Multi Manu data
10-22 16:25:56.757  3491  3491 I zygote64: find the special shared library, skip check
10-22 16:25:56.760  2479  2548 D ScanRecord: Not a Multi Manu data
10-22 16:25:56.760  3559  3559 E audit   : type=1400 audit(1697984756.754:6900): avc:  denied  { write } for  pid=3491 comm="oid.sm.provider" name="com.samsung.android.lool-nI4qoXE7_iJtX2b9SSlr5Q==" dev="dm-3" ino=459947 scontext=u:r:system_app:s0 tcontext=u:object_r:apk_data_file:s0 tclass=dir permissive=0 SEPF_SM-J720F_8.0.0_0002 audit_filtered
10-22 16:25:56.760  2479  2548 I chatty  : uid=1002(bluetooth) BT Service Call expire 9 lines
10-22 16:25:56.760  2479  2548 D ScanRecord: Not a Multi Manu data
10-22 16:25:56.760  3559  3559 E audit   : type=1300 audit(1697984756.754:6900): arch=c00000b7 syscall=48 success=no exit=-13 a0=ffffff9c a1=74f8b07dc0 a2=2 a3=0 items=0 ppid=3579 pid=3491 auid=4294967295 uid=1000 gid=1000 euid=1000 suid=1000 fsuid=1000 egid=1000 sgid=1000 fsgid=1000 tty=(none) ses=4294967295 comm="oid.sm.provider" exe="/system/bin/app_process64" subj=u:r:system_app:s0 key=(null)
10-22 16:25:56.760  3559  3559 E audit   : type=1327 audit(1697984756.754:6900): proctitle="com.samsung.android.sm.provider"
10-22 16:25:56.760  2479  2548 D ScanRecord: Not a Multi Manu data
10-22 16:25:56.760  2479  2548 D ScanRecord: Not a Multi Manu data
10-22 16:25:56.760  3559  3559 E audit   : type=1400 audit(1697984756.754:6901): avc:  denied  { write } for  pid=3491 comm="oid.sm.provider" name="com.samsung.android.lool-nI4qoXE7_iJtX2b9SSlr5Q==" dev="dm-3" ino=459947 scontext=u:r:system_app:s0 tcontext=u:object_r:apk_data_file:s0 tclass=dir permissive=0 SEPF_SM-J720F_8.0.0_0002 audit_filtered
10-22 16:25:56.761  3559  3559 E audit   : type=1300 audit(1697984756.754:6901): arch=c00000b7 syscall=56 success=no exit=-13 a0=ffffff9c a1=74e695eae0 a2=42 a3=1b6 items=0 ppid=3579 pid=3491 auid=4294967295 uid=1000 gid=1000 euid=1000 suid=1000 fsuid=1000 egid=1000 sgid=1000 fsgid=1000 tty=(none) ses=4294967295 comm="oid.sm.provider" exe="/system/bin/app_process64" subj=u:r:system_app:s0 key=(null)
10-22 16:25:56.761  3559  3559 E audit   : type=1327 audit(1697984756.754:6901): proctitle="com.samsung.android.sm.provider"
10-22 16:25:56.774  2479  2548 D ScanRecord: Not a Multi Manu data
10-22 16:25:56.775  2479  2548 I chatty  : uid=1002(bluetooth) BT Service Call identical 11 lines
10-22 16:25:56.775  2479  2548 D ScanRecord: Not a Multi Manu data
10-22 16:25:56.778  2948  3216 I BatteryMgr:DataCollectionService: stats => 1697984756778,148,4260,149,0,100
10-22 16:25:56.783  2479  2548 D ScanRecord: Not a Multi Manu data
10-22 16:25:56.784  2479  2548 I chatty  : uid=1002(bluetooth) BT Service Call identical 11 lines
10-22 16:25:56.784  2479  2548 D ScanRecord: Not a Multi Manu data
10-22 16:25:56.790  2479  2548 D ScanRecord: same manuId data exists, combine both data and store
10-22 16:25:56.790  2479  2548 D ScanRecord: It's a Multi Manu data
10-22 16:25:56.790  2479  2548 I chatty  : uid=1002(bluetooth) BT Service Call identical 9 lines
10-22 16:25:56.790  2479  2548 D ScanRecord: It's a Multi Manu data
10-22 16:25:56.790  2479  2548 D ScanRecord: same manuId data exists, combine both data and store
10-22 16:25:56.791  2479  2548 D ScanRecord: same manuId data exists, combine both data and store
10-22 16:25:56.791  2479  2548 D ScanRecord: It's a Multi Manu data
10-22 16:25:56.791  2479  2548 D ScanFilter: manu data matches
10-22 16:25:56.791  2479  2548 D BtGatt.GattService: onScanResult to scannerId: 6- event_type=0x1b, address_type=1, address=10:7, primary_phy=1, secondary_phy=0, advertising_sid=0xff, tx_power=127, rssi=-76, periodic_adv_int=0x0
10-22 16:25:56.791 23612 23732 D ScanRecord: same manuId data exists, combine both data and store
10-22 16:25:56.803  2479  2548 D ScanRecord: Not a Multi Manu data
10-22 16:25:56.818  2479  2548 I chatty  : uid=1002(bluetooth) BT Service Call identical 37 lines
10-22 16:25:56.819  2479  2548 D ScanRecord: Not a Multi Manu data
10-22 16:25:56.819  3957  4129 D WifiStateMachine:  ConnectedState !RSSI_PKTCNT_FETCH uid=1000 rt=591163402/1647138875 0 0 "ourhome" f4:6d:2f:12:cc:88 rssi=-44 f=5240 sc=60 link=433 tx=22.0, 0.1, 0.0  rx=60.6 bcn=488703 [on:0 tx:0 rx:0 period:999] from screen [on:140135 period:1150694] score=60
10-22 16:25:56.821  3957  4129 D WifiStateMachine:  L2ConnectedState !RSSI_PKTCNT_FETCH uid=1000 rt=591163405/1647138878 0 0 "ourhome" f4:6d:2f:12:cc:88 rssi=-44 f=5240 sc=60 link=433 tx=22.0, 0.1, 0.0  rx=60.6 bcn=488703 [on:0 tx:0 rx:0 period:2] from screen [on:140135 period:1150696] score=60
10-22 16:25:56.822  2479  2548 D ScanRecord: Not a Multi Manu data
10-22 16:25:56.822  2479  2548 I chatty  : uid=1002(bluetooth) BT Service Call identical 11 lines
10-22 16:25:56.822  2479  2548 D ScanRecord: Not a Multi Manu data
10-22 16:25:56.822  3957  4129 D WifiStateMachine: fetchRssiLinkSpeedAndFrequencyNative rssi=-44 linkspeed=433 freq=5240
10-22 16:25:56.822  3957  4129 V WifiConfigManager: Updating scan detail cache freq=5240 BSSID=f4:6d:2f:12:cc:88 RSSI=-44 for "ourhome"WPA_PSK
10-22 16:25:56.824  2479  2548 D ScanRecord: Not a Multi Manu data
10-22 16:25:56.873  2479  2548 I chatty  : uid=1002(bluetooth) BT Service Call identical 102 lines
10-22 16:25:56.873  2479  2548 D ScanRecord: Not a Multi Manu data
10-22 16:25:56.881  3957  4128 D WifiService: getConnectionInfo uid=1000
10-22 16:25:56.883  2479  2548 D ScanRecord: Not a Multi Manu data
10-22 16:25:56.883  2479  2548 I chatty  : uid=1002(bluetooth) BT Service Call identical 11 lines
10-22 16:25:56.883  2479  2548 D ScanRecord: Not a Multi Manu data
10-22 16:25:56.887  2948  3216 I BatteryMgr:DataCollectionService: stats => 1697984756887,148,4260,149,0,100
10-22 16:25:56.894  2479  2548 D ScanRecord: Not a Multi Manu data
10-22 16:25:56.895  2479  2548 I chatty  : uid=1002(bluetooth) BT Service Call identical 11 lines
10-22 16:25:56.895  2479  2548 D ScanRecord: Not a Multi Manu data
10-22 16:25:56.997  2948  3216 I BatteryMgr:DataCollectionService: stats => 1697984756997,148,4260,149,0,100
10-22 16:25:57.071  3957  3978 W Binder  : Outgoing transactions from this process must be FLAG_ONEWAY
10-22 16:25:57.071  3957  3978 W Binder  : java.lang.Throwable
10-22 16:25:57.071  3957  3978 W Binder  : 	at android.os.BinderProxy.transact(Binder.java:744)
10-22 16:25:57.071  3957  3978 W Binder  : 	at android.content.ContentProviderProxy.update(ContentProviderNative.java:570)
10-22 16:25:57.071  3957  3978 W Binder  : 	at android.content.ContentResolver.update(ContentResolver.java:1678)
10-22 16:25:57.071  3957  3978 W Binder  : 	at com.android.server.am.MARsDBManager.doUpdatePkgToSMDB(MARsDBManager.java:1935)
10-22 16:25:57.071  3957  3978 W Binder  : 	at com.android.server.am.MARsDBManager.updatePkgsToSMDB(MARsDBManager.java:1716)
10-22 16:25:57.071  3957  3978 W Binder  : 	at com.android.server.am.MARsDBManager.-wrap15(Unknown Source:0)
10-22 16:25:57.071  3957  3978 W Binder  : 	at com.android.server.am.MARsDBManager$DBHandler.handleMessage(MARsDBManager.java:312)
10-22 16:25:57.071  3957  3978 W Binder  : 	at android.os.Handler.dispatchMessage(Handler.java:105)
10-22 16:25:57.071  3957  3978 W Binder  : 	at android.os.Looper.loop(Looper.java:164)
10-22 16:25:57.071  3957  3978 W Binder  : 	at com.android.server.am.MARsDBManager$DBThread.run(MARsDBManager.java:286)
10-22 16:25:57.073  3491  3491 D SamsungAnalytics111040: cf feature is supported
10-22 16:25:57.097  3957  3978 D MARsDBManager: updatePkgsToSMDB : end
10-22 16:25:57.097  3957  3978 D MARsDBManager: onChange - mSmartManagerObserver! Uri = content://com.samsung.android.sm/AppFreezer?MARs-self=true&MARs=true
10-22 16:25:57.098  3957  3978 I chatty  : uid=1000(system) MARsDBThread identical 2 lines
10-22 16:25:57.098  3957  3978 D MARsDBManager: onChange - mSmartManagerObserver! Uri = content://com.samsung.android.sm/AppFreezer?MARs-self=true&MARs=true
10-22 16:25:57.106  2948  3216 I BatteryMgr:DataCollectionService: stats => 1697984757106,148,4260,149,0,100
10-22 16:25:57.106  3491  3491 D SamsungAnalytics111040: newThread on Executor
10-22 16:25:57.108  3491  3491 D SamsungAnalytics111040: [Tracker] Tracker start:1.11.040
10-22 16:25:57.222  2948  3216 I BatteryMgr:DataCollectionService: stats => 1697984757222,148,4260,149,0,100
10-22 16:25:57.334  2948  3216 I BatteryMgr:DataCollectionService: stats => 1697984757333,148,4260,149,0,100
10-22 16:25:57.449  2948  3216 I BatteryMgr:DataCollectionService: stats => 1697984757449,148,4260,149,0,100
10-22 16:25:57.558  2948  3216 I BatteryMgr:DataCollectionService: stats => 1697984757558,148,4260,149,0,100
10-22 16:25:57.631  3957  4129 D WifiStateMachine:  ConnectedState !CMD_RSSI_POLL rt=591164215/1647139687 112 0 "ourhome" f4:6d:2f:12:cc:88 rssi=-44 f=5240 sc=60 link=433 tx=22.0, 0.1, 0.0  rx=60.6 bcn=488703 [on:0 tx:0 rx:0 period:810] from screen [on:140135 period:1151506] score=60
10-22 16:25:57.633  3957  4129 D WifiStateMachine:  L2ConnectedState !CMD_RSSI_POLL rt=591164217/1647139690 112 0 "ourhome" f4:6d:2f:12:cc:88 rssi=-44 f=5240 sc=60 link=433 tx=22.0, 0.1, 0.0  rx=60.6 bcn=488703 [on:0 tx:0 rx:0 period:2] from screen [on:140135 period:1151508] score=60
10-22 16:25:57.633  3957  4129 D WifiStateMachine:  get link layer stats 3
10-22 16:25:57.634  3436  3436 I android.hardware.wifi@1.0-service: getLinkLayerStats
10-22 16:25:57.651  3957  4129 D WifiStateMachine: fetchRssiLinkSpeedAndFrequencyNative rssi=-44 linkspeed=433 freq=5240
10-22 16:25:57.651  3957  4129 V WifiConfigManager: Updating scan detail cache freq=5240 BSSID=f4:6d:2f:12:cc:88 RSSI=-44 for "ourhome"WPA_PSK
10-22 16:25:57.657  4340  4340 E SignalClusterView: setSlotFocusVisible : subId -2
10-22 16:25:57.657  4340  4340 E SignalClusterView: setSlotFocusVisible : subId -2
10-22 16:25:57.668  2948  3216 I BatteryMgr:DataCollectionService: stats => 1697984757668,148,4260,149,0,100
10-22 16:25:57.780  2948  3216 I BatteryMgr:DataCollectionService: stats => 1697984757780,148,4260,149,0,100
10-22 16:25:57.822  3957  4129 D WifiStateMachine:  ConnectedState !RSSI_PKTCNT_FETCH uid=1000 rt=591164404/1647139877 0 0 "ourhome" f4:6d:2f:12:cc:88 rssi=-44 f=5240 sc=60 link=433 tx=8.0, 0.0, 0.0  rx=22.8 bcn=488731 [on:0 tx:0 rx:0 period:166] from screen [on:140267 period:1151697] score=60
10-22 16:25:57.824  3957  4129 D WifiStateMachine:  L2ConnectedState !RSSI_PKTCNT_FETCH uid=1000 rt=591164408/1647139881 0 0 "ourhome" f4:6d:2f:12:cc:88 rssi=-44 f=5240 sc=60 link=433 tx=8.0, 0.0, 0.0  rx=22.8 bcn=488731 [on:0 tx:0 rx:0 period:2] from screen [on:140267 period:1151699] score=60
10-22 16:25:57.826  3957  4129 D WifiStateMachine: fetchRssiLinkSpeedAndFrequencyNative rssi=-45 linkspeed=433 freq=5240
10-22 16:25:57.826  3957  4129 V WifiConfigManager: Updating scan detail cache freq=5240 BSSID=f4:6d:2f:12:cc:88 RSSI=-44 for "ourhome"WPA_PSK
10-22 16:25:57.883  3957  4128 D WifiService: getConnectionInfo uid=1000
10-22 16:25:57.892  2948  3216 I BatteryMgr:DataCollectionService: stats => 1697984757892,148,4260,149,0,100
10-22 16:25:58.005  2948  3216 I BatteryMgr:DataCollectionService: stats => 1697984758004,148,4260,149,0,100
10-22 16:25:58.118  2948  3216 I BatteryMgr:DataCollectionService: stats => 1697984758118,148,4260,149,0,100
10-22 16:25:58.232  2948  3216 I BatteryMgr:DataCollectionService: stats => 1697984758232,148,4260,149,0,100
10-22 16:25:58.347  2948  3216 I BatteryMgr:DataCollectionService: stats => 1697984758347,148,4260,149,0,100
10-22 16:25:58.459  2948  3216 I BatteryMgr:DataCollectionService: stats => 1697984758459,148,4260,149,0,100
10-22 16:25:58.571  2948  3216 I BatteryMgr:DataCollectionService: stats => 1697984758571,148,4260,149,0,100
10-22 16:25:58.690  2948  3216 I BatteryMgr:DataCollectionService: stats => 1697984758690,148,4260,149,0,100
10-22 16:25:58.803  2948  3216 I BatteryMgr:DataCollectionService: stats => 1697984758802,148,4260,149,0,100
10-22 16:25:58.823  4961  4961 D io_stats: !@ 179,0 r 9332286 304136456 w 2085671 41001908 d 166697 36632816 f 630756 655624 iot 4288180 3704823 th 51200 0 0 pt 0 inp 0 0 591165.408
10-22 16:25:58.824  3957  4129 D WifiStateMachine:  ConnectedState !RSSI_PKTCNT_FETCH uid=1000 rt=591165406/1647140879 0 0 "ourhome" f4:6d:2f:12:cc:88 rssi=-45 f=5240 sc=60 link=433 tx=8.0, 0.0, 0.0  rx=22.8 bcn=488731 [on:0 tx:0 rx:0 period:1000] from screen [on:140267 period:1152699] score=60
10-22 16:25:58.825  3957  4129 D WifiStateMachine:  L2ConnectedState !RSSI_PKTCNT_FETCH uid=1000 rt=591165409/1647140882 0 0 "ourhome" f4:6d:2f:12:cc:88 rssi=-45 f=5240 sc=60 link=433 tx=8.0, 0.0, 0.0  rx=22.8 bcn=488731 [on:0 tx:0 rx:0 period:1] from screen [on:140267 period:1152700] score=60
10-22 16:25:58.827  3957  4129 D WifiStateMachine: fetchRssiLinkSpeedAndFrequencyNative rssi=-47 linkspeed=433 freq=5240
10-22 16:25:58.827  3957  4129 V WifiConfigManager: Updating scan detail cache freq=5240 BSSID=f4:6d:2f:12:cc:88 RSSI=-45 for "ourhome"WPA_PSK
10-22 16:25:58.886  3957  4128 D WifiService: getConnectionInfo uid=1000
10-22 16:25:58.920  2948  3216 I BatteryMgr:DataCollectionService: stats => 1697984758919,148,4260,149,0,100
10-22 16:25:59.032  2948  3216 I BatteryMgr:DataCollectionService: stats => 1697984759031,148,4260,149,0,100
10-22 16:25:59.098  3957  4306 D WifiConnectivityMonitor:  [|236] []
10-22 16:25:59.143  2948  3216 I BatteryMgr:DataCollectionService: stats => 1697984759143,148,4260,149,0,100
10-22 16:25:59.255  2948  3216 I BatteryMgr:DataCollectionService: stats => 1697984759254,148,4260,149,0,100
10-22 16:25:59.367  2948  3216 I BatteryMgr:DataCollectionService: stats => 1697984759367,-306,4260,-360,0,100
10-22 16:25:59.483  2948  3216 I BatteryMgr:DataCollectionService: stats => 1697984759483,-306,4260,-360,0,100
10-22 16:25:59.556  3957  4650 D BatteryService: !@BatteryListener : batteryPropertiesChanged!
10-22 16:25:59.596  2948  3216 I BatteryMgr:DataCollectionService: stats => 1697984759596,-306,4260,-360,0,100
10-22 16:25:59.710  2948  3216 I BatteryMgr:DataCollectionService: stats => 1697984759710,-306,4260,-360,0,100
10-22 16:25:59.823  2948  3216 I BatteryMgr:DataCollectionService: stats => 1697984759822,-306,4260,-360,0,100
10-22 16:25:59.823  3957  4129 D WifiStateMachine:  ConnectedState !RSSI_PKTCNT_FETCH uid=1000 rt=591166407/1647141879 0 0 "ourhome" f4:6d:2f:12:cc:88 rssi=-47 f=5240 sc=60 link=433 tx=8.0, 0.0, 0.0  rx=22.8 bcn=488731 [on:0 tx:0 rx:0 period:998] from screen [on:140267 period:1153698] score=60
10-22 16:25:59.827  3957  4129 D WifiStateMachine:  L2ConnectedState !RSSI_PKTCNT_FETCH uid=1000 rt=591166409/1647141882 0 0 "ourhome" f4:6d:2f:12:cc:88 rssi=-47 f=5240 sc=60 link=433 tx=8.0, 0.0, 0.0  rx=22.8 bcn=488731 [on:0 tx:0 rx:0 period:3] from screen [on:140267 period:1153701] score=60
10-22 16:25:59.834  3957  4129 D WifiStateMachine: fetchRssiLinkSpeedAndFrequencyNative rssi=-45 linkspeed=433 freq=5240
10-22 16:25:59.834  3957  4129 V WifiConfigManager: Updating scan detail cache freq=5240 BSSID=f4:6d:2f:12:cc:88 RSSI=-45 for "ourhome"WPA_PSK
10-22 16:25:59.887  3957  4128 D WifiService: getConnectionInfo uid=1000
10-22 16:25:59.933  2948  3216 I BatteryMgr:DataCollectionService: stats => 1697984759933,-306,4260,-360,0,100
10-22 16:26:00.003  3957  4045 D SamsungAlarmManager: Expired : 8
10-22 16:26:00.024  3957  4045 V SamsungAlarmManager: Sending to uid : 1000 action=android.intent.action.TIME_TICK alarm=Alarm{ba336ae type 3 when 1647142058 android}
10-22 16:26:00.032  3957  4045 V SamsungAlarmManager: Sending to uid : 10074 action=com.samsung.action.EVERY_MINUTE_CLOCK_UPDATE alarm=Alarm{ece2fdc type 1 when 1697984760000 com.sec.android.app.launcher}
10-22 16:26:00.041   426   426 I Launcher: onReceive: com.samsung.action.EVERY_MINUTE_CLOCK_UPDATE
10-22 16:26:00.051  2948  3216 I BatteryMgr:DataCollectionService: stats => 1697984760051,-306,4260,-360,0,100
10-22 16:26:00.054  3957  3957 D SamsungAlarmManager: setExact Intent (T:3/F:1/AC:false) 20231022T162700 - CU:1000/CP:3957
10-22 16:26:00.055  3957  3957 I SamsungAlarmManager: setLocked to kernel - T:3 / 20231022T162700, SetElapsed=1647202058, nowELAPSED=1647142113
10-22 16:26:00.055  3957  3957 V AlarmManager: ___SyncScheduler (v3) ACTIVATED___
10-22 16:26:00.055  3957  3957 V AlarmManagerEXT: <AppSync3 Whitelist>
10-22 16:26:00.055  3957  3957 V AlarmManagerEXT: (AppSync) com.facebook.services : 900(1240)
10-22 16:26:00.055  3957  3957 V AlarmManagerEXT: (AppSync) com.google.android.gms : 10800(20820)
10-22 16:26:00.055  3957  3957 V AlarmManagerEXT: (AppSync) ### 2 added ###
10-22 16:26:00.064  4340  4340 D KeyguardUpdateMonitor: received broadcast android.intent.action.TIME_TICK
10-22 16:26:00.071  4340  4340 D KeyguardServiceBoxContainer: refreshTime() 1
10-22 16:26:00.072  3957  4650 D SamsungAlarmManager: setInexact Intent (T:1/F:0/AC:false) 20231022T162700 - CU:10074/CP:426
10-22 16:26:00.076   426   426 I IconView: applyFromShortcutInfo - start GetLive : com.samsung.android.calendar
10-22 16:26:00.078   426   426 I BitmapCacheContainer: getBitmapCache: BitmapCache expired com.samsung.android.calendar/UserHandle{0}
10-22 16:26:00.118   426   426 D ApplicationPackageManager: we has com.samsung.android.calendar class. reuse it 
10-22 16:26:00.161  2948  3216 I BatteryMgr:DataCollectionService: stats => 1697984760161,-306,4260,-360,0,100
10-22 16:26:00.273  2948  3216 I BatteryMgr:DataCollectionService: stats => 1697984760272,-306,4260,-360,0,100
10-22 16:26:00.273   426   426 I ApplicationPackageManager: load= live icon for com.samsung.android.calendar, from overlay = false
10-22 16:26:00.278   426   426 I LiveIconManager: getLiveIcon: complete(sync_created)
10-22 16:26:00.278   426   426 I IconView: applyFromShortcutInfo - end GetLive : com.samsung.android.calendar
10-22 16:26:00.322  4340  4340 D KeyguardUpdateMonitor: handleStatusBarState( false )
10-22 16:26:00.329   426   426 I IconView: applyFromApplicationInfo - start GetLive : com.sec.android.app.clockpackage
10-22 16:26:00.334   426   426 D ApplicationPackageManager: we has com.sec.android.app.clockpackage class. reuse it 
10-22 16:26:00.338   426   426 D LiveIconLoader: getLiveIcon was called in ClockPackage
10-22 16:26:00.339  4340  4340 D KeyguardUpdateMonitor: handleStatusBarState( false )
10-22 16:26:00.340   426   426 D LiveIconLoader: getLiveIcon res = com.sec.android.app.clockpackage
10-22 16:26:00.343   426   426 D LiveIconLoader: stdIconSize : 84 , targetIconSize : 94
10-22 16:26:00.343   426   426 D LiveIconLoader: mIconDpi : 320 , mTargetIconDpi : 280
10-22 16:26:00.376   426   426 I ApplicationPackageManager: load= live icon for com.sec.android.app.clockpackage, from overlay = false
10-22 16:26:00.377   426   426 I LiveIconManager: getLiveIcon: complete(sync_created)
10-22 16:26:00.377   426   426 I IconView: applyFromApplicationInfo - end GetLive : com.sec.android.app.clockpackage
10-22 16:26:00.377   426   426 I IconView: applyFromApplicationInfo - start GetLive : com.samsung.android.calendar
10-22 16:26:00.377   426   426 I IconView: applyFromApplicationInfo - end GetLive : com.samsung.android.calendar
10-22 16:26:00.380  2948  3216 I BatteryMgr:DataCollectionService: stats => 1697984760380,-306,4260,-360,0,100
10-22 16:26:00.488  2948  3216 I BatteryMgr:DataCollectionService: stats => 1697984760488,-306,4260,-360,0,100
10-22 16:26:00.572  3957  6478 D SSRM:k  : SIOP:: AP = 390, PST = 351 (W:10), BAT = 315, USB = 0, CHG = 0
10-22 16:26:00.603  2948  3216 I BatteryMgr:DataCollectionService: stats => 1697984760603,-306,4260,-360,0,100
10-22 16:26:00.657  3957  4129 D WifiStateMachine:  ConnectedState !CMD_RSSI_POLL rt=591167239/1647142712 112 0 "ourhome" f4:6d:2f:12:cc:88 rssi=-45 f=5240 sc=60 link=433 tx=8.0, 0.0, 0.0  rx=22.8 bcn=488731 [on:0 tx:0 rx:0 period:831] from screen [on:140267 period:1154532] score=60
10-22 16:26:00.661  3957  4129 D WifiStateMachine:  L2ConnectedState !CMD_RSSI_POLL rt=591167243/1647142715 112 0 "ourhome" f4:6d:2f:12:cc:88 rssi=-45 f=5240 sc=60 link=433 tx=8.0, 0.0, 0.0  rx=22.8 bcn=488731 [on:0 tx:0 rx:0 period:3] from screen [on:140267 period:1154535] score=60
10-22 16:26:00.661  3957  4129 D WifiStateMachine:  get link layer stats 3
10-22 16:26:00.661  3436  3436 I android.hardware.wifi@1.0-service: getLinkLayerStats
10-22 16:26:00.671  3957  4129 D WifiStateMachine: fetchRssiLinkSpeedAndFrequencyNative rssi=-44 linkspeed=433 freq=5240
10-22 16:26:00.671  3957  4129 V WifiConfigManager: Updating scan detail cache freq=5240 BSSID=f4:6d:2f:12:cc:88 RSSI=-44 for "ourhome"WPA_PSK
10-22 16:26:00.681  4340  4340 E SignalClusterView: setSlotFocusVisible : subId -2
10-22 16:26:00.681  4340  4340 E SignalClusterView: setSlotFocusVisible : subId -2
10-22 16:26:00.716  2948  3216 I BatteryMgr:DataCollectionService: stats => 1697984760716,-306,4260,-360,0,100
10-22 16:26:00.827  3957  4129 D WifiStateMachine:  ConnectedState !RSSI_PKTCNT_FETCH uid=1000 rt=591167408/1647142881 0 0 "ourhome" f4:6d:2f:12:cc:88 rssi=-44 f=5240 sc=60 link=433 tx=5.5, 0.0, 0.0  rx=24.8 bcn=488760 [on:0 tx:0 rx:0 period:149] from screen [on:141182 period:1154701] score=60
10-22 16:26:00.828  3957  4129 D WifiStateMachine:  L2ConnectedState !RSSI_PKTCNT_FETCH uid=1000 rt=591167412/1647142885 0 0 "ourhome" f4:6d:2f:12:cc:88 rssi=-44 f=5240 sc=60 link=433 tx=5.5, 0.0, 0.0  rx=24.8 bcn=488760 [on:0 tx:0 rx:0 period:2] from screen [on:141182 period:1154703] score=60
10-22 16:26:00.830  2948  3216 I BatteryMgr:DataCollectionService: stats => 1697984760829,-306,4260,-360,0,100
10-22 16:26:00.835  3957  4129 D WifiStateMachine: fetchRssiLinkSpeedAndFrequencyNative rssi=-44 linkspeed=433 freq=5240
10-22 16:26:00.835  3957  4129 V WifiConfigManager: Updating scan detail cache freq=5240 BSSID=f4:6d:2f:12:cc:88 RSSI=-44 for "ourhome"WPA_PSK
10-22 16:26:00.890  3957  4128 D WifiService: getConnectionInfo uid=1000
10-22 16:26:00.943  2948  3216 I BatteryMgr:DataCollectionService: stats => 1697984760942,-306,4260,-360,0,100
10-22 16:26:01.054  2948  3216 I BatteryMgr:DataCollectionService: stats => 1697984761054,-306,4260,-360,0,100
10-22 16:26:01.168  2948  3216 I BatteryMgr:DataCollectionService: stats => 1697984761168,-306,4260,-360,0,100
10-22 16:26:01.282  2948  3216 I BatteryMgr:DataCollectionService: stats => 1697984761281,-306,4260,-360,0,100
10-22 16:26:01.393  2948  3216 I BatteryMgr:DataCollectionService: stats => 1697984761393,-306,4260,-360,0,100
10-22 16:26:01.410  2479  2548 D ScanRecord: Not a Multi Manu data
10-22 16:26:01.442  2479  2548 I chatty  : uid=1002(bluetooth) BT Service Call identical 50 lines
10-22 16:26:01.442  2479  2548 D ScanRecord: Not a Multi Manu data
10-22 16:26:01.447  2479  2548 D ScanRecord: same manuId data exists, combine both data and store
10-22 16:26:01.447  2479  2548 D ScanRecord: It's a Multi Manu data
10-22 16:26:01.447  2479  2548 I chatty  : uid=1002(bluetooth) BT Service Call identical 9 lines
10-22 16:26:01.447  2479  2548 D ScanRecord: It's a Multi Manu data
10-22 16:26:01.447  2479  2548 D ScanRecord: same manuId data exists, combine both data and store
10-22 16:26:01.448  2479  2548 D ScanRecord: same manuId data exists, combine both data and store
10-22 16:26:01.448  2479  2548 D ScanRecord: It's a Multi Manu data
10-22 16:26:01.448  2479  2548 D ScanFilter: manu data matches
10-22 16:26:01.448  2479  2548 D BtGatt.GattService: onScanResult to scannerId: 6- event_type=0x1b, address_type=1, address=10:7, primary_phy=1, secondary_phy=0, advertising_sid=0xff, tx_power=127, rssi=-72, periodic_adv_int=0x0
10-22 16:26:01.449 23612 23732 D ScanRecord: same manuId data exists, combine both data and store
10-22 16:26:01.459  2479  2548 D ScanRecord: Not a Multi Manu data
10-22 16:26:01.494  2479  2548 I chatty  : uid=1002(bluetooth) BT Service Call identical 128 lines
10-22 16:26:01.494  2479  2548 D ScanRecord: Not a Multi Manu data
10-22 16:26:01.503  2948  3216 I BatteryMgr:DataCollectionService: stats => 1697984761502,-306,4260,-360,0,100
10-22 16:26:01.507  2479  2548 D ScanRecord: Not a Multi Manu data
10-22 16:26:01.615  2479  2548 I chatty  : uid=1002(bluetooth) BT Service Call identical 128 lines
10-22 16:26:01.615  2479  2548 D ScanRecord: Not a Multi Manu data
10-22 16:26:01.615  2948  3216 I BatteryMgr:DataCollectionService: stats => 1697984761615,-306,4260,-360,0,100
10-22 16:26:01.619  2479  2548 D ScanRecord: same manuId data exists, combine both data and store
10-22 16:26:01.619  2479  2548 D ScanRecord: It's a Multi Manu data
10-22 16:26:01.619  2479  2548 I chatty  : uid=1002(bluetooth) BT Service Call identical 9 lines
10-22 16:26:01.619  2479  2548 D ScanRecord: It's a Multi Manu data
10-22 16:26:01.619  2479  2548 D ScanRecord: same manuId data exists, combine both data and store
10-22 16:26:01.619  2479  2548 D ScanRecord: same manuId data exists, combine both data and store
10-22 16:26:01.619  2479  2548 D ScanRecord: It's a Multi Manu data
10-22 16:26:01.619  2479  2548 D ScanFilter: manu data matches
10-22 16:26:01.619  2479  2548 D BtGatt.GattService: onScanResult to scannerId: 6- event_type=0x1b, address_type=1, address=10:7, primary_phy=1, secondary_phy=0, advertising_sid=0xff, tx_power=127, rssi=-71, periodic_adv_int=0x0
10-22 16:26:01.621 23612 23732 D ScanRecord: same manuId data exists, combine both data and store
10-22 16:26:01.625  2479  2548 D ScanRecord: Not a Multi Manu data
10-22 16:26:01.702  2479  2548 I chatty  : uid=1002(bluetooth) BT Service Call identical 154 lines
10-22 16:26:01.702  2479  2548 D ScanRecord: Not a Multi Manu data
10-22 16:26:01.726  2948  3216 I BatteryMgr:DataCollectionService: stats => 1697984761726,-306,4260,-360,0,100
10-22 16:26:01.737  2479  2548 D ScanRecord: Not a Multi Manu data
10-22 16:26:01.818  2479  2548 I chatty  : uid=1002(bluetooth) BT Service Call identical 102 lines
10-22 16:26:01.818  2479  2548 D ScanRecord: Not a Multi Manu data
10-22 16:26:01.825  3957  4129 D WifiStateMachine:  ConnectedState !RSSI_PKTCNT_FETCH uid=1000 rt=591168409/1647143881 0 0 "ourhome" f4:6d:2f:12:cc:88 rssi=-44 f=5240 sc=60 link=433 tx=5.5, 0.0, 0.0  rx=24.8 bcn=488760 [on:0 tx:0 rx:0 period:996] from screen [on:141182 period:1155699] score=60
10-22 16:26:01.825  2479  2548 D ScanRecord: Not a Multi Manu data
10-22 16:26:01.825  2479  2548 I chatty  : uid=1002(bluetooth) BT Service Call identical 11 lines
10-22 16:26:01.825  2479  2548 D ScanRecord: Not a Multi Manu data
10-22 16:26:01.826  3957  4129 D WifiStateMachine:  L2ConnectedState !RSSI_PKTCNT_FETCH uid=1000 rt=591168410/1647143883 0 0 "ourhome" f4:6d:2f:12:cc:88 rssi=-44 f=5240 sc=60 link=433 tx=5.5, 0.0, 0.0  rx=24.8 bcn=488760 [on:0 tx:0 rx:0 period:2] from screen [on:141182 period:1155701] score=60
10-22 16:26:01.828  3957  4129 D WifiStateMachine: fetchRssiLinkSpeedAndFrequencyNative rssi=-44 linkspeed=433 freq=5240
10-22 16:26:01.828  3957  4129 V WifiConfigManager: Updating scan detail cache freq=5240 BSSID=f4:6d:2f:12:cc:88 RSSI=-44 for "ourhome"WPA_PSK
10-22 16:26:01.829  2479  2548 D ScanRecord: Not a Multi Manu data
10-22 16:26:01.833  2479  2548 I chatty  : uid=1002(bluetooth) BT Service Call identical 24 lines
10-22 16:26:01.833  2479  2548 D ScanRecord: Not a Multi Manu data
10-22 16:26:01.834  2948  3216 I BatteryMgr:DataCollectionService: stats => 1697984761834,-306,4260,-360,0,100
10-22 16:26:01.852  2479  2548 D ScanRecord: Not a Multi Manu data
10-22 16:26:01.859  2479  2548 I chatty  : uid=1002(bluetooth) BT Service Call identical 24 lines
10-22 16:26:01.859  2479  2548 D ScanRecord: Not a Multi Manu data
10-22 16:26:01.892  3957  4128 D WifiService: getConnectionInfo uid=1000
10-22 16:26:01.942  2948  3216 I BatteryMgr:DataCollectionService: stats => 1697984761942,-306,4260,-360,0,100
10-22 16:26:02.056  2948  3216 I BatteryMgr:DataCollectionService: stats => 1697984762056,-306,4260,-360,0,100
10-22 16:26:02.170  2948  3216 I BatteryMgr:DataCollectionService: stats => 1697984762170,-306,4260,-360,0,100
10-22 16:26:02.284  2948  3216 I BatteryMgr:DataCollectionService: stats => 1697984762284,-306,4260,-360,0,100
10-22 16:26:02.369  3957  4030 D SensorService: [SO] 0.244 -0.148 9.979
10-22 16:26:02.397  2948  3216 I BatteryMgr:DataCollectionService: stats => 1697984762397,-306,4260,-360,0,100
10-22 16:26:02.511  2948  3216 I BatteryMgr:DataCollectionService: stats => 1697984762511,-306,4260,-360,0,100
10-22 16:26:02.624  2948  3216 I BatteryMgr:DataCollectionService: stats => 1697984762623,-306,4260,-360,0,100
10-22 16:26:02.738  2948  3216 I BatteryMgr:DataCollectionService: stats => 1697984762738,-306,4260,-360,0,100
10-22 16:26:02.829  3957  4129 D WifiStateMachine:  ConnectedState !RSSI_PKTCNT_FETCH uid=1000 rt=591169410/1647144882 0 0 "ourhome" f4:6d:2f:12:cc:88 rssi=-44 f=5240 sc=60 link=433 tx=5.5, 0.0, 0.0  rx=24.8 bcn=488760 [on:0 tx:0 rx:0 period:1002] from screen [on:141182 period:1156703] score=60
10-22 16:26:02.834  3957  4129 D WifiStateMachine:  L2ConnectedState !RSSI_PKTCNT_FETCH uid=1000 rt=591169415/1647144887 0 0 "ourhome" f4:6d:2f:12:cc:88 rssi=-44 f=5240 sc=60 link=433 tx=5.5, 0.0, 0.0  rx=24.8 bcn=488760 [on:0 tx:0 rx:0 period:5] from screen [on:141182 period:1156708] score=60
10-22 16:26:02.837  3957  4129 D WifiStateMachine: fetchRssiLinkSpeedAndFrequencyNative rssi=-45 linkspeed=433 freq=5240
10-22 16:26:02.837  3957  4129 V WifiConfigManager: Updating scan detail cache freq=5240 BSSID=f4:6d:2f:12:cc:88 RSSI=-44 for "ourhome"WPA_PSK
10-22 16:26:02.854  2948  3216 I BatteryMgr:DataCollectionService: stats => 1697984762854,-306,4260,-360,0,100
10-22 16:26:02.895  3957  4128 D WifiService: getConnectionInfo uid=1000
10-22 16:26:02.968  2948  3216 I BatteryMgr:DataCollectionService: stats => 1697984762968,-306,4260,-360,0,100
10-22 16:26:03.090  2948  3216 I BatteryMgr:DataCollectionService: stats => 1697984763090,-306,4260,-360,0,100
10-22 16:26:03.205  2948  3216 I BatteryMgr:DataCollectionService: stats => 1697984763205,-306,4260,-360,0,100
10-22 16:26:03.316  2948  3216 I BatteryMgr:DataCollectionService: stats => 1697984763316,-306,4260,-360,0,100
10-22 16:26:03.428  2948  3216 I BatteryMgr:DataCollectionService: stats => 1697984763428,-306,4260,-360,0,100
10-22 16:26:03.539  2948  3216 I BatteryMgr:DataCollectionService: stats => 1697984763538,-306,4260,-360,0,100
10-22 16:26:03.649  2948  3216 I BatteryMgr:DataCollectionService: stats => 1697984763649,-306,4260,-360,0,100
10-22 16:26:03.675  3957  4129 D WifiStateMachine:  ConnectedState !CMD_RSSI_POLL rt=591170259/1647145731 112 0 "ourhome" f4:6d:2f:12:cc:88 rssi=-45 f=5240 sc=60 link=433 tx=5.5, 0.0, 0.0  rx=24.8 bcn=488760 [on:0 tx:0 rx:0 period:842] from screen [on:141182 period:1157550] score=60
10-22 16:26:03.679  3957  4129 D WifiStateMachine:  L2ConnectedState !CMD_RSSI_POLL rt=591170261/1647145734 112 0 "ourhome" f4:6d:2f:12:cc:88 rssi=-45 f=5240 sc=60 link=433 tx=5.5, 0.0, 0.0  rx=24.8 bcn=488760 [on:0 tx:0 rx:0 period:4] from screen [on:141182 period:1157554] score=60
10-22 16:26:03.679  3957  4129 D WifiStateMachine:  get link layer stats 3
10-22 16:26:03.680  3436  3436 I android.hardware.wifi@1.0-service: getLinkLayerStats
10-22 16:26:03.685  3957  4129 D WifiStateMachine: fetchRssiLinkSpeedAndFrequencyNative rssi=-44 linkspeed=433 freq=5240
10-22 16:26:03.686  3957  4129 V WifiConfigManager: Updating scan detail cache freq=5240 BSSID=f4:6d:2f:12:cc:88 RSSI=-44 for "ourhome"WPA_PSK
10-22 16:26:03.691  4340  4340 E SignalClusterView: setSlotFocusVisible : subId -2
10-22 16:26:03.691  4340  4340 E SignalClusterView: setSlotFocusVisible : subId -2
10-22 16:26:03.762  2948  3216 I BatteryMgr:DataCollectionService: stats => 1697984763762,-306,4260,-360,0,100
10-22 16:26:03.826  3957  4129 D WifiStateMachine:  ConnectedState !RSSI_PKTCNT_FETCH uid=1000 rt=591170410/1647145883 0 0 "ourhome" f4:6d:2f:12:cc:88 rssi=-44 f=5240 sc=60 link=433 tx=4.5, 0.0, 0.0  rx=11.0 bcn=488790 [on:0 tx:0 rx:0 period:136] from screen [on:141862 period:1157701] score=60
10-22 16:26:03.827  4961  4961 D io_stats: !@ 179,0 r 9333135 304167972 w 2085712 41002276 d 166699 36632884 f 630757 655627 iot 4288568 3705118 th 51200 0 0 pt 0 inp 0 0 591170.411
10-22 16:26:03.829  3957  4129 D WifiStateMachine:  L2ConnectedState !RSSI_PKTCNT_FETCH uid=1000 rt=591170412/1647145885 0 0 "ourhome" f4:6d:2f:12:cc:88 rssi=-44 f=5240 sc=60 link=433 tx=4.5, 0.0, 0.0  rx=11.0 bcn=488790 [on:0 tx:0 rx:0 period:3] from screen [on:141862 period:1157704] score=60
10-22 16:26:03.831  3957  4129 D WifiStateMachine: fetchRssiLinkSpeedAndFrequencyNative rssi=-45 linkspeed=433 freq=5240
10-22 16:26:03.832  3957  4129 V WifiConfigManager: Updating scan detail cache freq=5240 BSSID=f4:6d:2f:12:cc:88 RSSI=-44 for "ourhome"WPA_PSK
10-22 16:26:03.876  2948  3216 I BatteryMgr:DataCollectionService: stats => 1697984763876,-306,4260,-360,0,100
10-22 16:26:03.898  3957  4128 D WifiService: getConnectionInfo uid=1000
10-22 16:26:03.989  2948  3216 I BatteryMgr:DataCollectionService: stats => 1697984763988,-306,4260,-360,0,100
10-22 16:26:04.101  2948  3216 I BatteryMgr:DataCollectionService: stats => 1697984764101,-306,4260,-360,0,100
10-22 16:26:04.215  2948  3216 I BatteryMgr:DataCollectionService: stats => 1697984764214,-306,4260,-360,0,100
10-22 16:26:04.329  2948  3216 I BatteryMgr:DataCollectionService: stats => 1697984764328,-306,4260,-360,0,100
10-22 16:26:04.439  2948  3216 I BatteryMgr:DataCollectionService: stats => 1697984764439,-306,4260,-360,0,100
10-22 16:26:04.555  2948  3216 I BatteryMgr:DataCollectionService: stats => 1697984764554,-306,4260,-360,0,100
10-22 16:26:04.664  2948  3216 I BatteryMgr:DataCollectionService: stats => 1697984764663,-306,4260,-360,0,100
10-22 16:26:04.773  2948  3216 I BatteryMgr:DataCollectionService: stats => 1697984764773,-306,4260,-360,0,100
10-22 16:26:04.830  3957  4129 D WifiStateMachine:  ConnectedState !RSSI_PKTCNT_FETCH uid=1000 rt=591171413/1647146885 0 0 "ourhome" f4:6d:2f:12:cc:88 rssi=-45 f=5240 sc=60 link=433 tx=4.5, 0.0, 0.0  rx=11.0 bcn=488790 [on:0 tx:0 rx:0 period:1001] from screen [on:141862 period:1158705] score=60
10-22 16:26:04.832  3957  4129 D WifiStateMachine:  L2ConnectedState !RSSI_PKTCNT_FETCH uid=1000 rt=591171416/1647146889 0 0 "ourhome" f4:6d:2f:12:cc:88 rssi=-45 f=5240 sc=60 link=433 tx=4.5, 0.0, 0.0  rx=11.0 bcn=488790 [on:0 tx:0 rx:0 period:2] from screen [on:141862 period:1158707] score=60
10-22 16:26:04.839  3957  4129 D WifiStateMachine: fetchRssiLinkSpeedAndFrequencyNative rssi=-45 linkspeed=433 freq=5240
10-22 16:26:04.839  3957  4129 V WifiConfigManager: Updating scan detail cache freq=5240 BSSID=f4:6d:2f:12:cc:88 RSSI=-44 for "ourhome"WPA_PSK
10-22 16:26:04.883  2948  3216 I BatteryMgr:DataCollectionService: stats => 1697984764882,-306,4260,-360,0,100
10-22 16:26:04.900  3957  4128 D WifiService: getConnectionInfo uid=1000
10-22 16:26:04.992  2948  3216 I BatteryMgr:DataCollectionService: stats => 1697984764992,-306,4260,-360,0,100
10-22 16:26:05.105  2948  3216 I BatteryMgr:DataCollectionService: stats => 1697984765105,-306,4260,-360,0,100
10-22 16:26:05.217  2948  3216 I BatteryMgr:DataCollectionService: stats => 1697984765217,-306,4260,-360,0,100
10-22 16:26:05.322  4340  4731 D NetworkController.MobileSignalController(0/-2): onSignalStrengthsChanged signalStrength=SignalStrength: 20 99 -20 -200 -20 -200 -1 99 2147483647 2147483647 2147483647 2147483647 0 2147483647 0x4 P gsm|lte level=4
10-22 16:26:05.328  2948  3216 I BatteryMgr:DataCollectionService: stats => 1697984765327,-306,4260,-360,0,100
10-22 16:26:05.328  4340  4731 D NetworkController.MobileSignalController(0/-2): getMobileIconGroup(): 0
10-22 16:26:05.440  2948  3216 I BatteryMgr:DataCollectionService: stats => 1697984765439,-306,4260,-360,0,100
10-22 16:26:05.558  2948  3216 I BatteryMgr:DataCollectionService: stats => 1697984765558,-306,4260,-360,0,100
10-22 16:26:05.670  2948  3216 I BatteryMgr:DataCollectionService: stats => 1697984765670,-306,4260,-360,0,100
10-22 16:26:05.783  2948  3216 I BatteryMgr:DataCollectionService: stats => 1697984765783,-306,4260,-360,0,100
10-22 16:26:05.831  3957  4129 D WifiStateMachine:  ConnectedState !RSSI_PKTCNT_FETCH uid=1000 rt=591172414/1647147886 0 0 "ourhome" f4:6d:2f:12:cc:88 rssi=-45 f=5240 sc=60 link=433 tx=4.5, 0.0, 0.0  rx=11.0 bcn=488790 [on:0 tx:0 rx:0 period:999] from screen [on:141862 period:1159706] score=60
10-22 16:26:05.833  3957  4129 D WifiStateMachine:  L2ConnectedState !RSSI_PKTCNT_FETCH uid=1000 rt=591172417/1647147890 0 0 "ourhome" f4:6d:2f:12:cc:88 rssi=-45 f=5240 sc=60 link=433 tx=4.5, 0.0, 0.0  rx=11.0 bcn=488790 [on:0 tx:0 rx:0 period:2] from screen [on:141862 period:1159708] score=60
10-22 16:26:05.840  3957  4129 D WifiStateMachine: fetchRssiLinkSpeedAndFrequencyNative rssi=-44 linkspeed=433 freq=5240
10-22 16:26:05.841  3957  4129 V WifiConfigManager: Updating scan detail cache freq=5240 BSSID=f4:6d:2f:12:cc:88 RSSI=-44 for "ourhome"WPA_PSK
10-22 16:26:05.896  2948  3216 I BatteryMgr:DataCollectionService: stats => 1697984765896,-306,4260,-360,0,100
10-22 16:26:05.903  3957  4128 D WifiService: getConnectionInfo uid=1000
10-22 16:26:06.011  2948  3216 I BatteryMgr:DataCollectionService: stats => 1697984766011,-306,4260,-360,0,100
10-22 16:26:06.122  2948  3216 I BatteryMgr:DataCollectionService: stats => 1697984766122,-306,4260,-360,0,100
10-22 16:26:06.237  2948  3216 I BatteryMgr:DataCollectionService: stats => 1697984766237,-306,4260,-360,0,100
10-22 16:26:06.345  2948  3216 I BatteryMgr:DataCollectionService: stats => 1697984766345,-306,4260,-360,0,100
10-22 16:26:06.403  2479  2548 D ScanRecord: Not a Multi Manu data
10-22 16:26:06.451  2479  2548 I chatty  : uid=1002(bluetooth) BT Service Call identical 76 lines
10-22 16:26:06.451  2479  2548 D ScanRecord: Not a Multi Manu data
10-22 16:26:06.457  2948  3216 I BatteryMgr:DataCollectionService: stats => 1697984766457,-306,4260,-360,0,100
10-22 16:26:06.474  2479  2548 D ScanRecord: Not a Multi Manu data
10-22 16:26:06.568  2479  2548 I chatty  : uid=1002(bluetooth) BT Service Call identical 89 lines
10-22 16:26:06.568  2479  2548 D ScanRecord: Not a Multi Manu data
10-22 16:26:06.571  2948  3216 I BatteryMgr:DataCollectionService: stats => 1697984766571,-306,4260,-360,0,100
10-22 16:26:06.600  2479  2548 D ScanRecord: Not a Multi Manu data
10-22 16:26:06.619  2479  2548 I chatty  : uid=1002(bluetooth) BT Service Call identical 50 lines
10-22 16:26:06.619  2479  2548 D ScanRecord: Not a Multi Manu data
10-22 16:26:06.631  2479  2548 D ScanRecord: same manuId data exists, combine both data and store
10-22 16:26:06.631  2479  2548 D ScanRecord: It's a Multi Manu data
10-22 16:26:06.631  2479  2548 I chatty  : uid=1002(bluetooth) BT Service Call identical 9 lines
10-22 16:26:06.631  2479  2548 D ScanRecord: It's a Multi Manu data
10-22 16:26:06.632  2479  2548 D ScanRecord: same manuId data exists, combine both data and store
10-22 16:26:06.632  2479  2548 D ScanRecord: same manuId data exists, combine both data and store
10-22 16:26:06.632  2479  2548 D ScanRecord: It's a Multi Manu data
10-22 16:26:06.632  2479  2548 D ScanFilter: manu data matches
10-22 16:26:06.632  2479  2548 D BtGatt.GattService: onScanResult to scannerId: 6- event_type=0x1b, address_type=1, address=10:7, primary_phy=1, secondary_phy=0, advertising_sid=0xff, tx_power=127, rssi=-82, periodic_adv_int=0x0
10-22 16:26:06.632 23612 23732 D ScanRecord: same manuId data exists, combine both data and store
10-22 16:26:06.648  2479  2548 D ScanRecord: Not a Multi Manu data
10-22 16:26:06.673  2479  2548 I chatty  : uid=1002(bluetooth) BT Service Call identical 24 lines
10-22 16:26:06.673  2479  2548 D ScanRecord: Not a Multi Manu data
10-22 16:26:06.681  2948  3216 I BatteryMgr:DataCollectionService: stats => 1697984766681,-306,4260,-360,0,100
10-22 16:26:06.689  3957  4129 D WifiStateMachine:  ConnectedState !CMD_RSSI_POLL rt=591173274/1647148746 112 0 "ourhome" f4:6d:2f:12:cc:88 rssi=-44 f=5240 sc=60 link=433 tx=4.5, 0.0, 0.0  rx=11.0 bcn=488790 [on:0 tx:0 rx:0 period:856] from screen [on:141862 period:1160564] score=60
10-22 16:26:06.691  3957  4129 D WifiStateMachine:  L2ConnectedState !CMD_RSSI_POLL rt=591173275/1647148748 112 0 "ourhome" f4:6d:2f:12:cc:88 rssi=-44 f=5240 sc=60 link=433 tx=4.5, 0.0, 0.0  rx=11.0 bcn=488790 [on:0 tx:0 rx:0 period:2] from screen [on:141862 period:1160566] score=60
10-22 16:26:06.691  3957  4129 D WifiStateMachine:  get link layer stats 3
10-22 16:26:06.692  3436  3436 I android.hardware.wifi@1.0-service: getLinkLayerStats
10-22 16:26:06.697  3957  4129 D WifiStateMachine: fetchRssiLinkSpeedAndFrequencyNative rssi=-44 linkspeed=433 freq=5240
10-22 16:26:06.697  3957  4129 V WifiConfigManager: Updating scan detail cache freq=5240 BSSID=f4:6d:2f:12:cc:88 RSSI=-44 for "ourhome"WPA_PSK
10-22 16:26:06.698  2479  2548 D ScanRecord: Not a Multi Manu data
10-22 16:26:06.699  2479  2548 I chatty  : uid=1002(bluetooth) BT Service Call identical 11 lines
10-22 16:26:06.699  2479  2548 D ScanRecord: Not a Multi Manu data
10-22 16:26:06.701  4340  4340 E SignalClusterView: setSlotFocusVisible : subId -2
10-22 16:26:06.702  4340  4340 E SignalClusterView: setSlotFocusVisible : subId -2
10-22 16:26:06.707  2479  2548 D ScanRecord: Not a Multi Manu data
10-22 16:26:06.782  2479  2548 I chatty  : uid=1002(bluetooth) BT Service Call identical 50 lines
10-22 16:26:06.782  2479  2548 D ScanRecord: Not a Multi Manu data
10-22 16:26:06.790  2948  3216 I BatteryMgr:DataCollectionService: stats => 1697984766790,-306,4260,-360,0,100
10-22 16:26:06.799  2479  2548 D ScanRecord: Not a Multi Manu data
10-22 16:26:06.816  2479  2548 I chatty  : uid=1002(bluetooth) BT Service Call identical 24 lines
10-22 16:26:06.816  2479  2548 D ScanRecord: Not a Multi Manu data
10-22 16:26:06.831  3957  4129 D WifiStateMachine:  ConnectedState !RSSI_PKTCNT_FETCH uid=1000 rt=591173415/1647148887 0 0 "ourhome" f4:6d:2f:12:cc:88 rssi=-44 f=5240 sc=60 link=433 tx=1.7, 0.0, 0.0  rx=6.6 bcn=488818 [on:0 tx:0 rx:0 period:129] from screen [on:142465 period:1160706] score=60
10-22 16:26:06.833  3957  4129 D WifiStateMachine:  L2ConnectedState !RSSI_PKTCNT_FETCH uid=1000 rt=591173417/1647148890 0 0 "ourhome" f4:6d:2f:12:cc:88 rssi=-44 f=5240 sc=60 link=433 tx=1.7, 0.0, 0.0  rx=6.6 bcn=488818 [on:0 tx:0 rx:0 period:2] from screen [on:142465 period:1160708] score=60
10-22 16:26:06.835  3957  4129 D WifiStateMachine: fetchRssiLinkSpeedAndFrequencyNative rssi=-44 linkspeed=433 freq=5240
10-22 16:26:06.835  3957  4129 V WifiConfigManager: Updating scan detail cache freq=5240 BSSID=f4:6d:2f:12:cc:88 RSSI=-44 for "ourhome"WPA_PSK
10-22 16:26:06.856  2479  2548 D ScanRecord: Not a Multi Manu data
10-22 16:26:06.893  2479  2548 I chatty  : uid=1002(bluetooth) BT Service Call identical 24 lines
10-22 16:26:06.893  2479  2548 D ScanRecord: Not a Multi Manu data
10-22 16:26:06.899  2948  3216 I BatteryMgr:DataCollectionService: stats => 1697984766899,-306,4260,-360,0,100
10-22 16:26:06.905  3957  4128 D WifiService: getConnectionInfo uid=1000
10-22 16:26:07.009  2948  3216 I BatteryMgr:DataCollectionService: stats => 1697984767009,-306,4260,-360,0,100
10-22 16:26:07.121  2948  3216 I BatteryMgr:DataCollectionService: stats => 1697984767121,-306,4260,-360,0,100
10-22 16:26:07.235  2948  3216 I BatteryMgr:DataCollectionService: stats => 1697984767235,-306,4260,-360,0,100
10-22 16:26:07.243  2948  2953 I zygote64: Do partial code cache collection, code=61KB, data=46KB
10-22 16:26:07.245  2948  2953 I zygote64: After code cache collection, code=61KB, data=46KB
10-22 16:26:07.246  2948  2953 I zygote64: Increasing code cache capacity to 256KB
10-22 16:26:07.348  2948  3216 I BatteryMgr:DataCollectionService: stats => 1697984767348,-306,4260,-360,0,100
10-22 16:26:07.461  2948  3216 I BatteryMgr:DataCollectionService: stats => 1697984767460,-306,4260,-360,0,100
10-22 16:26:07.572  2948  3216 I BatteryMgr:DataCollectionService: stats => 1697984767572,-306,4260,-360,0,100
10-22 16:26:07.686  2948  3216 I BatteryMgr:DataCollectionService: stats => 1697984767686,-306,4260,-360,0,100
10-22 16:26:07.795  2948  3216 I BatteryMgr:DataCollectionService: stats => 1697984767795,-306,4260,-360,0,100
10-22 16:26:07.832  3957  4129 D WifiStateMachine:  ConnectedState !RSSI_PKTCNT_FETCH uid=1000 rt=591174416/1647149888 0 0 "ourhome" f4:6d:2f:12:cc:88 rssi=-44 f=5240 sc=60 link=433 tx=1.7, 0.0, 0.0  rx=6.6 bcn=488818 [on:0 tx:0 rx:0 period:999] from screen [on:142465 period:1161707] score=60
10-22 16:26:07.834  3957  4129 D WifiStateMachine:  L2ConnectedState !RSSI_PKTCNT_FETCH uid=1000 rt=591174418/1647149891 0 0 "ourhome" f4:6d:2f:12:cc:88 rssi=-44 f=5240 sc=60 link=433 tx=1.7, 0.0, 0.0  rx=6.6 bcn=488818 [on:0 tx:0 rx:0 period:2] from screen [on:142465 period:1161709] score=60
10-22 16:26:07.835  3957  4129 D WifiStateMachine: fetchRssiLinkSpeedAndFrequencyNative rssi=-44 linkspeed=433 freq=5240
10-22 16:26:07.836  3957  4129 V WifiConfigManager: Updating scan detail cache freq=5240 BSSID=f4:6d:2f:12:cc:88 RSSI=-44 for "ourhome"WPA_PSK
10-22 16:26:07.906  2948  3216 I BatteryMgr:DataCollectionService: stats => 1697984767906,-306,4260,-360,0,100
10-22 16:26:07.907  3957  4128 D WifiService: getConnectionInfo uid=1000
10-22 16:26:08.015  2948  3216 I BatteryMgr:DataCollectionService: stats => 1697984768015,-306,4260,-360,0,100
10-22 16:26:08.126  2948  3216 I BatteryMgr:DataCollectionService: stats => 1697984768126,-306,4260,-360,0,100
10-22 16:26:08.236  2948  3216 I BatteryMgr:DataCollectionService: stats => 1697984768236,-306,4260,-360,0,100
10-22 16:26:08.349  2948  3216 I BatteryMgr:DataCollectionService: stats => 1697984768348,-306,4260,-360,0,100
10-22 16:26:08.461  2948  3216 I BatteryMgr:DataCollectionService: stats => 1697984768461,-306,4260,-360,0,100
10-22 16:26:08.574  2948  3216 I BatteryMgr:DataCollectionService: stats => 1697984768573,-306,4260,-360,0,100
