10-22 16:13:11.707  3957  4129 V WifiConfigManager: Updating scan detail cache freq=5240 BSSID=f4:6d:2f:12:cc:88 RSSI=-43 for "ourhome"WPA_PSK
10-22 16:13:11.747  2479  2548 D ScanRecord: Not a Multi Manu data
10-22 16:13:11.778  2479  2548 I chatty  : uid=1002(bluetooth) BT Service Call identical 37 lines
10-22 16:13:11.779  2479  2548 D ScanRecord: Not a Multi Manu data
10-22 16:13:11.809  1725  1833 I BatteryMgr:DataCollectionService: stats => 1697983991808,189,4260,158,0,100
10-22 16:13:11.813  2479  2548 D ScanRecord: Not a Multi Manu data
10-22 16:13:11.875  2479  2548 I chatty  : uid=1002(bluetooth) BT Service Call identical 24 lines
10-22 16:13:11.875  2479  2548 D ScanRecord: Not a Multi Manu data
10-22 16:13:11.917  1725  1833 I BatteryMgr:DataCollectionService: stats => 1697983991917,189,4260,158,0,100
10-22 16:13:12.027  1725  1833 I BatteryMgr:DataCollectionService: stats => 1697983992027,189,4260,158,0,100
10-22 16:13:12.137  1725  1833 I BatteryMgr:DataCollectionService: stats => 1697983992137,189,4260,158,0,100
10-22 16:13:12.190  3957  4128 D WifiService: getConnectionInfo uid=1000
10-22 16:13:12.246  1725  1833 I BatteryMgr:DataCollectionService: stats => 1697983992246,189,4260,158,0,100
10-22 16:13:12.357  1725  1833 I BatteryMgr:DataCollectionService: stats => 1697983992356,189,4260,158,0,100
10-22 16:13:12.365  3957  4030 D SensorService: [SO] 0.249 -0.177 9.979
10-22 16:13:12.465  1725  1833 I BatteryMgr:DataCollectionService: stats => 1697983992464,189,4260,158,0,100
10-22 16:13:12.575  1725  1833 I BatteryMgr:DataCollectionService: stats => 1697983992575,189,4260,158,0,100
10-22 16:13:12.619  3957  4416 E Watchdog: !@Sync 19672 [2023-10-22 16:13:12.618]
10-22 16:13:12.686  1725  1833 I BatteryMgr:DataCollectionService: stats => 1697983992686,189,4260,158,0,100
10-22 16:13:12.703  3957  4129 D WifiStateMachine:  ConnectedState !RSSI_PKTCNT_FETCH uid=1000 rt=590399286/1646374759 0 0 "ourhome" f4:6d:2f:12:cc:88 rssi=-44 f=5240 sc=60 link=433 tx=0.0, 0.0, 0.0  rx=0.6 bcn=481607 [on:0 tx:0 rx:0 period:999] from screen [on:51669 period:386578] score=60
10-22 16:13:12.706  3957  4129 D WifiStateMachine:  L2ConnectedState !RSSI_PKTCNT_FETCH uid=1000 rt=590399289/1646374762 0 0 "ourhome" f4:6d:2f:12:cc:88 rssi=-44 f=5240 sc=60 link=433 tx=0.0, 0.0, 0.0  rx=0.6 bcn=481607 [on:0 tx:0 rx:0 period:3] from screen [on:51669 period:386581] score=60
10-22 16:13:12.715  3957  4129 D WifiStateMachine: fetchRssiLinkSpeedAndFrequencyNative rssi=-44 linkspeed=433 freq=5240
10-22 16:13:12.715  3957  4129 V WifiConfigManager: Updating scan detail cache freq=5240 BSSID=f4:6d:2f:12:cc:88 RSSI=-43 for "ourhome"WPA_PSK
10-22 16:13:12.794  1725  1833 I BatteryMgr:DataCollectionService: stats => 1697983992794,189,4260,158,0,100
10-22 16:13:12.892  3957  4129 D WifiStateMachine:  ConnectedState !CMD_RSSI_POLL rt=590399476/1646374949 112 0 "ourhome" f4:6d:2f:12:cc:88 rssi=-44 f=5240 sc=60 link=433 tx=0.0, 0.0, 0.0  rx=0.6 bcn=481607 [on:0 tx:0 rx:0 period:186] from screen [on:51669 period:386767] score=60
10-22 16:13:12.893  3957  4129 D WifiStateMachine:  L2ConnectedState !CMD_RSSI_POLL rt=590399478/1646374950 112 0 "ourhome" f4:6d:2f:12:cc:88 rssi=-44 f=5240 sc=60 link=433 tx=0.0, 0.0, 0.0  rx=0.6 bcn=481607 [on:0 tx:0 rx:0 period:1] from screen [on:51669 period:386768] score=60
10-22 16:13:12.893  3957  4129 D WifiStateMachine:  get link layer stats 3
10-22 16:13:12.894  3436  3436 I android.hardware.wifi@1.0-service: getLinkLayerStats
10-22 16:13:12.903  1725  1833 I BatteryMgr:DataCollectionService: stats => 1697983992903,189,4260,158,0,100
10-22 16:13:12.913  3957  4129 D WifiStateMachine: fetchRssiLinkSpeedAndFrequencyNative rssi=-43 linkspeed=433 freq=5240
10-22 16:13:12.913  3957  4129 V WifiConfigManager: Updating scan detail cache freq=5240 BSSID=f4:6d:2f:12:cc:88 RSSI=-43 for "ourhome"WPA_PSK
10-22 16:13:12.919  4340  4340 E SignalClusterView: setSlotFocusVisible : subId -2
10-22 16:13:12.920  4340  4340 E SignalClusterView: setSlotFocusVisible : subId -2
10-22 16:13:13.009  1725  1833 I BatteryMgr:DataCollectionService: stats => 1697983993009,189,4260,158,0,100
10-22 16:13:13.115  1725  1833 I BatteryMgr:DataCollectionService: stats => 1697983993115,189,4260,158,0,100
10-22 16:13:13.193  3957  4128 D WifiService: getConnectionInfo uid=1000
10-22 16:13:13.224  1725  1833 I BatteryMgr:DataCollectionService: stats => 1697983993224,189,4260,158,0,100
10-22 16:13:13.237  4961  4961 D io_stats: !@ 179,0 r 9296999 302991400 w 2081675 40913804 d 166297 36583988 f 630100 654924 iot 4272624 3691671 th 51200 0 0 pt 0 inp 0 0 590399.822
10-22 16:13:13.332  1725  1833 I BatteryMgr:DataCollectionService: stats => 1697983993332,189,4260,158,0,100
10-22 16:13:13.444  1725  1833 I BatteryMgr:DataCollectionService: stats => 1697983993444,189,4260,158,0,100
10-22 16:13:13.554  1725  1833 I BatteryMgr:DataCollectionService: stats => 1697983993554,189,4260,158,0,100
10-22 16:13:13.664  1725  1833 I BatteryMgr:DataCollectionService: stats => 1697983993664,189,4260,158,0,100
10-22 16:13:13.706  3957  4129 D WifiStateMachine:  ConnectedState !RSSI_PKTCNT_FETCH uid=1000 rt=590400288/1646375761 0 0 "ourhome" f4:6d:2f:12:cc:88 rssi=-43 f=5240 sc=60 link=433 tx=2.6, 0.0, 0.0  rx=2.8 bcn=481634 [on:0 tx:0 rx:0 period:787] from screen [on:52156 period:387581] score=60
10-22 16:13:13.708  3957  4129 D WifiStateMachine:  L2ConnectedState !RSSI_PKTCNT_FETCH uid=1000 rt=590400292/1646375765 0 0 "ourhome" f4:6d:2f:12:cc:88 rssi=-43 f=5240 sc=60 link=433 tx=2.6, 0.0, 0.0  rx=2.8 bcn=481634 [on:0 tx:0 rx:0 period:2] from screen [on:52156 period:387583] score=60
10-22 16:13:13.715  3957  4129 D WifiStateMachine: fetchRssiLinkSpeedAndFrequencyNative rssi=-43 linkspeed=433 freq=5240
10-22 16:13:13.715  3957  4129 V WifiConfigManager: Updating scan detail cache freq=5240 BSSID=f4:6d:2f:12:cc:88 RSSI=-43 for "ourhome"WPA_PSK
10-22 16:13:13.774  1725  1833 I BatteryMgr:DataCollectionService: stats => 1697983993773,189,4260,158,0,100
10-22 16:13:13.881  1725  1833 I BatteryMgr:DataCollectionService: stats => 1697983993880,189,4260,158,0,100
10-22 16:13:13.991  1725  1833 I BatteryMgr:DataCollectionService: stats => 1697983993991,189,4260,158,0,100
10-22 16:13:14.102  1725  1833 I BatteryMgr:DataCollectionService: stats => 1697983994102,189,4260,158,0,100
10-22 16:13:14.196  3957  4128 D WifiService: getConnectionInfo uid=1000
10-22 16:13:14.215  1725  1833 I BatteryMgr:DataCollectionService: stats => 1697983994215,189,4260,158,0,100
10-22 16:13:14.310  1240  1445 I SessionStorage/AutoSave: Save: Periodic
10-22 16:13:14.326  1725  1833 I BatteryMgr:DataCollectionService: stats => 1697983994325,189,4260,158,0,100
10-22 16:13:14.435  1725  1833 I BatteryMgr:DataCollectionService: stats => 1697983994435,189,4260,158,0,100
10-22 16:13:14.544  1725  1833 I BatteryMgr:DataCollectionService: stats => 1697983994544,189,4260,158,0,100
10-22 16:13:14.652  1725  1833 I BatteryMgr:DataCollectionService: stats => 1697983994652,189,4260,158,0,100
10-22 16:13:14.706  3957  4129 D WifiStateMachine:  ConnectedState !RSSI_PKTCNT_FETCH uid=1000 rt=590401290/1646376763 0 0 "ourhome" f4:6d:2f:12:cc:88 rssi=-43 f=5240 sc=60 link=433 tx=2.6, 0.0, 0.0  rx=2.8 bcn=481634 [on:0 tx:0 rx:0 period:998] from screen [on:52156 period:388581] score=60
10-22 16:13:14.708  3957  4129 D WifiStateMachine:  L2ConnectedState !RSSI_PKTCNT_FETCH uid=1000 rt=590401292/1646376765 0 0 "ourhome" f4:6d:2f:12:cc:88 rssi=-43 f=5240 sc=60 link=433 tx=2.6, 0.0, 0.0  rx=2.8 bcn=481634 [on:0 tx:0 rx:0 period:2] from screen [on:52156 period:388583] score=60
10-22 16:13:14.711  3957  4129 D WifiStateMachine: fetchRssiLinkSpeedAndFrequencyNative rssi=-43 linkspeed=433 freq=5240
10-22 16:13:14.711  3957  4129 V WifiConfigManager: Updating scan detail cache freq=5240 BSSID=f4:6d:2f:12:cc:88 RSSI=-43 for "ourhome"WPA_PSK
10-22 16:13:14.768  1725  1833 I BatteryMgr:DataCollectionService: stats => 1697983994767,189,4260,158,0,100
10-22 16:13:14.884  1725  1833 I BatteryMgr:DataCollectionService: stats => 1697983994884,189,4260,158,0,100
10-22 16:13:14.993  1725  1833 I BatteryMgr:DataCollectionService: stats => 1697983994993,189,4260,158,0,100
10-22 16:13:15.101  1725  1833 I BatteryMgr:DataCollectionService: stats => 1697983995101,189,4260,158,0,100
10-22 16:13:15.198  3957  4128 D WifiService: getConnectionInfo uid=1000
10-22 16:13:15.214  1725  1833 I BatteryMgr:DataCollectionService: stats => 1697983995214,189,4260,158,0,100
10-22 16:13:15.321  1725  1833 I BatteryMgr:DataCollectionService: stats => 1697983995321,189,4260,158,0,100
10-22 16:13:15.426  1725  1833 I BatteryMgr:DataCollectionService: stats => 1697983995426,189,4260,158,0,100
10-22 16:13:15.540  1725  1833 I BatteryMgr:DataCollectionService: stats => 1697983995540,189,4260,158,0,100
10-22 16:13:15.649  1725  1833 I BatteryMgr:DataCollectionService: stats => 1697983995649,189,4260,158,0,100
10-22 16:13:15.709  3957  4129 D WifiStateMachine:  ConnectedState !RSSI_PKTCNT_FETCH uid=1000 rt=590402292/1646377765 0 0 "ourhome" f4:6d:2f:12:cc:88 rssi=-43 f=5240 sc=60 link=433 tx=2.6, 0.0, 0.0  rx=2.8 bcn=481634 [on:0 tx:0 rx:0 period:1000] from screen [on:52156 period:389583] score=60
10-22 16:13:15.711  3957  4129 D WifiStateMachine:  L2ConnectedState !RSSI_PKTCNT_FETCH uid=1000 rt=590402294/1646377767 0 0 "ourhome" f4:6d:2f:12:cc:88 rssi=-43 f=5240 sc=60 link=433 tx=2.6, 0.0, 0.0  rx=2.8 bcn=481634 [on:0 tx:0 rx:0 period:3] from screen [on:52156 period:389586] score=60
10-22 16:13:15.717  3957  4129 D WifiStateMachine: fetchRssiLinkSpeedAndFrequencyNative rssi=-44 linkspeed=433 freq=5240
10-22 16:13:15.717  3957  4129 V WifiConfigManager: Updating scan detail cache freq=5240 BSSID=f4:6d:2f:12:cc:88 RSSI=-43 for "ourhome"WPA_PSK
10-22 16:13:15.761  1725  1833 I BatteryMgr:DataCollectionService: stats => 1697983995760,189,4260,158,0,100
10-22 16:13:15.869  1725  1833 I BatteryMgr:DataCollectionService: stats => 1697983995869,189,4260,158,0,100
10-22 16:13:15.916  3957  4129 D WifiStateMachine:  ConnectedState !CMD_RSSI_POLL rt=590402499/1646377972 112 0 "ourhome" f4:6d:2f:12:cc:88 rssi=-44 f=5240 sc=60 link=433 tx=2.6, 0.0, 0.0  rx=2.8 bcn=481634 [on:0 tx:0 rx:0 period:205] from screen [on:52156 period:389791] score=60
10-22 16:13:15.918  3957  4129 D WifiStateMachine:  L2ConnectedState !CMD_RSSI_POLL rt=590402502/1646377975 112 0 "ourhome" f4:6d:2f:12:cc:88 rssi=-44 f=5240 sc=60 link=433 tx=2.6, 0.0, 0.0  rx=2.8 bcn=481634 [on:0 tx:0 rx:0 period:2] from screen [on:52156 period:389793] score=60
10-22 16:13:15.918  3957  4129 D WifiStateMachine:  get link layer stats 3
10-22 16:13:15.919  3436  3436 I android.hardware.wifi@1.0-service: getLinkLayerStats
10-22 16:13:15.934  3957  4129 D WifiStateMachine: fetchRssiLinkSpeedAndFrequencyNative rssi=-44 linkspeed=433 freq=5240
10-22 16:13:15.934  3957  4129 V WifiConfigManager: Updating scan detail cache freq=5240 BSSID=f4:6d:2f:12:cc:88 RSSI=-43 for "ourhome"WPA_PSK
10-22 16:13:15.941  4340  4340 E SignalClusterView: setSlotFocusVisible : subId -2
10-22 16:13:15.941  4340  4340 E SignalClusterView: setSlotFocusVisible : subId -2
10-22 16:13:15.978  1725  1833 I BatteryMgr:DataCollectionService: stats => 1697983995977,189,4260,158,0,100
10-22 16:13:16.086  1725  1833 I BatteryMgr:DataCollectionService: stats => 1697983996086,189,4260,158,0,100
10-22 16:13:16.193  1725  1833 I BatteryMgr:DataCollectionService: stats => 1697983996192,189,4260,158,0,100
10-22 16:13:16.199  3957  4128 D WifiService: getConnectionInfo uid=1000
10-22 16:13:16.301  1725  1833 I BatteryMgr:DataCollectionService: stats => 1697983996301,189,4260,158,0,100
10-22 16:13:16.393  2479  2548 D ScanRecord: Not a Multi Manu data
10-22 16:13:16.407  2479  2548 I chatty  : uid=1002(bluetooth) BT Service Call identical 37 lines
10-22 16:13:16.407  2479  2548 D ScanRecord: Not a Multi Manu data
10-22 16:13:16.411  1725  1833 I BatteryMgr:DataCollectionService: stats => 1697983996411,189,4260,158,0,100
10-22 16:13:16.455  2479  2548 D ScanRecord: Not a Multi Manu data
10-22 16:13:16.514  2479  2548 I chatty  : uid=1002(bluetooth) BT Service Call identical 76 lines
10-22 16:13:16.514  2479  2548 D ScanRecord: Not a Multi Manu data
10-22 16:13:16.517  1725  1833 I BatteryMgr:DataCollectionService: stats => 1697983996517,189,4260,158,0,100
10-22 16:13:16.527  2479  2548 D ScanRecord: Not a Multi Manu data
10-22 16:13:16.599  2479  2548 I chatty  : uid=1002(bluetooth) BT Service Call identical 102 lines
10-22 16:13:16.599  2479  2548 D ScanRecord: Not a Multi Manu data
10-22 16:13:16.626  1725  1833 I BatteryMgr:DataCollectionService: stats => 1697983996626,189,4260,158,0,100
10-22 16:13:16.652  2479  2548 D ScanRecord: Not a Multi Manu data
10-22 16:13:16.707  2479  2548 I chatty  : uid=1002(bluetooth) BT Service Call identical 63 lines
10-22 16:13:16.707  2479  2548 D ScanRecord: Not a Multi Manu data
10-22 16:13:16.710  3957  4129 D WifiStateMachine:  ConnectedState !RSSI_PKTCNT_FETCH uid=1000 rt=590403294/1646378766 0 0 "ourhome" f4:6d:2f:12:cc:88 rssi=-44 f=5240 sc=60 link=433 tx=0.9, 0.0, 0.0  rx=1.6 bcn=481660 [on:0 tx:0 rx:0 period:770] from screen [on:52291 period:390584] score=60
10-22 16:13:16.711  3957  4129 D WifiStateMachine:  L2ConnectedState !RSSI_PKTCNT_FETCH uid=1000 rt=590403295/1646378768 0 0 "ourhome" f4:6d:2f:12:cc:88 rssi=-44 f=5240 sc=60 link=433 tx=0.9, 0.0, 0.0  rx=1.6 bcn=481660 [on:0 tx:0 rx:0 period:2] from screen [on:52291 period:390586] score=60
10-22 16:13:16.712  3957  4129 D WifiStateMachine: fetchRssiLinkSpeedAndFrequencyNative rssi=-44 linkspeed=433 freq=5240
10-22 16:13:16.712  3957  4129 V WifiConfigManager: Updating scan detail cache freq=5240 BSSID=f4:6d:2f:12:cc:88 RSSI=-43 for "ourhome"WPA_PSK
10-22 16:13:16.712  2479  2548 D ScanRecord: Not a Multi Manu data
10-22 16:13:16.731  2479  2548 I chatty  : uid=1002(bluetooth) BT Service Call identical 50 lines
10-22 16:13:16.731  2479  2548 D ScanRecord: Not a Multi Manu data
10-22 16:13:16.731  1725  1833 I BatteryMgr:DataCollectionService: stats => 1697983996731,189,4260,158,0,100
10-22 16:13:16.739  2479  2548 D ScanRecord: Not a Multi Manu data
10-22 16:13:16.807  2479  2548 I chatty  : uid=1002(bluetooth) BT Service Call identical 128 lines
10-22 16:13:16.807  2479  2548 D ScanRecord: Not a Multi Manu data
10-22 16:13:16.837  1725  1833 I BatteryMgr:DataCollectionService: stats => 1697983996837,189,4260,158,0,100
10-22 16:13:16.838  2479  2548 D ScanRecord: Not a Multi Manu data
10-22 16:13:16.879  2479  2548 I chatty  : uid=1002(bluetooth) BT Service Call identical 50 lines
10-22 16:13:16.879  2479  2548 D ScanRecord: Not a Multi Manu data
10-22 16:13:16.947  1725  1833 I BatteryMgr:DataCollectionService: stats => 1697983996947,189,4260,158,0,100
10-22 16:13:17.057  1725  1833 I BatteryMgr:DataCollectionService: stats => 1697983997057,189,4260,158,0,100
10-22 16:13:17.169  1725  1833 I BatteryMgr:DataCollectionService: stats => 1697983997169,189,4260,158,0,100
10-22 16:13:17.202  3957  4128 D WifiService: getConnectionInfo uid=1000
10-22 16:13:17.220  3957  6478 D SSRM:k  : SIOP:: AP = 380, PST = 373 (W:14), BAT = 315, USB = 0, CHG = 0
10-22 16:13:17.235  3957  6478 D TelephonyManager: getAllCellInfo : Caller (PID / UID / TID): 3957 / 1000 / 6478
10-22 16:13:17.268  3957  6478 D WifiService: getConnectionInfo uid=1000
10-22 16:13:17.276  1725  1833 I BatteryMgr:DataCollectionService: stats => 1697983997276,189,4260,158,0,100
10-22 16:13:17.297 23612  1854 E memtrack: Couldn't load memtrack module
10-22 16:13:17.297 23612  1854 W android.os.Debug: failed to get memory consumption info: -1
10-22 16:13:17.382  1725  1833 I BatteryMgr:DataCollectionService: stats => 1697983997382,189,4260,158,0,100
10-22 16:13:17.490  1725  1833 I BatteryMgr:DataCollectionService: stats => 1697983997490,189,4260,158,0,100
10-22 16:13:17.600  1725  1833 I BatteryMgr:DataCollectionService: stats => 1697983997599,189,4260,158,0,100
10-22 16:13:17.707  1725  1833 I BatteryMgr:DataCollectionService: stats => 1697983997706,189,4260,158,0,100
10-22 16:13:17.712  3957  4129 D WifiStateMachine:  ConnectedState !RSSI_PKTCNT_FETCH uid=1000 rt=590404296/1646379768 0 0 "ourhome" f4:6d:2f:12:cc:88 rssi=-44 f=5240 sc=60 link=433 tx=0.9, 0.0, 0.0  rx=1.6 bcn=481660 [on:0 tx:0 rx:0 period:1001] from screen [on:52291 period:391587] score=60
10-22 16:13:17.714  3957  4129 D WifiStateMachine:  L2ConnectedState !RSSI_PKTCNT_FETCH uid=1000 rt=590404298/1646379770 0 0 "ourhome" f4:6d:2f:12:cc:88 rssi=-44 f=5240 sc=60 link=433 tx=0.9, 0.0, 0.0  rx=1.6 bcn=481660 [on:0 tx:0 rx:0 period:2] from screen [on:52291 period:391589] score=60
10-22 16:13:17.719  3957  4129 D WifiStateMachine: fetchRssiLinkSpeedAndFrequencyNative rssi=-44 linkspeed=433 freq=5240
10-22 16:13:17.720  3957  4129 V WifiConfigManager: Updating scan detail cache freq=5240 BSSID=f4:6d:2f:12:cc:88 RSSI=-43 for "ourhome"WPA_PSK
10-22 16:13:17.814  1725  1833 I BatteryMgr:DataCollectionService: stats => 1697983997814,189,4260,158,0,100
10-22 16:13:17.925  1725  1833 I BatteryMgr:DataCollectionService: stats => 1697983997924,189,4260,158,0,100
10-22 16:13:18.033  1725  1833 I BatteryMgr:DataCollectionService: stats => 1697983998033,189,4260,158,0,100
10-22 16:13:18.143  1725  1833 I BatteryMgr:DataCollectionService: stats => 1697983998143,189,4260,158,0,100
10-22 16:13:18.204  3957  4128 D WifiService: getConnectionInfo uid=1000
10-22 16:13:18.240  4961  4961 D io_stats: !@ 179,0 r 9297003 302991628 w 2081687 40913944 d 166298 36584056 f 630101 654925 iot 4272636 3691682 th 51200 0 0 pt 0 inp 0 0 590404.824
10-22 16:13:18.251  1725  1833 I BatteryMgr:DataCollectionService: stats => 1697983998251,189,4260,158,0,100
10-22 16:13:18.362  1725  1833 I BatteryMgr:DataCollectionService: stats => 1697983998362,189,4260,158,0,100
10-22 16:13:18.470  1725  1833 I BatteryMgr:DataCollectionService: stats => 1697983998470,189,4260,158,0,100
10-22 16:13:18.580  1725  1833 I BatteryMgr:DataCollectionService: stats => 1697983998580,189,4260,158,0,100
10-22 16:13:18.688  1725  1833 I BatteryMgr:DataCollectionService: stats => 1697983998688,189,4260,158,0,100
10-22 16:13:18.715  3957  4129 D WifiStateMachine:  ConnectedState !RSSI_PKTCNT_FETCH uid=1000 rt=590405296/1646380769 0 0 "ourhome" f4:6d:2f:12:cc:88 rssi=-44 f=5240 sc=60 link=433 tx=0.9, 0.0, 0.0  rx=1.6 bcn=481660 [on:0 tx:0 rx:0 period:1000] from screen [on:52291 period:392589] score=60
10-22 16:13:18.717  3957  4129 D WifiStateMachine:  L2ConnectedState !RSSI_PKTCNT_FETCH uid=1000 rt=590405300/1646380773 0 0 "ourhome" f4:6d:2f:12:cc:88 rssi=-44 f=5240 sc=60 link=433 tx=0.9, 0.0, 0.0  rx=1.6 bcn=481660 [on:0 tx:0 rx:0 period:3] from screen [on:52291 period:392592] score=60
10-22 16:13:18.725  3957  4129 D WifiStateMachine: fetchRssiLinkSpeedAndFrequencyNative rssi=-44 linkspeed=433 freq=5240
10-22 16:13:18.725  3957  4129 V WifiConfigManager: Updating scan detail cache freq=5240 BSSID=f4:6d:2f:12:cc:88 RSSI=-43 for "ourhome"WPA_PSK
10-22 16:13:18.797  1725  1833 I BatteryMgr:DataCollectionService: stats => 1697983998797,189,4260,158,0,100
10-22 16:13:18.907  1725  1833 I BatteryMgr:DataCollectionService: stats => 1697983998907,189,4260,158,0,100
10-22 16:13:18.938  3957  4129 D WifiStateMachine:  ConnectedState !CMD_RSSI_POLL rt=590405521/1646380993 112 0 "ourhome" f4:6d:2f:12:cc:88 rssi=-44 f=5240 sc=60 link=433 tx=0.9, 0.0, 0.0  rx=1.6 bcn=481660 [on:0 tx:0 rx:0 period:220] from screen [on:52291 period:392812] score=60
10-22 16:13:18.940  3957  4129 D WifiStateMachine:  L2ConnectedState !CMD_RSSI_POLL rt=590405524/1646380996 112 0 "ourhome" f4:6d:2f:12:cc:88 rssi=-44 f=5240 sc=60 link=433 tx=0.9, 0.0, 0.0  rx=1.6 bcn=481660 [on:0 tx:0 rx:0 period:3] from screen [on:52291 period:392815] score=60
10-22 16:13:18.941  3957  4129 D WifiStateMachine:  get link layer stats 3
10-22 16:13:18.941  3436  3436 I android.hardware.wifi@1.0-service: getLinkLayerStats
10-22 16:13:18.961  3957  4129 D WifiStateMachine: fetchRssiLinkSpeedAndFrequencyNative rssi=-44 linkspeed=433 freq=5240
10-22 16:13:18.962  3957  4129 V WifiConfigManager: Updating scan detail cache freq=5240 BSSID=f4:6d:2f:12:cc:88 RSSI=-43 for "ourhome"WPA_PSK
10-22 16:13:18.966  4340  4340 E SignalClusterView: setSlotFocusVisible : subId -2
10-22 16:13:18.967  4340  4340 E SignalClusterView: setSlotFocusVisible : subId -2
10-22 16:13:19.016  1725  1833 I BatteryMgr:DataCollectionService: stats => 1697983999016,189,4260,158,0,100
10-22 16:13:19.126  1725  1833 I BatteryMgr:DataCollectionService: stats => 1697983999126,189,4260,158,0,100
10-22 16:13:19.207  3957  4128 D WifiService: getConnectionInfo uid=1000
10-22 16:13:19.234  1725  1833 I BatteryMgr:DataCollectionService: stats => 1697983999233,189,4260,158,0,100
10-22 16:13:19.342  1725  1833 I BatteryMgr:DataCollectionService: stats => 1697983999341,189,4260,158,0,100
10-22 16:13:19.453  1725  1833 I BatteryMgr:DataCollectionService: stats => 1697983999453,189,4260,158,0,100
10-22 16:13:19.561  1725  1833 I BatteryMgr:DataCollectionService: stats => 1697983999561,189,4260,158,0,100
10-22 16:13:19.671  1725  1833 I BatteryMgr:DataCollectionService: stats => 1697983999671,189,4260,158,0,100
10-22 16:13:19.713  3957  4129 D WifiStateMachine:  ConnectedState !RSSI_PKTCNT_FETCH uid=1000 rt=590406298/1646381770 0 0 "ourhome" f4:6d:2f:12:cc:88 rssi=-44 f=5240 sc=60 link=433 tx=0.3, 0.0, 0.0  rx=0.6 bcn=481687 [on:0 tx:0 rx:0 period:749] from screen [on:52384 period:393588] score=60
10-22 16:13:19.715  3957  4129 D WifiStateMachine:  L2ConnectedState !RSSI_PKTCNT_FETCH uid=1000 rt=590406299/1646381772 0 0 "ourhome" f4:6d:2f:12:cc:88 rssi=-44 f=5240 sc=60 link=433 tx=0.3, 0.0, 0.0  rx=0.6 bcn=481687 [on:0 tx:0 rx:0 period:2] from screen [on:52384 period:393590] score=60
10-22 16:13:19.722  3957  4129 D WifiStateMachine: fetchRssiLinkSpeedAndFrequencyNative rssi=-45 linkspeed=433 freq=5240
10-22 16:13:19.722  3957  4129 V WifiConfigManager: Updating scan detail cache freq=5240 BSSID=f4:6d:2f:12:cc:88 RSSI=-44 for "ourhome"WPA_PSK
10-22 16:13:19.781  1725  1833 I BatteryMgr:DataCollectionService: stats => 1697983999781,189,4260,158,0,100
10-22 16:13:19.888  1725  1833 I BatteryMgr:DataCollectionService: stats => 1697983999888,189,4260,158,0,100
10-22 16:13:19.997  1725  1833 I BatteryMgr:DataCollectionService: stats => 1697983999997,189,4260,181,0,100
10-22 16:13:20.105  1725  1833 I BatteryMgr:DataCollectionService: stats => 1697984000105,189,4260,181,0,100
10-22 16:13:20.128  3957  3975 D WifiService: requestActivityInfo uid=1000
10-22 16:13:20.128  3957  3975 D WifiService: reportActivityInfo uid=1000
10-22 16:13:20.128  3957  3975 D WifiService: getSupportedFeatures uid=1000
10-22 16:13:20.128  3957  3975 D WifiAsyncChannel.WifiService: sendMessageSynchronously.send message=131135
10-22 16:13:20.129  3957  4129 D WifiStateMachine:  ConnectedState !CMD_GET_LINK_LAYER_STATS uid=1000 rt=590406714/1646382187 0 0
10-22 16:13:20.129  3957  4129 D WifiStateMachine:  L2ConnectedState !CMD_GET_LINK_LAYER_STATS uid=1000 rt=590406714/1646382187 0 0
10-22 16:13:20.129  3957  4129 D WifiStateMachine:  ConnectModeState !CMD_GET_LINK_LAYER_STATS uid=1000 rt=590406715/1646382187 0 0
10-22 16:13:20.129  3957  4129 D WifiStateMachine:  SupplicantStartedState !CMD_GET_LINK_LAYER_STATS uid=1000 rt=590406715/1646382187 0 0
10-22 16:13:20.130  3436  3436 I android.hardware.wifi@1.0-service: getLinkLayerStats
10-22 16:13:20.137  3957  3975 D WifiAsyncChannel.WifiService: sendMessageSynchronously.recv message=131135 sendingUid=1000
10-22 16:13:20.145  3957  3975 E BatteryStatsService: no controller energy info supplied
10-22 16:13:20.190  3957  3975 D BatteryStatsService: !@ mLastInfo WifiActivityEnergyInfo{ timestamp=1646286473 mStackState=3 mControllerTxTimeMs=39824 mControllerTxTimePerLevelMs=[] mControllerRxTimeMs=52779748 mControllerIdleTimeMs=88886 mControllerEnergyUsed=0 }
10-22 16:13:20.191  3957  3975 D BatteryStatsService: !@ latest WifiActivityEnergyInfo{ timestamp=1646382195 mStackState=3 mControllerTxTimeMs=39834 mControllerTxTimePerLevelMs=[] mControllerRxTimeMs=52792532 mControllerIdleTimeMs=88886 mControllerEnergyUsed=0 }
10-22 16:13:20.191  3957  3975 D BatteryStatsService: !@ delta timePeriodMs : 95722 txTimeMs : 10 rxTimeMs :12784 idleTimeMs : 0
10-22 16:13:20.195  3957  3975 D BatteryStatsImpl: !@ currentWifiRunningTimeMs : 676018 totalTimeMs : 12794 totalWifiRunningTimeMs :688812 batteryRealtimeMs :2616662
10-22 16:13:20.210  3957  4128 D WifiService: getConnectionInfo uid=1000
10-22 16:13:20.214  1725  1833 I BatteryMgr:DataCollectionService: stats => 1697984000214,189,4260,181,0,100
10-22 16:13:20.319  1725  1833 I BatteryMgr:DataCollectionService: stats => 1697984000319,189,4260,181,0,100
10-22 16:13:20.429  1725  1833 I BatteryMgr:DataCollectionService: stats => 1697984000428,189,4260,181,0,100
10-22 16:13:20.475  3957  7899 D BatteryService: !@BatteryListener : batteryPropertiesChanged!
10-22 16:13:20.539  1725  1833 I BatteryMgr:DataCollectionService: stats => 1697984000538,189,4260,181,0,100
10-22 16:13:20.647  1725  1833 I BatteryMgr:DataCollectionService: stats => 1697984000647,189,4260,181,0,100
10-22 16:13:20.714  3957  4129 D WifiStateMachine:  ConnectedState !RSSI_PKTCNT_FETCH uid=1000 rt=590407299/1646382771 0 0 "ourhome" f4:6d:2f:12:cc:88 rssi=-45 f=5240 sc=60 link=433 tx=0.2, 0.0, 0.0  rx=1.7 bcn=481698 [on:81 tx:0 rx:81 period:999] from screen [on:52465 period:394589] score=60
10-22 16:13:20.716  3957  4129 D WifiStateMachine:  L2ConnectedState !RSSI_PKTCNT_FETCH uid=1000 rt=590407300/1646382773 0 0 "ourhome" f4:6d:2f:12:cc:88 rssi=-45 f=5240 sc=60 link=433 tx=0.2, 0.0, 0.0  rx=1.7 bcn=481698 [on:0 tx:0 rx:0 period:2] from screen [on:52465 period:394591] score=60
10-22 16:13:20.718  3957  4129 D WifiStateMachine: fetchRssiLinkSpeedAndFrequencyNative rssi=-45 linkspeed=433 freq=5240
10-22 16:13:20.718  3957  4129 V WifiConfigManager: Updating scan detail cache freq=5240 BSSID=f4:6d:2f:12:cc:88 RSSI=-44 for "ourhome"WPA_PSK
10-22 16:13:20.755  1725  1833 I BatteryMgr:DataCollectionService: stats => 1697984000755,189,4260,181,0,100
10-22 16:13:20.865  1725  1833 I BatteryMgr:DataCollectionService: stats => 1697984000865,189,4260,181,0,100
10-22 16:13:20.895  3957  3980 W StorageManager: getStorageFullBytes DEFAULT_FULL_THRESHOLD_BYTES : 20971520, threadhold : 20971520
10-22 16:13:20.895  3957  3980 W StorageManager: getStorageLowBytes lowPercent : 5, lowBytes : 1260145254, maxLowBytes : 524288000
10-22 16:13:20.898  3957  3980 W DeviceStorageMonitorService: updateBroadcasts(/data) oldLevel:0, newLevel:0, seq:1
10-22 16:13:20.899  3957  3980 W DeviceStorageMonitorService: updateBroadcasts_filenode(/data) fn_oldLevel:0, fn_newLevel:0, seq:1
10-22 16:13:20.977  1725  1833 I BatteryMgr:DataCollectionService: stats => 1697984000977,189,4260,181,0,100
10-22 16:13:21.087  1725  1833 I BatteryMgr:DataCollectionService: stats => 1697984001087,189,4260,181,0,100
10-22 16:13:21.196  1725  1833 I BatteryMgr:DataCollectionService: stats => 1697984001196,189,4260,181,0,100
10-22 16:13:21.213  3957  4128 D WifiService: getConnectionInfo uid=1000
10-22 16:13:21.304  1725  1833 I BatteryMgr:DataCollectionService: stats => 1697984001304,189,4260,181,0,100
10-22 16:13:21.399  2479  2548 D ScanRecord: Not a Multi Manu data
10-22 16:13:21.399  2479  2548 I chatty  : uid=1002(bluetooth) BT Service Call identical 11 lines
10-22 16:13:21.399  2479  2548 D ScanRecord: Not a Multi Manu data
10-22 16:13:21.414  1725  1833 I BatteryMgr:DataCollectionService: stats => 1697984001414,189,4260,181,0,100
10-22 16:13:21.418  2479  2548 D ScanRecord: Not a Multi Manu data
10-22 16:13:21.501  2479  2548 I chatty  : uid=1002(bluetooth) BT Service Call identical 102 lines
10-22 16:13:21.501  2479  2548 D ScanRecord: Not a Multi Manu data
10-22 16:13:21.521  1725  1833 I BatteryMgr:DataCollectionService: stats => 1697984001521,189,4260,181,0,100
10-22 16:13:21.527  2479  2548 D ScanRecord: Not a Multi Manu data
10-22 16:13:21.630  2479  2548 I chatty  : uid=1002(bluetooth) BT Service Call identical 115 lines
10-22 16:13:21.630  2479  2548 D ScanRecord: Not a Multi Manu data
10-22 16:13:21.631  1725  1833 I BatteryMgr:DataCollectionService: stats => 1697984001631,189,4260,181,0,100
10-22 16:13:21.632  2479  2548 D ScanRecord: Not a Multi Manu data
10-22 16:13:21.716  2479  2548 I chatty  : uid=1002(bluetooth) BT Service Call identical 89 lines
10-22 16:13:21.716  2479  2548 D ScanRecord: Not a Multi Manu data
10-22 16:13:21.718  3957  4129 D WifiStateMachine:  ConnectedState !RSSI_PKTCNT_FETCH uid=1000 rt=590408301/1646383773 0 0 "ourhome" f4:6d:2f:12:cc:88 rssi=-45 f=5240 sc=60 link=433 tx=0.2, 0.0, 0.0  rx=1.7 bcn=481698 [on:0 tx:0 rx:0 period:1001] from screen [on:52465 period:395592] score=60
10-22 16:13:21.719  2479  2548 D ScanRecord: Not a Multi Manu data
10-22 16:13:21.719  2479  2548 I chatty  : uid=1002(bluetooth) BT Service Call identical 11 lines
10-22 16:13:21.719  2479  2548 D ScanRecord: Not a Multi Manu data
10-22 16:13:21.721  3957  4129 D WifiStateMachine:  L2ConnectedState !RSSI_PKTCNT_FETCH uid=1000 rt=590408304/1646383776 0 0 "ourhome" f4:6d:2f:12:cc:88 rssi=-45 f=5240 sc=60 link=433 tx=0.2, 0.0, 0.0  rx=1.7 bcn=481698 [on:0 tx:0 rx:0 period:3] from screen [on:52465 period:395595] score=60
10-22 16:13:21.722  3957  4129 D WifiStateMachine: fetchRssiLinkSpeedAndFrequencyNative rssi=-45 linkspeed=433 freq=5240
10-22 16:13:21.722  3957  4129 V WifiConfigManager: Updating scan detail cache freq=5240 BSSID=f4:6d:2f:12:cc:88 RSSI=-44 for "ourhome"WPA_PSK
10-22 16:13:21.723  2479  2548 D ScanRecord: Not a Multi Manu data
10-22 16:13:21.738  2479  2548 I chatty  : uid=1002(bluetooth) BT Service Call identical 50 lines
10-22 16:13:21.739  2479  2548 D ScanRecord: Not a Multi Manu data
10-22 16:13:21.742  1725  1833 I BatteryMgr:DataCollectionService: stats => 1697984001742,189,4260,181,0,100
10-22 16:13:21.743  2479  2548 D ScanRecord: Not a Multi Manu data
10-22 16:13:21.848  2479  2548 I chatty  : uid=1002(bluetooth) BT Service Call identical 167 lines
10-22 16:13:21.848  2479  2548 D ScanRecord: Not a Multi Manu data
10-22 16:13:21.849  1725  1833 I BatteryMgr:DataCollectionService: stats => 1697984001849,189,4260,181,0,100
10-22 16:13:21.862  2479  2548 D ScanRecord: Not a Multi Manu data
10-22 16:13:21.862  2479  2548 I chatty  : uid=1002(bluetooth) BT Service Call identical 11 lines
10-22 16:13:21.862  2479  2548 D ScanRecord: Not a Multi Manu data
10-22 16:13:21.866  2479  2548 D ScanRecord: same manuId data exists, combine both data and store
10-22 16:13:21.867  2479  2548 D ScanRecord: It's a Multi Manu data
10-22 16:13:21.867  2479  2548 I chatty  : uid=1002(bluetooth) BT Service Call identical 9 lines
10-22 16:13:21.867  2479  2548 D ScanRecord: It's a Multi Manu data
10-22 16:13:21.867  2479  2548 D ScanRecord: same manuId data exists, combine both data and store
10-22 16:13:21.867  2479  2548 D ScanRecord: same manuId data exists, combine both data and store
10-22 16:13:21.867  2479  2548 D ScanRecord: It's a Multi Manu data
10-22 16:13:21.867  2479  2548 D ScanFilter: manu data matches
10-22 16:13:21.867  2479  2548 D BtGatt.GattService: onScanResult to scannerId: 6- event_type=0x1b, address_type=1, address=59:4, primary_phy=1, secondary_phy=0, advertising_sid=0xff, tx_power=127, rssi=-68, periodic_adv_int=0x0
10-22 16:13:21.867 23612 28242 D ScanRecord: same manuId data exists, combine both data and store
10-22 16:13:21.870  2479  2548 D ScanRecord: Not a Multi Manu data
10-22 16:13:21.872  2479  2548 I chatty  : uid=1002(bluetooth) BT Service Call identical 11 lines
10-22 16:13:21.872  2479  2548 D ScanRecord: Not a Multi Manu data
10-22 16:13:21.957  1725  1833 I BatteryMgr:DataCollectionService: stats => 1697984001957,189,4260,181,0,100
10-22 16:13:21.966  3957  4129 D WifiStateMachine:  ConnectedState !CMD_RSSI_POLL rt=590408548/1646384021 112 0 "ourhome" f4:6d:2f:12:cc:88 rssi=-45 f=5240 sc=60 link=433 tx=0.2, 0.0, 0.0  rx=1.7 bcn=481698 [on:0 tx:0 rx:0 period:246] from screen [on:52465 period:395841] score=60
10-22 16:13:21.971  3957  4129 D WifiStateMachine:  L2ConnectedState !CMD_RSSI_POLL rt=590408552/1646384024 112 0 "ourhome" f4:6d:2f:12:cc:88 rssi=-45 f=5240 sc=60 link=433 tx=0.2, 0.0, 0.0  rx=1.7 bcn=481698 [on:0 tx:0 rx:0 period:4] from screen [on:52465 period:395845] score=60
10-22 16:13:21.971  3957  4129 D WifiStateMachine:  get link layer stats 3
10-22 16:13:21.972  3436  3436 I android.hardware.wifi@1.0-service: getLinkLayerStats
10-22 16:13:21.982  3957  4129 D WifiStateMachine: fetchRssiLinkSpeedAndFrequencyNative rssi=-45 linkspeed=433 freq=5240
10-22 16:13:21.982  3957  4129 V WifiConfigManager: Updating scan detail cache freq=5240 BSSID=f4:6d:2f:12:cc:88 RSSI=-44 for "ourhome"WPA_PSK
10-22 16:13:21.986  4340  4340 E SignalClusterView: setSlotFocusVisible : subId -2
10-22 16:13:21.986  4340  4340 E SignalClusterView: setSlotFocusVisible : subId -2
10-22 16:13:22.067  1725  1833 I BatteryMgr:DataCollectionService: stats => 1697984002066,189,4260,181,0,100
10-22 16:13:22.178  1725  1833 I BatteryMgr:DataCollectionService: stats => 1697984002177,189,4260,181,0,100
10-22 16:13:22.216  3957  4128 D WifiService: getConnectionInfo uid=1000
10-22 16:13:22.283  1725  1833 I BatteryMgr:DataCollectionService: stats => 1697984002283,189,4260,181,0,100
10-22 16:13:22.366  3957  4030 D SensorService: [SO] 0.249 -0.153 9.946
10-22 16:13:22.394  1725  1833 I BatteryMgr:DataCollectionService: stats => 1697984002394,189,4260,181,0,100
10-22 16:13:22.503  1725  1833 I BatteryMgr:DataCollectionService: stats => 1697984002503,189,4260,181,0,100
10-22 16:13:22.613  1725  1833 I BatteryMgr:DataCollectionService: stats => 1697984002613,189,4260,181,0,100
10-22 16:13:22.720  3957  4129 D WifiStateMachine:  ConnectedState !RSSI_PKTCNT_FETCH uid=1000 rt=590409302/1646384775 0 0 "ourhome" f4:6d:2f:12:cc:88 rssi=-45 f=5240 sc=60 link=433 tx=0.1, 0.0, 0.0  rx=0.9 bcn=481714 [on:0 tx:0 rx:0 period:735] from screen [on:52518 period:396595] score=60
10-22 16:13:22.723  1725  1833 I BatteryMgr:DataCollectionService: stats => 1697984002722,189,4260,181,0,100
10-22 16:13:22.724  3957  4129 D WifiStateMachine:  L2ConnectedState !RSSI_PKTCNT_FETCH uid=1000 rt=590409306/1646384778 0 0 "ourhome" f4:6d:2f:12:cc:88 rssi=-45 f=5240 sc=60 link=433 tx=0.1, 0.0, 0.0  rx=0.9 bcn=481714 [on:0 tx:0 rx:0 period:3] from screen [on:52518 period:396598] score=60
10-22 16:13:22.732  3957  4129 D WifiStateMachine: fetchRssiLinkSpeedAndFrequencyNative rssi=-44 linkspeed=433 freq=5240
10-22 16:13:22.732  3957  4129 V WifiConfigManager: Updating scan detail cache freq=5240 BSSID=f4:6d:2f:12:cc:88 RSSI=-44 for "ourhome"WPA_PSK
10-22 16:13:22.839  1725  1833 I BatteryMgr:DataCollectionService: stats => 1697984002838,189,4260,181,0,100
10-22 16:13:22.948  1725  1833 I BatteryMgr:DataCollectionService: stats => 1697984002947,189,4260,181,0,100
10-22 16:13:23.061  1725  1833 I BatteryMgr:DataCollectionService: stats => 1697984003061,189,4260,181,0,100
10-22 16:13:23.178  1725  1833 I BatteryMgr:DataCollectionService: stats => 1697984003178,189,4260,181,0,100
10-22 16:13:23.220  3957  4128 D WifiService: getConnectionInfo uid=1000
10-22 16:13:23.243  4961  4961 D io_stats: !@ 179,0 r 9297042 302992888 w 2081703 40914280 d 166300 36584128 f 630103 654927 iot 4272672 3691708 th 51200 0 0 pt 0 inp 0 0 590409.828
10-22 16:13:23.286  1725  1833 I BatteryMgr:DataCollectionService: stats => 1697984003285,189,4260,181,0,100
10-22 16:13:23.393  1725  1833 I BatteryMgr:DataCollectionService: stats => 1697984003393,189,4260,181,0,100
10-22 16:13:23.501  1725  1833 I BatteryMgr:DataCollectionService: stats => 1697984003501,189,4260,181,0,100
10-22 16:13:23.609  1725  1833 I BatteryMgr:DataCollectionService: stats => 1697984003609,189,4260,181,0,100
10-22 16:13:23.718  1725  1833 I BatteryMgr:DataCollectionService: stats => 1697984003717,189,4260,181,0,100
10-22 16:13:23.720  3957  4129 D WifiStateMachine:  ConnectedState !RSSI_PKTCNT_FETCH uid=1000 rt=590410304/1646385777 0 0 "ourhome" f4:6d:2f:12:cc:88 rssi=-44 f=5240 sc=60 link=433 tx=0.1, 0.0, 0.0  rx=0.9 bcn=481714 [on:0 tx:0 rx:0 period:997] from screen [on:52518 period:397595] score=60
10-22 16:13:23.724  3957  4129 D WifiStateMachine:  L2ConnectedState !RSSI_PKTCNT_FETCH uid=1000 rt=590410306/1646385779 0 0 "ourhome" f4:6d:2f:12:cc:88 rssi=-44 f=5240 sc=60 link=433 tx=0.1, 0.0, 0.0  rx=0.9 bcn=481714 [on:0 tx:0 rx:0 period:3] from screen [on:52518 period:397598] score=60
10-22 16:13:23.729  3957  4129 D WifiStateMachine: fetchRssiLinkSpeedAndFrequencyNative rssi=-44 linkspeed=433 freq=5240
10-22 16:13:23.729  3957  4129 V WifiConfigManager: Updating scan detail cache freq=5240 BSSID=f4:6d:2f:12:cc:88 RSSI=-44 for "ourhome"WPA_PSK
10-22 16:13:23.824  1725  1833 I BatteryMgr:DataCollectionService: stats => 1697984003824,189,4260,181,0,100
10-22 16:13:23.934  1725  1833 I BatteryMgr:DataCollectionService: stats => 1697984003934,189,4260,181,0,100
10-22 16:13:24.044  1725  1833 I BatteryMgr:DataCollectionService: stats => 1697984004043,189,4260,181,0,100
10-22 16:13:24.155  1725  1833 I BatteryMgr:DataCollectionService: stats => 1697984004155,189,4260,181,0,100
10-22 16:13:24.223  3957  4128 D WifiService: getConnectionInfo uid=1000
10-22 16:13:24.261  1725  1833 I BatteryMgr:DataCollectionService: stats => 1697984004261,189,4260,181,0,100
10-22 16:13:24.372  1725  1833 I BatteryMgr:DataCollectionService: stats => 1697984004372,189,4260,181,0,100
10-22 16:13:24.482  1725  1833 I BatteryMgr:DataCollectionService: stats => 1697984004481,189,4260,181,0,100
10-22 16:13:24.590  1725  1833 I BatteryMgr:DataCollectionService: stats => 1697984004590,189,4260,181,0,100
10-22 16:13:24.702  1725  1833 I BatteryMgr:DataCollectionService: stats => 1697984004702,189,4260,181,0,100
10-22 16:13:24.725  3957  4129 D WifiStateMachine:  ConnectedState !RSSI_PKTCNT_FETCH uid=1000 rt=590411306/1646386778 0 0 "ourhome" f4:6d:2f:12:cc:88 rssi=-44 f=5240 sc=60 link=433 tx=0.1, 0.0, 0.0  rx=0.9 bcn=481714 [on:0 tx:0 rx:0 period:1001] from screen [on:52518 period:398599] score=60
10-22 16:13:24.727  3957  4129 D WifiStateMachine:  L2ConnectedState !RSSI_PKTCNT_FETCH uid=1000 rt=590411311/1646386783 0 0 "ourhome" f4:6d:2f:12:cc:88 rssi=-44 f=5240 sc=60 link=433 tx=0.1, 0.0, 0.0  rx=0.9 bcn=481714 [on:0 tx:0 rx:0 period:3] from screen [on:52518 period:398602] score=60
10-22 16:13:24.734  3957  4129 D WifiStateMachine: fetchRssiLinkSpeedAndFrequencyNative rssi=-43 linkspeed=433 freq=5240
10-22 16:13:24.734  3957  4129 V WifiConfigManager: Updating scan detail cache freq=5240 BSSID=f4:6d:2f:12:cc:88 RSSI=-43 for "ourhome"WPA_PSK
10-22 16:13:24.809  1725  1833 I BatteryMgr:DataCollectionService: stats => 1697984004809,189,4260,181,0,100
10-22 16:13:24.917  1725  1833 I BatteryMgr:DataCollectionService: stats => 1697984004917,189,4260,181,0,100
10-22 16:13:24.989  3957  4129 D WifiStateMachine:  ConnectedState !CMD_RSSI_POLL rt=590411569/1646387042 112 0 "ourhome" f4:6d:2f:12:cc:88 rssi=-43 f=5240 sc=60 link=433 tx=0.1, 0.0, 0.0  rx=0.9 bcn=481714 [on:0 tx:0 rx:0 period:262] from screen [on:52518 period:398864] score=60
10-22 16:13:24.993  3957  4129 D WifiStateMachine:  L2ConnectedState !CMD_RSSI_POLL rt=590411575/1646387048 112 0 "ourhome" f4:6d:2f:12:cc:88 rssi=-43 f=5240 sc=60 link=433 tx=0.1, 0.0, 0.0  rx=0.9 bcn=481714 [on:0 tx:0 rx:0 period:3] from screen [on:52518 period:398867] score=60
10-22 16:13:24.993  3957  4129 D WifiStateMachine:  get link layer stats 3
10-22 16:13:24.994  3436  3436 I android.hardware.wifi@1.0-service: getLinkLayerStats
10-22 16:13:25.016  3957  4129 D WifiStateMachine: fetchRssiLinkSpeedAndFrequencyNative rssi=-44 linkspeed=433 freq=5240
10-22 16:13:25.016  3957  4129 V WifiConfigManager: Updating scan detail cache freq=5240 BSSID=f4:6d:2f:12:cc:88 RSSI=-43 for "ourhome"WPA_PSK
10-22 16:13:25.028  4340  4340 E SignalClusterView: setSlotFocusVisible : subId -2
10-22 16:13:25.028  4340  4340 E SignalClusterView: setSlotFocusVisible : subId -2
10-22 16:13:25.040  1725  1833 I BatteryMgr:DataCollectionService: stats => 1697984005040,189,4260,181,0,100
10-22 16:13:25.151  1725  1833 I BatteryMgr:DataCollectionService: stats => 1697984005151,189,4260,181,0,100
10-22 16:13:25.226  3957  4128 D WifiService: getConnectionInfo uid=1000
10-22 16:13:25.259  1725  1833 I BatteryMgr:DataCollectionService: stats => 1697984005259,189,4260,181,0,100
10-22 16:13:25.369  1725  1833 I BatteryMgr:DataCollectionService: stats => 1697984005369,189,4260,181,0,100
10-22 16:13:25.475  1725  1833 I BatteryMgr:DataCollectionService: stats => 1697984005475,189,4260,181,0,100
10-22 16:13:25.585  1725  1833 I BatteryMgr:DataCollectionService: stats => 1697984005585,189,4260,181,0,100
10-22 16:13:25.694  1725  1833 I BatteryMgr:DataCollectionService: stats => 1697984005693,189,4260,181,0,100
10-22 16:13:25.724  3957  4129 D WifiStateMachine:  ConnectedState !RSSI_PKTCNT_FETCH uid=1000 rt=590412307/1646387780 0 0 "ourhome" f4:6d:2f:12:cc:88 rssi=-44 f=5240 sc=60 link=433 tx=0.0, 0.0, 0.0  rx=2.9 bcn=481738 [on:0 tx:0 rx:0 period:690] from screen [on:52806 period:399598] score=60
10-22 16:13:25.727  3957  4129 D WifiStateMachine:  L2ConnectedState !RSSI_PKTCNT_FETCH uid=1000 rt=590412309/1646387782 0 0 "ourhome" f4:6d:2f:12:cc:88 rssi=-44 f=5240 sc=60 link=433 tx=0.0, 0.0, 0.0  rx=2.9 bcn=481738 [on:0 tx:0 rx:0 period:4] from screen [on:52806 period:399602] score=60
10-22 16:13:25.729  3957  4129 D WifiStateMachine: fetchRssiLinkSpeedAndFrequencyNative rssi=-48 linkspeed=433 freq=5240
10-22 16:13:25.729  3957  4129 V WifiConfigManager: Updating scan detail cache freq=5240 BSSID=f4:6d:2f:12:cc:88 RSSI=-45 for "ourhome"WPA_PSK
10-22 16:13:25.807  1725  1833 I BatteryMgr:DataCollectionService: stats => 1697984005807,189,4260,181,0,100
10-22 16:13:25.916  1725  1833 I BatteryMgr:DataCollectionService: stats => 1697984005916,189,4260,181,0,100
10-22 16:13:26.024  1725  1833 I BatteryMgr:DataCollectionService: stats => 1697984006024,189,4260,181,0,100
10-22 16:13:26.136  1725  1833 I BatteryMgr:DataCollectionService: stats => 1697984006136,189,4260,181,0,100
10-22 16:13:26.229  3957  4128 D WifiService: getConnectionInfo uid=1000
10-22 16:13:26.245  1725  1833 I BatteryMgr:DataCollectionService: stats => 1697984006245,189,4260,181,0,100
10-22 16:13:26.355  1725  1833 I BatteryMgr:DataCollectionService: stats => 1697984006355,189,4260,181,0,100
10-22 16:13:26.404  2479  2548 D ScanRecord: Not a Multi Manu data
10-22 16:13:26.459  2479  2548 I chatty  : uid=1002(bluetooth) BT Service Call identical 50 lines
10-22 16:13:26.459  2479  2548 D ScanRecord: Not a Multi Manu data
10-22 16:13:26.463  1725  1833 I BatteryMgr:DataCollectionService: stats => 1697984006463,189,4260,181,0,100
10-22 16:13:26.508  2479  2548 D ScanRecord: Not a Multi Manu data
10-22 16:13:26.509  2479  2548 I chatty  : uid=1002(bluetooth) BT Service Call identical 11 lines
10-22 16:13:26.509  2479  2548 D ScanRecord: Not a Multi Manu data
10-22 16:13:26.524  2479  2548 D ScanRecord: same manuId data exists, combine both data and store
10-22 16:13:26.524  2479  2548 D ScanRecord: It's a Multi Manu data
10-22 16:13:26.525  2479  2548 I chatty  : uid=1002(bluetooth) BT Service Call identical 9 lines
10-22 16:13:26.525  2479  2548 D ScanRecord: It's a Multi Manu data
10-22 16:13:26.525  2479  2548 D ScanRecord: same manuId data exists, combine both data and store
10-22 16:13:26.525  2479  2548 D ScanRecord: same manuId data exists, combine both data and store
10-22 16:13:26.525  2479  2548 D ScanRecord: It's a Multi Manu data
10-22 16:13:26.525  2479  2548 D ScanFilter: manu data matches
10-22 16:13:26.525  2479  2548 D BtGatt.GattService: onScanResult to scannerId: 6- event_type=0x1b, address_type=1, address=59:4, primary_phy=1, secondary_phy=0, advertising_sid=0xff, tx_power=127, rssi=-71, periodic_adv_int=0x0
10-22 16:13:26.526 23612 28242 D ScanRecord: same manuId data exists, combine both data and store
10-22 16:13:26.533  2479  2548 D ScanRecord: Not a Multi Manu data
10-22 16:13:26.574  2479  2548 I chatty  : uid=1002(bluetooth) BT Service Call identical 63 lines
10-22 16:13:26.574  2479  2548 D ScanRecord: Not a Multi Manu data
10-22 16:13:26.574  1725  1833 I BatteryMgr:DataCollectionService: stats => 1697984006574,189,4260,181,0,100
10-22 16:13:26.621  2479  2548 D ScanRecord: Not a Multi Manu data
10-22 16:13:26.660  2479  2548 I chatty  : uid=1002(bluetooth) BT Service Call identical 50 lines
10-22 16:13:26.661  2479  2548 D ScanRecord: Not a Multi Manu data
10-22 16:13:26.681  1725  1833 I BatteryMgr:DataCollectionService: stats => 1697984006681,189,4260,181,0,100
10-22 16:13:26.719  2479  2548 D ScanRecord: Not a Multi Manu data
10-22 16:13:26.720  2479  2548 I chatty  : uid=1002(bluetooth) BT Service Call identical 11 lines
10-22 16:13:26.721  2479  2548 D ScanRecord: Not a Multi Manu data
10-22 16:13:26.726  3957  4129 D WifiStateMachine:  ConnectedState !RSSI_PKTCNT_FETCH uid=1000 rt=590413308/1646388780 0 0 "ourhome" f4:6d:2f:12:cc:88 rssi=-48 f=5240 sc=60 link=433 tx=0.0, 0.0, 0.0  rx=2.9 bcn=481738 [on:0 tx:0 rx:0 period:998] from screen [on:52806 period:400600] score=60
10-22 16:13:26.727  3957  4129 D WifiStateMachine:  L2ConnectedState !RSSI_PKTCNT_FETCH uid=1000 rt=590413311/1646388784 0 0 "ourhome" f4:6d:2f:12:cc:88 rssi=-48 f=5240 sc=60 link=433 tx=0.0, 0.0, 0.0  rx=2.9 bcn=481738 [on:0 tx:0 rx:0 period:2] from screen [on:52806 period:400602] score=60
10-22 16:13:26.729  3957  4129 D WifiStateMachine: fetchRssiLinkSpeedAndFrequencyNative rssi=-45 linkspeed=433 freq=5240
10-22 16:13:26.729  3957  4129 V WifiConfigManager: Updating scan detail cache freq=5240 BSSID=f4:6d:2f:12:cc:88 RSSI=-45 for "ourhome"WPA_PSK
10-22 16:13:26.755  2479  2548 D ScanRecord: Not a Multi Manu data
10-22 16:13:26.780  2479  2548 I chatty  : uid=1002(bluetooth) BT Service Call identical 37 lines
10-22 16:13:26.780  2479  2548 D ScanRecord: Not a Multi Manu data
10-22 16:13:26.788  1725  1833 I BatteryMgr:DataCollectionService: stats => 1697984006788,189,4260,181,0,100
10-22 16:13:26.824  2479  2548 D ScanRecord: Not a Multi Manu data
10-22 16:13:26.868  2479  2548 I chatty  : uid=1002(bluetooth) BT Service Call identical 37 lines
10-22 16:13:26.868  2479  2548 D ScanRecord: Not a Multi Manu data
10-22 16:13:26.895  1725  1833 I BatteryMgr:DataCollectionService: stats => 1697984006895,189,4260,181,0,100
10-22 16:13:27.006  1725  1833 I BatteryMgr:DataCollectionService: stats => 1697984007006,189,4260,181,0,100
10-22 16:13:27.114  1725  1833 I BatteryMgr:DataCollectionService: stats => 1697984007114,189,4260,181,0,100
10-22 16:13:27.222  1725  1833 I BatteryMgr:DataCollectionService: stats => 1697984007222,189,4260,181,0,100
10-22 16:13:27.231  3957  4128 D WifiService: getConnectionInfo uid=1000
10-22 16:13:27.287  3957  6478 D SSRM:k  : SIOP:: AP = 380, PST = 375 (W:14), BAT = 315, USB = 0, CHG = 0
10-22 16:13:27.330  1725  1833 I BatteryMgr:DataCollectionService: stats => 1697984007330,189,4260,181,0,100
10-22 16:13:27.445  1725  1833 I BatteryMgr:DataCollectionService: stats => 1697984007445,189,4260,181,0,100
10-22 16:13:27.554  1725  1833 I BatteryMgr:DataCollectionService: stats => 1697984007554,189,4260,181,0,100
10-22 16:13:27.663  1725  1833 I BatteryMgr:DataCollectionService: stats => 1697984007663,189,4260,181,0,100
10-22 16:13:27.724  3957  4129 D WifiStateMachine:  ConnectedState !RSSI_PKTCNT_FETCH uid=1000 rt=590414308/1646389781 0 0 "ourhome" f4:6d:2f:12:cc:88 rssi=-45 f=5240 sc=60 link=433 tx=0.0, 0.0, 0.0  rx=2.9 bcn=481738 [on:0 tx:0 rx:0 period:997] from screen [on:52806 period:401599] score=60
10-22 16:13:27.727  3957  4129 D WifiStateMachine:  L2ConnectedState !RSSI_PKTCNT_FETCH uid=1000 rt=590414310/1646389783 0 0 "ourhome" f4:6d:2f:12:cc:88 rssi=-45 f=5240 sc=60 link=433 tx=0.0, 0.0, 0.0  rx=2.9 bcn=481738 [on:0 tx:0 rx:0 period:2] from screen [on:52806 period:401601] score=60
10-22 16:13:27.728  3957  4129 D WifiStateMachine: fetchRssiLinkSpeedAndFrequencyNative rssi=-44 linkspeed=433 freq=5240
10-22 16:13:27.729  3957  4129 V WifiConfigManager: Updating scan detail cache freq=5240 BSSID=f4:6d:2f:12:cc:88 RSSI=-44 for "ourhome"WPA_PSK
10-22 16:13:27.772  1725  1833 I BatteryMgr:DataCollectionService: stats => 1697984007772,189,4260,181,0,100
10-22 16:13:27.879  1725  1833 I BatteryMgr:DataCollectionService: stats => 1697984007879,189,4260,181,0,100
10-22 16:13:27.988  1725  1833 I BatteryMgr:DataCollectionService: stats => 1697984007988,189,4260,181,0,100
10-22 16:13:28.021  3957  4129 D WifiStateMachine:  ConnectedState !CMD_RSSI_POLL rt=590414604/1646390076 112 0 "ourhome" f4:6d:2f:12:cc:88 rssi=-44 f=5240 sc=60 link=433 tx=0.0, 0.0, 0.0  rx=2.9 bcn=481738 [on:0 tx:0 rx:0 period:295] from screen [on:52806 period:401896] score=60
10-22 16:13:28.023  3957  4129 D WifiStateMachine:  L2ConnectedState !CMD_RSSI_POLL rt=590414607/1646390080 112 0 "ourhome" f4:6d:2f:12:cc:88 rssi=-44 f=5240 sc=60 link=433 tx=0.0, 0.0, 0.0  rx=2.9 bcn=481738 [on:0 tx:0 rx:0 period:2] from screen [on:52806 period:401898] score=60
10-22 16:13:28.023  3957  4129 D WifiStateMachine:  get link layer stats 3
10-22 16:13:28.024  3436  3436 I android.hardware.wifi@1.0-service: getLinkLayerStats
10-22 16:13:28.036  3957  4129 D WifiStateMachine: fetchRssiLinkSpeedAndFrequencyNative rssi=-44 linkspeed=433 freq=5240
10-22 16:13:28.037  3957  4129 V WifiConfigManager: Updating scan detail cache freq=5240 BSSID=f4:6d:2f:12:cc:88 RSSI=-44 for "ourhome"WPA_PSK
10-22 16:13:28.048  4340  4340 E SignalClusterView: setSlotFocusVisible : subId -2
10-22 16:13:28.048  4340  4340 E SignalClusterView: setSlotFocusVisible : subId -2
10-22 16:13:28.096  1725  1833 I BatteryMgr:DataCollectionService: stats => 1697984008096,189,4260,181,0,100
