10-22 15:51:18.171  3957  4129 D WifiStateMachine:  L2ConnectedState !CMD_RSSI_POLL rt=589084754/1645060226 110 0 "ourhome" f4:6d:2f:12:cc:88 rssi=-45 f=5240 sc=60 link=433 tx=1.5, 0.0, 0.0  rx=9.4 bcn=469430 [on:0 tx:0 rx:0 period:3] from screen [on:86826 period:670986] score=60
10-22 15:51:18.171  3957  4129 D WifiStateMachine:  get link layer stats 3
10-22 15:51:18.172  3436  3436 I android.hardware.wifi@1.0-service: getLinkLayerStats
10-22 15:51:18.190  3957  4129 D WifiStateMachine: fetchRssiLinkSpeedAndFrequencyNative rssi=-45 linkspeed=433 freq=5240
10-22 15:51:18.192  3957  4129 V WifiConfigManager: Updating scan detail cache freq=5240 BSSID=f4:6d:2f:12:cc:88 RSSI=-44 for "ourhome"WPA_PSK
10-22 15:51:18.197  4340  4340 E SignalClusterView: setSlotFocusVisible : subId -2
10-22 15:51:18.197  4340  4340 E SignalClusterView: setSlotFocusVisible : subId -2
10-22 15:51:18.275 30976 31234 I BatteryMgr:DataCollectionService: stats => 1697982678275,203,4260,146,0,100
10-22 15:51:18.330 31020 31222 I SessionStorage/AutoSave: Save: Periodic
10-22 15:51:18.384 30976 31234 I BatteryMgr:DataCollectionService: stats => 1697982678384,203,4260,146,0,100
10-22 15:51:18.497 30976 31234 I BatteryMgr:DataCollectionService: stats => 1697982678497,203,4260,146,0,100
10-22 15:51:18.605 30976 31234 I BatteryMgr:DataCollectionService: stats => 1697982678605,203,4260,146,0,100
10-22 15:51:18.717 30976 31234 I BatteryMgr:DataCollectionService: stats => 1697982678717,203,4260,146,0,100
10-22 15:51:18.827 30976 31234 I BatteryMgr:DataCollectionService: stats => 1697982678827,203,4260,146,0,100
10-22 15:51:18.936 30976 31234 I BatteryMgr:DataCollectionService: stats => 1697982678936,203,4260,146,0,100
10-22 15:51:19.002  3957  4128 D WifiService: getConnectionInfo uid=1000
10-22 15:51:19.048 30976 31234 I BatteryMgr:DataCollectionService: stats => 1697982679048,203,4260,146,0,100
10-22 15:51:19.140  3957  4129 D WifiStateMachine:  ConnectedState !RSSI_PKTCNT_FETCH uid=1000 rt=589085724/1645061197 0 0 "ourhome" f4:6d:2f:12:cc:88 rssi=-45 f=5240 sc=60 link=433 tx=0.5, 0.0, 0.0  rx=6.0 bcn=469460 [on:0 tx:0 rx:0 period:944] from screen [on:87068 period:671955] score=60
10-22 15:51:19.144  3957  4129 D WifiStateMachine:  L2ConnectedState !RSSI_PKTCNT_FETCH uid=1000 rt=589085726/1645061199 0 0 "ourhome" f4:6d:2f:12:cc:88 rssi=-45 f=5240 sc=60 link=433 tx=0.5, 0.0, 0.0  rx=6.0 bcn=469460 [on:0 tx:0 rx:0 period:4] from screen [on:87068 period:671959] score=60
10-22 15:51:19.151  3957  4129 D WifiStateMachine: fetchRssiLinkSpeedAndFrequencyNative rssi=-45 linkspeed=433 freq=5240
10-22 15:51:19.151  3957  4129 V WifiConfigManager: Updating scan detail cache freq=5240 BSSID=f4:6d:2f:12:cc:88 RSSI=-44 for "ourhome"WPA_PSK
10-22 15:51:19.159 30976 31234 I BatteryMgr:DataCollectionService: stats => 1697982679159,203,4260,146,0,100
10-22 15:51:19.271 30976 31234 I BatteryMgr:DataCollectionService: stats => 1697982679271,203,4260,146,0,100
10-22 15:51:19.381 30976 31234 I BatteryMgr:DataCollectionService: stats => 1697982679380,203,4260,146,0,100
10-22 15:51:19.462  3957  6478 D SSRM:k  : SIOP:: AP = 380, PST = 350 (W:12), BAT = 315, USB = 0, CHG = 0
10-22 15:51:19.488 30976 31234 I BatteryMgr:DataCollectionService: stats => 1697982679487,203,4260,146,0,100
10-22 15:51:19.599 30976 31234 I BatteryMgr:DataCollectionService: stats => 1697982679599,203,4260,146,0,100
10-22 15:51:19.711 30976 31234 I BatteryMgr:DataCollectionService: stats => 1697982679711,203,4260,146,0,100
10-22 15:51:19.825 30976 31234 I BatteryMgr:DataCollectionService: stats => 1697982679825,203,4260,146,0,100
10-22 15:51:19.937 30976 31234 I BatteryMgr:DataCollectionService: stats => 1697982679937,203,4260,146,0,100
10-22 15:51:20.005  3957  4128 D WifiService: getConnectionInfo uid=1000
10-22 15:51:20.048 30976 31234 I BatteryMgr:DataCollectionService: stats => 1697982680047,203,4260,146,0,100
10-22 15:51:20.143  3957  4129 D WifiStateMachine:  ConnectedState !RSSI_PKTCNT_FETCH uid=1000 rt=589086727/1645062199 0 0 "ourhome" f4:6d:2f:12:cc:88 rssi=-45 f=5240 sc=60 link=433 tx=0.5, 0.0, 0.0  rx=6.0 bcn=469460 [on:0 tx:0 rx:0 period:999] from screen [on:87068 period:672958] score=60
10-22 15:51:20.145  3957  4129 D WifiStateMachine:  L2ConnectedState !RSSI_PKTCNT_FETCH uid=1000 rt=589086729/1645062202 0 0 "ourhome" f4:6d:2f:12:cc:88 rssi=-45 f=5240 sc=60 link=433 tx=0.5, 0.0, 0.0  rx=6.0 bcn=469460 [on:0 tx:0 rx:0 period:2] from screen [on:87068 period:672960] score=60
10-22 15:51:20.152  3957  4129 D WifiStateMachine: fetchRssiLinkSpeedAndFrequencyNative rssi=-45 linkspeed=433 freq=5240
10-22 15:51:20.152  3957  4129 V WifiConfigManager: Updating scan detail cache freq=5240 BSSID=f4:6d:2f:12:cc:88 RSSI=-44 for "ourhome"WPA_PSK
10-22 15:51:20.157 30976 31234 I BatteryMgr:DataCollectionService: stats => 1697982680157,203,4260,146,0,100
10-22 15:51:20.241  3957  3980 W StorageManager: getStorageFullBytes DEFAULT_FULL_THRESHOLD_BYTES : 20971520, threadhold : 20971520
10-22 15:51:20.242  3957  3980 W StorageManager: getStorageLowBytes lowPercent : 5, lowBytes : 1260145254, maxLowBytes : 524288000
10-22 15:51:20.251  3957  3980 W DeviceStorageMonitorService: updateBroadcasts(/data) oldLevel:0, newLevel:0, seq:1
10-22 15:51:20.252  3957  3980 W DeviceStorageMonitorService: updateBroadcasts_filenode(/data) fn_oldLevel:0, fn_newLevel:0, seq:1
10-22 15:51:20.265 30976 31234 I BatteryMgr:DataCollectionService: stats => 1697982680265,203,4260,146,0,100
10-22 15:51:20.374 30976 31234 I BatteryMgr:DataCollectionService: stats => 1697982680374,203,4260,146,0,100
10-22 15:51:20.483 30976 31234 I BatteryMgr:DataCollectionService: stats => 1697982680483,203,4260,146,0,100
10-22 15:51:20.593 30976 31234 I BatteryMgr:DataCollectionService: stats => 1697982680593,203,4260,146,0,100
10-22 15:51:20.704 30976 31234 I BatteryMgr:DataCollectionService: stats => 1697982680703,203,4260,146,0,100
10-22 15:51:20.814 30976 31234 I BatteryMgr:DataCollectionService: stats => 1697982680814,203,4260,146,0,100
10-22 15:51:20.866  2479  2548 D ScanRecord: Not a Multi Manu data
10-22 15:51:20.911  2479  2548 I chatty  : uid=1002(bluetooth) BT Service Call identical 76 lines
10-22 15:51:20.911  2479  2548 D ScanRecord: Not a Multi Manu data
10-22 15:51:20.922 30976 31234 I BatteryMgr:DataCollectionService: stats => 1697982680922,203,4260,146,0,100
10-22 15:51:20.933  2479  2548 D ScanRecord: Not a Multi Manu data
10-22 15:51:20.966  2479  2548 I chatty  : uid=1002(bluetooth) BT Service Call identical 50 lines
10-22 15:51:20.966  2479  2548 D ScanRecord: Not a Multi Manu data
10-22 15:51:20.971  2479  2548 D ScanRecord: same manuId data exists, combine both data and store
10-22 15:51:20.971  2479  2548 D ScanRecord: It's a Multi Manu data
10-22 15:51:20.972  2479  2548 I chatty  : uid=1002(bluetooth) BT Service Call identical 9 lines
10-22 15:51:20.972  2479  2548 D ScanRecord: It's a Multi Manu data
10-22 15:51:20.972  2479  2548 D ScanRecord: same manuId data exists, combine both data and store
10-22 15:51:20.972  2479  2548 D ScanRecord: same manuId data exists, combine both data and store
10-22 15:51:20.972  2479  2548 D ScanRecord: It's a Multi Manu data
10-22 15:51:20.972  2479  2548 D ScanFilter: manu data matches
10-22 15:51:20.972  2479  2548 D BtGatt.GattService: onScanResult to scannerId: 6- event_type=0x1b, address_type=1, address=95:B, primary_phy=1, secondary_phy=0, advertising_sid=0xff, tx_power=127, rssi=-68, periodic_adv_int=0x0
10-22 15:51:20.973 23612 23624 D ScanRecord: same manuId data exists, combine both data and store
10-22 15:51:20.975  2479  2548 D ScanRecord: Not a Multi Manu data
10-22 15:51:20.999  2479  2548 I chatty  : uid=1002(bluetooth) BT Service Call identical 50 lines
10-22 15:51:20.999  2479  2548 D ScanRecord: Not a Multi Manu data
10-22 15:51:21.007  3957  4128 D WifiService: getConnectionInfo uid=1000
10-22 15:51:21.032  2479  2548 D ScanRecord: Not a Multi Manu data
10-22 15:51:21.032  2479  2548 I chatty  : uid=1002(bluetooth) BT Service Call identical 11 lines
10-22 15:51:21.032  2479  2548 D ScanRecord: Not a Multi Manu data
10-22 15:51:21.033 30976 31234 I BatteryMgr:DataCollectionService: stats => 1697982681032,203,4260,146,0,100
10-22 15:51:21.045  2479  2548 D ScanRecord: Not a Multi Manu data
10-22 15:51:21.140  2479  2548 I chatty  : uid=1002(bluetooth) BT Service Call identical 141 lines
10-22 15:51:21.140  2479  2548 D ScanRecord: Not a Multi Manu data
10-22 15:51:21.142 30976 31234 I BatteryMgr:DataCollectionService: stats => 1697982681142,203,4260,146,0,100
10-22 15:51:21.144  3957  4129 D WifiStateMachine:  ConnectedState !RSSI_PKTCNT_FETCH uid=1000 rt=589087728/1645063201 0 0 "ourhome" f4:6d:2f:12:cc:88 rssi=-45 f=5240 sc=60 link=433 tx=0.5, 0.0, 0.0  rx=6.0 bcn=469460 [on:0 tx:0 rx:0 period:999] from screen [on:87068 period:673959] score=60
10-22 15:51:21.146  3957  4129 D WifiStateMachine:  L2ConnectedState !RSSI_PKTCNT_FETCH uid=1000 rt=589087730/1645063203 0 0 "ourhome" f4:6d:2f:12:cc:88 rssi=-45 f=5240 sc=60 link=433 tx=0.5, 0.0, 0.0  rx=6.0 bcn=469460 [on:0 tx:0 rx:0 period:2] from screen [on:87068 period:673961] score=60
10-22 15:51:21.147  2479  2548 D ScanRecord: Not a Multi Manu data
10-22 15:51:21.148  2479  2548 I chatty  : uid=1002(bluetooth) BT Service Call identical 11 lines
10-22 15:51:21.148  2479  2548 D ScanRecord: Not a Multi Manu data
10-22 15:51:21.148  3957  4129 D WifiStateMachine: fetchRssiLinkSpeedAndFrequencyNative rssi=-45 linkspeed=433 freq=5240
10-22 15:51:21.148  3957  4129 V WifiConfigManager: Updating scan detail cache freq=5240 BSSID=f4:6d:2f:12:cc:88 RSSI=-44 for "ourhome"WPA_PSK
10-22 15:51:21.153  2479  2548 D ScanRecord: Not a Multi Manu data
10-22 15:51:21.158  2479  2548 I chatty  : uid=1002(bluetooth) BT Service Call identical 24 lines
10-22 15:51:21.158  2479  2548 D ScanRecord: Not a Multi Manu data
10-22 15:51:21.162  2479  2548 D ScanRecord: same manuId data exists, combine both data and store
10-22 15:51:21.162  2479  2548 D ScanRecord: It's a Multi Manu data
10-22 15:51:21.162  2479  2548 I chatty  : uid=1002(bluetooth) BT Service Call identical 9 lines
10-22 15:51:21.162  2479  2548 D ScanRecord: It's a Multi Manu data
10-22 15:51:21.162  2479  2548 D ScanRecord: same manuId data exists, combine both data and store
10-22 15:51:21.162  2479  2548 D ScanRecord: same manuId data exists, combine both data and store
10-22 15:51:21.163  2479  2548 D ScanRecord: It's a Multi Manu data
10-22 15:51:21.163  2479  2548 D ScanFilter: manu data matches
10-22 15:51:21.163  2479  2548 D BtGatt.GattService: onScanResult to scannerId: 6- event_type=0x1b, address_type=1, address=95:B, primary_phy=1, secondary_phy=0, advertising_sid=0xff, tx_power=127, rssi=-67, periodic_adv_int=0x0
10-22 15:51:21.163 23612 23624 D ScanRecord: same manuId data exists, combine both data and store
10-22 15:51:21.167  2479  2548 D ScanRecord: Not a Multi Manu data
10-22 15:51:21.190  2479  2548 I chatty  : uid=1002(bluetooth) BT Service Call identical 63 lines
10-22 15:51:21.190  2479  2548 D ScanRecord: Not a Multi Manu data
10-22 15:51:21.195  3957  4129 D WifiStateMachine:  ConnectedState !CMD_RSSI_POLL rt=589087779/1645063252 110 0 "ourhome" f4:6d:2f:12:cc:88 rssi=-45 f=5240 sc=60 link=433 tx=0.5, 0.0, 0.0  rx=6.0 bcn=469460 [on:0 tx:0 rx:0 period:49] from screen [on:87068 period:674010] score=60
10-22 15:51:21.199  3957  4129 D WifiStateMachine:  L2ConnectedState !CMD_RSSI_POLL rt=589087781/1645063253 110 0 "ourhome" f4:6d:2f:12:cc:88 rssi=-45 f=5240 sc=60 link=433 tx=0.5, 0.0, 0.0  rx=6.0 bcn=469460 [on:0 tx:0 rx:0 period:3] from screen [on:87068 period:674013] score=60
10-22 15:51:21.199  3957  4129 D WifiStateMachine:  get link layer stats 3
10-22 15:51:21.200  3436  3436 I android.hardware.wifi@1.0-service: getLinkLayerStats
10-22 15:51:21.203  3957  4129 D WifiStateMachine: fetchRssiLinkSpeedAndFrequencyNative rssi=-45 linkspeed=433 freq=5240
10-22 15:51:21.203  3957  4129 V WifiConfigManager: Updating scan detail cache freq=5240 BSSID=f4:6d:2f:12:cc:88 RSSI=-44 for "ourhome"WPA_PSK
10-22 15:51:21.204  2479  2548 D ScanRecord: Not a Multi Manu data
10-22 15:51:21.204  2479  2548 I chatty  : uid=1002(bluetooth) BT Service Call identical 11 lines
10-22 15:51:21.204  2479  2548 D ScanRecord: Not a Multi Manu data
10-22 15:51:21.207  4340  4340 E SignalClusterView: setSlotFocusVisible : subId -2
10-22 15:51:21.208  4340  4340 E SignalClusterView: setSlotFocusVisible : subId -2
10-22 15:51:21.227  2479  2548 D ScanRecord: Not a Multi Manu data
10-22 15:51:21.250  2479  2548 I chatty  : uid=1002(bluetooth) BT Service Call identical 63 lines
10-22 15:51:21.250  2479  2548 D ScanRecord: Not a Multi Manu data
10-22 15:51:21.253 30976 31234 I BatteryMgr:DataCollectionService: stats => 1697982681253,203,4260,146,0,100
10-22 15:51:21.259  2479  2548 D ScanRecord: Not a Multi Manu data
10-22 15:51:21.323  2479  2548 I chatty  : uid=1002(bluetooth) BT Service Call identical 115 lines
10-22 15:51:21.323  2479  2548 D ScanRecord: Not a Multi Manu data
10-22 15:51:21.335  2479  2548 D ScanRecord: same manuId data exists, combine both data and store
10-22 15:51:21.335  2479  2548 D ScanRecord: It's a Multi Manu data
10-22 15:51:21.335  2479  2548 I chatty  : uid=1002(bluetooth) BT Service Call identical 9 lines
10-22 15:51:21.335  2479  2548 D ScanRecord: It's a Multi Manu data
10-22 15:51:21.335  2479  2548 D ScanRecord: same manuId data exists, combine both data and store
10-22 15:51:21.335  2479  2548 D ScanRecord: same manuId data exists, combine both data and store
10-22 15:51:21.335  2479  2548 D ScanRecord: It's a Multi Manu data
10-22 15:51:21.335  2479  2548 D ScanFilter: manu data matches
10-22 15:51:21.335  2479  2548 D BtGatt.GattService: onScanResult to scannerId: 6- event_type=0x1b, address_type=1, address=95:B, primary_phy=1, secondary_phy=0, advertising_sid=0xff, tx_power=127, rssi=-67, periodic_adv_int=0x0
10-22 15:51:21.336 23612 23624 D ScanRecord: same manuId data exists, combine both data and store
10-22 15:51:21.362 30976 31234 I BatteryMgr:DataCollectionService: stats => 1697982681362,203,4260,146,0,100
10-22 15:51:21.472 30976 31234 I BatteryMgr:DataCollectionService: stats => 1697982681472,203,4260,146,0,100
10-22 15:51:21.583 30976 31234 I BatteryMgr:DataCollectionService: stats => 1697982681583,203,4260,146,0,100
10-22 15:51:21.693 30976 31234 I BatteryMgr:DataCollectionService: stats => 1697982681693,203,4260,146,0,100
10-22 15:51:21.805 30976 31234 I BatteryMgr:DataCollectionService: stats => 1697982681804,203,4260,146,0,100
10-22 15:51:21.916 30976 31234 I BatteryMgr:DataCollectionService: stats => 1697982681916,203,4260,146,0,100
10-22 15:51:22.010  3957  4128 D WifiService: getConnectionInfo uid=1000
10-22 15:51:22.026 30976 31234 I BatteryMgr:DataCollectionService: stats => 1697982682026,203,4260,146,0,100
10-22 15:51:22.149  3957  4129 D WifiStateMachine:  ConnectedState !RSSI_PKTCNT_FETCH uid=1000 rt=589088730/1645064203 0 0 "ourhome" f4:6d:2f:12:cc:88 rssi=-45 f=5240 sc=60 link=433 tx=2.1, 0.0, 0.0  rx=9.2 bcn=469488 [on:0 tx:0 rx:0 period:941] from screen [on:87927 period:674964] score=60
10-22 15:51:22.149 30976 31234 I BatteryMgr:DataCollectionService: stats => 1697982682149,203,4260,146,0,100
10-22 15:51:22.152  3957  4129 D WifiStateMachine:  L2ConnectedState !RSSI_PKTCNT_FETCH uid=1000 rt=589088734/1645064207 0 0 "ourhome" f4:6d:2f:12:cc:88 rssi=-45 f=5240 sc=60 link=433 tx=2.1, 0.0, 0.0  rx=9.2 bcn=469488 [on:0 tx:0 rx:0 period:3] from screen [on:87927 period:674967] score=60
10-22 15:51:22.159  3957  4129 D WifiStateMachine: fetchRssiLinkSpeedAndFrequencyNative rssi=-47 linkspeed=433 freq=5240
10-22 15:51:22.159  3957  4129 V WifiConfigManager: Updating scan detail cache freq=5240 BSSID=f4:6d:2f:12:cc:88 RSSI=-45 for "ourhome"WPA_PSK
10-22 15:51:22.228  4961  4961 D io_stats: !@ 179,0 r 9200865 299905724 w 2065491 40713516 d 165281 36527144 f 625107 649849 iot 4228504 3655147 th 51200 0 0 pt 0 inp 0 0 589088.812
10-22 15:51:22.259 30976 31234 I BatteryMgr:DataCollectionService: stats => 1697982682259,203,4260,146,0,100
10-22 15:51:22.370 30976 31234 I BatteryMgr:DataCollectionService: stats => 1697982682369,203,4260,146,0,100
10-22 15:51:22.483 30976 31234 I BatteryMgr:DataCollectionService: stats => 1697982682483,203,4260,146,0,100
10-22 15:51:22.593 30976 31234 I BatteryMgr:DataCollectionService: stats => 1697982682593,203,4260,146,0,100
10-22 15:51:22.705 30976 31234 I BatteryMgr:DataCollectionService: stats => 1697982682705,203,4260,146,0,100
10-22 15:51:22.816 30976 31234 I BatteryMgr:DataCollectionService: stats => 1697982682816,203,4260,146,0,100
10-22 15:51:22.924 30976 31234 I BatteryMgr:DataCollectionService: stats => 1697982682924,203,4260,146,0,100
10-22 15:51:23.012  3957  4128 D WifiService: getConnectionInfo uid=1000
10-22 15:51:23.034 30976 31234 I BatteryMgr:DataCollectionService: stats => 1697982683034,203,4260,146,0,100
10-22 15:51:23.142 30976 31234 I BatteryMgr:DataCollectionService: stats => 1697982683142,203,4260,146,0,100
10-22 15:51:23.149  3957  4129 D WifiStateMachine:  ConnectedState !RSSI_PKTCNT_FETCH uid=1000 rt=589089732/1645065205 0 0 "ourhome" f4:6d:2f:12:cc:88 rssi=-47 f=5240 sc=60 link=433 tx=2.1, 0.0, 0.0  rx=9.2 bcn=469488 [on:0 tx:0 rx:0 period:997] from screen [on:87927 period:675964] score=60
10-22 15:51:23.151  3957  4129 D WifiStateMachine:  L2ConnectedState !RSSI_PKTCNT_FETCH uid=1000 rt=589089735/1645065207 0 0 "ourhome" f4:6d:2f:12:cc:88 rssi=-47 f=5240 sc=60 link=433 tx=2.1, 0.0, 0.0  rx=9.2 bcn=469488 [on:0 tx:0 rx:0 period:2] from screen [on:87927 period:675966] score=60
10-22 15:51:23.154  3957  4129 D WifiStateMachine: fetchRssiLinkSpeedAndFrequencyNative rssi=-45 linkspeed=433 freq=5240
10-22 15:51:23.154  3957  4129 V WifiConfigManager: Updating scan detail cache freq=5240 BSSID=f4:6d:2f:12:cc:88 RSSI=-45 for "ourhome"WPA_PSK
10-22 15:51:23.254 30976 31234 I BatteryMgr:DataCollectionService: stats => 1697982683254,203,4260,146,0,100
10-22 15:51:23.367 30976 31234 I BatteryMgr:DataCollectionService: stats => 1697982683367,203,4260,146,0,100
10-22 15:51:23.479 30976 31234 I BatteryMgr:DataCollectionService: stats => 1697982683479,203,4260,146,0,100
10-22 15:51:23.585 30976 31234 I BatteryMgr:DataCollectionService: stats => 1697982683585,203,4260,146,0,100
10-22 15:51:23.696 30976 31234 I BatteryMgr:DataCollectionService: stats => 1697982683696,203,4260,146,0,100
10-22 15:51:23.807 30976 31234 I BatteryMgr:DataCollectionService: stats => 1697982683807,203,4260,146,0,100
10-22 15:51:23.926 30976 31234 I BatteryMgr:DataCollectionService: stats => 1697982683925,203,4260,146,0,100
10-22 15:51:24.015  3957  4128 D WifiService: getConnectionInfo uid=1000
10-22 15:51:24.043 30976 31234 I BatteryMgr:DataCollectionService: stats => 1697982684043,203,4260,146,0,100
10-22 15:51:24.154  3957  4129 D WifiStateMachine:  ConnectedState !RSSI_PKTCNT_FETCH uid=1000 rt=589090736/1645066208 0 0 "ourhome" f4:6d:2f:12:cc:88 rssi=-45 f=5240 sc=60 link=433 tx=2.1, 0.0, 0.0  rx=9.2 bcn=469488 [on:0 tx:0 rx:0 period:1002] from screen [on:87927 period:676968] score=60
10-22 15:51:24.158  3957  4129 D WifiStateMachine:  L2ConnectedState !RSSI_PKTCNT_FETCH uid=1000 rt=589090739/1645066212 0 0 "ourhome" f4:6d:2f:12:cc:88 rssi=-45 f=5240 sc=60 link=433 tx=2.1, 0.0, 0.0  rx=9.2 bcn=469488 [on:0 tx:0 rx:0 period:4] from screen [on:87927 period:676972] score=60
10-22 15:51:24.158 30976 31234 I BatteryMgr:DataCollectionService: stats => 1697982684158,203,4260,146,0,100
10-22 15:51:24.166  3957  4129 D WifiStateMachine: fetchRssiLinkSpeedAndFrequencyNative rssi=-44 linkspeed=433 freq=5240
10-22 15:51:24.167  3957  4129 V WifiConfigManager: Updating scan detail cache freq=5240 BSSID=f4:6d:2f:12:cc:88 RSSI=-44 for "ourhome"WPA_PSK
10-22 15:51:24.206  3957  4129 D WifiStateMachine:  ConnectedState !CMD_RSSI_POLL rt=589090789/1645066262 110 0 "ourhome" f4:6d:2f:12:cc:88 rssi=-44 f=5240 sc=60 link=433 tx=2.1, 0.0, 0.0  rx=9.2 bcn=469488 [on:0 tx:0 rx:0 period:48] from screen [on:87927 period:677020] score=60
10-22 15:51:24.208  3957  4129 D WifiStateMachine:  L2ConnectedState !CMD_RSSI_POLL rt=589090791/1645066264 110 0 "ourhome" f4:6d:2f:12:cc:88 rssi=-44 f=5240 sc=60 link=433 tx=2.1, 0.0, 0.0  rx=9.2 bcn=469488 [on:0 tx:0 rx:0 period:3] from screen [on:87927 period:677023] score=60
10-22 15:51:24.209  3957  4129 D WifiStateMachine:  get link layer stats 3
10-22 15:51:24.209  3436  3436 I android.hardware.wifi@1.0-service: getLinkLayerStats
10-22 15:51:24.228  3957  4129 D WifiStateMachine: fetchRssiLinkSpeedAndFrequencyNative rssi=-44 linkspeed=433 freq=5240
10-22 15:51:24.228  3957  4129 V WifiConfigManager: Updating scan detail cache freq=5240 BSSID=f4:6d:2f:12:cc:88 RSSI=-44 for "ourhome"WPA_PSK
10-22 15:51:24.234  4340  4340 E SignalClusterView: setSlotFocusVisible : subId -2
10-22 15:51:24.234  4340  4340 E SignalClusterView: setSlotFocusVisible : subId -2
10-22 15:51:24.268 30976 31234 I BatteryMgr:DataCollectionService: stats => 1697982684268,203,4260,146,0,100
10-22 15:51:24.379 30976 31234 I BatteryMgr:DataCollectionService: stats => 1697982684379,203,4260,146,0,100
10-22 15:51:24.488 30976 31234 I BatteryMgr:DataCollectionService: stats => 1697982684488,203,4260,146,0,100
10-22 15:51:24.600 30976 31234 I BatteryMgr:DataCollectionService: stats => 1697982684600,203,4260,146,0,100
10-22 15:51:24.712 30976 31234 I BatteryMgr:DataCollectionService: stats => 1697982684712,203,4260,146,0,100
10-22 15:51:24.825 30976 31234 I BatteryMgr:DataCollectionService: stats => 1697982684825,203,4260,146,0,100
10-22 15:51:24.936 30976 31234 I BatteryMgr:DataCollectionService: stats => 1697982684936,218,4260,182,0,100
10-22 15:51:25.019  3957  4128 D WifiService: getConnectionInfo uid=1000
10-22 15:51:25.046 30976 31234 I BatteryMgr:DataCollectionService: stats => 1697982685046,218,4260,182,0,100
10-22 15:51:25.154  3957  4129 D WifiStateMachine:  ConnectedState !RSSI_PKTCNT_FETCH uid=1000 rt=589091737/1645067209 0 0 "ourhome" f4:6d:2f:12:cc:88 rssi=-44 f=5240 sc=60 link=433 tx=0.8, 0.0, 0.0  rx=15.4 bcn=469514 [on:0 tx:0 rx:0 period:920] from screen [on:88117 period:677969] score=60
10-22 15:51:25.157  3957  4129 D WifiStateMachine:  L2ConnectedState !RSSI_PKTCNT_FETCH uid=1000 rt=589091740/1645067213 0 0 "ourhome" f4:6d:2f:12:cc:88 rssi=-44 f=5240 sc=60 link=433 tx=0.8, 0.0, 0.0  rx=15.4 bcn=469514 [on:0 tx:0 rx:0 period:2] from screen [on:88117 period:677971] score=60
10-22 15:51:25.157 30976 31234 I BatteryMgr:DataCollectionService: stats => 1697982685157,218,4260,182,0,100
10-22 15:51:25.163  3957  4129 D WifiStateMachine: fetchRssiLinkSpeedAndFrequencyNative rssi=-45 linkspeed=433 freq=5240
10-22 15:51:25.163  3957  4129 V WifiConfigManager: Updating scan detail cache freq=5240 BSSID=f4:6d:2f:12:cc:88 RSSI=-44 for "ourhome"WPA_PSK
10-22 15:51:25.265 30976 31234 I BatteryMgr:DataCollectionService: stats => 1697982685265,218,4260,182,0,100
10-22 15:51:25.376 30976 31234 I BatteryMgr:DataCollectionService: stats => 1697982685376,218,4260,182,0,100
10-22 15:51:25.401  3957 14954 D BatteryService: !@BatteryListener : batteryPropertiesChanged!
10-22 15:51:25.488 30976 31234 I BatteryMgr:DataCollectionService: stats => 1697982685487,218,4260,182,0,100
10-22 15:51:25.598 30976 31234 I BatteryMgr:DataCollectionService: stats => 1697982685598,218,4260,182,0,100
10-22 15:51:25.707 30976 31234 I BatteryMgr:DataCollectionService: stats => 1697982685707,218,4260,182,0,100
10-22 15:51:25.820 30976 31234 I BatteryMgr:DataCollectionService: stats => 1697982685819,218,4260,182,0,100
10-22 15:51:25.846  2479  2548 D ScanRecord: Not a Multi Manu data
10-22 15:51:25.926  2479  2548 I chatty  : uid=1002(bluetooth) BT Service Call identical 165 lines
10-22 15:51:25.926  2479  2548 D ScanRecord: Not a Multi Manu data
10-22 15:51:25.926 30976 31234 I BatteryMgr:DataCollectionService: stats => 1697982685926,218,4260,182,0,100
10-22 15:51:25.926  2479  2548 D ScanRecord: Not a Multi Manu data
10-22 15:51:25.992  2479  2548 I chatty  : uid=1002(bluetooth) BT Service Call identical 130 lines
10-22 15:51:25.992  2479  2548 D ScanRecord: Not a Multi Manu data
10-22 15:51:26.005  2479  2548 D ScanRecord: same manuId data exists, combine both data and store
10-22 15:51:26.005  2479  2548 D ScanRecord: It's a Multi Manu data
10-22 15:51:26.005  2479  2548 I chatty  : uid=1002(bluetooth) BT Service Call identical 9 lines
10-22 15:51:26.005  2479  2548 D ScanRecord: It's a Multi Manu data
10-22 15:51:26.005  2479  2548 D ScanRecord: same manuId data exists, combine both data and store
10-22 15:51:26.005  2479  2548 D ScanRecord: same manuId data exists, combine both data and store
10-22 15:51:26.005  2479  2548 D ScanRecord: It's a Multi Manu data
10-22 15:51:26.006  2479  2548 D ScanFilter: manu data matches
10-22 15:51:26.006  2479  2548 D BtGatt.GattService: onScanResult to scannerId: 6- event_type=0x1b, address_type=1, address=95:B, primary_phy=1, secondary_phy=0, advertising_sid=0xff, tx_power=127, rssi=-73, periodic_adv_int=0x0
10-22 15:51:26.006 23612 23624 D ScanRecord: same manuId data exists, combine both data and store
10-22 15:51:26.016  2479  2548 D ScanRecord: Not a Multi Manu data
10-22 15:51:26.017  2479  2548 I chatty  : uid=1002(bluetooth) BT Service Call identical 11 lines
10-22 15:51:26.017  2479  2548 D ScanRecord: Not a Multi Manu data
10-22 15:51:26.021  3957  4128 D WifiService: getConnectionInfo uid=1000
10-22 15:51:26.025  2479  2548 D ScanRecord: Not a Multi Manu data
10-22 15:51:26.037  2479  2548 I chatty  : uid=1002(bluetooth) BT Service Call identical 50 lines
10-22 15:51:26.037  2479  2548 D ScanRecord: Not a Multi Manu data
10-22 15:51:26.037 30976 31234 I BatteryMgr:DataCollectionService: stats => 1697982686037,218,4260,182,0,100
10-22 15:51:26.043  2479  2548 D ScanRecord: Not a Multi Manu data
10-22 15:51:26.143  2479  2548 I chatty  : uid=1002(bluetooth) BT Service Call identical 102 lines
10-22 15:51:26.143  2479  2548 D ScanRecord: Not a Multi Manu data
10-22 15:51:26.146 30976 31234 I BatteryMgr:DataCollectionService: stats => 1697982686145,218,4260,182,0,100
10-22 15:51:26.153  3957  4129 D WifiStateMachine:  ConnectedState !RSSI_PKTCNT_FETCH uid=1000 rt=589092737/1645068210 0 0 "ourhome" f4:6d:2f:12:cc:88 rssi=-45 f=5240 sc=60 link=433 tx=0.8, 0.0, 0.0  rx=15.4 bcn=469514 [on:0 tx:0 rx:0 period:997] from screen [on:88117 period:678968] score=60
10-22 15:51:26.154  2479  2548 D ScanRecord: Not a Multi Manu data
10-22 15:51:26.154  2479  2548 I chatty  : uid=1002(bluetooth) BT Service Call identical 11 lines
10-22 15:51:26.154  2479  2548 D ScanRecord: Not a Multi Manu data
10-22 15:51:26.155  3957  4129 D WifiStateMachine:  L2ConnectedState !RSSI_PKTCNT_FETCH uid=1000 rt=589092738/1645068211 0 0 "ourhome" f4:6d:2f:12:cc:88 rssi=-45 f=5240 sc=60 link=433 tx=0.8, 0.0, 0.0  rx=15.4 bcn=469514 [on:0 tx:0 rx:0 period:1] from screen [on:88117 period:678969] score=60
10-22 15:51:26.156  3957  4129 D WifiStateMachine: fetchRssiLinkSpeedAndFrequencyNative rssi=-45 linkspeed=433 freq=5240
10-22 15:51:26.157  3957  4129 V WifiConfigManager: Updating scan detail cache freq=5240 BSSID=f4:6d:2f:12:cc:88 RSSI=-44 for "ourhome"WPA_PSK
10-22 15:51:26.162  2479  2548 D ScanRecord: Not a Multi Manu data
10-22 15:51:26.196  2479  2548 I chatty  : uid=1002(bluetooth) BT Service Call identical 24 lines
10-22 15:51:26.196  2479  2548 D ScanRecord: Not a Multi Manu data
10-22 15:51:26.205  2479  2548 D ScanRecord: same manuId data exists, combine both data and store
10-22 15:51:26.205  2479  2548 D ScanRecord: It's a Multi Manu data
10-22 15:51:26.206  2479  2548 I chatty  : uid=1002(bluetooth) BT Service Call identical 9 lines
10-22 15:51:26.206  2479  2548 D ScanRecord: It's a Multi Manu data
10-22 15:51:26.206  2479  2548 D ScanRecord: same manuId data exists, combine both data and store
10-22 15:51:26.206  2479  2548 D ScanRecord: same manuId data exists, combine both data and store
10-22 15:51:26.206  2479  2548 D ScanRecord: It's a Multi Manu data
10-22 15:51:26.206  2479  2548 D ScanFilter: manu data matches
10-22 15:51:26.207  2479  2548 D BtGatt.GattService: onScanResult to scannerId: 6- event_type=0x1b, address_type=1, address=95:B, primary_phy=1, secondary_phy=0, advertising_sid=0xff, tx_power=127, rssi=-73, periodic_adv_int=0x0
10-22 15:51:26.207 23612 23624 D ScanRecord: same manuId data exists, combine both data and store
10-22 15:51:26.208  2479  2548 D ScanRecord: Not a Multi Manu data
10-22 15:51:26.224  2479  2548 I chatty  : uid=1002(bluetooth) BT Service Call identical 50 lines
10-22 15:51:26.224  2479  2548 D ScanRecord: Not a Multi Manu data
10-22 15:51:26.255 30976 31234 I BatteryMgr:DataCollectionService: stats => 1697982686255,218,4260,182,0,100
10-22 15:51:26.281  2479  2548 D ScanRecord: Not a Multi Manu data
10-22 15:51:26.346  2479  2548 I chatty  : uid=1002(bluetooth) BT Service Call identical 102 lines
10-22 15:51:26.346  2479  2548 D ScanRecord: Not a Multi Manu data
10-22 15:51:26.364 30976 31234 I BatteryMgr:DataCollectionService: stats => 1697982686364,218,4260,182,0,100
10-22 15:51:26.476 30976 31234 I BatteryMgr:DataCollectionService: stats => 1697982686475,218,4260,182,0,100
10-22 15:51:26.587 30976 31234 I BatteryMgr:DataCollectionService: stats => 1697982686587,218,4260,182,0,100
10-22 15:51:26.697 30976 31234 I BatteryMgr:DataCollectionService: stats => 1697982686697,218,4260,182,0,100
10-22 15:51:26.818 30976 31234 I BatteryMgr:DataCollectionService: stats => 1697982686818,218,4260,182,0,100
10-22 15:51:26.924  3957  4030 D SensorService: [SO] 0.211 -0.153 9.955
10-22 15:51:26.928 30976 31234 I BatteryMgr:DataCollectionService: stats => 1697982686928,218,4260,182,0,100
10-22 15:51:27.024  3957  4128 D WifiService: getConnectionInfo uid=1000
10-22 15:51:27.036 30976 31234 I BatteryMgr:DataCollectionService: stats => 1697982687036,218,4260,182,0,100
10-22 15:51:27.147 30976 31234 I BatteryMgr:DataCollectionService: stats => 1697982687147,218,4260,182,0,100
10-22 15:51:27.156  3957  4129 D WifiStateMachine:  ConnectedState !RSSI_PKTCNT_FETCH uid=1000 rt=589093739/1645069212 0 0 "ourhome" f4:6d:2f:12:cc:88 rssi=-45 f=5240 sc=60 link=433 tx=0.8, 0.0, 0.0  rx=15.4 bcn=469514 [on:0 tx:0 rx:0 period:1002] from screen [on:88117 period:679971] score=60
10-22 15:51:27.158  3957  4129 D WifiStateMachine:  L2ConnectedState !RSSI_PKTCNT_FETCH uid=1000 rt=589093742/1645069214 0 0 "ourhome" f4:6d:2f:12:cc:88 rssi=-45 f=5240 sc=60 link=433 tx=0.8, 0.0, 0.0  rx=15.4 bcn=469514 [on:0 tx:0 rx:0 period:1] from screen [on:88117 period:679972] score=60
10-22 15:51:27.165  3957  4129 D WifiStateMachine: fetchRssiLinkSpeedAndFrequencyNative rssi=-45 linkspeed=433 freq=5240
10-22 15:51:27.165  3957  4129 V WifiConfigManager: Updating scan detail cache freq=5240 BSSID=f4:6d:2f:12:cc:88 RSSI=-44 for "ourhome"WPA_PSK
10-22 15:51:27.232  4961  4961 D io_stats: !@ 179,0 r 9200880 299905864 w 2065498 40713704 d 165283 36527152 f 625108 649852 iot 4228512 3655158 th 51200 0 0 pt 0 inp 0 0 589093.816
10-22 15:51:27.233  3957  4129 D WifiStateMachine:  ConnectedState !CMD_RSSI_POLL rt=589093816/1645069289 110 0 "ourhome" f4:6d:2f:12:cc:88 rssi=-45 f=5240 sc=60 link=433 tx=0.8, 0.0, 0.0  rx=15.4 bcn=469514 [on:0 tx:0 rx:0 period:76] from screen [on:88117 period:680048] score=60
10-22 15:51:27.237  3957  4129 D WifiStateMachine:  L2ConnectedState !CMD_RSSI_POLL rt=589093819/1645069291 110 0 "ourhome" f4:6d:2f:12:cc:88 rssi=-45 f=5240 sc=60 link=433 tx=0.8, 0.0, 0.0  rx=15.4 bcn=469514 [on:0 tx:0 rx:0 period:4] from screen [on:88117 period:680052] score=60
10-22 15:51:27.237  3957  4129 D WifiStateMachine:  get link layer stats 3
10-22 15:51:27.238  3436  3436 I android.hardware.wifi@1.0-service: getLinkLayerStats
10-22 15:51:27.254  3957  4129 D WifiStateMachine: fetchRssiLinkSpeedAndFrequencyNative rssi=-45 linkspeed=433 freq=5240
10-22 15:51:27.254  3957  4129 V WifiConfigManager: Updating scan detail cache freq=5240 BSSID=f4:6d:2f:12:cc:88 RSSI=-44 for "ourhome"WPA_PSK
10-22 15:51:27.263 30976 31234 I BatteryMgr:DataCollectionService: stats => 1697982687263,218,4260,182,0,100
10-22 15:51:27.264  4340  4340 E SignalClusterView: setSlotFocusVisible : subId -2
10-22 15:51:27.264  4340  4340 E SignalClusterView: setSlotFocusVisible : subId -2
10-22 15:51:27.373 30976 31234 I BatteryMgr:DataCollectionService: stats => 1697982687373,218,4260,182,0,100
10-22 15:51:27.486 30976 31234 I BatteryMgr:DataCollectionService: stats => 1697982687486,218,4260,182,0,100
10-22 15:51:27.597 30976 31234 I BatteryMgr:DataCollectionService: stats => 1697982687597,218,4260,182,0,100
10-22 15:51:27.708 30976 31234 I BatteryMgr:DataCollectionService: stats => 1697982687708,218,4260,182,0,100
10-22 15:51:27.822 30976 31234 I BatteryMgr:DataCollectionService: stats => 1697982687821,218,4260,182,0,100
10-22 15:51:27.938 30976 31234 I BatteryMgr:DataCollectionService: stats => 1697982687938,218,4260,182,0,100
10-22 15:51:28.026  3957  4128 D WifiService: getConnectionInfo uid=1000
10-22 15:51:28.048 30976 31234 I BatteryMgr:DataCollectionService: stats => 1697982688048,218,4260,182,0,100
10-22 15:51:28.158  3957  4129 D WifiStateMachine:  ConnectedState !RSSI_PKTCNT_FETCH uid=1000 rt=589094741/1645070213 0 0 "ourhome" f4:6d:2f:12:cc:88 rssi=-45 f=5240 sc=60 link=433 tx=0.9, 0.0, 0.0  rx=9.4 bcn=469543 [on:0 tx:0 rx:0 period:898] from screen [on:88700 period:680973] score=60
10-22 15:51:28.160  3957  4129 D WifiStateMachine:  L2ConnectedState !RSSI_PKTCNT_FETCH uid=1000 rt=589094744/1645070216 0 0 "ourhome" f4:6d:2f:12:cc:88 rssi=-45 f=5240 sc=60 link=433 tx=0.9, 0.0, 0.0  rx=9.4 bcn=469543 [on:0 tx:0 rx:0 period:2] from screen [on:88700 period:680975] score=60
10-22 15:51:28.161 30976 31234 I BatteryMgr:DataCollectionService: stats => 1697982688161,218,4260,182,0,100
10-22 15:51:28.167  3957  4129 D WifiStateMachine: fetchRssiLinkSpeedAndFrequencyNative rssi=-45 linkspeed=433 freq=5240
10-22 15:51:28.167  3957  4129 V WifiConfigManager: Updating scan detail cache freq=5240 BSSID=f4:6d:2f:12:cc:88 RSSI=-44 for "ourhome"WPA_PSK
10-22 15:51:28.273 30976 31234 I BatteryMgr:DataCollectionService: stats => 1697982688273,218,4260,182,0,100
10-22 15:51:28.382 30976 31234 I BatteryMgr:DataCollectionService: stats => 1697982688381,218,4260,182,0,100
10-22 15:51:28.491 30976 31234 I BatteryMgr:DataCollectionService: stats => 1697982688491,218,4260,182,0,100
10-22 15:51:28.600 30976 31234 I BatteryMgr:DataCollectionService: stats => 1697982688600,218,4260,182,0,100
10-22 15:51:28.711 30976 31234 I BatteryMgr:DataCollectionService: stats => 1697982688711,218,4260,182,0,100
10-22 15:51:28.821 30976 31234 I BatteryMgr:DataCollectionService: stats => 1697982688821,218,4260,182,0,100
10-22 15:51:28.934 30976 31234 I BatteryMgr:DataCollectionService: stats => 1697982688934,218,4260,182,0,100
10-22 15:51:29.027  3957  4128 D WifiService: getConnectionInfo uid=1000
10-22 15:51:29.051 30976 31234 I BatteryMgr:DataCollectionService: stats => 1697982689051,218,4260,182,0,100
10-22 15:51:29.158  3957  4129 D WifiStateMachine:  ConnectedState !RSSI_PKTCNT_FETCH uid=1000 rt=589095742/1645071215 0 0 "ourhome" f4:6d:2f:12:cc:88 rssi=-45 f=5240 sc=60 link=433 tx=0.9, 0.0, 0.0  rx=9.4 bcn=469543 [on:0 tx:0 rx:0 period:998] from screen [on:88700 period:681973] score=60
10-22 15:51:29.161  3957  4129 D WifiStateMachine:  L2ConnectedState !RSSI_PKTCNT_FETCH uid=1000 rt=589095744/1645071216 0 0 "ourhome" f4:6d:2f:12:cc:88 rssi=-45 f=5240 sc=60 link=433 tx=0.9, 0.0, 0.0  rx=9.4 bcn=469543 [on:0 tx:0 rx:0 period:3] from screen [on:88700 period:681976] score=60
10-22 15:51:29.162 30976 31234 I BatteryMgr:DataCollectionService: stats => 1697982689161,218,4260,182,0,100
10-22 15:51:29.166  3957  4129 D WifiStateMachine: fetchRssiLinkSpeedAndFrequencyNative rssi=-45 linkspeed=433 freq=5240
10-22 15:51:29.166  3957  4129 V WifiConfigManager: Updating scan detail cache freq=5240 BSSID=f4:6d:2f:12:cc:88 RSSI=-44 for "ourhome"WPA_PSK
10-22 15:51:29.271 30976 31234 I BatteryMgr:DataCollectionService: stats => 1697982689271,218,4260,182,0,100
10-22 15:51:29.382 30976 31234 I BatteryMgr:DataCollectionService: stats => 1697982689382,218,4260,182,0,100
10-22 15:51:29.491  3957  6478 D SSRM:k  : SIOP:: AP = 370, PST = 353 (W:12), BAT = 315, USB = 0, CHG = 0
10-22 15:51:29.493 30976 31234 I BatteryMgr:DataCollectionService: stats => 1697982689493,218,4260,182,0,100
10-22 15:51:29.605 30976 31234 I BatteryMgr:DataCollectionService: stats => 1697982689604,218,4260,182,0,100
10-22 15:51:29.716 30976 31234 I BatteryMgr:DataCollectionService: stats => 1697982689716,218,4260,182,0,100
10-22 15:51:29.826 30976 31234 I BatteryMgr:DataCollectionService: stats => 1697982689825,218,4260,182,0,100
10-22 15:51:29.935 30976 31234 I BatteryMgr:DataCollectionService: stats => 1697982689935,218,4260,182,0,100
10-22 15:51:30.030  3957  4128 D WifiService: getConnectionInfo uid=1000
10-22 15:51:30.048 30976 31234 I BatteryMgr:DataCollectionService: stats => 1697982690048,218,4260,182,0,100
10-22 15:51:30.157 30976 31234 I BatteryMgr:DataCollectionService: stats => 1697982690157,218,4260,182,0,100
10-22 15:51:30.160  3957  4129 D WifiStateMachine:  ConnectedState !RSSI_PKTCNT_FETCH uid=1000 rt=589096744/1645072217 0 0 "ourhome" f4:6d:2f:12:cc:88 rssi=-45 f=5240 sc=60 link=433 tx=0.9, 0.0, 0.0  rx=9.4 bcn=469543 [on:0 tx:0 rx:0 period:999] from screen [on:88700 period:682975] score=60
10-22 15:51:30.162  3957  4129 D WifiStateMachine:  L2ConnectedState !RSSI_PKTCNT_FETCH uid=1000 rt=589096746/1645072218 0 0 "ourhome" f4:6d:2f:12:cc:88 rssi=-45 f=5240 sc=60 link=433 tx=0.9, 0.0, 0.0  rx=9.4 bcn=469543 [on:0 tx:0 rx:0 period:2] from screen [on:88700 period:682977] score=60
10-22 15:51:30.164  3957  4129 D WifiStateMachine: fetchRssiLinkSpeedAndFrequencyNative rssi=-45 linkspeed=433 freq=5240
10-22 15:51:30.164  3957  4129 V WifiConfigManager: Updating scan detail cache freq=5240 BSSID=f4:6d:2f:12:cc:88 RSSI=-44 for "ourhome"WPA_PSK
10-22 15:51:30.259  3957  4129 D WifiStateMachine:  ConnectedState !CMD_RSSI_POLL rt=589096842/1645072314 110 0 "ourhome" f4:6d:2f:12:cc:88 rssi=-45 f=5240 sc=60 link=433 tx=0.9, 0.0, 0.0  rx=9.4 bcn=469543 [on:0 tx:0 rx:0 period:97] from screen [on:88700 period:683074] score=60
10-22 15:51:30.261  3957  4129 D WifiStateMachine:  L2ConnectedState !CMD_RSSI_POLL rt=589096845/1645072318 110 0 "ourhome" f4:6d:2f:12:cc:88 rssi=-45 f=5240 sc=60 link=433 tx=0.9, 0.0, 0.0  rx=9.4 bcn=469543 [on:0 tx:0 rx:0 period:2] from screen [on:88700 period:683076] score=60
10-22 15:51:30.261  3957  4129 D WifiStateMachine:  get link layer stats 3
10-22 15:51:30.262  3436  3436 I android.hardware.wifi@1.0-service: getLinkLayerStats
10-22 15:51:30.267  3957  4129 D WifiStateMachine: fetchRssiLinkSpeedAndFrequencyNative rssi=-45 linkspeed=433 freq=5240
10-22 15:51:30.267  3957  4129 V WifiConfigManager: Updating scan detail cache freq=5240 BSSID=f4:6d:2f:12:cc:88 RSSI=-44 for "ourhome"WPA_PSK
10-22 15:51:30.267 30976 31234 I BatteryMgr:DataCollectionService: stats => 1697982690267,218,4260,182,0,100
10-22 15:51:30.271  4340  4340 E SignalClusterView: setSlotFocusVisible : subId -2
10-22 15:51:30.271  4340  4340 E SignalClusterView: setSlotFocusVisible : subId -2
10-22 15:51:30.376 30976 31234 I BatteryMgr:DataCollectionService: stats => 1697982690376,218,4260,182,0,100
10-22 15:51:30.485 30976 31234 I BatteryMgr:DataCollectionService: stats => 1697982690484,218,4260,182,0,100
10-22 15:51:30.596 30976 31234 I BatteryMgr:DataCollectionService: stats => 1697982690596,218,4260,182,0,100
10-22 15:51:30.706 30976 31234 I BatteryMgr:DataCollectionService: stats => 1697982690706,218,4260,182,0,100
10-22 15:51:30.709 23612 27326 I GCoreUlr: Successfully inserted 1 locations
10-22 15:51:30.714  3957  9502 D ConnectivityService: filterNetworkStateForUid() uid: 10025 networkInfo: [type: WIFI[] - WIFI, state: CONNECTED/CONNECTED, reason: (unspecified), extra: "ourhome", failover: false, available: true, roaming: false, metered: false]
10-22 15:51:30.714  3957  9502 D WifiService: getConnectionInfo uid=1000
10-22 15:51:30.814 30976 31234 I BatteryMgr:DataCollectionService: stats => 1697982690814,218,4260,182,0,100
10-22 15:51:30.842  2479  2548 D ScanRecord: Not a Multi Manu data
10-22 15:51:30.913  2479  2548 I chatty  : uid=1002(bluetooth) BT Service Call identical 115 lines
10-22 15:51:30.913  2479  2548 D ScanRecord: Not a Multi Manu data
10-22 15:51:30.921 30976 31234 I BatteryMgr:DataCollectionService: stats => 1697982690921,218,4260,182,0,100
10-22 15:51:30.936  2479  2548 D ScanRecord: Not a Multi Manu data
10-22 15:51:30.975  2479  2548 I chatty  : uid=1002(bluetooth) BT Service Call identical 63 lines
10-22 15:51:30.975  2479  2548 D ScanRecord: Not a Multi Manu data
10-22 15:51:30.990 23612 31429 I SemanticLocation: (REDACTED) [Inferrer] %s%s
10-22 15:51:30.994  2479  2548 D ScanRecord: Not a Multi Manu data
10-22 15:51:31.026  2479  2548 I chatty  : uid=1002(bluetooth) BT Service Call identical 76 lines
10-22 15:51:31.026  2479  2548 D ScanRecord: Not a Multi Manu data
10-22 15:51:31.026 30976 31234 I BatteryMgr:DataCollectionService: stats => 1697982691026,218,4260,182,0,100
10-22 15:51:31.030  2479  2548 D ScanRecord: Not a Multi Manu data
10-22 15:51:31.031  2479  2548 I chatty  : uid=1002(bluetooth) BT Service Call identical 11 lines
10-22 15:51:31.031  2479  2548 D ScanRecord: Not a Multi Manu data
10-22 15:51:31.032  3957  4128 D WifiService: getConnectionInfo uid=1000
10-22 15:51:31.048  2479  2548 D ScanRecord: Not a Multi Manu data
10-22 15:51:31.133  2479  2548 I chatty  : uid=1002(bluetooth) BT Service Call identical 102 lines
10-22 15:51:31.133  2479  2548 D ScanRecord: Not a Multi Manu data
10-22 15:51:31.133 30976 31234 I BatteryMgr:DataCollectionService: stats => 1697982691133,218,4260,182,0,100
10-22 15:51:31.135  2479  2548 D ScanRecord: Not a Multi Manu data
10-22 15:51:31.154  2479  2548 I chatty  : uid=1002(bluetooth) BT Service Call identical 63 lines
10-22 15:51:31.154  2479  2548 D ScanRecord: Not a Multi Manu data
10-22 15:51:31.160  3957  4129 D WifiStateMachine:  ConnectedState !RSSI_PKTCNT_FETCH uid=1000 rt=589097744/1645073217 0 0 "ourhome" f4:6d:2f:12:cc:88 rssi=-45 f=5240 sc=60 link=433 tx=2.2, 0.0, 0.0  rx=8.5 bcn=469572 [on:0 tx:0 rx:0 period:889] from screen [on:89429 period:683974] score=60
10-22 15:51:31.160  3957  4129 D WifiStateMachine:  L2ConnectedState !RSSI_PKTCNT_FETCH uid=1000 rt=589097745/1645073218 0 0 "ourhome" f4:6d:2f:12:cc:88 rssi=-45 f=5240 sc=60 link=433 tx=2.2, 0.0, 0.0  rx=8.5 bcn=469572 [on:0 tx:0 rx:0 period:1] from screen [on:89429 period:683975] score=60
10-22 15:51:31.162  3957  4129 D WifiStateMachine: fetchRssiLinkSpeedAndFrequencyNative rssi=-45 linkspeed=433 freq=5240
10-22 15:51:31.162  3957  4129 V WifiConfigManager: Updating scan detail cache freq=5240 BSSID=f4:6d:2f:12:cc:88 RSSI=-44 for "ourhome"WPA_PSK
10-22 15:51:31.171  2479  2548 D ScanRecord: Not a Multi Manu data
10-22 15:51:31.211  2479  2548 I chatty  : uid=1002(bluetooth) BT Service Call identical 63 lines
10-22 15:51:31.211  2479  2548 D ScanRecord: Not a Multi Manu data
10-22 15:51:31.214  2479  2548 D ScanRecord: same manuId data exists, combine both data and store
10-22 15:51:31.215  2479  2548 D ScanRecord: It's a Multi Manu data
10-22 15:51:31.215  2479  2548 I chatty  : uid=1002(bluetooth) BT Service Call identical 9 lines
10-22 15:51:31.215  2479  2548 D ScanRecord: It's a Multi Manu data
10-22 15:51:31.215  2479  2548 D ScanRecord: same manuId data exists, combine both data and store
10-22 15:51:31.215  2479  2548 D ScanRecord: same manuId data exists, combine both data and store
10-22 15:51:31.215  2479  2548 D ScanRecord: It's a Multi Manu data
10-22 15:51:31.215  2479  2548 D ScanFilter: manu data matches
10-22 15:51:31.216  2479  2548 D BtGatt.GattService: onScanResult to scannerId: 6- event_type=0x1b, address_type=1, address=95:B, primary_phy=1, secondary_phy=0, advertising_sid=0xff, tx_power=127, rssi=-91, periodic_adv_int=0x0
10-22 15:51:31.217 23612 24195 D ScanRecord: same manuId data exists, combine both data and store
10-22 15:51:31.242 30976 31234 I BatteryMgr:DataCollectionService: stats => 1697982691242,218,4260,182,0,100
10-22 15:51:31.244  2479  2548 D ScanRecord: Not a Multi Manu data
10-22 15:51:31.346  2479  2548 I chatty  : uid=1002(bluetooth) BT Service Call identical 141 lines
10-22 15:51:31.346  2479  2548 D ScanRecord: Not a Multi Manu data
10-22 15:51:31.353 30976 31234 I BatteryMgr:DataCollectionService: stats => 1697982691353,218,4260,182,0,100
10-22 15:51:31.470 30976 31234 I BatteryMgr:DataCollectionService: stats => 1697982691469,218,4260,182,0,100
10-22 15:51:31.581 30976 31234 I BatteryMgr:DataCollectionService: stats => 1697982691581,218,4260,182,0,100
10-22 15:51:31.692 30976 31234 I BatteryMgr:DataCollectionService: stats => 1697982691692,218,4260,182,0,100
10-22 15:51:31.801 30976 31234 I BatteryMgr:DataCollectionService: stats => 1697982691801,218,4260,182,0,100
10-22 15:51:31.911 30976 31234 I BatteryMgr:DataCollectionService: stats => 1697982691911,218,4260,182,0,100
10-22 15:51:32.021 30976 31234 I BatteryMgr:DataCollectionService: stats => 1697982692021,218,4260,182,0,100
10-22 15:51:32.035  3957  4128 D WifiService: getConnectionInfo uid=1000
10-22 15:51:32.132 30976 31234 I BatteryMgr:DataCollectionService: stats => 1697982692132,218,4260,182,0,100
10-22 15:51:32.161  3957  4129 D WifiStateMachine:  ConnectedState !RSSI_PKTCNT_FETCH uid=1000 rt=589098746/1645074218 0 0 "ourhome" f4:6d:2f:12:cc:88 rssi=-45 f=5240 sc=60 link=433 tx=2.2, 0.0, 0.0  rx=8.5 bcn=469572 [on:0 tx:0 rx:0 period:1001] from screen [on:89429 period:684976] score=60
10-22 15:51:32.163  3957  4129 D WifiStateMachine:  L2ConnectedState !RSSI_PKTCNT_FETCH uid=1000 rt=589098747/1645074220 0 0 "ourhome" f4:6d:2f:12:cc:88 rssi=-45 f=5240 sc=60 link=433 tx=2.2, 0.0, 0.0  rx=8.5 bcn=469572 [on:0 tx:0 rx:0 period:2] from screen [on:89429 period:684978] score=60
10-22 15:51:32.165  3957  4129 D WifiStateMachine: fetchRssiLinkSpeedAndFrequencyNative rssi=-44 linkspeed=433 freq=5240
10-22 15:51:32.165  3957  4129 V WifiConfigManager: Updating scan detail cache freq=5240 BSSID=f4:6d:2f:12:cc:88 RSSI=-44 for "ourhome"WPA_PSK
10-22 15:51:32.236  4961  4961 D io_stats: !@ 179,0 r 9201540 299929608 w 2065534 40713980 d 165284 36527220 f 625109 649853 iot 4228788 3655386 th 51200 0 0 pt 0 inp 0 0 589098.820
10-22 15:51:32.245 30976 31234 I BatteryMgr:DataCollectionService: stats => 1697982692245,218,4260,182,0,100
10-22 15:51:32.358 30976 31234 I BatteryMgr:DataCollectionService: stats => 1697982692357,218,4260,182,0,100
10-22 15:51:32.470 30976 31234 I BatteryMgr:DataCollectionService: stats => 1697982692469,218,4260,182,0,100
10-22 15:51:32.581 30976 31234 I BatteryMgr:DataCollectionService: stats => 1697982692580,218,4260,182,0,100
10-22 15:51:32.693 30976 31234 I BatteryMgr:DataCollectionService: stats => 1697982692693,218,4260,182,0,100
10-22 15:51:32.802 30976 31234 I BatteryMgr:DataCollectionService: stats => 1697982692802,218,4260,182,0,100
10-22 15:51:32.912 30976 31234 I BatteryMgr:DataCollectionService: stats => 1697982692912,218,4260,182,0,100
10-22 15:51:33.022 30976 31234 I BatteryMgr:DataCollectionService: stats => 1697982693022,218,4260,182,0,100
10-22 15:51:33.037  3957  4128 D WifiService: getConnectionInfo uid=1000
10-22 15:51:33.132 30976 31234 I BatteryMgr:DataCollectionService: stats => 1697982693132,218,4260,182,0,100
10-22 15:51:33.162  3957  4129 D WifiStateMachine:  ConnectedState !RSSI_PKTCNT_FETCH uid=1000 rt=589099747/1645075219 0 0 "ourhome" f4:6d:2f:12:cc:88 rssi=-44 f=5240 sc=60 link=433 tx=2.2, 0.0, 0.0  rx=8.5 bcn=469572 [on:0 tx:0 rx:0 period:999] from screen [on:89429 period:685977] score=60
10-22 15:51:33.164  3957  4129 D WifiStateMachine:  L2ConnectedState !RSSI_PKTCNT_FETCH uid=1000 rt=589099748/1645075221 0 0 "ourhome" f4:6d:2f:12:cc:88 rssi=-44 f=5240 sc=60 link=433 tx=2.2, 0.0, 0.0  rx=8.5 bcn=469572 [on:0 tx:0 rx:0 period:2] from screen [on:89429 period:685979] score=60
10-22 15:51:33.170  3957  4129 D WifiStateMachine: fetchRssiLinkSpeedAndFrequencyNative rssi=-45 linkspeed=433 freq=5240
10-22 15:51:33.170  3957  4129 V WifiConfigManager: Updating scan detail cache freq=5240 BSSID=f4:6d:2f:12:cc:88 RSSI=-44 for "ourhome"WPA_PSK
10-22 15:51:33.241 30976 31234 I BatteryMgr:DataCollectionService: stats => 1697982693241,218,4260,182,0,100
10-22 15:51:33.271  3957  4129 D WifiStateMachine:  ConnectedState !CMD_RSSI_POLL rt=589099853/1645075326 110 0 "ourhome" f4:6d:2f:12:cc:88 rssi=-45 f=5240 sc=60 link=433 tx=2.2, 0.0, 0.0  rx=8.5 bcn=469572 [on:0 tx:0 rx:0 period:106] from screen [on:89429 period:686085] score=60
10-22 15:51:33.273  3957  4129 D WifiStateMachine:  L2ConnectedState !CMD_RSSI_POLL rt=589099856/1645075329 110 0 "ourhome" f4:6d:2f:12:cc:88 rssi=-45 f=5240 sc=60 link=433 tx=2.2, 0.0, 0.0  rx=8.5 bcn=469572 [on:0 tx:0 rx:0 period:3] from screen [on:89429 period:686088] score=60
10-22 15:51:33.274  3957  4129 D WifiStateMachine:  get link layer stats 3
10-22 15:51:33.274  3436  3436 I android.hardware.wifi@1.0-service: getLinkLayerStats
10-22 15:51:33.296  3957  4129 D WifiStateMachine: fetchRssiLinkSpeedAndFrequencyNative rssi=-44 linkspeed=433 freq=5240
10-22 15:51:33.296  3957  4129 V WifiConfigManager: Updating scan detail cache freq=5240 BSSID=f4:6d:2f:12:cc:88 RSSI=-44 for "ourhome"WPA_PSK
10-22 15:51:33.303  4340  4340 E SignalClusterView: setSlotFocusVisible : subId -2
10-22 15:51:33.303  4340  4340 E SignalClusterView: setSlotFocusVisible : subId -2
10-22 15:51:33.351 30976 31234 I BatteryMgr:DataCollectionService: stats => 1697982693351,218,4260,182,0,100
10-22 15:51:33.461 30976 31234 I BatteryMgr:DataCollectionService: stats => 1697982693460,218,4260,182,0,100
