10-22 15:57:47.463 11094 11094 E adbd    : service_to_fd: shell,v2,TERM=xterm-256color,raw:am start-foreground-service -n "com.example.batterymanager_utility/com.example.batterymanager_utility.DataCollectionService" --ei sampleRate 100 --es "dataFields" "BATTERY_PROPERTY_CURRENT_NOW,EXTRA_VOLTAGE,BATTERY_PROPERTY_CURRENT_AVERAGE,BATTERY_PROPERTY_CHARGE_COUNTER,BATTERY_PROPERTY_CAPACITY" --ez toCSV false
10-22 15:57:47.467  3957  4654 D ConnectivityService: filterNetworkStateForUid() uid: 10169 networkInfo: [type: WIFI[] - WIFI, state: CONNECTED/CONNECTED, reason: (unspecified), extra: "ourhome", failover: false, available: true, roaming: false, metered: false]
10-22 15:57:47.467  3957  4654 D WifiService: getConnectionInfo uid=1000
10-22 15:57:47.468  3957  8661 D ConnectivityService: filterNetworkStateForUid() uid: 10169 networkInfo: [type: WIFI[] - WIFI, state: CONNECTED/CONNECTED, reason: (unspecified), extra: "ourhome", failover: false, available: true, roaming: false, metered: false]
10-22 15:57:47.468  3957  8661 D WifiService: getConnectionInfo uid=1000
10-22 15:57:47.469  3957  8661 D ConnectivityService: filterNetworkStateForUid() uid: 10169 networkInfo: [type: WIFI[] - WIFI, state: CONNECTED/CONNECTED, reason: (unspecified), extra: "ourhome", failover: false, available: true, roaming: false, metered: false]
10-22 15:57:47.469  3957  8661 D WifiService: getConnectionInfo uid=1000
10-22 15:57:47.469 31963 32151 I libglean_ffi: glean_core::upload: New upload task with id 0b46a61f-145b-49a5-8d84-56f104f9596c (path: /submit/org-mozilla-fenix/events/1/0b46a61f-145b-49a5-8d84-56f104f9596c)
10-22 15:57:47.484 31963 31963 V InputMethodManager: Starting input: tba=android.view.inputmethod.EditorInfo@7b9ae7a nm : org.mozilla.fenix ic=null
10-22 15:57:47.485  3447  3447 I SurfaceFlinger: Display 0 HWC layers:
10-22 15:57:47.485  3447  3447 I SurfaceFlinger:     type    |    handle    | flag |  format   |   source crop (l,t,r,b)    |         frame       | name 
10-22 15:57:47.485  3447  3447 I SurfaceFlinger: ------------+--------------+------+-----------+----------------------------+---------------------+------
10-22 15:57:47.485  3447  3447 I SurfaceFlinger:      Device | 0x7e9ed37000 | 0000 | RGBA_8888 |   0.0    0.0  720.0 1280.0 |    0    0  720 1280 | org.mozilla.fenix/org.mozilla.fenix.App#0
10-22 15:57:47.485  3447  3447 I SurfaceFlinger:      Device | 0x7ea13f63c0 | 0000 | RGBA_8888 |   0.0    0.0  720.0 1280.0 |    0    0  720 1280 | Splash Screen org.mozilla.fenix#0
10-22 15:57:47.485  3447  3447 I SurfaceFlinger:      Device | 0x7e9cc0e500 | 0000 | RGBA_8888 |   0.0    0.0  720.0   42.0 |    0    0  720   42 | StatusBar#0
10-22 15:57:47.485  3447  3447 I SurfaceFlinger: 
10-22 15:57:47.509  3599  3918 D DnsProxyListener: DNSDBG::dns addrinfo af 0
10-22 15:57:47.510  3599  3918 D DnsProxyListener: DNSDBG::dns addrinfo af 0
10-22 15:57:47.518 32129 32129 I ServiceChildProcess: onCreate
10-22 15:57:47.519 32129 32170 I GeckoThread: preparing to run Gecko
10-22 15:57:47.522  3599  3918 D DnsProxyListener: DNSDBG::dns addrinfo af 0
10-22 15:57:47.527  4961  4961 D io_stats: !@ 179,0 r 9222491 300548648 w 2076323 40833176 d 165754 36554736 f 629339 654103 iot 4243280 3666985 th 51200 0 0 pt 0 inp 1 0 589474.112
10-22 15:57:47.551 31918 31918 I BatteryMgr:DataCollectionService: onStartCommand: begin
10-22 15:57:47.551 31918 31918 I BatteryMgr:DataCollectionService: onStartCommand: sampleRate => 100
10-22 15:57:47.551 31918 31918 I BatteryMgr:DataCollectionService: onStartCommand: rawFields => Timestamp,BATTERY_PROPERTY_CURRENT_NOW,EXTRA_VOLTAGE,BATTERY_PROPERTY_CURRENT_AVERAGE,BATTERY_PROPERTY_CHARGE_COUNTER,BATTERY_PROPERTY_CAPACITY
10-22 15:57:47.552 31918 31918 I BatteryMgr:DataCollectionService: onStartCommand: notification done
10-22 15:57:47.554 31918 31918 D Notification: allPendingIntents
10-22 15:57:47.555 31918 31918 I BatteryMgr:DataCollectionService: started foreground
10-22 15:57:47.556 31963 31963 D skia    : approximate: numPoints=40, lengths[39]=620.200073, totalLength=620.200073, segmentPoints[39]=[422.600037,0.000000]
10-22 15:57:47.556 31963 31963 D skia    : approximate: approximation[117]=1.000000, approximation[118]=422.600037, approximation[119]=0.000000
10-22 15:57:47.557 31963 31963 D skia    : approximate: numPoints=4, lengths[3]=3.448155, totalLength=3.448155, segmentPoints[3]=[3.000000,0.100000]
10-22 15:57:47.557 31963 31963 D skia    : approximate: approximation[9]=1.000000, approximation[10]=3.000000, approximation[11]=0.100000
10-22 15:57:47.557  3957  3972 D ApplicationPolicy: isStatusBarNotificationAllowedAsUser: packageName = android,userId = 0
10-22 15:57:47.557  3957  3972 D API test: getContainerInfo: value is 
10-22 15:57:47.557  3957  3972 D ApplicationPolicy: isStatusBarNotificationAllowedAsUser: packageName = android,userId = 0
10-22 15:57:47.557  3957  3972 D API test: getContainerInfo: value is 
10-22 15:57:47.558  3957  3972 E NotificationService: Suppressing notification from package by user request.
10-22 15:57:47.558  3957  3972 D ApplicationPolicy: isStatusBarNotificationAllowedAsUser: packageName = com.example.batterymanager_utility,userId = 0
10-22 15:57:47.558 31963 31963 D skia    : approximate: numPoints=37, lengths[36]=722.199951, totalLength=722.199951, segmentPoints[36]=[199.600006,0.000000]
10-22 15:57:47.558 31963 31963 D skia    : approximate: approximation[108]=1.000000, approximation[109]=199.600006, approximation[110]=0.000000
10-22 15:57:47.558  3957  3972 D API test: getContainerInfo: value is 
10-22 15:57:47.559  3957  3972 D ApplicationPolicy: isStatusBarNotificationAllowedAsUser: packageName = com.example.batterymanager_utility,userId = 0
10-22 15:57:47.559 31963 31963 D skia    : approximate: numPoints=3, lengths[2]=2.472497, totalLength=2.472497, segmentPoints[2]=[2.000000,0.100000]
10-22 15:57:47.559  3957  3972 D API test: getContainerInfo: value is 
10-22 15:57:47.559 31963 31963 D skia    : approximate: approximation[6]=1.000000, approximation[7]=2.000000, approximation[8]=0.100000
10-22 15:57:47.562  3957  3957 I AccessibilityManagerService: semOnLightNotification(null), bIsFlashOn : false
10-22 15:57:47.562  3957  3957 D AccessibilityManagerService: Can't use light notification
10-22 15:57:47.567 31918 32174 I BatteryMgr:DataCollectionService: collectData: begin
10-22 15:57:47.567 31963 31963 V InputMethodManager: Starting input: tba=android.view.inputmethod.EditorInfo@5306bcf nm : org.mozilla.fenix ic=null
10-22 15:57:47.567 31963 31963 I InputMethodManager: startInputInner - mService.startInputOrWindowGainedFocus
10-22 15:57:47.568  3957  4654 D InputMethodManagerService: startInputOrWindowGainedFocus : startInput 
10-22 15:57:47.568  3957  4654 D InputMethodManagerService: setCurrentInputInfo - inputContext : null eidtorInfo : android.view.inputmethod.EditorInfo@db14a3d missingMethods : 0
10-22 15:57:47.568 14900 14900 I InputMethodWrapper:  call dispatchStartInputWithToken
10-22 15:57:47.568 14900 14900 I InputMethodService: dispatchStartInputWithToken
10-22 15:57:47.569 14900 14900 I SKBD    : SamsungKeypad [IMI] onStartInput - caller pid : 31963, caller uid : 10169
10-22 15:57:47.571 11094 11094 E adbd    : recv: OPEN 0000d537 00000000 0042:73 68 65 6C 6C 2C 76 32 2C 54 45 52 4D 3D 78 74 65 72 6D 2D 32 35 36 63 6F 6C 6F 72 2C 72 61 77 3A 67 65 74 70 72 6F 70 20 72 6F 2E 62 75 69 6C 64 2E 76 65 72 73 69 6F 6E 2E 72 65 6C 65 61 73 65 00 
10-22 15:57:47.571 11094 11094 E adbd    : service_to_fd: shell,v2,TERM=xterm-256color,raw:getprop ro.build.version.release
10-22 15:57:47.580 31918 32174 I BatteryMgr:DataCollectionService: stats => 1697983067580,139,4260,143,0,100
10-22 15:57:47.584  3957  3957 D AudioService: getStreamVolume 5 index 110
10-22 15:57:47.586  3957  4654 D Notification: allPendingIntents
10-22 15:57:47.587  3957  8661 D Notification: allPendingIntents
10-22 15:57:47.587  4340  4340 D StatusBar: addNotification key=0|com.example.batterymanager_utility|1|null|10170 fullscreen:false
10-22 15:57:47.598  3599  3918 D DnsProxyListener: DNSDBG::dns addrinfo af 0
10-22 15:57:47.615  3957  4025 I WindowManager: Destroying surface Surface(name=Splash Screen org.mozilla.fenix) called by com.android.server.wm.WindowStateAnimator.destroySurface:2501 com.android.server.wm.WindowStateAnimator.destroySurfaceLocked:985 com.android.server.wm.WindowState.destroyOrSaveSurfaceUnchecked:3670 com.android.server.wm.WindowState.destroySurface:3618 com.android.server.wm.AppWindowToken.destroySurfaces:722 com.android.server.wm.AppWindowToken.destroySurfaces:706 com.android.server.wm.WindowState.onExitAnimationDone:5316 com.android.server.wm.WindowStateAnimator.stepAnimationLocked:550 
10-22 15:57:47.615  3447  5168 I SurfaceFlinger: id=3098 Removed Splash Screen org.mozilla.fenix#0 (4/5)
10-22 15:57:47.621  3447  3447 I SurfaceFlinger: Display 0 HWC layers:
10-22 15:57:47.621  3447  3447 I SurfaceFlinger:     type    |    handle    | flag |  format   |   source crop (l,t,r,b)    |         frame       | name 
10-22 15:57:47.621  3447  3447 I SurfaceFlinger: ------------+--------------+------+-----------+----------------------------+---------------------+------
10-22 15:57:47.621  3447  3447 I SurfaceFlinger:      Device | 0x7e9ed37000 | 0000 | RGBA_8888 |   0.0    0.0  720.0 1280.0 |    0    0  720 1280 | org.mozilla.fenix/org.mozilla.fenix.App#0
10-22 15:57:47.621  3447  3447 I SurfaceFlinger:      Device | 0x7e9cc0d780 | 0000 | RGBA_8888 |   0.0    0.0  720.0   42.0 |    0    0  720   42 | StatusBar#0
10-22 15:57:47.621  3447  3447 I SurfaceFlinger: 
10-22 15:57:47.625  3447  5168 I SurfaceFlinger: id=3098 Removed Splash Screen org.mozilla.fenix#0 (-2/5)
10-22 15:57:47.629 11094 11094 E adbd    : recv: OPEN 0000d53b 00000000 003e:73 68 65 6C 6C 2C 76 32 2C 54 45 52 4D 3D 78 74 65 72 6D 2D 32 35 36 63 6F 6C 6F 72 2C 72 61 77 3A 67 65 74 70 72 6F 70 20 72 6F 2E 62 75 69 6C 64 2E 76 65 72 73 69 6F 6E 2E 73 64 6B 00 
10-22 15:57:47.629 11094 11094 E adbd    : service_to_fd: shell,v2,TERM=xterm-256color,raw:getprop ro.build.version.sdk
10-22 15:57:47.630 31963 31992 W GeckoEventDispatcher: No listener for GeckoView:PageAction:Update
10-22 15:57:47.631  3447  3447 I Layer   : id=3098 onRemoved Splash Screen org.mozilla.fenix#0 
10-22 15:57:47.666  3957  9774 D ConnectivityService: filterNetworkStateForUid() uid: 10169 networkInfo: [type: WIFI[] - WIFI, state: CONNECTED/CONNECTED, reason: (unspecified), extra: "ourhome", failover: false, available: true, roaming: false, metered: false]
10-22 15:57:47.667  3957  9774 D WifiService: getConnectionInfo uid=1000
10-22 15:57:47.667  3957  9774 I chatty  : uid=1000(system) Binder:3957_17 identical 1 line
10-22 15:57:47.668  3957  9774 I chatty  : uid=1000(system) Binder:3957_17 identical 1 line
10-22 15:57:47.668  3957  9774 D ConnectivityService: filterNetworkStateForUid() uid: 10169 networkInfo: [type: WIFI[] - WIFI, state: CONNECTED/CONNECTED, reason: (unspecified), extra: "ourhome", failover: false, available: true, roaming: false, metered: false]
10-22 15:57:47.669  3957  9774 D WifiService: getConnectionInfo uid=1000
10-22 15:57:47.680  3957  9774 V WindowManager: Relayout Window{e888a1e u0 org.mozilla.fenix/org.mozilla.fenix.App}: viewVisibility=0 req=720x1280 WM.LayoutParams{(0,0)(fillxfill) sim=#10 ty=1 fl=#81010100 pfl=0x20000 fmt=-3 wanim=0x7f1404fa vsysui=0x2610 needsMenuKey=2 colorMode=0 naviIconColor=0}
10-22 15:57:47.685 31963 31963 D ViewRootImpl@bc73a50[App]: Relayout returned: old=[0,0][720,1280] new=[0,0][720,1280] result=0x1 surface={valid=true 499294007296} changed=false
10-22 15:57:47.688 31918 32174 I BatteryMgr:DataCollectionService: stats => 1697983067688,139,4260,143,0,100
10-22 15:57:47.697 32129 32170 W linker  : "/data/app/org.mozilla.fenix-iWpGOrf8cry6RDpwHyQugA==/lib/arm64/libmozglue.so" unused DT entry: type 0x8000024 arg 0x38f70
10-22 15:57:47.697 32129 32170 W linker  : "/data/app/org.mozilla.fenix-iWpGOrf8cry6RDpwHyQugA==/lib/arm64/libmozglue.so" unused DT entry: type 0x8000023 arg 0x1f8
10-22 15:57:47.697 32129 32170 W linker  : "/data/app/org.mozilla.fenix-iWpGOrf8cry6RDpwHyQugA==/lib/arm64/libmozglue.so" unused DT entry: type 0x8000025 arg 0x8
10-22 15:57:47.698  3957  4129 D WifiStateMachine:  ConnectedState !RSSI_PKTCNT_FETCH uid=1000 rt=589474281/1645449754 0 0 "ourhome" f4:6d:2f:12:cc:88 rssi=-43 f=5240 sc=60 link=433 tx=5.1, 0.0, 0.0  rx=5.8 bcn=473065 [on:0 tx:0 rx:0 period:1002] from screen [on:137681 period:1060512] score=60
10-22 15:57:47.699  3957  4129 D WifiStateMachine:  L2ConnectedState !RSSI_PKTCNT_FETCH uid=1000 rt=589474283/1645449756 0 0 "ourhome" f4:6d:2f:12:cc:88 rssi=-43 f=5240 sc=60 link=433 tx=5.1, 0.0, 0.0  rx=5.8 bcn=473065 [on:0 tx:0 rx:0 period:2] from screen [on:137681 period:1060514] score=60
10-22 15:57:47.701  3957  4129 D WifiStateMachine: fetchRssiLinkSpeedAndFrequencyNative rssi=-45 linkspeed=433 freq=5240
10-22 15:57:47.701  3957  4129 V WifiConfigManager: Updating scan detail cache freq=5240 BSSID=f4:6d:2f:12:cc:88 RSSI=-43 for "ourhome"WPA_PSK
10-22 15:57:47.707 32129 32170 I GeckoLoader: Library base=/data/app/org.mozilla.fenix-iWpGOrf8cry6RDpwHyQugA==/lib/arm64
10-22 15:57:47.710 32129 32170 I GeckoLoader: Library base=/data/app/org.mozilla.fenix-iWpGOrf8cry6RDpwHyQugA==/lib/arm64
10-22 15:57:47.711 32129 32170 E GeckoLibLoad: Load sqlite start
10-22 15:57:47.713 32129 32170 W linker  : "/data/app/org.mozilla.fenix-iWpGOrf8cry6RDpwHyQugA==/lib/arm64/libnss3.so" unused DT entry: type 0x8000024 arg 0x14998
10-22 15:57:47.713 32129 32170 W linker  : "/data/app/org.mozilla.fenix-iWpGOrf8cry6RDpwHyQugA==/lib/arm64/libnss3.so" unused DT entry: type 0x8000023 arg 0x5c8
10-22 15:57:47.714 32129 32170 W linker  : "/data/app/org.mozilla.fenix-iWpGOrf8cry6RDpwHyQugA==/lib/arm64/libnss3.so" unused DT entry: type 0x8000025 arg 0x8
10-22 15:57:47.716 32129 32170 E GeckoLibLoad: Load sqlite done
10-22 15:57:47.716 32129 32170 I GeckoLoader: Library base=/data/app/org.mozilla.fenix-iWpGOrf8cry6RDpwHyQugA==/lib/arm64
10-22 15:57:47.717 32129 32170 E GeckoLibLoad: Load nss start
10-22 15:57:47.717 32129 32170 E GeckoLibLoad: Load nss done
10-22 15:57:47.717 32129 32170 I GeckoLoader: Library base=/data/app/org.mozilla.fenix-iWpGOrf8cry6RDpwHyQugA==/lib/arm64
10-22 15:57:47.725 32129 32170 W linker  : "/data/app/org.mozilla.fenix-iWpGOrf8cry6RDpwHyQugA==/lib/arm64/libxul.so" unused DT entry: type 0x8000024 arg 0x539420
10-22 15:57:47.725 32129 32170 W linker  : "/data/app/org.mozilla.fenix-iWpGOrf8cry6RDpwHyQugA==/lib/arm64/libxul.so" unused DT entry: type 0x8000023 arg 0x17d68
10-22 15:57:47.726 32129 32170 W linker  : "/data/app/org.mozilla.fenix-iWpGOrf8cry6RDpwHyQugA==/lib/arm64/libxul.so" unused DT entry: type 0x8000025 arg 0x8
10-22 15:57:47.733  3957  9774 V WindowManager: rotationForOrientationLw(orient=2, last=0); user=0  sensorRotation=-1 mLidState=-1 mDockMode=0 mHdmiPlugged=false
10-22 15:57:47.742  3957  9774 V WindowManager: Relayout Window{e888a1e u0 org.mozilla.fenix/org.mozilla.fenix.App}: viewVisibility=0 req=720x1280 WM.LayoutParams{(0,0)(fillxfill) sim=#10 ty=1 fl=#81010100 pfl=0x20000 fmt=-3 wanim=0x7f1404fa vsysui=0x2610 needsMenuKey=2 colorMode=0 naviIconColor=0}
10-22 15:57:47.742  4340  4340 D KeyguardUpdateMonitor: handleStatusBarState( false )
10-22 15:57:47.748 32129 32170 E GeckoLibLoad: Loaded libs in 30.750692ms total, 12ms(8ms) user, 12ms(16ms) system, 0(0) faults
10-22 15:57:47.748 32129 32170 W GeckoThread: zerdatime 1645449806 - runGecko
10-22 15:57:47.749 31963 31963 D ViewRootImpl@bc73a50[App]: Relayout returned: old=[0,0][720,1280] new=[0,0][720,1280] result=0x1 surface={valid=true 499294007296} changed=false
10-22 15:57:47.767 23612 28242 I FontLog : (REDACTED) Received query %s, URI %s
10-22 15:57:47.769 23612 28242 I FontLog : (REDACTED) Query [%s] resolved to %s
10-22 15:57:47.776 23612 28242 I FontLog : (REDACTED) Fetch %s end status %s
10-22 15:57:47.783 23612 28242 I FontLog : (REDACTED) Pulling font file for id = %d, cache size = %d
10-22 15:57:47.790 31963 31963 I SessionPrioritizationMiddleware: Update the currentSelectedTab 0bc9df09-a749-4381-873d-08f227e3cdd3 priority to HIGH
10-22 15:57:47.796 23612 28242 I FontLog : (REDACTED) Pulling font file for id = %d, cache size = %d
10-22 15:57:47.799 31918 32174 I BatteryMgr:DataCollectionService: stats => 1697983067799,139,4260,143,0,100
10-22 15:57:47.832  3957  3972 D ApplicationPolicy: isStatusBarNotificationAllowedAsUser: packageName = android,userId = 0
10-22 15:57:47.832  3957  3972 D API test: getContainerInfo: value is 
10-22 15:57:47.832  3957  3972 D ApplicationPolicy: isStatusBarNotificationAllowedAsUser: packageName = android,userId = 0
10-22 15:57:47.832  3957  3972 D API test: getContainerInfo: value is 
10-22 15:57:47.832  3957  3972 E NotificationService: Suppressing notification from package by user request.
10-22 15:57:47.844 32129 32170 W AudioCapabilities: Unsupported mime audio/mpeg-L1
10-22 15:57:47.845 32129 32170 W AudioCapabilities: Unsupported mime audio/mpeg-L2
10-22 15:57:47.848 32129 32170 W AudioCapabilities: Unsupported mime audio/x-ms-wma
10-22 15:57:47.850 32129 32170 W AudioCapabilities: Unsupported mime audio/x-ima
10-22 15:57:47.857 32129 32170 W VideoCapabilities: Unrecognized profile 2130706433 for video/avc
10-22 15:57:47.857 32129 32170 W VideoCapabilities: Unrecognized profile 2130706434 for video/avc
10-22 15:57:47.859 32129 32170 W VideoCapabilities: Unrecognized profile 2130706433 for video/avc
10-22 15:57:47.859 32129 32170 W VideoCapabilities: Unrecognized profile 2130706434 for video/avc
10-22 15:57:47.874 32129 32170 W VideoCapabilities: Unrecognized profile 2130706433 for video/avc
10-22 15:57:47.874 32129 32170 W VideoCapabilities: Unrecognized profile 2130706434 for video/avc
10-22 15:57:47.876 32129 32170 W VideoCapabilities: Unsupported mime video/avc-wfd
10-22 15:57:47.891 31963 31992 W ResourceType: Too many attribute references, stopped at: 0x01010099
10-22 15:57:47.900 32129 32170 I VideoCapabilities: Unsupported profile 4 for video/mp4v-es
10-22 15:57:47.908 31918 32174 I BatteryMgr:DataCollectionService: stats => 1697983067907,139,4260,143,0,100
10-22 15:57:47.930 31963 31963 I WebExtension: releasePendingMessages: extension=webcompat-reporter@mozilla.org nativeApp=mozacWebcompatReporter session=null
10-22 15:57:47.935 31963 31963 I DefaultSupportedAddonsChecker: Unregister check for new supported add-ons
10-22 15:57:47.943 31963 31963 I WebExtension: releasePendingMessages: extension=fxa@mozac.org nativeApp=mozacWebchannel session=org.mozilla.geckoview.GeckoSession@e3352b3
10-22 15:57:47.943 31963 31963 I WebExtension: releasePendingMessages: extension=fxa@mozac.org nativeApp=mozacWebchannelBackground session=null
10-22 15:57:47.945 31963 31963 I WebExtension: releasePendingMessages: extension=readerview@mozac.org nativeApp=mozacReaderview session=org.mozilla.geckoview.GeckoSession@e3352b3
10-22 15:57:47.945 31963 31963 I WebExtension: releasePendingMessages: extension=readerview@mozac.org nativeApp=mozacReaderviewActive session=org.mozilla.geckoview.GeckoSession@e3352b3
10-22 15:57:47.946 31963 31963 I WebExtension: releasePendingMessages: extension=readerview@mozac.org nativeApp=mozacReaderview session=org.mozilla.geckoview.GeckoSession@e3352b3
10-22 15:57:47.946 31963 32151 I libglean_ffi: glean_core::upload: Ping 0b46a61f-145b-49a5-8d84-56f104f9596c successfully sent 200.
10-22 15:57:47.947 31963 31963 I WebExtension: releasePendingMessages: extension=icons@mozac.org nativeApp=MozacBrowserIcons session=org.mozilla.geckoview.GeckoSession@e3352b3
10-22 15:57:47.947 31963 31963 I WebExtension: releasePendingMessages: extension=ads@mozac.org nativeApp=MozacBrowserAdsMessage session=org.mozilla.geckoview.GeckoSession@e3352b3
10-22 15:57:47.948 31963 31963 I WebExtension: releasePendingMessages: extension=cookies@mozac.org nativeApp=MozacBrowserSearchMessage session=org.mozilla.geckoview.GeckoSession@e3352b3
10-22 15:57:47.950 31963 32151 I libglean_ffi: glean_core::upload::directory: File was deleted /data/user/0/org.mozilla.fenix/glean_data/pending_pings/0b46a61f-145b-49a5-8d84-56f104f9596c
10-22 15:57:47.952 31963 32151 I libglean_ffi: glean_core::upload: New upload task with id dd7567ad-9fe9-47d7-ac59-eb6a8e715aa1 (path: /submit/org-mozilla-fenix/baseline/1/dd7567ad-9fe9-47d7-ac59-eb6a8e715aa1)
10-22 15:57:47.956 32129 32170 W VideoCapabilities: Unrecognized profile/level 1/32 for video/mp4v-es
10-22 15:57:47.956 32129 32170 W VideoCapabilities: Unrecognized profile/level 32768/2 for video/mp4v-es
10-22 15:57:47.956 32129 32170 W VideoCapabilities: Unrecognized profile/level 32768/64 for video/mp4v-es
10-22 15:57:47.963 32129 32170 W VideoCapabilities: Unsupported mime video/wvc1
10-22 15:57:47.965 32129 32170 W VideoCapabilities: Unsupported mime video/x-ms-wmv
10-22 15:57:47.968 32129 32170 W VideoCapabilities: Unsupported mime video/x-ms-wmv7
10-22 15:57:47.970 32129 32170 W VideoCapabilities: Unsupported mime video/x-ms-wmv8
10-22 15:57:47.972 32129 32170 W VideoCapabilities: Unsupported mime video/mp43
10-22 15:57:47.974  3957  4089 D MdnieScenarioControlService:  packageName : org.mozilla.fenix    className : org.mozilla.fenix.App
10-22 15:57:47.974  3957  4089 V MdnieScenarioControlService: setUIMode from UI function(3)
10-22 15:57:47.980 32129 32170 W AudioCapabilities: Unsupported mime audio/mpeg-L1
10-22 15:57:47.981 32129 32170 W AudioCapabilities: Unsupported mime audio/mpeg-L2
10-22 15:57:47.981 32129 32170 W AudioCapabilities: Unsupported mime audio/x-ms-wma
10-22 15:57:47.981 32129 32170 W AudioCapabilities: Unsupported mime audio/x-ima
10-22 15:57:47.984 32129 32170 W VideoCapabilities: Unrecognized profile 2130706433 for video/avc
10-22 15:57:47.984 32129 32170 W VideoCapabilities: Unrecognized profile 2130706434 for video/avc
10-22 15:57:47.991 32129 32170 W VideoCapabilities: Unrecognized profile/level 1/32 for video/mp4v-es
10-22 15:57:47.991 32129 32170 W VideoCapabilities: Unrecognized profile/level 32768/2 for video/mp4v-es
10-22 15:57:47.991 32129 32170 W VideoCapabilities: Unrecognized profile/level 32768/64 for video/mp4v-es
10-22 15:57:47.992 32129 32170 W VideoCapabilities: Unsupported mime video/wvc1
10-22 15:57:47.993 32129 32170 W VideoCapabilities: Unsupported mime video/x-ms-wmv
10-22 15:57:47.994 32129 32170 W VideoCapabilities: Unsupported mime video/x-ms-wmv7
10-22 15:57:47.994 32129 32170 W VideoCapabilities: Unsupported mime video/x-ms-wmv8
10-22 15:57:47.995 32129 32170 W VideoCapabilities: Unsupported mime video/mp43
10-22 15:57:48.015 31918 32174 I BatteryMgr:DataCollectionService: stats => 1697983068014,139,4260,143,0,100
10-22 15:57:48.015  3957  4129 D WifiStateMachine:  ConnectedState !CMD_RSSI_POLL rt=589474600/1645450072 110 0 "ourhome" f4:6d:2f:12:cc:88 rssi=-45 f=5240 sc=60 link=433 tx=5.1, 0.0, 0.0  rx=5.8 bcn=473065 [on:0 tx:0 rx:0 period:316] from screen [on:137681 period:1060830] score=60
10-22 15:57:48.015  3957  4129 D WifiStateMachine:  L2ConnectedState !CMD_RSSI_POLL rt=589474600/1645450073 110 0 "ourhome" f4:6d:2f:12:cc:88 rssi=-45 f=5240 sc=60 link=433 tx=5.1, 0.0, 0.0  rx=5.8 bcn=473065 [on:0 tx:0 rx:0 period:0] from screen [on:137681 period:1060830] score=60
10-22 15:57:48.015  3957  4129 D WifiStateMachine:  get link layer stats 3
10-22 15:57:48.016  3436  3436 I android.hardware.wifi@1.0-service: getLinkLayerStats
10-22 15:57:48.018  3957  4129 D WifiStateMachine: fetchRssiLinkSpeedAndFrequencyNative rssi=-45 linkspeed=433 freq=5240
10-22 15:57:48.018  3957  4129 V WifiConfigManager: Updating scan detail cache freq=5240 BSSID=f4:6d:2f:12:cc:88 RSSI=-44 for "ourhome"WPA_PSK
10-22 15:57:48.021  4340  4340 E SignalClusterView: setSlotFocusVisible : subId -2
10-22 15:57:48.021  4340  4340 E SignalClusterView: setSlotFocusVisible : subId -2
10-22 15:57:48.044  3957  3957 D CustomFrequencyManagerService: releaseDVFSLockLocked : Getting Lock type frm List : DVFS_MIN_LIMIT  frequency : 1560000  uid : 1000  pid : 3957  tag : AMS_RESUME_TAIL@CPU_MIN@58
10-22 15:57:48.063  3957  4128 D WifiService: getConnectionInfo uid=1000
10-22 15:57:48.064 32053 32078 W linker  : "/data/app/org.mozilla.fenix-iWpGOrf8cry6RDpwHyQugA==/lib/arm64/libmozglue.so" unused DT entry: type 0x8000024 arg 0x38f70
10-22 15:57:48.064 32053 32078 W linker  : "/data/app/org.mozilla.fenix-iWpGOrf8cry6RDpwHyQugA==/lib/arm64/libmozglue.so" unused DT entry: type 0x8000023 arg 0x1f8
10-22 15:57:48.064 32053 32078 W linker  : "/data/app/org.mozilla.fenix-iWpGOrf8cry6RDpwHyQugA==/lib/arm64/libmozglue.so" unused DT entry: type 0x8000025 arg 0x8
10-22 15:57:48.068 32053 32078 I GeckoLoader: Library base=/data/app/org.mozilla.fenix-iWpGOrf8cry6RDpwHyQugA==/lib/arm64
10-22 15:57:48.068 32053 32078 I GeckoLoader: Library base=/data/app/org.mozilla.fenix-iWpGOrf8cry6RDpwHyQugA==/lib/arm64
10-22 15:57:48.069 31963 31992 W AudioCapabilities: Unsupported mime audio/mpeg-L1
10-22 15:57:48.069 31963 31992 W AudioCapabilities: Unsupported mime audio/mpeg-L2
10-22 15:57:48.070 32053 32078 E GeckoLibLoad: Load sqlite start
10-22 15:57:48.071 31963 31992 W AudioCapabilities: Unsupported mime audio/x-ms-wma
10-22 15:57:48.071 32053 32078 W linker  : "/data/app/org.mozilla.fenix-iWpGOrf8cry6RDpwHyQugA==/lib/arm64/libnss3.so" unused DT entry: type 0x8000024 arg 0x14998
10-22 15:57:48.071 31963 31992 W AudioCapabilities: Unsupported mime audio/x-ima
10-22 15:57:48.072 32053 32078 W linker  : "/data/app/org.mozilla.fenix-iWpGOrf8cry6RDpwHyQugA==/lib/arm64/libnss3.so" unused DT entry: type 0x8000023 arg 0x5c8
10-22 15:57:48.072 32053 32078 W linker  : "/data/app/org.mozilla.fenix-iWpGOrf8cry6RDpwHyQugA==/lib/arm64/libnss3.so" unused DT entry: type 0x8000025 arg 0x8
10-22 15:57:48.073 32053 32078 E GeckoLibLoad: Load sqlite done
10-22 15:57:48.073 32053 32078 I GeckoLoader: Library base=/data/app/org.mozilla.fenix-iWpGOrf8cry6RDpwHyQugA==/lib/arm64
10-22 15:57:48.073 32053 32078 E GeckoLibLoad: Load nss start
10-22 15:57:48.074 32053 32078 E GeckoLibLoad: Load nss done
10-22 15:57:48.074 32053 32078 I GeckoLoader: Library base=/data/app/org.mozilla.fenix-iWpGOrf8cry6RDpwHyQugA==/lib/arm64
10-22 15:57:48.075 31963 31992 W VideoCapabilities: Unrecognized profile 2130706433 for video/avc
10-22 15:57:48.075 31963 31992 W VideoCapabilities: Unrecognized profile 2130706434 for video/avc
10-22 15:57:48.076 31963 31992 W VideoCapabilities: Unrecognized profile 2130706433 for video/avc
10-22 15:57:48.076 31963 31992 W VideoCapabilities: Unrecognized profile 2130706434 for video/avc
10-22 15:57:48.077 32053 32078 W linker  : "/data/app/org.mozilla.fenix-iWpGOrf8cry6RDpwHyQugA==/lib/arm64/libxul.so" unused DT entry: type 0x8000024 arg 0x539420
10-22 15:57:48.077 32053 32078 W linker  : "/data/app/org.mozilla.fenix-iWpGOrf8cry6RDpwHyQugA==/lib/arm64/libxul.so" unused DT entry: type 0x8000023 arg 0x17d68
10-22 15:57:48.077 32053 32078 W linker  : "/data/app/org.mozilla.fenix-iWpGOrf8cry6RDpwHyQugA==/lib/arm64/libxul.so" unused DT entry: type 0x8000025 arg 0x8
10-22 15:57:48.083 31963 31992 W VideoCapabilities: Unrecognized profile 2130706433 for video/avc
10-22 15:57:48.083 31963 31992 W VideoCapabilities: Unrecognized profile 2130706434 for video/avc
10-22 15:57:48.085 31963 31992 W VideoCapabilities: Unsupported mime video/avc-wfd
10-22 15:57:48.101 31963 31992 I VideoCapabilities: Unsupported profile 4 for video/mp4v-es
10-22 15:57:48.107  3957  3957 D PreBindingService: handleMessage : 1
10-22 15:57:48.107 32053 32078 E GeckoLibLoad: Loaded libs in 33.182731ms total, 16ms(16ms) user, 20ms(20ms) system, 0(0) faults
10-22 15:57:48.107 32053 32078 W GeckoThread: zerdatime 1645450165 - runGecko
10-22 15:57:48.119 31963 31992 W VideoCapabilities: Unrecognized profile/level 1/32 for video/mp4v-es
10-22 15:57:48.119 31963 31992 W VideoCapabilities: Unrecognized profile/level 32768/2 for video/mp4v-es
10-22 15:57:48.119 31963 31992 W VideoCapabilities: Unrecognized profile/level 32768/64 for video/mp4v-es
10-22 15:57:48.120 31963 31992 W VideoCapabilities: Unsupported mime video/wvc1
10-22 15:57:48.121 31963 31992 W VideoCapabilities: Unsupported mime video/x-ms-wmv
10-22 15:57:48.122 31918 32174 I BatteryMgr:DataCollectionService: stats => 1697983068122,139,4260,143,0,100
10-22 15:57:48.123 31963 31992 W VideoCapabilities: Unsupported mime video/x-ms-wmv7
10-22 15:57:48.124 31963 31992 W VideoCapabilities: Unsupported mime video/x-ms-wmv8
10-22 15:57:48.125 31963 31992 W VideoCapabilities: Unsupported mime video/mp43
10-22 15:57:48.131 31963 31992 W AudioCapabilities: Unsupported mime audio/mpeg-L1
10-22 15:57:48.131 31963 31992 W AudioCapabilities: Unsupported mime audio/mpeg-L2
10-22 15:57:48.131 31963 31992 W AudioCapabilities: Unsupported mime audio/x-ms-wma
10-22 15:57:48.131 31963 31992 W AudioCapabilities: Unsupported mime audio/x-ima
10-22 15:57:48.132 31963 31992 W VideoCapabilities: Unrecognized profile 2130706433 for video/avc
10-22 15:57:48.132 31963 31992 W VideoCapabilities: Unrecognized profile 2130706434 for video/avc
10-22 15:57:48.135 31963 31992 W VideoCapabilities: Unrecognized profile/level 1/32 for video/mp4v-es
10-22 15:57:48.135 31963 31992 W VideoCapabilities: Unrecognized profile/level 32768/2 for video/mp4v-es
10-22 15:57:48.135 31963 31992 W VideoCapabilities: Unrecognized profile/level 32768/64 for video/mp4v-es
10-22 15:57:48.136 31963 31992 W VideoCapabilities: Unsupported mime video/wvc1
10-22 15:57:48.137 31963 31992 W VideoCapabilities: Unsupported mime video/x-ms-wmv
10-22 15:57:48.137 31963 31992 W VideoCapabilities: Unsupported mime video/x-ms-wmv7
10-22 15:57:48.138 31963 31992 W VideoCapabilities: Unsupported mime video/x-ms-wmv8
10-22 15:57:48.139 31963 31992 W VideoCapabilities: Unsupported mime video/mp43
10-22 15:57:48.156 32129 32202 D libGLESv2: STS_GLApi : DTS, ODTC are not allowed for Package : org.mozilla.fenix:gpu
10-22 15:57:48.163 32129 32146 V Surface : sf_framedrop debug : 0x4f4c, game : false, logging : 0
10-22 15:57:48.166 32129 32202 D mali_winsys: EGLint new_window_surface(egl_winsys_display *, void *, EGLSurface, EGLConfig, egl_winsys_surface **, egl_color_buffer_format *, EGLBoolean) returns 0x3000,  [720x1238]-format:2
10-22 15:57:48.174 31963 31992 I GeckoSession: zerdatime 1645450232 - chrome startup finished
10-22 15:57:48.196 31963 31963 I GeckoSession: handleMessage GeckoView:PageStart uri=
10-22 15:57:48.196 31963 31963 I GeckoSession: handleMessage GeckoView:PageStop uri=null
10-22 15:57:48.218 31963 32151 I libglean_ffi: glean_core::upload: Ping dd7567ad-9fe9-47d7-ac59-eb6a8e715aa1 successfully sent 200.
10-22 15:57:48.221 31963 32151 I libglean_ffi: glean_core::upload::directory: File was deleted /data/user/0/org.mozilla.fenix/glean_data/pending_pings/dd7567ad-9fe9-47d7-ac59-eb6a8e715aa1
10-22 15:57:48.223 31963 32151 I libglean_ffi: glean_core::upload: New upload task with id 1c351471-3327-485a-81b0-a8c15c3867b4 (path: /submit/org-mozilla-fenix/baseline/1/1c351471-3327-485a-81b0-a8c15c3867b4)
10-22 15:57:48.234 31918 32174 I BatteryMgr:DataCollectionService: stats => 1697983068234,139,4260,143,0,100
10-22 15:57:48.237 31963 31963 I GeckoSession: handleMessage GeckoView:PageStart uri=
10-22 15:57:48.246  3599  3918 D DnsProxyListener: DNSDBG::dns addrinfo af 0
10-22 15:57:48.284  3447  3447 I SurfaceFlinger: Display 0 HWC layers:
10-22 15:57:48.284  3447  3447 I SurfaceFlinger:     type    |    handle    | flag |  format   |   source crop (l,t,r,b)    |         frame       | name 
10-22 15:57:48.284  3447  3447 I SurfaceFlinger: ------------+--------------+------+-----------+----------------------------+---------------------+------
10-22 15:57:48.284  3447  3447 I SurfaceFlinger:      Device | 0x7e9ec22800 | 0000 | RGBx_8888 |   0.0    0.0  720.0 1238.0 |    0   42  720 1280 | SurfaceView - org.mozilla.fenix/org.mozilla.fenix.App@76479fe@0#0
10-22 15:57:48.284  3447  3447 I SurfaceFlinger:      Device | 0x7ea118ee80 | 0000 | RGBA_8888 |   0.0    0.0  720.0 1280.0 |    0    0  720 1280 | org.mozilla.fenix/org.mozilla.fenix.App#0
10-22 15:57:48.284  3447  3447 I SurfaceFlinger:      Device | 0x7e9ec21fc0 | 0000 | RGBA_8888 |   0.0    0.0  720.0   42.0 |    0    0  720   42 | StatusBar#0
10-22 15:57:48.284  3447  3447 I SurfaceFlinger: 
10-22 15:57:48.305 31963 31992 D GeckoIdleService: Setting timer a day from now
10-22 15:57:48.309 31963 31992 D GeckoIdleService: Register idle observer 0x7424a2cd28 for 5 seconds
10-22 15:57:48.309 31963 31992 D GeckoIdleService: Register: adjusting next switch from -1 to 5 seconds
10-22 15:57:48.309 31963 31992 D GeckoIdleService: next timeout 4996 msec from now
10-22 15:57:48.309 31963 31992 D GeckoIdleService: SetTimerExpiryIfBefore: next timeout 4996 msec from now
10-22 15:57:48.309 31963 31992 D GeckoIdleService: reset timer expiry to 5006 msec from now
10-22 15:57:48.343 31918 32174 I BatteryMgr:DataCollectionService: stats => 1697983068343,139,4260,143,0,100
10-22 15:57:48.391  3957  9774 D StorageManagerService: getExternalStorageMountMode : 1
10-22 15:57:48.391  3957  9774 D StorageManagerService: getExternalStorageMountMode : 3
10-22 15:57:48.392  3957  9774 D StorageManagerService: getExternalStorageMountMode : final mountMode=1, uid : 10169, packageName : org.mozilla.fenix
10-22 15:57:48.392  3957  9774 I ApplicationPolicy: isApplicationExternalStorageWhitelisted:org.mozilla.fenix user:0
10-22 15:57:48.392  3957  9774 D ApplicationPolicy: isApplicationExternalStorageWhitelisted: DO is not enabled on user 0. Allowed.
10-22 15:57:48.392  3957  9774 D ActivityManager: package  org.mozilla.fenix, user - 0 is SDcard whitelisted
10-22 15:57:48.392  3957  9774 I ApplicationPolicy: isApplicationExternalStorageBlacklisted:org.mozilla.fenix user:0
10-22 15:57:48.392  3957  9774 D ApplicationPolicy: isApplicationExternalStorageBlacklisted: DO is not enabled on user 0. Allowed.
10-22 15:57:48.408 32276 32276 E Zygote  : isWhitelistProcess - Process is Whitelisted
10-22 15:57:48.408 32276 32276 E libpersona: scanKnoxPersonas
10-22 15:57:48.408 32276 32276 E libpersona: Couldn't open the File - /data/system/users/0/personalist.xml - No such file or directory
10-22 15:57:48.409  3957  9774 I ActivityManager: Start proc 32276:org.mozilla.fenix:tab9/u0a169 for service org.mozilla.fenix/org.mozilla.gecko.process.GeckoChildProcessServices$tab9
10-22 15:57:48.410 32276 32276 W SELinux : SELinux selinux_android_compute_policy_index : Policy Index[2],  Con:u:r:zygote:s0 RAM:SEPF_SM-J720F_8.0.0_0002, [-1 -1 -1 -1 0 1]
10-22 15:57:48.411 32276 32276 I SELinux : SELinux: seapp_context_lookup: seinfo=untrusted, level=s0:c512,c768, pkgname=org.mozilla.fenix:tab9 
10-22 15:57:48.432 32276 32276 D TimaKeyStoreProvider: TimaKeyStore is not enabled: cannot add TimaSignature Service and generateKeyPair Service
10-22 15:57:48.433 32276 32276 D ActivityThread: Added TimaKeyStore provider
10-22 15:57:48.436  3957  9774 I ActivityManager: DSS on for org.mozilla.fenix and scale is 1.0
10-22 15:57:48.453 31918 32174 I BatteryMgr:DataCollectionService: stats => 1697983068453,139,4260,143,0,100
10-22 15:57:48.458 32276 32276 I zygote64: no shared libraies, dex_files: 1
10-22 15:57:48.529 32276 32276 I ServiceChildProcess: onCreate
10-22 15:57:48.530 32276 32293 I GeckoThread: preparing to run Gecko
10-22 15:57:48.534 31963 31992 W AudioCapabilities: Unsupported mime audio/mpeg-L1
10-22 15:57:48.534 31963 31992 W AudioCapabilities: Unsupported mime audio/mpeg-L2
10-22 15:57:48.534 31963 31992 W AudioCapabilities: Unsupported mime audio/x-ms-wma
10-22 15:57:48.534 31963 31992 W AudioCapabilities: Unsupported mime audio/x-ima
10-22 15:57:48.535 31963 31992 W VideoCapabilities: Unrecognized profile 2130706433 for video/avc
10-22 15:57:48.535 31963 31992 W VideoCapabilities: Unrecognized profile 2130706434 for video/avc
10-22 15:57:48.536 32276 32293 W linker  : "/data/app/org.mozilla.fenix-iWpGOrf8cry6RDpwHyQugA==/lib/arm64/libmozglue.so" unused DT entry: type 0x8000024 arg 0x38f70
10-22 15:57:48.536 32276 32293 W linker  : "/data/app/org.mozilla.fenix-iWpGOrf8cry6RDpwHyQugA==/lib/arm64/libmozglue.so" unused DT entry: type 0x8000023 arg 0x1f8
10-22 15:57:48.536 32276 32293 W linker  : "/data/app/org.mozilla.fenix-iWpGOrf8cry6RDpwHyQugA==/lib/arm64/libmozglue.so" unused DT entry: type 0x8000025 arg 0x8
10-22 15:57:48.538 31963 31992 W VideoCapabilities: Unrecognized profile/level 1/32 for video/mp4v-es
10-22 15:57:48.538 31963 31992 W VideoCapabilities: Unrecognized profile/level 32768/2 for video/mp4v-es
10-22 15:57:48.538 31963 31992 W VideoCapabilities: Unrecognized profile/level 32768/64 for video/mp4v-es
10-22 15:57:48.538 31963 31992 W VideoCapabilities: Unsupported mime video/wvc1
10-22 15:57:48.539 31963 31992 W VideoCapabilities: Unsupported mime video/x-ms-wmv
10-22 15:57:48.540 31963 31992 W VideoCapabilities: Unsupported mime video/x-ms-wmv7
10-22 15:57:48.540 32276 32293 I GeckoLoader: Library base=/data/app/org.mozilla.fenix-iWpGOrf8cry6RDpwHyQugA==/lib/arm64
10-22 15:57:48.540 31963 31992 W VideoCapabilities: Unsupported mime video/x-ms-wmv8
10-22 15:57:48.540 32276 32293 I GeckoLoader: Library base=/data/app/org.mozilla.fenix-iWpGOrf8cry6RDpwHyQugA==/lib/arm64
10-22 15:57:48.541 31963 31992 W VideoCapabilities: Unsupported mime video/mp43
10-22 15:57:48.541 32276 32293 E GeckoLibLoad: Load sqlite start
10-22 15:57:48.542 32276 32293 W linker  : "/data/app/org.mozilla.fenix-iWpGOrf8cry6RDpwHyQugA==/lib/arm64/libnss3.so" unused DT entry: type 0x8000024 arg 0x14998
10-22 15:57:48.542 32276 32293 W linker  : "/data/app/org.mozilla.fenix-iWpGOrf8cry6RDpwHyQugA==/lib/arm64/libnss3.so" unused DT entry: type 0x8000023 arg 0x5c8
10-22 15:57:48.543 32276 32293 W linker  : "/data/app/org.mozilla.fenix-iWpGOrf8cry6RDpwHyQugA==/lib/arm64/libnss3.so" unused DT entry: type 0x8000025 arg 0x8
10-22 15:57:48.544 32276 32293 E GeckoLibLoad: Load sqlite done
10-22 15:57:48.544 32276 32293 I GeckoLoader: Library base=/data/app/org.mozilla.fenix-iWpGOrf8cry6RDpwHyQugA==/lib/arm64
10-22 15:57:48.545 32276 32293 E GeckoLibLoad: Load nss start
10-22 15:57:48.545 32276 32293 E GeckoLibLoad: Load nss done
10-22 15:57:48.545 32276 32293 I GeckoLoader: Library base=/data/app/org.mozilla.fenix-iWpGOrf8cry6RDpwHyQugA==/lib/arm64
10-22 15:57:48.550 32276 32293 W linker  : "/data/app/org.mozilla.fenix-iWpGOrf8cry6RDpwHyQugA==/lib/arm64/libxul.so" unused DT entry: type 0x8000024 arg 0x539420
10-22 15:57:48.550 32276 32293 W linker  : "/data/app/org.mozilla.fenix-iWpGOrf8cry6RDpwHyQugA==/lib/arm64/libxul.so" unused DT entry: type 0x8000023 arg 0x17d68
10-22 15:57:48.550 32276 32293 W linker  : "/data/app/org.mozilla.fenix-iWpGOrf8cry6RDpwHyQugA==/lib/arm64/libxul.so" unused DT entry: type 0x8000025 arg 0x8
10-22 15:57:48.562 31918 32174 I BatteryMgr:DataCollectionService: stats => 1697983068562,139,4260,143,0,100
10-22 15:57:48.575 31963 32151 I libglean_ffi: glean_core::upload: Ping 1c351471-3327-485a-81b0-a8c15c3867b4 successfully sent 200.
10-22 15:57:48.575  3957  7899 D ConnectivityService: filterNetworkStateForUid() uid: 10169 networkInfo: [type: WIFI[] - WIFI, state: CONNECTED/CONNECTED, reason: (unspecified), extra: "ourhome", failover: false, available: true, roaming: false, metered: false]
10-22 15:57:48.575  3957  7899 D WifiService: getConnectionInfo uid=1000
10-22 15:57:48.578 31963 32151 I libglean_ffi: glean_core::upload::directory: File was deleted /data/user/0/org.mozilla.fenix/glean_data/pending_pings/1c351471-3327-485a-81b0-a8c15c3867b4
10-22 15:57:48.582 31963 32151 I libglean_ffi: glean_core::upload: No more pings to upload! You are done.
10-22 15:57:48.588 31963 32049 I WM-WorkerWrapper: Worker result SUCCESS for Work [ id=062d75dd-2e14-4039-986a-b379333fa31a, tags={ mozilla.telemetry.glean.scheduler.PingUploadWorker, mozac_service_glean_ping_upload_worker } ]
10-22 15:57:48.588 32276 32293 E GeckoLibLoad: Loaded libs in 42.534115ms total, 16ms(12ms) user, 24ms(28ms) system, 0(0) faults
10-22 15:57:48.588 32276 32293 W GeckoThread: zerdatime 1645450646 - runGecko
10-22 15:57:48.597 31963 31963 D ConnectivityManager: unregisterNetworkCallback; CallingUid : 10169, CallingPid : 31963
10-22 15:57:48.597  3957  4157 D ConnectivityService: releasing NetworkRequest [ TRACK_DEFAULT id=2067, [ Capabilities: INTERNET&NOT_RESTRICTED&TRUSTED&NOT_VPN] ] (CALLBACK_RELEASED)
10-22 15:57:48.598  3957  4157 D ConnectivityService:  Removing from current network NetworkAgentInfo [WIFI () - 509], leaving 16 requests.
10-22 15:57:48.599  3957  4157 D ConnectivityService: sending notification RELEASED for NetworkRequest [ TRACK_DEFAULT id=2067, [ Capabilities: INTERNET&NOT_RESTRICTED&TRUSTED&NOT_VPN] ]
10-22 15:57:48.671 31918 32174 I BatteryMgr:DataCollectionService: stats => 1697983068671,139,4260,143,0,100
10-22 15:57:48.689  3957  7899 D ConnectivityService: filterNetworkStateForUid() uid: 10169 networkInfo: [type: WIFI[] - WIFI, state: CONNECTED/CONNECTED, reason: (unspecified), extra: "ourhome", failover: false, available: true, roaming: false, metered: false]
10-22 15:57:48.689  3957  7899 D WifiService: getConnectionInfo uid=1000
10-22 15:57:48.693  3957  7899 D WifiService: getConnectionInfo uid=1000
10-22 15:57:48.698  3957  4129 D WifiStateMachine:  ConnectedState !RSSI_PKTCNT_FETCH uid=1000 rt=589475282/1645450755 0 0 "ourhome" f4:6d:2f:12:cc:88 rssi=-45 f=5240 sc=60 link=433 tx=57.6, 0.0, 0.0  rx=59.7 bcn=473094 [on:0 tx:0 rx:0 period:678] from screen [on:138237 period:1061513] score=60
10-22 15:57:48.700  3957  4129 D WifiStateMachine:  L2ConnectedState !RSSI_PKTCNT_FETCH uid=1000 rt=589475284/1645450756 0 0 "ourhome" f4:6d:2f:12:cc:88 rssi=-45 f=5240 sc=60 link=433 tx=57.6, 0.0, 0.0  rx=59.7 bcn=473094 [on:0 tx:0 rx:0 period:1] from screen [on:138237 period:1061514] score=60
10-22 15:57:48.701  3957  4129 D WifiStateMachine: fetchRssiLinkSpeedAndFrequencyNative rssi=-46 linkspeed=433 freq=5240
10-22 15:57:48.701  3957  4129 V WifiConfigManager: Updating scan detail cache freq=5240 BSSID=f4:6d:2f:12:cc:88 RSSI=-45 for "ourhome"WPA_PSK
10-22 15:57:48.701  3957  7899 D WifiService: getConnectionInfo uid=1000
10-22 15:57:48.706  3957  7899 D WifiService: getConnectionInfo uid=1000
10-22 15:57:48.711 32053 32078 W linker  : "/data/app/org.mozilla.fenix-iWpGOrf8cry6RDpwHyQugA==/lib/arm64/libsoftokn3.so" unused DT entry: type 0x8000024 arg 0x2580
10-22 15:57:48.711 32053 32078 W linker  : "/data/app/org.mozilla.fenix-iWpGOrf8cry6RDpwHyQugA==/lib/arm64/libsoftokn3.so" unused DT entry: type 0x8000023 arg 0x70
10-22 15:57:48.711 32053 32078 W linker  : "/data/app/org.mozilla.fenix-iWpGOrf8cry6RDpwHyQugA==/lib/arm64/libsoftokn3.so" unused DT entry: type 0x8000025 arg 0x8
10-22 15:57:48.712 32053 32078 W linker  : "/data/app/org.mozilla.fenix-iWpGOrf8cry6RDpwHyQugA==/lib/arm64/libfreebl3.so" unused DT entry: type 0x8000024 arg 0xe78
10-22 15:57:48.712 32053 32078 W linker  : "/data/app/org.mozilla.fenix-iWpGOrf8cry6RDpwHyQugA==/lib/arm64/libfreebl3.so" unused DT entry: type 0x8000023 arg 0x68
10-22 15:57:48.713 32053 32078 W linker  : "/data/app/org.mozilla.fenix-iWpGOrf8cry6RDpwHyQugA==/lib/arm64/libfreebl3.so" unused DT entry: type 0x8000025 arg 0x8
10-22 15:57:48.725  3957  7899 D WifiService: getConnectionInfo uid=1000
10-22 15:57:48.728  3957  7899 D WifiService: getConnectionInfo uid=1000
10-22 15:57:48.782 31918 32174 I BatteryMgr:DataCollectionService: stats => 1697983068782,139,4260,143,0,100
10-22 15:57:48.791  3957  7899 D WifiService: getConnectionInfo uid=1000
10-22 15:57:48.876  3957  7899 I chatty  : uid=1000(system) Binder:3957_11 identical 14 lines
10-22 15:57:48.879  3957  7899 I chatty  : uid=1000(system) Binder:3957_11 identical 21 lines
10-22 15:57:48.879  3957  7899 D WifiService: getConnectionInfo uid=1000
10-22 15:57:48.891 31918 32174 I BatteryMgr:DataCollectionService: stats => 1697983068890,139,4260,143,0,100
10-22 15:57:48.955  3957  7899 D ConnectivityService: filterNetworkStateForUid() uid: 10169 networkInfo: [type: WIFI[] - WIFI, state: CONNECTED/CONNECTED, reason: (unspecified), extra: "ourhome", failover: false, available: true, roaming: false, metered: false]
10-22 15:57:48.955  3957  7899 D WifiService: getConnectionInfo uid=1000
10-22 15:57:48.955 32129 32216 E vulkan  : invalid vkGetInstanceProcAddr(VK_NULL_HANDLE, "vkEnumerateInstanceVersion") call
10-22 15:57:48.955 32129 32216 E vulkan  : invalid vkGetInstanceProcAddr(VK_NULL_HANDLE, "vkEnumerateInstanceVersion") call
10-22 15:57:48.963 32129 32216 D vulkan  : searching for layers in '/data/app/org.mozilla.fenix-iWpGOrf8cry6RDpwHyQugA==/lib/arm64'
10-22 15:57:48.964 32129 32216 D vulkan  : searching for layers in '/data/app/org.mozilla.fenix-iWpGOrf8cry6RDpwHyQugA==/base.apk!/lib/arm64-v8a'
10-22 15:57:48.973 32129 32216 D vulkan  : vulkan api version_1_0 1.0.0
10-22 15:57:48.973 32129 32216 D vulkan  : vulkan header version 46
10-22 15:57:48.998 31918 32174 I BatteryMgr:DataCollectionService: stats => 1697983068998,139,4260,143,0,100
10-22 15:57:49.066  3957  4128 D WifiService: getConnectionInfo uid=1000
10-22 15:57:49.108 31918 32174 I BatteryMgr:DataCollectionService: stats => 1697983069108,139,4260,143,0,100
10-22 15:57:49.115 31963 31963 I GeckoSession: handleMessage GeckoView:PageStop uri=null
10-22 15:57:49.125 31963 32030 I SessionStorage/AutoSave: Save: Load finished
10-22 15:57:49.218 31918 32174 I BatteryMgr:DataCollectionService: stats => 1697983069218,139,4260,143,0,100
10-22 15:57:49.227 31963 31974 I zygote64: Background concurrent copying GC freed 56051(2MB) AllocSpace objects, 12(348KB) LOS objects, 49% free, 3MB/7MB, paused 2.655ms total 182.053ms
10-22 15:57:49.326 31918 32174 I BatteryMgr:DataCollectionService: stats => 1697983069326,139,4260,143,0,100
10-22 15:57:49.366  3957  9774 D ConnectivityService: filterNetworkStateForUid() uid: 10169 networkInfo: [type: WIFI[] - WIFI, state: CONNECTED/CONNECTED, reason: (unspecified), extra: "ourhome", failover: false, available: true, roaming: false, metered: false]
10-22 15:57:49.366  3957  9774 D WifiService: getConnectionInfo uid=1000
10-22 15:57:49.373  3957  9774 D WifiService: getConnectionInfo uid=1000
10-22 15:57:49.377 31963 31963 W GeckoSession: No history entries found.
10-22 15:57:49.385  3957  9774 D WifiService: getConnectionInfo uid=1000
10-22 15:57:49.407  3957  9774 I chatty  : uid=1000(system) Binder:3957_17 identical 3 lines
10-22 15:57:49.407  3957  9774 D WifiService: getConnectionInfo uid=1000
10-22 15:57:49.435 31918 32174 I BatteryMgr:DataCollectionService: stats => 1697983069435,139,4260,143,0,100
10-22 15:57:49.464  3957  9774 D ConnectivityService: filterNetworkStateForUid() uid: 10169 networkInfo: [type: WIFI[] - WIFI, state: CONNECTED/CONNECTED, reason: (unspecified), extra: "ourhome", failover: false, available: true, roaming: false, metered: false]
10-22 15:57:49.465  3957  9774 D WifiService: getConnectionInfo uid=1000
10-22 15:57:49.545 31918 32174 I BatteryMgr:DataCollectionService: stats => 1697983069545,139,4260,143,0,100
10-22 15:57:49.626  3957  7899 D ConnectivityService: filterNetworkStateForUid() uid: 10169 networkInfo: [type: WIFI[] - WIFI, state: CONNECTED/CONNECTED, reason: (unspecified), extra: "ourhome", failover: false, available: true, roaming: false, metered: false]
10-22 15:57:49.626  3957  7899 D WifiService: getConnectionInfo uid=1000
10-22 15:57:49.664 31918 32174 I BatteryMgr:DataCollectionService: stats => 1697983069664,139,4260,143,0,100
10-22 15:57:49.703  3957  4129 D WifiStateMachine:  ConnectedState !RSSI_PKTCNT_FETCH uid=1000 rt=589476284/1645451756 0 0 "ourhome" f4:6d:2f:12:cc:88 rssi=-46 f=5240 sc=60 link=433 tx=57.6, 0.0, 0.0  rx=59.7 bcn=473094 [on:0 tx:0 rx:0 period:1004] from screen [on:138237 period:1062518] score=60
10-22 15:57:49.705  3957  4129 D WifiStateMachine:  L2ConnectedState !RSSI_PKTCNT_FETCH uid=1000 rt=589476289/1645451761 0 0 "ourhome" f4:6d:2f:12:cc:88 rssi=-46 f=5240 sc=60 link=433 tx=57.6, 0.0, 0.0  rx=59.7 bcn=473094 [on:0 tx:0 rx:0 period:2] from screen [on:138237 period:1062520] score=60
10-22 15:57:49.710  3957  9774 D ConnectivityService: filterNetworkStateForUid() uid: 10169 networkInfo: [type: WIFI[] - WIFI, state: CONNECTED/CONNECTED, reason: (unspecified), extra: "ourhome", failover: false, available: true, roaming: false, metered: false]
10-22 15:57:49.711  3957  9774 D WifiService: getConnectionInfo uid=1000
10-22 15:57:49.711  3957  4129 D WifiStateMachine: fetchRssiLinkSpeedAndFrequencyNative rssi=-44 linkspeed=433 freq=5240
10-22 15:57:49.712  3957  4129 V WifiConfigManager: Updating scan detail cache freq=5240 BSSID=f4:6d:2f:12:cc:88 RSSI=-44 for "ourhome"WPA_PSK
10-22 15:57:49.782 31918 32174 I BatteryMgr:DataCollectionService: stats => 1697983069781,139,4260,143,0,100
10-22 15:57:49.898 31918 32174 I BatteryMgr:DataCollectionService: stats => 1697983069897,139,4260,143,0,100
10-22 15:57:50.010 31918 32174 I BatteryMgr:DataCollectionService: stats => 1697983070009,139,4260,143,0,100
10-22 15:57:50.067  3957  4128 D WifiService: getConnectionInfo uid=1000
10-22 15:57:50.092  3957  6478 D WifiService: getConnectionInfo uid=1000
10-22 15:57:50.133 31918 32174 I BatteryMgr:DataCollectionService: stats => 1697983070132,139,4260,143,0,100
10-22 15:57:50.246 31918 32174 I BatteryMgr:DataCollectionService: stats => 1697983070246,139,4260,143,0,100
10-22 15:57:50.360 31918 32174 I BatteryMgr:DataCollectionService: stats => 1697983070360,139,4260,143,0,100
10-22 15:57:50.469 31918 32174 I BatteryMgr:DataCollectionService: stats => 1697983070469,139,4260,143,0,100
10-22 15:57:50.576 31918 32174 I BatteryMgr:DataCollectionService: stats => 1697983070576,139,4260,143,0,100
10-22 15:57:50.691 31918 32174 I BatteryMgr:DataCollectionService: stats => 1697983070690,139,4260,143,0,100
