10-22 15:31:00.989  3957  4129 D WifiStateMachine:  ConnectedState !RSSI_PKTCNT_FETCH uid=1000 rt=587867574/1643843046 0 0 "ourhome" f4:6d:2f:12:cc:88 rssi=-44 f=5240 sc=60 link=433 tx=1.1, 0.0, 0.0  rx=3.0 bcn=458121 [on:0 tx:0 rx:0 period:1001] from screen [on:843464 period:5560220] score=60
10-22 15:31:00.990  3957  4129 D WifiStateMachine:  L2ConnectedState !RSSI_PKTCNT_FETCH uid=1000 rt=587867575/1643843047 0 0 "ourhome" f4:6d:2f:12:cc:88 rssi=-44 f=5240 sc=60 link=433 tx=1.1, 0.0, 0.0  rx=3.0 bcn=458121 [on:0 tx:0 rx:0 period:1] from screen [on:843464 period:5560221] score=60
10-22 15:31:00.995  3957  4129 D WifiStateMachine: fetchRssiLinkSpeedAndFrequencyNative rssi=-44 linkspeed=433 freq=5240
10-22 15:31:00.995  3957  4129 V WifiConfigManager: Updating scan detail cache freq=5240 BSSID=f4:6d:2f:12:cc:88 RSSI=-44 for "ourhome"WPA_PSK
10-22 15:31:01.017  3957  4128 D WifiService: getConnectionInfo uid=1000
10-22 15:31:01.043 28821 28975 I BatteryMgr:DataCollectionService: stats => 1697981461043,241,4260,17,0,100
10-22 15:31:01.148 28821 28975 I BatteryMgr:DataCollectionService: stats => 1697981461148,241,4260,17,0,100
10-22 15:31:01.252 28821 28975 I BatteryMgr:DataCollectionService: stats => 1697981461252,241,4260,17,0,100
10-22 15:31:01.279  4961  4961 D io_stats: !@ 179,0 r 9128378 297439252 w 2059432 40624888 d 164537 36495440 f 624467 649145 iot 4199092 3630444 th 51200 0 0 pt 0 inp 0 0 587867.864
10-22 15:31:01.356 28821 28975 I BatteryMgr:DataCollectionService: stats => 1697981461356,241,4260,17,0,100
10-22 15:31:01.460 28821 28975 I BatteryMgr:DataCollectionService: stats => 1697981461460,241,4260,17,0,100
10-22 15:31:01.475  3957  4129 D WifiStateMachine:  ConnectedState !CMD_RSSI_POLL rt=587868060/1643843532 108 0 "ourhome" f4:6d:2f:12:cc:88 rssi=-44 f=5240 sc=60 link=433 tx=1.1, 0.0, 0.0  rx=3.0 bcn=458121 [on:0 tx:0 rx:0 period:485] from screen [on:843464 period:5560706] score=60
10-22 15:31:01.476  3957  4129 D WifiStateMachine:  L2ConnectedState !CMD_RSSI_POLL rt=587868061/1643843533 108 0 "ourhome" f4:6d:2f:12:cc:88 rssi=-44 f=5240 sc=60 link=433 tx=1.1, 0.0, 0.0  rx=3.0 bcn=458121 [on:0 tx:0 rx:0 period:1] from screen [on:843464 period:5560707] score=60
10-22 15:31:01.476  3957  4129 D WifiStateMachine:  get link layer stats 3
10-22 15:31:01.476  3436  3436 I android.hardware.wifi@1.0-service: getLinkLayerStats
10-22 15:31:01.494  3957  4129 D WifiStateMachine: fetchRssiLinkSpeedAndFrequencyNative rssi=-44 linkspeed=433 freq=5240
10-22 15:31:01.494  3957  4129 V WifiConfigManager: Updating scan detail cache freq=5240 BSSID=f4:6d:2f:12:cc:88 RSSI=-44 for "ourhome"WPA_PSK
10-22 15:31:01.496  4340  4340 E SignalClusterView: setSlotFocusVisible : subId -2
10-22 15:31:01.497  4340  4340 E SignalClusterView: setSlotFocusVisible : subId -2
10-22 15:31:01.564 28821 28975 I BatteryMgr:DataCollectionService: stats => 1697981461564,241,4260,17,0,100
10-22 15:31:01.668 28821 28975 I BatteryMgr:DataCollectionService: stats => 1697981461668,241,4260,17,0,100
10-22 15:31:01.772 28821 28975 I BatteryMgr:DataCollectionService: stats => 1697981461772,241,4260,17,0,100
10-22 15:31:01.878 28821 28975 I BatteryMgr:DataCollectionService: stats => 1697981461877,241,4260,17,0,100
10-22 15:31:01.892  2479  2548 D ScanRecord: Not a Multi Manu data
10-22 15:31:01.969  2479  2548 I chatty  : uid=1002(bluetooth) BT Service Call identical 53 lines
10-22 15:31:01.969  2479  2548 D ScanRecord: Not a Multi Manu data
10-22 15:31:01.983 28821 28975 I BatteryMgr:DataCollectionService: stats => 1697981461983,241,4260,17,0,100
10-22 15:31:01.985  2479  2548 D ScanRecord: Not a Multi Manu data
10-22 15:31:01.986  2479  2548 I chatty  : uid=1002(bluetooth) BT Service Call identical 9 lines
10-22 15:31:01.986  2479  2548 D ScanRecord: Not a Multi Manu data
10-22 15:31:01.989  3957  4129 D WifiStateMachine:  ConnectedState !RSSI_PKTCNT_FETCH uid=1000 rt=587868574/1643844047 0 0 "ourhome" f4:6d:2f:12:cc:88 rssi=-44 f=5240 sc=60 link=433 tx=0.4, 0.0, 0.0  rx=1.1 bcn=458149 [on:0 tx:0 rx:0 period:493] from screen [on:843524 period:5561220] score=60
10-22 15:31:01.990  3957  4129 D WifiStateMachine:  L2ConnectedState !RSSI_PKTCNT_FETCH uid=1000 rt=587868575/1643844048 0 0 "ourhome" f4:6d:2f:12:cc:88 rssi=-44 f=5240 sc=60 link=433 tx=0.4, 0.0, 0.0  rx=1.1 bcn=458149 [on:0 tx:0 rx:0 period:1] from screen [on:843524 period:5561221] score=60
10-22 15:31:01.991  3957  4129 D WifiStateMachine: fetchRssiLinkSpeedAndFrequencyNative rssi=-44 linkspeed=433 freq=5240
10-22 15:31:01.992  3957  4129 V WifiConfigManager: Updating scan detail cache freq=5240 BSSID=f4:6d:2f:12:cc:88 RSSI=-44 for "ourhome"WPA_PSK
10-22 15:31:01.993  2479  2548 D ScanRecord: Not a Multi Manu data
10-22 15:31:01.999  2479  2548 I chatty  : uid=1002(bluetooth) BT Service Call identical 31 lines
10-22 15:31:01.999  2479  2548 D ScanRecord: Not a Multi Manu data
10-22 15:31:02.019  3957  4128 D WifiService: getConnectionInfo uid=1000
10-22 15:31:02.021  2479  2548 D ScanRecord: Not a Multi Manu data
10-22 15:31:02.075  2479  2548 I chatty  : uid=1002(bluetooth) BT Service Call identical 53 lines
10-22 15:31:02.075  2479  2548 D ScanRecord: Not a Multi Manu data
10-22 15:31:02.087 28821 28975 I BatteryMgr:DataCollectionService: stats => 1697981462087,241,4260,17,0,100
10-22 15:31:02.094  2479  2548 D ScanRecord: Not a Multi Manu data
10-22 15:31:02.173  2479  2548 I chatty  : uid=1002(bluetooth) BT Service Call identical 75 lines
10-22 15:31:02.173  2479  2548 D ScanRecord: Not a Multi Manu data
10-22 15:31:02.191 28821 28975 I BatteryMgr:DataCollectionService: stats => 1697981462191,241,4260,17,0,100
10-22 15:31:02.200  2479  2548 D ScanRecord: Not a Multi Manu data
10-22 15:31:02.295  2479  2548 I chatty  : uid=1002(bluetooth) BT Service Call identical 108 lines
10-22 15:31:02.295  2479  2548 D ScanRecord: Not a Multi Manu data
10-22 15:31:02.296 28821 28975 I BatteryMgr:DataCollectionService: stats => 1697981462296,241,4260,17,0,100
10-22 15:31:02.306  2479  2548 D ScanRecord: Not a Multi Manu data
10-22 15:31:02.380  2479  2548 I chatty  : uid=1002(bluetooth) BT Service Call identical 53 lines
10-22 15:31:02.380  2479  2548 D ScanRecord: Not a Multi Manu data
10-22 15:31:02.401 28821 28975 I BatteryMgr:DataCollectionService: stats => 1697981462400,241,4260,17,0,100
10-22 15:31:02.505 28821 28975 I BatteryMgr:DataCollectionService: stats => 1697981462505,241,4260,17,0,100
10-22 15:31:02.610 28821 28975 I BatteryMgr:DataCollectionService: stats => 1697981462610,241,4260,17,0,100
10-22 15:31:02.716 28821 28975 I BatteryMgr:DataCollectionService: stats => 1697981462716,241,4260,17,0,100
10-22 15:31:02.820 28821 28975 I BatteryMgr:DataCollectionService: stats => 1697981462820,241,4260,17,0,100
10-22 15:31:02.924 28821 28975 I BatteryMgr:DataCollectionService: stats => 1697981462924,241,4260,17,0,100
10-22 15:31:02.991  3957  4129 D WifiStateMachine:  ConnectedState !RSSI_PKTCNT_FETCH uid=1000 rt=587869576/1643845049 0 0 "ourhome" f4:6d:2f:12:cc:88 rssi=-44 f=5240 sc=60 link=433 tx=0.4, 0.0, 0.0  rx=1.1 bcn=458149 [on:0 tx:0 rx:0 period:1001] from screen [on:843524 period:5562222] score=60
10-22 15:31:02.993  3957  4129 D WifiStateMachine:  L2ConnectedState !RSSI_PKTCNT_FETCH uid=1000 rt=587869577/1643845050 0 0 "ourhome" f4:6d:2f:12:cc:88 rssi=-44 f=5240 sc=60 link=433 tx=0.4, 0.0, 0.0  rx=1.1 bcn=458149 [on:0 tx:0 rx:0 period:1] from screen [on:843524 period:5562223] score=60
10-22 15:31:02.998  3957  4129 D WifiStateMachine: fetchRssiLinkSpeedAndFrequencyNative rssi=-44 linkspeed=433 freq=5240
10-22 15:31:02.998  3957  4129 V WifiConfigManager: Updating scan detail cache freq=5240 BSSID=f4:6d:2f:12:cc:88 RSSI=-44 for "ourhome"WPA_PSK
10-22 15:31:03.020  3957  4128 D WifiService: getConnectionInfo uid=1000
10-22 15:31:03.028 28821 28975 I BatteryMgr:DataCollectionService: stats => 1697981463028,241,4260,17,0,100
10-22 15:31:03.132 28821 28975 I BatteryMgr:DataCollectionService: stats => 1697981463132,241,4260,17,0,100
10-22 15:31:03.237 28821 28975 I BatteryMgr:DataCollectionService: stats => 1697981463237,241,4260,17,0,100
10-22 15:31:03.340 28821 28975 I BatteryMgr:DataCollectionService: stats => 1697981463340,241,4260,17,0,100
10-22 15:31:03.445 28821 28975 I BatteryMgr:DataCollectionService: stats => 1697981463444,241,4260,17,0,100
10-22 15:31:03.549 28821 28975 I BatteryMgr:DataCollectionService: stats => 1697981463549,241,4260,17,0,100
10-22 15:31:03.648  3957  4030 D SensorService: [SO] 0.235 -0.144 9.974
10-22 15:31:03.654 28821 28975 I BatteryMgr:DataCollectionService: stats => 1697981463654,241,4260,17,0,100
10-22 15:31:03.759 28821 28975 I BatteryMgr:DataCollectionService: stats => 1697981463759,241,4260,17,0,100
10-22 15:31:03.864 28821 28975 I BatteryMgr:DataCollectionService: stats => 1697981463864,241,4260,17,0,100
10-22 15:31:03.969 28821 28975 I BatteryMgr:DataCollectionService: stats => 1697981463968,241,4260,17,0,100
10-22 15:31:03.993  3957  4129 D WifiStateMachine:  ConnectedState !RSSI_PKTCNT_FETCH uid=1000 rt=587870578/1643846051 0 0 "ourhome" f4:6d:2f:12:cc:88 rssi=-44 f=5240 sc=60 link=433 tx=0.4, 0.0, 0.0  rx=1.1 bcn=458149 [on:0 tx:0 rx:0 period:1001] from screen [on:843524 period:5563224] score=60
10-22 15:31:03.994  3957  4129 D WifiStateMachine:  L2ConnectedState !RSSI_PKTCNT_FETCH uid=1000 rt=587870579/1643846051 0 0 "ourhome" f4:6d:2f:12:cc:88 rssi=-44 f=5240 sc=60 link=433 tx=0.4, 0.0, 0.0  rx=1.1 bcn=458149 [on:0 tx:0 rx:0 period:1] from screen [on:843524 period:5563225] score=60
10-22 15:31:04.000  3957  4129 D WifiStateMachine: fetchRssiLinkSpeedAndFrequencyNative rssi=-44 linkspeed=433 freq=5240
10-22 15:31:04.000  3957  4129 V WifiConfigManager: Updating scan detail cache freq=5240 BSSID=f4:6d:2f:12:cc:88 RSSI=-44 for "ourhome"WPA_PSK
10-22 15:31:04.022  3957  4128 D WifiService: getConnectionInfo uid=1000
10-22 15:31:04.073 28821 28975 I BatteryMgr:DataCollectionService: stats => 1697981464073,241,4260,17,0,100
10-22 15:31:04.177 28821 28975 I BatteryMgr:DataCollectionService: stats => 1697981464177,241,4260,17,0,100
10-22 15:31:04.282 28821 28975 I BatteryMgr:DataCollectionService: stats => 1697981464282,241,4260,17,0,100
10-22 15:31:04.386 28821 28975 I BatteryMgr:DataCollectionService: stats => 1697981464386,241,4260,17,0,100
10-22 15:31:04.490 28821 28975 I BatteryMgr:DataCollectionService: stats => 1697981464490,241,4260,17,0,100
10-22 15:31:04.496  3957  4129 D WifiStateMachine:  ConnectedState !CMD_RSSI_POLL rt=587871081/1643846554 108 0 "ourhome" f4:6d:2f:12:cc:88 rssi=-44 f=5240 sc=60 link=433 tx=0.4, 0.0, 0.0  rx=1.1 bcn=458149 [on:0 tx:0 rx:0 period:502] from screen [on:843524 period:5563727] score=60
10-22 15:31:04.497  3957  4129 D WifiStateMachine:  L2ConnectedState !CMD_RSSI_POLL rt=587871082/1643846555 108 0 "ourhome" f4:6d:2f:12:cc:88 rssi=-44 f=5240 sc=60 link=433 tx=0.4, 0.0, 0.0  rx=1.1 bcn=458149 [on:0 tx:0 rx:0 period:1] from screen [on:843524 period:5563728] score=60
10-22 15:31:04.497  3957  4129 D WifiStateMachine:  get link layer stats 3
10-22 15:31:04.498  3436  3436 I android.hardware.wifi@1.0-service: getLinkLayerStats
10-22 15:31:04.515  3957  4129 D WifiStateMachine: fetchRssiLinkSpeedAndFrequencyNative rssi=-45 linkspeed=433 freq=5240
10-22 15:31:04.516  3957  4129 V WifiConfigManager: Updating scan detail cache freq=5240 BSSID=f4:6d:2f:12:cc:88 RSSI=-44 for "ourhome"WPA_PSK
10-22 15:31:04.518  4340  4340 E SignalClusterView: setSlotFocusVisible : subId -2
10-22 15:31:04.518  4340  4340 E SignalClusterView: setSlotFocusVisible : subId -2
10-22 15:31:04.593 28821 28975 I BatteryMgr:DataCollectionService: stats => 1697981464593,241,4260,17,0,100
10-22 15:31:04.697 28821 28975 I BatteryMgr:DataCollectionService: stats => 1697981464697,241,4260,17,0,100
10-22 15:31:04.801 28821 28975 I BatteryMgr:DataCollectionService: stats => 1697981464801,241,4260,17,0,100
10-22 15:31:04.905 28821 28975 I BatteryMgr:DataCollectionService: stats => 1697981464905,241,4260,17,0,100
10-22 15:31:04.994  3957  4129 D WifiStateMachine:  ConnectedState !RSSI_PKTCNT_FETCH uid=1000 rt=587871579/1643847051 0 0 "ourhome" f4:6d:2f:12:cc:88 rssi=-45 f=5240 sc=60 link=433 tx=0.2, 0.0, 0.0  rx=0.4 bcn=458179 [on:0 tx:0 rx:0 period:477] from screen [on:843588 period:5564225] score=60
10-22 15:31:04.995  3957  4129 D WifiStateMachine:  L2ConnectedState !RSSI_PKTCNT_FETCH uid=1000 rt=587871580/1643847052 0 0 "ourhome" f4:6d:2f:12:cc:88 rssi=-45 f=5240 sc=60 link=433 tx=0.2, 0.0, 0.0  rx=0.4 bcn=458179 [on:0 tx:0 rx:0 period:1] from screen [on:843588 period:5564226] score=60
10-22 15:31:04.996  3957  4129 D WifiStateMachine: fetchRssiLinkSpeedAndFrequencyNative rssi=-44 linkspeed=433 freq=5240
10-22 15:31:04.996  3957  4129 V WifiConfigManager: Updating scan detail cache freq=5240 BSSID=f4:6d:2f:12:cc:88 RSSI=-44 for "ourhome"WPA_PSK
10-22 15:31:05.009 28821 28975 I BatteryMgr:DataCollectionService: stats => 1697981465009,241,4260,17,0,100
10-22 15:31:05.024  3957  4128 D WifiService: getConnectionInfo uid=1000
10-22 15:31:05.113 28821 28975 I BatteryMgr:DataCollectionService: stats => 1697981465113,241,4260,17,0,100
10-22 15:31:05.217 28821 28975 I BatteryMgr:DataCollectionService: stats => 1697981465217,241,4260,17,0,100
10-22 15:31:05.321 28821 28975 I BatteryMgr:DataCollectionService: stats => 1697981465321,241,4260,17,0,100
10-22 15:31:05.426 28821 28975 I BatteryMgr:DataCollectionService: stats => 1697981465425,241,4260,17,0,100
10-22 15:31:05.530 28821 28975 I BatteryMgr:DataCollectionService: stats => 1697981465529,241,4260,17,0,100
10-22 15:31:05.634 28821 28975 I BatteryMgr:DataCollectionService: stats => 1697981465633,241,4260,17,0,100
10-22 15:31:05.737 28821 28975 I BatteryMgr:DataCollectionService: stats => 1697981465737,241,4260,17,0,100
10-22 15:31:05.842 28821 28975 I BatteryMgr:DataCollectionService: stats => 1697981465842,241,4260,17,0,100
10-22 15:31:05.946 28821 28975 I BatteryMgr:DataCollectionService: stats => 1697981465946,241,4260,17,0,100
10-22 15:31:05.996  3957  4129 D WifiStateMachine:  ConnectedState !RSSI_PKTCNT_FETCH uid=1000 rt=587872581/1643848053 0 0 "ourhome" f4:6d:2f:12:cc:88 rssi=-44 f=5240 sc=60 link=433 tx=0.2, 0.0, 0.0  rx=0.4 bcn=458179 [on:0 tx:0 rx:0 period:1001] from screen [on:843588 period:5565227] score=60
10-22 15:31:05.997  3957  4129 D WifiStateMachine:  L2ConnectedState !RSSI_PKTCNT_FETCH uid=1000 rt=587872582/1643848054 0 0 "ourhome" f4:6d:2f:12:cc:88 rssi=-44 f=5240 sc=60 link=433 tx=0.2, 0.0, 0.0  rx=0.4 bcn=458179 [on:0 tx:0 rx:0 period:1] from screen [on:843588 period:5565228] score=60
10-22 15:31:06.003  3957  4129 D WifiStateMachine: fetchRssiLinkSpeedAndFrequencyNative rssi=-44 linkspeed=433 freq=5240
10-22 15:31:06.003  3957  4129 V WifiConfigManager: Updating scan detail cache freq=5240 BSSID=f4:6d:2f:12:cc:88 RSSI=-44 for "ourhome"WPA_PSK
10-22 15:31:06.025  3957  4128 D WifiService: getConnectionInfo uid=1000
10-22 15:31:06.050 28821 28975 I BatteryMgr:DataCollectionService: stats => 1697981466049,241,4260,17,0,100
10-22 15:31:06.153 28821 28975 I BatteryMgr:DataCollectionService: stats => 1697981466153,241,4260,17,0,100
10-22 15:31:06.257 28821 28975 I BatteryMgr:DataCollectionService: stats => 1697981466257,241,4260,17,0,100
10-22 15:31:06.281  4961  4961 D io_stats: !@ 179,0 r 9128386 297439296 w 2059457 40625060 d 164537 36495440 f 624468 649146 iot 4199100 3630452 th 51200 0 0 pt 0 inp 0 0 587872.866
10-22 15:31:06.361 28821 28975 I BatteryMgr:DataCollectionService: stats => 1697981466361,241,4260,17,0,100
10-22 15:31:06.465 28821 28975 I BatteryMgr:DataCollectionService: stats => 1697981466465,241,4260,17,0,100
10-22 15:31:06.569 28821 28975 I BatteryMgr:DataCollectionService: stats => 1697981466569,241,4260,17,0,100
10-22 15:31:06.673 28821 28975 I BatteryMgr:DataCollectionService: stats => 1697981466673,241,4260,17,0,100
10-22 15:31:06.777 28821 28975 I BatteryMgr:DataCollectionService: stats => 1697981466777,241,4260,17,0,100
10-22 15:31:06.882 28821 28975 I BatteryMgr:DataCollectionService: stats => 1697981466882,241,4260,17,0,100
10-22 15:31:06.921  2479  2548 D ScanRecord: Not a Multi Manu data
10-22 15:31:06.958  2479  2548 I chatty  : uid=1002(bluetooth) BT Service Call identical 42 lines
10-22 15:31:06.958  2479  2548 D ScanRecord: Not a Multi Manu data
10-22 15:31:06.966  2479  2548 D ScanRecord: same manuId data exists, combine both data and store
10-22 15:31:06.967  2479  2548 D ScanRecord: It's a Multi Manu data
10-22 15:31:06.967  2479  2548 I chatty  : uid=1002(bluetooth) BT Service Call identical 9 lines
10-22 15:31:06.967  2479  2548 D ScanRecord: It's a Multi Manu data
10-22 15:31:06.967  2479  2548 D ScanRecord: same manuId data exists, combine both data and store
10-22 15:31:06.987  2479  2548 D ScanRecord: Not a Multi Manu data
10-22 15:31:06.987  2479  2548 I chatty  : uid=1002(bluetooth) BT Service Call identical 9 lines
10-22 15:31:06.987  2479  2548 D ScanRecord: Not a Multi Manu data
10-22 15:31:06.990 28821 28975 I BatteryMgr:DataCollectionService: stats => 1697981466990,241,4260,17,0,100
10-22 15:31:06.998  3957  4129 D WifiStateMachine:  ConnectedState !RSSI_PKTCNT_FETCH uid=1000 rt=587873582/1643849055 0 0 "ourhome" f4:6d:2f:12:cc:88 rssi=-44 f=5240 sc=60 link=433 tx=0.2, 0.0, 0.0  rx=0.4 bcn=458179 [on:0 tx:0 rx:0 period:1001] from screen [on:843588 period:5566229] score=60
10-22 15:31:06.999  3957  4129 D WifiStateMachine:  L2ConnectedState !RSSI_PKTCNT_FETCH uid=1000 rt=587873583/1643849056 0 0 "ourhome" f4:6d:2f:12:cc:88 rssi=-44 f=5240 sc=60 link=433 tx=0.2, 0.0, 0.0  rx=0.4 bcn=458179 [on:0 tx:0 rx:0 period:0] from screen [on:843588 period:5566229] score=60
10-22 15:31:07.000  3957  4129 D WifiStateMachine: fetchRssiLinkSpeedAndFrequencyNative rssi=-44 linkspeed=433 freq=5240
10-22 15:31:07.000  3957  4129 V WifiConfigManager: Updating scan detail cache freq=5240 BSSID=f4:6d:2f:12:cc:88 RSSI=-44 for "ourhome"WPA_PSK
10-22 15:31:07.027  3957  4128 D WifiService: getConnectionInfo uid=1000
10-22 15:31:07.030  2479  2548 D ScanRecord: Not a Multi Manu data
10-22 15:31:07.087  2479  2548 I chatty  : uid=1002(bluetooth) BT Service Call identical 53 lines
10-22 15:31:07.087  2479  2548 D ScanRecord: Not a Multi Manu data
10-22 15:31:07.096 28821 28975 I BatteryMgr:DataCollectionService: stats => 1697981467096,241,4260,17,0,100
10-22 15:31:07.104  2479  2548 D ScanRecord: Not a Multi Manu data
10-22 15:31:07.145  2479  2548 I chatty  : uid=1002(bluetooth) BT Service Call identical 31 lines
10-22 15:31:07.145  2479  2548 D ScanRecord: Not a Multi Manu data
10-22 15:31:07.155  2479  2548 D ScanRecord: same manuId data exists, combine both data and store
10-22 15:31:07.155  2479  2548 D ScanRecord: It's a Multi Manu data
10-22 15:31:07.156  2479  2548 I chatty  : uid=1002(bluetooth) BT Service Call identical 9 lines
10-22 15:31:07.156  2479  2548 D ScanRecord: It's a Multi Manu data
10-22 15:31:07.156  2479  2548 D ScanRecord: same manuId data exists, combine both data and store
10-22 15:31:07.186  2479  2548 D ScanRecord: Not a Multi Manu data
10-22 15:31:07.192  2479  2548 I chatty  : uid=1002(bluetooth) BT Service Call identical 20 lines
10-22 15:31:07.192  2479  2548 D ScanRecord: Not a Multi Manu data
10-22 15:31:07.203 28821 28975 I BatteryMgr:DataCollectionService: stats => 1697981467203,241,4260,17,0,100
10-22 15:31:07.209  2479  2548 D ScanRecord: Not a Multi Manu data
10-22 15:31:07.286  2479  2548 I chatty  : uid=1002(bluetooth) BT Service Call identical 86 lines
10-22 15:31:07.286  2479  2548 D ScanRecord: Not a Multi Manu data
10-22 15:31:07.308 28821 28975 I BatteryMgr:DataCollectionService: stats => 1697981467307,241,4260,17,0,100
10-22 15:31:07.308  2479  2548 D ScanRecord: Not a Multi Manu data
10-22 15:31:07.325  2479  2548 I chatty  : uid=1002(bluetooth) BT Service Call identical 31 lines
10-22 15:31:07.325  2479  2548 D ScanRecord: Not a Multi Manu data
10-22 15:31:07.341  2479  2548 D ScanRecord: same manuId data exists, combine both data and store
10-22 15:31:07.341  2479  2548 D ScanRecord: It's a Multi Manu data
10-22 15:31:07.341  2479  2548 I chatty  : uid=1002(bluetooth) BT Service Call identical 9 lines
10-22 15:31:07.341  2479  2548 D ScanRecord: It's a Multi Manu data
10-22 15:31:07.341  2479  2548 D ScanRecord: same manuId data exists, combine both data and store
10-22 15:31:07.342  2479  2548 D ScanRecord: Not a Multi Manu data
10-22 15:31:07.376  2479  2548 I chatty  : uid=1002(bluetooth) BT Service Call identical 31 lines
10-22 15:31:07.376  2479  2548 D ScanRecord: Not a Multi Manu data
10-22 15:31:07.387 27736 27747 I zygote64: Background concurrent copying GC freed 150557(4MB) AllocSpace objects, 0(0B) LOS objects, 49% free, 5MB/10MB, paused 3.109ms total 107.582ms
10-22 15:31:07.412 28821 28975 I BatteryMgr:DataCollectionService: stats => 1697981467412,241,4260,17,0,100
10-22 15:31:07.516 28821 28975 I BatteryMgr:DataCollectionService: stats => 1697981467516,241,4260,17,0,100
10-22 15:31:07.517  3957  4129 D WifiStateMachine:  ConnectedState !CMD_RSSI_POLL rt=587874102/1643849574 108 0 "ourhome" f4:6d:2f:12:cc:88 rssi=-44 f=5240 sc=60 link=433 tx=0.2, 0.0, 0.0  rx=0.4 bcn=458179 [on:0 tx:0 rx:0 period:519] from screen [on:843588 period:5566748] score=60
10-22 15:31:07.518  3957  4129 D WifiStateMachine:  L2ConnectedState !CMD_RSSI_POLL rt=587874102/1643849575 108 0 "ourhome" f4:6d:2f:12:cc:88 rssi=-44 f=5240 sc=60 link=433 tx=0.2, 0.0, 0.0  rx=0.4 bcn=458179 [on:0 tx:0 rx:0 period:1] from screen [on:843588 period:5566749] score=60
10-22 15:31:07.518  3957  4129 D WifiStateMachine:  get link layer stats 3
10-22 15:31:07.519  3436  3436 I android.hardware.wifi@1.0-service: getLinkLayerStats
10-22 15:31:07.537  3957  4129 D WifiStateMachine: fetchRssiLinkSpeedAndFrequencyNative rssi=-47 linkspeed=433 freq=5240
10-22 15:31:07.537  3957  4129 V WifiConfigManager: Updating scan detail cache freq=5240 BSSID=f4:6d:2f:12:cc:88 RSSI=-45 for "ourhome"WPA_PSK
10-22 15:31:07.539  4340  4340 E SignalClusterView: setSlotFocusVisible : subId -2
10-22 15:31:07.539  4340  4340 E SignalClusterView: setSlotFocusVisible : subId -2
10-22 15:31:07.620 28821 28975 I BatteryMgr:DataCollectionService: stats => 1697981467620,241,4260,17,0,100
10-22 15:31:07.724 28821 28975 I BatteryMgr:DataCollectionService: stats => 1697981467724,241,4260,17,0,100
10-22 15:31:07.828 28821 28975 I BatteryMgr:DataCollectionService: stats => 1697981467828,241,4260,17,0,100
10-22 15:31:07.932 28821 28975 I BatteryMgr:DataCollectionService: stats => 1697981467932,241,4260,17,0,100
10-22 15:31:07.998  3957  4129 D WifiStateMachine:  ConnectedState !RSSI_PKTCNT_FETCH uid=1000 rt=587874583/1643850055 0 0 "ourhome" f4:6d:2f:12:cc:88 rssi=-47 f=5240 sc=60 link=433 tx=0.7, 0.0, 0.0  rx=5.9 bcn=458208 [on:0 tx:0 rx:0 period:460] from screen [on:844098 period:5567229] score=60
10-22 15:31:07.999  3957  4129 D WifiStateMachine:  L2ConnectedState !RSSI_PKTCNT_FETCH uid=1000 rt=587874584/1643850056 0 0 "ourhome" f4:6d:2f:12:cc:88 rssi=-47 f=5240 sc=60 link=433 tx=0.7, 0.0, 0.0  rx=5.9 bcn=458208 [on:0 tx:0 rx:0 period:1] from screen [on:844098 period:5567230] score=60
10-22 15:31:08.000  3957  4129 D WifiStateMachine: fetchRssiLinkSpeedAndFrequencyNative rssi=-47 linkspeed=433 freq=5240
10-22 15:31:08.000  3957  4129 V WifiConfigManager: Updating scan detail cache freq=5240 BSSID=f4:6d:2f:12:cc:88 RSSI=-46 for "ourhome"WPA_PSK
10-22 15:31:08.028  3957  4128 D WifiService: getConnectionInfo uid=1000
10-22 15:31:08.038 28821 28975 I BatteryMgr:DataCollectionService: stats => 1697981468038,241,4260,17,0,100
10-22 15:31:08.143 28821 28975 I BatteryMgr:DataCollectionService: stats => 1697981468143,241,4260,17,0,100
10-22 15:31:08.248 28821 28975 I BatteryMgr:DataCollectionService: stats => 1697981468248,241,4260,17,0,100
10-22 15:31:08.352 28821 28975 I BatteryMgr:DataCollectionService: stats => 1697981468352,241,4260,17,0,100
10-22 15:31:08.456 28821 28975 I BatteryMgr:DataCollectionService: stats => 1697981468456,241,4260,17,0,100
10-22 15:31:08.560 28821 28975 I BatteryMgr:DataCollectionService: stats => 1697981468560,241,4260,17,0,100
10-22 15:31:08.664 28821 28975 I BatteryMgr:DataCollectionService: stats => 1697981468664,241,4260,17,0,100
10-22 15:31:08.768 28821 28975 I BatteryMgr:DataCollectionService: stats => 1697981468768,241,4260,17,0,100
10-22 15:31:08.873 28821 28975 I BatteryMgr:DataCollectionService: stats => 1697981468873,241,4260,17,0,100
10-22 15:31:08.977 28821 28975 I BatteryMgr:DataCollectionService: stats => 1697981468977,241,4260,17,0,100
10-22 15:31:08.999  3957  4129 D WifiStateMachine:  ConnectedState !RSSI_PKTCNT_FETCH uid=1000 rt=587875584/1643851057 0 0 "ourhome" f4:6d:2f:12:cc:88 rssi=-47 f=5240 sc=60 link=433 tx=0.7, 0.0, 0.0  rx=5.9 bcn=458208 [on:0 tx:0 rx:0 period:1000] from screen [on:844098 period:5568230] score=60
10-22 15:31:09.000  3957  4129 D WifiStateMachine:  L2ConnectedState !RSSI_PKTCNT_FETCH uid=1000 rt=587875585/1643851058 0 0 "ourhome" f4:6d:2f:12:cc:88 rssi=-47 f=5240 sc=60 link=433 tx=0.7, 0.0, 0.0  rx=5.9 bcn=458208 [on:0 tx:0 rx:0 period:1] from screen [on:844098 period:5568231] score=60
10-22 15:31:09.006  3957  4129 D WifiStateMachine: fetchRssiLinkSpeedAndFrequencyNative rssi=-45 linkspeed=433 freq=5240
10-22 15:31:09.007  3957  4129 V WifiConfigManager: Updating scan detail cache freq=5240 BSSID=f4:6d:2f:12:cc:88 RSSI=-45 for "ourhome"WPA_PSK
10-22 15:31:09.030  3957  4128 D WifiService: getConnectionInfo uid=1000
10-22 15:31:09.081 28821 28975 I BatteryMgr:DataCollectionService: stats => 1697981469081,241,4260,17,0,100
10-22 15:31:09.185 28821 28975 I BatteryMgr:DataCollectionService: stats => 1697981469185,241,4260,17,0,100
10-22 15:31:09.289 28821 28975 I BatteryMgr:DataCollectionService: stats => 1697981469289,241,4260,17,0,100
10-22 15:31:09.393 28821 28975 I BatteryMgr:DataCollectionService: stats => 1697981469393,241,4260,17,0,100
10-22 15:31:09.497 28821 28975 I BatteryMgr:DataCollectionService: stats => 1697981469497,241,4260,17,0,100
10-22 15:31:09.601 28821 28975 I BatteryMgr:DataCollectionService: stats => 1697981469601,241,4260,17,0,100
10-22 15:31:09.705 28821 28975 I BatteryMgr:DataCollectionService: stats => 1697981469705,241,4260,17,0,100
10-22 15:31:09.809 28821 28975 I BatteryMgr:DataCollectionService: stats => 1697981469809,241,4260,17,0,100
10-22 15:31:09.913 28821 28975 I BatteryMgr:DataCollectionService: stats => 1697981469913,241,4260,17,0,100
10-22 15:31:10.000  3957  4129 D WifiStateMachine:  ConnectedState !RSSI_PKTCNT_FETCH uid=1000 rt=587876585/1643852058 0 0 "ourhome" f4:6d:2f:12:cc:88 rssi=-45 f=5240 sc=60 link=433 tx=0.7, 0.0, 0.0  rx=5.9 bcn=458208 [on:0 tx:0 rx:0 period:1000] from screen [on:844098 period:5569231] score=60
10-22 15:31:10.001  3957  4129 D WifiStateMachine:  L2ConnectedState !RSSI_PKTCNT_FETCH uid=1000 rt=587876586/1643852059 0 0 "ourhome" f4:6d:2f:12:cc:88 rssi=-45 f=5240 sc=60 link=433 tx=0.7, 0.0, 0.0  rx=5.9 bcn=458208 [on:0 tx:0 rx:0 period:1] from screen [on:844098 period:5569232] score=60
10-22 15:31:10.007  3957  4129 D WifiStateMachine: fetchRssiLinkSpeedAndFrequencyNative rssi=-45 linkspeed=433 freq=5240
10-22 15:31:10.007  3957  4129 V WifiConfigManager: Updating scan detail cache freq=5240 BSSID=f4:6d:2f:12:cc:88 RSSI=-45 for "ourhome"WPA_PSK
10-22 15:31:10.018 28821 28975 I BatteryMgr:DataCollectionService: stats => 1697981470018,241,4260,17,0,100
10-22 15:31:10.032  3957  4128 D WifiService: getConnectionInfo uid=1000
10-22 15:31:10.115  3957  6478 D SSRM:k  : SIOP:: AP = 420, PST = 412 (W:12), BAT = 315, USB = 0, CHG = 0
10-22 15:31:10.123 28821 28975 I BatteryMgr:DataCollectionService: stats => 1697981470123,241,4260,17,0,100
10-22 15:31:10.227 28821 28975 I BatteryMgr:DataCollectionService: stats => 1697981470227,241,4260,17,0,100
10-22 15:31:10.332 28821 28975 I BatteryMgr:DataCollectionService: stats => 1697981470331,241,4260,17,0,100
10-22 15:31:10.436 28821 28975 I BatteryMgr:DataCollectionService: stats => 1697981470436,241,4260,17,0,100
10-22 15:31:10.539  3957  4129 D WifiStateMachine:  ConnectedState !CMD_RSSI_POLL rt=587877124/1643852596 108 0 "ourhome" f4:6d:2f:12:cc:88 rssi=-45 f=5240 sc=60 link=433 tx=0.7, 0.0, 0.0  rx=5.9 bcn=458208 [on:0 tx:0 rx:0 period:538] from screen [on:844098 period:5569770] score=60
10-22 15:31:10.540  3957  4129 D WifiStateMachine:  L2ConnectedState !CMD_RSSI_POLL rt=587877125/1643852597 108 0 "ourhome" f4:6d:2f:12:cc:88 rssi=-45 f=5240 sc=60 link=433 tx=0.7, 0.0, 0.0  rx=5.9 bcn=458208 [on:0 tx:0 rx:0 period:1] from screen [on:844098 period:5569771] score=60
10-22 15:31:10.540  3957  4129 D WifiStateMachine:  get link layer stats 3
10-22 15:31:10.541  3436  3436 I android.hardware.wifi@1.0-service: getLinkLayerStats
10-22 15:31:10.541 28821 28975 I BatteryMgr:DataCollectionService: stats => 1697981470541,241,4260,17,0,100
10-22 15:31:10.558  3957  4129 D WifiStateMachine: fetchRssiLinkSpeedAndFrequencyNative rssi=-45 linkspeed=433 freq=5240
10-22 15:31:10.558  3957  4129 V WifiConfigManager: Updating scan detail cache freq=5240 BSSID=f4:6d:2f:12:cc:88 RSSI=-45 for "ourhome"WPA_PSK
10-22 15:31:10.561  4340  4340 E SignalClusterView: setSlotFocusVisible : subId -2
10-22 15:31:10.561  4340  4340 E SignalClusterView: setSlotFocusVisible : subId -2
10-22 15:31:10.645 28821 28975 I BatteryMgr:DataCollectionService: stats => 1697981470644,25,4260,39,0,100
10-22 15:31:10.748 28821 28975 I BatteryMgr:DataCollectionService: stats => 1697981470748,25,4260,39,0,100
10-22 15:31:10.852 28821 28975 I BatteryMgr:DataCollectionService: stats => 1697981470852,25,4260,39,0,100
10-22 15:31:10.956 28821 28975 I BatteryMgr:DataCollectionService: stats => 1697981470956,25,4260,39,0,100
10-22 15:31:11.002  3957  4129 D WifiStateMachine:  ConnectedState !RSSI_PKTCNT_FETCH uid=1000 rt=587877586/1643853059 0 0 "ourhome" f4:6d:2f:12:cc:88 rssi=-45 f=5240 sc=60 link=433 tx=0.9, 0.0, 0.0  rx=7.2 bcn=458238 [on:0 tx:0 rx:0 period:441] from screen [on:844710 period:5570232] score=60
10-22 15:31:11.003  3957  4129 D WifiStateMachine:  L2ConnectedState !RSSI_PKTCNT_FETCH uid=1000 rt=587877587/1643853060 0 0 "ourhome" f4:6d:2f:12:cc:88 rssi=-45 f=5240 sc=60 link=433 tx=0.9, 0.0, 0.0  rx=7.2 bcn=458238 [on:0 tx:0 rx:0 period:2] from screen [on:844710 period:5570234] score=60
10-22 15:31:11.008  3957  4129 D WifiStateMachine: fetchRssiLinkSpeedAndFrequencyNative rssi=-44 linkspeed=433 freq=5240
10-22 15:31:11.008  3957  4129 V WifiConfigManager: Updating scan detail cache freq=5240 BSSID=f4:6d:2f:12:cc:88 RSSI=-44 for "ourhome"WPA_PSK
10-22 15:31:11.033  3957  4128 D WifiService: getConnectionInfo uid=1000
10-22 15:31:11.053  3957  3967 D BatteryService: !@BatteryListener : batteryPropertiesChanged!
10-22 15:31:11.059 28821 28975 I BatteryMgr:DataCollectionService: stats => 1697981471059,25,4260,39,0,100
10-22 15:31:11.165 28821 28975 I BatteryMgr:DataCollectionService: stats => 1697981471164,25,4260,39,0,100
10-22 15:31:11.269 28821 28975 I BatteryMgr:DataCollectionService: stats => 1697981471269,25,4260,39,0,100
10-22 15:31:11.283  4961  4961 D io_stats: !@ 179,0 r 9128390 297439512 w 2059463 40625176 d 164537 36495440 f 624469 649147 iot 4199100 3630456 th 51200 0 0 pt 0 inp 0 0 587877.868
10-22 15:31:11.373 28821 28975 I BatteryMgr:DataCollectionService: stats => 1697981471373,25,4260,39,0,100
10-22 15:31:11.477 28821 28975 I BatteryMgr:DataCollectionService: stats => 1697981471477,25,4260,39,0,100
10-22 15:31:11.582 28821 28975 I BatteryMgr:DataCollectionService: stats => 1697981471582,25,4260,39,0,100
10-22 15:31:11.686 28821 28975 I BatteryMgr:DataCollectionService: stats => 1697981471686,25,4260,39,0,100
10-22 15:31:11.791 28821 28975 I BatteryMgr:DataCollectionService: stats => 1697981471791,25,4260,39,0,100
10-22 15:31:11.896 28821 28975 I BatteryMgr:DataCollectionService: stats => 1697981471896,25,4260,39,0,100
10-22 15:31:11.900  2479  2548 D ScanRecord: Not a Multi Manu data
10-22 15:31:11.996  2479  2548 I chatty  : uid=1002(bluetooth) BT Service Call identical 141 lines
10-22 15:31:11.996  2479  2548 D ScanRecord: Not a Multi Manu data
10-22 15:31:11.999 28821 28975 I BatteryMgr:DataCollectionService: stats => 1697981471999,25,4260,39,0,100
10-22 15:31:12.002  3957  4129 D WifiStateMachine:  ConnectedState !RSSI_PKTCNT_FETCH uid=1000 rt=587878586/1643854059 0 0 "ourhome" f4:6d:2f:12:cc:88 rssi=-44 f=5240 sc=60 link=433 tx=0.9, 0.0, 0.0  rx=7.2 bcn=458238 [on:0 tx:0 rx:0 period:998] from screen [on:844710 period:5571232] score=60
10-22 15:31:12.003  3957  4129 D WifiStateMachine:  L2ConnectedState !RSSI_PKTCNT_FETCH uid=1000 rt=587878587/1643854060 0 0 "ourhome" f4:6d:2f:12:cc:88 rssi=-44 f=5240 sc=60 link=433 tx=0.9, 0.0, 0.0  rx=7.2 bcn=458238 [on:0 tx:0 rx:0 period:2] from screen [on:844710 period:5571234] score=60
10-22 15:31:12.004  3957  4129 D WifiStateMachine: fetchRssiLinkSpeedAndFrequencyNative rssi=-42 linkspeed=433 freq=5240
10-22 15:31:12.004  3957  4129 V WifiConfigManager: Updating scan detail cache freq=5240 BSSID=f4:6d:2f:12:cc:88 RSSI=-42 for "ourhome"WPA_PSK
10-22 15:31:12.007  2479  2548 D ScanRecord: Not a Multi Manu data
10-22 15:31:12.012  2479  2548 I chatty  : uid=1002(bluetooth) BT Service Call identical 20 lines
10-22 15:31:12.012  2479  2548 D ScanRecord: Not a Multi Manu data
10-22 15:31:12.035  3957  4128 D WifiService: getConnectionInfo uid=1000
10-22 15:31:12.039  2479  2548 D ScanRecord: Not a Multi Manu data
10-22 15:31:12.045  3957  4416 E Watchdog: !@Sync 19588 [2023-10-22 15:31:12.045]
10-22 15:31:12.102  2479  2548 I chatty  : uid=1002(bluetooth) BT Service Call identical 119 lines
10-22 15:31:12.102  2479  2548 D ScanRecord: Not a Multi Manu data
10-22 15:31:12.109 28821 28975 I BatteryMgr:DataCollectionService: stats => 1697981472109,25,4260,39,0,100
10-22 15:31:12.120  2479  2548 D ScanRecord: Not a Multi Manu data
10-22 15:31:12.187  2479  2548 I chatty  : uid=1002(bluetooth) BT Service Call identical 97 lines
10-22 15:31:12.187  2479  2548 D ScanRecord: Not a Multi Manu data
10-22 15:31:12.196  2479  2548 D ScanRecord: same manuId data exists, combine both data and store
10-22 15:31:12.196  2479  2548 D ScanRecord: It's a Multi Manu data
10-22 15:31:12.197  2479  2548 I chatty  : uid=1002(bluetooth) BT Service Call identical 9 lines
10-22 15:31:12.197  2479  2548 D ScanRecord: It's a Multi Manu data
10-22 15:31:12.197  2479  2548 D ScanRecord: same manuId data exists, combine both data and store
10-22 15:31:12.213 28821 28975 I BatteryMgr:DataCollectionService: stats => 1697981472212,25,4260,39,0,100
10-22 15:31:12.228  2479  2548 D ScanRecord: Not a Multi Manu data
10-22 15:31:12.317  2479  2548 I chatty  : uid=1002(bluetooth) BT Service Call identical 128 lines
10-22 15:31:12.317 28821 28975 I BatteryMgr:DataCollectionService: stats => 1697981472317,25,4260,39,0,100
10-22 15:31:12.317  2479  2548 D ScanRecord: Not a Multi Manu data
10-22 15:31:12.317  2479  2548 D ScanRecord: Not a Multi Manu data
10-22 15:31:12.374  2479  2548 I chatty  : uid=1002(bluetooth) BT Service Call identical 77 lines
10-22 15:31:12.374  2479  2548 D ScanRecord: Not a Multi Manu data
10-22 15:31:12.385  2479  2548 D ScanRecord: same manuId data exists, combine both data and store
10-22 15:31:12.385  2479  2548 D ScanRecord: It's a Multi Manu data
10-22 15:31:12.385  2479  2548 I chatty  : uid=1002(bluetooth) BT Service Call identical 9 lines
10-22 15:31:12.385  2479  2548 D ScanRecord: It's a Multi Manu data
10-22 15:31:12.385  2479  2548 D ScanRecord: same manuId data exists, combine both data and store
10-22 15:31:12.386  2479  2548 D ScanRecord: Not a Multi Manu data
10-22 15:31:12.386  2479  2548 I chatty  : uid=1002(bluetooth) BT Service Call identical 9 lines
10-22 15:31:12.386  2479  2548 D ScanRecord: Not a Multi Manu data
10-22 15:31:12.421 28821 28975 I BatteryMgr:DataCollectionService: stats => 1697981472421,25,4260,39,0,100
10-22 15:31:12.525 28821 28975 I BatteryMgr:DataCollectionService: stats => 1697981472525,25,4260,39,0,100
10-22 15:31:12.629 28821 28975 I BatteryMgr:DataCollectionService: stats => 1697981472629,25,4260,39,0,100
10-22 15:31:12.734 28821 28975 I BatteryMgr:DataCollectionService: stats => 1697981472734,25,4260,39,0,100
10-22 15:31:12.837 28821 28975 I BatteryMgr:DataCollectionService: stats => 1697981472837,25,4260,39,0,100
10-22 15:31:12.944 28821 28975 I BatteryMgr:DataCollectionService: stats => 1697981472943,25,4260,39,0,100
10-22 15:31:13.003  3957  4129 D WifiStateMachine:  ConnectedState !RSSI_PKTCNT_FETCH uid=1000 rt=587879588/1643855060 0 0 "ourhome" f4:6d:2f:12:cc:88 rssi=-42 f=5240 sc=60 link=433 tx=0.9, 0.0, 0.0  rx=7.2 bcn=458238 [on:0 tx:0 rx:0 period:1000] from screen [on:844710 period:5572234] score=60
10-22 15:31:13.004  3957  4129 D WifiStateMachine:  L2ConnectedState !RSSI_PKTCNT_FETCH uid=1000 rt=587879589/1643855061 0 0 "ourhome" f4:6d:2f:12:cc:88 rssi=-42 f=5240 sc=60 link=433 tx=0.9, 0.0, 0.0  rx=7.2 bcn=458238 [on:0 tx:0 rx:0 period:1] from screen [on:844710 period:5572235] score=60
10-22 15:31:13.005  3957  4129 D WifiStateMachine: fetchRssiLinkSpeedAndFrequencyNative rssi=-42 linkspeed=433 freq=5240
10-22 15:31:13.005  3957  4129 V WifiConfigManager: Updating scan detail cache freq=5240 BSSID=f4:6d:2f:12:cc:88 RSSI=-42 for "ourhome"WPA_PSK
10-22 15:31:13.036  3957  4128 D WifiService: getConnectionInfo uid=1000
10-22 15:31:13.048 28821 28975 I BatteryMgr:DataCollectionService: stats => 1697981473048,25,4260,39,0,100
10-22 15:31:13.154 28821 28975 I BatteryMgr:DataCollectionService: stats => 1697981473153,25,4260,39,0,100
10-22 15:31:13.258 28821 28975 I BatteryMgr:DataCollectionService: stats => 1697981473258,25,4260,39,0,100
10-22 15:31:13.362 28821 28975 I BatteryMgr:DataCollectionService: stats => 1697981473362,25,4260,39,0,100
10-22 15:31:13.466 28821 28975 I BatteryMgr:DataCollectionService: stats => 1697981473466,25,4260,39,0,100
10-22 15:31:13.560  3957  4129 D WifiStateMachine:  ConnectedState !CMD_RSSI_POLL rt=587880145/1643855617 108 0 "ourhome" f4:6d:2f:12:cc:88 rssi=-42 f=5240 sc=60 link=433 tx=0.9, 0.0, 0.0  rx=7.2 bcn=458238 [on:0 tx:0 rx:0 period:556] from screen [on:844710 period:5572791] score=60
10-22 15:31:13.561  3957  4129 D WifiStateMachine:  L2ConnectedState !CMD_RSSI_POLL rt=587880146/1643855618 108 0 "ourhome" f4:6d:2f:12:cc:88 rssi=-42 f=5240 sc=60 link=433 tx=0.9, 0.0, 0.0  rx=7.2 bcn=458238 [on:0 tx:0 rx:0 period:1] from screen [on:844710 period:5572792] score=60
10-22 15:31:13.561  3957  4129 D WifiStateMachine:  get link layer stats 3
10-22 15:31:13.562  3436  3436 I android.hardware.wifi@1.0-service: getLinkLayerStats
10-22 15:31:13.571 28821 28975 I BatteryMgr:DataCollectionService: stats => 1697981473571,25,4260,39,0,100
10-22 15:31:13.579  3957  4129 D WifiStateMachine: fetchRssiLinkSpeedAndFrequencyNative rssi=-42 linkspeed=433 freq=5240
10-22 15:31:13.579  3957  4129 V WifiConfigManager: Updating scan detail cache freq=5240 BSSID=f4:6d:2f:12:cc:88 RSSI=-42 for "ourhome"WPA_PSK
10-22 15:31:13.582  4340  4340 E SignalClusterView: setSlotFocusVisible : subId -2
10-22 15:31:13.582  4340  4340 E SignalClusterView: setSlotFocusVisible : subId -2
10-22 15:31:13.647  3957  4030 D SensorService: [SO] 0.192 -0.182 9.969
10-22 15:31:13.677 28821 28975 I BatteryMgr:DataCollectionService: stats => 1697981473677,25,4260,39,0,100
10-22 15:31:13.781 28821 28975 I BatteryMgr:DataCollectionService: stats => 1697981473781,25,4260,39,0,100
10-22 15:31:13.885 28821 28975 I BatteryMgr:DataCollectionService: stats => 1697981473885,25,4260,39,0,100
10-22 15:31:13.990 28821 28975 I BatteryMgr:DataCollectionService: stats => 1697981473990,25,4260,39,0,100
10-22 15:31:14.004  3957  4129 D WifiStateMachine:  ConnectedState !RSSI_PKTCNT_FETCH uid=1000 rt=587880588/1643856061 0 0 "ourhome" f4:6d:2f:12:cc:88 rssi=-42 f=5240 sc=60 link=433 tx=4.1, 0.0, 0.0  rx=8.3 bcn=458264 [on:0 tx:0 rx:0 period:422] from screen [on:845490 period:5573234] score=60
10-22 15:31:14.004  3957  4129 D WifiStateMachine:  L2ConnectedState !RSSI_PKTCNT_FETCH uid=1000 rt=587880589/1643856062 0 0 "ourhome" f4:6d:2f:12:cc:88 rssi=-42 f=5240 sc=60 link=433 tx=4.1, 0.0, 0.0  rx=8.3 bcn=458264 [on:0 tx:0 rx:0 period:1] from screen [on:845490 period:5573235] score=60
10-22 15:31:14.006  3957  4129 D WifiStateMachine: fetchRssiLinkSpeedAndFrequencyNative rssi=-41 linkspeed=433 freq=5240
10-22 15:31:14.006  3957  4129 V WifiConfigManager: Updating scan detail cache freq=5240 BSSID=f4:6d:2f:12:cc:88 RSSI=-41 for "ourhome"WPA_PSK
10-22 15:31:14.038  3957  4128 D WifiService: getConnectionInfo uid=1000
10-22 15:31:14.095 28821 28975 I BatteryMgr:DataCollectionService: stats => 1697981474095,25,4260,39,0,100
10-22 15:31:14.199 28821 28975 I BatteryMgr:DataCollectionService: stats => 1697981474199,25,4260,39,0,100
10-22 15:31:14.303 28821 28975 I BatteryMgr:DataCollectionService: stats => 1697981474303,25,4260,39,0,100
10-22 15:31:14.407 28821 28975 I BatteryMgr:DataCollectionService: stats => 1697981474407,25,4260,39,0,100
10-22 15:31:14.511 28821 28975 I BatteryMgr:DataCollectionService: stats => 1697981474511,25,4260,39,0,100
10-22 15:31:14.616 28821 28975 I BatteryMgr:DataCollectionService: stats => 1697981474616,25,4260,39,0,100
10-22 15:31:14.719 28821 28975 I BatteryMgr:DataCollectionService: stats => 1697981474719,25,4260,39,0,100
10-22 15:31:14.823 28821 28975 I BatteryMgr:DataCollectionService: stats => 1697981474823,25,4260,39,0,100
10-22 15:31:14.928 28821 28975 I BatteryMgr:DataCollectionService: stats => 1697981474928,25,4260,39,0,100
10-22 15:31:15.006  3957  4129 D WifiStateMachine:  ConnectedState !RSSI_PKTCNT_FETCH uid=1000 rt=587881590/1643857062 0 0 "ourhome" f4:6d:2f:12:cc:88 rssi=-41 f=5240 sc=60 link=433 tx=4.1, 0.0, 0.0  rx=8.3 bcn=458264 [on:0 tx:0 rx:0 period:1002] from screen [on:845490 period:5574237] score=60
10-22 15:31:15.007  3957  4129 D WifiStateMachine:  L2ConnectedState !RSSI_PKTCNT_FETCH uid=1000 rt=587881592/1643857064 0 0 "ourhome" f4:6d:2f:12:cc:88 rssi=-41 f=5240 sc=60 link=433 tx=4.1, 0.0, 0.0  rx=8.3 bcn=458264 [on:0 tx:0 rx:0 period:1] from screen [on:845490 period:5574238] score=60
10-22 15:31:15.013  3957  4129 D WifiStateMachine: fetchRssiLinkSpeedAndFrequencyNative rssi=-42 linkspeed=433 freq=5240
10-22 15:31:15.013  3957  4129 V WifiConfigManager: Updating scan detail cache freq=5240 BSSID=f4:6d:2f:12:cc:88 RSSI=-41 for "ourhome"WPA_PSK
10-22 15:31:15.032 28821 28975 I BatteryMgr:DataCollectionService: stats => 1697981475032,25,4260,39,0,100
10-22 15:31:15.040  3957  4128 D WifiService: getConnectionInfo uid=1000
10-22 15:31:15.136 28821 28975 I BatteryMgr:DataCollectionService: stats => 1697981475136,25,4260,39,0,100
10-22 15:31:15.240 28821 28975 I BatteryMgr:DataCollectionService: stats => 1697981475240,25,4260,39,0,100
10-22 15:31:15.346 28821 28975 I BatteryMgr:DataCollectionService: stats => 1697981475346,25,4260,39,0,100
10-22 15:31:15.450 28821 28975 I BatteryMgr:DataCollectionService: stats => 1697981475450,25,4260,39,0,100
10-22 15:31:15.554 28821 28975 I BatteryMgr:DataCollectionService: stats => 1697981475554,25,4260,39,0,100
10-22 15:31:15.658 28821 28975 I BatteryMgr:DataCollectionService: stats => 1697981475658,25,4260,39,0,100
10-22 15:31:15.763 28821 28975 I BatteryMgr:DataCollectionService: stats => 1697981475763,25,4260,39,0,100
10-22 15:31:15.867 28821 28975 I BatteryMgr:DataCollectionService: stats => 1697981475867,25,4260,39,0,100
10-22 15:31:15.971 28821 28975 I BatteryMgr:DataCollectionService: stats => 1697981475971,25,4260,39,0,100
10-22 15:31:16.006  3957  4129 D WifiStateMachine:  ConnectedState !RSSI_PKTCNT_FETCH uid=1000 rt=587882591/1643858064 0 0 "ourhome" f4:6d:2f:12:cc:88 rssi=-42 f=5240 sc=60 link=433 tx=4.1, 0.0, 0.0  rx=8.3 bcn=458264 [on:0 tx:0 rx:0 period:999] from screen [on:845490 period:5575237] score=60
10-22 15:31:16.007  3957  4129 D WifiStateMachine:  L2ConnectedState !RSSI_PKTCNT_FETCH uid=1000 rt=587882592/1643858065 0 0 "ourhome" f4:6d:2f:12:cc:88 rssi=-42 f=5240 sc=60 link=433 tx=4.1, 0.0, 0.0  rx=8.3 bcn=458264 [on:0 tx:0 rx:0 period:1] from screen [on:845490 period:5575238] score=60
10-22 15:31:16.013  3957  4129 D WifiStateMachine: fetchRssiLinkSpeedAndFrequencyNative rssi=-42 linkspeed=433 freq=5240
10-22 15:31:16.013  3957  4129 V WifiConfigManager: Updating scan detail cache freq=5240 BSSID=f4:6d:2f:12:cc:88 RSSI=-41 for "ourhome"WPA_PSK
10-22 15:31:16.042  3957  4128 D WifiService: getConnectionInfo uid=1000
10-22 15:31:16.076 28821 28975 I BatteryMgr:DataCollectionService: stats => 1697981476076,25,4260,39,0,100
10-22 15:31:16.179 28821 28975 I BatteryMgr:DataCollectionService: stats => 1697981476179,25,4260,39,0,100
10-22 15:31:16.283 28821 28975 I BatteryMgr:DataCollectionService: stats => 1697981476283,25,4260,39,0,100
10-22 15:31:16.285  4961  4961 D io_stats: !@ 179,0 r 9128394 297439588 w 2059482 40625388 d 164538 36495504 f 624470 649148 iot 4199104 3630464 th 51200 0 0 pt 0 inp 0 0 587882.870
10-22 15:31:16.387 28821 28975 I BatteryMgr:DataCollectionService: stats => 1697981476387,25,4260,39,0,100
10-22 15:31:16.492 28821 28975 I BatteryMgr:DataCollectionService: stats => 1697981476492,25,4260,39,0,100
10-22 15:31:16.581  3957  4129 D WifiStateMachine:  ConnectedState !CMD_RSSI_POLL rt=587883165/1643858638 108 0 "ourhome" f4:6d:2f:12:cc:88 rssi=-42 f=5240 sc=60 link=433 tx=4.1, 0.0, 0.0  rx=8.3 bcn=458264 [on:0 tx:0 rx:0 period:573] from screen [on:845490 period:5575811] score=60
10-22 15:31:16.582  3957  4129 D WifiStateMachine:  L2ConnectedState !CMD_RSSI_POLL rt=587883166/1643858639 108 0 "ourhome" f4:6d:2f:12:cc:88 rssi=-42 f=5240 sc=60 link=433 tx=4.1, 0.0, 0.0  rx=8.3 bcn=458264 [on:0 tx:0 rx:0 period:2] from screen [on:845490 period:5575813] score=60
10-22 15:31:16.582  3957  4129 D WifiStateMachine:  get link layer stats 3
10-22 15:31:16.582  3436  3436 I android.hardware.wifi@1.0-service: getLinkLayerStats
10-22 15:31:16.598 28821 28975 I BatteryMgr:DataCollectionService: stats => 1697981476598,25,4260,39,0,100
10-22 15:31:16.600  3957  4129 D WifiStateMachine: fetchRssiLinkSpeedAndFrequencyNative rssi=-43 linkspeed=433 freq=5240
10-22 15:31:16.600  3957  4129 V WifiConfigManager: Updating scan detail cache freq=5240 BSSID=f4:6d:2f:12:cc:88 RSSI=-42 for "ourhome"WPA_PSK
10-22 15:31:16.603  4340  4340 E SignalClusterView: setSlotFocusVisible : subId -2
10-22 15:31:16.603  4340  4340 E SignalClusterView: setSlotFocusVisible : subId -2
10-22 15:31:16.703 28821 28975 I BatteryMgr:DataCollectionService: stats => 1697981476702,25,4260,39,0,100
10-22 15:31:16.807 28821 28975 I BatteryMgr:DataCollectionService: stats => 1697981476807,25,4260,39,0,100
10-22 15:31:16.902  2479  2548 D ScanRecord: Not a Multi Manu data
10-22 15:31:16.908  2479  2548 I chatty  : uid=1002(bluetooth) BT Service Call identical 31 lines
10-22 15:31:16.908  2479  2548 D ScanRecord: Not a Multi Manu data
10-22 15:31:16.911 28821 28975 I BatteryMgr:DataCollectionService: stats => 1697981476911,25,4260,39,0,100
10-22 15:31:16.915  2479  2548 D ScanRecord: Not a Multi Manu data
10-22 15:31:16.997  2479  2548 I chatty  : uid=1002(bluetooth) BT Service Call identical 86 lines
10-22 15:31:16.997  2479  2548 D ScanRecord: Not a Multi Manu data
10-22 15:31:17.007  3957  4129 D WifiStateMachine:  ConnectedState !RSSI_PKTCNT_FETCH uid=1000 rt=587883592/1643859065 0 0 "ourhome" f4:6d:2f:12:cc:88 rssi=-43 f=5240 sc=60 link=433 tx=1.5, 0.0, 0.0  rx=3.1 bcn=458293 [on:0 tx:0 rx:0 period:405] from screen [on:845551 period:5576238] score=60
10-22 15:31:17.008  3957  4129 D WifiStateMachine:  L2ConnectedState !RSSI_PKTCNT_FETCH uid=1000 rt=587883593/1643859066 0 0 "ourhome" f4:6d:2f:12:cc:88 rssi=-43 f=5240 sc=60 link=433 tx=1.5, 0.0, 0.0  rx=3.1 bcn=458293 [on:0 tx:0 rx:0 period:1] from screen [on:845551 period:5576239] score=60
10-22 15:31:17.010  3957  4129 D WifiStateMachine: fetchRssiLinkSpeedAndFrequencyNative rssi=-43 linkspeed=433 freq=5240
10-22 15:31:17.010  3957  4129 V WifiConfigManager: Updating scan detail cache freq=5240 BSSID=f4:6d:2f:12:cc:88 RSSI=-42 for "ourhome"WPA_PSK
10-22 15:31:17.012  2479  2548 D ScanRecord: Not a Multi Manu data
10-22 15:31:17.012  2479  2548 I chatty  : uid=1002(bluetooth) BT Service Call identical 9 lines
10-22 15:31:17.012  2479  2548 D ScanRecord: Not a Multi Manu data
10-22 15:31:17.015 28821 28975 I BatteryMgr:DataCollectionService: stats => 1697981477015,25,4260,39,0,100
10-22 15:31:17.018  2479  2548 D ScanRecord: Not a Multi Manu data
10-22 15:31:17.025  2479  2548 I chatty  : uid=1002(bluetooth) BT Service Call identical 31 lines
10-22 15:31:17.025  2479  2548 D ScanRecord: Not a Multi Manu data
10-22 15:31:17.044  3957  4128 D WifiService: getConnectionInfo uid=1000
10-22 15:31:17.045  2479  2548 D ScanRecord: same manuId data exists, combine both data and store
10-22 15:31:17.045  2479  2548 D ScanRecord: It's a Multi Manu data
10-22 15:31:17.045  2479  2548 I chatty  : uid=1002(bluetooth) BT Service Call identical 9 lines
10-22 15:31:17.045  2479  2548 D ScanRecord: It's a Multi Manu data
10-22 15:31:17.045  2479  2548 D ScanRecord: same manuId data exists, combine both data and store
10-22 15:31:17.046  2479  2548 D ScanRecord: Not a Multi Manu data
10-22 15:31:17.117  2479  2548 I chatty  : uid=1002(bluetooth) BT Service Call identical 53 lines
10-22 15:31:17.117  2479  2548 D ScanRecord: Not a Multi Manu data
10-22 15:31:17.119 28821 28975 I BatteryMgr:DataCollectionService: stats => 1697981477119,25,4260,39,0,100
10-22 15:31:17.122  2479  2548 D ScanRecord: Not a Multi Manu data
10-22 15:31:17.221  2479  2548 I chatty  : uid=1002(bluetooth) BT Service Call identical 163 lines
10-22 15:31:17.221  2479  2548 D ScanRecord: Not a Multi Manu data
10-22 15:31:17.224 28821 28975 I BatteryMgr:DataCollectionService: stats => 1697981477224,25,4260,39,0,100
10-22 15:31:17.227  2479  2548 D ScanRecord: same manuId data exists, combine both data and store
