10-22 16:19:26.555  2479  2548 D ScanFilter: manu data matches
10-22 16:19:26.555  2479  2548 D BtGatt.GattService: onScanResult to scannerId: 6- event_type=0x1b, address_type=1, address=10:7, primary_phy=1, secondary_phy=0, advertising_sid=0xff, tx_power=127, rssi=-72, periodic_adv_int=0x0
10-22 16:19:26.555 23612 28242 D ScanRecord: same manuId data exists, combine both data and store
10-22 16:19:26.571  2479  2548 D ScanRecord: Not a Multi Manu data
10-22 16:19:26.641  2479  2548 I chatty  : uid=1002(bluetooth) BT Service Call identical 102 lines
10-22 16:19:26.641  2479  2548 D ScanRecord: Not a Multi Manu data
10-22 16:19:26.645  2032  2298 I BatteryMgr:DataCollectionService: stats => 1697984366645,177,4260,145,0,100
10-22 16:19:26.648  2479  2548 D ScanRecord: Not a Multi Manu data
10-22 16:19:26.711  2479  2548 I chatty  : uid=1002(bluetooth) BT Service Call identical 167 lines
10-22 16:19:26.711  2479  2548 D ScanRecord: Not a Multi Manu data
10-22 16:19:26.738  2479  2548 D ScanRecord: same manuId data exists, combine both data and store
10-22 16:19:26.739  2479  2548 D ScanRecord: It's a Multi Manu data
10-22 16:19:26.739  2479  2548 I chatty  : uid=1002(bluetooth) BT Service Call identical 9 lines
10-22 16:19:26.739  2479  2548 D ScanRecord: It's a Multi Manu data
10-22 16:19:26.739  2479  2548 D ScanRecord: same manuId data exists, combine both data and store
10-22 16:19:26.739  2479  2548 D ScanRecord: same manuId data exists, combine both data and store
10-22 16:19:26.739  2479  2548 D ScanRecord: It's a Multi Manu data
10-22 16:19:26.739  2479  2548 D ScanFilter: manu data matches
10-22 16:19:26.739  2479  2548 D BtGatt.GattService: onScanResult to scannerId: 6- event_type=0x1b, address_type=1, address=10:7, primary_phy=1, secondary_phy=0, advertising_sid=0xff, tx_power=127, rssi=-72, periodic_adv_int=0x0
10-22 16:19:26.739 23612 28242 D ScanRecord: same manuId data exists, combine both data and store
10-22 16:19:26.743  2479  2548 D ScanRecord: Not a Multi Manu data
10-22 16:19:26.743  2479  2548 I chatty  : uid=1002(bluetooth) BT Service Call identical 11 lines
10-22 16:19:26.743  2479  2548 D ScanRecord: Not a Multi Manu data
10-22 16:19:26.754  2032  2298 I BatteryMgr:DataCollectionService: stats => 1697984366753,177,4260,145,0,100
10-22 16:19:26.767  2479  2548 D ScanRecord: Not a Multi Manu data
10-22 16:19:26.861  2479  2548 I chatty  : uid=1002(bluetooth) BT Service Call identical 154 lines
10-22 16:19:26.861  2479  2548 D ScanRecord: Not a Multi Manu data
10-22 16:19:26.862  2032  2298 I BatteryMgr:DataCollectionService: stats => 1697984366862,177,4260,145,0,100
10-22 16:19:26.872  2479  2548 D ScanRecord: Not a Multi Manu data
10-22 16:19:26.889  2479  2548 I chatty  : uid=1002(bluetooth) BT Service Call identical 24 lines
10-22 16:19:26.889  2479  2548 D ScanRecord: Not a Multi Manu data
10-22 16:19:26.974  2032  2298 I BatteryMgr:DataCollectionService: stats => 1697984366974,177,4260,145,0,100
10-22 16:19:27.084  2032  2298 I BatteryMgr:DataCollectionService: stats => 1697984367084,177,4260,145,0,100
10-22 16:19:27.189  2032  2298 I BatteryMgr:DataCollectionService: stats => 1697984367189,177,4260,145,0,100
10-22 16:19:27.189 28279  2745 E memtrack: Couldn't load memtrack module
10-22 16:19:27.190 28279  2745 W android.os.Debug: failed to get memory consumption info: -1
10-22 16:19:27.213  3957  4128 D WifiService: getConnectionInfo uid=1000
10-22 16:19:27.249  3957  4129 D WifiStateMachine:  ConnectedState !RSSI_PKTCNT_FETCH uid=1000 rt=590773833/1646749306 0 0 "ourhome" f4:6d:2f:12:cc:88 rssi=-44 f=5240 sc=60 link=433 tx=0.1, 0.0, 0.0  rx=2.7 bcn=485076 [on:0 tx:0 rx:0 period:999] from screen [on:92455 period:761124] score=60
10-22 16:19:27.252  3957  4129 D WifiStateMachine:  L2ConnectedState !RSSI_PKTCNT_FETCH uid=1000 rt=590773835/1646749308 0 0 "ourhome" f4:6d:2f:12:cc:88 rssi=-44 f=5240 sc=60 link=433 tx=0.1, 0.0, 0.0  rx=2.7 bcn=485076 [on:0 tx:0 rx:0 period:3] from screen [on:92455 period:761127] score=60
10-22 16:19:27.260  3957  4129 D WifiStateMachine: fetchRssiLinkSpeedAndFrequencyNative rssi=-46 linkspeed=433 freq=5240
10-22 16:19:27.260  3957  4129 V WifiConfigManager: Updating scan detail cache freq=5240 BSSID=f4:6d:2f:12:cc:88 RSSI=-44 for "ourhome"WPA_PSK
10-22 16:19:27.299  2032  2298 I BatteryMgr:DataCollectionService: stats => 1697984367299,177,4260,145,0,100
10-22 16:19:27.409  2032  2298 I BatteryMgr:DataCollectionService: stats => 1697984367408,177,4260,145,0,100
10-22 16:19:27.515  2032  2298 I BatteryMgr:DataCollectionService: stats => 1697984367515,177,4260,145,0,100
10-22 16:19:27.626  2032  2298 I BatteryMgr:DataCollectionService: stats => 1697984367626,177,4260,145,0,100
10-22 16:19:27.714  3957  4129 D WifiStateMachine:  ConnectedState !CMD_RSSI_POLL rt=590774297/1646749770 112 0 "ourhome" f4:6d:2f:12:cc:88 rssi=-46 f=5240 sc=60 link=433 tx=0.1, 0.0, 0.0  rx=2.7 bcn=485076 [on:0 tx:0 rx:0 period:462] from screen [on:92455 period:761589] score=60
10-22 16:19:27.716  3957  4129 D WifiStateMachine:  L2ConnectedState !CMD_RSSI_POLL rt=590774300/1646749772 112 0 "ourhome" f4:6d:2f:12:cc:88 rssi=-46 f=5240 sc=60 link=433 tx=0.1, 0.0, 0.0  rx=2.7 bcn=485076 [on:0 tx:0 rx:0 period:2] from screen [on:92455 period:761591] score=60
10-22 16:19:27.717  3957  4129 D WifiStateMachine:  get link layer stats 3
10-22 16:19:27.717  3436  3436 I android.hardware.wifi@1.0-service: getLinkLayerStats
10-22 16:19:27.737  3957  4129 D WifiStateMachine: fetchRssiLinkSpeedAndFrequencyNative rssi=-44 linkspeed=433 freq=5240
10-22 16:19:27.737  3957  4129 V WifiConfigManager: Updating scan detail cache freq=5240 BSSID=f4:6d:2f:12:cc:88 RSSI=-44 for "ourhome"WPA_PSK
10-22 16:19:27.738  2032  2298 I BatteryMgr:DataCollectionService: stats => 1697984367738,177,4260,145,0,100
10-22 16:19:27.744  4340  4340 E SignalClusterView: setSlotFocusVisible : subId -2
10-22 16:19:27.744  4340  4340 E SignalClusterView: setSlotFocusVisible : subId -2
10-22 16:19:27.853  2032  2298 I BatteryMgr:DataCollectionService: stats => 1697984367852,177,4260,145,0,100
10-22 16:19:27.960  2032  2298 I BatteryMgr:DataCollectionService: stats => 1697984367960,177,4260,145,0,100
10-22 16:19:28.071  2032  2298 I BatteryMgr:DataCollectionService: stats => 1697984368071,177,4260,145,0,100
10-22 16:19:28.180  2032  2298 I BatteryMgr:DataCollectionService: stats => 1697984368180,177,4260,145,0,100
10-22 16:19:28.216  3957  4128 D WifiService: getConnectionInfo uid=1000
10-22 16:19:28.250  3957  4129 D WifiStateMachine:  ConnectedState !RSSI_PKTCNT_FETCH uid=1000 rt=590774834/1646750306 0 0 "ourhome" f4:6d:2f:12:cc:88 rssi=-44 f=5240 sc=60 link=433 tx=1.9, 0.0, 0.0  rx=19.4 bcn=485103 [on:0 tx:0 rx:0 period:508] from screen [on:93390 period:762125] score=60
10-22 16:19:28.252  3957  4129 D WifiStateMachine:  L2ConnectedState !RSSI_PKTCNT_FETCH uid=1000 rt=590774836/1646750308 0 0 "ourhome" f4:6d:2f:12:cc:88 rssi=-44 f=5240 sc=60 link=433 tx=1.9, 0.0, 0.0  rx=19.4 bcn=485103 [on:0 tx:0 rx:0 period:1] from screen [on:93390 period:762126] score=60
10-22 16:19:28.259  3957  4129 D WifiStateMachine: fetchRssiLinkSpeedAndFrequencyNative rssi=-44 linkspeed=433 freq=5240
10-22 16:19:28.259  3957  4129 V WifiConfigManager: Updating scan detail cache freq=5240 BSSID=f4:6d:2f:12:cc:88 RSSI=-44 for "ourhome"WPA_PSK
10-22 16:19:28.291  2032  2298 I BatteryMgr:DataCollectionService: stats => 1697984368291,177,4260,145,0,100
10-22 16:19:28.398  2032  2298 I BatteryMgr:DataCollectionService: stats => 1697984368398,177,4260,145,0,100
10-22 16:19:28.511  2032  2298 I BatteryMgr:DataCollectionService: stats => 1697984368511,177,4260,145,0,100
10-22 16:19:28.536  4961  4961 D io_stats: !@ 179,0 r 9314778 303532968 w 2083889 40943904 d 166490 36592808 f 630513 655357 iot 4279704 3697598 th 51200 0 0 pt 0 inp 0 0 590775.121
10-22 16:19:28.552  3957  6478 D SSRM:k  : SIOP:: AP = 380, PST = 361 (W:10), BAT = 315, USB = 0, CHG = 0
10-22 16:19:28.623  2032  2298 I BatteryMgr:DataCollectionService: stats => 1697984368623,177,4260,145,0,100
10-22 16:19:28.737  2032  2298 I BatteryMgr:DataCollectionService: stats => 1697984368737,177,4260,145,0,100
10-22 16:19:28.850  2032  2298 I BatteryMgr:DataCollectionService: stats => 1697984368850,177,4260,145,0,100
10-22 16:19:28.964  2032  2298 I BatteryMgr:DataCollectionService: stats => 1697984368964,177,4260,145,0,100
10-22 16:19:29.086  2032  2298 I BatteryMgr:DataCollectionService: stats => 1697984369086,177,4260,145,0,100
10-22 16:19:29.199  2032  2298 I BatteryMgr:DataCollectionService: stats => 1697984369199,177,4260,145,0,100
10-22 16:19:29.219  3957  4128 D WifiService: getConnectionInfo uid=1000
10-22 16:19:29.251  3957  4129 D WifiStateMachine:  ConnectedState !RSSI_PKTCNT_FETCH uid=1000 rt=590775835/1646751307 0 0 "ourhome" f4:6d:2f:12:cc:88 rssi=-44 f=5240 sc=60 link=433 tx=1.9, 0.0, 0.0  rx=19.4 bcn=485103 [on:0 tx:0 rx:0 period:1000] from screen [on:93390 period:763126] score=60
10-22 16:19:29.254  3957  4129 D WifiStateMachine:  L2ConnectedState !RSSI_PKTCNT_FETCH uid=1000 rt=590775837/1646751310 0 0 "ourhome" f4:6d:2f:12:cc:88 rssi=-44 f=5240 sc=60 link=433 tx=1.9, 0.0, 0.0  rx=19.4 bcn=485103 [on:0 tx:0 rx:0 period:3] from screen [on:93390 period:763129] score=60
10-22 16:19:29.262  3957  4129 D WifiStateMachine: fetchRssiLinkSpeedAndFrequencyNative rssi=-43 linkspeed=433 freq=5240
10-22 16:19:29.262  3957  4129 V WifiConfigManager: Updating scan detail cache freq=5240 BSSID=f4:6d:2f:12:cc:88 RSSI=-43 for "ourhome"WPA_PSK
10-22 16:19:29.308  2032  2298 I BatteryMgr:DataCollectionService: stats => 1697984369308,177,4260,145,0,100
10-22 16:19:29.418  2032  2298 I BatteryMgr:DataCollectionService: stats => 1697984369418,177,4260,145,0,100
10-22 16:19:29.529  2032  2298 I BatteryMgr:DataCollectionService: stats => 1697984369529,177,4260,145,0,100
10-22 16:19:29.640  2032  2298 I BatteryMgr:DataCollectionService: stats => 1697984369640,177,4260,145,0,100
10-22 16:19:29.749  2032  2298 I BatteryMgr:DataCollectionService: stats => 1697984369749,177,4260,145,0,100
10-22 16:19:29.860  2032  2298 I BatteryMgr:DataCollectionService: stats => 1697984369860,177,4260,145,0,100
10-22 16:19:29.969  2032  2298 I BatteryMgr:DataCollectionService: stats => 1697984369969,177,4260,145,0,100
10-22 16:19:30.081  2032  2298 I BatteryMgr:DataCollectionService: stats => 1697984370081,177,4260,145,0,100
10-22 16:19:30.190  2032  2298 I BatteryMgr:DataCollectionService: stats => 1697984370190,177,4260,145,0,100
10-22 16:19:30.221  3957  4128 D WifiService: getConnectionInfo uid=1000
10-22 16:19:30.252  3957  4129 D WifiStateMachine:  ConnectedState !RSSI_PKTCNT_FETCH uid=1000 rt=590776837/1646752309 0 0 "ourhome" f4:6d:2f:12:cc:88 rssi=-43 f=5240 sc=60 link=433 tx=1.9, 0.0, 0.0  rx=19.4 bcn=485103 [on:0 tx:0 rx:0 period:998] from screen [on:93390 period:764127] score=60
10-22 16:19:30.254  3957  4129 D WifiStateMachine:  L2ConnectedState !RSSI_PKTCNT_FETCH uid=1000 rt=590776838/1646752310 0 0 "ourhome" f4:6d:2f:12:cc:88 rssi=-43 f=5240 sc=60 link=433 tx=1.9, 0.0, 0.0  rx=19.4 bcn=485103 [on:0 tx:0 rx:0 period:2] from screen [on:93390 period:764129] score=60
10-22 16:19:30.260  3957  4129 D WifiStateMachine: fetchRssiLinkSpeedAndFrequencyNative rssi=-43 linkspeed=433 freq=5240
10-22 16:19:30.260  3957  4129 V WifiConfigManager: Updating scan detail cache freq=5240 BSSID=f4:6d:2f:12:cc:88 RSSI=-43 for "ourhome"WPA_PSK
10-22 16:19:30.301  2032  2298 I BatteryMgr:DataCollectionService: stats => 1697984370301,177,4260,145,0,100
10-22 16:19:30.412  2032  2298 I BatteryMgr:DataCollectionService: stats => 1697984370411,177,4260,145,0,100
10-22 16:19:30.521  2032  2298 I BatteryMgr:DataCollectionService: stats => 1697984370521,177,4260,145,0,100
10-22 16:19:30.631  2032  2298 I BatteryMgr:DataCollectionService: stats => 1697984370631,177,4260,145,0,100
10-22 16:19:30.743  3957  4129 D WifiStateMachine:  ConnectedState !CMD_RSSI_POLL rt=590777325/1646752797 112 0 "ourhome" f4:6d:2f:12:cc:88 rssi=-43 f=5240 sc=60 link=433 tx=1.9, 0.0, 0.0  rx=19.4 bcn=485103 [on:0 tx:0 rx:0 period:488] from screen [on:93390 period:764617] score=60
10-22 16:19:30.745  2032  2298 I BatteryMgr:DataCollectionService: stats => 1697984370745,177,4260,145,0,100
10-22 16:19:30.748  3957  4129 D WifiStateMachine:  L2ConnectedState !CMD_RSSI_POLL rt=590777329/1646752801 112 0 "ourhome" f4:6d:2f:12:cc:88 rssi=-43 f=5240 sc=60 link=433 tx=1.9, 0.0, 0.0  rx=19.4 bcn=485103 [on:0 tx:0 rx:0 period:4] from screen [on:93390 period:764621] score=60
10-22 16:19:30.748  3957  4129 D WifiStateMachine:  get link layer stats 3
10-22 16:19:30.749  3436  3436 I android.hardware.wifi@1.0-service: getLinkLayerStats
10-22 16:19:30.768  3957  4129 D WifiStateMachine: fetchRssiLinkSpeedAndFrequencyNative rssi=-43 linkspeed=433 freq=5240
10-22 16:19:30.768  3957  4129 V WifiConfigManager: Updating scan detail cache freq=5240 BSSID=f4:6d:2f:12:cc:88 RSSI=-43 for "ourhome"WPA_PSK
10-22 16:19:30.773  4340  4340 E SignalClusterView: setSlotFocusVisible : subId -2
10-22 16:19:30.773  4340  4340 E SignalClusterView: setSlotFocusVisible : subId -2
10-22 16:19:30.855  2032  2298 I BatteryMgr:DataCollectionService: stats => 1697984370855,177,4260,145,0,100
10-22 16:19:30.965  2032  2298 I BatteryMgr:DataCollectionService: stats => 1697984370965,177,4260,145,0,100
10-22 16:19:31.082  2032  2298 I BatteryMgr:DataCollectionService: stats => 1697984371082,177,4260,145,0,100
10-22 16:19:31.192  2032  2298 I BatteryMgr:DataCollectionService: stats => 1697984371191,177,4260,145,0,100
10-22 16:19:31.224  3957  4128 D WifiService: getConnectionInfo uid=1000
10-22 16:19:31.255  3957  4129 D WifiStateMachine:  ConnectedState !RSSI_PKTCNT_FETCH uid=1000 rt=590777837/1646753309 0 0 "ourhome" f4:6d:2f:12:cc:88 rssi=-43 f=5240 sc=60 link=433 tx=1.3, 0.0, 0.0  rx=10.9 bcn=485132 [on:0 tx:0 rx:0 period:483] from screen [on:94031 period:765130] score=60
10-22 16:19:31.257  3957  4129 D WifiStateMachine:  L2ConnectedState !RSSI_PKTCNT_FETCH uid=1000 rt=590777841/1646753313 0 0 "ourhome" f4:6d:2f:12:cc:88 rssi=-43 f=5240 sc=60 link=433 tx=1.3, 0.0, 0.0  rx=10.9 bcn=485132 [on:0 tx:0 rx:0 period:2] from screen [on:94031 period:765132] score=60
10-22 16:19:31.263  3957  4129 D WifiStateMachine: fetchRssiLinkSpeedAndFrequencyNative rssi=-43 linkspeed=433 freq=5240
10-22 16:19:31.264  3957  4129 V WifiConfigManager: Updating scan detail cache freq=5240 BSSID=f4:6d:2f:12:cc:88 RSSI=-43 for "ourhome"WPA_PSK
10-22 16:19:31.300  2032  2298 I BatteryMgr:DataCollectionService: stats => 1697984371300,177,4260,145,0,100
10-22 16:19:31.398  2479  2548 D ScanRecord: same manuId data exists, combine both data and store
10-22 16:19:31.399  2479  2548 D ScanRecord: It's a Multi Manu data
10-22 16:19:31.399  2479  2548 I chatty  : uid=1002(bluetooth) BT Service Call identical 9 lines
10-22 16:19:31.399  2479  2548 D ScanRecord: It's a Multi Manu data
10-22 16:19:31.399  2479  2548 D ScanRecord: same manuId data exists, combine both data and store
10-22 16:19:31.399  2479  2548 D ScanRecord: same manuId data exists, combine both data and store
10-22 16:19:31.399  2479  2548 D ScanRecord: It's a Multi Manu data
10-22 16:19:31.399  2479  2548 D ScanFilter: manu data matches
10-22 16:19:31.399  2479  2548 D BtGatt.GattService: onScanResult to scannerId: 6- event_type=0x1b, address_type=1, address=10:7, primary_phy=1, secondary_phy=0, advertising_sid=0xff, tx_power=127, rssi=-73, periodic_adv_int=0x0
10-22 16:19:31.400  2479  2548 D ScanRecord: Not a Multi Manu data
10-22 16:19:31.400 23612 28242 D ScanRecord: same manuId data exists, combine both data and store
10-22 16:19:31.400  2479  2548 I chatty  : uid=1002(bluetooth) BT Service Call expire 1 line
10-22 16:19:31.400  2479  2548 D ScanRecord: Not a Multi Manu data
10-22 16:19:31.400  2479  2548 D ScanRecord: Not a Multi Manu data
10-22 16:19:31.400  2479  2548 I chatty  : uid=1002(bluetooth) BT Service Call identical 8 lines
10-22 16:19:31.400  2479  2548 D ScanRecord: Not a Multi Manu data
10-22 16:19:31.412  2032  2298 I BatteryMgr:DataCollectionService: stats => 1697984371412,177,4260,145,0,100
10-22 16:19:31.423  2479  2548 D ScanRecord: Not a Multi Manu data
10-22 16:19:31.515  2479  2548 I chatty  : uid=1002(bluetooth) BT Service Call identical 206 lines
10-22 16:19:31.515  2479  2548 D ScanRecord: Not a Multi Manu data
10-22 16:19:31.521  2032  2298 I BatteryMgr:DataCollectionService: stats => 1697984371521,177,4260,145,0,100
10-22 16:19:31.531  2479  2548 D ScanRecord: Not a Multi Manu data
10-22 16:19:31.568  2479  2548 I chatty  : uid=1002(bluetooth) BT Service Call identical 63 lines
10-22 16:19:31.568  2479  2548 D ScanRecord: Not a Multi Manu data
10-22 16:19:31.583  2479  2548 D ScanRecord: same manuId data exists, combine both data and store
10-22 16:19:31.583  2479  2548 D ScanRecord: It's a Multi Manu data
10-22 16:19:31.583  2479  2548 I chatty  : uid=1002(bluetooth) BT Service Call identical 9 lines
10-22 16:19:31.583  2479  2548 D ScanRecord: It's a Multi Manu data
10-22 16:19:31.583  2479  2548 D ScanRecord: same manuId data exists, combine both data and store
10-22 16:19:31.583  2479  2548 D ScanRecord: same manuId data exists, combine both data and store
10-22 16:19:31.583  2479  2548 D ScanRecord: It's a Multi Manu data
10-22 16:19:31.583  2479  2548 D ScanFilter: manu data matches
10-22 16:19:31.584  2479  2548 D BtGatt.GattService: onScanResult to scannerId: 6- event_type=0x1b, address_type=1, address=10:7, primary_phy=1, secondary_phy=0, advertising_sid=0xff, tx_power=127, rssi=-73, periodic_adv_int=0x0
10-22 16:19:31.585 23612 28242 D ScanRecord: same manuId data exists, combine both data and store
10-22 16:19:31.590  2479  2548 D ScanRecord: Not a Multi Manu data
10-22 16:19:31.635  2479  2548 I chatty  : uid=1002(bluetooth) BT Service Call identical 89 lines
10-22 16:19:31.635  2479  2548 D ScanRecord: Not a Multi Manu data
10-22 16:19:31.636  2032  2298 I BatteryMgr:DataCollectionService: stats => 1697984371636,177,4260,145,0,100
10-22 16:19:31.639  2479  2548 D ScanRecord: Not a Multi Manu data
10-22 16:19:31.743  2479  2548 I chatty  : uid=1002(bluetooth) BT Service Call identical 141 lines
10-22 16:19:31.743  2479  2548 D ScanRecord: Not a Multi Manu data
10-22 16:19:31.747  2032  2298 I BatteryMgr:DataCollectionService: stats => 1697984371746,177,4260,145,0,100
10-22 16:19:31.750  2479  2548 D ScanRecord: Not a Multi Manu data
10-22 16:19:31.772  2479  2548 I chatty  : uid=1002(bluetooth) BT Service Call identical 37 lines
10-22 16:19:31.772  2479  2548 D ScanRecord: Not a Multi Manu data
10-22 16:19:31.776  2479  2548 D ScanRecord: same manuId data exists, combine both data and store
10-22 16:19:31.777  2479  2548 D ScanRecord: It's a Multi Manu data
10-22 16:19:31.777  2479  2548 I chatty  : uid=1002(bluetooth) BT Service Call identical 9 lines
10-22 16:19:31.777  2479  2548 D ScanRecord: It's a Multi Manu data
10-22 16:19:31.777  2479  2548 D ScanRecord: same manuId data exists, combine both data and store
10-22 16:19:31.777  2479  2548 D ScanRecord: same manuId data exists, combine both data and store
10-22 16:19:31.777  2479  2548 D ScanRecord: It's a Multi Manu data
10-22 16:19:31.777  2479  2548 D ScanFilter: manu data matches
10-22 16:19:31.777  2479  2548 D BtGatt.GattService: onScanResult to scannerId: 6- event_type=0x1b, address_type=1, address=10:7, primary_phy=1, secondary_phy=0, advertising_sid=0xff, tx_power=127, rssi=-73, periodic_adv_int=0x0
10-22 16:19:31.778 23612 28242 D ScanRecord: same manuId data exists, combine both data and store
10-22 16:19:31.782  2479  2548 D ScanRecord: Not a Multi Manu data
10-22 16:19:31.852  2479  2548 I chatty  : uid=1002(bluetooth) BT Service Call identical 141 lines
10-22 16:19:31.852  2479  2548 D ScanRecord: Not a Multi Manu data
10-22 16:19:31.855  2032  2298 I BatteryMgr:DataCollectionService: stats => 1697984371855,177,4260,145,0,100
10-22 16:19:31.870  2479  2548 D ScanRecord: Not a Multi Manu data
10-22 16:19:31.875  2479  2548 I chatty  : uid=1002(bluetooth) BT Service Call identical 24 lines
10-22 16:19:31.875  2479  2548 D ScanRecord: Not a Multi Manu data
10-22 16:19:31.971  2032  2298 I BatteryMgr:DataCollectionService: stats => 1697984371971,177,4260,145,0,100
10-22 16:19:32.087  2032  2298 I BatteryMgr:DataCollectionService: stats => 1697984372087,177,4260,145,0,100
10-22 16:19:32.201  2032  2298 I BatteryMgr:DataCollectionService: stats => 1697984372201,177,4260,145,0,100
10-22 16:19:32.225  3957  4128 D WifiService: getConnectionInfo uid=1000
10-22 16:19:32.256  3957  4129 D WifiStateMachine:  ConnectedState !RSSI_PKTCNT_FETCH uid=1000 rt=590778839/1646754311 0 0 "ourhome" f4:6d:2f:12:cc:88 rssi=-43 f=5240 sc=60 link=433 tx=1.3, 0.0, 0.0  rx=10.9 bcn=485132 [on:0 tx:0 rx:0 period:998] from screen [on:94031 period:766130] score=60
10-22 16:19:32.258  3957  4129 D WifiStateMachine:  L2ConnectedState !RSSI_PKTCNT_FETCH uid=1000 rt=590778841/1646754314 0 0 "ourhome" f4:6d:2f:12:cc:88 rssi=-43 f=5240 sc=60 link=433 tx=1.3, 0.0, 0.0  rx=10.9 bcn=485132 [on:0 tx:0 rx:0 period:2] from screen [on:94031 period:766132] score=60
10-22 16:19:32.261  3957  4129 D WifiStateMachine: fetchRssiLinkSpeedAndFrequencyNative rssi=-44 linkspeed=433 freq=5240
10-22 16:19:32.262  3957  4129 V WifiConfigManager: Updating scan detail cache freq=5240 BSSID=f4:6d:2f:12:cc:88 RSSI=-43 for "ourhome"WPA_PSK
10-22 16:19:32.313  2032  2298 I BatteryMgr:DataCollectionService: stats => 1697984372313,177,4260,145,0,100
10-22 16:19:32.367  3957  4030 D SensorService: [SO] 0.220 -0.158 9.974
10-22 16:19:32.421  2032  2298 I BatteryMgr:DataCollectionService: stats => 1697984372421,177,4260,145,0,100
10-22 16:19:32.529  2032  2298 I BatteryMgr:DataCollectionService: stats => 1697984372529,177,4260,145,0,100
10-22 16:19:32.638  2032  2298 I BatteryMgr:DataCollectionService: stats => 1697984372638,177,4260,145,0,100
10-22 16:19:32.749  2032  2298 I BatteryMgr:DataCollectionService: stats => 1697984372749,177,4260,145,0,100
10-22 16:19:32.857  2032  2298 I BatteryMgr:DataCollectionService: stats => 1697984372857,177,4260,145,0,100
10-22 16:19:32.973  2032  2298 I BatteryMgr:DataCollectionService: stats => 1697984372972,177,4260,145,0,100
10-22 16:19:33.087  2032  2298 I BatteryMgr:DataCollectionService: stats => 1697984373086,177,4260,145,0,100
10-22 16:19:33.197  2032  2298 I BatteryMgr:DataCollectionService: stats => 1697984373197,177,4260,145,0,100
10-22 16:19:33.227  3957  4128 D WifiService: getConnectionInfo uid=1000
10-22 16:19:33.257  3957  4129 D WifiStateMachine:  ConnectedState !RSSI_PKTCNT_FETCH uid=1000 rt=590779840/1646755313 0 0 "ourhome" f4:6d:2f:12:cc:88 rssi=-44 f=5240 sc=60 link=433 tx=1.3, 0.0, 0.0  rx=10.9 bcn=485132 [on:0 tx:0 rx:0 period:999] from screen [on:94031 period:767131] score=60
10-22 16:19:33.259  3957  4129 D WifiStateMachine:  L2ConnectedState !RSSI_PKTCNT_FETCH uid=1000 rt=590779842/1646755315 0 0 "ourhome" f4:6d:2f:12:cc:88 rssi=-44 f=5240 sc=60 link=433 tx=1.3, 0.0, 0.0  rx=10.9 bcn=485132 [on:0 tx:0 rx:0 period:3] from screen [on:94031 period:767134] score=60
10-22 16:19:33.265  3957  4129 D WifiStateMachine: fetchRssiLinkSpeedAndFrequencyNative rssi=-43 linkspeed=433 freq=5240
10-22 16:19:33.265  3957  4129 V WifiConfigManager: Updating scan detail cache freq=5240 BSSID=f4:6d:2f:12:cc:88 RSSI=-43 for "ourhome"WPA_PSK
10-22 16:19:33.306  2032  2298 I BatteryMgr:DataCollectionService: stats => 1697984373306,177,4260,145,0,100
10-22 16:19:33.421  2032  2298 I BatteryMgr:DataCollectionService: stats => 1697984373421,193,4260,145,0,100
10-22 16:19:33.530  2032  2298 I BatteryMgr:DataCollectionService: stats => 1697984373530,193,4260,183,0,100
10-22 16:19:33.539  4961  4961 D io_stats: !@ 179,0 r 9314913 303534020 w 2083909 40944120 d 166491 36592876 f 630514 655358 iot 4279748 3697632 th 51200 0 0 pt 0 inp 0 0 590780.124
10-22 16:19:33.639  2032  2298 I BatteryMgr:DataCollectionService: stats => 1697984373638,193,4260,183,0,100
10-22 16:19:33.747  2032  2298 I BatteryMgr:DataCollectionService: stats => 1697984373747,193,4260,183,0,100
10-22 16:19:33.772  3957  4129 D WifiStateMachine:  ConnectedState !CMD_RSSI_POLL rt=590780356/1646755829 112 0 "ourhome" f4:6d:2f:12:cc:88 rssi=-43 f=5240 sc=60 link=433 tx=1.3, 0.0, 0.0  rx=10.9 bcn=485132 [on:0 tx:0 rx:0 period:513] from screen [on:94031 period:767647] score=60
10-22 16:19:33.774  3957  4129 D WifiStateMachine:  L2ConnectedState !CMD_RSSI_POLL rt=590780358/1646755831 112 0 "ourhome" f4:6d:2f:12:cc:88 rssi=-43 f=5240 sc=60 link=433 tx=1.3, 0.0, 0.0  rx=10.9 bcn=485132 [on:0 tx:0 rx:0 period:2] from screen [on:94031 period:767649] score=60
10-22 16:19:33.775  3957  4129 D WifiStateMachine:  get link layer stats 3
10-22 16:19:33.775  3436  3436 I android.hardware.wifi@1.0-service: getLinkLayerStats
10-22 16:19:33.794  3957  4129 D WifiStateMachine: fetchRssiLinkSpeedAndFrequencyNative rssi=-43 linkspeed=433 freq=5240
10-22 16:19:33.794  3957  4129 V WifiConfigManager: Updating scan detail cache freq=5240 BSSID=f4:6d:2f:12:cc:88 RSSI=-43 for "ourhome"WPA_PSK
10-22 16:19:33.798  4340  4340 E SignalClusterView: setSlotFocusVisible : subId -2
10-22 16:19:33.798  4340  4340 E SignalClusterView: setSlotFocusVisible : subId -2
10-22 16:19:33.855  2032  2298 I BatteryMgr:DataCollectionService: stats => 1697984373855,193,4260,183,0,100
10-22 16:19:33.931  3957  8661 D BatteryService: !@BatteryListener : batteryPropertiesChanged!
10-22 16:19:33.965  2032  2298 I BatteryMgr:DataCollectionService: stats => 1697984373965,193,4260,183,0,100
10-22 16:19:34.073  2032  2298 I BatteryMgr:DataCollectionService: stats => 1697984374073,193,4260,183,0,100
10-22 16:19:34.183  2032  2298 I BatteryMgr:DataCollectionService: stats => 1697984374183,193,4260,183,0,100
10-22 16:19:34.229  3957  4128 D WifiService: getConnectionInfo uid=1000
10-22 16:19:34.260  3957  4129 D WifiStateMachine:  ConnectedState !RSSI_PKTCNT_FETCH uid=1000 rt=590780842/1646756314 0 0 "ourhome" f4:6d:2f:12:cc:88 rssi=-43 f=5240 sc=60 link=433 tx=0.5, 0.0, 0.0  rx=4.6 bcn=485161 [on:0 tx:0 rx:0 period:462] from screen [on:94169 period:768134] score=60
10-22 16:19:34.263  3957  4129 D WifiStateMachine:  L2ConnectedState !RSSI_PKTCNT_FETCH uid=1000 rt=590780846/1646756318 0 0 "ourhome" f4:6d:2f:12:cc:88 rssi=-43 f=5240 sc=60 link=433 tx=0.5, 0.0, 0.0  rx=4.6 bcn=485161 [on:0 tx:0 rx:0 period:4] from screen [on:94169 period:768138] score=60
10-22 16:19:34.270  3957  4129 D WifiStateMachine: fetchRssiLinkSpeedAndFrequencyNative rssi=-43 linkspeed=433 freq=5240
10-22 16:19:34.271  3957  4129 V WifiConfigManager: Updating scan detail cache freq=5240 BSSID=f4:6d:2f:12:cc:88 RSSI=-43 for "ourhome"WPA_PSK
10-22 16:19:34.293  2032  2298 I BatteryMgr:DataCollectionService: stats => 1697984374293,193,4260,183,0,100
10-22 16:19:34.404  2032  2298 I BatteryMgr:DataCollectionService: stats => 1697984374404,193,4260,183,0,100
10-22 16:19:34.514  2032  2298 I BatteryMgr:DataCollectionService: stats => 1697984374514,193,4260,183,0,100
10-22 16:19:34.624  2032  2298 I BatteryMgr:DataCollectionService: stats => 1697984374624,193,4260,183,0,100
10-22 16:19:34.733  2032  2298 I BatteryMgr:DataCollectionService: stats => 1697984374733,193,4260,183,0,100
10-22 16:19:34.844  2032  2298 I BatteryMgr:DataCollectionService: stats => 1697984374844,193,4260,183,0,100
10-22 16:19:34.953  2032  2298 I BatteryMgr:DataCollectionService: stats => 1697984374953,193,4260,183,0,100
10-22 16:19:35.065  2032  2298 I BatteryMgr:DataCollectionService: stats => 1697984375065,193,4260,183,0,100
10-22 16:19:35.174  2032  2298 I BatteryMgr:DataCollectionService: stats => 1697984375174,193,4260,183,0,100
10-22 16:19:35.232  3957  4128 D WifiService: getConnectionInfo uid=1000
10-22 16:19:35.258  3957  4129 D WifiStateMachine:  ConnectedState !RSSI_PKTCNT_FETCH uid=1000 rt=590781842/1646757315 0 0 "ourhome" f4:6d:2f:12:cc:88 rssi=-43 f=5240 sc=60 link=433 tx=0.5, 0.0, 0.0  rx=4.6 bcn=485161 [on:0 tx:0 rx:0 period:995] from screen [on:94169 period:769133] score=60
10-22 16:19:35.261  3957  4129 D WifiStateMachine:  L2ConnectedState !RSSI_PKTCNT_FETCH uid=1000 rt=590781844/1646757316 0 0 "ourhome" f4:6d:2f:12:cc:88 rssi=-43 f=5240 sc=60 link=433 tx=0.5, 0.0, 0.0  rx=4.6 bcn=485161 [on:0 tx:0 rx:0 period:3] from screen [on:94169 period:769136] score=60
10-22 16:19:35.268  3957  4129 D WifiStateMachine: fetchRssiLinkSpeedAndFrequencyNative rssi=-43 linkspeed=433 freq=5240
10-22 16:19:35.268  3957  4129 V WifiConfigManager: Updating scan detail cache freq=5240 BSSID=f4:6d:2f:12:cc:88 RSSI=-43 for "ourhome"WPA_PSK
10-22 16:19:35.283  2032  2298 I BatteryMgr:DataCollectionService: stats => 1697984375283,193,4260,183,0,100
10-22 16:19:35.394  2032  2298 I BatteryMgr:DataCollectionService: stats => 1697984375394,193,4260,183,0,100
10-22 16:19:35.507  2032  2298 I BatteryMgr:DataCollectionService: stats => 1697984375507,193,4260,183,0,100
10-22 16:19:35.617  2032  2298 I BatteryMgr:DataCollectionService: stats => 1697984375617,193,4260,183,0,100
10-22 16:19:35.730  2032  2298 I BatteryMgr:DataCollectionService: stats => 1697984375729,193,4260,183,0,100
10-22 16:19:35.840  2032  2298 I BatteryMgr:DataCollectionService: stats => 1697984375840,193,4260,183,0,100
10-22 16:19:35.953  2032  2298 I BatteryMgr:DataCollectionService: stats => 1697984375952,193,4260,183,0,100
10-22 16:19:36.063  2032  2298 I BatteryMgr:DataCollectionService: stats => 1697984376063,193,4260,183,0,100
10-22 16:19:36.175  2032  2298 I BatteryMgr:DataCollectionService: stats => 1697984376174,193,4260,183,0,100
10-22 16:19:36.234  3957  4128 D WifiService: getConnectionInfo uid=1000
10-22 16:19:36.261  3957  4129 D WifiStateMachine:  ConnectedState !RSSI_PKTCNT_FETCH uid=1000 rt=590782845/1646758317 0 0 "ourhome" f4:6d:2f:12:cc:88 rssi=-43 f=5240 sc=60 link=433 tx=0.5, 0.0, 0.0  rx=4.6 bcn=485161 [on:0 tx:0 rx:0 period:1000] from screen [on:94169 period:770136] score=60
10-22 16:19:36.266  3957  4129 D WifiStateMachine:  L2ConnectedState !RSSI_PKTCNT_FETCH uid=1000 rt=590782847/1646758320 0 0 "ourhome" f4:6d:2f:12:cc:88 rssi=-43 f=5240 sc=60 link=433 tx=0.5, 0.0, 0.0  rx=4.6 bcn=485161 [on:0 tx:0 rx:0 period:4] from screen [on:94169 period:770140] score=60
10-22 16:19:36.271  3957  4129 D WifiStateMachine: fetchRssiLinkSpeedAndFrequencyNative rssi=-44 linkspeed=433 freq=5240
10-22 16:19:36.271  3957  4129 V WifiConfigManager: Updating scan detail cache freq=5240 BSSID=f4:6d:2f:12:cc:88 RSSI=-43 for "ourhome"WPA_PSK
10-22 16:19:36.284  2032  2298 I BatteryMgr:DataCollectionService: stats => 1697984376283,193,4260,183,0,100
10-22 16:19:36.393  2032  2298 I BatteryMgr:DataCollectionService: stats => 1697984376393,193,4260,183,0,100
10-22 16:19:36.398  2479  2548 D ScanRecord: Not a Multi Manu data
10-22 16:19:36.408  2479  2548 I chatty  : uid=1002(bluetooth) BT Service Call identical 24 lines
10-22 16:19:36.408  2479  2548 D ScanRecord: Not a Multi Manu data
10-22 16:19:36.415  2479  2548 D ScanRecord: same manuId data exists, combine both data and store
10-22 16:19:36.415  2479  2548 D ScanRecord: It's a Multi Manu data
10-22 16:19:36.416  2479  2548 I chatty  : uid=1002(bluetooth) BT Service Call identical 9 lines
10-22 16:19:36.416  2479  2548 D ScanRecord: It's a Multi Manu data
10-22 16:19:36.416  2479  2548 D ScanRecord: same manuId data exists, combine both data and store
10-22 16:19:36.416  2479  2548 D ScanRecord: same manuId data exists, combine both data and store
10-22 16:19:36.416  2479  2548 D ScanRecord: It's a Multi Manu data
10-22 16:19:36.416  2479  2548 D ScanFilter: manu data matches
10-22 16:19:36.416  2479  2548 D BtGatt.GattService: onScanResult to scannerId: 6- event_type=0x1b, address_type=1, address=10:7, primary_phy=1, secondary_phy=0, advertising_sid=0xff, tx_power=127, rssi=-76, periodic_adv_int=0x0
10-22 16:19:36.417 23612 28242 D ScanRecord: same manuId data exists, combine both data and store
10-22 16:19:36.456  2479  2548 D ScanRecord: Not a Multi Manu data
10-22 16:19:36.483  2479  2548 I chatty  : uid=1002(bluetooth) BT Service Call identical 37 lines
10-22 16:19:36.483  2479  2548 D ScanRecord: Not a Multi Manu data
10-22 16:19:36.505  2032  2298 I BatteryMgr:DataCollectionService: stats => 1697984376505,193,4260,183,0,100
10-22 16:19:36.508  2479  2548 D ScanRecord: Not a Multi Manu data
10-22 16:19:36.591  2479  2548 I chatty  : uid=1002(bluetooth) BT Service Call identical 102 lines
10-22 16:19:36.591  2479  2548 D ScanRecord: Not a Multi Manu data
10-22 16:19:36.614  2032  2298 I BatteryMgr:DataCollectionService: stats => 1697984376614,193,4260,183,0,100
10-22 16:19:36.616  2479  2548 D ScanRecord: Not a Multi Manu data
10-22 16:19:36.723  2479  2548 I chatty  : uid=1002(bluetooth) BT Service Call identical 102 lines
10-22 16:19:36.724  2479  2548 D ScanRecord: Not a Multi Manu data
10-22 16:19:36.724  2032  2298 I BatteryMgr:DataCollectionService: stats => 1697984376723,193,4260,183,0,100
10-22 16:19:36.769  2479  2548 D ScanRecord: Not a Multi Manu data
10-22 16:19:36.780  2479  2548 I chatty  : uid=1002(bluetooth) BT Service Call identical 50 lines
10-22 16:19:36.780  2479  2548 D ScanRecord: Not a Multi Manu data
10-22 16:19:36.800  3957  4129 D WifiStateMachine:  ConnectedState !CMD_RSSI_POLL rt=590783382/1646758854 112 0 "ourhome" f4:6d:2f:12:cc:88 rssi=-44 f=5240 sc=60 link=433 tx=0.5, 0.0, 0.0  rx=4.6 bcn=485161 [on:0 tx:0 rx:0 period:534] from screen [on:94169 period:770674] score=60
10-22 16:19:36.802  3957  4129 D WifiStateMachine:  L2ConnectedState !CMD_RSSI_POLL rt=590783385/1646758858 112 0 "ourhome" f4:6d:2f:12:cc:88 rssi=-44 f=5240 sc=60 link=433 tx=0.5, 0.0, 0.0  rx=4.6 bcn=485161 [on:0 tx:0 rx:0 period:3] from screen [on:94169 period:770677] score=60
10-22 16:19:36.802  3957  4129 D WifiStateMachine:  get link layer stats 3
10-22 16:19:36.803  3436  3436 I android.hardware.wifi@1.0-service: getLinkLayerStats
10-22 16:19:36.809  3957  4129 D WifiStateMachine: fetchRssiLinkSpeedAndFrequencyNative rssi=-44 linkspeed=433 freq=5240
10-22 16:19:36.809  3957  4129 V WifiConfigManager: Updating scan detail cache freq=5240 BSSID=f4:6d:2f:12:cc:88 RSSI=-43 for "ourhome"WPA_PSK
10-22 16:19:36.815  4340  4340 E SignalClusterView: setSlotFocusVisible : subId -2
10-22 16:19:36.815  4340  4340 E SignalClusterView: setSlotFocusVisible : subId -2
10-22 16:19:36.832  2032  2298 I BatteryMgr:DataCollectionService: stats => 1697984376832,193,4260,183,0,100
10-22 16:19:36.853  2479  2548 D ScanRecord: Not a Multi Manu data
10-22 16:19:36.889  2479  2548 I chatty  : uid=1002(bluetooth) BT Service Call identical 50 lines
10-22 16:19:36.889  2479  2548 D ScanRecord: Not a Multi Manu data
10-22 16:19:36.945  2032  2298 I BatteryMgr:DataCollectionService: stats => 1697984376945,193,4260,183,0,100
10-22 16:19:37.052  2032  2298 I BatteryMgr:DataCollectionService: stats => 1697984377052,193,4260,183,0,100
10-22 16:19:37.163  2032  2298 I BatteryMgr:DataCollectionService: stats => 1697984377163,193,4260,183,0,100
10-22 16:19:37.237  3957  4128 D WifiService: getConnectionInfo uid=1000
10-22 16:19:37.262  3957  4129 D WifiStateMachine:  ConnectedState !RSSI_PKTCNT_FETCH uid=1000 rt=590783845/1646759318 0 0 "ourhome" f4:6d:2f:12:cc:88 rssi=-44 f=5240 sc=60 link=433 tx=2.1, 0.0, 0.0  rx=4.2 bcn=485191 [on:0 tx:0 rx:0 period:449] from screen [on:94820 period:771137] score=60
10-22 16:19:37.267  3957  4129 D WifiStateMachine:  L2ConnectedState !RSSI_PKTCNT_FETCH uid=1000 rt=590783848/1646759321 0 0 "ourhome" f4:6d:2f:12:cc:88 rssi=-44 f=5240 sc=60 link=433 tx=2.1, 0.0, 0.0  rx=4.2 bcn=485191 [on:0 tx:0 rx:0 period:4] from screen [on:94820 period:771141] score=60
10-22 16:19:37.272  2032  2298 I BatteryMgr:DataCollectionService: stats => 1697984377272,193,4260,183,0,100
10-22 16:19:37.273  3957  4129 D WifiStateMachine: fetchRssiLinkSpeedAndFrequencyNative rssi=-44 linkspeed=433 freq=5240
10-22 16:19:37.273  3957  4129 V WifiConfigManager: Updating scan detail cache freq=5240 BSSID=f4:6d:2f:12:cc:88 RSSI=-43 for "ourhome"WPA_PSK
10-22 16:19:37.381  2032  2298 I BatteryMgr:DataCollectionService: stats => 1697984377381,193,4260,183,0,100
10-22 16:19:37.487  2032  2298 I BatteryMgr:DataCollectionService: stats => 1697984377487,193,4260,183,0,100
10-22 16:19:37.598  2032  2298 I BatteryMgr:DataCollectionService: stats => 1697984377598,193,4260,183,0,100
10-22 16:19:37.706  2032  2298 I BatteryMgr:DataCollectionService: stats => 1697984377706,193,4260,183,0,100
10-22 16:19:37.818  2032  2298 I BatteryMgr:DataCollectionService: stats => 1697984377818,193,4260,183,0,100
10-22 16:19:37.928  2032  2298 I BatteryMgr:DataCollectionService: stats => 1697984377928,193,4260,183,0,100
10-22 16:19:38.039  2032  2298 I BatteryMgr:DataCollectionService: stats => 1697984378039,193,4260,183,0,100
10-22 16:19:38.150  2032  2298 I BatteryMgr:DataCollectionService: stats => 1697984378150,193,4260,183,0,100
10-22 16:19:38.239  3957  4128 D WifiService: getConnectionInfo uid=1000
10-22 16:19:38.261  2032  2298 I BatteryMgr:DataCollectionService: stats => 1697984378261,193,4260,183,0,100
10-22 16:19:38.265  3957  4129 D WifiStateMachine:  ConnectedState !RSSI_PKTCNT_FETCH uid=1000 rt=590784847/1646760320 0 0 "ourhome" f4:6d:2f:12:cc:88 rssi=-44 f=5240 sc=60 link=433 tx=2.1, 0.0, 0.0  rx=4.2 bcn=485191 [on:0 tx:0 rx:0 period:998] from screen [on:94820 period:772139] score=60
10-22 16:19:38.269  3957  4129 D WifiStateMachine:  L2ConnectedState !RSSI_PKTCNT_FETCH uid=1000 rt=590784851/1646760324 0 0 "ourhome" f4:6d:2f:12:cc:88 rssi=-44 f=5240 sc=60 link=433 tx=2.1, 0.0, 0.0  rx=4.2 bcn=485191 [on:0 tx:0 rx:0 period:5] from screen [on:94820 period:772144] score=60
10-22 16:19:38.276  3957  4129 D WifiStateMachine: fetchRssiLinkSpeedAndFrequencyNative rssi=-45 linkspeed=433 freq=5240
10-22 16:19:38.276  3957  4129 V WifiConfigManager: Updating scan detail cache freq=5240 BSSID=f4:6d:2f:12:cc:88 RSSI=-44 for "ourhome"WPA_PSK
10-22 16:19:38.370  2032  2298 I BatteryMgr:DataCollectionService: stats => 1697984378370,193,4260,183,0,100
10-22 16:19:38.478  2032  2298 I BatteryMgr:DataCollectionService: stats => 1697984378478,193,4260,183,0,100
10-22 16:19:38.541  4961  4961 D io_stats: !@ 179,0 r 9315230 303536192 w 2083913 40944268 d 166492 36592944 f 630515 655359 iot 4279844 3697703 th 51200 0 0 pt 0 inp 0 0 590785.126
10-22 16:19:38.579  3957  6478 D SSRM:k  : SIOP:: AP = 380, PST = 365 (W:12), BAT = 315, USB = 0, CHG = 0
10-22 16:19:38.593  2032  2298 I BatteryMgr:DataCollectionService: stats => 1697984378593,193,4260,183,0,100
10-22 16:19:38.702  2032  2298 I BatteryMgr:DataCollectionService: stats => 1697984378701,193,4260,183,0,100
10-22 16:19:38.811  2032  2298 I BatteryMgr:DataCollectionService: stats => 1697984378811,193,4260,183,0,100
10-22 16:19:38.922  2032  2298 I BatteryMgr:DataCollectionService: stats => 1697984378922,193,4260,183,0,100
10-22 16:19:39.034  2032  2298 I BatteryMgr:DataCollectionService: stats => 1697984379034,193,4260,183,0,100
10-22 16:19:39.142  2032  2298 I BatteryMgr:DataCollectionService: stats => 1697984379142,193,4260,183,0,100
10-22 16:19:39.241  3957  4128 D WifiService: getConnectionInfo uid=1000
10-22 16:19:39.258  2032  2298 I BatteryMgr:DataCollectionService: stats => 1697984379258,193,4260,183,0,100
10-22 16:19:39.267  3957  4129 D WifiStateMachine:  ConnectedState !RSSI_PKTCNT_FETCH uid=1000 rt=590785850/1646761322 0 0 "ourhome" f4:6d:2f:12:cc:88 rssi=-45 f=5240 sc=60 link=433 tx=2.1, 0.0, 0.0  rx=4.2 bcn=485191 [on:0 tx:0 rx:0 period:997] from screen [on:94820 period:773141] score=60
10-22 16:19:39.270  3957  4129 D WifiStateMachine:  L2ConnectedState !RSSI_PKTCNT_FETCH uid=1000 rt=590785853/1646761325 0 0 "ourhome" f4:6d:2f:12:cc:88 rssi=-45 f=5240 sc=60 link=433 tx=2.1, 0.0, 0.0  rx=4.2 bcn=485191 [on:0 tx:0 rx:0 period:3] from screen [on:94820 period:773144] score=60
10-22 16:19:39.276  3957  4129 D WifiStateMachine: fetchRssiLinkSpeedAndFrequencyNative rssi=-44 linkspeed=433 freq=5240
10-22 16:19:39.276  3957  4129 V WifiConfigManager: Updating scan detail cache freq=5240 BSSID=f4:6d:2f:12:cc:88 RSSI=-44 for "ourhome"WPA_PSK
10-22 16:19:39.370  2032  2298 I BatteryMgr:DataCollectionService: stats => 1697984379370,193,4260,183,0,100
10-22 16:19:39.480  2032  2298 I BatteryMgr:DataCollectionService: stats => 1697984379480,193,4260,183,0,100
10-22 16:19:39.589  2032  2298 I BatteryMgr:DataCollectionService: stats => 1697984379589,193,4260,183,0,100
10-22 16:19:39.697  2032  2298 I BatteryMgr:DataCollectionService: stats => 1697984379696,193,4260,183,0,100
10-22 16:19:39.804  2032  2298 I BatteryMgr:DataCollectionService: stats => 1697984379804,193,4260,183,0,100
10-22 16:19:39.811  3957  4129 D WifiStateMachine:  ConnectedState !CMD_RSSI_POLL rt=590786396/1646761868 112 0 "ourhome" f4:6d:2f:12:cc:88 rssi=-44 f=5240 sc=60 link=433 tx=2.1, 0.0, 0.0  rx=4.2 bcn=485191 [on:0 tx:0 rx:0 period:542] from screen [on:94820 period:773686] score=60
10-22 16:19:39.813  3957  4129 D WifiStateMachine:  L2ConnectedState !CMD_RSSI_POLL rt=590786397/1646761870 112 0 "ourhome" f4:6d:2f:12:cc:88 rssi=-44 f=5240 sc=60 link=433 tx=2.1, 0.0, 0.0  rx=4.2 bcn=485191 [on:0 tx:0 rx:0 period:2] from screen [on:94820 period:773688] score=60
10-22 16:19:39.813  3957  4129 D WifiStateMachine:  get link layer stats 3
10-22 16:19:39.815  3436  3436 I android.hardware.wifi@1.0-service: getLinkLayerStats
10-22 16:19:39.833  3957  4129 D WifiStateMachine: fetchRssiLinkSpeedAndFrequencyNative rssi=-45 linkspeed=433 freq=5240
10-22 16:19:39.833  3957  4129 V WifiConfigManager: Updating scan detail cache freq=5240 BSSID=f4:6d:2f:12:cc:88 RSSI=-44 for "ourhome"WPA_PSK
10-22 16:19:39.838  4340  4340 E SignalClusterView: setSlotFocusVisible : subId -2
10-22 16:19:39.838  4340  4340 E SignalClusterView: setSlotFocusVisible : subId -2
10-22 16:19:39.913  2032  2298 I BatteryMgr:DataCollectionService: stats => 1697984379913,193,4260,183,0,100
10-22 16:19:40.024  2032  2298 I BatteryMgr:DataCollectionService: stats => 1697984380024,193,4260,183,0,100
10-22 16:19:40.136  2032  2298 I BatteryMgr:DataCollectionService: stats => 1697984380135,193,4260,183,0,100
10-22 16:19:40.243  3957  4128 D WifiService: getConnectionInfo uid=1000
10-22 16:19:40.245  2032  2298 I BatteryMgr:DataCollectionService: stats => 1697984380244,193,4260,183,0,100
10-22 16:19:40.268  3957  4129 D WifiStateMachine:  ConnectedState !RSSI_PKTCNT_FETCH uid=1000 rt=590786850/1646762323 0 0 "ourhome" f4:6d:2f:12:cc:88 rssi=-45 f=5240 sc=60 link=433 tx=0.8, 0.0, 0.0  rx=2.2 bcn=485218 [on:0 tx:0 rx:0 period:430] from screen [on:94954 period:774142] score=60
10-22 16:19:40.271  3957  4129 D WifiStateMachine:  L2ConnectedState !RSSI_PKTCNT_FETCH uid=1000 rt=590786854/1646762326 0 0 "ourhome" f4:6d:2f:12:cc:88 rssi=-45 f=5240 sc=60 link=433 tx=0.8, 0.0, 0.0  rx=2.2 bcn=485218 [on:0 tx:0 rx:0 period:4] from screen [on:94954 period:774146] score=60
10-22 16:19:40.277  3957  4129 D WifiStateMachine: fetchRssiLinkSpeedAndFrequencyNative rssi=-45 linkspeed=433 freq=5240
10-22 16:19:40.277  3957  4129 V WifiConfigManager: Updating scan detail cache freq=5240 BSSID=f4:6d:2f:12:cc:88 RSSI=-44 for "ourhome"WPA_PSK
10-22 16:19:40.354  2032  2298 I BatteryMgr:DataCollectionService: stats => 1697984380354,193,4260,183,0,100
10-22 16:19:40.463  2032  2298 I BatteryMgr:DataCollectionService: stats => 1697984380463,193,4260,183,0,100
10-22 16:19:40.575  2032  2298 I BatteryMgr:DataCollectionService: stats => 1697984380575,193,4260,183,0,100
10-22 16:19:40.686  2032  2298 I BatteryMgr:DataCollectionService: stats => 1697984380686,193,4260,183,0,100
10-22 16:19:40.796  2032  2298 I BatteryMgr:DataCollectionService: stats => 1697984380796,193,4260,183,0,100
10-22 16:19:40.906  2032  2298 I BatteryMgr:DataCollectionService: stats => 1697984380906,193,4260,183,0,100
10-22 16:19:41.014  2032  2298 I BatteryMgr:DataCollectionService: stats => 1697984381014,193,4260,183,0,100
10-22 16:19:41.130  2032  2298 I BatteryMgr:DataCollectionService: stats => 1697984381130,193,4260,183,0,100
10-22 16:19:41.243  2032  2298 I BatteryMgr:DataCollectionService: stats => 1697984381243,193,4260,183,0,100
10-22 16:19:41.247  3957  4128 D WifiService: getConnectionInfo uid=1000
10-22 16:19:41.270  3957  4129 D WifiStateMachine:  ConnectedState !RSSI_PKTCNT_FETCH uid=1000 rt=590787852/1646763325 0 0 "ourhome" f4:6d:2f:12:cc:88 rssi=-45 f=5240 sc=60 link=433 tx=0.8, 0.0, 0.0  rx=2.2 bcn=485218 [on:0 tx:0 rx:0 period:999] from screen [on:94954 period:775145] score=60
10-22 16:19:41.273  3957  4129 D WifiStateMachine:  L2ConnectedState !RSSI_PKTCNT_FETCH uid=1000 rt=590787856/1646763328 0 0 "ourhome" f4:6d:2f:12:cc:88 rssi=-45 f=5240 sc=60 link=433 tx=0.8, 0.0, 0.0  rx=2.2 bcn=485218 [on:0 tx:0 rx:0 period:2] from screen [on:94954 period:775147] score=60
10-22 16:19:41.279  3957  4129 D WifiStateMachine: fetchRssiLinkSpeedAndFrequencyNative rssi=-45 linkspeed=433 freq=5240
10-22 16:19:41.279  3957  4129 V WifiConfigManager: Updating scan detail cache freq=5240 BSSID=f4:6d:2f:12:cc:88 RSSI=-44 for "ourhome"WPA_PSK
10-22 16:19:41.354  2032  2298 I BatteryMgr:DataCollectionService: stats => 1697984381354,193,4260,183,0,100
10-22 16:19:41.444  2479  2548 D ScanRecord: Not a Multi Manu data
10-22 16:19:41.459  2479  2548 I chatty  : uid=1002(bluetooth) BT Service Call identical 24 lines
10-22 16:19:41.459  2479  2548 D ScanRecord: Not a Multi Manu data
10-22 16:19:41.464  2032  2298 I BatteryMgr:DataCollectionService: stats => 1697984381464,193,4260,183,0,100
10-22 16:19:41.466  2479  2548 D ScanRecord: Not a Multi Manu data
10-22 16:19:41.578  2479  2548 I chatty  : uid=1002(bluetooth) BT Service Call identical 89 lines
10-22 16:19:41.578  2479  2548 D ScanRecord: Not a Multi Manu data
10-22 16:19:41.584  2032  2298 I BatteryMgr:DataCollectionService: stats => 1697984381584,193,4260,183,0,100
10-22 16:19:41.593  2479  2548 D ScanRecord: Not a Multi Manu data
10-22 16:19:41.602  2479  2548 I chatty  : uid=1002(bluetooth) BT Service Call identical 24 lines
10-22 16:19:41.602  2479  2548 D ScanRecord: Not a Multi Manu data
10-22 16:19:41.618  2479  2548 D ScanRecord: same manuId data exists, combine both data and store
10-22 16:19:41.619  2479  2548 D ScanRecord: It's a Multi Manu data
10-22 16:19:41.619  2479  2548 I chatty  : uid=1002(bluetooth) BT Service Call identical 9 lines
10-22 16:19:41.619  2479  2548 D ScanRecord: It's a Multi Manu data
10-22 16:19:41.619  2479  2548 D ScanRecord: same manuId data exists, combine both data and store
10-22 16:19:41.619  2479  2548 D ScanRecord: same manuId data exists, combine both data and store
10-22 16:19:41.619  2479  2548 D ScanRecord: It's a Multi Manu data
10-22 16:19:41.619  2479  2548 D ScanFilter: manu data matches
10-22 16:19:41.620  2479  2548 D BtGatt.GattService: onScanResult to scannerId: 6- event_type=0x1b, address_type=1, address=10:7, primary_phy=1, secondary_phy=0, advertising_sid=0xff, tx_power=127, rssi=-78, periodic_adv_int=0x0
10-22 16:19:41.620 23612 28242 D ScanRecord: same manuId data exists, combine both data and store
10-22 16:19:41.624  2479  2548 D ScanRecord: Not a Multi Manu data
10-22 16:19:41.625  2479  2548 I chatty  : uid=1002(bluetooth) BT Service Call identical 11 lines
10-22 16:19:41.626  2479  2548 D ScanRecord: Not a Multi Manu data
10-22 16:19:41.631  2032  2043 I zygote64: Background concurrent copying GC freed 39124(1404KB) AllocSpace objects, 0(0B) LOS objects, 66% free, 787KB/2MB, paused 5.536ms total 58.943ms
10-22 16:19:41.635  2479  2548 D ScanRecord: Not a Multi Manu data
10-22 16:19:41.686  2479  2548 I chatty  : uid=1002(bluetooth) BT Service Call identical 63 lines
10-22 16:19:41.686  2479  2548 D ScanRecord: Not a Multi Manu data
10-22 16:19:41.690  2032  2298 I BatteryMgr:DataCollectionService: stats => 1697984381690,193,4260,183,0,100
10-22 16:19:41.701  2479  2548 D ScanRecord: Not a Multi Manu data
10-22 16:19:41.791  2479  2548 I chatty  : uid=1002(bluetooth) BT Service Call identical 115 lines
10-22 16:19:41.791  2479  2548 D ScanRecord: Not a Multi Manu data
10-22 16:19:41.797  2032  2298 I BatteryMgr:DataCollectionService: stats => 1697984381797,193,4260,183,0,100
10-22 16:19:41.804  2479  2548 D ScanRecord: Not a Multi Manu data
10-22 16:19:41.805  2479  2548 I chatty  : uid=1002(bluetooth) BT Service Call identical 11 lines
10-22 16:19:41.805  2479  2548 D ScanRecord: Not a Multi Manu data
10-22 16:19:41.809  2479  2548 D ScanRecord: same manuId data exists, combine both data and store
10-22 16:19:41.809  2479  2548 D ScanRecord: It's a Multi Manu data
10-22 16:19:41.809  2479  2548 I chatty  : uid=1002(bluetooth) BT Service Call identical 9 lines
10-22 16:19:41.809  2479  2548 D ScanRecord: It's a Multi Manu data
10-22 16:19:41.809  2479  2548 D ScanRecord: same manuId data exists, combine both data and store
10-22 16:19:41.810  2479  2548 D ScanRecord: same manuId data exists, combine both data and store
10-22 16:19:41.810  2479  2548 D ScanRecord: It's a Multi Manu data
10-22 16:19:41.810  2479  2548 D ScanFilter: manu data matches
10-22 16:19:41.810  2479  2548 D BtGatt.GattService: onScanResult to scannerId: 6- event_type=0x1b, address_type=1, address=10:7, primary_phy=1, secondary_phy=0, advertising_sid=0xff, tx_power=127, rssi=-78, periodic_adv_int=0x0
10-22 16:19:41.811 23612 28242 D ScanRecord: same manuId data exists, combine both data and store
10-22 16:19:41.811  2479  2548 D ScanRecord: Not a Multi Manu data
10-22 16:19:41.886  2479  2548 I chatty  : uid=1002(bluetooth) BT Service Call identical 76 lines
10-22 16:19:41.886  2479  2548 D ScanRecord: Not a Multi Manu data
10-22 16:19:41.906  2032  2298 I BatteryMgr:DataCollectionService: stats => 1697984381905,193,4260,183,0,100
10-22 16:19:42.015  2032  2298 I BatteryMgr:DataCollectionService: stats => 1697984382015,193,4260,183,0,100
