10-22 16:11:48.591  3957  4129 D WifiStateMachine:  L2ConnectedState !RSSI_PKTCNT_FETCH uid=1000 rt=590315175/1646290647 0 0 "ourhome" f4:6d:2f:12:cc:88 rssi=-47 f=5240 sc=60 link=433 tx=19.0, 0.0, 0.0  rx=24.4 bcn=480884 [on:0 tx:0 rx:0 period:2] from screen [on:41055 period:302466] score=60
10-22 16:11:48.597  3957  4129 D WifiStateMachine: fetchRssiLinkSpeedAndFrequencyNative rssi=-47 linkspeed=433 freq=5240
10-22 16:11:48.597  3957  4129 V WifiConfigManager: Updating scan detail cache freq=5240 BSSID=f4:6d:2f:12:cc:88 RSSI=-47 for "ourhome"WPA_PSK
10-22 16:11:48.612  1725  1833 I BatteryMgr:DataCollectionService: stats => 1697983908611,-136,4260,-149,0,100
10-22 16:11:48.729  1725  1833 I BatteryMgr:DataCollectionService: stats => 1697983908729,-136,4260,-149,0,100
10-22 16:11:48.858  1725  1833 I BatteryMgr:DataCollectionService: stats => 1697983908858,-136,4260,-149,0,100
10-22 16:11:48.964  3957  4128 D WifiService: getConnectionInfo uid=1000
10-22 16:11:48.983  1725  1833 I BatteryMgr:DataCollectionService: stats => 1697983908983,-136,4260,-149,0,100
10-22 16:11:49.098  1725  1833 I BatteryMgr:DataCollectionService: stats => 1697983909098,-136,4260,-149,0,100
10-22 16:11:49.213  1725  1833 I BatteryMgr:DataCollectionService: stats => 1697983909213,-136,4260,-149,0,100
10-22 16:11:49.330  1725  1833 I BatteryMgr:DataCollectionService: stats => 1697983909329,-136,4260,-149,0,100
10-22 16:11:49.441  1725  1833 I BatteryMgr:DataCollectionService: stats => 1697983909441,-136,4260,-149,0,100
10-22 16:11:49.556  1725  1833 I BatteryMgr:DataCollectionService: stats => 1697983909556,-136,4260,-149,0,100
10-22 16:11:49.591  3957  4129 D WifiStateMachine:  ConnectedState !RSSI_PKTCNT_FETCH uid=1000 rt=590316172/1646291645 0 0 "ourhome" f4:6d:2f:12:cc:88 rssi=-47 f=5240 sc=60 link=433 tx=19.0, 0.0, 0.0  rx=24.4 bcn=480884 [on:0 tx:0 rx:0 period:999] from screen [on:41055 period:303465] score=60
10-22 16:11:49.593  3957  4129 D WifiStateMachine:  L2ConnectedState !RSSI_PKTCNT_FETCH uid=1000 rt=590316177/1646291649 0 0 "ourhome" f4:6d:2f:12:cc:88 rssi=-47 f=5240 sc=60 link=433 tx=19.0, 0.0, 0.0  rx=24.4 bcn=480884 [on:0 tx:0 rx:0 period:2] from screen [on:41055 period:303467] score=60
10-22 16:11:49.599  3957  4129 D WifiStateMachine: fetchRssiLinkSpeedAndFrequencyNative rssi=-47 linkspeed=433 freq=5240
10-22 16:11:49.599  3957  4129 V WifiConfigManager: Updating scan detail cache freq=5240 BSSID=f4:6d:2f:12:cc:88 RSSI=-47 for "ourhome"WPA_PSK
10-22 16:11:49.679  1725  1833 I BatteryMgr:DataCollectionService: stats => 1697983909678,-136,4260,-149,0,100
10-22 16:11:49.795  1725  1833 I BatteryMgr:DataCollectionService: stats => 1697983909795,-136,4260,-149,0,100
10-22 16:11:49.919  1725  1833 I BatteryMgr:DataCollectionService: stats => 1697983909918,-136,4260,-149,0,100
10-22 16:11:49.969  3957  4128 D WifiService: getConnectionInfo uid=1000
10-22 16:11:50.042  1725  1833 I BatteryMgr:DataCollectionService: stats => 1697983910041,-136,4260,-149,0,100
10-22 16:11:50.060  4346  4523 I System.out: (HTTPLog)-Static: isSBSettingEnabled false
10-22 16:11:50.061  4346  4523 I System.out: (HTTPLog)-Static: isSBSettingEnabled false
10-22 16:11:50.067  3599  3918 D DnsProxyListener: DNSDBG::dns addrinfo af 0
10-22 16:11:50.167  1725  1833 I BatteryMgr:DataCollectionService: stats => 1697983910167,-136,4260,-149,0,100
10-22 16:11:50.282  1725  1833 I BatteryMgr:DataCollectionService: stats => 1697983910281,-136,4260,-149,0,100
10-22 16:11:50.399  1725  1833 I BatteryMgr:DataCollectionService: stats => 1697983910398,-136,4260,-149,0,100
10-22 16:11:50.521  1725  1833 I BatteryMgr:DataCollectionService: stats => 1697983910521,-136,4260,-149,0,100
10-22 16:11:50.590  3957  4129 D WifiStateMachine:  ConnectedState !RSSI_PKTCNT_FETCH uid=1000 rt=590317174/1646292647 0 0 "ourhome" f4:6d:2f:12:cc:88 rssi=-47 f=5240 sc=60 link=433 tx=19.0, 0.0, 0.0  rx=24.4 bcn=480884 [on:0 tx:0 rx:0 period:998] from screen [on:41055 period:304465] score=60
10-22 16:11:50.592  3957  4129 D WifiStateMachine:  L2ConnectedState !RSSI_PKTCNT_FETCH uid=1000 rt=590317176/1646292649 0 0 "ourhome" f4:6d:2f:12:cc:88 rssi=-47 f=5240 sc=60 link=433 tx=19.0, 0.0, 0.0  rx=24.4 bcn=480884 [on:0 tx:0 rx:0 period:2] from screen [on:41055 period:304467] score=60
10-22 16:11:50.593  3957  4129 D WifiStateMachine: fetchRssiLinkSpeedAndFrequencyNative rssi=-49 linkspeed=433 freq=5240
10-22 16:11:50.593  3957  4129 V WifiConfigManager: Updating scan detail cache freq=5240 BSSID=f4:6d:2f:12:cc:88 RSSI=-48 for "ourhome"WPA_PSK
10-22 16:11:50.635  1725  1833 I BatteryMgr:DataCollectionService: stats => 1697983910634,-136,4260,-149,0,100
10-22 16:11:50.756  1725  1833 I BatteryMgr:DataCollectionService: stats => 1697983910756,-136,4260,-149,0,100
10-22 16:11:50.876  1725  1833 I BatteryMgr:DataCollectionService: stats => 1697983910875,-136,4260,-149,0,100
10-22 16:11:50.972  3957  4128 D WifiService: getConnectionInfo uid=1000
10-22 16:11:51.001  1725  1833 I BatteryMgr:DataCollectionService: stats => 1697983911001,-136,4260,-149,0,100
10-22 16:11:51.117  1725  1833 I BatteryMgr:DataCollectionService: stats => 1697983911117,-136,4260,-149,0,100
10-22 16:11:51.234  1725  1833 I BatteryMgr:DataCollectionService: stats => 1697983911234,-136,4260,-149,0,100
10-22 16:11:51.348  3957  4129 D WifiStateMachine:  ConnectedState !CMD_RSSI_POLL rt=590317932/1646293404 112 0 "ourhome" f4:6d:2f:12:cc:88 rssi=-49 f=5240 sc=60 link=433 tx=19.0, 0.0, 0.0  rx=24.4 bcn=480884 [on:0 tx:0 rx:0 period:756] from screen [on:41055 period:305223] score=60
10-22 16:11:51.351  3957  4129 D WifiStateMachine:  L2ConnectedState !CMD_RSSI_POLL rt=590317934/1646293407 112 0 "ourhome" f4:6d:2f:12:cc:88 rssi=-49 f=5240 sc=60 link=433 tx=19.0, 0.0, 0.0  rx=24.4 bcn=480884 [on:0 tx:0 rx:0 period:3] from screen [on:41055 period:305226] score=60
10-22 16:11:51.352  3957  4129 D WifiStateMachine:  get link layer stats 3
10-22 16:11:51.352  3436  3436 I android.hardware.wifi@1.0-service: getLinkLayerStats
10-22 16:11:51.353  1725  1833 I BatteryMgr:DataCollectionService: stats => 1697983911353,-136,4260,-149,0,100
10-22 16:11:51.358  3957  4129 D WifiStateMachine: fetchRssiLinkSpeedAndFrequencyNative rssi=-48 linkspeed=433 freq=5240
10-22 16:11:51.358  3957  4129 V WifiConfigManager: Updating scan detail cache freq=5240 BSSID=f4:6d:2f:12:cc:88 RSSI=-48 for "ourhome"WPA_PSK
10-22 16:11:51.364  4340  4340 E SignalClusterView: setSlotFocusVisible : subId -2
10-22 16:11:51.365  4340  4340 E SignalClusterView: setSlotFocusVisible : subId -2
10-22 16:11:51.403  2479  2548 D ScanRecord: Not a Multi Manu data
10-22 16:11:51.463  2479  2548 I chatty  : uid=1002(bluetooth) BT Service Call identical 63 lines
10-22 16:11:51.463  2479  2548 D ScanRecord: Not a Multi Manu data
10-22 16:11:51.471  1725  1833 I BatteryMgr:DataCollectionService: stats => 1697983911470,-136,4260,-149,0,100
10-22 16:11:51.476  2479  2548 D ScanRecord: Not a Multi Manu data
10-22 16:11:51.528  2479  2548 I chatty  : uid=1002(bluetooth) BT Service Call identical 89 lines
10-22 16:11:51.528  2479  2548 D ScanRecord: Not a Multi Manu data
10-22 16:11:51.552  2479  2548 D ScanRecord: same manuId data exists, combine both data and store
10-22 16:11:51.553  2479  2548 D ScanRecord: It's a Multi Manu data
10-22 16:11:51.553  2479  2548 I chatty  : uid=1002(bluetooth) BT Service Call identical 9 lines
10-22 16:11:51.553  2479  2548 D ScanRecord: It's a Multi Manu data
10-22 16:11:51.553  2479  2548 D ScanRecord: same manuId data exists, combine both data and store
10-22 16:11:51.553  2479  2548 D ScanRecord: same manuId data exists, combine both data and store
10-22 16:11:51.553  2479  2548 D ScanRecord: It's a Multi Manu data
10-22 16:11:51.553  2479  2548 D ScanFilter: manu data matches
10-22 16:11:51.553  2479  2548 D BtGatt.GattService: onScanResult to scannerId: 6- event_type=0x1b, address_type=1, address=59:4, primary_phy=1, secondary_phy=0, advertising_sid=0xff, tx_power=127, rssi=-70, periodic_adv_int=0x0
10-22 16:11:51.554 23612 28242 D ScanRecord: same manuId data exists, combine both data and store
10-22 16:11:51.559  2479  2548 D ScanRecord: Not a Multi Manu data
10-22 16:11:51.578  2479  2548 I chatty  : uid=1002(bluetooth) BT Service Call identical 63 lines
10-22 16:11:51.578  2479  2548 D ScanRecord: Not a Multi Manu data
10-22 16:11:51.585  1725  1833 I BatteryMgr:DataCollectionService: stats => 1697983911584,-136,4260,-149,0,100
10-22 16:11:51.591  3957  4129 D WifiStateMachine:  ConnectedState !RSSI_PKTCNT_FETCH uid=1000 rt=590318174/1646293647 0 0 "ourhome" f4:6d:2f:12:cc:88 rssi=-48 f=5240 sc=60 link=433 tx=19.0, 0.0, 0.0  rx=23.5 bcn=480910 [on:0 tx:0 rx:0 period:229] from screen [on:41783 period:305466] score=60
10-22 16:11:51.593  3957  4129 D WifiStateMachine:  L2ConnectedState !RSSI_PKTCNT_FETCH uid=1000 rt=590318177/1646293650 0 0 "ourhome" f4:6d:2f:12:cc:88 rssi=-48 f=5240 sc=60 link=433 tx=19.0, 0.0, 0.0  rx=23.5 bcn=480910 [on:0 tx:0 rx:0 period:2] from screen [on:41783 period:305468] score=60
10-22 16:11:51.594  3957  4129 D WifiStateMachine: fetchRssiLinkSpeedAndFrequencyNative rssi=-47 linkspeed=433 freq=5240
10-22 16:11:51.595  3957  4129 V WifiConfigManager: Updating scan detail cache freq=5240 BSSID=f4:6d:2f:12:cc:88 RSSI=-47 for "ourhome"WPA_PSK
10-22 16:11:51.597  2479  2548 D ScanRecord: Not a Multi Manu data
10-22 16:11:51.681  2479  2548 I chatty  : uid=1002(bluetooth) BT Service Call identical 63 lines
10-22 16:11:51.681  2479  2548 D ScanRecord: Not a Multi Manu data
10-22 16:11:51.695  1725  1833 I BatteryMgr:DataCollectionService: stats => 1697983911695,-136,4260,-149,0,100
10-22 16:11:51.733  2479  2563 D bt_snoop: capture: count_snoop = 660000, st.st_size = 272569
10-22 16:11:51.753  2479  2548 D ScanRecord: Not a Multi Manu data
10-22 16:11:51.789  2479  2548 I chatty  : uid=1002(bluetooth) BT Service Call identical 50 lines
10-22 16:11:51.789  2479  2548 D ScanRecord: Not a Multi Manu data
10-22 16:11:51.807  1725  1833 I BatteryMgr:DataCollectionService: stats => 1697983911807,-136,4260,-149,0,100
10-22 16:11:51.830  2479  2548 D ScanRecord: Not a Multi Manu data
10-22 16:11:51.882  2479  2548 I chatty  : uid=1002(bluetooth) BT Service Call identical 50 lines
10-22 16:11:51.882  2479  2548 D ScanRecord: Not a Multi Manu data
10-22 16:11:51.919  1725  1833 I BatteryMgr:DataCollectionService: stats => 1697983911919,-136,4260,-149,0,100
10-22 16:11:51.975  3957  4128 D WifiService: getConnectionInfo uid=1000
10-22 16:11:52.029  1725  1833 I BatteryMgr:DataCollectionService: stats => 1697983912029,-136,4260,-149,0,100
10-22 16:11:52.151  1725  1833 I BatteryMgr:DataCollectionService: stats => 1697983912150,-136,4260,-149,0,100
10-22 16:11:52.267  1725  1833 I BatteryMgr:DataCollectionService: stats => 1697983912267,-136,4260,-149,0,100
10-22 16:11:52.364  3957  4030 D SensorService: [SO] 0.249 -0.148 9.984
10-22 16:11:52.384  1725  1833 I BatteryMgr:DataCollectionService: stats => 1697983912383,-136,4260,-149,0,100
10-22 16:11:52.502  1725  1833 I BatteryMgr:DataCollectionService: stats => 1697983912502,-136,4260,-149,0,100
10-22 16:11:52.594  3957  4129 D WifiStateMachine:  ConnectedState !RSSI_PKTCNT_FETCH uid=1000 rt=590319176/1646294649 0 0 "ourhome" f4:6d:2f:12:cc:88 rssi=-47 f=5240 sc=60 link=433 tx=19.0, 0.0, 0.0  rx=23.5 bcn=480910 [on:0 tx:0 rx:0 period:1001] from screen [on:41783 period:306469] score=60
10-22 16:11:52.597  3957  4129 D WifiStateMachine:  L2ConnectedState !RSSI_PKTCNT_FETCH uid=1000 rt=590319181/1646294653 0 0 "ourhome" f4:6d:2f:12:cc:88 rssi=-47 f=5240 sc=60 link=433 tx=19.0, 0.0, 0.0  rx=23.5 bcn=480910 [on:0 tx:0 rx:0 period:3] from screen [on:41783 period:306472] score=60
10-22 16:11:52.604  3957  4129 D WifiStateMachine: fetchRssiLinkSpeedAndFrequencyNative rssi=-47 linkspeed=433 freq=5240
10-22 16:11:52.604  3957  4129 V WifiConfigManager: Updating scan detail cache freq=5240 BSSID=f4:6d:2f:12:cc:88 RSSI=-47 for "ourhome"WPA_PSK
10-22 16:11:52.627  1725  1833 I BatteryMgr:DataCollectionService: stats => 1697983912627,-136,4260,-149,0,100
10-22 16:11:52.744  1725  1833 I BatteryMgr:DataCollectionService: stats => 1697983912743,-136,4260,-149,0,100
10-22 16:11:52.863  1725  1833 I BatteryMgr:DataCollectionService: stats => 1697983912862,-136,4260,-149,0,100
10-22 16:11:52.977  3957  4128 D WifiService: getConnectionInfo uid=1000
10-22 16:11:52.978  1725  1833 I BatteryMgr:DataCollectionService: stats => 1697983912977,-136,4260,-149,0,100
10-22 16:11:53.091  1725  1833 I BatteryMgr:DataCollectionService: stats => 1697983913091,-136,4260,-149,0,100
10-22 16:11:53.187  4961  4961 D io_stats: !@ 179,0 r 9296902 302989096 w 2081479 40910808 d 166276 36582768 f 630081 654901 iot 4272464 3691517 th 51200 0 0 pt 0 inp 0 0 590319.772
10-22 16:11:53.205  1725  1833 I BatteryMgr:DataCollectionService: stats => 1697983913205,-136,4260,-149,0,100
10-22 16:11:53.322  1725  1833 I BatteryMgr:DataCollectionService: stats => 1697983913322,-136,4260,-149,0,100
10-22 16:11:53.438  1725  1833 I BatteryMgr:DataCollectionService: stats => 1697983913438,-136,4260,-149,0,100
10-22 16:11:53.559  1725  1833 I BatteryMgr:DataCollectionService: stats => 1697983913559,-136,4260,-149,0,100
10-22 16:11:53.595  3957  4129 D WifiStateMachine:  ConnectedState !RSSI_PKTCNT_FETCH uid=1000 rt=590320178/1646295650 0 0 "ourhome" f4:6d:2f:12:cc:88 rssi=-47 f=5240 sc=60 link=433 tx=19.0, 0.0, 0.0  rx=23.5 bcn=480910 [on:0 tx:0 rx:0 period:998] from screen [on:41783 period:307470] score=60
10-22 16:11:53.600  3957  4129 D WifiStateMachine:  L2ConnectedState !RSSI_PKTCNT_FETCH uid=1000 rt=590320181/1646295654 0 0 "ourhome" f4:6d:2f:12:cc:88 rssi=-47 f=5240 sc=60 link=433 tx=19.0, 0.0, 0.0  rx=23.5 bcn=480910 [on:0 tx:0 rx:0 period:4] from screen [on:41783 period:307474] score=60
10-22 16:11:53.605  3957  4129 D WifiStateMachine: fetchRssiLinkSpeedAndFrequencyNative rssi=-47 linkspeed=433 freq=5240
10-22 16:11:53.605  3957  4129 V WifiConfigManager: Updating scan detail cache freq=5240 BSSID=f4:6d:2f:12:cc:88 RSSI=-47 for "ourhome"WPA_PSK
10-22 16:11:53.672  1725  1833 I BatteryMgr:DataCollectionService: stats => 1697983913671,-136,4260,-149,0,100
10-22 16:11:53.796  1725  1833 I BatteryMgr:DataCollectionService: stats => 1697983913795,-136,4260,-149,0,100
10-22 16:11:53.913  1725  1833 I BatteryMgr:DataCollectionService: stats => 1697983913913,-136,4260,-149,0,100
10-22 16:11:53.979  3957  4128 D WifiService: getConnectionInfo uid=1000
10-22 16:11:54.027  1725  1833 I BatteryMgr:DataCollectionService: stats => 1697983914027,-136,4260,-149,0,100
10-22 16:11:54.143  1725  1833 I BatteryMgr:DataCollectionService: stats => 1697983914142,-136,4260,-149,0,100
10-22 16:11:54.255  1725  1833 I BatteryMgr:DataCollectionService: stats => 1697983914254,-136,4260,-149,0,100
10-22 16:11:54.363  3957  4129 D WifiStateMachine:  ConnectedState !CMD_RSSI_POLL rt=590320946/1646296419 112 0 "ourhome" f4:6d:2f:12:cc:88 rssi=-47 f=5240 sc=60 link=433 tx=19.0, 0.0, 0.0  rx=23.5 bcn=480910 [on:0 tx:0 rx:0 period:763] from screen [on:41783 period:308237] score=60
10-22 16:11:54.365  3957  4129 D WifiStateMachine:  L2ConnectedState !CMD_RSSI_POLL rt=590320948/1646296421 112 0 "ourhome" f4:6d:2f:12:cc:88 rssi=-47 f=5240 sc=60 link=433 tx=19.0, 0.0, 0.0  rx=23.5 bcn=480910 [on:0 tx:0 rx:0 period:2] from screen [on:41783 period:308239] score=60
10-22 16:11:54.365  3957  4129 D WifiStateMachine:  get link layer stats 3
10-22 16:11:54.365  3436  3436 I android.hardware.wifi@1.0-service: getLinkLayerStats
10-22 16:11:54.374  1725  1833 I BatteryMgr:DataCollectionService: stats => 1697983914373,-136,4260,-149,0,100
10-22 16:11:54.385  3957  4129 D WifiStateMachine: fetchRssiLinkSpeedAndFrequencyNative rssi=-46 linkspeed=433 freq=5240
10-22 16:11:54.385  3957  4129 V WifiConfigManager: Updating scan detail cache freq=5240 BSSID=f4:6d:2f:12:cc:88 RSSI=-46 for "ourhome"WPA_PSK
10-22 16:11:54.393  4340  4340 E SignalClusterView: setSlotFocusVisible : subId -2
10-22 16:11:54.393  4340  4340 E SignalClusterView: setSlotFocusVisible : subId -2
10-22 16:11:54.484  1725  1833 I BatteryMgr:DataCollectionService: stats => 1697983914484,-136,4260,-149,0,100
10-22 16:11:54.596  3957  4129 D WifiStateMachine:  ConnectedState !RSSI_PKTCNT_FETCH uid=1000 rt=590321179/1646296652 0 0 "ourhome" f4:6d:2f:12:cc:88 rssi=-46 f=5240 sc=60 link=433 tx=6.9, 0.0, 0.0  rx=8.6 bcn=480939 [on:0 tx:0 rx:0 period:207] from screen [on:41876 period:308471] score=60
10-22 16:11:54.599  1725  1833 I BatteryMgr:DataCollectionService: stats => 1697983914599,-136,4260,-149,0,100
10-22 16:11:54.602  3957  4129 D WifiStateMachine:  L2ConnectedState !RSSI_PKTCNT_FETCH uid=1000 rt=590321182/1646296655 0 0 "ourhome" f4:6d:2f:12:cc:88 rssi=-46 f=5240 sc=60 link=433 tx=6.9, 0.0, 0.0  rx=8.6 bcn=480939 [on:0 tx:0 rx:0 period:6] from screen [on:41876 period:308477] score=60
10-22 16:11:54.609  3957  4129 D WifiStateMachine: fetchRssiLinkSpeedAndFrequencyNative rssi=-46 linkspeed=433 freq=5240
10-22 16:11:54.609  3957  4129 V WifiConfigManager: Updating scan detail cache freq=5240 BSSID=f4:6d:2f:12:cc:88 RSSI=-46 for "ourhome"WPA_PSK
10-22 16:11:54.714  1725  1833 I BatteryMgr:DataCollectionService: stats => 1697983914714,-136,4260,-149,0,100
10-22 16:11:54.829  1725  1833 I BatteryMgr:DataCollectionService: stats => 1697983914829,-136,4260,-149,0,100
10-22 16:11:54.948  1725  1833 I BatteryMgr:DataCollectionService: stats => 1697983914947,-136,4260,-149,0,100
10-22 16:11:54.982  3957  4128 D WifiService: getConnectionInfo uid=1000
10-22 16:11:55.062  1725  1833 I BatteryMgr:DataCollectionService: stats => 1697983915062,-136,4260,-149,0,100
10-22 16:11:55.178  1725  1833 I BatteryMgr:DataCollectionService: stats => 1697983915177,-136,4260,-149,0,100
10-22 16:11:55.297  1725  1833 I BatteryMgr:DataCollectionService: stats => 1697983915297,-136,4260,-149,0,100
10-22 16:11:55.393 23612 23612 D BoundBrokerSvc: onUnbind: Intent { act=com.google.android.gms.cast.firstparty.START dat=chimera-action: cmp=com.google.android.gms/.chimera.PersistentApiService }
10-22 16:11:55.412 28279 28279 D BoundBrokerSvc: onUnbind: Intent { act=com.google.android.gms.auth.cryptauth.cryptauthservice.START dat=chimera-action: cmp=com.google.android.gms/.chimera.GmsBoundBrokerService }
10-22 16:11:55.420  1725  1833 I BatteryMgr:DataCollectionService: stats => 1697983915419,-136,4260,-149,0,100
10-22 16:11:55.498 28279 28279 D BoundBrokerSvc: onUnbind: Intent { act=com.google.android.gms.pay.service.BIND dat=chimera-action: cmp=com.google.android.gms/.chimera.GmsApiService }
10-22 16:11:55.528  1725  1833 I BatteryMgr:DataCollectionService: stats => 1697983915528,-136,4260,-149,0,100
10-22 16:11:55.597  3957  4129 D WifiStateMachine:  ConnectedState !RSSI_PKTCNT_FETCH uid=1000 rt=590322181/1646297653 0 0 "ourhome" f4:6d:2f:12:cc:88 rssi=-46 f=5240 sc=60 link=433 tx=6.9, 0.0, 0.0  rx=8.6 bcn=480939 [on:0 tx:0 rx:0 period:994] from screen [on:41876 period:309471] score=60
10-22 16:11:55.598  3957  4129 D WifiStateMachine:  L2ConnectedState !RSSI_PKTCNT_FETCH uid=1000 rt=590322182/1646297655 0 0 "ourhome" f4:6d:2f:12:cc:88 rssi=-46 f=5240 sc=60 link=433 tx=6.9, 0.0, 0.0  rx=8.6 bcn=480939 [on:0 tx:0 rx:0 period:2] from screen [on:41876 period:309473] score=60
10-22 16:11:55.600  3957  4129 D WifiStateMachine: fetchRssiLinkSpeedAndFrequencyNative rssi=-47 linkspeed=433 freq=5240
10-22 16:11:55.600  3957  4129 V WifiConfigManager: Updating scan detail cache freq=5240 BSSID=f4:6d:2f:12:cc:88 RSSI=-46 for "ourhome"WPA_PSK
10-22 16:11:55.638  1725  1833 I BatteryMgr:DataCollectionService: stats => 1697983915637,-136,4260,-149,0,100
10-22 16:11:55.757  1725  1833 I BatteryMgr:DataCollectionService: stats => 1697983915756,-136,4260,-149,0,100
10-22 16:11:55.872  1725  1833 I BatteryMgr:DataCollectionService: stats => 1697983915872,-136,4260,-149,0,100
10-22 16:11:55.983  3957  4128 D WifiService: getConnectionInfo uid=1000
10-22 16:11:55.990  1725  1833 I BatteryMgr:DataCollectionService: stats => 1697983915989,-136,4260,-149,0,100
10-22 16:11:56.101  1725  1833 I BatteryMgr:DataCollectionService: stats => 1697983916101,-136,4260,-149,0,100
10-22 16:11:56.213  1725  1833 I BatteryMgr:DataCollectionService: stats => 1697983916213,-136,4260,-149,0,100
10-22 16:11:56.325  1725  1833 I BatteryMgr:DataCollectionService: stats => 1697983916325,-136,4260,-149,0,100
10-22 16:11:56.439  1725  1833 I BatteryMgr:DataCollectionService: stats => 1697983916439,-136,4260,-149,0,100
10-22 16:11:56.442  3957  4306 D WifiConnectivityMonitor:  [|219] []
10-22 16:11:56.457  2479  2548 D ScanRecord: Not a Multi Manu data
10-22 16:11:56.558  2479  2548 I chatty  : uid=1002(bluetooth) BT Service Call identical 63 lines
10-22 16:11:56.559  2479  2548 D ScanRecord: Not a Multi Manu data
10-22 16:11:56.560  1725  1833 I BatteryMgr:DataCollectionService: stats => 1697983916560,-136,4260,-149,0,100
10-22 16:11:56.586  2479  2548 D ScanRecord: Not a Multi Manu data
10-22 16:11:56.592  2479  2548 I chatty  : uid=1002(bluetooth) BT Service Call identical 24 lines
10-22 16:11:56.592  2479  2548 D ScanRecord: Not a Multi Manu data
10-22 16:11:56.600  3957  4129 D WifiStateMachine:  ConnectedState !RSSI_PKTCNT_FETCH uid=1000 rt=590323182/1646298655 0 0 "ourhome" f4:6d:2f:12:cc:88 rssi=-47 f=5240 sc=60 link=433 tx=6.9, 0.0, 0.0  rx=8.6 bcn=480939 [on:0 tx:0 rx:0 period:1000] from screen [on:41876 period:310473] score=60
10-22 16:11:56.601  2479  2548 D ScanRecord: Not a Multi Manu data
10-22 16:11:56.602  2479  2548 I chatty  : uid=1002(bluetooth) BT Service Call identical 9 lines
10-22 16:11:56.602  2479  2548 D ScanRecord: Not a Multi Manu data
10-22 16:11:56.602  3957  4129 D WifiStateMachine:  L2ConnectedState !RSSI_PKTCNT_FETCH uid=1000 rt=590323186/1646298658 0 0 "ourhome" f4:6d:2f:12:cc:88 rssi=-47 f=5240 sc=60 link=433 tx=6.9, 0.0, 0.0  rx=8.6 bcn=480939 [on:0 tx:0 rx:0 period:4] from screen [on:41876 period:310477] score=60
10-22 16:11:56.602  2479  2548 D ScanRecord: Not a Multi Manu data
10-22 16:11:56.604  2479  2548 I chatty  : uid=1002(bluetooth) BT Service Call identical 13 lines
10-22 16:11:56.604  2479  2548 D ScanRecord: Not a Multi Manu data
10-22 16:11:56.607  3957  4129 D WifiStateMachine: fetchRssiLinkSpeedAndFrequencyNative rssi=-47 linkspeed=433 freq=5240
10-22 16:11:56.608  3957  4129 V WifiConfigManager: Updating scan detail cache freq=5240 BSSID=f4:6d:2f:12:cc:88 RSSI=-46 for "ourhome"WPA_PSK
10-22 16:11:56.647  2479  2548 D ScanRecord: Not a Multi Manu data
10-22 16:11:56.648  2479  2548 I chatty  : uid=1002(bluetooth) BT Service Call identical 11 lines
10-22 16:11:56.648  2479  2548 D ScanRecord: Not a Multi Manu data
10-22 16:11:56.671  1725  1833 I BatteryMgr:DataCollectionService: stats => 1697983916671,-136,4260,-149,0,100
10-22 16:11:56.671  2479  2548 D ScanRecord: Not a Multi Manu data
10-22 16:11:56.778  2479  2548 I chatty  : uid=1002(bluetooth) BT Service Call identical 115 lines
10-22 16:11:56.778  2479  2548 D ScanRecord: Not a Multi Manu data
10-22 16:11:56.781  1725  1833 I BatteryMgr:DataCollectionService: stats => 1697983916781,-136,4260,-149,0,100
10-22 16:11:56.789  2479  2548 D ScanRecord: same manuId data exists, combine both data and store
10-22 16:11:56.790  2479  2548 D ScanRecord: It's a Multi Manu data
10-22 16:11:56.790  2479  2548 I chatty  : uid=1002(bluetooth) BT Service Call identical 9 lines
10-22 16:11:56.790  2479  2548 D ScanRecord: It's a Multi Manu data
10-22 16:11:56.790  2479  2548 D ScanRecord: same manuId data exists, combine both data and store
10-22 16:11:56.790  2479  2548 D ScanRecord: same manuId data exists, combine both data and store
10-22 16:11:56.790  2479  2548 D ScanRecord: It's a Multi Manu data
10-22 16:11:56.790  2479  2548 D ScanFilter: manu data matches
10-22 16:11:56.791  2479  2548 D BtGatt.GattService: onScanResult to scannerId: 6- event_type=0x1b, address_type=1, address=59:4, primary_phy=1, secondary_phy=0, advertising_sid=0xff, tx_power=127, rssi=-68, periodic_adv_int=0x0
10-22 16:11:56.791 23612 28242 D ScanRecord: same manuId data exists, combine both data and store
10-22 16:11:56.796  2479  2548 D ScanRecord: Not a Multi Manu data
10-22 16:11:56.856  2479  2548 I chatty  : uid=1002(bluetooth) BT Service Call identical 50 lines
10-22 16:11:56.856  2479  2548 D ScanRecord: Not a Multi Manu data
10-22 16:11:56.893  1725  1833 I BatteryMgr:DataCollectionService: stats => 1697983916892,-136,4260,-149,0,100
10-22 16:11:56.982  3957  6478 D SSRM:k  : SIOP:: AP = 370, PST = 350 (W:10), BAT = 315, USB = 0, CHG = 0
10-22 16:11:56.987  3957  4128 D WifiService: getConnectionInfo uid=1000
10-22 16:11:57.008  1725  1833 I BatteryMgr:DataCollectionService: stats => 1697983917008,-136,4260,-149,0,100
10-22 16:11:57.124  1725  1833 I BatteryMgr:DataCollectionService: stats => 1697983917124,-136,4260,-149,0,100
10-22 16:11:57.239  1725  1833 I BatteryMgr:DataCollectionService: stats => 1697983917238,-136,4260,-149,0,100
10-22 16:11:57.351  1725  1833 I BatteryMgr:DataCollectionService: stats => 1697983917351,-136,4260,-149,0,100
10-22 16:11:57.389  3957  4129 D WifiStateMachine:  ConnectedState !CMD_RSSI_POLL rt=590323974/1646299446 112 0 "ourhome" f4:6d:2f:12:cc:88 rssi=-47 f=5240 sc=60 link=433 tx=6.9, 0.0, 0.0  rx=8.6 bcn=480939 [on:0 tx:0 rx:0 period:787] from screen [on:41876 period:311264] score=60
10-22 16:11:57.391  3957  4129 D WifiStateMachine:  L2ConnectedState !CMD_RSSI_POLL rt=590323975/1646299448 112 0 "ourhome" f4:6d:2f:12:cc:88 rssi=-47 f=5240 sc=60 link=433 tx=6.9, 0.0, 0.0  rx=8.6 bcn=480939 [on:0 tx:0 rx:0 period:2] from screen [on:41876 period:311266] score=60
10-22 16:11:57.391  3957  4129 D WifiStateMachine:  get link layer stats 3
10-22 16:11:57.392  3436  3436 I android.hardware.wifi@1.0-service: getLinkLayerStats
10-22 16:11:57.397  3957  4129 D WifiStateMachine: fetchRssiLinkSpeedAndFrequencyNative rssi=-46 linkspeed=433 freq=5240
10-22 16:11:57.398  3957  4129 V WifiConfigManager: Updating scan detail cache freq=5240 BSSID=f4:6d:2f:12:cc:88 RSSI=-46 for "ourhome"WPA_PSK
10-22 16:11:57.401  4340  4340 E SignalClusterView: setSlotFocusVisible : subId -2
10-22 16:11:57.401  4340  4340 E SignalClusterView: setSlotFocusVisible : subId -2
10-22 16:11:57.465  1725  1833 I BatteryMgr:DataCollectionService: stats => 1697983917465,-136,4260,-149,0,100
10-22 16:11:57.580  1725  1833 I BatteryMgr:DataCollectionService: stats => 1697983917580,-136,4260,-149,0,100
10-22 16:11:57.600  3957  4129 D WifiStateMachine:  ConnectedState !RSSI_PKTCNT_FETCH uid=1000 rt=590324183/1646299656 0 0 "ourhome" f4:6d:2f:12:cc:88 rssi=-46 f=5240 sc=60 link=433 tx=7.6, 0.0, 0.0  rx=19.6 bcn=480968 [on:0 tx:0 rx:0 period:200] from screen [on:43157 period:311475] score=60
10-22 16:11:57.602  3957  4129 D WifiStateMachine:  L2ConnectedState !RSSI_PKTCNT_FETCH uid=1000 rt=590324186/1646299658 0 0 "ourhome" f4:6d:2f:12:cc:88 rssi=-46 f=5240 sc=60 link=433 tx=7.6, 0.0, 0.0  rx=19.6 bcn=480968 [on:0 tx:0 rx:0 period:2] from screen [on:43157 period:311477] score=60
10-22 16:11:57.608  3957  4129 D WifiStateMachine: fetchRssiLinkSpeedAndFrequencyNative rssi=-46 linkspeed=433 freq=5240
10-22 16:11:57.609  3957  4129 V WifiConfigManager: Updating scan detail cache freq=5240 BSSID=f4:6d:2f:12:cc:88 RSSI=-46 for "ourhome"WPA_PSK
10-22 16:11:57.692  1725  1833 I BatteryMgr:DataCollectionService: stats => 1697983917692,-136,4260,-149,0,100
10-22 16:11:57.806  1725  1833 I BatteryMgr:DataCollectionService: stats => 1697983917806,-136,4260,-149,0,100
10-22 16:11:57.934  1725  1833 I BatteryMgr:DataCollectionService: stats => 1697983917934,-136,4260,-149,0,100
10-22 16:11:57.990  3957  4128 D WifiService: getConnectionInfo uid=1000
10-22 16:11:58.050  1725  1833 I BatteryMgr:DataCollectionService: stats => 1697983918050,-136,4260,-149,0,100
10-22 16:11:58.162  1725  1833 I BatteryMgr:DataCollectionService: stats => 1697983918162,-136,4260,-149,0,100
10-22 16:11:58.190  4961  4961 D io_stats: !@ 179,0 r 9296912 302989684 w 2081505 40911120 d 166279 36583084 f 630082 654902 iot 4272492 3691539 th 51200 0 0 pt 0 inp 0 0 590324.775
10-22 16:11:58.277  1725  1833 I BatteryMgr:DataCollectionService: stats => 1697983918277,-136,4260,-149,0,100
10-22 16:11:58.395  1725  1833 I BatteryMgr:DataCollectionService: stats => 1697983918394,-136,4260,-149,0,100
10-22 16:11:58.506  1725  1833 I BatteryMgr:DataCollectionService: stats => 1697983918506,-136,4260,-149,0,100
10-22 16:11:58.601  3957  4129 D WifiStateMachine:  ConnectedState !RSSI_PKTCNT_FETCH uid=1000 rt=590325185/1646300658 0 0 "ourhome" f4:6d:2f:12:cc:88 rssi=-46 f=5240 sc=60 link=433 tx=7.6, 0.0, 0.0  rx=19.6 bcn=480968 [on:0 tx:0 rx:0 period:999] from screen [on:43157 period:312476] score=60
10-22 16:11:58.603  3957  4129 D WifiStateMachine:  L2ConnectedState !RSSI_PKTCNT_FETCH uid=1000 rt=590325187/1646300659 0 0 "ourhome" f4:6d:2f:12:cc:88 rssi=-46 f=5240 sc=60 link=433 tx=7.6, 0.0, 0.0  rx=19.6 bcn=480968 [on:0 tx:0 rx:0 period:2] from screen [on:43157 period:312478] score=60
10-22 16:11:58.609  3957  4129 D WifiStateMachine: fetchRssiLinkSpeedAndFrequencyNative rssi=-46 linkspeed=433 freq=5240
10-22 16:11:58.610  3957  4129 V WifiConfigManager: Updating scan detail cache freq=5240 BSSID=f4:6d:2f:12:cc:88 RSSI=-46 for "ourhome"WPA_PSK
10-22 16:11:58.617  1725  1833 I BatteryMgr:DataCollectionService: stats => 1697983918616,-262,4260,-299,0,100
10-22 16:11:58.728  1725  1833 I BatteryMgr:DataCollectionService: stats => 1697983918728,-262,4260,-299,0,100
10-22 16:11:58.809  3957  4653 D BatteryService: !@BatteryListener : batteryPropertiesChanged!
10-22 16:11:58.841  1725  1833 I BatteryMgr:DataCollectionService: stats => 1697983918841,-262,4260,-299,0,100
10-22 16:11:58.951  1725  1833 I BatteryMgr:DataCollectionService: stats => 1697983918951,-262,4260,-299,0,100
10-22 16:11:58.993  3957  4128 D WifiService: getConnectionInfo uid=1000
10-22 16:11:59.066  1725  1833 I BatteryMgr:DataCollectionService: stats => 1697983919066,-262,4260,-299,0,100
10-22 16:11:59.181  1725  1833 I BatteryMgr:DataCollectionService: stats => 1697983919181,-262,4260,-299,0,100
10-22 16:11:59.294  1725  1833 I BatteryMgr:DataCollectionService: stats => 1697983919294,-262,4260,-299,0,100
10-22 16:11:59.407  1725  1833 I BatteryMgr:DataCollectionService: stats => 1697983919406,-262,4260,-299,0,100
10-22 16:11:59.521  1725  1833 I BatteryMgr:DataCollectionService: stats => 1697983919521,-262,4260,-299,0,100
10-22 16:11:59.603  3957  4129 D WifiStateMachine:  ConnectedState !RSSI_PKTCNT_FETCH uid=1000 rt=590326187/1646301659 0 0 "ourhome" f4:6d:2f:12:cc:88 rssi=-46 f=5240 sc=60 link=433 tx=7.6, 0.0, 0.0  rx=19.6 bcn=480968 [on:0 tx:0 rx:0 period:1000] from screen [on:43157 period:313478] score=60
10-22 16:11:59.605  3957  4129 D WifiStateMachine:  L2ConnectedState !RSSI_PKTCNT_FETCH uid=1000 rt=590326189/1646301661 0 0 "ourhome" f4:6d:2f:12:cc:88 rssi=-46 f=5240 sc=60 link=433 tx=7.6, 0.0, 0.0  rx=19.6 bcn=480968 [on:0 tx:0 rx:0 period:2] from screen [on:43157 period:313480] score=60
10-22 16:11:59.612  3957  4129 D WifiStateMachine: fetchRssiLinkSpeedAndFrequencyNative rssi=-46 linkspeed=433 freq=5240
10-22 16:11:59.612  3957  4129 V WifiConfigManager: Updating scan detail cache freq=5240 BSSID=f4:6d:2f:12:cc:88 RSSI=-46 for "ourhome"WPA_PSK
10-22 16:11:59.635  1725  1833 I BatteryMgr:DataCollectionService: stats => 1697983919635,-262,4260,-299,0,100
10-22 16:11:59.749  1725  1833 I BatteryMgr:DataCollectionService: stats => 1697983919749,-262,4260,-299,0,100
10-22 16:11:59.877  1725  1833 I BatteryMgr:DataCollectionService: stats => 1697983919877,-262,4260,-299,0,100
10-22 16:11:59.990  1725  1833 I BatteryMgr:DataCollectionService: stats => 1697983919989,-262,4260,-299,0,100
10-22 16:11:59.995  3957  4128 D WifiService: getConnectionInfo uid=1000
10-22 16:12:00.000  3957  4045 D SamsungAlarmManager: Expired : 8
10-22 16:12:00.001  3957  4045 V SamsungAlarmManager: Sending to uid : 1000 action=android.intent.action.TIME_TICK alarm=Alarm{e374706 type 3 when 1646302058 android}
10-22 16:12:00.002  3957  4045 V SamsungAlarmManager: Sending to uid : 10074 action=com.samsung.action.EVERY_MINUTE_CLOCK_UPDATE alarm=Alarm{70dd3f4 type 1 when 1697983920000 com.sec.android.app.launcher}
10-22 16:12:00.004   426   426 I Launcher: onReceive: com.samsung.action.EVERY_MINUTE_CLOCK_UPDATE
10-22 16:12:00.005  3957  3957 D SamsungAlarmManager: setExact Intent (T:3/F:1/AC:false) 20231022T161300 - CU:1000/CP:3957
10-22 16:12:00.005  3957  3957 I SamsungAlarmManager: setLocked to kernel - T:3 / 20231022T161300, SetElapsed=1646362058, nowELAPSED=1646302063
10-22 16:12:00.007  4340  4340 D KeyguardUpdateMonitor: received broadcast android.intent.action.TIME_TICK
10-22 16:12:00.007  4340  4340 D KeyguardServiceBoxContainer: refreshTime() 1
10-22 16:12:00.017  3957  4653 D SamsungAlarmManager: setInexact Intent (T:1/F:0/AC:false) 20231022T161300 - CU:10074/CP:426
10-22 16:12:00.018   426   426 I IconView: applyFromShortcutInfo - start GetLive : com.samsung.android.calendar
10-22 16:12:00.018   426   426 I BitmapCacheContainer: getBitmapCache: BitmapCache expired com.samsung.android.calendar/UserHandle{0}
10-22 16:12:00.030   426   426 D ApplicationPackageManager: we has com.samsung.android.calendar class. reuse it 
10-22 16:12:00.033  4340  4340 D KeyguardUpdateMonitor: handleStatusBarState( false )
10-22 16:12:00.056   426   426 I ApplicationPackageManager: load= live icon for com.samsung.android.calendar, from overlay = false
10-22 16:12:00.058   426   426 I LiveIconManager: getLiveIcon: complete(sync_created)
10-22 16:12:00.058   426   426 I IconView: applyFromShortcutInfo - end GetLive : com.samsung.android.calendar
10-22 16:12:00.060   426   426 I IconView: applyFromApplicationInfo - start GetLive : com.sec.android.app.clockpackage
10-22 16:12:00.063  4340  4340 D KeyguardUpdateMonitor: handleStatusBarState( false )
10-22 16:12:00.068   426   426 D ApplicationPackageManager: we has com.sec.android.app.clockpackage class. reuse it 
10-22 16:12:00.069   426   426 D LiveIconLoader: getLiveIcon was called in ClockPackage
10-22 16:12:00.070   426   426 D LiveIconLoader: getLiveIcon res = com.sec.android.app.clockpackage
10-22 16:12:00.071   426   426 D LiveIconLoader: stdIconSize : 84 , targetIconSize : 94
10-22 16:12:00.071   426   426 D LiveIconLoader: mIconDpi : 320 , mTargetIconDpi : 280
10-22 16:12:00.084   426   426 I ApplicationPackageManager: load= live icon for com.sec.android.app.clockpackage, from overlay = false
10-22 16:12:00.084   426   426 I LiveIconManager: getLiveIcon: complete(sync_created)
10-22 16:12:00.084   426   426 I IconView: applyFromApplicationInfo - end GetLive : com.sec.android.app.clockpackage
10-22 16:12:00.085   426   426 I IconView: applyFromApplicationInfo - start GetLive : com.samsung.android.calendar
10-22 16:12:00.085   426   426 I IconView: applyFromApplicationInfo - end GetLive : com.samsung.android.calendar
10-22 16:12:00.098  1725  1833 I BatteryMgr:DataCollectionService: stats => 1697983920098,-262,4260,-299,0,100
10-22 16:12:00.204  1725  1833 I BatteryMgr:DataCollectionService: stats => 1697983920203,-262,4260,-299,0,100
10-22 16:12:00.316  1725  1833 I BatteryMgr:DataCollectionService: stats => 1697983920316,-262,4260,-299,0,100
10-22 16:12:00.401  3957  4129 D WifiStateMachine:  ConnectedState !CMD_RSSI_POLL rt=590326985/1646302457 112 0 "ourhome" f4:6d:2f:12:cc:88 rssi=-46 f=5240 sc=60 link=433 tx=7.6, 0.0, 0.0  rx=19.6 bcn=480968 [on:0 tx:0 rx:0 period:796] from screen [on:43157 period:314276] score=60
10-22 16:12:00.404  3957  4129 D WifiStateMachine:  L2ConnectedState !CMD_RSSI_POLL rt=590326987/1646302460 112 0 "ourhome" f4:6d:2f:12:cc:88 rssi=-46 f=5240 sc=60 link=433 tx=7.6, 0.0, 0.0  rx=19.6 bcn=480968 [on:0 tx:0 rx:0 period:3] from screen [on:43157 period:314279] score=60
10-22 16:12:00.404  3957  4129 D WifiStateMachine:  get link layer stats 3
10-22 16:12:00.404  3436  3436 I android.hardware.wifi@1.0-service: getLinkLayerStats
10-22 16:12:00.423  3957  4129 D WifiStateMachine: fetchRssiLinkSpeedAndFrequencyNative rssi=-46 linkspeed=433 freq=5240
10-22 16:12:00.424  3957  4129 V WifiConfigManager: Updating scan detail cache freq=5240 BSSID=f4:6d:2f:12:cc:88 RSSI=-46 for "ourhome"WPA_PSK
10-22 16:12:00.428  1725  1833 I BatteryMgr:DataCollectionService: stats => 1697983920428,-262,4260,-299,0,100
10-22 16:12:00.428  4340  4340 E SignalClusterView: setSlotFocusVisible : subId -2
10-22 16:12:00.429  4340  4340 E SignalClusterView: setSlotFocusVisible : subId -2
10-22 16:12:00.493  4340  4731 D NetworkController.MobileSignalController(0/-2): onSignalStrengthsChanged signalStrength=SignalStrength: 19 99 -19 -200 -19 -200 -1 99 2147483647 2147483647 2147483647 2147483647 0 2147483647 0x4 P gsm|lte level=4
10-22 16:12:00.493  4340  4731 D NetworkController.MobileSignalController(0/-2): getMobileIconGroup(): 0
10-22 16:12:00.543  1725  1833 I BatteryMgr:DataCollectionService: stats => 1697983920542,-262,4260,-299,0,100
10-22 16:12:00.603  3957  4129 D WifiStateMachine:  ConnectedState !RSSI_PKTCNT_FETCH uid=1000 rt=590327187/1646302660 0 0 "ourhome" f4:6d:2f:12:cc:88 rssi=-46 f=5240 sc=60 link=433 tx=2.8, 0.0, 0.0  rx=7.2 bcn=480997 [on:0 tx:0 rx:0 period:175] from screen [on:43243 period:314478] score=60
10-22 16:12:00.606  3957  4129 D WifiStateMachine:  L2ConnectedState !RSSI_PKTCNT_FETCH uid=1000 rt=590327189/1646302662 0 0 "ourhome" f4:6d:2f:12:cc:88 rssi=-46 f=5240 sc=60 link=433 tx=2.8, 0.0, 0.0  rx=7.2 bcn=480997 [on:0 tx:0 rx:0 period:2] from screen [on:43243 period:314480] score=60
10-22 16:12:00.612  3957  4129 D WifiStateMachine: fetchRssiLinkSpeedAndFrequencyNative rssi=-45 linkspeed=433 freq=5240
10-22 16:12:00.612  3957  4129 V WifiConfigManager: Updating scan detail cache freq=5240 BSSID=f4:6d:2f:12:cc:88 RSSI=-45 for "ourhome"WPA_PSK
10-22 16:12:00.656  1725  1833 I BatteryMgr:DataCollectionService: stats => 1697983920656,-262,4260,-299,0,100
10-22 16:12:00.770  1725  1833 I BatteryMgr:DataCollectionService: stats => 1697983920769,-262,4260,-299,0,100
10-22 16:12:00.887  1725  1833 I BatteryMgr:DataCollectionService: stats => 1697983920887,-262,4260,-299,0,100
10-22 16:12:00.997  3957  4128 D WifiService: getConnectionInfo uid=1000
10-22 16:12:01.012  1725  1833 I BatteryMgr:DataCollectionService: stats => 1697983921012,-262,4260,-299,0,100
10-22 16:12:01.125  1725  1833 I BatteryMgr:DataCollectionService: stats => 1697983921125,-262,4260,-299,0,100
10-22 16:12:01.237  1725  1833 I BatteryMgr:DataCollectionService: stats => 1697983921237,-262,4260,-299,0,100
10-22 16:12:01.350  1725  1833 I BatteryMgr:DataCollectionService: stats => 1697983921349,-262,4260,-299,0,100
10-22 16:12:01.410  2479  2548 D ScanRecord: Not a Multi Manu data
10-22 16:12:01.454  2479  2548 I chatty  : uid=1002(bluetooth) BT Service Call identical 50 lines
10-22 16:12:01.454  2479  2548 D ScanRecord: Not a Multi Manu data
10-22 16:12:01.470  1725  1833 I BatteryMgr:DataCollectionService: stats => 1697983921469,-262,4260,-299,0,100
10-22 16:12:01.482  2479  2548 D ScanRecord: Not a Multi Manu data
10-22 16:12:01.581  2479  2548 I chatty  : uid=1002(bluetooth) BT Service Call identical 128 lines
10-22 16:12:01.581  2479  2548 D ScanRecord: Not a Multi Manu data
10-22 16:12:01.583  1725  1833 I BatteryMgr:DataCollectionService: stats => 1697983921583,-262,4260,-299,0,100
10-22 16:12:01.585  2479  2548 D ScanRecord: Not a Multi Manu data
10-22 16:12:01.585  2479  2548 I chatty  : uid=1002(bluetooth) BT Service Call identical 11 lines
10-22 16:12:01.585  2479  2548 D ScanRecord: Not a Multi Manu data
10-22 16:12:01.603  3957  4129 D WifiStateMachine:  ConnectedState !RSSI_PKTCNT_FETCH uid=1000 rt=590328188/1646303661 0 0 "ourhome" f4:6d:2f:12:cc:88 rssi=-45 f=5240 sc=60 link=433 tx=2.8, 0.0, 0.0  rx=7.2 bcn=480997 [on:0 tx:0 rx:0 period:998] from screen [on:43243 period:315478] score=60
10-22 16:12:01.605  3957  4129 D WifiStateMachine:  L2ConnectedState !RSSI_PKTCNT_FETCH uid=1000 rt=590328189/1646303662 0 0 "ourhome" f4:6d:2f:12:cc:88 rssi=-45 f=5240 sc=60 link=433 tx=2.8, 0.0, 0.0  rx=7.2 bcn=480997 [on:0 tx:0 rx:0 period:1] from screen [on:43243 period:315479] score=60
10-22 16:12:01.606  3957  4129 D WifiStateMachine: fetchRssiLinkSpeedAndFrequencyNative rssi=-45 linkspeed=433 freq=5240
10-22 16:12:01.606  3957  4129 V WifiConfigManager: Updating scan detail cache freq=5240 BSSID=f4:6d:2f:12:cc:88 RSSI=-45 for "ourhome"WPA_PSK
10-22 16:12:01.621  2479  2548 D ScanRecord: Not a Multi Manu data
10-22 16:12:01.622  2479  2548 I chatty  : uid=1002(bluetooth) BT Service Call identical 11 lines
10-22 16:12:01.622  2479  2548 D ScanRecord: Not a Multi Manu data
10-22 16:12:01.632  2479  2548 D ScanRecord: same manuId data exists, combine both data and store
10-22 16:12:01.632  2479  2548 D ScanRecord: It's a Multi Manu data
10-22 16:12:01.633  2479  2548 I chatty  : uid=1002(bluetooth) BT Service Call identical 9 lines
10-22 16:12:01.633  2479  2548 D ScanRecord: It's a Multi Manu data
10-22 16:12:01.633  2479  2548 D ScanRecord: same manuId data exists, combine both data and store
10-22 16:12:01.633  2479  2548 D ScanRecord: same manuId data exists, combine both data and store
10-22 16:12:01.633  2479  2548 D ScanRecord: It's a Multi Manu data
10-22 16:12:01.633  2479  2548 D ScanFilter: manu data matches
10-22 16:12:01.633  2479  2548 D BtGatt.GattService: onScanResult to scannerId: 6- event_type=0x1b, address_type=1, address=59:4, primary_phy=1, secondary_phy=0, advertising_sid=0xff, tx_power=127, rssi=-85, periodic_adv_int=0x0
10-22 16:12:01.634 23612 28242 D ScanRecord: same manuId data exists, combine both data and store
10-22 16:12:01.654  2479  2548 D ScanRecord: Not a Multi Manu data
10-22 16:12:01.680  2479  2548 I chatty  : uid=1002(bluetooth) BT Service Call identical 37 lines
10-22 16:12:01.681  2479  2548 D ScanRecord: Not a Multi Manu data
10-22 16:12:01.694  1725  1833 I BatteryMgr:DataCollectionService: stats => 1697983921693,-262,4260,-299,0,100
10-22 16:12:01.697  2479  2548 D ScanRecord: Not a Multi Manu data
10-22 16:12:01.773  2479  2548 I chatty  : uid=1002(bluetooth) BT Service Call identical 102 lines
10-22 16:12:01.773  2479  2548 D ScanRecord: Not a Multi Manu data
10-22 16:12:01.805  1725  1833 I BatteryMgr:DataCollectionService: stats => 1697983921805,-262,4260,-299,0,100
10-22 16:12:01.823  2479  2548 D ScanRecord: Not a Multi Manu data
10-22 16:12:01.863  2479  2548 I chatty  : uid=1002(bluetooth) BT Service Call identical 50 lines
10-22 16:12:01.863  2479  2548 D ScanRecord: Not a Multi Manu data
10-22 16:12:01.920  1725  1833 I BatteryMgr:DataCollectionService: stats => 1697983921920,-262,4260,-299,0,100
10-22 16:12:02.000  3957  4128 D WifiService: getConnectionInfo uid=1000
10-22 16:12:02.033  1725  1833 I BatteryMgr:DataCollectionService: stats => 1697983922033,-262,4260,-299,0,100
10-22 16:12:02.146  1725  1833 I BatteryMgr:DataCollectionService: stats => 1697983922145,-262,4260,-299,0,100
10-22 16:12:02.256  1725  1833 I BatteryMgr:DataCollectionService: stats => 1697983922255,-262,4260,-299,0,100
10-22 16:12:02.365  3957  4030 D SensorService: [SO] 0.220 -0.153 9.969
10-22 16:12:02.371  1725  1833 I BatteryMgr:DataCollectionService: stats => 1697983922371,-262,4260,-299,0,100
10-22 16:12:02.493  1725  1833 I BatteryMgr:DataCollectionService: stats => 1697983922493,-262,4260,-299,0,100
10-22 16:12:02.609  3957  4129 D WifiStateMachine:  ConnectedState !RSSI_PKTCNT_FETCH uid=1000 rt=590329191/1646304663 0 0 "ourhome" f4:6d:2f:12:cc:88 rssi=-45 f=5240 sc=60 link=433 tx=2.8, 0.0, 0.0  rx=7.2 bcn=480997 [on:0 tx:0 rx:0 period:1004] from screen [on:43243 period:316483] score=60
10-22 16:12:02.613  1725  1833 I BatteryMgr:DataCollectionService: stats => 1697983922613,-262,4260,-299,0,100
10-22 16:12:02.613  3957  4129 D WifiStateMachine:  L2ConnectedState !RSSI_PKTCNT_FETCH uid=1000 rt=590329195/1646304667 0 0 "ourhome" f4:6d:2f:12:cc:88 rssi=-45 f=5240 sc=60 link=433 tx=2.8, 0.0, 0.0  rx=7.2 bcn=480997 [on:0 tx:0 rx:0 period:5] from screen [on:43243 period:316488] score=60
10-22 16:12:02.617  3957  4129 D WifiStateMachine: fetchRssiLinkSpeedAndFrequencyNative rssi=-45 linkspeed=433 freq=5240
10-22 16:12:02.618  3957  4129 V WifiConfigManager: Updating scan detail cache freq=5240 BSSID=f4:6d:2f:12:cc:88 RSSI=-45 for "ourhome"WPA_PSK
10-22 16:12:02.729  1725  1833 I BatteryMgr:DataCollectionService: stats => 1697983922729,-262,4260,-299,0,100
10-22 16:12:02.840  1725  1833 I BatteryMgr:DataCollectionService: stats => 1697983922840,-262,4260,-299,0,100
10-22 16:12:02.954  1725  1833 I BatteryMgr:DataCollectionService: stats => 1697983922954,-262,4260,-299,0,100
10-22 16:12:03.003  3957  4128 D WifiService: getConnectionInfo uid=1000
10-22 16:12:03.067  1725  1833 I BatteryMgr:DataCollectionService: stats => 1697983923066,-262,4260,-299,0,100
10-22 16:12:03.184  1725  1833 I BatteryMgr:DataCollectionService: stats => 1697983923184,-262,4260,-299,0,100
10-22 16:12:03.193  4961  4961 D io_stats: !@ 179,0 r 9296915 302990000 w 2081514 40911284 d 166280 36583152 f 630083 654903 iot 4272500 3691549 th 51200 0 0 pt 0 inp 0 0 590329.778
10-22 16:12:03.296  1725  1833 I BatteryMgr:DataCollectionService: stats => 1697983923296,-262,4260,-299,0,100
10-22 16:12:03.409  1725  1833 I BatteryMgr:DataCollectionService: stats => 1697983923409,-262,4260,-299,0,100
10-22 16:12:03.428  3957  4129 D WifiStateMachine:  ConnectedState !CMD_RSSI_POLL rt=590330011/1646305483 112 0 "ourhome" f4:6d:2f:12:cc:88 rssi=-45 f=5240 sc=60 link=433 tx=2.8, 0.0, 0.0  rx=7.2 bcn=480997 [on:0 tx:0 rx:0 period:815] from screen [on:43243 period:317303] score=60
10-22 16:12:03.430  3957  4129 D WifiStateMachine:  L2ConnectedState !CMD_RSSI_POLL rt=590330014/1646305487 112 0 "ourhome" f4:6d:2f:12:cc:88 rssi=-45 f=5240 sc=60 link=433 tx=2.8, 0.0, 0.0  rx=7.2 bcn=480997 [on:0 tx:0 rx:0 period:2] from screen [on:43243 period:317305] score=60
10-22 16:12:03.431  3957  4129 D WifiStateMachine:  get link layer stats 3
10-22 16:12:03.431  3436  3436 I android.hardware.wifi@1.0-service: getLinkLayerStats
10-22 16:12:03.440  3957  4129 D WifiStateMachine: fetchRssiLinkSpeedAndFrequencyNative rssi=-45 linkspeed=433 freq=5240
10-22 16:12:03.440  3957  4129 V WifiConfigManager: Updating scan detail cache freq=5240 BSSID=f4:6d:2f:12:cc:88 RSSI=-45 for "ourhome"WPA_PSK
10-22 16:12:03.447  4340  4340 E SignalClusterView: setSlotFocusVisible : subId -2
10-22 16:12:03.447  4340  4340 E SignalClusterView: setSlotFocusVisible : subId -2
10-22 16:12:03.523  1725  1833 I BatteryMgr:DataCollectionService: stats => 1697983923523,-262,4260,-299,0,100
10-22 16:12:03.608  3957  4129 D WifiStateMachine:  ConnectedState !RSSI_PKTCNT_FETCH uid=1000 rt=590330191/1646305663 0 0 "ourhome" f4:6d:2f:12:cc:88 rssi=-45 f=5240 sc=60 link=433 tx=1.0, 0.0, 0.0  rx=2.6 bcn=481024 [on:0 tx:0 rx:0 period:164] from screen [on:43333 period:317483] score=60
10-22 16:12:03.610  3957  4129 D WifiStateMachine:  L2ConnectedState !RSSI_PKTCNT_FETCH uid=1000 rt=590330194/1646305666 0 0 "ourhome" f4:6d:2f:12:cc:88 rssi=-45 f=5240 sc=60 link=433 tx=1.0, 0.0, 0.0  rx=2.6 bcn=481024 [on:0 tx:0 rx:0 period:2] from screen [on:43333 period:317485] score=60
10-22 16:12:03.617  3957  4129 D WifiStateMachine: fetchRssiLinkSpeedAndFrequencyNative rssi=-45 linkspeed=433 freq=5240
10-22 16:12:03.617  3957  4129 V WifiConfigManager: Updating scan detail cache freq=5240 BSSID=f4:6d:2f:12:cc:88 RSSI=-45 for "ourhome"WPA_PSK
10-22 16:12:03.635  1725  1833 I BatteryMgr:DataCollectionService: stats => 1697983923635,-262,4260,-299,0,100
10-22 16:12:03.747  1725  1833 I BatteryMgr:DataCollectionService: stats => 1697983923747,-262,4260,-299,0,100
10-22 16:12:03.858  1725  1833 I BatteryMgr:DataCollectionService: stats => 1697983923858,-262,4260,-299,0,100
10-22 16:12:03.979  1725  1833 I BatteryMgr:DataCollectionService: stats => 1697983923979,-262,4260,-299,0,100
10-22 16:12:04.004  3957  4128 D WifiService: getConnectionInfo uid=1000
10-22 16:12:04.092  1725  1833 I BatteryMgr:DataCollectionService: stats => 1697983924092,-262,4260,-299,0,100
10-22 16:12:04.215  1725  1833 I BatteryMgr:DataCollectionService: stats => 1697983924215,-262,4260,-299,0,100
10-22 16:12:04.336  1725  1833 I BatteryMgr:DataCollectionService: stats => 1697983924336,-262,4260,-299,0,100
10-22 16:12:04.449  1725  1833 I BatteryMgr:DataCollectionService: stats => 1697983924449,-262,4260,-299,0,100
10-22 16:12:04.565  1725  1833 I BatteryMgr:DataCollectionService: stats => 1697983924564,-262,4260,-299,0,100
10-22 16:12:04.608  3957  4129 D WifiStateMachine:  ConnectedState !RSSI_PKTCNT_FETCH uid=1000 rt=590331192/1646306664 0 0 "ourhome" f4:6d:2f:12:cc:88 rssi=-45 f=5240 sc=60 link=433 tx=1.0, 0.0, 0.0  rx=2.6 bcn=481024 [on:0 tx:0 rx:0 period:997] from screen [on:43333 period:318482] score=60
10-22 16:12:04.610  3957  4129 D WifiStateMachine:  L2ConnectedState !RSSI_PKTCNT_FETCH uid=1000 rt=590331193/1646306666 0 0 "ourhome" f4:6d:2f:12:cc:88 rssi=-45 f=5240 sc=60 link=433 tx=1.0, 0.0, 0.0  rx=2.6 bcn=481024 [on:0 tx:0 rx:0 period:2] from screen [on:43333 period:318484] score=60
10-22 16:12:04.617  3957  4129 D WifiStateMachine: fetchRssiLinkSpeedAndFrequencyNative rssi=-45 linkspeed=433 freq=5240
10-22 16:12:04.617  3957  4129 V WifiConfigManager: Updating scan detail cache freq=5240 BSSID=f4:6d:2f:12:cc:88 RSSI=-45 for "ourhome"WPA_PSK
10-22 16:12:04.678  1725  1833 I BatteryMgr:DataCollectionService: stats => 1697983924678,-262,4260,-299,0,100
10-22 16:12:04.789  1725  1833 I BatteryMgr:DataCollectionService: stats => 1697983924789,-262,4260,-299,0,100
10-22 16:12:04.901  1725  1833 I BatteryMgr:DataCollectionService: stats => 1697983924901,-262,4260,-299,0,100
10-22 16:12:05.006  3957  4128 D WifiService: getConnectionInfo uid=1000
