10-22 16:25:41.430  3447  3447 I SurfaceFlinger: ------------+--------------+------+-----------+----------------------------+---------------------+------
10-22 16:25:41.430  3447  3447 I SurfaceFlinger:      Client |              | 0000 |  Unknown  |  -0.2   -0.2   -0.8   -0.8 |    0    0  720 1280 | animation background stackId=1#0
10-22 16:25:41.430  3447  3447 I SurfaceFlinger:      Client | 0x7ea5024480 | 0002 | RGBA_8888 |   0.0    0.0  720.0 1280.0 |    0    0  720 1279 | com.example.batterymanager_utility/c[...]atterymanager_utility.MainActivity#0
10-22 16:25:41.430  3447  3447 I SurfaceFlinger:      Device | 0x7e9ed39e80 | 0000 | RGBA_8888 |   0.0    0.0  720.0   42.0 |    0    0  720   42 | StatusBar#0
10-22 16:25:41.430  3447  3447 I SurfaceFlinger: 
10-22 16:25:41.434  2948  2948 D ViewRootImpl@4470b6[MainActivity]: Relayout returned: old=[0,0][720,1280] new=[0,0][720,1280] result=0x5 surface={valid=false 0} changed=true
10-22 16:25:41.439  4340 16318 D SystemServicesProxy: updateOverviewLastStackActiveTimeAsync: newTime=1697984741306
10-22 16:25:41.440  3957  4602 D SecContentProvider: query(), uri = 17 selection = isSettingsChangesAllowed
10-22 16:25:41.441  3957  4602 D SecContentProvider: called from android.uid.systemui:10009
10-22 16:25:41.441  4340  4692 D SystemServicesProxy: updateOverviewLastStackActiveTimeAsync: done.
10-22 16:25:41.442  3957  4602 D PackageManager: getComponentMetadataForIconTray : com.example.batterymanager_utility.MainActivity does not exist in mServices
10-22 16:25:41.442  3957  4602 D PackageManager: getComponentMetadataForIconTray : com.example.batterymanager_utility.MainActivity does not exist in mProviders
10-22 16:25:41.443  3957  4602 D PackageManager: getComponentMetadataForIconTray : com.example.batterymanager_utility.MainActivity does not exist in mReceivers
10-22 16:25:41.443  4340 16318 D ApplicationPackageManager: updateItemMetaDataForFixedIconScale: package: com.example.batterymanager_utility
10-22 16:25:41.443  3957  4602 D PackageManager: getSelectedMetaData : packageName(com.example.batterymanager_utility) or Metadata strings {[Ljava.lang.String;@b46894a}
10-22 16:25:41.444  2479  2548 D ScanRecord: Not a Multi Manu data
10-22 16:25:41.444  2479  2548 I chatty  : uid=1002(bluetooth) BT Service Call identical 9 lines
10-22 16:25:41.444  2479  2548 D ScanRecord: Not a Multi Manu data
10-22 16:25:41.444  4340 16318 I ApplicationPackageManager: load=com.example.batterymanager_utility, bg=144-144, dr=189-189, forDefault=true, density=0
10-22 16:25:41.444  2479  2548 D ScanRecord: Not a Multi Manu data
10-22 16:25:41.444  2479  2548 D ScanRecord: Not a Multi Manu data
10-22 16:25:41.446  4340 16318 I ApplicationPackageManager: scaled rate=0.72, size=189, alpha=54, hold=102
10-22 16:25:41.447  4340 16318 D ApplicationPackageManager: iconScale: getScale(): 0.72 getAlpha(): 54
10-22 16:25:41.448  2479  2548 D ScanRecord: Not a Multi Manu data
10-22 16:25:41.448  2479  2548 I chatty  : uid=1002(bluetooth) BT Service Call identical 11 lines
10-22 16:25:41.448  4340 16318 I ApplicationPackageManager: load=com.example.batterymanager_utility-contain, bg=112-112, dr=189-189
10-22 16:25:41.448  2479  2548 D ScanRecord: Not a Multi Manu data
10-22 16:25:41.455  2479  2548 D ScanRecord: Not a Multi Manu data
10-22 16:25:41.496  2479  2548 I chatty  : uid=1002(bluetooth) BT Service Call identical 102 lines
10-22 16:25:41.496  2479  2548 D ScanRecord: Not a Multi Manu data
10-22 16:25:41.496  2992  2992 I FirebaseApp: Device unlocked: initializing all Firebase APIs for app [DEFAULT]
10-22 16:25:41.499  2479  2548 D ScanRecord: Not a Multi Manu data
10-22 16:25:41.501  2479  2548 I chatty  : uid=1002(bluetooth) BT Service Call identical 24 lines
10-22 16:25:41.501  2479  2548 D ScanRecord: Not a Multi Manu data
10-22 16:25:41.505  3957  4089 D MdnieScenarioControlService:  packageName : org.mozilla.fenix    className : org.mozilla.fenix.App
10-22 16:25:41.506  3957  4089 V MdnieScenarioControlService: setUIMode from UI function(3)
10-22 16:25:41.506  2992  2992 I FirebaseInitProvider: FirebaseApp initialization successful
10-22 16:25:41.509  2479  2548 D ScanRecord: same manuId data exists, combine both data and store
10-22 16:25:41.509  2479  2548 D ScanRecord: It's a Multi Manu data
10-22 16:25:41.509  2479  2548 I chatty  : uid=1002(bluetooth) BT Service Call identical 9 lines
10-22 16:25:41.509  2479  2548 D ScanRecord: It's a Multi Manu data
10-22 16:25:41.509  2479  2548 D ScanRecord: same manuId data exists, combine both data and store
10-22 16:25:41.510  2479  2548 D ScanRecord: same manuId data exists, combine both data and store
10-22 16:25:41.510  2479  2548 D ScanRecord: It's a Multi Manu data
10-22 16:25:41.510  2479  2548 D ScanFilter: manu data matches
10-22 16:25:41.510  2479  2548 D BtGatt.GattService: onScanResult to scannerId: 6- event_type=0x1b, address_type=1, address=10:7, primary_phy=1, secondary_phy=0, advertising_sid=0xff, tx_power=127, rssi=-76, periodic_adv_int=0x0
10-22 16:25:41.510 23612 28242 D ScanRecord: same manuId data exists, combine both data and store
10-22 16:25:41.516  2479  2548 D ScanRecord: Not a Multi Manu data
10-22 16:25:41.634  2479  2548 I chatty  : uid=1002(bluetooth) BT Service Call identical 154 lines
10-22 16:25:41.634  2479  2548 D ScanRecord: Not a Multi Manu data
10-22 16:25:41.635  3447  3447 I SurfaceFlinger: Display 0 HWC layers:
10-22 16:25:41.635  3447  3447 I SurfaceFlinger:     type    |    handle    | flag |  format   |   source crop (l,t,r,b)    |         frame       | name 
10-22 16:25:41.635  3447  3447 I SurfaceFlinger: ------------+--------------+------+-----------+----------------------------+---------------------+------
10-22 16:25:41.635  3447  3447 I SurfaceFlinger:      Client |              | 0000 |  Unknown  |  -0.2   -0.2   -0.8   -0.8 |    0    0  720 1280 | animation background stackId=1#0
10-22 16:25:41.635  3447  3447 I SurfaceFlinger:      Client | 0x7ea5024480 | 0002 | RGBA_8888 |   0.0    0.0  720.0 1280.0 |   16   29  703 1251 | com.example.batterymanager_utility/c[...]atterymanager_utility.MainActivity#0
10-22 16:25:41.635  3447  3447 I SurfaceFlinger:      Client | 0x7e9ec23040 | 0000 | RGBA_8888 |   0.0    0.0  720.0 1022.0 |   17  305  704 1280 | Splash Screen org.mozilla.fenix#0
10-22 16:25:41.635  3447  3447 I SurfaceFlinger:      Client | 0x7e9ed39e80 | 0000 | RGBA_8888 |   0.0    0.0  720.0   42.0 |    0    0  720   42 | StatusBar#0
10-22 16:25:41.635  3447  3447 I SurfaceFlinger: 
10-22 16:25:41.639  2479  2548 D ScanRecord: Not a Multi Manu data
10-22 16:25:41.691  2479  2548 I chatty  : uid=1002(bluetooth) BT Service Call identical 115 lines
10-22 16:25:41.691  2479  2548 D ScanRecord: Not a Multi Manu data
10-22 16:25:41.693  2992  3019 W linker  : "/data/app/org.mozilla.fenix-iWpGOrf8cry6RDpwHyQugA==/lib/arm64/libxul.so" unused DT entry: type 0x8000024 arg 0x539420
10-22 16:25:41.693  2992  3019 W linker  : "/data/app/org.mozilla.fenix-iWpGOrf8cry6RDpwHyQugA==/lib/arm64/libxul.so" unused DT entry: type 0x8000023 arg 0x17d68
10-22 16:25:41.693  2992  3019 W linker  : "/data/app/org.mozilla.fenix-iWpGOrf8cry6RDpwHyQugA==/lib/arm64/libxul.so" unused DT entry: type 0x8000025 arg 0x8
10-22 16:25:41.695  2992  3019 W linker  : "/data/app/org.mozilla.fenix-iWpGOrf8cry6RDpwHyQugA==/lib/arm64/libnss3.so" unused DT entry: type 0x8000024 arg 0x14998
10-22 16:25:41.695  2992  3019 W linker  : "/data/app/org.mozilla.fenix-iWpGOrf8cry6RDpwHyQugA==/lib/arm64/libnss3.so" unused DT entry: type 0x8000023 arg 0x5c8
10-22 16:25:41.695  2992  3019 W linker  : "/data/app/org.mozilla.fenix-iWpGOrf8cry6RDpwHyQugA==/lib/arm64/libnss3.so" unused DT entry: type 0x8000025 arg 0x8
10-22 16:25:41.695  2992  3019 W linker  : "/data/app/org.mozilla.fenix-iWpGOrf8cry6RDpwHyQugA==/lib/arm64/libmozglue.so" unused DT entry: type 0x8000024 arg 0x38f70
10-22 16:25:41.695  2992  3019 W linker  : "/data/app/org.mozilla.fenix-iWpGOrf8cry6RDpwHyQugA==/lib/arm64/libmozglue.so" unused DT entry: type 0x8000023 arg 0x1f8
10-22 16:25:41.695  2992  3019 W linker  : "/data/app/org.mozilla.fenix-iWpGOrf8cry6RDpwHyQugA==/lib/arm64/libmozglue.so" unused DT entry: type 0x8000025 arg 0x8
10-22 16:25:41.696  2992  3019 W linker  : "/data/app/org.mozilla.fenix-iWpGOrf8cry6RDpwHyQugA==/lib/arm64/libmozglue.so" unused DT entry: type 0x8000024 arg 0x38f70
10-22 16:25:41.696  2992  3019 W linker  : "/data/app/org.mozilla.fenix-iWpGOrf8cry6RDpwHyQugA==/lib/arm64/libmozglue.so" unused DT entry: type 0x8000023 arg 0x1f8
10-22 16:25:41.696  2992  3019 W linker  : "/data/app/org.mozilla.fenix-iWpGOrf8cry6RDpwHyQugA==/lib/arm64/libmozglue.so" unused DT entry: type 0x8000025 arg 0x8
10-22 16:25:41.696  2992  3019 W linker  : "/data/app/org.mozilla.fenix-iWpGOrf8cry6RDpwHyQugA==/lib/arm64/libmozglue.so" unused DT entry: type 0x8000024 arg 0x38f70
10-22 16:25:41.696  2992  3019 W linker  : "/data/app/org.mozilla.fenix-iWpGOrf8cry6RDpwHyQugA==/lib/arm64/libmozglue.so" unused DT entry: type 0x8000023 arg 0x1f8
10-22 16:25:41.696  2992  3019 W linker  : "/data/app/org.mozilla.fenix-iWpGOrf8cry6RDpwHyQugA==/lib/arm64/libmozglue.so" unused DT entry: type 0x8000025 arg 0x8
10-22 16:25:41.696  2992  3019 W linker  : "/data/app/org.mozilla.fenix-iWpGOrf8cry6RDpwHyQugA==/lib/arm64/libmozglue.so" unused DT entry: type 0x8000024 arg 0x38f70
10-22 16:25:41.696  2992  3019 W linker  : "/data/app/org.mozilla.fenix-iWpGOrf8cry6RDpwHyQugA==/lib/arm64/libmozglue.so" unused DT entry: type 0x8000023 arg 0x1f8
10-22 16:25:41.696  2992  3019 W linker  : "/data/app/org.mozilla.fenix-iWpGOrf8cry6RDpwHyQugA==/lib/arm64/libmozglue.so" unused DT entry: type 0x8000025 arg 0x8
10-22 16:25:41.703  2479  2548 D ScanRecord: Not a Multi Manu data
10-22 16:25:41.792  2479  2548 I chatty  : uid=1002(bluetooth) BT Service Call identical 115 lines
10-22 16:25:41.792  2479  2548 D ScanRecord: Not a Multi Manu data
10-22 16:25:41.794  3957  4129 D WifiStateMachine:  ConnectedState !RSSI_PKTCNT_FETCH uid=1000 rt=591148378/1647123850 0 0 "ourhome" f4:6d:2f:12:cc:88 rssi=-46 f=5240 sc=60 link=433 tx=0.7, 0.0, 0.0  rx=1.4 bcn=488557 [on:0 tx:0 rx:0 period:997] from screen [on:135153 period:1135668] score=60
10-22 16:25:41.798  3957  4129 D WifiStateMachine:  L2ConnectedState !RSSI_PKTCNT_FETCH uid=1000 rt=591148380/1647123853 0 0 "ourhome" f4:6d:2f:12:cc:88 rssi=-46 f=5240 sc=60 link=433 tx=0.7, 0.0, 0.0  rx=1.4 bcn=488557 [on:0 tx:0 rx:0 period:5] from screen [on:135153 period:1135673] score=60
10-22 16:25:41.799  2479  2548 D ScanRecord: Not a Multi Manu data
10-22 16:25:41.800  2479  2548 I chatty  : uid=1002(bluetooth) BT Service Call identical 11 lines
10-22 16:25:41.800  2479  2548 D ScanRecord: Not a Multi Manu data
10-22 16:25:41.800  3957  4129 D WifiStateMachine: fetchRssiLinkSpeedAndFrequencyNative rssi=-45 linkspeed=433 freq=5240
10-22 16:25:41.800  3957  4129 V WifiConfigManager: Updating scan detail cache freq=5240 BSSID=f4:6d:2f:12:cc:88 RSSI=-45 for "ourhome"WPA_PSK
10-22 16:25:41.808  2479  2548 D ScanRecord: Not a Multi Manu data
10-22 16:25:41.816  2479  2548 I chatty  : uid=1002(bluetooth) BT Service Call identical 24 lines
10-22 16:25:41.816  2479  2548 D ScanRecord: Not a Multi Manu data
10-22 16:25:41.831  2992  3019 I nimbus::stateful::nimbus_client: updating experiment list
10-22 16:25:41.835  2992  3019 I nimbus::stateful::persistence: Already at version 2, no upgrade needed
10-22 16:25:41.837  2992  3019 I nimbus::stateful::nimbus_client: [Nimbus] Retrieved date from Context: 2023-09-28 18:32:20 UTC
10-22 16:25:41.837  2992  3019 I nimbus::stateful::nimbus_client: [Nimbus] Installation Date: 2023-09-28 18:32:20 UTC
10-22 16:25:41.838  2992  3019 I nimbus::stateful::nimbus_client: [Nimbus] Update Date: 2023-09-28 18:32:25.568136298 UTC
10-22 16:25:41.838  2992  3019 I nimbus::stateful::nimbus_client: [Nimbus] Days since install: 23
10-22 16:25:41.838  2992  3019 I nimbus::stateful::nimbus_client: [Nimbus] Days since update: 23
10-22 16:25:41.840  2479  2548 D ScanRecord: Not a Multi Manu data
10-22 16:25:41.840  2479  2548 I chatty  : uid=1002(bluetooth) BT Service Call identical 11 lines
10-22 16:25:41.840  2479  2548 D ScanRecord: Not a Multi Manu data
10-22 16:25:41.845  3957  4128 D WifiService: getConnectionInfo uid=1000
10-22 16:25:41.851  2479  2548 D ScanRecord: Not a Multi Manu data
10-22 16:25:41.871  2479  2548 I chatty  : uid=1002(bluetooth) BT Service Call identical 89 lines
10-22 16:25:41.871  2479  2548 D ScanRecord: Not a Multi Manu data
10-22 16:25:41.873  2992  3022 I GeckoThread: preparing to run Gecko
10-22 16:25:41.875  2479  2548 D ScanRecord: Not a Multi Manu data
10-22 16:25:41.876  2479  2548 I chatty  : uid=1002(bluetooth) BT Service Call identical 11 lines
10-22 16:25:41.876  2479  2548 D ScanRecord: Not a Multi Manu data
10-22 16:25:41.878  3957  8661 W StorageManager: getStorageLowBytes lowPercent : 5, lowBytes : 1260145254, maxLowBytes : 524288000
10-22 16:25:41.880  3957  8661 I chatty  : uid=1000(system) Binder:3957_14 identical 1 line
10-22 16:25:41.883  3957  8661 W StorageManager: getStorageLowBytes lowPercent : 5, lowBytes : 1260145254, maxLowBytes : 524288000
10-22 16:25:41.890  2479  2548 D ScanRecord: same manuId data exists, combine both data and store
10-22 16:25:41.890  2479  2548 D ScanRecord: It's a Multi Manu data
10-22 16:25:41.890  2479  2548 I chatty  : uid=1002(bluetooth) BT Service Call identical 9 lines
10-22 16:25:41.890  2479  2548 D ScanRecord: It's a Multi Manu data
10-22 16:25:41.890  2479  2548 D ScanRecord: same manuId data exists, combine both data and store
10-22 16:25:41.891  2479  2548 D ScanRecord: same manuId data exists, combine both data and store
10-22 16:25:41.891  2479  2548 D ScanRecord: It's a Multi Manu data
10-22 16:25:41.891  2479  2548 D ScanFilter: manu data matches
10-22 16:25:41.891  2479  2548 D BtGatt.GattService: onScanResult to scannerId: 6- event_type=0x1b, address_type=1, address=10:7, primary_phy=1, secondary_phy=0, advertising_sid=0xff, tx_power=127, rssi=-77, periodic_adv_int=0x0
10-22 16:25:41.892 23612 28242 D ScanRecord: same manuId data exists, combine both data and store
10-22 16:25:41.896  2479  2548 D ScanRecord: Not a Multi Manu data
10-22 16:25:41.897  2479  2548 I chatty  : uid=1002(bluetooth) BT Service Call identical 10 lines
10-22 16:25:41.897  2479  2548 D ScanRecord: Not a Multi Manu data
10-22 16:25:41.897  2992  3022 I GeckoLoader: Library base=/data/app/org.mozilla.fenix-iWpGOrf8cry6RDpwHyQugA==/lib/arm64
10-22 16:25:41.897  2479  2548 D ScanRecord: Not a Multi Manu data
10-22 16:25:41.899  2479  2548 I chatty  : uid=1002(bluetooth) BT Service Call identical 12 lines
10-22 16:25:41.899  2479  2548 D ScanRecord: Not a Multi Manu data
10-22 16:25:41.899  2992  3025 I libglean_ffi: glean_core::core: Creating new Glean v54.0.0
10-22 16:25:41.903  2992  3022 W Settings: Setting animator_duration_scale has moved from android.provider.Settings.System to android.provider.Settings.Global, returning read-only global URI.
10-22 16:25:41.905  2992  3025 I libglean_ffi: glean_core::database: Database initialized
10-22 16:25:41.907  2992  3022 I GeckoLoader: Library base=/data/app/org.mozilla.fenix-iWpGOrf8cry6RDpwHyQugA==/lib/arm64
10-22 16:25:41.909  2992  3022 E GeckoLibLoad: Load sqlite start
10-22 16:25:41.910  2992  3022 E GeckoLibLoad: Load sqlite done
10-22 16:25:41.910  2992  3022 I GeckoLoader: Library base=/data/app/org.mozilla.fenix-iWpGOrf8cry6RDpwHyQugA==/lib/arm64
10-22 16:25:41.911  2992  3022 E GeckoLibLoad: Load nss start
10-22 16:25:41.911  2992  3022 E GeckoLibLoad: Load nss done
10-22 16:25:41.911  2992  3022 I GeckoLoader: Library base=/data/app/org.mozilla.fenix-iWpGOrf8cry6RDpwHyQugA==/lib/arm64
10-22 16:25:41.912  3957  4025 I WindowManager: Destroying surface Surface(name=com.example.batterymanager_utility/com.example.batterymanager_utility.MainActivity) called by com.android.server.wm.WindowStateAnimator.destroySurface:2501 com.android.server.wm.WindowStateAnimator.destroySurfaceLocked:985 com.android.server.wm.WindowState.destroyOrSaveSurfaceUnchecked:3670 com.android.server.wm.WindowState.destroySurface:3618 com.android.server.wm.AppWindowToken.destroySurfaces:722 com.android.server.wm.AppWindowToken.destroySurfaces:706 com.android.server.wm.WindowState.onExitAnimationDone:5316 com.android.server.wm.WindowStateAnimator.stepAnimationLocked:550 
10-22 16:25:41.912  2992  3025 I libglean_ffi: glean_core: Glean initialized
10-22 16:25:41.912  3447  4088 I SurfaceFlinger: id=3143 Removed com.example.batterymanager_utility/com.example.batterymanager_utility.MainActivity#0 (2/5)
10-22 16:25:41.913  2992  3022 E GeckoLibLoad: Loaded libs in 2.040808ms total, 0ms(4ms) user, 0ms(4ms) system, 1(2) faults
10-22 16:25:41.914  2992  3025 I libglean_ffi: glean_core::event_database: Loading events for background-update
10-22 16:25:41.915  2992  3022 W GeckoThread: zerdatime 1647123973 - runGecko
10-22 16:25:41.916  3447  3489 I SurfaceFlinger: id=3143 Removed com.example.batterymanager_utility/com.example.batterymanager_utility.MainActivity#0 (-2/5)
10-22 16:25:41.920  2992  3025 I libglean_ffi: glean_core::event_database: Loading events for events
10-22 16:25:41.923  2992  3025 I libglean_ffi: glean_core::ping: Collecting events
10-22 16:25:41.927  3447  3447 I Layer   : id=3143 onRemoved com.example.batterymanager_utility/com.example.batterymanager_utility.MainActivity#0 
10-22 16:25:41.929  3599  3918 D DnsProxyListener: DNSDBG::dns by name af 2
10-22 16:25:41.930  3447  3447 I SurfaceFlinger: Display 0 HWC layers:
10-22 16:25:41.930  3447  3447 I SurfaceFlinger:     type    |    handle    | flag |  format   |   source crop (l,t,r,b)    |         frame       | name 
10-22 16:25:41.930  3447  3447 I SurfaceFlinger: ------------+--------------+------+-----------+----------------------------+---------------------+------
10-22 16:25:41.930  3447  3447 I SurfaceFlinger:      Device | 0x7e9ec23040 | 0000 | RGBA_8888 |   0.0    0.0  720.0 1280.0 |    0    0  720 1280 | Splash Screen org.mozilla.fenix#0
10-22 16:25:41.930  3447  3447 I SurfaceFlinger:      Device | 0x7e9ed39e80 | 0000 | RGBA_8888 |   0.0    0.0  720.0   42.0 |    0    0  720   42 | StatusBar#0
10-22 16:25:41.930  3447  3447 I SurfaceFlinger: 
10-22 16:25:41.940  2992  3025 I libglean_ffi: glean_core::upload::directory: Processing ping at: /data/user/0/org.mozilla.fenix/glean_data/pending_pings/bbd12cc1-1885-46b7-b836-6363440f8bb8
10-22 16:25:41.941  2992  3025 I libglean_ffi: glean_core::metrics::ping: The ping 'events' was submitted and will be sent as soon as possible
10-22 16:25:41.948  3957  4602 D PackageManager: setEnabledSetting : userId = 0 packageName = org.mozilla.fenix cmp = androidx.work.impl.background.systemjob.SystemJobService newState = 1 callingPackage = 10169/org.mozilla.fenix
10-22 16:25:41.970  2992  3022 I Gecko:DumpUtils: Fifo watcher disabled via pref.
10-22 16:25:41.977  2992  3025 I glean/MetricsPingSched: The 'metrics' ping was already sent today, 1697984741966.
10-22 16:25:41.993  2992  3025 I libglean_ffi: glean_core::ping: Collecting baseline
10-22 16:25:42.010  2992  3025 I libglean_ffi: glean_core::upload::directory: Processing ping at: /data/user/0/org.mozilla.fenix/glean_data/pending_pings/16911432-5c6c-4eee-831e-2efeb9945c25
10-22 16:25:42.020  2992  3025 I libglean_ffi: glean_core::metrics::ping: The ping 'baseline' was submitted and will be sent as soon as possible
10-22 16:25:42.027  2992  2992 I FenixApplication: AutoPushFeature is configured, initializing it...
10-22 16:25:42.028  2992  2992 I AbstractFirebasePushService: start
10-22 16:25:42.034  3957  4324 I OpenGLRenderer: Initialized EGL, version 1.4
10-22 16:25:42.034  3957  4324 D OpenGLRenderer: Swap behavior 2
10-22 16:25:42.055  2992  3021 I libglean_ffi: glean_core::ping: Collecting pageload
10-22 16:25:42.057  2992  3021 I libglean_ffi: glean_core::ping: Storage for pageload empty. Bailing out.
10-22 16:25:42.057  2992  3021 I libglean_ffi: glean_core::metrics::ping: No content for ping 'pageload', therefore no ping queued.
10-22 16:25:42.079  2992  3021 I libglean_ffi: glean_core::core: Upload enabled: true
10-22 16:25:42.098  3957  8661 D StorageManagerService: getExternalStorageMountMode : 1
10-22 16:25:42.099  3957  8661 D StorageManagerService: getExternalStorageMountMode : 3
10-22 16:25:42.099  3957  8661 D StorageManagerService: getExternalStorageMountMode : final mountMode=1, uid : 10169, packageName : org.mozilla.fenix
10-22 16:25:42.099  3957  8661 I ApplicationPolicy: isApplicationExternalStorageWhitelisted:org.mozilla.fenix user:0
10-22 16:25:42.099  3957  8661 D ApplicationPolicy: isApplicationExternalStorageWhitelisted: DO is not enabled on user 0. Allowed.
10-22 16:25:42.099  3957  8661 D ActivityManager: package  org.mozilla.fenix, user - 0 is SDcard whitelisted
10-22 16:25:42.099  3957  8661 I ApplicationPolicy: isApplicationExternalStorageBlacklisted:org.mozilla.fenix user:0
10-22 16:25:42.099  3957  8661 D ApplicationPolicy: isApplicationExternalStorageBlacklisted: DO is not enabled on user 0. Allowed.
10-22 16:25:42.104  2992  3003 I zygote64: Background concurrent copying GC freed 18456(1082KB) AllocSpace objects, 19(492KB) LOS objects, 49% free, 2MB/5MB, paused 2.974ms total 101.349ms
10-22 16:25:42.112  2992  3065 I push::internal::communications::rate_limiter: No need to reset inner timestamp and count for verify_connection.
10-22 16:25:42.123  3073  3073 E Zygote  : isWhitelistProcess - Process is Whitelisted
10-22 16:25:42.123  3957  8661 I ActivityManager: Start proc 3073:org.mozilla.fenix:tab35/u0a169 for service org.mozilla.fenix/org.mozilla.gecko.process.GeckoChildProcessServices$tab35
10-22 16:25:42.124  3073  3073 E libpersona: scanKnoxPersonas
10-22 16:25:42.124  3073  3073 E libpersona: Couldn't open the File - /data/system/users/0/personalist.xml - No such file or directory
10-22 16:25:42.126  3073  3073 W SELinux : SELinux selinux_android_compute_policy_index : Policy Index[2],  Con:u:r:zygote:s0 RAM:SEPF_SM-J720F_8.0.0_0002, [-1 -1 -1 -1 0 1]
10-22 16:25:42.126  3073  3073 I SELinux : SELinux: seapp_context_lookup: seinfo=untrusted, level=s0:c512,c768, pkgname=org.mozilla.fenix:tab35 
10-22 16:25:42.128  3957  4602 D ConnectivityService: filterNetworkStateForUid() uid: 10169 networkInfo: [type: WIFI[] - WIFI, state: CONNECTED/CONNECTED, reason: (unspecified), extra: "ourhome", failover: false, available: true, roaming: false, metered: false]
10-22 16:25:42.128  3957  4602 D WifiService: getConnectionInfo uid=1000
10-22 16:25:42.131  2992  3065 I push::internal::communications::rate_limiter: Not allowed: count(30) > 1 for verify_connection.
10-22 16:25:42.132  2992  3065 I AutoPushFeature: No change to subscriptions. Doing nothing.
10-22 16:25:42.145  3957  8324 D PackageManager: setEnabledSetting : userId = 0 packageName = org.mozilla.fenix cmp = androidx.work.impl.background.systemalarm.RescheduleReceiver newState = 1 callingPackage = 10169/org.mozilla.fenix
10-22 16:25:42.157  3073  3073 D TimaKeyStoreProvider: TimaKeyStore is not enabled: cannot add TimaSignature Service and generateKeyPair Service
10-22 16:25:42.157  3073  3073 D ActivityThread: Added TimaKeyStore provider
10-22 16:25:42.160  3957  8324 D ConnectivityService: filterNetworkStateForUid() uid: 10169 networkInfo: [type: WIFI[] - WIFI, state: CONNECTED/CONNECTED, reason: (unspecified), extra: "ourhome", failover: false, available: true, roaming: false, metered: false]
10-22 16:25:42.161  3957  8324 D WifiService: getConnectionInfo uid=1000
10-22 16:25:42.161  3957  9502 I ActivityManager: DSS on for org.mozilla.fenix and scale is 1.0
10-22 16:25:42.172  3957  9502 D ConnectivityService: filterNetworkStateForUid() uid: 10169 networkInfo: [type: WIFI[] - WIFI, state: CONNECTED/CONNECTED, reason: (unspecified), extra: "ourhome", failover: false, available: true, roaming: false, metered: false]
10-22 16:25:42.172  3957  9502 D WifiService: getConnectionInfo uid=1000
10-22 16:25:42.175  3957  9502 D ConnectivityService: filterNetworkStateForUid() uid: 10169 networkInfo: [type: WIFI[] - WIFI, state: CONNECTED/CONNECTED, reason: (unspecified), extra: "ourhome", failover: false, available: true, roaming: false, metered: false]
10-22 16:25:42.175  3957  9502 D WifiService: getConnectionInfo uid=1000
10-22 16:25:42.176  2992  3080 D ConnectivityManager: requestNetwork; CallingUid : 10169, CallingPid : 2992
10-22 16:25:42.179  3957  9502 D ConnectivityService: requestNetwork for uid/pid:10169/2992 NetworkRequest [ TRACK_DEFAULT id=2088, [ Capabilities: INTERNET&NOT_RESTRICTED&TRUSTED&NOT_VPN] ]
10-22 16:25:42.179  3957  4157 D ConnectivityService: rematching NetworkAgentInfo [WIFI () - 509]
10-22 16:25:42.180  3957  4157 D ConnectivityService:  network has: [ Transports: WIFI Capabilities: NOT_METERED&INTERNET&NOT_RESTRICTED&TRUSTED&NOT_VPN&VALIDATED&FOREGROUND LinkUpBandwidth>=1048576Kbps LinkDnBandwidth>=1048576Kbps SignalStrength: -45]
10-22 16:25:42.180  3957  4157 D ConnectivityService: Network NetworkAgentInfo [WIFI () - 509] was already satisfying request 1. No change.
10-22 16:25:42.180  3957  4157 D ConnectivityService: Network NetworkAgentInfo [WIFI () - 509] was already satisfying request 3. No change.
10-22 16:25:42.180  3957  4157 D ConnectivityService: Network NetworkAgentInfo [WIFI () - 509] was already satisfying request 2025. No change.
10-22 16:25:42.180  3957  4157 D ConnectivityService:   checking if request is satisfied: NetworkRequest [ TRACK_DEFAULT id=2088, [ Capabilities: INTERNET&NOT_RESTRICTED&TRUSTED&NOT_VPN] ]
10-22 16:25:42.180  3957  4157 D ConnectivityService: currentScore = 0, newScore = 100
10-22 16:25:42.180  3957  4157 D ConnectivityService: rematch for NetworkAgentInfo [WIFI () - 509]
10-22 16:25:42.180  3957  4157 D ConnectivityService:    accepting network in place of null
10-22 16:25:42.180  3957  4157 D ConnectivityService: sending new Min Network Score(100): NetworkRequest [ TRACK_DEFAULT id=2088, [ Capabilities: INTERNET&NOT_RESTRICTED&TRUSTED&NOT_VPN] ]
10-22 16:25:42.180  3957  4313 D Ethernet: got request NetworkRequest [ TRACK_DEFAULT id=2088, [ Capabilities: INTERNET&NOT_RESTRICTED&TRUSTED&NOT_VPN] ] with score 100
10-22 16:25:42.180  3957  4313 D Ethernet:   my score=-1, my filter=[ Transports: ETHERNET Capabilities: INTERNET&NOT_RESTRICTED&TRUSTED&NOT_VPN LinkUpBandwidth>=100000Kbps LinkDnBandwidth>=100000Kbps]
10-22 16:25:42.180  3957  4313 D Ethernet: evalRequest
10-22 16:25:42.180  3957  4313 D Ethernet:   done
10-22 16:25:42.181  3957  4157 D ConnectivityService: MultiNetwork Request(TransportType - Wi-Fi request). Internet Capability doesn't required (false)
10-22 16:25:42.181  3957  4129 D WIFI    : got request NetworkRequest [ TRACK_DEFAULT id=2088, [ Capabilities: INTERNET&NOT_RESTRICTED&TRUSTED&NOT_VPN] ] with score 100
10-22 16:25:42.181  3957  4153 D WIFI_P2P: got request NetworkRequest [ TRACK_DEFAULT id=2088, [ Capabilities: INTERNET&NOT_RESTRICTED&TRUSTED&NOT_VPN] ] with score 100
10-22 16:25:42.181  3957  4157 D ConnectivityService: Network NetworkAgentInfo [WIFI () - 509] was already satisfying request 2086. No change.
10-22 16:25:42.181  3957  4153 D WIFI_P2P:   my score=60, my filter=[ Transports: WIFI Capabilities: WIFI_P2P&NOT_RESTRICTED&TRUSTED&NOT_VPN LinkUpBandwidth>=1048576Kbps LinkDnBandwidth>=1048576Kbps]
10-22 16:25:42.181  3957  4129 D WIFI    :   my score=60, my filter=[ Transports: WIFI Capabilities: NOT_METERED&INTERNET&NOT_RESTRICTED&TRUSTED&NOT_VPN LinkUpBandwidth>=1048576Kbps LinkDnBandwidth>=1048576Kbps]
10-22 16:25:42.181  3957  4153 D WIFI_P2P: evalRequest
10-22 16:25:42.181  3957  4129 D WIFI    : evalRequest
10-22 16:25:42.181  3957  4153 D WIFI_P2P:   done
10-22 16:25:42.181  3957  4129 D WIFI    :   done
10-22 16:25:42.181  3957  4157 D ConnectivityService: sending notification AVAILABLE for NetworkRequest [ TRACK_DEFAULT id=2088, [ Capabilities: INTERNET&NOT_RESTRICTED&TRUSTED&NOT_VPN] ]
10-22 16:25:42.181  3957  4129 D WIFI_UT : got request NetworkRequest [ TRACK_DEFAULT id=2088, [ Capabilities: INTERNET&NOT_RESTRICTED&TRUSTED&NOT_VPN] ] with score 100
10-22 16:25:42.181  3957  4129 D WIFI_UT :   my score=2147483647, my filter=[ Transports: WIFI Capabilities: NOT_METERED&INTERNET&NOT_RESTRICTED&TRUSTED&NOT_VPN LinkUpBandwidth>=1048576Kbps LinkDnBandwidth>=1048576Kbps]
10-22 16:25:42.181  3957  4157 D ConnectivityService: sending notification CAP_CHANGED for NetworkRequest [ TRACK_DEFAULT id=2088, [ Capabilities: INTERNET&NOT_RESTRICTED&TRUSTED&NOT_VPN] ]
10-22 16:25:42.181  3957  4129 D WIFI_UT : evalRequest
10-22 16:25:42.181  3957  4129 D WIFI_UT :   needNetworkFor
10-22 16:25:42.181  3957  4157 D ConnectivityService: sending notification IP_CHANGED for NetworkRequest [ TRACK_DEFAULT id=2088, [ Capabilities: INTERNET&NOT_RESTRICTED&TRUSTED&NOT_VPN] ]
10-22 16:25:42.183  4616  4616 D PhoneSwitcherNetworkRequstListener: got request NetworkRequest [ TRACK_DEFAULT id=2088, [ Capabilities: INTERNET&NOT_RESTRICTED&TRUSTED&NOT_VPN] ] with score 100
10-22 16:25:42.183  4616  4616 D PhoneSwitcherNetworkRequstListener:   my score=101, my filter=[ Transports: CELLULAR Capabilities: MMS&SUPL&DUN&FOTA&IMS&CBS&IA&RCS&XCAP&EIMS&INTERNET&NOT_RESTRICTED&TRUSTED&NOT_VPN&ENT1 Specifier: <android.net.MatchAllNetworkSpecifier@0>]
10-22 16:25:42.183  4616  4616 D PhoneSwitcherNetworkRequstListener: evalRequest
10-22 16:25:42.183  4616  4616 D PhoneSwitcherNetworkRequstListener:   needNetworkFor
10-22 16:25:42.183  3957  9502 D ConnectivityService: filterNetworkStateForUid() uid: 10169 networkInfo: [type: WIFI[] - WIFI, state: CONNECTED/CONNECTED, reason: (unspecified), extra: "ourhome", failover: false, available: true, roaming: false, metered: false]
10-22 16:25:42.183  3957  9502 D WifiService: getConnectionInfo uid=1000
10-22 16:25:42.183  3073  3073 I zygote64: no shared libraies, dex_files: 1
10-22 16:25:42.186  3957  9502 D ConnectivityService: filterNetworkStateForUid() uid: 10169 networkInfo: [type: WIFI[] - WIFI, state: CONNECTED/CONNECTED, reason: (unspecified), extra: "ourhome", failover: false, available: true, roaming: false, metered: false]
10-22 16:25:42.186  3957  9502 D WifiService: getConnectionInfo uid=1000
10-22 16:25:42.219  2992  2992 I NavController: Ignoring popBackStack to destination org.mozilla.fenix:id/browserFragment as it was not found on the current back stack
10-22 16:25:42.256  3328  3328 W keymaster2_mdfpp: entered get_key_characteristics function.
10-22 16:25:42.259  2992  2992 I ContileTopSitesUpdater: Started periodic work to update Contile top sites
10-22 16:25:42.269  3328  3328 W keymaster_tee: [WRN]KEY_PARAMS: AES ENC DEC GCM PADNO AUTH SIZE:256 
10-22 16:25:42.269  3328  3328 W keymaster_tee: [WRN]KEY_PARAMS: 20230928203226 
10-22 16:25:42.269  3328  3328 W keymaster2_mdfpp: exit get_key_characteristics function, returned 0
10-22 16:25:42.277  3328  3328 W keymaster2_mdfpp: entered get_key_characteristics function.
10-22 16:25:42.279  3328  3328 W keymaster_tee: [WRN]KEY_PARAMS: AES ENC DEC GCM PADNO AUTH SIZE:256 
10-22 16:25:42.279  3328  3328 W keymaster_tee: [WRN]KEY_PARAMS: 20230928203226 
10-22 16:25:42.279  3328  3328 W keymaster2_mdfpp: exit get_key_characteristics function, returned 0
10-22 16:25:42.281  3328  3328 W keymaster2_mdfpp: entered get_key_characteristics function.
10-22 16:25:42.283  3328  3328 W keymaster_tee: [WRN]KEY_PARAMS: AES ENC DEC GCM PADNO AUTH SIZE:256 
10-22 16:25:42.283  3328  3328 W keymaster_tee: [WRN]KEY_PARAMS: 20230928203226 
10-22 16:25:42.283  3328  3328 W keymaster2_mdfpp: exit get_key_characteristics function, returned 0
10-22 16:25:42.285  3073  3073 I ServiceChildProcess: onCreate
10-22 16:25:42.287  3073  3112 I GeckoThread: preparing to run Gecko
10-22 16:25:42.291  3328  3328 W keymaster2_mdfpp: entered get_key_characteristics function.
10-22 16:25:42.293  3328  3328 W keymaster_tee: [WRN]KEY_PARAMS: AES ENC DEC GCM PADNO AUTH SIZE:256 
10-22 16:25:42.293  3328  3328 W keymaster_tee: [WRN]KEY_PARAMS: 20230928203226 
10-22 16:25:42.293  3328  3328 W keymaster2_mdfpp: exit get_key_characteristics function, returned 0
10-22 16:25:42.295  3328  3328 W keymaster2_mdfpp: entered begin function.
10-22 16:25:42.296  3328  3328 W keymaster2_mdfpp: exit begin function, returned 0
10-22 16:25:42.300  3328  3328 W keymaster2_mdfpp: entered update function.
10-22 16:25:42.300  3328  3328 W keymaster2_mdfpp: exit update function, returned 0
10-22 16:25:42.301  3328  3328 W keymaster2_mdfpp: entered finish function.
10-22 16:25:42.303  3328  3328 W keymaster2_mdfpp: exit finish function, returned 0
10-22 16:25:42.304  3589  3589 W keystore: ENTER remove operation from uid 10169
10-22 16:25:42.336  2992  3032 W logins::schema: user_version: 2
10-22 16:25:42.369  3957  4030 D SensorService: [SO] 0.220 -0.172 9.979
10-22 16:25:42.381  2992  3022 W ResourceType: Too many attribute references, stopped at: 0x01010099
10-22 16:25:42.392 11094 11094 E adbd    : recv: OPEN 0000d70f 00000000 0076:73 68 65 6C 6C 2C 76 32 2C 54 45 52 4D 3D 78 74 65 72 6D 2D 32 35 36 63 6F 6C 6F 72 2C 72 61 77 3A 64 75 6D 70 73 79 73 20 61 63 74 69 76 69 74 79 20 72 65 63 65 6E 74 73 20 7C 20 67 72 65 70 20 22 52 65 63 65 6E 74 20 23 30 22 20 7C 20 63 75 74 20 2D 64 20 22 3D 22 20 2D 66 32 20 7C 20 67 72 65 70 20 2D 6F 20 2D 70 20 22 5B 61 2D 7A 7C 2E 5D 2A 22 00 
10-22 16:25:42.392 11094 11094 E adbd    : service_to_fd: shell,v2,TERM=xterm-256color,raw:dumpsys activity recents | grep "Recent #0" | cut -d "=" -f2 | grep -o -p "[a-z|.]*"
10-22 16:25:42.394  2992  2992 W GeckoViewActivityContextDelegate: A non-activity context was set.
10-22 16:25:42.406  3957  8324 D ConnectivityService: filterNetworkStateForUid() uid: 10169 networkInfo: [type: WIFI[] - WIFI, state: CONNECTED/CONNECTED, reason: (unspecified), extra: "ourhome", failover: false, available: true, roaming: false, metered: false]
10-22 16:25:42.406  3957  8324 D WifiService: getConnectionInfo uid=1000
10-22 16:25:42.407  3957  8324 I chatty  : uid=1000(system) Binder:3957_13 identical 1 line
10-22 16:25:42.407  3957  8324 I chatty  : uid=1000(system) Binder:3957_13 identical 1 line
10-22 16:25:42.408  3957  8324 D ConnectivityService: filterNetworkStateForUid() uid: 10169 networkInfo: [type: WIFI[] - WIFI, state: CONNECTED/CONNECTED, reason: (unspecified), extra: "ourhome", failover: false, available: true, roaming: false, metered: false]
10-22 16:25:42.408  3957  8324 D WifiService: getConnectionInfo uid=1000
10-22 16:25:42.423  2992  2992 I BgSyncManager: Periodic syncing enabled: PeriodicSyncConfig(periodMinutes=240, initialDelayMinutes=5)
10-22 16:25:42.423  2992  2992 I FirefoxAccountStateMachine: Sync is enabled
10-22 16:25:42.430  2992  3047 I StartupTypeTelemetry: Recorded start up: cold_main
10-22 16:25:42.446  3957  8324 D StorageManagerService: getExternalStorageMountMode : 1
10-22 16:25:42.446  2992  3144 D OpenGLRenderer: HWUI GL Pipeline
10-22 16:25:42.446  3957  8324 D StorageManagerService: getExternalStorageMountMode : 3
10-22 16:25:42.446  3957  8324 D StorageManagerService: getExternalStorageMountMode : final mountMode=1, uid : 10169, packageName : org.mozilla.fenix
10-22 16:25:42.446  3957  8324 I ApplicationPolicy: isApplicationExternalStorageWhitelisted:org.mozilla.fenix user:0
10-22 16:25:42.446  3957  8324 D ApplicationPolicy: isApplicationExternalStorageWhitelisted: DO is not enabled on user 0. Allowed.
10-22 16:25:42.446  3957  8324 D ActivityManager: package  org.mozilla.fenix, user - 0 is SDcard whitelisted
10-22 16:25:42.446  3957  8324 I ApplicationPolicy: isApplicationExternalStorageBlacklisted:org.mozilla.fenix user:0
10-22 16:25:42.446  3957  8324 D ApplicationPolicy: isApplicationExternalStorageBlacklisted: DO is not enabled on user 0. Allowed.
10-22 16:25:42.457  3146  3146 E Zygote  : isWhitelistProcess - Process is Whitelisted
10-22 16:25:42.457  3957  8324 I ActivityManager: Start proc 3146:org.mozilla.fenix:gpu/u0a169 for service org.mozilla.fenix/org.mozilla.gecko.process.GeckoChildProcessServices$gpu
10-22 16:25:42.458  3146  3146 E libpersona: scanKnoxPersonas
10-22 16:25:42.458  3146  3146 E libpersona: Couldn't open the File - /data/system/users/0/personalist.xml - No such file or directory
10-22 16:25:42.459 11094 11094 E adbd    : recv: OPEN 0000d713 00000000 0042:73 68 65 6C 6C 2C 76 32 2C 54 45 52 4D 3D 78 74 65 72 6D 2D 32 35 36 63 6F 6C 6F 72 2C 72 61 77 3A 67 65 74 70 72 6F 70 20 72 6F 2E 62 75 69 6C 64 2E 76 65 72 73 69 6F 6E 2E 72 65 6C 65 61 73 65 00 
10-22 16:25:42.459 11094 11094 E adbd    : service_to_fd: shell,v2,TERM=xterm-256color,raw:getprop ro.build.version.release
10-22 16:25:42.459  3146  3146 W SELinux : SELinux selinux_android_compute_policy_index : Policy Index[2],  Con:u:r:zygote:s0 RAM:SEPF_SM-J720F_8.0.0_0002, [-1 -1 -1 -1 0 1]
10-22 16:25:42.460  3146  3146 I SELinux : SELinux: seapp_context_lookup: seinfo=untrusted, level=s0:c512,c768, pkgname=org.mozilla.fenix:gpu 
10-22 16:25:42.465  2992  2992 D ViewRootImpl@d9fc05[App]: setView = DecorView@a85d780[App] TM=true MM=false
10-22 16:25:42.465  3957  4602 D ActivityManager: post active user change for 0 fullscreen true isHomeActivity() false
10-22 16:25:42.466  2992  2992 I Choreographer: Skipped 55 frames!  The application may be doing too much work on its main thread.
10-22 16:25:42.470  2992  3022 W linker  : "/data/app/org.mozilla.fenix-iWpGOrf8cry6RDpwHyQugA==/lib/arm64/libsoftokn3.so" unused DT entry: type 0x8000024 arg 0x2580
10-22 16:25:42.470  2992  3022 W linker  : "/data/app/org.mozilla.fenix-iWpGOrf8cry6RDpwHyQugA==/lib/arm64/libsoftokn3.so" unused DT entry: type 0x8000023 arg 0x70
10-22 16:25:42.470  2992  3022 W linker  : "/data/app/org.mozilla.fenix-iWpGOrf8cry6RDpwHyQugA==/lib/arm64/libsoftokn3.so" unused DT entry: type 0x8000025 arg 0x8
10-22 16:25:42.473  2992  2992 D ViewRootImpl@d9fc05[App]: dispatchAttachedToWindow
10-22 16:25:42.474  2992  3022 W linker  : "/data/app/org.mozilla.fenix-iWpGOrf8cry6RDpwHyQugA==/lib/arm64/libfreebl3.so" unused DT entry: type 0x8000024 arg 0xe78
10-22 16:25:42.475  2992  3022 W linker  : "/data/app/org.mozilla.fenix-iWpGOrf8cry6RDpwHyQugA==/lib/arm64/libfreebl3.so" unused DT entry: type 0x8000023 arg 0x68
10-22 16:25:42.475  2992  3022 W linker  : "/data/app/org.mozilla.fenix-iWpGOrf8cry6RDpwHyQugA==/lib/arm64/libfreebl3.so" unused DT entry: type 0x8000025 arg 0x8
10-22 16:25:42.480  3146  3146 D TimaKeyStoreProvider: TimaKeyStore is not enabled: cannot add TimaSignature Service and generateKeyPair Service
10-22 16:25:42.480  3146  3146 D ActivityThread: Added TimaKeyStore provider
10-22 16:25:42.483  3957  4602 I ActivityManager: DSS on for org.mozilla.fenix and scale is 1.0
10-22 16:25:42.484  3957  8324 V WindowManager: Relayout Window{760c84d u0 org.mozilla.fenix/org.mozilla.fenix.App}: viewVisibility=0 req=719x1237 WM.LayoutParams{(0,0)(fillxfill) sim=#110 ty=1 fl=#81010100 pfl=0x20000 wanim=0x7f1404fa vsysui=0x2610 needsMenuKey=2 colorMode=0 naviIconColor=0}
10-22 16:25:42.488  3447  3447 I SurfaceFlinger: id=3145 createSurf (720x1280),1 flag=404, org.mozilla.fenix/org.mozilla.fenix.App#0
10-22 16:25:42.490  3957  8324 V Surface : sf_framedrop debug : 0x4f4c, game : false, logging : 0
10-22 16:25:42.491  3957  3973 D WindowManager: set systemUiVisibility : systemUiFlags= 0x2608 fullscreenStackSysUiFlags= 0x0
10-22 16:25:42.492  2992  3115 W linker  : "/data/app/org.mozilla.fenix-iWpGOrf8cry6RDpwHyQugA==/lib/arm64/libnssckbi.so" unused DT entry: type 0x8000024 arg 0xc08
10-22 16:25:42.493  2992  3115 W linker  : "/data/app/org.mozilla.fenix-iWpGOrf8cry6RDpwHyQugA==/lib/arm64/libnssckbi.so" unused DT entry: type 0x8000023 arg 0x258
10-22 16:25:42.493  2992  3115 W linker  : "/data/app/org.mozilla.fenix-iWpGOrf8cry6RDpwHyQugA==/lib/arm64/libnssckbi.so" unused DT entry: type 0x8000025 arg 0x8
10-22 16:25:42.493  3957  8324 D InputDispatcher: Focus entered window: 2992
10-22 16:25:42.495  3957  9502 D WindowManager: adjustSystemUiVisibilityLw : vis= 0x2608
10-22 16:25:42.497  2992  2992 V Surface : sf_framedrop debug : 0x4f4c, game : false, logging : 0
10-22 16:25:42.497  2992  2992 D ViewRootImpl@d9fc05[App]: Relayout returned: old=[0,0][0,0] new=[0,0][720,1280] result=0x7 surface={valid=true 499292016640} changed=true
10-22 16:25:42.498  2992  3144 I OpenGLRenderer: Initialized EGL, version 1.4
10-22 16:25:42.498  2992  3144 D OpenGLRenderer: Swap behavior 2
10-22 16:25:42.502  2992  3144 D libGLESv1: STS_GLApi : DTS, ODTC are not allowed for Package : org.mozilla.fenix
10-22 16:25:42.503  2992  3144 D mali_winsys: EGLint new_window_surface(egl_winsys_display *, void *, EGLSurface, EGLConfig, egl_winsys_surface **, egl_color_buffer_format *, EGLBoolean) returns 0x3000,  [720x1280]-format:1
10-22 16:25:42.503  2992  3144 D OpenGLRenderer: eglCreateWindowSurface = 0x74405f2e00
10-22 16:25:42.505  3957  4602 D ConnectivityService: filterNetworkStateForUid() uid: 10169 networkInfo: [type: WIFI[] - WIFI, state: CONNECTED/CONNECTED, reason: (unspecified), extra: "ourhome", failover: false, available: true, roaming: false, metered: false]
10-22 16:25:42.505  3957  4602 D WifiService: getConnectionInfo uid=1000
10-22 16:25:42.507  3447  3447 I SurfaceFlinger: id=3146 createSurf (720x1238),1 flag=4, SurfaceView - org.mozilla.fenix/org.mozilla.fenix.App@1c9bb29@0#0
10-22 16:25:42.508  3447  3447 I SurfaceFlinger: id=3147 createSurf (720x1238),-1 flag=20004, Background for - SurfaceView - org.mozilla.fenix/org.mozilla.fenix.App@1c9bb29@0#0
10-22 16:25:42.508  2992  2992 D SurfaceView: BG hide() Surface(name=Background for - SurfaceView - org.mozilla.fenix/org.mozilla.fenix.App@1c9bb29@0) false true org.mozilla.gecko.MagnifiableSurfaceView{1c9bb29 V.E...... ......ID 0,0-720,1238}
10-22 16:25:42.509 11094 11094 E adbd    : recv: OPEN 0000d717 00000000 003e:73 68 65 6C 6C 2C 76 32 2C 54 45 52 4D 3D 78 74 65 72 6D 2D 32 35 36 63 6F 6C 6F 72 2C 72 61 77 3A 67 65 74 70 72 6F 70 20 72 6F 2E 62 75 69 6C 64 2E 76 65 72 73 69 6F 6E 2E 73 64 6B 00 
10-22 16:25:42.509 11094 11094 E adbd    : service_to_fd: shell,v2,TERM=xterm-256color,raw:getprop ro.build.version.sdk
10-22 16:25:42.511  2992  2992 V Surface : sf_framedrop debug : 0x4f4c, game : false, logging : 0
10-22 16:25:42.512  2992  2992 D SurfaceView: surfaceCreated 1 org.mozilla.gecko.MagnifiableSurfaceView{1c9bb29 V.E...... ......ID 0,0-720,1238}
10-22 16:25:42.513  2992  2992 D SurfaceView: surfaceChanged (720,1238) 1 org.mozilla.gecko.MagnifiableSurfaceView{1c9bb29 V.E...... ......ID 0,0-720,1238}
10-22 16:25:42.516  3146  3146 I zygote64: no shared libraies, dex_files: 1
10-22 16:25:42.531  3957  4129 D WifiStateMachine:  ConnectedState !CMD_RSSI_POLL rt=591149115/1647124588 112 0 "ourhome" f4:6d:2f:12:cc:88 rssi=-45 f=5240 sc=60 link=433 tx=0.7, 0.0, 0.0  rx=1.4 bcn=488557 [on:0 tx:0 rx:0 period:733] from screen [on:135153 period:1136406] score=60
10-22 16:25:42.532  3957  4129 D WifiStateMachine:  L2ConnectedState !CMD_RSSI_POLL rt=591149117/1647124589 112 0 "ourhome" f4:6d:2f:12:cc:88 rssi=-45 f=5240 sc=60 link=433 tx=0.7, 0.0, 0.0  rx=1.4 bcn=488557 [on:0 tx:0 rx:0 period:1] from screen [on:135153 period:1136407] score=60
10-22 16:25:42.532  3957  4129 D WifiStateMachine:  get link layer stats 3
10-22 16:25:42.532  3436  3436 I android.hardware.wifi@1.0-service: getLinkLayerStats
10-22 16:25:42.538  3957  4602 D ConnectivityService: filterNetworkStateForUid() uid: 10169 networkInfo: [type: WIFI[] - WIFI, state: CONNECTED/CONNECTED, reason: (unspecified), extra: "ourhome", failover: false, available: true, roaming: false, metered: false]
10-22 16:25:42.539  3957  4602 D WifiService: getConnectionInfo uid=1000
10-22 16:25:42.540  3957  4129 D WifiStateMachine: fetchRssiLinkSpeedAndFrequencyNative rssi=-45 linkspeed=433 freq=5240
10-22 16:25:42.540  3957  4129 V WifiConfigManager: Updating scan detail cache freq=5240 BSSID=f4:6d:2f:12:cc:88 RSSI=-45 for "ourhome"WPA_PSK
10-22 16:25:42.544  4340  4340 E SignalClusterView: setSlotFocusVisible : subId -2
10-22 16:25:42.545  4340  4340 E SignalClusterView: setSlotFocusVisible : subId -2
10-22 16:25:42.560  3599  3918 D DnsProxyListener: DNSDBG::dns addrinfo af 0
10-22 16:25:42.563  3599  3918 I chatty  : uid=0(root) /system/bin/netd identical 1 line
10-22 16:25:42.564  3599  3918 D DnsProxyListener: DNSDBG::dns addrinfo af 0
10-22 16:25:42.567 11094 11094 E adbd    : recv: OPEN 0000d71b 00000000 0042:73 68 65 6C 6C 2C 76 32 2C 54 45 52 4D 3D 78 74 65 72 6D 2D 32 35 36 63 6F 6C 6F 72 2C 72 61 77 3A 67 65 74 70 72 6F 70 20 72 6F 2E 62 75 69 6C 64 2E 76 65 72 73 69 6F 6E 2E 72 65 6C 65 61 73 65 00 
10-22 16:25:42.567 11094 11094 E adbd    : service_to_fd: shell,v2,TERM=xterm-256color,raw:getprop ro.build.version.release
10-22 16:25:42.585  2992  3021 I libglean_ffi: glean_core::ping: Collecting baseline
10-22 16:25:42.593  3957  4602 I chatty  : uid=1000(system) Binder:3957_7 identical 1 line
10-22 16:25:42.593  3957  4602 D WifiService: getConnectionInfo uid=1000
10-22 16:25:42.594  3957  4602 D ConnectivityService: filterNetworkStateForUid() uid: 10169 networkInfo: [type: WIFI[] - WIFI, state: CONNECTED/CONNECTED, reason: (unspecified), extra: "ourhome", failover: false, available: true, roaming: false, metered: false]
10-22 16:25:42.594  3957  4602 D WifiService: getConnectionInfo uid=1000
10-22 16:25:42.595  3957  9502 D ConnectivityService: filterNetworkStateForUid() uid: 10169 networkInfo: [type: WIFI[] - WIFI, state: CONNECTED/CONNECTED, reason: (unspecified), extra: "ourhome", failover: false, available: true, roaming: false, metered: false]
10-22 16:25:42.595  3957  9502 D WifiService: getConnectionInfo uid=1000
10-22 16:25:42.604  3957  9502 V WindowManager: Relayout Window{760c84d u0 org.mozilla.fenix/org.mozilla.fenix.App}: viewVisibility=0 req=720x1280 WM.LayoutParams{(0,0)(fillxfill) sim=#110 ty=1 fl=#81010100 pfl=0x20000 fmt=-3 wanim=0x7f1404fa vsysui=0x2610 needsMenuKey=2 colorMode=0 naviIconColor=0}
10-22 16:25:42.608  2992  3181 I FirefoxAccountStateMachine: Processing event 'mozilla.components.service.fxa.manager.Event$Account$Start@be815c2' for state Idle(accountState=NotAuthenticated). Next state is Active(progressState=Initializing)
10-22 16:25:42.612  2992  2992 D ViewRootImpl@d9fc05[App]: Relayout returned: old=[0,0][720,1280] new=[0,0][720,1280] result=0x3 surface={valid=true 499292016640} changed=false
10-22 16:25:42.615  3146  3146 I ServiceChildProcess: onCreate
10-22 16:25:42.616  2992  3021 I libglean_ffi: glean_core::upload::directory: Processing ping at: /data/user/0/org.mozilla.fenix/glean_data/pending_pings/1bcf0ef0-b91d-46fd-b0ac-f085fd03598d
10-22 16:25:42.616 11094 11094 E adbd    : recv: OPEN 0000d71f 00000000 003e:73 68 65 6C 6C 2C 76 32 2C 54 45 52 4D 3D 78 74 65 72 6D 2D 32 35 36 63 6F 6C 6F 72 2C 72 61 77 3A 67 65 74 70 72 6F 70 20 72 6F 2E 62 75 69 6C 64 2E 76 65 72 73 69 6F 6E 2E 73 64 6B 00 
10-22 16:25:42.617 11094 11094 E adbd    : service_to_fd: shell,v2,TERM=xterm-256color,raw:getprop ro.build.version.sdk
10-22 16:25:42.622  2992  3021 I libglean_ffi: glean_core::metrics::ping: The ping 'baseline' was submitted and will be sent as soon as possible
10-22 16:25:42.623  3146  3189 I GeckoThread: preparing to run Gecko
10-22 16:25:42.634  3328  3328 W keymaster2_mdfpp: entered get_key_characteristics function.
10-22 16:25:42.636  3328  3328 W keymaster_tee: [WRN]KEY_PARAMS: AES ENC DEC GCM PADNO AUTH SIZE:256 
10-22 16:25:42.637  3328  3328 W keymaster_tee: [WRN]KEY_PARAMS: 20230928203226 
10-22 16:25:42.637  3328  3328 W keymaster2_mdfpp: exit get_key_characteristics function, returned 0
10-22 16:25:42.640  3328  3328 W keymaster2_mdfpp: entered get_key_characteristics function.
10-22 16:25:42.641  3328  3328 W keymaster_tee: [WRN]KEY_PARAMS: AES ENC DEC GCM PADNO AUTH SIZE:256 
10-22 16:25:42.641  3328  3328 W keymaster_tee: [WRN]KEY_PARAMS: 20230928203226 
10-22 16:25:42.641  3328  3328 W keymaster2_mdfpp: exit get_key_characteristics function, returned 0
10-22 16:25:42.660  2992  3181 I FirefoxAccount: Registering persistence callback
10-22 16:25:42.660  2992  3181 I FirefoxAccountStateMachine: Ran 'mozilla.components.service.fxa.manager.Event$Account$Start@be815c2' side-effects for state Active(progressState=Initializing), got successive event mozilla.components.service.fxa.manager.Event$Progress$AccountNotFound@2bbfeca
10-22 16:25:42.660  2992  3181 I FirefoxAccountStateMachine: Processing event 'mozilla.components.service.fxa.manager.Event$Progress$AccountNotFound@2bbfeca' for state Active(progressState=Initializing). Next state is Idle(accountState=NotAuthenticated)
10-22 16:25:42.665 11094 11094 E adbd    : recv: OPEN 0000d723 00000000 015d:73 68 65 6C 6C 2C 76 32 2C 54 45 52 4D 3D 78 74 65 72 6D 2D 32 35 36 63 6F 6C 6F 72 2C 72 61 77 3A 61 6D 20 73 74 61 72 74 2D 66 6F 72 65 67 72 6F 75 6E 64 2D 73 65 72 76 69 63 65 20 2D 6E 20 22 63 6F 6D 2E 65 78 61 6D 70 6C 65 2E 62 61 74 74 65 72 79 6D 61 6E 61 67 65 72 5F 75 74 69 6C 69 74 79 2F 63 6F 6D 2E 65 78 61 6D 70 6C 65 2E 62 61 74 74 65 72 79 6D 61 6E 61 67 65 72 5F 75 74 69 6C 69 74 79 2E 44 61 74 61 43 6F 6C 6C 65 63 74 69 6F 6E 53 65 72 76 69 63 65 22 20 2D 2D 65 69 20 73 61 6D 70 6C 65 52 61 74 65 20 31 30 30 20 2D 2D 65 73 20 22 64 61 74 61 46 69 65 6C 64 73 22 20 22 42 41 54 54 45 52 59 5F 50 52 4F 50 45 52 54 59 5F 43 55 52 52 45 4E 54 5F 4E 4F 57 2C 45 58 54 52 41 5F 56 4F 4C 54 41 47 45 2C 42 41 54 54 45 52 59 5F 50 52 4F 50 45 52 54 59 5F 43 55 52 52 45 4E 54 5F 41 56 45 52 41 47 45 2C 42 41 54 54 45 52 59 5F 50 52 4F 50 45 52 54 59 5F 43 48 41 52 47 45 5F 43 4F 55 4E 54 45 52 2C 42 41 54 54 45 52 59 5F 50 52 4F 50 45 52 54 59 5F 43 41 50 41 43 49 54 59
