10-22 16:32:40.415  3957  4025 D TaskSnapshotCache: putSnapshot mTaskId=546 RunningCache size=1
10-22 16:32:40.419  3957 12585 V WindowManager: Relayout Window{64dead2 u0 com.example.batterymanager_utility/com.example.batterymanager_utility.MainActivity}: viewVisibility=8 req=720x1280 WM.LayoutParams{(0,0)(fillxfill) sim=#120 ty=1 fl=#81810100 pfl=0x20000 wanim=0x10302fd vsysui=0x600 needsMenuKey=2 colorMode=0 naviIconColor=0}
10-22 16:32:40.424  3754  3754 D ViewRootImpl@4470b6[MainActivity]: Relayout returned: old=[0,0][720,1280] new=[0,0][720,1280] result=0x5 surface={valid=false 0} changed=true
10-22 16:32:40.425  3957  3973 D WindowManager: set systemUiVisibility : systemUiFlags= 0x608 fullscreenStackSysUiFlags= 0x0
10-22 16:32:40.429  3957  5413 D PackageManager: getComponentMetadataForIconTray : com.example.batterymanager_utility.MainActivity does not exist in mServices
10-22 16:32:40.429  3957  5413 D PackageManager: getComponentMetadataForIconTray : com.example.batterymanager_utility.MainActivity does not exist in mProviders
10-22 16:32:40.429  3957  5413 D PackageManager: getComponentMetadataForIconTray : com.example.batterymanager_utility.MainActivity does not exist in mReceivers
10-22 16:32:40.430  4340 16318 D ApplicationPackageManager: updateItemMetaDataForFixedIconScale: package: com.example.batterymanager_utility
10-22 16:32:40.430  3957  5413 D PackageManager: getSelectedMetaData : packageName(com.example.batterymanager_utility) or Metadata strings {[Ljava.lang.String;@c246f26}
10-22 16:32:40.431  4340 16318 I ApplicationPackageManager: load=com.example.batterymanager_utility, bg=144-144, dr=189-189, forDefault=true, density=0
10-22 16:32:40.432  4340 16318 I ApplicationPackageManager: scaled rate=0.72, size=189, alpha=54, hold=102
10-22 16:32:40.432  4340 16318 D ApplicationPackageManager: iconScale: getScale(): 0.72 getAlpha(): 54
10-22 16:32:40.434  4340 16318 I ApplicationPackageManager: load=com.example.batterymanager_utility-contain, bg=112-112, dr=189-189
10-22 16:32:40.442  3447  3447 I SurfaceFlinger: Display 0 HWC layers:
10-22 16:32:40.442  3447  3447 I SurfaceFlinger:     type    |    handle    | flag |  format   |   source crop (l,t,r,b)    |         frame       | name 
10-22 16:32:40.442  3447  3447 I SurfaceFlinger: ------------+--------------+------+-----------+----------------------------+---------------------+------
10-22 16:32:40.442  3447  3447 I SurfaceFlinger:      Client |              | 0000 |  Unknown  |  -0.2   -0.2   -0.8   -0.8 |    0    0  720 1280 | animation background stackId=1#0
10-22 16:32:40.442  3447  3447 I SurfaceFlinger:      Client | 0x7e9ecde2c0 | 0002 | RGBA_8888 |   0.0    0.0  720.0 1280.0 |    0    0  720 1279 | com.example.batterymanager_utility/c[...]atterymanager_utility.MainActivity#0
10-22 16:32:40.442  3447  3447 I SurfaceFlinger:      Device | 0x7e9cc0da80 | 0000 | RGBA_8888 |   0.0    0.0  720.0   42.0 |    0    0  720   42 | StatusBar#0
10-22 16:32:40.442  3447  3447 I SurfaceFlinger: 
10-22 16:32:40.447  3806  3806 I FirebaseApp: Device unlocked: initializing all Firebase APIs for app [DEFAULT]
10-22 16:32:40.458  3957  4089 D MdnieScenarioControlService:  packageName : org.mozilla.fenix    className : org.mozilla.fenix.App
10-22 16:32:40.458  3957  4089 V MdnieScenarioControlService: setUIMode from UI function(3)
10-22 16:32:40.459  3806  3806 I FirebaseInitProvider: FirebaseApp initialization successful
10-22 16:32:40.629  3447  3447 I SurfaceFlinger: Display 0 HWC layers:
10-22 16:32:40.629  3447  3447 I SurfaceFlinger:     type    |    handle    | flag |  format   |   source crop (l,t,r,b)    |         frame       | name 
10-22 16:32:40.629  3447  3447 I SurfaceFlinger: ------------+--------------+------+-----------+----------------------------+---------------------+------
10-22 16:32:40.629  3447  3447 I SurfaceFlinger:      Client |              | 0000 |  Unknown  |  -0.2   -0.2   -0.8   -0.8 |    0    0  720 1280 | animation background stackId=1#0
10-22 16:32:40.629  3447  3447 I SurfaceFlinger:      Client | 0x7e9ecde2c0 | 0002 | RGBA_8888 |   0.0    0.0  720.0 1280.0 |   16   29  703 1251 | com.example.batterymanager_utility/c[...]atterymanager_utility.MainActivity#0
10-22 16:32:40.629  3447  3447 I SurfaceFlinger:      Client | 0x7ea5024900 | 0000 | RGBA_8888 |   0.0    0.0  720.0 1022.0 |   17  305  704 1280 | Splash Screen org.mozilla.fenix#0
10-22 16:32:40.629  3447  3447 I SurfaceFlinger:      Client | 0x7e9cc0da80 | 0000 | RGBA_8888 |   0.0    0.0  720.0   42.0 |    0    0  720   42 | StatusBar#0
10-22 16:32:40.629  3447  3447 I SurfaceFlinger: 
10-22 16:32:40.640  3806  3837 W linker  : "/data/app/org.mozilla.fenix-iWpGOrf8cry6RDpwHyQugA==/lib/arm64/libxul.so" unused DT entry: type 0x8000024 arg 0x539420
10-22 16:32:40.640  3806  3837 W linker  : "/data/app/org.mozilla.fenix-iWpGOrf8cry6RDpwHyQugA==/lib/arm64/libxul.so" unused DT entry: type 0x8000023 arg 0x17d68
10-22 16:32:40.640  3806  3837 W linker  : "/data/app/org.mozilla.fenix-iWpGOrf8cry6RDpwHyQugA==/lib/arm64/libxul.so" unused DT entry: type 0x8000025 arg 0x8
10-22 16:32:40.641  3806  3837 W linker  : "/data/app/org.mozilla.fenix-iWpGOrf8cry6RDpwHyQugA==/lib/arm64/libnss3.so" unused DT entry: type 0x8000024 arg 0x14998
10-22 16:32:40.641  3806  3837 W linker  : "/data/app/org.mozilla.fenix-iWpGOrf8cry6RDpwHyQugA==/lib/arm64/libnss3.so" unused DT entry: type 0x8000023 arg 0x5c8
10-22 16:32:40.642  3806  3837 W linker  : "/data/app/org.mozilla.fenix-iWpGOrf8cry6RDpwHyQugA==/lib/arm64/libnss3.so" unused DT entry: type 0x8000025 arg 0x8
10-22 16:32:40.642  3806  3837 W linker  : "/data/app/org.mozilla.fenix-iWpGOrf8cry6RDpwHyQugA==/lib/arm64/libmozglue.so" unused DT entry: type 0x8000024 arg 0x38f70
10-22 16:32:40.642  3806  3837 W linker  : "/data/app/org.mozilla.fenix-iWpGOrf8cry6RDpwHyQugA==/lib/arm64/libmozglue.so" unused DT entry: type 0x8000023 arg 0x1f8
10-22 16:32:40.642  3806  3837 W linker  : "/data/app/org.mozilla.fenix-iWpGOrf8cry6RDpwHyQugA==/lib/arm64/libmozglue.so" unused DT entry: type 0x8000025 arg 0x8
10-22 16:32:40.643  3806  3837 W linker  : "/data/app/org.mozilla.fenix-iWpGOrf8cry6RDpwHyQugA==/lib/arm64/libmozglue.so" unused DT entry: type 0x8000024 arg 0x38f70
10-22 16:32:40.643  3806  3837 W linker  : "/data/app/org.mozilla.fenix-iWpGOrf8cry6RDpwHyQugA==/lib/arm64/libmozglue.so" unused DT entry: type 0x8000023 arg 0x1f8
10-22 16:32:40.643  3806  3837 W linker  : "/data/app/org.mozilla.fenix-iWpGOrf8cry6RDpwHyQugA==/lib/arm64/libmozglue.so" unused DT entry: type 0x8000025 arg 0x8
10-22 16:32:40.643  3806  3837 W linker  : "/data/app/org.mozilla.fenix-iWpGOrf8cry6RDpwHyQugA==/lib/arm64/libmozglue.so" unused DT entry: type 0x8000024 arg 0x38f70
10-22 16:32:40.643  3806  3837 W linker  : "/data/app/org.mozilla.fenix-iWpGOrf8cry6RDpwHyQugA==/lib/arm64/libmozglue.so" unused DT entry: type 0x8000023 arg 0x1f8
10-22 16:32:40.644  3806  3837 W linker  : "/data/app/org.mozilla.fenix-iWpGOrf8cry6RDpwHyQugA==/lib/arm64/libmozglue.so" unused DT entry: type 0x8000025 arg 0x8
10-22 16:32:40.644  3806  3837 W linker  : "/data/app/org.mozilla.fenix-iWpGOrf8cry6RDpwHyQugA==/lib/arm64/libmozglue.so" unused DT entry: type 0x8000024 arg 0x38f70
10-22 16:32:40.644  3806  3837 W linker  : "/data/app/org.mozilla.fenix-iWpGOrf8cry6RDpwHyQugA==/lib/arm64/libmozglue.so" unused DT entry: type 0x8000023 arg 0x1f8
10-22 16:32:40.645  3806  3837 W linker  : "/data/app/org.mozilla.fenix-iWpGOrf8cry6RDpwHyQugA==/lib/arm64/libmozglue.so" unused DT entry: type 0x8000025 arg 0x8
10-22 16:32:40.793  3806  3837 I nimbus::stateful::nimbus_client: updating experiment list
10-22 16:32:40.797  3806  3837 I nimbus::stateful::persistence: Already at version 2, no upgrade needed
10-22 16:32:40.799  3806  3837 I nimbus::stateful::nimbus_client: [Nimbus] Retrieved date from Context: 2023-09-28 18:32:20 UTC
10-22 16:32:40.800  3806  3837 I nimbus::stateful::nimbus_client: [Nimbus] Installation Date: 2023-09-28 18:32:20 UTC
10-22 16:32:40.800  3806  3837 I nimbus::stateful::nimbus_client: [Nimbus] Update Date: 2023-09-28 18:32:25.568136298 UTC
10-22 16:32:40.800  3806  3837 I nimbus::stateful::nimbus_client: [Nimbus] Days since install: 23
10-22 16:32:40.800  3806  3837 I nimbus::stateful::nimbus_client: [Nimbus] Days since update: 23
10-22 16:32:40.843  3806  3840 I GeckoThread: preparing to run Gecko
10-22 16:32:40.849  3957 12585 W StorageManager: getStorageLowBytes lowPercent : 5, lowBytes : 1260145254, maxLowBytes : 524288000
10-22 16:32:40.851  3957  5413 W StorageManager: getStorageLowBytes lowPercent : 5, lowBytes : 1260145254, maxLowBytes : 524288000
10-22 16:32:40.853  3957  5413 W StorageManager: getStorageLowBytes lowPercent : 5, lowBytes : 1260145254, maxLowBytes : 524288000
10-22 16:32:40.865  3806  3843 I libglean_ffi: glean_core::core: Creating new Glean v54.0.0
10-22 16:32:40.866  3806  3840 I GeckoLoader: Library base=/data/app/org.mozilla.fenix-iWpGOrf8cry6RDpwHyQugA==/lib/arm64
10-22 16:32:40.868  3806  3843 I libglean_ffi: glean_core::database: Database initialized
10-22 16:32:40.870  3806  3840 W Settings: Setting animator_duration_scale has moved from android.provider.Settings.System to android.provider.Settings.Global, returning read-only global URI.
10-22 16:32:40.874  3806  3843 I libglean_ffi: glean_core: Glean initialized
10-22 16:32:40.874  3806  3840 I GeckoLoader: Library base=/data/app/org.mozilla.fenix-iWpGOrf8cry6RDpwHyQugA==/lib/arm64
10-22 16:32:40.876  3806  3843 I libglean_ffi: glean_core::event_database: Loading events for background-update
10-22 16:32:40.876  3806  3840 E GeckoLibLoad: Load sqlite start
10-22 16:32:40.877  3806  3840 E GeckoLibLoad: Load sqlite done
10-22 16:32:40.877  3806  3840 I GeckoLoader: Library base=/data/app/org.mozilla.fenix-iWpGOrf8cry6RDpwHyQugA==/lib/arm64
10-22 16:32:40.877  3806  3840 E GeckoLibLoad: Load nss start
10-22 16:32:40.877  3806  3840 E GeckoLibLoad: Load nss done
10-22 16:32:40.877  3806  3840 I GeckoLoader: Library base=/data/app/org.mozilla.fenix-iWpGOrf8cry6RDpwHyQugA==/lib/arm64
10-22 16:32:40.879  3806  3840 E GeckoLibLoad: Loaded libs in 1.834654ms total, 0ms(0ms) user, 0ms(0ms) system, 1(3) faults
10-22 16:32:40.880  3806  3840 W GeckoThread: zerdatime 1647542938 - runGecko
10-22 16:32:40.881  3806  3843 I libglean_ffi: glean_core::event_database: Loading events for events
10-22 16:32:40.887  3806  3843 I libglean_ffi: glean_core::ping: Collecting events
10-22 16:32:40.897  3806  3843 I libglean_ffi: glean_core::upload::directory: Processing ping at: /data/user/0/org.mozilla.fenix/glean_data/pending_pings/9622be12-1b57-4097-9d28-353a2289d206
10-22 16:32:40.898  3806  3843 I libglean_ffi: glean_core::metrics::ping: The ping 'events' was submitted and will be sent as soon as possible
10-22 16:32:40.899  3599  3918 D DnsProxyListener: DNSDBG::dns by name af 2
10-22 16:32:40.905  3957  5413 D PackageManager: setEnabledSetting : userId = 0 packageName = org.mozilla.fenix cmp = androidx.work.impl.background.systemjob.SystemJobService newState = 1 callingPackage = 10169/org.mozilla.fenix
10-22 16:32:40.906  3957  4025 I WindowManager: Destroying surface Surface(name=com.example.batterymanager_utility/com.example.batterymanager_utility.MainActivity) called by com.android.server.wm.WindowStateAnimator.destroySurface:2501 com.android.server.wm.WindowStateAnimator.destroySurfaceLocked:985 com.android.server.wm.WindowState.destroyOrSaveSurfaceUnchecked:3670 com.android.server.wm.WindowState.destroySurface:3618 com.android.server.wm.AppWindowToken.destroySurfaces:722 com.android.server.wm.AppWindowToken.destroySurfaces:706 com.android.server.wm.WindowState.onExitAnimationDone:5316 com.android.server.wm.WindowStateAnimator.stepAnimationLocked:550 
10-22 16:32:40.907  3447  5168 I SurfaceFlinger: id=3152 Removed com.example.batterymanager_utility/com.example.batterymanager_utility.MainActivity#0 (2/5)
10-22 16:32:40.911  3447  4088 I SurfaceFlinger: id=3152 Removed com.example.batterymanager_utility/com.example.batterymanager_utility.MainActivity#0 (-2/5)
10-22 16:32:40.922  3447  3447 I Layer   : id=3152 onRemoved com.example.batterymanager_utility/com.example.batterymanager_utility.MainActivity#0 
10-22 16:32:40.925  3447  3447 I SurfaceFlinger: Display 0 HWC layers:
10-22 16:32:40.925  3447  3447 I SurfaceFlinger:     type    |    handle    | flag |  format   |   source crop (l,t,r,b)    |         frame       | name 
10-22 16:32:40.925  3447  3447 I SurfaceFlinger: ------------+--------------+------+-----------+----------------------------+---------------------+------
10-22 16:32:40.925  3447  3447 I SurfaceFlinger:      Device | 0x7ea5024900 | 0000 | RGBA_8888 |   0.0    0.0  720.0 1280.0 |    0    0  720 1280 | Splash Screen org.mozilla.fenix#0
10-22 16:32:40.925  3447  3447 I SurfaceFlinger:      Device | 0x7e9cc0da80 | 0000 | RGBA_8888 |   0.0    0.0  720.0   42.0 |    0    0  720   42 | StatusBar#0
10-22 16:32:40.925  3447  3447 I SurfaceFlinger: 
10-22 16:32:40.927  3957  4324 I OpenGLRenderer: Initialized EGL, version 1.4
10-22 16:32:40.927  3957  4324 D OpenGLRenderer: Swap behavior 2
10-22 16:32:40.975  3957  4128 D WifiService: getConnectionInfo uid=1000
10-22 16:32:40.988  3806  3843 I glean/MetricsPingSched: The 'metrics' ping was already sent today, 1697985160936.
10-22 16:32:40.995  3806  3843 I libglean_ffi: glean_core::ping: Collecting baseline
10-22 16:32:41.003  3806  3806 I FenixApplication: AutoPushFeature is configured, initializing it...
10-22 16:32:41.005  3806  3843 I libglean_ffi: glean_core::upload::directory: Processing ping at: /data/user/0/org.mozilla.fenix/glean_data/pending_pings/86b6a392-93c2-46bd-8136-ab8698451325
10-22 16:32:41.006  3806  3806 I AbstractFirebasePushService: start
10-22 16:32:41.008  3806  3843 I libglean_ffi: glean_core::metrics::ping: The ping 'baseline' was submitted and will be sent as soon as possible
10-22 16:32:41.022  3806  3806 I MemoryController: onTrimMemory(5)
10-22 16:32:41.022  3806  3806 I FenixApplication: onTrimMemory(), level=5, main=true
10-22 16:32:41.029  3806  3839 I libglean_ffi: glean_core::ping: Collecting pageload
10-22 16:32:41.031  3806  3839 I libglean_ffi: glean_core::ping: Storage for pageload empty. Bailing out.
10-22 16:32:41.031  3806  3839 I libglean_ffi: glean_core::metrics::ping: No content for ping 'pageload', therefore no ping queued.
10-22 16:32:41.035  3806  3840 I Gecko:DumpUtils: Fifo watcher disabled via pref.
10-22 16:32:41.041  3806  3820 I zygote64: Background concurrent copying GC freed 20384(1117KB) AllocSpace objects, 8(160KB) LOS objects, 49% free, 3MB/6MB, paused 1.932ms total 108.067ms
10-22 16:32:41.056  3806  3839 I libglean_ffi: glean_core::core: Upload enabled: true
10-22 16:32:41.057  3957  5413 D SamsungAlarmManager: setExact Intent (T:0/F:1/AC:false) 20331019T163241 - CU:10169/CP:3806
10-22 16:32:41.087  3957  5413 D ConnectivityService: filterNetworkStateForUid() uid: 10169 networkInfo: [type: WIFI[] - WIFI, state: CONNECTED/CONNECTED, reason: (unspecified), extra: "ourhome", failover: false, available: true, roaming: false, metered: false]
10-22 16:32:41.087  3957  5413 D WifiService: getConnectionInfo uid=1000
10-22 16:32:41.096  3806  3880 I push::internal::communications::rate_limiter: No need to reset inner timestamp and count for verify_connection.
10-22 16:32:41.107  3957  5413 D PackageManager: setEnabledSetting : userId = 0 packageName = org.mozilla.fenix cmp = androidx.work.impl.background.systemalarm.RescheduleReceiver newState = 1 callingPackage = 10169/org.mozilla.fenix
10-22 16:32:41.119  3806  3880 I push::internal::communications::rate_limiter: Not allowed: count(31) > 1 for verify_connection.
10-22 16:32:41.119  3957  5413 D StorageManagerService: getExternalStorageMountMode : 1
10-22 16:32:41.119  3957  5413 D StorageManagerService: getExternalStorageMountMode : 3
10-22 16:32:41.120  3957  5413 D StorageManagerService: getExternalStorageMountMode : final mountMode=1, uid : 10169, packageName : org.mozilla.fenix
10-22 16:32:41.120  3957  5413 I ApplicationPolicy: isApplicationExternalStorageWhitelisted:org.mozilla.fenix user:0
10-22 16:32:41.120  3957  5413 D ApplicationPolicy: isApplicationExternalStorageWhitelisted: DO is not enabled on user 0. Allowed.
10-22 16:32:41.120  3957  5413 D ActivityManager: package  org.mozilla.fenix, user - 0 is SDcard whitelisted
10-22 16:32:41.120  3957  5413 I ApplicationPolicy: isApplicationExternalStorageBlacklisted:org.mozilla.fenix user:0
10-22 16:32:41.120  3806  3880 I AutoPushFeature: No change to subscriptions. Doing nothing.
10-22 16:32:41.121  3957  5413 D ApplicationPolicy: isApplicationExternalStorageBlacklisted: DO is not enabled on user 0. Allowed.
10-22 16:32:41.133  3894  3894 E Zygote  : isWhitelistProcess - Process is Whitelisted
10-22 16:32:41.133  3894  3894 E libpersona: scanKnoxPersonas
10-22 16:32:41.133  3894  3894 E libpersona: Couldn't open the File - /data/system/users/0/personalist.xml - No such file or directory
10-22 16:32:41.135  3957  5413 I ActivityManager: Start proc 3894:org.mozilla.fenix:tab11/u0a169 for service org.mozilla.fenix/org.mozilla.gecko.process.GeckoChildProcessServices$tab11
10-22 16:32:41.135  3957 12585 D ConnectivityService: filterNetworkStateForUid() uid: 10169 networkInfo: [type: WIFI[] - WIFI, state: CONNECTED/CONNECTED, reason: (unspecified), extra: "ourhome", failover: false, available: true, roaming: false, metered: false]
10-22 16:32:41.135  3894  3894 W SELinux : SELinux selinux_android_compute_policy_index : Policy Index[2],  Con:u:r:zygote:s0 RAM:SEPF_SM-J720F_8.0.0_0002, [-1 -1 -1 -1 0 1]
10-22 16:32:41.135  3957 12585 D WifiService: getConnectionInfo uid=1000
10-22 16:32:41.136  3894  3894 I SELinux : SELinux: seapp_context_lookup: seinfo=untrusted, level=s0:c512,c768, pkgname=org.mozilla.fenix:tab11 
10-22 16:32:41.143  3957 12585 I chatty  : uid=1000(system) Binder:3957_1B identical 1 line
10-22 16:32:41.143  3957 12585 D WifiService: getConnectionInfo uid=1000
10-22 16:32:41.146  3957 12585 D ConnectivityService: filterNetworkStateForUid() uid: 10169 networkInfo: [type: WIFI[] - WIFI, state: CONNECTED/CONNECTED, reason: (unspecified), extra: "ourhome", failover: false, available: true, roaming: false, metered: false]
10-22 16:32:41.146  3957 12585 D WifiService: getConnectionInfo uid=1000
10-22 16:32:41.148  3806  3806 I NavController: Ignoring popBackStack to destination org.mozilla.fenix:id/browserFragment as it was not found on the current back stack
10-22 16:32:41.152  3806  3888 D ConnectivityManager: requestNetwork; CallingUid : 10169, CallingPid : 3806
10-22 16:32:41.156  3957  5413 D ConnectivityService: requestNetwork for uid/pid:10169/3806 NetworkRequest [ TRACK_DEFAULT id=2090, [ Capabilities: INTERNET&NOT_RESTRICTED&TRUSTED&NOT_VPN] ]
10-22 16:32:41.157  3894  3894 D TimaKeyStoreProvider: TimaKeyStore is not enabled: cannot add TimaSignature Service and generateKeyPair Service
10-22 16:32:41.157  3894  3894 D ActivityThread: Added TimaKeyStore provider
10-22 16:32:41.159  3957 12585 I ActivityManager: DSS on for org.mozilla.fenix and scale is 1.0
10-22 16:32:41.163  3957  4157 D ConnectivityService: rematching NetworkAgentInfo [WIFI () - 509]
10-22 16:32:41.163  3957  4157 D ConnectivityService:  network has: [ Transports: WIFI Capabilities: NOT_METERED&INTERNET&NOT_RESTRICTED&TRUSTED&NOT_VPN&VALIDATED&FOREGROUND LinkUpBandwidth>=1048576Kbps LinkDnBandwidth>=1048576Kbps SignalStrength: -45]
10-22 16:32:41.163  3957  4157 D ConnectivityService: Network NetworkAgentInfo [WIFI () - 509] was already satisfying request 1. No change.
10-22 16:32:41.163  3957  4157 D ConnectivityService: Network NetworkAgentInfo [WIFI () - 509] was already satisfying request 3. No change.
10-22 16:32:41.163  3957  4157 D ConnectivityService: Network NetworkAgentInfo [WIFI () - 509] was already satisfying request 2025. No change.
10-22 16:32:41.163  3957  4157 D ConnectivityService:   checking if request is satisfied: NetworkRequest [ TRACK_DEFAULT id=2090, [ Capabilities: INTERNET&NOT_RESTRICTED&TRUSTED&NOT_VPN] ]
10-22 16:32:41.163  3957  4157 D ConnectivityService: currentScore = 0, newScore = 100
10-22 16:32:41.163  3957  4157 D ConnectivityService: rematch for NetworkAgentInfo [WIFI () - 509]
10-22 16:32:41.163  3957  4157 D ConnectivityService:    accepting network in place of null
10-22 16:32:41.163  3957  4157 D ConnectivityService: sending new Min Network Score(100): NetworkRequest [ TRACK_DEFAULT id=2090, [ Capabilities: INTERNET&NOT_RESTRICTED&TRUSTED&NOT_VPN] ]
10-22 16:32:41.164  3957  4313 D Ethernet: got request NetworkRequest [ TRACK_DEFAULT id=2090, [ Capabilities: INTERNET&NOT_RESTRICTED&TRUSTED&NOT_VPN] ] with score 100
10-22 16:32:41.164  3957  4313 D Ethernet:   my score=-1, my filter=[ Transports: ETHERNET Capabilities: INTERNET&NOT_RESTRICTED&TRUSTED&NOT_VPN LinkUpBandwidth>=100000Kbps LinkDnBandwidth>=100000Kbps]
10-22 16:32:41.164  3957  4313 D Ethernet: evalRequest
10-22 16:32:41.164  3957  4313 D Ethernet:   done
10-22 16:32:41.164  3957  4129 D WIFI    : got request NetworkRequest [ TRACK_DEFAULT id=2090, [ Capabilities: INTERNET&NOT_RESTRICTED&TRUSTED&NOT_VPN] ] with score 100
10-22 16:32:41.165  3957  4153 D WIFI_P2P: got request NetworkRequest [ TRACK_DEFAULT id=2090, [ Capabilities: INTERNET&NOT_RESTRICTED&TRUSTED&NOT_VPN] ] with score 100
10-22 16:32:41.165  4616  4616 D PhoneSwitcherNetworkRequstListener: got request NetworkRequest [ TRACK_DEFAULT id=2090, [ Capabilities: INTERNET&NOT_RESTRICTED&TRUSTED&NOT_VPN] ] with score 100
10-22 16:32:41.165  3957  4157 D ConnectivityService: MultiNetwork Request(TransportType - Wi-Fi request). Internet Capability doesn't required (false)
10-22 16:32:41.165  3957  4129 D WIFI    :   my score=60, my filter=[ Transports: WIFI Capabilities: NOT_METERED&INTERNET&NOT_RESTRICTED&TRUSTED&NOT_VPN LinkUpBandwidth>=1048576Kbps LinkDnBandwidth>=1048576Kbps]
10-22 16:32:41.165  3957  4153 D WIFI_P2P:   my score=60, my filter=[ Transports: WIFI Capabilities: WIFI_P2P&NOT_RESTRICTED&TRUSTED&NOT_VPN LinkUpBandwidth>=1048576Kbps LinkDnBandwidth>=1048576Kbps]
10-22 16:32:41.165  3957  4129 D WIFI    : evalRequest
10-22 16:32:41.165  3957  4129 D WIFI    :   done
10-22 16:32:41.165  3957  4153 D WIFI_P2P: evalRequest
10-22 16:32:41.165  3957  4153 D WIFI_P2P:   done
10-22 16:32:41.165  3957  4129 D WIFI_UT : got request NetworkRequest [ TRACK_DEFAULT id=2090, [ Capabilities: INTERNET&NOT_RESTRICTED&TRUSTED&NOT_VPN] ] with score 100
10-22 16:32:41.165  3957  4129 D WIFI_UT :   my score=2147483647, my filter=[ Transports: WIFI Capabilities: NOT_METERED&INTERNET&NOT_RESTRICTED&TRUSTED&NOT_VPN LinkUpBandwidth>=1048576Kbps LinkDnBandwidth>=1048576Kbps]
10-22 16:32:41.165  3957  4129 D WIFI_UT : evalRequest
10-22 16:32:41.165  3957  4129 D WIFI_UT :   needNetworkFor
10-22 16:32:41.165  3957  4157 D ConnectivityService: sending notification AVAILABLE for NetworkRequest [ TRACK_DEFAULT id=2090, [ Capabilities: INTERNET&NOT_RESTRICTED&TRUSTED&NOT_VPN] ]
10-22 16:32:41.165  4616  4616 D PhoneSwitcherNetworkRequstListener:   my score=101, my filter=[ Transports: CELLULAR Capabilities: MMS&SUPL&DUN&FOTA&IMS&CBS&IA&RCS&XCAP&EIMS&INTERNET&NOT_RESTRICTED&TRUSTED&NOT_VPN&ENT1 Specifier: <android.net.MatchAllNetworkSpecifier@0>]
10-22 16:32:41.165  4616  4616 D PhoneSwitcherNetworkRequstListener: evalRequest
10-22 16:32:41.165  4616  4616 D PhoneSwitcherNetworkRequstListener:   needNetworkFor
10-22 16:32:41.165  3957  4157 D ConnectivityService: sending notification CAP_CHANGED for NetworkRequest [ TRACK_DEFAULT id=2090, [ Capabilities: INTERNET&NOT_RESTRICTED&TRUSTED&NOT_VPN] ]
10-22 16:32:41.165  3957  4157 D ConnectivityService: sending notification IP_CHANGED for NetworkRequest [ TRACK_DEFAULT id=2090, [ Capabilities: INTERNET&NOT_RESTRICTED&TRUSTED&NOT_VPN] ]
10-22 16:32:41.167  3957 12585 D ConnectivityService: filterNetworkStateForUid() uid: 10169 networkInfo: [type: WIFI[] - WIFI, state: CONNECTED/CONNECTED, reason: (unspecified), extra: "ourhome", failover: false, available: true, roaming: false, metered: false]
10-22 16:32:41.167  3957 12585 D WifiService: getConnectionInfo uid=1000
10-22 16:32:41.174  3957 12585 D ConnectivityService: filterNetworkStateForUid() uid: 10169 networkInfo: [type: WIFI[] - WIFI, state: CONNECTED/CONNECTED, reason: (unspecified), extra: "ourhome", failover: false, available: true, roaming: false, metered: false]
10-22 16:32:41.175  3957 12585 D WifiService: getConnectionInfo uid=1000
10-22 16:32:41.175  3894  3894 I zygote64: no shared libraies, dex_files: 1
10-22 16:32:41.181  3806  3806 I ContileTopSitesUpdater: Started periodic work to update Contile top sites
10-22 16:32:41.225  3328  3328 W keymaster2_mdfpp: entered get_key_characteristics function.
10-22 16:32:41.234  3328  3328 W keymaster_tee: [WRN]KEY_PARAMS: AES ENC DEC GCM PADNO AUTH SIZE:256 
10-22 16:32:41.234  3328  3328 W keymaster_tee: [WRN]KEY_PARAMS: 20230928203226 
10-22 16:32:41.234  3328  3328 W keymaster2_mdfpp: exit get_key_characteristics function, returned 0
10-22 16:32:41.245  3328  3328 W keymaster2_mdfpp: entered get_key_characteristics function.
10-22 16:32:41.247  3328  3328 W keymaster_tee: [WRN]KEY_PARAMS: AES ENC DEC GCM PADNO AUTH SIZE:256 
10-22 16:32:41.247  3328  3328 W keymaster_tee: [WRN]KEY_PARAMS: 20230928203226 
10-22 16:32:41.247  3328  3328 W keymaster2_mdfpp: exit get_key_characteristics function, returned 0
10-22 16:32:41.248  3894  3894 I FenixApplication: onTrimMemory(), level=5, main=false
10-22 16:32:41.250  3328  3328 W keymaster2_mdfpp: entered get_key_characteristics function.
10-22 16:32:41.251  3328  3328 W keymaster_tee: [WRN]KEY_PARAMS: AES ENC DEC GCM PADNO AUTH SIZE:256 
10-22 16:32:41.251  3328  3328 W keymaster_tee: [WRN]KEY_PARAMS: 20230928203226 
10-22 16:32:41.251  3328  3328 W keymaster2_mdfpp: exit get_key_characteristics function, returned 0
10-22 16:32:41.257  3894  3894 I ServiceChildProcess: onCreate
10-22 16:32:41.259  3328  3328 W keymaster2_mdfpp: entered get_key_characteristics function.
10-22 16:32:41.259  3894  3950 I GeckoThread: preparing to run Gecko
10-22 16:32:41.260  3328  3328 W keymaster_tee: [WRN]KEY_PARAMS: AES ENC DEC GCM PADNO AUTH SIZE:256 
10-22 16:32:41.261  3328  3328 W keymaster_tee: [WRN]KEY_PARAMS: 20230928203226 
10-22 16:32:41.261  3328  3328 W keymaster2_mdfpp: exit get_key_characteristics function, returned 0
10-22 16:32:41.263  3328  3328 W keymaster2_mdfpp: entered begin function.
10-22 16:32:41.264  3328  3328 W keymaster2_mdfpp: exit begin function, returned 0
10-22 16:32:41.269  3328  3328 W keymaster2_mdfpp: entered update function.
10-22 16:32:41.269  3328  3328 W keymaster2_mdfpp: exit update function, returned 0
10-22 16:32:41.271  3328  3328 W keymaster2_mdfpp: entered finish function.
10-22 16:32:41.272  3328  3328 W keymaster2_mdfpp: exit finish function, returned 0
10-22 16:32:41.273  3589  3589 W keystore: ENTER remove operation from uid 10169
10-22 16:32:41.296  3806  3851 W logins::schema: user_version: 2
10-22 16:32:41.334  3806  3806 W GeckoViewActivityContextDelegate: A non-activity context was set.
10-22 16:32:41.350  3957  5413 D ConnectivityService: filterNetworkStateForUid() uid: 10169 networkInfo: [type: WIFI[] - WIFI, state: CONNECTED/CONNECTED, reason: (unspecified), extra: "ourhome", failover: false, available: true, roaming: false, metered: false]
10-22 16:32:41.350  3957  5413 D WifiService: getConnectionInfo uid=1000
10-22 16:32:41.351  3957  5413 I chatty  : uid=1000(system) Binder:3957_D identical 1 line
10-22 16:32:41.351  3957  5413 I chatty  : uid=1000(system) Binder:3957_D identical 1 line
10-22 16:32:41.351  3957  5413 D ConnectivityService: filterNetworkStateForUid() uid: 10169 networkInfo: [type: WIFI[] - WIFI, state: CONNECTED/CONNECTED, reason: (unspecified), extra: "ourhome", failover: false, available: true, roaming: false, metered: false]
10-22 16:32:41.351  3957  5413 D WifiService: getConnectionInfo uid=1000
10-22 16:32:41.359  3806  3806 I BgSyncManager: Periodic syncing enabled: PeriodicSyncConfig(periodMinutes=240, initialDelayMinutes=5)
10-22 16:32:41.359  3806  3806 I FirefoxAccountStateMachine: Sync is enabled
10-22 16:32:41.361 11094 11094 E adbd    : recv: OPEN 0000d78b 00000000 0076:73 68 65 6C 6C 2C 76 32 2C 54 45 52 4D 3D 78 74 65 72 6D 2D 32 35 36 63 6F 6C 6F 72 2C 72 61 77 3A 64 75 6D 70 73 79 73 20 61 63 74 69 76 69 74 79 20 72 65 63 65 6E 74 73 20 7C 20 67 72 65 70 20 22 52 65 63 65 6E 74 20 23 30 22 20 7C 20 63 75 74 20 2D 64 20 22 3D 22 20 2D 66 32 20 7C 20 67 72 65 70 20 2D 6F 20 2D 70 20 22 5B 61 2D 7A 7C 2E 5D 2A 22 00 
10-22 16:32:41.361 11094 11094 E adbd    : service_to_fd: shell,v2,TERM=xterm-256color,raw:dumpsys activity recents | grep "Recent #0" | cut -d "=" -f2 | grep -o -p "[a-z|.]*"
10-22 16:32:41.371  3806  4004 I StartupTypeTelemetry: Recorded start up: cold_main
10-22 16:32:41.384  3806  4011 D OpenGLRenderer: HWUI GL Pipeline
10-22 16:32:41.390  3806  3806 D ViewRootImpl@bc73a50[App]: setView = DecorView@847214e[App] TM=true MM=false
10-22 16:32:41.391  3957  4129 D WifiStateMachine:  ConnectedState !RSSI_PKTCNT_FETCH uid=1000 rt=591567976/1647543448 0 0 "ourhome" f4:6d:2f:12:cc:88 rssi=-43 f=5240 sc=60 link=433 tx=1.0, 0.0, 0.0  rx=2.1 bcn=492437 [on:0 tx:0 rx:0 period:999] from screen [on:186981 period:1555266] score=60
10-22 16:32:41.392  3957  4129 D WifiStateMachine:  L2ConnectedState !RSSI_PKTCNT_FETCH uid=1000 rt=591567977/1647543450 0 0 "ourhome" f4:6d:2f:12:cc:88 rssi=-43 f=5240 sc=60 link=433 tx=1.0, 0.0, 0.0  rx=2.1 bcn=492437 [on:0 tx:0 rx:0 period:1] from screen [on:186981 period:1555267] score=60
10-22 16:32:41.394  3957 12585 D ActivityManager: post active user change for 0 fullscreen true isHomeActivity() false
10-22 16:32:41.395  3806  3806 I Choreographer: Skipped 54 frames!  The application may be doing too much work on its main thread.
10-22 16:32:41.396  3957  4129 D WifiStateMachine: fetchRssiLinkSpeedAndFrequencyNative rssi=-43 linkspeed=433 freq=5240
10-22 16:32:41.396  3957  4129 V WifiConfigManager: Updating scan detail cache freq=5240 BSSID=f4:6d:2f:12:cc:88 RSSI=-43 for "ourhome"WPA_PSK
10-22 16:32:41.401  3806  3806 D ViewRootImpl@bc73a50[App]: dispatchAttachedToWindow
10-22 16:32:41.407  3957  5416 V WindowManager: Relayout Window{d9e4d6b u0 org.mozilla.fenix/org.mozilla.fenix.App}: viewVisibility=0 req=719x1237 WM.LayoutParams{(0,0)(fillxfill) sim=#110 ty=1 fl=#81010100 pfl=0x20000 wanim=0x7f1404fa vsysui=0x2610 needsMenuKey=2 colorMode=0 naviIconColor=0}
10-22 16:32:41.412  3447  3447 I SurfaceFlinger: id=3154 createSurf (720x1280),1 flag=404, org.mozilla.fenix/org.mozilla.fenix.App#0
10-22 16:32:41.413  3957  5416 V Surface : sf_framedrop debug : 0x4f4c, game : false, logging : 0
10-22 16:32:41.414  3957  3973 D WindowManager: set systemUiVisibility : systemUiFlags= 0x2608 fullscreenStackSysUiFlags= 0x0
10-22 16:32:41.418  2479  2548 D ScanRecord: Not a Multi Manu data
10-22 16:32:41.418  3957  5416 D InputDispatcher: Focus entered window: 3806
10-22 16:32:41.418  2479  2548 I chatty  : uid=1002(bluetooth) BT Service Call expire 9 lines
10-22 16:32:41.418  2479  2548 D ScanRecord: Not a Multi Manu data
10-22 16:32:41.418  2479  2548 D ScanRecord: Not a Multi Manu data
10-22 16:32:41.419  2479  2548 I chatty  : uid=1002(bluetooth) BT Service Call identical 13 lines
10-22 16:32:41.419  2479  2548 D ScanRecord: Not a Multi Manu data
10-22 16:32:41.419  3806  3840 W ResourceType: Too many attribute references, stopped at: 0x01010099
10-22 16:32:41.419  3806  3806 V Surface : sf_framedrop debug : 0x4f4c, game : false, logging : 0
10-22 16:32:41.420  3957 12585 D WindowManager: adjustSystemUiVisibilityLw : vis= 0x2608
10-22 16:32:41.420  3806  3806 D ViewRootImpl@bc73a50[App]: Relayout returned: old=[0,0][0,0] new=[0,0][720,1280] result=0x7 surface={valid=true 499299307520} changed=true
10-22 16:32:41.426  3447  3447 I SurfaceFlinger: id=3155 createSurf (720x1238),1 flag=4, SurfaceView - org.mozilla.fenix/org.mozilla.fenix.App@baaf075@0#0
10-22 16:32:41.427  3806  4011 I OpenGLRenderer: Initialized EGL, version 1.4
10-22 16:32:41.427  3806  4011 D OpenGLRenderer: Swap behavior 2
10-22 16:32:41.427  3447  3447 I SurfaceFlinger: id=3156 createSurf (720x1238),-1 flag=20004, Background for - SurfaceView - org.mozilla.fenix/org.mozilla.fenix.App@baaf075@0#0
10-22 16:32:41.428  3806  3806 D SurfaceView: BG hide() Surface(name=Background for - SurfaceView - org.mozilla.fenix/org.mozilla.fenix.App@baaf075@0) false true org.mozilla.gecko.MagnifiableSurfaceView{baaf075 V.E...... ......ID 0,0-720,1238}
10-22 16:32:41.432  3806  4011 D libGLESv1: STS_GLApi : DTS, ODTC are not allowed for Package : org.mozilla.fenix
10-22 16:32:41.433  3806  4011 D mali_winsys: EGLint new_window_surface(egl_winsys_display *, void *, EGLSurface, EGLConfig, egl_winsys_surface **, egl_color_buffer_format *, EGLBoolean) returns 0x3000,  [720x1280]-format:1
10-22 16:32:41.433  3806  4011 D OpenGLRenderer: eglCreateWindowSurface = 0x74405471c0
10-22 16:32:41.435  2479  2548 D ScanRecord: Not a Multi Manu data
10-22 16:32:41.435  2479  2548 I chatty  : uid=1002(bluetooth) BT Service Call identical 11 lines
10-22 16:32:41.435  2479  2548 D ScanRecord: Not a Multi Manu data
10-22 16:32:41.435 11094 11094 E adbd    : recv: OPEN 0000d78f 00000000 0042:73 68 65 6C 6C 2C 76 32 2C 54 45 52 4D 3D 78 74 65 72 6D 2D 32 35 36 63 6F 6C 6F 72 2C 72 61 77 3A 67 65 74 70 72 6F 70 20 72 6F 2E 62 75 69 6C 64 2E 76 65 72 73 69 6F 6E 2E 72 65 6C 65 61 73 65 00 
10-22 16:32:41.436 11094 11094 E adbd    : service_to_fd: shell,v2,TERM=xterm-256color,raw:getprop ro.build.version.release
10-22 16:32:41.437  2479  2548 D ScanRecord: Not a Multi Manu data
10-22 16:32:41.438  2479  2548 I chatty  : uid=1002(bluetooth) BT Service Call identical 11 lines
10-22 16:32:41.438  2479  2548 D ScanRecord: Not a Multi Manu data
10-22 16:32:41.439  3806  3806 V Surface : sf_framedrop debug : 0x4f4c, game : false, logging : 0
10-22 16:32:41.441  3806  3806 D SurfaceView: surfaceCreated 1 org.mozilla.gecko.MagnifiableSurfaceView{baaf075 V.E...... ......ID 0,0-720,1238}
10-22 16:32:41.441  3806  3806 D SurfaceView: surfaceChanged (720,1238) 1 org.mozilla.gecko.MagnifiableSurfaceView{baaf075 V.E...... ......ID 0,0-720,1238}
10-22 16:32:41.449  3806  3839 I libglean_ffi: glean_core::ping: Collecting baseline
10-22 16:32:41.451  2479  2548 D ScanRecord: Not a Multi Manu data
10-22 16:32:41.451  2479  2548 I chatty  : uid=1002(bluetooth) BT Service Call identical 11 lines
10-22 16:32:41.451  2479  2548 D ScanRecord: Not a Multi Manu data
10-22 16:32:41.457  3957 12585 D StorageManagerService: getExternalStorageMountMode : 1
10-22 16:32:41.457  3957 12585 D StorageManagerService: getExternalStorageMountMode : 3
10-22 16:32:41.457  3957 12585 D StorageManagerService: getExternalStorageMountMode : final mountMode=1, uid : 10169, packageName : org.mozilla.fenix
10-22 16:32:41.458  3957 12585 I ApplicationPolicy: isApplicationExternalStorageWhitelisted:org.mozilla.fenix user:0
10-22 16:32:41.458  3957 12585 D ApplicationPolicy: isApplicationExternalStorageWhitelisted: DO is not enabled on user 0. Allowed.
10-22 16:32:41.458  3957 12585 D ActivityManager: package  org.mozilla.fenix, user - 0 is SDcard whitelisted
10-22 16:32:41.458  3957 12585 I ApplicationPolicy: isApplicationExternalStorageBlacklisted:org.mozilla.fenix user:0
10-22 16:32:41.458  3957 12585 D ApplicationPolicy: isApplicationExternalStorageBlacklisted: DO is not enabled on user 0. Allowed.
10-22 16:32:41.462  3806  3839 I libglean_ffi: glean_core::upload::directory: Processing ping at: /data/user/0/org.mozilla.fenix/glean_data/pending_pings/72f8c502-5895-43ed-91df-437b94459865
10-22 16:32:41.463  3806  3839 I libglean_ffi: glean_core::metrics::ping: The ping 'baseline' was submitted and will be sent as soon as possible
10-22 16:32:41.463  2479  2548 D ScanRecord: Not a Multi Manu data
10-22 16:32:41.463  2479  2548 I chatty  : uid=1002(bluetooth) BT Service Call identical 11 lines
10-22 16:32:41.463  2479  2548 D ScanRecord: Not a Multi Manu data
10-22 16:32:41.471  4062  4062 E Zygote  : isWhitelistProcess - Process is Whitelisted
10-22 16:32:41.472  4062  4062 E libpersona: scanKnoxPersonas
10-22 16:32:41.472  4062  4062 E libpersona: Couldn't open the File - /data/system/users/0/personalist.xml - No such file or directory
10-22 16:32:41.472  3957 12585 I ActivityManager: Start proc 4062:org.mozilla.fenix:gpu/u0a169 for service org.mozilla.fenix/org.mozilla.gecko.process.GeckoChildProcessServices$gpu
10-22 16:32:41.472  2479  2548 D ScanRecord: Not a Multi Manu data
10-22 16:32:41.473  2479  2548 I chatty  : uid=1002(bluetooth) BT Service Call identical 11 lines
10-22 16:32:41.473  2479  2548 D ScanRecord: Not a Multi Manu data
10-22 16:32:41.473  4062  4062 W SELinux : SELinux selinux_android_compute_policy_index : Policy Index[2],  Con:u:r:zygote:s0 RAM:SEPF_SM-J720F_8.0.0_0002, [-1 -1 -1 -1 0 1]
10-22 16:32:41.474  4062  4062 I SELinux : SELinux: seapp_context_lookup: seinfo=untrusted, level=s0:c512,c768, pkgname=org.mozilla.fenix:gpu 
10-22 16:32:41.477  2479  2548 D ScanRecord: Not a Multi Manu data
10-22 16:32:41.482  2479  2548 I chatty  : uid=1002(bluetooth) BT Service Call identical 24 lines
10-22 16:32:41.482  2479  2548 D ScanRecord: Not a Multi Manu data
10-22 16:32:41.488  3806  3840 W linker  : "/data/app/org.mozilla.fenix-iWpGOrf8cry6RDpwHyQugA==/lib/arm64/libsoftokn3.so" unused DT entry: type 0x8000024 arg 0x2580
10-22 16:32:41.488  3806  3840 W linker  : "/data/app/org.mozilla.fenix-iWpGOrf8cry6RDpwHyQugA==/lib/arm64/libsoftokn3.so" unused DT entry: type 0x8000023 arg 0x70
10-22 16:32:41.488  3806  3840 W linker  : "/data/app/org.mozilla.fenix-iWpGOrf8cry6RDpwHyQugA==/lib/arm64/libsoftokn3.so" unused DT entry: type 0x8000025 arg 0x8
10-22 16:32:41.491  4062  4062 D TimaKeyStoreProvider: TimaKeyStore is not enabled: cannot add TimaSignature Service and generateKeyPair Service
10-22 16:32:41.491  2479  2548 D ScanRecord: Not a Multi Manu data
10-22 16:32:41.491  4062  4062 D ActivityThread: Added TimaKeyStore provider
10-22 16:32:41.491  2479  2548 D ScanRecord: Not a Multi Manu data
10-22 16:32:41.491  2479  2548 D ScanRecord: Not a Multi Manu data
10-22 16:32:41.491  2479  2548 I chatty  : uid=1002(bluetooth) BT Service Call identical 9 lines
10-22 16:32:41.491  2479  2548 D ScanRecord: Not a Multi Manu data
10-22 16:32:41.492 11094 11094 E adbd    : recv: OPEN 0000d793 00000000 003e:73 68 65 6C 6C 2C 76 32 2C 54 45 52 4D 3D 78 74 65 72 6D 2D 32 35 36 63 6F 6C 6F 72 2C 72 61 77 3A 67 65 74 70 72 6F 70 20 72 6F 2E 62 75 69 6C 64 2E 76 65 72 73 69 6F 6E 2E 73 64 6B 00 
10-22 16:32:41.492 11094 11094 E adbd    : service_to_fd: shell,v2,TERM=xterm-256color,raw:getprop ro.build.version.sdk
10-22 16:32:41.494  2479  2548 D ScanRecord: Not a Multi Manu data
10-22 16:32:41.494  3957 12585 I ActivityManager: DSS on for org.mozilla.fenix and scale is 1.0
10-22 16:32:41.497  2479  2548 I chatty  : uid=1002(bluetooth) BT Service Call identical 24 lines
10-22 16:32:41.497  2479  2548 D ScanRecord: Not a Multi Manu data
10-22 16:32:41.506  3806  3840 W linker  : "/data/app/org.mozilla.fenix-iWpGOrf8cry6RDpwHyQugA==/lib/arm64/libfreebl3.so" unused DT entry: type 0x8000024 arg 0xe78
10-22 16:32:41.506  3806  3840 W linker  : "/data/app/org.mozilla.fenix-iWpGOrf8cry6RDpwHyQugA==/lib/arm64/libfreebl3.so" unused DT entry: type 0x8000023 arg 0x68
10-22 16:32:41.506  3806  3840 W linker  : "/data/app/org.mozilla.fenix-iWpGOrf8cry6RDpwHyQugA==/lib/arm64/libfreebl3.so" unused DT entry: type 0x8000025 arg 0x8
10-22 16:32:41.509  2479  2548 D ScanRecord: Not a Multi Manu data
10-22 16:32:41.509  2479  2548 I chatty  : uid=1002(bluetooth) BT Service Call identical 11 lines
10-22 16:32:41.509  2479  2548 D ScanRecord: Not a Multi Manu data
10-22 16:32:41.512  4062  4062 I zygote64: no shared libraies, dex_files: 1
10-22 16:32:41.513  3957 12585 D ConnectivityService: filterNetworkStateForUid() uid: 10169 networkInfo: [type: WIFI[] - WIFI, state: CONNECTED/CONNECTED, reason: (unspecified), extra: "ourhome", failover: false, available: true, roaming: false, metered: false]
10-22 16:32:41.513  3957 12585 D WifiService: getConnectionInfo uid=1000
10-22 16:32:41.514  3957 12585 I chatty  : uid=1000(system) Binder:3957_1B identical 1 line
10-22 16:32:41.514  3957 12585 I chatty  : uid=1000(system) Binder:3957_1B identical 1 line
10-22 16:32:41.515  3957 12585 D ConnectivityService: filterNetworkStateForUid() uid: 10169 networkInfo: [type: WIFI[] - WIFI, state: CONNECTED/CONNECTED, reason: (unspecified), extra: "ourhome", failover: false, available: true, roaming: false, metered: false]
10-22 16:32:41.515  3957 12585 D WifiService: getConnectionInfo uid=1000
10-22 16:32:41.517  2479  2548 D ScanRecord: same manuId data exists, combine both data and store
10-22 16:32:41.517  2479  2548 D ScanRecord: It's a Multi Manu data
10-22 16:32:41.517  2479  2548 I chatty  : uid=1002(bluetooth) BT Service Call identical 9 lines
10-22 16:32:41.517  2479  2548 D ScanRecord: It's a Multi Manu data
10-22 16:32:41.517  2479  2548 D ScanRecord: same manuId data exists, combine both data and store
10-22 16:32:41.517  2479  2548 D ScanRecord: same manuId data exists, combine both data and store
10-22 16:32:41.517  2479  2548 D ScanRecord: It's a Multi Manu data
10-22 16:32:41.517  2479  2548 D ScanFilter: manu data matches
10-22 16:32:41.518  2479  2548 D BtGatt.GattService: onScanResult to scannerId: 6- event_type=0x1b, address_type=1, address=EC:3, primary_phy=1, secondary_phy=0, advertising_sid=0xff, tx_power=127, rssi=-73, periodic_adv_int=0x0
10-22 16:32:41.518 23612 23732 D ScanRecord: same manuId data exists, combine both data and store
10-22 16:32:41.526  3806  4080 I FirefoxAccountStateMachine: Processing event 'mozilla.components.service.fxa.manager.Event$Account$Start@d61c0f8' for state Idle(accountState=NotAuthenticated). Next state is Active(progressState=Initializing)
10-22 16:32:41.534  2479  2548 D ScanRecord: Not a Multi Manu data
10-22 16:32:41.535  2479  2548 I chatty  : uid=1002(bluetooth) BT Service Call identical 11 lines
10-22 16:32:41.535  2479  2548 D ScanRecord: Not a Multi Manu data
10-22 16:32:41.535  3957  5416 V WindowManager: Relayout Window{d9e4d6b u0 org.mozilla.fenix/org.mozilla.fenix.App}: viewVisibility=0 req=720x1280 WM.LayoutParams{(0,0)(fillxfill) sim=#110 ty=1 fl=#81010100 pfl=0x20000 fmt=-3 wanim=0x7f1404fa vsysui=0x2610 needsMenuKey=2 colorMode=0 naviIconColor=0}
10-22 16:32:41.540  3806  3806 D ViewRootImpl@bc73a50[App]: Relayout returned: old=[0,0][720,1280] new=[0,0][720,1280] result=0x3 surface={valid=true 499299307520} changed=false
10-22 16:32:41.540  3806  4000 W linker  : "/data/app/org.mozilla.fenix-iWpGOrf8cry6RDpwHyQugA==/lib/arm64/libnssckbi.so" unused DT entry: type 0x8000024 arg 0xc08
10-22 16:32:41.541  3806  4000 W linker  : "/data/app/org.mozilla.fenix-iWpGOrf8cry6RDpwHyQugA==/lib/arm64/libnssckbi.so" unused DT entry: type 0x8000023 arg 0x258
10-22 16:32:41.541  3806  4000 W linker  : "/data/app/org.mozilla.fenix-iWpGOrf8cry6RDpwHyQugA==/lib/arm64/libnssckbi.so" unused DT entry: type 0x8000025 arg 0x8
10-22 16:32:41.549  3328  3328 W keymaster2_mdfpp: entered get_key_characteristics function.
10-22 16:32:41.549 11094 11094 E adbd    : recv: OPEN 0000d797 00000000 0042:73 68 65 6C 6C 2C 76 32 2C 54 45 52 4D 3D 78 74 65 72 6D 2D 32 35 36 63 6F 6C 6F 72 2C 72 61 77 3A 67 65 74 70 72 6F 70 20 72 6F 2E 62 75 69 6C 64 2E 76 65 72 73 69 6F 6E 2E 72 65 6C 65 61 73 65 00 
10-22 16:32:41.549 11094 11094 E adbd    : service_to_fd: shell,v2,TERM=xterm-256color,raw:getprop ro.build.version.release
10-22 16:32:41.550  3328  3328 W keymaster_tee: [WRN]KEY_PARAMS: AES ENC DEC GCM PADNO AUTH SIZE:256 
10-22 16:32:41.550  3328  3328 W keymaster_tee: [WRN]KEY_PARAMS: 20230928203226 
10-22 16:32:41.550  3328  3328 W keymaster2_mdfpp: exit get_key_characteristics function, returned 0
10-22 16:32:41.551  3957  5416 D ConnectivityService: filterNetworkStateForUid() uid: 10169 networkInfo: [type: WIFI[] - WIFI, state: CONNECTED/CONNECTED, reason: (unspecified), extra: "ourhome", failover: false, available: true, roaming: false, metered: false]
10-22 16:32:41.551  3957  5416 D WifiService: getConnectionInfo uid=1000
10-22 16:32:41.553  3957  5416 D ConnectivityService: filterNetworkStateForUid() uid: 10169 networkInfo: [type: WIFI[] - WIFI, state: CONNECTED/CONNECTED, reason: (unspecified), extra: "ourhome", failover: false, available: true, roaming: false, metered: false]
10-22 16:32:41.553  3957  5416 D WifiService: getConnectionInfo uid=1000
10-22 16:32:41.555  3328  3328 W keymaster2_mdfpp: entered get_key_characteristics function.
10-22 16:32:41.557  3328  3328 W keymaster_tee: [WRN]KEY_PARAMS: AES ENC DEC GCM PADNO AUTH SIZE:256 
10-22 16:32:41.557  3328  3328 W keymaster_tee: [WRN]KEY_PARAMS: 20230928203226 
10-22 16:32:41.557  3328  3328 W keymaster2_mdfpp: exit get_key_characteristics function, returned 0
10-22 16:32:41.566  2479  2548 D ScanRecord: Not a Multi Manu data
10-22 16:32:41.572  2479  2548 I chatty  : uid=1002(bluetooth) BT Service Call identical 24 lines
10-22 16:32:41.572  2479  2548 D ScanRecord: Not a Multi Manu data
10-22 16:32:41.578  3806  3820 I zygote64: Background concurrent copying GC freed 21544(1477KB) AllocSpace objects, 25(612KB) LOS objects, 49% free, 2MB/5MB, paused 2.310ms total 128.140ms
10-22 16:32:41.587  2479  2548 D ScanRecord: Not a Multi Manu data
10-22 16:32:41.588  2479  2548 I chatty  : uid=1002(bluetooth) BT Service Call identical 11 lines
10-22 16:32:41.588  2479  2548 D ScanRecord: Not a Multi Manu data
10-22 16:32:41.589  3806  4080 I FirefoxAccount: Registering persistence callback
10-22 16:32:41.590  3806  4080 I FirefoxAccountStateMachine: Ran 'mozilla.components.service.fxa.manager.Event$Account$Start@d61c0f8' side-effects for state Active(progressState=Initializing), got successive event mozilla.components.service.fxa.manager.Event$Progress$AccountNotFound@be7b710
10-22 16:32:41.590  3806  4080 I FirefoxAccountStateMachine: Processing event 'mozilla.components.service.fxa.manager.Event$Progress$AccountNotFound@be7b710' for state Active(progressState=Initializing). Next state is Idle(accountState=NotAuthenticated)
10-22 16:32:41.591  4062  4062 I FenixApplication: onTrimMemory(), level=5, main=false
10-22 16:32:41.592  4062  4062 I ServiceChildProcess: onCreate
10-22 16:32:41.593  2479  2548 D ScanRecord: Not a Multi Manu data
10-22 16:32:41.593  2479  2548 I chatty  : uid=1002(bluetooth) BT Service Call identical 10 lines
10-22 16:32:41.593  2479  2548 D ScanRecord: Not a Multi Manu data
10-22 16:32:41.594  4062  4119 I GeckoThread: preparing to run Gecko
10-22 16:32:41.594  2479  2548 D ScanRecord: Not a Multi Manu data
10-22 16:32:41.594  3957  5416 V WindowManager: finishDrawingLocked: mDrawState=COMMIT_DRAW_PENDING Window{d9e4d6b u0 org.mozilla.fenix/org.mozilla.fenix.App} in Surface(name=org.mozilla.fenix/org.mozilla.fenix.App)
10-22 16:32:41.595  2479  2548 D ScanRecord: Not a Multi Manu data
10-22 16:32:41.595  3806  3806 D ViewRootImpl@bc73a50[App]: MSG_RESIZED_REPORT: frame=Rect(0, 0 - 720, 1280) ci=Rect(0, 42 - 0, 0) vi=Rect(0, 42 - 0, 0) or=1
10-22 16:32:41.595  2479  2548 D ScanRecord: Not a Multi Manu data
10-22 16:32:41.595  2479  2548 I chatty  : uid=1002(bluetooth) BT Service Call identical 8 lines
10-22 16:32:41.595  2479  2548 D ScanRecord: Not a Multi Manu data
10-22 16:32:41.595  3806  3806 D ViewRootImpl@bc73a50[App]: MSG_WINDOW_FOCUS_CHANGED 1
10-22 16:32:41.596  2479  2548 D ScanRecord: Not a Multi Manu data
10-22 16:32:41.596  2479  2548 D ScanRecord: Not a Multi Manu data
10-22 16:32:41.600 11094 11094 E adbd    : recv: OPEN 0000d79b 00000000 003e:73 68 65 6C 6C 2C 76 32 2C 54 45 52 4D 3D 78 74 65 72 6D 2D 32 35 36 63 6F 6C 6F 72 2C 72 61 77 3A 67 65 74 70 72 6F 70 20 72 6F 2E 62 75 69 6C 64 2E 76 65 72 73 69 6F 6E 2E 73 64 6B 00 
10-22 16:32:41.600 11094 11094 E adbd    : service_to_fd: shell,v2,TERM=xterm-256color,raw:getprop ro.build.version.sdk
10-22 16:32:41.605  3957  4025 D ViewRootImpl@10f696f[fenix]: dispatchDetachedFromWindow
10-22 16:32:41.605  3957  4025 D InputEventReceiver: channel '89e67c Splash Screen org.mozilla.fenix (client)' ~ Disposing input event receiver.
10-22 16:32:41.605  3957  4025 D InputEventReceiver: channel '89e67c Splash Screen org.mozilla.fenix (client)' ~NativeInputEventReceiver.
10-22 16:32:41.608  3957  3973 D WindowManager: set systemUiVisibility : systemUiFlags= 0x2618 fullscreenStackSysUiFlags= 0x0
10-22 16:32:41.610  3957  3968 D WindowManager: adjustSystemUiVisibilityLw : vis= 0x2618
10-22 16:32:41.610  3957  3981 I ActivityManager: Displayed org.mozilla.fenix/.App: +1s332ms
10-22 16:32:41.611  3957  3981 D CustomFrequencyManagerService: acquireDVFSLockLocked : type : DVFS_MIN_LIMIT  frequency : 1560000  uid : 1000  pid : 3957  pkgName : AMS_RESUME_TAIL@CPU_MIN@58
10-22 16:32:41.611  3957  3981 D ActivityManagerPerformance: AMP_acquire() TAIL
10-22 16:32:41.612  3957  3981 D CustomFrequencyManagerService: releaseDVFSLockLocked : Getting Lock type frm List : DVFS_MIN_LIMIT  frequency : 1560000  uid : 1000  pid : 3957  tag : AMS_APP_SWITCH@CPU_MIN@52
10-22 16:32:41.612  3957  3981 D ActivityManagerPerformance: AMP_release() APP_SWITCH
10-22 16:32:41.612  3957  3973 D WindowManager: set systemUiVisibility : systemUiFlags= 0x2618 fullscreenStackSysUiFlags= 0x2000
10-22 16:32:41.619  2479  2548 D ScanRecord: Not a Multi Manu data
10-22 16:32:41.619  2479  2548 I chatty  : uid=1002(bluetooth) BT Service Call identical 9 lines
10-22 16:32:41.619  2479  2548 D ScanRecord: Not a Multi Manu data
10-22 16:32:41.619  3599  3918 D DnsProxyListener: DNSDBG::dns addrinfo af 0
10-22 16:32:41.619  2479  2548 D ScanRecord: Not a Multi Manu data
