10-22 15:36:50.365  3957  4651 D InputMethodManagerService: isImeSwitcherDisabledPackage : false
10-22 15:36:50.365  3957  4651 V InputMethodManagerService: Creating new session for client ClientState{a36dab3 uid 10169 pid 29241}
10-22 15:36:50.367  3957  4651 D ConnectivityService: filterNetworkStateForUid() uid: 10169 networkInfo: [type: WIFI[] - WIFI, state: CONNECTED/CONNECTED, reason: (unspecified), extra: "ourhome", failover: false, available: true, roaming: false, metered: false]
10-22 15:36:50.367  3957  4651 D WifiService: getConnectionInfo uid=1000
10-22 15:36:50.367  3957  5416 D InputMethodManagerService: setCurrentInputInfo - inputContext : null eidtorInfo : android.view.inputmethod.EditorInfo@4394022 missingMethods : 0
10-22 15:36:50.368 14900 14900 I InputMethodWrapper:  call dispatchStartInputWithToken
10-22 15:36:50.368 14900 14900 I InputMethodService: dispatchStartInputWithToken
10-22 15:36:50.368  3957 14904 D ConnectivityService: filterNetworkStateForUid() uid: 10169 networkInfo: [type: WIFI[] - WIFI, state: CONNECTED/CONNECTED, reason: (unspecified), extra: "ourhome", failover: false, available: true, roaming: false, metered: false]
10-22 15:36:50.368 14900 14900 I SKBD    : SamsungKeypad [IMI] onStartInput - caller pid : 29241, caller uid : 10169
10-22 15:36:50.368  3957 14904 D WifiService: getConnectionInfo uid=1000
10-22 15:36:50.369  3957 14904 D WifiService: getConnectionInfo uid=1000
10-22 15:36:50.379 29241 29465 I libglean_ffi: glean_core::upload: New upload task with id 1825141e-c346-4d00-b942-01422dbdaf88 (path: /submit/org-mozilla-fenix/baseline/1/1825141e-c346-4d00-b942-01422dbdaf88)
10-22 15:36:50.383 29410 29458 W linker  : "/data/app/org.mozilla.fenix-iWpGOrf8cry6RDpwHyQugA==/lib/arm64/libmozglue.so" unused DT entry: type 0x8000024 arg 0x38f70
10-22 15:36:50.383 29410 29458 W linker  : "/data/app/org.mozilla.fenix-iWpGOrf8cry6RDpwHyQugA==/lib/arm64/libmozglue.so" unused DT entry: type 0x8000023 arg 0x1f8
10-22 15:36:50.383 29410 29458 W linker  : "/data/app/org.mozilla.fenix-iWpGOrf8cry6RDpwHyQugA==/lib/arm64/libmozglue.so" unused DT entry: type 0x8000025 arg 0x8
10-22 15:36:50.386 29241 29241 V InputMethodManager: Starting input: tba=android.view.inputmethod.EditorInfo@2a9d87d nm : org.mozilla.fenix ic=null
10-22 15:36:50.387  3957 14904 D WifiService: getConnectionInfo uid=1000
10-22 15:36:50.388  3957 14904 I chatty  : uid=1000(system) Binder:3957_1C identical 3 lines
10-22 15:36:50.388  3957 14904 D WifiService: getConnectionInfo uid=1000
10-22 15:36:50.388 29410 29458 I GeckoLoader: Library base=/data/app/org.mozilla.fenix-iWpGOrf8cry6RDpwHyQugA==/lib/arm64
10-22 15:36:50.388 29410 29458 I GeckoLoader: Library base=/data/app/org.mozilla.fenix-iWpGOrf8cry6RDpwHyQugA==/lib/arm64
10-22 15:36:50.389  3957 14904 D ConnectivityService: filterNetworkStateForUid() uid: 10169 networkInfo: [type: WIFI[] - WIFI, state: CONNECTED/CONNECTED, reason: (unspecified), extra: "ourhome", failover: false, available: true, roaming: false, metered: false]
10-22 15:36:50.389  3957 14904 D WifiService: getConnectionInfo uid=1000
10-22 15:36:50.390 29410 29458 E GeckoLibLoad: Load sqlite start
10-22 15:36:50.390 29410 29458 W linker  : "/data/app/org.mozilla.fenix-iWpGOrf8cry6RDpwHyQugA==/lib/arm64/libnss3.so" unused DT entry: type 0x8000024 arg 0x14998
10-22 15:36:50.391 29410 29458 W linker  : "/data/app/org.mozilla.fenix-iWpGOrf8cry6RDpwHyQugA==/lib/arm64/libnss3.so" unused DT entry: type 0x8000023 arg 0x5c8
10-22 15:36:50.391 29410 29458 W linker  : "/data/app/org.mozilla.fenix-iWpGOrf8cry6RDpwHyQugA==/lib/arm64/libnss3.so" unused DT entry: type 0x8000025 arg 0x8
10-22 15:36:50.392 29410 29458 E GeckoLibLoad: Load sqlite done
10-22 15:36:50.392 29410 29458 I GeckoLoader: Library base=/data/app/org.mozilla.fenix-iWpGOrf8cry6RDpwHyQugA==/lib/arm64
10-22 15:36:50.392 29410 29458 E GeckoLibLoad: Load nss start
10-22 15:36:50.392 29410 29458 E GeckoLibLoad: Load nss done
10-22 15:36:50.392 29410 29458 I GeckoLoader: Library base=/data/app/org.mozilla.fenix-iWpGOrf8cry6RDpwHyQugA==/lib/arm64
10-22 15:36:50.393  3447  3447 I SurfaceFlinger: Display 0 HWC layers:
10-22 15:36:50.393  3447  3447 I SurfaceFlinger:     type    |    handle    | flag |  format   |   source crop (l,t,r,b)    |         frame       | name 
10-22 15:36:50.393  3447  3447 I SurfaceFlinger: ------------+--------------+------+-----------+----------------------------+---------------------+------
10-22 15:36:50.393  3447  3447 I SurfaceFlinger:      Device | 0x7e9ec22200 | 0000 | RGBA_8888 |   0.0    0.0  720.0 1280.0 |    0    0  720 1280 | org.mozilla.fenix/org.mozilla.fenix.App#0
10-22 15:36:50.393  3447  3447 I SurfaceFlinger:      Device | 0x7e9ec21e40 | 0000 | RGBA_8888 |   0.0    0.0  720.0 1280.0 |    0    0  720 1280 | Splash Screen org.mozilla.fenix#0
10-22 15:36:50.393  3447  3447 I SurfaceFlinger:      Device | 0x7e9ecdf280 | 0000 | RGBA_8888 |   0.0    0.0  720.0   42.0 |    0    0  720   42 | StatusBar#0
10-22 15:36:50.393  3447  3447 I SurfaceFlinger: 
10-22 15:36:50.395 29410 29458 W linker  : "/data/app/org.mozilla.fenix-iWpGOrf8cry6RDpwHyQugA==/lib/arm64/libxul.so" unused DT entry: type 0x8000024 arg 0x539420
10-22 15:36:50.395 29410 29458 W linker  : "/data/app/org.mozilla.fenix-iWpGOrf8cry6RDpwHyQugA==/lib/arm64/libxul.so" unused DT entry: type 0x8000023 arg 0x17d68
10-22 15:36:50.395 29410 29458 W linker  : "/data/app/org.mozilla.fenix-iWpGOrf8cry6RDpwHyQugA==/lib/arm64/libxul.so" unused DT entry: type 0x8000025 arg 0x8
10-22 15:36:50.416 29410 29458 E GeckoLibLoad: Loaded libs in 24.093807ms total, 8ms(8ms) user, 16ms(16ms) system, 0(0) faults
10-22 15:36:50.417 29410 29458 W GeckoThread: zerdatime 1644192475 - runGecko
10-22 15:36:50.418 29197 29197 I BatteryMgr:DataCollectionService: onStartCommand: begin
10-22 15:36:50.421 29197 29197 I BatteryMgr:DataCollectionService: onStartCommand: sampleRate => 100
10-22 15:36:50.421 29197 29197 I BatteryMgr:DataCollectionService: onStartCommand: rawFields => Timestamp,BATTERY_PROPERTY_CURRENT_NOW,EXTRA_VOLTAGE,BATTERY_PROPERTY_CURRENT_AVERAGE,BATTERY_PROPERTY_CHARGE_COUNTER,BATTERY_PROPERTY_CAPACITY
10-22 15:36:50.423 29197 29197 I BatteryMgr:DataCollectionService: onStartCommand: notification done
10-22 15:36:50.424 29197 29197 D Notification: allPendingIntents
10-22 15:36:50.427  3957  3972 D ApplicationPolicy: isStatusBarNotificationAllowedAsUser: packageName = android,userId = 0
10-22 15:36:50.427  3957  3972 D API test: getContainerInfo: value is 
10-22 15:36:50.427  3957  3972 D ApplicationPolicy: isStatusBarNotificationAllowedAsUser: packageName = android,userId = 0
10-22 15:36:50.427  3957  3972 D API test: getContainerInfo: value is 
10-22 15:36:50.428  3957  3972 E NotificationService: Suppressing notification from package by user request.
10-22 15:36:50.428  3957  3972 D ApplicationPolicy: isStatusBarNotificationAllowedAsUser: packageName = com.example.batterymanager_utility,userId = 0
10-22 15:36:50.428  3957  3972 D API test: getContainerInfo: value is 
10-22 15:36:50.428  3957  3972 D ApplicationPolicy: isStatusBarNotificationAllowedAsUser: packageName = com.example.batterymanager_utility,userId = 0
10-22 15:36:50.429  3957  3972 D API test: getContainerInfo: value is 
10-22 15:36:50.430 29197 29197 I BatteryMgr:DataCollectionService: started foreground
10-22 15:36:50.431  3957  3957 I AccessibilityManagerService: semOnLightNotification(null), bIsFlashOn : false
10-22 15:36:50.431  3957  3957 D AccessibilityManagerService: Can't use light notification
10-22 15:36:50.432  3957  3957 D AudioService: getStreamVolume 5 index 110
10-22 15:36:50.434  3957 14904 D Notification: allPendingIntents
10-22 15:36:50.435  4340  4340 D StatusBar: addNotification key=0|com.example.batterymanager_utility|1|null|10170 fullscreen:false
10-22 15:36:50.436  3957 14904 D Notification: allPendingIntents
10-22 15:36:50.438 11094 11094 E adbd    : recv: OPEN 0000d3c3 00000000 0042:73 68 65 6C 6C 2C 76 32 2C 54 45 52 4D 3D 78 74 65 72 6D 2D 32 35 36 63 6F 6C 6F 72 2C 72 61 77 3A 67 65 74 70 72 6F 70 20 72 6F 2E 62 75 69 6C 64 2E 76 65 72 73 69 6F 6E 2E 72 65 6C 65 61 73 65 00 
10-22 15:36:50.438 11094 11094 E adbd    : service_to_fd: shell,v2,TERM=xterm-256color,raw:getprop ro.build.version.release
10-22 15:36:50.452 29197 29476 I BatteryMgr:DataCollectionService: collectData: begin
10-22 15:36:50.453  3957  4129 D WifiStateMachine:  ConnectedState !RSSI_PKTCNT_FETCH uid=1000 rt=588217038/1644192510 0 0 "ourhome" f4:6d:2f:12:cc:88 rssi=-47 f=5240 sc=60 link=433 tx=0.1, 0.0, 0.0  rx=0.2 bcn=461471 [on:0 tx:0 rx:0 period:1000] from screen [on:879410 period:5909684] score=60
10-22 15:36:50.453  3957  4129 D WifiStateMachine:  L2ConnectedState !RSSI_PKTCNT_FETCH uid=1000 rt=588217038/1644192511 0 0 "ourhome" f4:6d:2f:12:cc:88 rssi=-47 f=5240 sc=60 link=433 tx=0.1, 0.0, 0.0  rx=0.2 bcn=461471 [on:0 tx:0 rx:0 period:0] from screen [on:879410 period:5909684] score=60
10-22 15:36:50.454  3957  4129 D WifiStateMachine: fetchRssiLinkSpeedAndFrequencyNative rssi=-49 linkspeed=433 freq=5240
10-22 15:36:50.454  3957  4129 V WifiConfigManager: Updating scan detail cache freq=5240 BSSID=f4:6d:2f:12:cc:88 RSSI=-47 for "ourhome"WPA_PSK
10-22 15:36:50.467  3599  3918 D DnsProxyListener: DNSDBG::dns addrinfo af 0
10-22 15:36:50.468 29241 29241 D skia    : approximate: numPoints=40, lengths[39]=620.200073, totalLength=620.200073, segmentPoints[39]=[422.600037,0.000000]
10-22 15:36:50.468 29241 29241 D skia    : approximate: approximation[117]=1.000000, approximation[118]=422.600037, approximation[119]=0.000000
10-22 15:36:50.468 29197 29476 I BatteryMgr:DataCollectionService: stats => 1697981810468,-126,4260,-144,0,100
10-22 15:36:50.470 29241 29241 D skia    : approximate: numPoints=4, lengths[3]=3.448155, totalLength=3.448155, segmentPoints[3]=[3.000000,0.100000]
10-22 15:36:50.470 29241 29241 D skia    : approximate: approximation[9]=1.000000, approximation[10]=3.000000, approximation[11]=0.100000
10-22 15:36:50.473 29241 29241 D skia    : approximate: numPoints=37, lengths[36]=722.199951, totalLength=722.199951, segmentPoints[36]=[199.600006,0.000000]
10-22 15:36:50.473 29241 29241 D skia    : approximate: approximation[108]=1.000000, approximation[109]=199.600006, approximation[110]=0.000000
10-22 15:36:50.474 29241 29241 D skia    : approximate: numPoints=3, lengths[2]=2.472497, totalLength=2.472497, segmentPoints[2]=[2.000000,0.100000]
10-22 15:36:50.474 29241 29241 D skia    : approximate: approximation[6]=1.000000, approximation[7]=2.000000, approximation[8]=0.100000
10-22 15:36:50.485 29241 29241 V InputMethodManager: Starting input: tba=android.view.inputmethod.EditorInfo@36551a6 nm : org.mozilla.fenix ic=null
10-22 15:36:50.485 29241 29241 I InputMethodManager: startInputInner - mService.startInputOrWindowGainedFocus
10-22 15:36:50.485  3957  4651 D InputMethodManagerService: startInputOrWindowGainedFocus : startInput 
10-22 15:36:50.487  3957  4651 D InputMethodManagerService: setCurrentInputInfo - inputContext : null eidtorInfo : android.view.inputmethod.EditorInfo@a0a9a5 missingMethods : 0
10-22 15:36:50.487 14900 14900 I InputMethodWrapper:  call dispatchStartInputWithToken
10-22 15:36:50.487 14900 14900 I InputMethodService: dispatchStartInputWithToken
10-22 15:36:50.487 14900 14900 I SKBD    : SamsungKeypad [IMI] onStartInput - caller pid : 29241, caller uid : 10169
10-22 15:36:50.490 29241 29270 W GeckoEventDispatcher: No listener for GeckoView:PageAction:Update
10-22 15:36:50.497 11094 11094 E adbd    : recv: OPEN 0000d3c7 00000000 003e:73 68 65 6C 6C 2C 76 32 2C 54 45 52 4D 3D 78 74 65 72 6D 2D 32 35 36 63 6F 6C 6F 72 2C 72 61 77 3A 67 65 74 70 72 6F 70 20 72 6F 2E 62 75 69 6C 64 2E 76 65 72 73 69 6F 6E 2E 73 64 6B 00 
10-22 15:36:50.497 11094 11094 E adbd    : service_to_fd: shell,v2,TERM=xterm-256color,raw:getprop ro.build.version.sdk
10-22 15:36:50.521  3957  4025 I WindowManager: Destroying surface Surface(name=Splash Screen org.mozilla.fenix) called by com.android.server.wm.WindowStateAnimator.destroySurface:2501 com.android.server.wm.WindowStateAnimator.destroySurfaceLocked:985 com.android.server.wm.WindowState.destroyOrSaveSurfaceUnchecked:3670 com.android.server.wm.WindowState.destroySurface:3618 com.android.server.wm.AppWindowToken.destroySurfaces:722 com.android.server.wm.AppWindowToken.destroySurfaces:706 com.android.server.wm.WindowState.onExitAnimationDone:5316 com.android.server.wm.WindowStateAnimator.stepAnimationLocked:550 
10-22 15:36:50.522  3447 18688 I SurfaceFlinger: id=3066 Removed Splash Screen org.mozilla.fenix#0 (4/5)
10-22 15:36:50.524  3447  3447 I SurfaceFlinger: Display 0 HWC layers:
10-22 15:36:50.524  3447  3447 I SurfaceFlinger:     type    |    handle    | flag |  format   |   source crop (l,t,r,b)    |         frame       | name 
10-22 15:36:50.524  3447  3447 I SurfaceFlinger: ------------+--------------+------+-----------+----------------------------+---------------------+------
10-22 15:36:50.524  3447  3447 I SurfaceFlinger:      Device | 0x7e9ec22200 | 0000 | RGBA_8888 |   0.0    0.0  720.0 1280.0 |    0    0  720 1280 | org.mozilla.fenix/org.mozilla.fenix.App#0
10-22 15:36:50.524  3447  3447 I SurfaceFlinger:      Device | 0x7e9ecdf280 | 0000 | RGBA_8888 |   0.0    0.0  720.0   42.0 |    0    0  720   42 | StatusBar#0
10-22 15:36:50.524  3447  3447 I SurfaceFlinger: 
10-22 15:36:50.532  3447  3488 I SurfaceFlinger: id=3066 Removed Splash Screen org.mozilla.fenix#0 (-2/5)
10-22 15:36:50.537  3447  3447 I Layer   : id=3066 onRemoved Splash Screen org.mozilla.fenix#0 
10-22 15:36:50.561 29410 29458 W AudioCapabilities: Unsupported mime audio/mpeg-L1
10-22 15:36:50.562 29410 29458 W AudioCapabilities: Unsupported mime audio/mpeg-L2
10-22 15:36:50.565 29410 29458 W AudioCapabilities: Unsupported mime audio/x-ms-wma
10-22 15:36:50.567 29410 29458 W AudioCapabilities: Unsupported mime audio/x-ima
10-22 15:36:50.576 29410 29458 W VideoCapabilities: Unrecognized profile 2130706433 for video/avc
10-22 15:36:50.576 29410 29458 W VideoCapabilities: Unrecognized profile 2130706434 for video/avc
10-22 15:36:50.577 29197 29476 I BatteryMgr:DataCollectionService: stats => 1697981810576,-126,4260,-144,0,100
10-22 15:36:50.579 29410 29458 W VideoCapabilities: Unrecognized profile 2130706433 for video/avc
10-22 15:36:50.579 29410 29458 W VideoCapabilities: Unrecognized profile 2130706434 for video/avc
10-22 15:36:50.586 29324 29324 W CrashLoopRemedyLog: unable to delete remedy log, instaCrash: false
10-22 15:36:50.587 29324 29324 W CrashLoopRemedyLog: unable to delete remedy log, instaCrash: true
10-22 15:36:50.592  4340  4340 D KeyguardUpdateMonitor: handleStatusBarState( false )
10-22 15:36:50.597 29410 29458 W VideoCapabilities: Unrecognized profile 2130706433 for video/avc
10-22 15:36:50.597 29410 29458 W VideoCapabilities: Unrecognized profile 2130706434 for video/avc
10-22 15:36:50.599 29410 29458 W VideoCapabilities: Unsupported mime video/avc-wfd
10-22 15:36:50.607  3957  4651 V WindowManager: Relayout Window{71b67be u0 org.mozilla.fenix/org.mozilla.fenix.App}: viewVisibility=0 req=720x1280 WM.LayoutParams{(0,0)(fillxfill) sim=#10 ty=1 fl=#81010100 pfl=0x20000 fmt=-3 wanim=0x7f1404fa vsysui=0x2610 needsMenuKey=2 colorMode=0 naviIconColor=0}
10-22 15:36:50.612 29241 29241 D ViewRootImpl@1786449[App]: Relayout returned: old=[0,0][720,1280] new=[0,0][720,1280] result=0x1 surface={valid=true 501442949120} changed=false
10-22 15:36:50.635 23612 27751 I FontLog : (REDACTED) Received query %s, URI %s
10-22 15:36:50.637 23612 27751 I FontLog : (REDACTED) Query [%s] resolved to %s
10-22 15:36:50.640 29410 29458 I VideoCapabilities: Unsupported profile 4 for video/mp4v-es
10-22 15:36:50.643 29324 29524 W AppInitScheduler|Run: Running ReliabilityInitConfigureErrorReportingOnProcess [*]
10-22 15:36:50.652 23612 27751 I FontLog : (REDACTED) Fetch %s end status %s
10-22 15:36:50.655 29324 29525 W AppInitScheduler|Run: Running InitSharedLibraries [*]
10-22 15:36:50.659  3957  4651 V WindowManager: rotationForOrientationLw(orient=2, last=0); user=0  sensorRotation=-1 mLidState=-1 mDockMode=0 mHdmiPlugged=false
10-22 15:36:50.662 23612 27751 I FontLog : (REDACTED) Pulling font file for id = %d, cache size = %d
10-22 15:36:50.667 29324 29527 W AppInitScheduler|Run: Running InitMultiProcessTracker
10-22 15:36:50.667  3957 14904 V WindowManager: Relayout Window{71b67be u0 org.mozilla.fenix/org.mozilla.fenix.App}: viewVisibility=0 req=720x1280 WM.LayoutParams{(0,0)(fillxfill) sim=#10 ty=1 fl=#81010100 pfl=0x20000 fmt=-3 wanim=0x7f1404fa vsysui=0x2610 needsMenuKey=2 colorMode=0 naviIconColor=0}
10-22 15:36:50.668 29324 29529 W AppInitScheduler|Run: Running PreloadStartupLightSharedPreferenceUsages
10-22 15:36:50.668 29324 29529 W AppInitScheduler|Run:   Finished PreloadStartupLightSharedPreferenceUsages in 0ms
10-22 15:36:50.671 29241 29241 D ViewRootImpl@1786449[App]: Relayout returned: old=[0,0][720,1280] new=[0,0][720,1280] result=0x1 surface={valid=true 501442949120} changed=false
10-22 15:36:50.672 29324 29528 W AppInitScheduler|Run: Running InitNonSdkApiUsageReporting
10-22 15:36:50.672 29324 29525 W SoLoader: Initializing SoLoader: 2
10-22 15:36:50.673 29324 29528 W AppInitScheduler|Run:   Finished InitNonSdkApiUsageReporting in 0ms
10-22 15:36:50.678 23612 27751 I FontLog : (REDACTED) Pulling font file for id = %d, cache size = %d
10-22 15:36:50.681 29324 29525 W SoLoader: Recording new base apk path: /data/app/com.facebook.katana-2P9BZ5nf4QWKDLOfe3-HXQ==/base.apk
10-22 15:36:50.681 29324 29525 W SoLoader: Previously recorded 0 base apk paths.
10-22 15:36:50.687 29197 29476 I BatteryMgr:DataCollectionService: stats => 1697981810687,-126,4260,-144,0,100
10-22 15:36:50.691 29324 29527 W AppInitScheduler|Run:   Finished InitMultiProcessTracker in 24ms
10-22 15:36:50.692 29324 29530 W FileBasedMultiProcessTracker: <default>: Initializing FileBasedMultiProcessTracking using /data/user/0/com.facebook.katana/app_multiprocess_tracking
10-22 15:36:50.692 29324 29530 W FileBasedMultiProcessTracker: <default>: Creating file to track 29324
10-22 15:36:50.712 29241 29241 I SessionPrioritizationMiddleware: Update the currentSelectedTab 0bc9df09-a749-4381-873d-08f227e3cdd3 priority to HIGH
10-22 15:36:50.720 29410 29458 W VideoCapabilities: Unrecognized profile/level 1/32 for video/mp4v-es
10-22 15:36:50.720 29410 29458 W VideoCapabilities: Unrecognized profile/level 32768/2 for video/mp4v-es
10-22 15:36:50.720 29410 29458 W VideoCapabilities: Unrecognized profile/level 32768/64 for video/mp4v-es
10-22 15:36:50.726 29410 29458 W VideoCapabilities: Unsupported mime video/wvc1
10-22 15:36:50.727 29410 29458 W VideoCapabilities: Unsupported mime video/x-ms-wmv
10-22 15:36:50.728 29241 29241 I DefaultSupportedAddonsChecker: Unregister check for new supported add-ons
10-22 15:36:50.729 29241 29241 I WebExtension: releasePendingMessages: extension=webcompat-reporter@mozilla.org nativeApp=mozacWebcompatReporter session=null
10-22 15:36:50.729 29324 29530 W FileBasedMultiProcessTracker: <default>: FileBasedMultiProcessTracker ready!
10-22 15:36:50.730 29241 29241 I WebExtension: releasePendingMessages: extension=fxa@mozac.org nativeApp=mozacWebchannel session=org.mozilla.geckoview.GeckoSession@1a1cc5
10-22 15:36:50.730 29241 29241 I WebExtension: releasePendingMessages: extension=fxa@mozac.org nativeApp=mozacWebchannelBackground session=null
10-22 15:36:50.730 29324 29531 W FileBasedMultiProcessTracker: <default>: Observed removed PID: 28569
10-22 15:36:50.731 29241 29241 I WebExtension: releasePendingMessages: extension=readerview@mozac.org nativeApp=mozacReaderview session=org.mozilla.geckoview.GeckoSession@1a1cc5
10-22 15:36:50.731 29241 29241 I WebExtension: releasePendingMessages: extension=readerview@mozac.org nativeApp=mozacReaderviewActive session=org.mozilla.geckoview.GeckoSession@1a1cc5
10-22 15:36:50.731 29241 29241 I WebExtension: releasePendingMessages: extension=readerview@mozac.org nativeApp=mozacReaderview session=org.mozilla.geckoview.GeckoSession@1a1cc5
10-22 15:36:50.735 29410 29458 W VideoCapabilities: Unsupported mime video/x-ms-wmv7
10-22 15:36:50.743 29410 29458 W VideoCapabilities: Unsupported mime video/x-ms-wmv8
10-22 15:36:50.745 29241 29241 I WebExtension: releasePendingMessages: extension=icons@mozac.org nativeApp=MozacBrowserIcons session=org.mozilla.geckoview.GeckoSession@1a1cc5
10-22 15:36:50.745 29241 29241 I WebExtension: releasePendingMessages: extension=ads@mozac.org nativeApp=MozacBrowserAdsMessage session=org.mozilla.geckoview.GeckoSession@1a1cc5
10-22 15:36:50.745 29241 29241 I WebExtension: releasePendingMessages: extension=cookies@mozac.org nativeApp=MozacBrowserSearchMessage session=org.mozilla.geckoview.GeckoSession@1a1cc5
10-22 15:36:50.746 29410 29458 W VideoCapabilities: Unsupported mime video/mp43
10-22 15:36:50.758  3957  3972 D ApplicationPolicy: isStatusBarNotificationAllowedAsUser: packageName = android,userId = 0
10-22 15:36:50.758  3957  3972 D API test: getContainerInfo: value is 
10-22 15:36:50.758  3957  3972 D ApplicationPolicy: isStatusBarNotificationAllowedAsUser: packageName = android,userId = 0
10-22 15:36:50.759  3957  3972 D API test: getContainerInfo: value is 
10-22 15:36:50.759  3957  3972 E NotificationService: Suppressing notification from package by user request.
10-22 15:36:50.761 29410 29458 W AudioCapabilities: Unsupported mime audio/mpeg-L1
10-22 15:36:50.761 29410 29458 W AudioCapabilities: Unsupported mime audio/mpeg-L2
10-22 15:36:50.761 29410 29458 W AudioCapabilities: Unsupported mime audio/x-ms-wma
10-22 15:36:50.762 29410 29458 W AudioCapabilities: Unsupported mime audio/x-ima
10-22 15:36:50.764 29410 29458 W VideoCapabilities: Unrecognized profile 2130706433 for video/avc
10-22 15:36:50.764 29410 29458 W VideoCapabilities: Unrecognized profile 2130706434 for video/avc
10-22 15:36:50.776 29410 29458 W VideoCapabilities: Unrecognized profile/level 1/32 for video/mp4v-es
10-22 15:36:50.777 29410 29458 W VideoCapabilities: Unrecognized profile/level 32768/2 for video/mp4v-es
10-22 15:36:50.777 29410 29458 W VideoCapabilities: Unrecognized profile/level 32768/64 for video/mp4v-es
10-22 15:36:50.777 29410 29458 W VideoCapabilities: Unsupported mime video/wvc1
10-22 15:36:50.778 29410 29458 W VideoCapabilities: Unsupported mime video/x-ms-wmv
10-22 15:36:50.778 29410 29458 W VideoCapabilities: Unsupported mime video/x-ms-wmv7
10-22 15:36:50.779 29410 29458 W VideoCapabilities: Unsupported mime video/x-ms-wmv8
10-22 15:36:50.780 29410 29458 W VideoCapabilities: Unsupported mime video/mp43
10-22 15:36:50.796 29197 29476 I BatteryMgr:DataCollectionService: stats => 1697981810796,-126,4260,-144,0,100
10-22 15:36:50.815 29324 29524 W lacrima : FbErrorReportingConfig.earlyInit
10-22 15:36:50.823 29324 29525 W SoLoader: SoLoader initialized: 2
10-22 15:36:50.829 29241 29270 W ResourceType: Too many attribute references, stopped at: 0x01010099
10-22 15:36:50.832  3957  4128 D WifiService: getConnectionInfo uid=1000
10-22 15:36:50.835 29324 29525 W FbSoLoader: Initialized FBSoLoader
10-22 15:36:50.837 29324 29525 W AppInitScheduler|Run:   Finished InitSharedLibraries in 182ms
10-22 15:36:50.840 29324 29535 W AppInitScheduler|Run: Running GeneratePerfStats [*]
10-22 15:36:50.841 29324 29536 W AppInitScheduler|Run: Running EnableExtraTracing
10-22 15:36:50.841 29324 29525 W AppInitScheduler|Run: Running InitOxygenCrashReporter
10-22 15:36:50.841 29324 29536 W AppInitScheduler|Run:   Finished EnableExtraTracing in 0ms
10-22 15:36:50.841 29324 29525 W AppInitScheduler|Run:   Finished InitOxygenCrashReporter in 0ms
10-22 15:36:50.841 29324 29534 W AppInitScheduler|Run: Running FixArtDebugging [*]
10-22 15:36:50.842 29324 29538 W AppInitScheduler|Run: Running InitClassFailureStapler
10-22 15:36:50.842 29324 29534 W AppInitScheduler|Run:   Finished FixArtDebugging in 0ms
10-22 15:36:50.842 29324 29538 W AppInitScheduler|Run:   Finished InitClassFailureStapler in 0ms
10-22 15:36:50.857  3559  3559 E audit   : type=1400 audit(1697981810.850:6870): avc:  denied  { read } for  pid=29535 comm="AppInit7" name="vmstat" dev="proc" ino=4026532216 scontext=u:r:untrusted_app:s0:c512,c768 tcontext=u:object_r:proc:s0 tclass=file permissive=0 SEPF_SM-J720F_8.0.0_0002 audit_filtered
10-22 15:36:50.857  3559  3559 E audit   : type=1300 audit(1697981810.850:6870): arch=40000028 syscall=322 per=8 success=no exit=-13 a0=ffffff9c a1=e8403480 a2=20000 a3=0 items=0 ppid=3580 pid=29535 auid=4294967295 uid=10103 gid=10103 euid=10103 suid=10103 fsuid=10103 egid=10103 sgid=10103 fsgid=10103 tty=(none) ses=4294967295 comm="AppInit7" exe="/system/bin/app_process32" subj=u:r:untrusted_app:s0:c512,c768 key=(null)
10-22 15:36:50.857  3559  3559 E audit   : type=1327 audit(1697981810.850:6870): proctitle="com.facebook.katana"
10-22 15:36:50.860 29324 29535 W AppInitScheduler|Run:   Finished GeneratePerfStats in 19ms
10-22 15:36:50.861 29241 29465 I libglean_ffi: glean_core::upload: Ping 1825141e-c346-4d00-b942-01422dbdaf88 successfully sent 200.
10-22 15:36:50.864 29241 29465 I libglean_ffi: glean_core::upload::directory: File was deleted /data/user/0/org.mozilla.fenix/glean_data/pending_pings/1825141e-c346-4d00-b942-01422dbdaf88
10-22 15:36:50.864 29324 29524 W AppStateLoggerNative: AppStateLoggerNative.initializeNativeCrashReporting not called.
10-22 15:36:50.865 29241 29465 I libglean_ffi: glean_core::upload: New upload task with id d33be342-d536-4816-ae55-fac467443b04 (path: /submit/org-mozilla-fenix/baseline/1/d33be342-d536-4816-ae55-fac467443b04)
10-22 15:36:50.865  3559  3559 E audit   : type=1400 audit(1697981810.858:6871): avc:  denied  { read } for  pid=29524 comm="AppInit1" name="zoneinfo" dev="proc" ino=4026532217 scontext=u:r:untrusted_app:s0:c512,c768 tcontext=u:object_r:proc_zoneinfo:s0 tclass=file permissive=0 SEPF_SM-J720F_8.0.0_0002 audit_filtered
10-22 15:36:50.865  3559  3559 E audit   : type=1300 audit(1697981810.858:6871): arch=40000028 syscall=322 per=8 success=no exit=-13 a0=ffffff9c a1=cb520010 a2=20000 a3=0 items=0 ppid=3580 pid=29524 auid=4294967295 uid=10103 gid=10103 euid=10103 suid=10103 fsuid=10103 egid=10103 sgid=10103 fsgid=10103 tty=(none) ses=4294967295 comm="AppInit1" exe="/system/bin/app_process32" subj=u:r:untrusted_app:s0:c512,c768 key=(null)
10-22 15:36:50.865  3559  3559 E audit   : type=1327 audit(1697981810.858:6871): proctitle="com.facebook.katana"
10-22 15:36:50.867 29324 29524 W lacrima : Start JavaAppDeathCrashDetector... X.0pw
10-22 15:36:50.870 29324 29524 W lacrima : Sending pending reports
10-22 15:36:50.872 29324 29524 W AppInitScheduler|Run:   Finished ReliabilityInitConfigureErrorReportingOnProcess in 230ms
10-22 15:36:50.872 29324 29524 W AppInitScheduler|Run: Running LoadLibDexLoad [*]
10-22 15:36:50.904 29197 29476 I BatteryMgr:DataCollectionService: stats => 1697981810904,-126,4260,-144,0,100
10-22 15:36:50.917  3957  4089 D MdnieScenarioControlService:  packageName : org.mozilla.fenix    className : org.mozilla.fenix.App
10-22 15:36:50.917  3957  4089 V MdnieScenarioControlService: setUIMode from UI function(3)
10-22 15:36:50.952 29324 29524 W AppInitScheduler|Run:   Finished LoadLibDexLoad in 79ms
10-22 15:36:50.952 29324 29524 W AppInitScheduler|Run: Running LoadLibColdStart
10-22 15:36:50.952 29324 29536 W AppInitScheduler|Run: Running InitCrashLoopMitigation
10-22 15:36:50.952 29324 29527 W AppInitScheduler|Run: Running SetupFbGlog [*]
10-22 15:36:50.952 29324 29525 W AppInitScheduler|Run: Running InitDeadResourceDetection
10-22 15:36:50.952 29324 29525 W AppInitScheduler|Run:   Finished InitDeadResourceDetection in 0ms
10-22 15:36:50.956 29324 29527 W AppInitScheduler|Run:   Finished SetupFbGlog in 4ms
10-22 15:36:50.956 29324 29527 W AppInitScheduler|Run: Running MaybeTraceColdStart [*]
10-22 15:36:50.956 29324 29534 W AppInitScheduler|Run: Running DisableRuntimeVerification [*]
10-22 15:36:50.956 29324 29538 W AppInitScheduler|Run: Running InitClassTracing
10-22 15:36:50.956 29324 29535 W AppInitScheduler|Run: Running InitLacrimaEarlyNative
10-22 15:36:50.957 29324 29538 W AppInitScheduler|Run:   Finished InitClassTracing in 0ms
10-22 15:36:50.957 29324 29538 W AppInitScheduler|Run: Running InitMemoryTracer
10-22 15:36:50.957 29324 29538 W AppInitScheduler|Run:   Finished InitMemoryTracer in 0ms
10-22 15:36:50.957 29324 29534 W AppInitScheduler|Run:   Finished DisableRuntimeVerification in 1ms
10-22 15:36:50.957 29324 29534 W AppInitScheduler|Run: Running LoadDexes [*]
10-22 15:36:50.959 29324 29536 W dalvik-internals: sigaction64 not found, falling back
10-22 15:36:50.960 29324 29536 W dalvik-internals: sigaction succeeded
10-22 15:36:50.960  3957  3957 D CustomFrequencyManagerService: releaseDVFSLockLocked : Getting Lock type frm List : DVFS_MIN_LIMIT  frequency : 1560000  uid : 1000  pid : 3957  tag : AMS_RESUME_TAIL@CPU_MIN@58
10-22 15:36:50.961  3957  3957 D PreBindingService: handleMessage : 1
10-22 15:36:50.964 29324 29534 W DexLibLoader: disabling background optimization
10-22 15:36:50.970 29324 29534 W DexLibLoader: Loading /data/user/0/com.facebook.katana/dex with compressed oreo startup logic
10-22 15:36:50.974 29324 29534 W DexLibLoader: Build id used for apk identification
10-22 15:36:50.975 29324 29534 W DexLibLoader: Build id used for apk identification
10-22 15:36:50.981 29329 29365 W linker  : "/data/app/org.mozilla.fenix-iWpGOrf8cry6RDpwHyQugA==/lib/arm64/libmozglue.so" unused DT entry: type 0x8000024 arg 0x38f70
10-22 15:36:50.981 29329 29365 W linker  : "/data/app/org.mozilla.fenix-iWpGOrf8cry6RDpwHyQugA==/lib/arm64/libmozglue.so" unused DT entry: type 0x8000023 arg 0x1f8
10-22 15:36:50.981 29329 29365 W linker  : "/data/app/org.mozilla.fenix-iWpGOrf8cry6RDpwHyQugA==/lib/arm64/libmozglue.so" unused DT entry: type 0x8000025 arg 0x8
10-22 15:36:50.985 29329 29365 I GeckoLoader: Library base=/data/app/org.mozilla.fenix-iWpGOrf8cry6RDpwHyQugA==/lib/arm64
10-22 15:36:50.985 29329 29365 I GeckoLoader: Library base=/data/app/org.mozilla.fenix-iWpGOrf8cry6RDpwHyQugA==/lib/arm64
10-22 15:36:50.986 29329 29365 E GeckoLibLoad: Load sqlite start
10-22 15:36:50.987 29329 29365 W linker  : "/data/app/org.mozilla.fenix-iWpGOrf8cry6RDpwHyQugA==/lib/arm64/libnss3.so" unused DT entry: type 0x8000024 arg 0x14998
10-22 15:36:50.988 29329 29365 W linker  : "/data/app/org.mozilla.fenix-iWpGOrf8cry6RDpwHyQugA==/lib/arm64/libnss3.so" unused DT entry: type 0x8000023 arg 0x5c8
10-22 15:36:50.988 29329 29365 W linker  : "/data/app/org.mozilla.fenix-iWpGOrf8cry6RDpwHyQugA==/lib/arm64/libnss3.so" unused DT entry: type 0x8000025 arg 0x8
10-22 15:36:50.989 29329 29365 E GeckoLibLoad: Load sqlite done
10-22 15:36:50.989 29329 29365 I GeckoLoader: Library base=/data/app/org.mozilla.fenix-iWpGOrf8cry6RDpwHyQugA==/lib/arm64
10-22 15:36:50.990 29329 29365 E GeckoLibLoad: Load nss start
10-22 15:36:50.990 29329 29365 E GeckoLibLoad: Load nss done
10-22 15:36:50.990 29329 29365 I GeckoLoader: Library base=/data/app/org.mozilla.fenix-iWpGOrf8cry6RDpwHyQugA==/lib/arm64
10-22 15:36:50.991 29241 29270 W AudioCapabilities: Unsupported mime audio/mpeg-L1
10-22 15:36:50.991 29241 29270 W AudioCapabilities: Unsupported mime audio/mpeg-L2
10-22 15:36:50.992 29241 29270 W AudioCapabilities: Unsupported mime audio/x-ms-wma
10-22 15:36:50.993 29241 29270 W AudioCapabilities: Unsupported mime audio/x-ima
10-22 15:36:50.993 29329 29365 W linker  : "/data/app/org.mozilla.fenix-iWpGOrf8cry6RDpwHyQugA==/lib/arm64/libxul.so" unused DT entry: type 0x8000024 arg 0x539420
10-22 15:36:50.994 29329 29365 W linker  : "/data/app/org.mozilla.fenix-iWpGOrf8cry6RDpwHyQugA==/lib/arm64/libxul.so" unused DT entry: type 0x8000023 arg 0x17d68
10-22 15:36:50.994 29329 29365 W linker  : "/data/app/org.mozilla.fenix-iWpGOrf8cry6RDpwHyQugA==/lib/arm64/libxul.so" unused DT entry: type 0x8000025 arg 0x8
10-22 15:36:50.996 29241 29270 W VideoCapabilities: Unrecognized profile 2130706433 for video/avc
10-22 15:36:50.996 29241 29270 W VideoCapabilities: Unrecognized profile 2130706434 for video/avc
10-22 15:36:50.997 29241 29270 W VideoCapabilities: Unrecognized profile 2130706433 for video/avc
10-22 15:36:50.997 29241 29270 W VideoCapabilities: Unrecognized profile 2130706434 for video/avc
10-22 15:36:51.004 29241 29270 W VideoCapabilities: Unrecognized profile 2130706433 for video/avc
10-22 15:36:51.004 29241 29270 W VideoCapabilities: Unrecognized profile 2130706434 for video/avc
10-22 15:36:51.006 29241 29270 W VideoCapabilities: Unsupported mime video/avc-wfd
10-22 15:36:51.014 29197 29476 I BatteryMgr:DataCollectionService: stats => 1697981811013,-126,4260,-144,0,100
10-22 15:36:51.023 29241 29270 I VideoCapabilities: Unsupported profile 4 for video/mp4v-es
10-22 15:36:51.024 29329 29365 E GeckoLibLoad: Loaded libs in 33.771539ms total, 24ms(20ms) user, 8ms(12ms) system, 0(0) faults
10-22 15:36:51.024 29329 29365 W GeckoThread: zerdatime 1644193082 - runGecko
10-22 15:36:51.034 29324 29536 D dalvik-internals: SuspendArt: Found all symbols
10-22 15:36:51.034 29324 29536 D dalvik-internals: SuspendArt: Suspending threads.
10-22 15:36:51.037 29324 29536 D dalvik-internals: SuspendArt: Resuming threads.
10-22 15:36:51.041 29241 29270 W VideoCapabilities: Unrecognized profile/level 1/32 for video/mp4v-es
10-22 15:36:51.042 29241 29270 W VideoCapabilities: Unrecognized profile/level 32768/2 for video/mp4v-es
10-22 15:36:51.042 29241 29270 W VideoCapabilities: Unrecognized profile/level 32768/64 for video/mp4v-es
10-22 15:36:51.042 29324 29536 V dalvik-internals: hooked signal using trap ()
10-22 15:36:51.043 29241 29270 W VideoCapabilities: Unsupported mime video/wvc1
10-22 15:36:51.045 29241 29270 W VideoCapabilities: Unsupported mime video/x-ms-wmv
10-22 15:36:51.046 29241 29270 W VideoCapabilities: Unsupported mime video/x-ms-wmv7
10-22 15:36:51.046 29324 29536 V dalvik-internals: hooked sysv_signal using trap ()
10-22 15:36:51.047 29324 29536 V dalvik-internals: hooked bsd_signal using trap ()
10-22 15:36:51.047 29241 29270 W VideoCapabilities: Unsupported mime video/x-ms-wmv8
10-22 15:36:51.049 29241 29270 W VideoCapabilities: Unsupported mime video/mp43
10-22 15:36:51.050 29324 29536 V dalvik-internals: hooked sigaction using trap ()
10-22 15:36:51.051 29324 29536 I dalvik-internals: integrateWithCrashLog crashlog: /data/user/0/com.facebook.katana/crash_log, insta_crashlog: /data/user/0/com.facebook.katana/insta_crash_log
10-22 15:36:51.051 29324 29536 I dalvik-internals: installed sigmux crash handler for crash log
10-22 15:36:51.051 29324 29536 W AppInitScheduler|Run:   Finished InitCrashLoopMitigation in 100ms
10-22 15:36:51.055 29324 29534 D dalvik-internals: SuspendArt: Found all symbols
10-22 15:36:51.055 29241 29270 W AudioCapabilities: Unsupported mime audio/mpeg-L1
10-22 15:36:51.055 29324 29534 D dalvik-internals: SuspendArt: Suspending threads.
10-22 15:36:51.055 29241 29270 W AudioCapabilities: Unsupported mime audio/mpeg-L2
10-22 15:36:51.055 29241 29270 W AudioCapabilities: Unsupported mime audio/x-ms-wma
10-22 15:36:51.055 29241 29270 W AudioCapabilities: Unsupported mime audio/x-ima
10-22 15:36:51.056 29324 29534 V dalvik-internals: Hooking function _ZN3art15DexFileVerifier6VerifyEPKNS_7DexFileEPKhjPKcbPNSt3__112basic_stringIcNS8_11char_traitsIcEENS8_9allocatorIcEEEE
10-22 15:36:51.056 29241 29270 W VideoCapabilities: Unrecognized profile 2130706433 for video/avc
10-22 15:36:51.056 29324 29534 V dalvik-internals: hooked _ZN3art15DexFileVerifier6VerifyEPKNS_7DexFileEPKhjPKcbPNSt3__112basic_stringIcNS8_11char_traitsIcEENS8_9allocatorIcEEEE using trap (unrecognized instruction)
10-22 15:36:51.056 29241 29270 W VideoCapabilities: Unrecognized profile 2130706434 for video/avc
10-22 15:36:51.056 29324 29534 V dalvik-internals: Hooking function _ZN3art11annotations16GetLineNumFromPCEPKNS_7DexFileEPNS_9ArtMethodEj
10-22 15:36:51.057 29324 29534 V dalvik-internals: hooked _ZN3art11annotations16GetLineNumFromPCEPKNS_7DexFileEPNS_9ArtMethodEj using jump ()
10-22 15:36:51.057 29324 29534 D dalvik-internals: SuspendArt: Resuming threads.
10-22 15:36:51.059 29241 29270 W VideoCapabilities: Unrecognized profile/level 1/32 for video/mp4v-es
10-22 15:36:51.059 29241 29270 W VideoCapabilities: Unrecognized profile/level 32768/2 for video/mp4v-es
10-22 15:36:51.059 29241 29270 W VideoCapabilities: Unrecognized profile/level 32768/64 for video/mp4v-es
10-22 15:36:51.062 29324 29535 W lacrima : The minidump file is empty!
10-22 15:36:51.064 29241 29270 W VideoCapabilities: Unsupported mime video/wvc1
10-22 15:36:51.065 29241 29270 W VideoCapabilities: Unsupported mime video/x-ms-wmv
10-22 15:36:51.066 29241 29270 W VideoCapabilities: Unsupported mime video/x-ms-wmv7
10-22 15:36:51.066 29324 29535 W lacrima : Start AnrAppDeathDetector... X.00i
10-22 15:36:51.067 29241 29270 W VideoCapabilities: Unsupported mime video/x-ms-wmv8
10-22 15:36:51.067 29241 29270 W VideoCapabilities: Unsupported mime video/mp43
10-22 15:36:51.075 29324 29527 W AppInitScheduler|Run:   Finished MaybeTraceColdStart in 118ms
10-22 15:36:51.083 29324 29534 I zygote  : no shared libraies, dex_files: 0
10-22 15:36:51.087 29410 29484 D libGLESv2: STS_GLApi : DTS, ODTC are not allowed for Package : org.mozilla.fenix:gpu
10-22 15:36:51.092 29410 29426 V Surface : sf_framedrop debug : 0x4f4c, game : false, logging : 0
10-22 15:36:51.097 29410 29484 D mali_winsys: EGLint new_window_surface(egl_winsys_display *, void *, EGLSurface, EGLConfig, egl_winsys_surface **, egl_color_buffer_format *, EGLBoolean) returns 0x3000,  [720x1238]-format:2
10-22 15:36:51.106 29241 29270 I GeckoSession: zerdatime 1644193164 - chrome startup finished
10-22 15:36:51.121 29197 29476 I BatteryMgr:DataCollectionService: stats => 1697981811121,-126,4260,-144,0,100
10-22 15:36:51.136 29241 29241 I GeckoSession: handleMessage GeckoView:PageStart uri=
10-22 15:36:51.137 29241 29241 I GeckoSession: handleMessage GeckoView:PageStop uri=null
10-22 15:36:51.163 29324 29524 W AppInitScheduler|Run:   Finished LoadLibColdStart in 211ms
10-22 15:36:51.163 29324 29524 W AppInitScheduler|Run: Running FixAndroidBugs
10-22 15:36:51.163 29324 29528 W AppInitScheduler|Run: Running InitJit
10-22 15:36:51.164 29324 29524 W AppInitScheduler|Run:   Finished FixAndroidBugs in 1ms
10-22 15:36:51.164 29241 29252 I zygote64: Background concurrent copying GC freed 50020(2025KB) AllocSpace objects, 3(60KB) LOS objects, 49% free, 3MB/6MB, paused 2.196ms total 104.593ms
10-22 15:36:51.165 29324 29528 W AppInitScheduler|Run:   Finished InitJit in 1ms
10-22 15:36:51.167 29324 29535 E HeliumCrashReporter: Pending crash path /data/data/com.facebook.katana/cache/webview_embedded/Helium Crashpad/pending/ is not a directory
10-22 15:36:51.167 29324 29535 W AppInitScheduler|Run:   Finished InitLacrimaEarlyNative in 210ms
10-22 15:36:51.172 29241 29465 I libglean_ffi: glean_core::upload: Ping d33be342-d536-4816-ae55-fac467443b04 successfully sent 200.
10-22 15:36:51.173 29324 29579 V AospBugFixOpts: set AOSP bug fix jboolean EnableAospBugFixes: bugFixOpt -> enable = 0. Given 0
10-22 15:36:51.176 29241 29465 I libglean_ffi: glean_core::upload::directory: File was deleted /data/user/0/org.mozilla.fenix/glean_data/pending_pings/d33be342-d536-4816-ae55-fac467443b04
10-22 15:36:51.179 29241 29465 I libglean_ffi: glean_core::upload: No more pings to upload! You are done.
10-22 15:36:51.181 29241 29241 I GeckoSession: handleMessage GeckoView:PageStart uri=
10-22 15:36:51.182 29241 29335 I WM-WorkerWrapper: Worker result SUCCESS for Work [ id=50eb6be2-cfab-4c94-8327-fe299899ecc9, tags={ mozilla.telemetry.glean.scheduler.PingUploadWorker, mozac_service_glean_ping_upload_worker } ]
10-22 15:36:51.184  3599  3918 D DnsProxyListener: DNSDBG::dns addrinfo af 0
10-22 15:36:51.190  3957  5416 D JobServiceContext: sendStopMessageLocked stop reason: cancel() called by app
10-22 15:36:51.199 29241 29241 D ConnectivityManager: unregisterNetworkCallback; CallingUid : 10169, CallingPid : 29241
10-22 15:36:51.200  3957  4157 D ConnectivityService: releasing NetworkRequest [ TRACK_DEFAULT id=2050, [ Capabilities: INTERNET&NOT_RESTRICTED&TRUSTED&NOT_VPN] ] (CALLBACK_RELEASED)
10-22 15:36:51.200  3957  4157 D ConnectivityService:  Removing from current network NetworkAgentInfo [WIFI () - 509], leaving 10 requests.
10-22 15:36:51.202  3957  4157 D ConnectivityService: sending notification RELEASED for NetworkRequest [ TRACK_DEFAULT id=2050, [ Capabilities: INTERNET&NOT_RESTRICTED&TRUSTED&NOT_VPN] ]
10-22 15:36:51.212 29241 29270 D GeckoIdleService: Setting timer a day from now
10-22 15:36:51.230 29197 29476 I BatteryMgr:DataCollectionService: stats => 1697981811230,-126,4260,-144,0,100
10-22 15:36:51.258  3447  3447 I SurfaceFlinger: Display 0 HWC layers:
10-22 15:36:51.258  3447  3447 I SurfaceFlinger:     type    |    handle    | flag |  format   |   source crop (l,t,r,b)    |         frame       | name 
10-22 15:36:51.258  3447  3447 I SurfaceFlinger: ------------+--------------+------+-----------+----------------------------+---------------------+------
10-22 15:36:51.258  3447  3447 I SurfaceFlinger:      Device | 0x7e9ec22380 | 0000 | RGBx_8888 |   0.0    0.0  720.0 1238.0 |    0   42  720 1280 | SurfaceView - org.mozilla.fenix/org.mozilla.fenix.App@baaf075@0#0
10-22 15:36:51.258  3447  3447 I SurfaceFlinger:      Device | 0x7e9ec222c0 | 0000 | RGBA_8888 |   0.0    0.0  720.0 1280.0 |    0    0  720 1280 | org.mozilla.fenix/org.mozilla.fenix.App#0
10-22 15:36:51.258  3447  3447 I SurfaceFlinger:      Device | 0x7e9ec22440 | 0000 | RGBA_8888 |   0.0    0.0  720.0   42.0 |    0    0  720   42 | StatusBar#0
10-22 15:36:51.258  3447  3447 I SurfaceFlinger: 
10-22 15:36:51.330  3957  5416 D StorageManagerService: getExternalStorageMountMode : 1
10-22 15:36:51.330  3957  5416 D StorageManagerService: getExternalStorageMountMode : 3
10-22 15:36:51.331  3957  5416 D StorageManagerService: getExternalStorageMountMode : final mountMode=1, uid : 10169, packageName : org.mozilla.fenix
10-22 15:36:51.331  3957  5416 I ApplicationPolicy: isApplicationExternalStorageWhitelisted:org.mozilla.fenix user:0
10-22 15:36:51.331  3957  5416 D ApplicationPolicy: isApplicationExternalStorageWhitelisted: DO is not enabled on user 0. Allowed.
10-22 15:36:51.331  3957  5416 D ActivityManager: package  org.mozilla.fenix, user - 0 is SDcard whitelisted
10-22 15:36:51.331  3957  5416 I ApplicationPolicy: isApplicationExternalStorageBlacklisted:org.mozilla.fenix user:0
10-22 15:36:51.332  3957  5416 D ApplicationPolicy: isApplicationExternalStorageBlacklisted: DO is not enabled on user 0. Allowed.
10-22 15:36:51.347  3957  5416 I ActivityManager: Start proc 29597:org.mozilla.fenix:tab26/u0a169 for service org.mozilla.fenix/org.mozilla.gecko.process.GeckoChildProcessServices$tab26
10-22 15:36:51.348 29597 29597 E Zygote  : isWhitelistProcess - Process is Whitelisted
10-22 15:36:51.348 29597 29597 E libpersona: scanKnoxPersonas
10-22 15:36:51.348 29597 29597 E libpersona: Couldn't open the File - /data/system/users/0/personalist.xml - No such file or directory
10-22 15:36:51.350 29597 29597 W SELinux : SELinux selinux_android_compute_policy_index : Policy Index[2],  Con:u:r:zygote:s0 RAM:SEPF_SM-J720F_8.0.0_0002, [-1 -1 -1 -1 0 1]
10-22 15:36:51.351 29597 29597 I SELinux : SELinux: seapp_context_lookup: seinfo=untrusted, level=s0:c512,c768, pkgname=org.mozilla.fenix:tab26 
10-22 15:36:51.353 29197 29476 I BatteryMgr:DataCollectionService: stats => 1697981811353,-126,4260,-144,0,100
10-22 15:36:51.366 29324 29534 W AppInitScheduler|Run:   Finished LoadDexes in 408ms
10-22 15:36:51.366 29324 29534 W AppInitScheduler|Run: Running LoadVoltronModules [*]
10-22 15:36:51.366 29324 29538 W AppInitScheduler|Run: Running AddMainDexStoreInfoToReliabilityLogging
10-22 15:36:51.366 29324 29525 W AppInitScheduler|Run: Running ConfigureJitAfterDexesLoad
10-22 15:36:51.366 29324 29536 W AppInitScheduler|Run: Running FreeApkZipToReduceMemoryUsage
10-22 15:36:51.366 29324 29527 W AppInitScheduler|Run: Running MprotectCode
10-22 15:36:51.366 29324 29525 W AppInitScheduler|Run:   Finished ConfigureJitAfterDexesLoad in 0ms
10-22 15:36:51.367 29324 29527 W AppInitScheduler|Run:   Finished MprotectCode in 1ms
10-22 15:36:51.367 29324 29538 W AppInitScheduler|Run:   Finished AddMainDexStoreInfoToReliabilityLogging in 2ms
10-22 15:36:51.367 29324 29536 W AppInitScheduler|Run:   Finished FreeApkZipToReduceMemoryUsage in 1ms
10-22 15:36:51.367 29324 29527 W AppInitScheduler|Run: Running MlockCode
10-22 15:36:51.369 29324 29527 W AppInitScheduler|Run:   Finished MlockCode in 1ms
10-22 15:36:51.372 29597 29597 D TimaKeyStoreProvider: TimaKeyStore is not enabled: cannot add TimaSignature Service and generateKeyPair Service
10-22 15:36:51.372 29597 29597 D ActivityThread: Added TimaKeyStore provider
10-22 15:36:51.373  3559  3559 E audit   : type=1400 audit(1697981811.366:6872): avc:  denied  { execmod } for  pid=29611 comm=4173796E635461736B202332 path=2F6465762F6173686D656D2F64616C76696B2D2F646174612F6170702F636F6D2E66616365626F6F6B2E6B6174616E612D325039425A356E663451574B444C4F6665332D4858513D3D2F6F61742F61726D2F626173652E6172745F32393332345F3239333234202864656C6574656429 dev="tmpfs" ino=12319050 scontext=u:r:untrusted_app:s0:c512,c768 tcontext=u:object_r:untrusted_app_tmpfs:s0:c512,c768 tclass=file permissive=0 SEPF_SM-J720F_8.0.0_0002 audit_filtered
10-22 15:36:51.374  3559  3559 E audit   : type=1300 audit(1697981811.366:6872): arch=40000028 syscall=125 per=8 success=no exit=-13 a0=76f3c000 a1=37000 a2=4 a3=c20bf3b0 items=0 ppid=3580 pid=29611 auid=4294967295 uid=10103 gid=10103 euid=10103 suid=10103 fsuid=10103 egid=10103 sgid=10103 fsgid=10103 tty=(none) ses=4294967295 comm=4173796E635461736B202332 exe="/system/bin/app_process32" subj=u:r:untrusted_app:s0:c512,c768 key=(null)
10-22 15:36:51.374  3559  3559 E audit   : type=1327 audit(1697981811.366:6872): proctitle="com.facebook.katana"
10-22 15:36:51.374  3559  3559 E audit   : type=1400 audit(1697981811.366:6873): avc:  denied  { execmod } for  pid=29611 comm=4173796E635461736B202332 path=2F6465762F6173686D656D2F64616C76696B2D2F646174612F646174612F636F6D2E66616365626F6F6B2E6B6174616E612F6465782F6F61742F61726D2F7A2D343431316437316531656134316261626134393739646561623832356362313038326336323633372E6172745F32393332345F3239353334202864656C6574656429 dev="tmpfs" ino=12325520 scontext=u:r:untrusted_app:s0:c512,c768 tcontext=u:object_r:untrusted_app_tmpfs:s0:c512,c768 tclass=file permissive=0 SEPF_SM-J720F_8.0.0_0002 audit_filtered
10-22 15:36:51.374  3559  3559 E audit   : type=1300 audit(1697981811.366:6873): arch=40000028 syscall=125 per=8 success=no exit=-13 a0=c16e4000 a1=712000 a2=4 a3=c20bf3b0 items=0 ppid=3580 pid=29611 auid=4294967295 uid=10103 gid=10103 euid=10103 suid=10103 fsuid=10103 egid=10103 sgid=10103 fsgid=10103 tty=(none) ses=4294967295 comm=4173796E635461736B202332 exe="/system/bin/app_process32" subj=u:r:untrusted_app:s0:c512,c768 key=(null)
10-22 15:36:51.374  3559  3559 E audit   : type=1327 audit(1697981811.366:6873): proctitle="com.facebook.katana"
10-22 15:36:51.376  3957  4654 I ActivityManager: DSS on for org.mozilla.fenix and scale is 1.0
10-22 15:36:51.381  3559  3559 E audit   : type=1400 audit(1697981811.374:6874): avc:  denied  { execmod } for  pid=29611 comm=4173796E635461736B202332 path="/system/lib/libsoundextractor.so" dev="dm-0" ino=2788 scontext=u:r:untrusted_app:s0:c512,c768 tcontext=u:object_r:system_file:s0 tclass=file permissive=0 SEPF_SM-J720F_8.0.0_0002 audit_filtered
10-22 15:36:51.381  3559  3559 E audit   : type=1300 audit(1697981811.374:6874): arch=40000028 syscall=125 per=8 success=no exit=-13 a0=e3564000 a1=1000 a2=5 a3=c20bf3b0 items=0 ppid=3580 pid=29611 auid=4294967295 uid=10103 gid=10103 euid=10103 suid=10103 fsuid=10103 egid=10103 sgid=10103 fsgid=10103 tty=(none) ses=4294967295 comm=4173796E635461736B202332 exe="/system/bin/app_process32" subj=u:r:untrusted_app:s0:c512,c768 key=(null)
10-22 15:36:51.382  3559  3559 E audit   : type=1327 audit(1697981811.374:6874): proctitle="com.facebook.katana"
10-22 15:36:51.382  3559  3559 E audit   : type=1400 audit(1697981811.374:6875): avc:  denied  { execmod } for  pid=29611 comm=4173796E635461736B202332 path="/system/lib/libart-dexlayout.so" dev="dm-0" ino=2489 scontext=u:r:untrusted_app:s0:c512,c768 tcontext=u:object_r:system_file:s0 tclass=file permissive=0 SEPF_SM-J720F_8.0.0_0002 audit_filtered
10-22 15:36:51.382  3559  3559 E audit   : type=1300 audit(1697981811.374:6875): arch=40000028 syscall=125 per=8 success=no exit=-13 a0=e87e8000 a1=1000 a2=5 a3=c20bf3b0 items=0 ppid=3580 pid=29611 auid=4294967295 uid=10103 gid=10103 euid=10103 suid=10103 fsuid=10103 egid=10103 sgid=10103 fsgid=10103 tty=(none) ses=4294967295 comm=4173796E635461736B202332 exe="/system/bin/app_process32" subj=u:r:untrusted_app:s0:c512,c768 key=(null)
10-22 15:36:51.382  3559  3559 E audit   : type=1327 audit(1697981811.374:6875): proctitle="com.facebook.katana"
10-22 15:36:51.388 29324 29534 E VoltronModuleManager: Unable to load installed module dittomodule
10-22 15:36:51.388 29324 29534 E VoltronModuleManager: X.14F: Module: dittomodule not found in path: /data/data/com.facebook.katana/modules/dittomodule_cd43134a63031703619c237600d9a9be64252fa920739563256d84cf0de18a80/download.zip
10-22 15:36:51.388 29324 29534 E VoltronModuleManager: 	at X.00G.A04(:230)
10-22 15:36:51.388 29324 29534 E VoltronModuleManager: 	at X.00G.A05(:3)
10-22 15:36:51.388 29324 29534 E VoltronModuleManager: 	at X.11A.Bx8(:2190)
10-22 15:36:51.388 29324 29534 E VoltronModuleManager: 	at X.11q.run(:104)
10-22 15:36:51.388 29324 29534 E VoltronModuleManager: 	at java.util.concurrent.ThreadPoolExecutor.runWorker(ThreadPoolExecutor.java:1162)
10-22 15:36:51.388 29324 29534 E VoltronModuleManager: 	at java.util.concurrent.ThreadPoolExecutor$Worker.run(ThreadPoolExecutor.java:636)
