10-22 15:36:55.462  3957  4129 D WifiStateMachine: fetchRssiLinkSpeedAndFrequencyNative rssi=-47 linkspeed=433 freq=5240
10-22 15:36:55.462  3957  4129 V WifiConfigManager: Updating scan detail cache freq=5240 BSSID=f4:6d:2f:12:cc:88 RSSI=-46 for "ourhome"WPA_PSK
10-22 15:36:55.464 29241 29252 I zygote64: Background concurrent copying GC freed 54537(2MB) AllocSpace objects, 23(568KB) LOS objects, 49% free, 5MB/10MB, paused 2.783ms total 183.686ms
10-22 15:36:55.512 29827 29827 I Finsky:background: [2] aiff.bk(289): Finished reading experiment flags from file [0tGUNCGIkbk4o6-fQ335kUYSKwVj4lusnHT-A5Dsy08] numFlags=1259.
10-22 15:36:55.517  3957  5416 D ConnectivityService: filterNetworkStateForUid() uid: 10169 networkInfo: [type: WIFI[] - WIFI, state: CONNECTED/CONNECTED, reason: (unspecified), extra: "ourhome", failover: false, available: true, roaming: false, metered: false]
10-22 15:36:55.517  3957  5416 D WifiService: getConnectionInfo uid=1000
10-22 15:36:55.519 29241 29848 I System.out: (HTTPLog)-Static: isSBSettingEnabled false
10-22 15:36:55.519 29241 29848 I System.out: (HTTPLog)-Static: isSBSettingEnabled false
10-22 15:36:55.524 29241 29281 I FenixApplication: 'Storage initialization' took 178 ms
10-22 15:36:55.534 29197 29476 I BatteryMgr:DataCollectionService: stats => 1697981815534,-126,4260,-144,0,100
10-22 15:36:55.572 29827 29827 I Finsky:background: [2] aiff.bk(289): Finished reading experiment flags from file [cDXKMAm20gnql81lkHY0kpZ363Z9OGuPpqWoMw-jNkY] numFlags=1782.
10-22 15:36:55.585  3957  4654 D ConnectivityService: filterNetworkStateForUid() uid: 10169 networkInfo: [type: WIFI[] - WIFI, state: CONNECTED/CONNECTED, reason: (unspecified), extra: "ourhome", failover: false, available: true, roaming: false, metered: false]
10-22 15:36:55.585  3957  4654 D WifiService: getConnectionInfo uid=1000
10-22 15:36:55.586 29241 29848 I System.out: (HTTPLog)-Static: isSBSettingEnabled false
10-22 15:36:55.587 29241 29848 I System.out: (HTTPLog)-Static: isSBSettingEnabled false
10-22 15:36:55.609 29827 29827 I Finsky:background: [2] wib.<init>(76): wht - Registering in memory receiver for android.intent.action.PACKAGE_ADDED and android.intent.action.PACKAGE_REMOVED
10-22 15:36:55.648 29197 29476 I BatteryMgr:DataCollectionService: stats => 1697981815648,-126,4260,-144,0,100
10-22 15:36:55.683 29827 29827 I Finsky:background: [2] scp.onCreate(9): IPC-SERVER: Starting gRPC host service...
10-22 15:36:55.700 29827 29827 I Finsky:background: [2] jqd.h(314): This process start was not selected for Play memory metrics collection.
10-22 15:36:55.750 29827 29867 I Finsky:background: [20647] nrj.i(6): getDownloads()
10-22 15:36:55.757 29197 29476 I BatteryMgr:DataCollectionService: stats => 1697981815757,-126,4260,-144,0,100
10-22 15:36:55.839 29827 29869 D ConnectivityManager: requestNetwork; CallingUid : 10044, CallingPid : 29827
10-22 15:36:55.842  3957 14904 D ConnectivityService: requestNetwork for uid/pid:10044/29827 NetworkRequest [ TRACK_DEFAULT id=2053, [ Capabilities: INTERNET&NOT_RESTRICTED&TRUSTED&NOT_VPN] ]
10-22 15:36:55.843  3957  4128 D WifiService: getConnectionInfo uid=1000
10-22 15:36:55.843  3957  4157 D ConnectivityService: rematching NetworkAgentInfo [WIFI () - 509]
10-22 15:36:55.843  3957  4157 D ConnectivityService:  network has: [ Transports: WIFI Capabilities: NOT_METERED&INTERNET&NOT_RESTRICTED&TRUSTED&NOT_VPN&VALIDATED&FOREGROUND LinkUpBandwidth>=1048576Kbps LinkDnBandwidth>=1048576Kbps SignalStrength: -47]
10-22 15:36:55.843  3957  4157 D ConnectivityService:   checking if request is satisfied: NetworkRequest [ TRACK_DEFAULT id=2053, [ Capabilities: INTERNET&NOT_RESTRICTED&TRUSTED&NOT_VPN] ]
10-22 15:36:55.844  3957  4157 D ConnectivityService: currentScore = 0, newScore = 100
10-22 15:36:55.844  3957  4157 D ConnectivityService: rematch for NetworkAgentInfo [WIFI () - 509]
10-22 15:36:55.844  3957  4157 D ConnectivityService:    accepting network in place of null
10-22 15:36:55.844  3957  4157 D ConnectivityService: sending new Min Network Score(100): NetworkRequest [ TRACK_DEFAULT id=2053, [ Capabilities: INTERNET&NOT_RESTRICTED&TRUSTED&NOT_VPN] ]
10-22 15:36:55.844  3957  4313 D Ethernet: got request NetworkRequest [ TRACK_DEFAULT id=2053, [ Capabilities: INTERNET&NOT_RESTRICTED&TRUSTED&NOT_VPN] ] with score 100
10-22 15:36:55.844  3957  4313 D Ethernet:   my score=-1, my filter=[ Transports: ETHERNET Capabilities: INTERNET&NOT_RESTRICTED&TRUSTED&NOT_VPN LinkUpBandwidth>=100000Kbps LinkDnBandwidth>=100000Kbps]
10-22 15:36:55.844  3957  4313 D Ethernet: evalRequest
10-22 15:36:55.844  3957  4313 D Ethernet:   done
10-22 15:36:55.844  3957  4153 D WIFI_P2P: got request NetworkRequest [ TRACK_DEFAULT id=2053, [ Capabilities: INTERNET&NOT_RESTRICTED&TRUSTED&NOT_VPN] ] with score 100
10-22 15:36:55.844  3957  4129 D WIFI    : got request NetworkRequest [ TRACK_DEFAULT id=2053, [ Capabilities: INTERNET&NOT_RESTRICTED&TRUSTED&NOT_VPN] ] with score 100
10-22 15:36:55.844  3957  4157 D ConnectivityService: MultiNetwork Request(TransportType - Wi-Fi request). Internet Capability doesn't required (false)
10-22 15:36:55.844  3957  4129 D WIFI    :   my score=60, my filter=[ Transports: WIFI Capabilities: NOT_METERED&INTERNET&NOT_RESTRICTED&TRUSTED&NOT_VPN LinkUpBandwidth>=1048576Kbps LinkDnBandwidth>=1048576Kbps]
10-22 15:36:55.844  3957  4153 D WIFI_P2P:   my score=60, my filter=[ Transports: WIFI Capabilities: WIFI_P2P&NOT_RESTRICTED&TRUSTED&NOT_VPN LinkUpBandwidth>=1048576Kbps LinkDnBandwidth>=1048576Kbps]
10-22 15:36:55.844  3957  4129 D WIFI    : evalRequest
10-22 15:36:55.844  3957  4153 D WIFI_P2P: evalRequest
10-22 15:36:55.844  3957  4157 D ConnectivityService: Network NetworkAgentInfo [WIFI () - 509] was already satisfying request 1. No change.
10-22 15:36:55.844  3957  4129 D WIFI    :   done
10-22 15:36:55.844  3957  4153 D WIFI_P2P:   done
10-22 15:36:55.844  3957  4157 D ConnectivityService: Network NetworkAgentInfo [WIFI () - 509] was already satisfying request 2052. No change.
10-22 15:36:55.844  3957  4129 D WIFI_UT : got request NetworkRequest [ TRACK_DEFAULT id=2053, [ Capabilities: INTERNET&NOT_RESTRICTED&TRUSTED&NOT_VPN] ] with score 100
10-22 15:36:55.844  3957  4157 D ConnectivityService: Network NetworkAgentInfo [WIFI () - 509] was already satisfying request 3. No change.
10-22 15:36:55.844  3957  4157 D ConnectivityService: Network NetworkAgentInfo [WIFI () - 509] was already satisfying request 2025. No change.
10-22 15:36:55.844  3957  4129 D WIFI_UT :   my score=2147483647, my filter=[ Transports: WIFI Capabilities: NOT_METERED&INTERNET&NOT_RESTRICTED&TRUSTED&NOT_VPN LinkUpBandwidth>=1048576Kbps LinkDnBandwidth>=1048576Kbps]
10-22 15:36:55.845  3957  4129 D WIFI_UT : evalRequest
10-22 15:36:55.845  3957  4129 D WIFI_UT :   needNetworkFor
10-22 15:36:55.845  4616  4616 D PhoneSwitcherNetworkRequstListener: got request NetworkRequest [ TRACK_DEFAULT id=2053, [ Capabilities: INTERNET&NOT_RESTRICTED&TRUSTED&NOT_VPN] ] with score 100
10-22 15:36:55.845  3957  4157 D ConnectivityService: sending notification AVAILABLE for NetworkRequest [ TRACK_DEFAULT id=2053, [ Capabilities: INTERNET&NOT_RESTRICTED&TRUSTED&NOT_VPN] ]
10-22 15:36:55.845  3957  4157 D ConnectivityService: sending notification CAP_CHANGED for NetworkRequest [ TRACK_DEFAULT id=2053, [ Capabilities: INTERNET&NOT_RESTRICTED&TRUSTED&NOT_VPN] ]
10-22 15:36:55.845  4616  4616 D PhoneSwitcherNetworkRequstListener:   my score=101, my filter=[ Transports: CELLULAR Capabilities: MMS&SUPL&DUN&FOTA&IMS&CBS&IA&RCS&XCAP&EIMS&INTERNET&NOT_RESTRICTED&TRUSTED&NOT_VPN&ENT1 Specifier: <android.net.MatchAllNetworkSpecifier@0>]
10-22 15:36:55.845  4616  4616 D PhoneSwitcherNetworkRequstListener: evalRequest
10-22 15:36:55.845  4616  4616 D PhoneSwitcherNetworkRequstListener:   needNetworkFor
10-22 15:36:55.845  3957  4157 D ConnectivityService: sending notification IP_CHANGED for NetworkRequest [ TRACK_DEFAULT id=2053, [ Capabilities: INTERNET&NOT_RESTRICTED&TRUSTED&NOT_VPN] ]
10-22 15:36:55.846  3957 14904 D ConnectivityService: filterNetworkStateForUid() uid: 10044 networkInfo: [type: WIFI[] - WIFI, state: CONNECTED/CONNECTED, reason: (unspecified), extra: "ourhome", failover: false, available: true, roaming: false, metered: false]
10-22 15:36:55.846  3957 14904 D WifiService: getConnectionInfo uid=1000
10-22 15:36:55.847  3957 14904 D WifiService: getConnectionInfo uid=1000
10-22 15:36:55.865 29197 29476 I BatteryMgr:DataCollectionService: stats => 1697981815865,-126,4260,-144,0,100
10-22 15:36:55.876 29740 29776 I Finsky  : [20655] tmv.G(6): getDownloads()
10-22 15:36:55.878 29827 29867 I Finsky:background: [20647] nrj.i(6): getDownloads()
10-22 15:36:55.882 29740 29821 I Finsky  : [20689] qsd.run(251): Installer: Installer starting
10-22 15:36:55.882 29740 29821 I Finsky  : [20689] qsd.run(275): Installer: Installer started
10-22 15:36:55.918 29740 29740 I Finsky  : [2] qur.R(85): Installer: found apps to install. apps=[]
10-22 15:36:55.919  3957 14904 D WifiService: getConnectionInfo uid=1000
10-22 15:36:55.922  3957 14904 D WifiService: getConnectionInfo uid=1000
10-22 15:36:55.967 29740 29872 I Finsky  : [20697] qyo.a(796): IV2: found recoverable installs: []
10-22 15:36:55.976 29197 29476 I BatteryMgr:DataCollectionService: stats => 1697981815975,-126,4260,-144,0,100
10-22 15:36:55.985 29740 29740 I Finsky  : [2] scp.onCreate(9): IPC-SERVER: Starting gRPC host service...
10-22 15:36:56.042 29740 29875 I Finsky  : [20700] reg.D(6): IQ: Pruning inactive install requests
10-22 15:36:56.052 29740 29875 I Finsky  : [20700] zxg.<init>(55): Resetting scheduler db
10-22 15:36:56.068 29740 29784 I Finsky  : [20662] yqw.accept(377): SCH: Scheduling phonesky job Id: 1-1337, CT: 1697940166538, Constraints: [{ L: 42704234, D: 85904234, C: 1, I: 1, N: 1 }]
10-22 15:36:56.068 29740 29784 I Finsky  : [20662] yqw.accept(377): SCH: Scheduling phonesky job Id: 3-373, CT: 1697980475821, Constraints: [{ L: 0, D: 86400000, C: 2, I: 2, N: 1 }]
10-22 15:36:56.070 29740 29784 I Finsky  : [20662] yqw.accept(377): SCH: Scheduling phonesky job Id: 26-1414141414, CT: 1697940163069, Constraints: [{ L: 43199994, D: 44099994, C: 1, I: 1, N: 0 }]
10-22 15:36:56.071 29740 29784 I Finsky  : [20662] yqw.accept(377): SCH: Scheduling phonesky job Id: 34-374, CT: 1697897797546, Constraints: [{ L: 604800000, D: 2486144340, C: 2, I: 2, N: 2 }, { L: 604800000, D: 2486144340, C: 1, I: 2, N: 2 }]
10-22 15:36:56.072 29740 29784 I Finsky  : [20662] yqw.accept(377): SCH: Scheduling phonesky job Id: 34-378, CT: 1697897797546, Constraints: [{ L: 604800000, D: 2571003689, C: 2, I: 2, N: 2 }, { L: 604800000, D: 2571003689, C: 1, I: 2, N: 2 }]
10-22 15:36:56.072 29740 29784 I Finsky  : [20662] yqw.accept(377): SCH: Scheduling phonesky job Id: 34-379, CT: 1697960412967, Constraints: [{ L: 79199913, D: 1375199913, C: 1, I: 1, N: 1 }]
10-22 15:36:56.073 29740 29784 I Finsky  : [20662] yqw.accept(377): SCH: Scheduling phonesky job Id: 34-381, CT: 1697897797546, Constraints: [{ L: 350152876, D: 1646152876, C: 1, I: 1, N: 2 }]
10-22 15:36:56.074 29740 29784 I Finsky  : [20662] yqw.accept(377): SCH: Scheduling phonesky job Id: 34-382, CT: 1697960412907, Constraints: [{ L: 0, D: 1296000000, C: 2, I: 2, N: 2 }, { L: 0, D: 1296000000, C: 1, I: 2, N: 2 }]
10-22 15:36:56.083 29197 29476 I BatteryMgr:DataCollectionService: stats => 1697981816083,-126,4260,-144,0,100
10-22 15:36:56.088 29740 29740 I Finsky  : [2] abey.a(9): Connecting InstallListener to SplitInstallService broadcaster...
10-22 15:36:56.108 29740 29772 I Finsky  : [20651] zwv.apply(1036): SCH: Scheduling 0 system job(s)
10-22 15:36:56.120 29740 29878 I Finsky  : [20703] zxa.apply(33): SCH: Canceling job 3-373
10-22 15:36:56.126 29740 29776 I Finsky  : [20655] zwu.a(15): SCH: no pending jobs to schedule.
10-22 15:36:56.142 29740 29875 I Finsky  : [20700] rdv.apply(1416): IQ: Creating job 374, for (REQ_CHARGING, REQ_DEVICE_IDLE, REQ_GEARHEAD_PROJECTION_OFF, NETWORK=ANY, PROVISIONING_STATE=PROVISIONED, BACKUP_MANAGER_STATE=BACKUP_READY, PROCESS_IMPORTANCE_THRESHOLD=125)
10-22 15:36:56.151 29740 29875 I Finsky  : [20700] reg.G(93): IQ: Bulk scheduling created jobs
10-22 15:36:56.157 29740 29800 D NetworkSecurityConfig: No Network Security Config specified, using platform default
10-22 15:36:56.181 29740 29800 I System.out: (HTTPLog)-Static: isSBSettingEnabled false
10-22 15:36:56.182 29740 29800 I System.out: (HTTPLog)-Static: isSBSettingEnabled false
10-22 15:36:56.184  4340  4731 D NetworkController.MobileSignalController(0/-2): onSignalStrengthsChanged signalStrength=SignalStrength: 23 99 -23 -200 -23 -200 -1 99 2147483647 2147483647 2147483647 2147483647 0 2147483647 0x4 P gsm|lte level=4
10-22 15:36:56.185  4340  4731 D NetworkController.MobileSignalController(0/-2): getMobileIconGroup(): 0
10-22 15:36:56.185  3599  3918 D DnsProxyListener: DNSDBG::dns addrinfo af 0
10-22 15:36:56.193 29197 29476 I BatteryMgr:DataCollectionService: stats => 1697981816193,-126,4260,-144,0,100
10-22 15:36:56.239 29241 29270 D GeckoIdleService: Get idle time: time since reset 5027 msec
10-22 15:36:56.239 29241 29270 D GeckoIdleService: Idle timer callback: current idle time 5027 msec
10-22 15:36:56.239 29241 29270 D GeckoIdleService: next timeout 4294967289973 msec from now
10-22 15:36:56.239 29241 29270 D GeckoIdleService: SetTimerExpiryIfBefore: next timeout 4294967289973 msec from now
10-22 15:36:56.239 29241 29270 D GeckoIdleService: reset timer expiry to 4294967289983 msec from now
10-22 15:36:56.239 29241 29270 D GeckoIdleService: Idle timer callback: tell observer 0x742b72bc68 user is idle
10-22 15:36:56.315 29197 29476 I BatteryMgr:DataCollectionService: stats => 1697981816315,-126,4260,-144,0,100
10-22 15:36:56.404  3957 14904 I chatty  : uid=1000(system) Binder:3957_1C identical 4 lines
10-22 15:36:56.404  3957 14904 D WifiService: getConnectionInfo uid=1000
10-22 15:36:56.406  3957 14904 D ConnectivityService: filterNetworkStateForUid() uid: 10044 networkInfo: [type: WIFI[] - WIFI, state: CONNECTED/CONNECTED, reason: (unspecified), extra: "ourhome", failover: false, available: true, roaming: false, metered: false]
10-22 15:36:56.407  3957 14904 D WifiService: getConnectionInfo uid=1000
10-22 15:36:56.428 29197 29476 I BatteryMgr:DataCollectionService: stats => 1697981816428,-126,4260,-144,0,100
10-22 15:36:56.461  3957  4129 D WifiStateMachine:  ConnectedState !RSSI_PKTCNT_FETCH uid=1000 rt=588223046/1644198518 0 0 "ourhome" f4:6d:2f:12:cc:88 rssi=-47 f=5240 sc=60 link=433 tx=210.2, 7.2, 0.0  rx=287.1 bcn=461529 [on:0 tx:0 rx:0 period:1000] from screen [on:882998 period:5915692] score=60
10-22 15:36:56.463  3957  4129 D WifiStateMachine:  L2ConnectedState !RSSI_PKTCNT_FETCH uid=1000 rt=588223047/1644198520 0 0 "ourhome" f4:6d:2f:12:cc:88 rssi=-47 f=5240 sc=60 link=433 tx=210.2, 7.2, 0.0  rx=287.1 bcn=461529 [on:0 tx:0 rx:0 period:2] from screen [on:882998 period:5915694] score=60
10-22 15:36:56.464  3957  4129 D WifiStateMachine: fetchRssiLinkSpeedAndFrequencyNative rssi=-46 linkspeed=433 freq=5240
10-22 15:36:56.464  3957  4129 V WifiConfigManager: Updating scan detail cache freq=5240 BSSID=f4:6d:2f:12:cc:88 RSSI=-46 for "ourhome"WPA_PSK
10-22 15:36:56.490 29740 29781 I Finsky  : [20660] yqw.accept(377): SCH: Scheduling phonesky job Id: 3-374, CT: 1697981816152, Constraints: [{ L: 0, D: 86400000, C: 2, I: 2, N: 1 }]
10-22 15:36:56.521 29740 29772 I Finsky  : [20651] zwv.apply(1036): SCH: Scheduling 0 system job(s)
10-22 15:36:56.533  4961  4961 D io_stats: !@ 179,0 r 9141612 297979176 w 2061139 40649364 d 164720 36502460 f 624627 649325 iot 4204940 3635555 th 51200 0 0 pt 0 inp 0 0 588223.118
10-22 15:36:56.537 29197 29476 I BatteryMgr:DataCollectionService: stats => 1697981816537,-126,4260,-144,0,100
10-22 15:36:56.647 29197 29476 I BatteryMgr:DataCollectionService: stats => 1697981816647,-126,4260,-144,0,100
10-22 15:36:56.756 29197 29476 I BatteryMgr:DataCollectionService: stats => 1697981816756,-126,4260,-144,0,100
10-22 15:36:56.845  3957  4128 D WifiService: getConnectionInfo uid=1000
10-22 15:36:56.874 29197 29476 I BatteryMgr:DataCollectionService: stats => 1697981816874,-126,4260,-144,0,100
10-22 15:36:56.919 29197 29208 I zygote64: Background concurrent copying GC freed 9702(1049KB) AllocSpace objects, 0(0B) LOS objects, 67% free, 754KB/2MB, paused 5.611ms total 56.074ms
10-22 15:36:56.928  2479  2548 D ScanRecord: Not a Multi Manu data
10-22 15:36:56.984  2479  2548 I chatty  : uid=1002(bluetooth) BT Service Call identical 53 lines
10-22 15:36:56.984  2479  2548 D ScanRecord: Not a Multi Manu data
10-22 15:36:56.988 29197 29476 I BatteryMgr:DataCollectionService: stats => 1697981816987,-126,4260,-144,0,100
10-22 15:36:56.995  2479  2548 D ScanRecord: Not a Multi Manu data
10-22 15:36:57.086  2479  2548 I chatty  : uid=1002(bluetooth) BT Service Call identical 75 lines
10-22 15:36:57.086  2479  2548 D ScanRecord: Not a Multi Manu data
10-22 15:36:57.098 29197 29476 I BatteryMgr:DataCollectionService: stats => 1697981817098,-126,4260,-144,0,100
10-22 15:36:57.099  2479  2548 D ScanRecord: Not a Multi Manu data
10-22 15:36:57.207  2479  2548 I chatty  : uid=1002(bluetooth) BT Service Call identical 110 lines
10-22 15:36:57.207 29197 29476 I BatteryMgr:DataCollectionService: stats => 1697981817206,-126,4260,-144,0,100
10-22 15:36:57.207  2479  2548 D ScanRecord: Not a Multi Manu data
10-22 15:36:57.207  2479  2548 D ScanRecord: Not a Multi Manu data
10-22 15:36:57.310  2479  2548 I chatty  : uid=1002(bluetooth) BT Service Call identical 150 lines
10-22 15:36:57.310  2479  2548 D ScanRecord: Not a Multi Manu data
10-22 15:36:57.320 29197 29476 I BatteryMgr:DataCollectionService: stats => 1697981817319,-126,4260,-144,0,100
10-22 15:36:57.322  2479  2548 D ScanRecord: Not a Multi Manu data
10-22 15:36:57.391  2479  2548 I chatty  : uid=1002(bluetooth) BT Service Call identical 42 lines
10-22 15:36:57.391  2479  2548 D ScanRecord: Not a Multi Manu data
10-22 15:36:57.431 29197 29476 I BatteryMgr:DataCollectionService: stats => 1697981817431,-126,4260,-144,0,100
10-22 15:36:57.474  3957  4129 D WifiStateMachine:  ConnectedState !RSSI_PKTCNT_FETCH uid=1000 rt=588224055/1644199528 0 0 "ourhome" f4:6d:2f:12:cc:88 rssi=-46 f=5240 sc=60 link=433 tx=210.2, 7.2, 0.0  rx=287.1 bcn=461529 [on:0 tx:0 rx:0 period:1011] from screen [on:882998 period:5916705] score=60
10-22 15:36:57.476  3957  4129 D WifiStateMachine:  L2ConnectedState !RSSI_PKTCNT_FETCH uid=1000 rt=588224060/1644199532 0 0 "ourhome" f4:6d:2f:12:cc:88 rssi=-46 f=5240 sc=60 link=433 tx=210.2, 7.2, 0.0  rx=287.1 bcn=461529 [on:0 tx:0 rx:0 period:1] from screen [on:882998 period:5916706] score=60
10-22 15:36:57.482  3957  4129 D WifiStateMachine: fetchRssiLinkSpeedAndFrequencyNative rssi=-44 linkspeed=433 freq=5240
10-22 15:36:57.483  3957  4129 V WifiConfigManager: Updating scan detail cache freq=5240 BSSID=f4:6d:2f:12:cc:88 RSSI=-44 for "ourhome"WPA_PSK
10-22 15:36:57.541 29197 29476 I BatteryMgr:DataCollectionService: stats => 1697981817541,-126,4260,-144,0,100
10-22 15:36:57.651 29197 29476 I BatteryMgr:DataCollectionService: stats => 1697981817651,-126,4260,-144,0,100
10-22 15:36:57.767 29197 29476 I BatteryMgr:DataCollectionService: stats => 1697981817767,-126,4260,-144,0,100
10-22 15:36:57.847  3957  4128 D WifiService: getConnectionInfo uid=1000
10-22 15:36:57.875  3957  4129 D WifiStateMachine:  ConnectedState !CMD_RSSI_POLL rt=588224459/1644199931 108 0 "ourhome" f4:6d:2f:12:cc:88 rssi=-44 f=5240 sc=60 link=433 tx=210.2, 7.2, 0.0  rx=287.1 bcn=461529 [on:0 tx:0 rx:0 period:399] from screen [on:882998 period:5917105] score=60
10-22 15:36:57.876  3957  4129 D WifiStateMachine:  L2ConnectedState !CMD_RSSI_POLL rt=588224460/1644199933 108 0 "ourhome" f4:6d:2f:12:cc:88 rssi=-44 f=5240 sc=60 link=433 tx=210.2, 7.2, 0.0  rx=287.1 bcn=461529 [on:0 tx:0 rx:0 period:2] from screen [on:882998 period:5917107] score=60
10-22 15:36:57.879  3957  4129 D WifiStateMachine:  get link layer stats 3
10-22 15:36:57.884 29197 29476 I BatteryMgr:DataCollectionService: stats => 1697981817884,-126,4260,-144,0,100
10-22 15:36:57.914  3436  3436 I android.hardware.wifi@1.0-service: getLinkLayerStats
10-22 15:36:57.964  3957  4129 D WifiStateMachine: fetchRssiLinkSpeedAndFrequencyNative rssi=-44 linkspeed=433 freq=5240
10-22 15:36:57.964  3957  4129 V WifiConfigManager: Updating scan detail cache freq=5240 BSSID=f4:6d:2f:12:cc:88 RSSI=-44 for "ourhome"WPA_PSK
10-22 15:36:58.055 29197 29476 I BatteryMgr:DataCollectionService: stats => 1697981818055,-126,4260,-144,0,100
10-22 15:36:58.074  4340  4340 E SignalClusterView: setSlotFocusVisible : subId -2
10-22 15:36:58.074  4340  4340 E SignalClusterView: setSlotFocusVisible : subId -2
10-22 15:36:58.165 29197 29476 I BatteryMgr:DataCollectionService: stats => 1697981818164,-126,4260,-144,0,100
10-22 15:36:58.274 29197 29476 I BatteryMgr:DataCollectionService: stats => 1697981818274,-126,4260,-144,0,100
10-22 15:36:58.381 29197 29476 I BatteryMgr:DataCollectionService: stats => 1697981818381,-126,4260,-144,0,100
10-22 15:36:58.470  3957  4129 D WifiStateMachine:  ConnectedState !RSSI_PKTCNT_FETCH uid=1000 rt=588225055/1644200527 0 0 "ourhome" f4:6d:2f:12:cc:88 rssi=-44 f=5240 sc=60 link=433 tx=132.3, 4.5, 0.0  rx=178.5 bcn=461558 [on:0 tx:0 rx:0 period:469] from screen [on:884589 period:5917701] score=60
10-22 15:36:58.472  3957  4129 D WifiStateMachine:  L2ConnectedState !RSSI_PKTCNT_FETCH uid=1000 rt=588225056/1644200528 0 0 "ourhome" f4:6d:2f:12:cc:88 rssi=-44 f=5240 sc=60 link=433 tx=132.3, 4.5, 0.0  rx=178.5 bcn=461558 [on:0 tx:0 rx:0 period:2] from screen [on:884589 period:5917703] score=60
10-22 15:36:58.478  3957  4129 D WifiStateMachine: fetchRssiLinkSpeedAndFrequencyNative rssi=-45 linkspeed=433 freq=5240
10-22 15:36:58.479  3957  4129 V WifiConfigManager: Updating scan detail cache freq=5240 BSSID=f4:6d:2f:12:cc:88 RSSI=-44 for "ourhome"WPA_PSK
10-22 15:36:58.492 29197 29476 I BatteryMgr:DataCollectionService: stats => 1697981818491,-126,4260,-144,0,100
10-22 15:36:58.602 29197 29476 I BatteryMgr:DataCollectionService: stats => 1697981818602,-126,4260,-144,0,100
10-22 15:36:58.711 29197 29476 I BatteryMgr:DataCollectionService: stats => 1697981818711,-126,4260,-144,0,100
10-22 15:36:58.776 29324 29888 W fb4a.FBInjector: Setting Application: com.facebook.katana.app.FacebookApplication@e97ecf8 with classloader: dalvik.system.PathClassLoader@69717083
10-22 15:36:58.820 29197 29476 I BatteryMgr:DataCollectionService: stats => 1697981818820,-126,4260,-144,0,100
10-22 15:36:58.841  3957  4654 D SamsungAlarmManager: setExact Intent (T:2/F:1/AC:false) 20231022T153901 - CU:10103/CP:29324
10-22 15:36:58.841  3957  4654 I SamsungAlarmManager: setLocked to kernel - T:2 / 20231022T153901, SetElapsed=1644323181, nowELAPSED=1644200899
10-22 15:36:58.851  3957  4128 D WifiService: getConnectionInfo uid=1000
10-22 15:36:58.889 29324 29654 W zygote  : JNI RegisterNativeMethods: attempt to register 0 native methods for com.facebook.omnistore.OmnistoreCollectionFrontendHolder
10-22 15:36:58.931 29197 29476 I BatteryMgr:DataCollectionService: stats => 1697981818931,-126,4260,-144,0,100
10-22 15:36:59.040 29197 29476 I BatteryMgr:DataCollectionService: stats => 1697981819040,-126,4260,-144,0,100
10-22 15:36:59.127 29324 29654 I zygote  : Deoptimizing X.1HJ X.1HH.A0D(int) due to JIT inline cache
10-22 15:36:59.148 29197 29476 I BatteryMgr:DataCollectionService: stats => 1697981819148,-126,4260,-144,0,100
10-22 15:36:59.256 29197 29476 I BatteryMgr:DataCollectionService: stats => 1697981819256,-126,4260,-144,0,100
10-22 15:36:59.318 29324 29654 W fb4a.lacrima: FbErrorReportingConfig.postStartupInit
10-22 15:36:59.368 29197 29476 I BatteryMgr:DataCollectionService: stats => 1697981819368,-126,4260,-144,0,100
10-22 15:36:59.428 29324 29684 W fb4a.Fixie: Initialize FB4A_APP_LOADED_UI_IDLE on thread: CombinedTP9
10-22 15:36:59.449 29324 29684 W fb4a.Fixie: Initialize ULimitFixer
10-22 15:36:59.451 29324 29684 W fb4a.Fixie: Initialize MemoryRedFixer
10-22 15:36:59.472  3957  4129 D WifiStateMachine:  ConnectedState !RSSI_PKTCNT_FETCH uid=1000 rt=588226056/1644201528 0 0 "ourhome" f4:6d:2f:12:cc:88 rssi=-45 f=5240 sc=60 link=433 tx=132.3, 4.5, 0.0  rx=178.5 bcn=461558 [on:0 tx:0 rx:0 period:1000] from screen [on:884589 period:5918703] score=60
10-22 15:36:59.473  3957  4129 D WifiStateMachine:  L2ConnectedState !RSSI_PKTCNT_FETCH uid=1000 rt=588226058/1644201530 0 0 "ourhome" f4:6d:2f:12:cc:88 rssi=-45 f=5240 sc=60 link=433 tx=132.3, 4.5, 0.0  rx=178.5 bcn=461558 [on:0 tx:0 rx:0 period:1] from screen [on:884589 period:5918704] score=60
10-22 15:36:59.477 29197 29476 I BatteryMgr:DataCollectionService: stats => 1697981819476,-126,4260,-144,0,100
10-22 15:36:59.479  3957  4129 D WifiStateMachine: fetchRssiLinkSpeedAndFrequencyNative rssi=-44 linkspeed=433 freq=5240
10-22 15:36:59.479  3957  4129 V WifiConfigManager: Updating scan detail cache freq=5240 BSSID=f4:6d:2f:12:cc:88 RSSI=-44 for "ourhome"WPA_PSK
10-22 15:36:59.485 29324 29684 W fb4a.Fixie: Initialize ContentProviderFixer
10-22 15:36:59.485 29324 29684 W fb4a.Fixie: Initialize ActivityStackResetterFixer
10-22 15:36:59.485 29324 29684 W fb4a.Fixie/ActivityStackResetterFixer: Enable Activity Stack Resetter
10-22 15:36:59.486 29324 29684 W fb4a.Fixie: Initialize GcOptimizerFixer
10-22 15:36:59.486 29324 29684 W fb4a.Fixie: Initialize ActivityThreadProtector
10-22 15:36:59.491 29324 29684 W fb4a.Fixie: Initialize HuaweiStackTraceFixer
10-22 15:36:59.491 29324 29684 W fb4a.Fixie: Initialize SamsungContextLeakFixer
10-22 15:36:59.492 29324 29684 W fb4a.Fixie: Initialize SharedPrefsANRFixer
10-22 15:36:59.492 29324 29684 W fb4a.Fixie: Initialize TransactionTooLargeDebugger
10-22 15:36:59.493 29324 29684 W fb4a.Fixie: Initialize ForegroundServiceDebugger
10-22 15:36:59.493 29324 29684 W fb4a.Fixie: Initialize BadNotificationDebugger
10-22 15:36:59.512 29324 29684 W fb4a.Fixie: Initialize ACodecFixer
10-22 15:36:59.512 29324 29684 W fb4a.Fixie: Initialize PackageInfoCache
10-22 15:36:59.512 29324 29684 W fb4a.Fixie: Initialize ApplicationThreadHook
10-22 15:36:59.557 29324 29684 D ArtDistract: Attempting to hook method. Resolved orig method holder in java: no
10-22 15:36:59.557 29324 29684 D OffsetFinder: findOffsetCustom: found value 524313 at 4 (with arg: 25)
10-22 15:36:59.586 29197 29476 I BatteryMgr:DataCollectionService: stats => 1697981819586,-126,4260,-144,0,100
10-22 15:36:59.678 29324 29684 D ArtDistract: Did find a symbol at idx 0 while calling findFunc_ClassLinker_GetQuickOatCodeFor.
10-22 15:36:59.686 29324 29684 D ArtDistract: Hook of ClassLinkerFinder-no-objptr succeeded. Try force fast hook: no Is Direct Jump: no errmsg: 
10-22 15:36:59.686 29324 29684 D ArtDistract: ClassLinkerFinder was enabled. Errmsg: 
10-22 15:36:59.686 29324 29684 D ArtDistract: Generating a proxy method while looking for ClassLinker
10-22 15:36:59.687 29324 29684 D ArtDistract: Was found call for clslinker NO objptr
10-22 15:36:59.687 29324 29684 D OffsetFinder: findOffsetWithVal: found val 4069646145 at 28
10-22 15:36:59.689 29324 29684 D ArtDistract: We successfully inited ART distract.
10-22 15:36:59.689 29324 29684 D ArtDistract: 	 We found the entry_point_from_quick_compiled_code_ offset of art method at 28.
10-22 15:36:59.689 29324 29684 D ArtDistract: 	 We found the ART ClassLinker 0xf298f140.
10-22 15:36:59.689 29324 29684 D ArtDistract: 	 We did not need ART Method size[-2] mirror::Object offset[-1].
10-22 15:36:59.689 29324 29684 D ArtDistract: 	 The interpreter to compiled code offset was not needed.
10-22 15:36:59.691 29324 29684 D ArtDistract: ART Distract DID init.
10-22 15:36:59.691 29324 29684 D ArtDistract: 	 Access Flag offset[4]: yes
10-22 15:36:59.691 29324 29684 D ArtDistract: 	 Call Proxy Init Success: yes
10-22 15:36:59.691 29324 29684 D ArtDistract: 	 has init symbols: Not needed
10-22 15:36:59.691 29324 29684 D ArtDistract: 	 has inited DexCache resolve method updating: Not needed
10-22 15:36:59.692 29324 29684 D ArtDistract: Successfully finished hooking method 0x6ffa28fc.
10-22 15:36:59.693 29324 29684 W fb4a.Fixie: Initialize AppCoordinator
10-22 15:36:59.693 29324 29684 W fb4a.Fixie: Initialize BrowserLiteCookieManagerFixer
10-22 15:36:59.695 29324 29684 W fb4a.Fixie: Initialize MainThreadIpcMonitor
10-22 15:36:59.695 29197 29476 I BatteryMgr:DataCollectionService: stats => 1697981819695,-126,4260,-144,0,100
10-22 15:36:59.808 29197 29476 I BatteryMgr:DataCollectionService: stats => 1697981819808,-126,4260,-144,0,100
10-22 15:36:59.853  3957  4128 D WifiService: getConnectionInfo uid=1000
10-22 15:36:59.916 29197 29476 I BatteryMgr:DataCollectionService: stats => 1697981819916,-126,4260,-144,0,100
10-22 15:37:00.000  3957  4045 D SamsungAlarmManager: Expired : 8
10-22 15:37:00.008  3957  4045 V SamsungAlarmManager: Sending to uid : 1000 action=android.intent.action.TIME_TICK alarm=Alarm{f59f0c6 type 3 when 1644202058 android}
10-22 15:37:00.025 29197 29476 I BatteryMgr:DataCollectionService: stats => 1697981820025,-126,4260,-144,0,100
10-22 15:37:00.041  3957  4045 V SamsungAlarmManager: Sending to uid : 10074 action=com.samsung.action.EVERY_MINUTE_CLOCK_UPDATE alarm=Alarm{56a623 type 1 when 1697981820000 com.sec.android.app.launcher}
10-22 15:37:00.049  3957  3957 D SamsungAlarmManager: setExact Intent (T:3/F:1/AC:false) 20231022T153800 - CU:1000/CP:3957
10-22 15:37:00.050  3957  3957 I SamsungAlarmManager: setLocked to kernel - T:3 / 20231022T153800, SetElapsed=1644262058, nowELAPSED=1644202108
10-22 15:37:00.055   426   426 I Launcher: onReceive: com.samsung.action.EVERY_MINUTE_CLOCK_UPDATE
10-22 15:37:00.060  4340  4340 D KeyguardUpdateMonitor: received broadcast android.intent.action.TIME_TICK
10-22 15:37:00.063  3957  4654 D ConnectivityService: filterNetworkStateForUid() uid: 10103 networkInfo: [type: WIFI[] - WIFI, state: CONNECTED/CONNECTED, reason: (unspecified), extra: "ourhome", failover: false, available: true, roaming: false, metered: false]
10-22 15:37:00.063  3957  4654 D WifiService: getConnectionInfo uid=1000
10-22 15:37:00.067  4340  4340 D KeyguardServiceBoxContainer: refreshTime() 1
10-22 15:37:00.079  3957 14904 D SamsungAlarmManager: setInexact Intent (T:1/F:0/AC:false) 20231022T153800 - CU:10074/CP:426
10-22 15:37:00.086   426   426 I IconView: applyFromShortcutInfo - start GetLive : com.samsung.android.calendar
10-22 15:37:00.088   426   426 I BitmapCacheContainer: getBitmapCache: BitmapCache expired com.samsung.android.calendar/UserHandle{0}
10-22 15:37:00.112   426   426 D ApplicationPackageManager: we has com.samsung.android.calendar class. reuse it 
10-22 15:37:00.144 29197 29476 I BatteryMgr:DataCollectionService: stats => 1697981820144,-126,4260,-144,0,100
10-22 15:37:00.150 29324 29632 W DexLibLoader: ignoring dex metadata pragma [.locator_id 9]
10-22 15:37:00.156 29324 29632 W DexLibLoader: Build id used for apk identification
10-22 15:37:00.184 29324 29632 V XZ      : XZ native library initialized.
10-22 15:37:00.195 29324 29632 V XZ      : Cleaning up XZ decoder state.
10-22 15:37:00.212 29324 29632 W DexLibLoader: Comparing new 1697283756948 to old 1697283756948
10-22 15:37:00.261 29197 29476 I BatteryMgr:DataCollectionService: stats => 1697981820261,-126,4260,-144,0,100
10-22 15:37:00.283   426   426 I ApplicationPackageManager: load= live icon for com.samsung.android.calendar, from overlay = false
10-22 15:37:00.285   426   426 I LiveIconManager: getLiveIcon: complete(sync_created)
10-22 15:37:00.285   426   426 I IconView: applyFromShortcutInfo - end GetLive : com.samsung.android.calendar
10-22 15:37:00.333 29324 29714 W fb4a.HeliumWebViewFactoryProvider: Unable to initialize, Helium lazy provider already installed
10-22 15:37:00.345  4340  4340 D KeyguardUpdateMonitor: handleStatusBarState( false )
10-22 15:37:00.366  4340  4340 D KeyguardUpdateMonitor: handleStatusBarState( false )
10-22 15:37:00.372 29197 29476 I BatteryMgr:DataCollectionService: stats => 1697981820372,-126,4260,-144,0,100
10-22 15:37:00.381   426   426 I IconView: applyFromApplicationInfo - start GetLive : com.sec.android.app.clockpackage
10-22 15:37:00.384   426   426 D ApplicationPackageManager: we has com.sec.android.app.clockpackage class. reuse it 
10-22 15:37:00.391   426   426 D LiveIconLoader: getLiveIcon was called in ClockPackage
10-22 15:37:00.393   426   426 D LiveIconLoader: getLiveIcon res = com.sec.android.app.clockpackage
10-22 15:37:00.396   426   426 D LiveIconLoader: stdIconSize : 84 , targetIconSize : 94
10-22 15:37:00.396   426   426 D LiveIconLoader: mIconDpi : 320 , mTargetIconDpi : 280
10-22 15:37:00.428   426   426 I ApplicationPackageManager: load= live icon for com.sec.android.app.clockpackage, from overlay = false
10-22 15:37:00.428   426   426 I LiveIconManager: getLiveIcon: complete(sync_created)
10-22 15:37:00.428   426   426 I IconView: applyFromApplicationInfo - end GetLive : com.sec.android.app.clockpackage
10-22 15:37:00.429   426   426 I IconView: applyFromApplicationInfo - start GetLive : com.samsung.android.calendar
10-22 15:37:00.430   426   426 I IconView: applyFromApplicationInfo - end GetLive : com.samsung.android.calendar
10-22 15:37:00.472  3957  4129 D WifiStateMachine:  ConnectedState !RSSI_PKTCNT_FETCH uid=1000 rt=588227056/1644202529 0 0 "ourhome" f4:6d:2f:12:cc:88 rssi=-44 f=5240 sc=60 link=433 tx=132.3, 4.5, 0.0  rx=178.5 bcn=461558 [on:0 tx:0 rx:0 period:999] from screen [on:884589 period:5919703] score=60
10-22 15:37:00.473  3957  4129 D WifiStateMachine:  L2ConnectedState !RSSI_PKTCNT_FETCH uid=1000 rt=588227058/1644202530 0 0 "ourhome" f4:6d:2f:12:cc:88 rssi=-44 f=5240 sc=60 link=433 tx=132.3, 4.5, 0.0  rx=178.5 bcn=461558 [on:0 tx:0 rx:0 period:1] from screen [on:884589 period:5919704] score=60
10-22 15:37:00.479 29197 29476 I BatteryMgr:DataCollectionService: stats => 1697981820479,-126,4260,-144,0,100
10-22 15:37:00.479  3957  4129 D WifiStateMachine: fetchRssiLinkSpeedAndFrequencyNative rssi=-44 linkspeed=433 freq=5240
10-22 15:37:00.482  3957  4129 V WifiConfigManager: Updating scan detail cache freq=5240 BSSID=f4:6d:2f:12:cc:88 RSSI=-44 for "ourhome"WPA_PSK
10-22 15:37:00.547 29324 29343 I zygote  : Do full code cache collection, code=123KB, data=115KB
10-22 15:37:00.548 29324 29343 I zygote  : After code cache collection, code=100KB, data=59KB
10-22 15:37:00.549 29324 29343 I zygote  : Do partial code cache collection, code=100KB, data=67KB
10-22 15:37:00.549 29324 29343 I zygote  : After code cache collection, code=100KB, data=67KB
10-22 15:37:00.549 29324 29343 I zygote  : Increasing code cache capacity to 512KB
10-22 15:37:00.549 29324 29343 I zygote  : Compiler allocated 9MB to compile void X.2N6.run()
10-22 15:37:00.563  3957  5416 D ConnectivityService: filterNetworkStateForUid() uid: 10103 networkInfo: [type: WIFI[] - WIFI, state: CONNECTED/CONNECTED, reason: (unspecified), extra: "ourhome", failover: false, available: true, roaming: false, metered: false]
10-22 15:37:00.563  3957  5416 D WifiService: getConnectionInfo uid=1000
10-22 15:37:00.575  3957  5416 I chatty  : uid=1000(system) Binder:3957_10 identical 3 lines
10-22 15:37:00.575  3957  5416 I chatty  : uid=1000(system) Binder:3957_10 identical 3 lines
10-22 15:37:00.578  3957  5416 D ConnectivityService: filterNetworkStateForUid() uid: 10103 networkInfo: [type: WIFI[] - WIFI, state: CONNECTED/CONNECTED, reason: (unspecified), extra: "ourhome", failover: false, available: true, roaming: false, metered: false]
10-22 15:37:00.578  3957 14904 D ConnectivityService: filterNetworkStateForUid() uid: 10103 networkInfo: [type: WIFI[] - WIFI, state: CONNECTED/CONNECTED, reason: (unspecified), extra: "ourhome", failover: false, available: true, roaming: false, metered: false]
10-22 15:37:00.578  3957  5416 D WifiService: getConnectionInfo uid=1000
10-22 15:37:00.578  3957 14904 D WifiService: getConnectionInfo uid=1000
10-22 15:37:00.579  3957 14904 I chatty  : uid=1000(system) Binder:3957_1C identical 1 line
10-22 15:37:00.579  3957 14904 I chatty  : uid=1000(system) Binder:3957_1C identical 1 line
10-22 15:37:00.580  3957 14904 D ConnectivityService: filterNetworkStateForUid() uid: 10103 networkInfo: [type: WIFI[] - WIFI, state: CONNECTED/CONNECTED, reason: (unspecified), extra: "ourhome", failover: false, available: true, roaming: false, metered: false]
10-22 15:37:00.580  3957 14904 D WifiService: getConnectionInfo uid=1000
10-22 15:37:00.582  3957  5416 D ConnectivityService: filterNetworkStateForUid() uid: 10103 networkInfo: [type: WIFI[] - WIFI, state: CONNECTED/CONNECTED, reason: (unspecified), extra: "ourhome", failover: false, available: true, roaming: false, metered: false]
10-22 15:37:00.583  3957  5416 D WifiService: getConnectionInfo uid=1000
10-22 15:37:00.584  3957  5416 I chatty  : uid=1000(system) Binder:3957_10 identical 1 line
10-22 15:37:00.586  3957  5416 D WifiService: getConnectionInfo uid=1000
10-22 15:37:00.587 29197 29476 I BatteryMgr:DataCollectionService: stats => 1697981820586,-126,4260,-144,0,100
10-22 15:37:00.689 29324 29684 W fb4a.MobileConfigFactoryImpl: SESSIONBASED factory used for 1 param
10-22 15:37:00.694 29197 29476 I BatteryMgr:DataCollectionService: stats => 1697981820694,-126,4260,-144,0,100
10-22 15:37:00.804 29197 29476 I BatteryMgr:DataCollectionService: stats => 1697981820803,-126,4260,-144,0,100
10-22 15:37:00.828  3957  5416 D PackageManager: setEnabledSetting : userId = 0 packageName = com.facebook.katana cmp = com.facebook.composer.shareintent.ImplicitShareIntentHandlerDefaultAlias newState = 1 callingPackage = 10103/com.facebook.katana
10-22 15:37:00.855  3957  4128 D WifiService: getConnectionInfo uid=1000
10-22 15:37:00.857  3957  5416 D PackageManager: setEnabledSetting : userId = 0 packageName = com.facebook.katana cmp = com.facebook.composer.shareintent.AddToStoryAlias newState = 1 callingPackage = 10103/com.facebook.katana
10-22 15:37:00.871  3957  5416 D PackageManager: setEnabledSetting : userId = 0 packageName = com.facebook.katana cmp = com.facebook.composer.shareintent.ShareToGroupsAlias newState = 1 callingPackage = 10103/com.facebook.katana
10-22 15:37:00.880  3957  5416 D PackageManager: setEnabledSetting : userId = 0 packageName = com.facebook.katana cmp = com.facebook.composer.shareintent.ShareToGroupsDisableSinglePhotoAlias newState = 2 callingPackage = 10103/com.facebook.katana
10-22 15:37:00.902  3957 14904 D WifiService: getConnectionInfo uid=10103
10-22 15:37:00.912 29197 29476 I BatteryMgr:DataCollectionService: stats => 1697981820911,-126,4260,-144,0,100
10-22 15:37:00.912  3957 14904 D WifiService: getConnectionInfo uid=10103
10-22 15:37:00.926 29324 29715 W fb4a.ServiceInfoParser: X.4CE: Service com.facebook.browser.lite.BrowserLiteIntentService is missing meta key com.facebook.common.jobscheduler.compat.jobIds
10-22 15:37:00.927 29324 29715 W fb4a.ServiceInfoParser: X.4CE: Service com.facebook.browser.lite.BrowserLiteInMainProcessIntentService is missing meta key com.facebook.common.jobscheduler.compat.jobIds
10-22 15:37:00.927 29324 29715 W fb4a.ServiceInfoParser: X.4CE: Service com.facebook.businessintegrity.cloakingdetection.service.CloakingDetectionService is missing meta key com.facebook.common.jobscheduler.compat.jobIds
10-22 15:37:00.928 29324 29715 W fb4a.ServiceInfoParser: X.4CE: Service com.facebook.contacts.service.ContactLocaleChangeService is missing meta key com.facebook.common.jobscheduler.compat.jobIds
10-22 15:37:00.928 29324 29715 W fb4a.ServiceInfoParser: X.4CE: Service com.facebook.common.zopt.ZOptBackgroundService is missing meta key com.facebook.common.jobscheduler.compat.jobIds
10-22 15:37:00.928 29324 29715 W fb4a.ServiceInfoParser: X.4CE: Service com.facebook.account.login.notification.LoginNotificationService is missing meta key com.facebook.common.jobscheduler.compat.jobIds
10-22 15:37:00.936 29324 29715 W fb4a.ServiceInfoParser: X.4CE: Service com.facebook.conditionalworker.ConditionalWorkerService is missing meta key com.facebook.common.jobscheduler.compat.jobIds
10-22 15:37:00.938 29324 29715 W fb4a.ServiceInfoParser: X.4CE: Service com.facebook.fbservice.service.BlueServiceJobIntentService is missing meta key com.facebook.common.jobscheduler.compat.jobIds
10-22 15:37:00.939 29324 29715 W fb4a.ServiceInfoParser: X.4CE: Service com.facebook.notifications.appwidget.bugreporter.NotificationsWidgetDebugHelper is missing meta key com.facebook.common.jobscheduler.compat.jobIds
10-22 15:37:00.940 29324 29715 W fb4a.ServiceInfoParser: X.4CE: Service com.facebook.appcomponentmanager.AppComponentManagerService is missing meta key com.facebook.common.jobscheduler.compat.jobIds
10-22 15:37:00.940 29324 29715 W fb4a.ServiceInfoParser: X.4CE: Service com.facebook.confirmation.notification.ConfirmationNotificationService is missing meta key com.facebook.common.jobscheduler.compat.jobIds
10-22 15:37:00.940 29324 29715 W fb4a.ServiceInfoParser: X.4CE: Service com.facebook.battery.monitor.ContinuousBatteryMonitorService is missing meta key com.facebook.common.jobscheduler.compat.jobIds
10-22 15:37:00.940 29324 29715 W fb4a.ServiceInfoParser: X.4CE: Service com.facebook.papaya.fb.client.services.FBPapayaJobService is missing meta key com.facebook.common.jobscheduler.compat.jobIds
10-22 15:37:00.940 29324 29715 W fb4a.ServiceInfoParser: X.4CE: Service com.facebook.push.adm.ADMService is missing meta key com.facebook.common.jobscheduler.compat.jobIds
10-22 15:37:00.940 29324 29715 W fb4a.ServiceInfoParser: X.4CE: Service com.facebook.push.adm.ADMBroadcastReceiverJobBase is missing meta key com.facebook.common.jobscheduler.compat.jobIds
10-22 15:37:00.940 29324 29715 W fb4a.ServiceInfoParser: X.4CE: Service com.facebook.push.adm.ADMJobIntentService is missing meta key com.facebook.common.jobscheduler.compat.jobIds
10-22 15:37:00.940 29324 29715 W fb4a.ServiceInfoParser: X.4CE: Service com.facebook.push.fbpushdata.common.FbPushDataHandlerService is missing meta key com.facebook.common.jobscheduler.compat.jobIds
10-22 15:37:00.941 29324 29715 W fb4a.ServiceInfoParser: X.4CE: Service com.facebook.push.mqtt.service.MqttPushHelperService is missing meta key com.facebook.common.jobscheduler.compat.jobIds
10-22 15:37:00.941 29324 29715 W fb4a.ServiceInfoParser: X.4CE: Service com.facebook.push.registration.RegistrarHelperService is missing meta key com.facebook.common.jobscheduler.compat.jobIds
10-22 15:37:00.942 29324 29715 W fb4a.ServiceInfoParser: X.4CE: Service com.facebook.push.crossapp.PackageRemovedReporterService is missing meta key com.facebook.common.jobscheduler.compat.jobIds
10-22 15:37:00.942 29324 29715 W fb4a.ServiceInfoParser: X.4CE: Service com.facebook.reportaproblem.base.bugreport.BugReportUploadService is missing meta key com.facebook.common.jobscheduler.compat.jobIds
10-22 15:37:00.942 29324 29715 W fb4a.ServiceInfoParser: X.4CE: Service com.facebook.profilo.upload.TraceUploadRetryJob is missing meta key com.facebook.common.jobscheduler.compat.jobIds
10-22 15:37:00.942 29324 29715 W fb4a.ServiceInfoParser: X.4CE: Service com.facebook.registration.notification.RegistrationNotificationService is missing meta key com.facebook.common.jobscheduler.compat.jobIds
10-22 15:37:00.942 29324 29715 W fb4a.ServiceInfoParser: X.4CE: Service com.facebook.common.dextricks.DexOptimization$Service is missing meta key com.facebook.common.jobscheduler.compat.jobIds
10-22 15:37:00.942 29324 29715 W fb4a.ServiceInfoParser: X.4CE: Service com.facebook.common.dextricks.DexOptimizationJobService is missing meta key com.facebook.common.jobscheduler.compat.jobIds
10-22 15:37:00.942 29324 29715 W fb4a.ServiceInfoParser: X.4CE: Service com.facebook.glc.ScheduledWifiMonitorService is missing meta key com.facebook.common.jobscheduler.compat.jobIds
10-22 15:37:00.942 29324 29715 W fb4a.ServiceInfoParser: X.4CE: Service com.facebook.glc.GLCService is missing meta key com.facebook.common.jobscheduler.compat.jobIds
10-22 15:37:00.942 29324 29715 W fb4a.ServiceInfoParser: X.4CE: Service com.facebook.displaytimeinvalidation.service.DisplayTimeBlockIntentService is missing meta key com.facebook.common.jobscheduler.compat.jobIds
10-22 15:37:00.942 29324 29715 W fb4a.ServiceInfoParser: X.4CE: Service com.facebook.delayedworker.DelayedWorkerService is missing meta key com.facebook.common.jobscheduler.compat.jobIds
10-22 15:37:00.942 29324 29715 W fb4a.ServiceInfoParser: X.4CE: Service com.facebook.analytics2.logger.service.LollipopUploadSafeService is missing meta key com.facebook.common.jobscheduler.compat.jobIds
10-22 15:37:00.943 29324 29715 W fb4a.ServiceInfoParser: X.4CE: Service com.facebook.analytics2.logger.LollipopUploadService is missing meta key com.facebook.common.jobscheduler.compat.jobIds
10-22 15:37:00.943 29324 29715 W fb4a.ServiceInfoParser: X.4CE: Service com.facebook.compost.service.CompostNotificationService is missing meta key com.facebook.common.jobscheduler.compat.jobIds
10-22 15:37:00.943 29324 29715 W fb4a.ServiceInfoParser: X.4CE: Service com.facebook.videolite.api.jobscheduler.UploadJobSchedulerService is missing meta key com.facebook.common.jobscheduler.compat.jobIds
10-22 15:37:00.943 29324 29715 W fb4a.ServiceInfoParser: X.4CE: Service com.facebook.feed.platformads.AppInstallService is missing meta key com.facebook.common.jobscheduler.compat.jobIds
10-22 15:37:00.943 29324 29715 W fb4a.ServiceInfoParser: X.4CE: Service com.facebook.googleplay.GooglePlayInstallRefererService is missing meta key com.facebook.common.jobscheduler.compat.jobIds
10-22 15:37:00.943 29324 29715 W fb4a.ServiceInfoParser: X.4CE: Service com.facebook.oxygen.preloads.sdk.firstparty.managedappcache.IsManagedAppCacheJobService is missing meta key com.facebook.common.jobscheduler.compat.jobIds
10-22 15:37:00.943 29324 29715 W fb4a.ServiceInfoParser: X.4CE: Service com.facebook.orca.notify.MessagesNotificationService is missing meta key com.facebook.common.jobscheduler.compat.jobIds
10-22 15:37:00.943 29324 29715 W fb4a.ServiceInfoParser: X.4CE: Service com.facebook.push.negativefeedback.PushNegativeFeedbackFbJobIntentService is missing meta key com.facebook.common.jobscheduler.compat.jobIds
10-22 15:37:00.943 29324 29715 W fb4a.ServiceInfoParser: X.4CE: Service com.facebook.push.fcm.FcmRegistrarFbJobIntentService is missing meta key com.facebook.common.jobscheduler.compat.jobIds
10-22 15:37:00.944 29324 29715 W fb4a.ServiceInfoParser: X.4CE: Service com.facebook.messaging.prefs.notifications.NotificationPrefsSyncService is missing meta key com.facebook.common.jobscheduler.compat.jobIds
10-22 15:37:00.944 29324 29715 W fb4a.ServiceInfoParser: X.4CE: Service androidx.work.impl.background.systemjob.SystemJobService is missing meta key com.facebook.common.jobscheduler.compat.jobIds
10-22 15:37:00.944 29324 29715 W fb4a.ServiceInfoParser: X.4CE: Service com.facebook.voltron.download.scheduledinstaller.OxygenScheduledInstallerJobService is missing meta key com.facebook.common.jobscheduler.compat.jobIds
10-22 15:37:00.944 29324 29715 W fb4a.ServiceInfoParser: X.4CE: Service com.google.android.gms.analytics.AnalyticsJobService is missing meta key com.facebook.common.jobscheduler.compat.jobIds
10-22 15:37:00.955  3957  5416 I chatty  : uid=1000(system) Binder:3957_10 identical 3 lines
10-22 15:37:00.955  3957  5416 D WifiService: getConnectionInfo uid=1000
10-22 15:37:00.956  3957  5416 D ConnectivityService: filterNetworkStateForUid() uid: 10103 networkInfo: [type: WIFI[] - WIFI, state: CONNECTED/CONNECTED, reason: (unspecified), extra: "ourhome", failover: false, available: true, roaming: false, metered: false]
10-22 15:37:00.956  3957  5416 D WifiService: getConnectionInfo uid=1000
10-22 15:37:00.959  3957  3972 W BroadcastQueue: Permission Denial: broadcasting Intent { act=android.net.conn.CONNECTIVITY_CHANGE flg=0x4000010 (has extras) } from null (pid=-1, uid=-1) requires com.facebook.permission.prod.FB_APP_COMMUNICATION due to registered receiver BroadcastFilter{ae61776 u0 ReceiverList{90e3a11 29324 com.facebook.katana/10103/u0 remote:2ab2a38}}
10-22 15:37:00.976  3957  4129 D WifiStateMachine:  ConnectedState !CMD_RSSI_POLL rt=588227560/1644203033 108 0 "ourhome" f4:6d:2f:12:cc:88 rssi=-44 f=5240 sc=60 link=433 tx=132.3, 4.5, 0.0  rx=178.5 bcn=461558 [on:0 tx:0 rx:0 period:503] from screen [on:884589 period:5920207] score=60
10-22 15:37:00.977  3957  4129 D WifiStateMachine:  L2ConnectedState !CMD_RSSI_POLL rt=588227561/1644203034 108 0 "ourhome" f4:6d:2f:12:cc:88 rssi=-44 f=5240 sc=60 link=433 tx=132.3, 4.5, 0.0  rx=178.5 bcn=461558 [on:0 tx:0 rx:0 period:0] from screen [on:884589 period:5920207] score=60
10-22 15:37:00.977  3957  4129 D WifiStateMachine:  get link layer stats 3
10-22 15:37:00.977  3436  3436 I android.hardware.wifi@1.0-service: getLinkLayerStats
10-22 15:37:00.980  3957  4129 D WifiStateMachine: fetchRssiLinkSpeedAndFrequencyNative rssi=-46 linkspeed=433 freq=5240
10-22 15:37:00.980  3957  4129 V WifiConfigManager: Updating scan detail cache freq=5240 BSSID=f4:6d:2f:12:cc:88 RSSI=-45 for "ourhome"WPA_PSK
10-22 15:37:00.983  4340  4340 E SignalClusterView: setSlotFocusVisible : subId -2
10-22 15:37:00.983  4340  4340 E SignalClusterView: setSlotFocusVisible : subId -2
10-22 15:37:01.019 29197 29476 I BatteryMgr:DataCollectionService: stats => 1697981821019,-126,4260,-144,0,100
10-22 15:37:01.130 29197 29476 I BatteryMgr:DataCollectionService: stats => 1697981821130,-126,4260,-144,0,100
10-22 15:37:01.173 29324 29343 I zygote  : Method exceeds compiler instruction limit: 26848 in int X.1Up.A00(java.lang.String)
10-22 15:37:01.194  3957  5416 D PackageManager: setEnabledSetting : userId = 0 packageName = com.facebook.katana cmp = com.facebook.fbpay.w3c.ipc.IsReadyToPayServiceImpl newState = 1 callingPackage = 10103/com.facebook.katana
