10-22 15:58:02.180 31918 32174 I BatteryMgr:DataCollectionService: stats => 1697983082179,-529,4260,-502,0,100
10-22 15:58:02.294 31918 32174 I BatteryMgr:DataCollectionService: stats => 1697983082294,-529,4260,-502,0,100
10-22 15:58:02.410 31918 32174 I BatteryMgr:DataCollectionService: stats => 1697983082409,-529,4260,-502,0,100
10-22 15:58:02.521 31918 32174 I BatteryMgr:DataCollectionService: stats => 1697983082521,-529,4260,-502,0,100
10-22 15:58:02.536  4961  4961 D io_stats: !@ 179,0 r 9228970 300770888 w 2076781 40840596 d 165801 36557376 f 629361 654127 iot 4245916 3669111 th 51200 0 0 pt 0 inp 0 0 589489.120
10-22 15:58:02.636 31918 32174 I BatteryMgr:DataCollectionService: stats => 1697983082635,-529,4260,-502,0,100
10-22 15:58:02.725  3957  4129 D WifiStateMachine:  ConnectedState !RSSI_PKTCNT_FETCH uid=1000 rt=589489308/1645464781 0 0 "ourhome" f4:6d:2f:12:cc:88 rssi=-43 f=5240 sc=60 link=433 tx=21.3, 0.1, 0.0  rx=44.4 bcn=473213 [on:0 tx:0 rx:0 period:998] from screen [on:142255 period:1075540] score=60
10-22 15:58:02.727  3957  4129 D WifiStateMachine:  L2ConnectedState !RSSI_PKTCNT_FETCH uid=1000 rt=589489311/1645464784 0 0 "ourhome" f4:6d:2f:12:cc:88 rssi=-43 f=5240 sc=60 link=433 tx=21.3, 0.1, 0.0  rx=44.4 bcn=473213 [on:0 tx:0 rx:0 period:2] from screen [on:142255 period:1075542] score=60
10-22 15:58:02.733  3957  4129 D WifiStateMachine: fetchRssiLinkSpeedAndFrequencyNative rssi=-44 linkspeed=433 freq=5240
10-22 15:58:02.734  3957  4129 V WifiConfigManager: Updating scan detail cache freq=5240 BSSID=f4:6d:2f:12:cc:88 RSSI=-43 for "ourhome"WPA_PSK
10-22 15:58:02.750 31918 32174 I BatteryMgr:DataCollectionService: stats => 1697983082750,-529,4260,-502,0,100
10-22 15:58:02.865 31918 32174 I BatteryMgr:DataCollectionService: stats => 1697983082865,-529,4260,-502,0,100
10-22 15:58:02.979 31918 32174 I BatteryMgr:DataCollectionService: stats => 1697983082978,-529,4260,-502,0,100
10-22 15:58:03.091 31918 32174 I BatteryMgr:DataCollectionService: stats => 1697983083091,-529,4260,-502,0,100
10-22 15:58:03.103  3957  4128 D WifiService: getConnectionInfo uid=1000
10-22 15:58:03.202 31918 32174 I BatteryMgr:DataCollectionService: stats => 1697983083202,-529,4260,-502,0,100
10-22 15:58:03.250  3957  4129 D WifiStateMachine:  ConnectedState !CMD_RSSI_POLL rt=589489831/1645465304 110 0 "ourhome" f4:6d:2f:12:cc:88 rssi=-44 f=5240 sc=60 link=433 tx=21.3, 0.1, 0.0  rx=44.4 bcn=473213 [on:0 tx:0 rx:0 period:523] from screen [on:142255 period:1076065] score=60
10-22 15:58:03.252  3957  4129 D WifiStateMachine:  L2ConnectedState !CMD_RSSI_POLL rt=589489836/1645465308 110 0 "ourhome" f4:6d:2f:12:cc:88 rssi=-44 f=5240 sc=60 link=433 tx=21.3, 0.1, 0.0  rx=44.4 bcn=473213 [on:0 tx:0 rx:0 period:2] from screen [on:142255 period:1076067] score=60
10-22 15:58:03.252  3957  4129 D WifiStateMachine:  get link layer stats 3
10-22 15:58:03.253  3436  3436 I android.hardware.wifi@1.0-service: getLinkLayerStats
10-22 15:58:03.272  3957  4129 D WifiStateMachine: fetchRssiLinkSpeedAndFrequencyNative rssi=-44 linkspeed=433 freq=5240
10-22 15:58:03.273  3957  4129 V WifiConfigManager: Updating scan detail cache freq=5240 BSSID=f4:6d:2f:12:cc:88 RSSI=-43 for "ourhome"WPA_PSK
10-22 15:58:03.279  4340  4340 E SignalClusterView: setSlotFocusVisible : subId -2
10-22 15:58:03.279  4340  4340 E SignalClusterView: setSlotFocusVisible : subId -2
10-22 15:58:03.311 31918 32174 I BatteryMgr:DataCollectionService: stats => 1697983083311,-529,4260,-502,0,100
10-22 15:58:03.422 31918 32174 I BatteryMgr:DataCollectionService: stats => 1697983083422,-529,4260,-502,0,100
10-22 15:58:03.536 31918 32174 I BatteryMgr:DataCollectionService: stats => 1697983083536,-529,4260,-502,0,100
10-22 15:58:03.658 31918 32174 I BatteryMgr:DataCollectionService: stats => 1697983083657,-529,4260,-502,0,100
10-22 15:58:03.726  3957  4129 D WifiStateMachine:  ConnectedState !RSSI_PKTCNT_FETCH uid=1000 rt=589490309/1645465782 0 0 "ourhome" f4:6d:2f:12:cc:88 rssi=-44 f=5240 sc=60 link=433 tx=7.8, 0.0, 0.0  rx=20.0 bcn=473241 [on:0 tx:0 rx:0 period:448] from screen [on:142539 period:1076541] score=60
10-22 15:58:03.728  3957  4129 D WifiStateMachine:  L2ConnectedState !RSSI_PKTCNT_FETCH uid=1000 rt=589490312/1645465785 0 0 "ourhome" f4:6d:2f:12:cc:88 rssi=-44 f=5240 sc=60 link=433 tx=7.8, 0.0, 0.0  rx=20.0 bcn=473241 [on:0 tx:0 rx:0 period:2] from screen [on:142539 period:1076543] score=60
10-22 15:58:03.735  3957  4129 D WifiStateMachine: fetchRssiLinkSpeedAndFrequencyNative rssi=-44 linkspeed=433 freq=5240
10-22 15:58:03.736  3957  4129 V WifiConfigManager: Updating scan detail cache freq=5240 BSSID=f4:6d:2f:12:cc:88 RSSI=-43 for "ourhome"WPA_PSK
10-22 15:58:03.771 31918 32174 I BatteryMgr:DataCollectionService: stats => 1697983083771,182,4260,95,0,100
10-22 15:58:03.886 31918 32174 I BatteryMgr:DataCollectionService: stats => 1697983083885,182,4260,95,0,100
10-22 15:58:03.998 31918 32174 I BatteryMgr:DataCollectionService: stats => 1697983083998,182,4260,95,0,100
10-22 15:58:04.105  3957  4128 D WifiService: getConnectionInfo uid=1000
10-22 15:58:04.110 31918 32174 I BatteryMgr:DataCollectionService: stats => 1697983084110,182,4260,95,0,100
10-22 15:58:04.221 31918 32174 I BatteryMgr:DataCollectionService: stats => 1697983084220,182,4260,95,0,100
10-22 15:58:04.246  3957  4554 D BatteryService: !@BatteryListener : batteryPropertiesChanged!
10-22 15:58:04.335 31918 32174 I BatteryMgr:DataCollectionService: stats => 1697983084335,182,4260,95,0,100
10-22 15:58:04.452 31918 32174 I BatteryMgr:DataCollectionService: stats => 1697983084452,182,4260,95,0,100
10-22 15:58:04.567 31918 32174 I BatteryMgr:DataCollectionService: stats => 1697983084567,182,4260,95,0,100
10-22 15:58:04.681 31918 32174 I BatteryMgr:DataCollectionService: stats => 1697983084680,182,4260,95,0,100
10-22 15:58:04.729  3957  4129 D WifiStateMachine:  ConnectedState !RSSI_PKTCNT_FETCH uid=1000 rt=589491311/1645466784 0 0 "ourhome" f4:6d:2f:12:cc:88 rssi=-44 f=5240 sc=60 link=433 tx=7.8, 0.0, 0.0  rx=20.0 bcn=473241 [on:0 tx:0 rx:0 period:1001] from screen [on:142539 period:1077544] score=60
10-22 15:58:04.732  3957  4129 D WifiStateMachine:  L2ConnectedState !RSSI_PKTCNT_FETCH uid=1000 rt=589491315/1645466787 0 0 "ourhome" f4:6d:2f:12:cc:88 rssi=-44 f=5240 sc=60 link=433 tx=7.8, 0.0, 0.0  rx=20.0 bcn=473241 [on:0 tx:0 rx:0 period:2] from screen [on:142539 period:1077546] score=60
10-22 15:58:04.739  3957  4129 D WifiStateMachine: fetchRssiLinkSpeedAndFrequencyNative rssi=-46 linkspeed=433 freq=5240
10-22 15:58:04.739  3957  4129 V WifiConfigManager: Updating scan detail cache freq=5240 BSSID=f4:6d:2f:12:cc:88 RSSI=-44 for "ourhome"WPA_PSK
10-22 15:58:04.796 31918 32174 I BatteryMgr:DataCollectionService: stats => 1697983084796,182,4260,95,0,100
10-22 15:58:04.907 31918 32174 I BatteryMgr:DataCollectionService: stats => 1697983084907,182,4260,95,0,100
10-22 15:58:05.022 31918 32174 I BatteryMgr:DataCollectionService: stats => 1697983085021,182,4260,95,0,100
10-22 15:58:05.107  3957  4128 D WifiService: getConnectionInfo uid=1000
10-22 15:58:05.137 31918 32174 I BatteryMgr:DataCollectionService: stats => 1697983085137,182,4260,95,0,100
10-22 15:58:05.250 31918 32174 I BatteryMgr:DataCollectionService: stats => 1697983085250,182,4260,95,0,100
10-22 15:58:05.364 31918 32174 I BatteryMgr:DataCollectionService: stats => 1697983085363,182,4260,95,0,100
10-22 15:58:05.478 31918 32174 I BatteryMgr:DataCollectionService: stats => 1697983085477,182,4260,95,0,100
10-22 15:58:05.590 31918 32174 I BatteryMgr:DataCollectionService: stats => 1697983085589,182,4260,95,0,100
10-22 15:58:05.706 31918 32174 I BatteryMgr:DataCollectionService: stats => 1697983085706,182,4260,95,0,100
10-22 15:58:05.729  3957  4129 D WifiStateMachine:  ConnectedState !RSSI_PKTCNT_FETCH uid=1000 rt=589492312/1645467785 0 0 "ourhome" f4:6d:2f:12:cc:88 rssi=-46 f=5240 sc=60 link=433 tx=7.8, 0.0, 0.0  rx=20.0 bcn=473241 [on:0 tx:0 rx:0 period:997] from screen [on:142539 period:1078543] score=60
10-22 15:58:05.730  3957  4129 D WifiStateMachine:  L2ConnectedState !RSSI_PKTCNT_FETCH uid=1000 rt=589492315/1645467787 0 0 "ourhome" f4:6d:2f:12:cc:88 rssi=-46 f=5240 sc=60 link=433 tx=7.8, 0.0, 0.0  rx=20.0 bcn=473241 [on:0 tx:0 rx:0 period:2] from screen [on:142539 period:1078545] score=60
10-22 15:58:05.736  3957  4129 D WifiStateMachine: fetchRssiLinkSpeedAndFrequencyNative rssi=-45 linkspeed=433 freq=5240
10-22 15:58:05.736  3957  4129 V WifiConfigManager: Updating scan detail cache freq=5240 BSSID=f4:6d:2f:12:cc:88 RSSI=-44 for "ourhome"WPA_PSK
10-22 15:58:05.824 31918 32174 I BatteryMgr:DataCollectionService: stats => 1697983085823,182,4260,95,0,100
10-22 15:58:05.855  2479  2548 D ScanRecord: Not a Multi Manu data
10-22 15:58:05.933  2479  2548 I chatty  : uid=1002(bluetooth) BT Service Call identical 102 lines
10-22 15:58:05.934  2479  2548 D ScanRecord: Not a Multi Manu data
10-22 15:58:05.938 31918 32174 I BatteryMgr:DataCollectionService: stats => 1697983085938,182,4260,95,0,100
10-22 15:58:05.942  2479  2548 D ScanRecord: Not a Multi Manu data
10-22 15:58:06.016  2479  2548 I chatty  : uid=1002(bluetooth) BT Service Call identical 271 lines
10-22 15:58:06.016  2479  2548 D ScanRecord: Not a Multi Manu data
10-22 15:58:06.053 31918 32174 I BatteryMgr:DataCollectionService: stats => 1697983086052,182,4260,95,0,100
10-22 15:58:06.065  2479  2548 D ScanRecord: same manuId data exists, combine both data and store
10-22 15:58:06.065  2479  2548 D ScanRecord: It's a Multi Manu data
10-22 15:58:06.065  2479  2548 I chatty  : uid=1002(bluetooth) BT Service Call identical 9 lines
10-22 15:58:06.065  2479  2548 D ScanRecord: It's a Multi Manu data
10-22 15:58:06.065  2479  2548 D ScanRecord: same manuId data exists, combine both data and store
10-22 15:58:06.065  2479  2548 D ScanRecord: same manuId data exists, combine both data and store
10-22 15:58:06.066  2479  2548 D ScanRecord: It's a Multi Manu data
10-22 15:58:06.066  2479  2548 D ScanFilter: manu data matches
10-22 15:58:06.066  2479  2548 D BtGatt.GattService: onScanResult to scannerId: 6- event_type=0x1b, address_type=1, address=59:4, primary_phy=1, secondary_phy=0, advertising_sid=0xff, tx_power=127, rssi=-77, periodic_adv_int=0x0
10-22 15:58:06.066 23612 24195 D ScanRecord: same manuId data exists, combine both data and store
10-22 15:58:06.071  2479  2548 D ScanRecord: Not a Multi Manu data
10-22 15:58:06.109  2479  2548 I chatty  : uid=1002(bluetooth) BT Service Call identical 87 lines
10-22 15:58:06.109  2479  2548 D ScanRecord: Not a Multi Manu data
10-22 15:58:06.109  3957  4128 D WifiService: getConnectionInfo uid=1000
10-22 15:58:06.109  2479  2548 D ScanRecord: Not a Multi Manu data
10-22 15:58:06.146  2479  2548 I chatty  : uid=1002(bluetooth) BT Service Call identical 65 lines
10-22 15:58:06.146  2479  2548 D ScanRecord: Not a Multi Manu data
10-22 15:58:06.162 31918 32174 I BatteryMgr:DataCollectionService: stats => 1697983086162,182,4260,95,0,100
10-22 15:58:06.169  2479  2548 D ScanRecord: Not a Multi Manu data
10-22 15:58:06.202  2479  2548 I chatty  : uid=1002(bluetooth) BT Service Call identical 89 lines
10-22 15:58:06.202  2479  2548 D ScanRecord: Not a Multi Manu data
10-22 15:58:06.215  2479  2492 I zygote64: Background concurrent copying GC freed 48833(1424KB) AllocSpace objects, 0(0B) LOS objects, 70% free, 644KB/2MB, paused 9.669ms total 69.519ms
10-22 15:58:06.230  2479  2548 D ScanRecord: Not a Multi Manu data
10-22 15:58:06.254  2479  2548 I chatty  : uid=1002(bluetooth) BT Service Call identical 63 lines
10-22 15:58:06.254  2479  2548 D ScanRecord: Not a Multi Manu data
10-22 15:58:06.273 31918 32174 I BatteryMgr:DataCollectionService: stats => 1697983086272,182,4260,95,0,100
10-22 15:58:06.277  3957  4129 D WifiStateMachine:  ConnectedState !CMD_RSSI_POLL rt=589492861/1645468333 110 0 "ourhome" f4:6d:2f:12:cc:88 rssi=-45 f=5240 sc=60 link=433 tx=7.8, 0.0, 0.0  rx=20.0 bcn=473241 [on:0 tx:0 rx:0 period:547] from screen [on:142539 period:1079092] score=60
10-22 15:58:06.282  3957  4129 D WifiStateMachine:  L2ConnectedState !CMD_RSSI_POLL rt=589492863/1645468335 110 0 "ourhome" f4:6d:2f:12:cc:88 rssi=-45 f=5240 sc=60 link=433 tx=7.8, 0.0, 0.0  rx=20.0 bcn=473241 [on:0 tx:0 rx:0 period:4] from screen [on:142539 period:1079096] score=60
10-22 15:58:06.282  3957  4129 D WifiStateMachine:  get link layer stats 3
10-22 15:58:06.282  3436  3436 I android.hardware.wifi@1.0-service: getLinkLayerStats
10-22 15:58:06.287  3957  4129 D WifiStateMachine: fetchRssiLinkSpeedAndFrequencyNative rssi=-45 linkspeed=433 freq=5240
10-22 15:58:06.287  3957  4129 V WifiConfigManager: Updating scan detail cache freq=5240 BSSID=f4:6d:2f:12:cc:88 RSSI=-44 for "ourhome"WPA_PSK
10-22 15:58:06.293  4340  4340 E SignalClusterView: setSlotFocusVisible : subId -2
10-22 15:58:06.293  4340  4340 E SignalClusterView: setSlotFocusVisible : subId -2
10-22 15:58:06.299  2479  2548 D ScanRecord: Not a Multi Manu data
10-22 15:58:06.340  2479  2548 I chatty  : uid=1002(bluetooth) BT Service Call identical 89 lines
10-22 15:58:06.340  2479  2548 D ScanRecord: Not a Multi Manu data
10-22 15:58:06.384 31918 32174 I BatteryMgr:DataCollectionService: stats => 1697983086383,182,4260,95,0,100
10-22 15:58:06.493 31918 32174 I BatteryMgr:DataCollectionService: stats => 1697983086493,182,4260,95,0,100
10-22 15:58:06.608 31918 32174 I BatteryMgr:DataCollectionService: stats => 1697983086607,182,4260,95,0,100
10-22 15:58:06.721 31918 32174 I BatteryMgr:DataCollectionService: stats => 1697983086721,182,4260,95,0,100
10-22 15:58:06.731  3957  4129 D WifiStateMachine:  ConnectedState !RSSI_PKTCNT_FETCH uid=1000 rt=589493314/1645468787 0 0 "ourhome" f4:6d:2f:12:cc:88 rssi=-45 f=5240 sc=60 link=433 tx=2.8, 0.0, 0.0  rx=16.2 bcn=473268 [on:0 tx:0 rx:0 period:439] from screen [on:142868 period:1079546] score=60
10-22 15:58:06.733  3957  4129 D WifiStateMachine:  L2ConnectedState !RSSI_PKTCNT_FETCH uid=1000 rt=589493317/1645468789 0 0 "ourhome" f4:6d:2f:12:cc:88 rssi=-45 f=5240 sc=60 link=433 tx=2.8, 0.0, 0.0  rx=16.2 bcn=473268 [on:0 tx:0 rx:0 period:2] from screen [on:142868 period:1079548] score=60
10-22 15:58:06.739  3957  4129 D WifiStateMachine: fetchRssiLinkSpeedAndFrequencyNative rssi=-44 linkspeed=433 freq=5240
10-22 15:58:06.740  3957  4129 V WifiConfigManager: Updating scan detail cache freq=5240 BSSID=f4:6d:2f:12:cc:88 RSSI=-44 for "ourhome"WPA_PSK
10-22 15:58:06.832 31918 32174 I BatteryMgr:DataCollectionService: stats => 1697983086832,182,4260,95,0,100
10-22 15:58:06.925  3957  4030 D SensorService: [SO] 0.239 -0.163 9.965
10-22 15:58:06.946 31918 32174 I BatteryMgr:DataCollectionService: stats => 1697983086945,182,4260,95,0,100
10-22 15:58:07.056 31918 32174 I BatteryMgr:DataCollectionService: stats => 1697983087056,182,4260,95,0,100
10-22 15:58:07.112  3957  4128 D WifiService: getConnectionInfo uid=1000
10-22 15:58:07.168 31918 32174 I BatteryMgr:DataCollectionService: stats => 1697983087168,182,4260,95,0,100
10-22 15:58:07.283 31918 32174 I BatteryMgr:DataCollectionService: stats => 1697983087282,182,4260,95,0,100
10-22 15:58:07.397 31918 32174 I BatteryMgr:DataCollectionService: stats => 1697983087396,182,4260,95,0,100
10-22 15:58:07.509 31918 32174 I BatteryMgr:DataCollectionService: stats => 1697983087508,182,4260,95,0,100
10-22 15:58:07.539  4961  4961 D io_stats: !@ 179,0 r 9229059 300773268 w 2076793 40840744 d 165802 36557444 f 629362 654128 iot 4245956 3669149 th 51200 0 0 pt 0 inp 0 0 589494.123
10-22 15:58:07.624 31918 32174 I BatteryMgr:DataCollectionService: stats => 1697983087624,182,4260,95,0,100
10-22 15:58:07.733  3957  4129 D WifiStateMachine:  ConnectedState !RSSI_PKTCNT_FETCH uid=1000 rt=589494316/1645469789 0 0 "ourhome" f4:6d:2f:12:cc:88 rssi=-44 f=5240 sc=60 link=433 tx=2.8, 0.0, 0.0  rx=16.2 bcn=473268 [on:0 tx:0 rx:0 period:999] from screen [on:142868 period:1080547] score=60
10-22 15:58:07.735  3957  4129 D WifiStateMachine:  L2ConnectedState !RSSI_PKTCNT_FETCH uid=1000 rt=589494318/1645469791 0 0 "ourhome" f4:6d:2f:12:cc:88 rssi=-44 f=5240 sc=60 link=433 tx=2.8, 0.0, 0.0  rx=16.2 bcn=473268 [on:0 tx:0 rx:0 period:3] from screen [on:142868 period:1080550] score=60
10-22 15:58:07.740  3957  4129 D WifiStateMachine: fetchRssiLinkSpeedAndFrequencyNative rssi=-44 linkspeed=433 freq=5240
10-22 15:58:07.741  3957  4129 V WifiConfigManager: Updating scan detail cache freq=5240 BSSID=f4:6d:2f:12:cc:88 RSSI=-44 for "ourhome"WPA_PSK
10-22 15:58:07.745 31918 32174 I BatteryMgr:DataCollectionService: stats => 1697983087744,182,4260,95,0,100
10-22 15:58:07.857 31918 32174 I BatteryMgr:DataCollectionService: stats => 1697983087857,182,4260,95,0,100
10-22 15:58:07.971 31918 32174 I BatteryMgr:DataCollectionService: stats => 1697983087971,182,4260,95,0,100
10-22 15:58:08.081 31918 32174 I BatteryMgr:DataCollectionService: stats => 1697983088081,182,4260,95,0,100
10-22 15:58:08.115  3957  4128 D WifiService: getConnectionInfo uid=1000
10-22 15:58:08.194 31918 32174 I BatteryMgr:DataCollectionService: stats => 1697983088194,182,4260,95,0,100
10-22 15:58:08.307 31918 32174 I BatteryMgr:DataCollectionService: stats => 1697983088307,182,4260,95,0,100
10-22 15:58:08.424 31918 32174 I BatteryMgr:DataCollectionService: stats => 1697983088424,182,4260,95,0,100
10-22 15:58:08.537 31918 32174 I BatteryMgr:DataCollectionService: stats => 1697983088537,182,4260,95,0,100
10-22 15:58:08.651 31918 32174 I BatteryMgr:DataCollectionService: stats => 1697983088651,182,4260,95,0,100
10-22 15:58:08.734  3957  4129 D WifiStateMachine:  ConnectedState !RSSI_PKTCNT_FETCH uid=1000 rt=589495317/1645470789 0 0 "ourhome" f4:6d:2f:12:cc:88 rssi=-44 f=5240 sc=60 link=433 tx=2.8, 0.0, 0.0  rx=16.2 bcn=473268 [on:0 tx:0 rx:0 period:999] from screen [on:142868 period:1081549] score=60
10-22 15:58:08.737  3957  4129 D WifiStateMachine:  L2ConnectedState !RSSI_PKTCNT_FETCH uid=1000 rt=589495320/1645470792 0 0 "ourhome" f4:6d:2f:12:cc:88 rssi=-44 f=5240 sc=60 link=433 tx=2.8, 0.0, 0.0  rx=16.2 bcn=473268 [on:0 tx:0 rx:0 period:3] from screen [on:142868 period:1081552] score=60
10-22 15:58:08.740  3957  4129 D WifiStateMachine: fetchRssiLinkSpeedAndFrequencyNative rssi=-45 linkspeed=433 freq=5240
10-22 15:58:08.741  3957  4129 V WifiConfigManager: Updating scan detail cache freq=5240 BSSID=f4:6d:2f:12:cc:88 RSSI=-44 for "ourhome"WPA_PSK
10-22 15:58:08.764 31918 32174 I BatteryMgr:DataCollectionService: stats => 1697983088764,182,4260,95,0,100
10-22 15:58:08.873 31918 32174 I BatteryMgr:DataCollectionService: stats => 1697983088873,182,4260,95,0,100
10-22 15:58:08.983 31918 32174 I BatteryMgr:DataCollectionService: stats => 1697983088983,182,4260,95,0,100
10-22 15:58:09.097 31918 32174 I BatteryMgr:DataCollectionService: stats => 1697983089097,182,4260,95,0,100
10-22 15:58:09.117  3957  4128 D WifiService: getConnectionInfo uid=1000
10-22 15:58:09.211 31918 32174 I BatteryMgr:DataCollectionService: stats => 1697983089211,182,4260,95,0,100
10-22 15:58:09.290  3957  4129 D WifiStateMachine:  ConnectedState !CMD_RSSI_POLL rt=589495874/1645471346 110 0 "ourhome" f4:6d:2f:12:cc:88 rssi=-45 f=5240 sc=60 link=433 tx=2.8, 0.0, 0.0  rx=16.2 bcn=473268 [on:0 tx:0 rx:0 period:553] from screen [on:142868 period:1082105] score=60
10-22 15:58:09.293  3957  4129 D WifiStateMachine:  L2ConnectedState !CMD_RSSI_POLL rt=589495876/1645471349 110 0 "ourhome" f4:6d:2f:12:cc:88 rssi=-45 f=5240 sc=60 link=433 tx=2.8, 0.0, 0.0  rx=16.2 bcn=473268 [on:0 tx:0 rx:0 period:2] from screen [on:142868 period:1082107] score=60
10-22 15:58:09.293  3957  4129 D WifiStateMachine:  get link layer stats 3
10-22 15:58:09.293  3436  3436 I android.hardware.wifi@1.0-service: getLinkLayerStats
10-22 15:58:09.315  3957  4129 D WifiStateMachine: fetchRssiLinkSpeedAndFrequencyNative rssi=-44 linkspeed=433 freq=5240
10-22 15:58:09.315  3957  4129 V WifiConfigManager: Updating scan detail cache freq=5240 BSSID=f4:6d:2f:12:cc:88 RSSI=-44 for "ourhome"WPA_PSK
10-22 15:58:09.322  4340  4340 E SignalClusterView: setSlotFocusVisible : subId -2
10-22 15:58:09.322  4340  4340 E SignalClusterView: setSlotFocusVisible : subId -2
10-22 15:58:09.323 31918 32174 I BatteryMgr:DataCollectionService: stats => 1697983089323,182,4260,95,0,100
10-22 15:58:09.439 31918 32174 I BatteryMgr:DataCollectionService: stats => 1697983089439,182,4260,95,0,100
10-22 15:58:09.548 31918 32174 I BatteryMgr:DataCollectionService: stats => 1697983089548,182,4260,95,0,100
10-22 15:58:09.662 31918 32174 I BatteryMgr:DataCollectionService: stats => 1697983089661,182,4260,95,0,100
10-22 15:58:09.733  3957  4129 D WifiStateMachine:  ConnectedState !RSSI_PKTCNT_FETCH uid=1000 rt=589496318/1645471790 0 0 "ourhome" f4:6d:2f:12:cc:88 rssi=-44 f=5240 sc=60 link=433 tx=2.9, 0.0, 0.0  rx=8.5 bcn=473296 [on:0 tx:0 rx:0 period:413] from screen [on:143552 period:1082548] score=60
10-22 15:58:09.735  3957  4129 D WifiStateMachine:  L2ConnectedState !RSSI_PKTCNT_FETCH uid=1000 rt=589496319/1645471792 0 0 "ourhome" f4:6d:2f:12:cc:88 rssi=-44 f=5240 sc=60 link=433 tx=2.9, 0.0, 0.0  rx=8.5 bcn=473296 [on:0 tx:0 rx:0 period:2] from screen [on:143552 period:1082550] score=60
10-22 15:58:09.741  3957  4129 D WifiStateMachine: fetchRssiLinkSpeedAndFrequencyNative rssi=-45 linkspeed=433 freq=5240
10-22 15:58:09.741  3957  4129 V WifiConfigManager: Updating scan detail cache freq=5240 BSSID=f4:6d:2f:12:cc:88 RSSI=-44 for "ourhome"WPA_PSK
10-22 15:58:09.774 31918 32174 I BatteryMgr:DataCollectionService: stats => 1697983089774,182,4260,95,0,100
10-22 15:58:09.886 31918 32174 I BatteryMgr:DataCollectionService: stats => 1697983089886,182,4260,95,0,100
10-22 15:58:09.999 31918 32174 I BatteryMgr:DataCollectionService: stats => 1697983089998,182,4260,95,0,100
10-22 15:58:10.111 31918 32174 I BatteryMgr:DataCollectionService: stats => 1697983090111,182,4260,95,0,100
10-22 15:58:10.119  3957  4128 D WifiService: getConnectionInfo uid=1000
10-22 15:58:10.224 31918 32174 I BatteryMgr:DataCollectionService: stats => 1697983090224,182,4260,95,0,100
10-22 15:58:10.337 31918 32174 I BatteryMgr:DataCollectionService: stats => 1697983090337,182,4260,95,0,100
10-22 15:58:10.451 31918 32174 I BatteryMgr:DataCollectionService: stats => 1697983090451,182,4260,95,0,100
10-22 15:58:10.561 31918 32174 I BatteryMgr:DataCollectionService: stats => 1697983090561,182,4260,95,0,100
10-22 15:58:10.676 31918 32174 I BatteryMgr:DataCollectionService: stats => 1697983090676,182,4260,95,0,100
10-22 15:58:10.735  3957  4129 D WifiStateMachine:  ConnectedState !RSSI_PKTCNT_FETCH uid=1000 rt=589497320/1645472792 0 0 "ourhome" f4:6d:2f:12:cc:88 rssi=-45 f=5240 sc=60 link=433 tx=2.9, 0.0, 0.0  rx=8.5 bcn=473296 [on:0 tx:0 rx:0 period:1000] from screen [on:143552 period:1083550] score=60
10-22 15:58:10.737  3957  4129 D WifiStateMachine:  L2ConnectedState !RSSI_PKTCNT_FETCH uid=1000 rt=589497321/1645472794 0 0 "ourhome" f4:6d:2f:12:cc:88 rssi=-45 f=5240 sc=60 link=433 tx=2.9, 0.0, 0.0  rx=8.5 bcn=473296 [on:0 tx:0 rx:0 period:2] from screen [on:143552 period:1083552] score=60
10-22 15:58:10.739  3957  4129 D WifiStateMachine: fetchRssiLinkSpeedAndFrequencyNative rssi=-44 linkspeed=433 freq=5240
10-22 15:58:10.741  3957  4129 V WifiConfigManager: Updating scan detail cache freq=5240 BSSID=f4:6d:2f:12:cc:88 RSSI=-44 for "ourhome"WPA_PSK
10-22 15:58:10.788 31918 32174 I BatteryMgr:DataCollectionService: stats => 1697983090788,182,4260,95,0,100
10-22 15:58:10.859  2479  2548 D ScanRecord: Not a Multi Manu data
10-22 15:58:10.890  2479  2548 I chatty  : uid=1002(bluetooth) BT Service Call identical 50 lines
10-22 15:58:10.890  2479  2548 D ScanRecord: Not a Multi Manu data
10-22 15:58:10.903 31918 32174 I BatteryMgr:DataCollectionService: stats => 1697983090903,182,4260,95,0,100
10-22 15:58:10.906  2479  2548 D ScanRecord: Not a Multi Manu data
10-22 15:58:11.003  2479  2548 I chatty  : uid=1002(bluetooth) BT Service Call identical 193 lines
10-22 15:58:11.003  2479  2548 D ScanRecord: Not a Multi Manu data
10-22 15:58:11.013 31918 32174 I BatteryMgr:DataCollectionService: stats => 1697983091013,182,4260,95,0,100
10-22 15:58:11.037  2479  2548 D ScanRecord: Not a Multi Manu data
10-22 15:58:11.082  2479  2548 I chatty  : uid=1002(bluetooth) BT Service Call identical 115 lines
10-22 15:58:11.082  2479  2548 D ScanRecord: Not a Multi Manu data
10-22 15:58:11.086  2479  2548 D ScanRecord: same manuId data exists, combine both data and store
10-22 15:58:11.086  2479  2548 D ScanRecord: It's a Multi Manu data
10-22 15:58:11.086  2479  2548 I chatty  : uid=1002(bluetooth) BT Service Call identical 9 lines
10-22 15:58:11.086  2479  2548 D ScanRecord: It's a Multi Manu data
10-22 15:58:11.086  2479  2548 D ScanRecord: same manuId data exists, combine both data and store
10-22 15:58:11.086  2479  2548 D ScanRecord: same manuId data exists, combine both data and store
10-22 15:58:11.086  2479  2548 D ScanRecord: It's a Multi Manu data
10-22 15:58:11.086  2479  2548 D ScanFilter: manu data matches
10-22 15:58:11.086  2479  2548 D BtGatt.GattService: onScanResult to scannerId: 6- event_type=0x1b, address_type=1, address=59:4, primary_phy=1, secondary_phy=0, advertising_sid=0xff, tx_power=127, rssi=-72, periodic_adv_int=0x0
10-22 15:58:11.087 23612 24195 D ScanRecord: same manuId data exists, combine both data and store
10-22 15:58:11.110  2479  2548 D ScanRecord: Not a Multi Manu data
10-22 15:58:11.114  2479  2548 I chatty  : uid=1002(bluetooth) BT Service Call identical 24 lines
10-22 15:58:11.114  2479  2548 D ScanRecord: Not a Multi Manu data
10-22 15:58:11.121  3957  4128 D WifiService: getConnectionInfo uid=1000
10-22 15:58:11.122  2479  2548 D ScanRecord: Not a Multi Manu data
10-22 15:58:11.123  2479  2548 I chatty  : uid=1002(bluetooth) BT Service Call identical 11 lines
10-22 15:58:11.123  2479  2548 D ScanRecord: Not a Multi Manu data
10-22 15:58:11.125 31918 32174 I BatteryMgr:DataCollectionService: stats => 1697983091125,182,4260,95,0,100
10-22 15:58:11.147  2479  2548 D ScanRecord: Not a Multi Manu data
10-22 15:58:11.171  3957  6478 D SSRM:k  : SIOP:: AP = 380, PST = 354 (W:10), BAT = 315, USB = 0, CHG = 0
10-22 15:58:11.231  2479  2548 I chatty  : uid=1002(bluetooth) BT Service Call identical 89 lines
10-22 15:58:11.231  2479  2548 D ScanRecord: Not a Multi Manu data
10-22 15:58:11.237 31918 32174 I BatteryMgr:DataCollectionService: stats => 1697983091236,182,4260,95,0,100
10-22 15:58:11.239  2479  2548 D ScanRecord: Not a Multi Manu data
10-22 15:58:11.345  2479  2548 I chatty  : uid=1002(bluetooth) BT Service Call identical 206 lines
10-22 15:58:11.345  2479  2548 D ScanRecord: Not a Multi Manu data
10-22 15:58:11.347 31918 32174 I BatteryMgr:DataCollectionService: stats => 1697983091347,182,4260,95,0,100
10-22 15:58:11.459 31918 32174 I BatteryMgr:DataCollectionService: stats => 1697983091459,182,4260,95,0,100
10-22 15:58:11.568 31918 32174 I BatteryMgr:DataCollectionService: stats => 1697983091568,182,4260,95,0,100
10-22 15:58:11.681 31918 32174 I BatteryMgr:DataCollectionService: stats => 1697983091681,182,4260,95,0,100
10-22 15:58:11.737  3957  4129 D WifiStateMachine:  ConnectedState !RSSI_PKTCNT_FETCH uid=1000 rt=589498321/1645473794 0 0 "ourhome" f4:6d:2f:12:cc:88 rssi=-44 f=5240 sc=60 link=433 tx=2.9, 0.0, 0.0  rx=8.5 bcn=473296 [on:0 tx:0 rx:0 period:1000] from screen [on:143552 period:1084552] score=60
10-22 15:58:11.739  3957  4129 D WifiStateMachine:  L2ConnectedState !RSSI_PKTCNT_FETCH uid=1000 rt=589498323/1645473795 0 0 "ourhome" f4:6d:2f:12:cc:88 rssi=-44 f=5240 sc=60 link=433 tx=2.9, 0.0, 0.0  rx=8.5 bcn=473296 [on:0 tx:0 rx:0 period:2] from screen [on:143552 period:1084554] score=60
10-22 15:58:11.745  3957  4129 D WifiStateMachine: fetchRssiLinkSpeedAndFrequencyNative rssi=-44 linkspeed=433 freq=5240
10-22 15:58:11.745  3957  4129 V WifiConfigManager: Updating scan detail cache freq=5240 BSSID=f4:6d:2f:12:cc:88 RSSI=-44 for "ourhome"WPA_PSK
10-22 15:58:11.791 31918 32174 I BatteryMgr:DataCollectionService: stats => 1697983091791,182,4260,95,0,100
10-22 15:58:11.903 31918 32174 I BatteryMgr:DataCollectionService: stats => 1697983091903,182,4260,95,0,100
10-22 15:58:11.905 31918 31923 I zygote64: Do partial code cache collection, code=61KB, data=46KB
10-22 15:58:11.908 31918 31923 I zygote64: After code cache collection, code=61KB, data=46KB
10-22 15:58:11.908 31918 31923 I zygote64: Increasing code cache capacity to 256KB
10-22 15:58:12.016 31918 32174 I BatteryMgr:DataCollectionService: stats => 1697983092016,182,4260,95,0,100
10-22 15:58:12.124  3957  4128 D WifiService: getConnectionInfo uid=1000
10-22 15:58:12.127 31918 32174 I BatteryMgr:DataCollectionService: stats => 1697983092126,182,4260,95,0,100
10-22 15:58:12.237 31918 32174 I BatteryMgr:DataCollectionService: stats => 1697983092237,182,4260,95,0,100
10-22 15:58:12.320  3957  4129 D WifiStateMachine:  ConnectedState !CMD_RSSI_POLL rt=589498903/1645474376 110 0 "ourhome" f4:6d:2f:12:cc:88 rssi=-44 f=5240 sc=60 link=433 tx=2.9, 0.0, 0.0  rx=8.5 bcn=473296 [on:0 tx:0 rx:0 period:581] from screen [on:143552 period:1085135] score=60
10-22 15:58:12.321  3957  4129 D WifiStateMachine:  L2ConnectedState !CMD_RSSI_POLL rt=589498906/1645474378 110 0 "ourhome" f4:6d:2f:12:cc:88 rssi=-44 f=5240 sc=60 link=433 tx=2.9, 0.0, 0.0  rx=8.5 bcn=473296 [on:0 tx:0 rx:0 period:1] from screen [on:143552 period:1085136] score=60
10-22 15:58:12.321  3957  4129 D WifiStateMachine:  get link layer stats 3
10-22 15:58:12.322  3436  3436 I android.hardware.wifi@1.0-service: getLinkLayerStats
10-22 15:58:12.341  3957  4129 D WifiStateMachine: fetchRssiLinkSpeedAndFrequencyNative rssi=-44 linkspeed=433 freq=5240
10-22 15:58:12.341  3957  4129 V WifiConfigManager: Updating scan detail cache freq=5240 BSSID=f4:6d:2f:12:cc:88 RSSI=-44 for "ourhome"WPA_PSK
10-22 15:58:12.347 31918 32174 I BatteryMgr:DataCollectionService: stats => 1697983092346,182,4260,95,0,100
10-22 15:58:12.347  4340  4340 E SignalClusterView: setSlotFocusVisible : subId -2
10-22 15:58:12.347  4340  4340 E SignalClusterView: setSlotFocusVisible : subId -2
10-22 15:58:12.390  3957  4416 E Watchdog: !@Sync 19642 [2023-10-22 15:58:12.389]
10-22 15:58:12.459 31918 32174 I BatteryMgr:DataCollectionService: stats => 1697983092459,182,4260,95,0,100
10-22 15:58:12.541  4961  4961 D io_stats: !@ 179,0 r 9229119 300774896 w 2076798 40840828 d 165802 36557444 f 629363 654129 iot 4246008 3669173 th 51200 0 0 pt 0 inp 0 0 589499.126
10-22 15:58:12.570 31918 32174 I BatteryMgr:DataCollectionService: stats => 1697983092570,182,4260,95,0,100
10-22 15:58:12.685 31918 32174 I BatteryMgr:DataCollectionService: stats => 1697983092685,182,4260,95,0,100
10-22 15:58:12.741  3957  4129 D WifiStateMachine:  ConnectedState !RSSI_PKTCNT_FETCH uid=1000 rt=589499323/1645474795 0 0 "ourhome" f4:6d:2f:12:cc:88 rssi=-44 f=5240 sc=60 link=433 tx=1.1, 0.0, 0.0  rx=5.6 bcn=473325 [on:0 tx:0 rx:0 period:395] from screen [on:143786 period:1085556] score=60
10-22 15:58:12.745  3957  4129 D WifiStateMachine:  L2ConnectedState !RSSI_PKTCNT_FETCH uid=1000 rt=589499327/1645474799 0 0 "ourhome" f4:6d:2f:12:cc:88 rssi=-44 f=5240 sc=60 link=433 tx=1.1, 0.0, 0.0  rx=5.6 bcn=473325 [on:0 tx:0 rx:0 period:4] from screen [on:143786 period:1085560] score=60
10-22 15:58:12.752  3957  4129 D WifiStateMachine: fetchRssiLinkSpeedAndFrequencyNative rssi=-44 linkspeed=433 freq=5240
10-22 15:58:12.753  3957  4129 V WifiConfigManager: Updating scan detail cache freq=5240 BSSID=f4:6d:2f:12:cc:88 RSSI=-44 for "ourhome"WPA_PSK
10-22 15:58:12.796 31918 32174 I BatteryMgr:DataCollectionService: stats => 1697983092796,182,4260,95,0,100
10-22 15:58:12.903 31918 32174 I BatteryMgr:DataCollectionService: stats => 1697983092903,182,4260,95,0,100
10-22 15:58:13.012 31918 32174 I BatteryMgr:DataCollectionService: stats => 1697983093012,182,4260,95,0,100
10-22 15:58:13.125 31918 32174 I BatteryMgr:DataCollectionService: stats => 1697983093125,182,4260,95,0,100
10-22 15:58:13.127  3957  4128 D WifiService: getConnectionInfo uid=1000
10-22 15:58:13.238 31918 32174 I BatteryMgr:DataCollectionService: stats => 1697983093237,182,4260,95,0,100
10-22 15:58:13.347 31918 32174 I BatteryMgr:DataCollectionService: stats => 1697983093347,182,4260,95,0,100
10-22 15:58:13.459 31918 32174 I BatteryMgr:DataCollectionService: stats => 1697983093459,182,4260,95,0,100
10-22 15:58:13.571 31918 32174 I BatteryMgr:DataCollectionService: stats => 1697983093571,182,4260,95,0,100
10-22 15:58:13.681 31918 32174 I BatteryMgr:DataCollectionService: stats => 1697983093680,182,4260,95,0,100
10-22 15:58:13.741  3957  4129 D WifiStateMachine:  ConnectedState !RSSI_PKTCNT_FETCH uid=1000 rt=589500324/1645475797 0 0 "ourhome" f4:6d:2f:12:cc:88 rssi=-44 f=5240 sc=60 link=433 tx=1.1, 0.0, 0.0  rx=5.6 bcn=473325 [on:0 tx:0 rx:0 period:996] from screen [on:143786 period:1086556] score=60
10-22 15:58:13.743  3957  4129 D WifiStateMachine:  L2ConnectedState !RSSI_PKTCNT_FETCH uid=1000 rt=589500327/1645475799 0 0 "ourhome" f4:6d:2f:12:cc:88 rssi=-44 f=5240 sc=60 link=433 tx=1.1, 0.0, 0.0  rx=5.6 bcn=473325 [on:0 tx:0 rx:0 period:2] from screen [on:143786 period:1086558] score=60
10-22 15:58:13.745  3957  4129 D WifiStateMachine: fetchRssiLinkSpeedAndFrequencyNative rssi=-44 linkspeed=433 freq=5240
10-22 15:58:13.745  3957  4129 V WifiConfigManager: Updating scan detail cache freq=5240 BSSID=f4:6d:2f:12:cc:88 RSSI=-44 for "ourhome"WPA_PSK
10-22 15:58:13.790 31918 32174 I BatteryMgr:DataCollectionService: stats => 1697983093790,182,4260,95,0,100
10-22 15:58:13.904 31918 32174 I BatteryMgr:DataCollectionService: stats => 1697983093903,182,4260,95,0,100
10-22 15:58:14.013 31918 32174 I BatteryMgr:DataCollectionService: stats => 1697983094012,182,4260,95,0,100
10-22 15:58:14.130  3957  4128 D WifiService: getConnectionInfo uid=1000
10-22 15:58:14.132 31918 32174 I BatteryMgr:DataCollectionService: stats => 1697983094131,182,4260,95,0,100
10-22 15:58:14.246 31918 32174 I BatteryMgr:DataCollectionService: stats => 1697983094246,182,4260,95,0,100
10-22 15:58:14.359 31918 32174 I BatteryMgr:DataCollectionService: stats => 1697983094357,235,4260,170,0,100
10-22 15:58:14.469 31918 32174 I BatteryMgr:DataCollectionService: stats => 1697983094469,235,4260,170,0,100
10-22 15:58:14.578 31918 32174 I BatteryMgr:DataCollectionService: stats => 1697983094578,235,4260,170,0,100
10-22 15:58:14.689 31918 32174 I BatteryMgr:DataCollectionService: stats => 1697983094689,235,4260,170,0,100
10-22 15:58:14.742  3957  4129 D WifiStateMachine:  ConnectedState !RSSI_PKTCNT_FETCH uid=1000 rt=589501326/1645476798 0 0 "ourhome" f4:6d:2f:12:cc:88 rssi=-44 f=5240 sc=60 link=433 tx=1.1, 0.0, 0.0  rx=5.6 bcn=473325 [on:0 tx:0 rx:0 period:999] from screen [on:143786 period:1087557] score=60
10-22 15:58:14.743  3957  4129 D WifiStateMachine:  L2ConnectedState !RSSI_PKTCNT_FETCH uid=1000 rt=589501328/1645476800 0 0 "ourhome" f4:6d:2f:12:cc:88 rssi=-44 f=5240 sc=60 link=433 tx=1.1, 0.0, 0.0  rx=5.6 bcn=473325 [on:0 tx:0 rx:0 period:1] from screen [on:143786 period:1087558] score=60
10-22 15:58:14.750  3957  4129 D WifiStateMachine: fetchRssiLinkSpeedAndFrequencyNative rssi=-43 linkspeed=433 freq=5240
10-22 15:58:14.750  3957  4129 V WifiConfigManager: Updating scan detail cache freq=5240 BSSID=f4:6d:2f:12:cc:88 RSSI=-43 for "ourhome"WPA_PSK
10-22 15:58:14.801  3957  4554 D BatteryService: !@BatteryListener : batteryPropertiesChanged!
10-22 15:58:14.807 31918 32174 I BatteryMgr:DataCollectionService: stats => 1697983094807,235,4260,170,0,100
10-22 15:58:14.918 31918 32174 I BatteryMgr:DataCollectionService: stats => 1697983094918,235,4260,170,0,100
10-22 15:58:15.024 31918 32174 I BatteryMgr:DataCollectionService: stats => 1697983095024,235,4260,170,0,100
10-22 15:58:15.132  3957  4128 D WifiService: getConnectionInfo uid=1000
10-22 15:58:15.136 31918 32174 I BatteryMgr:DataCollectionService: stats => 1697983095136,235,4260,170,0,100
10-22 15:58:15.246 31918 32174 I BatteryMgr:DataCollectionService: stats => 1697983095246,235,4260,170,0,100
10-22 15:58:15.313 23612 23674 I PhenotypeProcessReaper: Memory state is: 100
10-22 15:58:15.346  3957  4129 D WifiStateMachine:  ConnectedState !CMD_RSSI_POLL rt=589501930/1645477402 110 0 "ourhome" f4:6d:2f:12:cc:88 rssi=-43 f=5240 sc=60 link=433 tx=1.1, 0.0, 0.0  rx=5.6 bcn=473325 [on:0 tx:0 rx:0 period:603] from screen [on:143786 period:1088161] score=60
10-22 15:58:15.348  3957  4129 D WifiStateMachine:  L2ConnectedState !CMD_RSSI_POLL rt=589501932/1645477404 110 0 "ourhome" f4:6d:2f:12:cc:88 rssi=-43 f=5240 sc=60 link=433 tx=1.1, 0.0, 0.0  rx=5.6 bcn=473325 [on:0 tx:0 rx:0 period:1] from screen [on:143786 period:1088162] score=60
10-22 15:58:15.348  3957  4129 D WifiStateMachine:  get link layer stats 3
10-22 15:58:15.348  3436  3436 I android.hardware.wifi@1.0-service: getLinkLayerStats
10-22 15:58:15.355 31918 32174 I BatteryMgr:DataCollectionService: stats => 1697983095355,235,4260,170,0,100
10-22 15:58:15.367  3957  4129 D WifiStateMachine: fetchRssiLinkSpeedAndFrequencyNative rssi=-44 linkspeed=433 freq=5240
10-22 15:58:15.367  3957  4129 V WifiConfigManager: Updating scan detail cache freq=5240 BSSID=f4:6d:2f:12:cc:88 RSSI=-43 for "ourhome"WPA_PSK
10-22 15:58:15.373  4340  4340 E SignalClusterView: setSlotFocusVisible : subId -2
10-22 15:58:15.373  4340  4340 E SignalClusterView: setSlotFocusVisible : subId -2
10-22 15:58:15.466 31918 32174 I BatteryMgr:DataCollectionService: stats => 1697983095466,235,4260,170,0,100
10-22 15:58:15.582 31918 32174 I BatteryMgr:DataCollectionService: stats => 1697983095582,235,4260,170,0,100
10-22 15:58:15.694 31918 32174 I BatteryMgr:DataCollectionService: stats => 1697983095693,235,4260,170,0,100
10-22 15:58:15.742  3957  4129 D WifiStateMachine:  ConnectedState !RSSI_PKTCNT_FETCH uid=1000 rt=589502326/1645477799 0 0 "ourhome" f4:6d:2f:12:cc:88 rssi=-44 f=5240 sc=60 link=433 tx=1.0, 0.0, 0.0  rx=4.0 bcn=473354 [on:0 tx:0 rx:0 period:367] from screen [on:144243 period:1088557] score=60
10-22 15:58:15.744  3957  4129 D WifiStateMachine:  L2ConnectedState !RSSI_PKTCNT_FETCH uid=1000 rt=589502328/1645477801 0 0 "ourhome" f4:6d:2f:12:cc:88 rssi=-44 f=5240 sc=60 link=433 tx=1.0, 0.0, 0.0  rx=4.0 bcn=473354 [on:0 tx:0 rx:0 period:2] from screen [on:144243 period:1088559] score=60
10-22 15:58:15.753  3957  4129 D WifiStateMachine: fetchRssiLinkSpeedAndFrequencyNative rssi=-43 linkspeed=433 freq=5240
10-22 15:58:15.754  3957  4129 V WifiConfigManager: Updating scan detail cache freq=5240 BSSID=f4:6d:2f:12:cc:88 RSSI=-43 for "ourhome"WPA_PSK
10-22 15:58:15.805 31918 32174 I BatteryMgr:DataCollectionService: stats => 1697983095805,235,4260,170,0,100
10-22 15:58:15.871  2479  2548 D ScanRecord: Not a Multi Manu data
10-22 15:58:15.916  2479  2548 I chatty  : uid=1002(bluetooth) BT Service Call identical 89 lines
10-22 15:58:15.916  2479  2548 D ScanRecord: Not a Multi Manu data
10-22 15:58:15.917 31918 32174 I BatteryMgr:DataCollectionService: stats => 1697983095917,235,4260,170,0,100
10-22 15:58:15.921  2479  2548 D ScanRecord: Not a Multi Manu data
10-22 15:58:15.934  2479  2548 I chatty  : uid=1002(bluetooth) BT Service Call identical 24 lines
10-22 15:58:15.934  2479  2548 D ScanRecord: Not a Multi Manu data
10-22 15:58:15.948  2479  2548 D ScanRecord: same manuId data exists, combine both data and store
10-22 15:58:15.949  2479  2548 D ScanRecord: It's a Multi Manu data
10-22 15:58:15.949  2479  2548 I chatty  : uid=1002(bluetooth) BT Service Call identical 9 lines
10-22 15:58:15.949  2479  2548 D ScanRecord: It's a Multi Manu data
10-22 15:58:15.949  2479  2548 D ScanRecord: same manuId data exists, combine both data and store
10-22 15:58:15.949  2479  2548 D ScanRecord: same manuId data exists, combine both data and store
10-22 15:58:15.950  2479  2548 D ScanRecord: It's a Multi Manu data
10-22 15:58:15.950  2479  2548 D ScanFilter: manu data matches
10-22 15:58:15.950  2479  2548 D BtGatt.GattService: onScanResult to scannerId: 6- event_type=0x1b, address_type=1, address=59:4, primary_phy=1, secondary_phy=0, advertising_sid=0xff, tx_power=127, rssi=-70, periodic_adv_int=0x0
10-22 15:58:15.951 23612 24195 D ScanRecord: same manuId data exists, combine both data and store
10-22 15:58:15.972  2479  2548 D ScanRecord: Not a Multi Manu data
10-22 15:58:16.031  2479  2548 I chatty  : uid=1002(bluetooth) BT Service Call identical 76 lines
10-22 15:58:16.031  2479  2548 D ScanRecord: Not a Multi Manu data
10-22 15:58:16.033 31918 32174 I BatteryMgr:DataCollectionService: stats => 1697983096032,235,4260,170,0,100
10-22 15:58:16.043  2479  2548 D ScanRecord: Not a Multi Manu data
10-22 15:58:16.128  2479  2548 I chatty  : uid=1002(bluetooth) BT Service Call identical 128 lines
10-22 15:58:16.128  2479  2548 D ScanRecord: Not a Multi Manu data
10-22 15:58:16.135  3957  4128 D WifiService: getConnectionInfo uid=1000
10-22 15:58:16.145  2479  2548 D ScanRecord: Not a Multi Manu data
10-22 15:58:16.145  2479  2548 I chatty  : uid=1002(bluetooth) BT Service Call identical 11 lines
10-22 15:58:16.145 31918 32174 I BatteryMgr:DataCollectionService: stats => 1697983096145,235,4260,170,0,100
10-22 15:58:16.145  2479  2548 D ScanRecord: Not a Multi Manu data
10-22 15:58:16.163  2479  2548 D ScanRecord: Not a Multi Manu data
10-22 15:58:16.251  2479  2548 I chatty  : uid=1002(bluetooth) BT Service Call identical 115 lines
10-22 15:58:16.251  2479  2548 D ScanRecord: Not a Multi Manu data
10-22 15:58:16.253 31918 32174 I BatteryMgr:DataCollectionService: stats => 1697983096252,235,4260,170,0,100
10-22 15:58:16.257  2479  2548 D ScanRecord: Not a Multi Manu data
10-22 15:58:16.304  2479  2548 I chatty  : uid=1002(bluetooth) BT Service Call identical 102 lines
10-22 15:58:16.304  2479  2548 D ScanRecord: Not a Multi Manu data
10-22 15:58:16.313  2479  2548 D ScanRecord: same manuId data exists, combine both data and store
10-22 15:58:16.314  2479  2548 D ScanRecord: It's a Multi Manu data
10-22 15:58:16.314  2479  2548 I chatty  : uid=1002(bluetooth) BT Service Call identical 9 lines
10-22 15:58:16.314  2479  2548 D ScanRecord: It's a Multi Manu data
10-22 15:58:16.314  2479  2548 D ScanRecord: same manuId data exists, combine both data and store
10-22 15:58:16.314  2479  2548 D ScanRecord: same manuId data exists, combine both data and store
10-22 15:58:16.314  2479  2548 D ScanRecord: It's a Multi Manu data
10-22 15:58:16.314  2479  2548 D ScanFilter: manu data matches
10-22 15:58:16.314  2479  2548 D BtGatt.GattService: onScanResult to scannerId: 6- event_type=0x1b, address_type=1, address=59:4, primary_phy=1, secondary_phy=0, advertising_sid=0xff, tx_power=127, rssi=-72, periodic_adv_int=0x0
10-22 15:58:16.315 23612 24195 D ScanRecord: same manuId data exists, combine both data and store
10-22 15:58:16.333  2479  2548 D ScanRecord: Not a Multi Manu data
10-22 15:58:16.344  2479  2548 I chatty  : uid=1002(bluetooth) BT Service Call identical 50 lines
10-22 15:58:16.344  2479  2548 D ScanRecord: Not a Multi Manu data
10-22 15:58:16.359 31918 32174 I BatteryMgr:DataCollectionService: stats => 1697983096359,235,4260,170,0,100
10-22 15:58:16.471 31918 32174 I BatteryMgr:DataCollectionService: stats => 1697983096471,235,4260,170,0,100
10-22 15:58:16.582 31918 32174 I BatteryMgr:DataCollectionService: stats => 1697983096582,235,4260,170,0,100
10-22 15:58:16.693 31918 32174 I BatteryMgr:DataCollectionService: stats => 1697983096693,235,4260,170,0,100
10-22 15:58:16.744  3957  4129 D WifiStateMachine:  ConnectedState !RSSI_PKTCNT_FETCH uid=1000 rt=589503327/1645478800 0 0 "ourhome" f4:6d:2f:12:cc:88 rssi=-43 f=5240 sc=60 link=433 tx=1.0, 0.0, 0.0  rx=4.0 bcn=473354 [on:0 tx:0 rx:0 period:1000] from screen [on:144243 period:1089559] score=60
10-22 15:58:16.746  3957  4129 D WifiStateMachine:  L2ConnectedState !RSSI_PKTCNT_FETCH uid=1000 rt=589503330/1645478802 0 0 "ourhome" f4:6d:2f:12:cc:88 rssi=-43 f=5240 sc=60 link=433 tx=1.0, 0.0, 0.0  rx=4.0 bcn=473354 [on:0 tx:0 rx:0 period:2] from screen [on:144243 period:1089561] score=60
10-22 15:58:16.752  3957  4129 D WifiStateMachine: fetchRssiLinkSpeedAndFrequencyNative rssi=-44 linkspeed=433 freq=5240
10-22 15:58:16.752  3957  4129 V WifiConfigManager: Updating scan detail cache freq=5240 BSSID=f4:6d:2f:12:cc:88 RSSI=-43 for "ourhome"WPA_PSK
10-22 15:58:16.803 31918 32174 I BatteryMgr:DataCollectionService: stats => 1697983096803,235,4260,170,0,100
10-22 15:58:16.915 31918 32174 I BatteryMgr:DataCollectionService: stats => 1697983096915,235,4260,170,0,100
10-22 15:58:16.925  3957  4030 D SensorService: [SO] 0.215 -0.168 9.993
10-22 15:58:17.016 23612 32375 E memtrack: Couldn't load memtrack module
10-22 15:58:17.016 23612 32375 W android.os.Debug: failed to get memory consumption info: -1
10-22 15:58:17.021 31918 32174 I BatteryMgr:DataCollectionService: stats => 1697983097021,235,4260,170,0,100
10-22 15:58:17.134 31918 32174 I BatteryMgr:DataCollectionService: stats => 1697983097133,235,4260,170,0,100
10-22 15:58:17.138  3957  4128 D WifiService: getConnectionInfo uid=1000
10-22 15:58:17.241 31918 32174 I BatteryMgr:DataCollectionService: stats => 1697983097241,235,4260,170,0,100
10-22 15:58:17.349 31918 32174 I BatteryMgr:DataCollectionService: stats => 1697983097349,235,4260,170,0,100
10-22 15:58:17.460 31918 32174 I BatteryMgr:DataCollectionService: stats => 1697983097460,235,4260,170,0,100
10-22 15:58:17.495 31963 32157 I SessionStorage/AutoSave: Save: Periodic
10-22 15:58:17.544  4961  4961 D io_stats: !@ 179,0 r 9229306 300780992 w 2076809 40841000 d 165802 36557444 f 629364 654130 iot 4246120 3669249 th 51200 0 0 pt 0 inp 0 0 589504.129
10-22 15:58:17.571 31918 32174 I BatteryMgr:DataCollectionService: stats => 1697983097571,235,4260,170,0,100
10-22 15:58:17.681 31918 32174 I BatteryMgr:DataCollectionService: stats => 1697983097680,235,4260,170,0,100
10-22 15:58:17.745  3957  4129 D WifiStateMachine:  ConnectedState !RSSI_PKTCNT_FETCH uid=1000 rt=589504329/1645479801 0 0 "ourhome" f4:6d:2f:12:cc:88 rssi=-44 f=5240 sc=60 link=433 tx=1.0, 0.0, 0.0  rx=4.0 bcn=473354 [on:0 tx:0 rx:0 period:999] from screen [on:144243 period:1090560] score=60
10-22 15:58:17.747  3957  4129 D WifiStateMachine:  L2ConnectedState !RSSI_PKTCNT_FETCH uid=1000 rt=589504331/1645479803 0 0 "ourhome" f4:6d:2f:12:cc:88 rssi=-44 f=5240 sc=60 link=433 tx=1.0, 0.0, 0.0  rx=4.0 bcn=473354 [on:0 tx:0 rx:0 period:2] from screen [on:144243 period:1090562] score=60
10-22 15:58:17.756  3957  4129 D WifiStateMachine: fetchRssiLinkSpeedAndFrequencyNative rssi=-45 linkspeed=433 freq=5240
10-22 15:58:17.756  3957  4129 V WifiConfigManager: Updating scan detail cache freq=5240 BSSID=f4:6d:2f:12:cc:88 RSSI=-44 for "ourhome"WPA_PSK
10-22 15:58:17.792 31918 32174 I BatteryMgr:DataCollectionService: stats => 1697983097791,235,4260,170,0,100
10-22 15:58:17.904 31918 32174 I BatteryMgr:DataCollectionService: stats => 1697983097904,235,4260,170,0,100
10-22 15:58:18.019 31918 32174 I BatteryMgr:DataCollectionService: stats => 1697983098019,235,4260,170,0,100
10-22 15:58:18.139 31918 32174 I BatteryMgr:DataCollectionService: stats => 1697983098138,235,4260,170,0,100
10-22 15:58:18.141  3957  4128 D WifiService: getConnectionInfo uid=1000
10-22 15:58:18.256 31918 32174 I BatteryMgr:DataCollectionService: stats => 1697983098256,235,4260,170,0,100
10-22 15:58:18.366 31918 32174 I BatteryMgr:DataCollectionService: stats => 1697983098365,235,4260,170,0,100
10-22 15:58:18.370  3957  4129 D WifiStateMachine:  ConnectedState !CMD_RSSI_POLL rt=589504954/1645480426 110 0 "ourhome" f4:6d:2f:12:cc:88 rssi=-45 f=5240 sc=60 link=433 tx=1.0, 0.0, 0.0  rx=4.0 bcn=473354 [on:0 tx:0 rx:0 period:623] from screen [on:144243 period:1091185] score=60
10-22 15:58:18.374  3957  4129 D WifiStateMachine:  L2ConnectedState !CMD_RSSI_POLL rt=589504956/1645480428 110 0 "ourhome" f4:6d:2f:12:cc:88 rssi=-45 f=5240 sc=60 link=433 tx=1.0, 0.0, 0.0  rx=4.0 bcn=473354 [on:0 tx:0 rx:0 period:3] from screen [on:144243 period:1091188] score=60
10-22 15:58:18.374  3957  4129 D WifiStateMachine:  get link layer stats 3
10-22 15:58:18.375  3436  3436 I android.hardware.wifi@1.0-service: getLinkLayerStats
10-22 15:58:18.392  3957  4129 D WifiStateMachine: fetchRssiLinkSpeedAndFrequencyNative rssi=-44 linkspeed=433 freq=5240
10-22 15:58:18.393  3957  4129 V WifiConfigManager: Updating scan detail cache freq=5240 BSSID=f4:6d:2f:12:cc:88 RSSI=-44 for "ourhome"WPA_PSK
10-22 15:58:18.396  4340  4340 E SignalClusterView: setSlotFocusVisible : subId -2
10-22 15:58:18.396  4340  4340 E SignalClusterView: setSlotFocusVisible : subId -2
10-22 15:58:18.476 31918 32174 I BatteryMgr:DataCollectionService: stats => 1697983098476,235,4260,170,0,100
10-22 15:58:18.585 31918 32174 I BatteryMgr:DataCollectionService: stats => 1697983098585,235,4260,170,0,100
10-22 15:58:18.696 31918 32174 I BatteryMgr:DataCollectionService: stats => 1697983098696,235,4260,170,0,100
10-22 15:58:18.746  3957  4129 D WifiStateMachine:  ConnectedState !RSSI_PKTCNT_FETCH uid=1000 rt=589505330/1645480802 0 0 "ourhome" f4:6d:2f:12:cc:88 rssi=-44 f=5240 sc=60 link=433 tx=0.4, 0.0, 0.0  rx=3.3 bcn=473382 [on:0 tx:0 rx:0 period:347] from screen [on:144433 period:1091561] score=60
10-22 15:58:18.748  3957  4129 D WifiStateMachine:  L2ConnectedState !RSSI_PKTCNT_FETCH uid=1000 rt=589505332/1645480804 0 0 "ourhome" f4:6d:2f:12:cc:88 rssi=-44 f=5240 sc=60 link=433 tx=0.4, 0.0, 0.0  rx=3.3 bcn=473382 [on:0 tx:0 rx:0 period:2] from screen [on:144433 period:1091563] score=60
10-22 15:58:18.750  3957  4129 D WifiStateMachine: fetchRssiLinkSpeedAndFrequencyNative rssi=-44 linkspeed=433 freq=5240
10-22 15:58:18.750  3957  4129 V WifiConfigManager: Updating scan detail cache freq=5240 BSSID=f4:6d:2f:12:cc:88 RSSI=-44 for "ourhome"WPA_PSK
10-22 15:58:18.808 31918 32174 I BatteryMgr:DataCollectionService: stats => 1697983098808,235,4260,170,0,100
10-22 15:58:18.918 31918 32174 I BatteryMgr:DataCollectionService: stats => 1697983098918,235,4260,170,0,100
