10-17 16:39:01.325 13588 13588 I zygote64: no shared libraies, dex_files: 1
10-17 16:39:01.327  3957  4025 V WindowManager: finishDrawingLocked: mDrawState=COMMIT_DRAW_PENDING Window{7b2dac6 u0 Splash Screen org.mozilla.fenix} in Surface(name=Splash Screen org.mozilla.fenix)
10-17 16:39:01.346  3447  3447 V Surface : sf_framedrop debug : 0x4f4c, game : false, logging : 0
10-17 16:39:01.349 13544 13560 D OpenGLRenderer: eglDestroySurface = 0x74e8ff0980
10-17 16:39:01.356  3957  4025 D TaskSnapshotCache: putSnapshot mTaskId=471 RunningCache size=1
10-17 16:39:01.361  3957 14954 V WindowManager: Relayout Window{bd47cc3 u0 com.example.batterymanager_utility/com.example.batterymanager_utility.MainActivity}: viewVisibility=8 req=720x1280 WM.LayoutParams{(0,0)(fillxfill) sim=#120 ty=1 fl=#81810100 pfl=0x20000 wanim=0x10302fd vsysui=0x600 needsMenuKey=2 colorMode=0 naviIconColor=0}
10-17 16:39:01.366  3957  3973 D WindowManager: set systemUiVisibility : systemUiFlags= 0x608 fullscreenStackSysUiFlags= 0x0
10-17 16:39:01.366 13544 13544 D ViewRootImpl@4470b6[MainActivity]: Relayout returned: old=[0,0][720,1280] new=[0,0][720,1280] result=0x5 surface={valid=false 0} changed=true
10-17 16:39:01.372  4340  4884 D SystemServicesProxy: updateOverviewLastStackActiveTimeAsync: newTime=1697553541249
10-17 16:39:01.373  3957 10037 D SecContentProvider: query(), uri = 17 selection = isSettingsChangesAllowed
10-17 16:39:01.374  3957 10037 D SecContentProvider: called from android.uid.systemui:10009
10-17 16:39:01.374  4340  4692 D SystemServicesProxy: updateOverviewLastStackActiveTimeAsync: done.
10-17 16:39:01.375  3957 10037 D PackageManager: getComponentMetadataForIconTray : com.example.batterymanager_utility.MainActivity does not exist in mServices
10-17 16:39:01.375  3957 10037 D PackageManager: getComponentMetadataForIconTray : com.example.batterymanager_utility.MainActivity does not exist in mProviders
10-17 16:39:01.375  3957 10037 D PackageManager: getComponentMetadataForIconTray : com.example.batterymanager_utility.MainActivity does not exist in mReceivers
10-17 16:39:01.376  4340  4884 D ApplicationPackageManager: updateItemMetaDataForFixedIconScale: package: com.example.batterymanager_utility
10-17 16:39:01.376  3957 10037 D PackageManager: getSelectedMetaData : packageName(com.example.batterymanager_utility) or Metadata strings {[Ljava.lang.String;@b973120}
10-17 16:39:01.377  4340  4884 I ApplicationPackageManager: load=com.example.batterymanager_utility, bg=144-144, dr=189-189, forDefault=true, density=0
10-17 16:39:01.378  4340  4884 I ApplicationPackageManager: scaled rate=0.72, size=189, alpha=54, hold=102
10-17 16:39:01.378  4340  4884 D ApplicationPackageManager: iconScale: getScale(): 0.72 getAlpha(): 54
10-17 16:39:01.380  4340  4884 I ApplicationPackageManager: load=com.example.batterymanager_utility-contain, bg=112-112, dr=189-189
10-17 16:39:01.381  3447  3447 I SurfaceFlinger: Display 0 HWC layers:
10-17 16:39:01.381  3447  3447 I SurfaceFlinger:     type    |    handle    | flag |  format   |   source crop (l,t,r,b)    |         frame       | name 
10-17 16:39:01.381  3447  3447 I SurfaceFlinger: ------------+--------------+------+-----------+----------------------------+---------------------+------
10-17 16:39:01.381  3447  3447 I SurfaceFlinger:      Client |              | 0000 |  Unknown  |  -0.2   -0.2   -0.8   -0.8 |    0    0  720 1280 | animation background stackId=1#0
10-17 16:39:01.381  3447  3447 I SurfaceFlinger:      Client | 0x7e9ec23640 | 0002 | RGBA_8888 |   0.0    0.0  720.0 1280.0 |    0    0  720 1279 | com.example.batterymanager_utility/c[...]atterymanager_utility.MainActivity#0
10-17 16:39:01.381  3447  3447 I SurfaceFlinger:      Device | 0x7e9ed37600 | 0000 | RGBA_8888 |   0.0    0.0  720.0   42.0 |    0    0  720   42 | StatusBar#0
10-17 16:39:01.381  3447  3447 I SurfaceFlinger: 
10-17 16:39:01.389 13588 13588 I FirebaseApp: Device unlocked: initializing all Firebase APIs for app [DEFAULT]
10-17 16:39:01.394 13588 13588 I FirebaseInitProvider: FirebaseApp initialization successful
10-17 16:39:01.445  3957  4089 D MdnieScenarioControlService:  packageName : org.mozilla.fenix    className : org.mozilla.fenix.App
10-17 16:39:01.445  3957  4089 V MdnieScenarioControlService: setUIMode from UI function(3)
10-17 16:39:01.455 13588 13588 W linker  : "/data/app/org.mozilla.fenix-iWpGOrf8cry6RDpwHyQugA==/lib/arm64/libxul.so" unused DT entry: type 0x8000024 arg 0x539420
10-17 16:39:01.455 13588 13588 W linker  : "/data/app/org.mozilla.fenix-iWpGOrf8cry6RDpwHyQugA==/lib/arm64/libxul.so" unused DT entry: type 0x8000023 arg 0x17d68
10-17 16:39:01.455 13588 13588 W linker  : "/data/app/org.mozilla.fenix-iWpGOrf8cry6RDpwHyQugA==/lib/arm64/libxul.so" unused DT entry: type 0x8000025 arg 0x8
10-17 16:39:01.455 13588 13588 W linker  : "/data/app/org.mozilla.fenix-iWpGOrf8cry6RDpwHyQugA==/lib/arm64/libnss3.so" unused DT entry: type 0x8000024 arg 0x14998
10-17 16:39:01.456 13588 13588 W linker  : "/data/app/org.mozilla.fenix-iWpGOrf8cry6RDpwHyQugA==/lib/arm64/libnss3.so" unused DT entry: type 0x8000023 arg 0x5c8
10-17 16:39:01.456 13588 13588 W linker  : "/data/app/org.mozilla.fenix-iWpGOrf8cry6RDpwHyQugA==/lib/arm64/libnss3.so" unused DT entry: type 0x8000025 arg 0x8
10-17 16:39:01.456 13588 13588 W linker  : "/data/app/org.mozilla.fenix-iWpGOrf8cry6RDpwHyQugA==/lib/arm64/libmozglue.so" unused DT entry: type 0x8000024 arg 0x38f70
10-17 16:39:01.456 13588 13588 W linker  : "/data/app/org.mozilla.fenix-iWpGOrf8cry6RDpwHyQugA==/lib/arm64/libmozglue.so" unused DT entry: type 0x8000023 arg 0x1f8
10-17 16:39:01.456 13588 13588 W linker  : "/data/app/org.mozilla.fenix-iWpGOrf8cry6RDpwHyQugA==/lib/arm64/libmozglue.so" unused DT entry: type 0x8000025 arg 0x8
10-17 16:39:01.456 13588 13588 W linker  : "/data/app/org.mozilla.fenix-iWpGOrf8cry6RDpwHyQugA==/lib/arm64/libmozglue.so" unused DT entry: type 0x8000024 arg 0x38f70
10-17 16:39:01.456 13588 13588 W linker  : "/data/app/org.mozilla.fenix-iWpGOrf8cry6RDpwHyQugA==/lib/arm64/libmozglue.so" unused DT entry: type 0x8000023 arg 0x1f8
10-17 16:39:01.456 13588 13588 W linker  : "/data/app/org.mozilla.fenix-iWpGOrf8cry6RDpwHyQugA==/lib/arm64/libmozglue.so" unused DT entry: type 0x8000025 arg 0x8
10-17 16:39:01.456 13588 13588 W linker  : "/data/app/org.mozilla.fenix-iWpGOrf8cry6RDpwHyQugA==/lib/arm64/libmozglue.so" unused DT entry: type 0x8000024 arg 0x38f70
10-17 16:39:01.456 13588 13588 W linker  : "/data/app/org.mozilla.fenix-iWpGOrf8cry6RDpwHyQugA==/lib/arm64/libmozglue.so" unused DT entry: type 0x8000023 arg 0x1f8
10-17 16:39:01.456 13588 13588 W linker  : "/data/app/org.mozilla.fenix-iWpGOrf8cry6RDpwHyQugA==/lib/arm64/libmozglue.so" unused DT entry: type 0x8000025 arg 0x8
10-17 16:39:01.456 13588 13588 W linker  : "/data/app/org.mozilla.fenix-iWpGOrf8cry6RDpwHyQugA==/lib/arm64/libmozglue.so" unused DT entry: type 0x8000024 arg 0x38f70
10-17 16:39:01.456 13588 13588 W linker  : "/data/app/org.mozilla.fenix-iWpGOrf8cry6RDpwHyQugA==/lib/arm64/libmozglue.so" unused DT entry: type 0x8000023 arg 0x1f8
10-17 16:39:01.456 13588 13588 W linker  : "/data/app/org.mozilla.fenix-iWpGOrf8cry6RDpwHyQugA==/lib/arm64/libmozglue.so" unused DT entry: type 0x8000025 arg 0x8
10-17 16:39:01.557 13588 13616 I nimbus::stateful::nimbus_client: updating experiment list
10-17 16:39:01.564 13588 13616 I nimbus::stateful::persistence: Already at version 2, no upgrade needed
10-17 16:39:01.565  3447  3447 I SurfaceFlinger: Display 0 HWC layers:
10-17 16:39:01.565  3447  3447 I SurfaceFlinger:     type    |    handle    | flag |  format   |   source crop (l,t,r,b)    |         frame       | name 
10-17 16:39:01.565  3447  3447 I SurfaceFlinger: ------------+--------------+------+-----------+----------------------------+---------------------+------
10-17 16:39:01.565  3447  3447 I SurfaceFlinger:      Client |              | 0000 |  Unknown  |  -0.2   -0.2   -0.8   -0.8 |    0    0  720 1280 | animation background stackId=1#0
10-17 16:39:01.565  3447  3447 I SurfaceFlinger:      Client | 0x7e9ec23640 | 0002 | RGBA_8888 |   0.0    0.0  720.0 1279.0 |   16   29  703 1250 | com.example.batterymanager_utility/c[...]atterymanager_utility.MainActivity#0
10-17 16:39:01.565  3447  3447 I SurfaceFlinger:      Client | 0x7e9ec23940 | 0000 | RGBA_8888 |   0.0    0.0  720.0 1024.0 |   16  303  703 1280 | Splash Screen org.mozilla.fenix#0
10-17 16:39:01.565  3447  3447 I SurfaceFlinger:      Client | 0x7e9ed37600 | 0000 | RGBA_8888 |   0.0    0.0  720.0   42.0 |    0    0  720   42 | StatusBar#0
10-17 16:39:01.565  3447  3447 I SurfaceFlinger: 
10-17 16:39:01.567 13588 13616 I nimbus::stateful::nimbus_client: [Nimbus] Retrieved date from Context: 2023-09-28 18:32:20 UTC
10-17 16:39:01.567 13588 13616 I nimbus::stateful::nimbus_client: [Nimbus] Installation Date: 2023-09-28 18:32:20 UTC
10-17 16:39:01.567 13588 13616 I nimbus::stateful::nimbus_client: [Nimbus] Update Date: 2023-09-28 18:32:25.568136298 UTC
10-17 16:39:01.568 13588 13616 I nimbus::stateful::nimbus_client: [Nimbus] Days since install: 18
10-17 16:39:01.568 13588 13616 I nimbus::stateful::nimbus_client: [Nimbus] Days since update: 18
10-17 16:39:01.600 13588 13618 I GeckoThread: preparing to run Gecko
10-17 16:39:01.604  3957 10037 W StorageManager: getStorageLowBytes lowPercent : 5, lowBytes : 1260145254, maxLowBytes : 524288000
10-17 16:39:01.606  3957 10037 I chatty  : uid=1000(system) Binder:3957_18 identical 1 line
10-17 16:39:01.607  3957 10037 W StorageManager: getStorageLowBytes lowPercent : 5, lowBytes : 1260145254, maxLowBytes : 524288000
10-17 16:39:01.625 13588 13618 I GeckoLoader: Library base=/data/app/org.mozilla.fenix-iWpGOrf8cry6RDpwHyQugA==/lib/arm64
10-17 16:39:01.627 13588 13621 I libglean_ffi: glean_core::core: Creating new Glean v54.0.0
10-17 16:39:01.629 13588 13618 W Settings: Setting animator_duration_scale has moved from android.provider.Settings.System to android.provider.Settings.Global, returning read-only global URI.
10-17 16:39:01.633 13588 13618 I GeckoLoader: Library base=/data/app/org.mozilla.fenix-iWpGOrf8cry6RDpwHyQugA==/lib/arm64
10-17 16:39:01.634 13588 13618 E GeckoLibLoad: Load sqlite start
10-17 16:39:01.634 13588 13621 I libglean_ffi: glean_core::database: Database initialized
10-17 16:39:01.635 13588 13618 E GeckoLibLoad: Load sqlite done
10-17 16:39:01.636 13588 13618 I GeckoLoader: Library base=/data/app/org.mozilla.fenix-iWpGOrf8cry6RDpwHyQugA==/lib/arm64
10-17 16:39:01.636 13588 13618 E GeckoLibLoad: Load nss start
10-17 16:39:01.636 13588 13618 E GeckoLibLoad: Load nss done
10-17 16:39:01.636 13588 13618 I GeckoLoader: Library base=/data/app/org.mozilla.fenix-iWpGOrf8cry6RDpwHyQugA==/lib/arm64
10-17 16:39:01.638 13588 13618 E GeckoLibLoad: Loaded libs in 1.361385ms total, 0ms(4ms) user, 0ms(0ms) system, 0(0) faults
10-17 16:39:01.639 13588 13621 I libglean_ffi: glean_core: Glean initialized
10-17 16:39:01.640 13588 13618 W GeckoThread: zerdatime 1215929018 - runGecko
10-17 16:39:01.642 13588 13621 I libglean_ffi: glean_core::event_database: Loading events for background-update
10-17 16:39:01.648 13588 13621 I libglean_ffi: glean_core::event_database: Loading events for events
10-17 16:39:01.649 13588 13621 I libglean_ffi: glean_core::event_database: Loading events for pageload
10-17 16:39:01.650  3599  3918 D DnsProxyListener: DNSDBG::dns by name af 2
10-17 16:39:01.655 13588 13621 I libglean_ffi: glean_core::ping: Collecting events
10-17 16:39:01.669 13588 13621 I libglean_ffi: glean_core::upload::directory: Processing ping at: /data/user/0/org.mozilla.fenix/glean_data/pending_pings/cbe37c20-8c98-43b9-bda0-afcc37946517
10-17 16:39:01.670 13588 13621 I libglean_ffi: glean_core::metrics::ping: The ping 'events' was submitted and will be sent as soon as possible
10-17 16:39:01.676  3957 12585 D PackageManager: setEnabledSetting : userId = 0 packageName = org.mozilla.fenix cmp = androidx.work.impl.background.systemjob.SystemJobService newState = 1 callingPackage = 10169/org.mozilla.fenix
10-17 16:39:01.705 13588 13618 I Gecko:DumpUtils: Fifo watcher disabled via pref.
10-17 16:39:01.719 13588 13621 I glean/MetricsPingSched: The 'metrics' ping was already sent today, 1697553541689.
10-17 16:39:01.731 13588 13621 I libglean_ffi: glean_core::ping: Collecting baseline
10-17 16:39:01.741 13588 13588 I FenixApplication: AutoPushFeature is configured, initializing it...
10-17 16:39:01.745 13588 13621 I libglean_ffi: glean_core::upload::directory: Processing ping at: /data/user/0/org.mozilla.fenix/glean_data/pending_pings/b77e88ac-a6c8-4a71-ad43-81b46c379d8c
10-17 16:39:01.747 13588 13588 I AbstractFirebasePushService: start
10-17 16:39:01.756 13588 13621 I libglean_ffi: glean_core::metrics::ping: The ping 'baseline' was submitted and will be sent as soon as possible
10-17 16:39:01.764 13588 13588 I MemoryController: onTrimMemory(5)
10-17 16:39:01.764 13588 13588 I FenixApplication: onTrimMemory(), level=5, main=true
10-17 16:39:01.774  3957  4129 D WifiStateMachine:  ConnectedState !CMD_RSSI_POLL rt=505554987/1215929152 81 0 "ourhome" f4:6d:2f:12:cc:88 rssi=-45 f=5240 sc=60 link=433 tx=0.0, 0.0, 0.0  rx=13.4 bcn=43788 [on:0 tx:0 rx:0 period:629] from screen [on:375229 period:1672955] score=60
10-17 16:39:01.774  3957  4129 D WifiStateMachine:  L2ConnectedState !CMD_RSSI_POLL rt=505554988/1215929152 81 0 "ourhome" f4:6d:2f:12:cc:88 rssi=-45 f=5240 sc=60 link=433 tx=0.0, 0.0, 0.0  rx=13.4 bcn=43788 [on:0 tx:0 rx:0 period:0] from screen [on:375229 period:1672955] score=60
10-17 16:39:01.774  3957  4129 D WifiStateMachine:  get link layer stats 3
10-17 16:39:01.775  3436  3436 I android.hardware.wifi@1.0-service: getLinkLayerStats
10-17 16:39:01.779  3957  4129 D WifiStateMachine: fetchRssiLinkSpeedAndFrequencyNative rssi=-46 linkspeed=433 freq=5240
10-17 16:39:01.779  3957  4129 V WifiConfigManager: Updating scan detail cache freq=5240 BSSID=f4:6d:2f:12:cc:88 RSSI=-45 for "ourhome"WPA_PSK
10-17 16:39:01.782  4340  4340 E SignalClusterView: setSlotFocusVisible : subId -2
10-17 16:39:01.783  4340  4340 E SignalClusterView: setSlotFocusVisible : subId -2
10-17 16:39:01.816 13588 13614 I libglean_ffi: glean_core::ping: Collecting crash
10-17 16:39:01.820  4961  4961 D io_stats: !@ 179,0 r 7748434 249479244 w 1656889 34430512 d 133199 33972764 f 386386 407559 iot 3431284 3001382 th 51200 0 0 pt 0 inp 1 1 505555.034
10-17 16:39:01.822  3957 10037 D SamsungAlarmManager: setExact Intent (T:0/F:1/AC:false) 20331014T163901 - CU:10169/CP:13588
10-17 16:39:01.826 13588 13599 I zygote64: Background concurrent copying GC freed 16360(1008KB) AllocSpace objects, 19(468KB) LOS objects, 49% free, 2MB/5MB, paused 2.153ms total 105.105ms
10-17 16:39:01.837 13588 13614 I libglean_ffi: glean_core::upload::directory: Processing ping at: /data/user/0/org.mozilla.fenix/glean_data/pending_pings/1a5e1a8e-93b4-40e4-a4ff-1f524a4a2788
10-17 16:39:01.837  3957 14954 D StorageManagerService: getExternalStorageMountMode : 1
10-17 16:39:01.837  3957 14954 D StorageManagerService: getExternalStorageMountMode : 3
10-17 16:39:01.837  3957 14954 D StorageManagerService: getExternalStorageMountMode : final mountMode=1, uid : 10169, packageName : org.mozilla.fenix
10-17 16:39:01.838 13588 13614 I libglean_ffi: glean_core::metrics::ping: The ping 'crash' was submitted and will be sent as soon as possible
10-17 16:39:01.838  3957 14954 I ApplicationPolicy: isApplicationExternalStorageWhitelisted:org.mozilla.fenix user:0
10-17 16:39:01.838  3957 14954 D ApplicationPolicy: isApplicationExternalStorageWhitelisted: DO is not enabled on user 0. Allowed.
10-17 16:39:01.838  3957 14954 D ActivityManager: package  org.mozilla.fenix, user - 0 is SDcard whitelisted
10-17 16:39:01.838  3957 14954 I ApplicationPolicy: isApplicationExternalStorageBlacklisted:org.mozilla.fenix user:0
10-17 16:39:01.838  3957 14954 D ApplicationPolicy: isApplicationExternalStorageBlacklisted: DO is not enabled on user 0. Allowed.
10-17 16:39:01.841 13588 13614 I libglean_ffi: glean_core::ping: Collecting pageload
10-17 16:39:01.843 13588 13662 I push::internal::communications::rate_limiter: No need to reset inner timestamp and count for verify_connection.
10-17 16:39:01.845  3957  4025 I WindowManager: Destroying surface Surface(name=com.example.batterymanager_utility/com.example.batterymanager_utility.MainActivity) called by com.android.server.wm.WindowStateAnimator.destroySurface:2501 com.android.server.wm.WindowStateAnimator.destroySurfaceLocked:985 com.android.server.wm.WindowState.destroyOrSaveSurfaceUnchecked:3670 com.android.server.wm.WindowState.destroySurface:3618 com.android.server.wm.AppWindowToken.destroySurfaces:722 com.android.server.wm.AppWindowToken.destroySurfaces:706 com.android.server.wm.WindowState.onExitAnimationDone:5316 com.android.server.wm.WindowStateAnimator.stepAnimationLocked:550 
10-17 16:39:01.847  3447  4088 I SurfaceFlinger: id=2743 Removed com.example.batterymanager_utility/com.example.batterymanager_utility.MainActivity#0 (2/5)
10-17 16:39:01.849 13588 13614 I libglean_ffi: glean_core::upload::directory: Processing ping at: /data/user/0/org.mozilla.fenix/glean_data/pending_pings/0c584214-1c8b-470e-a677-2b55a00f45d7
10-17 16:39:01.849 13588 13614 I libglean_ffi: glean_core::metrics::ping: The ping 'pageload' was submitted and will be sent as soon as possible
10-17 16:39:01.849  3957 10057 D BatteryService: !@BatteryListener : batteryPropertiesChanged!
10-17 16:39:01.851  3447  5168 I SurfaceFlinger: id=2743 Removed com.example.batterymanager_utility/com.example.batterymanager_utility.MainActivity#0 (-2/5)
10-17 16:39:01.855 13670 13670 E Zygote  : isWhitelistProcess - Process is Whitelisted
10-17 16:39:01.855 13670 13670 E libpersona: scanKnoxPersonas
10-17 16:39:01.856 13670 13670 E libpersona: Couldn't open the File - /data/system/users/0/personalist.xml - No such file or directory
10-17 16:39:01.857  3957 14954 I ActivityManager: Start proc 13670:org.mozilla.fenix:tab23/u0a169 for service org.mozilla.fenix/org.mozilla.gecko.process.GeckoChildProcessServices$tab23
10-17 16:39:01.857 13670 13670 W SELinux : SELinux selinux_android_compute_policy_index : Policy Index[2],  Con:u:r:zygote:s0 RAM:SEPF_SM-J720F_8.0.0_0002, [-1 -1 -1 -1 0 1]
10-17 16:39:01.858 13670 13670 I SELinux : SELinux: seapp_context_lookup: seinfo=untrusted, level=s0:c512,c768, pkgname=org.mozilla.fenix:tab23 
10-17 16:39:01.861  3447  3447 I Layer   : id=2743 onRemoved com.example.batterymanager_utility/com.example.batterymanager_utility.MainActivity#0 
10-17 16:39:01.864  3447  3447 I SurfaceFlinger: Display 0 HWC layers:
10-17 16:39:01.864  3447  3447 I SurfaceFlinger:     type    |    handle    | flag |  format   |   source crop (l,t,r,b)    |         frame       | name 
10-17 16:39:01.864  3447  3447 I SurfaceFlinger: ------------+--------------+------+-----------+----------------------------+---------------------+------
10-17 16:39:01.864  3447  3447 I SurfaceFlinger:      Device | 0x7e9ec23940 | 0000 | RGBA_8888 |   0.0    0.0  720.0 1280.0 |    0    0  720 1280 | Splash Screen org.mozilla.fenix#0
10-17 16:39:01.864  3447  3447 I SurfaceFlinger:      Device | 0x7e9ed37600 | 0000 | RGBA_8888 |   0.0    0.0  720.0   42.0 |    0    0  720   42 | StatusBar#0
10-17 16:39:01.864  3447  3447 I SurfaceFlinger: 
10-17 16:39:01.864 13588 13614 I libglean_ffi: glean_core::core: Upload enabled: true
10-17 16:39:01.872  3957 10057 D ConnectivityService: filterNetworkStateForUid() uid: 10169 networkInfo: [type: WIFI[] - WIFI, state: CONNECTED/CONNECTED, reason: (unspecified), extra: "ourhome", failover: false, available: true, roaming: false, metered: false]
10-17 16:39:01.872  3957 10057 D WifiService: getConnectionInfo uid=1000
10-17 16:39:01.874 13588 13662 I push::internal::communications::rate_limiter: Not allowed: count(8) > 1 for verify_connection.
10-17 16:39:01.876 13588 13662 I AutoPushFeature: No change to subscriptions. Doing nothing.
10-17 16:39:01.884 13670 13670 D TimaKeyStoreProvider: TimaKeyStore is not enabled: cannot add TimaSignature Service and generateKeyPair Service
10-17 16:39:01.884 13670 13670 D ActivityThread: Added TimaKeyStore provider
10-17 16:39:01.887  3957 10057 I ActivityManager: DSS on for org.mozilla.fenix and scale is 1.0
10-17 16:39:01.895  3957 14954 D PackageManager: setEnabledSetting : userId = 0 packageName = org.mozilla.fenix cmp = androidx.work.impl.background.systemalarm.RescheduleReceiver newState = 1 callingPackage = 10169/org.mozilla.fenix
10-17 16:39:01.908 13670 13670 I zygote64: no shared libraies, dex_files: 1
10-17 16:39:01.910  3957 10037 D ConnectivityService: filterNetworkStateForUid() uid: 10169 networkInfo: [type: WIFI[] - WIFI, state: CONNECTED/CONNECTED, reason: (unspecified), extra: "ourhome", failover: false, available: true, roaming: false, metered: false]
10-17 16:39:01.910  3957 10037 D WifiService: getConnectionInfo uid=1000
10-17 16:39:01.922  3957 10037 I chatty  : uid=1000(system) Binder:3957_18 identical 1 line
10-17 16:39:01.922  3957 10037 D WifiService: getConnectionInfo uid=1000
10-17 16:39:01.926 12385 12800 W ResourceType: ResTable_typeSpec entry count inconsistent: given 88, previously 90
10-17 16:39:01.926 12385 12800 W ResourceType: ResTable_typeSpec entry count inconsistent: given 168, previously 172
10-17 16:39:01.926 12385 12800 W ResourceType: ResTable_typeSpec entry count inconsistent: given 3502, previously 3522
10-17 16:39:01.927 12385 12800 W ResourceType: ResTable_typeSpec entry count inconsistent: given 487, previously 4664
10-17 16:39:01.927  3957 10037 D ConnectivityService: filterNetworkStateForUid() uid: 10169 networkInfo: [type: WIFI[] - WIFI, state: CONNECTED/CONNECTED, reason: (unspecified), extra: "ourhome", failover: false, available: true, roaming: false, metered: false]
10-17 16:39:01.927  3957 10037 D WifiService: getConnectionInfo uid=1000
10-17 16:39:01.929 13588 13683 D ConnectivityManager: requestNetwork; CallingUid : 10169, CallingPid : 13588
10-17 16:39:01.932  3957 10037 D ConnectivityService: requestNetwork for uid/pid:10169/13588 NetworkRequest [ TRACK_DEFAULT id=1620, [ Capabilities: INTERNET&NOT_RESTRICTED&TRUSTED&NOT_VPN] ]
10-17 16:39:01.932  3957  4157 D ConnectivityService: rematching NetworkAgentInfo [WIFI () - 508]
10-17 16:39:01.933  3957  4157 D ConnectivityService:  network has: [ Transports: WIFI Capabilities: NOT_METERED&INTERNET&NOT_RESTRICTED&TRUSTED&NOT_VPN&VALIDATED&FOREGROUND LinkUpBandwidth>=1048576Kbps LinkDnBandwidth>=1048576Kbps SignalStrength: -51]
10-17 16:39:01.933  3957  4157 D ConnectivityService: Network NetworkAgentInfo [WIFI () - 508] was already satisfying request 1. No change.
10-17 16:39:01.933  3957  4157 D ConnectivityService: Network NetworkAgentInfo [WIFI () - 508] was already satisfying request 3. No change.
10-17 16:39:01.933  3957  4157 D ConnectivityService:   checking if request is satisfied: NetworkRequest [ TRACK_DEFAULT id=1620, [ Capabilities: INTERNET&NOT_RESTRICTED&TRUSTED&NOT_VPN] ]
10-17 16:39:01.933  3957  4157 D ConnectivityService: currentScore = 0, newScore = 100
10-17 16:39:01.933  3957  4157 D ConnectivityService: rematch for NetworkAgentInfo [WIFI () - 508]
10-17 16:39:01.933  3957  4157 D ConnectivityService:    accepting network in place of null
10-17 16:39:01.933  3957  4157 D ConnectivityService: sending new Min Network Score(100): NetworkRequest [ TRACK_DEFAULT id=1620, [ Capabilities: INTERNET&NOT_RESTRICTED&TRUSTED&NOT_VPN] ]
10-17 16:39:01.933  3957  4313 D Ethernet: got request NetworkRequest [ TRACK_DEFAULT id=1620, [ Capabilities: INTERNET&NOT_RESTRICTED&TRUSTED&NOT_VPN] ] with score 100
10-17 16:39:01.933  3957  4313 D Ethernet:   my score=-1, my filter=[ Transports: ETHERNET Capabilities: INTERNET&NOT_RESTRICTED&TRUSTED&NOT_VPN LinkUpBandwidth>=100000Kbps LinkDnBandwidth>=100000Kbps]
10-17 16:39:01.933  3957  4313 D Ethernet: evalRequest
10-17 16:39:01.933  3957  4313 D Ethernet:   done
10-17 16:39:01.934 13588 13588 I NavController: Ignoring popBackStack to destination org.mozilla.fenix:id/browserFragment as it was not found on the current back stack
10-17 16:39:01.934  3957  4129 D WIFI    : got request NetworkRequest [ TRACK_DEFAULT id=1620, [ Capabilities: INTERNET&NOT_RESTRICTED&TRUSTED&NOT_VPN] ] with score 100
10-17 16:39:01.934  3957  4157 D ConnectivityService: MultiNetwork Request(TransportType - Wi-Fi request). Internet Capability doesn't required (false)
10-17 16:39:01.934  3957  4157 D ConnectivityService: Network NetworkAgentInfo [WIFI () - 508] was already satisfying request 1618. No change.
10-17 16:39:01.934  3957  4129 D WIFI    :   my score=60, my filter=[ Transports: WIFI Capabilities: NOT_METERED&INTERNET&NOT_RESTRICTED&TRUSTED&NOT_VPN LinkUpBandwidth>=1048576Kbps LinkDnBandwidth>=1048576Kbps]
10-17 16:39:01.934  3957  4129 D WIFI    : evalRequest
10-17 16:39:01.935  3957  4129 D WIFI    :   done
10-17 16:39:01.935  4616  4616 D PhoneSwitcherNetworkRequstListener: got request NetworkRequest [ TRACK_DEFAULT id=1620, [ Capabilities: INTERNET&NOT_RESTRICTED&TRUSTED&NOT_VPN] ] with score 100
10-17 16:39:01.935  3957  4157 D ConnectivityService: sending notification AVAILABLE for NetworkRequest [ TRACK_DEFAULT id=1620, [ Capabilities: INTERNET&NOT_RESTRICTED&TRUSTED&NOT_VPN] ]
10-17 16:39:01.935  3957  4129 D WIFI_UT : got request NetworkRequest [ TRACK_DEFAULT id=1620, [ Capabilities: INTERNET&NOT_RESTRICTED&TRUSTED&NOT_VPN] ] with score 100
10-17 16:39:01.935  3957  4129 D WIFI_UT :   my score=2147483647, my filter=[ Transports: WIFI Capabilities: NOT_METERED&INTERNET&NOT_RESTRICTED&TRUSTED&NOT_VPN LinkUpBandwidth>=1048576Kbps LinkDnBandwidth>=1048576Kbps]
10-17 16:39:01.935  3957  4129 D WIFI_UT : evalRequest
10-17 16:39:01.935  3957  4129 D WIFI_UT :   needNetworkFor
10-17 16:39:01.935  3957  4157 D ConnectivityService: sending notification CAP_CHANGED for NetworkRequest [ TRACK_DEFAULT id=1620, [ Capabilities: INTERNET&NOT_RESTRICTED&TRUSTED&NOT_VPN] ]
10-17 16:39:01.935  4616  4616 D PhoneSwitcherNetworkRequstListener:   my score=101, my filter=[ Transports: CELLULAR Capabilities: MMS&SUPL&DUN&FOTA&IMS&CBS&IA&RCS&XCAP&EIMS&INTERNET&NOT_RESTRICTED&TRUSTED&NOT_VPN&ENT1 Specifier: <android.net.MatchAllNetworkSpecifier@0>]
10-17 16:39:01.935  4616  4616 D PhoneSwitcherNetworkRequstListener: evalRequest
10-17 16:39:01.935  4616  4616 D PhoneSwitcherNetworkRequstListener:   needNetworkFor
10-17 16:39:01.936  3957  4157 D ConnectivityService: sending notification IP_CHANGED for NetworkRequest [ TRACK_DEFAULT id=1620, [ Capabilities: INTERNET&NOT_RESTRICTED&TRUSTED&NOT_VPN] ]
10-17 16:39:01.937  3957 10037 D ConnectivityService: filterNetworkStateForUid() uid: 10169 networkInfo: [type: WIFI[] - WIFI, state: CONNECTED/CONNECTED, reason: (unspecified), extra: "ourhome", failover: false, available: true, roaming: false, metered: false]
10-17 16:39:01.937  3957 10037 D WifiService: getConnectionInfo uid=1000
10-17 16:39:01.938  3957  4153 D WIFI_P2P: got request NetworkRequest [ TRACK_DEFAULT id=1620, [ Capabilities: INTERNET&NOT_RESTRICTED&TRUSTED&NOT_VPN] ] with score 100
10-17 16:39:01.938  3957  4153 D WIFI_P2P:   my score=60, my filter=[ Transports: WIFI Capabilities: WIFI_P2P&NOT_RESTRICTED&TRUSTED&NOT_VPN LinkUpBandwidth>=1048576Kbps LinkDnBandwidth>=1048576Kbps]
10-17 16:39:01.938  3957  4153 D WIFI_P2P: evalRequest
10-17 16:39:01.938  3957  4153 D WIFI_P2P:   done
10-17 16:39:01.939  3957 10037 D ConnectivityService: filterNetworkStateForUid() uid: 10169 networkInfo: [type: WIFI[] - WIFI, state: CONNECTED/CONNECTED, reason: (unspecified), extra: "ourhome", failover: false, available: true, roaming: false, metered: false]
10-17 16:39:01.939  3957 10037 D WifiService: getConnectionInfo uid=1000
10-17 16:39:01.960  3957  4324 I OpenGLRenderer: Initialized EGL, version 1.4
10-17 16:39:01.961  3957  4324 D OpenGLRenderer: Swap behavior 2
10-17 16:39:01.967 13588 13588 I ContileTopSitesUpdater: Started periodic work to update Contile top sites
10-17 16:39:01.977  3957 14954 I ActivityManager: Killing 13410:com.google.android.gms/u0a25 (adj 900): 77870k from cached
10-17 16:39:01.979  3957 14954 W ActivityManager: Application dead when creating service ServiceRecord{34aac5a u0 com.google.android.gms/.ads.identifier.service.AdvertisingIdService}
10-17 16:39:01.980  3957 14954 W ActivityManager: Scheduling restart of crashed service com.google.android.gms/.chimera.GmsBoundBrokerService in 1000ms
10-17 16:39:01.981  3957 14954 W ActivityManager: Scheduling restart of crashed service com.google.android.gms/.ads.identifier.service.AdvertisingIdService in 10999ms
10-17 16:39:01.984  3957 14954 W ActivityManager: Scheduling restart of crashed service com.google.android.gms/.ads.identifier.service.AdvertisingIdService in 43996ms
10-17 16:39:01.985  3957 14954 W ActivityManager: Exception when starting service com.google.android.gms/.ads.identifier.service.AdvertisingIdService
10-17 16:39:01.985  3957 14954 W ActivityManager: android.os.DeadObjectException
10-17 16:39:01.985  3957 14954 W ActivityManager: 	at android.os.BinderProxy.transactNative(Native Method)
10-17 16:39:01.985  3957 14954 W ActivityManager: 	at android.os.BinderProxy.transact(Binder.java:761)
10-17 16:39:01.985  3957 14954 W ActivityManager: 	at android.app.IApplicationThread$Stub$Proxy.scheduleCreateService(IApplicationThread.java:1381)
10-17 16:39:01.985  3957 14954 W ActivityManager: 	at com.android.server.am.ActiveServices.realStartServiceLocked(ActiveServices.java:2505)
10-17 16:39:01.985  3957 14954 W ActivityManager: 	at com.android.server.am.ActiveServices.bringUpServiceLocked(ActiveServices.java:2403)
10-17 16:39:01.985  3957 14954 W ActivityManager: 	at com.android.server.am.ActiveServices.bindServiceLocked(ActiveServices.java:1583)
10-17 16:39:01.985  3957 14954 W ActivityManager: 	at com.android.server.am.ActivityManagerService.bindService(ActivityManagerService.java:22703)
10-17 16:39:01.985  3957 14954 W ActivityManager: 	at android.app.IActivityManager$Stub.onTransact(IActivityManager.java:584)
10-17 16:39:01.985  3957 14954 W ActivityManager: 	at com.android.server.am.ActivityManagerService.onTransact(ActivityManagerService.java:3861)
10-17 16:39:01.985  3957 14954 W ActivityManager: 	at android.os.Binder.execTransact(Binder.java:682)
10-17 16:39:01.999 13670 13670 I FenixApplication: onTrimMemory(), level=5, main=false
10-17 16:39:02.000 13670 13670 I ServiceChildProcess: onCreate
10-17 16:39:02.001 13670 13696 I GeckoThread: preparing to run Gecko
10-17 16:39:02.038  3328  3328 W keymaster2_mdfpp: entered get_key_characteristics function.
10-17 16:39:02.047  3328  3328 W keymaster_tee: [WRN]KEY_PARAMS: AES ENC DEC GCM PADNO AUTH SIZE:256 
10-17 16:39:02.048  3328  3328 W keymaster_tee: [WRN]KEY_PARAMS: 20230928203226 
10-17 16:39:02.048  3328  3328 W keymaster2_mdfpp: exit get_key_characteristics function, returned 0
10-17 16:39:02.055  3328  3328 W keymaster2_mdfpp: entered get_key_characteristics function.
10-17 16:39:02.056  3328  3328 W keymaster_tee: [WRN]KEY_PARAMS: AES ENC DEC GCM PADNO AUTH SIZE:256 
10-17 16:39:02.056  3328  3328 W keymaster_tee: [WRN]KEY_PARAMS: 20230928203226 
10-17 16:39:02.056  3328  3328 W keymaster2_mdfpp: exit get_key_characteristics function, returned 0
10-17 16:39:02.059  3328  3328 W keymaster2_mdfpp: entered get_key_characteristics function.
10-17 16:39:02.061  3328  3328 W keymaster_tee: [WRN]KEY_PARAMS: AES ENC DEC GCM PADNO AUTH SIZE:256 
10-17 16:39:02.061  3328  3328 W keymaster_tee: [WRN]KEY_PARAMS: 20230928203226 
10-17 16:39:02.061  3328  3328 W keymaster2_mdfpp: exit get_key_characteristics function, returned 0
10-17 16:39:02.069  3957 10037 D SamsungAlarmManager: Cancel Alarm calling from uid:10025 pid :2350 / op:PendingIntent{e1eeb68: PendingIntentRecord{1139dc3 com.google.android.gms broadcastIntent}}
10-17 16:39:02.070 13588 13599 I zygote64: Background concurrent copying GC freed 77363(3MB) AllocSpace objects, 18(384KB) LOS objects, 50% free, 2MB/4MB, paused 2.481ms total 108.033ms
10-17 16:39:02.072  3328  3328 W keymaster2_mdfpp: entered get_key_characteristics function.
10-17 16:39:02.073  3957 14957 D SamsungAlarmManager: setExact Intent (T:3/F:0/AC:false) 20231017T205355 - CU:10025/CP:2350
10-17 16:39:02.075  3328  3328 W keymaster_tee: [WRN]KEY_PARAMS: AES ENC DEC GCM PADNO AUTH SIZE:256 
10-17 16:39:02.075  3328  3328 W keymaster_tee: [WRN]KEY_PARAMS: 20230928203226 
10-17 16:39:02.075  3328  3328 W keymaster2_mdfpp: exit get_key_characteristics function, returned 0
10-17 16:39:02.077  3328  3328 W keymaster2_mdfpp: entered begin function.
10-17 16:39:02.078  3328  3328 W keymaster2_mdfpp: exit begin function, returned 0
10-17 16:39:02.079  2479  2548 D ScanRecord: Not a Multi Manu data
10-17 16:39:02.079  2479  2548 I chatty  : uid=1002(bluetooth) BT Service Call identical 11 lines
10-17 16:39:02.079  2479  2548 D ScanRecord: Not a Multi Manu data
10-17 16:39:02.081  3328  3328 W keymaster2_mdfpp: entered update function.
10-17 16:39:02.081  2479  2548 D ScanRecord: Not a Multi Manu data
10-17 16:39:02.081  2479  2548 I chatty  : uid=1002(bluetooth) BT Service Call identical 9 lines
10-17 16:39:02.081  2479  2548 D ScanRecord: Not a Multi Manu data
10-17 16:39:02.081  3328  3328 W keymaster2_mdfpp: exit update function, returned 0
10-17 16:39:02.081  2479  2548 D ScanRecord: Not a Multi Manu data
10-17 16:39:02.081  2479  2548 D ScanRecord: Not a Multi Manu data
10-17 16:39:02.082  3328  3328 W keymaster2_mdfpp: entered finish function.
10-17 16:39:02.083  3328  3328 W keymaster2_mdfpp: exit finish function, returned 0
10-17 16:39:02.083  3589  3589 W keystore: ENTER remove operation from uid 10169
10-17 16:39:02.102  2479  2548 D ScanRecord: Not a Multi Manu data
10-17 16:39:02.112  2479  2548 I chatty  : uid=1002(bluetooth) BT Service Call identical 36 lines
10-17 16:39:02.113  2479  2548 D ScanRecord: Not a Multi Manu data
10-17 16:39:02.113 13588 13629 W logins::schema: user_version: 2
10-17 16:39:02.113  2479  2548 D ScanRecord: Not a Multi Manu data
10-17 16:39:02.136 13588 13588 W GeckoViewActivityContextDelegate: A non-activity context was set.
10-17 16:39:02.145  3957  4129 D WifiStateMachine:  ConnectedState !RSSI_PKTCNT_FETCH uid=1000 rt=505555358/1215929522 0 0 "ourhome" f4:6d:2f:12:cc:88 rssi=-46 f=5240 sc=60 link=433 tx=1.9, 0.0, 0.0  rx=10.6 bcn=43817 [on:0 tx:0 rx:0 period:365] from screen [on:375783 period:1673326] score=60
10-17 16:39:02.145  2479  2548 D ScanRecord: Not a Multi Manu data
10-17 16:39:02.145  2479  2548 D ScanRecord: Not a Multi Manu data
10-17 16:39:02.145  2479  2548 I chatty  : uid=1002(bluetooth) BT Service Call identical 10 lines
10-17 16:39:02.146  2479  2548 D ScanRecord: Not a Multi Manu data
10-17 16:39:02.146  3957  4129 D WifiStateMachine:  L2ConnectedState !RSSI_PKTCNT_FETCH uid=1000 rt=505555359/1215929523 0 0 "ourhome" f4:6d:2f:12:cc:88 rssi=-46 f=5240 sc=60 link=433 tx=1.9, 0.0, 0.0  rx=10.6 bcn=43817 [on:0 tx:0 rx:0 period:1] from screen [on:375783 period:1673327] score=60
10-17 16:39:02.148  3957  4128 D WifiService: getConnectionInfo uid=1000
10-17 16:39:02.149  3957 14957 D ConnectivityService: filterNetworkStateForUid() uid: 10169 networkInfo: [type: WIFI[] - WIFI, state: CONNECTED/CONNECTED, reason: (unspecified), extra: "ourhome", failover: false, available: true, roaming: false, metered: false]
10-17 16:39:02.149  3957  4129 D WifiStateMachine: fetchRssiLinkSpeedAndFrequencyNative rssi=-46 linkspeed=433 freq=5240
10-17 16:39:02.149  3957 14957 D WifiService: getConnectionInfo uid=1000
10-17 16:39:02.149  3957  4129 V WifiConfigManager: Updating scan detail cache freq=5240 BSSID=f4:6d:2f:12:cc:88 RSSI=-45 for "ourhome"WPA_PSK
10-17 16:39:02.151  3957 10037 D ConnectivityService: filterNetworkStateForUid() uid: 10169 networkInfo: [type: WIFI[] - WIFI, state: CONNECTED/CONNECTED, reason: (unspecified), extra: "ourhome", failover: false, available: true, roaming: false, metered: false]
10-17 16:39:02.151  3957 10037 D WifiService: getConnectionInfo uid=1000
10-17 16:39:02.153  3957  4564 D ConnectivityService: filterNetworkStateForUid() uid: 10169 networkInfo: [type: WIFI[] - WIFI, state: CONNECTED/CONNECTED, reason: (unspecified), extra: "ourhome", failover: false, available: true, roaming: false, metered: false]
10-17 16:39:02.153  3957  4564 D WifiService: getConnectionInfo uid=1000
10-17 16:39:02.156  2479  2548 D ScanRecord: Not a Multi Manu data
10-17 16:39:02.166  2479  2548 I chatty  : uid=1002(bluetooth) BT Service Call identical 37 lines
10-17 16:39:02.167  2479  2548 D ScanRecord: Not a Multi Manu data
10-17 16:39:02.175 13588 13588 I BgSyncManager: Periodic syncing enabled: PeriodicSyncConfig(periodMinutes=240, initialDelayMinutes=5)
10-17 16:39:02.175 13588 13588 I FirefoxAccountStateMachine: Sync is enabled
10-17 16:39:02.179  2479  2548 D ScanRecord: Not a Multi Manu data
10-17 16:39:02.184  2479  2548 I chatty  : uid=1002(bluetooth) BT Service Call identical 35 lines
10-17 16:39:02.184  2479  2548 D ScanRecord: Not a Multi Manu data
10-17 16:39:02.184 13588 13651 I StartupTypeTelemetry: Recorded start up: cold_main
10-17 16:39:02.184  2479  2548 D ScanRecord: Not a Multi Manu data
10-17 16:39:02.185  2479  2548 D ScanRecord: Not a Multi Manu data
10-17 16:39:02.192  3957  4564 D ConnectivityService: filterNetworkStateForUid() uid: 10025 networkInfo: [type: WIFI[] - WIFI, state: CONNECTED/CONNECTED, reason: (unspecified), extra: "ourhome", failover: false, available: true, roaming: false, metered: false]
10-17 16:39:02.193  3957  4564 D WifiService: getConnectionInfo uid=1000
10-17 16:39:02.202  2479  2548 D ScanRecord: Not a Multi Manu data
10-17 16:39:02.213  2479  2548 I chatty  : uid=1002(bluetooth) BT Service Call identical 24 lines
10-17 16:39:02.213  2479  2548 D ScanRecord: Not a Multi Manu data
10-17 16:39:02.219 13588 13721 D OpenGLRenderer: HWUI GL Pipeline
10-17 16:39:02.227  2479  2548 D ScanRecord: Not a Multi Manu data
10-17 16:39:02.228  2479  2548 I chatty  : uid=1002(bluetooth) BT Service Call identical 24 lines
10-17 16:39:02.228  2479  2548 D ScanRecord: Not a Multi Manu data
10-17 16:39:02.229 13588 13588 D ViewRootImpl@4a80368[App]: setView = DecorView@7035381[App] TM=true MM=false
10-17 16:39:02.229  3957  4564 D ActivityManager: post active user change for 0 fullscreen true isHomeActivity() false
10-17 16:39:02.230 13588 13588 I Choreographer: Skipped 49 frames!  The application may be doing too much work on its main thread.
10-17 16:39:02.232 13588 13588 D ViewRootImpl@4a80368[App]: dispatchAttachedToWindow
10-17 16:39:02.237  3957 10037 V WindowManager: Relayout Window{22b403 u0 org.mozilla.fenix/org.mozilla.fenix.App}: viewVisibility=0 req=719x1237 WM.LayoutParams{(0,0)(fillxfill) sim=#110 ty=1 fl=#81010100 pfl=0x20000 wanim=0x7f1404fa vsysui=0x2610 needsMenuKey=2 colorMode=0 naviIconColor=0}
10-17 16:39:02.240  2479  2548 D ScanRecord: Not a Multi Manu data
10-17 16:39:02.240  2479  2548 I chatty  : uid=1002(bluetooth) BT Service Call identical 11 lines
10-17 16:39:02.241  2479  2548 D ScanRecord: Not a Multi Manu data
10-17 16:39:02.243  3447  3447 I SurfaceFlinger: id=2745 createSurf (720x1280),1 flag=404, org.mozilla.fenix/org.mozilla.fenix.App#0
10-17 16:39:02.244  3957 10037 V Surface : sf_framedrop debug : 0x4f4c, game : false, logging : 0
10-17 16:39:02.245  2479  2548 D ScanRecord: Not a Multi Manu data
10-17 16:39:02.245  2350 13715 E memtrack: Couldn't load memtrack module
10-17 16:39:02.245  2479  2548 D ScanRecord: Not a Multi Manu data
10-17 16:39:02.245  2350 13715 W android.os.Debug: failed to get memory consumption info: -1
10-17 16:39:02.245  2479  2548 D ScanRecord: Not a Multi Manu data
10-17 16:39:02.246  2479  2548 I chatty  : uid=1002(bluetooth) BT Service Call identical 9 lines
10-17 16:39:02.246  2479  2548 D ScanRecord: Not a Multi Manu data
10-17 16:39:02.246  3957  3973 D WindowManager: set systemUiVisibility : systemUiFlags= 0x2608 fullscreenStackSysUiFlags= 0x0
10-17 16:39:02.247  3957  3966 I zygote64: Background concurrent copying GC freed 381650(14MB) AllocSpace objects, 87(1740KB) LOS objects, 36% free, 41MB/65MB, paused 489us total 183.371ms
10-17 16:39:02.248  2479  2548 D ScanRecord: Not a Multi Manu data
10-17 16:39:02.249  2479  2548 I chatty  : uid=1002(bluetooth) BT Service Call identical 11 lines
10-17 16:39:02.249  2479  2548 D ScanRecord: Not a Multi Manu data
10-17 16:39:02.250  3957 10037 D InputDispatcher: Focus entered window: 13588
10-17 16:39:02.252 13588 13588 V Surface : sf_framedrop debug : 0x4f4c, game : false, logging : 0
10-17 16:39:02.252 13588 13588 D ViewRootImpl@4a80368[App]: Relayout returned: old=[0,0][0,0] new=[0,0][720,1280] result=0x7 surface={valid=true 499292467200} changed=true
10-17 16:39:02.253  3957 14957 D WindowManager: adjustSystemUiVisibilityLw : vis= 0x2608
10-17 16:39:02.256  2479  2548 D ScanRecord: Not a Multi Manu data
10-17 16:39:02.256  2479  2548 I chatty  : uid=1002(bluetooth) BT Service Call identical 11 lines
10-17 16:39:02.256  2479  2548 D ScanRecord: Not a Multi Manu data
10-17 16:39:02.258 13588 13721 I OpenGLRenderer: Initialized EGL, version 1.4
10-17 16:39:02.258 13588 13721 D OpenGLRenderer: Swap behavior 2
10-17 16:39:02.259  3447  3447 I SurfaceFlinger: id=2746 createSurf (720x1238),1 flag=4, SurfaceView - org.mozilla.fenix/org.mozilla.fenix.App@99bcad6@0#0
10-17 16:39:02.260  3447  3447 I SurfaceFlinger: id=2747 createSurf (720x1238),-1 flag=20004, Background for - SurfaceView - org.mozilla.fenix/org.mozilla.fenix.App@99bcad6@0#0
10-17 16:39:02.261 13588 13588 D SurfaceView: BG hide() Surface(name=Background for - SurfaceView - org.mozilla.fenix/org.mozilla.fenix.App@99bcad6@0) false true org.mozilla.gecko.MagnifiableSurfaceView{99bcad6 V.E...... ......ID 0,0-720,1238}
10-17 16:39:02.262 13588 13588 V Surface : sf_framedrop debug : 0x4f4c, game : false, logging : 0
10-17 16:39:02.262 13588 13588 D SurfaceView: surfaceCreated 1 org.mozilla.gecko.MagnifiableSurfaceView{99bcad6 V.E...... ......ID 0,0-720,1238}
10-17 16:39:02.262 13588 13588 D SurfaceView: surfaceChanged (720,1238) 1 org.mozilla.gecko.MagnifiableSurfaceView{99bcad6 V.E...... ......ID 0,0-720,1238}
10-17 16:39:02.264 13588 13721 D libGLESv1: STS_GLApi : DTS, ODTC are not allowed for Package : org.mozilla.fenix
10-17 16:39:02.266 13588 13721 D mali_winsys: EGLint new_window_surface(egl_winsys_display *, void *, EGLSurface, EGLConfig, egl_winsys_surface **, egl_color_buffer_format *, EGLBoolean) returns 0x3000,  [720x1280]-format:1
10-17 16:39:02.266 13588 13721 D OpenGLRenderer: eglCreateWindowSurface = 0x743d1e0f00
10-17 16:39:02.268  2479  2548 D ScanRecord: Not a Multi Manu data
10-17 16:39:02.281  2479  2548 I chatty  : uid=1002(bluetooth) BT Service Call identical 63 lines
10-17 16:39:02.281  2479  2548 D ScanRecord: Not a Multi Manu data
10-17 16:39:02.283 13588 13618 W ResourceType: Too many attribute references, stopped at: 0x01010099
10-17 16:39:02.287  2479  2548 D ScanRecord: Not a Multi Manu data
10-17 16:39:02.292  2479  2548 I chatty  : uid=1002(bluetooth) BT Service Call identical 50 lines
10-17 16:39:02.292  2479  2548 D ScanRecord: Not a Multi Manu data
10-17 16:39:02.315 13588 13614 I libglean_ffi: glean_core::ping: Collecting baseline
10-17 16:39:02.320  2479  2548 D ScanRecord: Not a Multi Manu data
10-17 16:39:02.320  2479  2548 I chatty  : uid=1002(bluetooth) BT Service Call identical 11 lines
10-17 16:39:02.320  2479  2548 D ScanRecord: Not a Multi Manu data
10-17 16:39:02.321  3957  4564 D ConnectivityService: filterNetworkStateForUid() uid: 10169 networkInfo: [type: WIFI[] - WIFI, state: CONNECTED/CONNECTED, reason: (unspecified), extra: "ourhome", failover: false, available: true, roaming: false, metered: false]
10-17 16:39:02.321  3957  4564 D WifiService: getConnectionInfo uid=1000
10-17 16:39:02.322  3957  4564 I chatty  : uid=1000(system) Binder:3957_6 identical 1 line
10-17 16:39:02.322  3957  4564 I chatty  : uid=1000(system) Binder:3957_6 identical 1 line
10-17 16:39:02.323  3957  4564 D ConnectivityService: filterNetworkStateForUid() uid: 10169 networkInfo: [type: WIFI[] - WIFI, state: CONNECTED/CONNECTED, reason: (unspecified), extra: "ourhome", failover: false, available: true, roaming: false, metered: false]
10-17 16:39:02.323  3957  4564 D WifiService: getConnectionInfo uid=1000
10-17 16:39:02.323  2848  2848 E adbd    : recv: OPEN 00000493 00000000 0076:73 68 65 6C 6C 2C 76 32 2C 54 45 52 4D 3D 78 74 65 72 6D 2D 32 35 36 63 6F 6C 6F 72 2C 72 61 77 3A 64 75 6D 70 73 79 73 20 61 63 74 69 76 69 74 79 20 72 65 63 65 6E 74 73 20 7C 20 67 72 65 70 20 22 52 65 63 65 6E 74 20 23 30 22 20 7C 20 63 75 74 20 2D 64 20 22 3D 22 20 2D 66 32 20 7C 20 67 72 65 70 20 2D 6F 20 2D 70 20 22 5B 61 2D 7A 7C 2E 5D 2A 22 00 
10-17 16:39:02.323  2848  2848 E adbd    : service_to_fd: shell,v2,TERM=xterm-256color,raw:dumpsys activity recents | grep "Recent #0" | cut -d "=" -f2 | grep -o -p "[a-z|.]*"
10-17 16:39:02.325  3957  4564 D StorageManagerService: getExternalStorageMountMode : 1
10-17 16:39:02.327  2479  2548 D ScanRecord: Not a Multi Manu data
10-17 16:39:02.328  3957  4564 D StorageManagerService: getExternalStorageMountMode : 3
10-17 16:39:02.328  2479  2548 I chatty  : uid=1002(bluetooth) BT Service Call identical 11 lines
10-17 16:39:02.328  2479  2548 D ScanRecord: Not a Multi Manu data
10-17 16:39:02.328  3957  4564 D StorageManagerService: getExternalStorageMountMode : final mountMode=1, uid : 10169, packageName : org.mozilla.fenix
10-17 16:39:02.328  3957  4564 I ApplicationPolicy: isApplicationExternalStorageWhitelisted:org.mozilla.fenix user:0
10-17 16:39:02.328  3957  4564 D ApplicationPolicy: isApplicationExternalStorageWhitelisted: DO is not enabled on user 0. Allowed.
10-17 16:39:02.328  3957  4564 D ActivityManager: package  org.mozilla.fenix, user - 0 is SDcard whitelisted
10-17 16:39:02.328  3957  4564 I ApplicationPolicy: isApplicationExternalStorageBlacklisted:org.mozilla.fenix user:0
10-17 16:39:02.328  3957  4564 D ApplicationPolicy: isApplicationExternalStorageBlacklisted: DO is not enabled on user 0. Allowed.
10-17 16:39:02.329 13588 13614 I libglean_ffi: glean_core::upload::directory: Processing ping at: /data/user/0/org.mozilla.fenix/glean_data/pending_pings/b7f4c144-7ad8-418e-b5b0-27a61b858637
10-17 16:39:02.330 13588 13614 I libglean_ffi: glean_core::metrics::ping: The ping 'baseline' was submitted and will be sent as soon as possible
10-17 16:39:02.332 13588 13740 I FirefoxAccountStateMachine: Processing event 'mozilla.components.service.fxa.manager.Event$Account$Start@bf96c36' for state Idle(accountState=NotAuthenticated). Next state is Active(progressState=Initializing)
10-17 16:39:02.332  3957 14957 V WindowManager: Relayout Window{22b403 u0 org.mozilla.fenix/org.mozilla.fenix.App}: viewVisibility=0 req=720x1280 WM.LayoutParams{(0,0)(fillxfill) sim=#110 ty=1 fl=#81010100 pfl=0x20000 fmt=-3 wanim=0x7f1404fa vsysui=0x2610 needsMenuKey=2 colorMode=0 naviIconColor=0}
10-17 16:39:02.337 13588 13588 D ViewRootImpl@4a80368[App]: Relayout returned: old=[0,0][720,1280] new=[0,0][720,1280] result=0x3 surface={valid=true 499292467200} changed=false
10-17 16:39:02.339  2479  2548 D ScanRecord: Not a Multi Manu data
10-17 16:39:02.340  2479  2548 I chatty  : uid=1002(bluetooth) BT Service Call identical 11 lines
10-17 16:39:02.340  2479  2548 D ScanRecord: Not a Multi Manu data
10-17 16:39:02.342  3328  3328 W keymaster2_mdfpp: entered get_key_characteristics function.
10-17 16:39:02.344 13745 13745 E Zygote  : isWhitelistProcess - Process is Whitelisted
10-17 16:39:02.344  3328  3328 W keymaster_tee: [WRN]KEY_PARAMS: AES ENC DEC GCM PADNO AUTH SIZE:256 
10-17 16:39:02.344  3328  3328 W keymaster_tee: [WRN]KEY_PARAMS: 20230928203226 
10-17 16:39:02.344  3328  3328 W keymaster2_mdfpp: exit get_key_characteristics function, returned 0
10-17 16:39:02.345 13745 13745 E libpersona: scanKnoxPersonas
10-17 16:39:02.345 13745 13745 E libpersona: Couldn't open the File - /data/system/users/0/personalist.xml - No such file or directory
10-17 16:39:02.347  3328  3328 W keymaster2_mdfpp: entered get_key_characteristics function.
10-17 16:39:02.348  3328  3328 W keymaster_tee: [WRN]KEY_PARAMS: AES ENC DEC GCM PADNO AUTH SIZE:256 
10-17 16:39:02.348  3328  3328 W keymaster_tee: [WRN]KEY_PARAMS: 20230928203226 
10-17 16:39:02.348  3328  3328 W keymaster2_mdfpp: exit get_key_characteristics function, returned 0
10-17 16:39:02.349  3957  4564 I ActivityManager: Start proc 13745:org.mozilla.fenix:gpu/u0a169 for service org.mozilla.fenix/org.mozilla.gecko.process.GeckoChildProcessServices$gpu
10-17 16:39:02.350 13745 13745 W SELinux : SELinux selinux_android_compute_policy_index : Policy Index[2],  Con:u:r:zygote:s0 RAM:SEPF_SM-J720F_8.0.0_0002, [-1 -1 -1 -1 0 1]
10-17 16:39:02.350 13745 13745 I SELinux : SELinux: seapp_context_lookup: seinfo=untrusted, level=s0:c512,c768, pkgname=org.mozilla.fenix:gpu 
10-17 16:39:02.357 13588 13618 W linker  : "/data/app/org.mozilla.fenix-iWpGOrf8cry6RDpwHyQugA==/lib/arm64/libsoftokn3.so" unused DT entry: type 0x8000024 arg 0x2580
10-17 16:39:02.357 13588 13618 W linker  : "/data/app/org.mozilla.fenix-iWpGOrf8cry6RDpwHyQugA==/lib/arm64/libsoftokn3.so" unused DT entry: type 0x8000023 arg 0x70
10-17 16:39:02.357 13588 13618 W linker  : "/data/app/org.mozilla.fenix-iWpGOrf8cry6RDpwHyQugA==/lib/arm64/libsoftokn3.so" unused DT entry: type 0x8000025 arg 0x8
10-17 16:39:02.359  2479  2548 D ScanRecord: Not a Multi Manu data
10-17 16:39:02.359  2479  2548 I chatty  : uid=1002(bluetooth) BT Service Call identical 11 lines
10-17 16:39:02.359  2479  2548 D ScanRecord: Not a Multi Manu data
10-17 16:39:02.361 13588 13618 W linker  : "/data/app/org.mozilla.fenix-iWpGOrf8cry6RDpwHyQugA==/lib/arm64/libfreebl3.so" unused DT entry: type 0x8000024 arg 0xe78
