10-17 16:42:43.518 14789 14989 W LifecycleCodeCallbacksHolder:  ]
10-17 16:42:43.518 14789 14991 W fb4a.AppInitScheduler|Run:   Finished PreloadFreshFeedRanker in 110ms
10-17 16:42:43.518 14789 14991 W fb4a.AppInitScheduler|Run: Running RecordStartupLightSharedPreferenceUsages
10-17 16:42:43.518 14789 15143 E fb4a.1jx: Error de-serializing experiments for features
10-17 16:42:43.518 14789 15143 E fb4a.1jx: org.json.JSONException: End of input at character 0 of 
10-17 16:42:43.518 14789 15143 E fb4a.1jx: 	at org.json.JSONTokener.syntaxError(JSONTokener.java:449)
10-17 16:42:43.518 14789 15143 E fb4a.1jx: 	at org.json.JSONTokener.nextValue(JSONTokener.java:97)
10-17 16:42:43.518 14789 15143 E fb4a.1jx: 	at org.json.JSONObject.<init>(JSONObject.java:159)
10-17 16:42:43.518 14789 15143 E fb4a.1jx: 	at org.json.JSONObject.<init>(JSONObject.java:176)
10-17 16:42:43.518 14789 15143 E fb4a.1jx: 	at X.1jx.A00(:8)
10-17 16:42:43.518 14789 15143 E fb4a.1jx: 	at X.1j5.B9e(:26)
10-17 16:42:43.518 14789 15143 E fb4a.1jx: 	at X.1cF.A01(:39)
10-17 16:42:43.518 14789 15143 E fb4a.1jx: 	at X.1cF.A0A(:82)
10-17 16:42:43.518 14789 15143 E fb4a.1jx: 	at X.1cF.A0H(:92)
10-17 16:42:43.518 14789 15143 E fb4a.1jx: 	at X.1cD.A02(:14)
10-17 16:42:43.518 14789 15143 E fb4a.1jx: 	at X.1c0.A03(:20)
10-17 16:42:43.518 14789 15143 E fb4a.1jx: 	at X.1UY.A02(:1319)
10-17 16:42:43.518 14789 15143 E fb4a.1jx: 	at X.1UY.DMM(:0)
10-17 16:42:43.518 14789 15143 E fb4a.1jx: 	at X.1Um.DMM(:12)
10-17 16:42:43.518 14789 15143 E fb4a.1jx: 	at X.1Um.run(:27)
10-17 16:42:43.518 14789 15143 E fb4a.1jx: 	at java.util.concurrent.Executors$RunnableAdapter.call(Executors.java:457)
10-17 16:42:43.518 14789 15143 E fb4a.1jx: 	at java.util.concurrent.FutureTask.run(FutureTask.java:266)
10-17 16:42:43.518 14789 15143 E fb4a.1jx: 	at X.1Eq.run(:47)
10-17 16:42:43.518 14789 15143 E fb4a.1jx: 	at java.util.concurrent.ThreadPoolExecutor.runWorker(ThreadPoolExecutor.java:1162)
10-17 16:42:43.518 14789 15143 E fb4a.1jx: 	at java.util.concurrent.ThreadPoolExecutor$Worker.run(ThreadPoolExecutor.java:636)
10-17 16:42:43.518 14789 15143 E fb4a.1jx: 	at X.1Ev.run(:3)
10-17 16:42:43.518 14789 15143 E fb4a.1jx: 	at X.1F1.run(:14)
10-17 16:42:43.518 14789 15143 E fb4a.1jx: 	at java.lang.Thread.run(Thread.java:764)
10-17 16:42:43.519 14789 14991 W fb4a.AppInitScheduler|Run:   Finished RecordStartupLightSharedPreferenceUsages in 1ms
10-17 16:42:43.519 14789 14991 W fb4a.AppInitScheduler|Run: Running SetupBlockingBackgroundComponentReporting
10-17 16:42:43.520 14789 14991 W fb4a.AppInitScheduler|Run:   Finished SetupBlockingBackgroundComponentReporting in 1ms
10-17 16:42:43.520 14789 14991 W fb4a.AppInitScheduler|Run: Running StartupQPLReplayer
10-17 16:42:43.529 14789 14990 W fb4a.AppInitScheduler|Run:   Finished PreloadVideo in 13ms
10-17 16:42:43.529 14789 14990 W fb4a.AppInitScheduler|Run: Running StringResourcesDelegateAnalytics
10-17 16:42:43.533 14789 14990 W fb4a.AppInitScheduler|Run:   Finished StringResourcesDelegateAnalytics in 4ms
10-17 16:42:43.533 14695 14695 I WebExtension: releasePendingMessages: extension=webcompat-reporter@mozilla.org nativeApp=mozacWebcompatReporter session=null
10-17 16:42:43.536 14789 14991 W fb4a.AppInitScheduler|Run:   Finished StartupQPLReplayer in 14ms
10-17 16:42:43.536 14789 14991 W fb4a.AppInitScheduler|Run: Running StartupQPLTransitToMatureStage
10-17 16:42:43.537 14789 14991 W fb4a.AppInitScheduler|Run:   Finished StartupQPLTransitToMatureStage in 1ms
10-17 16:42:43.539 14789 14981 E fb4a.1jx: Error de-serializing experiments for features
10-17 16:42:43.539 14789 14981 E fb4a.1jx: org.json.JSONException: End of input at character 0 of 
10-17 16:42:43.539 14789 14981 E fb4a.1jx: 	at org.json.JSONTokener.syntaxError(JSONTokener.java:449)
10-17 16:42:43.539 14789 14981 E fb4a.1jx: 	at org.json.JSONTokener.nextValue(JSONTokener.java:97)
10-17 16:42:43.539 14789 14981 E fb4a.1jx: 	at org.json.JSONObject.<init>(JSONObject.java:159)
10-17 16:42:43.539 14789 14981 E fb4a.1jx: 	at org.json.JSONObject.<init>(JSONObject.java:176)
10-17 16:42:43.539 14789 14981 E fb4a.1jx: 	at X.1jx.A00(:8)
10-17 16:42:43.539 14789 14981 E fb4a.1jx: 	at X.1j5.B9e(:26)
10-17 16:42:43.539 14789 14981 E fb4a.1jx: 	at X.1cF.A01(:39)
10-17 16:42:43.539 14789 14981 E fb4a.1jx: 	at X.1cF.A0A(:82)
10-17 16:42:43.539 14789 14981 E fb4a.1jx: 	at X.1cF.A0H(:92)
10-17 16:42:43.539 14789 14981 E fb4a.1jx: 	at X.1cD.A02(:14)
10-17 16:42:43.539 14789 14981 E fb4a.1jx: 	at X.1cD.A03(:0)
10-17 16:42:43.539 14789 14981 E fb4a.1jx: 	at X.1c4.A0T(:10)
10-17 16:42:43.539 14789 14981 E fb4a.1jx: 	at X.Jdu.A0E(:1128)
10-17 16:42:43.539 14789 14981 E fb4a.1jx: 	at X.Jdu.A00(:2456)
10-17 16:42:43.539 14789 14981 E fb4a.1jx: 	at X.1Ap.A00(:63)
10-17 16:42:43.539 14789 14981 E fb4a.1jx: 	at X.1Bj.A07(:31)
10-17 16:42:43.539 14789 14981 E fb4a.1jx: 	at X.1C7.get(:39)
10-17 16:42:43.539 14789 14981 E fb4a.1jx: 	at X.1u2.get(:2)
10-17 16:42:43.539 14789 14981 E fb4a.1jx: 	at X.1u7.A08(:18)
10-17 16:42:43.539 14789 14981 E fb4a.1jx: 	at X.1u7.A0G(:1)
10-17 16:42:43.539 14789 14981 E fb4a.1jx: 	at X.1C9.Bx8(:2352)
10-17 16:42:43.539 14789 14981 E fb4a.1jx: 	at X.11q.run(:104)
10-17 16:42:43.539 14789 14981 E fb4a.1jx: 	at java.util.concurrent.ThreadPoolExecutor.runWorker(ThreadPoolExecutor.java:1162)
10-17 16:42:43.539 14789 14981 E fb4a.1jx: 	at java.util.concurrent.ThreadPoolExecutor$Worker.run(ThreadPoolExecutor.java:636)
10-17 16:42:43.539 14789 14981 E fb4a.1jx: 	at X.0m8.run(:8)
10-17 16:42:43.539 14789 14981 E fb4a.1jx: 	at java.lang.Thread.run(Thread.java:764)
10-17 16:42:43.540 14695 14695 I DefaultSupportedAddonsChecker: Unregister check for new supported add-ons
10-17 16:42:43.541 14695 14695 I WebExtension: releasePendingMessages: extension=fxa@mozac.org nativeApp=mozacWebchannel session=org.mozilla.geckoview.GeckoSession@c58e1ed
10-17 16:42:43.541 14695 14695 I WebExtension: releasePendingMessages: extension=fxa@mozac.org nativeApp=mozacWebchannelBackground session=null
10-17 16:42:43.544 14789 14978 W fb4a.AppInitScheduler|Run:   Finished PreloadFeedDataLoader in 194ms
10-17 16:42:43.544 14789 14811 I zygote  : Do partial code cache collection, code=0B, data=31KB
10-17 16:42:43.548 14695 14695 I WebExtension: releasePendingMessages: extension=readerview@mozac.org nativeApp=mozacReaderview session=org.mozilla.geckoview.GeckoSession@c58e1ed
10-17 16:42:43.549 14695 14695 I WebExtension: releasePendingMessages: extension=readerview@mozac.org nativeApp=mozacReaderviewActive session=org.mozilla.geckoview.GeckoSession@c58e1ed
10-17 16:42:43.549 14695 14695 I WebExtension: releasePendingMessages: extension=readerview@mozac.org nativeApp=mozacReaderview session=org.mozilla.geckoview.GeckoSession@c58e1ed
10-17 16:42:43.553 14695 14695 I WebExtension: releasePendingMessages: extension=icons@mozac.org nativeApp=MozacBrowserIcons session=org.mozilla.geckoview.GeckoSession@c58e1ed
10-17 16:42:43.553 14695 14695 I WebExtension: releasePendingMessages: extension=ads@mozac.org nativeApp=MozacBrowserAdsMessage session=org.mozilla.geckoview.GeckoSession@c58e1ed
10-17 16:42:43.554 14789 14977 W fb4a.AppInitScheduler|Run:   Finished PreloadFeedFullCacheLoad in 149ms
10-17 16:42:43.554 14695 14695 I WebExtension: releasePendingMessages: extension=cookies@mozac.org nativeApp=MozacBrowserSearchMessage session=org.mozilla.geckoview.GeckoSession@c58e1ed
10-17 16:42:43.568 14789 14811 I zygote  : After code cache collection, code=0B, data=31KB
10-17 16:42:43.568 14789 14811 I zygote  : Increasing code cache capacity to 128KB
10-17 16:42:43.584 14789 14976 W fb4a.AppInitScheduler|Run:   Finished PreloadStoriesTrayFetchController in 108ms
10-17 16:42:43.589 14789 14981 W fb4a.AppInitScheduler|Run:   Finished PreloadInlineComposerProfileImage in 87ms
10-17 16:42:43.595 14651 14857 I BatteryMgr:DataCollectionService: stats => 1697553763594,-5,4308,203,0,100
10-17 16:42:43.612  3599  3918 D DnsProxyListener: DNSDBG::dns addrinfo af 0
10-17 16:42:43.638 14789 14979 W ComponentDiscovery: Class com.google.firebase.dynamicloading.DynamicLoadingRegistrar is not an found.
10-17 16:42:43.710 14651 14857 I BatteryMgr:DataCollectionService: stats => 1697553763710,-5,4308,203,0,100
10-17 16:42:43.716  3957  4128 D WifiService: getConnectionInfo uid=1000
10-17 16:42:43.734 14695 14695 W GeckoSession: No history entries found.
10-17 16:42:43.779 14789 14989 W fb4a.AppInitScheduler|Run:   Finished InitLacrimaLaterInit in 925ms
10-17 16:42:43.779 14789 14989 W fb4a.AppInitScheduler|Run: Running FixieProcessState
10-17 16:42:43.780 14789 14989 W fb4a.Fixie: Initialize ProcessStatePolling
10-17 16:42:43.819 14651 14857 I BatteryMgr:DataCollectionService: stats => 1697553763819,-5,4308,203,0,100
10-17 16:42:43.819 14789 14989 W fb4a.AppInitScheduler|Run:   Finished FixieProcessState in 40ms
10-17 16:42:43.848 14789 14898 W ResourceType: ResTable_typeSpec entry count inconsistent: given 88, previously 90
10-17 16:42:43.848 14789 14898 W ResourceType: ResTable_typeSpec entry count inconsistent: given 168, previously 172
10-17 16:42:43.852  3599  3918 D DnsProxyListener: DNSDBG::dns addrinfo af 0
10-17 16:42:43.854  3957  6478 D WifiService: getConnectionInfo uid=1000
10-17 16:42:43.856 14789 14898 W ResourceType: ResTable_typeSpec entry count inconsistent: given 3502, previously 3522
10-17 16:42:43.857  3599  3918 D DnsProxyListener: DNSDBG::dns addrinfo af 0
10-17 16:42:43.859 14789 14898 W ResourceType: ResTable_typeSpec entry count inconsistent: given 487, previously 4664
10-17 16:42:43.866 14789 14988 W fb4a.AppInitScheduler|Run:   Finished PreloadReactions in 432ms
10-17 16:42:43.887  3599  3918 D DnsProxyListener: DNSDBG::dns addrinfo af 0
10-17 16:42:43.900 14789 14980 D TelephonyManager: getCellLocation : Caller (PID / UID / TID): 14789 / 10103 / 14980
10-17 16:42:43.913  3599  3918 D DnsProxyListener: DNSDBG::dns addrinfo af 0
10-17 16:42:43.926 14789 14980 D TelephonyManager: getAllCellInfo : Caller (PID / UID / TID): 14789 / 10103 / 14980
10-17 16:42:43.929 14651 14857 I BatteryMgr:DataCollectionService: stats => 1697553763929,-5,4308,203,0,100
10-17 16:42:43.975 14789 14980 W fb4a.AppInitScheduler|Run:   Finished EagerInitTigonLiger in 1097ms
10-17 16:42:43.976 14789 14980 W fb4a.AppInitScheduler|Run: Running GraphServiceEagerInit
10-17 16:42:43.986 14789 14991 W fb4a.AppInitScheduler|Run: Running ZeroLibraryInitializer
10-17 16:42:43.990 14789 14991 W fb4a.AppInitScheduler|Run:   Finished ZeroLibraryInitializer in 4ms
10-17 16:42:44.035  3957  9632 I ActivityManager: Killing 14497:com.google.android.gms/u0a25 (adj 900): 75257k from cached
10-17 16:42:44.038  3957  9632 W ActivityManager: Application dead when creating service ServiceRecord{87cf282 u0 com.google.android.gms/.ads.identifier.service.AdvertisingIdService}
10-17 16:42:44.038 14651 14857 I BatteryMgr:DataCollectionService: stats => 1697553764038,-5,4308,203,0,100
10-17 16:42:44.039  3957  9632 W ActivityManager: Scheduling restart of crashed service com.google.android.gms/.chimera.GmsBoundBrokerService in 1000ms
10-17 16:42:44.039  3957  9632 W ActivityManager: Scheduling restart of crashed service com.google.android.gms/.ads.identifier.service.AdvertisingIdService in 11000ms
10-17 16:42:44.040 14789 15085 D TelephonyManager: getCellLocation : Caller (PID / UID / TID): 14789 / 10103 / 15085
10-17 16:42:44.044  3957  9632 W ActivityManager: Scheduling restart of crashed service com.google.android.gms/.ads.identifier.service.AdvertisingIdService in 44000ms
10-17 16:42:44.046  3957  9632 W ActivityManager: Exception when starting service com.google.android.gms/.ads.identifier.service.AdvertisingIdService
10-17 16:42:44.046  3957  9632 W ActivityManager: android.os.DeadObjectException
10-17 16:42:44.046  3957  9632 W ActivityManager: 	at android.os.BinderProxy.transactNative(Native Method)
10-17 16:42:44.046  3957  9632 W ActivityManager: 	at android.os.BinderProxy.transact(Binder.java:761)
10-17 16:42:44.046  3957  9632 W ActivityManager: 	at android.app.IApplicationThread$Stub$Proxy.scheduleCreateService(IApplicationThread.java:1381)
10-17 16:42:44.046  3957  9632 W ActivityManager: 	at com.android.server.am.ActiveServices.realStartServiceLocked(ActiveServices.java:2505)
10-17 16:42:44.046  3957  9632 W ActivityManager: 	at com.android.server.am.ActiveServices.bringUpServiceLocked(ActiveServices.java:2403)
10-17 16:42:44.046  3957  9632 W ActivityManager: 	at com.android.server.am.ActiveServices.bindServiceLocked(ActiveServices.java:1583)
10-17 16:42:44.046  3957  9632 W ActivityManager: 	at com.android.server.am.ActivityManagerService.bindService(ActivityManagerService.java:22703)
10-17 16:42:44.046  3957  9632 W ActivityManager: 	at android.app.IActivityManager$Stub.onTransact(IActivityManager.java:584)
10-17 16:42:44.046  3957  9632 W ActivityManager: 	at com.android.server.am.ActivityManagerService.onTransact(ActivityManagerService.java:3861)
10-17 16:42:44.046  3957  9632 W ActivityManager: 	at android.os.Binder.execTransact(Binder.java:682)
10-17 16:42:44.058 14789 15085 D TelephonyManager: getAllCellInfo : Caller (PID / UID / TID): 14789 / 10103 / 15085
10-17 16:42:44.079 14789 15085 D TelephonyManager: getCellLocation : Caller (PID / UID / TID): 14789 / 10103 / 15085
10-17 16:42:44.085 14789 15085 D TelephonyManager: getAllCellInfo : Caller (PID / UID / TID): 14789 / 10103 / 15085
10-17 16:42:44.146 14651 14857 I BatteryMgr:DataCollectionService: stats => 1697553764146,-5,4308,203,0,100
10-17 16:42:44.189 14789 14980 W fb4a.AppInitScheduler|Run:   Finished GraphServiceEagerInit in 213ms
10-17 16:42:44.189 14789 14980 W fb4a.AppInitScheduler|Run: All work finished.
10-17 16:42:44.249 14789 14816 I zygote  : Background concurrent copying GC freed 45568(4MB) AllocSpace objects, 45(968KB) LOS objects, 49% free, 7MB/14MB, paused 3.001ms total 305.366ms
10-17 16:42:44.265 14651 14857 I BatteryMgr:DataCollectionService: stats => 1697553764264,-5,4308,203,0,100
10-17 16:42:44.267 14789 14814 W JavaBinder: BinderProxy is being destroyed but the application did not call unlinkToDeath to unlink all of its death recipients beforehand.  Releasing leaked death recipient: X.07b
10-17 16:42:44.351 14789 14811 I zygote  : Do partial code cache collection, code=47KB, data=61KB
10-17 16:42:44.351 14789 14811 I zygote  : After code cache collection, code=47KB, data=61KB
10-17 16:42:44.351 14789 14811 I zygote  : Increasing code cache capacity to 256KB
10-17 16:42:44.374 14651 14857 I BatteryMgr:DataCollectionService: stats => 1697553764374,-5,4308,203,0,100
10-17 16:42:44.441  3957  4129 D WifiStateMachine:  ConnectedState !RSSI_PKTCNT_FETCH uid=1000 rt=505777654/1216151818 0 0 "ourhome" f4:6d:2f:12:cc:88 rssi=-53 f=5240 sc=60 link=433 tx=57.7, 0.0, 0.0  rx=63.0 bcn=45889 [on:0 tx:0 rx:0 period:1001] from screen [on:427206 period:1895622] score=60
10-17 16:42:44.443  3957  4129 D WifiStateMachine:  L2ConnectedState !RSSI_PKTCNT_FETCH uid=1000 rt=505777656/1216151820 0 0 "ourhome" f4:6d:2f:12:cc:88 rssi=-53 f=5240 sc=60 link=433 tx=57.7, 0.0, 0.0  rx=63.0 bcn=45889 [on:0 tx:0 rx:0 period:2] from screen [on:427206 period:1895624] score=60
10-17 16:42:44.444  3957  4129 D WifiStateMachine: fetchRssiLinkSpeedAndFrequencyNative rssi=-51 linkspeed=433 freq=5240
10-17 16:42:44.445  3957  4129 V WifiConfigManager: Updating scan detail cache freq=5240 BSSID=f4:6d:2f:12:cc:88 RSSI=-51 for "ourhome"WPA_PSK
10-17 16:42:44.487 14651 14857 I BatteryMgr:DataCollectionService: stats => 1697553764487,-5,4308,203,0,100
10-17 16:42:44.595 14651 14857 I BatteryMgr:DataCollectionService: stats => 1697553764595,-5,4308,203,0,100
10-17 16:42:44.704 14651 14857 I BatteryMgr:DataCollectionService: stats => 1697553764704,-5,4308,203,0,100
10-17 16:42:44.718  3957  4128 D WifiService: getConnectionInfo uid=1000
10-17 16:42:44.819 14651 14857 I BatteryMgr:DataCollectionService: stats => 1697553764819,-5,4308,203,0,100
10-17 16:42:44.895  3599  3918 D DnsProxyListener: DNSDBG::dns addrinfo af 0
10-17 16:42:44.897  3599  3918 D DnsProxyListener: DNSDBG::dns addrinfo af 2
10-17 16:42:44.928 14651 14857 I BatteryMgr:DataCollectionService: stats => 1697553764928,-5,4308,203,0,100
10-17 16:42:45.036 14651 14857 I BatteryMgr:DataCollectionService: stats => 1697553765036,-5,4308,203,0,100
10-17 16:42:45.041  3957  3972 D StorageManagerService: getExternalStorageMountMode : 3
10-17 16:42:45.041  3957  3972 D StorageManagerService: getExternalStorageMountMode : 3
10-17 16:42:45.042  3957  3972 D StorageManagerService: getExternalStorageMountMode : final mountMode=3, uid : 10025, packageName : com.google.android.gms
10-17 16:42:45.042  3957  3972 I ApplicationPolicy: isApplicationExternalStorageWhitelisted:com.google.android.gms user:0
10-17 16:42:45.042  3957  3972 D ApplicationPolicy: isApplicationExternalStorageWhitelisted: DO is not enabled on user 0. Allowed.
10-17 16:42:45.042  3957  3972 D ActivityManager: package  com.google.android.gms, user - 0 is SDcard whitelisted
10-17 16:42:45.042  3957  3972 I ApplicationPolicy: isApplicationExternalStorageBlacklisted:com.google.android.gms user:0
10-17 16:42:45.042  3957  3972 D ApplicationPolicy: isApplicationExternalStorageBlacklisted: DO is not enabled on user 0. Allowed.
10-17 16:42:45.058  3957  3972 I ActivityManager: Start proc 15204:com.google.android.gms/u0a25 for service com.google.android.gms/.chimera.GmsBoundBrokerService
10-17 16:42:45.058 15204 15204 E Zygote  : isWhitelistProcess - Process is Whitelisted
10-17 16:42:45.059 15204 15204 E libpersona: scanKnoxPersonas
10-17 16:42:45.059 15204 15204 E libpersona: Couldn't open the File - /data/system/users/0/personalist.xml - No such file or directory
10-17 16:42:45.062 15204 15204 W SELinux : SELinux selinux_android_compute_policy_index : Policy Index[2],  Con:u:r:zygote:s0 RAM:SEPF_SM-J720F_8.0.0_0002, [-1 -1 -1 -1 0 1]
10-17 16:42:45.063 15204 15204 I SELinux : SELinux: seapp_context_lookup: seinfo=gmscore, level=s0:c512,c768, pkgname=com.google.android.gms 
10-17 16:42:45.085 14789 15117 W fb4a.MultiSignalANRDetectorLacrima: Pausing error state checks
10-17 16:42:45.092 15204 15204 D TimaKeyStoreProvider: TimaKeyStore is not enabled: cannot add TimaSignature Service and generateKeyPair Service
10-17 16:42:45.092 15204 15204 D ActivityThread: Added TimaKeyStore provider
10-17 16:42:45.095  3957  8661 I ActivityManager: DSS on for com.google.android.gms and scale is 1.0
10-17 16:42:45.120 15204 15204 I zygote64: find the special shared library, skip check
10-17 16:42:45.122 15204 15204 I zygote64: find the special shared library, skip check
10-17 16:42:45.134 15204 15204 I zygote64: Failed to open app image /data/app/com.google.android.gms-AZfjFdj-utx9CTeTC8hgjw==/oat/arm64/base.art Oat checksum 0x54d3469c does not match the image one 0xfafd175c in image /data/app/com.google.android.gms-AZfjFdj-utx9CTeTC8hgjw==/oat/arm64/base.art
10-17 16:42:45.144 14651 14857 I BatteryMgr:DataCollectionService: stats => 1697553765144,-5,4308,203,0,100
10-17 16:42:45.152 15204 15204 W ResourceType: ResTable_typeSpec entry count inconsistent: given 88, previously 90
10-17 16:42:45.153 15204 15204 W ResourceType: ResTable_typeSpec entry count inconsistent: given 168, previously 172
10-17 16:42:45.153 15204 15204 W ResourceType: ResTable_typeSpec entry count inconsistent: given 3502, previously 3522
10-17 16:42:45.153 15204 15204 W ResourceType: ResTable_typeSpec entry count inconsistent: given 487, previously 4664
10-17 16:42:45.203  3957  4129 D WifiStateMachine:  ConnectedState !CMD_RSSI_POLL rt=505778416/1216152580 81 0 "ourhome" f4:6d:2f:12:cc:88 rssi=-51 f=5240 sc=60 link=433 tx=57.7, 0.0, 0.0  rx=63.0 bcn=45889 [on:0 tx:0 rx:0 period:760] from screen [on:427206 period:1896384] score=60
10-17 16:42:45.204  3957  4129 D WifiStateMachine:  L2ConnectedState !CMD_RSSI_POLL rt=505778417/1216152581 81 0 "ourhome" f4:6d:2f:12:cc:88 rssi=-51 f=5240 sc=60 link=433 tx=57.7, 0.0, 0.0  rx=63.0 bcn=45889 [on:0 tx:0 rx:0 period:1] from screen [on:427206 period:1896385] score=60
10-17 16:42:45.204  3957  4129 D WifiStateMachine:  get link layer stats 3
10-17 16:42:45.204  3436  3436 I android.hardware.wifi@1.0-service: getLinkLayerStats
10-17 16:42:45.207  3957  4129 D WifiStateMachine: fetchRssiLinkSpeedAndFrequencyNative rssi=-51 linkspeed=433 freq=5240
10-17 16:42:45.207  3957  4129 V WifiConfigManager: Updating scan detail cache freq=5240 BSSID=f4:6d:2f:12:cc:88 RSSI=-51 for "ourhome"WPA_PSK
10-17 16:42:45.210  4340  4340 E SignalClusterView: setSlotFocusVisible : subId -2
10-17 16:42:45.211  4340  4340 E SignalClusterView: setSlotFocusVisible : subId -2
10-17 16:42:45.253 14651 14857 I BatteryMgr:DataCollectionService: stats => 1697553765253,-5,4308,203,0,100
10-17 16:42:45.358 15204 15204 W ProviderHelper: Unknown dynamite feature providerinstaller.dynamite
10-17 16:42:45.360 15204 15204 I DynamiteModule: Considering local module com.google.android.gms.providerinstaller.dynamite:1 and remote module com.google.android.gms.providerinstaller.dynamite:0
10-17 16:42:45.360 15204 15204 I DynamiteModule: Selected local version of com.google.android.gms.providerinstaller.dynamite
10-17 16:42:45.361 14651 14857 I BatteryMgr:DataCollectionService: stats => 1697553765361,-5,4308,203,0,100
10-17 16:42:45.368 15204 15204 V NativeCrypto: Registering com/google/android/gms/org/conscrypt/NativeCrypto's 302 native methods...
10-17 16:42:45.412 15204 15204 D NetworkSecurityConfig: Using Network Security Config from resource network_security_config debugBuild: false
10-17 16:42:45.418 15204 15204 I ProviderInstaller: Installed default security provider GmsCore_OpenSSL
10-17 16:42:45.442  3957  4129 D WifiStateMachine:  ConnectedState !RSSI_PKTCNT_FETCH uid=1000 rt=505778655/1216152819 0 0 "ourhome" f4:6d:2f:12:cc:88 rssi=-51 f=5240 sc=60 link=433 tx=266.1, 8.2, 0.0  rx=336.4 bcn=45916 [on:0 tx:0 rx:0 period:233] from screen [on:430041 period:1896623] score=60
10-17 16:42:45.443  3957  4129 D WifiStateMachine:  L2ConnectedState !RSSI_PKTCNT_FETCH uid=1000 rt=505778656/1216152820 0 0 "ourhome" f4:6d:2f:12:cc:88 rssi=-51 f=5240 sc=60 link=433 tx=266.1, 8.2, 0.0  rx=336.4 bcn=45916 [on:0 tx:0 rx:0 period:1] from screen [on:430041 period:1896624] score=60
10-17 16:42:45.446  3957  4129 D WifiStateMachine: fetchRssiLinkSpeedAndFrequencyNative rssi=-50 linkspeed=433 freq=5240
10-17 16:42:45.446  3957  4129 V WifiConfigManager: Updating scan detail cache freq=5240 BSSID=f4:6d:2f:12:cc:88 RSSI=-50 for "ourhome"WPA_PSK
10-17 16:42:45.468 14651 14857 I BatteryMgr:DataCollectionService: stats => 1697553765468,-5,4308,203,0,100
10-17 16:42:45.473 15204 15231 I ProcStatsManager: Proc stats logger installed and started.
10-17 16:42:45.473 15204 15204 W crtl    : Primes not initialized, returning default (no-op) Primes instance which will ignore all calls. Please call Primes.initialize(...) before using any Primes API.
10-17 16:42:45.473 15204 15204 W crtl    : deyt: FULL
10-17 16:42:45.473 15204 15204 W crtl    : 	at a.I(:com.google.android.gms@233717019@23.37.17 (040400-570218080):9)
10-17 16:42:45.473 15204 15204 W crtl    : 	at crtl.a(:com.google.android.gms@233717019@23.37.17 (040400-570218080):32)
10-17 16:42:45.473 15204 15204 W crtl    : 	at com.google.android.gms.common.app.GmsApplication.onCreate(:com.google.android.gms@233717019@23.37.17 (040400-570218080):421)
10-17 16:42:45.473 15204 15204 W crtl    : 	at android.app.Instrumentation.callApplicationOnCreate(Instrumentation.java:1125)
10-17 16:42:45.473 15204 15204 W crtl    : 	at android.app.ActivityThread.handleBindApplication(ActivityThread.java:6058)
10-17 16:42:45.473 15204 15204 W crtl    : 	at android.app.ActivityThread.-wrap1(Unknown Source:0)
10-17 16:42:45.473 15204 15204 W crtl    : 	at android.app.ActivityThread$H.handleMessage(ActivityThread.java:1764)
10-17 16:42:45.473 15204 15204 W crtl    : 	at android.os.Handler.dispatchMessage(Handler.java:105)
10-17 16:42:45.473 15204 15204 W crtl    : 	at android.os.Looper.loop(Looper.java:164)
10-17 16:42:45.473 15204 15204 W crtl    : 	at android.app.ActivityThread.main(ActivityThread.java:6940)
10-17 16:42:45.473 15204 15204 W crtl    : 	at java.lang.reflect.Method.invoke(Native Method)
10-17 16:42:45.473 15204 15204 W crtl    : 	at com.android.internal.os.Zygote$MethodAndArgsCaller.run(Zygote.java:327)
10-17 16:42:45.473 15204 15204 W crtl    : 	at com.android.internal.os.ZygoteInit.main(ZygoteInit.java:1374)
10-17 16:42:45.480 15204 15231 I Watchcat: Started
10-17 16:42:45.495 15204 15231 I GMS_MM_Logger: (REDACTED) Start time: %s
10-17 16:42:45.495 15204 15231 I GMS_MM_Logger: Started.
10-17 16:42:45.567 15204 15215 I DynamiteModule: Considering local module com.google.android.gms.googlecertificates:7 and remote module com.google.android.gms.googlecertificates:7
10-17 16:42:45.567 15204 15215 I DynamiteModule: Selected local version of com.google.android.gms.googlecertificates
10-17 16:42:45.579 14651 14857 I BatteryMgr:DataCollectionService: stats => 1697553765579,-5,4308,203,0,100
10-17 16:42:45.588  3599  3918 D DnsProxyListener: DNSDBG::dns addrinfo af 0
10-17 16:42:45.629 15204 15204 D BoundBrokerSvc: onBind: Intent { act=com.google.android.mobstore.service.START pkg=com.google.android.gms }
10-17 16:42:45.629 15204 15204 D BoundBrokerSvc: Loading bound service for intent: Intent { act=com.google.android.mobstore.service.START pkg=com.google.android.gms }
10-17 16:42:45.646 14891 14958 E vulkan  : invalid vkGetInstanceProcAddr(VK_NULL_HANDLE, "vkEnumerateInstanceVersion") call
10-17 16:42:45.646 14891 14958 E vulkan  : invalid vkGetInstanceProcAddr(VK_NULL_HANDLE, "vkEnumerateInstanceVersion") call
10-17 16:42:45.661 14891 14958 D vulkan  : searching for layers in '/data/app/org.mozilla.fenix-iWpGOrf8cry6RDpwHyQugA==/lib/arm64'
10-17 16:42:45.663 14891 14958 D vulkan  : searching for layers in '/data/app/org.mozilla.fenix-iWpGOrf8cry6RDpwHyQugA==/base.apk!/lib/arm64-v8a'
10-17 16:42:45.672 14891 14958 D vulkan  : vulkan api version_1_0 1.0.0
10-17 16:42:45.673 14891 14958 D vulkan  : vulkan header version 46
10-17 16:42:45.687 14651 14857 I BatteryMgr:DataCollectionService: stats => 1697553765687,-5,4308,203,0,100
10-17 16:42:45.720  3957  4128 D WifiService: getConnectionInfo uid=1000
10-17 16:42:45.758  3599  3918 D DnsProxyListener: DNSDBG::dns addrinfo af 0
10-17 16:42:45.761  3957  8661 D StorageManagerService: getExternalStorageMountMode : 3
10-17 16:42:45.762  3957  8661 D StorageManagerService: getExternalStorageMountMode : 3
10-17 16:42:45.762  3957  8661 D StorageManagerService: getExternalStorageMountMode : final mountMode=3, uid : 10044, packageName : com.android.vending
10-17 16:42:45.763  3957  8661 I ApplicationPolicy: isApplicationExternalStorageWhitelisted:com.android.vending user:0
10-17 16:42:45.763  3957  8661 D ApplicationPolicy: isApplicationExternalStorageWhitelisted: DO is not enabled on user 0. Allowed.
10-17 16:42:45.763  3957  8661 D ActivityManager: package  com.android.vending, user - 0 is SDcard whitelisted
10-17 16:42:45.763  3957  8661 I ApplicationPolicy: isApplicationExternalStorageBlacklisted:com.android.vending user:0
10-17 16:42:45.763  3957  8661 D ApplicationPolicy: isApplicationExternalStorageBlacklisted: DO is not enabled on user 0. Allowed.
10-17 16:42:45.783 15250 15250 E Zygote  : isWhitelistProcess - Process is Whitelisted
10-17 16:42:45.784 15250 15250 E libpersona: scanKnoxPersonas
10-17 16:42:45.784 15250 15250 E libpersona: Couldn't open the File - /data/system/users/0/personalist.xml - No such file or directory
10-17 16:42:45.787 15250 15250 W SELinux : SELinux selinux_android_compute_policy_index : Policy Index[2],  Con:u:r:zygote:s0 RAM:SEPF_SM-J720F_8.0.0_0002, [-1 -1 -1 -1 0 1]
10-17 16:42:45.789 15250 15250 I SELinux : SELinux: seapp_context_lookup: seinfo=gmscore, level=s0:c512,c768, pkgname=com.android.vending 
10-17 16:42:45.797  3957  8661 I ActivityManager: Start proc 15250:com.android.vending/u0a44 for service com.android.vending/com.google.android.finsky.externalreferrer.GetInstallReferrerService
10-17 16:42:45.806 14651 14857 I BatteryMgr:DataCollectionService: stats => 1697553765806,-5,4308,203,0,100
10-17 16:42:45.828 15250 15250 D TimaKeyStoreProvider: TimaKeyStore is not enabled: cannot add TimaSignature Service and generateKeyPair Service
10-17 16:42:45.829 15250 15250 D ActivityThread: Added TimaKeyStore provider
10-17 16:42:45.833  3957 12585 I ActivityManager: DSS on for com.android.vending and scale is 1.0
10-17 16:42:45.876 15250 15250 I zygote64: no shared libraies, dex_files: 1
10-17 16:42:45.918 14651 14857 I BatteryMgr:DataCollectionService: stats => 1697553765918,-5,4308,203,0,100
10-17 16:42:45.993  3957  4030 D SensorService: [SO] 0.192 -0.249 9.969
10-17 16:42:46.028 14651 14857 I BatteryMgr:DataCollectionService: stats => 1697553766028,-5,4308,203,0,100
10-17 16:42:46.039 15250 15250 W ResourceType: ResTable_typeSpec entry count inconsistent: given 212, previously 242
10-17 16:42:46.054 14695 14695 I GeckoSession: handleMessage GeckoView:PageStop uri=null
10-17 16:42:46.057 14695 14737 I SessionStorage/AutoSave: Save: Load finished
10-17 16:42:46.135 14651 14857 I BatteryMgr:DataCollectionService: stats => 1697553766135,-5,4308,203,0,100
10-17 16:42:46.243 14651 14857 I BatteryMgr:DataCollectionService: stats => 1697553766243,-5,4308,203,0,100
10-17 16:42:46.256 15250 15250 I Finsky  : [2] khj.i(84): Process created at version: 37.9.18-21 [0] [PR] 571399392
10-17 16:42:46.350 14651 14857 I BatteryMgr:DataCollectionService: stats => 1697553766350,-5,4308,203,0,100
10-17 16:42:46.443  3957  4129 D WifiStateMachine:  ConnectedState !RSSI_PKTCNT_FETCH uid=1000 rt=505779656/1216153820 0 0 "ourhome" f4:6d:2f:12:cc:88 rssi=-50 f=5240 sc=60 link=433 tx=266.1, 8.2, 0.0  rx=336.4 bcn=45916 [on:0 tx:0 rx:0 period:1000] from screen [on:430041 period:1897624] score=60
10-17 16:42:46.444  3957  4129 D WifiStateMachine:  L2ConnectedState !RSSI_PKTCNT_FETCH uid=1000 rt=505779657/1216153821 0 0 "ourhome" f4:6d:2f:12:cc:88 rssi=-50 f=5240 sc=60 link=433 tx=266.1, 8.2, 0.0  rx=336.4 bcn=45916 [on:0 tx:0 rx:0 period:1] from screen [on:430041 period:1897625] score=60
10-17 16:42:46.445  3957  4129 D WifiStateMachine: fetchRssiLinkSpeedAndFrequencyNative rssi=-52 linkspeed=433 freq=5240
10-17 16:42:46.445  3957  4129 V WifiConfigManager: Updating scan detail cache freq=5240 BSSID=f4:6d:2f:12:cc:88 RSSI=-51 for "ourhome"WPA_PSK
10-17 16:42:46.459 14651 14857 I BatteryMgr:DataCollectionService: stats => 1697553766458,-5,4308,203,0,100
10-17 16:42:46.532  3559  3559 E audit   : type=1400 audit(1697553766.526:4312): avc:  denied  { read } for  pid=15270 comm="pool-36-thread-" name="version" dev="proc" ino=4026532182 scontext=u:r:untrusted_app:s0:c512,c768 tcontext=u:object_r:proc:s0 tclass=file permissive=0 SEPF_SM-J720F_8.0.0_0002 audit_filtered
10-17 16:42:46.533  3559  3559 E audit   : type=1300 audit(1697553766.526:4312): arch=c00000b7 syscall=48 success=no exit=-13 a0=ffffff9c a1=74e8e57760 a2=4 a3=0 items=0 ppid=3579 pid=15270 auid=4294967295 uid=10169 gid=10169 euid=10169 suid=10169 fsuid=10169 egid=10169 sgid=10169 fsgid=10169 tty=(none) ses=4294967295 comm="pool-36-thread-" exe="/system/bin/app_process64" subj=u:r:untrusted_app:s0:c512,c768 key=(null)
10-17 16:42:46.533  3559  3559 E audit   : type=1327 audit(1697553766.526:4312): proctitle="org.mozilla.fenix"
10-17 16:42:46.556 14695 14695 D ConnectivityManager: requestNetwork; CallingUid : 10169, CallingPid : 14695
10-17 16:42:46.557  3957 14957 D ConnectivityService: requestNetwork for uid/pid:10169/14695 NetworkRequest [ TRACK_DEFAULT id=1627, [ Capabilities: INTERNET&NOT_RESTRICTED&TRUSTED&NOT_VPN] ]
10-17 16:42:46.558  3957  4157 D ConnectivityService: rematching NetworkAgentInfo [WIFI () - 508]
10-17 16:42:46.558  3957  4157 D ConnectivityService:  network has: [ Transports: WIFI Capabilities: NOT_METERED&INTERNET&NOT_RESTRICTED&TRUSTED&NOT_VPN&VALIDATED&FOREGROUND LinkUpBandwidth>=1048576Kbps LinkDnBandwidth>=1048576Kbps SignalStrength: -51]
10-17 16:42:46.558  3957  4157 D ConnectivityService:   checking if request is satisfied: NetworkRequest [ TRACK_DEFAULT id=1627, [ Capabilities: INTERNET&NOT_RESTRICTED&TRUSTED&NOT_VPN] ]
10-17 16:42:46.558  3957  4157 D ConnectivityService: currentScore = 0, newScore = 100
10-17 16:42:46.558  3957  4157 D ConnectivityService: rematch for NetworkAgentInfo [WIFI () - 508]
10-17 16:42:46.558  3957  4157 D ConnectivityService:    accepting network in place of null
10-17 16:42:46.559  3957  4157 D ConnectivityService: sending new Min Network Score(100): NetworkRequest [ TRACK_DEFAULT id=1627, [ Capabilities: INTERNET&NOT_RESTRICTED&TRUSTED&NOT_VPN] ]
10-17 16:42:46.559  3957  4313 D Ethernet: got request NetworkRequest [ TRACK_DEFAULT id=1627, [ Capabilities: INTERNET&NOT_RESTRICTED&TRUSTED&NOT_VPN] ] with score 100
10-17 16:42:46.559  3957  4313 D Ethernet:   my score=-1, my filter=[ Transports: ETHERNET Capabilities: INTERNET&NOT_RESTRICTED&TRUSTED&NOT_VPN LinkUpBandwidth>=100000Kbps LinkDnBandwidth>=100000Kbps]
10-17 16:42:46.559  3957  4313 D Ethernet: evalRequest
10-17 16:42:46.559  3957  4313 D Ethernet:   done
10-17 16:42:46.560  3957  4157 D ConnectivityService: MultiNetwork Request(TransportType - Wi-Fi request). Internet Capability doesn't required (false)
10-17 16:42:46.560  3957  4157 D ConnectivityService: Network NetworkAgentInfo [WIFI () - 508] was already satisfying request 1. No change.
10-17 16:42:46.560  3957  4157 D ConnectivityService: Network NetworkAgentInfo [WIFI () - 508] was already satisfying request 3. No change.
10-17 16:42:46.560  3957  4157 D ConnectivityService: Network NetworkAgentInfo [WIFI () - 508] was already satisfying request 1624. No change.
10-17 16:42:46.560  3957  4157 D ConnectivityService: sending notification AVAILABLE for NetworkRequest [ TRACK_DEFAULT id=1627, [ Capabilities: INTERNET&NOT_RESTRICTED&TRUSTED&NOT_VPN] ]
10-17 16:42:46.560  3957  4157 D ConnectivityService: sending notification CAP_CHANGED for NetworkRequest [ TRACK_DEFAULT id=1627, [ Capabilities: INTERNET&NOT_RESTRICTED&TRUSTED&NOT_VPN] ]
10-17 16:42:46.561  3957  4157 D ConnectivityService: sending notification IP_CHANGED for NetworkRequest [ TRACK_DEFAULT id=1627, [ Capabilities: INTERNET&NOT_RESTRICTED&TRUSTED&NOT_VPN] ]
10-17 16:42:46.561  3957  4153 D WIFI_P2P: got request NetworkRequest [ TRACK_DEFAULT id=1627, [ Capabilities: INTERNET&NOT_RESTRICTED&TRUSTED&NOT_VPN] ] with score 100
10-17 16:42:46.561  3957  4153 D WIFI_P2P:   my score=60, my filter=[ Transports: WIFI Capabilities: WIFI_P2P&NOT_RESTRICTED&TRUSTED&NOT_VPN LinkUpBandwidth>=1048576Kbps LinkDnBandwidth>=1048576Kbps]
10-17 16:42:46.561  3957  4153 D WIFI_P2P: evalRequest
10-17 16:42:46.561  3957  4153 D WIFI_P2P:   done
10-17 16:42:46.561  3957  4129 D WIFI    : got request NetworkRequest [ TRACK_DEFAULT id=1627, [ Capabilities: INTERNET&NOT_RESTRICTED&TRUSTED&NOT_VPN] ] with score 100
10-17 16:42:46.561  3957  4129 D WIFI    :   my score=60, my filter=[ Transports: WIFI Capabilities: NOT_METERED&INTERNET&NOT_RESTRICTED&TRUSTED&NOT_VPN LinkUpBandwidth>=1048576Kbps LinkDnBandwidth>=1048576Kbps]
10-17 16:42:46.561  3957  4129 D WIFI    : evalRequest
10-17 16:42:46.561  3957  4129 D WIFI    :   done
10-17 16:42:46.561  3957  4129 D WIFI_UT : got request NetworkRequest [ TRACK_DEFAULT id=1627, [ Capabilities: INTERNET&NOT_RESTRICTED&TRUSTED&NOT_VPN] ] with score 100
10-17 16:42:46.562  3957  4129 D WIFI_UT :   my score=2147483647, my filter=[ Transports: WIFI Capabilities: NOT_METERED&INTERNET&NOT_RESTRICTED&TRUSTED&NOT_VPN LinkUpBandwidth>=1048576Kbps LinkDnBandwidth>=1048576Kbps]
10-17 16:42:46.562  3957  4129 D WIFI_UT : evalRequest
10-17 16:42:46.562  3957  4129 D WIFI_UT :   needNetworkFor
10-17 16:42:46.563  4616  4616 D PhoneSwitcherNetworkRequstListener: got request NetworkRequest [ TRACK_DEFAULT id=1627, [ Capabilities: INTERNET&NOT_RESTRICTED&TRUSTED&NOT_VPN] ] with score 100
10-17 16:42:46.563  4616  4616 D PhoneSwitcherNetworkRequstListener:   my score=101, my filter=[ Transports: CELLULAR Capabilities: MMS&SUPL&DUN&FOTA&IMS&CBS&IA&RCS&XCAP&EIMS&INTERNET&NOT_RESTRICTED&TRUSTED&NOT_VPN&ENT1 Specifier: <android.net.MatchAllNetworkSpecifier@0>]
10-17 16:42:46.563  4616  4616 D PhoneSwitcherNetworkRequstListener: evalRequest
10-17 16:42:46.563  4616  4616 D PhoneSwitcherNetworkRequstListener:   needNetworkFor
10-17 16:42:46.567 14651 14857 I BatteryMgr:DataCollectionService: stats => 1697553766567,-5,4308,203,0,100
10-17 16:42:46.570  3957 12585 D ConnectivityService: filterNetworkStateForUid() uid: 10169 networkInfo: [type: WIFI[] - WIFI, state: CONNECTED/CONNECTED, reason: (unspecified), extra: "ourhome", failover: false, available: true, roaming: false, metered: false]
10-17 16:42:46.570  3957 12585 D WifiService: getConnectionInfo uid=1000
10-17 16:42:46.573 14695 15276 D NetworkSecurityConfig: No Network Security Config specified, using platform default
10-17 16:42:46.578 14695 14695 I glean/Glean: Registering pings for org.mozilla.fenix.GleanMetrics.Pings
10-17 16:42:46.586 14695 14737 I FenixApplication: Running post-visual completeness tasks...
10-17 16:42:46.586 14695 15276 I System.out: (HTTPLog)-Static: isSBSettingEnabled false
10-17 16:42:46.586 14695 14737 I FenixApplication: Storage initialization...
10-17 16:42:46.586 14695 14737 I PlacesHistoryStorage: Warming up places storage...
10-17 16:42:46.586 14695 14737 I PlacesHistoryStorage: 'Warming up places storage' took 0 ms
10-17 16:42:46.586 14695 15276 I System.out: (HTTPLog)-Static: isSBSettingEnabled false
10-17 16:42:46.586 14695 14737 I PlacesBookmarksStorage: Warming up places storage...
10-17 16:42:46.586 14695 14737 I PlacesBookmarksStorage: 'Warming up places storage' took 0 ms
10-17 16:42:46.587 14695 14737 I SyncableLoginsStorage: Warming up storage...
10-17 16:42:46.587 14695 14737 I SyncableLoginsStorage: 'Warming up storage' took 0 ms
10-17 16:42:46.588 14695 14737 I AutofillCCAddressesStorage: Warming up storage...
10-17 16:42:46.588  3599  3918 D DnsProxyListener: DNSDBG::dns addrinfo af 0
10-17 16:42:46.588 14695 14737 I AutofillCCAddressesStorage: 'Warming up storage' took 0 ms
10-17 16:42:46.601 14695 14695 I ColdStartupDuration: COLD MAIN Application.<init> to first frame: 1432 ms
10-17 16:42:46.609  3957 12585 D WifiService: getConnectionInfo uid=1000
10-17 16:42:46.611 14695 14695 I FenixApplication: Kicking-off account manager...
10-17 16:42:46.611 14695 14695 I FenixApplication: 'Kicking-off account manager' took 0 ms
10-17 16:42:46.676 14651 14857 I BatteryMgr:DataCollectionService: stats => 1697553766676,-5,4308,203,0,100
10-17 16:42:46.686 15250 15285 I Finsky  : [16479] aiff.bk(289): Finished reading experiment flags from file [0tGUNCGIkbk4o6-fQ335kUYSKwVj4lusnHT-A5Dsy08] numFlags=1260.
10-17 16:42:46.700 15250 15285 I Finsky  : [16479] aiff.bk(289): Finished reading experiment flags from file [Se-xCc4LzNyh3UrKMIU2sUf-PUKz4oQEbpKZDMuaFno] numFlags=1775.
10-17 16:42:46.714 14789 14816 I zygote  : WaitForGcToComplete blocked for 23.497ms for cause HeapTrim
10-17 16:42:46.718  3957 12585 D WifiService: getConnectionInfo uid=1000
10-17 16:42:46.719 14695 15276 I System.out: (HTTPLog)-Static: isSBSettingEnabled false
10-17 16:42:46.719 14695 15276 I System.out: (HTTPLog)-Static: isSBSettingEnabled false
10-17 16:42:46.721  3957  4128 D WifiService: getConnectionInfo uid=1000
10-17 16:42:46.728 15250 15288 E Finsky  : Getting early startup flag value without initialization: PhoneskyPhenotype__enable_flag_update_entry_point
10-17 16:42:46.743 15250 15261 I zygote64: Background concurrent copying GC freed 5268(1064KB) AllocSpace objects, 2(40KB) LOS objects, 49% free, 1585KB/3MB, paused 7.498ms total 77.873ms
10-17 16:42:46.768 14695 14706 I zygote64: Background concurrent copying GC freed 62045(2MB) AllocSpace objects, 19(488KB) LOS objects, 49% free, 5MB/11MB, paused 3.721ms total 224.691ms
10-17 16:42:46.783 14695 14737 I FenixApplication: 'Storage initialization' took 197 ms
10-17 16:42:46.785 14651 14857 I BatteryMgr:DataCollectionService: stats => 1697553766785,-5,4308,203,0,100
10-17 16:42:46.791  3957 12585 I chatty  : uid=1000(system) Binder:3957_1B identical 3 lines
10-17 16:42:46.791  3957 12585 D WifiService: getConnectionInfo uid=1000
10-17 16:42:46.793 14695 15276 I System.out: (HTTPLog)-Static: isSBSettingEnabled false
10-17 16:42:46.794 14695 15276 I System.out: (HTTPLog)-Static: isSBSettingEnabled false
10-17 16:42:46.855  3957 12585 D ConnectivityService: filterNetworkStateForUid() uid: 10169 networkInfo: [type: WIFI[] - WIFI, state: CONNECTED/CONNECTED, reason: (unspecified), extra: "ourhome", failover: false, available: true, roaming: false, metered: false]
10-17 16:42:46.855  3957 12585 D WifiService: getConnectionInfo uid=1000
10-17 16:42:46.859 14695 15276 I System.out: (HTTPLog)-Static: isSBSettingEnabled false
10-17 16:42:46.859 14695 15276 I System.out: (HTTPLog)-Static: isSBSettingEnabled false
10-17 16:42:46.894 14651 14857 I BatteryMgr:DataCollectionService: stats => 1697553766894,-5,4308,203,0,100
10-17 16:42:46.900 15250 15288 I Finsky  : [16480] aiff.bk(289): Finished reading experiment flags from file [cDXKMAm20gnql81lkHY0kpZ363Z9OGuPpqWoMw-jNkY] numFlags=1786.
10-17 16:42:46.932 15250 15284 I Finsky  : [16478] kez.Q(10): pcsi: PROCESS_START
10-17 16:42:46.933  3957 12585 D PackageManager: setEnabledSetting : userId = 0 packageName = com.android.vending cmp = com.google.android.finsky.prewarmservice.PrewarmService newState = 1 callingPackage = 10044/com.android.vending
10-17 16:42:46.950 15250 15285 I Finsky  : [16479] wib.<init>(76): wid - Registering in memory receiver for android.intent.action.PACKAGE_ADDED and android.intent.action.PACKAGE_REMOVED
10-17 16:42:46.969 15250 15250 I Finsky  : [2] kez.ap(748): Profiling: Starting up (1)
10-17 16:42:47.004 14651 14857 I BatteryMgr:DataCollectionService: stats => 1697553767004,-5,4308,203,0,100
10-17 16:42:47.031  4961  4961 D io_stats: !@ 179,0 r 7792166 251132688 w 1659348 34471748 d 133364 33979016 f 386669 407856 iot 3449096 3016355 th 51200 0 0 pt 0 inp 0 0 505780.245
10-17 16:42:47.047 15250 15250 I Finsky  : [2] khj.i(514): AsyncInit: Mandatory tasks are executed!
10-17 16:42:47.063 15250 15283 I Finsky  : [16477] mgk.g(45): Subscription detail: N/A
10-17 16:42:47.071  2479  2548 D ScanRecord: Not a Multi Manu data
10-17 16:42:47.071  3957 12585 D PackageManager: setEnabledSetting : userId = 0 packageName = com.android.vending cmp = com.android.vending.AssetBrowserActivity newState = 1 callingPackage = 10044/com.android.vending
10-17 16:42:47.086  2479  2548 I chatty  : uid=1002(bluetooth) BT Service Call expire 24 lines
10-17 16:42:47.086  2479  2548 D ScanRecord: Not a Multi Manu data
10-17 16:42:47.088  3599  3918 D DnsProxyListener: DNSDBG::dns addrinfo af 0
10-17 16:42:47.088  3957 12585 D PackageManager: setEnabledSetting : userId = 0 packageName = com.android.vending cmp = com.google.android.finsky.activities.DebugActivity newState = 2 callingPackage = 10044/com.android.vending
10-17 16:42:47.097  2479  2548 D ScanRecord: Not a Multi Manu data
10-17 16:42:47.097  2479  2548 I chatty  : uid=1002(bluetooth) BT Service Call identical 11 lines
10-17 16:42:47.097  2479  2548 D ScanRecord: Not a Multi Manu data
10-17 16:42:47.100  3599  3918 D DnsProxyListener: DNSDBG::dns addrinfo af 0
10-17 16:42:47.102  2479  2548 D ScanRecord: Not a Multi Manu data
10-17 16:42:47.102  2479  2548 I chatty  : uid=1002(bluetooth) BT Service Call identical 11 lines
10-17 16:42:47.102  2479  2548 D ScanRecord: Not a Multi Manu data
10-17 16:42:47.107 15250 15284 I Finsky  : [16478] ancv.g(20): SysUA: Disable SystemUpdateActivity, because Android is lower than Q
10-17 16:42:47.109  3957  8661 D PackageManager: setEnabledSetting : userId = 0 packageName = com.android.vending cmp = com.google.android.finsky.systemupdateactivity.SystemUpdateActivity newState = 2 callingPackage = 10044/com.android.vending
10-17 16:42:47.111  3599  3918 D DnsProxyListener: DNSDBG::dns addrinfo af 0
10-17 16:42:47.111  3957 14957 D PackageManager: setEnabledSetting : userId = 0 packageName = com.android.vending cmp = com.google.android.finsky.systemupdateactivity.SettingsSecurityEntryPoint newState = 2 callingPackage = 10044/com.android.vending
10-17 16:42:47.113 14651 14857 I BatteryMgr:DataCollectionService: stats => 1697553767113,-5,4308,203,0,100
10-17 16:42:47.117 15250 15303 I Finsky  : [16491] mdr.run(145): SysUA: Set SystemUpdateActivity enabled state to 2
10-17 16:42:47.118  3957 14957 D ConnectivityService: filterNetworkStateForUid() uid: 10044 networkInfo: [type: WIFI[] - WIFI, state: CONNECTED/CONNECTED, reason: (unspecified), extra: "ourhome", failover: false, available: true, roaming: false, metered: false]
10-17 16:42:47.118  3957 14957 D WifiService: getConnectionInfo uid=1000
10-17 16:42:47.118  3957  8661 D PackageManager: setEnabledSetting : userId = 0 packageName = com.android.vending cmp = com.google.android.finsky.systemcomponentupdateui.common.SystemComponentUpdateActivity newState = 1 callingPackage = 10044/com.android.vending
10-17 16:42:47.124  3599  3918 D DnsProxyListener: DNSDBG::dns addrinfo af 0
10-17 16:42:47.125 15250 15280 W linker  : "/data/app/com.android.vending-hPcCrQG-AfN-9-S7PUJzHA==/split_config.arm64_v8a.apk!/lib/arm64-v8a/libcronet.114.0.5735.84.so" unused DT entry: type 0x70000001 arg 0x0
10-17 16:42:47.127 15250 15261 I zygote64: Background concurrent copying GC freed 21443(1469KB) AllocSpace objects, 4(80KB) LOS objects, 49% free, 3MB/6MB, paused 3.583ms total 132.039ms
10-17 16:42:47.127  3957 14957 D PackageManager: setEnabledSetting : userId = 0 packageName = com.android.vending cmp = com.google.android.finsky.hibernation.impl.UnhibernateActivity newState = 1 callingPackage = 10044/com.android.vending
10-17 16:42:47.127 15250 15316 I Finsky  : [16501] qxm.run(367): SysCUA: Set {com.android.vending/com.google.android.finsky.systemcomponentupdateui.common.SystemComponentUpdateActivity} enabled state to 1
10-17 16:42:47.131 15250 15309 I Finsky  : [16496] pk.run(78): Set UnhibernateActivity enabled state to 1
10-17 16:42:47.135 15250 15313 D ConnectivityManager: requestNetwork; CallingUid : 10044, CallingPid : 15250
10-17 16:42:47.139  3957 14957 D ConnectivityService: listenForNetwork for uid/pid:10044/15250 NetworkRequest [ LISTEN id=1628, [ Capabilities: INTERNET&NOT_RESTRICTED&TRUSTED] ]
10-17 16:42:47.140  3957 14957 D ConnectivityService: filterNetworkStateForUid() uid: 10044 networkInfo: [type: WIFI[] - WIFI, state: CONNECTED/CONNECTED, reason: (unspecified), extra: "ourhome", failover: false, available: true, roaming: false, metered: false]
10-17 16:42:47.140  2479  2548 D ScanRecord: Not a Multi Manu data
10-17 16:42:47.140  3957 14957 D WifiService: getConnectionInfo uid=1000
10-17 16:42:47.140  2479  2548 D ScanRecord: Not a Multi Manu data
10-17 16:42:47.141  3957  4157 D ConnectivityService: rematching NetworkAgentInfo [WIFI () - 508]
10-17 16:42:47.142  3957  4157 D ConnectivityService:  network has: [ Transports: WIFI Capabilities: NOT_METERED&INTERNET&NOT_RESTRICTED&TRUSTED&NOT_VPN&VALIDATED&FOREGROUND LinkUpBandwidth>=1048576Kbps LinkDnBandwidth>=1048576Kbps SignalStrength: -51]
10-17 16:42:47.142  3957  4157 D ConnectivityService: Network NetworkAgentInfo [WIFI () - 508] was already satisfying request 1627. No change.
10-17 16:42:47.142  3957  4157 D ConnectivityService: Network NetworkAgentInfo [WIFI () - 508] was already satisfying request 1. No change.
10-17 16:42:47.142  3957  4157 D ConnectivityService: Network NetworkAgentInfo [WIFI () - 508] was already satisfying request 3. No change.
10-17 16:42:47.142  3957  4157 D ConnectivityService: Network NetworkAgentInfo [WIFI () - 508] was already satisfying request 1624. No change.
10-17 16:42:47.142  3957  4157 D ConnectivityService: sending notification AVAILABLE for NetworkRequest [ LISTEN id=1628, [ Capabilities: INTERNET&NOT_RESTRICTED&TRUSTED] ]
10-17 16:42:47.142  3957  4157 D ConnectivityService: sending notification CAP_CHANGED for NetworkRequest [ LISTEN id=1628, [ Capabilities: INTERNET&NOT_RESTRICTED&TRUSTED] ]
10-17 16:42:47.143  3957  4157 D ConnectivityService: sending notification IP_CHANGED for NetworkRequest [ LISTEN id=1628, [ Capabilities: INTERNET&NOT_RESTRICTED&TRUSTED] ]
10-17 16:42:47.144  2479  2548 I chatty  : uid=1002(bluetooth) BT Service Call identical 23 lines
10-17 16:42:47.144  2479  2548 D ScanRecord: Not a Multi Manu data
10-17 16:42:47.145 14795 14834 W linker  : "/data/app/org.mozilla.fenix-iWpGOrf8cry6RDpwHyQugA==/lib/arm64/libmozavutil.so" unused DT entry: type 0x8000024 arg 0x5340
10-17 16:42:47.145 14795 14834 W linker  : "/data/app/org.mozilla.fenix-iWpGOrf8cry6RDpwHyQugA==/lib/arm64/libmozavutil.so" unused DT entry: type 0x8000023 arg 0x220
10-17 16:42:47.145 14795 14834 W linker  : "/data/app/org.mozilla.fenix-iWpGOrf8cry6RDpwHyQugA==/lib/arm64/libmozavutil.so" unused DT entry: type 0x8000025 arg 0x8
10-17 16:42:47.146  3957 14957 D ConnectivityService: filterNetworkStateForUid() uid: 10044 networkInfo: [type: WIFI[] - WIFI, state: CONNECTED/CONNECTED, reason: (unspecified), extra: "ourhome", failover: false, available: true, roaming: false, metered: false]
10-17 16:42:47.147  3957 14957 D WifiService: getConnectionInfo uid=1000
10-17 16:42:47.149  2479  2548 D ScanRecord: Not a Multi Manu data
10-17 16:42:47.149  2479  2548 I chatty  : uid=1002(bluetooth) BT Service Call identical 11 lines
10-17 16:42:47.149  2479  2548 D ScanRecord: Not a Multi Manu data
10-17 16:42:47.155 14795 14834 W linker  : "/data/app/org.mozilla.fenix-iWpGOrf8cry6RDpwHyQugA==/lib/arm64/libmozavcodec.so" unused DT entry: type 0x8000024 arg 0x3330
10-17 16:42:47.155 14795 14834 W linker  : "/data/app/org.mozilla.fenix-iWpGOrf8cry6RDpwHyQugA==/lib/arm64/libmozavcodec.so" unused DT entry: type 0x8000023 arg 0x358
