10-17 16:46:19.038  3957  4025 D InputEventReceiver: channel '73fa0e8 Splash Screen org.mozilla.fenix (client)' ~NativeInputEventReceiver.
10-17 16:46:19.042  3957  3973 D WindowManager: set systemUiVisibility : systemUiFlags= 0x2618 fullscreenStackSysUiFlags= 0x0
10-17 16:46:19.042 16157 16157 I FenixApplication: onTrimMemory(), level=5, main=false
10-17 16:46:19.043 16157 16157 I ServiceChildProcess: onCreate
10-17 16:46:19.045  3957 14960 D WindowManager: adjustSystemUiVisibilityLw : vis= 0x2618
10-17 16:46:19.045  3957  3981 I ActivityManager: Displayed org.mozilla.fenix/.App: +1s50ms
10-17 16:46:19.046 16157 16199 I GeckoThread: preparing to run Gecko
10-17 16:46:19.047  3957  3981 D CustomFrequencyManagerService: acquireDVFSLockLocked : type : DVFS_MIN_LIMIT  frequency : 1560000  uid : 1000  pid : 3957  pkgName : AMS_RESUME_TAIL@CPU_MIN@58
10-17 16:46:19.047  3957  3981 D ActivityManagerPerformance: AMP_acquire() TAIL
10-17 16:46:19.048  3957  3981 D CustomFrequencyManagerService: releaseDVFSLockLocked : Getting Lock type frm List : DVFS_MIN_LIMIT  frequency : 1560000  uid : 1000  pid : 3957  tag : AMS_APP_SWITCH@CPU_MIN@52
10-17 16:46:19.048  3957  3973 D WindowManager: set systemUiVisibility : systemUiFlags= 0x2618 fullscreenStackSysUiFlags= 0x2000
10-17 16:46:19.049  3957  3981 D ActivityManagerPerformance: AMP_release() APP_SWITCH
10-17 16:46:19.056 16007 16007 V InputMethodManager: Starting input: tba=android.view.inputmethod.EditorInfo@ad34ee6 nm : org.mozilla.fenix ic=null
10-17 16:46:19.056 16007 16007 I InputMethodManager: startInputInner - mService.startInputOrWindowGainedFocus
10-17 16:46:19.056  3957  8322 D InputMethodManagerService: startInputOrWindowGainedFocus : windowGainedFocus 
10-17 16:46:19.056  3957  8322 D InputMethodManagerService: windowGainedFocus: destinationUserId (getCallingUid) = 0
10-17 16:46:19.057  3957  8322 D InputMethodManagerService: windowGainedFocus: currentUserId=0
10-17 16:46:19.057  3957  8322 D InputMethodManagerService: windowGainedFocus: mCurrentFocusedUserId=0
10-17 16:46:19.057  3957  8322 D InputMethodManagerService: windowGainedFocus : lock - currentUserId = 0 destinationUserId = 0
10-17 16:46:19.057  3957  8322 D InputMethodManagerService: windowGainedFocus : mCurrentFocusedUserId - 0 and mSecureKeypadEnabled - false, userSwitched - false
10-17 16:46:19.058  3957  8322 V InputMethodManagerService: windowGainedFocus : reason=WINDOW_FOCUS_GAIN client=android.os.BinderProxy@57db348 inputContext=null missingMethods= attribute=android.view.inputmethod.EditorInfo@2230a24 nm = org.mozilla.fenix controlFlags=#104 softInputMode=#110 windowFlags=#81010100
10-17 16:46:19.058  3957  8322 V InputMethodManagerService: hideCurrentInputLocked : shouldHideSoftInput is false
10-17 16:46:19.059  3957  8322 D InputMethodManagerService: isImeSwitcherDisabledPackage : false
10-17 16:46:19.059  3957  8322 V InputMethodManagerService: Creating new session for client ClientState{1da798d uid 10169 pid 16007}
10-17 16:46:19.064  2848  2848 E adbd    : recv: OPEN 0000058b 00000000 0076:73 68 65 6C 6C 2C 76 32 2C 54 45 52 4D 3D 78 74 65 72 6D 2D 32 35 36 63 6F 6C 6F 72 2C 72 61 77 3A 64 75 6D 70 73 79 73 20 61 63 74 69 76 69 74 79 20 72 65 63 65 6E 74 73 20 7C 20 67 72 65 70 20 22 52 65 63 65 6E 74 20 23 30 22 20 7C 20 63 75 74 20 2D 64 20 22 3D 22 20 2D 66 32 20 7C 20 67 72 65 70 20 2D 6F 20 2D 70 20 22 5B 61 2D 7A 7C 2E 5D 2A 22 00 
10-17 16:46:19.064  2848  2848 E adbd    : service_to_fd: shell,v2,TERM=xterm-256color,raw:dumpsys activity recents | grep "Recent #0" | cut -d "=" -f2 | grep -o -p "[a-z|.]*"
10-17 16:46:19.065  3957 14954 D InputMethodManagerService: setCurrentInputInfo - inputContext : null eidtorInfo : android.view.inputmethod.EditorInfo@2230a24 missingMethods : 0
10-17 16:46:19.066  2764  2764 I InputMethodWrapper:  call dispatchStartInputWithToken
10-17 16:46:19.066  2764  2764 I InputMethodService: dispatchStartInputWithToken
10-17 16:46:19.067  2764  2764 I SKBD    : SamsungKeypad [IMI] onStartInput - caller pid : 16007, caller uid : 10169
10-17 16:46:19.069  3957 14960 D ConnectivityService: filterNetworkStateForUid() uid: 10169 networkInfo: [type: WIFI[] - WIFI, state: CONNECTED/CONNECTED, reason: (unspecified), extra: "ourhome", failover: false, available: true, roaming: false, metered: false]
10-17 16:46:19.069  3957 14960 D WifiService: getConnectionInfo uid=1000
10-17 16:46:19.071  3957 14960 I chatty  : uid=1000(system) Binder:3957_1F identical 1 line
10-17 16:46:19.071  3957 14960 D WifiService: getConnectionInfo uid=1000
10-17 16:46:19.076 16007 16202 I libglean_ffi: glean_core::upload: New upload task with id ec2b43bd-94e1-4162-8791-71b203caafc6 (path: /submit/org-mozilla-fenix/events/1/ec2b43bd-94e1-4162-8791-71b203caafc6)
10-17 16:46:19.081  3447  3447 I SurfaceFlinger: Display 0 HWC layers:
10-17 16:46:19.081  3447  3447 I SurfaceFlinger:     type    |    handle    | flag |  format   |   source crop (l,t,r,b)    |         frame       | name 
10-17 16:46:19.081  3447  3447 I SurfaceFlinger: ------------+--------------+------+-----------+----------------------------+---------------------+------
10-17 16:46:19.081  3447  3447 I SurfaceFlinger:      Device | 0x7ea50243c0 | 0000 | RGBA_8888 |   0.0    0.0  720.0 1280.0 |    0    0  720 1280 | org.mozilla.fenix/org.mozilla.fenix.App#0
10-17 16:46:19.081  3447  3447 I SurfaceFlinger:      Device | 0x7e9ec22200 | 0000 | RGBA_8888 |   0.0    0.0  720.0 1280.0 |    0    0  720 1280 | Splash Screen org.mozilla.fenix#0
10-17 16:46:19.081  3447  3447 I SurfaceFlinger:      Device | 0x7e9ed37600 | 0000 | RGBA_8888 |   0.0    0.0  720.0   42.0 |    0    0  720   42 | StatusBar#0
10-17 16:46:19.081  3447  3447 I SurfaceFlinger: 
10-17 16:46:19.086 16007 16007 V InputMethodManager: Starting input: tba=android.view.inputmethod.EditorInfo@d033d96 nm : org.mozilla.fenix ic=null
10-17 16:46:19.089  3957 14960 D WifiService: getConnectionInfo uid=1000
10-17 16:46:19.090  3957 14960 I chatty  : uid=1000(system) Binder:3957_1F identical 4 lines
10-17 16:46:19.090  3957 14960 D WifiService: getConnectionInfo uid=1000
10-17 16:46:19.090 16157 16199 W linker  : "/data/app/org.mozilla.fenix-iWpGOrf8cry6RDpwHyQugA==/lib/arm64/libmozglue.so" unused DT entry: type 0x8000024 arg 0x38f70
10-17 16:46:19.091 16157 16199 W linker  : "/data/app/org.mozilla.fenix-iWpGOrf8cry6RDpwHyQugA==/lib/arm64/libmozglue.so" unused DT entry: type 0x8000023 arg 0x1f8
10-17 16:46:19.091 16157 16199 W linker  : "/data/app/org.mozilla.fenix-iWpGOrf8cry6RDpwHyQugA==/lib/arm64/libmozglue.so" unused DT entry: type 0x8000025 arg 0x8
10-17 16:46:19.092  3957 14960 D ConnectivityService: filterNetworkStateForUid() uid: 10169 networkInfo: [type: WIFI[] - WIFI, state: CONNECTED/CONNECTED, reason: (unspecified), extra: "ourhome", failover: false, available: true, roaming: false, metered: false]
10-17 16:46:19.092  3957 14960 D WifiService: getConnectionInfo uid=1000
10-17 16:46:19.093 16157 16199 I GeckoLoader: Library base=/data/app/org.mozilla.fenix-iWpGOrf8cry6RDpwHyQugA==/lib/arm64
10-17 16:46:19.093 16157 16199 I GeckoLoader: Library base=/data/app/org.mozilla.fenix-iWpGOrf8cry6RDpwHyQugA==/lib/arm64
10-17 16:46:19.098 16157 16199 E GeckoLibLoad: Load sqlite start
10-17 16:46:19.099 16157 16199 W linker  : "/data/app/org.mozilla.fenix-iWpGOrf8cry6RDpwHyQugA==/lib/arm64/libnss3.so" unused DT entry: type 0x8000024 arg 0x14998
10-17 16:46:19.100 16157 16199 W linker  : "/data/app/org.mozilla.fenix-iWpGOrf8cry6RDpwHyQugA==/lib/arm64/libnss3.so" unused DT entry: type 0x8000023 arg 0x5c8
10-17 16:46:19.100 16157 16199 W linker  : "/data/app/org.mozilla.fenix-iWpGOrf8cry6RDpwHyQugA==/lib/arm64/libnss3.so" unused DT entry: type 0x8000025 arg 0x8
10-17 16:46:19.104 16007 16018 I zygote64: Background concurrent copying GC freed 69184(3MB) AllocSpace objects, 31(732KB) LOS objects, 50% free, 2MB/5MB, paused 2.183ms total 130.335ms
10-17 16:46:19.106 16157 16199 E GeckoLibLoad: Load sqlite done
10-17 16:46:19.107 16157 16199 I GeckoLoader: Library base=/data/app/org.mozilla.fenix-iWpGOrf8cry6RDpwHyQugA==/lib/arm64
10-17 16:46:19.107 16157 16199 E GeckoLibLoad: Load nss start
10-17 16:46:19.107 16157 16199 E GeckoLibLoad: Load nss done
10-17 16:46:19.108 16157 16199 I GeckoLoader: Library base=/data/app/org.mozilla.fenix-iWpGOrf8cry6RDpwHyQugA==/lib/arm64
10-17 16:46:19.110 15383 15383 I Finsky:background: [2] tys.onTrimMemory(13): Memory trim requested to level 60
10-17 16:46:19.118 16157 16199 W linker  : "/data/app/org.mozilla.fenix-iWpGOrf8cry6RDpwHyQugA==/lib/arm64/libxul.so" unused DT entry: type 0x8000024 arg 0x539420
10-17 16:46:19.118 16157 16199 W linker  : "/data/app/org.mozilla.fenix-iWpGOrf8cry6RDpwHyQugA==/lib/arm64/libxul.so" unused DT entry: type 0x8000023 arg 0x17d68
10-17 16:46:19.118 16157 16199 W linker  : "/data/app/org.mozilla.fenix-iWpGOrf8cry6RDpwHyQugA==/lib/arm64/libxul.so" unused DT entry: type 0x8000025 arg 0x8
10-17 16:46:19.139  3599  3918 D DnsProxyListener: DNSDBG::dns addrinfo af 2
10-17 16:46:19.140 16157 16199 E GeckoLibLoad: Loaded libs in 31.333269ms total, 20ms(20ms) user, 4ms(8ms) system, 0(0) faults
10-17 16:46:19.140  3599  3918 D DnsProxyListener: DNSDBG::dns addrinfo af 0
10-17 16:46:19.140 16157 16199 W GeckoThread: zerdatime 1216366518 - runGecko
10-17 16:46:19.149  2848  2848 E adbd    : recv: OPEN 0000058f 00000000 0042:73 68 65 6C 6C 2C 76 32 2C 54 45 52 4D 3D 78 74 65 72 6D 2D 32 35 36 63 6F 6C 6F 72 2C 72 61 77 3A 67 65 74 70 72 6F 70 20 72 6F 2E 62 75 69 6C 64 2E 76 65 72 73 69 6F 6E 2E 72 65 6C 65 61 73 65 00 
10-17 16:46:19.149  2848  2848 E adbd    : service_to_fd: shell,v2,TERM=xterm-256color,raw:getprop ro.build.version.release
10-17 16:46:19.153 16007 16007 D skia    : approximate: numPoints=40, lengths[39]=620.200073, totalLength=620.200073, segmentPoints[39]=[422.600037,0.000000]
10-17 16:46:19.154 16007 16007 D skia    : approximate: approximation[117]=1.000000, approximation[118]=422.600037, approximation[119]=0.000000
10-17 16:46:19.154 16007 16007 D skia    : approximate: numPoints=4, lengths[3]=3.448155, totalLength=3.448155, segmentPoints[3]=[3.000000,0.100000]
10-17 16:46:19.154 16007 16007 D skia    : approximate: approximation[9]=1.000000, approximation[10]=3.000000, approximation[11]=0.100000
10-17 16:46:19.156 16007 16007 D skia    : approximate: numPoints=37, lengths[36]=722.199951, totalLength=722.199951, segmentPoints[36]=[199.600006,0.000000]
10-17 16:46:19.156 16007 16007 D skia    : approximate: approximation[108]=1.000000, approximation[109]=199.600006, approximation[110]=0.000000
10-17 16:46:19.156 16007 16007 D skia    : approximate: numPoints=3, lengths[2]=2.472497, totalLength=2.472497, segmentPoints[2]=[2.000000,0.100000]
10-17 16:46:19.156 16007 16007 D skia    : approximate: approximation[6]=1.000000, approximation[7]=2.000000, approximation[8]=0.100000
10-17 16:46:19.161 16007 16007 V InputMethodManager: Starting input: tba=android.view.inputmethod.EditorInfo@8f805c7 nm : org.mozilla.fenix ic=null
10-17 16:46:19.161 16007 16007 I InputMethodManager: startInputInner - mService.startInputOrWindowGainedFocus
10-17 16:46:19.161  3957 14954 D InputMethodManagerService: startInputOrWindowGainedFocus : startInput 
10-17 16:46:19.163  3957 14954 D InputMethodManagerService: setCurrentInputInfo - inputContext : null eidtorInfo : android.view.inputmethod.EditorInfo@b441c9a missingMethods : 0
10-17 16:46:19.163  2764  2764 I InputMethodWrapper:  call dispatchStartInputWithToken
10-17 16:46:19.163  2764  2764 I InputMethodService: dispatchStartInputWithToken
10-17 16:46:19.163  2764  2764 I SKBD    : SamsungKeypad [IMI] onStartInput - caller pid : 16007, caller uid : 10169
10-17 16:46:19.170  3599  3918 D DnsProxyListener: DNSDBG::dns addrinfo af 0
10-17 16:46:19.177 16007 16036 W GeckoEventDispatcher: No listener for GeckoView:PageAction:Update
10-17 16:46:19.195  2848  2848 E adbd    : recv: OPEN 00000593 00000000 003e:73 68 65 6C 6C 2C 76 32 2C 54 45 52 4D 3D 78 74 65 72 6D 2D 32 35 36 63 6F 6C 6F 72 2C 72 61 77 3A 67 65 74 70 72 6F 70 20 72 6F 2E 62 75 69 6C 64 2E 76 65 72 73 69 6F 6E 2E 73 64 6B 00 
10-17 16:46:19.196  2848  2848 E adbd    : service_to_fd: shell,v2,TERM=xterm-256color,raw:getprop ro.build.version.sdk
10-17 16:46:19.208  3957  4025 I WindowManager: Destroying surface Surface(name=Splash Screen org.mozilla.fenix) called by com.android.server.wm.WindowStateAnimator.destroySurface:2501 com.android.server.wm.WindowStateAnimator.destroySurfaceLocked:985 com.android.server.wm.WindowState.destroyOrSaveSurfaceUnchecked:3670 com.android.server.wm.WindowState.destroySurface:3618 com.android.server.wm.AppWindowToken.destroySurfaces:722 com.android.server.wm.AppWindowToken.destroySurfaces:706 com.android.server.wm.WindowState.onExitAnimationDone:5316 com.android.server.wm.WindowStateAnimator.stepAnimationLocked:550 
10-17 16:46:19.208  3447  3489 I SurfaceFlinger: id=2762 Removed Splash Screen org.mozilla.fenix#0 (3/5)
10-17 16:46:19.210  3447  3447 I SurfaceFlinger: Display 0 HWC layers:
10-17 16:46:19.210  3447  3447 I SurfaceFlinger:     type    |    handle    | flag |  format   |   source crop (l,t,r,b)    |         frame       | name 
10-17 16:46:19.210  3447  3447 I SurfaceFlinger: ------------+--------------+------+-----------+----------------------------+---------------------+------
10-17 16:46:19.210  3447  3447 I SurfaceFlinger:      Device | 0x7ea5024240 | 0000 | RGBA_8888 |   0.0    0.0  720.0 1280.0 |    0    0  720 1280 | org.mozilla.fenix/org.mozilla.fenix.App#0
10-17 16:46:19.210  3447  3447 I SurfaceFlinger:      Device | 0x7e9ed385c0 | 0000 | RGBA_8888 |   0.0    0.0  720.0   42.0 |    0    0  720   42 | StatusBar#0
10-17 16:46:19.210  3447  3447 I SurfaceFlinger: 
10-17 16:46:19.215  3447  3489 I SurfaceFlinger: id=2762 Removed Splash Screen org.mozilla.fenix#0 (-2/5)
10-17 16:46:19.218 16157 16199 W AudioCapabilities: Unsupported mime audio/mpeg-L1
10-17 16:46:19.219 16157 16199 W AudioCapabilities: Unsupported mime audio/mpeg-L2
10-17 16:46:19.222 16157 16199 W AudioCapabilities: Unsupported mime audio/x-ms-wma
10-17 16:46:19.224 16157 16199 W AudioCapabilities: Unsupported mime audio/x-ima
10-17 16:46:19.224  3447  3447 I Layer   : id=2762 onRemoved Splash Screen org.mozilla.fenix#0 
10-17 16:46:19.236 16157 16199 W VideoCapabilities: Unrecognized profile 2130706433 for video/avc
10-17 16:46:19.236 16157 16199 W VideoCapabilities: Unrecognized profile 2130706434 for video/avc
10-17 16:46:19.240 16157 16199 W VideoCapabilities: Unrecognized profile 2130706433 for video/avc
10-17 16:46:19.241 16157 16199 W VideoCapabilities: Unrecognized profile 2130706434 for video/avc
10-17 16:46:19.247  3957 14954 V WindowManager: Relayout Window{f528f1d u0 org.mozilla.fenix/org.mozilla.fenix.App}: viewVisibility=0 req=720x1280 WM.LayoutParams{(0,0)(fillxfill) sim=#10 ty=1 fl=#81010100 pfl=0x20000 fmt=-3 wanim=0x7f1404fa vsysui=0x2610 needsMenuKey=2 colorMode=0 naviIconColor=0}
10-17 16:46:19.249  2848  2848 E adbd    : recv: OPEN 00000597 00000000 0042:73 68 65 6C 6C 2C 76 32 2C 54 45 52 4D 3D 78 74 65 72 6D 2D 32 35 36 63 6F 6C 6F 72 2C 72 61 77 3A 67 65 74 70 72 6F 70 20 72 6F 2E 62 75 69 6C 64 2E 76 65 72 73 69 6F 6E 2E 72 65 6C 65 61 73 65 00 
10-17 16:46:19.249  2848  2848 E adbd    : service_to_fd: shell,v2,TERM=xterm-256color,raw:getprop ro.build.version.release
10-17 16:46:19.250 16007 16007 D ViewRootImpl@409768b[App]: Relayout returned: old=[0,0][720,1280] new=[0,0][720,1280] result=0x1 surface={valid=true 499290955776} changed=false
10-17 16:46:19.258 16157 16199 W VideoCapabilities: Unrecognized profile 2130706433 for video/avc
10-17 16:46:19.258 16157 16199 W VideoCapabilities: Unrecognized profile 2130706434 for video/avc
10-17 16:46:19.261 16157 16199 W VideoCapabilities: Unsupported mime video/avc-wfd
10-17 16:46:19.290  3957  4128 D WifiService: getConnectionInfo uid=1000
10-17 16:46:19.296 16157 16199 I VideoCapabilities: Unsupported profile 4 for video/mp4v-es
10-17 16:46:19.298 15250 15250 I Finsky  : [2] tys.onTrimMemory(13): Memory trim requested to level 80
10-17 16:46:19.298 15250 15250 I Finsky  : [2] nre.accept(78): Flushing in-memory image cache
10-17 16:46:19.302  3957 14960 V WindowManager: rotationForOrientationLw(orient=2, last=0); user=0  sensorRotation=-1 mLidState=-1 mDockMode=0 mHdmiPlugged=false
10-17 16:46:19.303  2848  2848 E adbd    : recv: OPEN 0000059b 00000000 003e:73 68 65 6C 6C 2C 76 32 2C 54 45 52 4D 3D 78 74 65 72 6D 2D 32 35 36 63 6F 6C 6F 72 2C 72 61 77 3A 67 65 74 70 72 6F 70 20 72 6F 2E 62 75 69 6C 64 2E 76 65 72 73 69 6F 6E 2E 73 64 6B 00 
10-17 16:46:19.304  2848  2848 E adbd    : service_to_fd: shell,v2,TERM=xterm-256color,raw:getprop ro.build.version.sdk
10-17 16:46:19.308  3957 14960 V WindowManager: Relayout Window{f528f1d u0 org.mozilla.fenix/org.mozilla.fenix.App}: viewVisibility=0 req=720x1280 WM.LayoutParams{(0,0)(fillxfill) sim=#10 ty=1 fl=#81010100 pfl=0x20000 fmt=-3 wanim=0x7f1404fa vsysui=0x2610 needsMenuKey=2 colorMode=0 naviIconColor=0}
10-17 16:46:19.313 16007 16007 D ViewRootImpl@409768b[App]: Relayout returned: old=[0,0][720,1280] new=[0,0][720,1280] result=0x1 surface={valid=true 499290955776} changed=false
10-17 16:46:19.340 16007 16007 I SessionPrioritizationMiddleware: Update the currentSelectedTab 7f93960a-d5ab-49b5-96cc-c70672d2a791 priority to HIGH
10-17 16:46:19.351  2350  2364 I FontLog : (REDACTED) Received query %s, URI %s
10-17 16:46:19.351 16157 16199 W VideoCapabilities: Unrecognized profile/level 1/32 for video/mp4v-es
10-17 16:46:19.351 16157 16199 W VideoCapabilities: Unrecognized profile/level 32768/2 for video/mp4v-es
10-17 16:46:19.352 16157 16199 W VideoCapabilities: Unrecognized profile/level 32768/64 for video/mp4v-es
10-17 16:46:19.354  2350  2364 I FontLog : (REDACTED) Query [%s] resolved to %s
10-17 16:46:19.355 16157 16199 W VideoCapabilities: Unsupported mime video/wvc1
10-17 16:46:19.356 16157 16199 W VideoCapabilities: Unsupported mime video/x-ms-wmv
10-17 16:46:19.360  2848  2848 E adbd    : recv: OPEN 0000059f 00000000 015d:73 68 65 6C 6C 2C 76 32 2C 54 45 52 4D 3D 78 74 65 72 6D 2D 32 35 36 63 6F 6C 6F 72 2C 72 61 77 3A 61 6D 20 73 74 61 72 74 2D 66 6F 72 65 67 72 6F 75 6E 64 2D 73 65 72 76 69 63 65 20 2D 6E 20 22 63 6F 6D 2E 65 78 61 6D 70 6C 65 2E 62 61 74 74 65 72 79 6D 61 6E 61 67 65 72 5F 75 74 69 6C 69 74 79 2F 63 6F 6D 2E 65 78 61 6D 70 6C 65 2E 62 61 74 74 65 72 79 6D 61 6E 61 67 65 72 5F 75 74 69 6C 69 74 79 2E 44 61 74 61 43 6F 6C 6C 65 63 74 69 6F 6E 53 65 72 76 69 63 65 22 20 2D 2D 65 69 20 73 61 6D 70 6C 65 52 61 74 65 20 31 30 30 20 2D 2D 65 73 20 22 64 61 74 61 46 69 65 6C 64 73 22 20 22 42 41 54 54 45 52 59 5F 50 52 4F 50 45 52 54 59 5F 43 55 52 52 45 4E 54 5F 4E 4F 57 2C 45 58 54 52 41 5F 56 4F 4C 54 41 47 45 2C 42 41 54 54 45 52 59 5F 50 52 4F 50 45 52 54 59 5F 43 55 52 52 45 4E 54 5F 41 56 45 52 41 47 45 2C 42 41 54 54 45 52 59 5F 50 52 4F 50 45 52 54 59 5F 43 48 41 52 47 45 5F 43 4F 55 4E 54 45 52 2C 42 41 54 54 45 52 59 5F 50 52 4F 50 45 52 54 59 5F 43 41 50 41 43 49 54 59
10-17 16:46:19.360  2848  2848 E adbd    : service_to_fd: shell,v2,TERM=xterm-256color,raw:am start-foreground-service -n "com.example.batterymanager_utility/com.example.batterymanager_utility.DataCollectionService" --ei sampleRate 100 --es "dataFields" "BATTERY_PROPERTY_CURRENT_NOW,EXTRA_VOLTAGE,BATTERY_PROPERTY_CURRENT_AVERAGE,BATTERY_PROPERTY_CHARGE_COUNTER,BATTERY_PROPERTY_CAPACITY" --ez toCSV false
10-17 16:46:19.364 16157 16199 W VideoCapabilities: Unsupported mime video/x-ms-wmv7
10-17 16:46:19.364 16007 16007 I WebExtension: releasePendingMessages: extension=webcompat-reporter@mozilla.org nativeApp=mozacWebcompatReporter session=null
10-17 16:46:19.367 16157 16199 W VideoCapabilities: Unsupported mime video/x-ms-wmv8
10-17 16:46:19.370 16157 16199 W VideoCapabilities: Unsupported mime video/mp43
10-17 16:46:19.370 16007 16007 I WebExtension: releasePendingMessages: extension=fxa@mozac.org nativeApp=mozacWebchannel session=org.mozilla.geckoview.GeckoSession@5524346
10-17 16:46:19.370 16007 16007 I WebExtension: releasePendingMessages: extension=fxa@mozac.org nativeApp=mozacWebchannelBackground session=null
10-17 16:46:19.372 16007 16007 I DefaultSupportedAddonsChecker: Unregister check for new supported add-ons
10-17 16:46:19.373 16007 16007 I WebExtension: releasePendingMessages: extension=icons@mozac.org nativeApp=MozacBrowserIcons session=org.mozilla.geckoview.GeckoSession@5524346
10-17 16:46:19.374 16007 16007 I WebExtension: releasePendingMessages: extension=ads@mozac.org nativeApp=MozacBrowserAdsMessage session=org.mozilla.geckoview.GeckoSession@5524346
10-17 16:46:19.375 16007 16007 I WebExtension: releasePendingMessages: extension=cookies@mozac.org nativeApp=MozacBrowserSearchMessage session=org.mozilla.geckoview.GeckoSession@5524346
10-17 16:46:19.379 16007 16007 I WebExtension: releasePendingMessages: extension=readerview@mozac.org nativeApp=mozacReaderview session=org.mozilla.geckoview.GeckoSession@5524346
10-17 16:46:19.379 16007 16007 I WebExtension: releasePendingMessages: extension=readerview@mozac.org nativeApp=mozacReaderviewActive session=org.mozilla.geckoview.GeckoSession@5524346
10-17 16:46:19.379 16007 16007 I WebExtension: releasePendingMessages: extension=readerview@mozac.org nativeApp=mozacReaderview session=org.mozilla.geckoview.GeckoSession@5524346
10-17 16:46:19.379  2350  2364 I FontLog : (REDACTED) Fetch %s end status %s
10-17 16:46:19.390 15383 15383 I Finsky:background: [2] tys.onTrimMemory(13): Memory trim requested to level 60
10-17 16:46:19.393  2350  2364 I FontLog : (REDACTED) Pulling font file for id = %d, cache size = %d
10-17 16:46:19.394 16157 16199 W AudioCapabilities: Unsupported mime audio/mpeg-L1
10-17 16:46:19.394 16157 16199 W AudioCapabilities: Unsupported mime audio/mpeg-L2
10-17 16:46:19.394 16157 16199 W AudioCapabilities: Unsupported mime audio/x-ms-wma
10-17 16:46:19.394 16157 16199 W AudioCapabilities: Unsupported mime audio/x-ima
10-17 16:46:19.397 16157 16199 W VideoCapabilities: Unrecognized profile 2130706433 for video/avc
10-17 16:46:19.397 16157 16199 W VideoCapabilities: Unrecognized profile 2130706434 for video/avc
10-17 16:46:19.405  2350  2364 I FontLog : (REDACTED) Pulling font file for id = %d, cache size = %d
10-17 16:46:19.407 16157 16199 W VideoCapabilities: Unrecognized profile/level 1/32 for video/mp4v-es
10-17 16:46:19.407 16157 16199 W VideoCapabilities: Unrecognized profile/level 32768/2 for video/mp4v-es
10-17 16:46:19.407 16157 16199 W VideoCapabilities: Unrecognized profile/level 32768/64 for video/mp4v-es
10-17 16:46:19.409 16157 16199 W VideoCapabilities: Unsupported mime video/wvc1
10-17 16:46:19.410 16007 16036 W ResourceType: Too many attribute references, stopped at: 0x01010099
10-17 16:46:19.411 16157 16199 W VideoCapabilities: Unsupported mime video/x-ms-wmv
10-17 16:46:19.412 16157 16199 W VideoCapabilities: Unsupported mime video/x-ms-wmv7
10-17 16:46:19.417 16157 16199 W VideoCapabilities: Unsupported mime video/x-ms-wmv8
10-17 16:46:19.417 16157 16199 W VideoCapabilities: Unsupported mime video/mp43
10-17 16:46:19.441 16007 16202 I libglean_ffi: glean_core::upload: Ping ec2b43bd-94e1-4162-8791-71b203caafc6 successfully sent 200.
10-17 16:46:19.445 16007 16202 I libglean_ffi: glean_core::upload::directory: File was deleted /data/user/0/org.mozilla.fenix/glean_data/pending_pings/ec2b43bd-94e1-4162-8791-71b203caafc6
10-17 16:46:19.446 15960 15960 I BatteryMgr:DataCollectionService: onStartCommand: begin
10-17 16:46:19.446 15960 15960 I BatteryMgr:DataCollectionService: onStartCommand: sampleRate => 100
10-17 16:46:19.446 15960 15960 I BatteryMgr:DataCollectionService: onStartCommand: rawFields => Timestamp,BATTERY_PROPERTY_CURRENT_NOW,EXTRA_VOLTAGE,BATTERY_PROPERTY_CURRENT_AVERAGE,BATTERY_PROPERTY_CHARGE_COUNTER,BATTERY_PROPERTY_CAPACITY
10-17 16:46:19.447 16007 16202 I libglean_ffi: glean_core::upload: New upload task with id e5d3ab02-8878-447e-a1c9-6747f8f08a22 (path: /submit/org-mozilla-fenix/baseline/1/e5d3ab02-8878-447e-a1c9-6747f8f08a22)
10-17 16:46:19.448 15960 15960 I BatteryMgr:DataCollectionService: onStartCommand: notification done
10-17 16:46:19.449 15960 15960 D Notification: allPendingIntents
10-17 16:46:19.450 15960 15960 I BatteryMgr:DataCollectionService: started foreground
10-17 16:46:19.459  3957  3972 D ApplicationPolicy: isStatusBarNotificationAllowedAsUser: packageName = android,userId = 0
10-17 16:46:19.459  3957  3972 D API test: getContainerInfo: value is 
10-17 16:46:19.459  3957  3972 D ApplicationPolicy: isStatusBarNotificationAllowedAsUser: packageName = android,userId = 0
10-17 16:46:19.459  3957  3972 D API test: getContainerInfo: value is 
10-17 16:46:19.460  3957  3972 E NotificationService: Suppressing notification from package by user request.
10-17 16:46:19.460  3957  3972 D ApplicationPolicy: isStatusBarNotificationAllowedAsUser: packageName = com.example.batterymanager_utility,userId = 0
10-17 16:46:19.460  3957  3972 D API test: getContainerInfo: value is 
10-17 16:46:19.460  3957  3972 D ApplicationPolicy: isStatusBarNotificationAllowedAsUser: packageName = com.example.batterymanager_utility,userId = 0
10-17 16:46:19.461  3957  3972 D API test: getContainerInfo: value is 
10-17 16:46:19.461 15960 16272 I BatteryMgr:DataCollectionService: collectData: begin
10-17 16:46:19.462  2848  2848 E adbd    : recv: OPEN 000005a3 00000000 0042:73 68 65 6C 6C 2C 76 32 2C 54 45 52 4D 3D 78 74 65 72 6D 2D 32 35 36 63 6F 6C 6F 72 2C 72 61 77 3A 67 65 74 70 72 6F 70 20 72 6F 2E 62 75 69 6C 64 2E 76 65 72 73 69 6F 6E 2E 72 65 6C 65 61 73 65 00 
10-17 16:46:19.462  2848  2848 E adbd    : service_to_fd: shell,v2,TERM=xterm-256color,raw:getprop ro.build.version.release
10-17 16:46:19.462  3957  3957 I AccessibilityManagerService: semOnLightNotification(null), bIsFlashOn : false
10-17 16:46:19.462  3957  3957 D AccessibilityManagerService: Can't use light notification
10-17 16:46:19.463  3957  3957 D AudioService: getStreamVolume 5 index 110
10-17 16:46:19.465  3957  8322 D Notification: allPendingIntents
10-17 16:46:19.466  3957 14960 D Notification: allPendingIntents
10-17 16:46:19.466  4340  4340 D StatusBar: addNotification key=0|com.example.batterymanager_utility|1|null|10170 fullscreen:false
10-17 16:46:19.470 15960 16272 I BatteryMgr:DataCollectionService: stats => 1697553979470,278,4308,274,0,100
10-17 16:46:19.511  2848  2848 E adbd    : recv: OPEN 000005a7 00000000 003e:73 68 65 6C 6C 2C 76 32 2C 54 45 52 4D 3D 78 74 65 72 6D 2D 32 35 36 63 6F 6C 6F 72 2C 72 61 77 3A 67 65 74 70 72 6F 70 20 72 6F 2E 62 75 69 6C 64 2E 76 65 72 73 69 6F 6E 2E 73 64 6B 00 
10-17 16:46:19.511  2848  2848 E adbd    : service_to_fd: shell,v2,TERM=xterm-256color,raw:getprop ro.build.version.sdk
10-17 16:46:19.523  3957  4089 D MdnieScenarioControlService:  packageName : org.mozilla.fenix    className : org.mozilla.fenix.App
10-17 16:46:19.523  3957  4089 V MdnieScenarioControlService: setUIMode from UI function(3)
10-17 16:46:19.541  4340  4340 D KeyguardUpdateMonitor: handleStatusBarState( false )
10-17 16:46:19.543 16091 16122 W linker  : "/data/app/org.mozilla.fenix-iWpGOrf8cry6RDpwHyQugA==/lib/arm64/libmozglue.so" unused DT entry: type 0x8000024 arg 0x38f70
10-17 16:46:19.543 16091 16122 W linker  : "/data/app/org.mozilla.fenix-iWpGOrf8cry6RDpwHyQugA==/lib/arm64/libmozglue.so" unused DT entry: type 0x8000023 arg 0x1f8
10-17 16:46:19.544 16091 16122 W linker  : "/data/app/org.mozilla.fenix-iWpGOrf8cry6RDpwHyQugA==/lib/arm64/libmozglue.so" unused DT entry: type 0x8000025 arg 0x8
10-17 16:46:19.544  3957  4129 D WifiStateMachine:  ConnectedState !CMD_RSSI_POLL rt=505992758/1216366922 81 0 "ourhome" f4:6d:2f:12:cc:88 rssi=-45 f=5240 sc=60 link=433 tx=0.6, 0.0, 0.0  rx=0.7 bcn=47831 [on:0 tx:0 rx:0 period:807] from screen [on:475410 period:2110725] score=60
10-17 16:46:19.545  3957  4129 D WifiStateMachine:  L2ConnectedState !CMD_RSSI_POLL rt=505992759/1216366923 81 0 "ourhome" f4:6d:2f:12:cc:88 rssi=-45 f=5240 sc=60 link=433 tx=0.6, 0.0, 0.0  rx=0.7 bcn=47831 [on:0 tx:0 rx:0 period:1] from screen [on:475410 period:2110726] score=60
10-17 16:46:19.545  3957  4129 D WifiStateMachine:  get link layer stats 3
10-17 16:46:19.545  3436  3436 I android.hardware.wifi@1.0-service: getLinkLayerStats
10-17 16:46:19.547 16091 16122 I GeckoLoader: Library base=/data/app/org.mozilla.fenix-iWpGOrf8cry6RDpwHyQugA==/lib/arm64
10-17 16:46:19.547 16091 16122 I GeckoLoader: Library base=/data/app/org.mozilla.fenix-iWpGOrf8cry6RDpwHyQugA==/lib/arm64
10-17 16:46:19.548 16091 16122 E GeckoLibLoad: Load sqlite start
10-17 16:46:19.549  3957  4129 D WifiStateMachine: fetchRssiLinkSpeedAndFrequencyNative rssi=-47 linkspeed=433 freq=5240
10-17 16:46:19.549  3957  4129 V WifiConfigManager: Updating scan detail cache freq=5240 BSSID=f4:6d:2f:12:cc:88 RSSI=-46 for "ourhome"WPA_PSK
10-17 16:46:19.550 16091 16122 W linker  : "/data/app/org.mozilla.fenix-iWpGOrf8cry6RDpwHyQugA==/lib/arm64/libnss3.so" unused DT entry: type 0x8000024 arg 0x14998
10-17 16:46:19.550 16091 16122 W linker  : "/data/app/org.mozilla.fenix-iWpGOrf8cry6RDpwHyQugA==/lib/arm64/libnss3.so" unused DT entry: type 0x8000023 arg 0x5c8
10-17 16:46:19.550 16091 16122 W linker  : "/data/app/org.mozilla.fenix-iWpGOrf8cry6RDpwHyQugA==/lib/arm64/libnss3.so" unused DT entry: type 0x8000025 arg 0x8
10-17 16:46:19.551 16091 16122 E GeckoLibLoad: Load sqlite done
10-17 16:46:19.551 16091 16122 I GeckoLoader: Library base=/data/app/org.mozilla.fenix-iWpGOrf8cry6RDpwHyQugA==/lib/arm64
10-17 16:46:19.552  4340  4340 E SignalClusterView: setSlotFocusVisible : subId -2
10-17 16:46:19.552  4340  4340 E SignalClusterView: setSlotFocusVisible : subId -2
10-17 16:46:19.552 16091 16122 E GeckoLibLoad: Load nss start
10-17 16:46:19.552 16091 16122 E GeckoLibLoad: Load nss done
10-17 16:46:19.552 16091 16122 I GeckoLoader: Library base=/data/app/org.mozilla.fenix-iWpGOrf8cry6RDpwHyQugA==/lib/arm64
10-17 16:46:19.552 16007 16036 W AudioCapabilities: Unsupported mime audio/mpeg-L1
10-17 16:46:19.553 16007 16036 W AudioCapabilities: Unsupported mime audio/mpeg-L2
10-17 16:46:19.554 16007 16036 W AudioCapabilities: Unsupported mime audio/x-ms-wma
10-17 16:46:19.554 16007 16036 W AudioCapabilities: Unsupported mime audio/x-ima
10-17 16:46:19.555 16091 16122 W linker  : "/data/app/org.mozilla.fenix-iWpGOrf8cry6RDpwHyQugA==/lib/arm64/libxul.so" unused DT entry: type 0x8000024 arg 0x539420
10-17 16:46:19.556 16091 16122 W linker  : "/data/app/org.mozilla.fenix-iWpGOrf8cry6RDpwHyQugA==/lib/arm64/libxul.so" unused DT entry: type 0x8000023 arg 0x17d68
10-17 16:46:19.556 16091 16122 W linker  : "/data/app/org.mozilla.fenix-iWpGOrf8cry6RDpwHyQugA==/lib/arm64/libxul.so" unused DT entry: type 0x8000025 arg 0x8
10-17 16:46:19.557 16007 16036 W VideoCapabilities: Unrecognized profile 2130706433 for video/avc
10-17 16:46:19.557 16007 16036 W VideoCapabilities: Unrecognized profile 2130706434 for video/avc
10-17 16:46:19.559 16007 16036 W VideoCapabilities: Unrecognized profile 2130706433 for video/avc
10-17 16:46:19.559 16007 16036 W VideoCapabilities: Unrecognized profile 2130706434 for video/avc
10-17 16:46:19.566 16007 16036 W VideoCapabilities: Unrecognized profile 2130706433 for video/avc
10-17 16:46:19.566 16007 16036 W VideoCapabilities: Unrecognized profile 2130706434 for video/avc
10-17 16:46:19.567 16007 16036 W VideoCapabilities: Unsupported mime video/avc-wfd
10-17 16:46:19.578 15960 16272 I BatteryMgr:DataCollectionService: stats => 1697553979578,278,4308,274,0,100
10-17 16:46:19.585 16091 16122 E GeckoLibLoad: Loaded libs in 33.035500ms total, 16ms(16ms) user, 16ms(20ms) system, 0(0) faults
10-17 16:46:19.585 16091 16122 W GeckoThread: zerdatime 1216366964 - runGecko
10-17 16:46:19.597 16007 16036 I VideoCapabilities: Unsupported profile 4 for video/mp4v-es
10-17 16:46:19.618 16007 16036 W VideoCapabilities: Unrecognized profile/level 1/32 for video/mp4v-es
10-17 16:46:19.618 16007 16036 W VideoCapabilities: Unrecognized profile/level 32768/2 for video/mp4v-es
10-17 16:46:19.618 16007 16036 W VideoCapabilities: Unrecognized profile/level 32768/64 for video/mp4v-es
10-17 16:46:19.620 16007 16036 W VideoCapabilities: Unsupported mime video/wvc1
10-17 16:46:19.621 16007 16036 W VideoCapabilities: Unsupported mime video/x-ms-wmv
10-17 16:46:19.623 16007 16036 W VideoCapabilities: Unsupported mime video/x-ms-wmv7
10-17 16:46:19.625 16007 16036 W VideoCapabilities: Unsupported mime video/x-ms-wmv8
10-17 16:46:19.627 16007 16036 W VideoCapabilities: Unsupported mime video/mp43
10-17 16:46:19.637 16007 16036 W AudioCapabilities: Unsupported mime audio/mpeg-L1
10-17 16:46:19.637 16007 16036 W AudioCapabilities: Unsupported mime audio/mpeg-L2
10-17 16:46:19.637 16007 16036 W AudioCapabilities: Unsupported mime audio/x-ms-wma
10-17 16:46:19.637 16007 16036 W AudioCapabilities: Unsupported mime audio/x-ima
10-17 16:46:19.638 16007 16036 W VideoCapabilities: Unrecognized profile 2130706433 for video/avc
10-17 16:46:19.638 16007 16036 W VideoCapabilities: Unrecognized profile 2130706434 for video/avc
10-17 16:46:19.642 16007 16036 W VideoCapabilities: Unrecognized profile/level 1/32 for video/mp4v-es
10-17 16:46:19.642 16007 16036 W VideoCapabilities: Unrecognized profile/level 32768/2 for video/mp4v-es
10-17 16:46:19.642 16007 16036 W VideoCapabilities: Unrecognized profile/level 32768/64 for video/mp4v-es
10-17 16:46:19.643 16007 16036 W VideoCapabilities: Unsupported mime video/wvc1
10-17 16:46:19.643 16007 16036 W VideoCapabilities: Unsupported mime video/x-ms-wmv
10-17 16:46:19.644 16007 16036 W VideoCapabilities: Unsupported mime video/x-ms-wmv7
10-17 16:46:19.645 16007 16036 W VideoCapabilities: Unsupported mime video/x-ms-wmv8
10-17 16:46:19.645 16007 16036 W VideoCapabilities: Unsupported mime video/mp43
10-17 16:46:19.648  3957  3957 D CustomFrequencyManagerService: releaseDVFSLockLocked : Getting Lock type frm List : DVFS_MIN_LIMIT  frequency : 1560000  uid : 1000  pid : 3957  tag : AMS_RESUME_TAIL@CPU_MIN@58
10-17 16:46:19.659 16157 16223 D libGLESv2: STS_GLApi : DTS, ODTC are not allowed for Package : org.mozilla.fenix:gpu
10-17 16:46:19.664 16157 16169 V Surface : sf_framedrop debug : 0x4f4c, game : false, logging : 0
10-17 16:46:19.669 16007 16036 I GeckoSession: zerdatime 1216367047 - chrome startup finished
10-17 16:46:19.672 16157 16223 D mali_winsys: EGLint new_window_surface(egl_winsys_display *, void *, EGLSurface, EGLConfig, egl_winsys_surface **, egl_color_buffer_format *, EGLBoolean) returns 0x3000,  [720x1238]-format:2
10-17 16:46:19.687 15960 16272 I BatteryMgr:DataCollectionService: stats => 1697553979687,278,4308,274,0,100
10-17 16:46:19.690 16007 16202 I libglean_ffi: glean_core::upload: Ping e5d3ab02-8878-447e-a1c9-6747f8f08a22 successfully sent 200.
10-17 16:46:19.694 16007 16202 I libglean_ffi: glean_core::upload::directory: File was deleted /data/user/0/org.mozilla.fenix/glean_data/pending_pings/e5d3ab02-8878-447e-a1c9-6747f8f08a22
10-17 16:46:19.695 16007 16007 I GeckoSession: handleMessage GeckoView:PageStart uri=
10-17 16:46:19.696 16007 16007 I GeckoSession: handleMessage GeckoView:PageStop uri=null
10-17 16:46:19.696 16007 16202 I libglean_ffi: glean_core::upload: New upload task with id 7ee91bc9-0552-4524-8a56-a52c0d1c229c (path: /submit/org-mozilla-fenix/crash/1/7ee91bc9-0552-4524-8a56-a52c0d1c229c)
10-17 16:46:19.732  3599  3918 D DnsProxyListener: DNSDBG::dns addrinfo af 0
10-17 16:46:19.732  3599  3918 I chatty  : uid=0(root) /system/bin/netd identical 1 line
10-17 16:46:19.733  3599  3918 D DnsProxyListener: DNSDBG::dns addrinfo af 0
10-17 16:46:19.735  3957  4129 D WifiStateMachine:  ConnectedState !RSSI_PKTCNT_FETCH uid=1000 rt=505992947/1216367112 0 0 "ourhome" f4:6d:2f:12:cc:88 rssi=-47 f=5240 sc=60 link=433 tx=61.1, 7.0, 0.0  rx=76.9 bcn=47858 [on:0 tx:0 rx:0 period:183] from screen [on:476411 period:2110915] score=60
10-17 16:46:19.736  3957  4129 D WifiStateMachine:  L2ConnectedState !RSSI_PKTCNT_FETCH uid=1000 rt=505992949/1216367113 0 0 "ourhome" f4:6d:2f:12:cc:88 rssi=-47 f=5240 sc=60 link=433 tx=61.1, 7.0, 0.0  rx=76.9 bcn=47858 [on:0 tx:0 rx:0 period:2] from screen [on:476411 period:2110917] score=60
10-17 16:46:19.737  3599  3918 D DnsProxyListener: DNSDBG::dns addrinfo af 0
10-17 16:46:19.737  3599  3918 I chatty  : uid=0(root) /system/bin/netd identical 1 line
10-17 16:46:19.738  3599  3918 D DnsProxyListener: DNSDBG::dns addrinfo af 0
10-17 16:46:19.738  3957  4129 D WifiStateMachine: fetchRssiLinkSpeedAndFrequencyNative rssi=-46 linkspeed=433 freq=5240
10-17 16:46:19.738  3957  4129 V WifiConfigManager: Updating scan detail cache freq=5240 BSSID=f4:6d:2f:12:cc:88 RSSI=-46 for "ourhome"WPA_PSK
10-17 16:46:19.738  3599  3918 D DnsProxyListener: DNSDBG::dns addrinfo af 0
10-17 16:46:19.739 16007 16007 I GeckoSession: handleMessage GeckoView:PageStart uri=
10-17 16:46:19.795  3447  3447 I SurfaceFlinger: Display 0 HWC layers:
10-17 16:46:19.795  3447  3447 I SurfaceFlinger:     type    |    handle    | flag |  format   |   source crop (l,t,r,b)    |         frame       | name 
10-17 16:46:19.795  3447  3447 I SurfaceFlinger: ------------+--------------+------+-----------+----------------------------+---------------------+------
10-17 16:46:19.795  3447  3447 I SurfaceFlinger:      Device | 0x7e9ec23940 | 0000 | RGBx_8888 |   0.0    0.0  720.0 1238.0 |    0   42  720 1280 | SurfaceView - org.mozilla.fenix/org.mozilla.fenix.App@6a6c157@0#0
10-17 16:46:19.795  3447  3447 I SurfaceFlinger:      Device | 0x7ea5024240 | 0000 | RGBA_8888 |   0.0    0.0  720.0 1280.0 |    0    0  720 1280 | org.mozilla.fenix/org.mozilla.fenix.App#0
10-17 16:46:19.795  3447  3447 I SurfaceFlinger:      Device | 0x7e9ed385c0 | 0000 | RGBA_8888 |   0.0    0.0  720.0   42.0 |    0    0  720   42 | StatusBar#0
10-17 16:46:19.795  3447  3447 I SurfaceFlinger: 
10-17 16:46:19.797 15960 16272 I BatteryMgr:DataCollectionService: stats => 1697553979797,278,4308,274,0,100
10-17 16:46:19.828 16007 16036 D GeckoIdleService: Setting timer a day from now
10-17 16:46:19.899  3957 14960 D StorageManagerService: getExternalStorageMountMode : 1
10-17 16:46:19.899  3957 14960 D StorageManagerService: getExternalStorageMountMode : 3
10-17 16:46:19.900  3957 14960 D StorageManagerService: getExternalStorageMountMode : final mountMode=1, uid : 10169, packageName : org.mozilla.fenix
10-17 16:46:19.900  3957 14960 I ApplicationPolicy: isApplicationExternalStorageWhitelisted:org.mozilla.fenix user:0
10-17 16:46:19.900  3957 14960 D ApplicationPolicy: isApplicationExternalStorageWhitelisted: DO is not enabled on user 0. Allowed.
10-17 16:46:19.900  3957 14960 D ActivityManager: package  org.mozilla.fenix, user - 0 is SDcard whitelisted
10-17 16:46:19.900  3957 14960 I ApplicationPolicy: isApplicationExternalStorageBlacklisted:org.mozilla.fenix user:0
10-17 16:46:19.900  3957 14960 D ApplicationPolicy: isApplicationExternalStorageBlacklisted: DO is not enabled on user 0. Allowed.
10-17 16:46:19.914 16338 16338 E Zygote  : isWhitelistProcess - Process is Whitelisted
10-17 16:46:19.914  3957 14960 I ActivityManager: Start proc 16338:org.mozilla.fenix:tab22/u0a169 for service org.mozilla.fenix/org.mozilla.gecko.process.GeckoChildProcessServices$tab22
10-17 16:46:19.914 16338 16338 E libpersona: scanKnoxPersonas
10-17 16:46:19.914 16338 16338 E libpersona: Couldn't open the File - /data/system/users/0/personalist.xml - No such file or directory
10-17 16:46:19.916 16338 16338 W SELinux : SELinux selinux_android_compute_policy_index : Policy Index[2],  Con:u:r:zygote:s0 RAM:SEPF_SM-J720F_8.0.0_0002, [-1 -1 -1 -1 0 1]
10-17 16:46:19.917 16338 16338 I SELinux : SELinux: seapp_context_lookup: seinfo=untrusted, level=s0:c512,c768, pkgname=org.mozilla.fenix:tab22 
10-17 16:46:19.920 15960 16272 I BatteryMgr:DataCollectionService: stats => 1697553979920,278,4308,274,0,100
10-17 16:46:19.937 16338 16338 D TimaKeyStoreProvider: TimaKeyStore is not enabled: cannot add TimaSignature Service and generateKeyPair Service
10-17 16:46:19.938 16338 16338 D ActivityThread: Added TimaKeyStore provider
10-17 16:46:19.940  3957  8322 I ActivityManager: DSS on for org.mozilla.fenix and scale is 1.0
10-17 16:46:19.961 16338 16338 I zygote64: no shared libraies, dex_files: 1
10-17 16:46:20.000  3957  3957 D PreBindingService: handleMessage : 1
10-17 16:46:20.028 15960 16272 I BatteryMgr:DataCollectionService: stats => 1697553980028,278,4308,274,0,100
10-17 16:46:20.036 16338 16338 I FenixApplication: onTrimMemory(), level=5, main=false
10-17 16:46:20.037 16338 16338 I ServiceChildProcess: onCreate
10-17 16:46:20.039 16338 16355 I GeckoThread: preparing to run Gecko
10-17 16:46:20.043 16007 16036 W AudioCapabilities: Unsupported mime audio/mpeg-L1
10-17 16:46:20.044 16007 16036 W AudioCapabilities: Unsupported mime audio/mpeg-L2
10-17 16:46:20.044 16007 16036 W AudioCapabilities: Unsupported mime audio/x-ms-wma
10-17 16:46:20.044 16007 16036 W AudioCapabilities: Unsupported mime audio/x-ima
10-17 16:46:20.044 16338 16355 W linker  : "/data/app/org.mozilla.fenix-iWpGOrf8cry6RDpwHyQugA==/lib/arm64/libmozglue.so" unused DT entry: type 0x8000024 arg 0x38f70
10-17 16:46:20.044 16338 16355 W linker  : "/data/app/org.mozilla.fenix-iWpGOrf8cry6RDpwHyQugA==/lib/arm64/libmozglue.so" unused DT entry: type 0x8000023 arg 0x1f8
10-17 16:46:20.045 16338 16355 W linker  : "/data/app/org.mozilla.fenix-iWpGOrf8cry6RDpwHyQugA==/lib/arm64/libmozglue.so" unused DT entry: type 0x8000025 arg 0x8
10-17 16:46:20.046 16007 16036 W VideoCapabilities: Unrecognized profile 2130706433 for video/avc
10-17 16:46:20.046 16007 16036 W VideoCapabilities: Unrecognized profile 2130706434 for video/avc
10-17 16:46:20.048 16338 16355 I GeckoLoader: Library base=/data/app/org.mozilla.fenix-iWpGOrf8cry6RDpwHyQugA==/lib/arm64
10-17 16:46:20.049 16338 16355 I GeckoLoader: Library base=/data/app/org.mozilla.fenix-iWpGOrf8cry6RDpwHyQugA==/lib/arm64
10-17 16:46:20.050 16338 16355 E GeckoLibLoad: Load sqlite start
10-17 16:46:20.051 16338 16355 W linker  : "/data/app/org.mozilla.fenix-iWpGOrf8cry6RDpwHyQugA==/lib/arm64/libnss3.so" unused DT entry: type 0x8000024 arg 0x14998
10-17 16:46:20.051 16338 16355 W linker  : "/data/app/org.mozilla.fenix-iWpGOrf8cry6RDpwHyQugA==/lib/arm64/libnss3.so" unused DT entry: type 0x8000023 arg 0x5c8
10-17 16:46:20.051 16338 16355 W linker  : "/data/app/org.mozilla.fenix-iWpGOrf8cry6RDpwHyQugA==/lib/arm64/libnss3.so" unused DT entry: type 0x8000025 arg 0x8
10-17 16:46:20.052 16338 16355 E GeckoLibLoad: Load sqlite done
10-17 16:46:20.053 16338 16355 I GeckoLoader: Library base=/data/app/org.mozilla.fenix-iWpGOrf8cry6RDpwHyQugA==/lib/arm64
10-17 16:46:20.053 16338 16355 E GeckoLibLoad: Load nss start
10-17 16:46:20.053 16338 16355 E GeckoLibLoad: Load nss done
10-17 16:46:20.053 16338 16355 I GeckoLoader: Library base=/data/app/org.mozilla.fenix-iWpGOrf8cry6RDpwHyQugA==/lib/arm64
10-17 16:46:20.054 16007 16036 W VideoCapabilities: Unrecognized profile/level 1/32 for video/mp4v-es
10-17 16:46:20.054 16007 16036 W VideoCapabilities: Unrecognized profile/level 32768/2 for video/mp4v-es
10-17 16:46:20.054 16007 16036 W VideoCapabilities: Unrecognized profile/level 32768/64 for video/mp4v-es
10-17 16:46:20.055 16007 16036 W VideoCapabilities: Unsupported mime video/wvc1
10-17 16:46:20.056 16007 16036 W VideoCapabilities: Unsupported mime video/x-ms-wmv
10-17 16:46:20.057 16338 16355 W linker  : "/data/app/org.mozilla.fenix-iWpGOrf8cry6RDpwHyQugA==/lib/arm64/libxul.so" unused DT entry: type 0x8000024 arg 0x539420
10-17 16:46:20.057 16338 16355 W linker  : "/data/app/org.mozilla.fenix-iWpGOrf8cry6RDpwHyQugA==/lib/arm64/libxul.so" unused DT entry: type 0x8000023 arg 0x17d68
10-17 16:46:20.057 16338 16355 W linker  : "/data/app/org.mozilla.fenix-iWpGOrf8cry6RDpwHyQugA==/lib/arm64/libxul.so" unused DT entry: type 0x8000025 arg 0x8
10-17 16:46:20.058 16007 16036 W VideoCapabilities: Unsupported mime video/x-ms-wmv7
10-17 16:46:20.059 16007 16036 W VideoCapabilities: Unsupported mime video/x-ms-wmv8
10-17 16:46:20.060 16007 16036 W VideoCapabilities: Unsupported mime video/mp43
10-17 16:46:20.096  3957  6478 D SSRM:k  : SIOP:: AP = 340, PST = 339 (W:14), BAT = 236, USB = 0, CHG = 0
10-17 16:46:20.097 16338 16355 E GeckoLibLoad: Loaded libs in 43.104231ms total, 12ms(40ms) user, 24ms(28ms) system, 0(0) faults
10-17 16:46:20.097 16338 16355 W GeckoThread: zerdatime 1216367475 - runGecko
10-17 16:46:20.115 16007 16202 I libglean_ffi: glean_core::upload: Ping 7ee91bc9-0552-4524-8a56-a52c0d1c229c successfully sent 200.
10-17 16:46:20.116  3957 14960 D ConnectivityService: filterNetworkStateForUid() uid: 10169 networkInfo: [type: WIFI[] - WIFI, state: CONNECTED/CONNECTED, reason: (unspecified), extra: "ourhome", failover: false, available: true, roaming: false, metered: false]
10-17 16:46:20.116  3957 14960 D WifiService: getConnectionInfo uid=1000
10-17 16:46:20.118 16007 16202 I libglean_ffi: glean_core::upload::directory: File was deleted /data/user/0/org.mozilla.fenix/glean_data/pending_pings/7ee91bc9-0552-4524-8a56-a52c0d1c229c
10-17 16:46:20.120 16007 16036 D GeckoIdleService: Register idle observer 0x7422fc62c8 for 5 seconds
10-17 16:46:20.121 16007 16036 D GeckoIdleService: Register: adjusting next switch from -1 to 5 seconds
10-17 16:46:20.121 16007 16036 D GeckoIdleService: next timeout 4708 msec from now
10-17 16:46:20.121 16007 16036 D GeckoIdleService: SetTimerExpiryIfBefore: next timeout 4707 msec from now
10-17 16:46:20.121 16007 16036 D GeckoIdleService: reset timer expiry to 4717 msec from now
10-17 16:46:20.124 16007 16202 I libglean_ffi: glean_core::upload: New upload task with id 901705a5-11c9-4d60-aac8-2288ed0bbff4 (path: /submit/org-mozilla-fenix/pageload/1/901705a5-11c9-4d60-aac8-2288ed0bbff4)
10-17 16:46:20.138 15960 16272 I BatteryMgr:DataCollectionService: stats => 1697553980138,278,4308,274,0,100
10-17 16:46:20.212 16091 16122 W linker  : "/data/app/org.mozilla.fenix-iWpGOrf8cry6RDpwHyQugA==/lib/arm64/libsoftokn3.so" unused DT entry: type 0x8000024 arg 0x2580
10-17 16:46:20.212 16091 16122 W linker  : "/data/app/org.mozilla.fenix-iWpGOrf8cry6RDpwHyQugA==/lib/arm64/libsoftokn3.so" unused DT entry: type 0x8000023 arg 0x70
10-17 16:46:20.212 16091 16122 W linker  : "/data/app/org.mozilla.fenix-iWpGOrf8cry6RDpwHyQugA==/lib/arm64/libsoftokn3.so" unused DT entry: type 0x8000025 arg 0x8
10-17 16:46:20.215 16091 16122 W linker  : "/data/app/org.mozilla.fenix-iWpGOrf8cry6RDpwHyQugA==/lib/arm64/libfreebl3.so" unused DT entry: type 0x8000024 arg 0xe78
10-17 16:46:20.215 16091 16122 W linker  : "/data/app/org.mozilla.fenix-iWpGOrf8cry6RDpwHyQugA==/lib/arm64/libfreebl3.so" unused DT entry: type 0x8000023 arg 0x68
10-17 16:46:20.215 16091 16122 W linker  : "/data/app/org.mozilla.fenix-iWpGOrf8cry6RDpwHyQugA==/lib/arm64/libfreebl3.so" unused DT entry: type 0x8000025 arg 0x8
10-17 16:46:20.242  3599  3918 D DnsProxyListener: DNSDBG::dns addrinfo af 0
10-17 16:46:20.243  3957 14960 I chatty  : uid=1000(system) Binder:3957_1F identical 1 line
10-17 16:46:20.243  3957 14960 D WifiService: getConnectionInfo uid=1000
10-17 16:46:20.247  3599  3918 D DnsProxyListener: DNSDBG::dns addrinfo af 0
10-17 16:46:20.248  3957 14960 D ConnectivityService: filterNetworkStateForUid() uid: 10169 networkInfo: [type: WIFI[] - WIFI, state: CONNECTED/CONNECTED, reason: (unspecified), extra: "ourhome", failover: false, available: true, roaming: false, metered: false]
10-17 16:46:20.248  3957 14960 D WifiService: getConnectionInfo uid=1000
10-17 16:46:20.251 15960 16272 I BatteryMgr:DataCollectionService: stats => 1697553980250,278,4308,274,0,100
10-17 16:46:20.259  3599  3918 D DnsProxyListener: DNSDBG::dns addrinfo af 0
10-17 16:46:20.265  3599  3918 D DnsProxyListener: DNSDBG::dns addrinfo af 0
10-17 16:46:20.292  3957  4128 D WifiService: getConnectionInfo uid=1000
10-17 16:46:20.305  3599  3918 D DnsProxyListener: DNSDBG::dns addrinfo af 0
10-17 16:46:20.365 15960 16272 I BatteryMgr:DataCollectionService: stats => 1697553980364,278,4308,274,0,100
10-17 16:46:20.375 16007 16202 I libglean_ffi: glean_core::upload: Ping 901705a5-11c9-4d60-aac8-2288ed0bbff4 successfully sent 200.
10-17 16:46:20.380 16007 16202 I libglean_ffi: glean_core::upload::directory: File was deleted /data/user/0/org.mozilla.fenix/glean_data/pending_pings/901705a5-11c9-4d60-aac8-2288ed0bbff4
10-17 16:46:20.382 16007 16202 I libglean_ffi: glean_core::upload: New upload task with id 8bb9d93a-59ca-42e0-9f04-ec47713fe7c6 (path: /submit/org-mozilla-fenix/baseline/1/8bb9d93a-59ca-42e0-9f04-ec47713fe7c6)
10-17 16:46:20.394  3599  3918 D DnsProxyListener: DNSDBG::dns addrinfo af 0
10-17 16:46:20.395  3957  8322 D ConnectivityService: filterNetworkStateForUid() uid: 10169 networkInfo: [type: WIFI[] - WIFI, state: CONNECTED/CONNECTED, reason: (unspecified), extra: "ourhome", failover: false, available: true, roaming: false, metered: false]
10-17 16:46:20.395  3957  8322 D WifiService: getConnectionInfo uid=1000
10-17 16:46:20.472 15960 16272 I BatteryMgr:DataCollectionService: stats => 1697553980472,278,4308,274,0,100
10-17 16:46:20.495  3599  3918 D DnsProxyListener: DNSDBG::dns addrinfo af 0
10-17 16:46:20.581 15960 16272 I BatteryMgr:DataCollectionService: stats => 1697553980581,278,4308,274,0,100
10-17 16:46:20.624 16007 16202 I libglean_ffi: glean_core::upload: Ping 8bb9d93a-59ca-42e0-9f04-ec47713fe7c6 successfully sent 200.
10-17 16:46:20.627 16007 16202 I libglean_ffi: glean_core::upload::directory: File was deleted /data/user/0/org.mozilla.fenix/glean_data/pending_pings/8bb9d93a-59ca-42e0-9f04-ec47713fe7c6
10-17 16:46:20.630 16007 16202 I libglean_ffi: glean_core::upload: No more pings to upload! You are done.
