--------- beginning of main
10-17 16:42:33.142  3957  4129 D WifiStateMachine: fetchRssiLinkSpeedAndFrequencyNative rssi=-48 linkspeed=433 freq=5240
10-17 16:42:33.142  3957  4129 V WifiConfigManager: Updating scan detail cache freq=5240 BSSID=f4:6d:2f:12:cc:88 RSSI=-47 for "ourhome"WPA_PSK
10-17 16:42:33.146  4340  4340 E SignalClusterView: setSlotFocusVisible : subId -2
10-17 16:42:33.146  4340  4340 E SignalClusterView: setSlotFocusVisible : subId -2
10-17 16:42:33.181  2848  2848 E adbd    : recv: OPEN 000004ff 00000000 0042:73 68 65 6C 6C 2C 76 32 2C 54 45 52 4D 3D 78 74 65 72 6D 2D 32 35 36 63 6F 6C 6F 72 2C 72 61 77 3A 67 65 74 70 72 6F 70 20 72 6F 2E 62 75 69 6C 64 2E 76 65 72 73 69 6F 6E 2E 72 65 6C 65 61 73 65 00 
10-17 16:42:33.181  2848  2848 E adbd    : service_to_fd: shell,v2,TERM=xterm-256color,raw:getprop ro.build.version.release
10-17 16:42:33.237  2848  2848 E adbd    : recv: OPEN 00000503 00000000 003e:73 68 65 6C 6C 2C 76 32 2C 54 45 52 4D 3D 78 74 65 72 6D 2D 32 35 36 63 6F 6C 6F 72 2C 72 61 77 3A 67 65 74 70 72 6F 70 20 72 6F 2E 62 75 69 6C 64 2E 76 65 72 73 69 6F 6E 2E 73 64 6B 00 
10-17 16:42:33.237  2848  2848 E adbd    : service_to_fd: shell,v2,TERM=xterm-256color,raw:getprop ro.build.version.sdk
10-17 16:42:33.303  2848  2848 E adbd    : recv: OPEN 00000507 00000000 00c4:73 68 65 6C 6C 2C 76 32 2C 54 45 52 4D 3D 78 74 65 72 6D 2D 32 35 36 63 6F 6C 6F 72 2C 72 61 77 3A 61 6D 20 73 74 61 72 74 20 2D 6E 20 22 63 6F 6D 2E 65 78 61 6D 70 6C 65 2E 62 61 74 74 65 72 79 6D 61 6E 61 67 65 72 5F 75 74 69 6C 69 74 79 2F 63 6F 6D 2E 65 78 61 6D 70 6C 65 2E 62 61 74 74 65 72 79 6D 61 6E 61 67 65 72 5F 75 74 69 6C 69 74 79 2E 4D 61 69 6E 41 63 74 69 76 69 74 79 22 20 2D 61 20 61 6E 64 72 6F 69 64 2E 69 6E 74 65 6E 74 2E 61 63 74 69 6F 6E 2E 4D 41 49 4E 20 2D 63 20 61 6E 64 72 6F 69 64 2E 69 6E 74 65 6E 74 2E 63 61 74 65 67 6F 72 79 2E 4C 41 55 4E 43 48 45 52 00 
10-17 16:42:33.303  2848  2848 E adbd    : service_to_fd: shell,v2,TERM=xterm-256color,raw:am start -n "com.example.batterymanager_utility/com.example.batterymanager_utility.MainActivity" -a android.intent.action.MAIN -c android.intent.category.LAUNCHER
--------- beginning of system
10-17 16:42:33.395  3957  7899 I ActivityManager: START u0 {act=android.intent.action.MAIN typ=null flg=0x10000000 cmp=ComponentInfo{com.example.batterymanager_utility/com.example.batterymanager_utility.MainActivity}} from uid 2000
10-17 16:42:33.397  3957  7899 D CustomFrequencyManagerService: acquireDVFSLockLocked : type : DVFS_MIN_LIMIT  frequency : 1560000  uid : 1000  pid : 3957  pkgName : AMS_APP_SWITCH@CPU_MIN@52
10-17 16:42:33.400  3957  7899 D ActivityManagerPerformance: AMP_acquire() APP_SWITCH
10-17 16:42:33.400  3957  5022 D ActivityManagerPerformance: Received MSG_CFMS_HINT_AMS_SWITCH pkgName: com.example.batterymanager_utility
10-17 16:42:33.400  3957  6478 D TelephonyManager: getAllCellInfo : Caller (PID / UID / TID): 3957 / 1000 / 6478
10-17 16:42:33.404   426   426 V Launcher: Launcher.onPause()
10-17 16:42:33.405   426   426 D Launcher: setHotWordDetection : call requestHotWordDetection false
10-17 16:42:33.408  3957  3957 D MdnieScenarioControlService: Listener Real Multi Window State : false
10-17 16:42:33.410  4146  4146 I GsaVoiceInteractionSrv: Handling ACTION_STOP_HOTWORD
10-17 16:42:33.411  4146  4209 I HwDetectorWithState: (REDACTED) a: %d
10-17 16:42:33.415 14429 14429 I A       : Trimming objects from memory, since app is in the background.
10-17 16:42:33.417  3957  4460 D ActivityManager: isScaleDownAnimationEnabled() : false
10-17 16:42:33.418  3957  4460 D StorageManagerService: getExternalStorageMountMode : 1
10-17 16:42:33.418  3957  4460 D StorageManagerService: getExternalStorageMountMode : 3
10-17 16:42:33.418  3957  4460 D StorageManagerService: getExternalStorageMountMode : final mountMode=1, uid : 10170, packageName : com.example.batterymanager_utility
10-17 16:42:33.420  3957  4460 I ApplicationPolicy: isApplicationExternalStorageWhitelisted:com.example.batterymanager_utility user:0
10-17 16:42:33.420  3957  4460 D ApplicationPolicy: isApplicationExternalStorageWhitelisted: DO is not enabled on user 0. Allowed.
10-17 16:42:33.421  3957  4460 D ActivityManager: package  com.example.batterymanager_utility, user - 0 is SDcard whitelisted
10-17 16:42:33.421  3957  4460 I ApplicationPolicy: isApplicationExternalStorageBlacklisted:com.example.batterymanager_utility user:0
10-17 16:42:33.421  3957  4460 D ApplicationPolicy: isApplicationExternalStorageBlacklisted: DO is not enabled on user 0. Allowed.
10-17 16:42:33.424  3957  4129 D WifiStateMachine:  ConnectedState !RSSI_PKTCNT_FETCH uid=1000 rt=505766637/1216140801 0 0 "ourhome" f4:6d:2f:12:cc:88 rssi=-48 f=5240 sc=60 link=433 tx=0.1, 0.0, 0.0  rx=4.7 bcn=45810 [on:0 tx:0 rx:0 period:278] from screen [on:425661 period:1884605] score=60
10-17 16:42:33.426  3957  4129 D WifiStateMachine:  L2ConnectedState !RSSI_PKTCNT_FETCH uid=1000 rt=505766639/1216140803 0 0 "ourhome" f4:6d:2f:12:cc:88 rssi=-48 f=5240 sc=60 link=433 tx=0.1, 0.0, 0.0  rx=4.7 bcn=45810 [on:0 tx:0 rx:0 period:2] from screen [on:425661 period:1884607] score=60
10-17 16:42:33.430  3957  4129 D WifiStateMachine: fetchRssiLinkSpeedAndFrequencyNative rssi=-47 linkspeed=433 freq=5240
10-17 16:42:33.430  3957  4129 V WifiConfigManager: Updating scan detail cache freq=5240 BSSID=f4:6d:2f:12:cc:88 RSSI=-47 for "ourhome"WPA_PSK
10-17 16:42:33.432  3957  6478 D WifiService: getConnectionInfo uid=1000
10-17 16:42:33.434  3957  4025 D ViewRootImpl@ba0de85[batterymanager_utility]: setView = DecorView@8dd5d0b[batterymanager_utility] TM=true MM=false
10-17 16:42:33.434 14651 14651 E Zygote  : isWhitelistProcess - Process is Whitelisted
10-17 16:42:33.434 14651 14651 E libpersona: scanKnoxPersonas
10-17 16:42:33.434 14651 14651 E libpersona: Couldn't open the File - /data/system/users/0/personalist.xml - No such file or directory
10-17 16:42:33.435  3957  4460 I ActivityManager: Start proc 14651:com.example.batterymanager_utility/u0a170 for activity com.example.batterymanager_utility/.MainActivity
10-17 16:42:33.436  3957  4025 D ViewRootImpl@ba0de85[batterymanager_utility]: dispatchAttachedToWindow
10-17 16:42:33.436 14651 14651 W SELinux : SELinux selinux_android_compute_policy_index : Policy Index[2],  Con:u:r:zygote:s0 RAM:SEPF_SM-J720F_8.0.0_0002, [-1 -1 -1 -1 0 1]
10-17 16:42:33.437  3957  4025 V WindowManager: Relayout Window{72974da u0 Splash Screen com.example.batterymanager_utility}: viewVisibility=0 req=719x1237 WM.LayoutParams{(0,0)(fillxfill) sim=#20 ty=3 fl=#81830118 pfl=0x20011 wanim=0x10302fd vsysui=0x600 needsMenuKey=2 colorMode=0 naviIconColor=0}
10-17 16:42:33.437 14651 14651 I SELinux : SELinux: seapp_context_lookup: seinfo=untrusted, level=s0:c512,c768, pkgname=com.example.batterymanager_utility 
10-17 16:42:33.440 14651 14651 I zygote64: Late-enabling -Xcheck:jni
10-17 16:42:33.441  3447  3447 I SurfaceFlinger: id=2751 createSurf (720x1280),1 flag=404, Splash Screen com.example.batterymanager_utility#0
10-17 16:42:33.442  3957  4025 V Surface : sf_framedrop debug : 0x4f4c, game : false, logging : 0
10-17 16:42:33.442  3957  4025 V WindowManager: rotationForOrientationLw(orient=-1, last=0); user=0  sensorRotation=-1 mLidState=-1 mDockMode=0 mHdmiPlugged=false
10-17 16:42:33.445  3957  4025 D ViewRootImpl@ba0de85[batterymanager_utility]: Relayout returned: old=[0,0][0,0] new=[0,0][720,1280] result=0x7 surface={valid=true 500865798144} changed=true
10-17 16:42:33.445  3957  4025 D ViewRootImpl@ba0de85[batterymanager_utility]: MSG_RESIZED_REPORT: frame=Rect(0, 0 - 720, 1280) ci=Rect(0, 42 - 0, 0) vi=Rect(0, 42 - 0, 0) or=1
10-17 16:42:33.460  3957  4025 V WindowManager: finishDrawingLocked: mDrawState=COMMIT_DRAW_PENDING Window{72974da u0 Splash Screen com.example.batterymanager_utility} in Surface(name=Splash Screen com.example.batterymanager_utility)
10-17 16:42:33.462  4340  4340 D WallpaperService: updateSurface forceRelayout=true redrawNeeded=false myWidth=1280 myHeight=1280 fixedSize=true x = 0 y = 0 mWidth=1280 mHeight=1280 mIsSleepMode=false
10-17 16:42:33.464  3957  4460 V WindowManager: Relayout Window{b8b4ba7 u0 com.android.systemui.ImageWallpaper}: viewVisibility=0 req=1280x1280 WM.LayoutParams{(0,0)(1280x1280) gr=#800033 ty=2013 fl=#10318 fmt=2 wanim=0x103030e colorMode=0 naviIconColor=0}
10-17 16:42:33.468  4340  4340 D ImageWallpaper: onOffsetsChanged: xOffset=0.0, yOffset=0.0, xOffsetStep=0.0, yOffsetStep=0.0, xPixels=0, yPixels=0
10-17 16:42:33.469  4340  4340 D ImageWallpaper: newRotation : 0,mLastRotation : 0
10-17 16:42:33.469  4340  4340 D ImageWallpaper: drawFrame:[frame.width()]1280[frame.height()]1280
10-17 16:42:33.469  4340  4340 D ImageWallpaper: surfaceDimensionsChanged=false mDisplayWidth=720 mDisplayHeight=1280
10-17 16:42:33.469  4340  4340 D ImageWallpaper: redrawNeeded = false, mOffsetsChanged = false
10-17 16:42:33.469  4340  4340 D ImageWallpaper: Suppressed drawFrame since redraw is not needed and offsets have not changed.
10-17 16:42:33.489 14651 14651 D TimaKeyStoreProvider: TimaKeyStore is not enabled: cannot add TimaSignature Service and generateKeyPair Service
10-17 16:42:33.489 14651 14651 D ActivityThread: Added TimaKeyStore provider
10-17 16:42:33.493  3957  4460 I ActivityManager: DSS on for com.example.batterymanager_utility and scale is 1.0
10-17 16:42:33.500  3957  4460 D PersonaManagerService: Current focused persona service handled id set to : 0
10-17 16:42:33.500  3957  4460 D InputDispatcher: Focused application set to: xxxx
10-17 16:42:33.501  3957  4460 D InputDispatcher: Focus left window: 426
10-17 16:42:33.502  3957  4220 D GameManagerService: handleForegroundChange(). pkgName: com.example.batterymanager_utility, clsName: com.example.batterymanager_utility.MainActivity,FgActivityName:com.example.batterymanager_utility/.MainActivity
10-17 16:42:33.503  3957  4220 D GameManagerService: sem_perfomance_mode: 3
10-17 16:42:33.503  3957  4460 D MARsPolicyManager: onPackageResumedFG pkgName = com.example.batterymanager_utility, userId = 0
10-17 16:42:33.503  3957  4220 D GameManagerService: notifyResumePause(). pkg: com.example.batterymanager_utility, type: 4, isMinimized: false, isTunableApp: false
10-17 16:42:33.503  3957  4220 D GameManagerService:   notifyResumePause(). unexpected mPrevNotiType: -1
10-17 16:42:33.505  3957  4460 D SamsungAnimationCreator: createAnimation type:LowEnd transit:12 enter:false wallpaperXoffset:-280 split:false fixedOri:false
10-17 16:42:33.505  3957  4460 D SamsungAnimationCreator: createAnimation displayFrame:Rect(0, 0 - 720, 1280) frame:null insets:null
10-17 16:42:33.512  3957  6478 D GamePkgDataHelper: getGamePkgDataIncServer(). com.example.batterymanager_utility
10-17 16:42:33.513  3957  6478 D GameManagerService: identifyGamePackage. com.example.batterymanager_utility
10-17 16:42:33.513  3957  6478 D GamePkgDataHelper: getGamePkgData(). com.example.batterymanager_utility
10-17 16:42:33.513  3957  6478 D GameManagerService: identifyGamePackage. com.example.batterymanager_utility
10-17 16:42:33.513  3957  6478 D GamePkgDataHelper: getGamePkgData(). com.example.batterymanager_utility
10-17 16:42:33.514  3957  6478 D GamePkgDataHelper: getSosPolicy(). com.example.batterymanager_utility
10-17 16:42:33.515  3957  6478 D GameManagerService: identifyGamePackage. com.example.batterymanager_utility
10-17 16:42:33.515  3957  6478 D GamePkgDataHelper: getGamePkgData(). com.example.batterymanager_utility
10-17 16:42:33.518  3957  6478 D GameManagerService: identifyGamePackage. com.example.batterymanager_utility
10-17 16:42:33.519  3957  6478 D GamePkgDataHelper: getGamePkgData(). com.example.batterymanager_utility
10-17 16:42:33.519   426   426 I Launcher: onWindowVisibilityChanged : false
10-17 16:42:33.521  3957  3973 D WindowManager: set systemUiVisibility : systemUiFlags= 0x608 fullscreenStackSysUiFlags= 0x0
10-17 16:42:33.522  3957  4460 D WindowManager: adjustSystemUiVisibilityLw : vis= 0x608
10-17 16:42:33.524   426   484 D OpenGLRenderer: eglDestroySurface = 0x74adfff880
10-17 16:42:33.525  3957  4460 V WindowManager: Relayout Window{f4e98e0 u0 com.sec.android.app.launcher/com.sec.android.app.launcher.activities.LauncherActivity}: viewVisibility=8 req=720x1280 WM.LayoutParams{(0,0)(fillxfill) sim=#130 ty=1 fl=#81910d00 pfl=0x20000 fmt=-2 wanim=0x10302ea vsysui=0x700 needsMenuKey=2 colorMode=0 naviIconColor=0}
10-17 16:42:33.529   426   426 D ViewRootImpl@64d68ee[LauncherActivity]: Relayout returned: old=[0,0][720,1280] new=[0,0][720,1280] result=0x5 surface={valid=false 0} changed=true
10-17 16:42:33.529   426   426 D ViewRootImpl@64d68ee[LauncherActivity]: MSG_WINDOW_FOCUS_CHANGED 0
10-17 16:42:33.534 14651 14651 I zygote64: no shared libraies, dex_files: 1
10-17 16:42:33.540  4340  4361 D SystemServicesProxy: updateOverviewLastStackActiveTimeAsync: newTime=1697553541308
10-17 16:42:33.541  3957  4460 D SecContentProvider: query(), uri = 17 selection = isSettingsChangesAllowed
10-17 16:42:33.542  3957  4460 D SecContentProvider: called from android.uid.systemui:10009
10-17 16:42:33.542  4340  4692 D SystemServicesProxy: updateOverviewLastStackActiveTimeAsync: done.
10-17 16:42:33.582 14651 14651 I BatteryMgr:App: creating notification channel
10-17 16:42:33.607  3447  3447 I SurfaceFlinger: Display 0 HWC layers:
10-17 16:42:33.607  3447  3447 I SurfaceFlinger:     type    |    handle    | flag |  format   |   source crop (l,t,r,b)    |         frame       | name 
10-17 16:42:33.607  3447  3447 I SurfaceFlinger: ------------+--------------+------+-----------+----------------------------+---------------------+------
10-17 16:42:33.607  3447  3447 I SurfaceFlinger:      Device | 0x7e9ec22c80 | 0002 | RGBx_8888 | 280.0    0.0 1000.0 1280.0 |    0    0  720 1280 | com.android.systemui.ImageWallpaper#0
10-17 16:42:33.607  3447  3447 I SurfaceFlinger:      Device | 0x7ea5024240 | 0000 | RGBA_8888 |  20.0   36.0  700.0 1245.0 |    0    0  720 1280 | com.sec.android.app.launcher/com.sec[...]uncher.activities.LauncherActivity#0
10-17 16:42:33.607  3447  3447 I SurfaceFlinger:      Device | 0x7e9ecc1c40 | 0002 | RGBA_8888 |   0.0    0.0  720.0 1279.0 |  134  237  587 1042 | Splash Screen com.example.batterymanager_utility#0
10-17 16:42:33.607  3447  3447 I SurfaceFlinger:      Device | 0x7e9ecdee00 | 0000 | RGBA_8888 |   0.0    0.0  720.0   42.0 |    0    0  720   42 | StatusBar#0
10-17 16:42:33.607  3447  3447 I SurfaceFlinger: 
10-17 16:42:33.644  3957  4089 D MdnieScenarioControlService:  packageName : com.example.batterymanager_utility    className : com.example.batterymanager_utility.MainActivity
10-17 16:42:33.644  3957  4089 V MdnieScenarioControlService: setUIMode from UI function(3)
10-17 16:42:33.681 14651 14668 D OpenGLRenderer: HWUI GL Pipeline
10-17 16:42:33.689 14651 14651 D ViewRootImpl@4470b6[MainActivity]: setView = DecorView@a3fa1b7[MainActivity] TM=true MM=false
10-17 16:42:33.690  3957  4128 D WifiService: getConnectionInfo uid=1000
10-17 16:42:33.690  3957  4460 D ActivityManager: post active user change for 0 fullscreen true isHomeActivity() false
10-17 16:42:33.815 14651 14651 W zygote64: Class androidx.compose.runtime.snapshots.SnapshotStateList failed lock verification and will run slower.
10-17 16:42:33.815 14651 14651 W zygote64: Common causes for lock verification issues are non-optimized dex code
10-17 16:42:33.815 14651 14651 W zygote64: and incorrect proguard optimizations.
10-17 16:42:33.923 14651 14651 D ViewRootImpl@4470b6[MainActivity]: dispatchAttachedToWindow
10-17 16:42:33.958  3447  3447 I SurfaceFlinger: Display 0 HWC layers:
10-17 16:42:33.958  3447  3447 I SurfaceFlinger:     type    |    handle    | flag |  format   |   source crop (l,t,r,b)    |         frame       | name 
10-17 16:42:33.958  3447  3447 I SurfaceFlinger: ------------+--------------+------+-----------+----------------------------+---------------------+------
10-17 16:42:33.958  3447  3447 I SurfaceFlinger:      Device | 0x7e9ecc1c40 | 0002 | RGBA_8888 |   0.0    0.0  720.0 1280.0 |    0    0  720 1280 | Splash Screen com.example.batterymanager_utility#0
10-17 16:42:33.958  3447  3447 I SurfaceFlinger:      Device | 0x7e9ecdee00 | 0000 | RGBA_8888 |   0.0    0.0  720.0   42.0 |    0    0  720   42 | StatusBar#0
10-17 16:42:33.958  3447  3447 I SurfaceFlinger: 
10-17 16:42:33.974  3957  4025 I WindowManager: Destroying surface Surface(name=com.sec.android.app.launcher/com.sec.android.app.launcher.activities.LauncherActivity) called by com.android.server.wm.WindowStateAnimator.destroySurface:2501 com.android.server.wm.WindowStateAnimator.destroySurfaceLocked:985 com.android.server.wm.WindowState.destroyOrSaveSurfaceUnchecked:3670 com.android.server.wm.WindowState.destroySurface:3618 com.android.server.wm.AppWindowToken.destroySurfaces:722 com.android.server.wm.AppWindowToken.destroySurfaces:706 com.android.server.wm.WindowState.onExitAnimationDone:5316 com.android.server.wm.AppWindowAnimator.stepAnimationLocked:508 
10-17 16:42:33.974  3447  3489 I SurfaceFlinger: id=2750 Removed com.sec.android.app.launcher/com.sec.android.app.launcher.activities.LauncherActivity#0 (1/5)
10-17 16:42:33.976  3957  4460 V WindowManager: Relayout Window{eaea3df u0 com.example.batterymanager_utility/com.example.batterymanager_utility.MainActivity}: viewVisibility=0 req=719x1237 WM.LayoutParams{(0,0)(fillxfill) sim=#120 ty=1 fl=#81810100 pfl=0x20000 wanim=0x10302fd vsysui=0x600 needsMenuKey=2 colorMode=0 naviIconColor=0}
10-17 16:42:33.980  4340  4361 D WallpaperService: dispatchAppVisibility onVisibilityChanged(): false
10-17 16:42:33.980  4340  4340 D ImageWallpaper: onVisibilityChanged: mVisible, visible=true, false
10-17 16:42:33.980  4340  4340 D ImageWallpaper: Visibility changed to visible=false
10-17 16:42:33.980  4340  4340 D WallpaperService: reportVisibility onVisibilityChanged visible: false
10-17 16:42:33.983  3447  3447 I SurfaceFlinger: id=2752 createSurf (720x1280),1 flag=404, com.example.batterymanager_utility/com.example.batterymanager_utility.MainActivity#0
10-17 16:42:33.984  3957  4460 V Surface : sf_framedrop debug : 0x4f4c, game : false, logging : 0
10-17 16:42:33.986  3447  3447 I Layer   : id=2750 onRemoved com.sec.android.app.launcher/com.sec.android.app.launcher.activities.LauncherActivity#0 
10-17 16:42:33.987  3957  4460 D InputDispatcher: Focus entered window: 14651
10-17 16:42:33.989 14651 14651 V Surface : sf_framedrop debug : 0x4f4c, game : false, logging : 0
10-17 16:42:33.991 14651 14651 D ViewRootImpl@4470b6[MainActivity]: Relayout returned: old=[0,0][0,0] new=[0,0][720,1280] result=0x7 surface={valid=true 502085304320} changed=true
10-17 16:42:34.001 14651 14668 I OpenGLRenderer: Initialized EGL, version 1.4
10-17 16:42:34.001 14651 14668 D OpenGLRenderer: Swap behavior 2
10-17 16:42:34.007 14651 14668 D libGLESv1: STS_GLApi : DTS, ODTC are not allowed for Package : com.example.batterymanager_utility
10-17 16:42:34.008 14651 14668 D mali_winsys: EGLint new_window_surface(egl_winsys_display *, void *, EGLSurface, EGLConfig, egl_winsys_surface **, egl_color_buffer_format *, EGLBoolean) returns 0x3000,  [720x1280]-format:1
10-17 16:42:34.008 14651 14668 D OpenGLRenderer: eglCreateWindowSurface = 0x74d44a7b80
10-17 16:42:34.009 14651 14651 D Compose Focus: Owner FocusChanged(true)
10-17 16:42:34.123  3957  7899 V WindowManager: finishDrawingLocked: mDrawState=COMMIT_DRAW_PENDING Window{eaea3df u0 com.example.batterymanager_utility/com.example.batterymanager_utility.MainActivity} in Surface(name=com.example.batterymanager_utility/com.example.batterymanager_utility.MainActivity)
10-17 16:42:34.125 14651 14651 D ViewRootImpl@4470b6[MainActivity]: MSG_RESIZED_REPORT: frame=Rect(0, 0 - 720, 1280) ci=Rect(0, 42 - 0, 0) vi=Rect(0, 42 - 0, 0) or=1
10-17 16:42:34.125 14651 14651 D ViewRootImpl@4470b6[MainActivity]: MSG_WINDOW_FOCUS_CHANGED 1
10-17 16:42:34.129  3957  4025 D ViewRootImpl@ba0de85[batterymanager_utility]: dispatchDetachedFromWindow
10-17 16:42:34.129  3957  4025 D InputEventReceiver: channel '72974da Splash Screen com.example.batterymanager_utility (client)' ~ Disposing input event receiver.
10-17 16:42:34.129  3957  4025 D InputEventReceiver: channel '72974da Splash Screen com.example.batterymanager_utility (client)' ~NativeInputEventReceiver.
10-17 16:42:34.131  3957  3981 I ActivityManager: Displayed com.example.batterymanager_utility/.MainActivity: +711ms
10-17 16:42:34.132  3957  3981 D CustomFrequencyManagerService: acquireDVFSLockLocked : type : DVFS_MIN_LIMIT  frequency : 1560000  uid : 1000  pid : 3957  pkgName : AMS_RESUME_TAIL@CPU_MIN@58
10-17 16:42:34.133  3957  3981 D ActivityManagerPerformance: AMP_acquire() TAIL
10-17 16:42:34.133  3957  3981 D CustomFrequencyManagerService: releaseDVFSLockLocked : Getting Lock type frm List : DVFS_MIN_LIMIT  frequency : 1560000  uid : 1000  pid : 3957  tag : AMS_APP_SWITCH@CPU_MIN@52
10-17 16:42:34.134  3957  3981 D ActivityManagerPerformance: AMP_release() APP_SWITCH
10-17 16:42:34.134 14651 14651 V InputMethodManager: Starting input: tba=android.view.inputmethod.EditorInfo@83e742a nm : com.example.batterymanager_utility ic=null
10-17 16:42:34.135 14651 14651 I InputMethodManager: startInputInner - mService.startInputOrWindowGainedFocus
10-17 16:42:34.135  3957  7899 D InputMethodManagerService: startInputOrWindowGainedFocus : windowGainedFocus 
10-17 16:42:34.135  3957  7899 D InputMethodManagerService: windowGainedFocus: destinationUserId (getCallingUid) = 0
10-17 16:42:34.135  3957  7899 D InputMethodManagerService: windowGainedFocus: currentUserId=0
10-17 16:42:34.136  3957  7899 D InputMethodManagerService: windowGainedFocus: mCurrentFocusedUserId=0
10-17 16:42:34.136  3957  7899 D InputMethodManagerService: windowGainedFocus : lock - currentUserId = 0 destinationUserId = 0
10-17 16:42:34.136  3957  7899 D InputMethodManagerService: windowGainedFocus : mCurrentFocusedUserId - 0 and mSecureKeypadEnabled - false, userSwitched - false
10-17 16:42:34.136  3957  7899 V InputMethodManagerService: windowGainedFocus : reason=WINDOW_FOCUS_GAIN client=android.os.BinderProxy@9af4c39 inputContext=null missingMethods= attribute=android.view.inputmethod.EditorInfo@c839efb nm = com.example.batterymanager_utility controlFlags=#105 softInputMode=#120 windowFlags=#81810100
10-17 16:42:34.136  3957  7899 V InputMethodManagerService: hideCurrentInputLocked : shouldHideSoftInput is false
10-17 16:42:34.138  3957  7899 D InputMethodManagerService: isImeSwitcherDisabledPackage : false
10-17 16:42:34.138  3957  7899 V InputMethodManagerService: Creating new session for client ClientState{f9d5b18 uid 10170 pid 14651}
10-17 16:42:34.141  3957  7899 D InputMethodManagerService: setCurrentInputInfo - inputContext : null eidtorInfo : android.view.inputmethod.EditorInfo@c839efb missingMethods : 0
10-17 16:42:34.143  2764  2764 I InputMethodWrapper:  call dispatchStartInputWithToken
10-17 16:42:34.143  2764  2764 I InputMethodService: dispatchStartInputWithToken
10-17 16:42:34.144  2764  2764 I SKBD    : SamsungKeypad [IMI] onStartInput - caller pid : 14651, caller uid : 10170
10-17 16:42:34.161 14651 14651 V InputMethodManager: Starting input: tba=android.view.inputmethod.EditorInfo@c78721b nm : com.example.batterymanager_utility ic=null
10-17 16:42:34.167   426   426 D StageManager: saved stages : inStack [1, 2] , outStack[]
10-17 16:42:34.173  3447  3447 I SurfaceFlinger: Display 0 HWC layers:
10-17 16:42:34.173  3447  3447 I SurfaceFlinger:     type    |    handle    | flag |  format   |   source crop (l,t,r,b)    |         frame       | name 
10-17 16:42:34.173  3447  3447 I SurfaceFlinger: ------------+--------------+------+-----------+----------------------------+---------------------+------
10-17 16:42:34.173  3447  3447 I SurfaceFlinger:      Device | 0x7e9ecdd900 | 0002 | RGBA_8888 |   0.0    0.0  720.0 1280.0 |    0    0  720 1280 | com.example.batterymanager_utility/c[...]atterymanager_utility.MainActivity#0
10-17 16:42:34.173  3447  3447 I SurfaceFlinger:      Device | 0x7e9ecc1c40 | 0002 | RGBA_8888 |   0.0    0.0  720.0 1280.0 |    0    0  720 1280 | Splash Screen com.example.batterymanager_utility#0
10-17 16:42:34.173  3447  3447 I SurfaceFlinger:      Device | 0x7e9ecdee00 | 0000 | RGBA_8888 |   0.0    0.0  720.0   42.0 |    0    0  720   42 | StatusBar#0
10-17 16:42:34.173  3447  3447 I SurfaceFlinger: 
10-17 16:42:34.305  3957  4089 D MdnieScenarioControlService:  packageName : com.example.batterymanager_utility    className : com.example.batterymanager_utility.MainActivity
10-17 16:42:34.305  3957  4089 V MdnieScenarioControlService: setUIMode from UI function(3)
10-17 16:42:34.306  3447  3447 I SurfaceFlinger: Display 0 HWC layers:
10-17 16:42:34.306  3447  3447 I SurfaceFlinger:     type    |    handle    | flag |  format   |   source crop (l,t,r,b)    |         frame       | name 
10-17 16:42:34.306  3447  3447 I SurfaceFlinger: ------------+--------------+------+-----------+----------------------------+---------------------+------
10-17 16:42:34.306  3447  3447 I SurfaceFlinger:      Device | 0x7e9ecdd900 | 0002 | RGBA_8888 |   0.0    0.0  720.0 1280.0 |    0    0  720 1280 | com.example.batterymanager_utility/c[...]atterymanager_utility.MainActivity#0
10-17 16:42:34.306  3447  3447 I SurfaceFlinger:      Device | 0x7e9ecdee00 | 0000 | RGBA_8888 |   0.0    0.0  720.0   42.0 |    0    0  720   42 | StatusBar#0
10-17 16:42:34.306  3447  3447 I SurfaceFlinger: 
10-17 16:42:34.308  3957  4025 I WindowManager: Destroying surface Surface(name=Splash Screen com.example.batterymanager_utility) called by com.android.server.wm.WindowStateAnimator.destroySurface:2501 com.android.server.wm.WindowStateAnimator.destroySurfaceLocked:985 com.android.server.wm.WindowState.destroyOrSaveSurfaceUnchecked:3670 com.android.server.wm.WindowState.destroySurface:3618 com.android.server.wm.AppWindowToken.destroySurfaces:722 com.android.server.wm.AppWindowToken.destroySurfaces:706 com.android.server.wm.WindowState.onExitAnimationDone:5316 com.android.server.wm.WindowStateAnimator.stepAnimationLocked:550 
10-17 16:42:34.308  3447  3489 I SurfaceFlinger: id=2751 Removed Splash Screen com.example.batterymanager_utility#0 (2/5)
10-17 16:42:34.314  3447 18688 I SurfaceFlinger: id=2751 Removed Splash Screen com.example.batterymanager_utility#0 (-2/5)
10-17 16:42:34.320  3447  3447 I Layer   : id=2751 onRemoved Splash Screen com.example.batterymanager_utility#0 
10-17 16:42:34.426  3957  4129 D WifiStateMachine:  ConnectedState !RSSI_PKTCNT_FETCH uid=1000 rt=505767639/1216141803 0 0 "ourhome" f4:6d:2f:12:cc:88 rssi=-47 f=5240 sc=60 link=433 tx=0.1, 0.0, 0.0  rx=4.7 bcn=45810 [on:0 tx:0 rx:0 period:1000] from screen [on:425661 period:1885607] score=60
10-17 16:42:34.426  3957  4129 D WifiStateMachine:  L2ConnectedState !RSSI_PKTCNT_FETCH uid=1000 rt=505767640/1216141804 0 0 "ourhome" f4:6d:2f:12:cc:88 rssi=-47 f=5240 sc=60 link=433 tx=0.1, 0.0, 0.0  rx=4.7 bcn=45810 [on:0 tx:0 rx:0 period:0] from screen [on:425661 period:1885607] score=60
10-17 16:42:34.432  3957  4129 D WifiStateMachine: fetchRssiLinkSpeedAndFrequencyNative rssi=-48 linkspeed=433 freq=5240
10-17 16:42:34.432  3957  4129 V WifiConfigManager: Updating scan detail cache freq=5240 BSSID=f4:6d:2f:12:cc:88 RSSI=-47 for "ourhome"WPA_PSK
10-17 16:42:34.692  3957  4128 D WifiService: getConnectionInfo uid=1000
10-17 16:42:34.734  3957  3957 D CustomFrequencyManagerService: releaseDVFSLockLocked : Getting Lock type frm List : DVFS_MIN_LIMIT  frequency : 1560000  uid : 1000  pid : 3957  tag : AMS_RESUME_TAIL@CPU_MIN@58
10-17 16:42:35.431  3957  4129 D WifiStateMachine:  ConnectedState !RSSI_PKTCNT_FETCH uid=1000 rt=505768643/1216142807 0 0 "ourhome" f4:6d:2f:12:cc:88 rssi=-48 f=5240 sc=60 link=433 tx=0.1, 0.0, 0.0  rx=4.7 bcn=45810 [on:0 tx:0 rx:0 period:1005] from screen [on:425661 period:1886612] score=60
10-17 16:42:35.434  3957  4129 D WifiStateMachine:  L2ConnectedState !RSSI_PKTCNT_FETCH uid=1000 rt=505768646/1216142810 0 0 "ourhome" f4:6d:2f:12:cc:88 rssi=-48 f=5240 sc=60 link=433 tx=0.1, 0.0, 0.0  rx=4.7 bcn=45810 [on:0 tx:0 rx:0 period:2] from screen [on:425661 period:1886614] score=60
10-17 16:42:35.438  3957  3957 D PreBindingService: handleMessage : 1
10-17 16:42:35.441  3957  4129 D WifiStateMachine: fetchRssiLinkSpeedAndFrequencyNative rssi=-48 linkspeed=433 freq=5240
10-17 16:42:35.441  3957  4129 V WifiConfigManager: Updating scan detail cache freq=5240 BSSID=f4:6d:2f:12:cc:88 RSSI=-47 for "ourhome"WPA_PSK
10-17 16:42:35.695  3957  4128 D WifiService: getConnectionInfo uid=1000
10-17 16:42:35.994  3957  4030 D SensorService: [SO] 0.182 -0.249 9.993
10-17 16:42:36.147  3957  4129 D WifiStateMachine:  ConnectedState !CMD_RSSI_POLL rt=505769359/1216143523 81 0 "ourhome" f4:6d:2f:12:cc:88 rssi=-48 f=5240 sc=60 link=433 tx=0.1, 0.0, 0.0  rx=4.7 bcn=45810 [on:0 tx:0 rx:0 period:714] from screen [on:425661 period:1887328] score=60
10-17 16:42:36.150  3957  4129 D WifiStateMachine:  L2ConnectedState !CMD_RSSI_POLL rt=505769362/1216143526 81 0 "ourhome" f4:6d:2f:12:cc:88 rssi=-48 f=5240 sc=60 link=433 tx=0.1, 0.0, 0.0  rx=4.7 bcn=45810 [on:0 tx:0 rx:0 period:2] from screen [on:425661 period:1887330] score=60
10-17 16:42:36.150  3957  4129 D WifiStateMachine:  get link layer stats 3
10-17 16:42:36.151  3436  3436 I android.hardware.wifi@1.0-service: getLinkLayerStats
10-17 16:42:36.171  3957  4129 D WifiStateMachine: fetchRssiLinkSpeedAndFrequencyNative rssi=-47 linkspeed=433 freq=5240
10-17 16:42:36.171  3957  4129 V WifiConfigManager: Updating scan detail cache freq=5240 BSSID=f4:6d:2f:12:cc:88 RSSI=-47 for "ourhome"WPA_PSK
10-17 16:42:36.177  4340  4340 E SignalClusterView: setSlotFocusVisible : subId -2
10-17 16:42:36.177  4340  4340 E SignalClusterView: setSlotFocusVisible : subId -2
10-17 16:42:36.432  3957  4129 D WifiStateMachine:  ConnectedState !RSSI_PKTCNT_FETCH uid=1000 rt=505769643/1216143807 0 0 "ourhome" f4:6d:2f:12:cc:88 rssi=-47 f=5240 sc=60 link=433 tx=0.0, 0.0, 0.0  rx=4.2 bcn=45836 [on:0 tx:0 rx:0 period:255] from screen [on:425890 period:1887612] score=60
10-17 16:42:36.434  3957  4129 D WifiStateMachine:  L2ConnectedState !RSSI_PKTCNT_FETCH uid=1000 rt=505769646/1216143810 0 0 "ourhome" f4:6d:2f:12:cc:88 rssi=-47 f=5240 sc=60 link=433 tx=0.0, 0.0, 0.0  rx=4.2 bcn=45836 [on:0 tx:0 rx:0 period:3] from screen [on:425890 period:1887615] score=60
10-17 16:42:36.442  3957  4129 D WifiStateMachine: fetchRssiLinkSpeedAndFrequencyNative rssi=-48 linkspeed=433 freq=5240
10-17 16:42:36.442  3957  4129 V WifiConfigManager: Updating scan detail cache freq=5240 BSSID=f4:6d:2f:12:cc:88 RSSI=-47 for "ourhome"WPA_PSK
10-17 16:42:36.698  3957  4128 D WifiService: getConnectionInfo uid=1000
10-17 16:42:37.023  4961  4961 D io_stats: !@ 179,0 r 7782245 250681008 w 1659042 34466464 d 133317 33977956 f 386622 407807 iot 3444884 3012631 th 51200 0 0 pt 0 inp 0 0 505770.236
10-17 16:42:37.098  2479  2548 D ScanRecord: Not a Multi Manu data
10-17 16:42:37.401  2479  2548 I chatty  : uid=1002(bluetooth) BT Service Call identical 297 lines
10-17 16:42:37.401  2479  2548 D ScanRecord: Not a Multi Manu data
10-17 16:42:37.434  3957  4129 D WifiStateMachine:  ConnectedState !RSSI_PKTCNT_FETCH uid=1000 rt=505770645/1216144810 0 0 "ourhome" f4:6d:2f:12:cc:88 rssi=-48 f=5240 sc=60 link=433 tx=0.0, 0.0, 0.0  rx=4.2 bcn=45836 [on:0 tx:0 rx:0 period:999] from screen [on:425890 period:1888614] score=60
10-17 16:42:37.436  3957  4129 D WifiStateMachine:  L2ConnectedState !RSSI_PKTCNT_FETCH uid=1000 rt=505770648/1216144812 0 0 "ourhome" f4:6d:2f:12:cc:88 rssi=-48 f=5240 sc=60 link=433 tx=0.0, 0.0, 0.0  rx=4.2 bcn=45836 [on:0 tx:0 rx:0 period:3] from screen [on:425890 period:1888617] score=60
10-17 16:42:37.440  3957  6478 D WifiService: getConnectionInfo uid=1000
10-17 16:42:37.441  3957  4129 D WifiStateMachine: fetchRssiLinkSpeedAndFrequencyNative rssi=-48 linkspeed=433 freq=5240
10-17 16:42:37.441  3957  4129 V WifiConfigManager: Updating scan detail cache freq=5240 BSSID=f4:6d:2f:12:cc:88 RSSI=-47 for "ourhome"WPA_PSK
10-17 16:42:37.452  2479  2548 D ScanRecord: Not a Multi Manu data
10-17 16:42:37.572  2479  2548 I chatty  : uid=1002(bluetooth) BT Service Call identical 193 lines
10-17 16:42:37.572  2479  2548 D ScanRecord: Not a Multi Manu data
10-17 16:42:37.701  3957  4128 D WifiService: getConnectionInfo uid=1000
10-17 16:42:38.436  3957  4129 D WifiStateMachine:  ConnectedState !RSSI_PKTCNT_FETCH uid=1000 rt=505771648/1216145812 0 0 "ourhome" f4:6d:2f:12:cc:88 rssi=-48 f=5240 sc=60 link=433 tx=0.0, 0.0, 0.0  rx=4.2 bcn=45836 [on:0 tx:0 rx:0 period:1000] from screen [on:425890 period:1889617] score=60
10-17 16:42:38.440  2848  2848 E adbd    : recv: OPEN 0000050b 00000000 003f:73 68 65 6C 6C 2C 76 32 2C 54 45 52 4D 3D 78 74 65 72 6D 2D 32 35 36 63 6F 6C 6F 72 2C 72 61 77 3A 6D 6F 6E 6B 65 79 20 2D 70 20 6F 72 67 2E 6D 6F 7A 69 6C 6C 61 2E 66 65 6E 69 78 20 31 00 
10-17 16:42:38.440  2848  2848 E adbd    : service_to_fd: shell,v2,TERM=xterm-256color,raw:monkey -p org.mozilla.fenix 1
10-17 16:42:38.440  3957  4129 D WifiStateMachine:  L2ConnectedState !RSSI_PKTCNT_FETCH uid=1000 rt=505771651/1216145815 0 0 "ourhome" f4:6d:2f:12:cc:88 rssi=-48 f=5240 sc=60 link=433 tx=0.0, 0.0, 0.0  rx=4.2 bcn=45836 [on:0 tx:0 rx:0 period:4] from screen [on:425890 period:1889621] score=60
10-17 16:42:38.447  3957  4129 D WifiStateMachine: fetchRssiLinkSpeedAndFrequencyNative rssi=-47 linkspeed=433 freq=5240
10-17 16:42:38.447  3957  4129 V WifiConfigManager: Updating scan detail cache freq=5240 BSSID=f4:6d:2f:12:cc:88 RSSI=-47 for "ourhome"WPA_PSK
10-17 16:42:38.703  3957  4128 D WifiService: getConnectionInfo uid=1000
10-17 16:42:38.831  3957  6478 D SSRM:k  : SIOP:: AP = 330, PST = 340 (W:14), BAT = 236, USB = 0, CHG = 0
10-17 16:42:39.175  3957  4129 D WifiStateMachine:  ConnectedState !CMD_RSSI_POLL rt=505772387/1216146551 81 0 "ourhome" f4:6d:2f:12:cc:88 rssi=-47 f=5240 sc=60 link=433 tx=0.0, 0.0, 0.0  rx=4.2 bcn=45836 [on:0 tx:0 rx:0 period:735] from screen [on:425890 period:1890356] score=60
10-17 16:42:39.177  3957  4129 D WifiStateMachine:  L2ConnectedState !CMD_RSSI_POLL rt=505772390/1216146554 81 0 "ourhome" f4:6d:2f:12:cc:88 rssi=-47 f=5240 sc=60 link=433 tx=0.0, 0.0, 0.0  rx=4.2 bcn=45836 [on:0 tx:0 rx:0 period:2] from screen [on:425890 period:1890358] score=60
10-17 16:42:39.178  3957  4129 D WifiStateMachine:  get link layer stats 3
10-17 16:42:39.178  3436  3436 I android.hardware.wifi@1.0-service: getLinkLayerStats
10-17 16:42:39.181 14684 14684 W ADebug  : Failed to get property persist.sys.media.traces
10-17 16:42:39.187  3957  4129 D WifiStateMachine: fetchRssiLinkSpeedAndFrequencyNative rssi=-48 linkspeed=433 freq=5240
10-17 16:42:39.187  3957  4129 V WifiConfigManager: Updating scan detail cache freq=5240 BSSID=f4:6d:2f:12:cc:88 RSSI=-47 for "ourhome"WPA_PSK
10-17 16:42:39.192  4340  4340 E SignalClusterView: setSlotFocusVisible : subId -2
10-17 16:42:39.193  4340  4340 E SignalClusterView: setSlotFocusVisible : subId -2
10-17 16:42:39.204 14684 14684 E appproc : Enhanced Zygote ASLR: ro.knox.enhance.zygote.aslr != 1. Enhanced Zygote ASLR is DISABLED!
10-17 16:42:39.204 14684 14684 D AndroidRuntime: >>>>>> START com.android.internal.os.RuntimeInit uid 2000 <<<<<<
10-17 16:42:39.232 14684 14684 D SecNativeFeatureCppIf: encoded
10-17 16:42:39.232 14684 14684 D SecNativeFeatureCppIf: decoding and unzip finish
10-17 16:42:39.232 14684 14684 D SecNativeFeatureCppIf: use unCompDataBuff. encoded
10-17 16:42:39.233 14684 14684 D SecNativeFeatureCppIf: Free unCompDataBuff
10-17 16:42:39.234 14684 14684 D SecNativeFeatureCppIf: encoded
10-17 16:42:39.234 14684 14684 D SecNativeFeatureCppIf: decoding and unzip finish
10-17 16:42:39.234 14684 14684 D SecNativeFeatureCppIf: use unCompDataBuff. encoded
10-17 16:42:39.235 14684 14684 D SecNativeFeatureCppIf: Free unCompDataBuff
10-17 16:42:39.235 14684 14684 D SecNativeFeatureCppIf: encoded
10-17 16:42:39.235 14684 14684 D SecNativeFeatureCppIf: decoding and unzip finish
10-17 16:42:39.235 14684 14684 D SecNativeFeatureCppIf: use unCompDataBuff. encoded
10-17 16:42:39.235 14684 14684 D SecNativeFeatureCppIf: Free unCompDataBuff
10-17 16:42:39.235 14684 14684 D SecNativeFeatureCppIf: encoded
10-17 16:42:39.235 14684 14684 D SecNativeFeatureCppIf: decoding and unzip finish
10-17 16:42:39.235 14684 14684 D SecNativeFeatureCppIf: use unCompDataBuff. encoded
10-17 16:42:39.235 14684 14684 D SecNativeFeatureCppIf: Free unCompDataBuff
10-17 16:42:39.436  3957  4129 D WifiStateMachine:  ConnectedState !RSSI_PKTCNT_FETCH uid=1000 rt=505772649/1216146813 0 0 "ourhome" f4:6d:2f:12:cc:88 rssi=-48 f=5240 sc=60 link=433 tx=0.0, 0.0, 0.0  rx=4.1 bcn=45862 [on:0 tx:0 rx:0 period:245] from screen [on:426123 period:1890617] score=60
10-17 16:42:39.438  3957  4129 D WifiStateMachine:  L2ConnectedState !RSSI_PKTCNT_FETCH uid=1000 rt=505772651/1216146815 0 0 "ourhome" f4:6d:2f:12:cc:88 rssi=-48 f=5240 sc=60 link=433 tx=0.0, 0.0, 0.0  rx=4.1 bcn=45862 [on:0 tx:0 rx:0 period:2] from screen [on:426123 period:1890619] score=60
10-17 16:42:39.440  3957  4129 D WifiStateMachine: fetchRssiLinkSpeedAndFrequencyNative rssi=-48 linkspeed=433 freq=5240
10-17 16:42:39.441  3957  4129 V WifiConfigManager: Updating scan detail cache freq=5240 BSSID=f4:6d:2f:12:cc:88 RSSI=-47 for "ourhome"WPA_PSK
10-17 16:42:39.501 14684 14684 D ICU     : Timezone override file found: /data/misc/zoneinfo/current/icu/icu_tzdata.dat
10-17 16:42:39.565 14684 14684 I app_process: find the special shared library, skip check
10-17 16:42:39.620 14651 14692 D ProfileInstaller: Installing profile for com.example.batterymanager_utility
10-17 16:42:39.630 14651 14656 I zygote64: Do partial code cache collection, code=30KB, data=25KB
10-17 16:42:39.631 14651 14656 I zygote64: After code cache collection, code=30KB, data=25KB
10-17 16:42:39.631 14651 14656 I zygote64: Increasing code cache capacity to 128KB
10-17 16:42:39.641 14684 14684 D SemCscFeature: Encoded
10-17 16:42:39.644 14684 14684 I chatty  : uid=2000(shell) identical 2 lines
10-17 16:42:39.646 14684 14684 D SemCscFeature: Encoded
10-17 16:42:39.648 14684 14684 E SemAffinityControl: SemAffinityControl: registerfunction enter
10-17 16:42:39.675 14684 14684 D AndroidRuntime: Calling main entry com.android.commands.monkey.Monkey
10-17 16:42:39.706  3957  4128 D WifiService: getConnectionInfo uid=1000
10-17 16:42:39.789  3957  3972 W BroadcastQueue: Skipping deliver [background] BroadcastRecord{29910c4 u-1 android.net.conn.CONNECTIVITY_CHANGE} to ReceiverList{9e00bad 14684 (unknown name)/2000/u-1 remote:962e356}: process gone or crashing
10-17 16:42:39.841  3957  4460 I ActivityManager: START u0 {act=android.intent.action.MAIN typ=null flg=0x10200000 cmp=ComponentInfo{org.mozilla.fenix/org.mozilla.fenix.App}} from uid 2000
10-17 16:42:39.843  3957  4460 W Binder  : Outgoing transactions from this process must be FLAG_ONEWAY
10-17 16:42:39.843  3957  4460 W Binder  : java.lang.Throwable
10-17 16:42:39.843  3957  4460 W Binder  : 	at android.os.BinderProxy.transact(Binder.java:744)
10-17 16:42:39.843  3957  4460 W Binder  : 	at android.app.IActivityController$Stub$Proxy.activityStarting(IActivityController.java:172)
10-17 16:42:39.843  3957  4460 W Binder  : 	at com.android.server.am.ActivityStarter.startActivity(ActivityStarter.java:648)
10-17 16:42:39.843  3957  4460 W Binder  : 	at com.android.server.am.ActivityStarter.startActivityLocked(ActivityStarter.java:410)
10-17 16:42:39.843  3957  4460 W Binder  : 	at com.android.server.am.ActivityStarter.startActivityMayWait(ActivityStarter.java:1283)
10-17 16:42:39.843  3957  4460 W Binder  : 	at com.android.server.am.ActivityManagerService.startActivityAsUser(ActivityManagerService.java:6033)
10-17 16:42:39.843  3957  4460 W Binder  : 	at com.android.server.am.ActivityManagerService.startActivity(ActivityManagerService.java:5885)
10-17 16:42:39.843  3957  4460 W Binder  : 	at android.app.IActivityManager$Stub.onTransact(IActivityManager.java:121)
10-17 16:42:39.843  3957  4460 W Binder  : 	at com.android.server.am.ActivityManagerService.onTransact(ActivityManagerService.java:3861)
10-17 16:42:39.843  3957  4460 W Binder  : 	at android.os.Binder.execTransact(Binder.java:682)
10-17 16:42:39.846  3957  4460 D CustomFrequencyManagerService: acquireDVFSLockLocked : type : DVFS_MIN_LIMIT  frequency : 1560000  uid : 1000  pid : 3957  pkgName : AMS_APP_SWITCH@CPU_MIN@52
10-17 16:42:39.848  3957  4460 D ActivityManagerPerformance: AMP_acquire() APP_SWITCH
10-17 16:42:39.849  3957  5022 D ActivityManagerPerformance: Received MSG_CFMS_HINT_AMS_SWITCH pkgName: org.mozilla.fenix
10-17 16:42:39.850  3957  6478 D WifiService: getConnectionInfo uid=1000
10-17 16:42:39.857  3957  7899 D ActivityManager: isScaleDownAnimationEnabled() : false
10-17 16:42:39.857  3957  7899 D StorageManagerService: getExternalStorageMountMode : 1
10-17 16:42:39.858  3957  7899 D StorageManagerService: getExternalStorageMountMode : 3
10-17 16:42:39.858  3957  7899 D StorageManagerService: getExternalStorageMountMode : final mountMode=1, uid : 10169, packageName : org.mozilla.fenix
10-17 16:42:39.858  3957  7899 I ApplicationPolicy: isApplicationExternalStorageWhitelisted:org.mozilla.fenix user:0
10-17 16:42:39.858  3957  7899 D ApplicationPolicy: isApplicationExternalStorageWhitelisted: DO is not enabled on user 0. Allowed.
10-17 16:42:39.858  3957  7899 D ActivityManager: package  org.mozilla.fenix, user - 0 is SDcard whitelisted
10-17 16:42:39.858  3957  7899 I ApplicationPolicy: isApplicationExternalStorageBlacklisted:org.mozilla.fenix user:0
10-17 16:42:39.858  3957  7899 D ApplicationPolicy: isApplicationExternalStorageBlacklisted: DO is not enabled on user 0. Allowed.
10-17 16:42:39.858  3957  4460 V WindowManager: rotationForOrientationLw(orient=-1, last=0); user=0  sensorRotation=-1 mLidState=-1 mDockMode=0 mHdmiPlugged=false
10-17 16:42:39.859  3957  4460 V WindowManager: rotationForOrientationLw(orient=-1, last=0); user=0  sensorRotation=-1 mLidState=-1 mDockMode=0 mHdmiPlugged=false
10-17 16:42:39.869 14695 14695 E Zygote  : isWhitelistProcess - Process is Whitelisted
10-17 16:42:39.870  3957  7899 I ActivityManager: Start proc 14695:org.mozilla.fenix/u0a169 for activity org.mozilla.fenix/.App
10-17 16:42:39.870 14695 14695 E libpersona: scanKnoxPersonas
10-17 16:42:39.870 14695 14695 E libpersona: Couldn't open the File - /data/system/users/0/personalist.xml - No such file or directory
10-17 16:42:39.872 14695 14695 W SELinux : SELinux selinux_android_compute_policy_index : Policy Index[2],  Con:u:r:zygote:s0 RAM:SEPF_SM-J720F_8.0.0_0002, [-1 -1 -1 -1 0 1]
10-17 16:42:39.872 14695 14695 I SELinux : SELinux: seapp_context_lookup: seinfo=untrusted, level=s0:c512,c768, pkgname=org.mozilla.fenix 
10-17 16:42:39.876  3957  3973 V WindowManager: rotationForOrientationLw(orient=-1, last=0); user=0  sensorRotation=-1 mLidState=-1 mDockMode=0 mHdmiPlugged=false
10-17 16:42:39.877 14684 14684 I com.android.commands.monkey: System.exit called, status: 0
10-17 16:42:39.877 14684 14684 I AndroidRuntime: VM exiting with result code 0.
10-17 16:42:39.881  3957  3973 V WindowManager: rotationForOrientationLw(orient=-1, last=0); user=0  sensorRotation=-1 mLidState=-1 mDockMode=0 mHdmiPlugged=false
10-17 16:42:39.886  4340  4731 D Tile.RotationLockTile:  handleUpdateState: true orientation = true
10-17 16:42:39.888  4340  4731 D Tile.RotationLockTile:  handleUpdateState: true orientation = true
10-17 16:42:39.893 14695 14695 D TimaKeyStoreProvider: TimaKeyStore is not enabled: cannot add TimaSignature Service and generateKeyPair Service
10-17 16:42:39.893 14695 14695 D ActivityThread: Added TimaKeyStore provider
10-17 16:42:39.895  3957  4460 I ActivityManager: DSS on for org.mozilla.fenix and scale is 1.0
10-17 16:42:39.902  3957  4460 D PersonaManagerService: Current focused persona service handled id set to : 0
10-17 16:42:39.902  3957  4460 D InputDispatcher: Focused application set to: xxxx
10-17 16:42:39.903  3957  4460 D InputDispatcher: Focus left window: 14651
10-17 16:42:39.904 14651 14651 D ViewRootImpl@4470b6[MainActivity]: MSG_WINDOW_FOCUS_CHANGED 0
10-17 16:42:39.904  3957  4220 D GameManagerService: handleForegroundChange(). pkgName: org.mozilla.fenix, clsName: org.mozilla.fenix.HomeActivity,FgActivityName:org.mozilla.fenix/.HomeActivity
10-17 16:42:39.904  3957  4460 D MARsPolicyManager: onPackageResumedFG pkgName = org.mozilla.fenix, userId = 0
10-17 16:42:39.905  3957  4220 D GameManagerService: sem_perfomance_mode: 3
10-17 16:42:39.905  3957  4220 D GameManagerService: notifyResumePause(). pkg: org.mozilla.fenix, type: 4, isMinimized: false, isTunableApp: false
10-17 16:42:39.905  3957  4220 D GameManagerService:   notifyResumePause(). unexpected mPrevNotiType: -1
10-17 16:42:39.907  3957  6478 D GamePkgDataHelper: getGamePkgDataIncServer(). org.mozilla.fenix
10-17 16:42:39.908  3957  6478 D GameManagerService: identifyGamePackage. org.mozilla.fenix
10-17 16:42:39.908  3957  6478 D GamePkgDataHelper: getGamePkgData(). org.mozilla.fenix
10-17 16:42:39.911  3957  6478 D GameManagerService: identifyGamePackage. org.mozilla.fenix
10-17 16:42:39.911  3957  6478 D GamePkgDataHelper: getGamePkgData(). org.mozilla.fenix
10-17 16:42:39.911  3957  6478 D GamePkgDataHelper: getSosPolicy(). org.mozilla.fenix
10-17 16:42:39.913  3957  6478 D GameManagerService: identifyGamePackage. org.mozilla.fenix
10-17 16:42:39.913  3957  6478 D GamePkgDataHelper: getGamePkgData(). org.mozilla.fenix
10-17 16:42:39.914  3957  6478 D GameManagerService: identifyGamePackage. org.mozilla.fenix
10-17 16:42:39.914  3957  6478 D GamePkgDataHelper: getGamePkgData(). org.mozilla.fenix
10-17 16:42:39.925 14695 14695 I zygote64: no shared libraies, dex_files: 1
10-17 16:42:39.939  3957  4025 D ViewRootImpl@4d01c6b[fenix]: setView = DecorView@61c61[fenix] TM=true MM=false
10-17 16:42:39.943  3957  4025 D ViewRootImpl@4d01c6b[fenix]: dispatchAttachedToWindow
10-17 16:42:39.943  3957  4025 V WindowManager: Relayout Window{b06e3c8 u0 Splash Screen org.mozilla.fenix}: viewVisibility=0 req=719x1237 WM.LayoutParams{(0,0)(fillxfill) sim=#20 ty=3 fl=#81830118 pfl=0x20011 fmt=-3 wanim=0x10302ea vsysui=0x600 needsMenuKey=2 colorMode=0 naviIconColor=0}
10-17 16:42:39.946  3447  3447 I SurfaceFlinger: id=2753 createSurf (720x1280),1 flag=4, Splash Screen org.mozilla.fenix#0
10-17 16:42:39.947  3957  4025 V Surface : sf_framedrop debug : 0x4f4c, game : false, logging : 0
10-17 16:42:39.950  3957  4025 D ViewRootImpl@4d01c6b[fenix]: Relayout returned: old=[0,0][0,0] new=[0,0][720,1280] result=0x7 surface={valid=true 501284335616} changed=true
10-17 16:42:39.951  3957  4025 D ViewRootImpl@4d01c6b[fenix]: MSG_RESIZED_REPORT: frame=Rect(0, 0 - 720, 1280) ci=Rect(0, 42 - 0, 0) vi=Rect(0, 42 - 0, 0) or=1
10-17 16:42:39.975  3957  4025 V WindowManager: finishDrawingLocked: mDrawState=COMMIT_DRAW_PENDING Window{b06e3c8 u0 Splash Screen org.mozilla.fenix} in Surface(name=Splash Screen org.mozilla.fenix)
10-17 16:42:39.976  4340  4361 D SystemServicesProxy: updateOverviewLastStackActiveTimeAsync: newTime=1697553759852
10-17 16:42:39.977  3957  4460 D SecContentProvider: query(), uri = 17 selection = isSettingsChangesAllowed
10-17 16:42:39.978  3957  4460 D SecContentProvider: called from android.uid.systemui:10009
10-17 16:42:39.978  4340  4692 D SystemServicesProxy: updateOverviewLastStackActiveTimeAsync: done.
10-17 16:42:39.994  3447  3447 V Surface : sf_framedrop debug : 0x4f4c, game : false, logging : 0
10-17 16:42:39.997 14651 14668 D OpenGLRenderer: eglDestroySurface = 0x74d44a7b80
10-17 16:42:40.004  3957  4025 D TaskSnapshotCache: putSnapshot mTaskId=473 RunningCache size=1
10-17 16:42:40.007  3957  4460 V WindowManager: Relayout Window{eaea3df u0 com.example.batterymanager_utility/com.example.batterymanager_utility.MainActivity}: viewVisibility=8 req=720x1280 WM.LayoutParams{(0,0)(fillxfill) sim=#120 ty=1 fl=#81810100 pfl=0x20000 wanim=0x10302fd vsysui=0x600 needsMenuKey=2 colorMode=0 naviIconColor=0}
10-17 16:42:40.012  3957  3973 D WindowManager: set systemUiVisibility : systemUiFlags= 0x608 fullscreenStackSysUiFlags= 0x0
10-17 16:42:40.015 14651 14651 D ViewRootImpl@4470b6[MainActivity]: Relayout returned: old=[0,0][720,1280] new=[0,0][720,1280] result=0x5 surface={valid=false 0} changed=true
10-17 16:42:40.016  3957  7899 D PackageManager: getComponentMetadataForIconTray : com.example.batterymanager_utility.MainActivity does not exist in mServices
10-17 16:42:40.016  3957  7899 D PackageManager: getComponentMetadataForIconTray : com.example.batterymanager_utility.MainActivity does not exist in mProviders
10-17 16:42:40.016  3957  7899 D PackageManager: getComponentMetadataForIconTray : com.example.batterymanager_utility.MainActivity does not exist in mReceivers
10-17 16:42:40.017  4340  4361 D ApplicationPackageManager: updateItemMetaDataForFixedIconScale: package: com.example.batterymanager_utility
10-17 16:42:40.017  3957  7899 D PackageManager: getSelectedMetaData : packageName(com.example.batterymanager_utility) or Metadata strings {[Ljava.lang.String;@b1ba212}
10-17 16:42:40.018  4340  4361 I ApplicationPackageManager: load=com.example.batterymanager_utility, bg=144-144, dr=189-189, forDefault=true, density=0
10-17 16:42:40.019  4340  4361 I ApplicationPackageManager: scaled rate=0.72, size=189, alpha=54, hold=102
10-17 16:42:40.019  4340  4361 D ApplicationPackageManager: iconScale: getScale(): 0.72 getAlpha(): 54
10-17 16:42:40.021  4340  4361 I ApplicationPackageManager: load=com.example.batterymanager_utility-contain, bg=112-112, dr=189-189
10-17 16:42:40.028  3447  3447 I SurfaceFlinger: Display 0 HWC layers:
10-17 16:42:40.028  3447  3447 I SurfaceFlinger:     type    |    handle    | flag |  format   |   source crop (l,t,r,b)    |         frame       | name 
