10-17 16:47:27.095  2479  2548 I chatty  : uid=1002(bluetooth) BT Service Call identical 11 lines
10-17 16:47:27.095  2479  2548 D ScanRecord: Not a Multi Manu data
10-17 16:47:27.097  3957  4153 D WifiP2pService: P2pEnabledState143375
10-17 16:47:27.098  3957  4129 D WifiStateMachine:  ConnectedState !CMD_PRE_DHCP_ACTION_COMPLETE rt=506060312/1216434476 0 0
10-17 16:47:27.098  3957  4129 D WifiStateMachine:  L2ConnectedState !CMD_PRE_DHCP_ACTION_COMPLETE rt=506060312/1216434477 0 0
10-17 16:47:27.100  2479  2548 D ScanRecord: Not a Multi Manu data
10-17 16:47:27.117  2479  2548 I chatty  : uid=1002(bluetooth) BT Service Call identical 50 lines
10-17 16:47:27.117  2479  2548 D ScanRecord: Not a Multi Manu data
10-17 16:47:27.119 15960 16272 I BatteryMgr:DataCollectionService: stats => 1697554047119,-30,4308,-198,0,100
10-17 16:47:27.135  2479  2548 D ScanRecord: Not a Multi Manu data
10-17 16:47:27.150  3957 31877 D SamsungAlarmManager: setExact Listener (T:2/F:9/AC:false) 20231017T164728 - CU:1000/CP:3957
10-17 16:47:27.150  3957 31877 I SamsungAlarmManager: setLocked to kernel - T:2 / 20231017T164728, SetElapsed=1216435538, nowELAPSED=1216434528
10-17 16:47:27.205  2479  2548 I chatty  : uid=1002(bluetooth) BT Service Call identical 206 lines
10-17 16:47:27.205  2479  2548 D ScanRecord: Not a Multi Manu data
10-17 16:47:27.215  4961  4961 D io_stats: !@ 179,0 r 7827706 252335196 w 1662355 34531560 d 133728 34007264 f 386954 408151 iot 3463752 3028522 th 51200 0 0 pt 0 inp 0 0 506060.428
10-17 16:47:27.226 15960 16272 I BatteryMgr:DataCollectionService: stats => 1697554047226,-30,4308,-198,0,100
10-17 16:47:27.233  2479  2548 D ScanRecord: Not a Multi Manu data
10-17 16:47:27.320  2479  2548 I chatty  : uid=1002(bluetooth) BT Service Call identical 193 lines
10-17 16:47:27.321  2479  2548 D ScanRecord: Not a Multi Manu data
10-17 16:47:27.332 15960 16272 I BatteryMgr:DataCollectionService: stats => 1697554047332,-30,4308,-198,0,100
10-17 16:47:27.349  2479  2548 D ScanRecord: Not a Multi Manu data
10-17 16:47:27.421  2479  2548 I chatty  : uid=1002(bluetooth) BT Service Call identical 89 lines
10-17 16:47:27.421  2479  2548 D ScanRecord: Not a Multi Manu data
10-17 16:47:27.429  3957  4128 D WifiService: getConnectionInfo uid=1000
10-17 16:47:27.431  2479  2548 D ScanRecord: Not a Multi Manu data
10-17 16:47:27.431  2479  2548 I chatty  : uid=1002(bluetooth) BT Service Call identical 11 lines
10-17 16:47:27.431  2479  2548 D ScanRecord: Not a Multi Manu data
10-17 16:47:27.436 15960 16272 I BatteryMgr:DataCollectionService: stats => 1697554047436,-30,4308,-198,0,100
10-17 16:47:27.447  2479  2548 D ScanRecord: Not a Multi Manu data
10-17 16:47:27.447  2479  2548 I chatty  : uid=1002(bluetooth) BT Service Call identical 11 lines
10-17 16:47:27.448  2479  2548 D ScanRecord: Not a Multi Manu data
10-17 16:47:27.451  3957 31877 D DhcpClient: Renewed lease: IP address 192.168.1.103/24 Gateway 192.168.1.1  DNS servers: [ 213.160.212.3 213.160.223.35 ] Domains  DHCP server /192.168.1.1 Vendor info null lease 7200 seconds
10-17 16:47:27.452  3957 31877 D SamsungAlarmManager: Cancel Alarm calling from uid:1000 pid :3957 / listener:android.app.AlarmManager$ListenerWrapper@4eafb4d
10-17 16:47:27.452  3957  4144 D SamsungAlarmManager: Cancel Alarm calling from uid:1000 pid :3957 / listener:android.app.AlarmManager$ListenerWrapper@2817ae4
10-17 16:47:27.453  3957 31877 I SamsungAlarmManager: setLocked to kernel - T:2 / 20231017T164749, SetElapsed=1216456504, nowELAPSED=1216434831
10-17 16:47:27.455  3957  4129 D WifiStateMachine:  ConnectedState !CMD_POST_DHCP_ACTION rt=506060669/1216434833 0 0 v4 v4r v4dns
10-17 16:47:27.455  3957  4129 D WifiStateMachine:  L2ConnectedState !CMD_POST_DHCP_ACTION rt=506060669/1216434833 0 0 v4 v4r v4dns
10-17 16:47:27.455  3957  4129 D WifiStateMachine: setSuspendOptimizationsNative: 1 true -want true stack:setSuspendOptimizationsNative - handlePostDhcpSetup - processMessage - processMsg
10-17 16:47:27.456 16638 16638 D wpa_supplicant: nl80211: set_p2p_powersave (legacy_ps=1 opp_ps=-1 ctwindow=-1)
10-17 16:47:27.458  3957  4129 D SupplicantStaIfaceHal: ISupplicantStaIface.setPowerSave succeeded
10-17 16:47:27.459 16638 16638 I wpa_supplicant: doZeroArgDriverCommand before checking
10-17 16:47:27.459 16638 16638 D wpa_supplicant: IOCTL invoke
10-17 16:47:27.459  3957  4153 D WifiP2pService: InactiveState143375
10-17 16:47:27.459 16638 16638 I wpa_supplicant: doZeroArgDriverCommand after checking
10-17 16:47:27.460  3957  4153 D WifiP2pService: P2pEnabledState143375
10-17 16:47:27.460  3957  4129 D SupplicantStaIfaceHal: ISupplicantStaIface.setBtCoexistenceMode succeeded
10-17 16:47:27.461  3957  4129 D WifiStateMachine:  ConnectedState !CMD_IPV4_PROVISIONING_SUCCESS rt=506060675/1216434839 0
10-17 16:47:27.461  3957  4129 D WifiStateMachine:  L2ConnectedState !CMD_IPV4_PROVISIONING_SUCCESS rt=506060675/1216434839 0
10-17 16:47:27.463  3957 31877 D SamsungAlarmManager: setExact Listener (T:2/F:9/AC:false) 20231017T174503 - CU:1000/CP:3957
10-17 16:47:27.463  3957  4129 D WifiStateMachine: handleIPv4Success <IP address 192.168.1.103/24 Gateway 192.168.1.1  DNS servers: [ 213.160.212.3 213.160.223.35 ] Domains  DHCP server /192.168.1.1 Vendor info null lease 7200 seconds>
10-17 16:47:27.463  3957  4129 D WifiStateMachine: link address 192.168.1.103/24
10-17 16:47:27.464  3957  3957 D WifiAsyncChannel.WifiService: sendMessageSynchronously.send message=131394
10-17 16:47:27.464  3957  4157 D ConnectivityService: updateCapabilities: oldCap = [ Transports: WIFI Capabilities: NOT_METERED&INTERNET&NOT_RESTRICTED&TRUSTED&NOT_VPN&VALIDATED&FOREGROUND LinkUpBandwidth>=1048576Kbps LinkDnBandwidth>=1048576Kbps SignalStrength: -51], newCap = [ Transports: WIFI Capabilities: NOT_METERED&INTERNET&NOT_RESTRICTED&TRUSTED&NOT_VPN LinkUpBandwidth>=1048576Kbps LinkDnBandwidth>=1048576Kbps SignalStrength: -43]
10-17 16:47:27.465  3957  4157 D ConnectivityService: notifyType CAP_CHANGED for NetworkAgentInfo [WIFI () - 508]
10-17 16:47:27.465  3957  4157 D ConnectivityService:  sending notification for NetworkRequest [ REQUEST id=1, [ Capabilities: INTERNET&NOT_RESTRICTED&TRUSTED&NOT_VPN] ]
10-17 16:47:27.465  3957  4157 D ConnectivityService:  sending notification for NetworkRequest [ TRACK_DEFAULT id=3, [ Capabilities: INTERNET&NOT_RESTRICTED&TRUSTED&NOT_VPN] ]
10-17 16:47:27.465  3957  4157 D ConnectivityService: sending notification CAP_CHANGED for NetworkRequest [ TRACK_DEFAULT id=3, [ Capabilities: INTERNET&NOT_RESTRICTED&TRUSTED&NOT_VPN] ]
10-17 16:47:27.465  3957  4157 D ConnectivityService:  sending notification for NetworkRequest [ LISTEN id=5, [ Transports: WIFI Capabilities: INTERNET&NOT_RESTRICTED&TRUSTED&NOT_VPN] ]
10-17 16:47:27.466  3957  4129 D WifiStateMachine: fetchRssiLinkSpeedAndFrequencyNative rssi=-42 linkspeed=433 freq=5240
10-17 16:47:27.466  3957  4157 D ConnectivityService: sending notification CAP_CHANGED for NetworkRequest [ LISTEN id=5, [ Transports: WIFI Capabilities: INTERNET&NOT_RESTRICTED&TRUSTED&NOT_VPN] ]
10-17 16:47:27.466  3957  4150 D ConnectivityService: filterNetworkStateForUid() uid: 10075 networkInfo: [type: WIFI[] - WIFI, state: CONNECTED/CONNECTED, reason: (unspecified), extra: "ourhome", failover: false, available: true, roaming: false, metered: false]
10-17 16:47:27.466  3957  4129 V WifiConfigManager: Updating scan detail cache freq=5240 BSSID=f4:6d:2f:12:cc:88 RSSI=-42 for "ourhome"WPA_PSK
10-17 16:47:27.466  3957  4157 D ConnectivityService:  sending notification for NetworkRequest [ LISTEN id=6, [ Transports: CELLULAR|WIFI Capabilities: NOT_RESTRICTED&TRUSTED&NOT_VPN] ]
10-17 16:47:27.466  3957  4150 D WifiService: getConnectionInfo uid=1000
10-17 16:47:27.466  3957  4157 D ConnectivityService: sending notification CAP_CHANGED for NetworkRequest [ LISTEN id=6, [ Transports: CELLULAR|WIFI Capabilities: NOT_RESTRICTED&TRUSTED&NOT_VPN] ]
10-17 16:47:27.466  3957  4157 D ConnectivityService:  sending notification for NetworkRequest [ LISTEN id=7, [] ]
10-17 16:47:27.466  3957  4150 D ConnectivityService: filterNetworkStateForUid() uid: 10075 networkInfo: [type: WIFI[] - WIFI, state: CONNECTED/CONNECTED, reason: (unspecified), extra: "ourhome", failover: false, available: true, roaming: false, metered: false]
10-17 16:47:27.466  3957  4157 D ConnectivityService: sending notification CAP_CHANGED for NetworkRequest [ LISTEN id=7, [] ]
10-17 16:47:27.466  3957  4150 D ConnectivityService: filterNetworkStateForUid() uid: 10025 networkInfo: [type: WIFI[] - WIFI, state: CONNECTED/CONNECTED, reason: (unspecified), extra: "ourhome", failover: false, available: true, roaming: false, metered: false]
10-17 16:47:27.466  3957  4157 D ConnectivityService:  sending notification for NetworkRequest [ LISTEN id=8, [ Transports: WIFI Capabilities: INTERNET&NOT_RESTRICTED&TRUSTED&NOT_VPN] ]
10-17 16:47:27.467  3957  4157 D ConnectivityService: sending notification CAP_CHANGED for NetworkRequest [ LISTEN id=8, [ Transports: WIFI Capabilities: INTERNET&NOT_RESTRICTED&TRUSTED&NOT_VPN] ]
10-17 16:47:27.467  3957  4150 D ConnectivityService: filterNetworkStateForUid() uid: 10075 networkInfo: [type: WIFI[] - WIFI, state: CONNECTED/CONNECTED, reason: (unspecified), extra: "ourhome", failover: false, available: true, roaming: false, metered: false]
10-17 16:47:27.467  3957  4150 D ConnectivityService: filterNetworkStateForUid() uid: 10147 networkInfo: [type: WIFI[] - WIFI, state: DISCONNECTED/BLOCKED, reason: (unspecified), extra: (none), failover: false, available: true, roaming: false, metered: false]
10-17 16:47:27.467  3957  4150 D ConnectivityService: filterNetworkStateForUid() uid: 10075 networkInfo: [type: WIFI[] - WIFI, state: CONNECTED/CONNECTED, reason: (unspecified), extra: "ourhome", failover: false, available: true, roaming: false, metered: false]
10-17 16:47:27.467  3957  4150 D ConnectivityService: filterNetworkStateForUid() uid: 10102 networkInfo: [type: WIFI[] - WIFI, state: DISCONNECTED/BLOCKED, reason: (unspecified), extra: (none), failover: false, available: true, roaming: false, metered: false]
10-17 16:47:27.468  3957  4150 D ConnectivityService: filterNetworkStateForUid() uid: 10147 networkInfo: [type: WIFI[] - WIFI, state: DISCONNECTED/BLOCKED, reason: (unspecified), extra: (none), failover: false, available: true, roaming: false, metered: false]
10-17 16:47:27.468  3957  4157 D ConnectivityService:  sending notification for NetworkRequest [ LISTEN id=9, [ Transports: WIFI Capabilities: INTERNET&NOT_RESTRICTED&TRUSTED&NOT_VPN] ]
10-17 16:47:27.468  3957  4157 D ConnectivityService: sending notification CAP_CHANGED for NetworkRequest [ LISTEN id=9, [ Transports: WIFI Capabilities: INTERNET&NOT_RESTRICTED&TRUSTED&NOT_VPN] ]
10-17 16:47:27.468  3957  4150 D ConnectivityService: filterNetworkStateForUid() uid: 10075 networkInfo: [type: WIFI[] - WIFI, state: CONNECTED/CONNECTED, reason: (unspecified), extra: "ourhome", failover: false, available: true, roaming: false, metered: false]
10-17 16:47:27.468  3957  4150 D ConnectivityService: filterNetworkStateForUid() uid: 10163 networkInfo: [type: WIFI[] - WIFI, state: DISCONNECTED/BLOCKED, reason: (unspecified), extra: (none), failover: false, available: true, roaming: false, metered: false]
10-17 16:47:27.468  3957  4157 D ConnectivityService:  sending notification for NetworkRequest [ LISTEN id=1453, [ Capabilities: INTERNET&NOT_RESTRICTED&TRUSTED] ]
10-17 16:47:27.468  3957  4157 D ConnectivityService: sending notification CAP_CHANGED for NetworkRequest [ LISTEN id=1453, [ Capabilities: INTERNET&NOT_RESTRICTED&TRUSTED] ]
10-17 16:47:27.468  3957  4150 D ConnectivityService: filterNetworkStateForUid() uid: 10075 networkInfo: [type: WIFI[] - WIFI, state: CONNECTED/CONNECTED, reason: (unspecified), extra: "ourhome", failover: false, available: true, roaming: false, metered: false]
10-17 16:47:27.469  3957  4150 D ConnectivityService: filterNetworkStateForUid() uid: 10147 networkInfo: [type: WIFI[] - WIFI, state: DISCONNECTED/BLOCKED, reason: (unspecified), extra: (none), failover: false, available: true, roaming: false, metered: false]
10-17 16:47:27.469  3957  4157 D ConnectivityService:  sending notification for NetworkRequest [ TRACK_DEFAULT id=1631, [ Capabilities: INTERNET&NOT_RESTRICTED&TRUSTED&NOT_VPN] ]
10-17 16:47:27.469  3957  4150 D ConnectivityService: filterNetworkStateForUid() uid: 10103 networkInfo: [type: WIFI[] - WIFI, state: CONNECTED/CONNECTED, reason: (unspecified), extra: "ourhome", failover: false, available: true, roaming: false, metered: false]
10-17 16:47:27.469  3957  4157 D ConnectivityService: sending notification CAP_CHANGED for NetworkRequest [ TRACK_DEFAULT id=1631, [ Capabilities: INTERNET&NOT_RESTRICTED&TRUSTED&NOT_VPN] ]
10-17 16:47:27.469  3957  4150 D ConnectivityService: filterNetworkStateForUid() uid: 10164 networkInfo: [type: WIFI[] - WIFI, state: DISCONNECTED/BLOCKED, reason: (unspecified), extra: (none), failover: false, available: true, roaming: false, metered: false]
10-17 16:47:27.469  3957  4150 D ConnectivityService: filterNetworkStateForUid() uid: 10075 networkInfo: [type: WIFI[] - WIFI, state: CONNECTED/CONNECTED, reason: (unspecified), extra: "ourhome", failover: false, available: true, roaming: false, metered: false]
10-17 16:47:27.470  3957  4150 D ConnectivityService: filterNetworkStateForUid() uid: 10075 networkInfo: [type: WIFI[] - WIFI, state: CONNECTED/CONNECTED, reason: (unspecified), extra: "ourhome", failover: false, available: true, roaming: false, metered: false]
10-17 16:47:27.470  3957  4150 I chatty  : uid=1000(system) ConnectivityThr identical 15 lines
10-17 16:47:27.470  3957  4150 D ConnectivityService: filterNetworkStateForUid() uid: 10103 networkInfo: [type: WIFI[] - WIFI, state: CONNECTED/CONNECTED, reason: (unspecified), extra: "ourhome", failover: false, available: true, roaming: false, metered: false]
10-17 16:47:27.470  3957  4150 D WifiService: getConnectionInfo uid=1000
10-17 16:47:27.470  3957  4129 D WifiStateMachine:  ConnectedState !CMD_UPDATE_LINKPROPERTIES rt=506060684/1216434848 0 0 v4 v4r v4dns
10-17 16:47:27.470  3957  4129 D WifiStateMachine:  L2ConnectedState !CMD_UPDATE_LINKPROPERTIES rt=506060684/1216434848 0 0 v4 v4r v4dns
10-17 16:47:27.470  3957  4150 D ConnectivityService: filterNetworkStateForUid() uid: 10111 networkInfo: [type: WIFI[] - WIFI, state: DISCONNECTED/BLOCKED, reason: (unspecified), extra: (none), failover: false, available: true, roaming: false, metered: false]
10-17 16:47:27.470  3957  4150 D WifiService: getConnectionInfo uid=1000
10-17 16:47:27.470  3957  4150 D ConnectivityService: filterNetworkStateForUid() uid: 10075 networkInfo: [type: WIFI[] - WIFI, state: CONNECTED/CONNECTED, reason: (unspecified), extra: "ourhome", failover: false, available: true, roaming: false, metered: false]
10-17 16:47:27.470  3957  4150 I chatty  : uid=1000(system) ConnectivityThr identical 1 line
10-17 16:47:27.471  3957  4150 D ConnectivityService: filterNetworkStateForUid() uid: 10022 networkInfo: [type: WIFI[] - WIFI, state: CONNECTED/CONNECTED, reason: (unspecified), extra: "ourhome", failover: false, available: true, roaming: false, metered: false]
10-17 16:47:27.471  3957  4150 D WifiService: getConnectionInfo uid=1000
10-17 16:47:27.471  3957  4150 D ConnectivityService: filterNetworkStateForUid() uid: 10075 networkInfo: [type: WIFI[] - WIFI, state: CONNECTED/CONNECTED, reason: (unspecified), extra: "ourhome", failover: false, available: true, roaming: false, metered: false]
10-17 16:47:27.471  2479  2548 D ScanRecord: Not a Multi Manu data
10-17 16:47:27.471  3957  4150 D WifiService: getConnectionInfo uid=1000
10-17 16:47:27.471  2479  2548 D ScanRecord: Not a Multi Manu data
10-17 16:47:27.471  2479  2548 I chatty  : uid=1002(bluetooth) BT Service Call identical 8 lines
10-17 16:47:27.471  2479  2548 D ScanRecord: Not a Multi Manu data
10-17 16:47:27.471  3957  4150 D ConnectivityService: filterNetworkStateForUid() uid: 10025 networkInfo: [type: WIFI[] - WIFI, state: CONNECTED/CONNECTED, reason: (unspecified), extra: "ourhome", failover: false, available: true, roaming: false, metered: false]
10-17 16:47:27.471  3957  4150 D WifiService: getConnectionInfo uid=1000
10-17 16:47:27.471  2479  2548 D ScanRecord: Not a Multi Manu data
10-17 16:47:27.471  2479  2548 D ScanRecord: Not a Multi Manu data
10-17 16:47:27.471  3957  4150 D ConnectivityService: filterNetworkStateForUid() uid: 10075 networkInfo: [type: WIFI[] - WIFI, state: CONNECTED/CONNECTED, reason: (unspecified), extra: "ourhome", failover: false, available: true, roaming: false, metered: false]
10-17 16:47:27.472  3957  4150 D WifiService: getConnectionInfo uid=1000
10-17 16:47:27.472  3957  4150 D ConnectivityService: filterNetworkStateForUid() uid: 10103 networkInfo: [type: WIFI[] - WIFI, state: CONNECTED/CONNECTED, reason: (unspecified), extra: "ourhome", failover: false, available: true, roaming: false, metered: false]
10-17 16:47:27.472  3957  4150 D ConnectivityService: filterNetworkStateForUid() uid: 10075 networkInfo: [type: WIFI[] - WIFI, state: CONNECTED/CONNECTED, reason: (unspecified), extra: "ourhome", failover: false, available: true, roaming: false, metered: false]
10-17 16:47:27.472  3957  4150 D ConnectivityService: filterNetworkStateForUid() uid: 10072 networkInfo: [type: WIFI[] - WIFI, state: DISCONNECTED/BLOCKED, reason: (unspecified), extra: (none), failover: false, available: true, roaming: false, metered: false]
10-17 16:47:27.472  3957  4150 D ConnectivityService: filterNetworkStateForUid() uid: 10075 networkInfo: [type: WIFI[] - WIFI, state: CONNECTED/CONNECTED, reason: (unspecified), extra: "ourhome", failover: false, available: true, roaming: false, metered: false]
10-17 16:47:27.473  3957  4150 D ConnectivityService: filterNetworkStateForUid() uid: 1000 networkInfo: [type: WIFI[] - WIFI, state: CONNECTED/CONNECTED, reason: (unspecified), extra: "ourhome", failover: false, available: true, roaming: false, metered: false]
10-17 16:47:27.473  3957  4150 D ConnectivityService: filterNetworkStateForUid() uid: 10147 networkInfo: [type: WIFI[] - WIFI, state: DISCONNECTED/BLOCKED, reason: (unspecified), extra: (none), failover: false, available: true, roaming: false, metered: false]
10-17 16:47:27.473  3957  4150 D ConnectivityService: filterNetworkStateForUid() uid: 10025 networkInfo: [type: WIFI[] - WIFI, state: CONNECTED/CONNECTED, reason: (unspecified), extra: "ourhome", failover: false, available: true, roaming: false, metered: false]
10-17 16:47:27.473  3957  4150 D ConnectivityService: filterNetworkStateForUid() uid: 1000 networkInfo: [type: WIFI[] - WIFI, state: CONNECTED/CONNECTED, reason: (unspecified), extra: "ourhome", failover: false, available: true, roaming: false, metered: false]
10-17 16:47:27.473  3957  4150 D ConnectivityService: filterNetworkStateForUid() uid: 10025 networkInfo: [type: WIFI[] - WIFI, state: CONNECTED/CONNECTED, reason: (unspecified), extra: "ourhome", failover: false, available: true, roaming: false, metered: false]
10-17 16:47:27.474  3957  4150 D ConnectivityService: filterNetworkStateForUid() uid: 10044 networkInfo: [type: WIFI[] - WIFI, state: CONNECTED/CONNECTED, reason: (unspecified), extra: "ourhome", failover: false, available: true, roaming: false, metered: false]
10-17 16:47:27.474  3957  4150 I chatty  : uid=1000(system) ConnectivityThr identical 10 lines
10-17 16:47:27.475  3957 31877 D SamsungAlarmManager: setExact Listener (T:2/F:9/AC:false) 20231017T183227 - CU:1000/CP:3957
10-17 16:47:27.476  3957  4150 D ConnectivityService: filterNetworkStateForUid() uid: 10075 networkInfo: [type: WIFI[] - WIFI, state: CONNECTED/CONNECTED, reason: (unspecified), extra: "ourhome", failover: false, available: true, roaming: false, metered: false]
10-17 16:47:27.476  3957  4150 D WifiService: getConnectionInfo uid=1000
10-17 16:47:27.477  4616  4616 I IntentManager: onReceive: android.net.wifi.STATE_CHANGE @com.samsung.networkui.controller.IntentManager$IntentBroadCastReceiver@f3b5faf
10-17 16:47:27.477  3957  4150 D ConnectivityService: filterNetworkStateForUid() uid: 10075 networkInfo: [type: WIFI[] - WIFI, state: CONNECTED/CONNECTED, reason: (unspecified), extra: "ourhome", failover: false, available: true, roaming: false, metered: false]
10-17 16:47:27.477  3957  4150 D WifiService: getConnectionInfo uid=1000
10-17 16:47:27.477  3957  4653 D ConnectivityService: filterNetworkStateForUid() uid: 10025 networkInfo: [type: WIFI[] - WIFI, state: CONNECTED/CONNECTED, reason: (unspecified), extra: "ourhome", failover: false, available: true, roaming: false, metered: false]
10-17 16:47:27.477  4616  4616 I IntentManager: notify: callBackList - com.samsung.networkui.controller.IntentManager$CallBackList@3c89ba8
10-17 16:47:27.477  4616  4616 I IntentManager: notifyCallBacks: for action - android.net.wifi.STATE_CHANGE for 1 callbacks
10-17 16:47:27.477  3957  4653 D WifiService: getConnectionInfo uid=1000
10-17 16:47:27.477  3957  4150 D ConnectivityService: filterNetworkStateForUid() uid: 10169 networkInfo: [type: WIFI[] - WIFI, state: CONNECTED/CONNECTED, reason: (unspecified), extra: "ourhome", failover: false, available: true, roaming: false, metered: false]
10-17 16:47:27.477  3957  4150 D WifiService: getConnectionInfo uid=1000
10-17 16:47:27.478  3957  4129 D WifiStateMachine:  ConnectModeState !CMD_UPDATE_LINKPROPERTIES rt=506060692/1216434856 0 0 v4 v4r v4dns
10-17 16:47:27.480  3957  4129 D WifiStateMachine:  SupplicantStartedState !CMD_UPDATE_LINKPROPERTIES rt=506060694/1216434858 0 0 v4 v4r v4dns
10-17 16:47:27.482  4616  4616 I NetworkNotificationUI2: handleIntentCallBack: onReceive - android.net.wifi.STATE_CHANGE
10-17 16:47:27.482  3957  4150 D ConnectivityService: filterNetworkStateForUid() uid: 10075 networkInfo: [type: WIFI[] - WIFI, state: CONNECTED/CONNECTED, reason: (unspecified), extra: "ourhome", failover: false, available: true, roaming: false, metered: false]
10-17 16:47:27.482  3957  4150 D WifiService: getConnectionInfo uid=1000
10-17 16:47:27.483  3957  4150 D ConnectivityService: filterNetworkStateForUid() uid: 10102 networkInfo: [type: WIFI[] - WIFI, state: DISCONNECTED/BLOCKED, reason: (unspecified), extra: (none), failover: false, available: true, roaming: false, metered: false]
10-17 16:47:27.483  3957  4150 D WifiService: getConnectionInfo uid=1000
10-17 16:47:27.485  2479  2548 D ScanRecord: Not a Multi Manu data
10-17 16:47:27.485  3957  4129 D WifiStateMachine:  DefaultState !CMD_UPDATE_LINKPROPERTIES rt=506060699/1216434863 0 0 v4 v4r v4dns
10-17 16:47:27.485  2479  2548 I chatty  : uid=1002(bluetooth) BT Service Call expire 9 lines
10-17 16:47:27.485  2479  2548 D ScanRecord: Not a Multi Manu data
10-17 16:47:27.486  2479  2548 D ScanRecord: Not a Multi Manu data
10-17 16:47:27.486  2479  2548 D ScanRecord: Not a Multi Manu data
10-17 16:47:27.487  3957  4129 D WifiStateMachine: Link configuration changed for netId: 2 old: {InterfaceName: wlan0 LinkAddresses: [fe80::326a:85ff:fef3:8268/64,192.168.1.103/24,fdd5:1a5b:57e4:4afd:326a:85ff:fef3:8268/64,fdd5:1a5b:57e4:4afd:fc0c:9c7d:f9f6:85f9/64,]  Routes: [fe80::/64 -> :: wlan0,fdb3:2d18:2e07::/64 -> fe80::1491:9b9:2965:3057 wlan0,fdd5:1a5b:57e4:4afd::/64 -> :: wlan0,192.168.1.0/24 -> 0.0.0.0 wlan0,0.0.0.0/0 -> 192.168.1.1 wlan0,] DnsAddresses: [213.160.212.3,213.160.223.35,] Domains: null MTU: 0 TcpBufferSizes: 524288,1048576,4525824,524288,1048576,4525824} new: {InterfaceName: wlan0 LinkAddresses: [fe80::326a:85ff:fef3:8268/64,192.168.1.103/24,fdd5:1a5b:57e4:4afd:326a:85ff:fef3:8268/64,fdd5:1a5b:57e4:4afd:fc0c:9c7d:f9f6:85f9/64,]  Routes: [fe80::/64 -> :: wlan0,fdb3:2d18:2e07::/64 -> fe80::1491:9b9:2965:3057 wlan0,fdd5:1a5b:57e4:4afd::/64 -> :: wlan0,192.168.1.0/24 -> 0.0.0.0 wlan0,0.0.0.0/0 -> 192.168.1.1 wlan0,] DnsAddresses: [213.160.212.3,213.160.223.35,] Domains: null MTU: 0 TcpBufferSizes: 524288,1048576,4525824,524288,1048576,4525824}
10-17 16:47:27.488  3957  3972 D StorageManagerService: getExternalStorageMountMode : 1
10-17 16:47:27.488  3957  4653 D WifiService: getConnectionInfo uid=10025
10-17 16:47:27.488  2479  2548 D ScanRecord: Not a Multi Manu data
10-17 16:47:27.488  3957  4157 D ConnectivityService: Update of LinkProperties for NetworkAgentInfo [WIFI () - 508]; created=true; everConnected=true
10-17 16:47:27.488  3957  3972 D StorageManagerService: getExternalStorageMountMode : 3
10-17 16:47:27.489  2479  2548 I chatty  : uid=1002(bluetooth) BT Service Call identical 11 lines
10-17 16:47:27.489  2479  2548 D ScanRecord: Not a Multi Manu data
10-17 16:47:27.489  3957  4157 D ConnectivityService: updateLinkProperties: newLp = {InterfaceName: wlan0 LinkAddresses: [fe80::326a:85ff:fef3:8268/64,192.168.1.103/24,fdd5:1a5b:57e4:4afd:326a:85ff:fef3:8268/64,fdd5:1a5b:57e4:4afd:fc0c:9c7d:f9f6:85f9/64,]  Routes: [fe80::/64 -> :: wlan0,fdb3:2d18:2e07::/64 -> fe80::1491:9b9:2965:3057 wlan0,fdd5:1a5b:57e4:4afd::/64 -> :: wlan0,192.168.1.0/24 -> 0.0.0.0 wlan0,0.0.0.0/0 -> 192.168.1.1 wlan0,] DnsAddresses: [213.160.212.3,213.160.223.35,] Domains: null MTU: 0 TcpBufferSizes: 524288,1048576,4525824,524288,1048576,4525824}, oldLp = {InterfaceName: wlan0 LinkAddresses: [fe80::326a:85ff:fef3:8268/64,192.168.1.103/24,fdd5:1a5b:57e4:4afd:326a:85ff:fef3:8268/64,fdd5:1a5b:57e4:4afd:fc0c:9c7d:f9f6:85f9/64,]  Routes: [fe80::/64 -> :: wlan0,fdb3:2d18:2e07::/64 -> fe80::1491:9b9:2965:3057 wlan0,fdd5:1a5b:57e4:4afd::/64 -> :: wlan0,192.168.1.0/24 -> 0.0.0.0 wlan0,0.0.0.0/0 -> 192.168.1.1 wlan0,] DnsAddresses: [213.160.212.3,213.160.223.35,] Domains: null MTU: 0 TcpBufferSizes: 524288,1048576,4525824,524288,1048576,4525824}
10-17 16:47:27.489  3957  4157 D ConnectivityService: identical MTU - not setting
10-17 16:47:27.489  3957  4150 D ConnectivityService: filterNetworkStateForUid() uid: 10022 networkInfo: [type: WIFI[] - WIFI, state: CONNECTED/CONNECTED, reason: (unspecified), extra: "ourhome", failover: false, available: true, roaming: false, metered: false]
10-17 16:47:27.490  3957  4150 D WifiService: getConnectionInfo uid=1000
10-17 16:47:27.490  3957  4157 D ConnectivityService: 508 network ip type : v4v6v6
10-17 16:47:27.491  3957  4157 D ConnectivityService: Not required to send intent.
10-17 16:47:27.492  3957  4150 D ConnectivityService: filterNetworkStateForUid() uid: 10022 networkInfo: [type: WIFI[] - WIFI, state: CONNECTED/CONNECTED, reason: (unspecified), extra: "ourhome", failover: false, available: true, roaming: false, metered: false]
10-17 16:47:27.492  3957  4150 D WifiService: getConnectionInfo uid=1000
10-17 16:47:27.493  3957  4150 D ConnectivityService: filterNetworkStateForUid() uid: 10075 networkInfo: [type: WIFI[] - WIFI, state: CONNECTED/CONNECTED, reason: (unspecified), extra: "ourhome", failover: false, available: true, roaming: false, metered: false]
10-17 16:47:27.494  3957  4150 D ConnectivityService: filterNetworkStateForUid() uid: 10103 networkInfo: [type: WIFI[] - WIFI, state: CONNECTED/CONNECTED, reason: (unspecified), extra: "ourhome", failover: false, available: true, roaming: false, metered: false]
10-17 16:47:27.494  3957  4150 I chatty  : uid=1000(system) ConnectivityThr identical 2 lines
10-17 16:47:27.495  3957  3972 D StorageManagerService: getExternalStorageMountMode : final mountMode=1, uid : 10107, packageName : com.enhance.gameservice
10-17 16:47:27.495  3957  4150 D ConnectivityService: filterNetworkStateForUid() uid: 10075 networkInfo: [type: WIFI[] - WIFI, state: CONNECTED/CONNECTED, reason: (unspecified), extra: "ourhome", failover: false, available: true, roaming: false, metered: false]
10-17 16:47:27.495  3957  4150 D WifiService: getConnectionInfo uid=1000
10-17 16:47:27.495  3957  3972 I ApplicationPolicy: isApplicationExternalStorageWhitelisted:com.enhance.gameservice user:0
10-17 16:47:27.495  3957  3972 D ApplicationPolicy: isApplicationExternalStorageWhitelisted: DO is not enabled on user 0. Allowed.
10-17 16:47:27.495  3957  3972 D ActivityManager: package  com.enhance.gameservice, user - 0 is SDcard whitelisted
10-17 16:47:27.495  3957  3972 I ApplicationPolicy: isApplicationExternalStorageBlacklisted:com.enhance.gameservice user:0
10-17 16:47:27.495  3957  3972 D ApplicationPolicy: isApplicationExternalStorageBlacklisted: DO is not enabled on user 0. Allowed.
10-17 16:47:27.496  3957  4150 D ConnectivityService: filterNetworkStateForUid() uid: 10054 networkInfo: [type: WIFI[] - WIFI, state: CONNECTED/CONNECTED, reason: (unspecified), extra: "ourhome", failover: false, available: true, roaming: false, metered: false]
10-17 16:47:27.496  3957  4150 D WifiService: getConnectionInfo uid=1000
10-17 16:47:27.496  3957  4150 D ConnectivityService: filterNetworkStateForUid() uid: 10020 networkInfo: [type: WIFI[] - WIFI, state: CONNECTED/CONNECTED, reason: (unspecified), extra: "ourhome", failover: false, available: true, roaming: false, metered: false]
10-17 16:47:27.496  3957  4150 D WifiService: getConnectionInfo uid=1000
10-17 16:47:27.497  3957  4150 D ConnectivityService: filterNetworkStateForUid() uid: 10103 networkInfo: [type: WIFI[] - WIFI, state: CONNECTED/CONNECTED, reason: (unspecified), extra: "ourhome", failover: false, available: true, roaming: false, metered: false]
10-17 16:47:27.497  4616  4616 D PhoneApp: PhoneAppBroadcastReceiver onReceive android.net.wifi.STATE_CHANGE
10-17 16:47:27.497  3957  4150 D WifiService: getConnectionInfo uid=1000
10-17 16:47:27.497  3957  4150 D ConnectivityService: filterNetworkStateForUid() uid: 10102 networkInfo: [type: WIFI[] - WIFI, state: DISCONNECTED/BLOCKED, reason: (unspecified), extra: (none), failover: false, available: true, roaming: false, metered: false]
10-17 16:47:27.498  3957  4150 I chatty  : uid=1000(system) ConnectivityThr identical 1 line
10-17 16:47:27.498  3957  4150 D ConnectivityService: filterNetworkStateForUid() uid: 10103 networkInfo: [type: WIFI[] - WIFI, state: CONNECTED/CONNECTED, reason: (unspecified), extra: "ourhome", failover: false, available: true, roaming: false, metered: false]
10-17 16:47:27.498  3957  4150 D WifiService: getConnectionInfo uid=1000
10-17 16:47:27.499  4340  4340 E SignalClusterView: setSlotFocusVisible : subId -2
10-17 16:47:27.499  4340  4340 E SignalClusterView: setSlotFocusVisible : subId -2
10-17 16:47:27.499  3957  4150 D ConnectivityService: filterNetworkStateForUid() uid: 10075 networkInfo: [type: WIFI[] - WIFI, state: CONNECTED/CONNECTED, reason: (unspecified), extra: "ourhome", failover: false, available: true, roaming: false, metered: false]
10-17 16:47:27.499  3957  4150 D WifiService: getConnectionInfo uid=1000
10-17 16:47:27.499  3957  4150 D ConnectivityService: filterNetworkStateForUid() uid: 10147 networkInfo: [type: WIFI[] - WIFI, state: DISCONNECTED/BLOCKED, reason: (unspecified), extra: (none), failover: false, available: true, roaming: false, metered: false]
10-17 16:47:27.499  4616  4616 D NetworkUIGlobals: PhoneAppBroadcastReceiver onReceive android.net.wifi.STATE_CHANGE
10-17 16:47:27.500  3957  4150 D WifiService: getConnectionInfo uid=1000
10-17 16:47:27.500  3957  4150 D ConnectivityService: filterNetworkStateForUid() uid: 10075 networkInfo: [type: WIFI[] - WIFI, state: CONNECTED/CONNECTED, reason: (unspecified), extra: "ourhome", failover: false, available: true, roaming: false, metered: false]
10-17 16:47:27.500  2479  2548 D ScanRecord: Not a Multi Manu data
10-17 16:47:27.500  3957  4150 D WifiService: getConnectionInfo uid=1000
10-17 16:47:27.501  3957  4150 D ConnectivityService: filterNetworkStateForUid() uid: 10025 networkInfo: [type: WIFI[] - WIFI, state: CONNECTED/CONNECTED, reason: (unspecified), extra: "ourhome", failover: false, available: true, roaming: false, metered: false]
10-17 16:47:27.501  2479  2548 I chatty  : uid=1002(bluetooth) BT Service Call expire 11 lines
10-17 16:47:27.501  3957  4150 D WifiService: getConnectionInfo uid=1000
10-17 16:47:27.501  2479  2548 D ScanRecord: Not a Multi Manu data
10-17 16:47:27.501  3957  4150 D ConnectivityService: filterNetworkStateForUid() uid: 10103 networkInfo: [type: WIFI[] - WIFI, state: CONNECTED/CONNECTED, reason: (unspecified), extra: "ourhome", failover: false, available: true, roaming: false, metered: false]
10-17 16:47:27.502  3957  4150 D ConnectivityService: filterNetworkStateForUid() uid: 10075 networkInfo: [type: WIFI[] - WIFI, state: CONNECTED/CONNECTED, reason: (unspecified), extra: "ourhome", failover: false, available: true, roaming: false, metered: false]
10-17 16:47:27.502  3957  4150 I chatty  : uid=1000(system) ConnectivityThr expire 2 lines
10-17 16:47:27.503  3957  4150 D ConnectivityService: filterNetworkStateForUid() uid: 10147 networkInfo: [type: WIFI[] - WIFI, state: DISCONNECTED/BLOCKED, reason: (unspecified), extra: (none), failover: false, available: true, roaming: false, metered: false]
10-17 16:47:27.503  3957  4150 D WifiService: getConnectionInfo uid=1000
10-17 16:47:27.503  2479  2548 D ScanRecord: Not a Multi Manu data
10-17 16:47:27.503  3957  4150 D ConnectivityService: filterNetworkStateForUid() uid: 10075 networkInfo: [type: WIFI[] - WIFI, state: CONNECTED/CONNECTED, reason: (unspecified), extra: "ourhome", failover: false, available: true, roaming: false, metered: false]
10-17 16:47:27.503  2479  2548 I chatty  : uid=1002(bluetooth) BT Service Call identical 8 lines
10-17 16:47:27.503  3957  4150 D WifiService: getConnectionInfo uid=1000
10-17 16:47:27.503  2479  2548 D ScanRecord: Not a Multi Manu data
10-17 16:47:27.503  2479  2548 D ScanRecord: Not a Multi Manu data
10-17 16:47:27.503  2479  2548 I chatty  : uid=1002(bluetooth) BT Service Call identical 1 line
10-17 16:47:27.504  2479  2548 D ScanRecord: Not a Multi Manu data
10-17 16:47:27.504  3957  4150 D ConnectivityService: filterNetworkStateForUid() uid: 10103 networkInfo: [type: WIFI[] - WIFI, state: CONNECTED/CONNECTED, reason: (unspecified), extra: "ourhome", failover: false, available: true, roaming: false, metered: false]
10-17 16:47:27.504  3957  4150 D WifiService: getConnectionInfo uid=1000
10-17 16:47:27.504  3957  4150 D ConnectivityService: filterNetworkStateForUid() uid: 10164 networkInfo: [type: WIFI[] - WIFI, state: DISCONNECTED/BLOCKED, reason: (unspecified), extra: (none), failover: false, available: true, roaming: false, metered: false]
10-17 16:47:27.505  3957  4150 D ConnectivityService: filterNetworkStateForUid() uid: 10164 networkInfo: [type: WIFI[] - WIFI, state: DISCONNECTED/BLOCKED, reason: (unspecified), extra: (none), failover: false, available: true, roaming: false, metered: false]
10-17 16:47:27.505  3957  4150 I chatty  : uid=1000(system) ConnectivityThr identical 2 lines
10-17 16:47:27.505  3957  4150 D ConnectivityService: filterNetworkStateForUid() uid: 10121 networkInfo: [type: WIFI[] - WIFI, state: DISCONNECTED/BLOCKED, reason: (unspecified), extra: (none), failover: false, available: true, roaming: false, metered: false]
10-17 16:47:27.506  3957  4150 D WifiService: getConnectionInfo uid=1000
10-17 16:47:27.506  2479  2548 D ScanRecord: Not a Multi Manu data
10-17 16:47:27.506  2479  2548 I chatty  : uid=1002(bluetooth) BT Service Call identical 10 lines
10-17 16:47:27.506  3957  4150 D ConnectivityService: filterNetworkStateForUid() uid: 10025 networkInfo: [type: WIFI[] - WIFI, state: CONNECTED/CONNECTED, reason: (unspecified), extra: "ourhome", failover: false, available: true, roaming: false, metered: false]
10-17 16:47:27.506  2479  2548 D ScanRecord: Not a Multi Manu data
10-17 16:47:27.506  3957  4150 D WifiService: getConnectionInfo uid=1000
10-17 16:47:27.506  2479  2548 D ScanRecord: Not a Multi Manu data
10-17 16:47:27.507  3957  4150 D ConnectivityService: filterNetworkStateForUid() uid: 10020 networkInfo: [type: WIFI[] - WIFI, state: CONNECTED/CONNECTED, reason: (unspecified), extra: "ourhome", failover: false, available: true, roaming: false, metered: false]
10-17 16:47:27.507  3957  4150 D WifiService: getConnectionInfo uid=1000
10-17 16:47:27.507  3957  4150 D ConnectivityService: filterNetworkStateForUid() uid: 10103 networkInfo: [type: WIFI[] - WIFI, state: CONNECTED/CONNECTED, reason: (unspecified), extra: "ourhome", failover: false, available: true, roaming: false, metered: false]
10-17 16:47:27.509  3957  4150 D ConnectivityService: filterNetworkStateForUid() uid: 10044 networkInfo: [type: WIFI[] - WIFI, state: CONNECTED/CONNECTED, reason: (unspecified), extra: "ourhome", failover: false, available: true, roaming: false, metered: false]
10-17 16:47:27.510  3957  4150 D ConnectivityService: filterNetworkStateForUid() uid: 10020 networkInfo: [type: WIFI[] - WIFI, state: CONNECTED/CONNECTED, reason: (unspecified), extra: "ourhome", failover: false, available: true, roaming: false, metered: false]
10-17 16:47:27.512  3957  4150 D ConnectivityService: filterNetworkStateForUid() uid: 10022 networkInfo: [type: WIFI[] - WIFI, state: CONNECTED/CONNECTED, reason: (unspecified), extra: "ourhome", failover: false, available: true, roaming: false, metered: false]
10-17 16:47:27.512  3957  4150 D ConnectivityService: filterNetworkStateForUid() uid: 10164 networkInfo: [type: WIFI[] - WIFI, state: DISCONNECTED/BLOCKED, reason: (unspecified), extra: (none), failover: false, available: true, roaming: false, metered: false]
10-17 16:47:27.512  3957  4150 D ConnectivityService: filterNetworkStateForUid() uid: 10102 networkInfo: [type: WIFI[] - WIFI, state: DISCONNECTED/BLOCKED, reason: (unspecified), extra: (none), failover: false, available: true, roaming: false, metered: false]
10-17 16:47:27.512  3957  4150 D ConnectivityService: filterNetworkStateForUid() uid: 10025 networkInfo: [type: WIFI[] - WIFI, state: CONNECTED/CONNECTED, reason: (unspecified), extra: "ourhome", failover: false, available: true, roaming: false, metered: false]
10-17 16:47:27.513  3957  4150 D ConnectivityService: filterNetworkStateForUid() uid: 10075 networkInfo: [type: WIFI[] - WIFI, state: CONNECTED/CONNECTED, reason: (unspecified), extra: "ourhome", failover: false, available: true, roaming: false, metered: false]
10-17 16:47:27.513  3957  4150 D ConnectivityService: filterNetworkStateForUid() uid: 10102 networkInfo: [type: WIFI[] - WIFI, state: DISCONNECTED/BLOCKED, reason: (unspecified), extra: (none), failover: false, available: true, roaming: false, metered: false]
10-17 16:47:27.513  3957  4150 D ConnectivityService: filterNetworkStateForUid() uid: 10147 networkInfo: [type: WIFI[] - WIFI, state: DISCONNECTED/BLOCKED, reason: (unspecified), extra: (none), failover: false, available: true, roaming: false, metered: false]
10-17 16:47:27.513  3957  4150 D ConnectivityService: filterNetworkStateForUid() uid: 10025 networkInfo: [type: WIFI[] - WIFI, state: CONNECTED/CONNECTED, reason: (unspecified), extra: "ourhome", failover: false, available: true, roaming: false, metered: false]
10-17 16:47:27.513  3957  4150 D ConnectivityService: filterNetworkStateForUid() uid: 1001 networkInfo: [type: WIFI[] - WIFI, state: CONNECTED/CONNECTED, reason: (unspecified), extra: "ourhome", failover: false, available: true, roaming: false, metered: false]
10-17 16:47:27.513  3957  4150 D ConnectivityService: filterNetworkStateForUid() uid: 10037 networkInfo: [type: WIFI[] - WIFI, state: DISCONNECTED/BLOCKED, reason: (unspecified), extra: (none), failover: false, available: true, roaming: false, metered: false]
10-17 16:47:27.515  3957  4150 D ConnectivityService: filterNetworkStateForUid() uid: 10075 networkInfo: [type: WIFI[] - WIFI, state: CONNECTED/CONNECTED, reason: (unspecified), extra: "ourhome", failover: false, available: true, roaming: false, metered: false]
10-17 16:47:27.515  3957  4150 D ConnectivityService: filterNetworkStateForUid() uid: 10025 networkInfo: [type: WIFI[] - WIFI, state: CONNECTED/CONNECTED, reason: (unspecified), extra: "ourhome", failover: false, available: true, roaming: false, metered: false]
10-17 16:47:27.515  3957  4150 D ConnectivityService: filterNetworkStateForUid() uid: 10025 networkInfo: [type: WIFI[] - WIFI, state: CONNECTED/CONNECTED, reason: (unspecified), extra: "ourhome", failover: false, available: true, roaming: false, metered: false]
10-17 16:47:27.516  3957  4150 D ConnectivityService: filterNetworkStateForUid() uid: 10044 networkInfo: [type: WIFI[] - WIFI, state: CONNECTED/CONNECTED, reason: (unspecified), extra: "ourhome", failover: false, available: true, roaming: false, metered: false]
10-17 16:47:27.516  3957  4150 D ConnectivityService: filterNetworkStateForUid() uid: 10075 networkInfo: [type: WIFI[] - WIFI, state: CONNECTED/CONNECTED, reason: (unspecified), extra: "ourhome", failover: false, available: true, roaming: false, metered: false]
10-17 16:47:27.516  3957  4150 D ConnectivityService: filterNetworkStateForUid() uid: 10022 networkInfo: [type: WIFI[] - WIFI, state: CONNECTED/CONNECTED, reason: (unspecified), extra: "ourhome", failover: false, available: true, roaming: false, metered: false]
10-17 16:47:27.516  3957  4150 D ConnectivityService: filterNetworkStateForUid() uid: 10025 networkInfo: [type: WIFI[] - WIFI, state: CONNECTED/CONNECTED, reason: (unspecified), extra: "ourhome", failover: false, available: true, roaming: false, metered: false]
10-17 16:47:27.516  3957  4150 D ConnectivityService: filterNetworkStateForUid() uid: 10164 networkInfo: [type: WIFI[] - WIFI, state: DISCONNECTED/BLOCKED, reason: (unspecified), extra: (none), failover: false, available: true, roaming: false, metered: false]
10-17 16:47:27.516  3957  4150 D ConnectivityService: filterNetworkStateForUid() uid: 10044 networkInfo: [type: WIFI[] - WIFI, state: CONNECTED/CONNECTED, reason: (unspecified), extra: "ourhome", failover: false, available: true, roaming: false, metered: false]
10-17 16:47:27.516  3957  4150 D ConnectivityService: filterNetworkStateForUid() uid: 10102 networkInfo: [type: WIFI[] - WIFI, state: DISCONNECTED/BLOCKED, reason: (unspecified), extra: (none), failover: false, available: true, roaming: false, metered: false]
10-17 16:47:27.516  3957  4150 D ConnectivityService: filterNetworkStateForUid() uid: 10109 networkInfo: [type: WIFI[] - WIFI, state: DISCONNECTED/BLOCKED, reason: (unspecified), extra: (none), failover: false, available: true, roaming: false, metered: false]
10-17 16:47:27.517  3957  4150 D ConnectivityService: filterNetworkStateForUid() uid: 10075 networkInfo: [type: WIFI[] - WIFI, state: CONNECTED/CONNECTED, reason: (unspecified), extra: "ourhome", failover: false, available: true, roaming: false, metered: false]
10-17 16:47:27.517  3957  4150 D ConnectivityService: filterNetworkStateForUid() uid: 10044 networkInfo: [type: WIFI[] - WIFI, state: CONNECTED/CONNECTED, reason: (unspecified), extra: "ourhome", failover: false, available: true, roaming: false, metered: false]
10-17 16:47:27.517  3957  4150 I chatty  : uid=1000(system) ConnectivityThr identical 26 lines
10-17 16:47:27.517  3957  4150 D ConnectivityService: filterNetworkStateForUid() uid: 10044 networkInfo: [type: WIFI[] - WIFI, state: CONNECTED/CONNECTED, reason: (unspecified), extra: "ourhome", failover: false, available: true, roaming: false, metered: false]
10-17 16:47:27.517  3957  4150 D WifiService: getConnectionInfo uid=1000
10-17 16:47:27.517  2479  2548 D ScanRecord: Not a Multi Manu data
10-17 16:47:27.517  2479  2548 I chatty  : uid=1002(bluetooth) BT Service Call identical 9 lines
10-17 16:47:27.517  2479  2548 D ScanRecord: Not a Multi Manu data
10-17 16:47:27.517  3957  4150 D ConnectivityService: filterNetworkStateForUid() uid: 10147 networkInfo: [type: WIFI[] - WIFI, state: DISCONNECTED/BLOCKED, reason: (unspecified), extra: (none), failover: false, available: true, roaming: false, metered: false]
10-17 16:47:27.518  3957  4150 D WifiService: getConnectionInfo uid=1000
10-17 16:47:27.518  2479  2548 D ScanRecord: Not a Multi Manu data
10-17 16:47:27.518  2479  2548 D ScanRecord: Not a Multi Manu data
10-17 16:47:27.518  3957  4150 D ConnectivityService: filterNetworkStateForUid() uid: 10171 networkInfo: [type: WIFI[] - WIFI, state: CONNECTED/CONNECTED, reason: (unspecified), extra: "ourhome", failover: false, available: true, roaming: false, metered: false]
10-17 16:47:27.518  3957  4150 D WifiService: getConnectionInfo uid=1000
10-17 16:47:27.518  3957  4150 D ConnectivityService: filterNetworkStateForUid() uid: 10075 networkInfo: [type: WIFI[] - WIFI, state: CONNECTED/CONNECTED, reason: (unspecified), extra: "ourhome", failover: false, available: true, roaming: false, metered: false]
10-17 16:47:27.519  3957  4150 D ConnectivityService: filterNetworkStateForUid() uid: 10075 networkInfo: [type: WIFI[] - WIFI, state: CONNECTED/CONNECTED, reason: (unspecified), extra: "ourhome", failover: false, available: true, roaming: false, metered: false]
10-17 16:47:27.519  3957  4150 I chatty  : uid=1000(system) ConnectivityThr identical 2 lines
10-17 16:47:27.519  3957  4150 D ConnectivityService: filterNetworkStateForUid() uid: 10112 networkInfo: [type: WIFI[] - WIFI, state: CONNECTED/CONNECTED, reason: (unspecified), extra: "ourhome", failover: false, available: true, roaming: false, metered: false]
10-17 16:47:27.519  3957  4150 D WifiService: getConnectionInfo uid=1000
10-17 16:47:27.520  2479  2548 D ScanRecord: Not a Multi Manu data
10-17 16:47:27.520  2479  2548 I chatty  : uid=1002(bluetooth) BT Service Call identical 11 lines
10-17 16:47:27.521  2479  2548 D ScanRecord: Not a Multi Manu data
10-17 16:47:27.522  3957  4150 D ConnectivityService: filterNetworkStateForUid() uid: 10103 networkInfo: [type: WIFI[] - WIFI, state: CONNECTED/CONNECTED, reason: (unspecified), extra: "ourhome", failover: false, available: true, roaming: false, metered: false]
10-17 16:47:27.522  3957  4150 D WifiService: getConnectionInfo uid=1000
10-17 16:47:27.522  3957  4150 D ConnectivityService: filterNetworkStateForUid() uid: 10075 networkInfo: [type: WIFI[] - WIFI, state: CONNECTED/CONNECTED, reason: (unspecified), extra: "ourhome", failover: false, available: true, roaming: false, metered: false]
10-17 16:47:27.524  3957  4150 I chatty  : uid=1000(system) ConnectivityThr identical 3 lines
10-17 16:47:27.524  3957  4150 D ConnectivityService: filterNetworkStateForUid() uid: 10075 networkInfo: [type: WIFI[] - WIFI, state: CONNECTED/CONNECTED, reason: (unspecified), extra: "ourhome", failover: false, available: true, roaming: false, metered: false]
10-17 16:47:27.524  3957  4150 D ConnectivityService: filterNetworkStateForUid() uid: 5009 networkInfo: [type: WIFI[] - WIFI, state: CONNECTED/CONNECTED, reason: (unspecified), extra: "ourhome", failover: false, available: true, roaming: false, metered: false]
10-17 16:47:27.525  3957  4150 D ConnectivityService: filterNetworkStateForUid() uid: 10075 networkInfo: [type: WIFI[] - WIFI, state: CONNECTED/CONNECTED, reason: (unspecified), extra: "ourhome", failover: false, available: true, roaming: false, metered: false]
10-17 16:47:27.525  3957  4150 D ConnectivityService: filterNetworkStateForUid() uid: 1000 networkInfo: [type: WIFI[] - WIFI, state: CONNECTED/CONNECTED, reason: (unspecified), extra: "ourhome", failover: false, available: true, roaming: false, metered: false]
10-17 16:47:27.525  3957  4150 I chatty  : uid=1000(system) ConnectivityThr identical 8 lines
10-17 16:47:27.525  3957  4150 D ConnectivityService: filterNetworkStateForUid() uid: 10111 networkInfo: [type: WIFI[] - WIFI, state: DISCONNECTED/BLOCKED, reason: (unspecified), extra: (none), failover: false, available: true, roaming: false, metered: false]
10-17 16:47:27.526  3957  4150 D WifiService: getConnectionInfo uid=1000
10-17 16:47:27.527 16575 16575 E Zygote  : isWhitelistProcess - Process is Whitelisted
10-17 16:47:27.528  3957  3972 I ActivityManager: Start proc 16575:com.enhance.gameservice/u0a107 for broadcast com.enhance.gameservice/.GameServiceReceiver
10-17 16:47:27.528 16575 16575 E libpersona: scanKnoxPersonas
10-17 16:47:27.528 16575 16575 E libpersona: Couldn't open the File - /data/system/users/0/personalist.xml - No such file or directory
10-17 16:47:27.529  3957 31877 D SamsungAlarmManager: setExact Listener (T:2/F:9/AC:false) 20231017T184727 - CU:1000/CP:3957
10-17 16:47:27.530  3957 31877 D DhcpClient: Scheduling renewal in 3455s
10-17 16:47:27.530  3957 31877 D DhcpClient: Scheduling rebind in 6299s
10-17 16:47:27.530  3957 31877 D DhcpClient: Scheduling expiry in 7199s
10-17 16:47:27.530  3957  4129 D WifiStateMachine: updateLinkProperties nid: 2 state: CONNECTED v4 v4r v4dns
10-17 16:47:27.531  3957  4129 D WifiStateMachine:  ConnectedState !CMD_GET_SPECIFIC_CONFIGURED_NETWORKS uid=1000 rt=506060745/1216434909 2 0
10-17 16:47:27.531  3957  4129 D WifiStateMachine:  L2ConnectedState !CMD_GET_SPECIFIC_CONFIGURED_NETWORKS uid=1000 rt=506060745/1216434909 2 0
10-17 16:47:27.531  3957  4129 D WifiStateMachine:  ConnectModeState !CMD_GET_SPECIFIC_CONFIGURED_NETWORKS uid=1000 rt=506060745/1216434909 2 0
10-17 16:47:27.531  3957  4129 D WifiStateMachine:  SupplicantStartedState !CMD_GET_SPECIFIC_CONFIGURED_NETWORKS uid=1000 rt=506060745/1216434909 2 0
10-17 16:47:27.531  3957  4129 D WifiStateMachine:  DefaultState !CMD_GET_SPECIFIC_CONFIGURED_NETWORKS uid=1000 rt=506060745/1216434909 2 0
10-17 16:47:27.532  3957  4305 D WifiConnectivityMonitor: updateDnsLinkProperty: enter
10-17 16:47:27.532  3957  3957 D WifiAsyncChannel.WifiService: sendMessageSynchronously.recv message=131394 sendingUid=1000
10-17 16:47:27.533  3957  4305 D WifiConnectivityMonitor.DnsResolver: setCurrentLinkProperties: lp={InterfaceName: wlan0 LinkAddresses: [fe80::326a:85ff:fef3:8268/64,192.168.1.103/24,fdd5:1a5b:57e4:4afd:326a:85ff:fef3:8268/64,fdd5:1a5b:57e4:4afd:fc0c:9c7d:f9f6:85f9/64,]  Routes: [fe80::/64 -> :: wlan0,fdb3:2d18:2e07::/64 -> fe80::1491:9b9:2965:3057 wlan0,fdd5:1a5b:57e4:4afd::/64 -> :: wlan0,192.168.1.0/24 -> 0.0.0.0 wlan0,0.0.0.0/0 -> 192.168.1.1 wlan0,] DnsAddresses: [213.160.212.3,213.160.223.35,] Domains: null MTU: 0 TcpBufferSizes: 524288,1048576,4525824,524288,1048576,4525824}
