10-17 16:35:26.454 12385 12589 E fb4a.1jx: org.json.JSONException: End of input at character 0 of 
10-17 16:35:26.454 12385 12589 E fb4a.1jx: 	at org.json.JSONTokener.syntaxError(JSONTokener.java:449)
10-17 16:35:26.454 12385 12589 E fb4a.1jx: 	at org.json.JSONTokener.nextValue(JSONTokener.java:97)
10-17 16:35:26.454 12385 12589 E fb4a.1jx: 	at org.json.JSONObject.<init>(JSONObject.java:159)
10-17 16:35:26.454 12385 12589 E fb4a.1jx: 	at org.json.JSONObject.<init>(JSONObject.java:176)
10-17 16:35:26.454 12385 12589 E fb4a.1jx: 	at X.1jx.A00(:8)
10-17 16:35:26.454 12385 12589 E fb4a.1jx: 	at X.1j5.B9e(:26)
10-17 16:35:26.454 12385 12589 E fb4a.1jx: 	at X.1cF.A01(:39)
10-17 16:35:26.454 12385 12589 E fb4a.1jx: 	at X.1cF.A0A(:82)
10-17 16:35:26.454 12385 12589 E fb4a.1jx: 	at X.1cF.A0H(:92)
10-17 16:35:26.454 12385 12589 E fb4a.1jx: 	at X.1cD.A02(:14)
10-17 16:35:26.454 12385 12589 E fb4a.1jx: 	at X.1cD.A03(:0)
10-17 16:35:26.454 12385 12589 E fb4a.1jx: 	at X.1c4.A0T(:10)
10-17 16:35:26.454 12385 12589 E fb4a.1jx: 	at X.Jdu.A0E(:1128)
10-17 16:35:26.454 12385 12589 E fb4a.1jx: 	at X.Jdu.A00(:2456)
10-17 16:35:26.454 12385 12589 E fb4a.1jx: 	at X.1Ap.A00(:63)
10-17 16:35:26.454 12385 12589 E fb4a.1jx: 	at X.1Bj.A07(:31)
10-17 16:35:26.454 12385 12589 E fb4a.1jx: 	at X.1C7.get(:39)
10-17 16:35:26.454 12385 12589 E fb4a.1jx: 	at X.1u2.get(:2)
10-17 16:35:26.454 12385 12589 E fb4a.1jx: 	at X.1u7.A08(:18)
10-17 16:35:26.454 12385 12589 E fb4a.1jx: 	at X.1u7.A0G(:1)
10-17 16:35:26.454 12385 12589 E fb4a.1jx: 	at X.1C9.Bx8(:2352)
10-17 16:35:26.454 12385 12589 E fb4a.1jx: 	at X.11q.run(:104)
10-17 16:35:26.454 12385 12589 E fb4a.1jx: 	at java.util.concurrent.ThreadPoolExecutor.runWorker(ThreadPoolExecutor.java:1162)
10-17 16:35:26.454 12385 12589 E fb4a.1jx: 	at java.util.concurrent.ThreadPoolExecutor$Worker.run(ThreadPoolExecutor.java:636)
10-17 16:35:26.454 12385 12589 E fb4a.1jx: 	at X.0m8.run(:8)
10-17 16:35:26.454 12385 12589 E fb4a.1jx: 	at java.lang.Thread.run(Thread.java:764)
10-17 16:35:26.488 12385 12589 W fb4a.AppInitScheduler|Run:   Finished PreloadInlineComposerProfileImage in 124ms
10-17 16:35:26.491 12385 12743 E fb4a.1jx: Error de-serializing experiments for features
10-17 16:35:26.491 12385 12743 E fb4a.1jx: org.json.JSONException: End of input at character 0 of 
10-17 16:35:26.491 12385 12743 E fb4a.1jx: 	at org.json.JSONTokener.syntaxError(JSONTokener.java:449)
10-17 16:35:26.491 12385 12743 E fb4a.1jx: 	at org.json.JSONTokener.nextValue(JSONTokener.java:97)
10-17 16:35:26.491 12385 12743 E fb4a.1jx: 	at org.json.JSONObject.<init>(JSONObject.java:159)
10-17 16:35:26.491 12385 12743 E fb4a.1jx: 	at org.json.JSONObject.<init>(JSONObject.java:176)
10-17 16:35:26.491 12385 12743 E fb4a.1jx: 	at X.1jx.A00(:8)
10-17 16:35:26.491 12385 12743 E fb4a.1jx: 	at X.1j5.B9e(:26)
10-17 16:35:26.491 12385 12743 E fb4a.1jx: 	at X.1cF.A01(:39)
10-17 16:35:26.491 12385 12743 E fb4a.1jx: 	at X.1cF.A0A(:82)
10-17 16:35:26.491 12385 12743 E fb4a.1jx: 	at X.1cF.A0H(:92)
10-17 16:35:26.491 12385 12743 E fb4a.1jx: 	at X.1cD.A02(:14)
10-17 16:35:26.491 12385 12743 E fb4a.1jx: 	at X.1c0.A03(:20)
10-17 16:35:26.491 12385 12743 E fb4a.1jx: 	at X.1UY.A02(:1319)
10-17 16:35:26.491 12385 12743 E fb4a.1jx: 	at X.1UY.DMM(:0)
10-17 16:35:26.491 12385 12743 E fb4a.1jx: 	at X.1Um.DMM(:12)
10-17 16:35:26.491 12385 12743 E fb4a.1jx: 	at X.1Um.run(:27)
10-17 16:35:26.491 12385 12743 E fb4a.1jx: 	at java.util.concurrent.Executors$RunnableAdapter.call(Executors.java:457)
10-17 16:35:26.491 12385 12743 E fb4a.1jx: 	at java.util.concurrent.FutureTask.run(FutureTask.java:266)
10-17 16:35:26.491 12385 12743 E fb4a.1jx: 	at X.1Eq.run(:47)
10-17 16:35:26.491 12385 12743 E fb4a.1jx: 	at java.util.concurrent.ThreadPoolExecutor.runWorker(ThreadPoolExecutor.java:1162)
10-17 16:35:26.491 12385 12743 E fb4a.1jx: 	at java.util.concurrent.ThreadPoolExecutor$Worker.run(ThreadPoolExecutor.java:636)
10-17 16:35:26.491 12385 12743 E fb4a.1jx: 	at X.1Ev.run(:3)
10-17 16:35:26.491 12385 12743 E fb4a.1jx: 	at X.1F1.run(:14)
10-17 16:35:26.491 12385 12743 E fb4a.1jx: 	at java.lang.Thread.run(Thread.java:764)
10-17 16:35:26.511 12256 12569 I BatteryMgr:DataCollectionService: stats => 1697553326510,201,4308,281,0,100
10-17 16:35:26.511 12385 12606 W fb4a.AppInitScheduler|Run:   Finished PreloadFreshFeedRanker in 175ms
10-17 16:35:26.519 12385 12588 W fb4a.AppInitScheduler|Run:   Finished ProfiloBridgeFactoryImpl in 314ms
10-17 16:35:26.523 12385 12604 W fb4a.AppInitScheduler|Run:   Finished PreloadFeedDataLoader in 245ms
10-17 16:35:26.525 12385 12605 W fb4a.AppInitScheduler|Run:   Finished PreloadFeedFullCacheLoad in 212ms
10-17 16:35:26.562 12385 12764 D NetworkSecurityConfig: Using Network Security Config from resource (name removed) debugBuild: false
10-17 16:35:26.576 12385 12498 W ResourceType: ResTable_typeSpec entry count inconsistent: given 88, previously 90
10-17 16:35:26.577 12385 12498 W ResourceType: ResTable_typeSpec entry count inconsistent: given 168, previously 172
10-17 16:35:26.587  3957  4128 D WifiService: getConnectionInfo uid=1000
10-17 16:35:26.602 12385 12498 W ResourceType: ResTable_typeSpec entry count inconsistent: given 3502, previously 3522
10-17 16:35:26.603 12385 12420 I zygote  : Background concurrent copying GC freed 13937(1619KB) AllocSpace objects, 12(252KB) LOS objects, 50% free, 7MB/15MB, paused 5.073ms total 481.322ms
10-17 16:35:26.603 12385 12498 W ResourceType: ResTable_typeSpec entry count inconsistent: given 487, previously 4664
10-17 16:35:26.610 12385 12418 W JavaBinder: BinderProxy is being destroyed but the application did not call unlinkToDeath to unlink all of its death recipients beforehand.  Releasing leaked death recipient: X.07b
10-17 16:35:26.622 12256 12569 I BatteryMgr:DataCollectionService: stats => 1697553326622,201,4308,281,0,100
10-17 16:35:26.626  4961  4961 D io_stats: !@ 179,0 r 7721756 248505396 w 1654457 34398604 d 132998 33967324 f 386137 407302 iot 3420112 2991750 th 51200 0 0 pt 0 inp 0 0 505339.840
10-17 16:35:26.630  3599  3918 D DnsProxyListener: DNSDBG::dns addrinfo af 0
10-17 16:35:26.656  3599  3918 I chatty  : uid=0(root) /system/bin/netd identical 2 lines
10-17 16:35:26.684  3599  3918 D DnsProxyListener: DNSDBG::dns addrinfo af 0
10-17 16:35:26.730 12256 12569 I BatteryMgr:DataCollectionService: stats => 1697553326730,201,4308,281,0,100
10-17 16:35:26.792 12385 12591 D TelephonyManager: getCellLocation : Caller (PID / UID / TID): 12385 / 10103 / 12591
10-17 16:35:26.811 12385 12607 W fb4a.AppInitScheduler|Run:   Finished PreloadReactions in 468ms
10-17 16:35:26.817 12385 12591 D TelephonyManager: getAllCellInfo : Caller (PID / UID / TID): 12385 / 10103 / 12591
10-17 16:35:26.840 12256 12569 I BatteryMgr:DataCollectionService: stats => 1697553326840,201,4308,281,0,100
10-17 16:35:26.854  3957  4129 D WifiStateMachine:  ConnectedState !RSSI_PKTCNT_FETCH uid=1000 rt=505340067/1215714231 0 0 "ourhome" f4:6d:2f:12:cc:88 rssi=-47 f=5240 sc=60 link=433 tx=2.7, 0.0, 0.0  rx=5.1 bcn=41790 [on:0 tx:0 rx:0 period:1000] from screen [on:327269 period:1458035] score=60
10-17 16:35:26.854 12385 12591 W fb4a.AppInitScheduler|Run:   Finished EagerInitTigonLiger in 1000ms
10-17 16:35:26.855 12385 12591 W fb4a.AppInitScheduler|Run: Running GraphServiceEagerInit
10-17 16:35:26.855 12385 12592 W fb4a.AppInitScheduler|Run: Running ZeroLibraryInitializer
10-17 16:35:26.855  3957  4129 D WifiStateMachine:  L2ConnectedState !RSSI_PKTCNT_FETCH uid=1000 rt=505340068/1215714232 0 0 "ourhome" f4:6d:2f:12:cc:88 rssi=-47 f=5240 sc=60 link=433 tx=2.7, 0.0, 0.0  rx=5.1 bcn=41790 [on:0 tx:0 rx:0 period:1] from screen [on:327269 period:1458036] score=60
10-17 16:35:26.856  3957  4129 D WifiStateMachine: fetchRssiLinkSpeedAndFrequencyNative rssi=-49 linkspeed=433 freq=5240
10-17 16:35:26.856  3957  4129 V WifiConfigManager: Updating scan detail cache freq=5240 BSSID=f4:6d:2f:12:cc:88 RSSI=-47 for "ourhome"WPA_PSK
10-17 16:35:26.857 12385 12592 W fb4a.AppInitScheduler|Run:   Finished ZeroLibraryInitializer in 2ms
10-17 16:35:26.879 12385 12717 D TelephonyManager: getCellLocation : Caller (PID / UID / TID): 12385 / 10103 / 12717
10-17 16:35:26.889 12385 12717 D TelephonyManager: getAllCellInfo : Caller (PID / UID / TID): 12385 / 10103 / 12717
10-17 16:35:26.912 12385 12717 D TelephonyManager: getCellLocation : Caller (PID / UID / TID): 12385 / 10103 / 12717
10-17 16:35:26.926 12385 12717 D TelephonyManager: getAllCellInfo : Caller (PID / UID / TID): 12385 / 10103 / 12717
10-17 16:35:26.943 12385 12591 W fb4a.AppInitScheduler|Run:   Finished GraphServiceEagerInit in 88ms
10-17 16:35:26.943 12385 12591 W fb4a.AppInitScheduler|Run: All work finished.
10-17 16:35:26.954  3957  3967 D StorageManagerService: getExternalStorageMountMode : 3
10-17 16:35:26.955  3957  3967 D StorageManagerService: getExternalStorageMountMode : 3
10-17 16:35:26.956  3957  3967 D StorageManagerService: getExternalStorageMountMode : final mountMode=3, uid : 10044, packageName : com.android.vending
10-17 16:35:26.956  3957  3967 I ApplicationPolicy: isApplicationExternalStorageWhitelisted:com.android.vending user:0
10-17 16:35:26.956  3957  3967 D ApplicationPolicy: isApplicationExternalStorageWhitelisted: DO is not enabled on user 0. Allowed.
10-17 16:35:26.956  3957  3967 D ActivityManager: package  com.android.vending, user - 0 is SDcard whitelisted
10-17 16:35:26.957  3957  3967 I ApplicationPolicy: isApplicationExternalStorageBlacklisted:com.android.vending user:0
10-17 16:35:26.957  3957  3967 D ApplicationPolicy: isApplicationExternalStorageBlacklisted: DO is not enabled on user 0. Allowed.
10-17 16:35:26.960 12256 12569 I BatteryMgr:DataCollectionService: stats => 1697553326959,201,4308,281,0,100
10-17 16:35:26.981 12805 12805 E Zygote  : isWhitelistProcess - Process is Whitelisted
10-17 16:35:26.982 12805 12805 E libpersona: scanKnoxPersonas
10-17 16:35:26.982 12805 12805 E libpersona: Couldn't open the File - /data/system/users/0/personalist.xml - No such file or directory
10-17 16:35:26.985 12805 12805 W SELinux : SELinux selinux_android_compute_policy_index : Policy Index[2],  Con:u:r:zygote:s0 RAM:SEPF_SM-J720F_8.0.0_0002, [-1 -1 -1 -1 0 1]
10-17 16:35:26.987 12805 12805 I SELinux : SELinux: seapp_context_lookup: seinfo=gmscore, level=s0:c512,c768, pkgname=com.android.vending 
10-17 16:35:26.988  3957  3967 I ActivityManager: Start proc 12805:com.android.vending/u0a44 for service com.android.vending/com.google.android.finsky.externalreferrer.GetInstallReferrerService
10-17 16:35:27.027 12385 12413 I zygote  : Do partial code cache collection, code=47KB, data=63KB
10-17 16:35:27.027 12805 12805 D TimaKeyStoreProvider: TimaKeyStore is not enabled: cannot add TimaSignature Service and generateKeyPair Service
10-17 16:35:27.027 12385 12413 I zygote  : After code cache collection, code=47KB, data=63KB
10-17 16:35:27.027 12385 12413 I zygote  : Increasing code cache capacity to 256KB
10-17 16:35:27.028 12805 12805 D ActivityThread: Added TimaKeyStore provider
10-17 16:35:27.030  3957  3967 I ActivityManager: DSS on for com.android.vending and scale is 1.0
10-17 16:35:27.063  2479  2548 D ScanRecord: Not a Multi Manu data
10-17 16:35:27.070  2479  2548 I chatty  : uid=1002(bluetooth) BT Service Call identical 24 lines
10-17 16:35:27.070  2479  2548 D ScanRecord: Not a Multi Manu data
10-17 16:35:27.070 12256 12569 I BatteryMgr:DataCollectionService: stats => 1697553327070,201,4308,281,0,100
10-17 16:35:27.073  2479  2548 D ScanRecord: Not a Multi Manu data
10-17 16:35:27.073  2479  2548 I chatty  : uid=1002(bluetooth) BT Service Call identical 9 lines
10-17 16:35:27.073  2479  2548 D ScanRecord: Not a Multi Manu data
10-17 16:35:27.073 12805 12805 I zygote64: no shared libraies, dex_files: 1
10-17 16:35:27.073  2479  2548 D ScanRecord: Not a Multi Manu data
10-17 16:35:27.178  2479  2548 I chatty  : uid=1002(bluetooth) BT Service Call identical 169 lines
10-17 16:35:27.178  2479  2548 D ScanRecord: Not a Multi Manu data
10-17 16:35:27.179 12256 12569 I BatteryMgr:DataCollectionService: stats => 1697553327179,201,4308,281,0,100
10-17 16:35:27.183  2479  2548 D ScanRecord: Not a Multi Manu data
10-17 16:35:27.194  2479  2548 I chatty  : uid=1002(bluetooth) BT Service Call identical 37 lines
10-17 16:35:27.194  2479  2548 D ScanRecord: Not a Multi Manu data
10-17 16:35:27.195 12805 12805 W ResourceType: ResTable_typeSpec entry count inconsistent: given 212, previously 242
10-17 16:35:27.213  2479  2548 D ScanRecord: Not a Multi Manu data
10-17 16:35:27.279  2479  2548 I chatty  : uid=1002(bluetooth) BT Service Call identical 180 lines
10-17 16:35:27.279  2479  2548 D ScanRecord: Not a Multi Manu data
10-17 16:35:27.287 12256 12569 I BatteryMgr:DataCollectionService: stats => 1697553327286,201,4308,281,0,100
10-17 16:35:27.290  2479  2548 D ScanRecord: Not a Multi Manu data
10-17 16:35:27.331  2479  2548 I chatty  : uid=1002(bluetooth) BT Service Call identical 89 lines
10-17 16:35:27.331  2479  2548 D ScanRecord: Not a Multi Manu data
10-17 16:35:27.340  2479  2548 D ScanRecord: Not a Multi Manu data
10-17 16:35:27.340 12805 12805 I Finsky  : [2] khj.i(84): Process created at version: 37.9.18-21 [0] [PR] 571399392
10-17 16:35:27.346  2479  2548 I chatty  : uid=1002(bluetooth) BT Service Call expire 24 lines
10-17 16:35:27.346  2479  2548 D ScanRecord: Not a Multi Manu data
10-17 16:35:27.351  3957  6478 D WifiService: getConnectionInfo uid=1000
10-17 16:35:27.354  2479  2548 D ScanRecord: Not a Multi Manu data
10-17 16:35:27.392  2479  2548 I chatty  : uid=1002(bluetooth) BT Service Call identical 115 lines
10-17 16:35:27.392  2479  2548 D ScanRecord: Not a Multi Manu data
10-17 16:35:27.397 12256 12569 I BatteryMgr:DataCollectionService: stats => 1697553327397,201,4308,281,0,100
10-17 16:35:27.402  2479  2548 D ScanRecord: Not a Multi Manu data
10-17 16:35:27.406  2479  2548 I chatty  : uid=1002(bluetooth) BT Service Call identical 37 lines
10-17 16:35:27.406  2479  2548 D ScanRecord: Not a Multi Manu data
10-17 16:35:27.422  3957  4129 D WifiStateMachine:  ConnectedState !CMD_RSSI_POLL rt=505340635/1215714799 81 0 "ourhome" f4:6d:2f:12:cc:88 rssi=-49 f=5240 sc=60 link=433 tx=2.7, 0.0, 0.0  rx=5.1 bcn=41790 [on:0 tx:0 rx:0 period:567] from screen [on:327269 period:1458603] score=60
10-17 16:35:27.423  3957  4129 D WifiStateMachine:  L2ConnectedState !CMD_RSSI_POLL rt=505340637/1215714801 81 0 "ourhome" f4:6d:2f:12:cc:88 rssi=-49 f=5240 sc=60 link=433 tx=2.7, 0.0, 0.0  rx=5.1 bcn=41790 [on:0 tx:0 rx:0 period:1] from screen [on:327269 period:1458604] score=60
10-17 16:35:27.424  3957  4129 D WifiStateMachine:  get link layer stats 3
10-17 16:35:27.424  3436  3436 I android.hardware.wifi@1.0-service: getLinkLayerStats
10-17 16:35:27.428  3957  4129 D WifiStateMachine: fetchRssiLinkSpeedAndFrequencyNative rssi=-47 linkspeed=433 freq=5240
10-17 16:35:27.428  3957  4129 V WifiConfigManager: Updating scan detail cache freq=5240 BSSID=f4:6d:2f:12:cc:88 RSSI=-47 for "ourhome"WPA_PSK
10-17 16:35:27.431  4340  4340 E SignalClusterView: setSlotFocusVisible : subId -2
10-17 16:35:27.431  4340  4340 E SignalClusterView: setSlotFocusVisible : subId -2
10-17 16:35:27.433  2479  2548 D ScanRecord: Not a Multi Manu data
10-17 16:35:27.434  2479  2548 I chatty  : uid=1002(bluetooth) BT Service Call identical 11 lines
10-17 16:35:27.434  2479  2548 D ScanRecord: Not a Multi Manu data
10-17 16:35:27.451  3599  3918 D DnsProxyListener: DNSDBG::dns addrinfo af 0
10-17 16:35:27.462  2479  2548 D ScanRecord: Not a Multi Manu data
10-17 16:35:27.502  2479  2548 I chatty  : uid=1002(bluetooth) BT Service Call identical 89 lines
10-17 16:35:27.502  2479  2548 D ScanRecord: Not a Multi Manu data
10-17 16:35:27.509 12256 12569 I BatteryMgr:DataCollectionService: stats => 1697553327509,201,4308,281,0,100
10-17 16:35:27.514  2479  2548 D ScanRecord: Not a Multi Manu data
10-17 16:35:27.559  2479  2548 I chatty  : uid=1002(bluetooth) BT Service Call identical 63 lines
10-17 16:35:27.559  2479  2548 D ScanRecord: Not a Multi Manu data
10-17 16:35:27.589  3957  4128 D WifiService: getConnectionInfo uid=1000
10-17 16:35:27.617 12256 12569 I BatteryMgr:DataCollectionService: stats => 1697553327616,201,4308,281,0,100
10-17 16:35:27.724 12805 12826 I Finsky  : [16346] aiff.bk(289): Finished reading experiment flags from file [0tGUNCGIkbk4o6-fQ335kUYSKwVj4lusnHT-A5Dsy08] numFlags=1260.
10-17 16:35:27.727 12256 12569 I BatteryMgr:DataCollectionService: stats => 1697553327727,201,4308,281,0,100
10-17 16:35:27.731 12805 12828 E Finsky  : Getting early startup flag value without initialization: PhoneskyPhenotype__enable_flag_update_entry_point
10-17 16:35:27.735 12805 12826 I Finsky  : [16346] aiff.bk(289): Finished reading experiment flags from file [Se-xCc4LzNyh3UrKMIU2sUf-PUKz4oQEbpKZDMuaFno] numFlags=1775.
10-17 16:35:27.780 12805 12815 I zygote64: Background concurrent copying GC freed 6690(899KB) AllocSpace objects, 2(40KB) LOS objects, 50% free, 1526KB/2MB, paused 6.501ms total 63.300ms
10-17 16:35:27.835 12256 12569 I BatteryMgr:DataCollectionService: stats => 1697553327834,201,4308,281,0,100
10-17 16:35:27.854  3957  4129 D WifiStateMachine:  ConnectedState !RSSI_PKTCNT_FETCH uid=1000 rt=505341068/1215715232 0 0 "ourhome" f4:6d:2f:12:cc:88 rssi=-47 f=5240 sc=60 link=433 tx=273.2, 10.1, 0.0  rx=347.5 bcn=41816 [on:0 tx:0 rx:0 period:424] from screen [on:330277 period:1459035] score=60
10-17 16:35:27.856  3957  4129 D WifiStateMachine:  L2ConnectedState !RSSI_PKTCNT_FETCH uid=1000 rt=505341069/1215715233 0 0 "ourhome" f4:6d:2f:12:cc:88 rssi=-47 f=5240 sc=60 link=433 tx=273.2, 10.1, 0.0  rx=347.5 bcn=41816 [on:0 tx:0 rx:0 period:2] from screen [on:330277 period:1459037] score=60
10-17 16:35:27.857  3957  4129 D WifiStateMachine: fetchRssiLinkSpeedAndFrequencyNative rssi=-47 linkspeed=433 freq=5240
10-17 16:35:27.857  3957  4129 V WifiConfigManager: Updating scan detail cache freq=5240 BSSID=f4:6d:2f:12:cc:88 RSSI=-47 for "ourhome"WPA_PSK
10-17 16:35:27.881 12805 12828 I Finsky  : [16348] aiff.bk(289): Finished reading experiment flags from file [cDXKMAm20gnql81lkHY0kpZ363Z9OGuPpqWoMw-jNkY] numFlags=1786.
10-17 16:35:27.914 12805 12824 I Finsky  : [16344] kez.Q(10): pcsi: PROCESS_START
10-17 16:35:27.915  3957  8322 D PackageManager: setEnabledSetting : userId = 0 packageName = com.android.vending cmp = com.google.android.finsky.prewarmservice.PrewarmService newState = 1 callingPackage = 10044/com.android.vending
10-17 16:35:27.931 12805 12826 I Finsky  : [16346] wib.<init>(76): wid - Registering in memory receiver for android.intent.action.PACKAGE_ADDED and android.intent.action.PACKAGE_REMOVED
10-17 16:35:27.940 12805 12805 I Finsky  : [2] kez.ap(748): Profiling: Starting up (0)
10-17 16:35:27.943 12256 12569 I BatteryMgr:DataCollectionService: stats => 1697553327943,201,4308,281,0,100
10-17 16:35:28.006 12805 12805 I Finsky  : [2] khj.i(514): AsyncInit: Mandatory tasks are executed!
10-17 16:35:28.030 12805 12827 I Finsky  : [16347] mgk.g(45): Subscription detail: N/A
10-17 16:35:28.034 12453 12543 E vulkan  : invalid vkGetInstanceProcAddr(VK_NULL_HANDLE, "vkEnumerateInstanceVersion") call
10-17 16:35:28.035 12453 12543 E vulkan  : invalid vkGetInstanceProcAddr(VK_NULL_HANDLE, "vkEnumerateInstanceVersion") call
10-17 16:35:28.052 12256 12569 I BatteryMgr:DataCollectionService: stats => 1697553328051,201,4308,281,0,100
10-17 16:35:28.052  3599  3918 D DnsProxyListener: DNSDBG::dns addrinfo af 0
10-17 16:35:28.062  3957  3967 D PackageManager: setEnabledSetting : userId = 0 packageName = com.android.vending cmp = com.android.vending.AssetBrowserActivity newState = 1 callingPackage = 10044/com.android.vending
10-17 16:35:28.068 12453 12543 D vulkan  : searching for layers in '/data/app/org.mozilla.fenix-iWpGOrf8cry6RDpwHyQugA==/lib/arm64'
10-17 16:35:28.070 12453 12543 D vulkan  : searching for layers in '/data/app/org.mozilla.fenix-iWpGOrf8cry6RDpwHyQugA==/base.apk!/lib/arm64-v8a'
10-17 16:35:28.072  3957  4554 D ConnectivityService: filterNetworkStateForUid() uid: 10044 networkInfo: [type: WIFI[] - WIFI, state: CONNECTED/CONNECTED, reason: (unspecified), extra: "ourhome", failover: false, available: true, roaming: false, metered: false]
10-17 16:35:28.072  3957  8322 D PackageManager: setEnabledSetting : userId = 0 packageName = com.android.vending cmp = com.google.android.finsky.activities.DebugActivity newState = 2 callingPackage = 10044/com.android.vending
10-17 16:35:28.072  3957  4554 D WifiService: getConnectionInfo uid=1000
10-17 16:35:28.075 12805 12825 W linker  : "/data/app/com.android.vending-hPcCrQG-AfN-9-S7PUJzHA==/split_config.arm64_v8a.apk!/lib/arm64-v8a/libcronet.114.0.5735.84.so" unused DT entry: type 0x70000001 arg 0x0
10-17 16:35:28.084  3599  3918 D DnsProxyListener: DNSDBG::dns addrinfo af 0
10-17 16:35:28.085 12453 12543 D vulkan  : vulkan api version_1_0 1.0.0
10-17 16:35:28.085 12453 12543 D vulkan  : vulkan header version 46
10-17 16:35:28.093 12805 12845 D ConnectivityManager: requestNetwork; CallingUid : 10044, CallingPid : 12805
10-17 16:35:28.098  3957  4554 D ConnectivityService: listenForNetwork for uid/pid:10044/12805 NetworkRequest [ LISTEN id=1615, [ Capabilities: INTERNET&NOT_RESTRICTED&TRUSTED] ]
10-17 16:35:28.099  3957  4157 D ConnectivityService: rematching NetworkAgentInfo [WIFI () - 508]
10-17 16:35:28.099  3957  4157 D ConnectivityService:  network has: [ Transports: WIFI Capabilities: NOT_METERED&INTERNET&NOT_RESTRICTED&TRUSTED&NOT_VPN&VALIDATED&FOREGROUND LinkUpBandwidth>=1048576Kbps LinkDnBandwidth>=1048576Kbps SignalStrength: -51]
10-17 16:35:28.099  3957  4157 D ConnectivityService: Network NetworkAgentInfo [WIFI () - 508] was already satisfying request 1. No change.
10-17 16:35:28.099  3957  4157 D ConnectivityService: Network NetworkAgentInfo [WIFI () - 508] was already satisfying request 1612. No change.
10-17 16:35:28.099  3957  4157 D ConnectivityService: Network NetworkAgentInfo [WIFI () - 508] was already satisfying request 3. No change.
10-17 16:35:28.099  3957  4157 D ConnectivityService: sending notification AVAILABLE for NetworkRequest [ LISTEN id=1615, [ Capabilities: INTERNET&NOT_RESTRICTED&TRUSTED] ]
10-17 16:35:28.100  3957  4157 D ConnectivityService: sending notification CAP_CHANGED for NetworkRequest [ LISTEN id=1615, [ Capabilities: INTERNET&NOT_RESTRICTED&TRUSTED] ]
10-17 16:35:28.100  3957  4157 D ConnectivityService: sending notification IP_CHANGED for NetworkRequest [ LISTEN id=1615, [ Capabilities: INTERNET&NOT_RESTRICTED&TRUSTED] ]
10-17 16:35:28.103  3957  8322 D ConnectivityService: filterNetworkStateForUid() uid: 10044 networkInfo: [type: WIFI[] - WIFI, state: CONNECTED/CONNECTED, reason: (unspecified), extra: "ourhome", failover: false, available: true, roaming: false, metered: false]
10-17 16:35:28.103  3957  8322 D WifiService: getConnectionInfo uid=1000
10-17 16:35:28.103  3599  3918 D DnsProxyListener: DNSDBG::dns addrinfo af 0
10-17 16:35:28.108 12805 12827 I Finsky  : [16347] ancv.g(20): SysUA: Disable SystemUpdateActivity, because Android is lower than Q
10-17 16:35:28.111  3957  4653 D PackageManager: setEnabledSetting : userId = 0 packageName = com.android.vending cmp = com.google.android.finsky.systemupdateactivity.SystemUpdateActivity newState = 2 callingPackage = 10044/com.android.vending
10-17 16:35:28.112  3599  3918 D DnsProxyListener: DNSDBG::dns addrinfo af 0
10-17 16:35:28.114 12385 12748 W fb4a.MultiSignalANRDetectorLacrima: Pausing error state checks
10-17 16:35:28.115  3957  4554 D PackageManager: setEnabledSetting : userId = 0 packageName = com.android.vending cmp = com.google.android.finsky.systemupdateactivity.SettingsSecurityEntryPoint newState = 2 callingPackage = 10044/com.android.vending
10-17 16:35:28.117  3599  3918 D DnsProxyListener: DNSDBG::dns addrinfo af 0
10-17 16:35:28.118 12805 12839 I Finsky  : [16359] mdr.run(145): SysUA: Set SystemUpdateActivity enabled state to 2
10-17 16:35:28.119 12805 12825 I cr_CronetLibraryLoader: Cronet version: 114.0.5735.84, arch: aarch64
10-17 16:35:28.127  3957 12585 D ConnectivityService: filterNetworkStateForUid() uid: 10044 networkInfo: [type: WIFI[] - WIFI, state: CONNECTED/CONNECTED, reason: (unspecified), extra: "ourhome", failover: false, available: true, roaming: false, metered: false]
10-17 16:35:28.127  3957 12585 D WifiService: getConnectionInfo uid=1000
10-17 16:35:28.130  3957  4653 D PackageManager: setEnabledSetting : userId = 0 packageName = com.android.vending cmp = com.google.android.finsky.systemcomponentupdateui.common.SystemComponentUpdateActivity newState = 1 callingPackage = 10044/com.android.vending
10-17 16:35:28.130  3957 12585 D PackageManager: setEnabledSetting : userId = 0 packageName = com.android.vending cmp = com.google.android.finsky.hibernation.impl.UnhibernateActivity newState = 1 callingPackage = 10044/com.android.vending
10-17 16:35:28.133  3957  8322 D ConnectivityService: filterNetworkStateForUid() uid: 10044 networkInfo: [type: WIFI[] - WIFI, state: CONNECTED/CONNECTED, reason: (unspecified), extra: "ourhome", failover: false, available: true, roaming: false, metered: false]
10-17 16:35:28.133  3957  8322 D WifiService: getConnectionInfo uid=1000
10-17 16:35:28.136 12805 12839 I Finsky  : [16359] pk.run(78): Set UnhibernateActivity enabled state to 1
10-17 16:35:28.137 12805 12855 I Finsky  : [16370] qxm.run(367): SysCUA: Set {com.android.vending/com.google.android.finsky.systemcomponentupdateui.common.SystemComponentUpdateActivity} enabled state to 1
10-17 16:35:28.139 12805 12824 W Settings: Setting download_manager_max_bytes_over_mobile has moved from android.provider.Settings.Secure to android.provider.Settings.Global.
10-17 16:35:28.140  3957 12585 D ConnectivityService: filterNetworkStateForUid() uid: 10044 networkInfo: [type: WIFI[] - WIFI, state: CONNECTED/CONNECTED, reason: (unspecified), extra: "ourhome", failover: false, available: true, roaming: false, metered: false]
10-17 16:35:28.140  3957 12585 D WifiService: getConnectionInfo uid=1000
10-17 16:35:28.142 12805 12824 I Finsky  : [16344] vob.j(33): SettingNotFoundException, fall through to G.downloadBytesOverMobileMaximum
10-17 16:35:28.142 12805 12824 W Settings: Setting download_manager_recommended_max_bytes_over_mobile has moved from android.provider.Settings.Secure to android.provider.Settings.Global.
10-17 16:35:28.146 12805 12824 I Finsky  : [16344] vob.i(31): SettingNotFoundException, fall through to G.downloadBytesOverMobileRecommended
10-17 16:35:28.148  3957 12585 I chatty  : uid=1000(system) Binder:3957_1B identical 1 line
10-17 16:35:28.149  3957 12585 D WifiService: getConnectionInfo uid=1000
10-17 16:35:28.151  3957 12585 D ConnectivityService: filterNetworkStateForUid() uid: 10044 networkInfo: [type: WIFI[] - WIFI, state: CONNECTED/CONNECTED, reason: (unspecified), extra: "ourhome", failover: false, available: true, roaming: false, metered: false]
10-17 16:35:28.152  3957 12585 D WifiService: getConnectionInfo uid=1000
10-17 16:35:28.167 12805 12824 I Finsky  : [16344] andp.d(7): registerListener
10-17 16:35:28.167 12256 12569 I BatteryMgr:DataCollectionService: stats => 1697553328167,201,4308,281,0,100
10-17 16:35:28.169 12805 12825 I Finsky  : [16345] tgf.s(77): Enqueuing libraries load for 1276001251
10-17 16:35:28.171 12805 12824 I Finsky  : [16344] andp.d(7): registerListener
10-17 16:35:28.180 12805 12856 I Finsky  : [16369] tgf.t(14): Starting libraries load for 1276001251
10-17 16:35:28.181  3957  8322 D ActivityManager: The following uid has registered to recieve broadcast for proxy related updates 10044
10-17 16:35:28.182  3957  8322 W ContextImpl: Calling a method in the system process without a qualified user: android.app.ContextImpl.sendBroadcast:971 com.android.server.am.ActivityManagerService.requestKnoxVpnToSendProxyBroadcast:29420 com.android.server.am.ActivityManagerService.registerReceiver:23161 android.app.IActivityManager$Stub.onTransact:176 com.android.server.am.ActivityManagerService.onTransact:3861 
10-17 16:35:28.187  3957  3957 D KnoxVpnEngineService: Vpn Receiver : com.samsung.android.knox.intent.action.VPN_PROXY_BROADCAST_INTERNAL
10-17 16:35:28.187  3957  4108 I KnoxVpnEngineService: vpn handle : Message received
10-17 16:35:28.188  3599  3918 D DnsProxyListener: DNSDBG::dns addrinfo af 0
10-17 16:35:28.244 12805 12825 I Finsky  : [16345] ahem.<init>(104): VerifyApps: Setup app restrictions monitor
10-17 16:35:28.258 12805 12825 I Finsky  : [16345] ahko.a(32): VerifyApps: Device wide unknown source restriction updated
10-17 16:35:28.281 12256 12569 I BatteryMgr:DataCollectionService: stats => 1697553328281,201,4308,281,0,100
10-17 16:35:28.329 12805 12805 I Finsky  : [2] jqd.h(314): This process start was not selected for Play memory metrics collection.
10-17 16:35:28.367 12805 12825 W zygote64: Verification of void lyj.run() took 101.639ms
10-17 16:35:28.369 12122 12122 D BoundBrokerSvc: onBind: Intent { act=com.google.android.gms.safetynet.service.START pkg=com.google.android.gms }
10-17 16:35:28.369 12122 12122 D BoundBrokerSvc: Loading bound service for intent: Intent { act=com.google.android.gms.safetynet.service.START pkg=com.google.android.gms }
10-17 16:35:28.392 12256 12569 I BatteryMgr:DataCollectionService: stats => 1697553328391,201,4308,281,0,100
10-17 16:35:28.422 12805 12874 I Finsky  : [16383] sgp.<init>(46): Item store provider started.
10-17 16:35:28.427 12805 12805 I Finsky  : [2] mgj.onSubscriptionsChanged(6): onSubscriptionsChanged
10-17 16:35:28.465 12805 12805 I Finsky  : [2] qur.y(24): Installer: Attempting to start installer
10-17 16:35:28.469  3957  3966 I zygote64: Background concurrent copying GC freed 175186(7MB) AllocSpace objects, 52(1040KB) LOS objects, 36% free, 41MB/65MB, paused 656us total 296.210ms
10-17 16:35:28.505 12805 12805 I Finsky  : [2] andp.d(7): registerListener
10-17 16:35:28.507 12256 12569 I BatteryMgr:DataCollectionService: stats => 1697553328505,201,4308,281,0,100
10-17 16:35:28.542 12805 12810 I zygote64: Do partial code cache collection, code=1544B, data=29KB
10-17 16:35:28.543 12805 12805 I Finsky  : [2] aayz.<init>(264): Initializing pausers from value store.
10-17 16:35:28.543 12805 12805 I Finsky  : [2] aayz.<init>(321): setup::RES: Callers (Pausers) in PauseUpdatesCallersValueStore: []
10-17 16:35:28.553 12805 12810 I zygote64: After code cache collection, code=1544B, data=29KB
10-17 16:35:28.555 12805 12810 I zygote64: Increasing code cache capacity to 128KB
10-17 16:35:28.566  3957 12585 D ConnectivityService: filterNetworkStateForUid() uid: 10044 networkInfo: [type: WIFI[] - WIFI, state: CONNECTED/CONNECTED, reason: (unspecified), extra: "ourhome", failover: false, available: true, roaming: false, metered: false]
10-17 16:35:28.566 12805 12856 I Finsky  : [16369] tgf.t(284): Loaded library for account: [y0_1NG5HTmzf0bF7VytAKz9iHAD6w7yU52Le3i0fi68]
10-17 16:35:28.566  3957 12585 D WifiService: getConnectionInfo uid=1000
10-17 16:35:28.567 12805 12856 I Finsky  : [16369] tgf.t(353): Finished loading 1 libraries.
10-17 16:35:28.567  3957 12585 D ConnectivityService: filterNetworkStateForUid() uid: 10044 networkInfo: [type: WIFI[] - WIFI, state: CONNECTED/CONNECTED, reason: (unspecified), extra: "ourhome", failover: false, available: true, roaming: false, metered: false]
10-17 16:35:28.567  3957 12585 D WifiService: getConnectionInfo uid=1000
10-17 16:35:28.568 12805 12805 I Finsky  : [2] qur.R(15): Installer: Installer kick - no action, not running yet
10-17 16:35:28.576 12805 12805 I Finsky  : [2] tys.onTrimMemory(13): Memory trim requested to level 80
10-17 16:35:28.577 12805 12805 I Finsky  : [2] nre.accept(78): Flushing in-memory image cache
10-17 16:35:28.590  3957  4128 D WifiService: getConnectionInfo uid=1000
10-17 16:35:28.590 12301 12301 I GeckoSession: handleMessage GeckoView:PageStop uri=null
10-17 16:35:28.596 12301 12338 I SessionStorage/AutoSave: Save: Load finished
10-17 16:35:28.623 12256 12569 I BatteryMgr:DataCollectionService: stats => 1697553328623,201,4308,281,0,100
10-17 16:35:28.682 12805 12895 I Finsky  : [16394] tmv.G(6): getDownloads()
10-17 16:35:28.715  3957  8322 D StorageManagerService: getExternalStorageMountMode : 3
10-17 16:35:28.716  3957  8322 D StorageManagerService: getExternalStorageMountMode : 3
10-17 16:35:28.716  3957  8322 D StorageManagerService: getExternalStorageMountMode : final mountMode=3, uid : 10044, packageName : com.android.vending
10-17 16:35:28.716  3957  8322 I ApplicationPolicy: isApplicationExternalStorageWhitelisted:com.android.vending user:0
10-17 16:35:28.716  3957  8322 D ApplicationPolicy: isApplicationExternalStorageWhitelisted: DO is not enabled on user 0. Allowed.
10-17 16:35:28.717  3957  8322 D ActivityManager: package  com.android.vending, user - 0 is SDcard whitelisted
10-17 16:35:28.717  3957  8322 I ApplicationPolicy: isApplicationExternalStorageBlacklisted:com.android.vending user:0
10-17 16:35:28.717  3957  8322 D ApplicationPolicy: isApplicationExternalStorageBlacklisted: DO is not enabled on user 0. Allowed.
10-17 16:35:28.733  3957  8322 I ActivityManager: Start proc 12902:com.android.vending:background/u0a44 for service com.android.vending/com.google.android.finsky.ipcservers.background.BackgroundGrpcServerAndroidService
10-17 16:35:28.733 12902 12902 E Zygote  : isWhitelistProcess - Process is Whitelisted
10-17 16:35:28.734 12902 12902 E libpersona: scanKnoxPersonas
10-17 16:35:28.734 12902 12902 E libpersona: Couldn't open the File - /data/system/users/0/personalist.xml - No such file or directory
10-17 16:35:28.738 12902 12902 W SELinux : SELinux selinux_android_compute_policy_index : Policy Index[2],  Con:u:r:zygote:s0 RAM:SEPF_SM-J720F_8.0.0_0002, [-1 -1 -1 -1 0 1]
10-17 16:35:28.739 12902 12902 I SELinux : SELinux: seapp_context_lookup: seinfo=gmscore, level=s0:c512,c768, pkgname=com.android.vending:background 
10-17 16:35:28.741 12256 12569 I BatteryMgr:DataCollectionService: stats => 1697553328741,201,4308,281,0,100
10-17 16:35:28.763 12902 12902 D TimaKeyStoreProvider: TimaKeyStore is not enabled: cannot add TimaSignature Service and generateKeyPair Service
10-17 16:35:28.763 12902 12902 D ActivityThread: Added TimaKeyStore provider
10-17 16:35:28.766  3957  3967 I ActivityManager: DSS on for com.android.vending and scale is 1.0
10-17 16:35:28.787 12902 12902 I zygote64: no shared libraies, dex_files: 1
10-17 16:35:28.849 12256 12569 I BatteryMgr:DataCollectionService: stats => 1697553328849,201,4308,281,0,100
10-17 16:35:28.856  3957  4129 D WifiStateMachine:  ConnectedState !RSSI_PKTCNT_FETCH uid=1000 rt=505342069/1215716234 0 0 "ourhome" f4:6d:2f:12:cc:88 rssi=-47 f=5240 sc=60 link=433 tx=273.2, 10.1, 0.0  rx=347.5 bcn=41816 [on:0 tx:0 rx:0 period:1000] from screen [on:330277 period:1460037] score=60
10-17 16:35:28.858  3957  4129 D WifiStateMachine:  L2ConnectedState !RSSI_PKTCNT_FETCH uid=1000 rt=505342071/1215716235 0 0 "ourhome" f4:6d:2f:12:cc:88 rssi=-47 f=5240 sc=60 link=433 tx=273.2, 10.1, 0.0  rx=347.5 bcn=41816 [on:0 tx:0 rx:0 period:1] from screen [on:330277 period:1460038] score=60
10-17 16:35:28.859  3957  4129 D WifiStateMachine: fetchRssiLinkSpeedAndFrequencyNative rssi=-48 linkspeed=433 freq=5240
10-17 16:35:28.859  3957  4129 V WifiConfigManager: Updating scan detail cache freq=5240 BSSID=f4:6d:2f:12:cc:88 RSSI=-47 for "ourhome"WPA_PSK
10-17 16:35:28.863 12902 12902 W ResourceType: ResTable_typeSpec entry count inconsistent: given 212, previously 242
10-17 16:35:28.953 12902 12902 I Finsky:background: [2] khj.i(84): Process created at version: 37.9.18-21 [0] [PR] 571399392
10-17 16:35:28.957 12256 12569 I BatteryMgr:DataCollectionService: stats => 1697553328957,201,4308,281,0,100
10-17 16:35:29.065 12256 12569 I BatteryMgr:DataCollectionService: stats => 1697553329064,201,4308,281,0,100
10-17 16:35:29.094 12902 12902 I Finsky:background: [2] aiff.bk(289): Finished reading experiment flags from file [0tGUNCGIkbk4o6-fQ335kUYSKwVj4lusnHT-A5Dsy08] numFlags=1260.
10-17 16:35:29.152 12902 12902 I Finsky:background: [2] aiff.bk(289): Finished reading experiment flags from file [cDXKMAm20gnql81lkHY0kpZ363Z9OGuPpqWoMw-jNkY] numFlags=1786.
10-17 16:35:29.172 12256 12569 I BatteryMgr:DataCollectionService: stats => 1697553329172,201,4308,281,0,100
10-17 16:35:29.183 12902 12902 I Finsky:background: [2] wib.<init>(76): wht - Registering in memory receiver for android.intent.action.PACKAGE_ADDED and android.intent.action.PACKAGE_REMOVED
10-17 16:35:29.227 12902 12902 I Finsky:background: [2] scp.onCreate(9): IPC-SERVER: Starting gRPC host service...
10-17 16:35:29.245 12902 12902 I Finsky:background: [2] jqd.h(314): This process start was not selected for Play memory metrics collection.
10-17 16:35:29.251 12902 12902 I Finsky:background: [2] tys.onTrimMemory(13): Memory trim requested to level 80
10-17 16:35:29.259 12902 12932 I Finsky:background: [16356] nrj.i(6): getDownloads()
10-17 16:35:29.280 12256 12569 I BatteryMgr:DataCollectionService: stats => 1697553329279,201,4308,281,0,100
10-17 16:35:29.367 12902 12934 D ConnectivityManager: requestNetwork; CallingUid : 10044, CallingPid : 12902
10-17 16:35:29.369  3957  4653 D ConnectivityService: requestNetwork for uid/pid:10044/12902 NetworkRequest [ TRACK_DEFAULT id=1616, [ Capabilities: INTERNET&NOT_RESTRICTED&TRUSTED&NOT_VPN] ]
10-17 16:35:29.370  3957  4157 D ConnectivityService: rematching NetworkAgentInfo [WIFI () - 508]
10-17 16:35:29.370  3957  4157 D ConnectivityService:  network has: [ Transports: WIFI Capabilities: NOT_METERED&INTERNET&NOT_RESTRICTED&TRUSTED&NOT_VPN&VALIDATED&FOREGROUND LinkUpBandwidth>=1048576Kbps LinkDnBandwidth>=1048576Kbps SignalStrength: -51]
10-17 16:35:29.370  3957  4157 D ConnectivityService: Network NetworkAgentInfo [WIFI () - 508] was already satisfying request 1. No change.
10-17 16:35:29.370  3957  4157 D ConnectivityService: Network NetworkAgentInfo [WIFI () - 508] was already satisfying request 1612. No change.
10-17 16:35:29.370  3957  4157 D ConnectivityService: Network NetworkAgentInfo [WIFI () - 508] was already satisfying request 3. No change.
10-17 16:35:29.370  3957  4157 D ConnectivityService:   checking if request is satisfied: NetworkRequest [ TRACK_DEFAULT id=1616, [ Capabilities: INTERNET&NOT_RESTRICTED&TRUSTED&NOT_VPN] ]
10-17 16:35:29.370  3957  4157 D ConnectivityService: currentScore = 0, newScore = 100
10-17 16:35:29.370  3957  4157 D ConnectivityService: rematch for NetworkAgentInfo [WIFI () - 508]
10-17 16:35:29.370  3957  4157 D ConnectivityService:    accepting network in place of null
10-17 16:35:29.371  3957  4157 D ConnectivityService: sending new Min Network Score(100): NetworkRequest [ TRACK_DEFAULT id=1616, [ Capabilities: INTERNET&NOT_RESTRICTED&TRUSTED&NOT_VPN] ]
10-17 16:35:29.371  3957  4313 D Ethernet: got request NetworkRequest [ TRACK_DEFAULT id=1616, [ Capabilities: INTERNET&NOT_RESTRICTED&TRUSTED&NOT_VPN] ] with score 100
10-17 16:35:29.371  3957  4313 D Ethernet:   my score=-1, my filter=[ Transports: ETHERNET Capabilities: INTERNET&NOT_RESTRICTED&TRUSTED&NOT_VPN LinkUpBandwidth>=100000Kbps LinkDnBandwidth>=100000Kbps]
10-17 16:35:29.371  3957  4313 D Ethernet: evalRequest
10-17 16:35:29.371  3957  4313 D Ethernet:   done
10-17 16:35:29.371  3957  4157 D ConnectivityService: MultiNetwork Request(TransportType - Wi-Fi request). Internet Capability doesn't required (false)
10-17 16:35:29.371  3957  4153 D WIFI_P2P: got request NetworkRequest [ TRACK_DEFAULT id=1616, [ Capabilities: INTERNET&NOT_RESTRICTED&TRUSTED&NOT_VPN] ] with score 100
10-17 16:35:29.371  3957  4153 D WIFI_P2P:   my score=60, my filter=[ Transports: WIFI Capabilities: WIFI_P2P&NOT_RESTRICTED&TRUSTED&NOT_VPN LinkUpBandwidth>=1048576Kbps LinkDnBandwidth>=1048576Kbps]
10-17 16:35:29.371  3957  4153 D WIFI_P2P: evalRequest
10-17 16:35:29.371  3957  4153 D WIFI_P2P:   done
10-17 16:35:29.371  3957  4157 D ConnectivityService: sending notification AVAILABLE for NetworkRequest [ TRACK_DEFAULT id=1616, [ Capabilities: INTERNET&NOT_RESTRICTED&TRUSTED&NOT_VPN] ]
10-17 16:35:29.371  4616  4616 D PhoneSwitcherNetworkRequstListener: got request NetworkRequest [ TRACK_DEFAULT id=1616, [ Capabilities: INTERNET&NOT_RESTRICTED&TRUSTED&NOT_VPN] ] with score 100
10-17 16:35:29.372  4616  4616 D PhoneSwitcherNetworkRequstListener:   my score=101, my filter=[ Transports: CELLULAR Capabilities: MMS&SUPL&DUN&FOTA&IMS&CBS&IA&RCS&XCAP&EIMS&INTERNET&NOT_RESTRICTED&TRUSTED&NOT_VPN&ENT1 Specifier: <android.net.MatchAllNetworkSpecifier@0>]
10-17 16:35:29.372  4616  4616 D PhoneSwitcherNetworkRequstListener: evalRequest
10-17 16:35:29.372  3957  4157 D ConnectivityService: sending notification CAP_CHANGED for NetworkRequest [ TRACK_DEFAULT id=1616, [ Capabilities: INTERNET&NOT_RESTRICTED&TRUSTED&NOT_VPN] ]
10-17 16:35:29.372  4616  4616 D PhoneSwitcherNetworkRequstListener:   needNetworkFor
10-17 16:35:29.372  3957  4157 D ConnectivityService: sending notification IP_CHANGED for NetworkRequest [ TRACK_DEFAULT id=1616, [ Capabilities: INTERNET&NOT_RESTRICTED&TRUSTED&NOT_VPN] ]
10-17 16:35:29.374  3957  4129 D WIFI    : got request NetworkRequest [ TRACK_DEFAULT id=1616, [ Capabilities: INTERNET&NOT_RESTRICTED&TRUSTED&NOT_VPN] ] with score 100
10-17 16:35:29.374  3957  4129 D WIFI    :   my score=60, my filter=[ Transports: WIFI Capabilities: NOT_METERED&INTERNET&NOT_RESTRICTED&TRUSTED&NOT_VPN LinkUpBandwidth>=1048576Kbps LinkDnBandwidth>=1048576Kbps]
10-17 16:35:29.374  3957  4129 D WIFI    : evalRequest
10-17 16:35:29.374  3957  4129 D WIFI    :   done
10-17 16:35:29.374  3957  4129 D WIFI_UT : got request NetworkRequest [ TRACK_DEFAULT id=1616, [ Capabilities: INTERNET&NOT_RESTRICTED&TRUSTED&NOT_VPN] ] with score 100
10-17 16:35:29.374  3957  4129 D WIFI_UT :   my score=2147483647, my filter=[ Transports: WIFI Capabilities: NOT_METERED&INTERNET&NOT_RESTRICTED&TRUSTED&NOT_VPN LinkUpBandwidth>=1048576Kbps LinkDnBandwidth>=1048576Kbps]
10-17 16:35:29.374  3957  4129 D WIFI_UT : evalRequest
10-17 16:35:29.374  3957  4129 D WIFI_UT :   needNetworkFor
10-17 16:35:29.377  3957  4653 D ConnectivityService: filterNetworkStateForUid() uid: 10044 networkInfo: [type: WIFI[] - WIFI, state: CONNECTED/CONNECTED, reason: (unspecified), extra: "ourhome", failover: false, available: true, roaming: false, metered: false]
10-17 16:35:29.377  3957  4653 D WifiService: getConnectionInfo uid=1000
10-17 16:35:29.379  3957  4653 D WifiService: getConnectionInfo uid=1000
10-17 16:35:29.389 12256 12569 I BatteryMgr:DataCollectionService: stats => 1697553329389,201,4308,281,0,100
10-17 16:35:29.406 12805 12839 I Finsky  : [16359] tmv.G(6): getDownloads()
10-17 16:35:29.408 12902 12932 I Finsky:background: [16356] nrj.i(6): getDownloads()
10-17 16:35:29.412 12805 12894 I Finsky  : [16393] qsd.run(251): Installer: Installer starting
10-17 16:35:29.413 12805 12894 I Finsky  : [16393] qsd.run(275): Installer: Installer started
10-17 16:35:29.446 12805 12805 I Finsky  : [2] qur.R(85): Installer: found apps to install. apps=[]
10-17 16:35:29.447  3957  4653 I chatty  : uid=1000(system) Binder:3957_B identical 2 lines
10-17 16:35:29.447  3957  4653 D WifiService: getConnectionInfo uid=1000
10-17 16:35:29.448  3957  4653 D ConnectivityService: filterNetworkStateForUid() uid: 10044 networkInfo: [type: WIFI[] - WIFI, state: CONNECTED/CONNECTED, reason: (unspecified), extra: "ourhome", failover: false, available: true, roaming: false, metered: false]
10-17 16:35:29.448  3957  4653 D WifiService: getConnectionInfo uid=1000
10-17 16:35:29.456 12805 12937 I Finsky  : [16403] qyo.a(796): IV2: found recoverable installs: []
10-17 16:35:29.466 12805 12805 I Finsky  : [2] scp.onCreate(9): IPC-SERVER: Starting gRPC host service...
10-17 16:35:29.484 12902 12902 I Finsky:background: [2] tys.onTrimMemory(13): Memory trim requested to level 80
10-17 16:35:29.484 12805 12805 I Finsky  : [2] tys.onTrimMemory(13): Memory trim requested to level 80
10-17 16:35:29.485 12805 12805 I Finsky  : [2] nre.accept(78): Flushing in-memory image cache
10-17 16:35:29.491  3559  3559 E audit   : type=1400 audit(1697553329.486:4301): avc:  denied  { read } for  pid=12939 comm="pool-37-thread-" name="version" dev="proc" ino=4026532182 scontext=u:r:untrusted_app:s0:c512,c768 tcontext=u:object_r:proc:s0 tclass=file permissive=0 SEPF_SM-J720F_8.0.0_0002 audit_filtered
10-17 16:35:29.491  3559  3559 E audit   : type=1300 audit(1697553329.486:4301): arch=c00000b7 syscall=48 success=no exit=-13 a0=ffffff9c a1=74ee06e6b0 a2=4 a3=0 items=0 ppid=3579 pid=12939 auid=4294967295 uid=10169 gid=10169 euid=10169 suid=10169 fsuid=10169 egid=10169 sgid=10169 fsgid=10169 tty=(none) ses=4294967295 comm="pool-37-thread-" exe="/system/bin/app_process64" subj=u:r:untrusted_app:s0:c512,c768 key=(null)
10-17 16:35:29.491  3559  3559 E audit   : type=1327 audit(1697553329.486:4301): proctitle="org.mozilla.fenix"
10-17 16:35:29.496 12256 12569 I BatteryMgr:DataCollectionService: stats => 1697553329496,201,4308,281,0,100
10-17 16:35:29.506 12301 12301 D ConnectivityManager: requestNetwork; CallingUid : 10169, CallingPid : 12301
10-17 16:35:29.507  3957  3967 D ConnectivityService: requestNetwork for uid/pid:10169/12301 NetworkRequest [ TRACK_DEFAULT id=1617, [ Capabilities: INTERNET&NOT_RESTRICTED&TRUSTED&NOT_VPN] ]
10-17 16:35:29.507  3957  4157 D ConnectivityService: rematching NetworkAgentInfo [WIFI () - 508]
10-17 16:35:29.508  3957  4157 D ConnectivityService:  network has: [ Transports: WIFI Capabilities: NOT_METERED&INTERNET&NOT_RESTRICTED&TRUSTED&NOT_VPN&VALIDATED&FOREGROUND LinkUpBandwidth>=1048576Kbps LinkDnBandwidth>=1048576Kbps SignalStrength: -51]
10-17 16:35:29.508  3957  4157 D ConnectivityService:   checking if request is satisfied: NetworkRequest [ TRACK_DEFAULT id=1617, [ Capabilities: INTERNET&NOT_RESTRICTED&TRUSTED&NOT_VPN] ]
10-17 16:35:29.508  3957  4157 D ConnectivityService: currentScore = 0, newScore = 100
10-17 16:35:29.508  3957  4157 D ConnectivityService: rematch for NetworkAgentInfo [WIFI () - 508]
10-17 16:35:29.508  3957  4157 D ConnectivityService:    accepting network in place of null
10-17 16:35:29.508  3957  4157 D ConnectivityService: sending new Min Network Score(100): NetworkRequest [ TRACK_DEFAULT id=1617, [ Capabilities: INTERNET&NOT_RESTRICTED&TRUSTED&NOT_VPN] ]
10-17 16:35:29.508  3957  4313 D Ethernet: got request NetworkRequest [ TRACK_DEFAULT id=1617, [ Capabilities: INTERNET&NOT_RESTRICTED&TRUSTED&NOT_VPN] ] with score 100
10-17 16:35:29.508  3957  4313 D Ethernet:   my score=-1, my filter=[ Transports: ETHERNET Capabilities: INTERNET&NOT_RESTRICTED&TRUSTED&NOT_VPN LinkUpBandwidth>=100000Kbps LinkDnBandwidth>=100000Kbps]
10-17 16:35:29.508  3957  4313 D Ethernet: evalRequest
10-17 16:35:29.508  3957  4313 D Ethernet:   done
10-17 16:35:29.508  4616  4616 D PhoneSwitcherNetworkRequstListener: got request NetworkRequest [ TRACK_DEFAULT id=1617, [ Capabilities: INTERNET&NOT_RESTRICTED&TRUSTED&NOT_VPN] ] with score 100
10-17 16:35:29.509  3957  4157 D ConnectivityService: MultiNetwork Request(TransportType - Wi-Fi request). Internet Capability doesn't required (false)
10-17 16:35:29.509  3957  4157 D ConnectivityService: Network NetworkAgentInfo [WIFI () - 508] was already satisfying request 1. No change.
10-17 16:35:29.509  3957  4157 D ConnectivityService: Network NetworkAgentInfo [WIFI () - 508] was already satisfying request 1612. No change.
10-17 16:35:29.509  4616  4616 D PhoneSwitcherNetworkRequstListener:   my score=101, my filter=[ Transports: CELLULAR Capabilities: MMS&SUPL&DUN&FOTA&IMS&CBS&IA&RCS&XCAP&EIMS&INTERNET&NOT_RESTRICTED&TRUSTED&NOT_VPN&ENT1 Specifier: <android.net.MatchAllNetworkSpecifier@0>]
10-17 16:35:29.509  3957  4157 D ConnectivityService: Network NetworkAgentInfo [WIFI () - 508] was already satisfying request 3. No change.
10-17 16:35:29.509  4616  4616 D PhoneSwitcherNetworkRequstListener: evalRequest
10-17 16:35:29.509  3957  4157 D ConnectivityService: Network NetworkAgentInfo [WIFI () - 508] was already satisfying request 1616. No change.
10-17 16:35:29.509  4616  4616 D PhoneSwitcherNetworkRequstListener:   needNetworkFor
10-17 16:35:29.509  3957  4153 D WIFI_P2P: got request NetworkRequest [ TRACK_DEFAULT id=1617, [ Capabilities: INTERNET&NOT_RESTRICTED&TRUSTED&NOT_VPN] ] with score 100
10-17 16:35:29.509  3957  4153 D WIFI_P2P:   my score=60, my filter=[ Transports: WIFI Capabilities: WIFI_P2P&NOT_RESTRICTED&TRUSTED&NOT_VPN LinkUpBandwidth>=1048576Kbps LinkDnBandwidth>=1048576Kbps]
10-17 16:35:29.509  3957  4153 D WIFI_P2P: evalRequest
10-17 16:35:29.509  3957  4153 D WIFI_P2P:   done
10-17 16:35:29.509  3957  4157 D ConnectivityService: sending notification AVAILABLE for NetworkRequest [ TRACK_DEFAULT id=1617, [ Capabilities: INTERNET&NOT_RESTRICTED&TRUSTED&NOT_VPN] ]
10-17 16:35:29.510  3957  4157 D ConnectivityService: sending notification CAP_CHANGED for NetworkRequest [ TRACK_DEFAULT id=1617, [ Capabilities: INTERNET&NOT_RESTRICTED&TRUSTED&NOT_VPN] ]
10-17 16:35:29.510  3957  4157 D ConnectivityService: sending notification IP_CHANGED for NetworkRequest [ TRACK_DEFAULT id=1617, [ Capabilities: INTERNET&NOT_RESTRICTED&TRUSTED&NOT_VPN] ]
10-17 16:35:29.511  3957  4129 D WIFI    : got request NetworkRequest [ TRACK_DEFAULT id=1617, [ Capabilities: INTERNET&NOT_RESTRICTED&TRUSTED&NOT_VPN] ] with score 100
10-17 16:35:29.511  3957  4129 D WIFI    :   my score=60, my filter=[ Transports: WIFI Capabilities: NOT_METERED&INTERNET&NOT_RESTRICTED&TRUSTED&NOT_VPN LinkUpBandwidth>=1048576Kbps LinkDnBandwidth>=1048576Kbps]
10-17 16:35:29.511  3957  4129 D WIFI    : evalRequest
10-17 16:35:29.511  3957  4129 D WIFI    :   done
10-17 16:35:29.511  3957  4129 D WIFI_UT : got request NetworkRequest [ TRACK_DEFAULT id=1617, [ Capabilities: INTERNET&NOT_RESTRICTED&TRUSTED&NOT_VPN] ] with score 100
