10-17 16:47:27.535 16575 16575 W SELinux : SELinux selinux_android_compute_policy_index : Policy Index[2],  Con:u:r:zygote:s0 RAM:SEPF_SM-J720F_8.0.0_0002, [-1 -1 -1 -1 0 1]
10-17 16:47:27.536  3957  4305 D WifiConnectivityMonitor.SingDnsChecker: setCurrentLinkProperties: lp={InterfaceName: wlan0 LinkAddresses: [fe80::326a:85ff:fef3:8268/64,192.168.1.103/24,fdd5:1a5b:57e4:4afd:326a:85ff:fef3:8268/64,fdd5:1a5b:57e4:4afd:fc0c:9c7d:f9f6:85f9/64,]  Routes: [fe80::/64 -> :: wlan0,fdb3:2d18:2e07::/64 -> fe80::1491:9b9:2965:3057 wlan0,fdd5:1a5b:57e4:4afd::/64 -> :: wlan0,192.168.1.0/24 -> 0.0.0.0 wlan0,0.0.0.0/0 -> 192.168.1.1 wlan0,] DnsAddresses: [213.160.212.3,213.160.223.35,] Domains: null MTU: 0 TcpBufferSizes: 524288,1048576,4525824,524288,1048576,4525824}
10-17 16:47:27.536 16575 16575 I SELinux : SELinux: seapp_context_lookup: seinfo=platform, level=s0:c512,c768, pkgname=com.enhance.gameservice 
10-17 16:47:27.537  3957  4305 D WifiConnectivityMonitor.CaptivePortalDnsResolver: setCurrentLinkProperties: lp={InterfaceName: wlan0 LinkAddresses: [fe80::326a:85ff:fef3:8268/64,192.168.1.103/24,fdd5:1a5b:57e4:4afd:326a:85ff:fef3:8268/64,fdd5:1a5b:57e4:4afd:fc0c:9c7d:f9f6:85f9/64,]  Routes: [fe80::/64 -> :: wlan0,fdb3:2d18:2e07::/64 -> fe80::1491:9b9:2965:3057 wlan0,fdd5:1a5b:57e4:4afd::/64 -> :: wlan0,192.168.1.0/24 -> 0.0.0.0 wlan0,0.0.0.0/0 -> 192.168.1.1 wlan0,] DnsAddresses: [213.160.212.3,213.160.223.35,] Domains: null MTU: 0 TcpBufferSizes: 524288,1048576,4525824,524288,1048576,4525824}
10-17 16:47:27.539  3957  3957 I WifiTrafficPoller: evaluateTrafficStatsPolling
10-17 16:47:27.540  3957  4128 D WifiService: getConnectionInfo uid=1000
10-17 16:47:27.540  3957 16580 D WifiService: getConfiguredNetworks uid=1000
10-17 16:47:27.540  3957 16580 D WifiAsyncChannel.WifiService: sendMessageSynchronously.send message=131131
10-17 16:47:27.541  3957  4129 D WifiStateMachine:  ConnectedState !CMD_GET_CONFIGURED_NETWORKS uid=1000 rt=506060754/1216434918 1000 0 num=3
10-17 16:47:27.542  3957  4129 D WifiStateMachine:  L2ConnectedState !CMD_GET_CONFIGURED_NETWORKS uid=1000 rt=506060756/1216434920 1000 0 num=3
10-17 16:47:27.542  3957  3957 D WifiAsyncChannel.WifiService: sendMessageSynchronously.send message=131394
10-17 16:47:27.542  3957  4129 D WifiStateMachine:  ConnectModeState !CMD_GET_CONFIGURED_NETWORKS uid=1000 rt=506060756/1216434920 1000 0 num=3
10-17 16:47:27.542  3957  4129 D WifiStateMachine:  SupplicantStartedState !CMD_GET_CONFIGURED_NETWORKS uid=1000 rt=506060756/1216434921 1000 0 num=3
10-17 16:47:27.542  3957  4129 D WifiStateMachine:  DefaultState !CMD_GET_CONFIGURED_NETWORKS uid=1000 rt=506060757/1216434921 1000 0 num=3
10-17 16:47:27.544 15960 16272 I BatteryMgr:DataCollectionService: stats => 1697554047544,-30,4308,-198,0,100
10-17 16:47:27.544  3957  4129 D WifiStateMachine:  ConnectedState !CMD_GET_SPECIFIC_CONFIGURED_NETWORKS uid=1000 rt=506060759/1216434923 2 0
10-17 16:47:27.545  3957  4129 D WifiStateMachine:  L2ConnectedState !CMD_GET_SPECIFIC_CONFIGURED_NETWORKS uid=1000 rt=506060759/1216434923 2 0
10-17 16:47:27.545  3957  4129 D WifiStateMachine:  ConnectModeState !CMD_GET_SPECIFIC_CONFIGURED_NETWORKS uid=1000 rt=506060759/1216434923 2 0
10-17 16:47:27.545  3957  4129 D WifiStateMachine:  SupplicantStartedState !CMD_GET_SPECIFIC_CONFIGURED_NETWORKS uid=1000 rt=506060759/1216434923 2 0
10-17 16:47:27.545  3957  4129 D WifiStateMachine:  DefaultState !CMD_GET_SPECIFIC_CONFIGURED_NETWORKS uid=1000 rt=506060759/1216434923 2 0
10-17 16:47:27.545  3957  3957 D WifiAsyncChannel.WifiService: sendMessageSynchronously.recv message=131394 sendingUid=1000
10-17 16:47:27.545  3957 16580 D WifiAsyncChannel.WifiService: sendMessageSynchronously.recv message=131131 sendingUid=1000
10-17 16:47:27.548  3957  3957 D WifiService: getConnectionInfo uid=1000
10-17 16:47:27.550  2479  2548 D ScanRecord: Not a Multi Manu data
10-17 16:47:27.550  2479  2548 I chatty  : uid=1002(bluetooth) BT Service Call identical 11 lines
10-17 16:47:27.551  2479  2548 D ScanRecord: Not a Multi Manu data
10-17 16:47:27.552  3957 16580 D WifiService: getConfiguredNetworks uid=1000
10-17 16:47:27.552  3957 16580 D WifiAsyncChannel.WifiService: sendMessageSynchronously.send message=131131
10-17 16:47:27.553  3957  4129 D WifiStateMachine:  ConnectedState !CMD_GET_CONFIGURED_NETWORKS uid=1000 rt=506060767/1216434931 1000 0 num=3
10-17 16:47:27.553  3957  4129 D WifiStateMachine:  L2ConnectedState !CMD_GET_CONFIGURED_NETWORKS uid=1000 rt=506060767/1216434931 1000 0 num=3
10-17 16:47:27.553  3957  4129 D WifiStateMachine:  ConnectModeState !CMD_GET_CONFIGURED_NETWORKS uid=1000 rt=506060767/1216434932 1000 0 num=3
10-17 16:47:27.554  3957  4129 D WifiStateMachine:  SupplicantStartedState !CMD_GET_CONFIGURED_NETWORKS uid=1000 rt=506060768/1216434932 1000 0 num=3
10-17 16:47:27.554  3957  4129 D WifiStateMachine:  DefaultState !CMD_GET_CONFIGURED_NETWORKS uid=1000 rt=506060768/1216434932 1000 0 num=3
10-17 16:47:27.554  3957 16580 D WifiAsyncChannel.WifiService: sendMessageSynchronously.recv message=131131 sendingUid=1000
10-17 16:47:27.555  2479  2548 D ScanRecord: Not a Multi Manu data
10-17 16:47:27.562  2479  2548 I chatty  : uid=1002(bluetooth) BT Service Call identical 24 lines
10-17 16:47:27.562  2479  2548 D ScanRecord: Not a Multi Manu data
10-17 16:47:27.564  3957 16580 D WifiService: getConfiguredNetworks uid=1000
10-17 16:47:27.565  3957 16580 D WifiAsyncChannel.WifiService: sendMessageSynchronously.send message=131131
10-17 16:47:27.565  3957  4129 D WifiStateMachine:  ConnectedState !CMD_GET_CONFIGURED_NETWORKS uid=1000 rt=506060779/1216434943 1000 0 num=3
10-17 16:47:27.565  3957  4129 D WifiStateMachine:  L2ConnectedState !CMD_GET_CONFIGURED_NETWORKS uid=1000 rt=506060779/1216434943 1000 0 num=3
10-17 16:47:27.566  3957  4129 D WifiStateMachine:  ConnectModeState !CMD_GET_CONFIGURED_NETWORKS uid=1000 rt=506060779/1216434944 1000 0 num=3
10-17 16:47:27.566  3957  4129 D WifiStateMachine:  SupplicantStartedState !CMD_GET_CONFIGURED_NETWORKS uid=1000 rt=506060780/1216434944 1000 0 num=3
10-17 16:47:27.566  3957  4129 D WifiStateMachine:  DefaultState !CMD_GET_CONFIGURED_NETWORKS uid=1000 rt=506060780/1216434945 1000 0 num=3
10-17 16:47:27.567  3957 16580 D WifiAsyncChannel.WifiService: sendMessageSynchronously.recv message=131131 sendingUid=1000
10-17 16:47:27.567  2479  2548 D ScanRecord: Not a Multi Manu data
10-17 16:47:27.568  2479  2548 I chatty  : uid=1002(bluetooth) BT Service Call identical 11 lines
10-17 16:47:27.568  2479  2548 D ScanRecord: Not a Multi Manu data
10-17 16:47:27.569  3957 16580 D WifiService: getConfiguredNetworks uid=1000
10-17 16:47:27.569  3957 16580 D WifiAsyncChannel.WifiService: sendMessageSynchronously.send message=131131
10-17 16:47:27.570  3957  4129 D WifiStateMachine:  ConnectedState !CMD_GET_CONFIGURED_NETWORKS uid=1000 rt=506060783/1216434948 1000 0 num=3
10-17 16:47:27.570  3957  4129 D WifiStateMachine:  L2ConnectedState !CMD_GET_CONFIGURED_NETWORKS uid=1000 rt=506060784/1216434948 1000 0 num=3
10-17 16:47:27.570  3957  4129 D WifiStateMachine:  ConnectModeState !CMD_GET_CONFIGURED_NETWORKS uid=1000 rt=506060784/1216434948 1000 0 num=3
10-17 16:47:27.570  3957  4129 D WifiStateMachine:  SupplicantStartedState !CMD_GET_CONFIGURED_NETWORKS uid=1000 rt=506060784/1216434948 1000 0 num=3
10-17 16:47:27.570  3957  4129 D WifiStateMachine:  DefaultState !CMD_GET_CONFIGURED_NETWORKS uid=1000 rt=506060784/1216434948 1000 0 num=3
10-17 16:47:27.570  3957 16580 D WifiAsyncChannel.WifiService: sendMessageSynchronously.recv message=131131 sendingUid=1000
10-17 16:47:27.592 16575 16575 D TimaKeyStoreProvider: TimaKeyStore is not enabled: cannot add TimaSignature Service and generateKeyPair Service
10-17 16:47:27.595 16575 16575 D ActivityThread: Added TimaKeyStore provider
10-17 16:47:27.598  3957  4653 I ActivityManager: DSS on for com.enhance.gameservice and scale is 1.0
10-17 16:47:27.645 16575 16575 I zygote64: no shared libraies, dex_files: 1
10-17 16:47:27.650 15960 16272 I BatteryMgr:DataCollectionService: stats => 1697554047650,-30,4308,-198,0,100
10-17 16:47:27.703 16575 16575 D GOS:GameServiceReceiver: action : android.net.wifi.STATE_CHANGE
10-17 16:47:27.706 16575 16575 D GOS:GameServiceReceiver: Wi-Fi is available
10-17 16:47:27.719  3957  5415 D StorageManagerService: getExternalStorageMountMode : 3
10-17 16:47:27.719  3957  5415 D StorageManagerService: getExternalStorageMountMode : 3
10-17 16:47:27.720  3957  5415 D StorageManagerService: getExternalStorageMountMode : final mountMode=3, uid : 1250, packageName : com.samsung.android.knox.containeragent
10-17 16:47:27.720  3957  5415 I ApplicationPolicy: isApplicationExternalStorageWhitelisted:com.samsung.android.knox.containeragent user:0
10-17 16:47:27.720  3957  5415 D ApplicationPolicy: isApplicationExternalStorageWhitelisted: DO is not enabled on user 0. Allowed.
10-17 16:47:27.720  3957  5415 D ActivityManager: package  com.samsung.android.knox.containeragent, user - 0 is SDcard whitelisted
10-17 16:47:27.720  3957  5415 I ApplicationPolicy: isApplicationExternalStorageBlacklisted:com.samsung.android.knox.containeragent user:0
10-17 16:47:27.720  3957  5415 D ApplicationPolicy: isApplicationExternalStorageBlacklisted: DO is not enabled on user 0. Allowed.
10-17 16:47:27.722 16575 16575 D GOS:MainIntentService: onCreate
10-17 16:47:27.723 16575 16591 D GOS:MainIntentService: onHandleIntent. begin
10-17 16:47:27.727 16575 16591 I GOS:DatabaseHelper: com.enhance.gameservice.App@9a37a06
10-17 16:47:27.727 16575 16591 I GOS:DatabaseHelper: Create a DatabaseHelper
10-17 16:47:27.736 16593 16593 E Zygote  : isWhitelistProcess - Process is Whitelisted
10-17 16:47:27.737  3957  5415 I ActivityManager: Start proc 16593:com.samsung.android.knox.containeragent/1250 for broadcast com.samsung.android.knox.containeragent/.switcher.knoxusage.KnoxUsageReceiver
10-17 16:47:27.737 16593 16593 E libpersona: scanKnoxPersonas
10-17 16:47:27.738 16593 16593 E libpersona: Couldn't open the File - /data/system/users/0/personalist.xml - No such file or directory
10-17 16:47:27.741 16593 16593 W SELinux : SELinux selinux_android_compute_policy_index : Policy Index[2],  Con:u:r:zygote:s0 RAM:SEPF_SM-J720F_8.0.0_0002, [-1 -1 -1 -1 0 1]
10-17 16:47:27.742 16593 16593 I SELinux : SELinux: seapp_context_lookup: seinfo=platform, level=s0:c512,c768, pkgname=com.samsung.android.knox.containeragent 
10-17 16:47:27.748 16575 16591 D GOS:MainIntentService: onHandleIntent(). type : 3
10-17 16:47:27.756 15960 16272 I BatteryMgr:DataCollectionService: stats => 1697554047756,-30,4308,-198,0,100
10-17 16:47:27.758 16575 16591 D GOS:GlobalSettingsContainer: setMode(), 1
10-17 16:47:27.758 16575 16591 D GOS:GlobalSettingsContainer: setDefaultDss(), 100.0
10-17 16:47:27.758 16575 16591 D GOS:GlobalSettingsContainer: setDefaultDss2(), 100.0
10-17 16:47:27.758 16575 16591 D GOS:GlobalSettingsContainer: setDefaultDfs(), 60.0
10-17 16:47:27.758 16575 16591 D GOS:GlobalSettingsContainer: setLaunchBoostEnabled(), true
10-17 16:47:27.759 16575 16591 D GOS:GlobalSettingsContainer: setEachModeDss(), [100.0, 100.0, 100.0, 100.0]
10-17 16:47:27.760 16575 16591 D GOS:GlobalSettingsContainer: setEachModeDss2(), [100.0, 100.0, 75.0, 50.0]
10-17 16:47:27.760 16575 16591 D GOS:GlobalSettingsContainer: setEachModeDfs(), [60.0, 60.0, 60.0, 30.0]
10-17 16:47:27.760 16575 16591 D GOS:GlobalSettingsContainer: setRecommendedMode(), [0, 1, 2, 3]
10-17 16:47:27.760 16575 16591 D GOS:GlobalSettingsContainer: setEnabledFeatureFlag(), src : 22518273019130647, result : 22518273014898967
10-17 16:47:27.760 16575 16591 D GOS:GlobalSettingsContainer: setAvailableFeatureFlag(), 35254582155354391
10-17 16:47:27.760 16575 16591 D GOS:GlobalSettingsContainer: setEnabledFeatureFlag(), src : 22518273014898967, result : 22518341734375703
10-17 16:47:27.760 16575 16591 D GOS:GlobalSettingsContainer: setServerFeatureFlagPolicy(), NNNNN000NNNNNNNNNNN0NNN000NN00NN0NNN1NNNNNN000NNNN0NNNNN
10-17 16:47:27.760 16575 16591 D GOS:GlobalSettingsContainer: setDefaultFeatureFlag(), 22518273019130647
10-17 16:47:27.760 16575 16591 D GOS:GlobalSettingsContainer: setEnabledFeatureFlag(), src : 22518341734375703, result : 22518341734375703
10-17 16:47:27.760 16575 16591 D GOS:GlobalSettingsContainer: setDefaultDts(), 100
10-17 16:47:27.760 16575 16591 D GOS:GlobalSettingsContainer: setEachModeDts(), [100, 100, 100, 100]
10-17 16:47:27.760 16575 16591 D GOS:GlobalSettingsContainer: setEachModeMdnie(), [0, 0, 0, 0]
10-17 16:47:27.760 16575 16591 D GOS:GlobalSettingsContainer: setDefaultOdtc(), 0
10-17 16:47:27.760 16575 16591 D GOS:GlobalSettingsContainer: setEachModeOdtc(), [0, 0, 0, 0]
10-17 16:47:27.760 16575 16591 D GOS:GlobalSettingsContainer: setIpmMode(), 1
10-17 16:47:27.760 16575 16591 D GOS:GlobalSettingsContainer: setIpmTargetPower(), -1
10-17 16:47:27.760 16575 16591 D GOS:GlobalSettingsContainer: setIpmTargetTemperature(), 480
10-17 16:47:27.760 16575 16591 D GOS:GlobalSettingsContainer: setLauncherMode(), -1000
10-17 16:47:27.761 16575 16591 D GOS:DataManager: load GlobalSettingsContainer values
10-17 16:47:27.768 16575 16591 E GOS:SeDex: failed to getSystemService()
10-17 16:47:27.769 16575 16591 I GOS:DataManager: checkResolution
10-17 16:47:27.771 16575 16591 D GOS:DisplayInfo: DPI: 280, LongSide: 1280, ShortSide: 720
10-17 16:47:27.771 16575 16591 D GOS:TSSCore: displayShortSide :  720, globalDefaultTargetShortSide : -1, globalEachModeTargetShortSide : null
10-17 16:47:27.772 16575 16591 D GOS:DisplayUtil: getResolutionType()
10-17 16:47:27.772 16575 16591 D GOS:DisplayUtil: getResolutionType(), checkResolution. MultiResolution is not supported. do nothing
10-17 16:47:27.773 16575 16591 D GOS:DisplayInfo: DPI: 280, LongSide: 1280, ShortSide: 720
10-17 16:47:27.778 16593 16593 D TimaKeyStoreProvider: TimaKeyStore is not enabled: cannot add TimaSignature Service and generateKeyPair Service
10-17 16:47:27.779 16593 16593 D ActivityThread: Added TimaKeyStore provider
10-17 16:47:27.779 16575 16591 D GOS:DataManager: Constructor, SOS policy, sosPolicyKeys : [siop, governor_settings, app_start, boost_settings, touch_settings, scheduler_settings]
10-17 16:47:27.779 16575 16591 I GOS:DataManager: Create a DataManager
10-17 16:47:27.780 16575 16591 D GOS:DataManager: onWifiConnected()
10-17 16:47:27.783  3957  4653 I ActivityManager: DSS on for com.samsung.android.knox.containeragent and scale is 1.0
10-17 16:47:27.786 16575 16591 D GOS:DataManager: onWifiConnected(), too early. skip update. millisFromLastUpdate: 13825204
10-17 16:47:27.786 16575 16591 D GOS:MainIntentService: there is gamemanger. don't start GameService
10-17 16:47:27.790 16575 16575 D GOS:MainIntentService: onDestroy
10-17 16:47:27.805  3957  4129 D WifiStateMachine:  ConnectedState !RSSI_PKTCNT_FETCH uid=1000 rt=506061018/1216435182 0 0 "ourhome" f4:6d:2f:12:cc:88 rssi=-42 f=5240 sc=60 link=433 tx=12.2, 0.0, 0.0  rx=18.3 bcn=48121 [on:1006 tx:1 rx:1005 period:1000] from screen [on:517338 period:2178986] score=60
10-17 16:47:27.806  3957  4129 D WifiStateMachine:  L2ConnectedState !RSSI_PKTCNT_FETCH uid=1000 rt=506061019/1216435183 0 0 "ourhome" f4:6d:2f:12:cc:88 rssi=-42 f=5240 sc=60 link=433 tx=12.2, 0.0, 0.0  rx=18.3 bcn=48121 [on:0 tx:0 rx:0 period:1] from screen [on:517338 period:2178987] score=60
10-17 16:47:27.807  3957  4129 D WifiStateMachine: fetchRssiLinkSpeedAndFrequencyNative rssi=-43 linkspeed=433 freq=5240
10-17 16:47:27.807  3957  4129 V WifiConfigManager: Updating scan detail cache freq=5240 BSSID=f4:6d:2f:12:cc:88 RSSI=-42 for "ourhome"WPA_PSK
10-17 16:47:27.821 16593 16593 I zygote64: no shared libraies, dex_files: 1
10-17 16:47:27.862 15960 16272 I BatteryMgr:DataCollectionService: stats => 1697554047862,-30,4308,-198,0,100
10-17 16:47:27.918 16593 16593 D DataBaseHelper_0: DataBaseHelper:getInstance countInstance[1]countConstructor[1]
10-17 16:47:27.932 16593 16593 D DataBaseHelper_0: DataBaseHelper:getInstance countInstance[2]countConstructor[2]
10-17 16:47:27.939 16593 16593 D DataBaseHelper_0: DataBaseHelper:getInstance countInstance[1]countConstructor[1]
10-17 16:47:27.950 16593 16593 D DataBaseHelper_0: DataBaseHelper:getInstance countInstance[2]countConstructor[2]
10-17 16:47:27.959 16593 16593 D KnoxUsageDB: getInstance - KnoxUsageDBHelper
10-17 16:47:27.959 16593 16593 D KnoxUsageDB: null == mDbHelperInstance - KnoxUsageDBHelper
10-17 16:47:27.967 15960 16272 I BatteryMgr:DataCollectionService: stats => 1697554047967,-30,4308,-198,0,100
10-17 16:47:27.967 16593 16593 I usagelog: received in receiver
10-17 16:47:27.968 16593 16593 I KnoxUsageLogPro: KnoxUsageReceiver onReceive :android.net.wifi.STATE_CHANGE myUserId=0
10-17 16:47:27.978 16593 16593 D KnoxUsageLogPro: KnoxUsageReceiver -processSystemEvents
10-17 16:47:27.982  3957  5415 D ConnectivityService: filterNetworkStateForUid() uid: 1250 networkInfo: [type: WIFI[] - WIFI, state: CONNECTED/CONNECTED, reason: (unspecified), extra: "ourhome", failover: false, available: true, roaming: false, metered: false]
10-17 16:47:27.982  3957  5415 D WifiService: getConnectionInfo uid=1000
10-17 16:47:27.988 16593 16593 I KnoxUsageLogPro: processSystemEvents: - No personas,Not registered, No need to process System intent
10-17 16:47:28.072 15960 16272 I BatteryMgr:DataCollectionService: stats => 1697554048072,-30,4308,-198,0,100
10-17 16:47:28.179 15960 16272 I BatteryMgr:DataCollectionService: stats => 1697554048179,-30,4308,-198,0,100
10-17 16:47:28.284 15960 16272 I BatteryMgr:DataCollectionService: stats => 1697554048284,-30,4308,-198,0,100
10-17 16:47:28.389 15960 16272 I BatteryMgr:DataCollectionService: stats => 1697554048389,-30,4308,-198,0,100
10-17 16:47:28.495 15960 16272 I BatteryMgr:DataCollectionService: stats => 1697554048495,-30,4308,-198,0,100
10-17 16:47:28.540  3957  4128 D WifiService: getConnectionInfo uid=1000
10-17 16:47:28.601 15960 16272 I BatteryMgr:DataCollectionService: stats => 1697554048601,-30,4308,-198,0,100
10-17 16:47:28.630  4340  4731 D NetworkController.MobileSignalController(0/-2): onSignalStrengthsChanged signalStrength=SignalStrength: 22 99 -22 -200 -22 -200 -1 99 2147483647 2147483647 2147483647 2147483647 0 2147483647 0x4 P gsm|lte level=4
10-17 16:47:28.630  4340  4731 D NetworkController.MobileSignalController(0/-2): getMobileIconGroup(): 0
10-17 16:47:28.707 15960 16272 I BatteryMgr:DataCollectionService: stats => 1697554048707,-30,4308,-198,0,100
10-17 16:47:28.784  3957  4129 D WifiStateMachine:  ConnectedState !CMD_RSSI_POLL rt=506061996/1216436160 81 0 "ourhome" f4:6d:2f:12:cc:88 rssi=-43 f=5240 sc=60 link=433 tx=12.2, 0.0, 0.0  rx=18.3 bcn=48121 [on:0 tx:0 rx:0 period:977] from screen [on:517338 period:2179964] score=60
10-17 16:47:28.785  3957  4129 D WifiStateMachine:  L2ConnectedState !CMD_RSSI_POLL rt=506061998/1216436162 81 0 "ourhome" f4:6d:2f:12:cc:88 rssi=-43 f=5240 sc=60 link=433 tx=12.2, 0.0, 0.0  rx=18.3 bcn=48121 [on:0 tx:0 rx:0 period:2] from screen [on:517338 period:2179966] score=60
10-17 16:47:28.785  3957  4129 D WifiStateMachine:  get link layer stats 3
10-17 16:47:28.786  3436  3436 I android.hardware.wifi@1.0-service: getLinkLayerStats
10-17 16:47:28.788  3957  4129 D WifiStateMachine: fetchRssiLinkSpeedAndFrequencyNative rssi=-41 linkspeed=433 freq=5240
10-17 16:47:28.789  3957  4129 V WifiConfigManager: Updating scan detail cache freq=5240 BSSID=f4:6d:2f:12:cc:88 RSSI=-41 for "ourhome"WPA_PSK
10-17 16:47:28.791  4340  4340 E SignalClusterView: setSlotFocusVisible : subId -2
10-17 16:47:28.792  4340  4340 E SignalClusterView: setSlotFocusVisible : subId -2
10-17 16:47:28.806  3957  4129 D WifiStateMachine:  ConnectedState !RSSI_PKTCNT_FETCH uid=1000 rt=506062018/1216436182 0 0 "ourhome" f4:6d:2f:12:cc:88 rssi=-41 f=5240 sc=60 link=433 tx=13.0, 0.0, 0.0  rx=17.7 bcn=48125 [on:0 tx:0 rx:0 period:14] from screen [on:518717 period:2179986] score=60
10-17 16:47:28.807  3957  4129 D WifiStateMachine:  L2ConnectedState !RSSI_PKTCNT_FETCH uid=1000 rt=506062020/1216436184 0 0 "ourhome" f4:6d:2f:12:cc:88 rssi=-41 f=5240 sc=60 link=433 tx=13.0, 0.0, 0.0  rx=17.7 bcn=48125 [on:0 tx:0 rx:0 period:2] from screen [on:518717 period:2179988] score=60
10-17 16:47:28.810  3957  4129 D WifiStateMachine: fetchRssiLinkSpeedAndFrequencyNative rssi=-41 linkspeed=433 freq=5240
10-17 16:47:28.811  3957  4129 V WifiConfigManager: Updating scan detail cache freq=5240 BSSID=f4:6d:2f:12:cc:88 RSSI=-41 for "ourhome"WPA_PSK
10-17 16:47:28.818 15960 16272 I BatteryMgr:DataCollectionService: stats => 1697554048818,-30,4308,-198,0,100
10-17 16:47:28.929 15960 16272 I BatteryMgr:DataCollectionService: stats => 1697554048929,-30,4308,-198,0,100
10-17 16:47:29.020 16007 16018 I zygote64: Background concurrent copying GC freed 264430(7MB) AllocSpace objects, 0(0B) LOS objects, 49% free, 5MB/11MB, paused 2.679ms total 283.153ms
10-17 16:47:29.034 15960 16272 I BatteryMgr:DataCollectionService: stats => 1697554049034,-30,4308,-198,0,100
10-17 16:47:29.139 15960 16272 I BatteryMgr:DataCollectionService: stats => 1697554049139,-30,4308,-198,0,100
10-17 16:47:29.244 15960 16272 I BatteryMgr:DataCollectionService: stats => 1697554049243,-30,4308,-198,0,100
10-17 16:47:29.351 15960 16272 I BatteryMgr:DataCollectionService: stats => 1697554049351,-30,4308,-198,0,100
10-17 16:47:29.456 15960 16272 I BatteryMgr:DataCollectionService: stats => 1697554049456,-30,4308,-198,0,100
10-17 16:47:29.542  3957  4128 D WifiService: getConnectionInfo uid=1000
10-17 16:47:29.562 15960 16272 I BatteryMgr:DataCollectionService: stats => 1697554049562,-30,4308,-198,0,100
10-17 16:47:29.668 15960 16272 I BatteryMgr:DataCollectionService: stats => 1697554049668,-30,4308,-198,0,100
10-17 16:47:29.773 15960 16272 I BatteryMgr:DataCollectionService: stats => 1697554049773,-30,4308,-198,0,100
10-17 16:47:29.807  3957  4129 D WifiStateMachine:  ConnectedState !RSSI_PKTCNT_FETCH uid=1000 rt=506063020/1216437184 0 0 "ourhome" f4:6d:2f:12:cc:88 rssi=-41 f=5240 sc=60 link=433 tx=13.0, 0.0, 0.0  rx=17.7 bcn=48125 [on:0 tx:0 rx:0 period:1000] from screen [on:518717 period:2180988] score=60
10-17 16:47:29.809  3957  4129 D WifiStateMachine:  L2ConnectedState !RSSI_PKTCNT_FETCH uid=1000 rt=506063021/1216437186 0 0 "ourhome" f4:6d:2f:12:cc:88 rssi=-41 f=5240 sc=60 link=433 tx=13.0, 0.0, 0.0  rx=17.7 bcn=48125 [on:0 tx:0 rx:0 period:1] from screen [on:518717 period:2180989] score=60
10-17 16:47:29.812  3957  4129 D WifiStateMachine: fetchRssiLinkSpeedAndFrequencyNative rssi=-44 linkspeed=433 freq=5240
10-17 16:47:29.812  3957  4129 V WifiConfigManager: Updating scan detail cache freq=5240 BSSID=f4:6d:2f:12:cc:88 RSSI=-42 for "ourhome"WPA_PSK
10-17 16:47:29.880 15960 16272 I BatteryMgr:DataCollectionService: stats => 1697554049880,-30,4308,-198,0,100
10-17 16:47:29.986 15960 16272 I BatteryMgr:DataCollectionService: stats => 1697554049986,-30,4308,-198,0,100
10-17 16:47:30.090 15960 16272 I BatteryMgr:DataCollectionService: stats => 1697554050090,-30,4308,-198,0,100
10-17 16:47:30.197 15960 16272 I BatteryMgr:DataCollectionService: stats => 1697554050197,-30,4308,-198,0,100
10-17 16:47:30.302 15960 16272 I BatteryMgr:DataCollectionService: stats => 1697554050302,-30,4308,-198,0,100
10-17 16:47:30.371  3957  6478 D SSRM:k  : SIOP:: AP = 440, PST = 401 (W:12), BAT = 236, USB = 0, CHG = 0
10-17 16:47:30.382  3957  6478 D ac      : broadcastSiopLevelIntent:: currentSiopLevel = 0
10-17 16:47:30.387  3957  6478 D TelephonyManager: getAllCellInfo : Caller (PID / UID / TID): 3957 / 1000 / 6478
10-17 16:47:30.388 16535 16535 I [SC]SCloudReceiver: onReceive: com.samsung.intent.action.CHECK_SIOP_LEVEL
10-17 16:47:30.391 16535 16535 I [SC]DetectorReceiver: onReceive [com.samsung.intent.action.CHECK_SIOP_LEVEL]
10-17 16:47:30.392 16535 16535 I [SC]AccountUtil: Samsung Account Not Logged in
10-17 16:47:30.408 15960 16272 I BatteryMgr:DataCollectionService: stats => 1697554050408,-30,4308,-198,0,100
10-17 16:47:30.469  3957  6478 D WifiService: getConnectionInfo uid=1000
10-17 16:47:30.478  3957  6478 I SensorService: createSensorEventConnection package name f.z
10-17 16:47:30.479  3957  6478 D SensorService: Calling batch handle==3 flags=0 rate=200000000 timeout== 0
10-17 16:47:30.479  3434  4028 I Sensors : ProximitySensor:enable: handle 3, en 1, old_en 0
10-17 16:47:30.514 15960 16272 I BatteryMgr:DataCollectionService: stats => 1697554050514,-30,4308,-198,0,100
10-17 16:47:30.535  3957  6478 D SensorManager: registerListener :: 3, STK3013 Proximity, 200000, 0,  
10-17 16:47:30.535  3434  4028 I Sensors : ProximitySensor:readEvents: value 8(cm)
10-17 16:47:30.536  3957  3957 D SensorManager: Proximity, val = 8.0  [far]
10-17 16:47:30.537  3957  3957 D SensorService: Calling activate off 3
10-17 16:47:30.537  3434  3434 I Sensors : ProximitySensor:enable: handle 3, en 0, old_en 1
10-17 16:47:30.539  3957  3957 D SensorManager: unregisterListener ::   
10-17 16:47:30.544  3957  4128 D WifiService: getConnectionInfo uid=1000
10-17 16:47:30.618 15960 16272 I BatteryMgr:DataCollectionService: stats => 1697554050618,-30,4308,-198,0,100
10-17 16:47:30.724 15960 16272 I BatteryMgr:DataCollectionService: stats => 1697554050724,-30,4308,-198,0,100
10-17 16:47:30.809  3957  4129 D WifiStateMachine:  ConnectedState !RSSI_PKTCNT_FETCH uid=1000 rt=506064022/1216438186 0 0 "ourhome" f4:6d:2f:12:cc:88 rssi=-44 f=5240 sc=60 link=433 tx=13.0, 0.0, 0.0  rx=17.7 bcn=48125 [on:0 tx:0 rx:0 period:1001] from screen [on:518717 period:2181990] score=60
10-17 16:47:30.810  3957  4129 D WifiStateMachine:  L2ConnectedState !RSSI_PKTCNT_FETCH uid=1000 rt=506064023/1216438187 0 0 "ourhome" f4:6d:2f:12:cc:88 rssi=-44 f=5240 sc=60 link=433 tx=13.0, 0.0, 0.0  rx=17.7 bcn=48125 [on:0 tx:0 rx:0 period:1] from screen [on:518717 period:2181991] score=60
10-17 16:47:30.816  3957  4129 D WifiStateMachine: fetchRssiLinkSpeedAndFrequencyNative rssi=-44 linkspeed=433 freq=5240
10-17 16:47:30.816  3957  4129 V WifiConfigManager: Updating scan detail cache freq=5240 BSSID=f4:6d:2f:12:cc:88 RSSI=-43 for "ourhome"WPA_PSK
10-17 16:47:30.834 15960 16272 I BatteryMgr:DataCollectionService: stats => 1697554050834,-30,4308,-198,0,100
10-17 16:47:30.941 15960 16272 I BatteryMgr:DataCollectionService: stats => 1697554050940,-30,4308,-198,0,100
10-17 16:47:31.050 15960 16272 I BatteryMgr:DataCollectionService: stats => 1697554051049,-30,4308,-198,0,100
10-17 16:47:31.156 15960 16272 I BatteryMgr:DataCollectionService: stats => 1697554051156,-30,4308,-198,0,100
10-17 16:47:31.261 15960 16272 I BatteryMgr:DataCollectionService: stats => 1697554051261,-30,4308,-198,0,100
10-17 16:47:31.369 15960 16272 I BatteryMgr:DataCollectionService: stats => 1697554051369,-30,4308,-198,0,100
10-17 16:47:31.474 15960 16272 I BatteryMgr:DataCollectionService: stats => 1697554051474,-30,4308,-198,0,100
10-17 16:47:31.546  3957  4128 D WifiService: getConnectionInfo uid=1000
10-17 16:47:31.580 15960 16272 I BatteryMgr:DataCollectionService: stats => 1697554051580,-30,4308,-198,0,100
10-17 16:47:31.687 15960 16272 I BatteryMgr:DataCollectionService: stats => 1697554051687,-30,4308,-198,0,100
10-17 16:47:31.793  3957  4129 D WifiStateMachine:  ConnectedState !CMD_RSSI_POLL rt=506065005/1216439169 81 0 "ourhome" f4:6d:2f:12:cc:88 rssi=-44 f=5240 sc=60 link=433 tx=13.0, 0.0, 0.0  rx=17.7 bcn=48125 [on:0 tx:0 rx:0 period:982] from screen [on:518717 period:2182973] score=60
10-17 16:47:31.793 15960 16272 I BatteryMgr:DataCollectionService: stats => 1697554051793,-30,4308,-198,0,100
10-17 16:47:31.796  3957  4129 D WifiStateMachine:  L2ConnectedState !CMD_RSSI_POLL rt=506065007/1216439171 81 0 "ourhome" f4:6d:2f:12:cc:88 rssi=-44 f=5240 sc=60 link=433 tx=13.0, 0.0, 0.0  rx=17.7 bcn=48125 [on:0 tx:0 rx:0 period:3] from screen [on:518717 period:2182976] score=60
10-17 16:47:31.796  3957  4129 D WifiStateMachine:  get link layer stats 3
10-17 16:47:31.797  3436  3436 I android.hardware.wifi@1.0-service: getLinkLayerStats
10-17 16:47:31.800  3957  4129 D WifiStateMachine: fetchRssiLinkSpeedAndFrequencyNative rssi=-42 linkspeed=433 freq=5240
10-17 16:47:31.800  3957  4129 V WifiConfigManager: Updating scan detail cache freq=5240 BSSID=f4:6d:2f:12:cc:88 RSSI=-42 for "ourhome"WPA_PSK
10-17 16:47:31.803  4340  4340 E SignalClusterView: setSlotFocusVisible : subId -2
10-17 16:47:31.803  4340  4340 E SignalClusterView: setSlotFocusVisible : subId -2
10-17 16:47:31.808  3957  4129 D WifiStateMachine:  ConnectedState !RSSI_PKTCNT_FETCH uid=1000 rt=506065022/1216439186 0 0 "ourhome" f4:6d:2f:12:cc:88 rssi=-42 f=5240 sc=60 link=433 tx=5.4, 0.0, 0.0  rx=21.1 bcn=48130 [on:0 tx:0 rx:0 period:6] from screen [on:520420 period:2182989] score=60
10-17 16:47:31.810  3957  4129 D WifiStateMachine:  L2ConnectedState !RSSI_PKTCNT_FETCH uid=1000 rt=506065023/1216439187 0 0 "ourhome" f4:6d:2f:12:cc:88 rssi=-42 f=5240 sc=60 link=433 tx=5.4, 0.0, 0.0  rx=21.1 bcn=48130 [on:0 tx:0 rx:0 period:1] from screen [on:520420 period:2182990] score=60
10-17 16:47:31.815  3957  4129 D WifiStateMachine: fetchRssiLinkSpeedAndFrequencyNative rssi=-42 linkspeed=433 freq=5240
10-17 16:47:31.815  3957  4129 V WifiConfigManager: Updating scan detail cache freq=5240 BSSID=f4:6d:2f:12:cc:88 RSSI=-42 for "ourhome"WPA_PSK
10-17 16:47:31.901 15960 16272 I BatteryMgr:DataCollectionService: stats => 1697554051901,-30,4308,-198,0,100
10-17 16:47:32.008 15960 16272 I BatteryMgr:DataCollectionService: stats => 1697554052008,-30,4308,-198,0,100
10-17 16:47:32.117 15960 16272 I BatteryMgr:DataCollectionService: stats => 1697554052117,-30,4308,-198,0,100
10-17 16:47:32.119  2479  2548 D ScanRecord: Not a Multi Manu data
10-17 16:47:32.218  4961  4961 D io_stats: !@ 179,0 r 7828494 252366628 w 1662372 34531896 d 133730 34007460 f 386955 408152 iot 3464024 3028794 th 51200 0 0 pt 0 inp 0 0 506065.431
10-17 16:47:32.223  2479  2548 I chatty  : uid=1002(bluetooth) BT Service Call identical 37 lines
10-17 16:47:32.223  2479  2548 D ScanRecord: Not a Multi Manu data
10-17 16:47:32.224 15960 16272 I BatteryMgr:DataCollectionService: stats => 1697554052223,-30,4308,-198,0,100
10-17 16:47:32.236  2479  2548 D ScanRecord: Not a Multi Manu data
10-17 16:47:32.324  2479  2548 I chatty  : uid=1002(bluetooth) BT Service Call identical 50 lines
10-17 16:47:32.325  2479  2548 D ScanRecord: Not a Multi Manu data
10-17 16:47:32.332 15960 16272 I BatteryMgr:DataCollectionService: stats => 1697554052331,-30,4308,-198,0,100
10-17 16:47:32.358  2479  2548 D ScanRecord: Not a Multi Manu data
10-17 16:47:32.425  2479  2548 I chatty  : uid=1002(bluetooth) BT Service Call identical 63 lines
10-17 16:47:32.425  2479  2548 D ScanRecord: Not a Multi Manu data
10-17 16:47:32.439 15960 16272 I BatteryMgr:DataCollectionService: stats => 1697554052439,-30,4308,-198,0,100
10-17 16:47:32.440  2479  2548 D ScanRecord: Not a Multi Manu data
10-17 16:47:32.542  2479  2548 I chatty  : uid=1002(bluetooth) BT Service Call identical 102 lines
10-17 16:47:32.542  2479  2548 D ScanRecord: Not a Multi Manu data
10-17 16:47:32.544 15960 16272 I BatteryMgr:DataCollectionService: stats => 1697554052544,-30,4308,-198,0,100
10-17 16:47:32.548  3957  4128 D WifiService: getConnectionInfo uid=1000
10-17 16:47:32.553  2479  2548 D ScanRecord: Not a Multi Manu data
10-17 16:47:32.572  2479  2548 I chatty  : uid=1002(bluetooth) BT Service Call identical 24 lines
10-17 16:47:32.572  2479  2548 D ScanRecord: Not a Multi Manu data
10-17 16:47:32.638  3957  3980 W StorageManager: getStorageFullBytes DEFAULT_FULL_THRESHOLD_BYTES : 20971520, threadhold : 20971520
10-17 16:47:32.638  3957  3980 W StorageManager: getStorageLowBytes lowPercent : 5, lowBytes : 1260145254, maxLowBytes : 524288000
10-17 16:47:32.641  3957  3980 W DeviceStorageMonitorService: updateBroadcasts(/data) oldLevel:0, newLevel:0, seq:1
10-17 16:47:32.642  3957  3980 W DeviceStorageMonitorService: updateBroadcasts_filenode(/data) fn_oldLevel:0, fn_newLevel:0, seq:1
10-17 16:47:32.649 15960 16272 I BatteryMgr:DataCollectionService: stats => 1697554052649,-30,4308,-198,0,100
10-17 16:47:32.756 15960 16272 I BatteryMgr:DataCollectionService: stats => 1697554052755,-30,4308,-198,0,100
10-17 16:47:32.808  3957  4129 D WifiStateMachine:  ConnectedState !RSSI_PKTCNT_FETCH uid=1000 rt=506066021/1216440185 0 0 "ourhome" f4:6d:2f:12:cc:88 rssi=-42 f=5240 sc=60 link=433 tx=5.4, 0.0, 0.0  rx=21.1 bcn=48130 [on:0 tx:0 rx:0 period:999] from screen [on:520420 period:2183989] score=60
10-17 16:47:32.809  3957  4129 D WifiStateMachine:  L2ConnectedState !RSSI_PKTCNT_FETCH uid=1000 rt=506066022/1216440187 0 0 "ourhome" f4:6d:2f:12:cc:88 rssi=-42 f=5240 sc=60 link=433 tx=5.4, 0.0, 0.0  rx=21.1 bcn=48130 [on:0 tx:0 rx:0 period:1] from screen [on:520420 period:2183990] score=60
10-17 16:47:32.810  3957  4129 D WifiStateMachine: fetchRssiLinkSpeedAndFrequencyNative rssi=-46 linkspeed=433 freq=5240
10-17 16:47:32.810  3957  4129 V WifiConfigManager: Updating scan detail cache freq=5240 BSSID=f4:6d:2f:12:cc:88 RSSI=-44 for "ourhome"WPA_PSK
10-17 16:47:32.860 15960 16272 I BatteryMgr:DataCollectionService: stats => 1697554052860,-30,4308,-198,0,100
10-17 16:47:32.966 15960 16272 I BatteryMgr:DataCollectionService: stats => 1697554052965,-30,4308,-198,0,100
10-17 16:47:33.071 15960 16272 I BatteryMgr:DataCollectionService: stats => 1697554053071,-30,4308,-198,0,100
10-17 16:47:33.176 15960 16272 I BatteryMgr:DataCollectionService: stats => 1697554053176,-30,4308,-198,0,100
10-17 16:47:33.283 15960 16272 I BatteryMgr:DataCollectionService: stats => 1697554053283,-30,4308,-198,0,100
10-17 16:47:33.390 15960 16272 I BatteryMgr:DataCollectionService: stats => 1697554053390,-30,4308,-198,0,100
10-17 16:47:33.495 15960 16272 I BatteryMgr:DataCollectionService: stats => 1697554053495,-30,4308,-198,0,100
10-17 16:47:33.550  3957  4128 D WifiService: getConnectionInfo uid=1000
10-17 16:47:33.599 15960 16272 I BatteryMgr:DataCollectionService: stats => 1697554053599,-30,4308,-198,0,100
10-17 16:47:33.705 15960 16272 I BatteryMgr:DataCollectionService: stats => 1697554053704,-30,4308,-198,0,100
10-17 16:47:33.750  4340  4731 D NetworkController.MobileSignalController(0/-2): onSignalStrengthsChanged signalStrength=SignalStrength: 21 99 -21 -200 -21 -200 -1 99 2147483647 2147483647 2147483647 2147483647 0 2147483647 0x4 P gsm|lte level=4
10-17 16:47:33.750  4340  4731 D NetworkController.MobileSignalController(0/-2): getMobileIconGroup(): 0
10-17 16:47:33.809 15960 16272 I BatteryMgr:DataCollectionService: stats => 1697554053809,-30,4308,-198,0,100
10-17 16:47:33.810  3957  4129 D WifiStateMachine:  ConnectedState !RSSI_PKTCNT_FETCH uid=1000 rt=506067023/1216441187 0 0 "ourhome" f4:6d:2f:12:cc:88 rssi=-46 f=5240 sc=60 link=433 tx=5.4, 0.0, 0.0  rx=21.1 bcn=48130 [on:0 tx:0 rx:0 period:1001] from screen [on:520420 period:2184991] score=60
10-17 16:47:33.811  3957  4129 D WifiStateMachine:  L2ConnectedState !RSSI_PKTCNT_FETCH uid=1000 rt=506067024/1216441188 0 0 "ourhome" f4:6d:2f:12:cc:88 rssi=-46 f=5240 sc=60 link=433 tx=5.4, 0.0, 0.0  rx=21.1 bcn=48130 [on:0 tx:0 rx:0 period:1] from screen [on:520420 period:2184992] score=60
10-17 16:47:33.812  3957  4129 D WifiStateMachine: fetchRssiLinkSpeedAndFrequencyNative rssi=-45 linkspeed=433 freq=5240
10-17 16:47:33.812  3957  4129 V WifiConfigManager: Updating scan detail cache freq=5240 BSSID=f4:6d:2f:12:cc:88 RSSI=-44 for "ourhome"WPA_PSK
10-17 16:47:33.914 15960 16272 I BatteryMgr:DataCollectionService: stats => 1697554053914,-30,4308,-198,0,100
10-17 16:47:34.023 15960 16272 I BatteryMgr:DataCollectionService: stats => 1697554054023,-30,4308,-198,0,100
10-17 16:47:34.127 15960 16272 I BatteryMgr:DataCollectionService: stats => 1697554054127,-30,4308,-198,0,100
10-17 16:47:34.232 15960 16272 I BatteryMgr:DataCollectionService: stats => 1697554054232,-30,4308,-198,0,100
10-17 16:47:34.339 15960 16272 I BatteryMgr:DataCollectionService: stats => 1697554054339,-30,4308,-198,0,100
10-17 16:47:34.443 15960 16272 I BatteryMgr:DataCollectionService: stats => 1697554054443,-30,4308,-198,0,100
10-17 16:47:34.550 15960 16272 I BatteryMgr:DataCollectionService: stats => 1697554054550,-30,4308,-198,0,100
10-17 16:47:34.552  3957  4128 D WifiService: getConnectionInfo uid=1000
10-17 16:47:34.657 15960 16272 I BatteryMgr:DataCollectionService: stats => 1697554054657,-30,4308,-198,0,100
10-17 16:47:34.761 15960 16272 I BatteryMgr:DataCollectionService: stats => 1697554054761,-30,4308,-198,0,100
10-17 16:47:34.804  3957  4129 D WifiStateMachine:  ConnectedState !CMD_RSSI_POLL rt=506068016/1216442180 81 0 "ourhome" f4:6d:2f:12:cc:88 rssi=-45 f=5240 sc=60 link=433 tx=5.4, 0.0, 0.0  rx=21.1 bcn=48130 [on:0 tx:0 rx:0 period:993] from screen [on:520420 period:2185985] score=60
10-17 16:47:34.809  3957  4129 D WifiStateMachine:  L2ConnectedState !CMD_RSSI_POLL rt=506068018/1216442182 81 0 "ourhome" f4:6d:2f:12:cc:88 rssi=-45 f=5240 sc=60 link=433 tx=5.4, 0.0, 0.0  rx=21.1 bcn=48130 [on:0 tx:0 rx:0 period:4] from screen [on:520420 period:2185989] score=60
10-17 16:47:34.809  3957  4129 D WifiStateMachine:  get link layer stats 3
10-17 16:47:34.809  3436  3436 I android.hardware.wifi@1.0-service: getLinkLayerStats
10-17 16:47:34.818  3957  4129 D WifiStateMachine: fetchRssiLinkSpeedAndFrequencyNative rssi=-45 linkspeed=433 freq=5240
10-17 16:47:34.818  3957  4129 V WifiConfigManager: Updating scan detail cache freq=5240 BSSID=f4:6d:2f:12:cc:88 RSSI=-44 for "ourhome"WPA_PSK
10-17 16:47:34.823  4340  4340 E SignalClusterView: setSlotFocusVisible : subId -2
10-17 16:47:34.823  4340  4340 E SignalClusterView: setSlotFocusVisible : subId -2
10-17 16:47:34.823  3957  4129 D WifiStateMachine:  ConnectedState !RSSI_PKTCNT_FETCH uid=1000 rt=506068035/1216442200 0 0 "ourhome" f4:6d:2f:12:cc:88 rssi=-45 f=5240 sc=60 link=433 tx=2.6, 0.0, 0.0  rx=27.4 bcn=48138 [on:0 tx:0 rx:0 period:2] from screen [on:522076 period:2186004] score=60
10-17 16:47:34.825  3957  4129 D WifiStateMachine:  L2ConnectedState !RSSI_PKTCNT_FETCH uid=1000 rt=506068037/1216442202 0 0 "ourhome" f4:6d:2f:12:cc:88 rssi=-45 f=5240 sc=60 link=433 tx=2.6, 0.0, 0.0  rx=27.4 bcn=48138 [on:0 tx:0 rx:0 period:2] from screen [on:522076 period:2186006] score=60
10-17 16:47:34.827  3957  4129 D WifiStateMachine: fetchRssiLinkSpeedAndFrequencyNative rssi=-45 linkspeed=433 freq=5240
10-17 16:47:34.827  3957  4129 V WifiConfigManager: Updating scan detail cache freq=5240 BSSID=f4:6d:2f:12:cc:88 RSSI=-44 for "ourhome"WPA_PSK
10-17 16:47:34.866 15960 16272 I BatteryMgr:DataCollectionService: stats => 1697554054866,-30,4308,-198,0,100
10-17 16:47:34.973 15960 16272 I BatteryMgr:DataCollectionService: stats => 1697554054973,-30,4308,-198,0,100
10-17 16:47:35.078 15960 16272 I BatteryMgr:DataCollectionService: stats => 1697554055078,-30,4308,-198,0,100
10-17 16:47:35.188 15960 16272 I BatteryMgr:DataCollectionService: stats => 1697554055188,-30,4308,-198,0,100
10-17 16:47:35.293 15960 16272 I BatteryMgr:DataCollectionService: stats => 1697554055293,-30,4308,-198,0,100
10-17 16:47:35.397 15960 16272 I BatteryMgr:DataCollectionService: stats => 1697554055397,-30,4308,-198,0,100
10-17 16:47:35.504 15960 16272 I BatteryMgr:DataCollectionService: stats => 1697554055503,-174,4308,-175,0,100
10-17 16:47:35.554  3957  4128 D WifiService: getConnectionInfo uid=1000
10-17 16:47:35.609 15960 16272 I BatteryMgr:DataCollectionService: stats => 1697554055609,-174,4308,-175,0,100
10-17 16:47:35.714 15960 16272 I BatteryMgr:DataCollectionService: stats => 1697554055714,-174,4308,-175,0,100
10-17 16:47:35.811  3957  4129 D WifiStateMachine:  ConnectedState !RSSI_PKTCNT_FETCH uid=1000 rt=506069024/1216443188 0 0 "ourhome" f4:6d:2f:12:cc:88 rssi=-45 f=5240 sc=60 link=433 tx=2.6, 0.0, 0.0  rx=27.4 bcn=48138 [on:0 tx:0 rx:0 period:985] from screen [on:522076 period:2186991] score=60
10-17 16:47:35.812  3957  4129 D WifiStateMachine:  L2ConnectedState !RSSI_PKTCNT_FETCH uid=1000 rt=506069025/1216443189 0 0 "ourhome" f4:6d:2f:12:cc:88 rssi=-45 f=5240 sc=60 link=433 tx=2.6, 0.0, 0.0  rx=27.4 bcn=48138 [on:0 tx:0 rx:0 period:1] from screen [on:522076 period:2186992] score=60
10-17 16:47:35.812  3957  4129 D WifiStateMachine: fetchRssiLinkSpeedAndFrequencyNative rssi=-46 linkspeed=433 freq=5240
10-17 16:47:35.813  3957  4129 V WifiConfigManager: Updating scan detail cache freq=5240 BSSID=f4:6d:2f:12:cc:88 RSSI=-45 for "ourhome"WPA_PSK
10-17 16:47:35.820 15960 16272 I BatteryMgr:DataCollectionService: stats => 1697554055819,-174,4308,-175,0,100
10-17 16:47:35.926 15960 16272 I BatteryMgr:DataCollectionService: stats => 1697554055926,-174,4308,-175,0,100
10-17 16:47:35.950  3957  5415 D BatteryService: !@BatteryListener : batteryPropertiesChanged!
10-17 16:47:35.995  3957  4030 D SensorService: [SO] 0.172 -0.263 9.998
10-17 16:47:36.029 15960 16272 I BatteryMgr:DataCollectionService: stats => 1697554056029,-174,4308,-175,0,100
10-17 16:47:36.134 15960 16272 I BatteryMgr:DataCollectionService: stats => 1697554056134,-174,4308,-175,0,100
10-17 16:47:36.242 15960 16272 I BatteryMgr:DataCollectionService: stats => 1697554056242,-174,4308,-175,0,100
10-17 16:47:36.347 15960 16272 I BatteryMgr:DataCollectionService: stats => 1697554056347,-174,4308,-175,0,100
10-17 16:47:36.452 15960 16272 I BatteryMgr:DataCollectionService: stats => 1697554056452,-174,4308,-175,0,100
10-17 16:47:36.556  3957  4128 D WifiService: getConnectionInfo uid=1000
10-17 16:47:36.560 15960 16272 I BatteryMgr:DataCollectionService: stats => 1697554056560,-174,4308,-175,0,100
10-17 16:47:36.665 15960 16272 I BatteryMgr:DataCollectionService: stats => 1697554056665,-174,4308,-175,0,100
10-17 16:47:36.772 15960 16272 I BatteryMgr:DataCollectionService: stats => 1697554056772,-174,4308,-175,0,100
10-17 16:47:36.813  3957  4129 D WifiStateMachine:  ConnectedState !RSSI_PKTCNT_FETCH uid=1000 rt=506070026/1216444190 0 0 "ourhome" f4:6d:2f:12:cc:88 rssi=-46 f=5240 sc=60 link=433 tx=2.6, 0.0, 0.0  rx=27.4 bcn=48138 [on:0 tx:0 rx:0 period:1001] from screen [on:522076 period:2187993] score=60
10-17 16:47:36.814  3957  4129 D WifiStateMachine:  L2ConnectedState !RSSI_PKTCNT_FETCH uid=1000 rt=506070027/1216444191 0 0 "ourhome" f4:6d:2f:12:cc:88 rssi=-46 f=5240 sc=60 link=433 tx=2.6, 0.0, 0.0  rx=27.4 bcn=48138 [on:0 tx:0 rx:0 period:1] from screen [on:522076 period:2187994] score=60
10-17 16:47:36.815  3957  4129 D WifiStateMachine: fetchRssiLinkSpeedAndFrequencyNative rssi=-46 linkspeed=433 freq=5240
10-17 16:47:36.815  3957  4129 V WifiConfigManager: Updating scan detail cache freq=5240 BSSID=f4:6d:2f:12:cc:88 RSSI=-45 for "ourhome"WPA_PSK
10-17 16:47:36.878 15960 16272 I BatteryMgr:DataCollectionService: stats => 1697554056878,-174,4308,-175,0,100
10-17 16:47:36.982 15960 16272 I BatteryMgr:DataCollectionService: stats => 1697554056982,-174,4308,-175,0,100
10-17 16:47:37.088 15960 16272 I BatteryMgr:DataCollectionService: stats => 1697554057088,-174,4308,-175,0,100
10-17 16:47:37.104  2479  2548 D ScanRecord: Not a Multi Manu data
10-17 16:47:37.181  2479  2548 I chatty  : uid=1002(bluetooth) BT Service Call identical 141 lines
10-17 16:47:37.181  2479  2548 D ScanRecord: Not a Multi Manu data
10-17 16:47:37.194 15960 16272 I BatteryMgr:DataCollectionService: stats => 1697554057194,-174,4308,-175,0,100
10-17 16:47:37.220  4961  4961 D io_stats: !@ 179,0 r 7828499 252366672 w 1662385 34532100 d 133731 34007528 f 386956 408153 iot 3464032 3028802 th 51200 0 0 pt 0 inp 0 0 506070.434
10-17 16:47:37.241  2479  2548 D ScanRecord: Not a Multi Manu data
10-17 16:47:37.292  2479  2548 I chatty  : uid=1002(bluetooth) BT Service Call identical 115 lines
10-17 16:47:37.292  2479  2548 D ScanRecord: Not a Multi Manu data
10-17 16:47:37.299 15960 16272 I BatteryMgr:DataCollectionService: stats => 1697554057299,-174,4308,-175,0,100
10-17 16:47:37.301  2479  2563 D bt_snoop: capture: count_snoop = 240000, st.st_size = 2478458
10-17 16:47:37.305  2479  2548 D ScanRecord: Not a Multi Manu data
10-17 16:47:37.393  2479  2548 I chatty  : uid=1002(bluetooth) BT Service Call identical 76 lines
10-17 16:47:37.393  2479  2548 D ScanRecord: Not a Multi Manu data
10-17 16:47:37.406 15960 16272 I BatteryMgr:DataCollectionService: stats => 1697554057405,-174,4308,-175,0,100
10-17 16:47:37.430  2479  2548 D ScanRecord: Not a Multi Manu data
10-17 16:47:37.507  2479  2548 I chatty  : uid=1002(bluetooth) BT Service Call identical 193 lines
10-17 16:47:37.507  2479  2548 D ScanRecord: Not a Multi Manu data
10-17 16:47:37.511 15960 16272 I BatteryMgr:DataCollectionService: stats => 1697554057511,-174,4308,-175,0,100
10-17 16:47:37.515  2479  2548 D ScanRecord: Not a Multi Manu data
10-17 16:47:37.530  2479  2548 I chatty  : uid=1002(bluetooth) BT Service Call identical 24 lines
10-17 16:47:37.530  2479  2548 D ScanRecord: Not a Multi Manu data
10-17 16:47:37.558  3957  4128 D WifiService: getConnectionInfo uid=1000
10-17 16:47:37.561  2479  2548 D ScanRecord: Not a Multi Manu data
10-17 16:47:37.561  2479  2548 I chatty  : uid=1002(bluetooth) BT Service Call identical 11 lines
10-17 16:47:37.561  2479  2548 D ScanRecord: Not a Multi Manu data
10-17 16:47:37.616 15960 16272 I BatteryMgr:DataCollectionService: stats => 1697554057615,-174,4308,-175,0,100
10-17 16:47:37.723 15960 16272 I BatteryMgr:DataCollectionService: stats => 1697554057723,-174,4308,-175,0,100
10-17 16:47:37.815  3957  4129 D WifiStateMachine:  ConnectedState !RSSI_PKTCNT_FETCH uid=1000 rt=506071028/1216445192 0 0 "ourhome" f4:6d:2f:12:cc:88 rssi=-46 f=5240 sc=60 link=433 tx=2.6, 0.0, 0.0  rx=27.4 bcn=48138 [on:0 tx:0 rx:0 period:1002] from screen [on:522076 period:2188996] score=60
10-17 16:47:37.816  3957  4129 D WifiStateMachine:  L2ConnectedState !RSSI_PKTCNT_FETCH uid=1000 rt=506071029/1216445193 0 0 "ourhome" f4:6d:2f:12:cc:88 rssi=-46 f=5240 sc=60 link=433 tx=2.6, 0.0, 0.0  rx=27.4 bcn=48138 [on:0 tx:0 rx:0 period:1] from screen [on:522076 period:2188997] score=60
10-17 16:47:37.817  3957  4129 D WifiStateMachine: fetchRssiLinkSpeedAndFrequencyNative rssi=-43 linkspeed=433 freq=5240
10-17 16:47:37.817  3957  4129 V WifiConfigManager: Updating scan detail cache freq=5240 BSSID=f4:6d:2f:12:cc:88 RSSI=-43 for "ourhome"WPA_PSK
10-17 16:47:37.821  3957  4129 D WifiStateMachine:  ConnectedState !CMD_RSSI_POLL rt=506071034/1216445198 81 0 "ourhome" f4:6d:2f:12:cc:88 rssi=-43 f=5240 sc=60 link=433 tx=2.6, 0.0, 0.0  rx=27.4 bcn=48138 [on:0 tx:0 rx:0 period:5] from screen [on:522076 period:2189002] score=60
10-17 16:47:37.822  3957  4129 D WifiStateMachine:  L2ConnectedState !CMD_RSSI_POLL rt=506071035/1216445199 81 0 "ourhome" f4:6d:2f:12:cc:88 rssi=-43 f=5240 sc=60 link=433 tx=2.6, 0.0, 0.0  rx=27.4 bcn=48138 [on:0 tx:0 rx:0 period:1] from screen [on:522076 period:2189003] score=60
10-17 16:47:37.823  3957  4129 D WifiStateMachine:  get link layer stats 3
10-17 16:47:37.823  3436  3436 I android.hardware.wifi@1.0-service: getLinkLayerStats
10-17 16:47:37.828  3957  4129 D WifiStateMachine: fetchRssiLinkSpeedAndFrequencyNative rssi=-43 linkspeed=433 freq=5240
10-17 16:47:37.828  3957  4129 V WifiConfigManager: Updating scan detail cache freq=5240 BSSID=f4:6d:2f:12:cc:88 RSSI=-43 for "ourhome"WPA_PSK
10-17 16:47:37.830 15960 16272 I BatteryMgr:DataCollectionService: stats => 1697554057830,-174,4308,-175,0,100
10-17 16:47:37.831  4340  4340 E SignalClusterView: setSlotFocusVisible : subId -2
10-17 16:47:37.831  4340  4340 E SignalClusterView: setSlotFocusVisible : subId -2
10-17 16:47:37.935 15960 16272 I BatteryMgr:DataCollectionService: stats => 1697554057935,-174,4308,-175,0,100
10-17 16:47:38.041 15960 16272 I BatteryMgr:DataCollectionService: stats => 1697554058040,-174,4308,-175,0,100
10-17 16:47:38.147 15960 16272 I BatteryMgr:DataCollectionService: stats => 1697554058147,-174,4308,-175,0,100
10-17 16:47:38.251 15960 16272 I BatteryMgr:DataCollectionService: stats => 1697554058251,-174,4308,-175,0,100
10-17 16:47:38.359 15960 16272 I BatteryMgr:DataCollectionService: stats => 1697554058359,-174,4308,-175,0,100
10-17 16:47:38.464 15960 16272 I BatteryMgr:DataCollectionService: stats => 1697554058463,-174,4308,-175,0,100
10-17 16:47:38.560  3957  4128 D WifiService: getConnectionInfo uid=1000
10-17 16:47:38.569 15960 16272 I BatteryMgr:DataCollectionService: stats => 1697554058569,-174,4308,-175,0,100
10-17 16:47:38.674 15960 16272 I BatteryMgr:DataCollectionService: stats => 1697554058674,-174,4308,-175,0,100
10-17 16:47:38.779 15960 16272 I BatteryMgr:DataCollectionService: stats => 1697554058779,-174,4308,-175,0,100
10-17 16:47:38.817  3957  4129 D WifiStateMachine:  ConnectedState !RSSI_PKTCNT_FETCH uid=1000 rt=506072030/1216446194 0 0 "ourhome" f4:6d:2f:12:cc:88 rssi=-43 f=5240 sc=60 link=433 tx=1.0, 0.0, 0.0  rx=13.8 bcn=48141 [on:0 tx:0 rx:0 period:986] from screen [on:524181 period:2189998] score=60
10-17 16:47:38.819  3957  4129 D WifiStateMachine:  L2ConnectedState !RSSI_PKTCNT_FETCH uid=1000 rt=506072031/1216446196 0 0 "ourhome" f4:6d:2f:12:cc:88 rssi=-43 f=5240 sc=60 link=433 tx=1.0, 0.0, 0.0  rx=13.8 bcn=48141 [on:0 tx:0 rx:0 period:2] from screen [on:524181 period:2190000] score=60
10-17 16:47:38.820  3957  4129 D WifiStateMachine: fetchRssiLinkSpeedAndFrequencyNative rssi=-44 linkspeed=433 freq=5240
10-17 16:47:38.820  3957  4129 V WifiConfigManager: Updating scan detail cache freq=5240 BSSID=f4:6d:2f:12:cc:88 RSSI=-43 for "ourhome"WPA_PSK
10-17 16:47:38.874  4340  4731 D NetworkController.MobileSignalController(0/-2): onSignalStrengthsChanged signalStrength=SignalStrength: 22 99 -22 -200 -22 -200 -1 99 2147483647 2147483647 2147483647 2147483647 0 2147483647 0x4 P gsm|lte level=4
10-17 16:47:38.874  4340  4731 D NetworkController.MobileSignalController(0/-2): getMobileIconGroup(): 0
10-17 16:47:38.884 15960 16272 I BatteryMgr:DataCollectionService: stats => 1697554058884,-174,4308,-175,0,100
10-17 16:47:38.990 15960 16272 I BatteryMgr:DataCollectionService: stats => 1697554058990,-174,4308,-175,0,100
