10-17 16:17:53.367  6730  6780 W SoLoader: Recording new base apk path: /data/app/com.facebook.katana-2P9BZ5nf4QWKDLOfe3-HXQ==/base.apk
10-17 16:17:53.367  6730  6780 W SoLoader: Previously recorded 0 base apk paths.
10-17 16:17:53.390  6730  6781 W AppInitScheduler|Run:   Finished InitMultiProcessTracker in 28ms
10-17 16:17:53.392  6730  6784 W FileBasedMultiProcessTracker: <default>: Initializing FileBasedMultiProcessTracking using /data/user/0/com.facebook.katana/app_multiprocess_tracking
10-17 16:17:53.392  6730  6784 W FileBasedMultiProcessTracker: <default>: Creating file to track 6730
10-17 16:17:53.402  6661  6661 I cr_SplitCompatApp: Launched version=117.0.5938.60 minSdkVersion=1 isBundle=true processName=com.android.chrome:sandboxed_process0 isIsolated=true
10-17 16:17:53.404  6630  6770 W ResourceType: ResTable_typeSpec entry count inconsistent: given 88, previously 90
10-17 16:17:53.404  6630  6770 W ResourceType: ResTable_typeSpec entry count inconsistent: given 168, previously 172
10-17 16:17:53.406  5886  6150 I BatteryMgr:DataCollectionService: stats => 1697552273406,-50,4308,-132,0,99
10-17 16:17:53.413  6630  6770 W ResourceType: ResTable_typeSpec entry count inconsistent: given 3502, previously 3522
10-17 16:17:53.413  6630  6770 W ResourceType: ResTable_typeSpec entry count inconsistent: given 487, previously 4664
10-17 16:17:53.414  6730  6785 W FileBasedMultiProcessTracker: <default>: Observed removed PID: 5480
10-17 16:17:53.414  6730  6784 W FileBasedMultiProcessTracker: <default>: FileBasedMultiProcessTracker ready!
10-17 16:17:53.419  3957  4129 D WifiStateMachine:  ConnectedState !RSSI_PKTCNT_FETCH uid=1000 rt=504286632/1214660796 0 0 "ourhome" f4:6d:2f:12:cc:88 rssi=-44 f=5240 sc=60 link=433 tx=3.3, 0.0, 0.0  rx=13.3 bcn=31902 [on:0 tx:0 rx:0 period:1000] from screen [on:122173 period:404600] score=60
10-17 16:17:53.421  3957  4129 D WifiStateMachine:  L2ConnectedState !RSSI_PKTCNT_FETCH uid=1000 rt=504286634/1214660798 0 0 "ourhome" f4:6d:2f:12:cc:88 rssi=-44 f=5240 sc=60 link=433 tx=3.3, 0.0, 0.0  rx=13.3 bcn=31902 [on:0 tx:0 rx:0 period:1] from screen [on:122173 period:404601] score=60
10-17 16:17:53.427  3957  4129 D WifiStateMachine: fetchRssiLinkSpeedAndFrequencyNative rssi=-45 linkspeed=433 freq=5240
10-17 16:17:53.427  3957  4129 V WifiConfigManager: Updating scan detail cache freq=5240 BSSID=f4:6d:2f:12:cc:88 RSSI=-44 for "ourhome"WPA_PSK
10-17 16:17:53.433  6630  6770 I FA-SVC  : App measurement initialized, version: 233717
10-17 16:17:53.443  6661  6661 W SystemServiceRegistry: No service published for: uimode
10-17 16:17:53.464  6661  6661 V Monotype: fonts.xml take from : /system/etc/
10-17 16:17:53.492  3957  4129 D WifiStateMachine:  ConnectedState !CMD_RSSI_POLL rt=504286705/1214660870 81 0 "ourhome" f4:6d:2f:12:cc:88 rssi=-45 f=5240 sc=60 link=433 tx=3.3, 0.0, 0.0  rx=13.3 bcn=31902 [on:0 tx:0 rx:0 period:72] from screen [on:122173 period:404673] score=60
10-17 16:17:53.494  3957  4129 D WifiStateMachine:  L2ConnectedState !CMD_RSSI_POLL rt=504286707/1214660871 81 0 "ourhome" f4:6d:2f:12:cc:88 rssi=-45 f=5240 sc=60 link=433 tx=3.3, 0.0, 0.0  rx=13.3 bcn=31902 [on:0 tx:0 rx:0 period:1] from screen [on:122173 period:404674] score=60
10-17 16:17:53.494  3957  4129 D WifiStateMachine:  get link layer stats 3
10-17 16:17:53.494  3436  3436 I android.hardware.wifi@1.0-service: getLinkLayerStats
10-17 16:17:53.507  6730  6777 W lacrima : FbErrorReportingConfig.earlyInit
10-17 16:17:53.512  5886  6150 I BatteryMgr:DataCollectionService: stats => 1697552273512,-50,4308,-132,0,99
10-17 16:17:53.513  3957  4129 D WifiStateMachine: fetchRssiLinkSpeedAndFrequencyNative rssi=-45 linkspeed=433 freq=5240
10-17 16:17:53.513  3957  4129 V WifiConfigManager: Updating scan detail cache freq=5240 BSSID=f4:6d:2f:12:cc:88 RSSI=-44 for "ourhome"WPA_PSK
10-17 16:17:53.515  6730  6780 W SoLoader: SoLoader initialized: 2
10-17 16:17:53.527  4340  4340 E SignalClusterView: setSlotFocusVisible : subId -2
10-17 16:17:53.527  4340  4340 E SignalClusterView: setSlotFocusVisible : subId -2
10-17 16:17:53.529  6730  6780 W FbSoLoader: Initialized FBSoLoader
10-17 16:17:53.530  6730  6780 W AppInitScheduler|Run:   Finished InitSharedLibraries in 181ms
10-17 16:17:53.531  6730  6780 W AppInitScheduler|Run: Running InitOxygenCrashReporter
10-17 16:17:53.531  6730  6780 W AppInitScheduler|Run:   Finished InitOxygenCrashReporter in 0ms
10-17 16:17:53.531  6730  6787 W AppInitScheduler|Run: Running FixArtDebugging [*]
10-17 16:17:53.531  6730  6787 W AppInitScheduler|Run:   Finished FixArtDebugging in 0ms
10-17 16:17:53.538  6730  6790 W AppInitScheduler|Run: Running InitClassFailureStapler
10-17 16:17:53.538  6730  6790 W AppInitScheduler|Run:   Finished InitClassFailureStapler in 0ms
10-17 16:17:53.542  6730  6789 W AppInitScheduler|Run: Running EnableExtraTracing
10-17 16:17:53.542  6730  6789 W AppInitScheduler|Run:   Finished EnableExtraTracing in 0ms
10-17 16:17:53.542  6730  6788 W AppInitScheduler|Run: Running GeneratePerfStats [*]
10-17 16:17:53.556  6730  6788 W AppInitScheduler|Run:   Finished GeneratePerfStats in 14ms
10-17 16:17:53.557  3559  3559 E audit   : type=1400 audit(1697552273.546:4269): avc:  denied  { read } for  pid=6788 comm="AppInit7" name="vmstat" dev="proc" ino=4026532216 scontext=u:r:untrusted_app:s0:c512,c768 tcontext=u:object_r:proc:s0 tclass=file permissive=0 SEPF_SM-J720F_8.0.0_0002 audit_filtered
10-17 16:17:53.558  3559  3559 E audit   : type=1300 audit(1697552273.546:4269): arch=40000028 syscall=322 per=8 success=no exit=-13 a0=ffffff9c a1=e35e1ab0 a2=20000 a3=0 items=0 ppid=3580 pid=6788 auid=4294967295 uid=10103 gid=10103 euid=10103 suid=10103 fsuid=10103 egid=10103 sgid=10103 fsgid=10103 tty=(none) ses=4294967295 comm="AppInit7" exe="/system/bin/app_process32" subj=u:r:untrusted_app:s0:c512,c768 key=(null)
10-17 16:17:53.558  3559  3559 E audit   : type=1327 audit(1697552273.546:4269): proctitle="com.facebook.katana"
10-17 16:17:53.581  6730  6777 W AppStateLoggerNative: AppStateLoggerNative.initializeNativeCrashReporting not called.
10-17 16:17:53.582  3559  3559 E audit   : type=1400 audit(1697552273.578:4270): avc:  denied  { read } for  pid=6777 comm="AppInit1" name="zoneinfo" dev="proc" ino=4026532217 scontext=u:r:untrusted_app:s0:c512,c768 tcontext=u:object_r:proc_zoneinfo:s0 tclass=file permissive=0 SEPF_SM-J720F_8.0.0_0002 audit_filtered
10-17 16:17:53.582  3559  3559 E audit   : type=1300 audit(1697552273.578:4270): arch=40000028 syscall=322 per=8 success=no exit=-13 a0=ffffff9c a1=e8403540 a2=20000 a3=0 items=0 ppid=3580 pid=6777 auid=4294967295 uid=10103 gid=10103 euid=10103 suid=10103 fsuid=10103 egid=10103 sgid=10103 fsgid=10103 tty=(none) ses=4294967295 comm="AppInit1" exe="/system/bin/app_process32" subj=u:r:untrusted_app:s0:c512,c768 key=(null)
10-17 16:17:53.583  3559  3559 E audit   : type=1327 audit(1697552273.578:4270): proctitle="com.facebook.katana"
10-17 16:17:53.583  6730  6777 W lacrima : Start JavaAppDeathCrashDetector... X.0pw
10-17 16:17:53.585  6730  6777 W lacrima : Sending pending reports
10-17 16:17:53.591  6730  6777 W AppInitScheduler|Run:   Finished ReliabilityInitConfigureErrorReportingOnProcess in 240ms
10-17 16:17:53.591  6730  6777 W AppInitScheduler|Run: Running LoadLibDexLoad [*]
10-17 16:17:53.620  5886  6150 I BatteryMgr:DataCollectionService: stats => 1697552273620,-50,4308,-132,0,99
10-17 16:17:53.681  6730  6777 W AppInitScheduler|Run:   Finished LoadLibDexLoad in 90ms
10-17 16:17:53.681  6730  6777 W AppInitScheduler|Run: Running LoadLibColdStart
10-17 16:17:53.682  6730  6781 W AppInitScheduler|Run: Running SetupFbGlog [*]
10-17 16:17:53.682  6730  6782 W AppInitScheduler|Run: Running InitCrashLoopMitigation
10-17 16:17:53.685  6730  6780 W AppInitScheduler|Run: Running InitDeadResourceDetection
10-17 16:17:53.685  6730  6780 W AppInitScheduler|Run:   Finished InitDeadResourceDetection in 0ms
10-17 16:17:53.688  6730  6781 W AppInitScheduler|Run:   Finished SetupFbGlog in 6ms
10-17 16:17:53.688  6730  6781 W AppInitScheduler|Run: Running InitClassTracing
10-17 16:17:53.688  6730  6788 W AppInitScheduler|Run: Running InitLacrimaEarlyNative
10-17 16:17:53.688  6730  6790 W AppInitScheduler|Run: Running DisableRuntimeVerification [*]
10-17 16:17:53.689  6730  6789 W AppInitScheduler|Run: Running MaybeTraceColdStart [*]
10-17 16:17:53.689  6730  6781 W AppInitScheduler|Run:   Finished InitClassTracing in 1ms
10-17 16:17:53.690  6730  6781 W AppInitScheduler|Run: Running InitMemoryTracer
10-17 16:17:53.690  6730  6781 W AppInitScheduler|Run:   Finished InitMemoryTracer in 1ms
10-17 16:17:53.691  6730  6790 W AppInitScheduler|Run:   Finished DisableRuntimeVerification in 3ms
10-17 16:17:53.691  6730  6790 W AppInitScheduler|Run: Running LoadDexes [*]
10-17 16:17:53.699  3957  9502 D SamsungAlarmManager: Cancel Alarm calling from uid:10025 pid :6630 / op:PendingIntent{3a2e6a3: PendingIntentRecord{3b40da0 com.google.android.gms broadcastIntent}}
10-17 16:17:53.706  6730  6790 W DexLibLoader: disabling background optimization
10-17 16:17:53.709  6730  6782 W dalvik-internals: sigaction64 not found, falling back
10-17 16:17:53.709  6730  6782 W dalvik-internals: sigaction succeeded
10-17 16:17:53.726  5886  6150 I BatteryMgr:DataCollectionService: stats => 1697552273726,-50,4308,-132,0,99
10-17 16:17:53.731  6730  6790 W DexLibLoader: Loading /data/user/0/com.facebook.katana/dex with compressed oreo startup logic
10-17 16:17:53.733  6730  6790 W DexLibLoader: Build id used for apk identification
10-17 16:17:53.737  6730  6790 W DexLibLoader: Build id used for apk identification
10-17 16:17:53.759  3957  9502 D SamsungAlarmManager: Cancel Alarm calling from uid:10025 pid :6630 / op:PendingIntent{990bd59: PendingIntentRecord{3b40da0 com.google.android.gms broadcastIntent}}
10-17 16:17:53.808  3957  4128 D WifiService: getConnectionInfo uid=1000
10-17 16:17:53.824  6730  6782 D dalvik-internals: SuspendArt: Found all symbols
10-17 16:17:53.825  6730  6782 D dalvik-internals: SuspendArt: Suspending threads.
10-17 16:17:53.836  5886  6150 I BatteryMgr:DataCollectionService: stats => 1697552273836,-50,4308,-132,0,99
10-17 16:17:53.838  6730  6782 D dalvik-internals: SuspendArt: Resuming threads.
10-17 16:17:53.841  6730  6782 V dalvik-internals: hooked signal using trap ()
10-17 16:17:53.844  6730  6782 V dalvik-internals: hooked sysv_signal using trap ()
10-17 16:17:53.845  6730  6782 V dalvik-internals: hooked bsd_signal using trap ()
10-17 16:17:53.845  6730  6782 V dalvik-internals: hooked sigaction using trap ()
10-17 16:17:53.846  6730  6782 I dalvik-internals: integrateWithCrashLog crashlog: /data/user/0/com.facebook.katana/crash_log, insta_crashlog: /data/user/0/com.facebook.katana/insta_crash_log
10-17 16:17:53.846  6730  6782 I dalvik-internals: installed sigmux crash handler for crash log
10-17 16:17:53.846  6730  6782 W AppInitScheduler|Run:   Finished InitCrashLoopMitigation in 164ms
10-17 16:17:53.848  6730  6790 D dalvik-internals: SuspendArt: Found all symbols
10-17 16:17:53.849  6730  6790 D dalvik-internals: SuspendArt: Suspending threads.
10-17 16:17:53.851  6730  6790 V dalvik-internals: Hooking function _ZN3art11annotations16GetLineNumFromPCEPKNS_7DexFileEPNS_9ArtMethodEj
10-17 16:17:53.851  6730  6790 V dalvik-internals: hooked _ZN3art11annotations16GetLineNumFromPCEPKNS_7DexFileEPNS_9ArtMethodEj using jump ()
10-17 16:17:53.851  6730  6790 D dalvik-internals: SuspendArt: Resuming threads.
10-17 16:17:53.855  6730  6788 W lacrima : The minidump file is empty!
10-17 16:17:53.860  6730  6788 W lacrima : Start AnrAppDeathDetector... X.00i
10-17 16:17:53.864  6730  6789 W AppInitScheduler|Run:   Finished MaybeTraceColdStart in 175ms
10-17 16:17:53.947  6730  6777 W AppInitScheduler|Run:   Finished LoadLibColdStart in 265ms
10-17 16:17:53.947  6730  6777 W AppInitScheduler|Run: Running FixAndroidBugs
10-17 16:17:53.947  5886  6150 I BatteryMgr:DataCollectionService: stats => 1697552273947,-50,4308,-132,0,99
10-17 16:17:53.947  6730  6783 W AppInitScheduler|Run: Running InitJit
10-17 16:17:53.949  6730  6777 W AppInitScheduler|Run:   Finished FixAndroidBugs in 2ms
10-17 16:17:53.949  6730  6783 W AppInitScheduler|Run:   Finished InitJit in 1ms
10-17 16:17:53.949  6537  6574 I System.out: (HTTPLog)-Static: isSBSettingEnabled false
10-17 16:17:53.950  6537  6574 I System.out: (HTTPLog)-Static: isSBSettingEnabled false
10-17 16:17:53.953  3599  3918 D DnsProxyListener: DNSDBG::dns addrinfo af 0
10-17 16:17:53.962  6730  6788 E HeliumCrashReporter: Pending crash path /data/data/com.facebook.katana/cache/webview_embedded/Helium Crashpad/pending/ is not a directory
10-17 16:17:53.962  6730  6788 W AppInitScheduler|Run:   Finished InitLacrimaEarlyNative in 274ms
10-17 16:17:53.965  6730  6809 V AospBugFixOpts: set AOSP bug fix jboolean EnableAospBugFixes: bugFixOpt -> enable = 0. Given 0
10-17 16:17:53.966  6730  6790 I zygote  : no shared libraies, dex_files: 0
10-17 16:17:54.054  5886  6150 I BatteryMgr:DataCollectionService: stats => 1697552274054,-50,4308,-132,0,99
10-17 16:17:54.159  5886  6150 I BatteryMgr:DataCollectionService: stats => 1697552274159,-50,4308,-132,0,99
10-17 16:17:54.208  6661  6661 E Typeface: Error mapping font file /system/fonts/SamsungSans-Num3L.ttf
10-17 16:17:54.208  6661  6661 E Minikin : Could not get cmap table size!
10-17 16:17:54.208  6661  6661 E Typeface: Unable to load Family: samsung-sans-num3L:null
10-17 16:17:54.209  6661  6661 E Typeface: Error mapping font file /system/fonts/SamsungSans-Num3T.ttf
10-17 16:17:54.209  6661  6661 E Minikin : Could not get cmap table size!
10-17 16:17:54.209  6661  6661 E Typeface: Unable to load Family: samsung-sans-num3T:null
10-17 16:17:54.209  6661  6661 E Typeface: Error mapping font file /system/fonts/SamsungSans-Num4L.ttf
10-17 16:17:54.209  6661  6661 E Minikin : Could not get cmap table size!
10-17 16:17:54.210  6661  6661 E Typeface: Unable to load Family: samsung-sans-num4L:null
10-17 16:17:54.210  6661  6661 E Typeface: Error mapping font file /system/fonts/SamsungSans-Num4T.ttf
10-17 16:17:54.210  6661  6661 E Minikin : Could not get cmap table size!
10-17 16:17:54.210  6661  6661 E Typeface: Unable to load Family: samsung-sans-num4T:null
10-17 16:17:54.210  6661  6661 E Typeface: Error mapping font file /system/fonts/SamsungSans-Num35.ttf
10-17 16:17:54.210  6661  6661 E Minikin : Could not get cmap table size!
10-17 16:17:54.210  6661  6661 E Typeface: Unable to load Family: samsung-sans-num35:null
10-17 16:17:54.211  6661  6661 E Typeface: Error mapping font file /system/fonts/SamsungSans-Num45.ttf
10-17 16:17:54.211  6661  6661 E Minikin : Could not get cmap table size!
10-17 16:17:54.211  6661  6661 E Typeface: Unable to load Family: samsung-sans-num45:null
10-17 16:17:54.211  6661  6661 E Typeface: Error mapping font file /system/fonts/SamsungSans-Num3Lv.ttf
10-17 16:17:54.212  6661  6661 E Minikin : Could not get cmap table size!
10-17 16:17:54.212  6661  6661 E Typeface: Unable to load Family: samsung-sans-num3LV:null
10-17 16:17:54.212  6661  6661 E Typeface: Error mapping font file /system/fonts/SamsungSans-Num3R.ttf
10-17 16:17:54.212  6661  6661 E Minikin : Could not get cmap table size!
10-17 16:17:54.212  6661  6661 E Typeface: Unable to load Family: samsung-sans-num3R:null
10-17 16:17:54.212  6661  6661 E Typeface: Error mapping font file /system/fonts/SamsungSans-Num4Tv.ttf
10-17 16:17:54.213  6661  6661 E Minikin : Could not get cmap table size!
10-17 16:17:54.213  6661  6661 E Typeface: Unable to load Family: samsung-sans-num4Tv:null
10-17 16:17:54.213  6661  6661 E Typeface: Error mapping font file /system/fonts/SamsungSans-Num4Lv.ttf
10-17 16:17:54.213  6661  6661 E Minikin : Could not get cmap table size!
10-17 16:17:54.213  6661  6661 E Typeface: Unable to load Family: samsung-sans-num4Lv:null
10-17 16:17:54.230  6730  6790 W AppInitScheduler|Run:   Finished LoadDexes in 538ms
10-17 16:17:54.231  6730  6780 W AppInitScheduler|Run: Running AddMainDexStoreInfoToReliabilityLogging
10-17 16:17:54.231  6730  6782 W AppInitScheduler|Run: Running ConfigureJitAfterDexesLoad
10-17 16:17:54.231  6730  6789 W AppInitScheduler|Run: Running FreeApkZipToReduceMemoryUsage
10-17 16:17:54.231  6730  6781 W AppInitScheduler|Run: Running MprotectCode
10-17 16:17:54.231  6730  6782 W AppInitScheduler|Run:   Finished ConfigureJitAfterDexesLoad in 0ms
10-17 16:17:54.231  6730  6789 W AppInitScheduler|Run:   Finished FreeApkZipToReduceMemoryUsage in 0ms
10-17 16:17:54.231  6730  6787 W AppInitScheduler|Run: Running LoadVoltronModules [*]
10-17 16:17:54.232  6730  6781 W AppInitScheduler|Run:   Finished MprotectCode in 1ms
10-17 16:17:54.232  6730  6781 W AppInitScheduler|Run: Running MlockCode
10-17 16:17:54.232  6730  6780 W AppInitScheduler|Run:   Finished AddMainDexStoreInfoToReliabilityLogging in 1ms
10-17 16:17:54.235  6730  6781 W AppInitScheduler|Run:   Finished MlockCode in 3ms
10-17 16:17:54.236  3559  3559 E audit   : type=1400 audit(1697552274.230:4271): avc:  denied  { execmod } for  pid=6813 comm=4173796E635461736B202332 path=2F6465762F6173686D656D2F64616C76696B2D2F646174612F6170702F636F6D2E66616365626F6F6B2E6B6174616E612D325039425A356E663451574B444C4F6665332D4858513D3D2F6F61742F61726D2F626173652E6172745F363733305F36373330202864656C6574656429 dev="tmpfs" ino=8576849 scontext=u:r:untrusted_app:s0:c512,c768 tcontext=u:object_r:untrusted_app_tmpfs:s0:c512,c768 tclass=file permissive=0 SEPF_SM-J720F_8.0.0_0002 audit_filtered
10-17 16:17:54.236  3559  3559 E audit   : type=1300 audit(1697552274.230:4271): arch=40000028 syscall=125 per=8 success=no exit=-13 a0=76f3c000 a1=37000 a2=4 a3=c1fff3b0 items=0 ppid=3580 pid=6813 auid=4294967295 uid=10103 gid=10103 euid=10103 suid=10103 fsuid=10103 egid=10103 sgid=10103 fsgid=10103 tty=(none) ses=4294967295 comm=4173796E635461736B202332 exe="/system/bin/app_process32" subj=u:r:untrusted_app:s0:c512,c768 key=(null)
10-17 16:17:54.236  3559  3559 E audit   : type=1327 audit(1697552274.230:4271): proctitle="com.facebook.katana"
10-17 16:17:54.237  3559  3559 E audit   : type=1400 audit(1697552274.230:4272): avc:  denied  { execmod } for  pid=6813 comm=4173796E635461736B202332 path=2F6465762F6173686D656D2F64616C76696B2D2F646174612F646174612F636F6D2E66616365626F6F6B2E6B6174616E612F6465782F6F61742F61726D2F7A2D343431316437316531656134316261626134393739646561623832356362313038326336323633372E6172745F363733305F36373930202864656C6574656429 dev="tmpfs" ino=8603214 scontext=u:r:untrusted_app:s0:c512,c768 tcontext=u:object_r:untrusted_app_tmpfs:s0:c512,c768 tclass=file permissive=0 SEPF_SM-J720F_8.0.0_0002 audit_filtered
10-17 16:17:54.237  3559  3559 E audit   : type=1300 audit(1697552274.230:4272): arch=40000028 syscall=125 per=8 success=no exit=-13 a0=c162f000 a1=712000 a2=4 a3=c1fff3b0 items=0 ppid=3580 pid=6813 auid=4294967295 uid=10103 gid=10103 euid=10103 suid=10103 fsuid=10103 egid=10103 sgid=10103 fsgid=10103 tty=(none) ses=4294967295 comm=4173796E635461736B202332 exe="/system/bin/app_process32" subj=u:r:untrusted_app:s0:c512,c768 key=(null)
10-17 16:17:54.237  3559  3559 E audit   : type=1327 audit(1697552274.230:4272): proctitle="com.facebook.katana"
10-17 16:17:54.238  6661  6661 I cr_ChildProcessService: Creating new ChildProcessService pid=6661
10-17 16:17:54.247  3559  3559 E audit   : type=1400 audit(1697552274.242:4273): avc:  denied  { execmod } for  pid=6813 comm=4173796E635461736B202332 path="/system/lib/libsoundextractor.so" dev="dm-0" ino=2788 scontext=u:r:untrusted_app:s0:c512,c768 tcontext=u:object_r:system_file:s0 tclass=file permissive=0 SEPF_SM-J720F_8.0.0_0002 audit_filtered
10-17 16:17:54.247  3559  3559 E audit   : type=1300 audit(1697552274.242:4273): arch=40000028 syscall=125 per=8 success=no exit=-13 a0=e3564000 a1=1000 a2=5 a3=c1fff3b0 items=0 ppid=3580 pid=6813 auid=4294967295 uid=10103 gid=10103 euid=10103 suid=10103 fsuid=10103 egid=10103 sgid=10103 fsgid=10103 tty=(none) ses=4294967295 comm=4173796E635461736B202332 exe="/system/bin/app_process32" subj=u:r:untrusted_app:s0:c512,c768 key=(null)
10-17 16:17:54.247  3559  3559 E audit   : type=1327 audit(1697552274.242:4273): proctitle="com.facebook.katana"
10-17 16:17:54.248  3559  3559 E audit   : type=1400 audit(1697552274.242:4274): avc:  denied  { execmod } for  pid=6813 comm=4173796E635461736B202332 path="/system/lib/libart-dexlayout.so" dev="dm-0" ino=2489 scontext=u:r:untrusted_app:s0:c512,c768 tcontext=u:object_r:system_file:s0 tclass=file permissive=0 SEPF_SM-J720F_8.0.0_0002 audit_filtered
10-17 16:17:54.248  3559  3559 E audit   : type=1300 audit(1697552274.242:4274): arch=40000028 syscall=125 per=8 success=no exit=-13 a0=e87e8000 a1=1000 a2=5 a3=c1fff3b0 items=0 ppid=3580 pid=6813 auid=4294967295 uid=10103 gid=10103 euid=10103 suid=10103 fsuid=10103 egid=10103 sgid=10103 fsgid=10103 tty=(none) ses=4294967295 comm=4173796E635461736B202332 exe="/system/bin/app_process32" subj=u:r:untrusted_app:s0:c512,c768 key=(null)
10-17 16:17:54.248  3559  3559 E audit   : type=1327 audit(1697552274.242:4274): proctitle="com.facebook.katana"
10-17 16:17:54.261  6661  6661 E WebViewFactory: can't load with relro file; address space not reserved
10-17 16:17:54.265  5886  6150 I BatteryMgr:DataCollectionService: stats => 1697552274264,-50,4308,-132,0,99
10-17 16:17:54.266  6730  6787 E VoltronModuleManager: Unable to load installed module dittomodule
10-17 16:17:54.266  6730  6787 E VoltronModuleManager: X.14F: Module: dittomodule not found in path: /data/data/com.facebook.katana/modules/dittomodule_cd43134a63031703619c237600d9a9be64252fa920739563256d84cf0de18a80/download.zip
10-17 16:17:54.266  6730  6787 E VoltronModuleManager: 	at X.00G.A04(:230)
10-17 16:17:54.266  6730  6787 E VoltronModuleManager: 	at X.00G.A05(:3)
10-17 16:17:54.266  6730  6787 E VoltronModuleManager: 	at X.11A.Bx8(:2190)
10-17 16:17:54.266  6730  6787 E VoltronModuleManager: 	at X.11q.run(:104)
10-17 16:17:54.266  6730  6787 E VoltronModuleManager: 	at java.util.concurrent.ThreadPoolExecutor.runWorker(ThreadPoolExecutor.java:1162)
10-17 16:17:54.266  6730  6787 E VoltronModuleManager: 	at java.util.concurrent.ThreadPoolExecutor$Worker.run(ThreadPoolExecutor.java:636)
10-17 16:17:54.266  6730  6787 E VoltronModuleManager: 	at X.0m8.run(:8)
10-17 16:17:54.266  6730  6787 E VoltronModuleManager: 	at java.lang.Thread.run(Thread.java:764)
10-17 16:17:54.267  6730  6787 E VoltronAppInit: Error loading installed modules
10-17 16:17:54.267  6730  6787 E VoltronAppInit: X.14F: Module: dittomodule not found in path: /data/data/com.facebook.katana/modules/dittomodule_cd43134a63031703619c237600d9a9be64252fa920739563256d84cf0de18a80/download.zip
10-17 16:17:54.267  6730  6787 E VoltronAppInit: 	at X.00G.A04(:230)
10-17 16:17:54.267  6730  6787 E VoltronAppInit: 	at X.00G.A05(:3)
10-17 16:17:54.267  6730  6787 E VoltronAppInit: 	at X.11A.Bx8(:2190)
10-17 16:17:54.267  6730  6787 E VoltronAppInit: 	at X.11q.run(:104)
10-17 16:17:54.267  6730  6787 E VoltronAppInit: 	at java.util.concurrent.ThreadPoolExecutor.runWorker(ThreadPoolExecutor.java:1162)
10-17 16:17:54.267  6730  6787 E VoltronAppInit: 	at java.util.concurrent.ThreadPoolExecutor$Worker.run(ThreadPoolExecutor.java:636)
10-17 16:17:54.267  6730  6787 E VoltronAppInit: 	at X.0m8.run(:8)
10-17 16:17:54.267  6730  6787 E VoltronAppInit: 	at java.lang.Thread.run(Thread.java:764)
10-17 16:17:54.268  6730  6787 W AppInitScheduler|Run:   Finished LoadVoltronModules in 37ms
10-17 16:17:54.268  6730  6787 W AppInitScheduler|Run: Running CreateApplicationImpl [*]
10-17 16:17:54.293  6730  6787 W AppInitScheduler|Run:   Finished CreateApplicationImpl in 25ms
10-17 16:17:54.296  6730  6786 W FBInjector: Setting Application: com.facebook.katana.app.FacebookApplication@b3a5d1 with classloader: dalvik.system.PathClassLoader@244837624
10-17 16:17:54.308  6730  6782 W AppInitScheduler|Run: Running GatekeeperStoreInitializer [*]
10-17 16:17:54.308  6730  6788 W AppInitScheduler|Run: Running FbSharedPreferenceInitializer [*]
10-17 16:17:54.308  6730  6789 W AppInitScheduler|Run: Running InitAuthentication [*]
10-17 16:17:54.308  6730  6790 W AppInitScheduler|Run: Running InitExecutors [*]
10-17 16:17:54.308  6730  6777 W AppInitScheduler|Run: Running InitAppModuleFallbackLoader [*]
10-17 16:17:54.308  6730  6780 W AppInitScheduler|Run: Running FbSharedPreferenceInitializerAsync
10-17 16:17:54.308  6730  6781 W AppInitScheduler|Run: Running EarliestPossibleColdStartClassPreloadStarter
10-17 16:17:54.309  6730  6783 W AppInitScheduler|Run: Running ZeroABTestStaticBootstrap
10-17 16:17:54.309  6730  6787 W AppInitScheduler|Run: Running AddProcessNameToErrorReport
10-17 16:17:54.310  6730  6786 W OnApplicationInitInvoker: Ignored missing AppInit dependency: 115:MessengerMCPPluginInitializer
10-17 16:17:54.311  6730  6783 W AppInitScheduler|Run:   Finished ZeroABTestStaticBootstrap in 2ms
10-17 16:17:54.311  6730  6783 W AppInitScheduler|Run: Running AsyncStartLooperMonitor
10-17 16:17:54.313  6730  6787 W AppInitScheduler|Run:   Finished AddProcessNameToErrorReport in 4ms
10-17 16:17:54.313  6730  6787 W AppInitScheduler|Run: Running CNFEExperimentAppInit
10-17 16:17:54.313  6730  6787 W CNFEExperimentAppInit: Nothing to do!
10-17 16:17:54.313  6730  6787 W AppInitScheduler|Run:   Finished CNFEExperimentAppInit in 0ms
10-17 16:17:54.313  6730  6787 W AppInitScheduler|Run: Running DalvikInternalsOnColdStartEnd
10-17 16:17:54.314  6730  6787 W AppInitScheduler|Run:   Finished DalvikInternalsOnColdStartEnd in 0ms
10-17 16:17:54.314  6730  6787 W AppInitScheduler|Run: Running FbMCPPluginInitializer
10-17 16:17:54.314  6730  6787 W AppInitScheduler|Run:   Finished FbMCPPluginInitializer in 0ms
10-17 16:17:54.314  6730  6787 W AppInitScheduler|Run: Running FixieActivityManagerHook
10-17 16:17:54.315  6730  6783 W AppInitScheduler|Run:   Finished AsyncStartLooperMonitor in 5ms
10-17 16:17:54.316  6730  6783 W AppInitScheduler|Run: Running FixieLimitNativeStackSize
10-17 16:17:54.318  6730  6777 W AppInitScheduler|Run:   Finished InitAppModuleFallbackLoader in 10ms
10-17 16:17:54.318  6730  6777 W AppInitScheduler|Run: Running InitAppChoreographer
10-17 16:17:54.328  6730  6783 W Fixie   : Initialize LimitNativeStackSizeFixer
10-17 16:17:54.328  6730  6777 W AppInitScheduler|Run:   Finished InitAppChoreographer in 10ms
10-17 16:17:54.328  6730  6777 W AppInitScheduler|Run: Running HandleAppComponentsForPreTosBuild
10-17 16:17:54.329  6730  6787 W Fixie   : Initialize ActivityManagerProtector
10-17 16:17:54.333  6730  6777 W AppInitScheduler|Run:   Finished HandleAppComponentsForPreTosBuild in 5ms
10-17 16:17:54.333  6730  6777 W AppInitScheduler|Run: Running INeedInitForEventBusRegister
10-17 16:17:54.338  6730  6777 W AppInitScheduler|Run:   Finished INeedInitForEventBusRegister in 5ms
10-17 16:17:54.338  6730  6777 W AppInitScheduler|Run: Running INeedInitForGatekeepersListenerRegister
10-17 16:17:54.340  6730  6782 W AppInitScheduler|Run:   Finished GatekeeperStoreInitializer in 32ms
10-17 16:17:54.341  6730  6782 W AppInitScheduler|Run: Running InitAndroidX
10-17 16:17:54.341  6730  6782 W AppInitScheduler|Run:   Finished InitAndroidX in 0ms
10-17 16:17:54.341  6730  6782 W AppInitScheduler|Run: Running InitFury
10-17 16:17:54.344  6730  6783 W AppInitScheduler|Run:   Finished FixieLimitNativeStackSize in 28ms
10-17 16:17:54.344  6730  6783 W AppInitScheduler|Run: Running InitGrimsey
10-17 16:17:54.345  6730  6783 W AppInitScheduler|Run:   Finished InitGrimsey in 0ms
10-17 16:17:54.345  6730  6783 W AppInitScheduler|Run: Running InitHelium
10-17 16:17:54.362  6730  6788 W AppInitScheduler|Run:   Finished FbSharedPreferenceInitializer in 54ms
10-17 16:17:54.362  6730  6788 W AppInitScheduler|Run: Running ComposerSavedSessionStoreInitializer
10-17 16:17:54.362  6730  6790 W AppInitScheduler|Run:   Finished InitExecutors in 54ms
10-17 16:17:54.362  6730  6790 W AppInitScheduler|Run: Running MobileConfigSessionlessInit [*]
10-17 16:17:54.372  5886  6150 I BatteryMgr:DataCollectionService: stats => 1697552274371,-50,4308,-132,0,99
10-17 16:17:54.381  6730  6788 W AppInitScheduler|Run:   Finished ComposerSavedSessionStoreInitializer in 19ms
10-17 16:17:54.382  6730  6788 W AppInitScheduler|Run: Running StringResourcesDelegate [*]
10-17 16:17:54.384  6730  6777 W AppInitScheduler|Run:   Finished INeedInitForGatekeepersListenerRegister in 45ms
10-17 16:17:54.384  6730  6777 W AppInitScheduler|Run: Running RunPerfMarkers [*]
10-17 16:17:54.401  6730  6787 W AppInitScheduler|Run:   Finished FixieActivityManagerHook in 87ms
10-17 16:17:54.401  6730  6787 W AppInitScheduler|Run: Running InitLacrimaLaterInit
10-17 16:17:54.402  6730  6787 W lacrima : FbErrorReportingConfig.laterInit
10-17 16:17:54.411  6730  6782 W AppInitScheduler|Run:   Finished InitFury in 70ms
10-17 16:17:54.411  6730  6782 W AppInitScheduler|Run: Running InitLogging
10-17 16:17:54.414  6730  6783 W AppInitScheduler|Run:   Finished InitHelium in 69ms
10-17 16:17:54.414  6730  6783 W AppInitScheduler|Run: Running InitMallocHooks
10-17 16:17:54.420  3957  4129 D WifiStateMachine:  ConnectedState !RSSI_PKTCNT_FETCH uid=1000 rt=504287633/1214661797 0 0 "ourhome" f4:6d:2f:12:cc:88 rssi=-45 f=5240 sc=60 link=433 tx=3.7, 0.0, 0.0  rx=11.8 bcn=31931 [on:0 tx:0 rx:0 period:896] from screen [on:123651 period:405601] score=60
10-17 16:17:54.422  3957  4129 D WifiStateMachine:  L2ConnectedState !RSSI_PKTCNT_FETCH uid=1000 rt=504287635/1214661799 0 0 "ourhome" f4:6d:2f:12:cc:88 rssi=-45 f=5240 sc=60 link=433 tx=3.7, 0.0, 0.0  rx=11.8 bcn=31931 [on:0 tx:0 rx:0 period:2] from screen [on:123651 period:405603] score=60
10-17 16:17:54.427  6730  6782 W fb4a.AppInitScheduler|Run:   Finished InitLogging in 15ms
10-17 16:17:54.427  6730  6782 W fb4a.AppInitScheduler|Run: Running InitSurfaces
10-17 16:17:54.428  3957  4129 D WifiStateMachine: fetchRssiLinkSpeedAndFrequencyNative rssi=-44 linkspeed=433 freq=5240
10-17 16:17:54.428  3957  4129 V WifiConfigManager: Updating scan detail cache freq=5240 BSSID=f4:6d:2f:12:cc:88 RSSI=-44 for "ourhome"WPA_PSK
10-17 16:17:54.436  6730  6782 W fb4a.AppInitScheduler|Run:   Finished InitSurfaces in 9ms
10-17 16:17:54.437  6730  6782 W fb4a.AppInitScheduler|Run: Running InitSystrace
10-17 16:17:54.438  6730  6777 W fb4a.AppInitScheduler|Run:   Finished RunPerfMarkers in 53ms
10-17 16:17:54.438  6730  6777 W fb4a.AppInitScheduler|Run: Running JemallocSetRetainInitializer
10-17 16:17:54.438  6730  6782 W fb4a.AppInitScheduler|Run:   Finished InitSystrace in 0ms
10-17 16:17:54.439  6730  6782 W fb4a.AppInitScheduler|Run: Running LazyCustomErrorDataInitializer
10-17 16:17:54.441  6730  6777 W fb4a.AppInitScheduler|Run:   Finished JemallocSetRetainInitializer in 2ms
10-17 16:17:54.442  6730  6777 W fb4a.AppInitScheduler|Run: Running LimitJemallocRetainSize
10-17 16:17:54.442  6730  6777 W fb4a.AppInitScheduler|Run:   Finished LimitJemallocRetainSize in 0ms
10-17 16:17:54.442  6730  6777 W fb4a.AppInitScheduler|Run: Running LogController
10-17 16:17:54.446  6730  6783 W fb4a.AppInitScheduler|Run:   Finished InitMallocHooks in 32ms
10-17 16:17:54.447  6730  6788 W fb4a.FrscLanguagePackLoader: Loading FRSC strings for locale (en_GB)
10-17 16:17:54.447  6730  6783 W fb4a.AppInitScheduler|Run: Running RegisterFrameRateTraceListener
10-17 16:17:54.447  6730  6783 W fb4a.AppInitScheduler|Run:   Finished RegisterFrameRateTraceListener in 1ms
10-17 16:17:54.448  6730  6783 W fb4a.AppInitScheduler|Run: Running RegisterMainLooperTracer
10-17 16:17:54.449  6730  6790 W fb4a.AppInitScheduler|Run:   Finished MobileConfigSessionlessInit in 86ms
10-17 16:17:54.449  6730  6790 W fb4a.AppInitScheduler|Run: Running ReleaseDeferredBroadcastReceiver
10-17 16:17:54.450  6730  6783 W fb4a.AppInitScheduler|Run:   Finished RegisterMainLooperTracer in 0ms
10-17 16:17:54.451  6730  6783 W fb4a.AppInitScheduler|Run: Running SetupDynaBuilds
10-17 16:17:54.451  6730  6790 W fb4a.AppInitScheduler|Run:   Finished ReleaseDeferredBroadcastReceiver in 2ms
10-17 16:17:54.451  6730  6790 W fb4a.AppInitScheduler|Run: Running SetupSmartGc
10-17 16:17:54.451  6730  6783 W fb4a.AppInitScheduler|Run:   Finished SetupDynaBuilds in 0ms
10-17 16:17:54.452  6730  6783 W fb4a.AppInitScheduler|Run: Running StaticGraphServiceFactoryInitializer
10-17 16:17:54.457  6730  6789 W fb4a.AppInitScheduler|Run:   Finished InitAuthentication in 149ms
10-17 16:17:54.457  6730  6789 W fb4a.AppInitScheduler|Run: Running MobileConfigAdminIdInit [*]
10-17 16:17:54.458  6730  6789 W fb4a.AppInitScheduler|Run:   Finished MobileConfigAdminIdInit in 0ms
10-17 16:17:54.459  6730  6789 W fb4a.AppInitScheduler|Run: Running MobileConfigInit [*]
10-17 16:17:54.459  6730  6782 W fb4a.AppInitScheduler|Run:   Finished LazyCustomErrorDataInitializer in 20ms
10-17 16:17:54.459  6730  6782 W fb4a.AppInitScheduler|Run: Running EagerInitTigonLiger
10-17 16:17:54.467  6730  6788 W fb4a.AppInitScheduler|Run:   Finished StringResourcesDelegate in 85ms
10-17 16:17:54.467  6730  6788 W fb4a.AppInitScheduler|Run: Running ErrorReporterSecondaryInit
10-17 16:17:54.480  5886  6150 I BatteryMgr:DataCollectionService: stats => 1697552274480,-50,4308,-132,0,99
10-17 16:17:54.494  6730  6790 W fb4a.AppInitScheduler|Run:   Finished SetupSmartGc in 43ms
10-17 16:17:54.495  6730  6790 W fb4a.AppInitScheduler|Run: Running INeedInitForSharedPrefsListenerRegister
10-17 16:17:54.525  6730  6789 W fb4a.AppInitScheduler|Run:   Finished MobileConfigInit in 66ms
10-17 16:17:54.525  6730  6789 W fb4a.AppInitScheduler|Run: Running AnalyticsLoggerInit [*]
10-17 16:17:54.540  6730  6830 W fb4a.FrscLanguagePackLoader: FRSC English strings buffer size - (limit : 744280, capacity : 744280)
10-17 16:17:54.550  6730  6783 W fb4a.AppInitScheduler|Run:   Finished StaticGraphServiceFactoryInitializer in 97ms
10-17 16:17:54.550  6730  6783 W fb4a.AppInitScheduler|Run: Running FdidInitSync [*]
10-17 16:17:54.560  6730  6783 W fb4a.AppInitScheduler|Run:   Finished FdidInitSync in 9ms
10-17 16:17:54.560  6730  6783 W fb4a.AppInitScheduler|Run: Running LithoConfiguration [*]
10-17 16:17:54.591  5886  6150 I BatteryMgr:DataCollectionService: stats => 1697552274591,-50,4308,-132,0,99
10-17 16:17:54.599  6730  6783 W fb4a.AppInitScheduler|Run:   Finished LithoConfiguration in 38ms
10-17 16:17:54.600  6730  6783 W fb4a.AppInitScheduler|Run: Running RunEarlyInitForActivity [*]
10-17 16:17:54.600  6730  6783 W fb4a.AppInitScheduler|Run:   Finished RunEarlyInitForActivity in 1ms
10-17 16:17:54.601  6730  6783 W fb4a.AppInitScheduler|Run: Running StartupQPLInit
10-17 16:17:54.605  6730  6789 W fb4a.EndToEndAnalyticsEventListener: WRITE_ANALYTICS_TO_LOGCAT = null, EndToEnd.isRunningEndToEndTest() = false
10-17 16:17:54.606  6730  6783 W fb4a.QuickPerformanceLoggerModule: Providing QPL... begin
10-17 16:17:54.617  6730  6787 W fb4a.SigquitDetectorLacrima: nativeInit
10-17 16:17:54.620  6730  6787 W fb4a.lacrima: Start AnrDetector... com.facebook.acra.anr.multisignal.MultiSignalANRDetector
10-17 16:17:54.621  6730  6787 W fb4a.MultiSignalANRDetectorLacrima: Starting
10-17 16:17:54.622  6730  6787 W fb4a.ProcessAnrErrorMonitor: startMonitoring with delay: 0
10-17 16:17:54.635  6730  6789 W fb4a.AppInitScheduler|Run:   Finished AnalyticsLoggerInit in 110ms
10-17 16:17:54.635  6730  6789 W fb4a.AppInitScheduler|Run: Running PreloadWordmark [*]
10-17 16:17:54.649  6730  6840 W fb4a.ProcessAnrErrorMonitor: Starting process monitor checks for process 'com.facebook.katana'
10-17 16:17:54.649  6730  6840 W fb4a.MultiSignalANRDetectorLacrima: Started monitoring
10-17 16:17:54.654  6730  6787 W ApiBlockListExemption: We Succeeded getting the needed hidden api deps on this platform. Can we try to remove hidden APIs: Yes. Got Class.forName with ClassLoader: No
10-17 16:17:54.669  6730  6787 W HiddenApis: Cannot call sun.reflect.Reflection.getCallerClass on this platformErr java.lang.NoSuchMethodError: No static method getCallerClass()Ljava/lang/Class; in class Lsun/reflect/Reflection; or its super classes (declaration of 'sun.reflect.Reflection' appears in /system/framework/core-oj.jar)
10-17 16:17:54.672  6730  6780 W fb4a.AppInitScheduler|Run:   Finished FbSharedPreferenceInitializerAsync in 363ms
10-17 16:17:54.673  6730  6787 W HiddenApis: Cannot call jdk.internal.reflect.Reflection.getCallerClass on this platformErr java.lang.NoClassDefFoundError: Failed resolution of: Ljdk/internal/reflect/Reflection;
10-17 16:17:54.674  6730  6780 W fb4a.AppInitScheduler|Run: Running EagerInitImagePipeline [*]
10-17 16:17:54.675  6730  6777 W fb4a.AppInitScheduler|Run:   Finished LogController in 233ms
10-17 16:17:54.675  6730  6777 W fb4a.AppInitScheduler|Run: Running AnalyticsInit
10-17 16:17:54.679  6730  6788 W fb4a.AppInitScheduler|Run:   Finished ErrorReporterSecondaryInit in 212ms
10-17 16:17:54.679  6730  6788 W fb4a.AppInitScheduler|Run: Running ClientCacheEdgeManagerInitializer
10-17 16:17:54.680  6730  6788 W fb4a.AppInitScheduler|Run:   Finished ClientCacheEdgeManagerInitializer in 0ms
10-17 16:17:54.681  3957  4650 W StorageManager: getStorageLowBytes lowPercent : 5, lowBytes : 1260145254, maxLowBytes : 524288000
10-17 16:17:54.684  6730  6788 W fb4a.AppInitScheduler|Run: Running DownloadedFbResources
10-17 16:17:54.694  6730  6777 W fb4a.AppInitScheduler|Run:   Finished AnalyticsInit in 19ms
10-17 16:17:54.694  6730  6777 W fb4a.AppInitScheduler|Run: Running Fb4aReactEagerInitHotMCUnpacker
10-17 16:17:54.695  6730  6790 W fb4a.AppInitScheduler|Run:   Finished INeedInitForSharedPrefsListenerRegister in 200ms
10-17 16:17:54.695  6730  6790 W fb4a.AppInitScheduler|Run: Running NotifyAppStateManagerOnCreateComplete
10-17 16:17:54.697  5886  6150 I BatteryMgr:DataCollectionService: stats => 1697552274697,-50,4308,-132,0,99
10-17 16:17:54.698  6730  6790 W fb4a.AppInitScheduler|Run:   Finished NotifyAppStateManagerOnCreateComplete in 2ms
10-17 16:17:54.699  6730  6790 W fb4a.AppInitScheduler|Run: Running Fb4aUIQREnvironment
10-17 16:17:54.705  6730  6790 W fb4a.AppInitScheduler|Run:   Finished Fb4aUIQREnvironment in 6ms
10-17 16:17:54.705  6730  6788 D CACHE_HINTS: Entering madvise file
10-17 16:17:54.705  6730  6790 W fb4a.AppInitScheduler|Run: Running FbMsysImmediateInitializer
10-17 16:17:54.709  6730  6790 W fb4a.AppInitScheduler|Run:   Finished FbMsysImmediateInitializer in 4ms
10-17 16:17:54.709  6730  6790 W fb4a.AppInitScheduler|Run: Running FixieNoSync
10-17 16:17:54.710  6730  6790 W fb4a.Fixie: Initialize NoSyncFixer
10-17 16:17:54.710  6730  6777 W fb4a.AppInitScheduler|Run:   Finished Fb4aReactEagerInitHotMCUnpacker in 14ms
10-17 16:17:54.710  6730  6777 W fb4a.AppInitScheduler|Run: Running InitMemoryDumpHandler
10-17 16:17:54.712  6730  6777 W fb4a.AppInitScheduler|Run:   Finished InitMemoryDumpHandler in 0ms
10-17 16:17:54.712  6730  6777 W fb4a.AppInitScheduler|Run: Running InstrumentPthreadKeyCreate
10-17 16:17:54.713  6730  6790 W fb4a.Fixie/NoSyncFixer: Enable NoSync
10-17 16:17:54.718  6730  6777 W fb4a.AppInitScheduler|Run:   Finished InstrumentPthreadKeyCreate in 1ms
10-17 16:17:54.719  6730  6777 W fb4a.AppInitScheduler|Run: Running LocationRequestDetector
10-17 16:17:54.720  6730  6777 W fb4a.AppInitScheduler|Run:   Finished LocationRequestDetector in 1ms
10-17 16:17:54.720  6730  6777 W fb4a.AppInitScheduler|Run: Running MessageQueueDoctor
10-17 16:17:54.724  6730  6777 W fb4a.AppInitScheduler|Run:   Finished MessageQueueDoctor in 4ms
10-17 16:17:54.725  6730  6777 W fb4a.AppInitScheduler|Run: Running MqttEarlySyncInitializer
10-17 16:17:54.725  6730  6777 W fb4a.AppInitScheduler|Run:   Finished MqttEarlySyncInitializer in 0ms
10-17 16:17:54.725  6730  6777 W fb4a.AppInitScheduler|Run: Running PendingStoryStoreInitializer
10-17 16:17:54.729  6730  6777 W fb4a.AppInitScheduler|Run:   Finished PendingStoryStoreInitializer in 3ms
10-17 16:17:54.729  6730  6777 W fb4a.AppInitScheduler|Run: Running SonarInitializer
10-17 16:17:54.731  6730  6788 D CACHE_HINTS: MADVISE_RAND file 0xbf33b000 3796991 /data/data/com.facebook.katana/app_restricks/layouts.bin
10-17 16:17:54.747  6730  6777 W fb4a.AppInitScheduler|Run:   Finished SonarInitializer in 18ms
10-17 16:17:54.747  6730  6777 W fb4a.AppInitScheduler|Run: Running TraceCurrentThreadMetadata
10-17 16:17:54.748  6730  6777 W fb4a.AppInitScheduler|Run:   Finished TraceCurrentThreadMetadata in 1ms
10-17 16:17:54.748  6730  6777 W fb4a.AppInitScheduler|Run: Running WhitehatOverlayInitializer
10-17 16:17:54.753  6730  6777 W fb4a.AppInitScheduler|Run:   Finished WhitehatOverlayInitializer in 4ms
10-17 16:17:54.754  6730  6777 W fb4a.AppInitScheduler|Run: Running HenosisEventReporter
10-17 16:17:54.764  6730  6777 W fb4a.AppInitScheduler|Run:   Finished HenosisEventReporter in 10ms
10-17 16:17:54.764  6730  6777 W fb4a.AppInitScheduler|Run: Running LongtailVoltronAppInit
10-17 16:17:54.764  6730  6777 W fb4a.LongtailVoltronAppInit: Non-halfnosis build!
10-17 16:17:54.765  6730  6777 W fb4a.AppInitScheduler|Run:   Finished LongtailVoltronAppInit in 1ms
10-17 16:17:54.765  6730  6777 W fb4a.AppInitScheduler|Run: Running MobileConfigAdminIdLaterInit
10-17 16:17:54.768  6730  6777 W fb4a.AppInitScheduler|Run:   Finished MobileConfigAdminIdLaterInit in 2ms
10-17 16:17:54.769  6730  6777 W fb4a.AppInitScheduler|Run: Running MobileConfigLaterInit
10-17 16:17:54.778  6730  6777 W fb4a.AppInitScheduler|Run:   Finished MobileConfigLaterInit in 9ms
10-17 16:17:54.778  6730  6777 W fb4a.AppInitScheduler|Run: Running MobileConfigSessionlessLaterInit
10-17 16:17:54.782  6730  6777 W fb4a.AppInitScheduler|Run:   Finished MobileConfigSessionlessLaterInit in 4ms
10-17 16:17:54.782  6730  6789 W fb4a.AppInitScheduler|Run:   Finished PreloadWordmark in 147ms
10-17 16:17:54.782  6730  6777 W fb4a.AppInitScheduler|Run: Running StringResourcesDelegateAnalytics
10-17 16:17:54.792  6730  6845 W fb4a.DefaultNetworkConfig: com.facebook.katana: getShouldCheckCertsInternal: true
10-17 16:17:54.803  5886  6150 I BatteryMgr:DataCollectionService: stats => 1697552274803,-50,4308,-132,0,99
10-17 16:17:54.805  6730  6777 W fb4a.AppInitScheduler|Run:   Finished StringResourcesDelegateAnalytics in 22ms
10-17 16:17:54.810  3957  4128 D WifiService: getConnectionInfo uid=1000
10-17 16:17:54.813  6730  6783 W fb4a.MobileConfigFactoryImpl: SESSIONLESS factory used for 2 param
10-17 16:17:54.845  6730  6787 D BinderHooker: Called hook binder
10-17 16:17:54.846  6730  6787 D BinderHooker: Starting init of BinderHooker
10-17 16:17:54.877  6730  6783 W fb4a.QuickPerformanceLoggerModule: Provided QPL: 90665045
10-17 16:17:54.878  6730  6783 W fb4a.QuickPerformanceLoggerModule: Providing QPL... end
10-17 16:17:54.879  6730  6783 W fb4a.AppInitScheduler|Run:   Finished StartupQPLInit in 277ms
10-17 16:17:54.879  6730  6777 W fb4a.AppInitScheduler|Run: Running INeedInitForBroadcastReceiverRegister
10-17 16:17:54.879  6730  6789 W fb4a.AppInitScheduler|Run: Running FunctionalReliabilityRingBufferInitializer
10-17 16:17:54.880  6730  6783 W fb4a.AppInitScheduler|Run: Running ProfiloBridgeFactoryImpl
10-17 16:17:54.880  6730  6789 W fb4a.AppInitScheduler|Run:   Finished FunctionalReliabilityRingBufferInitializer in 1ms
10-17 16:17:54.881  6730  6789 W fb4a.AppInitScheduler|Run: Running ReliabilityUserPerceptibleScopeToQPL
10-17 16:17:54.883  6730  6789 W fb4a.AppInitScheduler|Run:   Finished ReliabilityUserPerceptibleScopeToQPL in 2ms
10-17 16:17:54.884  6730  6789 W fb4a.AppInitScheduler|Run: Running TransientNetworkTraceEarlyInit
10-17 16:17:54.888  6730  6789 W fb4a.AppInitScheduler|Run:   Finished TransientNetworkTraceEarlyInit in 4ms
10-17 16:17:54.890  6730  6789 W fb4a.AppInitScheduler|Run: Running VideoServiceWarmup
10-17 16:17:54.893  6730  6789 W fb4a.AppInitScheduler|Run:   Finished VideoServiceWarmup in 3ms
10-17 16:17:54.893  6730  6789 W fb4a.AppInitScheduler|Run: Running ZOptLoggingInitializer
10-17 16:17:54.894  6730  6789 W fb4a.AppInitScheduler|Run:   Finished ZOptLoggingInitializer in 1ms
10-17 16:17:54.896  3957  4650 D ConnectivityService: filterNetworkStateForUid() uid: 10103 networkInfo: [type: WIFI[] - WIFI, state: CONNECTED/CONNECTED, reason: (unspecified), extra: "ourhome", failover: false, available: true, roaming: false, metered: false]
10-17 16:17:54.896  3957  4650 D WifiService: getConnectionInfo uid=1000
10-17 16:17:54.898  6730  6789 W fb4a.AppInitScheduler|Run: Running PreloadClashManager
10-17 16:17:54.901  6730  6783 W Profilo/TraceControl: START PROFILO_TRACEID: HOid7TIByXr
10-17 16:17:54.913  5886  6150 I BatteryMgr:DataCollectionService: stats => 1697552274913,-50,4308,-132,0,99
10-17 16:17:54.930  3957  4650 I chatty  : uid=1000(system) Binder:3957_9 identical 1 line
10-17 16:17:54.931  6730  6777 W fb4a.AppInitScheduler|Run:   Finished INeedInitForBroadcastReceiverRegister in 52ms
10-17 16:17:54.931  6730  6777 W fb4a.AppInitScheduler|Run: Running PreloadFeedConfig
10-17 16:17:54.931  3957  4650 D WifiService: getConnectionInfo uid=1000
10-17 16:17:54.935  3957  4650 D ConnectivityService: filterNetworkStateForUid() uid: 10103 networkInfo: [type: WIFI[] - WIFI, state: CONNECTED/CONNECTED, reason: (unspecified), extra: "ourhome", failover: false, available: true, roaming: false, metered: false]
10-17 16:17:54.936  3957  4650 D WifiService: getConnectionInfo uid=1000
10-17 16:17:54.939  6730  6789 W fb4a.AppInitScheduler|Run:   Finished PreloadClashManager in 41ms
10-17 16:17:54.940  6730  6789 W fb4a.AppInitScheduler|Run: Running PreloadFeedDataLoader
10-17 16:17:54.975  6730  6777 W fb4a.AppInitScheduler|Run:   Finished PreloadFeedConfig in 44ms
10-17 16:17:54.975  6730  6777 W fb4a.AppInitScheduler|Run: Running PreloadFeedFullCacheLoad
10-17 16:17:54.983  6730  6787 D BinderHooker: Binder Hooker was successfully inited [StrongPointer dep is supported] [Parcel dep is supported]
10-17 16:17:54.984  6730  6787 D BinderHooker: Is a binder hook class, seeing if we need to unwrap it.
10-17 16:17:54.984  6730  6787 D BinderHooker: Found a wrapped BinderHook class com.facebook.common.activitythreadhook.ActivityThreadBinderHooker$ApplicationThreadBinderHook
10-17 16:17:54.984  6730  6787 D BinderHooker: Attempting to hook binder android.app.ActivityThread$ApplicationThread with binder com.facebook.common.activitythreadhook.IApplicationThreadBinderHookWrapper(com.facebook.common.activitythreadhook.ActivityThreadBinderHooker$ApplicationThreadBinderHook)
10-17 16:17:54.984  6730  6787 D BinderHooker: Getting IBinder obj for android.app.ActivityThread$ApplicationThread
10-17 16:17:54.984  6730  6787 D BinderHooker: Getting IBinder for android.app.ActivityThread$ApplicationThread 0xcb36fcf0
10-17 16:17:54.984  6730  6787 D BinderHooker: Calling java to create a parcel and write jobj 0xcb36fcf0 to it. 
10-17 16:17:54.986  6730  6790 W fb4a.AppInitScheduler|Run:   Finished FixieNoSync in 277ms
10-17 16:17:54.986  6730  6790 W fb4a.AppInitScheduler|Run: Running PreloadFeedRequest
10-17 16:17:54.990  6730  6790 W fb4a.AppInitScheduler|Run:   Finished PreloadFeedRequest in 4ms
10-17 16:17:54.990  6730  6790 W fb4a.AppInitScheduler|Run: Running PreloadFreshFeedRanker
10-17 16:17:54.991  6730  6788 W fb4a.AppInitScheduler|Run:   Finished DownloadedFbResources in 307ms
10-17 16:17:54.991  6730  6788 W fb4a.AppInitScheduler|Run: Running PreloadLogDb
10-17 16:17:54.991  6730  6787 D BinderHooker: Got Parcel Ptr 0xf2a28f08 for java obj 0xcb36fcf0.
10-17 16:17:54.992  6730  6787 D BinderHooker: Call readStrongBinder(0xf2a28f08) ret not null? yes sp: f29847e0.
10-17 16:17:54.992  6730  6787 D BinderHooker: Finished getting IBinder obj for android.app.ActivityThread$ApplicationThread. Got f29847e0.
10-17 16:17:54.992  6730  6787 D BinderHooker: Taking and locking Strong IBinder ref f29847e0 for android.app.ActivityThread$ApplicationThread
10-17 16:17:54.992  6730  6787 D BinderHooker: FINISHED taking and locking Strong IBinder ref f29847e0 for android.app.ActivityThread$ApplicationThread
10-17 16:17:54.992  6730  6787 D BinderHooker: Got binder ptr f29847e0 for the given val
10-17 16:17:54.992  6730  6787 D BinderHooker: Setting Orig javaBBinder mObjectPtr for android.app.ActivityThread$ApplicationThread because it has not been set before
10-17 16:17:54.992  6730  6787 D BinderHooker: Finished Setting Orig javaBBinder mObjectPtr
10-17 16:17:54.992  6730  6787 D BinderHooker: Setting javaBBinder mObjectPtr 0xf29847f0 (orig: 0x1fe6) for android.app.ActivityThread$ApplicationThread
10-17 16:17:54.992  6730  6787 D BinderHooker: Getting IBinder obj for com.facebook.common.activitythreadhook.IApplicationThreadBinderHookWrapper(com.facebook.common.activitythreadhook.ActivityThreadBinderHooker$ApplicationThreadBinderHook)
10-17 16:17:54.992  6730  6787 D BinderHooker: Getting IBinder for com.facebook.common.activitythreadhook.IApplicationThreadBinderHookWrapper(com.facebook.common.activitythreadhook.ActivityThreadBinderHooker$ApplicationThreadBinderHook) 0xcb36fcf4
10-17 16:17:54.992  6730  6787 D BinderHooker: Calling java to create a parcel and write jobj 0xcb36fcf4 to it. 
10-17 16:17:54.992  6730  6787 D BinderHooker: Got Parcel Ptr 0xe5bc0248 for java obj 0xcb36fcf4.
10-17 16:17:54.992  6730  6788 W fb4a.AppInitScheduler|Run:   Finished PreloadLogDb in 1ms
10-17 16:17:54.992  6730  6787 D BinderHooker: Call readStrongBinder(0xe5bc0248) ret not null? yes sp: bf9098e0.
10-17 16:17:54.992  6730  6787 D BinderHooker: Finished getting IBinder obj for com.facebook.common.activitythreadhook.IApplicationThreadBinderHookWrapper(com.facebook.common.activitythreadhook.ActivityThreadBinderHooker$ApplicationThreadBinderHook). Got bf9098e0.
10-17 16:17:54.992  6730  6787 D BinderHooker: Taking and locking Strong IBinder ref bf9098e0 for com.facebook.common.activitythreadhook.IApplicationThreadBinderHookWrapper(com.facebook.common.activitythreadhook.ActivityThreadBinderHooker$ApplicationThreadBinderHook)
