10-17 16:32:12.592  3957  4129 V WifiConfigManager: Updating scan detail cache freq=5240 BSSID=f4:6d:2f:12:cc:88 RSSI=-44 for "ourhome"WPA_PSK
10-17 16:32:12.630 11204 11491 I BatteryMgr:DataCollectionService: stats => 1697553132630,-208,4308,-110,0,100
10-17 16:32:12.736 11204 11491 I BatteryMgr:DataCollectionService: stats => 1697553132735,-208,4308,-110,0,100
10-17 16:32:12.841 11204 11491 I BatteryMgr:DataCollectionService: stats => 1697553132841,-208,4308,-110,0,100
10-17 16:32:12.946 11204 11491 I BatteryMgr:DataCollectionService: stats => 1697553132946,-208,4308,-110,0,100
10-17 16:32:13.050  3957  4128 D WifiService: getConnectionInfo uid=1000
10-17 16:32:13.053 11204 11491 I BatteryMgr:DataCollectionService: stats => 1697553133053,-208,4308,-110,0,100
10-17 16:32:13.161 11204 11491 I BatteryMgr:DataCollectionService: stats => 1697553133161,-208,4308,-110,0,100
10-17 16:32:13.266 11204 11491 I BatteryMgr:DataCollectionService: stats => 1697553133266,-208,4308,-110,0,100
10-17 16:32:13.371 11204 11491 I BatteryMgr:DataCollectionService: stats => 1697553133371,-208,4308,-110,0,100
10-17 16:32:13.475 11204 11491 I BatteryMgr:DataCollectionService: stats => 1697553133475,-208,4308,-110,0,100
10-17 16:32:13.587  3957  4129 D WifiStateMachine:  ConnectedState !RSSI_PKTCNT_FETCH uid=1000 rt=505146799/1215520963 0 0 "ourhome" f4:6d:2f:12:cc:88 rssi=-44 f=5240 sc=60 link=433 tx=19.8, 0.1, 0.0  rx=35.6 bcn=39983 [on:0 tx:0 rx:0 period:1001] from screen [on:295368 period:1264768] score=60
10-17 16:32:13.590  3957  4129 D WifiStateMachine:  L2ConnectedState !RSSI_PKTCNT_FETCH uid=1000 rt=505146802/1215520966 0 0 "ourhome" f4:6d:2f:12:cc:88 rssi=-44 f=5240 sc=60 link=433 tx=19.8, 0.1, 0.0  rx=35.6 bcn=39983 [on:0 tx:0 rx:0 period:2] from screen [on:295368 period:1264770] score=60
10-17 16:32:13.592 11204 11491 I BatteryMgr:DataCollectionService: stats => 1697553133592,-208,4308,-110,0,100
10-17 16:32:13.596  3957  4129 D WifiStateMachine: fetchRssiLinkSpeedAndFrequencyNative rssi=-47 linkspeed=433 freq=5240
10-17 16:32:13.596  3957  4129 V WifiConfigManager: Updating scan detail cache freq=5240 BSSID=f4:6d:2f:12:cc:88 RSSI=-45 for "ourhome"WPA_PSK
10-17 16:32:13.698 11204 11491 I BatteryMgr:DataCollectionService: stats => 1697553133698,-208,4308,-110,0,100
10-17 16:32:13.803 11204 11491 I BatteryMgr:DataCollectionService: stats => 1697553133802,-208,4308,-110,0,100
10-17 16:32:13.908 11204 11491 I BatteryMgr:DataCollectionService: stats => 1697553133908,-208,4308,-110,0,100
10-17 16:32:14.015 11204 11491 I BatteryMgr:DataCollectionService: stats => 1697553134015,-208,4308,-110,0,100
10-17 16:32:14.052  3957  4128 D WifiService: getConnectionInfo uid=1000
10-17 16:32:14.121 11204 11491 I BatteryMgr:DataCollectionService: stats => 1697553134120,-208,4308,-110,0,100
10-17 16:32:14.225  3957  4129 D WifiStateMachine:  ConnectedState !CMD_RSSI_POLL rt=505147438/1215521602 81 0 "ourhome" f4:6d:2f:12:cc:88 rssi=-47 f=5240 sc=60 link=433 tx=19.8, 0.1, 0.0  rx=35.6 bcn=39983 [on:0 tx:0 rx:0 period:636] from screen [on:295368 period:1265406] score=60
10-17 16:32:14.225 11204 11491 I BatteryMgr:DataCollectionService: stats => 1697553134225,-208,4308,-110,0,100
10-17 16:32:14.226  3957  4129 D WifiStateMachine:  L2ConnectedState !CMD_RSSI_POLL rt=505147439/1215521603 81 0 "ourhome" f4:6d:2f:12:cc:88 rssi=-47 f=5240 sc=60 link=433 tx=19.8, 0.1, 0.0  rx=35.6 bcn=39983 [on:0 tx:0 rx:0 period:1] from screen [on:295368 period:1265407] score=60
10-17 16:32:14.226  3957  4129 D WifiStateMachine:  get link layer stats 3
10-17 16:32:14.226  3436  3436 I android.hardware.wifi@1.0-service: getLinkLayerStats
10-17 16:32:14.231  3957  4129 D WifiStateMachine: fetchRssiLinkSpeedAndFrequencyNative rssi=-45 linkspeed=433 freq=5240
10-17 16:32:14.231  3957  4129 V WifiConfigManager: Updating scan detail cache freq=5240 BSSID=f4:6d:2f:12:cc:88 RSSI=-45 for "ourhome"WPA_PSK
10-17 16:32:14.234  4340  4340 E SignalClusterView: setSlotFocusVisible : subId -2
10-17 16:32:14.234  4340  4340 E SignalClusterView: setSlotFocusVisible : subId -2
10-17 16:32:14.337 11204 11491 I BatteryMgr:DataCollectionService: stats => 1697553134337,-208,4308,-110,0,100
10-17 16:32:14.446 11204 11491 I BatteryMgr:DataCollectionService: stats => 1697553134445,-208,4308,-110,0,100
10-17 16:32:14.553 11204 11491 I BatteryMgr:DataCollectionService: stats => 1697553134553,-208,4308,-110,0,100
10-17 16:32:14.587  3957  4129 D WifiStateMachine:  ConnectedState !RSSI_PKTCNT_FETCH uid=1000 rt=505147799/1215521963 0 0 "ourhome" f4:6d:2f:12:cc:88 rssi=-45 f=5240 sc=60 link=433 tx=7.9, 0.0, 0.0  rx=13.7 bcn=40011 [on:0 tx:0 rx:0 period:353] from screen [on:295829 period:1265767] score=60
10-17 16:32:14.588  3957  4129 D WifiStateMachine:  L2ConnectedState !RSSI_PKTCNT_FETCH uid=1000 rt=505147801/1215521965 0 0 "ourhome" f4:6d:2f:12:cc:88 rssi=-45 f=5240 sc=60 link=433 tx=7.9, 0.0, 0.0  rx=13.7 bcn=40011 [on:0 tx:0 rx:0 period:1] from screen [on:295829 period:1265768] score=60
10-17 16:32:14.593  3957  4129 D WifiStateMachine: fetchRssiLinkSpeedAndFrequencyNative rssi=-45 linkspeed=433 freq=5240
10-17 16:32:14.594  3957  4129 V WifiConfigManager: Updating scan detail cache freq=5240 BSSID=f4:6d:2f:12:cc:88 RSSI=-45 for "ourhome"WPA_PSK
10-17 16:32:14.660 11204 11491 I BatteryMgr:DataCollectionService: stats => 1697553134660,-208,4308,-110,0,100
10-17 16:32:14.765  3957  6478 D SSRM:k  : SIOP:: AP = 400, PST = 341 (W:10), BAT = 236, USB = 0, CHG = 0
10-17 16:32:14.767 11204 11491 I BatteryMgr:DataCollectionService: stats => 1697553134767,-208,4308,-110,0,100
10-17 16:32:14.873 11204 11491 I BatteryMgr:DataCollectionService: stats => 1697553134873,-208,4308,-110,0,100
10-17 16:32:14.981 11204 11491 I BatteryMgr:DataCollectionService: stats => 1697553134981,-208,4308,-110,0,100
10-17 16:32:15.054  3957  4128 D WifiService: getConnectionInfo uid=1000
10-17 16:32:15.090 11204 11491 I BatteryMgr:DataCollectionService: stats => 1697553135090,-208,4308,-110,0,100
10-17 16:32:15.200 11204 11491 I BatteryMgr:DataCollectionService: stats => 1697553135200,-208,4308,-110,0,100
10-17 16:32:15.307 11204 11491 I BatteryMgr:DataCollectionService: stats => 1697553135307,-208,4308,-110,0,100
10-17 16:32:15.419 11204 11491 I BatteryMgr:DataCollectionService: stats => 1697553135418,-208,4308,-110,0,100
10-17 16:32:15.524 11204 11491 I BatteryMgr:DataCollectionService: stats => 1697553135524,-208,4308,-110,0,100
10-17 16:32:15.587  3957  4129 D WifiStateMachine:  ConnectedState !RSSI_PKTCNT_FETCH uid=1000 rt=505148800/1215522964 0 0 "ourhome" f4:6d:2f:12:cc:88 rssi=-45 f=5240 sc=60 link=433 tx=7.9, 0.0, 0.0  rx=13.7 bcn=40011 [on:0 tx:0 rx:0 period:1000] from screen [on:295829 period:1266768] score=60
10-17 16:32:15.588  3957  4129 D WifiStateMachine:  L2ConnectedState !RSSI_PKTCNT_FETCH uid=1000 rt=505148801/1215522965 0 0 "ourhome" f4:6d:2f:12:cc:88 rssi=-45 f=5240 sc=60 link=433 tx=7.9, 0.0, 0.0  rx=13.7 bcn=40011 [on:0 tx:0 rx:0 period:1] from screen [on:295829 period:1266769] score=60
10-17 16:32:15.593  3957  4129 D WifiStateMachine: fetchRssiLinkSpeedAndFrequencyNative rssi=-44 linkspeed=433 freq=5240
10-17 16:32:15.594  3957  4129 V WifiConfigManager: Updating scan detail cache freq=5240 BSSID=f4:6d:2f:12:cc:88 RSSI=-44 for "ourhome"WPA_PSK
10-17 16:32:15.630 11204 11491 I BatteryMgr:DataCollectionService: stats => 1697553135630,-208,4308,-110,0,100
10-17 16:32:15.738 11204 11491 I BatteryMgr:DataCollectionService: stats => 1697553135737,-208,4308,-110,0,100
10-17 16:32:15.846 11204 11491 I BatteryMgr:DataCollectionService: stats => 1697553135846,-208,4308,-110,0,100
10-17 16:32:15.888  3957  4030 D SensorService: [SO] 0.206 -0.273 9.969
10-17 16:32:15.957 11204 11491 I BatteryMgr:DataCollectionService: stats => 1697553135957,-208,4308,-110,0,100
10-17 16:32:16.057  3957  4128 D WifiService: getConnectionInfo uid=1000
10-17 16:32:16.065 11204 11491 I BatteryMgr:DataCollectionService: stats => 1697553136064,-208,4308,-110,0,100
10-17 16:32:16.170 11204 11491 I BatteryMgr:DataCollectionService: stats => 1697553136170,-208,4308,-110,0,100
10-17 16:32:16.276 11204 11491 I BatteryMgr:DataCollectionService: stats => 1697553136276,-208,4308,-110,0,100
10-17 16:32:16.384 11204 11491 I BatteryMgr:DataCollectionService: stats => 1697553136384,-208,4308,-110,0,100
10-17 16:32:16.450  4961  4961 D io_stats: !@ 179,0 r 7703160 247796900 w 1652964 34378876 d 132909 33964104 f 385951 407110 iot 3412240 2985110 th 51200 0 0 pt 0 inp 0 0 505149.663
10-17 16:32:16.492 11204 11491 I BatteryMgr:DataCollectionService: stats => 1697553136492,-208,4308,-110,0,100
10-17 16:32:16.588  3957  4129 D WifiStateMachine:  ConnectedState !RSSI_PKTCNT_FETCH uid=1000 rt=505149801/1215523965 0 0 "ourhome" f4:6d:2f:12:cc:88 rssi=-44 f=5240 sc=60 link=433 tx=7.9, 0.0, 0.0  rx=13.7 bcn=40011 [on:0 tx:0 rx:0 period:1000] from screen [on:295829 period:1267769] score=60
10-17 16:32:16.589  3957  4129 D WifiStateMachine:  L2ConnectedState !RSSI_PKTCNT_FETCH uid=1000 rt=505149802/1215523967 0 0 "ourhome" f4:6d:2f:12:cc:88 rssi=-44 f=5240 sc=60 link=433 tx=7.9, 0.0, 0.0  rx=13.7 bcn=40011 [on:0 tx:0 rx:0 period:1] from screen [on:295829 period:1267770] score=60
10-17 16:32:16.590  3957  4129 D WifiStateMachine: fetchRssiLinkSpeedAndFrequencyNative rssi=-46 linkspeed=433 freq=5240
10-17 16:32:16.590  3957  4129 V WifiConfigManager: Updating scan detail cache freq=5240 BSSID=f4:6d:2f:12:cc:88 RSSI=-45 for "ourhome"WPA_PSK
10-17 16:32:16.601 11204 11491 I BatteryMgr:DataCollectionService: stats => 1697553136600,-208,4308,-110,0,100
10-17 16:32:16.707 11204 11491 I BatteryMgr:DataCollectionService: stats => 1697553136707,-208,4308,-110,0,100
10-17 16:32:16.811 11204 11491 I BatteryMgr:DataCollectionService: stats => 1697553136811,-208,4308,-110,0,100
10-17 16:32:16.917 11204 11491 I BatteryMgr:DataCollectionService: stats => 1697553136917,-208,4308,-110,0,100
10-17 16:32:16.971 11248 11466 I SessionStorage/AutoSave: Save: Periodic
10-17 16:32:17.023 11204 11491 I BatteryMgr:DataCollectionService: stats => 1697553137023,-208,4308,-110,0,100
10-17 16:32:17.058  3957  4128 D WifiService: getConnectionInfo uid=1000
10-17 16:32:17.074  2479  2548 D ScanRecord: Not a Multi Manu data
10-17 16:32:17.124  2479  2548 I chatty  : uid=1002(bluetooth) BT Service Call identical 76 lines
10-17 16:32:17.124  2479  2548 D ScanRecord: Not a Multi Manu data
10-17 16:32:17.127 11204 11491 I BatteryMgr:DataCollectionService: stats => 1697553137127,-208,4308,-110,0,100
10-17 16:32:17.129  2479  2548 D ScanRecord: Not a Multi Manu data
10-17 16:32:17.233  2479  2548 I chatty  : uid=1002(bluetooth) BT Service Call identical 193 lines
10-17 16:32:17.233  2479  2548 D ScanRecord: Not a Multi Manu data
10-17 16:32:17.235  3957  4129 D WifiStateMachine:  ConnectedState !CMD_RSSI_POLL rt=505150447/1215524611 81 0 "ourhome" f4:6d:2f:12:cc:88 rssi=-46 f=5240 sc=60 link=433 tx=7.9, 0.0, 0.0  rx=13.7 bcn=40011 [on:0 tx:0 rx:0 period:646] from screen [on:295829 period:1268416] score=60
10-17 16:32:17.237  3957  4129 D WifiStateMachine:  L2ConnectedState !CMD_RSSI_POLL rt=505150449/1215524613 81 0 "ourhome" f4:6d:2f:12:cc:88 rssi=-46 f=5240 sc=60 link=433 tx=7.9, 0.0, 0.0  rx=13.7 bcn=40011 [on:0 tx:0 rx:0 period:1] from screen [on:295829 period:1268417] score=60
10-17 16:32:17.237  3957  4129 D WifiStateMachine:  get link layer stats 3
10-17 16:32:17.238  3436  3436 I android.hardware.wifi@1.0-service: getLinkLayerStats
10-17 16:32:17.239 11204 11491 I BatteryMgr:DataCollectionService: stats => 1697553137239,-208,4308,-110,0,100
10-17 16:32:17.241  3957  4129 D WifiStateMachine: fetchRssiLinkSpeedAndFrequencyNative rssi=-46 linkspeed=433 freq=5240
10-17 16:32:17.241  3957  4129 V WifiConfigManager: Updating scan detail cache freq=5240 BSSID=f4:6d:2f:12:cc:88 RSSI=-45 for "ourhome"WPA_PSK
10-17 16:32:17.243  2479  2548 D ScanRecord: Not a Multi Manu data
10-17 16:32:17.243  2479  2548 I chatty  : uid=1002(bluetooth) BT Service Call identical 11 lines
10-17 16:32:17.243  2479  2548 D ScanRecord: Not a Multi Manu data
10-17 16:32:17.244  4340  4340 E SignalClusterView: setSlotFocusVisible : subId -2
10-17 16:32:17.244  4340  4340 E SignalClusterView: setSlotFocusVisible : subId -2
10-17 16:32:17.287  2479  2548 D ScanRecord: Not a Multi Manu data
10-17 16:32:17.341  2479  2548 I chatty  : uid=1002(bluetooth) BT Service Call identical 50 lines
10-17 16:32:17.341  2479  2548 D ScanRecord: Not a Multi Manu data
10-17 16:32:17.346 11204 11491 I BatteryMgr:DataCollectionService: stats => 1697553137345,-208,4308,-110,0,100
10-17 16:32:17.350  2479  2548 D ScanRecord: Not a Multi Manu data
10-17 16:32:17.425  2479  2548 I chatty  : uid=1002(bluetooth) BT Service Call identical 76 lines
10-17 16:32:17.425  2479  2548 D ScanRecord: Not a Multi Manu data
10-17 16:32:17.452 11204 11491 I BatteryMgr:DataCollectionService: stats => 1697553137451,-208,4308,-110,0,100
10-17 16:32:17.458  2479  2548 D ScanRecord: Not a Multi Manu data
10-17 16:32:17.555  2479  2548 I chatty  : uid=1002(bluetooth) BT Service Call identical 102 lines
10-17 16:32:17.555  2479  2548 D ScanRecord: Not a Multi Manu data
10-17 16:32:17.559 11204 11491 I BatteryMgr:DataCollectionService: stats => 1697553137558,-208,4308,-110,0,100
10-17 16:32:17.588  3957  4129 D WifiStateMachine:  ConnectedState !RSSI_PKTCNT_FETCH uid=1000 rt=505150802/1215524966 0 0 "ourhome" f4:6d:2f:12:cc:88 rssi=-46 f=5240 sc=60 link=433 tx=9.9, 0.0, 0.0  rx=32.9 bcn=40041 [on:0 tx:0 rx:0 period:345] from screen [on:296644 period:1268769] score=60
10-17 16:32:17.589  3957  4129 D WifiStateMachine:  L2ConnectedState !RSSI_PKTCNT_FETCH uid=1000 rt=505150803/1215524967 0 0 "ourhome" f4:6d:2f:12:cc:88 rssi=-46 f=5240 sc=60 link=433 tx=9.9, 0.0, 0.0  rx=32.9 bcn=40041 [on:0 tx:0 rx:0 period:1] from screen [on:296644 period:1268770] score=60
10-17 16:32:17.595  3957  4129 D WifiStateMachine: fetchRssiLinkSpeedAndFrequencyNative rssi=-45 linkspeed=433 freq=5240
10-17 16:32:17.595  3957  4129 V WifiConfigManager: Updating scan detail cache freq=5240 BSSID=f4:6d:2f:12:cc:88 RSSI=-45 for "ourhome"WPA_PSK
10-17 16:32:17.667 11204 11491 I BatteryMgr:DataCollectionService: stats => 1697553137667,-208,4308,-110,0,100
10-17 16:32:17.774 11204 11491 I BatteryMgr:DataCollectionService: stats => 1697553137774,-208,4308,-110,0,100
10-17 16:32:17.880 11204 11491 I BatteryMgr:DataCollectionService: stats => 1697553137880,-208,4308,-110,0,100
10-17 16:32:17.987 11204 11491 I BatteryMgr:DataCollectionService: stats => 1697553137987,-208,4308,-110,0,100
10-17 16:32:18.060  3957  4128 D WifiService: getConnectionInfo uid=1000
10-17 16:32:18.092 11204 11491 I BatteryMgr:DataCollectionService: stats => 1697553138092,-208,4308,-110,0,100
10-17 16:32:18.201 11204 11491 I BatteryMgr:DataCollectionService: stats => 1697553138201,-208,4308,-110,0,100
10-17 16:32:18.307 11204 11491 I BatteryMgr:DataCollectionService: stats => 1697553138307,-208,4308,-110,0,100
10-17 16:32:18.413 11204 11491 I BatteryMgr:DataCollectionService: stats => 1697553138413,-208,4308,-110,0,100
10-17 16:32:18.519 11204 11491 I BatteryMgr:DataCollectionService: stats => 1697553138518,-208,4308,-110,0,100
10-17 16:32:18.591  3957  4129 D WifiStateMachine:  ConnectedState !RSSI_PKTCNT_FETCH uid=1000 rt=505151803/1215525968 0 0 "ourhome" f4:6d:2f:12:cc:88 rssi=-45 f=5240 sc=60 link=433 tx=9.9, 0.0, 0.0  rx=32.9 bcn=40041 [on:0 tx:0 rx:0 period:1001] from screen [on:296644 period:1269771] score=60
10-17 16:32:18.592  3957  4129 D WifiStateMachine:  L2ConnectedState !RSSI_PKTCNT_FETCH uid=1000 rt=505151805/1215525969 0 0 "ourhome" f4:6d:2f:12:cc:88 rssi=-45 f=5240 sc=60 link=433 tx=9.9, 0.0, 0.0  rx=32.9 bcn=40041 [on:0 tx:0 rx:0 period:2] from screen [on:296644 period:1269773] score=60
10-17 16:32:18.594  3957  4129 D WifiStateMachine: fetchRssiLinkSpeedAndFrequencyNative rssi=-45 linkspeed=433 freq=5240
10-17 16:32:18.594  3957  4129 V WifiConfigManager: Updating scan detail cache freq=5240 BSSID=f4:6d:2f:12:cc:88 RSSI=-45 for "ourhome"WPA_PSK
10-17 16:32:18.625 11204 11491 I BatteryMgr:DataCollectionService: stats => 1697553138624,-208,4308,-110,0,100
10-17 16:32:18.731 11204 11491 I BatteryMgr:DataCollectionService: stats => 1697553138731,-208,4308,-110,0,100
10-17 16:32:18.841 11204 11491 I BatteryMgr:DataCollectionService: stats => 1697553138841,-208,4308,-110,0,100
10-17 16:32:18.946 11204 11491 I BatteryMgr:DataCollectionService: stats => 1697553138946,-208,4308,-110,0,100
10-17 16:32:19.056 11204 11491 I BatteryMgr:DataCollectionService: stats => 1697553139056,-208,4308,-110,0,100
10-17 16:32:19.062  3957  4128 D WifiService: getConnectionInfo uid=1000
10-17 16:32:19.163 11204 11491 I BatteryMgr:DataCollectionService: stats => 1697553139163,-208,4308,-110,0,100
10-17 16:32:19.271 11204 11491 I BatteryMgr:DataCollectionService: stats => 1697553139271,-208,4308,-110,0,100
10-17 16:32:19.377 11204 11491 I BatteryMgr:DataCollectionService: stats => 1697553139376,-208,4308,-110,0,100
10-17 16:32:19.482 11204 11491 I BatteryMgr:DataCollectionService: stats => 1697553139482,-208,4308,-110,0,100
10-17 16:32:19.587 11204 11491 I BatteryMgr:DataCollectionService: stats => 1697553139587,-208,4308,-110,0,100
10-17 16:32:19.592  3957  4129 D WifiStateMachine:  ConnectedState !RSSI_PKTCNT_FETCH uid=1000 rt=505152804/1215526968 0 0 "ourhome" f4:6d:2f:12:cc:88 rssi=-45 f=5240 sc=60 link=433 tx=9.9, 0.0, 0.0  rx=32.9 bcn=40041 [on:0 tx:0 rx:0 period:999] from screen [on:296644 period:1270772] score=60
10-17 16:32:19.593  3957  4129 D WifiStateMachine:  L2ConnectedState !RSSI_PKTCNT_FETCH uid=1000 rt=505152806/1215526970 0 0 "ourhome" f4:6d:2f:12:cc:88 rssi=-45 f=5240 sc=60 link=433 tx=9.9, 0.0, 0.0  rx=32.9 bcn=40041 [on:0 tx:0 rx:0 period:2] from screen [on:296644 period:1270774] score=60
10-17 16:32:19.598  3957  4129 D WifiStateMachine: fetchRssiLinkSpeedAndFrequencyNative rssi=-44 linkspeed=433 freq=5240
10-17 16:32:19.598  3957  4129 V WifiConfigManager: Updating scan detail cache freq=5240 BSSID=f4:6d:2f:12:cc:88 RSSI=-44 for "ourhome"WPA_PSK
10-17 16:32:19.694 11204 11491 I BatteryMgr:DataCollectionService: stats => 1697553139694,-208,4308,-110,0,100
10-17 16:32:19.804 11204 11491 I BatteryMgr:DataCollectionService: stats => 1697553139803,-208,4308,-110,0,100
10-17 16:32:19.910 11204 11491 I BatteryMgr:DataCollectionService: stats => 1697553139909,-208,4308,-110,0,100
10-17 16:32:20.019 11204 11491 I BatteryMgr:DataCollectionService: stats => 1697553140019,-208,4308,-110,0,100
10-17 16:32:20.064  3957  4128 D WifiService: getConnectionInfo uid=1000
10-17 16:32:20.124 11204 11491 I BatteryMgr:DataCollectionService: stats => 1697553140124,-208,4308,-110,0,100
10-17 16:32:20.230 11204 11491 I BatteryMgr:DataCollectionService: stats => 1697553140230,-208,4308,-110,0,100
10-17 16:32:20.244  3957  4129 D WifiStateMachine:  ConnectedState !CMD_RSSI_POLL rt=505153457/1215527621 81 0 "ourhome" f4:6d:2f:12:cc:88 rssi=-44 f=5240 sc=60 link=433 tx=9.9, 0.0, 0.0  rx=32.9 bcn=40041 [on:0 tx:0 rx:0 period:650] from screen [on:296644 period:1271424] score=60
10-17 16:32:20.245  3957  4129 D WifiStateMachine:  L2ConnectedState !CMD_RSSI_POLL rt=505153458/1215527622 81 0 "ourhome" f4:6d:2f:12:cc:88 rssi=-44 f=5240 sc=60 link=433 tx=9.9, 0.0, 0.0  rx=32.9 bcn=40041 [on:0 tx:0 rx:0 period:2] from screen [on:296644 period:1271426] score=60
10-17 16:32:20.245  3957  4129 D WifiStateMachine:  get link layer stats 3
10-17 16:32:20.245  3436  3436 I android.hardware.wifi@1.0-service: getLinkLayerStats
10-17 16:32:20.263  3957  4129 D WifiStateMachine: fetchRssiLinkSpeedAndFrequencyNative rssi=-45 linkspeed=433 freq=5240
10-17 16:32:20.263  3957  4129 V WifiConfigManager: Updating scan detail cache freq=5240 BSSID=f4:6d:2f:12:cc:88 RSSI=-44 for "ourhome"WPA_PSK
10-17 16:32:20.266  4340  4340 E SignalClusterView: setSlotFocusVisible : subId -2
10-17 16:32:20.266  4340  4340 E SignalClusterView: setSlotFocusVisible : subId -2
10-17 16:32:20.337 11204 11491 I BatteryMgr:DataCollectionService: stats => 1697553140337,-208,4308,-110,0,100
10-17 16:32:20.444 11204 11491 I BatteryMgr:DataCollectionService: stats => 1697553140443,-208,4308,-110,0,100
10-17 16:32:20.456 11248 11259 I zygote64: Background concurrent copying GC freed 197278(7MB) AllocSpace objects, 39(972KB) LOS objects, 50% free, 6MB/12MB, paused 11.694ms total 292.940ms
10-17 16:32:20.548 11204 11491 I BatteryMgr:DataCollectionService: stats => 1697553140548,-208,4308,-110,0,100
10-17 16:32:20.591  3957  4129 D WifiStateMachine:  ConnectedState !RSSI_PKTCNT_FETCH uid=1000 rt=505153805/1215527969 0 0 "ourhome" f4:6d:2f:12:cc:88 rssi=-45 f=5240 sc=60 link=433 tx=5.5, 0.0, 0.0  rx=14.6 bcn=40070 [on:0 tx:0 rx:0 period:326] from screen [on:297496 period:1271772] score=60
10-17 16:32:20.593  3957  4129 D WifiStateMachine:  L2ConnectedState !RSSI_PKTCNT_FETCH uid=1000 rt=505153806/1215527970 0 0 "ourhome" f4:6d:2f:12:cc:88 rssi=-45 f=5240 sc=60 link=433 tx=5.5, 0.0, 0.0  rx=14.6 bcn=40070 [on:0 tx:0 rx:0 period:1] from screen [on:297496 period:1271773] score=60
10-17 16:32:20.599  3957  4129 D WifiStateMachine: fetchRssiLinkSpeedAndFrequencyNative rssi=-45 linkspeed=433 freq=5240
10-17 16:32:20.599  3957  4129 V WifiConfigManager: Updating scan detail cache freq=5240 BSSID=f4:6d:2f:12:cc:88 RSSI=-44 for "ourhome"WPA_PSK
10-17 16:32:20.654 11204 11491 I BatteryMgr:DataCollectionService: stats => 1697553140654,-208,4308,-110,0,100
10-17 16:32:20.761 11204 11491 I BatteryMgr:DataCollectionService: stats => 1697553140761,-208,4308,-110,0,100
10-17 16:32:20.866 11204 11491 I BatteryMgr:DataCollectionService: stats => 1697553140866,-208,4308,-110,0,100
10-17 16:32:20.972 11204 11491 I BatteryMgr:DataCollectionService: stats => 1697553140972,-208,4308,-110,0,100
10-17 16:32:21.066  3957  4128 D WifiService: getConnectionInfo uid=1000
10-17 16:32:21.077 11204 11491 I BatteryMgr:DataCollectionService: stats => 1697553141077,-208,4308,-110,0,100
10-17 16:32:21.182 11204 11491 I BatteryMgr:DataCollectionService: stats => 1697553141182,-208,4308,-110,0,100
10-17 16:32:21.289 11204 11491 I BatteryMgr:DataCollectionService: stats => 1697553141289,-208,4308,-110,0,100
10-17 16:32:21.395 11204 11491 I BatteryMgr:DataCollectionService: stats => 1697553141395,-208,4308,-110,0,100
10-17 16:32:21.453  4961  4961 D io_stats: !@ 179,0 r 7703651 247806652 w 1652975 34379060 d 132909 33964104 f 385952 407111 iot 3412404 2985225 th 51200 0 0 pt 0 inp 0 0 505154.666
10-17 16:32:21.502 11204 11491 I BatteryMgr:DataCollectionService: stats => 1697553141502,-208,4308,-110,0,100
10-17 16:32:21.593  3957  4129 D WifiStateMachine:  ConnectedState !RSSI_PKTCNT_FETCH uid=1000 rt=505154807/1215528971 0 0 "ourhome" f4:6d:2f:12:cc:88 rssi=-45 f=5240 sc=60 link=433 tx=5.5, 0.0, 0.0  rx=14.6 bcn=40070 [on:0 tx:0 rx:0 period:1001] from screen [on:297496 period:1272774] score=60
10-17 16:32:21.594  3957  4129 D WifiStateMachine:  L2ConnectedState !RSSI_PKTCNT_FETCH uid=1000 rt=505154808/1215528972 0 0 "ourhome" f4:6d:2f:12:cc:88 rssi=-45 f=5240 sc=60 link=433 tx=5.5, 0.0, 0.0  rx=14.6 bcn=40070 [on:0 tx:0 rx:0 period:1] from screen [on:297496 period:1272775] score=60
10-17 16:32:21.600  3957  4129 D WifiStateMachine: fetchRssiLinkSpeedAndFrequencyNative rssi=-44 linkspeed=433 freq=5240
10-17 16:32:21.600  3957  4129 V WifiConfigManager: Updating scan detail cache freq=5240 BSSID=f4:6d:2f:12:cc:88 RSSI=-44 for "ourhome"WPA_PSK
10-17 16:32:21.608 11204 11491 I BatteryMgr:DataCollectionService: stats => 1697553141608,-208,4308,-110,0,100
10-17 16:32:21.713 11204 11491 I BatteryMgr:DataCollectionService: stats => 1697553141712,-208,4308,-110,0,100
10-17 16:32:21.822 11204 11491 I BatteryMgr:DataCollectionService: stats => 1697553141822,-208,4308,-110,0,100
10-17 16:32:21.928 11204 11491 I BatteryMgr:DataCollectionService: stats => 1697553141928,-208,4308,-110,0,100
10-17 16:32:22.034 11204 11491 I BatteryMgr:DataCollectionService: stats => 1697553142033,-208,4308,-110,0,100
10-17 16:32:22.065  2479  2548 D ScanRecord: Not a Multi Manu data
10-17 16:32:22.068  2479  2548 I chatty  : uid=1002(bluetooth) BT Service Call identical 24 lines
10-17 16:32:22.068  2479  2548 D ScanRecord: Not a Multi Manu data
10-17 16:32:22.068  3957  4128 D WifiService: getConnectionInfo uid=1000
10-17 16:32:22.071  2479  2548 D ScanRecord: Not a Multi Manu data
10-17 16:32:22.128  2479  2548 I chatty  : uid=1002(bluetooth) BT Service Call identical 76 lines
10-17 16:32:22.128  2479  2548 D ScanRecord: Not a Multi Manu data
10-17 16:32:22.141 11204 11491 I BatteryMgr:DataCollectionService: stats => 1697553142141,20,4308,-151,0,100
10-17 16:32:22.144  2479  2548 D ScanRecord: Not a Multi Manu data
10-17 16:32:22.247  2479  2548 I chatty  : uid=1002(bluetooth) BT Service Call identical 191 lines
10-17 16:32:22.247  2479  2548 D ScanRecord: Not a Multi Manu data
10-17 16:32:22.247 11204 11491 I BatteryMgr:DataCollectionService: stats => 1697553142247,20,4308,-151,0,100
10-17 16:32:22.248  2479  2548 D ScanRecord: Not a Multi Manu data
10-17 16:32:22.345  2479  2548 I chatty  : uid=1002(bluetooth) BT Service Call identical 143 lines
10-17 16:32:22.345  2479  2548 D ScanRecord: Not a Multi Manu data
10-17 16:32:22.353 11204 11491 I BatteryMgr:DataCollectionService: stats => 1697553142353,20,4308,-151,0,100
10-17 16:32:22.361  2479  2548 D ScanRecord: Not a Multi Manu data
10-17 16:32:22.455  2479  2548 I chatty  : uid=1002(bluetooth) BT Service Call identical 219 lines
10-17 16:32:22.456  2479  2548 D ScanRecord: Not a Multi Manu data
10-17 16:32:22.459 11204 11491 I BatteryMgr:DataCollectionService: stats => 1697553142459,20,4308,-151,0,100
10-17 16:32:22.461  2479  2548 D ScanRecord: Not a Multi Manu data
10-17 16:32:22.535  3957  4460 D BatteryService: !@BatteryListener : batteryPropertiesChanged!
10-17 16:32:22.556  2479  2548 I chatty  : uid=1002(bluetooth) BT Service Call identical 258 lines
10-17 16:32:22.556  2479  2548 D ScanRecord: Not a Multi Manu data
10-17 16:32:22.564 11204 11491 I BatteryMgr:DataCollectionService: stats => 1697553142564,20,4308,-151,0,100
10-17 16:32:22.594  3957  4129 D WifiStateMachine:  ConnectedState !RSSI_PKTCNT_FETCH uid=1000 rt=505155807/1215529972 0 0 "ourhome" f4:6d:2f:12:cc:88 rssi=-44 f=5240 sc=60 link=433 tx=5.5, 0.0, 0.0  rx=14.6 bcn=40070 [on:0 tx:0 rx:0 period:1000] from screen [on:297496 period:1273775] score=60
10-17 16:32:22.596  3957  4129 D WifiStateMachine:  L2ConnectedState !RSSI_PKTCNT_FETCH uid=1000 rt=505155809/1215529973 0 0 "ourhome" f4:6d:2f:12:cc:88 rssi=-44 f=5240 sc=60 link=433 tx=5.5, 0.0, 0.0  rx=14.6 bcn=40070 [on:0 tx:0 rx:0 period:2] from screen [on:297496 period:1273777] score=60
10-17 16:32:22.602  3957  4129 D WifiStateMachine: fetchRssiLinkSpeedAndFrequencyNative rssi=-46 linkspeed=433 freq=5240
10-17 16:32:22.603  3957  4129 V WifiConfigManager: Updating scan detail cache freq=5240 BSSID=f4:6d:2f:12:cc:88 RSSI=-45 for "ourhome"WPA_PSK
10-17 16:32:22.671 11204 11491 I BatteryMgr:DataCollectionService: stats => 1697553142671,20,4308,-151,0,100
10-17 16:32:22.778 11204 11491 I BatteryMgr:DataCollectionService: stats => 1697553142778,20,4308,-151,0,100
10-17 16:32:22.882 11204 11491 I BatteryMgr:DataCollectionService: stats => 1697553142882,20,4308,-151,0,100
10-17 16:32:22.989 11204 11491 I BatteryMgr:DataCollectionService: stats => 1697553142989,20,4308,-151,0,100
10-17 16:32:23.070  3957  4128 D WifiService: getConnectionInfo uid=1000
10-17 16:32:23.097 11204 11491 I BatteryMgr:DataCollectionService: stats => 1697553143097,20,4308,-151,0,100
10-17 16:32:23.202 11204 11491 I BatteryMgr:DataCollectionService: stats => 1697553143202,20,4308,-151,0,100
10-17 16:32:23.266  3957  4129 D WifiStateMachine:  ConnectedState !CMD_RSSI_POLL rt=505156479/1215530643 81 0 "ourhome" f4:6d:2f:12:cc:88 rssi=-46 f=5240 sc=60 link=433 tx=5.5, 0.0, 0.0  rx=14.6 bcn=40070 [on:0 tx:0 rx:0 period:670] from screen [on:297496 period:1274447] score=60
10-17 16:32:23.268  3957  4129 D WifiStateMachine:  L2ConnectedState !CMD_RSSI_POLL rt=505156481/1215530645 81 0 "ourhome" f4:6d:2f:12:cc:88 rssi=-46 f=5240 sc=60 link=433 tx=5.5, 0.0, 0.0  rx=14.6 bcn=40070 [on:0 tx:0 rx:0 period:1] from screen [on:297496 period:1274448] score=60
10-17 16:32:23.268  3957  4129 D WifiStateMachine:  get link layer stats 3
10-17 16:32:23.268  3436  3436 I android.hardware.wifi@1.0-service: getLinkLayerStats
10-17 16:32:23.286  3957  4129 D WifiStateMachine: fetchRssiLinkSpeedAndFrequencyNative rssi=-46 linkspeed=433 freq=5240
10-17 16:32:23.286  3957  4129 V WifiConfigManager: Updating scan detail cache freq=5240 BSSID=f4:6d:2f:12:cc:88 RSSI=-45 for "ourhome"WPA_PSK
10-17 16:32:23.291  4340  4340 E SignalClusterView: setSlotFocusVisible : subId -2
10-17 16:32:23.291  4340  4340 E SignalClusterView: setSlotFocusVisible : subId -2
10-17 16:32:23.312 11204 11491 I BatteryMgr:DataCollectionService: stats => 1697553143312,20,4308,-151,0,100
10-17 16:32:23.388  3957  4416 E Watchdog: !@Sync 16832 [2023-10-17 16:32:23.387]
10-17 16:32:23.418 11204 11491 I BatteryMgr:DataCollectionService: stats => 1697553143418,20,4308,-151,0,100
10-17 16:32:23.524 11204 11491 I BatteryMgr:DataCollectionService: stats => 1697553143524,20,4308,-151,0,100
10-17 16:32:23.595  3957  4129 D WifiStateMachine:  ConnectedState !RSSI_PKTCNT_FETCH uid=1000 rt=505156807/1215530972 0 0 "ourhome" f4:6d:2f:12:cc:88 rssi=-46 f=5240 sc=60 link=433 tx=2.0, 0.0, 0.0  rx=6.0 bcn=40099 [on:0 tx:0 rx:0 period:305] from screen [on:297615 period:1274776] score=60
10-17 16:32:23.597  3957  4129 D WifiStateMachine:  L2ConnectedState !RSSI_PKTCNT_FETCH uid=1000 rt=505156810/1215530974 0 0 "ourhome" f4:6d:2f:12:cc:88 rssi=-46 f=5240 sc=60 link=433 tx=2.0, 0.0, 0.0  rx=6.0 bcn=40099 [on:0 tx:0 rx:0 period:2] from screen [on:297615 period:1274778] score=60
10-17 16:32:23.606  3957  4129 D WifiStateMachine: fetchRssiLinkSpeedAndFrequencyNative rssi=-45 linkspeed=433 freq=5240
10-17 16:32:23.607  3957  4129 V WifiConfigManager: Updating scan detail cache freq=5240 BSSID=f4:6d:2f:12:cc:88 RSSI=-45 for "ourhome"WPA_PSK
10-17 16:32:23.632 11204 11491 I BatteryMgr:DataCollectionService: stats => 1697553143632,20,4308,-151,0,100
10-17 16:32:23.736 11204 11491 I BatteryMgr:DataCollectionService: stats => 1697553143736,20,4308,-151,0,100
10-17 16:32:23.844 11204 11491 I BatteryMgr:DataCollectionService: stats => 1697553143844,20,4308,-151,0,100
10-17 16:32:23.949 11204 11491 I BatteryMgr:DataCollectionService: stats => 1697553143949,20,4308,-151,0,100
10-17 16:32:24.054 11204 11491 I BatteryMgr:DataCollectionService: stats => 1697553144054,20,4308,-151,0,100
10-17 16:32:24.072  3957  4128 D WifiService: getConnectionInfo uid=1000
10-17 16:32:24.164 11204 11491 I BatteryMgr:DataCollectionService: stats => 1697553144164,20,4308,-151,0,100
10-17 16:32:24.268 11204 11491 I BatteryMgr:DataCollectionService: stats => 1697553144268,20,4308,-151,0,100
10-17 16:32:24.378 11204 11491 I BatteryMgr:DataCollectionService: stats => 1697553144378,20,4308,-151,0,100
10-17 16:32:24.483 11204 11491 I BatteryMgr:DataCollectionService: stats => 1697553144483,20,4308,-151,0,100
10-17 16:32:24.592 11204 11491 I BatteryMgr:DataCollectionService: stats => 1697553144592,20,4308,-151,0,100
10-17 16:32:24.595  3957  4129 D WifiStateMachine:  ConnectedState !RSSI_PKTCNT_FETCH uid=1000 rt=505157808/1215531972 0 0 "ourhome" f4:6d:2f:12:cc:88 rssi=-45 f=5240 sc=60 link=433 tx=2.0, 0.0, 0.0  rx=6.0 bcn=40099 [on:0 tx:0 rx:0 period:998] from screen [on:297615 period:1275776] score=60
10-17 16:32:24.597  3957  4129 D WifiStateMachine:  L2ConnectedState !RSSI_PKTCNT_FETCH uid=1000 rt=505157810/1215531974 0 0 "ourhome" f4:6d:2f:12:cc:88 rssi=-45 f=5240 sc=60 link=433 tx=2.0, 0.0, 0.0  rx=6.0 bcn=40099 [on:0 tx:0 rx:0 period:2] from screen [on:297615 period:1275778] score=60
10-17 16:32:24.603  3957  4129 D WifiStateMachine: fetchRssiLinkSpeedAndFrequencyNative rssi=-45 linkspeed=433 freq=5240
10-17 16:32:24.603  3957  4129 V WifiConfigManager: Updating scan detail cache freq=5240 BSSID=f4:6d:2f:12:cc:88 RSSI=-45 for "ourhome"WPA_PSK
10-17 16:32:24.698 11204 11491 I BatteryMgr:DataCollectionService: stats => 1697553144698,20,4308,-151,0,100
10-17 16:32:24.784  3957  6478 D SSRM:k  : SIOP:: AP = 410, PST = 350 (W:10), BAT = 236, USB = 0, CHG = 0
10-17 16:32:24.807 11204 11491 I BatteryMgr:DataCollectionService: stats => 1697553144807,20,4308,-151,0,100
10-17 16:32:24.914 11204 11491 I BatteryMgr:DataCollectionService: stats => 1697553144914,20,4308,-151,0,100
10-17 16:32:25.020 11204 11491 I BatteryMgr:DataCollectionService: stats => 1697553145020,20,4308,-151,0,100
10-17 16:32:25.074  3957  4128 D WifiService: getConnectionInfo uid=1000
10-17 16:32:25.131 11204 11491 I BatteryMgr:DataCollectionService: stats => 1697553145131,20,4308,-151,0,100
10-17 16:32:25.237 11204 11491 I BatteryMgr:DataCollectionService: stats => 1697553145237,20,4308,-151,0,100
10-17 16:32:25.344 11204 11491 I BatteryMgr:DataCollectionService: stats => 1697553145344,20,4308,-151,0,100
10-17 16:32:25.452 11204 11491 I BatteryMgr:DataCollectionService: stats => 1697553145452,20,4308,-151,0,100
10-17 16:32:25.561 11204 11491 I BatteryMgr:DataCollectionService: stats => 1697553145561,20,4308,-151,0,100
10-17 16:32:25.596  3957  4129 D WifiStateMachine:  ConnectedState !RSSI_PKTCNT_FETCH uid=1000 rt=505158809/1215532973 0 0 "ourhome" f4:6d:2f:12:cc:88 rssi=-45 f=5240 sc=60 link=433 tx=2.0, 0.0, 0.0  rx=6.0 bcn=40099 [on:0 tx:0 rx:0 period:999] from screen [on:297615 period:1276777] score=60
10-17 16:32:25.597  3957  4129 D WifiStateMachine:  L2ConnectedState !RSSI_PKTCNT_FETCH uid=1000 rt=505158810/1215532974 0 0 "ourhome" f4:6d:2f:12:cc:88 rssi=-45 f=5240 sc=60 link=433 tx=2.0, 0.0, 0.0  rx=6.0 bcn=40099 [on:0 tx:0 rx:0 period:1] from screen [on:297615 period:1276778] score=60
10-17 16:32:25.600  3957  4129 D WifiStateMachine: fetchRssiLinkSpeedAndFrequencyNative rssi=-44 linkspeed=433 freq=5240
10-17 16:32:25.600  3957  4129 V WifiConfigManager: Updating scan detail cache freq=5240 BSSID=f4:6d:2f:12:cc:88 RSSI=-44 for "ourhome"WPA_PSK
10-17 16:32:25.668 11204 11491 I BatteryMgr:DataCollectionService: stats => 1697553145668,20,4308,-151,0,100
10-17 16:32:25.773 11204 11491 I BatteryMgr:DataCollectionService: stats => 1697553145773,20,4308,-151,0,100
10-17 16:32:25.878 11204 11491 I BatteryMgr:DataCollectionService: stats => 1697553145878,20,4308,-151,0,100
10-17 16:32:25.887  3957  4030 D SensorService: [SO] 0.177 -0.244 9.974
10-17 16:32:25.986 11204 11491 I BatteryMgr:DataCollectionService: stats => 1697553145985,20,4308,-151,0,100
10-17 16:32:26.076  3957  4128 D WifiService: getConnectionInfo uid=1000
10-17 16:32:26.092 11204 11491 I BatteryMgr:DataCollectionService: stats => 1697553146092,20,4308,-151,0,100
10-17 16:32:26.198 11204 11491 I BatteryMgr:DataCollectionService: stats => 1697553146198,20,4308,-151,0,100
10-17 16:32:26.290  3957  4129 D WifiStateMachine:  ConnectedState !CMD_RSSI_POLL rt=505159502/1215533666 81 0 "ourhome" f4:6d:2f:12:cc:88 rssi=-44 f=5240 sc=60 link=433 tx=2.0, 0.0, 0.0  rx=6.0 bcn=40099 [on:0 tx:0 rx:0 period:692] from screen [on:297615 period:1277470] score=60
10-17 16:32:26.291  3957  4129 D WifiStateMachine:  L2ConnectedState !CMD_RSSI_POLL rt=505159504/1215533668 81 0 "ourhome" f4:6d:2f:12:cc:88 rssi=-44 f=5240 sc=60 link=433 tx=2.0, 0.0, 0.0  rx=6.0 bcn=40099 [on:0 tx:0 rx:0 period:2] from screen [on:297615 period:1277472] score=60
10-17 16:32:26.291  3957  4129 D WifiStateMachine:  get link layer stats 3
10-17 16:32:26.292  3436  3436 I android.hardware.wifi@1.0-service: getLinkLayerStats
10-17 16:32:26.303 11204 11491 I BatteryMgr:DataCollectionService: stats => 1697553146303,20,4308,-151,0,100
10-17 16:32:26.311  3957  4129 D WifiStateMachine: fetchRssiLinkSpeedAndFrequencyNative rssi=-44 linkspeed=433 freq=5240
10-17 16:32:26.311  3957  4129 V WifiConfigManager: Updating scan detail cache freq=5240 BSSID=f4:6d:2f:12:cc:88 RSSI=-44 for "ourhome"WPA_PSK
10-17 16:32:26.315  4340  4340 E SignalClusterView: setSlotFocusVisible : subId -2
10-17 16:32:26.315  4340  4340 E SignalClusterView: setSlotFocusVisible : subId -2
10-17 16:32:26.409 11204 11491 I BatteryMgr:DataCollectionService: stats => 1697553146408,20,4308,-151,0,100
10-17 16:32:26.456  4961  4961 D io_stats: !@ 179,0 r 7703721 247807432 w 1652990 34379256 d 132911 33964172 f 385953 407112 iot 3412432 2985245 th 51200 0 0 pt 0 inp 0 0 505159.669
10-17 16:32:26.516 11204 11491 I BatteryMgr:DataCollectionService: stats => 1697553146515,20,4308,-151,0,100
10-17 16:32:26.597  3957  4129 D WifiStateMachine:  ConnectedState !RSSI_PKTCNT_FETCH uid=1000 rt=505159810/1215533974 0 0 "ourhome" f4:6d:2f:12:cc:88 rssi=-44 f=5240 sc=60 link=433 tx=0.7, 0.0, 0.0  rx=2.8 bcn=40128 [on:0 tx:0 rx:0 period:281] from screen [on:297726 period:1277777] score=60
10-17 16:32:26.598  3957  4129 D WifiStateMachine:  L2ConnectedState !RSSI_PKTCNT_FETCH uid=1000 rt=505159811/1215533975 0 0 "ourhome" f4:6d:2f:12:cc:88 rssi=-44 f=5240 sc=60 link=433 tx=0.7, 0.0, 0.0  rx=2.8 bcn=40128 [on:0 tx:0 rx:0 period:2] from screen [on:297726 period:1277779] score=60
10-17 16:32:26.604  3957  4129 D WifiStateMachine: fetchRssiLinkSpeedAndFrequencyNative rssi=-43 linkspeed=433 freq=5240
10-17 16:32:26.604  3957  4129 V WifiConfigManager: Updating scan detail cache freq=5240 BSSID=f4:6d:2f:12:cc:88 RSSI=-43 for "ourhome"WPA_PSK
10-17 16:32:26.624 11204 11491 I BatteryMgr:DataCollectionService: stats => 1697553146624,20,4308,-151,0,100
10-17 16:32:26.730 11204 11491 I BatteryMgr:DataCollectionService: stats => 1697553146730,20,4308,-151,0,100
10-17 16:32:26.835 11204 11491 I BatteryMgr:DataCollectionService: stats => 1697553146835,20,4308,-151,0,100
10-17 16:32:26.942 11204 11491 I BatteryMgr:DataCollectionService: stats => 1697553146941,20,4308,-151,0,100
10-17 16:32:27.047 11204 11491 I BatteryMgr:DataCollectionService: stats => 1697553147047,20,4308,-151,0,100
10-17 16:32:27.076  2479  2548 D ScanRecord: Not a Multi Manu data
10-17 16:32:27.076  2479  2548 I chatty  : uid=1002(bluetooth) BT Service Call identical 11 lines
10-17 16:32:27.076  2479  2548 D ScanRecord: Not a Multi Manu data
10-17 16:32:27.078  3957  4128 D WifiService: getConnectionInfo uid=1000
10-17 16:32:27.087  2479  2548 D ScanRecord: Not a Multi Manu data
10-17 16:32:27.146  2479  2548 I chatty  : uid=1002(bluetooth) BT Service Call identical 102 lines
10-17 16:32:27.146  2479  2548 D ScanRecord: Not a Multi Manu data
10-17 16:32:27.153 11204 11491 I BatteryMgr:DataCollectionService: stats => 1697553147153,20,4308,-151,0,100
10-17 16:32:27.157  2479  2548 D ScanRecord: Not a Multi Manu data
10-17 16:32:27.158  2479  2548 I chatty  : uid=1002(bluetooth) BT Service Call identical 11 lines
10-17 16:32:27.158  2479  2548 D ScanRecord: Not a Multi Manu data
10-17 16:32:27.160  2479  2563 D bt_snoop: capture: count_snoop = 220000, st.st_size = 1336358
10-17 16:32:27.163  2479  2548 D ScanRecord: Not a Multi Manu data
10-17 16:32:27.245  2479  2548 I chatty  : uid=1002(bluetooth) BT Service Call identical 154 lines
10-17 16:32:27.245  2479  2548 D ScanRecord: Not a Multi Manu data
10-17 16:32:27.261 11204 11491 I BatteryMgr:DataCollectionService: stats => 1697553147261,20,4308,-151,0,100
10-17 16:32:27.269  2479  2548 D ScanRecord: Not a Multi Manu data
10-17 16:32:27.368  2479  2548 I chatty  : uid=1002(bluetooth) BT Service Call identical 156 lines
10-17 16:32:27.368 11204 11491 I BatteryMgr:DataCollectionService: stats => 1697553147368,20,4308,-151,0,100
10-17 16:32:27.368  2479  2548 D ScanRecord: Not a Multi Manu data
10-17 16:32:27.368  2479  2548 D ScanRecord: Not a Multi Manu data
10-17 16:32:27.474  2479  2548 I chatty  : uid=1002(bluetooth) BT Service Call identical 204 lines
10-17 16:32:27.474  2479  2548 D ScanRecord: Not a Multi Manu data
10-17 16:32:27.477 11204 11491 I BatteryMgr:DataCollectionService: stats => 1697553147476,20,4308,-151,0,100
10-17 16:32:27.486  2479  2548 D ScanRecord: Not a Multi Manu data
10-17 16:32:27.556  2479  2548 I chatty  : uid=1002(bluetooth) BT Service Call identical 76 lines
10-17 16:32:27.556  2479  2548 D ScanRecord: Not a Multi Manu data
10-17 16:32:27.583 11204 11491 I BatteryMgr:DataCollectionService: stats => 1697553147583,20,4308,-151,0,100
10-17 16:32:27.598  3957  4129 D WifiStateMachine:  ConnectedState !RSSI_PKTCNT_FETCH uid=1000 rt=505160811/1215534975 0 0 "ourhome" f4:6d:2f:12:cc:88 rssi=-43 f=5240 sc=60 link=433 tx=0.7, 0.0, 0.0  rx=2.8 bcn=40128 [on:0 tx:0 rx:0 period:1000] from screen [on:297726 period:1278779] score=60
10-17 16:32:27.600  3957  4129 D WifiStateMachine:  L2ConnectedState !RSSI_PKTCNT_FETCH uid=1000 rt=505160813/1215534977 0 0 "ourhome" f4:6d:2f:12:cc:88 rssi=-43 f=5240 sc=60 link=433 tx=0.7, 0.0, 0.0  rx=2.8 bcn=40128 [on:0 tx:0 rx:0 period:2] from screen [on:297726 period:1278781] score=60
10-17 16:32:27.606  3957  4129 D WifiStateMachine: fetchRssiLinkSpeedAndFrequencyNative rssi=-44 linkspeed=433 freq=5240
10-17 16:32:27.606  3957  4129 V WifiConfigManager: Updating scan detail cache freq=5240 BSSID=f4:6d:2f:12:cc:88 RSSI=-43 for "ourhome"WPA_PSK
10-17 16:32:27.690 11204 11491 I BatteryMgr:DataCollectionService: stats => 1697553147690,20,4308,-151,0,100
10-17 16:32:27.798 11204 11491 I BatteryMgr:DataCollectionService: stats => 1697553147798,20,4308,-151,0,100
10-17 16:32:27.904 11204 11491 I BatteryMgr:DataCollectionService: stats => 1697553147904,20,4308,-151,0,100
10-17 16:32:28.015 11204 11491 I BatteryMgr:DataCollectionService: stats => 1697553148015,20,4308,-151,0,100
10-17 16:32:28.080  3957  4128 D WifiService: getConnectionInfo uid=1000
10-17 16:32:28.122 11204 11491 I BatteryMgr:DataCollectionService: stats => 1697553148121,20,4308,-151,0,100
10-17 16:32:28.230 11204 11491 I BatteryMgr:DataCollectionService: stats => 1697553148230,20,4308,-151,0,100
10-17 16:32:28.336 11204 11491 I BatteryMgr:DataCollectionService: stats => 1697553148336,20,4308,-151,0,100
10-17 16:32:28.443 11204 11491 I BatteryMgr:DataCollectionService: stats => 1697553148443,20,4308,-151,0,100
10-17 16:32:28.548 11204 11491 I BatteryMgr:DataCollectionService: stats => 1697553148548,20,4308,-151,0,100
10-17 16:32:28.600  3957  4129 D WifiStateMachine:  ConnectedState !RSSI_PKTCNT_FETCH uid=1000 rt=505161812/1215535976 0 0 "ourhome" f4:6d:2f:12:cc:88 rssi=-44 f=5240 sc=60 link=433 tx=0.7, 0.0, 0.0  rx=2.8 bcn=40128 [on:0 tx:0 rx:0 period:999] from screen [on:297726 period:1279780] score=60
10-17 16:32:28.601  3957  4129 D WifiStateMachine:  L2ConnectedState !RSSI_PKTCNT_FETCH uid=1000 rt=505161814/1215535978 0 0 "ourhome" f4:6d:2f:12:cc:88 rssi=-44 f=5240 sc=60 link=433 tx=0.7, 0.0, 0.0  rx=2.8 bcn=40128 [on:0 tx:0 rx:0 period:2] from screen [on:297726 period:1279782] score=60
10-17 16:32:28.603  3957  4129 D WifiStateMachine: fetchRssiLinkSpeedAndFrequencyNative rssi=-44 linkspeed=433 freq=5240
10-17 16:32:28.603  3957  4129 V WifiConfigManager: Updating scan detail cache freq=5240 BSSID=f4:6d:2f:12:cc:88 RSSI=-43 for "ourhome"WPA_PSK
10-17 16:32:28.654 11204 11491 I BatteryMgr:DataCollectionService: stats => 1697553148654,20,4308,-151,0,100
10-17 16:32:28.763 11204 11491 I BatteryMgr:DataCollectionService: stats => 1697553148763,20,4308,-151,0,100
10-17 16:32:28.869 11204 11491 I BatteryMgr:DataCollectionService: stats => 1697553148869,20,4308,-151,0,100
10-17 16:32:28.974 11204 11491 I BatteryMgr:DataCollectionService: stats => 1697553148973,20,4308,-151,0,100
10-17 16:32:28.986  3957  4306 D WifiConnectivityMonitor:  [|242] []
10-17 16:32:29.080 11204 11491 I BatteryMgr:DataCollectionService: stats => 1697553149080,20,4308,-151,0,100
10-17 16:32:29.083  3957  4128 D WifiService: getConnectionInfo uid=1000
10-17 16:32:29.187 11204 11491 I BatteryMgr:DataCollectionService: stats => 1697553149187,20,4308,-151,0,100
10-17 16:32:29.293 11204 11491 I BatteryMgr:DataCollectionService: stats => 1697553149292,20,4308,-151,0,100
10-17 16:32:29.314  3957  4129 D WifiStateMachine:  ConnectedState !CMD_RSSI_POLL rt=505162527/1215536691 81 0 "ourhome" f4:6d:2f:12:cc:88 rssi=-44 f=5240 sc=60 link=433 tx=0.7, 0.0, 0.0  rx=2.8 bcn=40128 [on:0 tx:0 rx:0 period:713] from screen [on:297726 period:1280495] score=60
10-17 16:32:29.315  3957  4129 D WifiStateMachine:  L2ConnectedState !CMD_RSSI_POLL rt=505162528/1215536693 81 0 "ourhome" f4:6d:2f:12:cc:88 rssi=-44 f=5240 sc=60 link=433 tx=0.7, 0.0, 0.0  rx=2.8 bcn=40128 [on:0 tx:0 rx:0 period:1] from screen [on:297726 period:1280496] score=60
10-17 16:32:29.315  3957  4129 D WifiStateMachine:  get link layer stats 3
10-17 16:32:29.315  3436  3436 I android.hardware.wifi@1.0-service: getLinkLayerStats
10-17 16:32:29.318  3957  4129 D WifiStateMachine: fetchRssiLinkSpeedAndFrequencyNative rssi=-45 linkspeed=433 freq=5240
10-17 16:32:29.318  3957  4129 V WifiConfigManager: Updating scan detail cache freq=5240 BSSID=f4:6d:2f:12:cc:88 RSSI=-44 for "ourhome"WPA_PSK
10-17 16:32:29.321  4340  4340 E SignalClusterView: setSlotFocusVisible : subId -2
10-17 16:32:29.321  4340  4340 E SignalClusterView: setSlotFocusVisible : subId -2
10-17 16:32:29.400 11204 11491 I BatteryMgr:DataCollectionService: stats => 1697553149400,20,4308,-151,0,100
10-17 16:32:29.506 11204 11491 I BatteryMgr:DataCollectionService: stats => 1697553149505,20,4308,-151,0,100
10-17 16:32:29.600  3957  4129 D WifiStateMachine:  ConnectedState !RSSI_PKTCNT_FETCH uid=1000 rt=505162813/1215536977 0 0 "ourhome" f4:6d:2f:12:cc:88 rssi=-45 f=5240 sc=60 link=433 tx=6.0, 0.0, 0.0  rx=9.3 bcn=40156 [on:0 tx:0 rx:0 period:280] from screen [on:299243 period:1280781] score=60
10-17 16:32:29.602  3957  4129 D WifiStateMachine:  L2ConnectedState !RSSI_PKTCNT_FETCH uid=1000 rt=505162814/1215536978 0 0 "ourhome" f4:6d:2f:12:cc:88 rssi=-45 f=5240 sc=60 link=433 tx=6.0, 0.0, 0.0  rx=9.3 bcn=40156 [on:0 tx:0 rx:0 period:2] from screen [on:299243 period:1280783] score=60
10-17 16:32:29.607  3957  4129 D WifiStateMachine: fetchRssiLinkSpeedAndFrequencyNative rssi=-44 linkspeed=433 freq=5240
10-17 16:32:29.607  3957  4129 V WifiConfigManager: Updating scan detail cache freq=5240 BSSID=f4:6d:2f:12:cc:88 RSSI=-44 for "ourhome"WPA_PSK
10-17 16:32:29.611 11204 11491 I BatteryMgr:DataCollectionService: stats => 1697553149611,20,4308,-151,0,100
10-17 16:32:29.719 11204 11491 I BatteryMgr:DataCollectionService: stats => 1697553149719,20,4308,-151,0,100
10-17 16:32:29.825 11204 11491 I BatteryMgr:DataCollectionService: stats => 1697553149825,20,4308,-151,0,100
10-17 16:32:29.931 11204 11491 I BatteryMgr:DataCollectionService: stats => 1697553149931,20,4308,-151,0,100
10-17 16:32:30.037 11204 11491 I BatteryMgr:DataCollectionService: stats => 1697553150037,20,4308,-151,0,100
10-17 16:32:30.085  3957  4128 D WifiService: getConnectionInfo uid=1000
10-17 16:32:30.142 11204 11491 I BatteryMgr:DataCollectionService: stats => 1697553150141,20,4308,-151,0,100
10-17 16:32:30.250 11204 11491 I BatteryMgr:DataCollectionService: stats => 1697553150250,20,4308,-151,0,100
10-17 16:32:30.355 11204 11491 I BatteryMgr:DataCollectionService: stats => 1697553150355,20,4308,-151,0,100
10-17 16:32:30.462 11204 11491 I BatteryMgr:DataCollectionService: stats => 1697553150462,20,4308,-151,0,100
10-17 16:32:30.569 11204 11491 I BatteryMgr:DataCollectionService: stats => 1697553150569,20,4308,-151,0,100
10-17 16:32:30.603  3957  4129 D WifiStateMachine:  ConnectedState !RSSI_PKTCNT_FETCH uid=1000 rt=505163815/1215537980 0 0 "ourhome" f4:6d:2f:12:cc:88 rssi=-44 f=5240 sc=60 link=433 tx=6.0, 0.0, 0.0  rx=9.3 bcn=40156 [on:0 tx:0 rx:0 period:1001] from screen [on:299243 period:1281784] score=60
10-17 16:32:30.604  3957  4129 D WifiStateMachine:  L2ConnectedState !RSSI_PKTCNT_FETCH uid=1000 rt=505163817/1215537981 0 0 "ourhome" f4:6d:2f:12:cc:88 rssi=-44 f=5240 sc=60 link=433 tx=6.0, 0.0, 0.0  rx=9.3 bcn=40156 [on:0 tx:0 rx:0 period:1] from screen [on:299243 period:1281785] score=60
10-17 16:32:30.609  3957  4129 D WifiStateMachine: fetchRssiLinkSpeedAndFrequencyNative rssi=-45 linkspeed=433 freq=5240
10-17 16:32:30.610  3957  4129 V WifiConfigManager: Updating scan detail cache freq=5240 BSSID=f4:6d:2f:12:cc:88 RSSI=-44 for "ourhome"WPA_PSK
10-17 16:32:30.675 11204 11491 I BatteryMgr:DataCollectionService: stats => 1697553150675,20,4308,-151,0,100
10-17 16:32:30.781 11204 11491 I BatteryMgr:DataCollectionService: stats => 1697553150781,20,4308,-151,0,100
10-17 16:32:30.888 11204 11491 I BatteryMgr:DataCollectionService: stats => 1697553150888,20,4308,-151,0,100
10-17 16:32:30.993 11204 11491 I BatteryMgr:DataCollectionService: stats => 1697553150993,20,4308,-151,0,100
10-17 16:32:31.087  3957  4128 D WifiService: getConnectionInfo uid=1000
10-17 16:32:31.100 11204 11491 I BatteryMgr:DataCollectionService: stats => 1697553151100,20,4308,-151,0,100
10-17 16:32:31.207 11204 11491 I BatteryMgr:DataCollectionService: stats => 1697553151207,20,4308,-151,0,100
10-17 16:32:31.314 11204 11491 I BatteryMgr:DataCollectionService: stats => 1697553151314,20,4308,-151,0,100
10-17 16:32:31.421 11204 11491 I BatteryMgr:DataCollectionService: stats => 1697553151421,20,4308,-151,0,100
10-17 16:32:31.458  4961  4961 D io_stats: !@ 179,0 r 7703852 247811040 w 1652997 34379396 d 132912 33964236 f 385954 407113 iot 3412492 2985289 th 51200 0 0 pt 0 inp 0 0 505164.672
10-17 16:32:31.526 11204 11491 I BatteryMgr:DataCollectionService: stats => 1697553151526,20,4308,-151,0,100
10-17 16:32:31.604  3957  4129 D WifiStateMachine:  ConnectedState !RSSI_PKTCNT_FETCH uid=1000 rt=505164817/1215538981 0 0 "ourhome" f4:6d:2f:12:cc:88 rssi=-45 f=5240 sc=60 link=433 tx=6.0, 0.0, 0.0  rx=9.3 bcn=40156 [on:0 tx:0 rx:0 period:1000] from screen [on:299243 period:1282785] score=60
