10-17 16:24:36.048  3957  4157 D ConnectivityService: Network NetworkAgentInfo [WIFI () - 508] was already satisfying request 3. No change.
10-17 16:24:36.048  3957  4157 D ConnectivityService: sending notification AVAILABLE for NetworkRequest [ LISTEN id=1597, [ Capabilities: INTERNET&NOT_RESTRICTED&TRUSTED] ]
10-17 16:24:36.048  3599  3918 D DnsProxyListener: DNSDBG::dns addrinfo af 0
10-17 16:24:36.048  3957  4157 D ConnectivityService: sending notification CAP_CHANGED for NetworkRequest [ LISTEN id=1597, [ Capabilities: INTERNET&NOT_RESTRICTED&TRUSTED] ]
10-17 16:24:36.049  3957  4157 D ConnectivityService: sending notification IP_CHANGED for NetworkRequest [ LISTEN id=1597, [ Capabilities: INTERNET&NOT_RESTRICTED&TRUSTED] ]
10-17 16:24:36.050  3957  9774 D ConnectivityService: filterNetworkStateForUid() uid: 10044 networkInfo: [type: WIFI[] - WIFI, state: CONNECTED/CONNECTED, reason: (unspecified), extra: "ourhome", failover: false, available: true, roaming: false, metered: false]
10-17 16:24:36.050  3957  9774 D WifiService: getConnectionInfo uid=1000
10-17 16:24:36.051  3957  9774 D ConnectivityService: filterNetworkStateForUid() uid: 10044 networkInfo: [type: WIFI[] - WIFI, state: CONNECTED/CONNECTED, reason: (unspecified), extra: "ourhome", failover: false, available: true, roaming: false, metered: false]
10-17 16:24:36.051  3957  9774 D WifiService: getConnectionInfo uid=1000
10-17 16:24:36.065  9143  9170 W Settings: Setting download_manager_max_bytes_over_mobile has moved from android.provider.Settings.Secure to android.provider.Settings.Global.
10-17 16:24:36.066  9143  9170 I Finsky  : [16165] vob.j(33): SettingNotFoundException, fall through to G.downloadBytesOverMobileMaximum
10-17 16:24:36.066  9143  9170 W Settings: Setting download_manager_recommended_max_bytes_over_mobile has moved from android.provider.Settings.Secure to android.provider.Settings.Global.
10-17 16:24:36.068  9143  9170 I Finsky  : [16165] vob.i(31): SettingNotFoundException, fall through to G.downloadBytesOverMobileRecommended
10-17 16:24:36.074  4961  4961 D io_stats: !@ 179,0 r 7641136 245511616 w 1646657 34300204 d 132478 33950556 f 385083 406226 iot 3385420 2962557 th 51200 0 0 pt 0 inp 9 2 504689.287
10-17 16:24:36.078  9143  9170 I Finsky  : [16165] andp.d(7): registerListener
10-17 16:24:36.078  3957  9774 D StorageManagerService: getExternalStorageMountMode : 1
10-17 16:24:36.078  9143  9154 I zygote64: Background concurrent copying GC freed 22661(1295KB) AllocSpace objects, 4(80KB) LOS objects, 49% free, 3MB/7MB, paused 3.498ms total 131.252ms
10-17 16:24:36.079  3957  9774 D StorageManagerService: getExternalStorageMountMode : 3
10-17 16:24:36.079  3957  9774 D StorageManagerService: getExternalStorageMountMode : final mountMode=1, uid : 10169, packageName : org.mozilla.fenix
10-17 16:24:36.080  3957  9774 I ApplicationPolicy: isApplicationExternalStorageWhitelisted:org.mozilla.fenix user:0
10-17 16:24:36.080  9143  9173 I Finsky  : [16168] tgf.s(77): Enqueuing libraries load for 1276001251
10-17 16:24:36.080  3957  9774 D ApplicationPolicy: isApplicationExternalStorageWhitelisted: DO is not enabled on user 0. Allowed.
10-17 16:24:36.080  3957  9774 D ActivityManager: package  org.mozilla.fenix, user - 0 is SDcard whitelisted
10-17 16:24:36.080  3957  9774 I ApplicationPolicy: isApplicationExternalStorageBlacklisted:org.mozilla.fenix user:0
10-17 16:24:36.080  3957  9774 D ApplicationPolicy: isApplicationExternalStorageBlacklisted: DO is not enabled on user 0. Allowed.
10-17 16:24:36.080  9143  9208 I Finsky  : [16185] tgf.t(14): Starting libraries load for 1276001251
10-17 16:24:36.084  9143  9143 I Finsky  : [2] jqd.h(314): This process start was not selected for Play memory metrics collection.
10-17 16:24:36.090  9143  9173 I Finsky  : [16168] ahem.<init>(104): VerifyApps: Setup app restrictions monitor
10-17 16:24:36.101  9224  9224 E Zygote  : isWhitelistProcess - Process is Whitelisted
10-17 16:24:36.101  3957  9774 I ActivityManager: Start proc 9224:org.mozilla.fenix:utility/u0a169 for service org.mozilla.fenix/org.mozilla.gecko.process.GeckoChildProcessServices$utility
10-17 16:24:36.102  9224  9224 E libpersona: scanKnoxPersonas
10-17 16:24:36.102  9224  9224 E libpersona: Couldn't open the File - /data/system/users/0/personalist.xml - No such file or directory
10-17 16:24:36.102  9143  9172 I cr_CronetLibraryLoader: Cronet version: 114.0.5735.84, arch: aarch64
10-17 16:24:36.104  9143  9170 I Finsky  : [16165] andp.d(7): registerListener
10-17 16:24:36.107  9224  9224 W SELinux : SELinux selinux_android_compute_policy_index : Policy Index[2],  Con:u:r:zygote:s0 RAM:SEPF_SM-J720F_8.0.0_0002, [-1 -1 -1 -1 0 1]
10-17 16:24:36.108  9224  9224 I SELinux : SELinux: seapp_context_lookup: seinfo=untrusted, level=s0:c512,c768, pkgname=org.mozilla.fenix:utility 
10-17 16:24:36.108  3599  3918 D DnsProxyListener: DNSDBG::dns addrinfo af 0
10-17 16:24:36.112  3957  4554 D ConnectivityService: filterNetworkStateForUid() uid: 10044 networkInfo: [type: WIFI[] - WIFI, state: CONNECTED/CONNECTED, reason: (unspecified), extra: "ourhome", failover: false, available: true, roaming: false, metered: false]
10-17 16:24:36.112  3957  4554 D WifiService: getConnectionInfo uid=1000
10-17 16:24:36.121  3957  4554 D ConnectivityService: filterNetworkStateForUid() uid: 10044 networkInfo: [type: WIFI[] - WIFI, state: CONNECTED/CONNECTED, reason: (unspecified), extra: "ourhome", failover: false, available: true, roaming: false, metered: false]
10-17 16:24:36.121  3957  4554 D WifiService: getConnectionInfo uid=1000
10-17 16:24:36.131  9143  9173 I Finsky  : [16168] ahko.a(32): VerifyApps: Device wide unknown source restriction updated
10-17 16:24:36.131  8549  8809 I BatteryMgr:DataCollectionService: stats => 1697552676131,295,4308,285,0,100
10-17 16:24:36.132  9096  9096 D BoundBrokerSvc: onBind: Intent { act=com.google.android.gms.safetynet.service.START pkg=com.google.android.gms }
10-17 16:24:36.133  9096  9096 D BoundBrokerSvc: Loading bound service for intent: Intent { act=com.google.android.gms.safetynet.service.START pkg=com.google.android.gms }
10-17 16:24:36.142  3957  4460 D ConnectivityService: filterNetworkStateForUid() uid: 10044 networkInfo: [type: WIFI[] - WIFI, state: CONNECTED/CONNECTED, reason: (unspecified), extra: "ourhome", failover: false, available: true, roaming: false, metered: false]
10-17 16:24:36.142  3957  4460 D WifiService: getConnectionInfo uid=1000
10-17 16:24:36.143  3957 14960 D ConnectivityService: filterNetworkStateForUid() uid: 10044 networkInfo: [type: WIFI[] - WIFI, state: CONNECTED/CONNECTED, reason: (unspecified), extra: "ourhome", failover: false, available: true, roaming: false, metered: false]
10-17 16:24:36.143  3957 14960 D WifiService: getConnectionInfo uid=1000
10-17 16:24:36.144  9143  9143 I Finsky  : [2] mgj.onSubscriptionsChanged(6): onSubscriptionsChanged
10-17 16:24:36.161  9224  9224 D TimaKeyStoreProvider: TimaKeyStore is not enabled: cannot add TimaSignature Service and generateKeyPair Service
10-17 16:24:36.162  9224  9224 D ActivityThread: Added TimaKeyStore provider
10-17 16:24:36.164  3957  4460 I ActivityManager: DSS on for org.mozilla.fenix and scale is 1.0
10-17 16:24:36.172  8761  8859 V Surface : sf_framedrop debug : 0x4f4c, game : false, logging : 0
10-17 16:24:36.173  8761  8859 D mali_winsys: EGLint new_window_surface(egl_winsys_display *, void *, EGLSurface, EGLConfig, egl_winsys_surface **, egl_color_buffer_format *, EGLBoolean) returns 0x3000,  [372x514]-format:1
10-17 16:24:36.178  3957 14960 D ActivityManager: The following uid has registered to recieve broadcast for proxy related updates 10044
10-17 16:24:36.178  3957 14960 W ContextImpl: Calling a method in the system process without a qualified user: android.app.ContextImpl.sendBroadcast:971 com.android.server.am.ActivityManagerService.requestKnoxVpnToSendProxyBroadcast:29420 com.android.server.am.ActivityManagerService.registerReceiver:23161 android.app.IActivityManager$Stub.onTransact:176 com.android.server.am.ActivityManagerService.onTransact:3861 
10-17 16:24:36.180  3957  3957 D KnoxVpnEngineService: Vpn Receiver : com.samsung.android.knox.intent.action.VPN_PROXY_BROADCAST_INTERNAL
10-17 16:24:36.181  3957  4108 I KnoxVpnEngineService: vpn handle : Message received
10-17 16:24:36.191  9224  9224 I zygote64: no shared libraies, dex_files: 1
10-17 16:24:36.217  9096  9107 W GoogleCertificates: GoogleCertificates has been initialized already
10-17 16:24:36.242  8549  8809 I BatteryMgr:DataCollectionService: stats => 1697552676242,295,4308,285,0,100
10-17 16:24:36.266  9143  9238 I Finsky  : [16195] sgp.<init>(46): Item store provider started.
10-17 16:24:36.267  9224  9224 I FenixApplication: onTrimMemory(), level=10, main=false
10-17 16:24:36.268  9224  9224 I ServiceChildProcess: onCreate
10-17 16:24:36.277  9224  9261 I GeckoThread: preparing to run Gecko
10-17 16:24:36.278  9224  9261 W linker  : "/data/app/org.mozilla.fenix-iWpGOrf8cry6RDpwHyQugA==/lib/arm64/libmozglue.so" unused DT entry: type 0x8000024 arg 0x38f70
10-17 16:24:36.278  9224  9261 W linker  : "/data/app/org.mozilla.fenix-iWpGOrf8cry6RDpwHyQugA==/lib/arm64/libmozglue.so" unused DT entry: type 0x8000023 arg 0x1f8
10-17 16:24:36.278  9224  9261 W linker  : "/data/app/org.mozilla.fenix-iWpGOrf8cry6RDpwHyQugA==/lib/arm64/libmozglue.so" unused DT entry: type 0x8000025 arg 0x8
10-17 16:24:36.281  9224  9261 I GeckoLoader: Library base=/data/app/org.mozilla.fenix-iWpGOrf8cry6RDpwHyQugA==/lib/arm64
10-17 16:24:36.281  9224  9261 I GeckoLoader: Library base=/data/app/org.mozilla.fenix-iWpGOrf8cry6RDpwHyQugA==/lib/arm64
10-17 16:24:36.292  9143  9143 I Finsky  : [2] qur.y(24): Installer: Attempting to start installer
10-17 16:24:36.295  9224  9261 E GeckoLibLoad: Load sqlite start
10-17 16:24:36.297  9224  9261 W linker  : "/data/app/org.mozilla.fenix-iWpGOrf8cry6RDpwHyQugA==/lib/arm64/libnss3.so" unused DT entry: type 0x8000024 arg 0x14998
10-17 16:24:36.297  9224  9261 W linker  : "/data/app/org.mozilla.fenix-iWpGOrf8cry6RDpwHyQugA==/lib/arm64/libnss3.so" unused DT entry: type 0x8000023 arg 0x5c8
10-17 16:24:36.297  9224  9261 W linker  : "/data/app/org.mozilla.fenix-iWpGOrf8cry6RDpwHyQugA==/lib/arm64/libnss3.so" unused DT entry: type 0x8000025 arg 0x8
10-17 16:24:36.299  9224  9261 E GeckoLibLoad: Load sqlite done
10-17 16:24:36.299  9224  9261 I GeckoLoader: Library base=/data/app/org.mozilla.fenix-iWpGOrf8cry6RDpwHyQugA==/lib/arm64
10-17 16:24:36.299  9224  9261 E GeckoLibLoad: Load nss start
10-17 16:24:36.299  9224  9261 E GeckoLibLoad: Load nss done
10-17 16:24:36.299  9224  9261 I GeckoLoader: Library base=/data/app/org.mozilla.fenix-iWpGOrf8cry6RDpwHyQugA==/lib/arm64
10-17 16:24:36.303  9224  9261 W linker  : "/data/app/org.mozilla.fenix-iWpGOrf8cry6RDpwHyQugA==/lib/arm64/libxul.so" unused DT entry: type 0x8000024 arg 0x539420
10-17 16:24:36.304  9224  9261 W linker  : "/data/app/org.mozilla.fenix-iWpGOrf8cry6RDpwHyQugA==/lib/arm64/libxul.so" unused DT entry: type 0x8000023 arg 0x17d68
10-17 16:24:36.304  9224  9261 W linker  : "/data/app/org.mozilla.fenix-iWpGOrf8cry6RDpwHyQugA==/lib/arm64/libxul.so" unused DT entry: type 0x8000025 arg 0x8
10-17 16:24:36.321  9143  9208 I Finsky  : [16185] tgf.t(284): Loaded library for account: [y0_1NG5HTmzf0bF7VytAKz9iHAD6w7yU52Le3i0fi68]
10-17 16:24:36.322  9143  9208 I Finsky  : [16185] tgf.t(353): Finished loading 1 libraries.
10-17 16:24:36.340  9143  9143 I Finsky  : [2] andp.d(7): registerListener
10-17 16:24:36.349  9224  9261 E GeckoLibLoad: Loaded libs in 49.285307ms total, 12ms(12ms) user, 24ms(24ms) system, 0(0) faults
10-17 16:24:36.349  9224  9261 W GeckoThread: zerdatime 1215063728 - runGecko
10-17 16:24:36.357  8549  8809 I BatteryMgr:DataCollectionService: stats => 1697552676357,295,4308,285,0,100
10-17 16:24:36.376  9143  9143 I Finsky  : [2] aayz.<init>(264): Initializing pausers from value store.
10-17 16:24:36.378  9143  9143 I Finsky  : [2] aayz.<init>(321): setup::RES: Callers (Pausers) in PauseUpdatesCallersValueStore: []
10-17 16:24:36.379  9224  9261 W linker  : "/data/app/org.mozilla.fenix-iWpGOrf8cry6RDpwHyQugA==/lib/arm64/libmozavutil.so" unused DT entry: type 0x8000024 arg 0x5340
10-17 16:24:36.379  9224  9261 W linker  : "/data/app/org.mozilla.fenix-iWpGOrf8cry6RDpwHyQugA==/lib/arm64/libmozavutil.so" unused DT entry: type 0x8000023 arg 0x220
10-17 16:24:36.379  9224  9261 W linker  : "/data/app/org.mozilla.fenix-iWpGOrf8cry6RDpwHyQugA==/lib/arm64/libmozavutil.so" unused DT entry: type 0x8000025 arg 0x8
10-17 16:24:36.381  9224  9261 W linker  : "/data/app/org.mozilla.fenix-iWpGOrf8cry6RDpwHyQugA==/lib/arm64/libmozavcodec.so" unused DT entry: type 0x8000024 arg 0x3330
10-17 16:24:36.381  9224  9261 W linker  : "/data/app/org.mozilla.fenix-iWpGOrf8cry6RDpwHyQugA==/lib/arm64/libmozavcodec.so" unused DT entry: type 0x8000023 arg 0x358
10-17 16:24:36.381  9224  9261 W linker  : "/data/app/org.mozilla.fenix-iWpGOrf8cry6RDpwHyQugA==/lib/arm64/libmozavcodec.so" unused DT entry: type 0x8000025 arg 0x8
10-17 16:24:36.392  3957  4554 D ConnectivityService: filterNetworkStateForUid() uid: 10044 networkInfo: [type: WIFI[] - WIFI, state: CONNECTED/CONNECTED, reason: (unspecified), extra: "ourhome", failover: false, available: true, roaming: false, metered: false]
10-17 16:24:36.393  3957  4554 D WifiService: getConnectionInfo uid=1000
10-17 16:24:36.393  9224  9261 W AudioCapabilities: Unsupported mime audio/mpeg-L1
10-17 16:24:36.393  9224  9261 W AudioCapabilities: Unsupported mime audio/mpeg-L2
10-17 16:24:36.394  3957  4554 D ConnectivityService: filterNetworkStateForUid() uid: 10044 networkInfo: [type: WIFI[] - WIFI, state: CONNECTED/CONNECTED, reason: (unspecified), extra: "ourhome", failover: false, available: true, roaming: false, metered: false]
10-17 16:24:36.395  3957  4554 D WifiService: getConnectionInfo uid=1000
10-17 16:24:36.398  9143  9143 I Finsky  : [2] qur.R(15): Installer: Installer kick - no action, not running yet
10-17 16:24:36.403  9143  9143 I Finsky  : [2] tys.onTrimMemory(13): Memory trim requested to level 80
10-17 16:24:36.404  9143  9143 I Finsky  : [2] nre.accept(78): Flushing in-memory image cache
10-17 16:24:36.408  9224  9261 W AudioCapabilities: Unsupported mime audio/x-ms-wma
10-17 16:24:36.410  9224  9261 W AudioCapabilities: Unsupported mime audio/x-ima
10-17 16:24:36.426  9224  9261 W VideoCapabilities: Unrecognized profile 2130706433 for video/avc
10-17 16:24:36.426  9224  9261 W VideoCapabilities: Unrecognized profile 2130706434 for video/avc
10-17 16:24:36.428  9224  9261 W VideoCapabilities: Unrecognized profile 2130706433 for video/avc
10-17 16:24:36.429  9224  9261 W VideoCapabilities: Unrecognized profile 2130706434 for video/avc
10-17 16:24:36.443  9224  9261 W VideoCapabilities: Unrecognized profile 2130706433 for video/avc
10-17 16:24:36.443  9224  9261 W VideoCapabilities: Unrecognized profile 2130706434 for video/avc
10-17 16:24:36.446  9224  9261 W VideoCapabilities: Unsupported mime video/avc-wfd
10-17 16:24:36.465  3599  3918 D DnsProxyListener: DNSDBG::dns addrinfo af 0
10-17 16:24:36.470  8549  8809 I BatteryMgr:DataCollectionService: stats => 1697552676469,295,4308,285,0,100
10-17 16:24:36.487  9224  9261 I VideoCapabilities: Unsupported profile 4 for video/mp4v-es
10-17 16:24:36.527  9224  9261 W VideoCapabilities: Unrecognized profile/level 1/32 for video/mp4v-es
10-17 16:24:36.527  9224  9261 W VideoCapabilities: Unrecognized profile/level 32768/2 for video/mp4v-es
10-17 16:24:36.527  9224  9261 W VideoCapabilities: Unrecognized profile/level 32768/64 for video/mp4v-es
10-17 16:24:36.534  9224  9261 W VideoCapabilities: Unsupported mime video/wvc1
10-17 16:24:36.538  9224  9261 W VideoCapabilities: Unsupported mime video/x-ms-wmv
10-17 16:24:36.541  9224  9261 W VideoCapabilities: Unsupported mime video/x-ms-wmv7
10-17 16:24:36.544  9224  9261 W VideoCapabilities: Unsupported mime video/x-ms-wmv8
10-17 16:24:36.547  9143  9274 I Finsky  : [16215] tmv.G(6): getDownloads()
10-17 16:24:36.549  9224  9261 W VideoCapabilities: Unsupported mime video/mp43
10-17 16:24:36.561  9224  9261 W AudioCapabilities: Unsupported mime audio/mpeg-L1
10-17 16:24:36.561  9224  9261 W AudioCapabilities: Unsupported mime audio/mpeg-L2
10-17 16:24:36.561  9224  9261 W AudioCapabilities: Unsupported mime audio/x-ms-wma
10-17 16:24:36.562  9224  9261 W AudioCapabilities: Unsupported mime audio/x-ima
10-17 16:24:36.563  9224  9261 W VideoCapabilities: Unrecognized profile 2130706433 for video/avc
10-17 16:24:36.563  9224  9261 W VideoCapabilities: Unrecognized profile 2130706434 for video/avc
10-17 16:24:36.566  9224  9261 W VideoCapabilities: Unrecognized profile/level 1/32 for video/mp4v-es
10-17 16:24:36.566  9224  9261 W VideoCapabilities: Unrecognized profile/level 32768/2 for video/mp4v-es
10-17 16:24:36.566  9224  9261 W VideoCapabilities: Unrecognized profile/level 32768/64 for video/mp4v-es
10-17 16:24:36.567  9224  9261 W VideoCapabilities: Unsupported mime video/wvc1
10-17 16:24:36.568  9224  9261 W VideoCapabilities: Unsupported mime video/x-ms-wmv
10-17 16:24:36.568  9224  9261 W VideoCapabilities: Unsupported mime video/x-ms-wmv7
10-17 16:24:36.569  9224  9261 W VideoCapabilities: Unsupported mime video/x-ms-wmv8
10-17 16:24:36.570  9224  9261 W VideoCapabilities: Unsupported mime video/mp43
10-17 16:24:36.578  8549  8809 I BatteryMgr:DataCollectionService: stats => 1697552676578,295,4308,285,0,100
10-17 16:24:36.601  3957  4554 D StorageManagerService: getExternalStorageMountMode : 3
10-17 16:24:36.602  3957  4554 D StorageManagerService: getExternalStorageMountMode : 3
10-17 16:24:36.602  3957  4554 D StorageManagerService: getExternalStorageMountMode : final mountMode=3, uid : 10044, packageName : com.android.vending
10-17 16:24:36.603  3957  4554 I ApplicationPolicy: isApplicationExternalStorageWhitelisted:com.android.vending user:0
10-17 16:24:36.603  3957  4554 D ApplicationPolicy: isApplicationExternalStorageWhitelisted: DO is not enabled on user 0. Allowed.
10-17 16:24:36.603  3957  4554 D ActivityManager: package  com.android.vending, user - 0 is SDcard whitelisted
10-17 16:24:36.603  3957  4554 I ApplicationPolicy: isApplicationExternalStorageBlacklisted:com.android.vending user:0
10-17 16:24:36.603  3957  4554 D ApplicationPolicy: isApplicationExternalStorageBlacklisted: DO is not enabled on user 0. Allowed.
10-17 16:24:36.620  3957  4554 I ActivityManager: Start proc 9285:com.android.vending:background/u0a44 for service com.android.vending/com.google.android.finsky.ipcservers.background.BackgroundGrpcServerAndroidService
10-17 16:24:36.620  9285  9285 E Zygote  : isWhitelistProcess - Process is Whitelisted
10-17 16:24:36.621  9285  9285 E libpersona: scanKnoxPersonas
10-17 16:24:36.621  9285  9285 E libpersona: Couldn't open the File - /data/system/users/0/personalist.xml - No such file or directory
10-17 16:24:36.624  9285  9285 W SELinux : SELinux selinux_android_compute_policy_index : Policy Index[2],  Con:u:r:zygote:s0 RAM:SEPF_SM-J720F_8.0.0_0002, [-1 -1 -1 -1 0 1]
10-17 16:24:36.625  9285  9285 I SELinux : SELinux: seapp_context_lookup: seinfo=gmscore, level=s0:c512,c768, pkgname=com.android.vending:background 
10-17 16:24:36.650  3957  4084 D InputReader: Input event(3): value=1 when=504689864611000
10-17 16:24:36.650  3957  4084 D InputReader: Input event(3): value=1 when=504689864611000
10-17 16:24:36.651  3957  4084 I InputReader: Touch event's action is 0x0 (deviceType=0) [pCnt=1, s=0.2283 ] when=504689864611000
10-17 16:24:36.651  3957  4083 I InputDispatcher: Delivering touch to (4340): action: 0x4, toolType: 1
10-17 16:24:36.651  3957  4083 I InputDispatcher: Delivering touch to (8593): action: 0x0, toolType: 1
10-17 16:24:36.652  8593  8593 D ViewRootImpl@6a20c26[App]: ViewPostIme pointer 0
10-17 16:24:36.660  9285  9285 D TimaKeyStoreProvider: TimaKeyStore is not enabled: cannot add TimaSignature Service and generateKeyPair Service
10-17 16:24:36.660  9285  9285 D ActivityThread: Added TimaKeyStore provider
10-17 16:24:36.666  3957  4554 I ActivityManager: DSS on for com.android.vending and scale is 1.0
10-17 16:24:36.686  8549  8809 I BatteryMgr:DataCollectionService: stats => 1697552676686,295,4308,285,0,100
10-17 16:24:36.691  9285  9285 I zygote64: no shared libraies, dex_files: 1
10-17 16:24:36.758  3957  4084 D InputReader: Input event(3): value=0 when=504689909614000
10-17 16:24:36.758  3957  4084 D InputReader: Input event(3): value=0 when=504689909614000
10-17 16:24:36.758  3957  4084 I InputReader: Touch event's action is 0x1 (deviceType=0) [pCnt=1, s=] when=504689909614000
10-17 16:24:36.759  3957  4083 I InputDispatcher: Delivering touch to (8593): action: 0x1, toolType: 1
10-17 16:24:36.760  8593  8593 D ViewRootImpl@6a20c26[App]: ViewPostIme pointer 1
10-17 16:24:36.765  9285  9285 W ResourceType: ResTable_typeSpec entry count inconsistent: given 212, previously 242
10-17 16:24:36.798  8549  8809 I BatteryMgr:DataCollectionService: stats => 1697552676798,295,4308,285,0,100
10-17 16:24:36.820  9285  9285 I Finsky:background: [2] khj.i(84): Process created at version: 37.9.18-21 [0] [PR] 571399392
10-17 16:24:36.854  3957  4128 D WifiService: getConnectionInfo uid=1000
10-17 16:24:36.855  8593  8624 D GeckoIdleService: Get idle time: time since reset 91 msec
10-17 16:24:36.855  8593  8624 D GeckoIdleService: Idle timer callback: current idle time 91 msec
10-17 16:24:36.855  8593  8624 D GeckoIdleService: next timeout 4909 msec from now
10-17 16:24:36.855  8593  8624 D GeckoIdleService: SetTimerExpiryIfBefore: next timeout 4909 msec from now
10-17 16:24:36.855  8593  8624 D GeckoIdleService: reset timer expiry to 4919 msec from now
10-17 16:24:36.909  8549  8809 I BatteryMgr:DataCollectionService: stats => 1697552676909,295,4308,285,0,100
10-17 16:24:36.984  3957  4129 D WifiStateMachine:  ConnectedState !RSSI_PKTCNT_FETCH uid=1000 rt=504690197/1215064361 0 0 "ourhome" f4:6d:2f:12:cc:88 rssi=-51 f=5240 sc=60 link=433 tx=363.5, 27.0, 0.0  rx=448.5 bcn=35672 [on:0 tx:0 rx:0 period:1000] from screen [on:196306 period:808165] score=60
10-17 16:24:36.986  3957  4129 D WifiStateMachine:  L2ConnectedState !RSSI_PKTCNT_FETCH uid=1000 rt=504690199/1215064363 0 0 "ourhome" f4:6d:2f:12:cc:88 rssi=-51 f=5240 sc=60 link=433 tx=363.5, 27.0, 0.0  rx=448.5 bcn=35672 [on:0 tx:0 rx:0 period:2] from screen [on:196306 period:808167] score=60
10-17 16:24:36.987  3957  4129 D WifiStateMachine: fetchRssiLinkSpeedAndFrequencyNative rssi=-52 linkspeed=433 freq=5240
10-17 16:24:36.987  3957  4129 V WifiConfigManager: Updating scan detail cache freq=5240 BSSID=f4:6d:2f:12:cc:88 RSSI=-51 for "ourhome"WPA_PSK
10-17 16:24:37.022  8549  8809 I BatteryMgr:DataCollectionService: stats => 1697552677022,295,4308,285,0,100
10-17 16:24:37.045  9285  9285 I Finsky:background: [2] aiff.bk(289): Finished reading experiment flags from file [0tGUNCGIkbk4o6-fQ335kUYSKwVj4lusnHT-A5Dsy08] numFlags=1260.
10-17 16:24:37.052  2479  2548 D ScanRecord: Not a Multi Manu data
10-17 16:24:37.103  2479  2548 I chatty  : uid=1002(bluetooth) BT Service Call identical 89 lines
10-17 16:24:37.103  2479  2548 D ScanRecord: Not a Multi Manu data
10-17 16:24:37.105  9285  9285 I Finsky:background: [2] aiff.bk(289): Finished reading experiment flags from file [cDXKMAm20gnql81lkHY0kpZ363Z9OGuPpqWoMw-jNkY] numFlags=1786.
10-17 16:24:37.117  2479  2548 D ScanRecord: Not a Multi Manu data
10-17 16:24:37.118  2479  2548 I chatty  : uid=1002(bluetooth) BT Service Call identical 11 lines
10-17 16:24:37.118  2479  2548 D ScanRecord: Not a Multi Manu data
10-17 16:24:37.129  8549  8809 I BatteryMgr:DataCollectionService: stats => 1697552677129,295,4308,285,0,100
10-17 16:24:37.132  2479  2548 D ScanRecord: Not a Multi Manu data
10-17 16:24:37.139  2479  2548 I chatty  : uid=1002(bluetooth) BT Service Call identical 24 lines
10-17 16:24:37.139  2479  2548 D ScanRecord: Not a Multi Manu data
10-17 16:24:37.151  9285  9285 I Finsky:background: [2] wib.<init>(76): wht - Registering in memory receiver for android.intent.action.PACKAGE_ADDED and android.intent.action.PACKAGE_REMOVED
10-17 16:24:37.153  2479  2548 D ScanRecord: Not a Multi Manu data
10-17 16:24:37.199  2479  2548 I chatty  : uid=1002(bluetooth) BT Service Call identical 63 lines
10-17 16:24:37.199  2479  2548 D ScanRecord: Not a Multi Manu data
10-17 16:24:37.205  9285  9285 I Finsky:background: [2] scp.onCreate(9): IPC-SERVER: Starting gRPC host service...
10-17 16:24:37.225  2479  2548 D ScanRecord: Not a Multi Manu data
10-17 16:24:37.235  2479  2548 I chatty  : uid=1002(bluetooth) BT Service Call identical 24 lines
10-17 16:24:37.235  2479  2548 D ScanRecord: Not a Multi Manu data
10-17 16:24:37.241  8549  8809 I BatteryMgr:DataCollectionService: stats => 1697552677240,295,4308,285,0,100
10-17 16:24:37.244  2479  2548 D ScanRecord: Not a Multi Manu data
10-17 16:24:37.248  2479  2548 I chatty  : uid=1002(bluetooth) BT Service Call identical 24 lines
10-17 16:24:37.248  2479  2548 D ScanRecord: Not a Multi Manu data
10-17 16:24:37.266  9285  9285 I Finsky:background: [2] jqd.h(314): This process start was not selected for Play memory metrics collection.
10-17 16:24:37.266  2479  2548 D ScanRecord: Not a Multi Manu data
10-17 16:24:37.281  2479  2548 I chatty  : uid=1002(bluetooth) BT Service Call identical 50 lines
10-17 16:24:37.281  2479  2548 D ScanRecord: Not a Multi Manu data
10-17 16:24:37.281  9285  9285 I Finsky:background: [2] tys.onTrimMemory(13): Memory trim requested to level 80
10-17 16:24:37.284  2479  2548 D ScanRecord: Not a Multi Manu data
10-17 16:24:37.294  2479  2548 I chatty  : uid=1002(bluetooth) BT Service Call identical 37 lines
10-17 16:24:37.294  2479  2548 D ScanRecord: Not a Multi Manu data
10-17 16:24:37.296  9285  9315 I Finsky:background: [16180] nrj.i(6): getDownloads()
10-17 16:24:37.302  2479  2548 D ScanRecord: Not a Multi Manu data
10-17 16:24:37.321  2479  2548 I chatty  : uid=1002(bluetooth) BT Service Call identical 37 lines
10-17 16:24:37.321  2479  2548 D ScanRecord: Not a Multi Manu data
10-17 16:24:37.350  8549  8809 I BatteryMgr:DataCollectionService: stats => 1697552677350,295,4308,285,0,100
10-17 16:24:37.357  2479  2548 D ScanRecord: Not a Multi Manu data
10-17 16:24:37.421  2479  2548 I chatty  : uid=1002(bluetooth) BT Service Call identical 141 lines
10-17 16:24:37.421  2479  2548 D ScanRecord: Not a Multi Manu data
10-17 16:24:37.436  9285  9317 D ConnectivityManager: requestNetwork; CallingUid : 10044, CallingPid : 9285
10-17 16:24:37.437  2479  2548 D ScanRecord: Not a Multi Manu data
10-17 16:24:37.439  3957  4554 D ConnectivityService: requestNetwork for uid/pid:10044/9285 NetworkRequest [ TRACK_DEFAULT id=1598, [ Capabilities: INTERNET&NOT_RESTRICTED&TRUSTED&NOT_VPN] ]
10-17 16:24:37.439  2479  2548 I chatty  : uid=1002(bluetooth) BT Service Call identical 24 lines
10-17 16:24:37.439  2479  2548 D ScanRecord: Not a Multi Manu data
10-17 16:24:37.440  3957  4157 D ConnectivityService: rematching NetworkAgentInfo [WIFI () - 508]
10-17 16:24:37.440  3957  4157 D ConnectivityService:  network has: [ Transports: WIFI Capabilities: NOT_METERED&INTERNET&NOT_RESTRICTED&TRUSTED&NOT_VPN&VALIDATED&FOREGROUND LinkUpBandwidth>=1048576Kbps LinkDnBandwidth>=1048576Kbps SignalStrength: -51]
10-17 16:24:37.440  3957  4157 D ConnectivityService: Network NetworkAgentInfo [WIFI () - 508] was already satisfying request 1596. No change.
10-17 16:24:37.440  3957  4157 D ConnectivityService:   checking if request is satisfied: NetworkRequest [ TRACK_DEFAULT id=1598, [ Capabilities: INTERNET&NOT_RESTRICTED&TRUSTED&NOT_VPN] ]
10-17 16:24:37.440  3957  4157 D ConnectivityService: currentScore = 0, newScore = 100
10-17 16:24:37.440  3957  4157 D ConnectivityService: rematch for NetworkAgentInfo [WIFI () - 508]
10-17 16:24:37.441  3957  4157 D ConnectivityService:    accepting network in place of null
10-17 16:24:37.441  3957  4157 D ConnectivityService: sending new Min Network Score(100): NetworkRequest [ TRACK_DEFAULT id=1598, [ Capabilities: INTERNET&NOT_RESTRICTED&TRUSTED&NOT_VPN] ]
10-17 16:24:37.441  3957  4313 D Ethernet: got request NetworkRequest [ TRACK_DEFAULT id=1598, [ Capabilities: INTERNET&NOT_RESTRICTED&TRUSTED&NOT_VPN] ] with score 100
10-17 16:24:37.441  3957  4313 D Ethernet:   my score=-1, my filter=[ Transports: ETHERNET Capabilities: INTERNET&NOT_RESTRICTED&TRUSTED&NOT_VPN LinkUpBandwidth>=100000Kbps LinkDnBandwidth>=100000Kbps]
10-17 16:24:37.441  3957  4313 D Ethernet: evalRequest
10-17 16:24:37.441  3957  4313 D Ethernet:   done
10-17 16:24:37.441  2479  2548 D ScanRecord: Not a Multi Manu data
10-17 16:24:37.441  3957  4157 D ConnectivityService: MultiNetwork Request(TransportType - Wi-Fi request). Internet Capability doesn't required (false)
10-17 16:24:37.441  3957  4157 D ConnectivityService: Network NetworkAgentInfo [WIFI () - 508] was already satisfying request 1. No change.
10-17 16:24:37.441  3957  4157 D ConnectivityService: Network NetworkAgentInfo [WIFI () - 508] was already satisfying request 1593. No change.
10-17 16:24:37.441  3957  4157 D ConnectivityService: Network NetworkAgentInfo [WIFI () - 508] was already satisfying request 3. No change.
10-17 16:24:37.442  2479  2548 I chatty  : uid=1002(bluetooth) BT Service Call identical 8 lines
10-17 16:24:37.442  3957  4153 D WIFI_P2P: got request NetworkRequest [ TRACK_DEFAULT id=1598, [ Capabilities: INTERNET&NOT_RESTRICTED&TRUSTED&NOT_VPN] ] with score 100
10-17 16:24:37.442  2479  2548 D ScanRecord: Not a Multi Manu data
10-17 16:24:37.442  2479  2548 D ScanRecord: Not a Multi Manu data
10-17 16:24:37.442  3957  4157 D ConnectivityService: sending notification AVAILABLE for NetworkRequest [ TRACK_DEFAULT id=1598, [ Capabilities: INTERNET&NOT_RESTRICTED&TRUSTED&NOT_VPN] ]
10-17 16:24:37.442  3957  4153 D WIFI_P2P:   my score=60, my filter=[ Transports: WIFI Capabilities: WIFI_P2P&NOT_RESTRICTED&TRUSTED&NOT_VPN LinkUpBandwidth>=1048576Kbps LinkDnBandwidth>=1048576Kbps]
10-17 16:24:37.442  3957  4153 D WIFI_P2P: evalRequest
10-17 16:24:37.442  3957  4153 D WIFI_P2P:   done
10-17 16:24:37.442  2479  2548 D ScanRecord: Not a Multi Manu data
10-17 16:24:37.442  4616  4616 D PhoneSwitcherNetworkRequstListener: got request NetworkRequest [ TRACK_DEFAULT id=1598, [ Capabilities: INTERNET&NOT_RESTRICTED&TRUSTED&NOT_VPN] ] with score 100
10-17 16:24:37.442  2479  2548 D ScanRecord: Not a Multi Manu data
10-17 16:24:37.442  3957  4157 D ConnectivityService: sending notification CAP_CHANGED for NetworkRequest [ TRACK_DEFAULT id=1598, [ Capabilities: INTERNET&NOT_RESTRICTED&TRUSTED&NOT_VPN] ]
10-17 16:24:37.442  4616  4616 D PhoneSwitcherNetworkRequstListener:   my score=101, my filter=[ Transports: CELLULAR Capabilities: MMS&SUPL&DUN&FOTA&IMS&CBS&IA&RCS&XCAP&EIMS&INTERNET&NOT_RESTRICTED&TRUSTED&NOT_VPN&ENT1 Specifier: <android.net.MatchAllNetworkSpecifier@0>]
10-17 16:24:37.442  4616  4616 D PhoneSwitcherNetworkRequstListener: evalRequest
10-17 16:24:37.442  4616  4616 D PhoneSwitcherNetworkRequstListener:   needNetworkFor
10-17 16:24:37.442  3957  4157 D ConnectivityService: sending notification IP_CHANGED for NetworkRequest [ TRACK_DEFAULT id=1598, [ Capabilities: INTERNET&NOT_RESTRICTED&TRUSTED&NOT_VPN] ]
10-17 16:24:37.443  3957  4554 D ConnectivityService: filterNetworkStateForUid() uid: 10044 networkInfo: [type: WIFI[] - WIFI, state: CONNECTED/CONNECTED, reason: (unspecified), extra: "ourhome", failover: false, available: true, roaming: false, metered: false]
10-17 16:24:37.443  3957  4554 D WifiService: getConnectionInfo uid=1000
10-17 16:24:37.443  3957  4129 D WIFI    : got request NetworkRequest [ TRACK_DEFAULT id=1598, [ Capabilities: INTERNET&NOT_RESTRICTED&TRUSTED&NOT_VPN] ] with score 100
10-17 16:24:37.443  3957  4129 D WIFI    :   my score=60, my filter=[ Transports: WIFI Capabilities: NOT_METERED&INTERNET&NOT_RESTRICTED&TRUSTED&NOT_VPN LinkUpBandwidth>=1048576Kbps LinkDnBandwidth>=1048576Kbps]
10-17 16:24:37.443  3957  4129 D WIFI    : evalRequest
10-17 16:24:37.443  3957  4129 D WIFI    :   done
10-17 16:24:37.444  3957  4129 D WIFI_UT : got request NetworkRequest [ TRACK_DEFAULT id=1598, [ Capabilities: INTERNET&NOT_RESTRICTED&TRUSTED&NOT_VPN] ] with score 100
10-17 16:24:37.444  3957  4129 D WIFI_UT :   my score=2147483647, my filter=[ Transports: WIFI Capabilities: NOT_METERED&INTERNET&NOT_RESTRICTED&TRUSTED&NOT_VPN LinkUpBandwidth>=1048576Kbps LinkDnBandwidth>=1048576Kbps]
10-17 16:24:37.444  3957  4129 D WIFI_UT : evalRequest
10-17 16:24:37.444  3957  4129 D WIFI_UT :   needNetworkFor
10-17 16:24:37.444  3957  4554 D WifiService: getConnectionInfo uid=1000
10-17 16:24:37.447  2479  2548 D ScanRecord: Not a Multi Manu data
10-17 16:24:37.454  2479  2548 I chatty  : uid=1002(bluetooth) BT Service Call identical 24 lines
10-17 16:24:37.454  2479  2548 D ScanRecord: Not a Multi Manu data
10-17 16:24:37.459  8549  8809 I BatteryMgr:DataCollectionService: stats => 1697552677459,295,4308,285,0,100
10-17 16:24:37.469  2479  2548 D ScanRecord: Not a Multi Manu data
10-17 16:24:37.470  2479  2548 I chatty  : uid=1002(bluetooth) BT Service Call identical 11 lines
10-17 16:24:37.470  2479  2548 D ScanRecord: Not a Multi Manu data
10-17 16:24:37.473  9143  9215 I Finsky  : [16190] tmv.G(6): getDownloads()
10-17 16:24:37.475  9285  9315 I Finsky:background: [16180] nrj.i(6): getDownloads()
10-17 16:24:37.483  9143  9273 I Finsky  : [16214] qsd.run(251): Installer: Installer starting
10-17 16:24:37.484  9143  9273 I Finsky  : [16214] qsd.run(275): Installer: Installer started
10-17 16:24:37.485  2479  2548 D ScanRecord: Not a Multi Manu data
10-17 16:24:37.507  2479  2548 I chatty  : uid=1002(bluetooth) BT Service Call identical 50 lines
10-17 16:24:37.507  2479  2548 D ScanRecord: Not a Multi Manu data
10-17 16:24:37.508  9143  9149 I zygote64: Do partial code cache collection, code=2312B, data=30KB
10-17 16:24:37.509  9143  9149 I zygote64: After code cache collection, code=2312B, data=30KB
10-17 16:24:37.509  9143  9149 I zygote64: Increasing code cache capacity to 128KB
10-17 16:24:37.518  9143  9143 I Finsky  : [2] qur.R(85): Installer: found apps to install. apps=[]
10-17 16:24:37.519  3957  4554 I chatty  : uid=1000(system) Binder:3957_5 identical 2 lines
10-17 16:24:37.519  3957  4554 D WifiService: getConnectionInfo uid=1000
10-17 16:24:37.520  3957  4554 D ConnectivityService: filterNetworkStateForUid() uid: 10044 networkInfo: [type: WIFI[] - WIFI, state: CONNECTED/CONNECTED, reason: (unspecified), extra: "ourhome", failover: false, available: true, roaming: false, metered: false]
10-17 16:24:37.520  3957  4554 D WifiService: getConnectionInfo uid=1000
10-17 16:24:37.533  9143  9319 I Finsky  : [16224] qyo.a(796): IV2: found recoverable installs: []
10-17 16:24:37.534  2479  2548 D ScanRecord: Not a Multi Manu data
10-17 16:24:37.551  2479  2548 I chatty  : uid=1002(bluetooth) BT Service Call identical 50 lines
10-17 16:24:37.551  2479  2548 D ScanRecord: Not a Multi Manu data
10-17 16:24:37.552  9143  9143 I Finsky  : [2] scp.onCreate(9): IPC-SERVER: Starting gRPC host service...
10-17 16:24:37.571  8549  8809 I BatteryMgr:DataCollectionService: stats => 1697552677571,295,4308,285,0,100
10-17 16:24:37.578  9285  9285 I Finsky:background: [2] tys.onTrimMemory(13): Memory trim requested to level 80
10-17 16:24:37.579  9143  9143 I Finsky  : [2] tys.onTrimMemory(13): Memory trim requested to level 80
10-17 16:24:37.579  9143  9143 I Finsky  : [2] nre.accept(78): Flushing in-memory image cache
10-17 16:24:37.615  9143  9322 I Finsky  : [16227] reg.D(6): IQ: Pruning inactive install requests
10-17 16:24:37.624  9143  9322 I Finsky  : [16227] zxg.<init>(55): Resetting scheduler db
10-17 16:24:37.638  9143  9208 I Finsky  : [16185] yqw.accept(377): SCH: Scheduling phonesky job Id: 1-1337, CT: 1697551873078, Constraints: [{ L: 42197804, D: 85397804, C: 1, I: 1, N: 1 }]
10-17 16:24:37.639  9143  9208 I Finsky  : [16185] yqw.accept(377): SCH: Scheduling phonesky job Id: 3-332, CT: 1697552454998, Constraints: [{ L: 0, D: 86400000, C: 2, I: 2, N: 1 }]
10-17 16:24:37.640  9143  9208 I Finsky  : [16185] yqw.accept(377): SCH: Scheduling phonesky job Id: 10-4, CT: 1697551872535, Constraints: [{ L: 1200000, D: 86400000, C: 1, I: 1, N: 1 }]
10-17 16:24:37.640  9143  9208 I Finsky  : [16185] yqw.accept(377): SCH: Scheduling phonesky job Id: 24-77777777, CT: 1697551874271, Constraints: [{ L: 1, D: 82800000, C: 1, I: 2, N: 0 }]
10-17 16:24:37.641  9143  9208 I Finsky  : [16185] yqw.accept(377): SCH: Scheduling phonesky job Id: 26-1414141414, CT: 1697525905960, Constraints: [{ L: 43199989, D: 44099989, C: 1, I: 1, N: 0 }]
10-17 16:24:37.642  9143  9208 I Finsky  : [16185] yqw.accept(377): SCH: Scheduling phonesky job Id: 34-362, CT: 1697551877693, Constraints: [{ L: 604800000, D: 2572059579, C: 2, I: 2, N: 2 }, { L: 604800000, D: 2572059579, C: 1, I: 2, N: 2 }]
10-17 16:24:37.642  9143  9208 I Finsky  : [16185] yqw.accept(377): SCH: Scheduling phonesky job Id: 34-363, CT: 1697551877693, Constraints: [{ L: 53229764, D: 1349229764, C: 1, I: 1, N: 1 }]
10-17 16:24:37.643  9143  9208 I Finsky  : [16185] yqw.accept(377): SCH: Scheduling phonesky job Id: 34-364, CT: 1697551877694, Constraints: [{ L: 10487021, D: 1306487021, C: 2, I: 2, N: 2 }, { L: 10487021, D: 1306487021, C: 1, I: 2, N: 2 }]
10-17 16:24:37.644  9143  9208 I Finsky  : [16185] yqw.accept(377): SCH: Scheduling phonesky job Id: 34-365, CT: 1697551877694, Constraints: [{ L: 71440115, D: 1367440115, C: 1, I: 1, N: 2 }]
10-17 16:24:37.653  9143  9143 I Finsky  : [2] abey.a(9): Connecting InstallListener to SplitInstallService broadcaster...
10-17 16:24:37.676  9143  9200 I Finsky  : [16179] zwv.apply(1036): SCH: Scheduling 0 system job(s)
10-17 16:24:37.681  8549  8809 I BatteryMgr:DataCollectionService: stats => 1697552677680,295,4308,285,0,100
10-17 16:24:37.689  9143  9326 I Finsky  : [16231] zxa.apply(33): SCH: Canceling job 3-332
10-17 16:24:37.695  9143  9208 I Finsky  : [16185] zwu.a(15): SCH: no pending jobs to schedule.
10-17 16:24:37.698  8685  8982 I zygote  : Deoptimizing void X.1D7.afterExecute(java.lang.Runnable, java.lang.Throwable) due to JIT inline cache
10-17 16:24:37.725  9143  9322 I Finsky  : [16227] rdv.apply(1416): IQ: Creating job 333, for (REQ_CHARGING, REQ_DEVICE_IDLE, REQ_GEARHEAD_PROJECTION_OFF, NETWORK=ANY, PROVISIONING_STATE=PROVISIONED, BACKUP_MANAGER_STATE=BACKUP_READY, PROCESS_IMPORTANCE_THRESHOLD=125)
10-17 16:24:37.757  9143  9322 I Finsky  : [16227] reg.G(93): IQ: Bulk scheduling created jobs
10-17 16:24:37.763  9143  9174 D NetworkSecurityConfig: No Network Security Config specified, using platform default
10-17 16:24:37.770  9143  9174 I System.out: (HTTPLog)-Static: isSBSettingEnabled false
10-17 16:24:37.771  9143  9174 I System.out: (HTTPLog)-Static: isSBSettingEnabled false
10-17 16:24:37.773  3599  3918 D DnsProxyListener: DNSDBG::dns addrinfo af 0
10-17 16:24:37.791  8549  8809 I BatteryMgr:DataCollectionService: stats => 1697552677790,295,4308,285,0,100
10-17 16:24:37.856  3957  4128 D WifiService: getConnectionInfo uid=1000
10-17 16:24:37.900  8549  8809 I BatteryMgr:DataCollectionService: stats => 1697552677899,295,4308,285,0,100
10-17 16:24:37.903  8685  9329 W fb4a.FBInjector: Setting Application: com.facebook.katana.app.FacebookApplication@e97ecf8 with classloader: dalvik.system.PathClassLoader@69717083
10-17 16:24:37.915  3957  4554 D SamsungAlarmManager: setExact Intent (T:2/F:1/AC:false) 20231017T162855 - CU:10103/CP:8685
10-17 16:24:37.916  3957  4554 D ConnectivityService: filterNetworkStateForUid() uid: 10044 networkInfo: [type: WIFI[] - WIFI, state: CONNECTED/CONNECTED, reason: (unspecified), extra: "ourhome", failover: false, available: true, roaming: false, metered: false]
10-17 16:24:37.917  3957  4554 D WifiService: getConnectionInfo uid=1000
10-17 16:24:37.918  3957  4554 D ConnectivityService: filterNetworkStateForUid() uid: 10044 networkInfo: [type: WIFI[] - WIFI, state: CONNECTED/CONNECTED, reason: (unspecified), extra: "ourhome", failover: false, available: true, roaming: false, metered: false]
10-17 16:24:37.918  3957  4554 D WifiService: getConnectionInfo uid=1000
10-17 16:24:37.927  9143  9213 I Finsky  : [16189] yqw.accept(377): SCH: Scheduling phonesky job Id: 3-333, CT: 1697552677759, Constraints: [{ L: 0, D: 86400000, C: 2, I: 2, N: 1 }]
10-17 16:24:37.939  9143  9215 I Finsky  : [16190] zwv.apply(1036): SCH: Scheduling 0 system job(s)
10-17 16:24:37.986  3957  4129 D WifiStateMachine:  ConnectedState !RSSI_PKTCNT_FETCH uid=1000 rt=504691199/1215065363 0 0 "ourhome" f4:6d:2f:12:cc:88 rssi=-52 f=5240 sc=60 link=433 tx=363.5, 27.0, 0.0  rx=448.5 bcn=35672 [on:0 tx:0 rx:0 period:1000] from screen [on:196306 period:809167] score=60
10-17 16:24:37.987  3957  4129 D WifiStateMachine:  L2ConnectedState !RSSI_PKTCNT_FETCH uid=1000 rt=504691200/1215065364 0 0 "ourhome" f4:6d:2f:12:cc:88 rssi=-52 f=5240 sc=60 link=433 tx=363.5, 27.0, 0.0  rx=448.5 bcn=35672 [on:0 tx:0 rx:0 period:1] from screen [on:196306 period:809168] score=60
10-17 16:24:37.988  3957  4129 D WifiStateMachine: fetchRssiLinkSpeedAndFrequencyNative rssi=-49 linkspeed=433 freq=5240
10-17 16:24:37.988  3957  4129 V WifiConfigManager: Updating scan detail cache freq=5240 BSSID=f4:6d:2f:12:cc:88 RSSI=-49 for "ourhome"WPA_PSK
10-17 16:24:38.013  8549  8809 I BatteryMgr:DataCollectionService: stats => 1697552678013,295,4308,285,0,100
10-17 16:24:38.014  8685  8982 W zygote  : JNI RegisterNativeMethods: attempt to register 0 native methods for com.facebook.omnistore.OmnistoreCollectionFrontendHolder
10-17 16:24:38.080  3957  4084 D InputReader: Input event(3): value=1 when=504691294503000
10-17 16:24:38.080  3957  4084 D InputReader: Input event(3): value=1 when=504691294503000
10-17 16:24:38.080  3957  4084 I InputReader: Touch event's action is 0x0 (deviceType=0) [pCnt=1, s=0.2284 ] when=504691294503000
10-17 16:24:38.081  3957  4083 I InputDispatcher: Delivering touch to (4340): action: 0x4, toolType: 1
10-17 16:24:38.081  3957  4083 I InputDispatcher: Delivering touch to (8593): action: 0x0, toolType: 1
10-17 16:24:38.081  8593  8593 D ViewRootImpl@6a20c26[App]: ViewPostIme pointer 0
10-17 16:24:38.093  9096  9096 D BoundBrokerSvc: onUnbind: Intent { act=com.google.android.mobstore.service.START pkg=com.google.android.gms }
10-17 16:24:38.123  8549  8809 I BatteryMgr:DataCollectionService: stats => 1697552678123,295,4308,285,0,100
10-17 16:24:38.124  3957  4084 D InputReader: Input event(3): value=0 when=504691338493000
10-17 16:24:38.124  3957  4084 D InputReader: Input event(3): value=0 when=504691338493000
10-17 16:24:38.124  3957  4084 I InputReader: Touch event's action is 0x1 (deviceType=0) [pCnt=1, s=] when=504691338493000
10-17 16:24:38.124  3957  4083 I InputDispatcher: Delivering touch to (8593): action: 0x1, toolType: 1
10-17 16:24:38.126  8593  8593 D ViewRootImpl@6a20c26[App]: ViewPostIme pointer 1
10-17 16:24:38.231  8549  8809 I BatteryMgr:DataCollectionService: stats => 1697552678230,295,4308,285,0,100
10-17 16:24:38.245  3957  4129 D WifiStateMachine:  ConnectedState !CMD_RSSI_POLL rt=504691458/1215065622 81 0 "ourhome" f4:6d:2f:12:cc:88 rssi=-49 f=5240 sc=60 link=433 tx=363.5, 27.0, 0.0  rx=448.5 bcn=35672 [on:0 tx:0 rx:0 period:257] from screen [on:196306 period:809425] score=60
10-17 16:24:38.246  3957  4129 D WifiStateMachine:  L2ConnectedState !CMD_RSSI_POLL rt=504691459/1215065623 81 0 "ourhome" f4:6d:2f:12:cc:88 rssi=-49 f=5240 sc=60 link=433 tx=363.5, 27.0, 0.0  rx=448.5 bcn=35672 [on:0 tx:0 rx:0 period:2] from screen [on:196306 period:809427] score=60
10-17 16:24:38.247  3957  4129 D WifiStateMachine:  get link layer stats 3
10-17 16:24:38.247  3436  3436 I android.hardware.wifi@1.0-service: getLinkLayerStats
10-17 16:24:38.250  3957  4129 D WifiStateMachine: fetchRssiLinkSpeedAndFrequencyNative rssi=-47 linkspeed=433 freq=5240
10-17 16:24:38.250  3957  4129 V WifiConfigManager: Updating scan detail cache freq=5240 BSSID=f4:6d:2f:12:cc:88 RSSI=-47 for "ourhome"WPA_PSK
10-17 16:24:38.254  4340  4340 E SignalClusterView: setSlotFocusVisible : subId -2
10-17 16:24:38.254  4340  4340 E SignalClusterView: setSlotFocusVisible : subId -2
10-17 16:24:38.340  8549  8809 I BatteryMgr:DataCollectionService: stats => 1697552678339,295,4308,285,0,100
10-17 16:24:38.389  8685  9074 W fb4a.lacrima: FbErrorReportingConfig.postStartupInit
10-17 16:24:38.449  8549  8809 I BatteryMgr:DataCollectionService: stats => 1697552678448,295,4308,285,0,100
10-17 16:24:38.466  8685  9074 W fb4a.Fixie: Initialize FB4A_APP_LOADED_UI_IDLE on thread: CombinedTP14
10-17 16:24:38.473  8685  9074 W fb4a.Fixie: Initialize ULimitFixer
10-17 16:24:38.473  8685  9074 W fb4a.Fixie: Initialize MemoryRedFixer
10-17 16:24:38.497  8685  9074 W fb4a.Fixie: Initialize ContentProviderFixer
10-17 16:24:38.497  8685  9074 W fb4a.Fixie: Initialize ActivityStackResetterFixer
10-17 16:24:38.498  8685  9074 W fb4a.Fixie/ActivityStackResetterFixer: Enable Activity Stack Resetter
10-17 16:24:38.499  8685  9074 W fb4a.Fixie: Initialize GcOptimizerFixer
10-17 16:24:38.499  8685  9074 W fb4a.Fixie: Initialize ActivityThreadProtector
10-17 16:24:38.501  8685  9074 W fb4a.Fixie: Initialize HuaweiStackTraceFixer
10-17 16:24:38.502  8685  9074 W fb4a.Fixie: Initialize SamsungContextLeakFixer
10-17 16:24:38.503  8685  9074 W fb4a.Fixie: Initialize SharedPrefsANRFixer
10-17 16:24:38.506  8685  9074 W fb4a.Fixie: Initialize TransactionTooLargeDebugger
10-17 16:24:38.506  8685  9074 W fb4a.Fixie: Initialize ForegroundServiceDebugger
10-17 16:24:38.506  8685  9074 W fb4a.Fixie: Initialize BadNotificationDebugger
10-17 16:24:38.514  8685  9074 W fb4a.Fixie: Initialize ACodecFixer
10-17 16:24:38.515  8685  9074 W fb4a.Fixie: Initialize PackageInfoCache
10-17 16:24:38.515  8685  9074 W fb4a.Fixie: Initialize ApplicationThreadHook
10-17 16:24:38.536  8685  9074 D ArtDistract: Attempting to hook method. Resolved orig method holder in java: no
10-17 16:24:38.536  8685  9074 D OffsetFinder: findOffsetCustom: found value 524313 at 4 (with arg: 25)
10-17 16:24:38.537  8685  9074 D ArtDistract: Did find a symbol at idx 0 while calling findFunc_ClassLinker_GetQuickOatCodeFor.
10-17 16:24:38.543  8685  9074 D ArtDistract: Hook of ClassLinkerFinder-no-objptr succeeded. Try force fast hook: no Is Direct Jump: no errmsg: 
10-17 16:24:38.543  8685  9074 D ArtDistract: ClassLinkerFinder was enabled. Errmsg: 
10-17 16:24:38.543  8685  9074 D ArtDistract: Generating a proxy method while looking for ClassLinker
10-17 16:24:38.544  8685  9074 D ArtDistract: Was found call for clslinker NO objptr
10-17 16:24:38.544  8685  9074 D OffsetFinder: findOffsetWithVal: found val 4069646145 at 28
10-17 16:24:38.544  8685  9074 D ArtDistract: We successfully inited ART distract.
10-17 16:24:38.544  8685  9074 D ArtDistract: 	 We found the entry_point_from_quick_compiled_code_ offset of art method at 28.
10-17 16:24:38.544  8685  9074 D ArtDistract: 	 We found the ART ClassLinker 0xf298f140.
10-17 16:24:38.544  8685  9074 D ArtDistract: 	 We did not need ART Method size[-2] mirror::Object offset[-1].
10-17 16:24:38.544  8685  9074 D ArtDistract: 	 The interpreter to compiled code offset was not needed.
10-17 16:24:38.544  8685  9074 D ArtDistract: ART Distract DID init.
10-17 16:24:38.544  8685  9074 D ArtDistract: 	 Access Flag offset[4]: yes
10-17 16:24:38.544  8685  9074 D ArtDistract: 	 Call Proxy Init Success: yes
10-17 16:24:38.544  8685  9074 D ArtDistract: 	 has init symbols: Not needed
10-17 16:24:38.544  8685  9074 D ArtDistract: 	 has inited DexCache resolve method updating: Not needed
10-17 16:24:38.544  8685  9074 D ArtDistract: Successfully finished hooking method 0x6ffa28fc.
10-17 16:24:38.545  8685  9074 W fb4a.Fixie: Initialize AppCoordinator
10-17 16:24:38.545  8685  9074 W fb4a.Fixie: Initialize BrowserLiteCookieManagerFixer
10-17 16:24:38.545  8685  9074 W fb4a.Fixie: Initialize MainThreadIpcMonitor
10-17 16:24:38.558  8549  8809 I BatteryMgr:DataCollectionService: stats => 1697552678557,295,4308,285,0,100
10-17 16:24:38.680  8549  8809 I BatteryMgr:DataCollectionService: stats => 1697552678680,295,4308,285,0,100
10-17 16:24:38.796  8549  8809 I BatteryMgr:DataCollectionService: stats => 1697552678796,295,4308,285,0,100
10-17 16:24:38.859  3957  4128 D WifiService: getConnectionInfo uid=1000
10-17 16:24:38.907  8549  8809 I BatteryMgr:DataCollectionService: stats => 1697552678907,295,4308,285,0,100
10-17 16:24:38.988  3957  4129 D WifiStateMachine:  ConnectedState !RSSI_PKTCNT_FETCH uid=1000 rt=504692200/1215066364 0 0 "ourhome" f4:6d:2f:12:cc:88 rssi=-47 f=5240 sc=60 link=433 tx=329.0, 12.4, 0.0  rx=404.5 bcn=35698 [on:0 tx:0 rx:0 period:735] from screen [on:198868 period:810168] score=60
10-17 16:24:38.989  3957  4129 D WifiStateMachine:  L2ConnectedState !RSSI_PKTCNT_FETCH uid=1000 rt=504692202/1215066366 0 0 "ourhome" f4:6d:2f:12:cc:88 rssi=-47 f=5240 sc=60 link=433 tx=329.0, 12.4, 0.0  rx=404.5 bcn=35698 [on:0 tx:0 rx:0 period:2] from screen [on:198868 period:810170] score=60
10-17 16:24:38.995  3957  4129 D WifiStateMachine: fetchRssiLinkSpeedAndFrequencyNative rssi=-46 linkspeed=433 freq=5240
10-17 16:24:38.995  3957  4129 V WifiConfigManager: Updating scan detail cache freq=5240 BSSID=f4:6d:2f:12:cc:88 RSSI=-46 for "ourhome"WPA_PSK
10-17 16:24:39.016  8549  8809 I BatteryMgr:DataCollectionService: stats => 1697552679016,295,4308,285,0,100
10-17 16:24:39.119  8685  8697 I zygote  : Do full code cache collection, code=122KB, data=115KB
10-17 16:24:39.120  8685  8697 I zygote  : After code cache collection, code=98KB, data=59KB
10-17 16:24:39.132  8549  8809 I BatteryMgr:DataCollectionService: stats => 1697552679132,295,4308,285,0,100
10-17 16:24:39.157  3957  4084 D InputReader: Input event(3): value=1 when=504692371016000
