10-17 16:29:20.371  9986 10287 I BatteryMgr:DataCollectionService: stats => 1697552960370,-191,4308,-183,0,100
10-17 16:29:20.477  9986 10287 I BatteryMgr:DataCollectionService: stats => 1697552960476,-191,4308,-183,0,100
10-17 16:29:20.583  9986 10287 I BatteryMgr:DataCollectionService: stats => 1697552960583,-191,4308,-183,0,100
10-17 16:29:20.591  3957  4128 D WifiService: getConnectionInfo uid=1000
10-17 16:29:20.687  9986 10287 I BatteryMgr:DataCollectionService: stats => 1697552960687,-191,4308,-183,0,100
10-17 16:29:20.793  9986 10287 I BatteryMgr:DataCollectionService: stats => 1697552960793,-191,4308,-183,0,100
10-17 16:29:20.901  9986 10287 I BatteryMgr:DataCollectionService: stats => 1697552960901,-191,4308,-183,0,100
10-17 16:29:21.005  9986 10287 I BatteryMgr:DataCollectionService: stats => 1697552961004,-191,4308,-183,0,100
10-17 16:29:21.110  9986 10287 I BatteryMgr:DataCollectionService: stats => 1697552961110,-191,4308,-183,0,100
10-17 16:29:21.218  9986 10287 I BatteryMgr:DataCollectionService: stats => 1697552961218,-191,4308,-183,0,100
10-17 16:29:21.287  4961  4961 D io_stats: !@ 179,0 r 7681453 246912596 w 1650210 34346456 d 132761 33959284 f 385434 406587 iot 3402016 2976493 th 51200 0 0 pt 0 inp 0 0 504974.501
10-17 16:29:21.322  9986 10287 I BatteryMgr:DataCollectionService: stats => 1697552961322,-191,4308,-183,0,100
10-17 16:29:21.344  3957  4129 D WifiStateMachine:  ConnectedState !RSSI_PKTCNT_FETCH uid=1000 rt=504974556/1215348720 0 0 "ourhome" f4:6d:2f:12:cc:88 rssi=-46 f=5240 sc=60 link=433 tx=11.7, 0.0, 0.0  rx=33.4 bcn=38346 [on:0 tx:0 rx:0 period:999] from screen [on:264223 period:1092524] score=60
10-17 16:29:21.346  3957  4129 D WifiStateMachine:  L2ConnectedState !RSSI_PKTCNT_FETCH uid=1000 rt=504974558/1215348722 0 0 "ourhome" f4:6d:2f:12:cc:88 rssi=-46 f=5240 sc=60 link=433 tx=11.7, 0.0, 0.0  rx=33.4 bcn=38346 [on:0 tx:0 rx:0 period:2] from screen [on:264223 period:1092526] score=60
10-17 16:29:21.352  3957  4129 D WifiStateMachine: fetchRssiLinkSpeedAndFrequencyNative rssi=-46 linkspeed=433 freq=5240
10-17 16:29:21.352  3957  4129 V WifiConfigManager: Updating scan detail cache freq=5240 BSSID=f4:6d:2f:12:cc:88 RSSI=-45 for "ourhome"WPA_PSK
10-17 16:29:21.427  9986 10287 I BatteryMgr:DataCollectionService: stats => 1697552961427,-191,4308,-183,0,100
10-17 16:29:21.532  9986 10287 I BatteryMgr:DataCollectionService: stats => 1697552961532,-191,4308,-183,0,100
10-17 16:29:21.593  3957  4128 D WifiService: getConnectionInfo uid=1000
10-17 16:29:21.636  9986 10287 I BatteryMgr:DataCollectionService: stats => 1697552961636,-191,4308,-183,0,100
10-17 16:29:21.740  9986 10287 I BatteryMgr:DataCollectionService: stats => 1697552961740,-191,4308,-183,0,100
10-17 16:29:21.847  9986 10287 I BatteryMgr:DataCollectionService: stats => 1697552961846,-191,4308,-183,0,100
10-17 16:29:21.953  9986 10287 I BatteryMgr:DataCollectionService: stats => 1697552961953,-191,4308,-183,0,100
10-17 16:29:22.058  2479  2548 D ScanRecord: Not a Multi Manu data
10-17 16:29:22.058  2479  2548 I chatty  : uid=1002(bluetooth) BT Service Call identical 2 lines
10-17 16:29:22.058  9986 10287 I BatteryMgr:DataCollectionService: stats => 1697552962058,-191,4308,-183,0,100
10-17 16:29:22.058  2479  2548 D ScanRecord: Not a Multi Manu data
10-17 16:29:22.058  2479  2548 D ScanRecord: Not a Multi Manu data
10-17 16:29:22.122  2479  2548 I chatty  : uid=1002(bluetooth) BT Service Call identical 59 lines
10-17 16:29:22.122  2479  2548 D ScanRecord: Not a Multi Manu data
10-17 16:29:22.126  3957  4129 D WifiStateMachine:  ConnectedState !CMD_RSSI_POLL rt=504975338/1215349502 81 0 "ourhome" f4:6d:2f:12:cc:88 rssi=-46 f=5240 sc=60 link=433 tx=11.7, 0.0, 0.0  rx=33.4 bcn=38346 [on:0 tx:0 rx:0 period:781] from screen [on:264223 period:1093307] score=60
10-17 16:29:22.127  3957  4129 D WifiStateMachine:  L2ConnectedState !CMD_RSSI_POLL rt=504975340/1215349504 81 0 "ourhome" f4:6d:2f:12:cc:88 rssi=-46 f=5240 sc=60 link=433 tx=11.7, 0.0, 0.0  rx=33.4 bcn=38346 [on:0 tx:0 rx:0 period:1] from screen [on:264223 period:1093308] score=60
10-17 16:29:22.127  3957  4129 D WifiStateMachine:  get link layer stats 3
10-17 16:29:22.127  2479  2548 D ScanRecord: Not a Multi Manu data
10-17 16:29:22.127  3436  3436 I android.hardware.wifi@1.0-service: getLinkLayerStats
10-17 16:29:22.128  2479  2548 I chatty  : uid=1002(bluetooth) BT Service Call identical 11 lines
10-17 16:29:22.128  2479  2548 D ScanRecord: Not a Multi Manu data
10-17 16:29:22.131  3957  4129 D WifiStateMachine: fetchRssiLinkSpeedAndFrequencyNative rssi=-42 linkspeed=433 freq=5240
10-17 16:29:22.131  3957  4129 V WifiConfigManager: Updating scan detail cache freq=5240 BSSID=f4:6d:2f:12:cc:88 RSSI=-43 for "ourhome"WPA_PSK
10-17 16:29:22.134  4340  4340 E SignalClusterView: setSlotFocusVisible : subId -2
10-17 16:29:22.134  4340  4340 E SignalClusterView: setSlotFocusVisible : subId -2
10-17 16:29:22.160  2479  2548 D ScanRecord: Not a Multi Manu data
10-17 16:29:22.161  2479  2548 I chatty  : uid=1002(bluetooth) BT Service Call identical 11 lines
10-17 16:29:22.161  2479  2548 D ScanRecord: Not a Multi Manu data
10-17 16:29:22.166  9986 10287 I BatteryMgr:DataCollectionService: stats => 1697552962166,-191,4308,-183,0,100
10-17 16:29:22.166  2479  2548 D ScanRecord: Not a Multi Manu data
10-17 16:29:22.265  2479  2548 I chatty  : uid=1002(bluetooth) BT Service Call identical 76 lines
10-17 16:29:22.265  2479  2548 D ScanRecord: Not a Multi Manu data
10-17 16:29:22.270  9986 10287 I BatteryMgr:DataCollectionService: stats => 1697552962270,-191,4308,-183,0,100
10-17 16:29:22.272  2479  2548 D ScanRecord: Not a Multi Manu data
10-17 16:29:22.334  2479  2548 I chatty  : uid=1002(bluetooth) BT Service Call identical 63 lines
10-17 16:29:22.334  2479  2548 D ScanRecord: Not a Multi Manu data
10-17 16:29:22.345  3957  4129 D WifiStateMachine:  ConnectedState !RSSI_PKTCNT_FETCH uid=1000 rt=504975558/1215349722 0 0 "ourhome" f4:6d:2f:12:cc:88 rssi=-42 f=5240 sc=60 link=433 tx=9.4, 0.0, 0.0  rx=37.0 bcn=38375 [on:0 tx:0 rx:0 period:211] from screen [on:266033 period:1093526] score=60
10-17 16:29:22.347  3957  4129 D WifiStateMachine:  L2ConnectedState !RSSI_PKTCNT_FETCH uid=1000 rt=504975559/1215349723 0 0 "ourhome" f4:6d:2f:12:cc:88 rssi=-42 f=5240 sc=60 link=433 tx=9.4, 0.0, 0.0  rx=37.0 bcn=38375 [on:0 tx:0 rx:0 period:1] from screen [on:266033 period:1093527] score=60
10-17 16:29:22.348  3957  4129 D WifiStateMachine: fetchRssiLinkSpeedAndFrequencyNative rssi=-42 linkspeed=433 freq=5240
10-17 16:29:22.348  3957  4129 V WifiConfigManager: Updating scan detail cache freq=5240 BSSID=f4:6d:2f:12:cc:88 RSSI=-42 for "ourhome"WPA_PSK
10-17 16:29:22.367  2479  2548 D ScanRecord: Not a Multi Manu data
10-17 16:29:22.372  2479  2548 I chatty  : uid=1002(bluetooth) BT Service Call identical 37 lines
10-17 16:29:22.372  2479  2548 D ScanRecord: Not a Multi Manu data
10-17 16:29:22.374  9986 10287 I BatteryMgr:DataCollectionService: stats => 1697552962374,-191,4308,-183,0,100
10-17 16:29:22.386  2479  2548 D ScanRecord: Not a Multi Manu data
10-17 16:29:22.476  2479  2548 I chatty  : uid=1002(bluetooth) BT Service Call identical 63 lines
10-17 16:29:22.476  2479  2548 D ScanRecord: Not a Multi Manu data
10-17 16:29:22.480  9986 10287 I BatteryMgr:DataCollectionService: stats => 1697552962480,-191,4308,-183,0,100
10-17 16:29:22.495  2479  2548 D ScanRecord: Not a Multi Manu data
10-17 16:29:22.552  2479  2548 I chatty  : uid=1002(bluetooth) BT Service Call identical 76 lines
10-17 16:29:22.552  2479  2548 D ScanRecord: Not a Multi Manu data
10-17 16:29:22.586  9986 10287 I BatteryMgr:DataCollectionService: stats => 1697552962586,-191,4308,-183,0,100
10-17 16:29:22.595  3957  4128 D WifiService: getConnectionInfo uid=1000
10-17 16:29:22.690  9986 10287 I BatteryMgr:DataCollectionService: stats => 1697552962690,-191,4308,-183,0,100
10-17 16:29:22.796  9986 10287 I BatteryMgr:DataCollectionService: stats => 1697552962796,-191,4308,-183,0,100
10-17 16:29:22.904  9986 10287 I BatteryMgr:DataCollectionService: stats => 1697552962904,-191,4308,-183,0,100
10-17 16:29:23.009  9986 10287 I BatteryMgr:DataCollectionService: stats => 1697552963009,-191,4308,-183,0,100
10-17 16:29:23.116  9986 10287 I BatteryMgr:DataCollectionService: stats => 1697552963116,-191,4308,-183,0,100
10-17 16:29:23.221  9986 10287 I BatteryMgr:DataCollectionService: stats => 1697552963221,-191,4308,-183,0,100
10-17 16:29:23.328  9986 10287 I BatteryMgr:DataCollectionService: stats => 1697552963327,-191,4308,-183,0,100
10-17 16:29:23.343  3957  4416 E Watchdog: !@Sync 16826 [2023-10-17 16:29:23.343]
10-17 16:29:23.346  3957  4129 D WifiStateMachine:  ConnectedState !RSSI_PKTCNT_FETCH uid=1000 rt=504976559/1215350723 0 0 "ourhome" f4:6d:2f:12:cc:88 rssi=-42 f=5240 sc=60 link=433 tx=9.4, 0.0, 0.0  rx=37.0 bcn=38375 [on:0 tx:0 rx:0 period:1000] from screen [on:266033 period:1094527] score=60
10-17 16:29:23.348  3957  4129 D WifiStateMachine:  L2ConnectedState !RSSI_PKTCNT_FETCH uid=1000 rt=504976560/1215350725 0 0 "ourhome" f4:6d:2f:12:cc:88 rssi=-42 f=5240 sc=60 link=433 tx=9.4, 0.0, 0.0  rx=37.0 bcn=38375 [on:0 tx:0 rx:0 period:1] from screen [on:266033 period:1094528] score=60
10-17 16:29:23.353  3957  4129 D WifiStateMachine: fetchRssiLinkSpeedAndFrequencyNative rssi=-45 linkspeed=433 freq=5240
10-17 16:29:23.353  3957  4129 V WifiConfigManager: Updating scan detail cache freq=5240 BSSID=f4:6d:2f:12:cc:88 RSSI=-43 for "ourhome"WPA_PSK
10-17 16:29:23.434  9986 10287 I BatteryMgr:DataCollectionService: stats => 1697552963434,-191,4308,-183,0,100
10-17 16:29:23.541  9986 10287 I BatteryMgr:DataCollectionService: stats => 1697552963540,-218,4308,-183,0,100
10-17 16:29:23.598  3957  4128 D WifiService: getConnectionInfo uid=1000
10-17 16:29:23.608  3957  6478 D SSRM:k  : SIOP:: AP = 420, PST = 385 (W:12), BAT = 236, USB = 0, CHG = 0
10-17 16:29:23.633  3957  6478 D ac      : broadcastSiopLevelIntent:: currentSiopLevel = -1
10-17 16:29:23.642  3957  6478 D TelephonyManager: getAllCellInfo : Caller (PID / UID / TID): 3957 / 1000 / 6478
10-17 16:29:23.655  3957  3972 D StorageManagerService: getExternalStorageMountMode : 1
10-17 16:29:23.656  3957  3972 D StorageManagerService: getExternalStorageMountMode : 3
10-17 16:29:23.656  3957  3972 D StorageManagerService: getExternalStorageMountMode : final mountMode=1, uid : 5009, packageName : com.samsung.android.scloud
10-17 16:29:23.660  3957  3972 I ApplicationPolicy: isApplicationExternalStorageWhitelisted:com.samsung.android.scloud user:0
10-17 16:29:23.661  3957  3972 D ApplicationPolicy: isApplicationExternalStorageWhitelisted: DO is not enabled on user 0. Allowed.
10-17 16:29:23.661  3957  3972 D ActivityManager: package  com.samsung.android.scloud, user - 0 is SDcard whitelisted
10-17 16:29:23.661  3957  3972 I ApplicationPolicy: isApplicationExternalStorageBlacklisted:com.samsung.android.scloud user:0
10-17 16:29:23.661  3957  3972 D ApplicationPolicy: isApplicationExternalStorageBlacklisted: DO is not enabled on user 0. Allowed.
10-17 16:29:23.689 10763 10763 E Zygote  : isWhitelistProcess - Process is Whitelisted
10-17 16:29:23.690 10763 10763 E libpersona: scanKnoxPersonas
10-17 16:29:23.690 10763 10763 E libpersona: Couldn't open the File - /data/system/users/0/personalist.xml - No such file or directory
10-17 16:29:23.695  3957  3972 I ActivityManager: Start proc 10763:com.samsung.android.scloud/5009 for broadcast com.samsung.android.scloud/.common.SCloudReceiver
10-17 16:29:23.695  3957  3972 W ActivityManager: Slow operation: 53ms so far, now at startProcess: done starting proc!
10-17 16:29:23.700  9986 10287 I BatteryMgr:DataCollectionService: stats => 1697552963699,-218,4308,-169,0,100
10-17 16:29:23.704 10763 10763 W SELinux : SELinux selinux_android_compute_policy_index : Policy Index[2],  Con:u:r:zygote:s0 RAM:SEPF_SM-J720F_8.0.0_0002, [-1 -1 -1 -1 0 1]
10-17 16:29:23.708 10763 10763 I SELinux : SELinux: seapp_context_lookup: seinfo=platform, level=s0:c512,c768, pkgname=com.samsung.android.scloud 
10-17 16:29:23.806  9986 10287 I BatteryMgr:DataCollectionService: stats => 1697552963806,-218,4308,-169,0,100
10-17 16:29:23.809  3957  6478 D WifiService: getConnectionInfo uid=1000
10-17 16:29:23.824 10763 10763 D TimaKeyStoreProvider: TimaKeyStore is not enabled: cannot add TimaSignature Service and generateKeyPair Service
10-17 16:29:23.826 10763 10763 D ActivityThread: Added TimaKeyStore provider
10-17 16:29:23.830  3957  6478 I SensorService: createSensorEventConnection package name f.z
10-17 16:29:23.834  3957  6478 D SensorService: Calling batch handle==3 flags=0 rate=200000000 timeout== 0
10-17 16:29:23.835  3434  3434 I Sensors : ProximitySensor:enable: handle 3, en 1, old_en 0
10-17 16:29:23.840  3957  4654 I ActivityManager: DSS on for com.samsung.android.scloud and scale is 1.0
10-17 16:29:23.893  3957  6478 D SensorManager: registerListener :: 3, STK3013 Proximity, 200000, 0,  
10-17 16:29:23.894  3434  3434 I Sensors : ProximitySensor:readEvents: value 8(cm)
10-17 16:29:23.895  3957  3957 D SensorManager: Proximity, val = 8.0  [far]
10-17 16:29:23.898  3957  3957 D SensorService: Calling activate off 3
10-17 16:29:23.898  3434  4028 I Sensors : ProximitySensor:enable: handle 3, en 0, old_en 1
10-17 16:29:23.900  3957  3957 D SensorManager: unregisterListener ::   
10-17 16:29:23.911  9986 10287 I BatteryMgr:DataCollectionService: stats => 1697552963911,-218,4308,-169,0,100
10-17 16:29:24.018  9986 10287 I BatteryMgr:DataCollectionService: stats => 1697552964018,-218,4308,-169,0,100
10-17 16:29:24.026  3957  4654 D BatteryService: !@BatteryListener : batteryPropertiesChanged!
10-17 16:29:24.123  9986 10287 I BatteryMgr:DataCollectionService: stats => 1697552964123,-218,4308,-169,0,100
10-17 16:29:24.229  9986 10287 I BatteryMgr:DataCollectionService: stats => 1697552964228,-218,4308,-169,0,100
10-17 16:29:24.319 10763 10763 I zygote64: no shared libraies, dex_files: 1
10-17 16:29:24.336  9986 10287 I BatteryMgr:DataCollectionService: stats => 1697552964336,-218,4308,-169,0,100
10-17 16:29:24.347  3957  4129 D WifiStateMachine:  ConnectedState !RSSI_PKTCNT_FETCH uid=1000 rt=504977560/1215351724 0 0 "ourhome" f4:6d:2f:12:cc:88 rssi=-45 f=5240 sc=60 link=433 tx=9.4, 0.0, 0.0  rx=37.0 bcn=38375 [on:0 tx:0 rx:0 period:1000] from screen [on:266033 period:1095528] score=60
10-17 16:29:24.349  3957  4129 D WifiStateMachine:  L2ConnectedState !RSSI_PKTCNT_FETCH uid=1000 rt=504977562/1215351726 0 0 "ourhome" f4:6d:2f:12:cc:88 rssi=-45 f=5240 sc=60 link=433 tx=9.4, 0.0, 0.0  rx=37.0 bcn=38375 [on:0 tx:0 rx:0 period:2] from screen [on:266033 period:1095530] score=60
10-17 16:29:24.352  3957  4129 D WifiStateMachine: fetchRssiLinkSpeedAndFrequencyNative rssi=-46 linkspeed=433 freq=5240
10-17 16:29:24.352  3957  4129 V WifiConfigManager: Updating scan detail cache freq=5240 BSSID=f4:6d:2f:12:cc:88 RSSI=-44 for "ourhome"WPA_PSK
10-17 16:29:24.441  9986 10287 I BatteryMgr:DataCollectionService: stats => 1697552964441,-218,4308,-169,0,100
10-17 16:29:24.485 10763 10763 I [SC]DataStoreProvider: onCreate() is called
10-17 16:29:24.514  3957  4654 W StorageManager: getStorageLowBytes lowPercent : 5, lowBytes : 1260145254, maxLowBytes : 524288000
10-17 16:29:24.547  9986 10287 I BatteryMgr:DataCollectionService: stats => 1697552964547,-218,4308,-169,0,100
10-17 16:29:24.553 10763 10763 I [SC]RequestProvider: onCreate
10-17 16:29:24.600  3957  4128 D WifiService: getConnectionInfo uid=1000
10-17 16:29:24.626 10763 10763 I [SC]FailLogsProvider: onCreate
10-17 16:29:24.652  9986 10287 I BatteryMgr:DataCollectionService: stats => 1697552964652,-218,4308,-169,0,100
10-17 16:29:24.759  9986 10287 I BatteryMgr:DataCollectionService: stats => 1697552964759,-218,4308,-169,0,100
10-17 16:29:24.762 10763 10763 I [SC]ExternalOEMControlProvider: onCreate
10-17 16:29:24.805 10763 10763 I [SC]SamsungCloudApp: onCreate: com.samsung.android.scloud, 3.0.01.12
10-17 16:29:24.806 10763 10763 I [SC]SamsungCloudApp: controller create
10-17 16:29:24.858 10763 10785 I [SC]FailCardManagingOperator: Handle method by TransactionManager : initFailDetailData
10-17 16:29:24.864 10763 10785 I [SC]FailCardManagingOperator: Handle method by TransactionManager : initFailCardList
10-17 16:29:24.866  9986 10287 I BatteryMgr:DataCollectionService: stats => 1697552964866,-218,4308,-169,0,100
10-17 16:29:24.866 10763 10785 I [SC]TipsOperator: Handle method by TransactionManager : handleStartMonitoringSync
10-17 16:29:24.872 10763 10763 I [SC]PackageUtil: getCalendarPkgName: com.samsung.android.calendar
10-17 16:29:24.875 10763 10763 I [SC]PackageUtil: getContactsPkgName: com.samsung.android.contacts
10-17 16:29:24.888 10763 10785 I [SC]SyncSettingHandler: Handle method by TransactionManager : requestRegisterEventReceivedListener
10-17 16:29:24.898 10763 10785 I [SC]StorageOperator: Handle method by TransactionManager : handleRequestQuotaStatus
10-17 16:29:24.900 10763 10787 I [SC]QuotaUtil: GET_STORAGE_USAGE
10-17 16:29:24.902 10763 10787 I [SC]AuthUtil: getAuthData. IN
10-17 16:29:24.902 10763 10787 I [SC]AuthUtil: getAuthData. no localAuthData or expired. WAITING
10-17 16:29:24.902 10763 10787 I [SC]AuthUtil: getAuthData. GET LOCK
10-17 16:29:24.902 10763 10787 I [SC]AuthUtil: getAuthData. no localAuthData. GET LOCK
10-17 16:29:24.918  7347  7347 I [SC]AuthService: onStartCommand IN.
10-17 16:29:24.918  7347  7347 I [SC]AuthService: onStartCommand: com.samsung.android.scloud.auth.REQUEST_AUTH
10-17 16:29:24.921  7347  7347 I [SC]AuthService: onStartCommand OUT.
10-17 16:29:24.921  7347 10788 I [SC]AuthService: onStartCommand: execute strategy.
10-17 16:29:24.922  7347 10788 I [SC]RequestAuthStrategy: execute. IN
10-17 16:29:24.926 10763 10787 I [SC]AuthUtil: getAuthData - hold.
10-17 16:29:24.928 10763 10763 I [SC]FeatureManager: byod mode enabled: false
10-17 16:29:24.929 10763 10763 I [SC]FeatureManager: FeatureManager ,[SEC_FLOATING_FEATURE_SAMSUNGCLOUD_ENABLE_SETTING_MENU]:TRUE
10-17 16:29:24.929 10763 10763 I [SC]FeatureManager: [SEC_FLOATING_FEATURE_SAMSUNGCLOUD_SUPPORT_CONTENT_SYNC]bln true
10-17 16:29:24.929 10763 10763 I [SC]FeatureManager: [SEC_FLOATING_FEATURE_SAMSUNGCLOUD_SUPPORT_SAMSUNGKEYBOARD_SYNC]bln true
10-17 16:29:24.929 10763 10763 I [SC]FeatureManager: [SEC_FLOATING_FEATURE_SAMSUNGCLOUD_ENABLE_SETTING_MENU]bln true
10-17 16:29:24.933  7347 10790 I [SC]AccountUtil: Samsung Account Not Logged in
10-17 16:29:24.934  7347 10788 I [SC]RequestAuthStrategy: execute. OUT
10-17 16:29:24.935  7347 10789 I [SC]AccountUtil: Samsung Account Not Logged in
10-17 16:29:24.936 10763 10763 D SamsungAnalytics:110038: cf feature is supported
10-17 16:29:24.955 10763 10763 D SamsungAnalytics:110038: newThread on Executor
10-17 16:29:24.955 10763 10763 D SamsungAnalytics:110038: [Tracker] Tracker start:1.10.038
10-17 16:29:24.962 10763 10794 D SamsungAnalytics:110038: [Setting Sender] No status log
10-17 16:29:24.972  9986 10287 I BatteryMgr:DataCollectionService: stats => 1697552964972,-218,4308,-169,0,100
10-17 16:29:24.974 10763 10785 I [SC]DeviceControllerManager: Handle method by TransactionManager : handleRequestRefreshIcon
10-17 16:29:24.975 10763 10763 I [SC]AutoBackupSettingValueUpdater: AutoBackupSetting value will be updated : false
10-17 16:29:24.977 10763 10785 I [SC]TipsOperator: Handle method by TransactionManager : handleReportAccountStatusOperation
10-17 16:29:24.981 10763 10763 I [SC]SCloudReceiver: onReceive: com.samsung.intent.action.CHECK_SIOP_LEVEL
10-17 16:29:24.984 10763 10763 I [SC]AuthDataReceiver: REPORT_ERROR: 308
10-17 16:29:24.985 10763 10787 I [SC]AuthUtil: getAuthData - released.
10-17 16:29:24.985 10763 10787 I [SC]AuthDataListener: resolve. IN
10-17 16:29:24.987 10763 10787 I [SC]AuthDataListener: resolve. ERROR 308
10-17 16:29:25.006  3957  5413 W StorageManager: getStorageLowBytes lowPercent : 5, lowBytes : 1260145254, maxLowBytes : 524288000
10-17 16:29:25.015  3957  5413 I chatty  : uid=1000(system) Binder:3957_D identical 4 lines
10-17 16:29:25.019  3957  5413 W StorageManager: getStorageLowBytes lowPercent : 5, lowBytes : 1260145254, maxLowBytes : 524288000
10-17 16:29:25.026 10763 10763 I [SC]CMHInterface: isEnabled: true
10-17 16:29:25.027 10763 10763 I [SC]DetectorReceiver: onReceive [com.samsung.intent.action.CHECK_SIOP_LEVEL]
10-17 16:29:25.028 10763 10763 I [SC]ConnectionJobService: scheduleJob : false
10-17 16:29:25.048  3957  5413 D SamsungAlarmManager: setInexact Listener (T:2/F:0/AC:false) 20231017T163112 - CU:1000/CP:3957
10-17 16:29:25.054  3957  5413 D SamsungAlarmManager: setInexact Listener (T:2/F:0/AC:false) 20231017T163144 - CU:1000/CP:3957
10-17 16:29:25.057  3957  5413 D ConnectivityService: filterNetworkStateForUid() uid: 5009 networkInfo: [type: WIFI[] - WIFI, state: CONNECTED/CONNECTED, reason: (unspecified), extra: "ourhome", failover: false, available: true, roaming: false, metered: false]
10-17 16:29:25.057  3957  5413 D WifiService: getConnectionInfo uid=1000
10-17 16:29:25.063  3957  5413 D SamsungAlarmManager: setExact Listener (T:2/F:0/AC:false) 20231017T162930 - CU:1000/CP:3957
10-17 16:29:25.063  3957  5413 I SamsungAlarmManager: setLocked to kernel - T:2 / 20231017T162930, SetElapsed=1215357435, nowELAPSED=1215352442
10-17 16:29:25.065 10763 10763 I [SC]ConnectionJobService: Register connection receiver
10-17 16:29:25.070 10763 10763 I [SC]CloudManager: makeDefaultFolders
10-17 16:29:25.077  9986 10287 I BatteryMgr:DataCollectionService: stats => 1697552965077,-218,4308,-169,0,100
10-17 16:29:25.077 10763 10763 I [SC]AccountUtil: Samsung Account Not Logged in
10-17 16:29:25.079 10763 10800 I [SC]ConnectionJobService: CONNECTION_CHANGE_RECEIVER
10-17 16:29:25.084  3957  5413 D ConnectivityService: filterNetworkStateForUid() uid: 5009 networkInfo: [type: WIFI[] - WIFI, state: CONNECTED/CONNECTED, reason: (unspecified), extra: "ourhome", failover: false, available: true, roaming: false, metered: false]
10-17 16:29:25.085  3957  5413 D WifiService: getConnectionInfo uid=1000
10-17 16:29:25.093  3957  5413 D ConnectivityService: filterNetworkStateForUid() uid: 5009 networkInfo: [type: WIFI[] - WIFI, state: CONNECTED/CONNECTED, reason: (unspecified), extra: "ourhome", failover: false, available: true, roaming: false, metered: false]
10-17 16:29:25.094  3957  5413 D WifiService: getConnectionInfo uid=1000
10-17 16:29:25.094 10763 10801 I [SC]SystemStateMonitor: getConnectionType=0
10-17 16:29:25.095 10763 10801 I [SC]SystemStateMonitor: Network available true
10-17 16:29:25.095 10763 10801 I [SC]ConnectionJobService: scheduleJob : true
10-17 16:29:25.098  3957  5413 I SamsungAlarmManager: setLocked to kernel - T:2 / 20231017T162937, SetElapsed=1215365287, nowELAPSED=1215352477
10-17 16:29:25.099  3957  5413 D SamsungAlarmManager: setInexact Listener (T:2/F:0/AC:false) 20231017T163112 - CU:1000/CP:3957
10-17 16:29:25.101  3957  5413 D SamsungAlarmManager: setInexact Listener (T:2/F:0/AC:false) 20231017T163144 - CU:1000/CP:3957
10-17 16:29:25.102  3957  5413 D ConnectivityService: filterNetworkStateForUid() uid: 5009 networkInfo: [type: WIFI[] - WIFI, state: CONNECTED/CONNECTED, reason: (unspecified), extra: "ourhome", failover: false, available: true, roaming: false, metered: false]
10-17 16:29:25.102  3957  5413 D WifiService: getConnectionInfo uid=1000
10-17 16:29:25.134  3957  4129 D WifiStateMachine:  ConnectedState !CMD_RSSI_POLL rt=504978347/1215352511 81 0 "ourhome" f4:6d:2f:12:cc:88 rssi=-46 f=5240 sc=60 link=433 tx=9.4, 0.0, 0.0  rx=37.0 bcn=38375 [on:0 tx:0 rx:0 period:785] from screen [on:266033 period:1096315] score=60
10-17 16:29:25.136  3957  4129 D WifiStateMachine:  L2ConnectedState !CMD_RSSI_POLL rt=504978349/1215352513 81 0 "ourhome" f4:6d:2f:12:cc:88 rssi=-46 f=5240 sc=60 link=433 tx=9.4, 0.0, 0.0  rx=37.0 bcn=38375 [on:0 tx:0 rx:0 period:2] from screen [on:266033 period:1096317] score=60
10-17 16:29:25.136  3957  4129 D WifiStateMachine:  get link layer stats 3
10-17 16:29:25.136  3436  3436 I android.hardware.wifi@1.0-service: getLinkLayerStats
10-17 16:29:25.154  3957  4129 D WifiStateMachine: fetchRssiLinkSpeedAndFrequencyNative rssi=-47 linkspeed=433 freq=5240
10-17 16:29:25.154  3957  4129 V WifiConfigManager: Updating scan detail cache freq=5240 BSSID=f4:6d:2f:12:cc:88 RSSI=-45 for "ourhome"WPA_PSK
10-17 16:29:25.158  4340  4340 E SignalClusterView: setSlotFocusVisible : subId -2
10-17 16:29:25.158  4340  4340 E SignalClusterView: setSlotFocusVisible : subId -2
10-17 16:29:25.183  9986 10287 I BatteryMgr:DataCollectionService: stats => 1697552965183,-218,4308,-169,0,100
10-17 16:29:25.288  9986 10287 I BatteryMgr:DataCollectionService: stats => 1697552965288,-218,4308,-169,0,100
10-17 16:29:25.346  3957  4129 D WifiStateMachine:  ConnectedState !RSSI_PKTCNT_FETCH uid=1000 rt=504978559/1215352724 0 0 "ourhome" f4:6d:2f:12:cc:88 rssi=-47 f=5240 sc=60 link=433 tx=3.4, 0.0, 0.0  rx=31.3 bcn=38403 [on:0 tx:0 rx:0 period:189] from screen [on:266744 period:1096527] score=60
10-17 16:29:25.348  3957  4129 D WifiStateMachine:  L2ConnectedState !RSSI_PKTCNT_FETCH uid=1000 rt=504978561/1215352725 0 0 "ourhome" f4:6d:2f:12:cc:88 rssi=-47 f=5240 sc=60 link=433 tx=3.4, 0.0, 0.0  rx=31.3 bcn=38403 [on:0 tx:0 rx:0 period:2] from screen [on:266744 period:1096529] score=60
10-17 16:29:25.354  3957  4129 D WifiStateMachine: fetchRssiLinkSpeedAndFrequencyNative rssi=-45 linkspeed=433 freq=5240
10-17 16:29:25.354  3957  4129 V WifiConfigManager: Updating scan detail cache freq=5240 BSSID=f4:6d:2f:12:cc:88 RSSI=-45 for "ourhome"WPA_PSK
10-17 16:29:25.388 10029 10041 I zygote64: Background concurrent copying GC freed 255147(7MB) AllocSpace objects, 0(0B) LOS objects, 49% free, 7MB/14MB, paused 2.707ms total 218.388ms
10-17 16:29:25.394  9986 10287 I BatteryMgr:DataCollectionService: stats => 1697552965394,-218,4308,-169,0,100
10-17 16:29:25.500  9986 10287 I BatteryMgr:DataCollectionService: stats => 1697552965500,-218,4308,-169,0,100
10-17 16:29:25.602  3957  4128 D WifiService: getConnectionInfo uid=1000
10-17 16:29:25.605  9986 10287 I BatteryMgr:DataCollectionService: stats => 1697552965605,-218,4308,-169,0,100
10-17 16:29:25.710  9986 10287 I BatteryMgr:DataCollectionService: stats => 1697552965709,-218,4308,-169,0,100
10-17 16:29:25.816  9986 10287 I BatteryMgr:DataCollectionService: stats => 1697552965816,-218,4308,-169,0,100
10-17 16:29:25.886  3957  4030 D SensorService: [SO] 0.153 -0.263 9.979
10-17 16:29:25.922  9986 10287 I BatteryMgr:DataCollectionService: stats => 1697552965922,-218,4308,-169,0,100
10-17 16:29:26.027  9986 10287 I BatteryMgr:DataCollectionService: stats => 1697552966027,-218,4308,-169,0,100
10-17 16:29:26.133  9986 10287 I BatteryMgr:DataCollectionService: stats => 1697552966133,-218,4308,-169,0,100
10-17 16:29:26.239  9986 10287 I BatteryMgr:DataCollectionService: stats => 1697552966239,-218,4308,-169,0,100
10-17 16:29:26.289  4961  4961 D io_stats: !@ 179,0 r 7683310 246981300 w 1650217 34346724 d 132763 33959444 f 385436 406589 iot 3402800 2977117 th 51200 0 0 pt 0 inp 0 0 504979.503
10-17 16:29:26.343  9986 10287 I BatteryMgr:DataCollectionService: stats => 1697552966343,-218,4308,-169,0,100
10-17 16:29:26.347  3957  4129 D WifiStateMachine:  ConnectedState !RSSI_PKTCNT_FETCH uid=1000 rt=504979560/1215353724 0 0 "ourhome" f4:6d:2f:12:cc:88 rssi=-45 f=5240 sc=60 link=433 tx=3.4, 0.0, 0.0  rx=31.3 bcn=38403 [on:0 tx:0 rx:0 period:999] from screen [on:266744 period:1097528] score=60
10-17 16:29:26.349  3957  4129 D WifiStateMachine:  L2ConnectedState !RSSI_PKTCNT_FETCH uid=1000 rt=504979562/1215353726 0 0 "ourhome" f4:6d:2f:12:cc:88 rssi=-45 f=5240 sc=60 link=433 tx=3.4, 0.0, 0.0  rx=31.3 bcn=38403 [on:0 tx:0 rx:0 period:1] from screen [on:266744 period:1097529] score=60
10-17 16:29:26.355  3957  4129 D WifiStateMachine: fetchRssiLinkSpeedAndFrequencyNative rssi=-42 linkspeed=433 freq=5240
10-17 16:29:26.355  3957  4129 V WifiConfigManager: Updating scan detail cache freq=5240 BSSID=f4:6d:2f:12:cc:88 RSSI=-43 for "ourhome"WPA_PSK
10-17 16:29:26.449  9986 10287 I BatteryMgr:DataCollectionService: stats => 1697552966449,-218,4308,-169,0,100
10-17 16:29:26.555  9986 10287 I BatteryMgr:DataCollectionService: stats => 1697552966555,-218,4308,-169,0,100
10-17 16:29:26.604  3957  4128 D WifiService: getConnectionInfo uid=1000
10-17 16:29:26.662  9986 10287 I BatteryMgr:DataCollectionService: stats => 1697552966661,-218,4308,-169,0,100
10-17 16:29:26.769  9986 10287 I BatteryMgr:DataCollectionService: stats => 1697552966769,-218,4308,-169,0,100
10-17 16:29:26.875  9986 10287 I BatteryMgr:DataCollectionService: stats => 1697552966875,-218,4308,-169,0,100
10-17 16:29:26.979  9986 10287 I BatteryMgr:DataCollectionService: stats => 1697552966979,-218,4308,-169,0,100
10-17 16:29:27.057  2479  2548 D ScanRecord: Not a Multi Manu data
10-17 16:29:27.077  2479  2548 I chatty  : uid=1002(bluetooth) BT Service Call identical 37 lines
10-17 16:29:27.077  2479  2548 D ScanRecord: Not a Multi Manu data
10-17 16:29:27.086  9986 10287 I BatteryMgr:DataCollectionService: stats => 1697552967086,-218,4308,-169,0,100
10-17 16:29:27.089  2479  2548 D ScanRecord: Not a Multi Manu data
10-17 16:29:27.179  2479  2548 I chatty  : uid=1002(bluetooth) BT Service Call identical 115 lines
10-17 16:29:27.179  2479  2548 D ScanRecord: Not a Multi Manu data
10-17 16:29:27.193  9986 10287 I BatteryMgr:DataCollectionService: stats => 1697552967193,-218,4308,-169,0,100
10-17 16:29:27.195  2479  2548 D ScanRecord: Not a Multi Manu data
10-17 16:29:27.283  2479  2548 I chatty  : uid=1002(bluetooth) BT Service Call identical 154 lines
10-17 16:29:27.283  2479  2548 D ScanRecord: Not a Multi Manu data
10-17 16:29:27.298  9986 10287 I BatteryMgr:DataCollectionService: stats => 1697552967298,-218,4308,-169,0,100
10-17 16:29:27.304  2479  2548 D ScanRecord: Not a Multi Manu data
10-17 16:29:27.310  2479  2548 I chatty  : uid=1002(bluetooth) BT Service Call identical 37 lines
10-17 16:29:27.310  2479  2548 D ScanRecord: Not a Multi Manu data
10-17 16:29:27.349  3957  4129 D WifiStateMachine:  ConnectedState !RSSI_PKTCNT_FETCH uid=1000 rt=504980562/1215354726 0 0 "ourhome" f4:6d:2f:12:cc:88 rssi=-42 f=5240 sc=60 link=433 tx=3.4, 0.0, 0.0  rx=31.3 bcn=38403 [on:0 tx:0 rx:0 period:1001] from screen [on:266744 period:1098530] score=60
10-17 16:29:27.351  3957  4129 D WifiStateMachine:  L2ConnectedState !RSSI_PKTCNT_FETCH uid=1000 rt=504980563/1215354727 0 0 "ourhome" f4:6d:2f:12:cc:88 rssi=-42 f=5240 sc=60 link=433 tx=3.4, 0.0, 0.0  rx=31.3 bcn=38403 [on:0 tx:0 rx:0 period:2] from screen [on:266744 period:1098532] score=60
10-17 16:29:27.352  3957  4129 D WifiStateMachine: fetchRssiLinkSpeedAndFrequencyNative rssi=-43 linkspeed=433 freq=5240
10-17 16:29:27.352  3957  4129 V WifiConfigManager: Updating scan detail cache freq=5240 BSSID=f4:6d:2f:12:cc:88 RSSI=-43 for "ourhome"WPA_PSK
10-17 16:29:27.355  2479  2548 D ScanRecord: Not a Multi Manu data
10-17 16:29:27.390  2479  2548 I chatty  : uid=1002(bluetooth) BT Service Call identical 63 lines
10-17 16:29:27.390  2479  2548 D ScanRecord: Not a Multi Manu data
10-17 16:29:27.404  9986 10287 I BatteryMgr:DataCollectionService: stats => 1697552967404,-218,4308,-169,0,100
10-17 16:29:27.406  2479  2548 D ScanRecord: Not a Multi Manu data
10-17 16:29:27.509  2479  2548 I chatty  : uid=1002(bluetooth) BT Service Call identical 154 lines
10-17 16:29:27.509  2479  2548 D ScanRecord: Not a Multi Manu data
10-17 16:29:27.511  9986 10287 I BatteryMgr:DataCollectionService: stats => 1697552967511,-218,4308,-169,0,100
10-17 16:29:27.536  2479  2548 D ScanRecord: Not a Multi Manu data
10-17 16:29:27.544  2479  2548 I chatty  : uid=1002(bluetooth) BT Service Call identical 24 lines
10-17 16:29:27.544  2479  2548 D ScanRecord: Not a Multi Manu data
10-17 16:29:27.606  3957  4128 D WifiService: getConnectionInfo uid=1000
10-17 16:29:27.617  9986 10287 I BatteryMgr:DataCollectionService: stats => 1697552967617,-218,4308,-169,0,100
10-17 16:29:27.723  9986 10287 I BatteryMgr:DataCollectionService: stats => 1697552967723,-218,4308,-169,0,100
10-17 16:29:27.829  9986 10287 I BatteryMgr:DataCollectionService: stats => 1697552967828,-218,4308,-169,0,100
10-17 16:29:27.934  9986 10287 I BatteryMgr:DataCollectionService: stats => 1697552967934,-218,4308,-169,0,100
10-17 16:29:28.041  9986 10287 I BatteryMgr:DataCollectionService: stats => 1697552968041,-218,4308,-169,0,100
10-17 16:29:28.148  9986 10287 I BatteryMgr:DataCollectionService: stats => 1697552968147,-218,4308,-169,0,100
10-17 16:29:28.157  3957  4129 D WifiStateMachine:  ConnectedState !CMD_RSSI_POLL rt=504981370/1215355535 81 0 "ourhome" f4:6d:2f:12:cc:88 rssi=-43 f=5240 sc=60 link=433 tx=3.4, 0.0, 0.0  rx=31.3 bcn=38403 [on:0 tx:0 rx:0 period:806] from screen [on:266744 period:1099338] score=60
10-17 16:29:28.158  3957  4129 D WifiStateMachine:  L2ConnectedState !CMD_RSSI_POLL rt=504981372/1215355536 81 0 "ourhome" f4:6d:2f:12:cc:88 rssi=-43 f=5240 sc=60 link=433 tx=3.4, 0.0, 0.0  rx=31.3 bcn=38403 [on:0 tx:0 rx:0 period:1] from screen [on:266744 period:1099339] score=60
10-17 16:29:28.159  3957  4129 D WifiStateMachine:  get link layer stats 3
10-17 16:29:28.159  3436  3436 I android.hardware.wifi@1.0-service: getLinkLayerStats
10-17 16:29:28.177  3957  4129 D WifiStateMachine: fetchRssiLinkSpeedAndFrequencyNative rssi=-42 linkspeed=433 freq=5240
10-17 16:29:28.177  3957  4129 V WifiConfigManager: Updating scan detail cache freq=5240 BSSID=f4:6d:2f:12:cc:88 RSSI=-42 for "ourhome"WPA_PSK
10-17 16:29:28.179  4340  4340 E SignalClusterView: setSlotFocusVisible : subId -2
10-17 16:29:28.179  4340  4340 E SignalClusterView: setSlotFocusVisible : subId -2
10-17 16:29:28.255  9986 10287 I BatteryMgr:DataCollectionService: stats => 1697552968254,-218,4308,-169,0,100
10-17 16:29:28.349  3957  4129 D WifiStateMachine:  ConnectedState !RSSI_PKTCNT_FETCH uid=1000 rt=504981562/1215355726 0 0 "ourhome" f4:6d:2f:12:cc:88 rssi=-42 f=5240 sc=60 link=433 tx=1.2, 0.0, 0.0  rx=13.3 bcn=38429 [on:0 tx:0 rx:0 period:170] from screen [on:266913 period:1099530] score=60
10-17 16:29:28.353  3957  4129 D WifiStateMachine:  L2ConnectedState !RSSI_PKTCNT_FETCH uid=1000 rt=504981563/1215355728 0 0 "ourhome" f4:6d:2f:12:cc:88 rssi=-42 f=5240 sc=60 link=433 tx=1.2, 0.0, 0.0  rx=13.3 bcn=38429 [on:0 tx:0 rx:0 period:4] from screen [on:266913 period:1099534] score=60
10-17 16:29:28.356  3957  4129 D WifiStateMachine: fetchRssiLinkSpeedAndFrequencyNative rssi=-42 linkspeed=433 freq=5240
10-17 16:29:28.357  3957  4129 V WifiConfigManager: Updating scan detail cache freq=5240 BSSID=f4:6d:2f:12:cc:88 RSSI=-42 for "ourhome"WPA_PSK
10-17 16:29:28.360  9986 10287 I BatteryMgr:DataCollectionService: stats => 1697552968360,-218,4308,-169,0,100
10-17 16:29:28.466  9986 10287 I BatteryMgr:DataCollectionService: stats => 1697552968465,-218,4308,-169,0,100
10-17 16:29:28.572  9986 10287 I BatteryMgr:DataCollectionService: stats => 1697552968572,-218,4308,-169,0,100
10-17 16:29:28.608  3957  4128 D WifiService: getConnectionInfo uid=1000
10-17 16:29:28.677  9986 10287 I BatteryMgr:DataCollectionService: stats => 1697552968677,-218,4308,-169,0,100
10-17 16:29:28.782  9986 10287 I BatteryMgr:DataCollectionService: stats => 1697552968782,-218,4308,-169,0,100
10-17 16:29:28.888  9986 10287 I BatteryMgr:DataCollectionService: stats => 1697552968888,-218,4308,-169,0,100
10-17 16:29:28.992  9986 10287 I BatteryMgr:DataCollectionService: stats => 1697552968992,-218,4308,-169,0,100
10-17 16:29:29.098  9986 10287 I BatteryMgr:DataCollectionService: stats => 1697552969098,-218,4308,-169,0,100
10-17 16:29:29.204  9986 10287 I BatteryMgr:DataCollectionService: stats => 1697552969204,-218,4308,-169,0,100
10-17 16:29:29.309  9986 10287 I BatteryMgr:DataCollectionService: stats => 1697552969309,-218,4308,-169,0,100
10-17 16:29:29.351  3957  4129 D WifiStateMachine:  ConnectedState !RSSI_PKTCNT_FETCH uid=1000 rt=504982564/1215356728 0 0 "ourhome" f4:6d:2f:12:cc:88 rssi=-42 f=5240 sc=60 link=433 tx=1.2, 0.0, 0.0  rx=13.3 bcn=38429 [on:0 tx:0 rx:0 period:998] from screen [on:266913 period:1100532] score=60
10-17 16:29:29.354  3957  4129 D WifiStateMachine:  L2ConnectedState !RSSI_PKTCNT_FETCH uid=1000 rt=504982566/1215356730 0 0 "ourhome" f4:6d:2f:12:cc:88 rssi=-42 f=5240 sc=60 link=433 tx=1.2, 0.0, 0.0  rx=13.3 bcn=38429 [on:0 tx:0 rx:0 period:3] from screen [on:266913 period:1100535] score=60
10-17 16:29:29.360  3957  4129 D WifiStateMachine: fetchRssiLinkSpeedAndFrequencyNative rssi=-44 linkspeed=433 freq=5240
10-17 16:29:29.360  3957  4129 V WifiConfigManager: Updating scan detail cache freq=5240 BSSID=f4:6d:2f:12:cc:88 RSSI=-43 for "ourhome"WPA_PSK
10-17 16:29:29.414  9986 10287 I BatteryMgr:DataCollectionService: stats => 1697552969414,-218,4308,-169,0,100
10-17 16:29:29.520  9986 10287 I BatteryMgr:DataCollectionService: stats => 1697552969520,-218,4308,-169,0,100
10-17 16:29:29.610  3957  4128 D WifiService: getConnectionInfo uid=1000
10-17 16:29:29.627  9986 10287 I BatteryMgr:DataCollectionService: stats => 1697552969627,-218,4308,-169,0,100
10-17 16:29:29.732  9986 10287 I BatteryMgr:DataCollectionService: stats => 1697552969732,-218,4308,-169,0,100
10-17 16:29:29.838  9986 10287 I BatteryMgr:DataCollectionService: stats => 1697552969838,-218,4308,-169,0,100
10-17 16:29:29.943  9986 10287 I BatteryMgr:DataCollectionService: stats => 1697552969943,-218,4308,-169,0,100
10-17 16:29:30.047  9986 10287 I BatteryMgr:DataCollectionService: stats => 1697552970047,-218,4308,-169,0,100
10-17 16:29:30.155  9986 10287 I BatteryMgr:DataCollectionService: stats => 1697552970155,-218,4308,-169,0,100
10-17 16:29:30.260  9986 10287 I BatteryMgr:DataCollectionService: stats => 1697552970260,-218,4308,-169,0,100
10-17 16:29:30.352  3957  4129 D WifiStateMachine:  ConnectedState !RSSI_PKTCNT_FETCH uid=1000 rt=504983564/1215357728 0 0 "ourhome" f4:6d:2f:12:cc:88 rssi=-44 f=5240 sc=60 link=433 tx=1.2, 0.0, 0.0  rx=13.3 bcn=38429 [on:0 tx:0 rx:0 period:998] from screen [on:266913 period:1101533] score=60
10-17 16:29:30.354  3957  4129 D WifiStateMachine:  L2ConnectedState !RSSI_PKTCNT_FETCH uid=1000 rt=504983566/1215357730 0 0 "ourhome" f4:6d:2f:12:cc:88 rssi=-44 f=5240 sc=60 link=433 tx=1.2, 0.0, 0.0  rx=13.3 bcn=38429 [on:0 tx:0 rx:0 period:2] from screen [on:266913 period:1101535] score=60
10-17 16:29:30.360  3957  4129 D WifiStateMachine: fetchRssiLinkSpeedAndFrequencyNative rssi=-44 linkspeed=433 freq=5240
10-17 16:29:30.360  3957  4129 V WifiConfigManager: Updating scan detail cache freq=5240 BSSID=f4:6d:2f:12:cc:88 RSSI=-43 for "ourhome"WPA_PSK
10-17 16:29:30.364  9986 10287 I BatteryMgr:DataCollectionService: stats => 1697552970364,-218,4308,-169,0,100
10-17 16:29:30.470  9986 10287 I BatteryMgr:DataCollectionService: stats => 1697552970470,-218,4308,-169,0,100
10-17 16:29:30.575  9986 10287 I BatteryMgr:DataCollectionService: stats => 1697552970575,-218,4308,-169,0,100
10-17 16:29:30.612  3957  4128 D WifiService: getConnectionInfo uid=1000
10-17 16:29:30.679  9986 10287 I BatteryMgr:DataCollectionService: stats => 1697552970679,-218,4308,-169,0,100
10-17 16:29:30.783  9986 10287 I BatteryMgr:DataCollectionService: stats => 1697552970783,-218,4308,-169,0,100
10-17 16:29:30.888  9986 10287 I BatteryMgr:DataCollectionService: stats => 1697552970888,-218,4308,-169,0,100
10-17 16:29:30.993  9986 10287 I BatteryMgr:DataCollectionService: stats => 1697552970992,-218,4308,-169,0,100
10-17 16:29:31.097  9986 10287 I BatteryMgr:DataCollectionService: stats => 1697552971097,-218,4308,-169,0,100
10-17 16:29:31.179  3957  4129 D WifiStateMachine:  ConnectedState !CMD_RSSI_POLL rt=504984392/1215358556 81 0 "ourhome" f4:6d:2f:12:cc:88 rssi=-44 f=5240 sc=60 link=433 tx=1.2, 0.0, 0.0  rx=13.3 bcn=38429 [on:0 tx:0 rx:0 period:825] from screen [on:266913 period:1102360] score=60
10-17 16:29:31.181  3957  4129 D WifiStateMachine:  L2ConnectedState !CMD_RSSI_POLL rt=504984394/1215358558 81 0 "ourhome" f4:6d:2f:12:cc:88 rssi=-44 f=5240 sc=60 link=433 tx=1.2, 0.0, 0.0  rx=13.3 bcn=38429 [on:0 tx:0 rx:0 period:2] from screen [on:266913 period:1102362] score=60
10-17 16:29:31.181  3957  4129 D WifiStateMachine:  get link layer stats 3
10-17 16:29:31.181  3436  3436 I android.hardware.wifi@1.0-service: getLinkLayerStats
10-17 16:29:31.200  3957  4129 D WifiStateMachine: fetchRssiLinkSpeedAndFrequencyNative rssi=-45 linkspeed=433 freq=5240
10-17 16:29:31.200  3957  4129 V WifiConfigManager: Updating scan detail cache freq=5240 BSSID=f4:6d:2f:12:cc:88 RSSI=-44 for "ourhome"WPA_PSK
10-17 16:29:31.204  4340  4340 E SignalClusterView: setSlotFocusVisible : subId -2
10-17 16:29:31.204  4340  4340 E SignalClusterView: setSlotFocusVisible : subId -2
10-17 16:29:31.205  9986 10287 I BatteryMgr:DataCollectionService: stats => 1697552971205,-218,4308,-169,0,100
10-17 16:29:31.292  4961  4961 D io_stats: !@ 179,0 r 7683312 246981360 w 1650239 34347008 d 132765 33959512 f 385437 406590 iot 3402812 2977127 th 51200 0 0 pt 0 inp 0 0 504984.505
10-17 16:29:31.311  9986 10287 I BatteryMgr:DataCollectionService: stats => 1697552971310,-218,4308,-169,0,100
10-17 16:29:31.352  3957  4129 D WifiStateMachine:  ConnectedState !RSSI_PKTCNT_FETCH uid=1000 rt=504984564/1215358729 0 0 "ourhome" f4:6d:2f:12:cc:88 rssi=-45 f=5240 sc=60 link=433 tx=1.1, 0.0, 0.0  rx=9.9 bcn=38458 [on:0 tx:0 rx:0 period:149] from screen [on:267573 period:1102533] score=60
10-17 16:29:31.353  3957  4129 D WifiStateMachine:  L2ConnectedState !RSSI_PKTCNT_FETCH uid=1000 rt=504984566/1215358730 0 0 "ourhome" f4:6d:2f:12:cc:88 rssi=-45 f=5240 sc=60 link=433 tx=1.1, 0.0, 0.0  rx=9.9 bcn=38458 [on:0 tx:0 rx:0 period:1] from screen [on:267573 period:1102534] score=60
10-17 16:29:31.359  3957  4129 D WifiStateMachine: fetchRssiLinkSpeedAndFrequencyNative rssi=-45 linkspeed=433 freq=5240
10-17 16:29:31.359  3957  4129 V WifiConfigManager: Updating scan detail cache freq=5240 BSSID=f4:6d:2f:12:cc:88 RSSI=-44 for "ourhome"WPA_PSK
10-17 16:29:31.414  9986 10287 I BatteryMgr:DataCollectionService: stats => 1697552971414,-218,4308,-169,0,100
10-17 16:29:31.521  9986 10287 I BatteryMgr:DataCollectionService: stats => 1697552971521,-218,4308,-169,0,100
10-17 16:29:31.614  3957  4128 D WifiService: getConnectionInfo uid=1000
10-17 16:29:31.629  9986 10287 I BatteryMgr:DataCollectionService: stats => 1697552971629,-218,4308,-169,0,100
10-17 16:29:31.733  9986 10287 I BatteryMgr:DataCollectionService: stats => 1697552971733,-218,4308,-169,0,100
10-17 16:29:31.839  9986 10287 I BatteryMgr:DataCollectionService: stats => 1697552971838,-218,4308,-169,0,100
10-17 16:29:31.926  3957  3980 W StorageManager: getStorageFullBytes DEFAULT_FULL_THRESHOLD_BYTES : 20971520, threadhold : 20971520
10-17 16:29:31.926  3957  3980 W StorageManager: getStorageLowBytes lowPercent : 5, lowBytes : 1260145254, maxLowBytes : 524288000
10-17 16:29:31.929  3957  3980 W DeviceStorageMonitorService: updateBroadcasts(/data) oldLevel:0, newLevel:0, seq:1
10-17 16:29:31.930  3957  3980 W DeviceStorageMonitorService: updateBroadcasts_filenode(/data) fn_oldLevel:0, fn_newLevel:0, seq:1
10-17 16:29:31.944  9986 10287 I BatteryMgr:DataCollectionService: stats => 1697552971944,-218,4308,-169,0,100
10-17 16:29:32.049  9986 10287 I BatteryMgr:DataCollectionService: stats => 1697552972049,-218,4308,-169,0,100
10-17 16:29:32.084  2479  2548 D ScanRecord: Not a Multi Manu data
10-17 16:29:32.146  2479  2548 I chatty  : uid=1002(bluetooth) BT Service Call identical 50 lines
10-17 16:29:32.146  2479  2548 D ScanRecord: Not a Multi Manu data
10-17 16:29:32.155  9986 10287 I BatteryMgr:DataCollectionService: stats => 1697552972154,-218,4308,-169,0,100
10-17 16:29:32.164  2479  2548 D ScanRecord: Not a Multi Manu data
10-17 16:29:32.199  2479  2548 I chatty  : uid=1002(bluetooth) BT Service Call identical 76 lines
10-17 16:29:32.199  2479  2548 D ScanRecord: Not a Multi Manu data
10-17 16:29:32.262  9986 10287 I BatteryMgr:DataCollectionService: stats => 1697552972262,-218,4308,-169,0,100
10-17 16:29:32.267  2479  2548 D ScanRecord: Not a Multi Manu data
10-17 16:29:32.351  2479  2548 I chatty  : uid=1002(bluetooth) BT Service Call identical 76 lines
10-17 16:29:32.351  2479  2548 D ScanRecord: Not a Multi Manu data
10-17 16:29:32.353  3957  4129 D WifiStateMachine:  ConnectedState !RSSI_PKTCNT_FETCH uid=1000 rt=504985566/1215359730 0 0 "ourhome" f4:6d:2f:12:cc:88 rssi=-45 f=5240 sc=60 link=433 tx=1.1, 0.0, 0.0  rx=9.9 bcn=38458 [on:0 tx:0 rx:0 period:1000] from screen [on:267573 period:1103534] score=60
10-17 16:29:32.355  3957  4129 D WifiStateMachine:  L2ConnectedState !RSSI_PKTCNT_FETCH uid=1000 rt=504985568/1215359732 0 0 "ourhome" f4:6d:2f:12:cc:88 rssi=-45 f=5240 sc=60 link=433 tx=1.1, 0.0, 0.0  rx=9.9 bcn=38458 [on:0 tx:0 rx:0 period:2] from screen [on:267573 period:1103536] score=60
10-17 16:29:32.356  3957  4129 D WifiStateMachine: fetchRssiLinkSpeedAndFrequencyNative rssi=-47 linkspeed=433 freq=5240
10-17 16:29:32.356  3957  4129 V WifiConfigManager: Updating scan detail cache freq=5240 BSSID=f4:6d:2f:12:cc:88 RSSI=-45 for "ourhome"WPA_PSK
10-17 16:29:32.359  2479  2548 D ScanRecord: Not a Multi Manu data
10-17 16:29:32.360  2479  2548 I chatty  : uid=1002(bluetooth) BT Service Call identical 11 lines
10-17 16:29:32.360  2479  2548 D ScanRecord: Not a Multi Manu data
10-17 16:29:32.367  9986 10287 I BatteryMgr:DataCollectionService: stats => 1697552972367,-218,4308,-169,0,100
10-17 16:29:32.377  2479  2548 D ScanRecord: Not a Multi Manu data
10-17 16:29:32.458  2479  2548 I chatty  : uid=1002(bluetooth) BT Service Call identical 50 lines
10-17 16:29:32.458  2479  2548 D ScanRecord: Not a Multi Manu data
10-17 16:29:32.475  9986 10287 I BatteryMgr:DataCollectionService: stats => 1697552972475,-218,4308,-169,0,100
10-17 16:29:32.518  2479  2548 D ScanRecord: Not a Multi Manu data
10-17 16:29:32.550  2479  2548 I chatty  : uid=1002(bluetooth) BT Service Call identical 50 lines
10-17 16:29:32.550  2479  2548 D ScanRecord: Not a Multi Manu data
10-17 16:29:32.579  9986 10287 I BatteryMgr:DataCollectionService: stats => 1697552972579,-218,4308,-169,0,100
10-17 16:29:32.616  3957  4128 D WifiService: getConnectionInfo uid=1000
10-17 16:29:32.686  9986 10287 I BatteryMgr:DataCollectionService: stats => 1697552972685,-218,4308,-169,0,100
10-17 16:29:32.792  9986 10287 I BatteryMgr:DataCollectionService: stats => 1697552972792,-218,4308,-169,0,100
10-17 16:29:32.898  9986 10287 I BatteryMgr:DataCollectionService: stats => 1697552972898,-218,4308,-169,0,100
10-17 16:29:33.004  9986 10287 I BatteryMgr:DataCollectionService: stats => 1697552973003,-218,4308,-169,0,100
10-17 16:29:33.110  9986 10287 I BatteryMgr:DataCollectionService: stats => 1697552973110,-218,4308,-169,0,100
10-17 16:29:33.214  9986 10287 I BatteryMgr:DataCollectionService: stats => 1697552973214,-218,4308,-169,0,100
10-17 16:29:33.318  9986 10287 I BatteryMgr:DataCollectionService: stats => 1697552973318,-218,4308,-169,0,100
10-17 16:29:33.354  3957  4129 D WifiStateMachine:  ConnectedState !RSSI_PKTCNT_FETCH uid=1000 rt=504986566/1215360731 0 0 "ourhome" f4:6d:2f:12:cc:88 rssi=-47 f=5240 sc=60 link=433 tx=1.1, 0.0, 0.0  rx=9.9 bcn=38458 [on:0 tx:0 rx:0 period:999] from screen [on:267573 period:1104535] score=60
10-17 16:29:33.356  3957  4129 D WifiStateMachine:  L2ConnectedState !RSSI_PKTCNT_FETCH uid=1000 rt=504986568/1215360732 0 0 "ourhome" f4:6d:2f:12:cc:88 rssi=-47 f=5240 sc=60 link=433 tx=1.1, 0.0, 0.0  rx=9.9 bcn=38458 [on:0 tx:0 rx:0 period:1] from screen [on:267573 period:1104536] score=60
10-17 16:29:33.358  3957  4129 D WifiStateMachine: fetchRssiLinkSpeedAndFrequencyNative rssi=-45 linkspeed=433 freq=5240
10-17 16:29:33.358  3957  4129 V WifiConfigManager: Updating scan detail cache freq=5240 BSSID=f4:6d:2f:12:cc:88 RSSI=-45 for "ourhome"WPA_PSK
10-17 16:29:33.425  9986 10287 I BatteryMgr:DataCollectionService: stats => 1697552973425,-218,4308,-169,0,100
10-17 16:29:33.530  9986 10287 I BatteryMgr:DataCollectionService: stats => 1697552973530,-218,4308,-169,0,100
10-17 16:29:33.618  3957  4128 D WifiService: getConnectionInfo uid=1000
10-17 16:29:33.635  9986 10287 I BatteryMgr:DataCollectionService: stats => 1697552973635,-218,4308,-169,0,100
10-17 16:29:33.741  9986 10287 I BatteryMgr:DataCollectionService: stats => 1697552973741,-218,4308,-169,0,100
10-17 16:29:33.846  9986 10287 I BatteryMgr:DataCollectionService: stats => 1697552973846,-218,4308,-169,0,100
10-17 16:29:33.903  3957  6478 D SSRM:k  : SIOP:: AP = 420, PST = 395 (W:12), BAT = 236, USB = 0, CHG = 0
10-17 16:29:33.913  3957  6478 D ac      : broadcastSiopLevelIntent:: currentSiopLevel = 0
10-17 16:29:33.917 10763 10763 I [SC]SCloudReceiver: onReceive: com.samsung.intent.action.CHECK_SIOP_LEVEL
10-17 16:29:33.918  3957  6478 D WifiService: getConnectionInfo uid=1000
10-17 16:29:33.920 10763 10763 I [SC]DetectorReceiver: onReceive [com.samsung.intent.action.CHECK_SIOP_LEVEL]
10-17 16:29:33.921 10763 10763 I [SC]AccountUtil: Samsung Account Not Logged in
10-17 16:29:33.927  3957  6478 I SensorService: createSensorEventConnection package name f.z
10-17 16:29:33.928  3957  6478 D SensorService: Calling batch handle==3 flags=0 rate=200000000 timeout== 0
10-17 16:29:33.928  3434  3434 I Sensors : ProximitySensor:enable: handle 3, en 1, old_en 0
10-17 16:29:33.950  9986 10287 I BatteryMgr:DataCollectionService: stats => 1697552973950,-218,4308,-169,0,100
10-17 16:29:33.985  3957  6478 D SensorManager: registerListener :: 3, STK3013 Proximity, 200000, 0,  
10-17 16:29:33.985  3434  3434 I Sensors : ProximitySensor:readEvents: value 8(cm)
10-17 16:29:33.986  3957  3957 D SensorManager: Proximity, val = 8.0  [far]
10-17 16:29:33.987  3957  3957 D SensorService: Calling activate off 3
10-17 16:29:33.987  3434  4028 I Sensors : ProximitySensor:enable: handle 3, en 0, old_en 1
10-17 16:29:33.989  3957  3957 D SensorManager: unregisterListener ::   
