10-17 16:35:35.587  3957  3967 D ConnectivityService: filterNetworkStateForUid() uid: 10169 networkInfo: [type: WIFI[] - WIFI, state: CONNECTED/CONNECTED, reason: (unspecified), extra: "ourhome", failover: false, available: true, roaming: false, metered: false]
10-17 16:35:35.587  3957  3967 D WifiService: getConnectionInfo uid=1000
10-17 16:35:35.604  3957  4128 D WifiService: getConnectionInfo uid=1000
10-17 16:35:35.611 12256 12569 I BatteryMgr:DataCollectionService: stats => 1697553335611,-84,4308,-135,0,100
10-17 16:35:35.664 12301 12301 I GeckoSession: handleMessage GeckoView:PageStop uri=null
10-17 16:35:35.668 12301 12338 I SessionStorage/AutoSave: Save: Load finished
10-17 16:35:35.717 12256 12569 I BatteryMgr:DataCollectionService: stats => 1697553335717,-84,4308,-135,0,100
10-17 16:35:35.823 12256 12569 I BatteryMgr:DataCollectionService: stats => 1697553335823,-84,4308,-135,0,100
10-17 16:35:35.864  3957  4129 D WifiStateMachine:  ConnectedState !RSSI_PKTCNT_FETCH uid=1000 rt=505349078/1215723242 0 0 "ourhome" f4:6d:2f:12:cc:88 rssi=-45 f=5240 sc=60 link=433 tx=262.3, 3.2, 0.0  rx=316.5 bcn=41872 [on:0 tx:0 rx:0 period:1000] from screen [on:334780 period:1467045] score=60
10-17 16:35:35.866  3957  4129 D WifiStateMachine:  L2ConnectedState !RSSI_PKTCNT_FETCH uid=1000 rt=505349079/1215723243 0 0 "ourhome" f4:6d:2f:12:cc:88 rssi=-45 f=5240 sc=60 link=433 tx=262.3, 3.2, 0.0  rx=316.5 bcn=41872 [on:0 tx:0 rx:0 period:1] from screen [on:334780 period:1467046] score=60
10-17 16:35:35.868  3957  4129 D WifiStateMachine: fetchRssiLinkSpeedAndFrequencyNative rssi=-45 linkspeed=433 freq=5240
10-17 16:35:35.868  3957  4129 V WifiConfigManager: Updating scan detail cache freq=5240 BSSID=f4:6d:2f:12:cc:88 RSSI=-45 for "ourhome"WPA_PSK
10-17 16:35:35.930 12256 12569 I BatteryMgr:DataCollectionService: stats => 1697553335930,-84,4308,-135,0,100
10-17 16:35:35.984  3957  6478 D SSRM:k  : SIOP:: AP = 380, PST = 331 (W:10), BAT = 236, USB = 0, CHG = 0
10-17 16:35:35.991  3957  4030 D SensorService: [SO] 0.201 -0.220 10.017
10-17 16:35:36.037 12256 12569 I BatteryMgr:DataCollectionService: stats => 1697553336037,-84,4308,-135,0,100
10-17 16:35:36.143 12256 12569 I BatteryMgr:DataCollectionService: stats => 1697553336143,-84,4308,-135,0,100
10-17 16:35:36.218  3957  3967 D ConnectivityService: filterNetworkStateForUid() uid: 10169 networkInfo: [type: WIFI[] - WIFI, state: CONNECTED/CONNECTED, reason: (unspecified), extra: "ourhome", failover: false, available: true, roaming: false, metered: false]
10-17 16:35:36.218  3957  3967 D WifiService: getConnectionInfo uid=1000
10-17 16:35:36.251 12256 12569 I BatteryMgr:DataCollectionService: stats => 1697553336251,-84,4308,-135,0,100
10-17 16:35:36.317  3957  3967 I chatty  : uid=1000(system) Binder:3957_1 identical 1 line
10-17 16:35:36.318  3957  3967 D WifiService: getConnectionInfo uid=1000
10-17 16:35:36.323  3957  3967 D ConnectivityService: filterNetworkStateForUid() uid: 10169 networkInfo: [type: WIFI[] - WIFI, state: CONNECTED/CONNECTED, reason: (unspecified), extra: "ourhome", failover: false, available: true, roaming: false, metered: false]
10-17 16:35:36.323  3957  3967 D WifiService: getConnectionInfo uid=1000
10-17 16:35:36.358 12256 12569 I BatteryMgr:DataCollectionService: stats => 1697553336357,-84,4308,-135,0,100
10-17 16:35:36.445  3957  4129 D WifiStateMachine:  ConnectedState !CMD_RSSI_POLL rt=505349657/1215723821 81 0 "ourhome" f4:6d:2f:12:cc:88 rssi=-45 f=5240 sc=60 link=433 tx=262.3, 3.2, 0.0  rx=316.5 bcn=41872 [on:0 tx:0 rx:0 period:579] from screen [on:334780 period:1467625] score=60
10-17 16:35:36.446  3957  4129 D WifiStateMachine:  L2ConnectedState !CMD_RSSI_POLL rt=505349659/1215723823 81 0 "ourhome" f4:6d:2f:12:cc:88 rssi=-45 f=5240 sc=60 link=433 tx=262.3, 3.2, 0.0  rx=316.5 bcn=41872 [on:0 tx:0 rx:0 period:2] from screen [on:334780 period:1467627] score=60
10-17 16:35:36.446  3957  4129 D WifiStateMachine:  get link layer stats 3
10-17 16:35:36.447  3436  3436 I android.hardware.wifi@1.0-service: getLinkLayerStats
10-17 16:35:36.465  3957  4129 D WifiStateMachine: fetchRssiLinkSpeedAndFrequencyNative rssi=-45 linkspeed=433 freq=5240
10-17 16:35:36.465  3957  4129 V WifiConfigManager: Updating scan detail cache freq=5240 BSSID=f4:6d:2f:12:cc:88 RSSI=-45 for "ourhome"WPA_PSK
10-17 16:35:36.467 12256 12569 I BatteryMgr:DataCollectionService: stats => 1697553336467,-84,4308,-135,0,100
10-17 16:35:36.469  4340  4340 E SignalClusterView: setSlotFocusVisible : subId -2
10-17 16:35:36.469  4340  4340 E SignalClusterView: setSlotFocusVisible : subId -2
10-17 16:35:36.575 12256 12569 I BatteryMgr:DataCollectionService: stats => 1697553336574,-84,4308,-135,0,100
10-17 16:35:36.588  3957  3967 D ConnectivityService: filterNetworkStateForUid() uid: 10103 networkInfo: [type: WIFI[] - WIFI, state: CONNECTED/CONNECTED, reason: (unspecified), extra: "ourhome", failover: false, available: true, roaming: false, metered: false]
10-17 16:35:36.589  3957  3967 D WifiService: getConnectionInfo uid=1000
10-17 16:35:36.592  3957  3967 I chatty  : uid=1000(system) Binder:3957_1 identical 2 lines
10-17 16:35:36.603  3957  3967 D WifiService: getConnectionInfo uid=1000
10-17 16:35:36.606  3957  4128 D WifiService: getConnectionInfo uid=1000
10-17 16:35:36.610  3957  3967 D WifiService: getConnectionInfo uid=1000
10-17 16:35:36.613  3957  3967 I chatty  : uid=1000(system) Binder:3957_1 identical 5 lines
10-17 16:35:36.613  3957  3967 I chatty  : uid=1000(system) Binder:3957_1 identical 1 line
10-17 16:35:36.615  3957  3967 D ConnectivityService: filterNetworkStateForUid() uid: 10103 networkInfo: [type: WIFI[] - WIFI, state: CONNECTED/CONNECTED, reason: (unspecified), extra: "ourhome", failover: false, available: true, roaming: false, metered: false]
10-17 16:35:36.615  3957  3967 D WifiService: getConnectionInfo uid=1000
10-17 16:35:36.617  3957  4653 D ConnectivityService: filterNetworkStateForUid() uid: 10103 networkInfo: [type: WIFI[] - WIFI, state: CONNECTED/CONNECTED, reason: (unspecified), extra: "ourhome", failover: false, available: true, roaming: false, metered: false]
10-17 16:35:36.617  3957  4653 D WifiService: getConnectionInfo uid=1000
10-17 16:35:36.621  3957  4653 I chatty  : uid=1000(system) Binder:3957_B identical 2 lines
10-17 16:35:36.621  3957  4653 I chatty  : uid=1000(system) Binder:3957_B identical 2 lines
10-17 16:35:36.623  3957  4653 D ConnectivityService: filterNetworkStateForUid() uid: 10103 networkInfo: [type: WIFI[] - WIFI, state: CONNECTED/CONNECTED, reason: (unspecified), extra: "ourhome", failover: false, available: true, roaming: false, metered: false]
10-17 16:35:36.623  3957  4653 D WifiService: getConnectionInfo uid=1000
10-17 16:35:36.637  4961  4961 D io_stats: !@ 179,0 r 7726203 248722604 w 1655030 34407012 d 133084 33968716 f 386181 407346 iot 3422392 2993666 th 51200 0 0 pt 0 inp 0 0 505349.850
10-17 16:35:36.683 12256 12569 I BatteryMgr:DataCollectionService: stats => 1697553336683,-84,4308,-135,0,100
10-17 16:35:36.719 12385 12782 W fb4a.MobileConfigFactoryImpl: SESSIONBASED factory used for 1 param
10-17 16:35:36.790 12256 12569 I BatteryMgr:DataCollectionService: stats => 1697553336790,-84,4308,-135,0,100
10-17 16:35:36.849  3957  4653 D PackageManager: setEnabledSetting : userId = 0 packageName = com.facebook.katana cmp = com.facebook.composer.shareintent.ImplicitShareIntentHandlerDefaultAlias newState = 1 callingPackage = 10103/com.facebook.katana
10-17 16:35:36.856  3957  4653 D PackageManager: setEnabledSetting : userId = 0 packageName = com.facebook.katana cmp = com.facebook.composer.shareintent.AddToStoryAlias newState = 1 callingPackage = 10103/com.facebook.katana
10-17 16:35:36.861  3957  4653 D PackageManager: setEnabledSetting : userId = 0 packageName = com.facebook.katana cmp = com.facebook.composer.shareintent.ShareToGroupsAlias newState = 1 callingPackage = 10103/com.facebook.katana
10-17 16:35:36.865  3957  4129 D WifiStateMachine:  ConnectedState !RSSI_PKTCNT_FETCH uid=1000 rt=505350078/1215724242 0 0 "ourhome" f4:6d:2f:12:cc:88 rssi=-45 f=5240 sc=60 link=433 tx=136.5, 3.7, 0.0  rx=170.9 bcn=41901 [on:0 tx:0 rx:0 period:398] from screen [on:337300 period:1468046] score=60
10-17 16:35:36.866  3957  4653 D PackageManager: setEnabledSetting : userId = 0 packageName = com.facebook.katana cmp = com.facebook.composer.shareintent.ShareToGroupsDisableSinglePhotoAlias newState = 2 callingPackage = 10103/com.facebook.katana
10-17 16:35:36.866  3957  4129 D WifiStateMachine:  L2ConnectedState !RSSI_PKTCNT_FETCH uid=1000 rt=505350079/1215724243 0 0 "ourhome" f4:6d:2f:12:cc:88 rssi=-45 f=5240 sc=60 link=433 tx=136.5, 3.7, 0.0  rx=170.9 bcn=41901 [on:0 tx:0 rx:0 period:1] from screen [on:337300 period:1468047] score=60
10-17 16:35:36.867  3957  4129 D WifiStateMachine: fetchRssiLinkSpeedAndFrequencyNative rssi=-46 linkspeed=433 freq=5240
10-17 16:35:36.867  3957  4129 V WifiConfigManager: Updating scan detail cache freq=5240 BSSID=f4:6d:2f:12:cc:88 RSSI=-45 for "ourhome"WPA_PSK
10-17 16:35:36.875  3957  3967 D WifiService: getConnectionInfo uid=10103
10-17 16:35:36.880  3957  4653 D WifiService: getConnectionInfo uid=10103
10-17 16:35:36.890 12385 12782 W fb4a.ServiceInfoParser: X.4CE: Service com.facebook.browser.lite.BrowserLiteIntentService is missing meta key com.facebook.common.jobscheduler.compat.jobIds
10-17 16:35:36.891 12385 12782 W fb4a.ServiceInfoParser: X.4CE: Service com.facebook.browser.lite.BrowserLiteInMainProcessIntentService is missing meta key com.facebook.common.jobscheduler.compat.jobIds
10-17 16:35:36.891 12385 12782 W fb4a.ServiceInfoParser: X.4CE: Service com.facebook.businessintegrity.cloakingdetection.service.CloakingDetectionService is missing meta key com.facebook.common.jobscheduler.compat.jobIds
10-17 16:35:36.891 12385 12782 W fb4a.ServiceInfoParser: X.4CE: Service com.facebook.contacts.service.ContactLocaleChangeService is missing meta key com.facebook.common.jobscheduler.compat.jobIds
10-17 16:35:36.891 12385 12782 W fb4a.ServiceInfoParser: X.4CE: Service com.facebook.common.zopt.ZOptBackgroundService is missing meta key com.facebook.common.jobscheduler.compat.jobIds
10-17 16:35:36.891 12385 12782 W fb4a.ServiceInfoParser: X.4CE: Service com.facebook.account.login.notification.LoginNotificationService is missing meta key com.facebook.common.jobscheduler.compat.jobIds
10-17 16:35:36.892 12385 12782 W fb4a.ServiceInfoParser: X.4CE: Service com.facebook.conditionalworker.ConditionalWorkerService is missing meta key com.facebook.common.jobscheduler.compat.jobIds
10-17 16:35:36.893 12385 12782 W fb4a.ServiceInfoParser: X.4CE: Service com.facebook.fbservice.service.BlueServiceJobIntentService is missing meta key com.facebook.common.jobscheduler.compat.jobIds
10-17 16:35:36.893 12385 12782 W fb4a.ServiceInfoParser: X.4CE: Service com.facebook.notifications.appwidget.bugreporter.NotificationsWidgetDebugHelper is missing meta key com.facebook.common.jobscheduler.compat.jobIds
10-17 16:35:36.896 12385 12782 W fb4a.ServiceInfoParser: X.4CE: Service com.facebook.appcomponentmanager.AppComponentManagerService is missing meta key com.facebook.common.jobscheduler.compat.jobIds
10-17 16:35:36.896 12385 12782 W fb4a.ServiceInfoParser: X.4CE: Service com.facebook.confirmation.notification.ConfirmationNotificationService is missing meta key com.facebook.common.jobscheduler.compat.jobIds
10-17 16:35:36.896 12385 12782 W fb4a.ServiceInfoParser: X.4CE: Service com.facebook.battery.monitor.ContinuousBatteryMonitorService is missing meta key com.facebook.common.jobscheduler.compat.jobIds
10-17 16:35:36.898 12385 12782 W fb4a.ServiceInfoParser: X.4CE: Service com.facebook.papaya.fb.client.services.FBPapayaJobService is missing meta key com.facebook.common.jobscheduler.compat.jobIds
10-17 16:35:36.898 12385 12782 W fb4a.ServiceInfoParser: X.4CE: Service com.facebook.push.adm.ADMService is missing meta key com.facebook.common.jobscheduler.compat.jobIds
10-17 16:35:36.898 12385 12782 W fb4a.ServiceInfoParser: X.4CE: Service com.facebook.push.adm.ADMBroadcastReceiverJobBase is missing meta key com.facebook.common.jobscheduler.compat.jobIds
10-17 16:35:36.898 12385 12782 W fb4a.ServiceInfoParser: X.4CE: Service com.facebook.push.adm.ADMJobIntentService is missing meta key com.facebook.common.jobscheduler.compat.jobIds
10-17 16:35:36.899 12256 12569 I BatteryMgr:DataCollectionService: stats => 1697553336899,-84,4308,-135,0,100
10-17 16:35:36.900 12385 12782 W fb4a.ServiceInfoParser: X.4CE: Service com.facebook.push.fbpushdata.common.FbPushDataHandlerService is missing meta key com.facebook.common.jobscheduler.compat.jobIds
10-17 16:35:36.901 12385 12782 W fb4a.ServiceInfoParser: X.4CE: Service com.facebook.push.mqtt.service.MqttPushHelperService is missing meta key com.facebook.common.jobscheduler.compat.jobIds
10-17 16:35:36.902 12385 12782 W fb4a.ServiceInfoParser: X.4CE: Service com.facebook.push.registration.RegistrarHelperService is missing meta key com.facebook.common.jobscheduler.compat.jobIds
10-17 16:35:36.904 12385 12782 W fb4a.ServiceInfoParser: X.4CE: Service com.facebook.push.crossapp.PackageRemovedReporterService is missing meta key com.facebook.common.jobscheduler.compat.jobIds
10-17 16:35:36.904 12385 12782 W fb4a.ServiceInfoParser: X.4CE: Service com.facebook.reportaproblem.base.bugreport.BugReportUploadService is missing meta key com.facebook.common.jobscheduler.compat.jobIds
10-17 16:35:36.904 12385 12782 W fb4a.ServiceInfoParser: X.4CE: Service com.facebook.profilo.upload.TraceUploadRetryJob is missing meta key com.facebook.common.jobscheduler.compat.jobIds
10-17 16:35:36.904 12385 12782 W fb4a.ServiceInfoParser: X.4CE: Service com.facebook.registration.notification.RegistrationNotificationService is missing meta key com.facebook.common.jobscheduler.compat.jobIds
10-17 16:35:36.905 12385 12782 W fb4a.ServiceInfoParser: X.4CE: Service com.facebook.common.dextricks.DexOptimization$Service is missing meta key com.facebook.common.jobscheduler.compat.jobIds
10-17 16:35:36.905 12385 12782 W fb4a.ServiceInfoParser: X.4CE: Service com.facebook.common.dextricks.DexOptimizationJobService is missing meta key com.facebook.common.jobscheduler.compat.jobIds
10-17 16:35:36.907 12385 12782 W fb4a.ServiceInfoParser: X.4CE: Service com.facebook.glc.ScheduledWifiMonitorService is missing meta key com.facebook.common.jobscheduler.compat.jobIds
10-17 16:35:36.914 12385 12782 W fb4a.ServiceInfoParser: X.4CE: Service com.facebook.glc.GLCService is missing meta key com.facebook.common.jobscheduler.compat.jobIds
10-17 16:35:36.914 12385 12782 W fb4a.ServiceInfoParser: X.4CE: Service com.facebook.displaytimeinvalidation.service.DisplayTimeBlockIntentService is missing meta key com.facebook.common.jobscheduler.compat.jobIds
10-17 16:35:36.914 12385 12782 W fb4a.ServiceInfoParser: X.4CE: Service com.facebook.delayedworker.DelayedWorkerService is missing meta key com.facebook.common.jobscheduler.compat.jobIds
10-17 16:35:36.914 12385 12782 W fb4a.ServiceInfoParser: X.4CE: Service com.facebook.analytics2.logger.service.LollipopUploadSafeService is missing meta key com.facebook.common.jobscheduler.compat.jobIds
10-17 16:35:36.914 12385 12782 W fb4a.ServiceInfoParser: X.4CE: Service com.facebook.analytics2.logger.LollipopUploadService is missing meta key com.facebook.common.jobscheduler.compat.jobIds
10-17 16:35:36.915 12385 12782 W fb4a.ServiceInfoParser: X.4CE: Service com.facebook.compost.service.CompostNotificationService is missing meta key com.facebook.common.jobscheduler.compat.jobIds
10-17 16:35:36.915 12385 12782 W fb4a.ServiceInfoParser: X.4CE: Service com.facebook.videolite.api.jobscheduler.UploadJobSchedulerService is missing meta key com.facebook.common.jobscheduler.compat.jobIds
10-17 16:35:36.915 12385 12782 W fb4a.ServiceInfoParser: X.4CE: Service com.facebook.feed.platformads.AppInstallService is missing meta key com.facebook.common.jobscheduler.compat.jobIds
10-17 16:35:36.915 12385 12782 W fb4a.ServiceInfoParser: X.4CE: Service com.facebook.googleplay.GooglePlayInstallRefererService is missing meta key com.facebook.common.jobscheduler.compat.jobIds
10-17 16:35:36.916 12385 12782 W fb4a.ServiceInfoParser: X.4CE: Service com.facebook.oxygen.preloads.sdk.firstparty.managedappcache.IsManagedAppCacheJobService is missing meta key com.facebook.common.jobscheduler.compat.jobIds
10-17 16:35:36.916 12385 12782 W fb4a.ServiceInfoParser: X.4CE: Service com.facebook.orca.notify.MessagesNotificationService is missing meta key com.facebook.common.jobscheduler.compat.jobIds
10-17 16:35:36.916 12385 12782 W fb4a.ServiceInfoParser: X.4CE: Service com.facebook.push.negativefeedback.PushNegativeFeedbackFbJobIntentService is missing meta key com.facebook.common.jobscheduler.compat.jobIds
10-17 16:35:36.917 12385 12782 W fb4a.ServiceInfoParser: X.4CE: Service com.facebook.push.fcm.FcmRegistrarFbJobIntentService is missing meta key com.facebook.common.jobscheduler.compat.jobIds
10-17 16:35:36.918 12385 12782 W fb4a.ServiceInfoParser: X.4CE: Service com.facebook.messaging.prefs.notifications.NotificationPrefsSyncService is missing meta key com.facebook.common.jobscheduler.compat.jobIds
10-17 16:35:36.919 12385 12782 W fb4a.ServiceInfoParser: X.4CE: Service androidx.work.impl.background.systemjob.SystemJobService is missing meta key com.facebook.common.jobscheduler.compat.jobIds
10-17 16:35:36.920 12385 12782 W fb4a.ServiceInfoParser: X.4CE: Service com.facebook.voltron.download.scheduledinstaller.OxygenScheduledInstallerJobService is missing meta key com.facebook.common.jobscheduler.compat.jobIds
10-17 16:35:36.920 12385 12782 W fb4a.ServiceInfoParser: X.4CE: Service com.google.android.gms.analytics.AnalyticsJobService is missing meta key com.facebook.common.jobscheduler.compat.jobIds
10-17 16:35:36.931  3957  4653 D ConnectivityService: filterNetworkStateForUid() uid: 10103 networkInfo: [type: WIFI[] - WIFI, state: CONNECTED/CONNECTED, reason: (unspecified), extra: "ourhome", failover: false, available: true, roaming: false, metered: false]
10-17 16:35:36.931  3957  4653 D WifiService: getConnectionInfo uid=1000
10-17 16:35:36.932  3957  4653 D ConnectivityService: filterNetworkStateForUid() uid: 10103 networkInfo: [type: WIFI[] - WIFI, state: CONNECTED/CONNECTED, reason: (unspecified), extra: "ourhome", failover: false, available: true, roaming: false, metered: false]
10-17 16:35:36.932  3957  4653 D WifiService: getConnectionInfo uid=1000
10-17 16:35:36.936  3957  3972 W BroadcastQueue: Permission Denial: broadcasting Intent { act=android.net.conn.CONNECTIVITY_CHANGE flg=0x4000010 (has extras) } from null (pid=-1, uid=-1) requires com.facebook.permission.prod.FB_APP_COMMUNICATION due to registered receiver BroadcastFilter{3cc6874 u0 ReceiverList{3d35847 12385 com.facebook.katana/10103/u0 remote:e31a786}}
10-17 16:35:37.007 12256 12569 I BatteryMgr:DataCollectionService: stats => 1697553337007,-84,4308,-135,0,100
10-17 16:35:37.070  2479  2548 D ScanRecord: Not a Multi Manu data
10-17 16:35:37.114  2479  2548 I chatty  : uid=1002(bluetooth) BT Service Call identical 63 lines
10-17 16:35:37.114  2479  2548 D ScanRecord: Not a Multi Manu data
10-17 16:35:37.115 12256 12569 I BatteryMgr:DataCollectionService: stats => 1697553337115,-84,4308,-135,0,100
10-17 16:35:37.140  2479  2548 D ScanRecord: Not a Multi Manu data
10-17 16:35:37.171  2479  2548 I chatty  : uid=1002(bluetooth) BT Service Call identical 50 lines
10-17 16:35:37.171  2479  2548 D ScanRecord: Not a Multi Manu data
10-17 16:35:37.177  3957  4653 D PackageManager: setEnabledSetting : userId = 0 packageName = com.facebook.katana cmp = com.facebook.fbpay.w3c.ipc.IsReadyToPayServiceImpl newState = 1 callingPackage = 10103/com.facebook.katana
10-17 16:35:37.182  3957  4653 D PackageManager: setEnabledSetting : userId = 0 packageName = com.facebook.katana cmp = com.facebook.fbpay.w3c.ipc.FBPaymentServiceImpl newState = 1 callingPackage = 10103/com.facebook.katana
10-17 16:35:37.189  2479  2548 D ScanRecord: Not a Multi Manu data
10-17 16:35:37.189  2479  2548 I chatty  : uid=1002(bluetooth) BT Service Call identical 11 lines
10-17 16:35:37.190  2479  2548 D ScanRecord: Not a Multi Manu data
10-17 16:35:37.190  3957  4653 D PackageManager: setEnabledSetting : userId = 0 packageName = com.facebook.katana cmp = com.facebook.fbpay.w3c.views.PaymentActivity newState = 1 callingPackage = 10103/com.facebook.katana
10-17 16:35:37.197  2479  2548 D ScanRecord: Not a Multi Manu data
10-17 16:35:37.223  2479  2548 I chatty  : uid=1002(bluetooth) BT Service Call identical 63 lines
10-17 16:35:37.223  2479  2548 D ScanRecord: Not a Multi Manu data
10-17 16:35:37.223 12256 12569 I BatteryMgr:DataCollectionService: stats => 1697553337223,-84,4308,-135,0,100
10-17 16:35:37.224  2479  2548 D ScanRecord: Not a Multi Manu data
10-17 16:35:37.288  2479  2548 I chatty  : uid=1002(bluetooth) BT Service Call identical 115 lines
10-17 16:35:37.288  2479  2548 D ScanRecord: Not a Multi Manu data
10-17 16:35:37.298 12385 12782 D skia    : --- SkAndroidCodec::NewFromStream returned null
10-17 16:35:37.298 12385 12741 D skia    : --- SkAndroidCodec::NewFromStream returned null
10-17 16:35:37.301  2479  2548 D ScanRecord: Not a Multi Manu data
10-17 16:35:37.304  2479  2548 I chatty  : uid=1002(bluetooth) BT Service Call identical 24 lines
10-17 16:35:37.304  2479  2548 D ScanRecord: Not a Multi Manu data
10-17 16:35:37.311 12385 12782 D skia    : --- SkAndroidCodec::NewFromStream returned null
10-17 16:35:37.318 12385 12782 D skia    : --- SkAndroidCodec::NewFromStream returned null
10-17 16:35:37.319  2479  2548 D ScanRecord: Not a Multi Manu data
10-17 16:35:37.330  2479  2548 I chatty  : uid=1002(bluetooth) BT Service Call identical 37 lines
10-17 16:35:37.330  2479  2548 D ScanRecord: Not a Multi Manu data
10-17 16:35:37.332 12256 12569 I BatteryMgr:DataCollectionService: stats => 1697553337332,-84,4308,-135,0,100
10-17 16:35:37.332  2479  2548 D ScanRecord: Not a Multi Manu data
10-17 16:35:37.369  2479  2548 I chatty  : uid=1002(bluetooth) BT Service Call identical 102 lines
10-17 16:35:37.369  2479  2548 D ScanRecord: Not a Multi Manu data
10-17 16:35:37.374 12385 12413 I zygote  : Do partial code cache collection, code=111KB, data=82KB
10-17 16:35:37.375  2479  2548 D ScanRecord: Not a Multi Manu data
10-17 16:35:37.375  2479  2548 I chatty  : uid=1002(bluetooth) BT Service Call identical 10 lines
10-17 16:35:37.377  2479  2548 D ScanRecord: Not a Multi Manu data
10-17 16:35:37.377 12385 12733 W fb4a.Fixie: Initialize FB4A_APP_INIT on thread: CombinedTP3
10-17 16:35:37.377  2479  2548 D ScanRecord: Not a Multi Manu data
10-17 16:35:37.377 12385 12733 W fb4a.Fixie: No fixes for FB4A_APP_INIT
10-17 16:35:37.378 12385 12413 I zygote  : After code cache collection, code=111KB, data=82KB
10-17 16:35:37.378 12385 12413 I zygote  : Increasing code cache capacity to 512KB
10-17 16:35:37.378 12385 12413 I zygote  : Compiler allocated 9MB to compile void X.2N6.run()
10-17 16:35:37.380  2479  2548 D ScanRecord: Not a Multi Manu data
10-17 16:35:37.439  2479  2548 I chatty  : uid=1002(bluetooth) BT Service Call identical 126 lines
10-17 16:35:37.439  2479  2548 D ScanRecord: Not a Multi Manu data
10-17 16:35:37.439 12256 12569 I BatteryMgr:DataCollectionService: stats => 1697553337439,-84,4308,-135,0,100
10-17 16:35:37.439  2479  2548 D ScanRecord: Not a Multi Manu data
10-17 16:35:37.463  2479  2548 I chatty  : uid=1002(bluetooth) BT Service Call identical 26 lines
10-17 16:35:37.463  2479  2548 D ScanRecord: Not a Multi Manu data
10-17 16:35:37.469  3957  4653 D PackageManager: setEnabledSetting : userId = 0 packageName = com.facebook.katana cmp = com.facebook.inspiration.fbshorts.shareintent.InpirationFbShortsShareAlias newState = 1 callingPackage = 10103/com.facebook.katana
10-17 16:35:37.474  3957  4653 D PackageManager: setEnabledSetting : userId = 0 packageName = com.facebook.katana cmp = com.facebook.inspiration.fbshorts.shareintent.InpirationFbShortsSharePhotoAlias newState = 2 callingPackage = 10103/com.facebook.katana
10-17 16:35:37.475  2479  2548 D ScanRecord: Not a Multi Manu data
10-17 16:35:37.475  2479  2548 I chatty  : uid=1002(bluetooth) BT Service Call identical 11 lines
10-17 16:35:37.475  2479  2548 D ScanRecord: Not a Multi Manu data
10-17 16:35:37.477  3957  4653 D PackageManager: setEnabledSetting : userId = 0 packageName = com.facebook.katana cmp = com.facebook.inspiration.fbshorts.shareintent.InpirationFbShortsShareMultipleAlias newState = 1 callingPackage = 10103/com.facebook.katana
10-17 16:35:37.485  3957  4653 D PackageManager: setEnabledSetting : userId = 0 packageName = com.facebook.katana cmp = com.facebook.inspiration.platformsharing.activity.InspirationCameraExternalShareActivity newState = 1 callingPackage = 10103/com.facebook.katana
10-17 16:35:37.494  2479  2548 D ScanRecord: Not a Multi Manu data
10-17 16:35:37.544  2479  2548 I chatty  : uid=1002(bluetooth) BT Service Call identical 128 lines
10-17 16:35:37.544  2479  2548 D ScanRecord: Not a Multi Manu data
10-17 16:35:37.546 12256 12569 I BatteryMgr:DataCollectionService: stats => 1697553337546,-84,4308,-135,0,100
10-17 16:35:37.550  2479  2548 D ScanRecord: Not a Multi Manu data
10-17 16:35:37.550  2479  2548 I chatty  : uid=1002(bluetooth) BT Service Call identical 11 lines
10-17 16:35:37.550  2479  2548 D ScanRecord: Not a Multi Manu data
10-17 16:35:37.608  3957  4128 D WifiService: getConnectionInfo uid=1000
10-17 16:35:37.608  3957  4653 D PackageManager: setEnabledSetting : userId = 0 packageName = com.facebook.katana cmp = androidx.work.impl.background.systemjob.SystemJobService newState = 1 callingPackage = 10103/com.facebook.katana
10-17 16:35:37.653 12256 12569 I BatteryMgr:DataCollectionService: stats => 1697553337653,-84,4308,-135,0,100
10-17 16:35:37.671  3957  3972 D StorageManagerService: getExternalStorageMountMode : 1
10-17 16:35:37.671  3957  3972 D StorageManagerService: getExternalStorageMountMode : 3
10-17 16:35:37.672  3957  3972 D StorageManagerService: getExternalStorageMountMode : final mountMode=1, uid : 10003, packageName : com.sec.android.provider.badge
10-17 16:35:37.672  3957  3972 I ApplicationPolicy: isApplicationExternalStorageWhitelisted:com.sec.android.provider.badge user:0
10-17 16:35:37.673  3957  3972 D ApplicationPolicy: isApplicationExternalStorageWhitelisted: DO is not enabled on user 0. Allowed.
10-17 16:35:37.674  3957  3972 D ActivityManager: package  com.sec.android.provider.badge, user - 0 is SDcard whitelisted
10-17 16:35:37.674  3957  3972 I ApplicationPolicy: isApplicationExternalStorageBlacklisted:com.sec.android.provider.badge user:0
10-17 16:35:37.674  3957  3972 D ApplicationPolicy: isApplicationExternalStorageBlacklisted: DO is not enabled on user 0. Allowed.
10-17 16:35:37.696 13054 13054 E Zygote  : isWhitelistProcess - Process is Whitelisted
10-17 16:35:37.697 13054 13054 E libpersona: scanKnoxPersonas
10-17 16:35:37.698 13054 13054 E libpersona: Couldn't open the File - /data/system/users/0/personalist.xml - No such file or directory
10-17 16:35:37.698  3957  3972 I ActivityManager: Start proc 13054:com.sec.android.provider.badge/u0a3 for broadcast com.sec.android.provider.badge/.BadgeCountReceiver
10-17 16:35:37.703 13054 13054 W SELinux : SELinux selinux_android_compute_policy_index : Policy Index[2],  Con:u:r:zygote:s0 RAM:SEPF_SM-J720F_8.0.0_0002, [-1 -1 -1 -1 0 1]
10-17 16:35:37.706 13054 13054 I SELinux : SELinux: seapp_context_lookup: seinfo=platform, level=s0:c512,c768, pkgname=com.sec.android.provider.badge 
10-17 16:35:37.759 12256 12569 I BatteryMgr:DataCollectionService: stats => 1697553337759,-84,4308,-135,0,100
10-17 16:35:37.780 13054 13054 D TimaKeyStoreProvider: TimaKeyStore is not enabled: cannot add TimaSignature Service and generateKeyPair Service
10-17 16:35:37.781 13054 13054 D ActivityThread: Added TimaKeyStore provider
10-17 16:35:37.786  3957  3967 I ActivityManager: DSS on for com.sec.android.provider.badge and scale is 1.0
10-17 16:35:37.831 13054 13054 I zygote64: no shared libraies, dex_files: 1
10-17 16:35:37.865  3957  4129 D WifiStateMachine:  ConnectedState !RSSI_PKTCNT_FETCH uid=1000 rt=505351078/1215725243 0 0 "ourhome" f4:6d:2f:12:cc:88 rssi=-46 f=5240 sc=60 link=433 tx=136.5, 3.7, 0.0  rx=170.9 bcn=41901 [on:0 tx:0 rx:0 period:999] from screen [on:337300 period:1469046] score=60
10-17 16:35:37.866  3957  4129 D WifiStateMachine:  L2ConnectedState !RSSI_PKTCNT_FETCH uid=1000 rt=505351080/1215725244 0 0 "ourhome" f4:6d:2f:12:cc:88 rssi=-46 f=5240 sc=60 link=433 tx=136.5, 3.7, 0.0  rx=170.9 bcn=41901 [on:0 tx:0 rx:0 period:1] from screen [on:337300 period:1469047] score=60
10-17 16:35:37.872 12256 12569 I BatteryMgr:DataCollectionService: stats => 1697553337872,-84,4308,-135,0,100
10-17 16:35:37.874  3957  4129 D WifiStateMachine: fetchRssiLinkSpeedAndFrequencyNative rssi=-44 linkspeed=433 freq=5240
10-17 16:35:37.874  3957  4129 V WifiConfigManager: Updating scan detail cache freq=5240 BSSID=f4:6d:2f:12:cc:88 RSSI=-44 for "ourhome"WPA_PSK
10-17 16:35:37.875 13054 13054 D BadgeProvider: onCreate
10-17 16:35:37.878 13054 13054 D BadgeProvider: DatabaseHelper
10-17 16:35:37.885 13054 13054 D BadgeCountReceiver: badge intent : Intent { act=android.intent.action.BADGE_COUNT_UPDATE flg=0x10 cmp=com.sec.android.provider.badge/.BadgeCountReceiver (has extras) }
10-17 16:35:37.886 13054 13054 D BadgeCountReceiver: packageName: com.facebook.katana, className: com.facebook.katana.LoginActivity, count: 0
10-17 16:35:37.906 13054 13054 D BadgeProvider: onOpen
10-17 16:35:37.912 13054 13054 D BaseReflect: null getOwnClass TEST
10-17 16:35:37.913 13054 13054 D MethodReflector: android.content.ContentResolver getClass TEST
10-17 16:35:37.913 13054 13054 D BaseReflect: class android.content.ContentResolver isSupportClass TEST
10-17 16:35:37.913 13054 13054 D BaseReflect: class android.content.ContentResolver getOwnClass TEST
10-17 16:35:37.918 13054 13054 D MethodReflector: notifyChange is called
10-17 16:35:37.919 13054 13054 D BadgeProvider: sendNotify entered. [uri] : content://com.sec.badge/apps
10-17 16:35:37.919 13054 13054 D BadgeProvider: sendNotify, [notify] : null
10-17 16:35:37.920 13054 13054 D BadgeProvider: update, getCallingPackage() : com.sec.android.provider.badge
10-17 16:35:37.920 13054 13054 D BadgeProvider: update, [uri] : content://com.sec.badge/apps
10-17 16:35:37.920 13054 13054 D BadgeProvider: update, [uri.query] : null
10-17 16:35:37.920 13054 13054 D BadgeProvider: update, [BadgeCount] : badgecount=0
10-17 16:35:37.920 13054 13054 D BadgeProvider: update, [UpdateCount] : 1
10-17 16:35:37.980 12256 12569 I BatteryMgr:DataCollectionService: stats => 1697553337980,-84,4308,-135,0,100
10-17 16:35:38.046 12805 12829 I Finsky  : [16349] wsb.h(14): Triggered update for experiment package com.google.android.finsky.stable.
10-17 16:35:38.063 12805 12855 I Finsky  : [16370] key.run(956): Initializing the instant apps module.
10-17 16:35:38.087 12256 12569 I BatteryMgr:DataCollectionService: stats => 1697553338087,-84,4308,-135,0,100
10-17 16:35:38.108  3957  3967 D PackageManager: setEnabledSetting : userId = 0 packageName = com.facebook.katana cmp = com.facebook.notifications.settings.InAppNotificationSettingsActivity newState = 2 callingPackage = 10103/com.facebook.katana
10-17 16:35:38.131   426   426 D Notification.Badge: reloadBadges() entered.
10-17 16:35:38.150 13054 13066 D BadgeProvider: query, [selection] : null
10-17 16:35:38.152 12902 12902 I Finsky:background: [2] tys.onTrimMemory(13): Memory trim requested to level 80
10-17 16:35:38.157   426   444 D BadgeCache: 1. updateBadgeCounts: com.samsung.android.messaging = 0
10-17 16:35:38.157   426   444 D BadgeCache: 1. updateBadgeCounts: com.samsung.android.scloud = 1
10-17 16:35:38.157   426   444 D BadgeCache: 2. updateBadgeCounts: com.samsung.android.scloud/.app.ui.splash.launcher = 1
10-17 16:35:38.157   426   444 D BadgeCache: 1. updateBadgeCounts: com.samsung.android.voc = 0
10-17 16:35:38.157   426   444 D BadgeCache: 1. updateBadgeCounts: com.sec.android.app.sbrowser = -1
10-17 16:35:38.157   426   444 D BadgeCache: 2. updateBadgeCounts: com.sec.android.app.sbrowser/.SBrowserMainActivity = -1
10-17 16:35:38.158   426   444 D BadgeCache: 1. updateBadgeCounts: com.sec.android.app.samsungapps = 1
10-17 16:35:38.158   426   444 D BadgeCache: 2. updateBadgeCounts: com.sec.android.app.samsungapps/.SamsungAppsMainActivity = 1
10-17 16:35:38.158   426   444 D BadgeCache: 1. updateBadgeCounts: com.samsung.android.samsungpass = 1
10-17 16:35:38.158   426   444 D BadgeCache: 2. updateBadgeCounts: com.samsung.android.samsungpass/.launcher.EntryLauncher = 1
10-17 16:35:38.158   426   444 D BadgeCache: 1. updateBadgeCounts: com.google.android.youtube = 72
10-17 16:35:38.158   426   444 D BadgeCache: 2. updateBadgeCounts: com.google.android.youtube/.app.honeycomb.Shell$HomeActivity = 72
10-17 16:35:38.158   426   444 D BadgeCache: 1. updateBadgeCounts: com.facebook.katana = 0
10-17 16:35:38.158   426   444 D BadgeCache: 1. updateBadgeCounts: com.instagram.android = 0
10-17 16:35:38.158   426   444 D BadgeCache: 1. updateBadgeCounts: com.twitter.android = 14
10-17 16:35:38.158   426   444 D BadgeCache: 2. updateBadgeCounts: com.twitter.android/.StartActivity = 14
10-17 16:35:38.158   426   444 D BadgeCache: 1. updateBadgeCounts: nl.marktplaats.android = 0
10-17 16:35:38.160   426   444 D BadgeCache: updateBadgeCounts(), tempBadges.size() : [6], user : [UserHandle{0}]
10-17 16:35:38.160   426   444 D BadgeCache: updateBadgeCounts(), final size : 6
10-17 16:35:38.161   426   444 D Notification.Badge: reloadBadges(), badges count : 6
10-17 16:35:38.195 12256 12569 I BatteryMgr:DataCollectionService: stats => 1697553338195,-84,4308,-135,0,100
10-17 16:35:38.227 12301 12330 D GeckoIdleService: Get idle time: time since reset 5230 msec
10-17 16:35:38.227 12301 12330 D GeckoIdleService: Idle timer callback: current idle time 5230 msec
10-17 16:35:38.227 12301 12330 D GeckoIdleService: next timeout 4294967289769 msec from now
10-17 16:35:38.227 12301 12330 D GeckoIdleService: SetTimerExpiryIfBefore: next timeout 4294967289769 msec from now
10-17 16:35:38.227 12301 12330 D GeckoIdleService: reset timer expiry to 4294967289779 msec from now
10-17 16:35:38.228 12301 12330 D GeckoIdleService: Idle timer callback: tell observer 0x7424b397a8 user is idle
10-17 16:35:38.303 12256 12569 I BatteryMgr:DataCollectionService: stats => 1697553338302,-84,4308,-135,0,100
10-17 16:35:38.375 12805 12839 I zygote64: Rejecting re-init on previously-failed class java.lang.Class<eyo>: java.lang.NoClassDefFoundError: Failed resolution of: Landroid/view/translation/ViewTranslationCallback;
10-17 16:35:38.375 12805 12839 I zygote64:   at java.lang.Class java.lang.Class.classForName(java.lang.String, boolean, java.lang.ClassLoader) (Class.java:-2)
10-17 16:35:38.375 12805 12839 I zygote64:   at java.lang.Class java.lang.Class.forName(java.lang.String, boolean, java.lang.ClassLoader) (Class.java:453)
10-17 16:35:38.375 12805 12839 I zygote64:   at java.lang.Class java.lang.Class.forName(java.lang.String) (Class.java:378)
10-17 16:35:38.375 12805 12839 I zygote64:   at void yde.d() (PG:2888)
10-17 16:35:38.375 12805 12839 I zygote64:   at void yde.a() (PG:19)
10-17 16:35:38.375 12805 12839 I zygote64:   at void jkv.run() (PG:39)
10-17 16:35:38.375 12805 12839 I zygote64:   at void java.util.concurrent.ThreadPoolExecutor.runWorker(java.util.concurrent.ThreadPoolExecutor$Worker) (ThreadPoolExecutor.java:1162)
10-17 16:35:38.375 12805 12839 I zygote64:   at void java.util.concurrent.ThreadPoolExecutor$Worker.run() (ThreadPoolExecutor.java:636)
10-17 16:35:38.375 12805 12839 I zygote64:   at void noc.run() (PG:86)
10-17 16:35:38.375 12805 12839 I zygote64:   at void java.lang.Thread.run() (Thread.java:764)
10-17 16:35:38.375 12805 12839 I zygote64: Caused by: java.lang.ClassNotFoundException: Didn't find class "android.view.translation.ViewTranslationCallback" on path: DexPathList[[zip file "/data/app/com.android.vending-hPcCrQG-AfN-9-S7PUJzHA==/base.apk", zip file "/data/app/com.android.vending-hPcCrQG-AfN-9-S7PUJzHA==/split_config.arm64_v8a.apk", zip file "/data/app/com.android.vending-hPcCrQG-AfN-9-S7PUJzHA==/split_config.en.apk"],nativeLibraryDirectories=[/data/app/com.android.vending-hPcCrQG-AfN-9-S7PUJzHA==/lib/arm64, /data/app/com.android.vending-hPcCrQG-AfN-9-S7PUJzHA==/base.apk!/lib/arm64-v8a, /data/app/com.android.vending-hPcCrQG-AfN-9-S7PUJzHA==/split_config.arm64_v8a.apk!/lib/arm64-v8a, /data/app/com.android.vending-hPcCrQG-AfN-9-S7PUJzHA==/split_config.en.apk!/lib/arm64-v8a, /system/lib64, /vendor/lib64]]
10-17 16:35:38.375 12805 12839 I zygote64:   at java.lang.Class dalvik.system.BaseDexClassLoader.findClass(java.lang.String) (BaseDexClassLoader.java:93)
10-17 16:35:38.376 12805 12839 I zygote64:   at java.lang.Class java.lang.ClassLoader.loadClass(java.lang.String, boolean) (ClassLoader.java:379)
10-17 16:35:38.376 12805 12839 I zygote64:   at java.lang.Class java.lang.ClassLoader.loadClass(java.lang.String) (ClassLoader.java:312)
10-17 16:35:38.376 12805 12839 I zygote64:   at java.lang.Class java.lang.Class.classForName(java.lang.String, boolean, java.lang.ClassLoader) (Class.java:-2)
10-17 16:35:38.376 12805 12839 I zygote64:   at java.lang.Class java.lang.Class.forName(java.lang.String, boolean, java.lang.ClassLoader) (Class.java:453)
10-17 16:35:38.376 12805 12839 I zygote64:   at java.lang.Class java.lang.Class.forName(java.lang.String) (Class.java:378)
10-17 16:35:38.376 12805 12839 I zygote64:   at void yde.d() (PG:2888)
10-17 16:35:38.376 12805 12839 I zygote64:   at void yde.a() (PG:19)
10-17 16:35:38.376 12805 12839 I zygote64:   at void jkv.run() (PG:39)
10-17 16:35:38.376 12805 12839 I zygote64:   at void java.util.concurrent.ThreadPoolExecutor.runWorker(java.util.concurrent.ThreadPoolExecutor$Worker) (ThreadPoolExecutor.java:1162)
10-17 16:35:38.376 12805 12839 I zygote64:   at void java.util.concurrent.ThreadPoolExecutor$Worker.run() (ThreadPoolExecutor.java:636)
10-17 16:35:38.376 12805 12839 I zygote64:   at void noc.run() (PG:86)
10-17 16:35:38.376 12805 12839 I zygote64:   at void java.lang.Thread.run() (Thread.java:764)
10-17 16:35:38.376 12805 12839 I zygote64: 
10-17 16:35:38.379 12805 12839 I zygote64: Rejecting re-init on previously-failed class java.lang.Class<eyo>: java.lang.NoClassDefFoundError: Failed resolution of: Landroid/view/translation/ViewTranslationCallback;
10-17 16:35:38.380 12805 12839 I zygote64:   at java.lang.Class java.lang.Class.classForName(java.lang.String, boolean, java.lang.ClassLoader) (Class.java:-2)
10-17 16:35:38.380 12805 12839 I zygote64:   at java.lang.Class java.lang.Class.forName(java.lang.String, boolean, java.lang.ClassLoader) (Class.java:453)
10-17 16:35:38.380 12805 12839 I zygote64:   at java.lang.Class java.lang.Class.forName(java.lang.String) (Class.java:378)
10-17 16:35:38.380 12805 12839 I zygote64:   at void yde.d() (PG:2888)
10-17 16:35:38.380 12805 12839 I zygote64:   at void yde.a() (PG:19)
10-17 16:35:38.380 12805 12839 I zygote64:   at void jkv.run() (PG:39)
10-17 16:35:38.380 12805 12839 I zygote64:   at void java.util.concurrent.ThreadPoolExecutor.runWorker(java.util.concurrent.ThreadPoolExecutor$Worker) (ThreadPoolExecutor.java:1162)
10-17 16:35:38.380 12805 12839 I zygote64:   at void java.util.concurrent.ThreadPoolExecutor$Worker.run() (ThreadPoolExecutor.java:636)
10-17 16:35:38.380 12805 12839 I zygote64:   at void noc.run() (PG:86)
10-17 16:35:38.380 12805 12839 I zygote64:   at void java.lang.Thread.run() (Thread.java:764)
10-17 16:35:38.380 12805 12839 I zygote64: Caused by: java.lang.ClassNotFoundException: Didn't find class "android.view.translation.ViewTranslationCallback" on path: DexPathList[[zip file "/data/app/com.android.vending-hPcCrQG-AfN-9-S7PUJzHA==/base.apk", zip file "/data/app/com.android.vending-hPcCrQG-AfN-9-S7PUJzHA==/split_config.arm64_v8a.apk", zip file "/data/app/com.android.vending-hPcCrQG-AfN-9-S7PUJzHA==/split_config.en.apk"],nativeLibraryDirectories=[/data/app/com.android.vending-hPcCrQG-AfN-9-S7PUJzHA==/lib/arm64, /data/app/com.android.vending-hPcCrQG-AfN-9-S7PUJzHA==/base.apk!/lib/arm64-v8a, /data/app/com.android.vending-hPcCrQG-AfN-9-S7PUJzHA==/split_config.arm64_v8a.apk!/lib/arm64-v8a, /data/app/com.android.vending-hPcCrQG-AfN-9-S7PUJzHA==/split_config.en.apk!/lib/arm64-v8a, /system/lib64, /vendor/lib64]]
10-17 16:35:38.380 12805 12839 I zygote64:   at java.lang.Class dalvik.system.BaseDexClassLoader.findClass(java.lang.String) (BaseDexClassLoader.java:93)
10-17 16:35:38.380 12805 12839 I zygote64:   at java.lang.Class java.lang.ClassLoader.loadClass(java.lang.String, boolean) (ClassLoader.java:379)
10-17 16:35:38.380 12805 12839 I zygote64:   at java.lang.Class java.lang.ClassLoader.loadClass(java.lang.String) (ClassLoader.java:312)
10-17 16:35:38.380 12805 12839 I zygote64:   at java.lang.Class java.lang.Class.classForName(java.lang.String, boolean, java.lang.ClassLoader) (Class.java:-2)
10-17 16:35:38.380 12805 12839 I zygote64:   at java.lang.Class java.lang.Class.forName(java.lang.String, boolean, java.lang.ClassLoader) (Class.java:453)
10-17 16:35:38.380 12805 12839 I zygote64:   at java.lang.Class java.lang.Class.forName(java.lang.String) (Class.java:378)
10-17 16:35:38.380 12805 12839 I zygote64:   at void yde.d() (PG:2888)
10-17 16:35:38.380 12805 12839 I zygote64:   at void yde.a() (PG:19)
10-17 16:35:38.380 12805 12839 I zygote64:   at void jkv.run() (PG:39)
10-17 16:35:38.380 12805 12839 I zygote64:   at void java.util.concurrent.ThreadPoolExecutor.runWorker(java.util.concurrent.ThreadPoolExecutor$Worker) (ThreadPoolExecutor.java:1162)
10-17 16:35:38.380 12805 12839 I zygote64:   at void java.util.concurrent.ThreadPoolExecutor$Worker.run() (ThreadPoolExecutor.java:636)
10-17 16:35:38.380 12805 12839 I zygote64:   at void noc.run() (PG:86)
10-17 16:35:38.380 12805 12839 I zygote64:   at void java.lang.Thread.run() (Thread.java:764)
10-17 16:35:38.380 12805 12839 I zygote64: 
10-17 16:35:38.382 12805 12839 I zygote64: Rejecting re-init on previously-failed class java.lang.Class<eyo>: java.lang.NoClassDefFoundError: Failed resolution of: Landroid/view/translation/ViewTranslationCallback;
10-17 16:35:38.382 12805 12839 I zygote64:   at java.lang.Class java.lang.Class.classForName(java.lang.String, boolean, java.lang.ClassLoader) (Class.java:-2)
10-17 16:35:38.382 12805 12839 I zygote64:   at java.lang.Class java.lang.Class.forName(java.lang.String, boolean, java.lang.ClassLoader) (Class.java:453)
10-17 16:35:38.382 12805 12839 I zygote64:   at java.lang.Class java.lang.Class.forName(java.lang.String) (Class.java:378)
10-17 16:35:38.382 12805 12839 I zygote64:   at void yde.d() (PG:2888)
10-17 16:35:38.382 12805 12839 I zygote64:   at void yde.a() (PG:19)
10-17 16:35:38.382 12805 12839 I zygote64:   at void jkv.run() (PG:39)
10-17 16:35:38.382 12805 12839 I zygote64:   at void java.util.concurrent.ThreadPoolExecutor.runWorker(java.util.concurrent.ThreadPoolExecutor$Worker) (ThreadPoolExecutor.java:1162)
10-17 16:35:38.382 12805 12839 I zygote64:   at void java.util.concurrent.ThreadPoolExecutor$Worker.run() (ThreadPoolExecutor.java:636)
10-17 16:35:38.382 12805 12839 I zygote64:   at void noc.run() (PG:86)
10-17 16:35:38.382 12805 12839 I zygote64:   at void java.lang.Thread.run() (Thread.java:764)
10-17 16:35:38.383 12805 12839 I zygote64: Caused by: java.lang.ClassNotFoundException: Didn't find class "android.view.translation.ViewTranslationCallback" on path: DexPathList[[zip file "/data/app/com.android.vending-hPcCrQG-AfN-9-S7PUJzHA==/base.apk", zip file "/data/app/com.android.vending-hPcCrQG-AfN-9-S7PUJzHA==/split_config.arm64_v8a.apk", zip file "/data/app/com.android.vending-hPcCrQG-AfN-9-S7PUJzHA==/split_config.en.apk"],nativeLibraryDirectories=[/data/app/com.android.vending-hPcCrQG-AfN-9-S7PUJzHA==/lib/arm64, /data/app/com.android.vending-hPcCrQG-AfN-9-S7PUJzHA==/base.apk!/lib/arm64-v8a, /data/app/com.android.vending-hPcCrQG-AfN-9-S7PUJzHA==/split_config.arm64_v8a.apk!/lib/arm64-v8a, /data/app/com.android.vending-hPcCrQG-AfN-9-S7PUJzHA==/split_config.en.apk!/lib/arm64-v8a, /system/lib64, /vendor/lib64]]
10-17 16:35:38.383 12805 12839 I zygote64:   at java.lang.Class dalvik.system.BaseDexClassLoader.findClass(java.lang.String) (BaseDexClassLoader.java:93)
10-17 16:35:38.383 12805 12839 I zygote64:   at java.lang.Class java.lang.ClassLoader.loadClass(java.lang.String, boolean) (ClassLoader.java:379)
10-17 16:35:38.383 12805 12839 I zygote64:   at java.lang.Class java.lang.ClassLoader.loadClass(java.lang.String) (ClassLoader.java:312)
10-17 16:35:38.383 12805 12839 I zygote64:   at java.lang.Class java.lang.Class.classForName(java.lang.String, boolean, java.lang.ClassLoader) (Class.java:-2)
10-17 16:35:38.383 12805 12839 I zygote64:   at java.lang.Class java.lang.Class.forName(java.lang.String, boolean, java.lang.ClassLoader) (Class.java:453)
10-17 16:35:38.383 12805 12839 I zygote64:   at java.lang.Class java.lang.Class.forName(java.lang.String) (Class.java:378)
10-17 16:35:38.383 12805 12839 I zygote64:   at void yde.d() (PG:2888)
10-17 16:35:38.383 12805 12839 I zygote64:   at void yde.a() (PG:19)
10-17 16:35:38.383 12805 12839 I zygote64:   at void jkv.run() (PG:39)
10-17 16:35:38.383 12805 12839 I zygote64:   at void java.util.concurrent.ThreadPoolExecutor.runWorker(java.util.concurrent.ThreadPoolExecutor$Worker) (ThreadPoolExecutor.java:1162)
10-17 16:35:38.383 12805 12839 I zygote64:   at void java.util.concurrent.ThreadPoolExecutor$Worker.run() (ThreadPoolExecutor.java:636)
10-17 16:35:38.383 12805 12839 I zygote64:   at void noc.run() (PG:86)
10-17 16:35:38.383 12805 12839 I zygote64:   at void java.lang.Thread.run() (Thread.java:764)
10-17 16:35:38.383 12805 12839 I zygote64: 
10-17 16:35:38.392 12805 12829 I Finsky  : [16349] wsb.h(68): Already at the latest configurations for experiment package com.google.android.finsky.stable.
10-17 16:35:38.393 12805 12828 I Finsky  : [16348] wsb.h(14): Triggered update for experiment package com.google.android.finsky.regular.
10-17 16:35:38.410 12805 13077 I Finsky  : [16420] ohn.run(45): Wrote row to frosting DB: 2205
10-17 16:35:38.414 12256 12569 I BatteryMgr:DataCollectionService: stats => 1697553338414,-84,4308,-135,0,100
10-17 16:35:38.522 12256 12569 I BatteryMgr:DataCollectionService: stats => 1697553338522,-84,4308,-135,0,100
10-17 16:35:38.549  3957  4653 D PackageManager: setEnabledSetting : userId = 0 packageName = com.android.vending cmp = com.google.android.finsky.wearsupport.WearSupportService newState = 2 callingPackage = 10044/com.android.vending
10-17 16:35:38.550 12805 12856 I Finsky  : [16369] key.run(666): Component class com.google.android.finsky.wearsupport.WearSupportService disabled via PackageManager.
10-17 16:35:38.551  3957  4653 D PackageManager: setEnabledSetting : userId = 0 packageName = com.android.vending cmp = com.google.android.finsky.wearsupport.WearChangeListenerService newState = 2 callingPackage = 10044/com.android.vending
10-17 16:35:38.552 12805 12856 I Finsky  : [16369] key.run(666): Component class com.google.android.finsky.wearsupport.WearChangeListenerService disabled via PackageManager.
10-17 16:35:38.556  3957  4653 D ConnectivityService: filterNetworkStateForUid() uid: 10169 networkInfo: [type: WIFI[] - WIFI, state: CONNECTED/CONNECTED, reason: (unspecified), extra: "ourhome", failover: false, available: true, roaming: false, metered: false]
10-17 16:35:38.556  3957  4653 D WifiService: getConnectionInfo uid=1000
10-17 16:35:38.611  3957  4128 D WifiService: getConnectionInfo uid=1000
10-17 16:35:38.626  3957  4653 D ConnectivityService: filterNetworkStateForUid() uid: 10169 networkInfo: [type: WIFI[] - WIFI, state: CONNECTED/CONNECTED, reason: (unspecified), extra: "ourhome", failover: false, available: true, roaming: false, metered: false]
10-17 16:35:38.626  3957  4653 D WifiService: getConnectionInfo uid=1000
10-17 16:35:38.638 12256 12569 I BatteryMgr:DataCollectionService: stats => 1697553338638,-84,4308,-135,0,100
10-17 16:35:38.706 12805 12828 I Finsky  : [16348] wsb.h(68): Already at the latest configurations for experiment package com.google.android.finsky.regular.
10-17 16:35:38.706 12805 12874 I Finsky  : [16383] wsb.h(14): Triggered update for experiment package com.google.android.finsky.regular.
10-17 16:35:38.748 12256 12569 I BatteryMgr:DataCollectionService: stats => 1697553338747,-84,4308,-135,0,100
10-17 16:35:38.775  3957  3967 I SamsungAlarmManager: setLocked to kernel - T:2 / 20231017T164031, SetElapsed=1216019074, nowELAPSED=1215726153
10-17 16:35:38.775  3957  3967 I SamsungAlarmManager: setLocked to kernel - T:3 / 20231017T163600, SetElapsed=1215747379, nowELAPSED=1215726154
10-17 16:35:38.776  3957  3967 D SamsungAlarmManager: setInexact Listener (T:2/F:0/AC:false) 20231017T163807 - CU:1000/CP:3957
10-17 16:35:38.776  3957  3967 I SamsungAlarmManager: setLocked to kernel - T:2 / 20231017T163807, SetElapsed=1215874680, nowELAPSED=1215726154
10-17 16:35:38.779  3957  3967 I SamsungAlarmManager: setLocked to kernel - T:3 / 20231017T163559, SetElapsed=1215747378, nowELAPSED=1215726158
10-17 16:35:38.780  3957  3967 D SamsungAlarmManager: setInexact Listener (T:2/F:0/AC:false) 20231017T165611 - CU:1000/CP:3957
10-17 16:35:38.780  3957  3967 D ConnectivityService: filterNetworkStateForUid() uid: 10103 networkInfo: [type: WIFI[] - WIFI, state: CONNECTED/CONNECTED, reason: (unspecified), extra: "ourhome", failover: false, available: true, roaming: false, metered: false]
10-17 16:35:38.780  3957  3967 D WifiService: getConnectionInfo uid=1000
10-17 16:35:38.855 12256 12569 I BatteryMgr:DataCollectionService: stats => 1697553338855,-84,4308,-135,0,100
