10-17 16:35:38.867  3957  4129 D WifiStateMachine:  ConnectedState !RSSI_PKTCNT_FETCH uid=1000 rt=505352080/1215726244 0 0 "ourhome" f4:6d:2f:12:cc:88 rssi=-44 f=5240 sc=60 link=433 tx=136.5, 3.7, 0.0  rx=170.9 bcn=41901 [on:0 tx:0 rx:0 period:1001] from screen [on:337300 period:1470048] score=60
10-17 16:35:38.868  3957  4129 D WifiStateMachine:  L2ConnectedState !RSSI_PKTCNT_FETCH uid=1000 rt=505352081/1215726246 0 0 "ourhome" f4:6d:2f:12:cc:88 rssi=-44 f=5240 sc=60 link=433 tx=136.5, 3.7, 0.0  rx=170.9 bcn=41901 [on:0 tx:0 rx:0 period:1] from screen [on:337300 period:1470049] score=60
10-17 16:35:38.870  3957  4129 D WifiStateMachine: fetchRssiLinkSpeedAndFrequencyNative rssi=-47 linkspeed=433 freq=5240
10-17 16:35:38.870  3957  4129 V WifiConfigManager: Updating scan detail cache freq=5240 BSSID=f4:6d:2f:12:cc:88 RSSI=-45 for "ourhome"WPA_PSK
10-17 16:35:38.924 12805 12874 I Finsky  : [16383] wsb.h(68): Already at the latest configurations for experiment package com.google.android.finsky.regular.
10-17 16:35:38.939 12385 12727 W fb4a.SyncInitializer: Start regular sync initialization
10-17 16:35:38.952  3957  4653 D PackageManager: setEnabledSetting : userId = 0 packageName = com.facebook.katana cmp = com.facebook.rti.orca.FbnsLiteBroadcastReceiver newState = 2 callingPackage = 10103/com.facebook.katana
10-17 16:35:38.964 12256 12569 I BatteryMgr:DataCollectionService: stats => 1697553338964,-84,4308,-135,0,100
10-17 16:35:38.980  3957  4653 D ConnectivityService: filterNetworkStateForUid() uid: 10020 networkInfo: [type: WIFI[] - WIFI, state: CONNECTED/CONNECTED, reason: (unspecified), extra: "ourhome", failover: false, available: true, roaming: false, metered: false]
10-17 16:35:38.980  3957  4653 D WifiService: getConnectionInfo uid=1000
10-17 16:35:38.987  3957  4653 D ConnectivityService: filterNetworkStateForUid() uid: 10020 networkInfo: [type: WIFI[] - WIFI, state: CONNECTED/CONNECTED, reason: (unspecified), extra: "ourhome", failover: false, available: true, roaming: false, metered: false]
10-17 16:35:38.987  3957  4653 D WifiService: getConnectionInfo uid=1000
10-17 16:35:39.089 12256 12569 I BatteryMgr:DataCollectionService: stats => 1697553339089,-84,4308,-135,0,100
10-17 16:35:39.185  3957  3967 D PackageManager: setEnabledSetting : userId = 0 packageName = com.facebook.katana cmp = com.facebook.timeline.stagingground.Fb4aProfilePictureShareActivityAlias newState = 1 callingPackage = 10103/com.facebook.katana
10-17 16:35:39.190  3957  3967 D PackageManager: setEnabledSetting : userId = 0 packageName = com.facebook.katana cmp = com.facebook.timeline.stagingground.WorkProfilePictureShareActivityAlias newState = 2 callingPackage = 10103/com.facebook.katana
10-17 16:35:39.198 12256 12569 I BatteryMgr:DataCollectionService: stats => 1697553339198,-84,4308,-135,0,100
10-17 16:35:39.264 12805 12839 W Finsky  : [16359] yde.a(61): PreloadClasses: Unable to load [androidx.compose.ui.platform.WindowRecomposerFactory$Companion$LifecycleAware$1, androidx.compose.runtime.snapshots.Snapshot$Companion$registerApplyObserver$2, androidx.compose.ui.platform.WrapperVerificationHelperMethods, androidx.compose.ui.platform.DisposableSaveableStateRegistry_androidKt$DisposableSaveableStateRegistry$registered$1, androidx.compose.animation.core.EasingKt$LinearEasing$1, androidx.compose.foundation.layout.BoxKt$boxMeasurePolicy$1$measure$2, androidx.compose.animation.core.Transition$updateTarget$2, androidx.compose.material.TextKt$Text$1, androidx.compose.ui.layout.SubcomposeLayoutKt$SubcomposeLayout$$inlined$ComposeNode$1, androidx.compose.foundation.layout.BoxKt$EmptyBoxMeasurePolicy$1$measure$1]
10-17 16:35:39.306 12256 12569 I BatteryMgr:DataCollectionService: stats => 1697553339306,-84,4308,-135,0,100
10-17 16:35:39.320 12385 12741 W fb4a.MobileConfigFactoryImpl: Invalid param type used for: L544:237
10-17 16:35:39.387  3957  3967 D ConnectivityService: filterNetworkStateForUid() uid: 10103 networkInfo: [type: WIFI[] - WIFI, state: CONNECTED/CONNECTED, reason: (unspecified), extra: "ourhome", failover: false, available: true, roaming: false, metered: false]
10-17 16:35:39.387  3957  3967 D WifiService: getConnectionInfo uid=1000
10-17 16:35:39.388  3957  3967 D ConnectivityService: filterNetworkStateForUid() uid: 10103 networkInfo: [type: WIFI[] - WIFI, state: CONNECTED/CONNECTED, reason: (unspecified), extra: "ourhome", failover: false, available: true, roaming: false, metered: false]
10-17 16:35:39.388  3957  3967 D WifiService: getConnectionInfo uid=1000
10-17 16:35:39.412 12385 12786 E fb4a.ActionQueryTaskListener: 0 onTaskStart SYSTEM_PREFETCH modules: [s_cgwebrtc_horizon(*),cgwebrtc(*),cgnativeplayer]
10-17 16:35:39.415 12256 12569 I BatteryMgr:DataCollectionService: stats => 1697553339415,-84,4308,-135,0,100
10-17 16:35:39.426 12902 12902 I Finsky:background: [2] scp.onDestroy(9): IPC-SERVER: Stopping gRPC host service...
10-17 16:35:39.427 12385 12741 E fb4a.ActionQueryTaskListener: 0 onTaskComplete [true,false,] SYSTEM_PREFETCH modules: [s_cgwebrtc_horizon(*),cgwebrtc(*),cgnativeplayer]
10-17 16:35:39.427 12385 12786 E fb4a.ActionQueryTaskListener: 1 onTaskStart FALLBACK_DOWNLOAD modules: [papaya,papayatorch,s_cgwebrtc_horizon,dittomodule,cgnativeplayer,s_papayaanalyticstorch_papayatorch,heliumiab,s_papayaanalyticstorch_papayatorch_torchedlooper,arservicesoptional,papayaanalyticstorch,cgwebrtc,i18n_en_GB,pytorch,s_papaya_torchedlooper,torchedlooper,rtcdeps,s_papayatorch_torchedlooper]
10-17 16:35:39.430 12385 12786 E fb4a.ActionQueryTaskListener: 2 onTaskStart FALLBACK_DOWNLOAD modules: [s_internsettings_pytorch_smartcropnative]
10-17 16:35:39.432 12385 13091 W AudioCapabilities: Unsupported mime audio/mpeg-L1
10-17 16:35:39.433 12385 13091 W AudioCapabilities: Unsupported mime audio/mpeg-L2
10-17 16:35:39.437 12385 12786 E fb4a.ActionQueryTaskListener: 2 onTaskComplete [true,false,] FALLBACK_DOWNLOAD modules: [s_internsettings_pytorch_smartcropnative]
10-17 16:35:39.437 12902 12902 I Finsky:background: [2] tys.onTrimMemory(13): Memory trim requested to level 60
10-17 16:35:39.438 12385 13091 W AudioCapabilities: Unsupported mime audio/x-ms-wma
10-17 16:35:39.440 12385 13091 W AudioCapabilities: Unsupported mime audio/x-ima
10-17 16:35:39.441 12385 12776 E fb4a.ActionQueryTaskListener: 1 onTaskComplete [true,false,] FALLBACK_DOWNLOAD modules: [papaya,papayatorch,s_cgwebrtc_horizon,dittomodule,cgnativeplayer,s_papayaanalyticstorch_papayatorch,heliumiab,s_papayaanalyticstorch_papayatorch_torchedlooper,arservicesoptional,papayaanalyticstorch,cgwebrtc,i18n_en_GB,pytorch,s_papaya_torchedlooper,torchedlooper,rtcdeps,s_papayatorch_torchedlooper]
10-17 16:35:39.441 12385 12733 I zygote  : Deoptimizing java.lang.Object X.1Jx.A00(java.lang.Integer, java.lang.String, java.lang.String) due to JIT inline cache
10-17 16:35:39.455 12385 13091 W VideoCapabilities: Unrecognized profile 2130706433 for video/avc
10-17 16:35:39.455 12385 13091 W VideoCapabilities: Unrecognized profile 2130706434 for video/avc
10-17 16:35:39.459 12385 13091 W VideoCapabilities: Unrecognized profile 2130706433 for video/avc
10-17 16:35:39.459 12385 13091 W VideoCapabilities: Unrecognized profile 2130706434 for video/avc
10-17 16:35:39.468  3957  4129 D WifiStateMachine:  ConnectedState !CMD_RSSI_POLL rt=505352681/1215726845 81 0 "ourhome" f4:6d:2f:12:cc:88 rssi=-47 f=5240 sc=60 link=433 tx=136.5, 3.7, 0.0  rx=170.9 bcn=41901 [on:0 tx:0 rx:0 period:600] from screen [on:337300 period:1470649] score=60
10-17 16:35:39.470  3957  4129 D WifiStateMachine:  L2ConnectedState !CMD_RSSI_POLL rt=505352682/1215726846 81 0 "ourhome" f4:6d:2f:12:cc:88 rssi=-47 f=5240 sc=60 link=433 tx=136.5, 3.7, 0.0  rx=170.9 bcn=41901 [on:0 tx:0 rx:0 period:1] from screen [on:337300 period:1470650] score=60
10-17 16:35:39.472  3957  4129 D WifiStateMachine:  get link layer stats 3
10-17 16:35:39.473  3436  3436 I android.hardware.wifi@1.0-service: getLinkLayerStats
10-17 16:35:39.484  3957  4129 D WifiStateMachine: fetchRssiLinkSpeedAndFrequencyNative rssi=-47 linkspeed=433 freq=5240
10-17 16:35:39.484  3957  4129 V WifiConfigManager: Updating scan detail cache freq=5240 BSSID=f4:6d:2f:12:cc:88 RSSI=-46 for "ourhome"WPA_PSK
10-17 16:35:39.495  4340  4340 E SignalClusterView: setSlotFocusVisible : subId -2
10-17 16:35:39.495  4340  4340 E SignalClusterView: setSlotFocusVisible : subId -2
10-17 16:35:39.506 12385 13091 W VideoCapabilities: Unrecognized profile 2130706433 for video/avc
10-17 16:35:39.506 12385 13091 W VideoCapabilities: Unrecognized profile 2130706434 for video/avc
10-17 16:35:39.514 12805 12805 I Finsky  : [2] scp.onDestroy(9): IPC-SERVER: Stopping gRPC host service...
10-17 16:35:39.516 12385 13091 W VideoCapabilities: Unsupported mime video/avc-wfd
10-17 16:35:39.518 12805 12805 I Finsky  : [2] tys.onTrimMemory(13): Memory trim requested to level 80
10-17 16:35:39.519 12805 12805 I Finsky  : [2] nre.accept(78): Flushing in-memory image cache
10-17 16:35:39.528 12256 12569 I BatteryMgr:DataCollectionService: stats => 1697553339528,-84,4308,-135,0,100
10-17 16:35:39.549  3957  4653 D ConnectivityService: filterNetworkStateForUid() uid: 10169 networkInfo: [type: WIFI[] - WIFI, state: CONNECTED/CONNECTED, reason: (unspecified), extra: "ourhome", failover: false, available: true, roaming: false, metered: false]
10-17 16:35:39.550  3957  4653 D WifiService: getConnectionInfo uid=1000
10-17 16:35:39.560  3957  4653 I chatty  : uid=1000(system) Binder:3957_B identical 1 line
10-17 16:35:39.560  3957  4653 I chatty  : uid=1000(system) Binder:3957_B identical 1 line
10-17 16:35:39.570  3957  4653 D ConnectivityService: filterNetworkStateForUid() uid: 10169 networkInfo: [type: WIFI[] - WIFI, state: CONNECTED/CONNECTED, reason: (unspecified), extra: "ourhome", failover: false, available: true, roaming: false, metered: false]
10-17 16:35:39.570  3957  4653 D WifiService: getConnectionInfo uid=1000
10-17 16:35:39.592 12805 13100 I Finsky  : [16424] andp.d(7): registerListener
10-17 16:35:39.593 12805 13100 I Finsky  : [16424] tmv.G(6): getDownloads()
10-17 16:35:39.605 12385 13091 I VideoCapabilities: Unsupported profile 4 for video/mp4v-es
10-17 16:35:39.611 12902 12902 I Finsky:background: [2] scp.onCreate(9): IPC-SERVER: Starting gRPC host service...
10-17 16:35:39.612 12805 13100 I Finsky  : [16424] sq.run(68): Initialized AssetModuleDownloader.
10-17 16:35:39.613  3957  4128 D WifiService: getConnectionInfo uid=1000
10-17 16:35:39.618 12902 12902 I Finsky:background: [2] tys.onTrimMemory(13): Memory trim requested to level 80
10-17 16:35:39.620 12902 12932 I Finsky:background: [16356] nrj.i(6): getDownloads()
10-17 16:35:39.635 12256 12569 I BatteryMgr:DataCollectionService: stats => 1697553339635,-84,4308,-135,0,100
10-17 16:35:39.645 12805 12805 I Finsky  : [2] aavx.run(360): Detected restoreservicev2://recovery not needed, will not run
10-17 16:35:39.646  3957  3977 V MARsPolicyManager: updateFromMARsThread
10-17 16:35:39.650  3957  3978 D MARsDBManager: updatePkgsToSMDB : begin --size 4
10-17 16:35:39.653  3957  3978 D StorageManagerService: getExternalStorageMountMode : 1
10-17 16:35:39.653  3957  3978 D StorageManagerService: getExternalStorageMountMode : 3
10-17 16:35:39.654 12385 13091 W VideoCapabilities: Unrecognized profile/level 1/32 for video/mp4v-es
10-17 16:35:39.654 12385 13091 W VideoCapabilities: Unrecognized profile/level 32768/2 for video/mp4v-es
10-17 16:35:39.654 12385 13091 W VideoCapabilities: Unrecognized profile/level 32768/64 for video/mp4v-es
10-17 16:35:39.654  3957  3978 D StorageManagerService: getExternalStorageMountMode : final mountMode=1, uid : 1000, packageName : com.samsung.android.lool
10-17 16:35:39.654  3957  3978 I ApplicationPolicy: isApplicationExternalStorageWhitelisted:com.samsung.android.lool user:0
10-17 16:35:39.654  3957  3978 D ApplicationPolicy: isApplicationExternalStorageWhitelisted: DO is not enabled on user 0. Allowed.
10-17 16:35:39.655  3957  3978 D ActivityManager: package  com.samsung.android.lool, user - 0 is SDcard whitelisted
10-17 16:35:39.655  3957  3978 I ApplicationPolicy: isApplicationExternalStorageBlacklisted:com.samsung.android.lool user:0
10-17 16:35:39.655  3957  3978 D ApplicationPolicy: isApplicationExternalStorageBlacklisted: DO is not enabled on user 0. Allowed.
10-17 16:35:39.656 12385 13091 W VideoCapabilities: Unsupported mime video/wvc1
10-17 16:35:39.657 12385 13091 W VideoCapabilities: Unsupported mime video/x-ms-wmv
10-17 16:35:39.662 12385 13091 W VideoCapabilities: Unsupported mime video/x-ms-wmv7
10-17 16:35:39.665 12385 13091 W VideoCapabilities: Unsupported mime video/x-ms-wmv8
10-17 16:35:39.668 12385 13091 W VideoCapabilities: Unsupported mime video/mp43
10-17 16:35:39.677 13104 13104 E Zygote  : isWhitelistProcess - Process is Whitelisted
10-17 16:35:39.678 13104 13104 E libpersona: scanKnoxPersonas
10-17 16:35:39.678 13104 13104 E libpersona: Couldn't open the File - /data/system/users/0/personalist.xml - No such file or directory
10-17 16:35:39.681  3957  3978 I ActivityManager: Start proc 13104:com.samsung.android.sm.provider/1000 for content provider com.samsung.android.lool/com.samsung.android.sm.database.SmProvider
10-17 16:35:39.682 12385 13091 W VideoCapabilities: Unrecognized profile 2130706433 for video/avc
10-17 16:35:39.682 12385 13091 W VideoCapabilities: Unrecognized profile 2130706434 for video/avc
10-17 16:35:39.683 13104 13104 W SELinux : SELinux selinux_android_compute_policy_index : Policy Index[2],  Con:u:r:zygote:s0 RAM:SEPF_SM-J720F_8.0.0_0002, [-1 -1 -1 -1 0 1]
10-17 16:35:39.684 13104 13104 I SELinux : SELinux: seapp_context_lookup: seinfo=platform, pkgname=com.samsung.android.sm.provider 
10-17 16:35:39.704 12385 12733 I ACodec  :  [] Now uninitialized
10-17 16:35:39.707 12385 13117 I ACodec  : [] onAllocateComponent
10-17 16:35:39.726 12385 13117 I OMXClient: Treble IOmx obtained
10-17 16:35:39.727 13104 13104 D TimaKeyStoreProvider: TimaKeyStore is not enabled: cannot add TimaSignature Service and generateKeyPair Service
10-17 16:35:39.728 13104 13104 D ActivityThread: Added TimaKeyStore provider
10-17 16:35:39.732  3607 26634 I OMXMaster: makeComponentInstance(OMX.Exynos.avc.dec) in omx@1.0-service process
10-17 16:35:39.733  3957  4653 I ActivityManager: DSS on for com.samsung.android.lool and scale is 1.0
10-17 16:35:39.744 12256 12569 I BatteryMgr:DataCollectionService: stats => 1697553339744,-84,4308,-135,0,100
10-17 16:35:39.767  3607 26634 I vndksupport: sphal namespace is not configured for this process. Loading /vendor/lib/hw/gralloc.exynos5.so from the current namespace instead.
10-17 16:35:39.768 13104 13104 I zygote64: find the special shared library, skip check
10-17 16:35:39.770  3607 26634 D libexynosv4l2: try node: /dev/video6
10-17 16:35:39.770  3607 26634 I libexynosv4l2: node found for device s5p-mfc-dec: /dev/video6
10-17 16:35:39.772  3559  3559 E audit   : type=1400 audit(1697553339.766:4302): avc:  denied  { write } for  pid=13104 comm="oid.sm.provider" name="com.samsung.android.lool-nI4qoXE7_iJtX2b9SSlr5Q==" dev="dm-3" ino=459947 scontext=u:r:system_app:s0 tcontext=u:object_r:apk_data_file:s0 tclass=dir permissive=0 SEPF_SM-J720F_8.0.0_0002 audit_filtered
10-17 16:35:39.773  3559  3559 E audit   : type=1300 audit(1697553339.766:4302): arch=c00000b7 syscall=48 success=no exit=-13 a0=ffffff9c a1=74f8b07cc0 a2=2 a3=0 items=0 ppid=3579 pid=13104 auid=4294967295 uid=1000 gid=1000 euid=1000 suid=1000 fsuid=1000 egid=1000 sgid=1000 fsgid=1000 tty=(none) ses=4294967295 comm="oid.sm.provider" exe="/system/bin/app_process64" subj=u:r:system_app:s0 key=(null)
10-17 16:35:39.773  3559  3559 E audit   : type=1327 audit(1697553339.766:4302): proctitle="com.samsung.android.sm.provider"
10-17 16:35:39.773  3559  3559 E audit   : type=1400 audit(1697553339.766:4303): avc:  denied  { write } for  pid=13104 comm="oid.sm.provider" name="com.samsung.android.lool-nI4qoXE7_iJtX2b9SSlr5Q==" dev="dm-3" ino=459947 scontext=u:r:system_app:s0 tcontext=u:object_r:apk_data_file:s0 tclass=dir permissive=0 SEPF_SM-J720F_8.0.0_0002 audit_filtered
10-17 16:35:39.773  3559  3559 E audit   : type=1300 audit(1697553339.766:4303): arch=c00000b7 syscall=56 success=no exit=-13 a0=ffffff9c a1=74f8a7e5c0 a2=42 a3=1b6 items=0 ppid=3579 pid=13104 auid=4294967295 uid=1000 gid=1000 euid=1000 suid=1000 fsuid=1000 egid=1000 sgid=1000 fsgid=1000 tty=(none) ses=4294967295 comm="oid.sm.provider" exe="/system/bin/app_process64" subj=u:r:system_app:s0 key=(null)
10-17 16:35:39.773  3559  3559 E audit   : type=1327 audit(1697553339.766:4303): proctitle="com.samsung.android.sm.provider"
10-17 16:35:39.788  3607 26634 I libexynosv4l2: open video device /dev/video6
10-17 16:35:39.795 12385 13117 I ACodec  : [OMX.Exynos.avc.dec] Now Loaded
10-17 16:35:39.808 12385 13117 I ACodec  :  [OMX.Exynos.avc.dec] Now uninitialized
10-17 16:35:39.808 12385 13117 I ACodec  :  [] Now kWhatShutdownCompleted event : 8475
10-17 16:35:39.809 12385 13109 I MediaCodec: Codec shutdown complete
10-17 16:35:39.819 12385 12733 I ACodec  :  [] Now uninitialized
10-17 16:35:39.826 12385 13117 I ACodec  : [] onAllocateComponent
10-17 16:35:39.828 12385 13117 I OMXClient: Treble IOmx obtained
10-17 16:35:39.830  3607 26634 I OMXMaster: makeComponentInstance(OMX.Exynos.avc.dec) in omx@1.0-service process
10-17 16:35:39.832 12385 12413 I zygote  : Compiler allocated 4MB to compile void X.5SD.A0C(X.2Mv, int)
10-17 16:35:39.833  3607 26634 I vndksupport: sphal namespace is not configured for this process. Loading /vendor/lib/hw/gralloc.exynos5.so from the current namespace instead.
10-17 16:35:39.834  3607 26634 D libexynosv4l2: try node: /dev/video6
10-17 16:35:39.834  3607 26634 I libexynosv4l2: node found for device s5p-mfc-dec: /dev/video6
10-17 16:35:39.845  3607 26634 I libexynosv4l2: open video device /dev/video6
10-17 16:35:39.847 12385 13117 I ACodec  : [OMX.Exynos.avc.dec] Now Loaded
10-17 16:35:39.852 12256 12569 I BatteryMgr:DataCollectionService: stats => 1697553339852,-84,4308,-135,0,100
10-17 16:35:39.853 12385 12733 I ACodec  :  [] Now uninitialized
10-17 16:35:39.854 12385 13124 I ACodec  : [] onAllocateComponent
10-17 16:35:39.856 12385 13124 I OMXClient: Treble IOmx obtained
10-17 16:35:39.857  3607 26634 I OMXMaster: makeComponentInstance(OMX.google.aac.decoder) in omx@1.0-service process
10-17 16:35:39.868  3957  4129 D WifiStateMachine:  ConnectedState !RSSI_PKTCNT_FETCH uid=1000 rt=505353081/1215727245 0 0 "ourhome" f4:6d:2f:12:cc:88 rssi=-47 f=5240 sc=60 link=433 tx=74.0, 5.2, 0.0  rx=98.0 bcn=41931 [on:0 tx:0 rx:0 period:382] from screen [on:339124 period:1471049] score=60
10-17 16:35:39.869  3957  4129 D WifiStateMachine:  L2ConnectedState !RSSI_PKTCNT_FETCH uid=1000 rt=505353082/1215727246 0 0 "ourhome" f4:6d:2f:12:cc:88 rssi=-47 f=5240 sc=60 link=433 tx=74.0, 5.2, 0.0  rx=98.0 bcn=41931 [on:0 tx:0 rx:0 period:1] from screen [on:339124 period:1471050] score=60
10-17 16:35:39.872 12385 13124 I ACodec  : [OMX.google.aac.decoder] Now Loaded
10-17 16:35:39.874 12385 13124 I ACodec  :  [OMX.google.aac.decoder] Now uninitialized
10-17 16:35:39.874 12385 13124 I ACodec  :  [] Now kWhatShutdownCompleted event : 8475
10-17 16:35:39.874 12385 13124 I MediaCodec: Codec shutdown complete
10-17 16:35:39.875  3957  4129 D WifiStateMachine: fetchRssiLinkSpeedAndFrequencyNative rssi=-47 linkspeed=433 freq=5240
10-17 16:35:39.875  3957  4129 V WifiConfigManager: Updating scan detail cache freq=5240 BSSID=f4:6d:2f:12:cc:88 RSSI=-46 for "ourhome"WPA_PSK
10-17 16:35:39.876 12385 12733 I ACodec  :  [] Now uninitialized
10-17 16:35:39.876 12385 13124 I ACodec  : [] onAllocateComponent
10-17 16:35:39.878 12385 13124 I OMXClient: Treble IOmx obtained
10-17 16:35:39.880  3607 26634 I OMXMaster: makeComponentInstance(OMX.google.aac.decoder) in omx@1.0-service process
10-17 16:35:39.883 12385 13124 I ACodec  : [OMX.google.aac.decoder] Now Loaded
10-17 16:35:39.958 13104 13104 D SamsungAnalytics111040: cf feature is supported
10-17 16:35:39.961 12256 12569 I BatteryMgr:DataCollectionService: stats => 1697553339961,-84,4308,-135,0,100
10-17 16:35:39.964  3957  3978 W Binder  : Outgoing transactions from this process must be FLAG_ONEWAY
10-17 16:35:39.964  3957  3978 W Binder  : java.lang.Throwable
10-17 16:35:39.964  3957  3978 W Binder  : 	at android.os.BinderProxy.transact(Binder.java:744)
10-17 16:35:39.964  3957  3978 W Binder  : 	at android.content.ContentProviderProxy.update(ContentProviderNative.java:570)
10-17 16:35:39.964  3957  3978 W Binder  : 	at android.content.ContentResolver.update(ContentResolver.java:1678)
10-17 16:35:39.964  3957  3978 W Binder  : 	at com.android.server.am.MARsDBManager.doUpdatePkgToSMDB(MARsDBManager.java:1935)
10-17 16:35:39.964  3957  3978 W Binder  : 	at com.android.server.am.MARsDBManager.updatePkgsToSMDB(MARsDBManager.java:1716)
10-17 16:35:39.964  3957  3978 W Binder  : 	at com.android.server.am.MARsDBManager.-wrap15(Unknown Source:0)
10-17 16:35:39.964  3957  3978 W Binder  : 	at com.android.server.am.MARsDBManager$DBHandler.handleMessage(MARsDBManager.java:312)
10-17 16:35:39.964  3957  3978 W Binder  : 	at android.os.Handler.dispatchMessage(Handler.java:105)
10-17 16:35:39.964  3957  3978 W Binder  : 	at android.os.Looper.loop(Looper.java:164)
10-17 16:35:39.964  3957  3978 W Binder  : 	at com.android.server.am.MARsDBManager$DBThread.run(MARsDBManager.java:286)
10-17 16:35:40.002 13104 13104 D SamsungAnalytics111040: newThread on Executor
10-17 16:35:40.003 13104 13104 D SamsungAnalytics111040: [Tracker] Tracker start:1.11.040
10-17 16:35:40.017  3957  3978 D MARsDBManager: updatePkgsToSMDB : end
10-17 16:35:40.017  3957  3978 D MARsDBManager: onChange - mSmartManagerObserver! Uri = content://com.samsung.android.sm/AppFreezer?MARs-self=true&MARs=true
10-17 16:35:40.017  3957  3978 I chatty  : uid=1000(system) MARsDBThread identical 2 lines
10-17 16:35:40.017  3957  3978 D MARsDBManager: onChange - mSmartManagerObserver! Uri = content://com.samsung.android.sm/AppFreezer?MARs-self=true&MARs=true
10-17 16:35:40.070 12256 12569 I BatteryMgr:DataCollectionService: stats => 1697553340070,-84,4308,-135,0,100
10-17 16:35:40.176 12256 12569 I BatteryMgr:DataCollectionService: stats => 1697553340176,-84,4308,-135,0,100
10-17 16:35:40.284 12256 12569 I BatteryMgr:DataCollectionService: stats => 1697553340284,-84,4308,-135,0,100
10-17 16:35:40.394 12256 12569 I BatteryMgr:DataCollectionService: stats => 1697553340394,-84,4308,-135,0,100
10-17 16:35:40.502 12256 12569 I BatteryMgr:DataCollectionService: stats => 1697553340502,-84,4308,-135,0,100
10-17 16:35:40.612 12256 12569 I BatteryMgr:DataCollectionService: stats => 1697553340612,-84,4308,-135,0,100
10-17 16:35:40.614  3957  4128 D WifiService: getConnectionInfo uid=1000
10-17 16:35:40.720 12256 12569 I BatteryMgr:DataCollectionService: stats => 1697553340720,-84,4308,-135,0,100
10-17 16:35:40.811  3957  3971 I ProcessStatsService: Pruning old procstats: /data/system/procstats/state-2023-10-16-09-32-07.bin
10-17 16:35:40.812  3957  3971 I UsageStatsService: User[0] Flushing usage stats to disk
10-17 16:35:40.828 12256 12569 I BatteryMgr:DataCollectionService: stats => 1697553340828,-84,4308,-135,0,100
10-17 16:35:40.869  3957  4129 D WifiStateMachine:  ConnectedState !RSSI_PKTCNT_FETCH uid=1000 rt=505354082/1215728246 0 0 "ourhome" f4:6d:2f:12:cc:88 rssi=-47 f=5240 sc=60 link=433 tx=74.0, 5.2, 0.0  rx=98.0 bcn=41931 [on:0 tx:0 rx:0 period:1000] from screen [on:339124 period:1472050] score=60
10-17 16:35:40.871  3957  4129 D WifiStateMachine:  L2ConnectedState !RSSI_PKTCNT_FETCH uid=1000 rt=505354084/1215728248 0 0 "ourhome" f4:6d:2f:12:cc:88 rssi=-47 f=5240 sc=60 link=433 tx=74.0, 5.2, 0.0  rx=98.0 bcn=41931 [on:0 tx:0 rx:0 period:2] from screen [on:339124 period:1472052] score=60
10-17 16:35:40.873  3957  4129 D WifiStateMachine: fetchRssiLinkSpeedAndFrequencyNative rssi=-47 linkspeed=433 freq=5240
10-17 16:35:40.873  3957  4129 V WifiConfigManager: Updating scan detail cache freq=5240 BSSID=f4:6d:2f:12:cc:88 RSSI=-46 for "ourhome"WPA_PSK
10-17 16:35:40.935 12256 12569 I BatteryMgr:DataCollectionService: stats => 1697553340935,-84,4308,-135,0,100
10-17 16:35:41.041 12256 12569 I BatteryMgr:DataCollectionService: stats => 1697553341041,-84,4308,-135,0,100
10-17 16:35:41.150 12256 12569 I BatteryMgr:DataCollectionService: stats => 1697553341150,-84,4308,-135,0,100
10-17 16:35:41.261 12256 12569 I BatteryMgr:DataCollectionService: stats => 1697553341261,-84,4308,-135,0,100
10-17 16:35:41.375 12256 12569 I BatteryMgr:DataCollectionService: stats => 1697553341375,-84,4308,-135,0,100
10-17 16:35:41.485 12256 12569 I BatteryMgr:DataCollectionService: stats => 1697553341485,-84,4308,-135,0,100
10-17 16:35:41.593 12256 12569 I BatteryMgr:DataCollectionService: stats => 1697553341592,-84,4308,-135,0,100
10-17 16:35:41.616  3957  4128 D WifiService: getConnectionInfo uid=1000
10-17 16:35:41.639  4961  4961 D io_stats: !@ 179,0 r 7729915 248819856 w 1655479 34411524 d 133115 33969360 f 386216 407383 iot 3423656 2994725 th 51200 0 0 pt 0 inp 0 0 505354.853
10-17 16:35:41.703 12256 12569 I BatteryMgr:DataCollectionService: stats => 1697553341703,-84,4308,-135,0,100
10-17 16:35:41.810 12256 12569 I BatteryMgr:DataCollectionService: stats => 1697553341810,-49,4308,-167,0,100
10-17 16:35:41.871  3957  4129 D WifiStateMachine:  ConnectedState !RSSI_PKTCNT_FETCH uid=1000 rt=505355084/1215729248 0 0 "ourhome" f4:6d:2f:12:cc:88 rssi=-47 f=5240 sc=60 link=433 tx=74.0, 5.2, 0.0  rx=98.0 bcn=41931 [on:0 tx:0 rx:0 period:1000] from screen [on:339124 period:1473052] score=60
10-17 16:35:41.872  3957  4129 D WifiStateMachine:  L2ConnectedState !RSSI_PKTCNT_FETCH uid=1000 rt=505355086/1215729250 0 0 "ourhome" f4:6d:2f:12:cc:88 rssi=-47 f=5240 sc=60 link=433 tx=74.0, 5.2, 0.0  rx=98.0 bcn=41931 [on:0 tx:0 rx:0 period:1] from screen [on:339124 period:1473053] score=60
10-17 16:35:41.878  3957  4129 D WifiStateMachine: fetchRssiLinkSpeedAndFrequencyNative rssi=-46 linkspeed=433 freq=5240
10-17 16:35:41.878  3957  4129 V WifiConfigManager: Updating scan detail cache freq=5240 BSSID=f4:6d:2f:12:cc:88 RSSI=-46 for "ourhome"WPA_PSK
10-17 16:35:41.917 12256 12569 I BatteryMgr:DataCollectionService: stats => 1697553341917,-49,4308,-167,0,100
10-17 16:35:42.024 12256 12569 I BatteryMgr:DataCollectionService: stats => 1697553342024,-49,4308,-167,0,100
10-17 16:35:42.063  2479  2548 D ScanRecord: Not a Multi Manu data
10-17 16:35:42.133  2479  2548 I chatty  : uid=1002(bluetooth) BT Service Call identical 141 lines
10-17 16:35:42.133  2479  2548 D ScanRecord: Not a Multi Manu data
10-17 16:35:42.134 12256 12569 I BatteryMgr:DataCollectionService: stats => 1697553342134,-49,4308,-167,0,100
10-17 16:35:42.139  2479  2548 D ScanRecord: Not a Multi Manu data
10-17 16:35:42.205  3957  3967 D BatteryService: !@BatteryListener : batteryPropertiesChanged!
10-17 16:35:42.229  2479  2548 I chatty  : uid=1002(bluetooth) BT Service Call identical 219 lines
10-17 16:35:42.229  2479  2548 D ScanRecord: Not a Multi Manu data
10-17 16:35:42.245 12256 12569 I BatteryMgr:DataCollectionService: stats => 1697553342244,-49,4308,-167,0,100
10-17 16:35:42.248  2479  2548 D ScanRecord: Not a Multi Manu data
10-17 16:35:42.335  2479  2548 I chatty  : uid=1002(bluetooth) BT Service Call identical 245 lines
10-17 16:35:42.335  2479  2548 D ScanRecord: Not a Multi Manu data
10-17 16:35:42.352 12256 12569 I BatteryMgr:DataCollectionService: stats => 1697553342352,-49,4308,-167,0,100
10-17 16:35:42.360  2479  2548 D ScanRecord: Not a Multi Manu data
10-17 16:35:42.456  2479  2548 I chatty  : uid=1002(bluetooth) BT Service Call identical 154 lines
10-17 16:35:42.456  2479  2548 D ScanRecord: Not a Multi Manu data
10-17 16:35:42.460 12256 12569 I BatteryMgr:DataCollectionService: stats => 1697553342460,-49,4308,-167,0,100
10-17 16:35:42.461  2479  2548 D ScanRecord: Not a Multi Manu data
10-17 16:35:42.484  2479  2548 I chatty  : uid=1002(bluetooth) BT Service Call identical 50 lines
10-17 16:35:42.484  2479  2548 D ScanRecord: Not a Multi Manu data
10-17 16:35:42.486  3957  4129 D WifiStateMachine:  ConnectedState !CMD_RSSI_POLL rt=505355699/1215729863 81 0 "ourhome" f4:6d:2f:12:cc:88 rssi=-46 f=5240 sc=60 link=433 tx=74.0, 5.2, 0.0  rx=98.0 bcn=41931 [on:0 tx:0 rx:0 period:614] from screen [on:339124 period:1473667] score=60
10-17 16:35:42.487  2479  2548 D ScanRecord: Not a Multi Manu data
10-17 16:35:42.487  2479  2548 I chatty  : uid=1002(bluetooth) BT Service Call identical 11 lines
10-17 16:35:42.487  2479  2548 D ScanRecord: Not a Multi Manu data
10-17 16:35:42.487  3957  4129 D WifiStateMachine:  L2ConnectedState !CMD_RSSI_POLL rt=505355700/1215729865 81 0 "ourhome" f4:6d:2f:12:cc:88 rssi=-46 f=5240 sc=60 link=433 tx=74.0, 5.2, 0.0  rx=98.0 bcn=41931 [on:0 tx:0 rx:0 period:1] from screen [on:339124 period:1473668] score=60
10-17 16:35:42.487  3957  4129 D WifiStateMachine:  get link layer stats 3
10-17 16:35:42.487  3436  3436 I android.hardware.wifi@1.0-service: getLinkLayerStats
10-17 16:35:42.492  3957  4129 D WifiStateMachine: fetchRssiLinkSpeedAndFrequencyNative rssi=-47 linkspeed=433 freq=5240
10-17 16:35:42.492  3957  4129 V WifiConfigManager: Updating scan detail cache freq=5240 BSSID=f4:6d:2f:12:cc:88 RSSI=-46 for "ourhome"WPA_PSK
10-17 16:35:42.494  2479  2548 D ScanRecord: Not a Multi Manu data
10-17 16:35:42.494  2479  2548 I chatty  : uid=1002(bluetooth) BT Service Call identical 11 lines
10-17 16:35:42.494  2479  2548 D ScanRecord: Not a Multi Manu data
10-17 16:35:42.496  4340  4340 E SignalClusterView: setSlotFocusVisible : subId -2
10-17 16:35:42.496  4340  4340 E SignalClusterView: setSlotFocusVisible : subId -2
10-17 16:35:42.497  2479  2548 D ScanRecord: Not a Multi Manu data
10-17 16:35:42.559  2479  2548 I chatty  : uid=1002(bluetooth) BT Service Call identical 89 lines
10-17 16:35:42.559  2479  2548 D ScanRecord: Not a Multi Manu data
10-17 16:35:42.569 12256 12569 I BatteryMgr:DataCollectionService: stats => 1697553342568,-49,4308,-167,0,100
10-17 16:35:42.618  3957  4128 D WifiService: getConnectionInfo uid=1000
10-17 16:35:42.677 12256 12569 I BatteryMgr:DataCollectionService: stats => 1697553342676,-49,4308,-167,0,100
10-17 16:35:42.786 12256 12569 I BatteryMgr:DataCollectionService: stats => 1697553342785,-49,4308,-167,0,100
10-17 16:35:42.807 12385 13117 W AMessage: failed to deliver message as target handler 1 is gone.
10-17 16:35:42.871  3957  4129 D WifiStateMachine:  ConnectedState !RSSI_PKTCNT_FETCH uid=1000 rt=505356084/1215730248 0 0 "ourhome" f4:6d:2f:12:cc:88 rssi=-47 f=5240 sc=60 link=433 tx=32.2, 4.4, 0.0  rx=58.7 bcn=41959 [on:0 tx:0 rx:0 period:377] from screen [on:340058 period:1474052] score=60
10-17 16:35:42.872  3957  4129 D WifiStateMachine:  L2ConnectedState !RSSI_PKTCNT_FETCH uid=1000 rt=505356085/1215730250 0 0 "ourhome" f4:6d:2f:12:cc:88 rssi=-47 f=5240 sc=60 link=433 tx=32.2, 4.4, 0.0  rx=58.7 bcn=41959 [on:0 tx:0 rx:0 period:1] from screen [on:340058 period:1474053] score=60
10-17 16:35:42.873 12385 13124 W AMessage: failed to deliver message as target handler 6 is gone.
10-17 16:35:42.878  3957  4129 D WifiStateMachine: fetchRssiLinkSpeedAndFrequencyNative rssi=-47 linkspeed=433 freq=5240
10-17 16:35:42.878  3957  4129 V WifiConfigManager: Updating scan detail cache freq=5240 BSSID=f4:6d:2f:12:cc:88 RSSI=-46 for "ourhome"WPA_PSK
10-17 16:35:42.893 12256 12569 I BatteryMgr:DataCollectionService: stats => 1697553342893,-49,4308,-167,0,100
10-17 16:35:43.001 12256 12569 I BatteryMgr:DataCollectionService: stats => 1697553343001,-49,4308,-167,0,100
10-17 16:35:43.117 12256 12569 I BatteryMgr:DataCollectionService: stats => 1697553343117,-49,4308,-167,0,100
10-17 16:35:43.229 12256 12569 I BatteryMgr:DataCollectionService: stats => 1697553343229,-49,4308,-167,0,100
10-17 16:35:43.339 12256 12569 I BatteryMgr:DataCollectionService: stats => 1697553343339,-49,4308,-167,0,100
10-17 16:35:43.447 12256 12569 I BatteryMgr:DataCollectionService: stats => 1697553343446,-49,4308,-167,0,100
10-17 16:35:43.554 12256 12569 I BatteryMgr:DataCollectionService: stats => 1697553343554,-49,4308,-167,0,100
10-17 16:35:43.620  3957  4128 D WifiService: getConnectionInfo uid=1000
10-17 16:35:43.659 12256 12569 I BatteryMgr:DataCollectionService: stats => 1697553343659,-49,4308,-167,0,100
10-17 16:35:43.764 12256 12569 I BatteryMgr:DataCollectionService: stats => 1697553343764,-49,4308,-167,0,100
10-17 16:35:43.873  3957  4129 D WifiStateMachine:  ConnectedState !RSSI_PKTCNT_FETCH uid=1000 rt=505357086/1215731250 0 0 "ourhome" f4:6d:2f:12:cc:88 rssi=-47 f=5240 sc=60 link=433 tx=32.2, 4.4, 0.0  rx=58.7 bcn=41959 [on:0 tx:0 rx:0 period:1001] from screen [on:340058 period:1475054] score=60
10-17 16:35:43.874  3957  4129 D WifiStateMachine:  L2ConnectedState !RSSI_PKTCNT_FETCH uid=1000 rt=505357087/1215731252 0 0 "ourhome" f4:6d:2f:12:cc:88 rssi=-47 f=5240 sc=60 link=433 tx=32.2, 4.4, 0.0  rx=58.7 bcn=41959 [on:0 tx:0 rx:0 period:1] from screen [on:340058 period:1475055] score=60
10-17 16:35:43.877 12256 12569 I BatteryMgr:DataCollectionService: stats => 1697553343876,-49,4308,-167,0,100
10-17 16:35:43.882  3957  4129 D WifiStateMachine: fetchRssiLinkSpeedAndFrequencyNative rssi=-46 linkspeed=433 freq=5240
10-17 16:35:43.882  3957  4129 V WifiConfigManager: Updating scan detail cache freq=5240 BSSID=f4:6d:2f:12:cc:88 RSSI=-46 for "ourhome"WPA_PSK
10-17 16:35:43.982 12256 12569 I BatteryMgr:DataCollectionService: stats => 1697553343982,-49,4308,-167,0,100
10-17 16:35:44.089 12256 12569 I BatteryMgr:DataCollectionService: stats => 1697553344089,-49,4308,-167,0,100
10-17 16:35:44.196 12256 12569 I BatteryMgr:DataCollectionService: stats => 1697553344196,-49,4308,-167,0,100
10-17 16:35:44.308 12256 12569 I BatteryMgr:DataCollectionService: stats => 1697553344308,-49,4308,-167,0,100
10-17 16:35:44.415 12256 12569 I BatteryMgr:DataCollectionService: stats => 1697553344415,-49,4308,-167,0,100
10-17 16:35:44.522 12256 12569 I BatteryMgr:DataCollectionService: stats => 1697553344522,-49,4308,-167,0,100
10-17 16:35:44.622  3957  4128 D WifiService: getConnectionInfo uid=1000
10-17 16:35:44.632 12256 12569 I BatteryMgr:DataCollectionService: stats => 1697553344632,-49,4308,-167,0,100
10-17 16:35:44.677  3957  3967 D ConnectivityService: filterNetworkStateForUid() uid: 10169 networkInfo: [type: WIFI[] - WIFI, state: CONNECTED/CONNECTED, reason: (unspecified), extra: "ourhome", failover: false, available: true, roaming: false, metered: false]
10-17 16:35:44.677  3957  3967 D WifiService: getConnectionInfo uid=1000
10-17 16:35:44.749 12256 12569 I BatteryMgr:DataCollectionService: stats => 1697553344749,-49,4308,-167,0,100
10-17 16:35:44.815  3957  3967 I chatty  : uid=1000(system) Binder:3957_1 identical 1 line
10-17 16:35:44.816  3957  3967 D WifiService: getConnectionInfo uid=1000
10-17 16:35:44.833  3957  3967 D ConnectivityService: filterNetworkStateForUid() uid: 10169 networkInfo: [type: WIFI[] - WIFI, state: CONNECTED/CONNECTED, reason: (unspecified), extra: "ourhome", failover: false, available: true, roaming: false, metered: false]
10-17 16:35:44.833  3957  3967 D WifiService: getConnectionInfo uid=1000
10-17 16:35:44.856 12256 12569 I BatteryMgr:DataCollectionService: stats => 1697553344856,-49,4308,-167,0,100
10-17 16:35:44.874  3957  4129 D WifiStateMachine:  ConnectedState !RSSI_PKTCNT_FETCH uid=1000 rt=505358087/1215732252 0 0 "ourhome" f4:6d:2f:12:cc:88 rssi=-46 f=5240 sc=60 link=433 tx=32.2, 4.4, 0.0  rx=58.7 bcn=41959 [on:0 tx:0 rx:0 period:1000] from screen [on:340058 period:1476055] score=60
10-17 16:35:44.876  3957  4129 D WifiStateMachine:  L2ConnectedState !RSSI_PKTCNT_FETCH uid=1000 rt=505358089/1215732253 0 0 "ourhome" f4:6d:2f:12:cc:88 rssi=-46 f=5240 sc=60 link=433 tx=32.2, 4.4, 0.0  rx=58.7 bcn=41959 [on:0 tx:0 rx:0 period:2] from screen [on:340058 period:1476057] score=60
10-17 16:35:44.877  3957  4129 D WifiStateMachine: fetchRssiLinkSpeedAndFrequencyNative rssi=-47 linkspeed=433 freq=5240
10-17 16:35:44.877  3957  4129 V WifiConfigManager: Updating scan detail cache freq=5240 BSSID=f4:6d:2f:12:cc:88 RSSI=-46 for "ourhome"WPA_PSK
10-17 16:35:44.965 12256 12569 I BatteryMgr:DataCollectionService: stats => 1697553344965,-49,4308,-167,0,100
10-17 16:35:45.073 12256 12569 I BatteryMgr:DataCollectionService: stats => 1697553345073,-49,4308,-167,0,100
10-17 16:35:45.179 12256 12569 I BatteryMgr:DataCollectionService: stats => 1697553345179,-49,4308,-167,0,100
10-17 16:35:45.255 12385 13082 E fb4a.FbnsAIDLClientManager: Max Try reached for binding to FbnsAIDLService, threadId 1957
10-17 16:35:45.285 12385 13082 E fb4a.FbnsAIDLClientManager: Fbns AIDL request got RemoteException
10-17 16:35:45.285 12385 13082 E fb4a.FbnsAIDLClientManager: android.os.RemoteException: AIDLService is not bound
10-17 16:35:45.285 12385 13082 E fb4a.FbnsAIDLClientManager: 	at X.0T5.call(:357)
10-17 16:35:45.285 12385 13082 E fb4a.FbnsAIDLClientManager: 	at java.util.concurrent.FutureTask.run(FutureTask.java:266)
10-17 16:35:45.285 12385 13082 E fb4a.FbnsAIDLClientManager: 	at java.util.concurrent.ThreadPoolExecutor.runWorker(ThreadPoolExecutor.java:1162)
10-17 16:35:45.285 12385 13082 E fb4a.FbnsAIDLClientManager: 	at java.util.concurrent.ThreadPoolExecutor$Worker.run(ThreadPoolExecutor.java:636)
10-17 16:35:45.285 12385 13082 E fb4a.FbnsAIDLClientManager: 	at java.lang.Thread.run(Thread.java:764)
10-17 16:35:45.290 12256 12569 I BatteryMgr:DataCollectionService: stats => 1697553345289,-49,4308,-167,0,100
10-17 16:35:45.396 12256 12569 I BatteryMgr:DataCollectionService: stats => 1697553345396,-49,4308,-167,0,100
10-17 16:35:45.495  3957  4129 D WifiStateMachine:  ConnectedState !CMD_RSSI_POLL rt=505358708/1215732872 81 0 "ourhome" f4:6d:2f:12:cc:88 rssi=-47 f=5240 sc=60 link=433 tx=32.2, 4.4, 0.0  rx=58.7 bcn=41959 [on:0 tx:0 rx:0 period:619] from screen [on:340058 period:1476676] score=60
10-17 16:35:45.496  3957  4129 D WifiStateMachine:  L2ConnectedState !CMD_RSSI_POLL rt=505358709/1215732873 81 0 "ourhome" f4:6d:2f:12:cc:88 rssi=-47 f=5240 sc=60 link=433 tx=32.2, 4.4, 0.0  rx=58.7 bcn=41959 [on:0 tx:0 rx:0 period:1] from screen [on:340058 period:1476677] score=60
10-17 16:35:45.496  3957  4129 D WifiStateMachine:  get link layer stats 3
10-17 16:35:45.497  3436  3436 I android.hardware.wifi@1.0-service: getLinkLayerStats
10-17 16:35:45.502  3957  4129 D WifiStateMachine: fetchRssiLinkSpeedAndFrequencyNative rssi=-47 linkspeed=433 freq=5240
10-17 16:35:45.502  3957  4129 V WifiConfigManager: Updating scan detail cache freq=5240 BSSID=f4:6d:2f:12:cc:88 RSSI=-46 for "ourhome"WPA_PSK
10-17 16:35:45.504 12256 12569 I BatteryMgr:DataCollectionService: stats => 1697553345504,-49,4308,-167,0,100
10-17 16:35:45.512  4340  4340 E SignalClusterView: setSlotFocusVisible : subId -2
10-17 16:35:45.512  4340  4340 E SignalClusterView: setSlotFocusVisible : subId -2
10-17 16:35:45.615 12256 12569 I BatteryMgr:DataCollectionService: stats => 1697553345615,-49,4308,-167,0,100
10-17 16:35:45.624  3957  4128 D WifiService: getConnectionInfo uid=1000
10-17 16:35:45.730 12256 12569 I BatteryMgr:DataCollectionService: stats => 1697553345730,-49,4308,-167,0,100
10-17 16:35:45.838 12256 12569 I BatteryMgr:DataCollectionService: stats => 1697553345838,-49,4308,-167,0,100
10-17 16:35:45.875  3957  4129 D WifiStateMachine:  ConnectedState !RSSI_PKTCNT_FETCH uid=1000 rt=505359088/1215733252 0 0 "ourhome" f4:6d:2f:12:cc:88 rssi=-47 f=5240 sc=60 link=433 tx=16.9, 1.6, 0.0  rx=38.0 bcn=41988 [on:0 tx:0 rx:0 period:363] from screen [on:341402 period:1477055] score=60
10-17 16:35:45.876  3957  4129 D WifiStateMachine:  L2ConnectedState !RSSI_PKTCNT_FETCH uid=1000 rt=505359089/1215733253 0 0 "ourhome" f4:6d:2f:12:cc:88 rssi=-47 f=5240 sc=60 link=433 tx=16.9, 1.6, 0.0  rx=38.0 bcn=41988 [on:0 tx:0 rx:0 period:1] from screen [on:341402 period:1477056] score=60
10-17 16:35:45.876  3957  4129 D WifiStateMachine: fetchRssiLinkSpeedAndFrequencyNative rssi=-46 linkspeed=433 freq=5240
10-17 16:35:45.877  3957  4129 V WifiConfigManager: Updating scan detail cache freq=5240 BSSID=f4:6d:2f:12:cc:88 RSSI=-46 for "ourhome"WPA_PSK
10-17 16:35:45.945 12256 12569 I BatteryMgr:DataCollectionService: stats => 1697553345945,-49,4308,-167,0,100
10-17 16:35:45.994  3957  4030 D SensorService: [SO] 0.168 -0.254 10.013
10-17 16:35:46.009  3957  6478 D SSRM:k  : SIOP:: AP = 410, PST = 339 (W:10), BAT = 236, USB = 0, CHG = 0
10-17 16:35:46.050 12256 12569 I BatteryMgr:DataCollectionService: stats => 1697553346050,-49,4308,-167,0,100
10-17 16:35:46.157 12256 12569 I BatteryMgr:DataCollectionService: stats => 1697553346157,-49,4308,-167,0,100
10-17 16:35:46.268 12256 12569 I BatteryMgr:DataCollectionService: stats => 1697553346268,-49,4308,-167,0,100
10-17 16:35:46.376 12256 12569 I BatteryMgr:DataCollectionService: stats => 1697553346376,-49,4308,-167,0,100
10-17 16:35:46.482 12256 12569 I BatteryMgr:DataCollectionService: stats => 1697553346482,-49,4308,-167,0,100
10-17 16:35:46.590 12256 12569 I BatteryMgr:DataCollectionService: stats => 1697553346590,-49,4308,-167,0,100
10-17 16:35:46.626  3957  4128 D WifiService: getConnectionInfo uid=1000
10-17 16:35:46.642  4961  4961 D io_stats: !@ 179,0 r 7730810 248846844 w 1655530 34412152 d 133118 33969508 f 386217 407384 iot 3423960 2994981 th 51200 0 0 pt 0 inp 0 0 505359.855
10-17 16:35:46.696 12256 12569 I BatteryMgr:DataCollectionService: stats => 1697553346696,-49,4308,-167,0,100
10-17 16:35:46.803 12256 12569 I BatteryMgr:DataCollectionService: stats => 1697553346802,-49,4308,-167,0,100
10-17 16:35:46.878  3957  4129 D WifiStateMachine:  ConnectedState !RSSI_PKTCNT_FETCH uid=1000 rt=505360090/1215734254 0 0 "ourhome" f4:6d:2f:12:cc:88 rssi=-46 f=5240 sc=60 link=433 tx=16.9, 1.6, 0.0  rx=38.0 bcn=41988 [on:0 tx:0 rx:0 period:1003] from screen [on:341402 period:1478059] score=60
10-17 16:35:46.880  3957  4129 D WifiStateMachine:  L2ConnectedState !RSSI_PKTCNT_FETCH uid=1000 rt=505360092/1215734256 0 0 "ourhome" f4:6d:2f:12:cc:88 rssi=-46 f=5240 sc=60 link=433 tx=16.9, 1.6, 0.0  rx=38.0 bcn=41988 [on:0 tx:0 rx:0 period:2] from screen [on:341402 period:1478061] score=60
10-17 16:35:46.882  3957  4129 D WifiStateMachine: fetchRssiLinkSpeedAndFrequencyNative rssi=-48 linkspeed=433 freq=5240
10-17 16:35:46.882  3957  4129 V WifiConfigManager: Updating scan detail cache freq=5240 BSSID=f4:6d:2f:12:cc:88 RSSI=-47 for "ourhome"WPA_PSK
10-17 16:35:46.911 12256 12569 I BatteryMgr:DataCollectionService: stats => 1697553346911,-49,4308,-167,0,100
10-17 16:35:47.017 12256 12569 I BatteryMgr:DataCollectionService: stats => 1697553347017,-49,4308,-167,0,100
10-17 16:35:47.080  2479  2548 D ScanRecord: Not a Multi Manu data
10-17 16:35:47.118  2479  2548 I chatty  : uid=1002(bluetooth) BT Service Call identical 76 lines
10-17 16:35:47.118  2479  2548 D ScanRecord: Not a Multi Manu data
10-17 16:35:47.124 12256 12569 I BatteryMgr:DataCollectionService: stats => 1697553347124,-49,4308,-167,0,100
10-17 16:35:47.128  2479  2548 D ScanRecord: Not a Multi Manu data
10-17 16:35:47.215  2479  2548 I chatty  : uid=1002(bluetooth) BT Service Call identical 128 lines
10-17 16:35:47.215  2479  2548 D ScanRecord: Not a Multi Manu data
10-17 16:35:47.230 12256 12569 I BatteryMgr:DataCollectionService: stats => 1697553347230,-49,4308,-167,0,100
10-17 16:35:47.239  2479  2548 D ScanRecord: Not a Multi Manu data
10-17 16:35:47.321  2479  2548 I chatty  : uid=1002(bluetooth) BT Service Call identical 141 lines
10-17 16:35:47.321  2479  2548 D ScanRecord: Not a Multi Manu data
10-17 16:35:47.340 12256 12569 I BatteryMgr:DataCollectionService: stats => 1697553347340,-49,4308,-167,0,100
10-17 16:35:47.368  2479  2548 D ScanRecord: Not a Multi Manu data
10-17 16:35:47.445  2479  2548 I chatty  : uid=1002(bluetooth) BT Service Call identical 180 lines
10-17 16:35:47.445  2479  2548 D ScanRecord: Not a Multi Manu data
10-17 16:35:47.449 12256 12569 I BatteryMgr:DataCollectionService: stats => 1697553347449,-49,4308,-167,0,100
10-17 16:35:47.450  2479  2548 D ScanRecord: Not a Multi Manu data
10-17 16:35:47.543  2479  2548 I chatty  : uid=1002(bluetooth) BT Service Call identical 128 lines
10-17 16:35:47.543  2479  2548 D ScanRecord: Not a Multi Manu data
10-17 16:35:47.556 12256 12569 I BatteryMgr:DataCollectionService: stats => 1697553347556,-49,4308,-167,0,100
10-17 16:35:47.557  2479  2548 D ScanRecord: Not a Multi Manu data
10-17 16:35:47.558  2479  2548 I chatty  : uid=1002(bluetooth) BT Service Call identical 11 lines
10-17 16:35:47.558  2479  2548 D ScanRecord: Not a Multi Manu data
10-17 16:35:47.628  3957  4128 D WifiService: getConnectionInfo uid=1000
10-17 16:35:47.665 12256 12569 I BatteryMgr:DataCollectionService: stats => 1697553347665,-49,4308,-167,0,100
10-17 16:35:47.774 12256 12569 I BatteryMgr:DataCollectionService: stats => 1697553347773,-49,4308,-167,0,100
10-17 16:35:47.879  3957  4129 D WifiStateMachine:  ConnectedState !RSSI_PKTCNT_FETCH uid=1000 rt=505361092/1215735256 0 0 "ourhome" f4:6d:2f:12:cc:88 rssi=-48 f=5240 sc=60 link=433 tx=16.9, 1.6, 0.0  rx=38.0 bcn=41988 [on:0 tx:0 rx:0 period:999] from screen [on:341402 period:1479060] score=60
10-17 16:35:47.893  3957  4129 D WifiStateMachine:  L2ConnectedState !RSSI_PKTCNT_FETCH uid=1000 rt=505361094/1215735258 0 0 "ourhome" f4:6d:2f:12:cc:88 rssi=-48 f=5240 sc=60 link=433 tx=16.9, 1.6, 0.0  rx=38.0 bcn=41988 [on:0 tx:0 rx:0 period:13] from screen [on:341402 period:1479073] score=60
10-17 16:35:47.893 12256 12569 I BatteryMgr:DataCollectionService: stats => 1697553347893,-49,4308,-167,0,100
10-17 16:35:47.899  3957  4129 D WifiStateMachine: fetchRssiLinkSpeedAndFrequencyNative rssi=-49 linkspeed=433 freq=5240
10-17 16:35:47.899  3957  4129 V WifiConfigManager: Updating scan detail cache freq=5240 BSSID=f4:6d:2f:12:cc:88 RSSI=-48 for "ourhome"WPA_PSK
10-17 16:35:47.938  3957 14960 D ConnectivityService: ConnectivityService NetworkRequestInfo binderDied(NetworkRequest [ TRACK_DEFAULT id=1612, [ Capabilities: INTERNET&NOT_RESTRICTED&TRUSTED&NOT_VPN] ], android.os.BinderProxy@19d3b6e)
10-17 16:35:47.938  3957  4622 D ConnectivityService: ConnectivityService NetworkRequestInfo binderDied(NetworkRequest [ TRACK_DEFAULT id=1616, [ Capabilities: INTERNET&NOT_RESTRICTED&TRUSTED&NOT_VPN] ], android.os.BinderProxy@ab5a29c)
10-17 16:35:47.939  3957  5415 D ConnectivityService: ConnectivityService NetworkRequestInfo binderDied(NetworkRequest [ LISTEN id=1613, [ Capabilities: INTERNET&NOT_RESTRICTED&TRUSTED] ], android.os.BinderProxy@789f4a5)
10-17 16:35:47.944  3957  3967 I ActivityManager: Process com.samsung.android.scloud (pid 11879) has died: cch+4CEM (109,410)
10-17 16:35:47.947  3957  4157 D ConnectivityService: releasing NetworkRequest [ LISTEN id=1613, [ Capabilities: INTERNET&NOT_RESTRICTED&TRUSTED] ] (CALLBACK_RELEASED)
10-17 16:35:47.951  3957  4622 D ConnectivityService: ConnectivityService NetworkRequestInfo binderDied(NetworkRequest [ LISTEN id=1615, [ Capabilities: INTERNET&NOT_RESTRICTED&TRUSTED] ], android.os.BinderProxy@306b02b)
10-17 16:35:47.960  3957  4157 D ConnectivityService: sending notification RELEASED for NetworkRequest [ LISTEN id=1613, [ Capabilities: INTERNET&NOT_RESTRICTED&TRUSTED] ]
10-17 16:35:48.009  3957  4157 E ConnectivityService: RemoteException caught trying to send a callback msg for NetworkRequest [ LISTEN id=1613, [ Capabilities: INTERNET&NOT_RESTRICTED&TRUSTED] ]
10-17 16:35:48.009  3957  4157 D ConnectivityService: releasing NetworkRequest [ TRACK_DEFAULT id=1616, [ Capabilities: INTERNET&NOT_RESTRICTED&TRUSTED&NOT_VPN] ] (CALLBACK_RELEASED)
10-17 16:35:48.011  3957  4157 D ConnectivityService:  Removing from current network NetworkAgentInfo [WIFI () - 508], leaving 11 requests.
10-17 16:35:48.023  3957  4157 D ConnectivityService: sending notification RELEASED for NetworkRequest [ TRACK_DEFAULT id=1616, [ Capabilities: INTERNET&NOT_RESTRICTED&TRUSTED&NOT_VPN] ]
10-17 16:35:48.023  3957  4157 E ConnectivityService: RemoteException caught trying to send a callback msg for NetworkRequest [ TRACK_DEFAULT id=1616, [ Capabilities: INTERNET&NOT_RESTRICTED&TRUSTED&NOT_VPN] ]
10-17 16:35:48.023  3957  4157 D ConnectivityService: releasing NetworkRequest [ TRACK_DEFAULT id=1612, [ Capabilities: INTERNET&NOT_RESTRICTED&TRUSTED&NOT_VPN] ] (CALLBACK_RELEASED)
10-17 16:35:48.024  3957  4157 D ConnectivityService:  Removing from current network NetworkAgentInfo [WIFI () - 508], leaving 10 requests.
10-17 16:35:48.025  3957  4157 D ConnectivityService: sending notification RELEASED for NetworkRequest [ TRACK_DEFAULT id=1612, [ Capabilities: INTERNET&NOT_RESTRICTED&TRUSTED&NOT_VPN] ]
10-17 16:35:48.026  3957  4157 E ConnectivityService: RemoteException caught trying to send a callback msg for NetworkRequest [ TRACK_DEFAULT id=1612, [ Capabilities: INTERNET&NOT_RESTRICTED&TRUSTED&NOT_VPN] ]
10-17 16:35:48.026  3957  4157 D ConnectivityService: releasing NetworkRequest [ LISTEN id=1615, [ Capabilities: INTERNET&NOT_RESTRICTED&TRUSTED] ] (CALLBACK_RELEASED)
10-17 16:35:48.026  3957  4157 D ConnectivityService: sending notification RELEASED for NetworkRequest [ LISTEN id=1615, [ Capabilities: INTERNET&NOT_RESTRICTED&TRUSTED] ]
10-17 16:35:48.027  3957  4157 E ConnectivityService: RemoteException caught trying to send a callback msg for NetworkRequest [ LISTEN id=1615, [ Capabilities: INTERNET&NOT_RESTRICTED&TRUSTED] ]
10-17 16:35:48.049  4146  4226 I A       : processToken binder died, :search process likely died
10-17 16:35:48.129  3446  3446 E lowmemorykiller: Error opening /proc/12805/oom_score_adj; errno=2
10-17 16:35:48.135 12453 12453 I FenixApplication: onTrimMemory(), level=10, main=false
10-17 16:35:48.135 12672 12672 I FenixApplication: onTrimMemory(), level=10, main=false
10-17 16:35:48.136 12398 12398 I FenixApplication: onTrimMemory(), level=10, main=false
10-17 16:35:48.138 12955 12955 I FenixApplication: onTrimMemory(), level=10, main=false
