10-17 16:20:53.494  3957  4653 D ConnectivityService: filterNetworkStateForUid() uid: 10044 networkInfo: [type: WIFI[] - WIFI, state: CONNECTED/CONNECTED, reason: (unspecified), extra: "ourhome", failover: false, available: true, roaming: false, metered: false]
10-17 16:20:53.494  3957  4653 D WifiService: getConnectionInfo uid=1000
10-17 16:20:53.494  3957  4157 D ConnectivityService: sending notification IP_CHANGED for NetworkRequest [ LISTEN id=1590, [ Capabilities: INTERNET&NOT_RESTRICTED&TRUSTED] ]
10-17 16:20:53.498  7938  7938 D TimaKeyStoreProvider: TimaKeyStore is not enabled: cannot add TimaSignature Service and generateKeyPair Service
10-17 16:20:53.499  7938  7938 D ActivityThread: Added TimaKeyStore provider
10-17 16:20:53.503  3957  4653 I ActivityManager: DSS on for org.mozilla.fenix and scale is 1.0
10-17 16:20:53.507  7748  7867 I Finsky  : [16100] tgf.s(77): Enqueuing libraries load for 1276001251
10-17 16:20:53.508  7748  7948 I Finsky  : [16125] tgf.t(14): Starting libraries load for 1276001251
10-17 16:20:53.525  7748  7868 I Finsky  : [16101] ahem.<init>(104): VerifyApps: Setup app restrictions monitor
10-17 16:20:53.527  7938  7938 I zygote64: no shared libraies, dex_files: 1
10-17 16:20:53.528  7748  7748 I Finsky  : [2] jqd.h(314): This process start was not selected for Play memory metrics collection.
10-17 16:20:53.533  7748  7868 I Finsky  : [16101] ahko.a(32): VerifyApps: Device wide unknown source restriction updated
10-17 16:20:53.540  7748  7869 I cr_CronetLibraryLoader: Cronet version: 114.0.5735.84, arch: aarch64
10-17 16:20:53.547  3957  5414 D ConnectivityService: filterNetworkStateForUid() uid: 10044 networkInfo: [type: WIFI[] - WIFI, state: CONNECTED/CONNECTED, reason: (unspecified), extra: "ourhome", failover: false, available: true, roaming: false, metered: false]
10-17 16:20:53.547  3957  5414 D WifiService: getConnectionInfo uid=1000
10-17 16:20:53.553  3957 12007 D ConnectivityService: filterNetworkStateForUid() uid: 10044 networkInfo: [type: WIFI[] - WIFI, state: CONNECTED/CONNECTED, reason: (unspecified), extra: "ourhome", failover: false, available: true, roaming: false, metered: false]
10-17 16:20:53.553  3957 12007 D WifiService: getConnectionInfo uid=1000
10-17 16:20:53.562  3957  4653 D ConnectivityService: filterNetworkStateForUid() uid: 10044 networkInfo: [type: WIFI[] - WIFI, state: CONNECTED/CONNECTED, reason: (unspecified), extra: "ourhome", failover: false, available: true, roaming: false, metered: false]
10-17 16:20:53.562  3957  4653 D WifiService: getConnectionInfo uid=1000
10-17 16:20:53.563  7748  7871 I Finsky  : [16104] sgp.<init>(46): Item store provider started.
10-17 16:20:53.563  3957  4653 D ConnectivityService: filterNetworkStateForUid() uid: 10044 networkInfo: [type: WIFI[] - WIFI, state: CONNECTED/CONNECTED, reason: (unspecified), extra: "ourhome", failover: false, available: true, roaming: false, metered: false]
10-17 16:20:53.564  3957  4653 D WifiService: getConnectionInfo uid=1000
10-17 16:20:53.578  7748  7748 I Finsky  : [2] mgj.onSubscriptionsChanged(6): onSubscriptionsChanged
10-17 16:20:53.580  3957  4653 D ActivityManager: The following uid has registered to recieve broadcast for proxy related updates 10044
10-17 16:20:53.580  3957  4653 W ContextImpl: Calling a method in the system process without a qualified user: android.app.ContextImpl.sendBroadcast:971 com.android.server.am.ActivityManagerService.requestKnoxVpnToSendProxyBroadcast:29420 com.android.server.am.ActivityManagerService.registerReceiver:23161 android.app.IActivityManager$Stub.onTransact:176 com.android.server.am.ActivityManagerService.onTransact:3861 
10-17 16:20:53.583  3957  3957 D KnoxVpnEngineService: Vpn Receiver : com.samsung.android.knox.intent.action.VPN_PROXY_BROADCAST_INTERNAL
10-17 16:20:53.583  3957  4108 I KnoxVpnEngineService: vpn handle : Message received
10-17 16:20:53.595  7533  7787 I BatteryMgr:DataCollectionService: stats => 1697552453595,-317,4308,93,0,99
10-17 16:20:53.597  7938  7938 I ServiceChildProcess: onCreate
10-17 16:20:53.602  7938  7978 I GeckoThread: preparing to run Gecko
10-17 16:20:53.606  7577  7607 W AudioCapabilities: Unsupported mime audio/mpeg-L1
10-17 16:20:53.606  7577  7607 W AudioCapabilities: Unsupported mime audio/mpeg-L2
10-17 16:20:53.607  7577  7607 W AudioCapabilities: Unsupported mime audio/x-ms-wma
10-17 16:20:53.607  7577  7607 W AudioCapabilities: Unsupported mime audio/x-ima
10-17 16:20:53.608  7577  7607 W VideoCapabilities: Unrecognized profile 2130706433 for video/avc
10-17 16:20:53.608  7577  7607 W VideoCapabilities: Unrecognized profile 2130706434 for video/avc
10-17 16:20:53.608  7938  7978 W linker  : "/data/app/org.mozilla.fenix-iWpGOrf8cry6RDpwHyQugA==/lib/arm64/libmozglue.so" unused DT entry: type 0x8000024 arg 0x38f70
10-17 16:20:53.608  7938  7978 W linker  : "/data/app/org.mozilla.fenix-iWpGOrf8cry6RDpwHyQugA==/lib/arm64/libmozglue.so" unused DT entry: type 0x8000023 arg 0x1f8
10-17 16:20:53.608  7938  7978 W linker  : "/data/app/org.mozilla.fenix-iWpGOrf8cry6RDpwHyQugA==/lib/arm64/libmozglue.so" unused DT entry: type 0x8000025 arg 0x8
10-17 16:20:53.610  7463  7463 D BoundBrokerSvc: onBind: Intent { act=com.google.android.gms.safetynet.service.START pkg=com.google.android.gms }
10-17 16:20:53.610  7463  7463 D BoundBrokerSvc: Loading bound service for intent: Intent { act=com.google.android.gms.safetynet.service.START pkg=com.google.android.gms }
10-17 16:20:53.610  7577  7607 W VideoCapabilities: Unrecognized profile/level 1/32 for video/mp4v-es
10-17 16:20:53.610  7577  7607 W VideoCapabilities: Unrecognized profile/level 32768/2 for video/mp4v-es
10-17 16:20:53.610  7577  7607 W VideoCapabilities: Unrecognized profile/level 32768/64 for video/mp4v-es
10-17 16:20:53.611  7577  7607 W VideoCapabilities: Unsupported mime video/wvc1
10-17 16:20:53.612  7577  7607 W VideoCapabilities: Unsupported mime video/x-ms-wmv
10-17 16:20:53.612  7938  7978 I GeckoLoader: Library base=/data/app/org.mozilla.fenix-iWpGOrf8cry6RDpwHyQugA==/lib/arm64
10-17 16:20:53.612  7938  7978 I GeckoLoader: Library base=/data/app/org.mozilla.fenix-iWpGOrf8cry6RDpwHyQugA==/lib/arm64
10-17 16:20:53.613  7577  7607 W VideoCapabilities: Unsupported mime video/x-ms-wmv7
10-17 16:20:53.613  7577  7607 W VideoCapabilities: Unsupported mime video/x-ms-wmv8
10-17 16:20:53.614  7938  7978 E GeckoLibLoad: Load sqlite start
10-17 16:20:53.614  7577  7607 W VideoCapabilities: Unsupported mime video/mp43
10-17 16:20:53.615  7938  7978 W linker  : "/data/app/org.mozilla.fenix-iWpGOrf8cry6RDpwHyQugA==/lib/arm64/libnss3.so" unused DT entry: type 0x8000024 arg 0x14998
10-17 16:20:53.615  7938  7978 W linker  : "/data/app/org.mozilla.fenix-iWpGOrf8cry6RDpwHyQugA==/lib/arm64/libnss3.so" unused DT entry: type 0x8000023 arg 0x5c8
10-17 16:20:53.615  7938  7978 W linker  : "/data/app/org.mozilla.fenix-iWpGOrf8cry6RDpwHyQugA==/lib/arm64/libnss3.so" unused DT entry: type 0x8000025 arg 0x8
10-17 16:20:53.616  7938  7978 E GeckoLibLoad: Load sqlite done
10-17 16:20:53.617  7938  7978 I GeckoLoader: Library base=/data/app/org.mozilla.fenix-iWpGOrf8cry6RDpwHyQugA==/lib/arm64
10-17 16:20:53.617  7938  7978 E GeckoLibLoad: Load nss start
10-17 16:20:53.617  7938  7978 E GeckoLibLoad: Load nss done
10-17 16:20:53.617  7938  7978 I GeckoLoader: Library base=/data/app/org.mozilla.fenix-iWpGOrf8cry6RDpwHyQugA==/lib/arm64
10-17 16:20:53.622  7938  7978 W linker  : "/data/app/org.mozilla.fenix-iWpGOrf8cry6RDpwHyQugA==/lib/arm64/libxul.so" unused DT entry: type 0x8000024 arg 0x539420
10-17 16:20:53.622  7938  7978 W linker  : "/data/app/org.mozilla.fenix-iWpGOrf8cry6RDpwHyQugA==/lib/arm64/libxul.so" unused DT entry: type 0x8000023 arg 0x17d68
10-17 16:20:53.623  7938  7978 W linker  : "/data/app/org.mozilla.fenix-iWpGOrf8cry6RDpwHyQugA==/lib/arm64/libxul.so" unused DT entry: type 0x8000025 arg 0x8
10-17 16:20:53.653  7938  7978 E GeckoLibLoad: Loaded libs in 35.678500ms total, 16ms(16ms) user, 16ms(16ms) system, 0(0) faults
10-17 16:20:53.653  7938  7978 W GeckoThread: zerdatime 1214841032 - runGecko
10-17 16:20:53.663  3957  4129 D WifiStateMachine:  ConnectedState !RSSI_PKTCNT_FETCH uid=1000 rt=504466876/1214841040 0 0 "ourhome" f4:6d:2f:12:cc:88 rssi=-44 f=5240 sc=60 link=433 tx=0.1, 0.0, 0.0  rx=5.0 bcn=33547 [on:0 tx:0 rx:0 period:1000] from screen [on:152089 period:584844] score=60
10-17 16:20:53.664  3957  4129 D WifiStateMachine:  L2ConnectedState !RSSI_PKTCNT_FETCH uid=1000 rt=504466877/1214841041 0 0 "ourhome" f4:6d:2f:12:cc:88 rssi=-44 f=5240 sc=60 link=433 tx=0.1, 0.0, 0.0  rx=5.0 bcn=33547 [on:0 tx:0 rx:0 period:1] from screen [on:152089 period:584845] score=60
10-17 16:20:53.666  3957  4129 D WifiStateMachine: fetchRssiLinkSpeedAndFrequencyNative rssi=-46 linkspeed=433 freq=5240
10-17 16:20:53.666  3957  4129 V WifiConfigManager: Updating scan detail cache freq=5240 BSSID=f4:6d:2f:12:cc:88 RSSI=-44 for "ourhome"WPA_PSK
10-17 16:20:53.668  3599  3918 D DnsProxyListener: DNSDBG::dns addrinfo af 0
10-17 16:20:53.669  7748  7748 I Finsky  : [2] qur.y(24): Installer: Attempting to start installer
10-17 16:20:53.672  7577  7765 I libglean_ffi: glean_core::upload: Ping 07c91dde-cb7c-4f62-98df-0c15f5a6a689 successfully sent 200.
10-17 16:20:53.676  7577  7765 I libglean_ffi: glean_core::upload::directory: File was deleted /data/user/0/org.mozilla.fenix/glean_data/pending_pings/07c91dde-cb7c-4f62-98df-0c15f5a6a689
10-17 16:20:53.677  7577  7765 I libglean_ffi: glean_core::upload: New upload task with id 12a8604c-80f9-4bd2-bb82-f2ef7a97b215 (path: /submit/org-mozilla-fenix/pageload/1/12a8604c-80f9-4bd2-bb82-f2ef7a97b215)
10-17 16:20:53.703  7533  7787 I BatteryMgr:DataCollectionService: stats => 1697552453703,-317,4308,93,0,99
10-17 16:20:53.707  7748  7748 I Finsky  : [2] andp.d(7): registerListener
10-17 16:20:53.713  3957  4653 D BatteryService: !@BatteryListener : batteryPropertiesChanged!
10-17 16:20:53.743  7748  7948 I Finsky  : [16125] tgf.t(284): Loaded library for account: [y0_1NG5HTmzf0bF7VytAKz9iHAD6w7yU52Le3i0fi68]
10-17 16:20:53.746  7748  7948 I Finsky  : [16125] tgf.t(353): Finished loading 1 libraries.
10-17 16:20:53.756  7748  7755 I zygote64: Do partial code cache collection, code=1544B, data=29KB
10-17 16:20:53.757  7748  7748 I Finsky  : [2] aayz.<init>(264): Initializing pausers from value store.
10-17 16:20:53.758  7748  7748 I Finsky  : [2] aayz.<init>(321): setup::RES: Callers (Pausers) in PauseUpdatesCallersValueStore: []
10-17 16:20:53.762  7748  7755 I zygote64: After code cache collection, code=1544B, data=29KB
10-17 16:20:53.763  7748  7755 I zygote64: Increasing code cache capacity to 128KB
10-17 16:20:53.773  3957  4653 D ConnectivityService: filterNetworkStateForUid() uid: 10044 networkInfo: [type: WIFI[] - WIFI, state: CONNECTED/CONNECTED, reason: (unspecified), extra: "ourhome", failover: false, available: true, roaming: false, metered: false]
10-17 16:20:53.773  3957  4653 D WifiService: getConnectionInfo uid=1000
10-17 16:20:53.774  3957  5414 D ConnectivityService: filterNetworkStateForUid() uid: 10044 networkInfo: [type: WIFI[] - WIFI, state: CONNECTED/CONNECTED, reason: (unspecified), extra: "ourhome", failover: false, available: true, roaming: false, metered: false]
10-17 16:20:53.774  3957  5414 D WifiService: getConnectionInfo uid=1000
10-17 16:20:53.775  7748  7748 I Finsky  : [2] qur.R(15): Installer: Installer kick - no action, not running yet
10-17 16:20:53.812  7533  7787 I BatteryMgr:DataCollectionService: stats => 1697552453812,-317,4308,93,0,99
10-17 16:20:53.834  7577  7607 W GeckoEventDispatcher: No listener for GeckoView:PageAction:Update
10-17 16:20:53.878  3599  3918 D DnsProxyListener: DNSDBG::dns addrinfo af 0
10-17 16:20:53.883  3599  3918 D DnsProxyListener: DNSDBG::dns addrinfo af 0
10-17 16:20:53.897  7748  8019 I Finsky  : [16152] tmv.G(6): getDownloads()
10-17 16:20:53.899  3599  3918 D DnsProxyListener: DNSDBG::dns addrinfo af 0
10-17 16:20:53.907  3599  3918 D DnsProxyListener: DNSDBG::dns addrinfo af 0
10-17 16:20:53.911  7671  7703 W linker  : "/data/app/org.mozilla.fenix-iWpGOrf8cry6RDpwHyQugA==/lib/arm64/libsoftokn3.so" unused DT entry: type 0x8000024 arg 0x2580
10-17 16:20:53.911  7671  7703 W linker  : "/data/app/org.mozilla.fenix-iWpGOrf8cry6RDpwHyQugA==/lib/arm64/libsoftokn3.so" unused DT entry: type 0x8000023 arg 0x70
10-17 16:20:53.911  7671  7703 W linker  : "/data/app/org.mozilla.fenix-iWpGOrf8cry6RDpwHyQugA==/lib/arm64/libsoftokn3.so" unused DT entry: type 0x8000025 arg 0x8
10-17 16:20:53.912  7671  7703 W linker  : "/data/app/org.mozilla.fenix-iWpGOrf8cry6RDpwHyQugA==/lib/arm64/libfreebl3.so" unused DT entry: type 0x8000024 arg 0xe78
10-17 16:20:53.912  7671  7703 W linker  : "/data/app/org.mozilla.fenix-iWpGOrf8cry6RDpwHyQugA==/lib/arm64/libfreebl3.so" unused DT entry: type 0x8000023 arg 0x68
10-17 16:20:53.912  7671  7703 W linker  : "/data/app/org.mozilla.fenix-iWpGOrf8cry6RDpwHyQugA==/lib/arm64/libfreebl3.so" unused DT entry: type 0x8000025 arg 0x8
10-17 16:20:53.921  7533  7787 I BatteryMgr:DataCollectionService: stats => 1697552453921,-317,4308,93,0,99
10-17 16:20:53.936  3957  5414 D StorageManagerService: getExternalStorageMountMode : 3
10-17 16:20:53.936  3957  5414 D StorageManagerService: getExternalStorageMountMode : 3
10-17 16:20:53.937  3957  5414 D StorageManagerService: getExternalStorageMountMode : final mountMode=3, uid : 10044, packageName : com.android.vending
10-17 16:20:53.937  3957  5414 I ApplicationPolicy: isApplicationExternalStorageWhitelisted:com.android.vending user:0
10-17 16:20:53.937  3957  5414 D ApplicationPolicy: isApplicationExternalStorageWhitelisted: DO is not enabled on user 0. Allowed.
10-17 16:20:53.937  3957  5414 D ActivityManager: package  com.android.vending, user - 0 is SDcard whitelisted
10-17 16:20:53.937  3957  5414 I ApplicationPolicy: isApplicationExternalStorageBlacklisted:com.android.vending user:0
10-17 16:20:53.937  3957  5414 D ApplicationPolicy: isApplicationExternalStorageBlacklisted: DO is not enabled on user 0. Allowed.
10-17 16:20:53.962  3599  3918 D DnsProxyListener: DNSDBG::dns addrinfo af 0
10-17 16:20:53.964  8035  8035 E Zygote  : isWhitelistProcess - Process is Whitelisted
10-17 16:20:53.964  8035  8035 E libpersona: scanKnoxPersonas
10-17 16:20:53.965  8035  8035 E libpersona: Couldn't open the File - /data/system/users/0/personalist.xml - No such file or directory
10-17 16:20:53.967  3957  5414 I ActivityManager: Start proc 8035:com.android.vending:background/u0a44 for service com.android.vending/com.google.android.finsky.ipcservers.background.BackgroundGrpcServerAndroidService
10-17 16:20:53.970  8035  8035 W SELinux : SELinux selinux_android_compute_policy_index : Policy Index[2],  Con:u:r:zygote:s0 RAM:SEPF_SM-J720F_8.0.0_0002, [-1 -1 -1 -1 0 1]
10-17 16:20:53.973  8035  8035 I SELinux : SELinux: seapp_context_lookup: seinfo=gmscore, level=s0:c512,c768, pkgname=com.android.vending:background 
10-17 16:20:53.984  3599  3918 D DnsProxyListener: DNSDBG::dns addrinfo af 0
10-17 16:20:54.002  8035  8035 D TimaKeyStoreProvider: TimaKeyStore is not enabled: cannot add TimaSignature Service and generateKeyPair Service
10-17 16:20:54.002  8035  8035 D ActivityThread: Added TimaKeyStore provider
10-17 16:20:54.006  3957  5414 I ActivityManager: DSS on for com.android.vending and scale is 1.0
10-17 16:20:54.017  3599  3918 D DnsProxyListener: DNSDBG::dns addrinfo af 0
10-17 16:20:54.029  7577  7765 I libglean_ffi: glean_core::upload: Ping 12a8604c-80f9-4bd2-bb82-f2ef7a97b215 successfully sent 200.
10-17 16:20:54.030  7533  7787 I BatteryMgr:DataCollectionService: stats => 1697552454030,-317,4308,93,0,99
10-17 16:20:54.035  8035  8035 I zygote64: no shared libraies, dex_files: 1
10-17 16:20:54.035  7577  7765 I libglean_ffi: glean_core::upload::directory: File was deleted /data/user/0/org.mozilla.fenix/glean_data/pending_pings/12a8604c-80f9-4bd2-bb82-f2ef7a97b215
10-17 16:20:54.037  7577  7765 I libglean_ffi: glean_core::upload: New upload task with id fc2f8e50-ed44-46dc-bd4d-36ec9fa805a5 (path: /submit/org-mozilla-fenix/baseline/1/fc2f8e50-ed44-46dc-bd4d-36ec9fa805a5)
10-17 16:20:54.079  7577  7607 D GeckoIdleService: Register idle observer 0x74232b0788 for 5 seconds
10-17 16:20:54.079  7577  7607 D GeckoIdleService: Register: adjusting next switch from -1 to 5 seconds
10-17 16:20:54.079  7577  7607 D GeckoIdleService: next timeout 4225 msec from now
10-17 16:20:54.079  7577  7607 D GeckoIdleService: SetTimerExpiryIfBefore: next timeout 4225 msec from now
10-17 16:20:54.079  7577  7607 D GeckoIdleService: reset timer expiry to 4235 msec from now
10-17 16:20:54.138  8035  8035 W ResourceType: ResTable_typeSpec entry count inconsistent: given 212, previously 242
10-17 16:20:54.140  7533  7787 I BatteryMgr:DataCollectionService: stats => 1697552454140,-317,4308,93,0,99
10-17 16:20:54.145  7577  7577 I WebExtension: releasePendingMessages: extension=webcompat-reporter@mozilla.org nativeApp=mozacWebcompatReporter session=null
10-17 16:20:54.152  7577  7577 I DefaultSupportedAddonsChecker: Unregister check for new supported add-ons
10-17 16:20:54.161  7577  7577 I WebExtension: releasePendingMessages: extension=fxa@mozac.org nativeApp=mozacWebchannel session=org.mozilla.geckoview.GeckoSession@2d531ff
10-17 16:20:54.162  7577  7577 I WebExtension: releasePendingMessages: extension=fxa@mozac.org nativeApp=mozacWebchannelBackground session=null
10-17 16:20:54.164  7577  7577 I WebExtension: releasePendingMessages: extension=readerview@mozac.org nativeApp=mozacReaderview session=org.mozilla.geckoview.GeckoSession@2d531ff
10-17 16:20:54.164  7577  7577 I WebExtension: releasePendingMessages: extension=readerview@mozac.org nativeApp=mozacReaderviewActive session=org.mozilla.geckoview.GeckoSession@2d531ff
10-17 16:20:54.164  7577  7577 I WebExtension: releasePendingMessages: extension=readerview@mozac.org nativeApp=mozacReaderview session=org.mozilla.geckoview.GeckoSession@2d531ff
10-17 16:20:54.165  7577  7577 I WebExtension: releasePendingMessages: extension=icons@mozac.org nativeApp=MozacBrowserIcons session=org.mozilla.geckoview.GeckoSession@2d531ff
10-17 16:20:54.165  7577  7577 I WebExtension: releasePendingMessages: extension=ads@mozac.org nativeApp=MozacBrowserAdsMessage session=org.mozilla.geckoview.GeckoSession@2d531ff
10-17 16:20:54.166  7577  7577 I WebExtension: releasePendingMessages: extension=cookies@mozac.org nativeApp=MozacBrowserSearchMessage session=org.mozilla.geckoview.GeckoSession@2d531ff
10-17 16:20:54.237  8035  8035 I Finsky:background: [2] khj.i(84): Process created at version: 37.9.18-21 [0] [PR] 571399392
10-17 16:20:54.253  7533  7787 I BatteryMgr:DataCollectionService: stats => 1697552454252,-317,4308,93,0,99
10-17 16:20:54.294  3957  4128 D WifiService: getConnectionInfo uid=1000
10-17 16:20:54.312  7577  7765 I libglean_ffi: glean_core::upload: Ping fc2f8e50-ed44-46dc-bd4d-36ec9fa805a5 successfully sent 200.
10-17 16:20:54.315  7577  7765 I libglean_ffi: glean_core::upload::directory: File was deleted /data/user/0/org.mozilla.fenix/glean_data/pending_pings/fc2f8e50-ed44-46dc-bd4d-36ec9fa805a5
10-17 16:20:54.316  7577  7765 I libglean_ffi: glean_core::upload: No more pings to upload! You are done.
10-17 16:20:54.322  7577  7649 I WM-WorkerWrapper: Worker result SUCCESS for Work [ id=a2a2950a-0829-4cd5-9b98-86a91033e472, tags={ mozilla.telemetry.glean.scheduler.PingUploadWorker, mozac_service_glean_ping_upload_worker } ]
10-17 16:20:54.324  3599  3918 D DnsProxyListener: DNSDBG::dns addrinfo af 0
10-17 16:20:54.331  7577  7577 D ConnectivityManager: unregisterNetworkCallback; CallingUid : 10169, CallingPid : 7577
10-17 16:20:54.332  3957  4157 D ConnectivityService: releasing NetworkRequest [ TRACK_DEFAULT id=1589, [ Capabilities: INTERNET&NOT_RESTRICTED&TRUSTED&NOT_VPN] ] (CALLBACK_RELEASED)
10-17 16:20:54.333  3957  4157 D ConnectivityService:  Removing from current network NetworkAgentInfo [WIFI () - 508], leaving 11 requests.
10-17 16:20:54.335  3957  4157 D ConnectivityService: sending notification RELEASED for NetworkRequest [ TRACK_DEFAULT id=1589, [ Capabilities: INTERNET&NOT_RESTRICTED&TRUSTED&NOT_VPN] ]
10-17 16:20:54.361  7533  7787 I BatteryMgr:DataCollectionService: stats => 1697552454361,-317,4308,93,0,99
10-17 16:20:54.385  7577  7577 W GeckoSession: No history entries found.
10-17 16:20:54.471  7533  7787 I BatteryMgr:DataCollectionService: stats => 1697552454470,-317,4308,93,0,99
10-17 16:20:54.478  8035  8035 I Finsky:background: [2] aiff.bk(289): Finished reading experiment flags from file [0tGUNCGIkbk4o6-fQ335kUYSKwVj4lusnHT-A5Dsy08] numFlags=1260.
10-17 16:20:54.543  8035  8035 I Finsky:background: [2] aiff.bk(289): Finished reading experiment flags from file [cDXKMAm20gnql81lkHY0kpZ363Z9OGuPpqWoMw-jNkY] numFlags=1786.
10-17 16:20:54.579  7533  7787 I BatteryMgr:DataCollectionService: stats => 1697552454579,-317,4308,93,0,99
10-17 16:20:54.585  8035  8035 I Finsky:background: [2] wib.<init>(76): wht - Registering in memory receiver for android.intent.action.PACKAGE_ADDED and android.intent.action.PACKAGE_REMOVED
10-17 16:20:54.631  8035  8035 I Finsky:background: [2] scp.onCreate(9): IPC-SERVER: Starting gRPC host service...
10-17 16:20:54.648  8035  8035 I Finsky:background: [2] jqd.h(314): This process start was not selected for Play memory metrics collection.
10-17 16:20:54.664  3957  4129 D WifiStateMachine:  ConnectedState !RSSI_PKTCNT_FETCH uid=1000 rt=504467878/1214842042 0 0 "ourhome" f4:6d:2f:12:cc:88 rssi=-46 f=5240 sc=60 link=433 tx=0.1, 0.0, 0.0  rx=5.0 bcn=33547 [on:0 tx:0 rx:0 period:1000] from screen [on:152089 period:585845] score=60
10-17 16:20:54.665  3957  4129 D WifiStateMachine:  L2ConnectedState !RSSI_PKTCNT_FETCH uid=1000 rt=504467879/1214842043 0 0 "ourhome" f4:6d:2f:12:cc:88 rssi=-46 f=5240 sc=60 link=433 tx=0.1, 0.0, 0.0  rx=5.0 bcn=33547 [on:0 tx:0 rx:0 period:1] from screen [on:152089 period:585846] score=60
10-17 16:20:54.667  3957  4129 D WifiStateMachine: fetchRssiLinkSpeedAndFrequencyNative rssi=-47 linkspeed=433 freq=5240
10-17 16:20:54.667  3957  4129 V WifiConfigManager: Updating scan detail cache freq=5240 BSSID=f4:6d:2f:12:cc:88 RSSI=-45 for "ourhome"WPA_PSK
10-17 16:20:54.670  8035  8082 I Finsky:background: [16120] nrj.i(6): getDownloads()
10-17 16:20:54.687  7533  7787 I BatteryMgr:DataCollectionService: stats => 1697552454687,-317,4308,93,0,99
10-17 16:20:54.731  3957  4129 D WifiStateMachine:  ConnectedState !CMD_RSSI_POLL rt=504467944/1214842108 81 0 "ourhome" f4:6d:2f:12:cc:88 rssi=-47 f=5240 sc=60 link=433 tx=0.1, 0.0, 0.0  rx=5.0 bcn=33547 [on:0 tx:0 rx:0 period:66] from screen [on:152089 period:585912] score=60
10-17 16:20:54.733  3957  4129 D WifiStateMachine:  L2ConnectedState !CMD_RSSI_POLL rt=504467946/1214842110 81 0 "ourhome" f4:6d:2f:12:cc:88 rssi=-47 f=5240 sc=60 link=433 tx=0.1, 0.0, 0.0  rx=5.0 bcn=33547 [on:0 tx:0 rx:0 period:2] from screen [on:152089 period:585914] score=60
10-17 16:20:54.733  3957  4129 D WifiStateMachine:  get link layer stats 3
10-17 16:20:54.734  3436  3436 I android.hardware.wifi@1.0-service: getLinkLayerStats
10-17 16:20:54.740  3957  4129 D WifiStateMachine: fetchRssiLinkSpeedAndFrequencyNative rssi=-47 linkspeed=433 freq=5240
10-17 16:20:54.740  3957  4129 V WifiConfigManager: Updating scan detail cache freq=5240 BSSID=f4:6d:2f:12:cc:88 RSSI=-46 for "ourhome"WPA_PSK
10-17 16:20:54.744  4340  4340 E SignalClusterView: setSlotFocusVisible : subId -2
10-17 16:20:54.744  4340  4340 E SignalClusterView: setSlotFocusVisible : subId -2
10-17 16:20:54.755  8035  8084 D ConnectivityManager: requestNetwork; CallingUid : 10044, CallingPid : 8035
10-17 16:20:54.759  3957  5414 D ConnectivityService: requestNetwork for uid/pid:10044/8035 NetworkRequest [ TRACK_DEFAULT id=1591, [ Capabilities: INTERNET&NOT_RESTRICTED&TRUSTED&NOT_VPN] ]
10-17 16:20:54.760  3957  4157 D ConnectivityService: rematching NetworkAgentInfo [WIFI () - 508]
10-17 16:20:54.760  3957  4157 D ConnectivityService:  network has: [ Transports: WIFI Capabilities: NOT_METERED&INTERNET&NOT_RESTRICTED&TRUSTED&NOT_VPN&VALIDATED&FOREGROUND LinkUpBandwidth>=1048576Kbps LinkDnBandwidth>=1048576Kbps SignalStrength: -51]
10-17 16:20:54.760  3957  4157 D ConnectivityService: Network NetworkAgentInfo [WIFI () - 508] was already satisfying request 1. No change.
10-17 16:20:54.760  3957  4157 D ConnectivityService:   checking if request is satisfied: NetworkRequest [ TRACK_DEFAULT id=1591, [ Capabilities: INTERNET&NOT_RESTRICTED&TRUSTED&NOT_VPN] ]
10-17 16:20:54.760  3957  4157 D ConnectivityService: currentScore = 0, newScore = 100
10-17 16:20:54.760  3957  4157 D ConnectivityService: rematch for NetworkAgentInfo [WIFI () - 508]
10-17 16:20:54.760  3957  4157 D ConnectivityService:    accepting network in place of null
10-17 16:20:54.760  3957  4157 D ConnectivityService: sending new Min Network Score(100): NetworkRequest [ TRACK_DEFAULT id=1591, [ Capabilities: INTERNET&NOT_RESTRICTED&TRUSTED&NOT_VPN] ]
10-17 16:20:54.761  3957  4313 D Ethernet: got request NetworkRequest [ TRACK_DEFAULT id=1591, [ Capabilities: INTERNET&NOT_RESTRICTED&TRUSTED&NOT_VPN] ] with score 100
10-17 16:20:54.761  3957  4313 D Ethernet:   my score=-1, my filter=[ Transports: ETHERNET Capabilities: INTERNET&NOT_RESTRICTED&TRUSTED&NOT_VPN LinkUpBandwidth>=100000Kbps LinkDnBandwidth>=100000Kbps]
10-17 16:20:54.761  3957  4313 D Ethernet: evalRequest
10-17 16:20:54.761  3957  4313 D Ethernet:   done
10-17 16:20:54.761  3957  4129 D WIFI    : got request NetworkRequest [ TRACK_DEFAULT id=1591, [ Capabilities: INTERNET&NOT_RESTRICTED&TRUSTED&NOT_VPN] ] with score 100
10-17 16:20:54.761  3957  4157 D ConnectivityService: MultiNetwork Request(TransportType - Wi-Fi request). Internet Capability doesn't required (false)
10-17 16:20:54.761  3957  4129 D WIFI    :   my score=60, my filter=[ Transports: WIFI Capabilities: NOT_METERED&INTERNET&NOT_RESTRICTED&TRUSTED&NOT_VPN LinkUpBandwidth>=1048576Kbps LinkDnBandwidth>=1048576Kbps]
10-17 16:20:54.761  3957  4157 D ConnectivityService: Network NetworkAgentInfo [WIFI () - 508] was already satisfying request 3. No change.
10-17 16:20:54.761  3957  4157 D ConnectivityService: Network NetworkAgentInfo [WIFI () - 508] was already satisfying request 1587. No change.
10-17 16:20:54.761  3957  4153 D WIFI_P2P: got request NetworkRequest [ TRACK_DEFAULT id=1591, [ Capabilities: INTERNET&NOT_RESTRICTED&TRUSTED&NOT_VPN] ] with score 100
10-17 16:20:54.761  3957  4157 D ConnectivityService: sending notification AVAILABLE for NetworkRequest [ TRACK_DEFAULT id=1591, [ Capabilities: INTERNET&NOT_RESTRICTED&TRUSTED&NOT_VPN] ]
10-17 16:20:54.761  3957  4129 D WIFI    : evalRequest
10-17 16:20:54.762  3957  4129 D WIFI    :   done
10-17 16:20:54.762  3957  4153 D WIFI_P2P:   my score=60, my filter=[ Transports: WIFI Capabilities: WIFI_P2P&NOT_RESTRICTED&TRUSTED&NOT_VPN LinkUpBandwidth>=1048576Kbps LinkDnBandwidth>=1048576Kbps]
10-17 16:20:54.762  3957  4153 D WIFI_P2P: evalRequest
10-17 16:20:54.762  3957  4153 D WIFI_P2P:   done
10-17 16:20:54.762  3957  4129 D WIFI_UT : got request NetworkRequest [ TRACK_DEFAULT id=1591, [ Capabilities: INTERNET&NOT_RESTRICTED&TRUSTED&NOT_VPN] ] with score 100
10-17 16:20:54.762  3957  4129 D WIFI_UT :   my score=2147483647, my filter=[ Transports: WIFI Capabilities: NOT_METERED&INTERNET&NOT_RESTRICTED&TRUSTED&NOT_VPN LinkUpBandwidth>=1048576Kbps LinkDnBandwidth>=1048576Kbps]
10-17 16:20:54.762  3957  4129 D WIFI_UT : evalRequest
10-17 16:20:54.762  4616  4616 D PhoneSwitcherNetworkRequstListener: got request NetworkRequest [ TRACK_DEFAULT id=1591, [ Capabilities: INTERNET&NOT_RESTRICTED&TRUSTED&NOT_VPN] ] with score 100
10-17 16:20:54.762  3957  4129 D WIFI_UT :   needNetworkFor
10-17 16:20:54.762  4616  4616 D PhoneSwitcherNetworkRequstListener:   my score=101, my filter=[ Transports: CELLULAR Capabilities: MMS&SUPL&DUN&FOTA&IMS&CBS&IA&RCS&XCAP&EIMS&INTERNET&NOT_RESTRICTED&TRUSTED&NOT_VPN&ENT1 Specifier: <android.net.MatchAllNetworkSpecifier@0>]
10-17 16:20:54.762  4616  4616 D PhoneSwitcherNetworkRequstListener: evalRequest
10-17 16:20:54.762  4616  4616 D PhoneSwitcherNetworkRequstListener:   needNetworkFor
10-17 16:20:54.765  3957  4157 D ConnectivityService: sending notification CAP_CHANGED for NetworkRequest [ TRACK_DEFAULT id=1591, [ Capabilities: INTERNET&NOT_RESTRICTED&TRUSTED&NOT_VPN] ]
10-17 16:20:54.766  3957  4157 D ConnectivityService: sending notification IP_CHANGED for NetworkRequest [ TRACK_DEFAULT id=1591, [ Capabilities: INTERNET&NOT_RESTRICTED&TRUSTED&NOT_VPN] ]
10-17 16:20:54.766  3957  5414 D ConnectivityService: filterNetworkStateForUid() uid: 10044 networkInfo: [type: WIFI[] - WIFI, state: CONNECTED/CONNECTED, reason: (unspecified), extra: "ourhome", failover: false, available: true, roaming: false, metered: false]
10-17 16:20:54.766  3957  5414 D WifiService: getConnectionInfo uid=1000
10-17 16:20:54.767  3957  5414 D WifiService: getConnectionInfo uid=1000
10-17 16:20:54.785  7748  7935 I Finsky  : [16119] tmv.G(6): getDownloads()
10-17 16:20:54.788  8035  8082 I Finsky:background: [16120] nrj.i(6): getDownloads()
10-17 16:20:54.793  7748  8018 I Finsky  : [16151] qsd.run(251): Installer: Installer starting
10-17 16:20:54.793  7748  8018 I Finsky  : [16151] qsd.run(275): Installer: Installer started
10-17 16:20:54.797  7533  7787 I BatteryMgr:DataCollectionService: stats => 1697552454797,-317,4308,93,0,99
10-17 16:20:54.825  7748  7748 I Finsky  : [2] qur.R(85): Installer: found apps to install. apps=[]
10-17 16:20:54.826  3957  5414 D WifiService: getConnectionInfo uid=1000
10-17 16:20:54.828  3957  5414 D WifiService: getConnectionInfo uid=1000
10-17 16:20:54.835  7748  8086 I Finsky  : [16160] qyo.a(796): IV2: found recoverable installs: []
10-17 16:20:54.847  7748  7748 I Finsky  : [2] scp.onCreate(9): IPC-SERVER: Starting gRPC host service...
10-17 16:20:54.902  7748  8089 I Finsky  : [16163] reg.D(6): IQ: Pruning inactive install requests
10-17 16:20:54.906  7533  7787 I BatteryMgr:DataCollectionService: stats => 1697552454906,-317,4308,93,0,99
10-17 16:20:54.911  7748  8089 I Finsky  : [16163] zxg.<init>(55): Resetting scheduler db
10-17 16:20:54.923  3957  6478 D WifiService: getConnectionInfo uid=1000
10-17 16:20:54.927  7748  7943 I Finsky  : [16122] yqw.accept(377): SCH: Scheduling phonesky job Id: 1-1337, CT: 1697551873078, Constraints: [{ L: 42197804, D: 85397804, C: 1, I: 1, N: 1 }]
10-17 16:20:54.928  7748  7943 I Finsky  : [16122] yqw.accept(377): SCH: Scheduling phonesky job Id: 3-331, CT: 1697551945288, Constraints: [{ L: 0, D: 86400000, C: 2, I: 2, N: 1 }]
10-17 16:20:54.929  7748  7943 I Finsky  : [16122] yqw.accept(377): SCH: Scheduling phonesky job Id: 10-4, CT: 1697551872535, Constraints: [{ L: 1200000, D: 86400000, C: 1, I: 1, N: 1 }]
10-17 16:20:54.929  7748  7943 I Finsky  : [16122] yqw.accept(377): SCH: Scheduling phonesky job Id: 10-11, CT: 1697551872535, Constraints: [{ L: 600000, D: 86400000, C: 1, I: 1, N: 1 }]
10-17 16:20:54.930  7748  7943 I Finsky  : [16122] yqw.accept(377): SCH: Scheduling phonesky job Id: 10-26, CT: 1697551872535, Constraints: [{ L: 600000, D: 86400000, C: 1, I: 1, N: 1 }]
10-17 16:20:54.931  7748  7943 I Finsky  : [16122] yqw.accept(377): SCH: Scheduling phonesky job Id: 10-123, CT: 1697551872536, Constraints: [{ L: 600000, D: 86400000, C: 1, I: 1, N: 1 }]
10-17 16:20:54.931  7748  7943 I Finsky  : [16122] yqw.accept(377): SCH: Scheduling phonesky job Id: 24-77777777, CT: 1697551874271, Constraints: [{ L: 1, D: 82800000, C: 1, I: 2, N: 0 }]
10-17 16:20:54.932  7748  7943 I Finsky  : [16122] yqw.accept(377): SCH: Scheduling phonesky job Id: 26-1414141414, CT: 1697525905960, Constraints: [{ L: 43199989, D: 44099989, C: 1, I: 1, N: 0 }]
10-17 16:20:54.933  7748  7943 I Finsky  : [16122] yqw.accept(377): SCH: Scheduling phonesky job Id: 34-362, CT: 1697551877693, Constraints: [{ L: 604800000, D: 2572059579, C: 2, I: 2, N: 2 }, { L: 604800000, D: 2572059579, C: 1, I: 2, N: 2 }]
10-17 16:20:54.934  7748  7943 I Finsky  : [16122] yqw.accept(377): SCH: Scheduling phonesky job Id: 34-363, CT: 1697551877693, Constraints: [{ L: 53229764, D: 1349229764, C: 1, I: 1, N: 1 }]
10-17 16:20:54.934  7748  7943 I Finsky  : [16122] yqw.accept(377): SCH: Scheduling phonesky job Id: 34-364, CT: 1697551877694, Constraints: [{ L: 10487021, D: 1306487021, C: 2, I: 2, N: 2 }, { L: 10487021, D: 1306487021, C: 1, I: 2, N: 2 }]
10-17 16:20:54.935  7748  7943 I Finsky  : [16122] yqw.accept(377): SCH: Scheduling phonesky job Id: 34-365, CT: 1697551877694, Constraints: [{ L: 71440115, D: 1367440115, C: 1, I: 1, N: 2 }]
10-17 16:20:54.945  7748  7748 I Finsky  : [2] abey.a(9): Connecting InstallListener to SplitInstallService broadcaster...
10-17 16:20:54.958  7748  7910 I Finsky  : [16114] zwv.apply(1036): SCH: Scheduling 0 system job(s)
10-17 16:20:54.966  7748  8092 I Finsky  : [16165] zxa.apply(33): SCH: Canceling job 3-331
10-17 16:20:54.973  7748  7943 I Finsky  : [16122] zwu.a(15): SCH: no pending jobs to schedule.
10-17 16:20:54.988  7748  8089 I Finsky  : [16163] rdv.apply(1416): IQ: Creating job 332, for (REQ_CHARGING, REQ_DEVICE_IDLE, REQ_GEARHEAD_PROJECTION_OFF, NETWORK=ANY, PROVISIONING_STATE=PROVISIONED, BACKUP_MANAGER_STATE=BACKUP_READY, PROCESS_IMPORTANCE_THRESHOLD=125)
10-17 16:20:54.997  7748  8089 I Finsky  : [16163] reg.G(93): IQ: Bulk scheduling created jobs
10-17 16:20:55.002  7748  7965 D NetworkSecurityConfig: No Network Security Config specified, using platform default
10-17 16:20:55.013  7533  7787 I BatteryMgr:DataCollectionService: stats => 1697552455013,-317,4308,93,0,99
10-17 16:20:55.018  7748  7965 I System.out: (HTTPLog)-Static: isSBSettingEnabled false
10-17 16:20:55.018  7748  7965 I System.out: (HTTPLog)-Static: isSBSettingEnabled false
10-17 16:20:55.020  3599  3918 D DnsProxyListener: DNSDBG::dns addrinfo af 0
10-17 16:20:55.125  7533  7787 I BatteryMgr:DataCollectionService: stats => 1697552455125,-317,4308,93,0,99
10-17 16:20:55.192  3957  5414 I chatty  : uid=1000(system) Binder:3957_E identical 4 lines
10-17 16:20:55.192  3957  5414 D WifiService: getConnectionInfo uid=1000
10-17 16:20:55.195  3957  5414 D ConnectivityService: filterNetworkStateForUid() uid: 10044 networkInfo: [type: WIFI[] - WIFI, state: CONNECTED/CONNECTED, reason: (unspecified), extra: "ourhome", failover: false, available: true, roaming: false, metered: false]
10-17 16:20:55.195  3957  5414 D WifiService: getConnectionInfo uid=1000
10-17 16:20:55.210  7748  7948 I Finsky  : [16125] yqw.accept(377): SCH: Scheduling phonesky job Id: 3-332, CT: 1697552454998, Constraints: [{ L: 0, D: 86400000, C: 2, I: 2, N: 1 }]
10-17 16:20:55.224  7748  7935 I Finsky  : [16119] zwv.apply(1036): SCH: Scheduling 0 system job(s)
10-17 16:20:55.240  7533  7787 I BatteryMgr:DataCollectionService: stats => 1697552455240,-317,4308,93,0,99
10-17 16:20:55.296  3957  4128 D WifiService: getConnectionInfo uid=1000
10-17 16:20:55.351  7533  7787 I BatteryMgr:DataCollectionService: stats => 1697552455351,-317,4308,93,0,99
10-17 16:20:55.460  7533  7787 I BatteryMgr:DataCollectionService: stats => 1697552455460,-317,4308,93,0,99
10-17 16:20:55.573  7533  7787 I BatteryMgr:DataCollectionService: stats => 1697552455572,-317,4308,93,0,99
10-17 16:20:55.666  3957  4129 D WifiStateMachine:  ConnectedState !RSSI_PKTCNT_FETCH uid=1000 rt=504468879/1214843043 0 0 "ourhome" f4:6d:2f:12:cc:88 rssi=-47 f=5240 sc=60 link=433 tx=261.6, 13.3, 0.0  rx=320.3 bcn=33575 [on:0 tx:0 rx:0 period:923] from screen [on:154277 period:586847] score=60
10-17 16:20:55.667  3957  4129 D WifiStateMachine:  L2ConnectedState !RSSI_PKTCNT_FETCH uid=1000 rt=504468880/1214843044 0 0 "ourhome" f4:6d:2f:12:cc:88 rssi=-47 f=5240 sc=60 link=433 tx=261.6, 13.3, 0.0  rx=320.3 bcn=33575 [on:0 tx:0 rx:0 period:1] from screen [on:154277 period:586848] score=60
10-17 16:20:55.673  3957  4129 D WifiStateMachine: fetchRssiLinkSpeedAndFrequencyNative rssi=-46 linkspeed=433 freq=5240
10-17 16:20:55.673  3957  4129 V WifiConfigManager: Updating scan detail cache freq=5240 BSSID=f4:6d:2f:12:cc:88 RSSI=-46 for "ourhome"WPA_PSK
10-17 16:20:55.682  7533  7787 I BatteryMgr:DataCollectionService: stats => 1697552455682,-317,4308,93,0,99
10-17 16:20:55.773  3599  3918 D DnsProxyListener: DNSDBG::dns addrinfo af 0
10-17 16:20:55.792  7533  7787 I BatteryMgr:DataCollectionService: stats => 1697552455792,-317,4308,93,0,99
10-17 16:20:55.876  4961  4961 D io_stats: !@ 179,0 r 7597903 243970544 w 1644082 34266848 d 132334 33941316 f 384770 405905 iot 3368980 2948655 th 51200 0 0 pt 0 inp 0 0 504469.090
10-17 16:20:55.884  3957  4030 D SensorService: [SO] 0.129 -0.283 10.008
10-17 16:20:55.901  7533  7787 I BatteryMgr:DataCollectionService: stats => 1697552455901,-317,4308,93,0,99
10-17 16:20:56.013  7533  7787 I BatteryMgr:DataCollectionService: stats => 1697552456013,-317,4308,93,0,99
10-17 16:20:56.121  7533  7787 I BatteryMgr:DataCollectionService: stats => 1697552456121,-317,4308,93,0,99
10-17 16:20:56.238  7533  7787 I BatteryMgr:DataCollectionService: stats => 1697552456238,-317,4308,93,0,99
10-17 16:20:56.298  3957  4128 D WifiService: getConnectionInfo uid=1000
10-17 16:20:56.355  7533  7787 I BatteryMgr:DataCollectionService: stats => 1697552456354,-317,4308,93,0,99
10-17 16:20:56.395  3599  3918 D DnsProxyListener: DNSDBG::dns addrinfo af 0
10-17 16:20:56.395  7771  7842 E vulkan  : invalid vkGetInstanceProcAddr(VK_NULL_HANDLE, "vkEnumerateInstanceVersion") call
10-17 16:20:56.396  7771  7842 E vulkan  : invalid vkGetInstanceProcAddr(VK_NULL_HANDLE, "vkEnumerateInstanceVersion") call
10-17 16:20:56.418  7771  7842 D vulkan  : searching for layers in '/data/app/org.mozilla.fenix-iWpGOrf8cry6RDpwHyQugA==/lib/arm64'
10-17 16:20:56.420  7771  7842 D vulkan  : searching for layers in '/data/app/org.mozilla.fenix-iWpGOrf8cry6RDpwHyQugA==/base.apk!/lib/arm64-v8a'
10-17 16:20:56.441  7771  7842 D vulkan  : vulkan api version_1_0 1.0.0
10-17 16:20:56.441  7771  7842 D vulkan  : vulkan header version 46
10-17 16:20:56.464  7533  7787 I BatteryMgr:DataCollectionService: stats => 1697552456464,-317,4308,93,0,99
10-17 16:20:56.512  3599  3918 D DnsProxyListener: DNSDBG::dns addrinfo af 0
10-17 16:20:56.574  7533  7787 I BatteryMgr:DataCollectionService: stats => 1697552456573,-317,4308,93,0,99
10-17 16:20:56.668  3957  4129 D WifiStateMachine:  ConnectedState !RSSI_PKTCNT_FETCH uid=1000 rt=504469880/1214844044 0 0 "ourhome" f4:6d:2f:12:cc:88 rssi=-46 f=5240 sc=60 link=433 tx=261.6, 13.3, 0.0  rx=320.3 bcn=33575 [on:0 tx:0 rx:0 period:1001] from screen [on:154277 period:587849] score=60
10-17 16:20:56.669  3957  4129 D WifiStateMachine:  L2ConnectedState !RSSI_PKTCNT_FETCH uid=1000 rt=504469882/1214844047 0 0 "ourhome" f4:6d:2f:12:cc:88 rssi=-46 f=5240 sc=60 link=433 tx=261.6, 13.3, 0.0  rx=320.3 bcn=33575 [on:0 tx:0 rx:0 period:1] from screen [on:154277 period:587850] score=60
10-17 16:20:56.670  3957  4129 D WifiStateMachine: fetchRssiLinkSpeedAndFrequencyNative rssi=-47 linkspeed=433 freq=5240
10-17 16:20:56.670  3957  4129 V WifiConfigManager: Updating scan detail cache freq=5240 BSSID=f4:6d:2f:12:cc:88 RSSI=-46 for "ourhome"WPA_PSK
10-17 16:20:56.681  7533  7787 I BatteryMgr:DataCollectionService: stats => 1697552456680,-317,4308,93,0,99
10-17 16:20:56.703  7577  7577 I GeckoSession: handleMessage GeckoView:PageStop uri=null
10-17 16:20:56.707  7577  7619 I SessionStorage/AutoSave: Save: Load finished
10-17 16:20:56.788  7533  7787 I BatteryMgr:DataCollectionService: stats => 1697552456788,-317,4308,93,0,99
10-17 16:20:56.895  7533  7787 I BatteryMgr:DataCollectionService: stats => 1697552456894,-317,4308,93,0,99
10-17 16:20:57.003  7533  7787 I BatteryMgr:DataCollectionService: stats => 1697552457003,-317,4308,93,0,99
10-17 16:20:57.049  2479  2548 D ScanRecord: Not a Multi Manu data
10-17 16:20:57.088  2479  2548 I chatty  : uid=1002(bluetooth) BT Service Call identical 76 lines
10-17 16:20:57.088  2479  2548 D ScanRecord: Not a Multi Manu data
10-17 16:20:57.110  7533  7787 I BatteryMgr:DataCollectionService: stats => 1697552457110,-317,4308,93,0,99
10-17 16:20:57.110  2479  2548 D ScanRecord: Not a Multi Manu data
10-17 16:20:57.205  2479  2548 I chatty  : uid=1002(bluetooth) BT Service Call identical 128 lines
10-17 16:20:57.205  2479  2548 D ScanRecord: Not a Multi Manu data
10-17 16:20:57.216  7533  7787 I BatteryMgr:DataCollectionService: stats => 1697552457216,-317,4308,93,0,99
10-17 16:20:57.219  2479  2548 D ScanRecord: Not a Multi Manu data
10-17 16:20:57.221  2479  2548 I chatty  : uid=1002(bluetooth) BT Service Call identical 24 lines
10-17 16:20:57.221  2479  2548 D ScanRecord: Not a Multi Manu data
10-17 16:20:57.226  3559  3559 E audit   : type=1400 audit(1697552457.222:4281): avc:  denied  { read } for  pid=8110 comm="pool-37-thread-" name="version" dev="proc" ino=4026532182 scontext=u:r:untrusted_app:s0:c512,c768 tcontext=u:object_r:proc:s0 tclass=file permissive=0 SEPF_SM-J720F_8.0.0_0002 audit_filtered
10-17 16:20:57.227  3559  3559 E audit   : type=1300 audit(1697552457.222:4281): arch=c00000b7 syscall=48 success=no exit=-13 a0=ffffff9c a1=74d28bf950 a2=4 a3=0 items=0 ppid=3579 pid=8110 auid=4294967295 uid=10169 gid=10169 euid=10169 suid=10169 fsuid=10169 egid=10169 sgid=10169 fsgid=10169 tty=(none) ses=4294967295 comm="pool-37-thread-" exe="/system/bin/app_process64" subj=u:r:untrusted_app:s0:c512,c768 key=(null)
10-17 16:20:57.227  3559  3559 E audit   : type=1327 audit(1697552457.222:4281): proctitle="org.mozilla.fenix"
10-17 16:20:57.241  7577  7577 D ConnectivityManager: requestNetwork; CallingUid : 10169, CallingPid : 7577
10-17 16:20:57.242  3957  4653 D ConnectivityService: requestNetwork for uid/pid:10169/7577 NetworkRequest [ TRACK_DEFAULT id=1592, [ Capabilities: INTERNET&NOT_RESTRICTED&TRUSTED&NOT_VPN] ]
10-17 16:20:57.242  3957  4157 D ConnectivityService: rematching NetworkAgentInfo [WIFI () - 508]
10-17 16:20:57.242  3957  4157 D ConnectivityService:  network has: [ Transports: WIFI Capabilities: NOT_METERED&INTERNET&NOT_RESTRICTED&TRUSTED&NOT_VPN&VALIDATED&FOREGROUND LinkUpBandwidth>=1048576Kbps LinkDnBandwidth>=1048576Kbps SignalStrength: -51]
10-17 16:20:57.243  3957  4157 D ConnectivityService:   checking if request is satisfied: NetworkRequest [ TRACK_DEFAULT id=1592, [ Capabilities: INTERNET&NOT_RESTRICTED&TRUSTED&NOT_VPN] ]
10-17 16:20:57.243  3957  4157 D ConnectivityService: currentScore = 0, newScore = 100
10-17 16:20:57.243  3957  4157 D ConnectivityService: rematch for NetworkAgentInfo [WIFI () - 508]
10-17 16:20:57.243  3957  4157 D ConnectivityService:    accepting network in place of null
10-17 16:20:57.243  3957  4157 D ConnectivityService: sending new Min Network Score(100): NetworkRequest [ TRACK_DEFAULT id=1592, [ Capabilities: INTERNET&NOT_RESTRICTED&TRUSTED&NOT_VPN] ]
10-17 16:20:57.243  3957  4313 D Ethernet: got request NetworkRequest [ TRACK_DEFAULT id=1592, [ Capabilities: INTERNET&NOT_RESTRICTED&TRUSTED&NOT_VPN] ] with score 100
10-17 16:20:57.243  3957  4313 D Ethernet:   my score=-1, my filter=[ Transports: ETHERNET Capabilities: INTERNET&NOT_RESTRICTED&TRUSTED&NOT_VPN LinkUpBandwidth>=100000Kbps LinkDnBandwidth>=100000Kbps]
10-17 16:20:57.243  3957  4157 D ConnectivityService: MultiNetwork Request(TransportType - Wi-Fi request). Internet Capability doesn't required (false)
10-17 16:20:57.243  3957  4313 D Ethernet: evalRequest
10-17 16:20:57.243  3957  4313 D Ethernet:   done
10-17 16:20:57.244  3957  4157 D ConnectivityService: Network NetworkAgentInfo [WIFI () - 508] was already satisfying request 1. No change.
10-17 16:20:57.244  3957  4157 D ConnectivityService: Network NetworkAgentInfo [WIFI () - 508] was already satisfying request 1591. No change.
10-17 16:20:57.244  3957  4157 D ConnectivityService: Network NetworkAgentInfo [WIFI () - 508] was already satisfying request 3. No change.
10-17 16:20:57.244  3957  4157 D ConnectivityService: Network NetworkAgentInfo [WIFI () - 508] was already satisfying request 1587. No change.
10-17 16:20:57.244  3957  4157 D ConnectivityService: sending notification AVAILABLE for NetworkRequest [ TRACK_DEFAULT id=1592, [ Capabilities: INTERNET&NOT_RESTRICTED&TRUSTED&NOT_VPN] ]
10-17 16:20:57.244  4616  4616 D PhoneSwitcherNetworkRequstListener: got request NetworkRequest [ TRACK_DEFAULT id=1592, [ Capabilities: INTERNET&NOT_RESTRICTED&TRUSTED&NOT_VPN] ] with score 100
10-17 16:20:57.244  3957  4157 D ConnectivityService: sending notification CAP_CHANGED for NetworkRequest [ TRACK_DEFAULT id=1592, [ Capabilities: INTERNET&NOT_RESTRICTED&TRUSTED&NOT_VPN] ]
10-17 16:20:57.244  4616  4616 D PhoneSwitcherNetworkRequstListener:   my score=101, my filter=[ Transports: CELLULAR Capabilities: MMS&SUPL&DUN&FOTA&IMS&CBS&IA&RCS&XCAP&EIMS&INTERNET&NOT_RESTRICTED&TRUSTED&NOT_VPN&ENT1 Specifier: <android.net.MatchAllNetworkSpecifier@0>]
10-17 16:20:57.244  4616  4616 D PhoneSwitcherNetworkRequstListener: evalRequest
10-17 16:20:57.244  4616  4616 D PhoneSwitcherNetworkRequstListener:   needNetworkFor
10-17 16:20:57.245  3957  4153 D WIFI_P2P: got request NetworkRequest [ TRACK_DEFAULT id=1592, [ Capabilities: INTERNET&NOT_RESTRICTED&TRUSTED&NOT_VPN] ] with score 100
10-17 16:20:57.245  3957  4153 D WIFI_P2P:   my score=60, my filter=[ Transports: WIFI Capabilities: WIFI_P2P&NOT_RESTRICTED&TRUSTED&NOT_VPN LinkUpBandwidth>=1048576Kbps LinkDnBandwidth>=1048576Kbps]
10-17 16:20:57.245  3957  4153 D WIFI_P2P: evalRequest
10-17 16:20:57.245  3957  4153 D WIFI_P2P:   done
10-17 16:20:57.245  3957  4129 D WIFI    : got request NetworkRequest [ TRACK_DEFAULT id=1592, [ Capabilities: INTERNET&NOT_RESTRICTED&TRUSTED&NOT_VPN] ] with score 100
10-17 16:20:57.245  3957  4129 D WIFI    :   my score=60, my filter=[ Transports: WIFI Capabilities: NOT_METERED&INTERNET&NOT_RESTRICTED&TRUSTED&NOT_VPN LinkUpBandwidth>=1048576Kbps LinkDnBandwidth>=1048576Kbps]
10-17 16:20:57.245  3957  4129 D WIFI    : evalRequest
10-17 16:20:57.245  3957  4129 D WIFI    :   done
10-17 16:20:57.245  3957  4129 D WIFI_UT : got request NetworkRequest [ TRACK_DEFAULT id=1592, [ Capabilities: INTERNET&NOT_RESTRICTED&TRUSTED&NOT_VPN] ] with score 100
10-17 16:20:57.246  3957  4157 D ConnectivityService: sending notification IP_CHANGED for NetworkRequest [ TRACK_DEFAULT id=1592, [ Capabilities: INTERNET&NOT_RESTRICTED&TRUSTED&NOT_VPN] ]
10-17 16:20:57.246  3957  4129 D WIFI_UT :   my score=2147483647, my filter=[ Transports: WIFI Capabilities: NOT_METERED&INTERNET&NOT_RESTRICTED&TRUSTED&NOT_VPN LinkUpBandwidth>=1048576Kbps LinkDnBandwidth>=1048576Kbps]
10-17 16:20:57.246  3957  4129 D WIFI_UT : evalRequest
10-17 16:20:57.246  3957  4129 D WIFI_UT :   needNetworkFor
10-17 16:20:57.248  3957  4653 D ConnectivityService: filterNetworkStateForUid() uid: 10169 networkInfo: [type: WIFI[] - WIFI, state: CONNECTED/CONNECTED, reason: (unspecified), extra: "ourhome", failover: false, available: true, roaming: false, metered: false]
10-17 16:20:57.248  3957  4653 D WifiService: getConnectionInfo uid=1000
10-17 16:20:57.248  2479  2548 D ScanRecord: Not a Multi Manu data
10-17 16:20:57.248  2479  2548 I chatty  : uid=1002(bluetooth) BT Service Call identical 11 lines
10-17 16:20:57.248  2479  2548 D ScanRecord: Not a Multi Manu data
10-17 16:20:57.250  7577  8116 D NetworkSecurityConfig: No Network Security Config specified, using platform default
10-17 16:20:57.253  2479  2548 D ScanRecord: Not a Multi Manu data
10-17 16:20:57.257  2479  2548 I chatty  : uid=1002(bluetooth) BT Service Call identical 37 lines
10-17 16:20:57.257  2479  2548 D ScanRecord: Not a Multi Manu data
10-17 16:20:57.259  7577  7577 I glean/Glean: Registering pings for org.mozilla.fenix.GleanMetrics.Pings
10-17 16:20:57.263  7577  8116 I System.out: (HTTPLog)-Static: isSBSettingEnabled false
10-17 16:20:57.263  2479  2548 D ScanRecord: Not a Multi Manu data
10-17 16:20:57.263  2479  2548 I chatty  : uid=1002(bluetooth) BT Service Call identical 10 lines
10-17 16:20:57.263  2479  2548 D ScanRecord: Not a Multi Manu data
10-17 16:20:57.263  7577  8116 I System.out: (HTTPLog)-Static: isSBSettingEnabled false
10-17 16:20:57.263  2479  2548 D ScanRecord: Not a Multi Manu data
10-17 16:20:57.265  3599  3918 D DnsProxyListener: DNSDBG::dns addrinfo af 0
10-17 16:20:57.265  7577  7619 I FenixApplication: Running post-visual completeness tasks...
10-17 16:20:57.265  7577  7619 I FenixApplication: Storage initialization...
10-17 16:20:57.265  7577  7619 I PlacesHistoryStorage: Warming up places storage...
10-17 16:20:57.266  7577  7619 I PlacesHistoryStorage: 'Warming up places storage' took 0 ms
10-17 16:20:57.266  7577  7619 I PlacesBookmarksStorage: Warming up places storage...
10-17 16:20:57.266  7577  7619 I PlacesBookmarksStorage: 'Warming up places storage' took 0 ms
10-17 16:20:57.267  7577  7619 I SyncableLoginsStorage: Warming up storage...
10-17 16:20:57.267  7577  7619 I SyncableLoginsStorage: 'Warming up storage' took 0 ms
10-17 16:20:57.268  7577  7619 I AutofillCCAddressesStorage: Warming up storage...
10-17 16:20:57.268  7577  7619 I AutofillCCAddressesStorage: 'Warming up storage' took 0 ms
10-17 16:20:57.270  2479  2548 D ScanRecord: Not a Multi Manu data
10-17 16:20:57.273  2479  2548 I chatty  : uid=1002(bluetooth) BT Service Call identical 24 lines
10-17 16:20:57.273  7577  7577 I ColdStartupDuration: COLD MAIN Application.<init> to first frame: 1071 ms
10-17 16:20:57.273  2479  2548 D ScanRecord: Not a Multi Manu data
10-17 16:20:57.274  7577  7577 I FenixApplication: Kicking-off account manager...
10-17 16:20:57.274  7577  7577 I FenixApplication: 'Kicking-off account manager' took 0 ms
10-17 16:20:57.277  2479  2548 D ScanRecord: Not a Multi Manu data
10-17 16:20:57.277  2479  2548 I chatty  : uid=1002(bluetooth) BT Service Call identical 11 lines
10-17 16:20:57.277  2479  2548 D ScanRecord: Not a Multi Manu data
