10-17 16:20:52.295  3957  3981 D CustomFrequencyManagerService: releaseDVFSLockLocked : Getting Lock type frm List : DVFS_MIN_LIMIT  frequency : 1560000  uid : 1000  pid : 3957  tag : AMS_APP_SWITCH@CPU_MIN@52
10-17 16:20:52.295  3957  4653 D InputMethodManagerService: startInputOrWindowGainedFocus : windowGainedFocus 
10-17 16:20:52.295  3957  4653 D InputMethodManagerService: windowGainedFocus: destinationUserId (getCallingUid) = 0
10-17 16:20:52.295  3957  4653 D InputMethodManagerService: windowGainedFocus: currentUserId=0
10-17 16:20:52.295  3957  4653 D InputMethodManagerService: windowGainedFocus: mCurrentFocusedUserId=0
10-17 16:20:52.295  3957  3981 D ActivityManagerPerformance: AMP_release() APP_SWITCH
10-17 16:20:52.295  3957  4653 D InputMethodManagerService: windowGainedFocus : lock - currentUserId = 0 destinationUserId = 0
10-17 16:20:52.296  3957  4653 D InputMethodManagerService: windowGainedFocus : mCurrentFocusedUserId - 0 and mSecureKeypadEnabled - false, userSwitched - false
10-17 16:20:52.296  3957  4653 V InputMethodManagerService: windowGainedFocus : reason=WINDOW_FOCUS_GAIN client=android.os.BinderProxy@4f94a74 inputContext=null missingMethods= attribute=android.view.inputmethod.EditorInfo@ca84155 nm = org.mozilla.fenix controlFlags=#104 softInputMode=#110 windowFlags=#81010100
10-17 16:20:52.296  3957  4653 V InputMethodManagerService: hideCurrentInputLocked : shouldHideSoftInput is false
10-17 16:20:52.297  2479  2548 D ScanRecord: Not a Multi Manu data
10-17 16:20:52.297  2479  2548 I chatty  : uid=1002(bluetooth) BT Service Call identical 11 lines
10-17 16:20:52.297  2479  2548 D ScanRecord: Not a Multi Manu data
10-17 16:20:52.297  3957  4653 D InputMethodManagerService: isImeSwitcherDisabledPackage : false
10-17 16:20:52.297  3957  4653 V InputMethodManagerService: Creating new session for client ClientState{449e76a uid 10169 pid 7577}
10-17 16:20:52.300  3957  4653 D InputMethodManagerService: setCurrentInputInfo - inputContext : null eidtorInfo : android.view.inputmethod.EditorInfo@ca84155 missingMethods : 0
10-17 16:20:52.300  2764  2764 I InputMethodWrapper:  call dispatchStartInputWithToken
10-17 16:20:52.301  2764  2764 I InputMethodService: dispatchStartInputWithToken
10-17 16:20:52.301  2764  2764 I SKBD    : SamsungKeypad [IMI] onStartInput - caller pid : 7577, caller uid : 10169
10-17 16:20:52.302  7577  7765 I libglean_ffi: glean_core::upload: New upload task with id d9bdae45-4c16-46a0-bd61-cb251e22eca6 (path: /submit/org-mozilla-fenix/events/1/d9bdae45-4c16-46a0-bd61-cb251e22eca6)
10-17 16:20:52.306  7748  7748 D TimaKeyStoreProvider: TimaKeyStore is not enabled: cannot add TimaSignature Service and generateKeyPair Service
10-17 16:20:52.306  7748  7748 D ActivityThread: Added TimaKeyStore provider
10-17 16:20:52.308  2479  2548 D ScanRecord: Not a Multi Manu data
10-17 16:20:52.308  2479  2548 I chatty  : uid=1002(bluetooth) BT Service Call identical 11 lines
10-17 16:20:52.308  2479  2548 D ScanRecord: Not a Multi Manu data
10-17 16:20:52.308  3957  5414 I ActivityManager: DSS on for com.android.vending and scale is 1.0
10-17 16:20:52.313  7577  7577 V InputMethodManager: Starting input: tba=android.view.inputmethod.EditorInfo@4ad9d22 nm : org.mozilla.fenix ic=null
10-17 16:20:52.315  2479  2548 D ScanRecord: Not a Multi Manu data
10-17 16:20:52.317  3957  4653 D StorageManagerService: getExternalStorageMountMode : 1
10-17 16:20:52.328  3957  4653 D StorageManagerService: getExternalStorageMountMode : 3
10-17 16:20:52.328  3957  4653 D StorageManagerService: getExternalStorageMountMode : final mountMode=1, uid : 10169, packageName : org.mozilla.fenix
10-17 16:20:52.329  2479  2548 I chatty  : uid=1002(bluetooth) BT Service Call identical 37 lines
10-17 16:20:52.329  2479  2548 D ScanRecord: Not a Multi Manu data
10-17 16:20:52.329  3957  4653 I ApplicationPolicy: isApplicationExternalStorageWhitelisted:org.mozilla.fenix user:0
10-17 16:20:52.329  3957  4653 D ApplicationPolicy: isApplicationExternalStorageWhitelisted: DO is not enabled on user 0. Allowed.
10-17 16:20:52.329  3957  4653 D ActivityManager: package  org.mozilla.fenix, user - 0 is SDcard whitelisted
10-17 16:20:52.329  3957  4653 I ApplicationPolicy: isApplicationExternalStorageBlacklisted:org.mozilla.fenix user:0
10-17 16:20:52.329  3957  4653 D ApplicationPolicy: isApplicationExternalStorageBlacklisted: DO is not enabled on user 0. Allowed.
10-17 16:20:52.329  3447  3447 I SurfaceFlinger: Display 0 HWC layers:
10-17 16:20:52.329  3447  3447 I SurfaceFlinger:     type    |    handle    | flag |  format   |   source crop (l,t,r,b)    |         frame       | name 
10-17 16:20:52.329  3447  3447 I SurfaceFlinger: ------------+--------------+------+-----------+----------------------------+---------------------+------
10-17 16:20:52.329  3447  3447 I SurfaceFlinger:      Device | 0x7ea5024600 | 0000 | RGBA_8888 |   0.0    0.0  720.0 1280.0 |    0    0  720 1280 | org.mozilla.fenix/org.mozilla.fenix.App#0
10-17 16:20:52.329  3447  3447 I SurfaceFlinger:      Device | 0x7ea50243c0 | 0000 | RGBA_8888 |   0.0    0.0  720.0 1280.0 |    0    0  720 1280 | Splash Screen org.mozilla.fenix#0
10-17 16:20:52.329  3447  3447 I SurfaceFlinger:      Device | 0x7e9ed37600 | 0000 | RGBA_8888 |   0.0    0.0  720.0   42.0 |    0    0  720   42 | StatusBar#0
10-17 16:20:52.329  3447  3447 I SurfaceFlinger: 
10-17 16:20:52.333  2479  2548 D ScanRecord: Not a Multi Manu data
10-17 16:20:52.340  2479  2548 I chatty  : uid=1002(bluetooth) BT Service Call identical 36 lines
10-17 16:20:52.340  2479  2548 D ScanRecord: Not a Multi Manu data
10-17 16:20:52.340  7771  7771 E Zygote  : isWhitelistProcess - Process is Whitelisted
10-17 16:20:52.340  2479  2548 D ScanRecord: Not a Multi Manu data
10-17 16:20:52.341  7771  7771 E libpersona: scanKnoxPersonas
10-17 16:20:52.341  3957  4653 I ActivityManager: Start proc 7771:org.mozilla.fenix:gpu/u0a169 for service org.mozilla.fenix/org.mozilla.gecko.process.GeckoChildProcessServices$gpu
10-17 16:20:52.341  7771  7771 E libpersona: Couldn't open the File - /data/system/users/0/personalist.xml - No such file or directory
10-17 16:20:52.342  7771  7771 W SELinux : SELinux selinux_android_compute_policy_index : Policy Index[2],  Con:u:r:zygote:s0 RAM:SEPF_SM-J720F_8.0.0_0002, [-1 -1 -1 -1 0 1]
10-17 16:20:52.343  7771  7771 I SELinux : SELinux: seapp_context_lookup: seinfo=untrusted, level=s0:c512,c768, pkgname=org.mozilla.fenix:gpu 
10-17 16:20:52.343  2479  2548 D ScanRecord: Not a Multi Manu data
10-17 16:20:52.344  2479  2548 I chatty  : uid=1002(bluetooth) BT Service Call identical 11 lines
10-17 16:20:52.344  2479  2548 D ScanRecord: Not a Multi Manu data
10-17 16:20:52.349  7533  7533 I BatteryMgr:DataCollectionService: onStartCommand: begin
10-17 16:20:52.350  7533  7533 I BatteryMgr:DataCollectionService: onStartCommand: sampleRate => 100
10-17 16:20:52.351  7748  7748 I zygote64: no shared libraies, dex_files: 1
10-17 16:20:52.351  7533  7533 I BatteryMgr:DataCollectionService: onStartCommand: rawFields => Timestamp,BATTERY_PROPERTY_CURRENT_NOW,EXTRA_VOLTAGE,BATTERY_PROPERTY_CURRENT_AVERAGE,BATTERY_PROPERTY_CHARGE_COUNTER,BATTERY_PROPERTY_CAPACITY
10-17 16:20:52.354  7533  7533 I BatteryMgr:DataCollectionService: onStartCommand: notification done
10-17 16:20:52.355  7533  7533 D Notification: allPendingIntents
10-17 16:20:52.356  7533  7533 I BatteryMgr:DataCollectionService: started foreground
10-17 16:20:52.359  7577  7607 W linker  : "/data/app/org.mozilla.fenix-iWpGOrf8cry6RDpwHyQugA==/lib/arm64/libsoftokn3.so" unused DT entry: type 0x8000024 arg 0x2580
10-17 16:20:52.359  7577  7607 W linker  : "/data/app/org.mozilla.fenix-iWpGOrf8cry6RDpwHyQugA==/lib/arm64/libsoftokn3.so" unused DT entry: type 0x8000023 arg 0x70
10-17 16:20:52.360  7577  7607 W linker  : "/data/app/org.mozilla.fenix-iWpGOrf8cry6RDpwHyQugA==/lib/arm64/libsoftokn3.so" unused DT entry: type 0x8000025 arg 0x8
10-17 16:20:52.362  3957  3972 D ApplicationPolicy: isStatusBarNotificationAllowedAsUser: packageName = com.example.batterymanager_utility,userId = 0
10-17 16:20:52.362  2848  2848 E adbd    : recv: OPEN 0000023f 00000000 0042:73 68 65 6C 6C 2C 76 32 2C 54 45 52 4D 3D 78 74 65 72 6D 2D 32 35 36 63 6F 6C 6F 72 2C 72 61 77 3A 67 65 74 70 72 6F 70 20 72 6F 2E 62 75 69 6C 64 2E 76 65 72 73 69 6F 6E 2E 72 65 6C 65 61 73 65 00 
10-17 16:20:52.362  2848  2848 E adbd    : service_to_fd: shell,v2,TERM=xterm-256color,raw:getprop ro.build.version.release
10-17 16:20:52.365  3957  3972 D API test: getContainerInfo: value is 
10-17 16:20:52.365  2479  2548 D ScanRecord: Not a Multi Manu data
10-17 16:20:52.366  2479  2548 I chatty  : uid=1002(bluetooth) BT Service Call identical 11 lines
10-17 16:20:52.366  2479  2548 D ScanRecord: Not a Multi Manu data
10-17 16:20:52.367  3957  3972 D ApplicationPolicy: isStatusBarNotificationAllowedAsUser: packageName = com.example.batterymanager_utility,userId = 0
10-17 16:20:52.367  7533  7787 I BatteryMgr:DataCollectionService: collectData: begin
10-17 16:20:52.367  3957  3972 D API test: getContainerInfo: value is 
10-17 16:20:52.370  7577  7607 W linker  : "/data/app/org.mozilla.fenix-iWpGOrf8cry6RDpwHyQugA==/lib/arm64/libfreebl3.so" unused DT entry: type 0x8000024 arg 0xe78
10-17 16:20:52.370  7577  7607 W linker  : "/data/app/org.mozilla.fenix-iWpGOrf8cry6RDpwHyQugA==/lib/arm64/libfreebl3.so" unused DT entry: type 0x8000023 arg 0x68
10-17 16:20:52.370  7577  7607 W linker  : "/data/app/org.mozilla.fenix-iWpGOrf8cry6RDpwHyQugA==/lib/arm64/libfreebl3.so" unused DT entry: type 0x8000025 arg 0x8
10-17 16:20:52.371  2479  2548 D ScanRecord: Not a Multi Manu data
10-17 16:20:52.373  2479  2548 I chatty  : uid=1002(bluetooth) BT Service Call identical 24 lines
10-17 16:20:52.373  2479  2548 D ScanRecord: Not a Multi Manu data
10-17 16:20:52.375  3957  3957 I AccessibilityManagerService: semOnLightNotification(null), bIsFlashOn : false
10-17 16:20:52.375  3957  3957 D AccessibilityManagerService: Can't use light notification
10-17 16:20:52.379  7533  7787 I BatteryMgr:DataCollectionService: stats => 1697552452379,338,4308,314,0,99
10-17 16:20:52.381  7771  7771 D TimaKeyStoreProvider: TimaKeyStore is not enabled: cannot add TimaSignature Service and generateKeyPair Service
10-17 16:20:52.381  7771  7771 D ActivityThread: Added TimaKeyStore provider
10-17 16:20:52.384  3957 12007 I ActivityManager: DSS on for org.mozilla.fenix and scale is 1.0
10-17 16:20:52.386  2479  2548 D ScanRecord: Not a Multi Manu data
10-17 16:20:52.397  2479  2548 I chatty  : uid=1002(bluetooth) BT Service Call identical 24 lines
10-17 16:20:52.397  2479  2548 D ScanRecord: Not a Multi Manu data
10-17 16:20:52.397  3957  3957 D AudioService: getStreamVolume 5 index 110
10-17 16:20:52.400  3957 12007 D Notification: allPendingIntents
10-17 16:20:52.401  4340  4340 D StatusBar: addNotification key=0|com.example.batterymanager_utility|1|null|10170 fullscreen:false
10-17 16:20:52.402  3957 12007 D Notification: allPendingIntents
10-17 16:20:52.404  2479  2548 D ScanRecord: Not a Multi Manu data
10-17 16:20:52.412  2479  2548 I chatty  : uid=1002(bluetooth) BT Service Call identical 24 lines
10-17 16:20:52.412  2479  2548 D ScanRecord: Not a Multi Manu data
10-17 16:20:52.414  7771  7771 I zygote64: no shared libraies, dex_files: 1
10-17 16:20:52.415  2479  2548 D ScanRecord: Not a Multi Manu data
10-17 16:20:52.416  2479  2548 I chatty  : uid=1002(bluetooth) BT Service Call identical 11 lines
10-17 16:20:52.416  2479  2548 D ScanRecord: Not a Multi Manu data
10-17 16:20:52.417  7577  7577 D skia    : approximate: numPoints=40, lengths[39]=620.200073, totalLength=620.200073, segmentPoints[39]=[422.600037,0.000000]
10-17 16:20:52.417  7577  7577 D skia    : approximate: approximation[117]=1.000000, approximation[118]=422.600037, approximation[119]=0.000000
10-17 16:20:52.418  7577  7577 D skia    : approximate: numPoints=4, lengths[3]=3.448155, totalLength=3.448155, segmentPoints[3]=[3.000000,0.100000]
10-17 16:20:52.418  7577  7577 D skia    : approximate: approximation[9]=1.000000, approximation[10]=3.000000, approximation[11]=0.100000
10-17 16:20:52.420  7577  7577 D skia    : approximate: numPoints=37, lengths[36]=722.199951, totalLength=722.199951, segmentPoints[36]=[199.600006,0.000000]
10-17 16:20:52.420  7577  7577 D skia    : approximate: approximation[108]=1.000000, approximation[109]=199.600006, approximation[110]=0.000000
10-17 16:20:52.421  2479  2548 D ScanRecord: Not a Multi Manu data
10-17 16:20:52.421  7577  7577 D skia    : approximate: numPoints=3, lengths[2]=2.472497, totalLength=2.472497, segmentPoints[2]=[2.000000,0.100000]
10-17 16:20:52.421  2479  2548 D ScanRecord: Not a Multi Manu data
10-17 16:20:52.421  2479  2548 D ScanRecord: Not a Multi Manu data
10-17 16:20:52.421  7577  7577 D skia    : approximate: approximation[6]=1.000000, approximation[7]=2.000000, approximation[8]=0.100000
10-17 16:20:52.421  2479  2548 D ScanRecord: Not a Multi Manu data
10-17 16:20:52.422  2479  2548 I chatty  : uid=1002(bluetooth) BT Service Call identical 8 lines
10-17 16:20:52.422  2479  2548 D ScanRecord: Not a Multi Manu data
10-17 16:20:52.429  7577  7577 V InputMethodManager: Starting input: tba=android.view.inputmethod.EditorInfo@620342e nm : org.mozilla.fenix ic=null
10-17 16:20:52.430  7577  7577 I InputMethodManager: startInputInner - mService.startInputOrWindowGainedFocus
10-17 16:20:52.430  3957 12007 D InputMethodManagerService: startInputOrWindowGainedFocus : startInput 
10-17 16:20:52.430  2479  2548 D ScanRecord: Not a Multi Manu data
10-17 16:20:52.430  2848  2848 E adbd    : recv: OPEN 00000243 00000000 003e:73 68 65 6C 6C 2C 76 32 2C 54 45 52 4D 3D 78 74 65 72 6D 2D 32 35 36 63 6F 6C 6F 72 2C 72 61 77 3A 67 65 74 70 72 6F 70 20 72 6F 2E 62 75 69 6C 64 2E 76 65 72 73 69 6F 6E 2E 73 64 6B 00 
10-17 16:20:52.430  2479  2548 I chatty  : uid=1002(bluetooth) BT Service Call expire 8 lines
10-17 16:20:52.430  2479  2548 D ScanRecord: Not a Multi Manu data
10-17 16:20:52.430  2479  2548 D ScanRecord: Not a Multi Manu data
10-17 16:20:52.430  2848  2848 E adbd    : service_to_fd: shell,v2,TERM=xterm-256color,raw:getprop ro.build.version.sdk
10-17 16:20:52.430  2479  2548 D ScanRecord: Not a Multi Manu data
10-17 16:20:52.430  2479  2548 D ScanRecord: Not a Multi Manu data
10-17 16:20:52.431  3957 12007 D InputMethodManagerService: setCurrentInputInfo - inputContext : null eidtorInfo : android.view.inputmethod.EditorInfo@cb5aa2f missingMethods : 0
10-17 16:20:52.431  2764  2764 I InputMethodWrapper:  call dispatchStartInputWithToken
10-17 16:20:52.431  2764  2764 I InputMethodService: dispatchStartInputWithToken
10-17 16:20:52.432  2764  2764 I SKBD    : SamsungKeypad [IMI] onStartInput - caller pid : 7577, caller uid : 10169
10-17 16:20:52.433  7577  7733 W linker  : "/data/app/org.mozilla.fenix-iWpGOrf8cry6RDpwHyQugA==/lib/arm64/libnssckbi.so" unused DT entry: type 0x8000024 arg 0xc08
10-17 16:20:52.433  7577  7733 W linker  : "/data/app/org.mozilla.fenix-iWpGOrf8cry6RDpwHyQugA==/lib/arm64/libnssckbi.so" unused DT entry: type 0x8000023 arg 0x258
10-17 16:20:52.433  7577  7733 W linker  : "/data/app/org.mozilla.fenix-iWpGOrf8cry6RDpwHyQugA==/lib/arm64/libnssckbi.so" unused DT entry: type 0x8000025 arg 0x8
10-17 16:20:52.439  2479  2548 D ScanRecord: Not a Multi Manu data
10-17 16:20:52.456  2479  2548 I chatty  : uid=1002(bluetooth) BT Service Call identical 76 lines
10-17 16:20:52.456  2479  2548 D ScanRecord: Not a Multi Manu data
10-17 16:20:52.461  3957  4025 I WindowManager: Destroying surface Surface(name=Splash Screen org.mozilla.fenix) called by com.android.server.wm.WindowStateAnimator.destroySurface:2501 com.android.server.wm.WindowStateAnimator.destroySurfaceLocked:985 com.android.server.wm.WindowState.destroyOrSaveSurfaceUnchecked:3670 com.android.server.wm.WindowState.destroySurface:3618 com.android.server.wm.AppWindowToken.destroySurfaces:722 com.android.server.wm.AppWindowToken.destroySurfaces:706 com.android.server.wm.WindowState.onExitAnimationDone:5316 com.android.server.wm.WindowStateAnimator.stepAnimationLocked:550 
10-17 16:20:52.461  3447  5168 I SurfaceFlinger: id=2699 Removed Splash Screen org.mozilla.fenix#0 (3/5)
10-17 16:20:52.461  3447  3447 I SurfaceFlinger: Display 0 HWC layers:
10-17 16:20:52.461  3447  3447 I SurfaceFlinger:     type    |    handle    | flag |  format   |   source crop (l,t,r,b)    |         frame       | name 
10-17 16:20:52.461  3447  3447 I SurfaceFlinger: ------------+--------------+------+-----------+----------------------------+---------------------+------
10-17 16:20:52.461  3447  3447 I SurfaceFlinger:      Device | 0x7ea5024600 | 0000 | RGBA_8888 |   0.0    0.0  720.0 1280.0 |    0    0  720 1280 | org.mozilla.fenix/org.mozilla.fenix.App#0
10-17 16:20:52.461  3447  3447 I SurfaceFlinger:      Device | 0x7e9ecdee00 | 0000 | RGBA_8888 |   0.0    0.0  720.0   42.0 |    0    0  720   42 | StatusBar#0
10-17 16:20:52.461  3447  3447 I SurfaceFlinger: 
10-17 16:20:52.465  2479  2548 D ScanRecord: Not a Multi Manu data
10-17 16:20:52.465  2479  2548 I chatty  : uid=1002(bluetooth) BT Service Call identical 11 lines
10-17 16:20:52.465  2479  2548 D ScanRecord: Not a Multi Manu data
10-17 16:20:52.465  3957  5414 D ConnectivityService: filterNetworkStateForUid() uid: 10169 networkInfo: [type: WIFI[] - WIFI, state: CONNECTED/CONNECTED, reason: (unspecified), extra: "ourhome", failover: false, available: true, roaming: false, metered: false]
10-17 16:20:52.466  3957  5414 D WifiService: getConnectionInfo uid=1000
10-17 16:20:52.466  2479  2548 D ScanRecord: Not a Multi Manu data
10-17 16:20:52.466  2479  2548 I chatty  : uid=1002(bluetooth) BT Service Call identical 11 lines
10-17 16:20:52.466  2479  2548 D ScanRecord: Not a Multi Manu data
10-17 16:20:52.469  3957 12007 D ConnectivityService: filterNetworkStateForUid() uid: 10169 networkInfo: [type: WIFI[] - WIFI, state: CONNECTED/CONNECTED, reason: (unspecified), extra: "ourhome", failover: false, available: true, roaming: false, metered: false]
10-17 16:20:52.470  3957 12007 D WifiService: getConnectionInfo uid=1000
10-17 16:20:52.470  2479  2548 D ScanRecord: Not a Multi Manu data
10-17 16:20:52.471  2479  2548 I chatty  : uid=1002(bluetooth) BT Service Call identical 11 lines
10-17 16:20:52.471  2479  2548 D ScanRecord: Not a Multi Manu data
10-17 16:20:52.474  3447  3488 I SurfaceFlinger: id=2699 Removed Splash Screen org.mozilla.fenix#0 (-2/5)
10-17 16:20:52.474  3447  3447 I Layer   : id=2699 onRemoved Splash Screen org.mozilla.fenix#0 
10-17 16:20:52.480  2479  2548 D ScanRecord: Not a Multi Manu data
10-17 16:20:52.490  2479  2548 I chatty  : uid=1002(bluetooth) BT Service Call identical 37 lines
10-17 16:20:52.490  2479  2548 D ScanRecord: Not a Multi Manu data
10-17 16:20:52.493  7533  7787 I BatteryMgr:DataCollectionService: stats => 1697552452493,338,4308,314,0,99
10-17 16:20:52.497  2479  2548 D ScanRecord: Not a Multi Manu data
10-17 16:20:52.511  2479  2548 I chatty  : uid=1002(bluetooth) BT Service Call identical 50 lines
10-17 16:20:52.511  2479  2548 D ScanRecord: Not a Multi Manu data
10-17 16:20:52.513  7771  7771 I ServiceChildProcess: onCreate
10-17 16:20:52.514  7771  7806 I GeckoThread: preparing to run Gecko
10-17 16:20:52.515  7748  7748 W ResourceType: ResTable_typeSpec entry count inconsistent: given 212, previously 242
10-17 16:20:52.518  2479  2548 D ScanRecord: Not a Multi Manu data
10-17 16:20:52.538  2479  2548 I chatty  : uid=1002(bluetooth) BT Service Call identical 24 lines
10-17 16:20:52.538  2479  2548 D ScanRecord: Not a Multi Manu data
10-17 16:20:52.558  3599  3918 D DnsProxyListener: DNSDBG::dns addrinfo af 0
10-17 16:20:52.559  3599  3918 I chatty  : uid=0(root) /system/bin/netd identical 1 line
10-17 16:20:52.561  3599  3918 D DnsProxyListener: DNSDBG::dns addrinfo af 0
10-17 16:20:52.566  4340  4340 D KeyguardUpdateMonitor: handleStatusBarState( false )
10-17 16:20:52.570  3599  3918 D DnsProxyListener: DNSDBG::dns addrinfo af 0
10-17 16:20:52.576  3957  5414 V WindowManager: Relayout Window{a4d6812 u0 org.mozilla.fenix/org.mozilla.fenix.App}: viewVisibility=0 req=720x1280 WM.LayoutParams{(0,0)(fillxfill) sim=#10 ty=1 fl=#81010100 pfl=0x20000 fmt=-3 wanim=0x7f1404fa vsysui=0x2610 needsMenuKey=2 colorMode=0 naviIconColor=0}
10-17 16:20:52.582  7577  7577 D ViewRootImpl@1786449[App]: Relayout returned: old=[0,0][720,1280] new=[0,0][720,1280] result=0x1 surface={valid=true 499283730432} changed=false
10-17 16:20:52.590  3957 12007 D ConnectivityService: filterNetworkStateForUid() uid: 10169 networkInfo: [type: WIFI[] - WIFI, state: CONNECTED/CONNECTED, reason: (unspecified), extra: "ourhome", failover: false, available: true, roaming: false, metered: false]
10-17 16:20:52.590  3957 12007 D WifiService: getConnectionInfo uid=1000
10-17 16:20:52.591  3957 12007 I chatty  : uid=1000(system) Binder:3957_1A identical 1 line
10-17 16:20:52.592  3957 12007 I chatty  : uid=1000(system) Binder:3957_1A identical 1 line
10-17 16:20:52.593  3957 12007 D ConnectivityService: filterNetworkStateForUid() uid: 10169 networkInfo: [type: WIFI[] - WIFI, state: CONNECTED/CONNECTED, reason: (unspecified), extra: "ourhome", failover: false, available: true, roaming: false, metered: false]
10-17 16:20:52.593  3957 12007 D WifiService: getConnectionInfo uid=1000
10-17 16:20:52.602  7533  7787 I BatteryMgr:DataCollectionService: stats => 1697552452602,338,4308,314,0,99
10-17 16:20:52.604  7771  7806 W linker  : "/data/app/org.mozilla.fenix-iWpGOrf8cry6RDpwHyQugA==/lib/arm64/libmozglue.so" unused DT entry: type 0x8000024 arg 0x38f70
10-17 16:20:52.604  7771  7806 W linker  : "/data/app/org.mozilla.fenix-iWpGOrf8cry6RDpwHyQugA==/lib/arm64/libmozglue.so" unused DT entry: type 0x8000023 arg 0x1f8
10-17 16:20:52.604  7771  7806 W linker  : "/data/app/org.mozilla.fenix-iWpGOrf8cry6RDpwHyQugA==/lib/arm64/libmozglue.so" unused DT entry: type 0x8000025 arg 0x8
10-17 16:20:52.607  7771  7806 I GeckoLoader: Library base=/data/app/org.mozilla.fenix-iWpGOrf8cry6RDpwHyQugA==/lib/arm64
10-17 16:20:52.607  7771  7806 I GeckoLoader: Library base=/data/app/org.mozilla.fenix-iWpGOrf8cry6RDpwHyQugA==/lib/arm64
10-17 16:20:52.608  7771  7806 E GeckoLibLoad: Load sqlite start
10-17 16:20:52.610  7771  7806 W linker  : "/data/app/org.mozilla.fenix-iWpGOrf8cry6RDpwHyQugA==/lib/arm64/libnss3.so" unused DT entry: type 0x8000024 arg 0x14998
10-17 16:20:52.610  7771  7806 W linker  : "/data/app/org.mozilla.fenix-iWpGOrf8cry6RDpwHyQugA==/lib/arm64/libnss3.so" unused DT entry: type 0x8000023 arg 0x5c8
10-17 16:20:52.610  7771  7806 W linker  : "/data/app/org.mozilla.fenix-iWpGOrf8cry6RDpwHyQugA==/lib/arm64/libnss3.so" unused DT entry: type 0x8000025 arg 0x8
10-17 16:20:52.612  7771  7806 E GeckoLibLoad: Load sqlite done
10-17 16:20:52.612  7771  7806 I GeckoLoader: Library base=/data/app/org.mozilla.fenix-iWpGOrf8cry6RDpwHyQugA==/lib/arm64
10-17 16:20:52.612  7771  7806 E GeckoLibLoad: Load nss start
10-17 16:20:52.612  7771  7806 E GeckoLibLoad: Load nss done
10-17 16:20:52.612  7771  7806 I GeckoLoader: Library base=/data/app/org.mozilla.fenix-iWpGOrf8cry6RDpwHyQugA==/lib/arm64
10-17 16:20:52.614  7771  7806 W linker  : "/data/app/org.mozilla.fenix-iWpGOrf8cry6RDpwHyQugA==/lib/arm64/libxul.so" unused DT entry: type 0x8000024 arg 0x539420
10-17 16:20:52.615  7771  7806 W linker  : "/data/app/org.mozilla.fenix-iWpGOrf8cry6RDpwHyQugA==/lib/arm64/libxul.so" unused DT entry: type 0x8000023 arg 0x17d68
10-17 16:20:52.615  7771  7806 W linker  : "/data/app/org.mozilla.fenix-iWpGOrf8cry6RDpwHyQugA==/lib/arm64/libxul.so" unused DT entry: type 0x8000025 arg 0x8
10-17 16:20:52.616  3957  5414 D ConnectivityService: filterNetworkStateForUid() uid: 10169 networkInfo: [type: WIFI[] - WIFI, state: CONNECTED/CONNECTED, reason: (unspecified), extra: "ourhome", failover: false, available: true, roaming: false, metered: false]
10-17 16:20:52.616  3957  5414 D WifiService: getConnectionInfo uid=1000
10-17 16:20:52.617  3957  5414 I chatty  : uid=1000(system) Binder:3957_E identical 1 line
10-17 16:20:52.617  3957  5414 I chatty  : uid=1000(system) Binder:3957_E identical 1 line
10-17 16:20:52.618  3957  5414 D ConnectivityService: filterNetworkStateForUid() uid: 10169 networkInfo: [type: WIFI[] - WIFI, state: CONNECTED/CONNECTED, reason: (unspecified), extra: "ourhome", failover: false, available: true, roaming: false, metered: false]
10-17 16:20:52.618  3957  5414 D WifiService: getConnectionInfo uid=1000
10-17 16:20:52.634  2350  2786 I FontLog : (REDACTED) Received query %s, URI %s
10-17 16:20:52.637  7771  7806 E GeckoLibLoad: Loaded libs in 24.819000ms total, 12ms(12ms) user, 12ms(12ms) system, 0(0) faults
10-17 16:20:52.637  7771  7806 W GeckoThread: zerdatime 1214840015 - runGecko
10-17 16:20:52.638  2350  2786 I FontLog : (REDACTED) Query [%s] resolved to %s
10-17 16:20:52.639  3957 12007 V WindowManager: rotationForOrientationLw(orient=2, last=0); user=0  sensorRotation=-1 mLidState=-1 mDockMode=0 mHdmiPlugged=false
10-17 16:20:52.645  3957 12007 V WindowManager: Relayout Window{a4d6812 u0 org.mozilla.fenix/org.mozilla.fenix.App}: viewVisibility=0 req=720x1280 WM.LayoutParams{(0,0)(fillxfill) sim=#10 ty=1 fl=#81010100 pfl=0x20000 fmt=-3 wanim=0x7f1404fa vsysui=0x2610 needsMenuKey=2 colorMode=0 naviIconColor=0}
10-17 16:20:52.648  7577  7577 D ViewRootImpl@1786449[App]: Relayout returned: old=[0,0][720,1280] new=[0,0][720,1280] result=0x1 surface={valid=true 499283730432} changed=false
10-17 16:20:52.661  3957  4129 D WifiStateMachine:  ConnectedState !RSSI_PKTCNT_FETCH uid=1000 rt=504465874/1214840038 0 0 "ourhome" f4:6d:2f:12:cc:88 rssi=-41 f=5240 sc=60 link=433 tx=0.1, 0.0, 0.0  rx=5.0 bcn=33547 [on:0 tx:0 rx:0 period:927] from screen [on:152089 period:583842] score=60
10-17 16:20:52.663  3957  4129 D WifiStateMachine:  L2ConnectedState !RSSI_PKTCNT_FETCH uid=1000 rt=504465876/1214840040 0 0 "ourhome" f4:6d:2f:12:cc:88 rssi=-41 f=5240 sc=60 link=433 tx=0.1, 0.0, 0.0  rx=5.0 bcn=33547 [on:0 tx:0 rx:0 period:2] from screen [on:152089 period:583844] score=60
10-17 16:20:52.664  3957  4129 D WifiStateMachine: fetchRssiLinkSpeedAndFrequencyNative rssi=-44 linkspeed=433 freq=5240
10-17 16:20:52.664  3957  4129 V WifiConfigManager: Updating scan detail cache freq=5240 BSSID=f4:6d:2f:12:cc:88 RSSI=-42 for "ourhome"WPA_PSK
10-17 16:20:52.666  2350  2786 I FontLog : (REDACTED) Fetch %s end status %s
10-17 16:20:52.679  2350  2786 I FontLog : (REDACTED) Pulling font file for id = %d, cache size = %d
10-17 16:20:52.691  2350  2786 I FontLog : (REDACTED) Pulling font file for id = %d, cache size = %d
10-17 16:20:52.696  7577  7577 I SessionPrioritizationMiddleware: Update the currentSelectedTab 7f93960a-d5ab-49b5-96cc-c70672d2a791 priority to HIGH
10-17 16:20:52.711  7533  7787 I BatteryMgr:DataCollectionService: stats => 1697552452710,338,4308,314,0,99
10-17 16:20:52.720  3957  3972 D ApplicationPolicy: isStatusBarNotificationAllowedAsUser: packageName = android,userId = 0
10-17 16:20:52.720  3957  3972 D API test: getContainerInfo: value is 
10-17 16:20:52.720  3957  3972 D ApplicationPolicy: isStatusBarNotificationAllowedAsUser: packageName = android,userId = 0
10-17 16:20:52.721  3957  3972 D API test: getContainerInfo: value is 
10-17 16:20:52.721  3957  3972 E NotificationService: Suppressing notification from package by user request.
10-17 16:20:52.754  7748  7748 I Finsky  : [2] khj.i(84): Process created at version: 37.9.18-21 [0] [PR] 571399392
10-17 16:20:52.762  7771  7806 W AudioCapabilities: Unsupported mime audio/mpeg-L1
10-17 16:20:52.763  7771  7806 W AudioCapabilities: Unsupported mime audio/mpeg-L2
10-17 16:20:52.765  7771  7806 W AudioCapabilities: Unsupported mime audio/x-ms-wma
10-17 16:20:52.765  7771  7806 W AudioCapabilities: Unsupported mime audio/x-ima
10-17 16:20:52.769  7771  7806 W VideoCapabilities: Unrecognized profile 2130706433 for video/avc
10-17 16:20:52.769  7771  7806 W VideoCapabilities: Unrecognized profile 2130706434 for video/avc
10-17 16:20:52.771  7771  7806 W VideoCapabilities: Unrecognized profile 2130706433 for video/avc
10-17 16:20:52.771  7771  7806 W VideoCapabilities: Unrecognized profile 2130706434 for video/avc
10-17 16:20:52.783  7771  7806 W VideoCapabilities: Unrecognized profile 2130706433 for video/avc
10-17 16:20:52.783  7771  7806 W VideoCapabilities: Unrecognized profile 2130706434 for video/avc
10-17 16:20:52.784  7771  7806 W VideoCapabilities: Unsupported mime video/avc-wfd
10-17 16:20:52.800  7577  7607 W ResourceType: Too many attribute references, stopped at: 0x01010099
10-17 16:20:52.806  7771  7806 I VideoCapabilities: Unsupported profile 4 for video/mp4v-es
10-17 16:20:52.817  7533  7787 I BatteryMgr:DataCollectionService: stats => 1697552452817,338,4308,314,0,99
10-17 16:20:52.827  7771  7806 W VideoCapabilities: Unrecognized profile/level 1/32 for video/mp4v-es
10-17 16:20:52.827  7771  7806 W VideoCapabilities: Unrecognized profile/level 32768/2 for video/mp4v-es
10-17 16:20:52.827  7771  7806 W VideoCapabilities: Unrecognized profile/level 32768/64 for video/mp4v-es
10-17 16:20:52.829  7771  7806 W VideoCapabilities: Unsupported mime video/wvc1
10-17 16:20:52.830  7771  7806 W VideoCapabilities: Unsupported mime video/x-ms-wmv
10-17 16:20:52.833  7771  7806 W VideoCapabilities: Unsupported mime video/x-ms-wmv7
10-17 16:20:52.837  7577  7607 W GeckoEventDispatcher: No listener for GeckoView:PageAction:Update
10-17 16:20:52.837  7771  7806 W VideoCapabilities: Unsupported mime video/x-ms-wmv8
10-17 16:20:52.840  7771  7806 W VideoCapabilities: Unsupported mime video/mp43
10-17 16:20:52.848  7771  7806 W AudioCapabilities: Unsupported mime audio/mpeg-L1
10-17 16:20:52.848  7771  7806 W AudioCapabilities: Unsupported mime audio/mpeg-L2
10-17 16:20:52.848  7771  7806 W AudioCapabilities: Unsupported mime audio/x-ms-wma
10-17 16:20:52.848  7771  7806 W AudioCapabilities: Unsupported mime audio/x-ima
10-17 16:20:52.849  7771  7806 W VideoCapabilities: Unrecognized profile 2130706433 for video/avc
10-17 16:20:52.849  7771  7806 W VideoCapabilities: Unrecognized profile 2130706434 for video/avc
10-17 16:20:52.852  7771  7806 W VideoCapabilities: Unrecognized profile/level 1/32 for video/mp4v-es
10-17 16:20:52.852  7771  7806 W VideoCapabilities: Unrecognized profile/level 32768/2 for video/mp4v-es
10-17 16:20:52.852  7771  7806 W VideoCapabilities: Unrecognized profile/level 32768/64 for video/mp4v-es
10-17 16:20:52.853  7771  7806 W VideoCapabilities: Unsupported mime video/wvc1
10-17 16:20:52.854  7771  7806 W VideoCapabilities: Unsupported mime video/x-ms-wmv
10-17 16:20:52.855  7771  7806 W VideoCapabilities: Unsupported mime video/x-ms-wmv7
10-17 16:20:52.855  7771  7806 W VideoCapabilities: Unsupported mime video/x-ms-wmv8
10-17 16:20:52.856  7771  7806 W VideoCapabilities: Unsupported mime video/mp43
10-17 16:20:52.866  3957  4089 D MdnieScenarioControlService:  packageName : org.mozilla.fenix    className : org.mozilla.fenix.App
10-17 16:20:52.866  3957  4089 V MdnieScenarioControlService: setUIMode from UI function(3)
10-17 16:20:52.895  3957  3957 D CustomFrequencyManagerService: releaseDVFSLockLocked : Getting Lock type frm List : DVFS_MIN_LIMIT  frequency : 1560000  uid : 1000  pid : 3957  tag : AMS_RESUME_TAIL@CPU_MIN@58
10-17 16:20:52.926  7533  7787 I BatteryMgr:DataCollectionService: stats => 1697552452926,338,4308,314,0,99
10-17 16:20:52.930  3957  3957 D PreBindingService: handleMessage : 1
10-17 16:20:52.977  7671  7703 W linker  : "/data/app/org.mozilla.fenix-iWpGOrf8cry6RDpwHyQugA==/lib/arm64/libmozglue.so" unused DT entry: type 0x8000024 arg 0x38f70
10-17 16:20:52.977  7671  7703 W linker  : "/data/app/org.mozilla.fenix-iWpGOrf8cry6RDpwHyQugA==/lib/arm64/libmozglue.so" unused DT entry: type 0x8000023 arg 0x1f8
10-17 16:20:52.977  7671  7703 W linker  : "/data/app/org.mozilla.fenix-iWpGOrf8cry6RDpwHyQugA==/lib/arm64/libmozglue.so" unused DT entry: type 0x8000025 arg 0x8
10-17 16:20:52.981  7671  7703 I GeckoLoader: Library base=/data/app/org.mozilla.fenix-iWpGOrf8cry6RDpwHyQugA==/lib/arm64
10-17 16:20:52.981  7671  7703 I GeckoLoader: Library base=/data/app/org.mozilla.fenix-iWpGOrf8cry6RDpwHyQugA==/lib/arm64
10-17 16:20:52.982  7671  7703 E GeckoLibLoad: Load sqlite start
10-17 16:20:52.983  7671  7703 W linker  : "/data/app/org.mozilla.fenix-iWpGOrf8cry6RDpwHyQugA==/lib/arm64/libnss3.so" unused DT entry: type 0x8000024 arg 0x14998
10-17 16:20:52.983  7671  7703 W linker  : "/data/app/org.mozilla.fenix-iWpGOrf8cry6RDpwHyQugA==/lib/arm64/libnss3.so" unused DT entry: type 0x8000023 arg 0x5c8
10-17 16:20:52.983  7671  7703 W linker  : "/data/app/org.mozilla.fenix-iWpGOrf8cry6RDpwHyQugA==/lib/arm64/libnss3.so" unused DT entry: type 0x8000025 arg 0x8
10-17 16:20:52.985  7671  7703 E GeckoLibLoad: Load sqlite done
10-17 16:20:52.985  7671  7703 I GeckoLoader: Library base=/data/app/org.mozilla.fenix-iWpGOrf8cry6RDpwHyQugA==/lib/arm64
10-17 16:20:52.985  7671  7703 E GeckoLibLoad: Load nss start
10-17 16:20:52.985  7671  7703 E GeckoLibLoad: Load nss done
10-17 16:20:52.985  7671  7703 I GeckoLoader: Library base=/data/app/org.mozilla.fenix-iWpGOrf8cry6RDpwHyQugA==/lib/arm64
10-17 16:20:52.989  7671  7703 W linker  : "/data/app/org.mozilla.fenix-iWpGOrf8cry6RDpwHyQugA==/lib/arm64/libxul.so" unused DT entry: type 0x8000024 arg 0x539420
10-17 16:20:52.989  7671  7703 W linker  : "/data/app/org.mozilla.fenix-iWpGOrf8cry6RDpwHyQugA==/lib/arm64/libxul.so" unused DT entry: type 0x8000023 arg 0x17d68
10-17 16:20:52.989  7671  7703 W linker  : "/data/app/org.mozilla.fenix-iWpGOrf8cry6RDpwHyQugA==/lib/arm64/libxul.so" unused DT entry: type 0x8000025 arg 0x8
10-17 16:20:52.992  7577  7607 W AudioCapabilities: Unsupported mime audio/mpeg-L1
10-17 16:20:52.993  7577  7607 W AudioCapabilities: Unsupported mime audio/mpeg-L2
10-17 16:20:52.996  7577  7607 W AudioCapabilities: Unsupported mime audio/x-ms-wma
10-17 16:20:52.997  7577  7607 W AudioCapabilities: Unsupported mime audio/x-ima
10-17 16:20:53.001  7577  7607 W VideoCapabilities: Unrecognized profile 2130706433 for video/avc
10-17 16:20:53.001  7577  7607 W VideoCapabilities: Unrecognized profile 2130706434 for video/avc
10-17 16:20:53.002  7577  7607 W VideoCapabilities: Unrecognized profile 2130706433 for video/avc
10-17 16:20:53.002  7577  7607 W VideoCapabilities: Unrecognized profile 2130706434 for video/avc
10-17 16:20:53.011  7577  7607 W VideoCapabilities: Unrecognized profile 2130706433 for video/avc
10-17 16:20:53.011  7577  7607 W VideoCapabilities: Unrecognized profile 2130706434 for video/avc
10-17 16:20:53.012  7577  7607 W VideoCapabilities: Unsupported mime video/avc-wfd
10-17 16:20:53.020  7671  7703 E GeckoLibLoad: Loaded libs in 33.978000ms total, 12ms(12ms) user, 20ms(24ms) system, 0(0) faults
10-17 16:20:53.020  7671  7703 W GeckoThread: zerdatime 1214840398 - runGecko
10-17 16:20:53.036  7533  7787 I BatteryMgr:DataCollectionService: stats => 1697552453035,338,4308,314,0,99
10-17 16:20:53.054  7748  7868 I Finsky  : [16101] aiff.bk(289): Finished reading experiment flags from file [0tGUNCGIkbk4o6-fQ335kUYSKwVj4lusnHT-A5Dsy08] numFlags=1260.
10-17 16:20:53.056  7577  7607 I VideoCapabilities: Unsupported profile 4 for video/mp4v-es
10-17 16:20:53.059  7748  7870 E Finsky  : Getting early startup flag value without initialization: PhoneskyPhenotype__enable_flag_update_entry_point
10-17 16:20:53.069  7748  7868 I Finsky  : [16101] aiff.bk(289): Finished reading experiment flags from file [Se-xCc4LzNyh3UrKMIU2sUf-PUKz4oQEbpKZDMuaFno] numFlags=1775.
10-17 16:20:53.095  7577  7607 W VideoCapabilities: Unrecognized profile/level 1/32 for video/mp4v-es
10-17 16:20:53.095  7577  7607 W VideoCapabilities: Unrecognized profile/level 32768/2 for video/mp4v-es
10-17 16:20:53.095  7577  7607 W VideoCapabilities: Unrecognized profile/level 32768/64 for video/mp4v-es
10-17 16:20:53.098  7577  7607 W VideoCapabilities: Unsupported mime video/wvc1
10-17 16:20:53.100  7577  7607 W VideoCapabilities: Unsupported mime video/x-ms-wmv
10-17 16:20:53.106  7577  7607 W VideoCapabilities: Unsupported mime video/x-ms-wmv7
10-17 16:20:53.107  7577  7607 W VideoCapabilities: Unsupported mime video/x-ms-wmv8
10-17 16:20:53.110  7577  7607 W VideoCapabilities: Unsupported mime video/mp43
10-17 16:20:53.123  7577  7607 W AudioCapabilities: Unsupported mime audio/mpeg-L1
10-17 16:20:53.124  7577  7607 W AudioCapabilities: Unsupported mime audio/mpeg-L2
10-17 16:20:53.124  7577  7607 W AudioCapabilities: Unsupported mime audio/x-ms-wma
10-17 16:20:53.124  7577  7607 W AudioCapabilities: Unsupported mime audio/x-ima
10-17 16:20:53.126  7577  7607 W VideoCapabilities: Unrecognized profile 2130706433 for video/avc
10-17 16:20:53.126  7577  7607 W VideoCapabilities: Unrecognized profile 2130706434 for video/avc
10-17 16:20:53.138  7577  7607 W VideoCapabilities: Unrecognized profile/level 1/32 for video/mp4v-es
10-17 16:20:53.138  7577  7607 W VideoCapabilities: Unrecognized profile/level 32768/2 for video/mp4v-es
10-17 16:20:53.138  7577  7607 W VideoCapabilities: Unrecognized profile/level 32768/64 for video/mp4v-es
10-17 16:20:53.139  7577  7607 W VideoCapabilities: Unsupported mime video/wvc1
10-17 16:20:53.139  7577  7607 W VideoCapabilities: Unsupported mime video/x-ms-wmv
10-17 16:20:53.140  7577  7607 W VideoCapabilities: Unsupported mime video/x-ms-wmv7
10-17 16:20:53.141  7577  7607 W VideoCapabilities: Unsupported mime video/x-ms-wmv8
10-17 16:20:53.141  7577  7607 W VideoCapabilities: Unsupported mime video/mp43
10-17 16:20:53.143  7533  7787 I BatteryMgr:DataCollectionService: stats => 1697552453143,338,4308,314,0,99
10-17 16:20:53.166  7771  7829 D libGLESv2: STS_GLApi : DTS, ODTC are not allowed for Package : org.mozilla.fenix:gpu
10-17 16:20:53.174  7771  7793 V Surface : sf_framedrop debug : 0x4f4c, game : false, logging : 0
10-17 16:20:53.178  7771  7829 D mali_winsys: EGLint new_window_surface(egl_winsys_display *, void *, EGLSurface, EGLConfig, egl_winsys_surface **, egl_color_buffer_format *, EGLBoolean) returns 0x3000,  [720x1238]-format:2
10-17 16:20:53.178  3957  4416 E Watchdog: !@Sync 16809 [2023-10-17 16:20:53.178]
10-17 16:20:53.184  7577  7607 I GeckoSession: zerdatime 1214840562 - chrome startup finished
10-17 16:20:53.188  7577  7588 I zygote64: Background concurrent copying GC freed 48024(2MB) AllocSpace objects, 25(612KB) LOS objects, 50% free, 3MB/7MB, paused 2.183ms total 119.355ms
10-17 16:20:53.196  7577  7765 I libglean_ffi: glean_core::upload: Ping d9bdae45-4c16-46a0-bd61-cb251e22eca6 successfully sent 200.
10-17 16:20:53.199  7577  7765 I libglean_ffi: glean_core::upload::directory: File was deleted /data/user/0/org.mozilla.fenix/glean_data/pending_pings/d9bdae45-4c16-46a0-bd61-cb251e22eca6
10-17 16:20:53.201  7577  7765 I libglean_ffi: glean_core::upload: New upload task with id 07c91dde-cb7c-4f62-98df-0c15f5a6a689 (path: /submit/org-mozilla-fenix/baseline/1/07c91dde-cb7c-4f62-98df-0c15f5a6a689)
10-17 16:20:53.205  7577  7577 I GeckoSession: handleMessage GeckoView:PageStart uri=
10-17 16:20:53.206  7577  7577 I GeckoSession: handleMessage GeckoView:PageStop uri=null
10-17 16:20:53.234  7748  7870 I Finsky  : [16103] aiff.bk(289): Finished reading experiment flags from file [cDXKMAm20gnql81lkHY0kpZ363Z9OGuPpqWoMw-jNkY] numFlags=1786.
10-17 16:20:53.254  7533  7787 I BatteryMgr:DataCollectionService: stats => 1697552453253,338,4308,314,0,99
10-17 16:20:53.274  7748  7866 I Finsky  : [16099] kez.Q(10): pcsi: PROCESS_START
10-17 16:20:53.275  3957 12007 D PackageManager: setEnabledSetting : userId = 0 packageName = com.android.vending cmp = com.google.android.finsky.prewarmservice.PrewarmService newState = 1 callingPackage = 10044/com.android.vending
10-17 16:20:53.292  3957  4128 D WifiService: getConnectionInfo uid=1000
10-17 16:20:53.296  7748  7869 I Finsky  : [16102] wib.<init>(76): wid - Registering in memory receiver for android.intent.action.PACKAGE_ADDED and android.intent.action.PACKAGE_REMOVED
10-17 16:20:53.303  7748  7748 I Finsky  : [2] kez.ap(748): Profiling: Starting up (0)
10-17 16:20:53.304  7577  7607 D GeckoIdleService: Setting timer a day from now
10-17 16:20:53.312  3447  3447 I SurfaceFlinger: Display 0 HWC layers:
10-17 16:20:53.312  3447  3447 I SurfaceFlinger:     type    |    handle    | flag |  format   |   source crop (l,t,r,b)    |         frame       | name 
10-17 16:20:53.312  3447  3447 I SurfaceFlinger: ------------+--------------+------+-----------+----------------------------+---------------------+------
10-17 16:20:53.312  3447  3447 I SurfaceFlinger:      Device | 0x7e9ec22a40 | 0000 | RGBx_8888 |   0.0    0.0  720.0 1238.0 |    0   42  720 1280 | SurfaceView - org.mozilla.fenix/org.mozilla.fenix.App@b67855f@0#0
10-17 16:20:53.312  3447  3447 I SurfaceFlinger:      Device | 0x7ea5024600 | 0000 | RGBA_8888 |   0.0    0.0  720.0 1280.0 |    0    0  720 1280 | org.mozilla.fenix/org.mozilla.fenix.App#0
10-17 16:20:53.312  3447  3447 I SurfaceFlinger:      Device | 0x7e9ed37600 | 0000 | RGBA_8888 |   0.0    0.0  720.0   42.0 |    0    0  720   42 | StatusBar#0
10-17 16:20:53.312  3447  3447 I SurfaceFlinger: 
10-17 16:20:53.326  7577  7577 I GeckoSession: handleMessage GeckoView:PageStart uri=
10-17 16:20:53.348  3599  3918 D DnsProxyListener: DNSDBG::dns addrinfo af 0
10-17 16:20:53.368  3599  3918 I chatty  : uid=0(root) /system/bin/netd identical 4 lines
10-17 16:20:53.372  3599  3918 D DnsProxyListener: DNSDBG::dns addrinfo af 0
10-17 16:20:53.373  7533  7787 I BatteryMgr:DataCollectionService: stats => 1697552453373,338,4308,314,0,99
10-17 16:20:53.384  3599  3918 D DnsProxyListener: DNSDBG::dns addrinfo af 0
10-17 16:20:53.387  3599  3918 D DnsProxyListener: DNSDBG::dns addrinfo af 0
10-17 16:20:53.392  7748  7748 I Finsky  : [2] khj.i(514): AsyncInit: Mandatory tasks are executed!
10-17 16:20:53.399  3599  3918 D DnsProxyListener: DNSDBG::dns addrinfo af 0
10-17 16:20:53.399  3599  3918 D DnsProxyListener: DNSDBG::dns addrinfo af 0
10-17 16:20:53.414  7748  7866 I Finsky  : [16099] mgk.g(45): Subscription detail: N/A
10-17 16:20:53.424  3957  4653 D StorageManagerService: getExternalStorageMountMode : 1
10-17 16:20:53.425  3957  4653 D StorageManagerService: getExternalStorageMountMode : 3
10-17 16:20:53.425  3957  4653 D StorageManagerService: getExternalStorageMountMode : final mountMode=1, uid : 10169, packageName : org.mozilla.fenix
10-17 16:20:53.426  3957  4653 I ApplicationPolicy: isApplicationExternalStorageWhitelisted:org.mozilla.fenix user:0
10-17 16:20:53.426  3957  4653 D ApplicationPolicy: isApplicationExternalStorageWhitelisted: DO is not enabled on user 0. Allowed.
10-17 16:20:53.426  3957  4653 D ActivityManager: package  org.mozilla.fenix, user - 0 is SDcard whitelisted
10-17 16:20:53.426  3957  4653 I ApplicationPolicy: isApplicationExternalStorageBlacklisted:org.mozilla.fenix user:0
10-17 16:20:53.426  3957  4653 D ApplicationPolicy: isApplicationExternalStorageBlacklisted: DO is not enabled on user 0. Allowed.
10-17 16:20:53.439  7748  7761 I zygote64: Background concurrent copying GC freed 15289(1156KB) AllocSpace objects, 4(80KB) LOS objects, 50% free, 2MB/4MB, paused 4.633ms total 103.818ms
10-17 16:20:53.443  3599  3918 D DnsProxyListener: DNSDBG::dns addrinfo af 0
10-17 16:20:53.446  3957  4653 I ActivityManager: Start proc 7938:org.mozilla.fenix:tab17/u0a169 for service org.mozilla.fenix/org.mozilla.gecko.process.GeckoChildProcessServices$tab17
10-17 16:20:53.446  3957  5414 D PackageManager: setEnabledSetting : userId = 0 packageName = com.android.vending cmp = com.android.vending.AssetBrowserActivity newState = 1 callingPackage = 10044/com.android.vending
10-17 16:20:53.446  7938  7938 E Zygote  : isWhitelistProcess - Process is Whitelisted
10-17 16:20:53.447  7938  7938 E libpersona: scanKnoxPersonas
10-17 16:20:53.448  7938  7938 E libpersona: Couldn't open the File - /data/system/users/0/personalist.xml - No such file or directory
10-17 16:20:53.451  7938  7938 W SELinux : SELinux selinux_android_compute_policy_index : Policy Index[2],  Con:u:r:zygote:s0 RAM:SEPF_SM-J720F_8.0.0_0002, [-1 -1 -1 -1 0 1]
10-17 16:20:53.452  7938  7938 I SELinux : SELinux: seapp_context_lookup: seinfo=untrusted, level=s0:c512,c768, pkgname=org.mozilla.fenix:tab17 
10-17 16:20:53.455  3599  3918 D DnsProxyListener: DNSDBG::dns addrinfo af 0
10-17 16:20:53.458  3957  4653 D PackageManager: setEnabledSetting : userId = 0 packageName = com.android.vending cmp = com.google.android.finsky.activities.DebugActivity newState = 2 callingPackage = 10044/com.android.vending
10-17 16:20:53.460  3957  5414 D ConnectivityService: filterNetworkStateForUid() uid: 10044 networkInfo: [type: WIFI[] - WIFI, state: CONNECTED/CONNECTED, reason: (unspecified), extra: "ourhome", failover: false, available: true, roaming: false, metered: false]
10-17 16:20:53.460  3957  5414 D WifiService: getConnectionInfo uid=1000
10-17 16:20:53.464  3957  5414 D ConnectivityService: filterNetworkStateForUid() uid: 10044 networkInfo: [type: WIFI[] - WIFI, state: CONNECTED/CONNECTED, reason: (unspecified), extra: "ourhome", failover: false, available: true, roaming: false, metered: false]
10-17 16:20:53.464  3957  5414 D WifiService: getConnectionInfo uid=1000
10-17 16:20:53.465  3599  3918 D DnsProxyListener: DNSDBG::dns addrinfo af 0
10-17 16:20:53.469  3957 12007 D PackageManager: setEnabledSetting : userId = 0 packageName = com.android.vending cmp = com.google.android.finsky.systemcomponentupdateui.common.SystemComponentUpdateActivity newState = 1 callingPackage = 10044/com.android.vending
10-17 16:20:53.469  7748  7869 W linker  : "/data/app/com.android.vending-hPcCrQG-AfN-9-S7PUJzHA==/split_config.arm64_v8a.apk!/lib/arm64-v8a/libcronet.114.0.5735.84.so" unused DT entry: type 0x70000001 arg 0x0
10-17 16:20:53.470  7748  7867 I Finsky  : [16100] ancv.g(20): SysUA: Disable SystemUpdateActivity, because Android is lower than Q
10-17 16:20:53.471  3957  5414 D PackageManager: setEnabledSetting : userId = 0 packageName = com.android.vending cmp = com.google.android.finsky.systemupdateactivity.SystemUpdateActivity newState = 2 callingPackage = 10044/com.android.vending
10-17 16:20:53.473  3957  5414 D PackageManager: setEnabledSetting : userId = 0 packageName = com.android.vending cmp = com.google.android.finsky.systemupdateactivity.SettingsSecurityEntryPoint newState = 2 callingPackage = 10044/com.android.vending
10-17 16:20:53.473  7748  7868 W Settings: Setting download_manager_max_bytes_over_mobile has moved from android.provider.Settings.Secure to android.provider.Settings.Global.
10-17 16:20:53.474  7748  7935 I Finsky  : [16119] qxm.run(367): SysCUA: Set {com.android.vending/com.google.android.finsky.systemcomponentupdateui.common.SystemComponentUpdateActivity} enabled state to 1
10-17 16:20:53.475  7748  7943 I Finsky  : [16122] mdr.run(145): SysUA: Set SystemUpdateActivity enabled state to 2
10-17 16:20:53.476  3957  5414 D PackageManager: setEnabledSetting : userId = 0 packageName = com.android.vending cmp = com.google.android.finsky.hibernation.impl.UnhibernateActivity newState = 1 callingPackage = 10044/com.android.vending
10-17 16:20:53.478  3599  3918 D DnsProxyListener: DNSDBG::dns addrinfo af 0
10-17 16:20:53.482  7748  7910 I Finsky  : [16114] pk.run(78): Set UnhibernateActivity enabled state to 1
10-17 16:20:53.483  7748  7868 I Finsky  : [16101] vob.j(33): SettingNotFoundException, fall through to G.downloadBytesOverMobileMaximum
10-17 16:20:53.483  7748  7868 W Settings: Setting download_manager_recommended_max_bytes_over_mobile has moved from android.provider.Settings.Secure to android.provider.Settings.Global.
10-17 16:20:53.485  7748  7868 I Finsky  : [16101] vob.i(31): SettingNotFoundException, fall through to G.downloadBytesOverMobileRecommended
10-17 16:20:53.485  7533  7787 I BatteryMgr:DataCollectionService: stats => 1697552453485,-317,4308,93,0,99
10-17 16:20:53.486  7748  7947 D ConnectivityManager: requestNetwork; CallingUid : 10044, CallingPid : 7748
10-17 16:20:53.491  7748  7868 I Finsky  : [16101] andp.d(7): registerListener
10-17 16:20:53.492  3957  4653 D ConnectivityService: listenForNetwork for uid/pid:10044/7748 NetworkRequest [ LISTEN id=1590, [ Capabilities: INTERNET&NOT_RESTRICTED&TRUSTED] ]
10-17 16:20:53.493  7748  7868 I Finsky  : [16101] andp.d(7): registerListener
10-17 16:20:53.493  3957  4157 D ConnectivityService: rematching NetworkAgentInfo [WIFI () - 508]
10-17 16:20:53.493  3957  4157 D ConnectivityService:  network has: [ Transports: WIFI Capabilities: NOT_METERED&INTERNET&NOT_RESTRICTED&TRUSTED&NOT_VPN&VALIDATED&FOREGROUND LinkUpBandwidth>=1048576Kbps LinkDnBandwidth>=1048576Kbps SignalStrength: -51]
10-17 16:20:53.493  3957  4157 D ConnectivityService: Network NetworkAgentInfo [WIFI () - 508] was already satisfying request 1. No change.
10-17 16:20:53.493  3957  4157 D ConnectivityService: Network NetworkAgentInfo [WIFI () - 508] was already satisfying request 1589. No change.
10-17 16:20:53.493  3957  4157 D ConnectivityService: Network NetworkAgentInfo [WIFI () - 508] was already satisfying request 3. No change.
10-17 16:20:53.493  3957  4157 D ConnectivityService: Network NetworkAgentInfo [WIFI () - 508] was already satisfying request 1587. No change.
10-17 16:20:53.493  3957  4157 D ConnectivityService: sending notification AVAILABLE for NetworkRequest [ LISTEN id=1590, [ Capabilities: INTERNET&NOT_RESTRICTED&TRUSTED] ]
10-17 16:20:53.494  3957  4157 D ConnectivityService: sending notification CAP_CHANGED for NetworkRequest [ LISTEN id=1590, [ Capabilities: INTERNET&NOT_RESTRICTED&TRUSTED] ]
