10-17 16:24:42.624  3957  4460 D WifiService: getConnectionInfo uid=1000
10-17 16:24:42.629  3957  4460 I chatty  : uid=1000(system) Binder:3957_4 identical 1 line
10-17 16:24:42.632  3957  4460 D WifiService: getConnectionInfo uid=1000
10-17 16:24:42.658  8593  8593 I GeckoSession: handleMessage GeckoView:PageStop uri=null
10-17 16:24:42.660  8593  8639 I SessionStorage/AutoSave: Save: Load finished
10-17 16:24:42.731  8549  8809 I BatteryMgr:DataCollectionService: stats => 1697552682731,-192,4308,-145,0,100
10-17 16:24:42.838  8549  8809 I BatteryMgr:DataCollectionService: stats => 1697552682838,-192,4308,-145,0,100
10-17 16:24:42.866  3957  4128 D WifiService: getConnectionInfo uid=1000
10-17 16:24:42.944  8549  8809 I BatteryMgr:DataCollectionService: stats => 1697552682944,-192,4308,-145,0,100
10-17 16:24:42.991  3957  4129 D WifiStateMachine:  ConnectedState !RSSI_PKTCNT_FETCH uid=1000 rt=504696204/1215070368 0 0 "ourhome" f4:6d:2f:12:cc:88 rssi=-48 f=5240 sc=60 link=433 tx=213.2, 7.1, 0.0  rx=260.5 bcn=35727 [on:0 tx:0 rx:0 period:999] from screen [on:200681 period:814172] score=60
10-17 16:24:42.992  3957  4129 D WifiStateMachine:  L2ConnectedState !RSSI_PKTCNT_FETCH uid=1000 rt=504696205/1215070369 0 0 "ourhome" f4:6d:2f:12:cc:88 rssi=-48 f=5240 sc=60 link=433 tx=213.2, 7.1, 0.0  rx=260.5 bcn=35727 [on:0 tx:0 rx:0 period:1] from screen [on:200681 period:814173] score=60
10-17 16:24:42.993  3957  4129 D WifiStateMachine: fetchRssiLinkSpeedAndFrequencyNative rssi=-47 linkspeed=433 freq=5240
10-17 16:24:42.993  3957  4129 V WifiConfigManager: Updating scan detail cache freq=5240 BSSID=f4:6d:2f:12:cc:88 RSSI=-47 for "ourhome"WPA_PSK
10-17 16:24:43.049  8549  8809 I BatteryMgr:DataCollectionService: stats => 1697552683049,-192,4308,-145,0,100
10-17 16:24:43.157  8549  8809 I BatteryMgr:DataCollectionService: stats => 1697552683156,-192,4308,-145,0,100
10-17 16:24:43.267  8549  8809 I BatteryMgr:DataCollectionService: stats => 1697552683267,-192,4308,-145,0,100
10-17 16:24:43.297  3957  4460 D WifiService: getConnectionInfo uid=1000
10-17 16:24:43.376  8549  8809 I BatteryMgr:DataCollectionService: stats => 1697552683375,-192,4308,-145,0,100
10-17 16:24:43.427  3957  4460 I chatty  : uid=1000(system) Binder:3957_4 identical 13 lines
10-17 16:24:43.428  3957  4460 D WifiService: getConnectionInfo uid=1000
10-17 16:24:43.432  3957  4460 D ConnectivityService: filterNetworkStateForUid() uid: 10169 networkInfo: [type: WIFI[] - WIFI, state: CONNECTED/CONNECTED, reason: (unspecified), extra: "ourhome", failover: false, available: true, roaming: false, metered: false]
10-17 16:24:43.432  3957  4460 D WifiService: getConnectionInfo uid=1000
10-17 16:24:43.482  8549  8809 I BatteryMgr:DataCollectionService: stats => 1697552683482,-192,4308,-145,0,100
10-17 16:24:43.589  8549  8809 I BatteryMgr:DataCollectionService: stats => 1697552683589,-192,4308,-145,0,100
10-17 16:24:43.695  8549  8809 I BatteryMgr:DataCollectionService: stats => 1697552683695,-192,4308,-145,0,100
10-17 16:24:43.804  8549  8809 I BatteryMgr:DataCollectionService: stats => 1697552683804,-192,4308,-145,0,100
10-17 16:24:43.868  3957  4128 D WifiService: getConnectionInfo uid=1000
10-17 16:24:43.914  8549  8809 I BatteryMgr:DataCollectionService: stats => 1697552683914,-192,4308,-145,0,100
10-17 16:24:43.993  3957  4129 D WifiStateMachine:  ConnectedState !RSSI_PKTCNT_FETCH uid=1000 rt=504697206/1215071370 0 0 "ourhome" f4:6d:2f:12:cc:88 rssi=-47 f=5240 sc=60 link=433 tx=213.2, 7.1, 0.0  rx=260.5 bcn=35727 [on:0 tx:0 rx:0 period:1001] from screen [on:200681 period:815174] score=60
10-17 16:24:43.994  3957  4129 D WifiStateMachine:  L2ConnectedState !RSSI_PKTCNT_FETCH uid=1000 rt=504697207/1215071371 0 0 "ourhome" f4:6d:2f:12:cc:88 rssi=-47 f=5240 sc=60 link=433 tx=213.2, 7.1, 0.0  rx=260.5 bcn=35727 [on:0 tx:0 rx:0 period:1] from screen [on:200681 period:815175] score=60
10-17 16:24:44.000  3957  4129 D WifiStateMachine: fetchRssiLinkSpeedAndFrequencyNative rssi=-45 linkspeed=433 freq=5240
10-17 16:24:44.000  3957  4129 V WifiConfigManager: Updating scan detail cache freq=5240 BSSID=f4:6d:2f:12:cc:88 RSSI=-45 for "ourhome"WPA_PSK
10-17 16:24:44.022  8549  8809 I BatteryMgr:DataCollectionService: stats => 1697552684022,-192,4308,-145,0,100
10-17 16:24:44.128  8549  8809 I BatteryMgr:DataCollectionService: stats => 1697552684128,-192,4308,-145,0,100
10-17 16:24:44.235  8549  8809 I BatteryMgr:DataCollectionService: stats => 1697552684235,-192,4308,-145,0,100
10-17 16:24:44.251  8593  8624 D GeckoIdleService: Get idle time: time since reset 5035 msec
10-17 16:24:44.251  8593  8624 D GeckoIdleService: Idle timer callback: current idle time 5035 msec
10-17 16:24:44.251  8593  8624 D GeckoIdleService: next timeout 4294967289965 msec from now
10-17 16:24:44.251  8593  8624 D GeckoIdleService: SetTimerExpiryIfBefore: next timeout 4294967289965 msec from now
10-17 16:24:44.251  8593  8624 D GeckoIdleService: reset timer expiry to 4294967289975 msec from now
10-17 16:24:44.252  8593  8624 D GeckoIdleService: Idle timer callback: tell observer 0x74246976a8 user is idle
10-17 16:24:44.259  3957  4129 D WifiStateMachine:  ConnectedState !CMD_RSSI_POLL rt=504697473/1215071637 81 0 "ourhome" f4:6d:2f:12:cc:88 rssi=-45 f=5240 sc=60 link=433 tx=213.2, 7.1, 0.0  rx=260.5 bcn=35727 [on:0 tx:0 rx:0 period:265] from screen [on:200681 period:815440] score=60
10-17 16:24:44.260  3957  4129 D WifiStateMachine:  L2ConnectedState !CMD_RSSI_POLL rt=504697474/1215071638 81 0 "ourhome" f4:6d:2f:12:cc:88 rssi=-45 f=5240 sc=60 link=433 tx=213.2, 7.1, 0.0  rx=260.5 bcn=35727 [on:0 tx:0 rx:0 period:1] from screen [on:200681 period:815441] score=60
10-17 16:24:44.260  3957  4129 D WifiStateMachine:  get link layer stats 3
10-17 16:24:44.261  3436  3436 I android.hardware.wifi@1.0-service: getLinkLayerStats
10-17 16:24:44.279  3957  4129 D WifiStateMachine: fetchRssiLinkSpeedAndFrequencyNative rssi=-45 linkspeed=433 freq=5240
10-17 16:24:44.279  3957  4129 V WifiConfigManager: Updating scan detail cache freq=5240 BSSID=f4:6d:2f:12:cc:88 RSSI=-45 for "ourhome"WPA_PSK
10-17 16:24:44.282  4340  4340 E SignalClusterView: setSlotFocusVisible : subId -2
10-17 16:24:44.283  4340  4340 E SignalClusterView: setSlotFocusVisible : subId -2
10-17 16:24:44.342  8549  8809 I BatteryMgr:DataCollectionService: stats => 1697552684342,-192,4308,-145,0,100
10-17 16:24:44.453  8549  8809 I BatteryMgr:DataCollectionService: stats => 1697552684453,-192,4308,-145,0,100
10-17 16:24:44.558  8549  8809 I BatteryMgr:DataCollectionService: stats => 1697552684558,-192,4308,-145,0,100
10-17 16:24:44.664  8549  8809 I BatteryMgr:DataCollectionService: stats => 1697552684664,-192,4308,-145,0,100
10-17 16:24:44.774  8549  8809 I BatteryMgr:DataCollectionService: stats => 1697552684774,-192,4308,-145,0,100
10-17 16:24:44.870  3957  4128 D WifiService: getConnectionInfo uid=1000
10-17 16:24:44.888  8549  8809 I BatteryMgr:DataCollectionService: stats => 1697552684888,-192,4308,-145,0,100
10-17 16:24:44.997  3957  4129 D WifiStateMachine:  ConnectedState !RSSI_PKTCNT_FETCH uid=1000 rt=504698210/1215072374 0 0 "ourhome" f4:6d:2f:12:cc:88 rssi=-45 f=5240 sc=60 link=433 tx=107.2, 2.6, 0.0  rx=130.8 bcn=35755 [on:0 tx:0 rx:0 period:716] from screen [on:202455 period:816178] score=60
10-17 16:24:44.998  3957  4129 D WifiStateMachine:  L2ConnectedState !RSSI_PKTCNT_FETCH uid=1000 rt=504698211/1215072375 0 0 "ourhome" f4:6d:2f:12:cc:88 rssi=-45 f=5240 sc=60 link=433 tx=107.2, 2.6, 0.0  rx=130.8 bcn=35755 [on:0 tx:0 rx:0 period:1] from screen [on:202455 period:816179] score=60
10-17 16:24:45.000  3957  4129 D WifiStateMachine: fetchRssiLinkSpeedAndFrequencyNative rssi=-46 linkspeed=433 freq=5240
10-17 16:24:45.000  3957  4129 V WifiConfigManager: Updating scan detail cache freq=5240 BSSID=f4:6d:2f:12:cc:88 RSSI=-45 for "ourhome"WPA_PSK
10-17 16:24:45.002  8549  8809 I BatteryMgr:DataCollectionService: stats => 1697552685002,-192,4308,-145,0,100
10-17 16:24:45.074  8685  9412 W AMessage: failed to deliver message as target handler 1 is gone.
10-17 16:24:45.115  8549  8809 I BatteryMgr:DataCollectionService: stats => 1697552685114,-192,4308,-145,0,100
10-17 16:24:45.115  8685  9418 W AMessage: failed to deliver message as target handler 6 is gone.
10-17 16:24:45.227  8549  8809 I BatteryMgr:DataCollectionService: stats => 1697552685227,-192,4308,-145,0,100
10-17 16:24:45.340  8549  8809 I BatteryMgr:DataCollectionService: stats => 1697552685340,-192,4308,-145,0,100
10-17 16:24:45.456  8549  8809 I BatteryMgr:DataCollectionService: stats => 1697552685456,-192,4308,-145,0,100
10-17 16:24:45.568  8549  8809 I BatteryMgr:DataCollectionService: stats => 1697552685568,-192,4308,-145,0,100
10-17 16:24:45.676  8549  8809 I BatteryMgr:DataCollectionService: stats => 1697552685676,-192,4308,-145,0,100
10-17 16:24:45.790  8549  8809 I BatteryMgr:DataCollectionService: stats => 1697552685790,-192,4308,-145,0,100
10-17 16:24:45.866  3957  4460 D ConnectivityService: filterNetworkStateForUid() uid: 10169 networkInfo: [type: WIFI[] - WIFI, state: CONNECTED/CONNECTED, reason: (unspecified), extra: "ourhome", failover: false, available: true, roaming: false, metered: false]
10-17 16:24:45.866  3957  4460 D WifiService: getConnectionInfo uid=1000
10-17 16:24:45.872  3957  4128 D WifiService: getConnectionInfo uid=1000
10-17 16:24:45.885  3957  4030 D SensorService: [SO] 0.115 -0.230 9.998
10-17 16:24:45.894  3957  4460 D ConnectivityService: filterNetworkStateForUid() uid: 10169 networkInfo: [type: WIFI[] - WIFI, state: CONNECTED/CONNECTED, reason: (unspecified), extra: "ourhome", failover: false, available: true, roaming: false, metered: false]
10-17 16:24:45.894  3957  4460 D WifiService: getConnectionInfo uid=1000
10-17 16:24:45.899  8549  8809 I BatteryMgr:DataCollectionService: stats => 1697552685899,-192,4308,-145,0,100
10-17 16:24:45.985  9143  9174 I Finsky  : [16169] wsb.h(14): Triggered update for experiment package com.google.android.finsky.stable.
10-17 16:24:45.988  9143  9200 I Finsky  : [16179] key.run(956): Initializing the instant apps module.
10-17 16:24:45.995  3957  4129 D WifiStateMachine:  ConnectedState !RSSI_PKTCNT_FETCH uid=1000 rt=504699208/1215073372 0 0 "ourhome" f4:6d:2f:12:cc:88 rssi=-46 f=5240 sc=60 link=433 tx=107.2, 2.6, 0.0  rx=130.8 bcn=35755 [on:0 tx:0 rx:0 period:997] from screen [on:202455 period:817176] score=60
10-17 16:24:45.996  3957  4129 D WifiStateMachine:  L2ConnectedState !RSSI_PKTCNT_FETCH uid=1000 rt=504699209/1215073374 0 0 "ourhome" f4:6d:2f:12:cc:88 rssi=-46 f=5240 sc=60 link=433 tx=107.2, 2.6, 0.0  rx=130.8 bcn=35755 [on:0 tx:0 rx:0 period:1] from screen [on:202455 period:817177] score=60
10-17 16:24:45.997  3957  4129 D WifiStateMachine: fetchRssiLinkSpeedAndFrequencyNative rssi=-48 linkspeed=433 freq=5240
10-17 16:24:45.997  3957  4129 V WifiConfigManager: Updating scan detail cache freq=5240 BSSID=f4:6d:2f:12:cc:88 RSSI=-46 for "ourhome"WPA_PSK
10-17 16:24:46.006  8549  8809 I BatteryMgr:DataCollectionService: stats => 1697552686006,-192,4308,-145,0,100
10-17 16:24:46.078  4961  4961 D io_stats: !@ 179,0 r 7644240 245666912 w 1647457 34308792 d 132581 33951872 f 385127 406272 iot 3387200 2964089 th 51200 0 0 pt 0 inp 0 0 504699.291
10-17 16:24:46.115  8549  8809 I BatteryMgr:DataCollectionService: stats => 1697552686115,-192,4308,-145,0,100
10-17 16:24:46.212  9143  9446 I Finsky  : [16241] ohn.run(45): Wrote row to frosting DB: 2201
10-17 16:24:46.225  8549  8809 I BatteryMgr:DataCollectionService: stats => 1697552686225,-192,4308,-145,0,100
10-17 16:24:46.280  9143  9208 I zygote64: Rejecting re-init on previously-failed class java.lang.Class<eyo>: java.lang.NoClassDefFoundError: Failed resolution of: Landroid/view/translation/ViewTranslationCallback;
10-17 16:24:46.280  9143  9208 I zygote64:   at java.lang.Class java.lang.Class.classForName(java.lang.String, boolean, java.lang.ClassLoader) (Class.java:-2)
10-17 16:24:46.280  9143  9208 I zygote64:   at java.lang.Class java.lang.Class.forName(java.lang.String, boolean, java.lang.ClassLoader) (Class.java:453)
10-17 16:24:46.280  9143  9208 I zygote64:   at java.lang.Class java.lang.Class.forName(java.lang.String) (Class.java:378)
10-17 16:24:46.280  9143  9208 I zygote64:   at void yde.d() (PG:2888)
10-17 16:24:46.280  9143  9208 I zygote64:   at void yde.a() (PG:19)
10-17 16:24:46.280  9143  9208 I zygote64:   at void jkv.run() (PG:39)
10-17 16:24:46.280  9143  9208 I zygote64:   at void java.util.concurrent.ThreadPoolExecutor.runWorker(java.util.concurrent.ThreadPoolExecutor$Worker) (ThreadPoolExecutor.java:1162)
10-17 16:24:46.280  9143  9208 I zygote64:   at void java.util.concurrent.ThreadPoolExecutor$Worker.run() (ThreadPoolExecutor.java:636)
10-17 16:24:46.280  9143  9208 I zygote64:   at void noc.run() (PG:86)
10-17 16:24:46.280  9143  9208 I zygote64:   at void java.lang.Thread.run() (Thread.java:764)
10-17 16:24:46.280  9143  9208 I zygote64: Caused by: java.lang.ClassNotFoundException: Didn't find class "android.view.translation.ViewTranslationCallback" on path: DexPathList[[zip file "/data/app/com.android.vending-hPcCrQG-AfN-9-S7PUJzHA==/base.apk", zip file "/data/app/com.android.vending-hPcCrQG-AfN-9-S7PUJzHA==/split_config.arm64_v8a.apk", zip file "/data/app/com.android.vending-hPcCrQG-AfN-9-S7PUJzHA==/split_config.en.apk"],nativeLibraryDirectories=[/data/app/com.android.vending-hPcCrQG-AfN-9-S7PUJzHA==/lib/arm64, /data/app/com.android.vending-hPcCrQG-AfN-9-S7PUJzHA==/base.apk!/lib/arm64-v8a, /data/app/com.android.vending-hPcCrQG-AfN-9-S7PUJzHA==/split_config.arm64_v8a.apk!/lib/arm64-v8a, /data/app/com.android.vending-hPcCrQG-AfN-9-S7PUJzHA==/split_config.en.apk!/lib/arm64-v8a, /system/lib64, /vendor/lib64]]
10-17 16:24:46.280  9143  9208 I zygote64:   at java.lang.Class dalvik.system.BaseDexClassLoader.findClass(java.lang.String) (BaseDexClassLoader.java:93)
10-17 16:24:46.280  9143  9208 I zygote64:   at java.lang.Class java.lang.ClassLoader.loadClass(java.lang.String, boolean) (ClassLoader.java:379)
10-17 16:24:46.280  9143  9208 I zygote64:   at java.lang.Class java.lang.ClassLoader.loadClass(java.lang.String) (ClassLoader.java:312)
10-17 16:24:46.280  9143  9208 I zygote64:   at java.lang.Class java.lang.Class.classForName(java.lang.String, boolean, java.lang.ClassLoader) (Class.java:-2)
10-17 16:24:46.280  9143  9208 I zygote64:   at java.lang.Class java.lang.Class.forName(java.lang.String, boolean, java.lang.ClassLoader) (Class.java:453)
10-17 16:24:46.280  9143  9208 I zygote64:   at java.lang.Class java.lang.Class.forName(java.lang.String) (Class.java:378)
10-17 16:24:46.280  9143  9208 I zygote64:   at void yde.d() (PG:2888)
10-17 16:24:46.280  9143  9208 I zygote64:   at void yde.a() (PG:19)
10-17 16:24:46.280  9143  9208 I zygote64:   at void jkv.run() (PG:39)
10-17 16:24:46.280  9143  9208 I zygote64:   at void java.util.concurrent.ThreadPoolExecutor.runWorker(java.util.concurrent.ThreadPoolExecutor$Worker) (ThreadPoolExecutor.java:1162)
10-17 16:24:46.280  9143  9208 I zygote64:   at void java.util.concurrent.ThreadPoolExecutor$Worker.run() (ThreadPoolExecutor.java:636)
10-17 16:24:46.280  9143  9208 I zygote64:   at void noc.run() (PG:86)
10-17 16:24:46.280  9143  9208 I zygote64:   at void java.lang.Thread.run() (Thread.java:764)
10-17 16:24:46.280  9143  9208 I zygote64: 
10-17 16:24:46.284  9143  9208 I zygote64: Rejecting re-init on previously-failed class java.lang.Class<eyo>: java.lang.NoClassDefFoundError: Failed resolution of: Landroid/view/translation/ViewTranslationCallback;
10-17 16:24:46.285  9143  9208 I zygote64:   at java.lang.Class java.lang.Class.classForName(java.lang.String, boolean, java.lang.ClassLoader) (Class.java:-2)
10-17 16:24:46.285  9143  9208 I zygote64:   at java.lang.Class java.lang.Class.forName(java.lang.String, boolean, java.lang.ClassLoader) (Class.java:453)
10-17 16:24:46.285  9143  9208 I zygote64:   at java.lang.Class java.lang.Class.forName(java.lang.String) (Class.java:378)
10-17 16:24:46.285  9143  9208 I zygote64:   at void yde.d() (PG:2888)
10-17 16:24:46.285  9143  9208 I zygote64:   at void yde.a() (PG:19)
10-17 16:24:46.285  9143  9208 I zygote64:   at void jkv.run() (PG:39)
10-17 16:24:46.285  9143  9208 I zygote64:   at void java.util.concurrent.ThreadPoolExecutor.runWorker(java.util.concurrent.ThreadPoolExecutor$Worker) (ThreadPoolExecutor.java:1162)
10-17 16:24:46.285  9143  9208 I zygote64:   at void java.util.concurrent.ThreadPoolExecutor$Worker.run() (ThreadPoolExecutor.java:636)
10-17 16:24:46.285  9143  9208 I zygote64:   at void noc.run() (PG:86)
10-17 16:24:46.285  9143  9208 I zygote64:   at void java.lang.Thread.run() (Thread.java:764)
10-17 16:24:46.285  9143  9208 I zygote64: Caused by: java.lang.ClassNotFoundException: Didn't find class "android.view.translation.ViewTranslationCallback" on path: DexPathList[[zip file "/data/app/com.android.vending-hPcCrQG-AfN-9-S7PUJzHA==/base.apk", zip file "/data/app/com.android.vending-hPcCrQG-AfN-9-S7PUJzHA==/split_config.arm64_v8a.apk", zip file "/data/app/com.android.vending-hPcCrQG-AfN-9-S7PUJzHA==/split_config.en.apk"],nativeLibraryDirectories=[/data/app/com.android.vending-hPcCrQG-AfN-9-S7PUJzHA==/lib/arm64, /data/app/com.android.vending-hPcCrQG-AfN-9-S7PUJzHA==/base.apk!/lib/arm64-v8a, /data/app/com.android.vending-hPcCrQG-AfN-9-S7PUJzHA==/split_config.arm64_v8a.apk!/lib/arm64-v8a, /data/app/com.android.vending-hPcCrQG-AfN-9-S7PUJzHA==/split_config.en.apk!/lib/arm64-v8a, /system/lib64, /vendor/lib64]]
10-17 16:24:46.285  9143  9208 I zygote64:   at java.lang.Class dalvik.system.BaseDexClassLoader.findClass(java.lang.String) (BaseDexClassLoader.java:93)
10-17 16:24:46.285  9143  9208 I zygote64:   at java.lang.Class java.lang.ClassLoader.loadClass(java.lang.String, boolean) (ClassLoader.java:379)
10-17 16:24:46.285  9143  9208 I zygote64:   at java.lang.Class java.lang.ClassLoader.loadClass(java.lang.String) (ClassLoader.java:312)
10-17 16:24:46.285  9143  9208 I zygote64:   at java.lang.Class java.lang.Class.classForName(java.lang.String, boolean, java.lang.ClassLoader) (Class.java:-2)
10-17 16:24:46.285  9143  9208 I zygote64:   at java.lang.Class java.lang.Class.forName(java.lang.String, boolean, java.lang.ClassLoader) (Class.java:453)
10-17 16:24:46.285  9143  9208 I zygote64:   at java.lang.Class java.lang.Class.forName(java.lang.String) (Class.java:378)
10-17 16:24:46.285  9143  9208 I zygote64:   at void yde.d() (PG:2888)
10-17 16:24:46.295  9143  9208 I zygote64:   at void yde.a() (PG:19)
10-17 16:24:46.296  9143  9208 I zygote64:   at void jkv.run() (PG:39)
10-17 16:24:46.296  9143  9208 I zygote64:   at void java.util.concurrent.ThreadPoolExecutor.runWorker(java.util.concurrent.ThreadPoolExecutor$Worker) (ThreadPoolExecutor.java:1162)
10-17 16:24:46.296  9143  9208 I zygote64:   at void java.util.concurrent.ThreadPoolExecutor$Worker.run() (ThreadPoolExecutor.java:636)
10-17 16:24:46.296  9143  9208 I zygote64:   at void noc.run() (PG:86)
10-17 16:24:46.296  9143  9208 I zygote64:   at void java.lang.Thread.run() (Thread.java:764)
10-17 16:24:46.296  9143  9208 I zygote64: 
10-17 16:24:46.297  9143  9208 I zygote64: Rejecting re-init on previously-failed class java.lang.Class<eyo>: java.lang.NoClassDefFoundError: Failed resolution of: Landroid/view/translation/ViewTranslationCallback;
10-17 16:24:46.297  9143  9208 I zygote64:   at java.lang.Class java.lang.Class.classForName(java.lang.String, boolean, java.lang.ClassLoader) (Class.java:-2)
10-17 16:24:46.297  9143  9208 I zygote64:   at java.lang.Class java.lang.Class.forName(java.lang.String, boolean, java.lang.ClassLoader) (Class.java:453)
10-17 16:24:46.297  9143  9208 I zygote64:   at java.lang.Class java.lang.Class.forName(java.lang.String) (Class.java:378)
10-17 16:24:46.297  9143  9208 I zygote64:   at void yde.d() (PG:2888)
10-17 16:24:46.297  9143  9208 I zygote64:   at void yde.a() (PG:19)
10-17 16:24:46.297  9143  9208 I zygote64:   at void jkv.run() (PG:39)
10-17 16:24:46.297  9143  9208 I zygote64:   at void java.util.concurrent.ThreadPoolExecutor.runWorker(java.util.concurrent.ThreadPoolExecutor$Worker) (ThreadPoolExecutor.java:1162)
10-17 16:24:46.297  9143  9208 I zygote64:   at void java.util.concurrent.ThreadPoolExecutor$Worker.run() (ThreadPoolExecutor.java:636)
10-17 16:24:46.297  9143  9208 I zygote64:   at void noc.run() (PG:86)
10-17 16:24:46.297  9143  9208 I zygote64:   at void java.lang.Thread.run() (Thread.java:764)
10-17 16:24:46.297  9143  9208 I zygote64: Caused by: java.lang.ClassNotFoundException: Didn't find class "android.view.translation.ViewTranslationCallback" on path: DexPathList[[zip file "/data/app/com.android.vending-hPcCrQG-AfN-9-S7PUJzHA==/base.apk", zip file "/data/app/com.android.vending-hPcCrQG-AfN-9-S7PUJzHA==/split_config.arm64_v8a.apk", zip file "/data/app/com.android.vending-hPcCrQG-AfN-9-S7PUJzHA==/split_config.en.apk"],nativeLibraryDirectories=[/data/app/com.android.vending-hPcCrQG-AfN-9-S7PUJzHA==/lib/arm64, /data/app/com.android.vending-hPcCrQG-AfN-9-S7PUJzHA==/base.apk!/lib/arm64-v8a, /data/app/com.android.vending-hPcCrQG-AfN-9-S7PUJzHA==/split_config.arm64_v8a.apk!/lib/arm64-v8a, /data/app/com.android.vending-hPcCrQG-AfN-9-S7PUJzHA==/split_config.en.apk!/lib/arm64-v8a, /system/lib64, /vendor/lib64]]
10-17 16:24:46.298  9143  9208 I zygote64:   at java.lang.Class dalvik.system.BaseDexClassLoader.findClass(java.lang.String) (BaseDexClassLoader.java:93)
10-17 16:24:46.298  9143  9208 I zygote64:   at java.lang.Class java.lang.ClassLoader.loadClass(java.lang.String, boolean) (ClassLoader.java:379)
10-17 16:24:46.298  9143  9208 I zygote64:   at java.lang.Class java.lang.ClassLoader.loadClass(java.lang.String) (ClassLoader.java:312)
10-17 16:24:46.298  9143  9208 I zygote64:   at java.lang.Class java.lang.Class.classForName(java.lang.String, boolean, java.lang.ClassLoader) (Class.java:-2)
10-17 16:24:46.298  9143  9208 I zygote64:   at java.lang.Class java.lang.Class.forName(java.lang.String, boolean, java.lang.ClassLoader) (Class.java:453)
10-17 16:24:46.298  9143  9208 I zygote64:   at java.lang.Class java.lang.Class.forName(java.lang.String) (Class.java:378)
10-17 16:24:46.298  9143  9208 I zygote64:   at void yde.d() (PG:2888)
10-17 16:24:46.298  9143  9208 I zygote64:   at void yde.a() (PG:19)
10-17 16:24:46.298  9143  9208 I zygote64:   at void jkv.run() (PG:39)
10-17 16:24:46.298  9143  9208 I zygote64:   at void java.util.concurrent.ThreadPoolExecutor.runWorker(java.util.concurrent.ThreadPoolExecutor$Worker) (ThreadPoolExecutor.java:1162)
10-17 16:24:46.298  9143  9208 I zygote64:   at void java.util.concurrent.ThreadPoolExecutor$Worker.run() (ThreadPoolExecutor.java:636)
10-17 16:24:46.298  9143  9208 I zygote64:   at void noc.run() (PG:86)
10-17 16:24:46.298  9143  9208 I zygote64:   at void java.lang.Thread.run() (Thread.java:764)
10-17 16:24:46.298  9143  9208 I zygote64: 
10-17 16:24:46.333  8549  8809 I BatteryMgr:DataCollectionService: stats => 1697552686333,-192,4308,-145,0,100
10-17 16:24:46.345  3957  4460 D PackageManager: setEnabledSetting : userId = 0 packageName = com.android.vending cmp = com.google.android.finsky.wearsupport.WearSupportService newState = 2 callingPackage = 10044/com.android.vending
10-17 16:24:46.347  9143  9200 I Finsky  : [16179] key.run(666): Component class com.google.android.finsky.wearsupport.WearSupportService disabled via PackageManager.
10-17 16:24:46.348  3957  4460 D PackageManager: setEnabledSetting : userId = 0 packageName = com.android.vending cmp = com.google.android.finsky.wearsupport.WearChangeListenerService newState = 2 callingPackage = 10044/com.android.vending
10-17 16:24:46.349  9143  9200 I Finsky  : [16179] key.run(666): Component class com.google.android.finsky.wearsupport.WearChangeListenerService disabled via PackageManager.
10-17 16:24:46.375  9143  9174 I Finsky  : [16169] wsb.h(68): Already at the latest configurations for experiment package com.google.android.finsky.stable.
10-17 16:24:46.376  9143  9175 I Finsky  : [16170] wsb.h(14): Triggered update for experiment package com.google.android.finsky.regular.
10-17 16:24:46.441  8549  8809 I BatteryMgr:DataCollectionService: stats => 1697552686441,-192,4308,-145,0,100
10-17 16:24:46.551  8549  8809 I BatteryMgr:DataCollectionService: stats => 1697552686551,-192,4308,-145,0,100
10-17 16:24:46.659  8549  8809 I BatteryMgr:DataCollectionService: stats => 1697552686659,-192,4308,-145,0,100
10-17 16:24:46.767  8549  8809 I BatteryMgr:DataCollectionService: stats => 1697552686767,-192,4308,-145,0,100
10-17 16:24:46.774  9143  9208 W Finsky  : [16185] yde.a(61): PreloadClasses: Unable to load [androidx.compose.ui.platform.WindowRecomposerFactory$Companion$LifecycleAware$1, androidx.compose.runtime.snapshots.Snapshot$Companion$registerApplyObserver$2, androidx.compose.ui.platform.WrapperVerificationHelperMethods, androidx.compose.ui.platform.DisposableSaveableStateRegistry_androidKt$DisposableSaveableStateRegistry$registered$1, androidx.compose.animation.core.EasingKt$LinearEasing$1, androidx.compose.foundation.layout.BoxKt$boxMeasurePolicy$1$measure$2, androidx.compose.animation.core.Transition$updateTarget$2, androidx.compose.material.TextKt$Text$1, androidx.compose.ui.layout.SubcomposeLayoutKt$SubcomposeLayout$$inlined$ComposeNode$1, androidx.compose.foundation.layout.BoxKt$EmptyBoxMeasurePolicy$1$measure$1]
10-17 16:24:46.786  3957  4460 D ConnectivityService: filterNetworkStateForUid() uid: 10169 networkInfo: [type: WIFI[] - WIFI, state: CONNECTED/CONNECTED, reason: (unspecified), extra: "ourhome", failover: false, available: true, roaming: false, metered: false]
10-17 16:24:46.786  3957  4460 D WifiService: getConnectionInfo uid=1000
10-17 16:24:46.798  3957  4460 I chatty  : uid=1000(system) Binder:3957_4 identical 1 line
10-17 16:24:46.798  3957  4460 I chatty  : uid=1000(system) Binder:3957_4 identical 1 line
10-17 16:24:46.805  3957  4460 D ConnectivityService: filterNetworkStateForUid() uid: 10169 networkInfo: [type: WIFI[] - WIFI, state: CONNECTED/CONNECTED, reason: (unspecified), extra: "ourhome", failover: false, available: true, roaming: false, metered: false]
10-17 16:24:46.805  3957  4460 D WifiService: getConnectionInfo uid=1000
10-17 16:24:46.850  9143  9175 I Finsky  : [16170] wsi.c(12): Regular flags synced
10-17 16:24:46.853  9143  9175 I Finsky  : [16170] aiff.bw(80): Writing flags config, size 1.
10-17 16:24:46.854  9143  9175 I Finsky  : [16170] aiff.bw(93): Started writing experiment flags into file [kgGkYCUvBoDISG3czMOZ8f3QbNoi84fw7mHD87zj2LA].
10-17 16:24:46.862  9143  9175 I Finsky  : [16170] aiff.bw(422): Finished writing experiment flags into file [kgGkYCUvBoDISG3czMOZ8f3QbNoi84fw7mHD87zj2LA], numFlags=1786.
10-17 16:24:46.865  9143  9175 I Finsky  : [16170] wsb.g(228): Successfully applied new configurations for package com.google.android.finsky.regular.
10-17 16:24:46.867  9143  9175 I Finsky  : [16170] wsb.g(299): [EExp] Exporting experiments for package com.google.android.finsky.regular.
10-17 16:24:46.867  9143  9175 I Finsky  : [16170] zfr.z(27): [EExp] Exporting experiments for namespace com.google.android.finsky.regular.
10-17 16:24:46.874  3957  4128 D WifiService: getConnectionInfo uid=1000
10-17 16:24:46.874  8549  8809 I BatteryMgr:DataCollectionService: stats => 1697552686874,-192,4308,-145,0,100
10-17 16:24:46.895  2350  2409 W ResourceType: ResTable_typeSpec entry count inconsistent: given 212, previously 242
10-17 16:24:46.906  9143  9175 I Finsky  : [16170] wsb.g(353): [EExp] Successfully exported experiments for package com.google.android.finsky.regular.
10-17 16:24:46.907  9143  9238 I Finsky  : [16195] wsb.h(14): Triggered update for experiment package com.google.android.finsky.regular.
10-17 16:24:46.973  9143  9238 I Finsky  : [16195] wsb.h(68): Already at the latest configurations for experiment package com.google.android.finsky.regular.
10-17 16:24:46.981  8549  8809 I BatteryMgr:DataCollectionService: stats => 1697552686981,-192,4308,-145,0,100
10-17 16:24:46.996  3957  4129 D WifiStateMachine:  ConnectedState !RSSI_PKTCNT_FETCH uid=1000 rt=504700210/1215074374 0 0 "ourhome" f4:6d:2f:12:cc:88 rssi=-48 f=5240 sc=60 link=433 tx=107.2, 2.6, 0.0  rx=130.8 bcn=35755 [on:0 tx:0 rx:0 period:1000] from screen [on:202455 period:818177] score=60
10-17 16:24:46.997  3957  4129 D WifiStateMachine:  L2ConnectedState !RSSI_PKTCNT_FETCH uid=1000 rt=504700211/1215074375 0 0 "ourhome" f4:6d:2f:12:cc:88 rssi=-48 f=5240 sc=60 link=433 tx=107.2, 2.6, 0.0  rx=130.8 bcn=35755 [on:0 tx:0 rx:0 period:1] from screen [on:202455 period:818178] score=60
10-17 16:24:47.003  3957  4129 D WifiStateMachine: fetchRssiLinkSpeedAndFrequencyNative rssi=-46 linkspeed=433 freq=5240
10-17 16:24:47.003  3957  4129 V WifiConfigManager: Updating scan detail cache freq=5240 BSSID=f4:6d:2f:12:cc:88 RSSI=-46 for "ourhome"WPA_PSK
10-17 16:24:47.057  2479  2548 D ScanRecord: Not a Multi Manu data
10-17 16:24:47.069  2479  2548 I chatty  : uid=1002(bluetooth) BT Service Call identical 24 lines
10-17 16:24:47.070  2479  2548 D ScanRecord: Not a Multi Manu data
10-17 16:24:47.090  8549  8809 I BatteryMgr:DataCollectionService: stats => 1697552687090,-192,4308,-145,0,100
10-17 16:24:47.106  2479  2548 D ScanRecord: Not a Multi Manu data
10-17 16:24:47.196  2479  2548 I chatty  : uid=1002(bluetooth) BT Service Call identical 167 lines
10-17 16:24:47.196  2479  2548 D ScanRecord: Not a Multi Manu data
10-17 16:24:47.197  8549  8809 I BatteryMgr:DataCollectionService: stats => 1697552687197,-192,4308,-145,0,100
10-17 16:24:47.211  2479  2548 D ScanRecord: Not a Multi Manu data
10-17 16:24:47.281  2479  2548 I chatty  : uid=1002(bluetooth) BT Service Call identical 100 lines
10-17 16:24:47.281  3957  4129 D WifiStateMachine:  ConnectedState !CMD_RSSI_POLL rt=504700494/1215074658 81 0 "ourhome" f4:6d:2f:12:cc:88 rssi=-46 f=5240 sc=60 link=433 tx=107.2, 2.6, 0.0  rx=130.8 bcn=35755 [on:0 tx:0 rx:0 period:283] from screen [on:202455 period:818461] score=60
10-17 16:24:47.281  2479  2548 D ScanRecord: Not a Multi Manu data
10-17 16:24:47.281  2479  2548 D ScanRecord: Not a Multi Manu data
10-17 16:24:47.281  2479  2548 D ScanRecord: Not a Multi Manu data
10-17 16:24:47.282  3957  4129 D WifiStateMachine:  L2ConnectedState !CMD_RSSI_POLL rt=504700495/1215074659 81 0 "ourhome" f4:6d:2f:12:cc:88 rssi=-46 f=5240 sc=60 link=433 tx=107.2, 2.6, 0.0  rx=130.8 bcn=35755 [on:0 tx:0 rx:0 period:1] from screen [on:202455 period:818462] score=60
10-17 16:24:47.282  3957  4129 D WifiStateMachine:  get link layer stats 3
10-17 16:24:47.282  3436  3436 I android.hardware.wifi@1.0-service: getLinkLayerStats
10-17 16:24:47.284  3957  4129 D WifiStateMachine: fetchRssiLinkSpeedAndFrequencyNative rssi=-46 linkspeed=433 freq=5240
10-17 16:24:47.284  3957  4129 V WifiConfigManager: Updating scan detail cache freq=5240 BSSID=f4:6d:2f:12:cc:88 RSSI=-46 for "ourhome"WPA_PSK
10-17 16:24:47.287  4340  4340 E SignalClusterView: setSlotFocusVisible : subId -2
10-17 16:24:47.287  4340  4340 E SignalClusterView: setSlotFocusVisible : subId -2
10-17 16:24:47.289  2479  2548 D ScanRecord: Not a Multi Manu data
10-17 16:24:47.307  2479  2548 I chatty  : uid=1002(bluetooth) BT Service Call identical 48 lines
10-17 16:24:47.308  2479  2548 D ScanRecord: Not a Multi Manu data
10-17 16:24:47.308  8549  8809 I BatteryMgr:DataCollectionService: stats => 1697552687307,-192,4308,-145,0,100
10-17 16:24:47.308  2479  2548 D ScanRecord: Not a Multi Manu data
10-17 16:24:47.398  2479  2548 I chatty  : uid=1002(bluetooth) BT Service Call identical 169 lines
10-17 16:24:47.398  2479  2548 D ScanRecord: Not a Multi Manu data
10-17 16:24:47.416  8549  8809 I BatteryMgr:DataCollectionService: stats => 1697552687416,-192,4308,-145,0,100
10-17 16:24:47.419  2479  2548 D ScanRecord: Not a Multi Manu data
10-17 16:24:47.498  2479  2548 I chatty  : uid=1002(bluetooth) BT Service Call identical 141 lines
10-17 16:24:47.498  2479  2548 D ScanRecord: Not a Multi Manu data
10-17 16:24:47.499  9285  9285 I Finsky:background: [2] scp.onDestroy(9): IPC-SERVER: Stopping gRPC host service...
10-17 16:24:47.504  2479  2548 D ScanRecord: Not a Multi Manu data
10-17 16:24:47.504  2479  2548 I chatty  : uid=1002(bluetooth) BT Service Call identical 11 lines
10-17 16:24:47.504  4340  4340 D KeyguardUpdateMonitor: handleStatusBarState( false )
10-17 16:24:47.504  2479  2548 D ScanRecord: Not a Multi Manu data
10-17 16:24:47.509  2479  2548 D ScanRecord: Not a Multi Manu data
10-17 16:24:47.509  2479  2548 I chatty  : uid=1002(bluetooth) BT Service Call identical 11 lines
10-17 16:24:47.509  2479  2548 D ScanRecord: Not a Multi Manu data
10-17 16:24:47.510  4340  4340 D KeyguardUpdateMonitor: handleStatusBarState( false )
10-17 16:24:47.511  9285  9285 I Finsky:background: [2] tys.onTrimMemory(13): Memory trim requested to level 60
10-17 16:24:47.517  2479  2548 D ScanRecord: Not a Multi Manu data
10-17 16:24:47.522  2479  2548 I chatty  : uid=1002(bluetooth) BT Service Call identical 24 lines
10-17 16:24:47.522  2479  2548 D ScanRecord: Not a Multi Manu data
10-17 16:24:47.526  8549  8809 I BatteryMgr:DataCollectionService: stats => 1697552687526,-192,4308,-145,0,100
10-17 16:24:47.547  2479  2548 D ScanRecord: Not a Multi Manu data
10-17 16:24:47.550  2479  2548 I chatty  : uid=1002(bluetooth) BT Service Call identical 11 lines
10-17 16:24:47.550  2479  2548 D ScanRecord: Not a Multi Manu data
10-17 16:24:47.614  9143  9143 I Finsky  : [2] scp.onDestroy(9): IPC-SERVER: Stopping gRPC host service...
10-17 16:24:47.618  9143  9143 I Finsky  : [2] tys.onTrimMemory(13): Memory trim requested to level 60
10-17 16:24:47.618  9143  9143 I Finsky  : [2] nre.accept(78): Flushing in-memory image cache
10-17 16:24:47.636  8549  8809 I BatteryMgr:DataCollectionService: stats => 1697552687636,-192,4308,-145,0,100
10-17 16:24:47.674  9143  9456 I Finsky  : [16245] andp.d(7): registerListener
10-17 16:24:47.675  9143  9456 I Finsky  : [16245] tmv.G(6): getDownloads()
10-17 16:24:47.684  9143  9143 I Finsky  : [2] aavx.run(360): Detected restoreservicev2://recovery not needed, will not run
10-17 16:24:47.686  9285  9285 I Finsky:background: [2] scp.onCreate(9): IPC-SERVER: Starting gRPC host service...
10-17 16:24:47.692  9285  9285 I Finsky:background: [2] tys.onTrimMemory(13): Memory trim requested to level 80
10-17 16:24:47.693  9143  9456 I Finsky  : [16245] sq.run(68): Initialized AssetModuleDownloader.
10-17 16:24:47.694  9285  9315 I Finsky:background: [16180] nrj.i(6): getDownloads()
10-17 16:24:47.746  8549  8809 I BatteryMgr:DataCollectionService: stats => 1697552687746,-192,4308,-145,0,100
10-17 16:24:47.837  8685  9396 E fb4a.FbnsAIDLClientManager: Max Try reached for binding to FbnsAIDLService, threadId 1957
10-17 16:24:47.838  8685  9396 E fb4a.FbnsAIDLClientManager: Fbns AIDL request got RemoteException
10-17 16:24:47.838  8685  9396 E fb4a.FbnsAIDLClientManager: android.os.RemoteException: AIDLService is not bound
10-17 16:24:47.838  8685  9396 E fb4a.FbnsAIDLClientManager: 	at X.0T5.call(:357)
10-17 16:24:47.838  8685  9396 E fb4a.FbnsAIDLClientManager: 	at java.util.concurrent.FutureTask.run(FutureTask.java:266)
10-17 16:24:47.838  8685  9396 E fb4a.FbnsAIDLClientManager: 	at java.util.concurrent.ThreadPoolExecutor.runWorker(ThreadPoolExecutor.java:1162)
10-17 16:24:47.838  8685  9396 E fb4a.FbnsAIDLClientManager: 	at java.util.concurrent.ThreadPoolExecutor$Worker.run(ThreadPoolExecutor.java:636)
10-17 16:24:47.838  8685  9396 E fb4a.FbnsAIDLClientManager: 	at java.lang.Thread.run(Thread.java:764)
10-17 16:24:47.853  8549  8809 I BatteryMgr:DataCollectionService: stats => 1697552687853,-192,4308,-145,0,100
10-17 16:24:47.876  3957  4128 D WifiService: getConnectionInfo uid=1000
10-17 16:24:47.967  8549  8809 I BatteryMgr:DataCollectionService: stats => 1697552687967,-192,4308,-145,0,100
10-17 16:24:47.999  3957  4129 D WifiStateMachine:  ConnectedState !RSSI_PKTCNT_FETCH uid=1000 rt=504701212/1215075376 0 0 "ourhome" f4:6d:2f:12:cc:88 rssi=-46 f=5240 sc=60 link=433 tx=55.7, 1.0, 0.0  rx=73.9 bcn=35784 [on:0 tx:0 rx:0 period:712] from screen [on:203500 period:819180] score=60
10-17 16:24:48.000  3957  4129 D WifiStateMachine:  L2ConnectedState !RSSI_PKTCNT_FETCH uid=1000 rt=504701213/1215075377 0 0 "ourhome" f4:6d:2f:12:cc:88 rssi=-46 f=5240 sc=60 link=433 tx=55.7, 1.0, 0.0  rx=73.9 bcn=35784 [on:0 tx:0 rx:0 period:1] from screen [on:203500 period:819181] score=60
10-17 16:24:48.006  3957  4129 D WifiStateMachine: fetchRssiLinkSpeedAndFrequencyNative rssi=-45 linkspeed=433 freq=5240
10-17 16:24:48.006  3957  4129 V WifiConfigManager: Updating scan detail cache freq=5240 BSSID=f4:6d:2f:12:cc:88 RSSI=-45 for "ourhome"WPA_PSK
10-17 16:24:48.083  8549  8809 I BatteryMgr:DataCollectionService: stats => 1697552688083,-192,4308,-145,0,100
10-17 16:24:48.194  8549  8809 I BatteryMgr:DataCollectionService: stats => 1697552688194,-192,4308,-145,0,100
10-17 16:24:48.311  8549  8809 I BatteryMgr:DataCollectionService: stats => 1697552688310,-192,4308,-145,0,100
10-17 16:24:48.382  8593  8604 I zygote64: Background concurrent copying GC freed 126900(4MB) AllocSpace objects, 32(832KB) LOS objects, 49% free, 4MB/9MB, paused 15.581ms total 477.544ms
10-17 16:24:48.422  8549  8809 I BatteryMgr:DataCollectionService: stats => 1697552688422,-192,4308,-145,0,100
10-17 16:24:48.534  8549  8809 I BatteryMgr:DataCollectionService: stats => 1697552688534,-192,4308,-145,0,100
10-17 16:24:48.643  8549  8809 I BatteryMgr:DataCollectionService: stats => 1697552688643,-192,4308,-145,0,100
10-17 16:24:48.750  8549  8809 I BatteryMgr:DataCollectionService: stats => 1697552688750,-192,4308,-145,0,100
10-17 16:24:48.855  8549  8809 I BatteryMgr:DataCollectionService: stats => 1697552688855,-192,4308,-145,0,100
10-17 16:24:48.878  3957  4128 D WifiService: getConnectionInfo uid=1000
10-17 16:24:48.963  8549  8809 I BatteryMgr:DataCollectionService: stats => 1697552688963,-192,4308,-145,0,100
10-17 16:24:49.000  3957  4129 D WifiStateMachine:  ConnectedState !RSSI_PKTCNT_FETCH uid=1000 rt=504702213/1215076377 0 0 "ourhome" f4:6d:2f:12:cc:88 rssi=-45 f=5240 sc=60 link=433 tx=55.7, 1.0, 0.0  rx=73.9 bcn=35784 [on:0 tx:0 rx:0 period:1000] from screen [on:203500 period:820181] score=60
10-17 16:24:49.002  3957  4129 D WifiStateMachine:  L2ConnectedState !RSSI_PKTCNT_FETCH uid=1000 rt=504702214/1215076378 0 0 "ourhome" f4:6d:2f:12:cc:88 rssi=-45 f=5240 sc=60 link=433 tx=55.7, 1.0, 0.0  rx=73.9 bcn=35784 [on:0 tx:0 rx:0 period:1] from screen [on:203500 period:820182] score=60
10-17 16:24:49.012  3957  4129 D WifiStateMachine: fetchRssiLinkSpeedAndFrequencyNative rssi=-45 linkspeed=433 freq=5240
10-17 16:24:49.012  3957  4129 V WifiConfigManager: Updating scan detail cache freq=5240 BSSID=f4:6d:2f:12:cc:88 RSSI=-45 for "ourhome"WPA_PSK
10-17 16:24:49.070  8549  8809 I BatteryMgr:DataCollectionService: stats => 1697552689070,-192,4308,-145,0,100
10-17 16:24:49.179  8549  8809 I BatteryMgr:DataCollectionService: stats => 1697552689178,-192,4308,-145,0,100
10-17 16:24:49.276  4340  4731 D NetworkController.MobileSignalController(0/-2): onSignalStrengthsChanged signalStrength=SignalStrength: 24 99 -24 -200 -24 -200 -1 99 2147483647 2147483647 2147483647 2147483647 0 2147483647 0x4 P gsm|lte level=4
10-17 16:24:49.277  4340  4731 D NetworkController.MobileSignalController(0/-2): getMobileIconGroup(): 0
10-17 16:24:49.288  8549  8809 I BatteryMgr:DataCollectionService: stats => 1697552689288,-192,4308,-145,0,100
10-17 16:24:49.399  8549  8809 I BatteryMgr:DataCollectionService: stats => 1697552689399,-192,4308,-145,0,100
10-17 16:24:49.505  8549  8809 I BatteryMgr:DataCollectionService: stats => 1697552689505,-192,4308,-145,0,100
10-17 16:24:49.614  8549  8809 I BatteryMgr:DataCollectionService: stats => 1697552689614,-192,4308,-145,0,100
10-17 16:24:49.721  8549  8809 I BatteryMgr:DataCollectionService: stats => 1697552689721,-192,4308,-145,0,100
10-17 16:24:49.831  8549  8809 I BatteryMgr:DataCollectionService: stats => 1697552689831,-192,4308,-145,0,100
10-17 16:24:49.883  3957  4128 D WifiService: getConnectionInfo uid=1000
10-17 16:24:49.938  8549  8809 I BatteryMgr:DataCollectionService: stats => 1697552689938,-192,4308,-145,0,100
10-17 16:24:50.001  3957  4129 D WifiStateMachine:  ConnectedState !RSSI_PKTCNT_FETCH uid=1000 rt=504703213/1215077378 0 0 "ourhome" f4:6d:2f:12:cc:88 rssi=-45 f=5240 sc=60 link=433 tx=55.7, 1.0, 0.0  rx=73.9 bcn=35784 [on:0 tx:0 rx:0 period:1000] from screen [on:203500 period:821182] score=60
10-17 16:24:50.003  3957  4129 D WifiStateMachine:  L2ConnectedState !RSSI_PKTCNT_FETCH uid=1000 rt=504703215/1215077379 0 0 "ourhome" f4:6d:2f:12:cc:88 rssi=-45 f=5240 sc=60 link=433 tx=55.7, 1.0, 0.0  rx=73.9 bcn=35784 [on:0 tx:0 rx:0 period:1] from screen [on:203500 period:821183] score=60
10-17 16:24:50.008  3957  4129 D WifiStateMachine: fetchRssiLinkSpeedAndFrequencyNative rssi=-45 linkspeed=433 freq=5240
10-17 16:24:50.009  3957  4129 V WifiConfigManager: Updating scan detail cache freq=5240 BSSID=f4:6d:2f:12:cc:88 RSSI=-45 for "ourhome"WPA_PSK
10-17 16:24:50.046  8549  8809 I BatteryMgr:DataCollectionService: stats => 1697552690046,-192,4308,-145,0,100
10-17 16:24:50.159  8549  8809 I BatteryMgr:DataCollectionService: stats => 1697552690158,-192,4308,-145,0,100
10-17 16:24:50.265  8549  8809 I BatteryMgr:DataCollectionService: stats => 1697552690265,-192,4308,-145,0,100
10-17 16:24:50.287  3957  4129 D WifiStateMachine:  ConnectedState !CMD_RSSI_POLL rt=504703500/1215077664 81 0 "ourhome" f4:6d:2f:12:cc:88 rssi=-45 f=5240 sc=60 link=433 tx=55.7, 1.0, 0.0  rx=73.9 bcn=35784 [on:0 tx:0 rx:0 period:285] from screen [on:203500 period:821468] score=60
10-17 16:24:50.288  3957  4129 D WifiStateMachine:  L2ConnectedState !CMD_RSSI_POLL rt=504703501/1215077665 81 0 "ourhome" f4:6d:2f:12:cc:88 rssi=-45 f=5240 sc=60 link=433 tx=55.7, 1.0, 0.0  rx=73.9 bcn=35784 [on:0 tx:0 rx:0 period:1] from screen [on:203500 period:821469] score=60
10-17 16:24:50.288  3957  4129 D WifiStateMachine:  get link layer stats 3
10-17 16:24:50.288  3436  3436 I android.hardware.wifi@1.0-service: getLinkLayerStats
10-17 16:24:50.306  3957  4129 D WifiStateMachine: fetchRssiLinkSpeedAndFrequencyNative rssi=-46 linkspeed=433 freq=5240
10-17 16:24:50.306  3957  4129 V WifiConfigManager: Updating scan detail cache freq=5240 BSSID=f4:6d:2f:12:cc:88 RSSI=-45 for "ourhome"WPA_PSK
10-17 16:24:50.311  4340  4340 E SignalClusterView: setSlotFocusVisible : subId -2
10-17 16:24:50.312  4340  4340 E SignalClusterView: setSlotFocusVisible : subId -2
10-17 16:24:50.370  8549  8809 I BatteryMgr:DataCollectionService: stats => 1697552690370,-192,4308,-145,0,100
10-17 16:24:50.476  8549  8809 I BatteryMgr:DataCollectionService: stats => 1697552690476,-106,4308,-99,0,100
10-17 16:24:50.584  8549  8809 I BatteryMgr:DataCollectionService: stats => 1697552690584,-106,4308,-99,0,100
10-17 16:24:50.689  8549  8809 I BatteryMgr:DataCollectionService: stats => 1697552690689,-106,4308,-99,0,100
10-17 16:24:50.796  8549  8809 I BatteryMgr:DataCollectionService: stats => 1697552690796,-106,4308,-99,0,100
10-17 16:24:50.881  3957  4554 D BatteryService: !@BatteryListener : batteryPropertiesChanged!
10-17 16:24:50.885  3957  4128 D WifiService: getConnectionInfo uid=1000
10-17 16:24:50.902  8549  8809 I BatteryMgr:DataCollectionService: stats => 1697552690902,-106,4308,-99,0,100
10-17 16:24:51.001  3957  4129 D WifiStateMachine:  ConnectedState !RSSI_PKTCNT_FETCH uid=1000 rt=504704214/1215078379 0 0 "ourhome" f4:6d:2f:12:cc:88 rssi=-46 f=5240 sc=60 link=433 tx=20.4, 0.3, 0.0  rx=27.0 bcn=35813 [on:0 tx:0 rx:0 period:691] from screen [on:203558 period:822182] score=60
10-17 16:24:51.002  3957  4129 D WifiStateMachine:  L2ConnectedState !RSSI_PKTCNT_FETCH uid=1000 rt=504704215/1215078380 0 0 "ourhome" f4:6d:2f:12:cc:88 rssi=-46 f=5240 sc=60 link=433 tx=20.4, 0.3, 0.0  rx=27.0 bcn=35813 [on:0 tx:0 rx:0 period:1] from screen [on:203558 period:822183] score=60
10-17 16:24:51.004  3957  4129 D WifiStateMachine: fetchRssiLinkSpeedAndFrequencyNative rssi=-46 linkspeed=433 freq=5240
10-17 16:24:51.004  3957  4129 V WifiConfigManager: Updating scan detail cache freq=5240 BSSID=f4:6d:2f:12:cc:88 RSSI=-45 for "ourhome"WPA_PSK
10-17 16:24:51.011  8549  8809 I BatteryMgr:DataCollectionService: stats => 1697552691011,-106,4308,-99,0,100
10-17 16:24:51.080  4961  4961 D io_stats: !@ 179,0 r 7645689 245699436 w 1647681 34311656 d 132586 33952088 f 385153 406298 iot 3387728 2964524 th 51200 0 0 pt 0 inp 0 0 504704.294
10-17 16:24:51.117  8549  8809 I BatteryMgr:DataCollectionService: stats => 1697552691117,-106,4308,-99,0,100
10-17 16:24:51.226  8549  8809 I BatteryMgr:DataCollectionService: stats => 1697552691226,-106,4308,-99,0,100
10-17 16:24:51.332  8549  8809 I BatteryMgr:DataCollectionService: stats => 1697552691332,-106,4308,-99,0,100
10-17 16:24:51.439  8549  8809 I BatteryMgr:DataCollectionService: stats => 1697552691439,-106,4308,-99,0,100
10-17 16:24:51.549  8549  8809 I BatteryMgr:DataCollectionService: stats => 1697552691549,-106,4308,-99,0,100
10-17 16:24:51.643  3957  4554 D ConnectivityService: filterNetworkStateForUid() uid: 10169 networkInfo: [type: WIFI[] - WIFI, state: CONNECTED/CONNECTED, reason: (unspecified), extra: "ourhome", failover: false, available: true, roaming: false, metered: false]
10-17 16:24:51.643  3957  4554 D WifiService: getConnectionInfo uid=1000
10-17 16:24:51.658  8549  8809 I BatteryMgr:DataCollectionService: stats => 1697552691658,-106,4308,-99,0,100
10-17 16:24:51.765  8549  8809 I BatteryMgr:DataCollectionService: stats => 1697552691765,-106,4308,-99,0,100
10-17 16:24:51.871  8549  8809 I BatteryMgr:DataCollectionService: stats => 1697552691871,-106,4308,-99,0,100
10-17 16:24:51.886  3957  4128 D WifiService: getConnectionInfo uid=1000
10-17 16:24:51.977  8549  8809 I BatteryMgr:DataCollectionService: stats => 1697552691977,-106,4308,-99,0,100
10-17 16:24:52.003  3957  4129 D WifiStateMachine:  ConnectedState !RSSI_PKTCNT_FETCH uid=1000 rt=504705216/1215079380 0 0 "ourhome" f4:6d:2f:12:cc:88 rssi=-46 f=5240 sc=60 link=433 tx=20.4, 0.3, 0.0  rx=27.0 bcn=35813 [on:0 tx:0 rx:0 period:1000] from screen [on:203558 period:823183] score=60
10-17 16:24:52.004  3957  4129 D WifiStateMachine:  L2ConnectedState !RSSI_PKTCNT_FETCH uid=1000 rt=504705217/1215079381 0 0 "ourhome" f4:6d:2f:12:cc:88 rssi=-46 f=5240 sc=60 link=433 tx=20.4, 0.3, 0.0  rx=27.0 bcn=35813 [on:0 tx:0 rx:0 period:2] from screen [on:203558 period:823185] score=60
10-17 16:24:52.005  3957  4129 D WifiStateMachine: fetchRssiLinkSpeedAndFrequencyNative rssi=-48 linkspeed=433 freq=5240
10-17 16:24:52.005  3957  4129 V WifiConfigManager: Updating scan detail cache freq=5240 BSSID=f4:6d:2f:12:cc:88 RSSI=-46 for "ourhome"WPA_PSK
10-17 16:24:52.065  2479  2548 D ScanRecord: Not a Multi Manu data
10-17 16:24:52.082  2479  2548 I chatty  : uid=1002(bluetooth) BT Service Call identical 37 lines
10-17 16:24:52.082  2479  2548 D ScanRecord: Not a Multi Manu data
10-17 16:24:52.084  8549  8809 I BatteryMgr:DataCollectionService: stats => 1697552692084,-106,4308,-99,0,100
10-17 16:24:52.086  2479  2548 D ScanRecord: Not a Multi Manu data
10-17 16:24:52.186  2479  2548 I chatty  : uid=1002(bluetooth) BT Service Call identical 141 lines
10-17 16:24:52.186  2479  2548 D ScanRecord: Not a Multi Manu data
10-17 16:24:52.191  8549  8809 I BatteryMgr:DataCollectionService: stats => 1697552692191,-106,4308,-99,0,100
10-17 16:24:52.202  2479  2548 D ScanRecord: Not a Multi Manu data
10-17 16:24:52.281  3957  6478 D SSRM:k  : SIOP:: AP = 380, PST = 319 (W:10), BAT = 236, USB = 0, CHG = 0
10-17 16:24:52.289  2479  2548 I chatty  : uid=1002(bluetooth) BT Service Call identical 102 lines
10-17 16:24:52.289  2479  2548 D ScanRecord: Not a Multi Manu data
10-17 16:24:52.301  8549  8809 I BatteryMgr:DataCollectionService: stats => 1697552692301,-106,4308,-99,0,100
10-17 16:24:52.306  2479  2548 D ScanRecord: Not a Multi Manu data
10-17 16:24:52.397  2479  2548 I chatty  : uid=1002(bluetooth) BT Service Call identical 193 lines
10-17 16:24:52.397  2479  2548 D ScanRecord: Not a Multi Manu data
10-17 16:24:52.408  8549  8809 I BatteryMgr:DataCollectionService: stats => 1697552692408,-106,4308,-99,0,100
10-17 16:24:52.419  2479  2548 D ScanRecord: Not a Multi Manu data
10-17 16:24:52.513  2479  2548 I chatty  : uid=1002(bluetooth) BT Service Call identical 154 lines
10-17 16:24:52.513  2479  2548 D ScanRecord: Not a Multi Manu data
10-17 16:24:52.515  8549  8809 I BatteryMgr:DataCollectionService: stats => 1697552692515,-106,4308,-99,0,100
10-17 16:24:52.522  2479  2548 D ScanRecord: Not a Multi Manu data
10-17 16:24:52.550  2479  2548 I chatty  : uid=1002(bluetooth) BT Service Call identical 76 lines
10-17 16:24:52.550  2479  2548 D ScanRecord: Not a Multi Manu data
10-17 16:24:52.622  8549  8809 I BatteryMgr:DataCollectionService: stats => 1697552692622,-106,4308,-99,0,100
10-17 16:24:52.730  8549  8809 I BatteryMgr:DataCollectionService: stats => 1697552692730,-106,4308,-99,0,100
10-17 16:24:52.837  8549  8809 I BatteryMgr:DataCollectionService: stats => 1697552692837,-106,4308,-99,0,100
10-17 16:24:52.889  3957  4128 D WifiService: getConnectionInfo uid=1000
10-17 16:24:52.949  8549  8809 I BatteryMgr:DataCollectionService: stats => 1697552692949,-106,4308,-99,0,100
10-17 16:24:53.006  3957  4129 D WifiStateMachine:  ConnectedState !RSSI_PKTCNT_FETCH uid=1000 rt=504706218/1215080382 0 0 "ourhome" f4:6d:2f:12:cc:88 rssi=-48 f=5240 sc=60 link=433 tx=20.4, 0.3, 0.0  rx=27.0 bcn=35813 [on:0 tx:0 rx:0 period:1001] from screen [on:203558 period:824186] score=60
