10-17 16:24:32.535  8685  8890 W fb4a.AppInitScheduler|Run: Running PreloadLogDb
10-17 16:24:32.536  8685  8890 W fb4a.AppInitScheduler|Run:   Finished PreloadLogDb in 1ms
10-17 16:24:32.536  8685  8890 W fb4a.AppInitScheduler|Run: Running PreloadReactions
10-17 16:24:32.551  8685  8891 W fb4a.AppInitScheduler|Run:   Finished EarliestPossibleColdStartClassPreloadStarter in 659ms
10-17 16:24:32.551  8685  8891 W fb4a.AppInitScheduler|Run: Running SecondaryDexPreloader
10-17 16:24:32.552  8685  8891 W fb4a.AppInitScheduler|Run:   Finished SecondaryDexPreloader in 1ms
10-17 16:24:32.552  8685  8891 W fb4a.AppInitScheduler|Run: Running PreloadStoriesTrayFetchController
10-17 16:24:32.559  8685  8889 W fb4a.AppInitScheduler|Run:   Finished InitLacrimaLaterInit in 604ms
10-17 16:24:32.560  8685  8889 W fb4a.AppInitScheduler|Run: Running FixieProcessState
10-17 16:24:32.564  8685  8889 W fb4a.Fixie: Initialize ProcessStatePolling
10-17 16:24:32.580  8685  8881 E fb4a.UltralightMultiBind: Null item returned while injecting bindingId 8881
10-17 16:24:32.593  8685  8889 W fb4a.AppInitScheduler|Run:   Finished FixieProcessState in 33ms
10-17 16:24:32.593  8685  8881 W fb4a.AppInitScheduler|Run:   Finished EagerInitImagePipeline in 400ms
10-17 16:24:32.593  8685  8889 W fb4a.AppInitScheduler|Run: Running WaitForUIDependenciesInitializer [*]
10-17 16:24:32.593  8685  8881 W fb4a.AppInitScheduler|Run: Running PreloadInlineComposerProfileImage
10-17 16:24:32.594  8685  8892 W fb4a.MobileConfigFactoryImpl: Invalid param type used for: L14:111
10-17 16:24:32.595  8685  8889 W fb4a.AppInitScheduler|Run:   Finished WaitForUIDependenciesInitializer in 2ms
10-17 16:24:32.595  8685  8889 W fb4a.AppInitScheduler|Run: Running DismissSplashScreens [*]
10-17 16:24:32.596  8685  8889 W fb4a.AppInitScheduler|Run:   Finished DismissSplashScreens in 0ms
10-17 16:24:32.596  8685  8889 W fb4a.AppInitScheduler|Run: Running FixieScheduleIdleWork
10-17 16:24:32.599  8685  9037 D NetworkSecurityConfig: Using Network Security Config from resource (name removed) debugBuild: false
10-17 16:24:32.599  8685  8889 W fb4a.AppInitScheduler|Run:   Finished FixieScheduleIdleWork in 3ms
10-17 16:24:32.599  8685  8889 W fb4a.AppInitScheduler|Run: Running MqttEarlySyncInitializerAfterAppCreate
10-17 16:24:32.600  8685  8889 W fb4a.AppInitScheduler|Run:   Finished MqttEarlySyncInitializerAfterAppCreate in 0ms
10-17 16:24:32.601  8549  8809 I BatteryMgr:DataCollectionService: stats => 1697552672601,295,4308,285,0,100
10-17 16:24:32.602  8685  8889 W fb4a.AppInitScheduler|Run: Running ReplayBroadcastReceivedDuringAppInit
10-17 16:24:32.603  8685  8889 W fb4a.AppInitScheduler|Run:   Finished ReplayBroadcastReceivedDuringAppInit in 1ms
10-17 16:24:32.603  8685  8889 W fb4a.AppInitScheduler|Run: Running ScheduleLowPriWork
10-17 16:24:32.604  8685  8889 W fb4a.AppInitScheduler|Run:   Finished ScheduleLowPriWork in 1ms
10-17 16:24:32.605  8685  8889 W fb4a.AppInitScheduler|Run: Running PreloadStoriesTrayQuery
10-17 16:24:32.624  8685  9046 E fb4a.1jx: Error de-serializing experiments for features
10-17 16:24:32.624  8685  9046 E fb4a.1jx: org.json.JSONException: End of input at character 0 of 
10-17 16:24:32.624  8685  9046 E fb4a.1jx: 	at org.json.JSONTokener.syntaxError(JSONTokener.java:449)
10-17 16:24:32.624  8685  9046 E fb4a.1jx: 	at org.json.JSONTokener.nextValue(JSONTokener.java:97)
10-17 16:24:32.624  8685  9046 E fb4a.1jx: 	at org.json.JSONObject.<init>(JSONObject.java:159)
10-17 16:24:32.624  8685  9046 E fb4a.1jx: 	at org.json.JSONObject.<init>(JSONObject.java:176)
10-17 16:24:32.624  8685  9046 E fb4a.1jx: 	at X.1jx.A00(:8)
10-17 16:24:32.624  8685  9046 E fb4a.1jx: 	at X.1j5.B9e(:26)
10-17 16:24:32.624  8685  9046 E fb4a.1jx: 	at X.1cF.A01(:39)
10-17 16:24:32.624  8685  9046 E fb4a.1jx: 	at X.1cF.A0A(:82)
10-17 16:24:32.624  8685  9046 E fb4a.1jx: 	at X.1cF.A0H(:92)
10-17 16:24:32.624  8685  9046 E fb4a.1jx: 	at X.1cD.A02(:14)
10-17 16:24:32.624  8685  9046 E fb4a.1jx: 	at X.1c0.A03(:20)
10-17 16:24:32.624  8685  9046 E fb4a.1jx: 	at X.1UY.A02(:1319)
10-17 16:24:32.624  8685  9046 E fb4a.1jx: 	at X.1UY.DMM(:0)
10-17 16:24:32.624  8685  9046 E fb4a.1jx: 	at X.1Um.DMM(:12)
10-17 16:24:32.624  8685  9046 E fb4a.1jx: 	at X.1Um.run(:27)
10-17 16:24:32.624  8685  9046 E fb4a.1jx: 	at java.util.concurrent.Executors$RunnableAdapter.call(Executors.java:457)
10-17 16:24:32.624  8685  9046 E fb4a.1jx: 	at java.util.concurrent.FutureTask.run(FutureTask.java:266)
10-17 16:24:32.624  8685  9046 E fb4a.1jx: 	at X.1Eq.run(:47)
10-17 16:24:32.624  8685  9046 E fb4a.1jx: 	at java.util.concurrent.ThreadPoolExecutor.runWorker(ThreadPoolExecutor.java:1162)
10-17 16:24:32.624  8685  9046 E fb4a.1jx: 	at java.util.concurrent.ThreadPoolExecutor$Worker.run(ThreadPoolExecutor.java:636)
10-17 16:24:32.624  8685  9046 E fb4a.1jx: 	at X.1Ev.run(:3)
10-17 16:24:32.624  8685  9046 E fb4a.1jx: 	at X.1F1.run(:14)
10-17 16:24:32.624  8685  9046 E fb4a.1jx: 	at java.lang.Thread.run(Thread.java:764)
10-17 16:24:32.624  8685  8889 W fb4a.AppInitScheduler|Run:   Finished PreloadStoriesTrayQuery in 19ms
10-17 16:24:32.625  8685  8889 W fb4a.AppInitScheduler|Run: Running PreloadVideo
10-17 16:24:32.632  8685  8891 W fb4a.AppInitScheduler|Run:   Finished PreloadStoriesTrayFetchController in 79ms
10-17 16:24:32.633  8685  8891 W fb4a.AppInitScheduler|Run: Running RecordStartupLightSharedPreferenceUsages
10-17 16:24:32.633  8685  8891 W fb4a.AppInitScheduler|Run:   Finished RecordStartupLightSharedPreferenceUsages in 0ms
10-17 16:24:32.633  8685  8891 W fb4a.AppInitScheduler|Run: Running SetupBlockingBackgroundComponentReporting
10-17 16:24:32.635  8685  8891 W fb4a.AppInitScheduler|Run:   Finished SetupBlockingBackgroundComponentReporting in 1ms
10-17 16:24:32.635  8685  8891 W fb4a.AppInitScheduler|Run: Running StartupQPLReplayer
10-17 16:24:32.636  8685  8889 W fb4a.AppInitScheduler|Run:   Finished PreloadVideo in 11ms
10-17 16:24:32.652  8685  8881 E fb4a.1jx: Error de-serializing experiments for features
10-17 16:24:32.652  8685  8881 E fb4a.1jx: org.json.JSONException: End of input at character 0 of 
10-17 16:24:32.652  8685  8881 E fb4a.1jx: 	at org.json.JSONTokener.syntaxError(JSONTokener.java:449)
10-17 16:24:32.652  8685  8881 E fb4a.1jx: 	at org.json.JSONTokener.nextValue(JSONTokener.java:97)
10-17 16:24:32.652  8685  8881 E fb4a.1jx: 	at org.json.JSONObject.<init>(JSONObject.java:159)
10-17 16:24:32.652  8685  8881 E fb4a.1jx: 	at org.json.JSONObject.<init>(JSONObject.java:176)
10-17 16:24:32.652  8685  8881 E fb4a.1jx: 	at X.1jx.A00(:8)
10-17 16:24:32.652  8685  8881 E fb4a.1jx: 	at X.1j5.B9e(:26)
10-17 16:24:32.652  8685  8881 E fb4a.1jx: 	at X.1cF.A01(:39)
10-17 16:24:32.652  8685  8881 E fb4a.1jx: 	at X.1cF.A0A(:82)
10-17 16:24:32.652  8685  8881 E fb4a.1jx: 	at X.1cF.A0H(:92)
10-17 16:24:32.652  8685  8881 E fb4a.1jx: 	at X.1cD.A02(:14)
10-17 16:24:32.652  8685  8881 E fb4a.1jx: 	at X.1cD.A03(:0)
10-17 16:24:32.652  8685  8881 E fb4a.1jx: 	at X.1c4.A0T(:10)
10-17 16:24:32.652  8685  8881 E fb4a.1jx: 	at X.Jdu.A0E(:1128)
10-17 16:24:32.652  8685  8881 E fb4a.1jx: 	at X.Jdu.A00(:2456)
10-17 16:24:32.652  8685  8881 E fb4a.1jx: 	at X.1Ap.A00(:63)
10-17 16:24:32.652  8685  8881 E fb4a.1jx: 	at X.1Bj.A07(:31)
10-17 16:24:32.652  8685  8881 E fb4a.1jx: 	at X.1C7.get(:39)
10-17 16:24:32.652  8685  8881 E fb4a.1jx: 	at X.1u2.get(:2)
10-17 16:24:32.652  8685  8881 E fb4a.1jx: 	at X.1u7.A08(:18)
10-17 16:24:32.652  8685  8881 E fb4a.1jx: 	at X.1u7.A0G(:1)
10-17 16:24:32.652  8685  8881 E fb4a.1jx: 	at X.1C9.Bx8(:2352)
10-17 16:24:32.652  8685  8881 E fb4a.1jx: 	at X.11q.run(:104)
10-17 16:24:32.652  8685  8881 E fb4a.1jx: 	at java.util.concurrent.ThreadPoolExecutor.runWorker(ThreadPoolExecutor.java:1162)
10-17 16:24:32.652  8685  8881 E fb4a.1jx: 	at java.util.concurrent.ThreadPoolExecutor$Worker.run(ThreadPoolExecutor.java:636)
10-17 16:24:32.652  8685  8881 E fb4a.1jx: 	at X.0m8.run(:8)
10-17 16:24:32.652  8685  8881 E fb4a.1jx: 	at java.lang.Thread.run(Thread.java:764)
10-17 16:24:32.655  8685  8891 W fb4a.AppInitScheduler|Run:   Finished StartupQPLReplayer in 20ms
10-17 16:24:32.655  8685  8891 W fb4a.AppInitScheduler|Run: Running StartupQPLTransitToMatureStage
10-17 16:24:32.656  8685  8891 W fb4a.AppInitScheduler|Run:   Finished StartupQPLTransitToMatureStage in 0ms
10-17 16:24:32.657  8685  8882 W fb4a.AppInitScheduler|Run:   Finished PreloadFreshFeedRanker in 145ms
10-17 16:24:32.668  3599  3918 D DnsProxyListener: DNSDBG::dns addrinfo af 0
10-17 16:24:32.670  8685  8881 W fb4a.AppInitScheduler|Run:   Finished PreloadInlineComposerProfileImage in 74ms
10-17 16:24:32.710  8549  8809 I BatteryMgr:DataCollectionService: stats => 1697552672710,295,4308,285,0,100
10-17 16:24:32.733  8685  8885 W ComponentDiscovery: Class com.google.firebase.dynamicloading.DynamicLoadingRegistrar is not an found.
10-17 16:24:32.743  8685  8884 W fb4a.AppInitScheduler|Run:   Finished PreloadFeedDataLoader in 237ms
10-17 16:24:32.746  8685  8892 W fb4a.AppInitScheduler|Run:   Finished PreloadFeedFullCacheLoad in 238ms
10-17 16:24:32.770  8685  8883 W fb4a.AppInitScheduler|Run:   Finished ProfiloBridgeFactoryImpl in 308ms
10-17 16:24:32.779  8593  8593 W GeckoSession: No history entries found.
10-17 16:24:32.821  8549  8809 I BatteryMgr:DataCollectionService: stats => 1697552672821,295,4308,285,0,100
10-17 16:24:32.846  3957  4128 D WifiService: getConnectionInfo uid=1000
10-17 16:24:32.872  8685  8798 W ResourceType: ResTable_typeSpec entry count inconsistent: given 88, previously 90
10-17 16:24:32.872  8685  8798 W ResourceType: ResTable_typeSpec entry count inconsistent: given 168, previously 172
10-17 16:24:32.879  8685  8798 W ResourceType: ResTable_typeSpec entry count inconsistent: given 3502, previously 3522
10-17 16:24:32.881  8685  8798 W ResourceType: ResTable_typeSpec entry count inconsistent: given 487, previously 4664
10-17 16:24:32.891  3599  3918 D DnsProxyListener: DNSDBG::dns addrinfo af 0
10-17 16:24:32.894  3599  3918 I chatty  : uid=0(root) /system/bin/netd identical 2 lines
10-17 16:24:32.908  3599  3918 D DnsProxyListener: DNSDBG::dns addrinfo af 0
10-17 16:24:32.918  8685  8890 W fb4a.AppInitScheduler|Run:   Finished PreloadReactions in 382ms
10-17 16:24:32.930  8549  8809 I BatteryMgr:DataCollectionService: stats => 1697552672930,295,4308,285,0,100
10-17 16:24:32.979  3957  4129 D WifiStateMachine:  ConnectedState !RSSI_PKTCNT_FETCH uid=1000 rt=504686192/1215060356 0 0 "ourhome" f4:6d:2f:12:cc:88 rssi=-49 f=5240 sc=60 link=433 tx=159.1, 11.4, 0.0  rx=178.3 bcn=35643 [on:0 tx:0 rx:0 period:737] from screen [on:193648 period:804160] score=60
10-17 16:24:32.981  3957  4129 D WifiStateMachine:  L2ConnectedState !RSSI_PKTCNT_FETCH uid=1000 rt=504686193/1215060357 0 0 "ourhome" f4:6d:2f:12:cc:88 rssi=-49 f=5240 sc=60 link=433 tx=159.1, 11.4, 0.0  rx=178.3 bcn=35643 [on:0 tx:0 rx:0 period:1] from screen [on:193648 period:804161] score=60
10-17 16:24:32.982  3957  4129 D WifiStateMachine: fetchRssiLinkSpeedAndFrequencyNative rssi=-51 linkspeed=433 freq=5240
10-17 16:24:32.982  3957  4129 V WifiConfigManager: Updating scan detail cache freq=5240 BSSID=f4:6d:2f:12:cc:88 RSSI=-50 for "ourhome"WPA_PSK
10-17 16:24:33.007  8685  8880 D TelephonyManager: getCellLocation : Caller (PID / UID / TID): 8685 / 10103 / 8880
10-17 16:24:33.031  8685  8880 D TelephonyManager: getAllCellInfo : Caller (PID / UID / TID): 8685 / 10103 / 8880
10-17 16:24:33.039  8549  8809 I BatteryMgr:DataCollectionService: stats => 1697552673039,295,4308,285,0,100
10-17 16:24:33.044  3957  4564 I ActivityManager: Killing 8390:com.google.android.gms/u0a25 (adj 900): 77127k from cached
10-17 16:24:33.047  3957  4564 W ActivityManager: Application dead when creating service ServiceRecord{a92a101 u0 com.google.android.gms/.ads.identifier.service.AdvertisingIdService}
10-17 16:24:33.048  3957  4564 W ActivityManager: Scheduling restart of crashed service com.google.android.gms/.chimera.GmsBoundBrokerService in 1000ms
10-17 16:24:33.048  3957  4564 W ActivityManager: Scheduling restart of crashed service com.google.android.gms/.ads.identifier.service.AdvertisingIdService in 11000ms
10-17 16:24:33.053  3957  4564 W ActivityManager: Scheduling restart of crashed service com.google.android.gms/.ads.identifier.service.AdvertisingIdService in 44000ms
10-17 16:24:33.054  3957  4564 W ActivityManager: Exception when starting service com.google.android.gms/.ads.identifier.service.AdvertisingIdService
10-17 16:24:33.054  3957  4564 W ActivityManager: android.os.DeadObjectException
10-17 16:24:33.054  3957  4564 W ActivityManager: 	at android.os.BinderProxy.transactNative(Native Method)
10-17 16:24:33.054  3957  4564 W ActivityManager: 	at android.os.BinderProxy.transact(Binder.java:761)
10-17 16:24:33.054  3957  4564 W ActivityManager: 	at android.app.IApplicationThread$Stub$Proxy.scheduleCreateService(IApplicationThread.java:1381)
10-17 16:24:33.054  3957  4564 W ActivityManager: 	at com.android.server.am.ActiveServices.realStartServiceLocked(ActiveServices.java:2505)
10-17 16:24:33.054  3957  4564 W ActivityManager: 	at com.android.server.am.ActiveServices.bringUpServiceLocked(ActiveServices.java:2403)
10-17 16:24:33.054  3957  4564 W ActivityManager: 	at com.android.server.am.ActiveServices.bindServiceLocked(ActiveServices.java:1583)
10-17 16:24:33.054  3957  4564 W ActivityManager: 	at com.android.server.am.ActivityManagerService.bindService(ActivityManagerService.java:22703)
10-17 16:24:33.054  3957  4564 W ActivityManager: 	at android.app.IActivityManager$Stub.onTransact(IActivityManager.java:584)
10-17 16:24:33.054  3957  4564 W ActivityManager: 	at com.android.server.am.ActivityManagerService.onTransact(ActivityManagerService.java:3861)
10-17 16:24:33.054  3957  4564 W ActivityManager: 	at android.os.Binder.execTransact(Binder.java:682)
10-17 16:24:33.065  8685  8697 I zygote  : Do partial code cache collection, code=0B, data=31KB
10-17 16:24:33.068  8685  8697 I zygote  : After code cache collection, code=0B, data=31KB
10-17 16:24:33.068  8685  8697 I zygote  : Increasing code cache capacity to 128KB
10-17 16:24:33.069  8685  8880 W fb4a.AppInitScheduler|Run:   Finished EagerInitTigonLiger in 1083ms
10-17 16:24:33.069  8685  8880 W fb4a.AppInitScheduler|Run: Running GraphServiceEagerInit
10-17 16:24:33.074  8685  8889 W fb4a.AppInitScheduler|Run: Running ZeroLibraryInitializer
10-17 16:24:33.074  8685  8889 W fb4a.AppInitScheduler|Run:   Finished ZeroLibraryInitializer in 0ms
10-17 16:24:33.090  8685  8980 D TelephonyManager: getCellLocation : Caller (PID / UID / TID): 8685 / 10103 / 8980
10-17 16:24:33.096  8685  8980 D TelephonyManager: getAllCellInfo : Caller (PID / UID / TID): 8685 / 10103 / 8980
10-17 16:24:33.117  8685  8980 D TelephonyManager: getCellLocation : Caller (PID / UID / TID): 8685 / 10103 / 8980
10-17 16:24:33.123  8685  8980 D TelephonyManager: getAllCellInfo : Caller (PID / UID / TID): 8685 / 10103 / 8980
10-17 16:24:33.150  8549  8809 I BatteryMgr:DataCollectionService: stats => 1697552673149,295,4308,285,0,100
10-17 16:24:33.150  8685  8880 W fb4a.AppInitScheduler|Run:   Finished GraphServiceEagerInit in 81ms
10-17 16:24:33.151  8685  8880 W fb4a.AppInitScheduler|Run: All work finished.
10-17 16:24:33.201  8685  8715 I zygote  : Background concurrent copying GC freed 53160(4MB) AllocSpace objects, 51(1164KB) LOS objects, 50% free, 6MB/13MB, paused 8.422ms total 208.116ms
10-17 16:24:33.207  8685  8712 W JavaBinder: BinderProxy is being destroyed but the application did not call unlinkToDeath to unlink all of its death recipients beforehand.  Releasing leaked death recipient: X.07b
10-17 16:24:33.253  3957  6478 D WifiService: getConnectionInfo uid=1000
10-17 16:24:33.259  8549  8809 I BatteryMgr:DataCollectionService: stats => 1697552673258,295,4308,285,0,100
10-17 16:24:33.293  8685  8697 I zygote  : Do partial code cache collection, code=47KB, data=62KB
10-17 16:24:33.293  8685  8697 I zygote  : After code cache collection, code=47KB, data=62KB
10-17 16:24:33.293  8685  8697 I zygote  : Increasing code cache capacity to 256KB
10-17 16:24:33.367  8549  8809 I BatteryMgr:DataCollectionService: stats => 1697552673367,295,4308,285,0,100
10-17 16:24:33.474  8549  8809 I BatteryMgr:DataCollectionService: stats => 1697552673474,295,4308,285,0,100
10-17 16:24:33.582  8549  8809 I BatteryMgr:DataCollectionService: stats => 1697552673582,295,4308,285,0,100
10-17 16:24:33.702  8549  8809 I BatteryMgr:DataCollectionService: stats => 1697552673701,295,4308,285,0,100
10-17 16:24:33.812  8549  8809 I BatteryMgr:DataCollectionService: stats => 1697552673812,295,4308,285,0,100
10-17 16:24:33.848  3957  4128 D WifiService: getConnectionInfo uid=1000
10-17 16:24:33.904  3599  3918 D DnsProxyListener: DNSDBG::dns addrinfo af 0
10-17 16:24:33.920  8549  8809 I BatteryMgr:DataCollectionService: stats => 1697552673920,295,4308,285,0,100
10-17 16:24:33.981  3957  4129 D WifiStateMachine:  ConnectedState !RSSI_PKTCNT_FETCH uid=1000 rt=504687193/1215061358 0 0 "ourhome" f4:6d:2f:12:cc:88 rssi=-51 f=5240 sc=60 link=433 tx=159.1, 11.4, 0.0  rx=178.3 bcn=35643 [on:0 tx:0 rx:0 period:1000] from screen [on:193648 period:805161] score=60
10-17 16:24:33.982  3957  4129 D WifiStateMachine:  L2ConnectedState !RSSI_PKTCNT_FETCH uid=1000 rt=504687195/1215061359 0 0 "ourhome" f4:6d:2f:12:cc:88 rssi=-51 f=5240 sc=60 link=433 tx=159.1, 11.4, 0.0  rx=178.3 bcn=35643 [on:0 tx:0 rx:0 period:2] from screen [on:193648 period:805163] score=60
10-17 16:24:33.983  3957  4129 D WifiStateMachine: fetchRssiLinkSpeedAndFrequencyNative rssi=-50 linkspeed=433 freq=5240
10-17 16:24:33.983  3957  4129 V WifiConfigManager: Updating scan detail cache freq=5240 BSSID=f4:6d:2f:12:cc:88 RSSI=-50 for "ourhome"WPA_PSK
10-17 16:24:34.028  8549  8809 I BatteryMgr:DataCollectionService: stats => 1697552674028,295,4308,285,0,100
10-17 16:24:34.051  3957  3972 D StorageManagerService: getExternalStorageMountMode : 3
10-17 16:24:34.051  3957  3972 D StorageManagerService: getExternalStorageMountMode : 3
10-17 16:24:34.051  3957  3972 D StorageManagerService: getExternalStorageMountMode : final mountMode=3, uid : 10025, packageName : com.google.android.gms
10-17 16:24:34.052  3957  3972 I ApplicationPolicy: isApplicationExternalStorageWhitelisted:com.google.android.gms user:0
10-17 16:24:34.052  3957  3972 D ApplicationPolicy: isApplicationExternalStorageWhitelisted: DO is not enabled on user 0. Allowed.
10-17 16:24:34.052  3957  3972 D ActivityManager: package  com.google.android.gms, user - 0 is SDcard whitelisted
10-17 16:24:34.052  3957  3972 I ApplicationPolicy: isApplicationExternalStorageBlacklisted:com.google.android.gms user:0
10-17 16:24:34.052  3957  3972 D ApplicationPolicy: isApplicationExternalStorageBlacklisted: DO is not enabled on user 0. Allowed.
10-17 16:24:34.068  9096  9096 E Zygote  : isWhitelistProcess - Process is Whitelisted
10-17 16:24:34.068  9096  9096 E libpersona: scanKnoxPersonas
10-17 16:24:34.068  9096  9096 E libpersona: Couldn't open the File - /data/system/users/0/personalist.xml - No such file or directory
10-17 16:24:34.068  3957  3972 I ActivityManager: Start proc 9096:com.google.android.gms/u0a25 for service com.google.android.gms/.chimera.GmsBoundBrokerService
10-17 16:24:34.070  9096  9096 W SELinux : SELinux selinux_android_compute_policy_index : Policy Index[2],  Con:u:r:zygote:s0 RAM:SEPF_SM-J720F_8.0.0_0002, [-1 -1 -1 -1 0 1]
10-17 16:24:34.071  9096  9096 I SELinux : SELinux: seapp_context_lookup: seinfo=gmscore, level=s0:c512,c768, pkgname=com.google.android.gms 
10-17 16:24:34.095  9096  9096 D TimaKeyStoreProvider: TimaKeyStore is not enabled: cannot add TimaSignature Service and generateKeyPair Service
10-17 16:24:34.095  9096  9096 D ActivityThread: Added TimaKeyStore provider
10-17 16:24:34.098  3957  4460 I ActivityManager: DSS on for com.google.android.gms and scale is 1.0
10-17 16:24:34.127  9096  9096 I zygote64: find the special shared library, skip check
10-17 16:24:34.130  9096  9096 I zygote64: find the special shared library, skip check
10-17 16:24:34.137  8549  8809 I BatteryMgr:DataCollectionService: stats => 1697552674137,295,4308,285,0,100
10-17 16:24:34.139  9096  9096 I zygote64: Failed to open app image /data/app/com.google.android.gms-AZfjFdj-utx9CTeTC8hgjw==/oat/arm64/base.art Oat checksum 0x54d3469c does not match the image one 0xfafd175c in image /data/app/com.google.android.gms-AZfjFdj-utx9CTeTC8hgjw==/oat/arm64/base.art
10-17 16:24:34.146  8685  9001 W fb4a.MultiSignalANRDetectorLacrima: Pausing error state checks
10-17 16:24:34.150  9096  9096 W ResourceType: ResTable_typeSpec entry count inconsistent: given 88, previously 90
10-17 16:24:34.150  9096  9096 W ResourceType: ResTable_typeSpec entry count inconsistent: given 168, previously 172
10-17 16:24:34.151  9096  9096 W ResourceType: ResTable_typeSpec entry count inconsistent: given 3502, previously 3522
10-17 16:24:34.151  9096  9096 W ResourceType: ResTable_typeSpec entry count inconsistent: given 487, previously 4664
10-17 16:24:34.247  8549  8809 I BatteryMgr:DataCollectionService: stats => 1697552674247,295,4308,285,0,100
10-17 16:24:34.320  9096  9096 W ProviderHelper: Unknown dynamite feature providerinstaller.dynamite
10-17 16:24:34.321  9096  9096 I DynamiteModule: Considering local module com.google.android.gms.providerinstaller.dynamite:1 and remote module com.google.android.gms.providerinstaller.dynamite:0
10-17 16:24:34.322  9096  9096 I DynamiteModule: Selected local version of com.google.android.gms.providerinstaller.dynamite
10-17 16:24:34.329  9096  9096 V NativeCrypto: Registering com/google/android/gms/org/conscrypt/NativeCrypto's 302 native methods...
10-17 16:24:34.357  9096  9096 D NetworkSecurityConfig: Using Network Security Config from resource network_security_config debugBuild: false
10-17 16:24:34.361  9096  9096 I ProviderInstaller: Installed default security provider GmsCore_OpenSSL
10-17 16:24:34.367  8549  8809 I BatteryMgr:DataCollectionService: stats => 1697552674367,295,4308,285,0,100
10-17 16:24:34.448  9096  9096 W crtl    : Primes not initialized, returning default (no-op) Primes instance which will ignore all calls. Please call Primes.initialize(...) before using any Primes API.
10-17 16:24:34.448  9096  9096 W crtl    : deyt: FULL
10-17 16:24:34.448  9096  9096 W crtl    : 	at a.I(:com.google.android.gms@233717019@23.37.17 (040400-570218080):9)
10-17 16:24:34.448  9096  9096 W crtl    : 	at crtl.a(:com.google.android.gms@233717019@23.37.17 (040400-570218080):32)
10-17 16:24:34.448  9096  9096 W crtl    : 	at com.google.android.gms.common.app.GmsApplication.onCreate(:com.google.android.gms@233717019@23.37.17 (040400-570218080):421)
10-17 16:24:34.448  9096  9096 W crtl    : 	at android.app.Instrumentation.callApplicationOnCreate(Instrumentation.java:1125)
10-17 16:24:34.448  9096  9096 W crtl    : 	at android.app.ActivityThread.handleBindApplication(ActivityThread.java:6058)
10-17 16:24:34.448  9096  9096 W crtl    : 	at android.app.ActivityThread.-wrap1(Unknown Source:0)
10-17 16:24:34.448  9096  9096 W crtl    : 	at android.app.ActivityThread$H.handleMessage(ActivityThread.java:1764)
10-17 16:24:34.448  9096  9096 W crtl    : 	at android.os.Handler.dispatchMessage(Handler.java:105)
10-17 16:24:34.448  9096  9096 W crtl    : 	at android.os.Looper.loop(Looper.java:164)
10-17 16:24:34.448  9096  9096 W crtl    : 	at android.app.ActivityThread.main(ActivityThread.java:6940)
10-17 16:24:34.448  9096  9096 W crtl    : 	at java.lang.reflect.Method.invoke(Native Method)
10-17 16:24:34.448  9096  9096 W crtl    : 	at com.android.internal.os.Zygote$MethodAndArgsCaller.run(Zygote.java:327)
10-17 16:24:34.448  9096  9096 W crtl    : 	at com.android.internal.os.ZygoteInit.main(ZygoteInit.java:1374)
10-17 16:24:34.450  9096  9124 I GMS_MM_Logger: (REDACTED) Start time: %s
10-17 16:24:34.451  9096  9124 I GMS_MM_Logger: Started.
10-17 16:24:34.458  9096  9124 I Watchcat: Started
10-17 16:24:34.477  8549  8809 I BatteryMgr:DataCollectionService: stats => 1697552674477,295,4308,285,0,100
10-17 16:24:34.488  9096  9124 I ProcStatsManager: Proc stats logger installed and started.
10-17 16:24:34.496  9096  9107 I DynamiteModule: Considering local module com.google.android.gms.googlecertificates:7 and remote module com.google.android.gms.googlecertificates:7
10-17 16:24:34.496  9096  9107 I DynamiteModule: Selected local version of com.google.android.gms.googlecertificates
10-17 16:24:34.571  3599  3918 D DnsProxyListener: DNSDBG::dns addrinfo af 0
10-17 16:24:34.576  9096  9096 D BoundBrokerSvc: onBind: Intent { act=com.google.android.mobstore.service.START pkg=com.google.android.gms }
10-17 16:24:34.576  9096  9096 D BoundBrokerSvc: Loading bound service for intent: Intent { act=com.google.android.mobstore.service.START pkg=com.google.android.gms }
10-17 16:24:34.591  8549  8809 I BatteryMgr:DataCollectionService: stats => 1697552674591,295,4308,285,0,100
10-17 16:24:34.636  8761  8859 E vulkan  : invalid vkGetInstanceProcAddr(VK_NULL_HANDLE, "vkEnumerateInstanceVersion") call
10-17 16:24:34.636  8761  8859 E vulkan  : invalid vkGetInstanceProcAddr(VK_NULL_HANDLE, "vkEnumerateInstanceVersion") call
10-17 16:24:34.645  8761  8859 D vulkan  : searching for layers in '/data/app/org.mozilla.fenix-iWpGOrf8cry6RDpwHyQugA==/lib/arm64'
10-17 16:24:34.646  8761  8859 D vulkan  : searching for layers in '/data/app/org.mozilla.fenix-iWpGOrf8cry6RDpwHyQugA==/base.apk!/lib/arm64-v8a'
10-17 16:24:34.655  8761  8859 D vulkan  : vulkan api version_1_0 1.0.0
10-17 16:24:34.655  8761  8859 D vulkan  : vulkan header version 46
10-17 16:24:34.673  3957  3966 I zygote64: Background concurrent copying GC freed 315990(12MB) AllocSpace objects, 93(1860KB) LOS objects, 36% free, 41MB/65MB, paused 646us total 212.471ms
10-17 16:24:34.702  8549  8809 I BatteryMgr:DataCollectionService: stats => 1697552674702,295,4308,285,0,100
10-17 16:24:34.725  3957  9774 D StorageManagerService: getExternalStorageMountMode : 3
10-17 16:24:34.725  3957  9774 D StorageManagerService: getExternalStorageMountMode : 3
10-17 16:24:34.726  3957  9774 D StorageManagerService: getExternalStorageMountMode : final mountMode=3, uid : 10044, packageName : com.android.vending
10-17 16:24:34.726  3957  9774 I ApplicationPolicy: isApplicationExternalStorageWhitelisted:com.android.vending user:0
10-17 16:24:34.726  3957  9774 D ApplicationPolicy: isApplicationExternalStorageWhitelisted: DO is not enabled on user 0. Allowed.
10-17 16:24:34.727  3957  9774 D ActivityManager: package  com.android.vending, user - 0 is SDcard whitelisted
10-17 16:24:34.727  3957  9774 I ApplicationPolicy: isApplicationExternalStorageBlacklisted:com.android.vending user:0
10-17 16:24:34.727  3957  9774 D ApplicationPolicy: isApplicationExternalStorageBlacklisted: DO is not enabled on user 0. Allowed.
10-17 16:24:34.742  3957  9774 I ActivityManager: Start proc 9143:com.android.vending/u0a44 for service com.android.vending/com.google.android.finsky.externalreferrer.GetInstallReferrerService
10-17 16:24:34.742  3599  3918 D DnsProxyListener: DNSDBG::dns addrinfo af 0
10-17 16:24:34.743  9143  9143 E Zygote  : isWhitelistProcess - Process is Whitelisted
10-17 16:24:34.745  9143  9143 E libpersona: scanKnoxPersonas
10-17 16:24:34.745  9143  9143 E libpersona: Couldn't open the File - /data/system/users/0/personalist.xml - No such file or directory
10-17 16:24:34.748  9143  9143 W SELinux : SELinux selinux_android_compute_policy_index : Policy Index[2],  Con:u:r:zygote:s0 RAM:SEPF_SM-J720F_8.0.0_0002, [-1 -1 -1 -1 0 1]
10-17 16:24:34.749  9143  9143 I SELinux : SELinux: seapp_context_lookup: seinfo=gmscore, level=s0:c512,c768, pkgname=com.android.vending 
10-17 16:24:34.790  9143  9143 D TimaKeyStoreProvider: TimaKeyStore is not enabled: cannot add TimaSignature Service and generateKeyPair Service
10-17 16:24:34.791  9143  9143 D ActivityThread: Added TimaKeyStore provider
10-17 16:24:34.796  3957  4460 I ActivityManager: DSS on for com.android.vending and scale is 1.0
10-17 16:24:34.812  8549  8809 I BatteryMgr:DataCollectionService: stats => 1697552674812,295,4308,285,0,100
10-17 16:24:34.840  9143  9143 I zygote64: no shared libraies, dex_files: 1
10-17 16:24:34.850  3957  4128 D WifiService: getConnectionInfo uid=1000
10-17 16:24:34.921  8549  8809 I BatteryMgr:DataCollectionService: stats => 1697552674921,295,4308,285,0,100
10-17 16:24:34.960  3957  4460 D ConnectivityService: filterNetworkStateForUid() uid: 10169 networkInfo: [type: WIFI[] - WIFI, state: CONNECTED/CONNECTED, reason: (unspecified), extra: "ourhome", failover: false, available: true, roaming: false, metered: false]
10-17 16:24:34.960  3957  4460 D WifiService: getConnectionInfo uid=1000
10-17 16:24:34.982  3957  4129 D WifiStateMachine:  ConnectedState !RSSI_PKTCNT_FETCH uid=1000 rt=504688195/1215062359 0 0 "ourhome" f4:6d:2f:12:cc:88 rssi=-50 f=5240 sc=60 link=433 tx=159.1, 11.4, 0.0  rx=178.3 bcn=35643 [on:0 tx:0 rx:0 period:1000] from screen [on:193648 period:806163] score=60
10-17 16:24:34.983  3957  4129 D WifiStateMachine:  L2ConnectedState !RSSI_PKTCNT_FETCH uid=1000 rt=504688196/1215062360 0 0 "ourhome" f4:6d:2f:12:cc:88 rssi=-50 f=5240 sc=60 link=433 tx=159.1, 11.4, 0.0  rx=178.3 bcn=35643 [on:0 tx:0 rx:0 period:1] from screen [on:193648 period:806164] score=60
10-17 16:24:34.985  3957  4129 D WifiStateMachine: fetchRssiLinkSpeedAndFrequencyNative rssi=-51 linkspeed=433 freq=5240
10-17 16:24:34.985  3957  4129 V WifiConfigManager: Updating scan detail cache freq=5240 BSSID=f4:6d:2f:12:cc:88 RSSI=-50 for "ourhome"WPA_PSK
10-17 16:24:34.996  9143  9143 W ResourceType: ResTable_typeSpec entry count inconsistent: given 212, previously 242
10-17 16:24:35.015  8593  8593 I GeckoSession: handleMessage GeckoView:PageStop uri=null
10-17 16:24:35.027  8593  8632 I SessionStorage/AutoSave: Save: Load finished
10-17 16:24:35.040  8549  8809 I BatteryMgr:DataCollectionService: stats => 1697552675040,295,4308,285,0,100
10-17 16:24:35.147  8549  8809 I BatteryMgr:DataCollectionService: stats => 1697552675147,295,4308,285,0,100
10-17 16:24:35.219  9143  9143 I Finsky  : [2] khj.i(84): Process created at version: 37.9.18-21 [0] [PR] 571399392
10-17 16:24:35.239  3957  4129 D WifiStateMachine:  ConnectedState !CMD_RSSI_POLL rt=504688452/1215062616 81 0 "ourhome" f4:6d:2f:12:cc:88 rssi=-51 f=5240 sc=60 link=433 tx=159.1, 11.4, 0.0  rx=178.3 bcn=35643 [on:0 tx:0 rx:0 period:256] from screen [on:193648 period:806420] score=60
10-17 16:24:35.240  3957  4129 D WifiStateMachine:  L2ConnectedState !CMD_RSSI_POLL rt=504688453/1215062617 81 0 "ourhome" f4:6d:2f:12:cc:88 rssi=-51 f=5240 sc=60 link=433 tx=159.1, 11.4, 0.0  rx=178.3 bcn=35643 [on:0 tx:0 rx:0 period:1] from screen [on:193648 period:806421] score=60
10-17 16:24:35.240  3957  4129 D WifiStateMachine:  get link layer stats 3
10-17 16:24:35.240  3436  3436 I android.hardware.wifi@1.0-service: getLinkLayerStats
10-17 16:24:35.243  3957  4129 D WifiStateMachine: fetchRssiLinkSpeedAndFrequencyNative rssi=-50 linkspeed=433 freq=5240
10-17 16:24:35.243  3957  4129 V WifiConfigManager: Updating scan detail cache freq=5240 BSSID=f4:6d:2f:12:cc:88 RSSI=-50 for "ourhome"WPA_PSK
10-17 16:24:35.246  4340  4340 E SignalClusterView: setSlotFocusVisible : subId -2
10-17 16:24:35.246  4340  4340 E SignalClusterView: setSlotFocusVisible : subId -2
10-17 16:24:35.255  8549  8809 I BatteryMgr:DataCollectionService: stats => 1697552675255,295,4308,285,0,100
10-17 16:24:35.363  8549  8809 I BatteryMgr:DataCollectionService: stats => 1697552675363,295,4308,285,0,100
10-17 16:24:35.470  8549  8809 I BatteryMgr:DataCollectionService: stats => 1697552675470,295,4308,285,0,100
10-17 16:24:35.578  8549  8809 I BatteryMgr:DataCollectionService: stats => 1697552675578,295,4308,285,0,100
10-17 16:24:35.611  9143  9174 E Finsky  : Getting early startup flag value without initialization: PhoneskyPhenotype__enable_flag_update_entry_point
10-17 16:24:35.613  9143  9173 I Finsky  : [16168] aiff.bk(289): Finished reading experiment flags from file [0tGUNCGIkbk4o6-fQ335kUYSKwVj4lusnHT-A5Dsy08] numFlags=1260.
10-17 16:24:35.621  9143  9174 I Finsky  : [16169] aiff.bk(289): Finished reading experiment flags from file [0tGUNCGIkbk4o6-fQ335kUYSKwVj4lusnHT-A5Dsy08] numFlags=1260.
10-17 16:24:35.623  9143  9173 I Finsky  : [16168] aiff.bk(289): Finished reading experiment flags from file [Se-xCc4LzNyh3UrKMIU2sUf-PUKz4oQEbpKZDMuaFno] numFlags=1775.
10-17 16:24:35.686  8549  8809 I BatteryMgr:DataCollectionService: stats => 1697552675686,295,4308,285,0,100
10-17 16:24:35.720  3559  3559 E audit   : type=1400 audit(1697552675.714:4288): avc:  denied  { read } for  pid=9180 comm="pool-36-thread-" name="version" dev="proc" ino=4026532182 scontext=u:r:untrusted_app:s0:c512,c768 tcontext=u:object_r:proc:s0 tclass=file permissive=0 SEPF_SM-J720F_8.0.0_0002 audit_filtered
10-17 16:24:35.720  3559  3559 E audit   : type=1300 audit(1697552675.714:4288): arch=c00000b7 syscall=48 success=no exit=-13 a0=ffffff9c a1=743ff04cb0 a2=4 a3=0 items=0 ppid=3579 pid=9180 auid=4294967295 uid=10169 gid=10169 euid=10169 suid=10169 fsuid=10169 egid=10169 sgid=10169 fsgid=10169 tty=(none) ses=4294967295 comm="pool-36-thread-" exe="/system/bin/app_process64" subj=u:r:untrusted_app:s0:c512,c768 key=(null)
10-17 16:24:35.720  3559  3559 E audit   : type=1327 audit(1697552675.714:4288): proctitle="org.mozilla.fenix"
10-17 16:24:35.736  8593  8593 D ConnectivityManager: requestNetwork; CallingUid : 10169, CallingPid : 8593
10-17 16:24:35.737  3957  9774 D ConnectivityService: requestNetwork for uid/pid:10169/8593 NetworkRequest [ TRACK_DEFAULT id=1596, [ Capabilities: INTERNET&NOT_RESTRICTED&TRUSTED&NOT_VPN] ]
10-17 16:24:35.737  3957  4157 D ConnectivityService: rematching NetworkAgentInfo [WIFI () - 508]
10-17 16:24:35.738  3957  4157 D ConnectivityService:  network has: [ Transports: WIFI Capabilities: NOT_METERED&INTERNET&NOT_RESTRICTED&TRUSTED&NOT_VPN&VALIDATED&FOREGROUND LinkUpBandwidth>=1048576Kbps LinkDnBandwidth>=1048576Kbps SignalStrength: -51]
10-17 16:24:35.738  3957  4157 D ConnectivityService:   checking if request is satisfied: NetworkRequest [ TRACK_DEFAULT id=1596, [ Capabilities: INTERNET&NOT_RESTRICTED&TRUSTED&NOT_VPN] ]
10-17 16:24:35.738  3957  4157 D ConnectivityService: currentScore = 0, newScore = 100
10-17 16:24:35.738  3957  4157 D ConnectivityService: rematch for NetworkAgentInfo [WIFI () - 508]
10-17 16:24:35.738  3957  4157 D ConnectivityService:    accepting network in place of null
10-17 16:24:35.738  3957  4157 D ConnectivityService: sending new Min Network Score(100): NetworkRequest [ TRACK_DEFAULT id=1596, [ Capabilities: INTERNET&NOT_RESTRICTED&TRUSTED&NOT_VPN] ]
10-17 16:24:35.738  3957  4313 D Ethernet: got request NetworkRequest [ TRACK_DEFAULT id=1596, [ Capabilities: INTERNET&NOT_RESTRICTED&TRUSTED&NOT_VPN] ] with score 100
10-17 16:24:35.738  3957  4313 D Ethernet:   my score=-1, my filter=[ Transports: ETHERNET Capabilities: INTERNET&NOT_RESTRICTED&TRUSTED&NOT_VPN LinkUpBandwidth>=100000Kbps LinkDnBandwidth>=100000Kbps]
10-17 16:24:35.738  3957  4313 D Ethernet: evalRequest
10-17 16:24:35.738  3957  4313 D Ethernet:   done
10-17 16:24:35.738  3957  4153 D WIFI_P2P: got request NetworkRequest [ TRACK_DEFAULT id=1596, [ Capabilities: INTERNET&NOT_RESTRICTED&TRUSTED&NOT_VPN] ] with score 100
10-17 16:24:35.738  3957  4157 D ConnectivityService: MultiNetwork Request(TransportType - Wi-Fi request). Internet Capability doesn't required (false)
10-17 16:24:35.739  3957  4157 D ConnectivityService: Network NetworkAgentInfo [WIFI () - 508] was already satisfying request 1. No change.
10-17 16:24:35.739  3957  4153 D WIFI_P2P:   my score=60, my filter=[ Transports: WIFI Capabilities: WIFI_P2P&NOT_RESTRICTED&TRUSTED&NOT_VPN LinkUpBandwidth>=1048576Kbps LinkDnBandwidth>=1048576Kbps]
10-17 16:24:35.739  3957  4153 D WIFI_P2P: evalRequest
10-17 16:24:35.739  3957  4157 D ConnectivityService: Network NetworkAgentInfo [WIFI () - 508] was already satisfying request 1593. No change.
10-17 16:24:35.739  3957  4153 D WIFI_P2P:   done
10-17 16:24:35.739  3957  4157 D ConnectivityService: Network NetworkAgentInfo [WIFI () - 508] was already satisfying request 3. No change.
10-17 16:24:35.739  3957  4129 D WIFI    : got request NetworkRequest [ TRACK_DEFAULT id=1596, [ Capabilities: INTERNET&NOT_RESTRICTED&TRUSTED&NOT_VPN] ] with score 100
10-17 16:24:35.739  4616  4616 D PhoneSwitcherNetworkRequstListener: got request NetworkRequest [ TRACK_DEFAULT id=1596, [ Capabilities: INTERNET&NOT_RESTRICTED&TRUSTED&NOT_VPN] ] with score 100
10-17 16:24:35.739  3957  4157 D ConnectivityService: sending notification AVAILABLE for NetworkRequest [ TRACK_DEFAULT id=1596, [ Capabilities: INTERNET&NOT_RESTRICTED&TRUSTED&NOT_VPN] ]
10-17 16:24:35.739  3957  4129 D WIFI    :   my score=60, my filter=[ Transports: WIFI Capabilities: NOT_METERED&INTERNET&NOT_RESTRICTED&TRUSTED&NOT_VPN LinkUpBandwidth>=1048576Kbps LinkDnBandwidth>=1048576Kbps]
10-17 16:24:35.739  3957  4129 D WIFI    : evalRequest
10-17 16:24:35.739  3957  4129 D WIFI    :   done
10-17 16:24:35.739  3957  4129 D WIFI_UT : got request NetworkRequest [ TRACK_DEFAULT id=1596, [ Capabilities: INTERNET&NOT_RESTRICTED&TRUSTED&NOT_VPN] ] with score 100
10-17 16:24:35.739  3957  4129 D WIFI_UT :   my score=2147483647, my filter=[ Transports: WIFI Capabilities: NOT_METERED&INTERNET&NOT_RESTRICTED&TRUSTED&NOT_VPN LinkUpBandwidth>=1048576Kbps LinkDnBandwidth>=1048576Kbps]
10-17 16:24:35.739  3957  4129 D WIFI_UT : evalRequest
10-17 16:24:35.739  3957  4129 D WIFI_UT :   needNetworkFor
10-17 16:24:35.739  3957  4157 D ConnectivityService: sending notification CAP_CHANGED for NetworkRequest [ TRACK_DEFAULT id=1596, [ Capabilities: INTERNET&NOT_RESTRICTED&TRUSTED&NOT_VPN] ]
10-17 16:24:35.739  4616  4616 D PhoneSwitcherNetworkRequstListener:   my score=101, my filter=[ Transports: CELLULAR Capabilities: MMS&SUPL&DUN&FOTA&IMS&CBS&IA&RCS&XCAP&EIMS&INTERNET&NOT_RESTRICTED&TRUSTED&NOT_VPN&ENT1 Specifier: <android.net.MatchAllNetworkSpecifier@0>]
10-17 16:24:35.739  4616  4616 D PhoneSwitcherNetworkRequstListener: evalRequest
10-17 16:24:35.739  4616  4616 D PhoneSwitcherNetworkRequstListener:   needNetworkFor
10-17 16:24:35.739  3957  4157 D ConnectivityService: sending notification IP_CHANGED for NetworkRequest [ TRACK_DEFAULT id=1596, [ Capabilities: INTERNET&NOT_RESTRICTED&TRUSTED&NOT_VPN] ]
10-17 16:24:35.746  3957  4460 D ConnectivityService: filterNetworkStateForUid() uid: 10169 networkInfo: [type: WIFI[] - WIFI, state: CONNECTED/CONNECTED, reason: (unspecified), extra: "ourhome", failover: false, available: true, roaming: false, metered: false]
10-17 16:24:35.746  3957  4460 D WifiService: getConnectionInfo uid=1000
10-17 16:24:35.750  8593  9190 D NetworkSecurityConfig: No Network Security Config specified, using platform default
10-17 16:24:35.751  8593  8593 I glean/Glean: Registering pings for org.mozilla.fenix.GleanMetrics.Pings
10-17 16:24:35.761  8593  9190 I System.out: (HTTPLog)-Static: isSBSettingEnabled false
10-17 16:24:35.762  8593  9190 I System.out: (HTTPLog)-Static: isSBSettingEnabled false
10-17 16:24:35.763  3599  3918 D DnsProxyListener: DNSDBG::dns addrinfo af 0
10-17 16:24:35.764  8593  8632 I FenixApplication: Running post-visual completeness tasks...
10-17 16:24:35.764  8593  8632 I FenixApplication: Storage initialization...
10-17 16:24:35.764  8593  8632 I PlacesHistoryStorage: Warming up places storage...
10-17 16:24:35.764  8593  8632 I PlacesHistoryStorage: 'Warming up places storage' took 0 ms
10-17 16:24:35.764  8593  8632 I PlacesBookmarksStorage: Warming up places storage...
10-17 16:24:35.764  8593  8632 I PlacesBookmarksStorage: 'Warming up places storage' took 0 ms
10-17 16:24:35.765  8593  8632 I SyncableLoginsStorage: Warming up storage...
10-17 16:24:35.765  8593  8632 I SyncableLoginsStorage: 'Warming up storage' took 0 ms
10-17 16:24:35.766  8593  8632 I AutofillCCAddressesStorage: Warming up storage...
10-17 16:24:35.767  8593  8632 I AutofillCCAddressesStorage: 'Warming up storage' took 0 ms
10-17 16:24:35.771  8593  8593 I ColdStartupDuration: COLD MAIN Application.<init> to first frame: 1227 ms
10-17 16:24:35.772  8593  8593 I FenixApplication: Kicking-off account manager...
10-17 16:24:35.772  8593  8593 I FenixApplication: 'Kicking-off account manager' took 0 ms
10-17 16:24:35.779  3957  8661 D ConnectivityService: filterNetworkStateForUid() uid: 10169 networkInfo: [type: WIFI[] - WIFI, state: CONNECTED/CONNECTED, reason: (unspecified), extra: "ourhome", failover: false, available: true, roaming: false, metered: false]
10-17 16:24:35.779  3957  8661 D WifiService: getConnectionInfo uid=1000
10-17 16:24:35.791  9143  9174 I Finsky  : [16169] aiff.bk(289): Finished reading experiment flags from file [cDXKMAm20gnql81lkHY0kpZ363Z9OGuPpqWoMw-jNkY] numFlags=1786.
10-17 16:24:35.794  8549  8809 I BatteryMgr:DataCollectionService: stats => 1697552675794,295,4308,285,0,100
10-17 16:24:35.848  9143  9154 I zygote64: Background concurrent copying GC freed 11913(993KB) AllocSpace objects, 2(40KB) LOS objects, 49% free, 1618KB/3MB, paused 9.295ms total 74.477ms
10-17 16:24:35.848  9143  9170 I Finsky  : [16165] kez.Q(10): pcsi: PROCESS_START
10-17 16:24:35.851  3957  8661 D PackageManager: setEnabledSetting : userId = 0 packageName = com.android.vending cmp = com.google.android.finsky.prewarmservice.PrewarmService newState = 1 callingPackage = 10044/com.android.vending
10-17 16:24:35.853  3957  4128 D WifiService: getConnectionInfo uid=1000
10-17 16:24:35.862  8593  8604 I zygote64: Background concurrent copying GC freed 59350(2MB) AllocSpace objects, 31(728KB) LOS objects, 49% free, 4MB/9MB, paused 3.270ms total 110.159ms
10-17 16:24:35.864  3957  8661 D ConnectivityService: filterNetworkStateForUid() uid: 10169 networkInfo: [type: WIFI[] - WIFI, state: CONNECTED/CONNECTED, reason: (unspecified), extra: "ourhome", failover: false, available: true, roaming: false, metered: false]
10-17 16:24:35.864  3957  8661 D WifiService: getConnectionInfo uid=1000
10-17 16:24:35.866  8593  9190 I System.out: (HTTPLog)-Static: isSBSettingEnabled false
10-17 16:24:35.867  8593  9190 I System.out: (HTTPLog)-Static: isSBSettingEnabled false
10-17 16:24:35.873  9143  9171 I Finsky  : [16166] wib.<init>(76): wid - Registering in memory receiver for android.intent.action.PACKAGE_ADDED and android.intent.action.PACKAGE_REMOVED
10-17 16:24:35.875  9143  9143 I Finsky  : [2] kez.ap(748): Profiling: Starting up (1)
10-17 16:24:35.885  3957  4030 D SensorService: [SO] 0.101 -0.225 9.993
10-17 16:24:35.907  8549  8809 I BatteryMgr:DataCollectionService: stats => 1697552675907,295,4308,285,0,100
10-17 16:24:35.942  3957  9774 D ConnectivityService: filterNetworkStateForUid() uid: 10169 networkInfo: [type: WIFI[] - WIFI, state: CONNECTED/CONNECTED, reason: (unspecified), extra: "ourhome", failover: false, available: true, roaming: false, metered: false]
10-17 16:24:35.942  3957  9774 D WifiService: getConnectionInfo uid=1000
10-17 16:24:35.942  9143  9143 I Finsky  : [2] khj.i(514): AsyncInit: Mandatory tasks are executed!
10-17 16:24:35.943  8593  9190 I System.out: (HTTPLog)-Static: isSBSettingEnabled false
10-17 16:24:35.944  8593  9190 I System.out: (HTTPLog)-Static: isSBSettingEnabled false
10-17 16:24:35.970  9143  9171 I Finsky  : [16166] mgk.g(45): Subscription detail: N/A
10-17 16:24:35.971  8593  8632 I FenixApplication: 'Storage initialization' took 207 ms
10-17 16:24:35.983  3957  4129 D WifiStateMachine:  ConnectedState !RSSI_PKTCNT_FETCH uid=1000 rt=504689196/1215063360 0 0 "ourhome" f4:6d:2f:12:cc:88 rssi=-50 f=5240 sc=60 link=433 tx=363.5, 27.0, 0.0  rx=448.5 bcn=35672 [on:0 tx:0 rx:0 period:738] from screen [on:196306 period:807164] score=60
10-17 16:24:35.984  3957  4129 D WifiStateMachine:  L2ConnectedState !RSSI_PKTCNT_FETCH uid=1000 rt=504689197/1215063361 0 0 "ourhome" f4:6d:2f:12:cc:88 rssi=-50 f=5240 sc=60 link=433 tx=363.5, 27.0, 0.0  rx=448.5 bcn=35672 [on:0 tx:0 rx:0 period:1] from screen [on:196306 period:807165] score=60
10-17 16:24:35.986  3957  4129 D WifiStateMachine: fetchRssiLinkSpeedAndFrequencyNative rssi=-51 linkspeed=433 freq=5240
10-17 16:24:35.986  3957  4129 V WifiConfigManager: Updating scan detail cache freq=5240 BSSID=f4:6d:2f:12:cc:88 RSSI=-50 for "ourhome"WPA_PSK
10-17 16:24:35.987  3957  9774 D PackageManager: setEnabledSetting : userId = 0 packageName = com.android.vending cmp = com.android.vending.AssetBrowserActivity newState = 1 callingPackage = 10044/com.android.vending
10-17 16:24:35.995  3957  8661 D ConnectivityService: filterNetworkStateForUid() uid: 10169 networkInfo: [type: WIFI[] - WIFI, state: CONNECTED/CONNECTED, reason: (unspecified), extra: "ourhome", failover: false, available: true, roaming: false, metered: false]
10-17 16:24:35.996  3957  8661 D WifiService: getConnectionInfo uid=1000
10-17 16:24:35.996  3957  9774 D PackageManager: setEnabledSetting : userId = 0 packageName = com.android.vending cmp = com.google.android.finsky.activities.DebugActivity newState = 2 callingPackage = 10044/com.android.vending
10-17 16:24:35.997  8593  9190 I System.out: (HTTPLog)-Static: isSBSettingEnabled false
10-17 16:24:35.997  8593  9190 I System.out: (HTTPLog)-Static: isSBSettingEnabled false
10-17 16:24:36.008  3599  3918 D DnsProxyListener: DNSDBG::dns addrinfo af 0
10-17 16:24:36.016  9143  9173 I Finsky  : [16168] ancv.g(20): SysUA: Disable SystemUpdateActivity, because Android is lower than Q
10-17 16:24:36.017  3957  8661 D ConnectivityService: filterNetworkStateForUid() uid: 10044 networkInfo: [type: WIFI[] - WIFI, state: CONNECTED/CONNECTED, reason: (unspecified), extra: "ourhome", failover: false, available: true, roaming: false, metered: false]
10-17 16:24:36.017  8549  8809 I BatteryMgr:DataCollectionService: stats => 1697552676017,295,4308,285,0,100
10-17 16:24:36.017  3957  8661 D WifiService: getConnectionInfo uid=1000
10-17 16:24:36.023  3599  3918 D DnsProxyListener: DNSDBG::dns addrinfo af 0
10-17 16:24:36.028  3957  8661 D PackageManager: setEnabledSetting : userId = 0 packageName = com.android.vending cmp = com.google.android.finsky.systemcomponentupdateui.common.SystemComponentUpdateActivity newState = 1 callingPackage = 10044/com.android.vending
10-17 16:24:36.028  3957  9774 D PackageManager: setEnabledSetting : userId = 0 packageName = com.android.vending cmp = com.google.android.finsky.systemupdateactivity.SystemUpdateActivity newState = 2 callingPackage = 10044/com.android.vending
10-17 16:24:36.031  3957  9774 D PackageManager: setEnabledSetting : userId = 0 packageName = com.android.vending cmp = com.google.android.finsky.systemupdateactivity.SettingsSecurityEntryPoint newState = 2 callingPackage = 10044/com.android.vending
10-17 16:24:36.032  9143  9215 I Finsky  : [16190] mdr.run(145): SysUA: Set SystemUpdateActivity enabled state to 2
10-17 16:24:36.034  3599  3918 D DnsProxyListener: DNSDBG::dns addrinfo af 0
10-17 16:24:36.034  3957  4460 D PackageManager: setEnabledSetting : userId = 0 packageName = com.android.vending cmp = com.google.android.finsky.hibernation.impl.UnhibernateActivity newState = 1 callingPackage = 10044/com.android.vending
10-17 16:24:36.037  9143  9213 I Finsky  : [16189] qxm.run(367): SysCUA: Set {com.android.vending/com.google.android.finsky.systemcomponentupdateui.common.SystemComponentUpdateActivity} enabled state to 1
10-17 16:24:36.038  9143  9172 W linker  : "/data/app/com.android.vending-hPcCrQG-AfN-9-S7PUJzHA==/split_config.arm64_v8a.apk!/lib/arm64-v8a/libcronet.114.0.5735.84.so" unused DT entry: type 0x70000001 arg 0x0
10-17 16:24:36.038  9143  9208 I Finsky  : [16185] pk.run(78): Set UnhibernateActivity enabled state to 1
10-17 16:24:36.042  8690  8743 W linker  : "/data/app/org.mozilla.fenix-iWpGOrf8cry6RDpwHyQugA==/lib/arm64/libmozavutil.so" unused DT entry: type 0x8000024 arg 0x5340
10-17 16:24:36.042  8690  8743 W linker  : "/data/app/org.mozilla.fenix-iWpGOrf8cry6RDpwHyQugA==/lib/arm64/libmozavutil.so" unused DT entry: type 0x8000023 arg 0x220
10-17 16:24:36.043  8690  8743 W linker  : "/data/app/org.mozilla.fenix-iWpGOrf8cry6RDpwHyQugA==/lib/arm64/libmozavutil.so" unused DT entry: type 0x8000025 arg 0x8
10-17 16:24:36.044  9143  9211 D ConnectivityManager: requestNetwork; CallingUid : 10044, CallingPid : 9143
10-17 16:24:36.046  8690  8743 W linker  : "/data/app/org.mozilla.fenix-iWpGOrf8cry6RDpwHyQugA==/lib/arm64/libmozavcodec.so" unused DT entry: type 0x8000024 arg 0x3330
10-17 16:24:36.046  8690  8743 W linker  : "/data/app/org.mozilla.fenix-iWpGOrf8cry6RDpwHyQugA==/lib/arm64/libmozavcodec.so" unused DT entry: type 0x8000023 arg 0x358
10-17 16:24:36.046  8690  8743 W linker  : "/data/app/org.mozilla.fenix-iWpGOrf8cry6RDpwHyQugA==/lib/arm64/libmozavcodec.so" unused DT entry: type 0x8000025 arg 0x8
10-17 16:24:36.047  3957  4460 D ConnectivityService: listenForNetwork for uid/pid:10044/9143 NetworkRequest [ LISTEN id=1597, [ Capabilities: INTERNET&NOT_RESTRICTED&TRUSTED] ]
10-17 16:24:36.048  3957  4157 D ConnectivityService: rematching NetworkAgentInfo [WIFI () - 508]
10-17 16:24:36.048  3957  4157 D ConnectivityService:  network has: [ Transports: WIFI Capabilities: NOT_METERED&INTERNET&NOT_RESTRICTED&TRUSTED&NOT_VPN&VALIDATED&FOREGROUND LinkUpBandwidth>=1048576Kbps LinkDnBandwidth>=1048576Kbps SignalStrength: -51]
10-17 16:24:36.048  3957  4157 D ConnectivityService: Network NetworkAgentInfo [WIFI () - 508] was already satisfying request 1596. No change.
10-17 16:24:36.048  3957  4157 D ConnectivityService: Network NetworkAgentInfo [WIFI () - 508] was already satisfying request 1. No change.
10-17 16:24:36.048  3957  4157 D ConnectivityService: Network NetworkAgentInfo [WIFI () - 508] was already satisfying request 1593. No change.
