10-17 16:14:12.125  3957  4129 D WifiStateMachine:  L2ConnectedState !RSSI_PKTCNT_FETCH uid=1000 rt=504065338/1214439502 0 0 "ourhome" f4:6d:2f:12:cc:88 rssi=-44 f=5240 sc=60 link=433 tx=27.7, 3.5, 0.0  rx=45.9 bcn=29825 [on:0 tx:0 rx:0 period:2] from screen [on:66800 period:183306] score=60
10-17 16:14:12.128  3957  4129 D WifiStateMachine: fetchRssiLinkSpeedAndFrequencyNative rssi=-43 linkspeed=433 freq=5240
10-17 16:14:12.128  3957  4129 V WifiConfigManager: Updating scan detail cache freq=5240 BSSID=f4:6d:2f:12:cc:88 RSSI=-43 for "ourhome"WPA_PSK
10-17 16:14:12.129  2479  2548 D ScanRecord: Not a Multi Manu data
10-17 16:14:12.129  2479  2548 D ScanRecord: Not a Multi Manu data
10-17 16:14:12.214  2479  2548 I chatty  : uid=1002(bluetooth) BT Service Call identical 140 lines
10-17 16:14:12.214  2479  2548 D ScanRecord: Not a Multi Manu data
10-17 16:14:12.223  4703  5032 I BatteryMgr:DataCollectionService: stats => 1697552052223,-310,4308,-155,0,99
10-17 16:14:12.234  3957  8322 D ConnectivityService: filterNetworkStateForUid() uid: 10103 networkInfo: [type: WIFI[] - WIFI, state: CONNECTED/CONNECTED, reason: (unspecified), extra: "ourhome", failover: false, available: true, roaming: false, metered: false]
10-17 16:14:12.236  3957  8322 D WifiService: getConnectionInfo uid=1000
10-17 16:14:12.241  2479  2548 D ScanRecord: Not a Multi Manu data
10-17 16:14:12.252  2479  2548 I chatty  : uid=1002(bluetooth) BT Service Call identical 37 lines
10-17 16:14:12.252  2479  2548 D ScanRecord: Not a Multi Manu data
10-17 16:14:12.256  3957  4128 D WifiService: getConnectionInfo uid=1000
10-17 16:14:12.271  2479  2548 D ScanRecord: Not a Multi Manu data
10-17 16:14:12.287  2479  2548 I chatty  : uid=1002(bluetooth) BT Service Call identical 37 lines
10-17 16:14:12.287  2479  2548 D ScanRecord: Not a Multi Manu data
10-17 16:14:12.292  5480  5617 W DexLibLoader: ignoring dex metadata pragma [.locator_id 9]
10-17 16:14:12.298  5480  5617 W DexLibLoader: Build id used for apk identification
10-17 16:14:12.305  2479  2548 D ScanRecord: Not a Multi Manu data
10-17 16:14:12.317  2479  2548 I chatty  : uid=1002(bluetooth) BT Service Call identical 50 lines
10-17 16:14:12.317  2479  2548 D ScanRecord: Not a Multi Manu data
10-17 16:14:12.320  5480  5617 V XZ      : XZ native library initialized.
10-17 16:14:12.324  5480  5617 V XZ      : Cleaning up XZ decoder state.
10-17 16:14:12.329  4703  5032 I BatteryMgr:DataCollectionService: stats => 1697552052329,-310,4308,-155,0,99
10-17 16:14:12.333  2479  2548 D ScanRecord: Not a Multi Manu data
10-17 16:14:12.341  2479  2548 I chatty  : uid=1002(bluetooth) BT Service Call identical 37 lines
10-17 16:14:12.341  2479  2548 D ScanRecord: Not a Multi Manu data
10-17 16:14:12.344  5480  5617 W DexLibLoader: Comparing new 1697283756948 to old 1697283756948
10-17 16:14:12.344  2479  2548 D ScanRecord: Not a Multi Manu data
10-17 16:14:12.403  2479  2548 I chatty  : uid=1002(bluetooth) BT Service Call identical 102 lines
10-17 16:14:12.403  2479  2548 D ScanRecord: Not a Multi Manu data
10-17 16:14:12.407  5480  5632 W fb4a.HeliumWebViewFactoryProvider: Unable to initialize, Helium lazy provider already installed
10-17 16:14:12.420  2479  2548 D ScanRecord: Not a Multi Manu data
10-17 16:14:12.435  2479  2548 I chatty  : uid=1002(bluetooth) BT Service Call identical 37 lines
10-17 16:14:12.435  2479  2548 D ScanRecord: Not a Multi Manu data
10-17 16:14:12.437  4703  5032 I BatteryMgr:DataCollectionService: stats => 1697552052437,-310,4308,-155,0,99
10-17 16:14:12.441  2479  2548 D ScanRecord: Not a Multi Manu data
10-17 16:14:12.532  2479  2548 I chatty  : uid=1002(bluetooth) BT Service Call identical 102 lines
10-17 16:14:12.532  2479  2548 D ScanRecord: Not a Multi Manu data
10-17 16:14:12.543  4703  5032 I BatteryMgr:DataCollectionService: stats => 1697552052543,-310,4308,-155,0,99
10-17 16:14:12.649  4703  5032 I BatteryMgr:DataCollectionService: stats => 1697552052649,-310,4308,-155,0,99
10-17 16:14:12.658  3957  9632 D ConnectivityService: filterNetworkStateForUid() uid: 10103 networkInfo: [type: WIFI[] - WIFI, state: CONNECTED/CONNECTED, reason: (unspecified), extra: "ourhome", failover: false, available: true, roaming: false, metered: false]
10-17 16:14:12.658  3957  9632 D WifiService: getConnectionInfo uid=1000
10-17 16:14:12.675  3957  9632 I chatty  : uid=1000(system) Binder:3957_16 identical 3 lines
10-17 16:14:12.675  3957  9632 I chatty  : uid=1000(system) Binder:3957_16 identical 3 lines
10-17 16:14:12.677  3957  9632 D ConnectivityService: filterNetworkStateForUid() uid: 10103 networkInfo: [type: WIFI[] - WIFI, state: CONNECTED/CONNECTED, reason: (unspecified), extra: "ourhome", failover: false, available: true, roaming: false, metered: false]
10-17 16:14:12.677  3957  8322 D ConnectivityService: filterNetworkStateForUid() uid: 10103 networkInfo: [type: WIFI[] - WIFI, state: CONNECTED/CONNECTED, reason: (unspecified), extra: "ourhome", failover: false, available: true, roaming: false, metered: false]
10-17 16:14:12.677  3957  9632 D WifiService: getConnectionInfo uid=1000
10-17 16:14:12.678  3957  8322 D WifiService: getConnectionInfo uid=1000
10-17 16:14:12.679  3957  8322 D ConnectivityService: filterNetworkStateForUid() uid: 10103 networkInfo: [type: WIFI[] - WIFI, state: CONNECTED/CONNECTED, reason: (unspecified), extra: "ourhome", failover: false, available: true, roaming: false, metered: false]
10-17 16:14:12.679  3957  8322 D WifiService: getConnectionInfo uid=1000
10-17 16:14:12.680  3957  9632 D ConnectivityService: filterNetworkStateForUid() uid: 10103 networkInfo: [type: WIFI[] - WIFI, state: CONNECTED/CONNECTED, reason: (unspecified), extra: "ourhome", failover: false, available: true, roaming: false, metered: false]
10-17 16:14:12.680  3957  9632 D WifiService: getConnectionInfo uid=1000
10-17 16:14:12.682  3957  9632 D ConnectivityService: filterNetworkStateForUid() uid: 10103 networkInfo: [type: WIFI[] - WIFI, state: CONNECTED/CONNECTED, reason: (unspecified), extra: "ourhome", failover: false, available: true, roaming: false, metered: false]
10-17 16:14:12.683  3957  9632 D WifiService: getConnectionInfo uid=1000
10-17 16:14:12.683  3957  8322 D ConnectivityService: filterNetworkStateForUid() uid: 10103 networkInfo: [type: WIFI[] - WIFI, state: CONNECTED/CONNECTED, reason: (unspecified), extra: "ourhome", failover: false, available: true, roaming: false, metered: false]
10-17 16:14:12.683  3957  8322 D WifiService: getConnectionInfo uid=1000
10-17 16:14:12.685  3957  8322 D ConnectivityService: filterNetworkStateForUid() uid: 10103 networkInfo: [type: WIFI[] - WIFI, state: CONNECTED/CONNECTED, reason: (unspecified), extra: "ourhome", failover: false, available: true, roaming: false, metered: false]
10-17 16:14:12.685  3957  8322 D WifiService: getConnectionInfo uid=1000
10-17 16:14:12.755  4703  5032 I BatteryMgr:DataCollectionService: stats => 1697552052755,-162,4308,-174,0,99
10-17 16:14:12.792  3957  4306 D WifiConnectivityMonitor:  [|237] []
10-17 16:14:12.834  5480  5605 W fb4a.MobileConfigFactoryImpl: SESSIONBASED factory used for 1 param
10-17 16:14:12.863  4703  5032 I BatteryMgr:DataCollectionService: stats => 1697552052863,-162,4308,-174,0,99
10-17 16:14:12.877  3957  8322 I SamsungAlarmManager: setLocked to kernel - T:2 / 20231017T161726, SetElapsed=1214634339, nowELAPSED=1214440255
10-17 16:14:12.878  3957  8322 I SamsungAlarmManager: setLocked to kernel - T:3 / 20231017T161500, SetElapsed=1214487379, nowELAPSED=1214440256
10-17 16:14:12.878  3957  8322 D SamsungAlarmManager: setInexact Listener (T:2/F:0/AC:false) 20231017T161555 - CU:1000/CP:3957
10-17 16:14:12.878  3957  8322 I SamsungAlarmManager: setLocked to kernel - T:2 / 20231017T161555, SetElapsed=1214542781, nowELAPSED=1214440257
10-17 16:14:12.881  3957  8322 I SamsungAlarmManager: setLocked to kernel - T:3 / 20231017T161459, SetElapsed=1214487378, nowELAPSED=1214440260
10-17 16:14:12.882  3957  8322 D SamsungAlarmManager: setInexact Listener (T:2/F:0/AC:false) 20231017T162412 - CU:1000/CP:3957
10-17 16:14:12.911  5480  5504 I zygote  : Do full code cache collection, code=124KB, data=115KB
10-17 16:14:12.911  5480  5504 I zygote  : After code cache collection, code=101KB, data=59KB
10-17 16:14:12.912  5480  5504 I zygote  : Do partial code cache collection, code=101KB, data=67KB
10-17 16:14:12.913  5480  5504 I zygote  : After code cache collection, code=101KB, data=67KB
10-17 16:14:12.913  5480  5504 I zygote  : Increasing code cache capacity to 512KB
10-17 16:14:12.913  5480  5504 I zygote  : Compiler allocated 9MB to compile void X.2N6.run()
10-17 16:14:12.949  3957  9632 D BatteryService: !@BatteryListener : batteryPropertiesChanged!
10-17 16:14:12.976  4703  5032 I BatteryMgr:DataCollectionService: stats => 1697552052976,-162,4308,-174,0,99
10-17 16:14:13.007 16688 16688 D BoundBrokerSvc: onUnbind: Intent { act=com.google.android.gms.measurement.START pkg=com.google.android.gms }
10-17 16:14:13.046  3957  4129 D WifiStateMachine:  ConnectedState !CMD_RSSI_POLL rt=504066258/1214440422 81 0 "ourhome" f4:6d:2f:12:cc:88 rssi=-43 f=5240 sc=60 link=433 tx=27.7, 3.5, 0.0  rx=45.9 bcn=29825 [on:0 tx:0 rx:0 period:920] from screen [on:66800 period:184226] score=60
10-17 16:14:13.048  3957  4129 D WifiStateMachine:  L2ConnectedState !CMD_RSSI_POLL rt=504066260/1214440424 81 0 "ourhome" f4:6d:2f:12:cc:88 rssi=-43 f=5240 sc=60 link=433 tx=27.7, 3.5, 0.0  rx=45.9 bcn=29825 [on:0 tx:0 rx:0 period:3] from screen [on:66800 period:184229] score=60
10-17 16:14:13.048  3957  4129 D WifiStateMachine:  get link layer stats 3
10-17 16:14:13.049  3436  3436 I android.hardware.wifi@1.0-service: getLinkLayerStats
10-17 16:14:13.053  3957  4129 D WifiStateMachine: fetchRssiLinkSpeedAndFrequencyNative rssi=-46 linkspeed=433 freq=5240
10-17 16:14:13.053  3957  4129 V WifiConfigManager: Updating scan detail cache freq=5240 BSSID=f4:6d:2f:12:cc:88 RSSI=-44 for "ourhome"WPA_PSK
10-17 16:14:13.056  3957  9632 D PackageManager: setEnabledSetting : userId = 0 packageName = com.facebook.katana cmp = com.facebook.composer.shareintent.ImplicitShareIntentHandlerDefaultAlias newState = 1 callingPackage = 10103/com.facebook.katana
10-17 16:14:13.060  4340  4340 E SignalClusterView: setSlotFocusVisible : subId -2
10-17 16:14:13.061  4340  4340 E SignalClusterView: setSlotFocusVisible : subId -2
10-17 16:14:13.078  3957  9632 D PackageManager: setEnabledSetting : userId = 0 packageName = com.facebook.katana cmp = com.facebook.composer.shareintent.AddToStoryAlias newState = 1 callingPackage = 10103/com.facebook.katana
10-17 16:14:13.083  4703  5032 I BatteryMgr:DataCollectionService: stats => 1697552053083,-162,4308,-174,0,99
10-17 16:14:13.086  3957  9632 D PackageManager: setEnabledSetting : userId = 0 packageName = com.facebook.katana cmp = com.facebook.composer.shareintent.ShareToGroupsAlias newState = 1 callingPackage = 10103/com.facebook.katana
10-17 16:14:13.091  3957  3968 D PackageManager: setEnabledSetting : userId = 0 packageName = com.facebook.katana cmp = com.facebook.composer.shareintent.ShareToGroupsDisableSinglePhotoAlias newState = 2 callingPackage = 10103/com.facebook.katana
10-17 16:14:13.098  3957  3968 D WifiService: getConnectionInfo uid=10103
10-17 16:14:13.107  3957  3968 D WifiService: getConnectionInfo uid=10103
10-17 16:14:13.124  3957  4129 D WifiStateMachine:  ConnectedState !RSSI_PKTCNT_FETCH uid=1000 rt=504066337/1214440501 0 0 "ourhome" f4:6d:2f:12:cc:88 rssi=-46 f=5240 sc=60 link=433 tx=20.3, 1.3, 0.0  rx=39.6 bcn=29854 [on:0 tx:0 rx:0 period:66] from screen [on:67869 period:184305] score=60
10-17 16:14:13.125  3957  4129 D WifiStateMachine:  L2ConnectedState !RSSI_PKTCNT_FETCH uid=1000 rt=504066338/1214440502 0 0 "ourhome" f4:6d:2f:12:cc:88 rssi=-46 f=5240 sc=60 link=433 tx=20.3, 1.3, 0.0  rx=39.6 bcn=29854 [on:0 tx:0 rx:0 period:1] from screen [on:67869 period:184306] score=60
10-17 16:14:13.126  3957  4129 D WifiStateMachine: fetchRssiLinkSpeedAndFrequencyNative rssi=-46 linkspeed=433 freq=5240
10-17 16:14:13.126  3957  4129 V WifiConfigManager: Updating scan detail cache freq=5240 BSSID=f4:6d:2f:12:cc:88 RSSI=-45 for "ourhome"WPA_PSK
10-17 16:14:13.133  5480  5605 W fb4a.ServiceInfoParser: X.4CE: Service com.facebook.browser.lite.BrowserLiteIntentService is missing meta key com.facebook.common.jobscheduler.compat.jobIds
10-17 16:14:13.133  5480  5605 W fb4a.ServiceInfoParser: X.4CE: Service com.facebook.browser.lite.BrowserLiteInMainProcessIntentService is missing meta key com.facebook.common.jobscheduler.compat.jobIds
10-17 16:14:13.134  5480  5605 W fb4a.ServiceInfoParser: X.4CE: Service com.facebook.businessintegrity.cloakingdetection.service.CloakingDetectionService is missing meta key com.facebook.common.jobscheduler.compat.jobIds
10-17 16:14:13.134  5480  5605 W fb4a.ServiceInfoParser: X.4CE: Service com.facebook.contacts.service.ContactLocaleChangeService is missing meta key com.facebook.common.jobscheduler.compat.jobIds
10-17 16:14:13.134  5480  5605 W fb4a.ServiceInfoParser: X.4CE: Service com.facebook.common.zopt.ZOptBackgroundService is missing meta key com.facebook.common.jobscheduler.compat.jobIds
10-17 16:14:13.134  5480  5605 W fb4a.ServiceInfoParser: X.4CE: Service com.facebook.account.login.notification.LoginNotificationService is missing meta key com.facebook.common.jobscheduler.compat.jobIds
10-17 16:14:13.140  5260  5295 I System.out: (HTTPLog)-Static: isSBSettingEnabled false
10-17 16:14:13.142  5480  5605 W fb4a.ServiceInfoParser: X.4CE: Service com.facebook.conditionalworker.ConditionalWorkerService is missing meta key com.facebook.common.jobscheduler.compat.jobIds
10-17 16:14:13.143  5260  5295 I System.out: (HTTPLog)-Static: isSBSettingEnabled false
10-17 16:14:13.143  5480  5605 W fb4a.ServiceInfoParser: X.4CE: Service com.facebook.fbservice.service.BlueServiceJobIntentService is missing meta key com.facebook.common.jobscheduler.compat.jobIds
10-17 16:14:13.143  5480  5605 W fb4a.ServiceInfoParser: X.4CE: Service com.facebook.notifications.appwidget.bugreporter.NotificationsWidgetDebugHelper is missing meta key com.facebook.common.jobscheduler.compat.jobIds
10-17 16:14:13.145  5480  5605 W fb4a.ServiceInfoParser: X.4CE: Service com.facebook.appcomponentmanager.AppComponentManagerService is missing meta key com.facebook.common.jobscheduler.compat.jobIds
10-17 16:14:13.145  5480  5605 W fb4a.ServiceInfoParser: X.4CE: Service com.facebook.confirmation.notification.ConfirmationNotificationService is missing meta key com.facebook.common.jobscheduler.compat.jobIds
10-17 16:14:13.145  5480  5605 W fb4a.ServiceInfoParser: X.4CE: Service com.facebook.battery.monitor.ContinuousBatteryMonitorService is missing meta key com.facebook.common.jobscheduler.compat.jobIds
10-17 16:14:13.146  5480  5605 W fb4a.ServiceInfoParser: X.4CE: Service com.facebook.papaya.fb.client.services.FBPapayaJobService is missing meta key com.facebook.common.jobscheduler.compat.jobIds
10-17 16:14:13.146  5480  5605 W fb4a.ServiceInfoParser: X.4CE: Service com.facebook.push.adm.ADMService is missing meta key com.facebook.common.jobscheduler.compat.jobIds
10-17 16:14:13.146  5480  5605 W fb4a.ServiceInfoParser: X.4CE: Service com.facebook.push.adm.ADMBroadcastReceiverJobBase is missing meta key com.facebook.common.jobscheduler.compat.jobIds
10-17 16:14:13.147  5480  5605 W fb4a.ServiceInfoParser: X.4CE: Service com.facebook.push.adm.ADMJobIntentService is missing meta key com.facebook.common.jobscheduler.compat.jobIds
10-17 16:14:13.147  5480  5605 W fb4a.ServiceInfoParser: X.4CE: Service com.facebook.push.fbpushdata.common.FbPushDataHandlerService is missing meta key com.facebook.common.jobscheduler.compat.jobIds
10-17 16:14:13.148  5480  5605 W fb4a.ServiceInfoParser: X.4CE: Service com.facebook.push.mqtt.service.MqttPushHelperService is missing meta key com.facebook.common.jobscheduler.compat.jobIds
10-17 16:14:13.148  5480  5605 W fb4a.ServiceInfoParser: X.4CE: Service com.facebook.push.registration.RegistrarHelperService is missing meta key com.facebook.common.jobscheduler.compat.jobIds
10-17 16:14:13.150  5480  5605 W fb4a.ServiceInfoParser: X.4CE: Service com.facebook.push.crossapp.PackageRemovedReporterService is missing meta key com.facebook.common.jobscheduler.compat.jobIds
10-17 16:14:13.150  5480  5605 W fb4a.ServiceInfoParser: X.4CE: Service com.facebook.reportaproblem.base.bugreport.BugReportUploadService is missing meta key com.facebook.common.jobscheduler.compat.jobIds
10-17 16:14:13.151  5480  5605 W fb4a.ServiceInfoParser: X.4CE: Service com.facebook.profilo.upload.TraceUploadRetryJob is missing meta key com.facebook.common.jobscheduler.compat.jobIds
10-17 16:14:13.151  5480  5605 W fb4a.ServiceInfoParser: X.4CE: Service com.facebook.registration.notification.RegistrationNotificationService is missing meta key com.facebook.common.jobscheduler.compat.jobIds
10-17 16:14:13.151  5480  5605 W fb4a.ServiceInfoParser: X.4CE: Service com.facebook.common.dextricks.DexOptimization$Service is missing meta key com.facebook.common.jobscheduler.compat.jobIds
10-17 16:14:13.152  5480  5605 W fb4a.ServiceInfoParser: X.4CE: Service com.facebook.common.dextricks.DexOptimizationJobService is missing meta key com.facebook.common.jobscheduler.compat.jobIds
10-17 16:14:13.152  5480  5605 W fb4a.ServiceInfoParser: X.4CE: Service com.facebook.glc.ScheduledWifiMonitorService is missing meta key com.facebook.common.jobscheduler.compat.jobIds
10-17 16:14:13.152  5480  5605 W fb4a.ServiceInfoParser: X.4CE: Service com.facebook.glc.GLCService is missing meta key com.facebook.common.jobscheduler.compat.jobIds
10-17 16:14:13.152  5480  5605 W fb4a.ServiceInfoParser: X.4CE: Service com.facebook.displaytimeinvalidation.service.DisplayTimeBlockIntentService is missing meta key com.facebook.common.jobscheduler.compat.jobIds
10-17 16:14:13.152  5480  5605 W fb4a.ServiceInfoParser: X.4CE: Service com.facebook.delayedworker.DelayedWorkerService is missing meta key com.facebook.common.jobscheduler.compat.jobIds
10-17 16:14:13.153  5480  5605 W fb4a.ServiceInfoParser: X.4CE: Service com.facebook.analytics2.logger.service.LollipopUploadSafeService is missing meta key com.facebook.common.jobscheduler.compat.jobIds
10-17 16:14:13.153  5480  5605 W fb4a.ServiceInfoParser: X.4CE: Service com.facebook.analytics2.logger.LollipopUploadService is missing meta key com.facebook.common.jobscheduler.compat.jobIds
10-17 16:14:13.153  5480  5605 W fb4a.ServiceInfoParser: X.4CE: Service com.facebook.compost.service.CompostNotificationService is missing meta key com.facebook.common.jobscheduler.compat.jobIds
10-17 16:14:13.153  5480  5605 W fb4a.ServiceInfoParser: X.4CE: Service com.facebook.videolite.api.jobscheduler.UploadJobSchedulerService is missing meta key com.facebook.common.jobscheduler.compat.jobIds
10-17 16:14:13.153  5480  5605 W fb4a.ServiceInfoParser: X.4CE: Service com.facebook.feed.platformads.AppInstallService is missing meta key com.facebook.common.jobscheduler.compat.jobIds
10-17 16:14:13.154  5480  5605 W fb4a.ServiceInfoParser: X.4CE: Service com.facebook.googleplay.GooglePlayInstallRefererService is missing meta key com.facebook.common.jobscheduler.compat.jobIds
10-17 16:14:13.154  5480  5605 W fb4a.ServiceInfoParser: X.4CE: Service com.facebook.oxygen.preloads.sdk.firstparty.managedappcache.IsManagedAppCacheJobService is missing meta key com.facebook.common.jobscheduler.compat.jobIds
10-17 16:14:13.155  5480  5605 W fb4a.ServiceInfoParser: X.4CE: Service com.facebook.orca.notify.MessagesNotificationService is missing meta key com.facebook.common.jobscheduler.compat.jobIds
10-17 16:14:13.155  5480  5605 W fb4a.ServiceInfoParser: X.4CE: Service com.facebook.push.negativefeedback.PushNegativeFeedbackFbJobIntentService is missing meta key com.facebook.common.jobscheduler.compat.jobIds
10-17 16:14:13.155  5480  5605 W fb4a.ServiceInfoParser: X.4CE: Service com.facebook.push.fcm.FcmRegistrarFbJobIntentService is missing meta key com.facebook.common.jobscheduler.compat.jobIds
10-17 16:14:13.156  5480  5605 W fb4a.ServiceInfoParser: X.4CE: Service com.facebook.messaging.prefs.notifications.NotificationPrefsSyncService is missing meta key com.facebook.common.jobscheduler.compat.jobIds
10-17 16:14:13.156  5480  5605 W fb4a.ServiceInfoParser: X.4CE: Service androidx.work.impl.background.systemjob.SystemJobService is missing meta key com.facebook.common.jobscheduler.compat.jobIds
10-17 16:14:13.156  5480  5605 W fb4a.ServiceInfoParser: X.4CE: Service com.facebook.voltron.download.scheduledinstaller.OxygenScheduledInstallerJobService is missing meta key com.facebook.common.jobscheduler.compat.jobIds
10-17 16:14:13.157  5480  5605 W fb4a.ServiceInfoParser: X.4CE: Service com.google.android.gms.analytics.AnalyticsJobService is missing meta key com.facebook.common.jobscheduler.compat.jobIds
10-17 16:14:13.168  3957  3968 D ConnectivityService: filterNetworkStateForUid() uid: 10103 networkInfo: [type: WIFI[] - WIFI, state: CONNECTED/CONNECTED, reason: (unspecified), extra: "ourhome", failover: false, available: true, roaming: false, metered: false]
10-17 16:14:13.168  3957  3968 D WifiService: getConnectionInfo uid=1000
10-17 16:14:13.169  3957  3968 D ConnectivityService: filterNetworkStateForUid() uid: 10103 networkInfo: [type: WIFI[] - WIFI, state: CONNECTED/CONNECTED, reason: (unspecified), extra: "ourhome", failover: false, available: true, roaming: false, metered: false]
10-17 16:14:13.169  3957  3968 D WifiService: getConnectionInfo uid=1000
10-17 16:14:13.173  3957  3972 W BroadcastQueue: Permission Denial: broadcasting Intent { act=android.net.conn.CONNECTIVITY_CHANGE flg=0x4000010 (has extras) } from null (pid=-1, uid=-1) requires com.facebook.permission.prod.FB_APP_COMMUNICATION due to registered receiver BroadcastFilter{9d47c7e u0 ReceiverList{6a26e39 5480 com.facebook.katana/10103/u0 remote:aec7600}}
10-17 16:14:13.189  4703  5032 I BatteryMgr:DataCollectionService: stats => 1697552053189,-162,4308,-174,0,99
10-17 16:14:13.258  3957  4128 D WifiService: getConnectionInfo uid=1000
10-17 16:14:13.294  4703  5032 I BatteryMgr:DataCollectionService: stats => 1697552053294,-162,4308,-174,0,99
10-17 16:14:13.399  4703  5032 I BatteryMgr:DataCollectionService: stats => 1697552053399,-162,4308,-174,0,99
10-17 16:14:13.462  3957  9632 D PackageManager: setEnabledSetting : userId = 0 packageName = com.facebook.katana cmp = com.facebook.fbpay.w3c.ipc.IsReadyToPayServiceImpl newState = 1 callingPackage = 10103/com.facebook.katana
10-17 16:14:13.470  3957  9632 D PackageManager: setEnabledSetting : userId = 0 packageName = com.facebook.katana cmp = com.facebook.fbpay.w3c.ipc.FBPaymentServiceImpl newState = 1 callingPackage = 10103/com.facebook.katana
10-17 16:14:13.475  3957  9632 D PackageManager: setEnabledSetting : userId = 0 packageName = com.facebook.katana cmp = com.facebook.fbpay.w3c.views.PaymentActivity newState = 1 callingPackage = 10103/com.facebook.katana
10-17 16:14:13.484  5480  5504 I zygote  : Method exceeds compiler instruction limit: 26848 in int X.1Up.A00(java.lang.String)
10-17 16:14:13.506  4703  5032 I BatteryMgr:DataCollectionService: stats => 1697552053506,-162,4308,-174,0,99
10-17 16:14:13.543  5480  5597 D skia    : --- SkAndroidCodec::NewFromStream returned null
10-17 16:14:13.543  5480  5605 D skia    : --- SkAndroidCodec::NewFromStream returned null
10-17 16:14:13.552  5480  5638 D skia    : --- SkAndroidCodec::NewFromStream returned null
10-17 16:14:13.560  5480  5631 D skia    : --- SkAndroidCodec::NewFromStream returned null
10-17 16:14:13.612  4703  5032 I BatteryMgr:DataCollectionService: stats => 1697552053612,-162,4308,-174,0,99
10-17 16:14:13.643  5480  5605 W fb4a.Fixie: Initialize FB4A_APP_INIT on thread: CombinedTP6
10-17 16:14:13.643  5480  5605 W fb4a.Fixie: No fixes for FB4A_APP_INIT
10-17 16:14:13.719  4703  5032 I BatteryMgr:DataCollectionService: stats => 1697552053719,-162,4308,-174,0,99
10-17 16:14:13.810  3957  9632 D PackageManager: setEnabledSetting : userId = 0 packageName = com.facebook.katana cmp = com.facebook.inspiration.fbshorts.shareintent.InpirationFbShortsShareAlias newState = 1 callingPackage = 10103/com.facebook.katana
10-17 16:14:13.815  3957  9632 D PackageManager: setEnabledSetting : userId = 0 packageName = com.facebook.katana cmp = com.facebook.inspiration.fbshorts.shareintent.InpirationFbShortsSharePhotoAlias newState = 2 callingPackage = 10103/com.facebook.katana
10-17 16:14:13.819  3957  9632 D PackageManager: setEnabledSetting : userId = 0 packageName = com.facebook.katana cmp = com.facebook.inspiration.fbshorts.shareintent.InpirationFbShortsShareMultipleAlias newState = 1 callingPackage = 10103/com.facebook.katana
10-17 16:14:13.827  4703  5032 I BatteryMgr:DataCollectionService: stats => 1697552053827,-162,4308,-174,0,99
10-17 16:14:13.831  3957  9632 D PackageManager: setEnabledSetting : userId = 0 packageName = com.facebook.katana cmp = com.facebook.inspiration.platformsharing.activity.InspirationCameraExternalShareActivity newState = 1 callingPackage = 10103/com.facebook.katana
10-17 16:14:13.933  4703  5032 I BatteryMgr:DataCollectionService: stats => 1697552053933,-162,4308,-174,0,99
10-17 16:14:14.039  4703  5032 I BatteryMgr:DataCollectionService: stats => 1697552054039,-162,4308,-174,0,99
10-17 16:14:14.063  3957  9632 D PackageManager: setEnabledSetting : userId = 0 packageName = com.facebook.katana cmp = androidx.work.impl.background.systemjob.SystemJobService newState = 1 callingPackage = 10103/com.facebook.katana
10-17 16:14:14.127  3957  4129 D WifiStateMachine:  ConnectedState !RSSI_PKTCNT_FETCH uid=1000 rt=504067339/1214441503 0 0 "ourhome" f4:6d:2f:12:cc:88 rssi=-46 f=5240 sc=60 link=433 tx=20.3, 1.3, 0.0  rx=39.6 bcn=29854 [on:0 tx:0 rx:0 period:1001] from screen [on:67869 period:185307] score=60
10-17 16:14:14.129  3957  4129 D WifiStateMachine:  L2ConnectedState !RSSI_PKTCNT_FETCH uid=1000 rt=504067341/1214441505 0 0 "ourhome" f4:6d:2f:12:cc:88 rssi=-46 f=5240 sc=60 link=433 tx=20.3, 1.3, 0.0  rx=39.6 bcn=29854 [on:0 tx:0 rx:0 period:3] from screen [on:67869 period:185310] score=60
10-17 16:14:14.135  3957  4129 D WifiStateMachine: fetchRssiLinkSpeedAndFrequencyNative rssi=-43 linkspeed=433 freq=5240
10-17 16:14:14.136  3957  4129 V WifiConfigManager: Updating scan detail cache freq=5240 BSSID=f4:6d:2f:12:cc:88 RSSI=-43 for "ourhome"WPA_PSK
10-17 16:14:14.146  4703  5032 I BatteryMgr:DataCollectionService: stats => 1697552054146,-162,4308,-174,0,99
10-17 16:14:14.225  3957  3972 D StorageManagerService: getExternalStorageMountMode : 1
10-17 16:14:14.225  3957  3972 D StorageManagerService: getExternalStorageMountMode : 3
10-17 16:14:14.226  3957  3972 D StorageManagerService: getExternalStorageMountMode : final mountMode=1, uid : 10003, packageName : com.sec.android.provider.badge
10-17 16:14:14.228  3957  3972 I ApplicationPolicy: isApplicationExternalStorageWhitelisted:com.sec.android.provider.badge user:0
10-17 16:14:14.229  3957  3972 D ApplicationPolicy: isApplicationExternalStorageWhitelisted: DO is not enabled on user 0. Allowed.
10-17 16:14:14.229  3957  3972 D ActivityManager: package  com.sec.android.provider.badge, user - 0 is SDcard whitelisted
10-17 16:14:14.229  3957  3972 I ApplicationPolicy: isApplicationExternalStorageBlacklisted:com.sec.android.provider.badge user:0
10-17 16:14:14.229  3957  3972 D ApplicationPolicy: isApplicationExternalStorageBlacklisted: DO is not enabled on user 0. Allowed.
10-17 16:14:14.260  3957  4128 D WifiService: getConnectionInfo uid=1000
10-17 16:14:14.296  5686  5686 E Zygote  : isWhitelistProcess - Process is Whitelisted
10-17 16:14:14.297  5686  5686 E libpersona: scanKnoxPersonas
10-17 16:14:14.298  5686  5686 E libpersona: Couldn't open the File - /data/system/users/0/personalist.xml - No such file or directory
10-17 16:14:14.311  5686  5686 W SELinux : SELinux selinux_android_compute_policy_index : Policy Index[2],  Con:u:r:zygote:s0 RAM:SEPF_SM-J720F_8.0.0_0002, [-1 -1 -1 -1 0 1]
10-17 16:14:14.315  5686  5686 I SELinux : SELinux: seapp_context_lookup: seinfo=platform, level=s0:c512,c768, pkgname=com.sec.android.provider.badge 
10-17 16:14:14.354  3957  3972 W ActivityManager: Slow operation: 147ms so far, now at startProcess: returned from zygote!
10-17 16:14:14.359  3957  3972 W ActivityManager: Slow operation: 152ms so far, now at startProcess: done updating battery stats
10-17 16:14:14.365  3957  3972 W ActivityManager: Slow operation: 158ms so far, now at startProcess: building log message
10-17 16:14:14.365  3957  3972 I ActivityManager: Start proc 5686:com.sec.android.provider.badge/u0a3 for broadcast com.sec.android.provider.badge/.BadgeCountReceiver
10-17 16:14:14.366  3957  3972 W ActivityManager: Slow operation: 159ms so far, now at startProcess: starting to update pids map
10-17 16:14:14.366  3957  3972 W ActivityManager: Slow operation: 159ms so far, now at startProcess: done updating pids map
10-17 16:14:14.366  3957  3972 W ActivityManager: Slow operation: 172ms so far, now at startProcess: done starting proc!
10-17 16:14:14.374  4703  5032 I BatteryMgr:DataCollectionService: stats => 1697552054374,-162,4308,-174,0,99
10-17 16:14:14.379  3957  3973 W Looper  : Dispatch took 168ms on android.ui, h=Handler (com.android.server.am.ActivityManagerService$UiHandler) {84f2c15} cb=null msg=53
10-17 16:14:14.413  4340  4731 D NetworkController.MobileSignalController(0/-2): onSignalStrengthsChanged signalStrength=SignalStrength: 25 99 -25 -200 -25 -200 -1 99 2147483647 2147483647 2147483647 2147483647 0 2147483647 0x4 P gsm|lte level=4
10-17 16:14:14.414  4340  4731 D NetworkController.MobileSignalController(0/-2): getMobileIconGroup(): 0
10-17 16:14:14.473  5686  5686 D TimaKeyStoreProvider: TimaKeyStore is not enabled: cannot add TimaSignature Service and generateKeyPair Service
10-17 16:14:14.476  5686  5686 D ActivityThread: Added TimaKeyStore provider
10-17 16:14:14.479  4703  5032 I BatteryMgr:DataCollectionService: stats => 1697552054479,-162,4308,-174,0,99
10-17 16:14:14.497  3957  9632 I ActivityManager: DSS on for com.sec.android.provider.badge and scale is 1.0
10-17 16:14:14.547  3957  9632 W ActivityManager: Slow operation: 51ms so far, now at attachApplicationLocked: after sendPendingBroadcastsLocked
10-17 16:14:14.585  4703  5032 I BatteryMgr:DataCollectionService: stats => 1697552054585,-162,4308,-174,0,99
10-17 16:14:14.691  4703  5032 I BatteryMgr:DataCollectionService: stats => 1697552054691,-162,4308,-174,0,99
10-17 16:14:14.799  4703  5032 I BatteryMgr:DataCollectionService: stats => 1697552054799,-162,4308,-174,0,99
10-17 16:14:14.906  4703  5032 I BatteryMgr:DataCollectionService: stats => 1697552054906,-162,4308,-174,0,99
10-17 16:14:15.012  4703  5032 I BatteryMgr:DataCollectionService: stats => 1697552055012,-162,4308,-174,0,99
10-17 16:14:15.085  5686  5686 I zygote64: no shared libraies, dex_files: 1
10-17 16:14:15.119  4703  5032 I BatteryMgr:DataCollectionService: stats => 1697552055119,-162,4308,-174,0,99
10-17 16:14:15.127  3957  4129 D WifiStateMachine:  ConnectedState !RSSI_PKTCNT_FETCH uid=1000 rt=504068340/1214442504 0 0 "ourhome" f4:6d:2f:12:cc:88 rssi=-43 f=5240 sc=60 link=433 tx=20.3, 1.3, 0.0  rx=39.6 bcn=29854 [on:0 tx:0 rx:0 period:998] from screen [on:67869 period:186308] score=60
10-17 16:14:15.128  3957  4129 D WifiStateMachine:  L2ConnectedState !RSSI_PKTCNT_FETCH uid=1000 rt=504068342/1214442506 0 0 "ourhome" f4:6d:2f:12:cc:88 rssi=-43 f=5240 sc=60 link=433 tx=20.3, 1.3, 0.0  rx=39.6 bcn=29854 [on:0 tx:0 rx:0 period:1] from screen [on:67869 period:186309] score=60
10-17 16:14:15.130  3957  4129 D WifiStateMachine: fetchRssiLinkSpeedAndFrequencyNative rssi=-43 linkspeed=433 freq=5240
10-17 16:14:15.130  3957  4129 V WifiConfigManager: Updating scan detail cache freq=5240 BSSID=f4:6d:2f:12:cc:88 RSSI=-43 for "ourhome"WPA_PSK
10-17 16:14:15.173  5686  5686 D BadgeProvider: onCreate
10-17 16:14:15.174  5686  5686 D BadgeProvider: DatabaseHelper
10-17 16:14:15.188  3957  9632 D PackageManager: setEnabledSetting : userId = 0 packageName = com.facebook.katana cmp = com.facebook.notifications.settings.InAppNotificationSettingsActivity newState = 2 callingPackage = 10103/com.facebook.katana
10-17 16:14:15.192  5686  5686 D BadgeCountReceiver: badge intent : Intent { act=android.intent.action.BADGE_COUNT_UPDATE flg=0x10 cmp=com.sec.android.provider.badge/.BadgeCountReceiver (has extras) }
10-17 16:14:15.192  5686  5686 D BadgeCountReceiver: packageName: com.facebook.katana, className: com.facebook.katana.LoginActivity, count: 0
10-17 16:14:15.224  4703  5032 I BatteryMgr:DataCollectionService: stats => 1697552055224,-162,4308,-174,0,99
10-17 16:14:15.262  3957  4128 D WifiService: getConnectionInfo uid=1000
10-17 16:14:15.276  5686  5686 D BadgeProvider: onOpen
10-17 16:14:15.280  5686  5686 D BaseReflect: null getOwnClass TEST
10-17 16:14:15.282  5686  5686 D MethodReflector: android.content.ContentResolver getClass TEST
10-17 16:14:15.282  5686  5686 D BaseReflect: class android.content.ContentResolver isSupportClass TEST
10-17 16:14:15.283  5686  5686 D BaseReflect: class android.content.ContentResolver getOwnClass TEST
10-17 16:14:15.294  5686  5686 D MethodReflector: notifyChange is called
10-17 16:14:15.295  5686  5686 D BadgeProvider: sendNotify entered. [uri] : content://com.sec.badge/apps
10-17 16:14:15.295  5686  5686 D BadgeProvider: sendNotify, [notify] : null
10-17 16:14:15.296  5686  5686 D BadgeProvider: update, getCallingPackage() : com.sec.android.provider.badge
10-17 16:14:15.296  5686  5686 D BadgeProvider: update, [uri] : content://com.sec.badge/apps
10-17 16:14:15.296  5686  5686 D BadgeProvider: update, [uri.query] : null
10-17 16:14:15.296  5686  5686 D BadgeProvider: update, [BadgeCount] : badgecount=0
10-17 16:14:15.296  5686  5686 D BadgeProvider: update, [UpdateCount] : 1
10-17 16:14:15.337  4703  5032 I BatteryMgr:DataCollectionService: stats => 1697552055337,-162,4308,-174,0,99
10-17 16:14:15.359  3957  3968 D ConnectivityService: filterNetworkStateForUid() uid: 10103 networkInfo: [type: WIFI[] - WIFI, state: CONNECTED/CONNECTED, reason: (unspecified), extra: "ourhome", failover: false, available: true, roaming: false, metered: false]
10-17 16:14:15.359  3957  3968 D WifiService: getConnectionInfo uid=1000
10-17 16:14:15.363  3957  3968 I SamsungAlarmManager: setLocked to kernel - T:2 / 20231017T161726, SetElapsed=1214634339, nowELAPSED=1214442741
10-17 16:14:15.364  3957  3968 D SamsungAlarmManager: setInexact Listener (T:2/F:0/AC:false) 20231017T161445 - CU:1000/CP:3957
10-17 16:14:15.364  3957  3968 I SamsungAlarmManager: setLocked to kernel - T:2 / 20231017T161445, SetElapsed=1214472733, nowELAPSED=1214442742
10-17 16:14:15.366  3957  3968 D ConnectivityService: filterNetworkStateForUid() uid: 10103 networkInfo: [type: WIFI[] - WIFI, state: CONNECTED/CONNECTED, reason: (unspecified), extra: "ourhome", failover: false, available: true, roaming: false, metered: false]
10-17 16:14:15.366  3957  3968 D WifiService: getConnectionInfo uid=1000
10-17 16:14:15.399  3957  9632 D ConnectivityService: filterNetworkStateForUid() uid: 10103 networkInfo: [type: WIFI[] - WIFI, state: CONNECTED/CONNECTED, reason: (unspecified), extra: "ourhome", failover: false, available: true, roaming: false, metered: false]
10-17 16:14:15.399  3957  9632 D WifiService: getConnectionInfo uid=1000
10-17 16:14:15.402  3957  9632 I SamsungAlarmManager: setLocked to kernel - T:2 / 20231017T161726, SetElapsed=1214634339, nowELAPSED=1214442781
10-17 16:14:15.403  3957  9632 I SamsungAlarmManager: setLocked to kernel - T:3 / 20231017T161500, SetElapsed=1214487379, nowELAPSED=1214442781
10-17 16:14:15.403  3957  9632 D SamsungAlarmManager: setExact Listener (T:2/F:0/AC:false) 20231017T161415 - CU:1000/CP:3957
10-17 16:14:15.403  3957  9632 I SamsungAlarmManager: setLocked to kernel - T:2 / 20231017T161416, SetElapsed=1214443778, nowELAPSED=1214442782
10-17 16:14:15.405  3957  9632 D ConnectivityService: filterNetworkStateForUid() uid: 10103 networkInfo: [type: WIFI[] - WIFI, state: CONNECTED/CONNECTED, reason: (unspecified), extra: "ourhome", failover: false, available: true, roaming: false, metered: false]
10-17 16:14:15.405  3957  9632 D WifiService: getConnectionInfo uid=1000
10-17 16:14:15.443  4703  5032 I BatteryMgr:DataCollectionService: stats => 1697552055443,-162,4308,-174,0,99
10-17 16:14:15.465  3957  9632 D PackageManager: setEnabledSetting : userId = 0 packageName = com.facebook.katana cmp = com.facebook.rti.orca.FbnsLiteBroadcastReceiver newState = 2 callingPackage = 10103/com.facebook.katana
10-17 16:14:15.502  5480  5638 W fb4a.SyncInitializer: Start regular sync initialization
10-17 16:14:15.510   426   426 D Notification.Badge: reloadBadges() entered.
10-17 16:14:15.526  4961  4961 D io_stats: !@ 179,0 r 7538281 241808324 w 1640100 34212704 d 131896 33924020 f 384341 405460 iot 3344712 2928289 th 51200 0 0 pt 0 inp 0 0 504068.740
10-17 16:14:15.550  5686  5699 D BadgeProvider: query, [selection] : null
10-17 16:14:15.551  4703  5032 I BatteryMgr:DataCollectionService: stats => 1697552055551,-162,4308,-174,0,99
10-17 16:14:15.557   426   444 D BadgeCache: 1. updateBadgeCounts: com.samsung.android.messaging = 0
10-17 16:14:15.558   426   444 D BadgeCache: 1. updateBadgeCounts: com.samsung.android.scloud = 1
10-17 16:14:15.558   426   444 D BadgeCache: 2. updateBadgeCounts: com.samsung.android.scloud/.app.ui.splash.launcher = 1
10-17 16:14:15.558   426   444 D BadgeCache: 1. updateBadgeCounts: com.samsung.android.voc = 0
10-17 16:14:15.558   426   444 D BadgeCache: 1. updateBadgeCounts: com.sec.android.app.sbrowser = -1
10-17 16:14:15.558   426   444 D BadgeCache: 2. updateBadgeCounts: com.sec.android.app.sbrowser/.SBrowserMainActivity = -1
10-17 16:14:15.558   426   444 D BadgeCache: 1. updateBadgeCounts: com.sec.android.app.samsungapps = 1
10-17 16:14:15.559   426   444 D BadgeCache: 2. updateBadgeCounts: com.sec.android.app.samsungapps/.SamsungAppsMainActivity = 1
10-17 16:14:15.559   426   444 D BadgeCache: 1. updateBadgeCounts: com.samsung.android.samsungpass = 1
10-17 16:14:15.559   426   444 D BadgeCache: 2. updateBadgeCounts: com.samsung.android.samsungpass/.launcher.EntryLauncher = 1
10-17 16:14:15.559   426   444 D BadgeCache: 1. updateBadgeCounts: com.google.android.youtube = 72
10-17 16:14:15.559  3957  3968 D ConnectivityService: filterNetworkStateForUid() uid: 10020 networkInfo: [type: WIFI[] - WIFI, state: CONNECTED/CONNECTED, reason: (unspecified), extra: "ourhome", failover: false, available: true, roaming: false, metered: false]
10-17 16:14:15.560   426   444 D BadgeCache: 2. updateBadgeCounts: com.google.android.youtube/.app.honeycomb.Shell$HomeActivity = 72
10-17 16:14:15.560  3957  3968 D WifiService: getConnectionInfo uid=1000
10-17 16:14:15.560   426   444 D BadgeCache: 1. updateBadgeCounts: com.facebook.katana = 0
10-17 16:14:15.560   426   444 D BadgeCache: 1. updateBadgeCounts: com.instagram.android = 0
10-17 16:14:15.560   426   444 D BadgeCache: 1. updateBadgeCounts: com.twitter.android = 14
10-17 16:14:15.560   426   444 D BadgeCache: 2. updateBadgeCounts: com.twitter.android/.StartActivity = 14
10-17 16:14:15.560   426   444 D BadgeCache: 1. updateBadgeCounts: nl.marktplaats.android = 0
10-17 16:14:15.568   426   444 D BadgeCache: updateBadgeCounts(), tempBadges.size() : [6], user : [UserHandle{0}]
10-17 16:14:15.568   426   444 D BadgeCache: updateBadgeCounts(), final size : 6
10-17 16:14:15.568   426   444 D Notification.Badge: reloadBadges(), badges count : 6
10-17 16:14:15.577  3957  3968 D ConnectivityService: filterNetworkStateForUid() uid: 10020 networkInfo: [type: WIFI[] - WIFI, state: CONNECTED/CONNECTED, reason: (unspecified), extra: "ourhome", failover: false, available: true, roaming: false, metered: false]
10-17 16:14:15.577  3957  3968 D WifiService: getConnectionInfo uid=1000
10-17 16:14:15.586  3957  3968 D PackageManager: setEnabledSetting : userId = 0 packageName = com.facebook.katana cmp = com.facebook.timeline.stagingground.Fb4aProfilePictureShareActivityAlias newState = 1 callingPackage = 10103/com.facebook.katana
10-17 16:14:15.591  3957  3968 D PackageManager: setEnabledSetting : userId = 0 packageName = com.facebook.katana cmp = com.facebook.timeline.stagingground.WorkProfilePictureShareActivityAlias newState = 2 callingPackage = 10103/com.facebook.katana
10-17 16:14:15.629  2230  2230 I Finsky  : [2] tys.onTrimMemory(13): Memory trim requested to level 60
10-17 16:14:15.650  2230  2230 I Finsky  : [2] nre.accept(78): Flushing in-memory image cache
10-17 16:14:15.657  4703  5032 I BatteryMgr:DataCollectionService: stats => 1697552055657,-162,4308,-174,0,99
10-17 16:14:15.675  2230  2230 I Finsky  : [2] tys.onTrimMemory(13): Memory trim requested to level 60
10-17 16:14:15.675  2230  2230 I Finsky  : [2] nre.accept(78): Flushing in-memory image cache
10-17 16:14:15.702  5480  5638 W fb4a.MobileConfigFactoryImpl: Invalid param type used for: L544:237
10-17 16:14:15.730  3957  3968 D ConnectivityService: filterNetworkStateForUid() uid: 10103 networkInfo: [type: WIFI[] - WIFI, state: CONNECTED/CONNECTED, reason: (unspecified), extra: "ourhome", failover: false, available: true, roaming: false, metered: false]
10-17 16:14:15.730  3957  3968 D WifiService: getConnectionInfo uid=1000
10-17 16:14:15.732  3957  3968 D ConnectivityService: filterNetworkStateForUid() uid: 10103 networkInfo: [type: WIFI[] - WIFI, state: CONNECTED/CONNECTED, reason: (unspecified), extra: "ourhome", failover: false, available: true, roaming: false, metered: false]
10-17 16:14:15.732  3957  3968 D WifiService: getConnectionInfo uid=1000
10-17 16:14:15.763  4703  5032 I BatteryMgr:DataCollectionService: stats => 1697552055763,-162,4308,-174,0,99
10-17 16:14:15.781  5480  5717 W AudioCapabilities: Unsupported mime audio/mpeg-L1
10-17 16:14:15.782  5480  5717 W AudioCapabilities: Unsupported mime audio/mpeg-L2
10-17 16:14:15.784  5480  5717 W AudioCapabilities: Unsupported mime audio/x-ms-wma
10-17 16:14:15.785  5480  5717 W AudioCapabilities: Unsupported mime audio/x-ima
10-17 16:14:15.796  5480  5717 W VideoCapabilities: Unrecognized profile 2130706433 for video/avc
10-17 16:14:15.797  5480  5717 W VideoCapabilities: Unrecognized profile 2130706434 for video/avc
10-17 16:14:15.799  5480  5717 W VideoCapabilities: Unrecognized profile 2130706433 for video/avc
10-17 16:14:15.799  5480  5717 W VideoCapabilities: Unrecognized profile 2130706434 for video/avc
10-17 16:14:15.812  5480  5631 E fb4a.ActionQueryTaskListener: 0 onTaskStart SYSTEM_PREFETCH modules: [s_cgwebrtc_horizon(*),cgwebrtc(*),cgnativeplayer]
10-17 16:14:15.812  5480  5717 W VideoCapabilities: Unrecognized profile 2130706433 for video/avc
10-17 16:14:15.812  5480  5717 W VideoCapabilities: Unrecognized profile 2130706434 for video/avc
10-17 16:14:15.815  5480  5717 W VideoCapabilities: Unsupported mime video/avc-wfd
10-17 16:14:15.822  5480  5597 E fb4a.ActionQueryTaskListener: 0 onTaskComplete [true,false,] SYSTEM_PREFETCH modules: [s_cgwebrtc_horizon(*),cgwebrtc(*),cgnativeplayer]
10-17 16:14:15.827  5480  5631 E fb4a.ActionQueryTaskListener: 1 onTaskStart FALLBACK_DOWNLOAD modules: [papaya,papayatorch,s_cgwebrtc_horizon,dittomodule,cgnativeplayer,s_papayaanalyticstorch_papayatorch,heliumiab,s_papayaanalyticstorch_papayatorch_torchedlooper,arservicesoptional,papayaanalyticstorch,cgwebrtc,i18n_en_GB,pytorch,s_papaya_torchedlooper,torchedlooper,rtcdeps,s_papayatorch_torchedlooper]
10-17 16:14:15.829  5480  5631 E fb4a.ActionQueryTaskListener: 2 onTaskStart FALLBACK_DOWNLOAD modules: [s_internsettings_pytorch_smartcropnative]
10-17 16:14:15.834  5480  5610 E fb4a.ActionQueryTaskListener: 2 onTaskComplete [true,false,] FALLBACK_DOWNLOAD modules: [s_internsettings_pytorch_smartcropnative]
10-17 16:14:15.834  5480  5613 E fb4a.ActionQueryTaskListener: 1 onTaskComplete [true,false,] FALLBACK_DOWNLOAD modules: [papaya,papayatorch,s_cgwebrtc_horizon,dittomodule,cgnativeplayer,s_papayaanalyticstorch_papayatorch,heliumiab,s_papayaanalyticstorch_papayatorch_torchedlooper,arservicesoptional,papayaanalyticstorch,cgwebrtc,i18n_en_GB,pytorch,s_papaya_torchedlooper,torchedlooper,rtcdeps,s_papayatorch_torchedlooper]
10-17 16:14:15.846  5480  5592 I zygote  : Deoptimizing java.lang.Object X.1Jx.A00(java.lang.Integer, java.lang.String, java.lang.String) due to JIT inline cache
10-17 16:14:15.871  4703  5032 I BatteryMgr:DataCollectionService: stats => 1697552055871,-162,4308,-174,0,99
10-17 16:14:15.875  5480  5717 I VideoCapabilities: Unsupported profile 4 for video/mp4v-es
10-17 16:14:15.883  3957  4030 D SensorService: [SO] 0.053 -0.249 10.017
10-17 16:14:15.916  5480  5717 W VideoCapabilities: Unrecognized profile/level 1/32 for video/mp4v-es
10-17 16:14:15.916  5480  5717 W VideoCapabilities: Unrecognized profile/level 32768/2 for video/mp4v-es
10-17 16:14:15.916  5480  5717 W VideoCapabilities: Unrecognized profile/level 32768/64 for video/mp4v-es
10-17 16:14:15.922  5480  5717 W VideoCapabilities: Unsupported mime video/wvc1
10-17 16:14:15.923  5480  5717 W VideoCapabilities: Unsupported mime video/x-ms-wmv
10-17 16:14:15.925  5480  5717 W VideoCapabilities: Unsupported mime video/x-ms-wmv7
10-17 16:14:15.927  5480  5717 W VideoCapabilities: Unsupported mime video/x-ms-wmv8
10-17 16:14:15.929  5480  5717 W VideoCapabilities: Unsupported mime video/mp43
10-17 16:14:15.944  5480  5717 W VideoCapabilities: Unrecognized profile 2130706433 for video/avc
10-17 16:14:15.944  5480  5717 W VideoCapabilities: Unrecognized profile 2130706434 for video/avc
10-17 16:14:15.958  5480  5592 I ACodec  :  [] Now uninitialized
10-17 16:14:15.963  5480  5728 I ACodec  : [] onAllocateComponent
10-17 16:14:15.977  4703  5032 I BatteryMgr:DataCollectionService: stats => 1697552055977,-162,4308,-174,0,99
10-17 16:14:16.003  5480  5728 I OMXClient: Treble IOmx obtained
10-17 16:14:16.016  3607  3692 I OMXMaster: makeComponentInstance(OMX.Exynos.avc.dec) in omx@1.0-service process
10-17 16:14:16.029  5480  5504 I zygote  : Compiler allocated 4MB to compile void X.5SD.A0C(X.2Mv, int)
10-17 16:14:16.050  3607  3692 I vndksupport: sphal namespace is not configured for this process. Loading /vendor/lib/hw/gralloc.exynos5.so from the current namespace instead.
10-17 16:14:16.052  3607  3692 D libexynosv4l2: try node: /dev/video6
10-17 16:14:16.053  3607  3692 I libexynosv4l2: node found for device s5p-mfc-dec: /dev/video6
10-17 16:14:16.059  3957  4129 D WifiStateMachine:  ConnectedState !CMD_RSSI_POLL rt=504069272/1214443436 81 0 "ourhome" f4:6d:2f:12:cc:88 rssi=-43 f=5240 sc=60 link=433 tx=20.3, 1.3, 0.0  rx=39.6 bcn=29854 [on:0 tx:0 rx:0 period:930] from screen [on:67869 period:187239] score=60
10-17 16:14:16.059  3957  4129 D WifiStateMachine:  L2ConnectedState !CMD_RSSI_POLL rt=504069273/1214443437 81 0 "ourhome" f4:6d:2f:12:cc:88 rssi=-43 f=5240 sc=60 link=433 tx=20.3, 1.3, 0.0  rx=39.6 bcn=29854 [on:0 tx:0 rx:0 period:1] from screen [on:67869 period:187240] score=60
10-17 16:14:16.060  3957  4129 D WifiStateMachine:  get link layer stats 3
10-17 16:14:16.060  3436  3436 I android.hardware.wifi@1.0-service: getLinkLayerStats
10-17 16:14:16.073  3607  3692 I libexynosv4l2: open video device /dev/video6
10-17 16:14:16.077  5480  5728 I ACodec  : [OMX.Exynos.avc.dec] Now Loaded
10-17 16:14:16.078  3957  4129 D WifiStateMachine: fetchRssiLinkSpeedAndFrequencyNative rssi=-44 linkspeed=433 freq=5240
10-17 16:14:16.078  3957  4129 V WifiConfigManager: Updating scan detail cache freq=5240 BSSID=f4:6d:2f:12:cc:88 RSSI=-43 for "ourhome"WPA_PSK
10-17 16:14:16.082  4340  4340 E SignalClusterView: setSlotFocusVisible : subId -2
10-17 16:14:16.082  4340  4340 E SignalClusterView: setSlotFocusVisible : subId -2
10-17 16:14:16.083  4703  5032 I BatteryMgr:DataCollectionService: stats => 1697552056083,-162,4308,-174,0,99
10-17 16:14:16.090  5480  5728 I ACodec  :  [OMX.Exynos.avc.dec] Now uninitialized
10-17 16:14:16.090  5480  5728 I ACodec  :  [] Now kWhatShutdownCompleted event : 8475
10-17 16:14:16.090  5480  5727 I MediaCodec: Codec shutdown complete
10-17 16:14:16.091  5480  5592 I ACodec  :  [] Now uninitialized
10-17 16:14:16.092  5480  5728 I ACodec  : [] onAllocateComponent
10-17 16:14:16.094  5480  5728 I OMXClient: Treble IOmx obtained
10-17 16:14:16.095  3607  3692 I OMXMaster: makeComponentInstance(OMX.Exynos.avc.dec) in omx@1.0-service process
10-17 16:14:16.097  3607  3692 I vndksupport: sphal namespace is not configured for this process. Loading /vendor/lib/hw/gralloc.exynos5.so from the current namespace instead.
10-17 16:14:16.098  3607  3692 D libexynosv4l2: try node: /dev/video6
10-17 16:14:16.098  3607  3692 I libexynosv4l2: node found for device s5p-mfc-dec: /dev/video6
10-17 16:14:16.109  3607  3692 I libexynosv4l2: open video device /dev/video6
10-17 16:14:16.111  5480  5728 I ACodec  : [OMX.Exynos.avc.dec] Now Loaded
10-17 16:14:16.114  5480  5592 I ACodec  :  [] Now uninitialized
10-17 16:14:16.115  5480  5734 I ACodec  : [] onAllocateComponent
10-17 16:14:16.116  5480  5734 I OMXClient: Treble IOmx obtained
10-17 16:14:16.117  3607  3692 I OMXMaster: makeComponentInstance(OMX.google.aac.decoder) in omx@1.0-service process
10-17 16:14:16.127  3957  4129 D WifiStateMachine:  ConnectedState !RSSI_PKTCNT_FETCH uid=1000 rt=504069340/1214443504 0 0 "ourhome" f4:6d:2f:12:cc:88 rssi=-44 f=5240 sc=60 link=433 tx=10.0, 0.5, 0.0  rx=18.3 bcn=29882 [on:0 tx:0 rx:0 period:47] from screen [on:69345 period:187308] score=60
10-17 16:14:16.128  3957  4129 D WifiStateMachine:  L2ConnectedState !RSSI_PKTCNT_FETCH uid=1000 rt=504069342/1214443506 0 0 "ourhome" f4:6d:2f:12:cc:88 rssi=-44 f=5240 sc=60 link=433 tx=10.0, 0.5, 0.0  rx=18.3 bcn=29882 [on:0 tx:0 rx:0 period:1] from screen [on:69345 period:187309] score=60
10-17 16:14:16.131  5480  5734 I ACodec  : [OMX.google.aac.decoder] Now Loaded
