10-17 16:21:47.891  7533  7787 I BatteryMgr:DataCollectionService: stats => 1697552507891,-27,4308,-168,0,99
10-17 16:21:47.997  7533  7787 I BatteryMgr:DataCollectionService: stats => 1697552507997,-27,4308,-168,0,99
10-17 16:21:48.104  7533  7787 I BatteryMgr:DataCollectionService: stats => 1697552508104,-27,4308,-168,0,99
10-17 16:21:48.216  7533  7787 I BatteryMgr:DataCollectionService: stats => 1697552508216,-27,4308,-168,0,99
10-17 16:21:48.323  7533  7787 I BatteryMgr:DataCollectionService: stats => 1697552508323,-27,4308,-168,0,99
10-17 16:21:48.406  3957  4128 D WifiService: getConnectionInfo uid=1000
10-17 16:21:48.429  7533  7787 I BatteryMgr:DataCollectionService: stats => 1697552508429,-27,4308,-168,0,99
10-17 16:21:48.537  7533  7787 I BatteryMgr:DataCollectionService: stats => 1697552508537,-27,4308,-168,0,99
10-17 16:21:48.644  7533  7787 I BatteryMgr:DataCollectionService: stats => 1697552508644,-27,4308,-168,0,99
10-17 16:21:48.731  3957  4129 D WifiStateMachine:  ConnectedState !RSSI_PKTCNT_FETCH uid=1000 rt=504521944/1214896109 0 0 "ourhome" f4:6d:2f:12:cc:88 rssi=-41 f=5240 sc=60 link=433 tx=2.9, 0.9, 0.0  rx=17.7 bcn=34061 [on:0 tx:0 rx:0 period:999] from screen [on:168860 period:639912] score=60
10-17 16:21:48.733  3957  4129 D WifiStateMachine:  L2ConnectedState !RSSI_PKTCNT_FETCH uid=1000 rt=504521946/1214896110 0 0 "ourhome" f4:6d:2f:12:cc:88 rssi=-41 f=5240 sc=60 link=433 tx=2.9, 0.9, 0.0  rx=17.7 bcn=34061 [on:0 tx:0 rx:0 period:2] from screen [on:168860 period:639914] score=60
10-17 16:21:48.738  3957  4129 D WifiStateMachine: fetchRssiLinkSpeedAndFrequencyNative rssi=-41 linkspeed=433 freq=5240
10-17 16:21:48.739  3957  4129 V WifiConfigManager: Updating scan detail cache freq=5240 BSSID=f4:6d:2f:12:cc:88 RSSI=-41 for "ourhome"WPA_PSK
10-17 16:21:48.750  7533  7787 I BatteryMgr:DataCollectionService: stats => 1697552508750,-27,4308,-168,0,99
10-17 16:21:48.857  7533  7787 I BatteryMgr:DataCollectionService: stats => 1697552508857,-27,4308,-168,0,99
10-17 16:21:48.963  7533  7787 I BatteryMgr:DataCollectionService: stats => 1697552508963,-27,4308,-168,0,99
10-17 16:21:49.053  3957  4129 D WifiStateMachine:  ConnectedState !CMD_RSSI_POLL rt=504522266/1214896430 81 0 "ourhome" f4:6d:2f:12:cc:88 rssi=-41 f=5240 sc=60 link=433 tx=2.9, 0.9, 0.0  rx=17.7 bcn=34061 [on:0 tx:0 rx:0 period:320] from screen [on:168860 period:640234] score=60
10-17 16:21:49.055  3957  4129 D WifiStateMachine:  L2ConnectedState !CMD_RSSI_POLL rt=504522267/1214896431 81 0 "ourhome" f4:6d:2f:12:cc:88 rssi=-41 f=5240 sc=60 link=433 tx=2.9, 0.9, 0.0  rx=17.7 bcn=34061 [on:0 tx:0 rx:0 period:1] from screen [on:168860 period:640235] score=60
10-17 16:21:49.055  3957  4129 D WifiStateMachine:  get link layer stats 3
10-17 16:21:49.055  3436  3436 I android.hardware.wifi@1.0-service: getLinkLayerStats
10-17 16:21:49.068  3957  4129 D WifiStateMachine: fetchRssiLinkSpeedAndFrequencyNative rssi=-41 linkspeed=433 freq=5240
10-17 16:21:49.069  3957  4129 V WifiConfigManager: Updating scan detail cache freq=5240 BSSID=f4:6d:2f:12:cc:88 RSSI=-41 for "ourhome"WPA_PSK
10-17 16:21:49.069  7533  7787 I BatteryMgr:DataCollectionService: stats => 1697552509069,-27,4308,-168,0,99
10-17 16:21:49.072  4340  4340 E SignalClusterView: setSlotFocusVisible : subId -2
10-17 16:21:49.072  4340  4340 E SignalClusterView: setSlotFocusVisible : subId -2
10-17 16:21:49.176  7533  7787 I BatteryMgr:DataCollectionService: stats => 1697552509176,-27,4308,-168,0,99
10-17 16:21:49.282  7533  7787 I BatteryMgr:DataCollectionService: stats => 1697552509282,-27,4308,-168,0,99
10-17 16:21:49.389  7533  7787 I BatteryMgr:DataCollectionService: stats => 1697552509389,-27,4308,-168,0,99
10-17 16:21:49.408  3957  4128 D WifiService: getConnectionInfo uid=1000
10-17 16:21:49.495  7533  7787 I BatteryMgr:DataCollectionService: stats => 1697552509495,-27,4308,-168,0,99
10-17 16:21:49.602  7533  7787 I BatteryMgr:DataCollectionService: stats => 1697552509602,-27,4308,-168,0,99
10-17 16:21:49.709  7533  7787 I BatteryMgr:DataCollectionService: stats => 1697552509709,-27,4308,-168,0,99
10-17 16:21:49.735  3957  4129 D WifiStateMachine:  ConnectedState !RSSI_PKTCNT_FETCH uid=1000 rt=504522945/1214897110 0 0 "ourhome" f4:6d:2f:12:cc:88 rssi=-41 f=5240 sc=60 link=433 tx=3.0, 0.3, 0.0  rx=8.4 bcn=34089 [on:0 tx:0 rx:0 period:662] from screen [on:169258 period:640915] score=60
10-17 16:21:49.737  3957  4129 D WifiStateMachine:  L2ConnectedState !RSSI_PKTCNT_FETCH uid=1000 rt=504522949/1214897113 0 0 "ourhome" f4:6d:2f:12:cc:88 rssi=-41 f=5240 sc=60 link=433 tx=3.0, 0.3, 0.0  rx=8.4 bcn=34089 [on:0 tx:0 rx:0 period:3] from screen [on:169258 period:640918] score=60
10-17 16:21:49.744  3957  4129 D WifiStateMachine: fetchRssiLinkSpeedAndFrequencyNative rssi=-41 linkspeed=433 freq=5240
10-17 16:21:49.744  3957  4129 V WifiConfigManager: Updating scan detail cache freq=5240 BSSID=f4:6d:2f:12:cc:88 RSSI=-41 for "ourhome"WPA_PSK
10-17 16:21:49.816  7533  7787 I BatteryMgr:DataCollectionService: stats => 1697552509816,-27,4308,-168,0,99
10-17 16:21:49.923  7533  7787 I BatteryMgr:DataCollectionService: stats => 1697552509923,-27,4308,-168,0,99
10-17 16:21:50.028  7533  7787 I BatteryMgr:DataCollectionService: stats => 1697552510028,-27,4308,-168,0,99
10-17 16:21:50.135  7533  7787 I BatteryMgr:DataCollectionService: stats => 1697552510135,-27,4308,-168,0,99
10-17 16:21:50.240  7533  7787 I BatteryMgr:DataCollectionService: stats => 1697552510240,-27,4308,-168,0,99
10-17 16:21:50.346  7533  7787 I BatteryMgr:DataCollectionService: stats => 1697552510346,-27,4308,-168,0,99
10-17 16:21:50.410  3957  4128 D WifiService: getConnectionInfo uid=1000
10-17 16:21:50.452  7533  7787 I BatteryMgr:DataCollectionService: stats => 1697552510452,-27,4308,-168,0,99
10-17 16:21:50.475  7577  7588 I zygote64: Background concurrent copying GC freed 234904(7MB) AllocSpace objects, 0(0B) LOS objects, 49% free, 6MB/13MB, paused 2.794ms total 230.871ms
10-17 16:21:50.558  7533  7787 I BatteryMgr:DataCollectionService: stats => 1697552510558,-27,4308,-168,0,99
10-17 16:21:50.663  7533  7787 I BatteryMgr:DataCollectionService: stats => 1697552510663,-27,4308,-168,0,99
10-17 16:21:50.734  3957  4129 D WifiStateMachine:  ConnectedState !RSSI_PKTCNT_FETCH uid=1000 rt=504523946/1214898111 0 0 "ourhome" f4:6d:2f:12:cc:88 rssi=-41 f=5240 sc=60 link=433 tx=3.0, 0.3, 0.0  rx=8.4 bcn=34089 [on:0 tx:0 rx:0 period:996] from screen [on:169258 period:641914] score=60
10-17 16:21:50.735  3957  4129 D WifiStateMachine:  L2ConnectedState !RSSI_PKTCNT_FETCH uid=1000 rt=504523948/1214898112 0 0 "ourhome" f4:6d:2f:12:cc:88 rssi=-41 f=5240 sc=60 link=433 tx=3.0, 0.3, 0.0  rx=8.4 bcn=34089 [on:0 tx:0 rx:0 period:2] from screen [on:169258 period:641916] score=60
10-17 16:21:50.741  3957  4129 D WifiStateMachine: fetchRssiLinkSpeedAndFrequencyNative rssi=-41 linkspeed=433 freq=5240
10-17 16:21:50.741  3957  4129 V WifiConfigManager: Updating scan detail cache freq=5240 BSSID=f4:6d:2f:12:cc:88 RSSI=-41 for "ourhome"WPA_PSK
10-17 16:21:50.770  7533  7787 I BatteryMgr:DataCollectionService: stats => 1697552510770,-27,4308,-168,0,99
10-17 16:21:50.875  7533  7787 I BatteryMgr:DataCollectionService: stats => 1697552510875,-27,4308,-168,0,99
10-17 16:21:50.911  4961  4961 D io_stats: !@ 179,0 r 7614183 244462972 w 1645082 34280256 d 132379 33946792 f 384907 406044 iot 3374772 2953410 th 51200 0 0 pt 0 inp 0 0 504524.124
10-17 16:21:50.980  7533  7787 I BatteryMgr:DataCollectionService: stats => 1697552510980,-27,4308,-168,0,99
10-17 16:21:51.052  3957  6478 D SSRM:k  : SIOP:: AP = 390, PST = 338 (W:10), BAT = 236, USB = 0, CHG = 0
10-17 16:21:51.087  7533  7787 I BatteryMgr:DataCollectionService: stats => 1697552511086,-27,4308,-168,0,99
10-17 16:21:51.194  7533  7787 I BatteryMgr:DataCollectionService: stats => 1697552511194,-27,4308,-168,0,99
10-17 16:21:51.301  7533  7787 I BatteryMgr:DataCollectionService: stats => 1697552511300,-27,4308,-168,0,99
10-17 16:21:51.408  7533  7787 I BatteryMgr:DataCollectionService: stats => 1697552511408,-27,4308,-168,0,99
10-17 16:21:51.412  3957  4128 D WifiService: getConnectionInfo uid=1000
10-17 16:21:51.515  7533  7787 I BatteryMgr:DataCollectionService: stats => 1697552511515,-27,4308,-168,0,99
10-17 16:21:51.622  7533  7787 I BatteryMgr:DataCollectionService: stats => 1697552511622,-27,4308,-168,0,99
10-17 16:21:51.728  7533  7787 I BatteryMgr:DataCollectionService: stats => 1697552511728,-27,4308,-168,0,99
10-17 16:21:51.734  3957  4129 D WifiStateMachine:  ConnectedState !RSSI_PKTCNT_FETCH uid=1000 rt=504524947/1214899111 0 0 "ourhome" f4:6d:2f:12:cc:88 rssi=-41 f=5240 sc=60 link=433 tx=3.0, 0.3, 0.0  rx=8.4 bcn=34089 [on:0 tx:0 rx:0 period:999] from screen [on:169258 period:642915] score=60
10-17 16:21:51.736  3957  4129 D WifiStateMachine:  L2ConnectedState !RSSI_PKTCNT_FETCH uid=1000 rt=504524949/1214899113 0 0 "ourhome" f4:6d:2f:12:cc:88 rssi=-41 f=5240 sc=60 link=433 tx=3.0, 0.3, 0.0  rx=8.4 bcn=34089 [on:0 tx:0 rx:0 period:2] from screen [on:169258 period:642917] score=60
10-17 16:21:51.737  3957  4129 D WifiStateMachine: fetchRssiLinkSpeedAndFrequencyNative rssi=-42 linkspeed=433 freq=5240
10-17 16:21:51.737  3957  4129 V WifiConfigManager: Updating scan detail cache freq=5240 BSSID=f4:6d:2f:12:cc:88 RSSI=-41 for "ourhome"WPA_PSK
10-17 16:21:51.833  7533  7787 I BatteryMgr:DataCollectionService: stats => 1697552511833,-27,4308,-168,0,99
10-17 16:21:51.940  7533  7787 I BatteryMgr:DataCollectionService: stats => 1697552511940,-27,4308,-168,0,99
10-17 16:21:52.045  7533  7787 I BatteryMgr:DataCollectionService: stats => 1697552512045,-27,4308,-168,0,99
10-17 16:21:52.051  2479  2548 D ScanRecord: Not a Multi Manu data
10-17 16:21:52.070  2479  2548 I chatty  : uid=1002(bluetooth) BT Service Call identical 37 lines
10-17 16:21:52.070  2479  2548 D ScanRecord: Not a Multi Manu data
10-17 16:21:52.071  3957  4129 D WifiStateMachine:  ConnectedState !CMD_RSSI_POLL rt=504525283/1214899448 81 0 "ourhome" f4:6d:2f:12:cc:88 rssi=-42 f=5240 sc=60 link=433 tx=3.0, 0.3, 0.0  rx=8.4 bcn=34089 [on:0 tx:0 rx:0 period:335] from screen [on:169258 period:643252] score=60
10-17 16:21:52.072  3957  4129 D WifiStateMachine:  L2ConnectedState !CMD_RSSI_POLL rt=504525285/1214899450 81 0 "ourhome" f4:6d:2f:12:cc:88 rssi=-42 f=5240 sc=60 link=433 tx=3.0, 0.3, 0.0  rx=8.4 bcn=34089 [on:0 tx:0 rx:0 period:1] from screen [on:169258 period:643253] score=60
10-17 16:21:52.073  3957  4129 D WifiStateMachine:  get link layer stats 3
10-17 16:21:52.073  3436  3436 I android.hardware.wifi@1.0-service: getLinkLayerStats
10-17 16:21:52.076  3957  4129 D WifiStateMachine: fetchRssiLinkSpeedAndFrequencyNative rssi=-42 linkspeed=433 freq=5240
10-17 16:21:52.076  3957  4129 V WifiConfigManager: Updating scan detail cache freq=5240 BSSID=f4:6d:2f:12:cc:88 RSSI=-41 for "ourhome"WPA_PSK
10-17 16:21:52.079  4340  4340 E SignalClusterView: setSlotFocusVisible : subId -2
10-17 16:21:52.079  4340  4340 E SignalClusterView: setSlotFocusVisible : subId -2
10-17 16:21:52.088  2479  2548 D ScanRecord: Not a Multi Manu data
10-17 16:21:52.138  2479  2548 I chatty  : uid=1002(bluetooth) BT Service Call identical 50 lines
10-17 16:21:52.138  2479  2548 D ScanRecord: Not a Multi Manu data
10-17 16:21:52.150  7533  7787 I BatteryMgr:DataCollectionService: stats => 1697552512150,-27,4308,-168,0,99
10-17 16:21:52.165  2479  2548 D ScanRecord: Not a Multi Manu data
10-17 16:21:52.257  2479  2548 I chatty  : uid=1002(bluetooth) BT Service Call identical 141 lines
10-17 16:21:52.257  2479  2548 D ScanRecord: Not a Multi Manu data
10-17 16:21:52.258  7533  7787 I BatteryMgr:DataCollectionService: stats => 1697552512258,-27,4308,-168,0,99
10-17 16:21:52.260  2479  2548 D ScanRecord: Not a Multi Manu data
10-17 16:21:52.314  2479  2548 I chatty  : uid=1002(bluetooth) BT Service Call identical 87 lines
10-17 16:21:52.314  2479  2548 D ScanRecord: Not a Multi Manu data
10-17 16:21:52.314  7577  7767 I SessionStorage/AutoSave: Save: Periodic
10-17 16:21:52.314  2479  2548 D ScanRecord: Not a Multi Manu data
10-17 16:21:52.363  2479  2548 I chatty  : uid=1002(bluetooth) BT Service Call identical 91 lines
10-17 16:21:52.363  2479  2548 D ScanRecord: Not a Multi Manu data
10-17 16:21:52.363  7533  7787 I BatteryMgr:DataCollectionService: stats => 1697552512363,-27,4308,-168,0,99
10-17 16:21:52.365  2479  2548 D ScanRecord: Not a Multi Manu data
10-17 16:21:52.390  2479  2548 I chatty  : uid=1002(bluetooth) BT Service Call identical 50 lines
10-17 16:21:52.390  2479  2548 D ScanRecord: Not a Multi Manu data
10-17 16:21:52.414  3957  4128 D WifiService: getConnectionInfo uid=1000
10-17 16:21:52.440  2479  2548 D ScanRecord: Not a Multi Manu data
10-17 16:21:52.473  2479  2548 I chatty  : uid=1002(bluetooth) BT Service Call identical 60 lines
10-17 16:21:52.473  7533  7787 I BatteryMgr:DataCollectionService: stats => 1697552512473,-27,4308,-168,0,99
10-17 16:21:52.473  2479  2548 D ScanRecord: Not a Multi Manu data
10-17 16:21:52.473  2479  2548 D ScanRecord: Not a Multi Manu data
10-17 16:21:52.539  2479  2548 I chatty  : uid=1002(bluetooth) BT Service Call identical 131 lines
10-17 16:21:52.539  2479  2548 D ScanRecord: Not a Multi Manu data
10-17 16:21:52.579  7533  7787 I BatteryMgr:DataCollectionService: stats => 1697552512579,-27,4308,-168,0,99
10-17 16:21:52.685  7533  7787 I BatteryMgr:DataCollectionService: stats => 1697552512685,-27,4308,-168,0,99
10-17 16:21:52.736  3957  4129 D WifiStateMachine:  ConnectedState !RSSI_PKTCNT_FETCH uid=1000 rt=504525949/1214900113 0 0 "ourhome" f4:6d:2f:12:cc:88 rssi=-42 f=5240 sc=60 link=433 tx=1.1, 0.1, 0.0  rx=5.6 bcn=34119 [on:0 tx:0 rx:0 period:657] from screen [on:169475 period:643916] score=60
10-17 16:21:52.737  3957  4129 D WifiStateMachine:  L2ConnectedState !RSSI_PKTCNT_FETCH uid=1000 rt=504525950/1214900114 0 0 "ourhome" f4:6d:2f:12:cc:88 rssi=-42 f=5240 sc=60 link=433 tx=1.1, 0.1, 0.0  rx=5.6 bcn=34119 [on:0 tx:0 rx:0 period:2] from screen [on:169475 period:643918] score=60
10-17 16:21:52.739  3957  4129 D WifiStateMachine: fetchRssiLinkSpeedAndFrequencyNative rssi=-45 linkspeed=433 freq=5240
10-17 16:21:52.739  3957  4129 V WifiConfigManager: Updating scan detail cache freq=5240 BSSID=f4:6d:2f:12:cc:88 RSSI=-43 for "ourhome"WPA_PSK
10-17 16:21:52.791  7533  7787 I BatteryMgr:DataCollectionService: stats => 1697552512791,-27,4308,-168,0,99
10-17 16:21:52.896  7533  7787 I BatteryMgr:DataCollectionService: stats => 1697552512896,-27,4308,-168,0,99
10-17 16:21:52.950  7748  7864 I Finsky  : [16098] noc.run(136): Stats for Executor: BlockingExecutor odp@a606996[Running, pool size = 4, active threads = 0, queued tasks = 0, completed tasks = 24]
10-17 16:21:52.950  7748  7864 I Finsky  : [16098] noc.run(136): Stats for Executor: LightweightExecutor odp@b3cd917[Running, pool size = 4, active threads = 0, queued tasks = 0, completed tasks = 119]
10-17 16:21:53.001  7533  7787 I BatteryMgr:DataCollectionService: stats => 1697552513001,-27,4308,-168,0,99
10-17 16:21:53.108  7533  7787 I BatteryMgr:DataCollectionService: stats => 1697552513107,-27,4308,-168,0,99
10-17 16:21:53.112  7748  7864 I Finsky  : [16098] noc.run(136): Stats for Executor: bgExecutor odp@1d7a104[Running, pool size = 4, active threads = 0, queued tasks = 0, completed tasks = 461]
10-17 16:21:53.203  3957  4416 E Watchdog: !@Sync 16811 [2023-10-17 16:21:53.203]
10-17 16:21:53.215  7533  7787 I BatteryMgr:DataCollectionService: stats => 1697552513215,-27,4308,-168,0,99
10-17 16:21:53.320  7533  7787 I BatteryMgr:DataCollectionService: stats => 1697552513320,-27,4308,-168,0,99
10-17 16:21:53.416  3957  4128 D WifiService: getConnectionInfo uid=1000
10-17 16:21:53.426  7533  7787 I BatteryMgr:DataCollectionService: stats => 1697552513426,-27,4308,-168,0,99
10-17 16:21:53.532  7533  7787 I BatteryMgr:DataCollectionService: stats => 1697552513532,-27,4308,-168,0,99
10-17 16:21:53.638  7533  7787 I BatteryMgr:DataCollectionService: stats => 1697552513638,-27,4308,-168,0,99
10-17 16:21:53.737  3957  4129 D WifiStateMachine:  ConnectedState !RSSI_PKTCNT_FETCH uid=1000 rt=504526949/1214901113 0 0 "ourhome" f4:6d:2f:12:cc:88 rssi=-45 f=5240 sc=60 link=433 tx=1.1, 0.1, 0.0  rx=5.6 bcn=34119 [on:0 tx:0 rx:0 period:999] from screen [on:169475 period:644917] score=60
10-17 16:21:53.739  3957  4129 D WifiStateMachine:  L2ConnectedState !RSSI_PKTCNT_FETCH uid=1000 rt=504526951/1214901115 0 0 "ourhome" f4:6d:2f:12:cc:88 rssi=-45 f=5240 sc=60 link=433 tx=1.1, 0.1, 0.0  rx=5.6 bcn=34119 [on:0 tx:0 rx:0 period:2] from screen [on:169475 period:644919] score=60
10-17 16:21:53.745  3957  4129 D WifiStateMachine: fetchRssiLinkSpeedAndFrequencyNative rssi=-43 linkspeed=433 freq=5240
10-17 16:21:53.745  3957  4129 V WifiConfigManager: Updating scan detail cache freq=5240 BSSID=f4:6d:2f:12:cc:88 RSSI=-43 for "ourhome"WPA_PSK
10-17 16:21:53.745  7533  7787 I BatteryMgr:DataCollectionService: stats => 1697552513745,-27,4308,-168,0,99
10-17 16:21:53.850  7533  7787 I BatteryMgr:DataCollectionService: stats => 1697552513850,-27,4308,-168,0,99
10-17 16:21:53.957  7533  7787 I BatteryMgr:DataCollectionService: stats => 1697552513957,-27,4308,-168,0,99
10-17 16:21:54.062  7533  7787 I BatteryMgr:DataCollectionService: stats => 1697552514062,-27,4308,-168,0,99
10-17 16:21:54.167  7533  7787 I BatteryMgr:DataCollectionService: stats => 1697552514167,-27,4308,-168,0,99
10-17 16:21:54.275  7533  7787 I BatteryMgr:DataCollectionService: stats => 1697552514275,-27,4308,-168,0,99
10-17 16:21:54.380  7533  7787 I BatteryMgr:DataCollectionService: stats => 1697552514380,-27,4308,-168,0,99
10-17 16:21:54.418  3957  4128 D WifiService: getConnectionInfo uid=1000
10-17 16:21:54.484  7533  7787 I BatteryMgr:DataCollectionService: stats => 1697552514484,-27,4308,-168,0,99
10-17 16:21:54.591  7533  7787 I BatteryMgr:DataCollectionService: stats => 1697552514590,-27,4308,-168,0,99
10-17 16:21:54.697  7533  7787 I BatteryMgr:DataCollectionService: stats => 1697552514697,-27,4308,-168,0,99
10-17 16:21:54.738  3957  4129 D WifiStateMachine:  ConnectedState !RSSI_PKTCNT_FETCH uid=1000 rt=504527951/1214902115 0 0 "ourhome" f4:6d:2f:12:cc:88 rssi=-43 f=5240 sc=60 link=433 tx=1.1, 0.1, 0.0  rx=5.6 bcn=34119 [on:0 tx:0 rx:0 period:1000] from screen [on:169475 period:645919] score=60
10-17 16:21:54.739  3957  4129 D WifiStateMachine:  L2ConnectedState !RSSI_PKTCNT_FETCH uid=1000 rt=504527952/1214902117 0 0 "ourhome" f4:6d:2f:12:cc:88 rssi=-43 f=5240 sc=60 link=433 tx=1.1, 0.1, 0.0  rx=5.6 bcn=34119 [on:0 tx:0 rx:0 period:1] from screen [on:169475 period:645920] score=60
10-17 16:21:54.741  3957  4129 D WifiStateMachine: fetchRssiLinkSpeedAndFrequencyNative rssi=-44 linkspeed=433 freq=5240
10-17 16:21:54.741  3957  4129 V WifiConfigManager: Updating scan detail cache freq=5240 BSSID=f4:6d:2f:12:cc:88 RSSI=-43 for "ourhome"WPA_PSK
10-17 16:21:54.805  7533  7787 I BatteryMgr:DataCollectionService: stats => 1697552514804,-27,4308,-168,0,99
10-17 16:21:54.911  7533  7787 I BatteryMgr:DataCollectionService: stats => 1697552514911,-27,4308,-168,0,99
10-17 16:21:55.018  7533  7787 I BatteryMgr:DataCollectionService: stats => 1697552515018,-27,4308,-168,0,99
10-17 16:21:55.079  3957  4129 D WifiStateMachine:  ConnectedState !CMD_RSSI_POLL rt=504528291/1214902455 81 0 "ourhome" f4:6d:2f:12:cc:88 rssi=-44 f=5240 sc=60 link=433 tx=1.1, 0.1, 0.0  rx=5.6 bcn=34119 [on:0 tx:0 rx:0 period:339] from screen [on:169475 period:646259] score=60
10-17 16:21:55.080  3957  4129 D WifiStateMachine:  L2ConnectedState !CMD_RSSI_POLL rt=504528293/1214902457 81 0 "ourhome" f4:6d:2f:12:cc:88 rssi=-44 f=5240 sc=60 link=433 tx=1.1, 0.1, 0.0  rx=5.6 bcn=34119 [on:0 tx:0 rx:0 period:1] from screen [on:169475 period:646260] score=60
10-17 16:21:55.080  3957  4129 D WifiStateMachine:  get link layer stats 3
10-17 16:21:55.080  3436  3436 I android.hardware.wifi@1.0-service: getLinkLayerStats
10-17 16:21:55.098  3957  4129 D WifiStateMachine: fetchRssiLinkSpeedAndFrequencyNative rssi=-43 linkspeed=433 freq=5240
10-17 16:21:55.098  3957  4129 V WifiConfigManager: Updating scan detail cache freq=5240 BSSID=f4:6d:2f:12:cc:88 RSSI=-43 for "ourhome"WPA_PSK
10-17 16:21:55.100  4340  4340 E SignalClusterView: setSlotFocusVisible : subId -2
10-17 16:21:55.100  4340  4340 E SignalClusterView: setSlotFocusVisible : subId -2
10-17 16:21:55.127  7533  7787 I BatteryMgr:DataCollectionService: stats => 1697552515127,-27,4308,-168,0,99
10-17 16:21:55.232  7533  7787 I BatteryMgr:DataCollectionService: stats => 1697552515232,-174,4308,-184,0,99
10-17 16:21:55.338  7533  7787 I BatteryMgr:DataCollectionService: stats => 1697552515338,-174,4308,-184,0,99
10-17 16:21:55.401  3957  4651 D BatteryService: !@BatteryListener : batteryPropertiesChanged!
10-17 16:21:55.421  3957  4128 D WifiService: getConnectionInfo uid=1000
10-17 16:21:55.444  7533  7787 I BatteryMgr:DataCollectionService: stats => 1697552515444,-174,4308,-184,0,99
10-17 16:21:55.551  7533  7787 I BatteryMgr:DataCollectionService: stats => 1697552515551,-174,4308,-184,0,99
10-17 16:21:55.656  7533  7787 I BatteryMgr:DataCollectionService: stats => 1697552515656,-174,4308,-184,0,99
10-17 16:21:55.740  3957  4129 D WifiStateMachine:  ConnectedState !RSSI_PKTCNT_FETCH uid=1000 rt=504528951/1214903115 0 0 "ourhome" f4:6d:2f:12:cc:88 rssi=-43 f=5240 sc=60 link=433 tx=16.9, 0.0, 0.0  rx=23.6 bcn=34147 [on:0 tx:0 rx:0 period:639] from screen [on:171129 period:646920] score=60
10-17 16:21:55.741  3957  4129 D WifiStateMachine:  L2ConnectedState !RSSI_PKTCNT_FETCH uid=1000 rt=504528954/1214903118 0 0 "ourhome" f4:6d:2f:12:cc:88 rssi=-43 f=5240 sc=60 link=433 tx=16.9, 0.0, 0.0  rx=23.6 bcn=34147 [on:0 tx:0 rx:0 period:2] from screen [on:171129 period:646922] score=60
10-17 16:21:55.743  3957  4129 D WifiStateMachine: fetchRssiLinkSpeedAndFrequencyNative rssi=-44 linkspeed=433 freq=5240
10-17 16:21:55.744  3957  4129 V WifiConfigManager: Updating scan detail cache freq=5240 BSSID=f4:6d:2f:12:cc:88 RSSI=-43 for "ourhome"WPA_PSK
10-17 16:21:55.762  7533  7787 I BatteryMgr:DataCollectionService: stats => 1697552515762,-174,4308,-184,0,99
10-17 16:21:55.868  7533  7787 I BatteryMgr:DataCollectionService: stats => 1697552515868,-174,4308,-184,0,99
10-17 16:21:55.884  3957  4030 D SensorService: [SO] 0.077 -0.273 10.013
10-17 16:21:55.913  4961  4961 D io_stats: !@ 179,0 r 7614461 244469616 w 1645089 34280456 d 132382 33946860 f 384908 406045 iot 3374880 2953489 th 51200 0 0 pt 0 inp 0 0 504529.126
10-17 16:21:55.974  7533  7787 I BatteryMgr:DataCollectionService: stats => 1697552515974,-174,4308,-184,0,99
10-17 16:21:56.083  7533  7787 I BatteryMgr:DataCollectionService: stats => 1697552516083,-174,4308,-184,0,99
10-17 16:21:56.096  3957  4306 D WifiConnectivityMonitor:  [|208] []
10-17 16:21:56.189  7533  7787 I BatteryMgr:DataCollectionService: stats => 1697552516188,-174,4308,-184,0,99
10-17 16:21:56.295  7533  7787 I BatteryMgr:DataCollectionService: stats => 1697552516295,-174,4308,-184,0,99
10-17 16:21:56.400  7533  7787 I BatteryMgr:DataCollectionService: stats => 1697552516400,-174,4308,-184,0,99
10-17 16:21:56.422  3957  4128 D WifiService: getConnectionInfo uid=1000
10-17 16:21:56.508  7533  7787 I BatteryMgr:DataCollectionService: stats => 1697552516508,-174,4308,-184,0,99
10-17 16:21:56.614  7533  7787 I BatteryMgr:DataCollectionService: stats => 1697552516614,-174,4308,-184,0,99
10-17 16:21:56.719  7533  7787 I BatteryMgr:DataCollectionService: stats => 1697552516718,-174,4308,-184,0,99
10-17 16:21:56.742  3957  4129 D WifiStateMachine:  ConnectedState !RSSI_PKTCNT_FETCH uid=1000 rt=504529952/1214904116 0 0 "ourhome" f4:6d:2f:12:cc:88 rssi=-44 f=5240 sc=60 link=433 tx=16.9, 0.0, 0.0  rx=23.6 bcn=34147 [on:0 tx:0 rx:0 period:1000] from screen [on:171129 period:647922] score=60
10-17 16:21:56.744  3957  4129 D WifiStateMachine:  L2ConnectedState !RSSI_PKTCNT_FETCH uid=1000 rt=504529956/1214904120 0 0 "ourhome" f4:6d:2f:12:cc:88 rssi=-44 f=5240 sc=60 link=433 tx=16.9, 0.0, 0.0  rx=23.6 bcn=34147 [on:0 tx:0 rx:0 period:3] from screen [on:171129 period:647925] score=60
10-17 16:21:56.745  3957  4129 D WifiStateMachine: fetchRssiLinkSpeedAndFrequencyNative rssi=-44 linkspeed=433 freq=5240
10-17 16:21:56.745  3957  4129 V WifiConfigManager: Updating scan detail cache freq=5240 BSSID=f4:6d:2f:12:cc:88 RSSI=-43 for "ourhome"WPA_PSK
10-17 16:21:56.827  7533  7787 I BatteryMgr:DataCollectionService: stats => 1697552516827,-174,4308,-184,0,99
10-17 16:21:56.932  7533  7787 I BatteryMgr:DataCollectionService: stats => 1697552516932,-174,4308,-184,0,99
10-17 16:21:57.037  7533  7787 I BatteryMgr:DataCollectionService: stats => 1697552517037,-174,4308,-184,0,99
10-17 16:21:57.054  2479  2548 D ScanRecord: Not a Multi Manu data
10-17 16:21:57.140  2479  2548 I chatty  : uid=1002(bluetooth) BT Service Call identical 141 lines
10-17 16:21:57.140  2479  2548 D ScanRecord: Not a Multi Manu data
10-17 16:21:57.143  7533  7787 I BatteryMgr:DataCollectionService: stats => 1697552517143,-174,4308,-184,0,99
10-17 16:21:57.148  2479  2548 D ScanRecord: Not a Multi Manu data
10-17 16:21:57.248  2479  2548 I chatty  : uid=1002(bluetooth) BT Service Call identical 145 lines
10-17 16:21:57.248  2479  2548 D ScanRecord: Not a Multi Manu data
10-17 16:21:57.249  7533  7787 I BatteryMgr:DataCollectionService: stats => 1697552517249,-174,4308,-184,0,99
10-17 16:21:57.250  2479  2548 D ScanRecord: Not a Multi Manu data
10-17 16:21:57.356  2479  2548 I chatty  : uid=1002(bluetooth) BT Service Call identical 189 lines
10-17 16:21:57.356  2479  2548 D ScanRecord: Not a Multi Manu data
10-17 16:21:57.356  7533  7787 I BatteryMgr:DataCollectionService: stats => 1697552517356,-174,4308,-184,0,99
10-17 16:21:57.366  2479  2548 D ScanRecord: Not a Multi Manu data
10-17 16:21:57.416  2479  2548 I chatty  : uid=1002(bluetooth) BT Service Call identical 63 lines
10-17 16:21:57.416  2479  2548 D ScanRecord: Not a Multi Manu data
10-17 16:21:57.425  3957  4128 D WifiService: getConnectionInfo uid=1000
10-17 16:21:57.427  2479  2548 D ScanRecord: Not a Multi Manu data
10-17 16:21:57.453  2479  2548 I chatty  : uid=1002(bluetooth) BT Service Call identical 37 lines
10-17 16:21:57.453  2479  2548 D ScanRecord: Not a Multi Manu data
10-17 16:21:57.464  7533  7787 I BatteryMgr:DataCollectionService: stats => 1697552517464,-174,4308,-184,0,99
10-17 16:21:57.476  2479  2548 D ScanRecord: Not a Multi Manu data
10-17 16:21:57.545  2479  2548 I chatty  : uid=1002(bluetooth) BT Service Call identical 102 lines
10-17 16:21:57.545  2479  2548 D ScanRecord: Not a Multi Manu data
10-17 16:21:57.568  7533  7787 I BatteryMgr:DataCollectionService: stats => 1697552517568,-174,4308,-184,0,99
10-17 16:21:57.675  7533  7787 I BatteryMgr:DataCollectionService: stats => 1697552517675,-174,4308,-184,0,99
10-17 16:21:57.740  3957  4129 D WifiStateMachine:  ConnectedState !RSSI_PKTCNT_FETCH uid=1000 rt=504530952/1214905116 0 0 "ourhome" f4:6d:2f:12:cc:88 rssi=-44 f=5240 sc=60 link=433 tx=16.9, 0.0, 0.0  rx=23.6 bcn=34147 [on:0 tx:0 rx:0 period:996] from screen [on:171129 period:648921] score=60
10-17 16:21:57.742  3957  4129 D WifiStateMachine:  L2ConnectedState !RSSI_PKTCNT_FETCH uid=1000 rt=504530954/1214905119 0 0 "ourhome" f4:6d:2f:12:cc:88 rssi=-44 f=5240 sc=60 link=433 tx=16.9, 0.0, 0.0  rx=23.6 bcn=34147 [on:0 tx:0 rx:0 period:2] from screen [on:171129 period:648923] score=60
10-17 16:21:57.748  3957  4129 D WifiStateMachine: fetchRssiLinkSpeedAndFrequencyNative rssi=-42 linkspeed=433 freq=5240
10-17 16:21:57.748  3957  4129 V WifiConfigManager: Updating scan detail cache freq=5240 BSSID=f4:6d:2f:12:cc:88 RSSI=-42 for "ourhome"WPA_PSK
10-17 16:21:57.781  7533  7787 I BatteryMgr:DataCollectionService: stats => 1697552517781,-174,4308,-184,0,99
10-17 16:21:57.886  7533  7787 I BatteryMgr:DataCollectionService: stats => 1697552517886,-174,4308,-184,0,99
10-17 16:21:57.993  7533  7787 I BatteryMgr:DataCollectionService: stats => 1697552517993,-174,4308,-184,0,99
10-17 16:21:58.099  7533  7787 I BatteryMgr:DataCollectionService: stats => 1697552518099,-174,4308,-184,0,99
10-17 16:21:58.100  3957  4129 D WifiStateMachine:  ConnectedState !CMD_RSSI_POLL rt=504531313/1214905477 81 0 "ourhome" f4:6d:2f:12:cc:88 rssi=-42 f=5240 sc=60 link=433 tx=16.9, 0.0, 0.0  rx=23.6 bcn=34147 [on:0 tx:0 rx:0 period:358] from screen [on:171129 period:649281] score=60
10-17 16:21:58.101  3957  4129 D WifiStateMachine:  L2ConnectedState !CMD_RSSI_POLL rt=504531314/1214905479 81 0 "ourhome" f4:6d:2f:12:cc:88 rssi=-42 f=5240 sc=60 link=433 tx=16.9, 0.0, 0.0  rx=23.6 bcn=34147 [on:0 tx:0 rx:0 period:1] from screen [on:171129 period:649282] score=60
10-17 16:21:58.101  3957  4129 D WifiStateMachine:  get link layer stats 3
10-17 16:21:58.102  3436  3436 I android.hardware.wifi@1.0-service: getLinkLayerStats
10-17 16:21:58.120  3957  4129 D WifiStateMachine: fetchRssiLinkSpeedAndFrequencyNative rssi=-42 linkspeed=433 freq=5240
10-17 16:21:58.120  3957  4129 V WifiConfigManager: Updating scan detail cache freq=5240 BSSID=f4:6d:2f:12:cc:88 RSSI=-42 for "ourhome"WPA_PSK
10-17 16:21:58.123  4340  4340 E SignalClusterView: setSlotFocusVisible : subId -2
10-17 16:21:58.123  4340  4340 E SignalClusterView: setSlotFocusVisible : subId -2
10-17 16:21:58.204  7533  7787 I BatteryMgr:DataCollectionService: stats => 1697552518204,-174,4308,-184,0,99
10-17 16:21:58.312  7533  7787 I BatteryMgr:DataCollectionService: stats => 1697552518312,-174,4308,-184,0,99
10-17 16:21:58.417  7533  7787 I BatteryMgr:DataCollectionService: stats => 1697552518417,-174,4308,-184,0,99
10-17 16:21:58.426  3957  4128 D WifiService: getConnectionInfo uid=1000
10-17 16:21:58.521  7533  7787 I BatteryMgr:DataCollectionService: stats => 1697552518521,-174,4308,-184,0,99
10-17 16:21:58.627  7533  7787 I BatteryMgr:DataCollectionService: stats => 1697552518627,-174,4308,-184,0,99
10-17 16:21:58.735  7533  7787 I BatteryMgr:DataCollectionService: stats => 1697552518735,-174,4308,-184,0,99
10-17 16:21:58.741  3957  4129 D WifiStateMachine:  ConnectedState !RSSI_PKTCNT_FETCH uid=1000 rt=504531953/1214906117 0 0 "ourhome" f4:6d:2f:12:cc:88 rssi=-42 f=5240 sc=60 link=433 tx=17.6, 0.0, 0.0  rx=23.9 bcn=34177 [on:0 tx:0 rx:0 period:618] from screen [on:172492 period:649921] score=60
10-17 16:21:58.742  3957  4129 D WifiStateMachine:  L2ConnectedState !RSSI_PKTCNT_FETCH uid=1000 rt=504531955/1214906119 0 0 "ourhome" f4:6d:2f:12:cc:88 rssi=-42 f=5240 sc=60 link=433 tx=17.6, 0.0, 0.0  rx=23.9 bcn=34177 [on:0 tx:0 rx:0 period:2] from screen [on:172492 period:649923] score=60
10-17 16:21:58.749  3957  4129 D WifiStateMachine: fetchRssiLinkSpeedAndFrequencyNative rssi=-42 linkspeed=433 freq=5240
10-17 16:21:58.749  3957  4129 V WifiConfigManager: Updating scan detail cache freq=5240 BSSID=f4:6d:2f:12:cc:88 RSSI=-42 for "ourhome"WPA_PSK
10-17 16:21:58.842  7533  7787 I BatteryMgr:DataCollectionService: stats => 1697552518842,-174,4308,-184,0,99
10-17 16:21:58.947  7533  7787 I BatteryMgr:DataCollectionService: stats => 1697552518947,-174,4308,-184,0,99
10-17 16:21:59.052  7533  7787 I BatteryMgr:DataCollectionService: stats => 1697552519052,-174,4308,-184,0,99
10-17 16:21:59.160  7533  7787 I BatteryMgr:DataCollectionService: stats => 1697552519160,-174,4308,-184,0,99
10-17 16:21:59.268  7533  7787 I BatteryMgr:DataCollectionService: stats => 1697552519268,-174,4308,-184,0,99
10-17 16:21:59.375  7533  7787 I BatteryMgr:DataCollectionService: stats => 1697552519375,-174,4308,-184,0,99
10-17 16:21:59.428  3957  4128 D WifiService: getConnectionInfo uid=1000
10-17 16:21:59.481  7533  7787 I BatteryMgr:DataCollectionService: stats => 1697552519481,-174,4308,-184,0,99
10-17 16:21:59.588  7533  7787 I BatteryMgr:DataCollectionService: stats => 1697552519587,-174,4308,-184,0,99
10-17 16:21:59.695  7533  7787 I BatteryMgr:DataCollectionService: stats => 1697552519695,-174,4308,-184,0,99
10-17 16:21:59.743  3957  4129 D WifiStateMachine:  ConnectedState !RSSI_PKTCNT_FETCH uid=1000 rt=504532955/1214907119 0 0 "ourhome" f4:6d:2f:12:cc:88 rssi=-42 f=5240 sc=60 link=433 tx=17.6, 0.0, 0.0  rx=23.9 bcn=34177 [on:0 tx:0 rx:0 period:1000] from screen [on:172492 period:650923] score=60
10-17 16:21:59.744  3957  4129 D WifiStateMachine:  L2ConnectedState !RSSI_PKTCNT_FETCH uid=1000 rt=504532957/1214907121 0 0 "ourhome" f4:6d:2f:12:cc:88 rssi=-42 f=5240 sc=60 link=433 tx=17.6, 0.0, 0.0  rx=23.9 bcn=34177 [on:0 tx:0 rx:0 period:2] from screen [on:172492 period:650925] score=60
10-17 16:21:59.750  3957  4129 D WifiStateMachine: fetchRssiLinkSpeedAndFrequencyNative rssi=-43 linkspeed=433 freq=5240
10-17 16:21:59.750  3957  4129 V WifiConfigManager: Updating scan detail cache freq=5240 BSSID=f4:6d:2f:12:cc:88 RSSI=-42 for "ourhome"WPA_PSK
10-17 16:21:59.800  7533  7787 I BatteryMgr:DataCollectionService: stats => 1697552519800,-174,4308,-184,0,99
10-17 16:21:59.906  7533  7787 I BatteryMgr:DataCollectionService: stats => 1697552519906,-174,4308,-184,0,99
10-17 16:22:00.000  3957  4045 D SamsungAlarmManager: Expired : 8
10-17 16:22:00.004  3957  4045 V SamsungAlarmManager: Sending to uid : 1000 action=android.intent.action.TIME_TICK alarm=Alarm{8068bf4 type 3 when 1214907379 android}
10-17 16:22:00.011  3957  4045 V SamsungAlarmManager: Sending to uid : 10074 action=com.samsung.action.EVERY_MINUTE_CLOCK_UPDATE alarm=Alarm{7244592 type 1 when 1697552520000 com.sec.android.app.launcher}
10-17 16:22:00.015  7533  7787 I BatteryMgr:DataCollectionService: stats => 1697552520014,-174,4308,-184,0,99
10-17 16:22:00.018  3957  3957 D SamsungAlarmManager: setExact Intent (T:3/F:1/AC:false) 20231017T162300 - CU:1000/CP:3957
10-17 16:22:00.018  3957  3957 I SamsungAlarmManager: setLocked to kernel - T:3 / 20231017T162259, SetElapsed=1214967378, nowELAPSED=1214907397
10-17 16:22:00.019  3957  3957 V AlarmManager: ___SyncScheduler (v3) ACTIVATED___
10-17 16:22:00.019  3957  3957 V AlarmManagerEXT: <AppSync3 Whitelist>
10-17 16:22:00.019  3957  3957 V AlarmManagerEXT: (AppSync) com.facebook.services : 900(920)
10-17 16:22:00.019  3957  3957 V AlarmManagerEXT: (AppSync) com.google.android.gms : 10800(20820)
10-17 16:22:00.019  3957  3957 V AlarmManagerEXT: (AppSync) com.sec.android.daemonapp : 21600(30120)
10-17 16:22:00.019  3957  3957 V AlarmManagerEXT: (AppSync) ### 3 added ###
10-17 16:22:00.021   426   426 I Launcher: onReceive: com.samsung.action.EVERY_MINUTE_CLOCK_UPDATE
10-17 16:22:00.023  4340  4340 D KeyguardUpdateMonitor: received broadcast android.intent.action.TIME_TICK
10-17 16:22:00.028  4340  4340 D KeyguardServiceBoxContainer: refreshTime() 1
10-17 16:22:00.030  3957  4651 D SamsungAlarmManager: setInexact Intent (T:1/F:0/AC:false) 20231017T162300 - CU:10074/CP:426
10-17 16:22:00.033   426   426 I IconView: applyFromShortcutInfo - start GetLive : com.samsung.android.calendar
10-17 16:22:00.034   426   426 I IconView: applyFromShortcutInfo - end GetLive : com.samsung.android.calendar
10-17 16:22:00.090   426   426 I IconView: applyFromApplicationInfo - start GetLive : com.sec.android.app.clockpackage
10-17 16:22:00.104   426   426 D ApplicationPackageManager: we has com.sec.android.app.clockpackage class. reuse it 
10-17 16:22:00.109   426   426 D LiveIconLoader: getLiveIcon was called in ClockPackage
10-17 16:22:00.115   426   426 D LiveIconLoader: getLiveIcon res = com.sec.android.app.clockpackage
10-17 16:22:00.121  7533  7787 I BatteryMgr:DataCollectionService: stats => 1697552520121,-174,4308,-184,0,99
10-17 16:22:00.137   426   426 D LiveIconLoader: stdIconSize : 84 , targetIconSize : 94
10-17 16:22:00.137   426   426 D LiveIconLoader: mIconDpi : 320 , mTargetIconDpi : 280
10-17 16:22:00.205   426   426 I ApplicationPackageManager: load= live icon for com.sec.android.app.clockpackage, from overlay = false
10-17 16:22:00.207   426   426 I LiveIconManager: getLiveIcon: complete(sync_created)
10-17 16:22:00.207   426   426 I IconView: applyFromApplicationInfo - end GetLive : com.sec.android.app.clockpackage
10-17 16:22:00.208   426   426 I IconView: applyFromApplicationInfo - start GetLive : com.samsung.android.calendar
10-17 16:22:00.209   426   426 I IconView: applyFromApplicationInfo - end GetLive : com.samsung.android.calendar
10-17 16:22:00.226  7533  7787 I BatteryMgr:DataCollectionService: stats => 1697552520226,-174,4308,-184,0,99
10-17 16:22:00.226  4340  4340 D KeyguardUpdateMonitor: handleStatusBarState( false )
10-17 16:22:00.238  4340  4340 D KeyguardUpdateMonitor: handleStatusBarState( false )
10-17 16:22:00.312  4340  4731 D NetworkController.MobileSignalController(0/-2): onSignalStrengthsChanged signalStrength=SignalStrength: 24 99 -24 -200 -24 -200 -1 99 2147483647 2147483647 2147483647 2147483647 0 2147483647 0x4 P gsm|lte level=4
10-17 16:22:00.313  4340  4731 D NetworkController.MobileSignalController(0/-2): getMobileIconGroup(): 0
10-17 16:22:00.331  7533  7787 I BatteryMgr:DataCollectionService: stats => 1697552520331,-174,4308,-184,0,99
10-17 16:22:00.430  3957  4128 D WifiService: getConnectionInfo uid=1000
10-17 16:22:00.438  7533  7787 I BatteryMgr:DataCollectionService: stats => 1697552520438,-174,4308,-184,0,99
10-17 16:22:00.544  7533  7787 I BatteryMgr:DataCollectionService: stats => 1697552520544,-174,4308,-184,0,99
10-17 16:22:00.650  7533  7787 I BatteryMgr:DataCollectionService: stats => 1697552520650,-174,4308,-184,0,99
10-17 16:22:00.743  3957  4129 D WifiStateMachine:  ConnectedState !RSSI_PKTCNT_FETCH uid=1000 rt=504533956/1214908120 0 0 "ourhome" f4:6d:2f:12:cc:88 rssi=-43 f=5240 sc=60 link=433 tx=17.6, 0.0, 0.0  rx=23.9 bcn=34177 [on:0 tx:0 rx:0 period:999] from screen [on:172492 period:651924] score=60
10-17 16:22:00.744  3957  4129 D WifiStateMachine:  L2ConnectedState !RSSI_PKTCNT_FETCH uid=1000 rt=504533958/1214908122 0 0 "ourhome" f4:6d:2f:12:cc:88 rssi=-43 f=5240 sc=60 link=433 tx=17.6, 0.0, 0.0  rx=23.9 bcn=34177 [on:0 tx:0 rx:0 period:1] from screen [on:172492 period:651925] score=60
10-17 16:22:00.746  3957  4129 D WifiStateMachine: fetchRssiLinkSpeedAndFrequencyNative rssi=-44 linkspeed=433 freq=5240
10-17 16:22:00.746  3957  4129 V WifiConfigManager: Updating scan detail cache freq=5240 BSSID=f4:6d:2f:12:cc:88 RSSI=-43 for "ourhome"WPA_PSK
10-17 16:22:00.755  7533  7787 I BatteryMgr:DataCollectionService: stats => 1697552520755,-174,4308,-184,0,99
10-17 16:22:00.862  7533  7787 I BatteryMgr:DataCollectionService: stats => 1697552520862,-174,4308,-184,0,99
10-17 16:22:00.915  4961  4961 D io_stats: !@ 179,0 r 7614986 244489568 w 1645100 34280652 d 132384 33946924 f 384909 406046 iot 3375040 2953644 th 51200 0 0 pt 0 inp 0 0 504534.129
10-17 16:22:00.970  7533  7787 I BatteryMgr:DataCollectionService: stats => 1697552520970,-174,4308,-184,0,99
10-17 16:22:01.072  3957  6478 D SSRM:k  : SIOP:: AP = 400, PST = 349 (W:12), BAT = 236, USB = 0, CHG = 0
10-17 16:22:01.078  7533  7787 I BatteryMgr:DataCollectionService: stats => 1697552521077,-174,4308,-184,0,99
10-17 16:22:01.122  3957  4129 D WifiStateMachine:  ConnectedState !CMD_RSSI_POLL rt=504534335/1214908499 81 0 "ourhome" f4:6d:2f:12:cc:88 rssi=-44 f=5240 sc=60 link=433 tx=17.6, 0.0, 0.0  rx=23.9 bcn=34177 [on:0 tx:0 rx:0 period:378] from screen [on:172492 period:652303] score=60
10-17 16:22:01.124  3957  4129 D WifiStateMachine:  L2ConnectedState !CMD_RSSI_POLL rt=504534337/1214908501 81 0 "ourhome" f4:6d:2f:12:cc:88 rssi=-44 f=5240 sc=60 link=433 tx=17.6, 0.0, 0.0  rx=23.9 bcn=34177 [on:0 tx:0 rx:0 period:2] from screen [on:172492 period:652305] score=60
10-17 16:22:01.124  3957  4129 D WifiStateMachine:  get link layer stats 3
10-17 16:22:01.125  3436  3436 I android.hardware.wifi@1.0-service: getLinkLayerStats
10-17 16:22:01.143  3957  4129 D WifiStateMachine: fetchRssiLinkSpeedAndFrequencyNative rssi=-43 linkspeed=433 freq=5240
10-17 16:22:01.143  3957  4129 V WifiConfigManager: Updating scan detail cache freq=5240 BSSID=f4:6d:2f:12:cc:88 RSSI=-43 for "ourhome"WPA_PSK
10-17 16:22:01.146  4340  4340 E SignalClusterView: setSlotFocusVisible : subId -2
10-17 16:22:01.146  4340  4340 E SignalClusterView: setSlotFocusVisible : subId -2
10-17 16:22:01.183  7533  7787 I BatteryMgr:DataCollectionService: stats => 1697552521183,-174,4308,-184,0,99
10-17 16:22:01.289  7533  7787 I BatteryMgr:DataCollectionService: stats => 1697552521289,-174,4308,-184,0,99
10-17 16:22:01.396  7533  7787 I BatteryMgr:DataCollectionService: stats => 1697552521396,-174,4308,-184,0,99
10-17 16:22:01.433  3957  4128 D WifiService: getConnectionInfo uid=1000
10-17 16:22:01.501  7533  7787 I BatteryMgr:DataCollectionService: stats => 1697552521501,-174,4308,-184,0,99
10-17 16:22:01.607  7533  7787 I BatteryMgr:DataCollectionService: stats => 1697552521607,-174,4308,-184,0,99
10-17 16:22:01.713  7533  7787 I BatteryMgr:DataCollectionService: stats => 1697552521712,-174,4308,-184,0,99
10-17 16:22:01.744  3957  4129 D WifiStateMachine:  ConnectedState !RSSI_PKTCNT_FETCH uid=1000 rt=504534957/1214909121 0 0 "ourhome" f4:6d:2f:12:cc:88 rssi=-43 f=5240 sc=60 link=433 tx=14.7, 0.0, 0.0  rx=17.6 bcn=34206 [on:0 tx:0 rx:0 period:599] from screen [on:172991 period:652925] score=60
10-17 16:22:01.746  3957  4129 D WifiStateMachine:  L2ConnectedState !RSSI_PKTCNT_FETCH uid=1000 rt=504534959/1214909123 0 0 "ourhome" f4:6d:2f:12:cc:88 rssi=-43 f=5240 sc=60 link=433 tx=14.7, 0.0, 0.0  rx=17.6 bcn=34206 [on:0 tx:0 rx:0 period:2] from screen [on:172991 period:652927] score=60
10-17 16:22:01.748  3957  4129 D WifiStateMachine: fetchRssiLinkSpeedAndFrequencyNative rssi=-44 linkspeed=433 freq=5240
10-17 16:22:01.749  3957  4129 V WifiConfigManager: Updating scan detail cache freq=5240 BSSID=f4:6d:2f:12:cc:88 RSSI=-43 for "ourhome"WPA_PSK
10-17 16:22:01.818  7533  7787 I BatteryMgr:DataCollectionService: stats => 1697552521818,-174,4308,-184,0,99
10-17 16:22:01.871  7577  7588 I zygote64: Background concurrent copying GC freed 253139(7MB) AllocSpace objects, 0(0B) LOS objects, 49% free, 6MB/13MB, paused 2.646ms total 205.135ms
10-17 16:22:01.922  7533  7787 I BatteryMgr:DataCollectionService: stats => 1697552521922,-174,4308,-184,0,99
10-17 16:22:02.028  7533  7787 I BatteryMgr:DataCollectionService: stats => 1697552522028,-174,4308,-184,0,99
10-17 16:22:02.057  2479  2548 D ScanRecord: Not a Multi Manu data
10-17 16:22:02.133  2479  2548 I chatty  : uid=1002(bluetooth) BT Service Call identical 57 lines
10-17 16:22:02.133  2479  2548 D ScanRecord: Not a Multi Manu data
10-17 16:22:02.134  7533  7787 I BatteryMgr:DataCollectionService: stats => 1697552522134,-174,4308,-184,0,99
10-17 16:22:02.134  2479  2548 D ScanRecord: Not a Multi Manu data
10-17 16:22:02.224  2479  2548 I chatty  : uid=1002(bluetooth) BT Service Call identical 43 lines
10-17 16:22:02.224  2479  2548 D ScanRecord: Not a Multi Manu data
10-17 16:22:02.240  7533  7787 I BatteryMgr:DataCollectionService: stats => 1697552522239,-174,4308,-184,0,99
10-17 16:22:02.240  2479  2548 D ScanRecord: Not a Multi Manu data
10-17 16:22:02.335  2479  2548 I chatty  : uid=1002(bluetooth) BT Service Call identical 154 lines
10-17 16:22:02.336  2479  2548 D ScanRecord: Not a Multi Manu data
10-17 16:22:02.347  7533  7787 I BatteryMgr:DataCollectionService: stats => 1697552522347,-174,4308,-184,0,99
10-17 16:22:02.350  2479  2548 D ScanRecord: Not a Multi Manu data
10-17 16:22:02.409  2479  2548 I chatty  : uid=1002(bluetooth) BT Service Call identical 50 lines
10-17 16:22:02.409  2479  2548 D ScanRecord: Not a Multi Manu data
10-17 16:22:02.434  3957  4128 D WifiService: getConnectionInfo uid=1000
10-17 16:22:02.434  2479  2548 D ScanRecord: Not a Multi Manu data
10-17 16:22:02.447  2479  2548 I chatty  : uid=1002(bluetooth) BT Service Call identical 24 lines
10-17 16:22:02.447  2479  2548 D ScanRecord: Not a Multi Manu data
10-17 16:22:02.455  7533  7787 I BatteryMgr:DataCollectionService: stats => 1697552522455,-174,4308,-184,0,99
10-17 16:22:02.457  2479  2548 D ScanRecord: Not a Multi Manu data
10-17 16:22:02.521  2479  2548 I chatty  : uid=1002(bluetooth) BT Service Call identical 37 lines
10-17 16:22:02.521  2479  2548 D ScanRecord: Not a Multi Manu data
10-17 16:22:02.563  7533  7787 I BatteryMgr:DataCollectionService: stats => 1697552522563,-174,4308,-184,0,99
10-17 16:22:02.670  7533  7787 I BatteryMgr:DataCollectionService: stats => 1697552522670,-174,4308,-184,0,99
10-17 16:22:02.747  3957  4129 D WifiStateMachine:  ConnectedState !RSSI_PKTCNT_FETCH uid=1000 rt=504535959/1214910123 0 0 "ourhome" f4:6d:2f:12:cc:88 rssi=-44 f=5240 sc=60 link=433 tx=14.7, 0.0, 0.0  rx=17.6 bcn=34206 [on:0 tx:0 rx:0 period:1001] from screen [on:172991 period:653928] score=60
10-17 16:22:02.749  3957  4129 D WifiStateMachine:  L2ConnectedState !RSSI_PKTCNT_FETCH uid=1000 rt=504535961/1214910126 0 0 "ourhome" f4:6d:2f:12:cc:88 rssi=-44 f=5240 sc=60 link=433 tx=14.7, 0.0, 0.0  rx=17.6 bcn=34206 [on:0 tx:0 rx:0 period:2] from screen [on:172991 period:653930] score=60
10-17 16:22:02.751  3957  4129 D WifiStateMachine: fetchRssiLinkSpeedAndFrequencyNative rssi=-43 linkspeed=433 freq=5240
10-17 16:22:02.751  3957  4129 V WifiConfigManager: Updating scan detail cache freq=5240 BSSID=f4:6d:2f:12:cc:88 RSSI=-43 for "ourhome"WPA_PSK
10-17 16:22:02.774  7533  7787 I BatteryMgr:DataCollectionService: stats => 1697552522774,-174,4308,-184,0,99
10-17 16:22:02.880  7533  7787 I BatteryMgr:DataCollectionService: stats => 1697552522880,-174,4308,-184,0,99
10-17 16:22:02.986  7533  7787 I BatteryMgr:DataCollectionService: stats => 1697552522986,-174,4308,-184,0,99
10-17 16:22:03.092  7533  7787 I BatteryMgr:DataCollectionService: stats => 1697552523092,-174,4308,-184,0,99
10-17 16:22:03.197  7533  7787 I BatteryMgr:DataCollectionService: stats => 1697552523196,-174,4308,-184,0,99
10-17 16:22:03.302  7533  7787 I BatteryMgr:DataCollectionService: stats => 1697552523302,-174,4308,-184,0,99
10-17 16:22:03.407  7533  7787 I BatteryMgr:DataCollectionService: stats => 1697552523407,-174,4308,-184,0,99
10-17 16:22:03.436  3957  4128 D WifiService: getConnectionInfo uid=1000
10-17 16:22:03.513  7533  7787 I BatteryMgr:DataCollectionService: stats => 1697552523513,-174,4308,-184,0,99
10-17 16:22:03.620  7533  7787 I BatteryMgr:DataCollectionService: stats => 1697552523620,-174,4308,-184,0,99
10-17 16:22:03.725  7533  7787 I BatteryMgr:DataCollectionService: stats => 1697552523725,-174,4308,-184,0,99
10-17 16:22:03.746  3957  4129 D WifiStateMachine:  ConnectedState !RSSI_PKTCNT_FETCH uid=1000 rt=504536959/1214911123 0 0 "ourhome" f4:6d:2f:12:cc:88 rssi=-43 f=5240 sc=60 link=433 tx=14.7, 0.0, 0.0  rx=17.6 bcn=34206 [on:0 tx:0 rx:0 period:997] from screen [on:172991 period:654927] score=60
10-17 16:22:03.747  3957  4129 D WifiStateMachine:  L2ConnectedState !RSSI_PKTCNT_FETCH uid=1000 rt=504536960/1214911124 0 0 "ourhome" f4:6d:2f:12:cc:88 rssi=-43 f=5240 sc=60 link=433 tx=14.7, 0.0, 0.0  rx=17.6 bcn=34206 [on:0 tx:0 rx:0 period:1] from screen [on:172991 period:654928] score=60
10-17 16:22:03.753  3957  4129 D WifiStateMachine: fetchRssiLinkSpeedAndFrequencyNative rssi=-43 linkspeed=433 freq=5240
10-17 16:22:03.753  3957  4129 V WifiConfigManager: Updating scan detail cache freq=5240 BSSID=f4:6d:2f:12:cc:88 RSSI=-43 for "ourhome"WPA_PSK
10-17 16:22:03.831  7533  7787 I BatteryMgr:DataCollectionService: stats => 1697552523831,-174,4308,-184,0,99
10-17 16:22:03.937  7533  7787 I BatteryMgr:DataCollectionService: stats => 1697552523937,-174,4308,-184,0,99
10-17 16:22:04.044  7533  7787 I BatteryMgr:DataCollectionService: stats => 1697552524044,-174,4308,-184,0,99
10-17 16:22:04.146  3957  4129 D WifiStateMachine:  ConnectedState !CMD_RSSI_POLL rt=504537359/1214911523 81 0 "ourhome" f4:6d:2f:12:cc:88 rssi=-43 f=5240 sc=60 link=433 tx=14.7, 0.0, 0.0  rx=17.6 bcn=34206 [on:0 tx:0 rx:0 period:399] from screen [on:172991 period:655327] score=60
10-17 16:22:04.147  3957  4129 D WifiStateMachine:  L2ConnectedState !CMD_RSSI_POLL rt=504537360/1214911525 81 0 "ourhome" f4:6d:2f:12:cc:88 rssi=-43 f=5240 sc=60 link=433 tx=14.7, 0.0, 0.0  rx=17.6 bcn=34206 [on:0 tx:0 rx:0 period:1] from screen [on:172991 period:655328] score=60
10-17 16:22:04.148  3957  4129 D WifiStateMachine:  get link layer stats 3
10-17 16:22:04.148  3436  3436 I android.hardware.wifi@1.0-service: getLinkLayerStats
10-17 16:22:04.150  7533  7787 I BatteryMgr:DataCollectionService: stats => 1697552524150,-174,4308,-184,0,99
10-17 16:22:04.166  3957  4129 D WifiStateMachine: fetchRssiLinkSpeedAndFrequencyNative rssi=-42 linkspeed=433 freq=5240
10-17 16:22:04.166  3957  4129 V WifiConfigManager: Updating scan detail cache freq=5240 BSSID=f4:6d:2f:12:cc:88 RSSI=-42 for "ourhome"WPA_PSK
10-17 16:22:04.169  4340  4340 E SignalClusterView: setSlotFocusVisible : subId -2
10-17 16:22:04.169  4340  4340 E SignalClusterView: setSlotFocusVisible : subId -2
10-17 16:22:04.255  7533  7787 I BatteryMgr:DataCollectionService: stats => 1697552524255,-174,4308,-184,0,99
10-17 16:22:04.359  7533  7787 I BatteryMgr:DataCollectionService: stats => 1697552524359,-174,4308,-184,0,99
10-17 16:22:04.438  3957  4128 D WifiService: getConnectionInfo uid=1000
10-17 16:22:04.466  7533  7787 I BatteryMgr:DataCollectionService: stats => 1697552524466,-174,4308,-184,0,99
10-17 16:22:04.572  7533  7787 I BatteryMgr:DataCollectionService: stats => 1697552524572,-174,4308,-184,0,99
10-17 16:22:04.676  7533  7787 I BatteryMgr:DataCollectionService: stats => 1697552524676,-174,4308,-184,0,99
10-17 16:22:04.748  3957  4129 D WifiStateMachine:  ConnectedState !RSSI_PKTCNT_FETCH uid=1000 rt=504537959/1214912123 0 0 "ourhome" f4:6d:2f:12:cc:88 rssi=-42 f=5240 sc=60 link=433 tx=9.2, 0.0, 0.0  rx=12.1 bcn=34236 [on:0 tx:0 rx:0 period:578] from screen [on:174104 period:655928] score=60
