--------- beginning of main
10-17 16:13:27.525  2479  2548 I chatty  : uid=1002(bluetooth) BT Service Call expire 11 lines
10-17 16:13:27.525  2479  2548 D ScanRecord: Not a Multi Manu data
--------- beginning of system
10-17 16:17:05.197  3436  3436 I android.hardware.wifi@1.0-service: getLinkLayerStats
10-17 16:17:05.471  2848  2848 E adbd    : recv: OPEN 0000019b 00000000 0042:73 68 65 6C 6C 2C 76 32 2C 54 45 52 4D 3D 78 74 65 72 6D 2D 32 35 36 63 6F 6C 6F 72 2C 72 61 77 3A 67 65 74 70 72 6F 70 20 72 6F 2E 62 75 69 6C 64 2E 76 65 72 73 69 6F 6E 2E 72 65 6C 65 61 73 65 00 
10-17 16:17:05.471  2848  2848 E adbd    : service_to_fd: shell,v2,TERM=xterm-256color,raw:getprop ro.build.version.release
10-17 16:17:05.521  2848  2848 E adbd    : recv: OPEN 0000019f 00000000 003e:73 68 65 6C 6C 2C 76 32 2C 54 45 52 4D 3D 78 74 65 72 6D 2D 32 35 36 63 6F 6C 6F 72 2C 72 61 77 3A 67 65 74 70 72 6F 70 20 72 6F 2E 62 75 69 6C 64 2E 76 65 72 73 69 6F 6E 2E 73 64 6B 00 
10-17 16:17:05.521  2848  2848 E adbd    : service_to_fd: shell,v2,TERM=xterm-256color,raw:getprop ro.build.version.sdk
10-17 16:17:05.578  2848  2848 E adbd    : recv: OPEN 000001a3 00000000 00c4:73 68 65 6C 6C 2C 76 32 2C 54 45 52 4D 3D 78 74 65 72 6D 2D 32 35 36 63 6F 6C 6F 72 2C 72 61 77 3A 61 6D 20 73 74 61 72 74 20 2D 6E 20 22 63 6F 6D 2E 65 78 61 6D 70 6C 65 2E 62 61 74 74 65 72 79 6D 61 6E 61 67 65 72 5F 75 74 69 6C 69 74 79 2F 63 6F 6D 2E 65 78 61 6D 70 6C 65 2E 62 61 74 74 65 72 79 6D 61 6E 61 67 65 72 5F 75 74 69 6C 69 74 79 2E 4D 61 69 6E 41 63 74 69 76 69 74 79 22 20 2D 61 20 61 6E 64 72 6F 69 64 2E 69 6E 74 65 6E 74 2E 61 63 74 69 6F 6E 2E 4D 41 49 4E 20 2D 63 20 61 6E 64 72 6F 69 64 2E 69 6E 74 65 6E 74 2E 63 61 74 65 67 6F 72 79 2E 4C 41 55 4E 43 48 45 52 00 
10-17 16:17:05.579  2848  2848 E adbd    : service_to_fd: shell,v2,TERM=xterm-256color,raw:am start -n "com.example.batterymanager_utility/com.example.batterymanager_utility.MainActivity" -a android.intent.action.MAIN -c android.intent.category.LAUNCHER
10-17 16:17:05.667  3957  4650 I ActivityManager: START u0 {act=android.intent.action.MAIN typ=null flg=0x10000000 cmp=ComponentInfo{com.example.batterymanager_utility/com.example.batterymanager_utility.MainActivity}} from uid 2000
10-17 16:17:05.668  3957  4650 D CustomFrequencyManagerService: acquireDVFSLockLocked : type : DVFS_MIN_LIMIT  frequency : 1560000  uid : 1000  pid : 3957  pkgName : AMS_APP_SWITCH@CPU_MIN@52
10-17 16:17:05.670  3957  4650 D ActivityManagerPerformance: AMP_acquire() APP_SWITCH
10-17 16:17:05.671  3957  5022 D ActivityManagerPerformance: Received MSG_CFMS_HINT_AMS_SWITCH pkgName: com.example.batterymanager_utility
10-17 16:17:05.671  3957  6478 D TelephonyManager: getAllCellInfo : Caller (PID / UID / TID): 3957 / 1000 / 6478
10-17 16:17:05.674  4961  4961 D io_stats: !@ 179,0 r 7547113 242060828 w 1640873 34221800 d 131975 33926556 f 384466 405593 iot 3348608 2931544 th 51200 0 0 pt 0 inp 0 0 504238.888
10-17 16:17:05.675   426   426 V Launcher: Launcher.onPause()
10-17 16:17:05.675   426   426 D Launcher: setHotWordDetection : call requestHotWordDetection false
10-17 16:17:05.678  3957  3957 D MdnieScenarioControlService: Listener Real Multi Window State : false
10-17 16:17:05.687  3957 14904 D ActivityManager: isScaleDownAnimationEnabled() : false
10-17 16:17:05.688  4146  4146 I GsaVoiceInteractionSrv: Handling ACTION_STOP_HOTWORD
10-17 16:17:05.689  3957 14904 D StorageManagerService: getExternalStorageMountMode : 1
10-17 16:17:05.689  3957 14904 D StorageManagerService: getExternalStorageMountMode : 3
10-17 16:17:05.689  3957 14904 D StorageManagerService: getExternalStorageMountMode : final mountMode=1, uid : 10170, packageName : com.example.batterymanager_utility
10-17 16:17:05.689  3957 14904 I ApplicationPolicy: isApplicationExternalStorageWhitelisted:com.example.batterymanager_utility user:0
10-17 16:17:05.690  3957 14904 D ApplicationPolicy: isApplicationExternalStorageWhitelisted: DO is not enabled on user 0. Allowed.
10-17 16:17:05.690  3957 14904 D ActivityManager: package  com.example.batterymanager_utility, user - 0 is SDcard whitelisted
10-17 16:17:05.690  3957 14904 I ApplicationPolicy: isApplicationExternalStorageBlacklisted:com.example.batterymanager_utility user:0
10-17 16:17:05.690  3957 14904 D ApplicationPolicy: isApplicationExternalStorageBlacklisted: DO is not enabled on user 0. Allowed.
10-17 16:17:05.697  3957  6478 D WifiService: getConnectionInfo uid=1000
10-17 16:17:05.701  3957 14904 I ActivityManager: Start proc 5886:com.example.batterymanager_utility/u0a170 for activity com.example.batterymanager_utility/.MainActivity
10-17 16:17:05.702  3957  4128 D WifiService: getConnectionInfo uid=1000
10-17 16:17:05.704  5886  5886 E Zygote  : isWhitelistProcess - Process is Whitelisted
10-17 16:17:05.705  5886  5886 E libpersona: scanKnoxPersonas
10-17 16:17:05.705  5886  5886 E libpersona: Couldn't open the File - /data/system/users/0/personalist.xml - No such file or directory
10-17 16:17:05.707  5886  5886 W SELinux : SELinux selinux_android_compute_policy_index : Policy Index[2],  Con:u:r:zygote:s0 RAM:SEPF_SM-J720F_8.0.0_0002, [-1 -1 -1 -1 0 1]
10-17 16:17:05.707  5886  5886 I SELinux : SELinux: seapp_context_lookup: seinfo=untrusted, level=s0:c512,c768, pkgname=com.example.batterymanager_utility 
10-17 16:17:05.710  3957  4025 V WindowManager: rotationForOrientationLw(orient=-1, last=0); user=0  sensorRotation=-1 mLidState=-1 mDockMode=0 mHdmiPlugged=false
10-17 16:17:05.711  3957  4025 D ViewRootImpl@57d300a[batterymanager_utility]: setView = DecorView@d6ece98[batterymanager_utility] TM=true MM=false
10-17 16:17:05.711  5886  5886 I zygote64: Late-enabling -Xcheck:jni
10-17 16:17:05.711  4146  4209 I HwDetectorWithState: (REDACTED) a: %d
10-17 16:17:05.717  3957  4025 D ViewRootImpl@57d300a[batterymanager_utility]: dispatchAttachedToWindow
10-17 16:17:05.718  3957  4025 V WindowManager: Relayout Window{cacb07b u0 Splash Screen com.example.batterymanager_utility}: viewVisibility=0 req=719x1237 WM.LayoutParams{(0,0)(fillxfill) sim=#20 ty=3 fl=#81830118 pfl=0x20011 wanim=0x10302fd vsysui=0x600 needsMenuKey=2 colorMode=0 naviIconColor=0}
10-17 16:17:05.720  4340  4340 D WallpaperService: updateSurface forceRelayout=true redrawNeeded=false myWidth=1280 myHeight=1280 fixedSize=true x = 0 y = 0 mWidth=1280 mHeight=1280 mIsSleepMode=false
10-17 16:17:05.721  3447  3447 I SurfaceFlinger: id=2688 createSurf (720x1280),1 flag=404, Splash Screen com.example.batterymanager_utility#0
10-17 16:17:05.722  3957  4025 V Surface : sf_framedrop debug : 0x4f4c, game : false, logging : 0
10-17 16:17:05.724  3957  4025 D InputDispatcher: Focus left window: 426
10-17 16:17:05.725  3957  4025 D ViewRootImpl@57d300a[batterymanager_utility]: Relayout returned: old=[0,0][0,0] new=[0,0][720,1280] result=0x7 surface={valid=true 500850737152} changed=true
10-17 16:17:05.726  3957  4025 D ViewRootImpl@57d300a[batterymanager_utility]: MSG_RESIZED_REPORT: frame=Rect(0, 0 - 720, 1280) ci=Rect(0, 42 - 0, 0) vi=Rect(0, 42 - 0, 0) or=1
10-17 16:17:05.726  3957 12007 V WindowManager: Relayout Window{b8b4ba7 u0 com.android.systemui.ImageWallpaper}: viewVisibility=0 req=1280x1280 WM.LayoutParams{(0,0)(1280x1280) gr=#800033 ty=2013 fl=#10318 fmt=2 wanim=0x103030e colorMode=0 naviIconColor=0}
10-17 16:17:05.730  4340  4340 D ImageWallpaper: onOffsetsChanged: xOffset=0.0, yOffset=0.0, xOffsetStep=0.0, yOffsetStep=0.0, xPixels=0, yPixels=0
10-17 16:17:05.730   426   426 D ViewRootImpl@64d68ee[LauncherActivity]: MSG_WINDOW_FOCUS_CHANGED 0
10-17 16:17:05.731  4340  4340 D ImageWallpaper: newRotation : 0,mLastRotation : 0
10-17 16:17:05.731  4340  4340 D ImageWallpaper: drawFrame:[frame.width()]1280[frame.height()]1280
10-17 16:17:05.731  4340  4340 D ImageWallpaper: surfaceDimensionsChanged=false mDisplayWidth=720 mDisplayHeight=1280
10-17 16:17:05.731  4340  4340 D ImageWallpaper: redrawNeeded = false, mOffsetsChanged = false
10-17 16:17:05.731  4340  4340 D ImageWallpaper: Suppressed drawFrame since redraw is not needed and offsets have not changed.
10-17 16:17:05.743  3957  4025 V WindowManager: finishDrawingLocked: mDrawState=COMMIT_DRAW_PENDING Window{cacb07b u0 Splash Screen com.example.batterymanager_utility} in Surface(name=Splash Screen com.example.batterymanager_utility)
10-17 16:17:05.766  5886  5886 D TimaKeyStoreProvider: TimaKeyStore is not enabled: cannot add TimaSignature Service and generateKeyPair Service
10-17 16:17:05.767  5886  5886 D ActivityThread: Added TimaKeyStore provider
10-17 16:17:05.772  3957 12007 I ActivityManager: DSS on for com.example.batterymanager_utility and scale is 1.0
10-17 16:17:05.780  3957 12007 D PersonaManagerService: Current focused persona service handled id set to : 0
10-17 16:17:05.780  3957 12007 D InputDispatcher: Focused application set to: xxxx
10-17 16:17:05.781  3957  4220 D GameManagerService: handleForegroundChange(). pkgName: com.example.batterymanager_utility, clsName: com.example.batterymanager_utility.MainActivity,FgActivityName:com.example.batterymanager_utility/.MainActivity
10-17 16:17:05.781  3957 12007 D MARsPolicyManager: onPackageResumedFG pkgName = com.example.batterymanager_utility, userId = 0
10-17 16:17:05.781  3957  4220 D GameManagerService: sem_perfomance_mode: 3
10-17 16:17:05.781  3957  4220 D GameManagerService: notifyResumePause(). pkg: com.example.batterymanager_utility, type: 4, isMinimized: false, isTunableApp: false
10-17 16:17:05.782  3957  4220 D GameManagerService:   notifyResumePause(). unexpected mPrevNotiType: -1
10-17 16:17:05.783  3957 12007 D SamsungAnimationCreator: createAnimation type:LowEnd transit:12 enter:false wallpaperXoffset:-280 split:false fixedOri:false
10-17 16:17:05.783  3957 12007 D SamsungAnimationCreator: createAnimation displayFrame:Rect(0, 0 - 720, 1280) frame:null insets:null
10-17 16:17:05.790  3957  6478 D GamePkgDataHelper: getGamePkgDataIncServer(). com.example.batterymanager_utility
10-17 16:17:05.790  3957  6478 D GameManagerService: identifyGamePackage. com.example.batterymanager_utility
10-17 16:17:05.790  3957  6478 D GamePkgDataHelper: getGamePkgData(). com.example.batterymanager_utility
10-17 16:17:05.791  3957  6478 D GameManagerService: identifyGamePackage. com.example.batterymanager_utility
10-17 16:17:05.791  3957  6478 D GamePkgDataHelper: getGamePkgData(). com.example.batterymanager_utility
10-17 16:17:05.791  3957  6478 D GamePkgDataHelper: getSosPolicy(). com.example.batterymanager_utility
10-17 16:17:05.792  3957  6478 D GameManagerService: identifyGamePackage. com.example.batterymanager_utility
10-17 16:17:05.793  3957  6478 D GamePkgDataHelper: getGamePkgData(). com.example.batterymanager_utility
10-17 16:17:05.793  3957  3973 D WindowManager: set systemUiVisibility : systemUiFlags= 0x608 fullscreenStackSysUiFlags= 0x0
10-17 16:17:05.794  3957 12007 D WindowManager: adjustSystemUiVisibilityLw : vis= 0x608
10-17 16:17:05.795  3957  6478 D GameManagerService: identifyGamePackage. com.example.batterymanager_utility
10-17 16:17:05.795  3957  6478 D GamePkgDataHelper: getGamePkgData(). com.example.batterymanager_utility
10-17 16:17:05.802   426   426 I Launcher: onWindowVisibilityChanged : false
10-17 16:17:05.807  4340 12450 D SystemServicesProxy: updateOverviewLastStackActiveTimeAsync: newTime=1697552013712
10-17 16:17:05.808   426   484 D OpenGLRenderer: eglDestroySurface = 0x7495689f00
10-17 16:17:05.808  3957 12007 D SecContentProvider: query(), uri = 17 selection = isSettingsChangesAllowed
10-17 16:17:05.808  3957 12007 D SecContentProvider: called from android.uid.systemui:10009
10-17 16:17:05.809  3957 14904 V WindowManager: Relayout Window{f4e98e0 u0 com.sec.android.app.launcher/com.sec.android.app.launcher.activities.LauncherActivity}: viewVisibility=8 req=720x1280 WM.LayoutParams{(0,0)(fillxfill) sim=#130 ty=1 fl=#81910d00 pfl=0x20000 fmt=-2 wanim=0x10302ea vsysui=0x700 needsMenuKey=2 colorMode=0 naviIconColor=0}
10-17 16:17:05.809  4340  4692 D SystemServicesProxy: updateOverviewLastStackActiveTimeAsync: done.
10-17 16:17:05.811  5886  5886 I zygote64: no shared libraies, dex_files: 1
10-17 16:17:05.813   426   426 D ViewRootImpl@64d68ee[LauncherActivity]: Relayout returned: old=[0,0][720,1280] new=[0,0][720,1280] result=0x5 surface={valid=false 0} changed=true
10-17 16:17:05.857  5886  5886 I BatteryMgr:App: creating notification channel
10-17 16:17:05.873  3447  3447 I SurfaceFlinger: Display 0 HWC layers:
10-17 16:17:05.873  3447  3447 I SurfaceFlinger:     type    |    handle    | flag |  format   |   source crop (l,t,r,b)    |         frame       | name 
10-17 16:17:05.873  3447  3447 I SurfaceFlinger: ------------+--------------+------+-----------+----------------------------+---------------------+------
10-17 16:17:05.873  3447  3447 I SurfaceFlinger:      Device | 0x7e9ec22c80 | 0002 | RGBx_8888 | 280.0    0.0 1000.0 1280.0 |    0    0  720 1280 | com.android.systemui.ImageWallpaper#0
10-17 16:17:05.873  3447  3447 I SurfaceFlinger:      Device | 0x7ea50243c0 | 0000 | RGBA_8888 |  21.0   37.0  700.0 1244.0 |    0    0  720 1280 | com.sec.android.app.launcher/com.sec[...]uncher.activities.LauncherActivity#0
10-17 16:17:05.873  3447  3447 I SurfaceFlinger:      Device | 0x7ea5024cc0 | 0002 | RGBA_8888 |   0.0    0.0  720.0 1280.0 |  133  236  588 1044 | Splash Screen com.example.batterymanager_utility#0
10-17 16:17:05.873  3447  3447 I SurfaceFlinger:      Device | 0x7e9ecdee00 | 0000 | RGBA_8888 |   0.0    0.0  720.0   42.0 |    0    0  720   42 | StatusBar#0
10-17 16:17:05.873  3447  3447 I SurfaceFlinger: 
10-17 16:17:05.883  3957  4030 D SensorService: [SO] 0.048 -0.235 9.984
10-17 16:17:05.921  3957  4089 D MdnieScenarioControlService:  packageName : com.example.batterymanager_utility    className : com.example.batterymanager_utility.MainActivity
10-17 16:17:05.921  3957  4089 V MdnieScenarioControlService: setUIMode from UI function(3)
10-17 16:17:05.966  5886  5903 D OpenGLRenderer: HWUI GL Pipeline
10-17 16:17:05.974  5886  5886 D ViewRootImpl@4470b6[MainActivity]: setView = DecorView@a3fa1b7[MainActivity] TM=true MM=false
10-17 16:17:05.976  3957 14904 D ActivityManager: post active user change for 0 fullscreen true isHomeActivity() false
10-17 16:17:06.094  5886  5886 W zygote64: Class androidx.compose.runtime.snapshots.SnapshotStateList failed lock verification and will run slower.
10-17 16:17:06.094  5886  5886 W zygote64: Common causes for lock verification issues are non-optimized dex code
10-17 16:17:06.094  5886  5886 W zygote64: and incorrect proguard optimizations.
10-17 16:17:06.201  5886  5886 D ViewRootImpl@4470b6[MainActivity]: dispatchAttachedToWindow
10-17 16:17:06.224  3447  3447 I SurfaceFlinger: Display 0 HWC layers:
10-17 16:17:06.224  3447  3447 I SurfaceFlinger:     type    |    handle    | flag |  format   |   source crop (l,t,r,b)    |         frame       | name 
10-17 16:17:06.224  3447  3447 I SurfaceFlinger: ------------+--------------+------+-----------+----------------------------+---------------------+------
10-17 16:17:06.224  3447  3447 I SurfaceFlinger:      Device | 0x7ea5024cc0 | 0002 | RGBA_8888 |   0.0    0.0  720.0 1280.0 |    0    0  720 1280 | Splash Screen com.example.batterymanager_utility#0
10-17 16:17:06.224  3447  3447 I SurfaceFlinger:      Device | 0x7e9ecdee00 | 0000 | RGBA_8888 |   0.0    0.0  720.0   42.0 |    0    0  720   42 | StatusBar#0
10-17 16:17:06.224  3447  3447 I SurfaceFlinger: 
10-17 16:17:06.236  3957  4025 I WindowManager: Destroying surface Surface(name=com.sec.android.app.launcher/com.sec.android.app.launcher.activities.LauncherActivity) called by com.android.server.wm.WindowStateAnimator.destroySurface:2501 com.android.server.wm.WindowStateAnimator.destroySurfaceLocked:985 com.android.server.wm.WindowState.destroyOrSaveSurfaceUnchecked:3670 com.android.server.wm.WindowState.destroySurface:3618 com.android.server.wm.AppWindowToken.destroySurfaces:722 com.android.server.wm.AppWindowToken.destroySurfaces:706 com.android.server.wm.WindowState.onExitAnimationDone:5316 com.android.server.wm.AppWindowAnimator.stepAnimationLocked:508 
10-17 16:17:06.236  3447 18688 I SurfaceFlinger: id=2687 Removed com.sec.android.app.launcher/com.sec.android.app.launcher.activities.LauncherActivity#0 (1/5)
10-17 16:17:06.239  3447 18688 I SurfaceFlinger: id=2687 Removed com.sec.android.app.launcher/com.sec.android.app.launcher.activities.LauncherActivity#0 (-2/5)
10-17 16:17:06.241  4340  4361 D WallpaperService: dispatchAppVisibility onVisibilityChanged(): false
10-17 16:17:06.242  4340  4340 D ImageWallpaper: onVisibilityChanged: mVisible, visible=true, false
10-17 16:17:06.242  4340  4340 D ImageWallpaper: Visibility changed to visible=false
10-17 16:17:06.242  4340  4340 D WallpaperService: reportVisibility onVisibilityChanged visible: false
10-17 16:17:06.252  3447  3447 I Layer   : id=2687 onRemoved com.sec.android.app.launcher/com.sec.android.app.launcher.activities.LauncherActivity#0 
10-17 16:17:06.254  3957 14904 V WindowManager: Relayout Window{1a2d6ae u0 com.example.batterymanager_utility/com.example.batterymanager_utility.MainActivity}: viewVisibility=0 req=719x1237 WM.LayoutParams{(0,0)(fillxfill) sim=#120 ty=1 fl=#81810100 pfl=0x20000 wanim=0x10302fd vsysui=0x600 needsMenuKey=2 colorMode=0 naviIconColor=0}
10-17 16:17:06.256  3447  3447 I SurfaceFlinger: id=2689 createSurf (720x1280),1 flag=404, com.example.batterymanager_utility/com.example.batterymanager_utility.MainActivity#0
10-17 16:17:06.257  3957 14904 V Surface : sf_framedrop debug : 0x4f4c, game : false, logging : 0
10-17 16:17:06.261  3957 14904 D InputDispatcher: Focus entered window: 5886
10-17 16:17:06.263  5886  5886 V Surface : sf_framedrop debug : 0x4f4c, game : false, logging : 0
10-17 16:17:06.264  5886  5886 D ViewRootImpl@4470b6[MainActivity]: Relayout returned: old=[0,0][0,0] new=[0,0][720,1280] result=0x7 surface={valid=true 502085300224} changed=true
10-17 16:17:06.274  5886  5903 I OpenGLRenderer: Initialized EGL, version 1.4
10-17 16:17:06.274  5886  5903 D OpenGLRenderer: Swap behavior 2
10-17 16:17:06.280  5886  5903 D libGLESv1: STS_GLApi : DTS, ODTC are not allowed for Package : com.example.batterymanager_utility
10-17 16:17:06.281  5886  5903 D mali_winsys: EGLint new_window_surface(egl_winsys_display *, void *, EGLSurface, EGLConfig, egl_winsys_surface **, egl_color_buffer_format *, EGLBoolean) returns 0x3000,  [720x1280]-format:1
10-17 16:17:06.281  5886  5903 D OpenGLRenderer: eglCreateWindowSurface = 0x74d44adb80
10-17 16:17:06.285  5886  5886 D Compose Focus: Owner FocusChanged(true)
10-17 16:17:06.364  3957  4129 D WifiStateMachine:  ConnectedState !RSSI_PKTCNT_FETCH uid=1000 rt=504239577/1214613742 0 0 "ourhome" f4:6d:2f:12:cc:88 rssi=-40 f=5240 sc=60 link=433 tx=0.1, 0.0, 0.0  rx=6.5 bcn=31469 [on:0 tx:0 rx:0 period:996] from screen [on:103821 period:357545] score=60
10-17 16:17:06.364  3957  4129 D WifiStateMachine:  L2ConnectedState !RSSI_PKTCNT_FETCH uid=1000 rt=504239578/1214613742 0 0 "ourhome" f4:6d:2f:12:cc:88 rssi=-40 f=5240 sc=60 link=433 tx=0.1, 0.0, 0.0  rx=6.5 bcn=31469 [on:0 tx:0 rx:0 period:0] from screen [on:103821 period:357545] score=60
10-17 16:17:06.370  3957  4129 D WifiStateMachine: fetchRssiLinkSpeedAndFrequencyNative rssi=-40 linkspeed=433 freq=5240
10-17 16:17:06.370  3957  4129 V WifiConfigManager: Updating scan detail cache freq=5240 BSSID=f4:6d:2f:12:cc:88 RSSI=-40 for "ourhome"WPA_PSK
10-17 16:17:06.393  3957 12007 V WindowManager: finishDrawingLocked: mDrawState=COMMIT_DRAW_PENDING Window{1a2d6ae u0 com.example.batterymanager_utility/com.example.batterymanager_utility.MainActivity} in Surface(name=com.example.batterymanager_utility/com.example.batterymanager_utility.MainActivity)
10-17 16:17:06.397  5886  5886 D ViewRootImpl@4470b6[MainActivity]: MSG_RESIZED_REPORT: frame=Rect(0, 0 - 720, 1280) ci=Rect(0, 42 - 0, 0) vi=Rect(0, 42 - 0, 0) or=1
10-17 16:17:06.397  5886  5886 D ViewRootImpl@4470b6[MainActivity]: MSG_WINDOW_FOCUS_CHANGED 1
10-17 16:17:06.399  3957  4025 D ViewRootImpl@57d300a[batterymanager_utility]: dispatchDetachedFromWindow
10-17 16:17:06.399  3957  4025 D InputEventReceiver: channel 'cacb07b Splash Screen com.example.batterymanager_utility (client)' ~ Disposing input event receiver.
10-17 16:17:06.399  3957  4025 D InputEventReceiver: channel 'cacb07b Splash Screen com.example.batterymanager_utility (client)' ~NativeInputEventReceiver.
10-17 16:17:06.400  5886  5886 V InputMethodManager: Starting input: tba=android.view.inputmethod.EditorInfo@c78721b nm : com.example.batterymanager_utility ic=null
10-17 16:17:06.400  5886  5886 I InputMethodManager: startInputInner - mService.startInputOrWindowGainedFocus
10-17 16:17:06.401  3957 14904 D InputMethodManagerService: startInputOrWindowGainedFocus : windowGainedFocus 
10-17 16:17:06.401  3957 14904 D InputMethodManagerService: windowGainedFocus: destinationUserId (getCallingUid) = 0
10-17 16:17:06.401  3957 14904 D InputMethodManagerService: windowGainedFocus: currentUserId=0
10-17 16:17:06.401  3957 14904 D InputMethodManagerService: windowGainedFocus: mCurrentFocusedUserId=0
10-17 16:17:06.401  3957 14904 D InputMethodManagerService: windowGainedFocus : lock - currentUserId = 0 destinationUserId = 0
10-17 16:17:06.401  3957 14904 D InputMethodManagerService: windowGainedFocus : mCurrentFocusedUserId - 0 and mSecureKeypadEnabled - false, userSwitched - false
10-17 16:17:06.405  3957 14904 V InputMethodManagerService: windowGainedFocus : reason=WINDOW_FOCUS_GAIN client=android.os.BinderProxy@f94d8b0 inputContext=null missingMethods= attribute=android.view.inputmethod.EditorInfo@7c3b8e5 nm = com.example.batterymanager_utility controlFlags=#105 softInputMode=#120 windowFlags=#81810100
10-17 16:17:06.405  3957 14904 V InputMethodManagerService: hideCurrentInputLocked : shouldHideSoftInput is false
10-17 16:17:06.405  3957  3981 I ActivityManager: Displayed com.example.batterymanager_utility/.MainActivity: +709ms
10-17 16:17:06.406  3957 14904 D InputMethodManagerService: isImeSwitcherDisabledPackage : false
10-17 16:17:06.407  3957  3981 D CustomFrequencyManagerService: acquireDVFSLockLocked : type : DVFS_MIN_LIMIT  frequency : 1560000  uid : 1000  pid : 3957  pkgName : AMS_RESUME_TAIL@CPU_MIN@58
10-17 16:17:06.407  3957  3981 D ActivityManagerPerformance: AMP_acquire() TAIL
10-17 16:17:06.407  3957 14904 V InputMethodManagerService: Creating new session for client ClientState{b46ae6b uid 10170 pid 5886}
10-17 16:17:06.407  3957  3981 D CustomFrequencyManagerService: releaseDVFSLockLocked : Getting Lock type frm List : DVFS_MIN_LIMIT  frequency : 1560000  uid : 1000  pid : 3957  tag : AMS_APP_SWITCH@CPU_MIN@52
10-17 16:17:06.407  3957  3981 D ActivityManagerPerformance: AMP_release() APP_SWITCH
10-17 16:17:06.410  3957 14904 D InputMethodManagerService: setCurrentInputInfo - inputContext : null eidtorInfo : android.view.inputmethod.EditorInfo@7c3b8e5 missingMethods : 0
10-17 16:17:06.410  2764  2764 I InputMethodWrapper:  call dispatchStartInputWithToken
10-17 16:17:06.411  2764  2764 I InputMethodService: dispatchStartInputWithToken
10-17 16:17:06.411  2764  2764 I SKBD    : SamsungKeypad [IMI] onStartInput - caller pid : 5886, caller uid : 10170
10-17 16:17:06.425  5886  5886 V InputMethodManager: Starting input: tba=android.view.inputmethod.EditorInfo@deeffb8 nm : com.example.batterymanager_utility ic=null
10-17 16:17:06.430   426   426 D StageManager: saved stages : inStack [1, 2] , outStack[]
10-17 16:17:06.440  3447  3447 I SurfaceFlinger: Display 0 HWC layers:
10-17 16:17:06.440  3447  3447 I SurfaceFlinger:     type    |    handle    | flag |  format   |   source crop (l,t,r,b)    |         frame       | name 
10-17 16:17:06.440  3447  3447 I SurfaceFlinger: ------------+--------------+------+-----------+----------------------------+---------------------+------
10-17 16:17:06.440  3447  3447 I SurfaceFlinger:      Device | 0x7ea5024c00 | 0002 | RGBA_8888 |   0.0    0.0  720.0 1280.0 |    0    0  720 1280 | com.example.batterymanager_utility/c[...]atterymanager_utility.MainActivity#0
10-17 16:17:06.440  3447  3447 I SurfaceFlinger:      Device | 0x7ea5024cc0 | 0002 | RGBA_8888 |   0.0    0.0  720.0 1280.0 |    0    0  720 1280 | Splash Screen com.example.batterymanager_utility#0
10-17 16:17:06.440  3447  3447 I SurfaceFlinger:      Device | 0x7e9ecdee00 | 0000 | RGBA_8888 |   0.0    0.0  720.0   42.0 |    0    0  720   42 | StatusBar#0
10-17 16:17:06.440  3447  3447 I SurfaceFlinger: 
10-17 16:17:06.572  3447  3447 I SurfaceFlinger: Display 0 HWC layers:
10-17 16:17:06.572  3447  3447 I SurfaceFlinger:     type    |    handle    | flag |  format   |   source crop (l,t,r,b)    |         frame       | name 
10-17 16:17:06.572  3447  3447 I SurfaceFlinger: ------------+--------------+------+-----------+----------------------------+---------------------+------
10-17 16:17:06.572  3447  3447 I SurfaceFlinger:      Device | 0x7ea5024c00 | 0002 | RGBA_8888 |   0.0    0.0  720.0 1280.0 |    0    0  720 1280 | com.example.batterymanager_utility/c[...]atterymanager_utility.MainActivity#0
10-17 16:17:06.572  3447  3447 I SurfaceFlinger:      Device | 0x7e9ecdee00 | 0000 | RGBA_8888 |   0.0    0.0  720.0   42.0 |    0    0  720   42 | StatusBar#0
10-17 16:17:06.572  3447  3447 I SurfaceFlinger: 
10-17 16:17:06.572  3957  4089 D MdnieScenarioControlService:  packageName : com.example.batterymanager_utility    className : com.example.batterymanager_utility.MainActivity
10-17 16:17:06.572  3957  4089 V MdnieScenarioControlService: setUIMode from UI function(3)
10-17 16:17:06.574  3957  4025 I WindowManager: Destroying surface Surface(name=Splash Screen com.example.batterymanager_utility) called by com.android.server.wm.WindowStateAnimator.destroySurface:2501 com.android.server.wm.WindowStateAnimator.destroySurfaceLocked:985 com.android.server.wm.WindowState.destroyOrSaveSurfaceUnchecked:3670 com.android.server.wm.WindowState.destroySurface:3618 com.android.server.wm.AppWindowToken.destroySurfaces:722 com.android.server.wm.AppWindowToken.destroySurfaces:706 com.android.server.wm.WindowState.onExitAnimationDone:5316 com.android.server.wm.WindowStateAnimator.stepAnimationLocked:550 
10-17 16:17:06.575  3447 18688 I SurfaceFlinger: id=2688 Removed Splash Screen com.example.batterymanager_utility#0 (2/5)
10-17 16:17:06.583  3447  3489 I SurfaceFlinger: id=2688 Removed Splash Screen com.example.batterymanager_utility#0 (-2/5)
10-17 16:17:06.586  3447  3447 I Layer   : id=2688 onRemoved Splash Screen com.example.batterymanager_utility#0 
10-17 16:17:06.704  3957  4128 D WifiService: getConnectionInfo uid=1000
10-17 16:17:07.007  3957  3957 D CustomFrequencyManagerService: releaseDVFSLockLocked : Getting Lock type frm List : DVFS_MIN_LIMIT  frequency : 1560000  uid : 1000  pid : 3957  tag : AMS_RESUME_TAIL@CPU_MIN@58
10-17 16:17:07.055  2479  2548 D ScanRecord: Not a Multi Manu data
10-17 16:17:07.367  2479  2548 I chatty  : uid=1002(bluetooth) BT Service Call identical 400 lines
10-17 16:17:07.368  3957  4129 D WifiStateMachine:  ConnectedState !RSSI_PKTCNT_FETCH uid=1000 rt=504240580/1214614744 0 0 "ourhome" f4:6d:2f:12:cc:88 rssi=-40 f=5240 sc=60 link=433 tx=0.1, 0.0, 0.0  rx=6.5 bcn=31469 [on:0 tx:0 rx:0 period:1004] from screen [on:103821 period:358549] score=60
10-17 16:17:07.368  2479  2548 D ScanRecord: Not a Multi Manu data
10-17 16:17:07.369  2479  2548 D ScanRecord: Not a Multi Manu data
10-17 16:17:07.371  3957  4129 D WifiStateMachine:  L2ConnectedState !RSSI_PKTCNT_FETCH uid=1000 rt=504240583/1214614747 0 0 "ourhome" f4:6d:2f:12:cc:88 rssi=-40 f=5240 sc=60 link=433 tx=0.1, 0.0, 0.0  rx=6.5 bcn=31469 [on:0 tx:0 rx:0 period:3] from screen [on:103821 period:358552] score=60
10-17 16:17:07.373  2479  2548 D ScanRecord: Not a Multi Manu data
10-17 16:17:07.374  2479  2548 I chatty  : uid=1002(bluetooth) BT Service Call identical 11 lines
10-17 16:17:07.374  2479  2548 D ScanRecord: Not a Multi Manu data
10-17 16:17:07.376  3957  4129 D WifiStateMachine: fetchRssiLinkSpeedAndFrequencyNative rssi=-41 linkspeed=433 freq=5240
10-17 16:17:07.377  3957  4129 V WifiConfigManager: Updating scan detail cache freq=5240 BSSID=f4:6d:2f:12:cc:88 RSSI=-40 for "ourhome"WPA_PSK
10-17 16:17:07.380  2479  2548 D ScanRecord: Not a Multi Manu data
10-17 16:17:07.502  2479  2548 I chatty  : uid=1002(bluetooth) BT Service Call identical 206 lines
10-17 16:17:07.502  2479  2548 D ScanRecord: Not a Multi Manu data
10-17 16:17:07.658  3957 12007 D BatteryService: !@BatteryListener : batteryPropertiesChanged!
10-17 16:17:07.704  3957  3957 D PreBindingService: handleMessage : 1
10-17 16:17:07.707  3957  4128 D WifiService: getConnectionInfo uid=1000
10-17 16:17:08.221  3957  4129 D WifiStateMachine:  ConnectedState !CMD_RSSI_POLL rt=504241432/1214615596 81 0 "ourhome" f4:6d:2f:12:cc:88 rssi=-41 f=5240 sc=60 link=433 tx=0.1, 0.0, 0.0  rx=6.5 bcn=31469 [on:0 tx:0 rx:0 period:849] from screen [on:103821 period:359401] score=60
10-17 16:17:08.224  3957  4129 D WifiStateMachine:  L2ConnectedState !CMD_RSSI_POLL rt=504241435/1214615599 81 0 "ourhome" f4:6d:2f:12:cc:88 rssi=-41 f=5240 sc=60 link=433 tx=0.1, 0.0, 0.0  rx=6.5 bcn=31469 [on:0 tx:0 rx:0 period:3] from screen [on:103821 period:359404] score=60
10-17 16:17:08.224  3957  4129 D WifiStateMachine:  get link layer stats 3
10-17 16:17:08.225  3436  3436 I android.hardware.wifi@1.0-service: getLinkLayerStats
10-17 16:17:08.246  3957  4129 D WifiStateMachine: fetchRssiLinkSpeedAndFrequencyNative rssi=-40 linkspeed=433 freq=5240
10-17 16:17:08.246  3957  4129 V WifiConfigManager: Updating scan detail cache freq=5240 BSSID=f4:6d:2f:12:cc:88 RSSI=-40 for "ourhome"WPA_PSK
10-17 16:17:08.252  4340  4340 E SignalClusterView: setSlotFocusVisible : subId -2
10-17 16:17:08.252  4340  4340 E SignalClusterView: setSlotFocusVisible : subId -2
10-17 16:17:08.368  3957  4129 D WifiStateMachine:  ConnectedState !RSSI_PKTCNT_FETCH uid=1000 rt=504241580/1214615745 0 0 "ourhome" f4:6d:2f:12:cc:88 rssi=-40 f=5240 sc=60 link=433 tx=0.0, 0.0, 0.0  rx=6.2 bcn=31499 [on:0 tx:0 rx:0 period:118] from screen [on:104096 period:359549] score=60
10-17 16:17:08.371  3957  4129 D WifiStateMachine:  L2ConnectedState !RSSI_PKTCNT_FETCH uid=1000 rt=504241583/1214615747 0 0 "ourhome" f4:6d:2f:12:cc:88 rssi=-40 f=5240 sc=60 link=433 tx=0.0, 0.0, 0.0  rx=6.2 bcn=31499 [on:0 tx:0 rx:0 period:3] from screen [on:104096 period:359552] score=60
10-17 16:17:08.379  3957  4129 D WifiStateMachine: fetchRssiLinkSpeedAndFrequencyNative rssi=-40 linkspeed=433 freq=5240
10-17 16:17:08.379  3957  4129 V WifiConfigManager: Updating scan detail cache freq=5240 BSSID=f4:6d:2f:12:cc:88 RSSI=-40 for "ourhome"WPA_PSK
10-17 16:17:08.476  4340  4731 D NetworkController.MobileSignalController(0/-2): onSignalStrengthsChanged signalStrength=SignalStrength: 19 99 -19 -200 -19 -200 -1 99 2147483647 2147483647 2147483647 2147483647 0 2147483647 0x4 P gsm|lte level=4
10-17 16:17:08.476  4340  4731 D NetworkController.MobileSignalController(0/-2): getMobileIconGroup(): 0
10-17 16:17:08.710  3957  4128 D WifiService: getConnectionInfo uid=1000
10-17 16:17:09.371  3957  4129 D WifiStateMachine:  ConnectedState !RSSI_PKTCNT_FETCH uid=1000 rt=504242582/1214616747 0 0 "ourhome" f4:6d:2f:12:cc:88 rssi=-40 f=5240 sc=60 link=433 tx=0.0, 0.0, 0.0  rx=6.2 bcn=31499 [on:0 tx:0 rx:0 period:999] from screen [on:104096 period:360551] score=60
10-17 16:17:09.373  3957  4129 D WifiStateMachine:  L2ConnectedState !RSSI_PKTCNT_FETCH uid=1000 rt=504242585/1214616749 0 0 "ourhome" f4:6d:2f:12:cc:88 rssi=-40 f=5240 sc=60 link=433 tx=0.0, 0.0, 0.0  rx=6.2 bcn=31499 [on:0 tx:0 rx:0 period:3] from screen [on:104096 period:360554] score=60
10-17 16:17:09.376  3957  4129 D WifiStateMachine: fetchRssiLinkSpeedAndFrequencyNative rssi=-40 linkspeed=433 freq=5240
10-17 16:17:09.376  3957  4129 V WifiConfigManager: Updating scan detail cache freq=5240 BSSID=f4:6d:2f:12:cc:88 RSSI=-40 for "ourhome"WPA_PSK
10-17 16:17:09.704  3957  6478 D WifiService: getConnectionInfo uid=1000
10-17 16:17:09.713  3957  4128 D WifiService: getConnectionInfo uid=1000
10-17 16:17:09.997  3957  6478 D SSRM:k  : SIOP:: AP = 280, PST = 282 (W:14), BAT = 236, USB = 0, CHG = 0
10-17 16:17:10.373  3957  4129 D WifiStateMachine:  ConnectedState !RSSI_PKTCNT_FETCH uid=1000 rt=504243585/1214617749 0 0 "ourhome" f4:6d:2f:12:cc:88 rssi=-40 f=5240 sc=60 link=433 tx=0.0, 0.0, 0.0  rx=6.2 bcn=31499 [on:0 tx:0 rx:0 period:999] from screen [on:104096 period:361553] score=60
10-17 16:17:10.375  3957  4129 D WifiStateMachine:  L2ConnectedState !RSSI_PKTCNT_FETCH uid=1000 rt=504243587/1214617751 0 0 "ourhome" f4:6d:2f:12:cc:88 rssi=-40 f=5240 sc=60 link=433 tx=0.0, 0.0, 0.0  rx=6.2 bcn=31499 [on:0 tx:0 rx:0 period:3] from screen [on:104096 period:361556] score=60
10-17 16:17:10.383  3957  4129 D WifiStateMachine: fetchRssiLinkSpeedAndFrequencyNative rssi=-40 linkspeed=433 freq=5240
10-17 16:17:10.383  3957  4129 V WifiConfigManager: Updating scan detail cache freq=5240 BSSID=f4:6d:2f:12:cc:88 RSSI=-40 for "ourhome"WPA_PSK
10-17 16:17:10.679  4961  4961 D io_stats: !@ 179,0 r 7547502 242075308 w 1640887 34222148 d 131980 33926700 f 384469 405596 iot 3348764 2931710 th 51200 0 0 pt 0 inp 0 0 504243.891
10-17 16:17:10.704  2848  2848 E adbd    : recv: OPEN 000001a7 00000000 003f:73 68 65 6C 6C 2C 76 32 2C 54 45 52 4D 3D 78 74 65 72 6D 2D 32 35 36 63 6F 6C 6F 72 2C 72 61 77 3A 6D 6F 6E 6B 65 79 20 2D 70 20 6F 72 67 2E 6D 6F 7A 69 6C 6C 61 2E 66 65 6E 69 78 20 31 00 
10-17 16:17:10.704  2848  2848 E adbd    : service_to_fd: shell,v2,TERM=xterm-256color,raw:monkey -p org.mozilla.fenix 1
10-17 16:17:10.715  3957  4128 D WifiService: getConnectionInfo uid=1000
10-17 16:17:11.054  5886  5922 D ProfileInstaller: Installing profile for com.example.batterymanager_utility
10-17 16:17:11.066  5886  5891 I zygote64: Do partial code cache collection, code=30KB, data=25KB
10-17 16:17:11.067  5886  5891 I zygote64: After code cache collection, code=30KB, data=25KB
10-17 16:17:11.067  5886  5891 I zygote64: Increasing code cache capacity to 128KB
10-17 16:17:11.250  3957  4129 D WifiStateMachine:  ConnectedState !CMD_RSSI_POLL rt=504244462/1214618627 81 0 "ourhome" f4:6d:2f:12:cc:88 rssi=-40 f=5240 sc=60 link=433 tx=0.0, 0.0, 0.0  rx=6.2 bcn=31499 [on:0 tx:0 rx:0 period:874] from screen [on:104096 period:362430] score=60
10-17 16:17:11.251  3957  4129 D WifiStateMachine:  L2ConnectedState !CMD_RSSI_POLL rt=504244464/1214618629 81 0 "ourhome" f4:6d:2f:12:cc:88 rssi=-40 f=5240 sc=60 link=433 tx=0.0, 0.0, 0.0  rx=6.2 bcn=31499 [on:0 tx:0 rx:0 period:2] from screen [on:104096 period:362432] score=60
10-17 16:17:11.251  3957  4129 D WifiStateMachine:  get link layer stats 3
10-17 16:17:11.252  3436  3436 I android.hardware.wifi@1.0-service: getLinkLayerStats
10-17 16:17:11.260  3957  4129 D WifiStateMachine: fetchRssiLinkSpeedAndFrequencyNative rssi=-40 linkspeed=433 freq=5240
10-17 16:17:11.260  3957  4129 V WifiConfigManager: Updating scan detail cache freq=5240 BSSID=f4:6d:2f:12:cc:88 RSSI=-40 for "ourhome"WPA_PSK
10-17 16:17:11.263  4340  4340 E SignalClusterView: setSlotFocusVisible : subId -2
10-17 16:17:11.263  4340  4340 E SignalClusterView: setSlotFocusVisible : subId -2
10-17 16:17:11.373  3957  4129 D WifiStateMachine:  ConnectedState !RSSI_PKTCNT_FETCH uid=1000 rt=504244585/1214618749 0 0 "ourhome" f4:6d:2f:12:cc:88 rssi=-40 f=5240 sc=60 link=433 tx=0.6, 0.0, 0.0  rx=4.2 bcn=31527 [on:0 tx:0 rx:0 period:110] from screen [on:104628 period:362553] score=60
10-17 16:17:11.375  3957  4129 D WifiStateMachine:  L2ConnectedState !RSSI_PKTCNT_FETCH uid=1000 rt=504244587/1214618751 0 0 "ourhome" f4:6d:2f:12:cc:88 rssi=-40 f=5240 sc=60 link=433 tx=0.6, 0.0, 0.0  rx=4.2 bcn=31527 [on:0 tx:0 rx:0 period:3] from screen [on:104628 period:362556] score=60
10-17 16:17:11.382  3957  4129 D WifiStateMachine: fetchRssiLinkSpeedAndFrequencyNative rssi=-40 linkspeed=433 freq=5240
10-17 16:17:11.382  3957  4129 V WifiConfigManager: Updating scan detail cache freq=5240 BSSID=f4:6d:2f:12:cc:88 RSSI=-40 for "ourhome"WPA_PSK
10-17 16:17:11.585  5920  5920 W ADebug  : Failed to get property persist.sys.media.traces
10-17 16:17:11.607  5920  5920 E appproc : Enhanced Zygote ASLR: ro.knox.enhance.zygote.aslr != 1. Enhanced Zygote ASLR is DISABLED!
10-17 16:17:11.607  5920  5920 D AndroidRuntime: >>>>>> START com.android.internal.os.RuntimeInit uid 2000 <<<<<<
10-17 16:17:11.632  5920  5920 D SecNativeFeatureCppIf: encoded
10-17 16:17:11.632  5920  5920 D SecNativeFeatureCppIf: decoding and unzip finish
10-17 16:17:11.632  5920  5920 D SecNativeFeatureCppIf: use unCompDataBuff. encoded
10-17 16:17:11.633  5920  5920 D SecNativeFeatureCppIf: Free unCompDataBuff
10-17 16:17:11.633  5920  5920 D SecNativeFeatureCppIf: encoded
10-17 16:17:11.633  5920  5920 D SecNativeFeatureCppIf: decoding and unzip finish
10-17 16:17:11.633  5920  5920 D SecNativeFeatureCppIf: use unCompDataBuff. encoded
10-17 16:17:11.634  5920  5920 D SecNativeFeatureCppIf: Free unCompDataBuff
10-17 16:17:11.634  5920  5920 D SecNativeFeatureCppIf: encoded
10-17 16:17:11.634  5920  5920 D SecNativeFeatureCppIf: decoding and unzip finish
10-17 16:17:11.634  5920  5920 D SecNativeFeatureCppIf: use unCompDataBuff. encoded
10-17 16:17:11.634  5920  5920 D SecNativeFeatureCppIf: Free unCompDataBuff
10-17 16:17:11.634  5920  5920 D SecNativeFeatureCppIf: encoded
10-17 16:17:11.634  5920  5920 D SecNativeFeatureCppIf: decoding and unzip finish
10-17 16:17:11.634  5920  5920 D SecNativeFeatureCppIf: use unCompDataBuff. encoded
10-17 16:17:11.634  5920  5920 D SecNativeFeatureCppIf: Free unCompDataBuff
10-17 16:17:11.718  3957  4128 D WifiService: getConnectionInfo uid=1000
10-17 16:17:11.945  5920  5920 D ICU     : Timezone override file found: /data/misc/zoneinfo/current/icu/icu_tzdata.dat
10-17 16:17:12.012  5920  5920 I app_process: find the special shared library, skip check
10-17 16:17:12.059  2479  2548 D ScanRecord: Not a Multi Manu data
10-17 16:17:12.100  2479  2548 I chatty  : uid=1002(bluetooth) BT Service Call identical 128 lines
10-17 16:17:12.100  2479  2548 D ScanRecord: Not a Multi Manu data
10-17 16:17:12.100  5920  5920 D SemCscFeature: Encoded
10-17 16:17:12.102  2479  2548 D ScanRecord: Not a Multi Manu data
10-17 16:17:12.105  2479  2548 I chatty  : uid=1002(bluetooth) BT Service Call identical 24 lines
10-17 16:17:12.105  2479  2548 D ScanRecord: Not a Multi Manu data
10-17 16:17:12.105  5920  5920 D SemCscFeature: Encoded
10-17 16:17:12.107  2479  2548 D ScanRecord: Not a Multi Manu data
10-17 16:17:12.107  2479  2548 I chatty  : uid=1002(bluetooth) BT Service Call identical 9 lines
10-17 16:17:12.107  2479  2548 D ScanRecord: Not a Multi Manu data
10-17 16:17:12.107  5920  5920 D SemCscFeature: Encoded
10-17 16:17:12.107  2479  2548 D ScanRecord: Not a Multi Manu data
10-17 16:17:12.107  2479  2548 D ScanRecord: Not a Multi Manu data
10-17 16:17:12.109  5920  5920 D SemCscFeature: Encoded
10-17 16:17:12.111  5920  5920 E SemAffinityControl: SemAffinityControl: registerfunction enter
10-17 16:17:12.117  2479  2548 D ScanRecord: Not a Multi Manu data
10-17 16:17:12.124  2479  2548 I chatty  : uid=1002(bluetooth) BT Service Call identical 24 lines
10-17 16:17:12.124  2479  2548 D ScanRecord: Not a Multi Manu data
10-17 16:17:12.137  5920  5920 D AndroidRuntime: Calling main entry com.android.commands.monkey.Monkey
10-17 16:17:12.138  2479  2548 D ScanRecord: Not a Multi Manu data
10-17 16:17:12.235  3957  3972 W BroadcastQueue: Skipping deliver [background] BroadcastRecord{71fc647 u-1 android.net.conn.CONNECTIVITY_CHANGE} to ReceiverList{8db3e74 5920 (unknown name)/2000/u-1 remote:e7bfe61}: process gone or crashing
10-17 16:17:12.288  2479  2548 I chatty  : uid=1002(bluetooth) BT Service Call identical 180 lines
10-17 16:17:12.288  2479  2548 D ScanRecord: Not a Multi Manu data
10-17 16:17:12.295  3957 12007 I ActivityManager: START u0 {act=android.intent.action.MAIN typ=null flg=0x10200000 cmp=ComponentInfo{org.mozilla.fenix/org.mozilla.fenix.App}} from uid 2000
10-17 16:17:12.296  3957 12007 W Binder  : Outgoing transactions from this process must be FLAG_ONEWAY
10-17 16:17:12.296  3957 12007 W Binder  : java.lang.Throwable
10-17 16:17:12.296  3957 12007 W Binder  : 	at android.os.BinderProxy.transact(Binder.java:744)
10-17 16:17:12.296  3957 12007 W Binder  : 	at android.app.IActivityController$Stub$Proxy.activityStarting(IActivityController.java:172)
10-17 16:17:12.296  3957 12007 W Binder  : 	at com.android.server.am.ActivityStarter.startActivity(ActivityStarter.java:648)
10-17 16:17:12.296  3957 12007 W Binder  : 	at com.android.server.am.ActivityStarter.startActivityLocked(ActivityStarter.java:410)
10-17 16:17:12.296  3957 12007 W Binder  : 	at com.android.server.am.ActivityStarter.startActivityMayWait(ActivityStarter.java:1283)
10-17 16:17:12.296  3957 12007 W Binder  : 	at com.android.server.am.ActivityManagerService.startActivityAsUser(ActivityManagerService.java:6033)
10-17 16:17:12.296  3957 12007 W Binder  : 	at com.android.server.am.ActivityManagerService.startActivity(ActivityManagerService.java:5885)
10-17 16:17:12.296  3957 12007 W Binder  : 	at android.app.IActivityManager$Stub.onTransact(IActivityManager.java:121)
10-17 16:17:12.296  3957 12007 W Binder  : 	at com.android.server.am.ActivityManagerService.onTransact(ActivityManagerService.java:3861)
10-17 16:17:12.296  3957 12007 W Binder  : 	at android.os.Binder.execTransact(Binder.java:682)
10-17 16:17:12.298  3957 12007 D CustomFrequencyManagerService: acquireDVFSLockLocked : type : DVFS_MIN_LIMIT  frequency : 1560000  uid : 1000  pid : 3957  pkgName : AMS_APP_SWITCH@CPU_MIN@52
10-17 16:17:12.300  3957 12007 D ActivityManagerPerformance: AMP_acquire() APP_SWITCH
10-17 16:17:12.300  3957  5022 D ActivityManagerPerformance: Received MSG_CFMS_HINT_AMS_SWITCH pkgName: org.mozilla.fenix
10-17 16:17:12.301  3957  6478 D WifiService: getConnectionInfo uid=1000
10-17 16:17:12.306  2479  2548 D ScanRecord: Not a Multi Manu data
10-17 16:17:12.307  2479  2548 I chatty  : uid=1002(bluetooth) BT Service Call identical 11 lines
10-17 16:17:12.307  2479  2548 D ScanRecord: Not a Multi Manu data
10-17 16:17:12.308  3957 14904 D ActivityManager: isScaleDownAnimationEnabled() : false
10-17 16:17:12.309  3957 12007 V WindowManager: rotationForOrientationLw(orient=-1, last=0); user=0  sensorRotation=-1 mLidState=-1 mDockMode=0 mHdmiPlugged=false
10-17 16:17:12.309  3957 14904 D StorageManagerService: getExternalStorageMountMode : 1
10-17 16:17:12.309  3957  4650 V WindowManager: rotationForOrientationLw(orient=-1, last=0); user=0  sensorRotation=-1 mLidState=-1 mDockMode=0 mHdmiPlugged=false
10-17 16:17:12.310  3957 14904 D StorageManagerService: getExternalStorageMountMode : 3
10-17 16:17:12.310  3957 14904 D StorageManagerService: getExternalStorageMountMode : final mountMode=1, uid : 10169, packageName : org.mozilla.fenix
10-17 16:17:12.310  3957 14904 I ApplicationPolicy: isApplicationExternalStorageWhitelisted:org.mozilla.fenix user:0
10-17 16:17:12.310  3957 14904 D ApplicationPolicy: isApplicationExternalStorageWhitelisted: DO is not enabled on user 0. Allowed.
10-17 16:17:12.310  3957 14904 D ActivityManager: package  org.mozilla.fenix, user - 0 is SDcard whitelisted
10-17 16:17:12.310  3957 14904 I ApplicationPolicy: isApplicationExternalStorageBlacklisted:org.mozilla.fenix user:0
10-17 16:17:12.310  3957 14904 D ApplicationPolicy: isApplicationExternalStorageBlacklisted: DO is not enabled on user 0. Allowed.
10-17 16:17:12.322  5931  5931 E Zygote  : isWhitelistProcess - Process is Whitelisted
10-17 16:17:12.322  5931  5931 E libpersona: scanKnoxPersonas
10-17 16:17:12.322  5931  5931 E libpersona: Couldn't open the File - /data/system/users/0/personalist.xml - No such file or directory
10-17 16:17:12.323  2479  2548 D ScanRecord: Not a Multi Manu data
10-17 16:17:12.323  3957 14904 I ActivityManager: Start proc 5931:org.mozilla.fenix/u0a169 for activity org.mozilla.fenix/.App
10-17 16:17:12.324  2479  2548 I chatty  : uid=1002(bluetooth) BT Service Call identical 11 lines
10-17 16:17:12.324  2479  2548 D ScanRecord: Not a Multi Manu data
10-17 16:17:12.324  5931  5931 W SELinux : SELinux selinux_android_compute_policy_index : Policy Index[2],  Con:u:r:zygote:s0 RAM:SEPF_SM-J720F_8.0.0_0002, [-1 -1 -1 -1 0 1]
10-17 16:17:12.325  5931  5931 I SELinux : SELinux: seapp_context_lookup: seinfo=untrusted, level=s0:c512,c768, pkgname=org.mozilla.fenix 
10-17 16:17:12.328  2479  2548 D ScanRecord: Not a Multi Manu data
10-17 16:17:12.329  2479  2548 I chatty  : uid=1002(bluetooth) BT Service Call identical 11 lines
10-17 16:17:12.329  2479  2548 D ScanRecord: Not a Multi Manu data
10-17 16:17:12.332  3957  3973 V WindowManager: rotationForOrientationLw(orient=-1, last=0); user=0  sensorRotation=-1 mLidState=-1 mDockMode=0 mHdmiPlugged=false
10-17 16:17:12.333  5920  5920 I com.android.commands.monkey: System.exit called, status: 0
10-17 16:17:12.333  5920  5920 I AndroidRuntime: VM exiting with result code 0.
10-17 16:17:12.336  3957  3973 V WindowManager: rotationForOrientationLw(orient=-1, last=0); user=0  sensorRotation=-1 mLidState=-1 mDockMode=0 mHdmiPlugged=false
10-17 16:17:12.340  2479  2548 D ScanRecord: Not a Multi Manu data
10-17 16:17:12.341  2479  2548 I chatty  : uid=1002(bluetooth) BT Service Call identical 11 lines
10-17 16:17:12.341  2479  2548 D ScanRecord: Not a Multi Manu data
10-17 16:17:12.343  4340  4731 D Tile.RotationLockTile:  handleUpdateState: true orientation = true
10-17 16:17:12.346  4340  4731 D Tile.RotationLockTile:  handleUpdateState: true orientation = true
10-17 16:17:12.347  3957  4025 D ViewRootImpl@d5a88ea[fenix]: setView = DecorView@c6f0278[fenix] TM=true MM=false
10-17 16:17:12.349  5931  5931 D TimaKeyStoreProvider: TimaKeyStore is not enabled: cannot add TimaSignature Service and generateKeyPair Service
10-17 16:17:12.350  5931  5931 D ActivityThread: Added TimaKeyStore provider
10-17 16:17:12.350  3957  4025 D ViewRootImpl@d5a88ea[fenix]: dispatchAttachedToWindow
10-17 16:17:12.350  3957  4025 V WindowManager: Relayout Window{43fc7db u0 Splash Screen org.mozilla.fenix}: viewVisibility=0 req=719x1237 WM.LayoutParams{(0,0)(fillxfill) sim=#20 ty=3 fl=#81830118 pfl=0x20011 fmt=-3 wanim=0x10302ea vsysui=0x600 needsMenuKey=2 colorMode=0 naviIconColor=0}
10-17 16:17:12.352  3957 12007 I ActivityManager: DSS on for org.mozilla.fenix and scale is 1.0
10-17 16:17:12.352  3447  3447 I SurfaceFlinger: id=2690 createSurf (720x1280),1 flag=4, Splash Screen org.mozilla.fenix#0
10-17 16:17:12.353  3957  4025 V Surface : sf_framedrop debug : 0x4f4c, game : false, logging : 0
10-17 16:17:12.357  3957  4025 D InputDispatcher: Focus left window: 5886
10-17 16:17:12.358  3957  4025 D ViewRootImpl@d5a88ea[fenix]: Relayout returned: old=[0,0][0,0] new=[0,0][720,1280] result=0x7 surface={valid=true 500851544064} changed=true
10-17 16:17:12.359  3957  4025 D ViewRootImpl@d5a88ea[fenix]: MSG_RESIZED_REPORT: frame=Rect(0, 0 - 720, 1280) ci=Rect(0, 42 - 0, 0) vi=Rect(0, 42 - 0, 0) or=1
10-17 16:17:12.359  5886  5886 D ViewRootImpl@4470b6[MainActivity]: MSG_WINDOW_FOCUS_CHANGED 0
10-17 16:17:12.364  3957 12007 D PersonaManagerService: Current focused persona service handled id set to : 0
10-17 16:17:12.364  3957 12007 D InputDispatcher: Focused application set to: xxxx
10-17 16:17:12.365  3957  4220 D GameManagerService: handleForegroundChange(). pkgName: org.mozilla.fenix, clsName: org.mozilla.fenix.HomeActivity,FgActivityName:org.mozilla.fenix/.HomeActivity
10-17 16:17:12.365  3957 12007 D MARsPolicyManager: onPackageResumedFG pkgName = org.mozilla.fenix, userId = 0
10-17 16:17:12.365  3957  4220 D GameManagerService: sem_perfomance_mode: 3
10-17 16:17:12.365  3957  4220 D GameManagerService: notifyResumePause(). pkg: org.mozilla.fenix, type: 4, isMinimized: false, isTunableApp: false
10-17 16:17:12.365  3957  4220 D GameManagerService:   notifyResumePause(). unexpected mPrevNotiType: -1
10-17 16:17:12.366  2479  2548 D ScanRecord: Not a Multi Manu data
10-17 16:17:12.367  2479  2548 I chatty  : uid=1002(bluetooth) BT Service Call identical 24 lines
10-17 16:17:12.367  2479  2548 D ScanRecord: Not a Multi Manu data
10-17 16:17:12.368  3957  6478 D GamePkgDataHelper: getGamePkgDataIncServer(). org.mozilla.fenix
10-17 16:17:12.369  3957  6478 D GameManagerService: identifyGamePackage. org.mozilla.fenix
10-17 16:17:12.369  3957  6478 D GamePkgDataHelper: getGamePkgData(). org.mozilla.fenix
10-17 16:17:12.370  3957  6478 D GameManagerService: identifyGamePackage. org.mozilla.fenix
10-17 16:17:12.370  3957  6478 D GamePkgDataHelper: getGamePkgData(). org.mozilla.fenix
10-17 16:17:12.370  3957  6478 D GamePkgDataHelper: getSosPolicy(). org.mozilla.fenix
10-17 16:17:12.372  3957  6478 D GameManagerService: identifyGamePackage. org.mozilla.fenix
10-17 16:17:12.372  3957  6478 D GamePkgDataHelper: getGamePkgData(). org.mozilla.fenix
10-17 16:17:12.372  3957  6478 D GameManagerService: identifyGamePackage. org.mozilla.fenix
10-17 16:17:12.373  3957  6478 D GamePkgDataHelper: getGamePkgData(). org.mozilla.fenix
10-17 16:17:12.373  3957  4129 D WifiStateMachine:  ConnectedState !RSSI_PKTCNT_FETCH uid=1000 rt=504245586/1214619750 0 0 "ourhome" f4:6d:2f:12:cc:88 rssi=-40 f=5240 sc=60 link=433 tx=0.6, 0.0, 0.0  rx=4.2 bcn=31527 [on:0 tx:0 rx:0 period:997] from screen [on:104628 period:363553] score=60
10-17 16:17:12.373  3957  4129 D WifiStateMachine:  L2ConnectedState !RSSI_PKTCNT_FETCH uid=1000 rt=504245587/1214619751 0 0 "ourhome" f4:6d:2f:12:cc:88 rssi=-40 f=5240 sc=60 link=433 tx=0.6, 0.0, 0.0  rx=4.2 bcn=31527 [on:0 tx:0 rx:0 period:1] from screen [on:104628 period:363554] score=60
10-17 16:17:12.374  3957  4129 D WifiStateMachine: fetchRssiLinkSpeedAndFrequencyNative rssi=-40 linkspeed=433 freq=5240
