10-17 16:17:24.837  5886  6147 I BatteryMgr:DataCollectionService: stats => 1697552244837,-190,4308,40,0,99
10-17 16:17:24.885  3957 14904 D ConnectivityService: filterNetworkStateForUid() uid: 10169 networkInfo: [type: WIFI[] - WIFI, state: CONNECTED/CONNECTED, reason: (unspecified), extra: "ourhome", failover: false, available: true, roaming: false, metered: false]
10-17 16:17:24.885  3957 14904 D WifiService: getConnectionInfo uid=1000
10-17 16:17:24.952  5886  6147 I BatteryMgr:DataCollectionService: stats => 1697552244952,-190,4308,40,0,99
10-17 16:17:25.060  5886  6147 I BatteryMgr:DataCollectionService: stats => 1697552245060,-190,4308,40,0,99
10-17 16:17:25.166  5886  6147 I BatteryMgr:DataCollectionService: stats => 1697552245166,-190,4308,40,0,99
10-17 16:17:25.275  5886  6147 I BatteryMgr:DataCollectionService: stats => 1697552245275,-190,4308,40,0,99
10-17 16:17:25.390  5886  6147 I BatteryMgr:DataCollectionService: stats => 1697552245389,-190,4308,40,0,99
10-17 16:17:25.391  3957  4129 D WifiStateMachine:  ConnectedState !RSSI_PKTCNT_FETCH uid=1000 rt=504258603/1214632767 0 0 "ourhome" f4:6d:2f:12:cc:88 rssi=-42 f=5240 sc=60 link=433 tx=116.2, 3.7, 0.0  rx=154.2 bcn=31641 [on:0 tx:0 rx:0 period:1002] from screen [on:111193 period:376572] score=60
10-17 16:17:25.394  3957  4129 D WifiStateMachine:  L2ConnectedState !RSSI_PKTCNT_FETCH uid=1000 rt=504258606/1214632770 0 0 "ourhome" f4:6d:2f:12:cc:88 rssi=-42 f=5240 sc=60 link=433 tx=116.2, 3.7, 0.0  rx=154.2 bcn=31641 [on:0 tx:0 rx:0 period:2] from screen [on:111193 period:376574] score=60
10-17 16:17:25.396  3957  4129 D WifiStateMachine: fetchRssiLinkSpeedAndFrequencyNative rssi=-44 linkspeed=433 freq=5240
10-17 16:17:25.396  3957  4129 V WifiConfigManager: Updating scan detail cache freq=5240 BSSID=f4:6d:2f:12:cc:88 RSSI=-43 for "ourhome"WPA_PSK
10-17 16:17:25.447  5931  5960 D GeckoIdleService: Get idle time: time since reset 1220 msec
10-17 16:17:25.447  5931  5960 D GeckoIdleService: Idle timer callback: current idle time 1220 msec
10-17 16:17:25.447  5931  5960 D GeckoIdleService: next timeout 3780 msec from now
10-17 16:17:25.447  5931  5960 D GeckoIdleService: SetTimerExpiryIfBefore: next timeout 3779 msec from now
10-17 16:17:25.447  5931  5960 D GeckoIdleService: reset timer expiry to 3789 msec from now
10-17 16:17:25.508  5886  6147 I BatteryMgr:DataCollectionService: stats => 1697552245508,-190,4308,40,0,99
10-17 16:17:25.629  5886  6147 I BatteryMgr:DataCollectionService: stats => 1697552245628,-190,4308,40,0,99
10-17 16:17:25.651 16688 16688 D BoundBrokerSvc: onUnbind: Intent { act=com.google.android.gms.safetynet.service.START pkg=com.google.android.gms }
10-17 16:17:25.693  4961  4961 D io_stats: !@ 179,0 r 7554617 242360816 w 1641400 34229820 d 132028 33930640 f 384519 405646 iot 3351948 2934335 th 51200 0 0 pt 0 inp 0 0 504258.906
10-17 16:17:25.739  5886  6147 I BatteryMgr:DataCollectionService: stats => 1697552245739,-190,4308,40,0,99
10-17 16:17:25.746  3957  4128 D WifiService: getConnectionInfo uid=1000
10-17 16:17:25.849  5886  6147 I BatteryMgr:DataCollectionService: stats => 1697552245849,-190,4308,40,0,99
10-17 16:17:25.883  3957  4030 D SensorService: [SO] 0.053 -0.287 9.969
10-17 16:17:25.955  5886  6147 I BatteryMgr:DataCollectionService: stats => 1697552245955,-190,4308,40,0,99
10-17 16:17:26.062  5886  6147 I BatteryMgr:DataCollectionService: stats => 1697552246062,-190,4308,40,0,99
10-17 16:17:26.176  5886  6147 I BatteryMgr:DataCollectionService: stats => 1697552246176,-190,4308,40,0,99
10-17 16:17:26.285  5886  6147 I BatteryMgr:DataCollectionService: stats => 1697552246285,-190,4308,40,0,99
10-17 16:17:26.314  3957  4129 D WifiStateMachine:  ConnectedState !CMD_RSSI_POLL rt=504259527/1214633691 81 0 "ourhome" f4:6d:2f:12:cc:88 rssi=-44 f=5240 sc=60 link=433 tx=116.2, 3.7, 0.0  rx=154.2 bcn=31641 [on:0 tx:0 rx:0 period:921] from screen [on:111193 period:377495] score=60
10-17 16:17:26.316  3957  4129 D WifiStateMachine:  L2ConnectedState !CMD_RSSI_POLL rt=504259529/1214633693 81 0 "ourhome" f4:6d:2f:12:cc:88 rssi=-44 f=5240 sc=60 link=433 tx=116.2, 3.7, 0.0  rx=154.2 bcn=31641 [on:0 tx:0 rx:0 period:2] from screen [on:111193 period:377497] score=60
10-17 16:17:26.316  3957  4129 D WifiStateMachine:  get link layer stats 3
10-17 16:17:26.316  3436  3436 I android.hardware.wifi@1.0-service: getLinkLayerStats
10-17 16:17:26.327  3957  4129 D WifiStateMachine: fetchRssiLinkSpeedAndFrequencyNative rssi=-44 linkspeed=433 freq=5240
10-17 16:17:26.328  3957  4129 V WifiConfigManager: Updating scan detail cache freq=5240 BSSID=f4:6d:2f:12:cc:88 RSSI=-43 for "ourhome"WPA_PSK
10-17 16:17:26.331  4340  4340 E SignalClusterView: setSlotFocusVisible : subId -2
10-17 16:17:26.331  4340  4340 E SignalClusterView: setSlotFocusVisible : subId -2
10-17 16:17:26.390  3957  4129 D WifiStateMachine:  ConnectedState !RSSI_PKTCNT_FETCH uid=1000 rt=504259603/1214633767 0 0 "ourhome" f4:6d:2f:12:cc:88 rssi=-44 f=5240 sc=60 link=433 tx=103.4, 1.3, 0.0  rx=133.1 bcn=31669 [on:0 tx:0 rx:0 period:60] from screen [on:113003 period:377571] score=60
10-17 16:17:26.390  4340  4731 D NetworkController.MobileSignalController(0/-2): onSignalStrengthsChanged signalStrength=SignalStrength: 23 99 -23 -200 -23 -200 -1 99 2147483647 2147483647 2147483647 2147483647 0 2147483647 0x4 P gsm|lte level=4
10-17 16:17:26.391  4340  4731 D NetworkController.MobileSignalController(0/-2): getMobileIconGroup(): 0
10-17 16:17:26.391  3957  4129 D WifiStateMachine:  L2ConnectedState !RSSI_PKTCNT_FETCH uid=1000 rt=504259604/1214633769 0 0 "ourhome" f4:6d:2f:12:cc:88 rssi=-44 f=5240 sc=60 link=433 tx=103.4, 1.3, 0.0  rx=133.1 bcn=31669 [on:0 tx:0 rx:0 period:1] from screen [on:113003 period:377572] score=60
10-17 16:17:26.393  5886  6147 I BatteryMgr:DataCollectionService: stats => 1697552246393,-190,4308,40,0,99
10-17 16:17:26.396  3957  4129 D WifiStateMachine: fetchRssiLinkSpeedAndFrequencyNative rssi=-44 linkspeed=433 freq=5240
10-17 16:17:26.396  3957  4129 V WifiConfigManager: Updating scan detail cache freq=5240 BSSID=f4:6d:2f:12:cc:88 RSSI=-43 for "ourhome"WPA_PSK
10-17 16:17:26.499  5886  6147 I BatteryMgr:DataCollectionService: stats => 1697552246499,-190,4308,40,0,99
10-17 16:17:26.605  5886  6147 I BatteryMgr:DataCollectionService: stats => 1697552246605,-190,4308,40,0,99
10-17 16:17:26.717  5886  6147 I BatteryMgr:DataCollectionService: stats => 1697552246717,-190,4308,40,0,99
10-17 16:17:26.749  3957  4128 D WifiService: getConnectionInfo uid=1000
10-17 16:17:26.831  5886  6147 I BatteryMgr:DataCollectionService: stats => 1697552246830,-190,4308,40,0,99
10-17 16:17:26.944  5886  6147 I BatteryMgr:DataCollectionService: stats => 1697552246944,-190,4308,40,0,99
10-17 16:17:26.963  3957  4045 D SamsungAlarmManager: Expired : 4
10-17 16:17:26.966  3957  4045 I SamsungAlarmManager: setLocked to kernel - T:2 / 20231017T161911, SetElapsed=1214738631, nowELAPSED=1214634344
10-17 16:17:26.966  3957  4045 I SamsungAlarmManager: setLocked to kernel - T:3 / 20231017T161800, SetElapsed=1214667378, nowELAPSED=1214634344
10-17 16:17:26.984  3957  4045 V SamsungAlarmManager: Sending to uid : 10025 action=com.google.android.gms.gcm.HEARTBEAT_ALARM alarm=Alarm{6a80f26 type 2 when 1214634339 com.google.android.gms}
10-17 16:17:27.052  2479  2548 D ScanRecord: Not a Multi Manu data
10-17 16:17:27.053  2479  2548 I chatty  : uid=1002(bluetooth) BT Service Call identical 11 lines
10-17 16:17:27.053  2479  2548 D ScanRecord: Not a Multi Manu data
10-17 16:17:27.054  5886  6147 I BatteryMgr:DataCollectionService: stats => 1697552247054,-190,4308,40,0,99
10-17 16:17:27.064  2479  2548 D ScanRecord: Not a Multi Manu data
10-17 16:17:27.069  2479  2548 I chatty  : uid=1002(bluetooth) BT Service Call identical 24 lines
10-17 16:17:27.069  2479  2548 D ScanRecord: Not a Multi Manu data
10-17 16:17:27.077  3957  4650 D ConnectivityService: filterNetworkStateForUid() uid: 10169 networkInfo: [type: WIFI[] - WIFI, state: CONNECTED/CONNECTED, reason: (unspecified), extra: "ourhome", failover: false, available: true, roaming: false, metered: false]
10-17 16:17:27.077  3957  4650 D WifiService: getConnectionInfo uid=1000
10-17 16:17:27.085  2479  2548 D ScanRecord: Not a Multi Manu data
10-17 16:17:27.094  2479  2548 I chatty  : uid=1002(bluetooth) BT Service Call identical 24 lines
10-17 16:17:27.094  2479  2548 D ScanRecord: Not a Multi Manu data
10-17 16:17:27.095  3957 14904 D ConnectivityService: filterNetworkStateForUid() uid: 10169 networkInfo: [type: WIFI[] - WIFI, state: CONNECTED/CONNECTED, reason: (unspecified), extra: "ourhome", failover: false, available: true, roaming: false, metered: false]
10-17 16:17:27.095  3957 14904 D WifiService: getConnectionInfo uid=1000
10-17 16:17:27.096  2479  2548 D ScanRecord: Not a Multi Manu data
10-17 16:17:27.096  2479  2548 I chatty  : uid=1002(bluetooth) BT Service Call identical 11 lines
10-17 16:17:27.096  2479  2548 D ScanRecord: Not a Multi Manu data
10-17 16:17:27.103  5931  5931 I GeckoSession: handleMessage GeckoView:PageStop uri=null
10-17 16:17:27.104  5931  5978 I SessionStorage/AutoSave: Save: Load finished
10-17 16:17:27.109  3957 14904 D SamsungAlarmManager: Cancel Alarm calling from uid:10025 pid :2350 / op:PendingIntent{9f32914: PendingIntentRecord{7790c84 com.google.android.gms broadcastIntent}}
10-17 16:17:27.110  2350  1624 I AlarmManager: setExactAndAllowWhileIdle [name: GCM_HB_ALARM type: 2 triggerAtMillis: 1214694488]
10-17 16:17:27.116  3957 12007 D ConnectivityService: filterNetworkStateForUid() uid: 10169 networkInfo: [type: WIFI[] - WIFI, state: CONNECTED/CONNECTED, reason: (unspecified), extra: "ourhome", failover: false, available: true, roaming: false, metered: false]
10-17 16:17:27.116  3957 12007 D WifiService: getConnectionInfo uid=1000
10-17 16:17:27.121  3957 12007 D ConnectivityService: filterNetworkStateForUid() uid: 10169 networkInfo: [type: WIFI[] - WIFI, state: CONNECTED/CONNECTED, reason: (unspecified), extra: "ourhome", failover: false, available: true, roaming: false, metered: false]
10-17 16:17:27.121  3957 12007 D WifiService: getConnectionInfo uid=1000
10-17 16:17:27.122  3957 14904 D SamsungAlarmManager: setExact Intent (T:2/F:5/AC:false) 20231017T161827 - CU:10025/CP:2350
10-17 16:17:27.122  3957 14904 I SamsungAlarmManager: setLocked to kernel - T:2 / 20231017T161827, SetElapsed=1214694488, nowELAPSED=1214634501
10-17 16:17:27.130  3957 14904 D ConnectivityService: filterNetworkStateForUid() uid: 10169 networkInfo: [type: WIFI[] - WIFI, state: CONNECTED/CONNECTED, reason: (unspecified), extra: "ourhome", failover: false, available: true, roaming: false, metered: false]
10-17 16:17:27.131  3957 14904 D WifiService: getConnectionInfo uid=1000
10-17 16:17:27.134  3957 14904 D WifiService: getConnectionInfo uid=1000
10-17 16:17:27.136  2479  2548 D ScanRecord: Not a Multi Manu data
10-17 16:17:27.136  2479  2548 I chatty  : uid=1002(bluetooth) BT Service Call identical 11 lines
10-17 16:17:27.136  2479  2548 D ScanRecord: Not a Multi Manu data
10-17 16:17:27.137  3957 14904 D WifiService: getConnectionInfo uid=1000
10-17 16:17:27.140  3957 14904 D WifiService: getConnectionInfo uid=1000
10-17 16:17:27.143  2350  1624 E WakeLock: GCM_HB_ALARM release without a matched acquire!
10-17 16:17:27.143  3957 14904 D WifiService: getConnectionInfo uid=1000
10-17 16:17:27.147  3957 14904 I chatty  : uid=1000(system) Binder:3957_1C identical 1 line
10-17 16:17:27.150  3957 14904 I chatty  : uid=1000(system) Binder:3957_1C identical 6 lines
10-17 16:17:27.150  3957 14904 D WifiService: getConnectionInfo uid=1000
10-17 16:17:27.151  2479  2548 D ScanRecord: Not a Multi Manu data
10-17 16:17:27.154  3957 14904 D ConnectivityService: filterNetworkStateForUid() uid: 10169 networkInfo: [type: WIFI[] - WIFI, state: CONNECTED/CONNECTED, reason: (unspecified), extra: "ourhome", failover: false, available: true, roaming: false, metered: false]
10-17 16:17:27.154  2479  2548 I chatty  : uid=1002(bluetooth) BT Service Call identical 22 lines
10-17 16:17:27.154  3957 14904 D WifiService: getConnectionInfo uid=1000
10-17 16:17:27.154  2479  2548 D ScanRecord: Not a Multi Manu data
10-17 16:17:27.155  2479  2548 D ScanRecord: Not a Multi Manu data
10-17 16:17:27.163  2479  2548 I chatty  : uid=1002(bluetooth) BT Service Call identical 13 lines
10-17 16:17:27.163  2479  2548 D ScanRecord: Not a Multi Manu data
10-17 16:17:27.164  5886  6147 I BatteryMgr:DataCollectionService: stats => 1697552247164,-190,4308,40,0,99
10-17 16:17:27.195  2479  2548 D ScanRecord: Not a Multi Manu data
10-17 16:17:27.256  3957 14904 D SamsungAlarmManager: Cancel Alarm calling from uid:10025 pid :2350 / op:PendingIntent{dee303: PendingIntentRecord{7790c84 com.google.android.gms broadcastIntent}}
10-17 16:17:27.258  3957 14904 I SamsungAlarmManager: setLocked to kernel - T:2 / 20231017T161911, SetElapsed=1214738631, nowELAPSED=1214634636
10-17 16:17:27.262  2479  2548 I chatty  : uid=1002(bluetooth) BT Service Call identical 102 lines
10-17 16:17:27.262  2479  2548 D ScanRecord: Not a Multi Manu data
10-17 16:17:27.263  2350  1624 I AlarmManager: setExactAndAllowWhileIdle [name: GCM_HB_ALARM type: 2 triggerAtMillis: 1216364641]
10-17 16:17:27.266  3957 14904 D SamsungAlarmManager: setExact Intent (T:2/F:5/AC:false) 20231017T164617 - CU:10025/CP:2350
10-17 16:17:27.271  5886  6147 I BatteryMgr:DataCollectionService: stats => 1697552247271,-190,4308,40,0,99
10-17 16:17:27.284  2479  2548 D ScanRecord: Not a Multi Manu data
10-17 16:17:27.297  2479  2548 I chatty  : uid=1002(bluetooth) BT Service Call identical 37 lines
10-17 16:17:27.297  2479  2548 D ScanRecord: Not a Multi Manu data
10-17 16:17:27.378  5886  6147 I BatteryMgr:DataCollectionService: stats => 1697552247378,-190,4308,40,0,99
10-17 16:17:27.390  3957  4129 D WifiStateMachine:  ConnectedState !RSSI_PKTCNT_FETCH uid=1000 rt=504260604/1214634768 0 0 "ourhome" f4:6d:2f:12:cc:88 rssi=-44 f=5240 sc=60 link=433 tx=103.4, 1.3, 0.0  rx=133.1 bcn=31669 [on:0 tx:0 rx:0 period:999] from screen [on:113003 period:378571] score=60
10-17 16:17:27.391  3957  4129 D WifiStateMachine:  L2ConnectedState !RSSI_PKTCNT_FETCH uid=1000 rt=504260605/1214634769 0 0 "ourhome" f4:6d:2f:12:cc:88 rssi=-44 f=5240 sc=60 link=433 tx=103.4, 1.3, 0.0  rx=133.1 bcn=31669 [on:0 tx:0 rx:0 period:1] from screen [on:113003 period:378572] score=60
10-17 16:17:27.392  3957  4129 D WifiStateMachine: fetchRssiLinkSpeedAndFrequencyNative rssi=-47 linkspeed=433 freq=5240
10-17 16:17:27.392  3957  4129 V WifiConfigManager: Updating scan detail cache freq=5240 BSSID=f4:6d:2f:12:cc:88 RSSI=-45 for "ourhome"WPA_PSK
10-17 16:17:27.415  2479  2548 D ScanRecord: Not a Multi Manu data
10-17 16:17:27.472  2479  2548 I chatty  : uid=1002(bluetooth) BT Service Call identical 37 lines
10-17 16:17:27.472  2479  2548 D ScanRecord: Not a Multi Manu data
10-17 16:17:27.484  5886  6147 I BatteryMgr:DataCollectionService: stats => 1697552247484,-190,4308,40,0,99
10-17 16:17:27.593  5886  6147 I BatteryMgr:DataCollectionService: stats => 1697552247593,-190,4308,40,0,99
10-17 16:17:27.711  5886  6147 I BatteryMgr:DataCollectionService: stats => 1697552247710,-190,4308,40,0,99
10-17 16:17:27.750  3957  4128 D WifiService: getConnectionInfo uid=1000
10-17 16:17:27.768  3957 14904 D ConnectivityService: filterNetworkStateForUid() uid: 10169 networkInfo: [type: WIFI[] - WIFI, state: CONNECTED/CONNECTED, reason: (unspecified), extra: "ourhome", failover: false, available: true, roaming: false, metered: false]
10-17 16:17:27.768  3957 14904 D WifiService: getConnectionInfo uid=1000
10-17 16:17:27.818  5886  6147 I BatteryMgr:DataCollectionService: stats => 1697552247818,-190,4308,40,0,99
10-17 16:17:27.867  3957 14904 I chatty  : uid=1000(system) Binder:3957_1C identical 1 line
10-17 16:17:27.867  3957 14904 D WifiService: getConnectionInfo uid=1000
10-17 16:17:27.872  3957 14904 D ConnectivityService: filterNetworkStateForUid() uid: 10169 networkInfo: [type: WIFI[] - WIFI, state: CONNECTED/CONNECTED, reason: (unspecified), extra: "ourhome", failover: false, available: true, roaming: false, metered: false]
10-17 16:17:27.872  3957 14904 D WifiService: getConnectionInfo uid=1000
10-17 16:17:27.925  5886  6147 I BatteryMgr:DataCollectionService: stats => 1697552247925,160,4308,-41,0,99
10-17 16:17:28.033  5886  6147 I BatteryMgr:DataCollectionService: stats => 1697552248033,160,4308,-41,0,99
10-17 16:17:28.143  5886  6147 I BatteryMgr:DataCollectionService: stats => 1697552248143,160,4308,-41,0,99
10-17 16:17:28.181  3957 14904 D BatteryService: !@BatteryListener : batteryPropertiesChanged!
10-17 16:17:28.252  5886  6147 I BatteryMgr:DataCollectionService: stats => 1697552248252,160,4308,-41,0,99
10-17 16:17:28.362  5886  6147 I BatteryMgr:DataCollectionService: stats => 1697552248362,160,4308,-41,0,99
10-17 16:17:28.391  3957  4129 D WifiStateMachine:  ConnectedState !RSSI_PKTCNT_FETCH uid=1000 rt=504261604/1214635768 0 0 "ourhome" f4:6d:2f:12:cc:88 rssi=-47 f=5240 sc=60 link=433 tx=103.4, 1.3, 0.0  rx=133.1 bcn=31669 [on:0 tx:0 rx:0 period:1000] from screen [on:113003 period:379572] score=60
10-17 16:17:28.392  3957  4129 D WifiStateMachine:  L2ConnectedState !RSSI_PKTCNT_FETCH uid=1000 rt=504261605/1214635770 0 0 "ourhome" f4:6d:2f:12:cc:88 rssi=-47 f=5240 sc=60 link=433 tx=103.4, 1.3, 0.0  rx=133.1 bcn=31669 [on:0 tx:0 rx:0 period:1] from screen [on:113003 period:379573] score=60
10-17 16:17:28.398  3957  4129 D WifiStateMachine: fetchRssiLinkSpeedAndFrequencyNative rssi=-43 linkspeed=433 freq=5240
10-17 16:17:28.398  3957  4129 V WifiConfigManager: Updating scan detail cache freq=5240 BSSID=f4:6d:2f:12:cc:88 RSSI=-43 for "ourhome"WPA_PSK
10-17 16:17:28.468  5886  6147 I BatteryMgr:DataCollectionService: stats => 1697552248468,160,4308,-41,0,99
10-17 16:17:28.575  5886  6147 I BatteryMgr:DataCollectionService: stats => 1697552248575,160,4308,-41,0,99
10-17 16:17:28.682  5886  6147 I BatteryMgr:DataCollectionService: stats => 1697552248682,160,4308,-41,0,99
10-17 16:17:28.750  3957  4128 D WifiService: getConnectionInfo uid=1000
10-17 16:17:28.789  5886  6147 I BatteryMgr:DataCollectionService: stats => 1697552248789,160,4308,-41,0,99
10-17 16:17:28.895  5886  6147 I BatteryMgr:DataCollectionService: stats => 1697552248895,160,4308,-41,0,99
10-17 16:17:29.002  5886  6147 I BatteryMgr:DataCollectionService: stats => 1697552249002,160,4308,-41,0,99
10-17 16:17:29.108  5886  6147 I BatteryMgr:DataCollectionService: stats => 1697552249108,160,4308,-41,0,99
10-17 16:17:29.215  5886  6147 I BatteryMgr:DataCollectionService: stats => 1697552249215,160,4308,-41,0,99
10-17 16:17:29.327  5886  6147 I BatteryMgr:DataCollectionService: stats => 1697552249327,160,4308,-41,0,99
10-17 16:17:29.332  3957  4129 D WifiStateMachine:  ConnectedState !CMD_RSSI_POLL rt=504262544/1214636708 81 0 "ourhome" f4:6d:2f:12:cc:88 rssi=-43 f=5240 sc=60 link=433 tx=103.4, 1.3, 0.0  rx=133.1 bcn=31669 [on:0 tx:0 rx:0 period:940] from screen [on:113003 period:380513] score=60
10-17 16:17:29.334  3957  4129 D WifiStateMachine:  L2ConnectedState !CMD_RSSI_POLL rt=504262546/1214636711 81 0 "ourhome" f4:6d:2f:12:cc:88 rssi=-43 f=5240 sc=60 link=433 tx=103.4, 1.3, 0.0  rx=133.1 bcn=31669 [on:0 tx:0 rx:0 period:2] from screen [on:113003 period:380515] score=60
10-17 16:17:29.334  3957  4129 D WifiStateMachine:  get link layer stats 3
10-17 16:17:29.335  3436  3436 I android.hardware.wifi@1.0-service: getLinkLayerStats
10-17 16:17:29.354  3957  4129 D WifiStateMachine: fetchRssiLinkSpeedAndFrequencyNative rssi=-42 linkspeed=433 freq=5240
10-17 16:17:29.354  3957  4129 V WifiConfigManager: Updating scan detail cache freq=5240 BSSID=f4:6d:2f:12:cc:88 RSSI=-42 for "ourhome"WPA_PSK
10-17 16:17:29.355  5931  5960 D GeckoIdleService: Get idle time: time since reset 5127 msec
10-17 16:17:29.355  5931  5960 D GeckoIdleService: Idle timer callback: current idle time 5127 msec
10-17 16:17:29.355  5931  5960 D GeckoIdleService: next timeout 4294967289872 msec from now
10-17 16:17:29.355  5931  5960 D GeckoIdleService: SetTimerExpiryIfBefore: next timeout 4294967289872 msec from now
10-17 16:17:29.355  5931  5960 D GeckoIdleService: reset timer expiry to 4294967289882 msec from now
10-17 16:17:29.355  5931  5960 D GeckoIdleService: Idle timer callback: tell observer 0x74232bfd28 user is idle
10-17 16:17:29.361  4340  4340 E SignalClusterView: setSlotFocusVisible : subId -2
10-17 16:17:29.361  4340  4340 E SignalClusterView: setSlotFocusVisible : subId -2
10-17 16:17:29.392  3957  4129 D WifiStateMachine:  ConnectedState !RSSI_PKTCNT_FETCH uid=1000 rt=504262605/1214636769 0 0 "ourhome" f4:6d:2f:12:cc:88 rssi=-42 f=5240 sc=60 link=433 tx=128.6, 0.5, 0.0  rx=166.7 bcn=31699 [on:0 tx:0 rx:0 period:29] from screen [on:113878 period:380573] score=60
10-17 16:17:29.394  3957  4129 D WifiStateMachine:  L2ConnectedState !RSSI_PKTCNT_FETCH uid=1000 rt=504262607/1214636771 0 0 "ourhome" f4:6d:2f:12:cc:88 rssi=-42 f=5240 sc=60 link=433 tx=128.6, 0.5, 0.0  rx=166.7 bcn=31699 [on:0 tx:0 rx:0 period:2] from screen [on:113878 period:380575] score=60
10-17 16:17:29.399  3957  4129 D WifiStateMachine: fetchRssiLinkSpeedAndFrequencyNative rssi=-42 linkspeed=433 freq=5240
10-17 16:17:29.399  3957  4129 V WifiConfigManager: Updating scan detail cache freq=5240 BSSID=f4:6d:2f:12:cc:88 RSSI=-42 for "ourhome"WPA_PSK
10-17 16:17:29.436  5886  6147 I BatteryMgr:DataCollectionService: stats => 1697552249435,160,4308,-41,0,99
10-17 16:17:29.541  5886  6147 I BatteryMgr:DataCollectionService: stats => 1697552249541,160,4308,-41,0,99
10-17 16:17:29.652  5886  6147 I BatteryMgr:DataCollectionService: stats => 1697552249652,160,4308,-41,0,99
10-17 16:17:29.753  3957  4128 D WifiService: getConnectionInfo uid=1000
10-17 16:17:29.765  5886  6147 I BatteryMgr:DataCollectionService: stats => 1697552249765,160,4308,-41,0,99
10-17 16:17:29.876  5886  6147 I BatteryMgr:DataCollectionService: stats => 1697552249876,160,4308,-41,0,99
10-17 16:17:29.953  3957 12007 D ConnectivityService: filterNetworkStateForUid() uid: 10169 networkInfo: [type: WIFI[] - WIFI, state: CONNECTED/CONNECTED, reason: (unspecified), extra: "ourhome", failover: false, available: true, roaming: false, metered: false]
10-17 16:17:29.953  3957 12007 D WifiService: getConnectionInfo uid=1000
10-17 16:17:29.985  5886  6147 I BatteryMgr:DataCollectionService: stats => 1697552249985,160,4308,-41,0,99
10-17 16:17:30.019  3957 12007 D ConnectivityService: filterNetworkStateForUid() uid: 10169 networkInfo: [type: WIFI[] - WIFI, state: CONNECTED/CONNECTED, reason: (unspecified), extra: "ourhome", failover: false, available: true, roaming: false, metered: false]
10-17 16:17:30.019  3957 12007 D WifiService: getConnectionInfo uid=1000
10-17 16:17:30.046  3957  6478 D SSRM:k  : SIOP:: AP = 330, PST = 288 (W:10), BAT = 236, USB = 0, CHG = 0
10-17 16:17:30.091  5886  6147 I BatteryMgr:DataCollectionService: stats => 1697552250091,160,4308,-41,0,99
10-17 16:17:30.198  5886  6147 I BatteryMgr:DataCollectionService: stats => 1697552250198,160,4308,-41,0,99
10-17 16:17:30.305  5886  6147 I BatteryMgr:DataCollectionService: stats => 1697552250304,160,4308,-41,0,99
10-17 16:17:30.394  3957  4129 D WifiStateMachine:  ConnectedState !RSSI_PKTCNT_FETCH uid=1000 rt=504263607/1214637771 0 0 "ourhome" f4:6d:2f:12:cc:88 rssi=-42 f=5240 sc=60 link=433 tx=128.6, 0.5, 0.0  rx=166.7 bcn=31699 [on:0 tx:0 rx:0 period:1000] from screen [on:113878 period:381575] score=60
10-17 16:17:30.395  3957  4129 D WifiStateMachine:  L2ConnectedState !RSSI_PKTCNT_FETCH uid=1000 rt=504263608/1214637773 0 0 "ourhome" f4:6d:2f:12:cc:88 rssi=-42 f=5240 sc=60 link=433 tx=128.6, 0.5, 0.0  rx=166.7 bcn=31699 [on:0 tx:0 rx:0 period:1] from screen [on:113878 period:381576] score=60
10-17 16:17:30.401  3957  4129 D WifiStateMachine: fetchRssiLinkSpeedAndFrequencyNative rssi=-42 linkspeed=433 freq=5240
10-17 16:17:30.401  3957  4129 V WifiConfigManager: Updating scan detail cache freq=5240 BSSID=f4:6d:2f:12:cc:88 RSSI=-42 for "ourhome"WPA_PSK
10-17 16:17:30.413  5886  6147 I BatteryMgr:DataCollectionService: stats => 1697552250413,160,4308,-41,0,99
10-17 16:17:30.522  5886  6147 I BatteryMgr:DataCollectionService: stats => 1697552250522,160,4308,-41,0,99
10-17 16:17:30.633  5886  6147 I BatteryMgr:DataCollectionService: stats => 1697552250633,160,4308,-41,0,99
10-17 16:17:30.695  4961  4961 D io_stats: !@ 179,0 r 7555878 242439024 w 1641532 34231964 d 132030 33930648 f 384525 405652 iot 3352644 2934917 th 51200 0 0 pt 0 inp 0 0 504263.908
10-17 16:17:30.741  5886  6147 I BatteryMgr:DataCollectionService: stats => 1697552250740,160,4308,-41,0,99
10-17 16:17:30.754  3957  4128 D WifiService: getConnectionInfo uid=1000
10-17 16:17:30.851  5886  6147 I BatteryMgr:DataCollectionService: stats => 1697552250851,160,4308,-41,0,99
10-17 16:17:30.888  3957 12007 D ConnectivityService: filterNetworkStateForUid() uid: 10169 networkInfo: [type: WIFI[] - WIFI, state: CONNECTED/CONNECTED, reason: (unspecified), extra: "ourhome", failover: false, available: true, roaming: false, metered: false]
10-17 16:17:30.888  3957 12007 D WifiService: getConnectionInfo uid=1000
10-17 16:17:30.900  3957 12007 I chatty  : uid=1000(system) Binder:3957_1A identical 1 line
10-17 16:17:30.900  3957 12007 I chatty  : uid=1000(system) Binder:3957_1A identical 1 line
10-17 16:17:30.905  3957 12007 D ConnectivityService: filterNetworkStateForUid() uid: 10169 networkInfo: [type: WIFI[] - WIFI, state: CONNECTED/CONNECTED, reason: (unspecified), extra: "ourhome", failover: false, available: true, roaming: false, metered: false]
10-17 16:17:30.905  3957 12007 D WifiService: getConnectionInfo uid=1000
10-17 16:17:30.956  5886  6147 I BatteryMgr:DataCollectionService: stats => 1697552250956,160,4308,-41,0,99
10-17 16:17:31.068  5886  6147 I BatteryMgr:DataCollectionService: stats => 1697552251067,160,4308,-41,0,99
10-17 16:17:31.175  5886  6147 I BatteryMgr:DataCollectionService: stats => 1697552251174,160,4308,-41,0,99
10-17 16:17:31.281  5886  6147 I BatteryMgr:DataCollectionService: stats => 1697552251281,160,4308,-41,0,99
10-17 16:17:31.388  5886  6147 I BatteryMgr:DataCollectionService: stats => 1697552251388,160,4308,-41,0,99
10-17 16:17:31.395  3957  4129 D WifiStateMachine:  ConnectedState !RSSI_PKTCNT_FETCH uid=1000 rt=504264607/1214638771 0 0 "ourhome" f4:6d:2f:12:cc:88 rssi=-42 f=5240 sc=60 link=433 tx=128.6, 0.5, 0.0  rx=166.7 bcn=31699 [on:0 tx:0 rx:0 period:1000] from screen [on:113878 period:382576] score=60
10-17 16:17:31.396  3957  4129 D WifiStateMachine:  L2ConnectedState !RSSI_PKTCNT_FETCH uid=1000 rt=504264609/1214638773 0 0 "ourhome" f4:6d:2f:12:cc:88 rssi=-42 f=5240 sc=60 link=433 tx=128.6, 0.5, 0.0  rx=166.7 bcn=31699 [on:0 tx:0 rx:0 period:1] from screen [on:113878 period:382577] score=60
10-17 16:17:31.402  3957  4129 D WifiStateMachine: fetchRssiLinkSpeedAndFrequencyNative rssi=-42 linkspeed=433 freq=5240
10-17 16:17:31.403  3957  4129 V WifiConfigManager: Updating scan detail cache freq=5240 BSSID=f4:6d:2f:12:cc:88 RSSI=-42 for "ourhome"WPA_PSK
10-17 16:17:31.490  3957  3980 W StorageManager: getStorageFullBytes DEFAULT_FULL_THRESHOLD_BYTES : 20971520, threadhold : 20971520
10-17 16:17:31.490  3957  3980 W StorageManager: getStorageLowBytes lowPercent : 5, lowBytes : 1260145254, maxLowBytes : 524288000
10-17 16:17:31.499  5886  6147 I BatteryMgr:DataCollectionService: stats => 1697552251498,160,4308,-41,0,99
10-17 16:17:31.503  3957  3980 W DeviceStorageMonitorService: updateBroadcasts(/data) oldLevel:0, newLevel:0, seq:1
10-17 16:17:31.504  3957  3980 W DeviceStorageMonitorService: updateBroadcasts_filenode(/data) fn_oldLevel:0, fn_newLevel:0, seq:1
10-17 16:17:31.605  5886  6147 I BatteryMgr:DataCollectionService: stats => 1697552251605,160,4308,-41,0,99
10-17 16:17:31.719  5886  6147 I BatteryMgr:DataCollectionService: stats => 1697552251719,160,4308,-41,0,99
10-17 16:17:31.756  3957  4128 D WifiService: getConnectionInfo uid=1000
10-17 16:17:31.829  5886  6147 I BatteryMgr:DataCollectionService: stats => 1697552251829,160,4308,-41,0,99
10-17 16:17:31.939  5886  6147 I BatteryMgr:DataCollectionService: stats => 1697552251939,160,4308,-41,0,99
10-17 16:17:32.047  5886  6147 I BatteryMgr:DataCollectionService: stats => 1697552252046,160,4308,-41,0,99
10-17 16:17:32.064  2479  2548 D ScanRecord: Not a Multi Manu data
10-17 16:17:32.135  2479  2548 I chatty  : uid=1002(bluetooth) BT Service Call identical 154 lines
10-17 16:17:32.135  2479  2548 D ScanRecord: Not a Multi Manu data
10-17 16:17:32.161  5886  6147 I BatteryMgr:DataCollectionService: stats => 1697552252160,160,4308,-41,0,99
10-17 16:17:32.166  2479  2548 D ScanRecord: Not a Multi Manu data
10-17 16:17:32.267  2479  2548 I chatty  : uid=1002(bluetooth) BT Service Call identical 102 lines
10-17 16:17:32.267  2479  2548 D ScanRecord: Not a Multi Manu data
10-17 16:17:32.269  5886  6147 I BatteryMgr:DataCollectionService: stats => 1697552252269,160,4308,-41,0,99
10-17 16:17:32.275  2479  2548 D ScanRecord: Not a Multi Manu data
10-17 16:17:32.338  2479  2548 I chatty  : uid=1002(bluetooth) BT Service Call identical 128 lines
10-17 16:17:32.338  2479  2548 D ScanRecord: Not a Multi Manu data
10-17 16:17:32.359  3957  4129 D WifiStateMachine:  ConnectedState !CMD_RSSI_POLL rt=504265570/1214639735 81 0 "ourhome" f4:6d:2f:12:cc:88 rssi=-42 f=5240 sc=60 link=433 tx=128.6, 0.5, 0.0  rx=166.7 bcn=31699 [on:0 tx:0 rx:0 period:962] from screen [on:113878 period:383539] score=60
10-17 16:17:32.361  3957  4129 D WifiStateMachine:  L2ConnectedState !CMD_RSSI_POLL rt=504265573/1214639737 81 0 "ourhome" f4:6d:2f:12:cc:88 rssi=-42 f=5240 sc=60 link=433 tx=128.6, 0.5, 0.0  rx=166.7 bcn=31699 [on:0 tx:0 rx:0 period:2] from screen [on:113878 period:383541] score=60
10-17 16:17:32.361  3957  4129 D WifiStateMachine:  get link layer stats 3
10-17 16:17:32.361  3436  3436 I android.hardware.wifi@1.0-service: getLinkLayerStats
10-17 16:17:32.370  3957  4129 D WifiStateMachine: fetchRssiLinkSpeedAndFrequencyNative rssi=-43 linkspeed=433 freq=5240
10-17 16:17:32.370  3957  4129 V WifiConfigManager: Updating scan detail cache freq=5240 BSSID=f4:6d:2f:12:cc:88 RSSI=-42 for "ourhome"WPA_PSK
10-17 16:17:32.377  2479  2548 D ScanRecord: Not a Multi Manu data
10-17 16:17:32.378  2479  2548 I chatty  : uid=1002(bluetooth) BT Service Call identical 11 lines
10-17 16:17:32.378  2479  2548 D ScanRecord: Not a Multi Manu data
10-17 16:17:32.383  4340  4340 E SignalClusterView: setSlotFocusVisible : subId -2
10-17 16:17:32.383  4340  4340 E SignalClusterView: setSlotFocusVisible : subId -2
10-17 16:17:32.384  2479  2548 D ScanRecord: Not a Multi Manu data
10-17 16:17:32.384  2479  2548 I chatty  : uid=1002(bluetooth) BT Service Call identical 11 lines
10-17 16:17:32.384  2479  2548 D ScanRecord: Not a Multi Manu data
10-17 16:17:32.385  5886  6147 I BatteryMgr:DataCollectionService: stats => 1697552252385,160,4308,-41,0,99
10-17 16:17:32.388  2479  2548 D ScanRecord: Not a Multi Manu data
10-17 16:17:32.391  2479  2548 I chatty  : uid=1002(bluetooth) BT Service Call identical 24 lines
10-17 16:17:32.391  2479  2548 D ScanRecord: Not a Multi Manu data
10-17 16:17:32.396  3957  4129 D WifiStateMachine:  ConnectedState !RSSI_PKTCNT_FETCH uid=1000 rt=504265607/1214639771 0 0 "ourhome" f4:6d:2f:12:cc:88 rssi=-43 f=5240 sc=60 link=433 tx=52.1, 0.2, 0.0  rx=69.2 bcn=31728 [on:0 tx:0 rx:0 period:12] from screen [on:114092 period:383576] score=60
10-17 16:17:32.398  3957  4129 D WifiStateMachine:  L2ConnectedState !RSSI_PKTCNT_FETCH uid=1000 rt=504265611/1214639775 0 0 "ourhome" f4:6d:2f:12:cc:88 rssi=-43 f=5240 sc=60 link=433 tx=52.1, 0.2, 0.0  rx=69.2 bcn=31728 [on:0 tx:0 rx:0 period:3] from screen [on:114092 period:383579] score=60
10-17 16:17:32.398  2479  2548 D ScanRecord: Not a Multi Manu data
10-17 16:17:32.399  2479  2548 I chatty  : uid=1002(bluetooth) BT Service Call identical 11 lines
10-17 16:17:32.399  2479  2548 D ScanRecord: Not a Multi Manu data
10-17 16:17:32.400  3957  4129 D WifiStateMachine: fetchRssiLinkSpeedAndFrequencyNative rssi=-43 linkspeed=433 freq=5240
10-17 16:17:32.400  3957  4129 V WifiConfigManager: Updating scan detail cache freq=5240 BSSID=f4:6d:2f:12:cc:88 RSSI=-42 for "ourhome"WPA_PSK
10-17 16:17:32.413  2479  2548 D ScanRecord: Not a Multi Manu data
10-17 16:17:32.491  2479  2548 I chatty  : uid=1002(bluetooth) BT Service Call identical 141 lines
10-17 16:17:32.491  2479  2548 D ScanRecord: Not a Multi Manu data
10-17 16:17:32.491  5886  6147 I BatteryMgr:DataCollectionService: stats => 1697552252491,160,4308,-41,0,99
10-17 16:17:32.499  2479  2548 D ScanRecord: Not a Multi Manu data
10-17 16:17:32.510  2479  2548 I chatty  : uid=1002(bluetooth) BT Service Call identical 37 lines
10-17 16:17:32.510  2479  2548 D ScanRecord: Not a Multi Manu data
10-17 16:17:32.600  5886  6147 I BatteryMgr:DataCollectionService: stats => 1697552252600,160,4308,-41,0,99
10-17 16:17:32.707  5886  6147 I BatteryMgr:DataCollectionService: stats => 1697552252707,160,4308,-41,0,99
10-17 16:17:32.758  3957  4128 D WifiService: getConnectionInfo uid=1000
10-17 16:17:32.817  5886  6147 I BatteryMgr:DataCollectionService: stats => 1697552252816,160,4308,-41,0,99
10-17 16:17:32.924  5886  6147 I BatteryMgr:DataCollectionService: stats => 1697552252924,160,4308,-41,0,99
10-17 16:17:33.030  5886  6147 I BatteryMgr:DataCollectionService: stats => 1697552253030,160,4308,-41,0,99
10-17 16:17:33.139  5886  6147 I BatteryMgr:DataCollectionService: stats => 1697552253138,160,4308,-41,0,99
10-17 16:17:33.255  5886  6147 I BatteryMgr:DataCollectionService: stats => 1697552253255,160,4308,-41,0,99
10-17 16:17:33.364  5886  6147 I BatteryMgr:DataCollectionService: stats => 1697552253364,160,4308,-41,0,99
10-17 16:17:33.396  3957  4129 D WifiStateMachine:  ConnectedState !RSSI_PKTCNT_FETCH uid=1000 rt=504266608/1214640773 0 0 "ourhome" f4:6d:2f:12:cc:88 rssi=-43 f=5240 sc=60 link=433 tx=52.1, 0.2, 0.0  rx=69.2 bcn=31728 [on:0 tx:0 rx:0 period:998] from screen [on:114092 period:384577] score=60
10-17 16:17:33.398  3957  4129 D WifiStateMachine:  L2ConnectedState !RSSI_PKTCNT_FETCH uid=1000 rt=504266611/1214640775 0 0 "ourhome" f4:6d:2f:12:cc:88 rssi=-43 f=5240 sc=60 link=433 tx=52.1, 0.2, 0.0  rx=69.2 bcn=31728 [on:0 tx:0 rx:0 period:2] from screen [on:114092 period:384579] score=60
10-17 16:17:33.404  3957  4129 D WifiStateMachine: fetchRssiLinkSpeedAndFrequencyNative rssi=-44 linkspeed=433 freq=5240
10-17 16:17:33.405  3957  4129 V WifiConfigManager: Updating scan detail cache freq=5240 BSSID=f4:6d:2f:12:cc:88 RSSI=-43 for "ourhome"WPA_PSK
10-17 16:17:33.471  5886  6147 I BatteryMgr:DataCollectionService: stats => 1697552253471,160,4308,-41,0,99
10-17 16:17:33.580  5886  6147 I BatteryMgr:DataCollectionService: stats => 1697552253580,160,4308,-41,0,99
10-17 16:17:33.690  3957 12007 I ActivityManager: Process com.android.chrome:sandboxed_process0 (pid 5373) has died: cch+2CEM (83,402)
10-17 16:17:33.697  3957  3974 W zygote64: failed to open /acct/uid_99222/pid_5373/cgroup.procs: No such file or directory
10-17 16:17:33.722  3957 12007 W ActivityManager: Scheduling restart of crashed service flipboard.boxer.app/org.chromium.content.app.SandboxedProcessService0 in 1000ms
10-17 16:17:33.760  3957  4128 D WifiService: getConnectionInfo uid=1000
10-17 16:17:33.870  3957  4622 D ConnectivityService: ConnectivityService NetworkRequestInfo binderDied(NetworkRequest [ LISTEN id=1514, [ Capabilities: INTERNET&NOT_RESTRICTED&TRUSTED] ], android.os.BinderProxy@1bd00b9)
10-17 16:17:33.874  3957  4157 D ConnectivityService: releasing NetworkRequest [ LISTEN id=1514, [ Capabilities: INTERNET&NOT_RESTRICTED&TRUSTED] ] (CALLBACK_RELEASED)
10-17 16:17:33.886  3957  4157 D ConnectivityService: sending notification RELEASED for NetworkRequest [ LISTEN id=1514, [ Capabilities: INTERNET&NOT_RESTRICTED&TRUSTED] ]
10-17 16:17:33.899  3957  5415 D ConnectivityService: ConnectivityService NetworkRequestInfo binderDied(NetworkRequest [ LISTEN id=1575, [ Capabilities: INTERNET&NOT_RESTRICTED&TRUSTED] ], android.os.BinderProxy@3e2ac5f)
10-17 16:17:33.908  3957  4157 E ConnectivityService: RemoteException caught trying to send a callback msg for NetworkRequest [ LISTEN id=1514, [ Capabilities: INTERNET&NOT_RESTRICTED&TRUSTED] ]
10-17 16:17:33.908  3957  4157 D ConnectivityService: releasing NetworkRequest [ LISTEN id=1575, [ Capabilities: INTERNET&NOT_RESTRICTED&TRUSTED] ] (CALLBACK_RELEASED)
10-17 16:17:33.909  3957  4157 D ConnectivityService: sending notification RELEASED for NetworkRequest [ LISTEN id=1575, [ Capabilities: INTERNET&NOT_RESTRICTED&TRUSTED] ]
10-17 16:17:33.909  3957  4157 E ConnectivityService: RemoteException caught trying to send a callback msg for NetworkRequest [ LISTEN id=1575, [ Capabilities: INTERNET&NOT_RESTRICTED&TRUSTED] ]
10-17 16:17:33.920  3446  3446 E lowmemorykiller: Error opening /proc/5814/oom_score_adj; errno=2
10-17 16:17:33.921  3957  3967 I ActivityManager: Process com.android.chrome:webview_service (pid 5367) has died: cch+2CEM (136,409)
10-17 16:17:33.922  3957  3967 W ActivityManager: Scheduling restart of crashed service com.android.chrome/org.chromium.android_webview.services.MetricsBridgeService in 10800ms
10-17 16:17:33.925  5886  6147 I BatteryMgr:DataCollectionService: stats => 1697552253925,160,4308,-41,0,99
10-17 16:17:33.927  3957  4650 I ActivityManager: Process com.sec.android.provider.badge (pid 5686) has died: cch+2CEM (135,409)
10-17 16:17:33.940  3446  3446 E lowmemorykiller: Error opening /proc/5471/oom_score_adj; errno=2
10-17 16:17:33.940  3446  3446 E lowmemorykiller: Error opening /proc/5234/oom_score_adj; errno=2
10-17 16:17:33.941  3446  3446 E lowmemorykiller: Error opening /proc/2369/oom_score_adj; errno=2
10-17 16:17:33.975  5931  5931 I MemoryController: onTrimMemory(5)
10-17 16:17:33.976  6333  6333 I FenixApplication: onTrimMemory(), level=5, main=false
10-17 16:17:33.977  6098  6098 I FenixApplication: onTrimMemory(), level=5, main=false
10-17 16:17:33.977  6256  6256 I FenixApplication: onTrimMemory(), level=5, main=false
10-17 16:17:33.981  3957 14957 I ActivityManager: Process com.samsung.android.rubin.app (pid 5234) has died: cch+6CEM (120,417)
10-17 16:17:33.982  5931  5931 I FenixApplication: onTrimMemory(), level=5, main=true
10-17 16:17:33.992  6014  6014 I FenixApplication: onTrimMemory(), level=5, main=false
10-17 16:17:33.993  3957  9774 I ActivityManager: Process com.android.chrome:webview_apk (pid 5471) has died: cch+4CEM (117,420)
10-17 16:17:34.001  3446  3446 E lowmemorykiller: Error opening /proc/2369/oom_score_adj; errno=2
10-17 16:17:34.002  3957  4654 I ActivityManager: Process com.samsung.android.sm.devicesecurity (pid 2369) has died: cch+4CEM (115,421)
10-17 16:17:34.007  3446  3446 E lowmemorykiller: Error opening /proc/16688/oom_score_adj; errno=2
10-17 16:17:34.008  3446  3446 E lowmemorykiller: Error opening /proc/5814/oom_score_adj; errno=2
10-17 16:17:34.008  3446  3446 E lowmemorykiller: Error opening /proc/5260/oom_score_adj; errno=2
10-17 16:17:34.010  6256  6256 I MemoryController: onTrimMemory(5)
10-17 16:17:34.010  6098  6098 I MemoryController: onTrimMemory(5)
10-17 16:17:34.010  6333  6333 I MemoryController: onTrimMemory(5)
10-17 16:17:34.014  6014  6014 I MemoryController: onTrimMemory(5)
10-17 16:17:34.015  3957  5413 I ActivityManager: Process flipboard.boxer.app (pid 5260) has died: cch+6CEM (111,424)
10-17 16:17:34.017  6098  6098 I FenixApplication: onTrimMemory(), level=10, main=false
10-17 16:17:34.017  6333  6333 I FenixApplication: onTrimMemory(), level=10, main=false
10-17 16:17:34.017  6333  6333 I MemoryController: onTrimMemory(10)
10-17 16:17:34.017  6098  6098 I MemoryController: onTrimMemory(10)
10-17 16:17:34.017  6256  6256 I FenixApplication: onTrimMemory(), level=10, main=false
10-17 16:17:34.017  6256  6256 I MemoryController: onTrimMemory(10)
10-17 16:17:34.018  6014  6014 I FenixApplication: onTrimMemory(), level=10, main=false
10-17 16:17:34.018  6014  6014 I MemoryController: onTrimMemory(10)
10-17 16:17:34.022  5931  5931 I MemoryController: onTrimMemory(10)
10-17 16:17:34.022  5931  5931 I FenixApplication: onTrimMemory(), level=10, main=true
10-17 16:17:34.030  3957  9502 I ActivityManager: Process com.samsung.android.sm.provider (pid 5814) has died: cch+6CEM (107,427)
10-17 16:17:34.037  5931  5931 I MemoryController: onTrimMemory(15)
10-17 16:17:34.037  6333  6333 I FenixApplication: onTrimMemory(), level=15, main=false
10-17 16:17:34.038  6333  6333 I MemoryController: onTrimMemory(15)
10-17 16:17:34.038  6014  6014 I FenixApplication: onTrimMemory(), level=15, main=false
10-17 16:17:34.038  6256  6256 I FenixApplication: onTrimMemory(), level=15, main=false
10-17 16:17:34.038  6014  6014 I MemoryController: onTrimMemory(15)
10-17 16:17:34.038  6256  6256 I MemoryController: onTrimMemory(15)
10-17 16:17:34.039  6098  6098 I FenixApplication: onTrimMemory(), level=15, main=false
10-17 16:17:34.040  6098  6098 I MemoryController: onTrimMemory(15)
10-17 16:17:34.042  5931  5931 I FenixApplication: onTrimMemory(), level=15, main=true
10-17 16:17:34.044  3957  8661 I ActivityManager: Process com.google.android.gms (pid 16688) has died: cch+2CEM (103,430)
10-17 16:17:34.056  3957 18006 I ActivityManager: Process com.android.vending (pid 2230) has died: cch  CEM (92,433)
10-17 16:17:34.071  3957  3973 W Looper  : Dispatch took 246ms on android.ui, h=Handler (com.android.server.am.ActivityManagerService$UiHandler) {84f2c15} cb=null msg=53
10-17 16:17:34.074  5886  6147 I BatteryMgr:DataCollectionService: stats => 1697552254074,160,4308,-41,0,99
10-17 16:17:34.097  4340  4731 D NetworkController.MobileSignalController(0/-2): onSignalStrengthsChanged signalStrength=SignalStrength: 24 99 -24 -200 -24 -200 -1 99 2147483647 2147483647 2147483647 2147483647 0 2147483647 0x4 P gsm|lte level=4
10-17 16:17:34.097  4340  4731 D NetworkController.MobileSignalController(0/-2): getMobileIconGroup(): 0
10-17 16:17:34.185  5886  6147 I BatteryMgr:DataCollectionService: stats => 1697552254185,160,4308,-41,0,99
10-17 16:17:34.291  5886  6147 I BatteryMgr:DataCollectionService: stats => 1697552254291,160,4308,-41,0,99
10-17 16:17:34.398  3957  4129 D WifiStateMachine:  ConnectedState !RSSI_PKTCNT_FETCH uid=1000 rt=504267610/1214641775 0 0 "ourhome" f4:6d:2f:12:cc:88 rssi=-44 f=5240 sc=60 link=433 tx=52.1, 0.2, 0.0  rx=69.2 bcn=31728 [on:0 tx:0 rx:0 period:999] from screen [on:114092 period:385578] score=60
10-17 16:17:34.398  5886  6147 I BatteryMgr:DataCollectionService: stats => 1697552254398,160,4308,-41,0,99
10-17 16:17:34.399  3957  4129 D WifiStateMachine:  L2ConnectedState !RSSI_PKTCNT_FETCH uid=1000 rt=504267612/1214641776 0 0 "ourhome" f4:6d:2f:12:cc:88 rssi=-44 f=5240 sc=60 link=433 tx=52.1, 0.2, 0.0  rx=69.2 bcn=31728 [on:0 tx:0 rx:0 period:2] from screen [on:114092 period:385580] score=60
10-17 16:17:34.400  3957  4129 D WifiStateMachine: fetchRssiLinkSpeedAndFrequencyNative rssi=-45 linkspeed=433 freq=5240
10-17 16:17:34.400  3957  4129 V WifiConfigManager: Updating scan detail cache freq=5240 BSSID=f4:6d:2f:12:cc:88 RSSI=-44 for "ourhome"WPA_PSK
10-17 16:17:34.505  5886  6147 I BatteryMgr:DataCollectionService: stats => 1697552254505,160,4308,-41,0,99
10-17 16:17:34.610  5886  6147 I BatteryMgr:DataCollectionService: stats => 1697552254610,160,4308,-41,0,99
10-17 16:17:34.717  5886  6147 I BatteryMgr:DataCollectionService: stats => 1697552254717,160,4308,-41,0,99
10-17 16:17:34.763  3957  4128 D WifiService: getConnectionInfo uid=1000
10-17 16:17:34.824  5886  6147 I BatteryMgr:DataCollectionService: stats => 1697552254824,160,4308,-41,0,99
10-17 16:17:34.930  5886  6147 I BatteryMgr:DataCollectionService: stats => 1697552254930,160,4308,-41,0,99
10-17 16:17:35.041  5886  6147 I BatteryMgr:DataCollectionService: stats => 1697552255041,160,4308,-41,0,99
10-17 16:17:35.148  5886  6147 I BatteryMgr:DataCollectionService: stats => 1697552255148,160,4308,-41,0,99
10-17 16:17:35.254  5886  6147 I BatteryMgr:DataCollectionService: stats => 1697552255254,160,4308,-41,0,99
10-17 16:17:35.362  5886  6147 I BatteryMgr:DataCollectionService: stats => 1697552255362,160,4308,-41,0,99
10-17 16:17:35.373  3957  4129 D WifiStateMachine:  ConnectedState !CMD_RSSI_POLL rt=504268586/1214642750 81 0 "ourhome" f4:6d:2f:12:cc:88 rssi=-45 f=5240 sc=60 link=433 tx=52.1, 0.2, 0.0  rx=69.2 bcn=31728 [on:0 tx:0 rx:0 period:974] from screen [on:114092 period:386554] score=60
10-17 16:17:35.374  3957  4129 D WifiStateMachine:  L2ConnectedState !CMD_RSSI_POLL rt=504268587/1214642751 81 0 "ourhome" f4:6d:2f:12:cc:88 rssi=-45 f=5240 sc=60 link=433 tx=52.1, 0.2, 0.0  rx=69.2 bcn=31728 [on:0 tx:0 rx:0 period:1] from screen [on:114092 period:386555] score=60
10-17 16:17:35.375  3957  4129 D WifiStateMachine:  get link layer stats 3
10-17 16:17:35.375  3436  3436 I android.hardware.wifi@1.0-service: getLinkLayerStats
10-17 16:17:35.378  3957  4129 D WifiStateMachine: fetchRssiLinkSpeedAndFrequencyNative rssi=-47 linkspeed=433 freq=5240
10-17 16:17:35.378  3957  4129 V WifiConfigManager: Updating scan detail cache freq=5240 BSSID=f4:6d:2f:12:cc:88 RSSI=-45 for "ourhome"WPA_PSK
10-17 16:17:35.383  4340  4340 E SignalClusterView: setSlotFocusVisible : subId -2
10-17 16:17:35.383  4340  4340 E SignalClusterView: setSlotFocusVisible : subId -2
10-17 16:17:35.399  3957  4129 D WifiStateMachine:  ConnectedState !RSSI_PKTCNT_FETCH uid=1000 rt=504268611/1214642776 0 0 "ourhome" f4:6d:2f:12:cc:88 rssi=-47 f=5240 sc=60 link=433 tx=40.6, 2.6, 0.0  rx=55.8 bcn=31757 [on:0 tx:0 rx:0 period:17] from screen [on:116173 period:386580] score=60
10-17 16:17:35.400  3957  4129 D WifiStateMachine:  L2ConnectedState !RSSI_PKTCNT_FETCH uid=1000 rt=504268613/1214642777 0 0 "ourhome" f4:6d:2f:12:cc:88 rssi=-47 f=5240 sc=60 link=433 tx=40.6, 2.6, 0.0  rx=55.8 bcn=31757 [on:0 tx:0 rx:0 period:1] from screen [on:116173 period:386581] score=60
10-17 16:17:35.402  3957  4129 D WifiStateMachine: fetchRssiLinkSpeedAndFrequencyNative rssi=-47 linkspeed=433 freq=5240
10-17 16:17:35.402  3957  4129 V WifiConfigManager: Updating scan detail cache freq=5240 BSSID=f4:6d:2f:12:cc:88 RSSI=-46 for "ourhome"WPA_PSK
10-17 16:17:35.473  5886  6147 I BatteryMgr:DataCollectionService: stats => 1697552255473,160,4308,-41,0,99
10-17 16:17:35.570  3957  5413 D ConnectivityService: filterNetworkStateForUid() uid: 10169 networkInfo: [type: WIFI[] - WIFI, state: CONNECTED/CONNECTED, reason: (unspecified), extra: "ourhome", failover: false, available: true, roaming: false, metered: false]
10-17 16:17:35.571  3957  5413 D WifiService: getConnectionInfo uid=1000
10-17 16:17:35.582  5886  6147 I BatteryMgr:DataCollectionService: stats => 1697552255582,160,4308,-41,0,99
10-17 16:17:35.647  3957  5413 I chatty  : uid=1000(system) Binder:3957_D identical 1 line
10-17 16:17:35.647  3957  5413 D WifiService: getConnectionInfo uid=1000
10-17 16:17:35.668  3957  5413 D ConnectivityService: filterNetworkStateForUid() uid: 10169 networkInfo: [type: WIFI[] - WIFI, state: CONNECTED/CONNECTED, reason: (unspecified), extra: "ourhome", failover: false, available: true, roaming: false, metered: false]
10-17 16:17:35.668  3957  5413 D WifiService: getConnectionInfo uid=1000
10-17 16:17:35.689  5886  6147 I BatteryMgr:DataCollectionService: stats => 1697552255689,160,4308,-41,0,99
10-17 16:17:35.697  4961  4961 D io_stats: !@ 179,0 r 7558365 242518816 w 1641596 34232668 d 132036 33931088 f 384526 405653 iot 3353376 2935546 th 51200 0 0 pt 0 inp 2 0 504268.910
10-17 16:17:35.765  3957  4128 D WifiService: getConnectionInfo uid=1000
10-17 16:17:35.794  5886  6147 I BatteryMgr:DataCollectionService: stats => 1697552255794,160,4308,-41,0,99
10-17 16:17:35.883  3957  4030 D SensorService: [SO] 0.057 -0.249 9.998
10-17 16:17:35.905  5886  6147 I BatteryMgr:DataCollectionService: stats => 1697552255904,160,4308,-41,0,99
10-17 16:17:36.011  5886  6147 I BatteryMgr:DataCollectionService: stats => 1697552256011,160,4308,-41,0,99
10-17 16:17:36.121  5886  6147 I BatteryMgr:DataCollectionService: stats => 1697552256121,160,4308,-41,0,99
10-17 16:17:36.227  5886  6147 I BatteryMgr:DataCollectionService: stats => 1697552256227,160,4308,-41,0,99
10-17 16:17:36.338  5886  6150 I BatteryMgr:DataCollectionService: stats => 1697552256338,160,4308,-41,0,99
10-17 16:17:36.397  3957  4129 D WifiStateMachine:  ConnectedState !RSSI_PKTCNT_FETCH uid=1000 rt=504269610/1214643775 0 0 "ourhome" f4:6d:2f:12:cc:88 rssi=-47 f=5240 sc=60 link=433 tx=40.6, 2.6, 0.0  rx=55.8 bcn=31757 [on:0 tx:0 rx:0 period:997] from screen [on:116173 period:387578] score=60
10-17 16:17:36.400  3957  4129 D WifiStateMachine:  L2ConnectedState !RSSI_PKTCNT_FETCH uid=1000 rt=504269612/1214643776 0 0 "ourhome" f4:6d:2f:12:cc:88 rssi=-47 f=5240 sc=60 link=433 tx=40.6, 2.6, 0.0  rx=55.8 bcn=31757 [on:0 tx:0 rx:0 period:3] from screen [on:116173 period:387581] score=60
10-17 16:17:36.406  3957  4129 D WifiStateMachine: fetchRssiLinkSpeedAndFrequencyNative rssi=-45 linkspeed=433 freq=5240
10-17 16:17:36.406  3957  4129 V WifiConfigManager: Updating scan detail cache freq=5240 BSSID=f4:6d:2f:12:cc:88 RSSI=-45 for "ourhome"WPA_PSK
10-17 16:17:36.443  5886  6150 I BatteryMgr:DataCollectionService: stats => 1697552256443,160,4308,-41,0,99
10-17 16:17:36.549  5886  6150 I BatteryMgr:DataCollectionService: stats => 1697552256549,160,4308,-41,0,99
10-17 16:17:36.663  5886  6150 I BatteryMgr:DataCollectionService: stats => 1697552256663,160,4308,-41,0,99
10-17 16:17:36.766  3957  4128 D WifiService: getConnectionInfo uid=1000
10-17 16:17:36.777  5886  6150 I BatteryMgr:DataCollectionService: stats => 1697552256777,160,4308,-41,0,99
10-17 16:17:36.885  5886  6150 I BatteryMgr:DataCollectionService: stats => 1697552256884,160,4308,-41,0,99
