10-17 16:36:02.901  3957  4129 D WifiStateMachine: fetchRssiLinkSpeedAndFrequencyNative rssi=-47 linkspeed=433 freq=5240
10-17 16:36:02.901  3957  4129 V WifiConfigManager: Updating scan detail cache freq=5240 BSSID=f4:6d:2f:12:cc:88 RSSI=-46 for "ourhome"WPA_PSK
10-17 16:36:02.993 12256 12569 I BatteryMgr:DataCollectionService: stats => 1697553362993,-204,4308,-178,0,100
10-17 16:36:03.099 12256 12569 I BatteryMgr:DataCollectionService: stats => 1697553363099,-204,4308,-178,0,100
10-17 16:36:03.206 12256 12569 I BatteryMgr:DataCollectionService: stats => 1697553363206,-204,4308,-178,0,100
10-17 16:36:03.240  3957  8661 D BatteryService: !@BatteryListener : batteryPropertiesChanged!
10-17 16:36:03.313 12256 12569 I BatteryMgr:DataCollectionService: stats => 1697553363312,-204,4308,-178,0,100
10-17 16:36:03.419 12256 12569 I BatteryMgr:DataCollectionService: stats => 1697553363419,-204,4308,-178,0,100
10-17 16:36:03.528 12256 12569 I BatteryMgr:DataCollectionService: stats => 1697553363528,-204,4308,-178,0,100
10-17 16:36:03.549  3957  4129 D WifiStateMachine:  ConnectedState !CMD_RSSI_POLL rt=505376762/1215750926 81 0 "ourhome" f4:6d:2f:12:cc:88 rssi=-47 f=5240 sc=60 link=433 tx=1.9, 0.0, 0.0  rx=7.1 bcn=42129 [on:0 tx:0 rx:0 period:653] from screen [on:346340 period:1494730] score=60
10-17 16:36:03.550  3957  4129 D WifiStateMachine:  L2ConnectedState !CMD_RSSI_POLL rt=505376763/1215750928 81 0 "ourhome" f4:6d:2f:12:cc:88 rssi=-47 f=5240 sc=60 link=433 tx=1.9, 0.0, 0.0  rx=7.1 bcn=42129 [on:0 tx:0 rx:0 period:1] from screen [on:346340 period:1494731] score=60
10-17 16:36:03.551  3957  4129 D WifiStateMachine:  get link layer stats 3
10-17 16:36:03.551  3436  3436 I android.hardware.wifi@1.0-service: getLinkLayerStats
10-17 16:36:03.554  3957  4129 D WifiStateMachine: fetchRssiLinkSpeedAndFrequencyNative rssi=-47 linkspeed=433 freq=5240
10-17 16:36:03.554  3957  4129 V WifiConfigManager: Updating scan detail cache freq=5240 BSSID=f4:6d:2f:12:cc:88 RSSI=-46 for "ourhome"WPA_PSK
10-17 16:36:03.557  4340  4340 E SignalClusterView: setSlotFocusVisible : subId -2
10-17 16:36:03.557  4340  4340 E SignalClusterView: setSlotFocusVisible : subId -2
10-17 16:36:03.634 12256 12569 I BatteryMgr:DataCollectionService: stats => 1697553363634,-204,4308,-178,0,100
10-17 16:36:03.661  3957  4128 D WifiService: getConnectionInfo uid=1000
10-17 16:36:03.740 12256 12569 I BatteryMgr:DataCollectionService: stats => 1697553363740,-204,4308,-178,0,100
10-17 16:36:03.847 12256 12569 I BatteryMgr:DataCollectionService: stats => 1697553363847,-204,4308,-178,0,100
10-17 16:36:03.896  3957  4129 D WifiStateMachine:  ConnectedState !RSSI_PKTCNT_FETCH uid=1000 rt=505377109/1215751273 0 0 "ourhome" f4:6d:2f:12:cc:88 rssi=-47 f=5240 sc=60 link=433 tx=0.7, 0.0, 0.0  rx=14.7 bcn=42157 [on:0 tx:0 rx:0 period:340] from screen [on:346694 period:1495077] score=60
10-17 16:36:03.898  3957  4129 D WifiStateMachine:  L2ConnectedState !RSSI_PKTCNT_FETCH uid=1000 rt=505377111/1215751275 0 0 "ourhome" f4:6d:2f:12:cc:88 rssi=-47 f=5240 sc=60 link=433 tx=0.7, 0.0, 0.0  rx=14.7 bcn=42157 [on:0 tx:0 rx:0 period:2] from screen [on:346694 period:1495079] score=60
10-17 16:36:03.904  3957  4129 D WifiStateMachine: fetchRssiLinkSpeedAndFrequencyNative rssi=-47 linkspeed=433 freq=5240
10-17 16:36:03.904  3957  4129 V WifiConfigManager: Updating scan detail cache freq=5240 BSSID=f4:6d:2f:12:cc:88 RSSI=-46 for "ourhome"WPA_PSK
10-17 16:36:03.952 12256 12569 I BatteryMgr:DataCollectionService: stats => 1697553363952,-204,4308,-178,0,100
10-17 16:36:04.060 12256 12569 I BatteryMgr:DataCollectionService: stats => 1697553364060,-204,4308,-178,0,100
10-17 16:36:04.166 12256 12569 I BatteryMgr:DataCollectionService: stats => 1697553364166,-204,4308,-178,0,100
10-17 16:36:04.271 12256 12569 I BatteryMgr:DataCollectionService: stats => 1697553364271,-204,4308,-178,0,100
10-17 16:36:04.377 12256 12569 I BatteryMgr:DataCollectionService: stats => 1697553364377,-204,4308,-178,0,100
10-17 16:36:04.483 12256 12569 I BatteryMgr:DataCollectionService: stats => 1697553364483,-204,4308,-178,0,100
10-17 16:36:04.588 12256 12569 I BatteryMgr:DataCollectionService: stats => 1697553364588,-204,4308,-178,0,100
10-17 16:36:04.662  3957  4128 D WifiService: getConnectionInfo uid=1000
10-17 16:36:04.696 12256 12569 I BatteryMgr:DataCollectionService: stats => 1697553364696,-204,4308,-178,0,100
10-17 16:36:04.803 12256 12569 I BatteryMgr:DataCollectionService: stats => 1697553364803,-204,4308,-178,0,100
10-17 16:36:04.880 12301 12312 I zygote64: Background concurrent copying GC freed 184374(5MB) AllocSpace objects, 0(0B) LOS objects, 49% free, 5MB/10MB, paused 2.862ms total 198.906ms
10-17 16:36:04.897  3957  4129 D WifiStateMachine:  ConnectedState !RSSI_PKTCNT_FETCH uid=1000 rt=505378110/1215752274 0 0 "ourhome" f4:6d:2f:12:cc:88 rssi=-47 f=5240 sc=60 link=433 tx=0.7, 0.0, 0.0  rx=14.7 bcn=42157 [on:0 tx:0 rx:0 period:999] from screen [on:346694 period:1496078] score=60
10-17 16:36:04.898  3957  4129 D WifiStateMachine:  L2ConnectedState !RSSI_PKTCNT_FETCH uid=1000 rt=505378111/1215752275 0 0 "ourhome" f4:6d:2f:12:cc:88 rssi=-47 f=5240 sc=60 link=433 tx=0.7, 0.0, 0.0  rx=14.7 bcn=42157 [on:0 tx:0 rx:0 period:1] from screen [on:346694 period:1496079] score=60
10-17 16:36:04.899  3957  4129 D WifiStateMachine: fetchRssiLinkSpeedAndFrequencyNative rssi=-47 linkspeed=433 freq=5240
10-17 16:36:04.899  3957  4129 V WifiConfigManager: Updating scan detail cache freq=5240 BSSID=f4:6d:2f:12:cc:88 RSSI=-46 for "ourhome"WPA_PSK
10-17 16:36:04.910 12256 12569 I BatteryMgr:DataCollectionService: stats => 1697553364909,-204,4308,-178,0,100
10-17 16:36:05.014 12256 12569 I BatteryMgr:DataCollectionService: stats => 1697553365014,-204,4308,-178,0,100
10-17 16:36:05.123 12256 12569 I BatteryMgr:DataCollectionService: stats => 1697553365122,-204,4308,-178,0,100
10-17 16:36:05.230 12256 12569 I BatteryMgr:DataCollectionService: stats => 1697553365230,-204,4308,-178,0,100
10-17 16:36:05.336 12256 12569 I BatteryMgr:DataCollectionService: stats => 1697553365336,-204,4308,-178,0,100
10-17 16:36:05.442 12256 12569 I BatteryMgr:DataCollectionService: stats => 1697553365441,-204,4308,-178,0,100
10-17 16:36:05.547 12256 12569 I BatteryMgr:DataCollectionService: stats => 1697553365547,-204,4308,-178,0,100
10-17 16:36:05.653 12256 12569 I BatteryMgr:DataCollectionService: stats => 1697553365653,-204,4308,-178,0,100
10-17 16:36:05.665  3957  4128 D WifiService: getConnectionInfo uid=1000
10-17 16:36:05.759 12256 12569 I BatteryMgr:DataCollectionService: stats => 1697553365759,-204,4308,-178,0,100
10-17 16:36:05.867 12256 12569 I BatteryMgr:DataCollectionService: stats => 1697553365866,-204,4308,-178,0,100
10-17 16:36:05.899  3957  4129 D WifiStateMachine:  ConnectedState !RSSI_PKTCNT_FETCH uid=1000 rt=505379112/1215753276 0 0 "ourhome" f4:6d:2f:12:cc:88 rssi=-47 f=5240 sc=60 link=433 tx=0.7, 0.0, 0.0  rx=14.7 bcn=42157 [on:0 tx:0 rx:0 period:1001] from screen [on:346694 period:1497080] score=60
10-17 16:36:05.900  3957  4129 D WifiStateMachine:  L2ConnectedState !RSSI_PKTCNT_FETCH uid=1000 rt=505379113/1215753277 0 0 "ourhome" f4:6d:2f:12:cc:88 rssi=-47 f=5240 sc=60 link=433 tx=0.7, 0.0, 0.0  rx=14.7 bcn=42157 [on:0 tx:0 rx:0 period:1] from screen [on:346694 period:1497081] score=60
10-17 16:36:05.901  3957  4129 D WifiStateMachine: fetchRssiLinkSpeedAndFrequencyNative rssi=-47 linkspeed=433 freq=5240
10-17 16:36:05.901  3957  4129 V WifiConfigManager: Updating scan detail cache freq=5240 BSSID=f4:6d:2f:12:cc:88 RSSI=-46 for "ourhome"WPA_PSK
10-17 16:36:05.971 12256 12569 I BatteryMgr:DataCollectionService: stats => 1697553365971,-204,4308,-178,0,100
10-17 16:36:05.991  3957  4030 D SensorService: [SO] 0.168 -0.259 9.950
10-17 16:36:06.068  3957  6478 D SSRM:k  : SIOP:: AP = 420, PST = 356 (W:10), BAT = 236, USB = 0, CHG = 0
10-17 16:36:06.078 12256 12569 I BatteryMgr:DataCollectionService: stats => 1697553366078,-204,4308,-178,0,100
10-17 16:36:06.184 12256 12569 I BatteryMgr:DataCollectionService: stats => 1697553366184,-204,4308,-178,0,100
10-17 16:36:06.290 12256 12569 I BatteryMgr:DataCollectionService: stats => 1697553366290,-204,4308,-178,0,100
10-17 16:36:06.396 12256 12569 I BatteryMgr:DataCollectionService: stats => 1697553366396,-204,4308,-178,0,100
10-17 16:36:06.502 12256 12569 I BatteryMgr:DataCollectionService: stats => 1697553366502,-204,4308,-178,0,100
10-17 16:36:06.557  3957  4129 D WifiStateMachine:  ConnectedState !CMD_RSSI_POLL rt=505379769/1215753934 81 0 "ourhome" f4:6d:2f:12:cc:88 rssi=-47 f=5240 sc=60 link=433 tx=0.7, 0.0, 0.0  rx=14.7 bcn=42157 [on:0 tx:0 rx:0 period:657] from screen [on:346694 period:1497738] score=60
10-17 16:36:06.558  3957  4129 D WifiStateMachine:  L2ConnectedState !CMD_RSSI_POLL rt=505379771/1215753935 81 0 "ourhome" f4:6d:2f:12:cc:88 rssi=-47 f=5240 sc=60 link=433 tx=0.7, 0.0, 0.0  rx=14.7 bcn=42157 [on:0 tx:0 rx:0 period:1] from screen [on:346694 period:1497739] score=60
10-17 16:36:06.559  3957  4129 D WifiStateMachine:  get link layer stats 3
10-17 16:36:06.559  3436  3436 I android.hardware.wifi@1.0-service: getLinkLayerStats
10-17 16:36:06.574  3957  4129 D WifiStateMachine: fetchRssiLinkSpeedAndFrequencyNative rssi=-47 linkspeed=433 freq=5240
10-17 16:36:06.574  3957  4129 V WifiConfigManager: Updating scan detail cache freq=5240 BSSID=f4:6d:2f:12:cc:88 RSSI=-46 for "ourhome"WPA_PSK
10-17 16:36:06.577  4340  4340 E SignalClusterView: setSlotFocusVisible : subId -2
10-17 16:36:06.577  4340  4340 E SignalClusterView: setSlotFocusVisible : subId -2
10-17 16:36:06.609 12256 12569 I BatteryMgr:DataCollectionService: stats => 1697553366609,-204,4308,-178,0,100
10-17 16:36:06.650  4961  4961 D io_stats: !@ 179,0 r 7735488 248980104 w 1655576 34412868 d 133122 33969788 f 386220 407387 iot 3425252 2996115 th 51200 0 0 pt 0 inp 0 0 505379.864
10-17 16:36:06.666  3957  4128 D WifiService: getConnectionInfo uid=1000
10-17 16:36:06.715 12256 12569 I BatteryMgr:DataCollectionService: stats => 1697553366715,-204,4308,-178,0,100
10-17 16:36:06.820 12256 12569 I BatteryMgr:DataCollectionService: stats => 1697553366820,-204,4308,-178,0,100
10-17 16:36:06.900  3957  4129 D WifiStateMachine:  ConnectedState !RSSI_PKTCNT_FETCH uid=1000 rt=505380113/1215754277 0 0 "ourhome" f4:6d:2f:12:cc:88 rssi=-47 f=5240 sc=60 link=433 tx=2.8, 0.0, 0.0  rx=10.4 bcn=42186 [on:0 tx:0 rx:0 period:321] from screen [on:347921 period:1498081] score=60
10-17 16:36:06.902  3957  4129 D WifiStateMachine:  L2ConnectedState !RSSI_PKTCNT_FETCH uid=1000 rt=505380115/1215754279 0 0 "ourhome" f4:6d:2f:12:cc:88 rssi=-47 f=5240 sc=60 link=433 tx=2.8, 0.0, 0.0  rx=10.4 bcn=42186 [on:0 tx:0 rx:0 period:2] from screen [on:347921 period:1498083] score=60
10-17 16:36:06.908  3957  4129 D WifiStateMachine: fetchRssiLinkSpeedAndFrequencyNative rssi=-46 linkspeed=433 freq=5240
10-17 16:36:06.908  3957  4129 V WifiConfigManager: Updating scan detail cache freq=5240 BSSID=f4:6d:2f:12:cc:88 RSSI=-46 for "ourhome"WPA_PSK
10-17 16:36:06.927 12256 12569 I BatteryMgr:DataCollectionService: stats => 1697553366927,-204,4308,-178,0,100
10-17 16:36:07.033 12256 12569 I BatteryMgr:DataCollectionService: stats => 1697553367033,-204,4308,-178,0,100
10-17 16:36:07.064  2479  2548 D ScanRecord: Not a Multi Manu data
10-17 16:36:07.115  2479  2548 I chatty  : uid=1002(bluetooth) BT Service Call identical 102 lines
10-17 16:36:07.115  2479  2548 D ScanRecord: Not a Multi Manu data
10-17 16:36:07.138 12256 12569 I BatteryMgr:DataCollectionService: stats => 1697553367138,-204,4308,-178,0,100
10-17 16:36:07.139  2479  2548 D ScanRecord: Not a Multi Manu data
10-17 16:36:07.244  2479  2548 I chatty  : uid=1002(bluetooth) BT Service Call identical 180 lines
10-17 16:36:07.245  2479  2548 D ScanRecord: Not a Multi Manu data
10-17 16:36:07.245 12256 12569 I BatteryMgr:DataCollectionService: stats => 1697553367245,-204,4308,-178,0,100
10-17 16:36:07.248  2479  2548 D ScanRecord: Not a Multi Manu data
10-17 16:36:07.352  2479  2548 I chatty  : uid=1002(bluetooth) BT Service Call identical 219 lines
10-17 16:36:07.352  2479  2548 D ScanRecord: Not a Multi Manu data
10-17 16:36:07.352 12256 12569 I BatteryMgr:DataCollectionService: stats => 1697553367352,-204,4308,-178,0,100
10-17 16:36:07.358  2479  2548 D ScanRecord: Not a Multi Manu data
10-17 16:36:07.454  2479  2548 I chatty  : uid=1002(bluetooth) BT Service Call identical 219 lines
10-17 16:36:07.454  2479  2548 D ScanRecord: Not a Multi Manu data
10-17 16:36:07.458 12256 12569 I BatteryMgr:DataCollectionService: stats => 1697553367458,-204,4308,-178,0,100
10-17 16:36:07.468  2479  2548 D ScanRecord: Not a Multi Manu data
10-17 16:36:07.552  2479  2548 I chatty  : uid=1002(bluetooth) BT Service Call identical 167 lines
10-17 16:36:07.552  2479  2548 D ScanRecord: Not a Multi Manu data
10-17 16:36:07.566 12256 12569 I BatteryMgr:DataCollectionService: stats => 1697553367565,-204,4308,-178,0,100
10-17 16:36:07.668  3957  4128 D WifiService: getConnectionInfo uid=1000
10-17 16:36:07.671 12256 12569 I BatteryMgr:DataCollectionService: stats => 1697553367671,-204,4308,-178,0,100
10-17 16:36:07.777 12256 12569 I BatteryMgr:DataCollectionService: stats => 1697553367777,-204,4308,-178,0,100
10-17 16:36:07.882 12256 12569 I BatteryMgr:DataCollectionService: stats => 1697553367882,-204,4308,-178,0,100
10-17 16:36:07.901  3957  4129 D WifiStateMachine:  ConnectedState !RSSI_PKTCNT_FETCH uid=1000 rt=505381114/1215755278 0 0 "ourhome" f4:6d:2f:12:cc:88 rssi=-46 f=5240 sc=60 link=433 tx=2.8, 0.0, 0.0  rx=10.4 bcn=42186 [on:0 tx:0 rx:0 period:999] from screen [on:347921 period:1499082] score=60
10-17 16:36:07.903  3957  4129 D WifiStateMachine:  L2ConnectedState !RSSI_PKTCNT_FETCH uid=1000 rt=505381116/1215755280 0 0 "ourhome" f4:6d:2f:12:cc:88 rssi=-46 f=5240 sc=60 link=433 tx=2.8, 0.0, 0.0  rx=10.4 bcn=42186 [on:0 tx:0 rx:0 period:2] from screen [on:347921 period:1499084] score=60
10-17 16:36:07.909  3957  4129 D WifiStateMachine: fetchRssiLinkSpeedAndFrequencyNative rssi=-46 linkspeed=433 freq=5240
10-17 16:36:07.909  3957  4129 V WifiConfigManager: Updating scan detail cache freq=5240 BSSID=f4:6d:2f:12:cc:88 RSSI=-46 for "ourhome"WPA_PSK
10-17 16:36:07.987 12256 12569 I BatteryMgr:DataCollectionService: stats => 1697553367986,-204,4308,-178,0,100
10-17 16:36:08.094 12256 12569 I BatteryMgr:DataCollectionService: stats => 1697553368093,-204,4308,-178,0,100
10-17 16:36:08.199 12256 12569 I BatteryMgr:DataCollectionService: stats => 1697553368199,-204,4308,-178,0,100
10-17 16:36:08.306 12256 12569 I BatteryMgr:DataCollectionService: stats => 1697553368306,-204,4308,-178,0,100
10-17 16:36:08.411 12256 12569 I BatteryMgr:DataCollectionService: stats => 1697553368411,-204,4308,-178,0,100
10-17 16:36:08.519 12256 12569 I BatteryMgr:DataCollectionService: stats => 1697553368519,-204,4308,-178,0,100
10-17 16:36:08.623 12256 12569 I BatteryMgr:DataCollectionService: stats => 1697553368623,-204,4308,-178,0,100
10-17 16:36:08.670  3957  4128 D WifiService: getConnectionInfo uid=1000
10-17 16:36:08.730 12256 12569 I BatteryMgr:DataCollectionService: stats => 1697553368730,-204,4308,-178,0,100
10-17 16:36:08.837 12256 12569 I BatteryMgr:DataCollectionService: stats => 1697553368837,-204,4308,-178,0,100
10-17 16:36:08.902  3957  4129 D WifiStateMachine:  ConnectedState !RSSI_PKTCNT_FETCH uid=1000 rt=505382115/1215756279 0 0 "ourhome" f4:6d:2f:12:cc:88 rssi=-46 f=5240 sc=60 link=433 tx=2.8, 0.0, 0.0  rx=10.4 bcn=42186 [on:0 tx:0 rx:0 period:999] from screen [on:347921 period:1500083] score=60
10-17 16:36:08.903  3957  4129 D WifiStateMachine:  L2ConnectedState !RSSI_PKTCNT_FETCH uid=1000 rt=505382117/1215756281 0 0 "ourhome" f4:6d:2f:12:cc:88 rssi=-46 f=5240 sc=60 link=433 tx=2.8, 0.0, 0.0  rx=10.4 bcn=42186 [on:0 tx:0 rx:0 period:1] from screen [on:347921 period:1500084] score=60
10-17 16:36:08.909  3957  4129 D WifiStateMachine: fetchRssiLinkSpeedAndFrequencyNative rssi=-47 linkspeed=433 freq=5240
10-17 16:36:08.909  3957  4129 V WifiConfigManager: Updating scan detail cache freq=5240 BSSID=f4:6d:2f:12:cc:88 RSSI=-46 for "ourhome"WPA_PSK
10-17 16:36:08.945 12256 12569 I BatteryMgr:DataCollectionService: stats => 1697553368945,-204,4308,-178,0,100
10-17 16:36:09.052 12256 12569 I BatteryMgr:DataCollectionService: stats => 1697553369052,-204,4308,-178,0,100
10-17 16:36:09.159 12256 12569 I BatteryMgr:DataCollectionService: stats => 1697553369159,-204,4308,-178,0,100
10-17 16:36:09.268 12256 12569 I BatteryMgr:DataCollectionService: stats => 1697553369268,-204,4308,-178,0,100
10-17 16:36:09.373 12256 12569 I BatteryMgr:DataCollectionService: stats => 1697553369373,-204,4308,-178,0,100
10-17 16:36:09.479 12256 12569 I BatteryMgr:DataCollectionService: stats => 1697553369479,-204,4308,-178,0,100
10-17 16:36:09.578  3957  4129 D WifiStateMachine:  ConnectedState !CMD_RSSI_POLL rt=505382790/1215756955 81 0 "ourhome" f4:6d:2f:12:cc:88 rssi=-47 f=5240 sc=60 link=433 tx=2.8, 0.0, 0.0  rx=10.4 bcn=42186 [on:0 tx:0 rx:0 period:675] from screen [on:347921 period:1500759] score=60
10-17 16:36:09.581  3957  4129 D WifiStateMachine:  L2ConnectedState !CMD_RSSI_POLL rt=505382793/1215756957 81 0 "ourhome" f4:6d:2f:12:cc:88 rssi=-47 f=5240 sc=60 link=433 tx=2.8, 0.0, 0.0  rx=10.4 bcn=42186 [on:0 tx:0 rx:0 period:3] from screen [on:347921 period:1500762] score=60
10-17 16:36:09.582  3957  4129 D WifiStateMachine:  get link layer stats 3
10-17 16:36:09.582  3436  3436 I android.hardware.wifi@1.0-service: getLinkLayerStats
10-17 16:36:09.585 12256 12569 I BatteryMgr:DataCollectionService: stats => 1697553369585,-204,4308,-178,0,100
10-17 16:36:09.600  3957  4129 D WifiStateMachine: fetchRssiLinkSpeedAndFrequencyNative rssi=-47 linkspeed=433 freq=5240
10-17 16:36:09.600  3957  4129 V WifiConfigManager: Updating scan detail cache freq=5240 BSSID=f4:6d:2f:12:cc:88 RSSI=-46 for "ourhome"WPA_PSK
10-17 16:36:09.603  4340  4340 E SignalClusterView: setSlotFocusVisible : subId -2
10-17 16:36:09.603  4340  4340 E SignalClusterView: setSlotFocusVisible : subId -2
10-17 16:36:09.672  3957  4128 D WifiService: getConnectionInfo uid=1000
10-17 16:36:09.691 12256 12569 I BatteryMgr:DataCollectionService: stats => 1697553369690,-204,4308,-178,0,100
10-17 16:36:09.796 12256 12569 I BatteryMgr:DataCollectionService: stats => 1697553369796,-204,4308,-178,0,100
10-17 16:36:09.903  3957  4129 D WifiStateMachine:  ConnectedState !RSSI_PKTCNT_FETCH uid=1000 rt=505383116/1215757280 0 0 "ourhome" f4:6d:2f:12:cc:88 rssi=-47 f=5240 sc=60 link=433 tx=1.0, 0.0, 0.0  rx=4.4 bcn=42216 [on:0 tx:0 rx:0 period:300] from screen [on:348038 period:1501084] score=60
10-17 16:36:09.904 12256 12569 I BatteryMgr:DataCollectionService: stats => 1697553369904,-204,4308,-178,0,100
10-17 16:36:09.904  3957  4129 D WifiStateMachine:  L2ConnectedState !RSSI_PKTCNT_FETCH uid=1000 rt=505383117/1215757281 0 0 "ourhome" f4:6d:2f:12:cc:88 rssi=-47 f=5240 sc=60 link=433 tx=1.0, 0.0, 0.0  rx=4.4 bcn=42216 [on:0 tx:0 rx:0 period:1] from screen [on:348038 period:1501085] score=60
10-17 16:36:09.906  3957  4129 D WifiStateMachine: fetchRssiLinkSpeedAndFrequencyNative rssi=-46 linkspeed=433 freq=5240
10-17 16:36:09.906  3957  4129 V WifiConfigManager: Updating scan detail cache freq=5240 BSSID=f4:6d:2f:12:cc:88 RSSI=-46 for "ourhome"WPA_PSK
10-17 16:36:09.964 12385 12584 W CrashLoopRemedyLog: unable to delete remedy log, instaCrash: true
10-17 16:36:10.010 12256 12569 I BatteryMgr:DataCollectionService: stats => 1697553370009,-204,4308,-178,0,100
10-17 16:36:10.119 12256 12569 I BatteryMgr:DataCollectionService: stats => 1697553370119,-204,4308,-178,0,100
10-17 16:36:10.224 12256 12569 I BatteryMgr:DataCollectionService: stats => 1697553370224,-204,4308,-178,0,100
10-17 16:36:10.333 12256 12569 I BatteryMgr:DataCollectionService: stats => 1697553370333,-204,4308,-178,0,100
10-17 16:36:10.439 12256 12569 I BatteryMgr:DataCollectionService: stats => 1697553370439,-204,4308,-178,0,100
10-17 16:36:10.544 12256 12569 I BatteryMgr:DataCollectionService: stats => 1697553370544,-204,4308,-178,0,100
10-17 16:36:10.649 12256 12569 I BatteryMgr:DataCollectionService: stats => 1697553370649,-204,4308,-178,0,100
10-17 16:36:10.674  3957  4128 D WifiService: getConnectionInfo uid=1000
10-17 16:36:10.755 12256 12569 I BatteryMgr:DataCollectionService: stats => 1697553370754,-204,4308,-178,0,100
10-17 16:36:10.862 12256 12569 I BatteryMgr:DataCollectionService: stats => 1697553370861,-204,4308,-178,0,100
10-17 16:36:10.903  3957  4129 D WifiStateMachine:  ConnectedState !RSSI_PKTCNT_FETCH uid=1000 rt=505384116/1215758280 0 0 "ourhome" f4:6d:2f:12:cc:88 rssi=-46 f=5240 sc=60 link=433 tx=1.0, 0.0, 0.0  rx=4.4 bcn=42216 [on:0 tx:0 rx:0 period:999] from screen [on:348038 period:1502084] score=60
10-17 16:36:10.904  3957  4129 D WifiStateMachine:  L2ConnectedState !RSSI_PKTCNT_FETCH uid=1000 rt=505384117/1215758281 0 0 "ourhome" f4:6d:2f:12:cc:88 rssi=-46 f=5240 sc=60 link=433 tx=1.0, 0.0, 0.0  rx=4.4 bcn=42216 [on:0 tx:0 rx:0 period:1] from screen [on:348038 period:1502085] score=60
10-17 16:36:10.910  3957  4129 D WifiStateMachine: fetchRssiLinkSpeedAndFrequencyNative rssi=-46 linkspeed=433 freq=5240
10-17 16:36:10.910  3957  4129 V WifiConfigManager: Updating scan detail cache freq=5240 BSSID=f4:6d:2f:12:cc:88 RSSI=-46 for "ourhome"WPA_PSK
10-17 16:36:10.968 12256 12569 I BatteryMgr:DataCollectionService: stats => 1697553370968,-204,4308,-178,0,100
10-17 16:36:11.074 12256 12569 I BatteryMgr:DataCollectionService: stats => 1697553371074,-204,4308,-178,0,100
10-17 16:36:11.181 12256 12569 I BatteryMgr:DataCollectionService: stats => 1697553371181,-204,4308,-178,0,100
10-17 16:36:11.287 12256 12569 I BatteryMgr:DataCollectionService: stats => 1697553371287,-204,4308,-178,0,100
10-17 16:36:11.395 12256 12569 I BatteryMgr:DataCollectionService: stats => 1697553371394,-204,4308,-178,0,100
10-17 16:36:11.502 12256 12569 I BatteryMgr:DataCollectionService: stats => 1697553371502,-204,4308,-178,0,100
10-17 16:36:11.610 12256 12569 I BatteryMgr:DataCollectionService: stats => 1697553371610,-204,4308,-178,0,100
10-17 16:36:11.653  4961  4961 D io_stats: !@ 179,0 r 7735723 248985524 w 1655578 34412936 d 133123 33969856 f 386221 407388 iot 3425316 2996174 th 51200 0 0 pt 0 inp 0 0 505384.866
10-17 16:36:11.676  3957  4128 D WifiService: getConnectionInfo uid=1000
10-17 16:36:11.717 12256 12569 I BatteryMgr:DataCollectionService: stats => 1697553371717,-204,4308,-178,0,100
10-17 16:36:11.822 12256 12569 I BatteryMgr:DataCollectionService: stats => 1697553371822,-204,4308,-178,0,100
10-17 16:36:11.905  3957  4129 D WifiStateMachine:  ConnectedState !RSSI_PKTCNT_FETCH uid=1000 rt=505385118/1215759282 0 0 "ourhome" f4:6d:2f:12:cc:88 rssi=-46 f=5240 sc=60 link=433 tx=1.0, 0.0, 0.0  rx=4.4 bcn=42216 [on:0 tx:0 rx:0 period:1001] from screen [on:348038 period:1503086] score=60
10-17 16:36:11.906  3957  4129 D WifiStateMachine:  L2ConnectedState !RSSI_PKTCNT_FETCH uid=1000 rt=505385119/1215759283 0 0 "ourhome" f4:6d:2f:12:cc:88 rssi=-46 f=5240 sc=60 link=433 tx=1.0, 0.0, 0.0  rx=4.4 bcn=42216 [on:0 tx:0 rx:0 period:1] from screen [on:348038 period:1503087] score=60
10-17 16:36:11.908  3957  4129 D WifiStateMachine: fetchRssiLinkSpeedAndFrequencyNative rssi=-43 linkspeed=433 freq=5240
10-17 16:36:11.908  3957  4129 V WifiConfigManager: Updating scan detail cache freq=5240 BSSID=f4:6d:2f:12:cc:88 RSSI=-44 for "ourhome"WPA_PSK
10-17 16:36:11.927 12256 12569 I BatteryMgr:DataCollectionService: stats => 1697553371927,-204,4308,-178,0,100
10-17 16:36:12.036 12256 12569 I BatteryMgr:DataCollectionService: stats => 1697553372035,-204,4308,-178,0,100
10-17 16:36:12.070  2479  2548 D ScanRecord: Not a Multi Manu data
10-17 16:36:12.131  2479  2548 I chatty  : uid=1002(bluetooth) BT Service Call identical 63 lines
10-17 16:36:12.131  2479  2548 D ScanRecord: Not a Multi Manu data
10-17 16:36:12.141 12256 12569 I BatteryMgr:DataCollectionService: stats => 1697553372141,-204,4308,-178,0,100
10-17 16:36:12.148  2479  2548 D ScanRecord: Not a Multi Manu data
10-17 16:36:12.236  2479  2548 I chatty  : uid=1002(bluetooth) BT Service Call identical 193 lines
10-17 16:36:12.236  2479  2548 D ScanRecord: Not a Multi Manu data
10-17 16:36:12.247 12256 12569 I BatteryMgr:DataCollectionService: stats => 1697553372247,-204,4308,-178,0,100
10-17 16:36:12.248  2479  2548 D ScanRecord: Not a Multi Manu data
10-17 16:36:12.352  2479  2548 I chatty  : uid=1002(bluetooth) BT Service Call identical 141 lines
10-17 16:36:12.352  2479  2548 D ScanRecord: Not a Multi Manu data
10-17 16:36:12.354 12256 12569 I BatteryMgr:DataCollectionService: stats => 1697553372354,-204,4308,-178,0,100
10-17 16:36:12.363  2479  2548 D ScanRecord: Not a Multi Manu data
10-17 16:36:12.458  2479  2548 I chatty  : uid=1002(bluetooth) BT Service Call identical 219 lines
10-17 16:36:12.458  2479  2548 D ScanRecord: Not a Multi Manu data
10-17 16:36:12.460 12256 12569 I BatteryMgr:DataCollectionService: stats => 1697553372460,-204,4308,-178,0,100
10-17 16:36:12.463  2479  2548 D ScanRecord: Not a Multi Manu data
10-17 16:36:12.552  2479  2548 I chatty  : uid=1002(bluetooth) BT Service Call identical 89 lines
10-17 16:36:12.553  2479  2548 D ScanRecord: Not a Multi Manu data
10-17 16:36:12.566 12256 12569 I BatteryMgr:DataCollectionService: stats => 1697553372566,-204,4308,-178,0,100
10-17 16:36:12.603  3957  4129 D WifiStateMachine:  ConnectedState !CMD_RSSI_POLL rt=505385816/1215759980 81 0 "ourhome" f4:6d:2f:12:cc:88 rssi=-43 f=5240 sc=60 link=433 tx=1.0, 0.0, 0.0  rx=4.4 bcn=42216 [on:0 tx:0 rx:0 period:696] from screen [on:348038 period:1503783] score=60
10-17 16:36:12.604  3957  4129 D WifiStateMachine:  L2ConnectedState !CMD_RSSI_POLL rt=505385817/1215759981 81 0 "ourhome" f4:6d:2f:12:cc:88 rssi=-43 f=5240 sc=60 link=433 tx=1.0, 0.0, 0.0  rx=4.4 bcn=42216 [on:0 tx:0 rx:0 period:2] from screen [on:348038 period:1503785] score=60
10-17 16:36:12.604  3957  4129 D WifiStateMachine:  get link layer stats 3
10-17 16:36:12.604  3436  3436 I android.hardware.wifi@1.0-service: getLinkLayerStats
10-17 16:36:12.619  3957  4129 D WifiStateMachine: fetchRssiLinkSpeedAndFrequencyNative rssi=-43 linkspeed=433 freq=5240
10-17 16:36:12.620  3957  4129 V WifiConfigManager: Updating scan detail cache freq=5240 BSSID=f4:6d:2f:12:cc:88 RSSI=-43 for "ourhome"WPA_PSK
10-17 16:36:12.622  4340  4340 E SignalClusterView: setSlotFocusVisible : subId -2
10-17 16:36:12.622  4340  4340 E SignalClusterView: setSlotFocusVisible : subId -2
10-17 16:36:12.674 12256 12569 I BatteryMgr:DataCollectionService: stats => 1697553372673,-204,4308,-178,0,100
10-17 16:36:12.678  3957  4128 D WifiService: getConnectionInfo uid=1000
10-17 16:36:12.780 12256 12569 I BatteryMgr:DataCollectionService: stats => 1697553372780,-204,4308,-178,0,100
10-17 16:36:12.888 12256 12569 I BatteryMgr:DataCollectionService: stats => 1697553372888,-204,4308,-178,0,100
10-17 16:36:12.906  3957  4129 D WifiStateMachine:  ConnectedState !RSSI_PKTCNT_FETCH uid=1000 rt=505386118/1215760283 0 0 "ourhome" f4:6d:2f:12:cc:88 rssi=-43 f=5240 sc=60 link=433 tx=1.0, 0.0, 0.0  rx=2.3 bcn=42245 [on:0 tx:0 rx:0 period:284] from screen [on:348510 period:1504087] score=60
10-17 16:36:12.908  3957  4129 D WifiStateMachine:  L2ConnectedState !RSSI_PKTCNT_FETCH uid=1000 rt=505386121/1215760285 0 0 "ourhome" f4:6d:2f:12:cc:88 rssi=-43 f=5240 sc=60 link=433 tx=1.0, 0.0, 0.0  rx=2.3 bcn=42245 [on:0 tx:0 rx:0 period:2] from screen [on:348510 period:1504089] score=60
10-17 16:36:12.914  3957  4129 D WifiStateMachine: fetchRssiLinkSpeedAndFrequencyNative rssi=-43 linkspeed=433 freq=5240
10-17 16:36:12.914  3957  4129 V WifiConfigManager: Updating scan detail cache freq=5240 BSSID=f4:6d:2f:12:cc:88 RSSI=-43 for "ourhome"WPA_PSK
10-17 16:36:12.993 12256 12569 I BatteryMgr:DataCollectionService: stats => 1697553372993,-204,4308,-178,0,100
10-17 16:36:13.098 12256 12569 I BatteryMgr:DataCollectionService: stats => 1697553373098,-204,4308,-178,0,100
10-17 16:36:13.203 12256 12569 I BatteryMgr:DataCollectionService: stats => 1697553373203,-204,4308,-178,0,100
10-17 16:36:13.309 12256 12569 I BatteryMgr:DataCollectionService: stats => 1697553373309,-26,4308,-174,0,100
10-17 16:36:13.415 12256 12569 I BatteryMgr:DataCollectionService: stats => 1697553373415,-26,4308,-174,0,100
10-17 16:36:13.521 12256 12569 I BatteryMgr:DataCollectionService: stats => 1697553373521,-26,4308,-174,0,100
10-17 16:36:13.627 12256 12569 I BatteryMgr:DataCollectionService: stats => 1697553373627,-26,4308,-174,0,100
10-17 16:36:13.680  3957  4128 D WifiService: getConnectionInfo uid=1000
10-17 16:36:13.732 12256 12569 I BatteryMgr:DataCollectionService: stats => 1697553373732,-26,4308,-174,0,100
10-17 16:36:13.748  3957  8661 D BatteryService: !@BatteryListener : batteryPropertiesChanged!
10-17 16:36:13.838 12256 12569 I BatteryMgr:DataCollectionService: stats => 1697553373838,-26,4308,-174,0,100
10-17 16:36:13.907  3957  4129 D WifiStateMachine:  ConnectedState !RSSI_PKTCNT_FETCH uid=1000 rt=505387120/1215761284 0 0 "ourhome" f4:6d:2f:12:cc:88 rssi=-43 f=5240 sc=60 link=433 tx=1.0, 0.0, 0.0  rx=2.3 bcn=42245 [on:0 tx:0 rx:0 period:999] from screen [on:348510 period:1505088] score=60
10-17 16:36:13.909  3957  4129 D WifiStateMachine:  L2ConnectedState !RSSI_PKTCNT_FETCH uid=1000 rt=505387121/1215761285 0 0 "ourhome" f4:6d:2f:12:cc:88 rssi=-43 f=5240 sc=60 link=433 tx=1.0, 0.0, 0.0  rx=2.3 bcn=42245 [on:0 tx:0 rx:0 period:2] from screen [on:348510 period:1505090] score=60
10-17 16:36:13.914  3957  4129 D WifiStateMachine: fetchRssiLinkSpeedAndFrequencyNative rssi=-44 linkspeed=433 freq=5240
10-17 16:36:13.914  3957  4129 V WifiConfigManager: Updating scan detail cache freq=5240 BSSID=f4:6d:2f:12:cc:88 RSSI=-43 for "ourhome"WPA_PSK
10-17 16:36:13.945 12256 12569 I BatteryMgr:DataCollectionService: stats => 1697553373945,-26,4308,-174,0,100
10-17 16:36:14.051 12256 12569 I BatteryMgr:DataCollectionService: stats => 1697553374051,-26,4308,-174,0,100
10-17 16:36:14.157 12256 12569 I BatteryMgr:DataCollectionService: stats => 1697553374157,-26,4308,-174,0,100
10-17 16:36:14.262 12256 12569 I BatteryMgr:DataCollectionService: stats => 1697553374262,-26,4308,-174,0,100
10-17 16:36:14.368 12256 12569 I BatteryMgr:DataCollectionService: stats => 1697553374368,-26,4308,-174,0,100
10-17 16:36:14.476 12256 12569 I BatteryMgr:DataCollectionService: stats => 1697553374476,-26,4308,-174,0,100
10-17 16:36:14.582 12256 12569 I BatteryMgr:DataCollectionService: stats => 1697553374582,-26,4308,-174,0,100
10-17 16:36:14.682  3957  4128 D WifiService: getConnectionInfo uid=1000
10-17 16:36:14.689 12256 12569 I BatteryMgr:DataCollectionService: stats => 1697553374689,-26,4308,-174,0,100
10-17 16:36:14.794 12256 12569 I BatteryMgr:DataCollectionService: stats => 1697553374794,-26,4308,-174,0,100
10-17 16:36:14.902 12256 12569 I BatteryMgr:DataCollectionService: stats => 1697553374902,-26,4308,-174,0,100
10-17 16:36:14.908  3957  4129 D WifiStateMachine:  ConnectedState !RSSI_PKTCNT_FETCH uid=1000 rt=505388121/1215762285 0 0 "ourhome" f4:6d:2f:12:cc:88 rssi=-44 f=5240 sc=60 link=433 tx=1.0, 0.0, 0.0  rx=2.3 bcn=42245 [on:0 tx:0 rx:0 period:999] from screen [on:348510 period:1506089] score=60
10-17 16:36:14.909  3957  4129 D WifiStateMachine:  L2ConnectedState !RSSI_PKTCNT_FETCH uid=1000 rt=505388122/1215762286 0 0 "ourhome" f4:6d:2f:12:cc:88 rssi=-44 f=5240 sc=60 link=433 tx=1.0, 0.0, 0.0  rx=2.3 bcn=42245 [on:0 tx:0 rx:0 period:1] from screen [on:348510 period:1506090] score=60
10-17 16:36:14.910  3957  4129 D WifiStateMachine: fetchRssiLinkSpeedAndFrequencyNative rssi=-47 linkspeed=433 freq=5240
10-17 16:36:14.910  3957  4129 V WifiConfigManager: Updating scan detail cache freq=5240 BSSID=f4:6d:2f:12:cc:88 RSSI=-45 for "ourhome"WPA_PSK
10-17 16:36:15.009 12256 12569 I BatteryMgr:DataCollectionService: stats => 1697553375009,-26,4308,-174,0,100
10-17 16:36:15.118 12256 12569 I BatteryMgr:DataCollectionService: stats => 1697553375117,-26,4308,-174,0,100
10-17 16:36:15.224 12256 12569 I BatteryMgr:DataCollectionService: stats => 1697553375224,-26,4308,-174,0,100
10-17 16:36:15.331 12256 12569 I BatteryMgr:DataCollectionService: stats => 1697553375331,-26,4308,-174,0,100
10-17 16:36:15.438 12256 12569 I BatteryMgr:DataCollectionService: stats => 1697553375438,-26,4308,-174,0,100
10-17 16:36:15.544 12256 12569 I BatteryMgr:DataCollectionService: stats => 1697553375544,-26,4308,-174,0,100
10-17 16:36:15.623  3957  4129 D WifiStateMachine:  ConnectedState !CMD_RSSI_POLL rt=505388835/1215763000 81 0 "ourhome" f4:6d:2f:12:cc:88 rssi=-47 f=5240 sc=60 link=433 tx=1.0, 0.0, 0.0  rx=2.3 bcn=42245 [on:0 tx:0 rx:0 period:714] from screen [on:348510 period:1506804] score=60
10-17 16:36:15.624  3957  4129 D WifiStateMachine:  L2ConnectedState !CMD_RSSI_POLL rt=505388837/1215763001 81 0 "ourhome" f4:6d:2f:12:cc:88 rssi=-47 f=5240 sc=60 link=433 tx=1.0, 0.0, 0.0  rx=2.3 bcn=42245 [on:0 tx:0 rx:0 period:1] from screen [on:348510 period:1506805] score=60
10-17 16:36:15.624  3957  4129 D WifiStateMachine:  get link layer stats 3
10-17 16:36:15.625  3436  3436 I android.hardware.wifi@1.0-service: getLinkLayerStats
10-17 16:36:15.628  3957  4129 D WifiStateMachine: fetchRssiLinkSpeedAndFrequencyNative rssi=-49 linkspeed=433 freq=5240
10-17 16:36:15.628  3957  4129 V WifiConfigManager: Updating scan detail cache freq=5240 BSSID=f4:6d:2f:12:cc:88 RSSI=-47 for "ourhome"WPA_PSK
10-17 16:36:15.630  4340  4340 E SignalClusterView: setSlotFocusVisible : subId -2
10-17 16:36:15.630  4340  4340 E SignalClusterView: setSlotFocusVisible : subId -2
10-17 16:36:15.644  3957  4306 D WifiConnectivityMonitor:  [|225] []
10-17 16:36:15.651 12256 12569 I BatteryMgr:DataCollectionService: stats => 1697553375651,-26,4308,-174,0,100
10-17 16:36:15.684  3957  4128 D WifiService: getConnectionInfo uid=1000
10-17 16:36:15.757 12256 12569 I BatteryMgr:DataCollectionService: stats => 1697553375757,-26,4308,-174,0,100
10-17 16:36:15.865 12256 12569 I BatteryMgr:DataCollectionService: stats => 1697553375864,-26,4308,-174,0,100
10-17 16:36:15.909  3957  4129 D WifiStateMachine:  ConnectedState !RSSI_PKTCNT_FETCH uid=1000 rt=505389122/1215763286 0 0 "ourhome" f4:6d:2f:12:cc:88 rssi=-49 f=5240 sc=60 link=433 tx=2.9, 0.0, 0.0  rx=4.6 bcn=42273 [on:0 tx:0 rx:0 period:279] from screen [on:349154 period:1507090] score=60
10-17 16:36:15.911  3957  4129 D WifiStateMachine:  L2ConnectedState !RSSI_PKTCNT_FETCH uid=1000 rt=505389123/1215763288 0 0 "ourhome" f4:6d:2f:12:cc:88 rssi=-49 f=5240 sc=60 link=433 tx=2.9, 0.0, 0.0  rx=4.6 bcn=42273 [on:0 tx:0 rx:0 period:1] from screen [on:349154 period:1507091] score=60
10-17 16:36:15.912  3957  4129 D WifiStateMachine: fetchRssiLinkSpeedAndFrequencyNative rssi=-48 linkspeed=433 freq=5240
10-17 16:36:15.912  3957  4129 V WifiConfigManager: Updating scan detail cache freq=5240 BSSID=f4:6d:2f:12:cc:88 RSSI=-47 for "ourhome"WPA_PSK
10-17 16:36:15.973 12256 12569 I BatteryMgr:DataCollectionService: stats => 1697553375972,-26,4308,-174,0,100
10-17 16:36:15.991  3957  4030 D SensorService: [SO] 0.153 -0.283 9.955
10-17 16:36:16.079 12256 12569 I BatteryMgr:DataCollectionService: stats => 1697553376079,-26,4308,-174,0,100
10-17 16:36:16.089  3957  6478 D SSRM:k  : SIOP:: AP = 420, PST = 366 (W:10), BAT = 236, USB = 0, CHG = 0
10-17 16:36:16.186 12256 12569 I BatteryMgr:DataCollectionService: stats => 1697553376186,-26,4308,-174,0,100
10-17 16:36:16.294 12256 12569 I BatteryMgr:DataCollectionService: stats => 1697553376294,-26,4308,-174,0,100
10-17 16:36:16.399 12256 12569 I BatteryMgr:DataCollectionService: stats => 1697553376399,-26,4308,-174,0,100
10-17 16:36:16.507 12256 12569 I BatteryMgr:DataCollectionService: stats => 1697553376507,-26,4308,-174,0,100
10-17 16:36:16.614 12256 12569 I BatteryMgr:DataCollectionService: stats => 1697553376614,-26,4308,-174,0,100
10-17 16:36:16.656  4961  4961 D io_stats: !@ 179,0 r 7736360 248992316 w 1655585 34413084 d 133123 33969856 f 386222 407389 iot 3425508 2996319 th 51200 0 0 pt 0 inp 0 0 505389.869
10-17 16:36:16.686  3957  4128 D WifiService: getConnectionInfo uid=1000
10-17 16:36:16.719 12256 12569 I BatteryMgr:DataCollectionService: stats => 1697553376719,-26,4308,-174,0,100
10-17 16:36:16.756 12301 12312 I zygote64: Background concurrent copying GC freed 157438(4MB) AllocSpace objects, 0(0B) LOS objects, 50% free, 6MB/13MB, paused 2.952ms total 240.549ms
10-17 16:36:16.825 12256 12569 I BatteryMgr:DataCollectionService: stats => 1697553376824,-26,4308,-174,0,100
10-17 16:36:16.910  3957  4129 D WifiStateMachine:  ConnectedState !RSSI_PKTCNT_FETCH uid=1000 rt=505390123/1215764288 0 0 "ourhome" f4:6d:2f:12:cc:88 rssi=-48 f=5240 sc=60 link=433 tx=2.9, 0.0, 0.0  rx=4.6 bcn=42273 [on:0 tx:0 rx:0 period:1000] from screen [on:349154 period:1508091] score=60
10-17 16:36:16.911  3957  4129 D WifiStateMachine:  L2ConnectedState !RSSI_PKTCNT_FETCH uid=1000 rt=505390125/1215764289 0 0 "ourhome" f4:6d:2f:12:cc:88 rssi=-48 f=5240 sc=60 link=433 tx=2.9, 0.0, 0.0  rx=4.6 bcn=42273 [on:0 tx:0 rx:0 period:1] from screen [on:349154 period:1508092] score=60
10-17 16:36:16.917  3957  4129 D WifiStateMachine: fetchRssiLinkSpeedAndFrequencyNative rssi=-49 linkspeed=433 freq=5240
10-17 16:36:16.917  3957  4129 V WifiConfigManager: Updating scan detail cache freq=5240 BSSID=f4:6d:2f:12:cc:88 RSSI=-48 for "ourhome"WPA_PSK
10-17 16:36:16.929 12256 12569 I BatteryMgr:DataCollectionService: stats => 1697553376929,-26,4308,-174,0,100
10-17 16:36:17.036 12256 12569 I BatteryMgr:DataCollectionService: stats => 1697553377036,-26,4308,-174,0,100
10-17 16:36:17.063  2479  2548 D ScanRecord: Not a Multi Manu data
10-17 16:36:17.137  2479  2548 I chatty  : uid=1002(bluetooth) BT Service Call identical 89 lines
10-17 16:36:17.137  2479  2548 D ScanRecord: Not a Multi Manu data
10-17 16:36:17.143 12256 12569 I BatteryMgr:DataCollectionService: stats => 1697553377142,-26,4308,-174,0,100
10-17 16:36:17.149  2479  2548 D ScanRecord: Not a Multi Manu data
10-17 16:36:17.247  2479  2548 I chatty  : uid=1002(bluetooth) BT Service Call identical 115 lines
10-17 16:36:17.247  2479  2548 D ScanRecord: Not a Multi Manu data
10-17 16:36:17.248 12256 12569 I BatteryMgr:DataCollectionService: stats => 1697553377248,-26,4308,-174,0,100
10-17 16:36:17.249  2479  2548 D ScanRecord: Not a Multi Manu data
10-17 16:36:17.324  2479  2548 I chatty  : uid=1002(bluetooth) BT Service Call identical 193 lines
10-17 16:36:17.325  2479  2548 D ScanRecord: Not a Multi Manu data
10-17 16:36:17.358 12256 12569 I BatteryMgr:DataCollectionService: stats => 1697553377358,-26,4308,-174,0,100
10-17 16:36:17.360  2479  2548 D ScanRecord: Not a Multi Manu data
10-17 16:36:17.437  2479  2548 I chatty  : uid=1002(bluetooth) BT Service Call identical 76 lines
10-17 16:36:17.438  2479  2548 D ScanRecord: Not a Multi Manu data
10-17 16:36:17.464 12256 12569 I BatteryMgr:DataCollectionService: stats => 1697553377464,-26,4308,-174,0,100
10-17 16:36:17.465  2479  2548 D ScanRecord: Not a Multi Manu data
10-17 16:36:17.550  2479  2548 I chatty  : uid=1002(bluetooth) BT Service Call identical 76 lines
10-17 16:36:17.550  2479  2548 D ScanRecord: Not a Multi Manu data
10-17 16:36:17.577 12256 12569 I BatteryMgr:DataCollectionService: stats => 1697553377576,-26,4308,-174,0,100
10-17 16:36:17.682 12256 12569 I BatteryMgr:DataCollectionService: stats => 1697553377682,-26,4308,-174,0,100
10-17 16:36:17.688  3957  4128 D WifiService: getConnectionInfo uid=1000
10-17 16:36:17.788 12256 12569 I BatteryMgr:DataCollectionService: stats => 1697553377788,-26,4308,-174,0,100
10-17 16:36:17.895 12256 12569 I BatteryMgr:DataCollectionService: stats => 1697553377895,-26,4308,-174,0,100
10-17 16:36:17.911  3957  4129 D WifiStateMachine:  ConnectedState !RSSI_PKTCNT_FETCH uid=1000 rt=505391124/1215765288 0 0 "ourhome" f4:6d:2f:12:cc:88 rssi=-49 f=5240 sc=60 link=433 tx=2.9, 0.0, 0.0  rx=4.6 bcn=42273 [on:0 tx:0 rx:0 period:1000] from screen [on:349154 period:1509092] score=60
10-17 16:36:17.913  3957  4129 D WifiStateMachine:  L2ConnectedState !RSSI_PKTCNT_FETCH uid=1000 rt=505391126/1215765290 0 0 "ourhome" f4:6d:2f:12:cc:88 rssi=-49 f=5240 sc=60 link=433 tx=2.9, 0.0, 0.0  rx=4.6 bcn=42273 [on:0 tx:0 rx:0 period:2] from screen [on:349154 period:1509094] score=60
10-17 16:36:17.918  3957  4129 D WifiStateMachine: fetchRssiLinkSpeedAndFrequencyNative rssi=-50 linkspeed=433 freq=5240
10-17 16:36:17.918  3957  4129 V WifiConfigManager: Updating scan detail cache freq=5240 BSSID=f4:6d:2f:12:cc:88 RSSI=-49 for "ourhome"WPA_PSK
10-17 16:36:17.999 12256 12569 I BatteryMgr:DataCollectionService: stats => 1697553377999,-26,4308,-174,0,100
10-17 16:36:18.109 12256 12569 I BatteryMgr:DataCollectionService: stats => 1697553378108,-26,4308,-174,0,100
10-17 16:36:18.216 12256 12569 I BatteryMgr:DataCollectionService: stats => 1697553378215,-26,4308,-174,0,100
10-17 16:36:18.324 12256 12569 I BatteryMgr:DataCollectionService: stats => 1697553378323,-26,4308,-174,0,100
10-17 16:36:18.432 12256 12569 I BatteryMgr:DataCollectionService: stats => 1697553378432,-26,4308,-174,0,100
10-17 16:36:18.539 12256 12569 I BatteryMgr:DataCollectionService: stats => 1697553378539,-26,4308,-174,0,100
10-17 16:36:18.630  3957  4129 D WifiStateMachine:  ConnectedState !CMD_RSSI_POLL rt=505391843/1215766007 81 0 "ourhome" f4:6d:2f:12:cc:88 rssi=-50 f=5240 sc=60 link=433 tx=2.9, 0.0, 0.0  rx=4.6 bcn=42273 [on:0 tx:0 rx:0 period:717] from screen [on:349154 period:1509811] score=60
10-17 16:36:18.631  3957  4129 D WifiStateMachine:  L2ConnectedState !CMD_RSSI_POLL rt=505391844/1215766008 81 0 "ourhome" f4:6d:2f:12:cc:88 rssi=-50 f=5240 sc=60 link=433 tx=2.9, 0.0, 0.0  rx=4.6 bcn=42273 [on:0 tx:0 rx:0 period:1] from screen [on:349154 period:1509812] score=60
10-17 16:36:18.631  3957  4129 D WifiStateMachine:  get link layer stats 3
10-17 16:36:18.631  3436  3436 I android.hardware.wifi@1.0-service: getLinkLayerStats
10-17 16:36:18.645 12256 12569 I BatteryMgr:DataCollectionService: stats => 1697553378645,-26,4308,-174,0,100
10-17 16:36:18.649  3957  4129 D WifiStateMachine: fetchRssiLinkSpeedAndFrequencyNative rssi=-49 linkspeed=433 freq=5240
10-17 16:36:18.649  3957  4129 V WifiConfigManager: Updating scan detail cache freq=5240 BSSID=f4:6d:2f:12:cc:88 RSSI=-49 for "ourhome"WPA_PSK
10-17 16:36:18.652  4340  4340 E SignalClusterView: setSlotFocusVisible : subId -2
10-17 16:36:18.652  4340  4340 E SignalClusterView: setSlotFocusVisible : subId -2
10-17 16:36:18.689  3957  4128 D WifiService: getConnectionInfo uid=1000
10-17 16:36:18.749 12256 12569 I BatteryMgr:DataCollectionService: stats => 1697553378749,-26,4308,-174,0,100
10-17 16:36:18.861 12256 12569 I BatteryMgr:DataCollectionService: stats => 1697553378860,-26,4308,-174,0,100
10-17 16:36:18.912  3957  4129 D WifiStateMachine:  ConnectedState !RSSI_PKTCNT_FETCH uid=1000 rt=505392125/1215766289 0 0 "ourhome" f4:6d:2f:12:cc:88 rssi=-49 f=5240 sc=60 link=433 tx=3.6, 1.9, 0.0  rx=23.3 bcn=42299 [on:0 tx:0 rx:0 period:258] from screen [on:350475 period:1510093] score=60
10-17 16:36:18.914  3957  4129 D WifiStateMachine:  L2ConnectedState !RSSI_PKTCNT_FETCH uid=1000 rt=505392127/1215766291 0 0 "ourhome" f4:6d:2f:12:cc:88 rssi=-49 f=5240 sc=60 link=433 tx=3.6, 1.9, 0.0  rx=23.3 bcn=42299 [on:0 tx:0 rx:0 period:2] from screen [on:350475 period:1510095] score=60
10-17 16:36:18.920  3957  4129 D WifiStateMachine: fetchRssiLinkSpeedAndFrequencyNative rssi=-49 linkspeed=433 freq=5240
10-17 16:36:18.921  3957  4129 V WifiConfigManager: Updating scan detail cache freq=5240 BSSID=f4:6d:2f:12:cc:88 RSSI=-49 for "ourhome"WPA_PSK
10-17 16:36:18.966 12256 12569 I BatteryMgr:DataCollectionService: stats => 1697553378966,-26,4308,-174,0,100
10-17 16:36:19.073 12256 12569 I BatteryMgr:DataCollectionService: stats => 1697553379073,-26,4308,-174,0,100
10-17 16:36:19.178 12256 12569 I BatteryMgr:DataCollectionService: stats => 1697553379178,-26,4308,-174,0,100
10-17 16:36:19.254  2350  2350 D BoundBrokerSvc: onUnbind: Intent { act=com.google.android.gms.udc.service.START dat=chimera-action: cmp=com.google.android.gms/.chimera.PersistentApiService }
10-17 16:36:19.283 12256 12569 I BatteryMgr:DataCollectionService: stats => 1697553379283,-26,4308,-174,0,100
10-17 16:36:19.392 12256 12569 I BatteryMgr:DataCollectionService: stats => 1697553379392,-26,4308,-174,0,100
10-17 16:36:19.497 12256 12569 I BatteryMgr:DataCollectionService: stats => 1697553379497,-26,4308,-174,0,100
10-17 16:36:19.603 12256 12569 I BatteryMgr:DataCollectionService: stats => 1697553379603,-26,4308,-174,0,100
10-17 16:36:19.692  3957  4128 D WifiService: getConnectionInfo uid=1000
10-17 16:36:19.712 12256 12569 I BatteryMgr:DataCollectionService: stats => 1697553379711,-26,4308,-174,0,100
10-17 16:36:19.816 12256 12569 I BatteryMgr:DataCollectionService: stats => 1697553379816,-26,4308,-174,0,100
10-17 16:36:19.914  3957  4129 D WifiStateMachine:  ConnectedState !RSSI_PKTCNT_FETCH uid=1000 rt=505393126/1215767291 0 0 "ourhome" f4:6d:2f:12:cc:88 rssi=-49 f=5240 sc=60 link=433 tx=3.6, 1.9, 0.0  rx=23.3 bcn=42299 [on:0 tx:0 rx:0 period:1000] from screen [on:350475 period:1511095] score=60
10-17 16:36:19.915  3957  4129 D WifiStateMachine:  L2ConnectedState !RSSI_PKTCNT_FETCH uid=1000 rt=505393128/1215767292 0 0 "ourhome" f4:6d:2f:12:cc:88 rssi=-49 f=5240 sc=60 link=433 tx=3.6, 1.9, 0.0  rx=23.3 bcn=42299 [on:0 tx:0 rx:0 period:1] from screen [on:350475 period:1511096] score=60
10-17 16:36:19.921  3957  4129 D WifiStateMachine: fetchRssiLinkSpeedAndFrequencyNative rssi=-48 linkspeed=433 freq=5240
10-17 16:36:19.921  3957  4129 V WifiConfigManager: Updating scan detail cache freq=5240 BSSID=f4:6d:2f:12:cc:88 RSSI=-48 for "ourhome"WPA_PSK
10-17 16:36:19.922 12256 12569 I BatteryMgr:DataCollectionService: stats => 1697553379921,-26,4308,-174,0,100
10-17 16:36:20.029 12256 12569 I BatteryMgr:DataCollectionService: stats => 1697553380028,-26,4308,-174,0,100
10-17 16:36:20.134 12256 12569 I BatteryMgr:DataCollectionService: stats => 1697553380134,-26,4308,-174,0,100
10-17 16:36:20.241 12256 12569 I BatteryMgr:DataCollectionService: stats => 1697553380241,-26,4308,-174,0,100
10-17 16:36:20.346 12256 12569 I BatteryMgr:DataCollectionService: stats => 1697553380346,-26,4308,-174,0,100
10-17 16:36:20.452 12256 12569 I BatteryMgr:DataCollectionService: stats => 1697553380452,-26,4308,-174,0,100
10-17 16:36:20.560 12256 12569 I BatteryMgr:DataCollectionService: stats => 1697553380560,-26,4308,-174,0,100
10-17 16:36:20.665 12256 12569 I BatteryMgr:DataCollectionService: stats => 1697553380665,-26,4308,-174,0,100
10-17 16:36:20.694  3957  4128 D WifiService: getConnectionInfo uid=1000
10-17 16:36:20.772 12256 12569 I BatteryMgr:DataCollectionService: stats => 1697553380772,-26,4308,-174,0,100
10-17 16:36:20.878 12256 12569 I BatteryMgr:DataCollectionService: stats => 1697553380878,-26,4308,-174,0,100
10-17 16:36:20.915  3957  4129 D WifiStateMachine:  ConnectedState !RSSI_PKTCNT_FETCH uid=1000 rt=505394128/1215768292 0 0 "ourhome" f4:6d:2f:12:cc:88 rssi=-48 f=5240 sc=60 link=433 tx=3.6, 1.9, 0.0  rx=23.3 bcn=42299 [on:0 tx:0 rx:0 period:1000] from screen [on:350475 period:1512096] score=60
10-17 16:36:20.916  3957  4129 D WifiStateMachine:  L2ConnectedState !RSSI_PKTCNT_FETCH uid=1000 rt=505394129/1215768293 0 0 "ourhome" f4:6d:2f:12:cc:88 rssi=-48 f=5240 sc=60 link=433 tx=3.6, 1.9, 0.0  rx=23.3 bcn=42299 [on:0 tx:0 rx:0 period:1] from screen [on:350475 period:1512097] score=60
10-17 16:36:20.917  3957  4129 D WifiStateMachine: fetchRssiLinkSpeedAndFrequencyNative rssi=-48 linkspeed=433 freq=5240
10-17 16:36:20.918  3957  4129 V WifiConfigManager: Updating scan detail cache freq=5240 BSSID=f4:6d:2f:12:cc:88 RSSI=-48 for "ourhome"WPA_PSK
10-17 16:36:20.984 12256 12569 I BatteryMgr:DataCollectionService: stats => 1697553380983,-26,4308,-174,0,100
10-17 16:36:21.091 12256 12569 I BatteryMgr:DataCollectionService: stats => 1697553381091,-26,4308,-174,0,100
10-17 16:36:21.197 12256 12569 I BatteryMgr:DataCollectionService: stats => 1697553381197,-26,4308,-174,0,100
10-17 16:36:21.302 12256 12569 I BatteryMgr:DataCollectionService: stats => 1697553381302,-26,4308,-174,0,100
10-17 16:36:21.411 12256 12569 I BatteryMgr:DataCollectionService: stats => 1697553381411,-26,4308,-174,0,100
10-17 16:36:21.516 12256 12569 I BatteryMgr:DataCollectionService: stats => 1697553381516,-26,4308,-174,0,100
10-17 16:36:21.621 12256 12569 I BatteryMgr:DataCollectionService: stats => 1697553381621,-26,4308,-174,0,100
10-17 16:36:21.652  3957  4129 D WifiStateMachine:  ConnectedState !CMD_RSSI_POLL rt=505394865/1215769029 81 0 "ourhome" f4:6d:2f:12:cc:88 rssi=-48 f=5240 sc=60 link=433 tx=3.6, 1.9, 0.0  rx=23.3 bcn=42299 [on:0 tx:0 rx:0 period:736] from screen [on:350475 period:1512833] score=60
10-17 16:36:21.653  3957  4129 D WifiStateMachine:  L2ConnectedState !CMD_RSSI_POLL rt=505394866/1215769030 81 0 "ourhome" f4:6d:2f:12:cc:88 rssi=-48 f=5240 sc=60 link=433 tx=3.6, 1.9, 0.0  rx=23.3 bcn=42299 [on:0 tx:0 rx:0 period:1] from screen [on:350475 period:1512834] score=60
10-17 16:36:21.653  3957  4129 D WifiStateMachine:  get link layer stats 3
10-17 16:36:21.654  3436  3436 I android.hardware.wifi@1.0-service: getLinkLayerStats
10-17 16:36:21.658  4961  4961 D io_stats: !@ 179,0 r 7736442 248993988 w 1655591 34413164 d 133124 33969924 f 386223 407390 iot 3425536 2996344 th 51200 0 0 pt 0 inp 0 0 505394.871
10-17 16:36:21.672  3957  4129 D WifiStateMachine: fetchRssiLinkSpeedAndFrequencyNative rssi=-48 linkspeed=433 freq=5240
10-17 16:36:21.673  3957  4129 V WifiConfigManager: Updating scan detail cache freq=5240 BSSID=f4:6d:2f:12:cc:88 RSSI=-48 for "ourhome"WPA_PSK
10-17 16:36:21.676  4340  4340 E SignalClusterView: setSlotFocusVisible : subId -2
10-17 16:36:21.676  4340  4340 E SignalClusterView: setSlotFocusVisible : subId -2
