10-15 22:35:58.846 32267 32539 I BatteryMgr:DataCollectionService: stats => 1697402158846,177,4250,179,0,100
10-15 22:35:58.955 32267 32539 I BatteryMgr:DataCollectionService: stats => 1697402158955,177,4250,179,0,100
10-15 22:35:59.066 32267 32539 I BatteryMgr:DataCollectionService: stats => 1697402159066,177,4250,179,0,100
10-15 22:35:59.176 32267 32539 I BatteryMgr:DataCollectionService: stats => 1697402159176,177,4250,179,0,100
10-15 22:35:59.218  3957  4128 D WifiService: getConnectionInfo uid=1000
10-15 22:35:59.285 32267 32539 I BatteryMgr:DataCollectionService: stats => 1697402159285,177,4250,179,0,100
10-15 22:35:59.341  3957  4129 D WifiStateMachine:  ConnectedState !RSSI_PKTCNT_FETCH uid=1000 rt=404148489/1064546717 0 0 "ourhome" f4:6d:2f:12:cc:88 rssi=-47 f=5240 sc=60 link=433 tx=5.6, 1.8, 0.0  rx=7.4 bcn=69854 [on:0 tx:0 rx:0 period:996] from screen [on:338550 period:2326316] score=60
10-15 22:35:59.343  3957  4129 D WifiStateMachine:  L2ConnectedState !RSSI_PKTCNT_FETCH uid=1000 rt=404148492/1064546720 0 0 "ourhome" f4:6d:2f:12:cc:88 rssi=-47 f=5240 sc=60 link=433 tx=5.6, 1.8, 0.0  rx=7.4 bcn=69854 [on:0 tx:0 rx:0 period:3] from screen [on:338550 period:2326319] score=60
10-15 22:35:59.350  3957  4129 D WifiStateMachine: fetchRssiLinkSpeedAndFrequencyNative rssi=-46 linkspeed=433 freq=5240
10-15 22:35:59.394 32267 32539 I BatteryMgr:DataCollectionService: stats => 1697402159394,177,4250,179,0,100
10-15 22:35:59.502 32267 32539 I BatteryMgr:DataCollectionService: stats => 1697402159502,177,4250,179,0,100
10-15 22:35:59.612 32267 32539 I BatteryMgr:DataCollectionService: stats => 1697402159612,177,4250,179,0,100
10-15 22:35:59.680 19438 19556 D ScanRecord: Not a Multi Manu data
10-15 22:35:59.712 19438 19556 I chatty  : uid=1002(bluetooth) BT Service Call identical 63 lines
10-15 22:35:59.712 19438 19556 D ScanRecord: Not a Multi Manu data
10-15 22:35:59.720 32267 32539 I BatteryMgr:DataCollectionService: stats => 1697402159720,164,4250,165,0,100
10-15 22:35:59.727 19438 19556 D ScanRecord: Not a Multi Manu data
10-15 22:35:59.818 19438 19556 I chatty  : uid=1002(bluetooth) BT Service Call identical 128 lines
10-15 22:35:59.818 19438 19556 D ScanRecord: Not a Multi Manu data
10-15 22:35:59.829 32267 32539 I BatteryMgr:DataCollectionService: stats => 1697402159829,164,4250,165,0,100
10-15 22:35:59.843 19438 19556 D ScanRecord: Not a Multi Manu data
10-15 22:35:59.940 19438 19556 I chatty  : uid=1002(bluetooth) BT Service Call identical 178 lines
10-15 22:35:59.940 19438 19556 D ScanRecord: Not a Multi Manu data
10-15 22:35:59.940 32267 32539 I BatteryMgr:DataCollectionService: stats => 1697402159938,164,4250,165,0,100
10-15 22:35:59.940 19438 19556 D ScanRecord: Not a Multi Manu data
10-15 22:35:59.999  3957  4045 D SamsungAlarmManager: Expired : 8
10-15 22:36:00.000  3957  4045 V SamsungAlarmManager: Sending to uid : 1000 action=android.intent.action.TIME_TICK alarm=Alarm{f018355 type 3 when 1064547378 android}
10-15 22:36:00.001 19438 19556 I chatty  : uid=1002(bluetooth) BT Service Call identical 130 lines
10-15 22:36:00.001 19438 19556 D ScanRecord: Not a Multi Manu data
10-15 22:36:00.001  3957  4045 V SamsungAlarmManager: Sending to uid : 10074 action=com.samsung.action.EVERY_MINUTE_CLOCK_UPDATE alarm=Alarm{a46165b type 1 when 1697402160000 com.sec.android.app.launcher}
10-15 22:36:00.003 14518 14518 I Launcher: onReceive: com.samsung.action.EVERY_MINUTE_CLOCK_UPDATE
10-15 22:36:00.003  3957  3957 D SamsungAlarmManager: setExact Intent (T:3/F:1/AC:false) 20231015T223659 - CU:1000/CP:3957
10-15 22:36:00.004  3957  3957 I SamsungAlarmManager: setLocked to kernel - T:3 / 20231015T223659, SetElapsed=1064607378, nowELAPSED=1064547382
10-15 22:36:00.005  4340  4340 D KeyguardUpdateMonitor: received broadcast android.intent.action.TIME_TICK
10-15 22:36:00.006  4340  4340 D KeyguardServiceBoxContainer: refreshTime() 1
10-15 22:36:00.008 19438 19556 D ScanRecord: Not a Multi Manu data
10-15 22:36:00.009 19438 19556 I chatty  : uid=1002(bluetooth) BT Service Call identical 11 lines
10-15 22:36:00.009 19438 19556 D ScanRecord: Not a Multi Manu data
10-15 22:36:00.009  3957  8322 D SamsungAlarmManager: setInexact Intent (T:1/F:0/AC:false) 20231015T223700 - CU:10074/CP:14518
10-15 22:36:00.009 14518 14518 I IconView: applyFromShortcutInfo - start GetLive : com.samsung.android.calendar
10-15 22:36:00.009 14518 14518 I IconView: applyFromShortcutInfo - end GetLive : com.samsung.android.calendar
10-15 22:36:00.010 14518 14518 I IconView: applyFromApplicationInfo - start GetLive : com.sec.android.app.clockpackage
10-15 22:36:00.013 19438 19556 D ScanRecord: Not a Multi Manu data
10-15 22:36:00.013 14518 14518 D ApplicationPackageManager: we has com.sec.android.app.clockpackage class. reuse it 
10-15 22:36:00.014 19438 19556 I chatty  : uid=1002(bluetooth) BT Service Call expire 11 lines
10-15 22:36:00.014 19438 19556 D ScanRecord: Not a Multi Manu data
10-15 22:36:00.014 14518 14518 D LiveIconLoader: getLiveIcon was called in ClockPackage
10-15 22:36:00.018 14518 14518 D LiveIconLoader: getLiveIcon res = com.sec.android.app.clockpackage
10-15 22:36:00.019 14518 14518 D LiveIconLoader: stdIconSize : 84 , targetIconSize : 94
10-15 22:36:00.019 14518 14518 D LiveIconLoader: mIconDpi : 320 , mTargetIconDpi : 280
10-15 22:36:00.020  4340  4340 D KeyguardUpdateMonitor: handleStatusBarState( false )
10-15 22:36:00.025 19438 19556 D ScanRecord: Not a Multi Manu data
10-15 22:36:00.029 19438 19556 I chatty  : uid=1002(bluetooth) BT Service Call identical 37 lines
10-15 22:36:00.029 19438 19556 D ScanRecord: Not a Multi Manu data
10-15 22:36:00.030 14518 14518 I ApplicationPackageManager: load= live icon for com.sec.android.app.clockpackage, from overlay = false
10-15 22:36:00.034 19438 19556 D ScanRecord: Not a Multi Manu data
10-15 22:36:00.034 19438 19556 I chatty  : uid=1002(bluetooth) BT Service Call identical 11 lines
10-15 22:36:00.034 19438 19556 D ScanRecord: Not a Multi Manu data
10-15 22:36:00.034 14518 14518 I LiveIconManager: getLiveIcon: complete(sync_created)
10-15 22:36:00.034 14518 14518 I IconView: applyFromApplicationInfo - end GetLive : com.sec.android.app.clockpackage
10-15 22:36:00.035 14518 14518 I IconView: applyFromApplicationInfo - start GetLive : com.samsung.android.calendar
10-15 22:36:00.035 14518 14518 I IconView: applyFromApplicationInfo - end GetLive : com.samsung.android.calendar
10-15 22:36:00.035 19438 19556 D ScanRecord: Not a Multi Manu data
10-15 22:36:00.042 19438 19556 I chatty  : uid=1002(bluetooth) BT Service Call identical 37 lines
10-15 22:36:00.042 19438 19556 D ScanRecord: Not a Multi Manu data
10-15 22:36:00.045  3957  4129 D WifiStateMachine:  ConnectedState !CMD_RSSI_POLL rt=404149195/1064547422 52 0 "ourhome" f4:6d:2f:12:cc:88 rssi=-46 f=5240 sc=60 link=433 tx=5.6, 1.8, 0.0  rx=7.4 bcn=69854 [on:0 tx:0 rx:0 period:701] from screen [on:338550 period:2327020] score=60
10-15 22:36:00.045 32267 32539 I BatteryMgr:DataCollectionService: stats => 1697402160045,164,4250,165,0,100
10-15 22:36:00.046  3957  4129 D WifiStateMachine:  L2ConnectedState !CMD_RSSI_POLL rt=404149196/1064547423 52 0 "ourhome" f4:6d:2f:12:cc:88 rssi=-46 f=5240 sc=60 link=433 tx=5.6, 1.8, 0.0  rx=7.4 bcn=69854 [on:0 tx:0 rx:0 period:2] from screen [on:338550 period:2327022] score=60
10-15 22:36:00.046  3957  4129 D WifiStateMachine:  get link layer stats 3
10-15 22:36:00.046 19438 19556 D ScanRecord: Not a Multi Manu data
10-15 22:36:00.046  3436  3436 I android.hardware.wifi@1.0-service: getLinkLayerStats
10-15 22:36:00.051 19438 19556 I chatty  : uid=1002(bluetooth) BT Service Call identical 22 lines
10-15 22:36:00.051 19438 19556 D ScanRecord: Not a Multi Manu data
10-15 22:36:00.051  3957  4129 D WifiStateMachine: fetchRssiLinkSpeedAndFrequencyNative rssi=-45 linkspeed=433 freq=5240
10-15 22:36:00.051 19438 19556 D ScanRecord: Not a Multi Manu data
10-15 22:36:00.051 19438 19556 D ScanRecord: Not a Multi Manu data
10-15 22:36:00.055  4340  4340 D KeyguardUpdateMonitor: handleStatusBarState( false )
10-15 22:36:00.058  4340  4340 E SignalClusterView: setSlotFocusVisible : subId -2
10-15 22:36:00.058  4340  4340 E SignalClusterView: setSlotFocusVisible : subId -2
10-15 22:36:00.059 19438 19556 D ScanRecord: Not a Multi Manu data
10-15 22:36:00.137 19438 19556 I chatty  : uid=1002(bluetooth) BT Service Call identical 206 lines
10-15 22:36:00.137 19438 19556 D ScanRecord: Not a Multi Manu data
10-15 22:36:00.147  3957 14957 D BatteryService: !@BatteryListener : batteryPropertiesChanged!
10-15 22:36:00.150 32267 32539 I BatteryMgr:DataCollectionService: stats => 1697402160150,164,4250,165,0,100
10-15 22:36:00.152 19438 19556 D ScanRecord: Not a Multi Manu data
10-15 22:36:00.175 19438 19556 I chatty  : uid=1002(bluetooth) BT Service Call identical 37 lines
10-15 22:36:00.175 19438 19556 D ScanRecord: Not a Multi Manu data
10-15 22:36:00.221  3957  4128 D WifiService: getConnectionInfo uid=1000
10-15 22:36:00.257 32267 32539 I BatteryMgr:DataCollectionService: stats => 1697402160257,164,4250,165,0,100
10-15 22:36:00.340  3957  4129 D WifiStateMachine:  ConnectedState !RSSI_PKTCNT_FETCH uid=1000 rt=404149489/1064547716 0 0 "ourhome" f4:6d:2f:12:cc:88 rssi=-45 f=5240 sc=60 link=433 tx=2.1, 0.7, 0.0  rx=6.5 bcn=69878 [on:0 tx:0 rx:0 period:286] from screen [on:338981 period:2327316] score=60
10-15 22:36:00.342  3957  4129 D WifiStateMachine:  L2ConnectedState !RSSI_PKTCNT_FETCH uid=1000 rt=404149492/1064547719 0 0 "ourhome" f4:6d:2f:12:cc:88 rssi=-45 f=5240 sc=60 link=433 tx=2.1, 0.7, 0.0  rx=6.5 bcn=69878 [on:0 tx:0 rx:0 period:2] from screen [on:338981 period:2327318] score=60
10-15 22:36:00.348  3957  4129 D WifiStateMachine: fetchRssiLinkSpeedAndFrequencyNative rssi=-46 linkspeed=433 freq=5240
10-15 22:36:00.363 32267 32539 I BatteryMgr:DataCollectionService: stats => 1697402160363,164,4250,165,0,100
10-15 22:36:00.385  3957  4030 D SensorService: [SO] 0.091 -0.129 9.960
10-15 22:36:00.471 32267 32539 I BatteryMgr:DataCollectionService: stats => 1697402160471,164,4250,165,0,100
10-15 22:36:00.576 32267 32539 I BatteryMgr:DataCollectionService: stats => 1697402160576,164,4250,165,0,100
10-15 22:36:00.637  4961  4961 D io_stats: !@ 179,0 r 5338169 165673704 w 1293187 28092048 d 102212 31670920 f 299328 315999 iot 2373076 2096804 th 51200 0 0 pt 0 inp 0 0 404149.787
10-15 22:36:00.682 32267 32539 I BatteryMgr:DataCollectionService: stats => 1697402160682,164,4250,165,0,100
10-15 22:36:00.776  3957  6478 D SSRM:k  : SIOP:: AP = 370, PST = 353 (W:26), BAT = 297, USB = 0, CHG = 0
10-15 22:36:00.790 32267 32539 I BatteryMgr:DataCollectionService: stats => 1697402160790,164,4250,165,0,100
10-15 22:36:00.895 32267 32539 I BatteryMgr:DataCollectionService: stats => 1697402160895,164,4250,165,0,100
10-15 22:36:01.004 32267 32539 I BatteryMgr:DataCollectionService: stats => 1697402161004,164,4250,165,0,100
10-15 22:36:01.115 32267 32539 I BatteryMgr:DataCollectionService: stats => 1697402161115,164,4250,165,0,100
10-15 22:36:01.223  3957  4128 D WifiService: getConnectionInfo uid=1000
10-15 22:36:01.227 32267 32539 I BatteryMgr:DataCollectionService: stats => 1697402161227,164,4250,165,0,100
10-15 22:36:01.338 32267 32539 I BatteryMgr:DataCollectionService: stats => 1697402161338,164,4250,165,0,100
10-15 22:36:01.341  3957  4129 D WifiStateMachine:  ConnectedState !RSSI_PKTCNT_FETCH uid=1000 rt=404150490/1064548717 0 0 "ourhome" f4:6d:2f:12:cc:88 rssi=-46 f=5240 sc=60 link=433 tx=2.1, 0.7, 0.0  rx=6.5 bcn=69878 [on:0 tx:0 rx:0 period:999] from screen [on:338981 period:2328317] score=60
10-15 22:36:01.345  3957  4129 D WifiStateMachine:  L2ConnectedState !RSSI_PKTCNT_FETCH uid=1000 rt=404150492/1064548720 0 0 "ourhome" f4:6d:2f:12:cc:88 rssi=-46 f=5240 sc=60 link=433 tx=2.1, 0.7, 0.0  rx=6.5 bcn=69878 [on:0 tx:0 rx:0 period:4] from screen [on:338981 period:2328321] score=60
10-15 22:36:01.352  3957  4129 D WifiStateMachine: fetchRssiLinkSpeedAndFrequencyNative rssi=-45 linkspeed=433 freq=5240
10-15 22:36:01.447 32267 32539 I BatteryMgr:DataCollectionService: stats => 1697402161447,164,4250,165,0,100
10-15 22:36:01.557 32267 32539 I BatteryMgr:DataCollectionService: stats => 1697402161557,164,4250,165,0,100
10-15 22:36:01.664 32267 32539 I BatteryMgr:DataCollectionService: stats => 1697402161664,164,4250,165,0,100
10-15 22:36:01.773 32267 32539 I BatteryMgr:DataCollectionService: stats => 1697402161773,164,4250,165,0,100
10-15 22:36:01.878 32267 32539 I BatteryMgr:DataCollectionService: stats => 1697402161878,164,4250,165,0,100
10-15 22:36:01.986 32267 32539 I BatteryMgr:DataCollectionService: stats => 1697402161986,164,4250,165,0,100
10-15 22:36:02.094 32267 32539 I BatteryMgr:DataCollectionService: stats => 1697402162094,164,4250,165,0,100
10-15 22:36:02.203 32267 32539 I BatteryMgr:DataCollectionService: stats => 1697402162202,164,4250,165,0,100
10-15 22:36:02.226  3957  4128 D WifiService: getConnectionInfo uid=1000
10-15 22:36:02.311 32267 32539 I BatteryMgr:DataCollectionService: stats => 1697402162311,164,4250,165,0,100
10-15 22:36:02.342  3957  4129 D WifiStateMachine:  ConnectedState !RSSI_PKTCNT_FETCH uid=1000 rt=404151491/1064549719 0 0 "ourhome" f4:6d:2f:12:cc:88 rssi=-45 f=5240 sc=60 link=433 tx=2.1, 0.7, 0.0  rx=6.5 bcn=69878 [on:0 tx:0 rx:0 period:997] from screen [on:338981 period:2329318] score=60
10-15 22:36:02.344  3957  4129 D WifiStateMachine:  L2ConnectedState !RSSI_PKTCNT_FETCH uid=1000 rt=404151493/1064549721 0 0 "ourhome" f4:6d:2f:12:cc:88 rssi=-45 f=5240 sc=60 link=433 tx=2.1, 0.7, 0.0  rx=6.5 bcn=69878 [on:0 tx:0 rx:0 period:2] from screen [on:338981 period:2329320] score=60
10-15 22:36:02.351  3957  4129 D WifiStateMachine: fetchRssiLinkSpeedAndFrequencyNative rssi=-44 linkspeed=433 freq=5240
10-15 22:36:02.420 32267 32539 I BatteryMgr:DataCollectionService: stats => 1697402162420,164,4250,165,0,100
10-15 22:36:02.528 32267 32539 I BatteryMgr:DataCollectionService: stats => 1697402162528,164,4250,165,0,100
10-15 22:36:02.637 32267 32539 I BatteryMgr:DataCollectionService: stats => 1697402162637,164,4250,165,0,100
10-15 22:36:02.743 32267 32539 I BatteryMgr:DataCollectionService: stats => 1697402162743,164,4250,165,0,100
10-15 22:36:02.853 32267 32539 I BatteryMgr:DataCollectionService: stats => 1697402162853,164,4250,165,0,100
10-15 22:36:02.961 32267 32539 I BatteryMgr:DataCollectionService: stats => 1697402162961,164,4250,165,0,100
10-15 22:36:03.055  3957  4129 D WifiStateMachine:  ConnectedState !CMD_RSSI_POLL rt=404152203/1064550431 52 0 "ourhome" f4:6d:2f:12:cc:88 rssi=-44 f=5240 sc=60 link=433 tx=2.1, 0.7, 0.0  rx=6.5 bcn=69878 [on:0 tx:0 rx:0 period:710] from screen [on:338981 period:2330030] score=60
10-15 22:36:03.057  3957  4129 D WifiStateMachine:  L2ConnectedState !CMD_RSSI_POLL rt=404152206/1064550433 52 0 "ourhome" f4:6d:2f:12:cc:88 rssi=-44 f=5240 sc=60 link=433 tx=2.1, 0.7, 0.0  rx=6.5 bcn=69878 [on:0 tx:0 rx:0 period:2] from screen [on:338981 period:2330032] score=60
10-15 22:36:03.057  3957  4129 D WifiStateMachine:  get link layer stats 3
10-15 22:36:03.058  3436  3436 I android.hardware.wifi@1.0-service: getLinkLayerStats
10-15 22:36:03.075 32267 32539 I BatteryMgr:DataCollectionService: stats => 1697402163074,164,4250,165,0,100
10-15 22:36:03.080  3957  4129 D WifiStateMachine: fetchRssiLinkSpeedAndFrequencyNative rssi=-44 linkspeed=433 freq=5240
10-15 22:36:03.086  4340  4340 E SignalClusterView: setSlotFocusVisible : subId -2
10-15 22:36:03.086  4340  4340 E SignalClusterView: setSlotFocusVisible : subId -2
10-15 22:36:03.183 32267 32539 I BatteryMgr:DataCollectionService: stats => 1697402163183,164,4250,165,0,100
10-15 22:36:03.229  3957  4128 D WifiService: getConnectionInfo uid=1000
10-15 22:36:03.292 32267 32539 I BatteryMgr:DataCollectionService: stats => 1697402163292,164,4250,165,0,100
10-15 22:36:03.343  3957  4129 D WifiStateMachine:  ConnectedState !RSSI_PKTCNT_FETCH uid=1000 rt=404152492/1064550720 0 0 "ourhome" f4:6d:2f:12:cc:88 rssi=-44 f=5240 sc=60 link=433 tx=0.8, 0.2, 0.0  rx=3.0 bcn=69904 [on:0 tx:0 rx:0 period:259] from screen [on:339056 period:2330319] score=60
10-15 22:36:03.345  3957  4129 D WifiStateMachine:  L2ConnectedState !RSSI_PKTCNT_FETCH uid=1000 rt=404152494/1064550722 0 0 "ourhome" f4:6d:2f:12:cc:88 rssi=-44 f=5240 sc=60 link=433 tx=0.8, 0.2, 0.0  rx=3.0 bcn=69904 [on:0 tx:0 rx:0 period:2] from screen [on:339056 period:2330321] score=60
10-15 22:36:03.352  3957  4129 D WifiStateMachine: fetchRssiLinkSpeedAndFrequencyNative rssi=-44 linkspeed=433 freq=5240
10-15 22:36:03.401 32267 32539 I BatteryMgr:DataCollectionService: stats => 1697402163401,164,4250,165,0,100
10-15 22:36:03.506 32267 32539 I BatteryMgr:DataCollectionService: stats => 1697402163506,164,4250,165,0,100
10-15 22:36:03.611 32267 32539 I BatteryMgr:DataCollectionService: stats => 1697402163611,164,4250,165,0,100
10-15 22:36:03.716 32267 32539 I BatteryMgr:DataCollectionService: stats => 1697402163716,164,4250,165,0,100
10-15 22:36:03.824 32267 32539 I BatteryMgr:DataCollectionService: stats => 1697402163824,164,4250,165,0,100
10-15 22:36:03.932 32267 32539 I BatteryMgr:DataCollectionService: stats => 1697402163932,164,4250,165,0,100
10-15 22:36:04.041 32267 32539 I BatteryMgr:DataCollectionService: stats => 1697402164041,164,4250,165,0,100
10-15 22:36:04.125  4340  4731 D NetworkController.MobileSignalController(0/-2): onSignalStrengthsChanged signalStrength=SignalStrength: 24 99 -24 -200 -24 -200 -1 99 2147483647 2147483647 2147483647 2147483647 0 2147483647 0x4 P gsm|lte level=4
10-15 22:36:04.125  4340  4731 D NetworkController.MobileSignalController(0/-2): getMobileIconGroup(): 0
10-15 22:36:04.149 32267 32539 I BatteryMgr:DataCollectionService: stats => 1697402164148,164,4250,165,0,100
10-15 22:36:04.231  3957  4128 D WifiService: getConnectionInfo uid=1000
10-15 22:36:04.259 32267 32539 I BatteryMgr:DataCollectionService: stats => 1697402164259,164,4250,165,0,100
10-15 22:36:04.345  3957  4129 D WifiStateMachine:  ConnectedState !RSSI_PKTCNT_FETCH uid=1000 rt=404153494/1064551721 0 0 "ourhome" f4:6d:2f:12:cc:88 rssi=-44 f=5240 sc=60 link=433 tx=0.8, 0.2, 0.0  rx=3.0 bcn=69904 [on:0 tx:0 rx:0 period:999] from screen [on:339056 period:2331320] score=60
10-15 22:36:04.347  3957  4129 D WifiStateMachine:  L2ConnectedState !RSSI_PKTCNT_FETCH uid=1000 rt=404153496/1064551723 0 0 "ourhome" f4:6d:2f:12:cc:88 rssi=-44 f=5240 sc=60 link=433 tx=0.8, 0.2, 0.0  rx=3.0 bcn=69904 [on:0 tx:0 rx:0 period:2] from screen [on:339056 period:2331322] score=60
10-15 22:36:04.353  3957  4129 D WifiStateMachine: fetchRssiLinkSpeedAndFrequencyNative rssi=-45 linkspeed=433 freq=5240
10-15 22:36:04.367 32267 32539 I BatteryMgr:DataCollectionService: stats => 1697402164367,164,4250,165,0,100
10-15 22:36:04.476 32267 32539 I BatteryMgr:DataCollectionService: stats => 1697402164476,164,4250,165,0,100
10-15 22:36:04.584 32267 32539 I BatteryMgr:DataCollectionService: stats => 1697402164584,164,4250,165,0,100
10-15 22:36:04.688 19438 19556 D ScanRecord: Not a Multi Manu data
10-15 22:36:04.696 19438 19556 I chatty  : uid=1002(bluetooth) BT Service Call identical 22 lines
10-15 22:36:04.696 19438 19556 D ScanRecord: Not a Multi Manu data
10-15 22:36:04.696 32267 32539 I BatteryMgr:DataCollectionService: stats => 1697402164696,164,4250,165,0,100
10-15 22:36:04.696 19438 19556 D ScanRecord: Not a Multi Manu data
10-15 22:36:04.748 19438 19556 I chatty  : uid=1002(bluetooth) BT Service Call identical 104 lines
10-15 22:36:04.749 19438 19556 D ScanRecord: Not a Multi Manu data
10-15 22:36:04.803 32267 32539 I BatteryMgr:DataCollectionService: stats => 1697402164803,164,4250,165,0,100
10-15 22:36:04.812 19438 19556 D ScanRecord: Not a Multi Manu data
10-15 22:36:04.907 19438 19556 I chatty  : uid=1002(bluetooth) BT Service Call identical 76 lines
10-15 22:36:04.907 19438 19556 D ScanRecord: Not a Multi Manu data
10-15 22:36:04.910 32267 32539 I BatteryMgr:DataCollectionService: stats => 1697402164910,164,4250,165,0,100
10-15 22:36:04.913 19438 19556 D ScanRecord: Not a Multi Manu data
10-15 22:36:05.007 19438 19556 I chatty  : uid=1002(bluetooth) BT Service Call identical 154 lines
10-15 22:36:05.007 19438 19556 D ScanRecord: Not a Multi Manu data
10-15 22:36:05.017 32267 32539 I BatteryMgr:DataCollectionService: stats => 1697402165017,164,4250,165,0,100
10-15 22:36:05.032 19438 19556 D ScanRecord: Not a Multi Manu data
10-15 22:36:05.114 19438 19556 I chatty  : uid=1002(bluetooth) BT Service Call identical 76 lines
10-15 22:36:05.115 19438 19556 D ScanRecord: Not a Multi Manu data
10-15 22:36:05.126 32267 32539 I BatteryMgr:DataCollectionService: stats => 1697402165125,164,4250,165,0,100
10-15 22:36:05.137 19438 19556 D ScanRecord: Not a Multi Manu data
10-15 22:36:05.171 19438 19556 I chatty  : uid=1002(bluetooth) BT Service Call identical 50 lines
10-15 22:36:05.171 19438 19556 D ScanRecord: Not a Multi Manu data
10-15 22:36:05.234  3957  4128 D WifiService: getConnectionInfo uid=1000
10-15 22:36:05.234 32267 32539 I BatteryMgr:DataCollectionService: stats => 1697402165234,164,4250,165,0,100
10-15 22:36:05.342 32267 32539 I BatteryMgr:DataCollectionService: stats => 1697402165342,164,4250,165,0,100
10-15 22:36:05.346  3957  4129 D WifiStateMachine:  ConnectedState !RSSI_PKTCNT_FETCH uid=1000 rt=404154495/1064552722 0 0 "ourhome" f4:6d:2f:12:cc:88 rssi=-45 f=5240 sc=60 link=433 tx=0.8, 0.2, 0.0  rx=3.0 bcn=69904 [on:0 tx:0 rx:0 period:1000] from screen [on:339056 period:2332322] score=60
10-15 22:36:05.348  3957  4129 D WifiStateMachine:  L2ConnectedState !RSSI_PKTCNT_FETCH uid=1000 rt=404154497/1064552725 0 0 "ourhome" f4:6d:2f:12:cc:88 rssi=-45 f=5240 sc=60 link=433 tx=0.8, 0.2, 0.0  rx=3.0 bcn=69904 [on:0 tx:0 rx:0 period:1] from screen [on:339056 period:2332323] score=60
10-15 22:36:05.353  3957  4129 D WifiStateMachine: fetchRssiLinkSpeedAndFrequencyNative rssi=-43 linkspeed=433 freq=5240
10-15 22:36:05.450 32267 32539 I BatteryMgr:DataCollectionService: stats => 1697402165450,164,4250,165,0,100
10-15 22:36:05.559 32267 32539 I BatteryMgr:DataCollectionService: stats => 1697402165558,164,4250,165,0,100
10-15 22:36:05.640  4961  4961 D io_stats: !@ 179,0 r 5338185 165674280 w 1293203 28092252 d 102213 31670988 f 299329 316000 iot 2373092 2096819 th 51200 0 0 pt 0 inp 0 0 404154.790
10-15 22:36:05.666 32267 32539 I BatteryMgr:DataCollectionService: stats => 1697402165666,164,4250,165,0,100
10-15 22:36:05.775 32267 32539 I BatteryMgr:DataCollectionService: stats => 1697402165775,164,4250,165,0,100
10-15 22:36:05.881 32267 32539 I BatteryMgr:DataCollectionService: stats => 1697402165881,164,4250,165,0,100
10-15 22:36:05.989 32267 32539 I BatteryMgr:DataCollectionService: stats => 1697402165989,164,4250,165,0,100
10-15 22:36:06.083  3957  4129 D WifiStateMachine:  ConnectedState !CMD_RSSI_POLL rt=404155233/1064553460 52 0 "ourhome" f4:6d:2f:12:cc:88 rssi=-43 f=5240 sc=60 link=433 tx=0.8, 0.2, 0.0  rx=3.0 bcn=69904 [on:0 tx:0 rx:0 period:736] from screen [on:339056 period:2333059] score=60
10-15 22:36:06.087  3957  4129 D WifiStateMachine:  L2ConnectedState !CMD_RSSI_POLL rt=404155235/1064553462 52 0 "ourhome" f4:6d:2f:12:cc:88 rssi=-43 f=5240 sc=60 link=433 tx=0.8, 0.2, 0.0  rx=3.0 bcn=69904 [on:0 tx:0 rx:0 period:4] from screen [on:339056 period:2333063] score=60
10-15 22:36:06.087  3957  4129 D WifiStateMachine:  get link layer stats 3
10-15 22:36:06.088  3436  3436 I android.hardware.wifi@1.0-service: getLinkLayerStats
10-15 22:36:06.098 32267 32539 I BatteryMgr:DataCollectionService: stats => 1697402166098,164,4250,165,0,100
10-15 22:36:06.106  3957  4129 D WifiStateMachine: fetchRssiLinkSpeedAndFrequencyNative rssi=-42 linkspeed=433 freq=5240
10-15 22:36:06.111  4340  4340 E SignalClusterView: setSlotFocusVisible : subId -2
10-15 22:36:06.112  4340  4340 E SignalClusterView: setSlotFocusVisible : subId -2
10-15 22:36:06.208 32267 32539 I BatteryMgr:DataCollectionService: stats => 1697402166207,164,4250,165,0,100
10-15 22:36:06.238  3957  4128 D WifiService: getConnectionInfo uid=1000
10-15 22:36:06.318 32267 32539 I BatteryMgr:DataCollectionService: stats => 1697402166318,164,4250,165,0,100
10-15 22:36:06.349  3957  4129 D WifiStateMachine:  ConnectedState !RSSI_PKTCNT_FETCH uid=1000 rt=404155496/1064553723 0 0 "ourhome" f4:6d:2f:12:cc:88 rssi=-42 f=5240 sc=60 link=433 tx=0.3, 0.1, 0.0  rx=1.7 bcn=69930 [on:0 tx:0 rx:0 period:238] from screen [on:339178 period:2333324] score=60
10-15 22:36:06.351  3957  4129 D WifiStateMachine:  L2ConnectedState !RSSI_PKTCNT_FETCH uid=1000 rt=404155500/1064553728 0 0 "ourhome" f4:6d:2f:12:cc:88 rssi=-42 f=5240 sc=60 link=433 tx=0.3, 0.1, 0.0  rx=1.7 bcn=69930 [on:0 tx:0 rx:0 period:3] from screen [on:339178 period:2333327] score=60
10-15 22:36:06.357  3957  4129 D WifiStateMachine: fetchRssiLinkSpeedAndFrequencyNative rssi=-43 linkspeed=433 freq=5240
10-15 22:36:06.427 32267 32539 I BatteryMgr:DataCollectionService: stats => 1697402166427,164,4250,165,0,100
10-15 22:36:06.536 32267 32539 I BatteryMgr:DataCollectionService: stats => 1697402166536,164,4250,165,0,100
10-15 22:36:06.643 32267 32539 I BatteryMgr:DataCollectionService: stats => 1697402166643,164,4250,165,0,100
10-15 22:36:06.755 32267 32539 I BatteryMgr:DataCollectionService: stats => 1697402166755,164,4250,165,0,100
10-15 22:36:06.864 32267 32539 I BatteryMgr:DataCollectionService: stats => 1697402166864,164,4250,165,0,100
10-15 22:36:06.975 32267 32539 I BatteryMgr:DataCollectionService: stats => 1697402166975,164,4250,165,0,100
10-15 22:36:07.085 32267 32539 I BatteryMgr:DataCollectionService: stats => 1697402167085,164,4250,165,0,100
10-15 22:36:07.195 32267 32539 I BatteryMgr:DataCollectionService: stats => 1697402167195,164,4250,165,0,100
10-15 22:36:07.240  3957  4128 D WifiService: getConnectionInfo uid=1000
10-15 22:36:07.301 32267 32539 I BatteryMgr:DataCollectionService: stats => 1697402167301,164,4250,165,0,100
10-15 22:36:07.349  3957  4129 D WifiStateMachine:  ConnectedState !RSSI_PKTCNT_FETCH uid=1000 rt=404156497/1064554724 0 0 "ourhome" f4:6d:2f:12:cc:88 rssi=-43 f=5240 sc=60 link=433 tx=0.3, 0.1, 0.0  rx=1.7 bcn=69930 [on:0 tx:0 rx:0 period:997] from screen [on:339178 period:2334324] score=60
10-15 22:36:07.354  3957  4129 D WifiStateMachine:  L2ConnectedState !RSSI_PKTCNT_FETCH uid=1000 rt=404156500/1064554728 0 0 "ourhome" f4:6d:2f:12:cc:88 rssi=-43 f=5240 sc=60 link=433 tx=0.3, 0.1, 0.0  rx=1.7 bcn=69930 [on:0 tx:0 rx:0 period:4] from screen [on:339178 period:2334328] score=60
10-15 22:36:07.363  3957  4129 D WifiStateMachine: fetchRssiLinkSpeedAndFrequencyNative rssi=-43 linkspeed=433 freq=5240
10-15 22:36:07.413 32267 32539 I BatteryMgr:DataCollectionService: stats => 1697402167412,164,4250,165,0,100
10-15 22:36:07.524 32267 32539 I BatteryMgr:DataCollectionService: stats => 1697402167523,164,4250,165,0,100
10-15 22:36:07.632 32267 32539 I BatteryMgr:DataCollectionService: stats => 1697402167632,164,4250,165,0,100
10-15 22:36:07.743 32267 32539 I BatteryMgr:DataCollectionService: stats => 1697402167743,164,4250,165,0,100
10-15 22:36:07.853 32267 32539 I BatteryMgr:DataCollectionService: stats => 1697402167853,164,4250,165,0,100
10-15 22:36:07.961 32267 32539 I BatteryMgr:DataCollectionService: stats => 1697402167961,164,4250,165,0,100
10-15 22:36:08.075 32267 32539 I BatteryMgr:DataCollectionService: stats => 1697402168075,164,4250,165,0,100
10-15 22:36:08.185 32267 32539 I BatteryMgr:DataCollectionService: stats => 1697402168185,164,4250,165,0,100
10-15 22:36:08.243  3957  4128 D WifiService: getConnectionInfo uid=1000
10-15 22:36:08.294 32267 32539 I BatteryMgr:DataCollectionService: stats => 1697402168294,164,4250,165,0,100
10-15 22:36:08.350  3957  4129 D WifiStateMachine:  ConnectedState !RSSI_PKTCNT_FETCH uid=1000 rt=404157498/1064555726 0 0 "ourhome" f4:6d:2f:12:cc:88 rssi=-43 f=5240 sc=60 link=433 tx=0.3, 0.1, 0.0  rx=1.7 bcn=69930 [on:0 tx:0 rx:0 period:998] from screen [on:339178 period:2335326] score=60
10-15 22:36:08.353  3957  4129 D WifiStateMachine:  L2ConnectedState !RSSI_PKTCNT_FETCH uid=1000 rt=404157501/1064555729 0 0 "ourhome" f4:6d:2f:12:cc:88 rssi=-43 f=5240 sc=60 link=433 tx=0.3, 0.1, 0.0  rx=1.7 bcn=69930 [on:0 tx:0 rx:0 period:3] from screen [on:339178 period:2335329] score=60
10-15 22:36:08.361  3957  4129 D WifiStateMachine: fetchRssiLinkSpeedAndFrequencyNative rssi=-43 linkspeed=433 freq=5240
10-15 22:36:08.403 32267 32539 I BatteryMgr:DataCollectionService: stats => 1697402168403,164,4250,165,0,100
10-15 22:36:08.512 32267 32539 I BatteryMgr:DataCollectionService: stats => 1697402168512,164,4250,165,0,100
10-15 22:36:08.621 32267 32539 I BatteryMgr:DataCollectionService: stats => 1697402168621,164,4250,165,0,100
10-15 22:36:08.730 32267 32539 I BatteryMgr:DataCollectionService: stats => 1697402168730,164,4250,165,0,100
10-15 22:36:08.837 32267 32539 I BatteryMgr:DataCollectionService: stats => 1697402168837,164,4250,165,0,100
10-15 22:36:08.946 32267 32539 I BatteryMgr:DataCollectionService: stats => 1697402168946,164,4250,165,0,100
10-15 22:36:09.058 32267 32539 I BatteryMgr:DataCollectionService: stats => 1697402169057,164,4250,165,0,100
10-15 22:36:09.111  3957  4129 D WifiStateMachine:  ConnectedState !CMD_RSSI_POLL rt=404158259/1064556486 52 0 "ourhome" f4:6d:2f:12:cc:88 rssi=-43 f=5240 sc=60 link=433 tx=0.3, 0.1, 0.0  rx=1.7 bcn=69930 [on:0 tx:0 rx:0 period:757] from screen [on:339178 period:2336086] score=60
10-15 22:36:09.112  3957  4129 D WifiStateMachine:  L2ConnectedState !CMD_RSSI_POLL rt=404158262/1064556489 52 0 "ourhome" f4:6d:2f:12:cc:88 rssi=-43 f=5240 sc=60 link=433 tx=0.3, 0.1, 0.0  rx=1.7 bcn=69930 [on:0 tx:0 rx:0 period:2] from screen [on:339178 period:2336088] score=60
10-15 22:36:09.112  3957  4129 D WifiStateMachine:  get link layer stats 3
10-15 22:36:09.113  3436  3436 I android.hardware.wifi@1.0-service: getLinkLayerStats
10-15 22:36:09.131  3957  4129 D WifiStateMachine: fetchRssiLinkSpeedAndFrequencyNative rssi=-44 linkspeed=433 freq=5240
10-15 22:36:09.137  4340  4340 E SignalClusterView: setSlotFocusVisible : subId -2
10-15 22:36:09.137  4340  4340 E SignalClusterView: setSlotFocusVisible : subId -2
10-15 22:36:09.168 32267 32539 I BatteryMgr:DataCollectionService: stats => 1697402169167,164,4250,165,0,100
10-15 22:36:09.246  3957  4128 D WifiService: getConnectionInfo uid=1000
10-15 22:36:09.276 32267 32539 I BatteryMgr:DataCollectionService: stats => 1697402169275,164,4250,165,0,100
10-15 22:36:09.351  3957  4129 D WifiStateMachine:  ConnectedState !RSSI_PKTCNT_FETCH uid=1000 rt=404158498/1064556726 0 0 "ourhome" f4:6d:2f:12:cc:88 rssi=-44 f=5240 sc=60 link=433 tx=0.7, 0.0, 0.0  rx=3.2 bcn=69956 [on:0 tx:0 rx:0 period:214] from screen [on:339781 period:2336326] score=60
10-15 22:36:09.354  3957  4129 D WifiStateMachine:  L2ConnectedState !RSSI_PKTCNT_FETCH uid=1000 rt=404158502/1064556729 0 0 "ourhome" f4:6d:2f:12:cc:88 rssi=-44 f=5240 sc=60 link=433 tx=0.7, 0.0, 0.0  rx=3.2 bcn=69956 [on:0 tx:0 rx:0 period:4] from screen [on:339781 period:2336330] score=60
10-15 22:36:09.361  3957  4129 D WifiStateMachine: fetchRssiLinkSpeedAndFrequencyNative rssi=-44 linkspeed=433 freq=5240
10-15 22:36:09.386 32267 32539 I BatteryMgr:DataCollectionService: stats => 1697402169386,164,4250,165,0,100
10-15 22:36:09.496 32267 32539 I BatteryMgr:DataCollectionService: stats => 1697402169496,164,4250,165,0,100
10-15 22:36:09.607 32267 32539 I BatteryMgr:DataCollectionService: stats => 1697402169607,164,4250,165,0,100
10-15 22:36:09.683 19438 19556 D ScanRecord: Not a Multi Manu data
10-15 22:36:09.717 19438 19556 I chatty  : uid=1002(bluetooth) BT Service Call identical 63 lines
10-15 22:36:09.717 19438 19556 D ScanRecord: Not a Multi Manu data
10-15 22:36:09.717 32267 32539 I BatteryMgr:DataCollectionService: stats => 1697402169717,164,4250,165,0,100
10-15 22:36:09.723 19438 19556 D ScanRecord: Not a Multi Manu data
10-15 22:36:09.805 19438 19556 I chatty  : uid=1002(bluetooth) BT Service Call identical 115 lines
10-15 22:36:09.805 19438 19556 D ScanRecord: Not a Multi Manu data
10-15 22:36:09.825 32267 32539 I BatteryMgr:DataCollectionService: stats => 1697402169825,164,4250,165,0,100
10-15 22:36:09.830 19438 19556 D ScanRecord: Not a Multi Manu data
10-15 22:36:09.935 19438 19556 I chatty  : uid=1002(bluetooth) BT Service Call identical 180 lines
10-15 22:36:09.935 19438 19556 D ScanRecord: Not a Multi Manu data
10-15 22:36:09.937 32267 32539 I BatteryMgr:DataCollectionService: stats => 1697402169936,164,4250,165,0,100
10-15 22:36:09.940 19438 19556 D ScanRecord: Not a Multi Manu data
10-15 22:36:10.039 19438 19556 I chatty  : uid=1002(bluetooth) BT Service Call identical 141 lines
10-15 22:36:10.040 19438 19556 D ScanRecord: Not a Multi Manu data
10-15 22:36:10.045 32267 32539 I BatteryMgr:DataCollectionService: stats => 1697402170045,164,4250,165,0,100
10-15 22:36:10.049 19438 19556 D ScanRecord: Not a Multi Manu data
10-15 22:36:10.150 19438 19556 I chatty  : uid=1002(bluetooth) BT Service Call identical 258 lines
10-15 22:36:10.150 19438 19556 D ScanRecord: Not a Multi Manu data
10-15 22:36:10.155 32267 32539 I BatteryMgr:DataCollectionService: stats => 1697402170154,164,4250,165,0,100
10-15 22:36:10.248  3957  4128 D WifiService: getConnectionInfo uid=1000
10-15 22:36:10.265 32267 32539 I BatteryMgr:DataCollectionService: stats => 1697402170265,128,4250,152,0,100
10-15 22:36:10.353  3957  4129 D WifiStateMachine:  ConnectedState !RSSI_PKTCNT_FETCH uid=1000 rt=404159500/1064557727 0 0 "ourhome" f4:6d:2f:12:cc:88 rssi=-44 f=5240 sc=60 link=433 tx=0.7, 0.0, 0.0  rx=3.2 bcn=69956 [on:0 tx:0 rx:0 period:999] from screen [on:339781 period:2337329] score=60
10-15 22:36:10.355  3957  4129 D WifiStateMachine:  L2ConnectedState !RSSI_PKTCNT_FETCH uid=1000 rt=404159504/1064557732 0 0 "ourhome" f4:6d:2f:12:cc:88 rssi=-44 f=5240 sc=60 link=433 tx=0.7, 0.0, 0.0  rx=3.2 bcn=69956 [on:0 tx:0 rx:0 period:2] from screen [on:339781 period:2337331] score=60
10-15 22:36:10.362  3957  4129 D WifiStateMachine: fetchRssiLinkSpeedAndFrequencyNative rssi=-43 linkspeed=433 freq=5240
10-15 22:36:10.376 32267 32539 I BatteryMgr:DataCollectionService: stats => 1697402170376,128,4250,152,0,100
10-15 22:36:10.387  3957  4030 D SensorService: [SO] 0.120 -0.124 9.969
10-15 22:36:10.484 32267 32539 I BatteryMgr:DataCollectionService: stats => 1697402170484,128,4250,152,0,100
10-15 22:36:10.594 32267 32539 I BatteryMgr:DataCollectionService: stats => 1697402170594,128,4250,152,0,100
10-15 22:36:10.643  4961  4961 D io_stats: !@ 179,0 r 5338190 165674648 w 1293207 28092396 d 102214 31671056 f 299330 316001 iot 2373104 2096827 th 51200 0 0 pt 0 inp 0 0 404159.793
10-15 22:36:10.705  3957  4602 D BatteryService: !@BatteryListener : batteryPropertiesChanged!
10-15 22:36:10.708 32267 32539 I BatteryMgr:DataCollectionService: stats => 1697402170708,128,4250,152,0,100
10-15 22:36:10.801  3957  6478 D SSRM:k  : SIOP:: AP = 380, PST = 353 (W:28), BAT = 297, USB = 0, CHG = 0
10-15 22:36:10.817 32267 32539 I BatteryMgr:DataCollectionService: stats => 1697402170817,128,4250,152,0,100
10-15 22:36:10.932 32267 32539 I BatteryMgr:DataCollectionService: stats => 1697402170932,128,4250,152,0,100
10-15 22:36:11.044 32267 32539 I BatteryMgr:DataCollectionService: stats => 1697402171043,128,4250,152,0,100
10-15 22:36:11.156 32267 32539 I BatteryMgr:DataCollectionService: stats => 1697402171156,128,4250,152,0,100
10-15 22:36:11.251  3957  4128 D WifiService: getConnectionInfo uid=1000
10-15 22:36:11.264 32267 32539 I BatteryMgr:DataCollectionService: stats => 1697402171264,128,4250,152,0,100
10-15 22:36:11.354  3957  4129 D WifiStateMachine:  ConnectedState !RSSI_PKTCNT_FETCH uid=1000 rt=404160501/1064558728 0 0 "ourhome" f4:6d:2f:12:cc:88 rssi=-43 f=5240 sc=60 link=433 tx=0.7, 0.0, 0.0  rx=3.2 bcn=69956 [on:0 tx:0 rx:0 period:998] from screen [on:339781 period:2338329] score=60
10-15 22:36:11.360  3957  4129 D WifiStateMachine:  L2ConnectedState !RSSI_PKTCNT_FETCH uid=1000 rt=404160505/1064558733 0 0 "ourhome" f4:6d:2f:12:cc:88 rssi=-43 f=5240 sc=60 link=433 tx=0.7, 0.0, 0.0  rx=3.2 bcn=69956 [on:0 tx:0 rx:0 period:7] from screen [on:339781 period:2338336] score=60
10-15 22:36:11.367  3957  4129 D WifiStateMachine: fetchRssiLinkSpeedAndFrequencyNative rssi=-44 linkspeed=433 freq=5240
10-15 22:36:11.371 32267 32539 I BatteryMgr:DataCollectionService: stats => 1697402171371,128,4250,152,0,100
10-15 22:36:11.480 32267 32539 I BatteryMgr:DataCollectionService: stats => 1697402171480,128,4250,152,0,100
10-15 22:36:11.590 32267 32539 I BatteryMgr:DataCollectionService: stats => 1697402171590,128,4250,152,0,100
10-15 22:36:11.698 32267 32539 I BatteryMgr:DataCollectionService: stats => 1697402171698,128,4250,152,0,100
10-15 22:36:11.809 32267 32539 I BatteryMgr:DataCollectionService: stats => 1697402171808,128,4250,152,0,100
10-15 22:36:11.919 32267 32539 I BatteryMgr:DataCollectionService: stats => 1697402171918,128,4250,152,0,100
10-15 22:36:12.024 32267 32539 I BatteryMgr:DataCollectionService: stats => 1697402172023,128,4250,152,0,100
10-15 22:36:12.132 32267 32539 I BatteryMgr:DataCollectionService: stats => 1697402172132,128,4250,152,0,100
10-15 22:36:12.134  3957  4129 D WifiStateMachine:  ConnectedState !CMD_RSSI_POLL rt=404161284/1064559511 52 0 "ourhome" f4:6d:2f:12:cc:88 rssi=-44 f=5240 sc=60 link=433 tx=0.7, 0.0, 0.0  rx=3.2 bcn=69956 [on:0 tx:0 rx:0 period:774] from screen [on:339781 period:2339110] score=60
10-15 22:36:12.137  3957  4129 D WifiStateMachine:  L2ConnectedState !CMD_RSSI_POLL rt=404161285/1064559513 52 0 "ourhome" f4:6d:2f:12:cc:88 rssi=-44 f=5240 sc=60 link=433 tx=0.7, 0.0, 0.0  rx=3.2 bcn=69956 [on:0 tx:0 rx:0 period:3] from screen [on:339781 period:2339113] score=60
10-15 22:36:12.137  3957  4129 D WifiStateMachine:  get link layer stats 3
10-15 22:36:12.138  3436  3436 I android.hardware.wifi@1.0-service: getLinkLayerStats
10-15 22:36:12.143  3957  4129 D WifiStateMachine: fetchRssiLinkSpeedAndFrequencyNative rssi=-44 linkspeed=433 freq=5240
10-15 22:36:12.146  4340  4340 E SignalClusterView: setSlotFocusVisible : subId -2
10-15 22:36:12.147  4340  4340 E SignalClusterView: setSlotFocusVisible : subId -2
10-15 22:36:12.243 32267 32539 I BatteryMgr:DataCollectionService: stats => 1697402172243,128,4250,152,0,100
10-15 22:36:12.254  3957  4128 D WifiService: getConnectionInfo uid=1000
10-15 22:36:12.353  3957  4129 D WifiStateMachine:  ConnectedState !RSSI_PKTCNT_FETCH uid=1000 rt=404161501/1064559729 0 0 "ourhome" f4:6d:2f:12:cc:88 rssi=-44 f=5240 sc=60 link=433 tx=0.9, 0.0, 0.0  rx=3.7 bcn=69980 [on:0 tx:0 rx:0 period:206] from screen [on:340242 period:2339328] score=60
10-15 22:36:12.353 32267 32539 I BatteryMgr:DataCollectionService: stats => 1697402172353,128,4250,152,0,100
10-15 22:36:12.356  3957  4129 D WifiStateMachine:  L2ConnectedState !RSSI_PKTCNT_FETCH uid=1000 rt=404161504/1064559732 0 0 "ourhome" f4:6d:2f:12:cc:88 rssi=-44 f=5240 sc=60 link=433 tx=0.9, 0.0, 0.0  rx=3.7 bcn=69980 [on:0 tx:0 rx:0 period:4] from screen [on:340242 period:2339332] score=60
10-15 22:36:12.363  3957  4129 D WifiStateMachine: fetchRssiLinkSpeedAndFrequencyNative rssi=-44 linkspeed=433 freq=5240
10-15 22:36:12.464 32267 32539 I BatteryMgr:DataCollectionService: stats => 1697402172464,128,4250,152,0,100
10-15 22:36:12.574 32267 32539 I BatteryMgr:DataCollectionService: stats => 1697402172574,128,4250,152,0,100
10-15 22:36:12.685 32267 32539 I BatteryMgr:DataCollectionService: stats => 1697402172685,128,4250,152,0,100
10-15 22:36:12.792 32267 32539 I BatteryMgr:DataCollectionService: stats => 1697402172792,128,4250,152,0,100
10-15 22:36:12.901 32267 32539 I BatteryMgr:DataCollectionService: stats => 1697402172900,128,4250,152,0,100
10-15 22:36:13.007 32267 32539 I BatteryMgr:DataCollectionService: stats => 1697402173007,128,4250,152,0,100
10-15 22:36:13.118 32267 32539 I BatteryMgr:DataCollectionService: stats => 1697402173118,128,4250,152,0,100
10-15 22:36:13.230 32267 32539 I BatteryMgr:DataCollectionService: stats => 1697402173230,128,4250,152,0,100
10-15 22:36:13.257  3957  4128 D WifiService: getConnectionInfo uid=1000
10-15 22:36:13.342 32267 32539 I BatteryMgr:DataCollectionService: stats => 1697402173341,128,4250,152,0,100
10-15 22:36:13.355  3957  4129 D WifiStateMachine:  ConnectedState !RSSI_PKTCNT_FETCH uid=1000 rt=404162504/1064560731 0 0 "ourhome" f4:6d:2f:12:cc:88 rssi=-44 f=5240 sc=60 link=433 tx=0.9, 0.0, 0.0  rx=3.7 bcn=69980 [on:0 tx:0 rx:0 period:999] from screen [on:340242 period:2340331] score=60
10-15 22:36:13.358  3957  4129 D WifiStateMachine:  L2ConnectedState !RSSI_PKTCNT_FETCH uid=1000 rt=404162507/1064560734 0 0 "ourhome" f4:6d:2f:12:cc:88 rssi=-44 f=5240 sc=60 link=433 tx=0.9, 0.0, 0.0  rx=3.7 bcn=69980 [on:0 tx:0 rx:0 period:2] from screen [on:340242 period:2340333] score=60
10-15 22:36:13.364  3957  4129 D WifiStateMachine: fetchRssiLinkSpeedAndFrequencyNative rssi=-44 linkspeed=433 freq=5240
10-15 22:36:13.447 32267 32539 I BatteryMgr:DataCollectionService: stats => 1697402173447,128,4250,152,0,100
10-15 22:36:13.557 32267 32539 I BatteryMgr:DataCollectionService: stats => 1697402173557,128,4250,152,0,100
10-15 22:36:13.667 32267 32539 I BatteryMgr:DataCollectionService: stats => 1697402173667,128,4250,152,0,100
10-15 22:36:13.778 32267 32539 I BatteryMgr:DataCollectionService: stats => 1697402173777,128,4250,152,0,100
10-15 22:36:13.891 32267 32539 I BatteryMgr:DataCollectionService: stats => 1697402173891,128,4250,152,0,100
10-15 22:36:14.000 32267 32539 I BatteryMgr:DataCollectionService: stats => 1697402173999,128,4250,152,0,100
10-15 22:36:14.108 32267 32539 I BatteryMgr:DataCollectionService: stats => 1697402174108,128,4250,152,0,100
10-15 22:36:14.218 32267 32539 I BatteryMgr:DataCollectionService: stats => 1697402174218,128,4250,152,0,100
10-15 22:36:14.259  3957  4128 D WifiService: getConnectionInfo uid=1000
10-15 22:36:14.327 32267 32539 I BatteryMgr:DataCollectionService: stats => 1697402174327,128,4250,152,0,100
10-15 22:36:14.357  3957  4129 D WifiStateMachine:  ConnectedState !RSSI_PKTCNT_FETCH uid=1000 rt=404163505/1064561732 0 0 "ourhome" f4:6d:2f:12:cc:88 rssi=-44 f=5240 sc=60 link=433 tx=0.9, 0.0, 0.0  rx=3.7 bcn=69980 [on:0 tx:0 rx:0 period:999] from screen [on:340242 period:2341332] score=60
10-15 22:36:14.359  3957  4129 D WifiStateMachine:  L2ConnectedState !RSSI_PKTCNT_FETCH uid=1000 rt=404163508/1064561736 0 0 "ourhome" f4:6d:2f:12:cc:88 rssi=-44 f=5240 sc=60 link=433 tx=0.9, 0.0, 0.0  rx=3.7 bcn=69980 [on:0 tx:0 rx:0 period:3] from screen [on:340242 period:2341335] score=60
10-15 22:36:14.363  3957  4129 D WifiStateMachine: fetchRssiLinkSpeedAndFrequencyNative rssi=-44 linkspeed=433 freq=5240
10-15 22:36:14.436 32267 32539 I BatteryMgr:DataCollectionService: stats => 1697402174436,128,4250,152,0,100
10-15 22:36:14.547 32267 32539 I BatteryMgr:DataCollectionService: stats => 1697402174547,128,4250,152,0,100
10-15 22:36:14.658 32267 32539 I BatteryMgr:DataCollectionService: stats => 1697402174658,128,4250,152,0,100
10-15 22:36:14.684 19438 19556 D ScanRecord: Not a Multi Manu data
10-15 22:36:14.765 19438 19556 I chatty  : uid=1002(bluetooth) BT Service Call identical 193 lines
10-15 22:36:14.765 19438 19556 D ScanRecord: Not a Multi Manu data
10-15 22:36:14.768 32267 32539 I BatteryMgr:DataCollectionService: stats => 1697402174768,128,4250,152,0,100
10-15 22:36:14.776 19438 19556 D ScanRecord: Not a Multi Manu data
10-15 22:36:14.868 19438 19556 I chatty  : uid=1002(bluetooth) BT Service Call identical 180 lines
10-15 22:36:14.868 19438 19556 D ScanRecord: Not a Multi Manu data
10-15 22:36:14.876 32267 32539 I BatteryMgr:DataCollectionService: stats => 1697402174876,128,4250,152,0,100
10-15 22:36:14.882 19438 19556 D ScanRecord: Not a Multi Manu data
10-15 22:36:14.979 19438 19556 I chatty  : uid=1002(bluetooth) BT Service Call identical 128 lines
10-15 22:36:14.979 19438 19556 D ScanRecord: Not a Multi Manu data
10-15 22:36:14.986 32267 32539 I BatteryMgr:DataCollectionService: stats => 1697402174986,128,4250,152,0,100
10-15 22:36:14.998 19438 19556 D ScanRecord: Not a Multi Manu data
10-15 22:36:15.089 19438 19556 I chatty  : uid=1002(bluetooth) BT Service Call identical 102 lines
10-15 22:36:15.089 19438 19556 D ScanRecord: Not a Multi Manu data
10-15 22:36:15.097 32267 32539 I BatteryMgr:DataCollectionService: stats => 1697402175096,128,4250,152,0,100
10-15 22:36:15.097 19438 19556 D ScanRecord: Not a Multi Manu data
10-15 22:36:15.126 19438 19556 I chatty  : uid=1002(bluetooth) BT Service Call identical 76 lines
10-15 22:36:15.126 19438 19556 D ScanRecord: Not a Multi Manu data
10-15 22:36:15.148  3957  4129 D WifiStateMachine:  ConnectedState !CMD_RSSI_POLL rt=404164295/1064562522 52 0 "ourhome" f4:6d:2f:12:cc:88 rssi=-44 f=5240 sc=60 link=433 tx=0.9, 0.0, 0.0  rx=3.7 bcn=69980 [on:0 tx:0 rx:0 period:789] from screen [on:340242 period:2342124] score=60
10-15 22:36:15.151  3957  4129 D WifiStateMachine:  L2ConnectedState !CMD_RSSI_POLL rt=404164300/1064562527 52 0 "ourhome" f4:6d:2f:12:cc:88 rssi=-44 f=5240 sc=60 link=433 tx=0.9, 0.0, 0.0  rx=3.7 bcn=69980 [on:0 tx:0 rx:0 period:3] from screen [on:340242 period:2342127] score=60
10-15 22:36:15.151  3957  4129 D WifiStateMachine:  get link layer stats 3
10-15 22:36:15.152  3436  3436 I android.hardware.wifi@1.0-service: getLinkLayerStats
10-15 22:36:15.156 19438 19556 D ScanRecord: Not a Multi Manu data
10-15 22:36:15.157 19438 19556 I chatty  : uid=1002(bluetooth) BT Service Call identical 10 lines
10-15 22:36:15.158  3957  4129 D WifiStateMachine: fetchRssiLinkSpeedAndFrequencyNative rssi=-45 linkspeed=433 freq=5240
10-15 22:36:15.158 19438 19556 D ScanRecord: Not a Multi Manu data
10-15 22:36:15.158 19438 19556 D ScanRecord: Not a Multi Manu data
10-15 22:36:15.161 19438 19556 I chatty  : uid=1002(bluetooth) BT Service Call identical 12 lines
10-15 22:36:15.161 19438 19556 D ScanRecord: Not a Multi Manu data
10-15 22:36:15.162  4340  4340 E SignalClusterView: setSlotFocusVisible : subId -2
10-15 22:36:15.162  4340  4340 E SignalClusterView: setSlotFocusVisible : subId -2
10-15 22:36:15.169 19438 19556 D ScanRecord: Not a Multi Manu data
10-15 22:36:15.169 19438 19556 I chatty  : uid=1002(bluetooth) BT Service Call identical 11 lines
10-15 22:36:15.170 19438 19556 D ScanRecord: Not a Multi Manu data
10-15 22:36:15.205 32267 32539 I BatteryMgr:DataCollectionService: stats => 1697402175204,128,4250,152,0,100
10-15 22:36:15.261  3957  4128 D WifiService: getConnectionInfo uid=1000
10-15 22:36:15.316 32267 32539 I BatteryMgr:DataCollectionService: stats => 1697402175316,128,4250,152,0,100
10-15 22:36:15.356  3957  4129 D WifiStateMachine:  ConnectedState !RSSI_PKTCNT_FETCH uid=1000 rt=404164505/1064562733 0 0 "ourhome" f4:6d:2f:12:cc:88 rssi=-45 f=5240 sc=60 link=433 tx=0.3, 0.0, 0.0  rx=5.2 bcn=70008 [on:0 tx:0 rx:0 period:194] from screen [on:340608 period:2342331] score=60
10-15 22:36:15.358  3957  4129 D WifiStateMachine:  L2ConnectedState !RSSI_PKTCNT_FETCH uid=1000 rt=404164507/1064562734 0 0 "ourhome" f4:6d:2f:12:cc:88 rssi=-45 f=5240 sc=60 link=433 tx=0.3, 0.0, 0.0  rx=5.2 bcn=70008 [on:0 tx:0 rx:0 period:2] from screen [on:340608 period:2342333] score=60
10-15 22:36:15.364  3957  4129 D WifiStateMachine: fetchRssiLinkSpeedAndFrequencyNative rssi=-44 linkspeed=433 freq=5240
10-15 22:36:15.424 32267 32539 I BatteryMgr:DataCollectionService: stats => 1697402175424,128,4250,152,0,100
10-15 22:36:15.533 32267 32539 I BatteryMgr:DataCollectionService: stats => 1697402175532,128,4250,152,0,100
10-15 22:36:15.642 32267 32539 I BatteryMgr:DataCollectionService: stats => 1697402175642,128,4250,152,0,100
10-15 22:36:15.645  4961  4961 D io_stats: !@ 179,0 r 5338191 165674680 w 1293223 28092532 d 102215 31671124 f 299331 316002 iot 2373112 2096832 th 51200 0 0 pt 0 inp 0 0 404164.796
10-15 22:36:15.751 32267 32539 I BatteryMgr:DataCollectionService: stats => 1697402175751,128,4250,152,0,100
10-15 22:36:15.859 32267 32539 I BatteryMgr:DataCollectionService: stats => 1697402175859,128,4250,152,0,100
10-15 22:36:15.967 32267 32539 I BatteryMgr:DataCollectionService: stats => 1697402175967,128,4250,152,0,100
10-15 22:36:16.077 32267 32539 I BatteryMgr:DataCollectionService: stats => 1697402176077,128,4250,152,0,100
10-15 22:36:16.184 32267 32539 I BatteryMgr:DataCollectionService: stats => 1697402176184,128,4250,152,0,100
10-15 22:36:16.264  3957  4128 D WifiService: getConnectionInfo uid=1000
10-15 22:36:16.294 32267 32539 I BatteryMgr:DataCollectionService: stats => 1697402176294,128,4250,152,0,100
10-15 22:36:16.359  3957  4129 D WifiStateMachine:  ConnectedState !RSSI_PKTCNT_FETCH uid=1000 rt=404165507/1064563735 0 0 "ourhome" f4:6d:2f:12:cc:88 rssi=-44 f=5240 sc=60 link=433 tx=0.3, 0.0, 0.0  rx=5.2 bcn=70008 [on:0 tx:0 rx:0 period:1001] from screen [on:340608 period:2343334] score=60
10-15 22:36:16.360  3957  4129 D WifiStateMachine:  L2ConnectedState !RSSI_PKTCNT_FETCH uid=1000 rt=404165510/1064563737 0 0 "ourhome" f4:6d:2f:12:cc:88 rssi=-44 f=5240 sc=60 link=433 tx=0.3, 0.0, 0.0  rx=5.2 bcn=70008 [on:0 tx:0 rx:0 period:2] from screen [on:340608 period:2343336] score=60
10-15 22:36:16.363 32313 32526 I SessionStorage/AutoSave: Save: Periodic
10-15 22:36:16.366  3957  4129 D WifiStateMachine: fetchRssiLinkSpeedAndFrequencyNative rssi=-44 linkspeed=433 freq=5240
10-15 22:36:16.404 32267 32539 I BatteryMgr:DataCollectionService: stats => 1697402176404,128,4250,152,0,100
10-15 22:36:16.512 32267 32539 I BatteryMgr:DataCollectionService: stats => 1697402176512,128,4250,152,0,100
10-15 22:36:16.622 32267 32539 I BatteryMgr:DataCollectionService: stats => 1697402176622,128,4250,152,0,100
10-15 22:36:16.732 32267 32539 I BatteryMgr:DataCollectionService: stats => 1697402176732,128,4250,152,0,100
10-15 22:36:16.842 32267 32539 I BatteryMgr:DataCollectionService: stats => 1697402176842,128,4250,152,0,100
