10-15 21:38:54.734  3957  3981 I ActivityManager: Displayed org.mozilla.fenix/.App: +1s475ms
10-15 21:38:54.734  3957  3957 D AudioService: getStreamVolume 5 index 110
10-15 21:38:54.734  3957  3973 D WindowManager: set systemUiVisibility : systemUiFlags= 0x2618 fullscreenStackSysUiFlags= 0x2000
10-15 21:38:54.734  3957  3981 D CustomFrequencyManagerService: acquireDVFSLockLocked : type : DVFS_MIN_LIMIT  frequency : 1560000  uid : 1000  pid : 3957  pkgName : AMS_RESUME_TAIL@CPU_MIN@58
10-15 21:38:54.735  3957  3981 D ActivityManagerPerformance: AMP_acquire() TAIL
10-15 21:38:54.735  3957  3981 D CustomFrequencyManagerService: releaseDVFSLockLocked : Getting Lock type frm List : DVFS_MIN_LIMIT  frequency : 1560000  uid : 1000  pid : 3957  tag : AMS_APP_SWITCH@CPU_MIN@52
10-15 21:38:54.735  3957  3981 D ActivityManagerPerformance: AMP_release() APP_SWITCH
10-15 21:38:54.736  3957  5415 D Notification: allPendingIntents
10-15 21:38:54.737  3957 12585 D WindowManager: adjustSystemUiVisibilityLw : vis= 0x2618
10-15 21:38:54.737 26235 26494 I BatteryMgr:DataCollectionService: collectData: begin
10-15 21:38:54.738  3957  5414 D Notification: allPendingIntents
10-15 21:38:54.742 26279 26279 V InputMethodManager: Starting input: tba=android.view.inputmethod.EditorInfo@f809a35 nm : org.mozilla.fenix ic=null
10-15 21:38:54.742 26279 26279 I InputMethodManager: startInputInner - mService.startInputOrWindowGainedFocus
10-15 21:38:54.742  3957  5414 D InputMethodManagerService: startInputOrWindowGainedFocus : windowGainedFocus 
10-15 21:38:54.742  3957  5414 D InputMethodManagerService: windowGainedFocus: destinationUserId (getCallingUid) = 0
10-15 21:38:54.743  3957  5414 D InputMethodManagerService: windowGainedFocus: currentUserId=0
10-15 21:38:54.743  3957  5414 D InputMethodManagerService: windowGainedFocus: mCurrentFocusedUserId=0
10-15 21:38:54.743  3957  5414 D InputMethodManagerService: windowGainedFocus : lock - currentUserId = 0 destinationUserId = 0
10-15 21:38:54.743  3957  5414 D InputMethodManagerService: windowGainedFocus : mCurrentFocusedUserId - 0 and mSecureKeypadEnabled - false, userSwitched - false
10-15 21:38:54.743  3957  5414 V InputMethodManagerService: windowGainedFocus : reason=WINDOW_FOCUS_GAIN client=android.os.BinderProxy@369c1c0 inputContext=null missingMethods= attribute=android.view.inputmethod.EditorInfo@d3482ee nm = org.mozilla.fenix controlFlags=#104 softInputMode=#110 windowFlags=#81010100
10-15 21:38:54.743  3957  5414 V InputMethodManagerService: hideCurrentInputLocked : shouldHideSoftInput is false
10-15 21:38:54.743  3957  5414 D InputMethodManagerService: isImeSwitcherDisabledPackage : false
10-15 21:38:54.744  3957  5414 V InputMethodManagerService: Creating new session for client ClientState{154738f uid 10169 pid 26279}
10-15 21:38:54.744  4340  4340 D StatusBar: addNotification key=0|com.example.batterymanager_utility|1|null|10170 fullscreen:false
10-15 21:38:54.746  3957 12585 D InputMethodManagerService: setCurrentInputInfo - inputContext : null eidtorInfo : android.view.inputmethod.EditorInfo@d3482ee missingMethods : 0
10-15 21:38:54.751 19438 19556 D ScanRecord: Not a Multi Manu data
10-15 21:38:54.751 19438 19556 I chatty  : uid=1002(bluetooth) BT Service Call identical 11 lines
10-15 21:38:54.751 19438 19556 D ScanRecord: Not a Multi Manu data
10-15 21:38:54.752  3599  3918 D DnsProxyListener: DNSDBG::dns addrinfo af 0
10-15 21:38:54.754 19735 19735 I InputMethodWrapper:  call dispatchStartInputWithToken
10-15 21:38:54.754 19735 19735 I InputMethodService: dispatchStartInputWithToken
10-15 21:38:54.755 26434 26465 W linker  : "/data/app/org.mozilla.fenix-iWpGOrf8cry6RDpwHyQugA==/lib/arm64/libmozglue.so" unused DT entry: type 0x8000024 arg 0x38f70
10-15 21:38:54.755 26434 26465 W linker  : "/data/app/org.mozilla.fenix-iWpGOrf8cry6RDpwHyQugA==/lib/arm64/libmozglue.so" unused DT entry: type 0x8000023 arg 0x1f8
10-15 21:38:54.755 19735 19735 I SKBD    : SamsungKeypad [IMI] onStartInput - caller pid : 26279, caller uid : 10169
10-15 21:38:54.755  3957  5414 D ConnectivityService: filterNetworkStateForUid() uid: 10169 networkInfo: [type: WIFI[] - WIFI, state: CONNECTED/CONNECTED, reason: (unspecified), extra: "ourhome", failover: false, available: true, roaming: false, metered: false]
10-15 21:38:54.755 26434 26465 W linker  : "/data/app/org.mozilla.fenix-iWpGOrf8cry6RDpwHyQugA==/lib/arm64/libmozglue.so" unused DT entry: type 0x8000025 arg 0x8
10-15 21:38:54.755  3957  5414 D WifiService: getConnectionInfo uid=1000
10-15 21:38:54.756  3957  5414 I chatty  : uid=1000(system) Binder:3957_E identical 1 line
10-15 21:38:54.756  3957  5414 D WifiService: getConnectionInfo uid=1000
10-15 21:38:54.756 19438 19556 D ScanRecord: Not a Multi Manu data
10-15 21:38:54.756 19438 19556 I chatty  : uid=1002(bluetooth) BT Service Call identical 11 lines
10-15 21:38:54.756 19438 19556 D ScanRecord: Not a Multi Manu data
10-15 21:38:54.756 26279 26499 I libglean_ffi: glean_core::upload: New upload task with id 9267b1e6-54fc-473c-80b1-4c838c55994c (path: /submit/org-mozilla-fenix/events/1/9267b1e6-54fc-473c-80b1-4c838c55994c)
10-15 21:38:54.757  3957  5414 D ConnectivityService: filterNetworkStateForUid() uid: 10169 networkInfo: [type: WIFI[] - WIFI, state: CONNECTED/CONNECTED, reason: (unspecified), extra: "ourhome", failover: false, available: true, roaming: false, metered: false]
10-15 21:38:54.757  3957  5414 D WifiService: getConnectionInfo uid=1000
10-15 21:38:54.759 26434 26465 I GeckoLoader: Library base=/data/app/org.mozilla.fenix-iWpGOrf8cry6RDpwHyQugA==/lib/arm64
10-15 21:38:54.760 26434 26465 I GeckoLoader: Library base=/data/app/org.mozilla.fenix-iWpGOrf8cry6RDpwHyQugA==/lib/arm64
10-15 21:38:54.762 26235 26494 I BatteryMgr:DataCollectionService: stats => 1697398734762,-85,4250,104,0,100
10-15 21:38:54.763 26434 26465 E GeckoLibLoad: Load sqlite start
10-15 21:38:54.764 26434 26465 W linker  : "/data/app/org.mozilla.fenix-iWpGOrf8cry6RDpwHyQugA==/lib/arm64/libnss3.so" unused DT entry: type 0x8000024 arg 0x14998
10-15 21:38:54.765 26434 26465 W linker  : "/data/app/org.mozilla.fenix-iWpGOrf8cry6RDpwHyQugA==/lib/arm64/libnss3.so" unused DT entry: type 0x8000023 arg 0x5c8
10-15 21:38:54.765 26434 26465 W linker  : "/data/app/org.mozilla.fenix-iWpGOrf8cry6RDpwHyQugA==/lib/arm64/libnss3.so" unused DT entry: type 0x8000025 arg 0x8
10-15 21:38:54.766 26434 26465 E GeckoLibLoad: Load sqlite done
10-15 21:38:54.766 26434 26465 I GeckoLoader: Library base=/data/app/org.mozilla.fenix-iWpGOrf8cry6RDpwHyQugA==/lib/arm64
10-15 21:38:54.766 26434 26465 E GeckoLibLoad: Load nss start
10-15 21:38:54.766 26434 26465 E GeckoLibLoad: Load nss done
10-15 21:38:54.767 26434 26465 I GeckoLoader: Library base=/data/app/org.mozilla.fenix-iWpGOrf8cry6RDpwHyQugA==/lib/arm64
10-15 21:38:54.767  3447  3447 I SurfaceFlinger: Display 0 HWC layers:
10-15 21:38:54.767  3447  3447 I SurfaceFlinger:     type    |    handle    | flag |  format   |   source crop (l,t,r,b)    |         frame       | name 
10-15 21:38:54.767  3447  3447 I SurfaceFlinger: ------------+--------------+------+-----------+----------------------------+---------------------+------
10-15 21:38:54.767  3447  3447 I SurfaceFlinger:      Client | 0x7ea5024b40 | 0000 | RGBA_8888 |   0.0    0.0  720.0 1280.0 |    0    0  720 1280 | org.mozilla.fenix/org.mozilla.fenix.App#0
10-15 21:38:54.767  3447  3447 I SurfaceFlinger:      Client | 0x7ea50243c0 | 0000 | RGBA_8888 |   0.0    0.0  720.0 1280.0 |    0    0  720 1280 | Splash Screen org.mozilla.fenix#0
10-15 21:38:54.767  3447  3447 I SurfaceFlinger:      Client | 0x7ea5024e40 | 0000 | RGBA_8888 |   0.0    0.0  720.0   42.0 |    0    0  720   42 | StatusBar#0
10-15 21:38:54.767  3447  3447 I SurfaceFlinger: 
10-15 21:38:54.769 26434 26465 W linker  : "/data/app/org.mozilla.fenix-iWpGOrf8cry6RDpwHyQugA==/lib/arm64/libxul.so" unused DT entry: type 0x8000024 arg 0x539420
10-15 21:38:54.769 26434 26465 W linker  : "/data/app/org.mozilla.fenix-iWpGOrf8cry6RDpwHyQugA==/lib/arm64/libxul.so" unused DT entry: type 0x8000023 arg 0x17d68
10-15 21:38:54.769 26434 26465 W linker  : "/data/app/org.mozilla.fenix-iWpGOrf8cry6RDpwHyQugA==/lib/arm64/libxul.so" unused DT entry: type 0x8000025 arg 0x8
10-15 21:38:54.772 19438 19556 D ScanRecord: Not a Multi Manu data
10-15 21:38:54.772 19438 19556 I chatty  : uid=1002(bluetooth) BT Service Call identical 11 lines
10-15 21:38:54.772 19438 19556 D ScanRecord: Not a Multi Manu data
10-15 21:38:54.773 26279 26279 V InputMethodManager: Starting input: tba=android.view.inputmethod.EditorInfo@6b57a07 nm : org.mozilla.fenix ic=null
10-15 21:38:54.791 19438 19556 D ScanRecord: Not a Multi Manu data
10-15 21:38:54.792 19438 19556 I chatty  : uid=1002(bluetooth) BT Service Call identical 11 lines
10-15 21:38:54.792 19438 19556 D ScanRecord: Not a Multi Manu data
10-15 21:38:54.792 26434 26465 E GeckoLibLoad: Loaded libs in 25.439577ms total, 16ms(16ms) user, 8ms(8ms) system, 0(0) faults
10-15 21:38:54.792 26434 26465 W GeckoThread: zerdatime 1061122171 - runGecko
10-15 21:38:54.797 12416 12416 E adbd    : recv: OPEN 00000727 00000000 003e:73 68 65 6C 6C 2C 76 32 2C 54 45 52 4D 3D 78 74 65 72 6D 2D 32 35 36 63 6F 6C 6F 72 2C 72 61 77 3A 67 65 74 70 72 6F 70 20 72 6F 2E 62 75 69 6C 64 2E 76 65 72 73 69 6F 6E 2E 73 64 6B 00 
10-15 21:38:54.798 12416 12416 E adbd    : service_to_fd: shell,v2,TERM=xterm-256color,raw:getprop ro.build.version.sdk
10-15 21:38:54.812 19438 19556 D ScanRecord: Not a Multi Manu data
10-15 21:38:54.837 19438 19556 I chatty  : uid=1002(bluetooth) BT Service Call identical 50 lines
10-15 21:38:54.837 19438 19556 D ScanRecord: Not a Multi Manu data
10-15 21:38:54.840 26279 26279 D skia    : approximate: numPoints=40, lengths[39]=620.200073, totalLength=620.200073, segmentPoints[39]=[422.600037,0.000000]
10-15 21:38:54.840 26279 26279 D skia    : approximate: approximation[117]=1.000000, approximation[118]=422.600037, approximation[119]=0.000000
10-15 21:38:54.841 26279 26279 D skia    : approximate: numPoints=4, lengths[3]=3.448155, totalLength=3.448155, segmentPoints[3]=[3.000000,0.100000]
10-15 21:38:54.841 26279 26279 D skia    : approximate: approximation[9]=1.000000, approximation[10]=3.000000, approximation[11]=0.100000
10-15 21:38:54.843 19438 19556 D ScanRecord: Not a Multi Manu data
10-15 21:38:54.844 19438 19556 I chatty  : uid=1002(bluetooth) BT Service Call identical 24 lines
10-15 21:38:54.844 19438 19556 D ScanRecord: Not a Multi Manu data
10-15 21:38:54.845 26279 26279 D skia    : approximate: numPoints=37, lengths[36]=722.199951, totalLength=722.199951, segmentPoints[36]=[199.600006,0.000000]
10-15 21:38:54.845 26279 26279 D skia    : approximate: approximation[108]=1.000000, approximation[109]=199.600006, approximation[110]=0.000000
10-15 21:38:54.846 26279 26279 D skia    : approximate: numPoints=3, lengths[2]=2.472497, totalLength=2.472497, segmentPoints[2]=[2.000000,0.100000]
10-15 21:38:54.846 26279 26279 D skia    : approximate: approximation[6]=1.000000, approximation[7]=2.000000, approximation[8]=0.100000
10-15 21:38:54.848 19438 19556 D ScanRecord: Not a Multi Manu data
10-15 21:38:54.848 19438 19556 I chatty  : uid=1002(bluetooth) BT Service Call identical 12 lines
10-15 21:38:54.856 26279 26279 V InputMethodManager: Starting input: tba=android.view.inputmethod.EditorInfo@c28b73 nm : org.mozilla.fenix ic=null
10-15 21:38:54.856 19438 19556 D ScanRecord: Not a Multi Manu data
10-15 21:38:54.856 19438 19556 D ScanRecord: Not a Multi Manu data
10-15 21:38:54.856 26279 26279 I InputMethodManager: startInputInner - mService.startInputOrWindowGainedFocus
10-15 21:38:54.856 19438 19556 D ScanRecord: Not a Multi Manu data
10-15 21:38:54.856 19438 19556 I chatty  : uid=1002(bluetooth) BT Service Call identical 9 lines
10-15 21:38:54.856 19438 19556 D ScanRecord: Not a Multi Manu data
10-15 21:38:54.856  3957  5415 D InputMethodManagerService: startInputOrWindowGainedFocus : startInput 
10-15 21:38:54.857  3957  5415 D InputMethodManagerService: setCurrentInputInfo - inputContext : null eidtorInfo : android.view.inputmethod.EditorInfo@969dffa missingMethods : 0
10-15 21:38:54.857 19735 19735 I InputMethodWrapper:  call dispatchStartInputWithToken
10-15 21:38:54.857 19735 19735 I InputMethodService: dispatchStartInputWithToken
10-15 21:38:54.857 19735 19735 I SKBD    : SamsungKeypad [IMI] onStartInput - caller pid : 26279, caller uid : 10169
10-15 21:38:54.868 19438 19556 D ScanRecord: Not a Multi Manu data
10-15 21:38:54.868 19438 19556 I chatty  : uid=1002(bluetooth) BT Service Call identical 11 lines
10-15 21:38:54.868 19438 19556 D ScanRecord: Not a Multi Manu data
10-15 21:38:54.869  3599  3918 D DnsProxyListener: DNSDBG::dns addrinfo af 0
10-15 21:38:54.872 26235 26494 I BatteryMgr:DataCollectionService: stats => 1697398734872,-85,4250,104,0,100
10-15 21:38:54.875 19438 19556 D ScanRecord: Not a Multi Manu data
10-15 21:38:54.894 19438 19556 I chatty  : uid=1002(bluetooth) BT Service Call identical 71 lines
10-15 21:38:54.894 19438 19556 D ScanRecord: Not a Multi Manu data
10-15 21:38:54.894  3447  3447 I SurfaceFlinger: Display 0 HWC layers:
10-15 21:38:54.894  3447  3447 I SurfaceFlinger:     type    |    handle    | flag |  format   |   source crop (l,t,r,b)    |         frame       | name 
10-15 21:38:54.894  3447  3447 I SurfaceFlinger: ------------+--------------+------+-----------+----------------------------+---------------------+------
10-15 21:38:54.894  3447  3447 I SurfaceFlinger:      Device | 0x7ea5025140 | 0000 | RGBA_8888 |   0.0    0.0  720.0 1280.0 |    0    0  720 1280 | org.mozilla.fenix/org.mozilla.fenix.App#0
10-15 21:38:54.894  3447  3447 I SurfaceFlinger:      Device | 0x7ea5024e40 | 0000 | RGBA_8888 |   0.0    0.0  720.0   42.0 |    0    0  720   42 | StatusBar#0
10-15 21:38:54.894  3447  3447 I SurfaceFlinger: 
10-15 21:38:54.894 19438 19556 D ScanRecord: Not a Multi Manu data
10-15 21:38:54.894 19438 19556 I chatty  : uid=1002(bluetooth) BT Service Call identical 3 lines
10-15 21:38:54.894 19438 19556 D ScanRecord: Not a Multi Manu data
10-15 21:38:54.894  3957  4025 I WindowManager: Destroying surface Surface(name=Splash Screen org.mozilla.fenix) called by com.android.server.wm.WindowStateAnimator.destroySurface:2501 com.android.server.wm.WindowStateAnimator.destroySurfaceLocked:985 com.android.server.wm.WindowState.destroyOrSaveSurfaceUnchecked:3670 com.android.server.wm.WindowState.destroySurface:3618 com.android.server.wm.AppWindowToken.destroySurfaces:722 com.android.server.wm.AppWindowToken.destroySurfaces:706 com.android.server.wm.WindowState.onExitAnimationDone:5316 com.android.server.wm.WindowStateAnimator.stepAnimationLocked:550 
10-15 21:38:54.894  3447  5168 I SurfaceFlinger: id=1676 Removed Splash Screen org.mozilla.fenix#0 (4/5)
10-15 21:38:54.896 19438 19556 D ScanRecord: Not a Multi Manu data
10-15 21:38:54.898 19438 19556 I chatty  : uid=1002(bluetooth) BT Service Call identical 24 lines
10-15 21:38:54.898 19438 19556 D ScanRecord: Not a Multi Manu data
10-15 21:38:54.904  3447  3489 I SurfaceFlinger: id=1676 Removed Splash Screen org.mozilla.fenix#0 (-2/5)
10-15 21:38:54.908  3447  3447 I Layer   : id=1676 onRemoved Splash Screen org.mozilla.fenix#0 
10-15 21:38:54.920 19438 19556 D ScanRecord: Not a Multi Manu data
10-15 21:38:54.935 19438 19556 I chatty  : uid=1002(bluetooth) BT Service Call identical 24 lines
10-15 21:38:54.935 19438 19556 D ScanRecord: Not a Multi Manu data
10-15 21:38:54.939 26434 26465 W AudioCapabilities: Unsupported mime audio/mpeg-L1
10-15 21:38:54.940 26434 26465 W AudioCapabilities: Unsupported mime audio/mpeg-L2
10-15 21:38:54.942 26434 26465 W AudioCapabilities: Unsupported mime audio/x-ms-wma
10-15 21:38:54.944 26434 26465 W AudioCapabilities: Unsupported mime audio/x-ima
10-15 21:38:54.949 19438 19556 D ScanRecord: Not a Multi Manu data
10-15 21:38:54.949 19438 19556 I chatty  : uid=1002(bluetooth) BT Service Call identical 11 lines
10-15 21:38:54.949 19438 19556 D ScanRecord: Not a Multi Manu data
10-15 21:38:54.953  4340  4340 D KeyguardUpdateMonitor: handleStatusBarState( false )
10-15 21:38:54.953 26434 26465 W VideoCapabilities: Unrecognized profile 2130706433 for video/avc
10-15 21:38:54.953 26434 26465 W VideoCapabilities: Unrecognized profile 2130706434 for video/avc
10-15 21:38:54.956 19438 19556 D ScanRecord: Not a Multi Manu data
10-15 21:38:54.956 19438 19556 I chatty  : uid=1002(bluetooth) BT Service Call identical 11 lines
10-15 21:38:54.956 19438 19556 D ScanRecord: Not a Multi Manu data
10-15 21:38:54.956 26434 26465 W VideoCapabilities: Unrecognized profile 2130706433 for video/avc
10-15 21:38:54.957 26434 26465 W VideoCapabilities: Unrecognized profile 2130706434 for video/avc
10-15 21:38:54.962 19438 19556 D ScanRecord: Not a Multi Manu data
10-15 21:38:54.962 19438 19556 I chatty  : uid=1002(bluetooth) BT Service Call identical 11 lines
10-15 21:38:54.962 19438 19556 D ScanRecord: Not a Multi Manu data
10-15 21:38:54.973 26434 26465 W VideoCapabilities: Unrecognized profile 2130706433 for video/avc
10-15 21:38:54.973 26434 26465 W VideoCapabilities: Unrecognized profile 2130706434 for video/avc
10-15 21:38:54.977 26434 26465 W VideoCapabilities: Unsupported mime video/avc-wfd
10-15 21:38:54.978 19438 19556 D ScanRecord: Not a Multi Manu data
10-15 21:38:54.979 19438 19556 I chatty  : uid=1002(bluetooth) BT Service Call identical 11 lines
10-15 21:38:54.979 19438 19556 D ScanRecord: Not a Multi Manu data
10-15 21:38:54.981 26235 26494 I BatteryMgr:DataCollectionService: stats => 1697398734981,-85,4250,104,0,100
10-15 21:38:54.989 19438 19556 D ScanRecord: Not a Multi Manu data
10-15 21:38:55.001 19438 19556 I chatty  : uid=1002(bluetooth) BT Service Call identical 37 lines
10-15 21:38:55.001 19438 19556 D ScanRecord: Not a Multi Manu data
10-15 21:38:55.003 26434 26465 I VideoCapabilities: Unsupported profile 4 for video/mp4v-es
10-15 21:38:55.022  3957 12585 V WindowManager: Relayout Window{5d4d04a u0 org.mozilla.fenix/org.mozilla.fenix.App}: viewVisibility=0 req=720x1280 WM.LayoutParams{(0,0)(fillxfill) sim=#10 ty=1 fl=#81010100 pfl=0x20000 fmt=-3 wanim=0x7f1404fa vsysui=0x2610 needsMenuKey=2 colorMode=0 naviIconColor=0}
10-15 21:38:55.026 26279 26279 D ViewRootImpl@d9fc05[App]: Relayout returned: old=[0,0][720,1280] new=[0,0][720,1280] result=0x1 surface={valid=true 499293073408} changed=false
10-15 21:38:55.034 26434 26465 W VideoCapabilities: Unrecognized profile/level 1/32 for video/mp4v-es
10-15 21:38:55.034 26434 26465 W VideoCapabilities: Unrecognized profile/level 32768/2 for video/mp4v-es
10-15 21:38:55.034 26434 26465 W VideoCapabilities: Unrecognized profile/level 32768/64 for video/mp4v-es
10-15 21:38:55.037 26434 26465 W VideoCapabilities: Unsupported mime video/wvc1
10-15 21:38:55.038 26434 26465 W VideoCapabilities: Unsupported mime video/x-ms-wmv
10-15 21:38:55.041 26434 26465 W VideoCapabilities: Unsupported mime video/x-ms-wmv7
10-15 21:38:55.053 26434 26465 W VideoCapabilities: Unsupported mime video/x-ms-wmv8
10-15 21:38:55.055 18970 18981 I FontLog : (REDACTED) Received query %s, URI %s
10-15 21:38:55.056 26434 26465 W VideoCapabilities: Unsupported mime video/mp43
10-15 21:38:55.058 18970 18981 I FontLog : (REDACTED) Query [%s] resolved to %s
10-15 21:38:55.071 18970 18981 I FontLog : (REDACTED) Fetch %s end status %s
10-15 21:38:55.082 18970 18981 I FontLog : (REDACTED) Pulling font file for id = %d, cache size = %d
10-15 21:38:55.086 26434 26465 W AudioCapabilities: Unsupported mime audio/mpeg-L1
10-15 21:38:55.086 26434 26465 W AudioCapabilities: Unsupported mime audio/mpeg-L2
10-15 21:38:55.087 26434 26465 W AudioCapabilities: Unsupported mime audio/x-ms-wma
10-15 21:38:55.087 26434 26465 W AudioCapabilities: Unsupported mime audio/x-ima
10-15 21:38:55.090 26434 26465 W VideoCapabilities: Unrecognized profile 2130706433 for video/avc
10-15 21:38:55.090 26434 26465 W VideoCapabilities: Unrecognized profile 2130706434 for video/avc
10-15 21:38:55.090 26235 26494 I BatteryMgr:DataCollectionService: stats => 1697398735090,-85,4250,104,0,100
10-15 21:38:55.092 18970 18981 I FontLog : (REDACTED) Pulling font file for id = %d, cache size = %d
10-15 21:38:55.094  3957  5415 V WindowManager: rotationForOrientationLw(orient=2, last=0); user=0  sensorRotation=-1 mLidState=-1 mDockMode=0 mHdmiPlugged=false
10-15 21:38:55.104 26279 26279 I DefaultSupportedAddonsChecker: Unregister check for new supported add-ons
10-15 21:38:55.107  3957 12585 D BatteryService: !@BatteryListener : batteryPropertiesChanged!
10-15 21:38:55.110 26434 26465 W VideoCapabilities: Unrecognized profile/level 1/32 for video/mp4v-es
10-15 21:38:55.110 26434 26465 W VideoCapabilities: Unrecognized profile/level 32768/2 for video/mp4v-es
10-15 21:38:55.110 26434 26465 W VideoCapabilities: Unrecognized profile/level 32768/64 for video/mp4v-es
10-15 21:38:55.112 26434 26465 W VideoCapabilities: Unsupported mime video/wvc1
10-15 21:38:55.112  3957 12585 V WindowManager: Relayout Window{5d4d04a u0 org.mozilla.fenix/org.mozilla.fenix.App}: viewVisibility=0 req=720x1280 WM.LayoutParams{(0,0)(fillxfill) sim=#10 ty=1 fl=#81010100 pfl=0x20000 fmt=-3 wanim=0x7f1404fa vsysui=0x2610 needsMenuKey=2 colorMode=0 naviIconColor=0}
10-15 21:38:55.114 26434 26465 W VideoCapabilities: Unsupported mime video/x-ms-wmv
10-15 21:38:55.116 26434 26465 W VideoCapabilities: Unsupported mime video/x-ms-wmv7
10-15 21:38:55.117 26279 26279 D ViewRootImpl@d9fc05[App]: Relayout returned: old=[0,0][720,1280] new=[0,0][720,1280] result=0x1 surface={valid=true 499293073408} changed=false
10-15 21:38:55.119 26434 26465 W VideoCapabilities: Unsupported mime video/x-ms-wmv8
10-15 21:38:55.120 26434 26465 W VideoCapabilities: Unsupported mime video/mp43
10-15 21:38:55.123  3957  4128 D WifiService: getConnectionInfo uid=1000
10-15 21:38:55.136 26279 26279 I WebExtension: releasePendingMessages: extension=webcompat-reporter@mozilla.org nativeApp=mozacWebcompatReporter session=null
10-15 21:38:55.140 26279 26279 I WebExtension: releasePendingMessages: extension=fxa@mozac.org nativeApp=mozacWebchannel session=org.mozilla.geckoview.GeckoSession@ac88896
10-15 21:38:55.140 26279 26279 I WebExtension: releasePendingMessages: extension=fxa@mozac.org nativeApp=mozacWebchannelBackground session=null
10-15 21:38:55.141 26279 26279 I WebExtension: releasePendingMessages: extension=readerview@mozac.org nativeApp=mozacReaderviewActive session=org.mozilla.geckoview.GeckoSession@ac88896
10-15 21:38:55.141 26279 26279 I WebExtension: releasePendingMessages: extension=readerview@mozac.org nativeApp=mozacReaderview session=org.mozilla.geckoview.GeckoSession@ac88896
10-15 21:38:55.151 26279 26279 I WebExtension: releasePendingMessages: extension=readerview@mozac.org nativeApp=mozacReaderviewActive session=org.mozilla.geckoview.GeckoSession@ac88896
10-15 21:38:55.151 26279 26279 I WebExtension: releasePendingMessages: extension=readerview@mozac.org nativeApp=mozacReaderview session=org.mozilla.geckoview.GeckoSession@ac88896
10-15 21:38:55.152 26279 26279 I SessionPrioritizationMiddleware: Update the currentSelectedTab dedcbbbf-2255-4450-82a7-d17516b4b0f6 priority to HIGH
10-15 21:38:55.173 26279 26279 I WebExtension: releasePendingMessages: extension=icons@mozac.org nativeApp=MozacBrowserIcons session=org.mozilla.geckoview.GeckoSession@ac88896
10-15 21:38:55.187 26279 26279 I WebExtension: releasePendingMessages: extension=ads@mozac.org nativeApp=MozacBrowserAdsMessage session=org.mozilla.geckoview.GeckoSession@ac88896
10-15 21:38:55.187 26279 26279 I WebExtension: releasePendingMessages: extension=cookies@mozac.org nativeApp=MozacBrowserSearchMessage session=org.mozilla.geckoview.GeckoSession@ac88896
10-15 21:38:55.199 26235 26494 I BatteryMgr:DataCollectionService: stats => 1697398735199,-85,4250,104,0,100
10-15 21:38:55.210  3957  3972 D ApplicationPolicy: isStatusBarNotificationAllowedAsUser: packageName = android,userId = 0
10-15 21:38:55.210  3957  3972 D API test: getContainerInfo: value is 
10-15 21:38:55.210  3957  3972 D ApplicationPolicy: isStatusBarNotificationAllowedAsUser: packageName = android,userId = 0
10-15 21:38:55.210  3957  3972 D API test: getContainerInfo: value is 
10-15 21:38:55.211  3957  3972 E NotificationService: Suppressing notification from package by user request.
10-15 21:38:55.248 26279 26308 W ResourceType: Too many attribute references, stopped at: 0x01010099
10-15 21:38:55.257  3957  3957 D PreBindingService: handleMessage : 1
10-15 21:38:55.273 26279 26499 I libglean_ffi: glean_core::upload: Ping 9267b1e6-54fc-473c-80b1-4c838c55994c successfully sent 200.
10-15 21:38:55.275 26279 26499 I libglean_ffi: glean_core::upload::directory: File was deleted /data/user/0/org.mozilla.fenix/glean_data/pending_pings/9267b1e6-54fc-473c-80b1-4c838c55994c
10-15 21:38:55.276 26279 26499 I libglean_ffi: glean_core::upload: New upload task with id cec971f0-4398-486f-82ca-a30f8cf245d4 (path: /submit/org-mozilla-fenix/baseline/1/cec971f0-4398-486f-82ca-a30f8cf245d4)
10-15 21:38:55.305 26235 26494 I BatteryMgr:DataCollectionService: stats => 1697398735305,-85,4250,104,0,100
10-15 21:38:55.328 26360 26389 W linker  : "/data/app/org.mozilla.fenix-iWpGOrf8cry6RDpwHyQugA==/lib/arm64/libmozglue.so" unused DT entry: type 0x8000024 arg 0x38f70
10-15 21:38:55.328 26360 26389 W linker  : "/data/app/org.mozilla.fenix-iWpGOrf8cry6RDpwHyQugA==/lib/arm64/libmozglue.so" unused DT entry: type 0x8000023 arg 0x1f8
10-15 21:38:55.328 26360 26389 W linker  : "/data/app/org.mozilla.fenix-iWpGOrf8cry6RDpwHyQugA==/lib/arm64/libmozglue.so" unused DT entry: type 0x8000025 arg 0x8
10-15 21:38:55.330 26360 26389 I GeckoLoader: Library base=/data/app/org.mozilla.fenix-iWpGOrf8cry6RDpwHyQugA==/lib/arm64
10-15 21:38:55.331 26360 26389 I GeckoLoader: Library base=/data/app/org.mozilla.fenix-iWpGOrf8cry6RDpwHyQugA==/lib/arm64
10-15 21:38:55.332 26360 26389 E GeckoLibLoad: Load sqlite start
10-15 21:38:55.333 26360 26389 W linker  : "/data/app/org.mozilla.fenix-iWpGOrf8cry6RDpwHyQugA==/lib/arm64/libnss3.so" unused DT entry: type 0x8000024 arg 0x14998
10-15 21:38:55.333 26360 26389 W linker  : "/data/app/org.mozilla.fenix-iWpGOrf8cry6RDpwHyQugA==/lib/arm64/libnss3.so" unused DT entry: type 0x8000023 arg 0x5c8
10-15 21:38:55.333 26360 26389 W linker  : "/data/app/org.mozilla.fenix-iWpGOrf8cry6RDpwHyQugA==/lib/arm64/libnss3.so" unused DT entry: type 0x8000025 arg 0x8
10-15 21:38:55.334 26360 26389 E GeckoLibLoad: Load sqlite done
10-15 21:38:55.334 26360 26389 I GeckoLoader: Library base=/data/app/org.mozilla.fenix-iWpGOrf8cry6RDpwHyQugA==/lib/arm64
10-15 21:38:55.334 26360 26389 E GeckoLibLoad: Load nss start
10-15 21:38:55.334 26360 26389 E GeckoLibLoad: Load nss done
10-15 21:38:55.334 26360 26389 I GeckoLoader: Library base=/data/app/org.mozilla.fenix-iWpGOrf8cry6RDpwHyQugA==/lib/arm64
10-15 21:38:55.335  3957  3957 D CustomFrequencyManagerService: releaseDVFSLockLocked : Getting Lock type frm List : DVFS_MIN_LIMIT  frequency : 1560000  uid : 1000  pid : 3957  tag : AMS_RESUME_TAIL@CPU_MIN@58
10-15 21:38:55.335 26279 26308 W AudioCapabilities: Unsupported mime audio/mpeg-L1
10-15 21:38:55.336 26279 26308 W AudioCapabilities: Unsupported mime audio/mpeg-L2
10-15 21:38:55.337 26360 26389 W linker  : "/data/app/org.mozilla.fenix-iWpGOrf8cry6RDpwHyQugA==/lib/arm64/libxul.so" unused DT entry: type 0x8000024 arg 0x539420
10-15 21:38:55.337 26360 26389 W linker  : "/data/app/org.mozilla.fenix-iWpGOrf8cry6RDpwHyQugA==/lib/arm64/libxul.so" unused DT entry: type 0x8000023 arg 0x17d68
10-15 21:38:55.337 26360 26389 W linker  : "/data/app/org.mozilla.fenix-iWpGOrf8cry6RDpwHyQugA==/lib/arm64/libxul.so" unused DT entry: type 0x8000025 arg 0x8
10-15 21:38:55.337 26279 26308 W AudioCapabilities: Unsupported mime audio/x-ms-wma
10-15 21:38:55.338 26279 26308 W AudioCapabilities: Unsupported mime audio/x-ima
10-15 21:38:55.341 26279 26308 W VideoCapabilities: Unrecognized profile 2130706433 for video/avc
10-15 21:38:55.341 26279 26308 W VideoCapabilities: Unrecognized profile 2130706434 for video/avc
10-15 21:38:55.343 26279 26308 W VideoCapabilities: Unrecognized profile 2130706433 for video/avc
10-15 21:38:55.343 26279 26308 W VideoCapabilities: Unrecognized profile 2130706434 for video/avc
10-15 21:38:55.351 26279 26308 W VideoCapabilities: Unrecognized profile 2130706433 for video/avc
10-15 21:38:55.351 26279 26308 W VideoCapabilities: Unrecognized profile 2130706434 for video/avc
10-15 21:38:55.353 26279 26308 W VideoCapabilities: Unsupported mime video/avc-wfd
10-15 21:38:55.357 26360 26389 E GeckoLibLoad: Loaded libs in 22.845115ms total, 8ms(4ms) user, 16ms(16ms) system, 0(0) faults
10-15 21:38:55.358 26360 26389 W GeckoThread: zerdatime 1061122736 - runGecko
10-15 21:38:55.366  3957  4089 D MdnieScenarioControlService:  packageName : org.mozilla.fenix    className : org.mozilla.fenix.App
10-15 21:38:55.367  3957  4089 V MdnieScenarioControlService: setUIMode from UI function(3)
10-15 21:38:55.371 26279 26308 I VideoCapabilities: Unsupported profile 4 for video/mp4v-es
10-15 21:38:55.387 26279 26308 W VideoCapabilities: Unrecognized profile/level 1/32 for video/mp4v-es
10-15 21:38:55.387 26279 26308 W VideoCapabilities: Unrecognized profile/level 32768/2 for video/mp4v-es
10-15 21:38:55.387 26279 26308 W VideoCapabilities: Unrecognized profile/level 32768/64 for video/mp4v-es
10-15 21:38:55.388 26279 26308 W VideoCapabilities: Unsupported mime video/wvc1
10-15 21:38:55.389 26279 26308 W VideoCapabilities: Unsupported mime video/x-ms-wmv
10-15 21:38:55.391 26279 26308 W VideoCapabilities: Unsupported mime video/x-ms-wmv7
10-15 21:38:55.392 26279 26308 W VideoCapabilities: Unsupported mime video/x-ms-wmv8
10-15 21:38:55.393 26279 26308 W VideoCapabilities: Unsupported mime video/mp43
10-15 21:38:55.399  3957  4129 D WifiStateMachine:  ConnectedState !CMD_RSSI_POLL rt=400724549/1061122776 50 0 "ourhome" f4:6d:2f:12:cc:88 rssi=-41 f=5240 sc=60 link=433 tx=0.0, 0.0, 0.0  rx=0.8 bcn=38726 [on:0 tx:0 rx:0 period:934] from screen [on:-3103631 period:4290249] score=60
10-15 21:38:55.400 26279 26308 W AudioCapabilities: Unsupported mime audio/mpeg-L1
10-15 21:38:55.400 26279 26308 W AudioCapabilities: Unsupported mime audio/mpeg-L2
10-15 21:38:55.400  3957  4129 D WifiStateMachine:  L2ConnectedState !CMD_RSSI_POLL rt=400724550/1061122777 50 0 "ourhome" f4:6d:2f:12:cc:88 rssi=-41 f=5240 sc=60 link=433 tx=0.0, 0.0, 0.0  rx=0.8 bcn=38726 [on:0 tx:0 rx:0 period:1] from screen [on:-3103631 period:4290250] score=60
10-15 21:38:55.400 26279 26308 W AudioCapabilities: Unsupported mime audio/x-ms-wma
10-15 21:38:55.400 26279 26308 W AudioCapabilities: Unsupported mime audio/x-ima
10-15 21:38:55.400  3957  4129 D WifiStateMachine:  get link layer stats 3
10-15 21:38:55.400  3436  3436 I android.hardware.wifi@1.0-service: getLinkLayerStats
10-15 21:38:55.401 26279 26308 W VideoCapabilities: Unrecognized profile 2130706433 for video/avc
10-15 21:38:55.401 26279 26308 W VideoCapabilities: Unrecognized profile 2130706434 for video/avc
10-15 21:38:55.404  3957  4129 D WifiStateMachine: fetchRssiLinkSpeedAndFrequencyNative rssi=-42 linkspeed=433 freq=5240
10-15 21:38:55.405 26279 26308 W VideoCapabilities: Unrecognized profile/level 1/32 for video/mp4v-es
10-15 21:38:55.405 26279 26308 W VideoCapabilities: Unrecognized profile/level 32768/2 for video/mp4v-es
10-15 21:38:55.405 26279 26308 W VideoCapabilities: Unrecognized profile/level 32768/64 for video/mp4v-es
10-15 21:38:55.406 26279 26308 W VideoCapabilities: Unsupported mime video/wvc1
10-15 21:38:55.407 26279 26308 W VideoCapabilities: Unsupported mime video/x-ms-wmv
10-15 21:38:55.407  4340  4340 E SignalClusterView: setSlotFocusVisible : subId -2
10-15 21:38:55.407  4340  4340 E SignalClusterView: setSlotFocusVisible : subId -2
10-15 21:38:55.407 26279 26308 W VideoCapabilities: Unsupported mime video/x-ms-wmv7
10-15 21:38:55.408 26279 26308 W VideoCapabilities: Unsupported mime video/x-ms-wmv8
10-15 21:38:55.409 26279 26308 W VideoCapabilities: Unsupported mime video/mp43
10-15 21:38:55.415 26235 26494 I BatteryMgr:DataCollectionService: stats => 1697398735415,-85,4250,104,0,100
10-15 21:38:55.426 26434 26518 D libGLESv2: STS_GLApi : DTS, ODTC are not allowed for Package : org.mozilla.fenix:gpu
10-15 21:38:55.432 26434 26449 V Surface : sf_framedrop debug : 0x4f4c, game : false, logging : 0
10-15 21:38:55.438 26434 26518 D mali_winsys: EGLint new_window_surface(egl_winsys_display *, void *, EGLSurface, EGLConfig, egl_winsys_surface **, egl_color_buffer_format *, EGLBoolean) returns 0x3000,  [720x1238]-format:2
10-15 21:38:55.442 26279 26308 I GeckoSession: zerdatime 1061122820 - chrome startup finished
10-15 21:38:55.463 26279 26279 I GeckoSession: handleMessage GeckoView:PageStart uri=
10-15 21:38:55.465  3957  4129 D WifiStateMachine:  ConnectedState !RSSI_PKTCNT_FETCH uid=1000 rt=400724615/1061122842 0 0 "ourhome" f4:6d:2f:12:cc:88 rssi=-42 f=5240 sc=60 link=433 tx=61.5, 0.0, 0.0  rx=63.0 bcn=38756 [on:0 tx:0 rx:0 period:59] from screen [on:-3102680 period:4290315] score=60
10-15 21:38:55.466  3957  4129 D WifiStateMachine:  L2ConnectedState !RSSI_PKTCNT_FETCH uid=1000 rt=400724616/1061122843 0 0 "ourhome" f4:6d:2f:12:cc:88 rssi=-42 f=5240 sc=60 link=433 tx=61.5, 0.0, 0.0  rx=63.0 bcn=38756 [on:0 tx:0 rx:0 period:1] from screen [on:-3102680 period:4290316] score=60
10-15 21:38:55.468 26279 26279 I GeckoSession: handleMessage GeckoView:PageStop uri=null
10-15 21:38:55.468  3957  4129 D WifiStateMachine: fetchRssiLinkSpeedAndFrequencyNative rssi=-42 linkspeed=433 freq=5240
10-15 21:38:55.494 26279 26279 I GeckoSession: handleMessage GeckoView:PageStart uri=
10-15 21:38:55.498  3599  3918 D DnsProxyListener: DNSDBG::dns addrinfo af 0
10-15 21:38:55.524 26235 26494 I BatteryMgr:DataCollectionService: stats => 1697398735524,-85,4250,104,0,100
10-15 21:38:55.531 26279 26308 D GeckoIdleService: Setting timer a day from now
10-15 21:38:55.538 26279 26308 D GeckoIdleService: Register idle observer 0x741d4d7308 for 5 seconds
10-15 21:38:55.538 26279 26308 D GeckoIdleService: Register: adjusting next switch from -1 to 5 seconds
10-15 21:38:55.538 26279 26308 D GeckoIdleService: next timeout 4994 msec from now
10-15 21:38:55.538 26279 26308 D GeckoIdleService: SetTimerExpiryIfBefore: next timeout 4994 msec from now
10-15 21:38:55.538 26279 26308 D GeckoIdleService: reset timer expiry to 5004 msec from now
10-15 21:38:55.561  3447  3447 I SurfaceFlinger: Display 0 HWC layers:
10-15 21:38:55.561  3447  3447 I SurfaceFlinger:     type    |    handle    | flag |  format   |   source crop (l,t,r,b)    |         frame       | name 
10-15 21:38:55.561  3447  3447 I SurfaceFlinger: ------------+--------------+------+-----------+----------------------------+---------------------+------
10-15 21:38:55.561  3447  3447 I SurfaceFlinger:      Device | 0x7ea5024780 | 0000 | RGBx_8888 |   0.0    0.0  720.0 1238.0 |    0   42  720 1280 | SurfaceView - org.mozilla.fenix/org.mozilla.fenix.App@b6c1bf3@0#0
10-15 21:38:55.561  3447  3447 I SurfaceFlinger:      Device | 0x7ea5024900 | 0000 | RGBA_8888 |   0.0    0.0  720.0 1280.0 |    0    0  720 1280 | org.mozilla.fenix/org.mozilla.fenix.App#0
10-15 21:38:55.561  3447  3447 I SurfaceFlinger:      Device | 0x7ea50249c0 | 0000 | RGBA_8888 |   0.0    0.0  720.0   42.0 |    0    0  720   42 | StatusBar#0
10-15 21:38:55.561  3447  3447 I SurfaceFlinger: 
10-15 21:38:55.613  3957 12585 D StorageManagerService: getExternalStorageMountMode : 1
10-15 21:38:55.613  3957 12585 D StorageManagerService: getExternalStorageMountMode : 3
10-15 21:38:55.614  3957 12585 D StorageManagerService: getExternalStorageMountMode : final mountMode=1, uid : 10169, packageName : org.mozilla.fenix
10-15 21:38:55.614  3957 12585 I ApplicationPolicy: isApplicationExternalStorageWhitelisted:org.mozilla.fenix user:0
10-15 21:38:55.614  3957 12585 D ApplicationPolicy: isApplicationExternalStorageWhitelisted: DO is not enabled on user 0. Allowed.
10-15 21:38:55.614  3957 12585 D ActivityManager: package  org.mozilla.fenix, user - 0 is SDcard whitelisted
10-15 21:38:55.614  3957 12585 I ApplicationPolicy: isApplicationExternalStorageBlacklisted:org.mozilla.fenix user:0
10-15 21:38:55.614  3957 12585 D ApplicationPolicy: isApplicationExternalStorageBlacklisted: DO is not enabled on user 0. Allowed.
10-15 21:38:55.634  3957 12585 I ActivityManager: Start proc 26598:org.mozilla.fenix:tab33/u0a169 for service org.mozilla.fenix/org.mozilla.gecko.process.GeckoChildProcessServices$tab33
10-15 21:38:55.635 26598 26598 E Zygote  : isWhitelistProcess - Process is Whitelisted
10-15 21:38:55.636 26598 26598 E libpersona: scanKnoxPersonas
10-15 21:38:55.637 26598 26598 E libpersona: Couldn't open the File - /data/system/users/0/personalist.xml - No such file or directory
10-15 21:38:55.640 26235 26494 I BatteryMgr:DataCollectionService: stats => 1697398735640,-85,4250,104,0,100
10-15 21:38:55.641 26598 26598 W SELinux : SELinux selinux_android_compute_policy_index : Policy Index[2],  Con:u:r:zygote:s0 RAM:SEPF_SM-J720F_8.0.0_0002, [-1 -1 -1 -1 0 1]
10-15 21:38:55.643 26598 26598 I SELinux : SELinux: seapp_context_lookup: seinfo=untrusted, level=s0:c512,c768, pkgname=org.mozilla.fenix:tab33 
10-15 21:38:55.669 26598 26598 D TimaKeyStoreProvider: TimaKeyStore is not enabled: cannot add TimaSignature Service and generateKeyPair Service
10-15 21:38:55.669 26598 26598 D ActivityThread: Added TimaKeyStore provider
10-15 21:38:55.672  3957  5415 I ActivityManager: DSS on for org.mozilla.fenix and scale is 1.0
10-15 21:38:55.695 26598 26598 I zygote64: no shared libraies, dex_files: 1
10-15 21:38:55.748 26235 26494 I BatteryMgr:DataCollectionService: stats => 1697398735748,-85,4250,104,0,100
10-15 21:38:55.762 26598 26598 I ServiceChildProcess: onCreate
10-15 21:38:55.762 26598 26615 I GeckoThread: preparing to run Gecko
10-15 21:38:55.766 26279 26308 W AudioCapabilities: Unsupported mime audio/mpeg-L1
10-15 21:38:55.766 26279 26308 W AudioCapabilities: Unsupported mime audio/mpeg-L2
10-15 21:38:55.766 26279 26308 W AudioCapabilities: Unsupported mime audio/x-ms-wma
10-15 21:38:55.766 26279 26308 W AudioCapabilities: Unsupported mime audio/x-ima
10-15 21:38:55.767 26279 26308 W VideoCapabilities: Unrecognized profile 2130706433 for video/avc
10-15 21:38:55.767 26279 26308 W VideoCapabilities: Unrecognized profile 2130706434 for video/avc
10-15 21:38:55.767 26598 26615 W linker  : "/data/app/org.mozilla.fenix-iWpGOrf8cry6RDpwHyQugA==/lib/arm64/libmozglue.so" unused DT entry: type 0x8000024 arg 0x38f70
10-15 21:38:55.767 26598 26615 W linker  : "/data/app/org.mozilla.fenix-iWpGOrf8cry6RDpwHyQugA==/lib/arm64/libmozglue.so" unused DT entry: type 0x8000023 arg 0x1f8
10-15 21:38:55.768 26598 26615 W linker  : "/data/app/org.mozilla.fenix-iWpGOrf8cry6RDpwHyQugA==/lib/arm64/libmozglue.so" unused DT entry: type 0x8000025 arg 0x8
10-15 21:38:55.770 26279 26308 W VideoCapabilities: Unrecognized profile/level 1/32 for video/mp4v-es
10-15 21:38:55.770 26279 26308 W VideoCapabilities: Unrecognized profile/level 32768/2 for video/mp4v-es
10-15 21:38:55.770 26279 26308 W VideoCapabilities: Unrecognized profile/level 32768/64 for video/mp4v-es
10-15 21:38:55.770 26279 26308 W VideoCapabilities: Unsupported mime video/wvc1
10-15 21:38:55.771 26279 26308 W VideoCapabilities: Unsupported mime video/x-ms-wmv
10-15 21:38:55.771 26279 26308 W VideoCapabilities: Unsupported mime video/x-ms-wmv7
10-15 21:38:55.772 26598 26615 I GeckoLoader: Library base=/data/app/org.mozilla.fenix-iWpGOrf8cry6RDpwHyQugA==/lib/arm64
10-15 21:38:55.772 26279 26308 W VideoCapabilities: Unsupported mime video/x-ms-wmv8
10-15 21:38:55.772 26598 26615 I GeckoLoader: Library base=/data/app/org.mozilla.fenix-iWpGOrf8cry6RDpwHyQugA==/lib/arm64
10-15 21:38:55.772 26279 26308 W VideoCapabilities: Unsupported mime video/mp43
10-15 21:38:55.773 26598 26615 E GeckoLibLoad: Load sqlite start
10-15 21:38:55.774 26598 26615 W linker  : "/data/app/org.mozilla.fenix-iWpGOrf8cry6RDpwHyQugA==/lib/arm64/libnss3.so" unused DT entry: type 0x8000024 arg 0x14998
10-15 21:38:55.774 26598 26615 W linker  : "/data/app/org.mozilla.fenix-iWpGOrf8cry6RDpwHyQugA==/lib/arm64/libnss3.so" unused DT entry: type 0x8000023 arg 0x5c8
10-15 21:38:55.774 26598 26615 W linker  : "/data/app/org.mozilla.fenix-iWpGOrf8cry6RDpwHyQugA==/lib/arm64/libnss3.so" unused DT entry: type 0x8000025 arg 0x8
10-15 21:38:55.776 26598 26615 E GeckoLibLoad: Load sqlite done
10-15 21:38:55.776 26598 26615 I GeckoLoader: Library base=/data/app/org.mozilla.fenix-iWpGOrf8cry6RDpwHyQugA==/lib/arm64
10-15 21:38:55.776 26598 26615 E GeckoLibLoad: Load nss start
10-15 21:38:55.776 26598 26615 E GeckoLibLoad: Load nss done
10-15 21:38:55.777 26598 26615 I GeckoLoader: Library base=/data/app/org.mozilla.fenix-iWpGOrf8cry6RDpwHyQugA==/lib/arm64
10-15 21:38:55.780 26598 26615 W linker  : "/data/app/org.mozilla.fenix-iWpGOrf8cry6RDpwHyQugA==/lib/arm64/libxul.so" unused DT entry: type 0x8000024 arg 0x539420
10-15 21:38:55.780 26598 26615 W linker  : "/data/app/org.mozilla.fenix-iWpGOrf8cry6RDpwHyQugA==/lib/arm64/libxul.so" unused DT entry: type 0x8000023 arg 0x17d68
10-15 21:38:55.780 26598 26615 W linker  : "/data/app/org.mozilla.fenix-iWpGOrf8cry6RDpwHyQugA==/lib/arm64/libxul.so" unused DT entry: type 0x8000025 arg 0x8
10-15 21:38:55.813 26598 26615 E GeckoLibLoad: Loaded libs in 35.866539ms total, 20ms(20ms) user, 12ms(16ms) system, 0(0) faults
10-15 21:38:55.813 26598 26615 W GeckoThread: zerdatime 1061123191 - runGecko
10-15 21:38:55.829 26279 26499 I libglean_ffi: glean_core::upload: Ping cec971f0-4398-486f-82ca-a30f8cf245d4 successfully sent 200.
10-15 21:38:55.830  3957  5415 D ConnectivityService: filterNetworkStateForUid() uid: 10169 networkInfo: [type: WIFI[] - WIFI, state: CONNECTED/CONNECTED, reason: (unspecified), extra: "ourhome", failover: false, available: true, roaming: false, metered: false]
10-15 21:38:55.830  3957  5415 D WifiService: getConnectionInfo uid=1000
10-15 21:38:55.833 26279 26499 I libglean_ffi: glean_core::upload::directory: File was deleted /data/user/0/org.mozilla.fenix/glean_data/pending_pings/cec971f0-4398-486f-82ca-a30f8cf245d4
10-15 21:38:55.837 26279 26499 I libglean_ffi: glean_core::upload: New upload task with id 77b5fdd0-89cd-41f2-9ea3-0c963748a32f (path: /submit/org-mozilla-fenix/baseline/1/77b5fdd0-89cd-41f2-9ea3-0c963748a32f)
10-15 21:38:55.856 26235 26494 I BatteryMgr:DataCollectionService: stats => 1697398735856,-85,4250,104,0,100
10-15 21:38:55.897 26360 26389 W linker  : "/data/app/org.mozilla.fenix-iWpGOrf8cry6RDpwHyQugA==/lib/arm64/libsoftokn3.so" unused DT entry: type 0x8000024 arg 0x2580
10-15 21:38:55.897 26360 26389 W linker  : "/data/app/org.mozilla.fenix-iWpGOrf8cry6RDpwHyQugA==/lib/arm64/libsoftokn3.so" unused DT entry: type 0x8000023 arg 0x70
10-15 21:38:55.897 26360 26389 W linker  : "/data/app/org.mozilla.fenix-iWpGOrf8cry6RDpwHyQugA==/lib/arm64/libsoftokn3.so" unused DT entry: type 0x8000025 arg 0x8
10-15 21:38:55.899 26360 26389 W linker  : "/data/app/org.mozilla.fenix-iWpGOrf8cry6RDpwHyQugA==/lib/arm64/libfreebl3.so" unused DT entry: type 0x8000024 arg 0xe78
10-15 21:38:55.899 26360 26389 W linker  : "/data/app/org.mozilla.fenix-iWpGOrf8cry6RDpwHyQugA==/lib/arm64/libfreebl3.so" unused DT entry: type 0x8000023 arg 0x68
10-15 21:38:55.899 26360 26389 W linker  : "/data/app/org.mozilla.fenix-iWpGOrf8cry6RDpwHyQugA==/lib/arm64/libfreebl3.so" unused DT entry: type 0x8000025 arg 0x8
10-15 21:38:55.937  3957  5415 D WifiService: getConnectionInfo uid=1000
10-15 21:38:55.950  3957  5415 I chatty  : uid=1000(system) Binder:3957_F identical 2 lines
10-15 21:38:55.958  3957  5415 D WifiService: getConnectionInfo uid=1000
10-15 21:38:55.965 26235 26494 I BatteryMgr:DataCollectionService: stats => 1697398735964,-85,4250,104,0,100
10-15 21:38:55.972  3957  5415 D WifiService: getConnectionInfo uid=1000
10-15 21:38:56.043  3957  5415 I chatty  : uid=1000(system) Binder:3957_F identical 5 lines
10-15 21:38:56.073  3957  5415 D WifiService: getConnectionInfo uid=1000
10-15 21:38:56.073 26235 26494 I BatteryMgr:DataCollectionService: stats => 1697398736073,-85,4250,104,0,100
10-15 21:38:56.078 26279 26499 I libglean_ffi: glean_core::upload: Ping 77b5fdd0-89cd-41f2-9ea3-0c963748a32f successfully sent 200.
10-15 21:38:56.080 26279 26499 I libglean_ffi: glean_core::upload::directory: File was deleted /data/user/0/org.mozilla.fenix/glean_data/pending_pings/77b5fdd0-89cd-41f2-9ea3-0c963748a32f
10-15 21:38:56.081  3957  5415 D WifiService: getConnectionInfo uid=1000
10-15 21:38:56.083 26279 26499 I libglean_ffi: glean_core::upload: No more pings to upload! You are done.
10-15 21:38:56.086 26279 26376 I WM-WorkerWrapper: Worker result SUCCESS for Work [ id=3c66057a-7ba0-48fa-baa7-8427e6817841, tags={ mozilla.telemetry.glean.scheduler.PingUploadWorker, mozac_service_glean_ping_upload_worker } ]
10-15 21:38:56.087  3957  5415 D WifiService: getConnectionInfo uid=1000
10-15 21:38:56.089  3957  5415 I chatty  : uid=1000(system) Binder:3957_F identical 14 lines
10-15 21:38:56.089  3957  5415 D WifiService: getConnectionInfo uid=1000
10-15 21:38:56.090 26279 26279 D ConnectivityManager: unregisterNetworkCallback; CallingUid : 10169, CallingPid : 26279
10-15 21:38:56.092  3957  5415 D ConnectivityService: filterNetworkStateForUid() uid: 10169 networkInfo: [type: WIFI[] - WIFI, state: CONNECTED/CONNECTED, reason: (unspecified), extra: "ourhome", failover: false, available: true, roaming: false, metered: false]
10-15 21:38:56.092  3957  5415 D WifiService: getConnectionInfo uid=1000
10-15 21:38:56.096  3957  4157 D ConnectivityService: releasing NetworkRequest [ TRACK_DEFAULT id=1090, [ Capabilities: INTERNET&NOT_RESTRICTED&TRUSTED&NOT_VPN] ] (CALLBACK_RELEASED)
10-15 21:38:56.096  3957  5415 D ConnectivityService: filterNetworkStateForUid() uid: 10169 networkInfo: [type: WIFI[] - WIFI, state: CONNECTED/CONNECTED, reason: (unspecified), extra: "ourhome", failover: false, available: true, roaming: false, metered: false]
10-15 21:38:56.096  3957  5415 D WifiService: getConnectionInfo uid=1000
10-15 21:38:56.097  3957  4157 D ConnectivityService:  Removing from current network NetworkAgentInfo [WIFI () - 507], leaving 13 requests.
10-15 21:38:56.097  3957  4157 D ConnectivityService: sending notification RELEASED for NetworkRequest [ TRACK_DEFAULT id=1090, [ Capabilities: INTERNET&NOT_RESTRICTED&TRUSTED&NOT_VPN] ]
10-15 21:38:56.100  3957  4653 D ConnectivityService: filterNetworkStateForUid() uid: 10169 networkInfo: [type: WIFI[] - WIFI, state: CONNECTED/CONNECTED, reason: (unspecified), extra: "ourhome", failover: false, available: true, roaming: false, metered: false]
10-15 21:38:56.100  3957  4653 D WifiService: getConnectionInfo uid=1000
10-15 21:38:56.113  3957  4653 I chatty  : uid=1000(system) Binder:3957_B identical 4 lines
10-15 21:38:56.117  3957  4653 D WifiService: getConnectionInfo uid=1000
10-15 21:38:56.125  3957  4128 D WifiService: getConnectionInfo uid=1000
10-15 21:38:56.181 26235 26494 I BatteryMgr:DataCollectionService: stats => 1697398736181,-85,4250,104,0,100
10-15 21:38:56.197 26434 26532 E vulkan  : invalid vkGetInstanceProcAddr(VK_NULL_HANDLE, "vkEnumerateInstanceVersion") call
10-15 21:38:56.198 26434 26532 E vulkan  : invalid vkGetInstanceProcAddr(VK_NULL_HANDLE, "vkEnumerateInstanceVersion") call
10-15 21:38:56.198  3957  4653 D WifiService: getConnectionInfo uid=1000
10-15 21:38:56.207 26434 26532 D vulkan  : searching for layers in '/data/app/org.mozilla.fenix-iWpGOrf8cry6RDpwHyQugA==/lib/arm64'
10-15 21:38:56.208 26434 26532 D vulkan  : searching for layers in '/data/app/org.mozilla.fenix-iWpGOrf8cry6RDpwHyQugA==/base.apk!/lib/arm64-v8a'
10-15 21:38:56.217 26434 26532 D vulkan  : vulkan api version_1_0 1.0.0
10-15 21:38:56.218 26434 26532 D vulkan  : vulkan header version 46
10-15 21:38:56.298 26235 26494 I BatteryMgr:DataCollectionService: stats => 1697398736298,-85,4250,104,0,100
10-15 21:38:56.302 26279 26279 I GeckoSession: handleMessage GeckoView:PageStop uri=null
10-15 21:38:56.308 26279 26319 I SessionStorage/AutoSave: Save: Load finished
10-15 21:38:56.404  3957  4653 D WifiService: getConnectionInfo uid=1000
10-15 21:38:56.408 26235 26494 I BatteryMgr:DataCollectionService: stats => 1697398736408,-85,4250,104,0,100
10-15 21:38:56.466  3957  4129 D WifiStateMachine:  ConnectedState !RSSI_PKTCNT_FETCH uid=1000 rt=400725616/1061123843 0 0 "ourhome" f4:6d:2f:12:cc:88 rssi=-42 f=5240 sc=60 link=433 tx=61.5, 0.0, 0.0  rx=63.0 bcn=38756 [on:0 tx:0 rx:0 period:1000] from screen [on:-3102680 period:4291316] score=60
10-15 21:38:56.468  3957  4129 D WifiStateMachine:  L2ConnectedState !RSSI_PKTCNT_FETCH uid=1000 rt=400725617/1061123845 0 0 "ourhome" f4:6d:2f:12:cc:88 rssi=-42 f=5240 sc=60 link=433 tx=61.5, 0.0, 0.0  rx=63.0 bcn=38756 [on:0 tx:0 rx:0 period:2] from screen [on:-3102680 period:4291318] score=60
10-15 21:38:56.469  3957  4129 D WifiStateMachine: fetchRssiLinkSpeedAndFrequencyNative rssi=-42 linkspeed=433 freq=5240
10-15 21:38:56.496  3957  4653 D WifiService: getConnectionInfo uid=1000
10-15 21:38:56.517 26235 26494 I BatteryMgr:DataCollectionService: stats => 1697398736516,-85,4250,104,0,100
10-15 21:38:56.533  3957  4653 D WifiService: getConnectionInfo uid=1000
10-15 21:38:56.552  3957  4653 D WifiService: getConnectionInfo uid=1000
10-15 21:38:56.625 26235 26494 I BatteryMgr:DataCollectionService: stats => 1697398736625,-85,4250,104,0,100
10-15 21:38:56.643 26279 26279 W GeckoSession: No history entries found.
10-15 21:38:56.647  3957  4653 D WifiService: getConnectionInfo uid=1000
10-15 21:38:56.740 26235 26494 I BatteryMgr:DataCollectionService: stats => 1697398736740,-85,4250,104,0,100
10-15 21:38:56.762  3957  4653 I chatty  : uid=1000(system) Binder:3957_B identical 12 lines
10-15 21:38:56.762  3957  4653 D WifiService: getConnectionInfo uid=1000
