10-15 21:33:10.202 25505 25766 I BatteryMgr:DataCollectionService: stats => 1697398390202,236,4250,199,0,100
10-15 21:33:10.315 25505 25766 I BatteryMgr:DataCollectionService: stats => 1697398390314,236,4250,199,0,100
10-15 21:33:10.423 25505 25766 I BatteryMgr:DataCollectionService: stats => 1697398390423,236,4250,199,0,100
10-15 21:33:10.533 25505 25766 I BatteryMgr:DataCollectionService: stats => 1697398390532,236,4250,199,0,100
10-15 21:33:10.643 25505 25766 I BatteryMgr:DataCollectionService: stats => 1697398390642,236,4250,199,0,100
10-15 21:33:10.753 25505 25766 I BatteryMgr:DataCollectionService: stats => 1697398390752,236,4250,199,0,100
10-15 21:33:10.860 25505 25766 I BatteryMgr:DataCollectionService: stats => 1697398390859,236,4250,199,0,100
10-15 21:33:10.887  3957  4129 D WifiStateMachine:  ConnectedState !CMD_RSSI_POLL rt=400380035/1060778263 50 0 "ourhome" f4:6d:2f:12:cc:88 rssi=-43 f=5240 sc=60 link=433 tx=2.1, 0.0, 0.0  rx=16.7 bcn=35492 [on:0 tx:0 rx:0 period:892] from screen [on:-3139477 period:3945736] score=60
10-15 21:33:10.889  3957  4129 D WifiStateMachine:  L2ConnectedState !CMD_RSSI_POLL rt=400380038/1060778265 50 0 "ourhome" f4:6d:2f:12:cc:88 rssi=-43 f=5240 sc=60 link=433 tx=2.1, 0.0, 0.0  rx=16.7 bcn=35492 [on:0 tx:0 rx:0 period:2] from screen [on:-3139477 period:3945738] score=60
10-15 21:33:10.889  3957  4129 D WifiStateMachine:  get link layer stats 3
10-15 21:33:10.889  3436  3436 I android.hardware.wifi@1.0-service: getLinkLayerStats
10-15 21:33:10.898  3957  4129 D WifiStateMachine: fetchRssiLinkSpeedAndFrequencyNative rssi=-44 linkspeed=433 freq=5240
10-15 21:33:10.901  4340  4340 E SignalClusterView: setSlotFocusVisible : subId -2
10-15 21:33:10.902  4340  4340 E SignalClusterView: setSlotFocusVisible : subId -2
10-15 21:33:10.969 25505 25766 I BatteryMgr:DataCollectionService: stats => 1697398390969,236,4250,199,0,100
10-15 21:33:10.993  3957  4129 D WifiStateMachine:  ConnectedState !RSSI_PKTCNT_FETCH uid=1000 rt=400380141/1060778369 0 0 "ourhome" f4:6d:2f:12:cc:88 rssi=-44 f=5240 sc=60 link=433 tx=0.8, 0.0, 0.0  rx=8.0 bcn=35520 [on:0 tx:0 rx:0 period:91] from screen [on:-3139296 period:3945842] score=60
10-15 21:33:10.995  3957  4129 D WifiStateMachine:  L2ConnectedState !RSSI_PKTCNT_FETCH uid=1000 rt=400380144/1060778371 0 0 "ourhome" f4:6d:2f:12:cc:88 rssi=-44 f=5240 sc=60 link=433 tx=0.8, 0.0, 0.0  rx=8.0 bcn=35520 [on:0 tx:0 rx:0 period:2] from screen [on:-3139296 period:3945844] score=60
10-15 21:33:11.001  3957  4129 D WifiStateMachine: fetchRssiLinkSpeedAndFrequencyNative rssi=-44 linkspeed=433 freq=5240
10-15 21:33:11.074 25505 25766 I BatteryMgr:DataCollectionService: stats => 1697398391074,236,4250,199,0,100
10-15 21:33:11.181 25505 25766 I BatteryMgr:DataCollectionService: stats => 1697398391180,236,4250,199,0,100
10-15 21:33:11.186  3957  4128 D WifiService: getConnectionInfo uid=1000
10-15 21:33:11.285 25505 25766 I BatteryMgr:DataCollectionService: stats => 1697398391285,236,4250,199,0,100
10-15 21:33:11.393 25505 25766 I BatteryMgr:DataCollectionService: stats => 1697398391393,236,4250,199,0,100
10-15 21:33:11.502 25505 25766 I BatteryMgr:DataCollectionService: stats => 1697398391501,236,4250,199,0,100
10-15 21:33:11.611 25505 25766 I BatteryMgr:DataCollectionService: stats => 1697398391611,236,4250,199,0,100
10-15 21:33:11.719 25505 25766 I BatteryMgr:DataCollectionService: stats => 1697398391719,236,4250,199,0,100
10-15 21:33:11.828 25505 25766 I BatteryMgr:DataCollectionService: stats => 1697398391828,236,4250,199,0,100
10-15 21:33:11.937 25505 25766 I BatteryMgr:DataCollectionService: stats => 1697398391937,236,4250,199,0,100
10-15 21:33:11.994  3957  4129 D WifiStateMachine:  ConnectedState !RSSI_PKTCNT_FETCH uid=1000 rt=400381143/1060779370 0 0 "ourhome" f4:6d:2f:12:cc:88 rssi=-44 f=5240 sc=60 link=433 tx=0.8, 0.0, 0.0  rx=8.0 bcn=35520 [on:0 tx:0 rx:0 period:1000] from screen [on:-3139296 period:3946844] score=60
10-15 21:33:11.996  3957  4129 D WifiStateMachine:  L2ConnectedState !RSSI_PKTCNT_FETCH uid=1000 rt=400381145/1060779373 0 0 "ourhome" f4:6d:2f:12:cc:88 rssi=-44 f=5240 sc=60 link=433 tx=0.8, 0.0, 0.0  rx=8.0 bcn=35520 [on:0 tx:0 rx:0 period:2] from screen [on:-3139296 period:3946846] score=60
10-15 21:33:12.003  3957  4129 D WifiStateMachine: fetchRssiLinkSpeedAndFrequencyNative rssi=-43 linkspeed=433 freq=5240
10-15 21:33:12.046 25505 25766 I BatteryMgr:DataCollectionService: stats => 1697398392046,236,4250,199,0,100
10-15 21:33:12.154 25505 25766 I BatteryMgr:DataCollectionService: stats => 1697398392154,236,4250,199,0,100
10-15 21:33:12.189  3957  4128 D WifiService: getConnectionInfo uid=1000
10-15 21:33:12.244  3957  6478 D SSRM:k  : SIOP:: AP = 340, PST = 321 (W:26), BAT = 297, USB = 0, CHG = 0
10-15 21:33:12.264 25505 25766 I BatteryMgr:DataCollectionService: stats => 1697398392264,236,4250,199,0,100
10-15 21:33:12.369 25505 25766 I BatteryMgr:DataCollectionService: stats => 1697398392369,236,4250,199,0,100
10-15 21:33:12.478 25505 25766 I BatteryMgr:DataCollectionService: stats => 1697398392478,236,4250,199,0,100
10-15 21:33:12.586 25505 25766 I BatteryMgr:DataCollectionService: stats => 1697398392586,236,4250,199,0,100
10-15 21:33:12.696 25505 25766 I BatteryMgr:DataCollectionService: stats => 1697398392695,236,4250,199,0,100
10-15 21:33:12.760  4961  4961 D io_stats: !@ 179,0 r 5150003 159106844 w 1277129 27764996 d 100297 31506416 f 297545 313952 iot 2291416 2028681 th 51200 0 0 pt 0 inp 0 0 400381.909
10-15 21:33:12.804 25505 25766 I BatteryMgr:DataCollectionService: stats => 1697398392804,236,4250,199,0,100
10-15 21:33:12.913 25505 25766 I BatteryMgr:DataCollectionService: stats => 1697398392913,236,4250,199,0,100
10-15 21:33:12.995  3957  4129 D WifiStateMachine:  ConnectedState !RSSI_PKTCNT_FETCH uid=1000 rt=400382144/1060780372 0 0 "ourhome" f4:6d:2f:12:cc:88 rssi=-43 f=5240 sc=60 link=433 tx=0.8, 0.0, 0.0  rx=8.0 bcn=35520 [on:0 tx:0 rx:0 period:999] from screen [on:-3139296 period:3947845] score=60
10-15 21:33:12.997  3957  4129 D WifiStateMachine:  L2ConnectedState !RSSI_PKTCNT_FETCH uid=1000 rt=400382146/1060780374 0 0 "ourhome" f4:6d:2f:12:cc:88 rssi=-43 f=5240 sc=60 link=433 tx=0.8, 0.0, 0.0  rx=8.0 bcn=35520 [on:0 tx:0 rx:0 period:2] from screen [on:-3139296 period:3947847] score=60
10-15 21:33:13.004  3957  4129 D WifiStateMachine: fetchRssiLinkSpeedAndFrequencyNative rssi=-43 linkspeed=433 freq=5240
10-15 21:33:13.021 25505 25766 I BatteryMgr:DataCollectionService: stats => 1697398393021,236,4250,199,0,100
10-15 21:33:13.129 25505 25766 I BatteryMgr:DataCollectionService: stats => 1697398393129,236,4250,199,0,100
10-15 21:33:13.191  3957  4128 D WifiService: getConnectionInfo uid=1000
10-15 21:33:13.234 25505 25766 I BatteryMgr:DataCollectionService: stats => 1697398393234,236,4250,199,0,100
10-15 21:33:13.344 25505 25766 I BatteryMgr:DataCollectionService: stats => 1697398393343,236,4250,199,0,100
10-15 21:33:13.452 25505 25766 I BatteryMgr:DataCollectionService: stats => 1697398393452,236,4250,199,0,100
10-15 21:33:13.562 25505 25766 I BatteryMgr:DataCollectionService: stats => 1697398393562,236,4250,199,0,100
10-15 21:33:13.673 25505 25766 I BatteryMgr:DataCollectionService: stats => 1697398393672,236,4250,199,0,100
10-15 21:33:13.779 25505 25766 I BatteryMgr:DataCollectionService: stats => 1697398393779,236,4250,199,0,100
10-15 21:33:13.886 25505 25766 I BatteryMgr:DataCollectionService: stats => 1697398393886,236,4250,199,0,100
10-15 21:33:13.902  3957  4129 D WifiStateMachine:  ConnectedState !CMD_RSSI_POLL rt=400383051/1060781279 50 0 "ourhome" f4:6d:2f:12:cc:88 rssi=-43 f=5240 sc=60 link=433 tx=0.8, 0.0, 0.0  rx=8.0 bcn=35520 [on:0 tx:0 rx:0 period:905] from screen [on:-3139296 period:3948752] score=60
10-15 21:33:13.904  3957  4129 D WifiStateMachine:  L2ConnectedState !CMD_RSSI_POLL rt=400383054/1060781281 50 0 "ourhome" f4:6d:2f:12:cc:88 rssi=-43 f=5240 sc=60 link=433 tx=0.8, 0.0, 0.0  rx=8.0 bcn=35520 [on:0 tx:0 rx:0 period:2] from screen [on:-3139296 period:3948754] score=60
10-15 21:33:13.905  3957  4129 D WifiStateMachine:  get link layer stats 3
10-15 21:33:13.905  3436  3436 I android.hardware.wifi@1.0-service: getLinkLayerStats
10-15 21:33:13.924  3957  4129 D WifiStateMachine: fetchRssiLinkSpeedAndFrequencyNative rssi=-44 linkspeed=433 freq=5240
10-15 21:33:13.929  4340  4340 E SignalClusterView: setSlotFocusVisible : subId -2
10-15 21:33:13.929  4340  4340 E SignalClusterView: setSlotFocusVisible : subId -2
10-15 21:33:13.999  3957  4129 D WifiStateMachine:  ConnectedState !RSSI_PKTCNT_FETCH uid=1000 rt=400383147/1060781375 0 0 "ourhome" f4:6d:2f:12:cc:88 rssi=-44 f=5240 sc=60 link=433 tx=0.3, 0.0, 0.0  rx=4.8 bcn=35550 [on:0 tx:0 rx:0 period:71] from screen [on:-3139133 period:3948848] score=60
10-15 21:33:14.000  3957  4129 D WifiStateMachine:  L2ConnectedState !RSSI_PKTCNT_FETCH uid=1000 rt=400383150/1060781377 0 0 "ourhome" f4:6d:2f:12:cc:88 rssi=-44 f=5240 sc=60 link=433 tx=0.3, 0.0, 0.0  rx=4.8 bcn=35550 [on:0 tx:0 rx:0 period:2] from screen [on:-3139133 period:3948850] score=60
10-15 21:33:14.004 25505 25766 I BatteryMgr:DataCollectionService: stats => 1697398394003,236,4250,199,0,100
10-15 21:33:14.007  3957  4129 D WifiStateMachine: fetchRssiLinkSpeedAndFrequencyNative rssi=-43 linkspeed=433 freq=5240
10-15 21:33:14.110 25505 25766 I BatteryMgr:DataCollectionService: stats => 1697398394110,236,4250,199,0,100
10-15 21:33:14.194  3957  4128 D WifiService: getConnectionInfo uid=1000
10-15 21:33:14.217 25505 25766 I BatteryMgr:DataCollectionService: stats => 1697398394217,236,4250,199,0,100
10-15 21:33:14.322 25505 25766 I BatteryMgr:DataCollectionService: stats => 1697398394322,236,4250,199,0,100
10-15 21:33:14.431 25505 25766 I BatteryMgr:DataCollectionService: stats => 1697398394431,236,4250,199,0,100
10-15 21:33:14.505 19438 19556 D ScanRecord: Not a Multi Manu data
10-15 21:33:14.536 19438 19556 I chatty  : uid=1002(bluetooth) BT Service Call identical 89 lines
10-15 21:33:14.536 19438 19556 D ScanRecord: Not a Multi Manu data
10-15 21:33:14.538 25505 25766 I BatteryMgr:DataCollectionService: stats => 1697398394538,236,4250,199,0,100
10-15 21:33:14.570 19438 19556 D ScanRecord: Not a Multi Manu data
10-15 21:33:14.645 19438 19556 I chatty  : uid=1002(bluetooth) BT Service Call identical 76 lines
10-15 21:33:14.645 19438 19556 D ScanRecord: Not a Multi Manu data
10-15 21:33:14.648 25505 25766 I BatteryMgr:DataCollectionService: stats => 1697398394647,236,4250,199,0,100
10-15 21:33:14.682 19438 19556 D ScanRecord: Not a Multi Manu data
10-15 21:33:14.754 19438 19556 I chatty  : uid=1002(bluetooth) BT Service Call identical 89 lines
10-15 21:33:14.754 19438 19556 D ScanRecord: Not a Multi Manu data
10-15 21:33:14.755 25505 25766 I BatteryMgr:DataCollectionService: stats => 1697398394755,236,4250,199,0,100
10-15 21:33:14.755 19438 19556 D ScanRecord: Not a Multi Manu data
10-15 21:33:14.849 19438 19556 I chatty  : uid=1002(bluetooth) BT Service Call identical 193 lines
10-15 21:33:14.849 19438 19556 D ScanRecord: Not a Multi Manu data
10-15 21:33:14.861 25505 25766 I BatteryMgr:DataCollectionService: stats => 1697398394861,236,4250,199,0,100
10-15 21:33:14.872 19438 19556 D ScanRecord: Not a Multi Manu data
10-15 21:33:14.967 19438 19556 I chatty  : uid=1002(bluetooth) BT Service Call identical 193 lines
10-15 21:33:14.967 19438 19556 D ScanRecord: Not a Multi Manu data
10-15 21:33:14.969 25505 25766 I BatteryMgr:DataCollectionService: stats => 1697398394968,236,4250,199,0,100
10-15 21:33:14.980 19438 19556 D ScanRecord: Not a Multi Manu data
10-15 21:33:14.981 19438 19556 I chatty  : uid=1002(bluetooth) BT Service Call identical 11 lines
10-15 21:33:14.981 19438 19556 D ScanRecord: Not a Multi Manu data
10-15 21:33:14.998  3957  4129 D WifiStateMachine:  ConnectedState !RSSI_PKTCNT_FETCH uid=1000 rt=400384148/1060782375 0 0 "ourhome" f4:6d:2f:12:cc:88 rssi=-43 f=5240 sc=60 link=433 tx=0.3, 0.0, 0.0  rx=4.8 bcn=35550 [on:0 tx:0 rx:0 period:998] from screen [on:-3139133 period:3949848] score=60
10-15 21:33:15.001  3957  4129 D WifiStateMachine:  L2ConnectedState !RSSI_PKTCNT_FETCH uid=1000 rt=400384150/1060782377 0 0 "ourhome" f4:6d:2f:12:cc:88 rssi=-43 f=5240 sc=60 link=433 tx=0.3, 0.0, 0.0  rx=4.8 bcn=35550 [on:0 tx:0 rx:0 period:3] from screen [on:-3139133 period:3949851] score=60
10-15 21:33:15.003  3957  4129 D WifiStateMachine: fetchRssiLinkSpeedAndFrequencyNative rssi=-44 linkspeed=433 freq=5240
10-15 21:33:15.076 25505 25766 I BatteryMgr:DataCollectionService: stats => 1697398395076,236,4250,199,0,100
10-15 21:33:15.184 25505 25766 I BatteryMgr:DataCollectionService: stats => 1697398395184,236,4250,199,0,100
10-15 21:33:15.196  3957  4128 D WifiService: getConnectionInfo uid=1000
10-15 21:33:15.295 25505 25766 I BatteryMgr:DataCollectionService: stats => 1697398395295,236,4250,199,0,100
10-15 21:33:15.404 25505 25766 I BatteryMgr:DataCollectionService: stats => 1697398395404,236,4250,199,0,100
10-15 21:33:15.515 25505 25766 I BatteryMgr:DataCollectionService: stats => 1697398395514,236,4250,199,0,100
10-15 21:33:15.624 25505 25766 I BatteryMgr:DataCollectionService: stats => 1697398395624,236,4250,199,0,100
10-15 21:33:15.732 25505 25766 I BatteryMgr:DataCollectionService: stats => 1697398395732,236,4250,199,0,100
10-15 21:33:15.844 25505 25766 I BatteryMgr:DataCollectionService: stats => 1697398395844,236,4250,199,0,100
10-15 21:33:15.955 25505 25766 I BatteryMgr:DataCollectionService: stats => 1697398395955,236,4250,199,0,100
10-15 21:33:16.000  3957  4129 D WifiStateMachine:  ConnectedState !RSSI_PKTCNT_FETCH uid=1000 rt=400385149/1060783376 0 0 "ourhome" f4:6d:2f:12:cc:88 rssi=-44 f=5240 sc=60 link=433 tx=0.3, 0.0, 0.0  rx=4.8 bcn=35550 [on:0 tx:0 rx:0 period:999] from screen [on:-3139133 period:3950850] score=60
10-15 21:33:16.002  3957  4129 D WifiStateMachine:  L2ConnectedState !RSSI_PKTCNT_FETCH uid=1000 rt=400385151/1060783379 0 0 "ourhome" f4:6d:2f:12:cc:88 rssi=-44 f=5240 sc=60 link=433 tx=0.3, 0.0, 0.0  rx=4.8 bcn=35550 [on:0 tx:0 rx:0 period:2] from screen [on:-3139133 period:3950852] score=60
10-15 21:33:16.009  3957  4129 D WifiStateMachine: fetchRssiLinkSpeedAndFrequencyNative rssi=-44 linkspeed=433 freq=5240
10-15 21:33:16.064 25505 25766 I BatteryMgr:DataCollectionService: stats => 1697398396064,236,4250,199,0,100
10-15 21:33:16.174 25505 25766 I BatteryMgr:DataCollectionService: stats => 1697398396174,236,4250,199,0,100
10-15 21:33:16.199  3957  4128 D WifiService: getConnectionInfo uid=1000
10-15 21:33:16.282 25505 25766 I BatteryMgr:DataCollectionService: stats => 1697398396282,236,4250,199,0,100
10-15 21:33:16.387 25505 25766 I BatteryMgr:DataCollectionService: stats => 1697398396387,236,4250,199,0,100
10-15 21:33:16.498 25505 25766 I BatteryMgr:DataCollectionService: stats => 1697398396498,236,4250,199,0,100
10-15 21:33:16.608 25505 25766 I BatteryMgr:DataCollectionService: stats => 1697398396608,236,4250,199,0,100
10-15 21:33:16.717 25505 25766 I BatteryMgr:DataCollectionService: stats => 1697398396716,236,4250,199,0,100
10-15 21:33:16.830 25505 25766 I BatteryMgr:DataCollectionService: stats => 1697398396830,236,4250,199,0,100
10-15 21:33:16.926  3957  4129 D WifiStateMachine:  ConnectedState !CMD_RSSI_POLL rt=400386076/1060784303 50 0 "ourhome" f4:6d:2f:12:cc:88 rssi=-44 f=5240 sc=60 link=433 tx=0.3, 0.0, 0.0  rx=4.8 bcn=35550 [on:0 tx:0 rx:0 period:924] from screen [on:-3139133 period:3951776] score=60
10-15 21:33:16.928  3957  4129 D WifiStateMachine:  L2ConnectedState !CMD_RSSI_POLL rt=400386077/1060784305 50 0 "ourhome" f4:6d:2f:12:cc:88 rssi=-44 f=5240 sc=60 link=433 tx=0.3, 0.0, 0.0  rx=4.8 bcn=35550 [on:0 tx:0 rx:0 period:2] from screen [on:-3139133 period:3951778] score=60
10-15 21:33:16.928  3957  4129 D WifiStateMachine:  get link layer stats 3
10-15 21:33:16.929  3436  3436 I android.hardware.wifi@1.0-service: getLinkLayerStats
10-15 21:33:16.939  3957  4129 D WifiStateMachine: fetchRssiLinkSpeedAndFrequencyNative rssi=-44 linkspeed=433 freq=5240
10-15 21:33:16.940 25505 25766 I BatteryMgr:DataCollectionService: stats => 1697398396940,236,4250,199,0,100
10-15 21:33:16.945  4340  4340 E SignalClusterView: setSlotFocusVisible : subId -2
10-15 21:33:16.945  4340  4340 E SignalClusterView: setSlotFocusVisible : subId -2
10-15 21:33:17.000  3957  4129 D WifiStateMachine:  ConnectedState !RSSI_PKTCNT_FETCH uid=1000 rt=400386148/1060784376 0 0 "ourhome" f4:6d:2f:12:cc:88 rssi=-44 f=5240 sc=60 link=433 tx=0.7, 0.0, 0.0  rx=8.7 bcn=35579 [on:0 tx:0 rx:0 period:56] from screen [on:-3138443 period:3951849] score=60
10-15 21:33:17.003  3957  4129 D WifiStateMachine:  L2ConnectedState !RSSI_PKTCNT_FETCH uid=1000 rt=400386151/1060784378 0 0 "ourhome" f4:6d:2f:12:cc:88 rssi=-44 f=5240 sc=60 link=433 tx=0.7, 0.0, 0.0  rx=8.7 bcn=35579 [on:0 tx:0 rx:0 period:4] from screen [on:-3138443 period:3951853] score=60
10-15 21:33:17.011  3957  4129 D WifiStateMachine: fetchRssiLinkSpeedAndFrequencyNative rssi=-44 linkspeed=433 freq=5240
10-15 21:33:17.050 25505 25766 I BatteryMgr:DataCollectionService: stats => 1697398397050,236,4250,199,0,100
10-15 21:33:17.160 25505 25766 I BatteryMgr:DataCollectionService: stats => 1697398397159,236,4250,199,0,100
10-15 21:33:17.202  3957  4128 D WifiService: getConnectionInfo uid=1000
10-15 21:33:17.267 25505 25766 I BatteryMgr:DataCollectionService: stats => 1697398397267,236,4250,199,0,100
10-15 21:33:17.376 25505 25766 I BatteryMgr:DataCollectionService: stats => 1697398397376,236,4250,199,0,100
10-15 21:33:17.485 25505 25766 I BatteryMgr:DataCollectionService: stats => 1697398397485,236,4250,199,0,100
10-15 21:33:17.592 25505 25766 I BatteryMgr:DataCollectionService: stats => 1697398397592,236,4250,199,0,100
10-15 21:33:17.669  3957  4030 D SensorService: [SO] 0.115 -0.072 9.965
10-15 21:33:17.700 25505 25766 I BatteryMgr:DataCollectionService: stats => 1697398397700,236,4250,199,0,100
10-15 21:33:17.765  4961  4961 D io_stats: !@ 179,0 r 5150003 159106844 w 1277137 27765160 d 100298 31506480 f 297546 313953 iot 2291424 2028688 th 51200 0 0 pt 0 inp 0 0 400386.914
10-15 21:33:17.811 25505 25766 I BatteryMgr:DataCollectionService: stats => 1697398397811,236,4250,199,0,100
10-15 21:33:17.919 25505 25766 I BatteryMgr:DataCollectionService: stats => 1697398397919,236,4250,199,0,100
10-15 21:33:18.002  3957  4129 D WifiStateMachine:  ConnectedState !RSSI_PKTCNT_FETCH uid=1000 rt=400387150/1060785377 0 0 "ourhome" f4:6d:2f:12:cc:88 rssi=-44 f=5240 sc=60 link=433 tx=0.7, 0.0, 0.0  rx=8.7 bcn=35579 [on:0 tx:0 rx:0 period:998] from screen [on:-3138443 period:3952851] score=60
10-15 21:33:18.004  3957  4129 D WifiStateMachine:  L2ConnectedState !RSSI_PKTCNT_FETCH uid=1000 rt=400387153/1060785380 0 0 "ourhome" f4:6d:2f:12:cc:88 rssi=-44 f=5240 sc=60 link=433 tx=0.7, 0.0, 0.0  rx=8.7 bcn=35579 [on:0 tx:0 rx:0 period:2] from screen [on:-3138443 period:3952853] score=60
10-15 21:33:18.007  3957  4129 D WifiStateMachine: fetchRssiLinkSpeedAndFrequencyNative rssi=-43 linkspeed=433 freq=5240
10-15 21:33:18.030 25505 25766 I BatteryMgr:DataCollectionService: stats => 1697398398029,236,4250,199,0,100
10-15 21:33:18.143 25505 25766 I BatteryMgr:DataCollectionService: stats => 1697398398143,236,4250,199,0,100
10-15 21:33:18.204  3957  4128 D WifiService: getConnectionInfo uid=1000
10-15 21:33:18.248 25505 25766 I BatteryMgr:DataCollectionService: stats => 1697398398248,226,4250,182,0,100
10-15 21:33:18.358 25505 25766 I BatteryMgr:DataCollectionService: stats => 1697398398357,226,4250,182,0,100
10-15 21:33:18.468 25505 25766 I BatteryMgr:DataCollectionService: stats => 1697398398468,226,4250,182,0,100
10-15 21:33:18.577 25505 25766 I BatteryMgr:DataCollectionService: stats => 1697398398577,226,4250,182,0,100
10-15 21:33:18.686 25505 25766 I BatteryMgr:DataCollectionService: stats => 1697398398686,226,4250,182,0,100
10-15 21:33:18.715  3957 18006 D BatteryService: !@BatteryListener : batteryPropertiesChanged!
10-15 21:33:18.796 25505 25766 I BatteryMgr:DataCollectionService: stats => 1697398398796,226,4250,182,0,100
10-15 21:33:18.908 25505 25766 I BatteryMgr:DataCollectionService: stats => 1697398398907,226,4250,182,0,100
10-15 21:33:19.004  3957  4129 D WifiStateMachine:  ConnectedState !RSSI_PKTCNT_FETCH uid=1000 rt=400388152/1060786380 0 0 "ourhome" f4:6d:2f:12:cc:88 rssi=-43 f=5240 sc=60 link=433 tx=0.7, 0.0, 0.0  rx=8.7 bcn=35579 [on:0 tx:0 rx:0 period:1001] from screen [on:-3138443 period:3953854] score=60
10-15 21:33:19.007  3957  4129 D WifiStateMachine:  L2ConnectedState !RSSI_PKTCNT_FETCH uid=1000 rt=400388156/1060786383 0 0 "ourhome" f4:6d:2f:12:cc:88 rssi=-43 f=5240 sc=60 link=433 tx=0.7, 0.0, 0.0  rx=8.7 bcn=35579 [on:0 tx:0 rx:0 period:3] from screen [on:-3138443 period:3953857] score=60
10-15 21:33:19.014  3957  4129 D WifiStateMachine: fetchRssiLinkSpeedAndFrequencyNative rssi=-42 linkspeed=433 freq=5240
10-15 21:33:19.017 25505 25766 I BatteryMgr:DataCollectionService: stats => 1697398399017,226,4250,182,0,100
10-15 21:33:19.126 25505 25766 I BatteryMgr:DataCollectionService: stats => 1697398399125,226,4250,182,0,100
10-15 21:33:19.207  3957  4128 D WifiService: getConnectionInfo uid=1000
10-15 21:33:19.233 25505 25766 I BatteryMgr:DataCollectionService: stats => 1697398399233,226,4250,182,0,100
10-15 21:33:19.343 25505 25766 I BatteryMgr:DataCollectionService: stats => 1697398399342,226,4250,182,0,100
10-15 21:33:19.452 25505 25766 I BatteryMgr:DataCollectionService: stats => 1697398399451,226,4250,182,0,100
10-15 21:33:19.502 19438 19556 D ScanRecord: Not a Multi Manu data
10-15 21:33:19.559 19438 19556 I chatty  : uid=1002(bluetooth) BT Service Call identical 76 lines
10-15 21:33:19.559 19438 19556 D ScanRecord: Not a Multi Manu data
10-15 21:33:19.561 25505 25766 I BatteryMgr:DataCollectionService: stats => 1697398399561,226,4250,182,0,100
10-15 21:33:19.577 19438 19556 D ScanRecord: Not a Multi Manu data
10-15 21:33:19.667 19438 19556 I chatty  : uid=1002(bluetooth) BT Service Call identical 89 lines
10-15 21:33:19.667 19438 19556 D ScanRecord: Not a Multi Manu data
10-15 21:33:19.670 25505 25766 I BatteryMgr:DataCollectionService: stats => 1697398399670,226,4250,182,0,100
10-15 21:33:19.679 19438 19556 D ScanRecord: Not a Multi Manu data
10-15 21:33:19.779 19438 19556 I chatty  : uid=1002(bluetooth) BT Service Call identical 154 lines
10-15 21:33:19.779 19438 19556 D ScanRecord: Not a Multi Manu data
10-15 21:33:19.779 25505 25766 I BatteryMgr:DataCollectionService: stats => 1697398399779,226,4250,182,0,100
10-15 21:33:19.784 19438 19556 D ScanRecord: Not a Multi Manu data
10-15 21:33:19.884 19438 19556 I chatty  : uid=1002(bluetooth) BT Service Call identical 193 lines
10-15 21:33:19.884 19438 19556 D ScanRecord: Not a Multi Manu data
10-15 21:33:19.888 25505 25766 I BatteryMgr:DataCollectionService: stats => 1697398399888,226,4250,182,0,100
10-15 21:33:19.897 19438 19556 D ScanRecord: Not a Multi Manu data
10-15 21:33:19.939 19438 19556 I chatty  : uid=1002(bluetooth) BT Service Call identical 89 lines
10-15 21:33:19.939 19438 19556 D ScanRecord: Not a Multi Manu data
10-15 21:33:19.944  3957  4129 D WifiStateMachine:  ConnectedState !CMD_RSSI_POLL rt=400389093/1060787321 50 0 "ourhome" f4:6d:2f:12:cc:88 rssi=-42 f=5240 sc=60 link=433 tx=0.7, 0.0, 0.0  rx=8.7 bcn=35579 [on:0 tx:0 rx:0 period:937] from screen [on:-3138443 period:3954794] score=60
10-15 21:33:19.945  3957  4129 D WifiStateMachine:  L2ConnectedState !CMD_RSSI_POLL rt=400389095/1060787322 50 0 "ourhome" f4:6d:2f:12:cc:88 rssi=-42 f=5240 sc=60 link=433 tx=0.7, 0.0, 0.0  rx=8.7 bcn=35579 [on:0 tx:0 rx:0 period:1] from screen [on:-3138443 period:3954795] score=60
10-15 21:33:19.945  3957  4129 D WifiStateMachine:  get link layer stats 3
10-15 21:33:19.945  3436  3436 I android.hardware.wifi@1.0-service: getLinkLayerStats
10-15 21:33:19.950 19438 19556 D ScanRecord: Not a Multi Manu data
10-15 21:33:19.950 19438 19556 I chatty  : uid=1002(bluetooth) BT Service Call identical 11 lines
10-15 21:33:19.950 19438 19556 D ScanRecord: Not a Multi Manu data
10-15 21:33:19.953  3957  4129 D WifiStateMachine: fetchRssiLinkSpeedAndFrequencyNative rssi=-43 linkspeed=433 freq=5240
10-15 21:33:19.954 19438 19556 D ScanRecord: Not a Multi Manu data
10-15 21:33:19.954 19438 19556 I chatty  : uid=1002(bluetooth) BT Service Call identical 11 lines
10-15 21:33:19.954 19438 19556 D ScanRecord: Not a Multi Manu data
10-15 21:33:19.958  4340  4340 E SignalClusterView: setSlotFocusVisible : subId -2
10-15 21:33:19.958  4340  4340 E SignalClusterView: setSlotFocusVisible : subId -2
10-15 21:33:19.960 19438 19556 D ScanRecord: Not a Multi Manu data
10-15 21:33:19.989 19438 19556 I chatty  : uid=1002(bluetooth) BT Service Call identical 89 lines
10-15 21:33:19.989 19438 19556 D ScanRecord: Not a Multi Manu data
10-15 21:33:19.994 25505 25766 I BatteryMgr:DataCollectionService: stats => 1697398399994,226,4250,182,0,100
10-15 21:33:20.003  3957  4129 D WifiStateMachine:  ConnectedState !RSSI_PKTCNT_FETCH uid=1000 rt=400389153/1060787381 0 0 "ourhome" f4:6d:2f:12:cc:88 rssi=-43 f=5240 sc=60 link=433 tx=0.3, 0.0, 0.0  rx=5.7 bcn=35609 [on:0 tx:0 rx:0 period:47] from screen [on:-3138226 period:3954853] score=60
10-15 21:33:20.006  3957  4129 D WifiStateMachine:  L2ConnectedState !RSSI_PKTCNT_FETCH uid=1000 rt=400389154/1060787382 0 0 "ourhome" f4:6d:2f:12:cc:88 rssi=-43 f=5240 sc=60 link=433 tx=0.3, 0.0, 0.0  rx=5.7 bcn=35609 [on:0 tx:0 rx:0 period:3] from screen [on:-3138226 period:3954856] score=60
10-15 21:33:20.012  3957  4129 D WifiStateMachine: fetchRssiLinkSpeedAndFrequencyNative rssi=-43 linkspeed=433 freq=5240
10-15 21:33:20.104 25505 25766 I BatteryMgr:DataCollectionService: stats => 1697398400104,226,4250,182,0,100
10-15 21:33:20.211  3957  4128 D WifiService: getConnectionInfo uid=1000
10-15 21:33:20.217 25505 25766 I BatteryMgr:DataCollectionService: stats => 1697398400216,226,4250,182,0,100
10-15 21:33:20.327 25505 25766 I BatteryMgr:DataCollectionService: stats => 1697398400326,226,4250,182,0,100
10-15 21:33:20.435 25505 25766 I BatteryMgr:DataCollectionService: stats => 1697398400435,226,4250,182,0,100
10-15 21:33:20.545 25505 25766 I BatteryMgr:DataCollectionService: stats => 1697398400545,226,4250,182,0,100
10-15 21:33:20.660 18956 18956 D BoundBrokerSvc: onUnbind: Intent { act=com.google.android.gms.checkin.START pkg=com.google.android.gms }
10-15 21:33:20.670 25505 25766 I BatteryMgr:DataCollectionService: stats => 1697398400670,226,4250,182,0,100
10-15 21:33:20.780 25505 25766 I BatteryMgr:DataCollectionService: stats => 1697398400780,226,4250,182,0,100
10-15 21:33:20.886 25505 25766 I BatteryMgr:DataCollectionService: stats => 1697398400886,226,4250,182,0,100
10-15 21:33:20.997 25505 25766 I BatteryMgr:DataCollectionService: stats => 1697398400996,226,4250,182,0,100
10-15 21:33:21.006  3957  4129 D WifiStateMachine:  ConnectedState !RSSI_PKTCNT_FETCH uid=1000 rt=400390155/1060788383 0 0 "ourhome" f4:6d:2f:12:cc:88 rssi=-43 f=5240 sc=60 link=433 tx=0.3, 0.0, 0.0  rx=5.7 bcn=35609 [on:0 tx:0 rx:0 period:1000] from screen [on:-3138226 period:3955856] score=60
10-15 21:33:21.010  3957  4129 D WifiStateMachine:  L2ConnectedState !RSSI_PKTCNT_FETCH uid=1000 rt=400390157/1060788385 0 0 "ourhome" f4:6d:2f:12:cc:88 rssi=-43 f=5240 sc=60 link=433 tx=0.3, 0.0, 0.0  rx=5.7 bcn=35609 [on:0 tx:0 rx:0 period:4] from screen [on:-3138226 period:3955860] score=60
10-15 21:33:21.017  3957  4129 D WifiStateMachine: fetchRssiLinkSpeedAndFrequencyNative rssi=-44 linkspeed=433 freq=5240
10-15 21:33:21.107 25505 25766 I BatteryMgr:DataCollectionService: stats => 1697398401106,226,4250,182,0,100
10-15 21:33:21.212  3957  4128 D WifiService: getConnectionInfo uid=1000
10-15 21:33:21.217 25505 25766 I BatteryMgr:DataCollectionService: stats => 1697398401216,226,4250,182,0,100
10-15 21:33:21.325 25505 25766 I BatteryMgr:DataCollectionService: stats => 1697398401325,226,4250,182,0,100
10-15 21:33:21.438 25505 25766 I BatteryMgr:DataCollectionService: stats => 1697398401437,226,4250,182,0,100
10-15 21:33:21.545 25505 25766 I BatteryMgr:DataCollectionService: stats => 1697398401545,226,4250,182,0,100
10-15 21:33:21.661 25505 25766 I BatteryMgr:DataCollectionService: stats => 1697398401661,226,4250,182,0,100
10-15 21:33:21.772 25505 25766 I BatteryMgr:DataCollectionService: stats => 1697398401772,226,4250,182,0,100
10-15 21:33:21.888 25505 25766 I BatteryMgr:DataCollectionService: stats => 1697398401888,226,4250,182,0,100
10-15 21:33:21.919  3957  4416 E Watchdog: !@Sync 13341 [2023-10-15 21:33:21.918]
10-15 21:33:22.008  3957  4129 D WifiStateMachine:  ConnectedState !RSSI_PKTCNT_FETCH uid=1000 rt=400391157/1060789384 0 0 "ourhome" f4:6d:2f:12:cc:88 rssi=-44 f=5240 sc=60 link=433 tx=0.3, 0.0, 0.0  rx=5.7 bcn=35609 [on:0 tx:0 rx:0 period:998] from screen [on:-3138226 period:3956858] score=60
10-15 21:33:22.009 25505 25766 I BatteryMgr:DataCollectionService: stats => 1697398402009,226,4250,182,0,100
10-15 21:33:22.011  3957  4129 D WifiStateMachine:  L2ConnectedState !RSSI_PKTCNT_FETCH uid=1000 rt=400391159/1060789387 0 0 "ourhome" f4:6d:2f:12:cc:88 rssi=-44 f=5240 sc=60 link=433 tx=0.3, 0.0, 0.0  rx=5.7 bcn=35609 [on:0 tx:0 rx:0 period:3] from screen [on:-3138226 period:3956861] score=60
10-15 21:33:22.019  3957  4129 D WifiStateMachine: fetchRssiLinkSpeedAndFrequencyNative rssi=-43 linkspeed=433 freq=5240
10-15 21:33:22.121 25505 25766 I BatteryMgr:DataCollectionService: stats => 1697398402121,226,4250,182,0,100
10-15 21:33:22.215  3957  4128 D WifiService: getConnectionInfo uid=1000
10-15 21:33:22.230 25505 25766 I BatteryMgr:DataCollectionService: stats => 1697398402230,226,4250,182,0,100
10-15 21:33:22.278  3957  6478 D SSRM:k  : SIOP:: AP = 340, PST = 322 (W:28), BAT = 297, USB = 0, CHG = 0
10-15 21:33:22.338 25505 25766 I BatteryMgr:DataCollectionService: stats => 1697398402338,226,4250,182,0,100
10-15 21:33:22.447 25505 25766 I BatteryMgr:DataCollectionService: stats => 1697398402447,226,4250,182,0,100
10-15 21:33:22.556 25505 25766 I BatteryMgr:DataCollectionService: stats => 1697398402556,226,4250,182,0,100
10-15 21:33:22.664 25505 25766 I BatteryMgr:DataCollectionService: stats => 1697398402664,226,4250,182,0,100
10-15 21:33:22.704 18970 25424 I GCoreUlr: Successfully inserted 1 locations
10-15 21:33:22.710  3957  4554 D ConnectivityService: filterNetworkStateForUid() uid: 10025 networkInfo: [type: WIFI[] - WIFI, state: CONNECTED/CONNECTED, reason: (unspecified), extra: "ourhome", failover: false, available: true, roaming: false, metered: false]
10-15 21:33:22.711  3957  4554 D WifiService: getConnectionInfo uid=1000
10-15 21:33:22.758 18956 18956 D BoundBrokerSvc: onBind: Intent { act=com.google.android.gms.semanticlocationhistory.zeroparty.service.START dat=chimera-action: cmp=com.google.android.gms/.chimera.GmsApiService }
10-15 21:33:22.758 18956 18956 D BoundBrokerSvc: Loading bound service for intent: Intent { act=com.google.android.gms.semanticlocationhistory.zeroparty.service.START dat=chimera-action: cmp=com.google.android.gms/.chimera.GmsApiService }
10-15 21:33:22.767  4961  4961 D io_stats: !@ 179,0 r 5150265 159116464 w 1277145 27765320 d 100299 31506544 f 297547 313954 iot 2291544 2028787 th 51200 0 0 pt 0 inp 0 0 400391.917
10-15 21:33:22.776 25505 25766 I BatteryMgr:DataCollectionService: stats => 1697398402776,226,4250,182,0,100
10-15 21:33:22.880 25505 25766 I BatteryMgr:DataCollectionService: stats => 1697398402880,226,4250,182,0,100
10-15 21:33:22.956  3957  4129 D WifiStateMachine:  ConnectedState !CMD_RSSI_POLL rt=400392105/1060790333 50 0 "ourhome" f4:6d:2f:12:cc:88 rssi=-43 f=5240 sc=60 link=433 tx=0.3, 0.0, 0.0  rx=5.7 bcn=35609 [on:0 tx:0 rx:0 period:944] from screen [on:-3138226 period:3957805] score=60
10-15 21:33:22.957  3957  4129 D WifiStateMachine:  L2ConnectedState !CMD_RSSI_POLL rt=400392107/1060790334 50 0 "ourhome" f4:6d:2f:12:cc:88 rssi=-43 f=5240 sc=60 link=433 tx=0.3, 0.0, 0.0  rx=5.7 bcn=35609 [on:0 tx:0 rx:0 period:2] from screen [on:-3138226 period:3957807] score=60
10-15 21:33:22.957  3957  4129 D WifiStateMachine:  get link layer stats 3
10-15 21:33:22.957  3436  3436 I android.hardware.wifi@1.0-service: getLinkLayerStats
10-15 21:33:22.975  3957  4129 D WifiStateMachine: fetchRssiLinkSpeedAndFrequencyNative rssi=-43 linkspeed=433 freq=5240
10-15 21:33:22.978  4340  4340 E SignalClusterView: setSlotFocusVisible : subId -2
10-15 21:33:22.978  4340  4340 E SignalClusterView: setSlotFocusVisible : subId -2
10-15 21:33:22.986 25505 25766 I BatteryMgr:DataCollectionService: stats => 1697398402986,226,4250,182,0,100
10-15 21:33:23.008  3957  4129 D WifiStateMachine:  ConnectedState !RSSI_PKTCNT_FETCH uid=1000 rt=400392157/1060790384 0 0 "ourhome" f4:6d:2f:12:cc:88 rssi=-43 f=5240 sc=60 link=433 tx=0.1, 0.0, 0.0  rx=4.6 bcn=35637 [on:0 tx:0 rx:0 period:29] from screen [on:-3137969 period:3957857] score=60
10-15 21:33:23.009  3957  4129 D WifiStateMachine:  L2ConnectedState !RSSI_PKTCNT_FETCH uid=1000 rt=400392159/1060790386 0 0 "ourhome" f4:6d:2f:12:cc:88 rssi=-43 f=5240 sc=60 link=433 tx=0.1, 0.0, 0.0  rx=4.6 bcn=35637 [on:0 tx:0 rx:0 period:2] from screen [on:-3137969 period:3957859] score=60
10-15 21:33:23.015  3957  4129 D WifiStateMachine: fetchRssiLinkSpeedAndFrequencyNative rssi=-43 linkspeed=433 freq=5240
10-15 21:33:23.024 18970 25972 I SemanticLocation: (REDACTED) [Inferrer] %s%s
10-15 21:33:23.049 18970 18974 I zygote64: Compiler allocated 6MB to compile void anr.l(java.lang.Object, als)
10-15 21:33:23.093 25505 25766 I BatteryMgr:DataCollectionService: stats => 1697398403093,226,4250,182,0,100
10-15 21:33:23.197 25505 25766 I BatteryMgr:DataCollectionService: stats => 1697398403197,226,4250,182,0,100
10-15 21:33:23.217  3957  4128 D WifiService: getConnectionInfo uid=1000
10-15 21:33:23.242 18970 18980 I zygote64: Background concurrent copying GC freed 200135(9MB) AllocSpace objects, 8(160KB) LOS objects, 49% free, 11MB/23MB, paused 2.641ms total 145.086ms
10-15 21:33:23.303 25505 25766 I BatteryMgr:DataCollectionService: stats => 1697398403303,226,4250,182,0,100
10-15 21:33:23.412 25505 25766 I BatteryMgr:DataCollectionService: stats => 1697398403412,226,4250,182,0,100
10-15 21:33:23.528 25505 25766 I BatteryMgr:DataCollectionService: stats => 1697398403528,226,4250,182,0,100
10-15 21:33:23.640 25505 25766 I BatteryMgr:DataCollectionService: stats => 1697398403640,226,4250,182,0,100
10-15 21:33:23.749 25505 25766 I BatteryMgr:DataCollectionService: stats => 1697398403748,226,4250,182,0,100
10-15 21:33:23.859 25505 25766 I BatteryMgr:DataCollectionService: stats => 1697398403859,226,4250,182,0,100
10-15 21:33:23.970 25505 25766 I BatteryMgr:DataCollectionService: stats => 1697398403970,226,4250,182,0,100
10-15 21:33:24.010  3957  4129 D WifiStateMachine:  ConnectedState !RSSI_PKTCNT_FETCH uid=1000 rt=400393158/1060791385 0 0 "ourhome" f4:6d:2f:12:cc:88 rssi=-43 f=5240 sc=60 link=433 tx=0.1, 0.0, 0.0  rx=4.6 bcn=35637 [on:0 tx:0 rx:0 period:1001] from screen [on:-3137969 period:3958860] score=60
10-15 21:33:24.015  3957  4129 D WifiStateMachine:  L2ConnectedState !RSSI_PKTCNT_FETCH uid=1000 rt=400393162/1060791389 0 0 "ourhome" f4:6d:2f:12:cc:88 rssi=-43 f=5240 sc=60 link=433 tx=0.1, 0.0, 0.0  rx=4.6 bcn=35637 [on:0 tx:0 rx:0 period:4] from screen [on:-3137969 period:3958864] score=60
10-15 21:33:24.024  3957  4129 D WifiStateMachine: fetchRssiLinkSpeedAndFrequencyNative rssi=-42 linkspeed=433 freq=5240
10-15 21:33:24.079 25505 25766 I BatteryMgr:DataCollectionService: stats => 1697398404079,226,4250,182,0,100
10-15 21:33:24.187 25505 25766 I BatteryMgr:DataCollectionService: stats => 1697398404187,226,4250,182,0,100
10-15 21:33:24.220  3957  4128 D WifiService: getConnectionInfo uid=1000
10-15 21:33:24.299 25505 25766 I BatteryMgr:DataCollectionService: stats => 1697398404299,226,4250,182,0,100
10-15 21:33:24.407 25505 25766 I BatteryMgr:DataCollectionService: stats => 1697398404407,226,4250,182,0,100
10-15 21:33:24.516 19438 19556 D ScanRecord: Not a Multi Manu data
10-15 21:33:24.522 19438 19556 I chatty  : uid=1002(bluetooth) BT Service Call identical 25 lines
10-15 21:33:24.524 19438 19556 D ScanRecord: Not a Multi Manu data
10-15 21:33:24.524 25505 25766 I BatteryMgr:DataCollectionService: stats => 1697398404524,226,4250,182,0,100
10-15 21:33:24.524 19438 19556 D ScanRecord: Not a Multi Manu data
10-15 21:33:24.624 19438 19556 I chatty  : uid=1002(bluetooth) BT Service Call identical 244 lines
10-15 21:33:24.624 19438 19556 D ScanRecord: Not a Multi Manu data
10-15 21:33:24.633 25505 25766 I BatteryMgr:DataCollectionService: stats => 1697398404633,226,4250,182,0,100
10-15 21:33:24.663 19438 19556 D ScanRecord: Not a Multi Manu data
10-15 21:33:24.746 19438 19556 I chatty  : uid=1002(bluetooth) BT Service Call identical 115 lines
10-15 21:33:24.746 19438 19556 D ScanRecord: Not a Multi Manu data
10-15 21:33:24.746 25505 25766 I BatteryMgr:DataCollectionService: stats => 1697398404746,226,4250,182,0,100
10-15 21:33:24.760 19438 19556 D ScanRecord: Not a Multi Manu data
10-15 21:33:24.832 19438 19556 I chatty  : uid=1002(bluetooth) BT Service Call identical 128 lines
10-15 21:33:24.832 19438 19556 D ScanRecord: Not a Multi Manu data
10-15 21:33:24.853 25505 25766 I BatteryMgr:DataCollectionService: stats => 1697398404852,226,4250,182,0,100
10-15 21:33:24.866 19438 19556 D ScanRecord: Not a Multi Manu data
10-15 21:33:24.953 19438 19556 I chatty  : uid=1002(bluetooth) BT Service Call identical 102 lines
10-15 21:33:24.953 19438 19556 D ScanRecord: Not a Multi Manu data
10-15 21:33:24.963 25505 25766 I BatteryMgr:DataCollectionService: stats => 1697398404963,226,4250,182,0,100
10-15 21:33:24.976 19438 19556 D ScanRecord: Not a Multi Manu data
10-15 21:33:24.999 19438 19556 I chatty  : uid=1002(bluetooth) BT Service Call identical 50 lines
10-15 21:33:24.999 19438 19556 D ScanRecord: Not a Multi Manu data
10-15 21:33:25.010  3957  4129 D WifiStateMachine:  ConnectedState !RSSI_PKTCNT_FETCH uid=1000 rt=400394159/1060792386 0 0 "ourhome" f4:6d:2f:12:cc:88 rssi=-42 f=5240 sc=60 link=433 tx=0.1, 0.0, 0.0  rx=4.6 bcn=35637 [on:0 tx:0 rx:0 period:995] from screen [on:-3137969 period:3959859] score=60
10-15 21:33:25.015  3957  4129 D WifiStateMachine:  L2ConnectedState !RSSI_PKTCNT_FETCH uid=1000 rt=400394161/1060792389 0 0 "ourhome" f4:6d:2f:12:cc:88 rssi=-42 f=5240 sc=60 link=433 tx=0.1, 0.0, 0.0  rx=4.6 bcn=35637 [on:0 tx:0 rx:0 period:6] from screen [on:-3137969 period:3959865] score=60
10-15 21:33:25.021  3957  4129 D WifiStateMachine: fetchRssiLinkSpeedAndFrequencyNative rssi=-42 linkspeed=433 freq=5240
10-15 21:33:25.073 25505 25766 I BatteryMgr:DataCollectionService: stats => 1697398405073,226,4250,182,0,100
10-15 21:33:25.183 25505 25766 I BatteryMgr:DataCollectionService: stats => 1697398405182,226,4250,182,0,100
10-15 21:33:25.222  3957  4128 D WifiService: getConnectionInfo uid=1000
10-15 21:33:25.292 25505 25766 I BatteryMgr:DataCollectionService: stats => 1697398405292,226,4250,182,0,100
10-15 21:33:25.411 25505 25766 I BatteryMgr:DataCollectionService: stats => 1697398405410,226,4250,182,0,100
10-15 21:33:25.517 25505 25766 I BatteryMgr:DataCollectionService: stats => 1697398405517,226,4250,182,0,100
10-15 21:33:25.626 25505 25766 I BatteryMgr:DataCollectionService: stats => 1697398405626,226,4250,182,0,100
10-15 21:33:25.740 25505 25766 I BatteryMgr:DataCollectionService: stats => 1697398405740,226,4250,182,0,100
10-15 21:33:25.848 25505 25766 I BatteryMgr:DataCollectionService: stats => 1697398405848,226,4250,182,0,100
10-15 21:33:25.944 25548 25772 I SessionStorage/AutoSave: Save: Periodic
10-15 21:33:25.962 25505 25766 I BatteryMgr:DataCollectionService: stats => 1697398405962,226,4250,182,0,100
10-15 21:33:25.980  3957  4129 D WifiStateMachine:  ConnectedState !CMD_RSSI_POLL rt=400395128/1060793355 50 0 "ourhome" f4:6d:2f:12:cc:88 rssi=-42 f=5240 sc=60 link=433 tx=0.1, 0.0, 0.0  rx=4.6 bcn=35637 [on:0 tx:0 rx:0 period:965] from screen [on:-3137969 period:3960830] score=60
10-15 21:33:25.983  3957  4129 D WifiStateMachine:  L2ConnectedState !CMD_RSSI_POLL rt=400395131/1060793359 50 0 "ourhome" f4:6d:2f:12:cc:88 rssi=-42 f=5240 sc=60 link=433 tx=0.1, 0.0, 0.0  rx=4.6 bcn=35637 [on:0 tx:0 rx:0 period:2] from screen [on:-3137969 period:3960832] score=60
10-15 21:33:25.983  3957  4129 D WifiStateMachine:  get link layer stats 3
10-15 21:33:25.984  3436  3436 I android.hardware.wifi@1.0-service: getLinkLayerStats
10-15 21:33:26.003  3957  4129 D WifiStateMachine: fetchRssiLinkSpeedAndFrequencyNative rssi=-42 linkspeed=433 freq=5240
10-15 21:33:26.006  4340  4340 E SignalClusterView: setSlotFocusVisible : subId -2
10-15 21:33:26.006  4340  4340 E SignalClusterView: setSlotFocusVisible : subId -2
10-15 21:33:26.011  3957  4129 D WifiStateMachine:  ConnectedState !RSSI_PKTCNT_FETCH uid=1000 rt=400395159/1060793386 0 0 "ourhome" f4:6d:2f:12:cc:88 rssi=-42 f=5240 sc=60 link=433 tx=0.0, 0.0, 0.0  rx=3.6 bcn=35666 [on:0 tx:0 rx:0 period:5] from screen [on:-3137739 period:3960861] score=60
10-15 21:33:26.013  3957  4129 D WifiStateMachine:  L2ConnectedState !RSSI_PKTCNT_FETCH uid=1000 rt=400395162/1060793389 0 0 "ourhome" f4:6d:2f:12:cc:88 rssi=-42 f=5240 sc=60 link=433 tx=0.0, 0.0, 0.0  rx=3.6 bcn=35666 [on:0 tx:0 rx:0 period:1] from screen [on:-3137739 period:3960862] score=60
10-15 21:33:26.019  3957  4129 D WifiStateMachine: fetchRssiLinkSpeedAndFrequencyNative rssi=-42 linkspeed=433 freq=5240
10-15 21:33:26.071 25505 25766 I BatteryMgr:DataCollectionService: stats => 1697398406071,226,4250,182,0,100
10-15 21:33:26.180 25505 25766 I BatteryMgr:DataCollectionService: stats => 1697398406180,226,4250,182,0,100
10-15 21:33:26.225  3957  4128 D WifiService: getConnectionInfo uid=1000
10-15 21:33:26.291 25505 25766 I BatteryMgr:DataCollectionService: stats => 1697398406291,226,4250,182,0,100
10-15 21:33:26.400 25505 25766 I BatteryMgr:DataCollectionService: stats => 1697398406400,226,4250,182,0,100
10-15 21:33:26.508 25505 25766 I BatteryMgr:DataCollectionService: stats => 1697398406508,226,4250,182,0,100
10-15 21:33:26.617 25505 25766 I BatteryMgr:DataCollectionService: stats => 1697398406617,226,4250,182,0,100
10-15 21:33:26.727 25505 25766 I BatteryMgr:DataCollectionService: stats => 1697398406726,226,4250,182,0,100
10-15 21:33:26.837 25505 25766 I BatteryMgr:DataCollectionService: stats => 1697398406837,226,4250,182,0,100
10-15 21:33:26.947 25505 25766 I BatteryMgr:DataCollectionService: stats => 1697398406947,226,4250,182,0,100
10-15 21:33:27.011  3957  4129 D WifiStateMachine:  ConnectedState !RSSI_PKTCNT_FETCH uid=1000 rt=400396160/1060794387 0 0 "ourhome" f4:6d:2f:12:cc:88 rssi=-42 f=5240 sc=60 link=433 tx=0.0, 0.0, 0.0  rx=3.6 bcn=35666 [on:0 tx:0 rx:0 period:999] from screen [on:-3137739 period:3961861] score=60
10-15 21:33:27.014  3957  4129 D WifiStateMachine:  L2ConnectedState !RSSI_PKTCNT_FETCH uid=1000 rt=400396162/1060794390 0 0 "ourhome" f4:6d:2f:12:cc:88 rssi=-42 f=5240 sc=60 link=433 tx=0.0, 0.0, 0.0  rx=3.6 bcn=35666 [on:0 tx:0 rx:0 period:2] from screen [on:-3137739 period:3961863] score=60
10-15 21:33:27.016  3957  4129 D WifiStateMachine: fetchRssiLinkSpeedAndFrequencyNative rssi=-42 linkspeed=433 freq=5240
10-15 21:33:27.056 25505 25766 I BatteryMgr:DataCollectionService: stats => 1697398407056,226,4250,182,0,100
10-15 21:33:27.165 25505 25766 I BatteryMgr:DataCollectionService: stats => 1697398407165,226,4250,182,0,100
10-15 21:33:27.228  3957  4128 D WifiService: getConnectionInfo uid=1000
10-15 21:33:27.281 25505 25766 I BatteryMgr:DataCollectionService: stats => 1697398407281,226,4250,182,0,100
10-15 21:33:27.396 25505 25766 I BatteryMgr:DataCollectionService: stats => 1697398407396,226,4250,182,0,100
10-15 21:33:27.506 25505 25766 I BatteryMgr:DataCollectionService: stats => 1697398407506,226,4250,182,0,100
10-15 21:33:27.615 25505 25766 I BatteryMgr:DataCollectionService: stats => 1697398407615,226,4250,182,0,100
10-15 21:33:27.669  3957  4030 D SensorService: [SO] 0.096 -0.096 9.979
10-15 21:33:27.725 25505 25766 I BatteryMgr:DataCollectionService: stats => 1697398407725,226,4250,182,0,100
10-15 21:33:27.769  4961  4961 D io_stats: !@ 179,0 r 5150630 159131752 w 1277193 27766316 d 100306 31506948 f 297554 313961 iot 2291716 2028958 th 51200 0 0 pt 0 inp 0 0 400396.919
10-15 21:33:27.834 25505 25766 I BatteryMgr:DataCollectionService: stats => 1697398407834,226,4250,182,0,100
10-15 21:33:27.944 25505 25766 I BatteryMgr:DataCollectionService: stats => 1697398407944,226,4250,182,0,100
10-15 21:33:28.012  3957  4129 D WifiStateMachine:  ConnectedState !RSSI_PKTCNT_FETCH uid=1000 rt=400397160/1060795388 0 0 "ourhome" f4:6d:2f:12:cc:88 rssi=-42 f=5240 sc=60 link=433 tx=0.0, 0.0, 0.0  rx=3.6 bcn=35666 [on:0 tx:0 rx:0 period:998] from screen [on:-3137739 period:3962861] score=60
10-15 21:33:28.014  3957  4129 D WifiStateMachine:  L2ConnectedState !RSSI_PKTCNT_FETCH uid=1000 rt=400397163/1060795390 0 0 "ourhome" f4:6d:2f:12:cc:88 rssi=-42 f=5240 sc=60 link=433 tx=0.0, 0.0, 0.0  rx=3.6 bcn=35666 [on:0 tx:0 rx:0 period:2] from screen [on:-3137739 period:3962863] score=60
10-15 21:33:28.020  3957  4129 D WifiStateMachine: fetchRssiLinkSpeedAndFrequencyNative rssi=-42 linkspeed=433 freq=5240
10-15 21:33:28.054 25505 25766 I BatteryMgr:DataCollectionService: stats => 1697398408054,226,4250,182,0,100
10-15 21:33:28.162 25505 25766 I BatteryMgr:DataCollectionService: stats => 1697398408162,226,4250,182,0,100
10-15 21:33:28.230  3957  4128 D WifiService: getConnectionInfo uid=1000
10-15 21:33:28.272 25505 25766 I BatteryMgr:DataCollectionService: stats => 1697398408271,226,4250,182,0,100
10-15 21:33:28.379 25505 25766 I BatteryMgr:DataCollectionService: stats => 1697398408379,226,4250,182,0,100
10-15 21:33:28.486 25505 25766 I BatteryMgr:DataCollectionService: stats => 1697398408486,226,4250,182,0,100
10-15 21:33:28.595 25505 25766 I BatteryMgr:DataCollectionService: stats => 1697398408594,226,4250,182,0,100
10-15 21:33:28.705 25505 25766 I BatteryMgr:DataCollectionService: stats => 1697398408705,226,4250,182,0,100
10-15 21:33:28.816 25505 25766 I BatteryMgr:DataCollectionService: stats => 1697398408815,142,4250,188,0,100
10-15 21:33:28.924 25505 25766 I BatteryMgr:DataCollectionService: stats => 1697398408924,142,4250,188,0,100
10-15 21:33:29.007  3957  4129 D WifiStateMachine:  ConnectedState !CMD_RSSI_POLL rt=400398156/1060796383 50 0 "ourhome" f4:6d:2f:12:cc:88 rssi=-42 f=5240 sc=60 link=433 tx=0.0, 0.0, 0.0  rx=3.6 bcn=35666 [on:0 tx:0 rx:0 period:994] from screen [on:-3137739 period:3963857] score=60
10-15 21:33:29.009  3957  4129 D WifiStateMachine:  L2ConnectedState !CMD_RSSI_POLL rt=400398158/1060796386 50 0 "ourhome" f4:6d:2f:12:cc:88 rssi=-42 f=5240 sc=60 link=433 tx=0.0, 0.0, 0.0  rx=3.6 bcn=35666 [on:0 tx:0 rx:0 period:2] from screen [on:-3137739 period:3963859] score=60
10-15 21:33:29.009  3957  4129 D WifiStateMachine:  get link layer stats 3
10-15 21:33:29.010  3436  3436 I android.hardware.wifi@1.0-service: getLinkLayerStats
10-15 21:33:29.024  3957  4129 D WifiStateMachine: fetchRssiLinkSpeedAndFrequencyNative rssi=-41 linkspeed=433 freq=5240
10-15 21:33:29.028  4340  4340 E SignalClusterView: setSlotFocusVisible : subId -2
10-15 21:33:29.028  4340  4340 E SignalClusterView: setSlotFocusVisible : subId -2
10-15 21:33:29.030  3957  4129 D WifiStateMachine:  ConnectedState !RSSI_PKTCNT_FETCH uid=1000 rt=400398178/1060796406 0 0 "ourhome" f4:6d:2f:12:cc:88 rssi=-41 f=5240 sc=60 link=433 tx=0.6, 0.0, 0.0  rx=3.9 bcn=35695 [on:0 tx:0 rx:0 period:3] from screen [on:-3137098 period:3963880] score=60
10-15 21:33:29.033  3957  4129 D WifiStateMachine:  L2ConnectedState !RSSI_PKTCNT_FETCH uid=1000 rt=400398181/1060796408 0 0 "ourhome" f4:6d:2f:12:cc:88 rssi=-41 f=5240 sc=60 link=433 tx=0.6, 0.0, 0.0  rx=3.9 bcn=35695 [on:0 tx:0 rx:0 period:2] from screen [on:-3137098 period:3963882] score=60
10-15 21:33:29.033 25505 25766 I BatteryMgr:DataCollectionService: stats => 1697398409033,142,4250,188,0,100
10-15 21:33:29.038  3957  4129 D WifiStateMachine: fetchRssiLinkSpeedAndFrequencyNative rssi=-41 linkspeed=433 freq=5240
10-15 21:33:29.142 25505 25766 I BatteryMgr:DataCollectionService: stats => 1697398409142,142,4250,188,0,100
10-15 21:33:29.233  3957  4128 D WifiService: getConnectionInfo uid=1000
10-15 21:33:29.250 25505 25766 I BatteryMgr:DataCollectionService: stats => 1697398409250,142,4250,188,0,100
10-15 21:33:29.267  3957  4651 D BatteryService: !@BatteryListener : batteryPropertiesChanged!
10-15 21:33:29.358 25505 25766 I BatteryMgr:DataCollectionService: stats => 1697398409358,142,4250,188,0,100
10-15 21:33:29.465 25505 25766 I BatteryMgr:DataCollectionService: stats => 1697398409465,142,4250,188,0,100
10-15 21:33:29.505 19438 19556 D ScanRecord: Not a Multi Manu data
10-15 21:33:29.575 19438 19556 I chatty  : uid=1002(bluetooth) BT Service Call identical 50 lines
10-15 21:33:29.575 19438 19556 D ScanRecord: Not a Multi Manu data
10-15 21:33:29.576 25505 25766 I BatteryMgr:DataCollectionService: stats => 1697398409575,142,4250,188,0,100
10-15 21:33:29.580 19438 19556 D ScanRecord: Not a Multi Manu data
10-15 21:33:29.679 19438 19556 I chatty  : uid=1002(bluetooth) BT Service Call identical 154 lines
10-15 21:33:29.679 19438 19556 D ScanRecord: Not a Multi Manu data
10-15 21:33:29.685 25505 25766 I BatteryMgr:DataCollectionService: stats => 1697398409685,142,4250,188,0,100
10-15 21:33:29.691 19438 19556 D ScanRecord: Not a Multi Manu data
10-15 21:33:29.794 19438 19556 I chatty  : uid=1002(bluetooth) BT Service Call identical 173 lines
10-15 21:33:29.794 19438 19556 D ScanRecord: Not a Multi Manu data
10-15 21:33:29.795 25505 25766 I BatteryMgr:DataCollectionService: stats => 1697398409795,142,4250,188,0,100
10-15 21:33:29.795 19438 19556 D ScanRecord: Not a Multi Manu data
10-15 21:33:29.907 19438 19556 I chatty  : uid=1002(bluetooth) BT Service Call identical 187 lines
10-15 21:33:29.907 19438 19556 D ScanRecord: Not a Multi Manu data
