10-15 22:36:16.949 32267 32539 I BatteryMgr:DataCollectionService: stats => 1697402176949,128,4250,152,0,100
10-15 22:36:17.060 32267 32539 I BatteryMgr:DataCollectionService: stats => 1697402177059,128,4250,152,0,100
10-15 22:36:17.167 32267 32539 I BatteryMgr:DataCollectionService: stats => 1697402177167,128,4250,152,0,100
10-15 22:36:17.266  3957  4128 D WifiService: getConnectionInfo uid=1000
10-15 22:36:17.275 32267 32539 I BatteryMgr:DataCollectionService: stats => 1697402177275,128,4250,152,0,100
10-15 22:36:17.361  3957  4129 D WifiStateMachine:  ConnectedState !RSSI_PKTCNT_FETCH uid=1000 rt=404166508/1064564736 0 0 "ourhome" f4:6d:2f:12:cc:88 rssi=-44 f=5240 sc=60 link=433 tx=0.3, 0.0, 0.0  rx=5.2 bcn=70008 [on:0 tx:0 rx:0 period:1001] from screen [on:340608 period:2344337] score=60
10-15 22:36:17.363  3957  4129 D WifiStateMachine:  L2ConnectedState !RSSI_PKTCNT_FETCH uid=1000 rt=404166512/1064564740 0 0 "ourhome" f4:6d:2f:12:cc:88 rssi=-44 f=5240 sc=60 link=433 tx=0.3, 0.0, 0.0  rx=5.2 bcn=70008 [on:0 tx:0 rx:0 period:1] from screen [on:340608 period:2344338] score=60
10-15 22:36:17.370  3957  4129 D WifiStateMachine: fetchRssiLinkSpeedAndFrequencyNative rssi=-44 linkspeed=433 freq=5240
10-15 22:36:17.385 32267 32539 I BatteryMgr:DataCollectionService: stats => 1697402177384,128,4250,152,0,100
10-15 22:36:17.496 32267 32539 I BatteryMgr:DataCollectionService: stats => 1697402177496,128,4250,152,0,100
10-15 22:36:17.604 32267 32539 I BatteryMgr:DataCollectionService: stats => 1697402177604,128,4250,152,0,100
10-15 22:36:17.713 32267 32539 I BatteryMgr:DataCollectionService: stats => 1697402177713,128,4250,152,0,100
10-15 22:36:17.828 32267 32539 I BatteryMgr:DataCollectionService: stats => 1697402177828,128,4250,152,0,100
10-15 22:36:17.936 32267 32539 I BatteryMgr:DataCollectionService: stats => 1697402177936,128,4250,152,0,100
10-15 22:36:18.049 32267 32539 I BatteryMgr:DataCollectionService: stats => 1697402178049,128,4250,152,0,100
10-15 22:36:18.162 32267 32539 I BatteryMgr:DataCollectionService: stats => 1697402178162,128,4250,152,0,100
10-15 22:36:18.164  3957  4129 D WifiStateMachine:  ConnectedState !CMD_RSSI_POLL rt=404167311/1064565538 52 0 "ourhome" f4:6d:2f:12:cc:88 rssi=-44 f=5240 sc=60 link=433 tx=0.3, 0.0, 0.0  rx=5.2 bcn=70008 [on:0 tx:0 rx:0 period:802] from screen [on:340608 period:2345140] score=60
10-15 22:36:18.166  3957  4129 D WifiStateMachine:  L2ConnectedState !CMD_RSSI_POLL rt=404167315/1064565542 52 0 "ourhome" f4:6d:2f:12:cc:88 rssi=-44 f=5240 sc=60 link=433 tx=0.3, 0.0, 0.0  rx=5.2 bcn=70008 [on:0 tx:0 rx:0 period:2] from screen [on:340608 period:2345142] score=60
10-15 22:36:18.167  3957  4129 D WifiStateMachine:  get link layer stats 3
10-15 22:36:18.168  3436  3436 I android.hardware.wifi@1.0-service: getLinkLayerStats
10-15 22:36:18.172  3957  4129 D WifiStateMachine: fetchRssiLinkSpeedAndFrequencyNative rssi=-45 linkspeed=433 freq=5240
10-15 22:36:18.176  4340  4340 E SignalClusterView: setSlotFocusVisible : subId -2
10-15 22:36:18.176  4340  4340 E SignalClusterView: setSlotFocusVisible : subId -2
10-15 22:36:18.268  3957  4128 D WifiService: getConnectionInfo uid=1000
10-15 22:36:18.268 32267 32539 I BatteryMgr:DataCollectionService: stats => 1697402178268,128,4250,152,0,100
10-15 22:36:18.362  3957  4129 D WifiStateMachine:  ConnectedState !RSSI_PKTCNT_FETCH uid=1000 rt=404167509/1064565737 0 0 "ourhome" f4:6d:2f:12:cc:88 rssi=-45 f=5240 sc=60 link=433 tx=2.0, 0.0, 0.0  rx=4.4 bcn=70030 [on:0 tx:0 rx:0 period:187] from screen [on:341425 period:2345338] score=60
10-15 22:36:18.365  3957  4129 D WifiStateMachine:  L2ConnectedState !RSSI_PKTCNT_FETCH uid=1000 rt=404167513/1064565741 0 0 "ourhome" f4:6d:2f:12:cc:88 rssi=-45 f=5240 sc=60 link=433 tx=2.0, 0.0, 0.0  rx=4.4 bcn=70030 [on:0 tx:0 rx:0 period:3] from screen [on:341425 period:2345341] score=60
10-15 22:36:18.372  3957  4129 D WifiStateMachine: fetchRssiLinkSpeedAndFrequencyNative rssi=-44 linkspeed=433 freq=5240
10-15 22:36:18.379 32267 32539 I BatteryMgr:DataCollectionService: stats => 1697402178379,128,4250,152,0,100
10-15 22:36:18.491 32267 32539 I BatteryMgr:DataCollectionService: stats => 1697402178491,128,4250,152,0,100
10-15 22:36:18.605 32267 32539 I BatteryMgr:DataCollectionService: stats => 1697402178605,128,4250,152,0,100
10-15 22:36:18.712 32267 32539 I BatteryMgr:DataCollectionService: stats => 1697402178712,128,4250,152,0,100
10-15 22:36:18.820 32267 32539 I BatteryMgr:DataCollectionService: stats => 1697402178819,128,4250,152,0,100
10-15 22:36:18.943 32267 32539 I BatteryMgr:DataCollectionService: stats => 1697402178943,128,4250,152,0,100
10-15 22:36:19.054 32267 32539 I BatteryMgr:DataCollectionService: stats => 1697402179054,128,4250,152,0,100
10-15 22:36:19.163 32267 32539 I BatteryMgr:DataCollectionService: stats => 1697402179163,128,4250,152,0,100
10-15 22:36:19.270  3957  4128 D WifiService: getConnectionInfo uid=1000
10-15 22:36:19.273 32267 32539 I BatteryMgr:DataCollectionService: stats => 1697402179272,128,4250,152,0,100
10-15 22:36:19.363  3957  4129 D WifiStateMachine:  ConnectedState !RSSI_PKTCNT_FETCH uid=1000 rt=404168512/1064566739 0 0 "ourhome" f4:6d:2f:12:cc:88 rssi=-44 f=5240 sc=60 link=433 tx=2.0, 0.0, 0.0  rx=4.4 bcn=70030 [on:0 tx:0 rx:0 period:998] from screen [on:341425 period:2346339] score=60
10-15 22:36:19.365  3957  4129 D WifiStateMachine:  L2ConnectedState !RSSI_PKTCNT_FETCH uid=1000 rt=404168514/1064566742 0 0 "ourhome" f4:6d:2f:12:cc:88 rssi=-44 f=5240 sc=60 link=433 tx=2.0, 0.0, 0.0  rx=4.4 bcn=70030 [on:0 tx:0 rx:0 period:2] from screen [on:341425 period:2346341] score=60
10-15 22:36:19.369  3957  4129 D WifiStateMachine: fetchRssiLinkSpeedAndFrequencyNative rssi=-46 linkspeed=433 freq=5240
10-15 22:36:19.382 32267 32539 I BatteryMgr:DataCollectionService: stats => 1697402179382,128,4250,152,0,100
10-15 22:36:19.488 32267 32539 I BatteryMgr:DataCollectionService: stats => 1697402179488,128,4250,152,0,100
10-15 22:36:19.604 32267 32539 I BatteryMgr:DataCollectionService: stats => 1697402179604,128,4250,152,0,100
10-15 22:36:19.699 19438 19556 D ScanRecord: Not a Multi Manu data
10-15 22:36:19.705 19438 19556 I chatty  : uid=1002(bluetooth) BT Service Call identical 37 lines
10-15 22:36:19.705 19438 19556 D ScanRecord: Not a Multi Manu data
10-15 22:36:19.715 32267 32539 I BatteryMgr:DataCollectionService: stats => 1697402179714,128,4250,152,0,100
10-15 22:36:19.751 19438 19556 D ScanRecord: Not a Multi Manu data
10-15 22:36:19.819 19438 19556 I chatty  : uid=1002(bluetooth) BT Service Call identical 76 lines
10-15 22:36:19.819 19438 19556 D ScanRecord: Not a Multi Manu data
10-15 22:36:19.822 32267 32539 I BatteryMgr:DataCollectionService: stats => 1697402179822,128,4250,152,0,100
10-15 22:36:19.822 19438 19556 D ScanRecord: Not a Multi Manu data
10-15 22:36:19.930 19438 19556 I chatty  : uid=1002(bluetooth) BT Service Call identical 115 lines
10-15 22:36:19.930 19438 19556 D ScanRecord: Not a Multi Manu data
10-15 22:36:19.931 32267 32539 I BatteryMgr:DataCollectionService: stats => 1697402179931,128,4250,152,0,100
10-15 22:36:19.933 19438 19556 D ScanRecord: Not a Multi Manu data
10-15 22:36:20.017 19438 19556 I chatty  : uid=1002(bluetooth) BT Service Call identical 141 lines
10-15 22:36:20.017 19438 19556 D ScanRecord: Not a Multi Manu data
10-15 22:36:20.041 32267 32539 I BatteryMgr:DataCollectionService: stats => 1697402180041,128,4250,152,0,100
10-15 22:36:20.060 19438 19556 D ScanRecord: Not a Multi Manu data
10-15 22:36:20.121 19438 19556 I chatty  : uid=1002(bluetooth) BT Service Call identical 102 lines
10-15 22:36:20.121 19438 19556 D ScanRecord: Not a Multi Manu data
10-15 22:36:20.150 32267 32539 I BatteryMgr:DataCollectionService: stats => 1697402180150,128,4250,152,0,100
10-15 22:36:20.161 19438 19556 D ScanRecord: Not a Multi Manu data
10-15 22:36:20.177 19438 19556 I chatty  : uid=1002(bluetooth) BT Service Call identical 24 lines
10-15 22:36:20.177 19438 19556 D ScanRecord: Not a Multi Manu data
10-15 22:36:20.259 32267 32539 I BatteryMgr:DataCollectionService: stats => 1697402180259,128,4250,152,0,100
10-15 22:36:20.273  3957  4128 D WifiService: getConnectionInfo uid=1000
10-15 22:36:20.364  3957  4129 D WifiStateMachine:  ConnectedState !RSSI_PKTCNT_FETCH uid=1000 rt=404169513/1064567740 0 0 "ourhome" f4:6d:2f:12:cc:88 rssi=-46 f=5240 sc=60 link=433 tx=2.0, 0.0, 0.0  rx=4.4 bcn=70030 [on:0 tx:0 rx:0 period:999] from screen [on:341425 period:2347340] score=60
10-15 22:36:20.366  3957  4129 D WifiStateMachine:  L2ConnectedState !RSSI_PKTCNT_FETCH uid=1000 rt=404169516/1064567743 0 0 "ourhome" f4:6d:2f:12:cc:88 rssi=-46 f=5240 sc=60 link=433 tx=2.0, 0.0, 0.0  rx=4.4 bcn=70030 [on:0 tx:0 rx:0 period:2] from screen [on:341425 period:2347342] score=60
10-15 22:36:20.370 32267 32539 I BatteryMgr:DataCollectionService: stats => 1697402180369,128,4250,152,0,100
10-15 22:36:20.373  3957  4129 D WifiStateMachine: fetchRssiLinkSpeedAndFrequencyNative rssi=-44 linkspeed=433 freq=5240
10-15 22:36:20.386  3957  4030 D SensorService: [SO] 0.115 -0.091 9.974
10-15 22:36:20.479 32267 32539 I BatteryMgr:DataCollectionService: stats => 1697402180479,128,4250,152,0,100
10-15 22:36:20.588 32267 32539 I BatteryMgr:DataCollectionService: stats => 1697402180588,128,4250,152,0,100
10-15 22:36:20.648  4961  4961 D io_stats: !@ 179,0 r 5338207 165675016 w 1293229 28092624 d 102215 31671124 f 299332 316003 iot 2373124 2096839 th 51200 0 0 pt 0 inp 0 0 404169.798
10-15 22:36:20.698 32267 32539 I BatteryMgr:DataCollectionService: stats => 1697402180698,128,4250,152,0,100
10-15 22:36:20.807 32267 32539 I BatteryMgr:DataCollectionService: stats => 1697402180807,175,4250,155,0,100
10-15 22:36:20.825  3957  6478 D SSRM:k  : SIOP:: AP = 370, PST = 356 (W:28), BAT = 297, USB = 0, CHG = 0
10-15 22:36:20.917 32267 32539 I BatteryMgr:DataCollectionService: stats => 1697402180917,175,4250,155,0,100
10-15 22:36:21.026 32267 32539 I BatteryMgr:DataCollectionService: stats => 1697402181026,175,4250,155,0,100
10-15 22:36:21.136 32267 32539 I BatteryMgr:DataCollectionService: stats => 1697402181136,175,4250,155,0,100
10-15 22:36:21.176  3957  4129 D WifiStateMachine:  ConnectedState !CMD_RSSI_POLL rt=404170325/1064568553 52 0 "ourhome" f4:6d:2f:12:cc:88 rssi=-44 f=5240 sc=60 link=433 tx=2.0, 0.0, 0.0  rx=4.4 bcn=70030 [on:0 tx:0 rx:0 period:810] from screen [on:341425 period:2348152] score=60
10-15 22:36:21.178  3957  4129 D WifiStateMachine:  L2ConnectedState !CMD_RSSI_POLL rt=404170327/1064568555 52 0 "ourhome" f4:6d:2f:12:cc:88 rssi=-44 f=5240 sc=60 link=433 tx=2.0, 0.0, 0.0  rx=4.4 bcn=70030 [on:0 tx:0 rx:0 period:2] from screen [on:341425 period:2348154] score=60
10-15 22:36:21.179  3957  4129 D WifiStateMachine:  get link layer stats 3
10-15 22:36:21.179  3436  3436 I android.hardware.wifi@1.0-service: getLinkLayerStats
10-15 22:36:21.198  3957  4129 D WifiStateMachine: fetchRssiLinkSpeedAndFrequencyNative rssi=-43 linkspeed=433 freq=5240
10-15 22:36:21.203  4340  4340 E SignalClusterView: setSlotFocusVisible : subId -2
10-15 22:36:21.203  4340  4340 E SignalClusterView: setSlotFocusVisible : subId -2
10-15 22:36:21.246 32267 32539 I BatteryMgr:DataCollectionService: stats => 1697402181245,175,4250,155,0,100
10-15 22:36:21.252  3957  4602 D BatteryService: !@BatteryListener : batteryPropertiesChanged!
10-15 22:36:21.275  3957  4128 D WifiService: getConnectionInfo uid=1000
10-15 22:36:21.355 32267 32539 I BatteryMgr:DataCollectionService: stats => 1697402181354,175,4250,155,0,100
10-15 22:36:21.366  3957  4129 D WifiStateMachine:  ConnectedState !RSSI_PKTCNT_FETCH uid=1000 rt=404170513/1064568741 0 0 "ourhome" f4:6d:2f:12:cc:88 rssi=-43 f=5240 sc=60 link=433 tx=0.7, 0.0, 0.0  rx=13.0 bcn=70057 [on:0 tx:0 rx:0 period:163] from screen [on:341791 period:2348342] score=60
10-15 22:36:21.367  3957  4129 D WifiStateMachine:  L2ConnectedState !RSSI_PKTCNT_FETCH uid=1000 rt=404170517/1064568744 0 0 "ourhome" f4:6d:2f:12:cc:88 rssi=-43 f=5240 sc=60 link=433 tx=0.7, 0.0, 0.0  rx=13.0 bcn=70057 [on:0 tx:0 rx:0 period:1] from screen [on:341791 period:2348343] score=60
10-15 22:36:21.374  3957  4129 D WifiStateMachine: fetchRssiLinkSpeedAndFrequencyNative rssi=-42 linkspeed=433 freq=5240
10-15 22:36:21.466 32267 32539 I BatteryMgr:DataCollectionService: stats => 1697402181466,175,4250,155,0,100
10-15 22:36:21.580 32267 32539 I BatteryMgr:DataCollectionService: stats => 1697402181580,175,4250,155,0,100
10-15 22:36:21.687 32267 32539 I BatteryMgr:DataCollectionService: stats => 1697402181687,175,4250,155,0,100
10-15 22:36:21.795 32267 32539 I BatteryMgr:DataCollectionService: stats => 1697402181795,175,4250,155,0,100
10-15 22:36:21.904 32267 32539 I BatteryMgr:DataCollectionService: stats => 1697402181904,175,4250,155,0,100
10-15 22:36:22.011 32267 32539 I BatteryMgr:DataCollectionService: stats => 1697402182011,175,4250,155,0,100
10-15 22:36:22.123 32267 32539 I BatteryMgr:DataCollectionService: stats => 1697402182122,175,4250,155,0,100
10-15 22:36:22.233 32267 32539 I BatteryMgr:DataCollectionService: stats => 1697402182232,175,4250,155,0,100
10-15 22:36:22.278  3957  4128 D WifiService: getConnectionInfo uid=1000
10-15 22:36:22.342 32267 32539 I BatteryMgr:DataCollectionService: stats => 1697402182342,175,4250,155,0,100
10-15 22:36:22.368  3957  4129 D WifiStateMachine:  ConnectedState !RSSI_PKTCNT_FETCH uid=1000 rt=404171516/1064569744 0 0 "ourhome" f4:6d:2f:12:cc:88 rssi=-42 f=5240 sc=60 link=433 tx=0.7, 0.0, 0.0  rx=13.0 bcn=70057 [on:0 tx:0 rx:0 period:1000] from screen [on:341791 period:2349343] score=60
10-15 22:36:22.370  3957  4129 D WifiStateMachine:  L2ConnectedState !RSSI_PKTCNT_FETCH uid=1000 rt=404171519/1064569746 0 0 "ourhome" f4:6d:2f:12:cc:88 rssi=-42 f=5240 sc=60 link=433 tx=0.7, 0.0, 0.0  rx=13.0 bcn=70057 [on:0 tx:0 rx:0 period:2] from screen [on:341791 period:2349345] score=60
10-15 22:36:22.378  3957  4129 D WifiStateMachine: fetchRssiLinkSpeedAndFrequencyNative rssi=-42 linkspeed=433 freq=5240
10-15 22:36:22.451 32267 32539 I BatteryMgr:DataCollectionService: stats => 1697402182451,175,4250,155,0,100
10-15 22:36:22.562 32267 32539 I BatteryMgr:DataCollectionService: stats => 1697402182561,175,4250,155,0,100
10-15 22:36:22.670 32267 32539 I BatteryMgr:DataCollectionService: stats => 1697402182670,175,4250,155,0,100
10-15 22:36:22.783 32267 32539 I BatteryMgr:DataCollectionService: stats => 1697402182783,175,4250,155,0,100
10-15 22:36:22.821  3957  4416 E Watchdog: !@Sync 13467 [2023-10-15 22:36:22.821]
10-15 22:36:22.892 32267 32539 I BatteryMgr:DataCollectionService: stats => 1697402182892,175,4250,155,0,100
10-15 22:36:23.002 32267 32539 I BatteryMgr:DataCollectionService: stats => 1697402183002,175,4250,155,0,100
10-15 22:36:23.109 32267 32539 I BatteryMgr:DataCollectionService: stats => 1697402183108,175,4250,155,0,100
10-15 22:36:23.218 32267 32539 I BatteryMgr:DataCollectionService: stats => 1697402183218,175,4250,155,0,100
10-15 22:36:23.280  3957  4128 D WifiService: getConnectionInfo uid=1000
10-15 22:36:23.331 32267 32539 I BatteryMgr:DataCollectionService: stats => 1697402183331,175,4250,155,0,100
10-15 22:36:23.368  3957  4129 D WifiStateMachine:  ConnectedState !RSSI_PKTCNT_FETCH uid=1000 rt=404172517/1064570745 0 0 "ourhome" f4:6d:2f:12:cc:88 rssi=-42 f=5240 sc=60 link=433 tx=0.7, 0.0, 0.0  rx=13.0 bcn=70057 [on:0 tx:0 rx:0 period:998] from screen [on:341791 period:2350343] score=60
10-15 22:36:23.371  3957  4129 D WifiStateMachine:  L2ConnectedState !RSSI_PKTCNT_FETCH uid=1000 rt=404172519/1064570746 0 0 "ourhome" f4:6d:2f:12:cc:88 rssi=-42 f=5240 sc=60 link=433 tx=0.7, 0.0, 0.0  rx=13.0 bcn=70057 [on:0 tx:0 rx:0 period:3] from screen [on:341791 period:2350346] score=60
10-15 22:36:23.377  3957  4129 D WifiStateMachine: fetchRssiLinkSpeedAndFrequencyNative rssi=-42 linkspeed=433 freq=5240
10-15 22:36:23.439 32267 32539 I BatteryMgr:DataCollectionService: stats => 1697402183439,175,4250,155,0,100
10-15 22:36:23.551 32267 32539 I BatteryMgr:DataCollectionService: stats => 1697402183550,175,4250,155,0,100
10-15 22:36:23.658 32267 32539 I BatteryMgr:DataCollectionService: stats => 1697402183658,175,4250,155,0,100
10-15 22:36:23.769 32267 32539 I BatteryMgr:DataCollectionService: stats => 1697402183769,175,4250,155,0,100
10-15 22:36:23.881 32267 32539 I BatteryMgr:DataCollectionService: stats => 1697402183881,175,4250,155,0,100
10-15 22:36:23.995 32267 32539 I BatteryMgr:DataCollectionService: stats => 1697402183995,175,4250,155,0,100
10-15 22:36:24.107 32267 32539 I BatteryMgr:DataCollectionService: stats => 1697402184106,175,4250,155,0,100
10-15 22:36:24.202  3957  4129 D WifiStateMachine:  ConnectedState !CMD_RSSI_POLL rt=404173351/1064571579 52 0 "ourhome" f4:6d:2f:12:cc:88 rssi=-42 f=5240 sc=60 link=433 tx=0.7, 0.0, 0.0  rx=13.0 bcn=70057 [on:0 tx:0 rx:0 period:832] from screen [on:341791 period:2351178] score=60
10-15 22:36:24.204  3957  4129 D WifiStateMachine:  L2ConnectedState !CMD_RSSI_POLL rt=404173353/1064571581 52 0 "ourhome" f4:6d:2f:12:cc:88 rssi=-42 f=5240 sc=60 link=433 tx=0.7, 0.0, 0.0  rx=13.0 bcn=70057 [on:0 tx:0 rx:0 period:2] from screen [on:341791 period:2351180] score=60
10-15 22:36:24.204  3957  4129 D WifiStateMachine:  get link layer stats 3
10-15 22:36:24.204  3436  3436 I android.hardware.wifi@1.0-service: getLinkLayerStats
10-15 22:36:24.215 32267 32539 I BatteryMgr:DataCollectionService: stats => 1697402184215,175,4250,155,0,100
10-15 22:36:24.223  3957  4129 D WifiStateMachine: fetchRssiLinkSpeedAndFrequencyNative rssi=-42 linkspeed=433 freq=5240
10-15 22:36:24.228  4340  4340 E SignalClusterView: setSlotFocusVisible : subId -2
10-15 22:36:24.228  4340  4340 E SignalClusterView: setSlotFocusVisible : subId -2
10-15 22:36:24.283  3957  4128 D WifiService: getConnectionInfo uid=1000
10-15 22:36:24.323 32267 32539 I BatteryMgr:DataCollectionService: stats => 1697402184322,175,4250,155,0,100
10-15 22:36:24.368  3957  4129 D WifiStateMachine:  ConnectedState !RSSI_PKTCNT_FETCH uid=1000 rt=404173517/1064571745 0 0 "ourhome" f4:6d:2f:12:cc:88 rssi=-42 f=5240 sc=60 link=433 tx=0.9, 0.0, 0.0  rx=5.4 bcn=70081 [on:0 tx:0 rx:0 period:141] from screen [on:342192 period:2351344] score=60
10-15 22:36:24.369  3957  4129 D WifiStateMachine:  L2ConnectedState !RSSI_PKTCNT_FETCH uid=1000 rt=404173519/1064571746 0 0 "ourhome" f4:6d:2f:12:cc:88 rssi=-42 f=5240 sc=60 link=433 tx=0.9, 0.0, 0.0  rx=5.4 bcn=70081 [on:0 tx:0 rx:0 period:1] from screen [on:342192 period:2351345] score=60
10-15 22:36:24.375  3957  4129 D WifiStateMachine: fetchRssiLinkSpeedAndFrequencyNative rssi=-43 linkspeed=433 freq=5240
10-15 22:36:24.430 32267 32539 I BatteryMgr:DataCollectionService: stats => 1697402184430,175,4250,155,0,100
10-15 22:36:24.540 32267 32539 I BatteryMgr:DataCollectionService: stats => 1697402184540,175,4250,155,0,100
10-15 22:36:24.652 32267 32539 I BatteryMgr:DataCollectionService: stats => 1697402184652,175,4250,155,0,100
10-15 22:36:24.690 19438 19556 D ScanRecord: Not a Multi Manu data
10-15 22:36:24.749 19438 19556 I chatty  : uid=1002(bluetooth) BT Service Call identical 128 lines
10-15 22:36:24.749 19438 19556 D ScanRecord: Not a Multi Manu data
10-15 22:36:24.760 32267 32539 I BatteryMgr:DataCollectionService: stats => 1697402184760,175,4250,155,0,100
10-15 22:36:24.772 19438 19556 D ScanRecord: Not a Multi Manu data
10-15 22:36:24.862 19438 19556 I chatty  : uid=1002(bluetooth) BT Service Call identical 219 lines
10-15 22:36:24.862 19438 19556 D ScanRecord: Not a Multi Manu data
10-15 22:36:24.869 32267 32539 I BatteryMgr:DataCollectionService: stats => 1697402184869,175,4250,155,0,100
10-15 22:36:24.869 19438 19556 D ScanRecord: Not a Multi Manu data
10-15 22:36:24.968 19438 19556 I chatty  : uid=1002(bluetooth) BT Service Call identical 232 lines
10-15 22:36:24.969 19438 19556 D ScanRecord: Not a Multi Manu data
10-15 22:36:24.977 32267 32539 I BatteryMgr:DataCollectionService: stats => 1697402184976,175,4250,155,0,100
10-15 22:36:24.978 19438 19556 D ScanRecord: Not a Multi Manu data
10-15 22:36:25.067 19438 19556 I chatty  : uid=1002(bluetooth) BT Service Call identical 232 lines
10-15 22:36:25.067 19438 19556 D ScanRecord: Not a Multi Manu data
10-15 22:36:25.082 32267 32539 I BatteryMgr:DataCollectionService: stats => 1697402185082,175,4250,155,0,100
10-15 22:36:25.084 19438 19556 D ScanRecord: Not a Multi Manu data
10-15 22:36:25.178 19438 19556 I chatty  : uid=1002(bluetooth) BT Service Call identical 245 lines
10-15 22:36:25.178 19438 19556 D ScanRecord: Not a Multi Manu data
10-15 22:36:25.190 32267 32539 I BatteryMgr:DataCollectionService: stats => 1697402185190,175,4250,155,0,100
10-15 22:36:25.286  3957  4128 D WifiService: getConnectionInfo uid=1000
10-15 22:36:25.301 32267 32539 I BatteryMgr:DataCollectionService: stats => 1697402185301,175,4250,155,0,100
10-15 22:36:25.370  3957  4129 D WifiStateMachine:  ConnectedState !RSSI_PKTCNT_FETCH uid=1000 rt=404174519/1064572746 0 0 "ourhome" f4:6d:2f:12:cc:88 rssi=-43 f=5240 sc=60 link=433 tx=0.9, 0.0, 0.0  rx=5.4 bcn=70081 [on:0 tx:0 rx:0 period:1001] from screen [on:342192 period:2352346] score=60
10-15 22:36:25.374  3957  4129 D WifiStateMachine:  L2ConnectedState !RSSI_PKTCNT_FETCH uid=1000 rt=404174521/1064572749 0 0 "ourhome" f4:6d:2f:12:cc:88 rssi=-43 f=5240 sc=60 link=433 tx=0.9, 0.0, 0.0  rx=5.4 bcn=70081 [on:0 tx:0 rx:0 period:3] from screen [on:342192 period:2352349] score=60
10-15 22:36:25.378  3957  4129 D WifiStateMachine: fetchRssiLinkSpeedAndFrequencyNative rssi=-42 linkspeed=433 freq=5240
10-15 22:36:25.409 32267 32539 I BatteryMgr:DataCollectionService: stats => 1697402185409,175,4250,155,0,100
10-15 22:36:25.518 32267 32539 I BatteryMgr:DataCollectionService: stats => 1697402185518,175,4250,155,0,100
10-15 22:36:25.627 32267 32539 I BatteryMgr:DataCollectionService: stats => 1697402185627,175,4250,155,0,100
10-15 22:36:25.651  4961  4961 D io_stats: !@ 179,0 r 5338213 165675052 w 1293242 28092832 d 102216 31671128 f 299333 316004 iot 2373132 2096847 th 51200 0 0 pt 0 inp 0 0 404174.801
10-15 22:36:25.737 32267 32539 I BatteryMgr:DataCollectionService: stats => 1697402185737,175,4250,155,0,100
10-15 22:36:25.845 32267 32539 I BatteryMgr:DataCollectionService: stats => 1697402185845,175,4250,155,0,100
10-15 22:36:25.954 32267 32539 I BatteryMgr:DataCollectionService: stats => 1697402185954,175,4250,155,0,100
10-15 22:36:26.062 32267 32539 I BatteryMgr:DataCollectionService: stats => 1697402186062,175,4250,155,0,100
10-15 22:36:26.172 32267 32539 I BatteryMgr:DataCollectionService: stats => 1697402186172,175,4250,155,0,100
10-15 22:36:26.281 32267 32539 I BatteryMgr:DataCollectionService: stats => 1697402186281,175,4250,155,0,100
10-15 22:36:26.288  3957  4128 D WifiService: getConnectionInfo uid=1000
10-15 22:36:26.371  3957  4129 D WifiStateMachine:  ConnectedState !RSSI_PKTCNT_FETCH uid=1000 rt=404175521/1064573748 0 0 "ourhome" f4:6d:2f:12:cc:88 rssi=-42 f=5240 sc=60 link=433 tx=0.9, 0.0, 0.0  rx=5.4 bcn=70081 [on:0 tx:0 rx:0 period:998] from screen [on:342192 period:2353347] score=60
10-15 22:36:26.373  3957  4129 D WifiStateMachine:  L2ConnectedState !RSSI_PKTCNT_FETCH uid=1000 rt=404175522/1064573750 0 0 "ourhome" f4:6d:2f:12:cc:88 rssi=-42 f=5240 sc=60 link=433 tx=0.9, 0.0, 0.0  rx=5.4 bcn=70081 [on:0 tx:0 rx:0 period:1] from screen [on:342192 period:2353348] score=60
10-15 22:36:26.379  3957  4129 D WifiStateMachine: fetchRssiLinkSpeedAndFrequencyNative rssi=-42 linkspeed=433 freq=5240
10-15 22:36:26.391 32267 32539 I BatteryMgr:DataCollectionService: stats => 1697402186391,175,4250,155,0,100
10-15 22:36:26.503 32267 32539 I BatteryMgr:DataCollectionService: stats => 1697402186503,175,4250,155,0,100
10-15 22:36:26.610 32267 32539 I BatteryMgr:DataCollectionService: stats => 1697402186610,175,4250,155,0,100
10-15 22:36:26.721 32267 32539 I BatteryMgr:DataCollectionService: stats => 1697402186721,175,4250,155,0,100
10-15 22:36:26.830 32267 32539 I BatteryMgr:DataCollectionService: stats => 1697402186830,175,4250,155,0,100
10-15 22:36:26.939 32267 32539 I BatteryMgr:DataCollectionService: stats => 1697402186939,175,4250,155,0,100
10-15 22:36:27.049 32267 32539 I BatteryMgr:DataCollectionService: stats => 1697402187049,175,4250,155,0,100
10-15 22:36:27.157 32267 32539 I BatteryMgr:DataCollectionService: stats => 1697402187156,175,4250,155,0,100
10-15 22:36:27.231  3957  4129 D WifiStateMachine:  ConnectedState !CMD_RSSI_POLL rt=404176375/1064574603 52 0 "ourhome" f4:6d:2f:12:cc:88 rssi=-42 f=5240 sc=60 link=433 tx=0.9, 0.0, 0.0  rx=5.4 bcn=70081 [on:0 tx:0 rx:0 period:859] from screen [on:342192 period:2354207] score=60
10-15 22:36:27.234  3957  4129 D WifiStateMachine:  L2ConnectedState !CMD_RSSI_POLL rt=404176382/1064574610 52 0 "ourhome" f4:6d:2f:12:cc:88 rssi=-42 f=5240 sc=60 link=433 tx=0.9, 0.0, 0.0  rx=5.4 bcn=70081 [on:0 tx:0 rx:0 period:3] from screen [on:342192 period:2354210] score=60
10-15 22:36:27.234  3957  4129 D WifiStateMachine:  get link layer stats 3
10-15 22:36:27.235  3436  3436 I android.hardware.wifi@1.0-service: getLinkLayerStats
10-15 22:36:27.253  3957  4129 D WifiStateMachine: fetchRssiLinkSpeedAndFrequencyNative rssi=-41 linkspeed=433 freq=5240
10-15 22:36:27.257  4340  4340 E SignalClusterView: setSlotFocusVisible : subId -2
10-15 22:36:27.257  4340  4340 E SignalClusterView: setSlotFocusVisible : subId -2
10-15 22:36:27.266 32267 32539 I BatteryMgr:DataCollectionService: stats => 1697402187266,175,4250,155,0,100
10-15 22:36:27.290  3957  4128 D WifiService: getConnectionInfo uid=1000
10-15 22:36:27.374  3957  4129 D WifiStateMachine:  ConnectedState !RSSI_PKTCNT_FETCH uid=1000 rt=404176522/1064574749 0 0 "ourhome" f4:6d:2f:12:cc:88 rssi=-41 f=5240 sc=60 link=433 tx=0.3, 0.0, 0.0  rx=2.0 bcn=70106 [on:0 tx:0 rx:0 period:117] from screen [on:342286 period:2354349] score=60
10-15 22:36:27.376  3957  4129 D WifiStateMachine:  L2ConnectedState !RSSI_PKTCNT_FETCH uid=1000 rt=404176525/1064574752 0 0 "ourhome" f4:6d:2f:12:cc:88 rssi=-41 f=5240 sc=60 link=433 tx=0.3, 0.0, 0.0  rx=2.0 bcn=70106 [on:0 tx:0 rx:0 period:3] from screen [on:342286 period:2354352] score=60
10-15 22:36:27.382 32267 32539 I BatteryMgr:DataCollectionService: stats => 1697402187382,175,4250,155,0,100
10-15 22:36:27.383  3957  4129 D WifiStateMachine: fetchRssiLinkSpeedAndFrequencyNative rssi=-42 linkspeed=433 freq=5240
10-15 22:36:27.492 32267 32539 I BatteryMgr:DataCollectionService: stats => 1697402187492,175,4250,155,0,100
10-15 22:36:27.603 32267 32539 I BatteryMgr:DataCollectionService: stats => 1697402187603,175,4250,155,0,100
10-15 22:36:27.712 32267 32539 I BatteryMgr:DataCollectionService: stats => 1697402187712,175,4250,155,0,100
10-15 22:36:27.820 32267 32539 I BatteryMgr:DataCollectionService: stats => 1697402187820,175,4250,155,0,100
10-15 22:36:27.929 32267 32539 I BatteryMgr:DataCollectionService: stats => 1697402187928,175,4250,155,0,100
10-15 22:36:28.039 32267 32539 I BatteryMgr:DataCollectionService: stats => 1697402188039,175,4250,155,0,100
10-15 22:36:28.153 32267 32539 I BatteryMgr:DataCollectionService: stats => 1697402188153,175,4250,155,0,100
10-15 22:36:28.262 32267 32539 I BatteryMgr:DataCollectionService: stats => 1697402188262,175,4250,155,0,100
10-15 22:36:28.292  3957  4128 D WifiService: getConnectionInfo uid=1000
10-15 22:36:28.371 32267 32539 I BatteryMgr:DataCollectionService: stats => 1697402188371,175,4250,155,0,100
10-15 22:36:28.374  3957  4129 D WifiStateMachine:  ConnectedState !RSSI_PKTCNT_FETCH uid=1000 rt=404177524/1064575751 0 0 "ourhome" f4:6d:2f:12:cc:88 rssi=-42 f=5240 sc=60 link=433 tx=0.3, 0.0, 0.0  rx=2.0 bcn=70106 [on:0 tx:0 rx:0 period:998] from screen [on:342286 period:2355350] score=60
10-15 22:36:28.377  3957  4129 D WifiStateMachine:  L2ConnectedState !RSSI_PKTCNT_FETCH uid=1000 rt=404177525/1064575753 0 0 "ourhome" f4:6d:2f:12:cc:88 rssi=-42 f=5240 sc=60 link=433 tx=0.3, 0.0, 0.0  rx=2.0 bcn=70106 [on:0 tx:0 rx:0 period:2] from screen [on:342286 period:2355352] score=60
10-15 22:36:28.383  3957  4129 D WifiStateMachine: fetchRssiLinkSpeedAndFrequencyNative rssi=-42 linkspeed=433 freq=5240
10-15 22:36:28.479 32267 32539 I BatteryMgr:DataCollectionService: stats => 1697402188479,175,4250,155,0,100
10-15 22:36:28.589 32267 32539 I BatteryMgr:DataCollectionService: stats => 1697402188589,175,4250,155,0,100
10-15 22:36:28.696 32267 32539 I BatteryMgr:DataCollectionService: stats => 1697402188696,175,4250,155,0,100
10-15 22:36:28.804 32267 32539 I BatteryMgr:DataCollectionService: stats => 1697402188804,175,4250,155,0,100
10-15 22:36:28.913 32267 32539 I BatteryMgr:DataCollectionService: stats => 1697402188912,175,4250,155,0,100
10-15 22:36:29.023 32267 32539 I BatteryMgr:DataCollectionService: stats => 1697402189023,175,4250,155,0,100
10-15 22:36:29.132 32267 32539 I BatteryMgr:DataCollectionService: stats => 1697402189132,175,4250,155,0,100
10-15 22:36:29.242 32267 32539 I BatteryMgr:DataCollectionService: stats => 1697402189242,175,4250,155,0,100
10-15 22:36:29.294  3957  4128 D WifiService: getConnectionInfo uid=1000
10-15 22:36:29.352 32267 32539 I BatteryMgr:DataCollectionService: stats => 1697402189352,175,4250,155,0,100
10-15 22:36:29.375  3957  4129 D WifiStateMachine:  ConnectedState !RSSI_PKTCNT_FETCH uid=1000 rt=404178525/1064576752 0 0 "ourhome" f4:6d:2f:12:cc:88 rssi=-42 f=5240 sc=60 link=433 tx=0.3, 0.0, 0.0  rx=2.0 bcn=70106 [on:0 tx:0 rx:0 period:999] from screen [on:342286 period:2356351] score=60
10-15 22:36:29.377  3957  4129 D WifiStateMachine:  L2ConnectedState !RSSI_PKTCNT_FETCH uid=1000 rt=404178526/1064576754 0 0 "ourhome" f4:6d:2f:12:cc:88 rssi=-42 f=5240 sc=60 link=433 tx=0.3, 0.0, 0.0  rx=2.0 bcn=70106 [on:0 tx:0 rx:0 period:2] from screen [on:342286 period:2356353] score=60
10-15 22:36:29.385  3957  4129 D WifiStateMachine: fetchRssiLinkSpeedAndFrequencyNative rssi=-43 linkspeed=433 freq=5240
10-15 22:36:29.462 32267 32539 I BatteryMgr:DataCollectionService: stats => 1697402189462,175,4250,155,0,100
10-15 22:36:29.570 32267 32539 I BatteryMgr:DataCollectionService: stats => 1697402189570,175,4250,155,0,100
10-15 22:36:29.684 19438 19556 D ScanRecord: Not a Multi Manu data
10-15 22:36:29.684 19438 19556 I chatty  : uid=1002(bluetooth) BT Service Call identical 11 lines
10-15 22:36:29.685 19438 19556 D ScanRecord: Not a Multi Manu data
10-15 22:36:29.686 32267 32539 I BatteryMgr:DataCollectionService: stats => 1697402189685,175,4250,155,0,100
10-15 22:36:29.688 19438 19556 D ScanRecord: Not a Multi Manu data
10-15 22:36:29.792 19438 19556 I chatty  : uid=1002(bluetooth) BT Service Call identical 297 lines
10-15 22:36:29.792 19438 19556 D ScanRecord: Not a Multi Manu data
10-15 22:36:29.794 32267 32539 I BatteryMgr:DataCollectionService: stats => 1697402189794,175,4250,155,0,100
10-15 22:36:29.797 19438 19556 D ScanRecord: Not a Multi Manu data
10-15 22:36:29.901 19438 19556 I chatty  : uid=1002(bluetooth) BT Service Call identical 116 lines
10-15 22:36:29.904 19438 19556 D ScanRecord: Not a Multi Manu data
10-15 22:36:29.904 32267 32539 I BatteryMgr:DataCollectionService: stats => 1697402189903,175,4250,155,0,100
10-15 22:36:29.904 19438 19556 D ScanRecord: Not a Multi Manu data
10-15 22:36:30.010 19438 19556 I chatty  : uid=1002(bluetooth) BT Service Call identical 309 lines
10-15 22:36:30.010 19438 19556 D ScanRecord: Not a Multi Manu data
10-15 22:36:30.011 32267 32539 I BatteryMgr:DataCollectionService: stats => 1697402190011,175,4250,155,0,100
10-15 22:36:30.028 19438 19556 D ScanRecord: Not a Multi Manu data
10-15 22:36:30.118 32267 32539 I BatteryMgr:DataCollectionService: stats => 1697402190118,175,4250,155,0,100
10-15 22:36:30.118 19438 19556 I chatty  : uid=1002(bluetooth) BT Service Call expire 204 lines
10-15 22:36:30.118 19438 19556 D ScanRecord: Not a Multi Manu data
10-15 22:36:30.119 19438 19556 D ScanRecord: Not a Multi Manu data
10-15 22:36:30.175 19438 19556 I chatty  : uid=1002(bluetooth) BT Service Call identical 117 lines
10-15 22:36:30.175 19438 19556 D ScanRecord: Not a Multi Manu data
10-15 22:36:30.226 32267 32539 I BatteryMgr:DataCollectionService: stats => 1697402190226,175,4250,155,0,100
10-15 22:36:30.255  3957  4129 D WifiStateMachine:  ConnectedState !CMD_RSSI_POLL rt=404179405/1064577633 52 0 "ourhome" f4:6d:2f:12:cc:88 rssi=-43 f=5240 sc=60 link=433 tx=0.3, 0.0, 0.0  rx=2.0 bcn=70106 [on:0 tx:0 rx:0 period:878] from screen [on:342286 period:2357231] score=60
10-15 22:36:30.256  3957  4129 D WifiStateMachine:  L2ConnectedState !CMD_RSSI_POLL rt=404179406/1064577634 52 0 "ourhome" f4:6d:2f:12:cc:88 rssi=-43 f=5240 sc=60 link=433 tx=0.3, 0.0, 0.0  rx=2.0 bcn=70106 [on:0 tx:0 rx:0 period:1] from screen [on:342286 period:2357232] score=60
10-15 22:36:30.256  3957  4129 D WifiStateMachine:  get link layer stats 3
10-15 22:36:30.257  3436  3436 I android.hardware.wifi@1.0-service: getLinkLayerStats
10-15 22:36:30.275  3957  4129 D WifiStateMachine: fetchRssiLinkSpeedAndFrequencyNative rssi=-42 linkspeed=433 freq=5240
10-15 22:36:30.281  4340  4340 E SignalClusterView: setSlotFocusVisible : subId -2
10-15 22:36:30.281  4340  4340 E SignalClusterView: setSlotFocusVisible : subId -2
10-15 22:36:30.296  3957  4128 D WifiService: getConnectionInfo uid=1000
10-15 22:36:30.332 32267 32539 I BatteryMgr:DataCollectionService: stats => 1697402190332,175,4250,155,0,100
10-15 22:36:30.375  3957  4129 D WifiStateMachine:  ConnectedState !RSSI_PKTCNT_FETCH uid=1000 rt=404179524/1064577752 0 0 "ourhome" f4:6d:2f:12:cc:88 rssi=-42 f=5240 sc=60 link=433 tx=2.0, 0.0, 0.0  rx=1.4 bcn=70133 [on:0 tx:0 rx:0 period:94] from screen [on:343176 period:2357350] score=60
10-15 22:36:30.376  3957  4129 D WifiStateMachine:  L2ConnectedState !RSSI_PKTCNT_FETCH uid=1000 rt=404179526/1064577753 0 0 "ourhome" f4:6d:2f:12:cc:88 rssi=-42 f=5240 sc=60 link=433 tx=2.0, 0.0, 0.0  rx=1.4 bcn=70133 [on:0 tx:0 rx:0 period:2] from screen [on:343176 period:2357352] score=60
10-15 22:36:30.383  3957  4129 D WifiStateMachine: fetchRssiLinkSpeedAndFrequencyNative rssi=-42 linkspeed=433 freq=5240
10-15 22:36:30.385  3957  4030 D SensorService: [SO] 0.129 -0.101 9.965
10-15 22:36:30.438 32267 32539 I BatteryMgr:DataCollectionService: stats => 1697402190438,175,4250,155,0,100
10-15 22:36:30.548 32267 32539 I BatteryMgr:DataCollectionService: stats => 1697402190548,175,4250,155,0,100
10-15 22:36:30.655  4961  4961 D io_stats: !@ 179,0 r 5338215 165675072 w 1293251 28093004 d 102217 31671196 f 299334 316005 iot 2373148 2096857 th 51200 0 0 pt 0 inp 0 0 404179.805
10-15 22:36:30.657 32267 32539 I BatteryMgr:DataCollectionService: stats => 1697402190657,175,4250,155,0,100
10-15 22:36:30.764 32267 32539 I BatteryMgr:DataCollectionService: stats => 1697402190764,175,4250,155,0,100
10-15 22:36:30.853  3957  6478 D SSRM:k  : SIOP:: AP = 370, PST = 356 (W:28), BAT = 297, USB = 0, CHG = 0
10-15 22:36:30.873 32267 32539 I BatteryMgr:DataCollectionService: stats => 1697402190873,175,4250,155,0,100
10-15 22:36:30.983 32267 32539 I BatteryMgr:DataCollectionService: stats => 1697402190983,175,4250,155,0,100
10-15 22:36:31.092 32267 32539 I BatteryMgr:DataCollectionService: stats => 1697402191092,175,4250,155,0,100
10-15 22:36:31.205 32267 32539 I BatteryMgr:DataCollectionService: stats => 1697402191204,175,4250,155,0,100
10-15 22:36:31.298  3957  4128 D WifiService: getConnectionInfo uid=1000
10-15 22:36:31.315 32267 32539 I BatteryMgr:DataCollectionService: stats => 1697402191315,122,4250,149,0,100
10-15 22:36:31.376  3957  4129 D WifiStateMachine:  ConnectedState !RSSI_PKTCNT_FETCH uid=1000 rt=404180526/1064578753 0 0 "ourhome" f4:6d:2f:12:cc:88 rssi=-42 f=5240 sc=60 link=433 tx=2.0, 0.0, 0.0  rx=1.4 bcn=70133 [on:0 tx:0 rx:0 period:1000] from screen [on:343176 period:2358352] score=60
10-15 22:36:31.382  3957  4129 D WifiStateMachine:  L2ConnectedState !RSSI_PKTCNT_FETCH uid=1000 rt=404180527/1064578755 0 0 "ourhome" f4:6d:2f:12:cc:88 rssi=-42 f=5240 sc=60 link=433 tx=2.0, 0.0, 0.0  rx=1.4 bcn=70133 [on:0 tx:0 rx:0 period:4] from screen [on:343176 period:2358356] score=60
10-15 22:36:31.388  3957  4129 D WifiStateMachine: fetchRssiLinkSpeedAndFrequencyNative rssi=-42 linkspeed=433 freq=5240
10-15 22:36:31.425 32267 32539 I BatteryMgr:DataCollectionService: stats => 1697402191425,122,4250,149,0,100
10-15 22:36:31.534 32267 32539 I BatteryMgr:DataCollectionService: stats => 1697402191534,122,4250,149,0,100
10-15 22:36:31.642 32267 32539 I BatteryMgr:DataCollectionService: stats => 1697402191642,122,4250,149,0,100
10-15 22:36:31.750 32267 32539 I BatteryMgr:DataCollectionService: stats => 1697402191750,122,4250,149,0,100
10-15 22:36:31.799  3957 14957 D BatteryService: !@BatteryListener : batteryPropertiesChanged!
10-15 22:36:31.867 32267 32539 I BatteryMgr:DataCollectionService: stats => 1697402191867,122,4250,149,0,100
10-15 22:36:31.968 18970 31901 I zygote64: Explicit concurrent copying GC freed 32655(1499KB) AllocSpace objects, 0(0B) LOS objects, 49% free, 10MB/20MB, paused 1.035ms total 170.378ms
10-15 22:36:31.973 32267 32539 I BatteryMgr:DataCollectionService: stats => 1697402191973,122,4250,149,0,100
10-15 22:36:32.079 32267 32539 I BatteryMgr:DataCollectionService: stats => 1697402192079,122,4250,149,0,100
10-15 22:36:32.191 32267 32539 I BatteryMgr:DataCollectionService: stats => 1697402192191,122,4250,149,0,100
10-15 22:36:32.298 32267 32539 I BatteryMgr:DataCollectionService: stats => 1697402192298,122,4250,149,0,100
10-15 22:36:32.301  3957  4128 D WifiService: getConnectionInfo uid=1000
10-15 22:36:32.379  3957  4129 D WifiStateMachine:  ConnectedState !RSSI_PKTCNT_FETCH uid=1000 rt=404181527/1064579755 0 0 "ourhome" f4:6d:2f:12:cc:88 rssi=-42 f=5240 sc=60 link=433 tx=2.0, 0.0, 0.0  rx=1.4 bcn=70133 [on:0 tx:0 rx:0 period:998] from screen [on:343176 period:2359354] score=60
10-15 22:36:32.381  3957  4129 D WifiStateMachine:  L2ConnectedState !RSSI_PKTCNT_FETCH uid=1000 rt=404181530/1064579757 0 0 "ourhome" f4:6d:2f:12:cc:88 rssi=-42 f=5240 sc=60 link=433 tx=2.0, 0.0, 0.0  rx=1.4 bcn=70133 [on:0 tx:0 rx:0 period:3] from screen [on:343176 period:2359357] score=60
10-15 22:36:32.382  3957  4129 D WifiStateMachine: fetchRssiLinkSpeedAndFrequencyNative rssi=-43 linkspeed=433 freq=5240
10-15 22:36:32.409 32267 32539 I BatteryMgr:DataCollectionService: stats => 1697402192409,122,4250,149,0,100
10-15 22:36:32.516 32267 32539 I BatteryMgr:DataCollectionService: stats => 1697402192516,122,4250,149,0,100
10-15 22:36:32.626 32267 32539 I BatteryMgr:DataCollectionService: stats => 1697402192626,122,4250,149,0,100
10-15 22:36:32.734 32267 32539 I BatteryMgr:DataCollectionService: stats => 1697402192733,122,4250,149,0,100
10-15 22:36:32.842 32267 32539 I BatteryMgr:DataCollectionService: stats => 1697402192842,122,4250,149,0,100
10-15 22:36:32.949 32267 32539 I BatteryMgr:DataCollectionService: stats => 1697402192949,122,4250,149,0,100
10-15 22:36:33.061 32267 32539 I BatteryMgr:DataCollectionService: stats => 1697402193061,122,4250,149,0,100
10-15 22:36:33.169 32267 32539 I BatteryMgr:DataCollectionService: stats => 1697402193169,122,4250,149,0,100
10-15 22:36:33.283  3957  4129 D WifiStateMachine:  ConnectedState !CMD_RSSI_POLL rt=404182428/1064580656 52 0 "ourhome" f4:6d:2f:12:cc:88 rssi=-43 f=5240 sc=60 link=433 tx=2.0, 0.0, 0.0  rx=1.4 bcn=70133 [on:0 tx:0 rx:0 period:901] from screen [on:343176 period:2360258] score=60
10-15 22:36:33.285  3957  4129 D WifiStateMachine:  L2ConnectedState !CMD_RSSI_POLL rt=404182434/1064580662 52 0 "ourhome" f4:6d:2f:12:cc:88 rssi=-43 f=5240 sc=60 link=433 tx=2.0, 0.0, 0.0  rx=1.4 bcn=70133 [on:0 tx:0 rx:0 period:2] from screen [on:343176 period:2360260] score=60
10-15 22:36:33.285  3957  4129 D WifiStateMachine:  get link layer stats 3
10-15 22:36:33.286  3436  3436 I android.hardware.wifi@1.0-service: getLinkLayerStats
10-15 22:36:33.286 32267 32539 I BatteryMgr:DataCollectionService: stats => 1697402193286,122,4250,149,0,100
10-15 22:36:33.305  3957  4129 D WifiStateMachine: fetchRssiLinkSpeedAndFrequencyNative rssi=-43 linkspeed=433 freq=5240
10-15 22:36:33.305  3957  4128 D WifiService: getConnectionInfo uid=1000
10-15 22:36:33.315  4340  4340 E SignalClusterView: setSlotFocusVisible : subId -2
10-15 22:36:33.315  4340  4340 E SignalClusterView: setSlotFocusVisible : subId -2
10-15 22:36:33.379  3957  4129 D WifiStateMachine:  ConnectedState !RSSI_PKTCNT_FETCH uid=1000 rt=404182528/1064580756 0 0 "ourhome" f4:6d:2f:12:cc:88 rssi=-43 f=5240 sc=60 link=433 tx=0.7, 0.0, 0.0  rx=0.5 bcn=70162 [on:0 tx:0 rx:0 period:70] from screen [on:343307 period:2360355] score=60
10-15 22:36:33.384  3957  4129 D WifiStateMachine:  L2ConnectedState !RSSI_PKTCNT_FETCH uid=1000 rt=404182530/1064580758 0 0 "ourhome" f4:6d:2f:12:cc:88 rssi=-43 f=5240 sc=60 link=433 tx=0.7, 0.0, 0.0  rx=0.5 bcn=70162 [on:0 tx:0 rx:0 period:5] from screen [on:343307 period:2360360] score=60
10-15 22:36:33.391  3957  4129 D WifiStateMachine: fetchRssiLinkSpeedAndFrequencyNative rssi=-43 linkspeed=433 freq=5240
10-15 22:36:33.398 32267 32539 I BatteryMgr:DataCollectionService: stats => 1697402193397,122,4250,149,0,100
10-15 22:36:33.505 32267 32539 I BatteryMgr:DataCollectionService: stats => 1697402193505,122,4250,149,0,100
10-15 22:36:33.616 32267 32539 I BatteryMgr:DataCollectionService: stats => 1697402193616,122,4250,149,0,100
10-15 22:36:33.724 32267 32539 I BatteryMgr:DataCollectionService: stats => 1697402193724,122,4250,149,0,100
10-15 22:36:33.831 32267 32539 I BatteryMgr:DataCollectionService: stats => 1697402193831,122,4250,149,0,100
10-15 22:36:33.939 32267 32539 I BatteryMgr:DataCollectionService: stats => 1697402193939,122,4250,149,0,100
10-15 22:36:34.046 32267 32539 I BatteryMgr:DataCollectionService: stats => 1697402194046,122,4250,149,0,100
10-15 22:36:34.154 32267 32539 I BatteryMgr:DataCollectionService: stats => 1697402194154,122,4250,149,0,100
10-15 22:36:34.264 32267 32539 I BatteryMgr:DataCollectionService: stats => 1697402194264,122,4250,149,0,100
10-15 22:36:34.308  3957  4128 D WifiService: getConnectionInfo uid=1000
10-15 22:36:34.372 32267 32539 I BatteryMgr:DataCollectionService: stats => 1697402194372,122,4250,149,0,100
10-15 22:36:34.380  3957  4129 D WifiStateMachine:  ConnectedState !RSSI_PKTCNT_FETCH uid=1000 rt=404183529/1064581757 0 0 "ourhome" f4:6d:2f:12:cc:88 rssi=-43 f=5240 sc=60 link=433 tx=0.7, 0.0, 0.0  rx=0.5 bcn=70162 [on:0 tx:0 rx:0 period:996] from screen [on:343307 period:2361356] score=60
10-15 22:36:34.383  3957  4129 D WifiStateMachine:  L2ConnectedState !RSSI_PKTCNT_FETCH uid=1000 rt=404183531/1064581759 0 0 "ourhome" f4:6d:2f:12:cc:88 rssi=-43 f=5240 sc=60 link=433 tx=0.7, 0.0, 0.0  rx=0.5 bcn=70162 [on:0 tx:0 rx:0 period:3] from screen [on:343307 period:2361359] score=60
10-15 22:36:34.388  3957  4129 D WifiStateMachine: fetchRssiLinkSpeedAndFrequencyNative rssi=-44 linkspeed=433 freq=5240
10-15 22:36:34.482 32267 32539 I BatteryMgr:DataCollectionService: stats => 1697402194482,122,4250,149,0,100
10-15 22:36:34.595 32267 32539 I BatteryMgr:DataCollectionService: stats => 1697402194595,122,4250,149,0,100
10-15 22:36:34.703 19438 19556 D ScanRecord: Not a Multi Manu data
10-15 22:36:34.704 19438 19556 I chatty  : uid=1002(bluetooth) BT Service Call identical 11 lines
10-15 22:36:34.704 19438 19556 D ScanRecord: Not a Multi Manu data
10-15 22:36:34.707 32267 32539 I BatteryMgr:DataCollectionService: stats => 1697402194707,122,4250,149,0,100
10-15 22:36:34.707 19438 19556 D ScanRecord: Not a Multi Manu data
10-15 22:36:34.815 19438 19556 I chatty  : uid=1002(bluetooth) BT Service Call identical 128 lines
10-15 22:36:34.815 19438 19556 D ScanRecord: Not a Multi Manu data
10-15 22:36:34.816 32267 32539 I BatteryMgr:DataCollectionService: stats => 1697402194816,122,4250,149,0,100
10-15 22:36:34.854 19438 19556 D ScanRecord: Not a Multi Manu data
10-15 22:36:34.918 19438 19556 I chatty  : uid=1002(bluetooth) BT Service Call identical 76 lines
10-15 22:36:34.918 19438 19556 D ScanRecord: Not a Multi Manu data
10-15 22:36:34.927 32267 32539 I BatteryMgr:DataCollectionService: stats => 1697402194927,122,4250,149,0,100
10-15 22:36:34.927 19438 19556 D ScanRecord: Not a Multi Manu data
10-15 22:36:35.033 19438 19556 I chatty  : uid=1002(bluetooth) BT Service Call identical 115 lines
10-15 22:36:35.033 19438 19556 D ScanRecord: Not a Multi Manu data
10-15 22:36:35.038 32267 32539 I BatteryMgr:DataCollectionService: stats => 1697402195038,122,4250,149,0,100
10-15 22:36:35.046 19438 19556 D ScanRecord: Not a Multi Manu data
10-15 22:36:35.146 19438 19556 I chatty  : uid=1002(bluetooth) BT Service Call identical 89 lines
10-15 22:36:35.147 19438 19556 D ScanRecord: Not a Multi Manu data
10-15 22:36:35.151 32267 32539 I BatteryMgr:DataCollectionService: stats => 1697402195151,122,4250,149,0,100
10-15 22:36:35.155 19438 19556 D ScanRecord: Not a Multi Manu data
10-15 22:36:35.168 19438 19556 I chatty  : uid=1002(bluetooth) BT Service Call identical 37 lines
10-15 22:36:35.169 19438 19556 D ScanRecord: Not a Multi Manu data
10-15 22:36:35.263 32267 32539 I BatteryMgr:DataCollectionService: stats => 1697402195263,122,4250,149,0,100
10-15 22:36:35.311  3957  4128 D WifiService: getConnectionInfo uid=1000
10-15 22:36:35.370 32267 32539 I BatteryMgr:DataCollectionService: stats => 1697402195369,122,4250,149,0,100
10-15 22:36:35.381  3957  4129 D WifiStateMachine:  ConnectedState !RSSI_PKTCNT_FETCH uid=1000 rt=404184530/1064582758 0 0 "ourhome" f4:6d:2f:12:cc:88 rssi=-44 f=5240 sc=60 link=433 tx=0.7, 0.0, 0.0  rx=0.5 bcn=70162 [on:0 tx:0 rx:0 period:997] from screen [on:343307 period:2362356] score=60
10-15 22:36:35.382  3957  4129 D WifiStateMachine:  L2ConnectedState !RSSI_PKTCNT_FETCH uid=1000 rt=404184532/1064582759 0 0 "ourhome" f4:6d:2f:12:cc:88 rssi=-44 f=5240 sc=60 link=433 tx=0.7, 0.0, 0.0  rx=0.5 bcn=70162 [on:0 tx:0 rx:0 period:2] from screen [on:343307 period:2362358] score=60
10-15 22:36:35.388  3957  4129 D WifiStateMachine: fetchRssiLinkSpeedAndFrequencyNative rssi=-44 linkspeed=433 freq=5240
10-15 22:36:35.478 32267 32539 I BatteryMgr:DataCollectionService: stats => 1697402195478,122,4250,149,0,100
10-15 22:36:35.590 32267 32539 I BatteryMgr:DataCollectionService: stats => 1697402195590,122,4250,149,0,100
10-15 22:36:35.657  4961  4961 D io_stats: !@ 179,0 r 5338398 165682528 w 1293260 28093172 d 102218 31671264 f 299335 316006 iot 2373232 2096926 th 51200 0 0 pt 0 inp 0 0 404184.807
10-15 22:36:35.699 32267 32539 I BatteryMgr:DataCollectionService: stats => 1697402195699,122,4250,149,0,100
10-15 22:36:35.806 32267 32539 I BatteryMgr:DataCollectionService: stats => 1697402195806,122,4250,149,0,100
10-15 22:36:35.916 32267 32539 I BatteryMgr:DataCollectionService: stats => 1697402195916,122,4250,149,0,100
10-15 22:36:36.026 32267 32539 I BatteryMgr:DataCollectionService: stats => 1697402196026,122,4250,149,0,100
10-15 22:36:36.136 32267 32539 I BatteryMgr:DataCollectionService: stats => 1697402196136,122,4250,149,0,100
10-15 22:36:36.245 32267 32539 I BatteryMgr:DataCollectionService: stats => 1697402196245,122,4250,149,0,100
10-15 22:36:36.311  3957  4129 D WifiStateMachine:  ConnectedState !CMD_RSSI_POLL rt=404185458/1064583685 52 0 "ourhome" f4:6d:2f:12:cc:88 rssi=-44 f=5240 sc=60 link=433 tx=0.7, 0.0, 0.0  rx=0.5 bcn=70162 [on:0 tx:0 rx:0 period:929] from screen [on:343307 period:2363287] score=60
10-15 22:36:36.314  3957  4128 D WifiService: getConnectionInfo uid=1000
10-15 22:36:36.317  3957  4129 D WifiStateMachine:  L2ConnectedState !CMD_RSSI_POLL rt=404185462/1064583690 52 0 "ourhome" f4:6d:2f:12:cc:88 rssi=-44 f=5240 sc=60 link=433 tx=0.7, 0.0, 0.0  rx=0.5 bcn=70162 [on:0 tx:0 rx:0 period:4] from screen [on:343307 period:2363291] score=60
10-15 22:36:36.318  3957  4129 D WifiStateMachine:  get link layer stats 3
10-15 22:36:36.319  3436  3436 I android.hardware.wifi@1.0-service: getLinkLayerStats
10-15 22:36:36.326  3957  4129 D WifiStateMachine: fetchRssiLinkSpeedAndFrequencyNative rssi=-43 linkspeed=433 freq=5240
10-15 22:36:36.337  4340  4340 E SignalClusterView: setSlotFocusVisible : subId -2
10-15 22:36:36.341  4340  4340 E SignalClusterView: setSlotFocusVisible : subId -2
10-15 22:36:36.355 32267 32539 I BatteryMgr:DataCollectionService: stats => 1697402196355,122,4250,149,0,100
10-15 22:36:36.384  3957  4129 D WifiStateMachine:  ConnectedState !RSSI_PKTCNT_FETCH uid=1000 rt=404185532/1064583759 0 0 "ourhome" f4:6d:2f:12:cc:88 rssi=-43 f=5240 sc=60 link=433 tx=0.9, 0.0, 0.0  rx=4.0 bcn=70190 [on:0 tx:0 rx:0 period:52] from screen [on:343693 period:2363359] score=60
10-15 22:36:36.386  3957  4129 D WifiStateMachine:  L2ConnectedState !RSSI_PKTCNT_FETCH uid=1000 rt=404185535/1064583762 0 0 "ourhome" f4:6d:2f:12:cc:88 rssi=-43 f=5240 sc=60 link=433 tx=0.9, 0.0, 0.0  rx=4.0 bcn=70190 [on:0 tx:0 rx:0 period:3] from screen [on:343693 period:2363362] score=60
10-15 22:36:36.388  3957  4129 D WifiStateMachine: fetchRssiLinkSpeedAndFrequencyNative rssi=-43 linkspeed=433 freq=5240
10-15 22:36:36.464 32267 32539 I BatteryMgr:DataCollectionService: stats => 1697402196464,122,4250,149,0,100
10-15 22:36:36.571 32267 32539 I BatteryMgr:DataCollectionService: stats => 1697402196571,122,4250,149,0,100
10-15 22:36:36.682 32267 32539 I BatteryMgr:DataCollectionService: stats => 1697402196682,122,4250,149,0,100
10-15 22:36:36.790 32267 32539 I BatteryMgr:DataCollectionService: stats => 1697402196790,122,4250,149,0,100
10-15 22:36:36.900 32267 32539 I BatteryMgr:DataCollectionService: stats => 1697402196900,122,4250,149,0,100
10-15 22:36:37.008 32267 32539 I BatteryMgr:DataCollectionService: stats => 1697402197008,122,4250,149,0,100
10-15 22:36:37.118 32267 32539 I BatteryMgr:DataCollectionService: stats => 1697402197118,122,4250,149,0,100
10-15 22:36:37.226 32267 32539 I BatteryMgr:DataCollectionService: stats => 1697402197226,122,4250,149,0,100
10-15 22:36:37.317  3957  4128 D WifiService: getConnectionInfo uid=1000
