10-15 22:28:03.684  3957  4129 D WifiStateMachine:  ConnectedState !RSSI_PKTCNT_FETCH uid=1000 rt=403672832/1064071060 0 0 "ourhome" f4:6d:2f:12:cc:88 rssi=-42 f=5240 sc=60 link=433 tx=13.2, 1.5, 0.0  rx=15.0 bcn=65700 [on:0 tx:0 rx:0 period:924] from screen [on:261736 period:1850659] score=60
10-15 22:28:03.686  3957  4129 D WifiStateMachine:  L2ConnectedState !RSSI_PKTCNT_FETCH uid=1000 rt=403672835/1064071063 0 0 "ourhome" f4:6d:2f:12:cc:88 rssi=-42 f=5240 sc=60 link=433 tx=13.2, 1.5, 0.0  rx=15.0 bcn=65700 [on:0 tx:0 rx:0 period:3] from screen [on:261736 period:1850662] score=60
10-15 22:28:03.693  3957  4129 D WifiStateMachine: fetchRssiLinkSpeedAndFrequencyNative rssi=-41 linkspeed=433 freq=5240
10-15 22:28:03.712 31417 31703 I BatteryMgr:DataCollectionService: stats => 1697401683712,164,4250,68,0,100
10-15 22:28:03.823 31417 31703 I BatteryMgr:DataCollectionService: stats => 1697401683823,164,4250,68,0,100
10-15 22:28:03.936 31417 31703 I BatteryMgr:DataCollectionService: stats => 1697401683936,164,4250,68,0,100
10-15 22:28:03.952  3957  4128 D WifiService: getConnectionInfo uid=1000
10-15 22:28:04.055 31417 31703 I BatteryMgr:DataCollectionService: stats => 1697401684055,164,4250,68,0,100
10-15 22:28:04.169 31417 31703 I BatteryMgr:DataCollectionService: stats => 1697401684169,164,4250,68,0,100
10-15 22:28:04.289 31417 31703 I BatteryMgr:DataCollectionService: stats => 1697401684288,164,4250,68,0,100
10-15 22:28:04.401 31417 31703 I BatteryMgr:DataCollectionService: stats => 1697401684401,164,4250,68,0,100
10-15 22:28:04.512 31417 31703 I BatteryMgr:DataCollectionService: stats => 1697401684512,164,4250,68,0,100
10-15 22:28:04.628 31417 31703 I BatteryMgr:DataCollectionService: stats => 1697401684628,164,4250,68,0,100
10-15 22:28:04.674 19438 19556 D ScanRecord: Not a Multi Manu data
10-15 22:28:04.675 19438 19556 I chatty  : uid=1002(bluetooth) BT Service Call identical 11 lines
10-15 22:28:04.675 19438 19556 D ScanRecord: Not a Multi Manu data
10-15 22:28:04.685  3957  4129 D WifiStateMachine:  ConnectedState !RSSI_PKTCNT_FETCH uid=1000 rt=403673834/1064072061 0 0 "ourhome" f4:6d:2f:12:cc:88 rssi=-41 f=5240 sc=60 link=433 tx=13.2, 1.5, 0.0  rx=15.0 bcn=65700 [on:0 tx:0 rx:0 period:999] from screen [on:261736 period:1851661] score=60
10-15 22:28:04.689  3957  4129 D WifiStateMachine:  L2ConnectedState !RSSI_PKTCNT_FETCH uid=1000 rt=403673836/1064072064 0 0 "ourhome" f4:6d:2f:12:cc:88 rssi=-41 f=5240 sc=60 link=433 tx=13.2, 1.5, 0.0  rx=15.0 bcn=65700 [on:0 tx:0 rx:0 period:4] from screen [on:261736 period:1851665] score=60
10-15 22:28:04.691  3957  4129 D WifiStateMachine: fetchRssiLinkSpeedAndFrequencyNative rssi=-41 linkspeed=433 freq=5240
10-15 22:28:04.710 19438 19556 D ScanRecord: Not a Multi Manu data
10-15 22:28:04.742 19438 19556 I chatty  : uid=1002(bluetooth) BT Service Call identical 76 lines
10-15 22:28:04.743 19438 19556 D ScanRecord: Not a Multi Manu data
10-15 22:28:04.745 31417 31703 I BatteryMgr:DataCollectionService: stats => 1697401684745,164,4250,68,0,100
10-15 22:28:04.747 19438 19556 D ScanRecord: Not a Multi Manu data
10-15 22:28:04.842 19438 19556 I chatty  : uid=1002(bluetooth) BT Service Call identical 180 lines
10-15 22:28:04.842 19438 19556 D ScanRecord: Not a Multi Manu data
10-15 22:28:04.856 31417 31703 I BatteryMgr:DataCollectionService: stats => 1697401684856,164,4250,68,0,100
10-15 22:28:04.861 19438 19556 D ScanRecord: Not a Multi Manu data
10-15 22:28:04.951 19438 19556 I chatty  : uid=1002(bluetooth) BT Service Call identical 232 lines
10-15 22:28:04.952 19438 19556 D ScanRecord: Not a Multi Manu data
10-15 22:28:04.954  3957  4128 D WifiService: getConnectionInfo uid=1000
10-15 22:28:04.954 19438 19556 D ScanRecord: Not a Multi Manu data
10-15 22:28:04.959 19438 19556 I chatty  : uid=1002(bluetooth) BT Service Call identical 24 lines
10-15 22:28:04.959 19438 19556 D ScanRecord: Not a Multi Manu data
10-15 22:28:04.968 31417 31703 I BatteryMgr:DataCollectionService: stats => 1697401684968,164,4250,68,0,100
10-15 22:28:04.972 19438 19556 D ScanRecord: Not a Multi Manu data
10-15 22:28:05.083 19438 19556 I chatty  : uid=1002(bluetooth) BT Service Call identical 206 lines
10-15 22:28:05.083 19438 19556 D ScanRecord: Not a Multi Manu data
10-15 22:28:05.083 31417 31703 I BatteryMgr:DataCollectionService: stats => 1697401685083,164,4250,68,0,100
10-15 22:28:05.085 19438 19556 D ScanRecord: Not a Multi Manu data
10-15 22:28:05.170 19438 19556 I chatty  : uid=1002(bluetooth) BT Service Call identical 193 lines
10-15 22:28:05.170 19438 19556 D ScanRecord: Not a Multi Manu data
10-15 22:28:05.196 31417 31703 I BatteryMgr:DataCollectionService: stats => 1697401685195,164,4250,68,0,100
10-15 22:28:05.280  4961  4961 D io_stats: !@ 179,0 r 5312135 164758068 w 1290668 28026820 d 101844 31628368 f 299063 315704 iot 2360648 2086528 th 51200 0 0 pt 0 inp 0 0 403674.430
10-15 22:28:05.308 31417 31703 I BatteryMgr:DataCollectionService: stats => 1697401685308,164,4250,68,0,100
10-15 22:28:05.423 31417 31703 I BatteryMgr:DataCollectionService: stats => 1697401685422,164,4250,68,0,100
10-15 22:28:05.537 31417 31703 I BatteryMgr:DataCollectionService: stats => 1697401685536,164,4250,68,0,100
10-15 22:28:05.647 31417 31703 I BatteryMgr:DataCollectionService: stats => 1697401685647,164,4250,68,0,100
10-15 22:28:05.687  3957  4129 D WifiStateMachine:  ConnectedState !RSSI_PKTCNT_FETCH uid=1000 rt=403674837/1064073064 0 0 "ourhome" f4:6d:2f:12:cc:88 rssi=-41 f=5240 sc=60 link=433 tx=13.2, 1.5, 0.0  rx=15.0 bcn=65700 [on:0 tx:0 rx:0 period:998] from screen [on:261736 period:1852663] score=60
10-15 22:28:05.689  3957  4129 D WifiStateMachine:  L2ConnectedState !RSSI_PKTCNT_FETCH uid=1000 rt=403674839/1064073066 0 0 "ourhome" f4:6d:2f:12:cc:88 rssi=-41 f=5240 sc=60 link=433 tx=13.2, 1.5, 0.0  rx=15.0 bcn=65700 [on:0 tx:0 rx:0 period:2] from screen [on:261736 period:1852665] score=60
10-15 22:28:05.696  3957  4129 D WifiStateMachine: fetchRssiLinkSpeedAndFrequencyNative rssi=-41 linkspeed=433 freq=5240
10-15 22:28:05.757  3957  4129 D WifiStateMachine:  ConnectedState !CMD_RSSI_POLL rt=403674905/1064073133 52 0 "ourhome" f4:6d:2f:12:cc:88 rssi=-41 f=5240 sc=60 link=433 tx=13.2, 1.5, 0.0  rx=15.0 bcn=65700 [on:0 tx:0 rx:0 period:67] from screen [on:261736 period:1852732] score=60
10-15 22:28:05.759  3957  4129 D WifiStateMachine:  L2ConnectedState !CMD_RSSI_POLL rt=403674908/1064073135 52 0 "ourhome" f4:6d:2f:12:cc:88 rssi=-41 f=5240 sc=60 link=433 tx=13.2, 1.5, 0.0  rx=15.0 bcn=65700 [on:0 tx:0 rx:0 period:3] from screen [on:261736 period:1852735] score=60
10-15 22:28:05.760  3957  4129 D WifiStateMachine:  get link layer stats 3
10-15 22:28:05.760  3436  3436 I android.hardware.wifi@1.0-service: getLinkLayerStats
10-15 22:28:05.761 31417 31703 I BatteryMgr:DataCollectionService: stats => 1697401685761,164,4250,68,0,100
10-15 22:28:05.771  3957  4129 D WifiStateMachine: fetchRssiLinkSpeedAndFrequencyNative rssi=-41 linkspeed=433 freq=5240
10-15 22:28:05.776  4340  4340 E SignalClusterView: setSlotFocusVisible : subId -2
10-15 22:28:05.776  4340  4340 E SignalClusterView: setSlotFocusVisible : subId -2
10-15 22:28:05.872 31417 31703 I BatteryMgr:DataCollectionService: stats => 1697401685872,164,4250,68,0,100
10-15 22:28:05.956  3957  4128 D WifiService: getConnectionInfo uid=1000
10-15 22:28:05.987 31417 31703 I BatteryMgr:DataCollectionService: stats => 1697401685987,164,4250,68,0,100
10-15 22:28:06.103 31417 31703 I BatteryMgr:DataCollectionService: stats => 1697401686103,164,4250,68,0,100
10-15 22:28:06.218 31417 31703 I BatteryMgr:DataCollectionService: stats => 1697401686217,164,4250,68,0,100
10-15 22:28:06.328 31417 31703 I BatteryMgr:DataCollectionService: stats => 1697401686328,164,4250,68,0,100
10-15 22:28:06.444 31417 31703 I BatteryMgr:DataCollectionService: stats => 1697401686443,164,4250,68,0,100
10-15 22:28:06.556 31417 31703 I BatteryMgr:DataCollectionService: stats => 1697401686556,164,4250,68,0,100
10-15 22:28:06.673 31417 31703 I BatteryMgr:DataCollectionService: stats => 1697401686672,164,4250,68,0,100
10-15 22:28:06.689  3957  4129 D WifiStateMachine:  ConnectedState !RSSI_PKTCNT_FETCH uid=1000 rt=403675838/1064074065 0 0 "ourhome" f4:6d:2f:12:cc:88 rssi=-41 f=5240 sc=60 link=433 tx=4.8, 0.5, 0.0  rx=5.5 bcn=65730 [on:0 tx:0 rx:0 period:915] from screen [on:261828 period:1853665] score=60
10-15 22:28:06.691  3957  4129 D WifiStateMachine:  L2ConnectedState !RSSI_PKTCNT_FETCH uid=1000 rt=403675840/1064074068 0 0 "ourhome" f4:6d:2f:12:cc:88 rssi=-41 f=5240 sc=60 link=433 tx=4.8, 0.5, 0.0  rx=5.5 bcn=65730 [on:0 tx:0 rx:0 period:2] from screen [on:261828 period:1853667] score=60
10-15 22:28:06.699  3957  4129 D WifiStateMachine: fetchRssiLinkSpeedAndFrequencyNative rssi=-42 linkspeed=433 freq=5240
10-15 22:28:06.789 31417 31703 I BatteryMgr:DataCollectionService: stats => 1697401686788,164,4250,68,0,100
10-15 22:28:06.904 31417 31703 I BatteryMgr:DataCollectionService: stats => 1697401686904,164,4250,68,0,100
10-15 22:28:06.958  3957  4128 D WifiService: getConnectionInfo uid=1000
10-15 22:28:07.016 31417 31703 I BatteryMgr:DataCollectionService: stats => 1697401687016,164,4250,68,0,100
10-15 22:28:07.130 31417 31703 I BatteryMgr:DataCollectionService: stats => 1697401687130,164,4250,68,0,100
10-15 22:28:07.241 31417 31703 I BatteryMgr:DataCollectionService: stats => 1697401687241,164,4250,68,0,100
10-15 22:28:07.354 31417 31703 I BatteryMgr:DataCollectionService: stats => 1697401687354,164,4250,68,0,100
10-15 22:28:07.471 31417 31703 I BatteryMgr:DataCollectionService: stats => 1697401687471,164,4250,68,0,100
10-15 22:28:07.586 31417 31703 I BatteryMgr:DataCollectionService: stats => 1697401687586,164,4250,68,0,100
10-15 22:28:07.691  3957  4129 D WifiStateMachine:  ConnectedState !RSSI_PKTCNT_FETCH uid=1000 rt=403676840/1064075067 0 0 "ourhome" f4:6d:2f:12:cc:88 rssi=-42 f=5240 sc=60 link=433 tx=4.8, 0.5, 0.0  rx=5.5 bcn=65730 [on:0 tx:0 rx:0 period:1000] from screen [on:261828 period:1854667] score=60
10-15 22:28:07.698  3957  4129 D WifiStateMachine:  L2ConnectedState !RSSI_PKTCNT_FETCH uid=1000 rt=403676843/1064075070 0 0 "ourhome" f4:6d:2f:12:cc:88 rssi=-42 f=5240 sc=60 link=433 tx=4.8, 0.5, 0.0  rx=5.5 bcn=65730 [on:0 tx:0 rx:0 period:7] from screen [on:261828 period:1854674] score=60
10-15 22:28:07.700  3957  4129 D WifiStateMachine: fetchRssiLinkSpeedAndFrequencyNative rssi=-42 linkspeed=433 freq=5240
10-15 22:28:07.708 31417 31703 I BatteryMgr:DataCollectionService: stats => 1697401687708,164,4250,68,0,100
10-15 22:28:07.822 31417 31703 I BatteryMgr:DataCollectionService: stats => 1697401687822,164,4250,68,0,100
10-15 22:28:07.935 31417 31703 I BatteryMgr:DataCollectionService: stats => 1697401687935,164,4250,68,0,100
10-15 22:28:07.961  3957  4128 D WifiService: getConnectionInfo uid=1000
10-15 22:28:08.047 31417 31703 I BatteryMgr:DataCollectionService: stats => 1697401688047,164,4250,68,0,100
10-15 22:28:08.159 31417 31703 I BatteryMgr:DataCollectionService: stats => 1697401688159,164,4250,68,0,100
10-15 22:28:08.274 31417 31703 I BatteryMgr:DataCollectionService: stats => 1697401688274,164,4250,68,0,100
10-15 22:28:08.394 31417 31703 I BatteryMgr:DataCollectionService: stats => 1697401688393,164,4250,68,0,100
10-15 22:28:08.506 31417 31703 I BatteryMgr:DataCollectionService: stats => 1697401688506,164,4250,68,0,100
10-15 22:28:08.622 31417 31703 I BatteryMgr:DataCollectionService: stats => 1697401688622,164,4250,68,0,100
10-15 22:28:08.692  3957  4129 D WifiStateMachine:  ConnectedState !RSSI_PKTCNT_FETCH uid=1000 rt=403677841/1064076069 0 0 "ourhome" f4:6d:2f:12:cc:88 rssi=-42 f=5240 sc=60 link=433 tx=4.8, 0.5, 0.0  rx=5.5 bcn=65730 [on:0 tx:0 rx:0 period:994] from screen [on:261828 period:1855668] score=60
10-15 22:28:08.695  3957  4129 D WifiStateMachine:  L2ConnectedState !RSSI_PKTCNT_FETCH uid=1000 rt=403677843/1064076071 0 0 "ourhome" f4:6d:2f:12:cc:88 rssi=-42 f=5240 sc=60 link=433 tx=4.8, 0.5, 0.0  rx=5.5 bcn=65730 [on:0 tx:0 rx:0 period:3] from screen [on:261828 period:1855671] score=60
10-15 22:28:08.697  3957  4129 D WifiStateMachine: fetchRssiLinkSpeedAndFrequencyNative rssi=-42 linkspeed=433 freq=5240
10-15 22:28:08.732 31417 31703 I BatteryMgr:DataCollectionService: stats => 1697401688731,164,4250,68,0,100
10-15 22:28:08.774  3957  4129 D WifiStateMachine:  ConnectedState !CMD_RSSI_POLL rt=403677922/1064076150 52 0 "ourhome" f4:6d:2f:12:cc:88 rssi=-42 f=5240 sc=60 link=433 tx=4.8, 0.5, 0.0  rx=5.5 bcn=65730 [on:0 tx:0 rx:0 period:78] from screen [on:261828 period:1855749] score=60
10-15 22:28:08.777  3957  4129 D WifiStateMachine:  L2ConnectedState !CMD_RSSI_POLL rt=403677925/1064076152 52 0 "ourhome" f4:6d:2f:12:cc:88 rssi=-42 f=5240 sc=60 link=433 tx=4.8, 0.5, 0.0  rx=5.5 bcn=65730 [on:0 tx:0 rx:0 period:3] from screen [on:261828 period:1855752] score=60
10-15 22:28:08.777  3957  4129 D WifiStateMachine:  get link layer stats 3
10-15 22:28:08.778  3436  3436 I android.hardware.wifi@1.0-service: getLinkLayerStats
10-15 22:28:08.783  3957  4129 D WifiStateMachine: fetchRssiLinkSpeedAndFrequencyNative rssi=-41 linkspeed=433 freq=5240
10-15 22:28:08.788  4340  4340 E SignalClusterView: setSlotFocusVisible : subId -2
10-15 22:28:08.788  4340  4340 E SignalClusterView: setSlotFocusVisible : subId -2
10-15 22:28:08.842 31417 31703 I BatteryMgr:DataCollectionService: stats => 1697401688842,164,4250,68,0,100
10-15 22:28:08.950 31417 31703 I BatteryMgr:DataCollectionService: stats => 1697401688950,164,4250,68,0,100
10-15 22:28:08.964  3957  4128 D WifiService: getConnectionInfo uid=1000
10-15 22:28:09.061 31417 31703 I BatteryMgr:DataCollectionService: stats => 1697401689061,164,4250,68,0,100
10-15 22:28:09.172 31417 31703 I BatteryMgr:DataCollectionService: stats => 1697401689172,164,4250,68,0,100
10-15 22:28:09.286 31417 31703 I BatteryMgr:DataCollectionService: stats => 1697401689286,164,4250,68,0,100
10-15 22:28:09.326  3957  6478 D SSRM:k  : SIOP:: AP = 370, PST = 353 (W:20), BAT = 297, USB = 0, CHG = 0
10-15 22:28:09.400 31417 31703 I BatteryMgr:DataCollectionService: stats => 1697401689400,164,4250,68,0,100
10-15 22:28:09.513 31417 31703 I BatteryMgr:DataCollectionService: stats => 1697401689513,164,4250,68,0,100
10-15 22:28:09.627 31417 31703 I BatteryMgr:DataCollectionService: stats => 1697401689627,164,4250,68,0,100
10-15 22:28:09.671 19438 19556 D ScanRecord: Not a Multi Manu data
10-15 22:28:09.685 19438 19556 I chatty  : uid=1002(bluetooth) BT Service Call identical 63 lines
10-15 22:28:09.685 19438 19556 D ScanRecord: Not a Multi Manu data
10-15 22:28:09.692  3957  4129 D WifiStateMachine:  ConnectedState !RSSI_PKTCNT_FETCH uid=1000 rt=403678842/1064077070 0 0 "ourhome" f4:6d:2f:12:cc:88 rssi=-41 f=5240 sc=60 link=433 tx=3.7, 0.2, 0.0  rx=3.9 bcn=65756 [on:0 tx:0 rx:0 period:907] from screen [on:262729 period:1856668] score=60
10-15 22:28:09.695  3957  4129 D WifiStateMachine:  L2ConnectedState !RSSI_PKTCNT_FETCH uid=1000 rt=403678844/1064077071 0 0 "ourhome" f4:6d:2f:12:cc:88 rssi=-41 f=5240 sc=60 link=433 tx=3.7, 0.2, 0.0  rx=3.9 bcn=65756 [on:0 tx:0 rx:0 period:2] from screen [on:262729 period:1856670] score=60
10-15 22:28:09.697  3957  4129 D WifiStateMachine: fetchRssiLinkSpeedAndFrequencyNative rssi=-43 linkspeed=433 freq=5240
10-15 22:28:09.699 19438 19556 D ScanRecord: Not a Multi Manu data
10-15 22:28:09.736 31417 31703 I BatteryMgr:DataCollectionService: stats => 1697401689736,164,4250,68,0,100
10-15 22:28:09.737 19438 19556 I chatty  : uid=1002(bluetooth) BT Service Call expire 100 lines
10-15 22:28:09.737 19438 19556 D ScanRecord: Not a Multi Manu data
10-15 22:28:09.737 19438 19556 D ScanRecord: Not a Multi Manu data
10-15 22:28:09.842 19438 19556 I chatty  : uid=1002(bluetooth) BT Service Call identical 221 lines
10-15 22:28:09.842 19438 19556 D ScanRecord: Not a Multi Manu data
10-15 22:28:09.850 31417 31703 I BatteryMgr:DataCollectionService: stats => 1697401689850,164,4250,68,0,100
10-15 22:28:09.851 19438 19556 D ScanRecord: Not a Multi Manu data
10-15 22:28:09.964 19438 19556 I chatty  : uid=1002(bluetooth) BT Service Call identical 206 lines
10-15 22:28:09.964 19438 19556 D ScanRecord: Not a Multi Manu data
10-15 22:28:09.968  3957  4128 D WifiService: getConnectionInfo uid=1000
10-15 22:28:09.969 31417 31703 I BatteryMgr:DataCollectionService: stats => 1697401689969,164,4250,68,0,100
10-15 22:28:09.969 31417 31422 I zygote64: Do partial code cache collection, code=61KB, data=48KB
10-15 22:28:09.973 31417 31422 I zygote64: After code cache collection, code=61KB, data=48KB
10-15 22:28:09.973 31417 31422 I zygote64: Increasing code cache capacity to 256KB
10-15 22:28:09.975 19438 19556 D ScanRecord: Not a Multi Manu data
10-15 22:28:10.081 19438 19556 I chatty  : uid=1002(bluetooth) BT Service Call identical 243 lines
10-15 22:28:10.081 19438 19556 D ScanRecord: Not a Multi Manu data
10-15 22:28:10.081 31417 31703 I BatteryMgr:DataCollectionService: stats => 1697401690081,128,4250,166,0,100
10-15 22:28:10.081 19438 19556 D ScanRecord: Not a Multi Manu data
10-15 22:28:10.149 19438 19556 I chatty  : uid=1002(bluetooth) BT Service Call identical 143 lines
10-15 22:28:10.149 19438 19556 D ScanRecord: Not a Multi Manu data
10-15 22:28:10.188 31417 31703 I BatteryMgr:DataCollectionService: stats => 1697401690188,128,4250,166,0,100
10-15 22:28:10.283  4961  4961 D io_stats: !@ 179,0 r 5312206 164760412 w 1290680 28027000 d 101844 31628368 f 299064 315705 iot 2360680 2086559 th 51200 0 0 pt 0 inp 0 0 403679.433
10-15 22:28:10.302 31417 31703 I BatteryMgr:DataCollectionService: stats => 1697401690301,128,4250,166,0,100
10-15 22:28:10.383  3957  4030 D SensorService: [SO] 0.115 -0.101 9.974
10-15 22:28:10.415 31417 31703 I BatteryMgr:DataCollectionService: stats => 1697401690415,128,4250,166,0,100
10-15 22:28:10.527 31417 31703 I BatteryMgr:DataCollectionService: stats => 1697401690527,128,4250,166,0,100
10-15 22:28:10.546  3957  4650 D BatteryService: !@BatteryListener : batteryPropertiesChanged!
10-15 22:28:10.634 31417 31703 I BatteryMgr:DataCollectionService: stats => 1697401690633,128,4250,166,0,100
10-15 22:28:10.696  3957  4129 D WifiStateMachine:  ConnectedState !RSSI_PKTCNT_FETCH uid=1000 rt=403679845/1064078072 0 0 "ourhome" f4:6d:2f:12:cc:88 rssi=-43 f=5240 sc=60 link=433 tx=3.7, 0.2, 0.0  rx=3.9 bcn=65756 [on:0 tx:0 rx:0 period:1002] from screen [on:262729 period:1857672] score=60
10-15 22:28:10.700  3957  4129 D WifiStateMachine:  L2ConnectedState !RSSI_PKTCNT_FETCH uid=1000 rt=403679847/1064078075 0 0 "ourhome" f4:6d:2f:12:cc:88 rssi=-43 f=5240 sc=60 link=433 tx=3.7, 0.2, 0.0  rx=3.9 bcn=65756 [on:0 tx:0 rx:0 period:4] from screen [on:262729 period:1857676] score=60
10-15 22:28:10.708  3957  4129 D WifiStateMachine: fetchRssiLinkSpeedAndFrequencyNative rssi=-42 linkspeed=433 freq=5240
10-15 22:28:10.745 31417 31703 I BatteryMgr:DataCollectionService: stats => 1697401690745,128,4250,166,0,100
10-15 22:28:10.859 31417 31703 I BatteryMgr:DataCollectionService: stats => 1697401690859,128,4250,166,0,100
10-15 22:28:10.970  3957  4128 D WifiService: getConnectionInfo uid=1000
10-15 22:28:10.973 31417 31703 I BatteryMgr:DataCollectionService: stats => 1697401690973,128,4250,166,0,100
10-15 22:28:11.088 31417 31703 I BatteryMgr:DataCollectionService: stats => 1697401691087,128,4250,166,0,100
10-15 22:28:11.202 31417 31703 I BatteryMgr:DataCollectionService: stats => 1697401691202,128,4250,166,0,100
10-15 22:28:11.324 31417 31703 I BatteryMgr:DataCollectionService: stats => 1697401691324,128,4250,166,0,100
10-15 22:28:11.437 31417 31703 I BatteryMgr:DataCollectionService: stats => 1697401691437,128,4250,166,0,100
10-15 22:28:11.548 31417 31703 I BatteryMgr:DataCollectionService: stats => 1697401691548,128,4250,166,0,100
10-15 22:28:11.659 31417 31703 I BatteryMgr:DataCollectionService: stats => 1697401691659,128,4250,166,0,100
10-15 22:28:11.698  3957  4129 D WifiStateMachine:  ConnectedState !RSSI_PKTCNT_FETCH uid=1000 rt=403680845/1064079073 0 0 "ourhome" f4:6d:2f:12:cc:88 rssi=-42 f=5240 sc=60 link=433 tx=3.7, 0.2, 0.0  rx=3.9 bcn=65756 [on:0 tx:0 rx:0 period:997] from screen [on:262729 period:1858673] score=60
10-15 22:28:11.704  3957  4129 D WifiStateMachine:  L2ConnectedState !RSSI_PKTCNT_FETCH uid=1000 rt=403680849/1064079077 0 0 "ourhome" f4:6d:2f:12:cc:88 rssi=-42 f=5240 sc=60 link=433 tx=3.7, 0.2, 0.0  rx=3.9 bcn=65756 [on:0 tx:0 rx:0 period:6] from screen [on:262729 period:1858679] score=60
10-15 22:28:11.709  3957  4129 D WifiStateMachine: fetchRssiLinkSpeedAndFrequencyNative rssi=-41 linkspeed=433 freq=5240
10-15 22:28:11.769 31417 31703 I BatteryMgr:DataCollectionService: stats => 1697401691769,128,4250,166,0,100
10-15 22:28:11.785  3957  4129 D WifiStateMachine:  ConnectedState !CMD_RSSI_POLL rt=403680935/1064079162 52 0 "ourhome" f4:6d:2f:12:cc:88 rssi=-41 f=5240 sc=60 link=433 tx=3.7, 0.2, 0.0  rx=3.9 bcn=65756 [on:0 tx:0 rx:0 period:82] from screen [on:262729 period:1858761] score=60
10-15 22:28:11.786  3957  4129 D WifiStateMachine:  L2ConnectedState !CMD_RSSI_POLL rt=403680936/1064079163 52 0 "ourhome" f4:6d:2f:12:cc:88 rssi=-41 f=5240 sc=60 link=433 tx=3.7, 0.2, 0.0  rx=3.9 bcn=65756 [on:0 tx:0 rx:0 period:1] from screen [on:262729 period:1858762] score=60
10-15 22:28:11.786  3957  4129 D WifiStateMachine:  get link layer stats 3
10-15 22:28:11.787  3436  3436 I android.hardware.wifi@1.0-service: getLinkLayerStats
10-15 22:28:11.795  3957  4129 D WifiStateMachine: fetchRssiLinkSpeedAndFrequencyNative rssi=-41 linkspeed=433 freq=5240
10-15 22:28:11.800  4340  4340 E SignalClusterView: setSlotFocusVisible : subId -2
10-15 22:28:11.800  4340  4340 E SignalClusterView: setSlotFocusVisible : subId -2
10-15 22:28:11.884 31417 31703 I BatteryMgr:DataCollectionService: stats => 1697401691883,128,4250,166,0,100
10-15 22:28:11.972  3957  4128 D WifiService: getConnectionInfo uid=1000
10-15 22:28:12.000 31417 31703 I BatteryMgr:DataCollectionService: stats => 1697401692000,128,4250,166,0,100
10-15 22:28:12.112 31417 31703 I BatteryMgr:DataCollectionService: stats => 1697401692112,128,4250,166,0,100
10-15 22:28:12.229 31417 31703 I BatteryMgr:DataCollectionService: stats => 1697401692228,128,4250,166,0,100
10-15 22:28:12.348 31417 31703 I BatteryMgr:DataCollectionService: stats => 1697401692348,128,4250,166,0,100
10-15 22:28:12.460 31417 31703 I BatteryMgr:DataCollectionService: stats => 1697401692460,128,4250,166,0,100
10-15 22:28:12.579 31417 31703 I BatteryMgr:DataCollectionService: stats => 1697401692578,128,4250,166,0,100
10-15 22:28:12.694 31417 31703 I BatteryMgr:DataCollectionService: stats => 1697401692693,128,4250,166,0,100
10-15 22:28:12.699  3957  4129 D WifiStateMachine:  ConnectedState !RSSI_PKTCNT_FETCH uid=1000 rt=403681847/1064080074 0 0 "ourhome" f4:6d:2f:12:cc:88 rssi=-41 f=5240 sc=60 link=433 tx=2.0, 0.1, 0.0  rx=2.1 bcn=65783 [on:0 tx:0 rx:0 period:900] from screen [on:263569 period:1859675] score=60
10-15 22:28:12.702  3957  4129 D WifiStateMachine:  L2ConnectedState !RSSI_PKTCNT_FETCH uid=1000 rt=403681850/1064080077 0 0 "ourhome" f4:6d:2f:12:cc:88 rssi=-41 f=5240 sc=60 link=433 tx=2.0, 0.1, 0.0  rx=2.1 bcn=65783 [on:0 tx:0 rx:0 period:3] from screen [on:263569 period:1859678] score=60
10-15 22:28:12.709  3957  4129 D WifiStateMachine: fetchRssiLinkSpeedAndFrequencyNative rssi=-42 linkspeed=433 freq=5240
10-15 22:28:12.806 31417 31703 I BatteryMgr:DataCollectionService: stats => 1697401692805,128,4250,166,0,100
10-15 22:28:12.919 31417 31703 I BatteryMgr:DataCollectionService: stats => 1697401692919,128,4250,166,0,100
10-15 22:28:12.974  3957  4128 D WifiService: getConnectionInfo uid=1000
10-15 22:28:13.034 31417 31703 I BatteryMgr:DataCollectionService: stats => 1697401693034,128,4250,166,0,100
10-15 22:28:13.146 31417 31703 I BatteryMgr:DataCollectionService: stats => 1697401693146,128,4250,166,0,100
10-15 22:28:13.259 31417 31703 I BatteryMgr:DataCollectionService: stats => 1697401693258,128,4250,166,0,100
10-15 22:28:13.377 31417 31703 I BatteryMgr:DataCollectionService: stats => 1697401693377,128,4250,166,0,100
10-15 22:28:13.489 31417 31703 I BatteryMgr:DataCollectionService: stats => 1697401693489,128,4250,166,0,100
10-15 22:28:13.600 31417 31703 I BatteryMgr:DataCollectionService: stats => 1697401693600,128,4250,166,0,100
10-15 22:28:13.700  3957  4129 D WifiStateMachine:  ConnectedState !RSSI_PKTCNT_FETCH uid=1000 rt=403682849/1064081076 0 0 "ourhome" f4:6d:2f:12:cc:88 rssi=-42 f=5240 sc=60 link=433 tx=2.0, 0.1, 0.0  rx=2.1 bcn=65783 [on:0 tx:0 rx:0 period:998] from screen [on:263569 period:1860676] score=60
10-15 22:28:13.703  3957  4129 D WifiStateMachine:  L2ConnectedState !RSSI_PKTCNT_FETCH uid=1000 rt=403682852/1064081079 0 0 "ourhome" f4:6d:2f:12:cc:88 rssi=-42 f=5240 sc=60 link=433 tx=2.0, 0.1, 0.0  rx=2.1 bcn=65783 [on:0 tx:0 rx:0 period:3] from screen [on:263569 period:1860679] score=60
10-15 22:28:13.707  3957  4129 D WifiStateMachine: fetchRssiLinkSpeedAndFrequencyNative rssi=-42 linkspeed=433 freq=5240
10-15 22:28:13.712 31417 31703 I BatteryMgr:DataCollectionService: stats => 1697401693712,128,4250,166,0,100
10-15 22:28:13.822 31417 31703 I BatteryMgr:DataCollectionService: stats => 1697401693822,128,4250,166,0,100
10-15 22:28:13.934 31417 31703 I BatteryMgr:DataCollectionService: stats => 1697401693933,128,4250,166,0,100
10-15 22:28:13.976  3957  4128 D WifiService: getConnectionInfo uid=1000
10-15 22:28:14.046 31417 31703 I BatteryMgr:DataCollectionService: stats => 1697401694045,128,4250,166,0,100
10-15 22:28:14.160 31417 31703 I BatteryMgr:DataCollectionService: stats => 1697401694159,128,4250,166,0,100
10-15 22:28:14.271 31417 31703 I BatteryMgr:DataCollectionService: stats => 1697401694271,128,4250,166,0,100
10-15 22:28:14.381 31417 31703 I BatteryMgr:DataCollectionService: stats => 1697401694381,128,4250,166,0,100
10-15 22:28:14.492 31417 31703 I BatteryMgr:DataCollectionService: stats => 1697401694492,128,4250,166,0,100
10-15 22:28:14.603 31417 31703 I BatteryMgr:DataCollectionService: stats => 1697401694603,128,4250,166,0,100
10-15 22:28:14.677 19438 19556 D ScanRecord: Not a Multi Manu data
10-15 22:28:14.699 19438 19556 I chatty  : uid=1002(bluetooth) BT Service Call identical 50 lines
10-15 22:28:14.700 19438 19556 D ScanRecord: Not a Multi Manu data
10-15 22:28:14.701  3957  4129 D WifiStateMachine:  ConnectedState !RSSI_PKTCNT_FETCH uid=1000 rt=403683849/1064082077 0 0 "ourhome" f4:6d:2f:12:cc:88 rssi=-42 f=5240 sc=60 link=433 tx=2.0, 0.1, 0.0  rx=2.1 bcn=65783 [on:0 tx:0 rx:0 period:997] from screen [on:263569 period:1861676] score=60
10-15 22:28:14.704 19438 19556 D ScanRecord: Not a Multi Manu data
10-15 22:28:14.704 19438 19556 I chatty  : uid=1002(bluetooth) BT Service Call identical 9 lines
10-15 22:28:14.704 19438 19556 D ScanRecord: Not a Multi Manu data
10-15 22:28:14.705  3957  4129 D WifiStateMachine:  L2ConnectedState !RSSI_PKTCNT_FETCH uid=1000 rt=403683853/1064082080 0 0 "ourhome" f4:6d:2f:12:cc:88 rssi=-42 f=5240 sc=60 link=433 tx=2.0, 0.1, 0.0  rx=2.1 bcn=65783 [on:0 tx:0 rx:0 period:4] from screen [on:263569 period:1861680] score=60
10-15 22:28:14.705 19438 19556 D ScanRecord: Not a Multi Manu data
10-15 22:28:14.705 19438 19556 D ScanRecord: Not a Multi Manu data
10-15 22:28:14.707  3957  4129 D WifiStateMachine: fetchRssiLinkSpeedAndFrequencyNative rssi=-43 linkspeed=433 freq=5240
10-15 22:28:14.712 19438 19556 D ScanRecord: Not a Multi Manu data
10-15 22:28:14.712 19438 19556 I chatty  : uid=1002(bluetooth) BT Service Call identical 9 lines
10-15 22:28:14.712 19438 19556 D ScanRecord: Not a Multi Manu data
10-15 22:28:14.713 19438 19556 D ScanRecord: Not a Multi Manu data
10-15 22:28:14.714 31417 31703 I BatteryMgr:DataCollectionService: stats => 1697401694714,128,4250,166,0,100
10-15 22:28:14.787 19438 19556 I chatty  : uid=1002(bluetooth) BT Service Call expire 182 lines
10-15 22:28:14.787 19438 19556 D ScanRecord: Not a Multi Manu data
10-15 22:28:14.797  3957  4129 D WifiStateMachine:  ConnectedState !CMD_RSSI_POLL rt=403683946/1064082174 52 0 "ourhome" f4:6d:2f:12:cc:88 rssi=-43 f=5240 sc=60 link=433 tx=2.0, 0.1, 0.0  rx=2.1 bcn=65783 [on:0 tx:0 rx:0 period:92] from screen [on:263569 period:1861772] score=60
10-15 22:28:14.798 19438 19556 D ScanRecord: Not a Multi Manu data
10-15 22:28:14.798  3957  4129 D WifiStateMachine:  L2ConnectedState !CMD_RSSI_POLL rt=403683948/1064082175 52 0 "ourhome" f4:6d:2f:12:cc:88 rssi=-43 f=5240 sc=60 link=433 tx=2.0, 0.1, 0.0  rx=2.1 bcn=65783 [on:0 tx:0 rx:0 period:2] from screen [on:263569 period:1861774] score=60
10-15 22:28:14.799 19438 19556 D ScanRecord: Not a Multi Manu data
10-15 22:28:14.799  3957  4129 D WifiStateMachine:  get link layer stats 3
10-15 22:28:14.799 19438 19556 D ScanRecord: Not a Multi Manu data
10-15 22:28:14.799 19438 19556 D ScanRecord: Not a Multi Manu data
10-15 22:28:14.799 19438 19556 I chatty  : uid=1002(bluetooth) BT Service Call identical 8 lines
10-15 22:28:14.799 19438 19556 D ScanRecord: Not a Multi Manu data
10-15 22:28:14.799  3436  3436 I android.hardware.wifi@1.0-service: getLinkLayerStats
10-15 22:28:14.804  3957  4129 D WifiStateMachine: fetchRssiLinkSpeedAndFrequencyNative rssi=-43 linkspeed=433 freq=5240
10-15 22:28:14.808  4340  4340 E SignalClusterView: setSlotFocusVisible : subId -2
10-15 22:28:14.808  4340  4340 E SignalClusterView: setSlotFocusVisible : subId -2
10-15 22:28:14.812 19438 19556 D ScanRecord: Not a Multi Manu data
10-15 22:28:14.820 19438 19556 I chatty  : uid=1002(bluetooth) BT Service Call identical 24 lines
10-15 22:28:14.820 19438 19556 D ScanRecord: Not a Multi Manu data
10-15 22:28:14.825 31417 31703 I BatteryMgr:DataCollectionService: stats => 1697401694825,128,4250,166,0,100
10-15 22:28:14.829 19438 19556 D ScanRecord: Not a Multi Manu data
10-15 22:28:14.931 19438 19556 I chatty  : uid=1002(bluetooth) BT Service Call identical 284 lines
10-15 22:28:14.931 19438 19556 D ScanRecord: Not a Multi Manu data
10-15 22:28:14.938 31417 31703 I BatteryMgr:DataCollectionService: stats => 1697401694938,128,4250,166,0,100
10-15 22:28:14.951 19438 19556 D ScanRecord: Not a Multi Manu data
10-15 22:28:14.966 19438 19556 I chatty  : uid=1002(bluetooth) BT Service Call identical 37 lines
10-15 22:28:14.966 19438 19556 D ScanRecord: Not a Multi Manu data
10-15 22:28:14.978  3957  4128 D WifiService: getConnectionInfo uid=1000
10-15 22:28:14.978 19438 19556 D ScanRecord: Not a Multi Manu data
10-15 22:28:15.043 19438 19556 I chatty  : uid=1002(bluetooth) BT Service Call identical 141 lines
10-15 22:28:15.043 19438 19556 D ScanRecord: Not a Multi Manu data
10-15 22:28:15.051 31417 31703 I BatteryMgr:DataCollectionService: stats => 1697401695050,128,4250,166,0,100
10-15 22:28:15.052 19438 19556 D ScanRecord: Not a Multi Manu data
10-15 22:28:15.147 19438 19556 I chatty  : uid=1002(bluetooth) BT Service Call identical 245 lines
10-15 22:28:15.147 19438 19556 D ScanRecord: Not a Multi Manu data
10-15 22:28:15.158 31417 31703 I BatteryMgr:DataCollectionService: stats => 1697401695158,128,4250,166,0,100
10-15 22:28:15.270 31417 31703 I BatteryMgr:DataCollectionService: stats => 1697401695270,128,4250,166,0,100
10-15 22:28:15.287  4961  4961 D io_stats: !@ 179,0 r 5312254 164762164 w 1290689 28027172 d 101845 31628436 f 299065 315706 iot 2360708 2086587 th 51200 0 0 pt 0 inp 0 0 403684.437
10-15 22:28:15.392 31417 31703 I BatteryMgr:DataCollectionService: stats => 1697401695392,128,4250,166,0,100
10-15 22:28:15.509 31417 31703 I BatteryMgr:DataCollectionService: stats => 1697401695509,128,4250,166,0,100
10-15 22:28:15.622 31417 31703 I BatteryMgr:DataCollectionService: stats => 1697401695622,128,4250,166,0,100
10-15 22:28:15.704  3957  4129 D WifiStateMachine:  ConnectedState !RSSI_PKTCNT_FETCH uid=1000 rt=403684851/1064083078 0 0 "ourhome" f4:6d:2f:12:cc:88 rssi=-43 f=5240 sc=60 link=433 tx=1.4, 0.0, 0.0  rx=1.4 bcn=65808 [on:0 tx:0 rx:0 period:897] from screen [on:264059 period:1862679] score=60
10-15 22:28:15.706  3957  4129 D WifiStateMachine:  L2ConnectedState !RSSI_PKTCNT_FETCH uid=1000 rt=403684855/1064083082 0 0 "ourhome" f4:6d:2f:12:cc:88 rssi=-43 f=5240 sc=60 link=433 tx=1.4, 0.0, 0.0  rx=1.4 bcn=65808 [on:0 tx:0 rx:0 period:3] from screen [on:264059 period:1862682] score=60
10-15 22:28:15.712  3957  4129 D WifiStateMachine: fetchRssiLinkSpeedAndFrequencyNative rssi=-43 linkspeed=433 freq=5240
10-15 22:28:15.731 31417 31703 I BatteryMgr:DataCollectionService: stats => 1697401695731,128,4250,166,0,100
10-15 22:28:15.845 31417 31703 I BatteryMgr:DataCollectionService: stats => 1697401695845,128,4250,166,0,100
10-15 22:28:15.957 31417 31703 I BatteryMgr:DataCollectionService: stats => 1697401695956,128,4250,166,0,100
10-15 22:28:15.980  3957  4128 D WifiService: getConnectionInfo uid=1000
10-15 22:28:16.068 31417 31703 I BatteryMgr:DataCollectionService: stats => 1697401696067,128,4250,166,0,100
10-15 22:28:16.181 31417 31703 I BatteryMgr:DataCollectionService: stats => 1697401696180,128,4250,166,0,100
10-15 22:28:16.292 31417 31703 I BatteryMgr:DataCollectionService: stats => 1697401696292,128,4250,166,0,100
10-15 22:28:16.402 31417 31703 I BatteryMgr:DataCollectionService: stats => 1697401696402,128,4250,166,0,100
10-15 22:28:16.512 31417 31703 I BatteryMgr:DataCollectionService: stats => 1697401696512,128,4250,166,0,100
10-15 22:28:16.626 31417 31703 I BatteryMgr:DataCollectionService: stats => 1697401696626,128,4250,166,0,100
10-15 22:28:16.705  3957  4129 D WifiStateMachine:  ConnectedState !RSSI_PKTCNT_FETCH uid=1000 rt=403685853/1064084080 0 0 "ourhome" f4:6d:2f:12:cc:88 rssi=-43 f=5240 sc=60 link=433 tx=1.4, 0.0, 0.0  rx=1.4 bcn=65808 [on:0 tx:0 rx:0 period:998] from screen [on:264059 period:1863680] score=60
10-15 22:28:16.707  3957  4129 D WifiStateMachine:  L2ConnectedState !RSSI_PKTCNT_FETCH uid=1000 rt=403685856/1064084084 0 0 "ourhome" f4:6d:2f:12:cc:88 rssi=-43 f=5240 sc=60 link=433 tx=1.4, 0.0, 0.0  rx=1.4 bcn=65808 [on:0 tx:0 rx:0 period:3] from screen [on:264059 period:1863683] score=60
10-15 22:28:16.712  3957  4129 D WifiStateMachine: fetchRssiLinkSpeedAndFrequencyNative rssi=-43 linkspeed=433 freq=5240
10-15 22:28:16.740 31417 31703 I BatteryMgr:DataCollectionService: stats => 1697401696740,128,4250,166,0,100
10-15 22:28:16.851 31417 31703 I BatteryMgr:DataCollectionService: stats => 1697401696851,128,4250,166,0,100
10-15 22:28:16.964 31417 31703 I BatteryMgr:DataCollectionService: stats => 1697401696964,128,4250,166,0,100
10-15 22:28:16.981  3957  4128 D WifiService: getConnectionInfo uid=1000
10-15 22:28:17.074 31417 31703 I BatteryMgr:DataCollectionService: stats => 1697401697074,128,4250,166,0,100
10-15 22:28:17.186 31417 31703 I BatteryMgr:DataCollectionService: stats => 1697401697185,128,4250,166,0,100
10-15 22:28:17.297 31417 31703 I BatteryMgr:DataCollectionService: stats => 1697401697297,128,4250,166,0,100
10-15 22:28:17.407 31417 31703 I BatteryMgr:DataCollectionService: stats => 1697401697407,128,4250,166,0,100
10-15 22:28:17.411 31461 31675 I SessionStorage/AutoSave: Save: Periodic
10-15 22:28:17.517 31417 31703 I BatteryMgr:DataCollectionService: stats => 1697401697517,128,4250,166,0,100
10-15 22:28:17.628 31417 31703 I BatteryMgr:DataCollectionService: stats => 1697401697628,128,4250,166,0,100
10-15 22:28:17.706  3957  4129 D WifiStateMachine:  ConnectedState !RSSI_PKTCNT_FETCH uid=1000 rt=403686854/1064085082 0 0 "ourhome" f4:6d:2f:12:cc:88 rssi=-43 f=5240 sc=60 link=433 tx=1.4, 0.0, 0.0  rx=1.4 bcn=65808 [on:0 tx:0 rx:0 period:999] from screen [on:264059 period:1864682] score=60
10-15 22:28:17.708  3957  4129 D WifiStateMachine:  L2ConnectedState !RSSI_PKTCNT_FETCH uid=1000 rt=403686857/1064085085 0 0 "ourhome" f4:6d:2f:12:cc:88 rssi=-43 f=5240 sc=60 link=433 tx=1.4, 0.0, 0.0  rx=1.4 bcn=65808 [on:0 tx:0 rx:0 period:2] from screen [on:264059 period:1864684] score=60
10-15 22:28:17.712  3957  4129 D WifiStateMachine: fetchRssiLinkSpeedAndFrequencyNative rssi=-42 linkspeed=433 freq=5240
10-15 22:28:17.741 31417 31703 I BatteryMgr:DataCollectionService: stats => 1697401697741,128,4250,166,0,100
10-15 22:28:17.807  3957  4129 D WifiStateMachine:  ConnectedState !CMD_RSSI_POLL rt=403686956/1064085183 52 0 "ourhome" f4:6d:2f:12:cc:88 rssi=-42 f=5240 sc=60 link=433 tx=1.4, 0.0, 0.0  rx=1.4 bcn=65808 [on:0 tx:0 rx:0 period:98] from screen [on:264059 period:1864782] score=60
10-15 22:28:17.808  3957  4129 D WifiStateMachine:  L2ConnectedState !CMD_RSSI_POLL rt=403686958/1064085185 52 0 "ourhome" f4:6d:2f:12:cc:88 rssi=-42 f=5240 sc=60 link=433 tx=1.4, 0.0, 0.0  rx=1.4 bcn=65808 [on:0 tx:0 rx:0 period:2] from screen [on:264059 period:1864784] score=60
10-15 22:28:17.808  3957  4129 D WifiStateMachine:  get link layer stats 3
10-15 22:28:17.808  3436  3436 I android.hardware.wifi@1.0-service: getLinkLayerStats
10-15 22:28:17.816  3957  4129 D WifiStateMachine: fetchRssiLinkSpeedAndFrequencyNative rssi=-43 linkspeed=433 freq=5240
10-15 22:28:17.821  4340  4340 E SignalClusterView: setSlotFocusVisible : subId -2
10-15 22:28:17.821  4340  4340 E SignalClusterView: setSlotFocusVisible : subId -2
10-15 22:28:17.852 31417 31703 I BatteryMgr:DataCollectionService: stats => 1697401697852,128,4250,166,0,100
10-15 22:28:17.963 31417 31703 I BatteryMgr:DataCollectionService: stats => 1697401697963,128,4250,166,0,100
10-15 22:28:17.984  3957  4128 D WifiService: getConnectionInfo uid=1000
10-15 22:28:18.075 31417 31703 I BatteryMgr:DataCollectionService: stats => 1697401698075,128,4250,166,0,100
10-15 22:28:18.185 31417 31703 I BatteryMgr:DataCollectionService: stats => 1697401698185,128,4250,166,0,100
10-15 22:28:18.297 31417 31703 I BatteryMgr:DataCollectionService: stats => 1697401698297,128,4250,166,0,100
10-15 22:28:18.410 31417 31703 I BatteryMgr:DataCollectionService: stats => 1697401698409,128,4250,166,0,100
10-15 22:28:18.520 31417 31703 I BatteryMgr:DataCollectionService: stats => 1697401698520,128,4250,166,0,100
10-15 22:28:18.634 31417 31703 I BatteryMgr:DataCollectionService: stats => 1697401698633,128,4250,166,0,100
10-15 22:28:18.708  3957  4129 D WifiStateMachine:  ConnectedState !RSSI_PKTCNT_FETCH uid=1000 rt=403687857/1064086085 0 0 "ourhome" f4:6d:2f:12:cc:88 rssi=-43 f=5240 sc=60 link=433 tx=1.1, 0.0, 0.0  rx=1.1 bcn=65837 [on:0 tx:0 rx:0 period:888] from screen [on:264380 period:1865684] score=60
10-15 22:28:18.710  3957  4129 D WifiStateMachine:  L2ConnectedState !RSSI_PKTCNT_FETCH uid=1000 rt=403687859/1064086087 0 0 "ourhome" f4:6d:2f:12:cc:88 rssi=-43 f=5240 sc=60 link=433 tx=1.1, 0.0, 0.0  rx=1.1 bcn=65837 [on:0 tx:0 rx:0 period:2] from screen [on:264380 period:1865686] score=60
10-15 22:28:18.711  3957  4129 D WifiStateMachine: fetchRssiLinkSpeedAndFrequencyNative rssi=-45 linkspeed=433 freq=5240
10-15 22:28:18.745 31417 31703 I BatteryMgr:DataCollectionService: stats => 1697401698744,128,4250,166,0,100
10-15 22:28:18.859 31417 31703 I BatteryMgr:DataCollectionService: stats => 1697401698859,128,4250,166,0,100
10-15 22:28:18.970 31417 31703 I BatteryMgr:DataCollectionService: stats => 1697401698970,128,4250,166,0,100
10-15 22:28:18.987  3957  4128 D WifiService: getConnectionInfo uid=1000
10-15 22:28:19.081 31417 31703 I BatteryMgr:DataCollectionService: stats => 1697401699081,128,4250,166,0,100
10-15 22:28:19.193 31417 31703 I BatteryMgr:DataCollectionService: stats => 1697401699193,128,4250,166,0,100
10-15 22:28:19.306 31417 31703 I BatteryMgr:DataCollectionService: stats => 1697401699306,128,4250,166,0,100
10-15 22:28:19.350  3957  6478 D SSRM:k  : SIOP:: AP = 370, PST = 352 (W:20), BAT = 297, USB = 0, CHG = 0
10-15 22:28:19.418 31417 31703 I BatteryMgr:DataCollectionService: stats => 1697401699417,128,4250,166,0,100
10-15 22:28:19.534 31417 31703 I BatteryMgr:DataCollectionService: stats => 1697401699533,128,4250,166,0,100
10-15 22:28:19.642 31417 31703 I BatteryMgr:DataCollectionService: stats => 1697401699642,128,4250,166,0,100
10-15 22:28:19.692 19438 19556 D ScanRecord: Not a Multi Manu data
10-15 22:28:19.699 19438 19556 I chatty  : uid=1002(bluetooth) BT Service Call identical 37 lines
10-15 22:28:19.699 19438 19556 D ScanRecord: Not a Multi Manu data
10-15 22:28:19.709  3957  4129 D WifiStateMachine:  ConnectedState !RSSI_PKTCNT_FETCH uid=1000 rt=403688859/1064087086 0 0 "ourhome" f4:6d:2f:12:cc:88 rssi=-45 f=5240 sc=60 link=433 tx=1.1, 0.0, 0.0  rx=1.1 bcn=65837 [on:0 tx:0 rx:0 period:999] from screen [on:264380 period:1866685] score=60
10-15 22:28:19.711 19438 19556 D ScanRecord: Not a Multi Manu data
10-15 22:28:19.711  3957  4129 D WifiStateMachine:  L2ConnectedState !RSSI_PKTCNT_FETCH uid=1000 rt=403688860/1064087088 0 0 "ourhome" f4:6d:2f:12:cc:88 rssi=-45 f=5240 sc=60 link=433 tx=1.1, 0.0, 0.0  rx=1.1 bcn=65837 [on:0 tx:0 rx:0 period:2] from screen [on:264380 period:1866687] score=60
10-15 22:28:19.712 19438 19556 I chatty  : uid=1002(bluetooth) BT Service Call expire 11 lines
10-15 22:28:19.712 19438 19556 D ScanRecord: Not a Multi Manu data
10-15 22:28:19.713  3957  4129 D WifiStateMachine: fetchRssiLinkSpeedAndFrequencyNative rssi=-43 linkspeed=433 freq=5240
10-15 22:28:19.730 19438 19556 D ScanRecord: Not a Multi Manu data
10-15 22:28:19.730 19438 19556 I chatty  : uid=1002(bluetooth) BT Service Call identical 11 lines
10-15 22:28:19.730 19438 19556 D ScanRecord: Not a Multi Manu data
10-15 22:28:19.752 31417 31703 I BatteryMgr:DataCollectionService: stats => 1697401699752,128,4250,166,0,100
10-15 22:28:19.752 19438 19556 D ScanRecord: Not a Multi Manu data
10-15 22:28:19.863 19438 19556 I chatty  : uid=1002(bluetooth) BT Service Call identical 204 lines
10-15 22:28:19.863 19438 19556 D ScanRecord: Not a Multi Manu data
10-15 22:28:19.863 31417 31703 I BatteryMgr:DataCollectionService: stats => 1697401699863,128,4250,166,0,100
10-15 22:28:19.863 19438 19556 D ScanRecord: Not a Multi Manu data
10-15 22:28:19.972 19438 19556 I chatty  : uid=1002(bluetooth) BT Service Call identical 182 lines
10-15 22:28:19.972 19438 19556 D ScanRecord: Not a Multi Manu data
10-15 22:28:19.974 31417 31703 I BatteryMgr:DataCollectionService: stats => 1697401699974,128,4250,166,0,100
10-15 22:28:19.988 19438 19556 D ScanRecord: Not a Multi Manu data
10-15 22:28:19.989 19438 19556 I chatty  : uid=1002(bluetooth) BT Service Call identical 10 lines
10-15 22:28:19.989  3957  4128 D WifiService: getConnectionInfo uid=1000
10-15 22:28:19.989 19438 19556 D ScanRecord: Not a Multi Manu data
10-15 22:28:19.990 19438 19556 D ScanRecord: Not a Multi Manu data
10-15 22:28:20.079 19438 19556 I chatty  : uid=1002(bluetooth) BT Service Call identical 155 lines
10-15 22:28:20.079 19438 19556 D ScanRecord: Not a Multi Manu data
10-15 22:28:20.082 31417 31703 I BatteryMgr:DataCollectionService: stats => 1697401700081,128,4250,166,0,100
10-15 22:28:20.087 19438 19556 D ScanRecord: Not a Multi Manu data
10-15 22:28:20.152 19438 19556 I chatty  : uid=1002(bluetooth) BT Service Call identical 167 lines
10-15 22:28:20.152 19438 19556 D ScanRecord: Not a Multi Manu data
10-15 22:28:20.195 31417 31703 I BatteryMgr:DataCollectionService: stats => 1697401700194,128,4250,166,0,100
10-15 22:28:20.290  4961  4961 D io_stats: !@ 179,0 r 5312471 164766816 w 1290697 28027364 d 101846 31628504 f 299066 315707 iot 2360808 2086654 th 51200 0 0 pt 0 inp 0 0 403689.440
10-15 22:28:20.306 31417 31703 I BatteryMgr:DataCollectionService: stats => 1697401700306,128,4250,166,0,100
10-15 22:28:20.383  3957  4030 D SensorService: [SO] 0.081 -0.086 9.974
10-15 22:28:20.419 31417 31703 I BatteryMgr:DataCollectionService: stats => 1697401700419,128,4250,166,0,100
10-15 22:28:20.530 31417 31703 I BatteryMgr:DataCollectionService: stats => 1697401700530,128,4250,166,0,100
10-15 22:28:20.641 31417 31703 I BatteryMgr:DataCollectionService: stats => 1697401700641,194,4250,167,0,100
10-15 22:28:20.714  3957  4129 D WifiStateMachine:  ConnectedState !RSSI_PKTCNT_FETCH uid=1000 rt=403689861/1064088089 0 0 "ourhome" f4:6d:2f:12:cc:88 rssi=-43 f=5240 sc=60 link=433 tx=1.1, 0.0, 0.0  rx=1.1 bcn=65837 [on:0 tx:0 rx:0 period:1002] from screen [on:264380 period:1867689] score=60
10-15 22:28:20.719  3957  4129 D WifiStateMachine:  L2ConnectedState !RSSI_PKTCNT_FETCH uid=1000 rt=403689865/1064088092 0 0 "ourhome" f4:6d:2f:12:cc:88 rssi=-43 f=5240 sc=60 link=433 tx=1.1, 0.0, 0.0  rx=1.1 bcn=65837 [on:0 tx:0 rx:0 period:4] from screen [on:264380 period:1867693] score=60
10-15 22:28:20.723  3957  4129 D WifiStateMachine: fetchRssiLinkSpeedAndFrequencyNative rssi=-42 linkspeed=433 freq=5240
10-15 22:28:20.753 31417 31703 I BatteryMgr:DataCollectionService: stats => 1697401700753,194,4250,167,0,100
10-15 22:28:20.821  3957  4129 D WifiStateMachine:  ConnectedState !CMD_RSSI_POLL rt=403689970/1064088197 52 0 "ourhome" f4:6d:2f:12:cc:88 rssi=-42 f=5240 sc=60 link=433 tx=1.1, 0.0, 0.0  rx=1.1 bcn=65837 [on:0 tx:0 rx:0 period:104] from screen [on:264380 period:1867797] score=60
10-15 22:28:20.823  3957  4129 D WifiStateMachine:  L2ConnectedState !CMD_RSSI_POLL rt=403689972/1064088200 52 0 "ourhome" f4:6d:2f:12:cc:88 rssi=-42 f=5240 sc=60 link=433 tx=1.1, 0.0, 0.0  rx=1.1 bcn=65837 [on:0 tx:0 rx:0 period:2] from screen [on:264380 period:1867799] score=60
10-15 22:28:20.823  3957  4129 D WifiStateMachine:  get link layer stats 3
10-15 22:28:20.824  3436  3436 I android.hardware.wifi@1.0-service: getLinkLayerStats
10-15 22:28:20.843  3957  4129 D WifiStateMachine: fetchRssiLinkSpeedAndFrequencyNative rssi=-42 linkspeed=433 freq=5240
10-15 22:28:20.848  4340  4340 E SignalClusterView: setSlotFocusVisible : subId -2
10-15 22:28:20.848  4340  4340 E SignalClusterView: setSlotFocusVisible : subId -2
10-15 22:28:20.867 31417 31703 I BatteryMgr:DataCollectionService: stats => 1697401700866,194,4250,167,0,100
10-15 22:28:20.976 31417 31703 I BatteryMgr:DataCollectionService: stats => 1697401700976,194,4250,167,0,100
10-15 22:28:20.992  3957  4128 D WifiService: getConnectionInfo uid=1000
10-15 22:28:21.085 31417 31703 I BatteryMgr:DataCollectionService: stats => 1697401701085,194,4250,167,0,100
10-15 22:28:21.203 31417 31703 I BatteryMgr:DataCollectionService: stats => 1697401701203,194,4250,167,0,100
10-15 22:28:21.316 31417 31703 I BatteryMgr:DataCollectionService: stats => 1697401701316,194,4250,167,0,100
10-15 22:28:21.431 31417 31703 I BatteryMgr:DataCollectionService: stats => 1697401701431,194,4250,167,0,100
10-15 22:28:21.450  3957  4650 D BatteryService: !@BatteryListener : batteryPropertiesChanged!
10-15 22:28:21.544 31417 31703 I BatteryMgr:DataCollectionService: stats => 1697401701544,194,4250,167,0,100
10-15 22:28:21.653 31417 31703 I BatteryMgr:DataCollectionService: stats => 1697401701653,194,4250,167,0,100
10-15 22:28:21.718  3957  4129 D WifiStateMachine:  ConnectedState !RSSI_PKTCNT_FETCH uid=1000 rt=403690864/1064089091 0 0 "ourhome" f4:6d:2f:12:cc:88 rssi=-42 f=5240 sc=60 link=433 tx=2.3, 0.0, 0.0  rx=12.5 bcn=65865 [on:0 tx:0 rx:0 period:871] from screen [on:265827 period:1868693] score=60
10-15 22:28:21.720  3957  4129 D WifiStateMachine:  L2ConnectedState !RSSI_PKTCNT_FETCH uid=1000 rt=403690869/1064089096 0 0 "ourhome" f4:6d:2f:12:cc:88 rssi=-42 f=5240 sc=60 link=433 tx=2.3, 0.0, 0.0  rx=12.5 bcn=65865 [on:0 tx:0 rx:0 period:2] from screen [on:265827 period:1868695] score=60
10-15 22:28:21.727  3957  4129 D WifiStateMachine: fetchRssiLinkSpeedAndFrequencyNative rssi=-42 linkspeed=433 freq=5240
10-15 22:28:21.765 31417 31703 I BatteryMgr:DataCollectionService: stats => 1697401701764,194,4250,167,0,100
10-15 22:28:21.875 31417 31703 I BatteryMgr:DataCollectionService: stats => 1697401701875,194,4250,167,0,100
10-15 22:28:21.987 31417 31703 I BatteryMgr:DataCollectionService: stats => 1697401701987,194,4250,167,0,100
10-15 22:28:21.994  3957  4128 D WifiService: getConnectionInfo uid=1000
10-15 22:28:22.100 31417 31703 I BatteryMgr:DataCollectionService: stats => 1697401702100,194,4250,167,0,100
10-15 22:28:22.211 31417 31703 I BatteryMgr:DataCollectionService: stats => 1697401702210,194,4250,167,0,100
10-15 22:28:22.328 31417 31703 I BatteryMgr:DataCollectionService: stats => 1697401702328,194,4250,167,0,100
10-15 22:28:22.439 31417 31703 I BatteryMgr:DataCollectionService: stats => 1697401702438,194,4250,167,0,100
10-15 22:28:22.550 31417 31703 I BatteryMgr:DataCollectionService: stats => 1697401702550,194,4250,167,0,100
10-15 22:28:22.661 31417 31703 I BatteryMgr:DataCollectionService: stats => 1697401702661,194,4250,167,0,100
10-15 22:28:22.685  3957  4416 E Watchdog: !@Sync 13451 [2023-10-15 22:28:22.684]
10-15 22:28:22.717  3957  4129 D WifiStateMachine:  ConnectedState !RSSI_PKTCNT_FETCH uid=1000 rt=403691866/1064090093 0 0 "ourhome" f4:6d:2f:12:cc:88 rssi=-42 f=5240 sc=60 link=433 tx=2.3, 0.0, 0.0  rx=12.5 bcn=65865 [on:0 tx:0 rx:0 period:998] from screen [on:265827 period:1869693] score=60
10-15 22:28:22.720  3957  4129 D WifiStateMachine:  L2ConnectedState !RSSI_PKTCNT_FETCH uid=1000 rt=403691868/1064090096 0 0 "ourhome" f4:6d:2f:12:cc:88 rssi=-42 f=5240 sc=60 link=433 tx=2.3, 0.0, 0.0  rx=12.5 bcn=65865 [on:0 tx:0 rx:0 period:2] from screen [on:265827 period:1869695] score=60
10-15 22:28:22.726  3957  4129 D WifiStateMachine: fetchRssiLinkSpeedAndFrequencyNative rssi=-41 linkspeed=433 freq=5240
10-15 22:28:22.768 31417 31703 I BatteryMgr:DataCollectionService: stats => 1697401702768,194,4250,167,0,100
10-15 22:28:22.880 31417 31703 I BatteryMgr:DataCollectionService: stats => 1697401702880,194,4250,167,0,100
10-15 22:28:22.990 31417 31703 I BatteryMgr:DataCollectionService: stats => 1697401702990,194,4250,167,0,100
10-15 22:28:22.996  3957  4128 D WifiService: getConnectionInfo uid=1000
10-15 22:28:23.100 31417 31703 I BatteryMgr:DataCollectionService: stats => 1697401703100,194,4250,167,0,100
10-15 22:28:23.212 31417 31703 I BatteryMgr:DataCollectionService: stats => 1697401703212,194,4250,167,0,100
10-15 22:28:23.321 31417 31703 I BatteryMgr:DataCollectionService: stats => 1697401703321,194,4250,167,0,100
