10-15 21:38:53.614  3447  3447 I SurfaceFlinger:      Client |              | 0000 |  Unknown  |  -0.2   -0.2   -0.8   -0.8 |    0    0  720 1280 | animation background stackId=1#0
10-15 21:38:53.614  3447  3447 I SurfaceFlinger:      Client | 0x7e9ec22f80 | 0002 | RGBA_8888 |   0.0    0.0  720.0 1280.0 |   16   29  703 1251 | com.example.batterymanager_utility/c[...]atterymanager_utility.MainActivity#0
10-15 21:38:53.614  3447  3447 I SurfaceFlinger:      Client | 0x7ea50243c0 | 0000 | RGBA_8888 |   0.0    0.0  720.0 1022.0 |   17  305  704 1280 | Splash Screen org.mozilla.fenix#0
10-15 21:38:53.614  3447  3447 I SurfaceFlinger:      Client | 0x7ea50249c0 | 0000 | RGBA_8888 |   0.0    0.0  720.0   42.0 |    0    0  720   42 | StatusBar#0
10-15 21:38:53.614  3447  3447 I SurfaceFlinger: 
10-15 21:38:53.650 26279 26305 W linker  : "/data/app/org.mozilla.fenix-iWpGOrf8cry6RDpwHyQugA==/lib/arm64/libxul.so" unused DT entry: type 0x8000024 arg 0x539420
10-15 21:38:53.651 26279 26305 W linker  : "/data/app/org.mozilla.fenix-iWpGOrf8cry6RDpwHyQugA==/lib/arm64/libxul.so" unused DT entry: type 0x8000023 arg 0x17d68
10-15 21:38:53.651 26279 26305 W linker  : "/data/app/org.mozilla.fenix-iWpGOrf8cry6RDpwHyQugA==/lib/arm64/libxul.so" unused DT entry: type 0x8000025 arg 0x8
10-15 21:38:53.652 26279 26305 W linker  : "/data/app/org.mozilla.fenix-iWpGOrf8cry6RDpwHyQugA==/lib/arm64/libnss3.so" unused DT entry: type 0x8000024 arg 0x14998
10-15 21:38:53.652 26279 26305 W linker  : "/data/app/org.mozilla.fenix-iWpGOrf8cry6RDpwHyQugA==/lib/arm64/libnss3.so" unused DT entry: type 0x8000023 arg 0x5c8
10-15 21:38:53.652 26279 26305 W linker  : "/data/app/org.mozilla.fenix-iWpGOrf8cry6RDpwHyQugA==/lib/arm64/libnss3.so" unused DT entry: type 0x8000025 arg 0x8
10-15 21:38:53.652 26279 26305 W linker  : "/data/app/org.mozilla.fenix-iWpGOrf8cry6RDpwHyQugA==/lib/arm64/libmozglue.so" unused DT entry: type 0x8000024 arg 0x38f70
10-15 21:38:53.652 26279 26305 W linker  : "/data/app/org.mozilla.fenix-iWpGOrf8cry6RDpwHyQugA==/lib/arm64/libmozglue.so" unused DT entry: type 0x8000023 arg 0x1f8
10-15 21:38:53.653 26279 26305 W linker  : "/data/app/org.mozilla.fenix-iWpGOrf8cry6RDpwHyQugA==/lib/arm64/libmozglue.so" unused DT entry: type 0x8000025 arg 0x8
10-15 21:38:53.653 26279 26305 W linker  : "/data/app/org.mozilla.fenix-iWpGOrf8cry6RDpwHyQugA==/lib/arm64/libmozglue.so" unused DT entry: type 0x8000024 arg 0x38f70
10-15 21:38:53.654 26279 26305 W linker  : "/data/app/org.mozilla.fenix-iWpGOrf8cry6RDpwHyQugA==/lib/arm64/libmozglue.so" unused DT entry: type 0x8000023 arg 0x1f8
10-15 21:38:53.654 26279 26305 W linker  : "/data/app/org.mozilla.fenix-iWpGOrf8cry6RDpwHyQugA==/lib/arm64/libmozglue.so" unused DT entry: type 0x8000025 arg 0x8
10-15 21:38:53.654 26279 26305 W linker  : "/data/app/org.mozilla.fenix-iWpGOrf8cry6RDpwHyQugA==/lib/arm64/libmozglue.so" unused DT entry: type 0x8000024 arg 0x38f70
10-15 21:38:53.654 26279 26305 W linker  : "/data/app/org.mozilla.fenix-iWpGOrf8cry6RDpwHyQugA==/lib/arm64/libmozglue.so" unused DT entry: type 0x8000023 arg 0x1f8
10-15 21:38:53.654 26279 26305 W linker  : "/data/app/org.mozilla.fenix-iWpGOrf8cry6RDpwHyQugA==/lib/arm64/libmozglue.so" unused DT entry: type 0x8000025 arg 0x8
10-15 21:38:53.654 26279 26305 W linker  : "/data/app/org.mozilla.fenix-iWpGOrf8cry6RDpwHyQugA==/lib/arm64/libmozglue.so" unused DT entry: type 0x8000024 arg 0x38f70
10-15 21:38:53.654 26279 26305 W linker  : "/data/app/org.mozilla.fenix-iWpGOrf8cry6RDpwHyQugA==/lib/arm64/libmozglue.so" unused DT entry: type 0x8000023 arg 0x1f8
10-15 21:38:53.655 26279 26305 W linker  : "/data/app/org.mozilla.fenix-iWpGOrf8cry6RDpwHyQugA==/lib/arm64/libmozglue.so" unused DT entry: type 0x8000025 arg 0x8
10-15 21:38:53.792 26279 26305 I nimbus::stateful::nimbus_client: updating experiment list
10-15 21:38:53.799 26279 26305 I nimbus::stateful::persistence: Already at version 2, no upgrade needed
10-15 21:38:53.801 26279 26305 I nimbus::stateful::nimbus_client: [Nimbus] Retrieved date from Context: 2023-09-28 18:32:20 UTC
10-15 21:38:53.801 26279 26305 I nimbus::stateful::nimbus_client: [Nimbus] Installation Date: 2023-09-28 18:32:20 UTC
10-15 21:38:53.801 26279 26305 I nimbus::stateful::nimbus_client: [Nimbus] Update Date: 2023-09-28 18:32:25.568136298 UTC
10-15 21:38:53.802 26279 26305 I nimbus::stateful::nimbus_client: [Nimbus] Days since install: 17
10-15 21:38:53.802 26279 26305 I nimbus::stateful::nimbus_client: [Nimbus] Days since update: 17
10-15 21:38:53.865 26279 26308 I GeckoThread: preparing to run Gecko
10-15 21:38:53.869  3957  5414 W StorageManager: getStorageLowBytes lowPercent : 5, lowBytes : 1260145254, maxLowBytes : 524288000
10-15 21:38:53.870  3957  5414 W StorageManager: getStorageLowBytes lowPercent : 5, lowBytes : 1260145254, maxLowBytes : 524288000
10-15 21:38:53.872  3957  4653 W StorageManager: getStorageLowBytes lowPercent : 5, lowBytes : 1260145254, maxLowBytes : 524288000
10-15 21:38:53.883 26279 26308 I GeckoLoader: Library base=/data/app/org.mozilla.fenix-iWpGOrf8cry6RDpwHyQugA==/lib/arm64
10-15 21:38:53.886 26279 26311 I libglean_ffi: glean_core::core: Creating new Glean v54.0.0
10-15 21:38:53.886 26279 26308 W Settings: Setting animator_duration_scale has moved from android.provider.Settings.System to android.provider.Settings.Global, returning read-only global URI.
10-15 21:38:53.889 26279 26308 I GeckoLoader: Library base=/data/app/org.mozilla.fenix-iWpGOrf8cry6RDpwHyQugA==/lib/arm64
10-15 21:38:53.890 26279 26311 I libglean_ffi: glean_core::database: Database initialized
10-15 21:38:53.890 26279 26308 E GeckoLibLoad: Load sqlite start
10-15 21:38:53.891 26279 26308 E GeckoLibLoad: Load sqlite done
10-15 21:38:53.892 26279 26308 I GeckoLoader: Library base=/data/app/org.mozilla.fenix-iWpGOrf8cry6RDpwHyQugA==/lib/arm64
10-15 21:38:53.892 26279 26308 E GeckoLibLoad: Load nss start
10-15 21:38:53.892 26279 26308 E GeckoLibLoad: Load nss done
10-15 21:38:53.892 26279 26308 I GeckoLoader: Library base=/data/app/org.mozilla.fenix-iWpGOrf8cry6RDpwHyQugA==/lib/arm64
10-15 21:38:53.894 26279 26308 E GeckoLibLoad: Loaded libs in 1.872539ms total, 0ms(4ms) user, 0ms(0ms) system, 1(1) faults
10-15 21:38:53.895 26279 26311 I libglean_ffi: glean_core: Glean initialized
10-15 21:38:53.895 26279 26308 W GeckoThread: zerdatime 1061121273 - runGecko
10-15 21:38:53.898 26279 26311 I libglean_ffi: glean_core::event_database: Loading events for background-update
10-15 21:38:53.901 26279 26311 I libglean_ffi: glean_core::event_database: Loading events for events
10-15 21:38:53.904 26279 26311 I libglean_ffi: glean_core::ping: Collecting events
10-15 21:38:53.908  3957  4025 I WindowManager: Destroying surface Surface(name=com.example.batterymanager_utility/com.example.batterymanager_utility.MainActivity) called by com.android.server.wm.WindowStateAnimator.destroySurface:2501 com.android.server.wm.WindowStateAnimator.destroySurfaceLocked:985 com.android.server.wm.WindowState.destroyOrSaveSurfaceUnchecked:3670 com.android.server.wm.WindowState.destroySurface:3618 com.android.server.wm.AppWindowToken.destroySurfaces:722 com.android.server.wm.AppWindowToken.destroySurfaces:706 com.android.server.wm.WindowState.onExitAnimationDone:5316 com.android.server.wm.WindowStateAnimator.stepAnimationLocked:550 
10-15 21:38:53.909  3447  3489 I SurfaceFlinger: id=1675 Removed com.example.batterymanager_utility/com.example.batterymanager_utility.MainActivity#0 (2/5)
10-15 21:38:53.912  3447  4088 I SurfaceFlinger: id=1675 Removed com.example.batterymanager_utility/com.example.batterymanager_utility.MainActivity#0 (-2/5)
10-15 21:38:53.913  3599  3918 D DnsProxyListener: DNSDBG::dns by name af 2
10-15 21:38:53.921  3957  4324 I OpenGLRenderer: Initialized EGL, version 1.4
10-15 21:38:53.921  3957  4324 D OpenGLRenderer: Swap behavior 2
10-15 21:38:53.922 26279 26311 I libglean_ffi: glean_core::upload::directory: Processing ping at: /data/user/0/org.mozilla.fenix/glean_data/pending_pings/9267b1e6-54fc-473c-80b1-4c838c55994c
10-15 21:38:53.923 26279 26311 I libglean_ffi: glean_core::metrics::ping: The ping 'events' was submitted and will be sent as soon as possible
10-15 21:38:53.924  3447  3447 I Layer   : id=1675 onRemoved com.example.batterymanager_utility/com.example.batterymanager_utility.MainActivity#0 
10-15 21:38:53.927  3447  3447 I SurfaceFlinger: Display 0 HWC layers:
10-15 21:38:53.927  3447  3447 I SurfaceFlinger:     type    |    handle    | flag |  format   |   source crop (l,t,r,b)    |         frame       | name 
10-15 21:38:53.927  3447  3447 I SurfaceFlinger: ------------+--------------+------+-----------+----------------------------+---------------------+------
10-15 21:38:53.927  3447  3447 I SurfaceFlinger:      Device | 0x7ea50243c0 | 0000 | RGBA_8888 |   0.0    0.0  720.0 1280.0 |    0    0  720 1280 | Splash Screen org.mozilla.fenix#0
10-15 21:38:53.927  3447  3447 I SurfaceFlinger:      Device | 0x7ea50249c0 | 0000 | RGBA_8888 |   0.0    0.0  720.0   42.0 |    0    0  720   42 | StatusBar#0
10-15 21:38:53.927  3447  3447 I SurfaceFlinger: 
10-15 21:38:53.939  3957  5414 D PackageManager: setEnabledSetting : userId = 0 packageName = org.mozilla.fenix cmp = androidx.work.impl.background.systemjob.SystemJobService newState = 1 callingPackage = 10169/org.mozilla.fenix
10-15 21:38:53.963 26279 26311 I glean/MetricsPingSched: The 'metrics' ping was already sent today, 1697398733954.
10-15 21:38:53.968 26279 26311 I libglean_ffi: glean_core::ping: Collecting baseline
10-15 21:38:53.980 26279 26308 I Gecko:DumpUtils: Fifo watcher disabled via pref.
10-15 21:38:53.987 26279 26311 I libglean_ffi: glean_core::upload::directory: Processing ping at: /data/user/0/org.mozilla.fenix/glean_data/pending_pings/cec971f0-4398-486f-82ca-a30f8cf245d4
10-15 21:38:54.005 26279 26311 I libglean_ffi: glean_core::metrics::ping: The ping 'baseline' was submitted and will be sent as soon as possible
10-15 21:38:54.022 26279 26307 I libglean_ffi: glean_core::ping: Collecting pageload
10-15 21:38:54.023 26279 26279 I FenixApplication: AutoPushFeature is configured, initializing it...
10-15 21:38:54.024 26279 26307 I libglean_ffi: glean_core::ping: Storage for pageload empty. Bailing out.
10-15 21:38:54.024 26279 26307 I libglean_ffi: glean_core::metrics::ping: No content for ping 'pageload', therefore no ping queued.
10-15 21:38:54.028 26279 26279 I AbstractFirebasePushService: start
10-15 21:38:54.047 26279 26307 I libglean_ffi: glean_core::core: Upload enabled: true
10-15 21:38:54.083  3957  5414 D ConnectivityService: filterNetworkStateForUid() uid: 10169 networkInfo: [type: WIFI[] - WIFI, state: CONNECTED/CONNECTED, reason: (unspecified), extra: "ourhome", failover: false, available: true, roaming: false, metered: false]
10-15 21:38:54.083  3957  5414 D WifiService: getConnectionInfo uid=1000
10-15 21:38:54.104  3957  5414 D StorageManagerService: getExternalStorageMountMode : 1
10-15 21:38:54.104  3957  5414 D StorageManagerService: getExternalStorageMountMode : 3
10-15 21:38:54.104  3957  5414 D StorageManagerService: getExternalStorageMountMode : final mountMode=1, uid : 10169, packageName : org.mozilla.fenix
10-15 21:38:54.105  3957  5414 I ApplicationPolicy: isApplicationExternalStorageWhitelisted:org.mozilla.fenix user:0
10-15 21:38:54.105  3957  5414 D ApplicationPolicy: isApplicationExternalStorageWhitelisted: DO is not enabled on user 0. Allowed.
10-15 21:38:54.105  3957  5414 D ActivityManager: package  org.mozilla.fenix, user - 0 is SDcard whitelisted
10-15 21:38:54.105  3957  5414 I ApplicationPolicy: isApplicationExternalStorageBlacklisted:org.mozilla.fenix user:0
10-15 21:38:54.105  3957  5414 D ApplicationPolicy: isApplicationExternalStorageBlacklisted: DO is not enabled on user 0. Allowed.
10-15 21:38:54.112 26279 26351 I push::internal::communications::rate_limiter: No need to reset inner timestamp and count for verify_connection.
10-15 21:38:54.116  3957  5414 I ActivityManager: Start proc 26360:org.mozilla.fenix:tab21/u0a169 for service org.mozilla.fenix/org.mozilla.gecko.process.GeckoChildProcessServices$tab21
10-15 21:38:54.116  3957  4653 D PackageManager: setEnabledSetting : userId = 0 packageName = org.mozilla.fenix cmp = androidx.work.impl.background.systemalarm.RescheduleReceiver newState = 1 callingPackage = 10169/org.mozilla.fenix
10-15 21:38:54.118 26360 26360 E Zygote  : isWhitelistProcess - Process is Whitelisted
10-15 21:38:54.119 26360 26360 E libpersona: scanKnoxPersonas
10-15 21:38:54.119 26360 26360 E libpersona: Couldn't open the File - /data/system/users/0/personalist.xml - No such file or directory
10-15 21:38:54.121  3957  4128 D WifiService: getConnectionInfo uid=1000
10-15 21:38:54.122 26360 26360 W SELinux : SELinux selinux_android_compute_policy_index : Policy Index[2],  Con:u:r:zygote:s0 RAM:SEPF_SM-J720F_8.0.0_0002, [-1 -1 -1 -1 0 1]
10-15 21:38:54.123 26360 26360 I SELinux : SELinux: seapp_context_lookup: seinfo=untrusted, level=s0:c512,c768, pkgname=org.mozilla.fenix:tab21 
10-15 21:38:54.130 26279 26290 I zygote64: Background concurrent copying GC freed 12258(853KB) AllocSpace objects, 20(488KB) LOS objects, 50% free, 3MB/6MB, paused 2.673ms total 121.798ms
10-15 21:38:54.135 26279 26351 I push::internal::communications::rate_limiter: Not allowed: count(14) > 1 for verify_connection.
10-15 21:38:54.136 26279 26351 I AutoPushFeature: No change to subscriptions. Doing nothing.
10-15 21:38:54.140  3957  4653 D ConnectivityService: filterNetworkStateForUid() uid: 10169 networkInfo: [type: WIFI[] - WIFI, state: CONNECTED/CONNECTED, reason: (unspecified), extra: "ourhome", failover: false, available: true, roaming: false, metered: false]
10-15 21:38:54.140  3957  4653 D WifiService: getConnectionInfo uid=1000
10-15 21:38:54.149  3957  5415 D ConnectivityService: filterNetworkStateForUid() uid: 10169 networkInfo: [type: WIFI[] - WIFI, state: CONNECTED/CONNECTED, reason: (unspecified), extra: "ourhome", failover: false, available: true, roaming: false, metered: false]
10-15 21:38:54.149  3957  5415 D WifiService: getConnectionInfo uid=1000
10-15 21:38:54.150 26360 26360 D TimaKeyStoreProvider: TimaKeyStore is not enabled: cannot add TimaSignature Service and generateKeyPair Service
10-15 21:38:54.150 26360 26360 D ActivityThread: Added TimaKeyStore provider
10-15 21:38:54.151  3957  4653 D ConnectivityService: filterNetworkStateForUid() uid: 10169 networkInfo: [type: WIFI[] - WIFI, state: CONNECTED/CONNECTED, reason: (unspecified), extra: "ourhome", failover: false, available: true, roaming: false, metered: false]
10-15 21:38:54.151  3957  4653 D WifiService: getConnectionInfo uid=1000
10-15 21:38:54.154  3957  4653 I ActivityManager: DSS on for org.mozilla.fenix and scale is 1.0
10-15 21:38:54.155 26279 26356 D ConnectivityManager: requestNetwork; CallingUid : 10169, CallingPid : 26279
10-15 21:38:54.158  3957  5415 D ConnectivityService: requestNetwork for uid/pid:10169/26279 NetworkRequest [ TRACK_DEFAULT id=1090, [ Capabilities: INTERNET&NOT_RESTRICTED&TRUSTED&NOT_VPN] ]
10-15 21:38:54.160  3957  4157 D ConnectivityService: rematching NetworkAgentInfo [WIFI () - 507]
10-15 21:38:54.160  3957  4157 D ConnectivityService:  network has: [ Transports: WIFI Capabilities: NOT_METERED&INTERNET&NOT_RESTRICTED&TRUSTED&NOT_VPN&VALIDATED&FOREGROUND LinkUpBandwidth>=1048576Kbps LinkDnBandwidth>=1048576Kbps SignalStrength: -50]
10-15 21:38:54.160  3957  4157 D ConnectivityService: Network NetworkAgentInfo [WIFI () - 507] was already satisfying request 1066. No change.
10-15 21:38:54.160  3957  4157 D ConnectivityService:   checking if request is satisfied: NetworkRequest [ TRACK_DEFAULT id=1090, [ Capabilities: INTERNET&NOT_RESTRICTED&TRUSTED&NOT_VPN] ]
10-15 21:38:54.160  3957  4157 D ConnectivityService: currentScore = 0, newScore = 100
10-15 21:38:54.160  3957  4157 D ConnectivityService: rematch for NetworkAgentInfo [WIFI () - 507]
10-15 21:38:54.160  3957  4157 D ConnectivityService:    accepting network in place of null
10-15 21:38:54.160  3957  4157 D ConnectivityService: sending new Min Network Score(100): NetworkRequest [ TRACK_DEFAULT id=1090, [ Capabilities: INTERNET&NOT_RESTRICTED&TRUSTED&NOT_VPN] ]
10-15 21:38:54.161  3957  4153 D WIFI_P2P: got request NetworkRequest [ TRACK_DEFAULT id=1090, [ Capabilities: INTERNET&NOT_RESTRICTED&TRUSTED&NOT_VPN] ] with score 100
10-15 21:38:54.161  4616  4616 D PhoneSwitcherNetworkRequstListener: got request NetworkRequest [ TRACK_DEFAULT id=1090, [ Capabilities: INTERNET&NOT_RESTRICTED&TRUSTED&NOT_VPN] ] with score 100
10-15 21:38:54.162  3957  4157 D ConnectivityService: MultiNetwork Request(TransportType - Wi-Fi request). Internet Capability doesn't required (false)
10-15 21:38:54.162  3957  4157 D ConnectivityService: Network NetworkAgentInfo [WIFI () - 507] was already satisfying request 1. No change.
10-15 21:38:54.162  3957  4153 D WIFI_P2P:   my score=60, my filter=[ Transports: WIFI Capabilities: WIFI_P2P&NOT_RESTRICTED&TRUSTED&NOT_VPN LinkUpBandwidth>=1048576Kbps LinkDnBandwidth>=1048576Kbps]
10-15 21:38:54.162  3957  4157 D ConnectivityService: Network NetworkAgentInfo [WIFI () - 507] was already satisfying request 3. No change.
10-15 21:38:54.162  3957  4129 D WIFI    : got request NetworkRequest [ TRACK_DEFAULT id=1090, [ Capabilities: INTERNET&NOT_RESTRICTED&TRUSTED&NOT_VPN] ] with score 100
10-15 21:38:54.162  3957  4153 D WIFI_P2P: evalRequest
10-15 21:38:54.162  3957  4153 D WIFI_P2P:   done
10-15 21:38:54.162  3957  4129 D WIFI    :   my score=60, my filter=[ Transports: WIFI Capabilities: NOT_METERED&INTERNET&NOT_RESTRICTED&TRUSTED&NOT_VPN LinkUpBandwidth>=1048576Kbps LinkDnBandwidth>=1048576Kbps]
10-15 21:38:54.162  3957  4129 D WIFI    : evalRequest
10-15 21:38:54.162  3957  4129 D WIFI    :   done
10-15 21:38:54.162  3957  4157 D ConnectivityService: sending notification AVAILABLE for NetworkRequest [ TRACK_DEFAULT id=1090, [ Capabilities: INTERNET&NOT_RESTRICTED&TRUSTED&NOT_VPN] ]
10-15 21:38:54.162  3957  4129 D WIFI_UT : got request NetworkRequest [ TRACK_DEFAULT id=1090, [ Capabilities: INTERNET&NOT_RESTRICTED&TRUSTED&NOT_VPN] ] with score 100
10-15 21:38:54.162  3957  4129 D WIFI_UT :   my score=2147483647, my filter=[ Transports: WIFI Capabilities: NOT_METERED&INTERNET&NOT_RESTRICTED&TRUSTED&NOT_VPN LinkUpBandwidth>=1048576Kbps LinkDnBandwidth>=1048576Kbps]
10-15 21:38:54.162  3957  4129 D WIFI_UT : evalRequest
10-15 21:38:54.162  3957  4129 D WIFI_UT :   needNetworkFor
10-15 21:38:54.162  3957  4157 D ConnectivityService: sending notification CAP_CHANGED for NetworkRequest [ TRACK_DEFAULT id=1090, [ Capabilities: INTERNET&NOT_RESTRICTED&TRUSTED&NOT_VPN] ]
10-15 21:38:54.162  4616  4616 D PhoneSwitcherNetworkRequstListener:   my score=101, my filter=[ Transports: CELLULAR Capabilities: MMS&SUPL&DUN&FOTA&IMS&CBS&IA&RCS&XCAP&EIMS&INTERNET&NOT_RESTRICTED&TRUSTED&NOT_VPN&ENT1 Specifier: <android.net.MatchAllNetworkSpecifier@0>]
10-15 21:38:54.162  4616  4616 D PhoneSwitcherNetworkRequstListener: evalRequest
10-15 21:38:54.162  4616  4616 D PhoneSwitcherNetworkRequstListener:   needNetworkFor
10-15 21:38:54.162  3957  4157 D ConnectivityService: sending notification IP_CHANGED for NetworkRequest [ TRACK_DEFAULT id=1090, [ Capabilities: INTERNET&NOT_RESTRICTED&TRUSTED&NOT_VPN] ]
10-15 21:38:54.163  3957  4313 D Ethernet: got request NetworkRequest [ TRACK_DEFAULT id=1090, [ Capabilities: INTERNET&NOT_RESTRICTED&TRUSTED&NOT_VPN] ] with score 100
10-15 21:38:54.163  3957  4313 D Ethernet:   my score=-1, my filter=[ Transports: ETHERNET Capabilities: INTERNET&NOT_RESTRICTED&TRUSTED&NOT_VPN LinkUpBandwidth>=100000Kbps LinkDnBandwidth>=100000Kbps]
10-15 21:38:54.163  3957  4313 D Ethernet: evalRequest
10-15 21:38:54.164  3957  4313 D Ethernet:   done
10-15 21:38:54.166  3957  5415 D ConnectivityService: filterNetworkStateForUid() uid: 10169 networkInfo: [type: WIFI[] - WIFI, state: CONNECTED/CONNECTED, reason: (unspecified), extra: "ourhome", failover: false, available: true, roaming: false, metered: false]
10-15 21:38:54.166  3957  5415 D WifiService: getConnectionInfo uid=1000
10-15 21:38:54.170  3957  5415 D ConnectivityService: filterNetworkStateForUid() uid: 10169 networkInfo: [type: WIFI[] - WIFI, state: CONNECTED/CONNECTED, reason: (unspecified), extra: "ourhome", failover: false, available: true, roaming: false, metered: false]
10-15 21:38:54.170  3957  5415 D WifiService: getConnectionInfo uid=1000
10-15 21:38:54.176 26360 26360 I zygote64: no shared libraies, dex_files: 1
10-15 21:38:54.209 26279 26279 I NavController: Ignoring popBackStack to destination org.mozilla.fenix:id/browserFragment as it was not found on the current back stack
10-15 21:38:54.232  3328  3328 W keymaster2_mdfpp: entered get_key_characteristics function.
10-15 21:38:54.239  3328  3328 W keymaster_tee: [WRN]KEY_PARAMS: AES ENC DEC GCM PADNO AUTH SIZE:256 
10-15 21:38:54.239  3328  3328 W keymaster_tee: [WRN]KEY_PARAMS: 20230928203226 
10-15 21:38:54.239  3328  3328 W keymaster2_mdfpp: exit get_key_characteristics function, returned 0
10-15 21:38:54.239 26279 26279 I ContileTopSitesUpdater: Started periodic work to update Contile top sites
10-15 21:38:54.246  3328  3328 W keymaster2_mdfpp: entered get_key_characteristics function.
10-15 21:38:54.248  3328  3328 W keymaster_tee: [WRN]KEY_PARAMS: AES ENC DEC GCM PADNO AUTH SIZE:256 
10-15 21:38:54.248  3328  3328 W keymaster_tee: [WRN]KEY_PARAMS: 20230928203226 
10-15 21:38:54.248  3328  3328 W keymaster2_mdfpp: exit get_key_characteristics function, returned 0
10-15 21:38:54.251  3328  3328 W keymaster2_mdfpp: entered get_key_characteristics function.
10-15 21:38:54.253  3328  3328 W keymaster_tee: [WRN]KEY_PARAMS: AES ENC DEC GCM PADNO AUTH SIZE:256 
10-15 21:38:54.253  3328  3328 W keymaster_tee: [WRN]KEY_PARAMS: 20230928203226 
10-15 21:38:54.253  3328  3328 W keymaster2_mdfpp: exit get_key_characteristics function, returned 0
10-15 21:38:54.258  3328  3328 W keymaster2_mdfpp: entered get_key_characteristics function.
10-15 21:38:54.260  3328  3328 W keymaster_tee: [WRN]KEY_PARAMS: AES ENC DEC GCM PADNO AUTH SIZE:256 
10-15 21:38:54.260  3328  3328 W keymaster_tee: [WRN]KEY_PARAMS: 20230928203226 
10-15 21:38:54.260  3328  3328 W keymaster2_mdfpp: exit get_key_characteristics function, returned 0
10-15 21:38:54.260 26360 26360 I ServiceChildProcess: onCreate
10-15 21:38:54.261  3328  3328 W keymaster2_mdfpp: entered begin function.
10-15 21:38:54.262 26360 26389 I GeckoThread: preparing to run Gecko
10-15 21:38:54.262  3328  3328 W keymaster2_mdfpp: exit begin function, returned 0
10-15 21:38:54.265  3328  3328 W keymaster2_mdfpp: entered update function.
10-15 21:38:54.265  3328  3328 W keymaster2_mdfpp: exit update function, returned 0
10-15 21:38:54.266  3328  3328 W keymaster2_mdfpp: entered finish function.
10-15 21:38:54.267  3328  3328 W keymaster2_mdfpp: exit finish function, returned 0
10-15 21:38:54.268  3589  3589 W keystore: ENTER remove operation from uid 10169
10-15 21:38:54.290 26279 26319 W logins::schema: user_version: 2
10-15 21:38:54.320 12416 12416 E adbd    : recv: OPEN 0000070b 00000000 0076:73 68 65 6C 6C 2C 76 32 2C 54 45 52 4D 3D 78 74 65 72 6D 2D 32 35 36 63 6F 6C 6F 72 2C 72 61 77 3A 64 75 6D 70 73 79 73 20 61 63 74 69 76 69 74 79 20 72 65 63 65 6E 74 73 20 7C 20 67 72 65 70 20 22 52 65 63 65 6E 74 20 23 30 22 20 7C 20 63 75 74 20 2D 64 20 22 3D 22 20 2D 66 32 20 7C 20 67 72 65 70 20 2D 6F 20 2D 70 20 22 5B 61 2D 7A 7C 2E 5D 2A 22 00 
10-15 21:38:54.320 12416 12416 E adbd    : service_to_fd: shell,v2,TERM=xterm-256color,raw:dumpsys activity recents | grep "Recent #0" | cut -d "=" -f2 | grep -o -p "[a-z|.]*"
10-15 21:38:54.386 12416 12416 E adbd    : recv: OPEN 0000070f 00000000 0042:73 68 65 6C 6C 2C 76 32 2C 54 45 52 4D 3D 78 74 65 72 6D 2D 32 35 36 63 6F 6C 6F 72 2C 72 61 77 3A 67 65 74 70 72 6F 70 20 72 6F 2E 62 75 69 6C 64 2E 76 65 72 73 69 6F 6E 2E 72 65 6C 65 61 73 65 00 
10-15 21:38:54.386 12416 12416 E adbd    : service_to_fd: shell,v2,TERM=xterm-256color,raw:getprop ro.build.version.release
10-15 21:38:54.414 26279 26308 W ResourceType: Too many attribute references, stopped at: 0x01010099
10-15 21:38:54.427 12416 12416 E adbd    : recv: OPEN 00000713 00000000 003e:73 68 65 6C 6C 2C 76 32 2C 54 45 52 4D 3D 78 74 65 72 6D 2D 32 35 36 63 6F 6C 6F 72 2C 72 61 77 3A 67 65 74 70 72 6F 70 20 72 6F 2E 62 75 69 6C 64 2E 76 65 72 73 69 6F 6E 2E 73 64 6B 00 
10-15 21:38:54.427 12416 12416 E adbd    : service_to_fd: shell,v2,TERM=xterm-256color,raw:getprop ro.build.version.sdk
10-15 21:38:54.434 26279 26279 W GeckoViewActivityContextDelegate: A non-activity context was set.
10-15 21:38:54.449  3957  4653 D ConnectivityService: filterNetworkStateForUid() uid: 10169 networkInfo: [type: WIFI[] - WIFI, state: CONNECTED/CONNECTED, reason: (unspecified), extra: "ourhome", failover: false, available: true, roaming: false, metered: false]
10-15 21:38:54.450  3957  4653 D WifiService: getConnectionInfo uid=1000
10-15 21:38:54.451  3957  4653 I chatty  : uid=1000(system) Binder:3957_B identical 1 line
10-15 21:38:54.451  3957  4653 I chatty  : uid=1000(system) Binder:3957_B identical 1 line
10-15 21:38:54.452  3957  4653 D ConnectivityService: filterNetworkStateForUid() uid: 10169 networkInfo: [type: WIFI[] - WIFI, state: CONNECTED/CONNECTED, reason: (unspecified), extra: "ourhome", failover: false, available: true, roaming: false, metered: false]
10-15 21:38:54.452  3957  4653 D WifiService: getConnectionInfo uid=1000
10-15 21:38:54.455  3957  5415 D StorageManagerService: getExternalStorageMountMode : 1
10-15 21:38:54.455  3957  5415 D StorageManagerService: getExternalStorageMountMode : 3
10-15 21:38:54.455  3957  5415 D StorageManagerService: getExternalStorageMountMode : final mountMode=1, uid : 10169, packageName : org.mozilla.fenix
10-15 21:38:54.455  3957  5415 I ApplicationPolicy: isApplicationExternalStorageWhitelisted:org.mozilla.fenix user:0
10-15 21:38:54.456  3957  5415 D ApplicationPolicy: isApplicationExternalStorageWhitelisted: DO is not enabled on user 0. Allowed.
10-15 21:38:54.456  3957  5415 D ActivityManager: package  org.mozilla.fenix, user - 0 is SDcard whitelisted
10-15 21:38:54.456  3957  5415 I ApplicationPolicy: isApplicationExternalStorageBlacklisted:org.mozilla.fenix user:0
10-15 21:38:54.456  3957  5415 D ApplicationPolicy: isApplicationExternalStorageBlacklisted: DO is not enabled on user 0. Allowed.
10-15 21:38:54.459 26279 26279 I BgSyncManager: Periodic syncing enabled: PeriodicSyncConfig(periodMinutes=240, initialDelayMinutes=5)
10-15 21:38:54.459 26279 26279 I FirefoxAccountStateMachine: Sync is enabled
10-15 21:38:54.462 26279 26349 I StartupTypeTelemetry: Recorded start up: cold_main
10-15 21:38:54.464  3957  4129 D WifiStateMachine:  ConnectedState !RSSI_PKTCNT_FETCH uid=1000 rt=400723614/1061121842 0 0 "ourhome" f4:6d:2f:12:cc:88 rssi=-41 f=5240 sc=60 link=433 tx=0.0, 0.0, 0.0  rx=0.8 bcn=38726 [on:0 tx:0 rx:0 period:1000] from screen [on:-3103631 period:4289314] score=60
10-15 21:38:54.465  3957  4129 D WifiStateMachine:  L2ConnectedState !RSSI_PKTCNT_FETCH uid=1000 rt=400723615/1061121843 0 0 "ourhome" f4:6d:2f:12:cc:88 rssi=-41 f=5240 sc=60 link=433 tx=0.0, 0.0, 0.0  rx=0.8 bcn=38726 [on:0 tx:0 rx:0 period:1] from screen [on:-3103631 period:4289315] score=60
10-15 21:38:54.469  3957  4129 D WifiStateMachine: fetchRssiLinkSpeedAndFrequencyNative rssi=-41 linkspeed=433 freq=5240
10-15 21:38:54.474  3957  5415 I ActivityManager: Start proc 26434:org.mozilla.fenix:gpu/u0a169 for service org.mozilla.fenix/org.mozilla.gecko.process.GeckoChildProcessServices$gpu
10-15 21:38:54.474 26434 26434 E Zygote  : isWhitelistProcess - Process is Whitelisted
10-15 21:38:54.476 26434 26434 E libpersona: scanKnoxPersonas
10-15 21:38:54.476 26279 26438 D OpenGLRenderer: HWUI GL Pipeline
10-15 21:38:54.476 26434 26434 E libpersona: Couldn't open the File - /data/system/users/0/personalist.xml - No such file or directory
10-15 21:38:54.479 26434 26434 W SELinux : SELinux selinux_android_compute_policy_index : Policy Index[2],  Con:u:r:zygote:s0 RAM:SEPF_SM-J720F_8.0.0_0002, [-1 -1 -1 -1 0 1]
10-15 21:38:54.480 26434 26434 I SELinux : SELinux: seapp_context_lookup: seinfo=untrusted, level=s0:c512,c768, pkgname=org.mozilla.fenix:gpu 
10-15 21:38:54.482 26279 26279 D ViewRootImpl@d9fc05[App]: setView = DecorView@812c4b2[App] TM=true MM=false
10-15 21:38:54.483  3957  5415 D ActivityManager: post active user change for 0 fullscreen true isHomeActivity() false
10-15 21:38:54.483 26279 26279 I Choreographer: Skipped 60 frames!  The application may be doing too much work on its main thread.
10-15 21:38:54.486 26279 26308 W linker  : "/data/app/org.mozilla.fenix-iWpGOrf8cry6RDpwHyQugA==/lib/arm64/libsoftokn3.so" unused DT entry: type 0x8000024 arg 0x2580
10-15 21:38:54.486 26279 26308 W linker  : "/data/app/org.mozilla.fenix-iWpGOrf8cry6RDpwHyQugA==/lib/arm64/libsoftokn3.so" unused DT entry: type 0x8000023 arg 0x70
10-15 21:38:54.486 26279 26308 W linker  : "/data/app/org.mozilla.fenix-iWpGOrf8cry6RDpwHyQugA==/lib/arm64/libsoftokn3.so" unused DT entry: type 0x8000025 arg 0x8
10-15 21:38:54.486 26279 26279 D ViewRootImpl@d9fc05[App]: dispatchAttachedToWindow
10-15 21:38:54.489 26279 26308 W linker  : "/data/app/org.mozilla.fenix-iWpGOrf8cry6RDpwHyQugA==/lib/arm64/libfreebl3.so" unused DT entry: type 0x8000024 arg 0xe78
10-15 21:38:54.489  3957  5415 V WindowManager: Relayout Window{5d4d04a u0 org.mozilla.fenix/org.mozilla.fenix.App}: viewVisibility=0 req=719x1237 WM.LayoutParams{(0,0)(fillxfill) sim=#110 ty=1 fl=#81010100 pfl=0x20000 wanim=0x7f1404fa vsysui=0x2610 needsMenuKey=2 colorMode=0 naviIconColor=0}
10-15 21:38:54.489 26279 26308 W linker  : "/data/app/org.mozilla.fenix-iWpGOrf8cry6RDpwHyQugA==/lib/arm64/libfreebl3.so" unused DT entry: type 0x8000023 arg 0x68
10-15 21:38:54.489 26279 26308 W linker  : "/data/app/org.mozilla.fenix-iWpGOrf8cry6RDpwHyQugA==/lib/arm64/libfreebl3.so" unused DT entry: type 0x8000025 arg 0x8
10-15 21:38:54.492 12416 12416 E adbd    : recv: OPEN 00000717 00000000 0042:73 68 65 6C 6C 2C 76 32 2C 54 45 52 4D 3D 78 74 65 72 6D 2D 32 35 36 63 6F 6C 6F 72 2C 72 61 77 3A 67 65 74 70 72 6F 70 20 72 6F 2E 62 75 69 6C 64 2E 76 65 72 73 69 6F 6E 2E 72 65 6C 65 61 73 65 00 
10-15 21:38:54.493 12416 12416 E adbd    : service_to_fd: shell,v2,TERM=xterm-256color,raw:getprop ro.build.version.release
10-15 21:38:54.493  3447  3447 I SurfaceFlinger: id=1677 createSurf (720x1280),1 flag=404, org.mozilla.fenix/org.mozilla.fenix.App#0
10-15 21:38:54.495  3957  5415 V Surface : sf_framedrop debug : 0x4f4c, game : false, logging : 0
10-15 21:38:54.495  3957  3973 D WindowManager: set systemUiVisibility : systemUiFlags= 0x2608 fullscreenStackSysUiFlags= 0x0
10-15 21:38:54.498 26434 26434 D TimaKeyStoreProvider: TimaKeyStore is not enabled: cannot add TimaSignature Service and generateKeyPair Service
10-15 21:38:54.498 26434 26434 D ActivityThread: Added TimaKeyStore provider
10-15 21:38:54.498  3957  5415 D InputDispatcher: Focus entered window: 26279
10-15 21:38:54.500 26279 26279 V Surface : sf_framedrop debug : 0x4f4c, game : false, logging : 0
10-15 21:38:54.500  3957 12585 D WindowManager: adjustSystemUiVisibilityLw : vis= 0x2608
10-15 21:38:54.500 26279 26279 D ViewRootImpl@d9fc05[App]: Relayout returned: old=[0,0][0,0] new=[0,0][720,1280] result=0x7 surface={valid=true 499293073408} changed=true
10-15 21:38:54.500  3957  5415 I ActivityManager: DSS on for org.mozilla.fenix and scale is 1.0
10-15 21:38:54.501 26279 26438 I OpenGLRenderer: Initialized EGL, version 1.4
10-15 21:38:54.501 26279 26438 D OpenGLRenderer: Swap behavior 2
10-15 21:38:54.505 26279 26438 D libGLESv1: STS_GLApi : DTS, ODTC are not allowed for Package : org.mozilla.fenix
10-15 21:38:54.510 26279 26438 D mali_winsys: EGLint new_window_surface(egl_winsys_display *, void *, EGLSurface, EGLConfig, egl_winsys_surface **, egl_color_buffer_format *, EGLBoolean) returns 0x3000,  [720x1280]-format:1
10-15 21:38:54.510 26279 26438 D OpenGLRenderer: eglCreateWindowSurface = 0x743edf8300
10-15 21:38:54.511 26279 26403 W linker  : "/data/app/org.mozilla.fenix-iWpGOrf8cry6RDpwHyQugA==/lib/arm64/libnssckbi.so" unused DT entry: type 0x8000024 arg 0xc08
10-15 21:38:54.511 26279 26403 W linker  : "/data/app/org.mozilla.fenix-iWpGOrf8cry6RDpwHyQugA==/lib/arm64/libnssckbi.so" unused DT entry: type 0x8000023 arg 0x258
10-15 21:38:54.511 26279 26403 W linker  : "/data/app/org.mozilla.fenix-iWpGOrf8cry6RDpwHyQugA==/lib/arm64/libnssckbi.so" unused DT entry: type 0x8000025 arg 0x8
10-15 21:38:54.513  3447  3447 I SurfaceFlinger: id=1678 createSurf (720x1238),1 flag=4, SurfaceView - org.mozilla.fenix/org.mozilla.fenix.App@b6c1bf3@0#0
10-15 21:38:54.514 19438 19556 D ScanRecord: Not a Multi Manu data
10-15 21:38:54.514 19438 19556 D ScanRecord: Not a Multi Manu data
10-15 21:38:54.514  3447  3447 I SurfaceFlinger: id=1679 createSurf (720x1238),-1 flag=20004, Background for - SurfaceView - org.mozilla.fenix/org.mozilla.fenix.App@b6c1bf3@0#0
10-15 21:38:54.514 19438 19556 D ScanRecord: Not a Multi Manu data
10-15 21:38:54.520 26279 26279 D SurfaceView: BG hide() Surface(name=Background for - SurfaceView - org.mozilla.fenix/org.mozilla.fenix.App@b6c1bf3@0) false true org.mozilla.gecko.MagnifiableSurfaceView{b6c1bf3 V.E...... ......ID 0,0-720,1238}
10-15 21:38:54.520 19438 19556 I chatty  : uid=1002(bluetooth) BT Service Call expire 42 lines
10-15 21:38:54.520 19438 19556 D ScanRecord: Not a Multi Manu data
10-15 21:38:54.520 19438 19556 D ScanRecord: Not a Multi Manu data
10-15 21:38:54.521 19438 19556 I chatty  : uid=1002(bluetooth) BT Service Call identical 6 lines
10-15 21:38:54.521 19438 19556 D ScanRecord: Not a Multi Manu data
10-15 21:38:54.521 26434 26434 I zygote64: no shared libraies, dex_files: 1
10-15 21:38:54.521 19438 19556 D ScanRecord: Not a Multi Manu data
10-15 21:38:54.521 19438 19556 I chatty  : uid=1002(bluetooth) BT Service Call identical 9 lines
10-15 21:38:54.521 19438 19556 D ScanRecord: Not a Multi Manu data
10-15 21:38:54.525 26279 26279 V Surface : sf_framedrop debug : 0x4f4c, game : false, logging : 0
10-15 21:38:54.525  3957 12585 D ConnectivityService: filterNetworkStateForUid() uid: 10169 networkInfo: [type: WIFI[] - WIFI, state: CONNECTED/CONNECTED, reason: (unspecified), extra: "ourhome", failover: false, available: true, roaming: false, metered: false]
10-15 21:38:54.525  3957 12585 D WifiService: getConnectionInfo uid=1000
10-15 21:38:54.526 26279 26279 D SurfaceView: surfaceCreated 1 org.mozilla.gecko.MagnifiableSurfaceView{b6c1bf3 V.E...... ......ID 0,0-720,1238}
10-15 21:38:54.526 26279 26279 D SurfaceView: surfaceChanged (720,1238) 1 org.mozilla.gecko.MagnifiableSurfaceView{b6c1bf3 V.E...... ......ID 0,0-720,1238}
10-15 21:38:54.540 26279 26307 I libglean_ffi: glean_core::ping: Collecting baseline
10-15 21:38:54.545 19438 19556 D ScanRecord: Not a Multi Manu data
10-15 21:38:54.545 19438 19556 I chatty  : uid=1002(bluetooth) BT Service Call identical 11 lines
10-15 21:38:54.545 19438 19556 D ScanRecord: Not a Multi Manu data
10-15 21:38:54.549 12416 12416 E adbd    : recv: OPEN 0000071b 00000000 003e:73 68 65 6C 6C 2C 76 32 2C 54 45 52 4D 3D 78 74 65 72 6D 2D 32 35 36 63 6F 6C 6F 72 2C 72 61 77 3A 67 65 74 70 72 6F 70 20 72 6F 2E 62 75 69 6C 64 2E 76 65 72 73 69 6F 6E 2E 73 64 6B 00 
10-15 21:38:54.549 12416 12416 E adbd    : service_to_fd: shell,v2,TERM=xterm-256color,raw:getprop ro.build.version.sdk
10-15 21:38:54.555 26279 26307 I libglean_ffi: glean_core::upload::directory: Processing ping at: /data/user/0/org.mozilla.fenix/glean_data/pending_pings/77b5fdd0-89cd-41f2-9ea3-0c963748a32f
10-15 21:38:54.557 26279 26307 I libglean_ffi: glean_core::metrics::ping: The ping 'baseline' was submitted and will be sent as soon as possible
10-15 21:38:54.558 19438 19556 D ScanRecord: Not a Multi Manu data
10-15 21:38:54.566 19438 19556 I chatty  : uid=1002(bluetooth) BT Service Call identical 24 lines
10-15 21:38:54.566 19438 19556 D ScanRecord: Not a Multi Manu data
10-15 21:38:54.572  3957 12585 D ConnectivityService: filterNetworkStateForUid() uid: 10169 networkInfo: [type: WIFI[] - WIFI, state: CONNECTED/CONNECTED, reason: (unspecified), extra: "ourhome", failover: false, available: true, roaming: false, metered: false]
10-15 21:38:54.572  3957 12585 D WifiService: getConnectionInfo uid=1000
10-15 21:38:54.593  3599  3918 D DnsProxyListener: DNSDBG::dns addrinfo af 0
10-15 21:38:54.593 19438 19556 D ScanRecord: Not a Multi Manu data
10-15 21:38:54.594 19438 19556 I chatty  : uid=1002(bluetooth) BT Service Call identical 3 lines
10-15 21:38:54.594 19438 19556 D ScanRecord: Not a Multi Manu data
10-15 21:38:54.594 19438 19556 D ScanRecord: Not a Multi Manu data
10-15 21:38:54.594 19438 19556 I chatty  : uid=1002(bluetooth) BT Service Call identical 6 lines
10-15 21:38:54.594 19438 19556 D ScanRecord: Not a Multi Manu data
10-15 21:38:54.594 26434 26434 I ServiceChildProcess: onCreate
10-15 21:38:54.594 19438 19556 D ScanRecord: Not a Multi Manu data
10-15 21:38:54.595 19438 19556 I chatty  : uid=1002(bluetooth) BT Service Call identical 11 lines
10-15 21:38:54.595 19438 19556 D ScanRecord: Not a Multi Manu data
10-15 21:38:54.596  3599  3918 D DnsProxyListener: DNSDBG::dns addrinfo af 0
10-15 21:38:54.596 26434 26465 I GeckoThread: preparing to run Gecko
10-15 21:38:54.597 19438 19556 D ScanRecord: Not a Multi Manu data
10-15 21:38:54.597 19438 19556 I chatty  : uid=1002(bluetooth) BT Service Call identical 11 lines
10-15 21:38:54.597 19438 19556 D ScanRecord: Not a Multi Manu data
10-15 21:38:54.599  3599  3918 D DnsProxyListener: DNSDBG::dns addrinfo af 0
10-15 21:38:54.604 19438 19556 D ScanRecord: Not a Multi Manu data
10-15 21:38:54.604 19438 19556 I chatty  : uid=1002(bluetooth) BT Service Call identical 1 line
10-15 21:38:54.604 19438 19556 D ScanRecord: Not a Multi Manu data
10-15 21:38:54.604 12416 12416 E adbd    : recv: OPEN 0000071f 00000000 015d:73 68 65 6C 6C 2C 76 32 2C 54 45 52 4D 3D 78 74 65 72 6D 2D 32 35 36 63 6F 6C 6F 72 2C 72 61 77 3A 61 6D 20 73 74 61 72 74 2D 66 6F 72 65 67 72 6F 75 6E 64 2D 73 65 72 76 69 63 65 20 2D 6E 20 22 63 6F 6D 2E 65 78 61 6D 70 6C 65 2E 62 61 74 74 65 72 79 6D 61 6E 61 67 65 72 5F 75 74 69 6C 69 74 79 2F 63 6F 6D 2E 65 78 61 6D 70 6C 65 2E 62 61 74 74 65 72 79 6D 61 6E 61 67 65 72 5F 75 74 69 6C 69 74 79 2E 44 61 74 61 43 6F 6C 6C 65 63 74 69 6F 6E 53 65 72 76 69 63 65 22 20 2D 2D 65 69 20 73 61 6D 70 6C 65 52 61 74 65 20 31 30 30 20 2D 2D 65 73 20 22 64 61 74 61 46 69 65 6C 64 73 22 20 22 42 41 54 54 45 52 59 5F 50 52 4F 50 45 52 54 59 5F 43 55 52 52 45 4E 54 5F 4E 4F 57 2C 45 58 54 52 41 5F 56 4F 4C 54 41 47 45 2C 42 41 54 54 45 52 59 5F 50 52 4F 50 45 52 54 59 5F 43 55 52 52 45 4E 54 5F 41 56 45 52 41 47 45 2C 42 41 54 54 45 52 59 5F 50 52 4F 50 45 52 54 59 5F 43 48 41 52 47 45 5F 43 4F 55 4E 54 45 52 2C 42 41 54 54 45 52 59 5F 50 52 4F 50 45 52 54 59 5F 43 41 50 41 43 49 54 59
10-15 21:38:54.604 19438 19556 D ScanRecord: Not a Multi Manu data
10-15 21:38:54.605 19438 19556 I chatty  : uid=1002(bluetooth) BT Service Call identical 1 line
10-15 21:38:54.605 19438 19556 D ScanRecord: Not a Multi Manu data
10-15 21:38:54.605 12416 12416 E adbd    : service_to_fd: shell,v2,TERM=xterm-256color,raw:am start-foreground-service -n "com.example.batterymanager_utility/com.example.batterymanager_utility.DataCollectionService" --ei sampleRate 100 --es "dataFields" "BATTERY_PROPERTY_CURRENT_NOW,EXTRA_VOLTAGE,BATTERY_PROPERTY_CURRENT_AVERAGE,BATTERY_PROPERTY_CHARGE_COUNTER,BATTERY_PROPERTY_CAPACITY" --ez toCSV false
10-15 21:38:54.605 19438 19556 D ScanRecord: Not a Multi Manu data
10-15 21:38:54.626 19438 19556 I chatty  : uid=1002(bluetooth) BT Service Call identical 45 lines
10-15 21:38:54.634 19438 19556 D ScanRecord: Not a Multi Manu data
10-15 21:38:54.634 26279 26472 I FirefoxAccountStateMachine: Processing event 'mozilla.components.service.fxa.manager.Event$Account$Start@bf96c36' for state Idle(accountState=NotAuthenticated). Next state is Active(progressState=Initializing)
10-15 21:38:54.634 19438 19556 D ScanRecord: Not a Multi Manu data
10-15 21:38:54.634 19438 19556 I chatty  : uid=1002(bluetooth) BT Service Call identical 10 lines
10-15 21:38:54.634 19438 19556 D ScanRecord: Not a Multi Manu data
10-15 21:38:54.635  3957  5415 D ConnectivityService: filterNetworkStateForUid() uid: 10169 networkInfo: [type: WIFI[] - WIFI, state: CONNECTED/CONNECTED, reason: (unspecified), extra: "ourhome", failover: false, available: true, roaming: false, metered: false]
10-15 21:38:54.635  3957  5415 D WifiService: getConnectionInfo uid=1000
10-15 21:38:54.636  3957  5415 I chatty  : uid=1000(system) Binder:3957_F identical 1 line
10-15 21:38:54.636  3957  5415 D WifiService: getConnectionInfo uid=1000
10-15 21:38:54.638 19438 19556 D ScanRecord: Not a Multi Manu data
10-15 21:38:54.644 19438 19556 I chatty  : uid=1002(bluetooth) BT Service Call identical 24 lines
10-15 21:38:54.644 19438 19556 D ScanRecord: Not a Multi Manu data
10-15 21:38:54.646  3957  5415 I chatty  : uid=1000(system) Binder:3957_F identical 3 lines
10-15 21:38:54.646  3957  5415 D WifiService: getConnectionInfo uid=1000
10-15 21:38:54.647  3957  5415 D ConnectivityService: filterNetworkStateForUid() uid: 10169 networkInfo: [type: WIFI[] - WIFI, state: CONNECTED/CONNECTED, reason: (unspecified), extra: "ourhome", failover: false, available: true, roaming: false, metered: false]
10-15 21:38:54.647  3957  5415 D WifiService: getConnectionInfo uid=1000
10-15 21:38:54.647 19438 19556 D ScanRecord: Not a Multi Manu data
10-15 21:38:54.647 19438 19556 I chatty  : uid=1002(bluetooth) BT Service Call identical 11 lines
10-15 21:38:54.647 19438 19556 D ScanRecord: Not a Multi Manu data
10-15 21:38:54.648  3957  5414 D ConnectivityService: filterNetworkStateForUid() uid: 10169 networkInfo: [type: WIFI[] - WIFI, state: CONNECTED/CONNECTED, reason: (unspecified), extra: "ourhome", failover: false, available: true, roaming: false, metered: false]
10-15 21:38:54.648  3957  5414 D WifiService: getConnectionInfo uid=1000
10-15 21:38:54.651  3328  3328 W keymaster2_mdfpp: entered get_key_characteristics function.
10-15 21:38:54.653  3328  3328 W keymaster_tee: [WRN]KEY_PARAMS: AES ENC DEC GCM PADNO AUTH SIZE:256 
10-15 21:38:54.653  3328  3328 W keymaster_tee: [WRN]KEY_PARAMS: 20230928203226 
10-15 21:38:54.653  3328  3328 W keymaster2_mdfpp: exit get_key_characteristics function, returned 0
10-15 21:38:54.654 19438 19556 D ScanRecord: Not a Multi Manu data
10-15 21:38:54.655  3957  5415 V WindowManager: Relayout Window{5d4d04a u0 org.mozilla.fenix/org.mozilla.fenix.App}: viewVisibility=0 req=720x1280 WM.LayoutParams{(0,0)(fillxfill) sim=#110 ty=1 fl=#81010100 pfl=0x20000 fmt=-3 wanim=0x7f1404fa vsysui=0x2610 needsMenuKey=2 colorMode=0 naviIconColor=0}
10-15 21:38:54.658 19438 19556 I chatty  : uid=1002(bluetooth) BT Service Call identical 24 lines
10-15 21:38:54.658 19438 19556 D ScanRecord: Not a Multi Manu data
10-15 21:38:54.660  3328  3328 W keymaster2_mdfpp: entered get_key_characteristics function.
10-15 21:38:54.661 26279 26279 D ViewRootImpl@d9fc05[App]: Relayout returned: old=[0,0][720,1280] new=[0,0][720,1280] result=0x3 surface={valid=true 499293073408} changed=false
10-15 21:38:54.662  3328  3328 W keymaster_tee: [WRN]KEY_PARAMS: AES ENC DEC GCM PADNO AUTH SIZE:256 
10-15 21:38:54.662  3328  3328 W keymaster_tee: [WRN]KEY_PARAMS: 20230928203226 
10-15 21:38:54.662  3328  3328 W keymaster2_mdfpp: exit get_key_characteristics function, returned 0
10-15 21:38:54.664 19438 19556 D ScanRecord: Not a Multi Manu data
10-15 21:38:54.670 19438 19556 I chatty  : uid=1002(bluetooth) BT Service Call identical 37 lines
10-15 21:38:54.670 19438 19556 D ScanRecord: Not a Multi Manu data
10-15 21:38:54.680  3599  3918 D DnsProxyListener: DNSDBG::dns addrinfo af 2
10-15 21:38:54.681  3599  3918 D DnsProxyListener: DNSDBG::dns addrinfo af 0
10-15 21:38:54.683 19438 19556 D ScanRecord: Not a Multi Manu data
10-15 21:38:54.683 19438 19556 I chatty  : uid=1002(bluetooth) BT Service Call identical 11 lines
10-15 21:38:54.683 19438 19556 D ScanRecord: Not a Multi Manu data
10-15 21:38:54.688 26235 26235 I BatteryMgr:DataCollectionService: onStartCommand: begin
10-15 21:38:54.689 26235 26235 I BatteryMgr:DataCollectionService: onStartCommand: sampleRate => 100
10-15 21:38:54.689 26235 26235 I BatteryMgr:DataCollectionService: onStartCommand: rawFields => Timestamp,BATTERY_PROPERTY_CURRENT_NOW,EXTRA_VOLTAGE,BATTERY_PROPERTY_CURRENT_AVERAGE,BATTERY_PROPERTY_CHARGE_COUNTER,BATTERY_PROPERTY_CAPACITY
10-15 21:38:54.691  3599  3918 D DnsProxyListener: DNSDBG::dns addrinfo af 0
10-15 21:38:54.692  3599  3918 I chatty  : uid=0(root) /system/bin/netd identical 1 line
10-15 21:38:54.692  3599  3918 D DnsProxyListener: DNSDBG::dns addrinfo af 0
10-15 21:38:54.693  3599  3918 D DnsProxyListener: DNSDBG::dns addrinfo af 2
10-15 21:38:54.694 19438 19556 D ScanRecord: Not a Multi Manu data
10-15 21:38:54.695 19438 19556 I chatty  : uid=1002(bluetooth) BT Service Call identical 11 lines
10-15 21:38:54.695 19438 19556 D ScanRecord: Not a Multi Manu data
10-15 21:38:54.698 26235 26235 I BatteryMgr:DataCollectionService: onStartCommand: notification done
10-15 21:38:54.699 19438 19556 D ScanRecord: Not a Multi Manu data
10-15 21:38:54.701 26235 26235 D Notification: allPendingIntents
10-15 21:38:54.701 19438 19556 I chatty  : uid=1002(bluetooth) BT Service Call expire 16 lines
10-15 21:38:54.701 19438 19556 D ScanRecord: Not a Multi Manu data
10-15 21:38:54.701 19438 19556 D ScanRecord: Not a Multi Manu data
10-15 21:38:54.704 19438 19556 I chatty  : uid=1002(bluetooth) BT Service Call identical 19 lines
10-15 21:38:54.704 19438 19556 D ScanRecord: Not a Multi Manu data
10-15 21:38:54.704  3957  3972 D ApplicationPolicy: isStatusBarNotificationAllowedAsUser: packageName = com.example.batterymanager_utility,userId = 0
10-15 21:38:54.705 19438 19556 D ScanRecord: Not a Multi Manu data
10-15 21:38:54.706 19438 19556 D ScanRecord: Not a Multi Manu data
10-15 21:38:54.706  3957  3972 D API test: getContainerInfo: value is 
10-15 21:38:54.706 19438 19556 D ScanRecord: Not a Multi Manu data
10-15 21:38:54.706 19438 19556 I chatty  : uid=1002(bluetooth) BT Service Call identical 9 lines
10-15 21:38:54.706 19438 19556 D ScanRecord: Not a Multi Manu data
10-15 21:38:54.707  3957  3972 D ApplicationPolicy: isStatusBarNotificationAllowedAsUser: packageName = com.example.batterymanager_utility,userId = 0
10-15 21:38:54.707  3957  3972 D API test: getContainerInfo: value is 
10-15 21:38:54.707 19438 19556 D ScanRecord: Not a Multi Manu data
10-15 21:38:54.707 26235 26235 I BatteryMgr:DataCollectionService: started foreground
10-15 21:38:54.707 19438 19556 I chatty  : uid=1002(bluetooth) BT Service Call expire 4 lines
10-15 21:38:54.707 19438 19556 D ScanRecord: Not a Multi Manu data
10-15 21:38:54.707 19438 19556 D ScanRecord: Not a Multi Manu data
10-15 21:38:54.707 19438 19556 I chatty  : uid=1002(bluetooth) BT Service Call identical 5 lines
10-15 21:38:54.707 19438 19556 D ScanRecord: Not a Multi Manu data
10-15 21:38:54.709 12416 12416 E adbd    : recv: OPEN 00000723 00000000 0042:73 68 65 6C 6C 2C 76 32 2C 54 45 52 4D 3D 78 74 65 72 6D 2D 32 35 36 63 6F 6C 6F 72 2C 72 61 77 3A 67 65 74 70 72 6F 70 20 72 6F 2E 62 75 69 6C 64 2E 76 65 72 73 69 6F 6E 2E 72 65 6C 65 61 73 65 00 
10-15 21:38:54.709 12416 12416 E adbd    : service_to_fd: shell,v2,TERM=xterm-256color,raw:getprop ro.build.version.release
10-15 21:38:54.711 26279 26472 I FirefoxAccount: Registering persistence callback
10-15 21:38:54.712 26279 26472 I FirefoxAccountStateMachine: Ran 'mozilla.components.service.fxa.manager.Event$Account$Start@bf96c36' side-effects for state Active(progressState=Initializing), got successive event mozilla.components.service.fxa.manager.Event$Progress$AccountNotFound@e10246c
10-15 21:38:54.712 26279 26472 I FirefoxAccountStateMachine: Processing event 'mozilla.components.service.fxa.manager.Event$Progress$AccountNotFound@e10246c' for state Active(progressState=Initializing). Next state is Idle(accountState=NotAuthenticated)
10-15 21:38:54.712  3957  5415 V WindowManager: finishDrawingLocked: mDrawState=COMMIT_DRAW_PENDING Window{5d4d04a u0 org.mozilla.fenix/org.mozilla.fenix.App} in Surface(name=org.mozilla.fenix/org.mozilla.fenix.App)
10-15 21:38:54.713 26279 26308 W GeckoEventDispatcher: No listener for GeckoView:PageAction:Update
10-15 21:38:54.713  3957  3957 I AccessibilityManagerService: semOnLightNotification(null), bIsFlashOn : false
10-15 21:38:54.713 26279 26279 D ViewRootImpl@d9fc05[App]: MSG_RESIZED_REPORT: frame=Rect(0, 0 - 720, 1280) ci=Rect(0, 42 - 0, 0) vi=Rect(0, 42 - 0, 0) or=1
10-15 21:38:54.713 26279 26279 D ViewRootImpl@d9fc05[App]: MSG_WINDOW_FOCUS_CHANGED 1
10-15 21:38:54.714  3957  3957 D AccessibilityManagerService: Can't use light notification
10-15 21:38:54.719 19438 19556 D ScanRecord: Not a Multi Manu data
10-15 21:38:54.719 19438 19556 I chatty  : uid=1002(bluetooth) BT Service Call identical 11 lines
10-15 21:38:54.719 19438 19556 D ScanRecord: Not a Multi Manu data
10-15 21:38:54.721  3957  4025 D ViewRootImpl@68b2348[fenix]: dispatchDetachedFromWindow
10-15 21:38:54.721  3957  4025 D InputEventReceiver: channel 'fae25e1 Splash Screen org.mozilla.fenix (client)' ~ Disposing input event receiver.
10-15 21:38:54.721  3957  4025 D InputEventReceiver: channel 'fae25e1 Splash Screen org.mozilla.fenix (client)' ~NativeInputEventReceiver.
10-15 21:38:54.725  3957  3973 D WindowManager: set systemUiVisibility : systemUiFlags= 0x2618 fullscreenStackSysUiFlags= 0x0
10-15 21:38:54.731 19438 19556 D ScanRecord: Not a Multi Manu data
10-15 21:38:54.731 19438 19556 I chatty  : uid=1002(bluetooth) BT Service Call identical 11 lines
10-15 21:38:54.731 19438 19556 D ScanRecord: Not a Multi Manu data
