10-15 22:08:33.059  4340  4340 E SignalClusterView: setSlotFocusVisible : subId -2
10-15 22:08:33.060  4340  4340 E SignalClusterView: setSlotFocusVisible : subId -2
10-15 22:08:33.111 29041 29301 I BatteryMgr:DataCollectionService: stats => 1697400513111,152,4250,148,0,100
10-15 22:08:33.220 29041 29301 I BatteryMgr:DataCollectionService: stats => 1697400513220,152,4250,148,0,100
10-15 22:08:33.331 29041 29301 I BatteryMgr:DataCollectionService: stats => 1697400513331,152,4250,148,0,100
10-15 22:08:33.441 29041 29301 I BatteryMgr:DataCollectionService: stats => 1697400513441,152,4250,148,0,100
10-15 22:08:33.549 29041 29301 I BatteryMgr:DataCollectionService: stats => 1697400513549,152,4250,148,0,100
10-15 22:08:33.659 29041 29301 I BatteryMgr:DataCollectionService: stats => 1697400513659,152,4250,148,0,100
10-15 22:08:33.768 29041 29301 I BatteryMgr:DataCollectionService: stats => 1697400513767,152,4250,148,0,100
10-15 22:08:33.863  3957  4128 D WifiService: getConnectionInfo uid=1000
10-15 22:08:33.880 29041 29301 I BatteryMgr:DataCollectionService: stats => 1697400513880,152,4250,148,0,100
10-15 22:08:33.993 29041 29301 I BatteryMgr:DataCollectionService: stats => 1697400513993,152,4250,148,0,100
10-15 22:08:34.013  3957  4129 D WifiStateMachine:  ConnectedState !RSSI_PKTCNT_FETCH uid=1000 rt=402503162/1062901390 0 0 "ourhome" f4:6d:2f:12:cc:88 rssi=-42 f=5240 sc=60 link=433 tx=0.7, 0.0, 0.0  rx=6.9 bcn=55084 [on:0 tx:0 rx:0 period:957] from screen [on:102094 period:680989] score=60
10-15 22:08:34.015  3957  4129 D WifiStateMachine:  L2ConnectedState !RSSI_PKTCNT_FETCH uid=1000 rt=402503164/1062901392 0 0 "ourhome" f4:6d:2f:12:cc:88 rssi=-42 f=5240 sc=60 link=433 tx=0.7, 0.0, 0.0  rx=6.9 bcn=55084 [on:0 tx:0 rx:0 period:2] from screen [on:102094 period:680991] score=60
10-15 22:08:34.016  3957  4129 D WifiStateMachine: fetchRssiLinkSpeedAndFrequencyNative rssi=-43 linkspeed=433 freq=5240
10-15 22:08:34.103 29041 29301 I BatteryMgr:DataCollectionService: stats => 1697400514103,152,4250,148,0,100
10-15 22:08:34.218 29041 29301 I BatteryMgr:DataCollectionService: stats => 1697400514218,152,4250,148,0,100
10-15 22:08:34.329 29041 29301 I BatteryMgr:DataCollectionService: stats => 1697400514329,152,4250,148,0,100
10-15 22:08:34.439 29041 29301 I BatteryMgr:DataCollectionService: stats => 1697400514439,152,4250,148,0,100
10-15 22:08:34.442  4961  4961 D io_stats: !@ 179,0 r 5249480 162533588 w 1285907 27949788 d 101327 31600740 f 298579 315134 iot 2334504 2064664 th 51200 0 0 pt 0 inp 0 0 402503.591
10-15 22:08:34.551 29041 29301 I BatteryMgr:DataCollectionService: stats => 1697400514551,152,4250,148,0,100
10-15 22:08:34.655 19438 19556 D ScanRecord: Not a Multi Manu data
10-15 22:08:34.655 19438 19556 I chatty  : uid=1002(bluetooth) BT Service Call identical 11 lines
10-15 22:08:34.655 19438 19556 D ScanRecord: Not a Multi Manu data
10-15 22:08:34.662 29041 29301 I BatteryMgr:DataCollectionService: stats => 1697400514662,152,4250,148,0,100
10-15 22:08:34.662 19438 19556 D ScanRecord: Not a Multi Manu data
10-15 22:08:34.766 19438 19556 I chatty  : uid=1002(bluetooth) BT Service Call identical 115 lines
10-15 22:08:34.766 19438 19556 D ScanRecord: Not a Multi Manu data
10-15 22:08:34.769 29041 29301 I BatteryMgr:DataCollectionService: stats => 1697400514769,152,4250,148,0,100
10-15 22:08:34.793 19438 19556 D ScanRecord: Not a Multi Manu data
10-15 22:08:34.817 19438 19556 I chatty  : uid=1002(bluetooth) BT Service Call identical 37 lines
10-15 22:08:34.817 19438 19556 D ScanRecord: Not a Multi Manu data
10-15 22:08:34.867  3957  4128 D WifiService: getConnectionInfo uid=1000
10-15 22:08:34.880 29041 29301 I BatteryMgr:DataCollectionService: stats => 1697400514880,152,4250,148,0,100
10-15 22:08:34.910 19438 19556 D ScanRecord: Not a Multi Manu data
10-15 22:08:34.969  3957  6478 D SSRM:k  : SIOP:: AP = 370, PST = 351 (W:28), BAT = 297, USB = 0, CHG = 0
10-15 22:08:34.983 19438 19556 I chatty  : uid=1002(bluetooth) BT Service Call identical 63 lines
10-15 22:08:34.983 19438 19556 D ScanRecord: Not a Multi Manu data
10-15 22:08:34.996 29041 29301 I BatteryMgr:DataCollectionService: stats => 1697400514996,152,4250,148,0,100
10-15 22:08:34.998 19438 19556 D ScanRecord: Not a Multi Manu data
10-15 22:08:35.017 19438 19556 I chatty  : uid=1002(bluetooth) BT Service Call identical 24 lines
10-15 22:08:35.017 19438 19556 D ScanRecord: Not a Multi Manu data
10-15 22:08:35.017  3957  4129 D WifiStateMachine:  ConnectedState !RSSI_PKTCNT_FETCH uid=1000 rt=402504164/1062902391 0 0 "ourhome" f4:6d:2f:12:cc:88 rssi=-43 f=5240 sc=60 link=433 tx=0.7, 0.0, 0.0  rx=6.9 bcn=55084 [on:0 tx:0 rx:0 period:1001] from screen [on:102094 period:681992] score=60
10-15 22:08:35.020  3957  4129 D WifiStateMachine:  L2ConnectedState !RSSI_PKTCNT_FETCH uid=1000 rt=402504168/1062902396 0 0 "ourhome" f4:6d:2f:12:cc:88 rssi=-43 f=5240 sc=60 link=433 tx=0.7, 0.0, 0.0  rx=6.9 bcn=55084 [on:0 tx:0 rx:0 period:4] from screen [on:102094 period:681996] score=60
10-15 22:08:35.022  3957  4129 D WifiStateMachine: fetchRssiLinkSpeedAndFrequencyNative rssi=-41 linkspeed=433 freq=5240
10-15 22:08:35.039 19438 19556 D ScanRecord: Not a Multi Manu data
10-15 22:08:35.062 19438 19556 I chatty  : uid=1002(bluetooth) BT Service Call identical 24 lines
10-15 22:08:35.062 19438 19556 D ScanRecord: Not a Multi Manu data
10-15 22:08:35.102 29041 29301 I BatteryMgr:DataCollectionService: stats => 1697400515102,152,4250,148,0,100
10-15 22:08:35.110 19438 19556 D ScanRecord: Not a Multi Manu data
10-15 22:08:35.146 19438 19556 I chatty  : uid=1002(bluetooth) BT Service Call identical 50 lines
10-15 22:08:35.146 19438 19556 D ScanRecord: Not a Multi Manu data
10-15 22:08:35.207 29041 29301 I BatteryMgr:DataCollectionService: stats => 1697400515207,152,4250,148,0,100
10-15 22:08:35.314 29041 29301 I BatteryMgr:DataCollectionService: stats => 1697400515314,153,4250,146,0,100
10-15 22:08:35.423 29041 29301 I BatteryMgr:DataCollectionService: stats => 1697400515423,153,4250,146,0,100
10-15 22:08:35.532 29041 29301 I BatteryMgr:DataCollectionService: stats => 1697400515532,153,4250,146,0,100
10-15 22:08:35.640 29041 29301 I BatteryMgr:DataCollectionService: stats => 1697400515640,153,4250,146,0,100
10-15 22:08:35.727  3957 10037 D BatteryService: !@BatteryListener : batteryPropertiesChanged!
10-15 22:08:35.751 29041 29301 I BatteryMgr:DataCollectionService: stats => 1697400515751,153,4250,146,0,100
10-15 22:08:35.860 29041 29301 I BatteryMgr:DataCollectionService: stats => 1697400515860,153,4250,146,0,100
10-15 22:08:35.869  3957  4128 D WifiService: getConnectionInfo uid=1000
10-15 22:08:35.968 29041 29301 I BatteryMgr:DataCollectionService: stats => 1697400515968,153,4250,146,0,100
10-15 22:08:36.016  3957  4129 D WifiStateMachine:  ConnectedState !RSSI_PKTCNT_FETCH uid=1000 rt=402505165/1062903392 0 0 "ourhome" f4:6d:2f:12:cc:88 rssi=-41 f=5240 sc=60 link=433 tx=0.7, 0.0, 0.0  rx=6.9 bcn=55084 [on:0 tx:0 rx:0 period:996] from screen [on:102094 period:682992] score=60
10-15 22:08:36.018  3957  4129 D WifiStateMachine:  L2ConnectedState !RSSI_PKTCNT_FETCH uid=1000 rt=402505167/1062903395 0 0 "ourhome" f4:6d:2f:12:cc:88 rssi=-41 f=5240 sc=60 link=433 tx=0.7, 0.0, 0.0  rx=6.9 bcn=55084 [on:0 tx:0 rx:0 period:2] from screen [on:102094 period:682994] score=60
10-15 22:08:36.024  3957  4129 D WifiStateMachine: fetchRssiLinkSpeedAndFrequencyNative rssi=-41 linkspeed=433 freq=5240
10-15 22:08:36.056  3957  4129 D WifiStateMachine:  ConnectedState !CMD_RSSI_POLL rt=402505205/1062903432 52 0 "ourhome" f4:6d:2f:12:cc:88 rssi=-41 f=5240 sc=60 link=433 tx=0.7, 0.0, 0.0  rx=6.9 bcn=55084 [on:0 tx:0 rx:0 period:38] from screen [on:102094 period:683032] score=60
10-15 22:08:36.058  3957  4129 D WifiStateMachine:  L2ConnectedState !CMD_RSSI_POLL rt=402505207/1062903435 52 0 "ourhome" f4:6d:2f:12:cc:88 rssi=-41 f=5240 sc=60 link=433 tx=0.7, 0.0, 0.0  rx=6.9 bcn=55084 [on:0 tx:0 rx:0 period:1] from screen [on:102094 period:683033] score=60
10-15 22:08:36.058  3957  4129 D WifiStateMachine:  get link layer stats 3
10-15 22:08:36.059  3436  3436 I android.hardware.wifi@1.0-service: getLinkLayerStats
10-15 22:08:36.077 29041 29301 I BatteryMgr:DataCollectionService: stats => 1697400516077,153,4250,146,0,100
10-15 22:08:36.078  3957  4129 D WifiStateMachine: fetchRssiLinkSpeedAndFrequencyNative rssi=-40 linkspeed=433 freq=5240
10-15 22:08:36.083  4340  4340 E SignalClusterView: setSlotFocusVisible : subId -2
10-15 22:08:36.083  4340  4340 E SignalClusterView: setSlotFocusVisible : subId -2
10-15 22:08:36.187 29041 29301 I BatteryMgr:DataCollectionService: stats => 1697400516187,153,4250,146,0,100
10-15 22:08:36.296 29041 29301 I BatteryMgr:DataCollectionService: stats => 1697400516296,153,4250,146,0,100
10-15 22:08:36.403 29041 29301 I BatteryMgr:DataCollectionService: stats => 1697400516403,153,4250,146,0,100
10-15 22:08:36.512 29041 29301 I BatteryMgr:DataCollectionService: stats => 1697400516512,153,4250,146,0,100
10-15 22:08:36.621 29041 29301 I BatteryMgr:DataCollectionService: stats => 1697400516621,153,4250,146,0,100
10-15 22:08:36.731 29041 29301 I BatteryMgr:DataCollectionService: stats => 1697400516731,153,4250,146,0,100
10-15 22:08:36.838 29041 29301 I BatteryMgr:DataCollectionService: stats => 1697400516838,153,4250,146,0,100
10-15 22:08:36.872  3957  4128 D WifiService: getConnectionInfo uid=1000
10-15 22:08:36.947 29041 29301 I BatteryMgr:DataCollectionService: stats => 1697400516947,153,4250,146,0,100
10-15 22:08:37.018  3957  4129 D WifiStateMachine:  ConnectedState !RSSI_PKTCNT_FETCH uid=1000 rt=402506167/1062904395 0 0 "ourhome" f4:6d:2f:12:cc:88 rssi=-40 f=5240 sc=60 link=433 tx=0.2, 0.0, 0.0  rx=6.3 bcn=55112 [on:0 tx:0 rx:0 period:937] from screen [on:102379 period:683994] score=60
10-15 22:08:37.020  3957  4129 D WifiStateMachine:  L2ConnectedState !RSSI_PKTCNT_FETCH uid=1000 rt=402506169/1062904397 0 0 "ourhome" f4:6d:2f:12:cc:88 rssi=-40 f=5240 sc=60 link=433 tx=0.2, 0.0, 0.0  rx=6.3 bcn=55112 [on:0 tx:0 rx:0 period:2] from screen [on:102379 period:683996] score=60
10-15 22:08:37.029  3957  4129 D WifiStateMachine: fetchRssiLinkSpeedAndFrequencyNative rssi=-40 linkspeed=433 freq=5240
10-15 22:08:37.056 29041 29301 I BatteryMgr:DataCollectionService: stats => 1697400517056,153,4250,146,0,100
10-15 22:08:37.165 29041 29301 I BatteryMgr:DataCollectionService: stats => 1697400517165,153,4250,146,0,100
10-15 22:08:37.283 29041 29301 I BatteryMgr:DataCollectionService: stats => 1697400517282,153,4250,146,0,100
10-15 22:08:37.391 29041 29301 I BatteryMgr:DataCollectionService: stats => 1697400517391,153,4250,146,0,100
10-15 22:08:37.503 29041 29301 I BatteryMgr:DataCollectionService: stats => 1697400517503,153,4250,146,0,100
10-15 22:08:37.613 29041 29301 I BatteryMgr:DataCollectionService: stats => 1697400517613,153,4250,146,0,100
10-15 22:08:37.723 29041 29301 I BatteryMgr:DataCollectionService: stats => 1697400517723,153,4250,146,0,100
10-15 22:08:37.832 29041 29301 I BatteryMgr:DataCollectionService: stats => 1697400517832,153,4250,146,0,100
10-15 22:08:37.874  3957  4128 D WifiService: getConnectionInfo uid=1000
10-15 22:08:37.943 29041 29301 I BatteryMgr:DataCollectionService: stats => 1697400517943,153,4250,146,0,100
10-15 22:08:38.019  3957  4129 D WifiStateMachine:  ConnectedState !RSSI_PKTCNT_FETCH uid=1000 rt=402507168/1062905396 0 0 "ourhome" f4:6d:2f:12:cc:88 rssi=-40 f=5240 sc=60 link=433 tx=0.2, 0.0, 0.0  rx=6.3 bcn=55112 [on:0 tx:0 rx:0 period:999] from screen [on:102379 period:684995] score=60
10-15 22:08:38.021  3957  4129 D WifiStateMachine:  L2ConnectedState !RSSI_PKTCNT_FETCH uid=1000 rt=402507170/1062905398 0 0 "ourhome" f4:6d:2f:12:cc:88 rssi=-40 f=5240 sc=60 link=433 tx=0.2, 0.0, 0.0  rx=6.3 bcn=55112 [on:0 tx:0 rx:0 period:2] from screen [on:102379 period:684997] score=60
10-15 22:08:38.024  3957  4129 D WifiStateMachine: fetchRssiLinkSpeedAndFrequencyNative rssi=-40 linkspeed=433 freq=5240
10-15 22:08:38.054 29041 29301 I BatteryMgr:DataCollectionService: stats => 1697400518054,153,4250,146,0,100
10-15 22:08:38.165 29041 29301 I BatteryMgr:DataCollectionService: stats => 1697400518164,153,4250,146,0,100
10-15 22:08:38.275 29041 29301 I BatteryMgr:DataCollectionService: stats => 1697400518275,153,4250,146,0,100
10-15 22:08:38.385 29041 29301 I BatteryMgr:DataCollectionService: stats => 1697400518385,153,4250,146,0,100
10-15 22:08:38.495 29041 29301 I BatteryMgr:DataCollectionService: stats => 1697400518495,153,4250,146,0,100
10-15 22:08:38.605 29041 29301 I BatteryMgr:DataCollectionService: stats => 1697400518605,153,4250,146,0,100
10-15 22:08:38.715 29041 29301 I BatteryMgr:DataCollectionService: stats => 1697400518715,153,4250,146,0,100
10-15 22:08:38.822 29041 29301 I BatteryMgr:DataCollectionService: stats => 1697400518822,153,4250,146,0,100
10-15 22:08:38.876  3957  4128 D WifiService: getConnectionInfo uid=1000
10-15 22:08:38.932 29041 29301 I BatteryMgr:DataCollectionService: stats => 1697400518932,153,4250,146,0,100
10-15 22:08:39.020  3957  4129 D WifiStateMachine:  ConnectedState !RSSI_PKTCNT_FETCH uid=1000 rt=402508169/1062906397 0 0 "ourhome" f4:6d:2f:12:cc:88 rssi=-40 f=5240 sc=60 link=433 tx=0.2, 0.0, 0.0  rx=6.3 bcn=55112 [on:0 tx:0 rx:0 period:999] from screen [on:102379 period:685996] score=60
10-15 22:08:39.022  3957  4129 D WifiStateMachine:  L2ConnectedState !RSSI_PKTCNT_FETCH uid=1000 rt=402508171/1062906399 0 0 "ourhome" f4:6d:2f:12:cc:88 rssi=-40 f=5240 sc=60 link=433 tx=0.2, 0.0, 0.0  rx=6.3 bcn=55112 [on:0 tx:0 rx:0 period:2] from screen [on:102379 period:685998] score=60
10-15 22:08:39.029  3957  4129 D WifiStateMachine: fetchRssiLinkSpeedAndFrequencyNative rssi=-39 linkspeed=433 freq=5240
10-15 22:08:39.042 29041 29301 I BatteryMgr:DataCollectionService: stats => 1697400519042,153,4250,146,0,100
10-15 22:08:39.083  3957  4129 D WifiStateMachine:  ConnectedState !CMD_RSSI_POLL rt=402508231/1062906459 52 0 "ourhome" f4:6d:2f:12:cc:88 rssi=-39 f=5240 sc=60 link=433 tx=0.2, 0.0, 0.0  rx=6.3 bcn=55112 [on:0 tx:0 rx:0 period:60] from screen [on:102379 period:686058] score=60
10-15 22:08:39.084  3957  4129 D WifiStateMachine:  L2ConnectedState !CMD_RSSI_POLL rt=402508234/1062906461 52 0 "ourhome" f4:6d:2f:12:cc:88 rssi=-39 f=5240 sc=60 link=433 tx=0.2, 0.0, 0.0  rx=6.3 bcn=55112 [on:0 tx:0 rx:0 period:2] from screen [on:102379 period:686060] score=60
10-15 22:08:39.084  3957  4129 D WifiStateMachine:  get link layer stats 3
10-15 22:08:39.085  3436  3436 I android.hardware.wifi@1.0-service: getLinkLayerStats
10-15 22:08:39.100  3957  4129 D WifiStateMachine: fetchRssiLinkSpeedAndFrequencyNative rssi=-39 linkspeed=433 freq=5240
10-15 22:08:39.105  4340  4340 E SignalClusterView: setSlotFocusVisible : subId -2
10-15 22:08:39.105  4340  4340 E SignalClusterView: setSlotFocusVisible : subId -2
10-15 22:08:39.152 29041 29301 I BatteryMgr:DataCollectionService: stats => 1697400519152,153,4250,146,0,100
10-15 22:08:39.264 29041 29301 I BatteryMgr:DataCollectionService: stats => 1697400519264,153,4250,146,0,100
10-15 22:08:39.372 29041 29301 I BatteryMgr:DataCollectionService: stats => 1697400519372,153,4250,146,0,100
10-15 22:08:39.445  4961  4961 D io_stats: !@ 179,0 r 5249483 162533616 w 1285913 27949932 d 101328 31600808 f 298580 315135 iot 2334512 2064668 th 51200 0 0 pt 0 inp 0 0 402508.595
10-15 22:08:39.482 29041 29301 I BatteryMgr:DataCollectionService: stats => 1697400519482,153,4250,146,0,100
10-15 22:08:39.591 29041 29301 I BatteryMgr:DataCollectionService: stats => 1697400519591,153,4250,146,0,100
10-15 22:08:39.659 19438 19556 D ScanRecord: Not a Multi Manu data
10-15 22:08:39.677 19438 19556 I chatty  : uid=1002(bluetooth) BT Service Call identical 50 lines
10-15 22:08:39.677 19438 19556 D ScanRecord: Not a Multi Manu data
10-15 22:08:39.700 29041 29301 I BatteryMgr:DataCollectionService: stats => 1697400519700,153,4250,146,0,100
10-15 22:08:39.727 19438 19556 D ScanRecord: Not a Multi Manu data
10-15 22:08:39.793 19438 19556 I chatty  : uid=1002(bluetooth) BT Service Call identical 128 lines
10-15 22:08:39.793 19438 19556 D ScanRecord: Not a Multi Manu data
10-15 22:08:39.808 29041 29301 I BatteryMgr:DataCollectionService: stats => 1697400519808,153,4250,146,0,100
10-15 22:08:39.809 19438 19556 D ScanRecord: Not a Multi Manu data
10-15 22:08:39.879 19438 19556 I chatty  : uid=1002(bluetooth) BT Service Call identical 167 lines
10-15 22:08:39.879 19438 19556 D ScanRecord: Not a Multi Manu data
10-15 22:08:39.879  3957  4128 D WifiService: getConnectionInfo uid=1000
10-15 22:08:39.902 19438 19556 D ScanRecord: Not a Multi Manu data
10-15 22:08:39.903 19438 19556 I chatty  : uid=1002(bluetooth) BT Service Call identical 11 lines
10-15 22:08:39.903 19438 19556 D ScanRecord: Not a Multi Manu data
10-15 22:08:39.917 29041 29301 I BatteryMgr:DataCollectionService: stats => 1697400519917,153,4250,146,0,100
10-15 22:08:39.920 19438 19556 D ScanRecord: Not a Multi Manu data
10-15 22:08:40.022 19438 19556 I chatty  : uid=1002(bluetooth) BT Service Call identical 115 lines
10-15 22:08:40.022 19438 19556 D ScanRecord: Not a Multi Manu data
10-15 22:08:40.024  3957  4129 D WifiStateMachine:  ConnectedState !RSSI_PKTCNT_FETCH uid=1000 rt=402509171/1062907399 0 0 "ourhome" f4:6d:2f:12:cc:88 rssi=-39 f=5240 sc=60 link=433 tx=0.7, 0.0, 0.0  rx=6.1 bcn=55139 [on:0 tx:0 rx:0 period:919] from screen [on:103008 period:686999] score=60
10-15 22:08:40.026 29041 29301 I BatteryMgr:DataCollectionService: stats => 1697400520026,153,4250,146,0,100
10-15 22:08:40.030  3957  4129 D WifiStateMachine:  L2ConnectedState !RSSI_PKTCNT_FETCH uid=1000 rt=402509175/1062907402 0 0 "ourhome" f4:6d:2f:12:cc:88 rssi=-39 f=5240 sc=60 link=433 tx=0.7, 0.0, 0.0  rx=6.1 bcn=55139 [on:0 tx:0 rx:0 period:7] from screen [on:103008 period:687006] score=60
10-15 22:08:40.032  3957  4129 D WifiStateMachine: fetchRssiLinkSpeedAndFrequencyNative rssi=-39 linkspeed=433 freq=5240
10-15 22:08:40.039 19438 19556 D ScanRecord: Not a Multi Manu data
10-15 22:08:40.132 19438 19556 I chatty  : uid=1002(bluetooth) BT Service Call identical 115 lines
10-15 22:08:40.132 19438 19556 D ScanRecord: Not a Multi Manu data
10-15 22:08:40.134 29041 29301 I BatteryMgr:DataCollectionService: stats => 1697400520134,153,4250,146,0,100
10-15 22:08:40.141 19438 19556 D ScanRecord: Not a Multi Manu data
10-15 22:08:40.142 19438 19556 I chatty  : uid=1002(bluetooth) BT Service Call identical 11 lines
10-15 22:08:40.142 19438 19556 D ScanRecord: Not a Multi Manu data
10-15 22:08:40.243 29041 29301 I BatteryMgr:DataCollectionService: stats => 1697400520243,153,4250,146,0,100
10-15 22:08:40.311  3957  4030 D SensorService: [SO] 0.091 -0.096 9.965
10-15 22:08:40.352 29041 29301 I BatteryMgr:DataCollectionService: stats => 1697400520352,153,4250,146,0,100
10-15 22:08:40.460 29041 29301 I BatteryMgr:DataCollectionService: stats => 1697400520460,153,4250,146,0,100
10-15 22:08:40.570 29041 29301 I BatteryMgr:DataCollectionService: stats => 1697400520570,153,4250,146,0,100
10-15 22:08:40.605  4340  4731 D NetworkController.MobileSignalController(0/-2): onSignalStrengthsChanged signalStrength=SignalStrength: 24 99 -24 -200 -24 -200 -1 99 2147483647 2147483647 2147483647 2147483647 0 2147483647 0x4 P gsm|lte level=4
10-15 22:08:40.605  4340  4731 D NetworkController.MobileSignalController(0/-2): getMobileIconGroup(): 0
10-15 22:08:40.677 29041 29301 I BatteryMgr:DataCollectionService: stats => 1697400520677,153,4250,146,0,100
10-15 22:08:40.786 29041 29301 I BatteryMgr:DataCollectionService: stats => 1697400520786,153,4250,146,0,100
10-15 22:08:40.884  3957  4128 D WifiService: getConnectionInfo uid=1000
10-15 22:08:40.896 29041 29301 I BatteryMgr:DataCollectionService: stats => 1697400520896,153,4250,146,0,100
10-15 22:08:41.007 29041 29301 I BatteryMgr:DataCollectionService: stats => 1697400521007,153,4250,146,0,100
10-15 22:08:41.023  3957  4129 D WifiStateMachine:  ConnectedState !RSSI_PKTCNT_FETCH uid=1000 rt=402510173/1062908400 0 0 "ourhome" f4:6d:2f:12:cc:88 rssi=-39 f=5240 sc=60 link=433 tx=0.7, 0.0, 0.0  rx=6.1 bcn=55139 [on:0 tx:0 rx:0 period:993] from screen [on:103008 period:687999] score=60
10-15 22:08:41.026  3957  4129 D WifiStateMachine:  L2ConnectedState !RSSI_PKTCNT_FETCH uid=1000 rt=402510174/1062908402 0 0 "ourhome" f4:6d:2f:12:cc:88 rssi=-39 f=5240 sc=60 link=433 tx=0.7, 0.0, 0.0  rx=6.1 bcn=55139 [on:0 tx:0 rx:0 period:3] from screen [on:103008 period:688002] score=60
10-15 22:08:41.033  3957  4129 D WifiStateMachine: fetchRssiLinkSpeedAndFrequencyNative rssi=-40 linkspeed=433 freq=5240
10-15 22:08:41.116 29041 29301 I BatteryMgr:DataCollectionService: stats => 1697400521116,153,4250,146,0,100
10-15 22:08:41.224 29041 29301 I BatteryMgr:DataCollectionService: stats => 1697400521224,153,4250,146,0,100
10-15 22:08:41.331 29041 29301 I BatteryMgr:DataCollectionService: stats => 1697400521331,153,4250,146,0,100
10-15 22:08:41.437 29041 29301 I BatteryMgr:DataCollectionService: stats => 1697400521437,153,4250,146,0,100
10-15 22:08:41.547 29041 29301 I BatteryMgr:DataCollectionService: stats => 1697400521547,153,4250,146,0,100
10-15 22:08:41.657 29041 29301 I BatteryMgr:DataCollectionService: stats => 1697400521657,153,4250,146,0,100
10-15 22:08:41.774 29041 29301 I BatteryMgr:DataCollectionService: stats => 1697400521774,153,4250,146,0,100
10-15 22:08:41.887 29041 29301 I BatteryMgr:DataCollectionService: stats => 1697400521886,153,4250,146,0,100
10-15 22:08:41.887  3957  4128 D WifiService: getConnectionInfo uid=1000
10-15 22:08:41.995 29041 29301 I BatteryMgr:DataCollectionService: stats => 1697400521995,153,4250,146,0,100
10-15 22:08:42.026  3957  4129 D WifiStateMachine:  ConnectedState !RSSI_PKTCNT_FETCH uid=1000 rt=402511175/1062909403 0 0 "ourhome" f4:6d:2f:12:cc:88 rssi=-40 f=5240 sc=60 link=433 tx=0.7, 0.0, 0.0  rx=6.1 bcn=55139 [on:0 tx:0 rx:0 period:1000] from screen [on:103008 period:689002] score=60
10-15 22:08:42.027  3957  4129 D WifiStateMachine:  L2ConnectedState !RSSI_PKTCNT_FETCH uid=1000 rt=402511177/1062909404 0 0 "ourhome" f4:6d:2f:12:cc:88 rssi=-40 f=5240 sc=60 link=433 tx=0.7, 0.0, 0.0  rx=6.1 bcn=55139 [on:0 tx:0 rx:0 period:1] from screen [on:103008 period:689003] score=60
10-15 22:08:42.034  3957  4129 D WifiStateMachine: fetchRssiLinkSpeedAndFrequencyNative rssi=-40 linkspeed=433 freq=5240
10-15 22:08:42.104 29041 29301 I BatteryMgr:DataCollectionService: stats => 1697400522104,153,4250,146,0,100
10-15 22:08:42.105  3957  4129 D WifiStateMachine:  ConnectedState !CMD_RSSI_POLL rt=402511253/1062909481 52 0 "ourhome" f4:6d:2f:12:cc:88 rssi=-40 f=5240 sc=60 link=433 tx=0.7, 0.0, 0.0  rx=6.1 bcn=55139 [on:0 tx:0 rx:0 period:77] from screen [on:103008 period:689080] score=60
10-15 22:08:42.107  3957  4129 D WifiStateMachine:  L2ConnectedState !CMD_RSSI_POLL rt=402511256/1062909483 52 0 "ourhome" f4:6d:2f:12:cc:88 rssi=-40 f=5240 sc=60 link=433 tx=0.7, 0.0, 0.0  rx=6.1 bcn=55139 [on:0 tx:0 rx:0 period:3] from screen [on:103008 period:689083] score=60
10-15 22:08:42.107  3957  4129 D WifiStateMachine:  get link layer stats 3
10-15 22:08:42.107  3436  3436 I android.hardware.wifi@1.0-service: getLinkLayerStats
10-15 22:08:42.126  3957  4129 D WifiStateMachine: fetchRssiLinkSpeedAndFrequencyNative rssi=-40 linkspeed=433 freq=5240
10-15 22:08:42.130  4340  4340 E SignalClusterView: setSlotFocusVisible : subId -2
10-15 22:08:42.131  4340  4340 E SignalClusterView: setSlotFocusVisible : subId -2
10-15 22:08:42.212 29041 29301 I BatteryMgr:DataCollectionService: stats => 1697400522212,153,4250,146,0,100
10-15 22:08:42.320 29041 29301 I BatteryMgr:DataCollectionService: stats => 1697400522320,153,4250,146,0,100
10-15 22:08:42.433 29041 29301 I BatteryMgr:DataCollectionService: stats => 1697400522433,153,4250,146,0,100
10-15 22:08:42.546 29041 29301 I BatteryMgr:DataCollectionService: stats => 1697400522545,153,4250,146,0,100
10-15 22:08:42.655 29041 29301 I BatteryMgr:DataCollectionService: stats => 1697400522655,153,4250,146,0,100
10-15 22:08:42.763 29041 29301 I BatteryMgr:DataCollectionService: stats => 1697400522763,153,4250,146,0,100
10-15 22:08:42.874 29041 29301 I BatteryMgr:DataCollectionService: stats => 1697400522874,153,4250,146,0,100
10-15 22:08:42.890  3957  4128 D WifiService: getConnectionInfo uid=1000
10-15 22:08:42.985 29041 29301 I BatteryMgr:DataCollectionService: stats => 1697400522985,153,4250,146,0,100
10-15 22:08:43.028  3957  4129 D WifiStateMachine:  ConnectedState !RSSI_PKTCNT_FETCH uid=1000 rt=402512177/1062910405 0 0 "ourhome" f4:6d:2f:12:cc:88 rssi=-40 f=5240 sc=60 link=433 tx=2.2, 0.0, 0.0  rx=6.0 bcn=55165 [on:0 tx:0 rx:0 period:899] from screen [on:103658 period:690004] score=60
10-15 22:08:43.032  3957  4129 D WifiStateMachine:  L2ConnectedState !RSSI_PKTCNT_FETCH uid=1000 rt=402512179/1062910407 0 0 "ourhome" f4:6d:2f:12:cc:88 rssi=-40 f=5240 sc=60 link=433 tx=2.2, 0.0, 0.0  rx=6.0 bcn=55165 [on:0 tx:0 rx:0 period:3] from screen [on:103658 period:690007] score=60
10-15 22:08:43.039  3957  4129 D WifiStateMachine: fetchRssiLinkSpeedAndFrequencyNative rssi=-40 linkspeed=433 freq=5240
10-15 22:08:43.092 29041 29301 I BatteryMgr:DataCollectionService: stats => 1697400523092,153,4250,146,0,100
10-15 22:08:43.202 29041 29301 I BatteryMgr:DataCollectionService: stats => 1697400523202,153,4250,146,0,100
10-15 22:08:43.312 29041 29301 I BatteryMgr:DataCollectionService: stats => 1697400523312,153,4250,146,0,100
10-15 22:08:43.423 29041 29301 I BatteryMgr:DataCollectionService: stats => 1697400523423,153,4250,146,0,100
10-15 22:08:43.531 29041 29301 I BatteryMgr:DataCollectionService: stats => 1697400523531,153,4250,146,0,100
10-15 22:08:43.640 29041 29301 I BatteryMgr:DataCollectionService: stats => 1697400523640,153,4250,146,0,100
10-15 22:08:43.748 29041 29301 I BatteryMgr:DataCollectionService: stats => 1697400523748,153,4250,146,0,100
10-15 22:08:43.864 29041 29301 I BatteryMgr:DataCollectionService: stats => 1697400523864,153,4250,146,0,100
10-15 22:08:43.893  3957  4128 D WifiService: getConnectionInfo uid=1000
10-15 22:08:43.973 29041 29301 I BatteryMgr:DataCollectionService: stats => 1697400523973,153,4250,146,0,100
10-15 22:08:43.973  3957  3980 W StorageManager: getStorageFullBytes DEFAULT_FULL_THRESHOLD_BYTES : 20971520, threadhold : 20971520
10-15 22:08:43.974  3957  3980 W StorageManager: getStorageLowBytes lowPercent : 5, lowBytes : 1260145254, maxLowBytes : 524288000
10-15 22:08:43.974  3957  3980 W DeviceStorageMonitorService: updateBroadcasts(/data) oldLevel:0, newLevel:0, seq:1
10-15 22:08:43.975  3957  3980 W DeviceStorageMonitorService: updateBroadcasts_filenode(/data) fn_oldLevel:0, fn_newLevel:0, seq:1
10-15 22:08:44.030  3957  4129 D WifiStateMachine:  ConnectedState !RSSI_PKTCNT_FETCH uid=1000 rt=402513180/1062911407 0 0 "ourhome" f4:6d:2f:12:cc:88 rssi=-40 f=5240 sc=60 link=433 tx=2.2, 0.0, 0.0  rx=6.0 bcn=55165 [on:0 tx:0 rx:0 period:999] from screen [on:103658 period:691006] score=60
10-15 22:08:44.033  3957  4129 D WifiStateMachine:  L2ConnectedState !RSSI_PKTCNT_FETCH uid=1000 rt=402513182/1062911409 0 0 "ourhome" f4:6d:2f:12:cc:88 rssi=-40 f=5240 sc=60 link=433 tx=2.2, 0.0, 0.0  rx=6.0 bcn=55165 [on:0 tx:0 rx:0 period:2] from screen [on:103658 period:691008] score=60
10-15 22:08:44.040  3957  4129 D WifiStateMachine: fetchRssiLinkSpeedAndFrequencyNative rssi=-40 linkspeed=433 freq=5240
10-15 22:08:44.081 29041 29301 I BatteryMgr:DataCollectionService: stats => 1697400524081,153,4250,146,0,100
10-15 22:08:44.191 29041 29301 I BatteryMgr:DataCollectionService: stats => 1697400524191,153,4250,146,0,100
10-15 22:08:44.300 29041 29301 I BatteryMgr:DataCollectionService: stats => 1697400524300,153,4250,146,0,100
10-15 22:08:44.415 29041 29301 I BatteryMgr:DataCollectionService: stats => 1697400524414,153,4250,146,0,100
10-15 22:08:44.448  4961  4961 D io_stats: !@ 179,0 r 5249489 162533640 w 1285917 27950080 d 101329 31600876 f 298581 315136 iot 2334524 2064677 th 51200 0 0 pt 0 inp 0 0 402513.598
10-15 22:08:44.530 29041 29301 I BatteryMgr:DataCollectionService: stats => 1697400524530,153,4250,146,0,100
10-15 22:08:44.640 29041 29301 I BatteryMgr:DataCollectionService: stats => 1697400524640,153,4250,146,0,100
10-15 22:08:44.665 19438 19556 D ScanRecord: Not a Multi Manu data
10-15 22:08:44.742 19438 19556 I chatty  : uid=1002(bluetooth) BT Service Call identical 219 lines
10-15 22:08:44.742 19438 19556 D ScanRecord: Not a Multi Manu data
10-15 22:08:44.747 29041 29301 I BatteryMgr:DataCollectionService: stats => 1697400524747,153,4250,146,0,100
10-15 22:08:44.753 19438 19556 D ScanRecord: Not a Multi Manu data
10-15 22:08:44.856 19438 19556 I chatty  : uid=1002(bluetooth) BT Service Call identical 128 lines
10-15 22:08:44.856 19438 19556 D ScanRecord: Not a Multi Manu data
10-15 22:08:44.858 29041 29301 I BatteryMgr:DataCollectionService: stats => 1697400524858,153,4250,146,0,100
10-15 22:08:44.858 19438 19556 D ScanRecord: Not a Multi Manu data
10-15 22:08:44.881 19438 19556 I chatty  : uid=1002(bluetooth) BT Service Call identical 89 lines
10-15 22:08:44.881 19438 19556 D ScanRecord: Not a Multi Manu data
10-15 22:08:44.895  3957  4128 D WifiService: getConnectionInfo uid=1000
10-15 22:08:44.898 19438 19556 D ScanRecord: Not a Multi Manu data
10-15 22:08:44.957 19438 19556 I chatty  : uid=1002(bluetooth) BT Service Call identical 50 lines
10-15 22:08:44.957 19438 19556 D ScanRecord: Not a Multi Manu data
10-15 22:08:44.966 29041 29301 I BatteryMgr:DataCollectionService: stats => 1697400524966,153,4250,146,0,100
10-15 22:08:44.975 19438 19556 D ScanRecord: Not a Multi Manu data
10-15 22:08:44.996  3957  6478 D SSRM:k  : SIOP:: AP = 370, PST = 352 (W:28), BAT = 297, USB = 0, CHG = 0
10-15 22:08:45.030 19438 19556 I chatty  : uid=1002(bluetooth) BT Service Call identical 102 lines
10-15 22:08:45.031 19438 19556 D ScanRecord: Not a Multi Manu data
10-15 22:08:45.032  3957  4129 D WifiStateMachine:  ConnectedState !RSSI_PKTCNT_FETCH uid=1000 rt=402514181/1062912408 0 0 "ourhome" f4:6d:2f:12:cc:88 rssi=-40 f=5240 sc=60 link=433 tx=2.2, 0.0, 0.0  rx=6.0 bcn=55165 [on:0 tx:0 rx:0 period:1000] from screen [on:103658 period:692008] score=60
10-15 22:08:45.034  3957  4129 D WifiStateMachine:  L2ConnectedState !RSSI_PKTCNT_FETCH uid=1000 rt=402514183/1062912411 0 0 "ourhome" f4:6d:2f:12:cc:88 rssi=-40 f=5240 sc=60 link=433 tx=2.2, 0.0, 0.0  rx=6.0 bcn=55165 [on:0 tx:0 rx:0 period:2] from screen [on:103658 period:692010] score=60
10-15 22:08:45.036  3957  4129 D WifiStateMachine: fetchRssiLinkSpeedAndFrequencyNative rssi=-43 linkspeed=433 freq=5240
10-15 22:08:45.043 19438 19556 D ScanRecord: Not a Multi Manu data
10-15 22:08:45.069 19438 19556 I chatty  : uid=1002(bluetooth) BT Service Call identical 24 lines
10-15 22:08:45.070 19438 19556 D ScanRecord: Not a Multi Manu data
10-15 22:08:45.073 29041 29301 I BatteryMgr:DataCollectionService: stats => 1697400525073,153,4250,146,0,100
10-15 22:08:45.083 19438 19556 D ScanRecord: Not a Multi Manu data
10-15 22:08:45.121 19438 19556 I chatty  : uid=1002(bluetooth) BT Service Call identical 50 lines
10-15 22:08:45.121 19438 19556 D ScanRecord: Not a Multi Manu data
10-15 22:08:45.128  3957  4129 D WifiStateMachine:  ConnectedState !CMD_RSSI_POLL rt=402514277/1062912505 52 0 "ourhome" f4:6d:2f:12:cc:88 rssi=-43 f=5240 sc=60 link=433 tx=2.2, 0.0, 0.0  rx=6.0 bcn=55165 [on:0 tx:0 rx:0 period:94] from screen [on:103658 period:692104] score=60
10-15 22:08:45.130  3957  4129 D WifiStateMachine:  L2ConnectedState !CMD_RSSI_POLL rt=402514279/1062912507 52 0 "ourhome" f4:6d:2f:12:cc:88 rssi=-43 f=5240 sc=60 link=433 tx=2.2, 0.0, 0.0  rx=6.0 bcn=55165 [on:0 tx:0 rx:0 period:2] from screen [on:103658 period:692106] score=60
10-15 22:08:45.130  3957  4129 D WifiStateMachine:  get link layer stats 3
10-15 22:08:45.131  3436  3436 I android.hardware.wifi@1.0-service: getLinkLayerStats
10-15 22:08:45.136  3957  4129 D WifiStateMachine: fetchRssiLinkSpeedAndFrequencyNative rssi=-42 linkspeed=433 freq=5240
10-15 22:08:45.138 19438 19556 D ScanRecord: Not a Multi Manu data
10-15 22:08:45.139 19438 19556 I chatty  : uid=1002(bluetooth) BT Service Call identical 11 lines
10-15 22:08:45.139 19438 19556 D ScanRecord: Not a Multi Manu data
10-15 22:08:45.140  4340  4340 E SignalClusterView: setSlotFocusVisible : subId -2
10-15 22:08:45.140  4340  4340 E SignalClusterView: setSlotFocusVisible : subId -2
10-15 22:08:45.180 29041 29301 I BatteryMgr:DataCollectionService: stats => 1697400525180,153,4250,146,0,100
10-15 22:08:45.287 29041 29301 I BatteryMgr:DataCollectionService: stats => 1697400525287,153,4250,146,0,100
10-15 22:08:45.399 29041 29301 I BatteryMgr:DataCollectionService: stats => 1697400525398,153,4250,146,0,100
10-15 22:08:45.513 29041 29301 I BatteryMgr:DataCollectionService: stats => 1697400525512,153,4250,146,0,100
10-15 22:08:45.622 29041 29301 I BatteryMgr:DataCollectionService: stats => 1697400525622,153,4250,146,0,100
10-15 22:08:45.730 29041 29301 I BatteryMgr:DataCollectionService: stats => 1697400525730,153,4250,146,0,100
10-15 22:08:45.840 29041 29301 I BatteryMgr:DataCollectionService: stats => 1697400525840,153,4250,149,0,100
10-15 22:08:45.898  3957  4128 D WifiService: getConnectionInfo uid=1000
10-15 22:08:45.947 29041 29301 I BatteryMgr:DataCollectionService: stats => 1697400525947,153,4250,149,0,100
10-15 22:08:46.032  3957  4129 D WifiStateMachine:  ConnectedState !RSSI_PKTCNT_FETCH uid=1000 rt=402515182/1062913409 0 0 "ourhome" f4:6d:2f:12:cc:88 rssi=-42 f=5240 sc=60 link=433 tx=0.8, 0.0, 0.0  rx=15.5 bcn=55193 [on:0 tx:0 rx:0 period:893] from screen [on:103992 period:693008] score=60
10-15 22:08:46.035  3957  4129 D WifiStateMachine:  L2ConnectedState !RSSI_PKTCNT_FETCH uid=1000 rt=402515183/1062913411 0 0 "ourhome" f4:6d:2f:12:cc:88 rssi=-42 f=5240 sc=60 link=433 tx=0.8, 0.0, 0.0  rx=15.5 bcn=55193 [on:0 tx:0 rx:0 period:2] from screen [on:103992 period:693010] score=60
10-15 22:08:46.040  3957  4129 D WifiStateMachine: fetchRssiLinkSpeedAndFrequencyNative rssi=-40 linkspeed=433 freq=5240
10-15 22:08:46.054 29041 29301 I BatteryMgr:DataCollectionService: stats => 1697400526054,153,4250,149,0,100
10-15 22:08:46.162 29041 29301 I BatteryMgr:DataCollectionService: stats => 1697400526162,153,4250,149,0,100
10-15 22:08:46.273 29041 29301 I BatteryMgr:DataCollectionService: stats => 1697400526273,153,4250,149,0,100
10-15 22:08:46.295  3957 10037 D BatteryService: !@BatteryListener : batteryPropertiesChanged!
10-15 22:08:46.385 29041 29301 I BatteryMgr:DataCollectionService: stats => 1697400526385,153,4250,149,0,100
10-15 22:08:46.492 29041 29301 I BatteryMgr:DataCollectionService: stats => 1697400526492,153,4250,149,0,100
10-15 22:08:46.601 29041 29301 I BatteryMgr:DataCollectionService: stats => 1697400526601,153,4250,149,0,100
10-15 22:08:46.710 29041 29301 I BatteryMgr:DataCollectionService: stats => 1697400526710,153,4250,149,0,100
10-15 22:08:46.818 29041 29301 I BatteryMgr:DataCollectionService: stats => 1697400526818,153,4250,149,0,100
10-15 22:08:46.900  3957  4128 D WifiService: getConnectionInfo uid=1000
10-15 22:08:46.941 29041 29301 I BatteryMgr:DataCollectionService: stats => 1697400526941,153,4250,149,0,100
10-15 22:08:47.035  3957  4129 D WifiStateMachine:  ConnectedState !RSSI_PKTCNT_FETCH uid=1000 rt=402516184/1062914411 0 0 "ourhome" f4:6d:2f:12:cc:88 rssi=-40 f=5240 sc=60 link=433 tx=0.8, 0.0, 0.0  rx=15.5 bcn=55193 [on:0 tx:0 rx:0 period:1001] from screen [on:103992 period:694011] score=60
10-15 22:08:47.039  3957  4129 D WifiStateMachine:  L2ConnectedState !RSSI_PKTCNT_FETCH uid=1000 rt=402516186/1062914414 0 0 "ourhome" f4:6d:2f:12:cc:88 rssi=-40 f=5240 sc=60 link=433 tx=0.8, 0.0, 0.0  rx=15.5 bcn=55193 [on:0 tx:0 rx:0 period:4] from screen [on:103992 period:694015] score=60
10-15 22:08:47.047  3957  4129 D WifiStateMachine: fetchRssiLinkSpeedAndFrequencyNative rssi=-40 linkspeed=433 freq=5240
10-15 22:08:47.048 29041 29301 I BatteryMgr:DataCollectionService: stats => 1697400527048,153,4250,149,0,100
10-15 22:08:47.157 29041 29301 I BatteryMgr:DataCollectionService: stats => 1697400527157,153,4250,149,0,100
10-15 22:08:47.268 29041 29301 I BatteryMgr:DataCollectionService: stats => 1697400527268,153,4250,149,0,100
10-15 22:08:47.378 29041 29301 I BatteryMgr:DataCollectionService: stats => 1697400527378,153,4250,149,0,100
10-15 22:08:47.488 29041 29301 I BatteryMgr:DataCollectionService: stats => 1697400527488,153,4250,149,0,100
10-15 22:08:47.600 29041 29301 I BatteryMgr:DataCollectionService: stats => 1697400527600,153,4250,149,0,100
10-15 22:08:47.710 29041 29301 I BatteryMgr:DataCollectionService: stats => 1697400527710,153,4250,149,0,100
10-15 22:08:47.819 29041 29301 I BatteryMgr:DataCollectionService: stats => 1697400527819,153,4250,149,0,100
10-15 22:08:47.903  3957  4128 D WifiService: getConnectionInfo uid=1000
10-15 22:08:47.926 29041 29301 I BatteryMgr:DataCollectionService: stats => 1697400527926,153,4250,149,0,100
10-15 22:08:48.036  3957  4129 D WifiStateMachine:  ConnectedState !RSSI_PKTCNT_FETCH uid=1000 rt=402517185/1062915413 0 0 "ourhome" f4:6d:2f:12:cc:88 rssi=-40 f=5240 sc=60 link=433 tx=0.8, 0.0, 0.0  rx=15.5 bcn=55193 [on:0 tx:0 rx:0 period:997] from screen [on:103992 period:695012] score=60
10-15 22:08:48.037 29041 29301 I BatteryMgr:DataCollectionService: stats => 1697400528037,153,4250,149,0,100
10-15 22:08:48.039  3957  4129 D WifiStateMachine:  L2ConnectedState !RSSI_PKTCNT_FETCH uid=1000 rt=402517187/1062915415 0 0 "ourhome" f4:6d:2f:12:cc:88 rssi=-40 f=5240 sc=60 link=433 tx=0.8, 0.0, 0.0  rx=15.5 bcn=55193 [on:0 tx:0 rx:0 period:3] from screen [on:103992 period:695015] score=60
10-15 22:08:48.046  3957  4129 D WifiStateMachine: fetchRssiLinkSpeedAndFrequencyNative rssi=-40 linkspeed=433 freq=5240
10-15 22:08:48.142  3957  4129 D WifiStateMachine:  ConnectedState !CMD_RSSI_POLL rt=402517289/1062915517 52 0 "ourhome" f4:6d:2f:12:cc:88 rssi=-40 f=5240 sc=60 link=433 tx=0.8, 0.0, 0.0  rx=15.5 bcn=55193 [on:0 tx:0 rx:0 period:102] from screen [on:103992 period:695117] score=60
10-15 22:08:48.144  3957  4129 D WifiStateMachine:  L2ConnectedState !CMD_RSSI_POLL rt=402517293/1062915520 52 0 "ourhome" f4:6d:2f:12:cc:88 rssi=-40 f=5240 sc=60 link=433 tx=0.8, 0.0, 0.0  rx=15.5 bcn=55193 [on:0 tx:0 rx:0 period:3] from screen [on:103992 period:695120] score=60
10-15 22:08:48.144  3957  4129 D WifiStateMachine:  get link layer stats 3
10-15 22:08:48.145  3436  3436 I android.hardware.wifi@1.0-service: getLinkLayerStats
10-15 22:08:48.147 29041 29301 I BatteryMgr:DataCollectionService: stats => 1697400528147,153,4250,149,0,100
10-15 22:08:48.163  3957  4129 D WifiStateMachine: fetchRssiLinkSpeedAndFrequencyNative rssi=-40 linkspeed=433 freq=5240
10-15 22:08:48.169  4340  4340 E SignalClusterView: setSlotFocusVisible : subId -2
10-15 22:08:48.170  4340  4340 E SignalClusterView: setSlotFocusVisible : subId -2
10-15 22:08:48.256 29041 29301 I BatteryMgr:DataCollectionService: stats => 1697400528256,153,4250,149,0,100
10-15 22:08:48.364 29041 29301 I BatteryMgr:DataCollectionService: stats => 1697400528364,153,4250,149,0,100
10-15 22:08:48.472 29041 29301 I BatteryMgr:DataCollectionService: stats => 1697400528472,153,4250,149,0,100
10-15 22:08:48.581 29041 29301 I BatteryMgr:DataCollectionService: stats => 1697400528580,153,4250,149,0,100
10-15 22:08:48.690 29041 29301 I BatteryMgr:DataCollectionService: stats => 1697400528690,153,4250,149,0,100
10-15 22:08:48.803 29041 29301 I BatteryMgr:DataCollectionService: stats => 1697400528803,153,4250,149,0,100
10-15 22:08:48.906  3957  4128 D WifiService: getConnectionInfo uid=1000
10-15 22:08:48.912 29041 29301 I BatteryMgr:DataCollectionService: stats => 1697400528912,153,4250,149,0,100
10-15 22:08:49.021 29041 29301 I BatteryMgr:DataCollectionService: stats => 1697400529021,153,4250,149,0,100
10-15 22:08:49.037  3957  4129 D WifiStateMachine:  ConnectedState !RSSI_PKTCNT_FETCH uid=1000 rt=402518186/1062916414 0 0 "ourhome" f4:6d:2f:12:cc:88 rssi=-40 f=5240 sc=60 link=433 tx=0.3, 0.0, 0.0  rx=7.6 bcn=55218 [on:0 tx:0 rx:0 period:869] from screen [on:104179 period:696013] score=60
10-15 22:08:49.042  3957  4129 D WifiStateMachine:  L2ConnectedState !RSSI_PKTCNT_FETCH uid=1000 rt=402518189/1062916416 0 0 "ourhome" f4:6d:2f:12:cc:88 rssi=-40 f=5240 sc=60 link=433 tx=0.3, 0.0, 0.0  rx=7.6 bcn=55218 [on:0 tx:0 rx:0 period:5] from screen [on:104179 period:696018] score=60
10-15 22:08:49.049  3957  4129 D WifiStateMachine: fetchRssiLinkSpeedAndFrequencyNative rssi=-40 linkspeed=433 freq=5240
10-15 22:08:49.129 29041 29301 I BatteryMgr:DataCollectionService: stats => 1697400529129,153,4250,149,0,100
10-15 22:08:49.239 29041 29301 I BatteryMgr:DataCollectionService: stats => 1697400529239,153,4250,149,0,100
10-15 22:08:49.356 29041 29301 I BatteryMgr:DataCollectionService: stats => 1697400529356,153,4250,149,0,100
10-15 22:08:49.451  4961  4961 D io_stats: !@ 179,0 r 5249493 162533876 w 1285924 27950256 d 101331 31600948 f 298582 315139 iot 2334544 2064688 th 51200 0 0 pt 0 inp 0 0 402518.601
10-15 22:08:49.467 29041 29301 I BatteryMgr:DataCollectionService: stats => 1697400529467,153,4250,149,0,100
10-15 22:08:49.576 29041 29301 I BatteryMgr:DataCollectionService: stats => 1697400529576,153,4250,149,0,100
10-15 22:08:49.658 19438 19556 D ScanRecord: Not a Multi Manu data
10-15 22:08:49.684 19438 19556 I chatty  : uid=1002(bluetooth) BT Service Call identical 88 lines
10-15 22:08:49.686 19438 19556 D ScanRecord: Not a Multi Manu data
10-15 22:08:49.686 29041 29301 I BatteryMgr:DataCollectionService: stats => 1697400529686,153,4250,149,0,100
10-15 22:08:49.686 19438 19556 D ScanRecord: Not a Multi Manu data
10-15 22:08:49.794 19438 19556 I chatty  : uid=1002(bluetooth) BT Service Call identical 155 lines
10-15 22:08:49.794 19438 19556 D ScanRecord: Not a Multi Manu data
10-15 22:08:49.795 29041 29301 I BatteryMgr:DataCollectionService: stats => 1697400529795,153,4250,149,0,100
10-15 22:08:49.810 19438 19556 D ScanRecord: Not a Multi Manu data
10-15 22:08:49.901 19438 19556 I chatty  : uid=1002(bluetooth) BT Service Call identical 128 lines
10-15 22:08:49.901 19438 19556 D ScanRecord: Not a Multi Manu data
10-15 22:08:49.904 29041 29301 I BatteryMgr:DataCollectionService: stats => 1697400529904,153,4250,149,0,100
10-15 22:08:49.909 19438 19556 D ScanRecord: Not a Multi Manu data
10-15 22:08:49.910 19438 19556 I chatty  : uid=1002(bluetooth) BT Service Call identical 11 lines
10-15 22:08:49.910  3957  4128 D WifiService: getConnectionInfo uid=1000
10-15 22:08:49.910 19438 19556 D ScanRecord: Not a Multi Manu data
10-15 22:08:49.920 19438 19556 D ScanRecord: Not a Multi Manu data
10-15 22:08:50.013 19438 19556 I chatty  : uid=1002(bluetooth) BT Service Call identical 128 lines
10-15 22:08:50.013 19438 19556 D ScanRecord: Not a Multi Manu data
10-15 22:08:50.013 29041 29301 I BatteryMgr:DataCollectionService: stats => 1697400530013,153,4250,149,0,100
10-15 22:08:50.027 19438 19556 D ScanRecord: Not a Multi Manu data
10-15 22:08:50.040 19438 19556 I chatty  : uid=1002(bluetooth) BT Service Call identical 48 lines
10-15 22:08:50.040 19438 19556 D ScanRecord: Not a Multi Manu data
10-15 22:08:50.041  3957  4129 D WifiStateMachine:  ConnectedState !RSSI_PKTCNT_FETCH uid=1000 rt=402519188/1062917415 0 0 "ourhome" f4:6d:2f:12:cc:88 rssi=-40 f=5240 sc=60 link=433 tx=0.3, 0.0, 0.0  rx=7.6 bcn=55218 [on:0 tx:0 rx:0 period:998] from screen [on:104179 period:697016] score=60
10-15 22:08:50.041 19438 19556 D ScanRecord: Not a Multi Manu data
10-15 22:08:50.041 19438 19556 D ScanRecord: Not a Multi Manu data
10-15 22:08:50.043  3957  4129 D WifiStateMachine:  L2ConnectedState !RSSI_PKTCNT_FETCH uid=1000 rt=402519192/1062917419 0 0 "ourhome" f4:6d:2f:12:cc:88 rssi=-40 f=5240 sc=60 link=433 tx=0.3, 0.0, 0.0  rx=7.6 bcn=55218 [on:0 tx:0 rx:0 period:3] from screen [on:104179 period:697019] score=60
10-15 22:08:50.045  3957  4129 D WifiStateMachine: fetchRssiLinkSpeedAndFrequencyNative rssi=-41 linkspeed=433 freq=5240
10-15 22:08:50.051 19438 19556 D ScanRecord: Not a Multi Manu data
10-15 22:08:50.124 29041 29301 I BatteryMgr:DataCollectionService: stats => 1697400530124,153,4250,149,0,100
10-15 22:08:50.124 19438 19556 I chatty  : uid=1002(bluetooth) BT Service Call expire 128 lines
10-15 22:08:50.124 19438 19556 D ScanRecord: Not a Multi Manu data
10-15 22:08:50.128 19438 19556 D ScanRecord: Not a Multi Manu data
10-15 22:08:50.141 19438 19556 I chatty  : uid=1002(bluetooth) BT Service Call identical 24 lines
10-15 22:08:50.142 19438 19556 D ScanRecord: Not a Multi Manu data
10-15 22:08:50.232 29041 29301 I BatteryMgr:DataCollectionService: stats => 1697400530232,153,4250,149,0,100
10-15 22:08:50.311  3957  4030 D SensorService: [SO] 0.105 -0.086 9.950
10-15 22:08:50.341 29041 29301 I BatteryMgr:DataCollectionService: stats => 1697400530341,153,4250,149,0,100
10-15 22:08:50.453 29041 29301 I BatteryMgr:DataCollectionService: stats => 1697400530453,153,4250,149,0,100
10-15 22:08:50.561 29041 29301 I BatteryMgr:DataCollectionService: stats => 1697400530561,153,4250,149,0,100
10-15 22:08:50.671 29041 29301 I BatteryMgr:DataCollectionService: stats => 1697400530671,153,4250,149,0,100
10-15 22:08:50.779 29041 29301 I BatteryMgr:DataCollectionService: stats => 1697400530779,153,4250,149,0,100
10-15 22:08:50.865 29084 29319 I SessionStorage/AutoSave: Save: Periodic
10-15 22:08:50.891 29041 29301 I BatteryMgr:DataCollectionService: stats => 1697400530891,153,4250,149,0,100
10-15 22:08:50.914  3957  4128 D WifiService: getConnectionInfo uid=1000
10-15 22:08:50.999 29041 29301 I BatteryMgr:DataCollectionService: stats => 1697400530999,153,4250,149,0,100
10-15 22:08:51.041  3957  4129 D WifiStateMachine:  ConnectedState !RSSI_PKTCNT_FETCH uid=1000 rt=402520188/1062918416 0 0 "ourhome" f4:6d:2f:12:cc:88 rssi=-41 f=5240 sc=60 link=433 tx=0.3, 0.0, 0.0  rx=7.6 bcn=55218 [on:0 tx:0 rx:0 period:997] from screen [on:104179 period:698016] score=60
10-15 22:08:51.044  3957  4129 D WifiStateMachine:  L2ConnectedState !RSSI_PKTCNT_FETCH uid=1000 rt=402520192/1062918420 0 0 "ourhome" f4:6d:2f:12:cc:88 rssi=-41 f=5240 sc=60 link=433 tx=0.3, 0.0, 0.0  rx=7.6 bcn=55218 [on:0 tx:0 rx:0 period:4] from screen [on:104179 period:698020] score=60
10-15 22:08:51.052  3957  4129 D WifiStateMachine: fetchRssiLinkSpeedAndFrequencyNative rssi=-40 linkspeed=433 freq=5240
10-15 22:08:51.108 29041 29301 I BatteryMgr:DataCollectionService: stats => 1697400531108,153,4250,149,0,100
10-15 22:08:51.167  3957  4129 D WifiStateMachine:  ConnectedState !CMD_RSSI_POLL rt=402520316/1062918543 52 0 "ourhome" f4:6d:2f:12:cc:88 rssi=-40 f=5240 sc=60 link=433 tx=0.3, 0.0, 0.0  rx=7.6 bcn=55218 [on:0 tx:0 rx:0 period:123] from screen [on:104179 period:698143] score=60
10-15 22:08:51.170  3957  4129 D WifiStateMachine:  L2ConnectedState !CMD_RSSI_POLL rt=402520318/1062918546 52 0 "ourhome" f4:6d:2f:12:cc:88 rssi=-40 f=5240 sc=60 link=433 tx=0.3, 0.0, 0.0  rx=7.6 bcn=55218 [on:0 tx:0 rx:0 period:3] from screen [on:104179 period:698146] score=60
10-15 22:08:51.170  3957  4129 D WifiStateMachine:  get link layer stats 3
10-15 22:08:51.171  3436  3436 I android.hardware.wifi@1.0-service: getLinkLayerStats
10-15 22:08:51.181  3957  4129 D WifiStateMachine: fetchRssiLinkSpeedAndFrequencyNative rssi=-40 linkspeed=433 freq=5240
10-15 22:08:51.184  4340  4340 E SignalClusterView: setSlotFocusVisible : subId -2
10-15 22:08:51.184  4340  4340 E SignalClusterView: setSlotFocusVisible : subId -2
10-15 22:08:51.217 29041 29301 I BatteryMgr:DataCollectionService: stats => 1697400531217,153,4250,149,0,100
10-15 22:08:51.326 29041 29301 I BatteryMgr:DataCollectionService: stats => 1697400531325,153,4250,149,0,100
10-15 22:08:51.435 29041 29301 I BatteryMgr:DataCollectionService: stats => 1697400531434,153,4250,149,0,100
10-15 22:08:51.544 29041 29301 I BatteryMgr:DataCollectionService: stats => 1697400531544,153,4250,149,0,100
10-15 22:08:51.652 29041 29301 I BatteryMgr:DataCollectionService: stats => 1697400531652,153,4250,149,0,100
10-15 22:08:51.763 29041 29301 I BatteryMgr:DataCollectionService: stats => 1697400531763,153,4250,149,0,100
10-15 22:08:51.869 29041 29301 I BatteryMgr:DataCollectionService: stats => 1697400531869,153,4250,149,0,100
10-15 22:08:51.916  3957  4128 D WifiService: getConnectionInfo uid=1000
10-15 22:08:51.980 29041 29301 I BatteryMgr:DataCollectionService: stats => 1697400531980,153,4250,149,0,100
10-15 22:08:52.042  3957  4129 D WifiStateMachine:  ConnectedState !RSSI_PKTCNT_FETCH uid=1000 rt=402521191/1062919418 0 0 "ourhome" f4:6d:2f:12:cc:88 rssi=-40 f=5240 sc=60 link=433 tx=2.6, 0.0, 0.0  rx=8.5 bcn=55244 [on:0 tx:0 rx:0 period:858] from screen [on:105233 period:699018] score=60
10-15 22:08:52.046  3957  4129 D WifiStateMachine:  L2ConnectedState !RSSI_PKTCNT_FETCH uid=1000 rt=402521193/1062919421 0 0 "ourhome" f4:6d:2f:12:cc:88 rssi=-40 f=5240 sc=60 link=433 tx=2.6, 0.0, 0.0  rx=8.5 bcn=55244 [on:0 tx:0 rx:0 period:4] from screen [on:105233 period:699022] score=60
10-15 22:08:52.052  3957  4129 D WifiStateMachine: fetchRssiLinkSpeedAndFrequencyNative rssi=-41 linkspeed=433 freq=5240
10-15 22:08:52.089 29041 29301 I BatteryMgr:DataCollectionService: stats => 1697400532089,153,4250,149,0,100
10-15 22:08:52.199 29041 29301 I BatteryMgr:DataCollectionService: stats => 1697400532199,153,4250,149,0,100
10-15 22:08:52.308 29041 29301 I BatteryMgr:DataCollectionService: stats => 1697400532308,153,4250,149,0,100
10-15 22:08:52.402  3957  4416 E Watchdog: !@Sync 13412 [2023-10-15 22:08:52.401]
10-15 22:08:52.416 29041 29301 I BatteryMgr:DataCollectionService: stats => 1697400532416,153,4250,149,0,100
10-15 22:08:52.525 29041 29301 I BatteryMgr:DataCollectionService: stats => 1697400532525,153,4250,149,0,100
10-15 22:08:52.633 29041 29301 I BatteryMgr:DataCollectionService: stats => 1697400532633,153,4250,149,0,100
