10-15 21:45:53.696 27197 27414 I libglean_ffi: glean_core::upload: New upload task with id 83f1a904-f5c6-4eae-89ed-a7e69ae3ad0e (path: /submit/org-mozilla-fenix/events/1/83f1a904-f5c6-4eae-89ed-a7e69ae3ad0e)
10-15 21:45:53.697 27356 27389 I GeckoLoader: Library base=/data/app/org.mozilla.fenix-iWpGOrf8cry6RDpwHyQugA==/lib/arm64
10-15 21:45:53.697 27356 27389 E GeckoLibLoad: Load nss start
10-15 21:45:53.697 27356 27389 E GeckoLibLoad: Load nss done
10-15 21:45:53.698 12416 12416 E adbd    : recv: OPEN 0000079f 00000000 0042:73 68 65 6C 6C 2C 76 32 2C 54 45 52 4D 3D 78 74 65 72 6D 2D 32 35 36 63 6F 6C 6F 72 2C 72 61 77 3A 67 65 74 70 72 6F 70 20 72 6F 2E 62 75 69 6C 64 2E 76 65 72 73 69 6F 6E 2E 72 65 6C 65 61 73 65 00 
10-15 21:45:53.698 12416 12416 E adbd    : service_to_fd: shell,v2,TERM=xterm-256color,raw:getprop ro.build.version.release
10-15 21:45:53.698 27356 27389 I GeckoLoader: Library base=/data/app/org.mozilla.fenix-iWpGOrf8cry6RDpwHyQugA==/lib/arm64
10-15 21:45:53.700 27197 27226 W GeckoEventDispatcher: No listener for GeckoView:PageAction:Update
10-15 21:45:53.703 27356 27389 W linker  : "/data/app/org.mozilla.fenix-iWpGOrf8cry6RDpwHyQugA==/lib/arm64/libxul.so" unused DT entry: type 0x8000024 arg 0x539420
10-15 21:45:53.703 27356 27389 W linker  : "/data/app/org.mozilla.fenix-iWpGOrf8cry6RDpwHyQugA==/lib/arm64/libxul.so" unused DT entry: type 0x8000023 arg 0x17d68
10-15 21:45:53.704 27356 27389 W linker  : "/data/app/org.mozilla.fenix-iWpGOrf8cry6RDpwHyQugA==/lib/arm64/libxul.so" unused DT entry: type 0x8000025 arg 0x8
10-15 21:45:53.706 27197 27197 V InputMethodManager: Starting input: tba=android.view.inputmethod.EditorInfo@edd4734 nm : org.mozilla.fenix ic=null
10-15 21:45:53.708  3447  3447 I SurfaceFlinger: Display 0 HWC layers:
10-15 21:45:53.708  3447  3447 I SurfaceFlinger:     type    |    handle    | flag |  format   |   source crop (l,t,r,b)    |         frame       | name 
10-15 21:45:53.708  3447  3447 I SurfaceFlinger: ------------+--------------+------+-----------+----------------------------+---------------------+------
10-15 21:45:53.708  3447  3447 I SurfaceFlinger:      Device | 0x7e9ec21fc0 | 0000 | RGBA_8888 |   0.0    0.0  720.0 1280.0 |    0    0  720 1280 | org.mozilla.fenix/org.mozilla.fenix.App#0
10-15 21:45:53.708  3447  3447 I SurfaceFlinger:      Device | 0x7e9ec22380 | 0000 | RGBA_8888 |   0.0    0.0  720.0 1280.0 |    0    0  720 1280 | Splash Screen org.mozilla.fenix#0
10-15 21:45:53.708  3447  3447 I SurfaceFlinger:      Device | 0x7ea50249c0 | 0000 | RGBA_8888 |   0.0    0.0  720.0   42.0 |    0    0  720   42 | StatusBar#0
10-15 21:45:53.708  3447  3447 I SurfaceFlinger: 
10-15 21:45:53.710 27152 27419 I BatteryMgr:DataCollectionService: collectData: begin
10-15 21:45:53.717 27152 27419 I BatteryMgr:DataCollectionService: stats => 1697399153717,-129,4250,-150,0,100
10-15 21:45:53.719  3957  3957 D AudioService: getStreamVolume 5 index 110
10-15 21:45:53.721  3957  5413 D Notification: allPendingIntents
10-15 21:45:53.722  3957  5413 D Notification: allPendingIntents
10-15 21:45:53.726  4340  4340 D StatusBar: addNotification key=0|com.example.batterymanager_utility|1|null|10170 fullscreen:false
10-15 21:45:53.731 27356 27389 E GeckoLibLoad: Loaded libs in 32.754731ms total, 8ms(12ms) user, 20ms(20ms) system, 0(0) faults
10-15 21:45:53.731 27356 27389 W GeckoThread: zerdatime 1061541109 - runGecko
10-15 21:45:53.771 27197 27197 D skia    : approximate: numPoints=40, lengths[39]=620.200073, totalLength=620.200073, segmentPoints[39]=[422.600037,0.000000]
10-15 21:45:53.771 27197 27197 D skia    : approximate: approximation[117]=1.000000, approximation[118]=422.600037, approximation[119]=0.000000
10-15 21:45:53.772 27197 27197 D skia    : approximate: numPoints=4, lengths[3]=3.448155, totalLength=3.448155, segmentPoints[3]=[3.000000,0.100000]
10-15 21:45:53.772 27197 27197 D skia    : approximate: approximation[9]=1.000000, approximation[10]=3.000000, approximation[11]=0.100000
10-15 21:45:53.774 27197 27197 D skia    : approximate: numPoints=37, lengths[36]=722.199951, totalLength=722.199951, segmentPoints[36]=[199.600006,0.000000]
10-15 21:45:53.774 27197 27197 D skia    : approximate: approximation[108]=1.000000, approximation[109]=199.600006, approximation[110]=0.000000
10-15 21:45:53.774 27197 27197 D skia    : approximate: numPoints=3, lengths[2]=2.472497, totalLength=2.472497, segmentPoints[2]=[2.000000,0.100000]
10-15 21:45:53.774 27197 27197 D skia    : approximate: approximation[6]=1.000000, approximation[7]=2.000000, approximation[8]=0.100000
10-15 21:45:53.782 27197 27197 V InputMethodManager: Starting input: tba=android.view.inputmethod.EditorInfo@791295c nm : org.mozilla.fenix ic=null
10-15 21:45:53.782 27197 27197 I InputMethodManager: startInputInner - mService.startInputOrWindowGainedFocus
10-15 21:45:53.782  3957  4460 D InputMethodManagerService: startInputOrWindowGainedFocus : startInput 
10-15 21:45:53.783  3957  4460 D InputMethodManagerService: setCurrentInputInfo - inputContext : null eidtorInfo : android.view.inputmethod.EditorInfo@dd0e78b missingMethods : 0
10-15 21:45:53.783 19735 19735 I InputMethodWrapper:  call dispatchStartInputWithToken
10-15 21:45:53.783 19735 19735 I InputMethodService: dispatchStartInputWithToken
10-15 21:45:53.783 19735 19735 I SKBD    : SamsungKeypad [IMI] onStartInput - caller pid : 27197, caller uid : 10169
10-15 21:45:53.791 12416 12416 E adbd    : recv: OPEN 000007a3 00000000 003e:73 68 65 6C 6C 2C 76 32 2C 54 45 52 4D 3D 78 74 65 72 6D 2D 32 35 36 63 6F 6C 6F 72 2C 72 61 77 3A 67 65 74 70 72 6F 70 20 72 6F 2E 62 75 69 6C 64 2E 76 65 72 73 69 6F 6E 2E 73 64 6B 00 
10-15 21:45:53.791 12416 12416 E adbd    : service_to_fd: shell,v2,TERM=xterm-256color,raw:getprop ro.build.version.sdk
10-15 21:45:53.793  3599  3918 D DnsProxyListener: DNSDBG::dns addrinfo af 0
10-15 21:45:53.833 27152 27419 I BatteryMgr:DataCollectionService: stats => 1697399153833,-129,4250,-150,0,100
10-15 21:45:53.837  3957  4025 I WindowManager: Destroying surface Surface(name=Splash Screen org.mozilla.fenix) called by com.android.server.wm.WindowStateAnimator.destroySurface:2501 com.android.server.wm.WindowStateAnimator.destroySurfaceLocked:985 com.android.server.wm.WindowState.destroyOrSaveSurfaceUnchecked:3670 com.android.server.wm.WindowState.destroySurface:3618 com.android.server.wm.AppWindowToken.destroySurfaces:722 com.android.server.wm.AppWindowToken.destroySurfaces:706 com.android.server.wm.WindowState.onExitAnimationDone:5316 com.android.server.wm.WindowStateAnimator.stepAnimationLocked:550 
10-15 21:45:53.837  3447  5168 I SurfaceFlinger: id=1688 Removed Splash Screen org.mozilla.fenix#0 (4/5)
10-15 21:45:53.840  3447  3447 I SurfaceFlinger: Display 0 HWC layers:
10-15 21:45:53.840  3447  3447 I SurfaceFlinger:     type    |    handle    | flag |  format   |   source crop (l,t,r,b)    |         frame       | name 
10-15 21:45:53.840  3447  3447 I SurfaceFlinger: ------------+--------------+------+-----------+----------------------------+---------------------+------
10-15 21:45:53.840  3447  3447 I SurfaceFlinger:      Device | 0x7e9ec21fc0 | 0000 | RGBA_8888 |   0.0    0.0  720.0 1280.0 |    0    0  720 1280 | org.mozilla.fenix/org.mozilla.fenix.App#0
10-15 21:45:53.840  3447  3447 I SurfaceFlinger:      Device | 0x7ea50249c0 | 0000 | RGBA_8888 |   0.0    0.0  720.0   42.0 |    0    0  720   42 | StatusBar#0
10-15 21:45:53.840  3447  3447 I SurfaceFlinger: 
10-15 21:45:53.845  3447 18688 I SurfaceFlinger: id=1688 Removed Splash Screen org.mozilla.fenix#0 (-2/5)
10-15 21:45:53.850 27356 27389 W AudioCapabilities: Unsupported mime audio/mpeg-L1
10-15 21:45:53.851 27356 27389 W AudioCapabilities: Unsupported mime audio/mpeg-L2
10-15 21:45:53.853  3447  3447 I Layer   : id=1688 onRemoved Splash Screen org.mozilla.fenix#0 
10-15 21:45:53.857 27356 27389 W AudioCapabilities: Unsupported mime audio/x-ms-wma
10-15 21:45:53.858 27356 27389 W AudioCapabilities: Unsupported mime audio/x-ima
10-15 21:45:53.865  4340  4340 D KeyguardUpdateMonitor: handleStatusBarState( false )
10-15 21:45:53.867 27356 27389 W VideoCapabilities: Unrecognized profile 2130706433 for video/avc
10-15 21:45:53.867 27356 27389 W VideoCapabilities: Unrecognized profile 2130706434 for video/avc
10-15 21:45:53.876 27356 27389 W VideoCapabilities: Unrecognized profile 2130706433 for video/avc
10-15 21:45:53.876 27356 27389 W VideoCapabilities: Unrecognized profile 2130706434 for video/avc
10-15 21:45:53.893 27356 27389 W VideoCapabilities: Unrecognized profile 2130706433 for video/avc
10-15 21:45:53.893 27356 27389 W VideoCapabilities: Unrecognized profile 2130706434 for video/avc
10-15 21:45:53.896 27356 27389 W VideoCapabilities: Unsupported mime video/avc-wfd
10-15 21:45:53.927 27356 27389 I VideoCapabilities: Unsupported profile 4 for video/mp4v-es
10-15 21:45:53.935  3957 12585 V WindowManager: Relayout Window{c430bd9 u0 org.mozilla.fenix/org.mozilla.fenix.App}: viewVisibility=0 req=720x1280 WM.LayoutParams{(0,0)(fillxfill) sim=#10 ty=1 fl=#81010100 pfl=0x20000 fmt=-3 wanim=0x7f1404fa vsysui=0x2610 needsMenuKey=2 colorMode=0 naviIconColor=0}
10-15 21:45:53.940 27197 27197 D ViewRootImpl@26dab7c[App]: Relayout returned: old=[0,0][720,1280] new=[0,0][720,1280] result=0x1 surface={valid=true 499300528128} changed=false
10-15 21:45:53.942 27152 27419 I BatteryMgr:DataCollectionService: stats => 1697399153942,-129,4250,-150,0,100
10-15 21:45:53.947 27356 27389 W VideoCapabilities: Unrecognized profile/level 1/32 for video/mp4v-es
10-15 21:45:53.947 27356 27389 W VideoCapabilities: Unrecognized profile/level 32768/2 for video/mp4v-es
10-15 21:45:53.947 27356 27389 W VideoCapabilities: Unrecognized profile/level 32768/64 for video/mp4v-es
10-15 21:45:53.951 27356 27389 W VideoCapabilities: Unsupported mime video/wvc1
10-15 21:45:53.952 27356 27389 W VideoCapabilities: Unsupported mime video/x-ms-wmv
10-15 21:45:53.955 27356 27389 W VideoCapabilities: Unsupported mime video/x-ms-wmv7
10-15 21:45:53.961 27356 27389 W VideoCapabilities: Unsupported mime video/x-ms-wmv8
10-15 21:45:53.963 27356 27389 W VideoCapabilities: Unsupported mime video/mp43
10-15 21:45:53.966 18970 19557 I FontLog : (REDACTED) Received query %s, URI %s
10-15 21:45:53.969 18970 19557 I FontLog : (REDACTED) Query [%s] resolved to %s
10-15 21:45:53.975 27356 27389 W AudioCapabilities: Unsupported mime audio/mpeg-L1
10-15 21:45:53.975 27356 27389 W AudioCapabilities: Unsupported mime audio/mpeg-L2
10-15 21:45:53.975 27356 27389 W AudioCapabilities: Unsupported mime audio/x-ms-wma
10-15 21:45:53.975 27356 27389 W AudioCapabilities: Unsupported mime audio/x-ima
10-15 21:45:53.978 27356 27389 W VideoCapabilities: Unrecognized profile 2130706433 for video/avc
10-15 21:45:53.978 27356 27389 W VideoCapabilities: Unrecognized profile 2130706434 for video/avc
10-15 21:45:53.983 27356 27389 W VideoCapabilities: Unrecognized profile/level 1/32 for video/mp4v-es
10-15 21:45:53.983 27356 27389 W VideoCapabilities: Unrecognized profile/level 32768/2 for video/mp4v-es
10-15 21:45:53.983 27356 27389 W VideoCapabilities: Unrecognized profile/level 32768/64 for video/mp4v-es
10-15 21:45:53.984 27356 27389 W VideoCapabilities: Unsupported mime video/wvc1
10-15 21:45:53.985 27356 27389 W VideoCapabilities: Unsupported mime video/x-ms-wmv
10-15 21:45:53.985 27356 27389 W VideoCapabilities: Unsupported mime video/x-ms-wmv7
10-15 21:45:53.986 27356 27389 W VideoCapabilities: Unsupported mime video/x-ms-wmv8
10-15 21:45:53.986 27356 27389 W VideoCapabilities: Unsupported mime video/mp43
10-15 21:45:53.988 18970 19557 I FontLog : (REDACTED) Fetch %s end status %s
10-15 21:45:53.998 18970 19557 I FontLog : (REDACTED) Pulling font file for id = %d, cache size = %d
10-15 21:45:53.999  3957  4460 V WindowManager: rotationForOrientationLw(orient=2, last=0); user=0  sensorRotation=-1 mLidState=-1 mDockMode=0 mHdmiPlugged=false
10-15 21:45:54.006 27197 27197 I DefaultSupportedAddonsChecker: Unregister check for new supported add-ons
10-15 21:45:54.007 18970 19557 I FontLog : (REDACTED) Pulling font file for id = %d, cache size = %d
10-15 21:45:54.015  3957  5413 V WindowManager: Relayout Window{c430bd9 u0 org.mozilla.fenix/org.mozilla.fenix.App}: viewVisibility=0 req=720x1280 WM.LayoutParams{(0,0)(fillxfill) sim=#10 ty=1 fl=#81010100 pfl=0x20000 fmt=-3 wanim=0x7f1404fa vsysui=0x2610 needsMenuKey=2 colorMode=0 naviIconColor=0}
10-15 21:45:54.020 27197 27197 D ViewRootImpl@26dab7c[App]: Relayout returned: old=[0,0][720,1280] new=[0,0][720,1280] result=0x1 surface={valid=true 499300528128} changed=false
10-15 21:45:54.031 27197 27197 I WebExtension: releasePendingMessages: extension=webcompat-reporter@mozilla.org nativeApp=mozacWebcompatReporter session=null
10-15 21:45:54.041 27197 27197 I WebExtension: releasePendingMessages: extension=fxa@mozac.org nativeApp=mozacWebchannelBackground session=null
10-15 21:45:54.049  3957  4129 D WifiStateMachine:  ConnectedState !RSSI_PKTCNT_FETCH uid=1000 rt=401143198/1061541426 0 0 "ourhome" f4:6d:2f:12:cc:88 rssi=-39 f=5240 sc=60 link=433 tx=0.1, 0.0, 0.0  rx=3.5 bcn=42555 [on:0 tx:0 rx:0 period:1000] from screen [on:-3047802 period:4708899] score=60
10-15 21:45:54.050  3957  4129 D WifiStateMachine:  L2ConnectedState !RSSI_PKTCNT_FETCH uid=1000 rt=401143200/1061541428 0 0 "ourhome" f4:6d:2f:12:cc:88 rssi=-39 f=5240 sc=60 link=433 tx=0.1, 0.0, 0.0  rx=3.5 bcn=42555 [on:0 tx:0 rx:0 period:1] from screen [on:-3047802 period:4708900] score=60
10-15 21:45:54.051 27152 27419 I BatteryMgr:DataCollectionService: stats => 1697399154050,-129,4250,-150,0,100
10-15 21:45:54.052  3957  4129 D WifiStateMachine: fetchRssiLinkSpeedAndFrequencyNative rssi=-42 linkspeed=433 freq=5240
10-15 21:45:54.100 27197 27197 I WebExtension: releasePendingMessages: extension=icons@mozac.org nativeApp=MozacBrowserIcons session=org.mozilla.geckoview.GeckoSession@370146e
10-15 21:45:54.111 27197 27197 I WebExtension: releasePendingMessages: extension=fxa@mozac.org nativeApp=mozacWebchannel session=org.mozilla.geckoview.GeckoSession@370146e
10-15 21:45:54.119 27197 27197 I SessionPrioritizationMiddleware: Update the currentSelectedTab dedcbbbf-2255-4450-82a7-d17516b4b0f6 priority to HIGH
10-15 21:45:54.119 27197 27197 I WebExtension: releasePendingMessages: extension=ads@mozac.org nativeApp=MozacBrowserAdsMessage session=org.mozilla.geckoview.GeckoSession@370146e
10-15 21:45:54.120 27197 27197 I WebExtension: releasePendingMessages: extension=cookies@mozac.org nativeApp=MozacBrowserSearchMessage session=org.mozilla.geckoview.GeckoSession@370146e
10-15 21:45:54.123 27197 27197 I WebExtension: releasePendingMessages: extension=readerview@mozac.org nativeApp=mozacReaderview session=org.mozilla.geckoview.GeckoSession@370146e
10-15 21:45:54.124 27197 27197 I WebExtension: releasePendingMessages: extension=readerview@mozac.org nativeApp=mozacReaderviewActive session=org.mozilla.geckoview.GeckoSession@370146e
10-15 21:45:54.124 27197 27197 I WebExtension: releasePendingMessages: extension=readerview@mozac.org nativeApp=mozacReaderview session=org.mozilla.geckoview.GeckoSession@370146e
10-15 21:45:54.130 27197 27208 I zygote64: Background concurrent copying GC freed 31141(2MB) AllocSpace objects, 13(260KB) LOS objects, 50% free, 4MB/8MB, paused 2.958ms total 113.734ms
10-15 21:45:54.133 27197 27226 W ResourceType: Too many attribute references, stopped at: 0x01010099
10-15 21:45:54.150  3957  3972 D ApplicationPolicy: isStatusBarNotificationAllowedAsUser: packageName = android,userId = 0
10-15 21:45:54.150  3957  3972 D API test: getContainerInfo: value is 
10-15 21:45:54.150  3957  3972 D ApplicationPolicy: isStatusBarNotificationAllowedAsUser: packageName = android,userId = 0
10-15 21:45:54.150  3957  3972 D API test: getContainerInfo: value is 
10-15 21:45:54.150  3957  3972 E NotificationService: Suppressing notification from package by user request.
10-15 21:45:54.153 27197 27414 I libglean_ffi: glean_core::upload: Ping 83f1a904-f5c6-4eae-89ed-a7e69ae3ad0e successfully sent 200.
10-15 21:45:54.156 27197 27414 I libglean_ffi: glean_core::upload::directory: File was deleted /data/user/0/org.mozilla.fenix/glean_data/pending_pings/83f1a904-f5c6-4eae-89ed-a7e69ae3ad0e
10-15 21:45:54.158 27197 27414 I libglean_ffi: glean_core::upload: New upload task with id b0c72ece-8c49-4e80-8246-b044f899c7fb (path: /submit/org-mozilla-fenix/baseline/1/b0c72ece-8c49-4e80-8246-b044f899c7fb)
10-15 21:45:54.159 27152 27419 I BatteryMgr:DataCollectionService: stats => 1697399154159,-129,4250,-150,0,100
10-15 21:45:54.202 27277 27311 W linker  : "/data/app/org.mozilla.fenix-iWpGOrf8cry6RDpwHyQugA==/lib/arm64/libmozglue.so" unused DT entry: type 0x8000024 arg 0x38f70
10-15 21:45:54.202 27277 27311 W linker  : "/data/app/org.mozilla.fenix-iWpGOrf8cry6RDpwHyQugA==/lib/arm64/libmozglue.so" unused DT entry: type 0x8000023 arg 0x1f8
10-15 21:45:54.202 27277 27311 W linker  : "/data/app/org.mozilla.fenix-iWpGOrf8cry6RDpwHyQugA==/lib/arm64/libmozglue.so" unused DT entry: type 0x8000025 arg 0x8
10-15 21:45:54.204 27277 27311 I GeckoLoader: Library base=/data/app/org.mozilla.fenix-iWpGOrf8cry6RDpwHyQugA==/lib/arm64
10-15 21:45:54.204 27277 27311 I GeckoLoader: Library base=/data/app/org.mozilla.fenix-iWpGOrf8cry6RDpwHyQugA==/lib/arm64
10-15 21:45:54.205 27277 27311 E GeckoLibLoad: Load sqlite start
10-15 21:45:54.206 27277 27311 W linker  : "/data/app/org.mozilla.fenix-iWpGOrf8cry6RDpwHyQugA==/lib/arm64/libnss3.so" unused DT entry: type 0x8000024 arg 0x14998
10-15 21:45:54.207 27277 27311 W linker  : "/data/app/org.mozilla.fenix-iWpGOrf8cry6RDpwHyQugA==/lib/arm64/libnss3.so" unused DT entry: type 0x8000023 arg 0x5c8
10-15 21:45:54.207 27277 27311 W linker  : "/data/app/org.mozilla.fenix-iWpGOrf8cry6RDpwHyQugA==/lib/arm64/libnss3.so" unused DT entry: type 0x8000025 arg 0x8
10-15 21:45:54.208 27277 27311 E GeckoLibLoad: Load sqlite done
10-15 21:45:54.208 27277 27311 I GeckoLoader: Library base=/data/app/org.mozilla.fenix-iWpGOrf8cry6RDpwHyQugA==/lib/arm64
10-15 21:45:54.209 27277 27311 E GeckoLibLoad: Load nss start
10-15 21:45:54.209 27277 27311 E GeckoLibLoad: Load nss done
10-15 21:45:54.209 27277 27311 I GeckoLoader: Library base=/data/app/org.mozilla.fenix-iWpGOrf8cry6RDpwHyQugA==/lib/arm64
10-15 21:45:54.209 27197 27226 W AudioCapabilities: Unsupported mime audio/mpeg-L1
10-15 21:45:54.210 27197 27226 W AudioCapabilities: Unsupported mime audio/mpeg-L2
10-15 21:45:54.211 27197 27226 W AudioCapabilities: Unsupported mime audio/x-ms-wma
10-15 21:45:54.211 27197 27226 W AudioCapabilities: Unsupported mime audio/x-ima
10-15 21:45:54.212 27277 27311 W linker  : "/data/app/org.mozilla.fenix-iWpGOrf8cry6RDpwHyQugA==/lib/arm64/libxul.so" unused DT entry: type 0x8000024 arg 0x539420
10-15 21:45:54.212 27277 27311 W linker  : "/data/app/org.mozilla.fenix-iWpGOrf8cry6RDpwHyQugA==/lib/arm64/libxul.so" unused DT entry: type 0x8000023 arg 0x17d68
10-15 21:45:54.212 27277 27311 W linker  : "/data/app/org.mozilla.fenix-iWpGOrf8cry6RDpwHyQugA==/lib/arm64/libxul.so" unused DT entry: type 0x8000025 arg 0x8
10-15 21:45:54.216 27197 27226 W VideoCapabilities: Unrecognized profile 2130706433 for video/avc
10-15 21:45:54.216 27197 27226 W VideoCapabilities: Unrecognized profile 2130706434 for video/avc
10-15 21:45:54.218 27197 27226 W VideoCapabilities: Unrecognized profile 2130706433 for video/avc
10-15 21:45:54.218 27197 27226 W VideoCapabilities: Unrecognized profile 2130706434 for video/avc
10-15 21:45:54.231 27197 27226 W VideoCapabilities: Unrecognized profile 2130706433 for video/avc
10-15 21:45:54.231 27197 27226 W VideoCapabilities: Unrecognized profile 2130706434 for video/avc
10-15 21:45:54.233 27277 27311 E GeckoLibLoad: Loaded libs in 23.541769ms total, 20ms(24ms) user, 0ms(0ms) system, 0(0) faults
10-15 21:45:54.233 27277 27311 W GeckoThread: zerdatime 1061541611 - runGecko
10-15 21:45:54.234 27197 27226 W VideoCapabilities: Unsupported mime video/avc-wfd
10-15 21:45:54.246  3957  3957 D PreBindingService: handleMessage : 1
10-15 21:45:54.249  3957  4128 D WifiService: getConnectionInfo uid=1000
10-15 21:45:54.255 27197 27226 I VideoCapabilities: Unsupported profile 4 for video/mp4v-es
10-15 21:45:54.266 27152 27419 I BatteryMgr:DataCollectionService: stats => 1697399154265,-129,4250,-150,0,100
10-15 21:45:54.276 27197 27226 W VideoCapabilities: Unrecognized profile/level 1/32 for video/mp4v-es
10-15 21:45:54.276  3957  3957 D CustomFrequencyManagerService: releaseDVFSLockLocked : Getting Lock type frm List : DVFS_MIN_LIMIT  frequency : 1560000  uid : 1000  pid : 3957  tag : AMS_RESUME_TAIL@CPU_MIN@58
10-15 21:45:54.276 27197 27226 W VideoCapabilities: Unrecognized profile/level 32768/2 for video/mp4v-es
10-15 21:45:54.276 27197 27226 W VideoCapabilities: Unrecognized profile/level 32768/64 for video/mp4v-es
10-15 21:45:54.277 27197 27226 W VideoCapabilities: Unsupported mime video/wvc1
10-15 21:45:54.278 27197 27226 W VideoCapabilities: Unsupported mime video/x-ms-wmv
10-15 21:45:54.279 27197 27226 W VideoCapabilities: Unsupported mime video/x-ms-wmv7
10-15 21:45:54.281 27197 27226 W VideoCapabilities: Unsupported mime video/x-ms-wmv8
10-15 21:45:54.282 27197 27226 W VideoCapabilities: Unsupported mime video/mp43
10-15 21:45:54.287 27197 27226 W AudioCapabilities: Unsupported mime audio/mpeg-L1
10-15 21:45:54.288 27197 27226 W AudioCapabilities: Unsupported mime audio/mpeg-L2
10-15 21:45:54.288 27197 27226 W AudioCapabilities: Unsupported mime audio/x-ms-wma
10-15 21:45:54.288 27197 27226 W AudioCapabilities: Unsupported mime audio/x-ima
10-15 21:45:54.288 27197 27226 W VideoCapabilities: Unrecognized profile 2130706433 for video/avc
10-15 21:45:54.289 27197 27226 W VideoCapabilities: Unrecognized profile 2130706434 for video/avc
10-15 21:45:54.291 27197 27226 W VideoCapabilities: Unrecognized profile/level 1/32 for video/mp4v-es
10-15 21:45:54.291 27197 27226 W VideoCapabilities: Unrecognized profile/level 32768/2 for video/mp4v-es
10-15 21:45:54.291 27197 27226 W VideoCapabilities: Unrecognized profile/level 32768/64 for video/mp4v-es
10-15 21:45:54.292 27197 27226 W VideoCapabilities: Unsupported mime video/wvc1
10-15 21:45:54.292 27197 27226 W VideoCapabilities: Unsupported mime video/x-ms-wmv
10-15 21:45:54.293 27197 27226 W VideoCapabilities: Unsupported mime video/x-ms-wmv7
10-15 21:45:54.293 27197 27226 W VideoCapabilities: Unsupported mime video/x-ms-wmv8
10-15 21:45:54.294 27197 27226 W VideoCapabilities: Unsupported mime video/mp43
10-15 21:45:54.297  3957  4089 D MdnieScenarioControlService:  packageName : org.mozilla.fenix    className : org.mozilla.fenix.App
10-15 21:45:54.297  3957  4089 V MdnieScenarioControlService: setUIMode from UI function(3)
10-15 21:45:54.308 27356 27436 D libGLESv2: STS_GLApi : DTS, ODTC are not allowed for Package : org.mozilla.fenix:gpu
10-15 21:45:54.316 27356 27372 V Surface : sf_framedrop debug : 0x4f4c, game : false, logging : 0
10-15 21:45:54.322 27356 27436 D mali_winsys: EGLint new_window_surface(egl_winsys_display *, void *, EGLSurface, EGLConfig, egl_winsys_surface **, egl_color_buffer_format *, EGLBoolean) returns 0x3000,  [720x1238]-format:2
10-15 21:45:54.323 27197 27226 I GeckoSession: zerdatime 1061541702 - chrome startup finished
10-15 21:45:54.337 27197 27197 I GeckoSession: handleMessage GeckoView:PageStart uri=
10-15 21:45:54.341 27197 27197 I GeckoSession: handleMessage GeckoView:PageStop uri=null
10-15 21:45:54.377 27152 27419 I BatteryMgr:DataCollectionService: stats => 1697399154377,-129,4250,-150,0,100
10-15 21:45:54.380 27197 27197 I GeckoSession: handleMessage GeckoView:PageStart uri=
10-15 21:45:54.384  3599  3918 D DnsProxyListener: DNSDBG::dns addrinfo af 0
10-15 21:45:54.413 27197 27226 D GeckoIdleService: Setting timer a day from now
10-15 21:45:54.418 27197 27226 D GeckoIdleService: Register idle observer 0x742695fd28 for 5 seconds
10-15 21:45:54.418 27197 27226 D GeckoIdleService: Register: adjusting next switch from -1 to 5 seconds
10-15 21:45:54.418 27197 27226 D GeckoIdleService: next timeout 4996 msec from now
10-15 21:45:54.418 27197 27226 D GeckoIdleService: SetTimerExpiryIfBefore: next timeout 4996 msec from now
10-15 21:45:54.418 27197 27226 D GeckoIdleService: reset timer expiry to 5006 msec from now
10-15 21:45:54.443  3447  3447 I SurfaceFlinger: Display 0 HWC layers:
10-15 21:45:54.443  3447  3447 I SurfaceFlinger:     type    |    handle    | flag |  format   |   source crop (l,t,r,b)    |         frame       | name 
10-15 21:45:54.443  3447  3447 I SurfaceFlinger: ------------+--------------+------+-----------+----------------------------+---------------------+------
10-15 21:45:54.443  3447  3447 I SurfaceFlinger:      Device | 0x7ea5024000 | 0000 | RGBx_8888 |   0.0    0.0  720.0 1238.0 |    0   42  720 1280 | SurfaceView - org.mozilla.fenix/org.mozilla.fenix.App@e7e20b0@0#0
10-15 21:45:54.443  3447  3447 I SurfaceFlinger:      Device | 0x7e9ec22080 | 0000 | RGBA_8888 |   0.0    0.0  720.0 1280.0 |    0    0  720 1280 | org.mozilla.fenix/org.mozilla.fenix.App#0
10-15 21:45:54.443  3447  3447 I SurfaceFlinger:      Device | 0x7ea5024cc0 | 0000 | RGBA_8888 |   0.0    0.0  720.0   42.0 |    0    0  720   42 | StatusBar#0
10-15 21:45:54.443  3447  3447 I SurfaceFlinger: 
10-15 21:45:54.466  3957  6478 D SSRM:k  : SIOP:: AP = 330, PST = 340 (W:30), BAT = 297, USB = 0, CHG = 0
10-15 21:45:54.479  3957  5413 D StorageManagerService: getExternalStorageMountMode : 1
10-15 21:45:54.479  3957  5413 D StorageManagerService: getExternalStorageMountMode : 3
10-15 21:45:54.479  3957  5413 D StorageManagerService: getExternalStorageMountMode : final mountMode=1, uid : 10169, packageName : org.mozilla.fenix
10-15 21:45:54.480  3957  5413 I ApplicationPolicy: isApplicationExternalStorageWhitelisted:org.mozilla.fenix user:0
10-15 21:45:54.480  3957  5413 D ApplicationPolicy: isApplicationExternalStorageWhitelisted: DO is not enabled on user 0. Allowed.
10-15 21:45:54.480  3957  5413 D ActivityManager: package  org.mozilla.fenix, user - 0 is SDcard whitelisted
10-15 21:45:54.480  3957  5413 I ApplicationPolicy: isApplicationExternalStorageBlacklisted:org.mozilla.fenix user:0
10-15 21:45:54.480  3957  5413 D ApplicationPolicy: isApplicationExternalStorageBlacklisted: DO is not enabled on user 0. Allowed.
10-15 21:45:54.495  3957  5413 I ActivityManager: Start proc 27507:org.mozilla.fenix:tab23/u0a169 for service org.mozilla.fenix/org.mozilla.gecko.process.GeckoChildProcessServices$tab23
10-15 21:45:54.495 27507 27507 E Zygote  : isWhitelistProcess - Process is Whitelisted
10-15 21:45:54.496 27507 27507 E libpersona: scanKnoxPersonas
10-15 21:45:54.496 27507 27507 E libpersona: Couldn't open the File - /data/system/users/0/personalist.xml - No such file or directory
10-15 21:45:54.499 27507 27507 W SELinux : SELinux selinux_android_compute_policy_index : Policy Index[2],  Con:u:r:zygote:s0 RAM:SEPF_SM-J720F_8.0.0_0002, [-1 -1 -1 -1 0 1]
10-15 21:45:54.500 27507 27507 I SELinux : SELinux: seapp_context_lookup: seinfo=untrusted, level=s0:c512,c768, pkgname=org.mozilla.fenix:tab23 
10-15 21:45:54.501 27152 27419 I BatteryMgr:DataCollectionService: stats => 1697399154501,-129,4250,-150,0,100
10-15 21:45:54.519 19438 19556 D ScanRecord: Not a Multi Manu data
10-15 21:45:54.527 19438 19556 I chatty  : uid=1002(bluetooth) BT Service Call identical 50 lines
10-15 21:45:54.527 19438 19556 D ScanRecord: Not a Multi Manu data
10-15 21:45:54.527 27507 27507 D TimaKeyStoreProvider: TimaKeyStore is not enabled: cannot add TimaSignature Service and generateKeyPair Service
10-15 21:45:54.527 27507 27507 D ActivityThread: Added TimaKeyStore provider
10-15 21:45:54.529 19438 19556 D ScanRecord: Not a Multi Manu data
10-15 21:45:54.530  3957  4460 I ActivityManager: DSS on for org.mozilla.fenix and scale is 1.0
10-15 21:45:54.551 19438 19556 I chatty  : uid=1002(bluetooth) BT Service Call identical 50 lines
10-15 21:45:54.551 19438 19556 D ScanRecord: Not a Multi Manu data
10-15 21:45:54.551 27507 27507 I zygote64: no shared libraies, dex_files: 1
10-15 21:45:54.559 19438 19556 D ScanRecord: Not a Multi Manu data
10-15 21:45:54.599 19438 19556 I chatty  : uid=1002(bluetooth) BT Service Call identical 102 lines
10-15 21:45:54.599 19438 19556 D ScanRecord: Not a Multi Manu data
10-15 21:45:54.609 27152 27419 I BatteryMgr:DataCollectionService: stats => 1697399154609,-129,4250,-150,0,100
10-15 21:45:54.615 27507 27507 I ServiceChildProcess: onCreate
10-15 21:45:54.616 27507 27531 I GeckoThread: preparing to run Gecko
10-15 21:45:54.620 27197 27226 W AudioCapabilities: Unsupported mime audio/mpeg-L1
10-15 21:45:54.620 27197 27226 W AudioCapabilities: Unsupported mime audio/mpeg-L2
10-15 21:45:54.620 27197 27226 W AudioCapabilities: Unsupported mime audio/x-ms-wma
10-15 21:45:54.620 27197 27226 W AudioCapabilities: Unsupported mime audio/x-ima
10-15 21:45:54.621 27197 27226 W VideoCapabilities: Unrecognized profile 2130706433 for video/avc
10-15 21:45:54.621 19438 19556 D ScanRecord: Not a Multi Manu data
10-15 21:45:54.621 27197 27226 W VideoCapabilities: Unrecognized profile 2130706434 for video/avc
10-15 21:45:54.621 19438 19556 D ScanRecord: Not a Multi Manu data
10-15 21:45:54.622 27507 27531 W linker  : "/data/app/org.mozilla.fenix-iWpGOrf8cry6RDpwHyQugA==/lib/arm64/libmozglue.so" unused DT entry: type 0x8000024 arg 0x38f70
10-15 21:45:54.622 19438 19556 D ScanRecord: Not a Multi Manu data
10-15 21:45:54.622 19438 19556 I chatty  : uid=1002(bluetooth) BT Service Call identical 4 lines
10-15 21:45:54.622 19438 19556 D ScanRecord: Not a Multi Manu data
10-15 21:45:54.622 27507 27531 W linker  : "/data/app/org.mozilla.fenix-iWpGOrf8cry6RDpwHyQugA==/lib/arm64/libmozglue.so" unused DT entry: type 0x8000023 arg 0x1f8
10-15 21:45:54.622 19438 19556 D ScanRecord: Not a Multi Manu data
10-15 21:45:54.622 19438 19556 I chatty  : uid=1002(bluetooth) BT Service Call identical 3 lines
10-15 21:45:54.622 19438 19556 D ScanRecord: Not a Multi Manu data
10-15 21:45:54.622 27507 27531 W linker  : "/data/app/org.mozilla.fenix-iWpGOrf8cry6RDpwHyQugA==/lib/arm64/libmozglue.so" unused DT entry: type 0x8000025 arg 0x8
10-15 21:45:54.624 27197 27226 W VideoCapabilities: Unrecognized profile/level 1/32 for video/mp4v-es
10-15 21:45:54.624 27197 27226 W VideoCapabilities: Unrecognized profile/level 32768/2 for video/mp4v-es
10-15 21:45:54.624 27197 27226 W VideoCapabilities: Unrecognized profile/level 32768/64 for video/mp4v-es
10-15 21:45:54.625 27197 27226 W VideoCapabilities: Unsupported mime video/wvc1
10-15 21:45:54.625 27197 27226 W VideoCapabilities: Unsupported mime video/x-ms-wmv
10-15 21:45:54.626 27197 27226 W VideoCapabilities: Unsupported mime video/x-ms-wmv7
10-15 21:45:54.626 27507 27531 I GeckoLoader: Library base=/data/app/org.mozilla.fenix-iWpGOrf8cry6RDpwHyQugA==/lib/arm64
10-15 21:45:54.627 27507 27531 I GeckoLoader: Library base=/data/app/org.mozilla.fenix-iWpGOrf8cry6RDpwHyQugA==/lib/arm64
10-15 21:45:54.627 27197 27226 W VideoCapabilities: Unsupported mime video/x-ms-wmv8
10-15 21:45:54.627 27197 27226 W VideoCapabilities: Unsupported mime video/mp43
10-15 21:45:54.628 27507 27531 E GeckoLibLoad: Load sqlite start
10-15 21:45:54.629 27507 27531 W linker  : "/data/app/org.mozilla.fenix-iWpGOrf8cry6RDpwHyQugA==/lib/arm64/libnss3.so" unused DT entry: type 0x8000024 arg 0x14998
10-15 21:45:54.630 27507 27531 W linker  : "/data/app/org.mozilla.fenix-iWpGOrf8cry6RDpwHyQugA==/lib/arm64/libnss3.so" unused DT entry: type 0x8000023 arg 0x5c8
10-15 21:45:54.630 27507 27531 W linker  : "/data/app/org.mozilla.fenix-iWpGOrf8cry6RDpwHyQugA==/lib/arm64/libnss3.so" unused DT entry: type 0x8000025 arg 0x8
10-15 21:45:54.631 19438 19556 D ScanRecord: Not a Multi Manu data
10-15 21:45:54.631 19438 19556 I chatty  : uid=1002(bluetooth) BT Service Call identical 11 lines
10-15 21:45:54.631 19438 19556 D ScanRecord: Not a Multi Manu data
10-15 21:45:54.632 27507 27531 E GeckoLibLoad: Load sqlite done
10-15 21:45:54.632 27507 27531 I GeckoLoader: Library base=/data/app/org.mozilla.fenix-iWpGOrf8cry6RDpwHyQugA==/lib/arm64
10-15 21:45:54.632 27507 27531 E GeckoLibLoad: Load nss start
10-15 21:45:54.632 27507 27531 E GeckoLibLoad: Load nss done
10-15 21:45:54.632 27507 27531 I GeckoLoader: Library base=/data/app/org.mozilla.fenix-iWpGOrf8cry6RDpwHyQugA==/lib/arm64
10-15 21:45:54.632 19438 19556 D ScanRecord: Not a Multi Manu data
10-15 21:45:54.633 19438 19556 I chatty  : uid=1002(bluetooth) BT Service Call identical 11 lines
10-15 21:45:54.633 19438 19556 D ScanRecord: Not a Multi Manu data
10-15 21:45:54.637 27507 27531 W linker  : "/data/app/org.mozilla.fenix-iWpGOrf8cry6RDpwHyQugA==/lib/arm64/libxul.so" unused DT entry: type 0x8000024 arg 0x539420
10-15 21:45:54.637 27507 27531 W linker  : "/data/app/org.mozilla.fenix-iWpGOrf8cry6RDpwHyQugA==/lib/arm64/libxul.so" unused DT entry: type 0x8000023 arg 0x17d68
10-15 21:45:54.637 27507 27531 W linker  : "/data/app/org.mozilla.fenix-iWpGOrf8cry6RDpwHyQugA==/lib/arm64/libxul.so" unused DT entry: type 0x8000025 arg 0x8
10-15 21:45:54.641 19438 19556 D ScanRecord: Not a Multi Manu data
10-15 21:45:54.671 19438 19556 I chatty  : uid=1002(bluetooth) BT Service Call identical 102 lines
10-15 21:45:54.671 19438 19556 D ScanRecord: Not a Multi Manu data
10-15 21:45:54.678 27507 27531 E GeckoLibLoad: Loaded libs in 45.013615ms total, 20ms(20ms) user, 20ms(24ms) system, 0(0) faults
10-15 21:45:54.678 27507 27531 W GeckoThread: zerdatime 1061542056 - runGecko
10-15 21:45:54.678 19438 19556 D ScanRecord: Not a Multi Manu data
10-15 21:45:54.679 19438 19556 I chatty  : uid=1002(bluetooth) BT Service Call identical 11 lines
10-15 21:45:54.679 19438 19556 D ScanRecord: Not a Multi Manu data
10-15 21:45:54.680 27197 27414 I libglean_ffi: glean_core::upload: Ping b0c72ece-8c49-4e80-8246-b044f899c7fb successfully sent 200.
10-15 21:45:54.680  3957  5413 D ConnectivityService: filterNetworkStateForUid() uid: 10169 networkInfo: [type: WIFI[] - WIFI, state: CONNECTED/CONNECTED, reason: (unspecified), extra: "ourhome", failover: false, available: true, roaming: false, metered: false]
10-15 21:45:54.680  3957  5413 D WifiService: getConnectionInfo uid=1000
10-15 21:45:54.685 27197 27414 I libglean_ffi: glean_core::upload::directory: File was deleted /data/user/0/org.mozilla.fenix/glean_data/pending_pings/b0c72ece-8c49-4e80-8246-b044f899c7fb
10-15 21:45:54.689 19438 19556 D ScanRecord: Not a Multi Manu data
10-15 21:45:54.690 19438 19556 I chatty  : uid=1002(bluetooth) BT Service Call identical 11 lines
10-15 21:45:54.690 19438 19556 D ScanRecord: Not a Multi Manu data
10-15 21:45:54.691 27197 27414 I libglean_ffi: glean_core::upload: New upload task with id d8d2ed6d-08cd-4e6d-ad49-7612ab871aaf (path: /submit/org-mozilla-fenix/baseline/1/d8d2ed6d-08cd-4e6d-ad49-7612ab871aaf)
10-15 21:45:54.693 19438 19556 D ScanRecord: Not a Multi Manu data
10-15 21:45:54.717 19438 19556 I chatty  : uid=1002(bluetooth) BT Service Call identical 37 lines
10-15 21:45:54.717 19438 19556 D ScanRecord: Not a Multi Manu data
10-15 21:45:54.718 27152 27419 I BatteryMgr:DataCollectionService: stats => 1697399154718,-129,4250,-150,0,100
10-15 21:45:54.726 19438 19556 D ScanRecord: Not a Multi Manu data
10-15 21:45:54.823 19438 19556 I chatty  : uid=1002(bluetooth) BT Service Call identical 154 lines
10-15 21:45:54.823 19438 19556 D ScanRecord: Not a Multi Manu data
10-15 21:45:54.827  3957  5413 D WifiService: getConnectionInfo uid=1000
10-15 21:45:54.829 27152 27419 I BatteryMgr:DataCollectionService: stats => 1697399154829,-129,4250,-150,0,100
10-15 21:45:54.843  3957  5413 D WifiService: getConnectionInfo uid=1000
10-15 21:45:54.848 27277 27311 W linker  : "/data/app/org.mozilla.fenix-iWpGOrf8cry6RDpwHyQugA==/lib/arm64/libsoftokn3.so" unused DT entry: type 0x8000024 arg 0x2580
10-15 21:45:54.848 27277 27311 W linker  : "/data/app/org.mozilla.fenix-iWpGOrf8cry6RDpwHyQugA==/lib/arm64/libsoftokn3.so" unused DT entry: type 0x8000023 arg 0x70
10-15 21:45:54.848 27277 27311 W linker  : "/data/app/org.mozilla.fenix-iWpGOrf8cry6RDpwHyQugA==/lib/arm64/libsoftokn3.so" unused DT entry: type 0x8000025 arg 0x8
10-15 21:45:54.850 27277 27311 W linker  : "/data/app/org.mozilla.fenix-iWpGOrf8cry6RDpwHyQugA==/lib/arm64/libfreebl3.so" unused DT entry: type 0x8000024 arg 0xe78
10-15 21:45:54.850 27277 27311 W linker  : "/data/app/org.mozilla.fenix-iWpGOrf8cry6RDpwHyQugA==/lib/arm64/libfreebl3.so" unused DT entry: type 0x8000023 arg 0x68
10-15 21:45:54.850 27277 27311 W linker  : "/data/app/org.mozilla.fenix-iWpGOrf8cry6RDpwHyQugA==/lib/arm64/libfreebl3.so" unused DT entry: type 0x8000025 arg 0x8
10-15 21:45:54.850 19438 19556 D ScanRecord: Not a Multi Manu data
10-15 21:45:54.851 19438 19556 I chatty  : uid=1002(bluetooth) BT Service Call identical 11 lines
10-15 21:45:54.851 19438 19556 D ScanRecord: Not a Multi Manu data
10-15 21:45:54.853  3957  5413 D WifiService: getConnectionInfo uid=1000
10-15 21:45:54.856  3957  5413 D WifiService: getConnectionInfo uid=1000
10-15 21:45:54.860 19438 19556 D ScanRecord: Not a Multi Manu data
10-15 21:45:54.872 19438 19556 I chatty  : uid=1002(bluetooth) BT Service Call identical 37 lines
10-15 21:45:54.872 19438 19556 D ScanRecord: Not a Multi Manu data
10-15 21:45:54.872  3957  5413 D WifiService: getConnectionInfo uid=1000
10-15 21:45:54.872 27507 27531 W linker  : "/data/app/org.mozilla.fenix-iWpGOrf8cry6RDpwHyQugA==/lib/arm64/libsoftokn3.so" unused DT entry: type 0x8000024 arg 0x2580
10-15 21:45:54.873 27507 27531 W linker  : "/data/app/org.mozilla.fenix-iWpGOrf8cry6RDpwHyQugA==/lib/arm64/libsoftokn3.so" unused DT entry: type 0x8000023 arg 0x70
10-15 21:45:54.873 27507 27531 W linker  : "/data/app/org.mozilla.fenix-iWpGOrf8cry6RDpwHyQugA==/lib/arm64/libsoftokn3.so" unused DT entry: type 0x8000025 arg 0x8
10-15 21:45:54.877 27507 27531 W linker  : "/data/app/org.mozilla.fenix-iWpGOrf8cry6RDpwHyQugA==/lib/arm64/libfreebl3.so" unused DT entry: type 0x8000024 arg 0xe78
10-15 21:45:54.877 27507 27531 W linker  : "/data/app/org.mozilla.fenix-iWpGOrf8cry6RDpwHyQugA==/lib/arm64/libfreebl3.so" unused DT entry: type 0x8000023 arg 0x68
10-15 21:45:54.877 27507 27531 W linker  : "/data/app/org.mozilla.fenix-iWpGOrf8cry6RDpwHyQugA==/lib/arm64/libfreebl3.so" unused DT entry: type 0x8000025 arg 0x8
10-15 21:45:54.881  3957  5413 I chatty  : uid=1000(system) Binder:3957_D identical 6 lines
10-15 21:45:54.881  3957  5413 D WifiService: getConnectionInfo uid=1000
10-15 21:45:54.882 19438 19556 D ScanRecord: Not a Multi Manu data
10-15 21:45:54.911 19438 19556 I chatty  : uid=1002(bluetooth) BT Service Call identical 63 lines
10-15 21:45:54.911 19438 19556 D ScanRecord: Not a Multi Manu data
10-15 21:45:54.917 27197 27414 I libglean_ffi: glean_core::upload: Ping d8d2ed6d-08cd-4e6d-ad49-7612ab871aaf successfully sent 200.
10-15 21:45:54.918 19438 19556 D ScanRecord: Not a Multi Manu data
10-15 21:45:54.919 19438 19556 I chatty  : uid=1002(bluetooth) BT Service Call identical 11 lines
10-15 21:45:54.919 19438 19556 D ScanRecord: Not a Multi Manu data
10-15 21:45:54.920 27197 27414 I libglean_ffi: glean_core::upload::directory: File was deleted /data/user/0/org.mozilla.fenix/glean_data/pending_pings/d8d2ed6d-08cd-4e6d-ad49-7612ab871aaf
10-15 21:45:54.923 27197 27414 I libglean_ffi: glean_core::upload: No more pings to upload! You are done.
10-15 21:45:54.924 19438 19556 D ScanRecord: Not a Multi Manu data
10-15 21:45:54.925 19438 19556 I chatty  : uid=1002(bluetooth) BT Service Call identical 11 lines
10-15 21:45:54.925 19438 19556 D ScanRecord: Not a Multi Manu data
10-15 21:45:54.927 27197 27294 I WM-WorkerWrapper: Worker result SUCCESS for Work [ id=ef9d720d-61d0-4003-9ab3-81c0167228f4, tags={ mozilla.telemetry.glean.scheduler.PingUploadWorker, mozac_service_glean_ping_upload_worker } ]
10-15 21:45:54.932  3957  5413 D ConnectivityService: filterNetworkStateForUid() uid: 10169 networkInfo: [type: WIFI[] - WIFI, state: CONNECTED/CONNECTED, reason: (unspecified), extra: "ourhome", failover: false, available: true, roaming: false, metered: false]
10-15 21:45:54.932  3957  5413 D WifiService: getConnectionInfo uid=1000
10-15 21:45:54.933 27197 27197 D ConnectivityManager: unregisterNetworkCallback; CallingUid : 10169, CallingPid : 27197
10-15 21:45:54.935  3957  4157 D ConnectivityService: releasing NetworkRequest [ TRACK_DEFAULT id=1092, [ Capabilities: INTERNET&NOT_RESTRICTED&TRUSTED&NOT_VPN] ] (CALLBACK_RELEASED)
10-15 21:45:54.936  3957  4157 D ConnectivityService:  Removing from current network NetworkAgentInfo [WIFI () - 507], leaving 13 requests.
10-15 21:45:54.939  3957  4157 D ConnectivityService: sending notification RELEASED for NetworkRequest [ TRACK_DEFAULT id=1092, [ Capabilities: INTERNET&NOT_RESTRICTED&TRUSTED&NOT_VPN] ]
10-15 21:45:54.941 19438 19556 D ScanRecord: Not a Multi Manu data
10-15 21:45:54.941 19438 19556 D ScanRecord: Not a Multi Manu data
10-15 21:45:54.941  3957 12585 D ConnectivityService: filterNetworkStateForUid() uid: 10169 networkInfo: [type: WIFI[] - WIFI, state: CONNECTED/CONNECTED, reason: (unspecified), extra: "ourhome", failover: false, available: true, roaming: false, metered: false]
10-15 21:45:54.942  3957 12585 D WifiService: getConnectionInfo uid=1000
10-15 21:45:54.944  3957 12585 D WifiService: getConnectionInfo uid=1000
10-15 21:45:54.946 27152 27419 I BatteryMgr:DataCollectionService: stats => 1697399154946,-129,4250,-150,0,100
10-15 21:45:54.948 19438 19556 D ScanRecord: Not a Multi Manu data
10-15 21:45:54.958 19438 19556 I chatty  : uid=1002(bluetooth) BT Service Call identical 87 lines
10-15 21:45:54.959 19438 19556 D ScanRecord: Not a Multi Manu data
10-15 21:45:54.959  3957 12585 D WifiService: getConnectionInfo uid=1000
10-15 21:45:54.960 19438 19556 D ScanRecord: Not a Multi Manu data
10-15 21:45:54.960 19438 19556 I chatty  : uid=1002(bluetooth) BT Service Call identical 11 lines
10-15 21:45:54.960 19438 19556 D ScanRecord: Not a Multi Manu data
10-15 21:45:54.965  3957 12585 D WifiService: getConnectionInfo uid=1000
10-15 21:45:54.968 19438 19556 D ScanRecord: Not a Multi Manu data
10-15 21:45:54.968 19438 19556 I chatty  : uid=1002(bluetooth) BT Service Call identical 3 lines
10-15 21:45:54.968  3957 12585 D WifiService: getConnectionInfo uid=1000
10-15 21:45:54.968 19438 19556 D ScanRecord: Not a Multi Manu data
10-15 21:45:54.968 19438 19556 D ScanRecord: Not a Multi Manu data
10-15 21:45:54.985 19438 19556 I chatty  : uid=1002(bluetooth) BT Service Call identical 32 lines
10-15 21:45:54.985 19438 19556 D ScanRecord: Not a Multi Manu data
10-15 21:45:54.998  3957 12585 D WifiService: getConnectionInfo uid=1000
10-15 21:45:55.016  3957 12585 I chatty  : uid=1000(system) Binder:3957_1B identical 11 lines
10-15 21:45:55.016  3957 12585 I chatty  : uid=1000(system) Binder:3957_1B identical 6 lines
10-15 21:45:55.019  3957 12585 D ConnectivityService: filterNetworkStateForUid() uid: 10169 networkInfo: [type: WIFI[] - WIFI, state: CONNECTED/CONNECTED, reason: (unspecified), extra: "ourhome", failover: false, available: true, roaming: false, metered: false]
10-15 21:45:55.019  3957 12585 D WifiService: getConnectionInfo uid=1000
10-15 21:45:55.022  3957  5413 D ConnectivityService: filterNetworkStateForUid() uid: 10169 networkInfo: [type: WIFI[] - WIFI, state: CONNECTED/CONNECTED, reason: (unspecified), extra: "ourhome", failover: false, available: true, roaming: false, metered: false]
10-15 21:45:55.022  3957  5413 D WifiService: getConnectionInfo uid=1000
10-15 21:45:55.025  3957  5413 D WifiService: getConnectionInfo uid=1000
10-15 21:45:55.050  3957  4129 D WifiStateMachine:  ConnectedState !RSSI_PKTCNT_FETCH uid=1000 rt=401144199/1061542427 0 0 "ourhome" f4:6d:2f:12:cc:88 rssi=-42 f=5240 sc=60 link=433 tx=0.1, 0.0, 0.0  rx=3.5 bcn=42555 [on:0 tx:0 rx:0 period:1000] from screen [on:-3047802 period:4709900] score=60
10-15 21:45:55.056  3957  4129 D WifiStateMachine:  L2ConnectedState !RSSI_PKTCNT_FETCH uid=1000 rt=401144201/1061542428 0 0 "ourhome" f4:6d:2f:12:cc:88 rssi=-42 f=5240 sc=60 link=433 tx=0.1, 0.0, 0.0  rx=3.5 bcn=42555 [on:0 tx:0 rx:0 period:6] from screen [on:-3047802 period:4709906] score=60
10-15 21:45:55.057  3957  4129 D WifiStateMachine: fetchRssiLinkSpeedAndFrequencyNative rssi=-41 linkspeed=433 freq=5240
10-15 21:45:55.060 27152 27419 I BatteryMgr:DataCollectionService: stats => 1697399155060,-129,4250,-150,0,100
10-15 21:45:55.116  3957  5413 D WifiService: getConnectionInfo uid=1000
10-15 21:45:55.118 27356 27453 E vulkan  : invalid vkGetInstanceProcAddr(VK_NULL_HANDLE, "vkEnumerateInstanceVersion") call
10-15 21:45:55.118 27356 27453 E vulkan  : invalid vkGetInstanceProcAddr(VK_NULL_HANDLE, "vkEnumerateInstanceVersion") call
10-15 21:45:55.126 27356 27453 D vulkan  : searching for layers in '/data/app/org.mozilla.fenix-iWpGOrf8cry6RDpwHyQugA==/lib/arm64'
10-15 21:45:55.128 27356 27453 D vulkan  : searching for layers in '/data/app/org.mozilla.fenix-iWpGOrf8cry6RDpwHyQugA==/base.apk!/lib/arm64-v8a'
10-15 21:45:55.135 27356 27453 D vulkan  : vulkan api version_1_0 1.0.0
10-15 21:45:55.136 27356 27453 D vulkan  : vulkan header version 46
10-15 21:45:55.172 27152 27419 I BatteryMgr:DataCollectionService: stats => 1697399155171,-129,4250,-150,0,100
10-15 21:45:55.236 27197 27197 I GeckoSession: handleMessage GeckoView:PageStop uri=null
10-15 21:45:55.241 27197 27235 I SessionStorage/AutoSave: Save: Load finished
10-15 21:45:55.251  3957  4128 D WifiService: getConnectionInfo uid=1000
10-15 21:45:55.281 27152 27419 I BatteryMgr:DataCollectionService: stats => 1697399155281,-129,4250,-150,0,100
10-15 21:45:55.390 27152 27419 I BatteryMgr:DataCollectionService: stats => 1697399155390,-129,4250,-150,0,100
10-15 21:45:55.462  3957  5413 D WifiService: getConnectionInfo uid=1000
10-15 21:45:55.476  3957  5413 I chatty  : uid=1000(system) Binder:3957_D identical 5 lines
10-15 21:45:55.476  3957  5413 I chatty  : uid=1000(system) Binder:3957_D identical 2 lines
10-15 21:45:55.488  3957  5413 D ConnectivityService: filterNetworkStateForUid() uid: 10169 networkInfo: [type: WIFI[] - WIFI, state: CONNECTED/CONNECTED, reason: (unspecified), extra: "ourhome", failover: false, available: true, roaming: false, metered: false]
10-15 21:45:55.489  3957  5413 D WifiService: getConnectionInfo uid=1000
10-15 21:45:55.497  3957  4129 D WifiStateMachine:  ConnectedState !CMD_RSSI_POLL rt=401144647/1061542874 50 0 "ourhome" f4:6d:2f:12:cc:88 rssi=-41 f=5240 sc=60 link=433 tx=0.1, 0.0, 0.0  rx=3.5 bcn=42555 [on:0 tx:0 rx:0 period:441] from screen [on:-3047802 period:4710347] score=60
10-15 21:45:55.498 27152 27419 I BatteryMgr:DataCollectionService: stats => 1697399155498,-129,4250,-150,0,100
10-15 21:45:55.499  3957  4129 D WifiStateMachine:  L2ConnectedState !CMD_RSSI_POLL rt=401144648/1061542876 50 0 "ourhome" f4:6d:2f:12:cc:88 rssi=-41 f=5240 sc=60 link=433 tx=0.1, 0.0, 0.0  rx=3.5 bcn=42555 [on:0 tx:0 rx:0 period:1] from screen [on:-3047802 period:4710348] score=60
10-15 21:45:55.499  3957  4129 D WifiStateMachine:  get link layer stats 3
10-15 21:45:55.499  3436  3436 I android.hardware.wifi@1.0-service: getLinkLayerStats
10-15 21:45:55.517  3957  4129 D WifiStateMachine: fetchRssiLinkSpeedAndFrequencyNative rssi=-41 linkspeed=433 freq=5240
10-15 21:45:55.521  4340  4340 E SignalClusterView: setSlotFocusVisible : subId -2
10-15 21:45:55.521  4340  4340 E SignalClusterView: setSlotFocusVisible : subId -2
10-15 21:45:55.560  3957  5413 D ConnectivityService: filterNetworkStateForUid() uid: 10169 networkInfo: [type: WIFI[] - WIFI, state: CONNECTED/CONNECTED, reason: (unspecified), extra: "ourhome", failover: false, available: true, roaming: false, metered: false]
10-15 21:45:55.560  3957  5413 D WifiService: getConnectionInfo uid=1000
10-15 21:45:55.608 27152 27419 I BatteryMgr:DataCollectionService: stats => 1697399155608,-129,4250,-150,0,100
10-15 21:45:55.654 27197 27197 W GeckoSession: No history entries found.
10-15 21:45:55.679  3957  5413 I chatty  : uid=1000(system) Binder:3957_D identical 1 line
10-15 21:45:55.679  3957  5413 D WifiService: getConnectionInfo uid=1000
10-15 21:45:55.718 27152 27419 I BatteryMgr:DataCollectionService: stats => 1697399155718,-129,4250,-150,0,100
10-15 21:45:55.831  3957  5413 D ConnectivityService: filterNetworkStateForUid() uid: 10169 networkInfo: [type: WIFI[] - WIFI, state: CONNECTED/CONNECTED, reason: (unspecified), extra: "ourhome", failover: false, available: true, roaming: false, metered: false]
10-15 21:45:55.831  3957  5413 D WifiService: getConnectionInfo uid=1000
10-15 21:45:55.835 27152 27419 I BatteryMgr:DataCollectionService: stats => 1697399155834,-129,4250,-150,0,100
10-15 21:45:55.950 27152 27419 I BatteryMgr:DataCollectionService: stats => 1697399155949,-129,4250,-150,0,100
10-15 21:45:56.051  3957  4129 D WifiStateMachine:  ConnectedState !RSSI_PKTCNT_FETCH uid=1000 rt=401145201/1061543428 0 0 "ourhome" f4:6d:2f:12:cc:88 rssi=-41 f=5240 sc=60 link=433 tx=83.8, 5.7, 0.0  rx=101.6 bcn=42582 [on:0 tx:0 rx:0 period:531] from screen [on:-3045931 period:4710901] score=60
10-15 21:45:56.052  3957  4129 D WifiStateMachine:  L2ConnectedState !RSSI_PKTCNT_FETCH uid=1000 rt=401145202/1061543430 0 0 "ourhome" f4:6d:2f:12:cc:88 rssi=-41 f=5240 sc=60 link=433 tx=83.8, 5.7, 0.0  rx=101.6 bcn=42582 [on:0 tx:0 rx:0 period:1] from screen [on:-3045931 period:4710902] score=60
10-15 21:45:56.063  3957  4129 D WifiStateMachine: fetchRssiLinkSpeedAndFrequencyNative rssi=-42 linkspeed=433 freq=5240
10-15 21:45:56.067 27152 27419 I BatteryMgr:DataCollectionService: stats => 1697399156066,-129,4250,-150,0,100
10-15 21:45:56.178 27152 27419 I BatteryMgr:DataCollectionService: stats => 1697399156177,-129,4250,-150,0,100
10-15 21:45:56.228  3957  6478 D WifiService: getConnectionInfo uid=1000
10-15 21:45:56.253  3957  4128 D WifiService: getConnectionInfo uid=1000
10-15 21:45:56.294 27152 27419 I BatteryMgr:DataCollectionService: stats => 1697399156294,-129,4250,-150,0,100
