10-15 22:28:23.434 31417 31703 I BatteryMgr:DataCollectionService: stats => 1697401703434,194,4250,167,0,100
10-15 22:28:23.546 31417 31703 I BatteryMgr:DataCollectionService: stats => 1697401703546,194,4250,167,0,100
10-15 22:28:23.657 31417 31703 I BatteryMgr:DataCollectionService: stats => 1697401703657,194,4250,167,0,100
10-15 22:28:23.718  3957  4129 D WifiStateMachine:  ConnectedState !RSSI_PKTCNT_FETCH uid=1000 rt=403692867/1064091094 0 0 "ourhome" f4:6d:2f:12:cc:88 rssi=-41 f=5240 sc=60 link=433 tx=2.3, 0.0, 0.0  rx=12.5 bcn=65865 [on:0 tx:0 rx:0 period:999] from screen [on:265827 period:1870694] score=60
10-15 22:28:23.721  3957  4129 D WifiStateMachine:  L2ConnectedState !RSSI_PKTCNT_FETCH uid=1000 rt=403692869/1064091097 0 0 "ourhome" f4:6d:2f:12:cc:88 rssi=-41 f=5240 sc=60 link=433 tx=2.3, 0.0, 0.0  rx=12.5 bcn=65865 [on:0 tx:0 rx:0 period:2] from screen [on:265827 period:1870696] score=60
10-15 22:28:23.727  3957  4129 D WifiStateMachine: fetchRssiLinkSpeedAndFrequencyNative rssi=-41 linkspeed=433 freq=5240
10-15 22:28:23.768 31417 31703 I BatteryMgr:DataCollectionService: stats => 1697401703768,194,4250,167,0,100
10-15 22:28:23.847  3957  4129 D WifiStateMachine:  ConnectedState !CMD_RSSI_POLL rt=403692994/1064091222 52 0 "ourhome" f4:6d:2f:12:cc:88 rssi=-41 f=5240 sc=60 link=433 tx=2.3, 0.0, 0.0  rx=12.5 bcn=65865 [on:0 tx:0 rx:0 period:127] from screen [on:265827 period:1870823] score=60
10-15 22:28:23.850  3957  4129 D WifiStateMachine:  L2ConnectedState !CMD_RSSI_POLL rt=403692998/1064091225 52 0 "ourhome" f4:6d:2f:12:cc:88 rssi=-41 f=5240 sc=60 link=433 tx=2.3, 0.0, 0.0  rx=12.5 bcn=65865 [on:0 tx:0 rx:0 period:2] from screen [on:265827 period:1870825] score=60
10-15 22:28:23.850  3957  4129 D WifiStateMachine:  get link layer stats 3
10-15 22:28:23.851  3436  3436 I android.hardware.wifi@1.0-service: getLinkLayerStats
10-15 22:28:23.872  3957  4129 D WifiStateMachine: fetchRssiLinkSpeedAndFrequencyNative rssi=-42 linkspeed=433 freq=5240
10-15 22:28:23.878  4340  4340 E SignalClusterView: setSlotFocusVisible : subId -2
10-15 22:28:23.878  4340  4340 E SignalClusterView: setSlotFocusVisible : subId -2
10-15 22:28:23.882 31417 31703 I BatteryMgr:DataCollectionService: stats => 1697401703882,194,4250,167,0,100
10-15 22:28:23.994 31417 31703 I BatteryMgr:DataCollectionService: stats => 1697401703994,194,4250,167,0,100
10-15 22:28:23.997  3957  4128 D WifiService: getConnectionInfo uid=1000
10-15 22:28:24.104 31417 31703 I BatteryMgr:DataCollectionService: stats => 1697401704104,194,4250,167,0,100
10-15 22:28:24.216 31417 31703 I BatteryMgr:DataCollectionService: stats => 1697401704216,194,4250,167,0,100
10-15 22:28:24.330 31417 31703 I BatteryMgr:DataCollectionService: stats => 1697401704330,194,4250,167,0,100
10-15 22:28:24.440 31417 31703 I BatteryMgr:DataCollectionService: stats => 1697401704440,194,4250,167,0,100
10-15 22:28:24.564 31417 31703 I BatteryMgr:DataCollectionService: stats => 1697401704564,194,4250,167,0,100
10-15 22:28:24.631 31417 31428 I zygote64: Background concurrent copying GC freed 29018(1212KB) AllocSpace objects, 0(0B) LOS objects, 66% free, 772KB/2MB, paused 10.421ms total 79.115ms
10-15 22:28:24.673 31417 31703 I BatteryMgr:DataCollectionService: stats => 1697401704673,194,4250,167,0,100
10-15 22:28:24.677 19438 19556 D ScanRecord: Not a Multi Manu data
10-15 22:28:24.719 19438 19556 I chatty  : uid=1002(bluetooth) BT Service Call identical 87 lines
10-15 22:28:24.719 19438 19556 D ScanRecord: Not a Multi Manu data
10-15 22:28:24.719  3957  4129 D WifiStateMachine:  ConnectedState !RSSI_PKTCNT_FETCH uid=1000 rt=403693867/1064092095 0 0 "ourhome" f4:6d:2f:12:cc:88 rssi=-42 f=5240 sc=60 link=433 tx=0.8, 0.0, 0.0  rx=6.5 bcn=65892 [on:0 tx:0 rx:0 period:839] from screen [on:266061 period:1871695] score=60
10-15 22:28:24.719 19438 19556 D ScanRecord: Not a Multi Manu data
10-15 22:28:24.719 19438 19556 D ScanRecord: Not a Multi Manu data
10-15 22:28:24.721  3957  4129 D WifiStateMachine:  L2ConnectedState !RSSI_PKTCNT_FETCH uid=1000 rt=403693870/1064092098 0 0 "ourhome" f4:6d:2f:12:cc:88 rssi=-42 f=5240 sc=60 link=433 tx=0.8, 0.0, 0.0  rx=6.5 bcn=65892 [on:0 tx:0 rx:0 period:2] from screen [on:266061 period:1871697] score=60
10-15 22:28:24.724  3957  4129 D WifiStateMachine: fetchRssiLinkSpeedAndFrequencyNative rssi=-42 linkspeed=433 freq=5240
10-15 22:28:24.732 19438 19556 D ScanRecord: Not a Multi Manu data
10-15 22:28:24.780 19438 19556 I chatty  : uid=1002(bluetooth) BT Service Call identical 115 lines
10-15 22:28:24.780 19438 19556 D ScanRecord: Not a Multi Manu data
10-15 22:28:24.783 31417 31703 I BatteryMgr:DataCollectionService: stats => 1697401704783,194,4250,167,0,100
10-15 22:28:24.786 19438 19556 D ScanRecord: Not a Multi Manu data
10-15 22:28:24.863 19438 19556 I chatty  : uid=1002(bluetooth) BT Service Call identical 167 lines
10-15 22:28:24.863 19438 19556 D ScanRecord: Not a Multi Manu data
10-15 22:28:24.893 31417 31703 I BatteryMgr:DataCollectionService: stats => 1697401704893,194,4250,167,0,100
10-15 22:28:24.909 19438 19556 D ScanRecord: Not a Multi Manu data
10-15 22:28:24.998 19438 19556 I chatty  : uid=1002(bluetooth) BT Service Call identical 193 lines
10-15 22:28:24.999 19438 19556 D ScanRecord: Not a Multi Manu data
10-15 22:28:24.999  3957  4128 D WifiService: getConnectionInfo uid=1000
10-15 22:28:25.005 31417 31703 I BatteryMgr:DataCollectionService: stats => 1697401705005,194,4250,167,0,100
10-15 22:28:25.016 19438 19556 D ScanRecord: Not a Multi Manu data
10-15 22:28:25.111 19438 19556 I chatty  : uid=1002(bluetooth) BT Service Call identical 167 lines
10-15 22:28:25.111 19438 19556 D ScanRecord: Not a Multi Manu data
10-15 22:28:25.115 31417 31703 I BatteryMgr:DataCollectionService: stats => 1697401705115,194,4250,167,0,100
10-15 22:28:25.117 19438 19556 D ScanRecord: Not a Multi Manu data
10-15 22:28:25.166 19438 19556 I chatty  : uid=1002(bluetooth) BT Service Call identical 89 lines
10-15 22:28:25.166 19438 19556 D ScanRecord: Not a Multi Manu data
10-15 22:28:25.224 31417 31703 I BatteryMgr:DataCollectionService: stats => 1697401705224,194,4250,167,0,100
10-15 22:28:25.294  4961  4961 D io_stats: !@ 179,0 r 5312735 164776136 w 1290711 28027572 d 101848 31628576 f 299067 315708 iot 2360960 2086763 th 51200 0 0 pt 0 inp 1 0 403694.444
10-15 22:28:25.334 31417 31703 I BatteryMgr:DataCollectionService: stats => 1697401705334,194,4250,167,0,100
10-15 22:28:25.384  3321  3321 E audit   : avc:  denied  { find } for interface=android.hardware.memtrack::IMemtrack pid=31221 scontext=u:r:priv_app:s0:c512,c768 tcontext=u:object_r:hal_memtrack_hwservice:s0 tclass=hwservice_manager
10-15 22:28:25.384 31221 31882 E memtrack: Couldn't load memtrack module
10-15 22:28:25.384 31221 31882 W android.os.Debug: failed to get memory consumption info: -1
10-15 22:28:25.441 31417 31703 I BatteryMgr:DataCollectionService: stats => 1697401705441,194,4250,167,0,100
10-15 22:28:25.554 31417 31703 I BatteryMgr:DataCollectionService: stats => 1697401705554,194,4250,167,0,100
10-15 22:28:25.666 31417 31703 I BatteryMgr:DataCollectionService: stats => 1697401705665,194,4250,167,0,100
10-15 22:28:25.720  3957  4129 D WifiStateMachine:  ConnectedState !RSSI_PKTCNT_FETCH uid=1000 rt=403694869/1064093096 0 0 "ourhome" f4:6d:2f:12:cc:88 rssi=-42 f=5240 sc=60 link=433 tx=0.8, 0.0, 0.0  rx=6.5 bcn=65892 [on:0 tx:0 rx:0 period:999] from screen [on:266061 period:1872696] score=60
10-15 22:28:25.723  3957  4129 D WifiStateMachine:  L2ConnectedState !RSSI_PKTCNT_FETCH uid=1000 rt=403694871/1064093099 0 0 "ourhome" f4:6d:2f:12:cc:88 rssi=-42 f=5240 sc=60 link=433 tx=0.8, 0.0, 0.0  rx=6.5 bcn=65892 [on:0 tx:0 rx:0 period:3] from screen [on:266061 period:1872699] score=60
10-15 22:28:25.726  3957  4129 D WifiStateMachine: fetchRssiLinkSpeedAndFrequencyNative rssi=-42 linkspeed=433 freq=5240
10-15 22:28:25.776 31417 31703 I BatteryMgr:DataCollectionService: stats => 1697401705776,194,4250,167,0,100
10-15 22:28:25.886 31417 31703 I BatteryMgr:DataCollectionService: stats => 1697401705886,194,4250,167,0,100
10-15 22:28:25.999 31417 31703 I BatteryMgr:DataCollectionService: stats => 1697401705999,194,4250,167,0,100
10-15 22:28:26.003  3957  4128 D WifiService: getConnectionInfo uid=1000
10-15 22:28:26.110 31417 31703 I BatteryMgr:DataCollectionService: stats => 1697401706110,194,4250,167,0,100
10-15 22:28:26.223 31417 31703 I BatteryMgr:DataCollectionService: stats => 1697401706222,194,4250,167,0,100
10-15 22:28:26.331 31417 31703 I BatteryMgr:DataCollectionService: stats => 1697401706331,194,4250,167,0,100
10-15 22:28:26.439 31417 31703 I BatteryMgr:DataCollectionService: stats => 1697401706438,194,4250,167,0,100
10-15 22:28:26.556 31417 31703 I BatteryMgr:DataCollectionService: stats => 1697401706556,194,4250,167,0,100
10-15 22:28:26.671 31417 31703 I BatteryMgr:DataCollectionService: stats => 1697401706671,194,4250,167,0,100
10-15 22:28:26.722  3957  4129 D WifiStateMachine:  ConnectedState !RSSI_PKTCNT_FETCH uid=1000 rt=403695871/1064094098 0 0 "ourhome" f4:6d:2f:12:cc:88 rssi=-42 f=5240 sc=60 link=433 tx=0.8, 0.0, 0.0  rx=6.5 bcn=65892 [on:0 tx:0 rx:0 period:999] from screen [on:266061 period:1873698] score=60
10-15 22:28:26.724  3957  4129 D WifiStateMachine:  L2ConnectedState !RSSI_PKTCNT_FETCH uid=1000 rt=403695873/1064094100 0 0 "ourhome" f4:6d:2f:12:cc:88 rssi=-42 f=5240 sc=60 link=433 tx=0.8, 0.0, 0.0  rx=6.5 bcn=65892 [on:0 tx:0 rx:0 period:2] from screen [on:266061 period:1873700] score=60
10-15 22:28:26.732  3957  4129 D WifiStateMachine: fetchRssiLinkSpeedAndFrequencyNative rssi=-44 linkspeed=433 freq=5240
10-15 22:28:26.784 31417 31703 I BatteryMgr:DataCollectionService: stats => 1697401706783,194,4250,167,0,100
10-15 22:28:26.875  3957  4129 D WifiStateMachine:  ConnectedState !CMD_RSSI_POLL rt=403696025/1064094252 52 0 "ourhome" f4:6d:2f:12:cc:88 rssi=-44 f=5240 sc=60 link=433 tx=0.8, 0.0, 0.0  rx=6.5 bcn=65892 [on:0 tx:0 rx:0 period:151] from screen [on:266061 period:1873851] score=60
10-15 22:28:26.879  3957  4129 D WifiStateMachine:  L2ConnectedState !CMD_RSSI_POLL rt=403696027/1064094254 52 0 "ourhome" f4:6d:2f:12:cc:88 rssi=-44 f=5240 sc=60 link=433 tx=0.8, 0.0, 0.0  rx=6.5 bcn=65892 [on:0 tx:0 rx:0 period:4] from screen [on:266061 period:1873855] score=60
10-15 22:28:26.880  3957  4129 D WifiStateMachine:  get link layer stats 3
10-15 22:28:26.880  3436  3436 I android.hardware.wifi@1.0-service: getLinkLayerStats
10-15 22:28:26.893 31417 31703 I BatteryMgr:DataCollectionService: stats => 1697401706893,194,4250,167,0,100
10-15 22:28:26.898  3957  4129 D WifiStateMachine: fetchRssiLinkSpeedAndFrequencyNative rssi=-44 linkspeed=433 freq=5240
10-15 22:28:26.902  4340  4340 E SignalClusterView: setSlotFocusVisible : subId -2
10-15 22:28:26.902  4340  4340 E SignalClusterView: setSlotFocusVisible : subId -2
10-15 22:28:27.003 31417 31703 I BatteryMgr:DataCollectionService: stats => 1697401707003,194,4250,167,0,100
10-15 22:28:27.005  3957  4128 D WifiService: getConnectionInfo uid=1000
10-15 22:28:27.114 31417 31703 I BatteryMgr:DataCollectionService: stats => 1697401707113,194,4250,167,0,100
10-15 22:28:27.221 31417 31703 I BatteryMgr:DataCollectionService: stats => 1697401707221,194,4250,167,0,100
10-15 22:28:27.332 31417 31703 I BatteryMgr:DataCollectionService: stats => 1697401707332,194,4250,167,0,100
10-15 22:28:27.443 31417 31703 I BatteryMgr:DataCollectionService: stats => 1697401707442,194,4250,167,0,100
10-15 22:28:27.552 31417 31703 I BatteryMgr:DataCollectionService: stats => 1697401707552,194,4250,167,0,100
10-15 22:28:27.666 31417 31703 I BatteryMgr:DataCollectionService: stats => 1697401707666,194,4250,167,0,100
10-15 22:28:27.724  3957  4129 D WifiStateMachine:  ConnectedState !RSSI_PKTCNT_FETCH uid=1000 rt=403696873/1064095101 0 0 "ourhome" f4:6d:2f:12:cc:88 rssi=-44 f=5240 sc=60 link=433 tx=0.3, 0.0, 0.0  rx=4.9 bcn=65915 [on:0 tx:0 rx:0 period:823] from screen [on:266302 period:1874700] score=60
10-15 22:28:27.727  3957  4129 D WifiStateMachine:  L2ConnectedState !RSSI_PKTCNT_FETCH uid=1000 rt=403696876/1064095103 0 0 "ourhome" f4:6d:2f:12:cc:88 rssi=-44 f=5240 sc=60 link=433 tx=0.3, 0.0, 0.0  rx=4.9 bcn=65915 [on:0 tx:0 rx:0 period:2] from screen [on:266302 period:1874702] score=60
10-15 22:28:27.728  3957  4129 D WifiStateMachine: fetchRssiLinkSpeedAndFrequencyNative rssi=-42 linkspeed=433 freq=5240
10-15 22:28:27.776 31417 31703 I BatteryMgr:DataCollectionService: stats => 1697401707776,194,4250,167,0,100
10-15 22:28:27.895 31417 31703 I BatteryMgr:DataCollectionService: stats => 1697401707895,194,4250,167,0,100
10-15 22:28:28.007 31417 31703 I BatteryMgr:DataCollectionService: stats => 1697401708007,194,4250,167,0,100
10-15 22:28:28.008  3957  4128 D WifiService: getConnectionInfo uid=1000
10-15 22:28:28.124 31417 31703 I BatteryMgr:DataCollectionService: stats => 1697401708124,194,4250,167,0,100
10-15 22:28:28.242 31417 31703 I BatteryMgr:DataCollectionService: stats => 1697401708242,194,4250,167,0,100
10-15 22:28:28.353 31417 31703 I BatteryMgr:DataCollectionService: stats => 1697401708353,194,4250,167,0,100
10-15 22:28:28.466 31417 31703 I BatteryMgr:DataCollectionService: stats => 1697401708466,194,4250,167,0,100
10-15 22:28:28.574 31417 31703 I BatteryMgr:DataCollectionService: stats => 1697401708574,194,4250,167,0,100
10-15 22:28:28.685 31417 31703 I BatteryMgr:DataCollectionService: stats => 1697401708684,194,4250,167,0,100
10-15 22:28:28.727  3957  4129 D WifiStateMachine:  ConnectedState !RSSI_PKTCNT_FETCH uid=1000 rt=403697875/1064096103 0 0 "ourhome" f4:6d:2f:12:cc:88 rssi=-42 f=5240 sc=60 link=433 tx=0.3, 0.0, 0.0  rx=4.9 bcn=65915 [on:0 tx:0 rx:0 period:1001] from screen [on:266302 period:1875703] score=60
10-15 22:28:28.730  3957  4129 D WifiStateMachine:  L2ConnectedState !RSSI_PKTCNT_FETCH uid=1000 rt=403697878/1064096106 0 0 "ourhome" f4:6d:2f:12:cc:88 rssi=-42 f=5240 sc=60 link=433 tx=0.3, 0.0, 0.0  rx=4.9 bcn=65915 [on:0 tx:0 rx:0 period:3] from screen [on:266302 period:1875706] score=60
10-15 22:28:28.736  3957  4129 D WifiStateMachine: fetchRssiLinkSpeedAndFrequencyNative rssi=-42 linkspeed=433 freq=5240
10-15 22:28:28.794 31417 31703 I BatteryMgr:DataCollectionService: stats => 1697401708794,194,4250,167,0,100
10-15 22:28:28.909 31417 31703 I BatteryMgr:DataCollectionService: stats => 1697401708908,194,4250,167,0,100
10-15 22:28:29.010  3957  4128 D WifiService: getConnectionInfo uid=1000
10-15 22:28:29.023 31417 31703 I BatteryMgr:DataCollectionService: stats => 1697401709023,194,4250,167,0,100
10-15 22:28:29.133 31417 31703 I BatteryMgr:DataCollectionService: stats => 1697401709133,194,4250,167,0,100
10-15 22:28:29.252 31417 31703 I BatteryMgr:DataCollectionService: stats => 1697401709252,194,4250,167,0,100
10-15 22:28:29.368 31417 31703 I BatteryMgr:DataCollectionService: stats => 1697401709368,194,4250,167,0,100
10-15 22:28:29.375  3957  6478 D SSRM:k  : SIOP:: AP = 370, PST = 352 (W:20), BAT = 297, USB = 0, CHG = 0
10-15 22:28:29.477 31417 31703 I BatteryMgr:DataCollectionService: stats => 1697401709477,194,4250,167,0,100
10-15 22:28:29.589 31417 31703 I BatteryMgr:DataCollectionService: stats => 1697401709589,194,4250,167,0,100
10-15 22:28:29.674 19438 19556 D ScanRecord: Not a Multi Manu data
10-15 22:28:29.682 19438 19556 I chatty  : uid=1002(bluetooth) BT Service Call identical 50 lines
10-15 22:28:29.682 19438 19556 D ScanRecord: Not a Multi Manu data
10-15 22:28:29.697 31417 31703 I BatteryMgr:DataCollectionService: stats => 1697401709697,194,4250,167,0,100
10-15 22:28:29.705 19438 19556 D ScanRecord: Not a Multi Manu data
10-15 22:28:29.726 19438 19556 I chatty  : uid=1002(bluetooth) BT Service Call identical 50 lines
10-15 22:28:29.726 19438 19556 D ScanRecord: Not a Multi Manu data
10-15 22:28:29.726  3957  4129 D WifiStateMachine:  ConnectedState !RSSI_PKTCNT_FETCH uid=1000 rt=403698875/1064097103 0 0 "ourhome" f4:6d:2f:12:cc:88 rssi=-42 f=5240 sc=60 link=433 tx=0.3, 0.0, 0.0  rx=4.9 bcn=65915 [on:0 tx:0 rx:0 period:996] from screen [on:266302 period:1876702] score=60
10-15 22:28:29.727  3957  4129 D WifiStateMachine:  L2ConnectedState !RSSI_PKTCNT_FETCH uid=1000 rt=403698877/1064097104 0 0 "ourhome" f4:6d:2f:12:cc:88 rssi=-42 f=5240 sc=60 link=433 tx=0.3, 0.0, 0.0  rx=4.9 bcn=65915 [on:0 tx:0 rx:0 period:1] from screen [on:266302 period:1876703] score=60
10-15 22:28:29.728  3957  4129 D WifiStateMachine: fetchRssiLinkSpeedAndFrequencyNative rssi=-43 linkspeed=433 freq=5240
10-15 22:28:29.738 19438 19556 D ScanRecord: Not a Multi Manu data
10-15 22:28:29.802 19438 19556 I chatty  : uid=1002(bluetooth) BT Service Call identical 115 lines
10-15 22:28:29.802 19438 19556 D ScanRecord: Not a Multi Manu data
10-15 22:28:29.805 31417 31703 I BatteryMgr:DataCollectionService: stats => 1697401709805,194,4250,167,0,100
10-15 22:28:29.811 19438 19556 D ScanRecord: Not a Multi Manu data
10-15 22:28:29.888 19438 19556 I chatty  : uid=1002(bluetooth) BT Service Call identical 128 lines
10-15 22:28:29.888 19438 19556 D ScanRecord: Not a Multi Manu data
10-15 22:28:29.901  3957  4129 D WifiStateMachine:  ConnectedState !CMD_RSSI_POLL rt=403699050/1064097278 52 0 "ourhome" f4:6d:2f:12:cc:88 rssi=-43 f=5240 sc=60 link=433 tx=0.3, 0.0, 0.0  rx=4.9 bcn=65915 [on:0 tx:0 rx:0 period:174] from screen [on:266302 period:1876877] score=60
10-15 22:28:29.907  3957  4129 D WifiStateMachine:  L2ConnectedState !CMD_RSSI_POLL rt=403699053/1064097280 52 0 "ourhome" f4:6d:2f:12:cc:88 rssi=-43 f=5240 sc=60 link=433 tx=0.3, 0.0, 0.0  rx=4.9 bcn=65915 [on:0 tx:0 rx:0 period:6] from screen [on:266302 period:1876883] score=60
10-15 22:28:29.908  3957  4129 D WifiStateMachine:  get link layer stats 3
10-15 22:28:29.909  3436  3436 I android.hardware.wifi@1.0-service: getLinkLayerStats
10-15 22:28:29.910 19438 19556 D ScanRecord: Not a Multi Manu data
10-15 22:28:29.911 19438 19556 I chatty  : uid=1002(bluetooth) BT Service Call identical 12 lines
10-15 22:28:29.915 19438 19556 D ScanRecord: Not a Multi Manu data
10-15 22:28:29.915  3957  4129 D WifiStateMachine: fetchRssiLinkSpeedAndFrequencyNative rssi=-43 linkspeed=433 freq=5240
10-15 22:28:29.915 19438 19556 D ScanRecord: Not a Multi Manu data
10-15 22:28:29.916 19438 19556 I chatty  : uid=1002(bluetooth) BT Service Call identical 10 lines
10-15 22:28:29.916 19438 19556 D ScanRecord: Not a Multi Manu data
10-15 22:28:29.919 31417 31703 I BatteryMgr:DataCollectionService: stats => 1697401709918,194,4250,167,0,100
10-15 22:28:29.920 19438 19556 D ScanRecord: Not a Multi Manu data
10-15 22:28:29.924 19438 19556 I chatty  : uid=1002(bluetooth) BT Service Call identical 24 lines
10-15 22:28:29.925 19438 19556 D ScanRecord: Not a Multi Manu data
10-15 22:28:29.925  4340  4340 E SignalClusterView: setSlotFocusVisible : subId -2
10-15 22:28:29.925  4340  4340 E SignalClusterView: setSlotFocusVisible : subId -2
10-15 22:28:29.927 19438 19556 D ScanRecord: Not a Multi Manu data
10-15 22:28:30.003 19438 19556 I chatty  : uid=1002(bluetooth) BT Service Call identical 115 lines
10-15 22:28:30.003 19438 19556 D ScanRecord: Not a Multi Manu data
10-15 22:28:30.012  3957  4128 D WifiService: getConnectionInfo uid=1000
10-15 22:28:30.021 19438 19556 D ScanRecord: Not a Multi Manu data
10-15 22:28:30.027 19438 19556 I chatty  : uid=1002(bluetooth) BT Service Call identical 24 lines
10-15 22:28:30.027 19438 19556 D ScanRecord: Not a Multi Manu data
10-15 22:28:30.029 31417 31703 I BatteryMgr:DataCollectionService: stats => 1697401710029,194,4250,167,0,100
10-15 22:28:30.031 19438 19556 D ScanRecord: Not a Multi Manu data
10-15 22:28:30.138 19438 19556 I chatty  : uid=1002(bluetooth) BT Service Call identical 258 lines
10-15 22:28:30.138 19438 19556 D ScanRecord: Not a Multi Manu data
10-15 22:28:30.140 31417 31703 I BatteryMgr:DataCollectionService: stats => 1697401710140,194,4250,167,0,100
10-15 22:28:30.142 19438 19556 D ScanRecord: Not a Multi Manu data
10-15 22:28:30.167 19438 19556 I chatty  : uid=1002(bluetooth) BT Service Call identical 50 lines
10-15 22:28:30.167 19438 19556 D ScanRecord: Not a Multi Manu data
10-15 22:28:30.252 31417 31703 I BatteryMgr:DataCollectionService: stats => 1697401710251,194,4250,167,0,100
10-15 22:28:30.297  4961  4961 D io_stats: !@ 179,0 r 5312847 164781360 w 1290720 28027744 d 101849 31628644 f 299068 315709 iot 2361032 2086818 th 51200 0 0 pt 0 inp 0 0 403699.447
10-15 22:28:30.372 31417 31703 I BatteryMgr:DataCollectionService: stats => 1697401710371,194,4250,167,0,100
10-15 22:28:30.384  3957  4030 D SensorService: [SO] 0.105 -0.105 9.979
10-15 22:28:30.484 31417 31703 I BatteryMgr:DataCollectionService: stats => 1697401710484,194,4250,167,0,100
10-15 22:28:30.577 31221 31221 D BoundBrokerSvc: onUnbind: Intent { act=com.google.android.gms.semanticlocationhistory.zeroparty.service.START dat=chimera-action: cmp=com.google.android.gms/.chimera.GmsApiService }
10-15 22:28:30.591 31417 31703 I BatteryMgr:DataCollectionService: stats => 1697401710591,194,4250,167,0,100
10-15 22:28:30.701 31417 31703 I BatteryMgr:DataCollectionService: stats => 1697401710701,194,4250,167,0,100
10-15 22:28:30.727  3957  4129 D WifiStateMachine:  ConnectedState !RSSI_PKTCNT_FETCH uid=1000 rt=403699876/1064098104 0 0 "ourhome" f4:6d:2f:12:cc:88 rssi=-43 f=5240 sc=60 link=433 tx=2.6, 0.0, 0.0  rx=4.3 bcn=65941 [on:0 tx:0 rx:0 period:804] from screen [on:267550 period:1877703] score=60
10-15 22:28:30.729  3957  4129 D WifiStateMachine:  L2ConnectedState !RSSI_PKTCNT_FETCH uid=1000 rt=403699878/1064098106 0 0 "ourhome" f4:6d:2f:12:cc:88 rssi=-43 f=5240 sc=60 link=433 tx=2.6, 0.0, 0.0  rx=4.3 bcn=65941 [on:0 tx:0 rx:0 period:2] from screen [on:267550 period:1877705] score=60
10-15 22:28:30.735  3957  4129 D WifiStateMachine: fetchRssiLinkSpeedAndFrequencyNative rssi=-43 linkspeed=433 freq=5240
10-15 22:28:30.809 31417 31703 I BatteryMgr:DataCollectionService: stats => 1697401710809,194,4250,167,0,100
10-15 22:28:30.917 31417 31703 I BatteryMgr:DataCollectionService: stats => 1697401710917,194,4250,167,0,100
10-15 22:28:31.014  3957  4128 D WifiService: getConnectionInfo uid=1000
10-15 22:28:31.024 31417 31703 I BatteryMgr:DataCollectionService: stats => 1697401711024,194,4250,167,0,100
10-15 22:28:31.067  4340  4731 D NetworkController.MobileSignalController(0/-2): onSignalStrengthsChanged signalStrength=SignalStrength: 24 99 -24 -200 -24 -200 -1 99 2147483647 2147483647 2147483647 2147483647 0 2147483647 0x4 P gsm|lte level=4
10-15 22:28:31.070  4340  4731 D NetworkController.MobileSignalController(0/-2): getMobileIconGroup(): 0
10-15 22:28:31.131 31417 31703 I BatteryMgr:DataCollectionService: stats => 1697401711131,194,4250,167,0,100
10-15 22:28:31.238 31417 31703 I BatteryMgr:DataCollectionService: stats => 1697401711238,194,4250,167,0,100
10-15 22:28:31.346 31417 31703 I BatteryMgr:DataCollectionService: stats => 1697401711346,194,4250,167,0,100
10-15 22:28:31.453 31417 31703 I BatteryMgr:DataCollectionService: stats => 1697401711452,194,4250,167,0,100
10-15 22:28:31.559 31417 31703 I BatteryMgr:DataCollectionService: stats => 1697401711559,62,4250,141,0,100
10-15 22:28:31.666 31417 31703 I BatteryMgr:DataCollectionService: stats => 1697401711666,62,4250,141,0,100
10-15 22:28:31.728  3957  4129 D WifiStateMachine:  ConnectedState !RSSI_PKTCNT_FETCH uid=1000 rt=403700878/1064099105 0 0 "ourhome" f4:6d:2f:12:cc:88 rssi=-43 f=5240 sc=60 link=433 tx=2.6, 0.0, 0.0  rx=4.3 bcn=65941 [on:0 tx:0 rx:0 period:999] from screen [on:267550 period:1878704] score=60
10-15 22:28:31.730  3957  4129 D WifiStateMachine:  L2ConnectedState !RSSI_PKTCNT_FETCH uid=1000 rt=403700879/1064099107 0 0 "ourhome" f4:6d:2f:12:cc:88 rssi=-43 f=5240 sc=60 link=433 tx=2.6, 0.0, 0.0  rx=4.3 bcn=65941 [on:0 tx:0 rx:0 period:2] from screen [on:267550 period:1878706] score=60
10-15 22:28:31.736  3957  4129 D WifiStateMachine: fetchRssiLinkSpeedAndFrequencyNative rssi=-42 linkspeed=433 freq=5240
10-15 22:28:31.772 31417 31703 I BatteryMgr:DataCollectionService: stats => 1697401711772,62,4250,141,0,100
10-15 22:28:31.879 31417 31703 I BatteryMgr:DataCollectionService: stats => 1697401711879,62,4250,141,0,100
10-15 22:28:31.956  3957  4650 D BatteryService: !@BatteryListener : batteryPropertiesChanged!
10-15 22:28:31.985 31417 31703 I BatteryMgr:DataCollectionService: stats => 1697401711985,62,4250,141,0,100
10-15 22:28:32.016  3957  4128 D WifiService: getConnectionInfo uid=1000
10-15 22:28:32.091 31417 31703 I BatteryMgr:DataCollectionService: stats => 1697401712091,62,4250,141,0,100
10-15 22:28:32.200 31417 31703 I BatteryMgr:DataCollectionService: stats => 1697401712200,62,4250,141,0,100
10-15 22:28:32.311 31417 31703 I BatteryMgr:DataCollectionService: stats => 1697401712311,62,4250,141,0,100
10-15 22:28:32.424 31417 31703 I BatteryMgr:DataCollectionService: stats => 1697401712423,62,4250,141,0,100
10-15 22:28:32.535 31417 31703 I BatteryMgr:DataCollectionService: stats => 1697401712534,62,4250,141,0,100
10-15 22:28:32.647 31417 31703 I BatteryMgr:DataCollectionService: stats => 1697401712647,62,4250,141,0,100
10-15 22:28:32.732  3957  4129 D WifiStateMachine:  ConnectedState !RSSI_PKTCNT_FETCH uid=1000 rt=403701880/1064100107 0 0 "ourhome" f4:6d:2f:12:cc:88 rssi=-42 f=5240 sc=60 link=433 tx=2.6, 0.0, 0.0  rx=4.3 bcn=65941 [on:0 tx:0 rx:0 period:1002] from screen [on:267550 period:1879708] score=60
10-15 22:28:32.735  3957  4129 D WifiStateMachine:  L2ConnectedState !RSSI_PKTCNT_FETCH uid=1000 rt=403701884/1064100111 0 0 "ourhome" f4:6d:2f:12:cc:88 rssi=-42 f=5240 sc=60 link=433 tx=2.6, 0.0, 0.0  rx=4.3 bcn=65941 [on:0 tx:0 rx:0 period:3] from screen [on:267550 period:1879711] score=60
10-15 22:28:32.738  3957  4129 D WifiStateMachine: fetchRssiLinkSpeedAndFrequencyNative rssi=-41 linkspeed=433 freq=5240
10-15 22:28:32.759 31417 31703 I BatteryMgr:DataCollectionService: stats => 1697401712759,62,4250,141,0,100
10-15 22:28:32.872 31417 31703 I BatteryMgr:DataCollectionService: stats => 1697401712872,62,4250,141,0,100
10-15 22:28:32.920  3957  4129 D WifiStateMachine:  ConnectedState !CMD_RSSI_POLL rt=403702068/1064100295 52 0 "ourhome" f4:6d:2f:12:cc:88 rssi=-41 f=5240 sc=60 link=433 tx=2.6, 0.0, 0.0  rx=4.3 bcn=65941 [on:0 tx:0 rx:0 period:185] from screen [on:267550 period:1879896] score=60
10-15 22:28:32.922  3957  4129 D WifiStateMachine:  L2ConnectedState !CMD_RSSI_POLL rt=403702071/1064100299 52 0 "ourhome" f4:6d:2f:12:cc:88 rssi=-41 f=5240 sc=60 link=433 tx=2.6, 0.0, 0.0  rx=4.3 bcn=65941 [on:0 tx:0 rx:0 period:2] from screen [on:267550 period:1879898] score=60
10-15 22:28:32.922  3957  4129 D WifiStateMachine:  get link layer stats 3
10-15 22:28:32.923  3436  3436 I android.hardware.wifi@1.0-service: getLinkLayerStats
10-15 22:28:32.927  3957  4129 D WifiStateMachine: fetchRssiLinkSpeedAndFrequencyNative rssi=-42 linkspeed=433 freq=5240
10-15 22:28:32.935  4340  4340 E SignalClusterView: setSlotFocusVisible : subId -2
10-15 22:28:32.935  4340  4340 E SignalClusterView: setSlotFocusVisible : subId -2
10-15 22:28:32.984 31417 31703 I BatteryMgr:DataCollectionService: stats => 1697401712983,62,4250,141,0,100
10-15 22:28:33.019  3957  4128 D WifiService: getConnectionInfo uid=1000
10-15 22:28:33.092 31417 31703 I BatteryMgr:DataCollectionService: stats => 1697401713091,62,4250,141,0,100
10-15 22:28:33.209 31417 31703 I BatteryMgr:DataCollectionService: stats => 1697401713208,62,4250,141,0,100
10-15 22:28:33.322 31417 31703 I BatteryMgr:DataCollectionService: stats => 1697401713321,62,4250,141,0,100
10-15 22:28:33.433 31417 31703 I BatteryMgr:DataCollectionService: stats => 1697401713433,62,4250,141,0,100
10-15 22:28:33.544 31417 31703 I BatteryMgr:DataCollectionService: stats => 1697401713544,62,4250,141,0,100
10-15 22:28:33.656 31417 31703 I BatteryMgr:DataCollectionService: stats => 1697401713655,62,4250,141,0,100
10-15 22:28:33.731  3957  4129 D WifiStateMachine:  ConnectedState !RSSI_PKTCNT_FETCH uid=1000 rt=403702880/1064101108 0 0 "ourhome" f4:6d:2f:12:cc:88 rssi=-42 f=5240 sc=60 link=433 tx=1.6, 0.0, 0.0  rx=4.1 bcn=65971 [on:0 tx:0 rx:0 period:800] from screen [on:268392 period:1880707] score=60
10-15 22:28:33.734  3957  4129 D WifiStateMachine:  L2ConnectedState !RSSI_PKTCNT_FETCH uid=1000 rt=403702883/1064101110 0 0 "ourhome" f4:6d:2f:12:cc:88 rssi=-42 f=5240 sc=60 link=433 tx=1.6, 0.0, 0.0  rx=4.1 bcn=65971 [on:0 tx:0 rx:0 period:2] from screen [on:268392 period:1880709] score=60
10-15 22:28:33.741  3957  4129 D WifiStateMachine: fetchRssiLinkSpeedAndFrequencyNative rssi=-42 linkspeed=433 freq=5240
10-15 22:28:33.766 31417 31703 I BatteryMgr:DataCollectionService: stats => 1697401713766,62,4250,141,0,100
10-15 22:28:33.879 31417 31703 I BatteryMgr:DataCollectionService: stats => 1697401713879,62,4250,141,0,100
10-15 22:28:33.991 31417 31703 I BatteryMgr:DataCollectionService: stats => 1697401713991,62,4250,141,0,100
10-15 22:28:34.022  3957  4128 D WifiService: getConnectionInfo uid=1000
10-15 22:28:34.104 31417 31703 I BatteryMgr:DataCollectionService: stats => 1697401714103,62,4250,141,0,100
10-15 22:28:34.216 31417 31703 I BatteryMgr:DataCollectionService: stats => 1697401714216,62,4250,141,0,100
10-15 22:28:34.326 31417 31703 I BatteryMgr:DataCollectionService: stats => 1697401714326,62,4250,141,0,100
10-15 22:28:34.439 31417 31703 I BatteryMgr:DataCollectionService: stats => 1697401714439,62,4250,141,0,100
10-15 22:28:34.549 31417 31703 I BatteryMgr:DataCollectionService: stats => 1697401714549,62,4250,141,0,100
10-15 22:28:34.659 31417 31703 I BatteryMgr:DataCollectionService: stats => 1697401714659,62,4250,141,0,100
10-15 22:28:34.686 19438 19556 D ScanRecord: Not a Multi Manu data
10-15 22:28:34.725 19438 19556 I chatty  : uid=1002(bluetooth) BT Service Call identical 90 lines
10-15 22:28:34.732 19438 19556 D ScanRecord: Not a Multi Manu data
10-15 22:28:34.732  3957  4129 D WifiStateMachine:  ConnectedState !RSSI_PKTCNT_FETCH uid=1000 rt=403703882/1064102109 0 0 "ourhome" f4:6d:2f:12:cc:88 rssi=-42 f=5240 sc=60 link=433 tx=1.6, 0.0, 0.0  rx=4.1 bcn=65971 [on:0 tx:0 rx:0 period:999] from screen [on:268392 period:1881708] score=60
10-15 22:28:34.732 19438 19556 D ScanRecord: Not a Multi Manu data
10-15 22:28:34.733 19438 19556 I chatty  : uid=1002(bluetooth) BT Service Call identical 10 lines
10-15 22:28:34.733 19438 19556 D ScanRecord: Not a Multi Manu data
10-15 22:28:34.735  3957  4129 D WifiStateMachine:  L2ConnectedState !RSSI_PKTCNT_FETCH uid=1000 rt=403703883/1064102110 0 0 "ourhome" f4:6d:2f:12:cc:88 rssi=-42 f=5240 sc=60 link=433 tx=1.6, 0.0, 0.0  rx=4.1 bcn=65971 [on:0 tx:0 rx:0 period:2] from screen [on:268392 period:1881710] score=60
10-15 22:28:34.737 19438 19556 D ScanRecord: Not a Multi Manu data
10-15 22:28:34.738 19438 19556 I chatty  : uid=1002(bluetooth) BT Service Call identical 11 lines
10-15 22:28:34.738 19438 19556 D ScanRecord: Not a Multi Manu data
10-15 22:28:34.742  3957  4129 D WifiStateMachine: fetchRssiLinkSpeedAndFrequencyNative rssi=-42 linkspeed=433 freq=5240
10-15 22:28:34.744 19438 19556 D ScanRecord: Not a Multi Manu data
10-15 22:28:34.758 19438 19556 I chatty  : uid=1002(bluetooth) BT Service Call identical 37 lines
10-15 22:28:34.758 19438 19556 D ScanRecord: Not a Multi Manu data
10-15 22:28:34.772 31417 31703 I BatteryMgr:DataCollectionService: stats => 1697401714771,62,4250,141,0,100
10-15 22:28:34.776 19438 19556 D ScanRecord: Not a Multi Manu data
10-15 22:28:34.869 19438 19556 I chatty  : uid=1002(bluetooth) BT Service Call identical 128 lines
10-15 22:28:34.869 19438 19556 D ScanRecord: Not a Multi Manu data
10-15 22:28:34.878 31417 31703 I BatteryMgr:DataCollectionService: stats => 1697401714878,62,4250,141,0,100
10-15 22:28:34.901 19438 19556 D ScanRecord: Not a Multi Manu data
10-15 22:28:34.991 19438 19556 I chatty  : uid=1002(bluetooth) BT Service Call identical 104 lines
10-15 22:28:34.991 19438 19556 D ScanRecord: Not a Multi Manu data
10-15 22:28:34.991 31417 31703 I BatteryMgr:DataCollectionService: stats => 1697401714991,62,4250,141,0,100
10-15 22:28:34.991 19438 19556 D ScanRecord: Not a Multi Manu data
10-15 22:28:35.022 19438 19556 I chatty  : uid=1002(bluetooth) BT Service Call identical 74 lines
10-15 22:28:35.023 19438 19556 D ScanRecord: Not a Multi Manu data
10-15 22:28:35.025  3957  4128 D WifiService: getConnectionInfo uid=1000
10-15 22:28:35.026 19438 19556 D ScanRecord: Not a Multi Manu data
10-15 22:28:35.103 19438 19556 I chatty  : uid=1002(bluetooth) BT Service Call identical 128 lines
10-15 22:28:35.103 19438 19556 D ScanRecord: Not a Multi Manu data
10-15 22:28:35.106 31417 31703 I BatteryMgr:DataCollectionService: stats => 1697401715106,62,4250,141,0,100
10-15 22:28:35.110 19438 19556 D ScanRecord: Not a Multi Manu data
10-15 22:28:35.170 19438 19556 I chatty  : uid=1002(bluetooth) BT Service Call identical 141 lines
10-15 22:28:35.170 19438 19556 D ScanRecord: Not a Multi Manu data
10-15 22:28:35.215 31417 31703 I BatteryMgr:DataCollectionService: stats => 1697401715215,62,4250,141,0,100
10-15 22:28:35.300  4961  4961 D io_stats: !@ 179,0 r 5313094 164789968 w 1290734 28027932 d 101850 31628712 f 299069 315710 iot 2361136 2086903 th 51200 0 0 pt 0 inp 0 0 403704.450
10-15 22:28:35.323 31417 31703 I BatteryMgr:DataCollectionService: stats => 1697401715323,62,4250,141,0,100
10-15 22:28:35.433 31417 31703 I BatteryMgr:DataCollectionService: stats => 1697401715433,62,4250,141,0,100
10-15 22:28:35.545 31417 31703 I BatteryMgr:DataCollectionService: stats => 1697401715545,62,4250,141,0,100
10-15 22:28:35.656 31417 31703 I BatteryMgr:DataCollectionService: stats => 1697401715656,62,4250,141,0,100
10-15 22:28:35.733  3957  4129 D WifiStateMachine:  ConnectedState !RSSI_PKTCNT_FETCH uid=1000 rt=403704882/1064103110 0 0 "ourhome" f4:6d:2f:12:cc:88 rssi=-42 f=5240 sc=60 link=433 tx=1.6, 0.0, 0.0  rx=4.1 bcn=65971 [on:0 tx:0 rx:0 period:999] from screen [on:268392 period:1882709] score=60
10-15 22:28:35.735  3957  4129 D WifiStateMachine:  L2ConnectedState !RSSI_PKTCNT_FETCH uid=1000 rt=403704884/1064103112 0 0 "ourhome" f4:6d:2f:12:cc:88 rssi=-42 f=5240 sc=60 link=433 tx=1.6, 0.0, 0.0  rx=4.1 bcn=65971 [on:0 tx:0 rx:0 period:2] from screen [on:268392 period:1882711] score=60
10-15 22:28:35.741  3957  4129 D WifiStateMachine: fetchRssiLinkSpeedAndFrequencyNative rssi=-41 linkspeed=433 freq=5240
10-15 22:28:35.764 31417 31703 I BatteryMgr:DataCollectionService: stats => 1697401715764,62,4250,141,0,100
10-15 22:28:35.874 31417 31703 I BatteryMgr:DataCollectionService: stats => 1697401715874,62,4250,141,0,100
10-15 22:28:35.931  3957  4129 D WifiStateMachine:  ConnectedState !CMD_RSSI_POLL rt=403705080/1064103307 52 0 "ourhome" f4:6d:2f:12:cc:88 rssi=-41 f=5240 sc=60 link=433 tx=1.6, 0.0, 0.0  rx=4.1 bcn=65971 [on:0 tx:0 rx:0 period:196] from screen [on:268392 period:1882907] score=60
10-15 22:28:35.933  3957  4129 D WifiStateMachine:  L2ConnectedState !CMD_RSSI_POLL rt=403705082/1064103309 52 0 "ourhome" f4:6d:2f:12:cc:88 rssi=-41 f=5240 sc=60 link=433 tx=1.6, 0.0, 0.0  rx=4.1 bcn=65971 [on:0 tx:0 rx:0 period:1] from screen [on:268392 period:1882908] score=60
10-15 22:28:35.933  3957  4129 D WifiStateMachine:  get link layer stats 3
10-15 22:28:35.934  3436  3436 I android.hardware.wifi@1.0-service: getLinkLayerStats
10-15 22:28:35.952  3957  4129 D WifiStateMachine: fetchRssiLinkSpeedAndFrequencyNative rssi=-42 linkspeed=433 freq=5240
10-15 22:28:35.958  4340  4340 E SignalClusterView: setSlotFocusVisible : subId -2
10-15 22:28:35.959  4340  4340 E SignalClusterView: setSlotFocusVisible : subId -2
10-15 22:28:35.984 31417 31703 I BatteryMgr:DataCollectionService: stats => 1697401715984,62,4250,141,0,100
10-15 22:28:36.028  3957  4128 D WifiService: getConnectionInfo uid=1000
10-15 22:28:36.095 31417 31703 I BatteryMgr:DataCollectionService: stats => 1697401716095,62,4250,141,0,100
10-15 22:28:36.207 31417 31703 I BatteryMgr:DataCollectionService: stats => 1697401716207,62,4250,141,0,100
10-15 22:28:36.319 31417 31703 I BatteryMgr:DataCollectionService: stats => 1697401716318,62,4250,141,0,100
10-15 22:28:36.430 31417 31703 I BatteryMgr:DataCollectionService: stats => 1697401716430,62,4250,141,0,100
10-15 22:28:36.542 31417 31703 I BatteryMgr:DataCollectionService: stats => 1697401716542,62,4250,141,0,100
10-15 22:28:36.652 31417 31703 I BatteryMgr:DataCollectionService: stats => 1697401716652,62,4250,141,0,100
10-15 22:28:36.735  3957  4129 D WifiStateMachine:  ConnectedState !RSSI_PKTCNT_FETCH uid=1000 rt=403705884/1064104111 0 0 "ourhome" f4:6d:2f:12:cc:88 rssi=-42 f=5240 sc=60 link=433 tx=0.6, 0.0, 0.0  rx=3.4 bcn=65999 [on:0 tx:0 rx:0 period:778] from screen [on:268655 period:1883711] score=60
10-15 22:28:36.737  3957  4129 D WifiStateMachine:  L2ConnectedState !RSSI_PKTCNT_FETCH uid=1000 rt=403705886/1064104113 0 0 "ourhome" f4:6d:2f:12:cc:88 rssi=-42 f=5240 sc=60 link=433 tx=0.6, 0.0, 0.0  rx=3.4 bcn=65999 [on:0 tx:0 rx:0 period:2] from screen [on:268655 period:1883713] score=60
10-15 22:28:36.744  3957  4129 D WifiStateMachine: fetchRssiLinkSpeedAndFrequencyNative rssi=-42 linkspeed=433 freq=5240
10-15 22:28:36.767 31417 31703 I BatteryMgr:DataCollectionService: stats => 1697401716766,62,4250,141,0,100
10-15 22:28:36.879 31417 31703 I BatteryMgr:DataCollectionService: stats => 1697401716878,62,4250,141,0,100
10-15 22:28:36.992 31417 31703 I BatteryMgr:DataCollectionService: stats => 1697401716992,62,4250,141,0,100
10-15 22:28:37.031  3957  4128 D WifiService: getConnectionInfo uid=1000
10-15 22:28:37.108 31417 31703 I BatteryMgr:DataCollectionService: stats => 1697401717107,62,4250,141,0,100
10-15 22:28:37.216 31417 31703 I BatteryMgr:DataCollectionService: stats => 1697401717216,62,4250,141,0,100
10-15 22:28:37.327 31417 31703 I BatteryMgr:DataCollectionService: stats => 1697401717326,62,4250,141,0,100
10-15 22:28:37.435 31417 31703 I BatteryMgr:DataCollectionService: stats => 1697401717435,62,4250,141,0,100
10-15 22:28:37.547 31417 31703 I BatteryMgr:DataCollectionService: stats => 1697401717547,62,4250,141,0,100
10-15 22:28:37.660 31417 31703 I BatteryMgr:DataCollectionService: stats => 1697401717660,62,4250,141,0,100
10-15 22:28:37.736  3957  4129 D WifiStateMachine:  ConnectedState !RSSI_PKTCNT_FETCH uid=1000 rt=403706885/1064105113 0 0 "ourhome" f4:6d:2f:12:cc:88 rssi=-42 f=5240 sc=60 link=433 tx=0.6, 0.0, 0.0  rx=3.4 bcn=65999 [on:0 tx:0 rx:0 period:999] from screen [on:268655 period:1884712] score=60
10-15 22:28:37.739  3957  4129 D WifiStateMachine:  L2ConnectedState !RSSI_PKTCNT_FETCH uid=1000 rt=403706887/1064105114 0 0 "ourhome" f4:6d:2f:12:cc:88 rssi=-42 f=5240 sc=60 link=433 tx=0.6, 0.0, 0.0  rx=3.4 bcn=65999 [on:0 tx:0 rx:0 period:2] from screen [on:268655 period:1884714] score=60
10-15 22:28:37.742  3957  4129 D WifiStateMachine: fetchRssiLinkSpeedAndFrequencyNative rssi=-42 linkspeed=433 freq=5240
10-15 22:28:37.772 31417 31703 I BatteryMgr:DataCollectionService: stats => 1697401717771,62,4250,141,0,100
10-15 22:28:37.884 31417 31703 I BatteryMgr:DataCollectionService: stats => 1697401717884,62,4250,141,0,100
10-15 22:28:37.995 31417 31703 I BatteryMgr:DataCollectionService: stats => 1697401717995,62,4250,141,0,100
10-15 22:28:38.034  3957  4128 D WifiService: getConnectionInfo uid=1000
10-15 22:28:38.103 31417 31703 I BatteryMgr:DataCollectionService: stats => 1697401718103,62,4250,141,0,100
10-15 22:28:38.215 31417 31703 I BatteryMgr:DataCollectionService: stats => 1697401718215,62,4250,141,0,100
10-15 22:28:38.327 31417 31703 I BatteryMgr:DataCollectionService: stats => 1697401718327,62,4250,141,0,100
10-15 22:28:38.438 31417 31703 I BatteryMgr:DataCollectionService: stats => 1697401718438,62,4250,141,0,100
10-15 22:28:38.549 31417 31703 I BatteryMgr:DataCollectionService: stats => 1697401718549,62,4250,141,0,100
10-15 22:28:38.660 31417 31703 I BatteryMgr:DataCollectionService: stats => 1697401718660,62,4250,141,0,100
10-15 22:28:38.738  3957  4129 D WifiStateMachine:  ConnectedState !RSSI_PKTCNT_FETCH uid=1000 rt=403707887/1064106115 0 0 "ourhome" f4:6d:2f:12:cc:88 rssi=-42 f=5240 sc=60 link=433 tx=0.6, 0.0, 0.0  rx=3.4 bcn=65999 [on:0 tx:0 rx:0 period:1000] from screen [on:268655 period:1885714] score=60
10-15 22:28:38.740  3957  4129 D WifiStateMachine:  L2ConnectedState !RSSI_PKTCNT_FETCH uid=1000 rt=403707889/1064106117 0 0 "ourhome" f4:6d:2f:12:cc:88 rssi=-42 f=5240 sc=60 link=433 tx=0.6, 0.0, 0.0  rx=3.4 bcn=65999 [on:0 tx:0 rx:0 period:2] from screen [on:268655 period:1885716] score=60
10-15 22:28:38.746  3957  4129 D WifiStateMachine: fetchRssiLinkSpeedAndFrequencyNative rssi=-42 linkspeed=433 freq=5240
10-15 22:28:38.770 31417 31703 I BatteryMgr:DataCollectionService: stats => 1697401718770,62,4250,141,0,100
10-15 22:28:38.882 31417 31703 I BatteryMgr:DataCollectionService: stats => 1697401718881,62,4250,141,0,100
10-15 22:28:38.956  3957  4129 D WifiStateMachine:  ConnectedState !CMD_RSSI_POLL rt=403708104/1064106332 52 0 "ourhome" f4:6d:2f:12:cc:88 rssi=-42 f=5240 sc=60 link=433 tx=0.6, 0.0, 0.0  rx=3.4 bcn=65999 [on:0 tx:0 rx:0 period:215] from screen [on:268655 period:1885931] score=60
10-15 22:28:38.959  3957  4129 D WifiStateMachine:  L2ConnectedState !CMD_RSSI_POLL rt=403708107/1064106334 52 0 "ourhome" f4:6d:2f:12:cc:88 rssi=-42 f=5240 sc=60 link=433 tx=0.6, 0.0, 0.0  rx=3.4 bcn=65999 [on:0 tx:0 rx:0 period:4] from screen [on:268655 period:1885935] score=60
10-15 22:28:38.960  3957  4129 D WifiStateMachine:  get link layer stats 3
10-15 22:28:38.961  3436  3436 I android.hardware.wifi@1.0-service: getLinkLayerStats
10-15 22:28:38.980  3957  4129 D WifiStateMachine: fetchRssiLinkSpeedAndFrequencyNative rssi=-41 linkspeed=433 freq=5240
10-15 22:28:38.986  4340  4340 E SignalClusterView: setSlotFocusVisible : subId -2
10-15 22:28:38.987  4340  4340 E SignalClusterView: setSlotFocusVisible : subId -2
10-15 22:28:38.991 31417 31703 I BatteryMgr:DataCollectionService: stats => 1697401718991,62,4250,141,0,100
10-15 22:28:39.037  3957  4128 D WifiService: getConnectionInfo uid=1000
10-15 22:28:39.104 31417 31703 I BatteryMgr:DataCollectionService: stats => 1697401719104,62,4250,141,0,100
10-15 22:28:39.214 31417 31703 I BatteryMgr:DataCollectionService: stats => 1697401719214,62,4250,141,0,100
10-15 22:28:39.323 31417 31703 I BatteryMgr:DataCollectionService: stats => 1697401719323,62,4250,141,0,100
10-15 22:28:39.425  3957  6478 D SSRM:k  : SIOP:: AP = 370, PST = 352 (W:22), BAT = 297, USB = 0, CHG = 0
10-15 22:28:39.519 31417 31703 I BatteryMgr:DataCollectionService: stats => 1697401719518,62,4250,141,0,100
10-15 22:28:39.628 31417 31703 I BatteryMgr:DataCollectionService: stats => 1697401719628,62,4250,141,0,100
10-15 22:28:39.673 19438 19556 D ScanRecord: Not a Multi Manu data
10-15 22:28:39.727 19438 19556 I chatty  : uid=1002(bluetooth) BT Service Call identical 154 lines
10-15 22:28:39.728 19438 19556 D ScanRecord: Not a Multi Manu data
10-15 22:28:39.734 31417 31703 I BatteryMgr:DataCollectionService: stats => 1697401719734,62,4250,141,0,100
10-15 22:28:39.737 19438 19556 D ScanRecord: Not a Multi Manu data
10-15 22:28:39.743 19438 19556 I chatty  : uid=1002(bluetooth) BT Service Call identical 24 lines
10-15 22:28:39.744 19438 19556 D ScanRecord: Not a Multi Manu data
10-15 22:28:39.751  3957  4129 D WifiStateMachine:  ConnectedState !RSSI_PKTCNT_FETCH uid=1000 rt=403708898/1064107126 0 0 "ourhome" f4:6d:2f:12:cc:88 rssi=-41 f=5240 sc=60 link=433 tx=0.8, 0.0, 0.0  rx=3.1 bcn=66026 [on:0 tx:0 rx:0 period:768] from screen [on:269155 period:1886727] score=60
10-15 22:28:39.753  3957  4129 D WifiStateMachine:  L2ConnectedState !RSSI_PKTCNT_FETCH uid=1000 rt=403708902/1064107130 0 0 "ourhome" f4:6d:2f:12:cc:88 rssi=-41 f=5240 sc=60 link=433 tx=0.8, 0.0, 0.0  rx=3.1 bcn=66026 [on:0 tx:0 rx:0 period:2] from screen [on:269155 period:1886729] score=60
10-15 22:28:39.755  3957  4129 D WifiStateMachine: fetchRssiLinkSpeedAndFrequencyNative rssi=-41 linkspeed=433 freq=5240
10-15 22:28:39.762 19438 19556 D ScanRecord: Not a Multi Manu data
10-15 22:28:39.774 19438 19556 I chatty  : uid=1002(bluetooth) BT Service Call identical 37 lines
10-15 22:28:39.774 19438 19556 D ScanRecord: Not a Multi Manu data
10-15 22:28:39.775  3957  3966 I zygote64: Background concurrent copying GC freed 516257(20MB) AllocSpace objects, 173(3MB) LOS objects, 36% free, 41MB/65MB, paused 13.813ms total 377.241ms
10-15 22:28:39.778 19438 19556 D ScanRecord: Not a Multi Manu data
10-15 22:28:39.848 19438 19556 I chatty  : uid=1002(bluetooth) BT Service Call identical 144 lines
10-15 22:28:39.848 19438 19556 D ScanRecord: Not a Multi Manu data
10-15 22:28:39.848 31417 31703 I BatteryMgr:DataCollectionService: stats => 1697401719848,62,4250,141,0,100
10-15 22:28:39.848 19438 19556 D ScanRecord: Not a Multi Manu data
10-15 22:28:39.956 19438 19556 I chatty  : uid=1002(bluetooth) BT Service Call identical 242 lines
10-15 22:28:39.956 19438 19556 D ScanRecord: Not a Multi Manu data
10-15 22:28:39.960 31417 31703 I BatteryMgr:DataCollectionService: stats => 1697401719960,62,4250,141,0,100
10-15 22:28:39.968 19438 19556 D ScanRecord: Not a Multi Manu data
10-15 22:28:40.038 19438 19556 I chatty  : uid=1002(bluetooth) BT Service Call identical 128 lines
10-15 22:28:40.038 19438 19556 D ScanRecord: Not a Multi Manu data
10-15 22:28:40.040  3957  4128 D WifiService: getConnectionInfo uid=1000
10-15 22:28:40.045 19438 19556 D ScanRecord: Not a Multi Manu data
10-15 22:28:40.066 19438 19556 I chatty  : uid=1002(bluetooth) BT Service Call identical 50 lines
10-15 22:28:40.066 19438 19556 D ScanRecord: Not a Multi Manu data
10-15 22:28:40.070 31417 31703 I BatteryMgr:DataCollectionService: stats => 1697401720070,62,4250,141,0,100
10-15 22:28:40.073 19438 19556 D ScanRecord: Not a Multi Manu data
10-15 22:28:40.170 19438 19556 I chatty  : uid=1002(bluetooth) BT Service Call identical 284 lines
10-15 22:28:40.170 19438 19556 D ScanRecord: Not a Multi Manu data
10-15 22:28:40.184 31417 31703 I BatteryMgr:DataCollectionService: stats => 1697401720184,62,4250,141,0,100
10-15 22:28:40.296 31417 31703 I BatteryMgr:DataCollectionService: stats => 1697401720296,62,4250,141,0,100
10-15 22:28:40.304  4961  4961 D io_stats: !@ 179,0 r 5313541 164799232 w 1290743 28028104 d 101851 31628780 f 299070 315711 iot 2361292 2087035 th 51200 0 0 pt 0 inp 0 0 403709.454
10-15 22:28:40.383  3957  4030 D SensorService: [SO] 0.105 -0.081 9.965
10-15 22:28:40.408 31417 31703 I BatteryMgr:DataCollectionService: stats => 1697401720408,62,4250,141,0,100
10-15 22:28:40.519 31417 31703 I BatteryMgr:DataCollectionService: stats => 1697401720519,62,4250,141,0,100
10-15 22:28:40.631 31417 31703 I BatteryMgr:DataCollectionService: stats => 1697401720630,62,4250,141,0,100
10-15 22:28:40.743 31417 31703 I BatteryMgr:DataCollectionService: stats => 1697401720743,62,4250,141,0,100
10-15 22:28:40.746  3957  4129 D WifiStateMachine:  ConnectedState !RSSI_PKTCNT_FETCH uid=1000 rt=403709895/1064108122 0 0 "ourhome" f4:6d:2f:12:cc:88 rssi=-41 f=5240 sc=60 link=433 tx=0.8, 0.0, 0.0  rx=3.1 bcn=66026 [on:0 tx:0 rx:0 period:993] from screen [on:269155 period:1887722] score=60
10-15 22:28:40.751  3957  4129 D WifiStateMachine:  L2ConnectedState !RSSI_PKTCNT_FETCH uid=1000 rt=403709897/1064108125 0 0 "ourhome" f4:6d:2f:12:cc:88 rssi=-41 f=5240 sc=60 link=433 tx=0.8, 0.0, 0.0  rx=3.1 bcn=66026 [on:0 tx:0 rx:0 period:5] from screen [on:269155 period:1887727] score=60
10-15 22:28:40.760  3957  4129 D WifiStateMachine: fetchRssiLinkSpeedAndFrequencyNative rssi=-41 linkspeed=433 freq=5240
10-15 22:28:40.853 31417 31703 I BatteryMgr:DataCollectionService: stats => 1697401720853,62,4250,141,0,100
10-15 22:28:40.964 31417 31703 I BatteryMgr:DataCollectionService: stats => 1697401720964,62,4250,141,0,100
10-15 22:28:41.042  3957  4128 D WifiService: getConnectionInfo uid=1000
10-15 22:28:41.074 31417 31703 I BatteryMgr:DataCollectionService: stats => 1697401721074,62,4250,141,0,100
10-15 22:28:41.185 31417 31703 I BatteryMgr:DataCollectionService: stats => 1697401721185,62,4250,141,0,100
10-15 22:28:41.297 31417 31703 I BatteryMgr:DataCollectionService: stats => 1697401721297,62,4250,141,0,100
10-15 22:28:41.407 31417 31703 I BatteryMgr:DataCollectionService: stats => 1697401721407,62,4250,141,0,100
10-15 22:28:41.520 31417 31703 I BatteryMgr:DataCollectionService: stats => 1697401721520,62,4250,141,0,100
10-15 22:28:41.631 31417 31703 I BatteryMgr:DataCollectionService: stats => 1697401721631,62,4250,141,0,100
10-15 22:28:41.740 31417 31703 I BatteryMgr:DataCollectionService: stats => 1697401721740,62,4250,141,0,100
10-15 22:28:41.747  3957  4129 D WifiStateMachine:  ConnectedState !RSSI_PKTCNT_FETCH uid=1000 rt=403710896/1064109123 0 0 "ourhome" f4:6d:2f:12:cc:88 rssi=-41 f=5240 sc=60 link=433 tx=0.8, 0.0, 0.0  rx=3.1 bcn=66026 [on:0 tx:0 rx:0 period:996] from screen [on:269155 period:1888723] score=60
10-15 22:28:41.749  3957  4129 D WifiStateMachine:  L2ConnectedState !RSSI_PKTCNT_FETCH uid=1000 rt=403710898/1064109125 0 0 "ourhome" f4:6d:2f:12:cc:88 rssi=-41 f=5240 sc=60 link=433 tx=0.8, 0.0, 0.0  rx=3.1 bcn=66026 [on:0 tx:0 rx:0 period:2] from screen [on:269155 period:1888725] score=60
10-15 22:28:41.756  3957  4129 D WifiStateMachine: fetchRssiLinkSpeedAndFrequencyNative rssi=-40 linkspeed=433 freq=5240
10-15 22:28:41.851 31417 31703 I BatteryMgr:DataCollectionService: stats => 1697401721851,62,4250,141,0,100
10-15 22:28:41.962 31417 31703 I BatteryMgr:DataCollectionService: stats => 1697401721962,62,4250,141,0,100
10-15 22:28:41.982  3957  4129 D WifiStateMachine:  ConnectedState !CMD_RSSI_POLL rt=403711132/1064109359 52 0 "ourhome" f4:6d:2f:12:cc:88 rssi=-40 f=5240 sc=60 link=433 tx=0.8, 0.0, 0.0  rx=3.1 bcn=66026 [on:0 tx:0 rx:0 period:233] from screen [on:269155 period:1888958] score=60
