10-15 22:20:48.529 30876 30908 W linker  : "/data/app/org.mozilla.fenix-iWpGOrf8cry6RDpwHyQugA==/lib/arm64/libnss3.so" unused DT entry: type 0x8000025 arg 0x8
10-15 22:20:48.531 30876 30908 E GeckoLibLoad: Load sqlite done
10-15 22:20:48.531 30876 30908 I GeckoLoader: Library base=/data/app/org.mozilla.fenix-iWpGOrf8cry6RDpwHyQugA==/lib/arm64
10-15 22:20:48.531 30876 30908 E GeckoLibLoad: Load nss start
10-15 22:20:48.531 30876 30908 E GeckoLibLoad: Load nss done
10-15 22:20:48.531 30876 30908 I GeckoLoader: Library base=/data/app/org.mozilla.fenix-iWpGOrf8cry6RDpwHyQugA==/lib/arm64
10-15 22:20:48.533 30876 30908 W linker  : "/data/app/org.mozilla.fenix-iWpGOrf8cry6RDpwHyQugA==/lib/arm64/libxul.so" unused DT entry: type 0x8000024 arg 0x539420
10-15 22:20:48.533 30876 30908 W linker  : "/data/app/org.mozilla.fenix-iWpGOrf8cry6RDpwHyQugA==/lib/arm64/libxul.so" unused DT entry: type 0x8000023 arg 0x17d68
10-15 22:20:48.533 30876 30908 W linker  : "/data/app/org.mozilla.fenix-iWpGOrf8cry6RDpwHyQugA==/lib/arm64/libxul.so" unused DT entry: type 0x8000025 arg 0x8
10-15 22:20:48.556 30876 30908 E GeckoLibLoad: Loaded libs in 24.508730ms total, 12ms(8ms) user, 8ms(16ms) system, 0(0) faults
10-15 22:20:48.556 30876 30908 W GeckoThread: zerdatime 1063635934 - runGecko
10-15 22:20:48.560 30722 30751 W GeckoEventDispatcher: No listener for GeckoView:PageAction:Update
10-15 22:20:48.563  3599  3918 D DnsProxyListener: DNSDBG::dns addrinfo af 2
10-15 22:20:48.568  3599  3918 D DnsProxyListener: DNSDBG::dns addrinfo af 0
10-15 22:20:48.577  3599  3918 D DnsProxyListener: DNSDBG::dns addrinfo af 0
10-15 22:20:48.585 30678 30678 I BatteryMgr:DataCollectionService: onStartCommand: begin
10-15 22:20:48.585 30678 30678 I BatteryMgr:DataCollectionService: onStartCommand: sampleRate => 100
10-15 22:20:48.585 30678 30678 I BatteryMgr:DataCollectionService: onStartCommand: rawFields => Timestamp,BATTERY_PROPERTY_CURRENT_NOW,EXTRA_VOLTAGE,BATTERY_PROPERTY_CURRENT_AVERAGE,BATTERY_PROPERTY_CHARGE_COUNTER,BATTERY_PROPERTY_CAPACITY
10-15 22:20:48.587 30678 30678 I BatteryMgr:DataCollectionService: onStartCommand: notification done
10-15 22:20:48.589 30678 30678 D Notification: allPendingIntents
10-15 22:20:48.590 30678 30678 I BatteryMgr:DataCollectionService: started foreground
10-15 22:20:48.594  3957  3972 D ApplicationPolicy: isStatusBarNotificationAllowedAsUser: packageName = com.example.batterymanager_utility,userId = 0
10-15 22:20:48.595  3957  3972 D API test: getContainerInfo: value is 
10-15 22:20:48.596  3957  3972 D ApplicationPolicy: isStatusBarNotificationAllowedAsUser: packageName = com.example.batterymanager_utility,userId = 0
10-15 22:20:48.597  3957  3972 D API test: getContainerInfo: value is 
10-15 22:20:48.597 30722 30722 D skia    : approximate: numPoints=40, lengths[39]=620.200073, totalLength=620.200073, segmentPoints[39]=[422.600037,0.000000]
10-15 22:20:48.598 30722 30722 D skia    : approximate: approximation[117]=1.000000, approximation[118]=422.600037, approximation[119]=0.000000
10-15 22:20:48.599 30722 30722 D skia    : approximate: numPoints=4, lengths[3]=3.448155, totalLength=3.448155, segmentPoints[3]=[3.000000,0.100000]
10-15 22:20:48.599 30722 30722 D skia    : approximate: approximation[9]=1.000000, approximation[10]=3.000000, approximation[11]=0.100000
10-15 22:20:48.602  3957  3957 I AccessibilityManagerService: semOnLightNotification(null), bIsFlashOn : false
10-15 22:20:48.602  3957  3957 D AccessibilityManagerService: Can't use light notification
10-15 22:20:48.602 30722 30722 D skia    : approximate: numPoints=37, lengths[36]=722.199951, totalLength=722.199951, segmentPoints[36]=[199.600006,0.000000]
10-15 22:20:48.602 30722 30722 D skia    : approximate: approximation[108]=1.000000, approximation[109]=199.600006, approximation[110]=0.000000
10-15 22:20:48.603 30722 30722 D skia    : approximate: numPoints=3, lengths[2]=2.472497, totalLength=2.472497, segmentPoints[2]=[2.000000,0.100000]
10-15 22:20:48.603 30722 30722 D skia    : approximate: approximation[6]=1.000000, approximation[7]=2.000000, approximation[8]=0.100000
10-15 22:20:48.607 30678 30945 I BatteryMgr:DataCollectionService: collectData: begin
10-15 22:20:48.612 12416 12416 E adbd    : recv: OPEN 00000a0b 00000000 0042:73 68 65 6C 6C 2C 76 32 2C 54 45 52 4D 3D 78 74 65 72 6D 2D 32 35 36 63 6F 6C 6F 72 2C 72 61 77 3A 67 65 74 70 72 6F 70 20 72 6F 2E 62 75 69 6C 64 2E 76 65 72 73 69 6F 6E 2E 72 65 6C 65 61 73 65 00 
10-15 22:20:48.612 12416 12416 E adbd    : service_to_fd: shell,v2,TERM=xterm-256color,raw:getprop ro.build.version.release
10-15 22:20:48.614 30722 30722 V InputMethodManager: Starting input: tba=android.view.inputmethod.EditorInfo@620342e nm : org.mozilla.fenix ic=null
10-15 22:20:48.614 30722 30722 I InputMethodManager: startInputInner - mService.startInputOrWindowGainedFocus
10-15 22:20:48.614  3957  3967 D InputMethodManagerService: startInputOrWindowGainedFocus : startInput 
10-15 22:20:48.615  3957  3967 D InputMethodManagerService: setCurrentInputInfo - inputContext : null eidtorInfo : android.view.inputmethod.EditorInfo@1b1a43d missingMethods : 0
10-15 22:20:48.615 19735 19735 I InputMethodWrapper:  call dispatchStartInputWithToken
10-15 22:20:48.616 19735 19735 I InputMethodService: dispatchStartInputWithToken
10-15 22:20:48.616 19735 19735 I SKBD    : SamsungKeypad [IMI] onStartInput - caller pid : 30722, caller uid : 10169
10-15 22:20:48.619 30678 30945 I BatteryMgr:DataCollectionService: stats => 1697401248619,-146,4250,-157,0,100
10-15 22:20:48.622  3957  3957 D AudioService: getStreamVolume 5 index 110
10-15 22:20:48.625  3957  3967 D Notification: allPendingIntents
10-15 22:20:48.625  3957 14960 D Notification: allPendingIntents
10-15 22:20:48.629  4340  4340 D StatusBar: addNotification key=0|com.example.batterymanager_utility|1|null|10170 fullscreen:false
10-15 22:20:48.652  3957  4025 I WindowManager: Destroying surface Surface(name=Splash Screen org.mozilla.fenix) called by com.android.server.wm.WindowStateAnimator.destroySurface:2501 com.android.server.wm.WindowStateAnimator.destroySurfaceLocked:985 com.android.server.wm.WindowState.destroyOrSaveSurfaceUnchecked:3670 com.android.server.wm.WindowState.destroySurface:3618 com.android.server.wm.AppWindowToken.destroySurfaces:722 com.android.server.wm.AppWindowToken.destroySurfaces:706 com.android.server.wm.WindowState.onExitAnimationDone:5316 com.android.server.wm.WindowStateAnimator.stepAnimationLocked:550 
10-15 22:20:48.652  3447  4088 I SurfaceFlinger: id=1736 Removed Splash Screen org.mozilla.fenix#0 (4/5)
10-15 22:20:48.657  3447  3447 I SurfaceFlinger: Display 0 HWC layers:
10-15 22:20:48.657  3447  3447 I SurfaceFlinger:     type    |    handle    | flag |  format   |   source crop (l,t,r,b)    |         frame       | name 
10-15 22:20:48.657  3447  3447 I SurfaceFlinger: ------------+--------------+------+-----------+----------------------------+---------------------+------
10-15 22:20:48.657  3447  3447 I SurfaceFlinger:      Device | 0x7e9ec22f80 | 0000 | RGBA_8888 |   0.0    0.0  720.0 1280.0 |    0    0  720 1280 | org.mozilla.fenix/org.mozilla.fenix.App#0
10-15 22:20:48.657  3447  3447 I SurfaceFlinger:      Device | 0x7ea50249c0 | 0000 | RGBA_8888 |   0.0    0.0  720.0   42.0 |    0    0  720   42 | StatusBar#0
10-15 22:20:48.657  3447  3447 I SurfaceFlinger: 
10-15 22:20:48.660  3447  3488 I SurfaceFlinger: id=1736 Removed Splash Screen org.mozilla.fenix#0 (-2/5)
10-15 22:20:48.668  3447  3447 I Layer   : id=1736 onRemoved Splash Screen org.mozilla.fenix#0 
10-15 22:20:48.670 12416 12416 E adbd    : recv: OPEN 00000a0f 00000000 003e:73 68 65 6C 6C 2C 76 32 2C 54 45 52 4D 3D 78 74 65 72 6D 2D 32 35 36 63 6F 6C 6F 72 2C 72 61 77 3A 67 65 74 70 72 6F 70 20 72 6F 2E 62 75 69 6C 64 2E 76 65 72 73 69 6F 6E 2E 73 64 6B 00 
10-15 22:20:48.670 12416 12416 E adbd    : service_to_fd: shell,v2,TERM=xterm-256color,raw:getprop ro.build.version.sdk
10-15 22:20:48.727 30678 30945 I BatteryMgr:DataCollectionService: stats => 1697401248727,-146,4250,-157,0,100
10-15 22:20:48.731 30876 30908 W AudioCapabilities: Unsupported mime audio/mpeg-L1
10-15 22:20:48.731 30876 30908 W AudioCapabilities: Unsupported mime audio/mpeg-L2
10-15 22:20:48.734 30876 30908 W AudioCapabilities: Unsupported mime audio/x-ms-wma
10-15 22:20:48.738 30876 30908 W AudioCapabilities: Unsupported mime audio/x-ima
10-15 22:20:48.754 30876 30908 W VideoCapabilities: Unrecognized profile 2130706433 for video/avc
10-15 22:20:48.754 30876 30908 W VideoCapabilities: Unrecognized profile 2130706434 for video/avc
10-15 22:20:48.756 30876 30908 W VideoCapabilities: Unrecognized profile 2130706433 for video/avc
10-15 22:20:48.756 30876 30908 W VideoCapabilities: Unrecognized profile 2130706434 for video/avc
10-15 22:20:48.764  4340  4340 D KeyguardUpdateMonitor: handleStatusBarState( false )
10-15 22:20:48.769 30876 30908 W VideoCapabilities: Unrecognized profile 2130706433 for video/avc
10-15 22:20:48.769 30876 30908 W VideoCapabilities: Unrecognized profile 2130706434 for video/avc
10-15 22:20:48.771 30876 30908 W VideoCapabilities: Unsupported mime video/avc-wfd
10-15 22:20:48.788  3957 14960 V WindowManager: Relayout Window{4f687b8 u0 org.mozilla.fenix/org.mozilla.fenix.App}: viewVisibility=0 req=720x1280 WM.LayoutParams{(0,0)(fillxfill) sim=#10 ty=1 fl=#81010100 pfl=0x20000 fmt=-3 wanim=0x7f1404fa vsysui=0x2610 needsMenuKey=2 colorMode=0 naviIconColor=0}
10-15 22:20:48.792 30722 30722 D ViewRootImpl@847214e[App]: Relayout returned: old=[0,0][720,1280] new=[0,0][720,1280] result=0x1 surface={valid=true 499295956992} changed=false
10-15 22:20:48.816 30876 30908 I VideoCapabilities: Unsupported profile 4 for video/mp4v-es
10-15 22:20:48.816  3599  3918 D DnsProxyListener: DNSDBG::dns addrinfo af 2
10-15 22:20:48.824 18970 18995 I FontLog : (REDACTED) Received query %s, URI %s
10-15 22:20:48.827 18970 18995 I FontLog : (REDACTED) Query [%s] resolved to %s
10-15 22:20:48.842 30678 30945 I BatteryMgr:DataCollectionService: stats => 1697401248842,-146,4250,-157,0,100
10-15 22:20:48.844 18970 18995 I FontLog : (REDACTED) Fetch %s end status %s
10-15 22:20:48.851  3957  8661 V WindowManager: rotationForOrientationLw(orient=2, last=0); user=0  sensorRotation=-1 mLidState=-1 mDockMode=0 mHdmiPlugged=false
10-15 22:20:48.855 18970 18995 I FontLog : (REDACTED) Pulling font file for id = %d, cache size = %d
10-15 22:20:48.860 30722 30722 I DefaultSupportedAddonsChecker: Unregister check for new supported add-ons
10-15 22:20:48.861 30876 30908 W VideoCapabilities: Unrecognized profile/level 1/32 for video/mp4v-es
10-15 22:20:48.862 30876 30908 W VideoCapabilities: Unrecognized profile/level 32768/2 for video/mp4v-es
10-15 22:20:48.862 30876 30908 W VideoCapabilities: Unrecognized profile/level 32768/64 for video/mp4v-es
10-15 22:20:48.863 30876 30908 W VideoCapabilities: Unsupported mime video/wvc1
10-15 22:20:48.865 30876 30908 W VideoCapabilities: Unsupported mime video/x-ms-wmv
10-15 22:20:48.867 30876 30908 W VideoCapabilities: Unsupported mime video/x-ms-wmv7
10-15 22:20:48.868 18970 18995 I FontLog : (REDACTED) Pulling font file for id = %d, cache size = %d
10-15 22:20:48.872 30876 30908 W VideoCapabilities: Unsupported mime video/x-ms-wmv8
10-15 22:20:48.879  3957  8661 V WindowManager: Relayout Window{4f687b8 u0 org.mozilla.fenix/org.mozilla.fenix.App}: viewVisibility=0 req=720x1280 WM.LayoutParams{(0,0)(fillxfill) sim=#10 ty=1 fl=#81010100 pfl=0x20000 fmt=-3 wanim=0x7f1404fa vsysui=0x2610 needsMenuKey=2 colorMode=0 naviIconColor=0}
10-15 22:20:48.880 30876 30908 W VideoCapabilities: Unsupported mime video/mp43
10-15 22:20:48.883 30722 30722 D ViewRootImpl@847214e[App]: Relayout returned: old=[0,0][720,1280] new=[0,0][720,1280] result=0x1 surface={valid=true 499295956992} changed=false
10-15 22:20:48.888 30876 30908 W AudioCapabilities: Unsupported mime audio/mpeg-L1
10-15 22:20:48.888 30876 30908 W AudioCapabilities: Unsupported mime audio/mpeg-L2
10-15 22:20:48.888 30876 30908 W AudioCapabilities: Unsupported mime audio/x-ms-wma
10-15 22:20:48.888 30876 30908 W AudioCapabilities: Unsupported mime audio/x-ima
10-15 22:20:48.889 30876 30908 W VideoCapabilities: Unrecognized profile 2130706433 for video/avc
10-15 22:20:48.889 30876 30908 W VideoCapabilities: Unrecognized profile 2130706434 for video/avc
10-15 22:20:48.893 30876 30908 W VideoCapabilities: Unrecognized profile/level 1/32 for video/mp4v-es
10-15 22:20:48.893 30876 30908 W VideoCapabilities: Unrecognized profile/level 32768/2 for video/mp4v-es
10-15 22:20:48.893 30876 30908 W VideoCapabilities: Unrecognized profile/level 32768/64 for video/mp4v-es
10-15 22:20:48.893 30876 30908 W VideoCapabilities: Unsupported mime video/wvc1
10-15 22:20:48.894 30876 30908 W VideoCapabilities: Unsupported mime video/x-ms-wmv
10-15 22:20:48.895 30876 30908 W VideoCapabilities: Unsupported mime video/x-ms-wmv7
10-15 22:20:48.895 30722 30722 I WebExtension: releasePendingMessages: extension=webcompat-reporter@mozilla.org nativeApp=mozacWebcompatReporter session=null
10-15 22:20:48.896 30876 30908 W VideoCapabilities: Unsupported mime video/x-ms-wmv8
10-15 22:20:48.896 30876 30908 W VideoCapabilities: Unsupported mime video/mp43
10-15 22:20:48.899 30722 30722 I WebExtension: releasePendingMessages: extension=fxa@mozac.org nativeApp=mozacWebchannelBackground session=null
10-15 22:20:48.946 30722 30722 I WebExtension: releasePendingMessages: extension=fxa@mozac.org nativeApp=mozacWebchannel session=org.mozilla.geckoview.GeckoSession@87ef070
10-15 22:20:48.949 30678 30945 I BatteryMgr:DataCollectionService: stats => 1697401248949,-146,4250,-157,0,100
10-15 22:20:48.951 30722 30722 I WebExtension: releasePendingMessages: extension=readerview@mozac.org nativeApp=mozacReaderviewActive session=org.mozilla.geckoview.GeckoSession@87ef070
10-15 22:20:48.951 30722 30722 I WebExtension: releasePendingMessages: extension=readerview@mozac.org nativeApp=mozacReaderview session=org.mozilla.geckoview.GeckoSession@87ef070
10-15 22:20:48.952 30722 30722 I SessionPrioritizationMiddleware: Update the currentSelectedTab dedcbbbf-2255-4450-82a7-d17516b4b0f6 priority to HIGH
10-15 22:20:48.961 30722 30722 I WebExtension: releasePendingMessages: extension=icons@mozac.org nativeApp=MozacBrowserIcons session=org.mozilla.geckoview.GeckoSession@87ef070
10-15 22:20:48.961 30722 30722 I WebExtension: releasePendingMessages: extension=ads@mozac.org nativeApp=MozacBrowserAdsMessage session=org.mozilla.geckoview.GeckoSession@87ef070
10-15 22:20:48.961 30722 30722 I WebExtension: releasePendingMessages: extension=cookies@mozac.org nativeApp=MozacBrowserSearchMessage session=org.mozilla.geckoview.GeckoSession@87ef070
10-15 22:20:48.966  3957  4128 D WifiService: getConnectionInfo uid=1000
10-15 22:20:48.971 30722 30733 I zygote64: Background concurrent copying GC freed 27676(1833KB) AllocSpace objects, 6(120KB) LOS objects, 49% free, 4MB/8MB, paused 1.488ms total 110.867ms
10-15 22:20:48.981  3957  3972 D ApplicationPolicy: isStatusBarNotificationAllowedAsUser: packageName = android,userId = 0
10-15 22:20:48.981  3957  3972 D API test: getContainerInfo: value is 
10-15 22:20:48.982  3957  3972 D ApplicationPolicy: isStatusBarNotificationAllowedAsUser: packageName = android,userId = 0
10-15 22:20:48.982  3957  3972 D API test: getContainerInfo: value is 
10-15 22:20:48.982  3957  3972 E NotificationService: Suppressing notification from package by user request.
10-15 22:20:48.984 30722 30751 W ResourceType: Too many attribute references, stopped at: 0x01010099
10-15 22:20:49.051 30807 30834 W linker  : "/data/app/org.mozilla.fenix-iWpGOrf8cry6RDpwHyQugA==/lib/arm64/libmozglue.so" unused DT entry: type 0x8000024 arg 0x38f70
10-15 22:20:49.051 30807 30834 W linker  : "/data/app/org.mozilla.fenix-iWpGOrf8cry6RDpwHyQugA==/lib/arm64/libmozglue.so" unused DT entry: type 0x8000023 arg 0x1f8
10-15 22:20:49.051 30807 30834 W linker  : "/data/app/org.mozilla.fenix-iWpGOrf8cry6RDpwHyQugA==/lib/arm64/libmozglue.so" unused DT entry: type 0x8000025 arg 0x8
10-15 22:20:49.055 30807 30834 I GeckoLoader: Library base=/data/app/org.mozilla.fenix-iWpGOrf8cry6RDpwHyQugA==/lib/arm64
10-15 22:20:49.055 30807 30834 I GeckoLoader: Library base=/data/app/org.mozilla.fenix-iWpGOrf8cry6RDpwHyQugA==/lib/arm64
10-15 22:20:49.055 30678 30945 I BatteryMgr:DataCollectionService: stats => 1697401249055,-146,4250,-157,0,100
10-15 22:20:49.056 30807 30834 E GeckoLibLoad: Load sqlite start
10-15 22:20:49.056 30722 30751 W AudioCapabilities: Unsupported mime audio/mpeg-L1
10-15 22:20:49.057 30722 30751 W AudioCapabilities: Unsupported mime audio/mpeg-L2
10-15 22:20:49.057 30807 30834 W linker  : "/data/app/org.mozilla.fenix-iWpGOrf8cry6RDpwHyQugA==/lib/arm64/libnss3.so" unused DT entry: type 0x8000024 arg 0x14998
10-15 22:20:49.057 30807 30834 W linker  : "/data/app/org.mozilla.fenix-iWpGOrf8cry6RDpwHyQugA==/lib/arm64/libnss3.so" unused DT entry: type 0x8000023 arg 0x5c8
10-15 22:20:49.057 30807 30834 W linker  : "/data/app/org.mozilla.fenix-iWpGOrf8cry6RDpwHyQugA==/lib/arm64/libnss3.so" unused DT entry: type 0x8000025 arg 0x8
10-15 22:20:49.058 30807 30834 E GeckoLibLoad: Load sqlite done
10-15 22:20:49.058 30807 30834 I GeckoLoader: Library base=/data/app/org.mozilla.fenix-iWpGOrf8cry6RDpwHyQugA==/lib/arm64
10-15 22:20:49.058 30807 30834 E GeckoLibLoad: Load nss start
10-15 22:20:49.058 30807 30834 E GeckoLibLoad: Load nss done
10-15 22:20:49.058 30807 30834 I GeckoLoader: Library base=/data/app/org.mozilla.fenix-iWpGOrf8cry6RDpwHyQugA==/lib/arm64
10-15 22:20:49.059 30722 30751 W AudioCapabilities: Unsupported mime audio/x-ms-wma
10-15 22:20:49.060 30722 30751 W AudioCapabilities: Unsupported mime audio/x-ima
10-15 22:20:49.061 30807 30834 W linker  : "/data/app/org.mozilla.fenix-iWpGOrf8cry6RDpwHyQugA==/lib/arm64/libxul.so" unused DT entry: type 0x8000024 arg 0x539420
10-15 22:20:49.061 30807 30834 W linker  : "/data/app/org.mozilla.fenix-iWpGOrf8cry6RDpwHyQugA==/lib/arm64/libxul.so" unused DT entry: type 0x8000023 arg 0x17d68
10-15 22:20:49.061 30807 30834 W linker  : "/data/app/org.mozilla.fenix-iWpGOrf8cry6RDpwHyQugA==/lib/arm64/libxul.so" unused DT entry: type 0x8000025 arg 0x8
10-15 22:20:49.065 30722 30751 W VideoCapabilities: Unrecognized profile 2130706433 for video/avc
10-15 22:20:49.065 30722 30751 W VideoCapabilities: Unrecognized profile 2130706434 for video/avc
10-15 22:20:49.067 30722 30751 W VideoCapabilities: Unrecognized profile 2130706433 for video/avc
10-15 22:20:49.067 30722 30751 W VideoCapabilities: Unrecognized profile 2130706434 for video/avc
10-15 22:20:49.074  3957  4129 D WifiStateMachine:  ConnectedState !RSSI_PKTCNT_FETCH uid=1000 rt=403238224/1063636452 0 0 "ourhome" f4:6d:2f:12:cc:88 rssi=-44 f=5240 sc=60 link=433 tx=0.8, 0.0, 0.0  rx=11.0 bcn=61744 [on:0 tx:0 rx:0 period:999] from screen [on:195330 period:1416050] score=60
10-15 22:20:49.076  3957  4129 D WifiStateMachine:  L2ConnectedState !RSSI_PKTCNT_FETCH uid=1000 rt=403238226/1063636453 0 0 "ourhome" f4:6d:2f:12:cc:88 rssi=-44 f=5240 sc=60 link=433 tx=0.8, 0.0, 0.0  rx=11.0 bcn=61744 [on:0 tx:0 rx:0 period:1] from screen [on:195330 period:1416051] score=60
10-15 22:20:49.077  3957  4129 D WifiStateMachine: fetchRssiLinkSpeedAndFrequencyNative rssi=-44 linkspeed=433 freq=5240
10-15 22:20:49.080 30807 30834 E GeckoLibLoad: Loaded libs in 21.866884ms total, 8ms(8ms) user, 12ms(16ms) system, 0(0) faults
10-15 22:20:49.081 30807 30834 W GeckoThread: zerdatime 1063636459 - runGecko
10-15 22:20:49.082 30722 30751 W VideoCapabilities: Unrecognized profile 2130706433 for video/avc
10-15 22:20:49.082 30722 30751 W VideoCapabilities: Unrecognized profile 2130706434 for video/avc
10-15 22:20:49.084 30722 30751 W VideoCapabilities: Unsupported mime video/avc-wfd
10-15 22:20:49.095  3957  3957 D CustomFrequencyManagerService: releaseDVFSLockLocked : Getting Lock type frm List : DVFS_MIN_LIMIT  frequency : 1560000  uid : 1000  pid : 3957  tag : AMS_RESUME_TAIL@CPU_MIN@58
10-15 22:20:49.113 30722 30751 I VideoCapabilities: Unsupported profile 4 for video/mp4v-es
10-15 22:20:49.123  3957  4089 D MdnieScenarioControlService:  packageName : org.mozilla.fenix    className : org.mozilla.fenix.App
10-15 22:20:49.123  3957  4089 V MdnieScenarioControlService: setUIMode from UI function(3)
10-15 22:20:49.136 30722 30751 W VideoCapabilities: Unrecognized profile/level 1/32 for video/mp4v-es
10-15 22:20:49.136 30722 30751 W VideoCapabilities: Unrecognized profile/level 32768/2 for video/mp4v-es
10-15 22:20:49.136 30722 30751 W VideoCapabilities: Unrecognized profile/level 32768/64 for video/mp4v-es
10-15 22:20:49.137 30722 30751 W VideoCapabilities: Unsupported mime video/wvc1
10-15 22:20:49.138 30722 30751 W VideoCapabilities: Unsupported mime video/x-ms-wmv
10-15 22:20:49.139 30722 30751 W VideoCapabilities: Unsupported mime video/x-ms-wmv7
10-15 22:20:49.140 30722 30751 W VideoCapabilities: Unsupported mime video/x-ms-wmv8
10-15 22:20:49.141 30722 30751 W VideoCapabilities: Unsupported mime video/mp43
10-15 22:20:49.145  3957  3957 D PreBindingService: handleMessage : 1
10-15 22:20:49.146 30722 30751 W AudioCapabilities: Unsupported mime audio/mpeg-L1
10-15 22:20:49.146 30722 30751 W AudioCapabilities: Unsupported mime audio/mpeg-L2
10-15 22:20:49.146 30722 30751 W AudioCapabilities: Unsupported mime audio/x-ms-wma
10-15 22:20:49.146 30722 30751 W AudioCapabilities: Unsupported mime audio/x-ima
10-15 22:20:49.147 30722 30751 W VideoCapabilities: Unrecognized profile 2130706433 for video/avc
10-15 22:20:49.147 30722 30751 W VideoCapabilities: Unrecognized profile 2130706434 for video/avc
10-15 22:20:49.150 30722 30751 W VideoCapabilities: Unrecognized profile/level 1/32 for video/mp4v-es
10-15 22:20:49.150 30722 30751 W VideoCapabilities: Unrecognized profile/level 32768/2 for video/mp4v-es
10-15 22:20:49.150 30722 30751 W VideoCapabilities: Unrecognized profile/level 32768/64 for video/mp4v-es
10-15 22:20:49.151 30722 30751 W VideoCapabilities: Unsupported mime video/wvc1
10-15 22:20:49.151 30722 30751 W VideoCapabilities: Unsupported mime video/x-ms-wmv
10-15 22:20:49.152 30722 30751 W VideoCapabilities: Unsupported mime video/x-ms-wmv7
10-15 22:20:49.152 30722 30751 W VideoCapabilities: Unsupported mime video/x-ms-wmv8
10-15 22:20:49.153 30722 30751 W VideoCapabilities: Unsupported mime video/mp43
10-15 22:20:49.165 30678 30945 I BatteryMgr:DataCollectionService: stats => 1697401249165,-146,4250,-157,0,100
10-15 22:20:49.171 30876 30959 D libGLESv2: STS_GLApi : DTS, ODTC are not allowed for Package : org.mozilla.fenix:gpu
10-15 22:20:49.178 30876 30889 V Surface : sf_framedrop debug : 0x4f4c, game : false, logging : 0
10-15 22:20:49.181 30876 30959 D mali_winsys: EGLint new_window_surface(egl_winsys_display *, void *, EGLSurface, EGLConfig, egl_winsys_surface **, egl_color_buffer_format *, EGLBoolean) returns 0x3000,  [720x1238]-format:2
10-15 22:20:49.194 30722 30751 I GeckoSession: zerdatime 1063636572 - chrome startup finished
10-15 22:20:49.207 30722 30722 I GeckoSession: handleMessage GeckoView:PageStart uri=
10-15 22:20:49.210 30722 30722 I GeckoSession: handleMessage GeckoView:PageStop uri=null
10-15 22:20:49.241 30722 30722 I GeckoSession: handleMessage GeckoView:PageStart uri=
10-15 22:20:49.246  3599  3918 D DnsProxyListener: DNSDBG::dns addrinfo af 0
10-15 22:20:49.274 30678 30945 I BatteryMgr:DataCollectionService: stats => 1697401249274,-146,4250,-157,0,100
10-15 22:20:49.290 30722 30751 D GeckoIdleService: Setting timer a day from now
10-15 22:20:49.299 30722 30751 D GeckoIdleService: Register idle observer 0x742efebf88 for 5 seconds
10-15 22:20:49.299 30722 30751 D GeckoIdleService: Register: adjusting next switch from -1 to 5 seconds
10-15 22:20:49.299 30722 30751 D GeckoIdleService: next timeout 4991 msec from now
10-15 22:20:49.299 30722 30751 D GeckoIdleService: SetTimerExpiryIfBefore: next timeout 4991 msec from now
10-15 22:20:49.299 30722 30751 D GeckoIdleService: reset timer expiry to 5001 msec from now
10-15 22:20:49.306  3447  3447 I SurfaceFlinger: Display 0 HWC layers:
10-15 22:20:49.306  3447  3447 I SurfaceFlinger:     type    |    handle    | flag |  format   |   source crop (l,t,r,b)    |         frame       | name 
10-15 22:20:49.306  3447  3447 I SurfaceFlinger: ------------+--------------+------+-----------+----------------------------+---------------------+------
10-15 22:20:49.306  3447  3447 I SurfaceFlinger:      Device | 0x7e9ed373c0 | 0000 | RGBx_8888 |   0.0    0.0  720.0 1238.0 |    0   42  720 1280 | SurfaceView - org.mozilla.fenix/org.mozilla.fenix.App@5a9187b@0#0
10-15 22:20:49.306  3447  3447 I SurfaceFlinger:      Device | 0x7ea50243c0 | 0000 | RGBA_8888 |   0.0    0.0  720.0 1280.0 |    0    0  720 1280 | org.mozilla.fenix/org.mozilla.fenix.App#0
10-15 22:20:49.306  3447  3447 I SurfaceFlinger:      Device | 0x7ea5024e40 | 0000 | RGBA_8888 |   0.0    0.0  720.0   42.0 |    0    0  720   42 | StatusBar#0
10-15 22:20:49.306  3447  3447 I SurfaceFlinger: 
10-15 22:20:49.382 30678 30945 I BatteryMgr:DataCollectionService: stats => 1697401249382,-146,4250,-157,0,100
10-15 22:20:49.414  3957  8661 D StorageManagerService: getExternalStorageMountMode : 1
10-15 22:20:49.420  3957  8661 D StorageManagerService: getExternalStorageMountMode : 3
10-15 22:20:49.420  3957  8661 D StorageManagerService: getExternalStorageMountMode : final mountMode=1, uid : 10169, packageName : org.mozilla.fenix
10-15 22:20:49.420  3957  8661 I ApplicationPolicy: isApplicationExternalStorageWhitelisted:org.mozilla.fenix user:0
10-15 22:20:49.421  3957  8661 D ApplicationPolicy: isApplicationExternalStorageWhitelisted: DO is not enabled on user 0. Allowed.
10-15 22:20:49.421  3957  8661 D ActivityManager: package  org.mozilla.fenix, user - 0 is SDcard whitelisted
10-15 22:20:49.421  3957  8661 I ApplicationPolicy: isApplicationExternalStorageBlacklisted:org.mozilla.fenix user:0
10-15 22:20:49.421  3957  8661 D ApplicationPolicy: isApplicationExternalStorageBlacklisted: DO is not enabled on user 0. Allowed.
10-15 22:20:49.435 31038 31038 E Zygote  : isWhitelistProcess - Process is Whitelisted
10-15 22:20:49.436 31038 31038 E libpersona: scanKnoxPersonas
10-15 22:20:49.436 31038 31038 E libpersona: Couldn't open the File - /data/system/users/0/personalist.xml - No such file or directory
10-15 22:20:49.436  3957  8661 I ActivityManager: Start proc 31038:org.mozilla.fenix:tab2/u0a169 for service org.mozilla.fenix/org.mozilla.gecko.process.GeckoChildProcessServices$tab2
10-15 22:20:49.437 31038 31038 W SELinux : SELinux selinux_android_compute_policy_index : Policy Index[2],  Con:u:r:zygote:s0 RAM:SEPF_SM-J720F_8.0.0_0002, [-1 -1 -1 -1 0 1]
10-15 22:20:49.438 31038 31038 I SELinux : SELinux: seapp_context_lookup: seinfo=untrusted, level=s0:c512,c768, pkgname=org.mozilla.fenix:tab2 
10-15 22:20:49.457 31038 31038 D TimaKeyStoreProvider: TimaKeyStore is not enabled: cannot add TimaSignature Service and generateKeyPair Service
10-15 22:20:49.458 31038 31038 D ActivityThread: Added TimaKeyStore provider
10-15 22:20:49.460  3957  8661 I ActivityManager: DSS on for org.mozilla.fenix and scale is 1.0
10-15 22:20:49.480 31038 31038 I zygote64: no shared libraies, dex_files: 1
10-15 22:20:49.490 30678 30945 I BatteryMgr:DataCollectionService: stats => 1697401249490,-146,4250,-157,0,100
10-15 22:20:49.545 31038 31038 I ServiceChildProcess: onCreate
10-15 22:20:49.546 31038 31055 I GeckoThread: preparing to run Gecko
10-15 22:20:49.553 30722 30751 W AudioCapabilities: Unsupported mime audio/mpeg-L1
10-15 22:20:49.553 30722 30751 W AudioCapabilities: Unsupported mime audio/mpeg-L2
10-15 22:20:49.553 30722 30751 W AudioCapabilities: Unsupported mime audio/x-ms-wma
10-15 22:20:49.553 30722 30751 W AudioCapabilities: Unsupported mime audio/x-ima
10-15 22:20:49.554 30722 30751 W VideoCapabilities: Unrecognized profile 2130706433 for video/avc
10-15 22:20:49.554 30722 30751 W VideoCapabilities: Unrecognized profile 2130706434 for video/avc
10-15 22:20:49.555 31038 31055 W linker  : "/data/app/org.mozilla.fenix-iWpGOrf8cry6RDpwHyQugA==/lib/arm64/libmozglue.so" unused DT entry: type 0x8000024 arg 0x38f70
10-15 22:20:49.556 31038 31055 W linker  : "/data/app/org.mozilla.fenix-iWpGOrf8cry6RDpwHyQugA==/lib/arm64/libmozglue.so" unused DT entry: type 0x8000023 arg 0x1f8
10-15 22:20:49.556 31038 31055 W linker  : "/data/app/org.mozilla.fenix-iWpGOrf8cry6RDpwHyQugA==/lib/arm64/libmozglue.so" unused DT entry: type 0x8000025 arg 0x8
10-15 22:20:49.557 30722 30751 W VideoCapabilities: Unrecognized profile/level 1/32 for video/mp4v-es
10-15 22:20:49.557 30722 30751 W VideoCapabilities: Unrecognized profile/level 32768/2 for video/mp4v-es
10-15 22:20:49.557 30722 30751 W VideoCapabilities: Unrecognized profile/level 32768/64 for video/mp4v-es
10-15 22:20:49.557 30722 30751 W VideoCapabilities: Unsupported mime video/wvc1
10-15 22:20:49.558 30722 30751 W VideoCapabilities: Unsupported mime video/x-ms-wmv
10-15 22:20:49.558 30722 30751 W VideoCapabilities: Unsupported mime video/x-ms-wmv7
10-15 22:20:49.559 30722 30751 W VideoCapabilities: Unsupported mime video/x-ms-wmv8
10-15 22:20:49.559 30722 30751 W VideoCapabilities: Unsupported mime video/mp43
10-15 22:20:49.565 31038 31055 I GeckoLoader: Library base=/data/app/org.mozilla.fenix-iWpGOrf8cry6RDpwHyQugA==/lib/arm64
10-15 22:20:49.565 31038 31055 I GeckoLoader: Library base=/data/app/org.mozilla.fenix-iWpGOrf8cry6RDpwHyQugA==/lib/arm64
10-15 22:20:49.567 31038 31055 E GeckoLibLoad: Load sqlite start
10-15 22:20:49.569 31038 31055 W linker  : "/data/app/org.mozilla.fenix-iWpGOrf8cry6RDpwHyQugA==/lib/arm64/libnss3.so" unused DT entry: type 0x8000024 arg 0x14998
10-15 22:20:49.569 31038 31055 W linker  : "/data/app/org.mozilla.fenix-iWpGOrf8cry6RDpwHyQugA==/lib/arm64/libnss3.so" unused DT entry: type 0x8000023 arg 0x5c8
10-15 22:20:49.569 31038 31055 W linker  : "/data/app/org.mozilla.fenix-iWpGOrf8cry6RDpwHyQugA==/lib/arm64/libnss3.so" unused DT entry: type 0x8000025 arg 0x8
10-15 22:20:49.572 31038 31055 E GeckoLibLoad: Load sqlite done
10-15 22:20:49.573 31038 31055 I GeckoLoader: Library base=/data/app/org.mozilla.fenix-iWpGOrf8cry6RDpwHyQugA==/lib/arm64
10-15 22:20:49.573 31038 31055 E GeckoLibLoad: Load nss start
10-15 22:20:49.573 31038 31055 E GeckoLibLoad: Load nss done
10-15 22:20:49.573 31038 31055 I GeckoLoader: Library base=/data/app/org.mozilla.fenix-iWpGOrf8cry6RDpwHyQugA==/lib/arm64
10-15 22:20:49.580 31038 31055 W linker  : "/data/app/org.mozilla.fenix-iWpGOrf8cry6RDpwHyQugA==/lib/arm64/libxul.so" unused DT entry: type 0x8000024 arg 0x539420
10-15 22:20:49.580 31038 31055 W linker  : "/data/app/org.mozilla.fenix-iWpGOrf8cry6RDpwHyQugA==/lib/arm64/libxul.so" unused DT entry: type 0x8000023 arg 0x17d68
10-15 22:20:49.580 31038 31055 W linker  : "/data/app/org.mozilla.fenix-iWpGOrf8cry6RDpwHyQugA==/lib/arm64/libxul.so" unused DT entry: type 0x8000025 arg 0x8
10-15 22:20:49.594  3957  8661 D ConnectivityService: filterNetworkStateForUid() uid: 10169 networkInfo: [type: WIFI[] - WIFI, state: CONNECTED/CONNECTED, reason: (unspecified), extra: "ourhome", failover: false, available: true, roaming: false, metered: false]
10-15 22:20:49.594  3957  8661 D WifiService: getConnectionInfo uid=1000
10-15 22:20:49.602 30678 30945 I BatteryMgr:DataCollectionService: stats => 1697401249602,-146,4250,-157,0,100
10-15 22:20:49.622 31038 31055 E GeckoLibLoad: Loaded libs in 47.719423ms total, 36ms(36ms) user, 12ms(12ms) system, 0(0) faults
10-15 22:20:49.622 31038 31055 W GeckoThread: zerdatime 1063637000 - runGecko
10-15 22:20:49.657 30807 30834 W linker  : "/data/app/org.mozilla.fenix-iWpGOrf8cry6RDpwHyQugA==/lib/arm64/libsoftokn3.so" unused DT entry: type 0x8000024 arg 0x2580
10-15 22:20:49.657 30807 30834 W linker  : "/data/app/org.mozilla.fenix-iWpGOrf8cry6RDpwHyQugA==/lib/arm64/libsoftokn3.so" unused DT entry: type 0x8000023 arg 0x70
10-15 22:20:49.657 30807 30834 W linker  : "/data/app/org.mozilla.fenix-iWpGOrf8cry6RDpwHyQugA==/lib/arm64/libsoftokn3.so" unused DT entry: type 0x8000025 arg 0x8
10-15 22:20:49.660 30807 30834 W linker  : "/data/app/org.mozilla.fenix-iWpGOrf8cry6RDpwHyQugA==/lib/arm64/libfreebl3.so" unused DT entry: type 0x8000024 arg 0xe78
10-15 22:20:49.660 30807 30834 W linker  : "/data/app/org.mozilla.fenix-iWpGOrf8cry6RDpwHyQugA==/lib/arm64/libfreebl3.so" unused DT entry: type 0x8000023 arg 0x68
10-15 22:20:49.660 30807 30834 W linker  : "/data/app/org.mozilla.fenix-iWpGOrf8cry6RDpwHyQugA==/lib/arm64/libfreebl3.so" unused DT entry: type 0x8000025 arg 0x8
10-15 22:20:49.675 19438 19556 D ScanRecord: Not a Multi Manu data
10-15 22:20:49.707 19438 19556 I chatty  : uid=1002(bluetooth) BT Service Call identical 115 lines
10-15 22:20:49.707 19438 19556 D ScanRecord: Not a Multi Manu data
10-15 22:20:49.711 30678 30945 I BatteryMgr:DataCollectionService: stats => 1697401249710,-146,4250,-157,0,100
10-15 22:20:49.711  3957 14960 D ConnectivityService: filterNetworkStateForUid() uid: 10169 networkInfo: [type: WIFI[] - WIFI, state: CONNECTED/CONNECTED, reason: (unspecified), extra: "ourhome", failover: false, available: true, roaming: false, metered: false]
10-15 22:20:49.712  3957 14960 D WifiService: getConnectionInfo uid=1000
10-15 22:20:49.714 19438 19556 D ScanRecord: Not a Multi Manu data
10-15 22:20:49.714 19438 19556 I chatty  : uid=1002(bluetooth) BT Service Call identical 11 lines
10-15 22:20:49.714 19438 19556 D ScanRecord: Not a Multi Manu data
10-15 22:20:49.726  3957 14960 I chatty  : uid=1000(system) Binder:3957_1F identical 1 line
10-15 22:20:49.726  3957 14960 D WifiService: getConnectionInfo uid=1000
10-15 22:20:49.731 19438 19556 D ScanRecord: Not a Multi Manu data
10-15 22:20:49.735 19438 19556 I chatty  : uid=1002(bluetooth) BT Service Call identical 37 lines
10-15 22:20:49.735 19438 19556 D ScanRecord: Not a Multi Manu data
10-15 22:20:49.737  3957 14960 D ConnectivityService: filterNetworkStateForUid() uid: 10169 networkInfo: [type: WIFI[] - WIFI, state: CONNECTED/CONNECTED, reason: (unspecified), extra: "ourhome", failover: false, available: true, roaming: false, metered: false]
10-15 22:20:49.737  3957 14960 D WifiService: getConnectionInfo uid=1000
10-15 22:20:49.741  3957  8661 D ConnectivityService: filterNetworkStateForUid() uid: 10169 networkInfo: [type: WIFI[] - WIFI, state: CONNECTED/CONNECTED, reason: (unspecified), extra: "ourhome", failover: false, available: true, roaming: false, metered: false]
10-15 22:20:49.741  3957  8661 D WifiService: getConnectionInfo uid=1000
10-15 22:20:49.746 19438 19556 D ScanRecord: Not a Multi Manu data
10-15 22:20:49.746 19438 19556 I chatty  : uid=1002(bluetooth) BT Service Call identical 11 lines
10-15 22:20:49.746 19438 19556 D ScanRecord: Not a Multi Manu data
10-15 22:20:49.747  3957  8661 D WifiService: getConnectionInfo uid=1000
10-15 22:20:49.753  3957  8661 I chatty  : uid=1000(system) Binder:3957_14 identical 2 lines
10-15 22:20:49.753  3957  8661 D WifiService: getConnectionInfo uid=1000
10-15 22:20:49.774 19438 19556 D ScanRecord: Not a Multi Manu data
10-15 22:20:49.805 19438 19556 I chatty  : uid=1002(bluetooth) BT Service Call identical 76 lines
10-15 22:20:49.805 19438 19556 D ScanRecord: Not a Multi Manu data
10-15 22:20:49.813  3957  8661 D ConnectivityService: filterNetworkStateForUid() uid: 10169 networkInfo: [type: WIFI[] - WIFI, state: CONNECTED/CONNECTED, reason: (unspecified), extra: "ourhome", failover: false, available: true, roaming: false, metered: false]
10-15 22:20:49.813  3957  8661 D WifiService: getConnectionInfo uid=1000
10-15 22:20:49.818 30678 30945 I BatteryMgr:DataCollectionService: stats => 1697401249818,-146,4250,-157,0,100
10-15 22:20:49.823 19438 19556 D ScanRecord: Not a Multi Manu data
10-15 22:20:49.824 19438 19556 I chatty  : uid=1002(bluetooth) BT Service Call identical 11 lines
10-15 22:20:49.824 19438 19556 D ScanRecord: Not a Multi Manu data
10-15 22:20:49.827  3957 14960 D ConnectivityService: filterNetworkStateForUid() uid: 10169 networkInfo: [type: WIFI[] - WIFI, state: CONNECTED/CONNECTED, reason: (unspecified), extra: "ourhome", failover: false, available: true, roaming: false, metered: false]
10-15 22:20:49.827  3957 14960 D WifiService: getConnectionInfo uid=1000
10-15 22:20:49.830  3957 14960 D ConnectivityService: filterNetworkStateForUid() uid: 10169 networkInfo: [type: WIFI[] - WIFI, state: CONNECTED/CONNECTED, reason: (unspecified), extra: "ourhome", failover: false, available: true, roaming: false, metered: false]
10-15 22:20:49.830  3957 14960 D WifiService: getConnectionInfo uid=1000
10-15 22:20:49.835  3957  8661 D ConnectivityService: filterNetworkStateForUid() uid: 10169 networkInfo: [type: WIFI[] - WIFI, state: CONNECTED/CONNECTED, reason: (unspecified), extra: "ourhome", failover: false, available: true, roaming: false, metered: false]
10-15 22:20:49.835  3957  8661 D WifiService: getConnectionInfo uid=1000
10-15 22:20:49.845  3957 14960 D ConnectivityService: filterNetworkStateForUid() uid: 10169 networkInfo: [type: WIFI[] - WIFI, state: CONNECTED/CONNECTED, reason: (unspecified), extra: "ourhome", failover: false, available: true, roaming: false, metered: false]
10-15 22:20:49.845  3957 14960 D WifiService: getConnectionInfo uid=1000
10-15 22:20:49.847 19438 19556 D ScanRecord: Not a Multi Manu data
10-15 22:20:49.848 19438 19556 I chatty  : uid=1002(bluetooth) BT Service Call identical 11 lines
10-15 22:20:49.848 19438 19556 D ScanRecord: Not a Multi Manu data
10-15 22:20:49.849  3957  8661 D ConnectivityService: filterNetworkStateForUid() uid: 10169 networkInfo: [type: WIFI[] - WIFI, state: CONNECTED/CONNECTED, reason: (unspecified), extra: "ourhome", failover: false, available: true, roaming: false, metered: false]
10-15 22:20:49.849  3957  8661 D WifiService: getConnectionInfo uid=1000
10-15 22:20:49.851 19438 19556 D ScanRecord: Not a Multi Manu data
10-15 22:20:49.875 19438 19556 I chatty  : uid=1002(bluetooth) BT Service Call identical 63 lines
10-15 22:20:49.875 19438 19556 D ScanRecord: Not a Multi Manu data
10-15 22:20:49.881  3957  8661 I chatty  : uid=1000(system) Binder:3957_14 identical 1 line
10-15 22:20:49.881  3957  8661 D WifiService: getConnectionInfo uid=1000
10-15 22:20:49.883 19438 19556 D ScanRecord: Not a Multi Manu data
10-15 22:20:49.884  3957  8661 D ConnectivityService: filterNetworkStateForUid() uid: 10169 networkInfo: [type: WIFI[] - WIFI, state: CONNECTED/CONNECTED, reason: (unspecified), extra: "ourhome", failover: false, available: true, roaming: false, metered: false]
10-15 22:20:49.884 19438 19556 I chatty  : uid=1002(bluetooth) BT Service Call identical 22 lines
10-15 22:20:49.884 19438 19556 D ScanRecord: Not a Multi Manu data
10-15 22:20:49.884  3957  8661 D WifiService: getConnectionInfo uid=1000
10-15 22:20:49.885 19438 19556 D ScanRecord: Not a Multi Manu data
10-15 22:20:49.885 19438 19556 D ScanRecord: Not a Multi Manu data
10-15 22:20:49.888  3957 14960 D ConnectivityService: filterNetworkStateForUid() uid: 10169 networkInfo: [type: WIFI[] - WIFI, state: CONNECTED/CONNECTED, reason: (unspecified), extra: "ourhome", failover: false, available: true, roaming: false, metered: false]
10-15 22:20:49.888  3957 14960 D WifiService: getConnectionInfo uid=1000
10-15 22:20:49.890 19438 19556 D ScanRecord: Not a Multi Manu data
10-15 22:20:49.890 19438 19556 I chatty  : uid=1002(bluetooth) BT Service Call identical 11 lines
10-15 22:20:49.890 19438 19556 D ScanRecord: Not a Multi Manu data
10-15 22:20:49.891  3957 14960 D WifiService: getConnectionInfo uid=1000
10-15 22:20:49.906  3957 14960 I chatty  : uid=1000(system) Binder:3957_1F identical 4 lines
10-15 22:20:49.909  3957 14960 I chatty  : uid=1000(system) Binder:3957_1F identical 6 lines
10-15 22:20:49.909  3957 14960 D WifiService: getConnectionInfo uid=1000
10-15 22:20:49.911 19438 19556 D ScanRecord: Not a Multi Manu data
10-15 22:20:49.911 19438 19556 I chatty  : uid=1002(bluetooth) BT Service Call identical 11 lines
10-15 22:20:49.911 19438 19556 D ScanRecord: Not a Multi Manu data
10-15 22:20:49.912  3957 14960 D ConnectivityService: filterNetworkStateForUid() uid: 10169 networkInfo: [type: WIFI[] - WIFI, state: CONNECTED/CONNECTED, reason: (unspecified), extra: "ourhome", failover: false, available: true, roaming: false, metered: false]
10-15 22:20:49.912  3957 14960 D WifiService: getConnectionInfo uid=1000
10-15 22:20:49.930 30678 30945 I BatteryMgr:DataCollectionService: stats => 1697401249930,-146,4250,-157,0,100
10-15 22:20:49.944 19438 19556 D ScanRecord: Not a Multi Manu data
10-15 22:20:49.954 19438 19556 I chatty  : uid=1002(bluetooth) BT Service Call identical 37 lines
10-15 22:20:49.954 19438 19556 D ScanRecord: Not a Multi Manu data
10-15 22:20:49.968  3957  4128 D WifiService: getConnectionInfo uid=1000
10-15 22:20:49.984 19438 19556 D ScanRecord: Not a Multi Manu data
10-15 22:20:49.989  4961  4961 D io_stats: !@ 179,0 r 5282468 163716576 w 1288698 27995268 d 101607 31613636 f 298874 315477 iot 2348372 2076356 th 51200 0 0 pt 0 inp 0 0 403239.139
10-15 22:20:49.991 19438 19556 I chatty  : uid=1002(bluetooth) BT Service Call identical 24 lines
10-15 22:20:49.991 19438 19556 D ScanRecord: Not a Multi Manu data
10-15 22:20:49.998  3957 14960 D ConnectivityService: filterNetworkStateForUid() uid: 10169 networkInfo: [type: WIFI[] - WIFI, state: CONNECTED/CONNECTED, reason: (unspecified), extra: "ourhome", failover: false, available: true, roaming: false, metered: false]
10-15 22:20:49.998  3957 14960 D WifiService: getConnectionInfo uid=1000
10-15 22:20:49.999 19438 19556 D ScanRecord: Not a Multi Manu data
10-15 22:20:50.000 19438 19556 I chatty  : uid=1002(bluetooth) BT Service Call identical 11 lines
10-15 22:20:50.000 19438 19556 D ScanRecord: Not a Multi Manu data
10-15 22:20:50.000 30876 30974 E vulkan  : invalid vkGetInstanceProcAddr(VK_NULL_HANDLE, "vkEnumerateInstanceVersion") call
10-15 22:20:50.000 30876 30974 E vulkan  : invalid vkGetInstanceProcAddr(VK_NULL_HANDLE, "vkEnumerateInstanceVersion") call
10-15 22:20:50.009 30876 30974 D vulkan  : searching for layers in '/data/app/org.mozilla.fenix-iWpGOrf8cry6RDpwHyQugA==/lib/arm64'
10-15 22:20:50.010 30876 30974 D vulkan  : searching for layers in '/data/app/org.mozilla.fenix-iWpGOrf8cry6RDpwHyQugA==/base.apk!/lib/arm64-v8a'
10-15 22:20:50.016 30876 30974 D vulkan  : vulkan api version_1_0 1.0.0
10-15 22:20:50.016 30876 30974 D vulkan  : vulkan header version 46
10-15 22:20:50.025 19438 19556 D ScanRecord: Not a Multi Manu data
10-15 22:20:50.025 19438 19556 I chatty  : uid=1002(bluetooth) BT Service Call identical 11 lines
10-15 22:20:50.025 19438 19556 D ScanRecord: Not a Multi Manu data
10-15 22:20:50.042 30678 30945 I BatteryMgr:DataCollectionService: stats => 1697401250041,-146,4250,-157,0,100
10-15 22:20:50.052 19438 19556 D ScanRecord: Not a Multi Manu data
10-15 22:20:50.074 19438 19556 I chatty  : uid=1002(bluetooth) BT Service Call identical 50 lines
10-15 22:20:50.074 19438 19556 D ScanRecord: Not a Multi Manu data
10-15 22:20:50.076  3957  4129 D WifiStateMachine:  ConnectedState !RSSI_PKTCNT_FETCH uid=1000 rt=403239226/1063637453 0 0 "ourhome" f4:6d:2f:12:cc:88 rssi=-44 f=5240 sc=60 link=433 tx=0.8, 0.0, 0.0  rx=11.0 bcn=61744 [on:0 tx:0 rx:0 period:1001] from screen [on:195330 period:1417052] score=60
10-15 22:20:50.077  3957  4129 D WifiStateMachine:  L2ConnectedState !RSSI_PKTCNT_FETCH uid=1000 rt=403239227/1063637455 0 0 "ourhome" f4:6d:2f:12:cc:88 rssi=-44 f=5240 sc=60 link=433 tx=0.8, 0.0, 0.0  rx=11.0 bcn=61744 [on:0 tx:0 rx:0 period:1] from screen [on:195330 period:1417053] score=60
10-15 22:20:50.079  3957  4129 D WifiStateMachine: fetchRssiLinkSpeedAndFrequencyNative rssi=-45 linkspeed=433 freq=5240
10-15 22:20:50.086 19438 19556 D ScanRecord: Not a Multi Manu data
10-15 22:20:50.086 19438 19556 I chatty  : uid=1002(bluetooth) BT Service Call identical 11 lines
10-15 22:20:50.086 19438 19556 D ScanRecord: Not a Multi Manu data
10-15 22:20:50.087 30722 30722 I GeckoSession: handleMessage GeckoView:PageStop uri=null
10-15 22:20:50.092 30722 30763 I SessionStorage/AutoSave: Save: Load finished
10-15 22:20:50.099 19438 19556 D ScanRecord: Not a Multi Manu data
10-15 22:20:50.125 19438 19556 I chatty  : uid=1002(bluetooth) BT Service Call identical 63 lines
10-15 22:20:50.125 19438 19556 D ScanRecord: Not a Multi Manu data
10-15 22:20:50.152 30678 30945 I BatteryMgr:DataCollectionService: stats => 1697401250152,-146,4250,-157,0,100
10-15 22:20:50.263 30678 30945 I BatteryMgr:DataCollectionService: stats => 1697401250262,-146,4250,-157,0,100
10-15 22:20:50.336  3957 14960 D WifiService: getConnectionInfo uid=1000
10-15 22:20:50.356  3957 14960 I chatty  : uid=1000(system) Binder:3957_1F identical 1 line
10-15 22:20:50.371  3957 14960 D WifiService: getConnectionInfo uid=1000
10-15 22:20:50.373 30678 30945 I BatteryMgr:DataCollectionService: stats => 1697401250373,-146,4250,-157,0,100
10-15 22:20:50.381  3957  4030 D SensorService: [SO] 0.077 -0.096 9.979
10-15 22:20:50.383  3957 14960 I chatty  : uid=1000(system) Binder:3957_1F identical 4 lines
10-15 22:20:50.383  3957 14960 D WifiService: getConnectionInfo uid=1000
10-15 22:20:50.479 30722 30722 W GeckoSession: No history entries found.
10-15 22:20:50.482 30678 30945 I BatteryMgr:DataCollectionService: stats => 1697401250482,-146,4250,-157,0,100
10-15 22:20:50.487  3957 14960 D ConnectivityService: filterNetworkStateForUid() uid: 10169 networkInfo: [type: WIFI[] - WIFI, state: CONNECTED/CONNECTED, reason: (unspecified), extra: "ourhome", failover: false, available: true, roaming: false, metered: false]
10-15 22:20:50.487  3957 14960 D WifiService: getConnectionInfo uid=1000
10-15 22:20:50.533  3957  4129 D WifiStateMachine:  ConnectedState !CMD_RSSI_POLL rt=403239682/1063637910 52 0 "ourhome" f4:6d:2f:12:cc:88 rssi=-45 f=5240 sc=60 link=433 tx=0.8, 0.0, 0.0  rx=11.0 bcn=61744 [on:0 tx:0 rx:0 period:455] from screen [on:195330 period:1417508] score=60
10-15 22:20:50.534  3957  4129 D WifiStateMachine:  L2ConnectedState !CMD_RSSI_POLL rt=403239684/1063637911 52 0 "ourhome" f4:6d:2f:12:cc:88 rssi=-45 f=5240 sc=60 link=433 tx=0.8, 0.0, 0.0  rx=11.0 bcn=61744 [on:0 tx:0 rx:0 period:2] from screen [on:195330 period:1417510] score=60
10-15 22:20:50.534  3957  4129 D WifiStateMachine:  get link layer stats 3
10-15 22:20:50.534  3436  3436 I android.hardware.wifi@1.0-service: getLinkLayerStats
10-15 22:20:50.539  3957  4129 D WifiStateMachine: fetchRssiLinkSpeedAndFrequencyNative rssi=-45 linkspeed=433 freq=5240
10-15 22:20:50.541  4340  4340 E SignalClusterView: setSlotFocusVisible : subId -2
10-15 22:20:50.541  4340  4340 E SignalClusterView: setSlotFocusVisible : subId -2
10-15 22:20:50.591 30678 30945 I BatteryMgr:DataCollectionService: stats => 1697401250590,-146,4250,-157,0,100
10-15 22:20:50.649  3957 14960 D ConnectivityService: filterNetworkStateForUid() uid: 10169 networkInfo: [type: WIFI[] - WIFI, state: CONNECTED/CONNECTED, reason: (unspecified), extra: "ourhome", failover: false, available: true, roaming: false, metered: false]
10-15 22:20:50.649  3957 14960 D WifiService: getConnectionInfo uid=1000
10-15 22:20:50.703 30678 30945 I BatteryMgr:DataCollectionService: stats => 1697401250703,-146,4250,-157,0,100
10-15 22:20:50.727  3957 14960 D ConnectivityService: filterNetworkStateForUid() uid: 10169 networkInfo: [type: WIFI[] - WIFI, state: CONNECTED/CONNECTED, reason: (unspecified), extra: "ourhome", failover: false, available: true, roaming: false, metered: false]
10-15 22:20:50.727  3957 14960 D WifiService: getConnectionInfo uid=1000
10-15 22:20:50.828 30678 30945 I BatteryMgr:DataCollectionService: stats => 1697401250827,-146,4250,-157,0,100
10-15 22:20:50.943 30678 30945 I BatteryMgr:DataCollectionService: stats => 1697401250943,-146,4250,-157,0,100
10-15 22:20:50.970  3957  4128 D WifiService: getConnectionInfo uid=1000
10-15 22:20:51.053 30678 30945 I BatteryMgr:DataCollectionService: stats => 1697401251052,-146,4250,-157,0,100
10-15 22:20:51.076  3957  4129 D WifiStateMachine:  ConnectedState !RSSI_PKTCNT_FETCH uid=1000 rt=403240226/1063638454 0 0 "ourhome" f4:6d:2f:12:cc:88 rssi=-45 f=5240 sc=60 link=433 tx=74.4, 3.8, 0.0  rx=76.3 bcn=61770 [on:0 tx:0 rx:0 period:536] from screen [on:198065 period:1418052] score=60
10-15 22:20:51.078  3957  4129 D WifiStateMachine:  L2ConnectedState !RSSI_PKTCNT_FETCH uid=1000 rt=403240228/1063638455 0 0 "ourhome" f4:6d:2f:12:cc:88 rssi=-45 f=5240 sc=60 link=433 tx=74.4, 3.8, 0.0  rx=76.3 bcn=61770 [on:0 tx:0 rx:0 period:2] from screen [on:198065 period:1418054] score=60
10-15 22:20:51.080  3957  4129 D WifiStateMachine: fetchRssiLinkSpeedAndFrequencyNative rssi=-47 linkspeed=433 freq=5240
10-15 22:20:51.127  3957  6478 D WifiService: getConnectionInfo uid=1000
10-15 22:20:51.166 30678 30945 I BatteryMgr:DataCollectionService: stats => 1697401251166,-146,4250,-157,0,100
10-15 22:20:51.279 30678 30945 I BatteryMgr:DataCollectionService: stats => 1697401251278,-146,4250,-157,0,100
10-15 22:20:51.387 30678 30945 I BatteryMgr:DataCollectionService: stats => 1697401251387,-146,4250,-157,0,100
10-15 22:20:51.495 30678 30945 I BatteryMgr:DataCollectionService: stats => 1697401251495,-146,4250,-157,0,100
10-15 22:20:51.609 30678 30945 I BatteryMgr:DataCollectionService: stats => 1697401251609,-146,4250,-157,0,100
10-15 22:20:51.716 30678 30945 I BatteryMgr:DataCollectionService: stats => 1697401251716,-146,4250,-157,0,100
10-15 22:20:51.835 30678 30945 I BatteryMgr:DataCollectionService: stats => 1697401251835,-146,4250,-157,0,100
10-15 22:20:51.952 30678 30945 I BatteryMgr:DataCollectionService: stats => 1697401251952,-146,4250,-157,0,100
10-15 22:20:51.973  3957  4128 D WifiService: getConnectionInfo uid=1000
10-15 22:20:52.069 30678 30945 I BatteryMgr:DataCollectionService: stats => 1697401252069,-146,4250,-157,0,100
