10-15 22:01:04.975 19438 19556 D ScanRecord: Not a Multi Manu data
10-15 22:01:05.021 28420 28727 I BatteryMgr:DataCollectionService: stats => 1697400065021,146,4250,145,0,100
10-15 22:01:05.025 19438 19556 D ScanRecord: Not a Multi Manu data
10-15 22:01:05.116 19438 19556 I chatty  : uid=1002(bluetooth) BT Service Call identical 89 lines
10-15 22:01:05.117 19438 19556 D ScanRecord: Not a Multi Manu data
10-15 22:01:05.129 28420 28727 I BatteryMgr:DataCollectionService: stats => 1697400065129,146,4250,145,0,100
10-15 22:01:05.131 19438 19556 D ScanRecord: Not a Multi Manu data
10-15 22:01:05.142 19438 19556 I chatty  : uid=1002(bluetooth) BT Service Call identical 37 lines
10-15 22:01:05.142 19438 19556 D ScanRecord: Not a Multi Manu data
10-15 22:01:05.238 28420 28727 I BatteryMgr:DataCollectionService: stats => 1697400065238,146,4250,145,0,100
10-15 22:01:05.346 28420 28727 I BatteryMgr:DataCollectionService: stats => 1697400065346,146,4250,145,0,100
10-15 22:01:05.370  3957  4129 D WifiStateMachine:  ConnectedState !RSSI_PKTCNT_FETCH uid=1000 rt=402054519/1062452747 0 0 "ourhome" f4:6d:2f:12:cc:88 rssi=-46 f=5240 sc=60 link=433 tx=1.7, 0.0, 0.0  rx=2.6 bcn=50938 [on:0 tx:0 rx:0 period:998] from screen [on:39353 period:232346] score=60
10-15 22:01:05.372  3957  4129 D WifiStateMachine:  L2ConnectedState !RSSI_PKTCNT_FETCH uid=1000 rt=402054521/1062452749 0 0 "ourhome" f4:6d:2f:12:cc:88 rssi=-46 f=5240 sc=60 link=433 tx=1.7, 0.0, 0.0  rx=2.6 bcn=50938 [on:0 tx:0 rx:0 period:2] from screen [on:39353 period:232348] score=60
10-15 22:01:05.375  3957  4129 D WifiStateMachine: fetchRssiLinkSpeedAndFrequencyNative rssi=-46 linkspeed=433 freq=5240
10-15 22:01:05.457 28420 28727 I BatteryMgr:DataCollectionService: stats => 1697400065457,146,4250,145,0,100
10-15 22:01:05.568 28420 28727 I BatteryMgr:DataCollectionService: stats => 1697400065568,146,4250,145,0,100
10-15 22:01:05.654  3957  4128 D WifiService: getConnectionInfo uid=1000
10-15 22:01:05.681 28420 28727 I BatteryMgr:DataCollectionService: stats => 1697400065681,146,4250,145,0,100
10-15 22:01:05.698  3957  4129 D WifiStateMachine:  ConnectedState !CMD_RSSI_POLL rt=402054847/1062453074 52 0 "ourhome" f4:6d:2f:12:cc:88 rssi=-46 f=5240 sc=60 link=433 tx=1.7, 0.0, 0.0  rx=2.6 bcn=50938 [on:0 tx:0 rx:0 period:325] from screen [on:39353 period:232673] score=60
10-15 22:01:05.702  3957  4129 D WifiStateMachine:  L2ConnectedState !CMD_RSSI_POLL rt=402054849/1062453077 52 0 "ourhome" f4:6d:2f:12:cc:88 rssi=-46 f=5240 sc=60 link=433 tx=1.7, 0.0, 0.0  rx=2.6 bcn=50938 [on:0 tx:0 rx:0 period:5] from screen [on:39353 period:232678] score=60
10-15 22:01:05.703  3957  4129 D WifiStateMachine:  get link layer stats 3
10-15 22:01:05.703  3436  3436 I android.hardware.wifi@1.0-service: getLinkLayerStats
10-15 22:01:05.722  3957  4129 D WifiStateMachine: fetchRssiLinkSpeedAndFrequencyNative rssi=-46 linkspeed=433 freq=5240
10-15 22:01:05.727  4340  4340 E SignalClusterView: setSlotFocusVisible : subId -2
10-15 22:01:05.727  4340  4340 E SignalClusterView: setSlotFocusVisible : subId -2
10-15 22:01:05.796 28420 28727 I BatteryMgr:DataCollectionService: stats => 1697400065796,146,4250,145,0,100
10-15 22:01:05.906 28420 28727 I BatteryMgr:DataCollectionService: stats => 1697400065906,146,4250,145,0,100
10-15 22:01:06.016 28420 28727 I BatteryMgr:DataCollectionService: stats => 1697400066016,146,4250,145,0,100
10-15 22:01:06.131 28420 28727 I BatteryMgr:DataCollectionService: stats => 1697400066131,146,4250,145,0,100
10-15 22:01:06.245 28420 28727 I BatteryMgr:DataCollectionService: stats => 1697400066245,146,4250,145,0,100
10-15 22:01:06.354 28420 28727 I BatteryMgr:DataCollectionService: stats => 1697400066354,146,4250,145,0,100
10-15 22:01:06.372  3957  4129 D WifiStateMachine:  ConnectedState !RSSI_PKTCNT_FETCH uid=1000 rt=402055521/1062453748 0 0 "ourhome" f4:6d:2f:12:cc:88 rssi=-46 f=5240 sc=60 link=433 tx=1.3, 0.0, 0.0  rx=1.6 bcn=50965 [on:0 tx:0 rx:0 period:648] from screen [on:39862 period:233348] score=60
10-15 22:01:06.374  3957  4129 D WifiStateMachine:  L2ConnectedState !RSSI_PKTCNT_FETCH uid=1000 rt=402055523/1062453751 0 0 "ourhome" f4:6d:2f:12:cc:88 rssi=-46 f=5240 sc=60 link=433 tx=1.3, 0.0, 0.0  rx=1.6 bcn=50965 [on:0 tx:0 rx:0 period:2] from screen [on:39862 period:233350] score=60
10-15 22:01:06.381  3957  4129 D WifiStateMachine: fetchRssiLinkSpeedAndFrequencyNative rssi=-46 linkspeed=433 freq=5240
10-15 22:01:06.461 28420 28727 I BatteryMgr:DataCollectionService: stats => 1697400066460,146,4250,145,0,100
10-15 22:01:06.571 28420 28727 I BatteryMgr:DataCollectionService: stats => 1697400066571,146,4250,145,0,100
10-15 22:01:06.656  3957  4128 D WifiService: getConnectionInfo uid=1000
10-15 22:01:06.682 28420 28727 I BatteryMgr:DataCollectionService: stats => 1697400066682,146,4250,145,0,100
10-15 22:01:06.787 28420 28727 I BatteryMgr:DataCollectionService: stats => 1697400066787,146,4250,145,0,100
10-15 22:01:06.895 28420 28727 I BatteryMgr:DataCollectionService: stats => 1697400066895,146,4250,145,0,100
10-15 22:01:07.004 28420 28727 I BatteryMgr:DataCollectionService: stats => 1697400067004,146,4250,145,0,100
10-15 22:01:07.113 28420 28727 I BatteryMgr:DataCollectionService: stats => 1697400067113,146,4250,145,0,100
10-15 22:01:07.221 28420 28727 I BatteryMgr:DataCollectionService: stats => 1697400067221,146,4250,145,0,100
10-15 22:01:07.331 28420 28727 I BatteryMgr:DataCollectionService: stats => 1697400067331,146,4250,145,0,100
10-15 22:01:07.372  3957  4129 D WifiStateMachine:  ConnectedState !RSSI_PKTCNT_FETCH uid=1000 rt=402056522/1062454749 0 0 "ourhome" f4:6d:2f:12:cc:88 rssi=-46 f=5240 sc=60 link=433 tx=1.3, 0.0, 0.0  rx=1.6 bcn=50965 [on:0 tx:0 rx:0 period:998] from screen [on:39862 period:234348] score=60
10-15 22:01:07.375  3957  4129 D WifiStateMachine:  L2ConnectedState !RSSI_PKTCNT_FETCH uid=1000 rt=402056523/1062454751 0 0 "ourhome" f4:6d:2f:12:cc:88 rssi=-46 f=5240 sc=60 link=433 tx=1.3, 0.0, 0.0  rx=1.6 bcn=50965 [on:0 tx:0 rx:0 period:2] from screen [on:39862 period:234350] score=60
10-15 22:01:07.377  3957  4129 D WifiStateMachine: fetchRssiLinkSpeedAndFrequencyNative rssi=-46 linkspeed=433 freq=5240
10-15 22:01:07.435 28420 28727 I BatteryMgr:DataCollectionService: stats => 1697400067435,146,4250,145,0,100
10-15 22:01:07.545 28420 28727 I BatteryMgr:DataCollectionService: stats => 1697400067544,146,4250,145,0,100
10-15 22:01:07.653 28420 28727 I BatteryMgr:DataCollectionService: stats => 1697400067653,146,4250,145,0,100
10-15 22:01:07.658  3957  4128 D WifiService: getConnectionInfo uid=1000
10-15 22:01:07.762 28420 28727 I BatteryMgr:DataCollectionService: stats => 1697400067762,146,4250,145,0,100
10-15 22:01:07.870 28420 28727 I BatteryMgr:DataCollectionService: stats => 1697400067870,146,4250,145,0,100
10-15 22:01:07.979 28420 28727 I BatteryMgr:DataCollectionService: stats => 1697400067979,146,4250,145,0,100
10-15 22:01:08.087 28420 28727 I BatteryMgr:DataCollectionService: stats => 1697400068087,146,4250,145,0,100
10-15 22:01:08.196 28420 28727 I BatteryMgr:DataCollectionService: stats => 1697400068195,146,4250,145,0,100
10-15 22:01:08.304 28420 28727 I BatteryMgr:DataCollectionService: stats => 1697400068303,146,4250,145,0,100
10-15 22:01:08.374  3957  4129 D WifiStateMachine:  ConnectedState !RSSI_PKTCNT_FETCH uid=1000 rt=402057523/1062455751 0 0 "ourhome" f4:6d:2f:12:cc:88 rssi=-46 f=5240 sc=60 link=433 tx=1.3, 0.0, 0.0  rx=1.6 bcn=50965 [on:0 tx:0 rx:0 period:1000] from screen [on:39862 period:235350] score=60
10-15 22:01:08.378  3957  4129 D WifiStateMachine:  L2ConnectedState !RSSI_PKTCNT_FETCH uid=1000 rt=402057526/1062455753 0 0 "ourhome" f4:6d:2f:12:cc:88 rssi=-46 f=5240 sc=60 link=433 tx=1.3, 0.0, 0.0  rx=1.6 bcn=50965 [on:0 tx:0 rx:0 period:3] from screen [on:39862 period:235353] score=60
10-15 22:01:08.384  3957  4129 D WifiStateMachine: fetchRssiLinkSpeedAndFrequencyNative rssi=-45 linkspeed=433 freq=5240
10-15 22:01:08.410 28420 28727 I BatteryMgr:DataCollectionService: stats => 1697400068410,145,4250,142,0,100
10-15 22:01:08.515 28420 28727 I BatteryMgr:DataCollectionService: stats => 1697400068515,145,4250,142,0,100
10-15 22:01:08.620 28420 28727 I BatteryMgr:DataCollectionService: stats => 1697400068620,145,4250,142,0,100
10-15 22:01:08.660  3957  4128 D WifiService: getConnectionInfo uid=1000
10-15 22:01:08.726  3957  4129 D WifiStateMachine:  ConnectedState !CMD_RSSI_POLL rt=402057874/1062456102 52 0 "ourhome" f4:6d:2f:12:cc:88 rssi=-45 f=5240 sc=60 link=433 tx=1.3, 0.0, 0.0  rx=1.6 bcn=50965 [on:0 tx:0 rx:0 period:349] from screen [on:39862 period:235702] score=60
10-15 22:01:08.727  3957  4129 D WifiStateMachine:  L2ConnectedState !CMD_RSSI_POLL rt=402057877/1062456105 52 0 "ourhome" f4:6d:2f:12:cc:88 rssi=-45 f=5240 sc=60 link=433 tx=1.3, 0.0, 0.0  rx=1.6 bcn=50965 [on:0 tx:0 rx:0 period:1] from screen [on:39862 period:235703] score=60
10-15 22:01:08.727  3957  4129 D WifiStateMachine:  get link layer stats 3
10-15 22:01:08.728  3436  3436 I android.hardware.wifi@1.0-service: getLinkLayerStats
10-15 22:01:08.729 28420 28727 I BatteryMgr:DataCollectionService: stats => 1697400068729,145,4250,142,0,100
10-15 22:01:08.735  3957  4129 D WifiStateMachine: fetchRssiLinkSpeedAndFrequencyNative rssi=-45 linkspeed=433 freq=5240
10-15 22:01:08.737  4340  4340 E SignalClusterView: setSlotFocusVisible : subId -2
10-15 22:01:08.737  4340  4340 E SignalClusterView: setSlotFocusVisible : subId -2
10-15 22:01:08.802  3957  4653 D BatteryService: !@BatteryListener : batteryPropertiesChanged!
10-15 22:01:08.837 28420 28727 I BatteryMgr:DataCollectionService: stats => 1697400068836,145,4250,142,0,100
10-15 22:01:08.948 28420 28727 I BatteryMgr:DataCollectionService: stats => 1697400068948,145,4250,142,0,100
10-15 22:01:09.054 28420 28727 I BatteryMgr:DataCollectionService: stats => 1697400069054,145,4250,142,0,100
10-15 22:01:09.094  4961  4961 D io_stats: !@ 179,0 r 5230501 161897212 w 1284290 27904720 d 101107 31572532 f 298412 314935 iot 2325960 2057630 th 51200 0 0 pt 0 inp 0 0 402058.244
10-15 22:01:09.163 28420 28727 I BatteryMgr:DataCollectionService: stats => 1697400069163,145,4250,142,0,100
10-15 22:01:09.271 28420 28727 I BatteryMgr:DataCollectionService: stats => 1697400069271,145,4250,142,0,100
10-15 22:01:09.376  3957  4129 D WifiStateMachine:  ConnectedState !RSSI_PKTCNT_FETCH uid=1000 rt=402058525/1062456752 0 0 "ourhome" f4:6d:2f:12:cc:88 rssi=-45 f=5240 sc=60 link=433 tx=1.1, 0.0, 0.0  rx=1.2 bcn=50991 [on:0 tx:0 rx:0 period:640] from screen [on:40343 period:236352] score=60
10-15 22:01:09.380 28420 28727 I BatteryMgr:DataCollectionService: stats => 1697400069380,145,4250,142,0,100
10-15 22:01:09.380  3957  4129 D WifiStateMachine:  L2ConnectedState !RSSI_PKTCNT_FETCH uid=1000 rt=402058527/1062456755 0 0 "ourhome" f4:6d:2f:12:cc:88 rssi=-45 f=5240 sc=60 link=433 tx=1.1, 0.0, 0.0  rx=1.2 bcn=50991 [on:0 tx:0 rx:0 period:4] from screen [on:40343 period:236356] score=60
10-15 22:01:09.387  3957  4129 D WifiStateMachine: fetchRssiLinkSpeedAndFrequencyNative rssi=-45 linkspeed=433 freq=5240
10-15 22:01:09.488 28420 28727 I BatteryMgr:DataCollectionService: stats => 1697400069488,145,4250,142,0,100
10-15 22:01:09.593 28420 28727 I BatteryMgr:DataCollectionService: stats => 1697400069593,145,4250,142,0,100
10-15 22:01:09.647 19438 19556 D ScanRecord: Not a Multi Manu data
10-15 22:01:09.658 19438 19556 I chatty  : uid=1002(bluetooth) BT Service Call identical 24 lines
10-15 22:01:09.658 19438 19556 D ScanRecord: Not a Multi Manu data
10-15 22:01:09.662  3957  4128 D WifiService: getConnectionInfo uid=1000
10-15 22:01:09.663 19438 19556 D ScanRecord: Not a Multi Manu data
10-15 22:01:09.700 19438 19556 I chatty  : uid=1002(bluetooth) BT Service Call identical 24 lines
10-15 22:01:09.700 19438 19556 D ScanRecord: Not a Multi Manu data
10-15 22:01:09.705 28420 28727 I BatteryMgr:DataCollectionService: stats => 1697400069705,145,4250,142,0,100
10-15 22:01:09.707 19438 19556 D ScanRecord: Not a Multi Manu data
10-15 22:01:09.805 19438 19556 I chatty  : uid=1002(bluetooth) BT Service Call identical 141 lines
10-15 22:01:09.805 19438 19556 D ScanRecord: Not a Multi Manu data
10-15 22:01:09.812 28420 28727 I BatteryMgr:DataCollectionService: stats => 1697400069812,145,4250,142,0,100
10-15 22:01:09.851 19438 19556 D ScanRecord: Not a Multi Manu data
10-15 22:01:09.908 19438 19556 I chatty  : uid=1002(bluetooth) BT Service Call identical 63 lines
10-15 22:01:09.908 19438 19556 D ScanRecord: Not a Multi Manu data
10-15 22:01:09.919 28420 28727 I BatteryMgr:DataCollectionService: stats => 1697400069919,145,4250,142,0,100
10-15 22:01:09.934 19438 19556 D ScanRecord: Not a Multi Manu data
10-15 22:01:10.023 19438 19556 I chatty  : uid=1002(bluetooth) BT Service Call identical 89 lines
10-15 22:01:10.023 19438 19556 D ScanRecord: Not a Multi Manu data
10-15 22:01:10.026 28420 28727 I BatteryMgr:DataCollectionService: stats => 1697400070026,145,4250,142,0,100
10-15 22:01:10.030 19438 19556 D ScanRecord: Not a Multi Manu data
10-15 22:01:10.124 19438 19556 I chatty  : uid=1002(bluetooth) BT Service Call identical 63 lines
10-15 22:01:10.124 19438 19556 D ScanRecord: Not a Multi Manu data
10-15 22:01:10.133 28420 28727 I BatteryMgr:DataCollectionService: stats => 1697400070133,145,4250,142,0,100
10-15 22:01:10.241 28420 28727 I BatteryMgr:DataCollectionService: stats => 1697400070240,145,4250,142,0,100
10-15 22:01:10.308  3957  4030 D SensorService: [SO] 0.077 -0.086 9.974
10-15 22:01:10.349 28420 28727 I BatteryMgr:DataCollectionService: stats => 1697400070349,145,4250,142,0,100
10-15 22:01:10.378  3957  4129 D WifiStateMachine:  ConnectedState !RSSI_PKTCNT_FETCH uid=1000 rt=402059527/1062457754 0 0 "ourhome" f4:6d:2f:12:cc:88 rssi=-45 f=5240 sc=60 link=433 tx=1.1, 0.0, 0.0  rx=1.2 bcn=50991 [on:0 tx:0 rx:0 period:998] from screen [on:40343 period:237354] score=60
10-15 22:01:10.381  3957  4129 D WifiStateMachine:  L2ConnectedState !RSSI_PKTCNT_FETCH uid=1000 rt=402059529/1062457757 0 0 "ourhome" f4:6d:2f:12:cc:88 rssi=-45 f=5240 sc=60 link=433 tx=1.1, 0.0, 0.0  rx=1.2 bcn=50991 [on:0 tx:0 rx:0 period:2] from screen [on:40343 period:237356] score=60
10-15 22:01:10.385  3957  4129 D WifiStateMachine: fetchRssiLinkSpeedAndFrequencyNative rssi=-45 linkspeed=433 freq=5240
10-15 22:01:10.458 28420 28727 I BatteryMgr:DataCollectionService: stats => 1697400070458,145,4250,142,0,100
10-15 22:01:10.569 28420 28727 I BatteryMgr:DataCollectionService: stats => 1697400070569,145,4250,142,0,100
10-15 22:01:10.664  3957  4128 D WifiService: getConnectionInfo uid=1000
10-15 22:01:10.674 28420 28727 I BatteryMgr:DataCollectionService: stats => 1697400070674,145,4250,142,0,100
10-15 22:01:10.781 28420 28727 I BatteryMgr:DataCollectionService: stats => 1697400070781,145,4250,142,0,100
10-15 22:01:10.900 28420 28727 I BatteryMgr:DataCollectionService: stats => 1697400070900,145,4250,142,0,100
10-15 22:01:11.012 28420 28727 I BatteryMgr:DataCollectionService: stats => 1697400071011,145,4250,142,0,100
10-15 22:01:11.123 28420 28727 I BatteryMgr:DataCollectionService: stats => 1697400071123,145,4250,142,0,100
10-15 22:01:11.233 28420 28727 I BatteryMgr:DataCollectionService: stats => 1697400071233,145,4250,142,0,100
10-15 22:01:11.342 28420 28727 I BatteryMgr:DataCollectionService: stats => 1697400071342,145,4250,142,0,100
10-15 22:01:11.379  3957  4129 D WifiStateMachine:  ConnectedState !RSSI_PKTCNT_FETCH uid=1000 rt=402060528/1062458756 0 0 "ourhome" f4:6d:2f:12:cc:88 rssi=-45 f=5240 sc=60 link=433 tx=1.1, 0.0, 0.0  rx=1.2 bcn=50991 [on:0 tx:0 rx:0 period:999] from screen [on:40343 period:238355] score=60
10-15 22:01:11.382  3957  4129 D WifiStateMachine:  L2ConnectedState !RSSI_PKTCNT_FETCH uid=1000 rt=402060530/1062458758 0 0 "ourhome" f4:6d:2f:12:cc:88 rssi=-45 f=5240 sc=60 link=433 tx=1.1, 0.0, 0.0  rx=1.2 bcn=50991 [on:0 tx:0 rx:0 period:3] from screen [on:40343 period:238358] score=60
10-15 22:01:11.389  3957  4129 D WifiStateMachine: fetchRssiLinkSpeedAndFrequencyNative rssi=-45 linkspeed=433 freq=5240
10-15 22:01:11.450 28420 28727 I BatteryMgr:DataCollectionService: stats => 1697400071450,145,4250,142,0,100
10-15 22:01:11.567 28420 28727 I BatteryMgr:DataCollectionService: stats => 1697400071567,145,4250,142,0,100
10-15 22:01:11.667  3957  4128 D WifiService: getConnectionInfo uid=1000
10-15 22:01:11.676 28420 28727 I BatteryMgr:DataCollectionService: stats => 1697400071676,145,4250,142,0,100
10-15 22:01:11.738  3957  4129 D WifiStateMachine:  ConnectedState !CMD_RSSI_POLL rt=402060887/1062459114 52 0 "ourhome" f4:6d:2f:12:cc:88 rssi=-45 f=5240 sc=60 link=433 tx=1.1, 0.0, 0.0  rx=1.2 bcn=50991 [on:0 tx:0 rx:0 period:356] from screen [on:40343 period:238714] score=60
10-15 22:01:11.742  3957  4129 D WifiStateMachine:  L2ConnectedState !CMD_RSSI_POLL rt=402060889/1062459117 52 0 "ourhome" f4:6d:2f:12:cc:88 rssi=-45 f=5240 sc=60 link=433 tx=1.1, 0.0, 0.0  rx=1.2 bcn=50991 [on:0 tx:0 rx:0 period:3] from screen [on:40343 period:238717] score=60
10-15 22:01:11.742  3957  4129 D WifiStateMachine:  get link layer stats 3
10-15 22:01:11.742  3436  3436 I android.hardware.wifi@1.0-service: getLinkLayerStats
10-15 22:01:11.762  3957  4129 D WifiStateMachine: fetchRssiLinkSpeedAndFrequencyNative rssi=-45 linkspeed=433 freq=5240
10-15 22:01:11.766  4340  4340 E SignalClusterView: setSlotFocusVisible : subId -2
10-15 22:01:11.766  4340  4340 E SignalClusterView: setSlotFocusVisible : subId -2
10-15 22:01:11.785 28420 28727 I BatteryMgr:DataCollectionService: stats => 1697400071784,145,4250,142,0,100
10-15 22:01:11.892 28420 28727 I BatteryMgr:DataCollectionService: stats => 1697400071892,145,4250,142,0,100
10-15 22:01:12.001 28420 28727 I BatteryMgr:DataCollectionService: stats => 1697400072000,145,4250,142,0,100
10-15 22:01:12.111 28420 28727 I BatteryMgr:DataCollectionService: stats => 1697400072111,145,4250,142,0,100
10-15 22:01:12.222 28420 28727 I BatteryMgr:DataCollectionService: stats => 1697400072222,145,4250,142,0,100
10-15 22:01:12.332 28420 28727 I BatteryMgr:DataCollectionService: stats => 1697400072331,145,4250,142,0,100
10-15 22:01:12.384  3957  4129 D WifiStateMachine:  ConnectedState !RSSI_PKTCNT_FETCH uid=1000 rt=402061529/1062459757 0 0 "ourhome" f4:6d:2f:12:cc:88 rssi=-45 f=5240 sc=60 link=433 tx=0.4, 0.0, 0.0  rx=1.1 bcn=51020 [on:0 tx:0 rx:0 period:618] from screen [on:40469 period:239359] score=60
10-15 22:01:12.386  3957  4129 D WifiStateMachine:  L2ConnectedState !RSSI_PKTCNT_FETCH uid=1000 rt=402061535/1062459763 0 0 "ourhome" f4:6d:2f:12:cc:88 rssi=-45 f=5240 sc=60 link=433 tx=0.4, 0.0, 0.0  rx=1.1 bcn=51020 [on:0 tx:0 rx:0 period:3] from screen [on:40469 period:239362] score=60
10-15 22:01:12.394  3957  4129 D WifiStateMachine: fetchRssiLinkSpeedAndFrequencyNative rssi=-45 linkspeed=433 freq=5240
10-15 22:01:12.444 28420 28727 I BatteryMgr:DataCollectionService: stats => 1697400072444,145,4250,142,0,100
10-15 22:01:12.553 28420 28727 I BatteryMgr:DataCollectionService: stats => 1697400072553,145,4250,142,0,100
10-15 22:01:12.599  4340  4731 D NetworkController.MobileSignalController(0/-2): onSignalStrengthsChanged signalStrength=SignalStrength: 26 99 -26 -200 -26 -200 -1 99 2147483647 2147483647 2147483647 2147483647 0 2147483647 0x4 P gsm|lte level=4
10-15 22:01:12.600  4340  4731 D NetworkController.MobileSignalController(0/-2): getMobileIconGroup(): 0
10-15 22:01:12.662 28420 28727 I BatteryMgr:DataCollectionService: stats => 1697400072661,145,4250,142,0,100
10-15 22:01:12.670  3957  4128 D WifiService: getConnectionInfo uid=1000
10-15 22:01:12.771 28420 28727 I BatteryMgr:DataCollectionService: stats => 1697400072771,145,4250,142,0,100
10-15 22:01:12.879 28420 28727 I BatteryMgr:DataCollectionService: stats => 1697400072879,145,4250,142,0,100
10-15 22:01:12.991 28420 28727 I BatteryMgr:DataCollectionService: stats => 1697400072990,145,4250,142,0,100
10-15 22:01:13.101 28420 28727 I BatteryMgr:DataCollectionService: stats => 1697400073101,145,4250,142,0,100
10-15 22:01:13.212 28420 28727 I BatteryMgr:DataCollectionService: stats => 1697400073212,145,4250,142,0,100
10-15 22:01:13.322 28420 28727 I BatteryMgr:DataCollectionService: stats => 1697400073322,145,4250,142,0,100
10-15 22:01:13.383  3957  4129 D WifiStateMachine:  ConnectedState !RSSI_PKTCNT_FETCH uid=1000 rt=402062530/1062460758 0 0 "ourhome" f4:6d:2f:12:cc:88 rssi=-45 f=5240 sc=60 link=433 tx=0.4, 0.0, 0.0  rx=1.1 bcn=51020 [on:0 tx:0 rx:0 period:996] from screen [on:40469 period:240358] score=60
10-15 22:01:13.386  3957  4129 D WifiStateMachine:  L2ConnectedState !RSSI_PKTCNT_FETCH uid=1000 rt=402062534/1062460761 0 0 "ourhome" f4:6d:2f:12:cc:88 rssi=-45 f=5240 sc=60 link=433 tx=0.4, 0.0, 0.0  rx=1.1 bcn=51020 [on:0 tx:0 rx:0 period:3] from screen [on:40469 period:240361] score=60
10-15 22:01:13.388  3957  4129 D WifiStateMachine: fetchRssiLinkSpeedAndFrequencyNative rssi=-47 linkspeed=433 freq=5240
10-15 22:01:13.433 28420 28727 I BatteryMgr:DataCollectionService: stats => 1697400073433,145,4250,142,0,100
10-15 22:01:13.543 28420 28727 I BatteryMgr:DataCollectionService: stats => 1697400073543,145,4250,142,0,100
10-15 22:01:13.645  3957  6478 D SSRM:k  : SIOP:: AP = 370, PST = 345 (W:26), BAT = 297, USB = 0, CHG = 0
10-15 22:01:13.652 28420 28727 I BatteryMgr:DataCollectionService: stats => 1697400073652,145,4250,142,0,100
10-15 22:01:13.673  3957  4128 D WifiService: getConnectionInfo uid=1000
10-15 22:01:13.763 28420 28727 I BatteryMgr:DataCollectionService: stats => 1697400073763,145,4250,142,0,100
10-15 22:01:13.870 28420 28727 I BatteryMgr:DataCollectionService: stats => 1697400073869,145,4250,142,0,100
10-15 22:01:13.980 28420 28727 I BatteryMgr:DataCollectionService: stats => 1697400073979,145,4250,142,0,100
10-15 22:01:14.091 28420 28727 I BatteryMgr:DataCollectionService: stats => 1697400074091,145,4250,142,0,100
10-15 22:01:14.097  4961  4961 D io_stats: !@ 179,0 r 5230503 161897280 w 1284301 27904832 d 101108 31572600 f 298413 314936 iot 2325964 2057636 th 51200 0 0 pt 0 inp 0 0 402063.247
10-15 22:01:14.202 28420 28727 I BatteryMgr:DataCollectionService: stats => 1697400074201,145,4250,142,0,100
10-15 22:01:14.313 28420 28727 I BatteryMgr:DataCollectionService: stats => 1697400074313,145,4250,142,0,100
10-15 22:01:14.383  3957  4129 D WifiStateMachine:  ConnectedState !RSSI_PKTCNT_FETCH uid=1000 rt=402063532/1062461759 0 0 "ourhome" f4:6d:2f:12:cc:88 rssi=-47 f=5240 sc=60 link=433 tx=0.4, 0.0, 0.0  rx=1.1 bcn=51020 [on:0 tx:0 rx:0 period:997] from screen [on:40469 period:241358] score=60
10-15 22:01:14.386  3957  4129 D WifiStateMachine:  L2ConnectedState !RSSI_PKTCNT_FETCH uid=1000 rt=402063534/1062461761 0 0 "ourhome" f4:6d:2f:12:cc:88 rssi=-47 f=5240 sc=60 link=433 tx=0.4, 0.0, 0.0  rx=1.1 bcn=51020 [on:0 tx:0 rx:0 period:4] from screen [on:40469 period:241362] score=60
10-15 22:01:14.397  3957  4129 D WifiStateMachine: fetchRssiLinkSpeedAndFrequencyNative rssi=-46 linkspeed=433 freq=5240
10-15 22:01:14.422 28420 28727 I BatteryMgr:DataCollectionService: stats => 1697400074422,145,4250,142,0,100
10-15 22:01:14.531 28420 28727 I BatteryMgr:DataCollectionService: stats => 1697400074531,145,4250,142,0,100
10-15 22:01:14.648 28420 28727 I BatteryMgr:DataCollectionService: stats => 1697400074647,145,4250,142,0,100
10-15 22:01:14.654 19438 19556 D ScanRecord: Not a Multi Manu data
10-15 22:01:14.655 19438 19556 I chatty  : uid=1002(bluetooth) BT Service Call identical 11 lines
10-15 22:01:14.655 19438 19556 D ScanRecord: Not a Multi Manu data
10-15 22:01:14.677  3957  4128 D WifiService: getConnectionInfo uid=1000
10-15 22:01:14.686 19438 19556 D ScanRecord: Not a Multi Manu data
10-15 22:01:14.739 19438 19556 I chatty  : uid=1002(bluetooth) BT Service Call identical 50 lines
10-15 22:01:14.739 19438 19556 D ScanRecord: Not a Multi Manu data
10-15 22:01:14.758 28420 28727 I BatteryMgr:DataCollectionService: stats => 1697400074757,145,4250,142,0,100
10-15 22:01:14.764  3957  4129 D WifiStateMachine:  ConnectedState !CMD_RSSI_POLL rt=402063914/1062462142 52 0 "ourhome" f4:6d:2f:12:cc:88 rssi=-46 f=5240 sc=60 link=433 tx=0.4, 0.0, 0.0  rx=1.1 bcn=51020 [on:0 tx:0 rx:0 period:378] from screen [on:40469 period:241740] score=60
10-15 22:01:14.766  3957  4129 D WifiStateMachine:  L2ConnectedState !CMD_RSSI_POLL rt=402063916/1062462143 52 0 "ourhome" f4:6d:2f:12:cc:88 rssi=-46 f=5240 sc=60 link=433 tx=0.4, 0.0, 0.0  rx=1.1 bcn=51020 [on:0 tx:0 rx:0 period:2] from screen [on:40469 period:241742] score=60
10-15 22:01:14.767  3957  4129 D WifiStateMachine:  get link layer stats 3
10-15 22:01:14.767  3436  3436 I android.hardware.wifi@1.0-service: getLinkLayerStats
10-15 22:01:14.772  3957  4129 D WifiStateMachine: fetchRssiLinkSpeedAndFrequencyNative rssi=-46 linkspeed=433 freq=5240
10-15 22:01:14.777  4340  4340 E SignalClusterView: setSlotFocusVisible : subId -2
10-15 22:01:14.778  4340  4340 E SignalClusterView: setSlotFocusVisible : subId -2
10-15 22:01:14.784 19438 19556 D ScanRecord: Not a Multi Manu data
10-15 22:01:14.856 19438 19556 I chatty  : uid=1002(bluetooth) BT Service Call identical 102 lines
10-15 22:01:14.856 19438 19556 D ScanRecord: Not a Multi Manu data
10-15 22:01:14.866 28420 28727 I BatteryMgr:DataCollectionService: stats => 1697400074866,145,4250,142,0,100
10-15 22:01:14.896 19438 19556 D ScanRecord: Not a Multi Manu data
10-15 22:01:14.975 19438 19556 I chatty  : uid=1002(bluetooth) BT Service Call identical 37 lines
10-15 22:01:14.975 19438 19556 D ScanRecord: Not a Multi Manu data
10-15 22:01:14.977 28420 28727 I BatteryMgr:DataCollectionService: stats => 1697400074977,145,4250,142,0,100
10-15 22:01:14.977 19438 19556 D ScanRecord: Not a Multi Manu data
10-15 22:01:15.050 19438 19556 I chatty  : uid=1002(bluetooth) BT Service Call identical 89 lines
10-15 22:01:15.050 19438 19556 D ScanRecord: Not a Multi Manu data
10-15 22:01:15.086 28420 28727 I BatteryMgr:DataCollectionService: stats => 1697400075086,145,4250,142,0,100
10-15 22:01:15.090 19438 19556 D ScanRecord: Not a Multi Manu data
10-15 22:01:15.139 19438 19556 I chatty  : uid=1002(bluetooth) BT Service Call identical 63 lines
10-15 22:01:15.139 19438 19556 D ScanRecord: Not a Multi Manu data
10-15 22:01:15.196 28420 28727 I BatteryMgr:DataCollectionService: stats => 1697400075196,145,4250,142,0,100
10-15 22:01:15.306 28420 28727 I BatteryMgr:DataCollectionService: stats => 1697400075306,145,4250,142,0,100
10-15 22:01:15.383  3957  4129 D WifiStateMachine:  ConnectedState !RSSI_PKTCNT_FETCH uid=1000 rt=402064532/1062462760 0 0 "ourhome" f4:6d:2f:12:cc:88 rssi=-46 f=5240 sc=60 link=433 tx=0.8, 0.0, 0.0  rx=13.7 bcn=51048 [on:0 tx:0 rx:0 period:608] from screen [on:41065 period:242359] score=60
10-15 22:01:15.386  3957  4129 D WifiStateMachine:  L2ConnectedState !RSSI_PKTCNT_FETCH uid=1000 rt=402064535/1062462762 0 0 "ourhome" f4:6d:2f:12:cc:88 rssi=-46 f=5240 sc=60 link=433 tx=0.8, 0.0, 0.0  rx=13.7 bcn=51048 [on:0 tx:0 rx:0 period:3] from screen [on:41065 period:242362] score=60
10-15 22:01:15.394  3957  4129 D WifiStateMachine: fetchRssiLinkSpeedAndFrequencyNative rssi=-46 linkspeed=433 freq=5240
10-15 22:01:15.415 28420 28727 I BatteryMgr:DataCollectionService: stats => 1697400075415,145,4250,142,0,100
10-15 22:01:15.526 28420 28727 I BatteryMgr:DataCollectionService: stats => 1697400075526,145,4250,142,0,100
10-15 22:01:15.639 28420 28727 I BatteryMgr:DataCollectionService: stats => 1697400075638,145,4250,142,0,100
10-15 22:01:15.679  3957  4128 D WifiService: getConnectionInfo uid=1000
10-15 22:01:15.748 28420 28727 I BatteryMgr:DataCollectionService: stats => 1697400075748,145,4250,142,0,100
10-15 22:01:15.858 28420 28727 I BatteryMgr:DataCollectionService: stats => 1697400075858,145,4250,142,0,100
10-15 22:01:15.968 28420 28727 I BatteryMgr:DataCollectionService: stats => 1697400075968,145,4250,142,0,100
10-15 22:01:16.081 28420 28727 I BatteryMgr:DataCollectionService: stats => 1697400076081,145,4250,142,0,100
10-15 22:01:16.190 28420 28727 I BatteryMgr:DataCollectionService: stats => 1697400076189,145,4250,142,0,100
10-15 22:01:16.299 28420 28727 I BatteryMgr:DataCollectionService: stats => 1697400076299,145,4250,142,0,100
10-15 22:01:16.384  3957  4129 D WifiStateMachine:  ConnectedState !RSSI_PKTCNT_FETCH uid=1000 rt=402065533/1062463761 0 0 "ourhome" f4:6d:2f:12:cc:88 rssi=-46 f=5240 sc=60 link=433 tx=0.8, 0.0, 0.0  rx=13.7 bcn=51048 [on:0 tx:0 rx:0 period:998] from screen [on:41065 period:243360] score=60
10-15 22:01:16.387  3957  4129 D WifiStateMachine:  L2ConnectedState !RSSI_PKTCNT_FETCH uid=1000 rt=402065535/1062463763 0 0 "ourhome" f4:6d:2f:12:cc:88 rssi=-46 f=5240 sc=60 link=433 tx=0.8, 0.0, 0.0  rx=13.7 bcn=51048 [on:0 tx:0 rx:0 period:2] from screen [on:41065 period:243362] score=60
10-15 22:01:16.394  3957  4129 D WifiStateMachine: fetchRssiLinkSpeedAndFrequencyNative rssi=-46 linkspeed=433 freq=5240
10-15 22:01:16.411 28420 28727 I BatteryMgr:DataCollectionService: stats => 1697400076411,145,4250,142,0,100
10-15 22:01:16.521 28420 28727 I BatteryMgr:DataCollectionService: stats => 1697400076520,145,4250,142,0,100
10-15 22:01:16.631 28420 28727 I BatteryMgr:DataCollectionService: stats => 1697400076631,145,4250,142,0,100
10-15 22:01:16.681  3957  4128 D WifiService: getConnectionInfo uid=1000
10-15 22:01:16.739 28420 28727 I BatteryMgr:DataCollectionService: stats => 1697400076739,145,4250,142,0,100
10-15 22:01:16.848 28420 28727 I BatteryMgr:DataCollectionService: stats => 1697400076848,145,4250,142,0,100
10-15 22:01:16.956 28420 28727 I BatteryMgr:DataCollectionService: stats => 1697400076956,145,4250,142,0,100
10-15 22:01:17.065 28420 28727 I BatteryMgr:DataCollectionService: stats => 1697400077065,145,4250,142,0,100
10-15 22:01:17.175 28420 28727 I BatteryMgr:DataCollectionService: stats => 1697400077174,145,4250,142,0,100
10-15 22:01:17.286 28420 28727 I BatteryMgr:DataCollectionService: stats => 1697400077286,145,4250,142,0,100
10-15 22:01:17.389  3957  4129 D WifiStateMachine:  ConnectedState !RSSI_PKTCNT_FETCH uid=1000 rt=402066535/1062464763 0 0 "ourhome" f4:6d:2f:12:cc:88 rssi=-46 f=5240 sc=60 link=433 tx=0.8, 0.0, 0.0  rx=13.7 bcn=51048 [on:0 tx:0 rx:0 period:1002] from screen [on:41065 period:244364] score=60
10-15 22:01:17.391  3957  4129 D WifiStateMachine:  L2ConnectedState !RSSI_PKTCNT_FETCH uid=1000 rt=402066540/1062464767 0 0 "ourhome" f4:6d:2f:12:cc:88 rssi=-46 f=5240 sc=60 link=433 tx=0.8, 0.0, 0.0  rx=13.7 bcn=51048 [on:0 tx:0 rx:0 period:3] from screen [on:41065 period:244367] score=60
10-15 22:01:17.397 28420 28727 I BatteryMgr:DataCollectionService: stats => 1697400077396,145,4250,142,0,100
10-15 22:01:17.398  3957  4129 D WifiStateMachine: fetchRssiLinkSpeedAndFrequencyNative rssi=-46 linkspeed=433 freq=5240
10-15 22:01:17.504 28420 28727 I BatteryMgr:DataCollectionService: stats => 1697400077504,145,4250,142,0,100
10-15 22:01:17.620 28420 28727 I BatteryMgr:DataCollectionService: stats => 1697400077618,145,4250,142,0,100
10-15 22:01:17.684  3957  4128 D WifiService: getConnectionInfo uid=1000
10-15 22:01:17.732 28420 28727 I BatteryMgr:DataCollectionService: stats => 1697400077732,145,4250,142,0,100
10-15 22:01:17.775  3957  4129 D WifiStateMachine:  ConnectedState !CMD_RSSI_POLL rt=402066923/1062465151 52 0 "ourhome" f4:6d:2f:12:cc:88 rssi=-46 f=5240 sc=60 link=433 tx=0.8, 0.0, 0.0  rx=13.7 bcn=51048 [on:0 tx:0 rx:0 period:383] from screen [on:41065 period:244750] score=60
10-15 22:01:17.778  3957  4129 D WifiStateMachine:  L2ConnectedState !CMD_RSSI_POLL rt=402066926/1062465153 52 0 "ourhome" f4:6d:2f:12:cc:88 rssi=-46 f=5240 sc=60 link=433 tx=0.8, 0.0, 0.0  rx=13.7 bcn=51048 [on:0 tx:0 rx:0 period:4] from screen [on:41065 period:244754] score=60
10-15 22:01:17.779  3957  4129 D WifiStateMachine:  get link layer stats 3
10-15 22:01:17.780  3436  3436 I android.hardware.wifi@1.0-service: getLinkLayerStats
10-15 22:01:17.799  3957  4129 D WifiStateMachine: fetchRssiLinkSpeedAndFrequencyNative rssi=-45 linkspeed=433 freq=5240
10-15 22:01:17.802  4340  4340 E SignalClusterView: setSlotFocusVisible : subId -2
10-15 22:01:17.802  4340  4340 E SignalClusterView: setSlotFocusVisible : subId -2
10-15 22:01:17.842 28420 28727 I BatteryMgr:DataCollectionService: stats => 1697400077842,145,4250,142,0,100
10-15 22:01:17.950 28420 28727 I BatteryMgr:DataCollectionService: stats => 1697400077950,145,4250,142,0,100
10-15 22:01:18.065 28420 28727 I BatteryMgr:DataCollectionService: stats => 1697400078065,145,4250,142,0,100
10-15 22:01:18.173 28420 28727 I BatteryMgr:DataCollectionService: stats => 1697400078173,145,4250,142,0,100
10-15 22:01:18.284 28420 28727 I BatteryMgr:DataCollectionService: stats => 1697400078284,145,4250,142,0,100
10-15 22:01:18.388  3957  4129 D WifiStateMachine:  ConnectedState !RSSI_PKTCNT_FETCH uid=1000 rt=402067537/1062465765 0 0 "ourhome" f4:6d:2f:12:cc:88 rssi=-45 f=5240 sc=60 link=433 tx=0.3, 0.0, 0.0  rx=13.3 bcn=51075 [on:0 tx:0 rx:0 period:587] from screen [on:41552 period:245364] score=60
10-15 22:01:18.391  3957  4129 D WifiStateMachine:  L2ConnectedState !RSSI_PKTCNT_FETCH uid=1000 rt=402067540/1062465767 0 0 "ourhome" f4:6d:2f:12:cc:88 rssi=-45 f=5240 sc=60 link=433 tx=0.3, 0.0, 0.0  rx=13.3 bcn=51075 [on:0 tx:0 rx:0 period:2] from screen [on:41552 period:245366] score=60
10-15 22:01:18.393 28420 28727 I BatteryMgr:DataCollectionService: stats => 1697400078393,145,4250,142,0,100
10-15 22:01:18.397  3957  4129 D WifiStateMachine: fetchRssiLinkSpeedAndFrequencyNative rssi=-46 linkspeed=433 freq=5240
10-15 22:01:18.503 28420 28727 I BatteryMgr:DataCollectionService: stats => 1697400078502,145,4250,142,0,100
10-15 22:01:18.618 28420 28727 I BatteryMgr:DataCollectionService: stats => 1697400078618,145,4250,142,0,100
10-15 22:01:18.687  3957  4128 D WifiService: getConnectionInfo uid=1000
10-15 22:01:18.727 28420 28727 I BatteryMgr:DataCollectionService: stats => 1697400078726,145,4250,142,0,100
10-15 22:01:18.838 28420 28727 I BatteryMgr:DataCollectionService: stats => 1697400078838,156,4250,139,0,100
10-15 22:01:18.949 28420 28727 I BatteryMgr:DataCollectionService: stats => 1697400078949,156,4250,139,0,100
10-15 22:01:19.057 28420 28727 I BatteryMgr:DataCollectionService: stats => 1697400079056,156,4250,139,0,100
10-15 22:01:19.100  4961  4961 D io_stats: !@ 179,0 r 5230505 161897316 w 1284310 27905000 d 101109 31572668 f 298414 314937 iot 2325976 2057646 th 51200 0 0 pt 0 inp 0 0 402068.250
10-15 22:01:19.167 28420 28727 I BatteryMgr:DataCollectionService: stats => 1697400079167,156,4250,139,0,100
10-15 22:01:19.276 28420 28727 I BatteryMgr:DataCollectionService: stats => 1697400079276,156,4250,139,0,100
10-15 22:01:19.351  3957  3968 D BatteryService: !@BatteryListener : batteryPropertiesChanged!
10-15 22:01:19.386 28420 28727 I BatteryMgr:DataCollectionService: stats => 1697400079385,156,4250,139,0,100
10-15 22:01:19.389  3957  4129 D WifiStateMachine:  ConnectedState !RSSI_PKTCNT_FETCH uid=1000 rt=402068538/1062466765 0 0 "ourhome" f4:6d:2f:12:cc:88 rssi=-46 f=5240 sc=60 link=433 tx=0.3, 0.0, 0.0  rx=13.3 bcn=51075 [on:0 tx:0 rx:0 period:999] from screen [on:41552 period:246365] score=60
10-15 22:01:19.392  3957  4129 D WifiStateMachine:  L2ConnectedState !RSSI_PKTCNT_FETCH uid=1000 rt=402068541/1062466768 0 0 "ourhome" f4:6d:2f:12:cc:88 rssi=-46 f=5240 sc=60 link=433 tx=0.3, 0.0, 0.0  rx=13.3 bcn=51075 [on:0 tx:0 rx:0 period:3] from screen [on:41552 period:246368] score=60
10-15 22:01:19.397  3957  4129 D WifiStateMachine: fetchRssiLinkSpeedAndFrequencyNative rssi=-45 linkspeed=433 freq=5240
10-15 22:01:19.495 28420 28727 I BatteryMgr:DataCollectionService: stats => 1697400079494,156,4250,139,0,100
10-15 22:01:19.605 28420 28727 I BatteryMgr:DataCollectionService: stats => 1697400079605,156,4250,139,0,100
10-15 22:01:19.685 19438 19556 D ScanRecord: Not a Multi Manu data
10-15 22:01:19.685 19438 19556 I chatty  : uid=1002(bluetooth) BT Service Call identical 11 lines
10-15 22:01:19.685 19438 19556 D ScanRecord: Not a Multi Manu data
10-15 22:01:19.689  3957  4128 D WifiService: getConnectionInfo uid=1000
10-15 22:01:19.711 19438 19556 D ScanRecord: Not a Multi Manu data
10-15 22:01:19.715 19438 19556 I chatty  : uid=1002(bluetooth) BT Service Call identical 22 lines
10-15 22:01:19.715 19438 19556 D ScanRecord: Not a Multi Manu data
10-15 22:01:19.715 28420 28727 I BatteryMgr:DataCollectionService: stats => 1697400079715,156,4250,139,0,100
10-15 22:01:19.715 19438 19556 D ScanRecord: Not a Multi Manu data
10-15 22:01:19.822 19438 19556 I chatty  : uid=1002(bluetooth) BT Service Call identical 130 lines
10-15 22:01:19.822 19438 19556 D ScanRecord: Not a Multi Manu data
10-15 22:01:19.824 28420 28727 I BatteryMgr:DataCollectionService: stats => 1697400079824,156,4250,139,0,100
10-15 22:01:19.828 19438 19556 D ScanRecord: Not a Multi Manu data
10-15 22:01:19.910 19438 19556 I chatty  : uid=1002(bluetooth) BT Service Call identical 128 lines
10-15 22:01:19.910 19438 19556 D ScanRecord: Not a Multi Manu data
10-15 22:01:19.935 28420 28727 I BatteryMgr:DataCollectionService: stats => 1697400079935,156,4250,139,0,100
10-15 22:01:19.939 19438 19556 D ScanRecord: Not a Multi Manu data
10-15 22:01:20.044 19438 19556 I chatty  : uid=1002(bluetooth) BT Service Call identical 154 lines
10-15 22:01:20.044 19438 19556 D ScanRecord: Not a Multi Manu data
10-15 22:01:20.046 28420 28727 I BatteryMgr:DataCollectionService: stats => 1697400080046,156,4250,139,0,100
10-15 22:01:20.050 19438 19556 D ScanRecord: Not a Multi Manu data
10-15 22:01:20.143 19438 19556 I chatty  : uid=1002(bluetooth) BT Service Call identical 128 lines
10-15 22:01:20.143 19438 19556 D ScanRecord: Not a Multi Manu data
10-15 22:01:20.156 28420 28727 I BatteryMgr:DataCollectionService: stats => 1697400080156,156,4250,139,0,100
10-15 22:01:20.264 28420 28727 I BatteryMgr:DataCollectionService: stats => 1697400080264,156,4250,139,0,100
10-15 22:01:20.309  3957  4030 D SensorService: [SO] 0.115 -0.120 9.965
10-15 22:01:20.370 28420 28727 I BatteryMgr:DataCollectionService: stats => 1697400080370,156,4250,139,0,100
10-15 22:01:20.390  3957  4129 D WifiStateMachine:  ConnectedState !RSSI_PKTCNT_FETCH uid=1000 rt=402069540/1062467767 0 0 "ourhome" f4:6d:2f:12:cc:88 rssi=-45 f=5240 sc=60 link=433 tx=0.3, 0.0, 0.0  rx=13.3 bcn=51075 [on:0 tx:0 rx:0 period:998] from screen [on:41552 period:247366] score=60
10-15 22:01:20.393  3957  4129 D WifiStateMachine:  L2ConnectedState !RSSI_PKTCNT_FETCH uid=1000 rt=402069542/1062467769 0 0 "ourhome" f4:6d:2f:12:cc:88 rssi=-45 f=5240 sc=60 link=433 tx=0.3, 0.0, 0.0  rx=13.3 bcn=51075 [on:0 tx:0 rx:0 period:2] from screen [on:41552 period:247368] score=60
10-15 22:01:20.400  3957  4129 D WifiStateMachine: fetchRssiLinkSpeedAndFrequencyNative rssi=-45 linkspeed=433 freq=5240
10-15 22:01:20.478 28420 28727 I BatteryMgr:DataCollectionService: stats => 1697400080478,156,4250,139,0,100
10-15 22:01:20.588 28420 28727 I BatteryMgr:DataCollectionService: stats => 1697400080588,156,4250,139,0,100
10-15 22:01:20.691  3957  4128 D WifiService: getConnectionInfo uid=1000
10-15 22:01:20.697 28420 28727 I BatteryMgr:DataCollectionService: stats => 1697400080697,156,4250,139,0,100
10-15 22:01:20.804  3957  4129 D WifiStateMachine:  ConnectedState !CMD_RSSI_POLL rt=402069952/1062468180 52 0 "ourhome" f4:6d:2f:12:cc:88 rssi=-45 f=5240 sc=60 link=433 tx=0.3, 0.0, 0.0  rx=13.3 bcn=51075 [on:0 tx:0 rx:0 period:412] from screen [on:41552 period:247780] score=60
10-15 22:01:20.807  3957  4129 D WifiStateMachine:  L2ConnectedState !CMD_RSSI_POLL rt=402069955/1062468183 52 0 "ourhome" f4:6d:2f:12:cc:88 rssi=-45 f=5240 sc=60 link=433 tx=0.3, 0.0, 0.0  rx=13.3 bcn=51075 [on:0 tx:0 rx:0 period:2] from screen [on:41552 period:247782] score=60
10-15 22:01:20.807  3957  4129 D WifiStateMachine:  get link layer stats 3
10-15 22:01:20.807  3436  3436 I android.hardware.wifi@1.0-service: getLinkLayerStats
10-15 22:01:20.809 28420 28727 I BatteryMgr:DataCollectionService: stats => 1697400080809,156,4250,139,0,100
10-15 22:01:20.824  3957  4129 D WifiStateMachine: fetchRssiLinkSpeedAndFrequencyNative rssi=-44 linkspeed=433 freq=5240
10-15 22:01:20.829  4340  4340 E SignalClusterView: setSlotFocusVisible : subId -2
10-15 22:01:20.829  4340  4340 E SignalClusterView: setSlotFocusVisible : subId -2
10-15 22:01:20.918 28420 28727 I BatteryMgr:DataCollectionService: stats => 1697400080918,156,4250,139,0,100
10-15 22:01:21.025 28420 28727 I BatteryMgr:DataCollectionService: stats => 1697400081025,156,4250,139,0,100
10-15 22:01:21.133 28420 28727 I BatteryMgr:DataCollectionService: stats => 1697400081133,156,4250,139,0,100
10-15 22:01:21.244 28420 28727 I BatteryMgr:DataCollectionService: stats => 1697400081244,156,4250,139,0,100
10-15 22:01:21.353 28420 28727 I BatteryMgr:DataCollectionService: stats => 1697400081353,156,4250,139,0,100
10-15 22:01:21.392  3957  4129 D WifiStateMachine:  ConnectedState !RSSI_PKTCNT_FETCH uid=1000 rt=402070541/1062468769 0 0 "ourhome" f4:6d:2f:12:cc:88 rssi=-44 f=5240 sc=60 link=433 tx=0.1, 0.0, 0.0  rx=8.6 bcn=51101 [on:0 tx:0 rx:0 period:565] from screen [on:41839 period:248368] score=60
10-15 22:01:21.395  3957  4129 D WifiStateMachine:  L2ConnectedState !RSSI_PKTCNT_FETCH uid=1000 rt=402070543/1062468771 0 0 "ourhome" f4:6d:2f:12:cc:88 rssi=-44 f=5240 sc=60 link=433 tx=0.1, 0.0, 0.0  rx=8.6 bcn=51101 [on:0 tx:0 rx:0 period:2] from screen [on:41839 period:248370] score=60
10-15 22:01:21.401  3957  4129 D WifiStateMachine: fetchRssiLinkSpeedAndFrequencyNative rssi=-45 linkspeed=433 freq=5240
10-15 22:01:21.462 28420 28727 I BatteryMgr:DataCollectionService: stats => 1697400081462,156,4250,139,0,100
10-15 22:01:21.572 28420 28727 I BatteryMgr:DataCollectionService: stats => 1697400081572,156,4250,139,0,100
10-15 22:01:21.596 28465 28671 I SessionStorage/AutoSave: Save: Periodic
10-15 22:01:21.680 28420 28727 I BatteryMgr:DataCollectionService: stats => 1697400081680,156,4250,139,0,100
10-15 22:01:21.694  3957  4128 D WifiService: getConnectionInfo uid=1000
10-15 22:01:21.791 28420 28727 I BatteryMgr:DataCollectionService: stats => 1697400081791,156,4250,139,0,100
10-15 22:01:21.901 28420 28727 I BatteryMgr:DataCollectionService: stats => 1697400081901,156,4250,139,0,100
10-15 22:01:22.010 28420 28727 I BatteryMgr:DataCollectionService: stats => 1697400082010,156,4250,139,0,100
10-15 22:01:22.120 28420 28727 I BatteryMgr:DataCollectionService: stats => 1697400082120,156,4250,139,0,100
10-15 22:01:22.230 28420 28727 I BatteryMgr:DataCollectionService: stats => 1697400082230,156,4250,139,0,100
10-15 22:01:22.308  3957  4416 E Watchdog: !@Sync 13397 [2023-10-15 22:01:22.307]
10-15 22:01:22.339 28420 28727 I BatteryMgr:DataCollectionService: stats => 1697400082339,156,4250,139,0,100
10-15 22:01:22.394  3957  4129 D WifiStateMachine:  ConnectedState !RSSI_PKTCNT_FETCH uid=1000 rt=402071543/1062469770 0 0 "ourhome" f4:6d:2f:12:cc:88 rssi=-45 f=5240 sc=60 link=433 tx=0.1, 0.0, 0.0  rx=8.6 bcn=51101 [on:0 tx:0 rx:0 period:1000] from screen [on:41839 period:249370] score=60
10-15 22:01:22.396  3957  4129 D WifiStateMachine:  L2ConnectedState !RSSI_PKTCNT_FETCH uid=1000 rt=402071546/1062469773 0 0 "ourhome" f4:6d:2f:12:cc:88 rssi=-45 f=5240 sc=60 link=433 tx=0.1, 0.0, 0.0  rx=8.6 bcn=51101 [on:0 tx:0 rx:0 period:2] from screen [on:41839 period:249372] score=60
10-15 22:01:22.403  3957  4129 D WifiStateMachine: fetchRssiLinkSpeedAndFrequencyNative rssi=-45 linkspeed=433 freq=5240
10-15 22:01:22.447 28420 28727 I BatteryMgr:DataCollectionService: stats => 1697400082447,156,4250,139,0,100
10-15 22:01:22.558 28420 28727 I BatteryMgr:DataCollectionService: stats => 1697400082558,156,4250,139,0,100
10-15 22:01:22.666 28420 28727 I BatteryMgr:DataCollectionService: stats => 1697400082666,156,4250,139,0,100
10-15 22:01:22.697  3957  4128 D WifiService: getConnectionInfo uid=1000
10-15 22:01:22.778 28420 28727 I BatteryMgr:DataCollectionService: stats => 1697400082778,156,4250,139,0,100
10-15 22:01:22.887 28420 28727 I BatteryMgr:DataCollectionService: stats => 1697400082887,156,4250,139,0,100
10-15 22:01:22.996 28420 28727 I BatteryMgr:DataCollectionService: stats => 1697400082996,156,4250,139,0,100
10-15 22:01:23.104 28420 28727 I BatteryMgr:DataCollectionService: stats => 1697400083104,156,4250,139,0,100
10-15 22:01:23.214 28420 28727 I BatteryMgr:DataCollectionService: stats => 1697400083214,156,4250,139,0,100
10-15 22:01:23.324 28420 28727 I BatteryMgr:DataCollectionService: stats => 1697400083324,156,4250,139,0,100
10-15 22:01:23.396  3957  4129 D WifiStateMachine:  ConnectedState !RSSI_PKTCNT_FETCH uid=1000 rt=402072544/1062470772 0 0 "ourhome" f4:6d:2f:12:cc:88 rssi=-45 f=5240 sc=60 link=433 tx=0.1, 0.0, 0.0  rx=8.6 bcn=51101 [on:0 tx:0 rx:0 period:1000] from screen [on:41839 period:250372] score=60
10-15 22:01:23.399  3957  4129 D WifiStateMachine:  L2ConnectedState !RSSI_PKTCNT_FETCH uid=1000 rt=402072547/1062470775 0 0 "ourhome" f4:6d:2f:12:cc:88 rssi=-45 f=5240 sc=60 link=433 tx=0.1, 0.0, 0.0  rx=8.6 bcn=51101 [on:0 tx:0 rx:0 period:2] from screen [on:41839 period:250374] score=60
10-15 22:01:23.401  3957  4129 D WifiStateMachine: fetchRssiLinkSpeedAndFrequencyNative rssi=-45 linkspeed=433 freq=5240
10-15 22:01:23.437 28420 28727 I BatteryMgr:DataCollectionService: stats => 1697400083437,156,4250,139,0,100
10-15 22:01:23.547 28420 28727 I BatteryMgr:DataCollectionService: stats => 1697400083547,156,4250,139,0,100
10-15 22:01:23.663 28420 28727 I BatteryMgr:DataCollectionService: stats => 1697400083663,156,4250,139,0,100
10-15 22:01:23.672  3957  6478 D SSRM:k  : SIOP:: AP = 370, PST = 345 (W:28), BAT = 297, USB = 0, CHG = 0
10-15 22:01:23.700  3957  4128 D WifiService: getConnectionInfo uid=1000
10-15 22:01:23.773 28420 28727 I BatteryMgr:DataCollectionService: stats => 1697400083773,156,4250,139,0,100
10-15 22:01:23.827  3957  4129 D WifiStateMachine:  ConnectedState !CMD_RSSI_POLL rt=402072976/1062471204 52 0 "ourhome" f4:6d:2f:12:cc:88 rssi=-45 f=5240 sc=60 link=433 tx=0.1, 0.0, 0.0  rx=8.6 bcn=51101 [on:0 tx:0 rx:0 period:429] from screen [on:41839 period:250803] score=60
10-15 22:01:23.830  3957  4129 D WifiStateMachine:  L2ConnectedState !CMD_RSSI_POLL rt=402072979/1062471206 52 0 "ourhome" f4:6d:2f:12:cc:88 rssi=-45 f=5240 sc=60 link=433 tx=0.1, 0.0, 0.0  rx=8.6 bcn=51101 [on:0 tx:0 rx:0 period:2] from screen [on:41839 period:250805] score=60
10-15 22:01:23.830  3957  4129 D WifiStateMachine:  get link layer stats 3
10-15 22:01:23.831  3436  3436 I android.hardware.wifi@1.0-service: getLinkLayerStats
10-15 22:01:23.850  3957  4129 D WifiStateMachine: fetchRssiLinkSpeedAndFrequencyNative rssi=-46 linkspeed=433 freq=5240
10-15 22:01:23.856  4340  4340 E SignalClusterView: setSlotFocusVisible : subId -2
10-15 22:01:23.856  4340  4340 E SignalClusterView: setSlotFocusVisible : subId -2
10-15 22:01:23.884 28420 28727 I BatteryMgr:DataCollectionService: stats => 1697400083884,156,4250,139,0,100
10-15 22:01:23.992 28420 28727 I BatteryMgr:DataCollectionService: stats => 1697400083992,156,4250,139,0,100
10-15 22:01:24.100 28420 28727 I BatteryMgr:DataCollectionService: stats => 1697400084100,156,4250,139,0,100
10-15 22:01:24.102  4961  4961 D io_stats: !@ 179,0 r 5230505 161897316 w 1284322 27905260 d 101111 31572804 f 298416 314939 iot 2325988 2057659 th 51200 0 0 pt 0 inp 0 0 402073.252
10-15 22:01:24.211 28420 28727 I BatteryMgr:DataCollectionService: stats => 1697400084211,156,4250,139,0,100
10-15 22:01:24.320 28420 28727 I BatteryMgr:DataCollectionService: stats => 1697400084320,156,4250,139,0,100
10-15 22:01:24.397  3957  4129 D WifiStateMachine:  ConnectedState !RSSI_PKTCNT_FETCH uid=1000 rt=402073546/1062471774 0 0 "ourhome" f4:6d:2f:12:cc:88 rssi=-46 f=5240 sc=60 link=433 tx=0.7, 0.0, 0.0  rx=3.8 bcn=51129 [on:0 tx:0 rx:0 period:541] from screen [on:42378 period:251373] score=60
10-15 22:01:24.399  3957  4129 D WifiStateMachine:  L2ConnectedState !RSSI_PKTCNT_FETCH uid=1000 rt=402073549/1062471776 0 0 "ourhome" f4:6d:2f:12:cc:88 rssi=-46 f=5240 sc=60 link=433 tx=0.7, 0.0, 0.0  rx=3.8 bcn=51129 [on:0 tx:0 rx:0 period:2] from screen [on:42378 period:251375] score=60
10-15 22:01:24.406  3957  4129 D WifiStateMachine: fetchRssiLinkSpeedAndFrequencyNative rssi=-45 linkspeed=433 freq=5240
10-15 22:01:24.429 28420 28727 I BatteryMgr:DataCollectionService: stats => 1697400084429,156,4250,139,0,100
10-15 22:01:24.539 28420 28727 I BatteryMgr:DataCollectionService: stats => 1697400084539,156,4250,139,0,100
10-15 22:01:24.650 19438 19556 D ScanRecord: Not a Multi Manu data
10-15 22:01:24.650 19438 19556 I chatty  : uid=1002(bluetooth) BT Service Call identical 9 lines
10-15 22:01:24.650 19438 19556 D ScanRecord: Not a Multi Manu data
10-15 22:01:24.650 28420 28727 I BatteryMgr:DataCollectionService: stats => 1697400084650,156,4250,139,0,100
10-15 22:01:24.651 19438 19556 D ScanRecord: Not a Multi Manu data
10-15 22:01:24.696 19438 19556 I chatty  : uid=1002(bluetooth) BT Service Call identical 91 lines
10-15 22:01:24.696 19438 19556 D ScanRecord: Not a Multi Manu data
10-15 22:01:24.703  3957  4128 D WifiService: getConnectionInfo uid=1000
10-15 22:01:24.711 19438 19556 D ScanRecord: Not a Multi Manu data
10-15 22:01:24.749 19438 19556 I chatty  : uid=1002(bluetooth) BT Service Call identical 50 lines
10-15 22:01:24.749 19438 19556 D ScanRecord: Not a Multi Manu data
10-15 22:01:24.760 28420 28727 I BatteryMgr:DataCollectionService: stats => 1697400084760,156,4250,139,0,100
10-15 22:01:24.763 19438 19556 D ScanRecord: Not a Multi Manu data
10-15 22:01:24.858 19438 19556 I chatty  : uid=1002(bluetooth) BT Service Call identical 219 lines
10-15 22:01:24.858 19438 19556 D ScanRecord: Not a Multi Manu data
10-15 22:01:24.870 28420 28727 I BatteryMgr:DataCollectionService: stats => 1697400084870,156,4250,139,0,100
10-15 22:01:24.914 19438 19556 D ScanRecord: Not a Multi Manu data
