10-15 22:00:46.345  3957  4129 D WifiStateMachine:  L2ConnectedState !RSSI_PKTCNT_FETCH uid=1000 rt=402035495/1062433722 0 0 "ourhome" f4:6d:2f:12:cc:88 rssi=-46 f=5240 sc=60 link=433 tx=2.8, 0.0, 0.0  rx=15.2 bcn=50774 [on:0 tx:0 rx:0 period:1] from screen [on:35059 period:213321] score=60
10-15 22:00:46.353  3957  4129 D WifiStateMachine: fetchRssiLinkSpeedAndFrequencyNative rssi=-47 linkspeed=433 freq=5240
10-15 22:00:46.361 28420 28727 I BatteryMgr:DataCollectionService: stats => 1697400046361,148,4250,152,0,100
10-15 22:00:46.468 28420 28727 I BatteryMgr:DataCollectionService: stats => 1697400046468,148,4250,152,0,100
10-15 22:00:46.580 28420 28727 I BatteryMgr:DataCollectionService: stats => 1697400046580,148,4250,152,0,100
10-15 22:00:46.602  3957  4128 D WifiService: getConnectionInfo uid=1000
10-15 22:00:46.696 28420 28727 I BatteryMgr:DataCollectionService: stats => 1697400046696,148,4250,152,0,100
10-15 22:00:46.808 28420 28727 I BatteryMgr:DataCollectionService: stats => 1697400046808,148,4250,152,0,100
10-15 22:00:46.919 28420 28727 I BatteryMgr:DataCollectionService: stats => 1697400046919,148,4250,152,0,100
10-15 22:00:47.029 28420 28727 I BatteryMgr:DataCollectionService: stats => 1697400047029,148,4250,152,0,100
10-15 22:00:47.141 28420 28727 I BatteryMgr:DataCollectionService: stats => 1697400047140,148,4250,152,0,100
10-15 22:00:47.253 28420 28727 I BatteryMgr:DataCollectionService: stats => 1697400047253,148,4250,152,0,100
10-15 22:00:47.345  3957  4129 D WifiStateMachine:  ConnectedState !RSSI_PKTCNT_FETCH uid=1000 rt=402036494/1062434722 0 0 "ourhome" f4:6d:2f:12:cc:88 rssi=-47 f=5240 sc=60 link=433 tx=2.8, 0.0, 0.0  rx=15.2 bcn=50774 [on:0 tx:0 rx:0 period:1000] from screen [on:35059 period:214321] score=60
10-15 22:00:47.347  3957  4129 D WifiStateMachine:  L2ConnectedState !RSSI_PKTCNT_FETCH uid=1000 rt=402036496/1062434724 0 0 "ourhome" f4:6d:2f:12:cc:88 rssi=-47 f=5240 sc=60 link=433 tx=2.8, 0.0, 0.0  rx=15.2 bcn=50774 [on:0 tx:0 rx:0 period:2] from screen [on:35059 period:214323] score=60
10-15 22:00:47.349  3957  4129 D WifiStateMachine: fetchRssiLinkSpeedAndFrequencyNative rssi=-47 linkspeed=433 freq=5240
10-15 22:00:47.363 28420 28727 I BatteryMgr:DataCollectionService: stats => 1697400047363,113,4250,152,0,100
10-15 22:00:47.474 28420 28727 I BatteryMgr:DataCollectionService: stats => 1697400047474,113,4250,152,0,100
10-15 22:00:47.576  3957  4129 D WifiStateMachine:  ConnectedState !CMD_RSSI_POLL rt=402036726/1062434953 52 0 "ourhome" f4:6d:2f:12:cc:88 rssi=-47 f=5240 sc=60 link=433 tx=2.8, 0.0, 0.0  rx=15.2 bcn=50774 [on:0 tx:0 rx:0 period:229] from screen [on:35059 period:214552] score=60
10-15 22:00:47.579  3957  4129 D WifiStateMachine:  L2ConnectedState !CMD_RSSI_POLL rt=402036727/1062434955 52 0 "ourhome" f4:6d:2f:12:cc:88 rssi=-47 f=5240 sc=60 link=433 tx=2.8, 0.0, 0.0  rx=15.2 bcn=50774 [on:0 tx:0 rx:0 period:3] from screen [on:35059 period:214555] score=60
10-15 22:00:47.580  3957  4129 D WifiStateMachine:  get link layer stats 3
10-15 22:00:47.581  3436  3436 I android.hardware.wifi@1.0-service: getLinkLayerStats
10-15 22:00:47.587 28420 28727 I BatteryMgr:DataCollectionService: stats => 1697400047586,113,4250,152,0,100
10-15 22:00:47.600  3957  4129 D WifiStateMachine: fetchRssiLinkSpeedAndFrequencyNative rssi=-47 linkspeed=433 freq=5240
10-15 22:00:47.603  3957  4128 D WifiService: getConnectionInfo uid=1000
10-15 22:00:47.604  4340  4340 E SignalClusterView: setSlotFocusVisible : subId -2
10-15 22:00:47.604  4340  4340 E SignalClusterView: setSlotFocusVisible : subId -2
10-15 22:00:47.696 28420 28727 I BatteryMgr:DataCollectionService: stats => 1697400047696,113,4250,152,0,100
10-15 22:00:47.778  3957  4650 D BatteryService: !@BatteryListener : batteryPropertiesChanged!
10-15 22:00:47.806 28420 28727 I BatteryMgr:DataCollectionService: stats => 1697400047806,113,4250,152,0,100
10-15 22:00:47.918 28420 28727 I BatteryMgr:DataCollectionService: stats => 1697400047918,113,4250,152,0,100
10-15 22:00:48.028 28420 28727 I BatteryMgr:DataCollectionService: stats => 1697400048027,113,4250,152,0,100
10-15 22:00:48.141 28420 28727 I BatteryMgr:DataCollectionService: stats => 1697400048140,113,4250,152,0,100
10-15 22:00:48.252 28420 28727 I BatteryMgr:DataCollectionService: stats => 1697400048252,113,4250,152,0,100
10-15 22:00:48.346  3957  4129 D WifiStateMachine:  ConnectedState !RSSI_PKTCNT_FETCH uid=1000 rt=402037495/1062435723 0 0 "ourhome" f4:6d:2f:12:cc:88 rssi=-47 f=5240 sc=60 link=433 tx=1.7, 0.0, 0.0  rx=6.2 bcn=50802 [on:0 tx:0 rx:0 period:742] from screen [on:35559 period:215322] score=60
10-15 22:00:48.349  3957  4129 D WifiStateMachine:  L2ConnectedState !RSSI_PKTCNT_FETCH uid=1000 rt=402037497/1062435725 0 0 "ourhome" f4:6d:2f:12:cc:88 rssi=-47 f=5240 sc=60 link=433 tx=1.7, 0.0, 0.0  rx=6.2 bcn=50802 [on:0 tx:0 rx:0 period:2] from screen [on:35559 period:215324] score=60
10-15 22:00:48.355  3957  4129 D WifiStateMachine: fetchRssiLinkSpeedAndFrequencyNative rssi=-47 linkspeed=433 freq=5240
10-15 22:00:48.363 28420 28727 I BatteryMgr:DataCollectionService: stats => 1697400048363,113,4250,152,0,100
10-15 22:00:48.476 28420 28727 I BatteryMgr:DataCollectionService: stats => 1697400048476,113,4250,152,0,100
10-15 22:00:48.586 28420 28727 I BatteryMgr:DataCollectionService: stats => 1697400048586,113,4250,152,0,100
10-15 22:00:48.605  3957  4128 D WifiService: getConnectionInfo uid=1000
10-15 22:00:48.700 28420 28727 I BatteryMgr:DataCollectionService: stats => 1697400048700,113,4250,152,0,100
10-15 22:00:48.812 28420 28727 I BatteryMgr:DataCollectionService: stats => 1697400048811,113,4250,152,0,100
10-15 22:00:48.924 28420 28727 I BatteryMgr:DataCollectionService: stats => 1697400048923,113,4250,152,0,100
10-15 22:00:49.037 28420 28727 I BatteryMgr:DataCollectionService: stats => 1697400049036,113,4250,152,0,100
10-15 22:00:49.082  4961  4961 D io_stats: !@ 179,0 r 5230224 161890256 w 1284247 27903944 d 101101 31572316 f 298408 314931 iot 2325840 2057513 th 51200 0 0 pt 0 inp 0 0 402038.232
10-15 22:00:49.148 28420 28727 I BatteryMgr:DataCollectionService: stats => 1697400049148,113,4250,152,0,100
10-15 22:00:49.264 28420 28727 I BatteryMgr:DataCollectionService: stats => 1697400049264,113,4250,152,0,100
10-15 22:00:49.348  3957  4129 D WifiStateMachine:  ConnectedState !RSSI_PKTCNT_FETCH uid=1000 rt=402038498/1062436725 0 0 "ourhome" f4:6d:2f:12:cc:88 rssi=-47 f=5240 sc=60 link=433 tx=1.7, 0.0, 0.0  rx=6.2 bcn=50802 [on:0 tx:0 rx:0 period:1000] from screen [on:35559 period:216324] score=60
10-15 22:00:49.352  3957  4129 D WifiStateMachine:  L2ConnectedState !RSSI_PKTCNT_FETCH uid=1000 rt=402038500/1062436727 0 0 "ourhome" f4:6d:2f:12:cc:88 rssi=-47 f=5240 sc=60 link=433 tx=1.7, 0.0, 0.0  rx=6.2 bcn=50802 [on:0 tx:0 rx:0 period:4] from screen [on:35559 period:216328] score=60
10-15 22:00:49.359  3957  4129 D WifiStateMachine: fetchRssiLinkSpeedAndFrequencyNative rssi=-48 linkspeed=433 freq=5240
10-15 22:00:49.378 28420 28727 I BatteryMgr:DataCollectionService: stats => 1697400049378,113,4250,152,0,100
10-15 22:00:49.496 28420 28727 I BatteryMgr:DataCollectionService: stats => 1697400049495,113,4250,152,0,100
10-15 22:00:49.607 28420 28727 I BatteryMgr:DataCollectionService: stats => 1697400049607,113,4250,152,0,100
10-15 22:00:49.608  3957  4128 D WifiService: getConnectionInfo uid=1000
10-15 22:00:49.664 19438 19556 D ScanRecord: Not a Multi Manu data
10-15 22:00:49.711 19438 19556 I chatty  : uid=1002(bluetooth) BT Service Call identical 63 lines
10-15 22:00:49.711 19438 19556 D ScanRecord: Not a Multi Manu data
10-15 22:00:49.720 28420 28727 I BatteryMgr:DataCollectionService: stats => 1697400049719,113,4250,152,0,100
10-15 22:00:49.731 19438 19556 D ScanRecord: Not a Multi Manu data
10-15 22:00:49.827 19438 19556 I chatty  : uid=1002(bluetooth) BT Service Call identical 141 lines
10-15 22:00:49.827 19438 19556 D ScanRecord: Not a Multi Manu data
10-15 22:00:49.829 28420 28727 I BatteryMgr:DataCollectionService: stats => 1697400049829,113,4250,152,0,100
10-15 22:00:49.830 19438 19556 D ScanRecord: Not a Multi Manu data
10-15 22:00:49.930 19438 19556 I chatty  : uid=1002(bluetooth) BT Service Call identical 102 lines
10-15 22:00:49.930 19438 19556 D ScanRecord: Not a Multi Manu data
10-15 22:00:49.942 28420 28727 I BatteryMgr:DataCollectionService: stats => 1697400049942,113,4250,152,0,100
10-15 22:00:49.945 19438 19556 D ScanRecord: Not a Multi Manu data
10-15 22:00:50.030 19438 19556 I chatty  : uid=1002(bluetooth) BT Service Call identical 141 lines
10-15 22:00:50.030 19438 19556 D ScanRecord: Not a Multi Manu data
10-15 22:00:50.052 28420 28727 I BatteryMgr:DataCollectionService: stats => 1697400050052,113,4250,152,0,100
10-15 22:00:50.056 19438 19556 D ScanRecord: Not a Multi Manu data
10-15 22:00:50.135 19438 19556 I chatty  : uid=1002(bluetooth) BT Service Call identical 102 lines
10-15 22:00:50.135 19438 19556 D ScanRecord: Not a Multi Manu data
10-15 22:00:50.158 28420 28727 I BatteryMgr:DataCollectionService: stats => 1697400050158,113,4250,152,0,100
10-15 22:00:50.268 28420 28727 I BatteryMgr:DataCollectionService: stats => 1697400050268,113,4250,152,0,100
10-15 22:00:50.308  3957  4030 D SensorService: [SO] 0.105 -0.110 9.989
10-15 22:00:50.350  3957  4129 D WifiStateMachine:  ConnectedState !RSSI_PKTCNT_FETCH uid=1000 rt=402039499/1062437727 0 0 "ourhome" f4:6d:2f:12:cc:88 rssi=-48 f=5240 sc=60 link=433 tx=1.7, 0.0, 0.0  rx=6.2 bcn=50802 [on:0 tx:0 rx:0 period:998] from screen [on:35559 period:217326] score=60
10-15 22:00:50.354  3957  4129 D WifiStateMachine:  L2ConnectedState !RSSI_PKTCNT_FETCH uid=1000 rt=402039501/1062437729 0 0 "ourhome" f4:6d:2f:12:cc:88 rssi=-48 f=5240 sc=60 link=433 tx=1.7, 0.0, 0.0  rx=6.2 bcn=50802 [on:0 tx:0 rx:0 period:4] from screen [on:35559 period:217330] score=60
10-15 22:00:50.361  3957  4129 D WifiStateMachine: fetchRssiLinkSpeedAndFrequencyNative rssi=-47 linkspeed=433 freq=5240
10-15 22:00:50.382 28420 28727 I BatteryMgr:DataCollectionService: stats => 1697400050382,113,4250,152,0,100
10-15 22:00:50.492 28420 28727 I BatteryMgr:DataCollectionService: stats => 1697400050492,113,4250,152,0,100
10-15 22:00:50.604  3957  4129 D WifiStateMachine:  ConnectedState !CMD_RSSI_POLL rt=402039753/1062437980 52 0 "ourhome" f4:6d:2f:12:cc:88 rssi=-47 f=5240 sc=60 link=433 tx=1.7, 0.0, 0.0  rx=6.2 bcn=50802 [on:0 tx:0 rx:0 period:250] from screen [on:35559 period:217580] score=60
10-15 22:00:50.604 28420 28727 I BatteryMgr:DataCollectionService: stats => 1697400050604,113,4250,152,0,100
10-15 22:00:50.606  3957  4129 D WifiStateMachine:  L2ConnectedState !CMD_RSSI_POLL rt=402039755/1062437983 52 0 "ourhome" f4:6d:2f:12:cc:88 rssi=-47 f=5240 sc=60 link=433 tx=1.7, 0.0, 0.0  rx=6.2 bcn=50802 [on:0 tx:0 rx:0 period:2] from screen [on:35559 period:217582] score=60
10-15 22:00:50.606  3957  4129 D WifiStateMachine:  get link layer stats 3
10-15 22:00:50.607  3436  3436 I android.hardware.wifi@1.0-service: getLinkLayerStats
10-15 22:00:50.612  3957  4128 D WifiService: getConnectionInfo uid=1000
10-15 22:00:50.616  3957  4129 D WifiStateMachine: fetchRssiLinkSpeedAndFrequencyNative rssi=-47 linkspeed=433 freq=5240
10-15 22:00:50.623  4340  4340 E SignalClusterView: setSlotFocusVisible : subId -2
10-15 22:00:50.623  4340  4340 E SignalClusterView: setSlotFocusVisible : subId -2
10-15 22:00:50.715 28420 28727 I BatteryMgr:DataCollectionService: stats => 1697400050715,113,4250,152,0,100
10-15 22:00:50.826 28420 28727 I BatteryMgr:DataCollectionService: stats => 1697400050826,113,4250,152,0,100
10-15 22:00:50.937 28420 28727 I BatteryMgr:DataCollectionService: stats => 1697400050937,113,4250,152,0,100
10-15 22:00:51.051 28420 28727 I BatteryMgr:DataCollectionService: stats => 1697400051051,113,4250,152,0,100
10-15 22:00:51.163 28420 28727 I BatteryMgr:DataCollectionService: stats => 1697400051163,113,4250,152,0,100
10-15 22:00:51.275 28420 28727 I BatteryMgr:DataCollectionService: stats => 1697400051275,113,4250,152,0,100
10-15 22:00:51.352  3957  4129 D WifiStateMachine:  ConnectedState !RSSI_PKTCNT_FETCH uid=1000 rt=402040500/1062438728 0 0 "ourhome" f4:6d:2f:12:cc:88 rssi=-47 f=5240 sc=60 link=433 tx=0.6, 0.0, 0.0  rx=2.9 bcn=50829 [on:0 tx:0 rx:0 period:732] from screen [on:35692 period:218328] score=60
10-15 22:00:51.354  3957  4129 D WifiStateMachine:  L2ConnectedState !RSSI_PKTCNT_FETCH uid=1000 rt=402040503/1062438731 0 0 "ourhome" f4:6d:2f:12:cc:88 rssi=-47 f=5240 sc=60 link=433 tx=0.6, 0.0, 0.0  rx=2.9 bcn=50829 [on:0 tx:0 rx:0 period:2] from screen [on:35692 period:218330] score=60
10-15 22:00:51.356  3957  4129 D WifiStateMachine: fetchRssiLinkSpeedAndFrequencyNative rssi=-48 linkspeed=433 freq=5240
10-15 22:00:51.385 28420 28727 I BatteryMgr:DataCollectionService: stats => 1697400051385,113,4250,152,0,100
10-15 22:00:51.454 28465 28476 I zygote64: Background concurrent copying GC freed 124388(4MB) AllocSpace objects, 32(832KB) LOS objects, 50% free, 4MB/9MB, paused 7.146ms total 151.884ms
10-15 22:00:51.492 28420 28727 I BatteryMgr:DataCollectionService: stats => 1697400051492,113,4250,152,0,100
10-15 22:00:51.596 28465 28671 I SessionStorage/AutoSave: Save: Periodic
10-15 22:00:51.609 28420 28727 I BatteryMgr:DataCollectionService: stats => 1697400051609,113,4250,152,0,100
10-15 22:00:51.614  3957  4128 D WifiService: getConnectionInfo uid=1000
10-15 22:00:51.718 28420 28727 I BatteryMgr:DataCollectionService: stats => 1697400051718,113,4250,152,0,100
10-15 22:00:51.830 28420 28727 I BatteryMgr:DataCollectionService: stats => 1697400051829,113,4250,152,0,100
10-15 22:00:51.940 28420 28727 I BatteryMgr:DataCollectionService: stats => 1697400051940,113,4250,152,0,100
10-15 22:00:52.050 28420 28727 I BatteryMgr:DataCollectionService: stats => 1697400052050,113,4250,152,0,100
10-15 22:00:52.159 28420 28727 I BatteryMgr:DataCollectionService: stats => 1697400052159,113,4250,152,0,100
10-15 22:00:52.267 28420 28727 I BatteryMgr:DataCollectionService: stats => 1697400052267,113,4250,152,0,100
10-15 22:00:52.302  3957  4416 E Watchdog: !@Sync 13396 [2023-10-15 22:00:52.301]
10-15 22:00:52.355  3957  4129 D WifiStateMachine:  ConnectedState !RSSI_PKTCNT_FETCH uid=1000 rt=402041502/1062439729 0 0 "ourhome" f4:6d:2f:12:cc:88 rssi=-48 f=5240 sc=60 link=433 tx=0.6, 0.0, 0.0  rx=2.9 bcn=50829 [on:0 tx:0 rx:0 period:1000] from screen [on:35692 period:219330] score=60
10-15 22:00:52.357  3957  4129 D WifiStateMachine:  L2ConnectedState !RSSI_PKTCNT_FETCH uid=1000 rt=402041506/1062439733 0 0 "ourhome" f4:6d:2f:12:cc:88 rssi=-48 f=5240 sc=60 link=433 tx=0.6, 0.0, 0.0  rx=2.9 bcn=50829 [on:0 tx:0 rx:0 period:2] from screen [on:35692 period:219332] score=60
10-15 22:00:52.358  3957  4129 D WifiStateMachine: fetchRssiLinkSpeedAndFrequencyNative rssi=-48 linkspeed=433 freq=5240
10-15 22:00:52.376 28420 28727 I BatteryMgr:DataCollectionService: stats => 1697400052376,113,4250,152,0,100
10-15 22:00:52.485 28420 28727 I BatteryMgr:DataCollectionService: stats => 1697400052485,113,4250,152,0,100
10-15 22:00:52.598 28420 28727 I BatteryMgr:DataCollectionService: stats => 1697400052597,113,4250,152,0,100
10-15 22:00:52.616  3957  4128 D WifiService: getConnectionInfo uid=1000
10-15 22:00:52.707 28420 28727 I BatteryMgr:DataCollectionService: stats => 1697400052707,113,4250,152,0,100
10-15 22:00:52.815 28420 28727 I BatteryMgr:DataCollectionService: stats => 1697400052814,113,4250,152,0,100
10-15 22:00:52.926 28420 28727 I BatteryMgr:DataCollectionService: stats => 1697400052926,113,4250,152,0,100
10-15 22:00:53.034 28420 28727 I BatteryMgr:DataCollectionService: stats => 1697400053034,113,4250,152,0,100
10-15 22:00:53.065  3957  4306 D WifiConnectivityMonitor:  [|221] []
10-15 22:00:53.144 28420 28727 I BatteryMgr:DataCollectionService: stats => 1697400053143,113,4250,152,0,100
10-15 22:00:53.254 28420 28727 I BatteryMgr:DataCollectionService: stats => 1697400053254,113,4250,152,0,100
10-15 22:00:53.355  3957  4129 D WifiStateMachine:  ConnectedState !RSSI_PKTCNT_FETCH uid=1000 rt=402042503/1062440730 0 0 "ourhome" f4:6d:2f:12:cc:88 rssi=-48 f=5240 sc=60 link=433 tx=0.6, 0.0, 0.0  rx=2.9 bcn=50829 [on:0 tx:0 rx:0 period:999] from screen [on:35692 period:220331] score=60
10-15 22:00:53.358  3957  4129 D WifiStateMachine:  L2ConnectedState !RSSI_PKTCNT_FETCH uid=1000 rt=402042506/1062440734 0 0 "ourhome" f4:6d:2f:12:cc:88 rssi=-48 f=5240 sc=60 link=433 tx=0.6, 0.0, 0.0  rx=2.9 bcn=50829 [on:0 tx:0 rx:0 period:3] from screen [on:35692 period:220334] score=60
10-15 22:00:53.363  3957  4129 D WifiStateMachine: fetchRssiLinkSpeedAndFrequencyNative rssi=-48 linkspeed=433 freq=5240
10-15 22:00:53.367 28420 28727 I BatteryMgr:DataCollectionService: stats => 1697400053367,113,4250,152,0,100
10-15 22:00:53.475 28420 28727 I BatteryMgr:DataCollectionService: stats => 1697400053475,113,4250,152,0,100
10-15 22:00:53.584 28420 28727 I BatteryMgr:DataCollectionService: stats => 1697400053584,113,4250,152,0,100
10-15 22:00:53.589  3957  6478 D SSRM:k  : SIOP:: AP = 360, PST = 345 (W:26), BAT = 297, USB = 0, CHG = 0
10-15 22:00:53.619  3957  4129 D WifiStateMachine:  ConnectedState !CMD_RSSI_POLL rt=402042768/1062440995 52 0 "ourhome" f4:6d:2f:12:cc:88 rssi=-48 f=5240 sc=60 link=433 tx=0.6, 0.0, 0.0  rx=2.9 bcn=50829 [on:0 tx:0 rx:0 period:260] from screen [on:35692 period:220594] score=60
10-15 22:00:53.623  3957  4129 D WifiStateMachine:  L2ConnectedState !CMD_RSSI_POLL rt=402042770/1062440997 52 0 "ourhome" f4:6d:2f:12:cc:88 rssi=-48 f=5240 sc=60 link=433 tx=0.6, 0.0, 0.0  rx=2.9 bcn=50829 [on:0 tx:0 rx:0 period:4] from screen [on:35692 period:220598] score=60
10-15 22:00:53.623  3957  4129 D WifiStateMachine:  get link layer stats 3
10-15 22:00:53.624  3436  3436 I android.hardware.wifi@1.0-service: getLinkLayerStats
10-15 22:00:53.625  3957  4128 D WifiService: getConnectionInfo uid=1000
10-15 22:00:53.628  3957  4129 D WifiStateMachine: fetchRssiLinkSpeedAndFrequencyNative rssi=-49 linkspeed=433 freq=5240
10-15 22:00:53.633  4340  4340 E SignalClusterView: setSlotFocusVisible : subId -2
10-15 22:00:53.633  4340  4340 E SignalClusterView: setSlotFocusVisible : subId -2
10-15 22:00:53.696 28420 28727 I BatteryMgr:DataCollectionService: stats => 1697400053696,113,4250,152,0,100
10-15 22:00:53.808 28420 28727 I BatteryMgr:DataCollectionService: stats => 1697400053808,113,4250,152,0,100
10-15 22:00:53.918 28420 28727 I BatteryMgr:DataCollectionService: stats => 1697400053917,113,4250,152,0,100
10-15 22:00:54.029 28420 28727 I BatteryMgr:DataCollectionService: stats => 1697400054029,113,4250,152,0,100
10-15 22:00:54.085  4961  4961 D io_stats: !@ 179,0 r 5230440 161895996 w 1284268 27904272 d 101104 31572392 f 298410 314933 iot 2325928 2057596 th 51200 0 0 pt 0 inp 0 0 402043.235
10-15 22:00:54.142 28420 28727 I BatteryMgr:DataCollectionService: stats => 1697400054142,113,4250,152,0,100
10-15 22:00:54.259 28420 28727 I BatteryMgr:DataCollectionService: stats => 1697400054259,113,4250,152,0,100
10-15 22:00:54.355  3957  4129 D WifiStateMachine:  ConnectedState !RSSI_PKTCNT_FETCH uid=1000 rt=402043503/1062441731 0 0 "ourhome" f4:6d:2f:12:cc:88 rssi=-49 f=5240 sc=60 link=433 tx=16.7, 0.0, 0.0  rx=19.4 bcn=50858 [on:0 tx:0 rx:0 period:723] from screen [on:37602 period:221330] score=60
10-15 22:00:54.357  3957  4129 D WifiStateMachine:  L2ConnectedState !RSSI_PKTCNT_FETCH uid=1000 rt=402043506/1062441733 0 0 "ourhome" f4:6d:2f:12:cc:88 rssi=-49 f=5240 sc=60 link=433 tx=16.7, 0.0, 0.0  rx=19.4 bcn=50858 [on:0 tx:0 rx:0 period:3] from screen [on:37602 period:221333] score=60
10-15 22:00:54.370  3957  4129 D WifiStateMachine: fetchRssiLinkSpeedAndFrequencyNative rssi=-47 linkspeed=433 freq=5240
10-15 22:00:54.379 28420 28727 I BatteryMgr:DataCollectionService: stats => 1697400054379,113,4250,152,0,100
10-15 22:00:54.493 28420 28727 I BatteryMgr:DataCollectionService: stats => 1697400054493,113,4250,152,0,100
10-15 22:00:54.602 28420 28727 I BatteryMgr:DataCollectionService: stats => 1697400054602,113,4250,152,0,100
10-15 22:00:54.627  3957  4128 D WifiService: getConnectionInfo uid=1000
10-15 22:00:54.645 19438 19556 D ScanRecord: Not a Multi Manu data
10-15 22:00:54.688 19438 19556 I chatty  : uid=1002(bluetooth) BT Service Call identical 76 lines
10-15 22:00:54.688 19438 19556 D ScanRecord: Not a Multi Manu data
10-15 22:00:54.713 28420 28727 I BatteryMgr:DataCollectionService: stats => 1697400054713,113,4250,152,0,100
10-15 22:00:54.724 19438 19556 D ScanRecord: Not a Multi Manu data
10-15 22:00:54.824 19438 19556 I chatty  : uid=1002(bluetooth) BT Service Call identical 167 lines
10-15 22:00:54.824 19438 19556 D ScanRecord: Not a Multi Manu data
10-15 22:00:54.827 28420 28727 I BatteryMgr:DataCollectionService: stats => 1697400054827,113,4250,152,0,100
10-15 22:00:54.830 19438 19556 D ScanRecord: Not a Multi Manu data
10-15 22:00:54.936 19438 19556 I chatty  : uid=1002(bluetooth) BT Service Call identical 167 lines
10-15 22:00:54.936 19438 19556 D ScanRecord: Not a Multi Manu data
10-15 22:00:54.938 28420 28727 I BatteryMgr:DataCollectionService: stats => 1697400054938,113,4250,152,0,100
10-15 22:00:54.945 19438 19556 D ScanRecord: Not a Multi Manu data
10-15 22:00:55.049 19438 19556 I chatty  : uid=1002(bluetooth) BT Service Call identical 128 lines
10-15 22:00:55.049 19438 19556 D ScanRecord: Not a Multi Manu data
10-15 22:00:55.050 28420 28727 I BatteryMgr:DataCollectionService: stats => 1697400055050,113,4250,152,0,100
10-15 22:00:55.052 19438 19556 D ScanRecord: Not a Multi Manu data
10-15 22:00:55.141 19438 19556 I chatty  : uid=1002(bluetooth) BT Service Call identical 180 lines
10-15 22:00:55.141 19438 19556 D ScanRecord: Not a Multi Manu data
10-15 22:00:55.159 28420 28727 I BatteryMgr:DataCollectionService: stats => 1697400055159,113,4250,152,0,100
10-15 22:00:55.268 28420 28727 I BatteryMgr:DataCollectionService: stats => 1697400055267,113,4250,152,0,100
10-15 22:00:55.356  3957  4129 D WifiStateMachine:  ConnectedState !RSSI_PKTCNT_FETCH uid=1000 rt=402044505/1062442732 0 0 "ourhome" f4:6d:2f:12:cc:88 rssi=-47 f=5240 sc=60 link=433 tx=16.7, 0.0, 0.0  rx=19.4 bcn=50858 [on:0 tx:0 rx:0 period:999] from screen [on:37602 period:222332] score=60
10-15 22:00:55.360  3957  4129 D WifiStateMachine:  L2ConnectedState !RSSI_PKTCNT_FETCH uid=1000 rt=402044508/1062442735 0 0 "ourhome" f4:6d:2f:12:cc:88 rssi=-47 f=5240 sc=60 link=433 tx=16.7, 0.0, 0.0  rx=19.4 bcn=50858 [on:0 tx:0 rx:0 period:4] from screen [on:37602 period:222336] score=60
10-15 22:00:55.362  3957  4129 D WifiStateMachine: fetchRssiLinkSpeedAndFrequencyNative rssi=-47 linkspeed=433 freq=5240
10-15 22:00:55.380 28420 28727 I BatteryMgr:DataCollectionService: stats => 1697400055379,113,4250,152,0,100
10-15 22:00:55.490 28420 28727 I BatteryMgr:DataCollectionService: stats => 1697400055490,113,4250,152,0,100
10-15 22:00:55.604 28420 28727 I BatteryMgr:DataCollectionService: stats => 1697400055604,113,4250,152,0,100
10-15 22:00:55.630  3957  4128 D WifiService: getConnectionInfo uid=1000
10-15 22:00:55.714 28420 28727 I BatteryMgr:DataCollectionService: stats => 1697400055714,113,4250,152,0,100
10-15 22:00:55.824 28420 28727 I BatteryMgr:DataCollectionService: stats => 1697400055824,113,4250,152,0,100
10-15 22:00:55.936 28420 28727 I BatteryMgr:DataCollectionService: stats => 1697400055935,113,4250,152,0,100
10-15 22:00:56.046 28420 28727 I BatteryMgr:DataCollectionService: stats => 1697400056046,113,4250,152,0,100
10-15 22:00:56.156 28420 28727 I BatteryMgr:DataCollectionService: stats => 1697400056155,113,4250,152,0,100
10-15 22:00:56.268 28420 28727 I BatteryMgr:DataCollectionService: stats => 1697400056268,113,4250,152,0,100
10-15 22:00:56.361  3957  4129 D WifiStateMachine:  ConnectedState !RSSI_PKTCNT_FETCH uid=1000 rt=402045506/1062443733 0 0 "ourhome" f4:6d:2f:12:cc:88 rssi=-47 f=5240 sc=60 link=433 tx=16.7, 0.0, 0.0  rx=19.4 bcn=50858 [on:0 tx:0 rx:0 period:1000] from screen [on:37602 period:223336] score=60
10-15 22:00:56.367  3957  4129 D WifiStateMachine:  L2ConnectedState !RSSI_PKTCNT_FETCH uid=1000 rt=402045512/1062443740 0 0 "ourhome" f4:6d:2f:12:cc:88 rssi=-47 f=5240 sc=60 link=433 tx=16.7, 0.0, 0.0  rx=19.4 bcn=50858 [on:0 tx:0 rx:0 period:6] from screen [on:37602 period:223342] score=60
10-15 22:00:56.374  3957  4129 D WifiStateMachine: fetchRssiLinkSpeedAndFrequencyNative rssi=-47 linkspeed=433 freq=5240
10-15 22:00:56.385 28420 28727 I BatteryMgr:DataCollectionService: stats => 1697400056382,113,4250,152,0,100
10-15 22:00:56.496 28420 28727 I BatteryMgr:DataCollectionService: stats => 1697400056496,113,4250,152,0,100
10-15 22:00:56.606 28420 28727 I BatteryMgr:DataCollectionService: stats => 1697400056606,113,4250,152,0,100
10-15 22:00:56.631  3957  4129 D WifiStateMachine:  ConnectedState !CMD_RSSI_POLL rt=402045779/1062444007 52 0 "ourhome" f4:6d:2f:12:cc:88 rssi=-47 f=5240 sc=60 link=433 tx=16.7, 0.0, 0.0  rx=19.4 bcn=50858 [on:0 tx:0 rx:0 period:264] from screen [on:37602 period:223606] score=60
10-15 22:00:56.632  3957  4128 D WifiService: getConnectionInfo uid=1000
10-15 22:00:56.633  3957  4129 D WifiStateMachine:  L2ConnectedState !CMD_RSSI_POLL rt=402045782/1062444009 52 0 "ourhome" f4:6d:2f:12:cc:88 rssi=-47 f=5240 sc=60 link=433 tx=16.7, 0.0, 0.0  rx=19.4 bcn=50858 [on:0 tx:0 rx:0 period:2] from screen [on:37602 period:223608] score=60
10-15 22:00:56.633  3957  4129 D WifiStateMachine:  get link layer stats 3
10-15 22:00:56.634  3436  3436 I android.hardware.wifi@1.0-service: getLinkLayerStats
10-15 22:00:56.653  3957  4129 D WifiStateMachine: fetchRssiLinkSpeedAndFrequencyNative rssi=-47 linkspeed=433 freq=5240
10-15 22:00:56.658  4340  4340 E SignalClusterView: setSlotFocusVisible : subId -2
10-15 22:00:56.658  4340  4340 E SignalClusterView: setSlotFocusVisible : subId -2
10-15 22:00:56.718 28420 28727 I BatteryMgr:DataCollectionService: stats => 1697400056718,113,4250,152,0,100
10-15 22:00:56.825 28420 28727 I BatteryMgr:DataCollectionService: stats => 1697400056825,113,4250,152,0,100
10-15 22:00:56.935 28420 28727 I BatteryMgr:DataCollectionService: stats => 1697400056935,113,4250,152,0,100
10-15 22:00:57.046 28420 28727 I BatteryMgr:DataCollectionService: stats => 1697400057046,113,4250,152,0,100
10-15 22:00:57.157 28420 28727 I BatteryMgr:DataCollectionService: stats => 1697400057157,113,4250,152,0,100
10-15 22:00:57.267 28420 28727 I BatteryMgr:DataCollectionService: stats => 1697400057267,113,4250,152,0,100
10-15 22:00:57.358  3957  4129 D WifiStateMachine:  ConnectedState !RSSI_PKTCNT_FETCH uid=1000 rt=402046506/1062444734 0 0 "ourhome" f4:6d:2f:12:cc:88 rssi=-47 f=5240 sc=60 link=433 tx=8.0, 0.0, 0.0  rx=12.8 bcn=50884 [on:0 tx:0 rx:0 period:700] from screen [on:38648 period:224334] score=60
10-15 22:00:57.361  3957  4129 D WifiStateMachine:  L2ConnectedState !RSSI_PKTCNT_FETCH uid=1000 rt=402046509/1062444737 0 0 "ourhome" f4:6d:2f:12:cc:88 rssi=-47 f=5240 sc=60 link=433 tx=8.0, 0.0, 0.0  rx=12.8 bcn=50884 [on:0 tx:0 rx:0 period:2] from screen [on:38648 period:224336] score=60
10-15 22:00:57.367  3957  4129 D WifiStateMachine: fetchRssiLinkSpeedAndFrequencyNative rssi=-46 linkspeed=433 freq=5240
10-15 22:00:57.379 28420 28727 I BatteryMgr:DataCollectionService: stats => 1697400057379,113,4250,152,0,100
10-15 22:00:57.488 28420 28727 I BatteryMgr:DataCollectionService: stats => 1697400057487,113,4250,152,0,100
10-15 22:00:57.600 28420 28727 I BatteryMgr:DataCollectionService: stats => 1697400057600,113,4250,152,0,100
10-15 22:00:57.634  3957  4128 D WifiService: getConnectionInfo uid=1000
10-15 22:00:57.709 28420 28727 I BatteryMgr:DataCollectionService: stats => 1697400057709,113,4250,152,0,100
10-15 22:00:57.821 28420 28727 I BatteryMgr:DataCollectionService: stats => 1697400057821,146,4250,145,0,100
10-15 22:00:57.931 28420 28727 I BatteryMgr:DataCollectionService: stats => 1697400057931,146,4250,145,0,100
10-15 22:00:58.039 28420 28727 I BatteryMgr:DataCollectionService: stats => 1697400058039,146,4250,145,0,100
10-15 22:00:58.150 28420 28727 I BatteryMgr:DataCollectionService: stats => 1697400058149,146,4250,145,0,100
10-15 22:00:58.260 28420 28727 I BatteryMgr:DataCollectionService: stats => 1697400058259,146,4250,145,0,100
10-15 22:00:58.321  3957  4650 D BatteryService: !@BatteryListener : batteryPropertiesChanged!
10-15 22:00:58.361  3957  4129 D WifiStateMachine:  ConnectedState !RSSI_PKTCNT_FETCH uid=1000 rt=402047508/1062445736 0 0 "ourhome" f4:6d:2f:12:cc:88 rssi=-46 f=5240 sc=60 link=433 tx=8.0, 0.0, 0.0  rx=12.8 bcn=50884 [on:0 tx:0 rx:0 period:1000] from screen [on:38648 period:225336] score=60
10-15 22:00:58.364  3957  4129 D WifiStateMachine:  L2ConnectedState !RSSI_PKTCNT_FETCH uid=1000 rt=402047513/1062445740 0 0 "ourhome" f4:6d:2f:12:cc:88 rssi=-46 f=5240 sc=60 link=433 tx=8.0, 0.0, 0.0  rx=12.8 bcn=50884 [on:0 tx:0 rx:0 period:4] from screen [on:38648 period:225340] score=60
10-15 22:00:58.369 28420 28727 I BatteryMgr:DataCollectionService: stats => 1697400058369,146,4250,145,0,100
10-15 22:00:58.370  3957  4129 D WifiStateMachine: fetchRssiLinkSpeedAndFrequencyNative rssi=-46 linkspeed=433 freq=5240
10-15 22:00:58.480 28420 28727 I BatteryMgr:DataCollectionService: stats => 1697400058479,146,4250,145,0,100
10-15 22:00:58.586 28420 28727 I BatteryMgr:DataCollectionService: stats => 1697400058586,146,4250,145,0,100
10-15 22:00:58.636  3957  4128 D WifiService: getConnectionInfo uid=1000
10-15 22:00:58.694 28420 28727 I BatteryMgr:DataCollectionService: stats => 1697400058694,146,4250,145,0,100
10-15 22:00:58.803 28420 28727 I BatteryMgr:DataCollectionService: stats => 1697400058803,146,4250,145,0,100
10-15 22:00:58.918 28420 28727 I BatteryMgr:DataCollectionService: stats => 1697400058918,146,4250,145,0,100
10-15 22:00:59.029 28420 28727 I BatteryMgr:DataCollectionService: stats => 1697400059029,146,4250,145,0,100
10-15 22:00:59.088  4961  4961 D io_stats: !@ 179,0 r 5230447 161896160 w 1284277 27904464 d 101106 31572464 f 298411 314934 iot 2325936 2057606 th 51200 0 0 pt 0 inp 0 0 402048.238
10-15 22:00:59.140 28420 28727 I BatteryMgr:DataCollectionService: stats => 1697400059140,146,4250,145,0,100
10-15 22:00:59.258 28420 28727 I BatteryMgr:DataCollectionService: stats => 1697400059258,146,4250,145,0,100
10-15 22:00:59.363  3957  4129 D WifiStateMachine:  ConnectedState !RSSI_PKTCNT_FETCH uid=1000 rt=402048510/1062446738 0 0 "ourhome" f4:6d:2f:12:cc:88 rssi=-46 f=5240 sc=60 link=433 tx=8.0, 0.0, 0.0  rx=12.8 bcn=50884 [on:0 tx:0 rx:0 period:998] from screen [on:38648 period:226338] score=60
10-15 22:00:59.372 28420 28727 I BatteryMgr:DataCollectionService: stats => 1697400059372,146,4250,145,0,100
10-15 22:00:59.377  3957  4129 D WifiStateMachine:  L2ConnectedState !RSSI_PKTCNT_FETCH uid=1000 rt=402048514/1062446742 0 0 "ourhome" f4:6d:2f:12:cc:88 rssi=-46 f=5240 sc=60 link=433 tx=8.0, 0.0, 0.0  rx=12.8 bcn=50884 [on:0 tx:0 rx:0 period:15] from screen [on:38648 period:226353] score=60
10-15 22:00:59.385  3957  4129 D WifiStateMachine: fetchRssiLinkSpeedAndFrequencyNative rssi=-46 linkspeed=433 freq=5240
10-15 22:00:59.484 28420 28727 I BatteryMgr:DataCollectionService: stats => 1697400059483,146,4250,145,0,100
10-15 22:00:59.598 28420 28727 I BatteryMgr:DataCollectionService: stats => 1697400059597,146,4250,145,0,100
10-15 22:00:59.638  3957  4128 D WifiService: getConnectionInfo uid=1000
10-15 22:00:59.650 19438 19556 D ScanRecord: Not a Multi Manu data
10-15 22:00:59.650 19438 19556 I chatty  : uid=1002(bluetooth) BT Service Call identical 11 lines
10-15 22:00:59.650 19438 19556 D ScanRecord: Not a Multi Manu data
10-15 22:00:59.658  3957  4129 D WifiStateMachine:  ConnectedState !CMD_RSSI_POLL rt=402048805/1062447033 52 0 "ourhome" f4:6d:2f:12:cc:88 rssi=-46 f=5240 sc=60 link=433 tx=8.0, 0.0, 0.0  rx=12.8 bcn=50884 [on:0 tx:0 rx:0 period:280] from screen [on:38648 period:226633] score=60
10-15 22:00:59.659 19438 19556 D ScanRecord: Not a Multi Manu data
10-15 22:00:59.660 19438 19556 I chatty  : uid=1002(bluetooth) BT Service Call identical 11 lines
10-15 22:00:59.660 19438 19556 D ScanRecord: Not a Multi Manu data
10-15 22:00:59.660  3957  4129 D WifiStateMachine:  L2ConnectedState !CMD_RSSI_POLL rt=402048809/1062447036 52 0 "ourhome" f4:6d:2f:12:cc:88 rssi=-46 f=5240 sc=60 link=433 tx=8.0, 0.0, 0.0  rx=12.8 bcn=50884 [on:0 tx:0 rx:0 period:3] from screen [on:38648 period:226636] score=60
10-15 22:00:59.660  3957  4129 D WifiStateMachine:  get link layer stats 3
10-15 22:00:59.662  3436  3436 I android.hardware.wifi@1.0-service: getLinkLayerStats
10-15 22:00:59.665 19438 19556 D ScanRecord: Not a Multi Manu data
10-15 22:00:59.665 19438 19556 I chatty  : uid=1002(bluetooth) BT Service Call identical 11 lines
10-15 22:00:59.666 19438 19556 D ScanRecord: Not a Multi Manu data
10-15 22:00:59.668  3957  4129 D WifiStateMachine: fetchRssiLinkSpeedAndFrequencyNative rssi=-47 linkspeed=433 freq=5240
10-15 22:00:59.671 19438 19556 D ScanRecord: Not a Multi Manu data
10-15 22:00:59.671 19438 19556 I chatty  : uid=1002(bluetooth) BT Service Call identical 11 lines
10-15 22:00:59.672 19438 19556 D ScanRecord: Not a Multi Manu data
10-15 22:00:59.673  4340  4340 E SignalClusterView: setSlotFocusVisible : subId -2
10-15 22:00:59.673  4340  4340 E SignalClusterView: setSlotFocusVisible : subId -2
10-15 22:00:59.675 19438 19556 D ScanRecord: Not a Multi Manu data
10-15 22:00:59.708 19438 19556 I chatty  : uid=1002(bluetooth) BT Service Call identical 50 lines
10-15 22:00:59.708 19438 19556 D ScanRecord: Not a Multi Manu data
10-15 22:00:59.713 28420 28727 I BatteryMgr:DataCollectionService: stats => 1697400059712,146,4250,145,0,100
10-15 22:00:59.713 19438 19556 D ScanRecord: Not a Multi Manu data
10-15 22:00:59.824 19438 19556 I chatty  : uid=1002(bluetooth) BT Service Call identical 310 lines
10-15 22:00:59.824 19438 19556 D ScanRecord: Not a Multi Manu data
10-15 22:00:59.824 28420 28727 I BatteryMgr:DataCollectionService: stats => 1697400059824,146,4250,145,0,100
10-15 22:00:59.826 19438 19556 D ScanRecord: Not a Multi Manu data
10-15 22:00:59.933 19438 19556 I chatty  : uid=1002(bluetooth) BT Service Call identical 167 lines
10-15 22:00:59.933 19438 19556 D ScanRecord: Not a Multi Manu data
10-15 22:00:59.936 28420 28727 I BatteryMgr:DataCollectionService: stats => 1697400059936,146,4250,145,0,100
10-15 22:00:59.938 19438 19556 D ScanRecord: Not a Multi Manu data
10-15 22:01:00.000  3957  4045 D SamsungAlarmManager: Expired : 8
10-15 22:01:00.001  3957  4045 I SamsungAlarmManager: setLocked to kernel - T:3 / 20231015T220100, SetElapsed=1062447379, nowELAPSED=1062447379
10-15 22:01:00.002  3957  4045 V SamsungAlarmManager: Sending to uid : 1000 action=android.intent.action.TIME_TICK alarm=Alarm{c8289f3 type 3 when 1062447378 android}
10-15 22:01:00.003 19438 19556 I chatty  : uid=1002(bluetooth) BT Service Call identical 141 lines
10-15 22:01:00.003 19438 19556 D ScanRecord: Not a Multi Manu data
10-15 22:01:00.004  3957  4045 D SamsungAlarmManager: Expired : 8
10-15 22:01:00.004  3957  4045 V SamsungAlarmManager: Sending to uid : 10074 action=com.samsung.action.EVERY_MINUTE_CLOCK_UPDATE alarm=Alarm{e28d929 type 1 when 1697400060000 com.sec.android.app.launcher}
10-15 22:01:00.007  3957  3957 D SamsungAlarmManager: setExact Intent (T:3/F:1/AC:false) 20231015T220200 - CU:1000/CP:3957
10-15 22:01:00.008 14518 14518 I Launcher: onReceive: com.samsung.action.EVERY_MINUTE_CLOCK_UPDATE
10-15 22:01:00.008  3957  3957 I SamsungAlarmManager: setLocked to kernel - T:3 / 20231015T220200, SetElapsed=1062507378, nowELAPSED=1062447387
10-15 22:01:00.010  4340  4340 D KeyguardUpdateMonitor: received broadcast android.intent.action.TIME_TICK
10-15 22:01:00.011  4340  4340 D KeyguardServiceBoxContainer: refreshTime() 1
10-15 22:01:00.019  3957  4650 D SamsungAlarmManager: setInexact Intent (T:1/F:0/AC:false) 20231015T220200 - CU:10074/CP:14518
10-15 22:01:00.020 14518 14518 I IconView: applyFromShortcutInfo - start GetLive : com.samsung.android.calendar
10-15 22:01:00.020 14518 14518 I IconView: applyFromShortcutInfo - end GetLive : com.samsung.android.calendar
10-15 22:01:00.021 14518 14518 I IconView: applyFromApplicationInfo - start GetLive : com.sec.android.app.clockpackage
10-15 22:01:00.024 19438 19556 D ScanRecord: Not a Multi Manu data
10-15 22:01:00.032 19438 19556 I chatty  : uid=1002(bluetooth) BT Service Call identical 50 lines
10-15 22:01:00.032 14518 14518 D ApplicationPackageManager: we has com.sec.android.app.clockpackage class. reuse it 
10-15 22:01:00.032 19438 19556 D ScanRecord: Not a Multi Manu data
10-15 22:01:00.033 14518 14518 D LiveIconLoader: getLiveIcon was called in ClockPackage
10-15 22:01:00.038 14518 14518 D LiveIconLoader: getLiveIcon res = com.sec.android.app.clockpackage
10-15 22:01:00.038 19438 19556 D ScanRecord: Not a Multi Manu data
10-15 22:01:00.039 14518 14518 D LiveIconLoader: stdIconSize : 84 , targetIconSize : 94
10-15 22:01:00.039 19438 19556 I chatty  : uid=1002(bluetooth) BT Service Call expire 17 lines
10-15 22:01:00.039 19438 19556 D ScanRecord: Not a Multi Manu data
10-15 22:01:00.039 19438 19556 D ScanRecord: Not a Multi Manu data
10-15 22:01:00.040 19438 19556 I chatty  : uid=1002(bluetooth) BT Service Call identical 3 lines
10-15 22:01:00.040 14518 14518 D LiveIconLoader: mIconDpi : 320 , mTargetIconDpi : 280
10-15 22:01:00.040 19438 19556 D ScanRecord: Not a Multi Manu data
10-15 22:01:00.040 19438 19556 D ScanRecord: Not a Multi Manu data
10-15 22:01:00.040 19438 19556 D ScanRecord: Not a Multi Manu data
10-15 22:01:00.056 28420 28727 I BatteryMgr:DataCollectionService: stats => 1697400060056,146,4250,145,0,100
10-15 22:01:00.056 14518 14518 I ApplicationPackageManager: load= live icon for com.sec.android.app.clockpackage, from overlay = false
10-15 22:01:00.058 14518 14518 I LiveIconManager: getLiveIcon: complete(sync_created)
10-15 22:01:00.058  4340  4340 D KeyguardUpdateMonitor: handleStatusBarState( false )
10-15 22:01:00.058 14518 14518 I IconView: applyFromApplicationInfo - end GetLive : com.sec.android.app.clockpackage
10-15 22:01:00.059 14518 14518 I IconView: applyFromApplicationInfo - start GetLive : com.samsung.android.calendar
10-15 22:01:00.059 14518 14518 I IconView: applyFromApplicationInfo - end GetLive : com.samsung.android.calendar
10-15 22:01:00.062 19438 19556 D ScanRecord: Not a Multi Manu data
10-15 22:01:00.063 19438 19556 I chatty  : uid=1002(bluetooth) BT Service Call identical 11 lines
10-15 22:01:00.063 19438 19556 D ScanRecord: Not a Multi Manu data
10-15 22:01:00.071  4340  4340 D KeyguardUpdateMonitor: handleStatusBarState( false )
10-15 22:01:00.078 19438 19556 D ScanRecord: Not a Multi Manu data
10-15 22:01:00.134 19438 19556 I chatty  : uid=1002(bluetooth) BT Service Call identical 102 lines
10-15 22:01:00.134 19438 19556 D ScanRecord: Not a Multi Manu data
10-15 22:01:00.160 28420 28727 I BatteryMgr:DataCollectionService: stats => 1697400060160,146,4250,145,0,100
10-15 22:01:00.264 28420 28727 I BatteryMgr:DataCollectionService: stats => 1697400060264,146,4250,145,0,100
10-15 22:01:00.308  3957  4030 D SensorService: [SO] 0.091 -0.124 9.993
10-15 22:01:00.361  3957  4129 D WifiStateMachine:  ConnectedState !RSSI_PKTCNT_FETCH uid=1000 rt=402049511/1062447738 0 0 "ourhome" f4:6d:2f:12:cc:88 rssi=-47 f=5240 sc=60 link=433 tx=2.9, 0.0, 0.0  rx=5.3 bcn=50913 [on:0 tx:0 rx:0 period:690] from screen [on:38836 period:227337] score=60
10-15 22:01:00.363  3957  4129 D WifiStateMachine:  L2ConnectedState !RSSI_PKTCNT_FETCH uid=1000 rt=402049512/1062447740 0 0 "ourhome" f4:6d:2f:12:cc:88 rssi=-47 f=5240 sc=60 link=433 tx=2.9, 0.0, 0.0  rx=5.3 bcn=50913 [on:0 tx:0 rx:0 period:1] from screen [on:38836 period:227338] score=60
10-15 22:01:00.369  3957  4129 D WifiStateMachine: fetchRssiLinkSpeedAndFrequencyNative rssi=-47 linkspeed=433 freq=5240
10-15 22:01:00.371 28420 28727 I BatteryMgr:DataCollectionService: stats => 1697400060371,146,4250,145,0,100
10-15 22:01:00.479 28420 28727 I BatteryMgr:DataCollectionService: stats => 1697400060478,146,4250,145,0,100
10-15 22:01:00.585 28420 28727 I BatteryMgr:DataCollectionService: stats => 1697400060585,146,4250,145,0,100
10-15 22:01:00.640  3957  4128 D WifiService: getConnectionInfo uid=1000
10-15 22:01:00.692 28420 28727 I BatteryMgr:DataCollectionService: stats => 1697400060692,146,4250,145,0,100
10-15 22:01:00.799 28420 28727 I BatteryMgr:DataCollectionService: stats => 1697400060799,146,4250,145,0,100
10-15 22:01:00.906 28420 28727 I BatteryMgr:DataCollectionService: stats => 1697400060906,146,4250,145,0,100
10-15 22:01:01.014 28420 28727 I BatteryMgr:DataCollectionService: stats => 1697400061013,146,4250,145,0,100
10-15 22:01:01.122 28420 28727 I BatteryMgr:DataCollectionService: stats => 1697400061122,146,4250,145,0,100
10-15 22:01:01.233 28420 28727 I BatteryMgr:DataCollectionService: stats => 1697400061232,146,4250,145,0,100
10-15 22:01:01.349 28420 28727 I BatteryMgr:DataCollectionService: stats => 1697400061348,146,4250,145,0,100
10-15 22:01:01.365  3957  4129 D WifiStateMachine:  ConnectedState !RSSI_PKTCNT_FETCH uid=1000 rt=402050512/1062448740 0 0 "ourhome" f4:6d:2f:12:cc:88 rssi=-47 f=5240 sc=60 link=433 tx=2.9, 0.0, 0.0  rx=5.3 bcn=50913 [on:0 tx:0 rx:0 period:1002] from screen [on:38836 period:228340] score=60
10-15 22:01:01.369  3957  4129 D WifiStateMachine:  L2ConnectedState !RSSI_PKTCNT_FETCH uid=1000 rt=402050516/1062448744 0 0 "ourhome" f4:6d:2f:12:cc:88 rssi=-47 f=5240 sc=60 link=433 tx=2.9, 0.0, 0.0  rx=5.3 bcn=50913 [on:0 tx:0 rx:0 period:4] from screen [on:38836 period:228344] score=60
10-15 22:01:01.374  3957  4129 D WifiStateMachine: fetchRssiLinkSpeedAndFrequencyNative rssi=-47 linkspeed=433 freq=5240
10-15 22:01:01.464 28420 28727 I BatteryMgr:DataCollectionService: stats => 1697400061464,146,4250,145,0,100
10-15 22:01:01.574 28420 28727 I BatteryMgr:DataCollectionService: stats => 1697400061574,146,4250,145,0,100
10-15 22:01:01.642  3957  4128 D WifiService: getConnectionInfo uid=1000
10-15 22:01:01.684 28420 28727 I BatteryMgr:DataCollectionService: stats => 1697400061684,146,4250,145,0,100
10-15 22:01:01.793 28420 28727 I BatteryMgr:DataCollectionService: stats => 1697400061792,146,4250,145,0,100
10-15 22:01:01.902 28420 28727 I BatteryMgr:DataCollectionService: stats => 1697400061902,146,4250,145,0,100
10-15 22:01:02.014 28420 28727 I BatteryMgr:DataCollectionService: stats => 1697400062013,146,4250,145,0,100
10-15 22:01:02.122 28420 28727 I BatteryMgr:DataCollectionService: stats => 1697400062122,146,4250,145,0,100
10-15 22:01:02.236 28420 28727 I BatteryMgr:DataCollectionService: stats => 1697400062236,146,4250,145,0,100
10-15 22:01:02.348 28420 28727 I BatteryMgr:DataCollectionService: stats => 1697400062347,146,4250,145,0,100
10-15 22:01:02.367  3957  4129 D WifiStateMachine:  ConnectedState !RSSI_PKTCNT_FETCH uid=1000 rt=402051515/1062449742 0 0 "ourhome" f4:6d:2f:12:cc:88 rssi=-47 f=5240 sc=60 link=433 tx=2.9, 0.0, 0.0  rx=5.3 bcn=50913 [on:0 tx:0 rx:0 period:999] from screen [on:38836 period:229343] score=60
10-15 22:01:02.370  3957  4129 D WifiStateMachine:  L2ConnectedState !RSSI_PKTCNT_FETCH uid=1000 rt=402051519/1062449746 0 0 "ourhome" f4:6d:2f:12:cc:88 rssi=-47 f=5240 sc=60 link=433 tx=2.9, 0.0, 0.0  rx=5.3 bcn=50913 [on:0 tx:0 rx:0 period:3] from screen [on:38836 period:229346] score=60
10-15 22:01:02.372  3957  4129 D WifiStateMachine: fetchRssiLinkSpeedAndFrequencyNative rssi=-46 linkspeed=433 freq=5240
10-15 22:01:02.457 28420 28727 I BatteryMgr:DataCollectionService: stats => 1697400062457,146,4250,145,0,100
10-15 22:01:02.569 28420 28727 I BatteryMgr:DataCollectionService: stats => 1697400062569,146,4250,145,0,100
10-15 22:01:02.645  3957  4128 D WifiService: getConnectionInfo uid=1000
10-15 22:01:02.674  3957  4129 D WifiStateMachine:  ConnectedState !CMD_RSSI_POLL rt=402051820/1062450048 52 0 "ourhome" f4:6d:2f:12:cc:88 rssi=-46 f=5240 sc=60 link=433 tx=2.9, 0.0, 0.0  rx=5.3 bcn=50913 [on:0 tx:0 rx:0 period:303] from screen [on:38836 period:229649] score=60
10-15 22:01:02.675  3957  4129 D WifiStateMachine:  L2ConnectedState !CMD_RSSI_POLL rt=402051825/1062450052 52 0 "ourhome" f4:6d:2f:12:cc:88 rssi=-46 f=5240 sc=60 link=433 tx=2.9, 0.0, 0.0  rx=5.3 bcn=50913 [on:0 tx:0 rx:0 period:2] from screen [on:38836 period:229651] score=60
10-15 22:01:02.675  3957  4129 D WifiStateMachine:  get link layer stats 3
10-15 22:01:02.676  3436  3436 I android.hardware.wifi@1.0-service: getLinkLayerStats
10-15 22:01:02.682 28420 28727 I BatteryMgr:DataCollectionService: stats => 1697400062682,146,4250,145,0,100
10-15 22:01:02.694  3957  4129 D WifiStateMachine: fetchRssiLinkSpeedAndFrequencyNative rssi=-46 linkspeed=433 freq=5240
10-15 22:01:02.700  4340  4340 E SignalClusterView: setSlotFocusVisible : subId -2
10-15 22:01:02.700  4340  4340 E SignalClusterView: setSlotFocusVisible : subId -2
10-15 22:01:02.790 28420 28727 I BatteryMgr:DataCollectionService: stats => 1697400062790,146,4250,145,0,100
10-15 22:01:02.902 28420 28727 I BatteryMgr:DataCollectionService: stats => 1697400062902,146,4250,145,0,100
10-15 22:01:03.011 28420 28727 I BatteryMgr:DataCollectionService: stats => 1697400063011,146,4250,145,0,100
10-15 22:01:03.121 28420 28727 I BatteryMgr:DataCollectionService: stats => 1697400063121,146,4250,145,0,100
10-15 22:01:03.231 28420 28727 I BatteryMgr:DataCollectionService: stats => 1697400063231,146,4250,145,0,100
10-15 22:01:03.343 28420 28727 I BatteryMgr:DataCollectionService: stats => 1697400063343,146,4250,145,0,100
10-15 22:01:03.366  3957  4129 D WifiStateMachine:  ConnectedState !RSSI_PKTCNT_FETCH uid=1000 rt=402052516/1062450744 0 0 "ourhome" f4:6d:2f:12:cc:88 rssi=-46 f=5240 sc=60 link=433 tx=1.7, 0.0, 0.0  rx=2.6 bcn=50938 [on:0 tx:0 rx:0 period:665] from screen [on:39353 period:230342] score=60
10-15 22:01:03.367  3957  4129 D WifiStateMachine:  L2ConnectedState !RSSI_PKTCNT_FETCH uid=1000 rt=402052517/1062450745 0 0 "ourhome" f4:6d:2f:12:cc:88 rssi=-46 f=5240 sc=60 link=433 tx=1.7, 0.0, 0.0  rx=2.6 bcn=50938 [on:0 tx:0 rx:0 period:1] from screen [on:39353 period:230343] score=60
10-15 22:01:03.369  3957  4129 D WifiStateMachine: fetchRssiLinkSpeedAndFrequencyNative rssi=-46 linkspeed=433 freq=5240
10-15 22:01:03.456 28420 28727 I BatteryMgr:DataCollectionService: stats => 1697400063455,146,4250,145,0,100
10-15 22:01:03.565 28420 28727 I BatteryMgr:DataCollectionService: stats => 1697400063564,146,4250,145,0,100
10-15 22:01:03.619  3957  6478 D SSRM:k  : SIOP:: AP = 370, PST = 345 (W:26), BAT = 297, USB = 0, CHG = 0
10-15 22:01:03.648  3957  4128 D WifiService: getConnectionInfo uid=1000
10-15 22:01:03.674 28420 28727 I BatteryMgr:DataCollectionService: stats => 1697400063673,146,4250,145,0,100
10-15 22:01:03.793 28420 28727 I BatteryMgr:DataCollectionService: stats => 1697400063793,146,4250,145,0,100
10-15 22:01:03.912 28420 28727 I BatteryMgr:DataCollectionService: stats => 1697400063912,146,4250,145,0,100
10-15 22:01:04.023 28420 28727 I BatteryMgr:DataCollectionService: stats => 1697400064022,146,4250,145,0,100
10-15 22:01:04.091  4961  4961 D io_stats: !@ 179,0 r 5230455 161896392 w 1284288 27904640 d 101107 31572532 f 298412 314935 iot 2325944 2057617 th 51200 0 0 pt 0 inp 0 0 402053.241
10-15 22:01:04.134 28420 28727 I BatteryMgr:DataCollectionService: stats => 1697400064134,146,4250,145,0,100
10-15 22:01:04.250 28420 28727 I BatteryMgr:DataCollectionService: stats => 1697400064250,146,4250,145,0,100
10-15 22:01:04.361 28420 28727 I BatteryMgr:DataCollectionService: stats => 1697400064361,146,4250,145,0,100
10-15 22:01:04.370  3957  4129 D WifiStateMachine:  ConnectedState !RSSI_PKTCNT_FETCH uid=1000 rt=402053519/1062451746 0 0 "ourhome" f4:6d:2f:12:cc:88 rssi=-46 f=5240 sc=60 link=433 tx=1.7, 0.0, 0.0  rx=2.6 bcn=50938 [on:0 tx:0 rx:0 period:1003] from screen [on:39353 period:231346] score=60
10-15 22:01:04.372  3957  4129 D WifiStateMachine:  L2ConnectedState !RSSI_PKTCNT_FETCH uid=1000 rt=402053521/1062451749 0 0 "ourhome" f4:6d:2f:12:cc:88 rssi=-46 f=5240 sc=60 link=433 tx=1.7, 0.0, 0.0  rx=2.6 bcn=50938 [on:0 tx:0 rx:0 period:2] from screen [on:39353 period:231348] score=60
10-15 22:01:04.379  3957  4129 D WifiStateMachine: fetchRssiLinkSpeedAndFrequencyNative rssi=-46 linkspeed=433 freq=5240
10-15 22:01:04.471 28420 28727 I BatteryMgr:DataCollectionService: stats => 1697400064471,146,4250,145,0,100
10-15 22:01:04.579 28420 28727 I BatteryMgr:DataCollectionService: stats => 1697400064578,146,4250,145,0,100
10-15 22:01:04.646 19438 19556 D ScanRecord: Not a Multi Manu data
10-15 22:01:04.646 19438 19556 I chatty  : uid=1002(bluetooth) BT Service Call identical 11 lines
10-15 22:01:04.646 19438 19556 D ScanRecord: Not a Multi Manu data
10-15 22:01:04.651  3957  4128 D WifiService: getConnectionInfo uid=1000
10-15 22:01:04.661 19438 19556 D ScanRecord: Not a Multi Manu data
10-15 22:01:04.687 19438 19556 I chatty  : uid=1002(bluetooth) BT Service Call identical 37 lines
10-15 22:01:04.687 19438 19556 D ScanRecord: Not a Multi Manu data
10-15 22:01:04.691 28420 28727 I BatteryMgr:DataCollectionService: stats => 1697400064691,146,4250,145,0,100
10-15 22:01:04.710 19438 19556 D ScanRecord: Not a Multi Manu data
10-15 22:01:04.799 19438 19556 I chatty  : uid=1002(bluetooth) BT Service Call identical 141 lines
10-15 22:01:04.799 19438 19556 D ScanRecord: Not a Multi Manu data
10-15 22:01:04.802 28420 28727 I BatteryMgr:DataCollectionService: stats => 1697400064801,146,4250,145,0,100
10-15 22:01:04.808 19438 19556 D ScanRecord: Not a Multi Manu data
10-15 22:01:04.906 19438 19556 I chatty  : uid=1002(bluetooth) BT Service Call identical 102 lines
10-15 22:01:04.906 19438 19556 D ScanRecord: Not a Multi Manu data
10-15 22:01:04.911 28420 28727 I BatteryMgr:DataCollectionService: stats => 1697400064911,146,4250,145,0,100
10-15 22:01:04.927 19438 19556 D ScanRecord: Not a Multi Manu data
10-15 22:01:04.975 19438 19556 I chatty  : uid=1002(bluetooth) BT Service Call identical 76 lines
