10-15 21:45:52.498  4340  4340 E SignalClusterView: setSlotFocusVisible : subId -2
10-15 21:45:52.591  3447  3447 I SurfaceFlinger: Display 0 HWC layers:
10-15 21:45:52.591  3447  3447 I SurfaceFlinger:     type    |    handle    | flag |  format   |   source crop (l,t,r,b)    |         frame       | name 
10-15 21:45:52.591  3447  3447 I SurfaceFlinger: ------------+--------------+------+-----------+----------------------------+---------------------+------
10-15 21:45:52.591  3447  3447 I SurfaceFlinger:      Client |              | 0000 |  Unknown  |  -0.2   -0.2   -0.8   -0.8 |    0    0  720 1280 | animation background stackId=1#0
10-15 21:45:52.591  3447  3447 I SurfaceFlinger:      Client | 0x7e9ec23280 | 0002 | RGBA_8888 |   0.0    0.0  720.0 1280.0 |   16   29  703 1251 | com.example.batterymanager_utility/c[...]atterymanager_utility.MainActivity#0
10-15 21:45:52.591  3447  3447 I SurfaceFlinger:      Client | 0x7e9ec22380 | 0000 | RGBA_8888 |   0.0    0.0  720.0 1022.0 |   17  305  704 1280 | Splash Screen org.mozilla.fenix#0
10-15 21:45:52.591  3447  3447 I SurfaceFlinger:      Client | 0x7ea5024cc0 | 0000 | RGBA_8888 |   0.0    0.0  720.0   42.0 |    0    0  720   42 | StatusBar#0
10-15 21:45:52.591  3447  3447 I SurfaceFlinger: 
10-15 21:45:52.600 27197 27223 W linker  : "/data/app/org.mozilla.fenix-iWpGOrf8cry6RDpwHyQugA==/lib/arm64/libxul.so" unused DT entry: type 0x8000024 arg 0x539420
10-15 21:45:52.600 27197 27223 W linker  : "/data/app/org.mozilla.fenix-iWpGOrf8cry6RDpwHyQugA==/lib/arm64/libxul.so" unused DT entry: type 0x8000023 arg 0x17d68
10-15 21:45:52.600 27197 27223 W linker  : "/data/app/org.mozilla.fenix-iWpGOrf8cry6RDpwHyQugA==/lib/arm64/libxul.so" unused DT entry: type 0x8000025 arg 0x8
10-15 21:45:52.601 27197 27223 W linker  : "/data/app/org.mozilla.fenix-iWpGOrf8cry6RDpwHyQugA==/lib/arm64/libnss3.so" unused DT entry: type 0x8000024 arg 0x14998
10-15 21:45:52.601 27197 27223 W linker  : "/data/app/org.mozilla.fenix-iWpGOrf8cry6RDpwHyQugA==/lib/arm64/libnss3.so" unused DT entry: type 0x8000023 arg 0x5c8
10-15 21:45:52.601 27197 27223 W linker  : "/data/app/org.mozilla.fenix-iWpGOrf8cry6RDpwHyQugA==/lib/arm64/libnss3.so" unused DT entry: type 0x8000025 arg 0x8
10-15 21:45:52.602 27197 27223 W linker  : "/data/app/org.mozilla.fenix-iWpGOrf8cry6RDpwHyQugA==/lib/arm64/libmozglue.so" unused DT entry: type 0x8000024 arg 0x38f70
10-15 21:45:52.602 27197 27223 W linker  : "/data/app/org.mozilla.fenix-iWpGOrf8cry6RDpwHyQugA==/lib/arm64/libmozglue.so" unused DT entry: type 0x8000023 arg 0x1f8
10-15 21:45:52.602 27197 27223 W linker  : "/data/app/org.mozilla.fenix-iWpGOrf8cry6RDpwHyQugA==/lib/arm64/libmozglue.so" unused DT entry: type 0x8000025 arg 0x8
10-15 21:45:52.603 27197 27223 W linker  : "/data/app/org.mozilla.fenix-iWpGOrf8cry6RDpwHyQugA==/lib/arm64/libmozglue.so" unused DT entry: type 0x8000024 arg 0x38f70
10-15 21:45:52.603 27197 27223 W linker  : "/data/app/org.mozilla.fenix-iWpGOrf8cry6RDpwHyQugA==/lib/arm64/libmozglue.so" unused DT entry: type 0x8000023 arg 0x1f8
10-15 21:45:52.603 27197 27223 W linker  : "/data/app/org.mozilla.fenix-iWpGOrf8cry6RDpwHyQugA==/lib/arm64/libmozglue.so" unused DT entry: type 0x8000025 arg 0x8
10-15 21:45:52.603 27197 27223 W linker  : "/data/app/org.mozilla.fenix-iWpGOrf8cry6RDpwHyQugA==/lib/arm64/libmozglue.so" unused DT entry: type 0x8000024 arg 0x38f70
10-15 21:45:52.603 27197 27223 W linker  : "/data/app/org.mozilla.fenix-iWpGOrf8cry6RDpwHyQugA==/lib/arm64/libmozglue.so" unused DT entry: type 0x8000023 arg 0x1f8
10-15 21:45:52.603 27197 27223 W linker  : "/data/app/org.mozilla.fenix-iWpGOrf8cry6RDpwHyQugA==/lib/arm64/libmozglue.so" unused DT entry: type 0x8000025 arg 0x8
10-15 21:45:52.603 27197 27223 W linker  : "/data/app/org.mozilla.fenix-iWpGOrf8cry6RDpwHyQugA==/lib/arm64/libmozglue.so" unused DT entry: type 0x8000024 arg 0x38f70
10-15 21:45:52.603 27197 27223 W linker  : "/data/app/org.mozilla.fenix-iWpGOrf8cry6RDpwHyQugA==/lib/arm64/libmozglue.so" unused DT entry: type 0x8000023 arg 0x1f8
10-15 21:45:52.603 27197 27223 W linker  : "/data/app/org.mozilla.fenix-iWpGOrf8cry6RDpwHyQugA==/lib/arm64/libmozglue.so" unused DT entry: type 0x8000025 arg 0x8
10-15 21:45:52.746 27197 27223 I nimbus::stateful::nimbus_client: updating experiment list
10-15 21:45:52.750 27197 27223 I nimbus::stateful::persistence: Already at version 2, no upgrade needed
10-15 21:45:52.753 27197 27223 I nimbus::stateful::nimbus_client: [Nimbus] Retrieved date from Context: 2023-09-28 18:32:20 UTC
10-15 21:45:52.753 27197 27223 I nimbus::stateful::nimbus_client: [Nimbus] Installation Date: 2023-09-28 18:32:20 UTC
10-15 21:45:52.754 27197 27223 I nimbus::stateful::nimbus_client: [Nimbus] Update Date: 2023-09-28 18:32:25.568136298 UTC
10-15 21:45:52.754 27197 27223 I nimbus::stateful::nimbus_client: [Nimbus] Days since install: 17
10-15 21:45:52.754 27197 27223 I nimbus::stateful::nimbus_client: [Nimbus] Days since update: 17
10-15 21:45:52.802 27197 27226 I GeckoThread: preparing to run Gecko
10-15 21:45:52.808  3957  5413 W StorageManager: getStorageLowBytes lowPercent : 5, lowBytes : 1260145254, maxLowBytes : 524288000
10-15 21:45:52.809  3957 12007 W StorageManager: getStorageLowBytes lowPercent : 5, lowBytes : 1260145254, maxLowBytes : 524288000
10-15 21:45:52.811  3957 12007 W StorageManager: getStorageLowBytes lowPercent : 5, lowBytes : 1260145254, maxLowBytes : 524288000
10-15 21:45:52.818 27197 27226 I GeckoLoader: Library base=/data/app/org.mozilla.fenix-iWpGOrf8cry6RDpwHyQugA==/lib/arm64
10-15 21:45:52.822 27197 27229 I libglean_ffi: glean_core::core: Creating new Glean v54.0.0
10-15 21:45:52.822 27197 27226 W Settings: Setting animator_duration_scale has moved from android.provider.Settings.System to android.provider.Settings.Global, returning read-only global URI.
10-15 21:45:52.825 27197 27226 I GeckoLoader: Library base=/data/app/org.mozilla.fenix-iWpGOrf8cry6RDpwHyQugA==/lib/arm64
10-15 21:45:52.827 27197 27226 E GeckoLibLoad: Load sqlite start
10-15 21:45:52.828 27197 27226 E GeckoLibLoad: Load sqlite done
10-15 21:45:52.828 27197 27226 I GeckoLoader: Library base=/data/app/org.mozilla.fenix-iWpGOrf8cry6RDpwHyQugA==/lib/arm64
10-15 21:45:52.828 27197 27226 E GeckoLibLoad: Load nss start
10-15 21:45:52.828 27197 27226 E GeckoLibLoad: Load nss done
10-15 21:45:52.828 27197 27226 I GeckoLoader: Library base=/data/app/org.mozilla.fenix-iWpGOrf8cry6RDpwHyQugA==/lib/arm64
10-15 21:45:52.829 27197 27229 I libglean_ffi: glean_core::database: Database initialized
10-15 21:45:52.831 27197 27226 E GeckoLibLoad: Loaded libs in 1.860962ms total, 0ms(4ms) user, 0ms(0ms) system, 1(2) faults
10-15 21:45:52.832 27197 27226 W GeckoThread: zerdatime 1061540210 - runGecko
10-15 21:45:52.835 27197 27229 I libglean_ffi: glean_core: Glean initialized
10-15 21:45:52.836 27197 27229 I libglean_ffi: glean_core::event_database: Loading events for background-update
10-15 21:45:52.840 27197 27229 I libglean_ffi: glean_core::event_database: Loading events for events
10-15 21:45:52.844 27197 27229 I libglean_ffi: glean_core::ping: Collecting events
10-15 21:45:52.854 27197 27229 I libglean_ffi: glean_core::upload::directory: Processing ping at: /data/user/0/org.mozilla.fenix/glean_data/pending_pings/83f1a904-f5c6-4eae-89ed-a7e69ae3ad0e
10-15 21:45:52.855  3599  3918 D DnsProxyListener: DNSDBG::dns by name af 2
10-15 21:45:52.856 27197 27229 I libglean_ffi: glean_core::metrics::ping: The ping 'events' was submitted and will be sent as soon as possible
10-15 21:45:52.866  3957 12007 D PackageManager: setEnabledSetting : userId = 0 packageName = org.mozilla.fenix cmp = androidx.work.impl.background.systemjob.SystemJobService newState = 1 callingPackage = 10169/org.mozilla.fenix
10-15 21:45:52.870  3957  4025 I WindowManager: Destroying surface Surface(name=com.example.batterymanager_utility/com.example.batterymanager_utility.MainActivity) called by com.android.server.wm.WindowStateAnimator.destroySurface:2501 com.android.server.wm.WindowStateAnimator.destroySurfaceLocked:985 com.android.server.wm.WindowState.destroyOrSaveSurfaceUnchecked:3670 com.android.server.wm.WindowState.destroySurface:3618 com.android.server.wm.AppWindowToken.destroySurfaces:722 com.android.server.wm.AppWindowToken.destroySurfaces:706 com.android.server.wm.WindowState.onExitAnimationDone:5316 com.android.server.wm.WindowStateAnimator.stepAnimationLocked:550 
10-15 21:45:52.870  3447  5168 I SurfaceFlinger: id=1687 Removed com.example.batterymanager_utility/com.example.batterymanager_utility.MainActivity#0 (3/5)
10-15 21:45:52.873  3447  5168 I SurfaceFlinger: id=1687 Removed com.example.batterymanager_utility/com.example.batterymanager_utility.MainActivity#0 (-2/5)
10-15 21:45:52.886  3447  3447 I Layer   : id=1687 onRemoved com.example.batterymanager_utility/com.example.batterymanager_utility.MainActivity#0 
10-15 21:45:52.888  3447  3447 I SurfaceFlinger: Display 0 HWC layers:
10-15 21:45:52.888  3447  3447 I SurfaceFlinger:     type    |    handle    | flag |  format   |   source crop (l,t,r,b)    |         frame       | name 
10-15 21:45:52.888  3447  3447 I SurfaceFlinger: ------------+--------------+------+-----------+----------------------------+---------------------+------
10-15 21:45:52.888  3447  3447 I SurfaceFlinger:      Device | 0x7e9ec22380 | 0000 | RGBA_8888 |   0.0    0.0  720.0 1280.0 |    0    0  720 1280 | Splash Screen org.mozilla.fenix#0
10-15 21:45:52.888  3447  3447 I SurfaceFlinger:      Device | 0x7ea5024cc0 | 0000 | RGBA_8888 |   0.0    0.0  720.0   42.0 |    0    0  720   42 | StatusBar#0
10-15 21:45:52.888  3447  3447 I SurfaceFlinger: 
10-15 21:45:52.891  3957  4324 I OpenGLRenderer: Initialized EGL, version 1.4
10-15 21:45:52.891  3957  4324 D OpenGLRenderer: Swap behavior 2
10-15 21:45:52.905 27197 27229 I glean/MetricsPingSched: The 'metrics' ping was already sent today, 1697399152879.
10-15 21:45:52.919 27197 27229 I libglean_ffi: glean_core::ping: Collecting baseline
10-15 21:45:52.949 27197 27229 I libglean_ffi: glean_core::upload::directory: Processing ping at: /data/user/0/org.mozilla.fenix/glean_data/pending_pings/b0c72ece-8c49-4e80-8246-b044f899c7fb
10-15 21:45:52.955 27197 27229 I libglean_ffi: glean_core::metrics::ping: The ping 'baseline' was submitted and will be sent as soon as possible
10-15 21:45:52.976 27197 27226 I Gecko:DumpUtils: Fifo watcher disabled via pref.
10-15 21:45:52.983 27197 27225 I libglean_ffi: glean_core::ping: Collecting pageload
10-15 21:45:52.985 27197 27225 I libglean_ffi: glean_core::ping: Storage for pageload empty. Bailing out.
10-15 21:45:52.986 27197 27225 I libglean_ffi: glean_core::metrics::ping: No content for ping 'pageload', therefore no ping queued.
10-15 21:45:52.993 27197 27197 I FenixApplication: AutoPushFeature is configured, initializing it...
10-15 21:45:52.997 27197 27197 I AbstractFirebasePushService: start
10-15 21:45:53.020 27197 27225 I libglean_ffi: glean_core::core: Upload enabled: true
10-15 21:45:53.026 27197 27208 I zygote64: Background concurrent copying GC freed 20042(1090KB) AllocSpace objects, 10(200KB) LOS objects, 49% free, 3MB/6MB, paused 1.705ms total 141.250ms
10-15 21:45:53.044  3957 12007 D SamsungAlarmManager: setExact Intent (T:0/F:1/AC:false) 20331012T214553 - CU:10169/CP:27197
10-15 21:45:53.048  3957  4129 D WifiStateMachine:  ConnectedState !RSSI_PKTCNT_FETCH uid=1000 rt=401142197/1061540425 0 0 "ourhome" f4:6d:2f:12:cc:88 rssi=-39 f=5240 sc=60 link=433 tx=0.1, 0.0, 0.0  rx=3.5 bcn=42555 [on:0 tx:0 rx:0 period:552] from screen [on:-3047802 period:4707898] score=60
10-15 21:45:53.050  3957  4129 D WifiStateMachine:  L2ConnectedState !RSSI_PKTCNT_FETCH uid=1000 rt=401142199/1061540426 0 0 "ourhome" f4:6d:2f:12:cc:88 rssi=-39 f=5240 sc=60 link=433 tx=0.1, 0.0, 0.0  rx=3.5 bcn=42555 [on:0 tx:0 rx:0 period:1] from screen [on:-3047802 period:4707899] score=60
10-15 21:45:53.055  3957  4129 D WifiStateMachine: fetchRssiLinkSpeedAndFrequencyNative rssi=-39 linkspeed=433 freq=5240
10-15 21:45:53.075  3957 12007 D ConnectivityService: filterNetworkStateForUid() uid: 10169 networkInfo: [type: WIFI[] - WIFI, state: CONNECTED/CONNECTED, reason: (unspecified), extra: "ourhome", failover: false, available: true, roaming: false, metered: false]
10-15 21:45:53.076  3957 12007 D WifiService: getConnectionInfo uid=1000
10-15 21:45:53.086 27197 27267 I push::internal::communications::rate_limiter: No need to reset inner timestamp and count for verify_connection.
10-15 21:45:53.093  3957  5413 D PackageManager: setEnabledSetting : userId = 0 packageName = org.mozilla.fenix cmp = androidx.work.impl.background.systemalarm.RescheduleReceiver newState = 1 callingPackage = 10169/org.mozilla.fenix
10-15 21:45:53.102  3957  3966 I zygote64: NativeAllocBackground concurrent copying GC freed 423742(17MB) AllocSpace objects, 147(2MB) LOS objects, 36% free, 41MB/65MB, paused 547us total 182.182ms
10-15 21:45:53.105 27197 27267 I push::internal::communications::rate_limiter: Not allowed: count(15) > 1 for verify_connection.
10-15 21:45:53.106  3957 12007 D StorageManagerService: getExternalStorageMountMode : 1
10-15 21:45:53.106  3957 12007 D StorageManagerService: getExternalStorageMountMode : 3
10-15 21:45:53.106 27197 27267 I AutoPushFeature: No change to subscriptions. Doing nothing.
10-15 21:45:53.106  3957 12007 D StorageManagerService: getExternalStorageMountMode : final mountMode=1, uid : 10169, packageName : org.mozilla.fenix
10-15 21:45:53.107  3957 12007 I ApplicationPolicy: isApplicationExternalStorageWhitelisted:org.mozilla.fenix user:0
10-15 21:45:53.107  3957 12007 D ApplicationPolicy: isApplicationExternalStorageWhitelisted: DO is not enabled on user 0. Allowed.
10-15 21:45:53.107  3957 12007 D ActivityManager: package  org.mozilla.fenix, user - 0 is SDcard whitelisted
10-15 21:45:53.107  3957 12007 I ApplicationPolicy: isApplicationExternalStorageBlacklisted:org.mozilla.fenix user:0
10-15 21:45:53.107  3957 12007 D ApplicationPolicy: isApplicationExternalStorageBlacklisted: DO is not enabled on user 0. Allowed.
10-15 21:45:53.129  3957 12007 I ActivityManager: Start proc 27277:org.mozilla.fenix:tab5/u0a169 for service org.mozilla.fenix/org.mozilla.gecko.process.GeckoChildProcessServices$tab5
10-15 21:45:53.130  3957  4460 D ConnectivityService: filterNetworkStateForUid() uid: 10169 networkInfo: [type: WIFI[] - WIFI, state: CONNECTED/CONNECTED, reason: (unspecified), extra: "ourhome", failover: false, available: true, roaming: false, metered: false]
10-15 21:45:53.130  3957  4460 D WifiService: getConnectionInfo uid=1000
10-15 21:45:53.131 27277 27277 E Zygote  : isWhitelistProcess - Process is Whitelisted
10-15 21:45:53.132 27277 27277 E libpersona: scanKnoxPersonas
10-15 21:45:53.132 27277 27277 E libpersona: Couldn't open the File - /data/system/users/0/personalist.xml - No such file or directory
10-15 21:45:53.134 27277 27277 W SELinux : SELinux selinux_android_compute_policy_index : Policy Index[2],  Con:u:r:zygote:s0 RAM:SEPF_SM-J720F_8.0.0_0002, [-1 -1 -1 -1 0 1]
10-15 21:45:53.134 27277 27277 I SELinux : SELinux: seapp_context_lookup: seinfo=untrusted, level=s0:c512,c768, pkgname=org.mozilla.fenix:tab5 
10-15 21:45:53.140  3957  4460 D ConnectivityService: filterNetworkStateForUid() uid: 10169 networkInfo: [type: WIFI[] - WIFI, state: CONNECTED/CONNECTED, reason: (unspecified), extra: "ourhome", failover: false, available: true, roaming: false, metered: false]
10-15 21:45:53.140  3957  4460 D WifiService: getConnectionInfo uid=1000
10-15 21:45:53.143  3957  4460 D ConnectivityService: filterNetworkStateForUid() uid: 10169 networkInfo: [type: WIFI[] - WIFI, state: CONNECTED/CONNECTED, reason: (unspecified), extra: "ourhome", failover: false, available: true, roaming: false, metered: false]
10-15 21:45:53.143  3957  4460 D WifiService: getConnectionInfo uid=1000
10-15 21:45:53.146 27197 27197 I NavController: Ignoring popBackStack to destination org.mozilla.fenix:id/browserFragment as it was not found on the current back stack
10-15 21:45:53.147 27197 27273 D ConnectivityManager: requestNetwork; CallingUid : 10169, CallingPid : 27197
10-15 21:45:53.151  3957  5413 D ConnectivityService: requestNetwork for uid/pid:10169/27197 NetworkRequest [ TRACK_DEFAULT id=1092, [ Capabilities: INTERNET&NOT_RESTRICTED&TRUSTED&NOT_VPN] ]
10-15 21:45:53.152  3957  4157 D ConnectivityService: rematching NetworkAgentInfo [WIFI () - 507]
10-15 21:45:53.152  3957  4157 D ConnectivityService:  network has: [ Transports: WIFI Capabilities: NOT_METERED&INTERNET&NOT_RESTRICTED&TRUSTED&NOT_VPN&VALIDATED&FOREGROUND LinkUpBandwidth>=1048576Kbps LinkDnBandwidth>=1048576Kbps SignalStrength: -50]
10-15 21:45:53.152  3957  4157 D ConnectivityService: Network NetworkAgentInfo [WIFI () - 507] was already satisfying request 1066. No change.
10-15 21:45:53.152  3957  4157 D ConnectivityService:   checking if request is satisfied: NetworkRequest [ TRACK_DEFAULT id=1092, [ Capabilities: INTERNET&NOT_RESTRICTED&TRUSTED&NOT_VPN] ]
10-15 21:45:53.152  3957  4157 D ConnectivityService: currentScore = 0, newScore = 100
10-15 21:45:53.152  3957  4157 D ConnectivityService: rematch for NetworkAgentInfo [WIFI () - 507]
10-15 21:45:53.152  3957  4157 D ConnectivityService:    accepting network in place of null
10-15 21:45:53.152  3957  4157 D ConnectivityService: sending new Min Network Score(100): NetworkRequest [ TRACK_DEFAULT id=1092, [ Capabilities: INTERNET&NOT_RESTRICTED&TRUSTED&NOT_VPN] ]
10-15 21:45:53.153  3957  4313 D Ethernet: got request NetworkRequest [ TRACK_DEFAULT id=1092, [ Capabilities: INTERNET&NOT_RESTRICTED&TRUSTED&NOT_VPN] ] with score 100
10-15 21:45:53.153  3957  4313 D Ethernet:   my score=-1, my filter=[ Transports: ETHERNET Capabilities: INTERNET&NOT_RESTRICTED&TRUSTED&NOT_VPN LinkUpBandwidth>=100000Kbps LinkDnBandwidth>=100000Kbps]
10-15 21:45:53.153  3957  4313 D Ethernet: evalRequest
10-15 21:45:53.153  3957  4313 D Ethernet:   done
10-15 21:45:53.153  3957  4129 D WIFI    : got request NetworkRequest [ TRACK_DEFAULT id=1092, [ Capabilities: INTERNET&NOT_RESTRICTED&TRUSTED&NOT_VPN] ] with score 100
10-15 21:45:53.153  3957  4153 D WIFI_P2P: got request NetworkRequest [ TRACK_DEFAULT id=1092, [ Capabilities: INTERNET&NOT_RESTRICTED&TRUSTED&NOT_VPN] ] with score 100
10-15 21:45:53.153  4616  4616 D PhoneSwitcherNetworkRequstListener: got request NetworkRequest [ TRACK_DEFAULT id=1092, [ Capabilities: INTERNET&NOT_RESTRICTED&TRUSTED&NOT_VPN] ] with score 100
10-15 21:45:53.153  3957  4157 D ConnectivityService: MultiNetwork Request(TransportType - Wi-Fi request). Internet Capability doesn't required (false)
10-15 21:45:53.154  3957  4129 D WIFI    :   my score=60, my filter=[ Transports: WIFI Capabilities: NOT_METERED&INTERNET&NOT_RESTRICTED&TRUSTED&NOT_VPN LinkUpBandwidth>=1048576Kbps LinkDnBandwidth>=1048576Kbps]
10-15 21:45:53.154  3957  4129 D WIFI    : evalRequest
10-15 21:45:53.154  3957  4129 D WIFI    :   done
10-15 21:45:53.154  3957  4157 D ConnectivityService: Network NetworkAgentInfo [WIFI () - 507] was already satisfying request 1. No change.
10-15 21:45:53.154  3957  4153 D WIFI_P2P:   my score=60, my filter=[ Transports: WIFI Capabilities: WIFI_P2P&NOT_RESTRICTED&TRUSTED&NOT_VPN LinkUpBandwidth>=1048576Kbps LinkDnBandwidth>=1048576Kbps]
10-15 21:45:53.154  3957  4129 D WIFI_UT : got request NetworkRequest [ TRACK_DEFAULT id=1092, [ Capabilities: INTERNET&NOT_RESTRICTED&TRUSTED&NOT_VPN] ] with score 100
10-15 21:45:53.154  3957  4157 D ConnectivityService: Network NetworkAgentInfo [WIFI () - 507] was already satisfying request 3. No change.
10-15 21:45:53.154  3957  4153 D WIFI_P2P: evalRequest
10-15 21:45:53.154  3957  4153 D WIFI_P2P:   done
10-15 21:45:53.154  3957  4129 D WIFI_UT :   my score=2147483647, my filter=[ Transports: WIFI Capabilities: NOT_METERED&INTERNET&NOT_RESTRICTED&TRUSTED&NOT_VPN LinkUpBandwidth>=1048576Kbps LinkDnBandwidth>=1048576Kbps]
10-15 21:45:53.154  3957  4129 D WIFI_UT : evalRequest
10-15 21:45:53.154  3957  4129 D WIFI_UT :   needNetworkFor
10-15 21:45:53.154  3957  4157 D ConnectivityService: sending notification AVAILABLE for NetworkRequest [ TRACK_DEFAULT id=1092, [ Capabilities: INTERNET&NOT_RESTRICTED&TRUSTED&NOT_VPN] ]
10-15 21:45:53.154  4616  4616 D PhoneSwitcherNetworkRequstListener:   my score=101, my filter=[ Transports: CELLULAR Capabilities: MMS&SUPL&DUN&FOTA&IMS&CBS&IA&RCS&XCAP&EIMS&INTERNET&NOT_RESTRICTED&TRUSTED&NOT_VPN&ENT1 Specifier: <android.net.MatchAllNetworkSpecifier@0>]
10-15 21:45:53.154  4616  4616 D PhoneSwitcherNetworkRequstListener: evalRequest
10-15 21:45:53.154  4616  4616 D PhoneSwitcherNetworkRequstListener:   needNetworkFor
10-15 21:45:53.154  3957  4157 D ConnectivityService: sending notification CAP_CHANGED for NetworkRequest [ TRACK_DEFAULT id=1092, [ Capabilities: INTERNET&NOT_RESTRICTED&TRUSTED&NOT_VPN] ]
10-15 21:45:53.154  3957  4157 D ConnectivityService: sending notification IP_CHANGED for NetworkRequest [ TRACK_DEFAULT id=1092, [ Capabilities: INTERNET&NOT_RESTRICTED&TRUSTED&NOT_VPN] ]
10-15 21:45:53.155  3957  4460 D ConnectivityService: filterNetworkStateForUid() uid: 10169 networkInfo: [type: WIFI[] - WIFI, state: CONNECTED/CONNECTED, reason: (unspecified), extra: "ourhome", failover: false, available: true, roaming: false, metered: false]
10-15 21:45:53.155  3957  4460 D WifiService: getConnectionInfo uid=1000
10-15 21:45:53.157  3957  5413 D ConnectivityService: filterNetworkStateForUid() uid: 10169 networkInfo: [type: WIFI[] - WIFI, state: CONNECTED/CONNECTED, reason: (unspecified), extra: "ourhome", failover: false, available: true, roaming: false, metered: false]
10-15 21:45:53.157  3957  5413 D WifiService: getConnectionInfo uid=1000
10-15 21:45:53.161 27277 27277 D TimaKeyStoreProvider: TimaKeyStore is not enabled: cannot add TimaSignature Service and generateKeyPair Service
10-15 21:45:53.163 27277 27277 D ActivityThread: Added TimaKeyStore provider
10-15 21:45:53.165  3957  4460 I ActivityManager: DSS on for org.mozilla.fenix and scale is 1.0
10-15 21:45:53.185 27277 27277 I zygote64: no shared libraies, dex_files: 1
10-15 21:45:53.188 27197 27197 I ContileTopSitesUpdater: Started periodic work to update Contile top sites
10-15 21:45:53.207  3328  3328 W keymaster2_mdfpp: entered get_key_characteristics function.
10-15 21:45:53.215  3328  3328 W keymaster_tee: [WRN]KEY_PARAMS: AES ENC DEC GCM PADNO AUTH SIZE:256 
10-15 21:45:53.216  3328  3328 W keymaster_tee: [WRN]KEY_PARAMS: 20230928203226 
10-15 21:45:53.216  3328  3328 W keymaster2_mdfpp: exit get_key_characteristics function, returned 0
10-15 21:45:53.223  3328  3328 W keymaster2_mdfpp: entered get_key_characteristics function.
10-15 21:45:53.224  3328  3328 W keymaster_tee: [WRN]KEY_PARAMS: AES ENC DEC GCM PADNO AUTH SIZE:256 
10-15 21:45:53.224  3328  3328 W keymaster_tee: [WRN]KEY_PARAMS: 20230928203226 
10-15 21:45:53.224  3328  3328 W keymaster2_mdfpp: exit get_key_characteristics function, returned 0
10-15 21:45:53.228  3328  3328 W keymaster2_mdfpp: entered get_key_characteristics function.
10-15 21:45:53.229  3328  3328 W keymaster_tee: [WRN]KEY_PARAMS: AES ENC DEC GCM PADNO AUTH SIZE:256 
10-15 21:45:53.229  3328  3328 W keymaster_tee: [WRN]KEY_PARAMS: 20230928203226 
10-15 21:45:53.229  3328  3328 W keymaster2_mdfpp: exit get_key_characteristics function, returned 0
10-15 21:45:53.238  3328  3328 W keymaster2_mdfpp: entered get_key_characteristics function.
10-15 21:45:53.239  3328  3328 W keymaster_tee: [WRN]KEY_PARAMS: AES ENC DEC GCM PADNO AUTH SIZE:256 
10-15 21:45:53.239  3328  3328 W keymaster_tee: [WRN]KEY_PARAMS: 20230928203226 
10-15 21:45:53.239  3328  3328 W keymaster2_mdfpp: exit get_key_characteristics function, returned 0
10-15 21:45:53.241  3328  3328 W keymaster2_mdfpp: entered begin function.
10-15 21:45:53.243  3328  3328 W keymaster2_mdfpp: exit begin function, returned 0
10-15 21:45:53.248  3328  3328 W keymaster2_mdfpp: entered update function.
10-15 21:45:53.248  3957  4128 D WifiService: getConnectionInfo uid=1000
10-15 21:45:53.249  3328  3328 W keymaster2_mdfpp: exit update function, returned 0
10-15 21:45:53.250  3328  3328 W keymaster2_mdfpp: entered finish function.
10-15 21:45:53.250  3328  3328 W keymaster2_mdfpp: exit finish function, returned 0
10-15 21:45:53.251  3589  3589 W keystore: ENTER remove operation from uid 10169
10-15 21:45:53.275 27197 27237 W logins::schema: user_version: 2
10-15 21:45:53.276 27277 27277 I ServiceChildProcess: onCreate
10-15 21:45:53.278 27277 27311 I GeckoThread: preparing to run Gecko
10-15 21:45:53.315 12416 12416 E adbd    : recv: OPEN 00000787 00000000 0076:73 68 65 6C 6C 2C 76 32 2C 54 45 52 4D 3D 78 74 65 72 6D 2D 32 35 36 63 6F 6C 6F 72 2C 72 61 77 3A 64 75 6D 70 73 79 73 20 61 63 74 69 76 69 74 79 20 72 65 63 65 6E 74 73 20 7C 20 67 72 65 70 20 22 52 65 63 65 6E 74 20 23 30 22 20 7C 20 63 75 74 20 2D 64 20 22 3D 22 20 2D 66 32 20 7C 20 67 72 65 70 20 2D 6F 20 2D 70 20 22 5B 61 2D 7A 7C 2E 5D 2A 22 00 
10-15 21:45:53.315 12416 12416 E adbd    : service_to_fd: shell,v2,TERM=xterm-256color,raw:dumpsys activity recents | grep "Recent #0" | cut -d "=" -f2 | grep -o -p "[a-z|.]*"
10-15 21:45:53.364 27197 27226 W ResourceType: Too many attribute references, stopped at: 0x01010099
10-15 21:45:53.366 27197 27197 W GeckoViewActivityContextDelegate: A non-activity context was set.
10-15 21:45:53.379  3957  4460 D ConnectivityService: filterNetworkStateForUid() uid: 10169 networkInfo: [type: WIFI[] - WIFI, state: CONNECTED/CONNECTED, reason: (unspecified), extra: "ourhome", failover: false, available: true, roaming: false, metered: false]
10-15 21:45:53.379  3957  4460 D WifiService: getConnectionInfo uid=1000
10-15 21:45:53.379  4961  4961 D io_stats: !@ 179,0 r 5184121 160327112 w 1280037 27841832 d 100630 31547796 f 297909 314364 iot 2306108 2041153 th 51200 0 0 pt 0 inp 0 0 401142.530
10-15 21:45:53.380  3957  4460 D ConnectivityService: filterNetworkStateForUid() uid: 10169 networkInfo: [type: WIFI[] - WIFI, state: CONNECTED/CONNECTED, reason: (unspecified), extra: "ourhome", failover: false, available: true, roaming: false, metered: false]
10-15 21:45:53.380  3957  4460 D WifiService: getConnectionInfo uid=1000
10-15 21:45:53.381 12416 12416 E adbd    : recv: OPEN 0000078b 00000000 0042:73 68 65 6C 6C 2C 76 32 2C 54 45 52 4D 3D 78 74 65 72 6D 2D 32 35 36 63 6F 6C 6F 72 2C 72 61 77 3A 67 65 74 70 72 6F 70 20 72 6F 2E 62 75 69 6C 64 2E 76 65 72 73 69 6F 6E 2E 72 65 6C 65 61 73 65 00 
10-15 21:45:53.381  3957  4460 D ConnectivityService: filterNetworkStateForUid() uid: 10169 networkInfo: [type: WIFI[] - WIFI, state: CONNECTED/CONNECTED, reason: (unspecified), extra: "ourhome", failover: false, available: true, roaming: false, metered: false]
10-15 21:45:53.381  3957  4460 D WifiService: getConnectionInfo uid=1000
10-15 21:45:53.381 12416 12416 E adbd    : service_to_fd: shell,v2,TERM=xterm-256color,raw:getprop ro.build.version.release
10-15 21:45:53.391 27197 27197 I BgSyncManager: Periodic syncing enabled: PeriodicSyncConfig(periodMinutes=240, initialDelayMinutes=5)
10-15 21:45:53.391 27197 27197 I FirefoxAccountStateMachine: Sync is enabled
10-15 21:45:53.393 27197 27249 I StartupTypeTelemetry: Recorded start up: cold_main
10-15 21:45:53.422 27197 27353 D OpenGLRenderer: HWUI GL Pipeline
10-15 21:45:53.427  3957  4460 D StorageManagerService: getExternalStorageMountMode : 1
10-15 21:45:53.427  3957  4460 D StorageManagerService: getExternalStorageMountMode : 3
10-15 21:45:53.427  3957  4460 D StorageManagerService: getExternalStorageMountMode : final mountMode=1, uid : 10169, packageName : org.mozilla.fenix
10-15 21:45:53.428  3957  4460 I ApplicationPolicy: isApplicationExternalStorageWhitelisted:org.mozilla.fenix user:0
10-15 21:45:53.428  3957  4460 D ApplicationPolicy: isApplicationExternalStorageWhitelisted: DO is not enabled on user 0. Allowed.
10-15 21:45:53.428  3957  4460 D ActivityManager: package  org.mozilla.fenix, user - 0 is SDcard whitelisted
10-15 21:45:53.428  3957  4460 I ApplicationPolicy: isApplicationExternalStorageBlacklisted:org.mozilla.fenix user:0
10-15 21:45:53.428  3957  4460 D ApplicationPolicy: isApplicationExternalStorageBlacklisted: DO is not enabled on user 0. Allowed.
10-15 21:45:53.428 27197 27197 D ViewRootImpl@26dab7c[App]: setView = DecorView@409768b[App] TM=true MM=false
10-15 21:45:53.438 12416 12416 E adbd    : recv: OPEN 0000078f 00000000 003e:73 68 65 6C 6C 2C 76 32 2C 54 45 52 4D 3D 78 74 65 72 6D 2D 32 35 36 63 6F 6C 6F 72 2C 72 61 77 3A 67 65 74 70 72 6F 70 20 72 6F 2E 62 75 69 6C 64 2E 76 65 72 73 69 6F 6E 2E 73 64 6B 00 
10-15 21:45:53.438 12416 12416 E adbd    : service_to_fd: shell,v2,TERM=xterm-256color,raw:getprop ro.build.version.sdk
10-15 21:45:53.439  3957  4460 I ActivityManager: Start proc 27356:org.mozilla.fenix:gpu/u0a169 for service org.mozilla.fenix/org.mozilla.gecko.process.GeckoChildProcessServices$gpu
10-15 21:45:53.439  3957  5413 D ActivityManager: post active user change for 0 fullscreen true isHomeActivity() false
10-15 21:45:53.440 27197 27197 I Choreographer: Skipped 58 frames!  The application may be doing too much work on its main thread.
10-15 21:45:53.441 27356 27356 E Zygote  : isWhitelistProcess - Process is Whitelisted
10-15 21:45:53.442 27356 27356 E libpersona: scanKnoxPersonas
10-15 21:45:53.442 27356 27356 E libpersona: Couldn't open the File - /data/system/users/0/personalist.xml - No such file or directory
10-15 21:45:53.444 27197 27197 D ViewRootImpl@26dab7c[App]: dispatchAttachedToWindow
10-15 21:45:53.445 27356 27356 W SELinux : SELinux selinux_android_compute_policy_index : Policy Index[2],  Con:u:r:zygote:s0 RAM:SEPF_SM-J720F_8.0.0_0002, [-1 -1 -1 -1 0 1]
10-15 21:45:53.446 27356 27356 I SELinux : SELinux: seapp_context_lookup: seinfo=untrusted, level=s0:c512,c768, pkgname=org.mozilla.fenix:gpu 
10-15 21:45:53.450 27197 27226 W linker  : "/data/app/org.mozilla.fenix-iWpGOrf8cry6RDpwHyQugA==/lib/arm64/libsoftokn3.so" unused DT entry: type 0x8000024 arg 0x2580
10-15 21:45:53.450 27197 27226 W linker  : "/data/app/org.mozilla.fenix-iWpGOrf8cry6RDpwHyQugA==/lib/arm64/libsoftokn3.so" unused DT entry: type 0x8000023 arg 0x70
10-15 21:45:53.450 27197 27226 W linker  : "/data/app/org.mozilla.fenix-iWpGOrf8cry6RDpwHyQugA==/lib/arm64/libsoftokn3.so" unused DT entry: type 0x8000025 arg 0x8
10-15 21:45:53.455 27197 27226 W linker  : "/data/app/org.mozilla.fenix-iWpGOrf8cry6RDpwHyQugA==/lib/arm64/libfreebl3.so" unused DT entry: type 0x8000024 arg 0xe78
10-15 21:45:53.455 27197 27226 W linker  : "/data/app/org.mozilla.fenix-iWpGOrf8cry6RDpwHyQugA==/lib/arm64/libfreebl3.so" unused DT entry: type 0x8000023 arg 0x68
10-15 21:45:53.455  3957  5413 V WindowManager: Relayout Window{c430bd9 u0 org.mozilla.fenix/org.mozilla.fenix.App}: viewVisibility=0 req=719x1237 WM.LayoutParams{(0,0)(fillxfill) sim=#110 ty=1 fl=#81010100 pfl=0x20000 wanim=0x7f1404fa vsysui=0x2610 needsMenuKey=2 colorMode=0 naviIconColor=0}
10-15 21:45:53.455 27197 27226 W linker  : "/data/app/org.mozilla.fenix-iWpGOrf8cry6RDpwHyQugA==/lib/arm64/libfreebl3.so" unused DT entry: type 0x8000025 arg 0x8
10-15 21:45:53.461  3447  3447 I SurfaceFlinger: id=1689 createSurf (720x1280),1 flag=404, org.mozilla.fenix/org.mozilla.fenix.App#0
10-15 21:45:53.462  3957  5413 V Surface : sf_framedrop debug : 0x4f4c, game : false, logging : 0
10-15 21:45:53.462  3957  3973 D WindowManager: set systemUiVisibility : systemUiFlags= 0x2608 fullscreenStackSysUiFlags= 0x0
10-15 21:45:53.465  3957  5413 D InputDispatcher: Focus entered window: 27197
10-15 21:45:53.467 27197 27197 V Surface : sf_framedrop debug : 0x4f4c, game : false, logging : 0
10-15 21:45:53.467  3957 12585 D WindowManager: adjustSystemUiVisibilityLw : vis= 0x2608
10-15 21:45:53.467 27197 27197 D ViewRootImpl@26dab7c[App]: Relayout returned: old=[0,0][0,0] new=[0,0][720,1280] result=0x7 surface={valid=true 499300528128} changed=true
10-15 21:45:53.468 27197 27353 I OpenGLRenderer: Initialized EGL, version 1.4
10-15 21:45:53.468 27197 27353 D OpenGLRenderer: Swap behavior 2
10-15 21:45:53.470 27197 27353 D libGLESv1: STS_GLApi : DTS, ODTC are not allowed for Package : org.mozilla.fenix
10-15 21:45:53.471 27197 27353 D mali_winsys: EGLint new_window_surface(egl_winsys_display *, void *, EGLSurface, EGLConfig, egl_winsys_surface **, egl_color_buffer_format *, EGLBoolean) returns 0x3000,  [720x1280]-format:1
10-15 21:45:53.471 27197 27353 D OpenGLRenderer: eglCreateWindowSurface = 0x743c7ddd80
10-15 21:45:53.472 27356 27356 D TimaKeyStoreProvider: TimaKeyStore is not enabled: cannot add TimaSignature Service and generateKeyPair Service
10-15 21:45:53.472 27356 27356 D ActivityThread: Added TimaKeyStore provider
10-15 21:45:53.473  3447  3447 I SurfaceFlinger: id=1690 createSurf (720x1238),1 flag=4, SurfaceView - org.mozilla.fenix/org.mozilla.fenix.App@e7e20b0@0#0
10-15 21:45:53.474  3447  3447 I SurfaceFlinger: id=1691 createSurf (720x1238),-1 flag=20004, Background for - SurfaceView - org.mozilla.fenix/org.mozilla.fenix.App@e7e20b0@0#0
10-15 21:45:53.475 27197 27197 D SurfaceView: BG hide() Surface(name=Background for - SurfaceView - org.mozilla.fenix/org.mozilla.fenix.App@e7e20b0@0) false true org.mozilla.gecko.MagnifiableSurfaceView{e7e20b0 V.E...... ......ID 0,0-720,1238}
10-15 21:45:53.475  3957  5413 I ActivityManager: DSS on for org.mozilla.fenix and scale is 1.0
10-15 21:45:53.482 27197 27319 W linker  : "/data/app/org.mozilla.fenix-iWpGOrf8cry6RDpwHyQugA==/lib/arm64/libnssckbi.so" unused DT entry: type 0x8000024 arg 0xc08
10-15 21:45:53.482 27197 27319 W linker  : "/data/app/org.mozilla.fenix-iWpGOrf8cry6RDpwHyQugA==/lib/arm64/libnssckbi.so" unused DT entry: type 0x8000023 arg 0x258
10-15 21:45:53.482 27197 27319 W linker  : "/data/app/org.mozilla.fenix-iWpGOrf8cry6RDpwHyQugA==/lib/arm64/libnssckbi.so" unused DT entry: type 0x8000025 arg 0x8
10-15 21:45:53.487 27197 27197 V Surface : sf_framedrop debug : 0x4f4c, game : false, logging : 0
10-15 21:45:53.489 27197 27197 D SurfaceView: surfaceCreated 1 org.mozilla.gecko.MagnifiableSurfaceView{e7e20b0 V.E...... ......ID 0,0-720,1238}
10-15 21:45:53.489 27197 27197 D SurfaceView: surfaceChanged (720,1238) 1 org.mozilla.gecko.MagnifiableSurfaceView{e7e20b0 V.E...... ......ID 0,0-720,1238}
10-15 21:45:53.494 12416 12416 E adbd    : recv: OPEN 00000793 00000000 0042:73 68 65 6C 6C 2C 76 32 2C 54 45 52 4D 3D 78 74 65 72 6D 2D 32 35 36 63 6F 6C 6F 72 2C 72 61 77 3A 67 65 74 70 72 6F 70 20 72 6F 2E 62 75 69 6C 64 2E 76 65 72 73 69 6F 6E 2E 72 65 6C 65 61 73 65 00 
10-15 21:45:53.494 12416 12416 E adbd    : service_to_fd: shell,v2,TERM=xterm-256color,raw:getprop ro.build.version.release
10-15 21:45:53.496 27356 27356 I zygote64: no shared libraies, dex_files: 1
10-15 21:45:53.496 27197 27225 I libglean_ffi: glean_core::ping: Collecting baseline
10-15 21:45:53.500  3957  5413 D ConnectivityService: filterNetworkStateForUid() uid: 10169 networkInfo: [type: WIFI[] - WIFI, state: CONNECTED/CONNECTED, reason: (unspecified), extra: "ourhome", failover: false, available: true, roaming: false, metered: false]
10-15 21:45:53.501  3957  5413 D WifiService: getConnectionInfo uid=1000
10-15 21:45:53.515 27197 27225 I libglean_ffi: glean_core::upload::directory: Processing ping at: /data/user/0/org.mozilla.fenix/glean_data/pending_pings/d8d2ed6d-08cd-4e6d-ad49-7612ab871aaf
10-15 21:45:53.517 27197 27225 I libglean_ffi: glean_core::metrics::ping: The ping 'baseline' was submitted and will be sent as soon as possible
10-15 21:45:53.541 12416 12416 E adbd    : recv: OPEN 00000797 00000000 003e:73 68 65 6C 6C 2C 76 32 2C 54 45 52 4D 3D 78 74 65 72 6D 2D 32 35 36 63 6F 6C 6F 72 2C 72 61 77 3A 67 65 74 70 72 6F 70 20 72 6F 2E 62 75 69 6C 64 2E 76 65 72 73 69 6F 6E 2E 73 64 6B 00 
10-15 21:45:53.541 12416 12416 E adbd    : service_to_fd: shell,v2,TERM=xterm-256color,raw:getprop ro.build.version.sdk
10-15 21:45:53.551  3957  5413 D ConnectivityService: filterNetworkStateForUid() uid: 10169 networkInfo: [type: WIFI[] - WIFI, state: CONNECTED/CONNECTED, reason: (unspecified), extra: "ourhome", failover: false, available: true, roaming: false, metered: false]
10-15 21:45:53.551  3957  5413 D WifiService: getConnectionInfo uid=1000
10-15 21:45:53.564  3599  3918 D DnsProxyListener: DNSDBG::dns addrinfo af 0
10-15 21:45:53.565  3599  3918 D DnsProxyListener: DNSDBG::dns addrinfo af 0
10-15 21:45:53.566 27356 27356 I ServiceChildProcess: onCreate
10-15 21:45:53.567 27356 27389 I GeckoThread: preparing to run Gecko
10-15 21:45:53.572  3599  3918 D DnsProxyListener: DNSDBG::dns addrinfo af 0
10-15 21:45:53.588 12416 12416 E adbd    : recv: OPEN 0000079b 00000000 015d:73 68 65 6C 6C 2C 76 32 2C 54 45 52 4D 3D 78 74 65 72 6D 2D 32 35 36 63 6F 6C 6F 72 2C 72 61 77 3A 61 6D 20 73 74 61 72 74 2D 66 6F 72 65 67 72 6F 75 6E 64 2D 73 65 72 76 69 63 65 20 2D 6E 20 22 63 6F 6D 2E 65 78 61 6D 70 6C 65 2E 62 61 74 74 65 72 79 6D 61 6E 61 67 65 72 5F 75 74 69 6C 69 74 79 2F 63 6F 6D 2E 65 78 61 6D 70 6C 65 2E 62 61 74 74 65 72 79 6D 61 6E 61 67 65 72 5F 75 74 69 6C 69 74 79 2E 44 61 74 61 43 6F 6C 6C 65 63 74 69 6F 6E 53 65 72 76 69 63 65 22 20 2D 2D 65 69 20 73 61 6D 70 6C 65 52 61 74 65 20 31 30 30 20 2D 2D 65 73 20 22 64 61 74 61 46 69 65 6C 64 73 22 20 22 42 41 54 54 45 52 59 5F 50 52 4F 50 45 52 54 59 5F 43 55 52 52 45 4E 54 5F 4E 4F 57 2C 45 58 54 52 41 5F 56 4F 4C 54 41 47 45 2C 42 41 54 54 45 52 59 5F 50 52 4F 50 45 52 54 59 5F 43 55 52 52 45 4E 54 5F 41 56 45 52 41 47 45 2C 42 41 54 54 45 52 59 5F 50 52 4F 50 45 52 54 59 5F 43 48 41 52 47 45 5F 43 4F 55 4E 54 45 52 2C 42 41 54 54 45 52 59 5F 50 52 4F 50 45 52 54 59 5F 43 41 50 41 43 49 54 59
10-15 21:45:53.588 12416 12416 E adbd    : service_to_fd: shell,v2,TERM=xterm-256color,raw:am start-foreground-service -n "com.example.batterymanager_utility/com.example.batterymanager_utility.DataCollectionService" --ei sampleRate 100 --es "dataFields" "BATTERY_PROPERTY_CURRENT_NOW,EXTRA_VOLTAGE,BATTERY_PROPERTY_CURRENT_AVERAGE,BATTERY_PROPERTY_CHARGE_COUNTER,BATTERY_PROPERTY_CAPACITY" --ez toCSV false
10-15 21:45:53.592  3957 12585 D ConnectivityService: filterNetworkStateForUid() uid: 10169 networkInfo: [type: WIFI[] - WIFI, state: CONNECTED/CONNECTED, reason: (unspecified), extra: "ourhome", failover: false, available: true, roaming: false, metered: false]
10-15 21:45:53.592  3957 12585 D WifiService: getConnectionInfo uid=1000
10-15 21:45:53.593  3957 12585 D ConnectivityService: filterNetworkStateForUid() uid: 10169 networkInfo: [type: WIFI[] - WIFI, state: CONNECTED/CONNECTED, reason: (unspecified), extra: "ourhome", failover: false, available: true, roaming: false, metered: false]
10-15 21:45:53.594  3957 12585 D WifiService: getConnectionInfo uid=1000
10-15 21:45:53.594  3957  4460 D ConnectivityService: filterNetworkStateForUid() uid: 10169 networkInfo: [type: WIFI[] - WIFI, state: CONNECTED/CONNECTED, reason: (unspecified), extra: "ourhome", failover: false, available: true, roaming: false, metered: false]
10-15 21:45:53.594  3957  4460 D WifiService: getConnectionInfo uid=1000
10-15 21:45:53.603 27197 27396 I FirefoxAccountStateMachine: Processing event 'mozilla.components.service.fxa.manager.Event$Account$Start@b89ced4' for state Idle(accountState=NotAuthenticated). Next state is Active(progressState=Initializing)
10-15 21:45:53.604  3957 12585 V WindowManager: Relayout Window{c430bd9 u0 org.mozilla.fenix/org.mozilla.fenix.App}: viewVisibility=0 req=720x1280 WM.LayoutParams{(0,0)(fillxfill) sim=#110 ty=1 fl=#81010100 pfl=0x20000 fmt=-3 wanim=0x7f1404fa vsysui=0x2610 needsMenuKey=2 colorMode=0 naviIconColor=0}
10-15 21:45:53.608 27197 27197 D ViewRootImpl@26dab7c[App]: Relayout returned: old=[0,0][720,1280] new=[0,0][720,1280] result=0x3 surface={valid=true 499300528128} changed=false
10-15 21:45:53.620  3328  3328 W keymaster2_mdfpp: entered get_key_characteristics function.
10-15 21:45:53.622  3328  3328 W keymaster_tee: [WRN]KEY_PARAMS: AES ENC DEC GCM PADNO AUTH SIZE:256 
10-15 21:45:53.622  3328  3328 W keymaster_tee: [WRN]KEY_PARAMS: 20230928203226 
10-15 21:45:53.622  3328  3328 W keymaster2_mdfpp: exit get_key_characteristics function, returned 0
10-15 21:45:53.625  3328  3328 W keymaster2_mdfpp: entered get_key_characteristics function.
10-15 21:45:53.627  3328  3328 W keymaster_tee: [WRN]KEY_PARAMS: AES ENC DEC GCM PADNO AUTH SIZE:256 
10-15 21:45:53.627  3328  3328 W keymaster_tee: [WRN]KEY_PARAMS: 20230928203226 
10-15 21:45:53.627  3328  3328 W keymaster2_mdfpp: exit get_key_characteristics function, returned 0
10-15 21:45:53.648 27197 27396 I FirefoxAccount: Registering persistence callback
10-15 21:45:53.649 27197 27396 I FirefoxAccountStateMachine: Ran 'mozilla.components.service.fxa.manager.Event$Account$Start@b89ced4' side-effects for state Active(progressState=Initializing), got successive event mozilla.components.service.fxa.manager.Event$Progress$AccountNotFound@f809a35
10-15 21:45:53.649 27197 27396 I FirefoxAccountStateMachine: Processing event 'mozilla.components.service.fxa.manager.Event$Progress$AccountNotFound@f809a35' for state Active(progressState=Initializing). Next state is Idle(accountState=NotAuthenticated)
10-15 21:45:53.655  3957  4460 V WindowManager: finishDrawingLocked: mDrawState=COMMIT_DRAW_PENDING Window{c430bd9 u0 org.mozilla.fenix/org.mozilla.fenix.App} in Surface(name=org.mozilla.fenix/org.mozilla.fenix.App)
10-15 21:45:53.656  3957  4460 D ConnectivityService: filterNetworkStateForUid() uid: 10169 networkInfo: [type: WIFI[] - WIFI, state: CONNECTED/CONNECTED, reason: (unspecified), extra: "ourhome", failover: false, available: true, roaming: false, metered: false]
10-15 21:45:53.656  3957  4460 D WifiService: getConnectionInfo uid=1000
10-15 21:45:53.656  3957  4460 I chatty  : uid=1000(system) Binder:3957_4 identical 1 line
10-15 21:45:53.657  3957  4460 I chatty  : uid=1000(system) Binder:3957_4 identical 1 line
10-15 21:45:53.658  3957  4460 D ConnectivityService: filterNetworkStateForUid() uid: 10169 networkInfo: [type: WIFI[] - WIFI, state: CONNECTED/CONNECTED, reason: (unspecified), extra: "ourhome", failover: false, available: true, roaming: false, metered: false]
10-15 21:45:53.658  3957  4460 D WifiService: getConnectionInfo uid=1000
10-15 21:45:53.658  3599  3918 D DnsProxyListener: DNSDBG::dns addrinfo af 2
10-15 21:45:53.658  3599  3918 D DnsProxyListener: DNSDBG::dns addrinfo af 0
10-15 21:45:53.659  3599  3918 I chatty  : uid=0(root) /system/bin/netd identical 1 line
10-15 21:45:53.659  3599  3918 D DnsProxyListener: DNSDBG::dns addrinfo af 0
10-15 21:45:53.662 27197 27197 D ViewRootImpl@26dab7c[App]: MSG_RESIZED_REPORT: frame=Rect(0, 0 - 720, 1280) ci=Rect(0, 42 - 0, 0) vi=Rect(0, 42 - 0, 0) or=1
10-15 21:45:53.662 27152 27152 I BatteryMgr:DataCollectionService: onStartCommand: begin
10-15 21:45:53.663 27152 27152 I BatteryMgr:DataCollectionService: onStartCommand: sampleRate => 100
10-15 21:45:53.663 27152 27152 I BatteryMgr:DataCollectionService: onStartCommand: rawFields => Timestamp,BATTERY_PROPERTY_CURRENT_NOW,EXTRA_VOLTAGE,BATTERY_PROPERTY_CURRENT_AVERAGE,BATTERY_PROPERTY_CHARGE_COUNTER,BATTERY_PROPERTY_CAPACITY
10-15 21:45:53.663 27197 27197 D ViewRootImpl@26dab7c[App]: MSG_WINDOW_FOCUS_CHANGED 1
10-15 21:45:53.666  3957  4025 D ViewRootImpl@4f8f7cb[fenix]: dispatchDetachedFromWindow
10-15 21:45:53.666  3957  4025 D InputEventReceiver: channel 'b838ba8 Splash Screen org.mozilla.fenix (client)' ~ Disposing input event receiver.
10-15 21:45:53.666  3957  4025 D InputEventReceiver: channel 'b838ba8 Splash Screen org.mozilla.fenix (client)' ~NativeInputEventReceiver.
10-15 21:45:53.669 27152 27152 I BatteryMgr:DataCollectionService: onStartCommand: notification done
10-15 21:45:53.670  3957  3973 D WindowManager: set systemUiVisibility : systemUiFlags= 0x2618 fullscreenStackSysUiFlags= 0x0
10-15 21:45:53.671  3957  5413 D WindowManager: adjustSystemUiVisibilityLw : vis= 0x2618
10-15 21:45:53.673  3957  3981 I ActivityManager: Displayed org.mozilla.fenix/.App: +1s432ms
10-15 21:45:53.673 27152 27152 D Notification: allPendingIntents
10-15 21:45:53.675  3957  3981 D CustomFrequencyManagerService: acquireDVFSLockLocked : type : DVFS_MIN_LIMIT  frequency : 1560000  uid : 1000  pid : 3957  pkgName : AMS_RESUME_TAIL@CPU_MIN@58
10-15 21:45:53.675  3957  3981 D ActivityManagerPerformance: AMP_acquire() TAIL
10-15 21:45:53.676  3957  3981 D CustomFrequencyManagerService: releaseDVFSLockLocked : Getting Lock type frm List : DVFS_MIN_LIMIT  frequency : 1560000  uid : 1000  pid : 3957  tag : AMS_APP_SWITCH@CPU_MIN@52
10-15 21:45:53.676  3957  3981 D ActivityManagerPerformance: AMP_release() APP_SWITCH
10-15 21:45:53.676  3957  3973 D WindowManager: set systemUiVisibility : systemUiFlags= 0x2618 fullscreenStackSysUiFlags= 0x2000
10-15 21:45:53.677 27152 27152 I BatteryMgr:DataCollectionService: started foreground
10-15 21:45:53.678  3957  3972 D ApplicationPolicy: isStatusBarNotificationAllowedAsUser: packageName = com.example.batterymanager_utility,userId = 0
10-15 21:45:53.679 27197 27197 V InputMethodManager: Starting input: tba=android.view.inputmethod.EditorInfo@2bbfeca nm : org.mozilla.fenix ic=null
10-15 21:45:53.679 27197 27197 I InputMethodManager: startInputInner - mService.startInputOrWindowGainedFocus
10-15 21:45:53.679  3599  3918 D DnsProxyListener: DNSDBG::dns addrinfo af 0
10-15 21:45:53.679  3957  3972 D API test: getContainerInfo: value is 
10-15 21:45:53.679  3957  5413 D InputMethodManagerService: startInputOrWindowGainedFocus : windowGainedFocus 
10-15 21:45:53.680  3957  5413 D InputMethodManagerService: windowGainedFocus: destinationUserId (getCallingUid) = 0
10-15 21:45:53.680  3957  5413 D InputMethodManagerService: windowGainedFocus: currentUserId=0
10-15 21:45:53.680  3957  5413 D InputMethodManagerService: windowGainedFocus: mCurrentFocusedUserId=0
10-15 21:45:53.680  3957  5413 D InputMethodManagerService: windowGainedFocus : lock - currentUserId = 0 destinationUserId = 0
10-15 21:45:53.680  3957  5413 D InputMethodManagerService: windowGainedFocus : mCurrentFocusedUserId - 0 and mSecureKeypadEnabled - false, userSwitched - false
10-15 21:45:53.680  3957  5413 V InputMethodManagerService: windowGainedFocus : reason=WINDOW_FOCUS_GAIN client=android.os.BinderProxy@277f123 inputContext=null missingMethods= attribute=android.view.inputmethod.EditorInfo@4c2664e nm = org.mozilla.fenix controlFlags=#104 softInputMode=#110 windowFlags=#81010100
10-15 21:45:53.680  3957  5413 V InputMethodManagerService: hideCurrentInputLocked : shouldHideSoftInput is false
10-15 21:45:53.681  3957  3972 D ApplicationPolicy: isStatusBarNotificationAllowedAsUser: packageName = com.example.batterymanager_utility,userId = 0
10-15 21:45:53.681  3957  5413 D InputMethodManagerService: isImeSwitcherDisabledPackage : false
10-15 21:45:53.681  3957  3972 D API test: getContainerInfo: value is 
10-15 21:45:53.681  3957  5413 V InputMethodManagerService: Creating new session for client ClientState{45836f uid 10169 pid 27197}
10-15 21:45:53.683  3957  5413 D InputMethodManagerService: setCurrentInputInfo - inputContext : null eidtorInfo : android.view.inputmethod.EditorInfo@4c2664e missingMethods : 0
10-15 21:45:53.684  3599  3918 D DnsProxyListener: DNSDBG::dns addrinfo af 0
10-15 21:45:53.686 19735 19735 I InputMethodWrapper:  call dispatchStartInputWithToken
10-15 21:45:53.686 19735 19735 I InputMethodService: dispatchStartInputWithToken
10-15 21:45:53.688 19735 19735 I SKBD    : SamsungKeypad [IMI] onStartInput - caller pid : 27197, caller uid : 10169
10-15 21:45:53.690 27356 27389 W linker  : "/data/app/org.mozilla.fenix-iWpGOrf8cry6RDpwHyQugA==/lib/arm64/libmozglue.so" unused DT entry: type 0x8000024 arg 0x38f70
10-15 21:45:53.690 27356 27389 W linker  : "/data/app/org.mozilla.fenix-iWpGOrf8cry6RDpwHyQugA==/lib/arm64/libmozglue.so" unused DT entry: type 0x8000023 arg 0x1f8
10-15 21:45:53.690 27356 27389 W linker  : "/data/app/org.mozilla.fenix-iWpGOrf8cry6RDpwHyQugA==/lib/arm64/libmozglue.so" unused DT entry: type 0x8000025 arg 0x8
10-15 21:45:53.690  3957  3957 I AccessibilityManagerService: semOnLightNotification(null), bIsFlashOn : false
10-15 21:45:53.691  3957  3957 D AccessibilityManagerService: Can't use light notification
10-15 21:45:53.692 27356 27389 I GeckoLoader: Library base=/data/app/org.mozilla.fenix-iWpGOrf8cry6RDpwHyQugA==/lib/arm64
10-15 21:45:53.693 27356 27389 I GeckoLoader: Library base=/data/app/org.mozilla.fenix-iWpGOrf8cry6RDpwHyQugA==/lib/arm64
10-15 21:45:53.693 27356 27389 E GeckoLibLoad: Load sqlite start
10-15 21:45:53.694  3957  5413 D ConnectivityService: filterNetworkStateForUid() uid: 10169 networkInfo: [type: WIFI[] - WIFI, state: CONNECTED/CONNECTED, reason: (unspecified), extra: "ourhome", failover: false, available: true, roaming: false, metered: false]
10-15 21:45:53.694  3957  5413 D WifiService: getConnectionInfo uid=1000
10-15 21:45:53.695 27356 27389 W linker  : "/data/app/org.mozilla.fenix-iWpGOrf8cry6RDpwHyQugA==/lib/arm64/libnss3.so" unused DT entry: type 0x8000024 arg 0x14998
10-15 21:45:53.695 27356 27389 W linker  : "/data/app/org.mozilla.fenix-iWpGOrf8cry6RDpwHyQugA==/lib/arm64/libnss3.so" unused DT entry: type 0x8000023 arg 0x5c8
10-15 21:45:53.695 27356 27389 W linker  : "/data/app/org.mozilla.fenix-iWpGOrf8cry6RDpwHyQugA==/lib/arm64/libnss3.so" unused DT entry: type 0x8000025 arg 0x8
10-15 21:45:53.695  3957  5413 I chatty  : uid=1000(system) Binder:3957_D identical 1 line
10-15 21:45:53.695  3957  5413 D WifiService: getConnectionInfo uid=1000
10-15 21:45:53.696  3957  5413 D ConnectivityService: filterNetworkStateForUid() uid: 10169 networkInfo: [type: WIFI[] - WIFI, state: CONNECTED/CONNECTED, reason: (unspecified), extra: "ourhome", failover: false, available: true, roaming: false, metered: false]
10-15 21:45:53.696  3957  5413 D WifiService: getConnectionInfo uid=1000
10-15 21:45:53.696 27356 27389 E GeckoLibLoad: Load sqlite done
