10-15 22:14:10.926 29837 30114 I BatteryMgr:DataCollectionService: stats => 1697400850926,-287,4250,-161,0,100
10-15 22:14:11.041 29837 30114 I BatteryMgr:DataCollectionService: stats => 1697400851040,-287,4250,-161,0,100
10-15 22:14:11.149 29837 30114 I BatteryMgr:DataCollectionService: stats => 1697400851149,-287,4250,-161,0,100
10-15 22:14:11.263 29837 30114 I BatteryMgr:DataCollectionService: stats => 1697400851263,-287,4250,-161,0,100
10-15 22:14:11.378 29837 30114 I BatteryMgr:DataCollectionService: stats => 1697400851378,-287,4250,-161,0,100
10-15 22:14:11.496 29837 30114 I BatteryMgr:DataCollectionService: stats => 1697400851496,-287,4250,-161,0,100
10-15 22:14:11.510  3957  4129 D WifiStateMachine:  ConnectedState !RSSI_PKTCNT_FETCH uid=1000 rt=402840658/1063238885 0 0 "ourhome" f4:6d:2f:12:cc:88 rssi=-40 f=5240 sc=60 link=433 tx=5.0, 0.1, 0.0  rx=6.4 bcn=58126 [on:0 tx:0 rx:0 period:997] from screen [on:147871 period:1018485] score=60
10-15 22:14:11.511  3957  4129 D WifiStateMachine:  L2ConnectedState !RSSI_PKTCNT_FETCH uid=1000 rt=402840661/1063238888 0 0 "ourhome" f4:6d:2f:12:cc:88 rssi=-40 f=5240 sc=60 link=433 tx=5.0, 0.1, 0.0  rx=6.4 bcn=58126 [on:0 tx:0 rx:0 period:2] from screen [on:147871 period:1018487] score=60
10-15 22:14:11.518  3957  4129 D WifiStateMachine: fetchRssiLinkSpeedAndFrequencyNative rssi=-41 linkspeed=433 freq=5240
10-15 22:14:11.567  3957  4129 D WifiStateMachine:  ConnectedState !CMD_RSSI_POLL rt=402840715/1063238943 52 0 "ourhome" f4:6d:2f:12:cc:88 rssi=-41 f=5240 sc=60 link=433 tx=5.0, 0.1, 0.0  rx=6.4 bcn=58126 [on:0 tx:0 rx:0 period:55] from screen [on:147871 period:1018542] score=60
10-15 22:14:11.569  3957  4129 D WifiStateMachine:  L2ConnectedState !CMD_RSSI_POLL rt=402840718/1063238945 52 0 "ourhome" f4:6d:2f:12:cc:88 rssi=-41 f=5240 sc=60 link=433 tx=5.0, 0.1, 0.0  rx=6.4 bcn=58126 [on:0 tx:0 rx:0 period:2] from screen [on:147871 period:1018544] score=60
10-15 22:14:11.569  3957  4129 D WifiStateMachine:  get link layer stats 3
10-15 22:14:11.570  3436  3436 I android.hardware.wifi@1.0-service: getLinkLayerStats
10-15 22:14:11.589  3957  4129 D WifiStateMachine: fetchRssiLinkSpeedAndFrequencyNative rssi=-41 linkspeed=433 freq=5240
10-15 22:14:11.595  4340  4340 E SignalClusterView: setSlotFocusVisible : subId -2
10-15 22:14:11.595  4340  4340 E SignalClusterView: setSlotFocusVisible : subId -2
10-15 22:14:11.609 29837 30114 I BatteryMgr:DataCollectionService: stats => 1697400851609,-287,4250,-161,0,100
10-15 22:14:11.721 29837 30114 I BatteryMgr:DataCollectionService: stats => 1697400851721,-287,4250,-161,0,100
10-15 22:14:11.828 29837 30114 I BatteryMgr:DataCollectionService: stats => 1697400851828,-287,4250,-161,0,100
10-15 22:14:11.875 18956 18956 D BoundBrokerSvc: onUnbind: Intent { act=com.google.android.gms.measurement.START pkg=com.google.android.gms }
10-15 22:14:11.882  3957  4128 D WifiService: getConnectionInfo uid=1000
10-15 22:14:11.940 29837 30114 I BatteryMgr:DataCollectionService: stats => 1697400851940,-287,4250,-161,0,100
10-15 22:14:11.983 30334 30369 I System.out: (HTTPLog)-Static: isSBSettingEnabled false
10-15 22:14:11.984 30334 30369 I System.out: (HTTPLog)-Static: isSBSettingEnabled false
10-15 22:14:12.059 29837 30114 I BatteryMgr:DataCollectionService: stats => 1697400852059,-287,4250,-161,0,100
10-15 22:14:12.173 29837 30114 I BatteryMgr:DataCollectionService: stats => 1697400852173,-287,4250,-161,0,100
10-15 22:14:12.287 29837 30114 I BatteryMgr:DataCollectionService: stats => 1697400852286,-287,4250,-161,0,100
10-15 22:14:12.403 29837 30114 I BatteryMgr:DataCollectionService: stats => 1697400852402,-287,4250,-161,0,100
10-15 22:14:12.403 29837 29842 I zygote64: Do partial code cache collection, code=61KB, data=48KB
10-15 22:14:12.406 29837 29842 I zygote64: After code cache collection, code=61KB, data=48KB
10-15 22:14:12.406 29837 29842 I zygote64: Increasing code cache capacity to 256KB
10-15 22:14:12.510  3957  4129 D WifiStateMachine:  ConnectedState !RSSI_PKTCNT_FETCH uid=1000 rt=402841659/1063239887 0 0 "ourhome" f4:6d:2f:12:cc:88 rssi=-41 f=5240 sc=60 link=433 tx=4.4, 0.0, 0.0  rx=9.3 bcn=58150 [on:0 tx:0 rx:0 period:916] from screen [on:149105 period:1019485] score=60
10-15 22:14:12.515  3957  4129 D WifiStateMachine:  L2ConnectedState !RSSI_PKTCNT_FETCH uid=1000 rt=402841661/1063239888 0 0 "ourhome" f4:6d:2f:12:cc:88 rssi=-41 f=5240 sc=60 link=433 tx=4.4, 0.0, 0.0  rx=9.3 bcn=58150 [on:0 tx:0 rx:0 period:6] from screen [on:149105 period:1019491] score=60
10-15 22:14:12.518  3957  4129 D WifiStateMachine: fetchRssiLinkSpeedAndFrequencyNative rssi=-41 linkspeed=433 freq=5240
10-15 22:14:12.522 29837 30114 I BatteryMgr:DataCollectionService: stats => 1697400852522,-287,4250,-161,0,100
10-15 22:14:12.639 29837 30114 I BatteryMgr:DataCollectionService: stats => 1697400852639,-287,4250,-161,0,100
10-15 22:14:12.746 29837 30114 I BatteryMgr:DataCollectionService: stats => 1697400852746,-287,4250,-161,0,100
10-15 22:14:12.858 29837 30114 I BatteryMgr:DataCollectionService: stats => 1697400852858,-287,4250,-161,0,100
10-15 22:14:12.885  3957  4128 D WifiService: getConnectionInfo uid=1000
10-15 22:14:12.977 29837 30114 I BatteryMgr:DataCollectionService: stats => 1697400852976,-287,4250,-161,0,100
10-15 22:14:13.100 29837 30114 I BatteryMgr:DataCollectionService: stats => 1697400853100,-287,4250,-161,0,100
10-15 22:14:13.218 29837 30114 I BatteryMgr:DataCollectionService: stats => 1697400853218,-287,4250,-161,0,100
10-15 22:14:13.331 29837 30114 I BatteryMgr:DataCollectionService: stats => 1697400853331,-287,4250,-161,0,100
10-15 22:14:13.449 29837 30114 I BatteryMgr:DataCollectionService: stats => 1697400853448,-287,4250,-161,0,100
10-15 22:14:13.512  3957  4129 D WifiStateMachine:  ConnectedState !RSSI_PKTCNT_FETCH uid=1000 rt=402842661/1063240888 0 0 "ourhome" f4:6d:2f:12:cc:88 rssi=-41 f=5240 sc=60 link=433 tx=4.4, 0.0, 0.0  rx=9.3 bcn=58150 [on:0 tx:0 rx:0 period:997] from screen [on:149105 period:1020488] score=60
10-15 22:14:13.515  3957  4129 D WifiStateMachine:  L2ConnectedState !RSSI_PKTCNT_FETCH uid=1000 rt=402842663/1063240891 0 0 "ourhome" f4:6d:2f:12:cc:88 rssi=-41 f=5240 sc=60 link=433 tx=4.4, 0.0, 0.0  rx=9.3 bcn=58150 [on:0 tx:0 rx:0 period:2] from screen [on:149105 period:1020490] score=60
10-15 22:14:13.521  3957  4129 D WifiStateMachine: fetchRssiLinkSpeedAndFrequencyNative rssi=-41 linkspeed=433 freq=5240
10-15 22:14:13.564 29837 30114 I BatteryMgr:DataCollectionService: stats => 1697400853564,-287,4250,-161,0,100
10-15 22:14:13.682 29837 30114 I BatteryMgr:DataCollectionService: stats => 1697400853682,-287,4250,-161,0,100
10-15 22:14:13.795 29837 30114 I BatteryMgr:DataCollectionService: stats => 1697400853795,-287,4250,-161,0,100
10-15 22:14:13.889  3957  4128 D WifiService: getConnectionInfo uid=1000
10-15 22:14:13.908 29837 30114 I BatteryMgr:DataCollectionService: stats => 1697400853908,-287,4250,-161,0,100
10-15 22:14:14.020 29837 30114 I BatteryMgr:DataCollectionService: stats => 1697400854020,-287,4250,-161,0,100
10-15 22:14:14.133 29837 30114 I BatteryMgr:DataCollectionService: stats => 1697400854133,-287,4250,-161,0,100
10-15 22:14:14.256 29837 30114 I BatteryMgr:DataCollectionService: stats => 1697400854256,-287,4250,-161,0,100
10-15 22:14:14.316 29837 29848 I zygote64: Background concurrent copying GC freed 21453(1059KB) AllocSpace objects, 0(0B) LOS objects, 66% free, 783KB/2MB, paused 7.790ms total 74.166ms
10-15 22:14:14.362 29837 30114 I BatteryMgr:DataCollectionService: stats => 1697400854362,-287,4250,-161,0,100
10-15 22:14:14.475 29837 30114 I BatteryMgr:DataCollectionService: stats => 1697400854474,-287,4250,-161,0,100
10-15 22:14:14.514  3957  4129 D WifiStateMachine:  ConnectedState !RSSI_PKTCNT_FETCH uid=1000 rt=402843663/1063241891 0 0 "ourhome" f4:6d:2f:12:cc:88 rssi=-41 f=5240 sc=60 link=433 tx=4.4, 0.0, 0.0  rx=9.3 bcn=58150 [on:0 tx:0 rx:0 period:1000] from screen [on:149105 period:1021490] score=60
10-15 22:14:14.516  3957  4129 D WifiStateMachine:  L2ConnectedState !RSSI_PKTCNT_FETCH uid=1000 rt=402843665/1063241893 0 0 "ourhome" f4:6d:2f:12:cc:88 rssi=-41 f=5240 sc=60 link=433 tx=4.4, 0.0, 0.0  rx=9.3 bcn=58150 [on:0 tx:0 rx:0 period:2] from screen [on:149105 period:1021492] score=60
10-15 22:14:14.523  3957  4129 D WifiStateMachine: fetchRssiLinkSpeedAndFrequencyNative rssi=-41 linkspeed=433 freq=5240
10-15 22:14:14.587 29837 30114 I BatteryMgr:DataCollectionService: stats => 1697400854587,-287,4250,-161,0,100
10-15 22:14:14.593  3957  4129 D WifiStateMachine:  ConnectedState !CMD_RSSI_POLL rt=402843741/1063241968 52 0 "ourhome" f4:6d:2f:12:cc:88 rssi=-41 f=5240 sc=60 link=433 tx=4.4, 0.0, 0.0  rx=9.3 bcn=58150 [on:0 tx:0 rx:0 period:77] from screen [on:149105 period:1021569] score=60
10-15 22:14:14.596  3957  4129 D WifiStateMachine:  L2ConnectedState !CMD_RSSI_POLL rt=402843744/1063241972 52 0 "ourhome" f4:6d:2f:12:cc:88 rssi=-41 f=5240 sc=60 link=433 tx=4.4, 0.0, 0.0  rx=9.3 bcn=58150 [on:0 tx:0 rx:0 period:3] from screen [on:149105 period:1021572] score=60
10-15 22:14:14.596  3957  4129 D WifiStateMachine:  get link layer stats 3
10-15 22:14:14.597  3436  3436 I android.hardware.wifi@1.0-service: getLinkLayerStats
10-15 22:14:14.616  3957  4129 D WifiStateMachine: fetchRssiLinkSpeedAndFrequencyNative rssi=-41 linkspeed=433 freq=5240
10-15 22:14:14.621  4340  4340 E SignalClusterView: setSlotFocusVisible : subId -2
10-15 22:14:14.621  4340  4340 E SignalClusterView: setSlotFocusVisible : subId -2
10-15 22:14:14.662 19438 19556 D ScanRecord: Not a Multi Manu data
10-15 22:14:14.702 19438 19556 I chatty  : uid=1002(bluetooth) BT Service Call identical 88 lines
10-15 22:14:14.702 19438 19556 D ScanRecord: Not a Multi Manu data
10-15 22:14:14.703 29837 30114 I BatteryMgr:DataCollectionService: stats => 1697400854702,-287,4250,-161,0,100
10-15 22:14:14.703 19438 19556 D ScanRecord: Not a Multi Manu data
10-15 22:14:14.730  4961  4961 D io_stats: !@ 179,0 r 5273157 163402128 w 1287414 27972280 d 101491 31607864 f 298735 315310 iot 2343996 2072611 th 51200 0 0 pt 0 inp 0 0 402843.880
10-15 22:14:14.813 19438 19556 I chatty  : uid=1002(bluetooth) BT Service Call identical 168 lines
10-15 22:14:14.814 19438 19556 D ScanRecord: Not a Multi Manu data
10-15 22:14:14.817 29837 30114 I BatteryMgr:DataCollectionService: stats => 1697400854817,-287,4250,-161,0,100
10-15 22:14:14.818 19438 19556 D ScanRecord: Not a Multi Manu data
10-15 22:14:14.888 19438 19556 I chatty  : uid=1002(bluetooth) BT Service Call identical 115 lines
10-15 22:14:14.889 19438 19556 D ScanRecord: Not a Multi Manu data
10-15 22:14:14.892  3957  4128 D WifiService: getConnectionInfo uid=1000
10-15 22:14:14.898 19438 19556 D ScanRecord: Not a Multi Manu data
10-15 22:14:14.914 19438 19556 I chatty  : uid=1002(bluetooth) BT Service Call identical 63 lines
10-15 22:14:14.914 19438 19556 D ScanRecord: Not a Multi Manu data
10-15 22:14:14.931 29837 30114 I BatteryMgr:DataCollectionService: stats => 1697400854931,-287,4250,-161,0,100
10-15 22:14:14.943 19438 19556 D ScanRecord: Not a Multi Manu data
10-15 22:14:15.045 19438 19556 I chatty  : uid=1002(bluetooth) BT Service Call identical 154 lines
10-15 22:14:15.045 19438 19556 D ScanRecord: Not a Multi Manu data
10-15 22:14:15.045 29837 30114 I BatteryMgr:DataCollectionService: stats => 1697400855045,-287,4250,-161,0,100
10-15 22:14:15.047 19438 19556 D ScanRecord: Not a Multi Manu data
10-15 22:14:15.154 19438 19556 I chatty  : uid=1002(bluetooth) BT Service Call identical 141 lines
10-15 22:14:15.154 19438 19556 D ScanRecord: Not a Multi Manu data
10-15 22:14:15.156 29837 30114 I BatteryMgr:DataCollectionService: stats => 1697400855156,-287,4250,-161,0,100
10-15 22:14:15.267 29837 30114 I BatteryMgr:DataCollectionService: stats => 1697400855266,-287,4250,-161,0,100
10-15 22:14:15.380 29837 30114 I BatteryMgr:DataCollectionService: stats => 1697400855380,-287,4250,-161,0,100
10-15 22:14:15.490 29837 30114 I BatteryMgr:DataCollectionService: stats => 1697400855489,-287,4250,-161,0,100
10-15 22:14:15.515  3957  4129 D WifiStateMachine:  ConnectedState !RSSI_PKTCNT_FETCH uid=1000 rt=402844664/1063242892 0 0 "ourhome" f4:6d:2f:12:cc:88 rssi=-41 f=5240 sc=60 link=433 tx=1.6, 0.0, 0.0  rx=5.3 bcn=58173 [on:0 tx:0 rx:0 period:895] from screen [on:149329 period:1022490] score=60
10-15 22:14:15.518  3957  4129 D WifiStateMachine:  L2ConnectedState !RSSI_PKTCNT_FETCH uid=1000 rt=402844666/1063242893 0 0 "ourhome" f4:6d:2f:12:cc:88 rssi=-41 f=5240 sc=60 link=433 tx=1.6, 0.0, 0.0  rx=5.3 bcn=58173 [on:0 tx:0 rx:0 period:3] from screen [on:149329 period:1022493] score=60
10-15 22:14:15.525  3957  4129 D WifiStateMachine: fetchRssiLinkSpeedAndFrequencyNative rssi=-41 linkspeed=433 freq=5240
10-15 22:14:15.603 29837 30114 I BatteryMgr:DataCollectionService: stats => 1697400855602,-287,4250,-161,0,100
10-15 22:14:15.714 29837 30114 I BatteryMgr:DataCollectionService: stats => 1697400855714,-287,4250,-161,0,100
10-15 22:14:15.828 29837 30114 I BatteryMgr:DataCollectionService: stats => 1697400855827,-287,4250,-161,0,100
10-15 22:14:15.894  3957  4128 D WifiService: getConnectionInfo uid=1000
10-15 22:14:15.943 29837 30114 I BatteryMgr:DataCollectionService: stats => 1697400855943,-287,4250,-161,0,100
10-15 22:14:16.056 29837 30114 I BatteryMgr:DataCollectionService: stats => 1697400856056,-287,4250,-161,0,100
10-15 22:14:16.169 29837 30114 I BatteryMgr:DataCollectionService: stats => 1697400856168,-287,4250,-161,0,100
10-15 22:14:16.278  3957  6478 D SSRM:k  : SIOP:: AP = 370, PST = 348 (W:14), BAT = 297, USB = 0, CHG = 0
10-15 22:14:16.281 29837 30114 I BatteryMgr:DataCollectionService: stats => 1697400856280,-287,4250,-161,0,100
10-15 22:14:16.289  3957  6478 D ac      : broadcastSiopLevelIntent:: currentSiopLevel = -2
10-15 22:14:16.299  3957  3972 D StorageManagerService: getExternalStorageMountMode : 1
10-15 22:14:16.301  3957  3972 D StorageManagerService: getExternalStorageMountMode : 3
10-15 22:14:16.302  3957  3972 D StorageManagerService: getExternalStorageMountMode : final mountMode=1, uid : 5009, packageName : com.samsung.android.scloud
10-15 22:14:16.303  3957  3972 I ApplicationPolicy: isApplicationExternalStorageWhitelisted:com.samsung.android.scloud user:0
10-15 22:14:16.303  3957  3972 D ApplicationPolicy: isApplicationExternalStorageWhitelisted: DO is not enabled on user 0. Allowed.
10-15 22:14:16.303  3957  3972 D ActivityManager: package  com.samsung.android.scloud, user - 0 is SDcard whitelisted
10-15 22:14:16.303  3957  3972 I ApplicationPolicy: isApplicationExternalStorageBlacklisted:com.samsung.android.scloud user:0
10-15 22:14:16.304  3957  3972 D ApplicationPolicy: isApplicationExternalStorageBlacklisted: DO is not enabled on user 0. Allowed.
10-15 22:14:16.310  3957  6478 I SensorService: createSensorEventConnection package name f.z
10-15 22:14:16.314  3957  6478 D SensorService: Calling batch handle==3 flags=0 rate=200000000 timeout== 0
10-15 22:14:16.315  3434  3434 I Sensors : ProximitySensor:enable: handle 3, en 1, old_en 0
10-15 22:14:16.339  3957  3972 I ActivityManager: Start proc 30522:com.samsung.android.scloud/5009 for broadcast com.samsung.android.scloud/.common.SCloudReceiver
10-15 22:14:16.342 30522 30522 E Zygote  : isWhitelistProcess - Process is Whitelisted
10-15 22:14:16.344 30522 30522 E libpersona: scanKnoxPersonas
10-15 22:14:16.344 30522 30522 E libpersona: Couldn't open the File - /data/system/users/0/personalist.xml - No such file or directory
10-15 22:14:16.349 30522 30522 W SELinux : SELinux selinux_android_compute_policy_index : Policy Index[2],  Con:u:r:zygote:s0 RAM:SEPF_SM-J720F_8.0.0_0002, [-1 -1 -1 -1 0 1]
10-15 22:14:16.351 30522 30522 I SELinux : SELinux: seapp_context_lookup: seinfo=platform, level=s0:c512,c768, pkgname=com.samsung.android.scloud 
10-15 22:14:16.374  3957  6478 D SensorManager: registerListener :: 3, STK3013 Proximity, 200000, 0,  
10-15 22:14:16.377  3434  3434 I Sensors : ProximitySensor:readEvents: value 8(cm)
10-15 22:14:16.379  3957  3957 D SensorManager: Proximity, val = 8.0  [far]
10-15 22:14:16.381  3957  3957 D SensorService: Calling activate off 3
10-15 22:14:16.382  3434  4028 I Sensors : ProximitySensor:enable: handle 3, en 0, old_en 1
10-15 22:14:16.384  3957  3957 D SensorManager: unregisterListener ::   
10-15 22:14:16.395 29837 30114 I BatteryMgr:DataCollectionService: stats => 1697400856395,-287,4250,-161,0,100
10-15 22:14:16.428 30522 30522 D TimaKeyStoreProvider: TimaKeyStore is not enabled: cannot add TimaSignature Service and generateKeyPair Service
10-15 22:14:16.429 30522 30522 D ActivityThread: Added TimaKeyStore provider
10-15 22:14:16.436  3957 14960 I ActivityManager: DSS on for com.samsung.android.scloud and scale is 1.0
10-15 22:14:16.502 29837 30114 I BatteryMgr:DataCollectionService: stats => 1697400856501,-287,4250,-161,0,100
10-15 22:14:16.516  3957  4129 D WifiStateMachine:  ConnectedState !RSSI_PKTCNT_FETCH uid=1000 rt=402845666/1063243893 0 0 "ourhome" f4:6d:2f:12:cc:88 rssi=-41 f=5240 sc=60 link=433 tx=1.6, 0.0, 0.0  rx=5.3 bcn=58173 [on:0 tx:0 rx:0 period:999] from screen [on:149329 period:1023492] score=60
10-15 22:14:16.517  3957  4129 D WifiStateMachine:  L2ConnectedState !RSSI_PKTCNT_FETCH uid=1000 rt=402845667/1063243894 0 0 "ourhome" f4:6d:2f:12:cc:88 rssi=-41 f=5240 sc=60 link=433 tx=1.6, 0.0, 0.0  rx=5.3 bcn=58173 [on:0 tx:0 rx:0 period:1] from screen [on:149329 period:1023493] score=60
10-15 22:14:16.520  3957  4129 D WifiStateMachine: fetchRssiLinkSpeedAndFrequencyNative rssi=-41 linkspeed=433 freq=5240
10-15 22:14:16.531 30522 30522 I zygote64: no shared libraies, dex_files: 1
10-15 22:14:16.608 29837 30114 I BatteryMgr:DataCollectionService: stats => 1697400856608,-287,4250,-161,0,100
10-15 22:14:16.699 30522 30522 I [SC]DataStoreProvider: onCreate() is called
10-15 22:14:16.715 29837 30114 I BatteryMgr:DataCollectionService: stats => 1697400856715,-287,4250,-161,0,100
10-15 22:14:16.727  3957 14960 W StorageManager: getStorageLowBytes lowPercent : 5, lowBytes : 1260145254, maxLowBytes : 524288000
10-15 22:14:16.754 30522 30522 I [SC]RequestProvider: onCreate
10-15 22:14:16.792 30522 30522 I [SC]FailLogsProvider: onCreate
10-15 22:14:16.824 29837 30114 I BatteryMgr:DataCollectionService: stats => 1697400856824,-287,4250,-161,0,100
10-15 22:14:16.888 18956 18956 D BoundBrokerSvc: onUnbind: Intent { act=com.google.android.gms.safetynet.service.START pkg=com.google.android.gms }
10-15 22:14:16.897  3957  4128 D WifiService: getConnectionInfo uid=1000
10-15 22:14:16.918 30522 30522 I [SC]ExternalOEMControlProvider: onCreate
10-15 22:14:16.932 29837 30114 I BatteryMgr:DataCollectionService: stats => 1697400856932,-287,4250,-161,0,100
10-15 22:14:16.950 30522 30522 I [SC]SamsungCloudApp: onCreate: com.samsung.android.scloud, 3.0.01.12
10-15 22:14:16.951 30522 30522 I [SC]SamsungCloudApp: controller create
10-15 22:14:16.977 30522 30539 I [SC]FailCardManagingOperator: Handle method by TransactionManager : initFailDetailData
10-15 22:14:16.981 30522 30539 I [SC]FailCardManagingOperator: Handle method by TransactionManager : initFailCardList
10-15 22:14:16.982 30522 30522 I [SC]PackageUtil: getCalendarPkgName: com.samsung.android.calendar
10-15 22:14:16.983 30522 30539 I [SC]TipsOperator: Handle method by TransactionManager : handleStartMonitoringSync
10-15 22:14:16.984 30522 30522 I [SC]PackageUtil: getContactsPkgName: com.samsung.android.contacts
10-15 22:14:16.990 30334 30369 I System.out: (HTTPLog)-Static: isSBSettingEnabled false
10-15 22:14:16.991 30334 30369 I System.out: (HTTPLog)-Static: isSBSettingEnabled false
10-15 22:14:16.996 30522 30539 I [SC]SyncSettingHandler: Handle method by TransactionManager : requestRegisterEventReceivedListener
10-15 22:14:17.004 30522 30539 I [SC]StorageOperator: Handle method by TransactionManager : handleRequestQuotaStatus
10-15 22:14:17.006 30522 30541 I [SC]QuotaUtil: GET_STORAGE_USAGE
10-15 22:14:17.012 30522 30541 I [SC]AuthUtil: getAuthData. IN
10-15 22:14:17.012 30522 30541 I [SC]AuthUtil: getAuthData. no localAuthData or expired. WAITING
10-15 22:14:17.012 30522 30541 I [SC]AuthUtil: getAuthData. GET LOCK
10-15 22:14:17.012 30522 30541 I [SC]AuthUtil: getAuthData. no localAuthData. GET LOCK
10-15 22:14:17.019 30522 30541 I [SC]AuthUtil: getAuthData - hold.
10-15 22:14:17.021 30522 30522 I [SC]FeatureManager: byod mode enabled: false
10-15 22:14:17.021 29671 29671 I [SC]AuthService: onStartCommand IN.
10-15 22:14:17.021 29671 29671 I [SC]AuthService: onStartCommand: com.samsung.android.scloud.auth.REQUEST_AUTH
10-15 22:14:17.022 30522 30522 I [SC]FeatureManager: FeatureManager ,[SEC_FLOATING_FEATURE_SAMSUNGCLOUD_ENABLE_SETTING_MENU]:TRUE
10-15 22:14:17.022 30522 30522 I [SC]FeatureManager: [SEC_FLOATING_FEATURE_SAMSUNGCLOUD_SUPPORT_CONTENT_SYNC]bln true
10-15 22:14:17.022 30522 30522 I [SC]FeatureManager: [SEC_FLOATING_FEATURE_SAMSUNGCLOUD_SUPPORT_SAMSUNGKEYBOARD_SYNC]bln true
10-15 22:14:17.022 30522 30522 I [SC]FeatureManager: [SEC_FLOATING_FEATURE_SAMSUNGCLOUD_ENABLE_SETTING_MENU]bln true
10-15 22:14:17.023 29671 29671 I [SC]AuthService: onStartCommand OUT.
10-15 22:14:17.026 29671 30542 I [SC]AuthService: onStartCommand: execute strategy.
10-15 22:14:17.026 29671 30542 I [SC]RequestAuthStrategy: execute. IN
10-15 22:14:17.027 30522 30522 D SamsungAnalytics:110038: cf feature is supported
10-15 22:14:17.031 29671 30542 I [SC]RequestAuthStrategy: execute. OUT
10-15 22:14:17.032 29671 30544 I [SC]AccountUtil: Samsung Account Not Logged in
10-15 22:14:17.034 29671 30546 I [SC]AccountUtil: Samsung Account Not Logged in
10-15 22:14:17.038 30522 30522 D SamsungAnalytics:110038: newThread on Executor
10-15 22:14:17.039 30522 30522 D SamsungAnalytics:110038: [Tracker] Tracker start:1.10.038
10-15 22:14:17.039 29837 30114 I BatteryMgr:DataCollectionService: stats => 1697400857039,-287,4250,-161,0,100
10-15 22:14:17.044 30522 30547 D SamsungAnalytics:110038: [Setting Sender] No status log
10-15 22:14:17.051 30522 30539 I [SC]DeviceControllerManager: Handle method by TransactionManager : handleRequestRefreshIcon
10-15 22:14:17.052 30522 30522 I [SC]AutoBackupSettingValueUpdater: AutoBackupSetting value will be updated : false
10-15 22:14:17.055 30522 30539 I [SC]TipsOperator: Handle method by TransactionManager : handleReportAccountStatusOperation
10-15 22:14:17.056 30522 30522 I [SC]SCloudReceiver: onReceive: com.samsung.intent.action.CHECK_SIOP_LEVEL
10-15 22:14:17.059 30522 30522 I [SC]AuthDataReceiver: REPORT_ERROR: 308
10-15 22:14:17.059 30522 30541 I [SC]AuthUtil: getAuthData - released.
10-15 22:14:17.059 30522 30541 I [SC]AuthDataListener: resolve. IN
10-15 22:14:17.064 30522 30541 I [SC]AuthDataListener: resolve. ERROR 308
10-15 22:14:17.083  3957 14960 I chatty  : uid=1000(system) Binder:3957_1F identical 5 lines
10-15 22:14:17.085  3957 14960 W StorageManager: getStorageLowBytes lowPercent : 5, lowBytes : 1260145254, maxLowBytes : 524288000
10-15 22:14:17.091 30522 30522 I [SC]CMHInterface: isEnabled: true
10-15 22:14:17.091 30522 30522 I [SC]DetectorReceiver: onReceive [com.samsung.intent.action.CHECK_SIOP_LEVEL]
10-15 22:14:17.092 30522 30522 I [SC]ConnectionJobService: scheduleJob : false
10-15 22:14:17.102  3957 14960 D SamsungAlarmManager: setInexact Listener (T:2/F:0/AC:false) 20231015T222440 - CU:1000/CP:3957
10-15 22:14:17.106  3957 14960 I SamsungAlarmManager: setLocked to kernel - T:3 / 20231015T221459, SetElapsed=1063287378, nowELAPSED=1063244484
10-15 22:14:17.106  3957 14960 D SamsungAlarmManager: setInexact Listener (T:2/F:0/AC:false) 20231015T222940 - CU:1000/CP:3957
10-15 22:14:17.108  3957 14960 D ConnectivityService: filterNetworkStateForUid() uid: 5009 networkInfo: [type: WIFI[] - WIFI, state: CONNECTED/CONNECTED, reason: (unspecified), extra: "ourhome", failover: false, available: true, roaming: false, metered: false]
10-15 22:14:17.109  3957 14960 D WifiService: getConnectionInfo uid=1000
10-15 22:14:17.112  3957 14960 D SamsungAlarmManager: setExact Listener (T:2/F:0/AC:false) 20231015T221422 - CU:1000/CP:3957
10-15 22:14:17.112  3957 14960 I SamsungAlarmManager: setLocked to kernel - T:2 / 20231015T221422, SetElapsed=1063249486, nowELAPSED=1063244491
10-15 22:14:17.114 30522 30522 I [SC]ConnectionJobService: Register connection receiver
10-15 22:14:17.116 30522 30522 I [SC]CloudManager: makeDefaultFolders
10-15 22:14:17.119 30522 30522 I [SC]AccountUtil: Samsung Account Not Logged in
10-15 22:14:17.120 30522 30553 I [SC]ConnectionJobService: CONNECTION_CHANGE_RECEIVER
10-15 22:14:17.123  3957 14960 D ConnectivityService: filterNetworkStateForUid() uid: 5009 networkInfo: [type: WIFI[] - WIFI, state: CONNECTED/CONNECTED, reason: (unspecified), extra: "ourhome", failover: false, available: true, roaming: false, metered: false]
10-15 22:14:17.124  3957 14960 D WifiService: getConnectionInfo uid=1000
10-15 22:14:17.131  3957 14960 D ConnectivityService: filterNetworkStateForUid() uid: 5009 networkInfo: [type: WIFI[] - WIFI, state: CONNECTED/CONNECTED, reason: (unspecified), extra: "ourhome", failover: false, available: true, roaming: false, metered: false]
10-15 22:14:17.131  3957 14960 D WifiService: getConnectionInfo uid=1000
10-15 22:14:17.132 30522 30554 I [SC]SystemStateMonitor: getConnectionType=0
10-15 22:14:17.132 30522 30554 I [SC]SystemStateMonitor: Network available true
10-15 22:14:17.132 30522 30554 I [SC]ConnectionJobService: scheduleJob : true
10-15 22:14:17.136  3957 14960 I SamsungAlarmManager: setLocked to kernel - T:2 / 20231015T222216, SetElapsed=1063724110, nowELAPSED=1063244514
10-15 22:14:17.136  3957 14960 I SamsungAlarmManager: setLocked to kernel - T:3 / 20231015T221500, SetElapsed=1063287379, nowELAPSED=1063244514
10-15 22:14:17.136  3957 14960 D SamsungAlarmManager: setInexact Listener (T:2/F:0/AC:false) 20231015T222440 - CU:1000/CP:3957
10-15 22:14:17.140  3957 14960 D SamsungAlarmManager: setInexact Listener (T:2/F:0/AC:false) 20231015T222940 - CU:1000/CP:3957
10-15 22:14:17.142  3957 14960 D ConnectivityService: filterNetworkStateForUid() uid: 5009 networkInfo: [type: WIFI[] - WIFI, state: CONNECTED/CONNECTED, reason: (unspecified), extra: "ourhome", failover: false, available: true, roaming: false, metered: false]
10-15 22:14:17.142  3957 14960 D WifiService: getConnectionInfo uid=1000
10-15 22:14:17.147 29837 30114 I BatteryMgr:DataCollectionService: stats => 1697400857147,-287,4250,-161,0,100
10-15 22:14:17.258 29837 30114 I BatteryMgr:DataCollectionService: stats => 1697400857257,-287,4250,-161,0,100
10-15 22:14:17.367 29837 30114 I BatteryMgr:DataCollectionService: stats => 1697400857367,-287,4250,-161,0,100
10-15 22:14:17.476 29837 30114 I BatteryMgr:DataCollectionService: stats => 1697400857475,-287,4250,-161,0,100
10-15 22:14:17.520  3957  4129 D WifiStateMachine:  ConnectedState !RSSI_PKTCNT_FETCH uid=1000 rt=402846668/1063244895 0 0 "ourhome" f4:6d:2f:12:cc:88 rssi=-41 f=5240 sc=60 link=433 tx=1.6, 0.0, 0.0  rx=5.3 bcn=58173 [on:0 tx:0 rx:0 period:1003] from screen [on:149329 period:1024496] score=60
10-15 22:14:17.522  3957  4129 D WifiStateMachine:  L2ConnectedState !RSSI_PKTCNT_FETCH uid=1000 rt=402846671/1063244898 0 0 "ourhome" f4:6d:2f:12:cc:88 rssi=-41 f=5240 sc=60 link=433 tx=1.6, 0.0, 0.0  rx=5.3 bcn=58173 [on:0 tx:0 rx:0 period:2] from screen [on:149329 period:1024498] score=60
10-15 22:14:17.528  3957  4129 D WifiStateMachine: fetchRssiLinkSpeedAndFrequencyNative rssi=-40 linkspeed=433 freq=5240
10-15 22:14:17.583 29837 30114 I BatteryMgr:DataCollectionService: stats => 1697400857583,-174,4250,-339,0,100
10-15 22:14:17.619  3957  4129 D WifiStateMachine:  ConnectedState !CMD_RSSI_POLL rt=402846768/1063244995 52 0 "ourhome" f4:6d:2f:12:cc:88 rssi=-40 f=5240 sc=60 link=433 tx=1.6, 0.0, 0.0  rx=5.3 bcn=58173 [on:0 tx:0 rx:0 period:97] from screen [on:149329 period:1024595] score=60
10-15 22:14:17.622  3957  4129 D WifiStateMachine:  L2ConnectedState !CMD_RSSI_POLL rt=402846770/1063244998 52 0 "ourhome" f4:6d:2f:12:cc:88 rssi=-40 f=5240 sc=60 link=433 tx=1.6, 0.0, 0.0  rx=5.3 bcn=58173 [on:0 tx:0 rx:0 period:3] from screen [on:149329 period:1024598] score=60
10-15 22:14:17.622  3957  4129 D WifiStateMachine:  get link layer stats 3
10-15 22:14:17.622  3436  3436 I android.hardware.wifi@1.0-service: getLinkLayerStats
10-15 22:14:17.639  3957  4129 D WifiStateMachine: fetchRssiLinkSpeedAndFrequencyNative rssi=-40 linkspeed=433 freq=5240
10-15 22:14:17.644  4340  4340 E SignalClusterView: setSlotFocusVisible : subId -2
10-15 22:14:17.644  4340  4340 E SignalClusterView: setSlotFocusVisible : subId -2
10-15 22:14:17.697 29837 30114 I BatteryMgr:DataCollectionService: stats => 1697400857697,-174,4250,-339,0,100
10-15 22:14:17.814  3957  8324 D BatteryService: !@BatteryListener : batteryPropertiesChanged!
10-15 22:14:17.817 29837 30114 I BatteryMgr:DataCollectionService: stats => 1697400857817,-174,4250,-339,0,100
10-15 22:14:17.899  3957  4128 D WifiService: getConnectionInfo uid=1000
10-15 22:14:17.927 29837 30114 I BatteryMgr:DataCollectionService: stats => 1697400857927,-174,4250,-339,0,100
10-15 22:14:18.040 29837 30114 I BatteryMgr:DataCollectionService: stats => 1697400858040,-174,4250,-339,0,100
10-15 22:14:18.151 29837 30114 I BatteryMgr:DataCollectionService: stats => 1697400858151,-174,4250,-339,0,100
10-15 22:14:18.264 29837 30114 I BatteryMgr:DataCollectionService: stats => 1697400858264,-174,4250,-339,0,100
10-15 22:14:18.380 29837 30114 I BatteryMgr:DataCollectionService: stats => 1697400858380,-174,4250,-339,0,100
10-15 22:14:18.490 29837 30114 I BatteryMgr:DataCollectionService: stats => 1697400858490,-174,4250,-339,0,100
10-15 22:14:18.519  3957  4129 D WifiStateMachine:  ConnectedState !RSSI_PKTCNT_FETCH uid=1000 rt=402847668/1063245896 0 0 "ourhome" f4:6d:2f:12:cc:88 rssi=-40 f=5240 sc=60 link=433 tx=0.6, 0.0, 0.0  rx=1.9 bcn=58196 [on:0 tx:0 rx:0 period:876] from screen [on:149414 period:1025495] score=60
10-15 22:14:18.521  3957  4129 D WifiStateMachine:  L2ConnectedState !RSSI_PKTCNT_FETCH uid=1000 rt=402847671/1063245898 0 0 "ourhome" f4:6d:2f:12:cc:88 rssi=-40 f=5240 sc=60 link=433 tx=0.6, 0.0, 0.0  rx=1.9 bcn=58196 [on:0 tx:0 rx:0 period:2] from screen [on:149414 period:1025497] score=60
10-15 22:14:18.527  3957  4129 D WifiStateMachine: fetchRssiLinkSpeedAndFrequencyNative rssi=-41 linkspeed=433 freq=5240
10-15 22:14:18.600 29837 30114 I BatteryMgr:DataCollectionService: stats => 1697400858599,-174,4250,-339,0,100
10-15 22:14:18.708 29837 30114 I BatteryMgr:DataCollectionService: stats => 1697400858708,-174,4250,-339,0,100
10-15 22:14:18.817 29837 30114 I BatteryMgr:DataCollectionService: stats => 1697400858817,-174,4250,-339,0,100
10-15 22:14:18.901  3957  4128 D WifiService: getConnectionInfo uid=1000
10-15 22:14:18.927 29837 30114 I BatteryMgr:DataCollectionService: stats => 1697400858927,-174,4250,-339,0,100
10-15 22:14:19.042 29837 30114 I BatteryMgr:DataCollectionService: stats => 1697400859042,-174,4250,-339,0,100
10-15 22:14:19.154 29837 30114 I BatteryMgr:DataCollectionService: stats => 1697400859154,-174,4250,-339,0,100
10-15 22:14:19.267 29837 30114 I BatteryMgr:DataCollectionService: stats => 1697400859267,-174,4250,-339,0,100
10-15 22:14:19.376 29837 30114 I BatteryMgr:DataCollectionService: stats => 1697400859376,-174,4250,-339,0,100
10-15 22:14:19.492 29837 30114 I BatteryMgr:DataCollectionService: stats => 1697400859492,-174,4250,-339,0,100
10-15 22:14:19.521  3957  4129 D WifiStateMachine:  ConnectedState !RSSI_PKTCNT_FETCH uid=1000 rt=402848670/1063246897 0 0 "ourhome" f4:6d:2f:12:cc:88 rssi=-41 f=5240 sc=60 link=433 tx=0.6, 0.0, 0.0  rx=1.9 bcn=58196 [on:0 tx:0 rx:0 period:1000] from screen [on:149414 period:1026497] score=60
10-15 22:14:19.524  3957  4129 D WifiStateMachine:  L2ConnectedState !RSSI_PKTCNT_FETCH uid=1000 rt=402848672/1063246900 0 0 "ourhome" f4:6d:2f:12:cc:88 rssi=-41 f=5240 sc=60 link=433 tx=0.6, 0.0, 0.0  rx=1.9 bcn=58196 [on:0 tx:0 rx:0 period:2] from screen [on:149414 period:1026499] score=60
10-15 22:14:19.530  3957  4129 D WifiStateMachine: fetchRssiLinkSpeedAndFrequencyNative rssi=-41 linkspeed=433 freq=5240
10-15 22:14:19.606 29837 30114 I BatteryMgr:DataCollectionService: stats => 1697400859605,-174,4250,-339,0,100
10-15 22:14:19.610 29883 30100 I SessionStorage/AutoSave: Save: Periodic
10-15 22:14:19.690 19438 19556 D ScanRecord: Not a Multi Manu data
10-15 22:14:19.715 19438 19556 I chatty  : uid=1002(bluetooth) BT Service Call identical 37 lines
10-15 22:14:19.715 19438 19556 D ScanRecord: Not a Multi Manu data
10-15 22:14:19.719 29837 30114 I BatteryMgr:DataCollectionService: stats => 1697400859719,-174,4250,-339,0,100
10-15 22:14:19.728 19438 19556 D ScanRecord: Not a Multi Manu data
10-15 22:14:19.734  4961  4961 D io_stats: !@ 179,0 r 5274039 163430392 w 1287456 27976904 d 101497 31608108 f 298738 315315 iot 2344444 2072961 th 51200 0 0 pt 0 inp 0 0 402848.883
10-15 22:14:19.831 19438 19556 I chatty  : uid=1002(bluetooth) BT Service Call identical 87 lines
10-15 22:14:19.831 19438 19556 D ScanRecord: Not a Multi Manu data
10-15 22:14:19.831 29837 30114 I BatteryMgr:DataCollectionService: stats => 1697400859831,-174,4250,-339,0,100
10-15 22:14:19.831 19438 19556 D ScanRecord: Not a Multi Manu data
10-15 22:14:19.891 19438 19556 I chatty  : uid=1002(bluetooth) BT Service Call identical 52 lines
10-15 22:14:19.891 19438 19556 D ScanRecord: Not a Multi Manu data
10-15 22:14:19.904  3957  4128 D WifiService: getConnectionInfo uid=1000
10-15 22:14:19.905 19438 19556 D ScanRecord: Not a Multi Manu data
10-15 22:14:19.932 19438 19556 I chatty  : uid=1002(bluetooth) BT Service Call identical 37 lines
10-15 22:14:19.932 19438 19556 D ScanRecord: Not a Multi Manu data
10-15 22:14:19.943 29837 30114 I BatteryMgr:DataCollectionService: stats => 1697400859943,-174,4250,-339,0,100
10-15 22:14:19.959 19438 19556 D ScanRecord: Not a Multi Manu data
10-15 22:14:19.971 19438 19556 I chatty  : uid=1002(bluetooth) BT Service Call identical 37 lines
10-15 22:14:19.971 19438 19556 D ScanRecord: Not a Multi Manu data
10-15 22:14:19.982 19438 19449 I zygote64: Background concurrent copying GC freed 48633(1424KB) AllocSpace objects, 0(0B) LOS objects, 71% free, 624KB/2MB, paused 11.273ms total 75.994ms
10-15 22:14:19.986 19438 19556 D ScanRecord: Not a Multi Manu data
10-15 22:14:20.049 19438 19556 I chatty  : uid=1002(bluetooth) BT Service Call identical 50 lines
10-15 22:14:20.049 19438 19556 D ScanRecord: Not a Multi Manu data
10-15 22:14:20.055 29837 30114 I BatteryMgr:DataCollectionService: stats => 1697400860055,-174,4250,-339,0,100
10-15 22:14:20.066 19438 19556 D ScanRecord: Not a Multi Manu data
10-15 22:14:20.151 19438 19556 I chatty  : uid=1002(bluetooth) BT Service Call identical 76 lines
10-15 22:14:20.151 19438 19556 D ScanRecord: Not a Multi Manu data
10-15 22:14:20.164 29837 30114 I BatteryMgr:DataCollectionService: stats => 1697400860164,-174,4250,-339,0,100
10-15 22:14:20.277 29837 30114 I BatteryMgr:DataCollectionService: stats => 1697400860277,-174,4250,-339,0,100
10-15 22:14:20.381  3957  4030 D SensorService: [SO] 0.110 -0.101 9.969
10-15 22:14:20.387 29837 30114 I BatteryMgr:DataCollectionService: stats => 1697400860387,-174,4250,-339,0,100
10-15 22:14:20.496 29837 30114 I BatteryMgr:DataCollectionService: stats => 1697400860495,-174,4250,-339,0,100
10-15 22:14:20.522  3957  4129 D WifiStateMachine:  ConnectedState !RSSI_PKTCNT_FETCH uid=1000 rt=402849671/1063247899 0 0 "ourhome" f4:6d:2f:12:cc:88 rssi=-41 f=5240 sc=60 link=433 tx=0.6, 0.0, 0.0  rx=1.9 bcn=58196 [on:0 tx:0 rx:0 period:999] from screen [on:149414 period:1027498] score=60
10-15 22:14:20.523  3957  4129 D WifiStateMachine:  L2ConnectedState !RSSI_PKTCNT_FETCH uid=1000 rt=402849673/1063247900 0 0 "ourhome" f4:6d:2f:12:cc:88 rssi=-41 f=5240 sc=60 link=433 tx=0.6, 0.0, 0.0  rx=1.9 bcn=58196 [on:0 tx:0 rx:0 period:1] from screen [on:149414 period:1027499] score=60
10-15 22:14:20.529  3957  4129 D WifiStateMachine: fetchRssiLinkSpeedAndFrequencyNative rssi=-41 linkspeed=433 freq=5240
10-15 22:14:20.604 29837 30114 I BatteryMgr:DataCollectionService: stats => 1697400860603,-174,4250,-339,0,100
10-15 22:14:20.642  3957  4129 D WifiStateMachine:  ConnectedState !CMD_RSSI_POLL rt=402849791/1063248018 52 0 "ourhome" f4:6d:2f:12:cc:88 rssi=-41 f=5240 sc=60 link=433 tx=0.6, 0.0, 0.0  rx=1.9 bcn=58196 [on:0 tx:0 rx:0 period:119] from screen [on:149414 period:1027618] score=60
10-15 22:14:20.643  3957  4129 D WifiStateMachine:  L2ConnectedState !CMD_RSSI_POLL rt=402849793/1063248020 52 0 "ourhome" f4:6d:2f:12:cc:88 rssi=-41 f=5240 sc=60 link=433 tx=0.6, 0.0, 0.0  rx=1.9 bcn=58196 [on:0 tx:0 rx:0 period:1] from screen [on:149414 period:1027619] score=60
10-15 22:14:20.643  3957  4129 D WifiStateMachine:  get link layer stats 3
10-15 22:14:20.644  3436  3436 I android.hardware.wifi@1.0-service: getLinkLayerStats
10-15 22:14:20.662  3957  4129 D WifiStateMachine: fetchRssiLinkSpeedAndFrequencyNative rssi=-41 linkspeed=433 freq=5240
10-15 22:14:20.667  4340  4340 E SignalClusterView: setSlotFocusVisible : subId -2
10-15 22:14:20.668  4340  4340 E SignalClusterView: setSlotFocusVisible : subId -2
10-15 22:14:20.713 29837 30114 I BatteryMgr:DataCollectionService: stats => 1697400860713,-174,4250,-339,0,100
10-15 22:14:20.821 29837 30114 I BatteryMgr:DataCollectionService: stats => 1697400860821,-174,4250,-339,0,100
10-15 22:14:20.906  3957  4128 D WifiService: getConnectionInfo uid=1000
10-15 22:14:20.932 29837 30114 I BatteryMgr:DataCollectionService: stats => 1697400860932,-174,4250,-339,0,100
10-15 22:14:21.047 29837 30114 I BatteryMgr:DataCollectionService: stats => 1697400861047,-174,4250,-339,0,100
10-15 22:14:21.159 29837 30114 I BatteryMgr:DataCollectionService: stats => 1697400861159,-174,4250,-339,0,100
10-15 22:14:21.266 29837 30114 I BatteryMgr:DataCollectionService: stats => 1697400861266,-174,4250,-339,0,100
10-15 22:14:21.376 29837 30114 I BatteryMgr:DataCollectionService: stats => 1697400861376,-174,4250,-339,0,100
10-15 22:14:21.489 29837 30114 I BatteryMgr:DataCollectionService: stats => 1697400861489,-174,4250,-339,0,100
10-15 22:14:21.524  3957  4129 D WifiStateMachine:  ConnectedState !RSSI_PKTCNT_FETCH uid=1000 rt=402850673/1063248900 0 0 "ourhome" f4:6d:2f:12:cc:88 rssi=-41 f=5240 sc=60 link=433 tx=0.8, 0.0, 0.0  rx=1.3 bcn=58224 [on:0 tx:0 rx:0 period:855] from screen [on:149922 period:1028499] score=60
10-15 22:14:21.529  3957  4129 D WifiStateMachine:  L2ConnectedState !RSSI_PKTCNT_FETCH uid=1000 rt=402850675/1063248902 0 0 "ourhome" f4:6d:2f:12:cc:88 rssi=-41 f=5240 sc=60 link=433 tx=0.8, 0.0, 0.0  rx=1.3 bcn=58224 [on:0 tx:0 rx:0 period:5] from screen [on:149922 period:1028504] score=60
10-15 22:14:21.531  3957  4129 D WifiStateMachine: fetchRssiLinkSpeedAndFrequencyNative rssi=-41 linkspeed=433 freq=5240
10-15 22:14:21.600 29837 30114 I BatteryMgr:DataCollectionService: stats => 1697400861599,-174,4250,-339,0,100
10-15 22:14:21.708 29837 30114 I BatteryMgr:DataCollectionService: stats => 1697400861708,-174,4250,-339,0,100
10-15 22:14:21.819 29837 30114 I BatteryMgr:DataCollectionService: stats => 1697400861819,-174,4250,-339,0,100
10-15 22:14:21.909  3957  4128 D WifiService: getConnectionInfo uid=1000
10-15 22:14:21.936 29837 30114 I BatteryMgr:DataCollectionService: stats => 1697400861936,-174,4250,-339,0,100
10-15 22:14:21.998 30334 30369 I System.out: (HTTPLog)-Static: isSBSettingEnabled false
10-15 22:14:21.999 30334 30369 I System.out: (HTTPLog)-Static: isSBSettingEnabled false
10-15 22:14:22.049 29837 30114 I BatteryMgr:DataCollectionService: stats => 1697400862049,-174,4250,-339,0,100
10-15 22:14:22.160 29837 30114 I BatteryMgr:DataCollectionService: stats => 1697400862160,-174,4250,-339,0,100
10-15 22:14:22.270 29837 30114 I BatteryMgr:DataCollectionService: stats => 1697400862270,-174,4250,-339,0,100
10-15 22:14:22.386 29837 30114 I BatteryMgr:DataCollectionService: stats => 1697400862385,-174,4250,-339,0,100
10-15 22:14:22.478  3957  4416 E Watchdog: !@Sync 13423 [2023-10-15 22:14:22.477]
10-15 22:14:22.495 29837 30114 I BatteryMgr:DataCollectionService: stats => 1697400862495,-174,4250,-339,0,100
10-15 22:14:22.527  3957  4129 D WifiStateMachine:  ConnectedState !RSSI_PKTCNT_FETCH uid=1000 rt=402851675/1063249902 0 0 "ourhome" f4:6d:2f:12:cc:88 rssi=-41 f=5240 sc=60 link=433 tx=0.8, 0.0, 0.0  rx=1.3 bcn=58224 [on:0 tx:0 rx:0 period:998] from screen [on:149922 period:1029502] score=60
10-15 22:14:22.529  3957  4129 D WifiStateMachine:  L2ConnectedState !RSSI_PKTCNT_FETCH uid=1000 rt=402851678/1063249906 0 0 "ourhome" f4:6d:2f:12:cc:88 rssi=-41 f=5240 sc=60 link=433 tx=0.8, 0.0, 0.0  rx=1.3 bcn=58224 [on:0 tx:0 rx:0 period:3] from screen [on:149922 period:1029505] score=60
10-15 22:14:22.537  3957  4129 D WifiStateMachine: fetchRssiLinkSpeedAndFrequencyNative rssi=-41 linkspeed=433 freq=5240
10-15 22:14:22.611 29837 30114 I BatteryMgr:DataCollectionService: stats => 1697400862610,-174,4250,-339,0,100
10-15 22:14:22.720 29837 30114 I BatteryMgr:DataCollectionService: stats => 1697400862720,-174,4250,-339,0,100
10-15 22:14:22.830 29837 30114 I BatteryMgr:DataCollectionService: stats => 1697400862830,-174,4250,-339,0,100
10-15 22:14:22.912  3957  4128 D WifiService: getConnectionInfo uid=1000
10-15 22:14:22.944 29837 30114 I BatteryMgr:DataCollectionService: stats => 1697400862944,-174,4250,-339,0,100
10-15 22:14:23.055 29837 30114 I BatteryMgr:DataCollectionService: stats => 1697400863055,-174,4250,-339,0,100
10-15 22:14:23.172 29837 30114 I BatteryMgr:DataCollectionService: stats => 1697400863172,-174,4250,-339,0,100
10-15 22:14:23.292 29837 30114 I BatteryMgr:DataCollectionService: stats => 1697400863291,-174,4250,-339,0,100
10-15 22:14:23.410 29837 30114 I BatteryMgr:DataCollectionService: stats => 1697400863410,-174,4250,-339,0,100
10-15 22:14:23.524 29837 30114 I BatteryMgr:DataCollectionService: stats => 1697400863523,-174,4250,-339,0,100
10-15 22:14:23.527  3957  4129 D WifiStateMachine:  ConnectedState !RSSI_PKTCNT_FETCH uid=1000 rt=402852676/1063250904 0 0 "ourhome" f4:6d:2f:12:cc:88 rssi=-41 f=5240 sc=60 link=433 tx=0.8, 0.0, 0.0  rx=1.3 bcn=58224 [on:0 tx:0 rx:0 period:998] from screen [on:149922 period:1030503] score=60
10-15 22:14:23.530  3957  4129 D WifiStateMachine:  L2ConnectedState !RSSI_PKTCNT_FETCH uid=1000 rt=402852679/1063250906 0 0 "ourhome" f4:6d:2f:12:cc:88 rssi=-41 f=5240 sc=60 link=433 tx=0.8, 0.0, 0.0  rx=1.3 bcn=58224 [on:0 tx:0 rx:0 period:3] from screen [on:149922 period:1030506] score=60
10-15 22:14:23.537  3957  4129 D WifiStateMachine: fetchRssiLinkSpeedAndFrequencyNative rssi=-41 linkspeed=433 freq=5240
10-15 22:14:23.635 29837 30114 I BatteryMgr:DataCollectionService: stats => 1697400863635,-174,4250,-339,0,100
10-15 22:14:23.668  3957  4129 D WifiStateMachine:  ConnectedState !CMD_RSSI_POLL rt=402852815/1063251042 52 0 "ourhome" f4:6d:2f:12:cc:88 rssi=-41 f=5240 sc=60 link=433 tx=0.8, 0.0, 0.0  rx=1.3 bcn=58224 [on:0 tx:0 rx:0 period:138] from screen [on:149922 period:1030644] score=60
10-15 22:14:23.671  3957  4129 D WifiStateMachine:  L2ConnectedState !CMD_RSSI_POLL rt=402852820/1063251047 52 0 "ourhome" f4:6d:2f:12:cc:88 rssi=-41 f=5240 sc=60 link=433 tx=0.8, 0.0, 0.0  rx=1.3 bcn=58224 [on:0 tx:0 rx:0 period:3] from screen [on:149922 period:1030647] score=60
10-15 22:14:23.671  3957  4129 D WifiStateMachine:  get link layer stats 3
10-15 22:14:23.671  3436  3436 I android.hardware.wifi@1.0-service: getLinkLayerStats
10-15 22:14:23.679  3957  4129 D WifiStateMachine: fetchRssiLinkSpeedAndFrequencyNative rssi=-41 linkspeed=433 freq=5240
10-15 22:14:23.684  4340  4340 E SignalClusterView: setSlotFocusVisible : subId -2
10-15 22:14:23.684  4340  4340 E SignalClusterView: setSlotFocusVisible : subId -2
10-15 22:14:23.747 29837 30114 I BatteryMgr:DataCollectionService: stats => 1697400863747,-174,4250,-339,0,100
10-15 22:14:23.860 29837 30114 I BatteryMgr:DataCollectionService: stats => 1697400863860,-174,4250,-339,0,100
10-15 22:14:23.914  3957  4128 D WifiService: getConnectionInfo uid=1000
10-15 22:14:23.972 29837 30114 I BatteryMgr:DataCollectionService: stats => 1697400863971,-174,4250,-339,0,100
10-15 22:14:24.085 29837 30114 I BatteryMgr:DataCollectionService: stats => 1697400864084,-174,4250,-339,0,100
10-15 22:14:24.202 29837 30114 I BatteryMgr:DataCollectionService: stats => 1697400864201,-174,4250,-339,0,100
10-15 22:14:24.313 29837 30114 I BatteryMgr:DataCollectionService: stats => 1697400864312,-174,4250,-339,0,100
10-15 22:14:24.425 29837 30114 I BatteryMgr:DataCollectionService: stats => 1697400864424,-174,4250,-339,0,100
10-15 22:14:24.530  3957  4129 D WifiStateMachine:  ConnectedState !RSSI_PKTCNT_FETCH uid=1000 rt=402853678/1063251905 0 0 "ourhome" f4:6d:2f:12:cc:88 rssi=-41 f=5240 sc=60 link=433 tx=2.2, 0.0, 0.0  rx=2.4 bcn=58252 [on:0 tx:0 rx:0 period:847] from screen [on:150686 period:1031506] score=60
10-15 22:14:24.532  3957  4129 D WifiStateMachine:  L2ConnectedState !RSSI_PKTCNT_FETCH uid=1000 rt=402853681/1063251909 0 0 "ourhome" f4:6d:2f:12:cc:88 rssi=-41 f=5240 sc=60 link=433 tx=2.2, 0.0, 0.0  rx=2.4 bcn=58252 [on:0 tx:0 rx:0 period:2] from screen [on:150686 period:1031508] score=60
10-15 22:14:24.536 29837 30114 I BatteryMgr:DataCollectionService: stats => 1697400864536,-174,4250,-339,0,100
10-15 22:14:24.539  3957  4129 D WifiStateMachine: fetchRssiLinkSpeedAndFrequencyNative rssi=-41 linkspeed=433 freq=5240
10-15 22:14:24.646 29837 30114 I BatteryMgr:DataCollectionService: stats => 1697400864645,-174,4250,-339,0,100
10-15 22:14:24.660 19438 19556 D ScanRecord: Not a Multi Manu data
10-15 22:14:24.737  4961  4961 D io_stats: !@ 179,0 r 5274390 163437604 w 1287486 27977224 d 101498 31608112 f 298739 315316 iot 2344588 2073071 th 51200 0 0 pt 0 inp 0 0 402853.887
10-15 22:14:24.748 19438 19556 I chatty  : uid=1002(bluetooth) BT Service Call identical 193 lines
10-15 22:14:24.748 19438 19556 D ScanRecord: Not a Multi Manu data
10-15 22:14:24.756 29837 30114 I BatteryMgr:DataCollectionService: stats => 1697400864756,-174,4250,-339,0,100
10-15 22:14:24.777 19438 19556 D ScanRecord: Not a Multi Manu data
10-15 22:14:24.853 19438 19556 I chatty  : uid=1002(bluetooth) BT Service Call identical 154 lines
10-15 22:14:24.853 19438 19556 D ScanRecord: Not a Multi Manu data
10-15 22:14:24.865 29837 30114 I BatteryMgr:DataCollectionService: stats => 1697400864865,-174,4250,-339,0,100
10-15 22:14:24.866 19438 19556 D ScanRecord: Not a Multi Manu data
10-15 22:14:24.913 19438 19556 I chatty  : uid=1002(bluetooth) BT Service Call identical 76 lines
10-15 22:14:24.913 19438 19556 D ScanRecord: Not a Multi Manu data
10-15 22:14:24.917  3957  4128 D WifiService: getConnectionInfo uid=1000
10-15 22:14:24.919 19438 19556 D ScanRecord: Not a Multi Manu data
10-15 22:14:24.964 19438 19556 I chatty  : uid=1002(bluetooth) BT Service Call identical 115 lines
10-15 22:14:24.964 19438 19556 D ScanRecord: Not a Multi Manu data
10-15 22:14:24.977 29837 30114 I BatteryMgr:DataCollectionService: stats => 1697400864977,-174,4250,-339,0,100
10-15 22:14:24.988 19438 19556 D ScanRecord: Not a Multi Manu data
10-15 22:14:25.080 19438 19556 I chatty  : uid=1002(bluetooth) BT Service Call identical 167 lines
10-15 22:14:25.080 19438 19556 D ScanRecord: Not a Multi Manu data
10-15 22:14:25.086 29837 30114 I BatteryMgr:DataCollectionService: stats => 1697400865086,-174,4250,-339,0,100
10-15 22:14:25.102 19438 19556 D ScanRecord: Not a Multi Manu data
10-15 22:14:25.140 19438 19556 I chatty  : uid=1002(bluetooth) BT Service Call identical 102 lines
10-15 22:14:25.140 19438 19556 D ScanRecord: Not a Multi Manu data
10-15 22:14:25.193 29837 30114 I BatteryMgr:DataCollectionService: stats => 1697400865193,-174,4250,-339,0,100
10-15 22:14:25.305 29837 30114 I BatteryMgr:DataCollectionService: stats => 1697400865305,-174,4250,-339,0,100
10-15 22:14:25.415 29837 30114 I BatteryMgr:DataCollectionService: stats => 1697400865415,-174,4250,-339,0,100
10-15 22:14:25.528 29837 30114 I BatteryMgr:DataCollectionService: stats => 1697400865527,-174,4250,-339,0,100
10-15 22:14:25.533  3957  4129 D WifiStateMachine:  ConnectedState !RSSI_PKTCNT_FETCH uid=1000 rt=402854679/1063252907 0 0 "ourhome" f4:6d:2f:12:cc:88 rssi=-41 f=5240 sc=60 link=433 tx=2.2, 0.0, 0.0  rx=2.4 bcn=58252 [on:0 tx:0 rx:0 period:1000] from screen [on:150686 period:1032508] score=60
10-15 22:14:25.535  3957  4129 D WifiStateMachine:  L2ConnectedState !RSSI_PKTCNT_FETCH uid=1000 rt=402854684/1063252911 0 0 "ourhome" f4:6d:2f:12:cc:88 rssi=-41 f=5240 sc=60 link=433 tx=2.2, 0.0, 0.0  rx=2.4 bcn=58252 [on:0 tx:0 rx:0 period:3] from screen [on:150686 period:1032511] score=60
10-15 22:14:25.537  3957  4129 D WifiStateMachine: fetchRssiLinkSpeedAndFrequencyNative rssi=-41 linkspeed=433 freq=5240
10-15 22:14:25.645 29837 30114 I BatteryMgr:DataCollectionService: stats => 1697400865645,-174,4250,-339,0,100
10-15 22:14:25.755 29837 30114 I BatteryMgr:DataCollectionService: stats => 1697400865755,-174,4250,-339,0,100
10-15 22:14:25.863 29837 30114 I BatteryMgr:DataCollectionService: stats => 1697400865863,-174,4250,-339,0,100
10-15 22:14:25.920  3957  4128 D WifiService: getConnectionInfo uid=1000
10-15 22:14:25.973 29837 30114 I BatteryMgr:DataCollectionService: stats => 1697400865972,-174,4250,-339,0,100
10-15 22:14:26.083 29837 30114 I BatteryMgr:DataCollectionService: stats => 1697400866082,-174,4250,-339,0,100
10-15 22:14:26.193 29837 30114 I BatteryMgr:DataCollectionService: stats => 1697400866193,-174,4250,-339,0,100
10-15 22:14:26.303 29837 30114 I BatteryMgr:DataCollectionService: stats => 1697400866303,-174,4250,-339,0,100
10-15 22:14:26.390  3957  6478 D SSRM:k  : SIOP:: AP = 370, PST = 345 (W:14), BAT = 297, USB = 0, CHG = 0
10-15 22:14:26.416 29837 30114 I BatteryMgr:DataCollectionService: stats => 1697400866416,-174,4250,-339,0,100
10-15 22:14:26.528 29837 30114 I BatteryMgr:DataCollectionService: stats => 1697400866528,-174,4250,-339,0,100
