10-15 22:29:38.822  3957  4129 D WifiStateMachine:  ConnectedState !RSSI_PKTCNT_FETCH uid=1000 rt=403767970/1064166197 0 0 "ourhome" f4:6d:2f:12:cc:88 rssi=-40 f=5240 sc=60 link=433 tx=0.7, 0.0, 0.0  rx=0.8 bcn=66546 [on:0 tx:0 rx:0 period:999] from screen [on:279001 period:1945798] score=60
10-15 22:29:38.824  3957  4129 D WifiStateMachine:  L2ConnectedState !RSSI_PKTCNT_FETCH uid=1000 rt=403767973/1064166201 0 0 "ourhome" f4:6d:2f:12:cc:88 rssi=-40 f=5240 sc=60 link=433 tx=0.7, 0.0, 0.0  rx=0.8 bcn=66546 [on:0 tx:0 rx:0 period:2] from screen [on:279001 period:1945800] score=60
10-15 22:29:38.831  3957  4129 D WifiStateMachine: fetchRssiLinkSpeedAndFrequencyNative rssi=-43 linkspeed=433 freq=5240
10-15 22:29:38.928 31417 31703 I BatteryMgr:DataCollectionService: stats => 1697401778928,146,4250,136,0,100
10-15 22:29:39.037 31417 31703 I BatteryMgr:DataCollectionService: stats => 1697401779037,146,4250,136,0,100
10-15 22:29:39.146 31417 31703 I BatteryMgr:DataCollectionService: stats => 1697401779146,146,4250,136,0,100
10-15 22:29:39.189  3957  4128 D WifiService: getConnectionInfo uid=1000
10-15 22:29:39.254 31417 31703 I BatteryMgr:DataCollectionService: stats => 1697401779254,146,4250,136,0,100
10-15 22:29:39.362 31417 31703 I BatteryMgr:DataCollectionService: stats => 1697401779362,146,4250,136,0,100
10-15 22:29:39.388  3957  4129 D WifiStateMachine:  ConnectedState !CMD_RSSI_POLL rt=403768536/1064166764 52 0 "ourhome" f4:6d:2f:12:cc:88 rssi=-43 f=5240 sc=60 link=433 tx=0.7, 0.0, 0.0  rx=0.8 bcn=66546 [on:0 tx:0 rx:0 period:564] from screen [on:279001 period:1946364] score=60
10-15 22:29:39.390  3957  4129 D WifiStateMachine:  L2ConnectedState !CMD_RSSI_POLL rt=403768539/1064166766 52 0 "ourhome" f4:6d:2f:12:cc:88 rssi=-43 f=5240 sc=60 link=433 tx=0.7, 0.0, 0.0  rx=0.8 bcn=66546 [on:0 tx:0 rx:0 period:2] from screen [on:279001 period:1946366] score=60
10-15 22:29:39.390  3957  4129 D WifiStateMachine:  get link layer stats 3
10-15 22:29:39.390  3436  3436 I android.hardware.wifi@1.0-service: getLinkLayerStats
10-15 22:29:39.409  3957  4129 D WifiStateMachine: fetchRssiLinkSpeedAndFrequencyNative rssi=-43 linkspeed=433 freq=5240
10-15 22:29:39.414  4340  4340 E SignalClusterView: setSlotFocusVisible : subId -2
10-15 22:29:39.414  4340  4340 E SignalClusterView: setSlotFocusVisible : subId -2
10-15 22:29:39.472 31417 31703 I BatteryMgr:DataCollectionService: stats => 1697401779472,146,4250,136,0,100
10-15 22:29:39.580 31417 31703 I BatteryMgr:DataCollectionService: stats => 1697401779580,146,4250,136,0,100
10-15 22:29:39.619  3957  6478 D SSRM:k  : SIOP:: AP = 370, PST = 357 (W:24), BAT = 297, USB = 0, CHG = 0
10-15 22:29:39.680 19438 19556 D ScanRecord: Not a Multi Manu data
10-15 22:29:39.692 19438 19556 I chatty  : uid=1002(bluetooth) BT Service Call identical 37 lines
10-15 22:29:39.692 19438 19556 D ScanRecord: Not a Multi Manu data
10-15 22:29:39.693 31417 31703 I BatteryMgr:DataCollectionService: stats => 1697401779692,146,4250,136,0,100
10-15 22:29:39.697 19438 19556 D ScanRecord: Not a Multi Manu data
10-15 22:29:39.798 19438 19556 I chatty  : uid=1002(bluetooth) BT Service Call identical 202 lines
10-15 22:29:39.798 31417 31703 I BatteryMgr:DataCollectionService: stats => 1697401779798,146,4250,136,0,100
10-15 22:29:39.798 19438 19556 D ScanRecord: Not a Multi Manu data
10-15 22:29:39.798 19438 19556 D ScanRecord: Not a Multi Manu data
10-15 22:29:39.820 19438 19556 I chatty  : uid=1002(bluetooth) BT Service Call identical 54 lines
10-15 22:29:39.820 19438 19556 D ScanRecord: Not a Multi Manu data
10-15 22:29:39.822  3957  4129 D WifiStateMachine:  ConnectedState !RSSI_PKTCNT_FETCH uid=1000 rt=403768971/1064167199 0 0 "ourhome" f4:6d:2f:12:cc:88 rssi=-43 f=5240 sc=60 link=433 tx=2.2, 0.0, 0.0  rx=2.2 bcn=66571 [on:0 tx:0 rx:0 period:409] from screen [on:279551 period:1946797] score=60
10-15 22:29:39.822 19438 19556 D ScanRecord: Not a Multi Manu data
10-15 22:29:39.823 19438 19556 I chatty  : uid=1002(bluetooth) BT Service Call identical 9 lines
10-15 22:29:39.823 19438 19556 D ScanRecord: Not a Multi Manu data
10-15 22:29:39.823  3957  4129 D WifiStateMachine:  L2ConnectedState !RSSI_PKTCNT_FETCH uid=1000 rt=403768973/1064167200 0 0 "ourhome" f4:6d:2f:12:cc:88 rssi=-43 f=5240 sc=60 link=433 tx=2.2, 0.0, 0.0  rx=2.2 bcn=66571 [on:0 tx:0 rx:0 period:1] from screen [on:279551 period:1946798] score=60
10-15 22:29:39.823 19438 19556 D ScanRecord: Not a Multi Manu data
10-15 22:29:39.823 19438 19556 D ScanRecord: Not a Multi Manu data
10-15 22:29:39.825  3957  4129 D WifiStateMachine: fetchRssiLinkSpeedAndFrequencyNative rssi=-44 linkspeed=433 freq=5240
10-15 22:29:39.829 19438 19556 D ScanRecord: Not a Multi Manu data
10-15 22:29:39.898 19438 19556 I chatty  : uid=1002(bluetooth) BT Service Call identical 63 lines
10-15 22:29:39.898 19438 19556 D ScanRecord: Not a Multi Manu data
10-15 22:29:39.906 31417 31703 I BatteryMgr:DataCollectionService: stats => 1697401779905,146,4250,136,0,100
10-15 22:29:39.913 19438 19556 D ScanRecord: Not a Multi Manu data
10-15 22:29:40.002 19438 19556 I chatty  : uid=1002(bluetooth) BT Service Call identical 180 lines
10-15 22:29:40.002 19438 19556 D ScanRecord: Not a Multi Manu data
10-15 22:29:40.012 31417 31703 I BatteryMgr:DataCollectionService: stats => 1697401780012,146,4250,136,0,100
10-15 22:29:40.025 19438 19556 D ScanRecord: Not a Multi Manu data
10-15 22:29:40.119 19438 19556 I chatty  : uid=1002(bluetooth) BT Service Call identical 180 lines
10-15 22:29:40.119 19438 19556 D ScanRecord: Not a Multi Manu data
10-15 22:29:40.123 31417 31703 I BatteryMgr:DataCollectionService: stats => 1697401780123,146,4250,136,0,100
10-15 22:29:40.123 19438 19556 D ScanRecord: Not a Multi Manu data
10-15 22:29:40.167 19438 19556 I chatty  : uid=1002(bluetooth) BT Service Call identical 115 lines
10-15 22:29:40.167 19438 19556 D ScanRecord: Not a Multi Manu data
10-15 22:29:40.192  3957  4128 D WifiService: getConnectionInfo uid=1000
10-15 22:29:40.233 31417 31703 I BatteryMgr:DataCollectionService: stats => 1697401780233,146,4250,136,0,100
10-15 22:29:40.340  4961  4961 D io_stats: !@ 179,0 r 5313934 164807460 w 1290881 28030260 d 101866 31629480 f 299082 315725 iot 2361540 2087237 th 51200 0 0 pt 0 inp 0 0 403769.490
10-15 22:29:40.344 31417 31703 I BatteryMgr:DataCollectionService: stats => 1697401780344,146,4250,136,0,100
10-15 22:29:40.384  3957  4030 D SensorService: [SO] 0.091 -0.105 9.965
10-15 22:29:40.457 31417 31703 I BatteryMgr:DataCollectionService: stats => 1697401780456,146,4250,136,0,100
10-15 22:29:40.567 31417 31703 I BatteryMgr:DataCollectionService: stats => 1697401780566,146,4250,136,0,100
10-15 22:29:40.678 31417 31703 I BatteryMgr:DataCollectionService: stats => 1697401780678,146,4250,136,0,100
10-15 22:29:40.787 31417 31703 I BatteryMgr:DataCollectionService: stats => 1697401780787,146,4250,136,0,100
10-15 22:29:40.828  3957  4129 D WifiStateMachine:  ConnectedState !RSSI_PKTCNT_FETCH uid=1000 rt=403769973/1064168200 0 0 "ourhome" f4:6d:2f:12:cc:88 rssi=-44 f=5240 sc=60 link=433 tx=2.2, 0.0, 0.0  rx=2.2 bcn=66571 [on:0 tx:0 rx:0 period:1005] from screen [on:279551 period:1947803] score=60
10-15 22:29:40.831  3957  4129 D WifiStateMachine:  L2ConnectedState !RSSI_PKTCNT_FETCH uid=1000 rt=403769979/1064168206 0 0 "ourhome" f4:6d:2f:12:cc:88 rssi=-44 f=5240 sc=60 link=433 tx=2.2, 0.0, 0.0  rx=2.2 bcn=66571 [on:0 tx:0 rx:0 period:3] from screen [on:279551 period:1947806] score=60
10-15 22:29:40.838  3957  4129 D WifiStateMachine: fetchRssiLinkSpeedAndFrequencyNative rssi=-43 linkspeed=433 freq=5240
10-15 22:29:40.899 31417 31703 I BatteryMgr:DataCollectionService: stats => 1697401780898,146,4250,136,0,100
10-15 22:29:41.007 31417 31703 I BatteryMgr:DataCollectionService: stats => 1697401781007,146,4250,136,0,100
10-15 22:29:41.115 31417 31703 I BatteryMgr:DataCollectionService: stats => 1697401781115,146,4250,136,0,100
10-15 22:29:41.195  3957  4128 D WifiService: getConnectionInfo uid=1000
10-15 22:29:41.227 31417 31703 I BatteryMgr:DataCollectionService: stats => 1697401781227,146,4250,136,0,100
10-15 22:29:41.335 31417 31703 I BatteryMgr:DataCollectionService: stats => 1697401781335,146,4250,136,0,100
10-15 22:29:41.448 31417 31703 I BatteryMgr:DataCollectionService: stats => 1697401781448,146,4250,136,0,100
10-15 22:29:41.559 31417 31703 I BatteryMgr:DataCollectionService: stats => 1697401781559,146,4250,136,0,100
10-15 22:29:41.672 31417 31703 I BatteryMgr:DataCollectionService: stats => 1697401781671,146,4250,136,0,100
10-15 22:29:41.780 31417 31703 I BatteryMgr:DataCollectionService: stats => 1697401781780,146,4250,136,0,100
10-15 22:29:41.825  3957  4129 D WifiStateMachine:  ConnectedState !RSSI_PKTCNT_FETCH uid=1000 rt=403770974/1064169201 0 0 "ourhome" f4:6d:2f:12:cc:88 rssi=-43 f=5240 sc=60 link=433 tx=2.2, 0.0, 0.0  rx=2.2 bcn=66571 [on:0 tx:0 rx:0 period:994] from screen [on:279551 period:1948800] score=60
10-15 22:29:41.827  3957  4129 D WifiStateMachine:  L2ConnectedState !RSSI_PKTCNT_FETCH uid=1000 rt=403770976/1064169204 0 0 "ourhome" f4:6d:2f:12:cc:88 rssi=-43 f=5240 sc=60 link=433 tx=2.2, 0.0, 0.0  rx=2.2 bcn=66571 [on:0 tx:0 rx:0 period:3] from screen [on:279551 period:1948803] score=60
10-15 22:29:41.834  3957  4129 D WifiStateMachine: fetchRssiLinkSpeedAndFrequencyNative rssi=-42 linkspeed=433 freq=5240
10-15 22:29:41.894 31417 31703 I BatteryMgr:DataCollectionService: stats => 1697401781894,146,4250,136,0,100
10-15 22:29:42.007 31417 31703 I BatteryMgr:DataCollectionService: stats => 1697401782006,146,4250,136,0,100
10-15 22:29:42.115 31417 31703 I BatteryMgr:DataCollectionService: stats => 1697401782114,146,4250,136,0,100
10-15 22:29:42.198  3957  4128 D WifiService: getConnectionInfo uid=1000
10-15 22:29:42.224 31417 31703 I BatteryMgr:DataCollectionService: stats => 1697401782224,146,4250,136,0,100
10-15 22:29:42.334 31417 31703 I BatteryMgr:DataCollectionService: stats => 1697401782334,146,4250,136,0,100
10-15 22:29:42.359  3957  4650 D ConnectivityService: filterNetworkStateForUid() uid: 10103 networkInfo: [type: WIFI[] - WIFI, state: CONNECTED/CONNECTED, reason: (unspecified), extra: "ourhome", failover: false, available: true, roaming: false, metered: false]
10-15 22:29:42.359  3957  4650 D WifiService: getConnectionInfo uid=1000
10-15 22:29:42.407  3957  4650 D ConnectivityService: filterNetworkStateForUid() uid: 10103 networkInfo: [type: WIFI[] - WIFI, state: CONNECTED/CONNECTED, reason: (unspecified), extra: "ourhome", failover: false, available: true, roaming: false, metered: false]
10-15 22:29:42.407  3957  4650 D WifiService: getConnectionInfo uid=1000
10-15 22:29:42.411  3957  4129 D WifiStateMachine:  ConnectedState !CMD_RSSI_POLL rt=403771561/1064169788 52 0 "ourhome" f4:6d:2f:12:cc:88 rssi=-42 f=5240 sc=60 link=433 tx=2.2, 0.0, 0.0  rx=2.2 bcn=66571 [on:0 tx:0 rx:0 period:584] from screen [on:279551 period:1949387] score=60
10-15 22:29:42.413  3957  4129 D WifiStateMachine:  L2ConnectedState !CMD_RSSI_POLL rt=403771562/1064169790 52 0 "ourhome" f4:6d:2f:12:cc:88 rssi=-42 f=5240 sc=60 link=433 tx=2.2, 0.0, 0.0  rx=2.2 bcn=66571 [on:0 tx:0 rx:0 period:2] from screen [on:279551 period:1949389] score=60
10-15 22:29:42.414  3957  4129 D WifiStateMachine:  get link layer stats 3
10-15 22:29:42.414 20700 20700 D ConnectivityManager: requestNetwork; CallingUid : 10103, CallingPid : 20700
10-15 22:29:42.414  3436  3436 I android.hardware.wifi@1.0-service: getLinkLayerStats
10-15 22:29:42.423  3957  4129 D WifiStateMachine: fetchRssiLinkSpeedAndFrequencyNative rssi=-41 linkspeed=433 freq=5240
10-15 22:29:42.427  4340  4340 E SignalClusterView: setSlotFocusVisible : subId -2
10-15 22:29:42.427  4340  4340 E SignalClusterView: setSlotFocusVisible : subId -2
10-15 22:29:42.436  3957  4650 D ConnectivityService: requestNetwork for uid/pid:10103/20700 NetworkRequest [ TRACK_DEFAULT id=1109, [ Capabilities: INTERNET&NOT_RESTRICTED&TRUSTED&NOT_VPN] ]
10-15 22:29:42.442 31417 31703 I BatteryMgr:DataCollectionService: stats => 1697401782442,146,4250,136,0,100
10-15 22:29:42.446  3957  4157 D ConnectivityService: rematching NetworkAgentInfo [WIFI () - 507]
10-15 22:29:42.446  3957  4157 D ConnectivityService:  network has: [ Transports: WIFI Capabilities: NOT_METERED&INTERNET&NOT_RESTRICTED&TRUSTED&NOT_VPN&VALIDATED&FOREGROUND LinkUpBandwidth>=1048576Kbps LinkDnBandwidth>=1048576Kbps SignalStrength: -43]
10-15 22:29:42.446  3957  4157 D ConnectivityService: Network NetworkAgentInfo [WIFI () - 507] was already satisfying request 1108. No change.
10-15 22:29:42.446  3957  4157 D ConnectivityService: Network NetworkAgentInfo [WIFI () - 507] was already satisfying request 1066. No change.
10-15 22:29:42.446  3957  4157 D ConnectivityService: Network NetworkAgentInfo [WIFI () - 507] was already satisfying request 1. No change.
10-15 22:29:42.447  3957  4157 D ConnectivityService:   checking if request is satisfied: NetworkRequest [ TRACK_DEFAULT id=1109, [ Capabilities: INTERNET&NOT_RESTRICTED&TRUSTED&NOT_VPN] ]
10-15 22:29:42.447  3957  4157 D ConnectivityService: currentScore = 0, newScore = 100
10-15 22:29:42.447  3957  4157 D ConnectivityService: rematch for NetworkAgentInfo [WIFI () - 507]
10-15 22:29:42.447  3957  4157 D ConnectivityService:    accepting network in place of null
10-15 22:29:42.447  3957  4157 D ConnectivityService: sending new Min Network Score(100): NetworkRequest [ TRACK_DEFAULT id=1109, [ Capabilities: INTERNET&NOT_RESTRICTED&TRUSTED&NOT_VPN] ]
10-15 22:29:42.447  3957  4313 D Ethernet: got request NetworkRequest [ TRACK_DEFAULT id=1109, [ Capabilities: INTERNET&NOT_RESTRICTED&TRUSTED&NOT_VPN] ] with score 100
10-15 22:29:42.447  3957  4313 D Ethernet:   my score=-1, my filter=[ Transports: ETHERNET Capabilities: INTERNET&NOT_RESTRICTED&TRUSTED&NOT_VPN LinkUpBandwidth>=100000Kbps LinkDnBandwidth>=100000Kbps]
10-15 22:29:42.448  3957  4313 D Ethernet: evalRequest
10-15 22:29:42.448  3957  4313 D Ethernet:   done
10-15 22:29:42.448  3957  4153 D WIFI_P2P: got request NetworkRequest [ TRACK_DEFAULT id=1109, [ Capabilities: INTERNET&NOT_RESTRICTED&TRUSTED&NOT_VPN] ] with score 100
10-15 22:29:42.448  3957  4157 D ConnectivityService: MultiNetwork Request(TransportType - Wi-Fi request). Internet Capability doesn't required (false)
10-15 22:29:42.448  3957  4157 D ConnectivityService: Network NetworkAgentInfo [WIFI () - 507] was already satisfying request 3. No change.
10-15 22:29:42.448  3957  4153 D WIFI_P2P:   my score=60, my filter=[ Transports: WIFI Capabilities: WIFI_P2P&NOT_RESTRICTED&TRUSTED&NOT_VPN LinkUpBandwidth>=1048576Kbps LinkDnBandwidth>=1048576Kbps]
10-15 22:29:42.448  3957  4153 D WIFI_P2P: evalRequest
10-15 22:29:42.448  3957  4153 D WIFI_P2P:   done
10-15 22:29:42.448  3957  4129 D WIFI    : got request NetworkRequest [ TRACK_DEFAULT id=1109, [ Capabilities: INTERNET&NOT_RESTRICTED&TRUSTED&NOT_VPN] ] with score 100
10-15 22:29:42.448  3957  4129 D WIFI    :   my score=60, my filter=[ Transports: WIFI Capabilities: NOT_METERED&INTERNET&NOT_RESTRICTED&TRUSTED&NOT_VPN LinkUpBandwidth>=1048576Kbps LinkDnBandwidth>=1048576Kbps]
10-15 22:29:42.448  3957  4129 D WIFI    : evalRequest
10-15 22:29:42.448  3957  4129 D WIFI    :   done
10-15 22:29:42.449  3957  4129 D WIFI_UT : got request NetworkRequest [ TRACK_DEFAULT id=1109, [ Capabilities: INTERNET&NOT_RESTRICTED&TRUSTED&NOT_VPN] ] with score 100
10-15 22:29:42.449  3957  4129 D WIFI_UT :   my score=2147483647, my filter=[ Transports: WIFI Capabilities: NOT_METERED&INTERNET&NOT_RESTRICTED&TRUSTED&NOT_VPN LinkUpBandwidth>=1048576Kbps LinkDnBandwidth>=1048576Kbps]
10-15 22:29:42.449  3957  4129 D WIFI_UT : evalRequest
10-15 22:29:42.449  3957  4129 D WIFI_UT :   needNetworkFor
10-15 22:29:42.450  4616  4616 D PhoneSwitcherNetworkRequstListener: got request NetworkRequest [ TRACK_DEFAULT id=1109, [ Capabilities: INTERNET&NOT_RESTRICTED&TRUSTED&NOT_VPN] ] with score 100
10-15 22:29:42.450  4616  4616 D PhoneSwitcherNetworkRequstListener:   my score=101, my filter=[ Transports: CELLULAR Capabilities: MMS&SUPL&DUN&FOTA&IMS&CBS&IA&RCS&XCAP&EIMS&INTERNET&NOT_RESTRICTED&TRUSTED&NOT_VPN&ENT1 Specifier: <android.net.MatchAllNetworkSpecifier@0>]
10-15 22:29:42.450  4616  4616 D PhoneSwitcherNetworkRequstListener: evalRequest
10-15 22:29:42.450  4616  4616 D PhoneSwitcherNetworkRequstListener:   needNetworkFor
10-15 22:29:42.452  3957  4157 D ConnectivityService: sending notification AVAILABLE for NetworkRequest [ TRACK_DEFAULT id=1109, [ Capabilities: INTERNET&NOT_RESTRICTED&TRUSTED&NOT_VPN] ]
10-15 22:29:42.453  3957  4157 D ConnectivityService: sending notification CAP_CHANGED for NetworkRequest [ TRACK_DEFAULT id=1109, [ Capabilities: INTERNET&NOT_RESTRICTED&TRUSTED&NOT_VPN] ]
10-15 22:29:42.454  3957  4157 D ConnectivityService: sending notification IP_CHANGED for NetworkRequest [ TRACK_DEFAULT id=1109, [ Capabilities: INTERNET&NOT_RESTRICTED&TRUSTED&NOT_VPN] ]
10-15 22:29:42.471  3957 12585 D ConnectivityService: filterNetworkStateForUid() uid: 10103 networkInfo: [type: WIFI[] - WIFI, state: CONNECTED/CONNECTED, reason: (unspecified), extra: "ourhome", failover: false, available: true, roaming: false, metered: false]
10-15 22:29:42.471  3957 12585 D WifiService: getConnectionInfo uid=1000
10-15 22:29:42.473  3957 12585 D ConnectivityService: filterNetworkStateForUid() uid: 10103 networkInfo: [type: WIFI[] - WIFI, state: CONNECTED/CONNECTED, reason: (unspecified), extra: "ourhome", failover: false, available: true, roaming: false, metered: false]
10-15 22:29:42.474  3957 12585 D WifiService: getConnectionInfo uid=1000
10-15 22:29:42.548 31417 31703 I BatteryMgr:DataCollectionService: stats => 1697401782548,146,4250,136,0,100
10-15 22:29:42.655 31417 31703 I BatteryMgr:DataCollectionService: stats => 1697401782655,146,4250,136,0,100
10-15 22:29:42.757 20700 20721 I zygote  : Do full code cache collection, code=250KB, data=226KB
10-15 22:29:42.762 31417 31703 I BatteryMgr:DataCollectionService: stats => 1697401782762,146,4250,136,0,100
10-15 22:29:42.775 20700 20721 I zygote  : After code cache collection, code=235KB, data=148KB
10-15 22:29:42.825  3957  4129 D WifiStateMachine:  ConnectedState !RSSI_PKTCNT_FETCH uid=1000 rt=403771975/1064170202 0 0 "ourhome" f4:6d:2f:12:cc:88 rssi=-41 f=5240 sc=60 link=433 tx=0.8, 0.0, 0.0  rx=0.8 bcn=66597 [on:0 tx:0 rx:0 period:398] from screen [on:279641 period:1949801] score=60
10-15 22:29:42.827  3957  4129 D WifiStateMachine:  L2ConnectedState !RSSI_PKTCNT_FETCH uid=1000 rt=403771976/1064170204 0 0 "ourhome" f4:6d:2f:12:cc:88 rssi=-41 f=5240 sc=60 link=433 tx=0.8, 0.0, 0.0  rx=0.8 bcn=66597 [on:0 tx:0 rx:0 period:1] from screen [on:279641 period:1949802] score=60
10-15 22:29:42.831  3957  4129 D WifiStateMachine: fetchRssiLinkSpeedAndFrequencyNative rssi=-42 linkspeed=433 freq=5240
10-15 22:29:42.868 31417 31703 I BatteryMgr:DataCollectionService: stats => 1697401782868,146,4250,136,0,100
10-15 22:29:42.974 31417 31703 I BatteryMgr:DataCollectionService: stats => 1697401782974,146,4250,136,0,100
10-15 22:29:43.080 31417 31703 I BatteryMgr:DataCollectionService: stats => 1697401783080,146,4250,136,0,100
10-15 22:29:43.115 20700 20700 D ConnectivityManager: unregisterNetworkCallback; CallingUid : 10103, CallingPid : 20700
10-15 22:29:43.116  3957  4157 D ConnectivityService: releasing NetworkRequest [ TRACK_DEFAULT id=1109, [ Capabilities: INTERNET&NOT_RESTRICTED&TRUSTED&NOT_VPN] ] (CALLBACK_RELEASED)
10-15 22:29:43.118  3957  4157 D ConnectivityService:  Removing from current network NetworkAgentInfo [WIFI () - 507], leaving 13 requests.
10-15 22:29:43.120  3957  4157 D ConnectivityService: sending notification RELEASED for NetworkRequest [ TRACK_DEFAULT id=1109, [ Capabilities: INTERNET&NOT_RESTRICTED&TRUSTED&NOT_VPN] ]
10-15 22:29:43.121  3957 12585 D ConnectivityService: filterNetworkStateForUid() uid: 10103 networkInfo: [type: WIFI[] - WIFI, state: CONNECTED/CONNECTED, reason: (unspecified), extra: "ourhome", failover: false, available: true, roaming: false, metered: false]
10-15 22:29:43.121  3957 12585 D WifiService: getConnectionInfo uid=1000
10-15 22:29:43.122  3957 12585 I chatty  : uid=1000(system) Binder:3957_1B identical 1 line
10-15 22:29:43.123  3957 12585 I chatty  : uid=1000(system) Binder:3957_1B identical 1 line
10-15 22:29:43.124  3957 12585 D ConnectivityService: filterNetworkStateForUid() uid: 10103 networkInfo: [type: WIFI[] - WIFI, state: CONNECTED/CONNECTED, reason: (unspecified), extra: "ourhome", failover: false, available: true, roaming: false, metered: false]
10-15 22:29:43.124  3957 12585 D WifiService: getConnectionInfo uid=1000
10-15 22:29:43.130  3599  3918 D DnsProxyListener: DNSDBG::dns addrinfo af 0
10-15 22:29:43.145  3957 12585 I SamsungAlarmManager: setLocked to kernel - T:2 / 20231015T223307, SetElapsed=1064374604, nowELAPSED=1064170523
10-15 22:29:43.145  3957 12585 D SamsungAlarmManager: setExact Listener (T:2/F:0/AC:false) 20231015T222946 - CU:1000/CP:3957
10-15 22:29:43.145  3957 12585 I SamsungAlarmManager: setLocked to kernel - T:2 / 20231015T222946, SetElapsed=1064174143, nowELAPSED=1064170524
10-15 22:29:43.148  3957 12585 D SamsungAlarmManager: setInexact Listener (T:2/F:0/AC:false) 20231015T225942 - CU:1000/CP:3957
10-15 22:29:43.172  3957  4650 D ConnectivityService: filterNetworkStateForUid() uid: 10103 networkInfo: [type: WIFI[] - WIFI, state: CONNECTED/CONNECTED, reason: (unspecified), extra: "ourhome", failover: false, available: true, roaming: false, metered: false]
10-15 22:29:43.173  3957  4650 D WifiService: getConnectionInfo uid=1000
10-15 22:29:43.186 31417 31703 I BatteryMgr:DataCollectionService: stats => 1697401783186,146,4250,136,0,100
10-15 22:29:43.200  3957  4128 D WifiService: getConnectionInfo uid=1000
10-15 22:29:43.295 31417 31703 I BatteryMgr:DataCollectionService: stats => 1697401783295,146,4250,136,0,100
10-15 22:29:43.412 31417 31703 I BatteryMgr:DataCollectionService: stats => 1697401783412,146,4250,136,0,100
10-15 22:29:43.527 31417 31703 I BatteryMgr:DataCollectionService: stats => 1697401783527,146,4250,136,0,100
10-15 22:29:43.635 31417 31703 I BatteryMgr:DataCollectionService: stats => 1697401783635,146,4250,136,0,100
10-15 22:29:43.745 31417 31703 I BatteryMgr:DataCollectionService: stats => 1697401783745,146,4250,136,0,100
10-15 22:29:43.828  3957  4129 D WifiStateMachine:  ConnectedState !RSSI_PKTCNT_FETCH uid=1000 rt=403772976/1064171203 0 0 "ourhome" f4:6d:2f:12:cc:88 rssi=-42 f=5240 sc=60 link=433 tx=0.8, 0.0, 0.0  rx=0.8 bcn=66597 [on:0 tx:0 rx:0 period:1002] from screen [on:279641 period:1950804] score=60
10-15 22:29:43.831  3957  4129 D WifiStateMachine:  L2ConnectedState !RSSI_PKTCNT_FETCH uid=1000 rt=403772979/1064171207 0 0 "ourhome" f4:6d:2f:12:cc:88 rssi=-42 f=5240 sc=60 link=433 tx=0.8, 0.0, 0.0  rx=0.8 bcn=66597 [on:0 tx:0 rx:0 period:2] from screen [on:279641 period:1950806] score=60
10-15 22:29:43.833  3957  4129 D WifiStateMachine: fetchRssiLinkSpeedAndFrequencyNative rssi=-42 linkspeed=433 freq=5240
10-15 22:29:43.855 31417 31703 I BatteryMgr:DataCollectionService: stats => 1697401783855,146,4250,136,0,100
10-15 22:29:43.959 31417 31703 I BatteryMgr:DataCollectionService: stats => 1697401783959,146,4250,136,0,100
10-15 22:29:44.067 31417 31703 I BatteryMgr:DataCollectionService: stats => 1697401784066,146,4250,136,0,100
10-15 22:29:44.172 31417 31703 I BatteryMgr:DataCollectionService: stats => 1697401784172,146,4250,136,0,100
10-15 22:29:44.202  3957  4128 D WifiService: getConnectionInfo uid=1000
10-15 22:29:44.283 31417 31703 I BatteryMgr:DataCollectionService: stats => 1697401784282,146,4250,136,0,100
10-15 22:29:44.392 31417 31703 I BatteryMgr:DataCollectionService: stats => 1697401784392,146,4250,136,0,100
10-15 22:29:44.501 31417 31703 I BatteryMgr:DataCollectionService: stats => 1697401784501,146,4250,136,0,100
10-15 22:29:44.610 31417 31703 I BatteryMgr:DataCollectionService: stats => 1697401784610,146,4250,136,0,100
10-15 22:29:44.680 19438 19556 D ScanRecord: Not a Multi Manu data
10-15 22:29:44.681  3957  3980 W StorageManager: getStorageFullBytes DEFAULT_FULL_THRESHOLD_BYTES : 20971520, threadhold : 20971520
10-15 22:29:44.682  3957  3980 W StorageManager: getStorageLowBytes lowPercent : 5, lowBytes : 1260145254, maxLowBytes : 524288000
10-15 22:29:44.683  3957  3980 W DeviceStorageMonitorService: updateBroadcasts(/data) oldLevel:0, newLevel:0, seq:1
10-15 22:29:44.684  3957  3980 W DeviceStorageMonitorService: updateBroadcasts_filenode(/data) fn_oldLevel:0, fn_newLevel:0, seq:1
10-15 22:29:44.716 19438 19556 I chatty  : uid=1002(bluetooth) BT Service Call identical 102 lines
10-15 22:29:44.716 19438 19556 D ScanRecord: Not a Multi Manu data
10-15 22:29:44.718 31417 31703 I BatteryMgr:DataCollectionService: stats => 1697401784718,146,4250,136,0,100
10-15 22:29:44.733 19438 19556 D ScanRecord: Not a Multi Manu data
10-15 22:29:44.828 19438 19556 I chatty  : uid=1002(bluetooth) BT Service Call identical 271 lines
10-15 22:29:44.828 19438 19556 D ScanRecord: Not a Multi Manu data
10-15 22:29:44.829  3957  4129 D WifiStateMachine:  ConnectedState !RSSI_PKTCNT_FETCH uid=1000 rt=403773977/1064172205 0 0 "ourhome" f4:6d:2f:12:cc:88 rssi=-42 f=5240 sc=60 link=433 tx=0.8, 0.0, 0.0  rx=0.8 bcn=66597 [on:0 tx:0 rx:0 period:998] from screen [on:279641 period:1951804] score=60
10-15 22:29:44.833  3957  4129 D WifiStateMachine:  L2ConnectedState !RSSI_PKTCNT_FETCH uid=1000 rt=403773981/1064172209 0 0 "ourhome" f4:6d:2f:12:cc:88 rssi=-42 f=5240 sc=60 link=433 tx=0.8, 0.0, 0.0  rx=0.8 bcn=66597 [on:0 tx:0 rx:0 period:4] from screen [on:279641 period:1951808] score=60
10-15 22:29:44.834  3957  4129 D WifiStateMachine: fetchRssiLinkSpeedAndFrequencyNative rssi=-41 linkspeed=433 freq=5240
10-15 22:29:44.834 31417 31703 I BatteryMgr:DataCollectionService: stats => 1697401784834,146,4250,136,0,100
10-15 22:29:44.839 19438 19556 D ScanRecord: Not a Multi Manu data
10-15 22:29:44.941 19438 19556 I chatty  : uid=1002(bluetooth) BT Service Call identical 206 lines
10-15 22:29:44.941 19438 19556 D ScanRecord: Not a Multi Manu data
10-15 22:29:44.943 31417 31703 I BatteryMgr:DataCollectionService: stats => 1697401784943,146,4250,136,0,100
10-15 22:29:44.944 19438 19556 D ScanRecord: Not a Multi Manu data
10-15 22:29:45.041 19438 19556 I chatty  : uid=1002(bluetooth) BT Service Call identical 141 lines
10-15 22:29:45.041 19438 19556 D ScanRecord: Not a Multi Manu data
10-15 22:29:45.051 31417 31703 I BatteryMgr:DataCollectionService: stats => 1697401785051,146,4250,136,0,100
10-15 22:29:45.059 19438 19556 D ScanRecord: Not a Multi Manu data
10-15 22:29:45.161 19438 19556 I chatty  : uid=1002(bluetooth) BT Service Call identical 115 lines
10-15 22:29:45.161 19438 19556 D ScanRecord: Not a Multi Manu data
10-15 22:29:45.162 31417 31703 I BatteryMgr:DataCollectionService: stats => 1697401785162,146,4250,136,0,100
10-15 22:29:45.166 19438 19556 D ScanRecord: Not a Multi Manu data
10-15 22:29:45.170 19438 19556 I chatty  : uid=1002(bluetooth) BT Service Call identical 24 lines
10-15 22:29:45.170 19438 19556 D ScanRecord: Not a Multi Manu data
10-15 22:29:45.205  3957  4128 D WifiService: getConnectionInfo uid=1000
10-15 22:29:45.268 31417 31703 I BatteryMgr:DataCollectionService: stats => 1697401785268,142,4250,130,0,100
10-15 22:29:45.342  4961  4961 D io_stats: !@ 179,0 r 5315637 164868936 w 1290912 28030692 d 101870 31629596 f 299083 315726 iot 2362256 2087801 th 51200 0 0 pt 0 inp 0 0 403774.493
10-15 22:29:45.375 31417 31703 I BatteryMgr:DataCollectionService: stats => 1697401785375,142,4250,130,0,100
10-15 22:29:45.427  3957  4129 D WifiStateMachine:  ConnectedState !CMD_RSSI_POLL rt=403774575/1064172803 52 0 "ourhome" f4:6d:2f:12:cc:88 rssi=-41 f=5240 sc=60 link=433 tx=0.8, 0.0, 0.0  rx=0.8 bcn=66597 [on:0 tx:0 rx:0 period:595] from screen [on:279641 period:1952403] score=60
10-15 22:29:45.429  3957  4129 D WifiStateMachine:  L2ConnectedState !CMD_RSSI_POLL rt=403774578/1064172806 52 0 "ourhome" f4:6d:2f:12:cc:88 rssi=-41 f=5240 sc=60 link=433 tx=0.8, 0.0, 0.0  rx=0.8 bcn=66597 [on:0 tx:0 rx:0 period:2] from screen [on:279641 period:1952405] score=60
10-15 22:29:45.429  3957  4129 D WifiStateMachine:  get link layer stats 3
10-15 22:29:45.430  3436  3436 I android.hardware.wifi@1.0-service: getLinkLayerStats
10-15 22:29:45.450  3957  4129 D WifiStateMachine: fetchRssiLinkSpeedAndFrequencyNative rssi=-41 linkspeed=433 freq=5240
10-15 22:29:45.456  4340  4340 E SignalClusterView: setSlotFocusVisible : subId -2
10-15 22:29:45.456  4340  4340 E SignalClusterView: setSlotFocusVisible : subId -2
10-15 22:29:45.482 31417 31703 I BatteryMgr:DataCollectionService: stats => 1697401785482,142,4250,130,0,100
10-15 22:29:45.591 31417 31703 I BatteryMgr:DataCollectionService: stats => 1697401785591,142,4250,130,0,100
10-15 22:29:45.698  3957  4650 D BatteryService: !@BatteryListener : batteryPropertiesChanged!
10-15 22:29:45.703 31417 31703 I BatteryMgr:DataCollectionService: stats => 1697401785703,142,4250,130,0,100
10-15 22:29:45.813 31417 31703 I BatteryMgr:DataCollectionService: stats => 1697401785813,142,4250,130,0,100
10-15 22:29:45.830  3957  4129 D WifiStateMachine:  ConnectedState !RSSI_PKTCNT_FETCH uid=1000 rt=403774978/1064173206 0 0 "ourhome" f4:6d:2f:12:cc:88 rssi=-41 f=5240 sc=60 link=433 tx=10.4, 5.1, 0.0  rx=14.9 bcn=66627 [on:0 tx:0 rx:0 period:376] from screen [on:280793 period:1952806] score=60
10-15 22:29:45.834  3957  4129 D WifiStateMachine:  L2ConnectedState !RSSI_PKTCNT_FETCH uid=1000 rt=403774981/1064173209 0 0 "ourhome" f4:6d:2f:12:cc:88 rssi=-41 f=5240 sc=60 link=433 tx=10.4, 5.1, 0.0  rx=14.9 bcn=66627 [on:0 tx:0 rx:0 period:3] from screen [on:280793 period:1952809] score=60
10-15 22:29:45.841  3957  4129 D WifiStateMachine: fetchRssiLinkSpeedAndFrequencyNative rssi=-42 linkspeed=433 freq=5240
10-15 22:29:45.921 31417 31703 I BatteryMgr:DataCollectionService: stats => 1697401785921,142,4250,130,0,100
10-15 22:29:46.034 31417 31703 I BatteryMgr:DataCollectionService: stats => 1697401786034,142,4250,130,0,100
10-15 22:29:46.144 31417 31703 I BatteryMgr:DataCollectionService: stats => 1697401786144,142,4250,130,0,100
10-15 22:29:46.209  3957  4128 D WifiService: getConnectionInfo uid=1000
10-15 22:29:46.254 31417 31703 I BatteryMgr:DataCollectionService: stats => 1697401786254,142,4250,130,0,100
10-15 22:29:46.364 31417 31703 I BatteryMgr:DataCollectionService: stats => 1697401786364,142,4250,130,0,100
10-15 22:29:46.469 31417 31703 I BatteryMgr:DataCollectionService: stats => 1697401786469,142,4250,130,0,100
10-15 22:29:46.577 31417 31703 I BatteryMgr:DataCollectionService: stats => 1697401786577,142,4250,130,0,100
10-15 22:29:46.686 31417 31703 I BatteryMgr:DataCollectionService: stats => 1697401786686,142,4250,130,0,100
10-15 22:29:46.764  3957  4045 D SamsungAlarmManager: Expired : 4
10-15 22:29:46.765  3957  4045 I SamsungAlarmManager: setLocked to kernel - T:2 / 20231015T223307, SetElapsed=1064374604, nowELAPSED=1064174143
10-15 22:29:46.766  3957  4045 V SamsungAlarmManager: Sending to uid : 1000 action=com.sec.android.bartender.action.BATTERYSTATS_REFRESH alarm=Alarm{be148f8 type 1 when 1697401638172 android}
10-15 22:29:46.771  3957  4045 V SamsungAlarmManager: Sending to uid : 1000 listener=android.app.AlarmManager$ListenerWrapper@c8fd05 alarm=Alarm{6183436 type 2 when 1064174143 android}
10-15 22:29:46.779  3957  4045 V SamsungAlarmManager: Sending to uid : 10025 action=com.google.android.gms.gcm.ACTION_CHECK_QUEUE alarm=Alarm{ffadf37 type 3 when 1064166878 com.google.android.gms}
10-15 22:29:46.791  3957 31899 D WifiService: requestActivityInfo uid=1000
10-15 22:29:46.792  3957 31899 D WifiService: reportActivityInfo uid=1000
10-15 22:29:46.792  3957 31899 D WifiService: getSupportedFeatures uid=1000
10-15 22:29:46.796  3957 31899 D WifiAsyncChannel.WifiService: sendMessageSynchronously.send message=131135
10-15 22:29:46.797  3957  4129 D WifiStateMachine:  ConnectedState !CMD_GET_LINK_LAYER_STATS uid=1000 rt=403775948/1064174176 0 0
10-15 22:29:46.798  3957  4129 D WifiStateMachine:  L2ConnectedState !CMD_GET_LINK_LAYER_STATS uid=1000 rt=403775948/1064174176 0 0
10-15 22:29:46.799  3957  4129 D WifiStateMachine:  ConnectModeState !CMD_GET_LINK_LAYER_STATS uid=1000 rt=403775950/1064174177 0 0
10-15 22:29:46.799  3957  4129 D WifiStateMachine:  SupplicantStartedState !CMD_GET_LINK_LAYER_STATS uid=1000 rt=403775950/1064174177 0 0
10-15 22:29:46.800  3436  3436 I android.hardware.wifi@1.0-service: getLinkLayerStats
10-15 22:29:46.801  3957  3957 D SamsungAlarmManager: setInexact Listener (T:2/F:0/AC:false) 20231015T223202 - CU:1000/CP:3957
10-15 22:29:46.802  3957  3957 I SamsungAlarmManager: setLocked to kernel - T:2 / 20231015T223202, SetElapsed=1064309518, nowELAPSED=1064174180
10-15 22:29:46.805  3957  4048 D SamsungAlarmManager: setInexact Intent (T:1/F:8/AC:false) 20231015T225946 - CU:1000/CP:3957
10-15 22:29:46.808 31417 31703 I BatteryMgr:DataCollectionService: stats => 1697401786808,142,4250,130,0,100
10-15 22:29:46.808  3957 31899 D WifiAsyncChannel.WifiService: sendMessageSynchronously.recv message=131135 sendingUid=1000
10-15 22:29:46.833  3957  4129 D WifiStateMachine:  ConnectedState !RSSI_PKTCNT_FETCH uid=1000 rt=403775982/1064174209 0 0 "ourhome" f4:6d:2f:12:cc:88 rssi=-42 f=5240 sc=60 link=433 tx=9.2, 7.2, 0.0  rx=10.6 bcn=66640 [on:365 tx:0 rx:365 period:1000] from screen [on:281158 period:1953809] score=60
10-15 22:29:46.835  3957  4129 D WifiStateMachine:  L2ConnectedState !RSSI_PKTCNT_FETCH uid=1000 rt=403775984/1064174212 0 0 "ourhome" f4:6d:2f:12:cc:88 rssi=-42 f=5240 sc=60 link=433 tx=9.2, 7.2, 0.0  rx=10.6 bcn=66640 [on:0 tx:0 rx:0 period:2] from screen [on:281158 period:1953811] score=60
10-15 22:29:46.836  3957 31899 E BatteryStatsService: no controller energy info supplied
10-15 22:29:46.839  3957  4129 D WifiStateMachine: fetchRssiLinkSpeedAndFrequencyNative rssi=-44 linkspeed=433 freq=5240
10-15 22:29:46.858  3957  4650 D ConnectivityService: filterNetworkStateForUid() uid: 10025 networkInfo: [type: WIFI[] - WIFI, state: CONNECTED/CONNECTED, reason: (unspecified), extra: "ourhome", failover: false, available: true, roaming: false, metered: false]
10-15 22:29:46.858  3957  4650 D WifiService: getConnectionInfo uid=1000
10-15 22:29:46.867  3957  4650 D ConnectivityService: filterNetworkStateForUid() uid: 10025 networkInfo: [type: WIFI[] - WIFI, state: CONNECTED/CONNECTED, reason: (unspecified), extra: "ourhome", failover: false, available: true, roaming: false, metered: false]
10-15 22:29:46.867  3957  4650 D WifiService: getConnectionInfo uid=1000
10-15 22:29:46.895  3957  4650 D SamsungAlarmManager: Cancel Alarm calling from uid:10025 pid :18970 / op:PendingIntent{d2b5dc2: PendingIntentRecord{5665e95 com.google.android.gms broadcastIntent}}
10-15 22:29:46.916  3957 31899 D BatteryStatsService: !@ mLastInfo WifiActivityEnergyInfo{ timestamp=1063603010 mStackState=3 mControllerTxTimeMs=1197 mControllerTxTimePerLevelMs=[] mControllerRxTimeMs=1002663 mControllerIdleTimeMs=6332 mControllerEnergyUsed=0 }
10-15 22:29:46.916  3957 31899 D BatteryStatsService: !@ latest WifiActivityEnergyInfo{ timestamp=1064174190 mStackState=3 mControllerTxTimeMs=1316 mControllerTxTimePerLevelMs=[] mControllerRxTimeMs=1091423 mControllerIdleTimeMs=6332 mControllerEnergyUsed=0 }
10-15 22:29:46.916  3957 31899 D BatteryStatsService: !@ delta timePeriodMs : 571180 txTimeMs : 119 rxTimeMs :88760 idleTimeMs : 0
10-15 22:29:46.917 31417 31703 I BatteryMgr:DataCollectionService: stats => 1697401786917,142,4250,130,0,100
10-15 22:29:46.927  3957 31899 D BatteryStatsImpl: !@ currentWifiRunningTimeMs : 809468 totalTimeMs : 88879 totalWifiRunningTimeMs :898347 batteryRealtimeMs :3478643
10-15 22:29:47.022 31417 31703 I BatteryMgr:DataCollectionService: stats => 1697401787022,142,4250,130,0,100
10-15 22:29:47.037  3957 12585 D SamsungAlarmManager: setInexact Intent (T:3/F:0/AC:false) 20231015T223027 - CU:10025/CP:18970
10-15 22:29:47.055 18970 31188 I NetworkScheduler.Stats: (REDACTED) Task %s/%s started execution. cause:%s exec_start_elapsed_seconds: %s
10-15 22:29:47.074 18970 31188 I NetworkScheduler.Stats: (REDACTED) Task %s/%s finished executing. cause:%s result: %s elapsed_millis: %s uptime_millis: %s exec_start_elapsed_seconds: %s
10-15 22:29:47.097  3957  4650 D ConnectivityService: filterNetworkStateForUid() uid: 10025 networkInfo: [type: WIFI[] - WIFI, state: CONNECTED/CONNECTED, reason: (unspecified), extra: "ourhome", failover: false, available: true, roaming: false, metered: false]
10-15 22:29:47.098  3957  4650 D WifiService: getConnectionInfo uid=1000
10-15 22:29:47.100  3957  4650 D ConnectivityService: filterNetworkStateForUid() uid: 10025 networkInfo: [type: WIFI[] - WIFI, state: CONNECTED/CONNECTED, reason: (unspecified), extra: "ourhome", failover: false, available: true, roaming: false, metered: false]
10-15 22:29:47.100  3957  4650 D WifiService: getConnectionInfo uid=1000
10-15 22:29:47.105  3957  4650 D SamsungAlarmManager: Cancel Alarm calling from uid:10025 pid :18970 / op:PendingIntent{6e23c3c: PendingIntentRecord{5665e95 com.google.android.gms broadcastIntent}}
10-15 22:29:47.128 31417 31703 I BatteryMgr:DataCollectionService: stats => 1697401787128,142,4250,130,0,100
10-15 22:29:47.163  3957  4650 D SamsungAlarmManager: setInexact Intent (T:3/F:0/AC:false) 20231015T223302 - CU:10025/CP:18970
10-15 22:29:47.163  3957  4650 I SamsungAlarmManager: setLocked to kernel - T:2 / 20231015T223302, SetElapsed=1064369802, nowELAPSED=1064174542
10-15 22:29:47.171 18970 28890 I NetworkScheduler.Stats: (REDACTED) Task %s/%s started execution. cause:%s exec_start_elapsed_seconds: %s
10-15 22:29:47.211  3957  4128 D WifiService: getConnectionInfo uid=1000
10-15 22:29:47.235 31417 31703 I BatteryMgr:DataCollectionService: stats => 1697401787235,142,4250,130,0,100
10-15 22:29:47.310  3957 31899 I BarTender:BatteryStatsDumper: writing to daily db completed
10-15 22:29:47.314 20183 20200 I Finsky  : [10756] iov.a(61): Received content filters request from sharedUserId=com.google.uid.shared:10025
10-15 22:29:47.344 31417 31703 I BatteryMgr:DataCollectionService: stats => 1697401787344,142,4250,130,0,100
10-15 22:29:47.377  3957 31899 I BarTender:BatteryStatsDumper: writing to weekly db completed
10-15 22:29:47.377  3957 31899 I BarTender:BatteryStatsDumper: refreshstats completed
10-15 22:29:47.377  3957 31899 I BarTender:GATHERERBATTSTATS: set - time:1697401787377
10-15 22:29:47.378  3957 31899 I BarTender:ANALYZERBATTSTATS: Observer from Gatherer - time:1697401787377
10-15 22:29:47.378  3957  4048 I BarTender:ANALYZERBATTSTATS: MSG_TYPE_BARTENDER_CHECK_POWER::
10-15 22:29:47.378  3957  4048 I BarTender:BatteryStatsDBHelper: checkForPowerThreshold called : 1697401787377
10-15 22:29:47.410 31461 31675 I SessionStorage/AutoSave: Save: Periodic
10-15 22:29:47.452 31417 31703 I BatteryMgr:DataCollectionService: stats => 1697401787451,142,4250,130,0,100
10-15 22:29:47.493 20183 20183 I Finsky  : [2] tys.onTrimMemory(13): Memory trim requested to level 80
10-15 22:29:47.512 20183 20183 I Finsky  : [2] nre.accept(78): Flushing in-memory image cache
10-15 22:29:47.513 31221 31221 D BoundBrokerSvc: onBind: Intent { act=com.google.android.gms.checkin.START pkg=com.google.android.gms }
10-15 22:29:47.514 31221 31221 D BoundBrokerSvc: Loading bound service for intent: Intent { act=com.google.android.gms.checkin.START pkg=com.google.android.gms }
10-15 22:29:47.555 31221 31234 I Checkin : [CheckinApiChimeraService] onGetService
10-15 22:29:47.557 31417 31703 I BatteryMgr:DataCollectionService: stats => 1697401787557,142,4250,130,0,100
10-15 22:29:47.667 31417 31703 I BatteryMgr:DataCollectionService: stats => 1697401787666,142,4250,130,0,100
10-15 22:29:47.694 18970 28890 W Conscrypt: Could not set socket write timeout: java.net.SocketException: Socket closed
10-15 22:29:47.705 18970 28890 W Conscrypt: 	at com.google.android.gms.org.conscrypt.Platform.setSocketWriteTimeout(:com.google.android.gms@233717019@23.37.17 (040400-570218080):226)
10-15 22:29:47.705 18970 28890 W Conscrypt: 	at com.google.android.gms.org.conscrypt.ConscryptFileDescriptorSocket.setSoWriteTimeout(:com.google.android.gms@233717019@23.37.17 (040400-570218080):4)
10-15 22:29:47.762 18970 28890 W Conscrypt: Could not set socket write timeout: java.net.SocketException: Socket closed
10-15 22:29:47.762 18970 28890 W Conscrypt: 	at com.google.android.gms.org.conscrypt.Platform.setSocketWriteTimeout(:com.google.android.gms@233717019@23.37.17 (040400-570218080):226)
10-15 22:29:47.762 18970 28890 W Conscrypt: 	at com.google.android.gms.org.conscrypt.ConscryptFileDescriptorSocket.setSoWriteTimeout(:com.google.android.gms@233717019@23.37.17 (040400-570218080):4)
10-15 22:29:47.776 31417 31703 I BatteryMgr:DataCollectionService: stats => 1697401787776,142,4250,130,0,100
10-15 22:29:47.833  3957  4129 D WifiStateMachine:  ConnectedState !RSSI_PKTCNT_FETCH uid=1000 rt=403776983/1064175210 0 0 "ourhome" f4:6d:2f:12:cc:88 rssi=-44 f=5240 sc=60 link=433 tx=9.2, 7.2, 0.0  rx=10.6 bcn=66640 [on:0 tx:0 rx:0 period:998] from screen [on:281158 period:1954809] score=60
10-15 22:29:47.835  3957  4129 D WifiStateMachine:  L2ConnectedState !RSSI_PKTCNT_FETCH uid=1000 rt=403776984/1064175212 0 0 "ourhome" f4:6d:2f:12:cc:88 rssi=-44 f=5240 sc=60 link=433 tx=9.2, 7.2, 0.0  rx=10.6 bcn=66640 [on:0 tx:0 rx:0 period:2] from screen [on:281158 period:1954811] score=60
10-15 22:29:47.836  3957  4129 D WifiStateMachine: fetchRssiLinkSpeedAndFrequencyNative rssi=-45 linkspeed=433 freq=5240
10-15 22:29:47.872 18970 28941 I DomainFilterImpl: (REDACTED) Domain filter response size: %d
10-15 22:29:47.885 31417 31703 I BatteryMgr:DataCollectionService: stats => 1697401787885,142,4250,130,0,100
10-15 22:29:47.915 18970 31188 I NetworkScheduler.Stats: (REDACTED) Task %s/%s finished executing. cause:%s result: %s elapsed_millis: %s uptime_millis: %s exec_start_elapsed_seconds: %s
10-15 22:29:47.931  3957  4460 D ConnectivityService: filterNetworkStateForUid() uid: 10025 networkInfo: [type: WIFI[] - WIFI, state: CONNECTED/CONNECTED, reason: (unspecified), extra: "ourhome", failover: false, available: true, roaming: false, metered: false]
10-15 22:29:47.932  3957  4460 D WifiService: getConnectionInfo uid=1000
10-15 22:29:47.933  3957  4460 D ConnectivityService: filterNetworkStateForUid() uid: 10025 networkInfo: [type: WIFI[] - WIFI, state: CONNECTED/CONNECTED, reason: (unspecified), extra: "ourhome", failover: false, available: true, roaming: false, metered: false]
10-15 22:29:47.933  3957  4460 D WifiService: getConnectionInfo uid=1000
10-15 22:29:47.939  3957  4460 D SamsungAlarmManager: Cancel Alarm calling from uid:10025 pid :18970 / op:PendingIntent{3e84517: PendingIntentRecord{5665e95 com.google.android.gms broadcastIntent}}
10-15 22:29:47.942  3957  4460 I SamsungAlarmManager: setLocked to kernel - T:2 / 20231015T223202, SetElapsed=1064309518, nowELAPSED=1064175320
10-15 22:29:47.959  3957  4460 D SamsungAlarmManager: setInexact Intent (T:3/F:0/AC:false) 20231015T223302 - CU:10025/CP:18970
10-15 22:29:47.959  3957  4460 I SamsungAlarmManager: setLocked to kernel - T:2 / 20231015T223302, SetElapsed=1064369802, nowELAPSED=1064175338
10-15 22:29:47.993 31417 31703 I BatteryMgr:DataCollectionService: stats => 1697401787993,142,4250,130,0,100
10-15 22:29:48.102 31417 31703 I BatteryMgr:DataCollectionService: stats => 1697401788102,142,4250,130,0,100
10-15 22:29:48.213  3957  4128 D WifiService: getConnectionInfo uid=1000
10-15 22:29:48.214 31417 31703 I BatteryMgr:DataCollectionService: stats => 1697401788214,142,4250,130,0,100
10-15 22:29:48.323 31417 31703 I BatteryMgr:DataCollectionService: stats => 1697401788323,142,4250,130,0,100
10-15 22:29:48.430 31417 31703 I BatteryMgr:DataCollectionService: stats => 1697401788430,142,4250,130,0,100
10-15 22:29:48.453  3957  4129 D WifiStateMachine:  ConnectedState !CMD_RSSI_POLL rt=403777602/1064175829 52 0 "ourhome" f4:6d:2f:12:cc:88 rssi=-45 f=5240 sc=60 link=433 tx=9.2, 7.2, 0.0  rx=10.6 bcn=66640 [on:0 tx:0 rx:0 period:617] from screen [on:281158 period:1955428] score=60
10-15 22:29:48.454  3957  4129 D WifiStateMachine:  L2ConnectedState !CMD_RSSI_POLL rt=403777604/1064175831 52 0 "ourhome" f4:6d:2f:12:cc:88 rssi=-45 f=5240 sc=60 link=433 tx=9.2, 7.2, 0.0  rx=10.6 bcn=66640 [on:0 tx:0 rx:0 period:2] from screen [on:281158 period:1955430] score=60
10-15 22:29:48.455  3957  4129 D WifiStateMachine:  get link layer stats 3
10-15 22:29:48.455  3436  3436 I android.hardware.wifi@1.0-service: getLinkLayerStats
10-15 22:29:48.459  3957  4129 D WifiStateMachine: fetchRssiLinkSpeedAndFrequencyNative rssi=-47 linkspeed=433 freq=5240
10-15 22:29:48.465  4340  4340 E SignalClusterView: setSlotFocusVisible : subId -2
10-15 22:29:48.465  4340  4340 E SignalClusterView: setSlotFocusVisible : subId -2
10-15 22:29:48.539 31417 31703 I BatteryMgr:DataCollectionService: stats => 1697401788539,142,4250,130,0,100
10-15 22:29:48.648 31417 31703 I BatteryMgr:DataCollectionService: stats => 1697401788648,142,4250,130,0,100
10-15 22:29:48.758 31417 31703 I BatteryMgr:DataCollectionService: stats => 1697401788758,142,4250,130,0,100
10-15 22:29:48.834  3957  4129 D WifiStateMachine:  ConnectedState !RSSI_PKTCNT_FETCH uid=1000 rt=403777982/1064176210 0 0 "ourhome" f4:6d:2f:12:cc:88 rssi=-47 f=5240 sc=60 link=433 tx=24.4, 13.1, 0.0  rx=32.8 bcn=66654 [on:0 tx:0 rx:0 period:369] from screen [on:282103 period:1955809] score=60
10-15 22:29:48.835  3957  4129 D WifiStateMachine:  L2ConnectedState !RSSI_PKTCNT_FETCH uid=1000 rt=403777985/1064176212 0 0 "ourhome" f4:6d:2f:12:cc:88 rssi=-47 f=5240 sc=60 link=433 tx=24.4, 13.1, 0.0  rx=32.8 bcn=66654 [on:0 tx:0 rx:0 period:2] from screen [on:282103 period:1955811] score=60
10-15 22:29:48.842  3957  4129 D WifiStateMachine: fetchRssiLinkSpeedAndFrequencyNative rssi=-46 linkspeed=433 freq=5240
10-15 22:29:48.866 31417 31703 I BatteryMgr:DataCollectionService: stats => 1697401788866,142,4250,130,0,100
10-15 22:29:48.974 31417 31703 I BatteryMgr:DataCollectionService: stats => 1697401788974,142,4250,130,0,100
10-15 22:29:49.085 31417 31703 I BatteryMgr:DataCollectionService: stats => 1697401789085,142,4250,130,0,100
10-15 22:29:49.201 31417 31703 I BatteryMgr:DataCollectionService: stats => 1697401789201,142,4250,130,0,100
10-15 22:29:49.218  3957  4128 D WifiService: getConnectionInfo uid=1000
10-15 22:29:49.313 31417 31703 I BatteryMgr:DataCollectionService: stats => 1697401789313,142,4250,130,0,100
10-15 22:29:49.419 31417 31703 I BatteryMgr:DataCollectionService: stats => 1697401789419,142,4250,130,0,100
10-15 22:29:49.529 31417 31703 I BatteryMgr:DataCollectionService: stats => 1697401789529,142,4250,130,0,100
10-15 22:29:49.576  3957  4306 D WifiConnectivityMonitor:  [|216] []
10-15 22:29:49.636 31417 31703 I BatteryMgr:DataCollectionService: stats => 1697401789636,142,4250,130,0,100
10-15 22:29:49.641  3957  6478 D SSRM:k  : SIOP:: AP = 380, PST = 359 (W:24), BAT = 297, USB = 0, CHG = 0
10-15 22:29:49.695 19438 19556 D ScanRecord: Not a Multi Manu data
10-15 22:29:49.731 19438 19556 I chatty  : uid=1002(bluetooth) BT Service Call identical 50 lines
10-15 22:29:49.731 19438 19556 D ScanRecord: Not a Multi Manu data
10-15 22:29:49.745 31417 31703 I BatteryMgr:DataCollectionService: stats => 1697401789745,142,4250,130,0,100
10-15 22:29:49.774 19438 19556 D ScanRecord: Not a Multi Manu data
10-15 22:29:49.823 19438 19556 I chatty  : uid=1002(bluetooth) BT Service Call identical 89 lines
10-15 22:29:49.824 19438 19556 D ScanRecord: Not a Multi Manu data
10-15 22:29:49.834  3957  4129 D WifiStateMachine:  ConnectedState !RSSI_PKTCNT_FETCH uid=1000 rt=403778983/1064177211 0 0 "ourhome" f4:6d:2f:12:cc:88 rssi=-46 f=5240 sc=60 link=433 tx=24.4, 13.1, 0.0  rx=32.8 bcn=66654 [on:0 tx:0 rx:0 period:999] from screen [on:282103 period:1956810] score=60
10-15 22:29:49.835  3957  4129 D WifiStateMachine:  L2ConnectedState !RSSI_PKTCNT_FETCH uid=1000 rt=403778985/1064177212 0 0 "ourhome" f4:6d:2f:12:cc:88 rssi=-46 f=5240 sc=60 link=433 tx=24.4, 13.1, 0.0  rx=32.8 bcn=66654 [on:0 tx:0 rx:0 period:1] from screen [on:282103 period:1956811] score=60
10-15 22:29:49.837  3957  4129 D WifiStateMachine: fetchRssiLinkSpeedAndFrequencyNative rssi=-46 linkspeed=433 freq=5240
10-15 22:29:49.852 31417 31703 I BatteryMgr:DataCollectionService: stats => 1697401789852,142,4250,130,0,100
10-15 22:29:49.880 19438 19556 D ScanRecord: Not a Multi Manu data
10-15 22:29:49.919 19438 19556 I chatty  : uid=1002(bluetooth) BT Service Call identical 63 lines
10-15 22:29:49.919 19438 19556 D ScanRecord: Not a Multi Manu data
10-15 22:29:49.962 31417 31703 I BatteryMgr:DataCollectionService: stats => 1697401789962,142,4250,130,0,100
10-15 22:29:49.966 19438 19556 D ScanRecord: Not a Multi Manu data
10-15 22:29:50.071 19438 19556 I chatty  : uid=1002(bluetooth) BT Service Call identical 180 lines
10-15 22:29:50.072 19438 19556 D ScanRecord: Not a Multi Manu data
10-15 22:29:50.073 31417 31703 I BatteryMgr:DataCollectionService: stats => 1697401790073,142,4250,130,0,100
10-15 22:29:50.076 19438 19556 D ScanRecord: Not a Multi Manu data
10-15 22:29:50.162 19438 19556 I chatty  : uid=1002(bluetooth) BT Service Call identical 154 lines
10-15 22:29:50.163 19438 19556 D ScanRecord: Not a Multi Manu data
10-15 22:29:50.181 31417 31703 I BatteryMgr:DataCollectionService: stats => 1697401790181,142,4250,130,0,100
10-15 22:29:50.220  3957  4128 D WifiService: getConnectionInfo uid=1000
10-15 22:29:50.288 31417 31703 I BatteryMgr:DataCollectionService: stats => 1697401790287,142,4250,130,0,100
10-15 22:29:50.345  4961  4961 D io_stats: !@ 179,0 r 5316874 164914240 w 1290986 28031556 d 101875 31629616 f 299096 315741 iot 2362796 2088262 th 51200 0 0 pt 0 inp 0 0 403779.495
10-15 22:29:50.384  3957  4030 D SensorService: [SO] 0.134 -0.105 9.969
