10-15 21:54:45.680  3957  4128 D WifiService: getConnectionInfo uid=1000
10-15 21:54:45.716 27739 28043 I BatteryMgr:DataCollectionService: stats => 1697399685716,129,4250,147,0,100
10-15 21:54:45.825 27739 28043 I BatteryMgr:DataCollectionService: stats => 1697399685825,129,4250,147,0,100
10-15 21:54:45.902  3957  4129 D WifiStateMachine:  ConnectedState !RSSI_PKTCNT_FETCH uid=1000 rt=401675050/1062073278 0 0 "ourhome" f4:6d:2f:12:cc:88 rssi=-41 f=5240 sc=60 link=433 tx=2.2, 0.0, 0.0  rx=4.9 bcn=47451 [on:0 tx:0 rx:0 period:997] from screen [on:-2967616 period:5240751] score=60
10-15 21:54:45.907  3957  4129 D WifiStateMachine:  L2ConnectedState !RSSI_PKTCNT_FETCH uid=1000 rt=401675053/1062073281 0 0 "ourhome" f4:6d:2f:12:cc:88 rssi=-41 f=5240 sc=60 link=433 tx=2.2, 0.0, 0.0  rx=4.9 bcn=47451 [on:0 tx:0 rx:0 period:5] from screen [on:-2967616 period:5240756] score=60
10-15 21:54:45.913  3957  4129 D WifiStateMachine: fetchRssiLinkSpeedAndFrequencyNative rssi=-41 linkspeed=433 freq=5240
10-15 21:54:45.935 27739 28043 I BatteryMgr:DataCollectionService: stats => 1697399685935,129,4250,147,0,100
10-15 21:54:45.940  3957  6478 D SSRM:k  : SIOP:: AP = 360, PST = 347 (W:28), BAT = 297, USB = 0, CHG = 0
10-15 21:54:46.044 27739 28043 I BatteryMgr:DataCollectionService: stats => 1697399686044,129,4250,147,0,100
10-15 21:54:46.152 27739 28043 I BatteryMgr:DataCollectionService: stats => 1697399686152,129,4250,147,0,100
10-15 21:54:46.262 27739 28043 I BatteryMgr:DataCollectionService: stats => 1697399686262,129,4250,147,0,100
10-15 21:54:46.372 27739 28043 I BatteryMgr:DataCollectionService: stats => 1697399686372,129,4250,147,0,100
10-15 21:54:46.479 27739 28043 I BatteryMgr:DataCollectionService: stats => 1697399686479,129,4250,147,0,100
10-15 21:54:46.587 27739 28043 I BatteryMgr:DataCollectionService: stats => 1697399686587,129,4250,147,0,100
10-15 21:54:46.683  3957  4128 D WifiService: getConnectionInfo uid=1000
10-15 21:54:46.698 27739 28043 I BatteryMgr:DataCollectionService: stats => 1697399686698,129,4250,147,0,100
10-15 21:54:46.808 27739 28043 I BatteryMgr:DataCollectionService: stats => 1697399686808,129,4250,147,0,100
10-15 21:54:46.903  3957  4129 D WifiStateMachine:  ConnectedState !RSSI_PKTCNT_FETCH uid=1000 rt=401676051/1062074279 0 0 "ourhome" f4:6d:2f:12:cc:88 rssi=-41 f=5240 sc=60 link=433 tx=2.2, 0.0, 0.0  rx=4.9 bcn=47451 [on:0 tx:0 rx:0 period:996] from screen [on:-2967616 period:5241752] score=60
10-15 21:54:46.906  3957  4129 D WifiStateMachine:  L2ConnectedState !RSSI_PKTCNT_FETCH uid=1000 rt=401676054/1062074281 0 0 "ourhome" f4:6d:2f:12:cc:88 rssi=-41 f=5240 sc=60 link=433 tx=2.2, 0.0, 0.0  rx=4.9 bcn=47451 [on:0 tx:0 rx:0 period:4] from screen [on:-2967616 period:5241756] score=60
10-15 21:54:46.908  3957  4129 D WifiStateMachine: fetchRssiLinkSpeedAndFrequencyNative rssi=-41 linkspeed=433 freq=5240
10-15 21:54:46.918 27739 28043 I BatteryMgr:DataCollectionService: stats => 1697399686918,129,4250,147,0,100
10-15 21:54:47.027 27739 28043 I BatteryMgr:DataCollectionService: stats => 1697399687027,129,4250,147,0,100
10-15 21:54:47.135 27739 28043 I BatteryMgr:DataCollectionService: stats => 1697399687135,129,4250,147,0,100
10-15 21:54:47.245 27739 28043 I BatteryMgr:DataCollectionService: stats => 1697399687245,129,4250,147,0,100
10-15 21:54:47.353 27739 28043 I BatteryMgr:DataCollectionService: stats => 1697399687353,129,4250,147,0,100
10-15 21:54:47.411  3957  4129 D WifiStateMachine:  ConnectedState !CMD_RSSI_POLL rt=401676559/1062074787 50 0 "ourhome" f4:6d:2f:12:cc:88 rssi=-41 f=5240 sc=60 link=433 tx=2.2, 0.0, 0.0  rx=4.9 bcn=47451 [on:0 tx:0 rx:0 period:505] from screen [on:-2967616 period:5242261] score=60
10-15 21:54:47.414  3957  4129 D WifiStateMachine:  L2ConnectedState !CMD_RSSI_POLL rt=401676562/1062074790 50 0 "ourhome" f4:6d:2f:12:cc:88 rssi=-41 f=5240 sc=60 link=433 tx=2.2, 0.0, 0.0  rx=4.9 bcn=47451 [on:0 tx:0 rx:0 period:3] from screen [on:-2967616 period:5242264] score=60
10-15 21:54:47.414  3957  4129 D WifiStateMachine:  get link layer stats 3
10-15 21:54:47.415  3436  3436 I android.hardware.wifi@1.0-service: getLinkLayerStats
10-15 21:54:47.434  3957  4129 D WifiStateMachine: fetchRssiLinkSpeedAndFrequencyNative rssi=-40 linkspeed=433 freq=5240
10-15 21:54:47.440  4340  4340 E SignalClusterView: setSlotFocusVisible : subId -2
10-15 21:54:47.440  4340  4340 E SignalClusterView: setSlotFocusVisible : subId -2
10-15 21:54:47.462 27739 28043 I BatteryMgr:DataCollectionService: stats => 1697399687462,129,4250,147,0,100
10-15 21:54:47.570 27739 28043 I BatteryMgr:DataCollectionService: stats => 1697399687570,129,4250,147,0,100
10-15 21:54:47.679 27739 28043 I BatteryMgr:DataCollectionService: stats => 1697399687679,129,4250,147,0,100
10-15 21:54:47.686  3957  4128 D WifiService: getConnectionInfo uid=1000
10-15 21:54:47.726  3957  4030 D SensorService: [SO] 0.096 -0.096 9.965
10-15 21:54:47.788 27739 28043 I BatteryMgr:DataCollectionService: stats => 1697399687788,129,4250,147,0,100
10-15 21:54:47.897 27739 28043 I BatteryMgr:DataCollectionService: stats => 1697399687897,129,4250,147,0,100
10-15 21:54:47.904  3957  4129 D WifiStateMachine:  ConnectedState !RSSI_PKTCNT_FETCH uid=1000 rt=401677052/1062075280 0 0 "ourhome" f4:6d:2f:12:cc:88 rssi=-40 f=5240 sc=60 link=433 tx=1.4, 0.0, 0.0  rx=2.4 bcn=47480 [on:0 tx:0 rx:0 period:465] from screen [on:-2967123 period:5242754] score=60
10-15 21:54:47.907  3957  4129 D WifiStateMachine:  L2ConnectedState !RSSI_PKTCNT_FETCH uid=1000 rt=401677055/1062075283 0 0 "ourhome" f4:6d:2f:12:cc:88 rssi=-40 f=5240 sc=60 link=433 tx=1.4, 0.0, 0.0  rx=2.4 bcn=47480 [on:0 tx:0 rx:0 period:2] from screen [on:-2967123 period:5242756] score=60
10-15 21:54:47.911  3957  4129 D WifiStateMachine: fetchRssiLinkSpeedAndFrequencyNative rssi=-41 linkspeed=433 freq=5240
10-15 21:54:48.004 27739 28043 I BatteryMgr:DataCollectionService: stats => 1697399688004,129,4250,147,0,100
10-15 21:54:48.114 27739 28043 I BatteryMgr:DataCollectionService: stats => 1697399688114,129,4250,147,0,100
10-15 21:54:48.204 19748 19990 I A       : Cobalt: try to find ProjectConfig for given tags
10-15 21:54:48.210 19748 19990 W A       : Cobalt: couldn't find ProjectConfig for given tags
10-15 21:54:48.223 27739 28043 I BatteryMgr:DataCollectionService: stats => 1697399688223,129,4250,147,0,100
10-15 21:54:48.330 27739 28043 I BatteryMgr:DataCollectionService: stats => 1697399688330,129,4250,147,0,100
10-15 21:54:48.341 19748 19975 I WM-WorkerWrapper: Worker result SUCCESS for Work [ id=38426cc9-eb47-467d-862b-241f51254a1e, tags={ com.google.apps.tiktok.contrib.work.TikTokListenableWorker, TikTokWorker#com.google.apps.tiktok.sync.impl.workmanager.SyncWorker } ]
10-15 21:54:48.375  3957  3967 I SamsungAlarmManager: setLocked to kernel - T:2 / 20231015T220000, SetElapsed=1062387379, nowELAPSED=1062075753
10-15 21:54:48.375  3957  3967 D SamsungAlarmManager: setInexact Listener (T:2/F:0/AC:false) 20231015T215701 - CU:1000/CP:3957
10-15 21:54:48.375  3957  3967 I SamsungAlarmManager: setLocked to kernel - T:2 / 20231015T215701, SetElapsed=1062209029, nowELAPSED=1062075754
10-15 21:54:48.379  3957  3967 I SamsungAlarmManager: setLocked to kernel - T:2 / 20231015T215815, SetElapsed=1062282693, nowELAPSED=1062075757
10-15 21:54:48.379  3957  3967 D SamsungAlarmManager: setInexact Listener (T:2/F:0/AC:false) 20231015T215941 - CU:1000/CP:3957
10-15 21:54:48.421  3957  3967 I SamsungAlarmManager: setLocked to kernel - T:2 / 20231015T220000, SetElapsed=1062387378, nowELAPSED=1062075799
10-15 21:54:48.422  3957  3967 D SamsungAlarmManager: setInexact Listener (T:2/F:0/AC:false) 20231015T215701 - CU:1000/CP:3957
10-15 21:54:48.422  3957  3967 I SamsungAlarmManager: setLocked to kernel - T:2 / 20231015T215701, SetElapsed=1062209029, nowELAPSED=1062075800
10-15 21:54:48.425  3957  3967 I SamsungAlarmManager: setLocked to kernel - T:2 / 20231015T215815, SetElapsed=1062282694, nowELAPSED=1062075804
10-15 21:54:48.426  3957  3967 D SamsungAlarmManager: setInexact Listener (T:2/F:0/AC:false) 20231015T215941 - CU:1000/CP:3957
10-15 21:54:48.437 27739 28043 I BatteryMgr:DataCollectionService: stats => 1697399688437,129,4250,147,0,100
10-15 21:54:48.458  3957  3967 D PackageManager: setEnabledSetting : userId = 0 packageName = com.google.android.googlequicksearchbox cmp = androidx.work.impl.background.systemalarm.RescheduleReceiver newState = 1 callingPackage = 10075/com.google.android.googlequicksearchbox
10-15 21:54:48.538  3957  3967 D PackageManager: setEnabledSetting : userId = 0 packageName = com.google.android.googlequicksearchbox cmp = androidx.work.impl.background.systemalarm.RescheduleReceiver newState = 1 callingPackage = 10075/com.google.android.googlequicksearchbox
10-15 21:54:48.544 27739 28043 I BatteryMgr:DataCollectionService: stats => 1697399688544,129,4250,147,0,100
10-15 21:54:48.592  3957  3967 I SamsungAlarmManager: setLocked to kernel - T:2 / 20231015T220000, SetElapsed=1062387379, nowELAPSED=1062075971
10-15 21:54:48.593  3957  3967 D SamsungAlarmManager: setInexact Listener (T:2/F:0/AC:false) 20231015T215701 - CU:1000/CP:3957
10-15 21:54:48.593  3957  3967 I SamsungAlarmManager: setLocked to kernel - T:2 / 20231015T215701, SetElapsed=1062209029, nowELAPSED=1062075971
10-15 21:54:48.596  3957  3967 I SamsungAlarmManager: setLocked to kernel - T:2 / 20231015T215815, SetElapsed=1062282693, nowELAPSED=1062075974
10-15 21:54:48.596  3957  3967 D SamsungAlarmManager: setInexact Listener (T:2/F:0/AC:false) 20231015T215941 - CU:1000/CP:3957
10-15 21:54:48.619  3957  3967 D PackageManager: setEnabledSetting : userId = 0 packageName = com.google.android.googlequicksearchbox cmp = androidx.work.impl.background.systemalarm.RescheduleReceiver newState = 1 callingPackage = 10075/com.google.android.googlequicksearchbox
10-15 21:54:48.648  3957  3967 D ConnectivityService: filterNetworkStateForUid() uid: 10075 networkInfo: [type: WIFI[] - WIFI, state: CONNECTED/CONNECTED, reason: (unspecified), extra: "ourhome", failover: false, available: true, roaming: false, metered: false]
10-15 21:54:48.648  3957  3967 D WifiService: getConnectionInfo uid=1000
10-15 21:54:48.652 27739 28043 I BatteryMgr:DataCollectionService: stats => 1697399688652,129,4250,147,0,100
10-15 21:54:48.677  3957  3967 I SamsungAlarmManager: setLocked to kernel - T:2 / 20231015T220000, SetElapsed=1062387379, nowELAPSED=1062076055
10-15 21:54:48.677  3957  3967 D SamsungAlarmManager: setInexact Listener (T:2/F:0/AC:false) 20231015T215701 - CU:1000/CP:3957
10-15 21:54:48.677  3957  3967 I SamsungAlarmManager: setLocked to kernel - T:2 / 20231015T215701, SetElapsed=1062209029, nowELAPSED=1062076056
10-15 21:54:48.680  3957  3967 I SamsungAlarmManager: setLocked to kernel - T:2 / 20231015T215815, SetElapsed=1062282693, nowELAPSED=1062076059
10-15 21:54:48.681  3957  3967 D SamsungAlarmManager: setInexact Listener (T:2/F:0/AC:false) 20231015T215941 - CU:1000/CP:3957
10-15 21:54:48.689  3957  4128 D WifiService: getConnectionInfo uid=1000
10-15 21:54:48.697  3957  3967 D PackageManager: setEnabledSetting : userId = 0 packageName = com.google.android.googlequicksearchbox cmp = androidx.work.impl.background.systemalarm.RescheduleReceiver newState = 1 callingPackage = 10075/com.google.android.googlequicksearchbox
10-15 21:54:48.726  3957  3967 D ConnectivityService: filterNetworkStateForUid() uid: 10075 networkInfo: [type: WIFI[] - WIFI, state: CONNECTED/CONNECTED, reason: (unspecified), extra: "ourhome", failover: false, available: true, roaming: false, metered: false]
10-15 21:54:48.726  3957  3967 D WifiService: getConnectionInfo uid=1000
10-15 21:54:48.746  3957  3967 I SamsungAlarmManager: setLocked to kernel - T:2 / 20231015T220000, SetElapsed=1062387379, nowELAPSED=1062076124
10-15 21:54:48.746  3957  3967 D SamsungAlarmManager: setInexact Listener (T:2/F:0/AC:false) 20231015T215701 - CU:1000/CP:3957
10-15 21:54:48.746  3957  3967 I SamsungAlarmManager: setLocked to kernel - T:2 / 20231015T215701, SetElapsed=1062209029, nowELAPSED=1062076125
10-15 21:54:48.750  3957  3967 I SamsungAlarmManager: setLocked to kernel - T:2 / 20231015T215815, SetElapsed=1062282693, nowELAPSED=1062076128
10-15 21:54:48.750  3957  3967 D SamsungAlarmManager: setInexact Listener (T:2/F:0/AC:false) 20231015T215941 - CU:1000/CP:3957
10-15 21:54:48.762 27739 28043 I BatteryMgr:DataCollectionService: stats => 1697399688762,129,4250,147,0,100
10-15 21:54:48.768  3957  3967 D PackageManager: setEnabledSetting : userId = 0 packageName = com.google.android.googlequicksearchbox cmp = androidx.work.impl.background.systemalarm.RescheduleReceiver newState = 1 callingPackage = 10075/com.google.android.googlequicksearchbox
10-15 21:54:48.786  4961  4961 D io_stats: !@ 179,0 r 5207517 161078508 w 1282324 27875276 d 100893 31561216 f 298110 314601 iot 2316476 2049586 th 51200 0 0 pt 0 inp 0 0 401677.937
10-15 21:54:48.795  3957  3967 D ConnectivityService: filterNetworkStateForUid() uid: 10075 networkInfo: [type: WIFI[] - WIFI, state: CONNECTED/CONNECTED, reason: (unspecified), extra: "ourhome", failover: false, available: true, roaming: false, metered: false]
10-15 21:54:48.795  3957  3967 D WifiService: getConnectionInfo uid=1000
10-15 21:54:48.868 27739 28043 I BatteryMgr:DataCollectionService: stats => 1697399688868,129,4250,147,0,100
10-15 21:54:48.906  3957  4129 D WifiStateMachine:  ConnectedState !RSSI_PKTCNT_FETCH uid=1000 rt=401678054/1062076282 0 0 "ourhome" f4:6d:2f:12:cc:88 rssi=-41 f=5240 sc=60 link=433 tx=1.4, 0.0, 0.0  rx=2.4 bcn=47480 [on:0 tx:0 rx:0 period:999] from screen [on:-2967123 period:5243755] score=60
10-15 21:54:48.909  3957  4129 D WifiStateMachine:  L2ConnectedState !RSSI_PKTCNT_FETCH uid=1000 rt=401678057/1062076284 0 0 "ourhome" f4:6d:2f:12:cc:88 rssi=-41 f=5240 sc=60 link=433 tx=1.4, 0.0, 0.0  rx=2.4 bcn=47480 [on:0 tx:0 rx:0 period:4] from screen [on:-2967123 period:5243759] score=60
10-15 21:54:48.916  3957  4129 D WifiStateMachine: fetchRssiLinkSpeedAndFrequencyNative rssi=-40 linkspeed=433 freq=5240
10-15 21:54:48.983 27739 28043 I BatteryMgr:DataCollectionService: stats => 1697399688983,129,4250,147,0,100
10-15 21:54:49.096 27739 28043 I BatteryMgr:DataCollectionService: stats => 1697399689096,129,4250,147,0,100
10-15 21:54:49.209 27739 28043 I BatteryMgr:DataCollectionService: stats => 1697399689209,129,4250,147,0,100
10-15 21:54:49.319 27739 28043 I BatteryMgr:DataCollectionService: stats => 1697399689319,129,4250,147,0,100
10-15 21:54:49.432 27739 28043 I BatteryMgr:DataCollectionService: stats => 1697399689432,129,4250,147,0,100
10-15 21:54:49.521 19438 19556 D ScanRecord: Not a Multi Manu data
10-15 21:54:49.543 19438 19556 I chatty  : uid=1002(bluetooth) BT Service Call identical 37 lines
10-15 21:54:49.543 19438 19556 D ScanRecord: Not a Multi Manu data
10-15 21:54:49.545 27739 28043 I BatteryMgr:DataCollectionService: stats => 1697399689545,129,4250,147,0,100
10-15 21:54:49.562 19438 19556 D ScanRecord: Not a Multi Manu data
10-15 21:54:49.639 19438 19556 I chatty  : uid=1002(bluetooth) BT Service Call identical 167 lines
10-15 21:54:49.639 19438 19556 D ScanRecord: Not a Multi Manu data
10-15 21:54:49.652 27739 28043 I BatteryMgr:DataCollectionService: stats => 1697399689652,129,4250,147,0,100
10-15 21:54:49.663 19438 19556 D ScanRecord: Not a Multi Manu data
10-15 21:54:49.673 19438 19556 I chatty  : uid=1002(bluetooth) BT Service Call identical 37 lines
10-15 21:54:49.673 19438 19556 D ScanRecord: Not a Multi Manu data
10-15 21:54:49.692  3957  4128 D WifiService: getConnectionInfo uid=1000
10-15 21:54:49.693 19438 19556 D ScanRecord: Not a Multi Manu data
10-15 21:54:49.746 19438 19556 I chatty  : uid=1002(bluetooth) BT Service Call identical 102 lines
10-15 21:54:49.746 19438 19556 D ScanRecord: Not a Multi Manu data
10-15 21:54:49.761 27739 28043 I BatteryMgr:DataCollectionService: stats => 1697399689761,129,4250,147,0,100
10-15 21:54:49.762 19438 19556 D ScanRecord: Not a Multi Manu data
10-15 21:54:49.863 19438 19556 I chatty  : uid=1002(bluetooth) BT Service Call identical 141 lines
10-15 21:54:49.863 19438 19556 D ScanRecord: Not a Multi Manu data
10-15 21:54:49.868 27739 28043 I BatteryMgr:DataCollectionService: stats => 1697399689868,129,4250,147,0,100
10-15 21:54:49.897 19438 19556 D ScanRecord: Not a Multi Manu data
10-15 21:54:49.898 19438 19556 I chatty  : uid=1002(bluetooth) BT Service Call identical 11 lines
10-15 21:54:49.898 19438 19556 D ScanRecord: Not a Multi Manu data
10-15 21:54:49.907  3957  4129 D WifiStateMachine:  ConnectedState !RSSI_PKTCNT_FETCH uid=1000 rt=401679055/1062077283 0 0 "ourhome" f4:6d:2f:12:cc:88 rssi=-40 f=5240 sc=60 link=433 tx=1.4, 0.0, 0.0  rx=2.4 bcn=47480 [on:0 tx:0 rx:0 period:997] from screen [on:-2967123 period:5244756] score=60
10-15 21:54:49.909  3957  4129 D WifiStateMachine:  L2ConnectedState !RSSI_PKTCNT_FETCH uid=1000 rt=401679058/1062077285 0 0 "ourhome" f4:6d:2f:12:cc:88 rssi=-40 f=5240 sc=60 link=433 tx=1.4, 0.0, 0.0  rx=2.4 bcn=47480 [on:0 tx:0 rx:0 period:2] from screen [on:-2967123 period:5244758] score=60
10-15 21:54:49.911  3957  4129 D WifiStateMachine: fetchRssiLinkSpeedAndFrequencyNative rssi=-40 linkspeed=433 freq=5240
10-15 21:54:49.935 19438 19556 D ScanRecord: Not a Multi Manu data
10-15 21:54:49.975 19438 19556 I chatty  : uid=1002(bluetooth) BT Service Call identical 89 lines
10-15 21:54:49.975 19438 19556 D ScanRecord: Not a Multi Manu data
10-15 21:54:49.979 27739 28043 I BatteryMgr:DataCollectionService: stats => 1697399689979,129,4250,147,0,100
10-15 21:54:49.984 19438 19556 D ScanRecord: Not a Multi Manu data
10-15 21:54:50.011 19438 19556 I chatty  : uid=1002(bluetooth) BT Service Call identical 50 lines
10-15 21:54:50.011 19438 19556 D ScanRecord: Not a Multi Manu data
10-15 21:54:50.087 27739 28043 I BatteryMgr:DataCollectionService: stats => 1697399690086,129,4250,147,0,100
10-15 21:54:50.197 27739 28043 I BatteryMgr:DataCollectionService: stats => 1697399690197,129,4250,147,0,100
10-15 21:54:50.307 27739 28043 I BatteryMgr:DataCollectionService: stats => 1697399690307,129,4250,147,0,100
10-15 21:54:50.415 27739 28043 I BatteryMgr:DataCollectionService: stats => 1697399690415,129,4250,147,0,100
10-15 21:54:50.437  3957  4129 D WifiStateMachine:  ConnectedState !CMD_RSSI_POLL rt=401679586/1062077813 50 0 "ourhome" f4:6d:2f:12:cc:88 rssi=-40 f=5240 sc=60 link=433 tx=1.4, 0.0, 0.0  rx=2.4 bcn=47480 [on:0 tx:0 rx:0 period:529] from screen [on:-2967123 period:5245287] score=60
10-15 21:54:50.439  3957  4129 D WifiStateMachine:  L2ConnectedState !CMD_RSSI_POLL rt=401679589/1062077816 50 0 "ourhome" f4:6d:2f:12:cc:88 rssi=-40 f=5240 sc=60 link=433 tx=1.4, 0.0, 0.0  rx=2.4 bcn=47480 [on:0 tx:0 rx:0 period:2] from screen [on:-2967123 period:5245289] score=60
10-15 21:54:50.439  3957  4129 D WifiStateMachine:  get link layer stats 3
10-15 21:54:50.440  3436  3436 I android.hardware.wifi@1.0-service: getLinkLayerStats
10-15 21:54:50.460  3957  4129 D WifiStateMachine: fetchRssiLinkSpeedAndFrequencyNative rssi=-41 linkspeed=433 freq=5240
10-15 21:54:50.463  4340  4340 E SignalClusterView: setSlotFocusVisible : subId -2
10-15 21:54:50.463  4340  4340 E SignalClusterView: setSlotFocusVisible : subId -2
10-15 21:54:50.523 27739 28043 I BatteryMgr:DataCollectionService: stats => 1697399690523,129,4250,147,0,100
10-15 21:54:50.634 27739 28043 I BatteryMgr:DataCollectionService: stats => 1697399690634,129,4250,147,0,100
10-15 21:54:50.695  3957  4128 D WifiService: getConnectionInfo uid=1000
10-15 21:54:50.742 27739 28043 I BatteryMgr:DataCollectionService: stats => 1697399690742,129,4250,147,0,100
10-15 21:54:50.851 27739 28043 I BatteryMgr:DataCollectionService: stats => 1697399690851,129,4250,147,0,100
10-15 21:54:50.907  3957  4129 D WifiStateMachine:  ConnectedState !RSSI_PKTCNT_FETCH uid=1000 rt=401680056/1062078283 0 0 "ourhome" f4:6d:2f:12:cc:88 rssi=-41 f=5240 sc=60 link=433 tx=0.5, 0.0, 0.0  rx=0.9 bcn=47504 [on:0 tx:0 rx:0 period:445] from screen [on:-2967033 period:5245757] score=60
10-15 21:54:50.908  3957  4129 D WifiStateMachine:  L2ConnectedState !RSSI_PKTCNT_FETCH uid=1000 rt=401680058/1062078285 0 0 "ourhome" f4:6d:2f:12:cc:88 rssi=-41 f=5240 sc=60 link=433 tx=0.5, 0.0, 0.0  rx=0.9 bcn=47504 [on:0 tx:0 rx:0 period:1] from screen [on:-2967033 period:5245758] score=60
10-15 21:54:50.909  3957  4129 D WifiStateMachine: fetchRssiLinkSpeedAndFrequencyNative rssi=-42 linkspeed=433 freq=5240
10-15 21:54:50.960 27739 28043 I BatteryMgr:DataCollectionService: stats => 1697399690960,129,4250,147,0,100
10-15 21:54:51.068 27739 28043 I BatteryMgr:DataCollectionService: stats => 1697399691068,129,4250,147,0,100
10-15 21:54:51.179 27739 28043 I BatteryMgr:DataCollectionService: stats => 1697399691179,129,4250,147,0,100
10-15 21:54:51.288 27739 28043 I BatteryMgr:DataCollectionService: stats => 1697399691287,129,4250,147,0,100
10-15 21:54:51.397 27739 28043 I BatteryMgr:DataCollectionService: stats => 1697399691396,129,4250,147,0,100
10-15 21:54:51.513 27739 28043 I BatteryMgr:DataCollectionService: stats => 1697399691513,129,4250,147,0,100
10-15 21:54:51.623 27739 28043 I BatteryMgr:DataCollectionService: stats => 1697399691623,129,4250,147,0,100
10-15 21:54:51.698  3957  4128 D WifiService: getConnectionInfo uid=1000
10-15 21:54:51.732 27739 28043 I BatteryMgr:DataCollectionService: stats => 1697399691732,129,4250,147,0,100
10-15 21:54:51.840 27739 28043 I BatteryMgr:DataCollectionService: stats => 1697399691840,129,4250,147,0,100
10-15 21:54:51.910  3957  4129 D WifiStateMachine:  ConnectedState !RSSI_PKTCNT_FETCH uid=1000 rt=401681059/1062079286 0 0 "ourhome" f4:6d:2f:12:cc:88 rssi=-42 f=5240 sc=60 link=433 tx=0.5, 0.0, 0.0  rx=0.9 bcn=47504 [on:0 tx:0 rx:0 period:1002] from screen [on:-2967033 period:5246760] score=60
10-15 21:54:51.913  3957  4129 D WifiStateMachine:  L2ConnectedState !RSSI_PKTCNT_FETCH uid=1000 rt=401681061/1062079289 0 0 "ourhome" f4:6d:2f:12:cc:88 rssi=-42 f=5240 sc=60 link=433 tx=0.5, 0.0, 0.0  rx=0.9 bcn=47504 [on:0 tx:0 rx:0 period:3] from screen [on:-2967033 period:5246763] score=60
10-15 21:54:51.914  3957  4129 D WifiStateMachine: fetchRssiLinkSpeedAndFrequencyNative rssi=-41 linkspeed=433 freq=5240
10-15 21:54:51.952 27739 28043 I BatteryMgr:DataCollectionService: stats => 1697399691952,129,4250,147,0,100
10-15 21:54:52.060 27739 28043 I BatteryMgr:DataCollectionService: stats => 1697399692059,129,4250,147,0,100
10-15 21:54:52.169 27739 28043 I BatteryMgr:DataCollectionService: stats => 1697399692169,129,4250,147,0,100
10-15 21:54:52.218  3957  4416 E Watchdog: !@Sync 13384 [2023-10-15 21:54:52.217]
10-15 21:54:52.282 27739 28043 I BatteryMgr:DataCollectionService: stats => 1697399692281,129,4250,147,0,100
10-15 21:54:52.390 27739 28043 I BatteryMgr:DataCollectionService: stats => 1697399692390,129,4250,147,0,100
10-15 21:54:52.491 27784 27998 I SessionStorage/AutoSave: Save: Periodic
10-15 21:54:52.500 27739 28043 I BatteryMgr:DataCollectionService: stats => 1697399692500,152,4250,142,0,100
10-15 21:54:52.610 27739 28043 I BatteryMgr:DataCollectionService: stats => 1697399692610,152,4250,142,0,100
10-15 21:54:52.700  3957  4128 D WifiService: getConnectionInfo uid=1000
10-15 21:54:52.721 27739 28043 I BatteryMgr:DataCollectionService: stats => 1697399692721,152,4250,142,0,100
10-15 21:54:52.828 27739 28043 I BatteryMgr:DataCollectionService: stats => 1697399692828,152,4250,142,0,100
10-15 21:54:52.911  3957  4129 D WifiStateMachine:  ConnectedState !RSSI_PKTCNT_FETCH uid=1000 rt=401682060/1062080288 0 0 "ourhome" f4:6d:2f:12:cc:88 rssi=-41 f=5240 sc=60 link=433 tx=0.5, 0.0, 0.0  rx=0.9 bcn=47504 [on:0 tx:0 rx:0 period:998] from screen [on:-2967033 period:5247761] score=60
10-15 21:54:52.913  3957  4129 D WifiStateMachine:  L2ConnectedState !RSSI_PKTCNT_FETCH uid=1000 rt=401682062/1062080290 0 0 "ourhome" f4:6d:2f:12:cc:88 rssi=-41 f=5240 sc=60 link=433 tx=0.5, 0.0, 0.0  rx=0.9 bcn=47504 [on:0 tx:0 rx:0 period:2] from screen [on:-2967033 period:5247763] score=60
10-15 21:54:52.919  3957  4129 D WifiStateMachine: fetchRssiLinkSpeedAndFrequencyNative rssi=-41 linkspeed=433 freq=5240
10-15 21:54:52.938 27739 28043 I BatteryMgr:DataCollectionService: stats => 1697399692938,152,4250,142,0,100
10-15 21:54:53.019  3957  3967 D BatteryService: !@BatteryListener : batteryPropertiesChanged!
10-15 21:54:53.048 27739 28043 I BatteryMgr:DataCollectionService: stats => 1697399693048,152,4250,142,0,100
10-15 21:54:53.154 27739 28043 I BatteryMgr:DataCollectionService: stats => 1697399693154,152,4250,142,0,100
10-15 21:54:53.261 27739 28043 I BatteryMgr:DataCollectionService: stats => 1697399693261,152,4250,142,0,100
10-15 21:54:53.366 27739 28043 I BatteryMgr:DataCollectionService: stats => 1697399693366,152,4250,142,0,100
10-15 21:54:53.462  3957  4129 D WifiStateMachine:  ConnectedState !CMD_RSSI_POLL rt=401682612/1062080839 50 0 "ourhome" f4:6d:2f:12:cc:88 rssi=-41 f=5240 sc=60 link=433 tx=0.5, 0.0, 0.0  rx=0.9 bcn=47504 [on:0 tx:0 rx:0 period:549] from screen [on:-2967033 period:5248312] score=60
10-15 21:54:53.464  3957  4129 D WifiStateMachine:  L2ConnectedState !CMD_RSSI_POLL rt=401682614/1062080841 50 0 "ourhome" f4:6d:2f:12:cc:88 rssi=-41 f=5240 sc=60 link=433 tx=0.5, 0.0, 0.0  rx=0.9 bcn=47504 [on:0 tx:0 rx:0 period:2] from screen [on:-2967033 period:5248314] score=60
10-15 21:54:53.464  3957  4129 D WifiStateMachine:  get link layer stats 3
10-15 21:54:53.464  3436  3436 I android.hardware.wifi@1.0-service: getLinkLayerStats
10-15 21:54:53.474 27739 28043 I BatteryMgr:DataCollectionService: stats => 1697399693474,152,4250,142,0,100
10-15 21:54:53.482  3957  4129 D WifiStateMachine: fetchRssiLinkSpeedAndFrequencyNative rssi=-42 linkspeed=433 freq=5240
10-15 21:54:53.486  4340  4340 E SignalClusterView: setSlotFocusVisible : subId -2
10-15 21:54:53.487  4340  4340 E SignalClusterView: setSlotFocusVisible : subId -2
10-15 21:54:53.581 27739 28043 I BatteryMgr:DataCollectionService: stats => 1697399693581,152,4250,142,0,100
10-15 21:54:53.689 27739 28043 I BatteryMgr:DataCollectionService: stats => 1697399693688,152,4250,142,0,100
10-15 21:54:53.702  3957  4128 D WifiService: getConnectionInfo uid=1000
10-15 21:54:53.789  4961  4961 D io_stats: !@ 179,0 r 5207523 161078656 w 1282347 27875608 d 100896 31561292 f 298113 314604 iot 2316488 2049600 th 51200 0 0 pt 0 inp 0 0 401682.939
10-15 21:54:53.796 27739 28043 I BatteryMgr:DataCollectionService: stats => 1697399693796,152,4250,142,0,100
10-15 21:54:53.903 27739 28043 I BatteryMgr:DataCollectionService: stats => 1697399693903,152,4250,142,0,100
10-15 21:54:53.915  3957  4129 D WifiStateMachine:  ConnectedState !RSSI_PKTCNT_FETCH uid=1000 rt=401683061/1062081289 0 0 "ourhome" f4:6d:2f:12:cc:88 rssi=-42 f=5240 sc=60 link=433 tx=4.0, 0.0, 0.0  rx=5.4 bcn=47532 [on:0 tx:0 rx:0 period:429] from screen [on:-2965972 period:5248764] score=60
10-15 21:54:53.917  3957  4129 D WifiStateMachine:  L2ConnectedState !RSSI_PKTCNT_FETCH uid=1000 rt=401683066/1062081293 0 0 "ourhome" f4:6d:2f:12:cc:88 rssi=-42 f=5240 sc=60 link=433 tx=4.0, 0.0, 0.0  rx=5.4 bcn=47532 [on:0 tx:0 rx:0 period:2] from screen [on:-2965972 period:5248766] score=60
10-15 21:54:53.923  3957  4129 D WifiStateMachine: fetchRssiLinkSpeedAndFrequencyNative rssi=-42 linkspeed=433 freq=5240
10-15 21:54:54.010 27739 28043 I BatteryMgr:DataCollectionService: stats => 1697399694010,152,4250,142,0,100
10-15 21:54:54.120 27739 28043 I BatteryMgr:DataCollectionService: stats => 1697399694120,152,4250,142,0,100
10-15 21:54:54.228 27739 28043 I BatteryMgr:DataCollectionService: stats => 1697399694228,152,4250,142,0,100
10-15 21:54:54.339 27739 28043 I BatteryMgr:DataCollectionService: stats => 1697399694339,152,4250,142,0,100
10-15 21:54:54.448 27739 28043 I BatteryMgr:DataCollectionService: stats => 1697399694448,152,4250,142,0,100
10-15 21:54:54.533 19438 19556 D ScanRecord: Not a Multi Manu data
10-15 21:54:54.544 19438 19556 I chatty  : uid=1002(bluetooth) BT Service Call identical 24 lines
10-15 21:54:54.544 19438 19556 D ScanRecord: Not a Multi Manu data
10-15 21:54:54.558 27739 28043 I BatteryMgr:DataCollectionService: stats => 1697399694558,152,4250,142,0,100
10-15 21:54:54.579 19438 19556 D ScanRecord: Not a Multi Manu data
10-15 21:54:54.660 19438 19556 I chatty  : uid=1002(bluetooth) BT Service Call identical 193 lines
10-15 21:54:54.660 19438 19556 D ScanRecord: Not a Multi Manu data
10-15 21:54:54.667 27739 28043 I BatteryMgr:DataCollectionService: stats => 1697399694666,152,4250,142,0,100
10-15 21:54:54.670 19438 19556 D ScanRecord: Not a Multi Manu data
10-15 21:54:54.691 19438 19556 I chatty  : uid=1002(bluetooth) BT Service Call identical 76 lines
10-15 21:54:54.691 19438 19556 D ScanRecord: Not a Multi Manu data
10-15 21:54:54.704  3957  4128 D WifiService: getConnectionInfo uid=1000
10-15 21:54:54.707 19438 19556 D ScanRecord: Not a Multi Manu data
10-15 21:54:54.766 19438 19556 I chatty  : uid=1002(bluetooth) BT Service Call identical 76 lines
10-15 21:54:54.766 19438 19556 D ScanRecord: Not a Multi Manu data
10-15 21:54:54.774 27739 28043 I BatteryMgr:DataCollectionService: stats => 1697399694774,152,4250,142,0,100
10-15 21:54:54.775 19438 19556 D ScanRecord: Not a Multi Manu data
10-15 21:54:54.870 19438 19556 I chatty  : uid=1002(bluetooth) BT Service Call identical 297 lines
10-15 21:54:54.870 19438 19556 D ScanRecord: Not a Multi Manu data
10-15 21:54:54.881 27739 28043 I BatteryMgr:DataCollectionService: stats => 1697399694881,152,4250,142,0,100
10-15 21:54:54.884 19438 19556 D ScanRecord: Not a Multi Manu data
10-15 21:54:54.908 19438 19556 I chatty  : uid=1002(bluetooth) BT Service Call identical 63 lines
10-15 21:54:54.908 19438 19556 D ScanRecord: Not a Multi Manu data
10-15 21:54:54.915  3957  4129 D WifiStateMachine:  ConnectedState !RSSI_PKTCNT_FETCH uid=1000 rt=401684063/1062082290 0 0 "ourhome" f4:6d:2f:12:cc:88 rssi=-42 f=5240 sc=60 link=433 tx=4.0, 0.0, 0.0  rx=5.4 bcn=47532 [on:0 tx:0 rx:0 period:999] from screen [on:-2965972 period:5249765] score=60
10-15 21:54:54.916 19438 19556 D ScanRecord: Not a Multi Manu data
10-15 21:54:54.917  3957  4129 D WifiStateMachine:  L2ConnectedState !RSSI_PKTCNT_FETCH uid=1000 rt=401684066/1062082293 0 0 "ourhome" f4:6d:2f:12:cc:88 rssi=-42 f=5240 sc=60 link=433 tx=4.0, 0.0, 0.0  rx=5.4 bcn=47532 [on:0 tx:0 rx:0 period:1] from screen [on:-2965972 period:5249766] score=60
10-15 21:54:54.917 19438 19556 I chatty  : uid=1002(bluetooth) BT Service Call expire 9 lines
10-15 21:54:54.917 19438 19556 D ScanRecord: Not a Multi Manu data
10-15 21:54:54.917 19438 19556 D ScanRecord: Not a Multi Manu data
10-15 21:54:54.917 19438 19556 D ScanRecord: Not a Multi Manu data
10-15 21:54:54.918  3957  4129 D WifiStateMachine: fetchRssiLinkSpeedAndFrequencyNative rssi=-42 linkspeed=433 freq=5240
10-15 21:54:54.920 19438 19556 D ScanRecord: Not a Multi Manu data
10-15 21:54:54.983 19438 19556 I chatty  : uid=1002(bluetooth) BT Service Call identical 193 lines
10-15 21:54:54.983 19438 19556 D ScanRecord: Not a Multi Manu data
10-15 21:54:54.991 27739 28043 I BatteryMgr:DataCollectionService: stats => 1697399694991,152,4250,142,0,100
10-15 21:54:54.992 19438 19556 D ScanRecord: Not a Multi Manu data
10-15 21:54:55.000 19438 19556 I chatty  : uid=1002(bluetooth) BT Service Call identical 24 lines
10-15 21:54:55.000 19438 19556 D ScanRecord: Not a Multi Manu data
10-15 21:54:55.100 27739 28043 I BatteryMgr:DataCollectionService: stats => 1697399695100,152,4250,142,0,100
10-15 21:54:55.210 27739 28043 I BatteryMgr:DataCollectionService: stats => 1697399695210,152,4250,142,0,100
10-15 21:54:55.322 27739 28043 I BatteryMgr:DataCollectionService: stats => 1697399695322,152,4250,142,0,100
10-15 21:54:55.345  3957  4306 D WifiConnectivityMonitor:  [|210] []
10-15 21:54:55.428 27739 28043 I BatteryMgr:DataCollectionService: stats => 1697399695428,152,4250,142,0,100
10-15 21:54:55.534 27739 28043 I BatteryMgr:DataCollectionService: stats => 1697399695534,152,4250,142,0,100
10-15 21:54:55.641 27739 28043 I BatteryMgr:DataCollectionService: stats => 1697399695641,152,4250,142,0,100
10-15 21:54:55.707  3957  4128 D WifiService: getConnectionInfo uid=1000
10-15 21:54:55.752 27739 28043 I BatteryMgr:DataCollectionService: stats => 1697399695752,152,4250,142,0,100
10-15 21:54:55.862 27739 28043 I BatteryMgr:DataCollectionService: stats => 1697399695862,152,4250,142,0,100
10-15 21:54:55.917  3957  4129 D WifiStateMachine:  ConnectedState !RSSI_PKTCNT_FETCH uid=1000 rt=401685064/1062083292 0 0 "ourhome" f4:6d:2f:12:cc:88 rssi=-42 f=5240 sc=60 link=433 tx=4.0, 0.0, 0.0  rx=5.4 bcn=47532 [on:0 tx:0 rx:0 period:1001] from screen [on:-2965972 period:5250767] score=60
10-15 21:54:55.919  3957  4129 D WifiStateMachine:  L2ConnectedState !RSSI_PKTCNT_FETCH uid=1000 rt=401685068/1062083296 0 0 "ourhome" f4:6d:2f:12:cc:88 rssi=-42 f=5240 sc=60 link=433 tx=4.0, 0.0, 0.0  rx=5.4 bcn=47532 [on:0 tx:0 rx:0 period:2] from screen [on:-2965972 period:5250769] score=60
10-15 21:54:55.925  3957  4129 D WifiStateMachine: fetchRssiLinkSpeedAndFrequencyNative rssi=-41 linkspeed=433 freq=5240
10-15 21:54:55.967  3957  6478 D SSRM:k  : SIOP:: AP = 360, PST = 347 (W:30), BAT = 297, USB = 0, CHG = 0
10-15 21:54:55.972 27739 28043 I BatteryMgr:DataCollectionService: stats => 1697399695972,152,4250,142,0,100
10-15 21:54:56.082 27739 28043 I BatteryMgr:DataCollectionService: stats => 1697399696082,152,4250,142,0,100
10-15 21:54:56.189 27739 28043 I BatteryMgr:DataCollectionService: stats => 1697399696189,152,4250,142,0,100
10-15 21:54:56.298 27739 28043 I BatteryMgr:DataCollectionService: stats => 1697399696298,152,4250,142,0,100
10-15 21:54:56.406 27739 28043 I BatteryMgr:DataCollectionService: stats => 1697399696406,152,4250,142,0,100
10-15 21:54:56.486  3957  4129 D WifiStateMachine:  ConnectedState !CMD_RSSI_POLL rt=401685635/1062083862 50 0 "ourhome" f4:6d:2f:12:cc:88 rssi=-41 f=5240 sc=60 link=433 tx=4.0, 0.0, 0.0  rx=5.4 bcn=47532 [on:0 tx:0 rx:0 period:567] from screen [on:-2965972 period:5251336] score=60
10-15 21:54:56.490  3957  4129 D WifiStateMachine:  L2ConnectedState !CMD_RSSI_POLL rt=401685637/1062083864 50 0 "ourhome" f4:6d:2f:12:cc:88 rssi=-41 f=5240 sc=60 link=433 tx=4.0, 0.0, 0.0  rx=5.4 bcn=47532 [on:0 tx:0 rx:0 period:4] from screen [on:-2965972 period:5251340] score=60
10-15 21:54:56.490  3957  4129 D WifiStateMachine:  get link layer stats 3
10-15 21:54:56.491  3436  3436 I android.hardware.wifi@1.0-service: getLinkLayerStats
10-15 21:54:56.510  3957  4129 D WifiStateMachine: fetchRssiLinkSpeedAndFrequencyNative rssi=-41 linkspeed=433 freq=5240
10-15 21:54:56.515 27739 28043 I BatteryMgr:DataCollectionService: stats => 1697399696515,152,4250,142,0,100
10-15 21:54:56.515  4340  4340 E SignalClusterView: setSlotFocusVisible : subId -2
10-15 21:54:56.515  4340  4340 E SignalClusterView: setSlotFocusVisible : subId -2
10-15 21:54:56.622 27739 28043 I BatteryMgr:DataCollectionService: stats => 1697399696622,152,4250,142,0,100
10-15 21:54:56.710  3957  4128 D WifiService: getConnectionInfo uid=1000
10-15 21:54:56.734 27739 28043 I BatteryMgr:DataCollectionService: stats => 1697399696734,152,4250,142,0,100
10-15 21:54:56.842 27739 28043 I BatteryMgr:DataCollectionService: stats => 1697399696842,152,4250,142,0,100
10-15 21:54:56.919  3957  4129 D WifiStateMachine:  ConnectedState !RSSI_PKTCNT_FETCH uid=1000 rt=401686067/1062084294 0 0 "ourhome" f4:6d:2f:12:cc:88 rssi=-41 f=5240 sc=60 link=433 tx=6.5, 0.0, 0.0  rx=9.0 bcn=47561 [on:0 tx:0 rx:0 period:404] from screen [on:-2964931 period:5251768] score=60
10-15 21:54:56.920  3957  4129 D WifiStateMachine:  L2ConnectedState !RSSI_PKTCNT_FETCH uid=1000 rt=401686070/1062084297 0 0 "ourhome" f4:6d:2f:12:cc:88 rssi=-41 f=5240 sc=60 link=433 tx=6.5, 0.0, 0.0  rx=9.0 bcn=47561 [on:0 tx:0 rx:0 period:2] from screen [on:-2964931 period:5251770] score=60
10-15 21:54:56.922  3957  4129 D WifiStateMachine: fetchRssiLinkSpeedAndFrequencyNative rssi=-41 linkspeed=433 freq=5240
10-15 21:54:56.952 27739 28043 I BatteryMgr:DataCollectionService: stats => 1697399696951,152,4250,142,0,100
10-15 21:54:57.060 27739 28043 I BatteryMgr:DataCollectionService: stats => 1697399697060,152,4250,142,0,100
10-15 21:54:57.170 27739 28043 I BatteryMgr:DataCollectionService: stats => 1697399697170,152,4250,142,0,100
10-15 21:54:57.278 27739 28043 I BatteryMgr:DataCollectionService: stats => 1697399697278,152,4250,142,0,100
10-15 21:54:57.387 27739 28043 I BatteryMgr:DataCollectionService: stats => 1697399697387,152,4250,142,0,100
10-15 21:54:57.496 27739 28043 I BatteryMgr:DataCollectionService: stats => 1697399697496,152,4250,142,0,100
10-15 21:54:57.602 27739 28043 I BatteryMgr:DataCollectionService: stats => 1697399697602,152,4250,142,0,100
10-15 21:54:57.709 27739 28043 I BatteryMgr:DataCollectionService: stats => 1697399697709,152,4250,142,0,100
10-15 21:54:57.712  3957  4128 D WifiService: getConnectionInfo uid=1000
10-15 21:54:57.726  3957  4030 D SensorService: [SO] 0.096 -0.110 9.993
10-15 21:54:57.819 27739 28043 I BatteryMgr:DataCollectionService: stats => 1697399697819,152,4250,142,0,100
10-15 21:54:57.919  3957  4129 D WifiStateMachine:  ConnectedState !RSSI_PKTCNT_FETCH uid=1000 rt=401687069/1062085296 0 0 "ourhome" f4:6d:2f:12:cc:88 rssi=-41 f=5240 sc=60 link=433 tx=6.5, 0.0, 0.0  rx=9.0 bcn=47561 [on:0 tx:0 rx:0 period:999] from screen [on:-2964931 period:5252769] score=60
10-15 21:54:57.924  3957  4129 D WifiStateMachine:  L2ConnectedState !RSSI_PKTCNT_FETCH uid=1000 rt=401687070/1062085298 0 0 "ourhome" f4:6d:2f:12:cc:88 rssi=-41 f=5240 sc=60 link=433 tx=6.5, 0.0, 0.0  rx=9.0 bcn=47561 [on:0 tx:0 rx:0 period:4] from screen [on:-2964931 period:5252773] score=60
10-15 21:54:57.927 27739 28043 I BatteryMgr:DataCollectionService: stats => 1697399697926,152,4250,142,0,100
10-15 21:54:57.930  3957  4129 D WifiStateMachine: fetchRssiLinkSpeedAndFrequencyNative rssi=-41 linkspeed=433 freq=5240
10-15 21:54:58.036 27739 28043 I BatteryMgr:DataCollectionService: stats => 1697399698036,152,4250,142,0,100
10-15 21:54:58.145 27739 28043 I BatteryMgr:DataCollectionService: stats => 1697399698145,152,4250,142,0,100
10-15 21:54:58.255 27739 28043 I BatteryMgr:DataCollectionService: stats => 1697399698254,152,4250,142,0,100
10-15 21:54:58.374 27739 28043 I BatteryMgr:DataCollectionService: stats => 1697399698373,152,4250,142,0,100
10-15 21:54:58.482 27739 28043 I BatteryMgr:DataCollectionService: stats => 1697399698482,152,4250,142,0,100
10-15 21:54:58.590 27739 28043 I BatteryMgr:DataCollectionService: stats => 1697399698590,152,4250,142,0,100
10-15 21:54:58.701 27739 28043 I BatteryMgr:DataCollectionService: stats => 1697399698701,152,4250,142,0,100
10-15 21:54:58.714  3957  4128 D WifiService: getConnectionInfo uid=1000
10-15 21:54:58.792  4961  4961 D io_stats: !@ 179,0 r 5207535 161078816 w 1282361 27875828 d 100898 31561364 f 298114 314605 iot 2316504 2049613 th 51200 0 0 pt 0 inp 0 0 401687.942
10-15 21:54:58.813 27739 28043 I BatteryMgr:DataCollectionService: stats => 1697399698813,152,4250,142,0,100
10-15 21:54:58.923  3957  4129 D WifiStateMachine:  ConnectedState !RSSI_PKTCNT_FETCH uid=1000 rt=401688070/1062086298 0 0 "ourhome" f4:6d:2f:12:cc:88 rssi=-41 f=5240 sc=60 link=433 tx=6.5, 0.0, 0.0  rx=9.0 bcn=47561 [on:0 tx:0 rx:0 period:1000] from screen [on:-2964931 period:5253773] score=60
10-15 21:54:58.923 27739 28043 I BatteryMgr:DataCollectionService: stats => 1697399698923,152,4250,142,0,100
10-15 21:54:58.929  3957  4129 D WifiStateMachine:  L2ConnectedState !RSSI_PKTCNT_FETCH uid=1000 rt=401688075/1062086302 0 0 "ourhome" f4:6d:2f:12:cc:88 rssi=-41 f=5240 sc=60 link=433 tx=6.5, 0.0, 0.0  rx=9.0 bcn=47561 [on:0 tx:0 rx:0 period:5] from screen [on:-2964931 period:5253778] score=60
10-15 21:54:58.935  3957  4129 D WifiStateMachine: fetchRssiLinkSpeedAndFrequencyNative rssi=-42 linkspeed=433 freq=5240
10-15 21:54:59.033 27739 28043 I BatteryMgr:DataCollectionService: stats => 1697399699032,152,4250,142,0,100
10-15 21:54:59.141 27739 28043 I BatteryMgr:DataCollectionService: stats => 1697399699141,152,4250,142,0,100
10-15 21:54:59.249 27739 28043 I BatteryMgr:DataCollectionService: stats => 1697399699249,152,4250,142,0,100
10-15 21:54:59.363 27739 28043 I BatteryMgr:DataCollectionService: stats => 1697399699363,152,4250,142,0,100
10-15 21:54:59.472 27739 28043 I BatteryMgr:DataCollectionService: stats => 1697399699472,152,4250,142,0,100
10-15 21:54:59.515  3957  4129 D WifiStateMachine:  ConnectedState !CMD_RSSI_POLL rt=401688663/1062086891 50 0 "ourhome" f4:6d:2f:12:cc:88 rssi=-42 f=5240 sc=60 link=433 tx=6.5, 0.0, 0.0  rx=9.0 bcn=47561 [on:0 tx:0 rx:0 period:587] from screen [on:-2964931 period:5254365] score=60
10-15 21:54:59.517  3957  4129 D WifiStateMachine:  L2ConnectedState !CMD_RSSI_POLL rt=401688666/1062086893 50 0 "ourhome" f4:6d:2f:12:cc:88 rssi=-42 f=5240 sc=60 link=433 tx=6.5, 0.0, 0.0  rx=9.0 bcn=47561 [on:0 tx:0 rx:0 period:2] from screen [on:-2964931 period:5254367] score=60
10-15 21:54:59.518  3957  4129 D WifiStateMachine:  get link layer stats 3
10-15 21:54:59.518  3436  3436 I android.hardware.wifi@1.0-service: getLinkLayerStats
10-15 21:54:59.523 19438 19556 D ScanRecord: Not a Multi Manu data
10-15 21:54:59.528 19438 19556 I chatty  : uid=1002(bluetooth) BT Service Call identical 24 lines
10-15 21:54:59.528 19438 19556 D ScanRecord: Not a Multi Manu data
10-15 21:54:59.529  3957  4129 D WifiStateMachine: fetchRssiLinkSpeedAndFrequencyNative rssi=-43 linkspeed=433 freq=5240
10-15 21:54:59.536  4340  4340 E SignalClusterView: setSlotFocusVisible : subId -2
10-15 21:54:59.536  4340  4340 E SignalClusterView: setSlotFocusVisible : subId -2
10-15 21:54:59.537 19438 19556 D ScanRecord: Not a Multi Manu data
10-15 21:54:59.579 19438 19556 I chatty  : uid=1002(bluetooth) BT Service Call identical 89 lines
10-15 21:54:59.579 19438 19556 D ScanRecord: Not a Multi Manu data
10-15 21:54:59.580 27739 28043 I BatteryMgr:DataCollectionService: stats => 1697399699580,152,4250,142,0,100
10-15 21:54:59.591 19438 19556 D ScanRecord: Not a Multi Manu data
10-15 21:54:59.686 19438 19556 I chatty  : uid=1002(bluetooth) BT Service Call identical 193 lines
10-15 21:54:59.686 19438 19556 D ScanRecord: Not a Multi Manu data
10-15 21:54:59.689 27739 28043 I BatteryMgr:DataCollectionService: stats => 1697399699689,152,4250,142,0,100
10-15 21:54:59.690 19438 19556 D ScanRecord: Not a Multi Manu data
10-15 21:54:59.697 19438 19556 I chatty  : uid=1002(bluetooth) BT Service Call identical 24 lines
10-15 21:54:59.697 19438 19556 D ScanRecord: Not a Multi Manu data
10-15 21:54:59.717  3957  4128 D WifiService: getConnectionInfo uid=1000
10-15 21:54:59.722 19438 19556 D ScanRecord: Not a Multi Manu data
10-15 21:54:59.785 19438 19556 I chatty  : uid=1002(bluetooth) BT Service Call identical 141 lines
10-15 21:54:59.785 19438 19556 D ScanRecord: Not a Multi Manu data
10-15 21:54:59.798 27739 28043 I BatteryMgr:DataCollectionService: stats => 1697399699798,152,4250,142,0,100
10-15 21:54:59.799 19438 19556 D ScanRecord: Not a Multi Manu data
10-15 21:54:59.902 19438 19556 I chatty  : uid=1002(bluetooth) BT Service Call identical 258 lines
10-15 21:54:59.902 19438 19556 D ScanRecord: Not a Multi Manu data
10-15 21:54:59.911 27739 28043 I BatteryMgr:DataCollectionService: stats => 1697399699908,152,4250,142,0,100
10-15 21:54:59.912 19438 19556 D ScanRecord: Not a Multi Manu data
10-15 21:54:59.918 19438 19556 I chatty  : uid=1002(bluetooth) BT Service Call identical 24 lines
10-15 21:54:59.918 19438 19556 D ScanRecord: Not a Multi Manu data
10-15 21:54:59.922  3957  4129 D WifiStateMachine:  ConnectedState !RSSI_PKTCNT_FETCH uid=1000 rt=401689071/1062087299 0 0 "ourhome" f4:6d:2f:12:cc:88 rssi=-43 f=5240 sc=60 link=433 tx=2.4, 0.0, 0.0  rx=3.9 bcn=47590 [on:0 tx:0 rx:0 period:388] from screen [on:-2964806 period:5254772] score=60
10-15 21:54:59.923 19438 19556 D ScanRecord: Not a Multi Manu data
10-15 21:54:59.924 19438 19556 I chatty  : uid=1002(bluetooth) BT Service Call identical 11 lines
10-15 21:54:59.924 19438 19556 D ScanRecord: Not a Multi Manu data
10-15 21:54:59.927  3957  4129 D WifiStateMachine:  L2ConnectedState !RSSI_PKTCNT_FETCH uid=1000 rt=401689073/1062087300 0 0 "ourhome" f4:6d:2f:12:cc:88 rssi=-43 f=5240 sc=60 link=433 tx=2.4, 0.0, 0.0  rx=3.9 bcn=47590 [on:0 tx:0 rx:0 period:5] from screen [on:-2964806 period:5254777] score=60
10-15 21:54:59.928 19438 19556 D ScanRecord: Not a Multi Manu data
10-15 21:54:59.929  3957  4129 D WifiStateMachine: fetchRssiLinkSpeedAndFrequencyNative rssi=-42 linkspeed=433 freq=5240
10-15 21:54:59.929 19438 19556 I chatty  : uid=1002(bluetooth) BT Service Call expire 6 lines
10-15 21:54:59.929 19438 19556 D ScanRecord: Not a Multi Manu data
10-15 21:54:59.929 19438 19556 D ScanRecord: Not a Multi Manu data
10-15 21:54:59.994 19438 19556 I chatty  : uid=1002(bluetooth) BT Service Call identical 133 lines
10-15 21:54:59.994 19438 19556 D ScanRecord: Not a Multi Manu data
10-15 21:54:59.999  3957  4045 D SamsungAlarmManager: Expired : 8
10-15 21:55:00.001  3957  4045 D SamsungAlarmManager: setInexact Intent (T:3/F:8/AC:false) 20231015T222350 - CU:1000/CP:3957
10-15 21:55:00.002  3957  4045 V SamsungAlarmManager: Sending to uid : 1000 action=com.android.server.action.NETWORK_STATS_POLL alarm=Alarm{99e8504 type 3 when 1062017952 android}
10-15 21:55:00.004  3957  4045 V SamsungAlarmManager: Sending to uid : 1000 action=android.intent.action.TIME_TICK alarm=Alarm{66d0d22 type 3 when 1062087378 android}
10-15 21:55:00.005  3957  4045 V SamsungAlarmManager: Sending to uid : 10074 action=com.samsung.action.EVERY_MINUTE_CLOCK_UPDATE alarm=Alarm{bb23b3 type 1 when 1697399700000 com.sec.android.app.launcher}
10-15 21:55:00.008  3957  3957 D SamsungAlarmManager: setExact Intent (T:3/F:1/AC:false) 20231015T215559 - CU:1000/CP:3957
10-15 21:55:00.008  3957  3957 I SamsungAlarmManager: setLocked to kernel - T:3 / 20231015T215559, SetElapsed=1062147378, nowELAPSED=1062087387
10-15 21:55:00.010  4340  4340 D KeyguardUpdateMonitor: received broadcast android.intent.action.TIME_TICK
10-15 21:55:00.011  4340  4340 D KeyguardServiceBoxContainer: refreshTime() 1
10-15 21:55:00.011  3957  4121 D NtpTrustedTime: currentTimeMillis() cache hit
10-15 21:55:00.012 19438 19556 D ScanRecord: Not a Multi Manu data
10-15 21:55:00.017 19438 19556 I chatty  : uid=1002(bluetooth) BT Service Call identical 24 lines
10-15 21:55:00.017 19438 19556 D ScanRecord: Not a Multi Manu data
10-15 21:55:00.020 27739 28043 I BatteryMgr:DataCollectionService: stats => 1697399700020,152,4250,142,0,100
10-15 21:55:00.020 19438 19556 D ScanRecord: Not a Multi Manu data
10-15 21:55:00.023 19438 19556 I chatty  : uid=1002(bluetooth) BT Service Call identical 24 lines
10-15 21:55:00.023 19438 19556 D ScanRecord: Not a Multi Manu data
10-15 21:55:00.029  4340  4340 D KeyguardUpdateMonitor: handleStatusBarState( false )
10-15 21:55:00.038  3599  3925 D CommandListener: bwctrlcmd: argc=2 bandwidth gettetherstats ...
10-15 21:55:00.038  3599  3925 D CommandListener: gettetherstats start. socket=44, pid=3957, uid=1000, gid=1000
10-15 21:55:00.038  3599  3925 D CommandListener: gettetherstats end 1
10-15 21:55:00.066  4340  4340 D KeyguardUpdateMonitor: handleStatusBarState( false )
10-15 21:55:00.072  3957  4121 D NtpTrustedTime: currentTimeMillis() cache hit
10-15 21:55:00.081  3599  3925 D CommandListener: bwctrlcmd: argc=3 bandwidth setglobalalert ...
10-15 21:55:00.083  3957  4123 D NtpTrustedTime: currentTimeMillis() cache hit
10-15 21:55:00.083  3957  4123 D NtpTrustedTime: currentTimeMillis() cache hit
10-15 21:55:00.089 14518 14518 I Launcher: onReceive: com.samsung.action.EVERY_MINUTE_CLOCK_UPDATE
10-15 21:55:00.092  3957  3967 D SamsungAlarmManager: setInexact Intent (T:1/F:0/AC:false) 20231015T215600 - CU:10074/CP:14518
10-15 21:55:00.093 14518 14518 I IconView: applyFromShortcutInfo - start GetLive : com.samsung.android.calendar
10-15 21:55:00.093 14518 14518 I BitmapCacheContainer: getBitmapCache: BitmapCache expired com.samsung.android.calendar/UserHandle{0}
10-15 21:55:00.096 14518 14518 D ApplicationPackageManager: we has com.samsung.android.calendar class. reuse it 
10-15 21:55:00.111 14518 14518 I ApplicationPackageManager: load= live icon for com.samsung.android.calendar, from overlay = false
10-15 21:55:00.113 14518 14518 I LiveIconManager: getLiveIcon: complete(sync_created)
10-15 21:55:00.113 14518 14518 I IconView: applyFromShortcutInfo - end GetLive : com.samsung.android.calendar
10-15 21:55:00.115 14518 14518 I IconView: applyFromApplicationInfo - start GetLive : com.sec.android.app.clockpackage
10-15 21:55:00.118 14518 14518 D ApplicationPackageManager: we has com.sec.android.app.clockpackage class. reuse it 
10-15 21:55:00.118 14518 14518 D LiveIconLoader: getLiveIcon was called in ClockPackage
10-15 21:55:00.120 14518 14518 D LiveIconLoader: getLiveIcon res = com.sec.android.app.clockpackage
10-15 21:55:00.121 14518 14518 D LiveIconLoader: stdIconSize : 84 , targetIconSize : 94
10-15 21:55:00.121 14518 14518 D LiveIconLoader: mIconDpi : 320 , mTargetIconDpi : 280
10-15 21:55:00.125 27739 28043 I BatteryMgr:DataCollectionService: stats => 1697399700124,152,4250,142,0,100
10-15 21:55:00.132 14518 14518 I ApplicationPackageManager: load= live icon for com.sec.android.app.clockpackage, from overlay = false
10-15 21:55:00.133 14518 14518 I LiveIconManager: getLiveIcon: complete(sync_created)
10-15 21:55:00.133 14518 14518 I IconView: applyFromApplicationInfo - end GetLive : com.sec.android.app.clockpackage
10-15 21:55:00.134 14518 14518 I IconView: applyFromApplicationInfo - start GetLive : com.samsung.android.calendar
10-15 21:55:00.134 14518 14518 I IconView: applyFromApplicationInfo - end GetLive : com.samsung.android.calendar
10-15 21:55:00.230 27739 28043 I BatteryMgr:DataCollectionService: stats => 1697399700230,152,4250,142,0,100
