10-15 22:27:47.404 31614 31640 I GeckoLoader: Library base=/data/app/org.mozilla.fenix-iWpGOrf8cry6RDpwHyQugA==/lib/arm64
10-15 22:27:47.406 31614 31640 E GeckoLibLoad: Load sqlite start
10-15 22:27:47.408 31614 31640 W linker  : "/data/app/org.mozilla.fenix-iWpGOrf8cry6RDpwHyQugA==/lib/arm64/libnss3.so" unused DT entry: type 0x8000024 arg 0x14998
10-15 22:27:47.408 31614 31640 W linker  : "/data/app/org.mozilla.fenix-iWpGOrf8cry6RDpwHyQugA==/lib/arm64/libnss3.so" unused DT entry: type 0x8000023 arg 0x5c8
10-15 22:27:47.408 31614 31640 W linker  : "/data/app/org.mozilla.fenix-iWpGOrf8cry6RDpwHyQugA==/lib/arm64/libnss3.so" unused DT entry: type 0x8000025 arg 0x8
10-15 22:27:47.409 31614 31640 E GeckoLibLoad: Load sqlite done
10-15 22:27:47.409 31614 31640 I GeckoLoader: Library base=/data/app/org.mozilla.fenix-iWpGOrf8cry6RDpwHyQugA==/lib/arm64
10-15 22:27:47.409 31614 31640 E GeckoLibLoad: Load nss start
10-15 22:27:47.409 31614 31640 E GeckoLibLoad: Load nss done
10-15 22:27:47.409 31614 31640 I GeckoLoader: Library base=/data/app/org.mozilla.fenix-iWpGOrf8cry6RDpwHyQugA==/lib/arm64
10-15 22:27:47.410 31461 31461 V InputMethodManager: Starting input: tba=android.view.inputmethod.EditorInfo@edd4734 nm : org.mozilla.fenix ic=null
10-15 22:27:47.412 31614 31640 W linker  : "/data/app/org.mozilla.fenix-iWpGOrf8cry6RDpwHyQugA==/lib/arm64/libxul.so" unused DT entry: type 0x8000024 arg 0x539420
10-15 22:27:47.412 31614 31640 W linker  : "/data/app/org.mozilla.fenix-iWpGOrf8cry6RDpwHyQugA==/lib/arm64/libxul.so" unused DT entry: type 0x8000023 arg 0x17d68
10-15 22:27:47.412 31614 31640 W linker  : "/data/app/org.mozilla.fenix-iWpGOrf8cry6RDpwHyQugA==/lib/arm64/libxul.so" unused DT entry: type 0x8000025 arg 0x8
10-15 22:27:47.414 31461 31490 W GeckoEventDispatcher: No listener for GeckoView:PageAction:Update
10-15 22:27:47.418  3447  3447 I SurfaceFlinger: Display 0 HWC layers:
10-15 22:27:47.418  3447  3447 I SurfaceFlinger:     type    |    handle    | flag |  format   |   source crop (l,t,r,b)    |         frame       | name 
10-15 22:27:47.418  3447  3447 I SurfaceFlinger: ------------+--------------+------+-----------+----------------------------+---------------------+------
10-15 22:27:47.418  3447  3447 I SurfaceFlinger:      Device | 0x7e9ec225c0 | 0000 | RGBA_8888 |   0.0    0.0  720.0 1280.0 |    0    0  720 1280 | org.mozilla.fenix/org.mozilla.fenix.App#0
10-15 22:27:47.418  3447  3447 I SurfaceFlinger:      Device | 0x7e9ed38440 | 0000 | RGBA_8888 |   0.0    0.0  720.0 1280.0 |    0    0  720 1280 | Splash Screen org.mozilla.fenix#0
10-15 22:27:47.418  3447  3447 I SurfaceFlinger:      Device | 0x7ea50249c0 | 0000 | RGBA_8888 |   0.0    0.0  720.0   42.0 |    0    0  720   42 | StatusBar#0
10-15 22:27:47.418  3447  3447 I SurfaceFlinger: 
10-15 22:27:47.435 31614 31640 E GeckoLibLoad: Loaded libs in 25.114154ms total, 12ms(8ms) user, 12ms(16ms) system, 0(0) faults
10-15 22:27:47.435 31614 31640 W GeckoThread: zerdatime 1064054813 - runGecko
10-15 22:27:47.488 31461 31461 D skia    : approximate: numPoints=40, lengths[39]=620.200073, totalLength=620.200073, segmentPoints[39]=[422.600037,0.000000]
10-15 22:27:47.488 31461 31461 D skia    : approximate: approximation[117]=1.000000, approximation[118]=422.600037, approximation[119]=0.000000
10-15 22:27:47.489 31461 31461 D skia    : approximate: numPoints=4, lengths[3]=3.448155, totalLength=3.448155, segmentPoints[3]=[3.000000,0.100000]
10-15 22:27:47.489 31461 31461 D skia    : approximate: approximation[9]=1.000000, approximation[10]=3.000000, approximation[11]=0.100000
10-15 22:27:47.490 31461 31461 D skia    : approximate: numPoints=37, lengths[36]=722.199951, totalLength=722.199951, segmentPoints[36]=[199.600006,0.000000]
10-15 22:27:47.490 31461 31461 D skia    : approximate: approximation[108]=1.000000, approximation[109]=199.600006, approximation[110]=0.000000
10-15 22:27:47.491 31461 31461 D skia    : approximate: numPoints=3, lengths[2]=2.472497, totalLength=2.472497, segmentPoints[2]=[2.000000,0.100000]
10-15 22:27:47.491 31461 31461 D skia    : approximate: approximation[6]=1.000000, approximation[7]=2.000000, approximation[8]=0.100000
10-15 22:27:47.496 31417 31417 I BatteryMgr:DataCollectionService: onStartCommand: begin
10-15 22:27:47.498 31417 31417 I BatteryMgr:DataCollectionService: onStartCommand: sampleRate => 100
10-15 22:27:47.498 31417 31417 I BatteryMgr:DataCollectionService: onStartCommand: rawFields => Timestamp,BATTERY_PROPERTY_CURRENT_NOW,EXTRA_VOLTAGE,BATTERY_PROPERTY_CURRENT_AVERAGE,BATTERY_PROPERTY_CHARGE_COUNTER,BATTERY_PROPERTY_CAPACITY
10-15 22:27:47.498 31461 31461 V InputMethodManager: Starting input: tba=android.view.inputmethod.EditorInfo@791295c nm : org.mozilla.fenix ic=null
10-15 22:27:47.498 31461 31461 I InputMethodManager: startInputInner - mService.startInputOrWindowGainedFocus
10-15 22:27:47.499  3957 14957 D InputMethodManagerService: startInputOrWindowGainedFocus : startInput 
10-15 22:27:47.501  3599  3918 D DnsProxyListener: DNSDBG::dns addrinfo af 0
10-15 22:27:47.502  3957 14957 D InputMethodManagerService: setCurrentInputInfo - inputContext : null eidtorInfo : android.view.inputmethod.EditorInfo@8610662 missingMethods : 0
10-15 22:27:47.502 19735 19735 I InputMethodWrapper:  call dispatchStartInputWithToken
10-15 22:27:47.502 19735 19735 I InputMethodService: dispatchStartInputWithToken
10-15 22:27:47.502 31417 31417 I BatteryMgr:DataCollectionService: onStartCommand: notification done
10-15 22:27:47.502 19735 19735 I SKBD    : SamsungKeypad [IMI] onStartInput - caller pid : 31461, caller uid : 10169
10-15 22:27:47.503 31417 31417 D Notification: allPendingIntents
10-15 22:27:47.504 31417 31417 I BatteryMgr:DataCollectionService: started foreground
10-15 22:27:47.505  3957  3972 D ApplicationPolicy: isStatusBarNotificationAllowedAsUser: packageName = com.example.batterymanager_utility,userId = 0
10-15 22:27:47.507  3957  3972 D API test: getContainerInfo: value is 
10-15 22:27:47.508  3957  3972 D ApplicationPolicy: isStatusBarNotificationAllowedAsUser: packageName = com.example.batterymanager_utility,userId = 0
10-15 22:27:47.508  3957  3972 D API test: getContainerInfo: value is 
10-15 22:27:47.513  3957  3957 I AccessibilityManagerService: semOnLightNotification(null), bIsFlashOn : false
10-15 22:27:47.514  3957  3957 D AccessibilityManagerService: Can't use light notification
10-15 22:27:47.521 12416 12416 E adbd    : recv: OPEN 00000a87 00000000 0042:73 68 65 6C 6C 2C 76 32 2C 54 45 52 4D 3D 78 74 65 72 6D 2D 32 35 36 63 6F 6C 6F 72 2C 72 61 77 3A 67 65 74 70 72 6F 70 20 72 6F 2E 62 75 69 6C 64 2E 76 65 72 73 69 6F 6E 2E 72 65 6C 65 61 73 65 00 
10-15 22:27:47.521 12416 12416 E adbd    : service_to_fd: shell,v2,TERM=xterm-256color,raw:getprop ro.build.version.release
10-15 22:27:47.526 31417 31703 I BatteryMgr:DataCollectionService: collectData: begin
10-15 22:27:47.536 31417 31703 I BatteryMgr:DataCollectionService: stats => 1697401667535,145,4250,146,0,100
10-15 22:27:47.540  3957  3957 D AudioService: getStreamVolume 5 index 110
10-15 22:27:47.542  3957 14957 D Notification: allPendingIntents
10-15 22:27:47.543  4340  4340 D StatusBar: addNotification key=0|com.example.batterymanager_utility|1|null|10170 fullscreen:false
10-15 22:27:47.543  3957 14957 D Notification: allPendingIntents
10-15 22:27:47.546  3957  4025 I WindowManager: Destroying surface Surface(name=Splash Screen org.mozilla.fenix) called by com.android.server.wm.WindowStateAnimator.destroySurface:2501 com.android.server.wm.WindowStateAnimator.destroySurfaceLocked:985 com.android.server.wm.WindowState.destroyOrSaveSurfaceUnchecked:3670 com.android.server.wm.WindowState.destroySurface:3618 com.android.server.wm.AppWindowToken.destroySurfaces:722 com.android.server.wm.AppWindowToken.destroySurfaces:706 com.android.server.wm.WindowState.onExitAnimationDone:5316 com.android.server.wm.WindowStateAnimator.stepAnimationLocked:550 
10-15 22:27:47.547  3447  5168 I SurfaceFlinger: id=1745 Removed Splash Screen org.mozilla.fenix#0 (4/5)
10-15 22:27:47.550  3447  3447 I SurfaceFlinger: Display 0 HWC layers:
10-15 22:27:47.550  3447  3447 I SurfaceFlinger:     type    |    handle    | flag |  format   |   source crop (l,t,r,b)    |         frame       | name 
10-15 22:27:47.550  3447  3447 I SurfaceFlinger: ------------+--------------+------+-----------+----------------------------+---------------------+------
10-15 22:27:47.550  3447  3447 I SurfaceFlinger:      Device | 0x7e9ec225c0 | 0000 | RGBA_8888 |   0.0    0.0  720.0 1280.0 |    0    0  720 1280 | org.mozilla.fenix/org.mozilla.fenix.App#0
10-15 22:27:47.550  3447  3447 I SurfaceFlinger:      Device | 0x7ea5024cc0 | 0000 | RGBA_8888 |   0.0    0.0  720.0   42.0 |    0    0  720   42 | StatusBar#0
10-15 22:27:47.550  3447  3447 I SurfaceFlinger: 
10-15 22:27:47.554  3447 18688 I SurfaceFlinger: id=1745 Removed Splash Screen org.mozilla.fenix#0 (-2/5)
10-15 22:27:47.562  3447  3447 I Layer   : id=1745 onRemoved Splash Screen org.mozilla.fenix#0 
10-15 22:27:47.574 31614 31640 W AudioCapabilities: Unsupported mime audio/mpeg-L1
10-15 22:27:47.574 31614 31640 W AudioCapabilities: Unsupported mime audio/mpeg-L2
10-15 22:27:47.577 31614 31640 W AudioCapabilities: Unsupported mime audio/x-ms-wma
10-15 22:27:47.578 31614 31640 W AudioCapabilities: Unsupported mime audio/x-ima
10-15 22:27:47.584 12416 12416 E adbd    : recv: OPEN 00000a8b 00000000 003e:73 68 65 6C 6C 2C 76 32 2C 54 45 52 4D 3D 78 74 65 72 6D 2D 32 35 36 63 6F 6C 6F 72 2C 72 61 77 3A 67 65 74 70 72 6F 70 20 72 6F 2E 62 75 69 6C 64 2E 76 65 72 73 69 6F 6E 2E 73 64 6B 00 
10-15 22:27:47.584 12416 12416 E adbd    : service_to_fd: shell,v2,TERM=xterm-256color,raw:getprop ro.build.version.sdk
10-15 22:27:47.586 31614 31640 W VideoCapabilities: Unrecognized profile 2130706433 for video/avc
10-15 22:27:47.586 31614 31640 W VideoCapabilities: Unrecognized profile 2130706434 for video/avc
10-15 22:27:47.589 31614 31640 W VideoCapabilities: Unrecognized profile 2130706433 for video/avc
10-15 22:27:47.589 31614 31640 W VideoCapabilities: Unrecognized profile 2130706434 for video/avc
10-15 22:27:47.603 31614 31640 W VideoCapabilities: Unrecognized profile 2130706433 for video/avc
10-15 22:27:47.603 31614 31640 W VideoCapabilities: Unrecognized profile 2130706434 for video/avc
10-15 22:27:47.606 31614 31640 W VideoCapabilities: Unsupported mime video/avc-wfd
10-15 22:27:47.636  3957  4129 D WifiStateMachine:  ConnectedState !CMD_RSSI_POLL rt=403656786/1064055013 52 0 "ourhome" f4:6d:2f:12:cc:88 rssi=-41 f=5240 sc=60 link=433 tx=1.9, 0.0, 0.0  rx=2.8 bcn=65533 [on:0 tx:0 rx:0 period:974] from screen [on:253222 period:1834611] score=60
10-15 22:27:47.637  3957  4129 D WifiStateMachine:  L2ConnectedState !CMD_RSSI_POLL rt=403656787/1064055014 52 0 "ourhome" f4:6d:2f:12:cc:88 rssi=-41 f=5240 sc=60 link=433 tx=1.9, 0.0, 0.0  rx=2.8 bcn=65533 [on:0 tx:0 rx:0 period:2] from screen [on:253222 period:1834613] score=60
10-15 22:27:47.637  3957  4129 D WifiStateMachine:  get link layer stats 3
10-15 22:27:47.638  3436  3436 I android.hardware.wifi@1.0-service: getLinkLayerStats
10-15 22:27:47.642  3957  4129 D WifiStateMachine: fetchRssiLinkSpeedAndFrequencyNative rssi=-43 linkspeed=433 freq=5240
10-15 22:27:47.644 31417 31703 I BatteryMgr:DataCollectionService: stats => 1697401667644,145,4250,146,0,100
10-15 22:27:47.647 31614 31640 I VideoCapabilities: Unsupported profile 4 for video/mp4v-es
10-15 22:27:47.662  3957  4129 D WifiStateMachine:  ConnectedState !RSSI_PKTCNT_FETCH uid=1000 rt=403656811/1064055039 0 0 "ourhome" f4:6d:2f:12:cc:88 rssi=-43 f=5240 sc=60 link=433 tx=39.3, 2.5, 0.0  rx=31.4 bcn=65561 [on:0 tx:0 rx:0 period:15] from screen [on:253631 period:1834637] score=60
10-15 22:27:47.665  3957  4129 D WifiStateMachine:  L2ConnectedState !RSSI_PKTCNT_FETCH uid=1000 rt=403656813/1064055040 0 0 "ourhome" f4:6d:2f:12:cc:88 rssi=-43 f=5240 sc=60 link=433 tx=39.3, 2.5, 0.0  rx=31.4 bcn=65561 [on:0 tx:0 rx:0 period:3] from screen [on:253631 period:1834640] score=60
10-15 22:27:47.666  3957  4129 D WifiStateMachine: fetchRssiLinkSpeedAndFrequencyNative rssi=-43 linkspeed=433 freq=5240
10-15 22:27:47.666  3957 12585 V WindowManager: Relayout Window{5ffd403 u0 org.mozilla.fenix/org.mozilla.fenix.App}: viewVisibility=0 req=720x1280 WM.LayoutParams{(0,0)(fillxfill) sim=#10 ty=1 fl=#81010100 pfl=0x20000 fmt=-3 wanim=0x7f1404fa vsysui=0x2610 needsMenuKey=2 colorMode=0 naviIconColor=0}
10-15 22:27:47.668  4340  4340 E SignalClusterView: setSlotFocusVisible : subId -2
10-15 22:27:47.668  4340  4340 E SignalClusterView: setSlotFocusVisible : subId -2
10-15 22:27:47.668  4340  4340 D KeyguardUpdateMonitor: handleStatusBarState( false )
10-15 22:27:47.671 31461 31461 D ViewRootImpl@812c4b2[App]: Relayout returned: old=[0,0][720,1280] new=[0,0][720,1280] result=0x1 surface={valid=true 499300003840} changed=false
10-15 22:27:47.676 31614 31640 W VideoCapabilities: Unrecognized profile/level 1/32 for video/mp4v-es
10-15 22:27:47.677 31614 31640 W VideoCapabilities: Unrecognized profile/level 32768/2 for video/mp4v-es
10-15 22:27:47.677 31614 31640 W VideoCapabilities: Unrecognized profile/level 32768/64 for video/mp4v-es
10-15 22:27:47.683 31614 31640 W VideoCapabilities: Unsupported mime video/wvc1
10-15 22:27:47.685 31614 31640 W VideoCapabilities: Unsupported mime video/x-ms-wmv
10-15 22:27:47.688 31614 31640 W VideoCapabilities: Unsupported mime video/x-ms-wmv7
10-15 22:27:47.692 31614 31640 W VideoCapabilities: Unsupported mime video/x-ms-wmv8
10-15 22:27:47.694 31614 31640 W VideoCapabilities: Unsupported mime video/mp43
10-15 22:27:47.700 18970 21442 I FontLog : (REDACTED) Received query %s, URI %s
10-15 22:27:47.703 18970 21442 I FontLog : (REDACTED) Query [%s] resolved to %s
10-15 22:27:47.704 31614 31640 W AudioCapabilities: Unsupported mime audio/mpeg-L1
10-15 22:27:47.704 31614 31640 W AudioCapabilities: Unsupported mime audio/mpeg-L2
10-15 22:27:47.704 31614 31640 W AudioCapabilities: Unsupported mime audio/x-ms-wma
10-15 22:27:47.704 31614 31640 W AudioCapabilities: Unsupported mime audio/x-ima
10-15 22:27:47.705 31614 31640 W VideoCapabilities: Unrecognized profile 2130706433 for video/avc
10-15 22:27:47.705 31614 31640 W VideoCapabilities: Unrecognized profile 2130706434 for video/avc
10-15 22:27:47.708 31614 31640 W VideoCapabilities: Unrecognized profile/level 1/32 for video/mp4v-es
10-15 22:27:47.708 31614 31640 W VideoCapabilities: Unrecognized profile/level 32768/2 for video/mp4v-es
10-15 22:27:47.708 31614 31640 W VideoCapabilities: Unrecognized profile/level 32768/64 for video/mp4v-es
10-15 22:27:47.709 31614 31640 W VideoCapabilities: Unsupported mime video/wvc1
10-15 22:27:47.710 31614 31640 W VideoCapabilities: Unsupported mime video/x-ms-wmv
10-15 22:27:47.710 31461 31461 I DefaultSupportedAddonsChecker: Unregister check for new supported add-ons
10-15 22:27:47.710 31614 31640 W VideoCapabilities: Unsupported mime video/x-ms-wmv7
10-15 22:27:47.711 31614 31640 W VideoCapabilities: Unsupported mime video/x-ms-wmv8
10-15 22:27:47.712 31614 31640 W VideoCapabilities: Unsupported mime video/mp43
10-15 22:27:47.715 18970 21442 I FontLog : (REDACTED) Fetch %s end status %s
10-15 22:27:47.725 18970 21442 I FontLog : (REDACTED) Pulling font file for id = %d, cache size = %d
10-15 22:27:47.731  3957 12585 V WindowManager: rotationForOrientationLw(orient=2, last=0); user=0  sensorRotation=-1 mLidState=-1 mDockMode=0 mHdmiPlugged=false
10-15 22:27:47.735 18970 21442 I FontLog : (REDACTED) Pulling font file for id = %d, cache size = %d
10-15 22:27:47.745  3957 14904 V WindowManager: Relayout Window{5ffd403 u0 org.mozilla.fenix/org.mozilla.fenix.App}: viewVisibility=0 req=720x1280 WM.LayoutParams{(0,0)(fillxfill) sim=#10 ty=1 fl=#81010100 pfl=0x20000 fmt=-3 wanim=0x7f1404fa vsysui=0x2610 needsMenuKey=2 colorMode=0 naviIconColor=0}
10-15 22:27:47.749 31461 31461 D ViewRootImpl@812c4b2[App]: Relayout returned: old=[0,0][720,1280] new=[0,0][720,1280] result=0x1 surface={valid=true 499300003840} changed=false
10-15 22:27:47.752 31417 31703 I BatteryMgr:DataCollectionService: stats => 1697401667752,145,4250,146,0,100
10-15 22:27:47.755 31461 31461 I WebExtension: releasePendingMessages: extension=webcompat-reporter@mozilla.org nativeApp=mozacWebcompatReporter session=null
10-15 22:27:47.765 31461 31461 I WebExtension: releasePendingMessages: extension=fxa@mozac.org nativeApp=mozacWebchannelBackground session=null
10-15 22:27:47.795 31461 31461 I WebExtension: releasePendingMessages: extension=readerview@mozac.org nativeApp=mozacReaderviewActive session=org.mozilla.geckoview.GeckoSession@e3352b3
10-15 22:27:47.795 31461 31461 I WebExtension: releasePendingMessages: extension=readerview@mozac.org nativeApp=mozacReaderview session=org.mozilla.geckoview.GeckoSession@e3352b3
10-15 22:27:47.811 31461 31461 I WebExtension: releasePendingMessages: extension=readerview@mozac.org nativeApp=mozacReaderviewActive session=org.mozilla.geckoview.GeckoSession@e3352b3
10-15 22:27:47.811 31461 31461 I WebExtension: releasePendingMessages: extension=readerview@mozac.org nativeApp=mozacReaderview session=org.mozilla.geckoview.GeckoSession@e3352b3
10-15 22:27:47.820 31461 31472 I zygote64: Background concurrent copying GC freed 26272(1760KB) AllocSpace objects, 7(140KB) LOS objects, 49% free, 4MB/8MB, paused 4.373ms total 105.271ms
10-15 22:27:47.823 31461 31461 I WebExtension: releasePendingMessages: extension=fxa@mozac.org nativeApp=mozacWebchannel session=org.mozilla.geckoview.GeckoSession@e3352b3
10-15 22:27:47.826 31461 31461 I SessionPrioritizationMiddleware: Update the currentSelectedTab dedcbbbf-2255-4450-82a7-d17516b4b0f6 priority to HIGH
10-15 22:27:47.827 31461 31461 I WebExtension: releasePendingMessages: extension=icons@mozac.org nativeApp=MozacBrowserIcons session=org.mozilla.geckoview.GeckoSession@e3352b3
10-15 22:27:47.827 31461 31461 I WebExtension: releasePendingMessages: extension=ads@mozac.org nativeApp=MozacBrowserAdsMessage session=org.mozilla.geckoview.GeckoSession@e3352b3
10-15 22:27:47.828 31461 31461 I WebExtension: releasePendingMessages: extension=cookies@mozac.org nativeApp=MozacBrowserSearchMessage session=org.mozilla.geckoview.GeckoSession@e3352b3
10-15 22:27:47.851 31461 31490 W ResourceType: Too many attribute references, stopped at: 0x01010099
10-15 22:27:47.858  3957  3972 D ApplicationPolicy: isStatusBarNotificationAllowedAsUser: packageName = android,userId = 0
10-15 22:27:47.858  3957  3972 D API test: getContainerInfo: value is 
10-15 22:27:47.859  3957  3972 D ApplicationPolicy: isStatusBarNotificationAllowedAsUser: packageName = android,userId = 0
10-15 22:27:47.859  3957  3972 D API test: getContainerInfo: value is 
10-15 22:27:47.859  3957  3972 E NotificationService: Suppressing notification from package by user request.
10-15 22:27:47.859 31417 31703 I BatteryMgr:DataCollectionService: stats => 1697401667859,145,4250,146,0,100
10-15 22:27:47.915  3957  4128 D WifiService: getConnectionInfo uid=1000
10-15 22:27:47.919 31541 31577 W linker  : "/data/app/org.mozilla.fenix-iWpGOrf8cry6RDpwHyQugA==/lib/arm64/libmozglue.so" unused DT entry: type 0x8000024 arg 0x38f70
10-15 22:27:47.919 31541 31577 W linker  : "/data/app/org.mozilla.fenix-iWpGOrf8cry6RDpwHyQugA==/lib/arm64/libmozglue.so" unused DT entry: type 0x8000023 arg 0x1f8
10-15 22:27:47.919 31541 31577 W linker  : "/data/app/org.mozilla.fenix-iWpGOrf8cry6RDpwHyQugA==/lib/arm64/libmozglue.so" unused DT entry: type 0x8000025 arg 0x8
10-15 22:27:47.922 31541 31577 I GeckoLoader: Library base=/data/app/org.mozilla.fenix-iWpGOrf8cry6RDpwHyQugA==/lib/arm64
10-15 22:27:47.922 31541 31577 I GeckoLoader: Library base=/data/app/org.mozilla.fenix-iWpGOrf8cry6RDpwHyQugA==/lib/arm64
10-15 22:27:47.923 31541 31577 E GeckoLibLoad: Load sqlite start
10-15 22:27:47.924 31541 31577 W linker  : "/data/app/org.mozilla.fenix-iWpGOrf8cry6RDpwHyQugA==/lib/arm64/libnss3.so" unused DT entry: type 0x8000024 arg 0x14998
10-15 22:27:47.924 31541 31577 W linker  : "/data/app/org.mozilla.fenix-iWpGOrf8cry6RDpwHyQugA==/lib/arm64/libnss3.so" unused DT entry: type 0x8000023 arg 0x5c8
10-15 22:27:47.924 31541 31577 W linker  : "/data/app/org.mozilla.fenix-iWpGOrf8cry6RDpwHyQugA==/lib/arm64/libnss3.so" unused DT entry: type 0x8000025 arg 0x8
10-15 22:27:47.925 31541 31577 E GeckoLibLoad: Load sqlite done
10-15 22:27:47.926 31541 31577 I GeckoLoader: Library base=/data/app/org.mozilla.fenix-iWpGOrf8cry6RDpwHyQugA==/lib/arm64
10-15 22:27:47.926 31541 31577 E GeckoLibLoad: Load nss start
10-15 22:27:47.926 31541 31577 E GeckoLibLoad: Load nss done
10-15 22:27:47.926 31541 31577 I GeckoLoader: Library base=/data/app/org.mozilla.fenix-iWpGOrf8cry6RDpwHyQugA==/lib/arm64
10-15 22:27:47.928 31541 31577 W linker  : "/data/app/org.mozilla.fenix-iWpGOrf8cry6RDpwHyQugA==/lib/arm64/libxul.so" unused DT entry: type 0x8000024 arg 0x539420
10-15 22:27:47.928 31541 31577 W linker  : "/data/app/org.mozilla.fenix-iWpGOrf8cry6RDpwHyQugA==/lib/arm64/libxul.so" unused DT entry: type 0x8000023 arg 0x17d68
10-15 22:27:47.928 31541 31577 W linker  : "/data/app/org.mozilla.fenix-iWpGOrf8cry6RDpwHyQugA==/lib/arm64/libxul.so" unused DT entry: type 0x8000025 arg 0x8
10-15 22:27:47.932 31461 31490 W AudioCapabilities: Unsupported mime audio/mpeg-L1
10-15 22:27:47.933 31461 31490 W AudioCapabilities: Unsupported mime audio/mpeg-L2
10-15 22:27:47.935 31461 31490 W AudioCapabilities: Unsupported mime audio/x-ms-wma
10-15 22:27:47.936 31461 31490 W AudioCapabilities: Unsupported mime audio/x-ima
10-15 22:27:47.941 31461 31490 W VideoCapabilities: Unrecognized profile 2130706433 for video/avc
10-15 22:27:47.941 31461 31490 W VideoCapabilities: Unrecognized profile 2130706434 for video/avc
10-15 22:27:47.943 31461 31490 W VideoCapabilities: Unrecognized profile 2130706433 for video/avc
10-15 22:27:47.943 31461 31490 W VideoCapabilities: Unrecognized profile 2130706434 for video/avc
10-15 22:27:47.948 31541 31577 E GeckoLibLoad: Loaded libs in 21.795923ms total, 20ms(16ms) user, 0ms(4ms) system, 0(0) faults
10-15 22:27:47.948 31541 31577 W GeckoThread: zerdatime 1064055326 - runGecko
10-15 22:27:47.956 31461 31490 W VideoCapabilities: Unrecognized profile 2130706433 for video/avc
10-15 22:27:47.956 31461 31490 W VideoCapabilities: Unrecognized profile 2130706434 for video/avc
10-15 22:27:47.958 31461 31490 W VideoCapabilities: Unsupported mime video/avc-wfd
10-15 22:27:47.966 31417 31703 I BatteryMgr:DataCollectionService: stats => 1697401667966,145,4250,146,0,100
10-15 22:27:47.977 31461 31490 I VideoCapabilities: Unsupported profile 4 for video/mp4v-es
10-15 22:27:47.984  3957  3957 D CustomFrequencyManagerService: releaseDVFSLockLocked : Getting Lock type frm List : DVFS_MIN_LIMIT  frequency : 1560000  uid : 1000  pid : 3957  tag : AMS_RESUME_TAIL@CPU_MIN@58
10-15 22:27:47.992 31461 31490 W VideoCapabilities: Unrecognized profile/level 1/32 for video/mp4v-es
10-15 22:27:47.992 31461 31490 W VideoCapabilities: Unrecognized profile/level 32768/2 for video/mp4v-es
10-15 22:27:47.992 31461 31490 W VideoCapabilities: Unrecognized profile/level 32768/64 for video/mp4v-es
10-15 22:27:47.994 31461 31490 W VideoCapabilities: Unsupported mime video/wvc1
10-15 22:27:47.995 31461 31490 W VideoCapabilities: Unsupported mime video/x-ms-wmv
10-15 22:27:47.996 31461 31490 W VideoCapabilities: Unsupported mime video/x-ms-wmv7
10-15 22:27:47.998 31461 31490 W VideoCapabilities: Unsupported mime video/x-ms-wmv8
10-15 22:27:48.000 31461 31490 W VideoCapabilities: Unsupported mime video/mp43
10-15 22:27:48.004  3957  4089 D MdnieScenarioControlService:  packageName : org.mozilla.fenix    className : org.mozilla.fenix.App
10-15 22:27:48.004  3957  4089 V MdnieScenarioControlService: setUIMode from UI function(3)
10-15 22:27:48.004 31461 31490 W AudioCapabilities: Unsupported mime audio/mpeg-L1
10-15 22:27:48.004 31461 31490 W AudioCapabilities: Unsupported mime audio/mpeg-L2
10-15 22:27:48.004 31461 31490 W AudioCapabilities: Unsupported mime audio/x-ms-wma
10-15 22:27:48.004 31461 31490 W AudioCapabilities: Unsupported mime audio/x-ima
10-15 22:27:48.005 31461 31490 W VideoCapabilities: Unrecognized profile 2130706433 for video/avc
10-15 22:27:48.005 31461 31490 W VideoCapabilities: Unrecognized profile 2130706434 for video/avc
10-15 22:27:48.008 31461 31490 W VideoCapabilities: Unrecognized profile/level 1/32 for video/mp4v-es
10-15 22:27:48.008 31461 31490 W VideoCapabilities: Unrecognized profile/level 32768/2 for video/mp4v-es
10-15 22:27:48.008 31461 31490 W VideoCapabilities: Unrecognized profile/level 32768/64 for video/mp4v-es
10-15 22:27:48.008 31461 31490 W VideoCapabilities: Unsupported mime video/wvc1
10-15 22:27:48.009 31461 31490 W VideoCapabilities: Unsupported mime video/x-ms-wmv
10-15 22:27:48.010 31461 31490 W VideoCapabilities: Unsupported mime video/x-ms-wmv7
10-15 22:27:48.010 31461 31490 W VideoCapabilities: Unsupported mime video/x-ms-wmv8
10-15 22:27:48.011 31461 31490 W VideoCapabilities: Unsupported mime video/mp43
10-15 22:27:48.027  3957  3957 D PreBindingService: handleMessage : 1
10-15 22:27:48.034 31614 31686 D libGLESv2: STS_GLApi : DTS, ODTC are not allowed for Package : org.mozilla.fenix:gpu
10-15 22:27:48.045 31614 31628 V Surface : sf_framedrop debug : 0x4f4c, game : false, logging : 0
10-15 22:27:48.051 31614 31686 D mali_winsys: EGLint new_window_surface(egl_winsys_display *, void *, EGLSurface, EGLConfig, egl_winsys_surface **, egl_color_buffer_format *, EGLBoolean) returns 0x3000,  [720x1238]-format:2
10-15 22:27:48.054 31461 31490 I GeckoSession: zerdatime 1064055433 - chrome startup finished
10-15 22:27:48.066 31461 31668 I libglean_ffi: glean_core::upload: Ping 0e9c60ec-6214-456c-bcb7-2374d12e5d4a successfully sent 200.
10-15 22:27:48.070 31461 31461 I GeckoSession: handleMessage GeckoView:PageStart uri=
10-15 22:27:48.072 31461 31668 I libglean_ffi: glean_core::upload::directory: File was deleted /data/user/0/org.mozilla.fenix/glean_data/pending_pings/0e9c60ec-6214-456c-bcb7-2374d12e5d4a
10-15 22:27:48.072 31461 31461 I GeckoSession: handleMessage GeckoView:PageStop uri=null
10-15 22:27:48.074 31461 31668 I libglean_ffi: glean_core::upload: New upload task with id b7127751-d743-4b6e-81e1-268345488071 (path: /submit/org-mozilla-fenix/baseline/1/b7127751-d743-4b6e-81e1-268345488071)
10-15 22:27:48.078 31417 31703 I BatteryMgr:DataCollectionService: stats => 1697401668078,145,4250,146,0,100
10-15 22:27:48.097 31461 31461 I GeckoSession: handleMessage GeckoView:PageStart uri=
10-15 22:27:48.101  3599  3918 D DnsProxyListener: DNSDBG::dns addrinfo af 0
10-15 22:27:48.135 31461 31490 D GeckoIdleService: Setting timer a day from now
10-15 22:27:48.139 31461 31490 D GeckoIdleService: Register idle observer 0x7425bea228 for 5 seconds
10-15 22:27:48.139 31461 31490 D GeckoIdleService: Register: adjusting next switch from -1 to 5 seconds
10-15 22:27:48.139 31461 31490 D GeckoIdleService: next timeout 4996 msec from now
10-15 22:27:48.139 31461 31490 D GeckoIdleService: SetTimerExpiryIfBefore: next timeout 4996 msec from now
10-15 22:27:48.139 31461 31490 D GeckoIdleService: reset timer expiry to 5006 msec from now
10-15 22:27:48.167  3447  3447 I SurfaceFlinger: Display 0 HWC layers:
10-15 22:27:48.167  3447  3447 I SurfaceFlinger:     type    |    handle    | flag |  format   |   source crop (l,t,r,b)    |         frame       | name 
10-15 22:27:48.167  3447  3447 I SurfaceFlinger: ------------+--------------+------+-----------+----------------------------+---------------------+------
10-15 22:27:48.167  3447  3447 I SurfaceFlinger:      Device | 0x7ea5024000 | 0000 | RGBx_8888 |   0.0    0.0  720.0 1238.0 |    0   42  720 1280 | SurfaceView - org.mozilla.fenix/org.mozilla.fenix.App@e7e20b0@0#0
10-15 22:27:48.167  3447  3447 I SurfaceFlinger:      Device | 0x7e9ec225c0 | 0000 | RGBA_8888 |   0.0    0.0  720.0 1280.0 |    0    0  720 1280 | org.mozilla.fenix/org.mozilla.fenix.App#0
10-15 22:27:48.167  3447  3447 I SurfaceFlinger:      Device | 0x7ea50249c0 | 0000 | RGBA_8888 |   0.0    0.0  720.0   42.0 |    0    0  720   42 | StatusBar#0
10-15 22:27:48.167  3447  3447 I SurfaceFlinger: 
10-15 22:27:48.186 31417 31703 I BatteryMgr:DataCollectionService: stats => 1697401668186,145,4250,146,0,100
10-15 22:27:48.212  3957 14904 D StorageManagerService: getExternalStorageMountMode : 1
10-15 22:27:48.212  3957 14904 D StorageManagerService: getExternalStorageMountMode : 3
10-15 22:27:48.212  3957 14904 D StorageManagerService: getExternalStorageMountMode : final mountMode=1, uid : 10169, packageName : org.mozilla.fenix
10-15 22:27:48.213  3957 14904 I ApplicationPolicy: isApplicationExternalStorageWhitelisted:org.mozilla.fenix user:0
10-15 22:27:48.213  3957 14904 D ApplicationPolicy: isApplicationExternalStorageWhitelisted: DO is not enabled on user 0. Allowed.
10-15 22:27:48.213  3957 14904 D ActivityManager: package  org.mozilla.fenix, user - 0 is SDcard whitelisted
10-15 22:27:48.213  3957 14904 I ApplicationPolicy: isApplicationExternalStorageBlacklisted:org.mozilla.fenix user:0
10-15 22:27:48.213  3957 14904 D ApplicationPolicy: isApplicationExternalStorageBlacklisted: DO is not enabled on user 0. Allowed.
10-15 22:27:48.228  3957 14904 I ActivityManager: Start proc 31769:org.mozilla.fenix:tab19/u0a169 for service org.mozilla.fenix/org.mozilla.gecko.process.GeckoChildProcessServices$tab19
10-15 22:27:48.232 31769 31769 E Zygote  : isWhitelistProcess - Process is Whitelisted
10-15 22:27:48.233 31769 31769 E libpersona: scanKnoxPersonas
10-15 22:27:48.233 31769 31769 E libpersona: Couldn't open the File - /data/system/users/0/personalist.xml - No such file or directory
10-15 22:27:48.236 31769 31769 W SELinux : SELinux selinux_android_compute_policy_index : Policy Index[2],  Con:u:r:zygote:s0 RAM:SEPF_SM-J720F_8.0.0_0002, [-1 -1 -1 -1 0 1]
10-15 22:27:48.237 31769 31769 I SELinux : SELinux: seapp_context_lookup: seinfo=untrusted, level=s0:c512,c768, pkgname=org.mozilla.fenix:tab19 
10-15 22:27:48.262 31769 31769 D TimaKeyStoreProvider: TimaKeyStore is not enabled: cannot add TimaSignature Service and generateKeyPair Service
10-15 22:27:48.262 31769 31769 D ActivityThread: Added TimaKeyStore provider
10-15 22:27:48.265  3957 14904 I ActivityManager: DSS on for org.mozilla.fenix and scale is 1.0
10-15 22:27:48.286 31769 31769 I zygote64: no shared libraies, dex_files: 1
10-15 22:27:48.295 31417 31703 I BatteryMgr:DataCollectionService: stats => 1697401668295,145,4250,146,0,100
10-15 22:27:48.357 31769 31769 I ServiceChildProcess: onCreate
10-15 22:27:48.358 31769 31796 I GeckoThread: preparing to run Gecko
10-15 22:27:48.361 31461 31490 W AudioCapabilities: Unsupported mime audio/mpeg-L1
10-15 22:27:48.361 31461 31490 W AudioCapabilities: Unsupported mime audio/mpeg-L2
10-15 22:27:48.361 31461 31490 W AudioCapabilities: Unsupported mime audio/x-ms-wma
10-15 22:27:48.361 31461 31490 W AudioCapabilities: Unsupported mime audio/x-ima
10-15 22:27:48.362 31461 31490 W VideoCapabilities: Unrecognized profile 2130706433 for video/avc
10-15 22:27:48.362 31461 31490 W VideoCapabilities: Unrecognized profile 2130706434 for video/avc
10-15 22:27:48.362 31769 31796 W linker  : "/data/app/org.mozilla.fenix-iWpGOrf8cry6RDpwHyQugA==/lib/arm64/libmozglue.so" unused DT entry: type 0x8000024 arg 0x38f70
10-15 22:27:48.363 31769 31796 W linker  : "/data/app/org.mozilla.fenix-iWpGOrf8cry6RDpwHyQugA==/lib/arm64/libmozglue.so" unused DT entry: type 0x8000023 arg 0x1f8
10-15 22:27:48.363 31769 31796 W linker  : "/data/app/org.mozilla.fenix-iWpGOrf8cry6RDpwHyQugA==/lib/arm64/libmozglue.so" unused DT entry: type 0x8000025 arg 0x8
10-15 22:27:48.365 31461 31490 W VideoCapabilities: Unrecognized profile/level 1/32 for video/mp4v-es
10-15 22:27:48.365 31461 31490 W VideoCapabilities: Unrecognized profile/level 32768/2 for video/mp4v-es
10-15 22:27:48.365 31461 31490 W VideoCapabilities: Unrecognized profile/level 32768/64 for video/mp4v-es
10-15 22:27:48.365 31461 31490 W VideoCapabilities: Unsupported mime video/wvc1
10-15 22:27:48.366 31461 31490 W VideoCapabilities: Unsupported mime video/x-ms-wmv
10-15 22:27:48.366 31769 31796 I GeckoLoader: Library base=/data/app/org.mozilla.fenix-iWpGOrf8cry6RDpwHyQugA==/lib/arm64
10-15 22:27:48.367 31461 31490 W VideoCapabilities: Unsupported mime video/x-ms-wmv7
10-15 22:27:48.367 31769 31796 I GeckoLoader: Library base=/data/app/org.mozilla.fenix-iWpGOrf8cry6RDpwHyQugA==/lib/arm64
10-15 22:27:48.367 31461 31490 W VideoCapabilities: Unsupported mime video/x-ms-wmv8
10-15 22:27:48.368 31769 31796 E GeckoLibLoad: Load sqlite start
10-15 22:27:48.368 31461 31490 W VideoCapabilities: Unsupported mime video/mp43
10-15 22:27:48.369 31769 31796 W linker  : "/data/app/org.mozilla.fenix-iWpGOrf8cry6RDpwHyQugA==/lib/arm64/libnss3.so" unused DT entry: type 0x8000024 arg 0x14998
10-15 22:27:48.369 31769 31796 W linker  : "/data/app/org.mozilla.fenix-iWpGOrf8cry6RDpwHyQugA==/lib/arm64/libnss3.so" unused DT entry: type 0x8000023 arg 0x5c8
10-15 22:27:48.369 31769 31796 W linker  : "/data/app/org.mozilla.fenix-iWpGOrf8cry6RDpwHyQugA==/lib/arm64/libnss3.so" unused DT entry: type 0x8000025 arg 0x8
10-15 22:27:48.370 31769 31796 E GeckoLibLoad: Load sqlite done
10-15 22:27:48.371 31769 31796 I GeckoLoader: Library base=/data/app/org.mozilla.fenix-iWpGOrf8cry6RDpwHyQugA==/lib/arm64
10-15 22:27:48.371 31769 31796 E GeckoLibLoad: Load nss start
10-15 22:27:48.371 31769 31796 E GeckoLibLoad: Load nss done
10-15 22:27:48.371 31769 31796 I GeckoLoader: Library base=/data/app/org.mozilla.fenix-iWpGOrf8cry6RDpwHyQugA==/lib/arm64
10-15 22:27:48.375 31769 31796 W linker  : "/data/app/org.mozilla.fenix-iWpGOrf8cry6RDpwHyQugA==/lib/arm64/libxul.so" unused DT entry: type 0x8000024 arg 0x539420
10-15 22:27:48.375 31769 31796 W linker  : "/data/app/org.mozilla.fenix-iWpGOrf8cry6RDpwHyQugA==/lib/arm64/libxul.so" unused DT entry: type 0x8000023 arg 0x17d68
10-15 22:27:48.375 31769 31796 W linker  : "/data/app/org.mozilla.fenix-iWpGOrf8cry6RDpwHyQugA==/lib/arm64/libxul.so" unused DT entry: type 0x8000025 arg 0x8
10-15 22:27:48.404 31417 31703 I BatteryMgr:DataCollectionService: stats => 1697401668404,145,4250,146,0,100
10-15 22:27:48.404 31769 31796 E GeckoLibLoad: Loaded libs in 32.970769ms total, 20ms(40ms) user, 12ms(12ms) system, 0(0) faults
10-15 22:27:48.404 31769 31796 W GeckoThread: zerdatime 1064055783 - runGecko
10-15 22:27:48.437 31461 31668 I libglean_ffi: glean_core::upload: Ping b7127751-d743-4b6e-81e1-268345488071 successfully sent 200.
10-15 22:27:48.438  3957 12585 D ConnectivityService: filterNetworkStateForUid() uid: 10169 networkInfo: [type: WIFI[] - WIFI, state: CONNECTED/CONNECTED, reason: (unspecified), extra: "ourhome", failover: false, available: true, roaming: false, metered: false]
10-15 22:27:48.438  3957 12585 D WifiService: getConnectionInfo uid=1000
10-15 22:27:48.441 31461 31668 I libglean_ffi: glean_core::upload::directory: File was deleted /data/user/0/org.mozilla.fenix/glean_data/pending_pings/b7127751-d743-4b6e-81e1-268345488071
10-15 22:27:48.446 31461 31668 I libglean_ffi: glean_core::upload: New upload task with id 47c833dc-f637-445c-ac6a-ab383243dc34 (path: /submit/org-mozilla-fenix/baseline/1/47c833dc-f637-445c-ac6a-ab383243dc34)
10-15 22:27:48.513 31417 31703 I BatteryMgr:DataCollectionService: stats => 1697401668512,145,4250,146,0,100
10-15 22:27:48.528  3957 12585 D ConnectivityService: filterNetworkStateForUid() uid: 10169 networkInfo: [type: WIFI[] - WIFI, state: CONNECTED/CONNECTED, reason: (unspecified), extra: "ourhome", failover: false, available: true, roaming: false, metered: false]
10-15 22:27:48.528  3957 12585 D WifiService: getConnectionInfo uid=1000
10-15 22:27:48.531  3957 14904 D ConnectivityService: filterNetworkStateForUid() uid: 10169 networkInfo: [type: WIFI[] - WIFI, state: CONNECTED/CONNECTED, reason: (unspecified), extra: "ourhome", failover: false, available: true, roaming: false, metered: false]
10-15 22:27:48.532  3957 14904 D WifiService: getConnectionInfo uid=1000
10-15 22:27:48.536  3957 12585 D ConnectivityService: filterNetworkStateForUid() uid: 10169 networkInfo: [type: WIFI[] - WIFI, state: CONNECTED/CONNECTED, reason: (unspecified), extra: "ourhome", failover: false, available: true, roaming: false, metered: false]
10-15 22:27:48.536  3957 12585 D WifiService: getConnectionInfo uid=1000
10-15 22:27:48.549  3957 12585 I chatty  : uid=1000(system) Binder:3957_1B identical 2 lines
10-15 22:27:48.553  3957 12585 D WifiService: getConnectionInfo uid=1000
10-15 22:27:48.555 31541 31577 W linker  : "/data/app/org.mozilla.fenix-iWpGOrf8cry6RDpwHyQugA==/lib/arm64/libsoftokn3.so" unused DT entry: type 0x8000024 arg 0x2580
10-15 22:27:48.555 31541 31577 W linker  : "/data/app/org.mozilla.fenix-iWpGOrf8cry6RDpwHyQugA==/lib/arm64/libsoftokn3.so" unused DT entry: type 0x8000023 arg 0x70
10-15 22:27:48.555 31541 31577 W linker  : "/data/app/org.mozilla.fenix-iWpGOrf8cry6RDpwHyQugA==/lib/arm64/libsoftokn3.so" unused DT entry: type 0x8000025 arg 0x8
10-15 22:27:48.557 31541 31577 W linker  : "/data/app/org.mozilla.fenix-iWpGOrf8cry6RDpwHyQugA==/lib/arm64/libfreebl3.so" unused DT entry: type 0x8000024 arg 0xe78
10-15 22:27:48.557 31541 31577 W linker  : "/data/app/org.mozilla.fenix-iWpGOrf8cry6RDpwHyQugA==/lib/arm64/libfreebl3.so" unused DT entry: type 0x8000023 arg 0x68
10-15 22:27:48.557 31541 31577 W linker  : "/data/app/org.mozilla.fenix-iWpGOrf8cry6RDpwHyQugA==/lib/arm64/libfreebl3.so" unused DT entry: type 0x8000025 arg 0x8
10-15 22:27:48.613  3957 12585 D WifiService: getConnectionInfo uid=1000
10-15 22:27:48.623 31417 31703 I BatteryMgr:DataCollectionService: stats => 1697401668623,145,4250,146,0,100
10-15 22:27:48.642  3957 12585 D WifiService: getConnectionInfo uid=1000
10-15 22:27:48.652  3957 12585 I chatty  : uid=1000(system) Binder:3957_1B identical 2 lines
10-15 22:27:48.656  3957 12585 D WifiService: getConnectionInfo uid=1000
10-15 22:27:48.662  3957  4129 D WifiStateMachine:  ConnectedState !RSSI_PKTCNT_FETCH uid=1000 rt=403657813/1064056040 0 0 "ourhome" f4:6d:2f:12:cc:88 rssi=-43 f=5240 sc=60 link=433 tx=39.3, 2.5, 0.0  rx=31.4 bcn=65561 [on:0 tx:0 rx:0 period:998] from screen [on:253631 period:1835638] score=60
10-15 22:27:48.663  3957  4129 D WifiStateMachine:  L2ConnectedState !RSSI_PKTCNT_FETCH uid=1000 rt=403657813/1064056041 0 0 "ourhome" f4:6d:2f:12:cc:88 rssi=-43 f=5240 sc=60 link=433 tx=39.3, 2.5, 0.0  rx=31.4 bcn=65561 [on:0 tx:0 rx:0 period:1] from screen [on:253631 period:1835639] score=60
10-15 22:27:48.664  3957  4129 D WifiStateMachine: fetchRssiLinkSpeedAndFrequencyNative rssi=-43 linkspeed=433 freq=5240
10-15 22:27:48.666  3957 12585 D WifiService: getConnectionInfo uid=1000
10-15 22:27:48.685 31461 31668 I libglean_ffi: glean_core::upload: Ping 47c833dc-f637-445c-ac6a-ab383243dc34 successfully sent 200.
10-15 22:27:48.690 31461 31668 I libglean_ffi: glean_core::upload::directory: File was deleted /data/user/0/org.mozilla.fenix/glean_data/pending_pings/47c833dc-f637-445c-ac6a-ab383243dc34
10-15 22:27:48.691 31461 31668 I libglean_ffi: glean_core::upload: No more pings to upload! You are done.
10-15 22:27:48.695 31461 31557 I WM-WorkerWrapper: Worker result SUCCESS for Work [ id=bc0ffdf3-3217-4f2c-8776-7422bea65b45, tags={ mozilla.telemetry.glean.scheduler.PingUploadWorker, mozac_service_glean_ping_upload_worker } ]
10-15 22:27:48.695  3957 12585 I chatty  : uid=1000(system) Binder:3957_1B identical 10 lines
10-15 22:27:48.695  3957 12585 D WifiService: getConnectionInfo uid=1000
10-15 22:27:48.699  3957 12585 D ConnectivityService: filterNetworkStateForUid() uid: 10169 networkInfo: [type: WIFI[] - WIFI, state: CONNECTED/CONNECTED, reason: (unspecified), extra: "ourhome", failover: false, available: true, roaming: false, metered: false]
10-15 22:27:48.699  3957 12585 D WifiService: getConnectionInfo uid=1000
10-15 22:27:48.699 31461 31461 D ConnectivityManager: unregisterNetworkCallback; CallingUid : 10169, CallingPid : 31461
10-15 22:27:48.700  3957  4157 D ConnectivityService: releasing NetworkRequest [ TRACK_DEFAULT id=1107, [ Capabilities: INTERNET&NOT_RESTRICTED&TRUSTED&NOT_VPN] ] (CALLBACK_RELEASED)
10-15 22:27:48.700  3957  4157 D ConnectivityService:  Removing from current network NetworkAgentInfo [WIFI () - 507], leaving 12 requests.
10-15 22:27:48.702  3957  4157 D ConnectivityService: sending notification RELEASED for NetworkRequest [ TRACK_DEFAULT id=1107, [ Capabilities: INTERNET&NOT_RESTRICTED&TRUSTED&NOT_VPN] ]
10-15 22:27:48.703  3957 14904 D ConnectivityService: filterNetworkStateForUid() uid: 10169 networkInfo: [type: WIFI[] - WIFI, state: CONNECTED/CONNECTED, reason: (unspecified), extra: "ourhome", failover: false, available: true, roaming: false, metered: false]
10-15 22:27:48.703  3957 14904 D WifiService: getConnectionInfo uid=1000
10-15 22:27:48.724  3957 14904 I chatty  : uid=1000(system) Binder:3957_1C identical 6 lines
10-15 22:27:48.729  3957 14904 I chatty  : uid=1000(system) Binder:3957_1C identical 7 lines
10-15 22:27:48.729  3957 14904 D WifiService: getConnectionInfo uid=1000
10-15 22:27:48.731 31417 31703 I BatteryMgr:DataCollectionService: stats => 1697401668731,145,4250,146,0,100
10-15 22:27:48.828 31614 31701 E vulkan  : invalid vkGetInstanceProcAddr(VK_NULL_HANDLE, "vkEnumerateInstanceVersion") call
10-15 22:27:48.828 31614 31701 E vulkan  : invalid vkGetInstanceProcAddr(VK_NULL_HANDLE, "vkEnumerateInstanceVersion") call
10-15 22:27:48.831  3957 14904 D ConnectivityService: filterNetworkStateForUid() uid: 10169 networkInfo: [type: WIFI[] - WIFI, state: CONNECTED/CONNECTED, reason: (unspecified), extra: "ourhome", failover: false, available: true, roaming: false, metered: false]
10-15 22:27:48.831  3957 14904 D WifiService: getConnectionInfo uid=1000
10-15 22:27:48.839 31614 31701 D vulkan  : searching for layers in '/data/app/org.mozilla.fenix-iWpGOrf8cry6RDpwHyQugA==/lib/arm64'
10-15 22:27:48.840 31614 31701 D vulkan  : searching for layers in '/data/app/org.mozilla.fenix-iWpGOrf8cry6RDpwHyQugA==/base.apk!/lib/arm64-v8a'
10-15 22:27:48.842 31417 31703 I BatteryMgr:DataCollectionService: stats => 1697401668841,145,4250,146,0,100
10-15 22:27:48.846 31614 31701 D vulkan  : vulkan api version_1_0 1.0.0
10-15 22:27:48.846 31614 31701 D vulkan  : vulkan header version 46
10-15 22:27:48.917  3957  4128 D WifiService: getConnectionInfo uid=1000
10-15 22:27:48.952 31417 31703 I BatteryMgr:DataCollectionService: stats => 1697401668952,145,4250,146,0,100
10-15 22:27:48.986 31461 31461 I GeckoSession: handleMessage GeckoView:PageStop uri=null
10-15 22:27:48.991 31461 31507 I SessionStorage/AutoSave: Save: Load finished
10-15 22:27:49.062 31417 31703 I BatteryMgr:DataCollectionService: stats => 1697401669062,145,4250,146,0,100
10-15 22:27:49.173 31417 31703 I BatteryMgr:DataCollectionService: stats => 1697401669173,145,4250,146,0,100
10-15 22:27:49.186  3957 12585 D ConnectivityService: filterNetworkStateForUid() uid: 10169 networkInfo: [type: WIFI[] - WIFI, state: CONNECTED/CONNECTED, reason: (unspecified), extra: "ourhome", failover: false, available: true, roaming: false, metered: false]
10-15 22:27:49.186  3957 12585 D WifiService: getConnectionInfo uid=1000
10-15 22:27:49.192  3957 12585 I chatty  : uid=1000(system) Binder:3957_1B identical 1 line
10-15 22:27:49.201  3957 12585 I chatty  : uid=1000(system) Binder:3957_1B identical 2 lines
10-15 22:27:49.201  3957 12585 D WifiService: getConnectionInfo uid=1000
10-15 22:27:49.210  3957  4306 D WifiConnectivityMonitor:  [|209] []
10-15 22:27:49.213  3957 12585 D ConnectivityService: filterNetworkStateForUid() uid: 10169 networkInfo: [type: WIFI[] - WIFI, state: CONNECTED/CONNECTED, reason: (unspecified), extra: "ourhome", failover: false, available: true, roaming: false, metered: false]
10-15 22:27:49.213  3957 12585 D WifiService: getConnectionInfo uid=1000
10-15 22:27:49.244  3957  6478 D SSRM:k  : SIOP:: AP = 350, PST = 358 (W:26), BAT = 297, USB = 0, CHG = 0
10-15 22:27:49.253  3957 12585 D ConnectivityService: filterNetworkStateForUid() uid: 10169 networkInfo: [type: WIFI[] - WIFI, state: CONNECTED/CONNECTED, reason: (unspecified), extra: "ourhome", failover: false, available: true, roaming: false, metered: false]
10-15 22:27:49.253  3957 12585 D WifiService: getConnectionInfo uid=1000
10-15 22:27:49.281 31461 31461 W GeckoSession: No history entries found.
10-15 22:27:49.285 31417 31703 I BatteryMgr:DataCollectionService: stats => 1697401669285,-639,4250,-428,0,100
10-15 22:27:49.335  3957 12585 I chatty  : uid=1000(system) Binder:3957_1B identical 1 line
10-15 22:27:49.335  3957 12585 D WifiService: getConnectionInfo uid=1000
10-15 22:27:49.390  3957 12585 D ConnectivityService: filterNetworkStateForUid() uid: 10169 networkInfo: [type: WIFI[] - WIFI, state: CONNECTED/CONNECTED, reason: (unspecified), extra: "ourhome", failover: false, available: true, roaming: false, metered: false]
10-15 22:27:49.390  3957 12585 D WifiService: getConnectionInfo uid=1000
10-15 22:27:49.394 31417 31703 I BatteryMgr:DataCollectionService: stats => 1697401669394,-639,4250,-428,0,100
10-15 22:27:49.426  3957 12585 D BatteryService: !@BatteryListener : batteryPropertiesChanged!
10-15 22:27:49.513 31417 31703 I BatteryMgr:DataCollectionService: stats => 1697401669512,-639,4250,-428,0,100
10-15 22:27:49.630 31417 31703 I BatteryMgr:DataCollectionService: stats => 1697401669629,-639,4250,-428,0,100
10-15 22:27:49.666  3957  4129 D WifiStateMachine:  ConnectedState !RSSI_PKTCNT_FETCH uid=1000 rt=403658815/1064057042 0 0 "ourhome" f4:6d:2f:12:cc:88 rssi=-43 f=5240 sc=60 link=433 tx=39.3, 2.5, 0.0  rx=31.4 bcn=65561 [on:0 tx:0 rx:0 period:1003] from screen [on:253631 period:1836642] score=60
10-15 22:27:49.668  3957  4129 D WifiStateMachine:  L2ConnectedState !RSSI_PKTCNT_FETCH uid=1000 rt=403658818/1064057045 0 0 "ourhome" f4:6d:2f:12:cc:88 rssi=-43 f=5240 sc=60 link=433 tx=39.3, 2.5, 0.0  rx=31.4 bcn=65561 [on:0 tx:0 rx:0 period:2] from screen [on:253631 period:1836644] score=60
10-15 22:27:49.671  3957  4129 D WifiStateMachine: fetchRssiLinkSpeedAndFrequencyNative rssi=-44 linkspeed=433 freq=5240
10-15 22:27:49.683 19438 19556 D ScanRecord: Not a Multi Manu data
10-15 22:27:49.732 19438 19556 I chatty  : uid=1002(bluetooth) BT Service Call identical 76 lines
10-15 22:27:49.732 19438 19556 D ScanRecord: Not a Multi Manu data
10-15 22:27:49.742 31417 31703 I BatteryMgr:DataCollectionService: stats => 1697401669741,-639,4250,-428,0,100
10-15 22:27:49.749 19438 19556 D ScanRecord: Not a Multi Manu data
10-15 22:27:49.854 19438 19556 I chatty  : uid=1002(bluetooth) BT Service Call identical 141 lines
10-15 22:27:49.854 19438 19556 D ScanRecord: Not a Multi Manu data
10-15 22:27:49.854 31417 31703 I BatteryMgr:DataCollectionService: stats => 1697401669854,-639,4250,-428,0,100
10-15 22:27:49.861 19438 19556 D ScanRecord: Not a Multi Manu data
10-15 22:27:49.919 19438 19556 I chatty  : uid=1002(bluetooth) BT Service Call identical 102 lines
10-15 22:27:49.919 19438 19556 D ScanRecord: Not a Multi Manu data
10-15 22:27:49.920  3957  4128 D WifiService: getConnectionInfo uid=1000
10-15 22:27:49.925 19438 19556 D ScanRecord: Not a Multi Manu data
10-15 22:27:49.968 19438 19556 I chatty  : uid=1002(bluetooth) BT Service Call identical 89 lines
10-15 22:27:49.968 19438 19556 D ScanRecord: Not a Multi Manu data
10-15 22:27:49.969 31417 31703 I BatteryMgr:DataCollectionService: stats => 1697401669969,-639,4250,-428,0,100
10-15 22:27:49.970 19438 19556 D ScanRecord: Not a Multi Manu data
10-15 22:27:50.006 19438 19556 I chatty  : uid=1002(bluetooth) BT Service Call identical 76 lines
10-15 22:27:50.006 19438 19556 D ScanRecord: Not a Multi Manu data
10-15 22:27:50.011  3957  6478 D WifiService: getConnectionInfo uid=1000
10-15 22:27:50.022 19438 19556 D ScanRecord: Not a Multi Manu data
10-15 22:27:50.074 19438 19556 I chatty  : uid=1002(bluetooth) BT Service Call identical 115 lines
10-15 22:27:50.074 19438 19556 D ScanRecord: Not a Multi Manu data
10-15 22:27:50.080 31417 31703 I BatteryMgr:DataCollectionService: stats => 1697401670080,-639,4250,-428,0,100
10-15 22:27:50.100 19438 19556 D ScanRecord: Not a Multi Manu data
10-15 22:27:50.165 19438 19556 I chatty  : uid=1002(bluetooth) BT Service Call identical 89 lines
10-15 22:27:50.165 19438 19556 D ScanRecord: Not a Multi Manu data
10-15 22:27:50.188 31417 31703 I BatteryMgr:DataCollectionService: stats => 1697401670188,-639,4250,-428,0,100
10-15 22:27:50.267  4961  4961 D io_stats: !@ 179,0 r 5305302 164563676 w 1290470 28023460 d 101813 31626816 f 299060 315701 iot 2358556 2084801 th 51200 0 0 pt 0 inp 0 0 403659.416
10-15 22:27:50.305 31417 31703 I BatteryMgr:DataCollectionService: stats => 1697401670305,-639,4250,-428,0,100
10-15 22:27:50.384  3957  4030 D SensorService: [SO] 0.105 -0.101 9.989
10-15 22:27:50.423 31417 31703 I BatteryMgr:DataCollectionService: stats => 1697401670423,-639,4250,-428,0,100
10-15 22:27:50.540 31417 31703 I BatteryMgr:DataCollectionService: stats => 1697401670540,-639,4250,-428,0,100
10-15 22:27:50.647  3957  4129 D WifiStateMachine:  ConnectedState !CMD_RSSI_POLL rt=403659796/1064058023 52 0 "ourhome" f4:6d:2f:12:cc:88 rssi=-44 f=5240 sc=60 link=433 tx=39.3, 2.5, 0.0  rx=31.4 bcn=65561 [on:0 tx:0 rx:0 period:979] from screen [on:253631 period:1837623] score=60
10-15 22:27:50.650  3957  4129 D WifiStateMachine:  L2ConnectedState !CMD_RSSI_POLL rt=403659798/1064058026 52 0 "ourhome" f4:6d:2f:12:cc:88 rssi=-44 f=5240 sc=60 link=433 tx=39.3, 2.5, 0.0  rx=31.4 bcn=65561 [on:0 tx:0 rx:0 period:2] from screen [on:253631 period:1837625] score=60
10-15 22:27:50.650  3957  4129 D WifiStateMachine:  get link layer stats 3
10-15 22:27:50.651  3436  3436 I android.hardware.wifi@1.0-service: getLinkLayerStats
10-15 22:27:50.656  3957  4129 D WifiStateMachine: fetchRssiLinkSpeedAndFrequencyNative rssi=-44 linkspeed=433 freq=5240
