10-15 22:14:00.409 30334 30334 I zygote64:   at void com.android.internal.os.ZygoteInit.main(java.lang.String[]) (ZygoteInit.java:1374)
10-15 22:14:00.409 30334 30334 I zygote64: 
10-15 22:14:00.409 30334 30334 I zygote64: Rejecting re-init on previously-failed class java.lang.Class<Vw2>: java.lang.NoClassDefFoundError: Failed resolution of: Landroid/webkit/PacProcessor;
10-15 22:14:00.409 30334 30334 I zygote64:   at java.lang.Class java.lang.Class.classForName(java.lang.String, boolean, java.lang.ClassLoader) (Class.java:-2)
10-15 22:14:00.409 30334 30334 I zygote64:   at java.lang.Class java.lang.Class.forName(java.lang.String, boolean, java.lang.ClassLoader) (Class.java:453)
10-15 22:14:00.409 30334 30334 I zygote64:   at java.lang.Class android.webkit.WebViewFactory.getWebViewProviderClass(java.lang.ClassLoader) (WebViewFactory.java:150)
10-15 22:14:00.409 30334 30334 I zygote64:   at java.lang.Class android.webkit.WebViewFactory.getProviderClass() (WebViewFactory.java:417)
10-15 22:14:00.409 30334 30334 I zygote64:   at android.webkit.WebViewFactoryProvider android.webkit.WebViewFactory.getProvider() (WebViewFactory.java:211)
10-15 22:14:00.409 30334 30334 I zygote64:   at java.lang.String android.webkit.WebSettings.getDefaultUserAgent(android.content.Context) (WebSettings.java:1259)
10-15 22:14:00.409 30334 30334 I zygote64:   at java.lang.String com.mopub.network.Networking.getUserAgent(android.content.Context) (Networking.java:8)
10-15 22:14:00.409 30334 30334 I zygote64:   at com.mopub.network.MoPubRequestQueue com.mopub.network.Networking.getRequestQueue(android.content.Context) (Networking.java:7)
10-15 22:14:00.409 30334 30334 I zygote64:   at void com.mopub.common.MoPub.initializeSdk(android.content.Context, com.mopub.common.SdkConfiguration, com.mopub.common.SdkInitializationListener) (MoPub.java:17)
10-15 22:14:00.409 30334 30334 I zygote64:   at void flipboard.app.CoreInitializer$a.a(android.content.Context) (CoreInitializer.kt:24)
10-15 22:14:00.409 30334 30334 I zygote64:   at boolean flipboard.app.CoreInitializer.onCreate() (CoreInitializer.kt:1)
10-15 22:14:00.409 30334 30334 I zygote64:   at void android.content.ContentProvider.attachInfo(android.content.Context, android.content.pm.ProviderInfo, boolean) (ContentProvider.java:1925)
10-15 22:14:00.409 30334 30334 I zygote64:   at void android.content.ContentProvider.attachInfo(android.content.Context, android.content.pm.ProviderInfo) (ContentProvider.java:1900)
10-15 22:14:00.409 30334 30334 I zygote64:   at android.app.ContentProviderHolder android.app.ActivityThread.installProvider(android.content.Context, android.app.ContentProviderHolder, android.content.pm.ProviderInfo, boolean, boolean, boolean) (ActivityThread.java:6574)
10-15 22:14:00.409 30334 30334 I zygote64:   at void android.app.ActivityThread.installContentProviders(android.content.Context, java.util.List) (ActivityThread.java:6129)
10-15 22:14:00.409 30334 30334 I zygote64:   at void android.app.ActivityThread.handleBindApplication(android.app.ActivityThread$AppBindData) (ActivityThread.java:6039)
10-15 22:14:00.409 30334 30334 I zygote64:   at void android.app.ActivityThread.-wrap1(android.app.ActivityThread, android.app.ActivityThread$AppBindData) (ActivityThread.java:-1)
10-15 22:14:00.409 30334 30334 I zygote64:   at void android.app.ActivityThread$H.handleMessage(android.os.Message) (ActivityThread.java:1764)
10-15 22:14:00.409 30334 30334 I zygote64:   at void android.os.Handler.dispatchMessage(android.os.Message) (Handler.java:105)
10-15 22:14:00.409 30334 30334 I zygote64:   at void android.os.Looper.loop() (Looper.java:164)
10-15 22:14:00.409 30334 30334 I zygote64:   at void android.app.ActivityThread.main(java.lang.String[]) (ActivityThread.java:6940)
10-15 22:14:00.409 30334 30334 I zygote64:   at java.lang.Object java.lang.reflect.Method.invoke(java.lang.Object, java.lang.Object[]) (Method.java:-2)
10-15 22:14:00.409 30334 30334 I zygote64:   at void com.android.internal.os.Zygote$MethodAndArgsCaller.run() (Zygote.java:327)
10-15 22:14:00.409 30334 30334 I zygote64:   at void com.android.internal.os.ZygoteInit.main(java.lang.String[]) (ZygoteInit.java:1374)
10-15 22:14:00.409 30334 30334 I zygote64: Caused by: java.lang.ClassNotFoundException: Didn't find class "android.webkit.PacProcessor" on path: DexPathList[[zip file "/data/app/com.android.chrome-QTg8ZVc4SrzOOBmsVIBdyg==/base.apk"],nativeLibraryDirectories=[/data/app/com.android.chrome-QTg8ZVc4SrzOOBmsVIBdyg==/lib/arm64, /data/app/com.android.chrome-QTg8ZVc4SrzOOBmsVIBdyg==/base.apk!/lib/arm64-v8a, /system/lib64, /vendor/lib64]]
10-15 22:14:00.409 30334 30334 I zygote64:   at java.lang.Class dalvik.system.BaseDexClassLoader.findClass(java.lang.String) (BaseDexClassLoader.java:93)
10-15 22:14:00.409 30334 30334 I zygote64:   at java.lang.Class java.lang.ClassLoader.loadClass(java.lang.String, boolean) (ClassLoader.java:379)
10-15 22:14:00.409 30334 30334 I zygote64:   at java.lang.Class java.lang.ClassLoader.loadClass(java.lang.String) (ClassLoader.java:312)
10-15 22:14:00.409 30334 30334 I zygote64:   at java.lang.Class java.lang.Class.classForName(java.lang.String, boolean, java.lang.ClassLoader) (Class.java:-2)
10-15 22:14:00.409 30334 30334 I zygote64:   at java.lang.Class java.lang.Class.forName(java.lang.String, boolean, java.lang.ClassLoader) (Class.java:453)
10-15 22:14:00.409 30334 30334 I zygote64:   at java.lang.Class android.webkit.WebViewFactory.getWebViewProviderClass(java.lang.ClassLoader) (WebViewFactory.java:150)
10-15 22:14:00.409 30334 30334 I zygote64:   at java.lang.Class android.webkit.WebViewFactory.getProviderClass() (WebViewFactory.java:417)
10-15 22:14:00.409 30334 30334 I zygote64:   at android.webkit.WebViewFactoryProvider android.webkit.WebViewFactory.getProvider() (WebViewFactory.java:211)
10-15 22:14:00.409 30334 30334 I zygote64:   at java.lang.String android.webkit.WebSettings.getDefaultUserAgent(android.content.Context) (WebSettings.java:1259)
10-15 22:14:00.409 30334 30334 I zygote64:   at java.lang.String com.mopub.network.Networking.getUserAgent(android.content.Context) (Networking.java:8)
10-15 22:14:00.409 30334 30334 I zygote64:   at com.mopub.network.MoPubRequestQueue com.mopub.network.Networking.getRequestQueue(android.content.Context) (Networking.java:7)
10-15 22:14:00.409 30334 30334 I zygote64:   at void com.mopub.common.MoPub.initializeSdk(android.content.Context, com.mopub.common.SdkConfiguration, com.mopub.common.SdkInitializationListener) (MoPub.java:17)
10-15 22:14:00.409 30334 30334 I zygote64:   at void flipboard.app.CoreInitializer$a.a(android.content.Context) (CoreInitializer.kt:24)
10-15 22:14:00.409 30334 30334 I zygote64:   at boolean flipboard.app.CoreInitializer.onCreate() (CoreInitializer.kt:1)
10-15 22:14:00.409 30334 30334 I zygote64:   at void android.content.ContentProvider.attachInfo(android.content.Context, android.content.pm.ProviderInfo, boolean) (ContentProvider.java:1925)
10-15 22:14:00.409 30334 30334 I zygote64:   at void android.content.ContentProvider.attachInfo(android.content.Context, android.content.pm.ProviderInfo) (ContentProvider.java:1900)
10-15 22:14:00.409 30334 30334 I zygote64:   at android.app.ContentProviderHolder android.app.ActivityThread.installProvider(android.content.Context, android.app.ContentProviderHolder, android.content.pm.ProviderInfo, boolean, boolean, boolean) (ActivityThread.java:6574)
10-15 22:14:00.409 30334 30334 I zygote64:   at void android.app.ActivityThread.installContentProviders(android.content.Context, java.util.List) (ActivityThread.java:6129)
10-15 22:14:00.409 30334 30334 I zygote64:   at void android.app.ActivityThread.handleBindApplication(android.app.ActivityThread$AppBindData) (ActivityThread.java:6039)
10-15 22:14:00.409 30334 30334 I zygote64:   at void android.app.ActivityThread.-wrap1(android.app.ActivityThread, android.app.ActivityThread$AppBindData) (ActivityThread.java:-1)
10-15 22:14:00.409 30334 30334 I zygote64:   at void android.app.ActivityThread$H.handleMessage(android.os.Message) (ActivityThread.java:1764)
10-15 22:14:00.409 30334 30334 I zygote64:   at void android.os.Handler.dispatchMessage(android.os.Message) (Handler.java:105)
10-15 22:14:00.409 30334 30334 I zygote64:   at void android.os.Looper.loop() (Looper.java:164)
10-15 22:14:00.409 30334 30334 I zygote64:   at void android.app.ActivityThread.main(java.lang.String[]) (ActivityThread.java:6940)
10-15 22:14:00.409 30334 30334 I zygote64:   at java.lang.Object java.lang.reflect.Method.invoke(java.lang.Object, java.lang.Object[]) (Method.java:-2)
10-15 22:14:00.409 30334 30334 I zygote64:   at void com.android.internal.os.Zygote$MethodAndArgsCaller.run() (Zygote.java:327)
10-15 22:14:00.409 30334 30334 I zygote64:   at void com.android.internal.os.ZygoteInit.main(java.lang.String[]) (ZygoteInit.java:1374)
10-15 22:14:00.409 30334 30334 I zygote64: 
10-15 22:14:00.416 29837 30114 I BatteryMgr:DataCollectionService: stats => 1697400840416,-287,4250,-161,0,100
10-15 22:14:00.464 30334 30334 I cr_WVCFactoryProvider: Loaded version=117.0.5938.60 minSdkVersion=1 isBundle=true multiprocess=true packageId=2
10-15 22:14:00.491  3957  4129 D WifiStateMachine:  ConnectedState !RSSI_PKTCNT_FETCH uid=1000 rt=402829638/1063227866 0 0 "ourhome" f4:6d:2f:12:cc:88 rssi=-42 f=5240 sc=60 link=433 tx=74.4, 1.1, 0.0  rx=98.1 bcn=58041 [on:0 tx:0 rx:0 period:999] from screen [on:145243 period:1007466] score=60
10-15 22:14:00.494  3957  4129 D WifiStateMachine:  L2ConnectedState !RSSI_PKTCNT_FETCH uid=1000 rt=402829643/1063227870 0 0 "ourhome" f4:6d:2f:12:cc:88 rssi=-42 f=5240 sc=60 link=433 tx=74.4, 1.1, 0.0  rx=98.1 bcn=58041 [on:0 tx:0 rx:0 period:4] from screen [on:145243 period:1007470] score=60
10-15 22:14:00.495  3957  4129 D WifiStateMachine: fetchRssiLinkSpeedAndFrequencyNative rssi=-42 linkspeed=433 freq=5240
10-15 22:14:00.526 29837 30114 I BatteryMgr:DataCollectionService: stats => 1697400840525,-287,4250,-161,0,100
10-15 22:14:00.604 30334 30334 I cr_LibraryLoader: Successfully loaded native library
10-15 22:14:00.611 30334 30334 I cr_CachingUmaRecorder: Flushed 6 samples from 6 histograms, 0 samples were dropped.
10-15 22:14:00.634 29837 30114 I BatteryMgr:DataCollectionService: stats => 1697400840633,-287,4250,-161,0,100
10-15 22:14:00.643  3957  5415 D ConnectivityService: filterNetworkStateForUid() uid: 10105 networkInfo: [type: WIFI[] - WIFI, state: DISCONNECTED/BLOCKED, reason: (unspecified), extra: (none), failover: false, available: true, roaming: false, metered: false]
10-15 22:14:00.643  3957  5415 D WifiService: getConnectionInfo uid=1000
10-15 22:14:00.662  3957  5415 I chatty  : uid=1000(system) Binder:3957_F identical 6 lines
10-15 22:14:00.662  3957  5415 I chatty  : uid=1000(system) Binder:3957_F identical 6 lines
10-15 22:14:00.664  3957  5415 D ConnectivityService: filterNetworkStateForUid() uid: 10105 networkInfo: [type: WIFI[] - WIFI, state: DISCONNECTED/BLOCKED, reason: (unspecified), extra: (none), failover: false, available: true, roaming: false, metered: false]
10-15 22:14:00.664  3957  5415 D WifiService: getConnectionInfo uid=1000
10-15 22:14:00.689 30334 30435 W ResourceType: For resource 0x7f140a22, entry index(2594) is beyond type entryCount(1)
10-15 22:14:00.689 30334 30435 W ResourceType: Failure getting entry for 0x7f140a22 (t=19 e=2594) (error -75)
10-15 22:14:00.698  3957 14960 I ApplicationPolicy: isApplicationExternalStorageWhitelisted:flipboard.boxer.app user:0
10-15 22:14:00.698  3957 14960 D ApplicationPolicy: isApplicationExternalStorageWhitelisted: DO is not enabled on user 0. Allowed.
10-15 22:14:00.698  3957 14960 D ActivityManager: package  flipboard.boxer.app, user - 0 is SDcard whitelisted
10-15 22:14:00.698  3957 14960 I ApplicationPolicy: isApplicationExternalStorageBlacklisted:flipboard.boxer.app user:0
10-15 22:14:00.698  3957 14960 D ApplicationPolicy: isApplicationExternalStorageBlacklisted: DO is not enabled on user 0. Allowed.
10-15 22:14:00.698  3957 14960 I ActivityManager: SA, print process name forked by webview_zygote : com.android.chrome:sandboxed_process0
10-15 22:14:00.800  4398  4398 E SchedPolicy: add_tid_to_cgroup failed; fd=-1
10-15 22:14:00.822 30438 30438 E /system/bin/webview_zygote32: failed to make and chown /acct/uid_99189: Permission denied
10-15 22:14:00.822 30438 30438 E Zygote  : createProcessGroup(99189, 0) failed: Permission denied
10-15 22:14:00.822 30438 30438 E libpersona: Couldn't open the File - /data/system/users/0.xml - Permission denied
10-15 22:14:00.824  3957 14960 W ActivityManager: Slow operation: 127ms so far, now at startProcess: returned from zygote!
10-15 22:14:00.824 30438 30438 W SELinux : SELinux selinux_android_compute_policy_index : Policy Index[2],  Con:u:r:webview_zygote:s0 RAM:SEPF_SM-J720F_8.0.0_0002, [-1 -1 -1 -1 0 1]
10-15 22:14:00.826 30438 30438 I SELinux : SELinux: seapp_context_lookup: seinfo=chrome, level=s0:c512,c768, pkgname=com.android.chrome:sandboxed_process0 
10-15 22:14:00.826  3957 14960 W ActivityManager: Slow operation: 129ms so far, now at startProcess: done updating battery stats
10-15 22:14:00.832  3957 14960 W ActivityManager: Slow operation: 135ms so far, now at startProcess: building log message
10-15 22:14:00.832  3957 14960 I ActivityManager: Start proc 30438:com.android.chrome:sandboxed_process0/u0i189 for webview_service flipboard.boxer.app/org.chromium.content.app.SandboxedProcessService0
10-15 22:14:00.832  3957 14960 W ActivityManager: Slow operation: 135ms so far, now at startProcess: starting to update pids map
10-15 22:14:00.832  3957 14960 W ActivityManager: Slow operation: 135ms so far, now at startProcess: done updating pids map
10-15 22:14:00.832  3957 14960 W ActivityManager: Slow operation: 135ms so far, now at startProcess: done starting proc!
10-15 22:14:00.842  3957  3973 W Looper  : Dispatch took 145ms on android.ui, h=Handler (com.android.server.am.ActivityManagerService$UiHandler) {84f2c15} cb=null msg=53
10-15 22:14:00.846 18956 18956 D BoundBrokerSvc: onBind: Intent { act=com.google.android.gms.safetynet.service.START pkg=com.google.android.gms }
10-15 22:14:00.847 18956 18956 D BoundBrokerSvc: Loading bound service for intent: Intent { act=com.google.android.gms.safetynet.service.START pkg=com.google.android.gms }
10-15 22:14:00.848 29837 30114 I BatteryMgr:DataCollectionService: stats => 1697400840848,-287,4250,-161,0,100
10-15 22:14:00.854  3957  4128 D WifiService: getConnectionInfo uid=1000
10-15 22:14:00.960 29837 30114 I BatteryMgr:DataCollectionService: stats => 1697400840960,-287,4250,-161,0,100
10-15 22:14:00.997  3957 14960 D ConnectivityService: filterNetworkStateForUid() uid: 10105 networkInfo: [type: WIFI[] - WIFI, state: DISCONNECTED/BLOCKED, reason: (unspecified), extra: (none), failover: false, available: true, roaming: false, metered: false]
10-15 22:14:00.997  3957 14960 D WifiService: getConnectionInfo uid=1000
10-15 22:14:01.002  3957 14960 I chatty  : uid=1000(system) Binder:3957_1F identical 4 lines
10-15 22:14:01.002  3957 14960 I chatty  : uid=1000(system) Binder:3957_1F identical 4 lines
10-15 22:14:01.006  3957 14960 D ConnectivityService: filterNetworkStateForUid() uid: 10105 networkInfo: [type: WIFI[] - WIFI, state: DISCONNECTED/BLOCKED, reason: (unspecified), extra: (none), failover: false, available: true, roaming: false, metered: false]
10-15 22:14:01.006  3957 14960 D WifiService: getConnectionInfo uid=1000
10-15 22:14:01.053 30334 30451 W chromium: [WARNING:dns_config_service_android.cc(81)] Failed to read DnsConfig.
10-15 22:14:01.068 29837 30114 I BatteryMgr:DataCollectionService: stats => 1697400841068,-287,4250,-161,0,100
10-15 22:14:01.127  3957 14960 D ActivityManager: The following uid has registered to recieve broadcast for proxy related updates 10105
10-15 22:14:01.139 30438 30438 I SamplingProfilerIntegration: Profiling disabled.
10-15 22:14:01.145  3957 14960 W ContextImpl: Calling a method in the system process without a qualified user: android.app.ContextImpl.sendBroadcast:971 com.android.server.am.ActivityManagerService.requestKnoxVpnToSendProxyBroadcast:29420 com.android.server.am.ActivityManagerService.registerReceiver:23161 android.app.IActivityManager$Stub.onTransact:176 com.android.server.am.ActivityManagerService.onTransact:3861 
10-15 22:14:01.149  3957  3957 D KnoxVpnEngineService: Vpn Receiver : com.samsung.android.knox.intent.action.VPN_PROXY_BROADCAST_INTERNAL
10-15 22:14:01.150  3957  4108 I KnoxVpnEngineService: vpn handle : Message received
10-15 22:14:01.181 29837 30114 I BatteryMgr:DataCollectionService: stats => 1697400841181,-287,4250,-161,0,100
10-15 22:14:01.191  3957 14960 D StorageManagerService: getExternalStorageMountMode : 1
10-15 22:14:01.192  3957 14960 D StorageManagerService: getExternalStorageMountMode : 3
10-15 22:14:01.192  3957 14960 D StorageManagerService: getExternalStorageMountMode : final mountMode=1, uid : 10095, packageName : com.android.chrome
10-15 22:14:01.193  3957 14960 I ApplicationPolicy: isApplicationExternalStorageWhitelisted:com.android.chrome user:0
10-15 22:14:01.193  3957 14960 D ApplicationPolicy: isApplicationExternalStorageWhitelisted: DO is not enabled on user 0. Allowed.
10-15 22:14:01.193  3957 14960 D ActivityManager: package  com.android.chrome, user - 0 is SDcard whitelisted
10-15 22:14:01.193  3957 14960 I ApplicationPolicy: isApplicationExternalStorageBlacklisted:com.android.chrome user:0
10-15 22:14:01.193  3957 14960 D ApplicationPolicy: isApplicationExternalStorageBlacklisted: DO is not enabled on user 0. Allowed.
10-15 22:14:01.217 30465 30465 E Zygote  : isWhitelistProcess - Process is Whitelisted
10-15 22:14:01.217 30465 30465 E libpersona: scanKnoxPersonas
10-15 22:14:01.217 30465 30465 E libpersona: Couldn't open the File - /data/system/users/0/personalist.xml - No such file or directory
10-15 22:14:01.218  3957 14960 I ActivityManager: Start proc 30465:com.android.chrome:webview_service/u0a95 for service com.android.chrome/org.chromium.android_webview.services.ComponentsProviderService
10-15 22:14:01.219 30465 30465 W SELinux : SELinux selinux_android_compute_policy_index : Policy Index[2],  Con:u:r:zygote:s0 RAM:SEPF_SM-J720F_8.0.0_0002, [-1 -1 -1 -1 0 1]
10-15 22:14:01.220 30465 30465 I SELinux : SELinux: seapp_context_lookup: seinfo=chrome, level=s0:c512,c768, pkgname=com.android.chrome:webview_service 
10-15 22:14:01.296 29837 30114 I BatteryMgr:DataCollectionService: stats => 1697400841296,-287,4250,-161,0,100
10-15 22:14:01.329 30438 30438 D TimaKeyStoreProvider: TimaKeyStore is not enabled: cannot add TimaSignature Service and generateKeyPair Service
10-15 22:14:01.330 30438 30438 D ActivityThread: Added TimaKeyStore provider
10-15 22:14:01.347 30465 30465 D TimaKeyStoreProvider: TimaKeyStore is not enabled: cannot add TimaSignature Service and generateKeyPair Service
10-15 22:14:01.347 30465 30465 D ActivityThread: Added TimaKeyStore provider
10-15 22:14:01.367  3957 14960 I ActivityManager: DSS on for com.android.chrome and scale is 1.0
10-15 22:14:01.374  3957  9774 W StorageManager: getStorageLowBytes lowPercent : 5, lowBytes : 1260145254, maxLowBytes : 524288000
10-15 22:14:01.388  3957  5415 W StorageManager: getStorageLowBytes lowPercent : 5, lowBytes : 1260145254, maxLowBytes : 524288000
10-15 22:14:01.388  3957  9774 I ActivityManager: DSS on for flipboard.boxer.app and scale is 1.0
10-15 22:14:01.404  3957 14960 W StorageManager: getStorageLowBytes lowPercent : 5, lowBytes : 1260145254, maxLowBytes : 524288000
10-15 22:14:01.409 29837 30114 I BatteryMgr:DataCollectionService: stats => 1697400841409,-287,4250,-161,0,100
10-15 22:14:01.424 30334 30490 I System.out: (HTTPLog)-Static: isSBSettingEnabled false
10-15 22:14:01.425 30334 30490 I System.out: (HTTPLog)-Static: isSBSettingEnabled false
10-15 22:14:01.442 30334 30409 I System.out: (HTTPLog)-Static: isSBSettingEnabled false
10-15 22:14:01.442 30334 30409 I System.out: (HTTPLog)-Static: isSBSettingEnabled false
10-15 22:14:01.454  3599  3918 D DnsProxyListener: DNSDBG::dns addrinfo af 0
10-15 22:14:01.456  3599  3918 D DnsProxyListener: DNSDBG::dns addrinfo af 0
10-15 22:14:01.491  3957  4129 D WifiStateMachine:  ConnectedState !RSSI_PKTCNT_FETCH uid=1000 rt=402830640/1063228868 0 0 "ourhome" f4:6d:2f:12:cc:88 rssi=-42 f=5240 sc=60 link=433 tx=74.4, 1.1, 0.0  rx=98.1 bcn=58041 [on:0 tx:0 rx:0 period:997] from screen [on:145243 period:1008467] score=60
10-15 22:14:01.492  3957  4129 D WifiStateMachine:  L2ConnectedState !RSSI_PKTCNT_FETCH uid=1000 rt=402830642/1063228869 0 0 "ourhome" f4:6d:2f:12:cc:88 rssi=-42 f=5240 sc=60 link=433 tx=74.4, 1.1, 0.0  rx=98.1 bcn=58041 [on:0 tx:0 rx:0 period:1] from screen [on:145243 period:1008468] score=60
10-15 22:14:01.493  3957  4129 D WifiStateMachine: fetchRssiLinkSpeedAndFrequencyNative rssi=-42 linkspeed=433 freq=5240
10-15 22:14:01.522 29837 30114 I BatteryMgr:DataCollectionService: stats => 1697400841521,-287,4250,-161,0,100
10-15 22:14:01.523  3957  9774 D PackageManager: setEnabledSetting : userId = 0 packageName = flipboard.boxer.app cmp = flipboard.activities.LaunchActivityAliasForBriefing newState = 0 callingPackage = 10105/flipboard.boxer.app
10-15 22:14:01.574 30465 30465 I zygote  : no shared libraies, dex_files: 1
10-15 22:14:01.601  3957  9774 D ConnectivityService: filterNetworkStateForUid() uid: 10105 networkInfo: [type: WIFI[] - WIFI, state: DISCONNECTED/BLOCKED, reason: (unspecified), extra: (none), failover: false, available: true, roaming: false, metered: false]
10-15 22:14:01.601  3957  9774 D WifiService: getConnectionInfo uid=1000
10-15 22:14:01.603  3957  9774 D ConnectivityService: filterNetworkStateForUid() uid: 10105 networkInfo: [type: WIFI[] - WIFI, state: DISCONNECTED/BLOCKED, reason: (unspecified), extra: (none), failover: false, available: true, roaming: false, metered: false]
10-15 22:14:01.603  3957  9774 D WifiService: getConnectionInfo uid=1000
10-15 22:14:01.633 29837 30114 I BatteryMgr:DataCollectionService: stats => 1697400841632,-287,4250,-161,0,100
10-15 22:14:01.634 30506 30506 E asset   : setgid: Operation not permitted
10-15 22:14:01.635 30334 30487 W ResourceType: ResTable_typeSpec entry count inconsistent: given 88, previously 90
10-15 22:14:01.635 30334 30487 W ResourceType: ResTable_typeSpec entry count inconsistent: given 168, previously 172
10-15 22:14:01.661 30334 30404 W ResourceType: ResTable_typeSpec entry count inconsistent: given 88, previously 90
10-15 22:14:01.661 30334 30404 W ResourceType: ResTable_typeSpec entry count inconsistent: given 168, previously 172
10-15 22:14:01.662 30334 30487 W ResourceType: ResTable_typeSpec entry count inconsistent: given 3502, previously 3522
10-15 22:14:01.662 30334 30404 W ResourceType: ResTable_typeSpec entry count inconsistent: given 3502, previously 3522
10-15 22:14:01.663 30334 30404 W ResourceType: ResTable_typeSpec entry count inconsistent: given 487, previously 4664
10-15 22:14:01.663 30334 30487 W ResourceType: ResTable_typeSpec entry count inconsistent: given 487, previously 4664
10-15 22:14:01.749 29837 30114 I BatteryMgr:DataCollectionService: stats => 1697400841749,-287,4250,-161,0,100
10-15 22:14:01.750 30465 30465 I cr_SplitCompatApp: Launched version=117.0.5938.60 minSdkVersion=1 isBundle=true processName=com.android.chrome:webview_service isIsolated=false
10-15 22:14:01.761 30334 30480 I System.out: (HTTPLog)-Static: isSBSettingEnabled false
10-15 22:14:01.762 30334 30480 I System.out: (HTTPLog)-Static: isSBSettingEnabled false
10-15 22:14:01.763 30334 30481 I System.out: (HTTPLog)-Static: isSBSettingEnabled false
10-15 22:14:01.764 30334 30481 I System.out: (HTTPLog)-Static: isSBSettingEnabled false
10-15 22:14:01.765  3599  3918 D DnsProxyListener: DNSDBG::dns addrinfo af 0
10-15 22:14:01.766  3599  3918 D DnsProxyListener: DNSDBG::dns addrinfo af 0
10-15 22:14:01.855  3957  4128 D WifiService: getConnectionInfo uid=1000
10-15 22:14:01.866 29837 30114 I BatteryMgr:DataCollectionService: stats => 1697400841865,-287,4250,-161,0,100
10-15 22:14:01.939 30438 30438 I cr_SplitCompatApp: Launched version=117.0.5938.60 minSdkVersion=1 isBundle=true processName=com.android.chrome:sandboxed_process0 isIsolated=true
10-15 22:14:01.945 30334 30369 I System.out: (HTTPLog)-Static: isSBSettingEnabled false
10-15 22:14:01.946 30334 30369 I System.out: (HTTPLog)-Static: isSBSettingEnabled false
10-15 22:14:01.947  3599  3918 D DnsProxyListener: DNSDBG::dns addrinfo af 0
10-15 22:14:01.975 29837 30114 I BatteryMgr:DataCollectionService: stats => 1697400841975,-287,4250,-161,0,100
10-15 22:14:01.983 30438 30438 W SystemServiceRegistry: No service published for: uimode
10-15 22:14:02.010 30438 30438 V Monotype: fonts.xml take from : /system/etc/
10-15 22:14:02.093 29837 30114 I BatteryMgr:DataCollectionService: stats => 1697400842093,-287,4250,-161,0,100
10-15 22:14:02.200 29837 30114 I BatteryMgr:DataCollectionService: stats => 1697400842200,-287,4250,-161,0,100
10-15 22:14:02.310 29837 30114 I BatteryMgr:DataCollectionService: stats => 1697400842310,-287,4250,-161,0,100
10-15 22:14:02.421 29837 30114 I BatteryMgr:DataCollectionService: stats => 1697400842421,-287,4250,-161,0,100
10-15 22:14:02.493  3957  4129 D WifiStateMachine:  ConnectedState !CMD_RSSI_POLL rt=402831642/1063229869 52 0 "ourhome" f4:6d:2f:12:cc:88 rssi=-42 f=5240 sc=60 link=433 tx=74.4, 1.1, 0.0  rx=98.1 bcn=58041 [on:0 tx:0 rx:0 period:1000] from screen [on:145243 period:1009468] score=60
10-15 22:14:02.494  3957  4129 D WifiStateMachine:  L2ConnectedState !CMD_RSSI_POLL rt=402831644/1063229871 52 0 "ourhome" f4:6d:2f:12:cc:88 rssi=-42 f=5240 sc=60 link=433 tx=74.4, 1.1, 0.0  rx=98.1 bcn=58041 [on:0 tx:0 rx:0 period:2] from screen [on:145243 period:1009470] score=60
10-15 22:14:02.494  3957  4129 D WifiStateMachine:  get link layer stats 3
10-15 22:14:02.495  3436  3436 I android.hardware.wifi@1.0-service: getLinkLayerStats
10-15 22:14:02.514  3957  4129 D WifiStateMachine: fetchRssiLinkSpeedAndFrequencyNative rssi=-42 linkspeed=433 freq=5240
10-15 22:14:02.517  3957  4129 D WifiStateMachine:  ConnectedState !RSSI_PKTCNT_FETCH uid=1000 rt=402831667/1063229894 0 0 "ourhome" f4:6d:2f:12:cc:88 rssi=-42 f=5240 sc=60 link=433 tx=36.0, 0.4, 0.0  rx=45.9 bcn=58070 [on:0 tx:0 rx:0 period:0] from screen [on:147314 period:1009492] score=60
10-15 22:14:02.517  4340  4340 E SignalClusterView: setSlotFocusVisible : subId -2
10-15 22:14:02.517  4340  4340 E SignalClusterView: setSlotFocusVisible : subId -2
10-15 22:14:02.518  3957  4129 D WifiStateMachine:  L2ConnectedState !RSSI_PKTCNT_FETCH uid=1000 rt=402831668/1063229895 0 0 "ourhome" f4:6d:2f:12:cc:88 rssi=-42 f=5240 sc=60 link=433 tx=36.0, 0.4, 0.0  rx=45.9 bcn=58070 [on:0 tx:0 rx:0 period:2] from screen [on:147314 period:1009494] score=60
10-15 22:14:02.520  3957  4129 D WifiStateMachine: fetchRssiLinkSpeedAndFrequencyNative rssi=-42 linkspeed=433 freq=5240
10-15 22:14:02.530 29837 30114 I BatteryMgr:DataCollectionService: stats => 1697400842529,-287,4250,-161,0,100
10-15 22:14:02.629 30438 30438 E Typeface: Error mapping font file /system/fonts/SamsungSans-Num3L.ttf
10-15 22:14:02.629 30438 30438 E Minikin : Could not get cmap table size!
10-15 22:14:02.629 30438 30438 E Typeface: Unable to load Family: samsung-sans-num3L:null
10-15 22:14:02.629 30438 30438 E Typeface: Error mapping font file /system/fonts/SamsungSans-Num3T.ttf
10-15 22:14:02.629 30438 30438 E Minikin : Could not get cmap table size!
10-15 22:14:02.629 30438 30438 E Typeface: Unable to load Family: samsung-sans-num3T:null
10-15 22:14:02.629 30438 30438 E Typeface: Error mapping font file /system/fonts/SamsungSans-Num4L.ttf
10-15 22:14:02.629 30438 30438 E Minikin : Could not get cmap table size!
10-15 22:14:02.629 30438 30438 E Typeface: Unable to load Family: samsung-sans-num4L:null
10-15 22:14:02.630 30438 30438 E Typeface: Error mapping font file /system/fonts/SamsungSans-Num4T.ttf
10-15 22:14:02.630 30438 30438 E Minikin : Could not get cmap table size!
10-15 22:14:02.630 30438 30438 E Typeface: Unable to load Family: samsung-sans-num4T:null
10-15 22:14:02.630 30438 30438 E Typeface: Error mapping font file /system/fonts/SamsungSans-Num35.ttf
10-15 22:14:02.630 30438 30438 E Minikin : Could not get cmap table size!
10-15 22:14:02.630 30438 30438 E Typeface: Unable to load Family: samsung-sans-num35:null
10-15 22:14:02.630 30438 30438 E Typeface: Error mapping font file /system/fonts/SamsungSans-Num45.ttf
10-15 22:14:02.630 30438 30438 E Minikin : Could not get cmap table size!
10-15 22:14:02.630 30438 30438 E Typeface: Unable to load Family: samsung-sans-num45:null
10-15 22:14:02.630 30438 30438 E Typeface: Error mapping font file /system/fonts/SamsungSans-Num3Lv.ttf
10-15 22:14:02.630 30438 30438 E Minikin : Could not get cmap table size!
10-15 22:14:02.630 30438 30438 E Typeface: Unable to load Family: samsung-sans-num3LV:null
10-15 22:14:02.630 30438 30438 E Typeface: Error mapping font file /system/fonts/SamsungSans-Num3R.ttf
10-15 22:14:02.630 30438 30438 E Minikin : Could not get cmap table size!
10-15 22:14:02.630 30438 30438 E Typeface: Unable to load Family: samsung-sans-num3R:null
10-15 22:14:02.630 30438 30438 E Typeface: Error mapping font file /system/fonts/SamsungSans-Num4Tv.ttf
10-15 22:14:02.630 30438 30438 E Minikin : Could not get cmap table size!
10-15 22:14:02.630 30438 30438 E Typeface: Unable to load Family: samsung-sans-num4Tv:null
10-15 22:14:02.630 30438 30438 E Typeface: Error mapping font file /system/fonts/SamsungSans-Num4Lv.ttf
10-15 22:14:02.630 30438 30438 E Minikin : Could not get cmap table size!
10-15 22:14:02.630 30438 30438 E Typeface: Unable to load Family: samsung-sans-num4Lv:null
10-15 22:14:02.636 29837 30114 I BatteryMgr:DataCollectionService: stats => 1697400842636,-287,4250,-161,0,100
10-15 22:14:02.661 30438 30438 I cr_ChildProcessService: Creating new ChildProcessService pid=30438
10-15 22:14:02.679 30438 30438 E WebViewFactory: can't load with relro file; address space not reserved
10-15 22:14:02.746 29837 30114 I BatteryMgr:DataCollectionService: stats => 1697400842746,-287,4250,-161,0,100
10-15 22:14:02.853 29837 30114 I BatteryMgr:DataCollectionService: stats => 1697400842853,-287,4250,-161,0,100
10-15 22:14:02.858  3957  4128 D WifiService: getConnectionInfo uid=1000
10-15 22:14:02.961 29837 30114 I BatteryMgr:DataCollectionService: stats => 1697400842961,-287,4250,-161,0,100
10-15 22:14:03.069 29837 30114 I BatteryMgr:DataCollectionService: stats => 1697400843069,-287,4250,-161,0,100
10-15 22:14:03.179 29837 30114 I BatteryMgr:DataCollectionService: stats => 1697400843179,-287,4250,-161,0,100
10-15 22:14:03.286 29837 30114 I BatteryMgr:DataCollectionService: stats => 1697400843286,-287,4250,-161,0,100
10-15 22:14:03.397 29837 30114 I BatteryMgr:DataCollectionService: stats => 1697400843397,-287,4250,-161,0,100
10-15 22:14:03.495  3957  4129 D WifiStateMachine:  ConnectedState !RSSI_PKTCNT_FETCH uid=1000 rt=402832644/1063230872 0 0 "ourhome" f4:6d:2f:12:cc:88 rssi=-42 f=5240 sc=60 link=433 tx=36.0, 0.4, 0.0  rx=45.9 bcn=58070 [on:0 tx:0 rx:0 period:976] from screen [on:147314 period:1010470] score=60
10-15 22:14:03.497  3957  4129 D WifiStateMachine:  L2ConnectedState !RSSI_PKTCNT_FETCH uid=1000 rt=402832646/1063230873 0 0 "ourhome" f4:6d:2f:12:cc:88 rssi=-42 f=5240 sc=60 link=433 tx=36.0, 0.4, 0.0  rx=45.9 bcn=58070 [on:0 tx:0 rx:0 period:3] from screen [on:147314 period:1010473] score=60
10-15 22:14:03.504  3957  4129 D WifiStateMachine: fetchRssiLinkSpeedAndFrequencyNative rssi=-42 linkspeed=433 freq=5240
10-15 22:14:03.510 29837 30114 I BatteryMgr:DataCollectionService: stats => 1697400843509,-287,4250,-161,0,100
10-15 22:14:03.623 29837 30114 I BatteryMgr:DataCollectionService: stats => 1697400843623,-287,4250,-161,0,100
10-15 22:14:03.734 29837 30114 I BatteryMgr:DataCollectionService: stats => 1697400843733,-287,4250,-161,0,100
10-15 22:14:03.844 29837 30114 I BatteryMgr:DataCollectionService: stats => 1697400843844,-287,4250,-161,0,100
10-15 22:14:03.860  3957  4128 D WifiService: getConnectionInfo uid=1000
10-15 22:14:03.952 29837 30114 I BatteryMgr:DataCollectionService: stats => 1697400843952,-287,4250,-161,0,100
10-15 22:14:04.067 29837 30114 I BatteryMgr:DataCollectionService: stats => 1697400844067,-287,4250,-161,0,100
10-15 22:14:04.182 29837 30114 I BatteryMgr:DataCollectionService: stats => 1697400844182,-287,4250,-161,0,100
10-15 22:14:04.293 29837 30114 I BatteryMgr:DataCollectionService: stats => 1697400844293,-287,4250,-161,0,100
10-15 22:14:04.403 29837 30114 I BatteryMgr:DataCollectionService: stats => 1697400844403,-287,4250,-161,0,100
10-15 22:14:04.496  3957  4129 D WifiStateMachine:  ConnectedState !RSSI_PKTCNT_FETCH uid=1000 rt=402833644/1063231872 0 0 "ourhome" f4:6d:2f:12:cc:88 rssi=-42 f=5240 sc=60 link=433 tx=36.0, 0.4, 0.0  rx=45.9 bcn=58070 [on:0 tx:0 rx:0 period:998] from screen [on:147314 period:1011471] score=60
10-15 22:14:04.497  3957  4129 D WifiStateMachine:  L2ConnectedState !RSSI_PKTCNT_FETCH uid=1000 rt=402833647/1063231874 0 0 "ourhome" f4:6d:2f:12:cc:88 rssi=-42 f=5240 sc=60 link=433 tx=36.0, 0.4, 0.0  rx=45.9 bcn=58070 [on:0 tx:0 rx:0 period:2] from screen [on:147314 period:1011473] score=60
10-15 22:14:04.504  3957  4129 D WifiStateMachine: fetchRssiLinkSpeedAndFrequencyNative rssi=-42 linkspeed=433 freq=5240
10-15 22:14:04.511 29837 30114 I BatteryMgr:DataCollectionService: stats => 1697400844511,-287,4250,-161,0,100
10-15 22:14:04.625 29837 30114 I BatteryMgr:DataCollectionService: stats => 1697400844625,-287,4250,-161,0,100
10-15 22:14:04.677 19438 19556 D ScanRecord: Not a Multi Manu data
10-15 22:14:04.724  4961  4961 D io_stats: !@ 179,0 r 5272846 163392680 w 1287329 27971568 d 101490 31607796 f 298733 315308 iot 2343824 2072473 th 51200 0 0 pt 0 inp 0 0 402833.874
10-15 22:14:04.726 19438 19556 I chatty  : uid=1002(bluetooth) BT Service Call identical 102 lines
10-15 22:14:04.726 19438 19556 D ScanRecord: Not a Multi Manu data
10-15 22:14:04.736 29837 30114 I BatteryMgr:DataCollectionService: stats => 1697400844736,-287,4250,-161,0,100
10-15 22:14:04.739 19438 19556 D ScanRecord: Not a Multi Manu data
10-15 22:14:04.851 19438 19556 I chatty  : uid=1002(bluetooth) BT Service Call identical 136 lines
10-15 22:14:04.852 19438 19556 D ScanRecord: Not a Multi Manu data
10-15 22:14:04.852 29837 30114 I BatteryMgr:DataCollectionService: stats => 1697400844852,-287,4250,-161,0,100
10-15 22:14:04.852 19438 19556 D ScanRecord: Not a Multi Manu data
10-15 22:14:04.863 19438 19556 I chatty  : uid=1002(bluetooth) BT Service Call identical 29 lines
10-15 22:14:04.863 19438 19556 D ScanRecord: Not a Multi Manu data
10-15 22:14:04.864  3957  4128 D WifiService: getConnectionInfo uid=1000
10-15 22:14:04.890 19438 19556 D ScanRecord: Not a Multi Manu data
10-15 22:14:04.962 19438 19556 I chatty  : uid=1002(bluetooth) BT Service Call identical 76 lines
10-15 22:14:04.962 19438 19556 D ScanRecord: Not a Multi Manu data
10-15 22:14:04.963 29837 30114 I BatteryMgr:DataCollectionService: stats => 1697400844963,-287,4250,-161,0,100
10-15 22:14:04.998 19438 19556 D ScanRecord: Not a Multi Manu data
10-15 22:14:05.067 19438 19556 I chatty  : uid=1002(bluetooth) BT Service Call identical 37 lines
10-15 22:14:05.067 19438 19556 D ScanRecord: Not a Multi Manu data
10-15 22:14:05.077 29837 30114 I BatteryMgr:DataCollectionService: stats => 1697400845077,-287,4250,-161,0,100
10-15 22:14:05.100 19438 19556 D ScanRecord: Not a Multi Manu data
10-15 22:14:05.150 19438 19556 I chatty  : uid=1002(bluetooth) BT Service Call identical 128 lines
10-15 22:14:05.150 19438 19556 D ScanRecord: Not a Multi Manu data
10-15 22:14:05.186 29837 30114 I BatteryMgr:DataCollectionService: stats => 1697400845186,-287,4250,-161,0,100
10-15 22:14:05.301 29837 30114 I BatteryMgr:DataCollectionService: stats => 1697400845300,-287,4250,-161,0,100
10-15 22:14:05.414 29837 30114 I BatteryMgr:DataCollectionService: stats => 1697400845414,-287,4250,-161,0,100
10-15 22:14:05.496  3957  4129 D WifiStateMachine:  ConnectedState !RSSI_PKTCNT_FETCH uid=1000 rt=402834646/1063232873 0 0 "ourhome" f4:6d:2f:12:cc:88 rssi=-42 f=5240 sc=60 link=433 tx=36.0, 0.4, 0.0  rx=45.9 bcn=58070 [on:0 tx:0 rx:0 period:999] from screen [on:147314 period:1012472] score=60
10-15 22:14:05.499  3957  4129 D WifiStateMachine:  L2ConnectedState !RSSI_PKTCNT_FETCH uid=1000 rt=402834648/1063232875 0 0 "ourhome" f4:6d:2f:12:cc:88 rssi=-42 f=5240 sc=60 link=433 tx=36.0, 0.4, 0.0  rx=45.9 bcn=58070 [on:0 tx:0 rx:0 period:3] from screen [on:147314 period:1012475] score=60
10-15 22:14:05.505  3957  4129 D WifiStateMachine: fetchRssiLinkSpeedAndFrequencyNative rssi=-42 linkspeed=433 freq=5240
10-15 22:14:05.518  3957  4129 D WifiStateMachine:  ConnectedState !CMD_RSSI_POLL rt=402834666/1063232893 52 0 "ourhome" f4:6d:2f:12:cc:88 rssi=-42 f=5240 sc=60 link=433 tx=36.0, 0.4, 0.0  rx=45.9 bcn=58070 [on:0 tx:0 rx:0 period:19] from screen [on:147314 period:1012494] score=60
10-15 22:14:05.519  3957  4129 D WifiStateMachine:  L2ConnectedState !CMD_RSSI_POLL rt=402834669/1063232896 52 0 "ourhome" f4:6d:2f:12:cc:88 rssi=-42 f=5240 sc=60 link=433 tx=36.0, 0.4, 0.0  rx=45.9 bcn=58070 [on:0 tx:0 rx:0 period:1] from screen [on:147314 period:1012495] score=60
10-15 22:14:05.519  3957  4129 D WifiStateMachine:  get link layer stats 3
10-15 22:14:05.520  3436  3436 I android.hardware.wifi@1.0-service: getLinkLayerStats
10-15 22:14:05.523 29837 30114 I BatteryMgr:DataCollectionService: stats => 1697400845523,-287,4250,-161,0,100
10-15 22:14:05.538  3957  4129 D WifiStateMachine: fetchRssiLinkSpeedAndFrequencyNative rssi=-42 linkspeed=433 freq=5240
10-15 22:14:05.543  4340  4340 E SignalClusterView: setSlotFocusVisible : subId -2
10-15 22:14:05.543  4340  4340 E SignalClusterView: setSlotFocusVisible : subId -2
10-15 22:14:05.638 29837 30114 I BatteryMgr:DataCollectionService: stats => 1697400845638,-287,4250,-161,0,100
10-15 22:14:05.754 29837 30114 I BatteryMgr:DataCollectionService: stats => 1697400845754,-287,4250,-161,0,100
10-15 22:14:05.866  3957  4128 D WifiService: getConnectionInfo uid=1000
10-15 22:14:05.869 29837 30114 I BatteryMgr:DataCollectionService: stats => 1697400845868,-287,4250,-161,0,100
10-15 22:14:05.987 29837 30114 I BatteryMgr:DataCollectionService: stats => 1697400845987,-287,4250,-161,0,100
10-15 22:14:06.100 29837 30114 I BatteryMgr:DataCollectionService: stats => 1697400846100,-287,4250,-161,0,100
10-15 22:14:06.215 29837 30114 I BatteryMgr:DataCollectionService: stats => 1697400846214,-287,4250,-161,0,100
10-15 22:14:06.230  3957  6478 D SSRM:k  : SIOP:: AP = 390, PST = 352 (W:18), BAT = 297, USB = 0, CHG = 0
10-15 22:14:06.328 29837 30114 I BatteryMgr:DataCollectionService: stats => 1697400846328,-287,4250,-161,0,100
10-15 22:14:06.441 29837 30114 I BatteryMgr:DataCollectionService: stats => 1697400846441,-287,4250,-161,0,100
10-15 22:14:06.499  3957  4129 D WifiStateMachine:  ConnectedState !RSSI_PKTCNT_FETCH uid=1000 rt=402835648/1063233876 0 0 "ourhome" f4:6d:2f:12:cc:88 rssi=-42 f=5240 sc=60 link=433 tx=13.8, 0.1, 0.0  rx=17.4 bcn=58099 [on:0 tx:0 rx:0 period:957] from screen [on:147782 period:1013475] score=60
10-15 22:14:06.501  3957  4129 D WifiStateMachine:  L2ConnectedState !RSSI_PKTCNT_FETCH uid=1000 rt=402835650/1063233878 0 0 "ourhome" f4:6d:2f:12:cc:88 rssi=-42 f=5240 sc=60 link=433 tx=13.8, 0.1, 0.0  rx=17.4 bcn=58099 [on:0 tx:0 rx:0 period:1] from screen [on:147782 period:1013476] score=60
10-15 22:14:06.507  3957  4129 D WifiStateMachine: fetchRssiLinkSpeedAndFrequencyNative rssi=-41 linkspeed=433 freq=5240
10-15 22:14:06.557 29837 30114 I BatteryMgr:DataCollectionService: stats => 1697400846556,-287,4250,-161,0,100
10-15 22:14:06.670 29837 30114 I BatteryMgr:DataCollectionService: stats => 1697400846670,-287,4250,-161,0,100
10-15 22:14:06.785 29837 30114 I BatteryMgr:DataCollectionService: stats => 1697400846785,-287,4250,-161,0,100
10-15 22:14:06.869  3957  4128 D WifiService: getConnectionInfo uid=1000
10-15 22:14:06.901 29837 30114 I BatteryMgr:DataCollectionService: stats => 1697400846900,-287,4250,-161,0,100
10-15 22:14:06.978 30334 30369 I System.out: (HTTPLog)-Static: isSBSettingEnabled false
10-15 22:14:06.979 30334 30369 I System.out: (HTTPLog)-Static: isSBSettingEnabled false
10-15 22:14:07.020 29837 30114 I BatteryMgr:DataCollectionService: stats => 1697400847020,-287,4250,-161,0,100
10-15 22:14:07.131 29837 30114 I BatteryMgr:DataCollectionService: stats => 1697400847131,-287,4250,-161,0,100
10-15 22:14:07.247 29837 30114 I BatteryMgr:DataCollectionService: stats => 1697400847247,-287,4250,-161,0,100
10-15 22:14:07.363 29837 30114 I BatteryMgr:DataCollectionService: stats => 1697400847363,-287,4250,-161,0,100
10-15 22:14:07.484 29837 30114 I BatteryMgr:DataCollectionService: stats => 1697400847484,-287,4250,-161,0,100
10-15 22:14:07.502  3957  4129 D WifiStateMachine:  ConnectedState !RSSI_PKTCNT_FETCH uid=1000 rt=402836650/1063234878 0 0 "ourhome" f4:6d:2f:12:cc:88 rssi=-41 f=5240 sc=60 link=433 tx=13.8, 0.1, 0.0  rx=17.4 bcn=58099 [on:0 tx:0 rx:0 period:1002] from screen [on:147782 period:1014478] score=60
10-15 22:14:07.504  3957  4129 D WifiStateMachine:  L2ConnectedState !RSSI_PKTCNT_FETCH uid=1000 rt=402836653/1063234881 0 0 "ourhome" f4:6d:2f:12:cc:88 rssi=-41 f=5240 sc=60 link=433 tx=13.8, 0.1, 0.0  rx=17.4 bcn=58099 [on:0 tx:0 rx:0 period:2] from screen [on:147782 period:1014480] score=60
10-15 22:14:07.507  3957  4129 D WifiStateMachine: fetchRssiLinkSpeedAndFrequencyNative rssi=-42 linkspeed=433 freq=5240
10-15 22:14:07.597 29837 30114 I BatteryMgr:DataCollectionService: stats => 1697400847597,-287,4250,-161,0,100
10-15 22:14:07.713 29837 30114 I BatteryMgr:DataCollectionService: stats => 1697400847712,-287,4250,-161,0,100
10-15 22:14:07.824 29837 30114 I BatteryMgr:DataCollectionService: stats => 1697400847823,-287,4250,-161,0,100
10-15 22:14:07.871  3957  4128 D WifiService: getConnectionInfo uid=1000
10-15 22:14:07.940 29837 30114 I BatteryMgr:DataCollectionService: stats => 1697400847940,-287,4250,-161,0,100
10-15 22:14:08.052 29837 30114 I BatteryMgr:DataCollectionService: stats => 1697400848052,-287,4250,-161,0,100
10-15 22:14:08.166 29837 30114 I BatteryMgr:DataCollectionService: stats => 1697400848165,-287,4250,-161,0,100
10-15 22:14:08.278 29837 30114 I BatteryMgr:DataCollectionService: stats => 1697400848278,-287,4250,-161,0,100
10-15 22:14:08.388 29837 30114 I BatteryMgr:DataCollectionService: stats => 1697400848388,-287,4250,-161,0,100
10-15 22:14:08.498 29837 30114 I BatteryMgr:DataCollectionService: stats => 1697400848498,-287,4250,-161,0,100
10-15 22:14:08.502  3957  4129 D WifiStateMachine:  ConnectedState !RSSI_PKTCNT_FETCH uid=1000 rt=402837651/1063235879 0 0 "ourhome" f4:6d:2f:12:cc:88 rssi=-42 f=5240 sc=60 link=433 tx=13.8, 0.1, 0.0  rx=17.4 bcn=58099 [on:0 tx:0 rx:0 period:998] from screen [on:147782 period:1015478] score=60
10-15 22:14:08.504  3957  4129 D WifiStateMachine:  L2ConnectedState !RSSI_PKTCNT_FETCH uid=1000 rt=402837653/1063235881 0 0 "ourhome" f4:6d:2f:12:cc:88 rssi=-42 f=5240 sc=60 link=433 tx=13.8, 0.1, 0.0  rx=17.4 bcn=58099 [on:0 tx:0 rx:0 period:2] from screen [on:147782 period:1015480] score=60
10-15 22:14:08.510  3957  4129 D WifiStateMachine: fetchRssiLinkSpeedAndFrequencyNative rssi=-42 linkspeed=433 freq=5240
10-15 22:14:08.541  3957  4129 D WifiStateMachine:  ConnectedState !CMD_RSSI_POLL rt=402837691/1063235918 52 0 "ourhome" f4:6d:2f:12:cc:88 rssi=-42 f=5240 sc=60 link=433 tx=13.8, 0.1, 0.0  rx=17.4 bcn=58099 [on:0 tx:0 rx:0 period:37] from screen [on:147782 period:1015517] score=60
10-15 22:14:08.543  3957  4129 D WifiStateMachine:  L2ConnectedState !CMD_RSSI_POLL rt=402837692/1063235920 52 0 "ourhome" f4:6d:2f:12:cc:88 rssi=-42 f=5240 sc=60 link=433 tx=13.8, 0.1, 0.0  rx=17.4 bcn=58099 [on:0 tx:0 rx:0 period:2] from screen [on:147782 period:1015519] score=60
10-15 22:14:08.544  3957  4129 D WifiStateMachine:  get link layer stats 3
10-15 22:14:08.545  3436  3436 I android.hardware.wifi@1.0-service: getLinkLayerStats
10-15 22:14:08.564  3957  4129 D WifiStateMachine: fetchRssiLinkSpeedAndFrequencyNative rssi=-42 linkspeed=433 freq=5240
10-15 22:14:08.568  4340  4340 E SignalClusterView: setSlotFocusVisible : subId -2
10-15 22:14:08.568  4340  4340 E SignalClusterView: setSlotFocusVisible : subId -2
10-15 22:14:08.609 29837 30114 I BatteryMgr:DataCollectionService: stats => 1697400848609,-287,4250,-161,0,100
10-15 22:14:08.734 29837 30114 I BatteryMgr:DataCollectionService: stats => 1697400848734,-287,4250,-161,0,100
10-15 22:14:08.858 29837 30114 I BatteryMgr:DataCollectionService: stats => 1697400848858,-287,4250,-161,0,100
10-15 22:14:08.873  3957  4128 D WifiService: getConnectionInfo uid=1000
10-15 22:14:08.980 29837 30114 I BatteryMgr:DataCollectionService: stats => 1697400848980,-287,4250,-161,0,100
10-15 22:14:09.092 29837 30114 I BatteryMgr:DataCollectionService: stats => 1697400849091,-287,4250,-161,0,100
10-15 22:14:09.205 29837 30114 I BatteryMgr:DataCollectionService: stats => 1697400849205,-287,4250,-161,0,100
10-15 22:14:09.317 29837 30114 I BatteryMgr:DataCollectionService: stats => 1697400849317,-287,4250,-161,0,100
10-15 22:14:09.432 29837 30114 I BatteryMgr:DataCollectionService: stats => 1697400849432,-287,4250,-161,0,100
10-15 22:14:09.506  3957  4129 D WifiStateMachine:  ConnectedState !RSSI_PKTCNT_FETCH uid=1000 rt=402838654/1063236881 0 0 "ourhome" f4:6d:2f:12:cc:88 rssi=-42 f=5240 sc=60 link=433 tx=5.0, 0.1, 0.0  rx=6.4 bcn=58126 [on:0 tx:0 rx:0 period:939] from screen [on:147871 period:1016481] score=60
10-15 22:14:09.507  3957  4129 D WifiStateMachine:  L2ConnectedState !RSSI_PKTCNT_FETCH uid=1000 rt=402838657/1063236884 0 0 "ourhome" f4:6d:2f:12:cc:88 rssi=-42 f=5240 sc=60 link=433 tx=5.0, 0.1, 0.0  rx=6.4 bcn=58126 [on:0 tx:0 rx:0 period:2] from screen [on:147871 period:1016483] score=60
10-15 22:14:09.514  3957  4129 D WifiStateMachine: fetchRssiLinkSpeedAndFrequencyNative rssi=-41 linkspeed=433 freq=5240
10-15 22:14:09.547 29837 30114 I BatteryMgr:DataCollectionService: stats => 1697400849546,-287,4250,-161,0,100
10-15 22:14:09.662 29837 30114 I BatteryMgr:DataCollectionService: stats => 1697400849661,-287,4250,-161,0,100
10-15 22:14:09.680 19438 19556 D ScanRecord: Not a Multi Manu data
10-15 22:14:09.728  4961  4961 D io_stats: !@ 179,0 r 5273019 163398712 w 1287385 27972012 d 101491 31607864 f 298734 315309 iot 2343916 2072557 th 51200 0 0 pt 0 inp 0 0 402838.877
10-15 22:14:09.765 19438 19556 I chatty  : uid=1002(bluetooth) BT Service Call identical 63 lines
10-15 22:14:09.765 19438 19556 D ScanRecord: Not a Multi Manu data
10-15 22:14:09.779 29837 30114 I BatteryMgr:DataCollectionService: stats => 1697400849778,-287,4250,-161,0,100
10-15 22:14:09.794 19438 19556 D ScanRecord: Not a Multi Manu data
10-15 22:14:09.852 19438 19556 I chatty  : uid=1002(bluetooth) BT Service Call identical 102 lines
10-15 22:14:09.853 19438 19556 D ScanRecord: Not a Multi Manu data
10-15 22:14:09.876  3957  4128 D WifiService: getConnectionInfo uid=1000
10-15 22:14:09.881 19438 19556 D ScanRecord: Not a Multi Manu data
10-15 22:14:09.885 19438 19556 I chatty  : uid=1002(bluetooth) BT Service Call identical 24 lines
10-15 22:14:09.885 19438 19556 D ScanRecord: Not a Multi Manu data
10-15 22:14:09.896 29837 30114 I BatteryMgr:DataCollectionService: stats => 1697400849894,-287,4250,-161,0,100
10-15 22:14:09.899 19438 19556 D ScanRecord: Not a Multi Manu data
10-15 22:14:10.008 19438 19556 I chatty  : uid=1002(bluetooth) BT Service Call identical 100 lines
10-15 22:14:10.008 19438 19556 D ScanRecord: Not a Multi Manu data
10-15 22:14:10.008 29837 30114 I BatteryMgr:DataCollectionService: stats => 1697400850008,-287,4250,-161,0,100
10-15 22:14:10.009 19438 19556 D ScanRecord: Not a Multi Manu data
10-15 22:14:10.115 19438 19556 I chatty  : uid=1002(bluetooth) BT Service Call identical 91 lines
10-15 22:14:10.115 19438 19556 D ScanRecord: Not a Multi Manu data
10-15 22:14:10.130 29837 30114 I BatteryMgr:DataCollectionService: stats => 1697400850130,-287,4250,-161,0,100
10-15 22:14:10.142 19438 19556 D ScanRecord: Not a Multi Manu data
10-15 22:14:10.154 19438 19556 I chatty  : uid=1002(bluetooth) BT Service Call identical 37 lines
10-15 22:14:10.154 19438 19556 D ScanRecord: Not a Multi Manu data
10-15 22:14:10.243 29837 30114 I BatteryMgr:DataCollectionService: stats => 1697400850243,-287,4250,-161,0,100
10-15 22:14:10.356 29837 30114 I BatteryMgr:DataCollectionService: stats => 1697400850356,-287,4250,-161,0,100
10-15 22:14:10.380  3957  4030 D SensorService: [SO] 0.115 -0.105 9.941
10-15 22:14:10.470 29837 30114 I BatteryMgr:DataCollectionService: stats => 1697400850470,-287,4250,-161,0,100
10-15 22:14:10.508  3957  4129 D WifiStateMachine:  ConnectedState !RSSI_PKTCNT_FETCH uid=1000 rt=402839655/1063237883 0 0 "ourhome" f4:6d:2f:12:cc:88 rssi=-41 f=5240 sc=60 link=433 tx=5.0, 0.1, 0.0  rx=6.4 bcn=58126 [on:0 tx:0 rx:0 period:1000] from screen [on:147871 period:1017483] score=60
10-15 22:14:10.513  3957  4129 D WifiStateMachine:  L2ConnectedState !RSSI_PKTCNT_FETCH uid=1000 rt=402839659/1063237887 0 0 "ourhome" f4:6d:2f:12:cc:88 rssi=-41 f=5240 sc=60 link=433 tx=5.0, 0.1, 0.0  rx=6.4 bcn=58126 [on:0 tx:0 rx:0 period:5] from screen [on:147871 period:1017488] score=60
10-15 22:14:10.519  3957  4129 D WifiStateMachine: fetchRssiLinkSpeedAndFrequencyNative rssi=-40 linkspeed=433 freq=5240
10-15 22:14:10.585 29837 30114 I BatteryMgr:DataCollectionService: stats => 1697400850585,-287,4250,-161,0,100
10-15 22:14:10.699 29837 30114 I BatteryMgr:DataCollectionService: stats => 1697400850699,-287,4250,-161,0,100
10-15 22:14:10.812 29837 30114 I BatteryMgr:DataCollectionService: stats => 1697400850812,-287,4250,-161,0,100
10-15 22:14:10.879  3957  4128 D WifiService: getConnectionInfo uid=1000
