--------- beginning of main
10-15 21:52:44.479 12416 12416 E adbd    : recv: OPEN 000007f3 00000000 0042:73 68 65 6C 6C 2C 76 32 2C 54 45 52 4D 3D 78 74 65 72 6D 2D 32 35 36 63 6F 6C 6F 72 2C 72 61 77 3A 67 65 74 70 72 6F 70 20 72 6F 2E 62 75 69 6C 64 2E 76 65 72 73 69 6F 6E 2E 72 65 6C 65 61 73 65 00 
10-15 21:52:44.480 12416 12416 E adbd    : service_to_fd: shell,v2,TERM=xterm-256color,raw:getprop ro.build.version.release
10-15 21:52:44.521 19438 19556 D ScanRecord: Not a Multi Manu data
10-15 21:52:44.533 19438 19556 I chatty  : uid=1002(bluetooth) BT Service Call identical 50 lines
10-15 21:52:44.533 19438 19556 D ScanRecord: Not a Multi Manu data
10-15 21:52:44.534 12416 12416 E adbd    : recv: OPEN 000007f7 00000000 003e:73 68 65 6C 6C 2C 76 32 2C 54 45 52 4D 3D 78 74 65 72 6D 2D 32 35 36 63 6F 6C 6F 72 2C 72 61 77 3A 67 65 74 70 72 6F 70 20 72 6F 2E 62 75 69 6C 64 2E 76 65 72 73 69 6F 6E 2E 73 64 6B 00 
10-15 21:52:44.534 12416 12416 E adbd    : service_to_fd: shell,v2,TERM=xterm-256color,raw:getprop ro.build.version.sdk
10-15 21:52:44.538 19438 19556 D ScanRecord: Not a Multi Manu data
10-15 21:52:44.593 19438 19556 I chatty  : uid=1002(bluetooth) BT Service Call identical 102 lines
10-15 21:52:44.593 19438 19556 D ScanRecord: Not a Multi Manu data
10-15 21:52:44.612 12416 12416 E adbd    : recv: OPEN 000007fb 00000000 00c4:73 68 65 6C 6C 2C 76 32 2C 54 45 52 4D 3D 78 74 65 72 6D 2D 32 35 36 63 6F 6C 6F 72 2C 72 61 77 3A 61 6D 20 73 74 61 72 74 20 2D 6E 20 22 63 6F 6D 2E 65 78 61 6D 70 6C 65 2E 62 61 74 74 65 72 79 6D 61 6E 61 67 65 72 5F 75 74 69 6C 69 74 79 2F 63 6F 6D 2E 65 78 61 6D 70 6C 65 2E 62 61 74 74 65 72 79 6D 61 6E 61 67 65 72 5F 75 74 69 6C 69 74 79 2E 4D 61 69 6E 41 63 74 69 76 69 74 79 22 20 2D 61 20 61 6E 64 72 6F 69 64 2E 69 6E 74 65 6E 74 2E 61 63 74 69 6F 6E 2E 4D 41 49 4E 20 2D 63 20 61 6E 64 72 6F 69 64 2E 69 6E 74 65 6E 74 2E 63 61 74 65 67 6F 72 79 2E 4C 41 55 4E 43 48 45 52 00 
10-15 21:52:44.612 12416 12416 E adbd    : service_to_fd: shell,v2,TERM=xterm-256color,raw:am start -n "com.example.batterymanager_utility/com.example.batterymanager_utility.MainActivity" -a android.intent.action.MAIN -c android.intent.category.LAUNCHER
10-15 21:52:44.642 19438 19556 D ScanRecord: Not a Multi Manu data
10-15 21:52:44.716 19438 19556 I chatty  : uid=1002(bluetooth) BT Service Call identical 167 lines
10-15 21:52:44.716 19438 19556 D ScanRecord: Not a Multi Manu data
10-15 21:52:44.718  3957  4129 D WifiStateMachine:  ConnectedState !RSSI_PKTCNT_FETCH uid=1000 rt=401553868/1061952096 0 0 "ourhome" f4:6d:2f:12:cc:88 rssi=-43 f=5240 sc=60 link=433 tx=0.0, 0.0, 0.0  rx=5.9 bcn=46338 [on:0 tx:0 rx:0 period:997] from screen [on:-2993351 period:5119568] score=60
10-15 21:52:44.720  3957  4129 D WifiStateMachine:  L2ConnectedState !RSSI_PKTCNT_FETCH uid=1000 rt=401553870/1061952097 0 0 "ourhome" f4:6d:2f:12:cc:88 rssi=-43 f=5240 sc=60 link=433 tx=0.0, 0.0, 0.0  rx=5.9 bcn=46338 [on:0 tx:0 rx:0 period:2] from screen [on:-2993351 period:5119570] score=60
10-15 21:52:44.721  3957  4129 D WifiStateMachine: fetchRssiLinkSpeedAndFrequencyNative rssi=-42 linkspeed=433 freq=5240
10-15 21:52:44.728 19438 19556 D ScanRecord: Not a Multi Manu data
--------- beginning of system
10-15 21:52:44.741  3957  3967 I ActivityManager: START u0 {act=android.intent.action.MAIN typ=null flg=0x10000000 cmp=ComponentInfo{com.example.batterymanager_utility/com.example.batterymanager_utility.MainActivity}} from uid 2000
10-15 21:52:44.744  3957  3967 D CustomFrequencyManagerService: acquireDVFSLockLocked : type : DVFS_MIN_LIMIT  frequency : 1560000  uid : 1000  pid : 3957  pkgName : AMS_APP_SWITCH@CPU_MIN@52
10-15 21:52:44.747 19438 19556 I chatty  : uid=1002(bluetooth) BT Service Call identical 76 lines
10-15 21:52:44.747 19438 19556 D ScanRecord: Not a Multi Manu data
10-15 21:52:44.748  3957  3967 D ActivityManagerPerformance: AMP_acquire() APP_SWITCH
10-15 21:52:44.748  3957  5022 D ActivityManagerPerformance: Received MSG_CFMS_HINT_AMS_SWITCH pkgName: com.example.batterymanager_utility
10-15 21:52:44.749  3957  6478 D TelephonyManager: getAllCellInfo : Caller (PID / UID / TID): 3957 / 1000 / 6478
10-15 21:52:44.752 14518 14518 V Launcher: Launcher.onPause()
10-15 21:52:44.753 14518 14518 D Launcher: setHotWordDetection : call requestHotWordDetection false
10-15 21:52:44.755  3957  3957 D MdnieScenarioControlService: Listener Real Multi Window State : false
10-15 21:52:44.760 19438 19556 D ScanRecord: Not a Multi Manu data
10-15 21:52:44.760 19438 19556 I chatty  : uid=1002(bluetooth) BT Service Call identical 11 lines
10-15 21:52:44.760 19438 19556 D ScanRecord: Not a Multi Manu data
10-15 21:52:44.762  3957  4622 D ActivityManager: isScaleDownAnimationEnabled() : false
10-15 21:52:44.763 14987 14987 I GsaVoiceInteractionSrv: Handling ACTION_STOP_HOTWORD
10-15 21:52:44.763  4340  4731 D NetworkController.MobileSignalController(0/-2): onSignalStrengthsChanged signalStrength=SignalStrength: 27 99 -27 -200 -27 -200 -1 99 2147483647 2147483647 2147483647 2147483647 0 2147483647 0x4 P gsm|lte level=4
10-15 21:52:44.763  4340  4731 D NetworkController.MobileSignalController(0/-2): getMobileIconGroup(): 0
10-15 21:52:44.767 19438 19556 D ScanRecord: Not a Multi Manu data
10-15 21:52:44.769  3957  4622 D StorageManagerService: getExternalStorageMountMode : 1
10-15 21:52:44.769  3957  4622 D StorageManagerService: getExternalStorageMountMode : 3
10-15 21:52:44.770  3957  4622 D StorageManagerService: getExternalStorageMountMode : final mountMode=1, uid : 10170, packageName : com.example.batterymanager_utility
10-15 21:52:44.772 19438 19556 I chatty  : uid=1002(bluetooth) BT Service Call identical 24 lines
10-15 21:52:44.772 19438 19556 D ScanRecord: Not a Multi Manu data
10-15 21:52:44.773  3957  4622 I ApplicationPolicy: isApplicationExternalStorageWhitelisted:com.example.batterymanager_utility user:0
10-15 21:52:44.775  3957  4622 D ApplicationPolicy: isApplicationExternalStorageWhitelisted: DO is not enabled on user 0. Allowed.
10-15 21:52:44.775  3957  4622 D ActivityManager: package  com.example.batterymanager_utility, user - 0 is SDcard whitelisted
10-15 21:52:44.775  3957  4622 I ApplicationPolicy: isApplicationExternalStorageBlacklisted:com.example.batterymanager_utility user:0
10-15 21:52:44.775  3957  4622 D ApplicationPolicy: isApplicationExternalStorageBlacklisted: DO is not enabled on user 0. Allowed.
10-15 21:52:44.776 19438 19556 D ScanRecord: Not a Multi Manu data
10-15 21:52:44.786 19438 19556 I chatty  : uid=1002(bluetooth) BT Service Call identical 37 lines
10-15 21:52:44.786 19438 19556 D ScanRecord: Not a Multi Manu data
10-15 21:52:44.787  3957  4025 D ViewRootImpl@7bc44b3[batterymanager_utility]: setView = DecorView@adf1e9[batterymanager_utility] TM=true MM=false
10-15 21:52:44.790  3957  4025 D ViewRootImpl@7bc44b3[batterymanager_utility]: dispatchAttachedToWindow
10-15 21:52:44.791  3957  4025 V WindowManager: Relayout Window{d89fa70 u0 Splash Screen com.example.batterymanager_utility}: viewVisibility=0 req=719x1237 WM.LayoutParams{(0,0)(fillxfill) sim=#20 ty=3 fl=#81830118 pfl=0x20011 wanim=0x10302fd vsysui=0x600 needsMenuKey=2 colorMode=0 naviIconColor=0}
10-15 21:52:44.792 19438 19556 D ScanRecord: Not a Multi Manu data
10-15 21:52:44.793 19438 19556 I chatty  : uid=1002(bluetooth) BT Service Call identical 11 lines
10-15 21:52:44.793 19438 19556 D ScanRecord: Not a Multi Manu data
10-15 21:52:44.794  3957  4622 I ActivityManager: Start proc 27739:com.example.batterymanager_utility/u0a170 for activity com.example.batterymanager_utility/.MainActivity
10-15 21:52:44.794  3447  3447 I SurfaceFlinger: id=1695 createSurf (720x1280),1 flag=404, Splash Screen com.example.batterymanager_utility#0
10-15 21:52:44.794 27739 27739 E Zygote  : isWhitelistProcess - Process is Whitelisted
10-15 21:52:44.794 27739 27739 E libpersona: scanKnoxPersonas
10-15 21:52:44.795 27739 27739 E libpersona: Couldn't open the File - /data/system/users/0/personalist.xml - No such file or directory
10-15 21:52:44.795  3957  4025 V Surface : sf_framedrop debug : 0x4f4c, game : false, logging : 0
10-15 21:52:44.796 14987 15125 I HwDetectorWithState: (REDACTED) a: %d
10-15 21:52:44.797  3957  4025 D ViewRootImpl@7bc44b3[batterymanager_utility]: Relayout returned: old=[0,0][0,0] new=[0,0][720,1280] result=0x7 surface={valid=true 501217845248} changed=true
10-15 21:52:44.800 19438 19556 D ScanRecord: Not a Multi Manu data
10-15 21:52:44.800 19438 19556 I chatty  : uid=1002(bluetooth) BT Service Call identical 11 lines
10-15 21:52:44.800 19438 19556 D ScanRecord: Not a Multi Manu data
10-15 21:52:44.801 27739 27739 W SELinux : SELinux selinux_android_compute_policy_index : Policy Index[2],  Con:u:r:zygote:s0 RAM:SEPF_SM-J720F_8.0.0_0002, [-1 -1 -1 -1 0 1]
10-15 21:52:44.801 19438 19556 D ScanRecord: Not a Multi Manu data
10-15 21:52:44.803 19438 19556 I chatty  : uid=1002(bluetooth) BT Service Call identical 37 lines
10-15 21:52:44.803 19438 19556 D ScanRecord: Not a Multi Manu data
10-15 21:52:44.804 27739 27739 I SELinux : SELinux: seapp_context_lookup: seinfo=untrusted, level=s0:c512,c768, pkgname=com.example.batterymanager_utility 
10-15 21:52:44.806 19438 19556 D ScanRecord: Not a Multi Manu data
10-15 21:52:44.807 19438 19556 I chatty  : uid=1002(bluetooth) BT Service Call identical 11 lines
10-15 21:52:44.807 19438 19556 D ScanRecord: Not a Multi Manu data
10-15 21:52:44.808 27739 27739 I zygote64: Late-enabling -Xcheck:jni
10-15 21:52:44.808 19438 19556 D ScanRecord: Not a Multi Manu data
10-15 21:52:44.812 19438 19556 I chatty  : uid=1002(bluetooth) BT Service Call identical 24 lines
10-15 21:52:44.812 19438 19556 D ScanRecord: Not a Multi Manu data
10-15 21:52:44.812  3957  6478 D WifiService: getConnectionInfo uid=1000
10-15 21:52:44.815 19438 19556 D ScanRecord: Not a Multi Manu data
10-15 21:52:44.816  3957  4025 V WindowManager: finishDrawingLocked: mDrawState=COMMIT_DRAW_PENDING Window{d89fa70 u0 Splash Screen com.example.batterymanager_utility} in Surface(name=Splash Screen com.example.batterymanager_utility)
10-15 21:52:44.817 19438 19556 I chatty  : uid=1002(bluetooth) BT Service Call identical 24 lines
10-15 21:52:44.817 19438 19556 D ScanRecord: Not a Multi Manu data
10-15 21:52:44.819  4340  4340 D WallpaperService: updateSurface forceRelayout=true redrawNeeded=false myWidth=1280 myHeight=1280 fixedSize=true x = 0 y = 0 mWidth=1280 mHeight=1280 mIsSleepMode=false
10-15 21:52:44.821  3957 12585 V WindowManager: Relayout Window{b8b4ba7 u0 com.android.systemui.ImageWallpaper}: viewVisibility=0 req=1280x1280 WM.LayoutParams{(0,0)(1280x1280) gr=#800033 ty=2013 fl=#10318 fmt=2 wanim=0x103030e colorMode=0 naviIconColor=0}
10-15 21:52:44.821 19438 19556 D ScanRecord: Not a Multi Manu data
10-15 21:52:44.821  3957 12585 V WindowManager: rotationForOrientationLw(orient=-1, last=0); user=0  sensorRotation=-1 mLidState=-1 mDockMode=0 mHdmiPlugged=false
10-15 21:52:44.824 19438 19556 I chatty  : uid=1002(bluetooth) BT Service Call identical 24 lines
10-15 21:52:44.824 19438 19556 D ScanRecord: Not a Multi Manu data
10-15 21:52:44.826  4340  4340 D ImageWallpaper: onOffsetsChanged: xOffset=0.0, yOffset=0.0, xOffsetStep=0.0, yOffsetStep=0.0, xPixels=0, yPixels=0
10-15 21:52:44.826  4340  4340 D ImageWallpaper: newRotation : 0,mLastRotation : 0
10-15 21:52:44.826  4340  4340 D ImageWallpaper: drawFrame:[frame.width()]1280[frame.height()]1280
10-15 21:52:44.826  4340  4340 D ImageWallpaper: surfaceDimensionsChanged=false mDisplayWidth=720 mDisplayHeight=1280
10-15 21:52:44.826  4340  4340 D ImageWallpaper: redrawNeeded = false, mOffsetsChanged = false
10-15 21:52:44.826  4340  4340 D ImageWallpaper: Suppressed drawFrame since redraw is not needed and offsets have not changed.
10-15 21:52:44.840 19438 19556 D ScanRecord: Not a Multi Manu data
10-15 21:52:44.880 19438 19556 I chatty  : uid=1002(bluetooth) BT Service Call identical 102 lines
10-15 21:52:44.880 19438 19556 D ScanRecord: Not a Multi Manu data
10-15 21:52:44.881 27739 27739 D TimaKeyStoreProvider: TimaKeyStore is not enabled: cannot add TimaSignature Service and generateKeyPair Service
10-15 21:52:44.883 27739 27739 D ActivityThread: Added TimaKeyStore provider
10-15 21:52:44.883 19438 19556 D ScanRecord: Not a Multi Manu data
10-15 21:52:44.887 19438 19556 I chatty  : uid=1002(bluetooth) BT Service Call identical 37 lines
10-15 21:52:44.887 19438 19556 D ScanRecord: Not a Multi Manu data
10-15 21:52:44.891  3957 12585 I ActivityManager: DSS on for com.example.batterymanager_utility and scale is 1.0
10-15 21:52:44.902  3957 12585 D PersonaManagerService: Current focused persona service handled id set to : 0
10-15 21:52:44.902  3957 12585 D InputDispatcher: Focused application set to: xxxx
10-15 21:52:44.903  3957 12585 D InputDispatcher: Focus left window: 14518
10-15 21:52:44.904 19438 19556 D ScanRecord: Not a Multi Manu data
10-15 21:52:44.904  3957  4220 D GameManagerService: handleForegroundChange(). pkgName: com.example.batterymanager_utility, clsName: com.example.batterymanager_utility.MainActivity,FgActivityName:com.example.batterymanager_utility/.MainActivity
10-15 21:52:44.904  3957 12585 D MARsPolicyManager: onPackageResumedFG pkgName = com.example.batterymanager_utility, userId = 0
10-15 21:52:44.904  3957  4220 D GameManagerService: sem_perfomance_mode: 3
10-15 21:52:44.905  3957  4220 D GameManagerService: notifyResumePause(). pkg: com.example.batterymanager_utility, type: 4, isMinimized: false, isTunableApp: false
10-15 21:52:44.905  3957  4220 D GameManagerService:   notifyResumePause(). unexpected mPrevNotiType: -1
10-15 21:52:44.906  3957 12585 D SamsungAnimationCreator: createAnimation type:LowEnd transit:12 enter:false wallpaperXoffset:-280 split:false fixedOri:false
10-15 21:52:44.906  3957 12585 D SamsungAnimationCreator: createAnimation displayFrame:Rect(0, 0 - 720, 1280) frame:null insets:null
10-15 21:52:44.913  3957  6478 D GamePkgDataHelper: getGamePkgDataIncServer(). com.example.batterymanager_utility
10-15 21:52:44.914  3957  6478 D GameManagerService: identifyGamePackage. com.example.batterymanager_utility
10-15 21:52:44.914  3957  6478 D GamePkgDataHelper: getGamePkgData(). com.example.batterymanager_utility
10-15 21:52:44.915  3957  6478 D GameManagerService: identifyGamePackage. com.example.batterymanager_utility
10-15 21:52:44.915  3957  6478 D GamePkgDataHelper: getGamePkgData(). com.example.batterymanager_utility
10-15 21:52:44.915  3957  6478 D GamePkgDataHelper: getSosPolicy(). com.example.batterymanager_utility
10-15 21:52:44.917  3957  6478 D GameManagerService: identifyGamePackage. com.example.batterymanager_utility
10-15 21:52:44.917  3957  6478 D GamePkgDataHelper: getGamePkgData(). com.example.batterymanager_utility
10-15 21:52:44.919 19438 19556 I chatty  : uid=1002(bluetooth) BT Service Call identical 63 lines
10-15 21:52:44.919 19438 19556 D ScanRecord: Not a Multi Manu data
10-15 21:52:44.919  3957  3973 D WindowManager: set systemUiVisibility : systemUiFlags= 0x608 fullscreenStackSysUiFlags= 0x0
10-15 21:52:44.920  3957 12585 D WindowManager: adjustSystemUiVisibilityLw : vis= 0x608
10-15 21:52:44.920  3957  6478 D GameManagerService: identifyGamePackage. com.example.batterymanager_utility
10-15 21:52:44.920  3957  6478 D GamePkgDataHelper: getGamePkgData(). com.example.batterymanager_utility
10-15 21:52:44.920  4340 29993 D SystemServicesProxy: updateOverviewLastStackActiveTimeAsync: newTime=1697399123335
10-15 21:52:44.921  3957  4622 D SecContentProvider: query(), uri = 17 selection = isSettingsChangesAllowed
10-15 21:52:44.922  3957  4622 D SecContentProvider: called from android.uid.systemui:10009
10-15 21:52:44.922  4340  4692 D SystemServicesProxy: updateOverviewLastStackActiveTimeAsync: done.
10-15 21:52:44.922 19438 19556 D ScanRecord: Not a Multi Manu data
10-15 21:52:44.922 19438 19556 I chatty  : uid=1002(bluetooth) BT Service Call identical 11 lines
10-15 21:52:44.922 19438 19556 D ScanRecord: Not a Multi Manu data
10-15 21:52:44.924 14518 14518 I Launcher: onWindowVisibilityChanged : false
10-15 21:52:44.929 19438 19556 D ScanRecord: Not a Multi Manu data
10-15 21:52:44.929 19438 19556 I chatty  : uid=1002(bluetooth) BT Service Call identical 11 lines
10-15 21:52:44.929 19438 19556 D ScanRecord: Not a Multi Manu data
10-15 21:52:44.929 14518 14717 D OpenGLRenderer: eglDestroySurface = 0x74d30f4840
10-15 21:52:44.930  3957 12585 V WindowManager: Relayout Window{b4540d2 u0 com.sec.android.app.launcher/com.sec.android.app.launcher.activities.LauncherActivity}: viewVisibility=8 req=720x1280 WM.LayoutParams{(0,0)(fillxfill) sim=#130 ty=1 fl=#81910d00 pfl=0x20000 fmt=-2 wanim=0x10302ea vsysui=0x700 needsMenuKey=2 colorMode=0 naviIconColor=0}
10-15 21:52:44.933 14518 14518 D ViewRootImpl@1dfca54[LauncherActivity]: Relayout returned: old=[0,0][720,1280] new=[0,0][720,1280] result=0x5 surface={valid=false 0} changed=true
10-15 21:52:44.934 14518 14518 D ViewRootImpl@1dfca54[LauncherActivity]: MSG_WINDOW_FOCUS_CHANGED 0
10-15 21:52:44.934 19438 19556 D ScanRecord: Not a Multi Manu data
10-15 21:52:44.935 19438 19556 I chatty  : uid=1002(bluetooth) BT Service Call identical 24 lines
10-15 21:52:44.935 19438 19556 D ScanRecord: Not a Multi Manu data
10-15 21:52:44.945 27739 27739 I zygote64: no shared libraies, dex_files: 1
10-15 21:52:44.946 19438 19556 D ScanRecord: Not a Multi Manu data
10-15 21:52:44.982 19438 19556 I chatty  : uid=1002(bluetooth) BT Service Call identical 128 lines
10-15 21:52:44.982 19438 19556 D ScanRecord: Not a Multi Manu data
10-15 21:52:44.992 27739 27739 I BatteryMgr:App: creating notification channel
10-15 21:52:44.994  3447  3447 I SurfaceFlinger: Display 0 HWC layers:
10-15 21:52:44.994  3447  3447 I SurfaceFlinger:     type    |    handle    | flag |  format   |   source crop (l,t,r,b)    |         frame       | name 
10-15 21:52:44.994  3447  3447 I SurfaceFlinger: ------------+--------------+------+-----------+----------------------------+---------------------+------
10-15 21:52:44.994  3447  3447 I SurfaceFlinger:      Device | 0x7e9ec22c80 | 0002 | RGBx_8888 | 280.0    0.0 1000.0 1280.0 |    0    0  720 1280 | com.android.systemui.ImageWallpaper#0
10-15 21:52:44.994  3447  3447 I SurfaceFlinger:      Device | 0x7ea5024480 | 0000 | RGBA_8888 |  21.0   37.0  700.0 1244.0 |    0    0  720 1280 | com.sec.android.app.launcher/com.sec[...]uncher.activities.LauncherActivity#0
10-15 21:52:44.994  3447  3447 I SurfaceFlinger:      Device | 0x7ea5024840 | 0002 | RGBA_8888 |   0.0    0.0  720.0 1280.0 |  133  236  588 1044 | Splash Screen com.example.batterymanager_utility#0
10-15 21:52:44.994  3447  3447 I SurfaceFlinger:      Device | 0x7ea5024cc0 | 0000 | RGBA_8888 |   0.0    0.0  720.0   42.0 |    0    0  720   42 | StatusBar#0
10-15 21:52:44.994  3447  3447 I SurfaceFlinger: 
10-15 21:52:45.007 19438 19556 D ScanRecord: Not a Multi Manu data
10-15 21:52:45.009 19438 19556 I chatty  : uid=1002(bluetooth) BT Service Call identical 24 lines
10-15 21:52:45.009 19438 19556 D ScanRecord: Not a Multi Manu data
10-15 21:52:45.045  3957  4089 D MdnieScenarioControlService:  packageName : com.example.batterymanager_utility    className : com.example.batterymanager_utility.MainActivity
10-15 21:52:45.045  3957  4089 V MdnieScenarioControlService: setUIMode from UI function(3)
10-15 21:52:45.095 27739 27755 D OpenGLRenderer: HWUI GL Pipeline
10-15 21:52:45.102 27739 27739 D ViewRootImpl@4470b6[MainActivity]: setView = DecorView@a3fa1b7[MainActivity] TM=true MM=false
10-15 21:52:45.103  3957  4622 D ActivityManager: post active user change for 0 fullscreen true isHomeActivity() false
10-15 21:52:45.226 27739 27739 W zygote64: Class androidx.compose.runtime.snapshots.SnapshotStateList failed lock verification and will run slower.
10-15 21:52:45.226 27739 27739 W zygote64: Common causes for lock verification issues are non-optimized dex code
10-15 21:52:45.226 27739 27739 W zygote64: and incorrect proguard optimizations.
10-15 21:52:45.334 27739 27739 D ViewRootImpl@4470b6[MainActivity]: dispatchAttachedToWindow
10-15 21:52:45.346  3447  3447 I SurfaceFlinger: Display 0 HWC layers:
10-15 21:52:45.346  3447  3447 I SurfaceFlinger:     type    |    handle    | flag |  format   |   source crop (l,t,r,b)    |         frame       | name 
10-15 21:52:45.346  3447  3447 I SurfaceFlinger: ------------+--------------+------+-----------+----------------------------+---------------------+------
10-15 21:52:45.346  3447  3447 I SurfaceFlinger:      Device | 0x7ea5024840 | 0002 | RGBA_8888 |   0.0    0.0  720.0 1280.0 |    0    0  720 1280 | Splash Screen com.example.batterymanager_utility#0
10-15 21:52:45.346  3447  3447 I SurfaceFlinger:      Device | 0x7ea5024cc0 | 0000 | RGBA_8888 |   0.0    0.0  720.0   42.0 |    0    0  720   42 | StatusBar#0
10-15 21:52:45.346  3447  3447 I SurfaceFlinger: 
10-15 21:52:45.358  3957  4025 I WindowManager: Destroying surface Surface(name=com.sec.android.app.launcher/com.sec.android.app.launcher.activities.LauncherActivity) called by com.android.server.wm.WindowStateAnimator.destroySurface:2501 com.android.server.wm.WindowStateAnimator.destroySurfaceLocked:985 com.android.server.wm.WindowState.destroyOrSaveSurfaceUnchecked:3670 com.android.server.wm.WindowState.destroySurface:3618 com.android.server.wm.AppWindowToken.destroySurfaces:722 com.android.server.wm.AppWindowToken.destroySurfaces:706 com.android.server.wm.WindowState.onExitAnimationDone:5316 com.android.server.wm.AppWindowAnimator.stepAnimationLocked:508 
10-15 21:52:45.359  3447  4088 I SurfaceFlinger: id=1694 Removed com.sec.android.app.launcher/com.sec.android.app.launcher.activities.LauncherActivity#0 (1/5)
10-15 21:52:45.362  3447  4088 I SurfaceFlinger: id=1694 Removed com.sec.android.app.launcher/com.sec.android.app.launcher.activities.LauncherActivity#0 (-2/5)
10-15 21:52:45.364  4340 16318 D WallpaperService: dispatchAppVisibility onVisibilityChanged(): false
10-15 21:52:45.365  4340  4340 D ImageWallpaper: onVisibilityChanged: mVisible, visible=true, false
10-15 21:52:45.365  4340  4340 D ImageWallpaper: Visibility changed to visible=false
10-15 21:52:45.365  4340  4340 D WallpaperService: reportVisibility onVisibilityChanged visible: false
10-15 21:52:45.369  3957  4128 D WifiService: getConnectionInfo uid=1000
10-15 21:52:45.374  3447  3447 I Layer   : id=1694 onRemoved com.sec.android.app.launcher/com.sec.android.app.launcher.activities.LauncherActivity#0 
10-15 21:52:45.388  3957  4622 V WindowManager: Relayout Window{45ab434 u0 com.example.batterymanager_utility/com.example.batterymanager_utility.MainActivity}: viewVisibility=0 req=719x1237 WM.LayoutParams{(0,0)(fillxfill) sim=#120 ty=1 fl=#81810100 pfl=0x20000 wanim=0x10302fd vsysui=0x600 needsMenuKey=2 colorMode=0 naviIconColor=0}
10-15 21:52:45.389  3447  3447 I SurfaceFlinger: id=1696 createSurf (720x1280),1 flag=404, com.example.batterymanager_utility/com.example.batterymanager_utility.MainActivity#0
10-15 21:52:45.390  3957  4622 V Surface : sf_framedrop debug : 0x4f4c, game : false, logging : 0
10-15 21:52:45.393  3957  4622 D InputDispatcher: Focus entered window: 27739
10-15 21:52:45.395 27739 27739 V Surface : sf_framedrop debug : 0x4f4c, game : false, logging : 0
10-15 21:52:45.397 27739 27739 D ViewRootImpl@4470b6[MainActivity]: Relayout returned: old=[0,0][0,0] new=[0,0][720,1280] result=0x7 surface={valid=true 502084968448} changed=true
10-15 21:52:45.403 27739 27755 I OpenGLRenderer: Initialized EGL, version 1.4
10-15 21:52:45.403 27739 27755 D OpenGLRenderer: Swap behavior 2
10-15 21:52:45.408 27739 27755 D libGLESv1: STS_GLApi : DTS, ODTC are not allowed for Package : com.example.batterymanager_utility
10-15 21:52:45.410 27739 27755 D mali_winsys: EGLint new_window_surface(egl_winsys_display *, void *, EGLSurface, EGLConfig, egl_winsys_surface **, egl_color_buffer_format *, EGLBoolean) returns 0x3000,  [720x1280]-format:1
10-15 21:52:45.410 27739 27755 D OpenGLRenderer: eglCreateWindowSurface = 0x74e8ff0880
10-15 21:52:45.415 27739 27739 D Compose Focus: Owner FocusChanged(true)
10-15 21:52:45.502  3957 12585 V WindowManager: finishDrawingLocked: mDrawState=COMMIT_DRAW_PENDING Window{45ab434 u0 com.example.batterymanager_utility/com.example.batterymanager_utility.MainActivity} in Surface(name=com.example.batterymanager_utility/com.example.batterymanager_utility.MainActivity)
10-15 21:52:45.504 27739 27739 D ViewRootImpl@4470b6[MainActivity]: MSG_RESIZED_REPORT: frame=Rect(0, 0 - 720, 1280) ci=Rect(0, 42 - 0, 0) vi=Rect(0, 42 - 0, 0) or=1
10-15 21:52:45.505 27739 27739 D ViewRootImpl@4470b6[MainActivity]: MSG_WINDOW_FOCUS_CHANGED 1
10-15 21:52:45.507  3957  4025 D ViewRootImpl@7bc44b3[batterymanager_utility]: dispatchDetachedFromWindow
10-15 21:52:45.508  3957  4025 D InputEventReceiver: channel 'd89fa70 Splash Screen com.example.batterymanager_utility (client)' ~ Disposing input event receiver.
10-15 21:52:45.508  3957  4025 D InputEventReceiver: channel 'd89fa70 Splash Screen com.example.batterymanager_utility (client)' ~NativeInputEventReceiver.
10-15 21:52:45.512  3957  3981 I ActivityManager: Displayed com.example.batterymanager_utility/.MainActivity: +744ms
10-15 21:52:45.513 27739 27739 V InputMethodManager: Starting input: tba=android.view.inputmethod.EditorInfo@83e742a nm : com.example.batterymanager_utility ic=null
10-15 21:52:45.513  3957  3981 D CustomFrequencyManagerService: acquireDVFSLockLocked : type : DVFS_MIN_LIMIT  frequency : 1560000  uid : 1000  pid : 3957  pkgName : AMS_RESUME_TAIL@CPU_MIN@58
10-15 21:52:45.513  3957  3981 D ActivityManagerPerformance: AMP_acquire() TAIL
10-15 21:52:45.514  3957  3981 D CustomFrequencyManagerService: releaseDVFSLockLocked : Getting Lock type frm List : DVFS_MIN_LIMIT  frequency : 1560000  uid : 1000  pid : 3957  tag : AMS_APP_SWITCH@CPU_MIN@52
10-15 21:52:45.514  3957  3981 D ActivityManagerPerformance: AMP_release() APP_SWITCH
10-15 21:52:45.514 27739 27739 I InputMethodManager: startInputInner - mService.startInputOrWindowGainedFocus
10-15 21:52:45.514  3957 12585 D InputMethodManagerService: startInputOrWindowGainedFocus : windowGainedFocus 
10-15 21:52:45.515  3957 12585 D InputMethodManagerService: windowGainedFocus: destinationUserId (getCallingUid) = 0
10-15 21:52:45.515  3957 12585 D InputMethodManagerService: windowGainedFocus: currentUserId=0
10-15 21:52:45.515  3957 12585 D InputMethodManagerService: windowGainedFocus: mCurrentFocusedUserId=0
10-15 21:52:45.515  3957 12585 D InputMethodManagerService: windowGainedFocus : lock - currentUserId = 0 destinationUserId = 0
10-15 21:52:45.515  3957 12585 D InputMethodManagerService: windowGainedFocus : mCurrentFocusedUserId - 0 and mSecureKeypadEnabled - false, userSwitched - false
10-15 21:52:45.515  3957 12585 V InputMethodManagerService: windowGainedFocus : reason=WINDOW_FOCUS_GAIN client=android.os.BinderProxy@de69d46 inputContext=null missingMethods= attribute=android.view.inputmethod.EditorInfo@108dfa0 nm = com.example.batterymanager_utility controlFlags=#105 softInputMode=#120 windowFlags=#81810100
10-15 21:52:45.516  3957 12585 V InputMethodManagerService: hideCurrentInputLocked : shouldHideSoftInput is false
10-15 21:52:45.517  3957 12585 D InputMethodManagerService: isImeSwitcherDisabledPackage : false
10-15 21:52:45.517  3957 12585 V InputMethodManagerService: Creating new session for client ClientState{aaa2759 uid 10170 pid 27739}
10-15 21:52:45.519  3957 12585 D InputMethodManagerService: setCurrentInputInfo - inputContext : null eidtorInfo : android.view.inputmethod.EditorInfo@108dfa0 missingMethods : 0
10-15 21:52:45.521 19735 19735 I InputMethodWrapper:  call dispatchStartInputWithToken
10-15 21:52:45.521 19735 19735 I InputMethodService: dispatchStartInputWithToken
10-15 21:52:45.521 19735 19735 I SKBD    : SamsungKeypad [IMI] onStartInput - caller pid : 27739, caller uid : 10170
10-15 21:52:45.534 27739 27739 V InputMethodManager: Starting input: tba=android.view.inputmethod.EditorInfo@c78721b nm : com.example.batterymanager_utility ic=null
10-15 21:52:45.540 14518 14518 D StageManager: saved stages : inStack [1] , outStack[2]
10-15 21:52:45.544  3447  3447 I SurfaceFlinger: Display 0 HWC layers:
10-15 21:52:45.544  3447  3447 I SurfaceFlinger:     type    |    handle    | flag |  format   |   source crop (l,t,r,b)    |         frame       | name 
10-15 21:52:45.544  3447  3447 I SurfaceFlinger: ------------+--------------+------+-----------+----------------------------+---------------------+------
10-15 21:52:45.544  3447  3447 I SurfaceFlinger:      Device | 0x7ea5024b40 | 0002 | RGBA_8888 |   0.0    0.0  720.0 1280.0 |    0    0  720 1280 | com.example.batterymanager_utility/c[...]atterymanager_utility.MainActivity#0
10-15 21:52:45.544  3447  3447 I SurfaceFlinger:      Device | 0x7ea5024840 | 0002 | RGBA_8888 |   0.0    0.0  720.0 1280.0 |    0    0  720 1280 | Splash Screen com.example.batterymanager_utility#0
10-15 21:52:45.544  3447  3447 I SurfaceFlinger:      Device | 0x7ea5024cc0 | 0000 | RGBA_8888 |   0.0    0.0  720.0   42.0 |    0    0  720   42 | StatusBar#0
10-15 21:52:45.544  3447  3447 I SurfaceFlinger: 
10-15 21:52:45.629  3957  6478 D SSRM:k  : SIOP:: AP = 320, PST = 349 (W:30), BAT = 297, USB = 0, CHG = 0
10-15 21:52:45.678  3447  3447 I SurfaceFlinger: Display 0 HWC layers:
10-15 21:52:45.678  3447  3447 I SurfaceFlinger:     type    |    handle    | flag |  format   |   source crop (l,t,r,b)    |         frame       | name 
10-15 21:52:45.678  3447  3447 I SurfaceFlinger: ------------+--------------+------+-----------+----------------------------+---------------------+------
10-15 21:52:45.678  3447  3447 I SurfaceFlinger:      Device | 0x7ea5024b40 | 0002 | RGBA_8888 |   0.0    0.0  720.0 1280.0 |    0    0  720 1280 | com.example.batterymanager_utility/c[...]atterymanager_utility.MainActivity#0
10-15 21:52:45.678  3447  3447 I SurfaceFlinger:      Device | 0x7ea5024cc0 | 0000 | RGBA_8888 |   0.0    0.0  720.0   42.0 |    0    0  720   42 | StatusBar#0
10-15 21:52:45.678  3447  3447 I SurfaceFlinger: 
10-15 21:52:45.680  3957  4025 I WindowManager: Destroying surface Surface(name=Splash Screen com.example.batterymanager_utility) called by com.android.server.wm.WindowStateAnimator.destroySurface:2501 com.android.server.wm.WindowStateAnimator.destroySurfaceLocked:985 com.android.server.wm.WindowState.destroyOrSaveSurfaceUnchecked:3670 com.android.server.wm.WindowState.destroySurface:3618 com.android.server.wm.AppWindowToken.destroySurfaces:722 com.android.server.wm.AppWindowToken.destroySurfaces:706 com.android.server.wm.WindowState.onExitAnimationDone:5316 com.android.server.wm.WindowStateAnimator.stepAnimationLocked:550 
10-15 21:52:45.680  3447  3489 I SurfaceFlinger: id=1695 Removed Splash Screen com.example.batterymanager_utility#0 (3/5)
10-15 21:52:45.686  3447  4088 I SurfaceFlinger: id=1695 Removed Splash Screen com.example.batterymanager_utility#0 (-2/5)
10-15 21:52:45.691  3447  3447 I Layer   : id=1695 onRemoved Splash Screen com.example.batterymanager_utility#0 
10-15 21:52:45.693  3957  4089 D MdnieScenarioControlService:  packageName : com.example.batterymanager_utility    className : com.example.batterymanager_utility.MainActivity
10-15 21:52:45.693  3957  4089 V MdnieScenarioControlService: setUIMode from UI function(3)
10-15 21:52:45.719  3957  4129 D WifiStateMachine:  ConnectedState !RSSI_PKTCNT_FETCH uid=1000 rt=401554869/1061953097 0 0 "ourhome" f4:6d:2f:12:cc:88 rssi=-42 f=5240 sc=60 link=433 tx=0.0, 0.0, 0.0  rx=5.9 bcn=46338 [on:0 tx:0 rx:0 period:999] from screen [on:-2993351 period:5120569] score=60
10-15 21:52:45.719  3957  4129 D WifiStateMachine:  L2ConnectedState !RSSI_PKTCNT_FETCH uid=1000 rt=401554870/1061953097 0 0 "ourhome" f4:6d:2f:12:cc:88 rssi=-42 f=5240 sc=60 link=433 tx=0.0, 0.0, 0.0  rx=5.9 bcn=46338 [on:0 tx:0 rx:0 period:0] from screen [on:-2993351 period:5120569] score=60
10-15 21:52:45.724  3957  4129 D WifiStateMachine: fetchRssiLinkSpeedAndFrequencyNative rssi=-41 linkspeed=433 freq=5240
10-15 21:52:46.115  3957  3957 D CustomFrequencyManagerService: releaseDVFSLockLocked : Getting Lock type frm List : DVFS_MIN_LIMIT  frequency : 1560000  uid : 1000  pid : 3957  tag : AMS_RESUME_TAIL@CPU_MIN@58
10-15 21:52:46.372  3957  4128 D WifiService: getConnectionInfo uid=1000
10-15 21:52:46.554  3957  4129 D WifiStateMachine:  ConnectedState !CMD_RSSI_POLL rt=401555702/1061953930 50 0 "ourhome" f4:6d:2f:12:cc:88 rssi=-41 f=5240 sc=60 link=433 tx=0.0, 0.0, 0.0  rx=5.9 bcn=46338 [on:0 tx:0 rx:0 period:834] from screen [on:-2993351 period:5121403] score=60
10-15 21:52:46.556  3957  4129 D WifiStateMachine:  L2ConnectedState !CMD_RSSI_POLL rt=401555705/1061953933 50 0 "ourhome" f4:6d:2f:12:cc:88 rssi=-41 f=5240 sc=60 link=433 tx=0.0, 0.0, 0.0  rx=5.9 bcn=46338 [on:0 tx:0 rx:0 period:3] from screen [on:-2993351 period:5121406] score=60
10-15 21:52:46.556  3957  4129 D WifiStateMachine:  get link layer stats 3
10-15 21:52:46.558  3436  3436 I android.hardware.wifi@1.0-service: getLinkLayerStats
10-15 21:52:46.573  3957  4129 D WifiStateMachine: fetchRssiLinkSpeedAndFrequencyNative rssi=-41 linkspeed=433 freq=5240
10-15 21:52:46.579  4340  4340 E SignalClusterView: setSlotFocusVisible : subId -2
10-15 21:52:46.580  4340  4340 E SignalClusterView: setSlotFocusVisible : subId -2
10-15 21:52:46.722  3957  4129 D WifiStateMachine:  ConnectedState !RSSI_PKTCNT_FETCH uid=1000 rt=401555870/1061954098 0 0 "ourhome" f4:6d:2f:12:cc:88 rssi=-41 f=5240 sc=60 link=433 tx=0.0, 0.0, 0.0  rx=4.1 bcn=46367 [on:0 tx:0 rx:0 period:143] from screen [on:-2993177 period:5121571] score=60
10-15 21:52:46.724  3957  4129 D WifiStateMachine:  L2ConnectedState !RSSI_PKTCNT_FETCH uid=1000 rt=401555873/1061954100 0 0 "ourhome" f4:6d:2f:12:cc:88 rssi=-41 f=5240 sc=60 link=433 tx=0.0, 0.0, 0.0  rx=4.1 bcn=46367 [on:0 tx:0 rx:0 period:3] from screen [on:-2993177 period:5121574] score=60
10-15 21:52:46.732  3957  4129 D WifiStateMachine: fetchRssiLinkSpeedAndFrequencyNative rssi=-41 linkspeed=433 freq=5240
10-15 21:52:46.800  3957  3957 D PreBindingService: handleMessage : 1
10-15 21:52:47.375  3957  4128 D WifiService: getConnectionInfo uid=1000
10-15 21:52:47.678  3957  4030 D SensorService: [SO] 0.086 -0.115 9.969
10-15 21:52:47.724  3957  4129 D WifiStateMachine:  ConnectedState !RSSI_PKTCNT_FETCH uid=1000 rt=401556872/1061955100 0 0 "ourhome" f4:6d:2f:12:cc:88 rssi=-41 f=5240 sc=60 link=433 tx=0.0, 0.0, 0.0  rx=4.1 bcn=46367 [on:0 tx:0 rx:0 period:999] from screen [on:-2993177 period:5122573] score=60
10-15 21:52:47.727  3957  4129 D WifiStateMachine:  L2ConnectedState !RSSI_PKTCNT_FETCH uid=1000 rt=401556875/1061955103 0 0 "ourhome" f4:6d:2f:12:cc:88 rssi=-41 f=5240 sc=60 link=433 tx=0.0, 0.0, 0.0  rx=4.1 bcn=46367 [on:0 tx:0 rx:0 period:3] from screen [on:-2993177 period:5122576] score=60
10-15 21:52:47.734  3957  4129 D WifiStateMachine: fetchRssiLinkSpeedAndFrequencyNative rssi=-42 linkspeed=433 freq=5240
10-15 21:52:48.378  3957  4128 D WifiService: getConnectionInfo uid=1000
10-15 21:52:48.711  4961  4961 D io_stats: !@ 179,0 r 5196471 160740680 w 1281543 27862748 d 100797 31557136 f 298029 314512 iot 2311944 2045896 th 51200 0 0 pt 0 inp 0 0 401557.860
10-15 21:52:48.725  3957  4129 D WifiStateMachine:  ConnectedState !RSSI_PKTCNT_FETCH uid=1000 rt=401557874/1061956101 0 0 "ourhome" f4:6d:2f:12:cc:88 rssi=-42 f=5240 sc=60 link=433 tx=0.0, 0.0, 0.0  rx=4.1 bcn=46367 [on:0 tx:0 rx:0 period:999] from screen [on:-2993177 period:5123575] score=60
10-15 21:52:48.728  3957  4129 D WifiStateMachine:  L2ConnectedState !RSSI_PKTCNT_FETCH uid=1000 rt=401557877/1061956104 0 0 "ourhome" f4:6d:2f:12:cc:88 rssi=-42 f=5240 sc=60 link=433 tx=0.0, 0.0, 0.0  rx=4.1 bcn=46367 [on:0 tx:0 rx:0 period:3] from screen [on:-2993177 period:5123578] score=60
10-15 21:52:48.731  3957  4129 D WifiStateMachine: fetchRssiLinkSpeedAndFrequencyNative rssi=-41 linkspeed=433 freq=5240
10-15 21:52:48.824  3957  6478 D WifiService: getConnectionInfo uid=1000
10-15 21:52:49.380  3957  4128 D WifiService: getConnectionInfo uid=1000
10-15 21:52:49.527 19438 19556 D ScanRecord: Not a Multi Manu data
10-15 21:52:49.576 19438 19556 I chatty  : uid=1002(bluetooth) BT Service Call identical 76 lines
10-15 21:52:49.576 19438 19556 D ScanRecord: Not a Multi Manu data
10-15 21:52:49.579  3957  4129 D WifiStateMachine:  ConnectedState !CMD_RSSI_POLL rt=401558727/1061956954 50 0 "ourhome" f4:6d:2f:12:cc:88 rssi=-41 f=5240 sc=60 link=433 tx=0.0, 0.0, 0.0  rx=4.1 bcn=46367 [on:0 tx:0 rx:0 period:850] from screen [on:-2993177 period:5124428] score=60
10-15 21:52:49.580 19438 19556 D ScanRecord: Not a Multi Manu data
10-15 21:52:49.581 19438 19556 I chatty  : uid=1002(bluetooth) BT Service Call identical 11 lines
10-15 21:52:49.581 19438 19556 D ScanRecord: Not a Multi Manu data
10-15 21:52:49.584  3957  4129 D WifiStateMachine:  L2ConnectedState !CMD_RSSI_POLL rt=401558731/1061956958 50 0 "ourhome" f4:6d:2f:12:cc:88 rssi=-41 f=5240 sc=60 link=433 tx=0.0, 0.0, 0.0  rx=4.1 bcn=46367 [on:0 tx:0 rx:0 period:5] from screen [on:-2993177 period:5124433] score=60
10-15 21:52:49.584  3957  4129 D WifiStateMachine:  get link layer stats 3
10-15 21:52:49.585  3436  3436 I android.hardware.wifi@1.0-service: getLinkLayerStats
10-15 21:52:49.585 19438 19556 D ScanRecord: Not a Multi Manu data
10-15 21:52:49.593 19438 19556 I chatty  : uid=1002(bluetooth) BT Service Call identical 13 lines
10-15 21:52:49.593 19438 19556 D ScanRecord: Not a Multi Manu data
10-15 21:52:49.594  3957  4129 D WifiStateMachine: fetchRssiLinkSpeedAndFrequencyNative rssi=-41 linkspeed=433 freq=5240
10-15 21:52:49.594 19438 19556 D ScanRecord: Not a Multi Manu data
10-15 21:52:49.594 19438 19556 I chatty  : uid=1002(bluetooth) BT Service Call identical 9 lines
10-15 21:52:49.594 19438 19556 D ScanRecord: Not a Multi Manu data
10-15 21:52:49.600  4340  4340 E SignalClusterView: setSlotFocusVisible : subId -2
10-15 21:52:49.600  4340  4340 E SignalClusterView: setSlotFocusVisible : subId -2
10-15 21:52:49.605 19438 19556 D ScanRecord: Not a Multi Manu data
10-15 21:52:49.720 19438 19556 I chatty  : uid=1002(bluetooth) BT Service Call identical 232 lines
10-15 21:52:49.720 19438 19556 D ScanRecord: Not a Multi Manu data
10-15 21:52:49.724  3957  4129 D WifiStateMachine:  ConnectedState !RSSI_PKTCNT_FETCH uid=1000 rt=401558874/1061957101 0 0 "ourhome" f4:6d:2f:12:cc:88 rssi=-41 f=5240 sc=60 link=433 tx=0.6, 0.0, 0.0  rx=3.4 bcn=46395 [on:0 tx:0 rx:0 period:126] from screen [on:-2992641 period:5124574] score=60
10-15 21:52:49.726  3957  4129 D WifiStateMachine:  L2ConnectedState !RSSI_PKTCNT_FETCH uid=1000 rt=401558875/1061957103 0 0 "ourhome" f4:6d:2f:12:cc:88 rssi=-41 f=5240 sc=60 link=433 tx=0.6, 0.0, 0.0  rx=3.4 bcn=46395 [on:0 tx:0 rx:0 period:2] from screen [on:-2992641 period:5124576] score=60
10-15 21:52:49.727  3957  4129 D WifiStateMachine: fetchRssiLinkSpeedAndFrequencyNative rssi=-41 linkspeed=433 freq=5240
10-15 21:52:49.728 19438 19556 D ScanRecord: Not a Multi Manu data
10-15 21:52:49.791 19438 19556 I chatty  : uid=1002(bluetooth) BT Service Call identical 154 lines
10-15 21:52:49.791 19438 19556 D ScanRecord: Not a Multi Manu data
10-15 21:52:49.791 12416 12416 E adbd    : recv: OPEN 000007ff 00000000 003f:73 68 65 6C 6C 2C 76 32 2C 54 45 52 4D 3D 78 74 65 72 6D 2D 32 35 36 63 6F 6C 6F 72 2C 72 61 77 3A 6D 6F 6E 6B 65 79 20 2D 70 20 6F 72 67 2E 6D 6F 7A 69 6C 6C 61 2E 66 65 6E 69 78 20 31 00 
10-15 21:52:49.791 12416 12416 E adbd    : service_to_fd: shell,v2,TERM=xterm-256color,raw:monkey -p org.mozilla.fenix 1
10-15 21:52:49.792 19438 19556 D ScanRecord: Not a Multi Manu data
10-15 21:52:50.010 19438 19556 I chatty  : uid=1002(bluetooth) BT Service Call identical 557 lines
10-15 21:52:50.010 19438 19556 D ScanRecord: Not a Multi Manu data
10-15 21:52:50.383  3957  4128 D WifiService: getConnectionInfo uid=1000
10-15 21:52:50.470 27772 27772 W ADebug  : Failed to get property persist.sys.media.traces
10-15 21:52:50.494 27772 27772 E appproc : Enhanced Zygote ASLR: ro.knox.enhance.zygote.aslr != 1. Enhanced Zygote ASLR is DISABLED!
10-15 21:52:50.494 27772 27772 D AndroidRuntime: >>>>>> START com.android.internal.os.RuntimeInit uid 2000 <<<<<<
10-15 21:52:50.522 27772 27772 D SecNativeFeatureCppIf: encoded
10-15 21:52:50.522 27772 27772 D SecNativeFeatureCppIf: decoding and unzip finish
10-15 21:52:50.522 27772 27772 D SecNativeFeatureCppIf: use unCompDataBuff. encoded
10-15 21:52:50.523 27772 27772 D SecNativeFeatureCppIf: Free unCompDataBuff
10-15 21:52:50.524 27772 27772 D SecNativeFeatureCppIf: encoded
10-15 21:52:50.524 27772 27772 D SecNativeFeatureCppIf: decoding and unzip finish
10-15 21:52:50.524 27772 27772 D SecNativeFeatureCppIf: use unCompDataBuff. encoded
10-15 21:52:50.524 27772 27772 D SecNativeFeatureCppIf: Free unCompDataBuff
10-15 21:52:50.524 27772 27772 D SecNativeFeatureCppIf: encoded
10-15 21:52:50.524 27772 27772 D SecNativeFeatureCppIf: decoding and unzip finish
10-15 21:52:50.524 27772 27772 D SecNativeFeatureCppIf: use unCompDataBuff. encoded
10-15 21:52:50.525 27772 27772 D SecNativeFeatureCppIf: Free unCompDataBuff
10-15 21:52:50.525 27772 27772 D SecNativeFeatureCppIf: encoded
10-15 21:52:50.525 27772 27772 D SecNativeFeatureCppIf: decoding and unzip finish
10-15 21:52:50.525 27772 27772 D SecNativeFeatureCppIf: use unCompDataBuff. encoded
10-15 21:52:50.525 27772 27772 D SecNativeFeatureCppIf: Free unCompDataBuff
10-15 21:52:50.727  3957  4129 D WifiStateMachine:  ConnectedState !RSSI_PKTCNT_FETCH uid=1000 rt=401559876/1061958103 0 0 "ourhome" f4:6d:2f:12:cc:88 rssi=-41 f=5240 sc=60 link=433 tx=0.6, 0.0, 0.0  rx=3.4 bcn=46395 [on:0 tx:0 rx:0 period:1001] from screen [on:-2992641 period:5125577] score=60
10-15 21:52:50.729  3957  4129 D WifiStateMachine:  L2ConnectedState !RSSI_PKTCNT_FETCH uid=1000 rt=401559878/1061958106 0 0 "ourhome" f4:6d:2f:12:cc:88 rssi=-41 f=5240 sc=60 link=433 tx=0.6, 0.0, 0.0  rx=3.4 bcn=46395 [on:0 tx:0 rx:0 period:2] from screen [on:-2992641 period:5125579] score=60
10-15 21:52:50.736  3957  4129 D WifiStateMachine: fetchRssiLinkSpeedAndFrequencyNative rssi=-42 linkspeed=433 freq=5240
10-15 21:52:50.815 27772 27772 D ICU     : Timezone override file found: /data/misc/zoneinfo/current/icu/icu_tzdata.dat
10-15 21:52:50.883 27772 27772 I app_process: find the special shared library, skip check
10-15 21:52:50.966  3957  4306 D WifiConnectivityMonitor:  [|215] []
10-15 21:52:50.971 27772 27772 D SemCscFeature: Encoded
10-15 21:52:50.977 27772 27772 I chatty  : uid=2000(shell) identical 2 lines
10-15 21:52:50.979 27772 27772 D SemCscFeature: Encoded
10-15 21:52:50.981 27772 27772 E SemAffinityControl: SemAffinityControl: registerfunction enter
10-15 21:52:51.021 27772 27772 D AndroidRuntime: Calling main entry com.android.commands.monkey.Monkey
10-15 21:52:51.087 27739 27783 D ProfileInstaller: Installing profile for com.example.batterymanager_utility
10-15 21:52:51.098 27739 27744 I zygote64: Do partial code cache collection, code=30KB, data=25KB
10-15 21:52:51.099 27739 27744 I zygote64: After code cache collection, code=30KB, data=25KB
10-15 21:52:51.099 27739 27744 I zygote64: Increasing code cache capacity to 128KB
10-15 21:52:51.150  3957  3972 W BroadcastQueue: Skipping deliver [background] BroadcastRecord{f4ce015 u-1 android.net.conn.CONNECTIVITY_CHANGE} to ReceiverList{53fff2a 27772 (unknown name)/2000/u-1 remote:7a3c3ff}: process gone or crashing
10-15 21:52:51.203  3957  4622 I ActivityManager: START u0 {act=android.intent.action.MAIN typ=null flg=0x10200000 cmp=ComponentInfo{org.mozilla.fenix/org.mozilla.fenix.App}} from uid 2000
10-15 21:52:51.206  3957  4622 W Binder  : Outgoing transactions from this process must be FLAG_ONEWAY
10-15 21:52:51.206  3957  4622 W Binder  : java.lang.Throwable
10-15 21:52:51.206  3957  4622 W Binder  : 	at android.os.BinderProxy.transact(Binder.java:744)
10-15 21:52:51.206  3957  4622 W Binder  : 	at android.app.IActivityController$Stub$Proxy.activityStarting(IActivityController.java:172)
10-15 21:52:51.206  3957  4622 W Binder  : 	at com.android.server.am.ActivityStarter.startActivity(ActivityStarter.java:648)
10-15 21:52:51.206  3957  4622 W Binder  : 	at com.android.server.am.ActivityStarter.startActivityLocked(ActivityStarter.java:410)
10-15 21:52:51.206  3957  4622 W Binder  : 	at com.android.server.am.ActivityStarter.startActivityMayWait(ActivityStarter.java:1283)
10-15 21:52:51.206  3957  4622 W Binder  : 	at com.android.server.am.ActivityManagerService.startActivityAsUser(ActivityManagerService.java:6033)
10-15 21:52:51.206  3957  4622 W Binder  : 	at com.android.server.am.ActivityManagerService.startActivity(ActivityManagerService.java:5885)
10-15 21:52:51.206  3957  4622 W Binder  : 	at android.app.IActivityManager$Stub.onTransact(IActivityManager.java:121)
10-15 21:52:51.206  3957  4622 W Binder  : 	at com.android.server.am.ActivityManagerService.onTransact(ActivityManagerService.java:3861)
10-15 21:52:51.206  3957  4622 W Binder  : 	at android.os.Binder.execTransact(Binder.java:682)
10-15 21:52:51.208  3957  4622 D CustomFrequencyManagerService: acquireDVFSLockLocked : type : DVFS_MIN_LIMIT  frequency : 1560000  uid : 1000  pid : 3957  pkgName : AMS_APP_SWITCH@CPU_MIN@52
10-15 21:52:51.210  3957  4622 D ActivityManagerPerformance: AMP_acquire() APP_SWITCH
10-15 21:52:51.210  3957  5022 D ActivityManagerPerformance: Received MSG_CFMS_HINT_AMS_SWITCH pkgName: org.mozilla.fenix
10-15 21:52:51.213  3957  6478 D WifiService: getConnectionInfo uid=1000
10-15 21:52:51.218  3957  4622 V WindowManager: rotationForOrientationLw(orient=-1, last=0); user=0  sensorRotation=-1 mLidState=-1 mDockMode=0 mHdmiPlugged=false
10-15 21:52:51.221  3957  3973 D SensorService: Calling activate off 1600221811
10-15 21:52:51.221  3957  3973 D SensorService: [SO] activate (ident=0x74ee1c5f00, enabled=0)
10-15 21:52:51.222  3434  3434 I Sensors : AccelerometerSensor:setEnableAcc: handle 0, en 0, old_en 1
10-15 21:52:51.224  3957  3973 D SensorManager: unregisterListener ::   
10-15 21:52:51.224  3957  3967 V WindowManager: rotationForOrientationLw(orient=-1, last=0); user=0 USER_ROTATION_LOCKED sensorRotation=-1 mLidState=-1 mDockMode=0 mHdmiPlugged=false
10-15 21:52:51.225  3957 12585 D ActivityManager: isScaleDownAnimationEnabled() : false
10-15 21:52:51.225  3957  3973 V WindowManager: rotationForOrientationLw(orient=-1, last=0); user=0 USER_ROTATION_LOCKED sensorRotation=-1 mLidState=-1 mDockMode=0 mHdmiPlugged=false
10-15 21:52:51.225  3957 12585 D StorageManagerService: getExternalStorageMountMode : 1
10-15 21:52:51.225  3957 12585 D StorageManagerService: getExternalStorageMountMode : 3
10-15 21:52:51.226  3957 12585 D StorageManagerService: getExternalStorageMountMode : final mountMode=1, uid : 10169, packageName : org.mozilla.fenix
10-15 21:52:51.226  3957 12585 I ApplicationPolicy: isApplicationExternalStorageWhitelisted:org.mozilla.fenix user:0
10-15 21:52:51.226  3957 12585 D ApplicationPolicy: isApplicationExternalStorageWhitelisted: DO is not enabled on user 0. Allowed.
10-15 21:52:51.226  3957 12585 D ActivityManager: package  org.mozilla.fenix, user - 0 is SDcard whitelisted
10-15 21:52:51.226  3957 12585 I ApplicationPolicy: isApplicationExternalStorageBlacklisted:org.mozilla.fenix user:0
10-15 21:52:51.226  3957 12585 D ApplicationPolicy: isApplicationExternalStorageBlacklisted: DO is not enabled on user 0. Allowed.
10-15 21:52:51.236  3957 12585 I ActivityManager: Start proc 27784:org.mozilla.fenix/u0a169 for activity org.mozilla.fenix/.App
10-15 21:52:51.239 27784 27784 E Zygote  : isWhitelistProcess - Process is Whitelisted
10-15 21:52:51.240 27784 27784 E libpersona: scanKnoxPersonas
10-15 21:52:51.240 27784 27784 E libpersona: Couldn't open the File - /data/system/users/0/personalist.xml - No such file or directory
10-15 21:52:51.242 27784 27784 W SELinux : SELinux selinux_android_compute_policy_index : Policy Index[2],  Con:u:r:zygote:s0 RAM:SEPF_SM-J720F_8.0.0_0002, [-1 -1 -1 -1 0 1]
10-15 21:52:51.243 27784 27784 I SELinux : SELinux: seapp_context_lookup: seinfo=untrusted, level=s0:c512,c768, pkgname=org.mozilla.fenix 
10-15 21:52:51.243  3957  3973 V WindowManager: rotationForOrientationLw(orient=-1, last=0); user=0 USER_ROTATION_LOCKED sensorRotation=-1 mLidState=-1 mDockMode=0 mHdmiPlugged=false
10-15 21:52:51.245 27772 27772 I com.android.commands.monkey: System.exit called, status: 0
10-15 21:52:51.245 27772 27772 I AndroidRuntime: VM exiting with result code 0.
10-15 21:52:51.250  3957  3973 I SensorService: createSensorEventConnection package name com.android.server.policy.WindowOrientationListener
10-15 21:52:51.252  3957  4025 D ViewRootImpl@5042a50[fenix]: setView = DecorView@aa5914e[fenix] TM=true MM=false
10-15 21:52:51.252  3957  3973 D SensorService: Calling batch handle==1600221811 flags=0 rate=66667000 timeout== 0
10-15 21:52:51.253  3434  3434 I Sensors : AccelerometerSensor:setDelayAcc: handle 0, delay 66667000 ns, old_delay 200000000 ns
10-15 21:52:51.254  3957  3973 D SensorService: [SO] changed settle time [1], handle [1600221811]
10-15 21:52:51.254  3957  3973 D SensorService: [SO] setDelay [66667000]
10-15 21:52:51.254  3957  3973 D SensorService: [SO] activate (ident=0x74ee1c5f00, enabled=1)
10-15 21:52:51.254  3957  3973 D SensorService: [SO] AR_init
10-15 21:52:51.254  3434  3434 I Sensors : AccelerometerSensor:setEnableAcc: handle 0, en 1, old_en 0
10-15 21:52:51.257  3957  3973 D SensorManager: registerListener :: 1600221811, Screen Orientation Sensor, 66667, 0,  
10-15 21:52:51.257  3957  3973 V WindowManager: rotationForOrientationLw(orient=-1, last=0); user=0  sensorRotation=-1 mLidState=-1 mDockMode=0 mHdmiPlugged=false
10-15 21:52:51.262  3957  3973 V WindowManager: rotationForOrientationLw(orient=-1, last=0); user=0  sensorRotation=-1 mLidState=-1 mDockMode=0 mHdmiPlugged=false
