10-15 22:21:57.014  3436  3436 I android.hardware.wifi@1.0-service: getLinkLayerStats
10-15 22:21:57.025  3957  4129 D WifiStateMachine: fetchRssiLinkSpeedAndFrequencyNative rssi=-46 linkspeed=433 freq=5240
10-15 22:21:57.031  4340  4340 E SignalClusterView: setSlotFocusVisible : subId -2
10-15 22:21:57.031  4340  4340 E SignalClusterView: setSlotFocusVisible : subId -2
10-15 22:21:57.041 30678 30945 I BatteryMgr:DataCollectionService: stats => 1697401317041,215,4250,178,0,100
10-15 22:21:57.140  3957  4128 D WifiService: getConnectionInfo uid=1000
10-15 22:21:57.151 30678 30945 I BatteryMgr:DataCollectionService: stats => 1697401317151,215,4250,178,0,100
10-15 22:21:57.168  3957  4129 D WifiStateMachine:  ConnectedState !RSSI_PKTCNT_FETCH uid=1000 rt=403306317/1063704545 0 0 "ourhome" f4:6d:2f:12:cc:88 rssi=-46 f=5240 sc=60 link=433 tx=3.8, 0.0, 0.0  rx=16.9 bcn=62368 [on:0 tx:0 rx:0 period:137] from screen [on:216727 period:1484143] score=60
10-15 22:21:57.170  3957  4129 D WifiStateMachine:  L2ConnectedState !RSSI_PKTCNT_FETCH uid=1000 rt=403306319/1063704546 0 0 "ourhome" f4:6d:2f:12:cc:88 rssi=-46 f=5240 sc=60 link=433 tx=3.8, 0.0, 0.0  rx=16.9 bcn=62368 [on:0 tx:0 rx:0 period:3] from screen [on:216727 period:1484146] score=60
10-15 22:21:57.172  3957  4129 D WifiStateMachine: fetchRssiLinkSpeedAndFrequencyNative rssi=-46 linkspeed=433 freq=5240
10-15 22:21:57.260 30678 30945 I BatteryMgr:DataCollectionService: stats => 1697401317260,215,4250,178,0,100
10-15 22:21:57.370 30678 30945 I BatteryMgr:DataCollectionService: stats => 1697401317370,215,4250,178,0,100
10-15 22:21:57.480 30678 30945 I BatteryMgr:DataCollectionService: stats => 1697401317480,215,4250,178,0,100
10-15 22:21:57.607 30678 30945 I BatteryMgr:DataCollectionService: stats => 1697401317606,215,4250,178,0,100
10-15 22:21:57.719 30678 30945 I BatteryMgr:DataCollectionService: stats => 1697401317719,215,4250,178,0,100
10-15 22:21:57.829 30678 30945 I BatteryMgr:DataCollectionService: stats => 1697401317828,215,4250,178,0,100
10-15 22:21:57.942 30678 30945 I BatteryMgr:DataCollectionService: stats => 1697401317941,215,4250,178,0,100
10-15 22:21:58.032  3957  6478 D SSRM:k  : SIOP:: AP = 370, PST = 350 (W:22), BAT = 297, USB = 0, CHG = 0
10-15 22:21:58.053 30678 30945 I BatteryMgr:DataCollectionService: stats => 1697401318052,215,4250,178,0,100
10-15 22:21:58.143  3957  4128 D WifiService: getConnectionInfo uid=1000
10-15 22:21:58.162 30678 30945 I BatteryMgr:DataCollectionService: stats => 1697401318162,215,4250,178,0,100
10-15 22:21:58.173  3957  4129 D WifiStateMachine:  ConnectedState !RSSI_PKTCNT_FETCH uid=1000 rt=403307319/1063705547 0 0 "ourhome" f4:6d:2f:12:cc:88 rssi=-46 f=5240 sc=60 link=433 tx=3.8, 0.0, 0.0  rx=16.9 bcn=62368 [on:0 tx:0 rx:0 period:1003] from screen [on:216727 period:1485149] score=60
10-15 22:21:58.174  3957  4129 D WifiStateMachine:  L2ConnectedState !RSSI_PKTCNT_FETCH uid=1000 rt=403307324/1063705552 0 0 "ourhome" f4:6d:2f:12:cc:88 rssi=-46 f=5240 sc=60 link=433 tx=3.8, 0.0, 0.0  rx=16.9 bcn=62368 [on:0 tx:0 rx:0 period:1] from screen [on:216727 period:1485150] score=60
10-15 22:21:58.180  3957  4129 D WifiStateMachine: fetchRssiLinkSpeedAndFrequencyNative rssi=-44 linkspeed=433 freq=5240
10-15 22:21:58.272 30678 30945 I BatteryMgr:DataCollectionService: stats => 1697401318271,215,4250,178,0,100
10-15 22:21:58.384 30678 30945 I BatteryMgr:DataCollectionService: stats => 1697401318384,215,4250,178,0,100
10-15 22:21:58.495 30678 30945 I BatteryMgr:DataCollectionService: stats => 1697401318494,215,4250,178,0,100
10-15 22:21:58.604 30678 30945 I BatteryMgr:DataCollectionService: stats => 1697401318604,215,4250,178,0,100
10-15 22:21:58.717 30678 30945 I BatteryMgr:DataCollectionService: stats => 1697401318717,215,4250,178,0,100
10-15 22:21:58.827 30678 30945 I BatteryMgr:DataCollectionService: stats => 1697401318827,215,4250,178,0,100
10-15 22:21:58.934 30678 30945 I BatteryMgr:DataCollectionService: stats => 1697401318934,215,4250,178,0,100
10-15 22:21:59.042 30678 30945 I BatteryMgr:DataCollectionService: stats => 1697401319042,215,4250,178,0,100
10-15 22:21:59.145  3957  4128 D WifiService: getConnectionInfo uid=1000
10-15 22:21:59.152 30678 30945 I BatteryMgr:DataCollectionService: stats => 1697401319152,215,4250,178,0,100
10-15 22:21:59.171  3957  4129 D WifiStateMachine:  ConnectedState !RSSI_PKTCNT_FETCH uid=1000 rt=403308320/1063706548 0 0 "ourhome" f4:6d:2f:12:cc:88 rssi=-44 f=5240 sc=60 link=433 tx=3.8, 0.0, 0.0  rx=16.9 bcn=62368 [on:0 tx:0 rx:0 period:997] from screen [on:216727 period:1486147] score=60
10-15 22:21:59.173  3957  4129 D WifiStateMachine:  L2ConnectedState !RSSI_PKTCNT_FETCH uid=1000 rt=403308322/1063706549 0 0 "ourhome" f4:6d:2f:12:cc:88 rssi=-44 f=5240 sc=60 link=433 tx=3.8, 0.0, 0.0  rx=16.9 bcn=62368 [on:0 tx:0 rx:0 period:2] from screen [on:216727 period:1486149] score=60
10-15 22:21:59.180  3957  4129 D WifiStateMachine: fetchRssiLinkSpeedAndFrequencyNative rssi=-44 linkspeed=433 freq=5240
10-15 22:21:59.262 30678 30945 I BatteryMgr:DataCollectionService: stats => 1697401319262,215,4250,178,0,100
10-15 22:21:59.371 30678 30945 I BatteryMgr:DataCollectionService: stats => 1697401319371,215,4250,178,0,100
10-15 22:21:59.482 30678 30945 I BatteryMgr:DataCollectionService: stats => 1697401319482,215,4250,178,0,100
10-15 22:21:59.591 30678 30945 I BatteryMgr:DataCollectionService: stats => 1697401319591,215,4250,178,0,100
10-15 22:21:59.667 19438 19556 D ScanRecord: Not a Multi Manu data
10-15 22:21:59.687 19438 19556 I chatty  : uid=1002(bluetooth) BT Service Call identical 24 lines
10-15 22:21:59.687 19438 19556 D ScanRecord: Not a Multi Manu data
10-15 22:21:59.703 30678 30945 I BatteryMgr:DataCollectionService: stats => 1697401319703,215,4250,178,0,100
10-15 22:21:59.716 19438 19556 D ScanRecord: Not a Multi Manu data
10-15 22:21:59.814 19438 19556 I chatty  : uid=1002(bluetooth) BT Service Call identical 141 lines
10-15 22:21:59.814 19438 19556 D ScanRecord: Not a Multi Manu data
10-15 22:21:59.814 30678 30945 I BatteryMgr:DataCollectionService: stats => 1697401319814,215,4250,178,0,100
10-15 22:21:59.833 19438 19556 D ScanRecord: Not a Multi Manu data
10-15 22:21:59.920 19438 19556 I chatty  : uid=1002(bluetooth) BT Service Call identical 180 lines
10-15 22:21:59.920 19438 19556 D ScanRecord: Not a Multi Manu data
10-15 22:21:59.924 30678 30945 I BatteryMgr:DataCollectionService: stats => 1697401319924,215,4250,178,0,100
10-15 22:21:59.943 19438 19556 D ScanRecord: Not a Multi Manu data
10-15 22:22:00.000  3957  4045 D SamsungAlarmManager: Expired : 8
10-15 22:22:00.002  3957  4045 V SamsungAlarmManager: Sending to uid : 1000 action=android.intent.action.TIME_TICK alarm=Alarm{a2ba2ea type 3 when 1063707378 android}
10-15 22:22:00.014  3957  4045 V SamsungAlarmManager: Sending to uid : 10025 action=com.google.android.gms.gcm.ACTION_CHECK_QUEUE alarm=Alarm{bd6ac78 type 3 when 1063634848 com.google.android.gms}
10-15 22:22:00.014 19438 19556 I chatty  : uid=1002(bluetooth) BT Service Call identical 115 lines
10-15 22:22:00.015 19438 19556 D ScanRecord: Not a Multi Manu data
10-15 22:22:00.016  3957  4045 V SamsungAlarmManager: Sending to uid : 10074 action=com.samsung.action.EVERY_MINUTE_CLOCK_UPDATE alarm=Alarm{fc42f51 type 1 when 1697401320000 com.sec.android.app.launcher}
10-15 22:22:00.022  3957  3957 D SamsungAlarmManager: setExact Intent (T:3/F:1/AC:false) 20231015T222300 - CU:1000/CP:3957
10-15 22:22:00.024  4340  4340 D KeyguardUpdateMonitor: received broadcast android.intent.action.TIME_TICK
10-15 22:22:00.024  4340  4340 D KeyguardServiceBoxContainer: refreshTime() 1
10-15 22:22:00.029  3957  4129 D WifiStateMachine:  ConnectedState !CMD_RSSI_POLL rt=403309178/1063707405 52 0 "ourhome" f4:6d:2f:12:cc:88 rssi=-44 f=5240 sc=60 link=433 tx=3.8, 0.0, 0.0  rx=16.9 bcn=62368 [on:0 tx:0 rx:0 period:855] from screen [on:216727 period:1487004] score=60
10-15 22:22:00.029 19438 19556 D ScanRecord: Not a Multi Manu data
10-15 22:22:00.030 19438 19556 I chatty  : uid=1002(bluetooth) BT Service Call identical 11 lines
10-15 22:22:00.030 19438 19556 D ScanRecord: Not a Multi Manu data
10-15 22:22:00.030  4961  4961 D io_stats: !@ 179,0 r 5293313 164068616 w 1289247 28004884 d 101677 31622012 f 298896 315507 iot 2352448 2079724 th 51200 0 0 pt 0 inp 1 0 403309.180
10-15 22:22:00.032  3957  4129 D WifiStateMachine:  L2ConnectedState !CMD_RSSI_POLL rt=403309180/1063707407 52 0 "ourhome" f4:6d:2f:12:cc:88 rssi=-44 f=5240 sc=60 link=433 tx=3.8, 0.0, 0.0  rx=16.9 bcn=62368 [on:0 tx:0 rx:0 period:4] from screen [on:216727 period:1487008] score=60
10-15 22:22:00.032  3957  4129 D WifiStateMachine:  get link layer stats 3
10-15 22:22:00.033  3436  3436 I android.hardware.wifi@1.0-service: getLinkLayerStats
10-15 22:22:00.036 19438 19556 D ScanRecord: Not a Multi Manu data
10-15 22:22:00.036 19438 19556 I chatty  : uid=1002(bluetooth) BT Service Call identical 10 lines
10-15 22:22:00.036 19438 19556 D ScanRecord: Not a Multi Manu data
10-15 22:22:00.037  3957  4129 D WifiStateMachine: fetchRssiLinkSpeedAndFrequencyNative rssi=-43 linkspeed=433 freq=5240
10-15 22:22:00.037 19438 19556 D ScanRecord: Not a Multi Manu data
10-15 22:22:00.042 30678 30945 I BatteryMgr:DataCollectionService: stats => 1697401320040,215,4250,178,0,100
10-15 22:22:00.046 19438 19556 D ScanRecord: Not a Multi Manu data
10-15 22:22:00.047 19438 19556 I chatty  : uid=1002(bluetooth) BT Service Call identical 11 lines
10-15 22:22:00.047 19438 19556 D ScanRecord: Not a Multi Manu data
10-15 22:22:00.051  4340  4340 E SignalClusterView: setSlotFocusVisible : subId -2
10-15 22:22:00.051  4340  4340 E SignalClusterView: setSlotFocusVisible : subId -2
10-15 22:22:00.052  4340  4340 D KeyguardUpdateMonitor: handleStatusBarState( false )
10-15 22:22:00.070 19438 19556 D ScanRecord: Not a Multi Manu data
10-15 22:22:00.071 19438 19556 I chatty  : uid=1002(bluetooth) BT Service Call identical 11 lines
10-15 22:22:00.071 19438 19556 D ScanRecord: Not a Multi Manu data
10-15 22:22:00.079  4340  4340 D KeyguardUpdateMonitor: handleStatusBarState( false )
10-15 22:22:00.079 19438 19556 D ScanRecord: Not a Multi Manu data
10-15 22:22:00.114 19438 19556 I chatty  : uid=1002(bluetooth) BT Service Call identical 63 lines
10-15 22:22:00.114 19438 19556 D ScanRecord: Not a Multi Manu data
10-15 22:22:00.132 14518 14518 I Launcher: onReceive: com.samsung.action.EVERY_MINUTE_CLOCK_UPDATE
10-15 22:22:00.136  3957  3968 D SamsungAlarmManager: setInexact Intent (T:1/F:0/AC:false) 20231015T222300 - CU:10074/CP:14518
10-15 22:22:00.136 14518 14518 I IconView: applyFromShortcutInfo - start GetLive : com.samsung.android.calendar
10-15 22:22:00.136 14518 14518 I IconView: applyFromShortcutInfo - end GetLive : com.samsung.android.calendar
10-15 22:22:00.137 14518 14518 I IconView: applyFromApplicationInfo - start GetLive : com.sec.android.app.clockpackage
10-15 22:22:00.142 19438 19556 D ScanRecord: Not a Multi Manu data
10-15 22:22:00.142 14518 14518 D ApplicationPackageManager: we has com.sec.android.app.clockpackage class. reuse it 
10-15 22:22:00.142 19438 19556 D ScanRecord: Not a Multi Manu data
10-15 22:22:00.142 19438 19556 D ScanRecord: Not a Multi Manu data
10-15 22:22:00.142 19438 19556 I chatty  : uid=1002(bluetooth) BT Service Call identical 2 lines
10-15 22:22:00.142 14518 14518 D LiveIconLoader: getLiveIcon was called in ClockPackage
10-15 22:22:00.142 19438 19556 D ScanRecord: Not a Multi Manu data
10-15 22:22:00.142 19438 19556 D ScanRecord: Not a Multi Manu data
10-15 22:22:00.143 19438 19556 I chatty  : uid=1002(bluetooth) BT Service Call identical 5 lines
10-15 22:22:00.143 19438 19556 D ScanRecord: Not a Multi Manu data
10-15 22:22:00.144 14518 14518 D LiveIconLoader: getLiveIcon res = com.sec.android.app.clockpackage
10-15 22:22:00.145 14518 14518 D LiveIconLoader: stdIconSize : 84 , targetIconSize : 94
10-15 22:22:00.146 14518 14518 D LiveIconLoader: mIconDpi : 320 , mTargetIconDpi : 280
10-15 22:22:00.147  3957  4128 D WifiService: getConnectionInfo uid=1000
10-15 22:22:00.147 30678 30945 I BatteryMgr:DataCollectionService: stats => 1697401320147,215,4250,178,0,100
10-15 22:22:00.155  3957  3968 D ConnectivityService: filterNetworkStateForUid() uid: 10025 networkInfo: [type: WIFI[] - WIFI, state: CONNECTED/CONNECTED, reason: (unspecified), extra: "ourhome", failover: false, available: true, roaming: false, metered: false]
10-15 22:22:00.155  3957  3968 D WifiService: getConnectionInfo uid=1000
10-15 22:22:00.155 14518 14518 I ApplicationPackageManager: load= live icon for com.sec.android.app.clockpackage, from overlay = false
10-15 22:22:00.156 14518 14518 I LiveIconManager: getLiveIcon: complete(sync_created)
10-15 22:22:00.156 14518 14518 I IconView: applyFromApplicationInfo - end GetLive : com.sec.android.app.clockpackage
10-15 22:22:00.157 14518 14518 I IconView: applyFromApplicationInfo - start GetLive : com.samsung.android.calendar
10-15 22:22:00.157 14518 14518 I IconView: applyFromApplicationInfo - end GetLive : com.samsung.android.calendar
10-15 22:22:00.160  3957  8661 D ConnectivityService: filterNetworkStateForUid() uid: 10025 networkInfo: [type: WIFI[] - WIFI, state: CONNECTED/CONNECTED, reason: (unspecified), extra: "ourhome", failover: false, available: true, roaming: false, metered: false]
10-15 22:22:00.160  3957  8661 D WifiService: getConnectionInfo uid=1000
10-15 22:22:00.161 19438 19556 D ScanRecord: Not a Multi Manu data
10-15 22:22:00.163 19438 19556 I chatty  : uid=1002(bluetooth) BT Service Call identical 11 lines
10-15 22:22:00.163 19438 19556 D ScanRecord: Not a Multi Manu data
10-15 22:22:00.171  3957  4129 D WifiStateMachine:  ConnectedState !RSSI_PKTCNT_FETCH uid=1000 rt=403309321/1063707548 0 0 "ourhome" f4:6d:2f:12:cc:88 rssi=-43 f=5240 sc=60 link=433 tx=1.4, 0.0, 0.0  rx=8.1 bcn=62394 [on:0 tx:0 rx:0 period:128] from screen [on:216862 period:1487147] score=60
10-15 22:22:00.172  3957  4129 D WifiStateMachine:  L2ConnectedState !RSSI_PKTCNT_FETCH uid=1000 rt=403309322/1063707549 0 0 "ourhome" f4:6d:2f:12:cc:88 rssi=-43 f=5240 sc=60 link=433 tx=1.4, 0.0, 0.0  rx=8.1 bcn=62394 [on:0 tx:0 rx:0 period:1] from screen [on:216862 period:1487148] score=60
10-15 22:22:00.175  3957  4129 D WifiStateMachine: fetchRssiLinkSpeedAndFrequencyNative rssi=-43 linkspeed=433 freq=5240
10-15 22:22:00.176  3957  8661 D SamsungAlarmManager: Cancel Alarm calling from uid:10025 pid :18970 / op:PendingIntent{a061824: PendingIntentRecord{5665e95 com.google.android.gms broadcastIntent}}
10-15 22:22:00.252 30678 30945 I BatteryMgr:DataCollectionService: stats => 1697401320252,215,4250,178,0,100
10-15 22:22:00.286  3957  3968 D SamsungAlarmManager: setInexact Intent (T:3/F:0/AC:false) 20231015T222812 - CU:10025/CP:18970
10-15 22:22:00.357 30678 30945 I BatteryMgr:DataCollectionService: stats => 1697401320356,215,4250,178,0,100
10-15 22:22:00.367 18970 28941 I NetworkScheduler.Stats: (REDACTED) Task %s/%s started execution. cause:%s exec_start_elapsed_seconds: %s
10-15 22:22:00.381  3957  4030 D SensorService: [SO] 0.091 -0.110 9.984
10-15 22:22:00.415 18956 23942 I ChimeraConfigurator: Starting update, reason: 2 urgentFeatures: 
10-15 22:22:00.468 30678 30945 I BatteryMgr:DataCollectionService: stats => 1697401320467,215,4250,178,0,100
10-15 22:22:00.486 18970 18970 D BoundBrokerSvc: onBind: Intent { act=com.google.android.gms.phenotype.service.START dat=chimera-action: cmp=com.google.android.gms/.chimera.PersistentApiService }
10-15 22:22:00.486 18970 18970 D BoundBrokerSvc: Loading bound service for intent: Intent { act=com.google.android.gms.phenotype.service.START dat=chimera-action: cmp=com.google.android.gms/.chimera.PersistentApiService }
10-15 22:22:00.573 30678 30945 I BatteryMgr:DataCollectionService: stats => 1697401320573,215,4250,178,0,100
10-15 22:22:00.680 30678 30945 I BatteryMgr:DataCollectionService: stats => 1697401320680,215,4250,178,0,100
10-15 22:22:00.756  3957  8661 D SamsungAlarmManager: setInexact Intent (T:3/F:0/AC:false) 20331012T222200 - CU:10025/CP:18956
10-15 22:22:00.786 30678 30945 I BatteryMgr:DataCollectionService: stats => 1697401320786,215,4250,178,0,100
10-15 22:22:00.844 18956 23942 I GmsDebugLogger: [49] 
10-15 22:22:00.891 30678 30945 I BatteryMgr:DataCollectionService: stats => 1697401320891,215,4250,178,0,100
10-15 22:22:00.895  3957  8661 D SamsungAlarmManager: setInexact Intent (T:3/F:0/AC:false) 20331012T222200 - CU:10025/CP:18970
10-15 22:22:00.998 30678 30945 I BatteryMgr:DataCollectionService: stats => 1697401320998,215,4250,178,0,100
10-15 22:22:01.066  3957  5413 D ConnectivityService: filterNetworkStateForUid() uid: 10025 networkInfo: [type: WIFI[] - WIFI, state: CONNECTED/CONNECTED, reason: (unspecified), extra: "ourhome", failover: false, available: true, roaming: false, metered: false]
10-15 22:22:01.066  3957  5413 D WifiService: getConnectionInfo uid=1000
10-15 22:22:01.073 18956 23942 I ChimeraConfigurator: Update complete: success
10-15 22:22:01.091 18956 23942 I GmsModuleFndr: Beginning GMS chimera module scan
10-15 22:22:01.103 30678 30945 I BatteryMgr:DataCollectionService: stats => 1697401321102,215,4250,178,0,100
10-15 22:22:01.106 18956 23942 I ModuleSetMgr: Computing pending module set with APKs: [[AdsFdrDynamite.integ:233012802000000], [BrellaDynamite.optional:233717020400], [Fastpair.optional:233717040000], [MapsCoreDynamite.integ:233012102020400], [MlkitOcrCommon.optional:233717000400], [Pay.optional:233717040400], [TfliteDynamiteDynamite.integ:231810005000400], [VisionBarcode.optional:233717000400], [VisionOcr.optional:233717000000], [AdsFdrDynamite.integ:232400000000000], [Cronetdynamite:233717040400], [Dynamiteloader:233717040000], [Dynamitemodulesa:233717040000], [Dynamitemodulesc:233717040000], [Googlecertificates:233717040000], [Mapsdynamite:233717040000], [Measurementdynamite:233717040000]]
10-15 22:22:01.149  3957  4128 D WifiService: getConnectionInfo uid=1000
10-15 22:22:01.152 18956 23942 I ModuleSetMgr: Pending container module APKs: [[BrellaDynamite.optional:233717020400], [Fastpair.optional:233717040000], [MapsCoreDynamite.integ:233012102020400], [MlkitOcrCommon.optional:233717000400], [Pay.optional:233717040400], [VisionBarcode.optional:233717000400], [VisionOcr.optional:233717000000]]
10-15 22:22:01.152 18956 23942 I ModuleSetMgr: Pending non-container module APKs: [[TfliteDynamiteDynamite.integ:231810005000400], [AdsFdrDynamite.integ:233012802000000]]
10-15 22:22:01.172  3957  4129 D WifiStateMachine:  ConnectedState !RSSI_PKTCNT_FETCH uid=1000 rt=403310321/1063708549 0 0 "ourhome" f4:6d:2f:12:cc:88 rssi=-43 f=5240 sc=60 link=433 tx=1.4, 0.0, 0.0  rx=8.1 bcn=62394 [on:0 tx:0 rx:0 period:999] from screen [on:216862 period:1488147] score=60
10-15 22:22:01.173  3957  4129 D WifiStateMachine:  L2ConnectedState !RSSI_PKTCNT_FETCH uid=1000 rt=403310323/1063708550 0 0 "ourhome" f4:6d:2f:12:cc:88 rssi=-43 f=5240 sc=60 link=433 tx=1.4, 0.0, 0.0  rx=8.1 bcn=62394 [on:0 tx:0 rx:0 period:2] from screen [on:216862 period:1488149] score=60
10-15 22:22:01.180  3957  4129 D WifiStateMachine: fetchRssiLinkSpeedAndFrequencyNative rssi=-43 linkspeed=433 freq=5240
10-15 22:22:01.207 30678 30945 I BatteryMgr:DataCollectionService: stats => 1697401321207,215,4250,178,0,100
10-15 22:22:01.318 30678 30945 I BatteryMgr:DataCollectionService: stats => 1697401321318,215,4250,178,0,100
10-15 22:22:01.333 18956 23942 W PackageParser: Unknown element under <manifest>: queries at /data/user_de/0/com.google.android.gms/app_chimera/m/00000080/AdsDynamite.apk Binary XML file line #15
10-15 22:22:01.355 18956 23942 W PackageParser: Unknown element under <manifest>: queries at /data/user_de/0/com.google.android.gms/app_chimera/m/0000009a/DynamiteModulesC.apk Binary XML file line #15
10-15 22:22:01.379 18956 23942 W PackageParser: Unknown element under <manifest>: queries at /data/user_de/0/com.google.android.gms/app_chimera/m/0000008e/dl-AdsFdrDynamite.integ_233012802000000.apk Binary XML file line #15
10-15 22:22:01.396 18970 28941 I NetworkScheduler.Stats: (REDACTED) Task %s/%s finished executing. cause:%s result: %s elapsed_millis: %s uptime_millis: %s exec_start_elapsed_seconds: %s
10-15 22:22:01.424  3957  8661 D ConnectivityService: filterNetworkStateForUid() uid: 10025 networkInfo: [type: WIFI[] - WIFI, state: CONNECTED/CONNECTED, reason: (unspecified), extra: "ourhome", failover: false, available: true, roaming: false, metered: false]
10-15 22:22:01.424  3957  8661 D WifiService: getConnectionInfo uid=1000
10-15 22:22:01.425  3957  8661 D ConnectivityService: filterNetworkStateForUid() uid: 10025 networkInfo: [type: WIFI[] - WIFI, state: CONNECTED/CONNECTED, reason: (unspecified), extra: "ourhome", failover: false, available: true, roaming: false, metered: false]
10-15 22:22:01.426  3957  8661 D WifiService: getConnectionInfo uid=1000
10-15 22:22:01.426 30678 30945 I BatteryMgr:DataCollectionService: stats => 1697401321426,215,4250,178,0,100
10-15 22:22:01.432  3957  8661 D SamsungAlarmManager: Cancel Alarm calling from uid:10025 pid :18970 / op:PendingIntent{59e8ec1: PendingIntentRecord{5665e95 com.google.android.gms broadcastIntent}}
10-15 22:22:01.525  3957  8661 D SamsungAlarmManager: setInexact Intent (T:3/F:0/AC:false) 20231015T222939 - CU:10025/CP:18970
10-15 22:22:01.534 30678 30945 I BatteryMgr:DataCollectionService: stats => 1697401321534,215,4250,178,0,100
10-15 22:22:01.537 18970 28890 I NetworkScheduler.Stats: (REDACTED) Task %s/%s started execution. cause:%s exec_start_elapsed_seconds: %s
10-15 22:22:01.587 18970 18970 D BoundBrokerSvc: onBind: Intent { act=com.google.android.gms.udc.service.START dat=chimera-action: cmp=com.google.android.gms/.chimera.PersistentApiService }
10-15 22:22:01.588 18970 18970 D BoundBrokerSvc: Loading bound service for intent: Intent { act=com.google.android.gms.udc.service.START dat=chimera-action: cmp=com.google.android.gms/.chimera.PersistentApiService }
10-15 22:22:01.648 30678 30945 I BatteryMgr:DataCollectionService: stats => 1697401321648,215,4250,178,0,100
10-15 22:22:01.686 18970 28941 I PlatformStatsUtil: canLog says can't log [CONTEXT service_id=254 ]
10-15 22:22:01.710 18970 29806 I NetworkScheduler.Stats: (REDACTED) Task %s/%s finished executing. cause:%s result: %s elapsed_millis: %s uptime_millis: %s exec_start_elapsed_seconds: %s
10-15 22:22:01.729  3957  8661 D ConnectivityService: filterNetworkStateForUid() uid: 10025 networkInfo: [type: WIFI[] - WIFI, state: CONNECTED/CONNECTED, reason: (unspecified), extra: "ourhome", failover: false, available: true, roaming: false, metered: false]
10-15 22:22:01.729  3957  8661 D WifiService: getConnectionInfo uid=1000
10-15 22:22:01.731  3957  8661 D ConnectivityService: filterNetworkStateForUid() uid: 10025 networkInfo: [type: WIFI[] - WIFI, state: CONNECTED/CONNECTED, reason: (unspecified), extra: "ourhome", failover: false, available: true, roaming: false, metered: false]
10-15 22:22:01.732  3957  8661 D WifiService: getConnectionInfo uid=1000
10-15 22:22:01.734  3957  5413 D ConnectivityService: filterNetworkStateForUid() uid: 10025 networkInfo: [type: WIFI[] - WIFI, state: CONNECTED/CONNECTED, reason: (unspecified), extra: "ourhome", failover: false, available: true, roaming: false, metered: false]
10-15 22:22:01.734  3957  5413 D WifiService: getConnectionInfo uid=1000
10-15 22:22:01.737  3957  5413 D SamsungAlarmManager: Cancel Alarm calling from uid:10025 pid :18970 / op:PendingIntent{d4517ec: PendingIntentRecord{5665e95 com.google.android.gms broadcastIntent}}
10-15 22:22:01.754  3957  8661 D SamsungAlarmManager: setInexact Intent (T:3/F:0/AC:false) 20231015T222939 - CU:10025/CP:18970
10-15 22:22:01.756 30678 30945 I BatteryMgr:DataCollectionService: stats => 1697401321756,215,4250,178,0,100
10-15 22:22:01.863 30678 30945 I BatteryMgr:DataCollectionService: stats => 1697401321863,215,4250,178,0,100
10-15 22:22:01.973 30678 30945 I BatteryMgr:DataCollectionService: stats => 1697401321973,215,4250,178,0,100
10-15 22:22:02.080 30678 30945 I BatteryMgr:DataCollectionService: stats => 1697401322080,215,4250,178,0,100
10-15 22:22:02.151  3957  4128 D WifiService: getConnectionInfo uid=1000
10-15 22:22:02.173  3957  4129 D WifiStateMachine:  ConnectedState !RSSI_PKTCNT_FETCH uid=1000 rt=403311322/1063709550 0 0 "ourhome" f4:6d:2f:12:cc:88 rssi=-43 f=5240 sc=60 link=433 tx=1.4, 0.0, 0.0  rx=8.1 bcn=62394 [on:0 tx:0 rx:0 period:999] from screen [on:216862 period:1489148] score=60
10-15 22:22:02.176  3957  4129 D WifiStateMachine:  L2ConnectedState !RSSI_PKTCNT_FETCH uid=1000 rt=403311324/1063709551 0 0 "ourhome" f4:6d:2f:12:cc:88 rssi=-43 f=5240 sc=60 link=433 tx=1.4, 0.0, 0.0  rx=8.1 bcn=62394 [on:0 tx:0 rx:0 period:4] from screen [on:216862 period:1489152] score=60
10-15 22:22:02.183  3957  4129 D WifiStateMachine: fetchRssiLinkSpeedAndFrequencyNative rssi=-43 linkspeed=433 freq=5240
10-15 22:22:02.188 30678 30945 I BatteryMgr:DataCollectionService: stats => 1697401322188,215,4250,178,0,100
10-15 22:22:02.296 30678 30945 I BatteryMgr:DataCollectionService: stats => 1697401322296,215,4250,178,0,100
10-15 22:22:02.406 30678 30945 I BatteryMgr:DataCollectionService: stats => 1697401322406,215,4250,178,0,100
10-15 22:22:02.514 30678 30945 I BatteryMgr:DataCollectionService: stats => 1697401322514,215,4250,178,0,100
10-15 22:22:02.624 30678 30945 I BatteryMgr:DataCollectionService: stats => 1697401322624,215,4250,178,0,100
10-15 22:22:02.734 30678 30945 I BatteryMgr:DataCollectionService: stats => 1697401322734,215,4250,178,0,100
10-15 22:22:02.845 30678 30945 I BatteryMgr:DataCollectionService: stats => 1697401322845,215,4250,178,0,100
10-15 22:22:02.955 30678 30945 I BatteryMgr:DataCollectionService: stats => 1697401322955,215,4250,178,0,100
10-15 22:22:03.040  3957  4129 D WifiStateMachine:  ConnectedState !CMD_RSSI_POLL rt=403312189/1063710417 52 0 "ourhome" f4:6d:2f:12:cc:88 rssi=-43 f=5240 sc=60 link=433 tx=1.4, 0.0, 0.0  rx=8.1 bcn=62394 [on:0 tx:0 rx:0 period:864] from screen [on:216862 period:1490016] score=60
10-15 22:22:03.042  3957  4129 D WifiStateMachine:  L2ConnectedState !CMD_RSSI_POLL rt=403312191/1063710419 52 0 "ourhome" f4:6d:2f:12:cc:88 rssi=-43 f=5240 sc=60 link=433 tx=1.4, 0.0, 0.0  rx=8.1 bcn=62394 [on:0 tx:0 rx:0 period:2] from screen [on:216862 period:1490018] score=60
10-15 22:22:03.043  3957  4129 D WifiStateMachine:  get link layer stats 3
10-15 22:22:03.043  3436  3436 I android.hardware.wifi@1.0-service: getLinkLayerStats
10-15 22:22:03.053  3957  4129 D WifiStateMachine: fetchRssiLinkSpeedAndFrequencyNative rssi=-43 linkspeed=433 freq=5240
10-15 22:22:03.061  4340  4340 E SignalClusterView: setSlotFocusVisible : subId -2
10-15 22:22:03.061  4340  4340 E SignalClusterView: setSlotFocusVisible : subId -2
10-15 22:22:03.066 30678 30945 I BatteryMgr:DataCollectionService: stats => 1697401323066,215,4250,178,0,100
10-15 22:22:03.154  3957  4128 D WifiService: getConnectionInfo uid=1000
10-15 22:22:03.174  3957  4129 D WifiStateMachine:  ConnectedState !RSSI_PKTCNT_FETCH uid=1000 rt=403312323/1063710551 0 0 "ourhome" f4:6d:2f:12:cc:88 rssi=-43 f=5240 sc=60 link=433 tx=1.1, 0.0, 0.0  rx=3.6 bcn=62422 [on:0 tx:0 rx:0 period:114] from screen [on:217370 period:1490150] score=60
10-15 22:22:03.176  3957  4129 D WifiStateMachine:  L2ConnectedState !RSSI_PKTCNT_FETCH uid=1000 rt=403312325/1063710553 0 0 "ourhome" f4:6d:2f:12:cc:88 rssi=-43 f=5240 sc=60 link=433 tx=1.1, 0.0, 0.0  rx=3.6 bcn=62422 [on:0 tx:0 rx:0 period:2] from screen [on:217370 period:1490152] score=60
10-15 22:22:03.180 30678 30945 I BatteryMgr:DataCollectionService: stats => 1697401323180,215,4250,178,0,100
10-15 22:22:03.183  3957  4129 D WifiStateMachine: fetchRssiLinkSpeedAndFrequencyNative rssi=-43 linkspeed=433 freq=5240
10-15 22:22:03.289 30678 30945 I BatteryMgr:DataCollectionService: stats => 1697401323289,215,4250,178,0,100
10-15 22:22:03.394 30678 30945 I BatteryMgr:DataCollectionService: stats => 1697401323394,215,4250,178,0,100
10-15 22:22:03.498 30678 30945 I BatteryMgr:DataCollectionService: stats => 1697401323498,215,4250,178,0,100
10-15 22:22:03.605 30678 30945 I BatteryMgr:DataCollectionService: stats => 1697401323605,215,4250,178,0,100
10-15 22:22:03.715 30678 30945 I BatteryMgr:DataCollectionService: stats => 1697401323714,215,4250,178,0,100
10-15 22:22:03.821 30678 30945 I BatteryMgr:DataCollectionService: stats => 1697401323821,215,4250,178,0,100
10-15 22:22:03.930 30678 30945 I BatteryMgr:DataCollectionService: stats => 1697401323930,215,4250,178,0,100
10-15 22:22:04.039 30678 30945 I BatteryMgr:DataCollectionService: stats => 1697401324039,215,4250,178,0,100
10-15 22:22:04.148 30678 30945 I BatteryMgr:DataCollectionService: stats => 1697401324148,215,4250,178,0,100
10-15 22:22:04.156  3957  4128 D WifiService: getConnectionInfo uid=1000
10-15 22:22:04.175  3957  4129 D WifiStateMachine:  ConnectedState !RSSI_PKTCNT_FETCH uid=1000 rt=403313325/1063711552 0 0 "ourhome" f4:6d:2f:12:cc:88 rssi=-43 f=5240 sc=60 link=433 tx=1.1, 0.0, 0.0  rx=3.6 bcn=62422 [on:0 tx:0 rx:0 period:999] from screen [on:217370 period:1491151] score=60
10-15 22:22:04.176  3957  4129 D WifiStateMachine:  L2ConnectedState !RSSI_PKTCNT_FETCH uid=1000 rt=403313326/1063711553 0 0 "ourhome" f4:6d:2f:12:cc:88 rssi=-43 f=5240 sc=60 link=433 tx=1.1, 0.0, 0.0  rx=3.6 bcn=62422 [on:0 tx:0 rx:0 period:1] from screen [on:217370 period:1491152] score=60
10-15 22:22:04.177  3957  4129 D WifiStateMachine: fetchRssiLinkSpeedAndFrequencyNative rssi=-43 linkspeed=433 freq=5240
10-15 22:22:04.257 30678 30945 I BatteryMgr:DataCollectionService: stats => 1697401324256,215,4250,178,0,100
10-15 22:22:04.367 30678 30945 I BatteryMgr:DataCollectionService: stats => 1697401324367,215,4250,178,0,100
10-15 22:22:04.472 30678 30945 I BatteryMgr:DataCollectionService: stats => 1697401324471,215,4250,178,0,100
10-15 22:22:04.580 30678 30945 I BatteryMgr:DataCollectionService: stats => 1697401324580,215,4250,178,0,100
10-15 22:22:04.688 19438 19556 D ScanRecord: Not a Multi Manu data
10-15 22:22:04.689 19438 19556 I chatty  : uid=1002(bluetooth) BT Service Call identical 11 lines
10-15 22:22:04.689 19438 19556 D ScanRecord: Not a Multi Manu data
10-15 22:22:04.691 30678 30945 I BatteryMgr:DataCollectionService: stats => 1697401324691,215,4250,178,0,100
10-15 22:22:04.691 19438 19556 D ScanRecord: Not a Multi Manu data
10-15 22:22:04.794 19438 19556 I chatty  : uid=1002(bluetooth) BT Service Call identical 167 lines
10-15 22:22:04.794 19438 19556 D ScanRecord: Not a Multi Manu data
10-15 22:22:04.798 30678 30945 I BatteryMgr:DataCollectionService: stats => 1697401324798,215,4250,178,0,100
10-15 22:22:04.837 19438 19556 D ScanRecord: Not a Multi Manu data
10-15 22:22:04.912 19438 19556 I chatty  : uid=1002(bluetooth) BT Service Call identical 89 lines
10-15 22:22:04.912 19438 19556 D ScanRecord: Not a Multi Manu data
10-15 22:22:04.916 30678 30945 I BatteryMgr:DataCollectionService: stats => 1697401324916,215,4250,178,0,100
10-15 22:22:04.918 19438 19556 D ScanRecord: Not a Multi Manu data
10-15 22:22:05.012 19438 19556 I chatty  : uid=1002(bluetooth) BT Service Call identical 50 lines
10-15 22:22:05.012 19438 19556 D ScanRecord: Not a Multi Manu data
10-15 22:22:05.024 30678 30945 I BatteryMgr:DataCollectionService: stats => 1697401325023,215,4250,178,0,100
10-15 22:22:05.035  4961  4961 D io_stats: !@ 179,0 r 5295105 164144808 w 1289346 28006144 d 101691 31622168 f 298915 315526 iot 2353336 2080442 th 51200 0 0 pt 0 inp 0 0 403314.184
10-15 22:22:05.082 19438 19556 D ScanRecord: Not a Multi Manu data
10-15 22:22:05.127 19438 19556 I chatty  : uid=1002(bluetooth) BT Service Call identical 76 lines
10-15 22:22:05.127 19438 19556 D ScanRecord: Not a Multi Manu data
10-15 22:22:05.133 30678 30945 I BatteryMgr:DataCollectionService: stats => 1697401325133,172,4250,155,0,100
10-15 22:22:05.151 19438 19556 D ScanRecord: Not a Multi Manu data
10-15 22:22:05.158 19438 19556 I chatty  : uid=1002(bluetooth) BT Service Call identical 28 lines
10-15 22:22:05.158  3957  4128 D WifiService: getConnectionInfo uid=1000
10-15 22:22:05.158 19438 19556 D ScanRecord: Not a Multi Manu data
10-15 22:22:05.158 19438 19556 D ScanRecord: Not a Multi Manu data
10-15 22:22:05.172 19438 19556 I chatty  : uid=1002(bluetooth) BT Service Call identical 46 lines
10-15 22:22:05.172 19438 19556 D ScanRecord: Not a Multi Manu data
10-15 22:22:05.177  3957  4129 D WifiStateMachine:  ConnectedState !RSSI_PKTCNT_FETCH uid=1000 rt=403314326/1063712553 0 0 "ourhome" f4:6d:2f:12:cc:88 rssi=-43 f=5240 sc=60 link=433 tx=1.1, 0.0, 0.0  rx=3.6 bcn=62422 [on:0 tx:0 rx:0 period:1000] from screen [on:217370 period:1492152] score=60
10-15 22:22:05.179  3957  4129 D WifiStateMachine:  L2ConnectedState !RSSI_PKTCNT_FETCH uid=1000 rt=403314328/1063712555 0 0 "ourhome" f4:6d:2f:12:cc:88 rssi=-43 f=5240 sc=60 link=433 tx=1.1, 0.0, 0.0  rx=3.6 bcn=62422 [on:0 tx:0 rx:0 period:3] from screen [on:217370 period:1492155] score=60
10-15 22:22:05.185  3957  4129 D WifiStateMachine: fetchRssiLinkSpeedAndFrequencyNative rssi=-43 linkspeed=433 freq=5240
10-15 22:22:05.238 30678 30945 I BatteryMgr:DataCollectionService: stats => 1697401325238,172,4250,155,0,100
10-15 22:22:05.347 30678 30945 I BatteryMgr:DataCollectionService: stats => 1697401325346,172,4250,155,0,100
10-15 22:22:05.452 30678 30945 I BatteryMgr:DataCollectionService: stats => 1697401325452,172,4250,155,0,100
10-15 22:22:05.560 30678 30945 I BatteryMgr:DataCollectionService: stats => 1697401325560,172,4250,155,0,100
10-15 22:22:05.630  3957  5413 D BatteryService: !@BatteryListener : batteryPropertiesChanged!
10-15 22:22:05.669 30678 30945 I BatteryMgr:DataCollectionService: stats => 1697401325668,172,4250,155,0,100
10-15 22:22:05.777 30678 30945 I BatteryMgr:DataCollectionService: stats => 1697401325777,172,4250,155,0,100
10-15 22:22:05.884 30678 30945 I BatteryMgr:DataCollectionService: stats => 1697401325884,172,4250,155,0,100
10-15 22:22:05.988 30678 30945 I BatteryMgr:DataCollectionService: stats => 1697401325988,172,4250,155,0,100
10-15 22:22:06.057  3957  4129 D WifiStateMachine:  ConnectedState !CMD_RSSI_POLL rt=403315206/1063713433 52 0 "ourhome" f4:6d:2f:12:cc:88 rssi=-43 f=5240 sc=60 link=433 tx=1.1, 0.0, 0.0  rx=3.6 bcn=62422 [on:0 tx:0 rx:0 period:877] from screen [on:217370 period:1493032] score=60
10-15 22:22:06.059  3957  4129 D WifiStateMachine:  L2ConnectedState !CMD_RSSI_POLL rt=403315208/1063713436 52 0 "ourhome" f4:6d:2f:12:cc:88 rssi=-43 f=5240 sc=60 link=433 tx=1.1, 0.0, 0.0  rx=3.6 bcn=62422 [on:0 tx:0 rx:0 period:3] from screen [on:217370 period:1493035] score=60
10-15 22:22:06.059  3957  4129 D WifiStateMachine:  get link layer stats 3
10-15 22:22:06.060  3436  3436 I android.hardware.wifi@1.0-service: getLinkLayerStats
10-15 22:22:06.079  3957  4129 D WifiStateMachine: fetchRssiLinkSpeedAndFrequencyNative rssi=-43 linkspeed=433 freq=5240
10-15 22:22:06.083  4340  4340 E SignalClusterView: setSlotFocusVisible : subId -2
10-15 22:22:06.084  4340  4340 E SignalClusterView: setSlotFocusVisible : subId -2
10-15 22:22:06.097 30678 30945 I BatteryMgr:DataCollectionService: stats => 1697401326097,172,4250,155,0,100
10-15 22:22:06.162  3957  4128 D WifiService: getConnectionInfo uid=1000
10-15 22:22:06.176  3957  4129 D WifiStateMachine:  ConnectedState !RSSI_PKTCNT_FETCH uid=1000 rt=403315326/1063713553 0 0 "ourhome" f4:6d:2f:12:cc:88 rssi=-43 f=5240 sc=60 link=433 tx=0.4, 0.0, 0.0  rx=1.3 bcn=62451 [on:0 tx:0 rx:0 period:94] from screen [on:217434 period:1493152] score=60
10-15 22:22:06.179  3957  4129 D WifiStateMachine:  L2ConnectedState !RSSI_PKTCNT_FETCH uid=1000 rt=403315328/1063713555 0 0 "ourhome" f4:6d:2f:12:cc:88 rssi=-43 f=5240 sc=60 link=433 tx=0.4, 0.0, 0.0  rx=1.3 bcn=62451 [on:0 tx:0 rx:0 period:3] from screen [on:217434 period:1493155] score=60
10-15 22:22:06.185  3957  4129 D WifiStateMachine: fetchRssiLinkSpeedAndFrequencyNative rssi=-43 linkspeed=433 freq=5240
10-15 22:22:06.205 30678 30945 I BatteryMgr:DataCollectionService: stats => 1697401326205,172,4250,155,0,100
10-15 22:22:06.313 30678 30945 I BatteryMgr:DataCollectionService: stats => 1697401326313,172,4250,155,0,100
10-15 22:22:06.420 30678 30945 I BatteryMgr:DataCollectionService: stats => 1697401326420,172,4250,155,0,100
10-15 22:22:06.527 30678 30945 I BatteryMgr:DataCollectionService: stats => 1697401326527,172,4250,155,0,100
10-15 22:22:06.635 30678 30945 I BatteryMgr:DataCollectionService: stats => 1697401326635,172,4250,155,0,100
10-15 22:22:06.742 30678 30945 I BatteryMgr:DataCollectionService: stats => 1697401326742,172,4250,155,0,100
10-15 22:22:06.850 30678 30945 I BatteryMgr:DataCollectionService: stats => 1697401326850,172,4250,155,0,100
10-15 22:22:06.958 30678 30945 I BatteryMgr:DataCollectionService: stats => 1697401326958,172,4250,155,0,100
10-15 22:22:07.065 30678 30945 I BatteryMgr:DataCollectionService: stats => 1697401327065,172,4250,155,0,100
10-15 22:22:07.166  3957  4128 D WifiService: getConnectionInfo uid=1000
10-15 22:22:07.172 30678 30945 I BatteryMgr:DataCollectionService: stats => 1697401327172,172,4250,155,0,100
10-15 22:22:07.177  3957  4129 D WifiStateMachine:  ConnectedState !RSSI_PKTCNT_FETCH uid=1000 rt=403316326/1063714554 0 0 "ourhome" f4:6d:2f:12:cc:88 rssi=-43 f=5240 sc=60 link=433 tx=0.4, 0.0, 0.0  rx=1.3 bcn=62451 [on:0 tx:0 rx:0 period:998] from screen [on:217434 period:1494153] score=60
10-15 22:22:07.178  3957  4129 D WifiStateMachine:  L2ConnectedState !RSSI_PKTCNT_FETCH uid=1000 rt=403316328/1063714555 0 0 "ourhome" f4:6d:2f:12:cc:88 rssi=-43 f=5240 sc=60 link=433 tx=0.4, 0.0, 0.0  rx=1.3 bcn=62451 [on:0 tx:0 rx:0 period:1] from screen [on:217434 period:1494154] score=60
10-15 22:22:07.184  3957  4129 D WifiStateMachine: fetchRssiLinkSpeedAndFrequencyNative rssi=-43 linkspeed=433 freq=5240
10-15 22:22:07.279 30678 30945 I BatteryMgr:DataCollectionService: stats => 1697401327279,172,4250,155,0,100
10-15 22:22:07.387 30678 30945 I BatteryMgr:DataCollectionService: stats => 1697401327387,172,4250,155,0,100
10-15 22:22:07.499 30678 30945 I BatteryMgr:DataCollectionService: stats => 1697401327499,172,4250,155,0,100
10-15 22:22:07.608 30678 30945 I BatteryMgr:DataCollectionService: stats => 1697401327608,172,4250,155,0,100
10-15 22:22:07.718 30678 30945 I BatteryMgr:DataCollectionService: stats => 1697401327718,172,4250,155,0,100
10-15 22:22:07.827 30678 30945 I BatteryMgr:DataCollectionService: stats => 1697401327827,172,4250,155,0,100
10-15 22:22:07.918  3957  5413 D SamsungAlarmManager: Cancel Alarm calling from uid:10025 pid :18970 / op:PendingIntent{3d47b5: PendingIntentRecord{88a23a8 com.google.android.gms startService}}
10-15 22:22:07.933 30678 30945 I BatteryMgr:DataCollectionService: stats => 1697401327933,172,4250,155,0,100
10-15 22:22:08.042 30678 30945 I BatteryMgr:DataCollectionService: stats => 1697401328041,172,4250,155,0,100
10-15 22:22:08.057  3957  6478 D SSRM:k  : SIOP:: AP = 380, PST = 351 (W:22), BAT = 297, USB = 0, CHG = 0
10-15 22:22:08.153 30678 30945 I BatteryMgr:DataCollectionService: stats => 1697401328152,172,4250,155,0,100
10-15 22:22:08.169  3957  4128 D WifiService: getConnectionInfo uid=1000
10-15 22:22:08.178  3957  4129 D WifiStateMachine:  ConnectedState !RSSI_PKTCNT_FETCH uid=1000 rt=403317327/1063715555 0 0 "ourhome" f4:6d:2f:12:cc:88 rssi=-43 f=5240 sc=60 link=433 tx=0.4, 0.0, 0.0  rx=1.3 bcn=62451 [on:0 tx:0 rx:0 period:1000] from screen [on:217434 period:1495154] score=60
10-15 22:22:08.180  3957  4129 D WifiStateMachine:  L2ConnectedState !RSSI_PKTCNT_FETCH uid=1000 rt=403317329/1063715557 0 0 "ourhome" f4:6d:2f:12:cc:88 rssi=-43 f=5240 sc=60 link=433 tx=0.4, 0.0, 0.0  rx=1.3 bcn=62451 [on:0 tx:0 rx:0 period:1] from screen [on:217434 period:1495155] score=60
10-15 22:22:08.186  3957  4129 D WifiStateMachine: fetchRssiLinkSpeedAndFrequencyNative rssi=-44 linkspeed=433 freq=5240
10-15 22:22:08.205  3957  5413 D SamsungAlarmManager: Cancel Alarm calling from uid:10025 pid :18956 / op:PendingIntent{eede4a: PendingIntentRecord{aea9a9a com.google.android.gms startService}}
10-15 22:22:08.261 30678 30945 I BatteryMgr:DataCollectionService: stats => 1697401328261,172,4250,155,0,100
10-15 22:22:08.370 30678 30945 I BatteryMgr:DataCollectionService: stats => 1697401328370,172,4250,155,0,100
10-15 22:22:08.486 30678 30945 I BatteryMgr:DataCollectionService: stats => 1697401328486,172,4250,155,0,100
10-15 22:22:08.595 30678 30945 I BatteryMgr:DataCollectionService: stats => 1697401328595,172,4250,155,0,100
10-15 22:22:08.703 30678 30945 I BatteryMgr:DataCollectionService: stats => 1697401328703,172,4250,155,0,100
10-15 22:22:08.815 30678 30945 I BatteryMgr:DataCollectionService: stats => 1697401328815,172,4250,155,0,100
10-15 22:22:08.925 30678 30945 I BatteryMgr:DataCollectionService: stats => 1697401328924,172,4250,155,0,100
10-15 22:22:09.033 30678 30945 I BatteryMgr:DataCollectionService: stats => 1697401329033,172,4250,155,0,100
10-15 22:22:09.086  3957  4129 D WifiStateMachine:  ConnectedState !CMD_RSSI_POLL rt=403318233/1063716461 52 0 "ourhome" f4:6d:2f:12:cc:88 rssi=-44 f=5240 sc=60 link=433 tx=0.4, 0.0, 0.0  rx=1.3 bcn=62451 [on:0 tx:0 rx:0 period:907] from screen [on:217434 period:1496062] score=60
10-15 22:22:09.088  3957  4129 D WifiStateMachine:  L2ConnectedState !CMD_RSSI_POLL rt=403318237/1063716465 52 0 "ourhome" f4:6d:2f:12:cc:88 rssi=-44 f=5240 sc=60 link=433 tx=0.4, 0.0, 0.0  rx=1.3 bcn=62451 [on:0 tx:0 rx:0 period:2] from screen [on:217434 period:1496064] score=60
10-15 22:22:09.089  3957  4129 D WifiStateMachine:  get link layer stats 3
10-15 22:22:09.090  3436  3436 I android.hardware.wifi@1.0-service: getLinkLayerStats
10-15 22:22:09.102  3957  4129 D WifiStateMachine: fetchRssiLinkSpeedAndFrequencyNative rssi=-43 linkspeed=433 freq=5240
10-15 22:22:09.110  4340  4340 E SignalClusterView: setSlotFocusVisible : subId -2
10-15 22:22:09.110  4340  4340 E SignalClusterView: setSlotFocusVisible : subId -2
10-15 22:22:09.142 30678 30945 I BatteryMgr:DataCollectionService: stats => 1697401329142,172,4250,155,0,100
10-15 22:22:09.171  3957  4128 D WifiService: getConnectionInfo uid=1000
10-15 22:22:09.178  3957  4129 D WifiStateMachine:  ConnectedState !RSSI_PKTCNT_FETCH uid=1000 rt=403318328/1063716555 0 0 "ourhome" f4:6d:2f:12:cc:88 rssi=-43 f=5240 sc=60 link=433 tx=0.2, 0.0, 0.0  rx=0.5 bcn=62477 [on:0 tx:0 rx:0 period:69] from screen [on:217510 period:1496154] score=60
10-15 22:22:09.180  3957  4129 D WifiStateMachine:  L2ConnectedState !RSSI_PKTCNT_FETCH uid=1000 rt=403318329/1063716557 0 0 "ourhome" f4:6d:2f:12:cc:88 rssi=-43 f=5240 sc=60 link=433 tx=0.2, 0.0, 0.0  rx=0.5 bcn=62477 [on:0 tx:0 rx:0 period:2] from screen [on:217510 period:1496156] score=60
10-15 22:22:09.186  3957  4129 D WifiStateMachine: fetchRssiLinkSpeedAndFrequencyNative rssi=-43 linkspeed=433 freq=5240
10-15 22:22:09.253 30678 30945 I BatteryMgr:DataCollectionService: stats => 1697401329253,172,4250,155,0,100
10-15 22:22:09.364 30678 30945 I BatteryMgr:DataCollectionService: stats => 1697401329364,172,4250,155,0,100
10-15 22:22:09.475 30678 30945 I BatteryMgr:DataCollectionService: stats => 1697401329475,172,4250,155,0,100
10-15 22:22:09.586 30678 30945 I BatteryMgr:DataCollectionService: stats => 1697401329585,172,4250,155,0,100
10-15 22:22:09.669 19438 19556 D ScanRecord: Not a Multi Manu data
10-15 22:22:09.673 19438 19556 I chatty  : uid=1002(bluetooth) BT Service Call identical 24 lines
10-15 22:22:09.673 19438 19556 D ScanRecord: Not a Multi Manu data
10-15 22:22:09.694 30678 30945 I BatteryMgr:DataCollectionService: stats => 1697401329694,172,4250,155,0,100
10-15 22:22:09.749 19438 19556 D ScanRecord: Not a Multi Manu data
10-15 22:22:09.790 19438 19556 I chatty  : uid=1002(bluetooth) BT Service Call identical 63 lines
10-15 22:22:09.790 19438 19556 D ScanRecord: Not a Multi Manu data
10-15 22:22:09.803 30678 30945 I BatteryMgr:DataCollectionService: stats => 1697401329802,172,4250,155,0,100
10-15 22:22:09.808 19438 19556 D ScanRecord: Not a Multi Manu data
10-15 22:22:09.879 19438 19556 I chatty  : uid=1002(bluetooth) BT Service Call identical 63 lines
10-15 22:22:09.879 19438 19556 D ScanRecord: Not a Multi Manu data
10-15 22:22:09.912 30678 30945 I BatteryMgr:DataCollectionService: stats => 1697401329911,172,4250,155,0,100
10-15 22:22:09.930 19438 19556 D ScanRecord: Not a Multi Manu data
10-15 22:22:10.002 19438 19556 I chatty  : uid=1002(bluetooth) BT Service Call identical 63 lines
10-15 22:22:10.002 19438 19556 D ScanRecord: Not a Multi Manu data
10-15 22:22:10.021 30678 30945 I BatteryMgr:DataCollectionService: stats => 1697401330021,172,4250,155,0,100
10-15 22:22:10.028 19438 19556 D ScanRecord: Not a Multi Manu data
10-15 22:22:10.038  4961  4961 D io_stats: !@ 179,0 r 5295129 164145924 w 1289363 28006376 d 101692 31622236 f 298916 315527 iot 2353376 2080468 th 51200 0 0 pt 0 inp 0 0 403319.188
10-15 22:22:10.119 19438 19556 I chatty  : uid=1002(bluetooth) BT Service Call identical 102 lines
10-15 22:22:10.119 19438 19556 D ScanRecord: Not a Multi Manu data
10-15 22:22:10.128 30678 30945 I BatteryMgr:DataCollectionService: stats => 1697401330128,172,4250,155,0,100
10-15 22:22:10.139 19438 19556 D ScanRecord: Not a Multi Manu data
10-15 22:22:10.140 19438 19556 I chatty  : uid=1002(bluetooth) BT Service Call identical 11 lines
10-15 22:22:10.140 19438 19556 D ScanRecord: Not a Multi Manu data
10-15 22:22:10.174  3957  4128 D WifiService: getConnectionInfo uid=1000
10-15 22:22:10.180  3957  4129 D WifiStateMachine:  ConnectedState !RSSI_PKTCNT_FETCH uid=1000 rt=403319329/1063717556 0 0 "ourhome" f4:6d:2f:12:cc:88 rssi=-43 f=5240 sc=60 link=433 tx=0.2, 0.0, 0.0  rx=0.5 bcn=62477 [on:0 tx:0 rx:0 period:999] from screen [on:217510 period:1497155] score=60
10-15 22:22:10.183  3957  4129 D WifiStateMachine:  L2ConnectedState !RSSI_PKTCNT_FETCH uid=1000 rt=403319331/1063717558 0 0 "ourhome" f4:6d:2f:12:cc:88 rssi=-43 f=5240 sc=60 link=433 tx=0.2, 0.0, 0.0  rx=0.5 bcn=62477 [on:0 tx:0 rx:0 period:4] from screen [on:217510 period:1497159] score=60
10-15 22:22:10.189  3957  4129 D WifiStateMachine: fetchRssiLinkSpeedAndFrequencyNative rssi=-42 linkspeed=433 freq=5240
10-15 22:22:10.236 30678 30945 I BatteryMgr:DataCollectionService: stats => 1697401330236,172,4250,155,0,100
10-15 22:22:10.346 30678 30945 I BatteryMgr:DataCollectionService: stats => 1697401330346,172,4250,155,0,100
10-15 22:22:10.381  3957  4030 D SensorService: [SO] 0.081 -0.105 9.974
10-15 22:22:10.455 30678 30945 I BatteryMgr:DataCollectionService: stats => 1697401330455,172,4250,155,0,100
10-15 22:22:10.565 30678 30945 I BatteryMgr:DataCollectionService: stats => 1697401330565,172,4250,155,0,100
10-15 22:22:10.674 30678 30945 I BatteryMgr:DataCollectionService: stats => 1697401330674,172,4250,155,0,100
10-15 22:22:10.784 30678 30945 I BatteryMgr:DataCollectionService: stats => 1697401330784,172,4250,155,0,100
10-15 22:22:10.893 30678 30945 I BatteryMgr:DataCollectionService: stats => 1697401330892,172,4250,155,0,100
10-15 22:22:11.002 30678 30945 I BatteryMgr:DataCollectionService: stats => 1697401331002,172,4250,155,0,100
10-15 22:22:11.113 30678 30945 I BatteryMgr:DataCollectionService: stats => 1697401331113,172,4250,155,0,100
10-15 22:22:11.177  3957  4128 D WifiService: getConnectionInfo uid=1000
10-15 22:22:11.182  3957  4129 D WifiStateMachine:  ConnectedState !RSSI_PKTCNT_FETCH uid=1000 rt=403320331/1063718558 0 0 "ourhome" f4:6d:2f:12:cc:88 rssi=-42 f=5240 sc=60 link=433 tx=0.2, 0.0, 0.0  rx=0.5 bcn=62477 [on:0 tx:0 rx:0 period:998] from screen [on:217510 period:1498157] score=60
10-15 22:22:11.185  3957  4129 D WifiStateMachine:  L2ConnectedState !RSSI_PKTCNT_FETCH uid=1000 rt=403320334/1063718562 0 0 "ourhome" f4:6d:2f:12:cc:88 rssi=-42 f=5240 sc=60 link=433 tx=0.2, 0.0, 0.0  rx=0.5 bcn=62477 [on:0 tx:0 rx:0 period:4] from screen [on:217510 period:1498161] score=60
10-15 22:22:11.193  3957  4129 D WifiStateMachine: fetchRssiLinkSpeedAndFrequencyNative rssi=-43 linkspeed=433 freq=5240
10-15 22:22:11.224 30678 30945 I BatteryMgr:DataCollectionService: stats => 1697401331224,172,4250,155,0,100
10-15 22:22:11.331 30678 30945 I BatteryMgr:DataCollectionService: stats => 1697401331331,172,4250,155,0,100
10-15 22:22:11.438 30678 30945 I BatteryMgr:DataCollectionService: stats => 1697401331438,172,4250,155,0,100
10-15 22:22:11.547 30678 30945 I BatteryMgr:DataCollectionService: stats => 1697401331547,172,4250,155,0,100
10-15 22:22:11.656 30678 30945 I BatteryMgr:DataCollectionService: stats => 1697401331655,172,4250,155,0,100
10-15 22:22:11.765 30678 30945 I BatteryMgr:DataCollectionService: stats => 1697401331765,172,4250,155,0,100
10-15 22:22:11.874 30678 30945 I BatteryMgr:DataCollectionService: stats => 1697401331874,172,4250,155,0,100
10-15 22:22:11.983 30678 30945 I BatteryMgr:DataCollectionService: stats => 1697401331983,172,4250,155,0,100
10-15 22:22:12.091 30678 30945 I BatteryMgr:DataCollectionService: stats => 1697401332091,172,4250,155,0,100
10-15 22:22:12.106  3957  4129 D WifiStateMachine:  ConnectedState !CMD_RSSI_POLL rt=403321256/1063719483 52 0 "ourhome" f4:6d:2f:12:cc:88 rssi=-43 f=5240 sc=60 link=433 tx=0.2, 0.0, 0.0  rx=0.5 bcn=62477 [on:0 tx:0 rx:0 period:921] from screen [on:217510 period:1499082] score=60
10-15 22:22:12.110  3957  4129 D WifiStateMachine:  L2ConnectedState !CMD_RSSI_POLL rt=403321257/1063719485 52 0 "ourhome" f4:6d:2f:12:cc:88 rssi=-43 f=5240 sc=60 link=433 tx=0.2, 0.0, 0.0  rx=0.5 bcn=62477 [on:0 tx:0 rx:0 period:3] from screen [on:217510 period:1499085] score=60
10-15 22:22:12.110  3957  4129 D WifiStateMachine:  get link layer stats 3
10-15 22:22:12.110  3436  3436 I android.hardware.wifi@1.0-service: getLinkLayerStats
10-15 22:22:12.126  3957  4129 D WifiStateMachine: fetchRssiLinkSpeedAndFrequencyNative rssi=-43 linkspeed=433 freq=5240
10-15 22:22:12.130  4340  4340 E SignalClusterView: setSlotFocusVisible : subId -2
