--------- beginning of main
10-15 21:59:43.596 12416 12416 E adbd    : recv: OPEN 0000086f 00000000 0042:73 68 65 6C 6C 2C 76 32 2C 54 45 52 4D 3D 78 74 65 72 6D 2D 32 35 36 63 6F 6C 6F 72 2C 72 61 77 3A 67 65 74 70 72 6F 70 20 72 6F 2E 62 75 69 6C 64 2E 76 65 72 73 69 6F 6E 2E 72 65 6C 65 61 73 65 00 
10-15 21:59:43.596 12416 12416 E adbd    : service_to_fd: shell,v2,TERM=xterm-256color,raw:getprop ro.build.version.release
--------- beginning of system
10-15 21:59:43.645  3957  3980 W StorageManager: getStorageFullBytes DEFAULT_FULL_THRESHOLD_BYTES : 20971520, threadhold : 20971520
10-15 21:59:43.645  3957  3980 W StorageManager: getStorageLowBytes lowPercent : 5, lowBytes : 1260145254, maxLowBytes : 524288000
10-15 21:59:43.647  3957  3980 W DeviceStorageMonitorService: updateBroadcasts(/data) oldLevel:0, newLevel:0, seq:1
10-15 21:59:43.647  3957  3980 W DeviceStorageMonitorService: updateBroadcasts_filenode(/data) fn_oldLevel:0, fn_newLevel:0, seq:1
10-15 21:59:43.666 12416 12416 E adbd    : recv: OPEN 00000873 00000000 003e:73 68 65 6C 6C 2C 76 32 2C 54 45 52 4D 3D 78 74 65 72 6D 2D 32 35 36 63 6F 6C 6F 72 2C 72 61 77 3A 67 65 74 70 72 6F 70 20 72 6F 2E 62 75 69 6C 64 2E 76 65 72 73 69 6F 6E 2E 73 64 6B 00 
10-15 21:59:43.666 12416 12416 E adbd    : service_to_fd: shell,v2,TERM=xterm-256color,raw:getprop ro.build.version.sdk
10-15 21:59:43.736 12416 12416 E adbd    : recv: OPEN 00000877 00000000 00c4:73 68 65 6C 6C 2C 76 32 2C 54 45 52 4D 3D 78 74 65 72 6D 2D 32 35 36 63 6F 6C 6F 72 2C 72 61 77 3A 61 6D 20 73 74 61 72 74 20 2D 6E 20 22 63 6F 6D 2E 65 78 61 6D 70 6C 65 2E 62 61 74 74 65 72 79 6D 61 6E 61 67 65 72 5F 75 74 69 6C 69 74 79 2F 63 6F 6D 2E 65 78 61 6D 70 6C 65 2E 62 61 74 74 65 72 79 6D 61 6E 61 67 65 72 5F 75 74 69 6C 69 74 79 2E 4D 61 69 6E 41 63 74 69 76 69 74 79 22 20 2D 61 20 61 6E 64 72 6F 69 64 2E 69 6E 74 65 6E 74 2E 61 63 74 69 6F 6E 2E 4D 41 49 4E 20 2D 63 20 61 6E 64 72 6F 69 64 2E 69 6E 74 65 6E 74 2E 63 61 74 65 67 6F 72 79 2E 4C 41 55 4E 43 48 45 52 00 
10-15 21:59:43.736 12416 12416 E adbd    : service_to_fd: shell,v2,TERM=xterm-256color,raw:am start -n "com.example.batterymanager_utility/com.example.batterymanager_utility.MainActivity" -a android.intent.action.MAIN -c android.intent.category.LAUNCHER
10-15 21:59:43.820  3957  9502 I ActivityManager: START u0 {act=android.intent.action.MAIN typ=null flg=0x10000000 cmp=ComponentInfo{com.example.batterymanager_utility/com.example.batterymanager_utility.MainActivity}} from uid 2000
10-15 21:59:43.823  3957  9502 D CustomFrequencyManagerService: acquireDVFSLockLocked : type : DVFS_MIN_LIMIT  frequency : 1560000  uid : 1000  pid : 3957  pkgName : AMS_APP_SWITCH@CPU_MIN@52
10-15 21:59:43.826  3957  9502 D ActivityManagerPerformance: AMP_acquire() APP_SWITCH
10-15 21:59:43.826  3957  5022 D ActivityManagerPerformance: Received MSG_CFMS_HINT_AMS_SWITCH pkgName: com.example.batterymanager_utility
10-15 21:59:43.826  3957  6478 D TelephonyManager: getAllCellInfo : Caller (PID / UID / TID): 3957 / 1000 / 6478
10-15 21:59:43.830 14518 14518 V Launcher: Launcher.onPause()
10-15 21:59:43.830 14518 14518 D Launcher: setHotWordDetection : call requestHotWordDetection false
10-15 21:59:43.833  3957  3957 D MdnieScenarioControlService: Listener Real Multi Window State : false
10-15 21:59:43.837 14987 14987 I GsaVoiceInteractionSrv: Handling ACTION_STOP_HOTWORD
10-15 21:59:43.837  3957 10057 D ActivityManager: isScaleDownAnimationEnabled() : false
10-15 21:59:43.845  3957 10057 D StorageManagerService: getExternalStorageMountMode : 1
10-15 21:59:43.845  3957 10057 D StorageManagerService: getExternalStorageMountMode : 3
10-15 21:59:43.845  3957 10057 D StorageManagerService: getExternalStorageMountMode : final mountMode=1, uid : 10170, packageName : com.example.batterymanager_utility
10-15 21:59:43.846  3957 10057 I ApplicationPolicy: isApplicationExternalStorageWhitelisted:com.example.batterymanager_utility user:0
10-15 21:59:43.846  3957 10057 D ApplicationPolicy: isApplicationExternalStorageWhitelisted: DO is not enabled on user 0. Allowed.
10-15 21:59:43.846  3957 10057 D ActivityManager: package  com.example.batterymanager_utility, user - 0 is SDcard whitelisted
10-15 21:59:43.846  3957 10057 I ApplicationPolicy: isApplicationExternalStorageBlacklisted:com.example.batterymanager_utility user:0
10-15 21:59:43.846  3957 10057 D ApplicationPolicy: isApplicationExternalStorageBlacklisted: DO is not enabled on user 0. Allowed.
10-15 21:59:43.848 14987 15102 I HwDetectorWithState: (REDACTED) a: %d
10-15 21:59:43.850  3957  6478 D WifiService: getConnectionInfo uid=1000
10-15 21:59:43.857 28420 28420 E Zygote  : isWhitelistProcess - Process is Whitelisted
10-15 21:59:43.857 28420 28420 E libpersona: scanKnoxPersonas
10-15 21:59:43.857 28420 28420 E libpersona: Couldn't open the File - /data/system/users/0/personalist.xml - No such file or directory
10-15 21:59:43.857  3957 10057 I ActivityManager: Start proc 28420:com.example.batterymanager_utility/u0a170 for activity com.example.batterymanager_utility/.MainActivity
10-15 21:59:43.859 28420 28420 W SELinux : SELinux selinux_android_compute_policy_index : Policy Index[2],  Con:u:r:zygote:s0 RAM:SEPF_SM-J720F_8.0.0_0002, [-1 -1 -1 -1 0 1]
10-15 21:59:43.859 28420 28420 I SELinux : SELinux: seapp_context_lookup: seinfo=untrusted, level=s0:c512,c768, pkgname=com.example.batterymanager_utility 
10-15 21:59:43.863 28420 28420 I zygote64: Late-enabling -Xcheck:jni
10-15 21:59:43.863  3957  4025 V WindowManager: rotationForOrientationLw(orient=-1, last=0); user=0  sensorRotation=-1 mLidState=-1 mDockMode=0 mHdmiPlugged=false
10-15 21:59:43.864  3957  4025 D ViewRootImpl@4044f5a[batterymanager_utility]: setView = DecorView@7485a81[batterymanager_utility] TM=true MM=false
10-15 21:59:43.876  3957  4025 D ViewRootImpl@4044f5a[batterymanager_utility]: dispatchAttachedToWindow
10-15 21:59:43.876  3957  4025 V WindowManager: Relayout Window{c50c668 u0 Splash Screen com.example.batterymanager_utility}: viewVisibility=0 req=719x1237 WM.LayoutParams{(0,0)(fillxfill) sim=#20 ty=3 fl=#81830118 pfl=0x20011 wanim=0x10302fd vsysui=0x600 needsMenuKey=2 colorMode=0 naviIconColor=0}
10-15 21:59:43.879  4340  4340 D WallpaperService: updateSurface forceRelayout=true redrawNeeded=false myWidth=1280 myHeight=1280 fixedSize=true x = 0 y = 0 mWidth=1280 mHeight=1280 mIsSleepMode=false
10-15 21:59:43.880  3447  3447 I SurfaceFlinger: id=1707 createSurf (720x1280),1 flag=404, Splash Screen com.example.batterymanager_utility#0
10-15 21:59:43.881  3957  4025 V Surface : sf_framedrop debug : 0x4f4c, game : false, logging : 0
10-15 21:59:43.884  3957  4025 D InputDispatcher: Focus left window: 14518
10-15 21:59:43.884  3957  4025 D ViewRootImpl@4044f5a[batterymanager_utility]: Relayout returned: old=[0,0][0,0] new=[0,0][720,1280] result=0x7 surface={valid=true 501170962432} changed=true
10-15 21:59:43.885 14518 14518 D ViewRootImpl@1dfca54[LauncherActivity]: MSG_WINDOW_FOCUS_CHANGED 0
10-15 21:59:43.887  3957  4025 D ViewRootImpl@4044f5a[batterymanager_utility]: MSG_RESIZED_REPORT: frame=Rect(0, 0 - 720, 1280) ci=Rect(0, 42 - 0, 0) vi=Rect(0, 42 - 0, 0) or=1
10-15 21:59:43.887  3957  3968 V WindowManager: Relayout Window{b8b4ba7 u0 com.android.systemui.ImageWallpaper}: viewVisibility=0 req=1280x1280 WM.LayoutParams{(0,0)(1280x1280) gr=#800033 ty=2013 fl=#10318 fmt=2 wanim=0x103030e colorMode=0 naviIconColor=0}
10-15 21:59:43.891  4340  4340 D ImageWallpaper: onOffsetsChanged: xOffset=0.0, yOffset=0.0, xOffsetStep=0.0, yOffsetStep=0.0, xPixels=0, yPixels=0
10-15 21:59:43.892  4340  4340 D ImageWallpaper: newRotation : 0,mLastRotation : 0
10-15 21:59:43.892  4340  4340 D ImageWallpaper: drawFrame:[frame.width()]1280[frame.height()]1280
10-15 21:59:43.892  4340  4340 D ImageWallpaper: surfaceDimensionsChanged=false mDisplayWidth=720 mDisplayHeight=1280
10-15 21:59:43.892  4340  4340 D ImageWallpaper: redrawNeeded = false, mOffsetsChanged = false
10-15 21:59:43.892  4340  4340 D ImageWallpaper: Suppressed drawFrame since redraw is not needed and offsets have not changed.
10-15 21:59:43.899  3957  4025 V WindowManager: finishDrawingLocked: mDrawState=COMMIT_DRAW_PENDING Window{c50c668 u0 Splash Screen com.example.batterymanager_utility} in Surface(name=Splash Screen com.example.batterymanager_utility)
10-15 21:59:43.907 28420 28420 D TimaKeyStoreProvider: TimaKeyStore is not enabled: cannot add TimaSignature Service and generateKeyPair Service
10-15 21:59:43.908 28420 28420 D ActivityThread: Added TimaKeyStore provider
10-15 21:59:43.911  3957  3968 I ActivityManager: DSS on for com.example.batterymanager_utility and scale is 1.0
10-15 21:59:43.919  3957  3968 D PersonaManagerService: Current focused persona service handled id set to : 0
10-15 21:59:43.919  3957  3968 D InputDispatcher: Focused application set to: xxxx
10-15 21:59:43.921  3957  4220 D GameManagerService: handleForegroundChange(). pkgName: com.example.batterymanager_utility, clsName: com.example.batterymanager_utility.MainActivity,FgActivityName:com.example.batterymanager_utility/.MainActivity
10-15 21:59:43.921  3957  3968 D MARsPolicyManager: onPackageResumedFG pkgName = com.example.batterymanager_utility, userId = 0
10-15 21:59:43.921  3957  4220 D GameManagerService: sem_perfomance_mode: 3
10-15 21:59:43.921  3957  4220 D GameManagerService: notifyResumePause(). pkg: com.example.batterymanager_utility, type: 4, isMinimized: false, isTunableApp: false
10-15 21:59:43.921  3957  4220 D GameManagerService:   notifyResumePause(). unexpected mPrevNotiType: -1
10-15 21:59:43.922  3957  3968 D SamsungAnimationCreator: createAnimation type:LowEnd transit:12 enter:false wallpaperXoffset:-280 split:false fixedOri:false
10-15 21:59:43.922  3957  3968 D SamsungAnimationCreator: createAnimation displayFrame:Rect(0, 0 - 720, 1280) frame:null insets:null
10-15 21:59:43.926 14518 14518 I Launcher: onWindowVisibilityChanged : false
10-15 21:59:43.930  3957  6478 D GamePkgDataHelper: getGamePkgDataIncServer(). com.example.batterymanager_utility
10-15 21:59:43.931  3957  6478 D GameManagerService: identifyGamePackage. com.example.batterymanager_utility
10-15 21:59:43.931  3957  6478 D GamePkgDataHelper: getGamePkgData(). com.example.batterymanager_utility
10-15 21:59:43.932  3957  6478 D GameManagerService: identifyGamePackage. com.example.batterymanager_utility
10-15 21:59:43.932  3957  6478 D GamePkgDataHelper: getGamePkgData(). com.example.batterymanager_utility
10-15 21:59:43.932  3957  6478 D GamePkgDataHelper: getSosPolicy(). com.example.batterymanager_utility
10-15 21:59:43.933  3957  6478 D GameManagerService: identifyGamePackage. com.example.batterymanager_utility
10-15 21:59:43.933  3957  6478 D GamePkgDataHelper: getGamePkgData(). com.example.batterymanager_utility
10-15 21:59:43.934 14518 14717 D OpenGLRenderer: eglDestroySurface = 0x74ba43e600
10-15 21:59:43.934  3957  3973 D WindowManager: set systemUiVisibility : systemUiFlags= 0x608 fullscreenStackSysUiFlags= 0x0
10-15 21:59:43.934  3957  3968 V WindowManager: Relayout Window{b4540d2 u0 com.sec.android.app.launcher/com.sec.android.app.launcher.activities.LauncherActivity}: viewVisibility=8 req=720x1280 WM.LayoutParams{(0,0)(fillxfill) sim=#130 ty=1 fl=#81910d00 pfl=0x20000 fmt=-2 wanim=0x10302ea vsysui=0x700 needsMenuKey=2 colorMode=0 naviIconColor=0}
10-15 21:59:43.937  3957  9502 D WindowManager: adjustSystemUiVisibilityLw : vis= 0x608
10-15 21:59:43.937  3957  6478 D GameManagerService: identifyGamePackage. com.example.batterymanager_utility
10-15 21:59:43.937  3957  6478 D GamePkgDataHelper: getGamePkgData(). com.example.batterymanager_utility
10-15 21:59:43.938 14518 14518 D ViewRootImpl@1dfca54[LauncherActivity]: Relayout returned: old=[0,0][720,1280] new=[0,0][720,1280] result=0x5 surface={valid=false 0} changed=true
10-15 21:59:43.949 28420 28420 I zygote64: no shared libraies, dex_files: 1
10-15 21:59:43.964  4340 29993 D SystemServicesProxy: updateOverviewLastStackActiveTimeAsync: newTime=1697399123335
10-15 21:59:43.964  3957  3968 D SecContentProvider: query(), uri = 17 selection = isSettingsChangesAllowed
10-15 21:59:43.965  3957  3968 D SecContentProvider: called from android.uid.systemui:10009
10-15 21:59:43.965  4340  4692 D SystemServicesProxy: updateOverviewLastStackActiveTimeAsync: done.
10-15 21:59:43.988 28420 28420 I BatteryMgr:App: creating notification channel
10-15 21:59:44.012  3447  3447 I SurfaceFlinger: Display 0 HWC layers:
10-15 21:59:44.012  3447  3447 I SurfaceFlinger:     type    |    handle    | flag |  format   |   source crop (l,t,r,b)    |         frame       | name 
10-15 21:59:44.012  3447  3447 I SurfaceFlinger: ------------+--------------+------+-----------+----------------------------+---------------------+------
10-15 21:59:44.012  3447  3447 I SurfaceFlinger:      Device | 0x7e9ec22c80 | 0002 | RGBx_8888 | 280.0    0.0 1000.0 1280.0 |    0    0  720 1280 | com.android.systemui.ImageWallpaper#0
10-15 21:59:44.012  3447  3447 I SurfaceFlinger:      Device | 0x7ea5024000 | 0000 | RGBA_8888 |  20.0   36.0  700.0 1245.0 |    0    0  720 1280 | com.sec.android.app.launcher/com.sec[...]uncher.activities.LauncherActivity#0
10-15 21:59:44.012  3447  3447 I SurfaceFlinger:      Device | 0x7ea5024180 | 0002 | RGBA_8888 |   0.0    0.0  720.0 1279.0 |  134  237  587 1042 | Splash Screen com.example.batterymanager_utility#0
10-15 21:59:44.012  3447  3447 I SurfaceFlinger:      Device | 0x7ea50249c0 | 0000 | RGBA_8888 |   0.0    0.0  720.0   42.0 |    0    0  720   42 | StatusBar#0
10-15 21:59:44.012  3447  3447 I SurfaceFlinger: 
10-15 21:59:44.038  4961  4961 D io_stats: !@ 179,0 r 5216650 161415812 w 1283459 27891728 d 101000 31564268 f 298313 314828 iot 2320348 2052960 th 51200 0 0 pt 0 inp 0 0 401973.189
10-15 21:59:44.061  3957  4089 D MdnieScenarioControlService:  packageName : com.example.batterymanager_utility    className : com.example.batterymanager_utility.MainActivity
10-15 21:59:44.061  3957  4089 V MdnieScenarioControlService: setUIMode from UI function(3)
10-15 21:59:44.082 28420 28436 D OpenGLRenderer: HWUI GL Pipeline
10-15 21:59:44.085  3957  4129 D WifiStateMachine:  ConnectedState !CMD_RSSI_POLL rt=401973235/1062371462 52 0 "ourhome" f4:6d:2f:12:cc:88 rssi=-45 f=5240 sc=60 link=433 tx=0.0, 0.0, 0.0  rx=1.6 bcn=50181 [on:0 tx:0 rx:0 period:829] from screen [on:20630 period:151061] score=60
10-15 21:59:44.085  3957  4129 D WifiStateMachine:  L2ConnectedState !CMD_RSSI_POLL rt=401973236/1062371463 52 0 "ourhome" f4:6d:2f:12:cc:88 rssi=-45 f=5240 sc=60 link=433 tx=0.0, 0.0, 0.0  rx=1.6 bcn=50181 [on:0 tx:0 rx:0 period:0] from screen [on:20630 period:151061] score=60
10-15 21:59:44.085  3957  4129 D WifiStateMachine:  get link layer stats 3
10-15 21:59:44.086  3436  3436 I android.hardware.wifi@1.0-service: getLinkLayerStats
10-15 21:59:44.091 28420 28420 D ViewRootImpl@4470b6[MainActivity]: setView = DecorView@a3fa1b7[MainActivity] TM=true MM=false
10-15 21:59:44.092  3957  3968 D ActivityManager: post active user change for 0 fullscreen true isHomeActivity() false
10-15 21:59:44.099  3957  4129 D WifiStateMachine: fetchRssiLinkSpeedAndFrequencyNative rssi=-45 linkspeed=433 freq=5240
10-15 21:59:44.102  4340  4340 E SignalClusterView: setSlotFocusVisible : subId -2
10-15 21:59:44.102  4340  4340 E SignalClusterView: setSlotFocusVisible : subId -2
10-15 21:59:44.210 28420 28420 W zygote64: Class androidx.compose.runtime.snapshots.SnapshotStateList failed lock verification and will run slower.
10-15 21:59:44.210 28420 28420 W zygote64: Common causes for lock verification issues are non-optimized dex code
10-15 21:59:44.210 28420 28420 W zygote64: and incorrect proguard optimizations.
10-15 21:59:44.253  3957  4129 D WifiStateMachine:  ConnectedState !RSSI_PKTCNT_FETCH uid=1000 rt=401973403/1062371630 0 0 "ourhome" f4:6d:2f:12:cc:88 rssi=-45 f=5240 sc=60 link=433 tx=8.9, 0.0, 0.0  rx=27.9 bcn=50208 [on:0 tx:0 rx:0 period:152] from screen [on:21653 period:151229] score=60
10-15 21:59:44.254  3957  4129 D WifiStateMachine:  L2ConnectedState !RSSI_PKTCNT_FETCH uid=1000 rt=401973404/1062371632 0 0 "ourhome" f4:6d:2f:12:cc:88 rssi=-45 f=5240 sc=60 link=433 tx=8.9, 0.0, 0.0  rx=27.9 bcn=50208 [on:0 tx:0 rx:0 period:1] from screen [on:21653 period:151230] score=60
10-15 21:59:44.257  3957  4129 D WifiStateMachine: fetchRssiLinkSpeedAndFrequencyNative rssi=-45 linkspeed=433 freq=5240
10-15 21:59:44.267  3957  3968 D BatteryService: !@BatteryListener : batteryPropertiesChanged!
10-15 21:59:44.317 28420 28420 D ViewRootImpl@4470b6[MainActivity]: dispatchAttachedToWindow
10-15 21:59:44.363  3447  3447 I SurfaceFlinger: Display 0 HWC layers:
10-15 21:59:44.363  3447  3447 I SurfaceFlinger:     type    |    handle    | flag |  format   |   source crop (l,t,r,b)    |         frame       | name 
10-15 21:59:44.363  3447  3447 I SurfaceFlinger: ------------+--------------+------+-----------+----------------------------+---------------------+------
10-15 21:59:44.363  3447  3447 I SurfaceFlinger:      Device | 0x7ea5024180 | 0002 | RGBA_8888 |   0.0    0.0  720.0 1280.0 |    0    0  720 1280 | Splash Screen com.example.batterymanager_utility#0
10-15 21:59:44.363  3447  3447 I SurfaceFlinger:      Device | 0x7ea50249c0 | 0000 | RGBA_8888 |   0.0    0.0  720.0   42.0 |    0    0  720   42 | StatusBar#0
10-15 21:59:44.363  3447  3447 I SurfaceFlinger: 
10-15 21:59:44.373  3957  3968 V WindowManager: Relayout Window{c4ed4fe u0 com.example.batterymanager_utility/com.example.batterymanager_utility.MainActivity}: viewVisibility=0 req=719x1237 WM.LayoutParams{(0,0)(fillxfill) sim=#120 ty=1 fl=#81810100 pfl=0x20000 wanim=0x10302fd vsysui=0x600 needsMenuKey=2 colorMode=0 naviIconColor=0}
10-15 21:59:44.376  3447  3447 I SurfaceFlinger: id=1708 createSurf (720x1280),1 flag=404, com.example.batterymanager_utility/com.example.batterymanager_utility.MainActivity#0
10-15 21:59:44.378  3957  3968 V Surface : sf_framedrop debug : 0x4f4c, game : false, logging : 0
10-15 21:59:44.383  3957  3968 D InputDispatcher: Focus entered window: 28420
10-15 21:59:44.385  3957  4025 I WindowManager: Destroying surface Surface(name=com.sec.android.app.launcher/com.sec.android.app.launcher.activities.LauncherActivity) called by com.android.server.wm.WindowStateAnimator.destroySurface:2501 com.android.server.wm.WindowStateAnimator.destroySurfaceLocked:985 com.android.server.wm.WindowState.destroyOrSaveSurfaceUnchecked:3670 com.android.server.wm.WindowState.destroySurface:3618 com.android.server.wm.AppWindowToken.destroySurfaces:722 com.android.server.wm.AppWindowToken.destroySurfaces:706 com.android.server.wm.WindowState.onExitAnimationDone:5316 com.android.server.wm.AppWindowAnimator.stepAnimationLocked:508 
10-15 21:59:44.385  3447  4088 I SurfaceFlinger: id=1706 Removed com.sec.android.app.launcher/com.sec.android.app.launcher.activities.LauncherActivity#0 (1/6)
10-15 21:59:44.386 28420 28420 V Surface : sf_framedrop debug : 0x4f4c, game : false, logging : 0
10-15 21:59:44.388 28420 28420 D ViewRootImpl@4470b6[MainActivity]: Relayout returned: old=[0,0][0,0] new=[0,0][720,1280] result=0x7 surface={valid=true 502085234688} changed=true
10-15 21:59:44.390  3447 18688 I SurfaceFlinger: id=1706 Removed com.sec.android.app.launcher/com.sec.android.app.launcher.activities.LauncherActivity#0 (-2/6)
10-15 21:59:44.391  4340 16318 D WallpaperService: dispatchAppVisibility onVisibilityChanged(): false
10-15 21:59:44.392  4340  4340 D ImageWallpaper: onVisibilityChanged: mVisible, visible=true, false
10-15 21:59:44.392  4340  4340 D ImageWallpaper: Visibility changed to visible=false
10-15 21:59:44.392  4340  4340 D WallpaperService: reportVisibility onVisibilityChanged visible: false
10-15 21:59:44.393  3447  3447 I Layer   : id=1706 onRemoved com.sec.android.app.launcher/com.sec.android.app.launcher.activities.LauncherActivity#0 
10-15 21:59:44.399 28420 28436 I OpenGLRenderer: Initialized EGL, version 1.4
10-15 21:59:44.399 28420 28436 D OpenGLRenderer: Swap behavior 2
10-15 21:59:44.404 28420 28436 D libGLESv1: STS_GLApi : DTS, ODTC are not allowed for Package : com.example.batterymanager_utility
10-15 21:59:44.405 28420 28436 D mali_winsys: EGLint new_window_surface(egl_winsys_display *, void *, EGLSurface, EGLConfig, egl_winsys_surface **, egl_color_buffer_format *, EGLBoolean) returns 0x3000,  [720x1280]-format:1
10-15 21:59:44.405 28420 28436 D OpenGLRenderer: eglCreateWindowSurface = 0x74e8ff0880
10-15 21:59:44.409 28420 28420 D Compose Focus: Owner FocusChanged(true)
10-15 21:59:44.443  3957  4128 D WifiService: getConnectionInfo uid=1000
10-15 21:59:44.484  3957  9502 V WindowManager: finishDrawingLocked: mDrawState=COMMIT_DRAW_PENDING Window{c4ed4fe u0 com.example.batterymanager_utility/com.example.batterymanager_utility.MainActivity} in Surface(name=com.example.batterymanager_utility/com.example.batterymanager_utility.MainActivity)
10-15 21:59:44.486 28420 28420 D ViewRootImpl@4470b6[MainActivity]: MSG_RESIZED_REPORT: frame=Rect(0, 0 - 720, 1280) ci=Rect(0, 42 - 0, 0) vi=Rect(0, 42 - 0, 0) or=1
10-15 21:59:44.486 28420 28420 D ViewRootImpl@4470b6[MainActivity]: MSG_WINDOW_FOCUS_CHANGED 1
10-15 21:59:44.488  3957  4025 D ViewRootImpl@4044f5a[batterymanager_utility]: dispatchDetachedFromWindow
10-15 21:59:44.488  3957  4025 D InputEventReceiver: channel 'c50c668 Splash Screen com.example.batterymanager_utility (client)' ~ Disposing input event receiver.
10-15 21:59:44.488  3957  4025 D InputEventReceiver: channel 'c50c668 Splash Screen com.example.batterymanager_utility (client)' ~NativeInputEventReceiver.
10-15 21:59:44.490  3957  3981 I ActivityManager: Displayed com.example.batterymanager_utility/.MainActivity: +650ms
10-15 21:59:44.491  3957  3981 D CustomFrequencyManagerService: acquireDVFSLockLocked : type : DVFS_MIN_LIMIT  frequency : 1560000  uid : 1000  pid : 3957  pkgName : AMS_RESUME_TAIL@CPU_MIN@58
10-15 21:59:44.491  3957  3981 D ActivityManagerPerformance: AMP_acquire() TAIL
10-15 21:59:44.492  3957  3981 D CustomFrequencyManagerService: releaseDVFSLockLocked : Getting Lock type frm List : DVFS_MIN_LIMIT  frequency : 1560000  uid : 1000  pid : 3957  tag : AMS_APP_SWITCH@CPU_MIN@52
10-15 21:59:44.492  3957  3981 D ActivityManagerPerformance: AMP_release() APP_SWITCH
10-15 21:59:44.492 28420 28420 V InputMethodManager: Starting input: tba=android.view.inputmethod.EditorInfo@c78721b nm : com.example.batterymanager_utility ic=null
10-15 21:59:44.492 28420 28420 I InputMethodManager: startInputInner - mService.startInputOrWindowGainedFocus
10-15 21:59:44.493  3957  9502 D InputMethodManagerService: startInputOrWindowGainedFocus : windowGainedFocus 
10-15 21:59:44.493  3957  9502 D InputMethodManagerService: windowGainedFocus: destinationUserId (getCallingUid) = 0
10-15 21:59:44.493  3957  9502 D InputMethodManagerService: windowGainedFocus: currentUserId=0
10-15 21:59:44.493  3957  9502 D InputMethodManagerService: windowGainedFocus: mCurrentFocusedUserId=0
10-15 21:59:44.493  3957  9502 D InputMethodManagerService: windowGainedFocus : lock - currentUserId = 0 destinationUserId = 0
10-15 21:59:44.493  3957  9502 D InputMethodManagerService: windowGainedFocus : mCurrentFocusedUserId - 0 and mSecureKeypadEnabled - false, userSwitched - false
10-15 21:59:44.495  3957  9502 V InputMethodManagerService: windowGainedFocus : reason=WINDOW_FOCUS_GAIN client=android.os.BinderProxy@23fa80 inputContext=null missingMethods= attribute=android.view.inputmethod.EditorInfo@53f430a nm = com.example.batterymanager_utility controlFlags=#105 softInputMode=#120 windowFlags=#81810100
10-15 21:59:44.496  3957  9502 V InputMethodManagerService: hideCurrentInputLocked : shouldHideSoftInput is false
10-15 21:59:44.496  3957  9502 D InputMethodManagerService: isImeSwitcherDisabledPackage : false
10-15 21:59:44.496  3957  9502 V InputMethodManagerService: Creating new session for client ClientState{618c77b uid 10170 pid 28420}
10-15 21:59:44.498  3957  9502 D InputMethodManagerService: setCurrentInputInfo - inputContext : null eidtorInfo : android.view.inputmethod.EditorInfo@53f430a missingMethods : 0
10-15 21:59:44.499 19735 19735 I InputMethodWrapper:  call dispatchStartInputWithToken
10-15 21:59:44.499 19735 19735 I InputMethodService: dispatchStartInputWithToken
10-15 21:59:44.499 19735 19735 I SKBD    : SamsungKeypad [IMI] onStartInput - caller pid : 28420, caller uid : 10170
10-15 21:59:44.512 28420 28420 V InputMethodManager: Starting input: tba=android.view.inputmethod.EditorInfo@deeffb8 nm : com.example.batterymanager_utility ic=null
10-15 21:59:44.520 14518 14518 D StageManager: saved stages : inStack [1] , outStack[2]
10-15 21:59:44.529  3447  3447 I SurfaceFlinger: Display 0 HWC layers:
10-15 21:59:44.529  3447  3447 I SurfaceFlinger:     type    |    handle    | flag |  format   |   source crop (l,t,r,b)    |         frame       | name 
10-15 21:59:44.529  3447  3447 I SurfaceFlinger: ------------+--------------+------+-----------+----------------------------+---------------------+------
10-15 21:59:44.529  3447  3447 I SurfaceFlinger:      Device | 0x7e9ec22980 | 0002 | RGBA_8888 |   0.0    0.0  720.0 1280.0 |    0    0  720 1280 | com.example.batterymanager_utility/c[...]atterymanager_utility.MainActivity#0
10-15 21:59:44.529  3447  3447 I SurfaceFlinger:      Device | 0x7ea5024180 | 0002 | RGBA_8888 |   0.0    0.0  720.0 1280.0 |    0    0  720 1280 | Splash Screen com.example.batterymanager_utility#0
10-15 21:59:44.529  3447  3447 I SurfaceFlinger:      Device | 0x7ea5024e40 | 0000 | RGBA_8888 |   0.0    0.0  720.0   42.0 |    0    0  720   42 | StatusBar#0
10-15 21:59:44.529  3447  3447 I SurfaceFlinger: 
10-15 21:59:44.657 19438 19556 D ScanRecord: Not a Multi Manu data
10-15 21:59:44.657 19438 19556 I chatty  : uid=1002(bluetooth) BT Service Call identical 11 lines
10-15 21:59:44.657 19438 19556 D ScanRecord: Not a Multi Manu data
10-15 21:59:44.661  3957  4089 D MdnieScenarioControlService:  packageName : com.example.batterymanager_utility    className : com.example.batterymanager_utility.MainActivity
10-15 21:59:44.661  3957  4089 V MdnieScenarioControlService: setUIMode from UI function(3)
10-15 21:59:44.663  3447  3447 I SurfaceFlinger: Display 0 HWC layers:
10-15 21:59:44.663  3447  3447 I SurfaceFlinger:     type    |    handle    | flag |  format   |   source crop (l,t,r,b)    |         frame       | name 
10-15 21:59:44.663  3447  3447 I SurfaceFlinger: ------------+--------------+------+-----------+----------------------------+---------------------+------
10-15 21:59:44.663  3447  3447 I SurfaceFlinger:      Device | 0x7e9ec22980 | 0002 | RGBA_8888 |   0.0    0.0  720.0 1280.0 |    0    0  720 1280 | com.example.batterymanager_utility/c[...]atterymanager_utility.MainActivity#0
10-15 21:59:44.663  3447  3447 I SurfaceFlinger:      Device | 0x7ea5024e40 | 0000 | RGBA_8888 |   0.0    0.0  720.0   42.0 |    0    0  720   42 | StatusBar#0
10-15 21:59:44.663  3447  3447 I SurfaceFlinger: 
10-15 21:59:44.665  3957  4025 I WindowManager: Destroying surface Surface(name=Splash Screen com.example.batterymanager_utility) called by com.android.server.wm.WindowStateAnimator.destroySurface:2501 com.android.server.wm.WindowStateAnimator.destroySurfaceLocked:985 com.android.server.wm.WindowState.destroyOrSaveSurfaceUnchecked:3670 com.android.server.wm.WindowState.destroySurface:3618 com.android.server.wm.AppWindowToken.destroySurfaces:722 com.android.server.wm.AppWindowToken.destroySurfaces:706 com.android.server.wm.WindowState.onExitAnimationDone:5316 com.android.server.wm.WindowStateAnimator.stepAnimationLocked:550 
10-15 21:59:44.665  3447  5168 I SurfaceFlinger: id=1707 Removed Splash Screen com.example.batterymanager_utility#0 (3/5)
10-15 21:59:44.668 19438 19556 D ScanRecord: Not a Multi Manu data
10-15 21:59:44.669 19438 19556 I chatty  : uid=1002(bluetooth) BT Service Call identical 11 lines
10-15 21:59:44.669 19438 19556 D ScanRecord: Not a Multi Manu data
10-15 21:59:44.673  3447  4088 I SurfaceFlinger: id=1707 Removed Splash Screen com.example.batterymanager_utility#0 (-2/5)
10-15 21:59:44.676  3447  3447 I Layer   : id=1707 onRemoved Splash Screen com.example.batterymanager_utility#0 
10-15 21:59:44.684 19438 19556 D ScanRecord: Not a Multi Manu data
10-15 21:59:45.092  3957  3957 D CustomFrequencyManagerService: releaseDVFSLockLocked : Getting Lock type frm List : DVFS_MIN_LIMIT  frequency : 1560000  uid : 1000  pid : 3957  tag : AMS_RESUME_TAIL@CPU_MIN@58
10-15 21:59:45.139 19438 19556 I chatty  : uid=1002(bluetooth) BT Service Call identical 817 lines
10-15 21:59:45.139 19438 19556 D ScanRecord: Not a Multi Manu data
10-15 21:59:45.257  3957  4129 D WifiStateMachine:  ConnectedState !RSSI_PKTCNT_FETCH uid=1000 rt=401974405/1062372633 0 0 "ourhome" f4:6d:2f:12:cc:88 rssi=-45 f=5240 sc=60 link=433 tx=8.9, 0.0, 0.0  rx=27.9 bcn=50208 [on:0 tx:0 rx:0 period:1002] from screen [on:21653 period:152232] score=60
10-15 21:59:45.259  3957  4129 D WifiStateMachine:  L2ConnectedState !RSSI_PKTCNT_FETCH uid=1000 rt=401974408/1062372636 0 0 "ourhome" f4:6d:2f:12:cc:88 rssi=-45 f=5240 sc=60 link=433 tx=8.9, 0.0, 0.0  rx=27.9 bcn=50208 [on:0 tx:0 rx:0 period:3] from screen [on:21653 period:152235] score=60
10-15 21:59:45.267  3957  4129 D WifiStateMachine: fetchRssiLinkSpeedAndFrequencyNative rssi=-44 linkspeed=433 freq=5240
10-15 21:59:45.446  3957  4128 D WifiService: getConnectionInfo uid=1000
10-15 21:59:45.860  3957  3957 D PreBindingService: handleMessage : 1
10-15 21:59:46.258  3957  4129 D WifiStateMachine:  ConnectedState !RSSI_PKTCNT_FETCH uid=1000 rt=401975407/1062373634 0 0 "ourhome" f4:6d:2f:12:cc:88 rssi=-44 f=5240 sc=60 link=433 tx=8.9, 0.0, 0.0  rx=27.9 bcn=50208 [on:0 tx:0 rx:0 period:999] from screen [on:21653 period:153234] score=60
10-15 21:59:46.261  3957  4129 D WifiStateMachine:  L2ConnectedState !RSSI_PKTCNT_FETCH uid=1000 rt=401975410/1062373637 0 0 "ourhome" f4:6d:2f:12:cc:88 rssi=-44 f=5240 sc=60 link=433 tx=8.9, 0.0, 0.0  rx=27.9 bcn=50208 [on:0 tx:0 rx:0 period:3] from screen [on:21653 period:153237] score=60
10-15 21:59:46.269  3957  4129 D WifiStateMachine: fetchRssiLinkSpeedAndFrequencyNative rssi=-44 linkspeed=433 freq=5240
10-15 21:59:46.449  3957  4128 D WifiService: getConnectionInfo uid=1000
10-15 21:59:47.103  3957  4129 D WifiStateMachine:  ConnectedState !CMD_RSSI_POLL rt=401976252/1062374480 52 0 "ourhome" f4:6d:2f:12:cc:88 rssi=-44 f=5240 sc=60 link=433 tx=8.9, 0.0, 0.0  rx=27.9 bcn=50208 [on:0 tx:0 rx:0 period:842] from screen [on:21653 period:154079] score=60
10-15 21:59:47.106  3957  4129 D WifiStateMachine:  L2ConnectedState !CMD_RSSI_POLL rt=401976255/1062374482 52 0 "ourhome" f4:6d:2f:12:cc:88 rssi=-44 f=5240 sc=60 link=433 tx=8.9, 0.0, 0.0  rx=27.9 bcn=50208 [on:0 tx:0 rx:0 period:3] from screen [on:21653 period:154082] score=60
10-15 21:59:47.106  3957  4129 D WifiStateMachine:  get link layer stats 3
10-15 21:59:47.107  3436  3436 I android.hardware.wifi@1.0-service: getLinkLayerStats
10-15 21:59:47.124  3957  4129 D WifiStateMachine: fetchRssiLinkSpeedAndFrequencyNative rssi=-44 linkspeed=433 freq=5240
10-15 21:59:47.130  4340  4340 E SignalClusterView: setSlotFocusVisible : subId -2
10-15 21:59:47.130  4340  4340 E SignalClusterView: setSlotFocusVisible : subId -2
10-15 21:59:47.258  3957  4129 D WifiStateMachine:  ConnectedState !RSSI_PKTCNT_FETCH uid=1000 rt=401976407/1062374634 0 0 "ourhome" f4:6d:2f:12:cc:88 rssi=-44 f=5240 sc=60 link=433 tx=3.2, 0.0, 0.0  rx=10.2 bcn=50237 [on:0 tx:0 rx:0 period:130] from screen [on:21733 period:154234] score=60
10-15 21:59:47.261  3957  4129 D WifiStateMachine:  L2ConnectedState !RSSI_PKTCNT_FETCH uid=1000 rt=401976410/1062374637 0 0 "ourhome" f4:6d:2f:12:cc:88 rssi=-44 f=5240 sc=60 link=433 tx=3.2, 0.0, 0.0  rx=10.2 bcn=50237 [on:0 tx:0 rx:0 period:2] from screen [on:21733 period:154236] score=60
10-15 21:59:47.268  3957  4129 D WifiStateMachine: fetchRssiLinkSpeedAndFrequencyNative rssi=-44 linkspeed=433 freq=5240
10-15 21:59:47.452  3957  4128 D WifiService: getConnectionInfo uid=1000
10-15 21:59:47.859  3957  6478 D WifiService: getConnectionInfo uid=1000
10-15 21:59:48.260  3957  4129 D WifiStateMachine:  ConnectedState !RSSI_PKTCNT_FETCH uid=1000 rt=401977409/1062375636 0 0 "ourhome" f4:6d:2f:12:cc:88 rssi=-44 f=5240 sc=60 link=433 tx=3.2, 0.0, 0.0  rx=10.2 bcn=50237 [on:0 tx:0 rx:0 period:1000] from screen [on:21733 period:155236] score=60
10-15 21:59:48.263  3957  4129 D WifiStateMachine:  L2ConnectedState !RSSI_PKTCNT_FETCH uid=1000 rt=401977411/1062375639 0 0 "ourhome" f4:6d:2f:12:cc:88 rssi=-44 f=5240 sc=60 link=433 tx=3.2, 0.0, 0.0  rx=10.2 bcn=50237 [on:0 tx:0 rx:0 period:3] from screen [on:21733 period:155239] score=60
10-15 21:59:48.270  3957  4129 D WifiStateMachine: fetchRssiLinkSpeedAndFrequencyNative rssi=-44 linkspeed=433 freq=5240
10-15 21:59:48.454  3957  4128 D WifiService: getConnectionInfo uid=1000
10-15 21:59:48.864 12416 12416 E adbd    : recv: OPEN 0000087b 00000000 003f:73 68 65 6C 6C 2C 76 32 2C 54 45 52 4D 3D 78 74 65 72 6D 2D 32 35 36 63 6F 6C 6F 72 2C 72 61 77 3A 6D 6F 6E 6B 65 79 20 2D 70 20 6F 72 67 2E 6D 6F 7A 69 6C 6C 61 2E 66 65 6E 69 78 20 31 00 
10-15 21:59:48.864 12416 12416 E adbd    : service_to_fd: shell,v2,TERM=xterm-256color,raw:monkey -p org.mozilla.fenix 1
10-15 21:59:49.041  4961  4961 D io_stats: !@ 179,0 r 5216942 161424448 w 1283509 27892248 d 101007 31564420 f 298315 314834 iot 2320536 2053079 th 51200 0 0 pt 0 inp 1 0 401978.191
10-15 21:59:49.260  3957  4129 D WifiStateMachine:  ConnectedState !RSSI_PKTCNT_FETCH uid=1000 rt=401978410/1062376638 0 0 "ourhome" f4:6d:2f:12:cc:88 rssi=-44 f=5240 sc=60 link=433 tx=3.2, 0.0, 0.0  rx=10.2 bcn=50237 [on:0 tx:0 rx:0 period:997] from screen [on:21733 period:156236] score=60
10-15 21:59:49.262  3957  4129 D WifiStateMachine:  L2ConnectedState !RSSI_PKTCNT_FETCH uid=1000 rt=401978411/1062376639 0 0 "ourhome" f4:6d:2f:12:cc:88 rssi=-44 f=5240 sc=60 link=433 tx=3.2, 0.0, 0.0  rx=10.2 bcn=50237 [on:0 tx:0 rx:0 period:2] from screen [on:21733 period:156238] score=60
10-15 21:59:49.268  3957  4129 D WifiStateMachine: fetchRssiLinkSpeedAndFrequencyNative rssi=-44 linkspeed=433 freq=5240
10-15 21:59:49.417 28420 28456 D ProfileInstaller: Installing profile for com.example.batterymanager_utility
10-15 21:59:49.422 28420 28425 I zygote64: Do partial code cache collection, code=30KB, data=25KB
10-15 21:59:49.422 28420 28425 I zygote64: After code cache collection, code=30KB, data=25KB
10-15 21:59:49.422 28420 28425 I zygote64: Increasing code cache capacity to 128KB
10-15 21:59:49.456  3957  4128 D WifiService: getConnectionInfo uid=1000
10-15 21:59:49.650 19438 19556 D ScanRecord: Not a Multi Manu data
10-15 21:59:49.736 19438 19556 I chatty  : uid=1002(bluetooth) BT Service Call identical 221 lines
10-15 21:59:49.736 28454 28454 W ADebug  : Failed to get property persist.sys.media.traces
10-15 21:59:49.736 19438 19556 D ScanRecord: Not a Multi Manu data
10-15 21:59:49.736 19438 19556 D ScanRecord: Not a Multi Manu data
10-15 21:59:49.739 19438 19556 I chatty  : uid=1002(bluetooth) BT Service Call identical 22 lines
10-15 21:59:49.739 19438 19556 D ScanRecord: Not a Multi Manu data
10-15 21:59:49.752 28454 28454 E appproc : Enhanced Zygote ASLR: ro.knox.enhance.zygote.aslr != 1. Enhanced Zygote ASLR is DISABLED!
10-15 21:59:49.752 28454 28454 D AndroidRuntime: >>>>>> START com.android.internal.os.RuntimeInit uid 2000 <<<<<<
10-15 21:59:49.754 19438 19556 D ScanRecord: Not a Multi Manu data
10-15 21:59:49.776 19438 19556 I chatty  : uid=1002(bluetooth) BT Service Call identical 49 lines
10-15 21:59:49.776 19438 19556 D ScanRecord: Not a Multi Manu data
10-15 21:59:49.776 28454 28454 D SecNativeFeatureCppIf: encoded
10-15 21:59:49.776 19438 19556 D ScanRecord: Not a Multi Manu data
10-15 21:59:49.776 28454 28454 D SecNativeFeatureCppIf: decoding and unzip finish
10-15 21:59:49.776 28454 28454 D SecNativeFeatureCppIf: use unCompDataBuff. encoded
10-15 21:59:49.777 28454 28454 D SecNativeFeatureCppIf: Free unCompDataBuff
10-15 21:59:49.778 28454 28454 D SecNativeFeatureCppIf: encoded
10-15 21:59:49.778 28454 28454 D SecNativeFeatureCppIf: decoding and unzip finish
10-15 21:59:49.778 28454 28454 D SecNativeFeatureCppIf: use unCompDataBuff. encoded
10-15 21:59:49.778 28454 28454 D SecNativeFeatureCppIf: Free unCompDataBuff
10-15 21:59:49.778 28454 28454 D SecNativeFeatureCppIf: encoded
10-15 21:59:49.778 28454 28454 D SecNativeFeatureCppIf: decoding and unzip finish
10-15 21:59:49.778 28454 28454 D SecNativeFeatureCppIf: use unCompDataBuff. encoded
10-15 21:59:49.778 28454 28454 D SecNativeFeatureCppIf: Free unCompDataBuff
10-15 21:59:49.778 28454 28454 D SecNativeFeatureCppIf: encoded
10-15 21:59:49.779 28454 28454 D SecNativeFeatureCppIf: decoding and unzip finish
10-15 21:59:49.779 28454 28454 D SecNativeFeatureCppIf: use unCompDataBuff. encoded
10-15 21:59:49.779 28454 28454 D SecNativeFeatureCppIf: Free unCompDataBuff
10-15 21:59:49.790 19438 19556 D ScanRecord: Not a Multi Manu data
10-15 21:59:50.032 19438 19556 I chatty  : uid=1002(bluetooth) BT Service Call identical 427 lines
10-15 21:59:50.032 19438 19556 D ScanRecord: Not a Multi Manu data
10-15 21:59:50.041 28454 28454 D ICU     : Timezone override file found: /data/misc/zoneinfo/current/icu/icu_tzdata.dat
10-15 21:59:50.072 19438 19556 D ScanRecord: Not a Multi Manu data
10-15 21:59:50.103 19438 19556 I chatty  : uid=1002(bluetooth) BT Service Call identical 63 lines
10-15 21:59:50.103 19438 19556 D ScanRecord: Not a Multi Manu data
10-15 21:59:50.115 28454 28454 I app_process: find the special shared library, skip check
10-15 21:59:50.121 19438 19556 D ScanRecord: Not a Multi Manu data
10-15 21:59:50.122 19438 19556 I chatty  : uid=1002(bluetooth) BT Service Call identical 11 lines
10-15 21:59:50.122 19438 19556 D ScanRecord: Not a Multi Manu data
10-15 21:59:50.128  3957  4129 D WifiStateMachine:  ConnectedState !CMD_RSSI_POLL rt=401979276/1062377504 52 0 "ourhome" f4:6d:2f:12:cc:88 rssi=-44 f=5240 sc=60 link=433 tx=3.2, 0.0, 0.0  rx=10.2 bcn=50237 [on:0 tx:0 rx:0 period:865] from screen [on:21733 period:157103] score=60
10-15 21:59:50.131  3957  4129 D WifiStateMachine:  L2ConnectedState !CMD_RSSI_POLL rt=401979279/1062377506 52 0 "ourhome" f4:6d:2f:12:cc:88 rssi=-44 f=5240 sc=60 link=433 tx=3.2, 0.0, 0.0  rx=10.2 bcn=50237 [on:0 tx:0 rx:0 period:4] from screen [on:21733 period:157107] score=60
10-15 21:59:50.131  3957  4129 D WifiStateMachine:  get link layer stats 3
10-15 21:59:50.132  3436  3436 I android.hardware.wifi@1.0-service: getLinkLayerStats
10-15 21:59:50.134 19438 19556 D ScanRecord: Not a Multi Manu data
10-15 21:59:50.137 19438 19556 I chatty  : uid=1002(bluetooth) BT Service Call identical 11 lines
10-15 21:59:50.137 19438 19556 D ScanRecord: Not a Multi Manu data
10-15 21:59:50.147  3957  4129 D WifiStateMachine: fetchRssiLinkSpeedAndFrequencyNative rssi=-43 linkspeed=433 freq=5240
10-15 21:59:50.155  4340  4340 E SignalClusterView: setSlotFocusVisible : subId -2
10-15 21:59:50.155  4340  4340 E SignalClusterView: setSlotFocusVisible : subId -2
10-15 21:59:50.184 28454 28454 D SemCscFeature: Encoded
10-15 21:59:50.187 28454 28454 I chatty  : uid=2000(shell) identical 2 lines
10-15 21:59:50.189 28454 28454 D SemCscFeature: Encoded
10-15 21:59:50.191 28454 28454 E SemAffinityControl: SemAffinityControl: registerfunction enter
10-15 21:59:50.209 28454 28454 D AndroidRuntime: Calling main entry com.android.commands.monkey.Monkey
10-15 21:59:50.262  3957  4129 D WifiStateMachine:  ConnectedState !RSSI_PKTCNT_FETCH uid=1000 rt=401979411/1062377639 0 0 "ourhome" f4:6d:2f:12:cc:88 rssi=-43 f=5240 sc=60 link=433 tx=1.2, 0.0, 0.0  rx=3.7 bcn=50266 [on:0 tx:0 rx:0 period:110] from screen [on:21818 period:157238] score=60
10-15 21:59:50.265  3957  4129 D WifiStateMachine:  L2ConnectedState !RSSI_PKTCNT_FETCH uid=1000 rt=401979414/1062377641 0 0 "ourhome" f4:6d:2f:12:cc:88 rssi=-43 f=5240 sc=60 link=433 tx=1.2, 0.0, 0.0  rx=3.7 bcn=50266 [on:0 tx:0 rx:0 period:3] from screen [on:21818 period:157241] score=60
10-15 21:59:50.272  3957  4129 D WifiStateMachine: fetchRssiLinkSpeedAndFrequencyNative rssi=-44 linkspeed=433 freq=5240
10-15 21:59:50.309  3957  4030 D SensorService: [SO] 0.115 -0.105 9.960
10-15 21:59:50.314  3957  3972 W BroadcastQueue: Skipping deliver [background] BroadcastRecord{fe26057 u-1 android.net.conn.CONNECTIVITY_CHANGE} to ReceiverList{707b744 28454 (unknown name)/2000/u-1 remote:ddbe5f1}: process gone or crashing
10-15 21:59:50.361  3957  3968 I ActivityManager: START u0 {act=android.intent.action.MAIN typ=null flg=0x10200000 cmp=ComponentInfo{org.mozilla.fenix/org.mozilla.fenix.App}} from uid 2000
10-15 21:59:50.364  3957  3968 W Binder  : Outgoing transactions from this process must be FLAG_ONEWAY
10-15 21:59:50.364  3957  3968 W Binder  : java.lang.Throwable
10-15 21:59:50.364  3957  3968 W Binder  : 	at android.os.BinderProxy.transact(Binder.java:744)
10-15 21:59:50.364  3957  3968 W Binder  : 	at android.app.IActivityController$Stub$Proxy.activityStarting(IActivityController.java:172)
10-15 21:59:50.364  3957  3968 W Binder  : 	at com.android.server.am.ActivityStarter.startActivity(ActivityStarter.java:648)
10-15 21:59:50.364  3957  3968 W Binder  : 	at com.android.server.am.ActivityStarter.startActivityLocked(ActivityStarter.java:410)
10-15 21:59:50.364  3957  3968 W Binder  : 	at com.android.server.am.ActivityStarter.startActivityMayWait(ActivityStarter.java:1283)
10-15 21:59:50.364  3957  3968 W Binder  : 	at com.android.server.am.ActivityManagerService.startActivityAsUser(ActivityManagerService.java:6033)
10-15 21:59:50.364  3957  3968 W Binder  : 	at com.android.server.am.ActivityManagerService.startActivity(ActivityManagerService.java:5885)
10-15 21:59:50.364  3957  3968 W Binder  : 	at android.app.IActivityManager$Stub.onTransact(IActivityManager.java:121)
10-15 21:59:50.364  3957  3968 W Binder  : 	at com.android.server.am.ActivityManagerService.onTransact(ActivityManagerService.java:3861)
10-15 21:59:50.364  3957  3968 W Binder  : 	at android.os.Binder.execTransact(Binder.java:682)
10-15 21:59:50.366  3957  3968 D CustomFrequencyManagerService: acquireDVFSLockLocked : type : DVFS_MIN_LIMIT  frequency : 1560000  uid : 1000  pid : 3957  pkgName : AMS_APP_SWITCH@CPU_MIN@52
10-15 21:59:50.368  3957  3968 D ActivityManagerPerformance: AMP_acquire() APP_SWITCH
10-15 21:59:50.368  3957  5022 D ActivityManagerPerformance: Received MSG_CFMS_HINT_AMS_SWITCH pkgName: org.mozilla.fenix
10-15 21:59:50.369  3957  6478 D WifiService: getConnectionInfo uid=1000
10-15 21:59:50.376  3957  9502 D ActivityManager: isScaleDownAnimationEnabled() : false
10-15 21:59:50.376  3957  9502 D StorageManagerService: getExternalStorageMountMode : 1
10-15 21:59:50.377  3957  9502 D StorageManagerService: getExternalStorageMountMode : 3
10-15 21:59:50.377  3957  9502 D StorageManagerService: getExternalStorageMountMode : final mountMode=1, uid : 10169, packageName : org.mozilla.fenix
10-15 21:59:50.377  3957  9502 I ApplicationPolicy: isApplicationExternalStorageWhitelisted:org.mozilla.fenix user:0
10-15 21:59:50.377  3957  9502 D ApplicationPolicy: isApplicationExternalStorageWhitelisted: DO is not enabled on user 0. Allowed.
10-15 21:59:50.377  3957  9502 D ActivityManager: package  org.mozilla.fenix, user - 0 is SDcard whitelisted
10-15 21:59:50.377  3957  9502 I ApplicationPolicy: isApplicationExternalStorageBlacklisted:org.mozilla.fenix user:0
10-15 21:59:50.377  3957  9502 D ApplicationPolicy: isApplicationExternalStorageBlacklisted: DO is not enabled on user 0. Allowed.
10-15 21:59:50.378  3957  3968 V WindowManager: rotationForOrientationLw(orient=-1, last=0); user=0  sensorRotation=-1 mLidState=-1 mDockMode=0 mHdmiPlugged=false
10-15 21:59:50.379  3957  3968 V WindowManager: rotationForOrientationLw(orient=-1, last=0); user=0  sensorRotation=-1 mLidState=-1 mDockMode=0 mHdmiPlugged=false
10-15 21:59:50.388  3957  9502 I ActivityManager: Start proc 28465:org.mozilla.fenix/u0a169 for activity org.mozilla.fenix/.App
10-15 21:59:50.388 28465 28465 E Zygote  : isWhitelistProcess - Process is Whitelisted
10-15 21:59:50.388 28465 28465 E libpersona: scanKnoxPersonas
10-15 21:59:50.388 28465 28465 E libpersona: Couldn't open the File - /data/system/users/0/personalist.xml - No such file or directory
10-15 21:59:50.390 28465 28465 W SELinux : SELinux selinux_android_compute_policy_index : Policy Index[2],  Con:u:r:zygote:s0 RAM:SEPF_SM-J720F_8.0.0_0002, [-1 -1 -1 -1 0 1]
10-15 21:59:50.391 28465 28465 I SELinux : SELinux: seapp_context_lookup: seinfo=untrusted, level=s0:c512,c768, pkgname=org.mozilla.fenix 
10-15 21:59:50.394  3957  3973 V WindowManager: rotationForOrientationLw(orient=-1, last=0); user=0  sensorRotation=-1 mLidState=-1 mDockMode=0 mHdmiPlugged=false
10-15 21:59:50.395 28454 28454 I com.android.commands.monkey: System.exit called, status: 0
10-15 21:59:50.395 28454 28454 I AndroidRuntime: VM exiting with result code 0.
10-15 21:59:50.397  3957  3973 V WindowManager: rotationForOrientationLw(orient=-1, last=0); user=0  sensorRotation=-1 mLidState=-1 mDockMode=0 mHdmiPlugged=false
10-15 21:59:50.410 28465 28465 D TimaKeyStoreProvider: TimaKeyStore is not enabled: cannot add TimaSignature Service and generateKeyPair Service
10-15 21:59:50.410 28465 28465 D ActivityThread: Added TimaKeyStore provider
10-15 21:59:50.412  3957  9502 I ActivityManager: DSS on for org.mozilla.fenix and scale is 1.0
10-15 21:59:50.420  3957  9502 D PersonaManagerService: Current focused persona service handled id set to : 0
10-15 21:59:50.420  3957  9502 D InputDispatcher: Focused application set to: xxxx
10-15 21:59:50.421  3957  9502 D InputDispatcher: Focus left window: 28420
10-15 21:59:50.422 28420 28420 D ViewRootImpl@4470b6[MainActivity]: MSG_WINDOW_FOCUS_CHANGED 0
10-15 21:59:50.422  3957  4220 D GameManagerService: handleForegroundChange(). pkgName: org.mozilla.fenix, clsName: org.mozilla.fenix.HomeActivity,FgActivityName:org.mozilla.fenix/.HomeActivity
10-15 21:59:50.423  3957  9502 D MARsPolicyManager: onPackageResumedFG pkgName = org.mozilla.fenix, userId = 0
10-15 21:59:50.423  3957  4220 D GameManagerService: sem_perfomance_mode: 3
10-15 21:59:50.423  3957  4220 D GameManagerService: notifyResumePause(). pkg: org.mozilla.fenix, type: 4, isMinimized: false, isTunableApp: false
10-15 21:59:50.423  3957  4220 D GameManagerService:   notifyResumePause(). unexpected mPrevNotiType: -1
10-15 21:59:50.425  3957  6478 D GamePkgDataHelper: getGamePkgDataIncServer(). org.mozilla.fenix
10-15 21:59:50.426  3957  6478 D GameManagerService: identifyGamePackage. org.mozilla.fenix
10-15 21:59:50.426  3957  6478 D GamePkgDataHelper: getGamePkgData(). org.mozilla.fenix
10-15 21:59:50.427  3957  6478 D GameManagerService: identifyGamePackage. org.mozilla.fenix
10-15 21:59:50.427  3957  6478 D GamePkgDataHelper: getGamePkgData(). org.mozilla.fenix
10-15 21:59:50.427  3957  6478 D GamePkgDataHelper: getSosPolicy(). org.mozilla.fenix
10-15 21:59:50.430  3957  6478 D GameManagerService: identifyGamePackage. org.mozilla.fenix
10-15 21:59:50.430  3957  6478 D GamePkgDataHelper: getGamePkgData(). org.mozilla.fenix
10-15 21:59:50.431  3957  6478 D GameManagerService: identifyGamePackage. org.mozilla.fenix
10-15 21:59:50.431  3957  6478 D GamePkgDataHelper: getGamePkgData(). org.mozilla.fenix
10-15 21:59:50.439 28465 28465 I zygote64: no shared libraies, dex_files: 1
10-15 21:59:50.454  3957  4025 D ViewRootImpl@293303a[fenix]: setView = DecorView@5f1c248[fenix] TM=true MM=false
10-15 21:59:50.457  3957  4128 D WifiService: getConnectionInfo uid=1000
10-15 21:59:50.466  3957  4025 D ViewRootImpl@293303a[fenix]: dispatchAttachedToWindow
10-15 21:59:50.466  3957  4025 V WindowManager: Relayout Window{83964eb u0 Splash Screen org.mozilla.fenix}: viewVisibility=0 req=719x1237 WM.LayoutParams{(0,0)(fillxfill) sim=#20 ty=3 fl=#81830118 pfl=0x20011 fmt=-3 wanim=0x10302ea vsysui=0x600 needsMenuKey=2 colorMode=0 naviIconColor=0}
10-15 21:59:50.469  3447  3447 I SurfaceFlinger: id=1709 createSurf (720x1280),1 flag=4, Splash Screen org.mozilla.fenix#0
10-15 21:59:50.471  3957  4025 V Surface : sf_framedrop debug : 0x4f4c, game : false, logging : 0
10-15 21:59:50.474  3957  4025 D ViewRootImpl@293303a[fenix]: Relayout returned: old=[0,0][0,0] new=[0,0][720,1280] result=0x7 surface={valid=true 501171060736} changed=true
10-15 21:59:50.474  3957  4025 D ViewRootImpl@293303a[fenix]: MSG_RESIZED_REPORT: frame=Rect(0, 0 - 720, 1280) ci=Rect(0, 42 - 0, 0) vi=Rect(0, 42 - 0, 0) or=1
10-15 21:59:50.495  4340 16318 D SystemServicesProxy: updateOverviewLastStackActiveTimeAsync: newTime=1697399123335
10-15 21:59:50.496  3957  9502 D SecContentProvider: query(), uri = 17 selection = isSettingsChangesAllowed
10-15 21:59:50.497  3957  9502 D SecContentProvider: called from android.uid.systemui:10009
10-15 21:59:50.498  4340  4692 D SystemServicesProxy: updateOverviewLastStackActiveTimeAsync: done.
10-15 21:59:50.499  3957  3968 D PackageManager: getComponentMetadataForIconTray : com.example.batterymanager_utility.MainActivity does not exist in mServices
10-15 21:59:50.499  3957  3968 D PackageManager: getComponentMetadataForIconTray : com.example.batterymanager_utility.MainActivity does not exist in mProviders
10-15 21:59:50.499  3957  3968 D PackageManager: getComponentMetadataForIconTray : com.example.batterymanager_utility.MainActivity does not exist in mReceivers
10-15 21:59:50.500  4340 16318 D ApplicationPackageManager: updateItemMetaDataForFixedIconScale: package: com.example.batterymanager_utility
10-15 21:59:50.500  3957  4025 V WindowManager: finishDrawingLocked: mDrawState=COMMIT_DRAW_PENDING Window{83964eb u0 Splash Screen org.mozilla.fenix} in Surface(name=Splash Screen org.mozilla.fenix)
