10-15 22:13:59.997 19438 19556 D ScanRecord: Not a Multi Manu data
10-15 22:13:59.999  3957  4045 D SamsungAlarmManager: Expired : 8
10-15 22:14:00.000  3957  4045 I SamsungAlarmManager: setLocked to kernel - T:3 / 20231015T221400, SetElapsed=1063227379, nowELAPSED=1063227378
10-15 22:14:00.000  3957  4045 V SamsungAlarmManager: Sending to uid : 1000 action=android.intent.action.TIME_TICK alarm=Alarm{c9a3e29 type 3 when 1063227378 android}
10-15 22:14:00.002  3957  4045 D SamsungAlarmManager: Expired : 8
10-15 22:14:00.002  3957  4045 V SamsungAlarmManager: Sending to uid : 10074 action=com.samsung.action.EVERY_MINUTE_CLOCK_UPDATE alarm=Alarm{95325ae type 1 when 1697400840000 com.sec.android.app.launcher}
10-15 22:14:00.005  3957  3957 D SamsungAlarmManager: setExact Intent (T:3/F:1/AC:false) 20231015T221500 - CU:1000/CP:3957
10-15 22:14:00.005  3957  3957 I SamsungAlarmManager: setLocked to kernel - T:3 / 20231015T221500, SetElapsed=1063287379, nowELAPSED=1063227384
10-15 22:14:00.006 14518 14518 I Launcher: onReceive: com.samsung.action.EVERY_MINUTE_CLOCK_UPDATE
10-15 22:14:00.009  4340  4340 D KeyguardUpdateMonitor: received broadcast android.intent.action.TIME_TICK
10-15 22:14:00.011 19438 19556 D ScanRecord: Not a Multi Manu data
10-15 22:14:00.011 19438 19556 I chatty  : uid=1002(bluetooth) BT Service Call identical 11 lines
10-15 22:14:00.012 19438 19556 D ScanRecord: Not a Multi Manu data
10-15 22:14:00.012  4340  4340 D KeyguardServiceBoxContainer: refreshTime() 1
10-15 22:14:00.013  3957  5415 D SamsungAlarmManager: setInexact Intent (T:1/F:0/AC:false) 20231015T221500 - CU:10074/CP:14518
10-15 22:14:00.013 30334 30334 I zygote64: no shared libraies, dex_files: 1
10-15 22:14:00.015 19438 19556 D ScanRecord: Not a Multi Manu data
10-15 22:14:00.016 19438 19556 I chatty  : uid=1002(bluetooth) BT Service Call identical 11 lines
10-15 22:14:00.016 19438 19556 D ScanRecord: Not a Multi Manu data
10-15 22:14:00.018 14518 14518 I IconView: applyFromShortcutInfo - start GetLive : com.samsung.android.calendar
10-15 22:14:00.018 14518 14518 I IconView: applyFromShortcutInfo - end GetLive : com.samsung.android.calendar
10-15 22:14:00.038 19438 19556 D ScanRecord: Not a Multi Manu data
10-15 22:14:00.085 19438 19556 I chatty  : uid=1002(bluetooth) BT Service Call identical 102 lines
10-15 22:14:00.085 19438 19556 D ScanRecord: Not a Multi Manu data
10-15 22:14:00.085 30334 30334 I WebViewFactory: Loading com.android.chrome version 117.0.5938.60 (code 593806021)
10-15 22:14:00.088 19438 19556 D ScanRecord: Not a Multi Manu data
10-15 22:14:00.088 19438 19556 I chatty  : uid=1002(bluetooth) BT Service Call identical 11 lines
10-15 22:14:00.088 19438 19556 D ScanRecord: Not a Multi Manu data
10-15 22:14:00.088 29837 30114 I BatteryMgr:DataCollectionService: stats => 1697400840088,-287,4250,-161,0,100
10-15 22:14:00.092 14518 14518 I IconView: applyFromApplicationInfo - start GetLive : com.sec.android.app.clockpackage
10-15 22:14:00.096 19438 19556 D ScanRecord: Not a Multi Manu data
10-15 22:14:00.097 19438 19556 I chatty  : uid=1002(bluetooth) BT Service Call identical 11 lines
10-15 22:14:00.097 19438 19556 D ScanRecord: Not a Multi Manu data
10-15 22:14:00.109 14518 14518 D ApplicationPackageManager: we has com.sec.android.app.clockpackage class. reuse it 
10-15 22:14:00.114 19438 19556 D ScanRecord: Not a Multi Manu data
10-15 22:14:00.115 19438 19556 I chatty  : uid=1002(bluetooth) BT Service Call identical 11 lines
10-15 22:14:00.115 19438 19556 D ScanRecord: Not a Multi Manu data
10-15 22:14:00.118 14518 14518 D LiveIconLoader: getLiveIcon was called in ClockPackage
10-15 22:14:00.120 14518 14518 D LiveIconLoader: getLiveIcon res = com.sec.android.app.clockpackage
10-15 22:14:00.122 19438 19556 D ScanRecord: Not a Multi Manu data
10-15 22:14:00.132 19438 19556 I chatty  : uid=1002(bluetooth) BT Service Call identical 37 lines
10-15 22:14:00.132 19438 19556 D ScanRecord: Not a Multi Manu data
10-15 22:14:00.143 14518 14518 D LiveIconLoader: stdIconSize : 84 , targetIconSize : 94
10-15 22:14:00.143 14518 14518 D LiveIconLoader: mIconDpi : 320 , mTargetIconDpi : 280
10-15 22:14:00.153 30334 30364 I FA      : App measurement is starting up, version: 15300
10-15 22:14:00.153 30334 30364 I FA      : To enable debug logging run: adb shell setprop log.tag.FA VERBOSE
10-15 22:14:00.154 30334 30364 I FA      : To enable faster debug mode event logging run:
10-15 22:14:00.154 30334 30364 I FA      :   adb shell setprop debug.firebase.analytics.app flipboard.boxer.app
10-15 22:14:00.166 30334 30334 W linker  : "/data/app/com.android.chrome-QTg8ZVc4SrzOOBmsVIBdyg==/base.apk!/lib/arm64-v8a/libmonochrome.so" unused DT entry: type 0x70000001 arg 0x0
10-15 22:14:00.197 29837 30114 I BatteryMgr:DataCollectionService: stats => 1697400840197,-287,4250,-161,0,100
10-15 22:14:00.229 18956 18956 D BoundBrokerSvc: onBind: Intent { act=com.google.android.gms.measurement.START pkg=com.google.android.gms }
10-15 22:14:00.229 18956 18956 D BoundBrokerSvc: Loading bound service for intent: Intent { act=com.google.android.gms.measurement.START pkg=com.google.android.gms }
10-15 22:14:00.233 14518 14518 I ApplicationPackageManager: load= live icon for com.sec.android.app.clockpackage, from overlay = false
10-15 22:14:00.236 14518 14518 I LiveIconManager: getLiveIcon: complete(sync_created)
10-15 22:14:00.236 14518 14518 I IconView: applyFromApplicationInfo - end GetLive : com.sec.android.app.clockpackage
10-15 22:14:00.236 14518 14518 I IconView: applyFromApplicationInfo - start GetLive : com.samsung.android.calendar
10-15 22:14:00.239 14518 14518 I BitmapCacheContainer: getBitmapCache: BitmapCache expired com.samsung.android.calendar/UserHandle{0}
10-15 22:14:00.242 14518 14518 D ApplicationPackageManager: we has com.samsung.android.calendar class. reuse it 
10-15 22:14:00.254  4340  4340 D KeyguardUpdateMonitor: handleStatusBarState( false )
10-15 22:14:00.271  4340  4340 D KeyguardUpdateMonitor: handleStatusBarState( false )
10-15 22:14:00.308 29837 30114 I BatteryMgr:DataCollectionService: stats => 1697400840308,-287,4250,-161,0,100
10-15 22:14:00.320 14518 14518 I ApplicationPackageManager: load= live icon for com.samsung.android.calendar, from overlay = false
10-15 22:14:00.321 14518 14518 I LiveIconManager: getLiveIcon: complete(sync_created)
10-15 22:14:00.322 14518 14518 I IconView: applyFromApplicationInfo - end GetLive : com.samsung.android.calendar
10-15 22:14:00.375 30334 30334 I zygote64: Rejecting re-init on previously-failed class java.lang.Class<Vw2>: java.lang.NoClassDefFoundError: Failed resolution of: Landroid/webkit/PacProcessor;
10-15 22:14:00.376 30334 30334 I zygote64:   at java.lang.Class java.lang.Class.classForName(java.lang.String, boolean, java.lang.ClassLoader) (Class.java:-2)
10-15 22:14:00.376 30334 30334 I zygote64:   at java.lang.Class java.lang.Class.forName(java.lang.String, boolean, java.lang.ClassLoader) (Class.java:453)
10-15 22:14:00.376 30334 30334 I zygote64:   at java.lang.Class android.webkit.WebViewFactory.getWebViewProviderClass(java.lang.ClassLoader) (WebViewFactory.java:150)
10-15 22:14:00.376 30334 30334 I zygote64:   at java.lang.Class android.webkit.WebViewFactory.getProviderClass() (WebViewFactory.java:417)
10-15 22:14:00.376 30334 30334 I zygote64:   at android.webkit.WebViewFactoryProvider android.webkit.WebViewFactory.getProvider() (WebViewFactory.java:211)
10-15 22:14:00.376 30334 30334 I zygote64:   at java.lang.String android.webkit.WebSettings.getDefaultUserAgent(android.content.Context) (WebSettings.java:1259)
10-15 22:14:00.376 30334 30334 I zygote64:   at java.lang.String com.mopub.network.Networking.getUserAgent(android.content.Context) (Networking.java:8)
10-15 22:14:00.376 30334 30334 I zygote64:   at com.mopub.network.MoPubRequestQueue com.mopub.network.Networking.getRequestQueue(android.content.Context) (Networking.java:7)
10-15 22:14:00.376 30334 30334 I zygote64:   at void com.mopub.common.MoPub.initializeSdk(android.content.Context, com.mopub.common.SdkConfiguration, com.mopub.common.SdkInitializationListener) (MoPub.java:17)
10-15 22:14:00.376 30334 30334 I zygote64:   at void flipboard.app.CoreInitializer$a.a(android.content.Context) (CoreInitializer.kt:24)
10-15 22:14:00.376 30334 30334 I zygote64:   at boolean flipboard.app.CoreInitializer.onCreate() (CoreInitializer.kt:1)
10-15 22:14:00.376 30334 30334 I zygote64:   at void android.content.ContentProvider.attachInfo(android.content.Context, android.content.pm.ProviderInfo, boolean) (ContentProvider.java:1925)
10-15 22:14:00.376 30334 30334 I zygote64:   at void android.content.ContentProvider.attachInfo(android.content.Context, android.content.pm.ProviderInfo) (ContentProvider.java:1900)
10-15 22:14:00.376 30334 30334 I zygote64:   at android.app.ContentProviderHolder android.app.ActivityThread.installProvider(android.content.Context, android.app.ContentProviderHolder, android.content.pm.ProviderInfo, boolean, boolean, boolean) (ActivityThread.java:6574)
10-15 22:14:00.376 30334 30334 I zygote64:   at void android.app.ActivityThread.installContentProviders(android.content.Context, java.util.List) (ActivityThread.java:6129)
10-15 22:14:00.376 30334 30334 I zygote64:   at void android.app.ActivityThread.handleBindApplication(android.app.ActivityThread$AppBindData) (ActivityThread.java:6039)
10-15 22:14:00.376 30334 30334 I zygote64:   at void android.app.ActivityThread.-wrap1(android.app.ActivityThread, android.app.ActivityThread$AppBindData) (ActivityThread.java:-1)
10-15 22:14:00.376 30334 30334 I zygote64:   at void android.app.ActivityThread$H.handleMessage(android.os.Message) (ActivityThread.java:1764)
10-15 22:14:00.376 30334 30334 I zygote64:   at void android.os.Handler.dispatchMessage(android.os.Message) (Handler.java:105)
10-15 22:14:00.376 30334 30334 I zygote64:   at void android.os.Looper.loop() (Looper.java:164)
10-15 22:14:00.376 30334 30334 I zygote64:   at void android.app.ActivityThread.main(java.lang.String[]) (ActivityThread.java:6940)
10-15 22:14:00.376 30334 30334 I zygote64:   at java.lang.Object java.lang.reflect.Method.invoke(java.lang.Object, java.lang.Object[]) (Method.java:-2)
10-15 22:14:00.376 30334 30334 I zygote64:   at void com.android.internal.os.Zygote$MethodAndArgsCaller.run() (Zygote.java:327)
10-15 22:14:00.376 30334 30334 I zygote64:   at void com.android.internal.os.ZygoteInit.main(java.lang.String[]) (ZygoteInit.java:1374)
10-15 22:14:00.376 30334 30334 I zygote64: Caused by: java.lang.ClassNotFoundException: Didn't find class "android.webkit.PacProcessor" on path: DexPathList[[zip file "/data/app/com.android.chrome-QTg8ZVc4SrzOOBmsVIBdyg==/base.apk"],nativeLibraryDirectories=[/data/app/com.android.chrome-QTg8ZVc4SrzOOBmsVIBdyg==/lib/arm64, /data/app/com.android.chrome-QTg8ZVc4SrzOOBmsVIBdyg==/base.apk!/lib/arm64-v8a, /system/lib64, /vendor/lib64]]
10-15 22:14:00.376 30334 30334 I zygote64:   at java.lang.Class dalvik.system.BaseDexClassLoader.findClass(java.lang.String) (BaseDexClassLoader.java:93)
10-15 22:14:00.376 30334 30334 I zygote64:   at java.lang.Class java.lang.ClassLoader.loadClass(java.lang.String, boolean) (ClassLoader.java:379)
10-15 22:14:00.376 30334 30334 I zygote64:   at java.lang.Class java.lang.ClassLoader.loadClass(java.lang.String) (ClassLoader.java:312)
10-15 22:14:00.376 30334 30334 I zygote64:   at java.lang.Class java.lang.Class.classForName(java.lang.String, boolean, java.lang.ClassLoader) (Class.java:-2)
10-15 22:14:00.376 30334 30334 I zygote64:   at java.lang.Class java.lang.Class.forName(java.lang.String, boolean, java.lang.ClassLoader) (Class.java:453)
10-15 22:14:00.376 30334 30334 I zygote64:   at java.lang.Class android.webkit.WebViewFactory.getWebViewProviderClass(java.lang.ClassLoader) (WebViewFactory.java:150)
10-15 22:14:00.376 30334 30334 I zygote64:   at java.lang.Class android.webkit.WebViewFactory.getProviderClass() (WebViewFactory.java:417)
10-15 22:14:00.376 30334 30334 I zygote64:   at android.webkit.WebViewFactoryProvider android.webkit.WebViewFactory.getProvider() (WebViewFactory.java:211)
10-15 22:14:00.376 30334 30334 I zygote64:   at java.lang.String android.webkit.WebSettings.getDefaultUserAgent(android.content.Context) (WebSettings.java:1259)
10-15 22:14:00.376 30334 30334 I zygote64:   at java.lang.String com.mopub.network.Networking.getUserAgent(android.content.Context) (Networking.java:8)
10-15 22:14:00.376 30334 30334 I zygote64:   at com.mopub.network.MoPubRequestQueue com.mopub.network.Networking.getRequestQueue(android.content.Context) (Networking.java:7)
10-15 22:14:00.376 30334 30334 I zygote64:   at void com.mopub.common.MoPub.initializeSdk(android.content.Context, com.mopub.common.SdkConfiguration, com.mopub.common.SdkInitializationListener) (MoPub.java:17)
10-15 22:14:00.376 30334 30334 I zygote64:   at void flipboard.app.CoreInitializer$a.a(android.content.Context) (CoreInitializer.kt:24)
10-15 22:14:00.376 30334 30334 I zygote64:   at boolean flipboard.app.CoreInitializer.onCreate() (CoreInitializer.kt:1)
10-15 22:14:00.376 30334 30334 I zygote64:   at void android.content.ContentProvider.attachInfo(android.content.Context, android.content.pm.ProviderInfo, boolean) (ContentProvider.java:1925)
10-15 22:14:00.376 30334 30334 I zygote64:   at void android.content.ContentProvider.attachInfo(android.content.Context, android.content.pm.ProviderInfo) (ContentProvider.java:1900)
10-15 22:14:00.376 30334 30334 I zygote64:   at android.app.ContentProviderHolder android.app.ActivityThread.installProvider(android.content.Context, android.app.ContentProviderHolder, android.content.pm.ProviderInfo, boolean, boolean, boolean) (ActivityThread.java:6574)
10-15 22:14:00.376 30334 30334 I zygote64:   at void android.app.ActivityThread.installContentProviders(android.content.Context, java.util.List) (ActivityThread.java:6129)
10-15 22:14:00.376 30334 30334 I zygote64:   at void android.app.ActivityThread.handleBindApplication(android.app.ActivityThread$AppBindData) (ActivityThread.java:6039)
10-15 22:14:00.376 30334 30334 I zygote64:   at void android.app.ActivityThread.-wrap1(android.app.ActivityThread, android.app.ActivityThread$AppBindData) (ActivityThread.java:-1)
10-15 22:14:00.376 30334 30334 I zygote64:   at void android.app.ActivityThread$H.handleMessage(android.os.Message) (ActivityThread.java:1764)
10-15 22:14:00.376 30334 30334 I zygote64:   at void android.os.Handler.dispatchMessage(android.os.Message) (Handler.java:105)
10-15 22:14:00.376 30334 30334 I zygote64:   at void android.os.Looper.loop() (Looper.java:164)
10-15 22:14:00.376 30334 30334 I zygote64:   at void android.app.ActivityThread.main(java.lang.String[]) (ActivityThread.java:6940)
10-15 22:14:00.376 30334 30334 I zygote64:   at java.lang.Object java.lang.reflect.Method.invoke(java.lang.Object, java.lang.Object[]) (Method.java:-2)
10-15 22:14:00.376 30334 30334 I zygote64:   at void com.android.internal.os.Zygote$MethodAndArgsCaller.run() (Zygote.java:327)
10-15 22:14:00.376 30334 30334 I zygote64:   at void com.android.internal.os.ZygoteInit.main(java.lang.String[]) (ZygoteInit.java:1374)
10-15 22:14:00.376 30334 30334 I zygote64: 
10-15 22:14:00.378 30334 30334 I zygote64: Rejecting re-init on previously-failed class java.lang.Class<Vw2>: java.lang.NoClassDefFoundError: Failed resolution of: Landroid/webkit/PacProcessor;
10-15 22:14:00.378 30334 30334 I zygote64:   at java.lang.Class java.lang.Class.classForName(java.lang.String, boolean, java.lang.ClassLoader) (Class.java:-2)
10-15 22:14:00.378 30334 30334 I zygote64:   at java.lang.Class java.lang.Class.forName(java.lang.String, boolean, java.lang.ClassLoader) (Class.java:453)
10-15 22:14:00.378 30334 30334 I zygote64:   at java.lang.Class android.webkit.WebViewFactory.getWebViewProviderClass(java.lang.ClassLoader) (WebViewFactory.java:150)
10-15 22:14:00.378 30334 30334 I zygote64:   at java.lang.Class android.webkit.WebViewFactory.getProviderClass() (WebViewFactory.java:417)
10-15 22:14:00.378 30334 30334 I zygote64:   at android.webkit.WebViewFactoryProvider android.webkit.WebViewFactory.getProvider() (WebViewFactory.java:211)
10-15 22:14:00.378 30334 30334 I zygote64:   at java.lang.String android.webkit.WebSettings.getDefaultUserAgent(android.content.Context) (WebSettings.java:1259)
10-15 22:14:00.378 30334 30334 I zygote64:   at java.lang.String com.mopub.network.Networking.getUserAgent(android.content.Context) (Networking.java:8)
10-15 22:14:00.378 30334 30334 I zygote64:   at com.mopub.network.MoPubRequestQueue com.mopub.network.Networking.getRequestQueue(android.content.Context) (Networking.java:7)
10-15 22:14:00.378 30334 30334 I zygote64:   at void com.mopub.common.MoPub.initializeSdk(android.content.Context, com.mopub.common.SdkConfiguration, com.mopub.common.SdkInitializationListener) (MoPub.java:17)
10-15 22:14:00.378 30334 30334 I zygote64:   at void flipboard.app.CoreInitializer$a.a(android.content.Context) (CoreInitializer.kt:24)
10-15 22:14:00.378 30334 30334 I zygote64:   at boolean flipboard.app.CoreInitializer.onCreate() (CoreInitializer.kt:1)
10-15 22:14:00.378 30334 30334 I zygote64:   at void android.content.ContentProvider.attachInfo(android.content.Context, android.content.pm.ProviderInfo, boolean) (ContentProvider.java:1925)
10-15 22:14:00.378 30334 30334 I zygote64:   at void android.content.ContentProvider.attachInfo(android.content.Context, android.content.pm.ProviderInfo) (ContentProvider.java:1900)
10-15 22:14:00.378 30334 30334 I zygote64:   at android.app.ContentProviderHolder android.app.ActivityThread.installProvider(android.content.Context, android.app.ContentProviderHolder, android.content.pm.ProviderInfo, boolean, boolean, boolean) (ActivityThread.java:6574)
10-15 22:14:00.378 30334 30334 I zygote64:   at void android.app.ActivityThread.installContentProviders(android.content.Context, java.util.List) (ActivityThread.java:6129)
10-15 22:14:00.378 30334 30334 I zygote64:   at void android.app.ActivityThread.handleBindApplication(android.app.ActivityThread$AppBindData) (ActivityThread.java:6039)
10-15 22:14:00.378 30334 30334 I zygote64:   at void android.app.ActivityThread.-wrap1(android.app.ActivityThread, android.app.ActivityThread$AppBindData) (ActivityThread.java:-1)
10-15 22:14:00.378 30334 30334 I zygote64:   at void android.app.ActivityThread$H.handleMessage(android.os.Message) (ActivityThread.java:1764)
10-15 22:14:00.378 30334 30334 I zygote64:   at void android.os.Handler.dispatchMessage(android.os.Message) (Handler.java:105)
10-15 22:14:00.378 30334 30334 I zygote64:   at void android.os.Looper.loop() (Looper.java:164)
10-15 22:14:00.378 30334 30334 I zygote64:   at void android.app.ActivityThread.main(java.lang.String[]) (ActivityThread.java:6940)
10-15 22:14:00.378 30334 30334 I zygote64:   at java.lang.Object java.lang.reflect.Method.invoke(java.lang.Object, java.lang.Object[]) (Method.java:-2)
10-15 22:14:00.378 30334 30334 I zygote64:   at void com.android.internal.os.Zygote$MethodAndArgsCaller.run() (Zygote.java:327)
10-15 22:14:00.378 30334 30334 I zygote64:   at void com.android.internal.os.ZygoteInit.main(java.lang.String[]) (ZygoteInit.java:1374)
10-15 22:14:00.378 30334 30334 I zygote64: Caused by: java.lang.ClassNotFoundException: Didn't find class "android.webkit.PacProcessor" on path: DexPathList[[zip file "/data/app/com.android.chrome-QTg8ZVc4SrzOOBmsVIBdyg==/base.apk"],nativeLibraryDirectories=[/data/app/com.android.chrome-QTg8ZVc4SrzOOBmsVIBdyg==/lib/arm64, /data/app/com.android.chrome-QTg8ZVc4SrzOOBmsVIBdyg==/base.apk!/lib/arm64-v8a, /system/lib64, /vendor/lib64]]
10-15 22:14:00.378 30334 30334 I zygote64:   at java.lang.Class dalvik.system.BaseDexClassLoader.findClass(java.lang.String) (BaseDexClassLoader.java:93)
10-15 22:14:00.378 30334 30334 I zygote64:   at java.lang.Class java.lang.ClassLoader.loadClass(java.lang.String, boolean) (ClassLoader.java:379)
10-15 22:14:00.378 30334 30334 I zygote64:   at java.lang.Class java.lang.ClassLoader.loadClass(java.lang.String) (ClassLoader.java:312)
10-15 22:14:00.378 30334 30334 I zygote64:   at java.lang.Class java.lang.Class.classForName(java.lang.String, boolean, java.lang.ClassLoader) (Class.java:-2)
10-15 22:14:00.378 30334 30334 I zygote64:   at java.lang.Class java.lang.Class.forName(java.lang.String, boolean, java.lang.ClassLoader) (Class.java:453)
10-15 22:14:00.378 30334 30334 I zygote64:   at java.lang.Class android.webkit.WebViewFactory.getWebViewProviderClass(java.lang.ClassLoader) (WebViewFactory.java:150)
10-15 22:14:00.378 30334 30334 I zygote64:   at java.lang.Class android.webkit.WebViewFactory.getProviderClass() (WebViewFactory.java:417)
10-15 22:14:00.378 30334 30334 I zygote64:   at android.webkit.WebViewFactoryProvider android.webkit.WebViewFactory.getProvider() (WebViewFactory.java:211)
10-15 22:14:00.378 30334 30334 I zygote64:   at java.lang.String android.webkit.WebSettings.getDefaultUserAgent(android.content.Context) (WebSettings.java:1259)
10-15 22:14:00.378 30334 30334 I zygote64:   at java.lang.String com.mopub.network.Networking.getUserAgent(android.content.Context) (Networking.java:8)
10-15 22:14:00.378 30334 30334 I zygote64:   at com.mopub.network.MoPubRequestQueue com.mopub.network.Networking.getRequestQueue(android.content.Context) (Networking.java:7)
10-15 22:14:00.378 30334 30334 I zygote64:   at void com.mopub.common.MoPub.initializeSdk(android.content.Context, com.mopub.common.SdkConfiguration, com.mopub.common.SdkInitializationListener) (MoPub.java:17)
10-15 22:14:00.378 30334 30334 I zygote64:   at void flipboard.app.CoreInitializer$a.a(android.content.Context) (CoreInitializer.kt:24)
10-15 22:14:00.378 30334 30334 I zygote64:   at boolean flipboard.app.CoreInitializer.onCreate() (CoreInitializer.kt:1)
10-15 22:14:00.378 30334 30334 I zygote64:   at void android.content.ContentProvider.attachInfo(android.content.Context, android.content.pm.ProviderInfo, boolean) (ContentProvider.java:1925)
10-15 22:14:00.378 30334 30334 I zygote64:   at void android.content.ContentProvider.attachInfo(android.content.Context, android.content.pm.ProviderInfo) (ContentProvider.java:1900)
10-15 22:14:00.378 30334 30334 I zygote64:   at android.app.ContentProviderHolder android.app.ActivityThread.installProvider(android.content.Context, android.app.ContentProviderHolder, android.content.pm.ProviderInfo, boolean, boolean, boolean) (ActivityThread.java:6574)
10-15 22:14:00.378 30334 30334 I zygote64:   at void android.app.ActivityThread.installContentProviders(android.content.Context, java.util.List) (ActivityThread.java:6129)
10-15 22:14:00.378 30334 30334 I zygote64:   at void android.app.ActivityThread.handleBindApplication(android.app.ActivityThread$AppBindData) (ActivityThread.java:6039)
10-15 22:14:00.378 30334 30334 I zygote64:   at void android.app.ActivityThread.-wrap1(android.app.ActivityThread, android.app.ActivityThread$AppBindData) (ActivityThread.java:-1)
10-15 22:14:00.378 30334 30334 I zygote64:   at void android.app.ActivityThread$H.handleMessage(android.os.Message) (ActivityThread.java:1764)
10-15 22:14:00.378 30334 30334 I zygote64:   at void android.os.Handler.dispatchMessage(android.os.Message) (Handler.java:105)
10-15 22:14:00.378 30334 30334 I zygote64:   at void android.os.Looper.loop() (Looper.java:164)
10-15 22:14:00.378 30334 30334 I zygote64:   at void android.app.ActivityThread.main(java.lang.String[]) (ActivityThread.java:6940)
10-15 22:14:00.378 30334 30334 I zygote64:   at java.lang.Object java.lang.reflect.Method.invoke(java.lang.Object, java.lang.Object[]) (Method.java:-2)
10-15 22:14:00.378 30334 30334 I zygote64:   at void com.android.internal.os.Zygote$MethodAndArgsCaller.run() (Zygote.java:327)
10-15 22:14:00.378 30334 30334 I zygote64:   at void com.android.internal.os.ZygoteInit.main(java.lang.String[]) (ZygoteInit.java:1374)
10-15 22:14:00.378 30334 30334 I zygote64: 
10-15 22:14:00.379 30334 30334 I zygote64: Rejecting re-init on previously-failed class java.lang.Class<Vw2>: java.lang.NoClassDefFoundError: Failed resolution of: Landroid/webkit/PacProcessor;
10-15 22:14:00.379 30334 30334 I zygote64:   at java.lang.Class java.lang.Class.classForName(java.lang.String, boolean, java.lang.ClassLoader) (Class.java:-2)
10-15 22:14:00.379 30334 30334 I zygote64:   at java.lang.Class java.lang.Class.forName(java.lang.String, boolean, java.lang.ClassLoader) (Class.java:453)
10-15 22:14:00.379 30334 30334 I zygote64:   at java.lang.Class android.webkit.WebViewFactory.getWebViewProviderClass(java.lang.ClassLoader) (WebViewFactory.java:150)
10-15 22:14:00.379 30334 30334 I zygote64:   at java.lang.Class android.webkit.WebViewFactory.getProviderClass() (WebViewFactory.java:417)
10-15 22:14:00.379 30334 30334 I zygote64:   at android.webkit.WebViewFactoryProvider android.webkit.WebViewFactory.getProvider() (WebViewFactory.java:211)
10-15 22:14:00.379 30334 30334 I zygote64:   at java.lang.String android.webkit.WebSettings.getDefaultUserAgent(android.content.Context) (WebSettings.java:1259)
10-15 22:14:00.379 30334 30334 I zygote64:   at java.lang.String com.mopub.network.Networking.getUserAgent(android.content.Context) (Networking.java:8)
10-15 22:14:00.379 30334 30334 I zygote64:   at com.mopub.network.MoPubRequestQueue com.mopub.network.Networking.getRequestQueue(android.content.Context) (Networking.java:7)
10-15 22:14:00.379 30334 30334 I zygote64:   at void com.mopub.common.MoPub.initializeSdk(android.content.Context, com.mopub.common.SdkConfiguration, com.mopub.common.SdkInitializationListener) (MoPub.java:17)
10-15 22:14:00.379 30334 30334 I zygote64:   at void flipboard.app.CoreInitializer$a.a(android.content.Context) (CoreInitializer.kt:24)
10-15 22:14:00.379 30334 30334 I zygote64:   at boolean flipboard.app.CoreInitializer.onCreate() (CoreInitializer.kt:1)
10-15 22:14:00.379 30334 30334 I zygote64:   at void android.content.ContentProvider.attachInfo(android.content.Context, android.content.pm.ProviderInfo, boolean) (ContentProvider.java:1925)
10-15 22:14:00.379 30334 30334 I zygote64:   at void android.content.ContentProvider.attachInfo(android.content.Context, android.content.pm.ProviderInfo) (ContentProvider.java:1900)
10-15 22:14:00.379 30334 30334 I zygote64:   at android.app.ContentProviderHolder android.app.ActivityThread.installProvider(android.content.Context, android.app.ContentProviderHolder, android.content.pm.ProviderInfo, boolean, boolean, boolean) (ActivityThread.java:6574)
10-15 22:14:00.379 30334 30334 I zygote64:   at void android.app.ActivityThread.installContentProviders(android.content.Context, java.util.List) (ActivityThread.java:6129)
10-15 22:14:00.379 30334 30334 I zygote64:   at void android.app.ActivityThread.handleBindApplication(android.app.ActivityThread$AppBindData) (ActivityThread.java:6039)
10-15 22:14:00.379 30334 30334 I zygote64:   at void android.app.ActivityThread.-wrap1(android.app.ActivityThread, android.app.ActivityThread$AppBindData) (ActivityThread.java:-1)
10-15 22:14:00.379 30334 30334 I zygote64:   at void android.app.ActivityThread$H.handleMessage(android.os.Message) (ActivityThread.java:1764)
10-15 22:14:00.379 30334 30334 I zygote64:   at void android.os.Handler.dispatchMessage(android.os.Message) (Handler.java:105)
10-15 22:14:00.379 30334 30334 I zygote64:   at void android.os.Looper.loop() (Looper.java:164)
10-15 22:14:00.379 30334 30334 I zygote64:   at void android.app.ActivityThread.main(java.lang.String[]) (ActivityThread.java:6940)
10-15 22:14:00.379 30334 30334 I zygote64:   at java.lang.Object java.lang.reflect.Method.invoke(java.lang.Object, java.lang.Object[]) (Method.java:-2)
10-15 22:14:00.379 30334 30334 I zygote64:   at void com.android.internal.os.Zygote$MethodAndArgsCaller.run() (Zygote.java:327)
10-15 22:14:00.379 30334 30334 I zygote64:   at void com.android.internal.os.ZygoteInit.main(java.lang.String[]) (ZygoteInit.java:1374)
10-15 22:14:00.379 30334 30334 I zygote64: Caused by: java.lang.ClassNotFoundException: Didn't find class "android.webkit.PacProcessor" on path: DexPathList[[zip file "/data/app/com.android.chrome-QTg8ZVc4SrzOOBmsVIBdyg==/base.apk"],nativeLibraryDirectories=[/data/app/com.android.chrome-QTg8ZVc4SrzOOBmsVIBdyg==/lib/arm64, /data/app/com.android.chrome-QTg8ZVc4SrzOOBmsVIBdyg==/base.apk!/lib/arm64-v8a, /system/lib64, /vendor/lib64]]
10-15 22:14:00.379 30334 30334 I zygote64:   at java.lang.Class dalvik.system.BaseDexClassLoader.findClass(java.lang.String) (BaseDexClassLoader.java:93)
10-15 22:14:00.379 30334 30334 I zygote64:   at java.lang.Class java.lang.ClassLoader.loadClass(java.lang.String, boolean) (ClassLoader.java:379)
10-15 22:14:00.379 30334 30334 I zygote64:   at java.lang.Class java.lang.ClassLoader.loadClass(java.lang.String) (ClassLoader.java:312)
10-15 22:14:00.379 30334 30334 I zygote64:   at java.lang.Class java.lang.Class.classForName(java.lang.String, boolean, java.lang.ClassLoader) (Class.java:-2)
10-15 22:14:00.379 30334 30334 I zygote64:   at java.lang.Class java.lang.Class.forName(java.lang.String, boolean, java.lang.ClassLoader) (Class.java:453)
10-15 22:14:00.379 30334 30334 I zygote64:   at java.lang.Class android.webkit.WebViewFactory.getWebViewProviderClass(java.lang.ClassLoader) (WebViewFactory.java:150)
10-15 22:14:00.379 30334 30334 I zygote64:   at java.lang.Class android.webkit.WebViewFactory.getProviderClass() (WebViewFactory.java:417)
10-15 22:14:00.379 30334 30334 I zygote64:   at android.webkit.WebViewFactoryProvider android.webkit.WebViewFactory.getProvider() (WebViewFactory.java:211)
10-15 22:14:00.379 30334 30334 I zygote64:   at java.lang.String android.webkit.WebSettings.getDefaultUserAgent(android.content.Context) (WebSettings.java:1259)
10-15 22:14:00.379 30334 30334 I zygote64:   at java.lang.String com.mopub.network.Networking.getUserAgent(android.content.Context) (Networking.java:8)
10-15 22:14:00.379 30334 30334 I zygote64:   at com.mopub.network.MoPubRequestQueue com.mopub.network.Networking.getRequestQueue(android.content.Context) (Networking.java:7)
10-15 22:14:00.380 30334 30334 I zygote64:   at void com.mopub.common.MoPub.initializeSdk(android.content.Context, com.mopub.common.SdkConfiguration, com.mopub.common.SdkInitializationListener) (MoPub.java:17)
10-15 22:14:00.380 30334 30334 I zygote64:   at void flipboard.app.CoreInitializer$a.a(android.content.Context) (CoreInitializer.kt:24)
10-15 22:14:00.380 30334 30334 I zygote64:   at boolean flipboard.app.CoreInitializer.onCreate() (CoreInitializer.kt:1)
10-15 22:14:00.380 30334 30334 I zygote64:   at void android.content.ContentProvider.attachInfo(android.content.Context, android.content.pm.ProviderInfo, boolean) (ContentProvider.java:1925)
10-15 22:14:00.380 30334 30334 I zygote64:   at void android.content.ContentProvider.attachInfo(android.content.Context, android.content.pm.ProviderInfo) (ContentProvider.java:1900)
10-15 22:14:00.380 30334 30334 I zygote64:   at android.app.ContentProviderHolder android.app.ActivityThread.installProvider(android.content.Context, android.app.ContentProviderHolder, android.content.pm.ProviderInfo, boolean, boolean, boolean) (ActivityThread.java:6574)
10-15 22:14:00.380 30334 30334 I zygote64:   at void android.app.ActivityThread.installContentProviders(android.content.Context, java.util.List) (ActivityThread.java:6129)
10-15 22:14:00.380 30334 30334 I zygote64:   at void android.app.ActivityThread.handleBindApplication(android.app.ActivityThread$AppBindData) (ActivityThread.java:6039)
10-15 22:14:00.380 30334 30334 I zygote64:   at void android.app.ActivityThread.-wrap1(android.app.ActivityThread, android.app.ActivityThread$AppBindData) (ActivityThread.java:-1)
10-15 22:14:00.380 30334 30334 I zygote64:   at void android.app.ActivityThread$H.handleMessage(android.os.Message) (ActivityThread.java:1764)
10-15 22:14:00.380 30334 30334 I zygote64:   at void android.os.Handler.dispatchMessage(android.os.Message) (Handler.java:105)
10-15 22:14:00.380 30334 30334 I zygote64:   at void android.os.Looper.loop() (Looper.java:164)
10-15 22:14:00.380 30334 30334 I zygote64:   at void android.app.ActivityThread.main(java.lang.String[]) (ActivityThread.java:6940)
10-15 22:14:00.380 30334 30334 I zygote64:   at java.lang.Object java.lang.reflect.Method.invoke(java.lang.Object, java.lang.Object[]) (Method.java:-2)
10-15 22:14:00.380 30334 30334 I zygote64:   at void com.android.internal.os.Zygote$MethodAndArgsCaller.run() (Zygote.java:327)
10-15 22:14:00.380 30334 30334 I zygote64:   at void com.android.internal.os.ZygoteInit.main(java.lang.String[]) (ZygoteInit.java:1374)
10-15 22:14:00.380 30334 30334 I zygote64: 
10-15 22:14:00.380  3957  4030 D SensorService: [SO] 0.101 -0.077 9.969
10-15 22:14:00.407 30334 30334 I zygote64: Rejecting re-init on previously-failed class java.lang.Class<Vw2>: java.lang.NoClassDefFoundError: Failed resolution of: Landroid/webkit/PacProcessor;
10-15 22:14:00.407 30334 30334 I zygote64:   at java.lang.Class java.lang.Class.classForName(java.lang.String, boolean, java.lang.ClassLoader) (Class.java:-2)
10-15 22:14:00.407 30334 30334 I zygote64:   at java.lang.Class java.lang.Class.forName(java.lang.String, boolean, java.lang.ClassLoader) (Class.java:453)
10-15 22:14:00.407 30334 30334 I zygote64:   at java.lang.Class android.webkit.WebViewFactory.getWebViewProviderClass(java.lang.ClassLoader) (WebViewFactory.java:150)
10-15 22:14:00.407 30334 30334 I zygote64:   at java.lang.Class android.webkit.WebViewFactory.getProviderClass() (WebViewFactory.java:417)
10-15 22:14:00.407 30334 30334 I zygote64:   at android.webkit.WebViewFactoryProvider android.webkit.WebViewFactory.getProvider() (WebViewFactory.java:211)
10-15 22:14:00.407 30334 30334 I zygote64:   at java.lang.String android.webkit.WebSettings.getDefaultUserAgent(android.content.Context) (WebSettings.java:1259)
10-15 22:14:00.407 30334 30334 I zygote64:   at java.lang.String com.mopub.network.Networking.getUserAgent(android.content.Context) (Networking.java:8)
10-15 22:14:00.407 30334 30334 I zygote64:   at com.mopub.network.MoPubRequestQueue com.mopub.network.Networking.getRequestQueue(android.content.Context) (Networking.java:7)
10-15 22:14:00.407 30334 30334 I zygote64:   at void com.mopub.common.MoPub.initializeSdk(android.content.Context, com.mopub.common.SdkConfiguration, com.mopub.common.SdkInitializationListener) (MoPub.java:17)
10-15 22:14:00.407 30334 30334 I zygote64:   at void flipboard.app.CoreInitializer$a.a(android.content.Context) (CoreInitializer.kt:24)
10-15 22:14:00.407 30334 30334 I zygote64:   at boolean flipboard.app.CoreInitializer.onCreate() (CoreInitializer.kt:1)
10-15 22:14:00.407 30334 30334 I zygote64:   at void android.content.ContentProvider.attachInfo(android.content.Context, android.content.pm.ProviderInfo, boolean) (ContentProvider.java:1925)
10-15 22:14:00.407 30334 30334 I zygote64:   at void android.content.ContentProvider.attachInfo(android.content.Context, android.content.pm.ProviderInfo) (ContentProvider.java:1900)
10-15 22:14:00.407 30334 30334 I zygote64:   at android.app.ContentProviderHolder android.app.ActivityThread.installProvider(android.content.Context, android.app.ContentProviderHolder, android.content.pm.ProviderInfo, boolean, boolean, boolean) (ActivityThread.java:6574)
10-15 22:14:00.407 30334 30334 I zygote64:   at void android.app.ActivityThread.installContentProviders(android.content.Context, java.util.List) (ActivityThread.java:6129)
10-15 22:14:00.407 30334 30334 I zygote64:   at void android.app.ActivityThread.handleBindApplication(android.app.ActivityThread$AppBindData) (ActivityThread.java:6039)
10-15 22:14:00.407 30334 30334 I zygote64:   at void android.app.ActivityThread.-wrap1(android.app.ActivityThread, android.app.ActivityThread$AppBindData) (ActivityThread.java:-1)
10-15 22:14:00.407 30334 30334 I zygote64:   at void android.app.ActivityThread$H.handleMessage(android.os.Message) (ActivityThread.java:1764)
10-15 22:14:00.407 30334 30334 I zygote64:   at void android.os.Handler.dispatchMessage(android.os.Message) (Handler.java:105)
10-15 22:14:00.407 30334 30334 I zygote64:   at void android.os.Looper.loop() (Looper.java:164)
10-15 22:14:00.407 30334 30334 I zygote64:   at void android.app.ActivityThread.main(java.lang.String[]) (ActivityThread.java:6940)
10-15 22:14:00.408 30334 30334 I zygote64:   at java.lang.Object java.lang.reflect.Method.invoke(java.lang.Object, java.lang.Object[]) (Method.java:-2)
10-15 22:14:00.408 30334 30334 I zygote64:   at void com.android.internal.os.Zygote$MethodAndArgsCaller.run() (Zygote.java:327)
10-15 22:14:00.408 30334 30334 I zygote64:   at void com.android.internal.os.ZygoteInit.main(java.lang.String[]) (ZygoteInit.java:1374)
10-15 22:14:00.408 30334 30334 I zygote64: Caused by: java.lang.ClassNotFoundException: Didn't find class "android.webkit.PacProcessor" on path: DexPathList[[zip file "/data/app/com.android.chrome-QTg8ZVc4SrzOOBmsVIBdyg==/base.apk"],nativeLibraryDirectories=[/data/app/com.android.chrome-QTg8ZVc4SrzOOBmsVIBdyg==/lib/arm64, /data/app/com.android.chrome-QTg8ZVc4SrzOOBmsVIBdyg==/base.apk!/lib/arm64-v8a, /system/lib64, /vendor/lib64]]
10-15 22:14:00.408 30334 30334 I zygote64:   at java.lang.Class dalvik.system.BaseDexClassLoader.findClass(java.lang.String) (BaseDexClassLoader.java:93)
10-15 22:14:00.408 30334 30334 I zygote64:   at java.lang.Class java.lang.ClassLoader.loadClass(java.lang.String, boolean) (ClassLoader.java:379)
10-15 22:14:00.408 30334 30334 I zygote64:   at java.lang.Class java.lang.ClassLoader.loadClass(java.lang.String) (ClassLoader.java:312)
10-15 22:14:00.408 30334 30334 I zygote64:   at java.lang.Class java.lang.Class.classForName(java.lang.String, boolean, java.lang.ClassLoader) (Class.java:-2)
10-15 22:14:00.408 30334 30334 I zygote64:   at java.lang.Class java.lang.Class.forName(java.lang.String, boolean, java.lang.ClassLoader) (Class.java:453)
10-15 22:14:00.408 30334 30334 I zygote64:   at java.lang.Class android.webkit.WebViewFactory.getWebViewProviderClass(java.lang.ClassLoader) (WebViewFactory.java:150)
10-15 22:14:00.408 30334 30334 I zygote64:   at java.lang.Class android.webkit.WebViewFactory.getProviderClass() (WebViewFactory.java:417)
10-15 22:14:00.408 30334 30334 I zygote64:   at android.webkit.WebViewFactoryProvider android.webkit.WebViewFactory.getProvider() (WebViewFactory.java:211)
10-15 22:14:00.408 30334 30334 I zygote64:   at java.lang.String android.webkit.WebSettings.getDefaultUserAgent(android.content.Context) (WebSettings.java:1259)
10-15 22:14:00.408 30334 30334 I zygote64:   at java.lang.String com.mopub.network.Networking.getUserAgent(android.content.Context) (Networking.java:8)
10-15 22:14:00.408 30334 30334 I zygote64:   at com.mopub.network.MoPubRequestQueue com.mopub.network.Networking.getRequestQueue(android.content.Context) (Networking.java:7)
10-15 22:14:00.408 30334 30334 I zygote64:   at void com.mopub.common.MoPub.initializeSdk(android.content.Context, com.mopub.common.SdkConfiguration, com.mopub.common.SdkInitializationListener) (MoPub.java:17)
10-15 22:14:00.408 30334 30334 I zygote64:   at void flipboard.app.CoreInitializer$a.a(android.content.Context) (CoreInitializer.kt:24)
10-15 22:14:00.408 30334 30334 I zygote64:   at boolean flipboard.app.CoreInitializer.onCreate() (CoreInitializer.kt:1)
10-15 22:14:00.408 30334 30334 I zygote64:   at void android.content.ContentProvider.attachInfo(android.content.Context, android.content.pm.ProviderInfo, boolean) (ContentProvider.java:1925)
10-15 22:14:00.408 30334 30334 I zygote64:   at void android.content.ContentProvider.attachInfo(android.content.Context, android.content.pm.ProviderInfo) (ContentProvider.java:1900)
10-15 22:14:00.408 30334 30334 I zygote64:   at android.app.ContentProviderHolder android.app.ActivityThread.installProvider(android.content.Context, android.app.ContentProviderHolder, android.content.pm.ProviderInfo, boolean, boolean, boolean) (ActivityThread.java:6574)
10-15 22:14:00.408 30334 30334 I zygote64:   at void android.app.ActivityThread.installContentProviders(android.content.Context, java.util.List) (ActivityThread.java:6129)
10-15 22:14:00.408 30334 30334 I zygote64:   at void android.app.ActivityThread.handleBindApplication(android.app.ActivityThread$AppBindData) (ActivityThread.java:6039)
10-15 22:14:00.408 30334 30334 I zygote64:   at void android.app.ActivityThread.-wrap1(android.app.ActivityThread, android.app.ActivityThread$AppBindData) (ActivityThread.java:-1)
10-15 22:14:00.408 30334 30334 I zygote64:   at void android.app.ActivityThread$H.handleMessage(android.os.Message) (ActivityThread.java:1764)
10-15 22:14:00.408 30334 30334 I zygote64:   at void android.os.Handler.dispatchMessage(android.os.Message) (Handler.java:105)
10-15 22:14:00.408 30334 30334 I zygote64:   at void android.os.Looper.loop() (Looper.java:164)
10-15 22:14:00.408 30334 30334 I zygote64:   at void android.app.ActivityThread.main(java.lang.String[]) (ActivityThread.java:6940)
10-15 22:14:00.408 30334 30334 I zygote64:   at java.lang.Object java.lang.reflect.Method.invoke(java.lang.Object, java.lang.Object[]) (Method.java:-2)
10-15 22:14:00.408 30334 30334 I zygote64:   at void com.android.internal.os.Zygote$MethodAndArgsCaller.run() (Zygote.java:327)
10-15 22:14:00.408 30334 30334 I zygote64:   at void com.android.internal.os.ZygoteInit.main(java.lang.String[]) (ZygoteInit.java:1374)
10-15 22:14:00.408 30334 30334 I zygote64: 
10-15 22:14:00.408 30334 30334 I zygote64: Rejecting re-init on previously-failed class java.lang.Class<Vw2>: java.lang.NoClassDefFoundError: Failed resolution of: Landroid/webkit/PacProcessor;
10-15 22:14:00.408 30334 30334 I zygote64:   at java.lang.Class java.lang.Class.classForName(java.lang.String, boolean, java.lang.ClassLoader) (Class.java:-2)
10-15 22:14:00.408 30334 30334 I zygote64:   at java.lang.Class java.lang.Class.forName(java.lang.String, boolean, java.lang.ClassLoader) (Class.java:453)
10-15 22:14:00.408 30334 30334 I zygote64:   at java.lang.Class android.webkit.WebViewFactory.getWebViewProviderClass(java.lang.ClassLoader) (WebViewFactory.java:150)
10-15 22:14:00.408 30334 30334 I zygote64:   at java.lang.Class android.webkit.WebViewFactory.getProviderClass() (WebViewFactory.java:417)
10-15 22:14:00.408 30334 30334 I zygote64:   at android.webkit.WebViewFactoryProvider android.webkit.WebViewFactory.getProvider() (WebViewFactory.java:211)
10-15 22:14:00.408 30334 30334 I zygote64:   at java.lang.String android.webkit.WebSettings.getDefaultUserAgent(android.content.Context) (WebSettings.java:1259)
10-15 22:14:00.408 30334 30334 I zygote64:   at java.lang.String com.mopub.network.Networking.getUserAgent(android.content.Context) (Networking.java:8)
10-15 22:14:00.408 30334 30334 I zygote64:   at com.mopub.network.MoPubRequestQueue com.mopub.network.Networking.getRequestQueue(android.content.Context) (Networking.java:7)
10-15 22:14:00.408 30334 30334 I zygote64:   at void com.mopub.common.MoPub.initializeSdk(android.content.Context, com.mopub.common.SdkConfiguration, com.mopub.common.SdkInitializationListener) (MoPub.java:17)
10-15 22:14:00.408 30334 30334 I zygote64:   at void flipboard.app.CoreInitializer$a.a(android.content.Context) (CoreInitializer.kt:24)
10-15 22:14:00.408 30334 30334 I zygote64:   at boolean flipboard.app.CoreInitializer.onCreate() (CoreInitializer.kt:1)
10-15 22:14:00.408 30334 30334 I zygote64:   at void android.content.ContentProvider.attachInfo(android.content.Context, android.content.pm.ProviderInfo, boolean) (ContentProvider.java:1925)
10-15 22:14:00.408 30334 30334 I zygote64:   at void android.content.ContentProvider.attachInfo(android.content.Context, android.content.pm.ProviderInfo) (ContentProvider.java:1900)
10-15 22:14:00.408 30334 30334 I zygote64:   at android.app.ContentProviderHolder android.app.ActivityThread.installProvider(android.content.Context, android.app.ContentProviderHolder, android.content.pm.ProviderInfo, boolean, boolean, boolean) (ActivityThread.java:6574)
10-15 22:14:00.408 30334 30334 I zygote64:   at void android.app.ActivityThread.installContentProviders(android.content.Context, java.util.List) (ActivityThread.java:6129)
10-15 22:14:00.408 30334 30334 I zygote64:   at void android.app.ActivityThread.handleBindApplication(android.app.ActivityThread$AppBindData) (ActivityThread.java:6039)
10-15 22:14:00.408 30334 30334 I zygote64:   at void android.app.ActivityThread.-wrap1(android.app.ActivityThread, android.app.ActivityThread$AppBindData) (ActivityThread.java:-1)
10-15 22:14:00.408 30334 30334 I zygote64:   at void android.app.ActivityThread$H.handleMessage(android.os.Message) (ActivityThread.java:1764)
10-15 22:14:00.408 30334 30334 I zygote64:   at void android.os.Handler.dispatchMessage(android.os.Message) (Handler.java:105)
10-15 22:14:00.408 30334 30334 I zygote64:   at void android.os.Looper.loop() (Looper.java:164)
10-15 22:14:00.408 30334 30334 I zygote64:   at void android.app.ActivityThread.main(java.lang.String[]) (ActivityThread.java:6940)
10-15 22:14:00.408 30334 30334 I zygote64:   at java.lang.Object java.lang.reflect.Method.invoke(java.lang.Object, java.lang.Object[]) (Method.java:-2)
10-15 22:14:00.408 30334 30334 I zygote64:   at void com.android.internal.os.Zygote$MethodAndArgsCaller.run() (Zygote.java:327)
10-15 22:14:00.408 30334 30334 I zygote64:   at void com.android.internal.os.ZygoteInit.main(java.lang.String[]) (ZygoteInit.java:1374)
10-15 22:14:00.408 30334 30334 I zygote64: Caused by: java.lang.ClassNotFoundException: Didn't find class "android.webkit.PacProcessor" on path: DexPathList[[zip file "/data/app/com.android.chrome-QTg8ZVc4SrzOOBmsVIBdyg==/base.apk"],nativeLibraryDirectories=[/data/app/com.android.chrome-QTg8ZVc4SrzOOBmsVIBdyg==/lib/arm64, /data/app/com.android.chrome-QTg8ZVc4SrzOOBmsVIBdyg==/base.apk!/lib/arm64-v8a, /system/lib64, /vendor/lib64]]
10-15 22:14:00.408 30334 30334 I zygote64:   at java.lang.Class dalvik.system.BaseDexClassLoader.findClass(java.lang.String) (BaseDexClassLoader.java:93)
10-15 22:14:00.408 30334 30334 I zygote64:   at java.lang.Class java.lang.ClassLoader.loadClass(java.lang.String, boolean) (ClassLoader.java:379)
10-15 22:14:00.408 30334 30334 I zygote64:   at java.lang.Class java.lang.ClassLoader.loadClass(java.lang.String) (ClassLoader.java:312)
10-15 22:14:00.408 30334 30334 I zygote64:   at java.lang.Class java.lang.Class.classForName(java.lang.String, boolean, java.lang.ClassLoader) (Class.java:-2)
10-15 22:14:00.408 30334 30334 I zygote64:   at java.lang.Class java.lang.Class.forName(java.lang.String, boolean, java.lang.ClassLoader) (Class.java:453)
10-15 22:14:00.408 30334 30334 I zygote64:   at java.lang.Class android.webkit.WebViewFactory.getWebViewProviderClass(java.lang.ClassLoader) (WebViewFactory.java:150)
10-15 22:14:00.408 30334 30334 I zygote64:   at java.lang.Class android.webkit.WebViewFactory.getProviderClass() (WebViewFactory.java:417)
10-15 22:14:00.408 30334 30334 I zygote64:   at android.webkit.WebViewFactoryProvider android.webkit.WebViewFactory.getProvider() (WebViewFactory.java:211)
10-15 22:14:00.408 30334 30334 I zygote64:   at java.lang.String android.webkit.WebSettings.getDefaultUserAgent(android.content.Context) (WebSettings.java:1259)
10-15 22:14:00.408 30334 30334 I zygote64:   at java.lang.String com.mopub.network.Networking.getUserAgent(android.content.Context) (Networking.java:8)
10-15 22:14:00.408 30334 30334 I zygote64:   at com.mopub.network.MoPubRequestQueue com.mopub.network.Networking.getRequestQueue(android.content.Context) (Networking.java:7)
10-15 22:14:00.408 30334 30334 I zygote64:   at void com.mopub.common.MoPub.initializeSdk(android.content.Context, com.mopub.common.SdkConfiguration, com.mopub.common.SdkInitializationListener) (MoPub.java:17)
10-15 22:14:00.408 30334 30334 I zygote64:   at void flipboard.app.CoreInitializer$a.a(android.content.Context) (CoreInitializer.kt:24)
10-15 22:14:00.408 30334 30334 I zygote64:   at boolean flipboard.app.CoreInitializer.onCreate() (CoreInitializer.kt:1)
10-15 22:14:00.408 30334 30334 I zygote64:   at void android.content.ContentProvider.attachInfo(android.content.Context, android.content.pm.ProviderInfo, boolean) (ContentProvider.java:1925)
10-15 22:14:00.408 30334 30334 I zygote64:   at void android.content.ContentProvider.attachInfo(android.content.Context, android.content.pm.ProviderInfo) (ContentProvider.java:1900)
10-15 22:14:00.408 30334 30334 I zygote64:   at android.app.ContentProviderHolder android.app.ActivityThread.installProvider(android.content.Context, android.app.ContentProviderHolder, android.content.pm.ProviderInfo, boolean, boolean, boolean) (ActivityThread.java:6574)
10-15 22:14:00.408 30334 30334 I zygote64:   at void android.app.ActivityThread.installContentProviders(android.content.Context, java.util.List) (ActivityThread.java:6129)
10-15 22:14:00.408 30334 30334 I zygote64:   at void android.app.ActivityThread.handleBindApplication(android.app.ActivityThread$AppBindData) (ActivityThread.java:6039)
10-15 22:14:00.408 30334 30334 I zygote64:   at void android.app.ActivityThread.-wrap1(android.app.ActivityThread, android.app.ActivityThread$AppBindData) (ActivityThread.java:-1)
10-15 22:14:00.408 30334 30334 I zygote64:   at void android.app.ActivityThread$H.handleMessage(android.os.Message) (ActivityThread.java:1764)
10-15 22:14:00.408 30334 30334 I zygote64:   at void android.os.Handler.dispatchMessage(android.os.Message) (Handler.java:105)
10-15 22:14:00.408 30334 30334 I zygote64:   at void android.os.Looper.loop() (Looper.java:164)
10-15 22:14:00.408 30334 30334 I zygote64:   at void android.app.ActivityThread.main(java.lang.String[]) (ActivityThread.java:6940)
10-15 22:14:00.409 30334 30334 I zygote64:   at java.lang.Object java.lang.reflect.Method.invoke(java.lang.Object, java.lang.Object[]) (Method.java:-2)
10-15 22:14:00.409 30334 30334 I zygote64:   at void com.android.internal.os.Zygote$MethodAndArgsCaller.run() (Zygote.java:327)
