10-15 22:08:13.959 29041 29301 I BatteryMgr:DataCollectionService: stats => 1697400493959,157,4250,159,0,100
10-15 22:08:13.986  3957  4129 D WifiStateMachine:  ConnectedState !RSSI_PKTCNT_FETCH uid=1000 rt=402483134/1062881362 0 0 "ourhome" f4:6d:2f:12:cc:88 rssi=-44 f=5240 sc=60 link=433 tx=0.1, 0.0, 0.0  rx=4.7 bcn=54897 [on:0 tx:0 rx:0 period:999] from screen [on:99372 period:660961] score=60
10-15 22:08:13.988  3957  4129 D WifiStateMachine:  L2ConnectedState !RSSI_PKTCNT_FETCH uid=1000 rt=402483137/1062881364 0 0 "ourhome" f4:6d:2f:12:cc:88 rssi=-44 f=5240 sc=60 link=433 tx=0.1, 0.0, 0.0  rx=4.7 bcn=54897 [on:0 tx:0 rx:0 period:3] from screen [on:99372 period:660964] score=60
10-15 22:08:13.997  3957  4129 D WifiStateMachine: fetchRssiLinkSpeedAndFrequencyNative rssi=-44 linkspeed=433 freq=5240
10-15 22:08:14.068 29041 29301 I BatteryMgr:DataCollectionService: stats => 1697400494068,157,4250,159,0,100
10-15 22:08:14.176 29041 29301 I BatteryMgr:DataCollectionService: stats => 1697400494175,175,4250,151,0,100
10-15 22:08:14.284 29041 29301 I BatteryMgr:DataCollectionService: stats => 1697400494284,175,4250,151,0,100
10-15 22:08:14.398 29041 29301 I BatteryMgr:DataCollectionService: stats => 1697400494398,175,4250,151,0,100
10-15 22:08:14.429  4961  4961 D io_stats: !@ 179,0 r 5249477 162533496 w 1285859 27949016 d 101322 31600464 f 298574 315129 iot 2334464 2064629 th 51200 0 0 pt 0 inp 0 0 402483.579
10-15 22:08:14.506 29041 29301 I BatteryMgr:DataCollectionService: stats => 1697400494506,175,4250,151,0,100
10-15 22:08:14.617 29041 29301 I BatteryMgr:DataCollectionService: stats => 1697400494617,175,4250,151,0,100
10-15 22:08:14.650  3957 10037 D BatteryService: !@BatteryListener : batteryPropertiesChanged!
10-15 22:08:14.660 19438 19556 D ScanRecord: Not a Multi Manu data
10-15 22:08:14.725 19438 19556 I chatty  : uid=1002(bluetooth) BT Service Call identical 113 lines
10-15 22:08:14.725 19438 19556 D ScanRecord: Not a Multi Manu data
10-15 22:08:14.725 29041 29301 I BatteryMgr:DataCollectionService: stats => 1697400494725,175,4250,151,0,100
10-15 22:08:14.726 19438 19556 D ScanRecord: Not a Multi Manu data
10-15 22:08:14.802 19438 19556 I chatty  : uid=1002(bluetooth) BT Service Call identical 117 lines
10-15 22:08:14.803 19438 19556 D ScanRecord: Not a Multi Manu data
10-15 22:08:14.816  3957  4128 D WifiService: getConnectionInfo uid=1000
10-15 22:08:14.830 19438 19556 D ScanRecord: Not a Multi Manu data
10-15 22:08:14.830 19438 19556 I chatty  : uid=1002(bluetooth) BT Service Call identical 11 lines
10-15 22:08:14.830 19438 19556 D ScanRecord: Not a Multi Manu data
10-15 22:08:14.834 29041 29301 I BatteryMgr:DataCollectionService: stats => 1697400494834,175,4250,151,0,100
10-15 22:08:14.843 19438 19556 D ScanRecord: Not a Multi Manu data
10-15 22:08:14.907  3957  6478 D SSRM:k  : SIOP:: AP = 370, PST = 348 (W:28), BAT = 297, USB = 0, CHG = 0
10-15 22:08:14.913 19438 19556 I chatty  : uid=1002(bluetooth) BT Service Call identical 115 lines
10-15 22:08:14.913 19438 19556 D ScanRecord: Not a Multi Manu data
10-15 22:08:14.916  3957  4129 D WifiStateMachine:  ConnectedState !CMD_RSSI_POLL rt=402484064/1062882291 52 0 "ourhome" f4:6d:2f:12:cc:88 rssi=-44 f=5240 sc=60 link=433 tx=0.1, 0.0, 0.0  rx=4.7 bcn=54897 [on:0 tx:0 rx:0 period:928] from screen [on:99372 period:661892] score=60
10-15 22:08:14.918  3957  4129 D WifiStateMachine:  L2ConnectedState !CMD_RSSI_POLL rt=402484068/1062882295 52 0 "ourhome" f4:6d:2f:12:cc:88 rssi=-44 f=5240 sc=60 link=433 tx=0.1, 0.0, 0.0  rx=4.7 bcn=54897 [on:0 tx:0 rx:0 period:2] from screen [on:99372 period:661894] score=60
10-15 22:08:14.918  3957  4129 D WifiStateMachine:  get link layer stats 3
10-15 22:08:14.918 19438 19556 D ScanRecord: Not a Multi Manu data
10-15 22:08:14.919  3436  3436 I android.hardware.wifi@1.0-service: getLinkLayerStats
10-15 22:08:14.919 19438 19556 I chatty  : uid=1002(bluetooth) BT Service Call identical 11 lines
10-15 22:08:14.919 19438 19556 D ScanRecord: Not a Multi Manu data
10-15 22:08:14.924  3957  4129 D WifiStateMachine: fetchRssiLinkSpeedAndFrequencyNative rssi=-44 linkspeed=433 freq=5240
10-15 22:08:14.931  4340  4340 E SignalClusterView: setSlotFocusVisible : subId -2
10-15 22:08:14.931  4340  4340 E SignalClusterView: setSlotFocusVisible : subId -2
10-15 22:08:14.944 29041 29301 I BatteryMgr:DataCollectionService: stats => 1697400494944,175,4250,151,0,100
10-15 22:08:14.950 19438 19556 D ScanRecord: Not a Multi Manu data
10-15 22:08:14.981 19438 19556 I chatty  : uid=1002(bluetooth) BT Service Call identical 37 lines
10-15 22:08:14.981 19438 19556 D ScanRecord: Not a Multi Manu data
10-15 22:08:14.985  3957  4129 D WifiStateMachine:  ConnectedState !RSSI_PKTCNT_FETCH uid=1000 rt=402484134/1062882362 0 0 "ourhome" f4:6d:2f:12:cc:88 rssi=-44 f=5240 sc=60 link=433 tx=0.7, 0.0, 0.0  rx=17.0 bcn=54925 [on:0 tx:0 rx:0 period:54] from screen [on:100064 period:661961] score=60
10-15 22:08:14.987  3957  4129 D WifiStateMachine:  L2ConnectedState !RSSI_PKTCNT_FETCH uid=1000 rt=402484136/1062882364 0 0 "ourhome" f4:6d:2f:12:cc:88 rssi=-44 f=5240 sc=60 link=433 tx=0.7, 0.0, 0.0  rx=17.0 bcn=54925 [on:0 tx:0 rx:0 period:2] from screen [on:100064 period:661963] score=60
10-15 22:08:14.990 19438 19556 D ScanRecord: Not a Multi Manu data
10-15 22:08:14.991 19438 19556 I chatty  : uid=1002(bluetooth) BT Service Call identical 11 lines
10-15 22:08:14.992  3957  4129 D WifiStateMachine: fetchRssiLinkSpeedAndFrequencyNative rssi=-44 linkspeed=433 freq=5240
10-15 22:08:14.992 19438 19556 D ScanRecord: Not a Multi Manu data
10-15 22:08:14.999 19438 19556 D ScanRecord: Not a Multi Manu data
10-15 22:08:15.047 19438 19556 I chatty  : uid=1002(bluetooth) BT Service Call identical 50 lines
10-15 22:08:15.047 19438 19556 D ScanRecord: Not a Multi Manu data
10-15 22:08:15.050 29041 29301 I BatteryMgr:DataCollectionService: stats => 1697400495050,175,4250,151,0,100
10-15 22:08:15.053 19438 19556 D ScanRecord: Not a Multi Manu data
10-15 22:08:15.140 19438 19556 I chatty  : uid=1002(bluetooth) BT Service Call identical 115 lines
10-15 22:08:15.140 19438 19556 D ScanRecord: Not a Multi Manu data
10-15 22:08:15.156 29041 29301 I BatteryMgr:DataCollectionService: stats => 1697400495156,175,4250,151,0,100
10-15 22:08:15.263 29041 29301 I BatteryMgr:DataCollectionService: stats => 1697400495262,175,4250,151,0,100
10-15 22:08:15.372 29041 29301 I BatteryMgr:DataCollectionService: stats => 1697400495372,175,4250,151,0,100
10-15 22:08:15.482 29041 29301 I BatteryMgr:DataCollectionService: stats => 1697400495482,175,4250,151,0,100
10-15 22:08:15.592 29041 29301 I BatteryMgr:DataCollectionService: stats => 1697400495592,175,4250,151,0,100
10-15 22:08:15.699 29041 29301 I BatteryMgr:DataCollectionService: stats => 1697400495699,175,4250,151,0,100
10-15 22:08:15.811 29041 29301 I BatteryMgr:DataCollectionService: stats => 1697400495811,175,4250,151,0,100
10-15 22:08:15.818  3957  4128 D WifiService: getConnectionInfo uid=1000
10-15 22:08:15.917 29041 29301 I BatteryMgr:DataCollectionService: stats => 1697400495917,175,4250,151,0,100
10-15 22:08:15.987  3957  4129 D WifiStateMachine:  ConnectedState !RSSI_PKTCNT_FETCH uid=1000 rt=402485136/1062883364 0 0 "ourhome" f4:6d:2f:12:cc:88 rssi=-44 f=5240 sc=60 link=433 tx=0.7, 0.0, 0.0  rx=17.0 bcn=54925 [on:0 tx:0 rx:0 period:1000] from screen [on:100064 period:662963] score=60
10-15 22:08:15.992  3957  4129 D WifiStateMachine:  L2ConnectedState !RSSI_PKTCNT_FETCH uid=1000 rt=402485138/1062883366 0 0 "ourhome" f4:6d:2f:12:cc:88 rssi=-44 f=5240 sc=60 link=433 tx=0.7, 0.0, 0.0  rx=17.0 bcn=54925 [on:0 tx:0 rx:0 period:4] from screen [on:100064 period:662967] score=60
10-15 22:08:15.994  3957  4129 D WifiStateMachine: fetchRssiLinkSpeedAndFrequencyNative rssi=-44 linkspeed=433 freq=5240
10-15 22:08:16.027 29041 29301 I BatteryMgr:DataCollectionService: stats => 1697400496027,175,4250,151,0,100
10-15 22:08:16.135 29041 29301 I BatteryMgr:DataCollectionService: stats => 1697400496135,175,4250,151,0,100
10-15 22:08:16.243 29041 29301 I BatteryMgr:DataCollectionService: stats => 1697400496243,175,4250,151,0,100
10-15 22:08:16.350 29041 29301 I BatteryMgr:DataCollectionService: stats => 1697400496350,175,4250,151,0,100
10-15 22:08:16.460 29041 29301 I BatteryMgr:DataCollectionService: stats => 1697400496460,175,4250,151,0,100
10-15 22:08:16.568 29041 29301 I BatteryMgr:DataCollectionService: stats => 1697400496568,175,4250,151,0,100
10-15 22:08:16.678 29041 29301 I BatteryMgr:DataCollectionService: stats => 1697400496678,175,4250,151,0,100
10-15 22:08:16.786 29041 29301 I BatteryMgr:DataCollectionService: stats => 1697400496786,175,4250,151,0,100
10-15 22:08:16.821  3957  4128 D WifiService: getConnectionInfo uid=1000
10-15 22:08:16.897 29041 29301 I BatteryMgr:DataCollectionService: stats => 1697400496897,175,4250,151,0,100
10-15 22:08:16.991  3957  4129 D WifiStateMachine:  ConnectedState !RSSI_PKTCNT_FETCH uid=1000 rt=402486138/1062884366 0 0 "ourhome" f4:6d:2f:12:cc:88 rssi=-44 f=5240 sc=60 link=433 tx=0.7, 0.0, 0.0  rx=17.0 bcn=54925 [on:0 tx:0 rx:0 period:999] from screen [on:100064 period:663966] score=60
10-15 22:08:16.995  3957  4129 D WifiStateMachine:  L2ConnectedState !RSSI_PKTCNT_FETCH uid=1000 rt=402486142/1062884369 0 0 "ourhome" f4:6d:2f:12:cc:88 rssi=-44 f=5240 sc=60 link=433 tx=0.7, 0.0, 0.0  rx=17.0 bcn=54925 [on:0 tx:0 rx:0 period:5] from screen [on:100064 period:663971] score=60
10-15 22:08:17.005  3957  4129 D WifiStateMachine: fetchRssiLinkSpeedAndFrequencyNative rssi=-43 linkspeed=433 freq=5240
10-15 22:08:17.014 29041 29301 I BatteryMgr:DataCollectionService: stats => 1697400497013,175,4250,151,0,100
10-15 22:08:17.122 29041 29301 I BatteryMgr:DataCollectionService: stats => 1697400497122,175,4250,151,0,100
10-15 22:08:17.233 29041 29301 I BatteryMgr:DataCollectionService: stats => 1697400497232,175,4250,151,0,100
10-15 22:08:17.343 29041 29301 I BatteryMgr:DataCollectionService: stats => 1697400497343,175,4250,151,0,100
10-15 22:08:17.452 29041 29301 I BatteryMgr:DataCollectionService: stats => 1697400497452,175,4250,151,0,100
10-15 22:08:17.562 29041 29301 I BatteryMgr:DataCollectionService: stats => 1697400497562,175,4250,151,0,100
10-15 22:08:17.672 29041 29301 I BatteryMgr:DataCollectionService: stats => 1697400497671,175,4250,151,0,100
10-15 22:08:17.782 29041 29301 I BatteryMgr:DataCollectionService: stats => 1697400497782,175,4250,151,0,100
10-15 22:08:17.823  3957  4128 D WifiService: getConnectionInfo uid=1000
10-15 22:08:17.891 29041 29301 I BatteryMgr:DataCollectionService: stats => 1697400497891,175,4250,151,0,100
10-15 22:08:17.928  3957  4129 D WifiStateMachine:  ConnectedState !CMD_RSSI_POLL rt=402487078/1062885305 52 0 "ourhome" f4:6d:2f:12:cc:88 rssi=-43 f=5240 sc=60 link=433 tx=0.7, 0.0, 0.0  rx=17.0 bcn=54925 [on:0 tx:0 rx:0 period:933] from screen [on:100064 period:664904] score=60
10-15 22:08:17.930  3957  4129 D WifiStateMachine:  L2ConnectedState !CMD_RSSI_POLL rt=402487079/1062885307 52 0 "ourhome" f4:6d:2f:12:cc:88 rssi=-43 f=5240 sc=60 link=433 tx=0.7, 0.0, 0.0  rx=17.0 bcn=54925 [on:0 tx:0 rx:0 period:2] from screen [on:100064 period:664906] score=60
10-15 22:08:17.930  3957  4129 D WifiStateMachine:  get link layer stats 3
10-15 22:08:17.931  3436  3436 I android.hardware.wifi@1.0-service: getLinkLayerStats
10-15 22:08:17.937  3957  4129 D WifiStateMachine: fetchRssiLinkSpeedAndFrequencyNative rssi=-43 linkspeed=433 freq=5240
10-15 22:08:17.942  4340  4340 E SignalClusterView: setSlotFocusVisible : subId -2
10-15 22:08:17.942  4340  4340 E SignalClusterView: setSlotFocusVisible : subId -2
10-15 22:08:17.991  3957  4129 D WifiStateMachine:  ConnectedState !RSSI_PKTCNT_FETCH uid=1000 rt=402487139/1062885367 0 0 "ourhome" f4:6d:2f:12:cc:88 rssi=-43 f=5240 sc=60 link=433 tx=0.2, 0.0, 0.0  rx=8.7 bcn=54952 [on:0 tx:0 rx:0 period:50] from screen [on:100276 period:664966] score=60
10-15 22:08:17.995  3957  4129 D WifiStateMachine:  L2ConnectedState !RSSI_PKTCNT_FETCH uid=1000 rt=402487142/1062885370 0 0 "ourhome" f4:6d:2f:12:cc:88 rssi=-43 f=5240 sc=60 link=433 tx=0.2, 0.0, 0.0  rx=8.7 bcn=54952 [on:0 tx:0 rx:0 period:4] from screen [on:100276 period:664970] score=60
10-15 22:08:18.000 29041 29301 I BatteryMgr:DataCollectionService: stats => 1697400498000,175,4250,151,0,100
10-15 22:08:18.001  3957  4129 D WifiStateMachine: fetchRssiLinkSpeedAndFrequencyNative rssi=-43 linkspeed=433 freq=5240
10-15 22:08:18.110 29041 29301 I BatteryMgr:DataCollectionService: stats => 1697400498110,175,4250,151,0,100
10-15 22:08:18.228 29041 29301 I BatteryMgr:DataCollectionService: stats => 1697400498228,175,4250,151,0,100
10-15 22:08:18.337 29041 29301 I BatteryMgr:DataCollectionService: stats => 1697400498337,175,4250,151,0,100
10-15 22:08:18.456 29041 29301 I BatteryMgr:DataCollectionService: stats => 1697400498456,175,4250,151,0,100
10-15 22:08:18.567 29041 29301 I BatteryMgr:DataCollectionService: stats => 1697400498567,175,4250,151,0,100
10-15 22:08:18.682 29041 29301 I BatteryMgr:DataCollectionService: stats => 1697400498681,175,4250,151,0,100
10-15 22:08:18.794 29041 29301 I BatteryMgr:DataCollectionService: stats => 1697400498793,175,4250,151,0,100
10-15 22:08:18.826  3957  4128 D WifiService: getConnectionInfo uid=1000
10-15 22:08:18.903 29041 29301 I BatteryMgr:DataCollectionService: stats => 1697400498903,175,4250,151,0,100
10-15 22:08:18.991  3957  4129 D WifiStateMachine:  ConnectedState !RSSI_PKTCNT_FETCH uid=1000 rt=402488140/1062886368 0 0 "ourhome" f4:6d:2f:12:cc:88 rssi=-43 f=5240 sc=60 link=433 tx=0.2, 0.0, 0.0  rx=8.7 bcn=54952 [on:0 tx:0 rx:0 period:997] from screen [on:100276 period:665967] score=60
10-15 22:08:18.993  3957  4129 D WifiStateMachine:  L2ConnectedState !RSSI_PKTCNT_FETCH uid=1000 rt=402488142/1062886370 0 0 "ourhome" f4:6d:2f:12:cc:88 rssi=-43 f=5240 sc=60 link=433 tx=0.2, 0.0, 0.0  rx=8.7 bcn=54952 [on:0 tx:0 rx:0 period:2] from screen [on:100276 period:665969] score=60
10-15 22:08:19.000  3957  4129 D WifiStateMachine: fetchRssiLinkSpeedAndFrequencyNative rssi=-43 linkspeed=433 freq=5240
10-15 22:08:19.013 29041 29301 I BatteryMgr:DataCollectionService: stats => 1697400499013,175,4250,151,0,100
10-15 22:08:19.120 29041 29301 I BatteryMgr:DataCollectionService: stats => 1697400499120,175,4250,151,0,100
10-15 22:08:19.230 29041 29301 I BatteryMgr:DataCollectionService: stats => 1697400499230,175,4250,151,0,100
10-15 22:08:19.336 29041 29301 I BatteryMgr:DataCollectionService: stats => 1697400499336,175,4250,151,0,100
10-15 22:08:19.432  4961  4961 D io_stats: !@ 179,0 r 5249478 162533528 w 1285868 27949184 d 101323 31600532 f 298575 315130 iot 2334464 2064635 th 51200 0 0 pt 0 inp 0 0 402488.582
10-15 22:08:19.446 29041 29301 I BatteryMgr:DataCollectionService: stats => 1697400499446,175,4250,151,0,100
10-15 22:08:19.557 29041 29301 I BatteryMgr:DataCollectionService: stats => 1697400499557,175,4250,151,0,100
10-15 22:08:19.666 29041 29301 I BatteryMgr:DataCollectionService: stats => 1697400499666,175,4250,151,0,100
10-15 22:08:19.678 19438 19556 D ScanRecord: Not a Multi Manu data
10-15 22:08:19.718 19438 19556 I chatty  : uid=1002(bluetooth) BT Service Call identical 24 lines
10-15 22:08:19.718 19438 19556 D ScanRecord: Not a Multi Manu data
10-15 22:08:19.777 29041 29301 I BatteryMgr:DataCollectionService: stats => 1697400499777,175,4250,151,0,100
10-15 22:08:19.816 19438 19556 D ScanRecord: Not a Multi Manu data
10-15 22:08:19.823 19438 19556 I chatty  : uid=1002(bluetooth) BT Service Call identical 37 lines
10-15 22:08:19.823 19438 19556 D ScanRecord: Not a Multi Manu data
10-15 22:08:19.829  3957  4128 D WifiService: getConnectionInfo uid=1000
10-15 22:08:19.867 19438 19556 D ScanRecord: Not a Multi Manu data
10-15 22:08:19.879 19438 19556 I chatty  : uid=1002(bluetooth) BT Service Call identical 24 lines
10-15 22:08:19.879 19438 19556 D ScanRecord: Not a Multi Manu data
10-15 22:08:19.885 29041 29301 I BatteryMgr:DataCollectionService: stats => 1697400499885,175,4250,151,0,100
10-15 22:08:19.890 19438 19556 D ScanRecord: Not a Multi Manu data
10-15 22:08:19.922 19438 19556 I chatty  : uid=1002(bluetooth) BT Service Call identical 50 lines
10-15 22:08:19.922 19438 19556 D ScanRecord: Not a Multi Manu data
10-15 22:08:19.995  3957  4129 D WifiStateMachine:  ConnectedState !RSSI_PKTCNT_FETCH uid=1000 rt=402489141/1062887369 0 0 "ourhome" f4:6d:2f:12:cc:88 rssi=-43 f=5240 sc=60 link=433 tx=0.2, 0.0, 0.0  rx=8.7 bcn=54952 [on:0 tx:0 rx:0 period:1002] from screen [on:100276 period:666971] score=60
10-15 22:08:19.996 29041 29301 I BatteryMgr:DataCollectionService: stats => 1697400499996,175,4250,151,0,100
10-15 22:08:19.998  3957  4129 D WifiStateMachine:  L2ConnectedState !RSSI_PKTCNT_FETCH uid=1000 rt=402489147/1062887374 0 0 "ourhome" f4:6d:2f:12:cc:88 rssi=-43 f=5240 sc=60 link=433 tx=0.2, 0.0, 0.0  rx=8.7 bcn=54952 [on:0 tx:0 rx:0 period:3] from screen [on:100276 period:666974] score=60
10-15 22:08:20.000  3957  4129 D WifiStateMachine: fetchRssiLinkSpeedAndFrequencyNative rssi=-43 linkspeed=433 freq=5240
10-15 22:08:20.004 19438 19556 D ScanRecord: Not a Multi Manu data
10-15 22:08:20.103 19438 19556 I chatty  : uid=1002(bluetooth) BT Service Call identical 89 lines
10-15 22:08:20.103 19438 19556 D ScanRecord: Not a Multi Manu data
10-15 22:08:20.105 29041 29301 I BatteryMgr:DataCollectionService: stats => 1697400500105,175,4250,151,0,100
10-15 22:08:20.215 29041 29301 I BatteryMgr:DataCollectionService: stats => 1697400500215,175,4250,151,0,100
10-15 22:08:20.312  3957  4030 D SensorService: [SO] 0.091 -0.101 9.965
10-15 22:08:20.323 29041 29301 I BatteryMgr:DataCollectionService: stats => 1697400500323,175,4250,151,0,100
10-15 22:08:20.433 29041 29301 I BatteryMgr:DataCollectionService: stats => 1697400500433,175,4250,151,0,100
10-15 22:08:20.543 29041 29301 I BatteryMgr:DataCollectionService: stats => 1697400500543,175,4250,151,0,100
10-15 22:08:20.657 29041 29301 I BatteryMgr:DataCollectionService: stats => 1697400500657,175,4250,151,0,100
10-15 22:08:20.767 29041 29301 I BatteryMgr:DataCollectionService: stats => 1697400500767,175,4250,151,0,100
10-15 22:08:20.831  3957  4128 D WifiService: getConnectionInfo uid=1000
10-15 22:08:20.865 29084 29319 I SessionStorage/AutoSave: Save: Periodic
10-15 22:08:20.877 29041 29301 I BatteryMgr:DataCollectionService: stats => 1697400500877,175,4250,151,0,100
10-15 22:08:20.941  3957  4129 D WifiStateMachine:  ConnectedState !CMD_RSSI_POLL rt=402490090/1062888317 52 0 "ourhome" f4:6d:2f:12:cc:88 rssi=-43 f=5240 sc=60 link=433 tx=0.2, 0.0, 0.0  rx=8.7 bcn=54952 [on:0 tx:0 rx:0 period:943] from screen [on:100276 period:667917] score=60
10-15 22:08:20.942  3957  4129 D WifiStateMachine:  L2ConnectedState !CMD_RSSI_POLL rt=402490092/1062888320 52 0 "ourhome" f4:6d:2f:12:cc:88 rssi=-43 f=5240 sc=60 link=433 tx=0.2, 0.0, 0.0  rx=8.7 bcn=54952 [on:0 tx:0 rx:0 period:1] from screen [on:100276 period:667918] score=60
10-15 22:08:20.943  3957  4129 D WifiStateMachine:  get link layer stats 3
10-15 22:08:20.943  3436  3436 I android.hardware.wifi@1.0-service: getLinkLayerStats
10-15 22:08:20.962  3957  4129 D WifiStateMachine: fetchRssiLinkSpeedAndFrequencyNative rssi=-43 linkspeed=433 freq=5240
10-15 22:08:20.965  4340  4340 E SignalClusterView: setSlotFocusVisible : subId -2
10-15 22:08:20.965  4340  4340 E SignalClusterView: setSlotFocusVisible : subId -2
10-15 22:08:20.983 29041 29301 I BatteryMgr:DataCollectionService: stats => 1697400500983,175,4250,151,0,100
10-15 22:08:20.993  3957  4129 D WifiStateMachine:  ConnectedState !RSSI_PKTCNT_FETCH uid=1000 rt=402490142/1062888369 0 0 "ourhome" f4:6d:2f:12:cc:88 rssi=-43 f=5240 sc=60 link=433 tx=0.1, 0.0, 0.0  rx=3.2 bcn=54978 [on:0 tx:0 rx:0 period:28] from screen [on:100390 period:667969] score=60
10-15 22:08:20.996  3957  4129 D WifiStateMachine:  L2ConnectedState !RSSI_PKTCNT_FETCH uid=1000 rt=402490144/1062888372 0 0 "ourhome" f4:6d:2f:12:cc:88 rssi=-43 f=5240 sc=60 link=433 tx=0.1, 0.0, 0.0  rx=3.2 bcn=54978 [on:0 tx:0 rx:0 period:3] from screen [on:100390 period:667972] score=60
10-15 22:08:21.006  3957  4129 D WifiStateMachine: fetchRssiLinkSpeedAndFrequencyNative rssi=-43 linkspeed=433 freq=5240
10-15 22:08:21.092 29041 29301 I BatteryMgr:DataCollectionService: stats => 1697400501092,175,4250,151,0,100
10-15 22:08:21.200 29041 29301 I BatteryMgr:DataCollectionService: stats => 1697400501200,175,4250,151,0,100
10-15 22:08:21.308 29041 29301 I BatteryMgr:DataCollectionService: stats => 1697400501308,175,4250,151,0,100
10-15 22:08:21.418 29041 29301 I BatteryMgr:DataCollectionService: stats => 1697400501418,175,4250,151,0,100
10-15 22:08:21.528 29041 29301 I BatteryMgr:DataCollectionService: stats => 1697400501528,175,4250,151,0,100
10-15 22:08:21.638 29041 29301 I BatteryMgr:DataCollectionService: stats => 1697400501638,175,4250,151,0,100
10-15 22:08:21.749 29041 29301 I BatteryMgr:DataCollectionService: stats => 1697400501749,175,4250,151,0,100
10-15 22:08:21.834  3957  4128 D WifiService: getConnectionInfo uid=1000
10-15 22:08:21.857 29041 29301 I BatteryMgr:DataCollectionService: stats => 1697400501857,175,4250,151,0,100
10-15 22:08:21.967 29041 29301 I BatteryMgr:DataCollectionService: stats => 1697400501967,175,4250,151,0,100
10-15 22:08:21.993  3957  4129 D WifiStateMachine:  ConnectedState !RSSI_PKTCNT_FETCH uid=1000 rt=402491143/1062889370 0 0 "ourhome" f4:6d:2f:12:cc:88 rssi=-43 f=5240 sc=60 link=433 tx=0.1, 0.0, 0.0  rx=3.2 bcn=54978 [on:0 tx:0 rx:0 period:997] from screen [on:100390 period:668969] score=60
10-15 22:08:21.996  3957  4129 D WifiStateMachine:  L2ConnectedState !RSSI_PKTCNT_FETCH uid=1000 rt=402491144/1062889372 0 0 "ourhome" f4:6d:2f:12:cc:88 rssi=-43 f=5240 sc=60 link=433 tx=0.1, 0.0, 0.0  rx=3.2 bcn=54978 [on:0 tx:0 rx:0 period:2] from screen [on:100390 period:668971] score=60
10-15 22:08:22.000  3957  4129 D WifiStateMachine: fetchRssiLinkSpeedAndFrequencyNative rssi=-43 linkspeed=433 freq=5240
10-15 22:08:22.076 29041 29301 I BatteryMgr:DataCollectionService: stats => 1697400502076,175,4250,151,0,100
10-15 22:08:22.187 29041 29301 I BatteryMgr:DataCollectionService: stats => 1697400502187,175,4250,151,0,100
10-15 22:08:22.298 29041 29301 I BatteryMgr:DataCollectionService: stats => 1697400502298,175,4250,151,0,100
10-15 22:08:22.396  3957  4416 E Watchdog: !@Sync 13411 [2023-10-15 22:08:22.396]
10-15 22:08:22.406 29041 29301 I BatteryMgr:DataCollectionService: stats => 1697400502406,175,4250,151,0,100
10-15 22:08:22.523 29041 29301 I BatteryMgr:DataCollectionService: stats => 1697400502523,175,4250,151,0,100
10-15 22:08:22.640 29041 29301 I BatteryMgr:DataCollectionService: stats => 1697400502640,175,4250,151,0,100
10-15 22:08:22.686  4340  4731 D NetworkController.MobileSignalController(0/-2): onSignalStrengthsChanged signalStrength=SignalStrength: 22 99 -22 -200 -22 -200 -1 99 2147483647 2147483647 2147483647 2147483647 0 2147483647 0x4 P gsm|lte level=4
10-15 22:08:22.687  4340  4731 D NetworkController.MobileSignalController(0/-2): getMobileIconGroup(): 0
10-15 22:08:22.751 29041 29301 I BatteryMgr:DataCollectionService: stats => 1697400502751,175,4250,151,0,100
10-15 22:08:22.836  3957  4128 D WifiService: getConnectionInfo uid=1000
10-15 22:08:22.860 29041 29301 I BatteryMgr:DataCollectionService: stats => 1697400502860,175,4250,151,0,100
10-15 22:08:22.973 29041 29301 I BatteryMgr:DataCollectionService: stats => 1697400502973,175,4250,151,0,100
10-15 22:08:22.995  3957  4129 D WifiStateMachine:  ConnectedState !RSSI_PKTCNT_FETCH uid=1000 rt=402492144/1062890372 0 0 "ourhome" f4:6d:2f:12:cc:88 rssi=-43 f=5240 sc=60 link=433 tx=0.1, 0.0, 0.0  rx=3.2 bcn=54978 [on:0 tx:0 rx:0 period:1000] from screen [on:100390 period:669971] score=60
10-15 22:08:22.998  3957  4129 D WifiStateMachine:  L2ConnectedState !RSSI_PKTCNT_FETCH uid=1000 rt=402492146/1062890374 0 0 "ourhome" f4:6d:2f:12:cc:88 rssi=-43 f=5240 sc=60 link=433 tx=0.1, 0.0, 0.0  rx=3.2 bcn=54978 [on:0 tx:0 rx:0 period:2] from screen [on:100390 period:669973] score=60
10-15 22:08:23.005  3957  4129 D WifiStateMachine: fetchRssiLinkSpeedAndFrequencyNative rssi=-42 linkspeed=433 freq=5240
10-15 22:08:23.083 29041 29301 I BatteryMgr:DataCollectionService: stats => 1697400503083,175,4250,151,0,100
10-15 22:08:23.192 29041 29301 I BatteryMgr:DataCollectionService: stats => 1697400503192,175,4250,151,0,100
10-15 22:08:23.302 29041 29301 I BatteryMgr:DataCollectionService: stats => 1697400503302,175,4250,151,0,100
10-15 22:08:23.410 29041 29301 I BatteryMgr:DataCollectionService: stats => 1697400503410,175,4250,151,0,100
10-15 22:08:23.520 29041 29301 I BatteryMgr:DataCollectionService: stats => 1697400503520,175,4250,151,0,100
10-15 22:08:23.630 29041 29301 I BatteryMgr:DataCollectionService: stats => 1697400503629,175,4250,151,0,100
10-15 22:08:23.740 29041 29301 I BatteryMgr:DataCollectionService: stats => 1697400503740,175,4250,151,0,100
10-15 22:08:23.838  3957  4128 D WifiService: getConnectionInfo uid=1000
10-15 22:08:23.850 29041 29301 I BatteryMgr:DataCollectionService: stats => 1697400503850,175,4250,151,0,100
10-15 22:08:23.959 29041 29301 I BatteryMgr:DataCollectionService: stats => 1697400503959,175,4250,151,0,100
10-15 22:08:23.967  3957  4129 D WifiStateMachine:  ConnectedState !CMD_RSSI_POLL rt=402493114/1062891342 52 0 "ourhome" f4:6d:2f:12:cc:88 rssi=-42 f=5240 sc=60 link=433 tx=0.1, 0.0, 0.0  rx=3.2 bcn=54978 [on:0 tx:0 rx:0 period:970] from screen [on:100390 period:670943] score=60
10-15 22:08:23.970  3957  4129 D WifiStateMachine:  L2ConnectedState !CMD_RSSI_POLL rt=402493118/1062891346 52 0 "ourhome" f4:6d:2f:12:cc:88 rssi=-42 f=5240 sc=60 link=433 tx=0.1, 0.0, 0.0  rx=3.2 bcn=54978 [on:0 tx:0 rx:0 period:3] from screen [on:100390 period:670946] score=60
10-15 22:08:23.970  3957  4129 D WifiStateMachine:  get link layer stats 3
10-15 22:08:23.971  3436  3436 I android.hardware.wifi@1.0-service: getLinkLayerStats
10-15 22:08:23.975  3957  4129 D WifiStateMachine: fetchRssiLinkSpeedAndFrequencyNative rssi=-43 linkspeed=433 freq=5240
10-15 22:08:23.982  4340  4340 E SignalClusterView: setSlotFocusVisible : subId -2
10-15 22:08:23.982  4340  4340 E SignalClusterView: setSlotFocusVisible : subId -2
10-15 22:08:23.997  3957  4129 D WifiStateMachine:  ConnectedState !RSSI_PKTCNT_FETCH uid=1000 rt=402493145/1062891372 0 0 "ourhome" f4:6d:2f:12:cc:88 rssi=-43 f=5240 sc=60 link=433 tx=0.7, 0.0, 0.0  rx=3.7 bcn=55005 [on:0 tx:0 rx:0 period:15] from screen [on:100905 period:670972] score=60
10-15 22:08:23.999  3957  4129 D WifiStateMachine:  L2ConnectedState !RSSI_PKTCNT_FETCH uid=1000 rt=402493148/1062891376 0 0 "ourhome" f4:6d:2f:12:cc:88 rssi=-43 f=5240 sc=60 link=433 tx=0.7, 0.0, 0.0  rx=3.7 bcn=55005 [on:0 tx:0 rx:0 period:3] from screen [on:100905 period:670975] score=60
10-15 22:08:24.002  3957  4129 D WifiStateMachine: fetchRssiLinkSpeedAndFrequencyNative rssi=-43 linkspeed=433 freq=5240
10-15 22:08:24.069 29041 29301 I BatteryMgr:DataCollectionService: stats => 1697400504069,175,4250,151,0,100
10-15 22:08:24.177 29041 29301 I BatteryMgr:DataCollectionService: stats => 1697400504177,175,4250,151,0,100
10-15 22:08:24.287 29041 29301 I BatteryMgr:DataCollectionService: stats => 1697400504287,175,4250,151,0,100
10-15 22:08:24.394 29041 29301 I BatteryMgr:DataCollectionService: stats => 1697400504393,175,4250,151,0,100
10-15 22:08:24.435  4961  4961 D io_stats: !@ 179,0 r 5249478 162533528 w 1285888 27949448 d 101325 31600668 f 298577 315132 iot 2334480 2064647 th 51200 0 0 pt 0 inp 0 0 402493.585
10-15 22:08:24.503 29041 29301 I BatteryMgr:DataCollectionService: stats => 1697400504503,175,4250,151,0,100
10-15 22:08:24.615 29041 29301 I BatteryMgr:DataCollectionService: stats => 1697400504615,175,4250,151,0,100
10-15 22:08:24.657 19438 19556 D ScanRecord: Not a Multi Manu data
10-15 22:08:24.732 19438 19556 I chatty  : uid=1002(bluetooth) BT Service Call identical 89 lines
10-15 22:08:24.732 19438 19556 D ScanRecord: Not a Multi Manu data
10-15 22:08:24.733 29041 29301 I BatteryMgr:DataCollectionService: stats => 1697400504732,152,4250,148,0,100
10-15 22:08:24.744 19438 19556 D ScanRecord: Not a Multi Manu data
10-15 22:08:24.832 19438 19556 I chatty  : uid=1002(bluetooth) BT Service Call identical 141 lines
10-15 22:08:24.832 19438 19556 D ScanRecord: Not a Multi Manu data
10-15 22:08:24.841  3957  4128 D WifiService: getConnectionInfo uid=1000
10-15 22:08:24.842 29041 29301 I BatteryMgr:DataCollectionService: stats => 1697400504842,152,4250,148,0,100
10-15 22:08:24.861 19438 19556 D ScanRecord: Not a Multi Manu data
10-15 22:08:24.938  3957  6478 D SSRM:k  : SIOP:: AP = 370, PST = 350 (W:28), BAT = 297, USB = 0, CHG = 0
10-15 22:08:24.948 19438 19556 I chatty  : uid=1002(bluetooth) BT Service Call identical 102 lines
10-15 22:08:24.948 19438 19556 D ScanRecord: Not a Multi Manu data
10-15 22:08:24.953 29041 29301 I BatteryMgr:DataCollectionService: stats => 1697400504953,152,4250,148,0,100
10-15 22:08:24.965 19438 19556 D ScanRecord: Not a Multi Manu data
10-15 22:08:24.999 19438 19556 I chatty  : uid=1002(bluetooth) BT Service Call identical 63 lines
10-15 22:08:24.999 19438 19556 D ScanRecord: Not a Multi Manu data
10-15 22:08:25.001  3957  4129 D WifiStateMachine:  ConnectedState !RSSI_PKTCNT_FETCH uid=1000 rt=402494147/1062892375 0 0 "ourhome" f4:6d:2f:12:cc:88 rssi=-43 f=5240 sc=60 link=433 tx=0.7, 0.0, 0.0  rx=3.7 bcn=55005 [on:0 tx:0 rx:0 period:1001] from screen [on:100905 period:671976] score=60
10-15 22:08:25.002  3957  4129 D WifiStateMachine:  L2ConnectedState !RSSI_PKTCNT_FETCH uid=1000 rt=402494152/1062892379 0 0 "ourhome" f4:6d:2f:12:cc:88 rssi=-43 f=5240 sc=60 link=433 tx=0.7, 0.0, 0.0  rx=3.7 bcn=55005 [on:0 tx:0 rx:0 period:2] from screen [on:100905 period:671978] score=60
10-15 22:08:25.004  3957  4129 D WifiStateMachine: fetchRssiLinkSpeedAndFrequencyNative rssi=-42 linkspeed=433 freq=5240
10-15 22:08:25.013 19438 19556 D ScanRecord: Not a Multi Manu data
10-15 22:08:25.045 19438 19556 I chatty  : uid=1002(bluetooth) BT Service Call identical 50 lines
10-15 22:08:25.045 19438 19556 D ScanRecord: Not a Multi Manu data
10-15 22:08:25.060 29041 29301 I BatteryMgr:DataCollectionService: stats => 1697400505060,152,4250,148,0,100
10-15 22:08:25.086 19438 19556 D ScanRecord: Not a Multi Manu data
10-15 22:08:25.143 19438 19556 I chatty  : uid=1002(bluetooth) BT Service Call identical 128 lines
10-15 22:08:25.143 19438 19556 D ScanRecord: Not a Multi Manu data
10-15 22:08:25.168 29041 29301 I BatteryMgr:DataCollectionService: stats => 1697400505168,152,4250,148,0,100
10-15 22:08:25.207  3957 10037 D BatteryService: !@BatteryListener : batteryPropertiesChanged!
10-15 22:08:25.276 29041 29301 I BatteryMgr:DataCollectionService: stats => 1697400505276,152,4250,148,0,100
10-15 22:08:25.387 29041 29301 I BatteryMgr:DataCollectionService: stats => 1697400505387,152,4250,148,0,100
10-15 22:08:25.496 29041 29301 I BatteryMgr:DataCollectionService: stats => 1697400505496,152,4250,148,0,100
10-15 22:08:25.609 29041 29301 I BatteryMgr:DataCollectionService: stats => 1697400505609,152,4250,148,0,100
10-15 22:08:25.720 29041 29301 I BatteryMgr:DataCollectionService: stats => 1697400505720,152,4250,148,0,100
10-15 22:08:25.828 29041 29301 I BatteryMgr:DataCollectionService: stats => 1697400505828,152,4250,148,0,100
10-15 22:08:25.844  3957  4128 D WifiService: getConnectionInfo uid=1000
10-15 22:08:25.940 29041 29301 I BatteryMgr:DataCollectionService: stats => 1697400505940,152,4250,148,0,100
10-15 22:08:26.000  3957  4129 D WifiStateMachine:  ConnectedState !RSSI_PKTCNT_FETCH uid=1000 rt=402495150/1062893377 0 0 "ourhome" f4:6d:2f:12:cc:88 rssi=-42 f=5240 sc=60 link=433 tx=0.7, 0.0, 0.0  rx=3.7 bcn=55005 [on:0 tx:0 rx:0 period:998] from screen [on:100905 period:672976] score=60
10-15 22:08:26.002  3957  4129 D WifiStateMachine:  L2ConnectedState !RSSI_PKTCNT_FETCH uid=1000 rt=402495151/1062893378 0 0 "ourhome" f4:6d:2f:12:cc:88 rssi=-42 f=5240 sc=60 link=433 tx=0.7, 0.0, 0.0  rx=3.7 bcn=55005 [on:0 tx:0 rx:0 period:2] from screen [on:100905 period:672978] score=60
10-15 22:08:26.006  3957  4129 D WifiStateMachine: fetchRssiLinkSpeedAndFrequencyNative rssi=-42 linkspeed=433 freq=5240
10-15 22:08:26.050 29041 29301 I BatteryMgr:DataCollectionService: stats => 1697400506049,152,4250,148,0,100
10-15 22:08:26.162 29041 29301 I BatteryMgr:DataCollectionService: stats => 1697400506162,152,4250,148,0,100
10-15 22:08:26.277 29041 29301 I BatteryMgr:DataCollectionService: stats => 1697400506277,152,4250,148,0,100
10-15 22:08:26.388 29041 29301 I BatteryMgr:DataCollectionService: stats => 1697400506388,152,4250,148,0,100
10-15 22:08:26.497 29041 29301 I BatteryMgr:DataCollectionService: stats => 1697400506497,152,4250,148,0,100
10-15 22:08:26.608 29041 29301 I BatteryMgr:DataCollectionService: stats => 1697400506607,152,4250,148,0,100
10-15 22:08:26.720 29041 29301 I BatteryMgr:DataCollectionService: stats => 1697400506719,152,4250,148,0,100
10-15 22:08:26.828 29041 29301 I BatteryMgr:DataCollectionService: stats => 1697400506828,152,4250,148,0,100
10-15 22:08:26.846  3957  4128 D WifiService: getConnectionInfo uid=1000
10-15 22:08:26.939 29041 29301 I BatteryMgr:DataCollectionService: stats => 1697400506939,152,4250,148,0,100
10-15 22:08:26.978  3957  4129 D WifiStateMachine:  ConnectedState !CMD_RSSI_POLL rt=402496128/1062894355 52 0 "ourhome" f4:6d:2f:12:cc:88 rssi=-42 f=5240 sc=60 link=433 tx=0.7, 0.0, 0.0  rx=3.7 bcn=55005 [on:0 tx:0 rx:0 period:976] from screen [on:100905 period:673954] score=60
10-15 22:08:26.980  3957  4129 D WifiStateMachine:  L2ConnectedState !CMD_RSSI_POLL rt=402496129/1062894357 52 0 "ourhome" f4:6d:2f:12:cc:88 rssi=-42 f=5240 sc=60 link=433 tx=0.7, 0.0, 0.0  rx=3.7 bcn=55005 [on:0 tx:0 rx:0 period:2] from screen [on:100905 period:673956] score=60
10-15 22:08:26.980  3957  4129 D WifiStateMachine:  get link layer stats 3
10-15 22:08:26.980  3436  3436 I android.hardware.wifi@1.0-service: getLinkLayerStats
10-15 22:08:27.001  3957  4129 D WifiStateMachine: fetchRssiLinkSpeedAndFrequencyNative rssi=-41 linkspeed=433 freq=5240
10-15 22:08:27.006  4340  4340 E SignalClusterView: setSlotFocusVisible : subId -2
10-15 22:08:27.006  4340  4340 E SignalClusterView: setSlotFocusVisible : subId -2
10-15 22:08:27.008  3957  4129 D WifiStateMachine:  ConnectedState !RSSI_PKTCNT_FETCH uid=1000 rt=402496157/1062894384 0 0 "ourhome" f4:6d:2f:12:cc:88 rssi=-41 f=5240 sc=60 link=433 tx=0.2, 0.0, 0.0  rx=3.9 bcn=55032 [on:0 tx:0 rx:0 period:3] from screen [on:101167 period:673984] score=60
10-15 22:08:27.010  3957  4129 D WifiStateMachine:  L2ConnectedState !RSSI_PKTCNT_FETCH uid=1000 rt=402496159/1062894386 0 0 "ourhome" f4:6d:2f:12:cc:88 rssi=-41 f=5240 sc=60 link=433 tx=0.2, 0.0, 0.0  rx=3.9 bcn=55032 [on:0 tx:0 rx:0 period:2] from screen [on:101167 period:673986] score=60
10-15 22:08:27.017  3957  4129 D WifiStateMachine: fetchRssiLinkSpeedAndFrequencyNative rssi=-41 linkspeed=433 freq=5240
10-15 22:08:27.047 29041 29301 I BatteryMgr:DataCollectionService: stats => 1697400507047,152,4250,148,0,100
10-15 22:08:27.158 29041 29301 I BatteryMgr:DataCollectionService: stats => 1697400507158,152,4250,148,0,100
10-15 22:08:27.276 29041 29301 I BatteryMgr:DataCollectionService: stats => 1697400507276,152,4250,148,0,100
10-15 22:08:27.385 29041 29301 I BatteryMgr:DataCollectionService: stats => 1697400507384,152,4250,148,0,100
10-15 22:08:27.494 29041 29301 I BatteryMgr:DataCollectionService: stats => 1697400507494,152,4250,148,0,100
10-15 22:08:27.604 29041 29301 I BatteryMgr:DataCollectionService: stats => 1697400507603,152,4250,148,0,100
10-15 22:08:27.713 29041 29301 I BatteryMgr:DataCollectionService: stats => 1697400507713,152,4250,148,0,100
10-15 22:08:27.830 29041 29301 I BatteryMgr:DataCollectionService: stats => 1697400507830,152,4250,148,0,100
10-15 22:08:27.848  3957  4128 D WifiService: getConnectionInfo uid=1000
10-15 22:08:27.939 29041 29301 I BatteryMgr:DataCollectionService: stats => 1697400507939,152,4250,148,0,100
10-15 22:08:28.005  3957  4129 D WifiStateMachine:  ConnectedState !RSSI_PKTCNT_FETCH uid=1000 rt=402497152/1062895380 0 0 "ourhome" f4:6d:2f:12:cc:88 rssi=-41 f=5240 sc=60 link=433 tx=0.2, 0.0, 0.0  rx=3.9 bcn=55032 [on:0 tx:0 rx:0 period:994] from screen [on:101167 period:674980] score=60
10-15 22:08:28.008  3957  4129 D WifiStateMachine:  L2ConnectedState !RSSI_PKTCNT_FETCH uid=1000 rt=402497157/1062895384 0 0 "ourhome" f4:6d:2f:12:cc:88 rssi=-41 f=5240 sc=60 link=433 tx=0.2, 0.0, 0.0  rx=3.9 bcn=55032 [on:0 tx:0 rx:0 period:4] from screen [on:101167 period:674984] score=60
10-15 22:08:28.016  3957  4129 D WifiStateMachine: fetchRssiLinkSpeedAndFrequencyNative rssi=-42 linkspeed=433 freq=5240
10-15 22:08:28.049 29041 29301 I BatteryMgr:DataCollectionService: stats => 1697400508049,152,4250,148,0,100
10-15 22:08:28.159 29041 29301 I BatteryMgr:DataCollectionService: stats => 1697400508158,152,4250,148,0,100
10-15 22:08:28.268 29041 29301 I BatteryMgr:DataCollectionService: stats => 1697400508268,152,4250,148,0,100
10-15 22:08:28.379 29041 29301 I BatteryMgr:DataCollectionService: stats => 1697400508379,152,4250,148,0,100
10-15 22:08:28.487 29041 29301 I BatteryMgr:DataCollectionService: stats => 1697400508487,152,4250,148,0,100
10-15 22:08:28.603 29041 29301 I BatteryMgr:DataCollectionService: stats => 1697400508603,152,4250,148,0,100
10-15 22:08:28.714 29041 29301 I BatteryMgr:DataCollectionService: stats => 1697400508714,152,4250,148,0,100
10-15 22:08:28.824 29041 29301 I BatteryMgr:DataCollectionService: stats => 1697400508823,152,4250,148,0,100
10-15 22:08:28.850  3957  4128 D WifiService: getConnectionInfo uid=1000
10-15 22:08:28.935 29041 29301 I BatteryMgr:DataCollectionService: stats => 1697400508934,152,4250,148,0,100
10-15 22:08:29.006  3957  4129 D WifiStateMachine:  ConnectedState !RSSI_PKTCNT_FETCH uid=1000 rt=402498155/1062896383 0 0 "ourhome" f4:6d:2f:12:cc:88 rssi=-42 f=5240 sc=60 link=433 tx=0.2, 0.0, 0.0  rx=3.9 bcn=55032 [on:0 tx:0 rx:0 period:998] from screen [on:101167 period:675982] score=60
10-15 22:08:29.009  3957  4129 D WifiStateMachine:  L2ConnectedState !RSSI_PKTCNT_FETCH uid=1000 rt=402498157/1062896385 0 0 "ourhome" f4:6d:2f:12:cc:88 rssi=-42 f=5240 sc=60 link=433 tx=0.2, 0.0, 0.0  rx=3.9 bcn=55032 [on:0 tx:0 rx:0 period:2] from screen [on:101167 period:675984] score=60
10-15 22:08:29.015  3957  4129 D WifiStateMachine: fetchRssiLinkSpeedAndFrequencyNative rssi=-42 linkspeed=433 freq=5240
10-15 22:08:29.043 29041 29301 I BatteryMgr:DataCollectionService: stats => 1697400509043,152,4250,148,0,100
10-15 22:08:29.155 29041 29301 I BatteryMgr:DataCollectionService: stats => 1697400509155,152,4250,148,0,100
10-15 22:08:29.262 29041 29301 I BatteryMgr:DataCollectionService: stats => 1697400509262,152,4250,148,0,100
10-15 22:08:29.371 29041 29301 I BatteryMgr:DataCollectionService: stats => 1697400509371,152,4250,148,0,100
10-15 22:08:29.438  4961  4961 D io_stats: !@ 179,0 r 5249478 162533528 w 1285896 27949620 d 101326 31600672 f 298578 315133 iot 2334492 2064656 th 51200 0 0 pt 0 inp 0 0 402498.588
10-15 22:08:29.485 29041 29301 I BatteryMgr:DataCollectionService: stats => 1697400509485,152,4250,148,0,100
10-15 22:08:29.595 29041 29301 I BatteryMgr:DataCollectionService: stats => 1697400509595,152,4250,148,0,100
10-15 22:08:29.670 19438 19556 D ScanRecord: Not a Multi Manu data
10-15 22:08:29.690 19438 19556 I chatty  : uid=1002(bluetooth) BT Service Call identical 50 lines
10-15 22:08:29.690 19438 19556 D ScanRecord: Not a Multi Manu data
10-15 22:08:29.706 29041 29301 I BatteryMgr:DataCollectionService: stats => 1697400509706,152,4250,148,0,100
10-15 22:08:29.716 19438 19556 D ScanRecord: Not a Multi Manu data
10-15 22:08:29.811 19438 19556 I chatty  : uid=1002(bluetooth) BT Service Call identical 128 lines
10-15 22:08:29.811 19438 19556 D ScanRecord: Not a Multi Manu data
10-15 22:08:29.816 29041 29301 I BatteryMgr:DataCollectionService: stats => 1697400509816,152,4250,148,0,100
10-15 22:08:29.818 19438 19556 D ScanRecord: Not a Multi Manu data
10-15 22:08:29.852 19438 19556 I chatty  : uid=1002(bluetooth) BT Service Call identical 50 lines
10-15 22:08:29.852 19438 19556 D ScanRecord: Not a Multi Manu data
10-15 22:08:29.853  3957  4128 D WifiService: getConnectionInfo uid=1000
10-15 22:08:29.857 19438 19556 D ScanRecord: Not a Multi Manu data
10-15 22:08:29.910 19438 19556 I chatty  : uid=1002(bluetooth) BT Service Call identical 115 lines
10-15 22:08:29.910 19438 19556 D ScanRecord: Not a Multi Manu data
10-15 22:08:29.924 29041 29301 I BatteryMgr:DataCollectionService: stats => 1697400509924,152,4250,148,0,100
10-15 22:08:29.939 19438 19556 D ScanRecord: Not a Multi Manu data
10-15 22:08:30.000 19438 19556 I chatty  : uid=1002(bluetooth) BT Service Call identical 115 lines
10-15 22:08:30.000 19438 19556 D ScanRecord: Not a Multi Manu data
10-15 22:08:30.007  3957  4129 D WifiStateMachine:  ConnectedState !CMD_RSSI_POLL rt=402499155/1062897382 52 0 "ourhome" f4:6d:2f:12:cc:88 rssi=-42 f=5240 sc=60 link=433 tx=0.2, 0.0, 0.0  rx=3.9 bcn=55032 [on:0 tx:0 rx:0 period:998] from screen [on:101167 period:676982] score=60
10-15 22:08:30.010  3957  4129 D WifiStateMachine:  L2ConnectedState !CMD_RSSI_POLL rt=402499158/1062897385 52 0 "ourhome" f4:6d:2f:12:cc:88 rssi=-42 f=5240 sc=60 link=433 tx=0.2, 0.0, 0.0  rx=3.9 bcn=55032 [on:0 tx:0 rx:0 period:4] from screen [on:101167 period:676986] score=60
10-15 22:08:30.010  3957  4129 D WifiStateMachine:  get link layer stats 3
10-15 22:08:30.011  3436  3436 I android.hardware.wifi@1.0-service: getLinkLayerStats
10-15 22:08:30.016  3957  4129 D WifiStateMachine: fetchRssiLinkSpeedAndFrequencyNative rssi=-42 linkspeed=433 freq=5240
10-15 22:08:30.019 19438 19556 D ScanRecord: Not a Multi Manu data
10-15 22:08:30.020 19438 19556 I chatty  : uid=1002(bluetooth) BT Service Call identical 11 lines
10-15 22:08:30.020 19438 19556 D ScanRecord: Not a Multi Manu data
10-15 22:08:30.022  4340  4340 E SignalClusterView: setSlotFocusVisible : subId -2
10-15 22:08:30.022  4340  4340 E SignalClusterView: setSlotFocusVisible : subId -2
10-15 22:08:30.026  3957  4129 D WifiStateMachine:  ConnectedState !RSSI_PKTCNT_FETCH uid=1000 rt=402499171/1062897399 0 0 "ourhome" f4:6d:2f:12:cc:88 rssi=-42 f=5240 sc=60 link=433 tx=0.1, 0.0, 0.0  rx=3.3 bcn=55058 [on:0 tx:0 rx:0 period:5] from screen [on:101354 period:677001] score=60
10-15 22:08:30.028  3957  4129 D WifiStateMachine:  L2ConnectedState !RSSI_PKTCNT_FETCH uid=1000 rt=402499177/1062897405 0 0 "ourhome" f4:6d:2f:12:cc:88 rssi=-42 f=5240 sc=60 link=433 tx=0.1, 0.0, 0.0  rx=3.3 bcn=55058 [on:0 tx:0 rx:0 period:3] from screen [on:101354 period:677004] score=60
10-15 22:08:30.031  3957  4129 D WifiStateMachine: fetchRssiLinkSpeedAndFrequencyNative rssi=-42 linkspeed=433 freq=5240
10-15 22:08:30.036 29041 29301 I BatteryMgr:DataCollectionService: stats => 1697400510036,152,4250,148,0,100
10-15 22:08:30.037 19438 19556 D ScanRecord: Not a Multi Manu data
10-15 22:08:30.137 19438 19556 I chatty  : uid=1002(bluetooth) BT Service Call identical 89 lines
10-15 22:08:30.137 19438 19556 D ScanRecord: Not a Multi Manu data
10-15 22:08:30.147 29041 29301 I BatteryMgr:DataCollectionService: stats => 1697400510146,152,4250,148,0,100
10-15 22:08:30.149 19438 19556 D ScanRecord: Not a Multi Manu data
10-15 22:08:30.150 19438 19556 I chatty  : uid=1002(bluetooth) BT Service Call identical 11 lines
10-15 22:08:30.150 19438 19556 D ScanRecord: Not a Multi Manu data
10-15 22:08:30.257 29041 29301 I BatteryMgr:DataCollectionService: stats => 1697400510257,152,4250,148,0,100
10-15 22:08:30.311  3957  4030 D SensorService: [SO] 0.086 -0.096 9.979
10-15 22:08:30.365 29041 29301 I BatteryMgr:DataCollectionService: stats => 1697400510365,152,4250,148,0,100
10-15 22:08:30.475 29041 29301 I BatteryMgr:DataCollectionService: stats => 1697400510475,152,4250,148,0,100
10-15 22:08:30.584 29041 29301 I BatteryMgr:DataCollectionService: stats => 1697400510584,152,4250,148,0,100
10-15 22:08:30.691 29041 29301 I BatteryMgr:DataCollectionService: stats => 1697400510691,152,4250,148,0,100
10-15 22:08:30.801 29041 29301 I BatteryMgr:DataCollectionService: stats => 1697400510800,152,4250,148,0,100
10-15 22:08:30.856  3957  4128 D WifiService: getConnectionInfo uid=1000
10-15 22:08:30.910 29041 29301 I BatteryMgr:DataCollectionService: stats => 1697400510910,152,4250,148,0,100
10-15 22:08:31.014  3957  4129 D WifiStateMachine:  ConnectedState !RSSI_PKTCNT_FETCH uid=1000 rt=402500159/1062898386 0 0 "ourhome" f4:6d:2f:12:cc:88 rssi=-42 f=5240 sc=60 link=433 tx=0.1, 0.0, 0.0  rx=3.3 bcn=55058 [on:0 tx:0 rx:0 period:986] from screen [on:101354 period:677990] score=60
10-15 22:08:31.016  3957  4129 D WifiStateMachine:  L2ConnectedState !RSSI_PKTCNT_FETCH uid=1000 rt=402500165/1062898393 0 0 "ourhome" f4:6d:2f:12:cc:88 rssi=-42 f=5240 sc=60 link=433 tx=0.1, 0.0, 0.0  rx=3.3 bcn=55058 [on:0 tx:0 rx:0 period:2] from screen [on:101354 period:677992] score=60
10-15 22:08:31.019  3957  4129 D WifiStateMachine: fetchRssiLinkSpeedAndFrequencyNative rssi=-42 linkspeed=433 freq=5240
10-15 22:08:31.024 29041 29301 I BatteryMgr:DataCollectionService: stats => 1697400511024,152,4250,148,0,100
10-15 22:08:31.131 29041 29301 I BatteryMgr:DataCollectionService: stats => 1697400511131,152,4250,148,0,100
10-15 22:08:31.242 29041 29301 I BatteryMgr:DataCollectionService: stats => 1697400511242,152,4250,148,0,100
10-15 22:08:31.354 29041 29301 I BatteryMgr:DataCollectionService: stats => 1697400511354,152,4250,148,0,100
10-15 22:08:31.467 29041 29301 I BatteryMgr:DataCollectionService: stats => 1697400511467,152,4250,148,0,100
10-15 22:08:31.579 29041 29301 I BatteryMgr:DataCollectionService: stats => 1697400511579,152,4250,148,0,100
10-15 22:08:31.687 29041 29301 I BatteryMgr:DataCollectionService: stats => 1697400511687,152,4250,148,0,100
10-15 22:08:31.798 29041 29301 I BatteryMgr:DataCollectionService: stats => 1697400511798,152,4250,148,0,100
10-15 22:08:31.858  3957  4128 D WifiService: getConnectionInfo uid=1000
10-15 22:08:31.909 29041 29301 I BatteryMgr:DataCollectionService: stats => 1697400511909,152,4250,148,0,100
10-15 22:08:32.012  3957  4129 D WifiStateMachine:  ConnectedState !RSSI_PKTCNT_FETCH uid=1000 rt=402501160/1062899388 0 0 "ourhome" f4:6d:2f:12:cc:88 rssi=-42 f=5240 sc=60 link=433 tx=0.1, 0.0, 0.0  rx=3.3 bcn=55058 [on:0 tx:0 rx:0 period:995] from screen [on:101354 period:678987] score=60
10-15 22:08:32.015  3957  4129 D WifiStateMachine:  L2ConnectedState !RSSI_PKTCNT_FETCH uid=1000 rt=402501163/1062899391 0 0 "ourhome" f4:6d:2f:12:cc:88 rssi=-42 f=5240 sc=60 link=433 tx=0.1, 0.0, 0.0  rx=3.3 bcn=55058 [on:0 tx:0 rx:0 period:4] from screen [on:101354 period:678991] score=60
10-15 22:08:32.017 29041 29301 I BatteryMgr:DataCollectionService: stats => 1697400512017,152,4250,148,0,100
10-15 22:08:32.023  3957  4129 D WifiStateMachine: fetchRssiLinkSpeedAndFrequencyNative rssi=-42 linkspeed=433 freq=5240
10-15 22:08:32.129 29041 29301 I BatteryMgr:DataCollectionService: stats => 1697400512129,152,4250,148,0,100
10-15 22:08:32.240 29041 29301 I BatteryMgr:DataCollectionService: stats => 1697400512240,152,4250,148,0,100
10-15 22:08:32.348 29041 29301 I BatteryMgr:DataCollectionService: stats => 1697400512348,152,4250,148,0,100
10-15 22:08:32.457 29041 29301 I BatteryMgr:DataCollectionService: stats => 1697400512456,152,4250,148,0,100
10-15 22:08:32.567 29041 29301 I BatteryMgr:DataCollectionService: stats => 1697400512567,152,4250,148,0,100
10-15 22:08:32.677 29041 29301 I BatteryMgr:DataCollectionService: stats => 1697400512676,152,4250,148,0,100
10-15 22:08:32.786 29041 29301 I BatteryMgr:DataCollectionService: stats => 1697400512786,152,4250,148,0,100
10-15 22:08:32.861  3957  4128 D WifiService: getConnectionInfo uid=1000
10-15 22:08:32.896 29041 29301 I BatteryMgr:DataCollectionService: stats => 1697400512896,152,4250,148,0,100
10-15 22:08:32.927  4340  4731 D NetworkController.MobileSignalController(0/-2): onSignalStrengthsChanged signalStrength=SignalStrength: 23 99 -23 -200 -23 -200 -1 99 2147483647 2147483647 2147483647 2147483647 0 2147483647 0x4 P gsm|lte level=4
10-15 22:08:32.927  4340  4731 D NetworkController.MobileSignalController(0/-2): getMobileIconGroup(): 0
10-15 22:08:33.005 29041 29301 I BatteryMgr:DataCollectionService: stats => 1697400513005,152,4250,148,0,100
10-15 22:08:33.013  3957  4129 D WifiStateMachine:  ConnectedState !RSSI_PKTCNT_FETCH uid=1000 rt=402502161/1062900389 0 0 "ourhome" f4:6d:2f:12:cc:88 rssi=-42 f=5240 sc=60 link=433 tx=0.1, 0.0, 0.0  rx=3.3 bcn=55058 [on:0 tx:0 rx:0 period:998] from screen [on:101354 period:679989] score=60
10-15 22:08:33.015  3957  4129 D WifiStateMachine:  L2ConnectedState !RSSI_PKTCNT_FETCH uid=1000 rt=402502164/1062900392 0 0 "ourhome" f4:6d:2f:12:cc:88 rssi=-42 f=5240 sc=60 link=433 tx=0.1, 0.0, 0.0  rx=3.3 bcn=55058 [on:0 tx:0 rx:0 period:2] from screen [on:101354 period:679991] score=60
10-15 22:08:33.020  3957  4129 D WifiStateMachine: fetchRssiLinkSpeedAndFrequencyNative rssi=-42 linkspeed=433 freq=5240
10-15 22:08:33.030  3957  4129 D WifiStateMachine:  ConnectedState !CMD_RSSI_POLL rt=402502178/1062900406 52 0 "ourhome" f4:6d:2f:12:cc:88 rssi=-42 f=5240 sc=60 link=433 tx=0.1, 0.0, 0.0  rx=3.3 bcn=55058 [on:0 tx:0 rx:0 period:14] from screen [on:101354 period:680005] score=60
10-15 22:08:33.032  3957  4129 D WifiStateMachine:  L2ConnectedState !CMD_RSSI_POLL rt=402502182/1062900409 52 0 "ourhome" f4:6d:2f:12:cc:88 rssi=-42 f=5240 sc=60 link=433 tx=0.1, 0.0, 0.0  rx=3.3 bcn=55058 [on:0 tx:0 rx:0 period:3] from screen [on:101354 period:680008] score=60
10-15 22:08:33.032  3957  4129 D WifiStateMachine:  get link layer stats 3
10-15 22:08:33.033  3436  3436 I android.hardware.wifi@1.0-service: getLinkLayerStats
10-15 22:08:33.053  3957  4129 D WifiStateMachine: fetchRssiLinkSpeedAndFrequencyNative rssi=-42 linkspeed=433 freq=5240
