10-15 21:39:52.463 26235 26494 I BatteryMgr:DataCollectionService: stats => 1697398792463,144,4250,149,0,100
10-15 21:39:52.555  3957  4129 D WifiStateMachine:  ConnectedState !RSSI_PKTCNT_FETCH uid=1000 rt=400781704/1061179932 0 0 "ourhome" f4:6d:2f:12:cc:88 rssi=-39 f=5240 sc=60 link=433 tx=1.0, 0.0, 0.0  rx=1.7 bcn=39257 [on:0 tx:0 rx:0 period:999] from screen [on:-3088643 period:4347405] score=60
10-15 21:39:52.559  3957  4129 D WifiStateMachine:  L2ConnectedState !RSSI_PKTCNT_FETCH uid=1000 rt=400781707/1061179934 0 0 "ourhome" f4:6d:2f:12:cc:88 rssi=-39 f=5240 sc=60 link=433 tx=1.0, 0.0, 0.0  rx=1.7 bcn=39257 [on:0 tx:0 rx:0 period:3] from screen [on:-3088643 period:4347408] score=60
10-15 21:39:52.568  3957  4129 D WifiStateMachine: fetchRssiLinkSpeedAndFrequencyNative rssi=-40 linkspeed=433 freq=5240
10-15 21:39:52.575 26235 26494 I BatteryMgr:DataCollectionService: stats => 1697398792575,144,4250,149,0,100
10-15 21:39:52.687 26235 26494 I BatteryMgr:DataCollectionService: stats => 1697398792686,144,4250,149,0,100
10-15 21:39:52.795  3957  4129 D WifiStateMachine:  ConnectedState !CMD_RSSI_POLL rt=400781944/1061180171 50 0 "ourhome" f4:6d:2f:12:cc:88 rssi=-40 f=5240 sc=60 link=433 tx=1.0, 0.0, 0.0  rx=1.7 bcn=39257 [on:0 tx:0 rx:0 period:237] from screen [on:-3088643 period:4347645] score=60
10-15 21:39:52.798  3957  4129 D WifiStateMachine:  L2ConnectedState !CMD_RSSI_POLL rt=400781946/1061180174 50 0 "ourhome" f4:6d:2f:12:cc:88 rssi=-40 f=5240 sc=60 link=433 tx=1.0, 0.0, 0.0  rx=1.7 bcn=39257 [on:0 tx:0 rx:0 period:2] from screen [on:-3088643 period:4347647] score=60
10-15 21:39:52.798  3957  4129 D WifiStateMachine:  get link layer stats 3
10-15 21:39:52.799  3436  3436 I android.hardware.wifi@1.0-service: getLinkLayerStats
10-15 21:39:52.799 26235 26494 I BatteryMgr:DataCollectionService: stats => 1697398792799,144,4250,149,0,100
10-15 21:39:52.817  3957  4129 D WifiStateMachine: fetchRssiLinkSpeedAndFrequencyNative rssi=-40 linkspeed=433 freq=5240
10-15 21:39:52.824  4340  4340 E SignalClusterView: setSlotFocusVisible : subId -2
10-15 21:39:52.824  4340  4340 E SignalClusterView: setSlotFocusVisible : subId -2
10-15 21:39:52.912 26235 26494 I BatteryMgr:DataCollectionService: stats => 1697398792911,144,4250,149,0,100
10-15 21:39:53.021 26235 26494 I BatteryMgr:DataCollectionService: stats => 1697398793020,144,4250,149,0,100
10-15 21:39:53.086  4961  4961 D io_stats: !@ 179,0 r 5174670 159985976 w 1278841 27822988 d 100509 31542492 f 297736 314165 iot 2301496 2037224 th 51200 0 0 pt 0 inp 0 0 400782.236
10-15 21:39:53.132 26235 26494 I BatteryMgr:DataCollectionService: stats => 1697398793132,144,4250,149,0,100
10-15 21:39:53.243 26235 26494 I BatteryMgr:DataCollectionService: stats => 1697398793242,144,4250,149,0,100
10-15 21:39:53.270  3957  4128 D WifiService: getConnectionInfo uid=1000
10-15 21:39:53.355 26235 26494 I BatteryMgr:DataCollectionService: stats => 1697398793355,144,4250,149,0,100
10-15 21:39:53.470  3957  6478 D SSRM:k  : SIOP:: AP = 350, PST = 335 (W:24), BAT = 297, USB = 0, CHG = 0
10-15 21:39:53.475 26235 26494 I BatteryMgr:DataCollectionService: stats => 1697398793475,144,4250,149,0,100
10-15 21:39:53.558  3957  4129 D WifiStateMachine:  ConnectedState !RSSI_PKTCNT_FETCH uid=1000 rt=400782706/1061180933 0 0 "ourhome" f4:6d:2f:12:cc:88 rssi=-40 f=5240 sc=60 link=433 tx=0.4, 0.0, 0.0  rx=0.6 bcn=39283 [on:0 tx:0 rx:0 period:737] from screen [on:-3088558 period:4348408] score=60
10-15 21:39:53.560  3957  4129 D WifiStateMachine:  L2ConnectedState !RSSI_PKTCNT_FETCH uid=1000 rt=400782709/1061180937 0 0 "ourhome" f4:6d:2f:12:cc:88 rssi=-40 f=5240 sc=60 link=433 tx=0.4, 0.0, 0.0  rx=0.6 bcn=39283 [on:0 tx:0 rx:0 period:2] from screen [on:-3088558 period:4348410] score=60
10-15 21:39:53.567  3957  4129 D WifiStateMachine: fetchRssiLinkSpeedAndFrequencyNative rssi=-40 linkspeed=433 freq=5240
10-15 21:39:53.585 26235 26494 I BatteryMgr:DataCollectionService: stats => 1697398793584,144,4250,149,0,100
10-15 21:39:53.696 26235 26494 I BatteryMgr:DataCollectionService: stats => 1697398793696,144,4250,149,0,100
10-15 21:39:53.812 26235 26494 I BatteryMgr:DataCollectionService: stats => 1697398793811,144,4250,149,0,100
10-15 21:39:53.921 26235 26494 I BatteryMgr:DataCollectionService: stats => 1697398793921,144,4250,149,0,100
10-15 21:39:54.034 26235 26494 I BatteryMgr:DataCollectionService: stats => 1697398794033,144,4250,149,0,100
10-15 21:39:54.143 26235 26494 I BatteryMgr:DataCollectionService: stats => 1697398794143,144,4250,149,0,100
10-15 21:39:54.254 26235 26494 I BatteryMgr:DataCollectionService: stats => 1697398794254,144,4250,149,0,100
10-15 21:39:54.274  3957  4128 D WifiService: getConnectionInfo uid=1000
10-15 21:39:54.365 26235 26494 I BatteryMgr:DataCollectionService: stats => 1697398794364,144,4250,149,0,100
10-15 21:39:54.477 26235 26494 I BatteryMgr:DataCollectionService: stats => 1697398794477,144,4250,149,0,100
10-15 21:39:54.505 19438 19556 D ScanRecord: Not a Multi Manu data
10-15 21:39:54.558  3957  4129 D WifiStateMachine:  ConnectedState !RSSI_PKTCNT_FETCH uid=1000 rt=400783707/1061181934 0 0 "ourhome" f4:6d:2f:12:cc:88 rssi=-40 f=5240 sc=60 link=433 tx=0.4, 0.0, 0.0  rx=0.6 bcn=39283 [on:0 tx:0 rx:0 period:998] from screen [on:-3088558 period:4349408] score=60
10-15 21:39:54.558 19438 19556 I chatty  : uid=1002(bluetooth) BT Service Call expire 95 lines
10-15 21:39:54.558 19438 19556 D ScanRecord: Not a Multi Manu data
10-15 21:39:54.558 19438 19556 D ScanRecord: Not a Multi Manu data
10-15 21:39:54.559 19438 19556 I chatty  : uid=1002(bluetooth) BT Service Call identical 5 lines
10-15 21:39:54.559 19438 19556 D ScanRecord: Not a Multi Manu data
10-15 21:39:54.561  3957  4129 D WifiStateMachine:  L2ConnectedState !RSSI_PKTCNT_FETCH uid=1000 rt=400783709/1061181937 0 0 "ourhome" f4:6d:2f:12:cc:88 rssi=-40 f=5240 sc=60 link=433 tx=0.4, 0.0, 0.0  rx=0.6 bcn=39283 [on:0 tx:0 rx:0 period:2] from screen [on:-3088558 period:4349410] score=60
10-15 21:39:54.563  3957  4129 D WifiStateMachine: fetchRssiLinkSpeedAndFrequencyNative rssi=-40 linkspeed=433 freq=5240
10-15 21:39:54.567 19438 19556 D ScanRecord: Not a Multi Manu data
10-15 21:39:54.589 19438 19556 I chatty  : uid=1002(bluetooth) BT Service Call identical 50 lines
10-15 21:39:54.589 19438 19556 D ScanRecord: Not a Multi Manu data
10-15 21:39:54.589 26235 26494 I BatteryMgr:DataCollectionService: stats => 1697398794589,144,4250,149,0,100
10-15 21:39:54.596 19438 19556 D ScanRecord: Not a Multi Manu data
10-15 21:39:54.634 19438 19556 I chatty  : uid=1002(bluetooth) BT Service Call identical 76 lines
10-15 21:39:54.634 19438 19556 D ScanRecord: Not a Multi Manu data
10-15 21:39:54.638 26279 26290 I zygote64: Background concurrent copying GC freed 118926(4MB) AllocSpace objects, 39(972KB) LOS objects, 49% free, 4MB/9MB, paused 7.433ms total 149.665ms
10-15 21:39:54.649 19438 19556 D ScanRecord: Not a Multi Manu data
10-15 21:39:54.701 19438 19556 I chatty  : uid=1002(bluetooth) BT Service Call identical 128 lines
10-15 21:39:54.701 19438 19556 D ScanRecord: Not a Multi Manu data
10-15 21:39:54.701 26235 26494 I BatteryMgr:DataCollectionService: stats => 1697398794701,144,4250,149,0,100
10-15 21:39:54.703 19438 19556 D ScanRecord: Not a Multi Manu data
10-15 21:39:54.766 19438 19556 I chatty  : uid=1002(bluetooth) BT Service Call identical 128 lines
10-15 21:39:54.766 19438 19556 D ScanRecord: Not a Multi Manu data
10-15 21:39:54.772 26279 26504 I SessionStorage/AutoSave: Save: Periodic
10-15 21:39:54.772 19438 19556 D ScanRecord: Not a Multi Manu data
10-15 21:39:54.810 19438 19556 I chatty  : uid=1002(bluetooth) BT Service Call identical 154 lines
10-15 21:39:54.810 19438 19556 D ScanRecord: Not a Multi Manu data
10-15 21:39:54.812 26235 26494 I BatteryMgr:DataCollectionService: stats => 1697398794812,144,4250,149,0,100
10-15 21:39:54.816 19438 19556 D ScanRecord: Not a Multi Manu data
10-15 21:39:54.912 19438 19556 I chatty  : uid=1002(bluetooth) BT Service Call identical 206 lines
10-15 21:39:54.912 19438 19556 D ScanRecord: Not a Multi Manu data
10-15 21:39:54.920 26235 26494 I BatteryMgr:DataCollectionService: stats => 1697398794920,144,4250,149,0,100
10-15 21:39:54.928 19438 19556 D ScanRecord: Not a Multi Manu data
10-15 21:39:55.001 19438 19556 I chatty  : uid=1002(bluetooth) BT Service Call identical 193 lines
10-15 21:39:55.001 19438 19556 D ScanRecord: Not a Multi Manu data
10-15 21:39:55.032 26235 26494 I BatteryMgr:DataCollectionService: stats => 1697398795031,144,4250,149,0,100
10-15 21:39:55.143 26235 26494 I BatteryMgr:DataCollectionService: stats => 1697398795142,144,4250,149,0,100
10-15 21:39:55.254 26235 26494 I BatteryMgr:DataCollectionService: stats => 1697398795254,144,4250,149,0,100
10-15 21:39:55.276  3957  4128 D WifiService: getConnectionInfo uid=1000
10-15 21:39:55.365 26235 26494 I BatteryMgr:DataCollectionService: stats => 1697398795365,144,4250,149,0,100
10-15 21:39:55.475 26235 26494 I BatteryMgr:DataCollectionService: stats => 1697398795475,144,4250,149,0,100
10-15 21:39:55.560  3957  4129 D WifiStateMachine:  ConnectedState !RSSI_PKTCNT_FETCH uid=1000 rt=400784709/1061182936 0 0 "ourhome" f4:6d:2f:12:cc:88 rssi=-40 f=5240 sc=60 link=433 tx=0.4, 0.0, 0.0  rx=0.6 bcn=39283 [on:0 tx:0 rx:0 period:1000] from screen [on:-3088558 period:4350410] score=60
10-15 21:39:55.562  3957  4129 D WifiStateMachine:  L2ConnectedState !RSSI_PKTCNT_FETCH uid=1000 rt=400784711/1061182939 0 0 "ourhome" f4:6d:2f:12:cc:88 rssi=-40 f=5240 sc=60 link=433 tx=0.4, 0.0, 0.0  rx=0.6 bcn=39283 [on:0 tx:0 rx:0 period:2] from screen [on:-3088558 period:4350412] score=60
10-15 21:39:55.564  3957  4129 D WifiStateMachine: fetchRssiLinkSpeedAndFrequencyNative rssi=-40 linkspeed=433 freq=5240
10-15 21:39:55.584 26235 26494 I BatteryMgr:DataCollectionService: stats => 1697398795584,144,4250,149,0,100
10-15 21:39:55.693 26235 26494 I BatteryMgr:DataCollectionService: stats => 1697398795693,144,4250,149,0,100
10-15 21:39:55.805 26235 26494 I BatteryMgr:DataCollectionService: stats => 1697398795805,144,4250,149,0,100
10-15 21:39:55.823  3957  4129 D WifiStateMachine:  ConnectedState !CMD_RSSI_POLL rt=400784970/1061183198 50 0 "ourhome" f4:6d:2f:12:cc:88 rssi=-40 f=5240 sc=60 link=433 tx=0.4, 0.0, 0.0  rx=0.6 bcn=39283 [on:0 tx:0 rx:0 period:260] from screen [on:-3088558 period:4350672] score=60
10-15 21:39:55.825  3957  4129 D WifiStateMachine:  L2ConnectedState !CMD_RSSI_POLL rt=400784974/1061183201 50 0 "ourhome" f4:6d:2f:12:cc:88 rssi=-40 f=5240 sc=60 link=433 tx=0.4, 0.0, 0.0  rx=0.6 bcn=39283 [on:0 tx:0 rx:0 period:3] from screen [on:-3088558 period:4350675] score=60
10-15 21:39:55.825  3957  4129 D WifiStateMachine:  get link layer stats 3
10-15 21:39:55.826  3436  3436 I android.hardware.wifi@1.0-service: getLinkLayerStats
10-15 21:39:55.844  3957  4129 D WifiStateMachine: fetchRssiLinkSpeedAndFrequencyNative rssi=-40 linkspeed=433 freq=5240
10-15 21:39:55.851  4340  4340 E SignalClusterView: setSlotFocusVisible : subId -2
10-15 21:39:55.851  4340  4340 E SignalClusterView: setSlotFocusVisible : subId -2
10-15 21:39:55.918 26235 26494 I BatteryMgr:DataCollectionService: stats => 1697398795917,144,4250,149,0,100
10-15 21:39:56.027 26235 26494 I BatteryMgr:DataCollectionService: stats => 1697398796027,144,4250,149,0,100
10-15 21:39:56.135 26235 26494 I BatteryMgr:DataCollectionService: stats => 1697398796135,144,4250,149,0,100
10-15 21:39:56.244 26235 26494 I BatteryMgr:DataCollectionService: stats => 1697398796244,144,4250,149,0,100
10-15 21:39:56.280  3957  4128 D WifiService: getConnectionInfo uid=1000
10-15 21:39:56.367 26235 26494 I BatteryMgr:DataCollectionService: stats => 1697398796366,144,4250,149,0,100
10-15 21:39:56.475 26235 26494 I BatteryMgr:DataCollectionService: stats => 1697398796474,144,4250,149,0,100
10-15 21:39:56.560  3957  4129 D WifiStateMachine:  ConnectedState !RSSI_PKTCNT_FETCH uid=1000 rt=400785708/1061183936 0 0 "ourhome" f4:6d:2f:12:cc:88 rssi=-40 f=5240 sc=60 link=433 tx=3.9, 0.0, 0.0  rx=5.9 bcn=39311 [on:0 tx:0 rx:0 period:709] from screen [on:-3087568 period:4351409] score=60
10-15 21:39:56.562  3957  4129 D WifiStateMachine:  L2ConnectedState !RSSI_PKTCNT_FETCH uid=1000 rt=400785711/1061183938 0 0 "ourhome" f4:6d:2f:12:cc:88 rssi=-40 f=5240 sc=60 link=433 tx=3.9, 0.0, 0.0  rx=5.9 bcn=39311 [on:0 tx:0 rx:0 period:3] from screen [on:-3087568 period:4351412] score=60
10-15 21:39:56.564  3957  4129 D WifiStateMachine: fetchRssiLinkSpeedAndFrequencyNative rssi=-41 linkspeed=433 freq=5240
10-15 21:39:56.584 26235 26494 I BatteryMgr:DataCollectionService: stats => 1697398796584,144,4250,149,0,100
10-15 21:39:56.691 26235 26494 I BatteryMgr:DataCollectionService: stats => 1697398796690,144,4250,149,0,100
10-15 21:39:56.801 26235 26494 I BatteryMgr:DataCollectionService: stats => 1697398796801,144,4250,149,0,100
10-15 21:39:56.909 26235 26494 I BatteryMgr:DataCollectionService: stats => 1697398796908,144,4250,149,0,100
10-15 21:39:57.017 26235 26494 I BatteryMgr:DataCollectionService: stats => 1697398797017,144,4250,149,0,100
10-15 21:39:57.038 26727 26763 I System.out: (HTTPLog)-Static: isSBSettingEnabled false
10-15 21:39:57.039 26727 26763 I System.out: (HTTPLog)-Static: isSBSettingEnabled false
10-15 21:39:57.126 26235 26494 I BatteryMgr:DataCollectionService: stats => 1697398797126,-318,4250,-319,0,100
10-15 21:39:57.236 26235 26494 I BatteryMgr:DataCollectionService: stats => 1697398797236,-318,4250,-319,0,100
10-15 21:39:57.282  3957  4128 D WifiService: getConnectionInfo uid=1000
10-15 21:39:57.340  3957  5414 D BatteryService: !@BatteryListener : batteryPropertiesChanged!
10-15 21:39:57.344 26235 26494 I BatteryMgr:DataCollectionService: stats => 1697398797343,-318,4250,-319,0,100
10-15 21:39:57.454 26235 26494 I BatteryMgr:DataCollectionService: stats => 1697398797454,-318,4250,-319,0,100
10-15 21:39:57.560  3957  4129 D WifiStateMachine:  ConnectedState !RSSI_PKTCNT_FETCH uid=1000 rt=400786709/1061184937 0 0 "ourhome" f4:6d:2f:12:cc:88 rssi=-41 f=5240 sc=60 link=433 tx=3.9, 0.0, 0.0  rx=5.9 bcn=39311 [on:0 tx:0 rx:0 period:998] from screen [on:-3087568 period:4352410] score=60
10-15 21:39:57.563  3957  4129 D WifiStateMachine:  L2ConnectedState !RSSI_PKTCNT_FETCH uid=1000 rt=400786711/1061184939 0 0 "ourhome" f4:6d:2f:12:cc:88 rssi=-41 f=5240 sc=60 link=433 tx=3.9, 0.0, 0.0  rx=5.9 bcn=39311 [on:0 tx:0 rx:0 period:3] from screen [on:-3087568 period:4352413] score=60
10-15 21:39:57.565 26235 26494 I BatteryMgr:DataCollectionService: stats => 1697398797564,-318,4250,-319,0,100
10-15 21:39:57.571  3957  4129 D WifiStateMachine: fetchRssiLinkSpeedAndFrequencyNative rssi=-40 linkspeed=433 freq=5240
10-15 21:39:57.670  3957  4030 D SensorService: [SO] 0.101 -0.105 9.979
10-15 21:39:57.674 26235 26494 I BatteryMgr:DataCollectionService: stats => 1697398797674,-318,4250,-319,0,100
10-15 21:39:57.728  4340  4731 D NetworkController.MobileSignalController(0/-2): onSignalStrengthsChanged signalStrength=SignalStrength: 26 99 -26 -200 -26 -200 -1 99 2147483647 2147483647 2147483647 2147483647 0 2147483647 0x4 P gsm|lte level=4
10-15 21:39:57.729  4340  4731 D NetworkController.MobileSignalController(0/-2): getMobileIconGroup(): 0
10-15 21:39:57.786 26235 26494 I BatteryMgr:DataCollectionService: stats => 1697398797786,-318,4250,-319,0,100
10-15 21:39:57.894 26235 26494 I BatteryMgr:DataCollectionService: stats => 1697398797894,-318,4250,-319,0,100
10-15 21:39:58.003 26235 26494 I BatteryMgr:DataCollectionService: stats => 1697398798002,-318,4250,-319,0,100
10-15 21:39:58.089  4961  4961 D io_stats: !@ 179,0 r 5174844 159990264 w 1278852 27823236 d 100513 31542568 f 297737 314168 iot 2301592 2037294 th 51200 0 0 pt 0 inp 0 0 400787.239
10-15 21:39:58.113 26235 26494 I BatteryMgr:DataCollectionService: stats => 1697398798112,-318,4250,-319,0,100
10-15 21:39:58.224 26235 26494 I BatteryMgr:DataCollectionService: stats => 1697398798223,-318,4250,-319,0,100
10-15 21:39:58.286  3957  4128 D WifiService: getConnectionInfo uid=1000
10-15 21:39:58.333 26235 26494 I BatteryMgr:DataCollectionService: stats => 1697398798333,-318,4250,-319,0,100
10-15 21:39:58.444 26235 26494 I BatteryMgr:DataCollectionService: stats => 1697398798444,-318,4250,-319,0,100
10-15 21:39:58.554 26235 26494 I BatteryMgr:DataCollectionService: stats => 1697398798553,-318,4250,-319,0,100
10-15 21:39:58.562  3957  4129 D WifiStateMachine:  ConnectedState !RSSI_PKTCNT_FETCH uid=1000 rt=400787711/1061185938 0 0 "ourhome" f4:6d:2f:12:cc:88 rssi=-40 f=5240 sc=60 link=433 tx=3.9, 0.0, 0.0  rx=5.9 bcn=39311 [on:0 tx:0 rx:0 period:999] from screen [on:-3087568 period:4353412] score=60
10-15 21:39:58.564  3957  4129 D WifiStateMachine:  L2ConnectedState !RSSI_PKTCNT_FETCH uid=1000 rt=400787713/1061185940 0 0 "ourhome" f4:6d:2f:12:cc:88 rssi=-40 f=5240 sc=60 link=433 tx=3.9, 0.0, 0.0  rx=5.9 bcn=39311 [on:0 tx:0 rx:0 period:2] from screen [on:-3087568 period:4353414] score=60
10-15 21:39:58.567  3957  4129 D WifiStateMachine: fetchRssiLinkSpeedAndFrequencyNative rssi=-41 linkspeed=433 freq=5240
10-15 21:39:58.663 26235 26494 I BatteryMgr:DataCollectionService: stats => 1697398798662,-318,4250,-319,0,100
10-15 21:39:58.773 26235 26494 I BatteryMgr:DataCollectionService: stats => 1697398798773,-318,4250,-319,0,100
10-15 21:39:58.848  3957  4129 D WifiStateMachine:  ConnectedState !CMD_RSSI_POLL rt=400787997/1061186225 50 0 "ourhome" f4:6d:2f:12:cc:88 rssi=-41 f=5240 sc=60 link=433 tx=3.9, 0.0, 0.0  rx=5.9 bcn=39311 [on:0 tx:0 rx:0 period:284] from screen [on:-3087568 period:4353698] score=60
10-15 21:39:58.851  3957  4129 D WifiStateMachine:  L2ConnectedState !CMD_RSSI_POLL rt=400788000/1061186227 50 0 "ourhome" f4:6d:2f:12:cc:88 rssi=-41 f=5240 sc=60 link=433 tx=3.9, 0.0, 0.0  rx=5.9 bcn=39311 [on:0 tx:0 rx:0 period:3] from screen [on:-3087568 period:4353701] score=60
10-15 21:39:58.852  3957  4129 D WifiStateMachine:  get link layer stats 3
10-15 21:39:58.853  3436  3436 I android.hardware.wifi@1.0-service: getLinkLayerStats
10-15 21:39:58.868  3957  4129 D WifiStateMachine: fetchRssiLinkSpeedAndFrequencyNative rssi=-40 linkspeed=433 freq=5240
10-15 21:39:58.875  4340  4340 E SignalClusterView: setSlotFocusVisible : subId -2
10-15 21:39:58.875  4340  4340 E SignalClusterView: setSlotFocusVisible : subId -2
10-15 21:39:58.886 26235 26494 I BatteryMgr:DataCollectionService: stats => 1697398798886,-318,4250,-319,0,100
10-15 21:39:58.994 26235 26494 I BatteryMgr:DataCollectionService: stats => 1697398798994,-318,4250,-319,0,100
10-15 21:39:59.104 26235 26494 I BatteryMgr:DataCollectionService: stats => 1697398799104,-318,4250,-319,0,100
10-15 21:39:59.213 26235 26494 I BatteryMgr:DataCollectionService: stats => 1697398799213,-318,4250,-319,0,100
10-15 21:39:59.290  3957  4128 D WifiService: getConnectionInfo uid=1000
10-15 21:39:59.325 26235 26494 I BatteryMgr:DataCollectionService: stats => 1697398799324,-318,4250,-319,0,100
10-15 21:39:59.437 26235 26494 I BatteryMgr:DataCollectionService: stats => 1697398799437,-318,4250,-319,0,100
10-15 21:39:59.513 19438 19556 D ScanRecord: Not a Multi Manu data
10-15 21:39:59.539 19438 19556 I chatty  : uid=1002(bluetooth) BT Service Call identical 50 lines
10-15 21:39:59.539 19438 19556 D ScanRecord: Not a Multi Manu data
10-15 21:39:59.548 26235 26494 I BatteryMgr:DataCollectionService: stats => 1697398799548,-318,4250,-319,0,100
10-15 21:39:59.553 19438 19556 D ScanRecord: Not a Multi Manu data
10-15 21:39:59.560 19438 19556 I chatty  : uid=1002(bluetooth) BT Service Call identical 37 lines
10-15 21:39:59.560 19438 19556 D ScanRecord: Not a Multi Manu data
10-15 21:39:59.564  3957  4129 D WifiStateMachine:  ConnectedState !RSSI_PKTCNT_FETCH uid=1000 rt=400788711/1061186939 0 0 "ourhome" f4:6d:2f:12:cc:88 rssi=-40 f=5240 sc=60 link=433 tx=12.9, 0.0, 0.0  rx=12.3 bcn=39338 [on:0 tx:0 rx:0 period:684] from screen [on:-3086335 period:4354414] score=60
10-15 21:39:59.566  3957  4129 D WifiStateMachine:  L2ConnectedState !RSSI_PKTCNT_FETCH uid=1000 rt=400788715/1061186943 0 0 "ourhome" f4:6d:2f:12:cc:88 rssi=-40 f=5240 sc=60 link=433 tx=12.9, 0.0, 0.0  rx=12.3 bcn=39338 [on:0 tx:0 rx:0 period:2] from screen [on:-3086335 period:4354416] score=60
10-15 21:39:59.570  3957  4129 D WifiStateMachine: fetchRssiLinkSpeedAndFrequencyNative rssi=-40 linkspeed=433 freq=5240
10-15 21:39:59.572 19438 19556 D ScanRecord: Not a Multi Manu data
10-15 21:39:59.657 19438 19556 I chatty  : uid=1002(bluetooth) BT Service Call identical 221 lines
10-15 21:39:59.657 26235 26494 I BatteryMgr:DataCollectionService: stats => 1697398799657,-318,4250,-319,0,100
10-15 21:39:59.657 19438 19556 D ScanRecord: Not a Multi Manu data
10-15 21:39:59.657 19438 19556 D ScanRecord: Not a Multi Manu data
10-15 21:39:59.766 19438 19556 I chatty  : uid=1002(bluetooth) BT Service Call identical 204 lines
10-15 21:39:59.766 19438 19556 D ScanRecord: Not a Multi Manu data
10-15 21:39:59.768 26235 26494 I BatteryMgr:DataCollectionService: stats => 1697398799768,-318,4250,-319,0,100
10-15 21:39:59.770 19438 19556 D ScanRecord: Not a Multi Manu data
10-15 21:39:59.855 19438 19556 I chatty  : uid=1002(bluetooth) BT Service Call identical 232 lines
10-15 21:39:59.855 19438 19556 D ScanRecord: Not a Multi Manu data
10-15 21:39:59.876 26235 26494 I BatteryMgr:DataCollectionService: stats => 1697398799876,-318,4250,-319,0,100
10-15 21:39:59.878 19438 19556 D ScanRecord: Not a Multi Manu data
10-15 21:39:59.979 19438 19556 I chatty  : uid=1002(bluetooth) BT Service Call identical 206 lines
10-15 21:39:59.979 19438 19556 D ScanRecord: Not a Multi Manu data
10-15 21:39:59.984 26235 26494 I BatteryMgr:DataCollectionService: stats => 1697398799984,-318,4250,-319,0,100
10-15 21:39:59.995 19438 19556 D ScanRecord: Not a Multi Manu data
10-15 21:40:00.002  3957  4045 D SamsungAlarmManager: Expired : 8
10-15 21:40:00.011  3957  4045 V SamsungAlarmManager: Sending to uid : 1000 action=android.intent.action.TIME_TICK alarm=Alarm{4c3192f type 3 when 1061187379 android}
10-15 21:40:00.011 19438 19556 I chatty  : uid=1002(bluetooth) BT Service Call identical 50 lines
10-15 21:40:00.011 19438 19556 D ScanRecord: Not a Multi Manu data
10-15 21:40:00.028  3957  4045 V SamsungAlarmManager: Sending to uid : 10074 action=com.samsung.action.EVERY_MINUTE_CLOCK_UPDATE alarm=Alarm{2c5b0c5 type 1 when 1697398800000 com.sec.android.app.launcher}
10-15 21:40:00.036 14518 14518 I Launcher: onReceive: com.samsung.action.EVERY_MINUTE_CLOCK_UPDATE
10-15 21:40:00.038  3957  3957 D SamsungAlarmManager: setExact Intent (T:3/F:1/AC:false) 20231015T214100 - CU:1000/CP:3957
10-15 21:40:00.039  3957  3957 I SamsungAlarmManager: setLocked to kernel - T:3 / 20231015T214100, SetElapsed=1061247378, nowELAPSED=1061187417
10-15 21:40:00.046  4340  4340 D KeyguardUpdateMonitor: received broadcast android.intent.action.TIME_TICK
10-15 21:40:00.056  4340  4340 D KeyguardServiceBoxContainer: refreshTime() 1
10-15 21:40:00.060  3957  5414 D SamsungAlarmManager: setInexact Intent (T:1/F:0/AC:false) 20231015T214100 - CU:10074/CP:14518
10-15 21:40:00.067 14518 14518 I IconView: applyFromShortcutInfo - start GetLive : com.samsung.android.calendar
10-15 21:40:00.069 14518 14518 I BitmapCacheContainer: getBitmapCache: BitmapCache expired com.samsung.android.calendar/UserHandle{0}
10-15 21:40:00.079 14518 14518 D ApplicationPackageManager: we has com.samsung.android.calendar class. reuse it 
10-15 21:40:00.092 26235 26494 I BatteryMgr:DataCollectionService: stats => 1697398800091,-318,4250,-319,0,100
10-15 21:40:00.190 14518 14518 I ApplicationPackageManager: load= live icon for com.samsung.android.calendar, from overlay = false
10-15 21:40:00.194 14518 14518 I LiveIconManager: getLiveIcon: complete(sync_created)
10-15 21:40:00.194 14518 14518 I IconView: applyFromShortcutInfo - end GetLive : com.samsung.android.calendar
10-15 21:40:00.199 26235 26494 I BatteryMgr:DataCollectionService: stats => 1697398800199,-318,4250,-319,0,100
10-15 21:40:00.201  4340  4340 D KeyguardUpdateMonitor: handleStatusBarState( false )
10-15 21:40:00.218  4340  4340 D KeyguardUpdateMonitor: handleStatusBarState( false )
10-15 21:40:00.218 14518 14518 I IconView: applyFromApplicationInfo - start GetLive : com.sec.android.app.clockpackage
10-15 21:40:00.220 14518 14518 D ApplicationPackageManager: we has com.sec.android.app.clockpackage class. reuse it 
10-15 21:40:00.224 14518 14518 D LiveIconLoader: getLiveIcon was called in ClockPackage
10-15 21:40:00.226 14518 14518 D LiveIconLoader: getLiveIcon res = com.sec.android.app.clockpackage
10-15 21:40:00.228 14518 14518 D LiveIconLoader: stdIconSize : 84 , targetIconSize : 94
10-15 21:40:00.228 14518 14518 D LiveIconLoader: mIconDpi : 320 , mTargetIconDpi : 280
10-15 21:40:00.245 14518 14518 I ApplicationPackageManager: load= live icon for com.sec.android.app.clockpackage, from overlay = false
10-15 21:40:00.246 14518 14518 I LiveIconManager: getLiveIcon: complete(sync_created)
10-15 21:40:00.246 14518 14518 I IconView: applyFromApplicationInfo - end GetLive : com.sec.android.app.clockpackage
10-15 21:40:00.246 14518 14518 I IconView: applyFromApplicationInfo - start GetLive : com.samsung.android.calendar
10-15 21:40:00.246 14518 14518 I IconView: applyFromApplicationInfo - end GetLive : com.samsung.android.calendar
10-15 21:40:00.293  3957  4128 D WifiService: getConnectionInfo uid=1000
10-15 21:40:00.303 26235 26494 I BatteryMgr:DataCollectionService: stats => 1697398800303,-318,4250,-319,0,100
10-15 21:40:00.409 26235 26494 I BatteryMgr:DataCollectionService: stats => 1697398800409,-318,4250,-319,0,100
10-15 21:40:00.516 26235 26494 I BatteryMgr:DataCollectionService: stats => 1697398800516,-318,4250,-319,0,100
10-15 21:40:00.563  3957  4129 D WifiStateMachine:  ConnectedState !RSSI_PKTCNT_FETCH uid=1000 rt=400789712/1061187940 0 0 "ourhome" f4:6d:2f:12:cc:88 rssi=-40 f=5240 sc=60 link=433 tx=12.9, 0.0, 0.0  rx=12.3 bcn=39338 [on:0 tx:0 rx:0 period:997] from screen [on:-3086335 period:4355413] score=60
10-15 21:40:00.566  3957  4129 D WifiStateMachine:  L2ConnectedState !RSSI_PKTCNT_FETCH uid=1000 rt=400789714/1061187941 0 0 "ourhome" f4:6d:2f:12:cc:88 rssi=-40 f=5240 sc=60 link=433 tx=12.9, 0.0, 0.0  rx=12.3 bcn=39338 [on:0 tx:0 rx:0 period:3] from screen [on:-3086335 period:4355416] score=60
10-15 21:40:00.572  3957  4129 D WifiStateMachine: fetchRssiLinkSpeedAndFrequencyNative rssi=-40 linkspeed=433 freq=5240
10-15 21:40:00.621 26235 26494 I BatteryMgr:DataCollectionService: stats => 1697398800621,-318,4250,-319,0,100
10-15 21:40:00.728 26235 26494 I BatteryMgr:DataCollectionService: stats => 1697398800728,-318,4250,-319,0,100
10-15 21:40:00.837 26235 26494 I BatteryMgr:DataCollectionService: stats => 1697398800837,-318,4250,-319,0,100
10-15 21:40:00.948 26235 26494 I BatteryMgr:DataCollectionService: stats => 1697398800948,-318,4250,-319,0,100
10-15 21:40:01.060 26235 26494 I BatteryMgr:DataCollectionService: stats => 1697398801060,-318,4250,-319,0,100
10-15 21:40:01.171 26235 26494 I BatteryMgr:DataCollectionService: stats => 1697398801170,-318,4250,-319,0,100
10-15 21:40:01.287 26235 26494 I BatteryMgr:DataCollectionService: stats => 1697398801286,-318,4250,-319,0,100
10-15 21:40:01.296  3957  4128 D WifiService: getConnectionInfo uid=1000
10-15 21:40:01.396 26235 26494 I BatteryMgr:DataCollectionService: stats => 1697398801396,-318,4250,-319,0,100
10-15 21:40:01.507 26235 26494 I BatteryMgr:DataCollectionService: stats => 1697398801507,-318,4250,-319,0,100
10-15 21:40:01.564  3957  4129 D WifiStateMachine:  ConnectedState !RSSI_PKTCNT_FETCH uid=1000 rt=400790713/1061188941 0 0 "ourhome" f4:6d:2f:12:cc:88 rssi=-40 f=5240 sc=60 link=433 tx=12.9, 0.0, 0.0  rx=12.3 bcn=39338 [on:0 tx:0 rx:0 period:998] from screen [on:-3086335 period:4356414] score=60
10-15 21:40:01.567  3957  4129 D WifiStateMachine:  L2ConnectedState !RSSI_PKTCNT_FETCH uid=1000 rt=400790715/1061188942 0 0 "ourhome" f4:6d:2f:12:cc:88 rssi=-40 f=5240 sc=60 link=433 tx=12.9, 0.0, 0.0  rx=12.3 bcn=39338 [on:0 tx:0 rx:0 period:3] from screen [on:-3086335 period:4356417] score=60
10-15 21:40:01.573  3957  4129 D WifiStateMachine: fetchRssiLinkSpeedAndFrequencyNative rssi=-42 linkspeed=433 freq=5240
10-15 21:40:01.618 26235 26494 I BatteryMgr:DataCollectionService: stats => 1697398801617,-318,4250,-319,0,100
10-15 21:40:01.736 26235 26494 I BatteryMgr:DataCollectionService: stats => 1697398801735,-318,4250,-319,0,100
10-15 21:40:01.852 26235 26494 I BatteryMgr:DataCollectionService: stats => 1697398801852,-318,4250,-319,0,100
10-15 21:40:01.872  3957  4129 D WifiStateMachine:  ConnectedState !CMD_RSSI_POLL rt=400791020/1061189247 50 0 "ourhome" f4:6d:2f:12:cc:88 rssi=-42 f=5240 sc=60 link=433 tx=12.9, 0.0, 0.0  rx=12.3 bcn=39338 [on:0 tx:0 rx:0 period:305] from screen [on:-3086335 period:4356722] score=60
10-15 21:40:01.876  3957  4129 D WifiStateMachine:  L2ConnectedState !CMD_RSSI_POLL rt=400791024/1061189251 50 0 "ourhome" f4:6d:2f:12:cc:88 rssi=-42 f=5240 sc=60 link=433 tx=12.9, 0.0, 0.0  rx=12.3 bcn=39338 [on:0 tx:0 rx:0 period:3] from screen [on:-3086335 period:4356725] score=60
10-15 21:40:01.876  3957  4129 D WifiStateMachine:  get link layer stats 3
10-15 21:40:01.877  3436  3436 I android.hardware.wifi@1.0-service: getLinkLayerStats
10-15 21:40:01.902  3957  4129 D WifiStateMachine: fetchRssiLinkSpeedAndFrequencyNative rssi=-42 linkspeed=433 freq=5240
10-15 21:40:01.913  4340  4340 E SignalClusterView: setSlotFocusVisible : subId -2
10-15 21:40:01.914  4340  4340 E SignalClusterView: setSlotFocusVisible : subId -2
10-15 21:40:01.968 26235 26494 I BatteryMgr:DataCollectionService: stats => 1697398801968,-318,4250,-319,0,100
10-15 21:40:02.048 26727 26763 E FirebaseRemoteConfig: Fetch failed due to an unexpected error.
10-15 21:40:02.048 26727 26763 E FirebaseRemoteConfig: java.net.SocketTimeoutException: failed to connect to firebaseremoteconfig.googleapis.com/172.217.168.202 (port 443) from /192.168.1.100 (port 41330) after 5000ms
10-15 21:40:02.048 26727 26763 E FirebaseRemoteConfig: 	at libcore.io.IoBridge.connectErrno(IoBridge.java:185)
10-15 21:40:02.048 26727 26763 E FirebaseRemoteConfig: 	at libcore.io.IoBridge.connect(IoBridge.java:130)
10-15 21:40:02.048 26727 26763 E FirebaseRemoteConfig: 	at java.net.PlainSocketImpl.socketConnect(PlainSocketImpl.java:129)
10-15 21:40:02.048 26727 26763 E FirebaseRemoteConfig: 	at java.net.AbstractPlainSocketImpl.doConnect(AbstractPlainSocketImpl.java:356)
10-15 21:40:02.048 26727 26763 E FirebaseRemoteConfig: 	at java.net.AbstractPlainSocketImpl.connectToAddress(AbstractPlainSocketImpl.java:200)
10-15 21:40:02.048 26727 26763 E FirebaseRemoteConfig: 	at java.net.AbstractPlainSocketImpl.connect(AbstractPlainSocketImpl.java:182)
10-15 21:40:02.048 26727 26763 E FirebaseRemoteConfig: 	at java.net.SocksSocketImpl.connect(SocksSocketImpl.java:356)
10-15 21:40:02.048 26727 26763 E FirebaseRemoteConfig: 	at java.net.Socket.connect(Socket.java:616)
10-15 21:40:02.048 26727 26763 E FirebaseRemoteConfig: 	at com.android.okhttp.internal.Platform.connectSocket(Platform.java:145)
10-15 21:40:02.048 26727 26763 E FirebaseRemoteConfig: 	at com.android.okhttp.internal.io.RealConnection.connectSocket(RealConnection.java:1415)
10-15 21:40:02.048 26727 26763 E FirebaseRemoteConfig: 	at com.android.okhttp.internal.io.RealConnection.connect(RealConnection.java:1367)
10-15 21:40:02.048 26727 26763 E FirebaseRemoteConfig: 	at com.android.okhttp.internal.http.StreamAllocation.findConnection(StreamAllocation.java:219)
10-15 21:40:02.048 26727 26763 E FirebaseRemoteConfig: 	at com.android.okhttp.internal.http.StreamAllocation.findHealthyConnection(StreamAllocation.java:142)
10-15 21:40:02.048 26727 26763 E FirebaseRemoteConfig: 	at com.android.okhttp.internal.http.StreamAllocation.newStream(StreamAllocation.java:104)
10-15 21:40:02.048 26727 26763 E FirebaseRemoteConfig: 	at com.android.okhttp.internal.http.HttpEngine.connect(HttpEngine.java:410)
10-15 21:40:02.048 26727 26763 E FirebaseRemoteConfig: 	at com.android.okhttp.internal.http.HttpEngine.sendRequest(HttpEngine.java:343)
10-15 21:40:02.048 26727 26763 E FirebaseRemoteConfig: 	at com.android.okhttp.internal.huc.HttpURLConnectionImpl.execute(HttpURLConnectionImpl.java:489)
10-15 21:40:02.048 26727 26763 E FirebaseRemoteConfig: 	at com.android.okhttp.internal.huc.HttpURLConnectionImpl.connect(HttpURLConnectionImpl.java:131)
10-15 21:40:02.048 26727 26763 E FirebaseRemoteConfig: 	at com.android.okhttp.internal.huc.HttpURLConnectionImpl.getOutputStream(HttpURLConnectionImpl.java:262)
10-15 21:40:02.048 26727 26763 E FirebaseRemoteConfig: 	at com.android.okhttp.internal.huc.DelegatingHttpsURLConnection.getOutputStream(DelegatingHttpsURLConnection.java:218)
10-15 21:40:02.048 26727 26763 E FirebaseRemoteConfig: 	at com.android.okhttp.internal.huc.HttpsURLConnectionImpl.getOutputStream(Unknown Source:0)
10-15 21:40:02.048 26727 26763 E FirebaseRemoteConfig: 	at c.d.b.a.d.f.s.e(Unknown Source:16)
10-15 21:40:02.048 26727 26763 E FirebaseRemoteConfig: 	at c.d.b.a.d.f.c.d(Unknown Source:56)
10-15 21:40:02.048 26727 26763 E FirebaseRemoteConfig: 	at c.d.b.a.d.f.Eb.f(Unknown Source:16)
10-15 21:40:02.048 26727 26763 E FirebaseRemoteConfig: 	at c.d.b.a.d.f.vb.b(Unknown Source:12)
10-15 21:40:02.048 26727 26763 E FirebaseRemoteConfig: 	at c.d.b.a.d.f.vb.a(Unknown Source:5)
10-15 21:40:02.048 26727 26763 E FirebaseRemoteConfig: 	at c.d.b.a.d.f.vb.a(Unknown Source:60)
10-15 21:40:02.048 26727 26763 E FirebaseRemoteConfig: 	at c.d.b.a.d.f.yb.a(Unknown Source:6)
10-15 21:40:02.048 26727 26763 E FirebaseRemoteConfig: 	at c.d.b.a.h.o.run(Unknown Source:1)
10-15 21:40:02.048 26727 26763 E FirebaseRemoteConfig: 	at java.util.concurrent.ThreadPoolExecutor.runWorker(ThreadPoolExecutor.java:1162)
10-15 21:40:02.048 26727 26763 E FirebaseRemoteConfig: 	at java.util.concurrent.ThreadPoolExecutor$Worker.run(ThreadPoolExecutor.java:636)
10-15 21:40:02.048 26727 26763 E FirebaseRemoteConfig: 	at java.lang.Thread.run(Thread.java:764)
10-15 21:40:02.058 26727 26764 E FirebaseRemoteConfig: Fetch failed!
10-15 21:40:02.058 26727 26764 E FirebaseRemoteConfig: com.google.firebase.remoteconfig.c: Fetch failed due to an unexpected error! Check logs for details.
10-15 21:40:02.058 26727 26764 E FirebaseRemoteConfig: 	at c.d.b.a.d.f.vb.b(Unknown Source:19)
10-15 21:40:02.058 26727 26764 E FirebaseRemoteConfig: 	at c.d.b.a.d.f.vb.a(Unknown Source:5)
10-15 21:40:02.058 26727 26764 E FirebaseRemoteConfig: 	at c.d.b.a.d.f.vb.a(Unknown Source:60)
10-15 21:40:02.058 26727 26764 E FirebaseRemoteConfig: 	at c.d.b.a.d.f.yb.a(Unknown Source:6)
10-15 21:40:02.058 26727 26764 E FirebaseRemoteConfig: 	at c.d.b.a.h.o.run(Unknown Source:1)
10-15 21:40:02.058 26727 26764 E FirebaseRemoteConfig: 	at java.util.concurrent.ThreadPoolExecutor.runWorker(ThreadPoolExecutor.java:1162)
10-15 21:40:02.058 26727 26764 E FirebaseRemoteConfig: 	at java.util.concurrent.ThreadPoolExecutor$Worker.run(ThreadPoolExecutor.java:636)
10-15 21:40:02.058 26727 26764 E FirebaseRemoteConfig: 	at java.lang.Thread.run(Thread.java:764)
10-15 21:40:02.080 26235 26494 I BatteryMgr:DataCollectionService: stats => 1697398802080,-318,4250,-319,0,100
10-15 21:40:02.190 26235 26494 I BatteryMgr:DataCollectionService: stats => 1697398802189,-318,4250,-319,0,100
10-15 21:40:02.298  3957  4128 D WifiService: getConnectionInfo uid=1000
10-15 21:40:02.299 26235 26494 I BatteryMgr:DataCollectionService: stats => 1697398802299,-318,4250,-319,0,100
10-15 21:40:02.411 26235 26494 I BatteryMgr:DataCollectionService: stats => 1697398802410,-318,4250,-319,0,100
10-15 21:40:02.530 26235 26494 I BatteryMgr:DataCollectionService: stats => 1697398802528,-318,4250,-319,0,100
10-15 21:40:02.566  3957  4129 D WifiStateMachine:  ConnectedState !RSSI_PKTCNT_FETCH uid=1000 rt=400791715/1061189943 0 0 "ourhome" f4:6d:2f:12:cc:88 rssi=-42 f=5240 sc=60 link=433 tx=5.3, 0.0, 0.0  rx=9.6 bcn=39362 [on:0 tx:0 rx:0 period:658] from screen [on:-3085673 period:4357416] score=60
10-15 21:40:02.569  3957  4129 D WifiStateMachine:  L2ConnectedState !RSSI_PKTCNT_FETCH uid=1000 rt=400791718/1061189945 0 0 "ourhome" f4:6d:2f:12:cc:88 rssi=-42 f=5240 sc=60 link=433 tx=5.3, 0.0, 0.0  rx=9.6 bcn=39362 [on:0 tx:0 rx:0 period:3] from screen [on:-3085673 period:4357419] score=60
10-15 21:40:02.577  3957  4129 D WifiStateMachine: fetchRssiLinkSpeedAndFrequencyNative rssi=-42 linkspeed=433 freq=5240
10-15 21:40:02.639 26235 26494 I BatteryMgr:DataCollectionService: stats => 1697398802639,-318,4250,-319,0,100
10-15 21:40:02.747 26235 26494 I BatteryMgr:DataCollectionService: stats => 1697398802747,-318,4250,-319,0,100
10-15 21:40:02.860 26235 26494 I BatteryMgr:DataCollectionService: stats => 1697398802860,-318,4250,-319,0,100
10-15 21:40:02.974 26235 26494 I BatteryMgr:DataCollectionService: stats => 1697398802974,-318,4250,-319,0,100
10-15 21:40:03.087 26235 26494 I BatteryMgr:DataCollectionService: stats => 1697398803086,-318,4250,-319,0,100
10-15 21:40:03.091  4961  4961 D io_stats: !@ 179,0 r 5175265 160006532 w 1278868 27823396 d 100515 31542636 f 297738 314169 iot 2301800 2037435 th 51200 0 0 pt 0 inp 0 0 400792.242
10-15 21:40:03.197 26235 26494 I BatteryMgr:DataCollectionService: stats => 1697398803196,-318,4250,-319,0,100
10-15 21:40:03.300  3957  4128 D WifiService: getConnectionInfo uid=1000
10-15 21:40:03.308 26235 26494 I BatteryMgr:DataCollectionService: stats => 1697398803307,-318,4250,-319,0,100
10-15 21:40:03.416 26235 26494 I BatteryMgr:DataCollectionService: stats => 1697398803416,-318,4250,-319,0,100
10-15 21:40:03.497  3957  6478 D SSRM:k  : SIOP:: AP = 350, PST = 335 (W:24), BAT = 297, USB = 0, CHG = 0
10-15 21:40:03.526 26235 26494 I BatteryMgr:DataCollectionService: stats => 1697398803525,-318,4250,-319,0,100
10-15 21:40:03.567  3957  4129 D WifiStateMachine:  ConnectedState !RSSI_PKTCNT_FETCH uid=1000 rt=400792716/1061190944 0 0 "ourhome" f4:6d:2f:12:cc:88 rssi=-42 f=5240 sc=60 link=433 tx=5.3, 0.0, 0.0  rx=9.6 bcn=39362 [on:0 tx:0 rx:0 period:998] from screen [on:-3085673 period:4358417] score=60
10-15 21:40:03.570  3957  4129 D WifiStateMachine:  L2ConnectedState !RSSI_PKTCNT_FETCH uid=1000 rt=400792718/1061190945 0 0 "ourhome" f4:6d:2f:12:cc:88 rssi=-42 f=5240 sc=60 link=433 tx=5.3, 0.0, 0.0  rx=9.6 bcn=39362 [on:0 tx:0 rx:0 period:2] from screen [on:-3085673 period:4358419] score=60
10-15 21:40:03.576  3957  4129 D WifiStateMachine: fetchRssiLinkSpeedAndFrequencyNative rssi=-41 linkspeed=433 freq=5240
10-15 21:40:03.633 26235 26494 I BatteryMgr:DataCollectionService: stats => 1697398803633,-318,4250,-319,0,100
10-15 21:40:03.743 26235 26494 I BatteryMgr:DataCollectionService: stats => 1697398803743,-318,4250,-319,0,100
10-15 21:40:03.857 26235 26494 I BatteryMgr:DataCollectionService: stats => 1697398803857,-318,4250,-319,0,100
10-15 21:40:03.971 26235 26494 I BatteryMgr:DataCollectionService: stats => 1697398803971,-318,4250,-319,0,100
10-15 21:40:04.083 26235 26494 I BatteryMgr:DataCollectionService: stats => 1697398804083,-318,4250,-319,0,100
10-15 21:40:04.193 26235 26494 I BatteryMgr:DataCollectionService: stats => 1697398804193,-318,4250,-319,0,100
10-15 21:40:04.303  3957  4128 D WifiService: getConnectionInfo uid=1000
10-15 21:40:04.304 26235 26494 I BatteryMgr:DataCollectionService: stats => 1697398804304,-318,4250,-319,0,100
10-15 21:40:04.415 26235 26494 I BatteryMgr:DataCollectionService: stats => 1697398804415,-318,4250,-319,0,100
10-15 21:40:04.513 19438 19556 D ScanRecord: Not a Multi Manu data
10-15 21:40:04.524 19438 19556 I chatty  : uid=1002(bluetooth) BT Service Call identical 37 lines
10-15 21:40:04.524 19438 19556 D ScanRecord: Not a Multi Manu data
10-15 21:40:04.529 26235 26494 I BatteryMgr:DataCollectionService: stats => 1697398804528,-318,4250,-319,0,100
10-15 21:40:04.531 19438 19556 D ScanRecord: Not a Multi Manu data
10-15 21:40:04.558 19438 19556 I chatty  : uid=1002(bluetooth) BT Service Call identical 63 lines
10-15 21:40:04.558 19438 19556 D ScanRecord: Not a Multi Manu data
10-15 21:40:04.568  3957  4129 D WifiStateMachine:  ConnectedState !RSSI_PKTCNT_FETCH uid=1000 rt=400793717/1061191945 0 0 "ourhome" f4:6d:2f:12:cc:88 rssi=-41 f=5240 sc=60 link=433 tx=5.3, 0.0, 0.0  rx=9.6 bcn=39362 [on:0 tx:0 rx:0 period:999] from screen [on:-3085673 period:4359418] score=60
10-15 21:40:04.570 19438 19556 D ScanRecord: Not a Multi Manu data
10-15 21:40:04.571 19438 19556 I chatty  : uid=1002(bluetooth) BT Service Call identical 11 lines
10-15 21:40:04.571 19438 19556 D ScanRecord: Not a Multi Manu data
10-15 21:40:04.573  3957  4129 D WifiStateMachine:  L2ConnectedState !RSSI_PKTCNT_FETCH uid=1000 rt=400793720/1061191947 0 0 "ourhome" f4:6d:2f:12:cc:88 rssi=-41 f=5240 sc=60 link=433 tx=5.3, 0.0, 0.0  rx=9.6 bcn=39362 [on:0 tx:0 rx:0 period:5] from screen [on:-3085673 period:4359423] score=60
10-15 21:40:04.575  3957  4129 D WifiStateMachine: fetchRssiLinkSpeedAndFrequencyNative rssi=-40 linkspeed=433 freq=5240
10-15 21:40:04.575 19438 19556 D ScanRecord: Not a Multi Manu data
10-15 21:40:04.642 19438 19556 I chatty  : uid=1002(bluetooth) BT Service Call identical 206 lines
10-15 21:40:04.642 19438 19556 D ScanRecord: Not a Multi Manu data
10-15 21:40:04.643 26235 26494 I BatteryMgr:DataCollectionService: stats => 1697398804643,-318,4250,-319,0,100
10-15 21:40:04.651 19438 19556 D ScanRecord: Not a Multi Manu data
10-15 21:40:04.751 19438 19556 I chatty  : uid=1002(bluetooth) BT Service Call identical 180 lines
10-15 21:40:04.751 19438 19556 D ScanRecord: Not a Multi Manu data
10-15 21:40:04.751 26235 26494 I BatteryMgr:DataCollectionService: stats => 1697398804751,-318,4250,-319,0,100
10-15 21:40:04.775 19438 19556 D ScanRecord: Not a Multi Manu data
10-15 21:40:04.834 19438 19556 I chatty  : uid=1002(bluetooth) BT Service Call identical 129 lines
10-15 21:40:04.860 19438 19556 D ScanRecord: Not a Multi Manu data
10-15 21:40:04.861 26235 26494 I BatteryMgr:DataCollectionService: stats => 1697398804861,-318,4250,-319,0,100
10-15 21:40:04.861 19438 19556 D ScanRecord: Not a Multi Manu data
10-15 21:40:04.901 19438 19556 I chatty  : uid=1002(bluetooth) BT Service Call identical 62 lines
10-15 21:40:04.901 19438 19556 D ScanRecord: Not a Multi Manu data
10-15 21:40:04.906  3957  4129 D WifiStateMachine:  ConnectedState !CMD_RSSI_POLL rt=400794055/1061192282 50 0 "ourhome" f4:6d:2f:12:cc:88 rssi=-40 f=5240 sc=60 link=433 tx=5.3, 0.0, 0.0  rx=9.6 bcn=39362 [on:0 tx:0 rx:0 period:333] from screen [on:-3085673 period:4359756] score=60
10-15 21:40:04.908  3957  4129 D WifiStateMachine:  L2ConnectedState !CMD_RSSI_POLL rt=400794057/1061192285 50 0 "ourhome" f4:6d:2f:12:cc:88 rssi=-40 f=5240 sc=60 link=433 tx=5.3, 0.0, 0.0  rx=9.6 bcn=39362 [on:0 tx:0 rx:0 period:2] from screen [on:-3085673 period:4359758] score=60
10-15 21:40:04.908  3957  4129 D WifiStateMachine:  get link layer stats 3
10-15 21:40:04.909  3436  3436 I android.hardware.wifi@1.0-service: getLinkLayerStats
10-15 21:40:04.916  3957  4129 D WifiStateMachine: fetchRssiLinkSpeedAndFrequencyNative rssi=-39 linkspeed=433 freq=5240
10-15 21:40:04.920 19438 19556 D ScanRecord: Not a Multi Manu data
10-15 21:40:04.923 19438 19556 I chatty  : uid=1002(bluetooth) BT Service Call identical 11 lines
10-15 21:40:04.923 19438 19556 D ScanRecord: Not a Multi Manu data
10-15 21:40:04.923  4340  4340 E SignalClusterView: setSlotFocusVisible : subId -2
10-15 21:40:04.923  4340  4340 E SignalClusterView: setSlotFocusVisible : subId -2
10-15 21:40:04.924 19438 19556 D ScanRecord: Not a Multi Manu data
10-15 21:40:04.959 19438 19556 I chatty  : uid=1002(bluetooth) BT Service Call identical 37 lines
10-15 21:40:04.959 19438 19556 D ScanRecord: Not a Multi Manu data
10-15 21:40:04.968 26235 26494 I BatteryMgr:DataCollectionService: stats => 1697398804968,-318,4250,-319,0,100
10-15 21:40:04.974 19438 19556 D ScanRecord: Not a Multi Manu data
10-15 21:40:05.004 19438 19556 I chatty  : uid=1002(bluetooth) BT Service Call identical 37 lines
10-15 21:40:05.004 19438 19556 D ScanRecord: Not a Multi Manu data
10-15 21:40:05.080 26235 26494 I BatteryMgr:DataCollectionService: stats => 1697398805079,-318,4250,-319,0,100
10-15 21:40:05.192 26235 26494 I BatteryMgr:DataCollectionService: stats => 1697398805191,-318,4250,-319,0,100
10-15 21:40:05.306  3957  4128 D WifiService: getConnectionInfo uid=1000
10-15 21:40:05.307 26235 26494 I BatteryMgr:DataCollectionService: stats => 1697398805307,-318,4250,-319,0,100
10-15 21:40:05.418 26235 26494 I BatteryMgr:DataCollectionService: stats => 1697398805417,-318,4250,-319,0,100
10-15 21:40:05.532 26235 26494 I BatteryMgr:DataCollectionService: stats => 1697398805532,-318,4250,-319,0,100
10-15 21:40:05.571  3957  4129 D WifiStateMachine:  ConnectedState !RSSI_PKTCNT_FETCH uid=1000 rt=400794718/1061192946 0 0 "ourhome" f4:6d:2f:12:cc:88 rssi=-39 f=5240 sc=60 link=433 tx=1.9, 0.0, 0.0  rx=7.3 bcn=39388 [on:0 tx:0 rx:0 period:646] from screen [on:-3085338 period:4360420] score=60
10-15 21:40:05.574  3957  4129 D WifiStateMachine:  L2ConnectedState !RSSI_PKTCNT_FETCH uid=1000 rt=400794722/1061192950 0 0 "ourhome" f4:6d:2f:12:cc:88 rssi=-39 f=5240 sc=60 link=433 tx=1.9, 0.0, 0.0  rx=7.3 bcn=39388 [on:0 tx:0 rx:0 period:4] from screen [on:-3085338 period:4360424] score=60
10-15 21:40:05.582  3957  4129 D WifiStateMachine: fetchRssiLinkSpeedAndFrequencyNative rssi=-40 linkspeed=433 freq=5240
10-15 21:40:05.642 26235 26494 I BatteryMgr:DataCollectionService: stats => 1697398805642,-318,4250,-319,0,100
10-15 21:40:05.748 26235 26494 I BatteryMgr:DataCollectionService: stats => 1697398805748,-318,4250,-319,0,100
10-15 21:40:05.855 26235 26494 I BatteryMgr:DataCollectionService: stats => 1697398805854,-318,4250,-319,0,100
10-15 21:40:05.964 26235 26494 I BatteryMgr:DataCollectionService: stats => 1697398805964,-318,4250,-319,0,100
10-15 21:40:06.074 26235 26494 I BatteryMgr:DataCollectionService: stats => 1697398806073,-318,4250,-319,0,100
10-15 21:40:06.193 26235 26494 I BatteryMgr:DataCollectionService: stats => 1697398806193,-318,4250,-319,0,100
10-15 21:40:06.300 26235 26494 I BatteryMgr:DataCollectionService: stats => 1697398806300,-318,4250,-319,0,100
10-15 21:40:06.309  3957  4128 D WifiService: getConnectionInfo uid=1000
10-15 21:40:06.417 26235 26494 I BatteryMgr:DataCollectionService: stats => 1697398806416,-318,4250,-319,0,100
10-15 21:40:06.527 26235 26494 I BatteryMgr:DataCollectionService: stats => 1697398806527,-318,4250,-319,0,100
10-15 21:40:06.573  3957  4129 D WifiStateMachine:  ConnectedState !RSSI_PKTCNT_FETCH uid=1000 rt=400795720/1061193948 0 0 "ourhome" f4:6d:2f:12:cc:88 rssi=-40 f=5240 sc=60 link=433 tx=1.9, 0.0, 0.0  rx=7.3 bcn=39388 [on:0 tx:0 rx:0 period:998] from screen [on:-3085338 period:4361422] score=60
10-15 21:40:06.577  3957  4129 D WifiStateMachine:  L2ConnectedState !RSSI_PKTCNT_FETCH uid=1000 rt=400795724/1061193952 0 0 "ourhome" f4:6d:2f:12:cc:88 rssi=-40 f=5240 sc=60 link=433 tx=1.9, 0.0, 0.0  rx=7.3 bcn=39388 [on:0 tx:0 rx:0 period:4] from screen [on:-3085338 period:4361426] score=60
10-15 21:40:06.578  3957  4129 D WifiStateMachine: fetchRssiLinkSpeedAndFrequencyNative rssi=-53 linkspeed=433 freq=5240
10-15 21:40:06.635 26235 26494 I BatteryMgr:DataCollectionService: stats => 1697398806635,-318,4250,-319,0,100
10-15 21:40:06.748 26235 26494 I BatteryMgr:DataCollectionService: stats => 1697398806748,-318,4250,-319,0,100
10-15 21:40:06.858 26235 26494 I BatteryMgr:DataCollectionService: stats => 1697398806857,-318,4250,-319,0,100
10-15 21:40:06.969 26235 26494 I BatteryMgr:DataCollectionService: stats => 1697398806969,-318,4250,-319,0,100
10-15 21:40:07.076 26235 26494 I BatteryMgr:DataCollectionService: stats => 1697398807076,-318,4250,-319,0,100
10-15 21:40:07.187 26235 26494 I BatteryMgr:DataCollectionService: stats => 1697398807186,-318,4250,-319,0,100
10-15 21:40:07.301 26235 26494 I BatteryMgr:DataCollectionService: stats => 1697398807301,-318,4250,-319,0,100
10-15 21:40:07.312  3957  4128 D WifiService: getConnectionInfo uid=1000
10-15 21:40:07.410 26235 26494 I BatteryMgr:DataCollectionService: stats => 1697398807410,224,4250,152,0,100
10-15 21:40:07.512  3957  4306 D WifiConnectivityMonitor:  [|220] []
10-15 21:40:07.518 26235 26494 I BatteryMgr:DataCollectionService: stats => 1697398807517,224,4250,152,0,100
10-15 21:40:07.575  3957  4129 D WifiStateMachine:  ConnectedState !RSSI_PKTCNT_FETCH uid=1000 rt=400796722/1061194950 0 0 "ourhome" f4:6d:2f:12:cc:88 rssi=-53 f=5240 sc=60 link=433 tx=1.9, 0.0, 0.0  rx=7.3 bcn=39388 [on:0 tx:0 rx:0 period:998] from screen [on:-3085338 period:4362424] score=60
10-15 21:40:07.579  3957  4129 D WifiStateMachine:  L2ConnectedState !RSSI_PKTCNT_FETCH uid=1000 rt=400796726/1061194954 0 0 "ourhome" f4:6d:2f:12:cc:88 rssi=-53 f=5240 sc=60 link=433 tx=1.9, 0.0, 0.0  rx=7.3 bcn=39388 [on:0 tx:0 rx:0 period:4] from screen [on:-3085338 period:4362428] score=60
10-15 21:40:07.580  3957  4129 D WifiStateMachine: fetchRssiLinkSpeedAndFrequencyNative rssi=-43 linkspeed=433 freq=5240
10-15 21:40:07.628 26235 26494 I BatteryMgr:DataCollectionService: stats => 1697398807628,224,4250,152,0,100
10-15 21:40:07.671  3957  4030 D SensorService: [SO] 0.072 -0.096 9.965
10-15 21:40:07.735 26235 26494 I BatteryMgr:DataCollectionService: stats => 1697398807735,224,4250,152,0,100
10-15 21:40:07.846 26235 26494 I BatteryMgr:DataCollectionService: stats => 1697398807845,224,4250,152,0,100
10-15 21:40:07.879  3957  9632 D BatteryService: !@BatteryListener : batteryPropertiesChanged!
10-15 21:40:07.920  3957  4129 D WifiStateMachine:  ConnectedState !CMD_RSSI_POLL rt=400797069/1061195297 50 0 "ourhome" f4:6d:2f:12:cc:88 rssi=-43 f=5240 sc=60 link=433 tx=1.9, 0.0, 0.0  rx=7.3 bcn=39388 [on:0 tx:0 rx:0 period:342] from screen [on:-3085338 period:4362770] score=60
