10-15 22:36:37.335 32267 32539 I BatteryMgr:DataCollectionService: stats => 1697402197335,122,4250,149,0,100
10-15 22:36:37.383  3957  4129 D WifiStateMachine:  ConnectedState !RSSI_PKTCNT_FETCH uid=1000 rt=404186532/1064584760 0 0 "ourhome" f4:6d:2f:12:cc:88 rssi=-43 f=5240 sc=60 link=433 tx=0.9, 0.0, 0.0  rx=4.0 bcn=70190 [on:0 tx:0 rx:0 period:997] from screen [on:343693 period:2364359] score=60
10-15 22:36:37.386  3957  4129 D WifiStateMachine:  L2ConnectedState !RSSI_PKTCNT_FETCH uid=1000 rt=404186534/1064584762 0 0 "ourhome" f4:6d:2f:12:cc:88 rssi=-43 f=5240 sc=60 link=433 tx=0.9, 0.0, 0.0  rx=4.0 bcn=70190 [on:0 tx:0 rx:0 period:3] from screen [on:343693 period:2364362] score=60
10-15 22:36:37.392  3957  4129 D WifiStateMachine: fetchRssiLinkSpeedAndFrequencyNative rssi=-45 linkspeed=433 freq=5240
10-15 22:36:37.444 32267 32539 I BatteryMgr:DataCollectionService: stats => 1697402197444,122,4250,149,0,100
10-15 22:36:37.554 32267 32539 I BatteryMgr:DataCollectionService: stats => 1697402197554,122,4250,149,0,100
10-15 22:36:37.663 32267 32539 I BatteryMgr:DataCollectionService: stats => 1697402197663,122,4250,149,0,100
10-15 22:36:37.710 20183 20272 I PlayCommon: [10786] anai.j(241): Preparing logs for uploading
10-15 22:36:37.713  3957  4602 D ConnectivityService: filterNetworkStateForUid() uid: 10044 networkInfo: [type: WIFI[] - WIFI, state: CONNECTED/CONNECTED, reason: (unspecified), extra: "ourhome", failover: false, available: true, roaming: false, metered: false]
10-15 22:36:37.713  3957  4602 D WifiService: getConnectionInfo uid=1000
10-15 22:36:37.798 32267 32539 I BatteryMgr:DataCollectionService: stats => 1697402197798,122,4250,149,0,100
10-15 22:36:37.905 32267 32539 I BatteryMgr:DataCollectionService: stats => 1697402197905,122,4250,149,0,100
10-15 22:36:38.015 32267 32539 I BatteryMgr:DataCollectionService: stats => 1697402198015,122,4250,149,0,100
10-15 22:36:38.114 20183 20272 I PlayCommon: [10786] anai.j(1862): Connecting to server: https://play.googleapis.com/play/log?format=raw&proto_v2=true
10-15 22:36:38.117 20183 20272 I System.out: (HTTPLog)-Static: isSBSettingEnabled false
10-15 22:36:38.118 20183 20272 I System.out: (HTTPLog)-Static: isSBSettingEnabled false
10-15 22:36:38.122 32267 32539 I BatteryMgr:DataCollectionService: stats => 1697402198122,122,4250,149,0,100
10-15 22:36:38.130  3599  3918 D DnsProxyListener: DNSDBG::dns addrinfo af 0
10-15 22:36:38.228 32267 32539 I BatteryMgr:DataCollectionService: stats => 1697402198228,122,4250,149,0,100
10-15 22:36:38.318 20183 20272 I PlayCommon: [10786] anai.j(2096): Successfully uploaded logs.
10-15 22:36:38.319  3957  4128 D WifiService: getConnectionInfo uid=1000
10-15 22:36:38.336 32267 32539 I BatteryMgr:DataCollectionService: stats => 1697402198336,122,4250,149,0,100
10-15 22:36:38.384  3957  4129 D WifiStateMachine:  ConnectedState !RSSI_PKTCNT_FETCH uid=1000 rt=404187534/1064585761 0 0 "ourhome" f4:6d:2f:12:cc:88 rssi=-45 f=5240 sc=60 link=433 tx=0.9, 0.0, 0.0  rx=4.0 bcn=70190 [on:0 tx:0 rx:0 period:998] from screen [on:343693 period:2365360] score=60
10-15 22:36:38.386  3957  4129 D WifiStateMachine:  L2ConnectedState !RSSI_PKTCNT_FETCH uid=1000 rt=404187535/1064585762 0 0 "ourhome" f4:6d:2f:12:cc:88 rssi=-45 f=5240 sc=60 link=433 tx=0.9, 0.0, 0.0  rx=4.0 bcn=70190 [on:0 tx:0 rx:0 period:2] from screen [on:343693 period:2365362] score=60
10-15 22:36:38.388  3957  4129 D WifiStateMachine: fetchRssiLinkSpeedAndFrequencyNative rssi=-47 linkspeed=390 freq=5240
10-15 22:36:38.448 32267 32539 I BatteryMgr:DataCollectionService: stats => 1697402198448,122,4250,149,0,100
10-15 22:36:38.558 32267 32539 I BatteryMgr:DataCollectionService: stats => 1697402198558,122,4250,149,0,100
10-15 22:36:38.666 32267 32539 I BatteryMgr:DataCollectionService: stats => 1697402198666,122,4250,149,0,100
10-15 22:36:38.774 32267 32539 I BatteryMgr:DataCollectionService: stats => 1697402198774,122,4250,149,0,100
10-15 22:36:38.883 32267 32539 I BatteryMgr:DataCollectionService: stats => 1697402198883,122,4250,149,0,100
10-15 22:36:38.992 32267 32539 I BatteryMgr:DataCollectionService: stats => 1697402198992,122,4250,149,0,100
10-15 22:36:39.101 32267 32539 I BatteryMgr:DataCollectionService: stats => 1697402199101,122,4250,149,0,100
10-15 22:36:39.213 32267 32539 I BatteryMgr:DataCollectionService: stats => 1697402199213,122,4250,149,0,100
10-15 22:36:39.321  3957  4128 D WifiService: getConnectionInfo uid=1000
10-15 22:36:39.325 32267 32539 I BatteryMgr:DataCollectionService: stats => 1697402199325,122,4250,149,0,100
10-15 22:36:39.332  3957  4129 D WifiStateMachine:  ConnectedState !CMD_RSSI_POLL rt=404188478/1064586706 52 0 "ourhome" f4:6d:2f:12:cc:88 rssi=-47 f=5240 sc=60 link=390 tx=0.9, 0.0, 0.0  rx=4.0 bcn=70190 [on:0 tx:0 rx:0 period:945] from screen [on:343693 period:2366307] score=60
10-15 22:36:39.334  3957  4129 D WifiStateMachine:  L2ConnectedState !CMD_RSSI_POLL rt=404188483/1064586710 52 0 "ourhome" f4:6d:2f:12:cc:88 rssi=-47 f=5240 sc=60 link=390 tx=0.9, 0.0, 0.0  rx=4.0 bcn=70190 [on:0 tx:0 rx:0 period:3] from screen [on:343693 period:2366310] score=60
10-15 22:36:39.334  3957  4129 D WifiStateMachine:  get link layer stats 3
10-15 22:36:39.334  3436  3436 I android.hardware.wifi@1.0-service: getLinkLayerStats
10-15 22:36:39.353  3957  4129 D WifiStateMachine: fetchRssiLinkSpeedAndFrequencyNative rssi=-44 linkspeed=390 freq=5240
10-15 22:36:39.360  4340  4340 E SignalClusterView: setSlotFocusVisible : subId -2
10-15 22:36:39.361  4340  4340 E SignalClusterView: setSlotFocusVisible : subId -2
10-15 22:36:39.386  3957  4129 D WifiStateMachine:  ConnectedState !RSSI_PKTCNT_FETCH uid=1000 rt=404188534/1064586761 0 0 "ourhome" f4:6d:2f:12:cc:88 rssi=-44 f=5240 sc=60 link=390 tx=13.7, 8.3, 0.0  rx=19.2 bcn=70219 [on:0 tx:0 rx:0 period:26] from screen [on:344995 period:2366361] score=60
10-15 22:36:39.387  3957  4129 D WifiStateMachine:  L2ConnectedState !RSSI_PKTCNT_FETCH uid=1000 rt=404188537/1064586764 0 0 "ourhome" f4:6d:2f:12:cc:88 rssi=-44 f=5240 sc=60 link=390 tx=13.7, 8.3, 0.0  rx=19.2 bcn=70219 [on:0 tx:0 rx:0 period:2] from screen [on:344995 period:2366363] score=60
10-15 22:36:39.394  3957  4129 D WifiStateMachine: fetchRssiLinkSpeedAndFrequencyNative rssi=-44 linkspeed=390 freq=5240
10-15 22:36:39.434 32267 32539 I BatteryMgr:DataCollectionService: stats => 1697402199434,122,4250,149,0,100
10-15 22:36:39.541 32267 32539 I BatteryMgr:DataCollectionService: stats => 1697402199541,122,4250,149,0,100
10-15 22:36:39.650 32267 32539 I BatteryMgr:DataCollectionService: stats => 1697402199650,122,4250,149,0,100
10-15 22:36:39.686 19438 19556 D ScanRecord: Not a Multi Manu data
10-15 22:36:39.753 19438 19556 I chatty  : uid=1002(bluetooth) BT Service Call identical 193 lines
10-15 22:36:39.753 19438 19556 D ScanRecord: Not a Multi Manu data
10-15 22:36:39.756 32267 32539 I BatteryMgr:DataCollectionService: stats => 1697402199756,122,4250,149,0,100
10-15 22:36:39.760 19438 19556 D ScanRecord: Not a Multi Manu data
10-15 22:36:39.865 19438 19556 I chatty  : uid=1002(bluetooth) BT Service Call identical 154 lines
10-15 22:36:39.865 19438 19556 D ScanRecord: Not a Multi Manu data
10-15 22:36:39.867 32267 32539 I BatteryMgr:DataCollectionService: stats => 1697402199867,122,4250,149,0,100
10-15 22:36:39.867 19438 19556 D ScanRecord: Not a Multi Manu data
10-15 22:36:39.968 19438 19556 I chatty  : uid=1002(bluetooth) BT Service Call identical 167 lines
10-15 22:36:39.968 19438 19556 D ScanRecord: Not a Multi Manu data
10-15 22:36:39.976 32267 32539 I BatteryMgr:DataCollectionService: stats => 1697402199976,122,4250,149,0,100
10-15 22:36:39.978 19438 19556 D ScanRecord: Not a Multi Manu data
10-15 22:36:40.072 19438 19556 I chatty  : uid=1002(bluetooth) BT Service Call identical 167 lines
10-15 22:36:40.072 19438 19556 D ScanRecord: Not a Multi Manu data
10-15 22:36:40.083 32267 32539 I BatteryMgr:DataCollectionService: stats => 1697402200083,122,4250,149,0,100
10-15 22:36:40.084 19438 19556 D ScanRecord: Not a Multi Manu data
10-15 22:36:40.178 19438 19556 I chatty  : uid=1002(bluetooth) BT Service Call identical 206 lines
10-15 22:36:40.178 19438 19556 D ScanRecord: Not a Multi Manu data
10-15 22:36:40.191 32267 32539 I BatteryMgr:DataCollectionService: stats => 1697402200191,122,4250,149,0,100
10-15 22:36:40.298 32267 32539 I BatteryMgr:DataCollectionService: stats => 1697402200298,122,4250,149,0,100
10-15 22:36:40.324  3957  4128 D WifiService: getConnectionInfo uid=1000
10-15 22:36:40.386  3957  4030 D SensorService: [SO] 0.101 -0.096 9.974
10-15 22:36:40.390  3957  4129 D WifiStateMachine:  ConnectedState !RSSI_PKTCNT_FETCH uid=1000 rt=404189536/1064587763 0 0 "ourhome" f4:6d:2f:12:cc:88 rssi=-44 f=5240 sc=60 link=390 tx=13.7, 8.3, 0.0  rx=19.2 bcn=70219 [on:0 tx:0 rx:0 period:1001] from screen [on:344995 period:2367364] score=60
10-15 22:36:40.392  3957  4129 D WifiStateMachine:  L2ConnectedState !RSSI_PKTCNT_FETCH uid=1000 rt=404189541/1064587768 0 0 "ourhome" f4:6d:2f:12:cc:88 rssi=-44 f=5240 sc=60 link=390 tx=13.7, 8.3, 0.0  rx=19.2 bcn=70219 [on:0 tx:0 rx:0 period:4] from screen [on:344995 period:2367368] score=60
10-15 22:36:40.399  3957  4129 D WifiStateMachine: fetchRssiLinkSpeedAndFrequencyNative rssi=-43 linkspeed=390 freq=5240
10-15 22:36:40.407 32267 32539 I BatteryMgr:DataCollectionService: stats => 1697402200407,122,4250,149,0,100
10-15 22:36:40.516 32267 32539 I BatteryMgr:DataCollectionService: stats => 1697402200516,122,4250,149,0,100
10-15 22:36:40.623 32267 32539 I BatteryMgr:DataCollectionService: stats => 1697402200623,122,4250,149,0,100
10-15 22:36:40.660  4961  4961 D io_stats: !@ 179,0 r 5339088 165701624 w 1293316 28094148 d 102227 31671420 f 299358 316029 iot 2373552 2097177 th 51200 0 0 pt 0 inp 0 0 404189.810
10-15 22:36:40.733 32267 32539 I BatteryMgr:DataCollectionService: stats => 1697402200733,122,4250,149,0,100
10-15 22:36:40.840 32267 32539 I BatteryMgr:DataCollectionService: stats => 1697402200840,122,4250,149,0,100
10-15 22:36:40.878  3957  6478 D SSRM:k  : SIOP:: AP = 380, PST = 357 (W:28), BAT = 297, USB = 0, CHG = 0
10-15 22:36:40.949 32267 32539 I BatteryMgr:DataCollectionService: stats => 1697402200948,122,4250,149,0,100
10-15 22:36:41.056 32267 32539 I BatteryMgr:DataCollectionService: stats => 1697402201056,122,4250,149,0,100
10-15 22:36:41.165 32267 32539 I BatteryMgr:DataCollectionService: stats => 1697402201165,122,4250,149,0,100
10-15 22:36:41.274 32267 32539 I BatteryMgr:DataCollectionService: stats => 1697402201274,122,4250,149,0,100
10-15 22:36:41.326  3957  4128 D WifiService: getConnectionInfo uid=1000
10-15 22:36:41.383 32267 32539 I BatteryMgr:DataCollectionService: stats => 1697402201383,122,4250,149,0,100
10-15 22:36:41.389  3957  4129 D WifiStateMachine:  ConnectedState !RSSI_PKTCNT_FETCH uid=1000 rt=404190536/1064588764 0 0 "ourhome" f4:6d:2f:12:cc:88 rssi=-43 f=5240 sc=60 link=390 tx=13.7, 8.3, 0.0  rx=19.2 bcn=70219 [on:0 tx:0 rx:0 period:996] from screen [on:344995 period:2368364] score=60
10-15 22:36:41.392  3957  4129 D WifiStateMachine:  L2ConnectedState !RSSI_PKTCNT_FETCH uid=1000 rt=404190540/1064588768 0 0 "ourhome" f4:6d:2f:12:cc:88 rssi=-43 f=5240 sc=60 link=390 tx=13.7, 8.3, 0.0  rx=19.2 bcn=70219 [on:0 tx:0 rx:0 period:4] from screen [on:344995 period:2368368] score=60
10-15 22:36:41.399  3957  4129 D WifiStateMachine: fetchRssiLinkSpeedAndFrequencyNative rssi=-43 linkspeed=390 freq=5240
10-15 22:36:41.492 32267 32539 I BatteryMgr:DataCollectionService: stats => 1697402201492,122,4250,149,0,100
10-15 22:36:41.601 32267 32539 I BatteryMgr:DataCollectionService: stats => 1697402201601,122,4250,149,0,100
10-15 22:36:41.709 32267 32539 I BatteryMgr:DataCollectionService: stats => 1697402201708,122,4250,149,0,100
10-15 22:36:41.819 32267 32539 I BatteryMgr:DataCollectionService: stats => 1697402201819,132,4250,143,0,100
10-15 22:36:41.926 32267 32539 I BatteryMgr:DataCollectionService: stats => 1697402201925,132,4250,143,0,100
10-15 22:36:42.033 32267 32539 I BatteryMgr:DataCollectionService: stats => 1697402202033,132,4250,143,0,100
10-15 22:36:42.138 32267 32539 I BatteryMgr:DataCollectionService: stats => 1697402202138,132,4250,143,0,100
10-15 22:36:42.246 32267 32539 I BatteryMgr:DataCollectionService: stats => 1697402202246,132,4250,143,0,100
10-15 22:36:42.328  3957  4128 D WifiService: getConnectionInfo uid=1000
10-15 22:36:42.353 32267 32539 I BatteryMgr:DataCollectionService: stats => 1697402202353,132,4250,143,0,100
10-15 22:36:42.357  3957  4129 D WifiStateMachine:  ConnectedState !CMD_RSSI_POLL rt=404191506/1064589734 52 0 "ourhome" f4:6d:2f:12:cc:88 rssi=-43 f=5240 sc=60 link=390 tx=13.7, 8.3, 0.0  rx=19.2 bcn=70219 [on:0 tx:0 rx:0 period:965] from screen [on:344995 period:2369333] score=60
10-15 22:36:42.359  3957  4129 D WifiStateMachine:  L2ConnectedState !CMD_RSSI_POLL rt=404191508/1064589736 52 0 "ourhome" f4:6d:2f:12:cc:88 rssi=-43 f=5240 sc=60 link=390 tx=13.7, 8.3, 0.0  rx=19.2 bcn=70219 [on:0 tx:0 rx:0 period:2] from screen [on:344995 period:2369335] score=60
10-15 22:36:42.359  3957  4129 D WifiStateMachine:  get link layer stats 3
10-15 22:36:42.360  3436  3436 I android.hardware.wifi@1.0-service: getLinkLayerStats
10-15 22:36:42.369  3957  4129 D WifiStateMachine: fetchRssiLinkSpeedAndFrequencyNative rssi=-43 linkspeed=390 freq=5240
10-15 22:36:42.372  4340  4340 E SignalClusterView: setSlotFocusVisible : subId -2
10-15 22:36:42.372  4340  4340 E SignalClusterView: setSlotFocusVisible : subId -2
10-15 22:36:42.389  3957  4129 D WifiStateMachine:  ConnectedState !RSSI_PKTCNT_FETCH uid=1000 rt=404191538/1064589766 0 0 "ourhome" f4:6d:2f:12:cc:88 rssi=-43 f=5240 sc=60 link=390 tx=5.6, 3.0, 0.0  rx=8.9 bcn=70244 [on:0 tx:0 rx:0 period:18] from screen [on:345528 period:2369365] score=60
10-15 22:36:42.392  3957  4129 D WifiStateMachine:  L2ConnectedState !RSSI_PKTCNT_FETCH uid=1000 rt=404191540/1064589768 0 0 "ourhome" f4:6d:2f:12:cc:88 rssi=-43 f=5240 sc=60 link=390 tx=5.6, 3.0, 0.0  rx=8.9 bcn=70244 [on:0 tx:0 rx:0 period:3] from screen [on:345528 period:2369368] score=60
10-15 22:36:42.398  3957  4129 D WifiStateMachine: fetchRssiLinkSpeedAndFrequencyNative rssi=-43 linkspeed=390 freq=5240
10-15 22:36:42.459 32267 32539 I BatteryMgr:DataCollectionService: stats => 1697402202458,132,4250,143,0,100
10-15 22:36:42.569 32267 32539 I BatteryMgr:DataCollectionService: stats => 1697402202568,132,4250,143,0,100
10-15 22:36:42.652  3957 14957 D BatteryService: !@BatteryListener : batteryPropertiesChanged!
10-15 22:36:42.675 32267 32539 I BatteryMgr:DataCollectionService: stats => 1697402202675,132,4250,143,0,100
10-15 22:36:42.784 32267 32539 I BatteryMgr:DataCollectionService: stats => 1697402202784,132,4250,143,0,100
10-15 22:36:42.892 32267 32539 I BatteryMgr:DataCollectionService: stats => 1697402202892,132,4250,143,0,100
10-15 22:36:43.001 32267 32539 I BatteryMgr:DataCollectionService: stats => 1697402203001,132,4250,143,0,100
10-15 22:36:43.108 32267 32539 I BatteryMgr:DataCollectionService: stats => 1697402203108,132,4250,143,0,100
10-15 22:36:43.219 32267 32539 I BatteryMgr:DataCollectionService: stats => 1697402203219,132,4250,143,0,100
10-15 22:36:43.327 32267 32539 I BatteryMgr:DataCollectionService: stats => 1697402203327,132,4250,143,0,100
10-15 22:36:43.330  3957  4128 D WifiService: getConnectionInfo uid=1000
10-15 22:36:43.391  3957  4129 D WifiStateMachine:  ConnectedState !RSSI_PKTCNT_FETCH uid=1000 rt=404192538/1064590766 0 0 "ourhome" f4:6d:2f:12:cc:88 rssi=-43 f=5240 sc=60 link=390 tx=5.6, 3.0, 0.0  rx=8.9 bcn=70244 [on:0 tx:0 rx:0 period:998] from screen [on:345528 period:2370366] score=60
10-15 22:36:43.394  3957  4129 D WifiStateMachine:  L2ConnectedState !RSSI_PKTCNT_FETCH uid=1000 rt=404192542/1064590769 0 0 "ourhome" f4:6d:2f:12:cc:88 rssi=-43 f=5240 sc=60 link=390 tx=5.6, 3.0, 0.0  rx=8.9 bcn=70244 [on:0 tx:0 rx:0 period:3] from screen [on:345528 period:2370369] score=60
10-15 22:36:43.401  3957  4129 D WifiStateMachine: fetchRssiLinkSpeedAndFrequencyNative rssi=-50 linkspeed=390 freq=5240
10-15 22:36:43.437 32267 32539 I BatteryMgr:DataCollectionService: stats => 1697402203437,132,4250,143,0,100
10-15 22:36:43.545 32267 32539 I BatteryMgr:DataCollectionService: stats => 1697402203545,132,4250,143,0,100
10-15 22:36:43.655 32267 32539 I BatteryMgr:DataCollectionService: stats => 1697402203655,132,4250,143,0,100
10-15 22:36:43.763 32267 32539 I BatteryMgr:DataCollectionService: stats => 1697402203763,132,4250,143,0,100
10-15 22:36:43.874 32267 32539 I BatteryMgr:DataCollectionService: stats => 1697402203874,132,4250,143,0,100
10-15 22:36:43.981 32267 32539 I BatteryMgr:DataCollectionService: stats => 1697402203981,132,4250,143,0,100
10-15 22:36:44.091 32267 32539 I BatteryMgr:DataCollectionService: stats => 1697402204091,132,4250,143,0,100
10-15 22:36:44.203 32267 32539 I BatteryMgr:DataCollectionService: stats => 1697402204203,132,4250,143,0,100
10-15 22:36:44.311 32267 32539 I BatteryMgr:DataCollectionService: stats => 1697402204311,132,4250,143,0,100
10-15 22:36:44.334  3957  4128 D WifiService: getConnectionInfo uid=1000
10-15 22:36:44.391  3957  4129 D WifiStateMachine:  ConnectedState !RSSI_PKTCNT_FETCH uid=1000 rt=404193540/1064591768 0 0 "ourhome" f4:6d:2f:12:cc:88 rssi=-50 f=5240 sc=60 link=390 tx=5.6, 3.0, 0.0  rx=8.9 bcn=70244 [on:0 tx:0 rx:0 period:998] from screen [on:345528 period:2371367] score=60
10-15 22:36:44.394  3957  4129 D WifiStateMachine:  L2ConnectedState !RSSI_PKTCNT_FETCH uid=1000 rt=404193542/1064591770 0 0 "ourhome" f4:6d:2f:12:cc:88 rssi=-50 f=5240 sc=60 link=390 tx=5.6, 3.0, 0.0  rx=8.9 bcn=70244 [on:0 tx:0 rx:0 period:3] from screen [on:345528 period:2371370] score=60
10-15 22:36:44.401  3957  4129 D WifiStateMachine: fetchRssiLinkSpeedAndFrequencyNative rssi=-46 linkspeed=390 freq=5240
10-15 22:36:44.421 32267 32539 I BatteryMgr:DataCollectionService: stats => 1697402204421,132,4250,143,0,100
10-15 22:36:44.529 32267 32539 I BatteryMgr:DataCollectionService: stats => 1697402204529,132,4250,143,0,100
10-15 22:36:44.639 32267 32539 I BatteryMgr:DataCollectionService: stats => 1697402204639,132,4250,143,0,100
10-15 22:36:44.685 19438 19556 D ScanRecord: Not a Multi Manu data
10-15 22:36:44.748 19438 19556 I chatty  : uid=1002(bluetooth) BT Service Call identical 167 lines
10-15 22:36:44.748 19438 19556 D ScanRecord: Not a Multi Manu data
10-15 22:36:44.748 32267 32539 I BatteryMgr:DataCollectionService: stats => 1697402204748,132,4250,143,0,100
10-15 22:36:44.751 19438 19556 D ScanRecord: Not a Multi Manu data
10-15 22:36:44.857 19438 19556 I chatty  : uid=1002(bluetooth) BT Service Call identical 219 lines
10-15 22:36:44.857 19438 19556 D ScanRecord: Not a Multi Manu data
10-15 22:36:44.860 32267 32539 I BatteryMgr:DataCollectionService: stats => 1697402204860,132,4250,143,0,100
10-15 22:36:44.874 19438 19556 D ScanRecord: Not a Multi Manu data
10-15 22:36:44.941  3957  3980 W StorageManager: getStorageFullBytes DEFAULT_FULL_THRESHOLD_BYTES : 20971520, threadhold : 20971520
10-15 22:36:44.941  3957  3980 W StorageManager: getStorageLowBytes lowPercent : 5, lowBytes : 1260145254, maxLowBytes : 524288000
10-15 22:36:44.943  3957  3980 W DeviceStorageMonitorService: updateBroadcasts(/data) oldLevel:0, newLevel:0, seq:1
10-15 22:36:44.943  3957  3980 W DeviceStorageMonitorService: updateBroadcasts_filenode(/data) fn_oldLevel:0, fn_newLevel:0, seq:1
10-15 22:36:44.956 19438 19556 I chatty  : uid=1002(bluetooth) BT Service Call identical 141 lines
10-15 22:36:44.956 19438 19556 D ScanRecord: Not a Multi Manu data
10-15 22:36:44.970 32267 32539 I BatteryMgr:DataCollectionService: stats => 1697402204970,132,4250,143,0,100
10-15 22:36:44.987 19438 19556 D ScanRecord: Not a Multi Manu data
10-15 22:36:45.071 19438 19556 I chatty  : uid=1002(bluetooth) BT Service Call identical 128 lines
10-15 22:36:45.071 19438 19556 D ScanRecord: Not a Multi Manu data
10-15 22:36:45.078 32267 32539 I BatteryMgr:DataCollectionService: stats => 1697402205078,132,4250,143,0,100
10-15 22:36:45.081 19438 19556 D ScanRecord: Not a Multi Manu data
10-15 22:36:45.082 19438 19556 I chatty  : uid=1002(bluetooth) BT Service Call identical 11 lines
10-15 22:36:45.082 19438 19556 D ScanRecord: Not a Multi Manu data
10-15 22:36:45.086  4340  4731 D NetworkController.MobileSignalController(0/-2): onSignalStrengthsChanged signalStrength=SignalStrength: 25 99 -25 -200 -25 -200 -1 99 2147483647 2147483647 2147483647 2147483647 0 2147483647 0x4 P gsm|lte level=4
10-15 22:36:45.086  4340  4731 D NetworkController.MobileSignalController(0/-2): getMobileIconGroup(): 0
10-15 22:36:45.093 19438 19556 D ScanRecord: Not a Multi Manu data
10-15 22:36:45.178 19438 19556 I chatty  : uid=1002(bluetooth) BT Service Call identical 102 lines
10-15 22:36:45.178 19438 19556 D ScanRecord: Not a Multi Manu data
10-15 22:36:45.187 32267 32539 I BatteryMgr:DataCollectionService: stats => 1697402205186,132,4250,143,0,100
10-15 22:36:45.296 32267 32539 I BatteryMgr:DataCollectionService: stats => 1697402205296,132,4250,143,0,100
10-15 22:36:45.338  3957  4128 D WifiService: getConnectionInfo uid=1000
10-15 22:36:45.372  3957  4129 D WifiStateMachine:  ConnectedState !CMD_RSSI_POLL rt=404194521/1064592749 52 0 "ourhome" f4:6d:2f:12:cc:88 rssi=-46 f=5240 sc=60 link=390 tx=5.6, 3.0, 0.0  rx=8.9 bcn=70244 [on:0 tx:0 rx:0 period:978] from screen [on:345528 period:2372348] score=60
10-15 22:36:45.374  3957  4129 D WifiStateMachine:  L2ConnectedState !CMD_RSSI_POLL rt=404194523/1064592750 52 0 "ourhome" f4:6d:2f:12:cc:88 rssi=-46 f=5240 sc=60 link=390 tx=5.6, 3.0, 0.0  rx=8.9 bcn=70244 [on:0 tx:0 rx:0 period:1] from screen [on:345528 period:2372349] score=60
10-15 22:36:45.374  3957  4129 D WifiStateMachine:  get link layer stats 3
10-15 22:36:45.374  3436  3436 I android.hardware.wifi@1.0-service: getLinkLayerStats
10-15 22:36:45.392  3957  4129 D WifiStateMachine: fetchRssiLinkSpeedAndFrequencyNative rssi=-44 linkspeed=390 freq=5240
10-15 22:36:45.396  4340  4340 E SignalClusterView: setSlotFocusVisible : subId -2
10-15 22:36:45.396  4340  4340 E SignalClusterView: setSlotFocusVisible : subId -2
10-15 22:36:45.398  3957  4129 D WifiStateMachine:  ConnectedState !RSSI_PKTCNT_FETCH uid=1000 rt=404194547/1064592774 0 0 "ourhome" f4:6d:2f:12:cc:88 rssi=-44 f=5240 sc=60 link=390 tx=2.1, 1.1, 0.0  rx=11.5 bcn=70273 [on:0 tx:0 rx:0 period:3] from screen [on:345867 period:2372374] score=60
10-15 22:36:45.400  3957  4129 D WifiStateMachine:  L2ConnectedState !RSSI_PKTCNT_FETCH uid=1000 rt=404194549/1064592777 0 0 "ourhome" f4:6d:2f:12:cc:88 rssi=-44 f=5240 sc=60 link=390 tx=2.1, 1.1, 0.0  rx=11.5 bcn=70273 [on:0 tx:0 rx:0 period:2] from screen [on:345867 period:2372376] score=60
10-15 22:36:45.403 32267 32539 I BatteryMgr:DataCollectionService: stats => 1697402205403,132,4250,143,0,100
10-15 22:36:45.406  3957  4129 D WifiStateMachine: fetchRssiLinkSpeedAndFrequencyNative rssi=-44 linkspeed=390 freq=5240
10-15 22:36:45.511 32267 32539 I BatteryMgr:DataCollectionService: stats => 1697402205511,132,4250,143,0,100
10-15 22:36:45.622 32267 32539 I BatteryMgr:DataCollectionService: stats => 1697402205622,132,4250,143,0,100
10-15 22:36:45.663  4961  4961 D io_stats: !@ 179,0 r 5339103 165702184 w 1293353 28094432 d 102230 31671440 f 299360 316031 iot 2373576 2097193 th 51200 0 0 pt 0 inp 0 0 404194.813
10-15 22:36:45.731 32267 32539 I BatteryMgr:DataCollectionService: stats => 1697402205731,132,4250,143,0,100
10-15 22:36:45.841 32267 32539 I BatteryMgr:DataCollectionService: stats => 1697402205841,132,4250,143,0,100
10-15 22:36:45.951 32267 32539 I BatteryMgr:DataCollectionService: stats => 1697402205951,132,4250,143,0,100
10-15 22:36:46.060 32267 32539 I BatteryMgr:DataCollectionService: stats => 1697402206060,132,4250,143,0,100
10-15 22:36:46.170 32267 32539 I BatteryMgr:DataCollectionService: stats => 1697402206169,132,4250,143,0,100
10-15 22:36:46.278 32267 32539 I BatteryMgr:DataCollectionService: stats => 1697402206278,132,4250,143,0,100
10-15 22:36:46.340  3957  4128 D WifiService: getConnectionInfo uid=1000
10-15 22:36:46.364 32313 32526 I SessionStorage/AutoSave: Save: Periodic
10-15 22:36:46.387 32267 32539 I BatteryMgr:DataCollectionService: stats => 1697402206387,132,4250,143,0,100
10-15 22:36:46.393  3957  4129 D WifiStateMachine:  ConnectedState !RSSI_PKTCNT_FETCH uid=1000 rt=404195543/1064593770 0 0 "ourhome" f4:6d:2f:12:cc:88 rssi=-44 f=5240 sc=60 link=390 tx=2.1, 1.1, 0.0  rx=11.5 bcn=70273 [on:0 tx:0 rx:0 period:993] from screen [on:345867 period:2373369] score=60
10-15 22:36:46.395  3957  4129 D WifiStateMachine:  L2ConnectedState !RSSI_PKTCNT_FETCH uid=1000 rt=404195545/1064593772 0 0 "ourhome" f4:6d:2f:12:cc:88 rssi=-44 f=5240 sc=60 link=390 tx=2.1, 1.1, 0.0  rx=11.5 bcn=70273 [on:0 tx:0 rx:0 period:2] from screen [on:345867 period:2373371] score=60
10-15 22:36:46.396  3957  4129 D WifiStateMachine: fetchRssiLinkSpeedAndFrequencyNative rssi=-47 linkspeed=390 freq=5240
10-15 22:36:46.497 32267 32539 I BatteryMgr:DataCollectionService: stats => 1697402206497,132,4250,143,0,100
10-15 22:36:46.606 32267 32539 I BatteryMgr:DataCollectionService: stats => 1697402206606,132,4250,143,0,100
10-15 22:36:46.714 32267 32539 I BatteryMgr:DataCollectionService: stats => 1697402206714,132,4250,143,0,100
10-15 22:36:46.823 32267 32539 I BatteryMgr:DataCollectionService: stats => 1697402206823,132,4250,143,0,100
10-15 22:36:46.931 32267 32539 I BatteryMgr:DataCollectionService: stats => 1697402206931,132,4250,143,0,100
10-15 22:36:47.039 32267 32539 I BatteryMgr:DataCollectionService: stats => 1697402207039,132,4250,143,0,100
10-15 22:36:47.148 32267 32539 I BatteryMgr:DataCollectionService: stats => 1697402207148,132,4250,143,0,100
10-15 22:36:47.257 32267 32539 I BatteryMgr:DataCollectionService: stats => 1697402207257,132,4250,143,0,100
10-15 22:36:47.341  3957  4128 D WifiService: getConnectionInfo uid=1000
10-15 22:36:47.364 32267 32539 I BatteryMgr:DataCollectionService: stats => 1697402207364,132,4250,143,0,100
10-15 22:36:47.396  3957  4129 D WifiStateMachine:  ConnectedState !RSSI_PKTCNT_FETCH uid=1000 rt=404196545/1064594773 0 0 "ourhome" f4:6d:2f:12:cc:88 rssi=-47 f=5240 sc=60 link=390 tx=2.1, 1.1, 0.0  rx=11.5 bcn=70273 [on:0 tx:0 rx:0 period:1000] from screen [on:345867 period:2374371] score=60
10-15 22:36:47.397  3957  4129 D WifiStateMachine:  L2ConnectedState !RSSI_PKTCNT_FETCH uid=1000 rt=404196547/1064594774 0 0 "ourhome" f4:6d:2f:12:cc:88 rssi=-47 f=5240 sc=60 link=390 tx=2.1, 1.1, 0.0  rx=11.5 bcn=70273 [on:0 tx:0 rx:0 period:2] from screen [on:345867 period:2374373] score=60
10-15 22:36:47.400  3957  4129 D WifiStateMachine: fetchRssiLinkSpeedAndFrequencyNative rssi=-44 linkspeed=390 freq=5240
10-15 22:36:47.474 32267 32539 I BatteryMgr:DataCollectionService: stats => 1697402207474,132,4250,143,0,100
10-15 22:36:47.581 32267 32539 I BatteryMgr:DataCollectionService: stats => 1697402207581,132,4250,143,0,100
10-15 22:36:47.691 32267 32539 I BatteryMgr:DataCollectionService: stats => 1697402207691,132,4250,143,0,100
10-15 22:36:47.799 32267 32539 I BatteryMgr:DataCollectionService: stats => 1697402207799,132,4250,143,0,100
10-15 22:36:47.909 32267 32539 I BatteryMgr:DataCollectionService: stats => 1697402207909,132,4250,143,0,100
10-15 22:36:48.017 32267 32539 I BatteryMgr:DataCollectionService: stats => 1697402208017,132,4250,143,0,100
10-15 22:36:48.127 32267 32539 I BatteryMgr:DataCollectionService: stats => 1697402208127,132,4250,143,0,100
10-15 22:36:48.236 32267 32539 I BatteryMgr:DataCollectionService: stats => 1697402208236,132,4250,143,0,100
10-15 22:36:48.343  3957  4128 D WifiService: getConnectionInfo uid=1000
10-15 22:36:48.345 32267 32539 I BatteryMgr:DataCollectionService: stats => 1697402208345,132,4250,143,0,100
10-15 22:36:48.397  3957  4129 D WifiStateMachine:  ConnectedState !CMD_RSSI_POLL rt=404197546/1064595773 52 0 "ourhome" f4:6d:2f:12:cc:88 rssi=-44 f=5240 sc=60 link=390 tx=2.1, 1.1, 0.0  rx=11.5 bcn=70273 [on:0 tx:0 rx:0 period:999] from screen [on:345867 period:2375372] score=60
10-15 22:36:48.399  3957  4129 D WifiStateMachine:  L2ConnectedState !CMD_RSSI_POLL rt=404197548/1064595775 52 0 "ourhome" f4:6d:2f:12:cc:88 rssi=-44 f=5240 sc=60 link=390 tx=2.1, 1.1, 0.0  rx=11.5 bcn=70273 [on:0 tx:0 rx:0 period:3] from screen [on:345867 period:2375375] score=60
10-15 22:36:48.399  3957  4129 D WifiStateMachine:  get link layer stats 3
10-15 22:36:48.400  3436  3436 I android.hardware.wifi@1.0-service: getLinkLayerStats
10-15 22:36:48.410  3957  4129 D WifiStateMachine: fetchRssiLinkSpeedAndFrequencyNative rssi=-45 linkspeed=390 freq=5240
10-15 22:36:48.415  4340  4340 E SignalClusterView: setSlotFocusVisible : subId -2
10-15 22:36:48.415  4340  4340 E SignalClusterView: setSlotFocusVisible : subId -2
10-15 22:36:48.422  3957  4129 D WifiStateMachine:  ConnectedState !RSSI_PKTCNT_FETCH uid=1000 rt=404197565/1064595792 0 0 "ourhome" f4:6d:2f:12:cc:88 rssi=-45 f=5240 sc=60 link=390 tx=4.6, 12.5, 0.0  rx=15.6 bcn=70301 [on:0 tx:0 rx:0 period:8] from screen [on:346625 period:2375398] score=60
10-15 22:36:48.425  3957  4129 D WifiStateMachine:  L2ConnectedState !RSSI_PKTCNT_FETCH uid=1000 rt=404197574/1064595801 0 0 "ourhome" f4:6d:2f:12:cc:88 rssi=-45 f=5240 sc=60 link=390 tx=4.6, 12.5, 0.0  rx=15.6 bcn=70301 [on:0 tx:0 rx:0 period:3] from screen [on:346625 period:2375401] score=60
10-15 22:36:48.432  3957  4129 D WifiStateMachine: fetchRssiLinkSpeedAndFrequencyNative rssi=-45 linkspeed=390 freq=5240
10-15 22:36:48.453 32267 32539 I BatteryMgr:DataCollectionService: stats => 1697402208453,132,4250,143,0,100
10-15 22:36:48.559 32267 32539 I BatteryMgr:DataCollectionService: stats => 1697402208559,132,4250,143,0,100
10-15 22:36:48.669 32267 32539 I BatteryMgr:DataCollectionService: stats => 1697402208669,132,4250,143,0,100
10-15 22:36:48.779 32267 32539 I BatteryMgr:DataCollectionService: stats => 1697402208779,132,4250,143,0,100
10-15 22:36:48.889 32267 32539 I BatteryMgr:DataCollectionService: stats => 1697402208889,132,4250,143,0,100
10-15 22:36:48.998 32267 32539 I BatteryMgr:DataCollectionService: stats => 1697402208998,132,4250,143,0,100
10-15 22:36:49.109 32267 32539 I BatteryMgr:DataCollectionService: stats => 1697402209109,132,4250,143,0,100
10-15 22:36:49.217 32267 32539 I BatteryMgr:DataCollectionService: stats => 1697402209217,132,4250,143,0,100
10-15 22:36:49.327 32267 32539 I BatteryMgr:DataCollectionService: stats => 1697402209327,132,4250,143,0,100
10-15 22:36:49.347  3957  4128 D WifiService: getConnectionInfo uid=1000
10-15 22:36:49.400  3957  4129 D WifiStateMachine:  ConnectedState !RSSI_PKTCNT_FETCH uid=1000 rt=404198548/1064596775 0 0 "ourhome" f4:6d:2f:12:cc:88 rssi=-45 f=5240 sc=60 link=390 tx=4.6, 12.5, 0.0  rx=15.6 bcn=70301 [on:0 tx:0 rx:0 period:974] from screen [on:346625 period:2376375] score=60
10-15 22:36:49.403  3957  4129 D WifiStateMachine:  L2ConnectedState !RSSI_PKTCNT_FETCH uid=1000 rt=404198551/1064596778 0 0 "ourhome" f4:6d:2f:12:cc:88 rssi=-45 f=5240 sc=60 link=390 tx=4.6, 12.5, 0.0  rx=15.6 bcn=70301 [on:0 tx:0 rx:0 period:3] from screen [on:346625 period:2376378] score=60
10-15 22:36:49.405  3957  4129 D WifiStateMachine: fetchRssiLinkSpeedAndFrequencyNative rssi=-49 linkspeed=433 freq=5240
10-15 22:36:49.435 32267 32539 I BatteryMgr:DataCollectionService: stats => 1697402209435,132,4250,143,0,100
10-15 22:36:49.543 32267 32539 I BatteryMgr:DataCollectionService: stats => 1697402209543,132,4250,143,0,100
10-15 22:36:49.650 32267 32539 I BatteryMgr:DataCollectionService: stats => 1697402209650,132,4250,143,0,100
10-15 22:36:49.691 19438 19556 D ScanRecord: Not a Multi Manu data
10-15 22:36:49.755 19438 19556 I chatty  : uid=1002(bluetooth) BT Service Call identical 100 lines
10-15 22:36:49.755 19438 19556 D ScanRecord: Not a Multi Manu data
10-15 22:36:49.756 32267 32539 I BatteryMgr:DataCollectionService: stats => 1697402209756,132,4250,143,0,100
10-15 22:36:49.756 19438 19556 D ScanRecord: Not a Multi Manu data
10-15 22:36:49.853 19438 19556 I chatty  : uid=1002(bluetooth) BT Service Call identical 91 lines
10-15 22:36:49.853 19438 19556 D ScanRecord: Not a Multi Manu data
10-15 22:36:49.866 32267 32539 I BatteryMgr:DataCollectionService: stats => 1697402209866,132,4250,143,0,100
10-15 22:36:49.895 19438 19556 D ScanRecord: Not a Multi Manu data
10-15 22:36:49.974 19438 19556 I chatty  : uid=1002(bluetooth) BT Service Call identical 76 lines
10-15 22:36:49.975 19438 19556 D ScanRecord: Not a Multi Manu data
10-15 22:36:49.975 32267 32539 I BatteryMgr:DataCollectionService: stats => 1697402209975,132,4250,143,0,100
10-15 22:36:49.979 19438 19556 D ScanRecord: Not a Multi Manu data
10-15 22:36:50.052 19438 19556 I chatty  : uid=1002(bluetooth) BT Service Call identical 102 lines
10-15 22:36:50.052 19438 19556 D ScanRecord: Not a Multi Manu data
10-15 22:36:50.082 32267 32539 I BatteryMgr:DataCollectionService: stats => 1697402210082,132,4250,143,0,100
10-15 22:36:50.087 19438 19556 D ScanRecord: Not a Multi Manu data
10-15 22:36:50.176 19438 19556 I chatty  : uid=1002(bluetooth) BT Service Call identical 115 lines
10-15 22:36:50.177 19438 19556 D ScanRecord: Not a Multi Manu data
10-15 22:36:50.193 32267 32539 I BatteryMgr:DataCollectionService: stats => 1697402210193,132,4250,143,0,100
10-15 22:36:50.301 32267 32539 I BatteryMgr:DataCollectionService: stats => 1697402210301,132,4250,143,0,100
10-15 22:36:50.349  3957  4128 D WifiService: getConnectionInfo uid=1000
10-15 22:36:50.386  3957  4030 D SensorService: [SO] 0.134 -0.081 9.960
10-15 22:36:50.399  3957  4129 D WifiStateMachine:  ConnectedState !RSSI_PKTCNT_FETCH uid=1000 rt=404199548/1064597776 0 0 "ourhome" f4:6d:2f:12:cc:88 rssi=-49 f=5240 sc=60 link=433 tx=4.6, 12.5, 0.0  rx=15.6 bcn=70301 [on:0 tx:0 rx:0 period:997] from screen [on:346625 period:2377375] score=60
10-15 22:36:50.400  3957  4129 D WifiStateMachine:  L2ConnectedState !RSSI_PKTCNT_FETCH uid=1000 rt=404199550/1064597777 0 0 "ourhome" f4:6d:2f:12:cc:88 rssi=-49 f=5240 sc=60 link=433 tx=4.6, 12.5, 0.0  rx=15.6 bcn=70301 [on:0 tx:0 rx:0 period:1] from screen [on:346625 period:2377376] score=60
10-15 22:36:50.407  3957  4129 D WifiStateMachine: fetchRssiLinkSpeedAndFrequencyNative rssi=-46 linkspeed=433 freq=5240
10-15 22:36:50.410 32267 32539 I BatteryMgr:DataCollectionService: stats => 1697402210410,132,4250,143,0,100
10-15 22:36:50.518 32267 32539 I BatteryMgr:DataCollectionService: stats => 1697402210518,132,4250,143,0,100
10-15 22:36:50.626 32267 32539 I BatteryMgr:DataCollectionService: stats => 1697402210626,132,4250,143,0,100
10-15 22:36:50.667  4961  4961 D io_stats: !@ 179,0 r 5339105 165702196 w 1293370 28094640 d 102233 31671516 f 299361 316036 iot 2373588 2097208 th 51200 0 0 pt 0 inp 0 0 404199.817
10-15 22:36:50.734 32267 32539 I BatteryMgr:DataCollectionService: stats => 1697402210734,132,4250,143,0,100
10-15 22:36:50.842 32267 32539 I BatteryMgr:DataCollectionService: stats => 1697402210842,132,4250,143,0,100
10-15 22:36:50.905  3957  6478 D SSRM:k  : SIOP:: AP = 370, PST = 358 (W:30), BAT = 297, USB = 0, CHG = 0
10-15 22:36:50.951 32267 32539 I BatteryMgr:DataCollectionService: stats => 1697402210951,132,4250,143,0,100
10-15 22:36:51.059 32267 32539 I BatteryMgr:DataCollectionService: stats => 1697402211059,132,4250,143,0,100
10-15 22:36:51.168 32267 32539 I BatteryMgr:DataCollectionService: stats => 1697402211167,132,4250,143,0,100
10-15 22:36:51.279 32267 32539 I BatteryMgr:DataCollectionService: stats => 1697402211279,132,4250,143,0,100
10-15 22:36:51.352  3957  4128 D WifiService: getConnectionInfo uid=1000
10-15 22:36:51.394 32267 32539 I BatteryMgr:DataCollectionService: stats => 1697402211393,132,4250,143,0,100
10-15 22:36:51.400  3957  4129 D WifiStateMachine:  ConnectedState !RSSI_PKTCNT_FETCH uid=1000 rt=404200549/1064598777 0 0 "ourhome" f4:6d:2f:12:cc:88 rssi=-46 f=5240 sc=60 link=433 tx=4.6, 12.5, 0.0  rx=15.6 bcn=70301 [on:0 tx:0 rx:0 period:1000] from screen [on:346625 period:2378376] score=60
10-15 22:36:51.403  3957  4129 D WifiStateMachine:  L2ConnectedState !RSSI_PKTCNT_FETCH uid=1000 rt=404200551/1064598779 0 0 "ourhome" f4:6d:2f:12:cc:88 rssi=-46 f=5240 sc=60 link=433 tx=4.6, 12.5, 0.0  rx=15.6 bcn=70301 [on:0 tx:0 rx:0 period:3] from screen [on:346625 period:2378379] score=60
10-15 22:36:51.411  3957  4129 D WifiStateMachine: fetchRssiLinkSpeedAndFrequencyNative rssi=-44 linkspeed=433 freq=5240
10-15 22:36:51.420  3957  4129 D WifiStateMachine:  ConnectedState !CMD_RSSI_POLL rt=404200567/1064598795 52 0 "ourhome" f4:6d:2f:12:cc:88 rssi=-44 f=5240 sc=60 link=433 tx=4.6, 12.5, 0.0  rx=15.6 bcn=70301 [on:0 tx:0 rx:0 period:16] from screen [on:346625 period:2378395] score=60
10-15 22:36:51.422  3957  4129 D WifiStateMachine:  L2ConnectedState !CMD_RSSI_POLL rt=404200571/1064598798 52 0 "ourhome" f4:6d:2f:12:cc:88 rssi=-44 f=5240 sc=60 link=433 tx=4.6, 12.5, 0.0  rx=15.6 bcn=70301 [on:0 tx:0 rx:0 period:3] from screen [on:346625 period:2378398] score=60
10-15 22:36:51.422  3957  4129 D WifiStateMachine:  get link layer stats 3
10-15 22:36:51.423  3436  3436 I android.hardware.wifi@1.0-service: getLinkLayerStats
10-15 22:36:51.441  3957  4129 D WifiStateMachine: fetchRssiLinkSpeedAndFrequencyNative rssi=-44 linkspeed=433 freq=5240
10-15 22:36:51.447  4340  4340 E SignalClusterView: setSlotFocusVisible : subId -2
10-15 22:36:51.447  4340  4340 E SignalClusterView: setSlotFocusVisible : subId -2
10-15 22:36:51.503 32267 32539 I BatteryMgr:DataCollectionService: stats => 1697402211503,132,4250,143,0,100
10-15 22:36:51.613 32267 32539 I BatteryMgr:DataCollectionService: stats => 1697402211613,132,4250,143,0,100
10-15 22:36:51.725 32267 32539 I BatteryMgr:DataCollectionService: stats => 1697402211725,132,4250,143,0,100
10-15 22:36:51.833 32267 32539 I BatteryMgr:DataCollectionService: stats => 1697402211833,132,4250,143,0,100
10-15 22:36:51.939 32267 32539 I BatteryMgr:DataCollectionService: stats => 1697402211938,132,4250,143,0,100
10-15 22:36:52.045 32267 32539 I BatteryMgr:DataCollectionService: stats => 1697402212045,132,4250,143,0,100
10-15 22:36:52.152 32267 32539 I BatteryMgr:DataCollectionService: stats => 1697402212151,132,4250,143,0,100
10-15 22:36:52.260 32267 32539 I BatteryMgr:DataCollectionService: stats => 1697402212260,132,4250,143,0,100
10-15 22:36:52.354  3957  4128 D WifiService: getConnectionInfo uid=1000
10-15 22:36:52.367 32267 32539 I BatteryMgr:DataCollectionService: stats => 1697402212367,132,4250,143,0,100
10-15 22:36:52.402  3957  4129 D WifiStateMachine:  ConnectedState !RSSI_PKTCNT_FETCH uid=1000 rt=404201551/1064599779 0 0 "ourhome" f4:6d:2f:12:cc:88 rssi=-44 f=5240 sc=60 link=433 tx=5.5, 4.5, 0.0  rx=26.7 bcn=70326 [on:0 tx:0 rx:0 period:957] from screen [on:347292 period:2379378] score=60
10-15 22:36:52.404  3957  4129 D WifiStateMachine:  L2ConnectedState !RSSI_PKTCNT_FETCH uid=1000 rt=404201553/1064599781 0 0 "ourhome" f4:6d:2f:12:cc:88 rssi=-44 f=5240 sc=60 link=433 tx=5.5, 4.5, 0.0  rx=26.7 bcn=70326 [on:0 tx:0 rx:0 period:2] from screen [on:347292 period:2379380] score=60
10-15 22:36:52.406  3957  4129 D WifiStateMachine: fetchRssiLinkSpeedAndFrequencyNative rssi=-44 linkspeed=433 freq=5240
10-15 22:36:52.477 32267 32539 I BatteryMgr:DataCollectionService: stats => 1697402212477,132,4250,143,0,100
10-15 22:36:52.585 32267 32539 I BatteryMgr:DataCollectionService: stats => 1697402212585,132,4250,143,0,100
10-15 22:36:52.694 32267 32539 I BatteryMgr:DataCollectionService: stats => 1697402212693,132,4250,143,0,100
10-15 22:36:52.798 32267 32539 I BatteryMgr:DataCollectionService: stats => 1697402212798,132,4250,143,0,100
10-15 22:36:52.827  3957  4416 E Watchdog: !@Sync 13468 [2023-10-15 22:36:52.826]
10-15 22:36:52.908 32267 32539 I BatteryMgr:DataCollectionService: stats => 1697402212908,132,4250,143,0,100
10-15 22:36:53.018 32267 32539 I BatteryMgr:DataCollectionService: stats => 1697402213018,132,4250,143,0,100
10-15 22:36:53.126 32267 32539 I BatteryMgr:DataCollectionService: stats => 1697402213126,132,4250,143,0,100
10-15 22:36:53.235 32267 32539 I BatteryMgr:DataCollectionService: stats => 1697402213235,132,4250,143,0,100
10-15 22:36:53.344 32267 32539 I BatteryMgr:DataCollectionService: stats => 1697402213344,132,4250,143,0,100
10-15 22:36:53.356  3957  4128 D WifiService: getConnectionInfo uid=1000
10-15 22:36:53.403  3957  4129 D WifiStateMachine:  ConnectedState !RSSI_PKTCNT_FETCH uid=1000 rt=404202552/1064600780 0 0 "ourhome" f4:6d:2f:12:cc:88 rssi=-44 f=5240 sc=60 link=433 tx=5.5, 4.5, 0.0  rx=26.7 bcn=70326 [on:0 tx:0 rx:0 period:999] from screen [on:347292 period:2380379] score=60
10-15 22:36:53.407  3957  4129 D WifiStateMachine:  L2ConnectedState !RSSI_PKTCNT_FETCH uid=1000 rt=404202554/1064600782 0 0 "ourhome" f4:6d:2f:12:cc:88 rssi=-44 f=5240 sc=60 link=433 tx=5.5, 4.5, 0.0  rx=26.7 bcn=70326 [on:0 tx:0 rx:0 period:2] from screen [on:347292 period:2380381] score=60
10-15 22:36:53.414  3957  4129 D WifiStateMachine: fetchRssiLinkSpeedAndFrequencyNative rssi=-43 linkspeed=433 freq=5240
10-15 22:36:53.449 32267 32539 I BatteryMgr:DataCollectionService: stats => 1697402213449,132,4250,143,0,100
10-15 22:36:53.556 32267 32539 I BatteryMgr:DataCollectionService: stats => 1697402213555,132,4250,143,0,100
10-15 22:36:53.661 32267 32539 I BatteryMgr:DataCollectionService: stats => 1697402213661,132,4250,143,0,100
10-15 22:36:53.767 32267 32539 I BatteryMgr:DataCollectionService: stats => 1697402213766,132,4250,143,0,100
10-15 22:36:53.874 32267 32539 I BatteryMgr:DataCollectionService: stats => 1697402213874,132,4250,143,0,100
10-15 22:36:53.983 32267 32539 I BatteryMgr:DataCollectionService: stats => 1697402213982,132,4250,143,0,100
10-15 22:36:54.091 32267 32539 I BatteryMgr:DataCollectionService: stats => 1697402214091,132,4250,143,0,100
10-15 22:36:54.199 32267 32539 I BatteryMgr:DataCollectionService: stats => 1697402214199,132,4250,143,0,100
10-15 22:36:54.308 32267 32539 I BatteryMgr:DataCollectionService: stats => 1697402214308,132,4250,143,0,100
10-15 22:36:54.359  3957  4128 D WifiService: getConnectionInfo uid=1000
10-15 22:36:54.404  3957  4129 D WifiStateMachine:  ConnectedState !RSSI_PKTCNT_FETCH uid=1000 rt=404203553/1064601781 0 0 "ourhome" f4:6d:2f:12:cc:88 rssi=-43 f=5240 sc=60 link=433 tx=5.5, 4.5, 0.0  rx=26.7 bcn=70326 [on:0 tx:0 rx:0 period:999] from screen [on:347292 period:2381380] score=60
10-15 22:36:54.406  3957  4129 D WifiStateMachine:  L2ConnectedState !RSSI_PKTCNT_FETCH uid=1000 rt=404203555/1064601783 0 0 "ourhome" f4:6d:2f:12:cc:88 rssi=-43 f=5240 sc=60 link=433 tx=5.5, 4.5, 0.0  rx=26.7 bcn=70326 [on:0 tx:0 rx:0 period:2] from screen [on:347292 period:2381382] score=60
10-15 22:36:54.413  3957  4129 D WifiStateMachine: fetchRssiLinkSpeedAndFrequencyNative rssi=-44 linkspeed=433 freq=5240
10-15 22:36:54.415 32267 32539 I BatteryMgr:DataCollectionService: stats => 1697402214415,132,4250,143,0,100
10-15 22:36:54.446  3957  4129 D WifiStateMachine:  ConnectedState !CMD_RSSI_POLL rt=404203595/1064601822 52 0 "ourhome" f4:6d:2f:12:cc:88 rssi=-44 f=5240 sc=60 link=433 tx=5.5, 4.5, 0.0  rx=26.7 bcn=70326 [on:0 tx:0 rx:0 period:40] from screen [on:347292 period:2381422] score=60
10-15 22:36:54.447  3957  4129 D WifiStateMachine:  L2ConnectedState !CMD_RSSI_POLL rt=404203597/1064601825 52 0 "ourhome" f4:6d:2f:12:cc:88 rssi=-44 f=5240 sc=60 link=433 tx=5.5, 4.5, 0.0  rx=26.7 bcn=70326 [on:0 tx:0 rx:0 period:1] from screen [on:347292 period:2381423] score=60
10-15 22:36:54.447  3957  4129 D WifiStateMachine:  get link layer stats 3
10-15 22:36:54.448  3436  3436 I android.hardware.wifi@1.0-service: getLinkLayerStats
10-15 22:36:54.459  3957  4129 D WifiStateMachine: fetchRssiLinkSpeedAndFrequencyNative rssi=-44 linkspeed=433 freq=5240
10-15 22:36:54.462  4340  4340 E SignalClusterView: setSlotFocusVisible : subId -2
10-15 22:36:54.462  4340  4340 E SignalClusterView: setSlotFocusVisible : subId -2
10-15 22:36:54.522 32267 32539 I BatteryMgr:DataCollectionService: stats => 1697402214522,132,4250,143,0,100
10-15 22:36:54.632 32267 32539 I BatteryMgr:DataCollectionService: stats => 1697402214632,132,4250,143,0,100
10-15 22:36:54.697 19438 19556 D ScanRecord: Not a Multi Manu data
10-15 22:36:54.739 19438 19556 I chatty  : uid=1002(bluetooth) BT Service Call identical 76 lines
10-15 22:36:54.739 19438 19556 D ScanRecord: Not a Multi Manu data
10-15 22:36:54.742 32267 32539 I BatteryMgr:DataCollectionService: stats => 1697402214742,132,4250,143,0,100
10-15 22:36:54.744 19438 19556 D ScanRecord: Not a Multi Manu data
10-15 22:36:54.852 19438 19556 I chatty  : uid=1002(bluetooth) BT Service Call identical 141 lines
10-15 22:36:54.852 19438 19556 D ScanRecord: Not a Multi Manu data
10-15 22:36:54.854 32267 32539 I BatteryMgr:DataCollectionService: stats => 1697402214854,132,4250,143,0,100
10-15 22:36:54.855 19438 19556 D ScanRecord: Not a Multi Manu data
10-15 22:36:54.884 19438 19556 I chatty  : uid=1002(bluetooth) BT Service Call identical 37 lines
10-15 22:36:54.884 19438 19556 D ScanRecord: Not a Multi Manu data
10-15 22:36:54.899  3957  4306 D WifiConnectivityMonitor:  [] [|207]
10-15 22:36:54.916 19438 19556 D ScanRecord: Not a Multi Manu data
10-15 22:36:54.957 19438 19556 I chatty  : uid=1002(bluetooth) BT Service Call identical 76 lines
10-15 22:36:54.958 19438 19556 D ScanRecord: Not a Multi Manu data
10-15 22:36:54.963 32267 32539 I BatteryMgr:DataCollectionService: stats => 1697402214963,132,4250,143,0,100
10-15 22:36:54.966 19438 19556 D ScanRecord: Not a Multi Manu data
10-15 22:36:55.067 19438 19556 I chatty  : uid=1002(bluetooth) BT Service Call identical 180 lines
10-15 22:36:55.067 19438 19556 D ScanRecord: Not a Multi Manu data
10-15 22:36:55.070 32267 32539 I BatteryMgr:DataCollectionService: stats => 1697402215070,132,4250,143,0,100
10-15 22:36:55.071 19438 19556 D ScanRecord: Not a Multi Manu data
10-15 22:36:55.176 19438 19556 I chatty  : uid=1002(bluetooth) BT Service Call identical 206 lines
10-15 22:36:55.176 19438 19556 D ScanRecord: Not a Multi Manu data
10-15 22:36:55.179 32267 32539 I BatteryMgr:DataCollectionService: stats => 1697402215179,132,4250,143,0,100
10-15 22:36:55.287 32267 32539 I BatteryMgr:DataCollectionService: stats => 1697402215287,132,4250,143,0,100
10-15 22:36:55.362  3957  4128 D WifiService: getConnectionInfo uid=1000
10-15 22:36:55.398 32267 32539 I BatteryMgr:DataCollectionService: stats => 1697402215398,132,4250,143,0,100
10-15 22:36:55.405  3957  4129 D WifiStateMachine:  ConnectedState !RSSI_PKTCNT_FETCH uid=1000 rt=404204554/1064602782 0 0 "ourhome" f4:6d:2f:12:cc:88 rssi=-44 f=5240 sc=60 link=433 tx=2.0, 1.7, 0.0  rx=12.3 bcn=70352 [on:0 tx:0 rx:0 period:943] from screen [on:347479 period:2382381] score=60
10-15 22:36:55.406  3957  4129 D WifiStateMachine:  L2ConnectedState !RSSI_PKTCNT_FETCH uid=1000 rt=404204556/1064602783 0 0 "ourhome" f4:6d:2f:12:cc:88 rssi=-44 f=5240 sc=60 link=433 tx=2.0, 1.7, 0.0  rx=12.3 bcn=70352 [on:0 tx:0 rx:0 period:1] from screen [on:347479 period:2382382] score=60
10-15 22:36:55.412  3957  4129 D WifiStateMachine: fetchRssiLinkSpeedAndFrequencyNative rssi=-45 linkspeed=433 freq=5240
10-15 22:36:55.506 32267 32539 I BatteryMgr:DataCollectionService: stats => 1697402215506,132,4250,143,0,100
10-15 22:36:55.614 32267 32539 I BatteryMgr:DataCollectionService: stats => 1697402215614,132,4250,143,0,100
10-15 22:36:55.671  4961  4961 D io_stats: !@ 179,0 r 5339107 165702232 w 1293385 28094860 d 102234 31671520 f 299362 316037 iot 2373600 2097215 th 51200 0 0 pt 0 inp 0 0 404204.820
10-15 22:36:55.721 32267 32539 I BatteryMgr:DataCollectionService: stats => 1697402215721,132,4250,143,0,100
10-15 22:36:55.832 32267 32539 I BatteryMgr:DataCollectionService: stats => 1697402215831,132,4250,143,0,100
10-15 22:36:55.940 32267 32539 I BatteryMgr:DataCollectionService: stats => 1697402215939,132,4250,143,0,100
10-15 22:36:56.048 32267 32539 I BatteryMgr:DataCollectionService: stats => 1697402216048,132,4250,143,0,100
10-15 22:36:56.156 32267 32539 I BatteryMgr:DataCollectionService: stats => 1697402216155,132,4250,143,0,100
10-15 22:36:56.264 32267 32539 I BatteryMgr:DataCollectionService: stats => 1697402216264,132,4250,143,0,100
10-15 22:36:56.365  3957  4128 D WifiService: getConnectionInfo uid=1000
10-15 22:36:56.377 32267 32539 I BatteryMgr:DataCollectionService: stats => 1697402216377,132,4250,143,0,100
10-15 22:36:56.408  3957  4129 D WifiStateMachine:  ConnectedState !RSSI_PKTCNT_FETCH uid=1000 rt=404205556/1064603784 0 0 "ourhome" f4:6d:2f:12:cc:88 rssi=-45 f=5240 sc=60 link=433 tx=2.0, 1.7, 0.0  rx=12.3 bcn=70352 [on:0 tx:0 rx:0 period:1002] from screen [on:347479 period:2383384] score=60
10-15 22:36:56.410  3957  4129 D WifiStateMachine:  L2ConnectedState !RSSI_PKTCNT_FETCH uid=1000 rt=404205559/1064603787 0 0 "ourhome" f4:6d:2f:12:cc:88 rssi=-45 f=5240 sc=60 link=433 tx=2.0, 1.7, 0.0  rx=12.3 bcn=70352 [on:0 tx:0 rx:0 period:2] from screen [on:347479 period:2383386] score=60
10-15 22:36:56.412  3957  4129 D WifiStateMachine: fetchRssiLinkSpeedAndFrequencyNative rssi=-44 linkspeed=433 freq=5240
10-15 22:36:56.483 32267 32539 I BatteryMgr:DataCollectionService: stats => 1697402216483,132,4250,143,0,100
10-15 22:36:56.597 32267 32539 I BatteryMgr:DataCollectionService: stats => 1697402216597,132,4250,143,0,100
10-15 22:36:56.704 32267 32539 I BatteryMgr:DataCollectionService: stats => 1697402216704,132,4250,143,0,100
10-15 22:36:56.814 32267 32539 I BatteryMgr:DataCollectionService: stats => 1697402216814,132,4250,143,0,100
10-15 22:36:56.922 32267 32539 I BatteryMgr:DataCollectionService: stats => 1697402216922,132,4250,143,0,100
10-15 22:36:57.030 32267 32539 I BatteryMgr:DataCollectionService: stats => 1697402217030,132,4250,143,0,100
10-15 22:36:57.138 32267 32539 I BatteryMgr:DataCollectionService: stats => 1697402217138,132,4250,143,0,100
