10-22 19:31:58.771  3599  3918 D DnsProxyListener: DNSDBG::dns addrinfo af 0
10-22 19:31:58.771 24637 24682 W linker  : "/data/app/org.mozilla.fenix-iWpGOrf8cry6RDpwHyQugA==/lib/arm64/libmozglue.so" unused DT entry: type 0x8000024 arg 0x38f70
10-22 19:31:58.772  3599  3918 D DnsProxyListener: DNSDBG::dns addrinfo af 0
10-22 19:31:58.772 24637 24682 W linker  : "/data/app/org.mozilla.fenix-iWpGOrf8cry6RDpwHyQugA==/lib/arm64/libmozglue.so" unused DT entry: type 0x8000023 arg 0x1f8
10-22 19:31:58.772 24637 24682 W linker  : "/data/app/org.mozilla.fenix-iWpGOrf8cry6RDpwHyQugA==/lib/arm64/libmozglue.so" unused DT entry: type 0x8000025 arg 0x8
10-22 19:31:58.773  3599  3918 D DnsProxyListener: DNSDBG::dns addrinfo af 0
10-22 19:31:58.775 24491 24491 V InputMethodManager: Starting input: tba=android.view.inputmethod.EditorInfo@79c980f nm : org.mozilla.fenix ic=null
10-22 19:31:58.775  3957  5414 D ConnectivityService: filterNetworkStateForUid() uid: 10169 networkInfo: [type: WIFI[] - WIFI, state: CONNECTED/CONNECTED, reason: (unspecified), extra: "ourhome", failover: false, available: true, roaming: false, metered: false]
10-22 19:31:58.776 24637 24682 I GeckoLoader: Library base=/data/app/org.mozilla.fenix-iWpGOrf8cry6RDpwHyQugA==/lib/arm64
10-22 19:31:58.776  3957  5414 D WifiService: getConnectionInfo uid=1000
10-22 19:31:58.776 24637 24682 I GeckoLoader: Library base=/data/app/org.mozilla.fenix-iWpGOrf8cry6RDpwHyQugA==/lib/arm64
10-22 19:31:58.776  3957  5414 I chatty  : uid=1000(system) Binder:3957_E identical 1 line
10-22 19:31:58.776  3957  5414 D WifiService: getConnectionInfo uid=1000
10-22 19:31:58.777  3957  5414 D ConnectivityService: filterNetworkStateForUid() uid: 10169 networkInfo: [type: WIFI[] - WIFI, state: CONNECTED/CONNECTED, reason: (unspecified), extra: "ourhome", failover: false, available: true, roaming: false, metered: false]
10-22 19:31:58.777  3957  5414 D WifiService: getConnectionInfo uid=1000
10-22 19:31:58.778  3447  3447 I SurfaceFlinger: Display 0 HWC layers:
10-22 19:31:58.778  3447  3447 I SurfaceFlinger:     type    |    handle    | flag |  format   |   source crop (l,t,r,b)    |         frame       | name 
10-22 19:31:58.778  3447  3447 I SurfaceFlinger: ------------+--------------+------+-----------+----------------------------+---------------------+------
10-22 19:31:58.778  3447  3447 I SurfaceFlinger:      Device | 0x7ea5024900 | 0000 | RGBA_8888 |   0.0    0.0  720.0 1280.0 |    0    0  720 1280 | org.mozilla.fenix/org.mozilla.fenix.App#0
10-22 19:31:58.778  3447  3447 I SurfaceFlinger:      Device | 0x7e9ed37d80 | 0000 | RGBA_8888 |   0.0    0.0  720.0 1280.0 |    0    0  720 1280 | Splash Screen org.mozilla.fenix#0
10-22 19:31:58.778  3447  3447 I SurfaceFlinger:      Device | 0x7ea50243c0 | 0000 | RGBA_8888 |   0.0    0.0  720.0   42.0 |    0    0  720   42 | StatusBar#0
10-22 19:31:58.778  3447  3447 I SurfaceFlinger: 
10-22 19:31:58.780 24637 24682 E GeckoLibLoad: Load sqlite start
10-22 19:31:58.780  3599  3918 D DnsProxyListener: DNSDBG::dns addrinfo af 0
10-22 19:31:58.784 24637 24682 W linker  : "/data/app/org.mozilla.fenix-iWpGOrf8cry6RDpwHyQugA==/lib/arm64/libnss3.so" unused DT entry: type 0x8000024 arg 0x14998
10-22 19:31:58.784 24637 24682 W linker  : "/data/app/org.mozilla.fenix-iWpGOrf8cry6RDpwHyQugA==/lib/arm64/libnss3.so" unused DT entry: type 0x8000023 arg 0x5c8
10-22 19:31:58.784 24637 24682 W linker  : "/data/app/org.mozilla.fenix-iWpGOrf8cry6RDpwHyQugA==/lib/arm64/libnss3.so" unused DT entry: type 0x8000025 arg 0x8
10-22 19:31:58.786 24637 24682 E GeckoLibLoad: Load sqlite done
10-22 19:31:58.786 24637 24682 I GeckoLoader: Library base=/data/app/org.mozilla.fenix-iWpGOrf8cry6RDpwHyQugA==/lib/arm64
10-22 19:31:58.787 24637 24682 E GeckoLibLoad: Load nss start
10-22 19:31:58.787 24637 24682 E GeckoLibLoad: Load nss done
10-22 19:31:58.787 24637 24682 I GeckoLoader: Library base=/data/app/org.mozilla.fenix-iWpGOrf8cry6RDpwHyQugA==/lib/arm64
10-22 19:31:58.794  3599  3918 D DnsProxyListener: DNSDBG::dns addrinfo af 2
10-22 19:31:58.794 24637 24682 W linker  : "/data/app/org.mozilla.fenix-iWpGOrf8cry6RDpwHyQugA==/lib/arm64/libxul.so" unused DT entry: type 0x8000024 arg 0x539420
10-22 19:31:58.794 24637 24682 W linker  : "/data/app/org.mozilla.fenix-iWpGOrf8cry6RDpwHyQugA==/lib/arm64/libxul.so" unused DT entry: type 0x8000023 arg 0x17d68
10-22 19:31:58.795 24637 24682 W linker  : "/data/app/org.mozilla.fenix-iWpGOrf8cry6RDpwHyQugA==/lib/arm64/libxul.so" unused DT entry: type 0x8000025 arg 0x8
10-22 19:31:58.797 11094 11094 E adbd    : recv: OPEN 00033009 00000000 0042:73 68 65 6C 6C 2C 76 32 2C 54 45 52 4D 3D 78 74 65 72 6D 2D 32 35 36 63 6F 6C 6F 72 2C 72 61 77 3A 67 65 74 70 72 6F 70 20 72 6F 2E 62 75 69 6C 64 2E 76 65 72 73 69 6F 6E 2E 72 65 6C 65 61 73 65 00 
10-22 19:31:58.797 11094 11094 E adbd    : service_to_fd: shell,v2,TERM=xterm-256color,raw:getprop ro.build.version.release
10-22 19:31:58.802  3957  4128 D WifiService: getConnectionInfo uid=1000
10-22 19:31:58.810  3599  3918 D DnsProxyListener: DNSDBG::dns addrinfo af 0
10-22 19:31:58.819 24491 24520 W GeckoEventDispatcher: No listener for GeckoView:PageAction:Update
10-22 19:31:58.819 24637 24682 E GeckoLibLoad: Loaded libs in 32.199115ms total, 12ms(12ms) user, 16ms(16ms) system, 0(0) faults
10-22 19:31:58.820 24637 24682 W GeckoThread: zerdatime 1658300878 - runGecko
10-22 19:31:58.825  3599  3918 D DnsProxyListener: DNSDBG::dns addrinfo af 0
10-22 19:31:58.850 24491 24491 D skia    : approximate: numPoints=40, lengths[39]=620.200073, totalLength=620.200073, segmentPoints[39]=[422.600037,0.000000]
10-22 19:31:58.850 24491 24491 D skia    : approximate: approximation[117]=1.000000, approximation[118]=422.600037, approximation[119]=0.000000
10-22 19:31:58.852 24491 24491 D skia    : approximate: numPoints=4, lengths[3]=3.448155, totalLength=3.448155, segmentPoints[3]=[3.000000,0.100000]
10-22 19:31:58.852 24491 24491 D skia    : approximate: approximation[9]=1.000000, approximation[10]=3.000000, approximation[11]=0.100000
10-22 19:31:58.853 24491 24491 D skia    : approximate: numPoints=37, lengths[36]=722.199951, totalLength=722.199951, segmentPoints[36]=[199.600006,0.000000]
10-22 19:31:58.854 24491 24491 D skia    : approximate: approximation[108]=1.000000, approximation[109]=199.600006, approximation[110]=0.000000
10-22 19:31:58.854 24491 24491 D skia    : approximate: numPoints=3, lengths[2]=2.472497, totalLength=2.472497, segmentPoints[2]=[2.000000,0.100000]
10-22 19:31:58.854 24491 24491 D skia    : approximate: approximation[6]=1.000000, approximation[7]=2.000000, approximation[8]=0.100000
10-22 19:31:58.863 24491 24491 V InputMethodManager: Starting input: tba=android.view.inputmethod.EditorInfo@7449a30 nm : org.mozilla.fenix ic=null
10-22 19:31:58.863 24491 24491 I InputMethodManager: startInputInner - mService.startInputOrWindowGainedFocus
10-22 19:31:58.864  3957  4602 D InputMethodManagerService: startInputOrWindowGainedFocus : startInput 
10-22 19:31:58.864  3957  4602 D InputMethodManagerService: setCurrentInputInfo - inputContext : null eidtorInfo : android.view.inputmethod.EditorInfo@329bec8 missingMethods : 0
10-22 19:31:58.864  8846  8846 I InputMethodWrapper:  call dispatchStartInputWithToken
10-22 19:31:58.864  8846  8846 I InputMethodService: dispatchStartInputWithToken
10-22 19:31:58.865  8846  8846 I SKBD    : SamsungKeypad [IMI] onStartInput - caller pid : 24491, caller uid : 10169
10-22 19:31:58.869 11094 11094 E adbd    : recv: OPEN 0003300d 00000000 003e:73 68 65 6C 6C 2C 76 32 2C 54 45 52 4D 3D 78 74 65 72 6D 2D 32 35 36 63 6F 6C 6F 72 2C 72 61 77 3A 67 65 74 70 72 6F 70 20 72 6F 2E 62 75 69 6C 64 2E 76 65 72 73 69 6F 6E 2E 73 64 6B 00 
10-22 19:31:58.870 11094 11094 E adbd    : service_to_fd: shell,v2,TERM=xterm-256color,raw:getprop ro.build.version.sdk
10-22 19:31:58.884 24491 24502 I zygote64: Background concurrent copying GC freed 23038(1889KB) AllocSpace objects, 27(652KB) LOS objects, 49% free, 2MB/5MB, paused 1.247ms total 100.792ms
10-22 19:31:58.893  4961  4961 D io_stats: !@ 179,0 r 10123476 332366568 w 2156244 42224188 d 173626 37243088 f 639681 665127 iot 4628196 3988144 th 51200 0 0 pt 0 inp 0 0 602325.478
10-22 19:31:58.906 24637 24682 W AudioCapabilities: Unsupported mime audio/mpeg-L1
10-22 19:31:58.909  3957  4025 I WindowManager: Destroying surface Surface(name=Splash Screen org.mozilla.fenix) called by com.android.server.wm.WindowStateAnimator.destroySurface:2501 com.android.server.wm.WindowStateAnimator.destroySurfaceLocked:985 com.android.server.wm.WindowState.destroyOrSaveSurfaceUnchecked:3670 com.android.server.wm.WindowState.destroySurface:3618 com.android.server.wm.AppWindowToken.destroySurfaces:722 com.android.server.wm.AppWindowToken.destroySurfaces:706 com.android.server.wm.WindowState.onExitAnimationDone:5316 com.android.server.wm.WindowStateAnimator.stepAnimationLocked:550 
10-22 19:31:58.909  3447  3488 I SurfaceFlinger: id=3415 Removed Splash Screen org.mozilla.fenix#0 (4/5)
10-22 19:31:58.911  3447  3447 I SurfaceFlinger: Display 0 HWC layers:
10-22 19:31:58.911  3447  3447 I SurfaceFlinger:     type    |    handle    | flag |  format   |   source crop (l,t,r,b)    |         frame       | name 
10-22 19:31:58.911  3447  3447 I SurfaceFlinger: ------------+--------------+------+-----------+----------------------------+---------------------+------
10-22 19:31:58.911  3447  3447 I SurfaceFlinger:      Device | 0x7ea5024900 | 0000 | RGBA_8888 |   0.0    0.0  720.0 1280.0 |    0    0  720 1280 | org.mozilla.fenix/org.mozilla.fenix.App#0
10-22 19:31:58.911  3447  3447 I SurfaceFlinger:      Device | 0x7ea5024540 | 0000 | RGBA_8888 |   0.0    0.0  720.0   42.0 |    0    0  720   42 | StatusBar#0
10-22 19:31:58.911  3447  3447 I SurfaceFlinger: 
10-22 19:31:58.915 24637 24682 W AudioCapabilities: Unsupported mime audio/mpeg-L2
10-22 19:31:58.919  3447  5168 I SurfaceFlinger: id=3415 Removed Splash Screen org.mozilla.fenix#0 (-2/5)
10-22 19:31:58.923 24637 24682 W AudioCapabilities: Unsupported mime audio/x-ms-wma
10-22 19:31:58.925 24637 24682 W AudioCapabilities: Unsupported mime audio/x-ima
10-22 19:31:58.925  3447  3447 I Layer   : id=3415 onRemoved Splash Screen org.mozilla.fenix#0 
10-22 19:31:58.930 24637 24682 W VideoCapabilities: Unrecognized profile 2130706433 for video/avc
10-22 19:31:58.930 24637 24682 W VideoCapabilities: Unrecognized profile 2130706434 for video/avc
10-22 19:31:58.933 24637 24682 W VideoCapabilities: Unrecognized profile 2130706433 for video/avc
10-22 19:31:58.933 24637 24682 W VideoCapabilities: Unrecognized profile 2130706434 for video/avc
10-22 19:31:58.934 11094 11094 E adbd    : recv: OPEN 00033011 00000000 0042:73 68 65 6C 6C 2C 76 32 2C 54 45 52 4D 3D 78 74 65 72 6D 2D 32 35 36 63 6F 6C 6F 72 2C 72 61 77 3A 67 65 74 70 72 6F 70 20 72 6F 2E 62 75 69 6C 64 2E 76 65 72 73 69 6F 6E 2E 72 65 6C 65 61 73 65 00 
10-22 19:31:58.934 11094 11094 E adbd    : service_to_fd: shell,v2,TERM=xterm-256color,raw:getprop ro.build.version.release
10-22 19:31:58.950 24637 24682 W VideoCapabilities: Unrecognized profile 2130706433 for video/avc
10-22 19:31:58.950 24637 24682 W VideoCapabilities: Unrecognized profile 2130706434 for video/avc
10-22 19:31:58.952 24637 24682 W VideoCapabilities: Unsupported mime video/avc-wfd
10-22 19:31:58.966  3957  5414 V WindowManager: Relayout Window{9de2afe u0 org.mozilla.fenix/org.mozilla.fenix.App}: viewVisibility=0 req=720x1280 WM.LayoutParams{(0,0)(fillxfill) sim=#10 ty=1 fl=#81010100 pfl=0x20000 fmt=-3 wanim=0x7f1404fa vsysui=0x2610 needsMenuKey=2 colorMode=0 naviIconColor=0}
10-22 19:31:58.971 24491 24491 D ViewRootImpl@bc73a50[App]: Relayout returned: old=[0,0][720,1280] new=[0,0][720,1280] result=0x1 surface={valid=true 499296161792} changed=false
10-22 19:31:58.990 11094 11094 E adbd    : recv: OPEN 00033015 00000000 003e:73 68 65 6C 6C 2C 76 32 2C 54 45 52 4D 3D 78 74 65 72 6D 2D 32 35 36 63 6F 6C 6F 72 2C 72 61 77 3A 67 65 74 70 72 6F 70 20 72 6F 2E 62 75 69 6C 64 2E 76 65 72 73 69 6F 6E 2E 73 64 6B 00 
10-22 19:31:58.990 11094 11094 E adbd    : service_to_fd: shell,v2,TERM=xterm-256color,raw:getprop ro.build.version.sdk
10-22 19:31:58.999 24637 24682 I VideoCapabilities: Unsupported profile 4 for video/mp4v-es
10-22 19:31:59.008  3957  5414 V WindowManager: rotationForOrientationLw(orient=2, last=0); user=0  sensorRotation=-1 mLidState=-1 mDockMode=0 mHdmiPlugged=false
10-22 19:31:59.015 24491 24491 I DefaultSupportedAddonsChecker: Unregister check for new supported add-ons
10-22 19:31:59.020  3957  5414 V WindowManager: Relayout Window{9de2afe u0 org.mozilla.fenix/org.mozilla.fenix.App}: viewVisibility=0 req=720x1280 WM.LayoutParams{(0,0)(fillxfill) sim=#10 ty=1 fl=#81010100 pfl=0x20000 fmt=-3 wanim=0x7f1404fa vsysui=0x2610 needsMenuKey=2 colorMode=0 naviIconColor=0}
10-22 19:31:59.025 24491 24491 D ViewRootImpl@bc73a50[App]: Relayout returned: old=[0,0][720,1280] new=[0,0][720,1280] result=0x1 surface={valid=true 499296161792} changed=false
10-22 19:31:59.036 24491 24491 I WebExtension: releasePendingMessages: extension=webcompat-reporter@mozilla.org nativeApp=mozacWebcompatReporter session=null
10-22 19:31:59.043 11094 11094 E adbd    : recv: OPEN 00033019 00000000 015d:73 68 65 6C 6C 2C 76 32 2C 54 45 52 4D 3D 78 74 65 72 6D 2D 32 35 36 63 6F 6C 6F 72 2C 72 61 77 3A 61 6D 20 73 74 61 72 74 2D 66 6F 72 65 67 72 6F 75 6E 64 2D 73 65 72 76 69 63 65 20 2D 6E 20 22 63 6F 6D 2E 65 78 61 6D 70 6C 65 2E 62 61 74 74 65 72 79 6D 61 6E 61 67 65 72 5F 75 74 69 6C 69 74 79 2F 63 6F 6D 2E 65 78 61 6D 70 6C 65 2E 62 61 74 74 65 72 79 6D 61 6E 61 67 65 72 5F 75 74 69 6C 69 74 79 2E 44 61 74 61 43 6F 6C 6C 65 63 74 69 6F 6E 53 65 72 76 69 63 65 22 20 2D 2D 65 69 20 73 61 6D 70 6C 65 52 61 74 65 20 31 30 30 20 2D 2D 65 73 20 22 64 61 74 61 46 69 65 6C 64 73 22 20 22 42 41 54 54 45 52 59 5F 50 52 4F 50 45 52 54 59 5F 43 55 52 52 45 4E 54 5F 4E 4F 57 2C 45 58 54 52 41 5F 56 4F 4C 54 41 47 45 2C 42 41 54 54 45 52 59 5F 50 52 4F 50 45 52 54 59 5F 43 55 52 52 45 4E 54 5F 41 56 45 52 41 47 45 2C 42 41 54 54 45 52 59 5F 50 52 4F 50 45 52 54 59 5F 43 48 41 52 47 45 5F 43 4F 55 4E 54 45 52 2C 42 41 54 54 45 52 59 5F 50 52 4F 50 45 52 54 59 5F 43 41 50 41 43 49 54 59
10-22 19:31:59.044 24491 24491 I WebExtension: releasePendingMessages: extension=fxa@mozac.org nativeApp=mozacWebchannelBackground session=null
10-22 19:31:59.044 11094 11094 E adbd    : service_to_fd: shell,v2,TERM=xterm-256color,raw:am start-foreground-service -n "com.example.batterymanager_utility/com.example.batterymanager_utility.DataCollectionService" --ei sampleRate 100 --es "dataFields" "BATTERY_PROPERTY_CURRENT_NOW,EXTRA_VOLTAGE,BATTERY_PROPERTY_CURRENT_AVERAGE,BATTERY_PROPERTY_CHARGE_COUNTER,BATTERY_PROPERTY_CAPACITY" --ez toCSV false
10-22 19:31:59.055 24491 24491 I WebExtension: releasePendingMessages: extension=readerview@mozac.org nativeApp=mozacReaderviewActive session=org.mozilla.geckoview.GeckoSession@b040c17
10-22 19:31:59.055 24491 24491 I WebExtension: releasePendingMessages: extension=readerview@mozac.org nativeApp=mozacReaderview session=org.mozilla.geckoview.GeckoSession@b040c17
10-22 19:31:59.056 24637 24682 W VideoCapabilities: Unrecognized profile/level 1/32 for video/mp4v-es
10-22 19:31:59.056 24637 24682 W VideoCapabilities: Unrecognized profile/level 32768/2 for video/mp4v-es
10-22 19:31:59.056 24637 24682 W VideoCapabilities: Unrecognized profile/level 32768/64 for video/mp4v-es
10-22 19:31:59.056  8860  9195 I FontLog : (REDACTED) Received query %s, URI %s
10-22 19:31:59.058  8860  9195 I FontLog : (REDACTED) Query [%s] resolved to %s
10-22 19:31:59.058 24491 24684 I libglean_ffi: glean_core::upload: Ping f0b516c5-9f40-4c9b-a260-b37e244eb752 successfully sent 200.
10-22 19:31:59.062 24491 24684 I libglean_ffi: glean_core::upload::directory: File was deleted /data/user/0/org.mozilla.fenix/glean_data/pending_pings/f0b516c5-9f40-4c9b-a260-b37e244eb752
10-22 19:31:59.062 24491 24491 I WebExtension: releasePendingMessages: extension=fxa@mozac.org nativeApp=mozacWebchannel session=org.mozilla.geckoview.GeckoSession@b040c17
10-22 19:31:59.062 24637 24682 W VideoCapabilities: Unsupported mime video/wvc1
10-22 19:31:59.065 24491 24491 I SessionPrioritizationMiddleware: Update the currentSelectedTab 7f93960a-d5ab-49b5-96cc-c70672d2a791 priority to HIGH
10-22 19:31:59.065 24637 24682 W VideoCapabilities: Unsupported mime video/x-ms-wmv
10-22 19:31:59.065 24491 24491 I WebExtension: releasePendingMessages: extension=icons@mozac.org nativeApp=MozacBrowserIcons session=org.mozilla.geckoview.GeckoSession@b040c17
10-22 19:31:59.066 24491 24684 I libglean_ffi: glean_core::upload: New upload task with id e1128148-65d0-4fdc-b52e-19e2402e0741 (path: /submit/org-mozilla-fenix/baseline/1/e1128148-65d0-4fdc-b52e-19e2402e0741)
10-22 19:31:59.066 24491 24491 I WebExtension: releasePendingMessages: extension=ads@mozac.org nativeApp=MozacBrowserAdsMessage session=org.mozilla.geckoview.GeckoSession@b040c17
10-22 19:31:59.066 24491 24491 I WebExtension: releasePendingMessages: extension=cookies@mozac.org nativeApp=MozacBrowserSearchMessage session=org.mozilla.geckoview.GeckoSession@b040c17
10-22 19:31:59.068 24637 24682 W VideoCapabilities: Unsupported mime video/x-ms-wmv7
10-22 19:31:59.071 24637 24682 W VideoCapabilities: Unsupported mime video/x-ms-wmv8
10-22 19:31:59.072  8860  9195 I FontLog : (REDACTED) Fetch %s end status %s
10-22 19:31:59.073 24637 24682 W VideoCapabilities: Unsupported mime video/mp43
10-22 19:31:59.087 24637 24682 W AudioCapabilities: Unsupported mime audio/mpeg-L1
10-22 19:31:59.087 24637 24682 W AudioCapabilities: Unsupported mime audio/mpeg-L2
10-22 19:31:59.087 24637 24682 W AudioCapabilities: Unsupported mime audio/x-ms-wma
10-22 19:31:59.087 24637 24682 W AudioCapabilities: Unsupported mime audio/x-ima
10-22 19:31:59.087  8860 22059 I FontLog : (REDACTED) Pulling font file for id = %d, cache size = %d
10-22 19:31:59.090 24637 24682 W VideoCapabilities: Unrecognized profile 2130706433 for video/avc
10-22 19:31:59.090 24637 24682 W VideoCapabilities: Unrecognized profile 2130706434 for video/avc
10-22 19:31:59.092 24491 24520 W ResourceType: Too many attribute references, stopped at: 0x01010099
10-22 19:31:59.094 24637 24682 W VideoCapabilities: Unrecognized profile/level 1/32 for video/mp4v-es
10-22 19:31:59.094 24637 24682 W VideoCapabilities: Unrecognized profile/level 32768/2 for video/mp4v-es
10-22 19:31:59.094 24637 24682 W VideoCapabilities: Unrecognized profile/level 32768/64 for video/mp4v-es
10-22 19:31:59.099  8860 22059 I FontLog : (REDACTED) Pulling font file for id = %d, cache size = %d
10-22 19:31:59.100 24637 24682 W VideoCapabilities: Unsupported mime video/wvc1
10-22 19:31:59.101 24637 24682 W VideoCapabilities: Unsupported mime video/x-ms-wmv
10-22 19:31:59.104 24637 24682 W VideoCapabilities: Unsupported mime video/x-ms-wmv7
10-22 19:31:59.106 24637 24682 W VideoCapabilities: Unsupported mime video/x-ms-wmv8
10-22 19:31:59.108 24637 24682 W VideoCapabilities: Unsupported mime video/mp43
10-22 19:31:59.123 24447 24447 I BatteryMgr:DataCollectionService: onStartCommand: begin
10-22 19:31:59.123 24447 24447 I BatteryMgr:DataCollectionService: onStartCommand: sampleRate => 100
10-22 19:31:59.124 24447 24447 I BatteryMgr:DataCollectionService: onStartCommand: rawFields => Timestamp,BATTERY_PROPERTY_CURRENT_NOW,EXTRA_VOLTAGE,BATTERY_PROPERTY_CURRENT_AVERAGE,BATTERY_PROPERTY_CHARGE_COUNTER,BATTERY_PROPERTY_CAPACITY
10-22 19:31:59.126 24447 24447 I BatteryMgr:DataCollectionService: onStartCommand: notification done
10-22 19:31:59.132 24447 24447 D Notification: allPendingIntents
10-22 19:31:59.133 24447 24447 I BatteryMgr:DataCollectionService: started foreground
10-22 19:31:59.135  3957  3972 D ApplicationPolicy: isStatusBarNotificationAllowedAsUser: packageName = android,userId = 0
10-22 19:31:59.135  3957  3972 D API test: getContainerInfo: value is 
10-22 19:31:59.135  3957  3972 D ApplicationPolicy: isStatusBarNotificationAllowedAsUser: packageName = android,userId = 0
10-22 19:31:59.135  3957  3972 D API test: getContainerInfo: value is 
10-22 19:31:59.135  3957  3972 E NotificationService: Suppressing notification from package by user request.
10-22 19:31:59.136  3957  3972 D ApplicationPolicy: isStatusBarNotificationAllowedAsUser: packageName = com.example.batterymanager_utility,userId = 0
10-22 19:31:59.136  3957  3972 D API test: getContainerInfo: value is 
10-22 19:31:59.136  3957  3972 D ApplicationPolicy: isStatusBarNotificationAllowedAsUser: packageName = com.example.batterymanager_utility,userId = 0
10-22 19:31:59.136  3957  3972 D API test: getContainerInfo: value is 
10-22 19:31:59.139  3957  3957 I AccessibilityManagerService: semOnLightNotification(null), bIsFlashOn : false
10-22 19:31:59.139  3957  3957 D AccessibilityManagerService: Can't use light notification
10-22 19:31:59.140  3957  3957 D AudioService: getStreamVolume 5 index 110
10-22 19:31:59.140 24447 24749 I BatteryMgr:DataCollectionService: collectData: begin
10-22 19:31:59.142  3957  4602 D Notification: allPendingIntents
10-22 19:31:59.142  3957  4602 D Notification: allPendingIntents
10-22 19:31:59.142  4340  4340 D StatusBar: addNotification key=0|com.example.batterymanager_utility|1|null|10170 fullscreen:false
10-22 19:31:59.148 24447 24749 I BatteryMgr:DataCollectionService: stats => 1697995919148,229,4160,223,0,100
10-22 19:31:59.155 11094 11094 E adbd    : recv: OPEN 0003301d 00000000 0042:73 68 65 6C 6C 2C 76 32 2C 54 45 52 4D 3D 78 74 65 72 6D 2D 32 35 36 63 6F 6C 6F 72 2C 72 61 77 3A 67 65 74 70 72 6F 70 20 72 6F 2E 62 75 69 6C 64 2E 76 65 72 73 69 6F 6E 2E 72 65 6C 65 61 73 65 00 
10-22 19:31:59.155 11094 11094 E adbd    : service_to_fd: shell,v2,TERM=xterm-256color,raw:getprop ro.build.version.release
10-22 19:31:59.182 24573 24610 W linker  : "/data/app/org.mozilla.fenix-iWpGOrf8cry6RDpwHyQugA==/lib/arm64/libmozglue.so" unused DT entry: type 0x8000024 arg 0x38f70
10-22 19:31:59.182 24573 24610 W linker  : "/data/app/org.mozilla.fenix-iWpGOrf8cry6RDpwHyQugA==/lib/arm64/libmozglue.so" unused DT entry: type 0x8000023 arg 0x1f8
10-22 19:31:59.182 24573 24610 W linker  : "/data/app/org.mozilla.fenix-iWpGOrf8cry6RDpwHyQugA==/lib/arm64/libmozglue.so" unused DT entry: type 0x8000025 arg 0x8
10-22 19:31:59.186 24573 24610 I GeckoLoader: Library base=/data/app/org.mozilla.fenix-iWpGOrf8cry6RDpwHyQugA==/lib/arm64
10-22 19:31:59.186 24573 24610 I GeckoLoader: Library base=/data/app/org.mozilla.fenix-iWpGOrf8cry6RDpwHyQugA==/lib/arm64
10-22 19:31:59.187 24573 24610 E GeckoLibLoad: Load sqlite start
10-22 19:31:59.188 24491 24520 W AudioCapabilities: Unsupported mime audio/mpeg-L1
10-22 19:31:59.188 24491 24520 W AudioCapabilities: Unsupported mime audio/mpeg-L2
10-22 19:31:59.189 24573 24610 W linker  : "/data/app/org.mozilla.fenix-iWpGOrf8cry6RDpwHyQugA==/lib/arm64/libnss3.so" unused DT entry: type 0x8000024 arg 0x14998
10-22 19:31:59.189 24573 24610 W linker  : "/data/app/org.mozilla.fenix-iWpGOrf8cry6RDpwHyQugA==/lib/arm64/libnss3.so" unused DT entry: type 0x8000023 arg 0x5c8
10-22 19:31:59.189 24573 24610 W linker  : "/data/app/org.mozilla.fenix-iWpGOrf8cry6RDpwHyQugA==/lib/arm64/libnss3.so" unused DT entry: type 0x8000025 arg 0x8
10-22 19:31:59.190 24491 24520 W AudioCapabilities: Unsupported mime audio/x-ms-wma
10-22 19:31:59.191 24573 24610 E GeckoLibLoad: Load sqlite done
10-22 19:31:59.191 24573 24610 I GeckoLoader: Library base=/data/app/org.mozilla.fenix-iWpGOrf8cry6RDpwHyQugA==/lib/arm64
10-22 19:31:59.191 24573 24610 E GeckoLibLoad: Load nss start
10-22 19:31:59.191 24573 24610 E GeckoLibLoad: Load nss done
10-22 19:31:59.191 24573 24610 I GeckoLoader: Library base=/data/app/org.mozilla.fenix-iWpGOrf8cry6RDpwHyQugA==/lib/arm64
10-22 19:31:59.193 24573 24610 W linker  : "/data/app/org.mozilla.fenix-iWpGOrf8cry6RDpwHyQugA==/lib/arm64/libxul.so" unused DT entry: type 0x8000024 arg 0x539420
10-22 19:31:59.193 24573 24610 W linker  : "/data/app/org.mozilla.fenix-iWpGOrf8cry6RDpwHyQugA==/lib/arm64/libxul.so" unused DT entry: type 0x8000023 arg 0x17d68
10-22 19:31:59.193 24573 24610 W linker  : "/data/app/org.mozilla.fenix-iWpGOrf8cry6RDpwHyQugA==/lib/arm64/libxul.so" unused DT entry: type 0x8000025 arg 0x8
10-22 19:31:59.195 24491 24520 W AudioCapabilities: Unsupported mime audio/x-ima
10-22 19:31:59.201 11094 11094 E adbd    : recv: OPEN 00033021 00000000 003e:73 68 65 6C 6C 2C 76 32 2C 54 45 52 4D 3D 78 74 65 72 6D 2D 32 35 36 63 6F 6C 6F 72 2C 72 61 77 3A 67 65 74 70 72 6F 70 20 72 6F 2E 62 75 69 6C 64 2E 76 65 72 73 69 6F 6E 2E 73 64 6B 00 
10-22 19:31:59.201 11094 11094 E adbd    : service_to_fd: shell,v2,TERM=xterm-256color,raw:getprop ro.build.version.sdk
10-22 19:31:59.201 24491 24520 W VideoCapabilities: Unrecognized profile 2130706433 for video/avc
10-22 19:31:59.202 24491 24520 W VideoCapabilities: Unrecognized profile 2130706434 for video/avc
10-22 19:31:59.205 24491 24520 W VideoCapabilities: Unrecognized profile 2130706433 for video/avc
10-22 19:31:59.205 24491 24520 W VideoCapabilities: Unrecognized profile 2130706434 for video/avc
10-22 19:31:59.208  3957  6478 D SSRM:k  : SIOP:: AP = 330, PST = 326 (W:14), BAT = 293, USB = 0, CHG = 0
10-22 19:31:59.214 24573 24610 E GeckoLibLoad: Loaded libs in 22.755077ms total, 8ms(8ms) user, 12ms(16ms) system, 0(0) faults
10-22 19:31:59.214 24573 24610 W GeckoThread: zerdatime 1658301272 - runGecko
10-22 19:31:59.216  4340  4340 D KeyguardUpdateMonitor: handleStatusBarState( false )
10-22 19:31:59.223 24491 24520 W VideoCapabilities: Unrecognized profile 2130706433 for video/avc
10-22 19:31:59.223 24491 24520 W VideoCapabilities: Unrecognized profile 2130706434 for video/avc
10-22 19:31:59.227 24491 24520 W VideoCapabilities: Unsupported mime video/avc-wfd
10-22 19:31:59.236  3957  4089 D MdnieScenarioControlService:  packageName : org.mozilla.fenix    className : org.mozilla.fenix.App
10-22 19:31:59.236  3957  4089 V MdnieScenarioControlService: setUIMode from UI function(3)
10-22 19:31:59.251 24491 24520 I VideoCapabilities: Unsupported profile 4 for video/mp4v-es
10-22 19:31:59.256 24447 24749 I BatteryMgr:DataCollectionService: stats => 1697995919256,229,4160,223,0,100
10-22 19:31:59.274 24491 24520 W VideoCapabilities: Unrecognized profile/level 1/32 for video/mp4v-es
10-22 19:31:59.274 24491 24520 W VideoCapabilities: Unrecognized profile/level 32768/2 for video/mp4v-es
10-22 19:31:59.274 24491 24520 W VideoCapabilities: Unrecognized profile/level 32768/64 for video/mp4v-es
10-22 19:31:59.276 24491 24520 W VideoCapabilities: Unsupported mime video/wvc1
10-22 19:31:59.277 24491 24520 W VideoCapabilities: Unsupported mime video/x-ms-wmv
10-22 19:31:59.279 24491 24520 W VideoCapabilities: Unsupported mime video/x-ms-wmv7
10-22 19:31:59.281 24491 24520 W VideoCapabilities: Unsupported mime video/x-ms-wmv8
10-22 19:31:59.282 24491 24520 W VideoCapabilities: Unsupported mime video/mp43
10-22 19:31:59.287 24491 24520 W AudioCapabilities: Unsupported mime audio/mpeg-L1
10-22 19:31:59.287 24491 24520 W AudioCapabilities: Unsupported mime audio/mpeg-L2
10-22 19:31:59.287 24491 24520 W AudioCapabilities: Unsupported mime audio/x-ms-wma
10-22 19:31:59.287 24491 24520 W AudioCapabilities: Unsupported mime audio/x-ima
10-22 19:31:59.289 24491 24520 W VideoCapabilities: Unrecognized profile 2130706433 for video/avc
10-22 19:31:59.289 24491 24520 W VideoCapabilities: Unrecognized profile 2130706434 for video/avc
10-22 19:31:59.293 24491 24520 W VideoCapabilities: Unrecognized profile/level 1/32 for video/mp4v-es
10-22 19:31:59.293 24491 24520 W VideoCapabilities: Unrecognized profile/level 32768/2 for video/mp4v-es
10-22 19:31:59.293 24491 24520 W VideoCapabilities: Unrecognized profile/level 32768/64 for video/mp4v-es
10-22 19:31:59.293 24491 24520 W VideoCapabilities: Unsupported mime video/wvc1
10-22 19:31:59.294 24491 24520 W VideoCapabilities: Unsupported mime video/x-ms-wmv
10-22 19:31:59.294 24491 24520 W VideoCapabilities: Unsupported mime video/x-ms-wmv7
10-22 19:31:59.295 24491 24520 W VideoCapabilities: Unsupported mime video/x-ms-wmv8
10-22 19:31:59.296 24491 24520 W VideoCapabilities: Unsupported mime video/mp43
10-22 19:31:59.311 24637 24706 D libGLESv2: STS_GLApi : DTS, ODTC are not allowed for Package : org.mozilla.fenix:gpu
10-22 19:31:59.315 24637 24651 V Surface : sf_framedrop debug : 0x4f4c, game : false, logging : 0
10-22 19:31:59.318 24637 24706 D mali_winsys: EGLint new_window_surface(egl_winsys_display *, void *, EGLSurface, EGLConfig, egl_winsys_surface **, egl_color_buffer_format *, EGLBoolean) returns 0x3000,  [720x1238]-format:2
10-22 19:31:59.320 24491 24520 I GeckoSession: zerdatime 1658301378 - chrome startup finished
10-22 19:31:59.330 24491 24684 I libglean_ffi: glean_core::upload: Ping e1128148-65d0-4fdc-b52e-19e2402e0741 successfully sent 200.
10-22 19:31:59.333 24491 24684 I libglean_ffi: glean_core::upload::directory: File was deleted /data/user/0/org.mozilla.fenix/glean_data/pending_pings/e1128148-65d0-4fdc-b52e-19e2402e0741
10-22 19:31:59.334 24491 24684 I libglean_ffi: glean_core::upload: No more pings to upload! You are done.
10-22 19:31:59.337 24491 24491 I GeckoSession: handleMessage GeckoView:PageStart uri=
10-22 19:31:59.338 24491 24568 I WM-WorkerWrapper: Worker result SUCCESS for Work [ id=954eaf2e-55fa-467d-8f2b-aa001dea298e, tags={ mozilla.telemetry.glean.scheduler.PingUploadWorker, mozac_service_glean_ping_upload_worker } ]
10-22 19:31:59.338 24491 24491 I GeckoSession: handleMessage GeckoView:PageStop uri=null
10-22 19:31:59.344 24491 24491 D ConnectivityManager: unregisterNetworkCallback; CallingUid : 10169, CallingPid : 24491
10-22 19:31:59.344  3957  4157 D ConnectivityService: releasing NetworkRequest [ TRACK_DEFAULT id=2306, [ Capabilities: INTERNET&NOT_RESTRICTED&TRUSTED&NOT_VPN] ] (CALLBACK_RELEASED)
10-22 19:31:59.345  3957  4157 D ConnectivityService:  Removing from current network NetworkAgentInfo [WIFI () - 509], leaving 15 requests.
10-22 19:31:59.346  3957  4157 D ConnectivityService: sending notification RELEASED for NetworkRequest [ TRACK_DEFAULT id=2306, [ Capabilities: INTERNET&NOT_RESTRICTED&TRUSTED&NOT_VPN] ]
10-22 19:31:59.348  3957  3957 D CustomFrequencyManagerService: releaseDVFSLockLocked : Getting Lock type frm List : DVFS_MIN_LIMIT  frequency : 1560000  uid : 1000  pid : 3957  tag : AMS_RESUME_TAIL@CPU_MIN@58
10-22 19:31:59.365 24447 24749 I BatteryMgr:DataCollectionService: stats => 1697995919365,229,4160,223,0,100
10-22 19:31:59.369 24491 24491 I GeckoSession: handleMessage GeckoView:PageStart uri=
10-22 19:31:59.381  3599  3918 D DnsProxyListener: DNSDBG::dns addrinfo af 0
10-22 19:31:59.391  3599  3918 I chatty  : uid=0(root) /system/bin/netd identical 4 lines
10-22 19:31:59.392  3599  3918 D DnsProxyListener: DNSDBG::dns addrinfo af 0
10-22 19:31:59.445  3447  3447 I SurfaceFlinger: Display 0 HWC layers:
10-22 19:31:59.445  3447  3447 I SurfaceFlinger:     type    |    handle    | flag |  format   |   source crop (l,t,r,b)    |         frame       | name 
10-22 19:31:59.445  3447  3447 I SurfaceFlinger: ------------+--------------+------+-----------+----------------------------+---------------------+------
10-22 19:31:59.445  3447  3447 I SurfaceFlinger:      Device | 0x7ea5025140 | 0000 | RGBx_8888 |   0.0    0.0  720.0 1238.0 |    0   42  720 1280 | SurfaceView - org.mozilla.fenix/org.mozilla.fenix.App@c8a380a@0#0
10-22 19:31:59.445  3447  3447 I SurfaceFlinger:      Device | 0x7ea5024600 | 0000 | RGBA_8888 |   0.0    0.0  720.0 1280.0 |    0    0  720 1280 | org.mozilla.fenix/org.mozilla.fenix.App#0
10-22 19:31:59.445  3447  3447 I SurfaceFlinger:      Device | 0x7ea50243c0 | 0000 | RGBA_8888 |   0.0    0.0  720.0   42.0 |    0    0  720   42 | StatusBar#0
10-22 19:31:59.445  3447  3447 I SurfaceFlinger: 
10-22 19:31:59.473 24447 24749 I BatteryMgr:DataCollectionService: stats => 1697995919473,229,4160,223,0,100
10-22 19:31:59.481 24491 24520 D GeckoIdleService: Setting timer a day from now
10-22 19:31:59.527 24491 24502 I zygote64: Background concurrent copying GC freed 53348(2MB) AllocSpace objects, 3(60KB) LOS objects, 49% free, 3MB/6MB, paused 2.186ms total 154.438ms
10-22 19:31:59.573  3957  4602 D StorageManagerService: getExternalStorageMountMode : 1
10-22 19:31:59.574  3957  4602 D StorageManagerService: getExternalStorageMountMode : 3
10-22 19:31:59.574  3957  4602 D StorageManagerService: getExternalStorageMountMode : final mountMode=1, uid : 10169, packageName : org.mozilla.fenix
10-22 19:31:59.575  3957  4602 I ApplicationPolicy: isApplicationExternalStorageWhitelisted:org.mozilla.fenix user:0
10-22 19:31:59.575  3957  4602 D ApplicationPolicy: isApplicationExternalStorageWhitelisted: DO is not enabled on user 0. Allowed.
10-22 19:31:59.575  3957  4602 D ActivityManager: package  org.mozilla.fenix, user - 0 is SDcard whitelisted
10-22 19:31:59.575  3957  4602 I ApplicationPolicy: isApplicationExternalStorageBlacklisted:org.mozilla.fenix user:0
10-22 19:31:59.575  3957  4602 D ApplicationPolicy: isApplicationExternalStorageBlacklisted: DO is not enabled on user 0. Allowed.
10-22 19:31:59.591 24821 24821 E Zygote  : isWhitelistProcess - Process is Whitelisted
10-22 19:31:59.591  3957  4602 I ActivityManager: Start proc 24821:org.mozilla.fenix:tab19/u0a169 for service org.mozilla.fenix/org.mozilla.gecko.process.GeckoChildProcessServices$tab19
10-22 19:31:59.591 24821 24821 E libpersona: scanKnoxPersonas
10-22 19:31:59.591 24821 24821 E libpersona: Couldn't open the File - /data/system/users/0/personalist.xml - No such file or directory
10-22 19:31:59.593 24821 24821 W SELinux : SELinux selinux_android_compute_policy_index : Policy Index[2],  Con:u:r:zygote:s0 RAM:SEPF_SM-J720F_8.0.0_0002, [-1 -1 -1 -1 0 1]
10-22 19:31:59.594 24821 24821 I SELinux : SELinux: seapp_context_lookup: seinfo=untrusted, level=s0:c512,c768, pkgname=org.mozilla.fenix:tab19 
10-22 19:31:59.598 24447 24749 I BatteryMgr:DataCollectionService: stats => 1697995919598,229,4160,223,0,100
10-22 19:31:59.615 24821 24821 D TimaKeyStoreProvider: TimaKeyStore is not enabled: cannot add TimaSignature Service and generateKeyPair Service
10-22 19:31:59.615 24821 24821 D ActivityThread: Added TimaKeyStore provider
10-22 19:31:59.618  3957  5414 I ActivityManager: DSS on for org.mozilla.fenix and scale is 1.0
10-22 19:31:59.635  3957  4129 D WifiStateMachine:  ConnectedState !RSSI_PKTCNT_FETCH uid=1000 rt=602326220/1658301692 0 0 "ourhome" f4:6d:2f:12:cc:88 rssi=-41 f=5240 sc=60 link=433 tx=0.7, 0.0, 0.0  rx=2.1 bcn=589554 [on:0 tx:0 rx:0 period:1000] from screen [on:104243 period:863303] score=60
10-22 19:31:59.636  3957  4129 D WifiStateMachine:  L2ConnectedState !RSSI_PKTCNT_FETCH uid=1000 rt=602326221/1658301693 0 0 "ourhome" f4:6d:2f:12:cc:88 rssi=-41 f=5240 sc=60 link=433 tx=0.7, 0.0, 0.0  rx=2.1 bcn=589554 [on:0 tx:0 rx:0 period:1] from screen [on:104243 period:863304] score=60
10-22 19:31:59.638  3957  4129 D WifiStateMachine: fetchRssiLinkSpeedAndFrequencyNative rssi=-48 linkspeed=433 freq=5240
10-22 19:31:59.638  3957  4129 V WifiConfigManager: Updating scan detail cache freq=5240 BSSID=f4:6d:2f:12:cc:88 RSSI=-44 for "ourhome"WPA_PSK
10-22 19:31:59.640 24821 24821 I zygote64: no shared libraies, dex_files: 1
10-22 19:31:59.643  3957  3957 D PreBindingService: handleMessage : 1
10-22 19:31:59.705 24447 24749 I BatteryMgr:DataCollectionService: stats => 1697995919705,-266,4160,57,0,100
10-22 19:31:59.708 24821 24821 I ServiceChildProcess: onCreate
10-22 19:31:59.709 24821 24838 I GeckoThread: preparing to run Gecko
10-22 19:31:59.712 24491 24520 W AudioCapabilities: Unsupported mime audio/mpeg-L1
10-22 19:31:59.712 24491 24520 W AudioCapabilities: Unsupported mime audio/mpeg-L2
10-22 19:31:59.712 24491 24520 W AudioCapabilities: Unsupported mime audio/x-ms-wma
10-22 19:31:59.712 24491 24520 W AudioCapabilities: Unsupported mime audio/x-ima
10-22 19:31:59.713 24491 24520 W VideoCapabilities: Unrecognized profile 2130706433 for video/avc
10-22 19:31:59.713 24821 24838 W linker  : "/data/app/org.mozilla.fenix-iWpGOrf8cry6RDpwHyQugA==/lib/arm64/libmozglue.so" unused DT entry: type 0x8000024 arg 0x38f70
10-22 19:31:59.713 24491 24520 W VideoCapabilities: Unrecognized profile 2130706434 for video/avc
10-22 19:31:59.714 24821 24838 W linker  : "/data/app/org.mozilla.fenix-iWpGOrf8cry6RDpwHyQugA==/lib/arm64/libmozglue.so" unused DT entry: type 0x8000023 arg 0x1f8
10-22 19:31:59.714 24821 24838 W linker  : "/data/app/org.mozilla.fenix-iWpGOrf8cry6RDpwHyQugA==/lib/arm64/libmozglue.so" unused DT entry: type 0x8000025 arg 0x8
10-22 19:31:59.716 24491 24520 W VideoCapabilities: Unrecognized profile/level 1/32 for video/mp4v-es
10-22 19:31:59.716 24491 24520 W VideoCapabilities: Unrecognized profile/level 32768/2 for video/mp4v-es
10-22 19:31:59.716 24491 24520 W VideoCapabilities: Unrecognized profile/level 32768/64 for video/mp4v-es
10-22 19:31:59.717 24491 24520 W VideoCapabilities: Unsupported mime video/wvc1
10-22 19:31:59.717 24491 24520 W VideoCapabilities: Unsupported mime video/x-ms-wmv
10-22 19:31:59.717 24821 24838 I GeckoLoader: Library base=/data/app/org.mozilla.fenix-iWpGOrf8cry6RDpwHyQugA==/lib/arm64
10-22 19:31:59.717 24821 24838 I GeckoLoader: Library base=/data/app/org.mozilla.fenix-iWpGOrf8cry6RDpwHyQugA==/lib/arm64
10-22 19:31:59.718 24491 24520 W VideoCapabilities: Unsupported mime video/x-ms-wmv7
10-22 19:31:59.718 24491 24520 W VideoCapabilities: Unsupported mime video/x-ms-wmv8
10-22 19:31:59.718 24821 24838 E GeckoLibLoad: Load sqlite start
10-22 19:31:59.719 24491 24520 W VideoCapabilities: Unsupported mime video/mp43
10-22 19:31:59.719 24821 24838 W linker  : "/data/app/org.mozilla.fenix-iWpGOrf8cry6RDpwHyQugA==/lib/arm64/libnss3.so" unused DT entry: type 0x8000024 arg 0x14998
10-22 19:31:59.719 24821 24838 W linker  : "/data/app/org.mozilla.fenix-iWpGOrf8cry6RDpwHyQugA==/lib/arm64/libnss3.so" unused DT entry: type 0x8000023 arg 0x5c8
10-22 19:31:59.720 24821 24838 W linker  : "/data/app/org.mozilla.fenix-iWpGOrf8cry6RDpwHyQugA==/lib/arm64/libnss3.so" unused DT entry: type 0x8000025 arg 0x8
10-22 19:31:59.721 24821 24838 E GeckoLibLoad: Load sqlite done
10-22 19:31:59.721 24821 24838 I GeckoLoader: Library base=/data/app/org.mozilla.fenix-iWpGOrf8cry6RDpwHyQugA==/lib/arm64
10-22 19:31:59.721 24821 24838 E GeckoLibLoad: Load nss start
10-22 19:31:59.721 24821 24838 E GeckoLibLoad: Load nss done
10-22 19:31:59.722 24821 24838 I GeckoLoader: Library base=/data/app/org.mozilla.fenix-iWpGOrf8cry6RDpwHyQugA==/lib/arm64
10-22 19:31:59.725 24821 24838 W linker  : "/data/app/org.mozilla.fenix-iWpGOrf8cry6RDpwHyQugA==/lib/arm64/libxul.so" unused DT entry: type 0x8000024 arg 0x539420
10-22 19:31:59.725 24821 24838 W linker  : "/data/app/org.mozilla.fenix-iWpGOrf8cry6RDpwHyQugA==/lib/arm64/libxul.so" unused DT entry: type 0x8000023 arg 0x17d68
10-22 19:31:59.725 24821 24838 W linker  : "/data/app/org.mozilla.fenix-iWpGOrf8cry6RDpwHyQugA==/lib/arm64/libxul.so" unused DT entry: type 0x8000025 arg 0x8
10-22 19:31:59.752  3957  4602 D ConnectivityService: filterNetworkStateForUid() uid: 10169 networkInfo: [type: WIFI[] - WIFI, state: CONNECTED/CONNECTED, reason: (unspecified), extra: "ourhome", failover: false, available: true, roaming: false, metered: false]
10-22 19:31:59.752  3957  4602 D WifiService: getConnectionInfo uid=1000
10-22 19:31:59.755 24821 24838 E GeckoLibLoad: Loaded libs in 33.160692ms total, 16ms(16ms) user, 20ms(20ms) system, 0(0) faults
10-22 19:31:59.755 24821 24838 W GeckoThread: zerdatime 1658301813 - runGecko
10-22 19:31:59.760 24491 24520 D GeckoIdleService: Register idle observer 0x7422eaa568 for 5 seconds
10-22 19:31:59.760 24491 24520 D GeckoIdleService: Register: adjusting next switch from -1 to 5 seconds
10-22 19:31:59.760 24491 24520 D GeckoIdleService: next timeout 4721 msec from now
10-22 19:31:59.760 24491 24520 D GeckoIdleService: SetTimerExpiryIfBefore: next timeout 4721 msec from now
10-22 19:31:59.760 24491 24520 D GeckoIdleService: reset timer expiry to 4731 msec from now
10-22 19:31:59.804  3957  4128 D WifiService: getConnectionInfo uid=1000
10-22 19:31:59.815 24447 24749 I BatteryMgr:DataCollectionService: stats => 1697995919815,-266,4160,57,0,100
10-22 19:31:59.848 24573 24610 W linker  : "/data/app/org.mozilla.fenix-iWpGOrf8cry6RDpwHyQugA==/lib/arm64/libsoftokn3.so" unused DT entry: type 0x8000024 arg 0x2580
10-22 19:31:59.848 24573 24610 W linker  : "/data/app/org.mozilla.fenix-iWpGOrf8cry6RDpwHyQugA==/lib/arm64/libsoftokn3.so" unused DT entry: type 0x8000023 arg 0x70
10-22 19:31:59.848 24573 24610 W linker  : "/data/app/org.mozilla.fenix-iWpGOrf8cry6RDpwHyQugA==/lib/arm64/libsoftokn3.so" unused DT entry: type 0x8000025 arg 0x8
10-22 19:31:59.850 24573 24610 W linker  : "/data/app/org.mozilla.fenix-iWpGOrf8cry6RDpwHyQugA==/lib/arm64/libfreebl3.so" unused DT entry: type 0x8000024 arg 0xe78
10-22 19:31:59.850 24573 24610 W linker  : "/data/app/org.mozilla.fenix-iWpGOrf8cry6RDpwHyQugA==/lib/arm64/libfreebl3.so" unused DT entry: type 0x8000023 arg 0x68
10-22 19:31:59.850 24573 24610 W linker  : "/data/app/org.mozilla.fenix-iWpGOrf8cry6RDpwHyQugA==/lib/arm64/libfreebl3.so" unused DT entry: type 0x8000025 arg 0x8
10-22 19:31:59.897  3599  3918 D DnsProxyListener: DNSDBG::dns addrinfo af 0
10-22 19:31:59.898  3957  4602 I chatty  : uid=1000(system) Binder:3957_7 identical 1 line
10-22 19:31:59.898  3957  4602 D WifiService: getConnectionInfo uid=1000
10-22 19:31:59.903  3599  3918 D DnsProxyListener: DNSDBG::dns addrinfo af 0
10-22 19:31:59.904  3957  4602 D ConnectivityService: filterNetworkStateForUid() uid: 10169 networkInfo: [type: WIFI[] - WIFI, state: CONNECTED/CONNECTED, reason: (unspecified), extra: "ourhome", failover: false, available: true, roaming: false, metered: false]
10-22 19:31:59.904  3957  4602 D WifiService: getConnectionInfo uid=1000
10-22 19:31:59.918  3599  3918 D DnsProxyListener: DNSDBG::dns addrinfo af 0
10-22 19:31:59.924 24447 24749 I BatteryMgr:DataCollectionService: stats => 1697995919924,-266,4160,57,0,100
10-22 19:31:59.929  3599  3918 D DnsProxyListener: DNSDBG::dns addrinfo af 0
10-22 19:31:59.949  3599  3918 D DnsProxyListener: DNSDBG::dns addrinfo af 0
10-22 19:32:00.000  3957  4045 D SamsungAlarmManager: Expired : 8
10-22 19:32:00.000  3957  4045 V SamsungAlarmManager: Sending to uid : 1000 action=android.intent.action.TIME_TICK alarm=Alarm{b1a7255 type 3 when 1658302058 android}
10-22 19:32:00.003  3957  3957 D SamsungAlarmManager: setExact Intent (T:3/F:1/AC:false) 20231022T193259 - CU:1000/CP:3957
10-22 19:32:00.004  4340  4340 D KeyguardUpdateMonitor: received broadcast android.intent.action.TIME_TICK
10-22 19:32:00.004  4340  4340 D KeyguardServiceBoxContainer: refreshTime() 1
10-22 19:32:00.035  4340  4340 D KeyguardUpdateMonitor: handleStatusBarState( false )
10-22 19:32:00.040 24447 24749 I BatteryMgr:DataCollectionService: stats => 1697995920039,-266,4160,57,0,100
10-22 19:32:00.061  3599  3918 D DnsProxyListener: DNSDBG::dns addrinfo af 0
10-22 19:32:00.062  3957  4653 D ConnectivityService: filterNetworkStateForUid() uid: 10169 networkInfo: [type: WIFI[] - WIFI, state: CONNECTED/CONNECTED, reason: (unspecified), extra: "ourhome", failover: false, available: true, roaming: false, metered: false]
10-22 19:32:00.062  3957  4653 D WifiService: getConnectionInfo uid=1000
10-22 19:32:00.063  4340  4340 D KeyguardUpdateMonitor: handleStatusBarState( false )
10-22 19:32:00.104  3957  4653 D BatteryService: !@BatteryListener : batteryPropertiesChanged!
10-22 19:32:00.147 24447 24749 I BatteryMgr:DataCollectionService: stats => 1697995920147,-266,4160,57,0,100
10-22 19:32:00.199  3599  3918 D DnsProxyListener: DNSDBG::dns addrinfo af 0
10-22 19:32:00.259 24447 24749 I BatteryMgr:DataCollectionService: stats => 1697995920259,-266,4160,57,0,100
10-22 19:32:00.367 24447 24749 I BatteryMgr:DataCollectionService: stats => 1697995920367,-266,4160,57,0,100
10-22 19:32:00.434 24491 24491 W GeckoSession: No history entries found.
10-22 19:32:00.476 24447 24749 I BatteryMgr:DataCollectionService: stats => 1697995920476,-266,4160,57,0,100
10-22 19:32:00.596 24447 24749 I BatteryMgr:DataCollectionService: stats => 1697995920595,-266,4160,57,0,100
10-22 19:32:00.637  3957  4129 D WifiStateMachine:  ConnectedState !RSSI_PKTCNT_FETCH uid=1000 rt=602327222/1658302694 0 0 "ourhome" f4:6d:2f:12:cc:88 rssi=-48 f=5240 sc=60 link=433 tx=0.7, 0.0, 0.0  rx=2.1 bcn=589554 [on:0 tx:0 rx:0 period:1001] from screen [on:104243 period:864305] score=60
10-22 19:32:00.638  3957  4129 D WifiStateMachine:  L2ConnectedState !RSSI_PKTCNT_FETCH uid=1000 rt=602327223/1658302695 0 0 "ourhome" f4:6d:2f:12:cc:88 rssi=-48 f=5240 sc=60 link=433 tx=0.7, 0.0, 0.0  rx=2.1 bcn=589554 [on:0 tx:0 rx:0 period:1] from screen [on:104243 period:864306] score=60
10-22 19:32:00.640  3957  4129 D WifiStateMachine: fetchRssiLinkSpeedAndFrequencyNative rssi=-48 linkspeed=433 freq=5240
10-22 19:32:00.640  3957  4129 V WifiConfigManager: Updating scan detail cache freq=5240 BSSID=f4:6d:2f:12:cc:88 RSSI=-46 for "ourhome"WPA_PSK
10-22 19:32:00.715 24447 24749 I BatteryMgr:DataCollectionService: stats => 1697995920715,-266,4160,57,0,100
10-22 19:32:00.734  3957  4129 D WifiStateMachine:  ConnectedState !CMD_RSSI_POLL rt=602327318/1658302791 122 0 "ourhome" f4:6d:2f:12:cc:88 rssi=-48 f=5240 sc=60 link=433 tx=0.7, 0.0, 0.0  rx=2.1 bcn=589554 [on:0 tx:0 rx:0 period:96] from screen [on:104243 period:864402] score=60
10-22 19:32:00.736  3957  4129 D WifiStateMachine:  L2ConnectedState !CMD_RSSI_POLL rt=602327320/1658302792 122 0 "ourhome" f4:6d:2f:12:cc:88 rssi=-48 f=5240 sc=60 link=433 tx=0.7, 0.0, 0.0  rx=2.1 bcn=589554 [on:0 tx:0 rx:0 period:1] from screen [on:104243 period:864403] score=60
10-22 19:32:00.736  3957  4129 D WifiStateMachine:  get link layer stats 3
10-22 19:32:00.737  3436  3436 I android.hardware.wifi@1.0-service: getLinkLayerStats
10-22 19:32:00.745  3957  4129 D WifiStateMachine: fetchRssiLinkSpeedAndFrequencyNative rssi=-49 linkspeed=433 freq=5240
10-22 19:32:00.745  3957  4129 V WifiConfigManager: Updating scan detail cache freq=5240 BSSID=f4:6d:2f:12:cc:88 RSSI=-47 for "ourhome"WPA_PSK
10-22 19:32:00.749  4340  4340 E SignalClusterView: setSlotFocusVisible : subId -2
10-22 19:32:00.749  4340  4340 E SignalClusterView: setSlotFocusVisible : subId -2
10-22 19:32:00.807  3957  4128 D WifiService: getConnectionInfo uid=1000
10-22 19:32:00.831 24447 24749 I BatteryMgr:DataCollectionService: stats => 1697995920830,-266,4160,57,0,100
10-22 19:32:00.957 24447 24749 I BatteryMgr:DataCollectionService: stats => 1697995920957,-266,4160,57,0,100
10-22 19:32:01.066 24447 24749 I BatteryMgr:DataCollectionService: stats => 1697995921066,-266,4160,57,0,100
10-22 19:32:01.179 24447 24749 I BatteryMgr:DataCollectionService: stats => 1697995921179,-266,4160,57,0,100
10-22 19:32:01.292 24447 24749 I BatteryMgr:DataCollectionService: stats => 1697995921291,-266,4160,57,0,100
10-22 19:32:01.404 24447 24749 I BatteryMgr:DataCollectionService: stats => 1697995921403,-266,4160,57,0,100
10-22 19:32:01.511 24447 24749 I BatteryMgr:DataCollectionService: stats => 1697995921511,-266,4160,57,0,100
10-22 19:32:01.625 24447 24749 I BatteryMgr:DataCollectionService: stats => 1697995921625,-266,4160,57,0,100
10-22 19:32:01.626  3957  6478 D WifiService: getConnectionInfo uid=1000
10-22 19:32:01.637  3957  4129 D WifiStateMachine:  ConnectedState !RSSI_PKTCNT_FETCH uid=1000 rt=602328222/1658303695 0 0 "ourhome" f4:6d:2f:12:cc:88 rssi=-49 f=5240 sc=60 link=433 tx=261.9, 3.8, 0.0  rx=302.4 bcn=589581 [on:0 tx:0 rx:0 period:890] from screen [on:106359 period:865305] score=60
10-22 19:32:01.639  3957  4129 D WifiStateMachine:  L2ConnectedState !RSSI_PKTCNT_FETCH uid=1000 rt=602328223/1658303696 0 0 "ourhome" f4:6d:2f:12:cc:88 rssi=-49 f=5240 sc=60 link=433 tx=261.9, 3.8, 0.0  rx=302.4 bcn=589581 [on:0 tx:0 rx:0 period:2] from screen [on:106359 period:865307] score=60
10-22 19:32:01.641  3957  4653 D ConnectivityService: filterNetworkStateForUid() uid: 10169 networkInfo: [type: WIFI[] - WIFI, state: CONNECTED/CONNECTED, reason: (unspecified), extra: "ourhome", failover: false, available: true, roaming: false, metered: false]
10-22 19:32:01.641  3957  4653 D WifiService: getConnectionInfo uid=1000
10-22 19:32:01.648  3957  4129 D WifiStateMachine: fetchRssiLinkSpeedAndFrequencyNative rssi=-43 linkspeed=433 freq=5240
10-22 19:32:01.648  3957  4129 V WifiConfigManager: Updating scan detail cache freq=5240 BSSID=f4:6d:2f:12:cc:88 RSSI=-44 for "ourhome"WPA_PSK
10-22 19:32:01.741 24447 24749 I BatteryMgr:DataCollectionService: stats => 1697995921741,-266,4160,57,0,100
10-22 19:32:01.809  3957  4128 D WifiService: getConnectionInfo uid=1000
10-22 19:32:01.858 24447 24749 I BatteryMgr:DataCollectionService: stats => 1697995921858,-266,4160,57,0,100
10-22 19:32:01.969 24447 24749 I BatteryMgr:DataCollectionService: stats => 1697995921969,-266,4160,57,0,100
10-22 19:32:02.099 24447 24749 I BatteryMgr:DataCollectionService: stats => 1697995922099,-266,4160,57,0,100
10-22 19:32:02.106  3599  3918 D DnsProxyListener: DNSDBG::dns addrinfo af 0
10-22 19:32:02.113  3957  4653 D WifiService: getConnectionInfo uid=1000
10-22 19:32:02.115 24637 24721 E vulkan  : invalid vkGetInstanceProcAddr(VK_NULL_HANDLE, "vkEnumerateInstanceVersion") call
10-22 19:32:02.115 24637 24721 E vulkan  : invalid vkGetInstanceProcAddr(VK_NULL_HANDLE, "vkEnumerateInstanceVersion") call
10-22 19:32:02.135 24637 24721 D vulkan  : searching for layers in '/data/app/org.mozilla.fenix-iWpGOrf8cry6RDpwHyQugA==/lib/arm64'
10-22 19:32:02.137 24637 24721 D vulkan  : searching for layers in '/data/app/org.mozilla.fenix-iWpGOrf8cry6RDpwHyQugA==/base.apk!/lib/arm64-v8a'
10-22 19:32:02.149 24637 24721 D vulkan  : vulkan api version_1_0 1.0.0
10-22 19:32:02.149 24637 24721 D vulkan  : vulkan header version 46
10-22 19:32:02.151  3957  4653 D WifiService: getConnectionInfo uid=1000
