10-22 19:31:57.748  4340 23471 D SystemServicesProxy: updateOverviewLastStackActiveTimeAsync: newTime=1697995917624
10-22 19:31:57.749  3957  4650 D SecContentProvider: query(), uri = 17 selection = isSettingsChangesAllowed
10-22 19:31:57.749  9273  9310 D ScanRecord: Not a Multi Manu data
10-22 19:31:57.749  9273  9310 I chatty  : uid=1002(bluetooth) BT Service Call identical 9 lines
10-22 19:31:57.749  9273  9310 D ScanRecord: Not a Multi Manu data
10-22 19:31:57.749  3957  4650 D SecContentProvider: called from android.uid.systemui:10009
10-22 19:31:57.750  4340  4692 D SystemServicesProxy: updateOverviewLastStackActiveTimeAsync: done.
10-22 19:31:57.752  3957  5414 D PackageManager: getComponentMetadataForIconTray : com.example.batterymanager_utility.MainActivity does not exist in mServices
10-22 19:31:57.752  3957  5414 D PackageManager: getComponentMetadataForIconTray : com.example.batterymanager_utility.MainActivity does not exist in mProviders
10-22 19:31:57.752  3957  5414 D PackageManager: getComponentMetadataForIconTray : com.example.batterymanager_utility.MainActivity does not exist in mReceivers
10-22 19:31:57.753  4340 23471 D ApplicationPackageManager: updateItemMetaDataForFixedIconScale: package: com.example.batterymanager_utility
10-22 19:31:57.754  3957  4650 D PackageManager: getSelectedMetaData : packageName(com.example.batterymanager_utility) or Metadata strings {[Ljava.lang.String;@6d25652}
10-22 19:31:57.754  3957  4025 V WindowManager: finishDrawingLocked: mDrawState=COMMIT_DRAW_PENDING Window{3527eb4 u0 Splash Screen org.mozilla.fenix} in Surface(name=Splash Screen org.mozilla.fenix)
10-22 19:31:57.754  4340 23471 I ApplicationPackageManager: load=com.example.batterymanager_utility, bg=144-144, dr=189-189, forDefault=true, density=0
10-22 19:31:57.756  4340 23471 I ApplicationPackageManager: scaled rate=0.72, size=189, alpha=54, hold=102
10-22 19:31:57.756  4340 23471 D ApplicationPackageManager: iconScale: getScale(): 0.72 getAlpha(): 54
10-22 19:31:57.757  4340 23471 I ApplicationPackageManager: load=com.example.batterymanager_utility-contain, bg=112-112, dr=189-189
10-22 19:31:57.765  9273  9310 D ScanRecord: Not a Multi Manu data
10-22 19:31:57.766  9273  9310 I chatty  : uid=1002(bluetooth) BT Service Call identical 9 lines
10-22 19:31:57.766  9273  9310 D ScanRecord: Not a Multi Manu data
10-22 19:31:57.775  3447  3447 V Surface : sf_framedrop debug : 0x4f4c, game : false, logging : 0
10-22 19:31:57.777 24447 24463 D OpenGLRenderer: eglDestroySurface = 0x74e8ff0880
10-22 19:31:57.780  9273  9310 D ScanRecord: Not a Multi Manu data
10-22 19:31:57.781  9273  9310 I chatty  : uid=1002(bluetooth) BT Service Call identical 9 lines
10-22 19:31:57.781  9273  9310 D ScanRecord: Not a Multi Manu data
10-22 19:31:57.781 24491 24491 I FirebaseApp: Device unlocked: initializing all Firebase APIs for app [DEFAULT]
10-22 19:31:57.784  3957  4025 D TaskSnapshotCache: putSnapshot mTaskId=597 RunningCache size=1
10-22 19:31:57.788  3957  9774 V WindowManager: Relayout Window{6f3663b u0 com.example.batterymanager_utility/com.example.batterymanager_utility.MainActivity}: viewVisibility=8 req=720x1280 WM.LayoutParams{(0,0)(fillxfill) sim=#120 ty=1 fl=#81810100 pfl=0x20000 wanim=0x10302fd vsysui=0x600 needsMenuKey=2 colorMode=0 naviIconColor=0}
10-22 19:31:57.789 24491 24491 I FirebaseInitProvider: FirebaseApp initialization successful
10-22 19:31:57.793  3957  3973 D WindowManager: set systemUiVisibility : systemUiFlags= 0x608 fullscreenStackSysUiFlags= 0x0
10-22 19:31:57.794 24447 24447 D ViewRootImpl@4470b6[MainActivity]: Relayout returned: old=[0,0][720,1280] new=[0,0][720,1280] result=0x5 surface={valid=false 0} changed=true
10-22 19:31:57.794  9273  9310 D ScanRecord: Not a Multi Manu data
10-22 19:31:57.794  9273  9310 D ScanRecord: Not a Multi Manu data
10-22 19:31:57.794  9273  9310 I chatty  : uid=1002(bluetooth) BT Service Call identical 8 lines
10-22 19:31:57.794  9273  9310 D ScanRecord: Not a Multi Manu data
10-22 19:31:57.800  3957  4128 D WifiService: getConnectionInfo uid=1000
10-22 19:31:57.804  9273  9310 D ScanRecord: Not a Multi Manu data
10-22 19:31:57.805  9273  9310 I chatty  : uid=1002(bluetooth) BT Service Call identical 9 lines
10-22 19:31:57.805  9273  9310 D ScanRecord: Not a Multi Manu data
10-22 19:31:57.811  3447  3447 I SurfaceFlinger: Display 0 HWC layers:
10-22 19:31:57.811  3447  3447 I SurfaceFlinger:     type    |    handle    | flag |  format   |   source crop (l,t,r,b)    |         frame       | name 
10-22 19:31:57.811  3447  3447 I SurfaceFlinger: ------------+--------------+------+-----------+----------------------------+---------------------+------
10-22 19:31:57.811  3447  3447 I SurfaceFlinger:      Client |              | 0000 |  Unknown  |  -0.2   -0.2   -0.8   -0.8 |    0    0  720 1280 | animation background stackId=1#0
10-22 19:31:57.811  3447  3447 I SurfaceFlinger:      Client | 0x7e9ecbf480 | 0002 | RGBA_8888 |   0.0    0.0  720.0 1280.0 |    0    0  720 1279 | com.example.batterymanager_utility/c[...]atterymanager_utility.MainActivity#0
10-22 19:31:57.811  3447  3447 I SurfaceFlinger:      Device | 0x7ea5024540 | 0000 | RGBA_8888 |   0.0    0.0  720.0   42.0 |    0    0  720   42 | StatusBar#0
10-22 19:31:57.811  3447  3447 I SurfaceFlinger: 
10-22 19:31:57.818  3957  4089 D MdnieScenarioControlService:  packageName : org.mozilla.fenix    className : org.mozilla.fenix.App
10-22 19:31:57.818  3957  4089 V MdnieScenarioControlService: setUIMode from UI function(3)
10-22 19:31:57.829  9273  9310 D ScanRecord: Not a Multi Manu data
10-22 19:31:57.889  9273  9310 I chatty  : uid=1002(bluetooth) BT Service Call identical 75 lines
10-22 19:31:57.889  9273  9310 D ScanRecord: Not a Multi Manu data
10-22 19:31:57.908 24491 24517 W linker  : "/data/app/org.mozilla.fenix-iWpGOrf8cry6RDpwHyQugA==/lib/arm64/libxul.so" unused DT entry: type 0x8000024 arg 0x539420
10-22 19:31:57.908 24491 24517 W linker  : "/data/app/org.mozilla.fenix-iWpGOrf8cry6RDpwHyQugA==/lib/arm64/libxul.so" unused DT entry: type 0x8000023 arg 0x17d68
10-22 19:31:57.908 24491 24517 W linker  : "/data/app/org.mozilla.fenix-iWpGOrf8cry6RDpwHyQugA==/lib/arm64/libxul.so" unused DT entry: type 0x8000025 arg 0x8
10-22 19:31:57.908 24491 24517 W linker  : "/data/app/org.mozilla.fenix-iWpGOrf8cry6RDpwHyQugA==/lib/arm64/libnss3.so" unused DT entry: type 0x8000024 arg 0x14998
10-22 19:31:57.908 24491 24517 W linker  : "/data/app/org.mozilla.fenix-iWpGOrf8cry6RDpwHyQugA==/lib/arm64/libnss3.so" unused DT entry: type 0x8000023 arg 0x5c8
10-22 19:31:57.908 24491 24517 W linker  : "/data/app/org.mozilla.fenix-iWpGOrf8cry6RDpwHyQugA==/lib/arm64/libnss3.so" unused DT entry: type 0x8000025 arg 0x8
10-22 19:31:57.908 24491 24517 W linker  : "/data/app/org.mozilla.fenix-iWpGOrf8cry6RDpwHyQugA==/lib/arm64/libmozglue.so" unused DT entry: type 0x8000024 arg 0x38f70
10-22 19:31:57.908 24491 24517 W linker  : "/data/app/org.mozilla.fenix-iWpGOrf8cry6RDpwHyQugA==/lib/arm64/libmozglue.so" unused DT entry: type 0x8000023 arg 0x1f8
10-22 19:31:57.908 24491 24517 W linker  : "/data/app/org.mozilla.fenix-iWpGOrf8cry6RDpwHyQugA==/lib/arm64/libmozglue.so" unused DT entry: type 0x8000025 arg 0x8
10-22 19:31:57.909 24491 24517 W linker  : "/data/app/org.mozilla.fenix-iWpGOrf8cry6RDpwHyQugA==/lib/arm64/libmozglue.so" unused DT entry: type 0x8000024 arg 0x38f70
10-22 19:31:57.909 24491 24517 W linker  : "/data/app/org.mozilla.fenix-iWpGOrf8cry6RDpwHyQugA==/lib/arm64/libmozglue.so" unused DT entry: type 0x8000023 arg 0x1f8
10-22 19:31:57.909 24491 24517 W linker  : "/data/app/org.mozilla.fenix-iWpGOrf8cry6RDpwHyQugA==/lib/arm64/libmozglue.so" unused DT entry: type 0x8000025 arg 0x8
10-22 19:31:57.909 24491 24517 W linker  : "/data/app/org.mozilla.fenix-iWpGOrf8cry6RDpwHyQugA==/lib/arm64/libmozglue.so" unused DT entry: type 0x8000024 arg 0x38f70
10-22 19:31:57.910 24491 24517 W linker  : "/data/app/org.mozilla.fenix-iWpGOrf8cry6RDpwHyQugA==/lib/arm64/libmozglue.so" unused DT entry: type 0x8000023 arg 0x1f8
10-22 19:31:57.910 24491 24517 W linker  : "/data/app/org.mozilla.fenix-iWpGOrf8cry6RDpwHyQugA==/lib/arm64/libmozglue.so" unused DT entry: type 0x8000025 arg 0x8
10-22 19:31:57.910 24491 24517 W linker  : "/data/app/org.mozilla.fenix-iWpGOrf8cry6RDpwHyQugA==/lib/arm64/libmozglue.so" unused DT entry: type 0x8000024 arg 0x38f70
10-22 19:31:57.910 24491 24517 W linker  : "/data/app/org.mozilla.fenix-iWpGOrf8cry6RDpwHyQugA==/lib/arm64/libmozglue.so" unused DT entry: type 0x8000023 arg 0x1f8
10-22 19:31:57.910 24491 24517 W linker  : "/data/app/org.mozilla.fenix-iWpGOrf8cry6RDpwHyQugA==/lib/arm64/libmozglue.so" unused DT entry: type 0x8000025 arg 0x8
10-22 19:31:57.917  9273  9310 D ScanRecord: Not a Multi Manu data
10-22 19:31:57.995  9273  9310 I chatty  : uid=1002(bluetooth) BT Service Call identical 86 lines
10-22 19:31:57.995  9273  9310 D ScanRecord: Not a Multi Manu data
10-22 19:31:57.996  3447  3447 I SurfaceFlinger: Display 0 HWC layers:
10-22 19:31:57.996  3447  3447 I SurfaceFlinger:     type    |    handle    | flag |  format   |   source crop (l,t,r,b)    |         frame       | name 
10-22 19:31:57.996  3447  3447 I SurfaceFlinger: ------------+--------------+------+-----------+----------------------------+---------------------+------
10-22 19:31:57.996  3447  3447 I SurfaceFlinger:      Client |              | 0000 |  Unknown  |  -0.2   -0.2   -0.8   -0.8 |    0    0  720 1280 | animation background stackId=1#0
10-22 19:31:57.996  3447  3447 I SurfaceFlinger:      Client | 0x7e9ecbf480 | 0002 | RGBA_8888 |   0.0    0.0  720.0 1280.0 |   16   29  703 1251 | com.example.batterymanager_utility/c[...]atterymanager_utility.MainActivity#0
10-22 19:31:57.996  3447  3447 I SurfaceFlinger:      Client | 0x7e9ed37d80 | 0000 | RGBA_8888 |   0.0    0.0  720.0 1022.0 |   17  305  704 1280 | Splash Screen org.mozilla.fenix#0
10-22 19:31:57.996  3447  3447 I SurfaceFlinger:      Client | 0x7ea5024780 | 0000 | RGBA_8888 |   0.0    0.0  720.0   42.0 |    0    0  720   42 | StatusBar#0
10-22 19:31:57.996  3447  3447 I SurfaceFlinger: 
10-22 19:31:58.013  9273  9310 D ScanRecord: Not a Multi Manu data
10-22 19:31:58.017  9273  9310 I chatty  : uid=1002(bluetooth) BT Service Call identical 20 lines
10-22 19:31:58.017  9273  9310 D ScanRecord: Not a Multi Manu data
10-22 19:31:58.022 24491 24517 I nimbus::stateful::nimbus_client: updating experiment list
10-22 19:31:58.026 24491 24517 I nimbus::stateful::persistence: Already at version 2, no upgrade needed
10-22 19:31:58.026 24491 24517 I nimbus::stateful::nimbus_client: [Nimbus] Retrieved date from Context: 2023-09-28 18:32:20 UTC
10-22 19:31:58.026 24491 24517 I nimbus::stateful::nimbus_client: [Nimbus] Installation Date: 2023-09-28 18:32:20 UTC
10-22 19:31:58.026 24491 24517 I nimbus::stateful::nimbus_client: [Nimbus] Update Date: 2023-09-28 18:32:25.568136298 UTC
10-22 19:31:58.027 24491 24517 I nimbus::stateful::nimbus_client: [Nimbus] Days since install: 23
10-22 19:31:58.027 24491 24517 I nimbus::stateful::nimbus_client: [Nimbus] Days since update: 23
10-22 19:31:58.029  9273  9310 D ScanRecord: Not a Multi Manu data
10-22 19:31:58.037  9273  9310 I chatty  : uid=1002(bluetooth) BT Service Call identical 20 lines
10-22 19:31:58.037  9273  9310 D ScanRecord: Not a Multi Manu data
10-22 19:31:58.050 24491 24520 I GeckoThread: preparing to run Gecko
10-22 19:31:58.054  3957  9774 W StorageManager: getStorageLowBytes lowPercent : 5, lowBytes : 1260145254, maxLowBytes : 524288000
10-22 19:31:58.056  3957  9774 I chatty  : uid=1000(system) Binder:3957_17 identical 1 line
10-22 19:31:58.058  3957  9774 W StorageManager: getStorageLowBytes lowPercent : 5, lowBytes : 1260145254, maxLowBytes : 524288000
10-22 19:31:58.066 24491 24523 I libglean_ffi: glean_core::core: Creating new Glean v54.0.0
10-22 19:31:58.069 24491 24523 I libglean_ffi: glean_core::database: Database initialized
10-22 19:31:58.070 24491 24520 I GeckoLoader: Library base=/data/app/org.mozilla.fenix-iWpGOrf8cry6RDpwHyQugA==/lib/arm64
10-22 19:31:58.073 24491 24523 I libglean_ffi: glean_core: Glean initialized
10-22 19:31:58.073 24491 24520 W Settings: Setting animator_duration_scale has moved from android.provider.Settings.System to android.provider.Settings.Global, returning read-only global URI.
10-22 19:31:58.074 24491 24523 I libglean_ffi: glean_core::event_database: Loading events for background-update
10-22 19:31:58.076 24491 24520 I GeckoLoader: Library base=/data/app/org.mozilla.fenix-iWpGOrf8cry6RDpwHyQugA==/lib/arm64
10-22 19:31:58.077 24491 24520 E GeckoLibLoad: Load sqlite start
10-22 19:31:58.079 24491 24520 E GeckoLibLoad: Load sqlite done
10-22 19:31:58.079 24491 24520 I GeckoLoader: Library base=/data/app/org.mozilla.fenix-iWpGOrf8cry6RDpwHyQugA==/lib/arm64
10-22 19:31:58.079 24491 24520 E GeckoLibLoad: Load nss start
10-22 19:31:58.079 24491 24520 E GeckoLibLoad: Load nss done
10-22 19:31:58.079 24491 24520 I GeckoLoader: Library base=/data/app/org.mozilla.fenix-iWpGOrf8cry6RDpwHyQugA==/lib/arm64
10-22 19:31:58.080 24491 24520 E GeckoLibLoad: Loaded libs in 1.134192ms total, 4ms(4ms) user, 0ms(0ms) system, 0(1) faults
10-22 19:31:58.081 24491 24520 W GeckoThread: zerdatime 1658300139 - runGecko
10-22 19:31:58.086 24491 24523 I glean/MetricsPingSched: The 'metrics' ping was already sent today, 1697995918083.
10-22 19:31:58.088 24491 24523 I libglean_ffi: glean_core::ping: Collecting baseline
10-22 19:31:58.094  3599  3918 D DnsProxyListener: DNSDBG::dns by name af 2
10-22 19:31:58.100 24491 24523 I libglean_ffi: glean_core::upload::directory: Processing ping at: /data/user/0/org.mozilla.fenix/glean_data/pending_pings/f0b516c5-9f40-4c9b-a260-b37e244eb752
10-22 19:31:58.102 24491 24523 I libglean_ffi: glean_core::metrics::ping: The ping 'baseline' was submitted and will be sent as soon as possible
10-22 19:31:58.112  3957  9774 D PackageManager: setEnabledSetting : userId = 0 packageName = org.mozilla.fenix cmp = androidx.work.impl.background.systemjob.SystemJobService newState = 1 callingPackage = 10169/org.mozilla.fenix
10-22 19:31:58.173 24491 24491 I FenixApplication: AutoPushFeature is configured, initializing it...
10-22 19:31:58.181 24491 24519 I libglean_ffi: glean_core::ping: Collecting pageload
10-22 19:31:58.182 24491 24520 I Gecko:DumpUtils: Fifo watcher disabled via pref.
10-22 19:31:58.183 24491 24519 I libglean_ffi: glean_core::ping: Storage for pageload empty. Bailing out.
10-22 19:31:58.183 24491 24519 I libglean_ffi: glean_core::metrics::ping: No content for ping 'pageload', therefore no ping queued.
10-22 19:31:58.183 24491 24491 I AbstractFirebasePushService: start
10-22 19:31:58.195 24491 24519 I libglean_ffi: glean_core::core: Upload enabled: true
10-22 19:31:58.236  3957  4653 D SamsungAlarmManager: setExact Intent (T:0/F:1/AC:false) 20331019T193158 - CU:10169/CP:24491
10-22 19:31:58.238 24491 24502 I zygote64: Background concurrent copying GC freed 18235(1035KB) AllocSpace objects, 8(160KB) LOS objects, 49% free, 3MB/6MB, paused 1.592ms total 133.414ms
10-22 19:31:58.257 24491 24559 I push::internal::communications::rate_limiter: No need to reset inner timestamp and count for verify_connection.
10-22 19:31:58.262  3957  5414 D ConnectivityService: filterNetworkStateForUid() uid: 10169 networkInfo: [type: WIFI[] - WIFI, state: CONNECTED/CONNECTED, reason: (unspecified), extra: "ourhome", failover: false, available: true, roaming: false, metered: false]
10-22 19:31:58.262  3957  5414 D WifiService: getConnectionInfo uid=1000
10-22 19:31:58.278  3957  4025 I WindowManager: Destroying surface Surface(name=com.example.batterymanager_utility/com.example.batterymanager_utility.MainActivity) called by com.android.server.wm.WindowStateAnimator.destroySurface:2501 com.android.server.wm.WindowStateAnimator.destroySurfaceLocked:985 com.android.server.wm.WindowState.destroyOrSaveSurfaceUnchecked:3670 com.android.server.wm.WindowState.destroySurface:3618 com.android.server.wm.AppWindowToken.destroySurfaces:722 com.android.server.wm.AppWindowToken.destroySurfaces:706 com.android.server.wm.WindowState.onExitAnimationDone:5316 com.android.server.wm.WindowStateAnimator.stepAnimationLocked:550 
10-22 19:31:58.278  3447  3488 I SurfaceFlinger: id=3414 Removed com.example.batterymanager_utility/com.example.batterymanager_utility.MainActivity#0 (2/5)
10-22 19:31:58.281 24491 24559 I push::internal::communications::rate_limiter: Not allowed: count(73) > 1 for verify_connection.
10-22 19:31:58.281  3447  5168 I SurfaceFlinger: id=3414 Removed com.example.batterymanager_utility/com.example.batterymanager_utility.MainActivity#0 (-2/5)
10-22 19:31:58.283  3957  4653 D StorageManagerService: getExternalStorageMountMode : 1
10-22 19:31:58.283  3957  4653 D StorageManagerService: getExternalStorageMountMode : 3
10-22 19:31:58.284 24491 24559 I AutoPushFeature: No change to subscriptions. Doing nothing.
10-22 19:31:58.284  3957  4653 D StorageManagerService: getExternalStorageMountMode : final mountMode=1, uid : 10169, packageName : org.mozilla.fenix
10-22 19:31:58.284  3957  4653 I ApplicationPolicy: isApplicationExternalStorageWhitelisted:org.mozilla.fenix user:0
10-22 19:31:58.284  3957  4653 D ApplicationPolicy: isApplicationExternalStorageWhitelisted: DO is not enabled on user 0. Allowed.
10-22 19:31:58.284  3957  4653 D ActivityManager: package  org.mozilla.fenix, user - 0 is SDcard whitelisted
10-22 19:31:58.284  3957  4653 I ApplicationPolicy: isApplicationExternalStorageBlacklisted:org.mozilla.fenix user:0
10-22 19:31:58.284  3957  4653 D ApplicationPolicy: isApplicationExternalStorageBlacklisted: DO is not enabled on user 0. Allowed.
10-22 19:31:58.291  3447  3447 I Layer   : id=3414 onRemoved com.example.batterymanager_utility/com.example.batterymanager_utility.MainActivity#0 
10-22 19:31:58.291  3957  4324 I OpenGLRenderer: Initialized EGL, version 1.4
10-22 19:31:58.291  3957  4324 D OpenGLRenderer: Swap behavior 2
10-22 19:31:58.294  3447  3447 I SurfaceFlinger: Display 0 HWC layers:
10-22 19:31:58.294  3447  3447 I SurfaceFlinger:     type    |    handle    | flag |  format   |   source crop (l,t,r,b)    |         frame       | name 
10-22 19:31:58.294  3447  3447 I SurfaceFlinger: ------------+--------------+------+-----------+----------------------------+---------------------+------
10-22 19:31:58.294  3447  3447 I SurfaceFlinger:      Device | 0x7e9ed37d80 | 0000 | RGBA_8888 |   0.0    0.0  720.0 1280.0 |    0    0  720 1280 | Splash Screen org.mozilla.fenix#0
10-22 19:31:58.294  3447  3447 I SurfaceFlinger:      Device | 0x7ea5024780 | 0000 | RGBA_8888 |   0.0    0.0  720.0   42.0 |    0    0  720   42 | StatusBar#0
10-22 19:31:58.294  3447  3447 I SurfaceFlinger: 
10-22 19:31:58.302  3957  4653 I ActivityManager: Start proc 24573:org.mozilla.fenix:tab39/u0a169 for service org.mozilla.fenix/org.mozilla.gecko.process.GeckoChildProcessServices$tab39
10-22 19:31:58.302 24573 24573 E Zygote  : isWhitelistProcess - Process is Whitelisted
10-22 19:31:58.303 24573 24573 E libpersona: scanKnoxPersonas
10-22 19:31:58.303 24573 24573 E libpersona: Couldn't open the File - /data/system/users/0/personalist.xml - No such file or directory
10-22 19:31:58.307 24573 24573 W SELinux : SELinux selinux_android_compute_policy_index : Policy Index[2],  Con:u:r:zygote:s0 RAM:SEPF_SM-J720F_8.0.0_0002, [-1 -1 -1 -1 0 1]
10-22 19:31:58.307  3957  9774 D PackageManager: setEnabledSetting : userId = 0 packageName = org.mozilla.fenix cmp = androidx.work.impl.background.systemalarm.RescheduleReceiver newState = 1 callingPackage = 10169/org.mozilla.fenix
10-22 19:31:58.309 24573 24573 I SELinux : SELinux: seapp_context_lookup: seinfo=untrusted, level=s0:c512,c768, pkgname=org.mozilla.fenix:tab39 
10-22 19:31:58.326  3957  9774 D ConnectivityService: filterNetworkStateForUid() uid: 10169 networkInfo: [type: WIFI[] - WIFI, state: CONNECTED/CONNECTED, reason: (unspecified), extra: "ourhome", failover: false, available: true, roaming: false, metered: false]
10-22 19:31:58.327  3957  9774 D WifiService: getConnectionInfo uid=1000
10-22 19:31:58.336 24491 24491 I NavController: Ignoring popBackStack to destination org.mozilla.fenix:id/browserFragment as it was not found on the current back stack
10-22 19:31:58.343  3957  9774 D ConnectivityService: filterNetworkStateForUid() uid: 10169 networkInfo: [type: WIFI[] - WIFI, state: CONNECTED/CONNECTED, reason: (unspecified), extra: "ourhome", failover: false, available: true, roaming: false, metered: false]
10-22 19:31:58.343  3957  9774 D WifiService: getConnectionInfo uid=1000
10-22 19:31:58.345 24491 24491 I ContileTopSitesUpdater: Started periodic work to update Contile top sites
10-22 19:31:58.347  3957  4653 D ConnectivityService: filterNetworkStateForUid() uid: 10169 networkInfo: [type: WIFI[] - WIFI, state: CONNECTED/CONNECTED, reason: (unspecified), extra: "ourhome", failover: false, available: true, roaming: false, metered: false]
10-22 19:31:58.347  3957  4653 D WifiService: getConnectionInfo uid=1000
10-22 19:31:58.350 24491 24568 D ConnectivityManager: requestNetwork; CallingUid : 10169, CallingPid : 24491
10-22 19:31:58.351 24573 24573 D TimaKeyStoreProvider: TimaKeyStore is not enabled: cannot add TimaSignature Service and generateKeyPair Service
10-22 19:31:58.351 24573 24573 D ActivityThread: Added TimaKeyStore provider
10-22 19:31:58.356  3957  4653 I ActivityManager: DSS on for org.mozilla.fenix and scale is 1.0
10-22 19:31:58.364  3957  9774 D ConnectivityService: requestNetwork for uid/pid:10169/24491 NetworkRequest [ TRACK_DEFAULT id=2306, [ Capabilities: INTERNET&NOT_RESTRICTED&TRUSTED&NOT_VPN] ]
10-22 19:31:58.365  3957  4157 D ConnectivityService: rematching NetworkAgentInfo [WIFI () - 509]
10-22 19:31:58.365  3957  4157 D ConnectivityService:  network has: [ Transports: WIFI Capabilities: NOT_METERED&INTERNET&NOT_RESTRICTED&TRUSTED&NOT_VPN&VALIDATED&FOREGROUND LinkUpBandwidth>=1048576Kbps LinkDnBandwidth>=1048576Kbps SignalStrength: -43]
10-22 19:31:58.365  3957  4157 D ConnectivityService: Network NetworkAgentInfo [WIFI () - 509] was already satisfying request 2298. No change.
10-22 19:31:58.365  3957  4157 D ConnectivityService: Network NetworkAgentInfo [WIFI () - 509] was already satisfying request 1. No change.
10-22 19:31:58.365  3957  4157 D ConnectivityService: Network NetworkAgentInfo [WIFI () - 509] was already satisfying request 2251. No change.
10-22 19:31:58.365  3957  4157 D ConnectivityService: Network NetworkAgentInfo [WIFI () - 509] was already satisfying request 2297. No change.
10-22 19:31:58.365  3957  4157 D ConnectivityService: sending mNetworkRequests to WWSM through Network Monitor [ Transports: WIFI Capabilities: NOT_RESTRICTED&TRUSTED&NOT_VPN]
10-22 19:31:58.365  3957  4157 D ConnectivityService: multi(falsetruefalse)
10-22 19:31:58.365  3957  4157 D ConnectivityService: Network NetworkAgentInfo [WIFI () - 509] was already satisfying request 3. No change.
10-22 19:31:58.365  3957  4157 D ConnectivityService:   checking if request is satisfied: NetworkRequest [ TRACK_DEFAULT id=2306, [ Capabilities: INTERNET&NOT_RESTRICTED&TRUSTED&NOT_VPN] ]
10-22 19:31:58.365  3957  4157 D ConnectivityService: currentScore = 0, newScore = 100
10-22 19:31:58.365  3957  4157 D ConnectivityService: rematch for NetworkAgentInfo [WIFI () - 509]
10-22 19:31:58.365  3957  4157 D ConnectivityService:    accepting network in place of null
10-22 19:31:58.365  3957  4157 D ConnectivityService: sending new Min Network Score(100): NetworkRequest [ TRACK_DEFAULT id=2306, [ Capabilities: INTERNET&NOT_RESTRICTED&TRUSTED&NOT_VPN] ]
10-22 19:31:58.365  3957  4313 D Ethernet: got request NetworkRequest [ TRACK_DEFAULT id=2306, [ Capabilities: INTERNET&NOT_RESTRICTED&TRUSTED&NOT_VPN] ] with score 100
10-22 19:31:58.365  3957 23685 D NetworkMonitor/NetworkAgentInfo [WIFI () - 509]: EvaluatingState{ when=-1ms what=151659 arg1=1 obj=Bundle[{UID=10025, requestID=2301}] target=com.android.internal.util.StateMachine$SmHandler }
10-22 19:31:58.365  3957  4313 D Ethernet:   my score=-1, my filter=[ Transports: ETHERNET Capabilities: INTERNET&NOT_RESTRICTED&TRUSTED&NOT_VPN LinkUpBandwidth>=100000Kbps LinkDnBandwidth>=100000Kbps]
10-22 19:31:58.365  3957 23685 D NetworkMonitor/NetworkAgentInfo [WIFI () - 509]: MaybeNotifyState{ when=-1ms what=151659 arg1=1 obj=Bundle[{UID=10025, requestID=2301}] target=com.android.internal.util.StateMachine$SmHandler }
10-22 19:31:58.365  3957  4313 D Ethernet: evalRequest
10-22 19:31:58.366  3957  4313 D Ethernet:   done
10-22 19:31:58.366  3957 23685 D NetworkMonitor/NetworkAgentInfo [WIFI () - 509]: DefaultState{ when=-1ms what=151659 arg1=1 obj=Bundle[{UID=10025, requestID=2301}] target=com.android.internal.util.StateMachine$SmHandler }
10-22 19:31:58.366  3957  4129 D WIFI    : got request NetworkRequest [ TRACK_DEFAULT id=2306, [ Capabilities: INTERNET&NOT_RESTRICTED&TRUSTED&NOT_VPN] ] with score 100
10-22 19:31:58.366  3957  4157 D ConnectivityService: MultiNetwork Request(TransportType - Wi-Fi request). Internet Capability doesn't required (false)
10-22 19:31:58.367  3957  4129 D WIFI    :   my score=60, my filter=[ Transports: WIFI Capabilities: NOT_METERED&INTERNET&NOT_RESTRICTED&TRUSTED&NOT_VPN LinkUpBandwidth>=1048576Kbps LinkDnBandwidth>=1048576Kbps]
10-22 19:31:58.367  3957  4129 D WIFI    : evalRequest
10-22 19:31:58.367  3957  4129 D WIFI    :   done
10-22 19:31:58.367  3957  4157 D ConnectivityService: sending notification AVAILABLE for NetworkRequest [ TRACK_DEFAULT id=2306, [ Capabilities: INTERNET&NOT_RESTRICTED&TRUSTED&NOT_VPN] ]
10-22 19:31:58.367  3957  4129 D WIFI_UT : got request NetworkRequest [ TRACK_DEFAULT id=2306, [ Capabilities: INTERNET&NOT_RESTRICTED&TRUSTED&NOT_VPN] ] with score 100
10-22 19:31:58.367  3957  4129 D WIFI_UT :   my score=2147483647, my filter=[ Transports: WIFI Capabilities: NOT_METERED&INTERNET&NOT_RESTRICTED&TRUSTED&NOT_VPN LinkUpBandwidth>=1048576Kbps LinkDnBandwidth>=1048576Kbps]
10-22 19:31:58.367  3957  4129 D WIFI_UT : evalRequest
10-22 19:31:58.367  3957  4129 D WIFI_UT :   needNetworkFor
10-22 19:31:58.367  3957  4157 D ConnectivityService: sending notification CAP_CHANGED for NetworkRequest [ TRACK_DEFAULT id=2306, [ Capabilities: INTERNET&NOT_RESTRICTED&TRUSTED&NOT_VPN] ]
10-22 19:31:58.367  4616  4616 D PhoneSwitcherNetworkRequstListener: got request NetworkRequest [ TRACK_DEFAULT id=2306, [ Capabilities: INTERNET&NOT_RESTRICTED&TRUSTED&NOT_VPN] ] with score 100
10-22 19:31:58.367  3957  4157 D ConnectivityService: sending notification IP_CHANGED for NetworkRequest [ TRACK_DEFAULT id=2306, [ Capabilities: INTERNET&NOT_RESTRICTED&TRUSTED&NOT_VPN] ]
10-22 19:31:58.367  4616  4616 D PhoneSwitcherNetworkRequstListener:   my score=101, my filter=[ Transports: CELLULAR Capabilities: MMS&SUPL&DUN&FOTA&IMS&CBS&IA&RCS&XCAP&EIMS&INTERNET&NOT_RESTRICTED&TRUSTED&NOT_VPN&ENT1 Specifier: <android.net.MatchAllNetworkSpecifier@0>]
10-22 19:31:58.368  4616  4616 D PhoneSwitcherNetworkRequstListener: evalRequest
10-22 19:31:58.368  4616  4616 D PhoneSwitcherNetworkRequstListener:   needNetworkFor
10-22 19:31:58.370  3957  4153 D WIFI_P2P: got request NetworkRequest [ TRACK_DEFAULT id=2306, [ Capabilities: INTERNET&NOT_RESTRICTED&TRUSTED&NOT_VPN] ] with score 100
10-22 19:31:58.370  3957  4153 D WIFI_P2P:   my score=60, my filter=[ Transports: WIFI Capabilities: WIFI_P2P&NOT_RESTRICTED&TRUSTED&NOT_VPN LinkUpBandwidth>=1048576Kbps LinkDnBandwidth>=1048576Kbps]
10-22 19:31:58.370  3957  4153 D WIFI_P2P: evalRequest
10-22 19:31:58.370  3957  4153 D WIFI_P2P:   done
10-22 19:31:58.371  3957  5414 D ConnectivityService: filterNetworkStateForUid() uid: 10169 networkInfo: [type: WIFI[] - WIFI, state: CONNECTED/CONNECTED, reason: (unspecified), extra: "ourhome", failover: false, available: true, roaming: false, metered: false]
10-22 19:31:58.372  3957  5414 D WifiService: getConnectionInfo uid=1000
10-22 19:31:58.374  3957  5414 D ConnectivityService: filterNetworkStateForUid() uid: 10169 networkInfo: [type: WIFI[] - WIFI, state: CONNECTED/CONNECTED, reason: (unspecified), extra: "ourhome", failover: false, available: true, roaming: false, metered: false]
10-22 19:31:58.374  3957  5414 D WifiService: getConnectionInfo uid=1000
10-22 19:31:58.381 24573 24573 I zygote64: no shared libraies, dex_files: 1
10-22 19:31:58.405  3328  3328 W keymaster2_mdfpp: entered get_key_characteristics function.
10-22 19:31:58.408  3328  3328 W keymaster_tee: [WRN]KEY_PARAMS: AES ENC DEC GCM PADNO AUTH SIZE:256 
10-22 19:31:58.408  3328  3328 W keymaster_tee: [WRN]KEY_PARAMS: 20230928203226 
10-22 19:31:58.408  3328  3328 W keymaster2_mdfpp: exit get_key_characteristics function, returned 0
10-22 19:31:58.416  3328  3328 W keymaster2_mdfpp: entered get_key_characteristics function.
10-22 19:31:58.418  3328  3328 W keymaster_tee: [WRN]KEY_PARAMS: AES ENC DEC GCM PADNO AUTH SIZE:256 
10-22 19:31:58.418  3328  3328 W keymaster_tee: [WRN]KEY_PARAMS: 20230928203226 
10-22 19:31:58.418  3328  3328 W keymaster2_mdfpp: exit get_key_characteristics function, returned 0
10-22 19:31:58.420  3328  3328 W keymaster2_mdfpp: entered get_key_characteristics function.
10-22 19:31:58.422  3328  3328 W keymaster_tee: [WRN]KEY_PARAMS: AES ENC DEC GCM PADNO AUTH SIZE:256 
10-22 19:31:58.422  3328  3328 W keymaster_tee: [WRN]KEY_PARAMS: 20230928203226 
10-22 19:31:58.422  3328  3328 W keymaster2_mdfpp: exit get_key_characteristics function, returned 0
10-22 19:31:58.429  3328  3328 W keymaster2_mdfpp: entered get_key_characteristics function.
10-22 19:31:58.431  3328  3328 W keymaster_tee: [WRN]KEY_PARAMS: AES ENC DEC GCM PADNO AUTH SIZE:256 
10-22 19:31:58.432  3328  3328 W keymaster_tee: [WRN]KEY_PARAMS: 20230928203226 
10-22 19:31:58.432  3328  3328 W keymaster2_mdfpp: exit get_key_characteristics function, returned 0
10-22 19:31:58.433  3328  3328 W keymaster2_mdfpp: entered begin function.
10-22 19:31:58.434  3328  3328 W keymaster2_mdfpp: exit begin function, returned 0
10-22 19:31:58.438  3328  3328 W keymaster2_mdfpp: entered update function.
10-22 19:31:58.439  3328  3328 W keymaster2_mdfpp: exit update function, returned 0
10-22 19:31:58.440  3328  3328 W keymaster2_mdfpp: entered finish function.
10-22 19:31:58.441  3328  3328 W keymaster2_mdfpp: exit finish function, returned 0
10-22 19:31:58.442  3589  3589 W keystore: ENTER remove operation from uid 10169
10-22 19:31:58.461 24491 24532 W logins::schema: user_version: 2
10-22 19:31:58.463 24573 24573 I ServiceChildProcess: onCreate
10-22 19:31:58.465 24573 24610 I GeckoThread: preparing to run Gecko
10-22 19:31:58.485 24491 24502 I zygote64: Background concurrent copying GC freed 87493(3MB) AllocSpace objects, 30(712KB) LOS objects, 49% free, 2MB/4MB, paused 2.149ms total 106.151ms
10-22 19:31:58.503 24491 24491 W GeckoViewActivityContextDelegate: A non-activity context was set.
10-22 19:31:58.512  3957  9774 D ConnectivityService: filterNetworkStateForUid() uid: 10169 networkInfo: [type: WIFI[] - WIFI, state: CONNECTED/CONNECTED, reason: (unspecified), extra: "ourhome", failover: false, available: true, roaming: false, metered: false]
10-22 19:31:58.512  3957  9774 D WifiService: getConnectionInfo uid=1000
10-22 19:31:58.513  3957  9774 I chatty  : uid=1000(system) Binder:3957_17 identical 1 line
10-22 19:31:58.513  3957  9774 I chatty  : uid=1000(system) Binder:3957_17 identical 1 line
10-22 19:31:58.514  3957  9774 D ConnectivityService: filterNetworkStateForUid() uid: 10169 networkInfo: [type: WIFI[] - WIFI, state: CONNECTED/CONNECTED, reason: (unspecified), extra: "ourhome", failover: false, available: true, roaming: false, metered: false]
10-22 19:31:58.514  3957  9774 D WifiService: getConnectionInfo uid=1000
10-22 19:31:58.527 24491 24491 I BgSyncManager: Periodic syncing enabled: PeriodicSyncConfig(periodMinutes=240, initialDelayMinutes=5)
10-22 19:31:58.527 24491 24491 I FirefoxAccountStateMachine: Sync is enabled
10-22 19:31:58.528 24491 24546 I StartupTypeTelemetry: Recorded start up: cold_main
10-22 19:31:58.544 24491 24520 W ResourceType: Too many attribute references, stopped at: 0x01010099
10-22 19:31:58.546 24491 24621 D OpenGLRenderer: HWUI GL Pipeline
10-22 19:31:58.552 24491 24491 D ViewRootImpl@bc73a50[App]: setView = DecorView@2c3226f[App] TM=true MM=false
10-22 19:31:58.552  3957  5414 D ActivityManager: post active user change for 0 fullscreen true isHomeActivity() false
10-22 19:31:58.553 24491 24491 I Choreographer: Skipped 44 frames!  The application may be doing too much work on its main thread.
10-22 19:31:58.555 24491 24491 D ViewRootImpl@bc73a50[App]: dispatchAttachedToWindow
10-22 19:31:58.558  3957  5414 V WindowManager: Relayout Window{9de2afe u0 org.mozilla.fenix/org.mozilla.fenix.App}: viewVisibility=0 req=719x1237 WM.LayoutParams{(0,0)(fillxfill) sim=#110 ty=1 fl=#81010100 pfl=0x20000 wanim=0x7f1404fa vsysui=0x2610 needsMenuKey=2 colorMode=0 naviIconColor=0}
10-22 19:31:58.561  3447  3447 I SurfaceFlinger: id=3416 createSurf (720x1280),1 flag=404, org.mozilla.fenix/org.mozilla.fenix.App#0
10-22 19:31:58.563  3957  5414 V Surface : sf_framedrop debug : 0x4f4c, game : false, logging : 0
10-22 19:31:58.563  3957  3973 D WindowManager: set systemUiVisibility : systemUiFlags= 0x2608 fullscreenStackSysUiFlags= 0x0
10-22 19:31:58.567  3957  5414 D InputDispatcher: Focus entered window: 24491
10-22 19:31:58.568  3957  4653 D WindowManager: adjustSystemUiVisibilityLw : vis= 0x2608
10-22 19:31:58.569 24491 24491 V Surface : sf_framedrop debug : 0x4f4c, game : false, logging : 0
10-22 19:31:58.569 24491 24491 D ViewRootImpl@bc73a50[App]: Relayout returned: old=[0,0][0,0] new=[0,0][720,1280] result=0x7 surface={valid=true 499296161792} changed=true
10-22 19:31:58.569 24491 24621 I OpenGLRenderer: Initialized EGL, version 1.4
10-22 19:31:58.569 24491 24621 D OpenGLRenderer: Swap behavior 2
10-22 19:31:58.571 24491 24621 D libGLESv1: STS_GLApi : DTS, ODTC are not allowed for Package : org.mozilla.fenix
10-22 19:31:58.573  3957  4653 D StorageManagerService: getExternalStorageMountMode : 1
10-22 19:31:58.574  3957  4653 D StorageManagerService: getExternalStorageMountMode : 3
10-22 19:31:58.574  3957  4653 D StorageManagerService: getExternalStorageMountMode : final mountMode=1, uid : 10169, packageName : org.mozilla.fenix
10-22 19:31:58.574  3957  4653 I ApplicationPolicy: isApplicationExternalStorageWhitelisted:org.mozilla.fenix user:0
10-22 19:31:58.575  3957  4653 D ApplicationPolicy: isApplicationExternalStorageWhitelisted: DO is not enabled on user 0. Allowed.
10-22 19:31:58.575  3957  4653 D ActivityManager: package  org.mozilla.fenix, user - 0 is SDcard whitelisted
10-22 19:31:58.575  3447  3447 I SurfaceFlinger: id=3417 createSurf (720x1238),1 flag=4, SurfaceView - org.mozilla.fenix/org.mozilla.fenix.App@c8a380a@0#0
10-22 19:31:58.575  3957  4653 I ApplicationPolicy: isApplicationExternalStorageBlacklisted:org.mozilla.fenix user:0
10-22 19:31:58.575  3957  4653 D ApplicationPolicy: isApplicationExternalStorageBlacklisted: DO is not enabled on user 0. Allowed.
10-22 19:31:58.575 24491 24621 D mali_winsys: EGLint new_window_surface(egl_winsys_display *, void *, EGLSurface, EGLConfig, egl_winsys_surface **, egl_color_buffer_format *, EGLBoolean) returns 0x3000,  [720x1280]-format:1
10-22 19:31:58.575 24491 24621 D OpenGLRenderer: eglCreateWindowSurface = 0x743d0adc80
10-22 19:31:58.580  3447  3447 I SurfaceFlinger: id=3418 createSurf (720x1238),-1 flag=20004, Background for - SurfaceView - org.mozilla.fenix/org.mozilla.fenix.App@c8a380a@0#0
10-22 19:31:58.580 24491 24491 D SurfaceView: BG hide() Surface(name=Background for - SurfaceView - org.mozilla.fenix/org.mozilla.fenix.App@c8a380a@0) false true org.mozilla.gecko.MagnifiableSurfaceView{c8a380a V.E...... ......ID 0,0-720,1238}
10-22 19:31:58.585  3957  4653 I ActivityManager: Start proc 24637:org.mozilla.fenix:gpu/u0a169 for service org.mozilla.fenix/org.mozilla.gecko.process.GeckoChildProcessServices$gpu
10-22 19:31:58.586 24637 24637 E Zygote  : isWhitelistProcess - Process is Whitelisted
10-22 19:31:58.587 24637 24637 E libpersona: scanKnoxPersonas
10-22 19:31:58.587 24637 24637 E libpersona: Couldn't open the File - /data/system/users/0/personalist.xml - No such file or directory
10-22 19:31:58.588 24491 24520 W linker  : "/data/app/org.mozilla.fenix-iWpGOrf8cry6RDpwHyQugA==/lib/arm64/libsoftokn3.so" unused DT entry: type 0x8000024 arg 0x2580
10-22 19:31:58.588 24491 24520 W linker  : "/data/app/org.mozilla.fenix-iWpGOrf8cry6RDpwHyQugA==/lib/arm64/libsoftokn3.so" unused DT entry: type 0x8000023 arg 0x70
10-22 19:31:58.588 24491 24520 W linker  : "/data/app/org.mozilla.fenix-iWpGOrf8cry6RDpwHyQugA==/lib/arm64/libsoftokn3.so" unused DT entry: type 0x8000025 arg 0x8
10-22 19:31:58.588 24637 24637 W SELinux : SELinux selinux_android_compute_policy_index : Policy Index[2],  Con:u:r:zygote:s0 RAM:SEPF_SM-J720F_8.0.0_0002, [-1 -1 -1 -1 0 1]
10-22 19:31:58.589 24637 24637 I SELinux : SELinux: seapp_context_lookup: seinfo=untrusted, level=s0:c512,c768, pkgname=org.mozilla.fenix:gpu 
10-22 19:31:58.591 24491 24520 W linker  : "/data/app/org.mozilla.fenix-iWpGOrf8cry6RDpwHyQugA==/lib/arm64/libfreebl3.so" unused DT entry: type 0x8000024 arg 0xe78
10-22 19:31:58.591 24491 24520 W linker  : "/data/app/org.mozilla.fenix-iWpGOrf8cry6RDpwHyQugA==/lib/arm64/libfreebl3.so" unused DT entry: type 0x8000023 arg 0x68
10-22 19:31:58.591 24491 24520 W linker  : "/data/app/org.mozilla.fenix-iWpGOrf8cry6RDpwHyQugA==/lib/arm64/libfreebl3.so" unused DT entry: type 0x8000025 arg 0x8
10-22 19:31:58.591 24491 24491 V Surface : sf_framedrop debug : 0x4f4c, game : false, logging : 0
10-22 19:31:58.592 24491 24491 D SurfaceView: surfaceCreated 1 org.mozilla.gecko.MagnifiableSurfaceView{c8a380a V.E...... ......ID 0,0-720,1238}
10-22 19:31:58.592 24491 24491 D SurfaceView: surfaceChanged (720,1238) 1 org.mozilla.gecko.MagnifiableSurfaceView{c8a380a V.E...... ......ID 0,0-720,1238}
10-22 19:31:58.605 24491 24614 W linker  : "/data/app/org.mozilla.fenix-iWpGOrf8cry6RDpwHyQugA==/lib/arm64/libnssckbi.so" unused DT entry: type 0x8000024 arg 0xc08
10-22 19:31:58.605 24491 24614 W linker  : "/data/app/org.mozilla.fenix-iWpGOrf8cry6RDpwHyQugA==/lib/arm64/libnssckbi.so" unused DT entry: type 0x8000023 arg 0x258
10-22 19:31:58.606 24491 24614 W linker  : "/data/app/org.mozilla.fenix-iWpGOrf8cry6RDpwHyQugA==/lib/arm64/libnssckbi.so" unused DT entry: type 0x8000025 arg 0x8
10-22 19:31:58.606 24637 24637 D TimaKeyStoreProvider: TimaKeyStore is not enabled: cannot add TimaSignature Service and generateKeyPair Service
10-22 19:31:58.606 24637 24637 D ActivityThread: Added TimaKeyStore provider
10-22 19:31:58.609  3957  4653 I ActivityManager: DSS on for org.mozilla.fenix and scale is 1.0
10-22 19:31:58.609 24491 24519 I libglean_ffi: glean_core::ping: Collecting baseline
10-22 19:31:58.611  3957  5414 D ConnectivityService: filterNetworkStateForUid() uid: 10169 networkInfo: [type: WIFI[] - WIFI, state: CONNECTED/CONNECTED, reason: (unspecified), extra: "ourhome", failover: false, available: true, roaming: false, metered: false]
10-22 19:31:58.611  3957  5414 D WifiService: getConnectionInfo uid=1000
10-22 19:31:58.623 24491 24519 I libglean_ffi: glean_core::upload::directory: Processing ping at: /data/user/0/org.mozilla.fenix/glean_data/pending_pings/e1128148-65d0-4fdc-b52e-19e2402e0741
10-22 19:31:58.624 24491 24519 I libglean_ffi: glean_core::metrics::ping: The ping 'baseline' was submitted and will be sent as soon as possible
10-22 19:31:58.628 24637 24637 I zygote64: no shared libraies, dex_files: 1
10-22 19:31:58.634  3957  4129 D WifiStateMachine:  ConnectedState !RSSI_PKTCNT_FETCH uid=1000 rt=602325219/1658300691 0 0 "ourhome" f4:6d:2f:12:cc:88 rssi=-41 f=5240 sc=60 link=433 tx=0.7, 0.0, 0.0  rx=2.1 bcn=589554 [on:0 tx:0 rx:0 period:900] from screen [on:104243 period:862302] score=60
10-22 19:31:58.635  3957  4129 D WifiStateMachine:  L2ConnectedState !RSSI_PKTCNT_FETCH uid=1000 rt=602325220/1658300693 0 0 "ourhome" f4:6d:2f:12:cc:88 rssi=-41 f=5240 sc=60 link=433 tx=0.7, 0.0, 0.0  rx=2.1 bcn=589554 [on:0 tx:0 rx:0 period:1] from screen [on:104243 period:862303] score=60
10-22 19:31:58.641  3957  4129 D WifiStateMachine: fetchRssiLinkSpeedAndFrequencyNative rssi=-41 linkspeed=433 freq=5240
10-22 19:31:58.641  3957  4129 V WifiConfigManager: Updating scan detail cache freq=5240 BSSID=f4:6d:2f:12:cc:88 RSSI=-41 for "ourhome"WPA_PSK
10-22 19:31:58.644  3957  5414 D ConnectivityService: filterNetworkStateForUid() uid: 10169 networkInfo: [type: WIFI[] - WIFI, state: CONNECTED/CONNECTED, reason: (unspecified), extra: "ourhome", failover: false, available: true, roaming: false, metered: false]
10-22 19:31:58.645  3957  5414 D WifiService: getConnectionInfo uid=1000
10-22 19:31:58.661  3599  3918 D DnsProxyListener: DNSDBG::dns addrinfo af 0
10-22 19:31:58.662  3599  3918 I chatty  : uid=0(root) /system/bin/netd identical 1 line
10-22 19:31:58.662  3599  3918 D DnsProxyListener: DNSDBG::dns addrinfo af 0
10-22 19:31:58.672  3957  4653 D ConnectivityService: filterNetworkStateForUid() uid: 10169 networkInfo: [type: WIFI[] - WIFI, state: CONNECTED/CONNECTED, reason: (unspecified), extra: "ourhome", failover: false, available: true, roaming: false, metered: false]
10-22 19:31:58.672  3957  4653 D WifiService: getConnectionInfo uid=1000
10-22 19:31:58.673  3957  4653 D ConnectivityService: filterNetworkStateForUid() uid: 10169 networkInfo: [type: WIFI[] - WIFI, state: CONNECTED/CONNECTED, reason: (unspecified), extra: "ourhome", failover: false, available: true, roaming: false, metered: false]
10-22 19:31:58.673  3957  4653 D WifiService: getConnectionInfo uid=1000
10-22 19:31:58.674  3957  5414 D ConnectivityService: filterNetworkStateForUid() uid: 10169 networkInfo: [type: WIFI[] - WIFI, state: CONNECTED/CONNECTED, reason: (unspecified), extra: "ourhome", failover: false, available: true, roaming: false, metered: false]
10-22 19:31:58.674  3957  5414 D WifiService: getConnectionInfo uid=1000
10-22 19:31:58.683  3957  4653 V WindowManager: Relayout Window{9de2afe u0 org.mozilla.fenix/org.mozilla.fenix.App}: viewVisibility=0 req=720x1280 WM.LayoutParams{(0,0)(fillxfill) sim=#110 ty=1 fl=#81010100 pfl=0x20000 fmt=-3 wanim=0x7f1404fa vsysui=0x2610 needsMenuKey=2 colorMode=0 naviIconColor=0}
10-22 19:31:58.684 24491 24664 I FirefoxAccountStateMachine: Processing event 'mozilla.components.service.fxa.manager.Event$Account$Start@d61c0f8' for state Idle(accountState=NotAuthenticated). Next state is Active(progressState=Initializing)
10-22 19:31:58.689 24491 24491 D ViewRootImpl@bc73a50[App]: Relayout returned: old=[0,0][720,1280] new=[0,0][720,1280] result=0x3 surface={valid=true 499296161792} changed=false
10-22 19:31:58.691 11094 11094 E adbd    : recv: OPEN 00033005 00000000 0076:73 68 65 6C 6C 2C 76 32 2C 54 45 52 4D 3D 78 74 65 72 6D 2D 32 35 36 63 6F 6C 6F 72 2C 72 61 77 3A 64 75 6D 70 73 79 73 20 61 63 74 69 76 69 74 79 20 72 65 63 65 6E 74 73 20 7C 20 67 72 65 70 20 22 52 65 63 65 6E 74 20 23 30 22 20 7C 20 63 75 74 20 2D 64 20 22 3D 22 20 2D 66 32 20 7C 20 67 72 65 70 20 2D 6F 20 2D 70 20 22 5B 61 2D 7A 7C 2E 5D 2A 22 00 
10-22 19:31:58.691 11094 11094 E adbd    : service_to_fd: shell,v2,TERM=xterm-256color,raw:dumpsys activity recents | grep "Recent #0" | cut -d "=" -f2 | grep -o -p "[a-z|.]*"
10-22 19:31:58.702  3328  3328 W keymaster2_mdfpp: entered get_key_characteristics function.
10-22 19:31:58.705  3328  3328 W keymaster_tee: [WRN]KEY_PARAMS: AES ENC DEC GCM PADNO AUTH SIZE:256 
10-22 19:31:58.705  3328  3328 W keymaster_tee: [WRN]KEY_PARAMS: 20230928203226 
10-22 19:31:58.705  3328  3328 W keymaster2_mdfpp: exit get_key_characteristics function, returned 0
10-22 19:31:58.708  3328  3328 W keymaster2_mdfpp: entered get_key_characteristics function.
10-22 19:31:58.710  3328  3328 W keymaster_tee: [WRN]KEY_PARAMS: AES ENC DEC GCM PADNO AUTH SIZE:256 
10-22 19:31:58.710  3328  3328 W keymaster_tee: [WRN]KEY_PARAMS: 20230928203226 
10-22 19:31:58.711  3328  3328 W keymaster2_mdfpp: exit get_key_characteristics function, returned 0
10-22 19:31:58.715 24637 24637 I ServiceChildProcess: onCreate
10-22 19:31:58.716 24491 24664 I FirefoxAccount: Registering persistence callback
10-22 19:31:58.716 24491 24664 I FirefoxAccountStateMachine: Ran 'mozilla.components.service.fxa.manager.Event$Account$Start@d61c0f8' side-effects for state Active(progressState=Initializing), got successive event mozilla.components.service.fxa.manager.Event$Progress$AccountNotFound@aa354be
10-22 19:31:58.716 24491 24664 I FirefoxAccountStateMachine: Processing event 'mozilla.components.service.fxa.manager.Event$Progress$AccountNotFound@aa354be' for state Active(progressState=Initializing). Next state is Idle(accountState=NotAuthenticated)
10-22 19:31:58.717 24637 24682 I GeckoThread: preparing to run Gecko
10-22 19:31:58.732  3957  4602 V WindowManager: finishDrawingLocked: mDrawState=COMMIT_DRAW_PENDING Window{9de2afe u0 org.mozilla.fenix/org.mozilla.fenix.App} in Surface(name=org.mozilla.fenix/org.mozilla.fenix.App)
10-22 19:31:58.733 24491 24491 D ViewRootImpl@bc73a50[App]: MSG_RESIZED_REPORT: frame=Rect(0, 0 - 720, 1280) ci=Rect(0, 42 - 0, 0) vi=Rect(0, 42 - 0, 0) or=1
10-22 19:31:58.733 24491 24491 D ViewRootImpl@bc73a50[App]: MSG_WINDOW_FOCUS_CHANGED 1
10-22 19:31:58.739  3957  4025 D ViewRootImpl@e66df87[fenix]: dispatchDetachedFromWindow
10-22 19:31:58.740  3957  4025 D InputEventReceiver: channel '3527eb4 Splash Screen org.mozilla.fenix (client)' ~ Disposing input event receiver.
10-22 19:31:58.740  3957  4025 D InputEventReceiver: channel '3527eb4 Splash Screen org.mozilla.fenix (client)' ~NativeInputEventReceiver.
10-22 19:31:58.743  3957  3973 D WindowManager: set systemUiVisibility : systemUiFlags= 0x2618 fullscreenStackSysUiFlags= 0x0
10-22 19:31:58.745  3957  4653 D WindowManager: adjustSystemUiVisibilityLw : vis= 0x2618
10-22 19:31:58.746  3957  3981 I ActivityManager: Displayed org.mozilla.fenix/.App: +1s109ms
10-22 19:31:58.748  3957  3981 D CustomFrequencyManagerService: acquireDVFSLockLocked : type : DVFS_MIN_LIMIT  frequency : 1560000  uid : 1000  pid : 3957  pkgName : AMS_RESUME_TAIL@CPU_MIN@58
10-22 19:31:58.748  3957  3981 D ActivityManagerPerformance: AMP_acquire() TAIL
10-22 19:31:58.749  3957  3981 D CustomFrequencyManagerService: releaseDVFSLockLocked : Getting Lock type frm List : DVFS_MIN_LIMIT  frequency : 1560000  uid : 1000  pid : 3957  tag : AMS_APP_SWITCH@CPU_MIN@52
10-22 19:31:58.749  3957  3981 D ActivityManagerPerformance: AMP_release() APP_SWITCH
10-22 19:31:58.751 24491 24491 V InputMethodManager: Starting input: tba=android.view.inputmethod.EditorInfo@451291f nm : org.mozilla.fenix ic=null
10-22 19:31:58.751 24491 24491 I InputMethodManager: startInputInner - mService.startInputOrWindowGainedFocus
10-22 19:31:58.751  3957  4653 D InputMethodManagerService: startInputOrWindowGainedFocus : windowGainedFocus 
10-22 19:31:58.752  3957  4653 D InputMethodManagerService: windowGainedFocus: destinationUserId (getCallingUid) = 0
10-22 19:31:58.752  3957  4653 D InputMethodManagerService: windowGainedFocus: currentUserId=0
10-22 19:31:58.752  3957  4653 D InputMethodManagerService: windowGainedFocus: mCurrentFocusedUserId=0
10-22 19:31:58.752  3957  4653 D InputMethodManagerService: windowGainedFocus : lock - currentUserId = 0 destinationUserId = 0
10-22 19:31:58.752  3957  4653 D InputMethodManagerService: windowGainedFocus : mCurrentFocusedUserId - 0 and mSecureKeypadEnabled - false, userSwitched - false
10-22 19:31:58.752  3957  4653 V InputMethodManagerService: windowGainedFocus : reason=WINDOW_FOCUS_GAIN client=android.os.BinderProxy@3b1e080 inputContext=null missingMethods= attribute=android.view.inputmethod.EditorInfo@3e6d029 nm = org.mozilla.fenix controlFlags=#104 softInputMode=#110 windowFlags=#81010100
10-22 19:31:58.753  3957  4653 V InputMethodManagerService: hideCurrentInputLocked : shouldHideSoftInput is false
10-22 19:31:58.753  3957  4653 D InputMethodManagerService: isImeSwitcherDisabledPackage : false
10-22 19:31:58.753  3957  4653 V InputMethodManagerService: Creating new session for client ClientState{e1870dc uid 10169 pid 24491}
10-22 19:31:58.753  3957  3973 D WindowManager: set systemUiVisibility : systemUiFlags= 0x2618 fullscreenStackSysUiFlags= 0x2000
10-22 19:31:58.755  3957  4653 D ConnectivityService: filterNetworkStateForUid() uid: 10169 networkInfo: [type: WIFI[] - WIFI, state: CONNECTED/CONNECTED, reason: (unspecified), extra: "ourhome", failover: false, available: true, roaming: false, metered: false]
10-22 19:31:58.756  3957  4653 D WifiService: getConnectionInfo uid=1000
10-22 19:31:58.756  3957  4653 I chatty  : uid=1000(system) Binder:3957_B identical 1 line
10-22 19:31:58.756  3957  4653 D WifiService: getConnectionInfo uid=1000
10-22 19:31:58.756  3957  4602 D InputMethodManagerService: setCurrentInputInfo - inputContext : null eidtorInfo : android.view.inputmethod.EditorInfo@3e6d029 missingMethods : 0
10-22 19:31:58.757  3957  4653 D ConnectivityService: filterNetworkStateForUid() uid: 10169 networkInfo: [type: WIFI[] - WIFI, state: CONNECTED/CONNECTED, reason: (unspecified), extra: "ourhome", failover: false, available: true, roaming: false, metered: false]
10-22 19:31:58.757  3957  4653 D WifiService: getConnectionInfo uid=1000
10-22 19:31:58.757  8846  8846 I InputMethodWrapper:  call dispatchStartInputWithToken
10-22 19:31:58.757  8846  8846 I InputMethodService: dispatchStartInputWithToken
10-22 19:31:58.758  8846  8846 I SKBD    : SamsungKeypad [IMI] onStartInput - caller pid : 24491, caller uid : 10169
10-22 19:31:58.761 24491 24684 I libglean_ffi: glean_core::upload: New upload task with id f0b516c5-9f40-4c9b-a260-b37e244eb752 (path: /submit/org-mozilla-fenix/baseline/1/f0b516c5-9f40-4c9b-a260-b37e244eb752)
10-22 19:31:58.771  3599  3918 D DnsProxyListener: DNSDBG::dns addrinfo af 2
