10-22 19:36:05.992  3957  4129 D WifiStateMachine: fetchRssiLinkSpeedAndFrequencyNative rssi=-47 linkspeed=433 freq=5240
10-22 19:36:05.992  3957  4129 V WifiConfigManager: Updating scan detail cache freq=5240 BSSID=f4:6d:2f:12:cc:88 RSSI=-47 for "ourhome"WPA_PSK
10-22 19:36:06.000 25092 25391 I BatteryMgr:DataCollectionService: stats => 1697996166000,-134,4160,-194,0,100
10-22 19:36:06.105 25092 25391 I BatteryMgr:DataCollectionService: stats => 1697996166105,-134,4160,-194,0,100
10-22 19:36:06.212 25092 25391 I BatteryMgr:DataCollectionService: stats => 1697996166212,-134,4160,-194,0,100
10-22 19:36:06.317 25092 25391 I BatteryMgr:DataCollectionService: stats => 1697996166317,-134,4160,-194,0,100
10-22 19:36:06.409  3957  4128 D WifiService: getConnectionInfo uid=1000
10-22 19:36:06.424 25092 25391 I BatteryMgr:DataCollectionService: stats => 1697996166424,-134,4160,-194,0,100
10-22 19:36:06.516 25137 25321 I SessionStorage/AutoSave: Save: Periodic
10-22 19:36:06.529 25092 25391 I BatteryMgr:DataCollectionService: stats => 1697996166529,-134,4160,-194,0,100
10-22 19:36:06.635 25092 25391 I BatteryMgr:DataCollectionService: stats => 1697996166634,-134,4160,-194,0,100
10-22 19:36:06.741 25092 25391 I BatteryMgr:DataCollectionService: stats => 1697996166741,-134,4160,-194,0,100
10-22 19:36:06.845 25092 25391 I BatteryMgr:DataCollectionService: stats => 1697996166845,-134,4160,-194,0,100
10-22 19:36:06.950 25092 25391 I BatteryMgr:DataCollectionService: stats => 1697996166949,-134,4160,-194,0,100
10-22 19:36:06.990  3957  4129 D WifiStateMachine:  ConnectedState !RSSI_PKTCNT_FETCH uid=1000 rt=602573574/1658549047 0 0 "ourhome" f4:6d:2f:12:cc:88 rssi=-47 f=5240 sc=60 link=433 tx=2.2, 0.0, 0.0  rx=25.7 bcn=591929 [on:0 tx:0 rx:0 period:999] from screen [on:166049 period:1110657] score=60
10-22 19:36:06.991  3957  4129 D WifiStateMachine:  L2ConnectedState !RSSI_PKTCNT_FETCH uid=1000 rt=602573575/1658549048 0 0 "ourhome" f4:6d:2f:12:cc:88 rssi=-47 f=5240 sc=60 link=433 tx=2.2, 0.0, 0.0  rx=25.7 bcn=591929 [on:0 tx:0 rx:0 period:2] from screen [on:166049 period:1110659] score=60
10-22 19:36:06.997  3957  4129 D WifiStateMachine: fetchRssiLinkSpeedAndFrequencyNative rssi=-47 linkspeed=433 freq=5240
10-22 19:36:06.997  3957  4129 V WifiConfigManager: Updating scan detail cache freq=5240 BSSID=f4:6d:2f:12:cc:88 RSSI=-47 for "ourhome"WPA_PSK
10-22 19:36:07.056 25092 25391 I BatteryMgr:DataCollectionService: stats => 1697996167055,-134,4160,-194,0,100
10-22 19:36:07.160 25092 25391 I BatteryMgr:DataCollectionService: stats => 1697996167160,-134,4160,-194,0,100
10-22 19:36:07.264 25092 25391 I BatteryMgr:DataCollectionService: stats => 1697996167264,-134,4160,-194,0,100
10-22 19:36:07.369 25092 25391 I BatteryMgr:DataCollectionService: stats => 1697996167369,-134,4160,-194,0,100
10-22 19:36:07.411  3957  4128 D WifiService: getConnectionInfo uid=1000
10-22 19:36:07.476 25092 25391 I BatteryMgr:DataCollectionService: stats => 1697996167476,-134,4160,-194,0,100
10-22 19:36:07.566  9273  9310 D ScanRecord: Not a Multi Manu data
10-22 19:36:07.582  9273  9310 I chatty  : uid=1002(bluetooth) BT Service Call identical 42 lines
10-22 19:36:07.582  9273  9310 D ScanRecord: Not a Multi Manu data
10-22 19:36:07.582 25092 25391 I BatteryMgr:DataCollectionService: stats => 1697996167582,-134,4160,-194,0,100
10-22 19:36:07.604  9273  9310 D ScanRecord: Not a Multi Manu data
10-22 19:36:07.678  9273  9310 I chatty  : uid=1002(bluetooth) BT Service Call identical 53 lines
10-22 19:36:07.678  9273  9310 D ScanRecord: Not a Multi Manu data
10-22 19:36:07.690 25092 25391 I BatteryMgr:DataCollectionService: stats => 1697996167690,-134,4160,-194,0,100
10-22 19:36:07.691  9273  9310 D ScanRecord: Not a Multi Manu data
10-22 19:36:07.779  9273  9310 I chatty  : uid=1002(bluetooth) BT Service Call identical 119 lines
10-22 19:36:07.779  9273  9310 D ScanRecord: Not a Multi Manu data
10-22 19:36:07.794 25092 25391 I BatteryMgr:DataCollectionService: stats => 1697996167793,-134,4160,-194,0,100
10-22 19:36:07.804  9273  9310 D ScanRecord: Not a Multi Manu data
10-22 19:36:07.870  9273  9310 I chatty  : uid=1002(bluetooth) BT Service Call identical 86 lines
10-22 19:36:07.870  9273  9310 D ScanRecord: Not a Multi Manu data
10-22 19:36:07.899 25092 25391 I BatteryMgr:DataCollectionService: stats => 1697996167899,-134,4160,-194,0,100
10-22 19:36:07.904  9273  9310 D ScanRecord: Not a Multi Manu data
10-22 19:36:07.990  9273  9310 I chatty  : uid=1002(bluetooth) BT Service Call identical 131 lines
10-22 19:36:07.991  9273  9310 D ScanRecord: Not a Multi Manu data
10-22 19:36:07.991  3957  4129 D WifiStateMachine:  ConnectedState !RSSI_PKTCNT_FETCH uid=1000 rt=602574576/1658550048 0 0 "ourhome" f4:6d:2f:12:cc:88 rssi=-47 f=5240 sc=60 link=433 tx=2.2, 0.0, 0.0  rx=25.7 bcn=591929 [on:0 tx:0 rx:0 period:1000] from screen [on:166049 period:1111659] score=60
10-22 19:36:07.991  9273  9310 D ScanRecord: Not a Multi Manu data
10-22 19:36:07.991  9273  9310 I chatty  : uid=1002(bluetooth) BT Service Call identical 8 lines
10-22 19:36:07.991  9273  9310 D ScanRecord: Not a Multi Manu data
10-22 19:36:07.992  3957  4129 D WifiStateMachine:  L2ConnectedState !RSSI_PKTCNT_FETCH uid=1000 rt=602574577/1658550049 0 0 "ourhome" f4:6d:2f:12:cc:88 rssi=-47 f=5240 sc=60 link=433 tx=2.2, 0.0, 0.0  rx=25.7 bcn=591929 [on:0 tx:0 rx:0 period:1] from screen [on:166049 period:1111660] score=60
10-22 19:36:07.993  9273  9310 D ScanRecord: Not a Multi Manu data
10-22 19:36:07.993  9273  9310 I chatty  : uid=1002(bluetooth) BT Service Call identical 9 lines
10-22 19:36:07.993  9273  9310 D ScanRecord: Not a Multi Manu data
10-22 19:36:07.993  3957  4129 D WifiStateMachine: fetchRssiLinkSpeedAndFrequencyNative rssi=-46 linkspeed=433 freq=5240
10-22 19:36:07.994  3957  4129 V WifiConfigManager: Updating scan detail cache freq=5240 BSSID=f4:6d:2f:12:cc:88 RSSI=-46 for "ourhome"WPA_PSK
10-22 19:36:07.997  9273  9310 D ScanRecord: Not a Multi Manu data
10-22 19:36:07.997  9273  9310 I chatty  : uid=1002(bluetooth) BT Service Call identical 9 lines
10-22 19:36:07.997  9273  9310 D ScanRecord: Not a Multi Manu data
10-22 19:36:08.005 25092 25391 I BatteryMgr:DataCollectionService: stats => 1697996168004,-134,4160,-194,0,100
10-22 19:36:08.011  9273  9310 D ScanRecord: Not a Multi Manu data
10-22 19:36:08.040  9273  9310 I chatty  : uid=1002(bluetooth) BT Service Call identical 42 lines
10-22 19:36:08.040  9273  9310 D ScanRecord: Not a Multi Manu data
10-22 19:36:08.109 25092 25391 I BatteryMgr:DataCollectionService: stats => 1697996168109,-134,4160,-194,0,100
10-22 19:36:08.198  3957  4129 D WifiStateMachine:  ConnectedState !CMD_RSSI_POLL rt=602574783/1658550255 122 0 "ourhome" f4:6d:2f:12:cc:88 rssi=-46 f=5240 sc=60 link=433 tx=2.2, 0.0, 0.0  rx=25.7 bcn=591929 [on:0 tx:0 rx:0 period:206] from screen [on:166049 period:1111866] score=60
10-22 19:36:08.199  3957  4129 D WifiStateMachine:  L2ConnectedState !CMD_RSSI_POLL rt=602574783/1658550256 122 0 "ourhome" f4:6d:2f:12:cc:88 rssi=-46 f=5240 sc=60 link=433 tx=2.2, 0.0, 0.0  rx=25.7 bcn=591929 [on:0 tx:0 rx:0 period:1] from screen [on:166049 period:1111867] score=60
10-22 19:36:08.199  3957  4129 D WifiStateMachine:  get link layer stats 3
10-22 19:36:08.200  3436  3436 I android.hardware.wifi@1.0-service: getLinkLayerStats
10-22 19:36:08.204  3957  4129 D WifiStateMachine: fetchRssiLinkSpeedAndFrequencyNative rssi=-45 linkspeed=433 freq=5240
10-22 19:36:08.204  3957  4129 V WifiConfigManager: Updating scan detail cache freq=5240 BSSID=f4:6d:2f:12:cc:88 RSSI=-45 for "ourhome"WPA_PSK
10-22 19:36:08.207  4340  4340 E SignalClusterView: setSlotFocusVisible : subId -2
10-22 19:36:08.207  4340  4340 E SignalClusterView: setSlotFocusVisible : subId -2
10-22 19:36:08.213 25092 25391 I BatteryMgr:DataCollectionService: stats => 1697996168213,-134,4160,-194,0,100
10-22 19:36:08.318 25092 25391 I BatteryMgr:DataCollectionService: stats => 1697996168318,-134,4160,-194,0,100
10-22 19:36:08.413  3957  4128 D WifiService: getConnectionInfo uid=1000
10-22 19:36:08.429 25092 25391 I BatteryMgr:DataCollectionService: stats => 1697996168429,-134,4160,-194,0,100
10-22 19:36:08.533 25092 25391 I BatteryMgr:DataCollectionService: stats => 1697996168533,-134,4160,-194,0,100
10-22 19:36:08.640 25092 25391 I BatteryMgr:DataCollectionService: stats => 1697996168640,-134,4160,-194,0,100
10-22 19:36:08.745 25092 25391 I BatteryMgr:DataCollectionService: stats => 1697996168745,-134,4160,-194,0,100
10-22 19:36:08.852 25092 25391 I BatteryMgr:DataCollectionService: stats => 1697996168852,-134,4160,-194,0,100
10-22 19:36:08.959 25092 25391 I BatteryMgr:DataCollectionService: stats => 1697996168958,-134,4160,-194,0,100
10-22 19:36:08.992  3957  4129 D WifiStateMachine:  ConnectedState !RSSI_PKTCNT_FETCH uid=1000 rt=602575576/1658551049 0 0 "ourhome" f4:6d:2f:12:cc:88 rssi=-45 f=5240 sc=60 link=433 tx=2.7, 0.0, 0.0  rx=17.7 bcn=591957 [on:0 tx:0 rx:0 period:785] from screen [on:166953 period:1112659] score=60
10-22 19:36:08.993  3957  4129 D WifiStateMachine:  L2ConnectedState !RSSI_PKTCNT_FETCH uid=1000 rt=602575577/1658551050 0 0 "ourhome" f4:6d:2f:12:cc:88 rssi=-45 f=5240 sc=60 link=433 tx=2.7, 0.0, 0.0  rx=17.7 bcn=591957 [on:0 tx:0 rx:0 period:2] from screen [on:166953 period:1112661] score=60
10-22 19:36:08.994  3957  4129 D WifiStateMachine: fetchRssiLinkSpeedAndFrequencyNative rssi=-48 linkspeed=433 freq=5240
10-22 19:36:08.994  3957  4129 V WifiConfigManager: Updating scan detail cache freq=5240 BSSID=f4:6d:2f:12:cc:88 RSSI=-46 for "ourhome"WPA_PSK
10-22 19:36:09.064 25092 25391 I BatteryMgr:DataCollectionService: stats => 1697996169064,-134,4160,-194,0,100
10-22 19:36:09.081  4961  4961 D io_stats: !@ 179,0 r 10132074 332653040 w 2158105 42253152 d 173814 37252328 f 639907 665361 iot 4632296 3991623 th 51200 0 0 pt 0 inp 0 0 602575.666
10-22 19:36:09.169 25092 25391 I BatteryMgr:DataCollectionService: stats => 1697996169169,-134,4160,-194,0,100
10-22 19:36:09.277 25092 25391 I BatteryMgr:DataCollectionService: stats => 1697996169276,-134,4160,-194,0,100
10-22 19:36:09.381 25092 25391 I BatteryMgr:DataCollectionService: stats => 1697996169381,-134,4160,-194,0,100
10-22 19:36:09.415  3957  4128 D WifiService: getConnectionInfo uid=1000
10-22 19:36:09.488 25092 25391 I BatteryMgr:DataCollectionService: stats => 1697996169488,-134,4160,-194,0,100
10-22 19:36:09.593 25092 25391 I BatteryMgr:DataCollectionService: stats => 1697996169593,-134,4160,-194,0,100
10-22 19:36:09.698 25092 25391 I BatteryMgr:DataCollectionService: stats => 1697996169698,-134,4160,-194,0,100
10-22 19:36:09.804 25092 25391 I BatteryMgr:DataCollectionService: stats => 1697996169804,-134,4160,-194,0,100
10-22 19:36:09.913 25092 25391 I BatteryMgr:DataCollectionService: stats => 1697996169912,-134,4160,-194,0,100
10-22 19:36:09.928  8860 21424 I GCoreUlr: Successfully inserted 1 locations
10-22 19:36:09.993  3957  4129 D WifiStateMachine:  ConnectedState !RSSI_PKTCNT_FETCH uid=1000 rt=602576577/1658552050 0 0 "ourhome" f4:6d:2f:12:cc:88 rssi=-48 f=5240 sc=60 link=433 tx=2.7, 0.0, 0.0  rx=17.7 bcn=591957 [on:0 tx:0 rx:0 period:1000] from screen [on:166953 period:1113661] score=60
10-22 19:36:09.994  3957  4129 D WifiStateMachine:  L2ConnectedState !RSSI_PKTCNT_FETCH uid=1000 rt=602576578/1658552051 0 0 "ourhome" f4:6d:2f:12:cc:88 rssi=-48 f=5240 sc=60 link=433 tx=2.7, 0.0, 0.0  rx=17.7 bcn=591957 [on:0 tx:0 rx:0 period:1] from screen [on:166953 period:1113662] score=60
10-22 19:36:09.996  3957  4129 D WifiStateMachine: fetchRssiLinkSpeedAndFrequencyNative rssi=-48 linkspeed=433 freq=5240
10-22 19:36:09.996  3957  4129 V WifiConfigManager: Updating scan detail cache freq=5240 BSSID=f4:6d:2f:12:cc:88 RSSI=-47 for "ourhome"WPA_PSK
10-22 19:36:10.018 25092 25391 I BatteryMgr:DataCollectionService: stats => 1697996170018,-134,4160,-194,0,100
10-22 19:36:10.124 25092 25391 I BatteryMgr:DataCollectionService: stats => 1697996170124,-134,4160,-194,0,100
10-22 19:36:10.230  8860 25631 I SemanticLocation: (REDACTED) [Inferrer] %s%s
10-22 19:36:10.232 25092 25391 I BatteryMgr:DataCollectionService: stats => 1697996170232,-134,4160,-194,0,100
10-22 19:36:10.272  8860 21424 I GCoreUlr: Starting scheduled upload task
10-22 19:36:10.318  3957 14904 D ConnectivityService: filterNetworkStateForUid() uid: 10025 networkInfo: [type: WIFI[] - WIFI, state: CONNECTED/CONNECTED, reason: (unspecified), extra: "ourhome", failover: false, available: true, roaming: false, metered: false]
10-22 19:36:10.318  3957 14904 D WifiService: getConnectionInfo uid=1000
10-22 19:36:10.321  3957  6478 D SSRM:k  : SIOP:: AP = 430, PST = 360 (W:10), BAT = 293, USB = 0, CHG = 0
10-22 19:36:10.339 25092 25391 I BatteryMgr:DataCollectionService: stats => 1697996170339,-134,4160,-194,0,100
10-22 19:36:10.361  8860 21424 I GCoreUlr: LocationReporter sending 6 locations, 0 activities, and 4 metadata for account account#0# request #0; requests: []
10-22 19:36:10.417  3957  4128 D WifiService: getConnectionInfo uid=1000
10-22 19:36:10.444 25092 25391 I BatteryMgr:DataCollectionService: stats => 1697996170444,-134,4160,-194,0,100
10-22 19:36:10.521  3599  3918 D DnsProxyListener: DNSDBG::dns addrinfo af 0
10-22 19:36:10.549 25092 25391 I BatteryMgr:DataCollectionService: stats => 1697996170549,-134,4160,-194,0,100
10-22 19:36:10.565  8860 25631 W Conscrypt: Could not set socket write timeout: java.net.SocketException: Socket closed
10-22 19:36:10.566  8860 25631 W Conscrypt: 	at com.google.android.gms.org.conscrypt.Platform.setSocketWriteTimeout(:com.google.android.gms@233918019@23.39.18 (040400-572044148):226)
10-22 19:36:10.566  8860 25631 W Conscrypt: 	at com.google.android.gms.org.conscrypt.ConscryptFileDescriptorSocket.setSoWriteTimeout(:com.google.android.gms@233918019@23.39.18 (040400-572044148):4)
10-22 19:36:10.583  8860 25631 W Conscrypt: Could not set socket write timeout: java.net.SocketException: Socket closed
10-22 19:36:10.583  8860 25631 W Conscrypt: 	at com.google.android.gms.org.conscrypt.Platform.setSocketWriteTimeout(:com.google.android.gms@233918019@23.39.18 (040400-572044148):226)
10-22 19:36:10.583  8860 25631 W Conscrypt: 	at com.google.android.gms.org.conscrypt.ConscryptFileDescriptorSocket.setSoWriteTimeout(:com.google.android.gms@233918019@23.39.18 (040400-572044148):4)
10-22 19:36:10.654 25092 25391 I BatteryMgr:DataCollectionService: stats => 1697996170654,-134,4160,-194,0,100
10-22 19:36:10.760 25092 25391 I BatteryMgr:DataCollectionService: stats => 1697996170760,-134,4160,-194,0,100
10-22 19:36:10.824  8860 21424 I GCoreUlr: Batch Location Update succeeded for account account#0#
10-22 19:36:10.864 25092 25391 I BatteryMgr:DataCollectionService: stats => 1697996170864,-134,4160,-194,0,100
10-22 19:36:10.970 25092 25391 I BatteryMgr:DataCollectionService: stats => 1697996170970,-134,4160,-194,0,100
10-22 19:36:10.993  3957  4129 D WifiStateMachine:  ConnectedState !RSSI_PKTCNT_FETCH uid=1000 rt=602577578/1658553051 0 0 "ourhome" f4:6d:2f:12:cc:88 rssi=-48 f=5240 sc=60 link=433 tx=2.7, 0.0, 0.0  rx=17.7 bcn=591957 [on:0 tx:0 rx:0 period:999] from screen [on:166953 period:1114661] score=60
10-22 19:36:10.995  3957  4129 D WifiStateMachine:  L2ConnectedState !RSSI_PKTCNT_FETCH uid=1000 rt=602577579/1658553052 0 0 "ourhome" f4:6d:2f:12:cc:88 rssi=-48 f=5240 sc=60 link=433 tx=2.7, 0.0, 0.0  rx=17.7 bcn=591957 [on:0 tx:0 rx:0 period:2] from screen [on:166953 period:1114663] score=60
10-22 19:36:10.996  3957  4129 D WifiStateMachine: fetchRssiLinkSpeedAndFrequencyNative rssi=-48 linkspeed=433 freq=5240
10-22 19:36:10.997  3957  4129 V WifiConfigManager: Updating scan detail cache freq=5240 BSSID=f4:6d:2f:12:cc:88 RSSI=-47 for "ourhome"WPA_PSK
10-22 19:36:11.075 25092 25391 I BatteryMgr:DataCollectionService: stats => 1697996171075,-134,4160,-194,0,100
10-22 19:36:11.180 25092 25391 I BatteryMgr:DataCollectionService: stats => 1697996171180,-134,4160,-194,0,100
10-22 19:36:11.208  3957  4129 D WifiStateMachine:  ConnectedState !CMD_RSSI_POLL rt=602577791/1658553264 122 0 "ourhome" f4:6d:2f:12:cc:88 rssi=-48 f=5240 sc=60 link=433 tx=2.7, 0.0, 0.0  rx=17.7 bcn=591957 [on:0 tx:0 rx:0 period:212] from screen [on:166953 period:1114875] score=60
10-22 19:36:11.209  3957  4129 D WifiStateMachine:  L2ConnectedState !CMD_RSSI_POLL rt=602577793/1658553266 122 0 "ourhome" f4:6d:2f:12:cc:88 rssi=-48 f=5240 sc=60 link=433 tx=2.7, 0.0, 0.0  rx=17.7 bcn=591957 [on:0 tx:0 rx:0 period:2] from screen [on:166953 period:1114877] score=60
10-22 19:36:11.209  3957  4129 D WifiStateMachine:  get link layer stats 3
10-22 19:36:11.209  3436  3436 I android.hardware.wifi@1.0-service: getLinkLayerStats
10-22 19:36:11.213  3957  4129 D WifiStateMachine: fetchRssiLinkSpeedAndFrequencyNative rssi=-49 linkspeed=433 freq=5240
10-22 19:36:11.213  3957  4129 V WifiConfigManager: Updating scan detail cache freq=5240 BSSID=f4:6d:2f:12:cc:88 RSSI=-48 for "ourhome"WPA_PSK
10-22 19:36:11.216  4340  4340 E SignalClusterView: setSlotFocusVisible : subId -2
10-22 19:36:11.216  4340  4340 E SignalClusterView: setSlotFocusVisible : subId -2
10-22 19:36:11.284 25092 25391 I BatteryMgr:DataCollectionService: stats => 1697996171284,-134,4160,-194,0,100
10-22 19:36:11.391 25092 25391 I BatteryMgr:DataCollectionService: stats => 1697996171391,-134,4160,-194,0,100
10-22 19:36:11.419  3957  4128 D WifiService: getConnectionInfo uid=1000
10-22 19:36:11.496 25092 25391 I BatteryMgr:DataCollectionService: stats => 1697996171496,-134,4160,-194,0,100
10-22 19:36:11.602 25092 25391 I BatteryMgr:DataCollectionService: stats => 1697996171602,-134,4160,-194,0,100
10-22 19:36:11.708 25092 25391 I BatteryMgr:DataCollectionService: stats => 1697996171708,-130,4160,-177,0,100
10-22 19:36:11.813 25092 25391 I BatteryMgr:DataCollectionService: stats => 1697996171813,-130,4160,-177,0,100
10-22 19:36:11.918 25092 25391 I BatteryMgr:DataCollectionService: stats => 1697996171918,-130,4160,-177,0,100
10-22 19:36:11.995  3957  4129 D WifiStateMachine:  ConnectedState !RSSI_PKTCNT_FETCH uid=1000 rt=602578579/1658554052 0 0 "ourhome" f4:6d:2f:12:cc:88 rssi=-49 f=5240 sc=60 link=433 tx=15.6, 0.0, 0.0  rx=37.5 bcn=591986 [on:0 tx:0 rx:0 period:780] from screen [on:168433 period:1115663] score=60
10-22 19:36:11.996  3957  4129 D WifiStateMachine:  L2ConnectedState !RSSI_PKTCNT_FETCH uid=1000 rt=602578581/1658554053 0 0 "ourhome" f4:6d:2f:12:cc:88 rssi=-49 f=5240 sc=60 link=433 tx=15.6, 0.0, 0.0  rx=37.5 bcn=591986 [on:0 tx:0 rx:0 period:1] from screen [on:168433 period:1115664] score=60
10-22 19:36:12.002  3957  4129 D WifiStateMachine: fetchRssiLinkSpeedAndFrequencyNative rssi=-46 linkspeed=433 freq=5240
10-22 19:36:12.002  3957  4129 V WifiConfigManager: Updating scan detail cache freq=5240 BSSID=f4:6d:2f:12:cc:88 RSSI=-46 for "ourhome"WPA_PSK
10-22 19:36:12.023 25092 25391 I BatteryMgr:DataCollectionService: stats => 1697996172023,-130,4160,-177,0,100
10-22 19:36:12.076  3957  7899 D BatteryService: !@BatteryListener : batteryPropertiesChanged!
10-22 19:36:12.129 25092 25391 I BatteryMgr:DataCollectionService: stats => 1697996172129,-130,4160,-177,0,100
10-22 19:36:12.233 25092 25391 I BatteryMgr:DataCollectionService: stats => 1697996172233,-130,4160,-177,0,100
10-22 19:36:12.257  3957  4030 D SensorService: [SO] 0.177 -0.105 9.979
10-22 19:36:12.339 25092 25391 I BatteryMgr:DataCollectionService: stats => 1697996172339,-130,4160,-177,0,100
10-22 19:36:12.421  3957  4128 D WifiService: getConnectionInfo uid=1000
10-22 19:36:12.445 25092 25391 I BatteryMgr:DataCollectionService: stats => 1697996172445,-130,4160,-177,0,100
10-22 19:36:12.553 25092 25391 I BatteryMgr:DataCollectionService: stats => 1697996172553,-130,4160,-177,0,100
10-22 19:36:12.558  9273  9310 D ScanRecord: Not a Multi Manu data
10-22 19:36:12.655  9273  9310 I chatty  : uid=1002(bluetooth) BT Service Call identical 153 lines
10-22 19:36:12.661 25092 25391 I BatteryMgr:DataCollectionService: stats => 1697996172661,-130,4160,-177,0,100
10-22 19:36:12.661  9273  9310 D ScanRecord: Not a Multi Manu data
10-22 19:36:12.661  9273  9310 D ScanRecord: Not a Multi Manu data
10-22 19:36:12.751  9273  9310 I chatty  : uid=1002(bluetooth) BT Service Call identical 151 lines
10-22 19:36:12.751  9273  9310 D ScanRecord: Not a Multi Manu data
10-22 19:36:12.770 25092 25391 I BatteryMgr:DataCollectionService: stats => 1697996172770,-130,4160,-177,0,100
10-22 19:36:12.773  9273  9310 D ScanRecord: Not a Multi Manu data
10-22 19:36:12.873  9273  9310 I chatty  : uid=1002(bluetooth) BT Service Call identical 152 lines
10-22 19:36:12.873  9273  9310 D ScanRecord: Not a Multi Manu data
10-22 19:36:12.875 25092 25391 I BatteryMgr:DataCollectionService: stats => 1697996172875,-130,4160,-177,0,100
10-22 19:36:12.879  9273  9310 D ScanRecord: Not a Multi Manu data
10-22 19:36:12.980  9273  9310 I chatty  : uid=1002(bluetooth) BT Service Call identical 141 lines
10-22 19:36:12.980  9273  9310 D ScanRecord: Not a Multi Manu data
10-22 19:36:12.981 25092 25391 I BatteryMgr:DataCollectionService: stats => 1697996172981,-130,4160,-177,0,100
10-22 19:36:12.984  9273  9310 D ScanRecord: Not a Multi Manu data
10-22 19:36:12.986  9273  9310 I chatty  : uid=1002(bluetooth) BT Service Call identical 20 lines
10-22 19:36:12.986  9273  9310 D ScanRecord: Not a Multi Manu data
10-22 19:36:12.996  3957  4129 D WifiStateMachine:  ConnectedState !RSSI_PKTCNT_FETCH uid=1000 rt=602579580/1658555053 0 0 "ourhome" f4:6d:2f:12:cc:88 rssi=-46 f=5240 sc=60 link=433 tx=15.6, 0.0, 0.0  rx=37.5 bcn=591986 [on:0 tx:0 rx:0 period:999] from screen [on:168433 period:1116663] score=60
10-22 19:36:12.997  3957  4129 D WifiStateMachine:  L2ConnectedState !RSSI_PKTCNT_FETCH uid=1000 rt=602579581/1658555054 0 0 "ourhome" f4:6d:2f:12:cc:88 rssi=-46 f=5240 sc=60 link=433 tx=15.6, 0.0, 0.0  rx=37.5 bcn=591986 [on:0 tx:0 rx:0 period:2] from screen [on:168433 period:1116665] score=60
10-22 19:36:12.998  3957  4129 D WifiStateMachine: fetchRssiLinkSpeedAndFrequencyNative rssi=-50 linkspeed=433 freq=5240
10-22 19:36:12.998  3957  4129 V WifiConfigManager: Updating scan detail cache freq=5240 BSSID=f4:6d:2f:12:cc:88 RSSI=-48 for "ourhome"WPA_PSK
10-22 19:36:13.001  9273  9310 D ScanRecord: Not a Multi Manu data
10-22 19:36:13.043  9273  9310 I chatty  : uid=1002(bluetooth) BT Service Call identical 75 lines
10-22 19:36:13.043  9273  9310 D ScanRecord: Not a Multi Manu data
10-22 19:36:13.086 25092 25391 I BatteryMgr:DataCollectionService: stats => 1697996173086,-130,4160,-177,0,100
10-22 19:36:13.192 25092 25391 I BatteryMgr:DataCollectionService: stats => 1697996173192,-130,4160,-177,0,100
10-22 19:36:13.298 25092 25391 I BatteryMgr:DataCollectionService: stats => 1697996173298,-130,4160,-177,0,100
10-22 19:36:13.403 25092 25391 I BatteryMgr:DataCollectionService: stats => 1697996173403,-130,4160,-177,0,100
10-22 19:36:13.423  3957  4128 D WifiService: getConnectionInfo uid=1000
10-22 19:36:13.509 25092 25391 I BatteryMgr:DataCollectionService: stats => 1697996173509,-130,4160,-177,0,100
10-22 19:36:13.615 25092 25391 I BatteryMgr:DataCollectionService: stats => 1697996173615,-130,4160,-177,0,100
10-22 19:36:13.720 25092 25391 I BatteryMgr:DataCollectionService: stats => 1697996173720,-130,4160,-177,0,100
10-22 19:36:13.824 25092 25391 I BatteryMgr:DataCollectionService: stats => 1697996173824,-130,4160,-177,0,100
10-22 19:36:13.932 25092 25391 I BatteryMgr:DataCollectionService: stats => 1697996173932,-130,4160,-177,0,100
10-22 19:36:13.996  3957  4129 D WifiStateMachine:  ConnectedState !RSSI_PKTCNT_FETCH uid=1000 rt=602580581/1658556054 0 0 "ourhome" f4:6d:2f:12:cc:88 rssi=-50 f=5240 sc=60 link=433 tx=15.6, 0.0, 0.0  rx=37.5 bcn=591986 [on:0 tx:0 rx:0 period:999] from screen [on:168433 period:1117664] score=60
10-22 19:36:13.998  3957  4129 D WifiStateMachine:  L2ConnectedState !RSSI_PKTCNT_FETCH uid=1000 rt=602580582/1658556055 0 0 "ourhome" f4:6d:2f:12:cc:88 rssi=-50 f=5240 sc=60 link=433 tx=15.6, 0.0, 0.0  rx=37.5 bcn=591986 [on:0 tx:0 rx:0 period:1] from screen [on:168433 period:1117665] score=60
10-22 19:36:14.003  3957  4129 D WifiStateMachine: fetchRssiLinkSpeedAndFrequencyNative rssi=-48 linkspeed=433 freq=5240
10-22 19:36:14.003  3957  4129 V WifiConfigManager: Updating scan detail cache freq=5240 BSSID=f4:6d:2f:12:cc:88 RSSI=-48 for "ourhome"WPA_PSK
10-22 19:36:14.036 25092 25391 I BatteryMgr:DataCollectionService: stats => 1697996174036,-130,4160,-177,0,100
10-22 19:36:14.083  4961  4961 D io_stats: !@ 179,0 r 10132572 332667720 w 2158202 42254404 d 173830 37252768 f 639930 665384 iot 4632536 3991825 th 51200 0 0 pt 0 inp 0 0 602580.668
10-22 19:36:14.098 25137 25148 I zygote64: Background concurrent copying GC freed 193714(5MB) AllocSpace objects, 0(0B) LOS objects, 49% free, 6MB/12MB, paused 2.719ms total 146.376ms
10-22 19:36:14.142 25092 25391 I BatteryMgr:DataCollectionService: stats => 1697996174142,-130,4160,-177,0,100
10-22 19:36:14.215  3957  4129 D WifiStateMachine:  ConnectedState !CMD_RSSI_POLL rt=602580800/1658556272 122 0 "ourhome" f4:6d:2f:12:cc:88 rssi=-48 f=5240 sc=60 link=433 tx=15.6, 0.0, 0.0  rx=37.5 bcn=591986 [on:0 tx:0 rx:0 period:218] from screen [on:168433 period:1117883] score=60
10-22 19:36:14.216  3957  4129 D WifiStateMachine:  L2ConnectedState !CMD_RSSI_POLL rt=602580801/1658556273 122 0 "ourhome" f4:6d:2f:12:cc:88 rssi=-48 f=5240 sc=60 link=433 tx=15.6, 0.0, 0.0  rx=37.5 bcn=591986 [on:0 tx:0 rx:0 period:1] from screen [on:168433 period:1117884] score=60
10-22 19:36:14.216  3957  4129 D WifiStateMachine:  get link layer stats 3
10-22 19:36:14.217  3436  3436 I android.hardware.wifi@1.0-service: getLinkLayerStats
10-22 19:36:14.234  3957  4129 D WifiStateMachine: fetchRssiLinkSpeedAndFrequencyNative rssi=-47 linkspeed=433 freq=5240
10-22 19:36:14.235  3957  4129 V WifiConfigManager: Updating scan detail cache freq=5240 BSSID=f4:6d:2f:12:cc:88 RSSI=-47 for "ourhome"WPA_PSK
10-22 19:36:14.237  4340  4340 E SignalClusterView: setSlotFocusVisible : subId -2
10-22 19:36:14.237  4340  4340 E SignalClusterView: setSlotFocusVisible : subId -2
10-22 19:36:14.248 25092 25391 I BatteryMgr:DataCollectionService: stats => 1697996174248,-130,4160,-177,0,100
10-22 19:36:14.353 25092 25391 I BatteryMgr:DataCollectionService: stats => 1697996174353,-130,4160,-177,0,100
10-22 19:36:14.425  3957  4128 D WifiService: getConnectionInfo uid=1000
10-22 19:36:14.458 25092 25391 I BatteryMgr:DataCollectionService: stats => 1697996174458,-130,4160,-177,0,100
10-22 19:36:14.569 25092 25391 I BatteryMgr:DataCollectionService: stats => 1697996174569,-130,4160,-177,0,100
10-22 19:36:14.675 25092 25391 I BatteryMgr:DataCollectionService: stats => 1697996174675,-130,4160,-177,0,100
10-22 19:36:14.782 25092 25391 I BatteryMgr:DataCollectionService: stats => 1697996174782,-130,4160,-177,0,100
10-22 19:36:14.889 25092 25391 I BatteryMgr:DataCollectionService: stats => 1697996174889,-130,4160,-177,0,100
10-22 19:36:14.996 25092 25391 I BatteryMgr:DataCollectionService: stats => 1697996174996,-130,4160,-177,0,100
10-22 19:36:14.998  3957  4129 D WifiStateMachine:  ConnectedState !RSSI_PKTCNT_FETCH uid=1000 rt=602581582/1658557055 0 0 "ourhome" f4:6d:2f:12:cc:88 rssi=-47 f=5240 sc=60 link=433 tx=5.7, 0.0, 0.0  rx=41.0 bcn=592016 [on:0 tx:0 rx:0 period:761] from screen [on:169215 period:1118666] score=60
10-22 19:36:14.999  3957  4129 D WifiStateMachine:  L2ConnectedState !RSSI_PKTCNT_FETCH uid=1000 rt=602581583/1658557056 0 0 "ourhome" f4:6d:2f:12:cc:88 rssi=-47 f=5240 sc=60 link=433 tx=5.7, 0.0, 0.0  rx=41.0 bcn=592016 [on:0 tx:0 rx:0 period:1] from screen [on:169215 period:1118667] score=60
10-22 19:36:15.004  3957  4129 D WifiStateMachine: fetchRssiLinkSpeedAndFrequencyNative rssi=-46 linkspeed=433 freq=5240
10-22 19:36:15.004  3957  4129 V WifiConfigManager: Updating scan detail cache freq=5240 BSSID=f4:6d:2f:12:cc:88 RSSI=-46 for "ourhome"WPA_PSK
10-22 19:36:15.101 25092 25391 I BatteryMgr:DataCollectionService: stats => 1697996175100,-130,4160,-177,0,100
10-22 19:36:15.167  3957  4045 D SamsungAlarmManager: Expired : 4
10-22 19:36:15.167  3957  4045 I SamsungAlarmManager: setLocked to kernel - T:2 / 20231022T195105, SetElapsed=1659447553, nowELAPSED=1658557225
10-22 19:36:15.167  3957  4045 I SamsungAlarmManager: setLocked to kernel - T:3 / 20231022T193700, SetElapsed=1658602058, nowELAPSED=1658557225
10-22 19:36:15.168  3957  4045 V SamsungAlarmManager: Sending to uid : 1000 listener=android.app.AlarmManager$ListenerWrapper@c611c1a alarm=Alarm{41adab7 type 2 when 1658557225 android}
10-22 19:36:15.169  3957  4045 V SamsungAlarmManager: Sending to uid : 10074 action=com.samsung.action.EVERY_MINUTE_CLOCK_UPDATE alarm=Alarm{e9d1224 type 1 when 1697996160000 com.sec.android.app.launcher}
10-22 19:36:15.172  3957  3957 D SamsungAlarmManager: setInexact Listener (T:2/F:0/AC:false) 20231022T194025 - CU:1000/CP:3957
10-22 19:36:15.172  3957  3957 I SamsungAlarmManager: setLocked to kernel - T:2 / 20231022T194025, SetElapsed=1658807520, nowELAPSED=1658557230
10-22 19:36:15.175  8695  8695 I Launcher: onReceive: com.samsung.action.EVERY_MINUTE_CLOCK_UPDATE
10-22 19:36:15.183  3957 14904 D SamsungAlarmManager: setInexact Intent (T:1/F:0/AC:false) 20231022T193700 - CU:10074/CP:8695
10-22 19:36:15.185  8695  8695 I IconView: applyFromShortcutInfo - start GetLive : com.samsung.android.calendar
10-22 19:36:15.185  8695  8695 I BitmapCacheContainer: getBitmapCache: BitmapCache expired com.samsung.android.calendar/UserHandle{0}
10-22 19:36:15.191  8695  8695 D ApplicationPackageManager: we has com.samsung.android.calendar class. reuse it 
10-22 19:36:15.205 25092 25391 I BatteryMgr:DataCollectionService: stats => 1697996175205,-130,4160,-177,0,100
10-22 19:36:15.228  8695  8695 I ApplicationPackageManager: load= live icon for com.samsung.android.calendar, from overlay = false
10-22 19:36:15.229  8695  8695 I LiveIconManager: getLiveIcon: complete(sync_created)
10-22 19:36:15.229  8695  8695 I IconView: applyFromShortcutInfo - end GetLive : com.samsung.android.calendar
10-22 19:36:15.233  8695  8695 I IconView: applyFromApplicationInfo - start GetLive : com.sec.android.app.clockpackage
10-22 19:36:15.235  8695  8695 D ApplicationPackageManager: we has com.sec.android.app.clockpackage class. reuse it 
10-22 19:36:15.235  8695  8695 D LiveIconLoader: getLiveIcon was called in ClockPackage
10-22 19:36:15.237  8695  8695 D LiveIconLoader: getLiveIcon res = com.sec.android.app.clockpackage
10-22 19:36:15.237  8695  8695 D LiveIconLoader: stdIconSize : 84 , targetIconSize : 94
10-22 19:36:15.238  8695  8695 D LiveIconLoader: mIconDpi : 320 , mTargetIconDpi : 280
10-22 19:36:15.252  8695  8695 I ApplicationPackageManager: load= live icon for com.sec.android.app.clockpackage, from overlay = false
10-22 19:36:15.253  8695  8695 I LiveIconManager: getLiveIcon: complete(sync_created)
10-22 19:36:15.253  8695  8695 I IconView: applyFromApplicationInfo - end GetLive : com.sec.android.app.clockpackage
10-22 19:36:15.253  8695  8695 I IconView: applyFromApplicationInfo - start GetLive : com.samsung.android.calendar
10-22 19:36:15.253  8695  8695 I IconView: applyFromApplicationInfo - end GetLive : com.samsung.android.calendar
10-22 19:36:15.312 25092 25391 I BatteryMgr:DataCollectionService: stats => 1697996175312,-130,4160,-177,0,100
10-22 19:36:15.319  8778  8880 I A       : Cobalt: try to find ProjectConfig for given tags
10-22 19:36:15.321  8778  8880 W A       : Cobalt: couldn't find ProjectConfig for given tags
10-22 19:36:15.399  8778  8881 I WM-WorkerWrapper: Worker result SUCCESS for Work [ id=131f22be-724d-4b17-a87d-52e38a0031d3, tags={ com.google.apps.tiktok.contrib.work.TikTokListenableWorker, TikTokWorker#com.google.apps.tiktok.sync.impl.workmanager.SyncWorker } ]
10-22 19:36:15.417 25092 25391 I BatteryMgr:DataCollectionService: stats => 1697996175417,-130,4160,-177,0,100
10-22 19:36:15.427  3957  4128 D WifiService: getConnectionInfo uid=1000
10-22 19:36:15.449  3957 14904 I SamsungAlarmManager: setLocked to kernel - T:2 / 20231022T195105, SetElapsed=1659447553, nowELAPSED=1658557507
10-22 19:36:15.449  3957 14904 D SamsungAlarmManager: setInexact Listener (T:2/F:0/AC:false) 20231022T194025 - CU:1000/CP:3957
10-22 19:36:15.450  3957 14904 I SamsungAlarmManager: setLocked to kernel - T:2 / 20231022T194025, SetElapsed=1658807520, nowELAPSED=1658557508
10-22 19:36:15.453  3957 14904 D SamsungAlarmManager: setInexact Listener (T:2/F:0/AC:false) 20231022T194525 - CU:1000/CP:3957
10-22 19:36:15.479  3957 14904 D PackageManager: setEnabledSetting : userId = 0 packageName = com.google.android.googlequicksearchbox cmp = androidx.work.impl.background.systemalarm.RescheduleReceiver newState = 1 callingPackage = 10075/com.google.android.googlequicksearchbox
10-22 19:36:15.524 25092 25391 I BatteryMgr:DataCollectionService: stats => 1697996175524,-130,4160,-177,0,100
10-22 19:36:15.568  3957 14904 I SamsungAlarmManager: setLocked to kernel - T:2 / 20231022T194839, SetElapsed=1659301557, nowELAPSED=1658557626
10-22 19:36:15.569  3957 14904 D SamsungAlarmManager: setInexact Listener (T:2/F:0/AC:false) 20231022T194025 - CU:1000/CP:3957
10-22 19:36:15.569  3957 14904 I SamsungAlarmManager: setLocked to kernel - T:2 / 20231022T194025, SetElapsed=1658807520, nowELAPSED=1658557627
10-22 19:36:15.574  3957 14904 D SamsungAlarmManager: setInexact Listener (T:2/F:0/AC:false) 20231022T194525 - CU:1000/CP:3957
10-22 19:36:15.590  3957 14904 D PackageManager: setEnabledSetting : userId = 0 packageName = com.google.android.googlequicksearchbox cmp = androidx.work.impl.background.systemalarm.RescheduleReceiver newState = 1 callingPackage = 10075/com.google.android.googlequicksearchbox
10-22 19:36:15.612  3957 14904 D ConnectivityService: filterNetworkStateForUid() uid: 10075 networkInfo: [type: WIFI[] - WIFI, state: CONNECTED/CONNECTED, reason: (unspecified), extra: "ourhome", failover: false, available: true, roaming: false, metered: false]
10-22 19:36:15.616  3957 14904 D WifiService: getConnectionInfo uid=1000
10-22 19:36:15.631 25092 25391 I BatteryMgr:DataCollectionService: stats => 1697996175630,-130,4160,-177,0,100
10-22 19:36:15.638  3957 14904 D PackageManager: setEnabledSetting : userId = 0 packageName = com.google.android.googlequicksearchbox cmp = androidx.work.impl.background.systemalarm.RescheduleReceiver newState = 1 callingPackage = 10075/com.google.android.googlequicksearchbox
10-22 19:36:15.684  3957 14904 I SamsungAlarmManager: setLocked to kernel - T:2 / 20231022T194839, SetElapsed=1659301557, nowELAPSED=1658557742
10-22 19:36:15.684  3957 14904 D SamsungAlarmManager: setInexact Listener (T:2/F:0/AC:false) 20231022T194025 - CU:1000/CP:3957
10-22 19:36:15.684  3957 14904 I SamsungAlarmManager: setLocked to kernel - T:2 / 20231022T194025, SetElapsed=1658807520, nowELAPSED=1658557742
10-22 19:36:15.689  3957 14904 D SamsungAlarmManager: setInexact Listener (T:2/F:0/AC:false) 20231022T194525 - CU:1000/CP:3957
10-22 19:36:15.702  3957 14904 D PackageManager: setEnabledSetting : userId = 0 packageName = com.google.android.googlequicksearchbox cmp = androidx.work.impl.background.systemalarm.RescheduleReceiver newState = 1 callingPackage = 10075/com.google.android.googlequicksearchbox
10-22 19:36:15.724  3957 14904 D ConnectivityService: filterNetworkStateForUid() uid: 10075 networkInfo: [type: WIFI[] - WIFI, state: CONNECTED/CONNECTED, reason: (unspecified), extra: "ourhome", failover: false, available: true, roaming: false, metered: false]
10-22 19:36:15.724  3957 14904 D WifiService: getConnectionInfo uid=1000
10-22 19:36:15.737 25092 25391 I BatteryMgr:DataCollectionService: stats => 1697996175737,-130,4160,-177,0,100
10-22 19:36:15.752  3957 14904 I SamsungAlarmManager: setLocked to kernel - T:2 / 20231022T194839, SetElapsed=1659301557, nowELAPSED=1658557810
10-22 19:36:15.752  3957 14904 D SamsungAlarmManager: setInexact Listener (T:2/F:0/AC:false) 20231022T194025 - CU:1000/CP:3957
10-22 19:36:15.752  3957 14904 I SamsungAlarmManager: setLocked to kernel - T:2 / 20231022T194025, SetElapsed=1658807520, nowELAPSED=1658557811
10-22 19:36:15.757  3957 14904 D SamsungAlarmManager: setInexact Listener (T:2/F:0/AC:false) 20231022T194525 - CU:1000/CP:3957
10-22 19:36:15.771  3957 14904 D PackageManager: setEnabledSetting : userId = 0 packageName = com.google.android.googlequicksearchbox cmp = androidx.work.impl.background.systemalarm.RescheduleReceiver newState = 1 callingPackage = 10075/com.google.android.googlequicksearchbox
10-22 19:36:15.794  3957 14904 D ConnectivityService: filterNetworkStateForUid() uid: 10075 networkInfo: [type: WIFI[] - WIFI, state: CONNECTED/CONNECTED, reason: (unspecified), extra: "ourhome", failover: false, available: true, roaming: false, metered: false]
10-22 19:36:15.795  3957 14904 D WifiService: getConnectionInfo uid=1000
10-22 19:36:15.843 25092 25391 I BatteryMgr:DataCollectionService: stats => 1697996175843,-130,4160,-177,0,100
10-22 19:36:15.908  3957  4416 E Watchdog: !@Sync 20078 [2023-10-22 19:36:15.908]
10-22 19:36:15.910  3957  3966 I zygote64: Background concurrent copying GC freed 486276(20MB) AllocSpace objects, 178(3MB) LOS objects, 36% free, 42MB/66MB, paused 8.104ms total 459.678ms
10-22 19:36:15.951 25092 25391 I BatteryMgr:DataCollectionService: stats => 1697996175951,-130,4160,-177,0,100
10-22 19:36:16.000  3957  4129 D WifiStateMachine:  ConnectedState !RSSI_PKTCNT_FETCH uid=1000 rt=602582584/1658558056 0 0 "ourhome" f4:6d:2f:12:cc:88 rssi=-46 f=5240 sc=60 link=433 tx=5.7, 0.0, 0.0  rx=41.0 bcn=592016 [on:0 tx:0 rx:0 period:1000] from screen [on:169215 period:1119667] score=60
10-22 19:36:16.001  3957  4129 D WifiStateMachine:  L2ConnectedState !RSSI_PKTCNT_FETCH uid=1000 rt=602582585/1658558058 0 0 "ourhome" f4:6d:2f:12:cc:88 rssi=-46 f=5240 sc=60 link=433 tx=5.7, 0.0, 0.0  rx=41.0 bcn=592016 [on:0 tx:0 rx:0 period:2] from screen [on:169215 period:1119669] score=60
10-22 19:36:16.007  3957  4129 D WifiStateMachine: fetchRssiLinkSpeedAndFrequencyNative rssi=-45 linkspeed=433 freq=5240
10-22 19:36:16.007  3957  4129 V WifiConfigManager: Updating scan detail cache freq=5240 BSSID=f4:6d:2f:12:cc:88 RSSI=-45 for "ourhome"WPA_PSK
10-22 19:36:16.057 25092 25391 I BatteryMgr:DataCollectionService: stats => 1697996176057,-130,4160,-177,0,100
10-22 19:36:16.163 25092 25391 I BatteryMgr:DataCollectionService: stats => 1697996176163,-130,4160,-177,0,100
10-22 19:36:16.271 25092 25391 I BatteryMgr:DataCollectionService: stats => 1697996176271,-130,4160,-177,0,100
10-22 19:36:16.381 25092 25391 I BatteryMgr:DataCollectionService: stats => 1697996176380,-130,4160,-177,0,100
10-22 19:36:16.429  3957  4128 D WifiService: getConnectionInfo uid=1000
10-22 19:36:16.488 25092 25391 I BatteryMgr:DataCollectionService: stats => 1697996176488,-130,4160,-177,0,100
10-22 19:36:16.597 25092 25391 I BatteryMgr:DataCollectionService: stats => 1697996176596,-130,4160,-177,0,100
10-22 19:36:16.703 25092 25391 I BatteryMgr:DataCollectionService: stats => 1697996176703,-130,4160,-177,0,100
10-22 19:36:16.809 25092 25391 I BatteryMgr:DataCollectionService: stats => 1697996176808,-130,4160,-177,0,100
10-22 19:36:16.915 25092 25391 I BatteryMgr:DataCollectionService: stats => 1697996176915,-130,4160,-177,0,100
10-22 19:36:17.001  3957  4129 D WifiStateMachine:  ConnectedState !RSSI_PKTCNT_FETCH uid=1000 rt=602583586/1658559058 0 0 "ourhome" f4:6d:2f:12:cc:88 rssi=-45 f=5240 sc=60 link=433 tx=5.7, 0.0, 0.0  rx=41.0 bcn=592016 [on:0 tx:0 rx:0 period:1000] from screen [on:169215 period:1120669] score=60
10-22 19:36:17.002  3957  4129 D WifiStateMachine:  L2ConnectedState !RSSI_PKTCNT_FETCH uid=1000 rt=602583587/1658559059 0 0 "ourhome" f4:6d:2f:12:cc:88 rssi=-45 f=5240 sc=60 link=433 tx=5.7, 0.0, 0.0  rx=41.0 bcn=592016 [on:0 tx:0 rx:0 period:1] from screen [on:169215 period:1120670] score=60
10-22 19:36:17.003  3957  4129 D WifiStateMachine: fetchRssiLinkSpeedAndFrequencyNative rssi=-48 linkspeed=433 freq=5240
10-22 19:36:17.003  3957  4129 V WifiConfigManager: Updating scan detail cache freq=5240 BSSID=f4:6d:2f:12:cc:88 RSSI=-46 for "ourhome"WPA_PSK
10-22 19:36:17.021 25092 25391 I BatteryMgr:DataCollectionService: stats => 1697996177020,-130,4160,-177,0,100
10-22 19:36:17.125 25092 25391 I BatteryMgr:DataCollectionService: stats => 1697996177125,-130,4160,-177,0,100
10-22 19:36:17.233 25092 25391 I BatteryMgr:DataCollectionService: stats => 1697996177233,-130,4160,-177,0,100
10-22 19:36:17.235  3957  4129 D WifiStateMachine:  ConnectedState !CMD_RSSI_POLL rt=602583820/1658559293 122 0 "ourhome" f4:6d:2f:12:cc:88 rssi=-48 f=5240 sc=60 link=433 tx=5.7, 0.0, 0.0  rx=41.0 bcn=592016 [on:0 tx:0 rx:0 period:233] from screen [on:169215 period:1120903] score=60
10-22 19:36:17.236  3957  4129 D WifiStateMachine:  L2ConnectedState !CMD_RSSI_POLL rt=602583821/1658559294 122 0 "ourhome" f4:6d:2f:12:cc:88 rssi=-48 f=5240 sc=60 link=433 tx=5.7, 0.0, 0.0  rx=41.0 bcn=592016 [on:0 tx:0 rx:0 period:1] from screen [on:169215 period:1120904] score=60
10-22 19:36:17.237  3957  4129 D WifiStateMachine:  get link layer stats 3
10-22 19:36:17.237  3436  3436 I android.hardware.wifi@1.0-service: getLinkLayerStats
10-22 19:36:17.255  3957  4129 D WifiStateMachine: fetchRssiLinkSpeedAndFrequencyNative rssi=-48 linkspeed=433 freq=5240
10-22 19:36:17.255  3957  4129 V WifiConfigManager: Updating scan detail cache freq=5240 BSSID=f4:6d:2f:12:cc:88 RSSI=-47 for "ourhome"WPA_PSK
10-22 19:36:17.259  4340  4340 E SignalClusterView: setSlotFocusVisible : subId -2
10-22 19:36:17.259  4340  4340 E SignalClusterView: setSlotFocusVisible : subId -2
10-22 19:36:17.337 25092 25391 I BatteryMgr:DataCollectionService: stats => 1697996177337,-130,4160,-177,0,100
10-22 19:36:17.431  3957  4128 D WifiService: getConnectionInfo uid=1000
10-22 19:36:17.443 25092 25391 I BatteryMgr:DataCollectionService: stats => 1697996177443,-130,4160,-177,0,100
10-22 19:36:17.551  9273  9310 D ScanRecord: Not a Multi Manu data
10-22 19:36:17.551  9273  9310 I chatty  : uid=1002(bluetooth) BT Service Call identical 9 lines
10-22 19:36:17.551  9273  9310 D ScanRecord: Not a Multi Manu data
10-22 19:36:17.551 25092 25391 I BatteryMgr:DataCollectionService: stats => 1697996177551,-130,4160,-177,0,100
10-22 19:36:17.555  9273  9310 D ScanRecord: Not a Multi Manu data
10-22 19:36:17.658  9273  9310 I chatty  : uid=1002(bluetooth) BT Service Call identical 174 lines
10-22 19:36:17.658  9273  9310 D ScanRecord: Not a Multi Manu data
10-22 19:36:17.659 25092 25391 I BatteryMgr:DataCollectionService: stats => 1697996177659,-130,4160,-177,0,100
10-22 19:36:17.675  9273  9310 D ScanRecord: Not a Multi Manu data
10-22 19:36:17.760  9273  9310 I chatty  : uid=1002(bluetooth) BT Service Call identical 130 lines
10-22 19:36:17.760  9273  9310 D ScanRecord: Not a Multi Manu data
10-22 19:36:17.766 25092 25391 I BatteryMgr:DataCollectionService: stats => 1697996177766,-130,4160,-177,0,100
10-22 19:36:17.773  9273  9310 D ScanRecord: Not a Multi Manu data
10-22 19:36:17.871  9273  9310 I chatty  : uid=1002(bluetooth) BT Service Call identical 185 lines
10-22 19:36:17.871  9273  9310 D ScanRecord: Not a Multi Manu data
10-22 19:36:17.872 25092 25391 I BatteryMgr:DataCollectionService: stats => 1697996177872,-130,4160,-177,0,100
10-22 19:36:17.877  9273  9310 D ScanRecord: Not a Multi Manu data
10-22 19:36:17.971  9273  9310 I chatty  : uid=1002(bluetooth) BT Service Call identical 119 lines
10-22 19:36:17.971  9273  9310 D ScanRecord: Not a Multi Manu data
10-22 19:36:17.978 25092 25391 I BatteryMgr:DataCollectionService: stats => 1697996177978,-130,4160,-177,0,100
10-22 19:36:17.984  9273  9310 D ScanRecord: Not a Multi Manu data
10-22 19:36:17.988  9273  9310 I chatty  : uid=1002(bluetooth) BT Service Call identical 31 lines
10-22 19:36:17.988  9273  9310 D ScanRecord: Not a Multi Manu data
10-22 19:36:18.003  3957  4129 D WifiStateMachine:  ConnectedState !RSSI_PKTCNT_FETCH uid=1000 rt=602584587/1658560059 0 0 "ourhome" f4:6d:2f:12:cc:88 rssi=-48 f=5240 sc=60 link=433 tx=2.1, 0.0, 0.0  rx=22.0 bcn=592044 [on:0 tx:0 rx:0 period:745] from screen [on:169524 period:1121671] score=60
10-22 19:36:18.004  9273  9310 D ScanRecord: Not a Multi Manu data
10-22 19:36:18.004  9273  9310 I chatty  : uid=1002(bluetooth) BT Service Call identical 9 lines
10-22 19:36:18.004  9273  9310 D ScanRecord: Not a Multi Manu data
10-22 19:36:18.005  3957  4129 D WifiStateMachine:  L2ConnectedState !RSSI_PKTCNT_FETCH uid=1000 rt=602584589/1658560061 0 0 "ourhome" f4:6d:2f:12:cc:88 rssi=-48 f=5240 sc=60 link=433 tx=2.1, 0.0, 0.0  rx=22.0 bcn=592044 [on:0 tx:0 rx:0 period:1] from screen [on:169524 period:1121672] score=60
10-22 19:36:18.006  3957  4129 D WifiStateMachine: fetchRssiLinkSpeedAndFrequencyNative rssi=-49 linkspeed=433 freq=5240
10-22 19:36:18.006  3957  4129 V WifiConfigManager: Updating scan detail cache freq=5240 BSSID=f4:6d:2f:12:cc:88 RSSI=-48 for "ourhome"WPA_PSK
10-22 19:36:18.011  9273  9310 D ScanRecord: Not a Multi Manu data
10-22 19:36:18.042  9273  9310 I chatty  : uid=1002(bluetooth) BT Service Call identical 64 lines
10-22 19:36:18.042  9273  9310 D ScanRecord: Not a Multi Manu data
10-22 19:36:18.085 25092 25391 I BatteryMgr:DataCollectionService: stats => 1697996178085,-130,4160,-177,0,100
10-22 19:36:18.193 25092 25391 I BatteryMgr:DataCollectionService: stats => 1697996178193,-130,4160,-177,0,100
10-22 19:36:18.299 25092 25391 I BatteryMgr:DataCollectionService: stats => 1697996178299,-130,4160,-177,0,100
10-22 19:36:18.406 25092 25391 I BatteryMgr:DataCollectionService: stats => 1697996178406,-130,4160,-177,0,100
10-22 19:36:18.433  3957  4128 D WifiService: getConnectionInfo uid=1000
10-22 19:36:18.510 25092 25391 I BatteryMgr:DataCollectionService: stats => 1697996178510,-130,4160,-177,0,100
10-22 19:36:18.616 25092 25391 I BatteryMgr:DataCollectionService: stats => 1697996178616,-130,4160,-177,0,100
10-22 19:36:18.722 25092 25391 I BatteryMgr:DataCollectionService: stats => 1697996178722,-130,4160,-177,0,100
10-22 19:36:18.828 25092 25391 I BatteryMgr:DataCollectionService: stats => 1697996178828,-130,4160,-177,0,100
10-22 19:36:18.934 25092 25391 I BatteryMgr:DataCollectionService: stats => 1697996178934,-130,4160,-177,0,100
10-22 19:36:19.003  3957  4129 D WifiStateMachine:  ConnectedState !RSSI_PKTCNT_FETCH uid=1000 rt=602585587/1658561060 0 0 "ourhome" f4:6d:2f:12:cc:88 rssi=-49 f=5240 sc=60 link=433 tx=2.1, 0.0, 0.0  rx=22.0 bcn=592044 [on:0 tx:0 rx:0 period:999] from screen [on:169524 period:1122671] score=60
10-22 19:36:19.004  3957  4129 D WifiStateMachine:  L2ConnectedState !RSSI_PKTCNT_FETCH uid=1000 rt=602585589/1658561061 0 0 "ourhome" f4:6d:2f:12:cc:88 rssi=-49 f=5240 sc=60 link=433 tx=2.1, 0.0, 0.0  rx=22.0 bcn=592044 [on:0 tx:0 rx:0 period:1] from screen [on:169524 period:1122672] score=60
10-22 19:36:19.007  3957  4129 D WifiStateMachine: fetchRssiLinkSpeedAndFrequencyNative rssi=-47 linkspeed=433 freq=5240
10-22 19:36:19.007  3957  4129 V WifiConfigManager: Updating scan detail cache freq=5240 BSSID=f4:6d:2f:12:cc:88 RSSI=-47 for "ourhome"WPA_PSK
10-22 19:36:19.040 25092 25391 I BatteryMgr:DataCollectionService: stats => 1697996179040,-130,4160,-177,0,100
10-22 19:36:19.085  4961  4961 D io_stats: !@ 179,0 r 10133003 332678796 w 2158237 42255380 d 173832 37252776 f 639952 665406 iot 4632704 3991960 th 51200 0 0 pt 0 inp 0 0 602585.670
10-22 19:36:19.144 25092 25391 I BatteryMgr:DataCollectionService: stats => 1697996179144,-130,4160,-177,0,100
10-22 19:36:19.252 25092 25391 I BatteryMgr:DataCollectionService: stats => 1697996179251,-130,4160,-177,0,100
10-22 19:36:19.358 25092 25391 I BatteryMgr:DataCollectionService: stats => 1697996179358,-130,4160,-177,0,100
10-22 19:36:19.435  3957  4128 D WifiService: getConnectionInfo uid=1000
10-22 19:36:19.464 25092 25391 I BatteryMgr:DataCollectionService: stats => 1697996179464,-130,4160,-177,0,100
10-22 19:36:19.569 25092 25391 I BatteryMgr:DataCollectionService: stats => 1697996179569,-130,4160,-177,0,100
10-22 19:36:19.675 25092 25391 I BatteryMgr:DataCollectionService: stats => 1697996179675,-130,4160,-177,0,100
10-22 19:36:19.782 25092 25391 I BatteryMgr:DataCollectionService: stats => 1697996179781,-130,4160,-177,0,100
10-22 19:36:19.887 25092 25391 I BatteryMgr:DataCollectionService: stats => 1697996179887,-130,4160,-177,0,100
10-22 19:36:19.993 25092 25391 I BatteryMgr:DataCollectionService: stats => 1697996179993,-130,4160,-177,0,100
10-22 19:36:20.003  3957  4129 D WifiStateMachine:  ConnectedState !RSSI_PKTCNT_FETCH uid=1000 rt=602586588/1658562061 0 0 "ourhome" f4:6d:2f:12:cc:88 rssi=-47 f=5240 sc=60 link=433 tx=2.1, 0.0, 0.0  rx=22.0 bcn=592044 [on:0 tx:0 rx:0 period:999] from screen [on:169524 period:1123671] score=60
10-22 19:36:20.004  3957  4129 D WifiStateMachine:  L2ConnectedState !RSSI_PKTCNT_FETCH uid=1000 rt=602586589/1658562062 0 0 "ourhome" f4:6d:2f:12:cc:88 rssi=-47 f=5240 sc=60 link=433 tx=2.1, 0.0, 0.0  rx=22.0 bcn=592044 [on:0 tx:0 rx:0 period:1] from screen [on:169524 period:1123672] score=60
10-22 19:36:20.010  3957  4129 D WifiStateMachine: fetchRssiLinkSpeedAndFrequencyNative rssi=-46 linkspeed=433 freq=5240
10-22 19:36:20.010  3957  4129 V WifiConfigManager: Updating scan detail cache freq=5240 BSSID=f4:6d:2f:12:cc:88 RSSI=-46 for "ourhome"WPA_PSK
10-22 19:36:20.099 25092 25391 I BatteryMgr:DataCollectionService: stats => 1697996180099,-130,4160,-177,0,100
10-22 19:36:20.205 25092 25391 I BatteryMgr:DataCollectionService: stats => 1697996180205,-130,4160,-177,0,100
10-22 19:36:20.257  3957  4129 D WifiStateMachine:  ConnectedState !CMD_RSSI_POLL rt=602586842/1658562315 122 0 "ourhome" f4:6d:2f:12:cc:88 rssi=-46 f=5240 sc=60 link=433 tx=2.1, 0.0, 0.0  rx=22.0 bcn=592044 [on:0 tx:0 rx:0 period:253] from screen [on:169524 period:1123925] score=60
