10-22 19:48:05.931  3957  4129 D WifiStateMachine:  L2ConnectedState !RSSI_PKTCNT_FETCH uid=1000 rt=603292515/1659267988 0 0 "ourhome" f4:6d:2f:12:cc:88 rssi=-43 f=5240 sc=60 link=433 tx=1.9, 0.0, 0.0  rx=4.4 bcn=598134 [on:0 tx:0 rx:0 period:3] from screen [on:307538 period:1829599] score=60
10-22 19:48:05.937  3957  4129 D WifiStateMachine: fetchRssiLinkSpeedAndFrequencyNative rssi=-42 linkspeed=433 freq=5240
10-22 19:48:05.937  3957  4129 V WifiConfigManager: Updating scan detail cache freq=5240 BSSID=f4:6d:2f:12:cc:88 RSSI=-42 for "ourhome"WPA_PSK
10-22 19:48:05.959 27058 27387 I BatteryMgr:DataCollectionService: stats => 1697996885959,29,4160,62,0,100
10-22 19:48:06.066 27058 27387 I BatteryMgr:DataCollectionService: stats => 1697996886066,29,4160,62,0,100
10-22 19:48:06.171  3957  4128 D WifiService: getConnectionInfo uid=1000
10-22 19:48:06.171 27058 27387 I BatteryMgr:DataCollectionService: stats => 1697996886171,29,4160,62,0,100
10-22 19:48:06.279 27058 27387 I BatteryMgr:DataCollectionService: stats => 1697996886278,29,4160,62,0,100
10-22 19:48:06.386 27058 27387 I BatteryMgr:DataCollectionService: stats => 1697996886386,29,4160,62,0,100
10-22 19:48:06.495 27058 27387 I BatteryMgr:DataCollectionService: stats => 1697996886495,29,4160,62,0,100
10-22 19:48:06.601 27058 27387 I BatteryMgr:DataCollectionService: stats => 1697996886601,29,4160,62,0,100
10-22 19:48:06.627  3957 12585 D BatteryService: !@BatteryListener : batteryPropertiesChanged!
10-22 19:48:06.715 27058 27387 I BatteryMgr:DataCollectionService: stats => 1697996886715,29,4160,62,0,100
10-22 19:48:06.821 27058 27387 I BatteryMgr:DataCollectionService: stats => 1697996886821,29,4160,62,0,100
10-22 19:48:06.925  3957  4129 D WifiStateMachine:  ConnectedState !CMD_RSSI_POLL rt=603293508/1659268980 122 0 "ourhome" f4:6d:2f:12:cc:88 rssi=-42 f=5240 sc=60 link=433 tx=1.9, 0.0, 0.0  rx=4.4 bcn=598134 [on:0 tx:0 rx:0 period:993] from screen [on:307538 period:1830592] score=60
10-22 19:48:06.929  3957  4129 D WifiStateMachine:  L2ConnectedState !CMD_RSSI_POLL rt=603293511/1659268983 122 0 "ourhome" f4:6d:2f:12:cc:88 rssi=-42 f=5240 sc=60 link=433 tx=1.9, 0.0, 0.0  rx=4.4 bcn=598134 [on:0 tx:0 rx:0 period:4] from screen [on:307538 period:1830596] score=60
10-22 19:48:06.929  3957  4129 D WifiStateMachine:  get link layer stats 3
10-22 19:48:06.930  3436  3436 I android.hardware.wifi@1.0-service: getLinkLayerStats
10-22 19:48:06.933 27058 27387 I BatteryMgr:DataCollectionService: stats => 1697996886933,29,4160,62,0,100
10-22 19:48:06.949  3957  4129 D WifiStateMachine: fetchRssiLinkSpeedAndFrequencyNative rssi=-42 linkspeed=433 freq=5240
10-22 19:48:06.949  3957  4129 V WifiConfigManager: Updating scan detail cache freq=5240 BSSID=f4:6d:2f:12:cc:88 RSSI=-42 for "ourhome"WPA_PSK
10-22 19:48:06.954  4340  4340 E SignalClusterView: setSlotFocusVisible : subId -2
10-22 19:48:06.954  3957  4129 D WifiStateMachine:  ConnectedState !RSSI_PKTCNT_FETCH uid=1000 rt=603293538/1659269011 0 0 "ourhome" f4:6d:2f:12:cc:88 rssi=-42 f=5240 sc=60 link=433 tx=0.7, 0.0, 0.0  rx=3.5 bcn=598162 [on:0 tx:0 rx:0 period:2] from screen [on:307727 period:1830622] score=60
10-22 19:48:06.954  4340  4340 E SignalClusterView: setSlotFocusVisible : subId -2
10-22 19:48:06.956  3957  4129 D WifiStateMachine:  L2ConnectedState !RSSI_PKTCNT_FETCH uid=1000 rt=603293540/1659269013 0 0 "ourhome" f4:6d:2f:12:cc:88 rssi=-42 f=5240 sc=60 link=433 tx=0.7, 0.0, 0.0  rx=3.5 bcn=598162 [on:0 tx:0 rx:0 period:2] from screen [on:307727 period:1830624] score=60
10-22 19:48:06.962  3957  4129 D WifiStateMachine: fetchRssiLinkSpeedAndFrequencyNative rssi=-42 linkspeed=433 freq=5240
10-22 19:48:06.963  3957  4129 V WifiConfigManager: Updating scan detail cache freq=5240 BSSID=f4:6d:2f:12:cc:88 RSSI=-42 for "ourhome"WPA_PSK
10-22 19:48:07.043 27058 27387 I BatteryMgr:DataCollectionService: stats => 1697996887043,29,4160,62,0,100
10-22 19:48:07.149 27058 27387 I BatteryMgr:DataCollectionService: stats => 1697996887149,29,4160,62,0,100
10-22 19:48:07.173  3957  4128 D WifiService: getConnectionInfo uid=1000
10-22 19:48:07.258 27058 27387 I BatteryMgr:DataCollectionService: stats => 1697996887258,29,4160,62,0,100
10-22 19:48:07.374 27058 27387 I BatteryMgr:DataCollectionService: stats => 1697996887374,29,4160,62,0,100
10-22 19:48:07.488 27058 27387 I BatteryMgr:DataCollectionService: stats => 1697996887488,29,4160,62,0,100
10-22 19:48:07.574  9273  9310 D ScanRecord: Not a Multi Manu data
10-22 19:48:07.593  9273  9310 I chatty  : uid=1002(bluetooth) BT Service Call identical 20 lines
10-22 19:48:07.593  9273  9310 D ScanRecord: Not a Multi Manu data
10-22 19:48:07.594 27058 27387 I BatteryMgr:DataCollectionService: stats => 1697996887594,29,4160,62,0,100
10-22 19:48:07.596  9273  9310 D ScanRecord: Not a Multi Manu data
10-22 19:48:07.700  9273  9310 I chatty  : uid=1002(bluetooth) BT Service Call identical 130 lines
10-22 19:48:07.700  9273  9310 D ScanRecord: Not a Multi Manu data
10-22 19:48:07.701 27058 27387 I BatteryMgr:DataCollectionService: stats => 1697996887701,29,4160,62,0,100
10-22 19:48:07.714  9273  9310 D ScanRecord: Not a Multi Manu data
10-22 19:48:07.803  9273  9310 I chatty  : uid=1002(bluetooth) BT Service Call identical 86 lines
10-22 19:48:07.803  9273  9310 D ScanRecord: Not a Multi Manu data
10-22 19:48:07.807 27058 27387 I BatteryMgr:DataCollectionService: stats => 1697996887807,29,4160,62,0,100
10-22 19:48:07.818  9273  9310 D ScanRecord: Not a Multi Manu data
10-22 19:48:07.902  9273  9310 I chatty  : uid=1002(bluetooth) BT Service Call identical 86 lines
10-22 19:48:07.902  9273  9310 D ScanRecord: Not a Multi Manu data
10-22 19:48:07.913 27058 27387 I BatteryMgr:DataCollectionService: stats => 1697996887912,29,4160,62,0,100
10-22 19:48:07.923  9273  9310 D ScanRecord: Not a Multi Manu data
10-22 19:48:07.923  9273  9310 I chatty  : uid=1002(bluetooth) BT Service Call identical 10 lines
10-22 19:48:07.931  3957  4129 D WifiStateMachine:  ConnectedState !RSSI_PKTCNT_FETCH uid=1000 rt=603294515/1659269987 0 0 "ourhome" f4:6d:2f:12:cc:88 rssi=-42 f=5240 sc=60 link=433 tx=0.7, 0.0, 0.0  rx=3.5 bcn=598162 [on:0 tx:0 rx:0 period:974] from screen [on:307727 period:1831598] score=60
10-22 19:48:07.931  9273  9310 D ScanRecord: Not a Multi Manu data
10-22 19:48:07.931  9273  9310 D ScanRecord: Not a Multi Manu data
10-22 19:48:07.931  9273  9310 I chatty  : uid=1002(bluetooth) BT Service Call identical 8 lines
10-22 19:48:07.931  9273  9310 D ScanRecord: Not a Multi Manu data
10-22 19:48:07.932  3957  4129 D WifiStateMachine:  L2ConnectedState !RSSI_PKTCNT_FETCH uid=1000 rt=603294516/1659269989 0 0 "ourhome" f4:6d:2f:12:cc:88 rssi=-42 f=5240 sc=60 link=433 tx=0.7, 0.0, 0.0  rx=3.5 bcn=598162 [on:0 tx:0 rx:0 period:2] from screen [on:307727 period:1831600] score=60
10-22 19:48:07.933  9273  9310 D ScanRecord: Not a Multi Manu data
10-22 19:48:07.933  9273  9310 I chatty  : uid=1002(bluetooth) BT Service Call identical 9 lines
10-22 19:48:07.933  9273  9310 D ScanRecord: Not a Multi Manu data
10-22 19:48:07.934  3957  4129 D WifiStateMachine: fetchRssiLinkSpeedAndFrequencyNative rssi=-42 linkspeed=433 freq=5240
10-22 19:48:07.934  3957  4129 V WifiConfigManager: Updating scan detail cache freq=5240 BSSID=f4:6d:2f:12:cc:88 RSSI=-42 for "ourhome"WPA_PSK
10-22 19:48:07.955  9273  9310 D ScanRecord: Not a Multi Manu data
10-22 19:48:08.014  9273  9310 I chatty  : uid=1002(bluetooth) BT Service Call identical 130 lines
10-22 19:48:08.014  9273  9310 D ScanRecord: Not a Multi Manu data
10-22 19:48:08.020 27058 27387 I BatteryMgr:DataCollectionService: stats => 1697996888020,29,4160,62,0,100
10-22 19:48:08.033  9273  9310 D ScanRecord: Not a Multi Manu data
10-22 19:48:08.055  9273  9310 I chatty  : uid=1002(bluetooth) BT Service Call identical 42 lines
10-22 19:48:08.055  9273  9310 D ScanRecord: Not a Multi Manu data
10-22 19:48:08.136 27058 27387 I BatteryMgr:DataCollectionService: stats => 1697996888136,29,4160,62,0,100
10-22 19:48:08.176  3957  4128 D WifiService: getConnectionInfo uid=1000
10-22 19:48:08.244 27058 27387 I BatteryMgr:DataCollectionService: stats => 1697996888244,29,4160,62,0,100
10-22 19:48:08.351 27058 27387 I BatteryMgr:DataCollectionService: stats => 1697996888351,29,4160,62,0,100
10-22 19:48:08.458 27058 27387 I BatteryMgr:DataCollectionService: stats => 1697996888458,29,4160,62,0,100
10-22 19:48:08.569 27058 27387 I BatteryMgr:DataCollectionService: stats => 1697996888569,29,4160,62,0,100
10-22 19:48:08.675 27058 27387 I BatteryMgr:DataCollectionService: stats => 1697996888675,29,4160,62,0,100
10-22 19:48:08.787 27058 27387 I BatteryMgr:DataCollectionService: stats => 1697996888787,29,4160,62,0,100
10-22 19:48:08.903 27058 27387 I BatteryMgr:DataCollectionService: stats => 1697996888903,29,4160,62,0,100
10-22 19:48:08.933  3957  4129 D WifiStateMachine:  ConnectedState !RSSI_PKTCNT_FETCH uid=1000 rt=603295516/1659270989 0 0 "ourhome" f4:6d:2f:12:cc:88 rssi=-42 f=5240 sc=60 link=433 tx=0.7, 0.0, 0.0  rx=3.5 bcn=598162 [on:0 tx:0 rx:0 period:1000] from screen [on:307727 period:1832600] score=60
10-22 19:48:08.935  3957  4129 D WifiStateMachine:  L2ConnectedState !RSSI_PKTCNT_FETCH uid=1000 rt=603295518/1659270991 0 0 "ourhome" f4:6d:2f:12:cc:88 rssi=-42 f=5240 sc=60 link=433 tx=0.7, 0.0, 0.0  rx=3.5 bcn=598162 [on:0 tx:0 rx:0 period:3] from screen [on:307727 period:1832603] score=60
10-22 19:48:08.942  3957  4129 D WifiStateMachine: fetchRssiLinkSpeedAndFrequencyNative rssi=-42 linkspeed=433 freq=5240
10-22 19:48:08.942  3957  4129 V WifiConfigManager: Updating scan detail cache freq=5240 BSSID=f4:6d:2f:12:cc:88 RSSI=-42 for "ourhome"WPA_PSK
10-22 19:48:09.010 27058 27387 I BatteryMgr:DataCollectionService: stats => 1697996889010,29,4160,62,0,100
10-22 19:48:09.117 27058 27387 I BatteryMgr:DataCollectionService: stats => 1697996889117,29,4160,62,0,100
10-22 19:48:09.179  3957  4128 D WifiService: getConnectionInfo uid=1000
10-22 19:48:09.225 27058 27387 I BatteryMgr:DataCollectionService: stats => 1697996889225,29,4160,62,0,100
10-22 19:48:09.335 27058 27387 I BatteryMgr:DataCollectionService: stats => 1697996889335,29,4160,62,0,100
10-22 19:48:09.443 27058 27387 I BatteryMgr:DataCollectionService: stats => 1697996889443,29,4160,62,0,100
10-22 19:48:09.551 27058 27387 I BatteryMgr:DataCollectionService: stats => 1697996889551,29,4160,62,0,100
10-22 19:48:09.656  4961  4961 D io_stats: !@ 179,0 r 10142593 332958232 w 2161390 42302904 d 174141 37264876 f 640296 665774 iot 4638264 3996773 th 51200 0 0 pt 0 inp 0 0 603296.241
10-22 19:48:09.666 27058 27387 I BatteryMgr:DataCollectionService: stats => 1697996889665,29,4160,62,0,100
10-22 19:48:09.782 27058 27387 I BatteryMgr:DataCollectionService: stats => 1697996889782,29,4160,62,0,100
10-22 19:48:09.894 27058 27387 I BatteryMgr:DataCollectionService: stats => 1697996889894,29,4160,62,0,100
10-22 19:48:09.934  3957  4129 D WifiStateMachine:  ConnectedState !RSSI_PKTCNT_FETCH uid=1000 rt=603296518/1659271990 0 0 "ourhome" f4:6d:2f:12:cc:88 rssi=-42 f=5240 sc=60 link=433 tx=0.7, 0.0, 0.0  rx=3.5 bcn=598162 [on:0 tx:0 rx:0 period:999] from screen [on:307727 period:1833602] score=60
10-22 19:48:09.936  3957  4129 D WifiStateMachine:  L2ConnectedState !RSSI_PKTCNT_FETCH uid=1000 rt=603296520/1659271992 0 0 "ourhome" f4:6d:2f:12:cc:88 rssi=-42 f=5240 sc=60 link=433 tx=0.7, 0.0, 0.0  rx=3.5 bcn=598162 [on:0 tx:0 rx:0 period:2] from screen [on:307727 period:1833604] score=60
10-22 19:48:09.942  3957  4129 D WifiStateMachine: fetchRssiLinkSpeedAndFrequencyNative rssi=-43 linkspeed=433 freq=5240
10-22 19:48:09.942  3957  4129 V WifiConfigManager: Updating scan detail cache freq=5240 BSSID=f4:6d:2f:12:cc:88 RSSI=-42 for "ourhome"WPA_PSK
10-22 19:48:09.952  3957  4129 D WifiStateMachine:  ConnectedState !CMD_RSSI_POLL rt=603296535/1659272008 122 0 "ourhome" f4:6d:2f:12:cc:88 rssi=-43 f=5240 sc=60 link=433 tx=0.7, 0.0, 0.0  rx=3.5 bcn=598162 [on:0 tx:0 rx:0 period:16] from screen [on:307727 period:1833620] score=60
10-22 19:48:09.954  3957  4129 D WifiStateMachine:  L2ConnectedState !CMD_RSSI_POLL rt=603296538/1659272010 122 0 "ourhome" f4:6d:2f:12:cc:88 rssi=-43 f=5240 sc=60 link=433 tx=0.7, 0.0, 0.0  rx=3.5 bcn=598162 [on:0 tx:0 rx:0 period:2] from screen [on:307727 period:1833622] score=60
10-22 19:48:09.954  3957  4129 D WifiStateMachine:  get link layer stats 3
10-22 19:48:09.955  3436  3436 I android.hardware.wifi@1.0-service: getLinkLayerStats
10-22 19:48:09.970  3957  4129 D WifiStateMachine: fetchRssiLinkSpeedAndFrequencyNative rssi=-43 linkspeed=433 freq=5240
10-22 19:48:09.970  3957  4129 V WifiConfigManager: Updating scan detail cache freq=5240 BSSID=f4:6d:2f:12:cc:88 RSSI=-42 for "ourhome"WPA_PSK
10-22 19:48:09.975  4340  4340 E SignalClusterView: setSlotFocusVisible : subId -2
10-22 19:48:09.975  4340  4340 E SignalClusterView: setSlotFocusVisible : subId -2
10-22 19:48:10.006 27058 27387 I BatteryMgr:DataCollectionService: stats => 1697996890006,29,4160,62,0,100
10-22 19:48:10.117 27058 27387 I BatteryMgr:DataCollectionService: stats => 1697996890117,29,4160,62,0,100
10-22 19:48:10.181  3957  4128 D WifiService: getConnectionInfo uid=1000
10-22 19:48:10.223 27058 27387 I BatteryMgr:DataCollectionService: stats => 1697996890223,29,4160,62,0,100
10-22 19:48:10.333 27058 27387 I BatteryMgr:DataCollectionService: stats => 1697996890333,29,4160,62,0,100
10-22 19:48:10.450 27058 27387 I BatteryMgr:DataCollectionService: stats => 1697996890450,29,4160,62,0,100
10-22 19:48:10.561 27058 27387 I BatteryMgr:DataCollectionService: stats => 1697996890561,29,4160,62,0,100
10-22 19:48:10.571 11094 11094 E adbd    : recv: OPEN 00033215 00000000 0042:73 68 65 6C 6C 2C 76 32 2C 54 45 52 4D 3D 78 74 65 72 6D 2D 32 35 36 63 6F 6C 6F 72 2C 72 61 77 3A 67 65 74 70 72 6F 70 20 72 6F 2E 62 75 69 6C 64 2E 76 65 72 73 69 6F 6E 2E 72 65 6C 65 61 73 65 00 
10-22 19:48:10.572 11094 11094 E adbd    : service_to_fd: shell,v2,TERM=xterm-256color,raw:getprop ro.build.version.release
10-22 19:48:10.671 27058 27387 I BatteryMgr:DataCollectionService: stats => 1697996890671,29,4160,62,0,100
10-22 19:48:10.703 11094 11094 E adbd    : recv: OPEN 00033219 00000000 003e:73 68 65 6C 6C 2C 76 32 2C 54 45 52 4D 3D 78 74 65 72 6D 2D 32 35 36 63 6F 6C 6F 72 2C 72 61 77 3A 67 65 74 70 72 6F 70 20 72 6F 2E 62 75 69 6C 64 2E 76 65 72 73 69 6F 6E 2E 73 64 6B 00 
10-22 19:48:10.703 11094 11094 E adbd    : service_to_fd: shell,v2,TERM=xterm-256color,raw:getprop ro.build.version.sdk
10-22 19:48:10.768 11094 11094 E adbd    : recv: OPEN 0003321d 00000000 008c:73 68 65 6C 6C 2C 76 32 2C 54 45 52 4D 3D 78 74 65 72 6D 2D 32 35 36 63 6F 6C 6F 72 2C 72 61 77 3A 61 6D 20 73 74 6F 70 73 65 72 76 69 63 65 20 63 6F 6D 2E 65 78 61 6D 70 6C 65 2E 62 61 74 74 65 72 79 6D 61 6E 61 67 65 72 5F 75 74 69 6C 69 74 79 2F 63 6F 6D 2E 65 78 61 6D 70 6C 65 2E 62 61 74 74 65 72 79 6D 61 6E 61 67 65 72 5F 75 74 69 6C 69 74 79 2E 44 61 74 61 43 6F 6C 6C 65 63 74 69 6F 6E 53 65 72 76 69 63 65 00 
10-22 19:48:10.769 11094 11094 E adbd    : service_to_fd: shell,v2,TERM=xterm-256color,raw:am stopservice com.example.batterymanager_utility/com.example.batterymanager_utility.DataCollectionService
10-22 19:48:10.782 27058 27387 I BatteryMgr:DataCollectionService: stats => 1697996890782,29,4160,62,0,100
10-22 19:48:10.884  3957  3957 I EasyMuteController: UnRegister failed. no registered
10-22 19:48:10.886  3957  3957 D LightsService: [api] [SvcLED] turnOff:: id = 4 (uid: 1000 pid: 3957) 
10-22 19:48:10.887  3957  3957 D LightsService: [api] [SvcLED] LED indicator : Not supported.
10-22 19:48:10.889  3957 12585 D Notification: allPendingIntents
10-22 19:48:10.890  3957 12585 D Notification: allPendingIntents
10-22 19:48:10.891  3957  3972 D ApplicationPolicy: isStatusBarNotificationAllowedAsUser: packageName = android,userId = 0
10-22 19:48:10.891  3957  3972 D API test: getContainerInfo: value is 
10-22 19:48:10.892  3957  3972 D ApplicationPolicy: isStatusBarNotificationAllowedAsUser: packageName = android,userId = 0
10-22 19:48:10.892  3957  3972 D API test: getContainerInfo: value is 
10-22 19:48:10.893  3957  3972 E NotificationService: Suppressing notification from package by user request.
10-22 19:48:10.902 27058 27387 I BatteryMgr:DataCollectionService: stats => 1697996890902,29,4160,62,0,100
10-22 19:48:10.911  4340  4340 D KeyguardUpdateMonitor: handleStatusBarState( false )
10-22 19:48:10.914 11094 11094 E adbd    : recv: OPEN 00033221 00000000 0076:73 68 65 6C 6C 2C 76 32 2C 54 45 52 4D 3D 78 74 65 72 6D 2D 32 35 36 63 6F 6C 6F 72 2C 72 61 77 3A 64 75 6D 70 73 79 73 20 61 63 74 69 76 69 74 79 20 72 65 63 65 6E 74 73 20 7C 20 67 72 65 70 20 22 52 65 63 65 6E 74 20 23 30 22 20 7C 20 63 75 74 20 2D 64 20 22 3D 22 20 2D 66 32 20 7C 20 67 72 65 70 20 2D 6F 20 2D 70 20 22 5B 61 2D 7A 7C 2E 5D 2A 22 00 
10-22 19:48:10.914 11094 11094 E adbd    : service_to_fd: shell,v2,TERM=xterm-256color,raw:dumpsys activity recents | grep "Recent #0" | cut -d "=" -f2 | grep -o -p "[a-z|.]*"
10-22 19:48:10.934  3957  4129 D WifiStateMachine:  ConnectedState !RSSI_PKTCNT_FETCH uid=1000 rt=603297518/1659272991 0 0 "ourhome" f4:6d:2f:12:cc:88 rssi=-43 f=5240 sc=60 link=433 tx=0.3, 0.0, 0.0  rx=1.3 bcn=598187 [on:0 tx:0 rx:0 period:960] from screen [on:307820 period:1834602] score=60
10-22 19:48:10.935  3957  4129 D WifiStateMachine:  L2ConnectedState !RSSI_PKTCNT_FETCH uid=1000 rt=603297520/1659272992 0 0 "ourhome" f4:6d:2f:12:cc:88 rssi=-43 f=5240 sc=60 link=433 tx=0.3, 0.0, 0.0  rx=1.3 bcn=598187 [on:0 tx:0 rx:0 period:1] from screen [on:307820 period:1834603] score=60
10-22 19:48:10.944  3957  4129 D WifiStateMachine: fetchRssiLinkSpeedAndFrequencyNative rssi=-44 linkspeed=433 freq=5240
10-22 19:48:10.944  3957  4129 V WifiConfigManager: Updating scan detail cache freq=5240 BSSID=f4:6d:2f:12:cc:88 RSSI=-43 for "ourhome"WPA_PSK
10-22 19:48:11.007 11094 11094 E adbd    : recv: OPEN 00033225 00000000 0042:73 68 65 6C 6C 2C 76 32 2C 54 45 52 4D 3D 78 74 65 72 6D 2D 32 35 36 63 6F 6C 6F 72 2C 72 61 77 3A 67 65 74 70 72 6F 70 20 72 6F 2E 62 75 69 6C 64 2E 76 65 72 73 69 6F 6E 2E 72 65 6C 65 61 73 65 00 
10-22 19:48:11.007 11094 11094 E adbd    : service_to_fd: shell,v2,TERM=xterm-256color,raw:getprop ro.build.version.release
10-22 19:48:11.064 11094 11094 E adbd    : recv: OPEN 00033229 00000000 003e:73 68 65 6C 6C 2C 76 32 2C 54 45 52 4D 3D 78 74 65 72 6D 2D 32 35 36 63 6F 6C 6F 72 2C 72 61 77 3A 67 65 74 70 72 6F 70 20 72 6F 2E 62 75 69 6C 64 2E 76 65 72 73 69 6F 6E 2E 73 64 6B 00 
10-22 19:48:11.064 11094 11094 E adbd    : service_to_fd: shell,v2,TERM=xterm-256color,raw:getprop ro.build.version.sdk
10-22 19:48:11.133 11094 11094 E adbd    : recv: OPEN 0003322d 00000000 0041:73 68 65 6C 6C 2C 76 32 2C 54 45 52 4D 3D 78 74 65 72 6D 2D 32 35 36 63 6F 6C 6F 72 2C 72 61 77 3A 61 6D 20 66 6F 72 63 65 2D 73 74 6F 70 20 6F 72 67 2E 6D 6F 7A 69 6C 6C 61 2E 66 65 6E 69 78 00 
10-22 19:48:11.133 11094 11094 E adbd    : service_to_fd: shell,v2,TERM=xterm-256color,raw:am force-stop org.mozilla.fenix
10-22 19:48:11.183  3957  4128 D WifiService: getConnectionInfo uid=1000
10-22 19:48:11.221  3957 12585 I ActivityManager: Force stopping org.mozilla.fenix appid=10169 user=0: from pid 27631
10-22 19:48:11.222  3957 12585 I ActivityManager: Killing 27188:org.mozilla.fenix:tab5/u0a169 (adj 0): stop org.mozilla.fenix,from pid 27631
10-22 19:48:11.223  3957 12585 W ActivityManager: Scheduling restart of crashed service org.mozilla.fenix/org.mozilla.gecko.process.GeckoChildProcessServices$tab5 in 1000ms
10-22 19:48:11.227  3957 12585 I ActivityManager: Killing 27436:org.mozilla.fenix:tab30/u0a169 (adj 0): stop org.mozilla.fenix,from pid 27631
10-22 19:48:11.228  3957 12585 W ActivityManager: Scheduling restart of crashed service org.mozilla.fenix/org.mozilla.gecko.process.GeckoChildProcessServices$tab30 in 10995ms
10-22 19:48:11.232  3957 12585 I ActivityManager: Killing 27103:org.mozilla.fenix/u0a169 (adj 0): stop org.mozilla.fenix,from pid 27631
10-22 19:48:11.242  3957 12585 W ActivityManager: Force removing ActivityRecord{273b085 u0 org.mozilla.fenix/.App t606}: app died, no saved state
10-22 19:48:11.243 27513 27513 I ServiceChildProcess: Destroying GeckoServiceChildProcess
10-22 19:48:11.247 27256 27256 I ServiceChildProcess: Destroying GeckoServiceChildProcess
10-22 19:48:11.249 27513 27513 I zygote64: System.exit called, status: 0
10-22 19:48:11.249 27513 27513 I AndroidRuntime: VM exiting with result code 0, cleanup skipped.
10-22 19:48:11.255  3957 12585 D InputDispatcher: Focus left window: 27103
10-22 19:48:11.259 27256 27256 I zygote64: System.exit called, status: 0
10-22 19:48:11.259 27256 27256 I AndroidRuntime: VM exiting with result code 0, cleanup skipped.
10-22 19:48:11.275  3447  3447 V Surface : sf_framedrop debug : 0x4f4c, game : false, logging : 0
10-22 19:48:11.294  3957 12585 D TaskSnapshotCache: putSnapshot mTaskId=606 RunningCache size=2
10-22 19:48:11.294  3957 12585 D TaskSnapshotCache: removeRunningEntry taskId=606 RunningCache size=1
10-22 19:48:11.294  3957 12585 D InputDispatcher: Focused application released
10-22 19:48:11.300  3957 12585 D CustomFrequencyManagerService: acquireDVFSLockLocked : type : DVFS_MIN_LIMIT  frequency : 1560000  uid : 1000  pid : 3957  pkgName : AMS_ACT_RESUME@CPU_MIN@74
10-22 19:48:11.302  3957 12585 D ActivityManagerPerformance: AMP_acquire() ACT_RESUME
10-22 19:48:11.302  3957  4324 I OpenGLRenderer: Initialized EGL, version 1.4
10-22 19:48:11.303  3957 12585 D ActivityManager: isScaleDownAnimationEnabled() : false
10-22 19:48:11.303  3957  4324 D OpenGLRenderer: Swap behavior 2
10-22 19:48:11.303  3957 12585 D PersonaManagerService: Current focused persona service handled id set to : 0
10-22 19:48:11.304  3957 12585 D InputDispatcher: Focused application set to: xxxx
10-22 19:48:11.308  3957 12585 V WindowManager: rotationForOrientationLw(orient=-1, last=0); user=0  sensorRotation=-1 mLidState=-1 mDockMode=0 mHdmiPlugged=false
10-22 19:48:11.312  3957  4220 D GameManagerService: handleForegroundChange(). pkgName: com.example.batterymanager_utility, clsName: com.example.batterymanager_utility.MainActivity,FgActivityName:com.example.batterymanager_utility/.MainActivity
10-22 19:48:11.312  3957 12585 D MARsPolicyManager: onPackageResumedFG pkgName = com.example.batterymanager_utility, userId = 0
10-22 19:48:11.312  3957  4220 D GameManagerService: sem_perfomance_mode: 3
10-22 19:48:11.312  3957  4220 D GameManagerService: notifyResumePause(). pkg: com.example.batterymanager_utility, type: 4, isMinimized: false, isTunableApp: false
10-22 19:48:11.312  3957  4220 D GameManagerService:   notifyResumePause(). unexpected mPrevNotiType: -1
10-22 19:48:11.316  3957 12585 I ActivityManager: Killing 27256:org.mozilla.fenix:gpu/u0a169 (adj 0): stop org.mozilla.fenix,from pid 27631
10-22 19:48:11.321  3957 12585 I ActivityManager: Killing 27513:org.mozilla.fenix:utility/u0a169 (adj 0): stop org.mozilla.fenix,from pid 27631
10-22 19:48:11.329  3957  4654 V WindowManager: Relayout Window{f971ab8 u0 com.example.batterymanager_utility/com.example.batterymanager_utility.MainActivity}: viewVisibility=4 req=720x1280 WM.LayoutParams{(0,0)(fillxfill) sim=#120 ty=1 fl=#81810100 pfl=0x20000 wanim=0x10302fd vsysui=0x600 needsMenuKey=2 colorMode=0 naviIconColor=0}
10-22 19:48:11.335  3957  3973 W Looper  : Dispatch took 112ms on android.ui, h=Handler (com.android.server.am.ActivityManagerService$UiHandler) {84f2c15} cb=null msg=32
10-22 19:48:11.335  3957  4460 W ActivityManager: Spurious death for ProcessRecord{d2d3bcd 0:org.mozilla.fenix:utility/u0a169}, curProc for 27513: null
10-22 19:48:11.339  3957  3957 D SamsungAlarmManager: Remove alarm for next reason : android.intent.action.PACKAGE_RESTARTED : package: org.mozilla.fenix
10-22 19:48:11.347 27058 27058 D ViewRootImpl@4470b6[MainActivity]: Relayout returned: old=[0,0][720,1280] new=[0,0][720,1280] result=0x1 surface={valid=false 0} changed=false
10-22 19:48:11.349  3957  3972 W BroadcastQueue: Background execution not allowed: receiving Intent { act=android.intent.action.PACKAGE_RESTARTED dat=package:org.mozilla.fenix flg=0x10 (has extras) } to android/com.kddi.android.CpaNotiReceiver
10-22 19:48:11.350  3957  3972 W BroadcastQueue: Background execution not allowed: receiving Intent { act=android.intent.action.PACKAGE_RESTARTED dat=package:org.mozilla.fenix flg=0x10 (has extras) } to com.sec.android.daemonapp/com.samsung.android.weather.daemon.receiver.ClearDataReceiver
10-22 19:48:11.350  4616  4616 D CarrierSvcBindHelper: No carrier app for: 0
10-22 19:48:11.352  4616  4616 D CarrierSvcBindHelper: No carrier app for: 1
10-22 19:48:11.355  3957  3957 D SamsungAlarmManager: setInexact Listener (T:2/F:0/AC:false) 20231022T195817 - CU:1000/CP:3957
10-22 19:48:11.356  3957  6478 D GamePkgDataHelper: getGamePkgDataIncServer(). com.example.batterymanager_utility
10-22 19:48:11.357  3957  6478 D GameManagerService: identifyGamePackage. com.example.batterymanager_utility
10-22 19:48:11.357  3957  6478 D GamePkgDataHelper: getGamePkgData(). com.example.batterymanager_utility
10-22 19:48:11.358  3957  6478 D GameManagerService: identifyGamePackage. com.example.batterymanager_utility
10-22 19:48:11.358  3957  6478 D GamePkgDataHelper: getGamePkgData(). com.example.batterymanager_utility
10-22 19:48:11.359  3957  6478 D GamePkgDataHelper: getSosPolicy(). com.example.batterymanager_utility
10-22 19:48:11.359  3957  3957 D SamsungAlarmManager: setInexact Listener (T:2/F:0/AC:false) 20231022T200237 - CU:1000/CP:3957
10-22 19:48:11.360  4340  4884 D SystemServicesProxy: updateOverviewLastStackActiveTimeAsync: newTime=1697996788906
10-22 19:48:11.360  3957  6478 D TelephonyManager: getAllCellInfo : Caller (PID / UID / TID): 3957 / 1000 / 6478
10-22 19:48:11.361  3957  4650 D SecContentProvider: query(), uri = 17 selection = isSettingsChangesAllowed
10-22 19:48:11.361  3957  3957 D SamsungAlarmManager: setInexact Listener (T:2/F:0/AC:false) 20231022T195817 - CU:1000/CP:3957
10-22 19:48:11.361  3957  4650 D SecContentProvider: called from android.uid.systemui:10009
10-22 19:48:11.362  4340  4692 D SystemServicesProxy: updateOverviewLastStackActiveTimeAsync: done.
10-22 19:48:11.362  3957  3957 D SamsungAlarmManager: setInexact Listener (T:2/F:0/AC:false) 20231022T200237 - CU:1000/CP:3957
10-22 19:48:11.364  3957  3957 D SamsungAlarmManager: setInexact Listener (T:2/F:0/AC:false) 20231022T195817 - CU:1000/CP:3957
10-22 19:48:11.366  3957  3957 D SamsungAlarmManager: setInexact Listener (T:2/F:0/AC:false) 20231022T200237 - CU:1000/CP:3957
10-22 19:48:11.367  3957  4650 D PackageManager: getComponentMetadataForIconTray : org.mozilla.fenix.HomeActivity does not exist in mServices
10-22 19:48:11.367  3957  4650 D PackageManager: getComponentMetadataForIconTray : org.mozilla.fenix.HomeActivity does not exist in mProviders
10-22 19:48:11.367  3957  4650 D PackageManager: getComponentMetadataForIconTray : org.mozilla.fenix.HomeActivity does not exist in mReceivers
10-22 19:48:11.368  4340  4884 D ApplicationPackageManager: updateItemMetaDataForFixedIconScale: package: org.mozilla.fenix
10-22 19:48:11.368  3957  4650 D PackageManager: getSelectedMetaData : packageName(org.mozilla.fenix) or Metadata strings {[Ljava.lang.String;@302fbd0}
10-22 19:48:11.369  4340  4884 I ApplicationPackageManager: return adaptive icon for org.mozilla.fenix
10-22 19:48:11.369  3957  3957 I SamsungAlarmManager: setLocked to kernel - T:2 / 20231022T194900, SetElapsed=1659322059, nowELAPSED=1659273427
10-22 19:48:11.369  3957  3957 D SamsungAlarmManager: setInexact Listener (T:2/F:0/AC:false) 20231022T195817 - CU:1000/CP:3957
10-22 19:48:11.371  4340  4731 D NetworkController.MobileSignalController(0/-2): onSignalStrengthsChanged signalStrength=SignalStrength: 22 99 -22 -200 -22 -200 -1 99 2147483647 2147483647 2147483647 2147483647 0 2147483647 0x4 P gsm|lte level=4
10-22 19:48:11.371  3957  3957 I SamsungAlarmManager: setLocked to kernel - T:2 / 20231022T194900, SetElapsed=1659322058, nowELAPSED=1659273429
10-22 19:48:11.371  3957  3957 D SamsungAlarmManager: setInexact Listener (T:2/F:0/AC:false) 20231022T200237 - CU:1000/CP:3957
10-22 19:48:11.371  4340  4731 D NetworkController.MobileSignalController(0/-2): getMobileIconGroup(): 0
10-22 19:48:11.382  3957  6478 D WifiService: getConnectionInfo uid=1000
10-22 19:48:11.385  3957  6478 D GameManagerService: identifyGamePackage. com.example.batterymanager_utility
10-22 19:48:11.385  3957  6478 D GamePkgDataHelper: getGamePkgData(). com.example.batterymanager_utility
10-22 19:48:11.389  3957  4460 D ActivityManager: post active user change for 0 fullscreen true isHomeActivity() false
10-22 19:48:11.389  3957  6478 D GameManagerService: identifyGamePackage. com.example.batterymanager_utility
10-22 19:48:11.389  3957  6478 D GamePkgDataHelper: getGamePkgData(). com.example.batterymanager_utility
10-22 19:48:11.396  3957  4460 V WindowManager: Relayout Window{f971ab8 u0 com.example.batterymanager_utility/com.example.batterymanager_utility.MainActivity}: viewVisibility=0 req=720x1280 WM.LayoutParams{(0,0)(fillxfill) sim=#120 ty=1 fl=#81810100 pfl=0x20000 wanim=0x10302fd vsysui=0x600 needsMenuKey=2 colorMode=0 naviIconColor=0}
10-22 19:48:11.397  3447  3447 I SurfaceFlinger: id=3455 createSurf (720x1280),1 flag=404, com.example.batterymanager_utility/com.example.batterymanager_utility.MainActivity#0
10-22 19:48:11.399  3957  4460 V Surface : sf_framedrop debug : 0x4f4c, game : false, logging : 0
10-22 19:48:11.400  3957  3973 D WindowManager: set systemUiVisibility : systemUiFlags= 0x608 fullscreenStackSysUiFlags= 0x0
10-22 19:48:11.403  3957  4083 W InputDispatcher: channel ~ Consumer closed input channel or an error occurred.  events=0x9
10-22 19:48:11.403  3957  4083 E InputDispatcher: channel ~ Channel is unrecoverably broken and will be disposed!
10-22 19:48:11.405  3957  4460 D InputDispatcher: Focus entered window: 27058
10-22 19:48:11.408 27058 27058 V Surface : sf_framedrop debug : 0x4f4c, game : false, logging : 0
10-22 19:48:11.408  3957  4654 D WindowManager: adjustSystemUiVisibilityLw : vis= 0x608
10-22 19:48:11.410 27058 27058 D ViewRootImpl@4470b6[MainActivity]: Relayout returned: old=[0,0][720,1280] new=[0,0][720,1280] result=0x7 surface={valid=true 502085181440} changed=true
10-22 19:48:11.410  3957  4460 D ConnectivityService: ConnectivityService NetworkRequestInfo binderDied(NetworkRequest [ TRACK_DEFAULT id=2316, [ Capabilities: INTERNET&NOT_RESTRICTED&TRUSTED&NOT_VPN] ], android.os.BinderProxy@3dec7c9)
10-22 19:48:11.410  3957  4654 I WindowManager: WIN DEATH: Window{ba6c73f u0 org.mozilla.fenix/org.mozilla.fenix.App}
10-22 19:48:11.411  3957  4654 W InputDispatcher: Attempted to unregister already unregistered input channel
10-22 19:48:11.411  3957  4157 D ConnectivityService: releasing NetworkRequest [ TRACK_DEFAULT id=2316, [ Capabilities: INTERNET&NOT_RESTRICTED&TRUSTED&NOT_VPN] ] (CALLBACK_RELEASED)
10-22 19:48:11.411  3957  4654 I WindowManager: Destroying surface Surface(name=org.mozilla.fenix/org.mozilla.fenix.App) called by com.android.server.wm.WindowStateAnimator.destroySurface:2501 com.android.server.wm.WindowStateAnimator.destroySurfaceLocked:985 com.android.server.wm.WindowState.removeImmediately:2403 com.android.server.wm.WindowState.removeIfPossible:2602 com.android.server.wm.WindowState.-wrap1:0 com.android.server.wm.WindowState$DeathRecipient.binderDied:3141 android.os.BinderProxy.sendDeathNotice:841 <bottom of call stack> 
10-22 19:48:11.411  3957  4157 D ConnectivityService:  Removing from current network NetworkAgentInfo [WIFI () - 509], leaving 11 requests.
10-22 19:48:11.411  3447  3488 I SurfaceFlinger: id=3452 Removed org.mozilla.fenix/org.mozilla.fenix.App#0 (4/5)
10-22 19:48:11.412  8846  8846 D InputEventReceiver: channel 'ClientState{bf9bc3c uid 10169 pid 27103} (client)' ~ Disposing input event receiver.
10-22 19:48:11.412  3957  4157 D ConnectivityService: sending notification RELEASED for NetworkRequest [ TRACK_DEFAULT id=2316, [ Capabilities: INTERNET&NOT_RESTRICTED&TRUSTED&NOT_VPN] ]
10-22 19:48:11.412  8846  8846 D InputEventReceiver: channel 'ClientState{bf9bc3c uid 10169 pid 27103} (client)' ~NativeInputEventReceiver.
10-22 19:48:11.414  3447  3447 I Layer   : id=3452 onRemoved org.mozilla.fenix/org.mozilla.fenix.App#0 
10-22 19:48:11.416  3447  3447 I Layer   : id=3454 onRemoved Background for - SurfaceView - org.mozilla.fenix/org.mozilla.fenix.App@b6c1bf3@0#0 
10-22 19:48:11.416  3447  3447 I Layer   : id=3453 onRemoved SurfaceView - org.mozilla.fenix/org.mozilla.fenix.App@b6c1bf3@0#0 
10-22 19:48:11.417  3957  4157 E ConnectivityService: RemoteException caught trying to send a callback msg for NetworkRequest [ TRACK_DEFAULT id=2316, [ Capabilities: INTERNET&NOT_RESTRICTED&TRUSTED&NOT_VPN] ]
10-22 19:48:11.417  3447 18688 I SurfaceFlinger: id=3452 Removed org.mozilla.fenix/org.mozilla.fenix.App#0 (-2/5)
10-22 19:48:11.420  3447  3447 I SurfaceFlinger: Display 0 HWC layers:
10-22 19:48:11.420  3447  3447 I SurfaceFlinger:     type    |    handle    | flag |  format   |   source crop (l,t,r,b)    |         frame       | name 
10-22 19:48:11.420  3447  3447 I SurfaceFlinger: ------------+--------------+------+-----------+----------------------------+---------------------+------
10-22 19:48:11.420  3447  3447 I SurfaceFlinger:      Device | 0x7ea5024540 | 0000 | RGBA_8888 |   0.0    0.0  720.0   42.0 |    0    0  720   42 | StatusBar#0
10-22 19:48:11.420  3447  3447 I SurfaceFlinger: 
10-22 19:48:11.422  3957  3981 W ActivityManager: setHasOverlayUi called on unknown pid: 27103
10-22 19:48:11.425 27058 27074 D mali_winsys: EGLint new_window_surface(egl_winsys_display *, void *, EGLSurface, EGLConfig, egl_winsys_surface **, egl_color_buffer_format *, EGLBoolean) returns 0x3000,  [720x1280]-format:1
10-22 19:48:11.426 27058 27074 D OpenGLRenderer: eglCreateWindowSurface = 0x74d242e040
10-22 19:48:11.432 27058 27058 D ViewRootImpl@4470b6[MainActivity]: MSG_WINDOW_FOCUS_CHANGED 1
10-22 19:48:11.441 27058 27058 V InputMethodManager: Starting input: tba=android.view.inputmethod.EditorInfo@f6a3ba6 nm : com.example.batterymanager_utility ic=null
10-22 19:48:11.442 27058 27058 I InputMethodManager: startInputInner - mService.startInputOrWindowGainedFocus
10-22 19:48:11.443  3957  4650 D InputMethodManagerService: startInputOrWindowGainedFocus : windowGainedFocus 
10-22 19:48:11.443  3957  4650 D InputMethodManagerService: windowGainedFocus: destinationUserId (getCallingUid) = 0
10-22 19:48:11.443  3957  4650 D InputMethodManagerService: windowGainedFocus: currentUserId=0
10-22 19:48:11.444  3957  4650 D InputMethodManagerService: windowGainedFocus: mCurrentFocusedUserId=0
10-22 19:48:11.444  3957  4650 D InputMethodManagerService: windowGainedFocus : lock - currentUserId = 0 destinationUserId = 0
10-22 19:48:11.444  3957  4650 D InputMethodManagerService: windowGainedFocus : mCurrentFocusedUserId - 0 and mSecureKeypadEnabled - false, userSwitched - false
10-22 19:48:11.445  3957  4650 V InputMethodManagerService: windowGainedFocus : reason=WINDOW_FOCUS_GAIN client=android.os.BinderProxy@b74572a inputContext=null missingMethods= attribute=android.view.inputmethod.EditorInfo@5307ece nm = com.example.batterymanager_utility controlFlags=#105 softInputMode=#120 windowFlags=#81810100
10-22 19:48:11.445  3957  4650 V InputMethodManagerService: hideCurrentInputLocked : shouldHideSoftInput is false
10-22 19:48:11.446  3957  4650 D InputMethodManagerService: setCurrentInputInfo - inputContext : null eidtorInfo : android.view.inputmethod.EditorInfo@5307ece missingMethods : 0
10-22 19:48:11.446  8846  8846 I InputMethodWrapper:  call dispatchStartInputWithToken
10-22 19:48:11.447  8846  8846 I InputMethodService: dispatchStartInputWithToken
10-22 19:48:11.451  8846  8846 I SKBD    : SamsungKeypad [IMI] onStartInput - caller pid : 27103, caller uid : 10169
10-22 19:48:11.488  3957  4089 D MdnieScenarioControlService:  packageName : com.example.batterymanager_utility    className : com.example.batterymanager_utility.MainActivity
10-22 19:48:11.488  3957  4089 V MdnieScenarioControlService: setUIMode from UI function(3)
10-22 19:48:11.505  3957  4650 V WindowManager: finishDrawingLocked: mDrawState=COMMIT_DRAW_PENDING Window{f971ab8 u0 com.example.batterymanager_utility/com.example.batterymanager_utility.MainActivity} in Surface(name=com.example.batterymanager_utility/com.example.batterymanager_utility.MainActivity)
10-22 19:48:11.520  3447  3447 I SurfaceFlinger: id=3456 createSurf (720x1280),-1 flag=20004, com.example.batterymanager_utility/com.example.batterymanager_utility.MainActivity_dim#0
10-22 19:48:11.535  3447  3447 I SurfaceFlinger: Display 0 HWC layers:
10-22 19:48:11.535  3447  3447 I SurfaceFlinger:     type    |    handle    | flag |  format   |   source crop (l,t,r,b)    |         frame       | name 
10-22 19:48:11.535  3447  3447 I SurfaceFlinger: ------------+--------------+------+-----------+----------------------------+---------------------+------
10-22 19:48:11.535  3447  3447 I SurfaceFlinger:      Client |              | 0000 |  Unknown  |  -0.2   -0.2   -0.8   -0.8 |    0    0  720 1280 | animation background stackId=1#0
10-22 19:48:11.535  3447  3447 I SurfaceFlinger:      Client | 0x7e9ecbfd80 | 0002 | RGBA_8888 |   0.0    0.0   31.0 1280.0 |  689    0  720 1280 | com.example.batterymanager_utility/c[...]atterymanager_utility.MainActivity#0
10-22 19:48:11.535  3447  3447 I SurfaceFlinger:      Device | 0x7ea5024780 | 0000 | RGBA_8888 |   0.0    0.0  720.0   42.0 |    0    0  720   42 | StatusBar#0
10-22 19:48:11.535  3447  3447 I SurfaceFlinger: 
10-22 19:48:11.553  3447  3447 I SurfaceFlinger: Display 0 HWC layers:
10-22 19:48:11.553  3447  3447 I SurfaceFlinger:     type    |    handle    | flag |  format   |   source crop (l,t,r,b)    |         frame       | name 
10-22 19:48:11.553  3447  3447 I SurfaceFlinger: ------------+--------------+------+-----------+----------------------------+---------------------+------
10-22 19:48:11.553  3447  3447 I SurfaceFlinger:      Client |              | 0000 |  Unknown  |   0.0    0.0   -1.0   -1.0 |    0    0  720 1280 | com.example.batterymanager_utility/c[...]rymanager_utility.MainActivity_dim#0
10-22 19:48:11.553  3447  3447 I SurfaceFlinger:      Client |              | 0000 |  Unknown  |  -0.2   -0.2   -0.8   -0.8 |    0    0  720 1280 | animation background stackId=1#0
10-22 19:48:11.553  3447  3447 I SurfaceFlinger:      Client | 0x7e9ecbfd80 | 0002 | RGBA_8888 |   0.0    0.0   65.0 1280.0 |  655    0  720 1280 | com.example.batterymanager_utility/c[...]atterymanager_utility.MainActivity#0
10-22 19:48:11.553  3447  3447 I SurfaceFlinger:      Device | 0x7ea50243c0 | 0000 | RGBA_8888 |   0.0    0.0  720.0   42.0 |    0    0  720   42 | StatusBar#0
10-22 19:48:11.553  3447  3447 I SurfaceFlinger: 
10-22 19:48:11.901  3447  3447 I SurfaceFlinger: Display 0 HWC layers:
10-22 19:48:11.901  3447  3447 I SurfaceFlinger:     type    |    handle    | flag |  format   |   source crop (l,t,r,b)    |         frame       | name 
10-22 19:48:11.901  3447  3447 I SurfaceFlinger: ------------+--------------+------+-----------+----------------------------+---------------------+------
10-22 19:48:11.901  3447  3447 I SurfaceFlinger:      Device | 0x7e9ecbfd80 | 0002 | RGBA_8888 |   0.0    0.0  720.0 1280.0 |    0    0  720 1280 | com.example.batterymanager_utility/c[...]atterymanager_utility.MainActivity#0
10-22 19:48:11.901  3447  3447 I SurfaceFlinger:      Device | 0x7ea5024540 | 0000 | RGBA_8888 |   0.0    0.0  720.0   42.0 |    0    0  720   42 | StatusBar#0
10-22 19:48:11.901  3447  3447 I SurfaceFlinger: 
10-22 19:48:11.932  3957  4025 I WindowManager: Destroying surface Surface(name=com.example.batterymanager_utility/com.example.batterymanager_utility.MainActivity_dim) called by com.android.server.wm.WindowStateAnimator.destroyTransitionDimSurface:2733 com.android.server.wm.WindowState.onExitAnimationDone:5243 com.android.server.wm.AppWindowAnimator.stepAnimationLocked:508 com.android.server.wm.AppWindowToken.stepAppWindowsAnimation:1659 com.android.server.wm.WindowContainer.stepAppWindowsAnimation:521 com.android.server.wm.WindowContainer.stepAppWindowsAnimation:521 com.android.server.wm.TaskStack.stepAppWindowsAnimation:1948 com.android.server.wm.WindowContainer.stepAppWindowsAnimation:521 
10-22 19:48:11.932  3447  5168 I SurfaceFlinger: id=3456 Removed com.example.batterymanager_utility/com.example.batterymanager_utility.MainActivity_dim#0 (1/5)
10-22 19:48:11.933  3447  5168 I SurfaceFlinger: id=3456 Removed com.example.batterymanager_utility/com.example.batterymanager_utility.MainActivity_dim#0 (-2/5)
10-22 19:48:11.934  3957  3981 D CustomFrequencyManagerService: releaseDVFSLockLocked : Getting Lock type frm List : DVFS_MIN_LIMIT  frequency : 1560000  uid : 1000  pid : 3957  tag : AMS_ACT_RESUME@CPU_MIN@74
10-22 19:48:11.934  3957  3981 D ActivityManagerPerformance: AMP_release() ACT_RESUME
10-22 19:48:11.935  3957  4129 D WifiStateMachine:  ConnectedState !RSSI_PKTCNT_FETCH uid=1000 rt=603298519/1659273992 0 0 "ourhome" f4:6d:2f:12:cc:88 rssi=-44 f=5240 sc=60 link=433 tx=0.3, 0.0, 0.0  rx=1.3 bcn=598187 [on:0 tx:0 rx:0 period:1000] from screen [on:307820 period:1835603] score=60
10-22 19:48:11.936  3957  4129 D WifiStateMachine:  L2ConnectedState !RSSI_PKTCNT_FETCH uid=1000 rt=603298521/1659273993 0 0 "ourhome" f4:6d:2f:12:cc:88 rssi=-44 f=5240 sc=60 link=433 tx=0.3, 0.0, 0.0  rx=1.3 bcn=598187 [on:0 tx:0 rx:0 period:1] from screen [on:307820 period:1835604] score=60
10-22 19:48:11.943  3957  4129 D WifiStateMachine: fetchRssiLinkSpeedAndFrequencyNative rssi=-45 linkspeed=433 freq=5240
10-22 19:48:11.943  3957  4129 V WifiConfigManager: Updating scan detail cache freq=5240 BSSID=f4:6d:2f:12:cc:88 RSSI=-44 for "ourhome"WPA_PSK
10-22 19:48:11.948  3447  3447 I Layer   : id=3456 onRemoved com.example.batterymanager_utility/com.example.batterymanager_utility.MainActivity_dim#0 
10-22 19:48:12.186  3957  4128 D WifiService: getConnectionInfo uid=1000
10-22 19:48:12.262  3957  4030 D SensorService: [SO] 0.182 -0.144 9.950
10-22 19:48:12.576  9273  9310 D ScanRecord: Not a Multi Manu data
10-22 19:48:12.931  9273  9310 I chatty  : uid=1002(bluetooth) BT Service Call identical 625 lines
10-22 19:48:12.931  9273  9310 D ScanRecord: Not a Multi Manu data
10-22 19:48:12.938  3957  4129 D WifiStateMachine:  ConnectedState !RSSI_PKTCNT_FETCH uid=1000 rt=603299521/1659274994 0 0 "ourhome" f4:6d:2f:12:cc:88 rssi=-45 f=5240 sc=60 link=433 tx=0.3, 0.0, 0.0  rx=1.3 bcn=598187 [on:0 tx:0 rx:0 period:1002] from screen [on:307820 period:1836606] score=60
10-22 19:48:12.940  9273  9310 D ScanRecord: Not a Multi Manu data
10-22 19:48:12.940  9273  9310 I chatty  : uid=1002(bluetooth) BT Service Call identical 9 lines
10-22 19:48:12.940  9273  9310 D ScanRecord: Not a Multi Manu data
10-22 19:48:12.941  3957  4129 D WifiStateMachine:  L2ConnectedState !RSSI_PKTCNT_FETCH uid=1000 rt=603299524/1659274997 0 0 "ourhome" f4:6d:2f:12:cc:88 rssi=-45 f=5240 sc=60 link=433 tx=0.3, 0.0, 0.0  rx=1.3 bcn=598187 [on:0 tx:0 rx:0 period:2] from screen [on:307820 period:1836608] score=60
10-22 19:48:12.945  9273  9310 D ScanRecord: Not a Multi Manu data
10-22 19:48:12.946  9273  9310 I chatty  : uid=1002(bluetooth) BT Service Call identical 9 lines
10-22 19:48:12.946  9273  9310 D ScanRecord: Not a Multi Manu data
10-22 19:48:12.947  3957  4129 D WifiStateMachine: fetchRssiLinkSpeedAndFrequencyNative rssi=-42 linkspeed=433 freq=5240
10-22 19:48:12.947  3957  4129 V WifiConfigManager: Updating scan detail cache freq=5240 BSSID=f4:6d:2f:12:cc:88 RSSI=-42 for "ourhome"WPA_PSK
10-22 19:48:12.953  9273  9310 D ScanRecord: Not a Multi Manu data
10-22 19:48:12.957  9273  9310 I chatty  : uid=1002(bluetooth) BT Service Call identical 20 lines
10-22 19:48:12.957  9273  9310 D ScanRecord: Not a Multi Manu data
10-22 19:48:12.974  3957  4129 D WifiStateMachine:  ConnectedState !CMD_RSSI_POLL rt=603299557/1659275029 122 0 "ourhome" f4:6d:2f:12:cc:88 rssi=-42 f=5240 sc=60 link=433 tx=0.3, 0.0, 0.0  rx=1.3 bcn=598187 [on:0 tx:0 rx:0 period:33] from screen [on:307820 period:1836641] score=60
10-22 19:48:12.976  9273  9310 D ScanRecord: Not a Multi Manu data
10-22 19:48:12.976  9273  9310 I chatty  : uid=1002(bluetooth) BT Service Call identical 9 lines
10-22 19:48:12.976  9273  9310 D ScanRecord: Not a Multi Manu data
10-22 19:48:12.978  3957  4129 D WifiStateMachine:  L2ConnectedState !CMD_RSSI_POLL rt=603299560/1659275032 122 0 "ourhome" f4:6d:2f:12:cc:88 rssi=-42 f=5240 sc=60 link=433 tx=0.3, 0.0, 0.0  rx=1.3 bcn=598187 [on:0 tx:0 rx:0 period:4] from screen [on:307820 period:1836645] score=60
10-22 19:48:12.978  3957  4129 D WifiStateMachine:  get link layer stats 3
10-22 19:48:12.979  9273  9310 D ScanRecord: Not a Multi Manu data
10-22 19:48:12.979  3436  3436 I android.hardware.wifi@1.0-service: getLinkLayerStats
10-22 19:48:12.982  9273  9310 I chatty  : uid=1002(bluetooth) BT Service Call identical 20 lines
10-22 19:48:12.982  9273  9310 D ScanRecord: Not a Multi Manu data
10-22 19:48:12.985  3957  4129 D WifiStateMachine: fetchRssiLinkSpeedAndFrequencyNative rssi=-42 linkspeed=433 freq=5240
10-22 19:48:12.985  3957  4129 V WifiConfigManager: Updating scan detail cache freq=5240 BSSID=f4:6d:2f:12:cc:88 RSSI=-42 for "ourhome"WPA_PSK
10-22 19:48:12.991  4340  4340 E SignalClusterView: setSlotFocusVisible : subId -2
10-22 19:48:12.991  4340  4340 E SignalClusterView: setSlotFocusVisible : subId -2
10-22 19:48:12.995  9273  9310 D ScanRecord: Not a Multi Manu data
10-22 19:48:13.056  9273  9310 I chatty  : uid=1002(bluetooth) BT Service Call identical 97 lines
10-22 19:48:13.056  9273  9310 D ScanRecord: Not a Multi Manu data
10-22 19:48:13.189  3957  4128 D WifiService: getConnectionInfo uid=1000
10-22 19:48:13.243  3957  3957 D PreBindingService: handleMessage : 1
10-22 19:48:13.940  3957  4129 D WifiStateMachine:  ConnectedState !RSSI_PKTCNT_FETCH uid=1000 rt=603300524/1659275996 0 0 "ourhome" f4:6d:2f:12:cc:88 rssi=-42 f=5240 sc=60 link=433 tx=27.4, 0.0, 0.0  rx=28.4 bcn=598217 [on:0 tx:0 rx:0 period:951] from screen [on:308770 period:1837608] score=60
10-22 19:48:13.943  3957  4129 D WifiStateMachine:  L2ConnectedState !RSSI_PKTCNT_FETCH uid=1000 rt=603300526/1659275999 0 0 "ourhome" f4:6d:2f:12:cc:88 rssi=-42 f=5240 sc=60 link=433 tx=27.4, 0.0, 0.0  rx=28.4 bcn=598217 [on:0 tx:0 rx:0 period:3] from screen [on:308770 period:1837611] score=60
10-22 19:48:13.950  3957  4129 D WifiStateMachine: fetchRssiLinkSpeedAndFrequencyNative rssi=-41 linkspeed=433 freq=5240
10-22 19:48:13.951  3957  4129 V WifiConfigManager: Updating scan detail cache freq=5240 BSSID=f4:6d:2f:12:cc:88 RSSI=-41 for "ourhome"WPA_PSK
10-22 19:48:14.192  3957  4128 D WifiService: getConnectionInfo uid=1000
10-22 19:48:14.342  3957  6478 D SSRM:k  : SIOP:: AP = 420, PST = 445 (W:10), BAT = 293, USB = 0, CHG = 0
10-22 19:48:14.368 11094 11094 E adbd    : recv: OPEN 00033231 00000000 0042:73 68 65 6C 6C 2C 76 32 2C 54 45 52 4D 3D 78 74 65 72 6D 2D 32 35 36 63 6F 6C 6F 72 2C 72 61 77 3A 67 65 74 70 72 6F 70 20 72 6F 2E 62 75 69 6C 64 2E 76 65 72 73 69 6F 6E 2E 72 65 6C 65 61 73 65 00 
10-22 19:48:14.368 11094 11094 E adbd    : service_to_fd: shell,v2,TERM=xterm-256color,raw:getprop ro.build.version.release
10-22 19:48:14.460 11094 11094 E adbd    : recv: OPEN 00033235 00000000 003e:73 68 65 6C 6C 2C 76 32 2C 54 45 52 4D 3D 78 74 65 72 6D 2D 32 35 36 63 6F 6C 6F 72 2C 72 61 77 3A 67 65 74 70 72 6F 70 20 72 6F 2E 62 75 69 6C 64 2E 76 65 72 73 69 6F 6E 2E 73 64 6B 00 
10-22 19:48:14.460 11094 11094 E adbd    : service_to_fd: shell,v2,TERM=xterm-256color,raw:getprop ro.build.version.sdk
10-22 19:48:14.526 11094 11094 E adbd    : recv: OPEN 00033239 00000000 0052:73 68 65 6C 6C 2C 76 32 2C 54 45 52 4D 3D 78 74 65 72 6D 2D 32 35 36 63 6F 6C 6F 72 2C 72 61 77 3A 61 6D 20 66 6F 72 63 65 2D 73 74 6F 70 20 63 6F 6D 2E 65 78 61 6D 70 6C 65 2E 62 61 74 74 65 72 79 6D 61 6E 61 67 65 72 5F 75 74 69 6C 69 74 79 00 
10-22 19:48:14.526 11094 11094 E adbd    : service_to_fd: shell,v2,TERM=xterm-256color,raw:am force-stop com.example.batterymanager_utility
10-22 19:48:14.609  3957 10057 I ActivityManager: Force stopping com.example.batterymanager_utility appid=10170 user=0: from pid 27645
10-22 19:48:14.609  3957 10057 I ActivityManager: Killing 27058:com.example.batterymanager_utility/u0a170 (adj 0): stop com.example.batterymanager_utility,from pid 27645
10-22 19:48:14.611  3957 10057 W ActivityManager: Force removing ActivityRecord{46329e9 u0 com.example.batterymanager_utility/.MainActivity t605}: app died, no saved state
10-22 19:48:14.617  3957 10057 D InputDispatcher: Focus left window: 27058
10-22 19:48:14.619  3957 10057 I WindowManager: Failed to capture screenshot of Token{834066e ActivityRecord{46329e9 u0 com.example.batterymanager_utility/.MainActivity t605 f}} appWin=Window{f971ab8 u0 com.example.batterymanager_utility/com.example.batterymanager_utility.MainActivity} drawState=4
10-22 19:48:14.619  3957 10057 D TaskSnapshotCache: removeRunningEntry taskId=605 RunningCache size=0
10-22 19:48:14.621  3957 10057 I WindowManager: Destroying surface Surface(name=com.example.batterymanager_utility/com.example.batterymanager_utility.MainActivity) called by com.android.server.wm.WindowStateAnimator.destroySurface:2501 com.android.server.wm.WindowStateAnimator.destroySurfaceLocked:985 com.android.server.wm.WindowState.removeImmediately:2403 com.android.server.wm.WindowState.removeIfPossible:2602 com.android.server.wm.WindowState.removeIfPossible:2432 com.android.server.wm.WindowToken.removeAllWindowsIfPossible:143 com.android.server.wm.AppWindowToken.removeIfPossible:606 com.android.server.wm.AppWindowToken.onRemovedFromDisplay:674 
