10-22 20:01:49.171  3957  4129 D WifiStateMachine: fetchRssiLinkSpeedAndFrequencyNative rssi=-48 linkspeed=433 freq=5240
10-22 20:01:49.171  3957  4129 V WifiConfigManager: Updating scan detail cache freq=5240 BSSID=f4:6d:2f:12:cc:88 RSSI=-46 for "ourhome"WPA_PSK
10-22 20:01:49.231 29588 29909 I BatteryMgr:DataCollectionService: stats => 1697997709231,-40,4160,-163,0,100
10-22 20:01:49.312  3957  4128 D WifiService: getConnectionInfo uid=1000
10-22 20:01:49.337 29588 29909 I BatteryMgr:DataCollectionService: stats => 1697997709337,-40,4160,-163,0,100
10-22 20:01:49.441 29588 29909 I BatteryMgr:DataCollectionService: stats => 1697997709441,-40,4160,-163,0,100
10-22 20:01:49.546 29588 29909 I BatteryMgr:DataCollectionService: stats => 1697997709546,-40,4160,-163,0,100
10-22 20:01:49.653 29588 29909 I BatteryMgr:DataCollectionService: stats => 1697997709653,-40,4160,-163,0,100
10-22 20:01:49.760 29588 29909 I BatteryMgr:DataCollectionService: stats => 1697997709760,-40,4160,-163,0,100
10-22 20:01:49.864 29588 29909 I BatteryMgr:DataCollectionService: stats => 1697997709864,-40,4160,-163,0,100
10-22 20:01:49.971 29588 29909 I BatteryMgr:DataCollectionService: stats => 1697997709971,-40,4160,-163,0,100
10-22 20:01:50.076 29588 29909 I BatteryMgr:DataCollectionService: stats => 1697997710075,-40,4160,-163,0,100
10-22 20:01:50.164  3957  4129 D WifiStateMachine:  ConnectedState !RSSI_PKTCNT_FETCH uid=1000 rt=604116749/1660092222 0 0 "ourhome" f4:6d:2f:12:cc:88 rssi=-48 f=5240 sc=60 link=433 tx=1.4, 0.0, 0.0  rx=1.5 bcn=605897 [on:0 tx:0 rx:0 period:999] from screen [on:442168 period:2653832] score=60
10-22 20:01:50.165  3957  4129 D WifiStateMachine:  L2ConnectedState !RSSI_PKTCNT_FETCH uid=1000 rt=604116750/1660092222 0 0 "ourhome" f4:6d:2f:12:cc:88 rssi=-48 f=5240 sc=60 link=433 tx=1.4, 0.0, 0.0  rx=1.5 bcn=605897 [on:0 tx:0 rx:0 period:1] from screen [on:442168 period:2653833] score=60
10-22 20:01:50.171  3957  4129 D WifiStateMachine: fetchRssiLinkSpeedAndFrequencyNative rssi=-48 linkspeed=433 freq=5240
10-22 20:01:50.171  3957  4129 V WifiConfigManager: Updating scan detail cache freq=5240 BSSID=f4:6d:2f:12:cc:88 RSSI=-47 for "ourhome"WPA_PSK
10-22 20:01:50.180 29588 29909 I BatteryMgr:DataCollectionService: stats => 1697997710180,-40,4160,-163,0,100
10-22 20:01:50.285 29588 29909 I BatteryMgr:DataCollectionService: stats => 1697997710284,-40,4160,-163,0,100
10-22 20:01:50.314  3957  4128 D WifiService: getConnectionInfo uid=1000
10-22 20:01:50.334  4961  4961 D io_stats: !@ 179,0 r 10154943 333317356 w 2165447 42378000 d 174592 37297280 f 640750 666270 iot 4645296 4003000 th 51200 0 0 pt 0 inp 0 0 604116.919
10-22 20:01:50.391 29588 29909 I BatteryMgr:DataCollectionService: stats => 1697997710390,-40,4160,-163,0,100
10-22 20:01:50.496 29588 29909 I BatteryMgr:DataCollectionService: stats => 1697997710496,-40,4160,-163,0,100
10-22 20:01:50.605 29588 29909 I BatteryMgr:DataCollectionService: stats => 1697997710604,-40,4160,-163,0,100
10-22 20:01:50.710 29588 29909 I BatteryMgr:DataCollectionService: stats => 1697997710710,-40,4160,-163,0,100
10-22 20:01:50.816 29588 29909 I BatteryMgr:DataCollectionService: stats => 1697997710816,-40,4160,-163,0,100
10-22 20:01:50.921 29588 29909 I BatteryMgr:DataCollectionService: stats => 1697997710921,-40,4160,-163,0,100
10-22 20:01:51.028 29588 29909 I BatteryMgr:DataCollectionService: stats => 1697997711028,-40,4160,-163,0,100
10-22 20:01:51.133 29588 29909 I BatteryMgr:DataCollectionService: stats => 1697997711133,-40,4160,-163,0,100
10-22 20:01:51.166  3957  4129 D WifiStateMachine:  ConnectedState !RSSI_PKTCNT_FETCH uid=1000 rt=604117750/1660093223 0 0 "ourhome" f4:6d:2f:12:cc:88 rssi=-48 f=5240 sc=60 link=433 tx=1.4, 0.0, 0.0  rx=1.5 bcn=605897 [on:0 tx:0 rx:0 period:1001] from screen [on:442168 period:2654834] score=60
10-22 20:01:51.167  3957  4129 D WifiStateMachine:  L2ConnectedState !RSSI_PKTCNT_FETCH uid=1000 rt=604117751/1660093224 0 0 "ourhome" f4:6d:2f:12:cc:88 rssi=-48 f=5240 sc=60 link=433 tx=1.4, 0.0, 0.0  rx=1.5 bcn=605897 [on:0 tx:0 rx:0 period:1] from screen [on:442168 period:2654835] score=60
10-22 20:01:51.172  3957  4129 D WifiStateMachine: fetchRssiLinkSpeedAndFrequencyNative rssi=-48 linkspeed=433 freq=5240
10-22 20:01:51.172  3957  4129 V WifiConfigManager: Updating scan detail cache freq=5240 BSSID=f4:6d:2f:12:cc:88 RSSI=-47 for "ourhome"WPA_PSK
10-22 20:01:51.207  4340  4731 D NetworkController.MobileSignalController(0/-2): onSignalStrengthsChanged signalStrength=SignalStrength: 21 99 -21 -200 -21 -200 -1 99 2147483647 2147483647 2147483647 2147483647 0 2147483647 0x4 P gsm|lte level=4
10-22 20:01:51.207  4340  4731 D NetworkController.MobileSignalController(0/-2): getMobileIconGroup(): 0
10-22 20:01:51.240 29588 29909 I BatteryMgr:DataCollectionService: stats => 1697997711240,-40,4160,-163,0,100
10-22 20:01:51.315  3957  4128 D WifiService: getConnectionInfo uid=1000
10-22 20:01:51.345 29588 29909 I BatteryMgr:DataCollectionService: stats => 1697997711345,-40,4160,-163,0,100
10-22 20:01:51.385 29632 29643 I zygote64: Background concurrent copying GC freed 226957(6MB) AllocSpace objects, 0(0B) LOS objects, 49% free, 6MB/13MB, paused 2.980ms total 209.550ms
10-22 20:01:51.451 29588 29909 I BatteryMgr:DataCollectionService: stats => 1697997711450,-40,4160,-163,0,100
10-22 20:01:51.556 29588 29909 I BatteryMgr:DataCollectionService: stats => 1697997711556,-40,4160,-163,0,100
10-22 20:01:51.563  3957  4129 D WifiStateMachine:  ConnectedState !CMD_RSSI_POLL rt=604118147/1660093620 122 0 "ourhome" f4:6d:2f:12:cc:88 rssi=-48 f=5240 sc=60 link=433 tx=1.4, 0.0, 0.0  rx=1.5 bcn=605897 [on:0 tx:0 rx:0 period:396] from screen [on:442168 period:2655231] score=60
10-22 20:01:51.564  3957  4129 D WifiStateMachine:  L2ConnectedState !CMD_RSSI_POLL rt=604118149/1660093621 122 0 "ourhome" f4:6d:2f:12:cc:88 rssi=-48 f=5240 sc=60 link=433 tx=1.4, 0.0, 0.0  rx=1.5 bcn=605897 [on:0 tx:0 rx:0 period:1] from screen [on:442168 period:2655232] score=60
10-22 20:01:51.564  3957  4129 D WifiStateMachine:  get link layer stats 3
10-22 20:01:51.565  3436  3436 I android.hardware.wifi@1.0-service: getLinkLayerStats
10-22 20:01:51.583  3957  4129 D WifiStateMachine: fetchRssiLinkSpeedAndFrequencyNative rssi=-47 linkspeed=433 freq=5240
10-22 20:01:51.583  3957  4129 V WifiConfigManager: Updating scan detail cache freq=5240 BSSID=f4:6d:2f:12:cc:88 RSSI=-47 for "ourhome"WPA_PSK
10-22 20:01:51.587  4340  4340 E SignalClusterView: setSlotFocusVisible : subId -2
10-22 20:01:51.587  4340  4340 E SignalClusterView: setSlotFocusVisible : subId -2
10-22 20:01:51.662 29588 29909 I BatteryMgr:DataCollectionService: stats => 1697997711662,-40,4160,-163,0,100
10-22 20:01:51.767 29588 29909 I BatteryMgr:DataCollectionService: stats => 1697997711767,-40,4160,-163,0,100
10-22 20:01:51.876 29588 29909 I BatteryMgr:DataCollectionService: stats => 1697997711876,-40,4160,-163,0,100
10-22 20:01:51.982 29588 29909 I BatteryMgr:DataCollectionService: stats => 1697997711982,-40,4160,-163,0,100
10-22 20:01:52.088 29588 29909 I BatteryMgr:DataCollectionService: stats => 1697997712088,-40,4160,-163,0,100
10-22 20:01:52.167  3957  4129 D WifiStateMachine:  ConnectedState !RSSI_PKTCNT_FETCH uid=1000 rt=604118751/1660094224 0 0 "ourhome" f4:6d:2f:12:cc:88 rssi=-47 f=5240 sc=60 link=433 tx=0.5, 0.0, 0.0  rx=10.7 bcn=605927 [on:0 tx:0 rx:0 period:581] from screen [on:442329 period:2655835] score=60
10-22 20:01:52.168  3957  4129 D WifiStateMachine:  L2ConnectedState !RSSI_PKTCNT_FETCH uid=1000 rt=604118753/1660094225 0 0 "ourhome" f4:6d:2f:12:cc:88 rssi=-47 f=5240 sc=60 link=433 tx=0.5, 0.0, 0.0  rx=10.7 bcn=605927 [on:0 tx:0 rx:0 period:1] from screen [on:442329 period:2655836] score=60
10-22 20:01:52.174  3957  4129 D WifiStateMachine: fetchRssiLinkSpeedAndFrequencyNative rssi=-48 linkspeed=433 freq=5240
10-22 20:01:52.174  3957  4129 V WifiConfigManager: Updating scan detail cache freq=5240 BSSID=f4:6d:2f:12:cc:88 RSSI=-47 for "ourhome"WPA_PSK
10-22 20:01:52.192 29588 29909 I BatteryMgr:DataCollectionService: stats => 1697997712192,-40,4160,-163,0,100
10-22 20:01:52.264  3957  4030 D SensorService: [SO] 0.220 -0.086 9.974
10-22 20:01:52.296 29588 29909 I BatteryMgr:DataCollectionService: stats => 1697997712296,-40,4160,-163,0,100
10-22 20:01:52.317  3957  4128 D WifiService: getConnectionInfo uid=1000
10-22 20:01:52.405 29588 29909 I BatteryMgr:DataCollectionService: stats => 1697997712404,-40,4160,-163,0,100
10-22 20:01:52.509 29588 29909 I BatteryMgr:DataCollectionService: stats => 1697997712509,-40,4160,-163,0,100
10-22 20:01:52.575  9273  9310 D ScanRecord: Not a Multi Manu data
10-22 20:01:52.613  9273  9310 I chatty  : uid=1002(bluetooth) BT Service Call identical 53 lines
10-22 20:01:52.613  9273  9310 D ScanRecord: Not a Multi Manu data
10-22 20:01:52.615 29588 29909 I BatteryMgr:DataCollectionService: stats => 1697997712615,-40,4160,-163,0,100
10-22 20:01:52.618  9273  9310 D ScanRecord: Not a Multi Manu data
10-22 20:01:52.705  9273  9310 I chatty  : uid=1002(bluetooth) BT Service Call identical 108 lines
10-22 20:01:52.705  9273  9310 D ScanRecord: Not a Multi Manu data
10-22 20:01:52.720 29588 29909 I BatteryMgr:DataCollectionService: stats => 1697997712720,-40,4160,-163,0,100
10-22 20:01:52.728  9273  9310 D ScanRecord: Not a Multi Manu data
10-22 20:01:52.819  9273  9310 I chatty  : uid=1002(bluetooth) BT Service Call identical 163 lines
10-22 20:01:52.819  9273  9310 D ScanRecord: Not a Multi Manu data
10-22 20:01:52.825 29588 29909 I BatteryMgr:DataCollectionService: stats => 1697997712825,-40,4160,-163,0,100
10-22 20:01:52.831  9273  9310 D ScanRecord: Not a Multi Manu data
10-22 20:01:52.928  9273  9310 I chatty  : uid=1002(bluetooth) BT Service Call identical 141 lines
10-22 20:01:52.928  9273  9310 D ScanRecord: Not a Multi Manu data
10-22 20:01:52.931 29588 29909 I BatteryMgr:DataCollectionService: stats => 1697997712931,-40,4160,-163,0,100
10-22 20:01:52.939  9273  9310 D ScanRecord: Not a Multi Manu data
10-22 20:01:53.022  9273  9310 I chatty  : uid=1002(bluetooth) BT Service Call identical 141 lines
10-22 20:01:53.022  9273  9310 D ScanRecord: Not a Multi Manu data
10-22 20:01:53.036 29588 29909 I BatteryMgr:DataCollectionService: stats => 1697997713035,-40,4160,-163,0,100
10-22 20:01:53.039  9273  9310 D ScanRecord: Not a Multi Manu data
10-22 20:01:53.070  9273  9310 I chatty  : uid=1002(bluetooth) BT Service Call identical 42 lines
10-22 20:01:53.070  9273  9310 D ScanRecord: Not a Multi Manu data
10-22 20:01:53.140 29588 29909 I BatteryMgr:DataCollectionService: stats => 1697997713140,-40,4160,-163,0,100
10-22 20:01:53.168  3957  4129 D WifiStateMachine:  ConnectedState !RSSI_PKTCNT_FETCH uid=1000 rt=604119752/1660095225 0 0 "ourhome" f4:6d:2f:12:cc:88 rssi=-48 f=5240 sc=60 link=433 tx=0.5, 0.0, 0.0  rx=10.7 bcn=605927 [on:0 tx:0 rx:0 period:1000] from screen [on:442329 period:2656836] score=60
10-22 20:01:53.170  3957  4129 D WifiStateMachine:  L2ConnectedState !RSSI_PKTCNT_FETCH uid=1000 rt=604119754/1660095226 0 0 "ourhome" f4:6d:2f:12:cc:88 rssi=-48 f=5240 sc=60 link=433 tx=0.5, 0.0, 0.0  rx=10.7 bcn=605927 [on:0 tx:0 rx:0 period:2] from screen [on:442329 period:2656838] score=60
10-22 20:01:53.171  3957  4129 D WifiStateMachine: fetchRssiLinkSpeedAndFrequencyNative rssi=-48 linkspeed=433 freq=5240
10-22 20:01:53.171  3957  4129 V WifiConfigManager: Updating scan detail cache freq=5240 BSSID=f4:6d:2f:12:cc:88 RSSI=-47 for "ourhome"WPA_PSK
10-22 20:01:53.245 29588 29909 I BatteryMgr:DataCollectionService: stats => 1697997713245,-40,4160,-163,0,100
10-22 20:01:53.319  3957  4128 D WifiService: getConnectionInfo uid=1000
10-22 20:01:53.353 29588 29909 I BatteryMgr:DataCollectionService: stats => 1697997713353,-40,4160,-163,0,100
10-22 20:01:53.461 29588 29909 I BatteryMgr:DataCollectionService: stats => 1697997713461,-40,4160,-163,0,100
10-22 20:01:53.566 29588 29909 I BatteryMgr:DataCollectionService: stats => 1697997713566,-40,4160,-163,0,100
10-22 20:01:53.671 29588 29909 I BatteryMgr:DataCollectionService: stats => 1697997713670,-40,4160,-163,0,100
10-22 20:01:53.778 29588 29909 I BatteryMgr:DataCollectionService: stats => 1697997713778,-40,4160,-163,0,100
10-22 20:01:53.884 29588 29909 I BatteryMgr:DataCollectionService: stats => 1697997713884,-40,4160,-163,0,100
10-22 20:01:53.988 29588 29909 I BatteryMgr:DataCollectionService: stats => 1697997713988,-40,4160,-163,0,100
10-22 20:01:54.094 29588 29909 I BatteryMgr:DataCollectionService: stats => 1697997714093,-40,4160,-163,0,100
10-22 20:01:54.169  3957  4129 D WifiStateMachine:  ConnectedState !RSSI_PKTCNT_FETCH uid=1000 rt=604120753/1660096226 0 0 "ourhome" f4:6d:2f:12:cc:88 rssi=-48 f=5240 sc=60 link=433 tx=0.5, 0.0, 0.0  rx=10.7 bcn=605927 [on:0 tx:0 rx:0 period:999] from screen [on:442329 period:2657837] score=60
10-22 20:01:54.170  3957  4129 D WifiStateMachine:  L2ConnectedState !RSSI_PKTCNT_FETCH uid=1000 rt=604120754/1660096227 0 0 "ourhome" f4:6d:2f:12:cc:88 rssi=-48 f=5240 sc=60 link=433 tx=0.5, 0.0, 0.0  rx=10.7 bcn=605927 [on:0 tx:0 rx:0 period:0] from screen [on:442329 period:2657837] score=60
10-22 20:01:54.175  3957  4129 D WifiStateMachine: fetchRssiLinkSpeedAndFrequencyNative rssi=-47 linkspeed=433 freq=5240
10-22 20:01:54.175  3957  4129 V WifiConfigManager: Updating scan detail cache freq=5240 BSSID=f4:6d:2f:12:cc:88 RSSI=-47 for "ourhome"WPA_PSK
10-22 20:01:54.199 29588 29909 I BatteryMgr:DataCollectionService: stats => 1697997714199,-40,4160,-163,0,100
10-22 20:01:54.303 29588 29909 I BatteryMgr:DataCollectionService: stats => 1697997714303,-40,4160,-163,0,100
10-22 20:01:54.320  3957  4128 D WifiService: getConnectionInfo uid=1000
10-22 20:01:54.408 29588 29909 I BatteryMgr:DataCollectionService: stats => 1697997714408,-40,4160,-163,0,100
10-22 20:01:54.514 29588 29909 I BatteryMgr:DataCollectionService: stats => 1697997714514,-40,4160,-163,0,100
10-22 20:01:54.585  3957  4129 D WifiStateMachine:  ConnectedState !CMD_RSSI_POLL rt=604121169/1660096642 122 0 "ourhome" f4:6d:2f:12:cc:88 rssi=-47 f=5240 sc=60 link=433 tx=0.5, 0.0, 0.0  rx=10.7 bcn=605927 [on:0 tx:0 rx:0 period:416] from screen [on:442329 period:2658253] score=60
10-22 20:01:54.587  3957  4129 D WifiStateMachine:  L2ConnectedState !CMD_RSSI_POLL rt=604121171/1660096643 122 0 "ourhome" f4:6d:2f:12:cc:88 rssi=-47 f=5240 sc=60 link=433 tx=0.5, 0.0, 0.0  rx=10.7 bcn=605927 [on:0 tx:0 rx:0 period:1] from screen [on:442329 period:2658254] score=60
10-22 20:01:54.587  3957  4129 D WifiStateMachine:  get link layer stats 3
10-22 20:01:54.587  3436  3436 I android.hardware.wifi@1.0-service: getLinkLayerStats
10-22 20:01:54.600  3957  4129 D WifiStateMachine: fetchRssiLinkSpeedAndFrequencyNative rssi=-48 linkspeed=433 freq=5240
10-22 20:01:54.600  3957  4129 V WifiConfigManager: Updating scan detail cache freq=5240 BSSID=f4:6d:2f:12:cc:88 RSSI=-47 for "ourhome"WPA_PSK
10-22 20:01:54.604  4340  4340 E SignalClusterView: setSlotFocusVisible : subId -2
10-22 20:01:54.604  4340  4340 E SignalClusterView: setSlotFocusVisible : subId -2
10-22 20:01:54.619 29588 29909 I BatteryMgr:DataCollectionService: stats => 1697997714618,-40,4160,-163,0,100
10-22 20:01:54.724 29588 29909 I BatteryMgr:DataCollectionService: stats => 1697997714724,-40,4160,-163,0,100
10-22 20:01:54.829 29588 29909 I BatteryMgr:DataCollectionService: stats => 1697997714829,-80,4160,-98,0,100
10-22 20:01:54.934 29588 29909 I BatteryMgr:DataCollectionService: stats => 1697997714934,-80,4160,-98,0,100
10-22 20:01:55.038 29588 29909 I BatteryMgr:DataCollectionService: stats => 1697997715038,-80,4160,-98,0,100
10-22 20:01:55.144 29588 29909 I BatteryMgr:DataCollectionService: stats => 1697997715144,-80,4160,-98,0,100
10-22 20:01:55.171  3957  4129 D WifiStateMachine:  ConnectedState !RSSI_PKTCNT_FETCH uid=1000 rt=604121755/1660097227 0 0 "ourhome" f4:6d:2f:12:cc:88 rssi=-48 f=5240 sc=60 link=433 tx=2.7, 0.0, 0.0  rx=9.0 bcn=605955 [on:0 tx:0 rx:0 period:568] from screen [on:443418 period:2658838] score=60
10-22 20:01:55.172  3957  4129 D WifiStateMachine:  L2ConnectedState !RSSI_PKTCNT_FETCH uid=1000 rt=604121756/1660097229 0 0 "ourhome" f4:6d:2f:12:cc:88 rssi=-48 f=5240 sc=60 link=433 tx=2.7, 0.0, 0.0  rx=9.0 bcn=605955 [on:0 tx:0 rx:0 period:2] from screen [on:443418 period:2658840] score=60
10-22 20:01:55.178  3957  4129 D WifiStateMachine: fetchRssiLinkSpeedAndFrequencyNative rssi=-48 linkspeed=433 freq=5240
10-22 20:01:55.178  3957  4129 V WifiConfigManager: Updating scan detail cache freq=5240 BSSID=f4:6d:2f:12:cc:88 RSSI=-47 for "ourhome"WPA_PSK
10-22 20:01:55.249 29588 29909 I BatteryMgr:DataCollectionService: stats => 1697997715249,-80,4160,-98,0,100
10-22 20:01:55.283  3957 12007 D BatteryService: !@BatteryListener : batteryPropertiesChanged!
10-22 20:01:55.322  3957  4128 D WifiService: getConnectionInfo uid=1000
10-22 20:01:55.336  4961  4961 D io_stats: !@ 179,0 r 10154949 333317652 w 2165456 42378184 d 174593 37297364 f 640751 666271 iot 4645304 4003010 th 51200 0 0 pt 0 inp 0 0 604121.921
10-22 20:01:55.353 29588 29909 I BatteryMgr:DataCollectionService: stats => 1697997715353,-80,4160,-98,0,100
10-22 20:01:55.461 29588 29909 I BatteryMgr:DataCollectionService: stats => 1697997715461,-80,4160,-98,0,100
10-22 20:01:55.566 29588 29909 I BatteryMgr:DataCollectionService: stats => 1697997715566,-80,4160,-98,0,100
10-22 20:01:55.671 29588 29909 I BatteryMgr:DataCollectionService: stats => 1697997715671,-80,4160,-98,0,100
10-22 20:01:55.776 29588 29909 I BatteryMgr:DataCollectionService: stats => 1697997715776,-80,4160,-98,0,100
10-22 20:01:55.880 29588 29909 I BatteryMgr:DataCollectionService: stats => 1697997715880,-80,4160,-98,0,100
10-22 20:01:55.986 29588 29909 I BatteryMgr:DataCollectionService: stats => 1697997715986,-80,4160,-98,0,100
10-22 20:01:56.091 29588 29909 I BatteryMgr:DataCollectionService: stats => 1697997716091,-80,4160,-98,0,100
10-22 20:01:56.171  3957  4129 D WifiStateMachine:  ConnectedState !RSSI_PKTCNT_FETCH uid=1000 rt=604122755/1660098228 0 0 "ourhome" f4:6d:2f:12:cc:88 rssi=-48 f=5240 sc=60 link=433 tx=2.7, 0.0, 0.0  rx=9.0 bcn=605955 [on:0 tx:0 rx:0 period:999] from screen [on:443418 period:2659839] score=60
10-22 20:01:56.172  3957  4129 D WifiStateMachine:  L2ConnectedState !RSSI_PKTCNT_FETCH uid=1000 rt=604122756/1660098229 0 0 "ourhome" f4:6d:2f:12:cc:88 rssi=-48 f=5240 sc=60 link=433 tx=2.7, 0.0, 0.0  rx=9.0 bcn=605955 [on:0 tx:0 rx:0 period:1] from screen [on:443418 period:2659840] score=60
10-22 20:01:56.178  3957  4129 D WifiStateMachine: fetchRssiLinkSpeedAndFrequencyNative rssi=-47 linkspeed=433 freq=5240
10-22 20:01:56.178  3957  4129 V WifiConfigManager: Updating scan detail cache freq=5240 BSSID=f4:6d:2f:12:cc:88 RSSI=-47 for "ourhome"WPA_PSK
10-22 20:01:56.197 29588 29909 I BatteryMgr:DataCollectionService: stats => 1697997716197,-80,4160,-98,0,100
10-22 20:01:56.304 29588 29909 I BatteryMgr:DataCollectionService: stats => 1697997716304,-80,4160,-98,0,100
10-22 20:01:56.324  3957  4128 D WifiService: getConnectionInfo uid=1000
10-22 20:01:56.410 29588 29909 I BatteryMgr:DataCollectionService: stats => 1697997716410,-80,4160,-98,0,100
10-22 20:01:56.516 29588 29909 I BatteryMgr:DataCollectionService: stats => 1697997716516,-80,4160,-98,0,100
10-22 20:01:56.622 29588 29909 I BatteryMgr:DataCollectionService: stats => 1697997716621,-80,4160,-98,0,100
10-22 20:01:56.728 29588 29909 I BatteryMgr:DataCollectionService: stats => 1697997716728,-80,4160,-98,0,100
10-22 20:01:56.834 29588 29909 I BatteryMgr:DataCollectionService: stats => 1697997716834,-80,4160,-98,0,100
10-22 20:01:56.939 29588 29909 I BatteryMgr:DataCollectionService: stats => 1697997716939,-80,4160,-98,0,100
10-22 20:01:57.045 29588 29909 I BatteryMgr:DataCollectionService: stats => 1697997717044,-80,4160,-98,0,100
10-22 20:01:57.150 29588 29909 I BatteryMgr:DataCollectionService: stats => 1697997717150,-80,4160,-98,0,100
10-22 20:01:57.171  3957  4129 D WifiStateMachine:  ConnectedState !RSSI_PKTCNT_FETCH uid=1000 rt=604123756/1660099229 0 0 "ourhome" f4:6d:2f:12:cc:88 rssi=-47 f=5240 sc=60 link=433 tx=2.7, 0.0, 0.0  rx=9.0 bcn=605955 [on:0 tx:0 rx:0 period:999] from screen [on:443418 period:2660839] score=60
10-22 20:01:57.172  3957  4129 D WifiStateMachine:  L2ConnectedState !RSSI_PKTCNT_FETCH uid=1000 rt=604123757/1660099230 0 0 "ourhome" f4:6d:2f:12:cc:88 rssi=-47 f=5240 sc=60 link=433 tx=2.7, 0.0, 0.0  rx=9.0 bcn=605955 [on:0 tx:0 rx:0 period:1] from screen [on:443418 period:2660840] score=60
10-22 20:01:57.179  3957  4129 D WifiStateMachine: fetchRssiLinkSpeedAndFrequencyNative rssi=-47 linkspeed=433 freq=5240
10-22 20:01:57.180  3957  4129 V WifiConfigManager: Updating scan detail cache freq=5240 BSSID=f4:6d:2f:12:cc:88 RSSI=-47 for "ourhome"WPA_PSK
10-22 20:01:57.256 29588 29909 I BatteryMgr:DataCollectionService: stats => 1697997717256,-80,4160,-98,0,100
10-22 20:01:57.326  3957  4128 D WifiService: getConnectionInfo uid=1000
10-22 20:01:57.361 29588 29909 I BatteryMgr:DataCollectionService: stats => 1697997717360,-80,4160,-98,0,100
10-22 20:01:57.467 29588 29909 I BatteryMgr:DataCollectionService: stats => 1697997717467,-80,4160,-98,0,100
10-22 20:01:57.572 29588 29909 I BatteryMgr:DataCollectionService: stats => 1697997717571,-80,4160,-98,0,100
10-22 20:01:57.578  9273  9310 D ScanRecord: Not a Multi Manu data
10-22 20:01:57.593  9273  9310 I chatty  : uid=1002(bluetooth) BT Service Call identical 53 lines
10-22 20:01:57.593  9273  9310 D ScanRecord: Not a Multi Manu data
10-22 20:01:57.602  3957  4129 D WifiStateMachine:  ConnectedState !CMD_RSSI_POLL rt=604124187/1660099659 122 0 "ourhome" f4:6d:2f:12:cc:88 rssi=-47 f=5240 sc=60 link=433 tx=2.7, 0.0, 0.0  rx=9.0 bcn=605955 [on:0 tx:0 rx:0 period:430] from screen [on:443418 period:2661270] score=60
10-22 20:01:57.604  3957  4129 D WifiStateMachine:  L2ConnectedState !CMD_RSSI_POLL rt=604124188/1660099661 122 0 "ourhome" f4:6d:2f:12:cc:88 rssi=-47 f=5240 sc=60 link=433 tx=2.7, 0.0, 0.0  rx=9.0 bcn=605955 [on:0 tx:0 rx:0 period:2] from screen [on:443418 period:2661272] score=60
10-22 20:01:57.604  3957  4129 D WifiStateMachine:  get link layer stats 3
10-22 20:01:57.604  3436  3436 I android.hardware.wifi@1.0-service: getLinkLayerStats
10-22 20:01:57.607  3957  4129 D WifiStateMachine: fetchRssiLinkSpeedAndFrequencyNative rssi=-47 linkspeed=433 freq=5240
10-22 20:01:57.607  3957  4129 V WifiConfigManager: Updating scan detail cache freq=5240 BSSID=f4:6d:2f:12:cc:88 RSSI=-47 for "ourhome"WPA_PSK
10-22 20:01:57.608  9273  9310 D ScanRecord: Not a Multi Manu data
10-22 20:01:57.608  9273  9310 I chatty  : uid=1002(bluetooth) BT Service Call identical 9 lines
10-22 20:01:57.608  9273  9310 D ScanRecord: Not a Multi Manu data
10-22 20:01:57.611  4340  4340 E SignalClusterView: setSlotFocusVisible : subId -2
10-22 20:01:57.611  4340  4340 E SignalClusterView: setSlotFocusVisible : subId -2
10-22 20:01:57.617  9273  9310 D ScanRecord: Not a Multi Manu data
10-22 20:01:57.665  9273  9310 I chatty  : uid=1002(bluetooth) BT Service Call identical 64 lines
10-22 20:01:57.665  9273  9310 D ScanRecord: Not a Multi Manu data
10-22 20:01:57.677 29588 29909 I BatteryMgr:DataCollectionService: stats => 1697997717677,-80,4160,-98,0,100
10-22 20:01:57.677  9273  9310 D ScanRecord: Not a Multi Manu data
10-22 20:01:57.779  9273  9310 I chatty  : uid=1002(bluetooth) BT Service Call identical 130 lines
10-22 20:01:57.779  9273  9310 D ScanRecord: Not a Multi Manu data
10-22 20:01:57.783 29588 29909 I BatteryMgr:DataCollectionService: stats => 1697997717783,-80,4160,-98,0,100
10-22 20:01:57.787  9273  9310 D ScanRecord: Not a Multi Manu data
10-22 20:01:57.887  9273  9310 I chatty  : uid=1002(bluetooth) BT Service Call identical 98 lines
10-22 20:01:57.888  9273  9310 D ScanRecord: Not a Multi Manu data
10-22 20:01:57.888 29588 29909 I BatteryMgr:DataCollectionService: stats => 1697997717888,-80,4160,-98,0,100
10-22 20:01:57.888  9273  9310 D ScanRecord: Not a Multi Manu data
10-22 20:01:57.993  9273  9310 I chatty  : uid=1002(bluetooth) BT Service Call identical 140 lines
10-22 20:01:57.993  9273  9310 D ScanRecord: Not a Multi Manu data
10-22 20:01:57.994 29588 29909 I BatteryMgr:DataCollectionService: stats => 1697997717994,-80,4160,-98,0,100
10-22 20:01:57.999  9273  9310 D ScanRecord: Not a Multi Manu data
10-22 20:01:58.066  9273  9310 I chatty  : uid=1002(bluetooth) BT Service Call identical 97 lines
10-22 20:01:58.066  9273  9310 D ScanRecord: Not a Multi Manu data
10-22 20:01:58.098 29588 29909 I BatteryMgr:DataCollectionService: stats => 1697997718098,-80,4160,-98,0,100
10-22 20:01:58.173  3957  4129 D WifiStateMachine:  ConnectedState !RSSI_PKTCNT_FETCH uid=1000 rt=604124757/1660100230 0 0 "ourhome" f4:6d:2f:12:cc:88 rssi=-47 f=5240 sc=60 link=433 tx=1.0, 0.0, 0.0  rx=3.3 bcn=605985 [on:0 tx:0 rx:0 period:561] from screen [on:443482 period:2661841] score=60
10-22 20:01:58.174  3957  4129 D WifiStateMachine:  L2ConnectedState !RSSI_PKTCNT_FETCH uid=1000 rt=604124758/1660100231 0 0 "ourhome" f4:6d:2f:12:cc:88 rssi=-47 f=5240 sc=60 link=433 tx=1.0, 0.0, 0.0  rx=3.3 bcn=605985 [on:0 tx:0 rx:0 period:1] from screen [on:443482 period:2661842] score=60
10-22 20:01:58.180  3957  4129 D WifiStateMachine: fetchRssiLinkSpeedAndFrequencyNative rssi=-47 linkspeed=433 freq=5240
10-22 20:01:58.180  3957  4129 V WifiConfigManager: Updating scan detail cache freq=5240 BSSID=f4:6d:2f:12:cc:88 RSSI=-47 for "ourhome"WPA_PSK
10-22 20:01:58.202 29588 29909 I BatteryMgr:DataCollectionService: stats => 1697997718202,-80,4160,-98,0,100
10-22 20:01:58.307 29588 29909 I BatteryMgr:DataCollectionService: stats => 1697997718307,-80,4160,-98,0,100
10-22 20:01:58.327  3957  4128 D WifiService: getConnectionInfo uid=1000
10-22 20:01:58.412 29588 29909 I BatteryMgr:DataCollectionService: stats => 1697997718412,-80,4160,-98,0,100
10-22 20:01:58.517 29588 29909 I BatteryMgr:DataCollectionService: stats => 1697997718517,-80,4160,-98,0,100
10-22 20:01:58.621 29588 29909 I BatteryMgr:DataCollectionService: stats => 1697997718621,-80,4160,-98,0,100
10-22 20:01:58.691  3957  6478 D SSRM:k  : SIOP:: AP = 450, PST = 404 (W:10), BAT = 293, USB = 0, CHG = 0
10-22 20:01:58.727 29588 29909 I BatteryMgr:DataCollectionService: stats => 1697997718727,-80,4160,-98,0,100
10-22 20:01:58.839 29588 29909 I BatteryMgr:DataCollectionService: stats => 1697997718839,-80,4160,-98,0,100
10-22 20:01:58.945 29588 29909 I BatteryMgr:DataCollectionService: stats => 1697997718944,-80,4160,-98,0,100
10-22 20:01:59.050 29588 29909 I BatteryMgr:DataCollectionService: stats => 1697997719050,-80,4160,-98,0,100
10-22 20:01:59.154 29588 29909 I BatteryMgr:DataCollectionService: stats => 1697997719154,-80,4160,-98,0,100
10-22 20:01:59.174  3957  4129 D WifiStateMachine:  ConnectedState !RSSI_PKTCNT_FETCH uid=1000 rt=604125758/1660101231 0 0 "ourhome" f4:6d:2f:12:cc:88 rssi=-47 f=5240 sc=60 link=433 tx=1.0, 0.0, 0.0  rx=3.3 bcn=605985 [on:0 tx:0 rx:0 period:1000] from screen [on:443482 period:2662842] score=60
10-22 20:01:59.176  3957  4129 D WifiStateMachine:  L2ConnectedState !RSSI_PKTCNT_FETCH uid=1000 rt=604125760/1660101233 0 0 "ourhome" f4:6d:2f:12:cc:88 rssi=-47 f=5240 sc=60 link=433 tx=1.0, 0.0, 0.0  rx=3.3 bcn=605985 [on:0 tx:0 rx:0 period:2] from screen [on:443482 period:2662844] score=60
10-22 20:01:59.181  3957  4129 D WifiStateMachine: fetchRssiLinkSpeedAndFrequencyNative rssi=-47 linkspeed=433 freq=5240
10-22 20:01:59.182  3957  4129 V WifiConfigManager: Updating scan detail cache freq=5240 BSSID=f4:6d:2f:12:cc:88 RSSI=-47 for "ourhome"WPA_PSK
10-22 20:01:59.261 29588 29909 I BatteryMgr:DataCollectionService: stats => 1697997719261,-80,4160,-98,0,100
10-22 20:01:59.328  3957  4128 D WifiService: getConnectionInfo uid=1000
10-22 20:01:59.365 29588 29909 I BatteryMgr:DataCollectionService: stats => 1697997719365,-80,4160,-98,0,100
10-22 20:01:59.470 29588 29909 I BatteryMgr:DataCollectionService: stats => 1697997719469,-80,4160,-98,0,100
10-22 20:01:59.574 29588 29909 I BatteryMgr:DataCollectionService: stats => 1697997719574,-80,4160,-98,0,100
10-22 20:01:59.679 29588 29909 I BatteryMgr:DataCollectionService: stats => 1697997719679,-80,4160,-98,0,100
10-22 20:01:59.784 29588 29909 I BatteryMgr:DataCollectionService: stats => 1697997719784,-80,4160,-98,0,100
10-22 20:01:59.889 29588 29909 I BatteryMgr:DataCollectionService: stats => 1697997719889,-80,4160,-98,0,100
10-22 20:01:59.997 29588 29909 I BatteryMgr:DataCollectionService: stats => 1697997719996,-80,4160,-98,0,100
10-22 20:02:00.000  3957  4045 D SamsungAlarmManager: Expired : 8
10-22 20:02:00.000  3957  4045 V SamsungAlarmManager: Sending to uid : 1000 action=android.intent.action.TIME_TICK alarm=Alarm{52d7df6 type 3 when 1660102058 android}
10-22 20:02:00.004  3957  3957 D SamsungAlarmManager: setExact Intent (T:3/F:1/AC:false) 20231022T200259 - CU:1000/CP:3957
10-22 20:02:00.005  4340  4340 D KeyguardUpdateMonitor: received broadcast android.intent.action.TIME_TICK
10-22 20:02:00.006  4340  4340 D KeyguardServiceBoxContainer: refreshTime() 1
10-22 20:02:00.034  4340  4340 D KeyguardUpdateMonitor: handleStatusBarState( false )
10-22 20:02:00.067  4340  4340 D KeyguardUpdateMonitor: handleStatusBarState( false )
10-22 20:02:00.101 29588 29909 I BatteryMgr:DataCollectionService: stats => 1697997720101,-80,4160,-98,0,100
10-22 20:02:00.175  3957  4129 D WifiStateMachine:  ConnectedState !RSSI_PKTCNT_FETCH uid=1000 rt=604126759/1660102232 0 0 "ourhome" f4:6d:2f:12:cc:88 rssi=-47 f=5240 sc=60 link=433 tx=1.0, 0.0, 0.0  rx=3.3 bcn=605985 [on:0 tx:0 rx:0 period:999] from screen [on:443482 period:2663843] score=60
10-22 20:02:00.176  3957  4129 D WifiStateMachine:  L2ConnectedState !RSSI_PKTCNT_FETCH uid=1000 rt=604126761/1660102233 0 0 "ourhome" f4:6d:2f:12:cc:88 rssi=-47 f=5240 sc=60 link=433 tx=1.0, 0.0, 0.0  rx=3.3 bcn=605985 [on:0 tx:0 rx:0 period:1] from screen [on:443482 period:2663844] score=60
10-22 20:02:00.181  3957  4129 D WifiStateMachine: fetchRssiLinkSpeedAndFrequencyNative rssi=-47 linkspeed=433 freq=5240
10-22 20:02:00.182  3957  4129 V WifiConfigManager: Updating scan detail cache freq=5240 BSSID=f4:6d:2f:12:cc:88 RSSI=-47 for "ourhome"WPA_PSK
10-22 20:02:00.206 29588 29909 I BatteryMgr:DataCollectionService: stats => 1697997720206,-80,4160,-98,0,100
10-22 20:02:00.312 29588 29909 I BatteryMgr:DataCollectionService: stats => 1697997720311,-80,4160,-98,0,100
10-22 20:02:00.331  3957  4128 D WifiService: getConnectionInfo uid=1000
10-22 20:02:00.338  4961  4961 D io_stats: !@ 179,0 r 10154953 333317960 w 2165464 42378360 d 174594 37297448 f 640752 666272 iot 4645308 4003018 th 51200 0 0 pt 0 inp 0 0 604126.923
10-22 20:02:00.417 29588 29909 I BatteryMgr:DataCollectionService: stats => 1697997720416,-80,4160,-98,0,100
10-22 20:02:00.522 29588 29909 I BatteryMgr:DataCollectionService: stats => 1697997720522,-80,4160,-98,0,100
10-22 20:02:00.609  3957  4129 D WifiStateMachine:  ConnectedState !CMD_RSSI_POLL rt=604127194/1660102666 122 0 "ourhome" f4:6d:2f:12:cc:88 rssi=-47 f=5240 sc=60 link=433 tx=1.0, 0.0, 0.0  rx=3.3 bcn=605985 [on:0 tx:0 rx:0 period:433] from screen [on:443482 period:2664277] score=60
10-22 20:02:00.611  3957  4129 D WifiStateMachine:  L2ConnectedState !CMD_RSSI_POLL rt=604127195/1660102668 122 0 "ourhome" f4:6d:2f:12:cc:88 rssi=-47 f=5240 sc=60 link=433 tx=1.0, 0.0, 0.0  rx=3.3 bcn=605985 [on:0 tx:0 rx:0 period:2] from screen [on:443482 period:2664279] score=60
10-22 20:02:00.611  3957  4129 D WifiStateMachine:  get link layer stats 3
10-22 20:02:00.612  3436  3436 I android.hardware.wifi@1.0-service: getLinkLayerStats
10-22 20:02:00.626 29588 29909 I BatteryMgr:DataCollectionService: stats => 1697997720626,-80,4160,-98,0,100
10-22 20:02:00.630  3957  4129 D WifiStateMachine: fetchRssiLinkSpeedAndFrequencyNative rssi=-47 linkspeed=433 freq=5240
10-22 20:02:00.630  3957  4129 V WifiConfigManager: Updating scan detail cache freq=5240 BSSID=f4:6d:2f:12:cc:88 RSSI=-47 for "ourhome"WPA_PSK
10-22 20:02:00.633  4340  4340 E SignalClusterView: setSlotFocusVisible : subId -2
10-22 20:02:00.633  4340  4340 E SignalClusterView: setSlotFocusVisible : subId -2
10-22 20:02:00.732 29588 29909 I BatteryMgr:DataCollectionService: stats => 1697997720732,-80,4160,-98,0,100
10-22 20:02:00.838 29588 29909 I BatteryMgr:DataCollectionService: stats => 1697997720838,-80,4160,-98,0,100
10-22 20:02:00.942 29588 29909 I BatteryMgr:DataCollectionService: stats => 1697997720942,-80,4160,-98,0,100
10-22 20:02:01.049 29588 29909 I BatteryMgr:DataCollectionService: stats => 1697997721049,-80,4160,-98,0,100
10-22 20:02:01.153 29588 29909 I BatteryMgr:DataCollectionService: stats => 1697997721153,-80,4160,-98,0,100
10-22 20:02:01.175  3957  4129 D WifiStateMachine:  ConnectedState !RSSI_PKTCNT_FETCH uid=1000 rt=604127760/1660103233 0 0 "ourhome" f4:6d:2f:12:cc:88 rssi=-47 f=5240 sc=60 link=433 tx=0.4, 0.0, 0.0  rx=1.8 bcn=606014 [on:0 tx:0 rx:0 period:543] from screen [on:443595 period:2664843] score=60
10-22 20:02:01.176  3957  4129 D WifiStateMachine:  L2ConnectedState !RSSI_PKTCNT_FETCH uid=1000 rt=604127761/1660103234 0 0 "ourhome" f4:6d:2f:12:cc:88 rssi=-47 f=5240 sc=60 link=433 tx=0.4, 0.0, 0.0  rx=1.8 bcn=606014 [on:0 tx:0 rx:0 period:1] from screen [on:443595 period:2664844] score=60
10-22 20:02:01.182  3957  4129 D WifiStateMachine: fetchRssiLinkSpeedAndFrequencyNative rssi=-47 linkspeed=433 freq=5240
10-22 20:02:01.182  3957  4129 V WifiConfigManager: Updating scan detail cache freq=5240 BSSID=f4:6d:2f:12:cc:88 RSSI=-47 for "ourhome"WPA_PSK
10-22 20:02:01.258 29588 29909 I BatteryMgr:DataCollectionService: stats => 1697997721258,-80,4160,-98,0,100
10-22 20:02:01.333  3957  4128 D WifiService: getConnectionInfo uid=1000
10-22 20:02:01.364 29588 29909 I BatteryMgr:DataCollectionService: stats => 1697997721364,-80,4160,-98,0,100
10-22 20:02:01.470 29632 29835 I SessionStorage/AutoSave: Save: Periodic
10-22 20:02:01.471 29588 29909 I BatteryMgr:DataCollectionService: stats => 1697997721470,-80,4160,-98,0,100
10-22 20:02:01.576 29588 29909 I BatteryMgr:DataCollectionService: stats => 1697997721575,-80,4160,-98,0,100
10-22 20:02:01.600  3957  4306 D WifiConnectivityMonitor:  [|208] []
10-22 20:02:01.682 29588 29909 I BatteryMgr:DataCollectionService: stats => 1697997721681,-80,4160,-98,0,100
10-22 20:02:01.785 29588 29909 I BatteryMgr:DataCollectionService: stats => 1697997721785,-80,4160,-98,0,100
10-22 20:02:01.891 29588 29909 I BatteryMgr:DataCollectionService: stats => 1697997721891,-80,4160,-98,0,100
10-22 20:02:01.997 29588 29909 I BatteryMgr:DataCollectionService: stats => 1697997721997,-80,4160,-98,0,100
10-22 20:02:02.102 29588 29909 I BatteryMgr:DataCollectionService: stats => 1697997722102,-80,4160,-98,0,100
10-22 20:02:02.177  3957  4129 D WifiStateMachine:  ConnectedState !RSSI_PKTCNT_FETCH uid=1000 rt=604128762/1660104234 0 0 "ourhome" f4:6d:2f:12:cc:88 rssi=-47 f=5240 sc=60 link=433 tx=0.4, 0.0, 0.0  rx=1.8 bcn=606014 [on:0 tx:0 rx:0 period:1001] from screen [on:443595 period:2665845] score=60
10-22 20:02:02.178  3957  4129 D WifiStateMachine:  L2ConnectedState !RSSI_PKTCNT_FETCH uid=1000 rt=604128763/1660104235 0 0 "ourhome" f4:6d:2f:12:cc:88 rssi=-47 f=5240 sc=60 link=433 tx=0.4, 0.0, 0.0  rx=1.8 bcn=606014 [on:0 tx:0 rx:0 period:1] from screen [on:443595 period:2665846] score=60
10-22 20:02:02.181  3957  4129 D WifiStateMachine: fetchRssiLinkSpeedAndFrequencyNative rssi=-46 linkspeed=433 freq=5240
10-22 20:02:02.181  3957  4129 V WifiConfigManager: Updating scan detail cache freq=5240 BSSID=f4:6d:2f:12:cc:88 RSSI=-46 for "ourhome"WPA_PSK
10-22 20:02:02.208 29588 29909 I BatteryMgr:DataCollectionService: stats => 1697997722208,-80,4160,-98,0,100
10-22 20:02:02.264  3957  4030 D SensorService: [SO] 0.201 -0.081 10.013
10-22 20:02:02.313 29588 29909 I BatteryMgr:DataCollectionService: stats => 1697997722313,-80,4160,-98,0,100
10-22 20:02:02.335  3957  4128 D WifiService: getConnectionInfo uid=1000
10-22 20:02:02.419 29588 29909 I BatteryMgr:DataCollectionService: stats => 1697997722419,-80,4160,-98,0,100
10-22 20:02:02.525 29588 29909 I BatteryMgr:DataCollectionService: stats => 1697997722525,-80,4160,-98,0,100
10-22 20:02:02.585  9273  9310 D ScanRecord: Not a Multi Manu data
10-22 20:02:02.607  9273  9310 I chatty  : uid=1002(bluetooth) BT Service Call identical 42 lines
10-22 20:02:02.607  9273  9310 D ScanRecord: Not a Multi Manu data
10-22 20:02:02.629 29588 29909 I BatteryMgr:DataCollectionService: stats => 1697997722629,-80,4160,-98,0,100
10-22 20:02:02.633  9273  9310 D ScanRecord: Not a Multi Manu data
10-22 20:02:02.734  9273  9310 I chatty  : uid=1002(bluetooth) BT Service Call identical 141 lines
10-22 20:02:02.734  9273  9310 D ScanRecord: Not a Multi Manu data
10-22 20:02:02.735 29588 29909 I BatteryMgr:DataCollectionService: stats => 1697997722735,-80,4160,-98,0,100
10-22 20:02:02.737  9273  9310 D ScanRecord: Not a Multi Manu data
10-22 20:02:02.833  9273  9310 I chatty  : uid=1002(bluetooth) BT Service Call identical 174 lines
10-22 20:02:02.833  9273  9310 D ScanRecord: Not a Multi Manu data
10-22 20:02:02.839 29588 29909 I BatteryMgr:DataCollectionService: stats => 1697997722839,-80,4160,-98,0,100
10-22 20:02:02.860  9273  9310 D ScanRecord: Not a Multi Manu data
10-22 20:02:02.943  9273  9310 I chatty  : uid=1002(bluetooth) BT Service Call identical 108 lines
10-22 20:02:02.943  9273  9310 D ScanRecord: Not a Multi Manu data
10-22 20:02:02.945 29588 29909 I BatteryMgr:DataCollectionService: stats => 1697997722945,-80,4160,-98,0,100
10-22 20:02:02.957  9273  9310 D ScanRecord: Not a Multi Manu data
10-22 20:02:03.042  9273  9310 I chatty  : uid=1002(bluetooth) BT Service Call identical 108 lines
10-22 20:02:03.042  9273  9310 D ScanRecord: Not a Multi Manu data
10-22 20:02:03.051 29588 29909 I BatteryMgr:DataCollectionService: stats => 1697997723051,-80,4160,-98,0,100
10-22 20:02:03.052  9273  9310 D ScanRecord: Not a Multi Manu data
10-22 20:02:03.067  9273  9310 I chatty  : uid=1002(bluetooth) BT Service Call identical 31 lines
10-22 20:02:03.067  9273  9310 D ScanRecord: Not a Multi Manu data
10-22 20:02:03.157 29588 29909 I BatteryMgr:DataCollectionService: stats => 1697997723157,-80,4160,-98,0,100
10-22 20:02:03.178  3957  4129 D WifiStateMachine:  ConnectedState !RSSI_PKTCNT_FETCH uid=1000 rt=604129763/1660105235 0 0 "ourhome" f4:6d:2f:12:cc:88 rssi=-46 f=5240 sc=60 link=433 tx=0.4, 0.0, 0.0  rx=1.8 bcn=606014 [on:0 tx:0 rx:0 period:1000] from screen [on:443595 period:2666846] score=60
10-22 20:02:03.180  3957  4129 D WifiStateMachine:  L2ConnectedState !RSSI_PKTCNT_FETCH uid=1000 rt=604129764/1660105237 0 0 "ourhome" f4:6d:2f:12:cc:88 rssi=-46 f=5240 sc=60 link=433 tx=0.4, 0.0, 0.0  rx=1.8 bcn=606014 [on:0 tx:0 rx:0 period:2] from screen [on:443595 period:2666848] score=60
10-22 20:02:03.181  3957  4129 D WifiStateMachine: fetchRssiLinkSpeedAndFrequencyNative rssi=-47 linkspeed=433 freq=5240
10-22 20:02:03.181  3957  4129 V WifiConfigManager: Updating scan detail cache freq=5240 BSSID=f4:6d:2f:12:cc:88 RSSI=-46 for "ourhome"WPA_PSK
10-22 20:02:03.261 29588 29909 I BatteryMgr:DataCollectionService: stats => 1697997723261,-80,4160,-98,0,100
10-22 20:02:03.337  3957  4128 D WifiService: getConnectionInfo uid=1000
10-22 20:02:03.366 29588 29909 I BatteryMgr:DataCollectionService: stats => 1697997723366,-80,4160,-98,0,100
10-22 20:02:03.472 29588 29909 I BatteryMgr:DataCollectionService: stats => 1697997723472,-80,4160,-98,0,100
10-22 20:02:03.576 29588 29909 I BatteryMgr:DataCollectionService: stats => 1697997723576,-80,4160,-98,0,100
10-22 20:02:03.633  3957  4129 D WifiStateMachine:  ConnectedState !CMD_RSSI_POLL rt=604130217/1660105689 122 0 "ourhome" f4:6d:2f:12:cc:88 rssi=-47 f=5240 sc=60 link=433 tx=0.4, 0.0, 0.0  rx=1.8 bcn=606014 [on:0 tx:0 rx:0 period:453] from screen [on:443595 period:2667301] score=60
10-22 20:02:03.634  3957  4129 D WifiStateMachine:  L2ConnectedState !CMD_RSSI_POLL rt=604130219/1660105691 122 0 "ourhome" f4:6d:2f:12:cc:88 rssi=-47 f=5240 sc=60 link=433 tx=0.4, 0.0, 0.0  rx=1.8 bcn=606014 [on:0 tx:0 rx:0 period:1] from screen [on:443595 period:2667302] score=60
10-22 20:02:03.634  3957  4129 D WifiStateMachine:  get link layer stats 3
10-22 20:02:03.635  3436  3436 I android.hardware.wifi@1.0-service: getLinkLayerStats
10-22 20:02:03.638  3957  4129 D WifiStateMachine: fetchRssiLinkSpeedAndFrequencyNative rssi=-46 linkspeed=433 freq=5240
10-22 20:02:03.639  3957  4129 V WifiConfigManager: Updating scan detail cache freq=5240 BSSID=f4:6d:2f:12:cc:88 RSSI=-46 for "ourhome"WPA_PSK
10-22 20:02:03.642  4340  4340 E SignalClusterView: setSlotFocusVisible : subId -2
10-22 20:02:03.642  4340  4340 E SignalClusterView: setSlotFocusVisible : subId -2
10-22 20:02:03.682 29588 29909 I BatteryMgr:DataCollectionService: stats => 1697997723681,-80,4160,-98,0,100
10-22 20:02:03.788 29588 29909 I BatteryMgr:DataCollectionService: stats => 1697997723788,-80,4160,-98,0,100
10-22 20:02:03.893 29588 29909 I BatteryMgr:DataCollectionService: stats => 1697997723892,-80,4160,-98,0,100
10-22 20:02:03.997 29588 29909 I BatteryMgr:DataCollectionService: stats => 1697997723997,-80,4160,-98,0,100
10-22 20:02:04.105 29588 29909 I BatteryMgr:DataCollectionService: stats => 1697997724105,-80,4160,-98,0,100
10-22 20:02:04.180  3957  4129 D WifiStateMachine:  ConnectedState !RSSI_PKTCNT_FETCH uid=1000 rt=604130764/1660106236 0 0 "ourhome" f4:6d:2f:12:cc:88 rssi=-46 f=5240 sc=60 link=433 tx=26.1, 0.0, 0.0  rx=31.7 bcn=606044 [on:0 tx:0 rx:0 period:540] from screen [on:445727 period:2667848] score=60
10-22 20:02:04.181  3957  4129 D WifiStateMachine:  L2ConnectedState !RSSI_PKTCNT_FETCH uid=1000 rt=604130765/1660106238 0 0 "ourhome" f4:6d:2f:12:cc:88 rssi=-46 f=5240 sc=60 link=433 tx=26.1, 0.0, 0.0  rx=31.7 bcn=606044 [on:0 tx:0 rx:0 period:1] from screen [on:445727 period:2667849] score=60
10-22 20:02:04.187  3957  4129 D WifiStateMachine: fetchRssiLinkSpeedAndFrequencyNative rssi=-46 linkspeed=433 freq=5240
10-22 20:02:04.187  3957  4129 V WifiConfigManager: Updating scan detail cache freq=5240 BSSID=f4:6d:2f:12:cc:88 RSSI=-46 for "ourhome"WPA_PSK
10-22 20:02:04.209 29588 29909 I BatteryMgr:DataCollectionService: stats => 1697997724209,-80,4160,-98,0,100
10-22 20:02:04.318 29588 29909 I BatteryMgr:DataCollectionService: stats => 1697997724318,-80,4160,-98,0,100
10-22 20:02:04.339  3957  4128 D WifiService: getConnectionInfo uid=1000
10-22 20:02:04.423 29588 29909 I BatteryMgr:DataCollectionService: stats => 1697997724423,-80,4160,-98,0,100
10-22 20:02:04.527 29588 29909 I BatteryMgr:DataCollectionService: stats => 1697997724527,-80,4160,-98,0,100
10-22 20:02:04.633 29588 29909 I BatteryMgr:DataCollectionService: stats => 1697997724633,-80,4160,-98,0,100
10-22 20:02:04.737 29588 29909 I BatteryMgr:DataCollectionService: stats => 1697997724737,-80,4160,-98,0,100
10-22 20:02:04.841 29588 29909 I BatteryMgr:DataCollectionService: stats => 1697997724841,-80,4160,-98,0,100
10-22 20:02:04.948 29588 29909 I BatteryMgr:DataCollectionService: stats => 1697997724948,-80,4160,-98,0,100
10-22 20:02:05.054 29588 29909 I BatteryMgr:DataCollectionService: stats => 1697997725054,-80,4160,-98,0,100
10-22 20:02:05.158 29588 29909 I BatteryMgr:DataCollectionService: stats => 1697997725158,-80,4160,-98,0,100
10-22 20:02:05.180  3957  4129 D WifiStateMachine:  ConnectedState !RSSI_PKTCNT_FETCH uid=1000 rt=604131765/1660107238 0 0 "ourhome" f4:6d:2f:12:cc:88 rssi=-46 f=5240 sc=60 link=433 tx=26.1, 0.0, 0.0  rx=31.7 bcn=606044 [on:0 tx:0 rx:0 period:999] from screen [on:445727 period:2668848] score=60
10-22 20:02:05.181  3957  4129 D WifiStateMachine:  L2ConnectedState !RSSI_PKTCNT_FETCH uid=1000 rt=604131766/1660107239 0 0 "ourhome" f4:6d:2f:12:cc:88 rssi=-46 f=5240 sc=60 link=433 tx=26.1, 0.0, 0.0  rx=31.7 bcn=606044 [on:0 tx:0 rx:0 period:1] from screen [on:445727 period:2668849] score=60
10-22 20:02:05.187  3957  4129 D WifiStateMachine: fetchRssiLinkSpeedAndFrequencyNative rssi=-45 linkspeed=433 freq=5240
10-22 20:02:05.187  3957  4129 V WifiConfigManager: Updating scan detail cache freq=5240 BSSID=f4:6d:2f:12:cc:88 RSSI=-45 for "ourhome"WPA_PSK
10-22 20:02:05.264 29588 29909 I BatteryMgr:DataCollectionService: stats => 1697997725263,-80,4160,-98,0,100
10-22 20:02:05.340  4961  4961 D io_stats: !@ 179,0 r 10154953 333317960 w 2165481 42378612 d 174597 37297544 f 640753 666273 iot 4645316 4003026 th 51200 0 0 pt 0 inp 0 0 604131.925
10-22 20:02:05.341  3957  4128 D WifiService: getConnectionInfo uid=1000
10-22 20:02:05.371 29588 29909 I BatteryMgr:DataCollectionService: stats => 1697997725371,-114,4160,-103,0,100
10-22 20:02:05.475 29588 29909 I BatteryMgr:DataCollectionService: stats => 1697997725475,-114,4160,-103,0,100
10-22 20:02:05.579 29588 29909 I BatteryMgr:DataCollectionService: stats => 1697997725579,-114,4160,-103,0,100
10-22 20:02:05.684 29588 29909 I BatteryMgr:DataCollectionService: stats => 1697997725684,-114,4160,-103,0,100
10-22 20:02:05.759  3957  4460 D BatteryService: !@BatteryListener : batteryPropertiesChanged!
10-22 20:02:05.790 29588 29909 I BatteryMgr:DataCollectionService: stats => 1697997725790,-114,4160,-103,0,100
10-22 20:02:05.895 29588 29909 I BatteryMgr:DataCollectionService: stats => 1697997725895,-114,4160,-103,0,100
10-22 20:02:05.999 29588 29909 I BatteryMgr:DataCollectionService: stats => 1697997725999,-114,4160,-103,0,100
10-22 20:02:06.105 29588 29909 I BatteryMgr:DataCollectionService: stats => 1697997726105,-114,4160,-103,0,100
10-22 20:02:06.183  3957  4129 D WifiStateMachine:  ConnectedState !RSSI_PKTCNT_FETCH uid=1000 rt=604132767/1660108239 0 0 "ourhome" f4:6d:2f:12:cc:88 rssi=-45 f=5240 sc=60 link=433 tx=26.1, 0.0, 0.0  rx=31.7 bcn=606044 [on:0 tx:0 rx:0 period:1002] from screen [on:445727 period:2669851] score=60
10-22 20:02:06.185  3957  4129 D WifiStateMachine:  L2ConnectedState !RSSI_PKTCNT_FETCH uid=1000 rt=604132770/1660108242 0 0 "ourhome" f4:6d:2f:12:cc:88 rssi=-45 f=5240 sc=60 link=433 tx=26.1, 0.0, 0.0  rx=31.7 bcn=606044 [on:0 tx:0 rx:0 period:2] from screen [on:445727 period:2669853] score=60
10-22 20:02:06.186  3957  4129 D WifiStateMachine: fetchRssiLinkSpeedAndFrequencyNative rssi=-45 linkspeed=433 freq=5240
10-22 20:02:06.187  3957  4129 V WifiConfigManager: Updating scan detail cache freq=5240 BSSID=f4:6d:2f:12:cc:88 RSSI=-45 for "ourhome"WPA_PSK
10-22 20:02:06.209 29588 29909 I BatteryMgr:DataCollectionService: stats => 1697997726209,-114,4160,-103,0,100
10-22 20:02:06.314 29588 29909 I BatteryMgr:DataCollectionService: stats => 1697997726314,-114,4160,-103,0,100
10-22 20:02:06.343  3957  4128 D WifiService: getConnectionInfo uid=1000
10-22 20:02:06.419 29588 29909 I BatteryMgr:DataCollectionService: stats => 1697997726419,-114,4160,-103,0,100
10-22 20:02:06.523 29588 29909 I BatteryMgr:DataCollectionService: stats => 1697997726523,-114,4160,-103,0,100
10-22 20:02:06.628 29588 29909 I BatteryMgr:DataCollectionService: stats => 1697997726627,-114,4160,-103,0,100
10-22 20:02:06.641  3957  4129 D WifiStateMachine:  ConnectedState !CMD_RSSI_POLL rt=604133225/1660108698 122 0 "ourhome" f4:6d:2f:12:cc:88 rssi=-45 f=5240 sc=60 link=433 tx=26.1, 0.0, 0.0  rx=31.7 bcn=606044 [on:0 tx:0 rx:0 period:456] from screen [on:445727 period:2670309] score=60
10-22 20:02:06.643  3957  4129 D WifiStateMachine:  L2ConnectedState !CMD_RSSI_POLL rt=604133227/1660108699 122 0 "ourhome" f4:6d:2f:12:cc:88 rssi=-45 f=5240 sc=60 link=433 tx=26.1, 0.0, 0.0  rx=31.7 bcn=606044 [on:0 tx:0 rx:0 period:2] from screen [on:445727 period:2670311] score=60
10-22 20:02:06.643  3957  4129 D WifiStateMachine:  get link layer stats 3
10-22 20:02:06.644  3436  3436 I android.hardware.wifi@1.0-service: getLinkLayerStats
10-22 20:02:06.661  3957  4129 D WifiStateMachine: fetchRssiLinkSpeedAndFrequencyNative rssi=-45 linkspeed=433 freq=5240
10-22 20:02:06.661  3957  4129 V WifiConfigManager: Updating scan detail cache freq=5240 BSSID=f4:6d:2f:12:cc:88 RSSI=-45 for "ourhome"WPA_PSK
10-22 20:02:06.664  4340  4340 E SignalClusterView: setSlotFocusVisible : subId -2
10-22 20:02:06.664  4340  4340 E SignalClusterView: setSlotFocusVisible : subId -2
10-22 20:02:06.733 29588 29909 I BatteryMgr:DataCollectionService: stats => 1697997726733,-114,4160,-103,0,100
10-22 20:02:06.839 29588 29909 I BatteryMgr:DataCollectionService: stats => 1697997726839,-114,4160,-103,0,100
10-22 20:02:06.943 29588 29909 I BatteryMgr:DataCollectionService: stats => 1697997726943,-114,4160,-103,0,100
10-22 20:02:07.048 29588 29909 I BatteryMgr:DataCollectionService: stats => 1697997727048,-114,4160,-103,0,100
10-22 20:02:07.154 29588 29909 I BatteryMgr:DataCollectionService: stats => 1697997727154,-114,4160,-103,0,100
10-22 20:02:07.184  3957  4129 D WifiStateMachine:  ConnectedState !RSSI_PKTCNT_FETCH uid=1000 rt=604133768/1660109241 0 0 "ourhome" f4:6d:2f:12:cc:88 rssi=-45 f=5240 sc=60 link=433 tx=16.5, 0.0, 0.0  rx=19.8 bcn=606073 [on:0 tx:0 rx:0 period:521] from screen [on:447185 period:2670852] score=60
10-22 20:02:07.189  3957  4129 D WifiStateMachine:  L2ConnectedState !RSSI_PKTCNT_FETCH uid=1000 rt=604133769/1660109242 0 0 "ourhome" f4:6d:2f:12:cc:88 rssi=-45 f=5240 sc=60 link=433 tx=16.5, 0.0, 0.0  rx=19.8 bcn=606073 [on:0 tx:0 rx:0 period:5] from screen [on:447185 period:2670857] score=60
10-22 20:02:07.195  3957  4129 D WifiStateMachine: fetchRssiLinkSpeedAndFrequencyNative rssi=-45 linkspeed=433 freq=5240
10-22 20:02:07.195  3957  4129 V WifiConfigManager: Updating scan detail cache freq=5240 BSSID=f4:6d:2f:12:cc:88 RSSI=-45 for "ourhome"WPA_PSK
10-22 20:02:07.259 29588 29909 I BatteryMgr:DataCollectionService: stats => 1697997727259,-114,4160,-103,0,100
10-22 20:02:07.344  3957  4128 D WifiService: getConnectionInfo uid=1000
10-22 20:02:07.363 29588 29909 I BatteryMgr:DataCollectionService: stats => 1697997727363,-114,4160,-103,0,100
