10-22 19:32:51.707  3957  4129 D WifiStateMachine: fetchRssiLinkSpeedAndFrequencyNative rssi=-43 linkspeed=433 freq=5240
10-22 19:32:51.707  3957  4129 V WifiConfigManager: Updating scan detail cache freq=5240 BSSID=f4:6d:2f:12:cc:88 RSSI=-42 for "ourhome"WPA_PSK
10-22 19:32:51.717 24447 24749 I BatteryMgr:DataCollectionService: stats => 1697995971716,-74,4160,-177,0,100
10-22 19:32:51.821 24447 24749 I BatteryMgr:DataCollectionService: stats => 1697995971821,-74,4160,-177,0,100
10-22 19:32:51.905  3957  4128 D WifiService: getConnectionInfo uid=1000
10-22 19:32:51.927 24447 24749 I BatteryMgr:DataCollectionService: stats => 1697995971927,-74,4160,-177,0,100
10-22 19:32:51.974  3957  4129 D WifiStateMachine:  ConnectedState !CMD_RSSI_POLL rt=602378559/1658354031 122 0 "ourhome" f4:6d:2f:12:cc:88 rssi=-43 f=5240 sc=60 link=433 tx=17.9, 0.5, 0.0  rx=19.5 bcn=590043 [on:0 tx:0 rx:0 period:268] from screen [on:120987 period:915642] score=60
10-22 19:32:51.975  3957  4129 D WifiStateMachine:  L2ConnectedState !CMD_RSSI_POLL rt=602378560/1658354032 122 0 "ourhome" f4:6d:2f:12:cc:88 rssi=-43 f=5240 sc=60 link=433 tx=17.9, 0.5, 0.0  rx=19.5 bcn=590043 [on:0 tx:0 rx:0 period:1] from screen [on:120987 period:915643] score=60
10-22 19:32:51.975  3957  4129 D WifiStateMachine:  get link layer stats 3
10-22 19:32:51.975  3436  3436 I android.hardware.wifi@1.0-service: getLinkLayerStats
10-22 19:32:51.993  3957  4129 D WifiStateMachine: fetchRssiLinkSpeedAndFrequencyNative rssi=-42 linkspeed=433 freq=5240
10-22 19:32:51.993  3957  4129 V WifiConfigManager: Updating scan detail cache freq=5240 BSSID=f4:6d:2f:12:cc:88 RSSI=-42 for "ourhome"WPA_PSK
10-22 19:32:51.996  4340  4340 E SignalClusterView: setSlotFocusVisible : subId -2
10-22 19:32:51.996  4340  4340 E SignalClusterView: setSlotFocusVisible : subId -2
10-22 19:32:52.033 24447 24749 I BatteryMgr:DataCollectionService: stats => 1697995972033,-74,4160,-177,0,100
10-22 19:32:52.138 24447 24749 I BatteryMgr:DataCollectionService: stats => 1697995972138,5,4160,-75,0,100
10-22 19:32:52.242 24447 24749 I BatteryMgr:DataCollectionService: stats => 1697995972242,5,4160,-75,0,100
10-22 19:32:52.255  3957  4030 D SensorService: [SO] 0.249 -0.134 9.979
10-22 19:32:52.348 24447 24749 I BatteryMgr:DataCollectionService: stats => 1697995972348,5,4160,-75,0,100
10-22 19:32:52.452 24447 24749 I BatteryMgr:DataCollectionService: stats => 1697995972451,5,4160,-75,0,100
10-22 19:32:52.549  9273  9310 D ScanRecord: Not a Multi Manu data
10-22 19:32:52.549  9273  9310 I chatty  : uid=1002(bluetooth) BT Service Call identical 9 lines
10-22 19:32:52.549  9273  9310 D ScanRecord: Not a Multi Manu data
10-22 19:32:52.559 24447 24749 I BatteryMgr:DataCollectionService: stats => 1697995972559,5,4160,-75,0,100
10-22 19:32:52.569  9273  9310 D ScanRecord: Not a Multi Manu data
10-22 19:32:52.588  3957  4653 D BatteryService: !@BatteryListener : batteryPropertiesChanged!
10-22 19:32:52.664  9273  9310 I chatty  : uid=1002(bluetooth) BT Service Call identical 97 lines
10-22 19:32:52.664  9273  9310 D ScanRecord: Not a Multi Manu data
10-22 19:32:52.665 24447 24749 I BatteryMgr:DataCollectionService: stats => 1697995972665,5,4160,-75,0,100
10-22 19:32:52.679  9273  9310 D ScanRecord: Not a Multi Manu data
10-22 19:32:52.693  9273  9310 I chatty  : uid=1002(bluetooth) BT Service Call identical 42 lines
10-22 19:32:52.693  9273  9310 D ScanRecord: Not a Multi Manu data
10-22 19:32:52.705  3957  4129 D WifiStateMachine:  ConnectedState !RSSI_PKTCNT_FETCH uid=1000 rt=602379290/1658354763 0 0 "ourhome" f4:6d:2f:12:cc:88 rssi=-42 f=5240 sc=60 link=433 tx=9.1, 0.2, 0.0  rx=12.2 bcn=590071 [on:0 tx:0 rx:0 period:709] from screen [on:122684 period:916373] score=60
10-22 19:32:52.708  3957  4129 D WifiStateMachine:  L2ConnectedState !RSSI_PKTCNT_FETCH uid=1000 rt=602379291/1658354764 0 0 "ourhome" f4:6d:2f:12:cc:88 rssi=-42 f=5240 sc=60 link=433 tx=9.1, 0.2, 0.0  rx=12.2 bcn=590071 [on:0 tx:0 rx:0 period:2] from screen [on:122684 period:916375] score=60
10-22 19:32:52.708  9273  9310 D ScanRecord: Not a Multi Manu data
10-22 19:32:52.709  9273  9310 I chatty  : uid=1002(bluetooth) BT Service Call identical 9 lines
10-22 19:32:52.709  9273  9310 D ScanRecord: Not a Multi Manu data
10-22 19:32:52.710  3957  4129 D WifiStateMachine: fetchRssiLinkSpeedAndFrequencyNative rssi=-41 linkspeed=433 freq=5240
10-22 19:32:52.710  3957  4129 V WifiConfigManager: Updating scan detail cache freq=5240 BSSID=f4:6d:2f:12:cc:88 RSSI=-41 for "ourhome"WPA_PSK
10-22 19:32:52.726  9273  9310 D ScanRecord: Not a Multi Manu data
10-22 19:32:52.754  9273  9310 I chatty  : uid=1002(bluetooth) BT Service Call identical 53 lines
10-22 19:32:52.754  9273  9310 D ScanRecord: Not a Multi Manu data
10-22 19:32:52.769 24447 24749 I BatteryMgr:DataCollectionService: stats => 1697995972769,5,4160,-75,0,100
10-22 19:32:52.773  9273  9310 D ScanRecord: Not a Multi Manu data
10-22 19:32:52.865  9273  9310 I chatty  : uid=1002(bluetooth) BT Service Call identical 174 lines
10-22 19:32:52.865  9273  9310 D ScanRecord: Not a Multi Manu data
10-22 19:32:52.874 24447 24749 I BatteryMgr:DataCollectionService: stats => 1697995972874,5,4160,-75,0,100
10-22 19:32:52.904  9273  9310 D ScanRecord: Not a Multi Manu data
10-22 19:32:52.904  9273  9310 I chatty  : uid=1002(bluetooth) BT Service Call identical 9 lines
10-22 19:32:52.904  9273  9310 D ScanRecord: Not a Multi Manu data
10-22 19:32:52.907  3957  4128 D WifiService: getConnectionInfo uid=1000
10-22 19:32:52.927  9273  9310 D ScanRecord: Not a Multi Manu data
10-22 19:32:52.979  9273  9310 I chatty  : uid=1002(bluetooth) BT Service Call identical 75 lines
10-22 19:32:52.979  9273  9310 D ScanRecord: Not a Multi Manu data
10-22 19:32:52.981 24447 24749 I BatteryMgr:DataCollectionService: stats => 1697995972981,5,4160,-75,0,100
10-22 19:32:53.012  9273  9310 D ScanRecord: Not a Multi Manu data
10-22 19:32:53.037  9273  9310 I chatty  : uid=1002(bluetooth) BT Service Call identical 42 lines
10-22 19:32:53.037  9273  9310 D ScanRecord: Not a Multi Manu data
10-22 19:32:53.086 24447 24749 I BatteryMgr:DataCollectionService: stats => 1697995973086,5,4160,-75,0,100
10-22 19:32:53.193 24447 24749 I BatteryMgr:DataCollectionService: stats => 1697995973193,5,4160,-75,0,100
10-22 19:32:53.300 24447 24749 I BatteryMgr:DataCollectionService: stats => 1697995973300,5,4160,-75,0,100
10-22 19:32:53.407 24447 24749 I BatteryMgr:DataCollectionService: stats => 1697995973407,5,4160,-75,0,100
10-22 19:32:53.511 24447 24749 I BatteryMgr:DataCollectionService: stats => 1697995973511,5,4160,-75,0,100
10-22 19:32:53.617 24447 24749 I BatteryMgr:DataCollectionService: stats => 1697995973617,5,4160,-75,0,100
10-22 19:32:53.708  3957  4129 D WifiStateMachine:  ConnectedState !RSSI_PKTCNT_FETCH uid=1000 rt=602380293/1658355765 0 0 "ourhome" f4:6d:2f:12:cc:88 rssi=-41 f=5240 sc=60 link=433 tx=9.1, 0.2, 0.0  rx=12.2 bcn=590071 [on:0 tx:0 rx:0 period:1001] from screen [on:122684 period:917376] score=60
10-22 19:32:53.709  3957  4129 D WifiStateMachine:  L2ConnectedState !RSSI_PKTCNT_FETCH uid=1000 rt=602380294/1658355766 0 0 "ourhome" f4:6d:2f:12:cc:88 rssi=-41 f=5240 sc=60 link=433 tx=9.1, 0.2, 0.0  rx=12.2 bcn=590071 [on:0 tx:0 rx:0 period:1] from screen [on:122684 period:917377] score=60
10-22 19:32:53.715  3957  4129 D WifiStateMachine: fetchRssiLinkSpeedAndFrequencyNative rssi=-41 linkspeed=433 freq=5240
10-22 19:32:53.715  3957  4129 V WifiConfigManager: Updating scan detail cache freq=5240 BSSID=f4:6d:2f:12:cc:88 RSSI=-41 for "ourhome"WPA_PSK
10-22 19:32:53.724 24447 24749 I BatteryMgr:DataCollectionService: stats => 1697995973724,5,4160,-75,0,100
10-22 19:32:53.828 24447 24749 I BatteryMgr:DataCollectionService: stats => 1697995973828,5,4160,-75,0,100
10-22 19:32:53.909  3957  4128 D WifiService: getConnectionInfo uid=1000
10-22 19:32:53.918  4961  4961 D io_stats: !@ 179,0 r 10129446 332565972 w 2157112 42238568 d 173725 37245504 f 639800 665248 iot 4630724 3990286 th 51200 0 0 pt 0 inp 0 0 602380.503
10-22 19:32:53.934 24447 24749 I BatteryMgr:DataCollectionService: stats => 1697995973934,5,4160,-75,0,100
10-22 19:32:54.039 24447 24749 I BatteryMgr:DataCollectionService: stats => 1697995974039,5,4160,-75,0,100
10-22 19:32:54.144 24447 24749 I BatteryMgr:DataCollectionService: stats => 1697995974144,5,4160,-75,0,100
10-22 19:32:54.250 24447 24749 I BatteryMgr:DataCollectionService: stats => 1697995974249,5,4160,-75,0,100
10-22 19:32:54.354 24447 24749 I BatteryMgr:DataCollectionService: stats => 1697995974354,5,4160,-75,0,100
10-22 19:32:54.459 24447 24749 I BatteryMgr:DataCollectionService: stats => 1697995974459,5,4160,-75,0,100
10-22 19:32:54.564 24447 24749 I BatteryMgr:DataCollectionService: stats => 1697995974564,5,4160,-75,0,100
10-22 19:32:54.669 24447 24749 I BatteryMgr:DataCollectionService: stats => 1697995974668,5,4160,-75,0,100
10-22 19:32:54.709  3957  4129 D WifiStateMachine:  ConnectedState !RSSI_PKTCNT_FETCH uid=1000 rt=602381294/1658356766 0 0 "ourhome" f4:6d:2f:12:cc:88 rssi=-41 f=5240 sc=60 link=433 tx=9.1, 0.2, 0.0  rx=12.2 bcn=590071 [on:0 tx:0 rx:0 period:1000] from screen [on:122684 period:918377] score=60
10-22 19:32:54.710  3957  4129 D WifiStateMachine:  L2ConnectedState !RSSI_PKTCNT_FETCH uid=1000 rt=602381294/1658356767 0 0 "ourhome" f4:6d:2f:12:cc:88 rssi=-41 f=5240 sc=60 link=433 tx=9.1, 0.2, 0.0  rx=12.2 bcn=590071 [on:0 tx:0 rx:0 period:0] from screen [on:122684 period:918377] score=60
10-22 19:32:54.711  3957  4129 D WifiStateMachine: fetchRssiLinkSpeedAndFrequencyNative rssi=-41 linkspeed=433 freq=5240
10-22 19:32:54.711  3957  4129 V WifiConfigManager: Updating scan detail cache freq=5240 BSSID=f4:6d:2f:12:cc:88 RSSI=-41 for "ourhome"WPA_PSK
10-22 19:32:54.773 24447 24749 I BatteryMgr:DataCollectionService: stats => 1697995974773,5,4160,-75,0,100
10-22 19:32:54.880 24447 24749 I BatteryMgr:DataCollectionService: stats => 1697995974880,5,4160,-75,0,100
10-22 19:32:54.911  3957  4128 D WifiService: getConnectionInfo uid=1000
10-22 19:32:54.985 24447 24749 I BatteryMgr:DataCollectionService: stats => 1697995974985,5,4160,-75,0,100
10-22 19:32:54.995  3957  4129 D WifiStateMachine:  ConnectedState !CMD_RSSI_POLL rt=602381580/1658357052 122 0 "ourhome" f4:6d:2f:12:cc:88 rssi=-41 f=5240 sc=60 link=433 tx=9.1, 0.2, 0.0  rx=12.2 bcn=590071 [on:0 tx:0 rx:0 period:286] from screen [on:122684 period:918663] score=60
10-22 19:32:54.996  3957  4129 D WifiStateMachine:  L2ConnectedState !CMD_RSSI_POLL rt=602381581/1658357053 122 0 "ourhome" f4:6d:2f:12:cc:88 rssi=-41 f=5240 sc=60 link=433 tx=9.1, 0.2, 0.0  rx=12.2 bcn=590071 [on:0 tx:0 rx:0 period:1] from screen [on:122684 period:918664] score=60
10-22 19:32:54.996  3957  4129 D WifiStateMachine:  get link layer stats 3
10-22 19:32:54.996  3436  3436 I android.hardware.wifi@1.0-service: getLinkLayerStats
10-22 19:32:55.009  3957  4129 D WifiStateMachine: fetchRssiLinkSpeedAndFrequencyNative rssi=-41 linkspeed=433 freq=5240
10-22 19:32:55.009  3957  4129 V WifiConfigManager: Updating scan detail cache freq=5240 BSSID=f4:6d:2f:12:cc:88 RSSI=-41 for "ourhome"WPA_PSK
10-22 19:32:55.012  4340  4340 E SignalClusterView: setSlotFocusVisible : subId -2
10-22 19:32:55.012  4340  4340 E SignalClusterView: setSlotFocusVisible : subId -2
10-22 19:32:55.091 24447 24749 I BatteryMgr:DataCollectionService: stats => 1697995975091,5,4160,-75,0,100
10-22 19:32:55.196 24447 24749 I BatteryMgr:DataCollectionService: stats => 1697995975196,5,4160,-75,0,100
10-22 19:32:55.302 24447 24749 I BatteryMgr:DataCollectionService: stats => 1697995975302,5,4160,-75,0,100
10-22 19:32:55.407 24447 24749 I BatteryMgr:DataCollectionService: stats => 1697995975407,5,4160,-75,0,100
10-22 19:32:55.513 24447 24749 I BatteryMgr:DataCollectionService: stats => 1697995975513,5,4160,-75,0,100
10-22 19:32:55.618 24447 24749 I BatteryMgr:DataCollectionService: stats => 1697995975618,5,4160,-75,0,100
10-22 19:32:55.710  3957  4129 D WifiStateMachine:  ConnectedState !RSSI_PKTCNT_FETCH uid=1000 rt=602382295/1658357767 0 0 "ourhome" f4:6d:2f:12:cc:88 rssi=-41 f=5240 sc=60 link=433 tx=3.3, 0.1, 0.0  rx=4.5 bcn=590099 [on:0 tx:0 rx:0 period:699] from screen [on:122745 period:919378] score=60
10-22 19:32:55.711  3957  4129 D WifiStateMachine:  L2ConnectedState !RSSI_PKTCNT_FETCH uid=1000 rt=602382296/1658357768 0 0 "ourhome" f4:6d:2f:12:cc:88 rssi=-41 f=5240 sc=60 link=433 tx=3.3, 0.1, 0.0  rx=4.5 bcn=590099 [on:0 tx:0 rx:0 period:1] from screen [on:122745 period:919379] score=60
10-22 19:32:55.717  3957  4129 D WifiStateMachine: fetchRssiLinkSpeedAndFrequencyNative rssi=-41 linkspeed=433 freq=5240
10-22 19:32:55.717  3957  4129 V WifiConfigManager: Updating scan detail cache freq=5240 BSSID=f4:6d:2f:12:cc:88 RSSI=-41 for "ourhome"WPA_PSK
10-22 19:32:55.725 24447 24749 I BatteryMgr:DataCollectionService: stats => 1697995975725,5,4160,-75,0,100
10-22 19:32:55.830 24447 24749 I BatteryMgr:DataCollectionService: stats => 1697995975830,5,4160,-75,0,100
10-22 19:32:55.912  3957  4128 D WifiService: getConnectionInfo uid=1000
10-22 19:32:55.936 24447 24749 I BatteryMgr:DataCollectionService: stats => 1697995975936,5,4160,-75,0,100
10-22 19:32:56.042 24447 24749 I BatteryMgr:DataCollectionService: stats => 1697995976042,5,4160,-75,0,100
10-22 19:32:56.147 24447 24749 I BatteryMgr:DataCollectionService: stats => 1697995976147,5,4160,-75,0,100
10-22 19:32:56.253 24447 24749 I BatteryMgr:DataCollectionService: stats => 1697995976253,5,4160,-75,0,100
10-22 19:32:56.359 24447 24749 I BatteryMgr:DataCollectionService: stats => 1697995976359,5,4160,-75,0,100
10-22 19:32:56.464 17424 17530 I PlayCommon: [22242] anai.j(241): Preparing logs for uploading
10-22 19:32:56.464 24447 24749 I BatteryMgr:DataCollectionService: stats => 1697995976464,5,4160,-75,0,100
10-22 19:32:56.465  3957  4653 D ConnectivityService: filterNetworkStateForUid() uid: 10044 networkInfo: [type: WIFI[] - WIFI, state: CONNECTED/CONNECTED, reason: (unspecified), extra: "ourhome", failover: false, available: true, roaming: false, metered: false]
10-22 19:32:56.465  3957  4653 D WifiService: getConnectionInfo uid=1000
10-22 19:32:56.556 17424 17530 I PlayCommon: [22242] anai.j(1862): Connecting to server: https://play.googleapis.com/play/log?format=raw&proto_v2=true
10-22 19:32:56.557 17424 17530 I System.out: (HTTPLog)-Static: isSBSettingEnabled false
10-22 19:32:56.558 17424 17530 I System.out: (HTTPLog)-Static: isSBSettingEnabled false
10-22 19:32:56.560  3599  3918 D DnsProxyListener: DNSDBG::dns addrinfo af 0
10-22 19:32:56.570 24447 24749 I BatteryMgr:DataCollectionService: stats => 1697995976570,5,4160,-75,0,100
10-22 19:32:56.659 17424 17530 I PlayCommon: [22242] anai.j(2096): Successfully uploaded logs.
10-22 19:32:56.676 24447 24749 I BatteryMgr:DataCollectionService: stats => 1697995976676,5,4160,-75,0,100
10-22 19:32:56.706  3957  3966 I zygote64: Background concurrent copying GC freed 194224(8MB) AllocSpace objects, 55(1100KB) LOS objects, 36% free, 41MB/65MB, paused 943us total 234.769ms
10-22 19:32:56.711  3957  4129 D WifiStateMachine:  ConnectedState !RSSI_PKTCNT_FETCH uid=1000 rt=602383296/1658358768 0 0 "ourhome" f4:6d:2f:12:cc:88 rssi=-41 f=5240 sc=60 link=433 tx=3.3, 0.1, 0.0  rx=4.5 bcn=590099 [on:0 tx:0 rx:0 period:1000] from screen [on:122745 period:920379] score=60
10-22 19:32:56.712  3957  4129 D WifiStateMachine:  L2ConnectedState !RSSI_PKTCNT_FETCH uid=1000 rt=602383297/1658358770 0 0 "ourhome" f4:6d:2f:12:cc:88 rssi=-41 f=5240 sc=60 link=433 tx=3.3, 0.1, 0.0  rx=4.5 bcn=590099 [on:0 tx:0 rx:0 period:1] from screen [on:122745 period:920380] score=60
10-22 19:32:56.713  3957  4129 D WifiStateMachine: fetchRssiLinkSpeedAndFrequencyNative rssi=-45 linkspeed=433 freq=5240
10-22 19:32:56.713  3957  4129 V WifiConfigManager: Updating scan detail cache freq=5240 BSSID=f4:6d:2f:12:cc:88 RSSI=-43 for "ourhome"WPA_PSK
10-22 19:32:56.780 24447 24749 I BatteryMgr:DataCollectionService: stats => 1697995976780,5,4160,-75,0,100
10-22 19:32:56.886 24447 24749 I BatteryMgr:DataCollectionService: stats => 1697995976886,5,4160,-75,0,100
10-22 19:32:56.914  3957  4128 D WifiService: getConnectionInfo uid=1000
10-22 19:32:56.992 24447 24749 I BatteryMgr:DataCollectionService: stats => 1697995976991,5,4160,-75,0,100
10-22 19:32:57.098 24447 24749 I BatteryMgr:DataCollectionService: stats => 1697995977098,5,4160,-75,0,100
10-22 19:32:57.174 24491 24502 I zygote64: Background concurrent copying GC freed 244794(7MB) AllocSpace objects, 0(0B) LOS objects, 49% free, 5MB/10MB, paused 2.426ms total 166.366ms
10-22 19:32:57.204 24447 24749 I BatteryMgr:DataCollectionService: stats => 1697995977204,5,4160,-75,0,100
10-22 19:32:57.309 24447 24749 I BatteryMgr:DataCollectionService: stats => 1697995977309,5,4160,-75,0,100
10-22 19:32:57.413 24447 24749 I BatteryMgr:DataCollectionService: stats => 1697995977413,5,4160,-75,0,100
10-22 19:32:57.519 24447 24749 I BatteryMgr:DataCollectionService: stats => 1697995977518,5,4160,-75,0,100
10-22 19:32:57.553  9273  9310 D ScanRecord: Not a Multi Manu data
10-22 19:32:57.616  9273  9310 I chatty  : uid=1002(bluetooth) BT Service Call identical 64 lines
10-22 19:32:57.616  9273  9310 D ScanRecord: Not a Multi Manu data
10-22 19:32:57.624 24447 24749 I BatteryMgr:DataCollectionService: stats => 1697995977624,5,4160,-75,0,100
10-22 19:32:57.627  9273  9310 D ScanRecord: Not a Multi Manu data
10-22 19:32:57.709  9273  9310 I chatty  : uid=1002(bluetooth) BT Service Call identical 130 lines
10-22 19:32:57.709  9273  9310 D ScanRecord: Not a Multi Manu data
10-22 19:32:57.714  3957  4129 D WifiStateMachine:  ConnectedState !RSSI_PKTCNT_FETCH uid=1000 rt=602384298/1658359771 0 0 "ourhome" f4:6d:2f:12:cc:88 rssi=-45 f=5240 sc=60 link=433 tx=3.3, 0.1, 0.0  rx=4.5 bcn=590099 [on:0 tx:0 rx:0 period:1002] from screen [on:122745 period:921382] score=60
10-22 19:32:57.715  3957  4129 D WifiStateMachine:  L2ConnectedState !RSSI_PKTCNT_FETCH uid=1000 rt=602384300/1658359772 0 0 "ourhome" f4:6d:2f:12:cc:88 rssi=-45 f=5240 sc=60 link=433 tx=3.3, 0.1, 0.0  rx=4.5 bcn=590099 [on:0 tx:0 rx:0 period:1] from screen [on:122745 period:921383] score=60
10-22 19:32:57.717  3957  4129 D WifiStateMachine: fetchRssiLinkSpeedAndFrequencyNative rssi=-44 linkspeed=433 freq=5240
10-22 19:32:57.717  3957  4129 V WifiConfigManager: Updating scan detail cache freq=5240 BSSID=f4:6d:2f:12:cc:88 RSSI=-43 for "ourhome"WPA_PSK
10-22 19:32:57.719  9273  9310 D ScanRecord: Not a Multi Manu data
10-22 19:32:57.722  9273  9310 I chatty  : uid=1002(bluetooth) BT Service Call identical 20 lines
10-22 19:32:57.722  9273  9310 D ScanRecord: Not a Multi Manu data
10-22 19:32:57.730 24447 24749 I BatteryMgr:DataCollectionService: stats => 1697995977730,5,4160,-75,0,100
10-22 19:32:57.794  9273  9310 D ScanRecord: Not a Multi Manu data
10-22 19:32:57.825  9273  9310 I chatty  : uid=1002(bluetooth) BT Service Call identical 75 lines
10-22 19:32:57.825  9273  9310 D ScanRecord: Not a Multi Manu data
10-22 19:32:57.837 24447 24749 I BatteryMgr:DataCollectionService: stats => 1697995977837,5,4160,-75,0,100
10-22 19:32:57.838  9273  9310 D ScanRecord: Not a Multi Manu data
10-22 19:32:57.911  9273  9310 I chatty  : uid=1002(bluetooth) BT Service Call identical 75 lines
10-22 19:32:57.911  9273  9310 D ScanRecord: Not a Multi Manu data
10-22 19:32:57.916  3957  4128 D WifiService: getConnectionInfo uid=1000
10-22 19:32:57.940  9273  9310 D ScanRecord: Not a Multi Manu data
10-22 19:32:57.940  9273  9310 I chatty  : uid=1002(bluetooth) BT Service Call identical 9 lines
10-22 19:32:57.940  9273  9310 D ScanRecord: Not a Multi Manu data
10-22 19:32:57.941 24447 24749 I BatteryMgr:DataCollectionService: stats => 1697995977941,5,4160,-75,0,100
10-22 19:32:57.987  9273  9310 D ScanRecord: Not a Multi Manu data
10-22 19:32:57.988  9273  9310 I chatty  : uid=1002(bluetooth) BT Service Call identical 20 lines
10-22 19:32:57.988  9273  9310 D ScanRecord: Not a Multi Manu data
10-22 19:32:58.011  3957  4129 D WifiStateMachine:  ConnectedState !CMD_RSSI_POLL rt=602384596/1658360068 122 0 "ourhome" f4:6d:2f:12:cc:88 rssi=-44 f=5240 sc=60 link=433 tx=3.3, 0.1, 0.0  rx=4.5 bcn=590099 [on:0 tx:0 rx:0 period:296] from screen [on:122745 period:921679] score=60
10-22 19:32:58.013  3957  4129 D WifiStateMachine:  L2ConnectedState !CMD_RSSI_POLL rt=602384597/1658360069 122 0 "ourhome" f4:6d:2f:12:cc:88 rssi=-44 f=5240 sc=60 link=433 tx=3.3, 0.1, 0.0  rx=4.5 bcn=590099 [on:0 tx:0 rx:0 period:2] from screen [on:122745 period:921681] score=60
10-22 19:32:58.013  3957  4129 D WifiStateMachine:  get link layer stats 3
10-22 19:32:58.013  3436  3436 I android.hardware.wifi@1.0-service: getLinkLayerStats
10-22 19:32:58.017  3957  4129 D WifiStateMachine: fetchRssiLinkSpeedAndFrequencyNative rssi=-43 linkspeed=433 freq=5240
10-22 19:32:58.017  3957  4129 V WifiConfigManager: Updating scan detail cache freq=5240 BSSID=f4:6d:2f:12:cc:88 RSSI=-43 for "ourhome"WPA_PSK
10-22 19:32:58.020  4340  4340 E SignalClusterView: setSlotFocusVisible : subId -2
10-22 19:32:58.020  4340  4340 E SignalClusterView: setSlotFocusVisible : subId -2
10-22 19:32:58.036  9273  9310 D ScanRecord: Not a Multi Manu data
10-22 19:32:58.040  9273  9310 I chatty  : uid=1002(bluetooth) BT Service Call identical 20 lines
10-22 19:32:58.040  9273  9310 D ScanRecord: Not a Multi Manu data
10-22 19:32:58.045 24447 24749 I BatteryMgr:DataCollectionService: stats => 1697995978045,5,4160,-75,0,100
10-22 19:32:58.152 24447 24749 I BatteryMgr:DataCollectionService: stats => 1697995978152,5,4160,-75,0,100
10-22 19:32:58.259 24447 24749 I BatteryMgr:DataCollectionService: stats => 1697995978258,5,4160,-75,0,100
10-22 19:32:58.363 24447 24749 I BatteryMgr:DataCollectionService: stats => 1697995978363,5,4160,-75,0,100
10-22 19:32:58.468 24447 24749 I BatteryMgr:DataCollectionService: stats => 1697995978468,5,4160,-75,0,100
10-22 19:32:58.572 24447 24749 I BatteryMgr:DataCollectionService: stats => 1697995978572,5,4160,-75,0,100
10-22 19:32:58.624  3957  4306 D WifiConnectivityMonitor:  [|207] []
10-22 19:32:58.680 24447 24749 I BatteryMgr:DataCollectionService: stats => 1697995978679,5,4160,-75,0,100
10-22 19:32:58.715  3957  4129 D WifiStateMachine:  ConnectedState !RSSI_PKTCNT_FETCH uid=1000 rt=602385299/1658360772 0 0 "ourhome" f4:6d:2f:12:cc:88 rssi=-43 f=5240 sc=60 link=433 tx=24.0, 2.6, 0.0  rx=32.0 bcn=590129 [on:0 tx:0 rx:0 period:695] from screen [on:123726 period:922383] score=60
10-22 19:32:58.716  3957  4129 D WifiStateMachine:  L2ConnectedState !RSSI_PKTCNT_FETCH uid=1000 rt=602385301/1658360773 0 0 "ourhome" f4:6d:2f:12:cc:88 rssi=-43 f=5240 sc=60 link=433 tx=24.0, 2.6, 0.0  rx=32.0 bcn=590129 [on:0 tx:0 rx:0 period:1] from screen [on:123726 period:922384] score=60
10-22 19:32:58.718  3957  4129 D WifiStateMachine: fetchRssiLinkSpeedAndFrequencyNative rssi=-44 linkspeed=433 freq=5240
10-22 19:32:58.718  3957  4129 V WifiConfigManager: Updating scan detail cache freq=5240 BSSID=f4:6d:2f:12:cc:88 RSSI=-43 for "ourhome"WPA_PSK
10-22 19:32:58.779 24491 24692 I SessionStorage/AutoSave: Save: Periodic
10-22 19:32:58.784 24447 24749 I BatteryMgr:DataCollectionService: stats => 1697995978784,5,4160,-75,0,100
10-22 19:32:58.890 24447 24749 I BatteryMgr:DataCollectionService: stats => 1697995978890,5,4160,-75,0,100
10-22 19:32:58.918  3957  4128 D WifiService: getConnectionInfo uid=1000
10-22 19:32:58.920  4961  4961 D io_stats: !@ 179,0 r 10129631 332569956 w 2157124 42238924 d 173730 37245604 f 639802 665250 iot 4630800 3990343 th 51200 0 0 pt 0 inp 0 0 602385.505
10-22 19:32:58.994 24447 24749 I BatteryMgr:DataCollectionService: stats => 1697995978994,5,4160,-75,0,100
10-22 19:32:59.099 24447 24749 I BatteryMgr:DataCollectionService: stats => 1697995979099,5,4160,-75,0,100
10-22 19:32:59.204 24447 24749 I BatteryMgr:DataCollectionService: stats => 1697995979204,5,4160,-75,0,100
10-22 19:32:59.303  3957  6478 D SSRM:k  : SIOP:: AP = 420, PST = 378 (W:12), BAT = 293, USB = 0, CHG = 0
10-22 19:32:59.308 24447 24749 I BatteryMgr:DataCollectionService: stats => 1697995979308,5,4160,-75,0,100
10-22 19:32:59.311  3957  6478 D ac      : broadcastSiopLevelIntent:: currentSiopLevel = -1
10-22 19:32:59.314  3957  6478 D TelephonyManager: getAllCellInfo : Caller (PID / UID / TID): 3957 / 1000 / 6478
10-22 19:32:59.320 14173 14173 I [SC]SCloudReceiver: onReceive: com.samsung.intent.action.CHECK_SIOP_LEVEL
10-22 19:32:59.324 14173 14173 I [SC]DetectorReceiver: onReceive [com.samsung.intent.action.CHECK_SIOP_LEVEL]
10-22 19:32:59.325 14173 14173 I [SC]AccountUtil: Samsung Account Not Logged in
10-22 19:32:59.344  3957  6478 D WifiService: getConnectionInfo uid=1000
10-22 19:32:59.350  3957  6478 I SensorService: createSensorEventConnection package name f.z
10-22 19:32:59.352  3957  6478 D SensorService: Calling batch handle==3 flags=0 rate=200000000 timeout== 0
10-22 19:32:59.353  3434  3434 I Sensors : ProximitySensor:enable: handle 3, en 1, old_en 0
10-22 19:32:59.412  3957  6478 D SensorManager: registerListener :: 3, STK3013 Proximity, 200000, 0,  
10-22 19:32:59.413  3434  3434 I Sensors : ProximitySensor:readEvents: value 8(cm)
10-22 19:32:59.414  3957  3957 D SensorManager: Proximity, val = 8.0  [far]
10-22 19:32:59.415  3957  3957 D SensorService: Calling activate off 3
10-22 19:32:59.415 24447 24749 I BatteryMgr:DataCollectionService: stats => 1697995979415,5,4160,-75,0,100
10-22 19:32:59.416  3434  4028 I Sensors : ProximitySensor:enable: handle 3, en 0, old_en 1
10-22 19:32:59.418  3957  3957 D SensorManager: unregisterListener ::   
10-22 19:32:59.521 24447 24749 I BatteryMgr:DataCollectionService: stats => 1697995979521,5,4160,-75,0,100
10-22 19:32:59.626 24447 24749 I BatteryMgr:DataCollectionService: stats => 1697995979626,5,4160,-75,0,100
10-22 19:32:59.718  3957  4129 D WifiStateMachine:  ConnectedState !RSSI_PKTCNT_FETCH uid=1000 rt=602386300/1658361773 0 0 "ourhome" f4:6d:2f:12:cc:88 rssi=-44 f=5240 sc=60 link=433 tx=24.0, 2.6, 0.0  rx=32.0 bcn=590129 [on:0 tx:0 rx:0 period:1001] from screen [on:123726 period:923385] score=60
10-22 19:32:59.720  3957  4129 D WifiStateMachine:  L2ConnectedState !RSSI_PKTCNT_FETCH uid=1000 rt=602386303/1658361776 0 0 "ourhome" f4:6d:2f:12:cc:88 rssi=-44 f=5240 sc=60 link=433 tx=24.0, 2.6, 0.0  rx=32.0 bcn=590129 [on:0 tx:0 rx:0 period:2] from screen [on:123726 period:923387] score=60
10-22 19:32:59.721  3957  4129 D WifiStateMachine: fetchRssiLinkSpeedAndFrequencyNative rssi=-44 linkspeed=433 freq=5240
10-22 19:32:59.721  3957  4129 V WifiConfigManager: Updating scan detail cache freq=5240 BSSID=f4:6d:2f:12:cc:88 RSSI=-43 for "ourhome"WPA_PSK
10-22 19:32:59.731 24447 24749 I BatteryMgr:DataCollectionService: stats => 1697995979731,5,4160,-75,0,100
10-22 19:32:59.837 24447 24749 I BatteryMgr:DataCollectionService: stats => 1697995979837,5,4160,-75,0,100
10-22 19:32:59.920  3957  4128 D WifiService: getConnectionInfo uid=1000
10-22 19:32:59.941 24447 24749 I BatteryMgr:DataCollectionService: stats => 1697995979941,5,4160,-75,0,100
10-22 19:33:00.000  3957  4045 D SamsungAlarmManager: Expired : 8
10-22 19:33:00.000  3957  4045 I SamsungAlarmManager: setLocked to kernel - T:3 / 20231022T193300, SetElapsed=1658362059, nowELAPSED=1658362058
10-22 19:33:00.000  3957  4045 V SamsungAlarmManager: Sending to uid : 1000 action=android.intent.action.TIME_TICK alarm=Alarm{76fe2a6 type 3 when 1658362058 android}
10-22 19:33:00.001  3957  4045 D SamsungAlarmManager: Expired : 8
10-22 19:33:00.002  3957  4045 V SamsungAlarmManager: Sending to uid : 10074 action=com.samsung.action.EVERY_MINUTE_CLOCK_UPDATE alarm=Alarm{823e894 type 1 when 1697995980000 com.sec.android.app.launcher}
10-22 19:33:00.003  8695  8695 I Launcher: onReceive: com.samsung.action.EVERY_MINUTE_CLOCK_UPDATE
10-22 19:33:00.004  3957  3957 D SamsungAlarmManager: setExact Intent (T:3/F:1/AC:false) 20231022T193400 - CU:1000/CP:3957
10-22 19:33:00.004  3957  3957 I SamsungAlarmManager: setLocked to kernel - T:3 / 20231022T193400, SetElapsed=1658422058, nowELAPSED=1658362062
10-22 19:33:00.005  4340  4340 D KeyguardUpdateMonitor: received broadcast android.intent.action.TIME_TICK
10-22 19:33:00.006  4340  4340 D KeyguardServiceBoxContainer: refreshTime() 1
10-22 19:33:00.007  3957  4653 D SamsungAlarmManager: setInexact Intent (T:1/F:0/AC:false) 20231022T193400 - CU:10074/CP:8695
10-22 19:33:00.007  8695  8695 I IconView: applyFromShortcutInfo - start GetLive : com.samsung.android.calendar
10-22 19:33:00.007  8695  8695 I IconView: applyFromShortcutInfo - end GetLive : com.samsung.android.calendar
10-22 19:33:00.008  8695  8695 I IconView: applyFromApplicationInfo - start GetLive : com.sec.android.app.clockpackage
10-22 19:33:00.012  8695  8695 D ApplicationPackageManager: we has com.sec.android.app.clockpackage class. reuse it 
10-22 19:33:00.012  8695  8695 D LiveIconLoader: getLiveIcon was called in ClockPackage
10-22 19:33:00.013  8695  8695 D LiveIconLoader: getLiveIcon res = com.sec.android.app.clockpackage
10-22 19:33:00.015  8695  8695 D LiveIconLoader: stdIconSize : 84 , targetIconSize : 94
10-22 19:33:00.015  8695  8695 D LiveIconLoader: mIconDpi : 320 , mTargetIconDpi : 280
10-22 19:33:00.025  8695  8695 I ApplicationPackageManager: load= live icon for com.sec.android.app.clockpackage, from overlay = false
10-22 19:33:00.026  8695  8695 I LiveIconManager: getLiveIcon: complete(sync_created)
10-22 19:33:00.026  8695  8695 I IconView: applyFromApplicationInfo - end GetLive : com.sec.android.app.clockpackage
10-22 19:33:00.026  8695  8695 I IconView: applyFromApplicationInfo - start GetLive : com.samsung.android.calendar
10-22 19:33:00.026  8695  8695 I IconView: applyFromApplicationInfo - end GetLive : com.samsung.android.calendar
10-22 19:33:00.026  4340  4340 D KeyguardUpdateMonitor: handleStatusBarState( false )
10-22 19:33:00.045  4340  4340 D KeyguardUpdateMonitor: handleStatusBarState( false )
10-22 19:33:00.045 24447 24749 I BatteryMgr:DataCollectionService: stats => 1697995980045,5,4160,-75,0,100
10-22 19:33:00.150 24447 24749 I BatteryMgr:DataCollectionService: stats => 1697995980150,5,4160,-75,0,100
10-22 19:33:00.255 24447 24749 I BatteryMgr:DataCollectionService: stats => 1697995980255,5,4160,-75,0,100
10-22 19:33:00.359 24447 24749 I BatteryMgr:DataCollectionService: stats => 1697995980359,5,4160,-75,0,100
10-22 19:33:00.464 24447 24749 I BatteryMgr:DataCollectionService: stats => 1697995980464,5,4160,-75,0,100
10-22 19:33:00.568 24447 24749 I BatteryMgr:DataCollectionService: stats => 1697995980568,5,4160,-75,0,100
10-22 19:33:00.673 24447 24749 I BatteryMgr:DataCollectionService: stats => 1697995980673,5,4160,-75,0,100
10-22 19:33:00.716  3957  4129 D WifiStateMachine:  ConnectedState !RSSI_PKTCNT_FETCH uid=1000 rt=602387301/1658362774 0 0 "ourhome" f4:6d:2f:12:cc:88 rssi=-44 f=5240 sc=60 link=433 tx=24.0, 2.6, 0.0  rx=32.0 bcn=590129 [on:0 tx:0 rx:0 period:997] from screen [on:123726 period:924384] score=60
10-22 19:33:00.717  3957  4129 D WifiStateMachine:  L2ConnectedState !RSSI_PKTCNT_FETCH uid=1000 rt=602387302/1658362775 0 0 "ourhome" f4:6d:2f:12:cc:88 rssi=-44 f=5240 sc=60 link=433 tx=24.0, 2.6, 0.0  rx=32.0 bcn=590129 [on:0 tx:0 rx:0 period:1] from screen [on:123726 period:924385] score=60
10-22 19:33:00.718  3957  4129 D WifiStateMachine: fetchRssiLinkSpeedAndFrequencyNative rssi=-45 linkspeed=433 freq=5240
10-22 19:33:00.718  3957  4129 V WifiConfigManager: Updating scan detail cache freq=5240 BSSID=f4:6d:2f:12:cc:88 RSSI=-44 for "ourhome"WPA_PSK
10-22 19:33:00.777 24447 24749 I BatteryMgr:DataCollectionService: stats => 1697995980777,5,4160,-75,0,100
10-22 19:33:00.881 24447 24749 I BatteryMgr:DataCollectionService: stats => 1697995980881,5,4160,-75,0,100
10-22 19:33:00.922  3957  4128 D WifiService: getConnectionInfo uid=1000
10-22 19:33:00.986 24447 24749 I BatteryMgr:DataCollectionService: stats => 1697995980986,5,4160,-75,0,100
10-22 19:33:01.020  3957  4129 D WifiStateMachine:  ConnectedState !CMD_RSSI_POLL rt=602387604/1658363076 122 0 "ourhome" f4:6d:2f:12:cc:88 rssi=-45 f=5240 sc=60 link=433 tx=24.0, 2.6, 0.0  rx=32.0 bcn=590129 [on:0 tx:0 rx:0 period:303] from screen [on:123726 period:924688] score=60
10-22 19:33:01.022  3957  4129 D WifiStateMachine:  L2ConnectedState !CMD_RSSI_POLL rt=602387606/1658363079 122 0 "ourhome" f4:6d:2f:12:cc:88 rssi=-45 f=5240 sc=60 link=433 tx=24.0, 2.6, 0.0  rx=32.0 bcn=590129 [on:0 tx:0 rx:0 period:2] from screen [on:123726 period:924690] score=60
10-22 19:33:01.022  3957  4129 D WifiStateMachine:  get link layer stats 3
10-22 19:33:01.023  3436  3436 I android.hardware.wifi@1.0-service: getLinkLayerStats
10-22 19:33:01.026  3957  4129 D WifiStateMachine: fetchRssiLinkSpeedAndFrequencyNative rssi=-44 linkspeed=433 freq=5240
10-22 19:33:01.026  3957  4129 V WifiConfigManager: Updating scan detail cache freq=5240 BSSID=f4:6d:2f:12:cc:88 RSSI=-44 for "ourhome"WPA_PSK
10-22 19:33:01.029  4340  4340 E SignalClusterView: setSlotFocusVisible : subId -2
10-22 19:33:01.029  4340  4340 E SignalClusterView: setSlotFocusVisible : subId -2
10-22 19:33:01.092 24447 24749 I BatteryMgr:DataCollectionService: stats => 1697995981092,5,4160,-75,0,100
10-22 19:33:01.197 24447 24749 I BatteryMgr:DataCollectionService: stats => 1697995981197,5,4160,-75,0,100
10-22 19:33:01.302 24447 24749 I BatteryMgr:DataCollectionService: stats => 1697995981301,5,4160,-75,0,100
10-22 19:33:01.406 24447 24749 I BatteryMgr:DataCollectionService: stats => 1697995981406,5,4160,-75,0,100
10-22 19:33:01.509 24447 24749 I BatteryMgr:DataCollectionService: stats => 1697995981509,5,4160,-75,0,100
10-22 19:33:01.614 24447 24749 I BatteryMgr:DataCollectionService: stats => 1697995981614,5,4160,-75,0,100
10-22 19:33:01.718  3957  4129 D WifiStateMachine:  ConnectedState !RSSI_PKTCNT_FETCH uid=1000 rt=602388302/1658363775 0 0 "ourhome" f4:6d:2f:12:cc:88 rssi=-44 f=5240 sc=60 link=433 tx=29.7, 0.9, 0.0  rx=34.5 bcn=590157 [on:0 tx:0 rx:0 period:690] from screen [on:126094 period:925386] score=60
10-22 19:33:01.719  3957  4129 D WifiStateMachine:  L2ConnectedState !RSSI_PKTCNT_FETCH uid=1000 rt=602388303/1658363776 0 0 "ourhome" f4:6d:2f:12:cc:88 rssi=-44 f=5240 sc=60 link=433 tx=29.7, 0.9, 0.0  rx=34.5 bcn=590157 [on:0 tx:0 rx:0 period:1] from screen [on:126094 period:925387] score=60
10-22 19:33:01.720 24447 24749 I BatteryMgr:DataCollectionService: stats => 1697995981720,5,4160,-75,0,100
10-22 19:33:01.721  3957  4129 D WifiStateMachine: fetchRssiLinkSpeedAndFrequencyNative rssi=-43 linkspeed=433 freq=5240
10-22 19:33:01.721  3957  4129 V WifiConfigManager: Updating scan detail cache freq=5240 BSSID=f4:6d:2f:12:cc:88 RSSI=-43 for "ourhome"WPA_PSK
10-22 19:33:01.825 24447 24749 I BatteryMgr:DataCollectionService: stats => 1697995981825,5,4160,-75,0,100
10-22 19:33:01.923  3957  4128 D WifiService: getConnectionInfo uid=1000
10-22 19:33:01.929 24447 24749 I BatteryMgr:DataCollectionService: stats => 1697995981929,5,4160,-75,0,100
10-22 19:33:02.036 24447 24749 I BatteryMgr:DataCollectionService: stats => 1697995982036,5,4160,-75,0,100
10-22 19:33:02.144 24447 24749 I BatteryMgr:DataCollectionService: stats => 1697995982144,5,4160,-75,0,100
10-22 19:33:02.248 24447 24749 I BatteryMgr:DataCollectionService: stats => 1697995982248,5,4160,-75,0,100
10-22 19:33:02.256  3957  4030 D SensorService: [SO] 0.182 -0.105 9.979
10-22 19:33:02.353 24447 24749 I BatteryMgr:DataCollectionService: stats => 1697995982353,5,4160,-75,0,100
10-22 19:33:02.459 24447 24749 I BatteryMgr:DataCollectionService: stats => 1697995982459,5,4160,-75,0,100
10-22 19:33:02.554  9273  9310 D ScanRecord: Not a Multi Manu data
10-22 19:33:02.562  9273  9310 I chatty  : uid=1002(bluetooth) BT Service Call identical 31 lines
10-22 19:33:02.562  9273  9310 D ScanRecord: Not a Multi Manu data
10-22 19:33:02.564 24447 24749 I BatteryMgr:DataCollectionService: stats => 1697995982564,5,4160,-75,0,100
10-22 19:33:02.565  9273  9310 D ScanRecord: Not a Multi Manu data
10-22 19:33:02.661  9273  9310 I chatty  : uid=1002(bluetooth) BT Service Call identical 108 lines
10-22 19:33:02.661  9273  9310 D ScanRecord: Not a Multi Manu data
10-22 19:33:02.669 24447 24749 I BatteryMgr:DataCollectionService: stats => 1697995982669,-121,4160,-64,0,100
10-22 19:33:02.677  9273  9310 D ScanRecord: Not a Multi Manu data
10-22 19:33:02.688  9273  9310 I chatty  : uid=1002(bluetooth) BT Service Call identical 53 lines
10-22 19:33:02.688  9273  9310 D ScanRecord: Not a Multi Manu data
10-22 19:33:02.719  3957  4129 D WifiStateMachine:  ConnectedState !RSSI_PKTCNT_FETCH uid=1000 rt=602389304/1658364777 0 0 "ourhome" f4:6d:2f:12:cc:88 rssi=-43 f=5240 sc=60 link=433 tx=29.7, 0.9, 0.0  rx=34.5 bcn=590157 [on:0 tx:0 rx:0 period:1000] from screen [on:126094 period:926387] score=60
10-22 19:33:02.723  3957  4129 D WifiStateMachine:  L2ConnectedState !RSSI_PKTCNT_FETCH uid=1000 rt=602389305/1658364778 0 0 "ourhome" f4:6d:2f:12:cc:88 rssi=-43 f=5240 sc=60 link=433 tx=29.7, 0.9, 0.0  rx=34.5 bcn=590157 [on:0 tx:0 rx:0 period:3] from screen [on:126094 period:926390] score=60
10-22 19:33:02.724  3957  4129 D WifiStateMachine: fetchRssiLinkSpeedAndFrequencyNative rssi=-43 linkspeed=433 freq=5240
10-22 19:33:02.724  3957  4129 V WifiConfigManager: Updating scan detail cache freq=5240 BSSID=f4:6d:2f:12:cc:88 RSSI=-43 for "ourhome"WPA_PSK
10-22 19:33:02.725  9273  9310 D ScanRecord: Not a Multi Manu data
10-22 19:33:02.764  9273  9310 I chatty  : uid=1002(bluetooth) BT Service Call identical 42 lines
10-22 19:33:02.765  9273  9310 D ScanRecord: Not a Multi Manu data
10-22 19:33:02.774 24447 24749 I BatteryMgr:DataCollectionService: stats => 1697995982774,-121,4160,-64,0,100
10-22 19:33:02.778  9273  9310 D ScanRecord: Not a Multi Manu data
10-22 19:33:02.873  9273  9310 I chatty  : uid=1002(bluetooth) BT Service Call identical 108 lines
10-22 19:33:02.873  9273  9310 D ScanRecord: Not a Multi Manu data
10-22 19:33:02.878 24447 24749 I BatteryMgr:DataCollectionService: stats => 1697995982878,-121,4160,-64,0,100
10-22 19:33:02.881  9273  9310 D ScanRecord: Not a Multi Manu data
10-22 19:33:02.907  9273  9310 I chatty  : uid=1002(bluetooth) BT Service Call identical 31 lines
10-22 19:33:02.907  9273  9310 D ScanRecord: Not a Multi Manu data
10-22 19:33:02.924  3957  4128 D WifiService: getConnectionInfo uid=1000
10-22 19:33:02.934  9273  9310 D ScanRecord: Not a Multi Manu data
10-22 19:33:02.979  9273  9310 I chatty  : uid=1002(bluetooth) BT Service Call identical 75 lines
10-22 19:33:02.979  9273  9310 D ScanRecord: Not a Multi Manu data
10-22 19:33:02.982 24447 24749 I BatteryMgr:DataCollectionService: stats => 1697995982981,-121,4160,-64,0,100
10-22 19:33:02.989  9273  9310 D ScanRecord: Not a Multi Manu data
10-22 19:33:03.042  9273  9310 I chatty  : uid=1002(bluetooth) BT Service Call identical 86 lines
10-22 19:33:03.042  9273  9310 D ScanRecord: Not a Multi Manu data
10-22 19:33:03.073  3957  4602 D BatteryService: !@BatteryListener : batteryPropertiesChanged!
10-22 19:33:03.085 24447 24749 I BatteryMgr:DataCollectionService: stats => 1697995983085,-121,4160,-64,0,100
10-22 19:33:03.192 24447 24749 I BatteryMgr:DataCollectionService: stats => 1697995983192,-121,4160,-64,0,100
10-22 19:33:03.298 24447 24749 I BatteryMgr:DataCollectionService: stats => 1697995983298,-121,4160,-64,0,100
10-22 19:33:03.403 24447 24749 I BatteryMgr:DataCollectionService: stats => 1697995983403,-121,4160,-64,0,100
10-22 19:33:03.511 24447 24749 I BatteryMgr:DataCollectionService: stats => 1697995983511,-121,4160,-64,0,100
10-22 19:33:03.619 24447 24749 I BatteryMgr:DataCollectionService: stats => 1697995983619,-121,4160,-64,0,100
10-22 19:33:03.721  3957  4129 D WifiStateMachine:  ConnectedState !RSSI_PKTCNT_FETCH uid=1000 rt=602390305/1658365778 0 0 "ourhome" f4:6d:2f:12:cc:88 rssi=-43 f=5240 sc=60 link=433 tx=29.7, 0.9, 0.0  rx=34.5 bcn=590157 [on:0 tx:0 rx:0 period:999] from screen [on:126094 period:927389] score=60
10-22 19:33:03.725  3957  4129 D WifiStateMachine:  L2ConnectedState !RSSI_PKTCNT_FETCH uid=1000 rt=602390307/1658365780 0 0 "ourhome" f4:6d:2f:12:cc:88 rssi=-43 f=5240 sc=60 link=433 tx=29.7, 0.9, 0.0  rx=34.5 bcn=590157 [on:0 tx:0 rx:0 period:4] from screen [on:126094 period:927393] score=60
10-22 19:33:03.728 24447 24749 I BatteryMgr:DataCollectionService: stats => 1697995983727,-121,4160,-64,0,100
10-22 19:33:03.728  3957  4129 D WifiStateMachine: fetchRssiLinkSpeedAndFrequencyNative rssi=-42 linkspeed=433 freq=5240
10-22 19:33:03.728  3957  4129 V WifiConfigManager: Updating scan detail cache freq=5240 BSSID=f4:6d:2f:12:cc:88 RSSI=-42 for "ourhome"WPA_PSK
10-22 19:33:03.832 24447 24749 I BatteryMgr:DataCollectionService: stats => 1697995983832,-121,4160,-64,0,100
10-22 19:33:03.922  4961  4961 D io_stats: !@ 179,0 r 10129647 332570756 w 2157142 42239000 d 173730 37245604 f 639802 665250 iot 4630804 3990350 th 51200 0 0 pt 0 inp 0 0 602390.507
10-22 19:33:03.926  3957  4128 D WifiService: getConnectionInfo uid=1000
10-22 19:33:03.936 24447 24749 I BatteryMgr:DataCollectionService: stats => 1697995983936,-121,4160,-64,0,100
10-22 19:33:04.028  3957  4129 D WifiStateMachine:  ConnectedState !CMD_RSSI_POLL rt=602390613/1658366085 122 0 "ourhome" f4:6d:2f:12:cc:88 rssi=-42 f=5240 sc=60 link=433 tx=29.7, 0.9, 0.0  rx=34.5 bcn=590157 [on:0 tx:0 rx:0 period:303] from screen [on:126094 period:927696] score=60
10-22 19:33:04.029  3957  4129 D WifiStateMachine:  L2ConnectedState !CMD_RSSI_POLL rt=602390614/1658366086 122 0 "ourhome" f4:6d:2f:12:cc:88 rssi=-42 f=5240 sc=60 link=433 tx=29.7, 0.9, 0.0  rx=34.5 bcn=590157 [on:0 tx:0 rx:0 period:1] from screen [on:126094 period:927697] score=60
10-22 19:33:04.029  3957  4129 D WifiStateMachine:  get link layer stats 3
10-22 19:33:04.029  3436  3436 I android.hardware.wifi@1.0-service: getLinkLayerStats
10-22 19:33:04.036  3957  4129 D WifiStateMachine: fetchRssiLinkSpeedAndFrequencyNative rssi=-41 linkspeed=433 freq=5240
10-22 19:33:04.036  3957  4129 V WifiConfigManager: Updating scan detail cache freq=5240 BSSID=f4:6d:2f:12:cc:88 RSSI=-41 for "ourhome"WPA_PSK
10-22 19:33:04.040  4340  4340 E SignalClusterView: setSlotFocusVisible : subId -2
10-22 19:33:04.040  4340  4340 E SignalClusterView: setSlotFocusVisible : subId -2
10-22 19:33:04.042 24447 24749 I BatteryMgr:DataCollectionService: stats => 1697995984042,-121,4160,-64,0,100
10-22 19:33:04.146 24447 24749 I BatteryMgr:DataCollectionService: stats => 1697995984146,-121,4160,-64,0,100
10-22 19:33:04.252 24447 24749 I BatteryMgr:DataCollectionService: stats => 1697995984252,-121,4160,-64,0,100
10-22 19:33:04.356 24447 24749 I BatteryMgr:DataCollectionService: stats => 1697995984356,-121,4160,-64,0,100
10-22 19:33:04.462 24447 24749 I BatteryMgr:DataCollectionService: stats => 1697995984461,-121,4160,-64,0,100
10-22 19:33:04.565 24447 24749 I BatteryMgr:DataCollectionService: stats => 1697995984565,-121,4160,-64,0,100
10-22 19:33:04.669 24447 24749 I BatteryMgr:DataCollectionService: stats => 1697995984669,-121,4160,-64,0,100
10-22 19:33:04.722  3957  4129 D WifiStateMachine:  ConnectedState !RSSI_PKTCNT_FETCH uid=1000 rt=602391307/1658366779 0 0 "ourhome" f4:6d:2f:12:cc:88 rssi=-41 f=5240 sc=60 link=433 tx=19.1, 0.3, 0.0  rx=21.5 bcn=590186 [on:0 tx:0 rx:0 period:684] from screen [on:127168 period:928390] score=60
10-22 19:33:04.724  3957  4129 D WifiStateMachine:  L2ConnectedState !RSSI_PKTCNT_FETCH uid=1000 rt=602391308/1658366780 0 0 "ourhome" f4:6d:2f:12:cc:88 rssi=-41 f=5240 sc=60 link=433 tx=19.1, 0.3, 0.0  rx=21.5 bcn=590186 [on:0 tx:0 rx:0 period:1] from screen [on:127168 period:928391] score=60
10-22 19:33:04.730  3957  4129 D WifiStateMachine: fetchRssiLinkSpeedAndFrequencyNative rssi=-41 linkspeed=433 freq=5240
10-22 19:33:04.730  3957  4129 V WifiConfigManager: Updating scan detail cache freq=5240 BSSID=f4:6d:2f:12:cc:88 RSSI=-41 for "ourhome"WPA_PSK
10-22 19:33:04.774 24447 24749 I BatteryMgr:DataCollectionService: stats => 1697995984774,-121,4160,-64,0,100
10-22 19:33:04.880 24447 24749 I BatteryMgr:DataCollectionService: stats => 1697995984879,-121,4160,-64,0,100
10-22 19:33:04.928  3957  4128 D WifiService: getConnectionInfo uid=1000
10-22 19:33:04.986 24447 24749 I BatteryMgr:DataCollectionService: stats => 1697995984985,-121,4160,-64,0,100
10-22 19:33:05.092 24447 24749 I BatteryMgr:DataCollectionService: stats => 1697995985092,-121,4160,-64,0,100
10-22 19:33:05.196 24447 24749 I BatteryMgr:DataCollectionService: stats => 1697995985196,-121,4160,-64,0,100
10-22 19:33:05.300 24447 24749 I BatteryMgr:DataCollectionService: stats => 1697995985300,-121,4160,-64,0,100
10-22 19:33:05.406 24447 24749 I BatteryMgr:DataCollectionService: stats => 1697995985406,-121,4160,-64,0,100
10-22 19:33:05.510 24447 24749 I BatteryMgr:DataCollectionService: stats => 1697995985510,-121,4160,-64,0,100
10-22 19:33:05.616 24447 24749 I BatteryMgr:DataCollectionService: stats => 1697995985616,-121,4160,-64,0,100
10-22 19:33:05.720 24447 24749 I BatteryMgr:DataCollectionService: stats => 1697995985720,-121,4160,-64,0,100
10-22 19:33:05.723  3957  4129 D WifiStateMachine:  ConnectedState !RSSI_PKTCNT_FETCH uid=1000 rt=602392308/1658367780 0 0 "ourhome" f4:6d:2f:12:cc:88 rssi=-41 f=5240 sc=60 link=433 tx=19.1, 0.3, 0.0  rx=21.5 bcn=590186 [on:0 tx:0 rx:0 period:1000] from screen [on:127168 period:929391] score=60
10-22 19:33:05.724  3957  4129 D WifiStateMachine:  L2ConnectedState !RSSI_PKTCNT_FETCH uid=1000 rt=602392309/1658367781 0 0 "ourhome" f4:6d:2f:12:cc:88 rssi=-41 f=5240 sc=60 link=433 tx=19.1, 0.3, 0.0  rx=21.5 bcn=590186 [on:0 tx:0 rx:0 period:1] from screen [on:127168 period:929392] score=60
10-22 19:33:05.730  3957  4129 D WifiStateMachine: fetchRssiLinkSpeedAndFrequencyNative rssi=-41 linkspeed=433 freq=5240
10-22 19:33:05.731  3957  4129 V WifiConfigManager: Updating scan detail cache freq=5240 BSSID=f4:6d:2f:12:cc:88 RSSI=-41 for "ourhome"WPA_PSK
10-22 19:33:05.825 24447 24749 I BatteryMgr:DataCollectionService: stats => 1697995985825,-121,4160,-64,0,100
10-22 19:33:05.929 24447 24749 I BatteryMgr:DataCollectionService: stats => 1697995985929,-121,4160,-64,0,100
10-22 19:33:05.930  3957  4128 D WifiService: getConnectionInfo uid=1000
10-22 19:33:06.034 24447 24749 I BatteryMgr:DataCollectionService: stats => 1697995986034,-121,4160,-64,0,100
10-22 19:33:06.138 24447 24749 I BatteryMgr:DataCollectionService: stats => 1697995986138,-121,4160,-64,0,100
10-22 19:33:06.244 24447 24749 I BatteryMgr:DataCollectionService: stats => 1697995986244,-121,4160,-64,0,100
10-22 19:33:06.349 24447 24749 I BatteryMgr:DataCollectionService: stats => 1697995986348,-121,4160,-64,0,100
10-22 19:33:06.452 24447 24749 I BatteryMgr:DataCollectionService: stats => 1697995986452,-121,4160,-64,0,100
10-22 19:33:06.556 24447 24749 I BatteryMgr:DataCollectionService: stats => 1697995986556,-121,4160,-64,0,100
10-22 19:33:06.660 24447 24749 I BatteryMgr:DataCollectionService: stats => 1697995986660,-121,4160,-64,0,100
10-22 19:33:06.724  3957  4129 D WifiStateMachine:  ConnectedState !RSSI_PKTCNT_FETCH uid=1000 rt=602393309/1658368782 0 0 "ourhome" f4:6d:2f:12:cc:88 rssi=-41 f=5240 sc=60 link=433 tx=19.1, 0.3, 0.0  rx=21.5 bcn=590186 [on:0 tx:0 rx:0 period:1000] from screen [on:127168 period:930392] score=60
10-22 19:33:06.725  3957  4129 D WifiStateMachine:  L2ConnectedState !RSSI_PKTCNT_FETCH uid=1000 rt=602393310/1658368782 0 0 "ourhome" f4:6d:2f:12:cc:88 rssi=-41 f=5240 sc=60 link=433 tx=19.1, 0.3, 0.0  rx=21.5 bcn=590186 [on:0 tx:0 rx:0 period:1] from screen [on:127168 period:930393] score=60
10-22 19:33:06.731  3957  4129 D WifiStateMachine: fetchRssiLinkSpeedAndFrequencyNative rssi=-41 linkspeed=433 freq=5240
10-22 19:33:06.731  3957  4129 V WifiConfigManager: Updating scan detail cache freq=5240 BSSID=f4:6d:2f:12:cc:88 RSSI=-41 for "ourhome"WPA_PSK
10-22 19:33:06.764 24447 24749 I BatteryMgr:DataCollectionService: stats => 1697995986764,-121,4160,-64,0,100
10-22 19:33:06.868 24447 24749 I BatteryMgr:DataCollectionService: stats => 1697995986868,-121,4160,-64,0,100
10-22 19:33:06.931  3957  4128 D WifiService: getConnectionInfo uid=1000
10-22 19:33:06.979 24447 24749 I BatteryMgr:DataCollectionService: stats => 1697995986979,-121,4160,-64,0,100
10-22 19:33:07.039  3957  4129 D WifiStateMachine:  ConnectedState !CMD_RSSI_POLL rt=602393623/1658369095 122 0 "ourhome" f4:6d:2f:12:cc:88 rssi=-41 f=5240 sc=60 link=433 tx=19.1, 0.3, 0.0  rx=21.5 bcn=590186 [on:0 tx:0 rx:0 period:314] from screen [on:127168 period:930707] score=60
10-22 19:33:07.041  3957  4129 D WifiStateMachine:  L2ConnectedState !CMD_RSSI_POLL rt=602393625/1658369097 122 0 "ourhome" f4:6d:2f:12:cc:88 rssi=-41 f=5240 sc=60 link=433 tx=19.1, 0.3, 0.0  rx=21.5 bcn=590186 [on:0 tx:0 rx:0 period:2] from screen [on:127168 period:930709] score=60
10-22 19:33:07.041  3957  4129 D WifiStateMachine:  get link layer stats 3
10-22 19:33:07.042  3436  3436 I android.hardware.wifi@1.0-service: getLinkLayerStats
10-22 19:33:07.062  3957  4129 D WifiStateMachine: fetchRssiLinkSpeedAndFrequencyNative rssi=-41 linkspeed=433 freq=5240
10-22 19:33:07.062  3957  4129 V WifiConfigManager: Updating scan detail cache freq=5240 BSSID=f4:6d:2f:12:cc:88 RSSI=-41 for "ourhome"WPA_PSK
10-22 19:33:07.064  4340  4340 E SignalClusterView: setSlotFocusVisible : subId -2
10-22 19:33:07.064  4340  4340 E SignalClusterView: setSlotFocusVisible : subId -2
10-22 19:33:07.085 24447 24749 I BatteryMgr:DataCollectionService: stats => 1697995987085,-121,4160,-64,0,100
10-22 19:33:07.192 24447 24749 I BatteryMgr:DataCollectionService: stats => 1697995987192,-121,4160,-64,0,100
10-22 19:33:07.297 24447 24749 I BatteryMgr:DataCollectionService: stats => 1697995987297,-121,4160,-64,0,100
10-22 19:33:07.402 24447 24749 I BatteryMgr:DataCollectionService: stats => 1697995987402,-121,4160,-64,0,100
10-22 19:33:07.506 24447 24749 I BatteryMgr:DataCollectionService: stats => 1697995987506,-121,4160,-64,0,100
