10-22 20:01:00.537  3957 12007 V WindowManager: Relayout Window{273ebe7 u0 com.example.batterymanager_utility/com.example.batterymanager_utility.MainActivity}: viewVisibility=8 req=720x1280 WM.LayoutParams{(0,0)(fillxfill) sim=#120 ty=1 fl=#81810100 pfl=0x20000 wanim=0x10302fd vsysui=0x600 needsMenuKey=2 colorMode=0 naviIconColor=0}
10-22 20:01:00.539  3957  3973 D WindowManager: set systemUiVisibility : systemUiFlags= 0x608 fullscreenStackSysUiFlags= 0x0
10-22 20:01:00.540  3447  3447 I SurfaceFlinger: Display 0 HWC layers:
10-22 20:01:00.540  3447  3447 I SurfaceFlinger:     type    |    handle    | flag |  format   |   source crop (l,t,r,b)    |         frame       | name 
10-22 20:01:00.540  3447  3447 I SurfaceFlinger: ------------+--------------+------+-----------+----------------------------+---------------------+------
10-22 20:01:00.540  3447  3447 I SurfaceFlinger:      Client |              | 0000 |  Unknown  |  -0.2   -0.2   -0.8   -0.8 |    0    0  720 1280 | animation background stackId=1#0
10-22 20:01:00.540  3447  3447 I SurfaceFlinger:      Client | 0x7e9ec21c00 | 0002 | RGBA_8888 |   0.0    0.0  720.0 1280.0 |    0    0  720 1279 | com.example.batterymanager_utility/c[...]atterymanager_utility.MainActivity#0
10-22 20:01:00.540  3447  3447 I SurfaceFlinger:      Device | 0x7ea5024780 | 0000 | RGBA_8888 |   0.0    0.0  720.0   42.0 |    0    0  720   42 | StatusBar#0
10-22 20:01:00.540  3447  3447 I SurfaceFlinger: 
10-22 20:01:00.544 29588 29588 D ViewRootImpl@4470b6[MainActivity]: Relayout returned: old=[0,0][720,1280] new=[0,0][720,1280] result=0x5 surface={valid=false 0} changed=true
10-22 20:01:00.564  4340  4893 D SystemServicesProxy: updateOverviewLastStackActiveTimeAsync: newTime=1697997660437
10-22 20:01:00.565  3957  3968 D SecContentProvider: query(), uri = 17 selection = isSettingsChangesAllowed
10-22 20:01:00.566  3957  3968 D SecContentProvider: called from android.uid.systemui:10009
10-22 20:01:00.566  4340  4692 D SystemServicesProxy: updateOverviewLastStackActiveTimeAsync: done.
10-22 20:01:00.568  3957  3968 D PackageManager: getComponentMetadataForIconTray : com.example.batterymanager_utility.MainActivity does not exist in mServices
10-22 20:01:00.568  3957  3968 D PackageManager: getComponentMetadataForIconTray : com.example.batterymanager_utility.MainActivity does not exist in mProviders
10-22 20:01:00.568  3957  3968 D PackageManager: getComponentMetadataForIconTray : com.example.batterymanager_utility.MainActivity does not exist in mReceivers
10-22 20:01:00.569  4340  4893 D ApplicationPackageManager: updateItemMetaDataForFixedIconScale: package: com.example.batterymanager_utility
10-22 20:01:00.569  3957  3968 D PackageManager: getSelectedMetaData : packageName(com.example.batterymanager_utility) or Metadata strings {[Ljava.lang.String;@dc7c147}
10-22 20:01:00.570  4340  4893 I ApplicationPackageManager: load=com.example.batterymanager_utility, bg=144-144, dr=189-189, forDefault=true, density=0
10-22 20:01:00.572  4340  4893 I ApplicationPackageManager: scaled rate=0.72, size=189, alpha=54, hold=102
10-22 20:01:00.572  4340  4893 D ApplicationPackageManager: iconScale: getScale(): 0.72 getAlpha(): 54
10-22 20:01:00.573  4340  4893 I ApplicationPackageManager: load=com.example.batterymanager_utility-contain, bg=112-112, dr=189-189
10-22 20:01:00.582 29632 29632 I FirebaseApp: Device unlocked: initializing all Firebase APIs for app [DEFAULT]
10-22 20:01:00.597 29632 29632 I FirebaseInitProvider: FirebaseApp initialization successful
10-22 20:01:00.631  3957  4089 D MdnieScenarioControlService:  packageName : org.mozilla.fenix    className : org.mozilla.fenix.App
10-22 20:01:00.631  3957  4089 V MdnieScenarioControlService: setUIMode from UI function(3)
10-22 20:01:00.680 29632 29658 W linker  : "/data/app/org.mozilla.fenix-iWpGOrf8cry6RDpwHyQugA==/lib/arm64/libxul.so" unused DT entry: type 0x8000024 arg 0x539420
10-22 20:01:00.681 29632 29658 W linker  : "/data/app/org.mozilla.fenix-iWpGOrf8cry6RDpwHyQugA==/lib/arm64/libxul.so" unused DT entry: type 0x8000023 arg 0x17d68
10-22 20:01:00.681 29632 29658 W linker  : "/data/app/org.mozilla.fenix-iWpGOrf8cry6RDpwHyQugA==/lib/arm64/libxul.so" unused DT entry: type 0x8000025 arg 0x8
10-22 20:01:00.681 29632 29658 W linker  : "/data/app/org.mozilla.fenix-iWpGOrf8cry6RDpwHyQugA==/lib/arm64/libnss3.so" unused DT entry: type 0x8000024 arg 0x14998
10-22 20:01:00.681 29632 29658 W linker  : "/data/app/org.mozilla.fenix-iWpGOrf8cry6RDpwHyQugA==/lib/arm64/libnss3.so" unused DT entry: type 0x8000023 arg 0x5c8
10-22 20:01:00.682 29632 29658 W linker  : "/data/app/org.mozilla.fenix-iWpGOrf8cry6RDpwHyQugA==/lib/arm64/libnss3.so" unused DT entry: type 0x8000025 arg 0x8
10-22 20:01:00.682 29632 29658 W linker  : "/data/app/org.mozilla.fenix-iWpGOrf8cry6RDpwHyQugA==/lib/arm64/libmozglue.so" unused DT entry: type 0x8000024 arg 0x38f70
10-22 20:01:00.682 29632 29658 W linker  : "/data/app/org.mozilla.fenix-iWpGOrf8cry6RDpwHyQugA==/lib/arm64/libmozglue.so" unused DT entry: type 0x8000023 arg 0x1f8
10-22 20:01:00.682 29632 29658 W linker  : "/data/app/org.mozilla.fenix-iWpGOrf8cry6RDpwHyQugA==/lib/arm64/libmozglue.so" unused DT entry: type 0x8000025 arg 0x8
10-22 20:01:00.682 29632 29658 W linker  : "/data/app/org.mozilla.fenix-iWpGOrf8cry6RDpwHyQugA==/lib/arm64/libmozglue.so" unused DT entry: type 0x8000024 arg 0x38f70
10-22 20:01:00.682 29632 29658 W linker  : "/data/app/org.mozilla.fenix-iWpGOrf8cry6RDpwHyQugA==/lib/arm64/libmozglue.so" unused DT entry: type 0x8000023 arg 0x1f8
10-22 20:01:00.682 29632 29658 W linker  : "/data/app/org.mozilla.fenix-iWpGOrf8cry6RDpwHyQugA==/lib/arm64/libmozglue.so" unused DT entry: type 0x8000025 arg 0x8
10-22 20:01:00.682 29632 29658 W linker  : "/data/app/org.mozilla.fenix-iWpGOrf8cry6RDpwHyQugA==/lib/arm64/libmozglue.so" unused DT entry: type 0x8000024 arg 0x38f70
10-22 20:01:00.682 29632 29658 W linker  : "/data/app/org.mozilla.fenix-iWpGOrf8cry6RDpwHyQugA==/lib/arm64/libmozglue.so" unused DT entry: type 0x8000023 arg 0x1f8
10-22 20:01:00.682 29632 29658 W linker  : "/data/app/org.mozilla.fenix-iWpGOrf8cry6RDpwHyQugA==/lib/arm64/libmozglue.so" unused DT entry: type 0x8000025 arg 0x8
10-22 20:01:00.682 29632 29658 W linker  : "/data/app/org.mozilla.fenix-iWpGOrf8cry6RDpwHyQugA==/lib/arm64/libmozglue.so" unused DT entry: type 0x8000024 arg 0x38f70
10-22 20:01:00.682 29632 29658 W linker  : "/data/app/org.mozilla.fenix-iWpGOrf8cry6RDpwHyQugA==/lib/arm64/libmozglue.so" unused DT entry: type 0x8000023 arg 0x1f8
10-22 20:01:00.683 29632 29658 W linker  : "/data/app/org.mozilla.fenix-iWpGOrf8cry6RDpwHyQugA==/lib/arm64/libmozglue.so" unused DT entry: type 0x8000025 arg 0x8
10-22 20:01:00.743  3447  3447 I SurfaceFlinger: Display 0 HWC layers:
10-22 20:01:00.743  3447  3447 I SurfaceFlinger:     type    |    handle    | flag |  format   |   source crop (l,t,r,b)    |         frame       | name 
10-22 20:01:00.743  3447  3447 I SurfaceFlinger: ------------+--------------+------+-----------+----------------------------+---------------------+------
10-22 20:01:00.743  3447  3447 I SurfaceFlinger:      Client |              | 0000 |  Unknown  |  -0.2   -0.2   -0.8   -0.8 |    0    0  720 1280 | animation background stackId=1#0
10-22 20:01:00.743  3447  3447 I SurfaceFlinger:      Client | 0x7e9ec21c00 | 0002 | RGBA_8888 |   0.0    0.0  720.0 1280.0 |   16   29  703 1251 | com.example.batterymanager_utility/c[...]atterymanager_utility.MainActivity#0
10-22 20:01:00.743  3447  3447 I SurfaceFlinger:      Device | 0x7e9ecdfc40 | 0000 | RGBA_8888 |   0.0    0.0  720.0 1020.0 |   17  307  704 1280 | Splash Screen org.mozilla.fenix#0
10-22 20:01:00.743  3447  3447 I SurfaceFlinger:      Device | 0x7ea5024780 | 0000 | RGBA_8888 |   0.0    0.0  720.0   42.0 |    0    0  720   42 | StatusBar#0
10-22 20:01:00.743  3447  3447 I SurfaceFlinger: 
10-22 20:01:00.750 29632 29658 I nimbus::stateful::nimbus_client: updating experiment list
10-22 20:01:00.752 29632 29658 I nimbus::stateful::persistence: Already at version 2, no upgrade needed
10-22 20:01:00.752 29632 29658 I nimbus::stateful::nimbus_client: [Nimbus] Retrieved date from Context: 2023-09-28 18:32:20 UTC
10-22 20:01:00.752 29632 29658 I nimbus::stateful::nimbus_client: [Nimbus] Installation Date: 2023-09-28 18:32:20 UTC
10-22 20:01:00.752 29632 29658 I nimbus::stateful::nimbus_client: [Nimbus] Update Date: 2023-09-28 18:32:25.568136298 UTC
10-22 20:01:00.752 29632 29658 I nimbus::stateful::nimbus_client: [Nimbus] Days since install: 23
10-22 20:01:00.752 29632 29658 I nimbus::stateful::nimbus_client: [Nimbus] Days since update: 23
10-22 20:01:00.770 29632 29661 I GeckoThread: preparing to run Gecko
10-22 20:01:00.778  3957  9774 W StorageManager: getStorageLowBytes lowPercent : 5, lowBytes : 1260145254, maxLowBytes : 524288000
10-22 20:01:00.780  3957 12007 W StorageManager: getStorageLowBytes lowPercent : 5, lowBytes : 1260145254, maxLowBytes : 524288000
10-22 20:01:00.782  3957 12007 W StorageManager: getStorageLowBytes lowPercent : 5, lowBytes : 1260145254, maxLowBytes : 524288000
10-22 20:01:00.794 29632 29664 I libglean_ffi: glean_core::core: Creating new Glean v54.0.0
10-22 20:01:00.796 29632 29661 I GeckoLoader: Library base=/data/app/org.mozilla.fenix-iWpGOrf8cry6RDpwHyQugA==/lib/arm64
10-22 20:01:00.797 29632 29664 I libglean_ffi: glean_core::database: Database initialized
10-22 20:01:00.798 29632 29661 W Settings: Setting animator_duration_scale has moved from android.provider.Settings.System to android.provider.Settings.Global, returning read-only global URI.
10-22 20:01:00.800 29632 29661 I GeckoLoader: Library base=/data/app/org.mozilla.fenix-iWpGOrf8cry6RDpwHyQugA==/lib/arm64
10-22 20:01:00.802 29632 29664 I libglean_ffi: glean_core: Glean initialized
10-22 20:01:00.802 29632 29661 E GeckoLibLoad: Load sqlite start
10-22 20:01:00.803 29632 29664 I libglean_ffi: glean_core::event_database: Loading events for background-update
10-22 20:01:00.804 29632 29661 E GeckoLibLoad: Load sqlite done
10-22 20:01:00.804 29632 29661 I GeckoLoader: Library base=/data/app/org.mozilla.fenix-iWpGOrf8cry6RDpwHyQugA==/lib/arm64
10-22 20:01:00.804 29632 29661 E GeckoLibLoad: Load nss start
10-22 20:01:00.804 29632 29661 E GeckoLibLoad: Load nss done
10-22 20:01:00.805 29632 29661 I GeckoLoader: Library base=/data/app/org.mozilla.fenix-iWpGOrf8cry6RDpwHyQugA==/lib/arm64
10-22 20:01:00.806 29632 29661 E GeckoLibLoad: Loaded libs in 1.139423ms total, 0ms(4ms) user, 0ms(0ms) system, 0(2) faults
10-22 20:01:00.807 29632 29664 I libglean_ffi: glean_core::event_database: Loading events for events
10-22 20:01:00.807 29632 29661 W GeckoThread: zerdatime 1660042865 - runGecko
10-22 20:01:00.811 29632 29664 I libglean_ffi: glean_core::ping: Collecting events
10-22 20:01:00.813  3599  3918 D DnsProxyListener: DNSDBG::dns by name af 2
10-22 20:01:00.820 29632 29664 I libglean_ffi: glean_core::upload::directory: Processing ping at: /data/user/0/org.mozilla.fenix/glean_data/pending_pings/e3f21336-a436-45ea-a708-edac14b9efc4
10-22 20:01:00.821 29632 29664 I libglean_ffi: glean_core::metrics::ping: The ping 'events' was submitted and will be sent as soon as possible
10-22 20:01:00.825  3957 12007 D PackageManager: setEnabledSetting : userId = 0 packageName = org.mozilla.fenix cmp = androidx.work.impl.background.systemjob.SystemJobService newState = 1 callingPackage = 10169/org.mozilla.fenix
10-22 20:01:00.852 29632 29661 I Gecko:DumpUtils: Fifo watcher disabled via pref.
10-22 20:01:00.862 29632 29664 I glean/MetricsPingSched: The 'metrics' ping was already sent today, 1697997660839.
10-22 20:01:00.876 29632 29664 I libglean_ffi: glean_core::ping: Collecting baseline
10-22 20:01:00.895 29632 29632 I FenixApplication: AutoPushFeature is configured, initializing it...
10-22 20:01:00.899 29632 29632 I AbstractFirebasePushService: start
10-22 20:01:00.913 29632 29664 I libglean_ffi: glean_core::upload::directory: Processing ping at: /data/user/0/org.mozilla.fenix/glean_data/pending_pings/1bdaa6c5-b94e-43de-a22e-d498263d7aa6
10-22 20:01:00.915 29632 29664 I libglean_ffi: glean_core::metrics::ping: The ping 'baseline' was submitted and will be sent as soon as possible
10-22 20:01:00.927  3957 12007 D SamsungAlarmManager: setExact Intent (T:0/F:1/AC:false) 20331019T200100 - CU:10169/CP:29632
10-22 20:01:00.938  3957  3968 D StorageManagerService: getExternalStorageMountMode : 1
10-22 20:01:00.938  3957  3968 D StorageManagerService: getExternalStorageMountMode : 3
10-22 20:01:00.938  3957  3968 D StorageManagerService: getExternalStorageMountMode : final mountMode=1, uid : 10169, packageName : org.mozilla.fenix
10-22 20:01:00.939  3957  3968 I ApplicationPolicy: isApplicationExternalStorageWhitelisted:org.mozilla.fenix user:0
10-22 20:01:00.939  3957  3968 D ApplicationPolicy: isApplicationExternalStorageWhitelisted: DO is not enabled on user 0. Allowed.
10-22 20:01:00.939  3957  3968 D ActivityManager: package  org.mozilla.fenix, user - 0 is SDcard whitelisted
10-22 20:01:00.939  3957  3968 I ApplicationPolicy: isApplicationExternalStorageBlacklisted:org.mozilla.fenix user:0
10-22 20:01:00.939  3957  3968 D ApplicationPolicy: isApplicationExternalStorageBlacklisted: DO is not enabled on user 0. Allowed.
10-22 20:01:00.944 29632 29660 I libglean_ffi: glean_core::ping: Collecting pageload
10-22 20:01:00.950 29632 29660 I libglean_ffi: glean_core::ping: Storage for pageload empty. Bailing out.
10-22 20:01:00.950 29632 29660 I libglean_ffi: glean_core::metrics::ping: No content for ping 'pageload', therefore no ping queued.
10-22 20:01:00.957 29710 29710 E Zygote  : isWhitelistProcess - Process is Whitelisted
10-22 20:01:00.957 29632 29703 I push::internal::communications::rate_limiter: No need to reset inner timestamp and count for verify_connection.
10-22 20:01:00.959  3957  3968 I ActivityManager: Start proc 29710:org.mozilla.fenix:tab17/u0a169 for service org.mozilla.fenix/org.mozilla.gecko.process.GeckoChildProcessServices$tab17
10-22 20:01:00.959 29710 29710 E libpersona: scanKnoxPersonas
10-22 20:01:00.959 29710 29710 E libpersona: Couldn't open the File - /data/system/users/0/personalist.xml - No such file or directory
10-22 20:01:00.963 29710 29710 W SELinux : SELinux selinux_android_compute_policy_index : Policy Index[2],  Con:u:r:zygote:s0 RAM:SEPF_SM-J720F_8.0.0_0002, [-1 -1 -1 -1 0 1]
10-22 20:01:00.964 29710 29710 I SELinux : SELinux: seapp_context_lookup: seinfo=untrusted, level=s0:c512,c768, pkgname=org.mozilla.fenix:tab17 
10-22 20:01:00.970 29632 29660 I libglean_ffi: glean_core::core: Upload enabled: true
10-22 20:01:00.982 29632 29703 I push::internal::communications::rate_limiter: Not allowed: count(81) > 1 for verify_connection.
10-22 20:01:00.983  3957  4554 D ConnectivityService: filterNetworkStateForUid() uid: 10169 networkInfo: [type: WIFI[] - WIFI, state: CONNECTED/CONNECTED, reason: (unspecified), extra: "ourhome", failover: false, available: true, roaming: false, metered: false]
10-22 20:01:00.983  3957  4554 D WifiService: getConnectionInfo uid=1000
10-22 20:01:00.985 29632 29703 I AutoPushFeature: No change to subscriptions. Doing nothing.
10-22 20:01:01.004  3957  4460 D PackageManager: setEnabledSetting : userId = 0 packageName = org.mozilla.fenix cmp = androidx.work.impl.background.systemalarm.RescheduleReceiver newState = 1 callingPackage = 10169/org.mozilla.fenix
10-22 20:01:01.023 29710 29710 D TimaKeyStoreProvider: TimaKeyStore is not enabled: cannot add TimaSignature Service and generateKeyPair Service
10-22 20:01:01.023 29710 29710 D ActivityThread: Added TimaKeyStore provider
10-22 20:01:01.027  3957  4460 I ActivityManager: DSS on for org.mozilla.fenix and scale is 1.0
10-22 20:01:01.039  3957  4025 I WindowManager: Destroying surface Surface(name=com.example.batterymanager_utility/com.example.batterymanager_utility.MainActivity) called by com.android.server.wm.WindowStateAnimator.destroySurface:2501 com.android.server.wm.WindowStateAnimator.destroySurfaceLocked:985 com.android.server.wm.WindowState.destroyOrSaveSurfaceUnchecked:3670 com.android.server.wm.WindowState.destroySurface:3618 com.android.server.wm.AppWindowToken.destroySurfaces:722 com.android.server.wm.AppWindowToken.destroySurfaces:706 com.android.server.wm.WindowState.onExitAnimationDone:5316 com.android.server.wm.WindowStateAnimator.stepAnimationLocked:550 
10-22 20:01:01.039  3447  5168 I SurfaceFlinger: id=3486 Removed com.example.batterymanager_utility/com.example.batterymanager_utility.MainActivity#0 (2/5)
10-22 20:01:01.043  3447  3489 I SurfaceFlinger: id=3486 Removed com.example.batterymanager_utility/com.example.batterymanager_utility.MainActivity#0 (-2/5)
10-22 20:01:01.044  3957  4554 D ConnectivityService: filterNetworkStateForUid() uid: 10169 networkInfo: [type: WIFI[] - WIFI, state: CONNECTED/CONNECTED, reason: (unspecified), extra: "ourhome", failover: false, available: true, roaming: false, metered: false]
10-22 20:01:01.044  3957  4554 D WifiService: getConnectionInfo uid=1000
10-22 20:01:01.051  3957  4554 I chatty  : uid=1000(system) Binder:3957_5 identical 1 line
10-22 20:01:01.051  3957  4554 I chatty  : uid=1000(system) Binder:3957_5 identical 1 line
10-22 20:01:01.053  3957  4554 D ConnectivityService: filterNetworkStateForUid() uid: 10169 networkInfo: [type: WIFI[] - WIFI, state: CONNECTED/CONNECTED, reason: (unspecified), extra: "ourhome", failover: false, available: true, roaming: false, metered: false]
10-22 20:01:01.053  3957  4554 D WifiService: getConnectionInfo uid=1000
10-22 20:01:01.053  3447  3447 I Layer   : id=3486 onRemoved com.example.batterymanager_utility/com.example.batterymanager_utility.MainActivity#0 
10-22 20:01:01.056 29710 29710 I zygote64: no shared libraies, dex_files: 1
10-22 20:01:01.056  3447  3447 I SurfaceFlinger: Display 0 HWC layers:
10-22 20:01:01.056  3447  3447 I SurfaceFlinger:     type    |    handle    | flag |  format   |   source crop (l,t,r,b)    |         frame       | name 
10-22 20:01:01.056  3447  3447 I SurfaceFlinger: ------------+--------------+------+-----------+----------------------------+---------------------+------
10-22 20:01:01.056  3447  3447 I SurfaceFlinger:      Device | 0x7e9ecdfc40 | 0000 | RGBA_8888 |   0.0    0.0  720.0 1280.0 |    0    0  720 1280 | Splash Screen org.mozilla.fenix#0
10-22 20:01:01.056  3447  3447 I SurfaceFlinger:      Device | 0x7ea5024780 | 0000 | RGBA_8888 |   0.0    0.0  720.0   42.0 |    0    0  720   42 | StatusBar#0
10-22 20:01:01.056  3447  3447 I SurfaceFlinger: 
10-22 20:01:01.057 29632 29720 D ConnectivityManager: requestNetwork; CallingUid : 10169, CallingPid : 29632
10-22 20:01:01.057 29632 29643 I zygote64: Background concurrent copying GC freed 38039(2MB) AllocSpace objects, 34(792KB) LOS objects, 49% free, 2MB/5MB, paused 2.113ms total 109.832ms
10-22 20:01:01.061  3957  4460 D ConnectivityService: requestNetwork for uid/pid:10169/29632 NetworkRequest [ TRACK_DEFAULT id=2324, [ Capabilities: INTERNET&NOT_RESTRICTED&TRUSTED&NOT_VPN] ]
10-22 20:01:01.062  3957  4157 D ConnectivityService: rematching NetworkAgentInfo [WIFI () - 509]
10-22 20:01:01.062  3957  4157 D ConnectivityService:  network has: [ Transports: WIFI Capabilities: NOT_METERED&INTERNET&NOT_RESTRICTED&TRUSTED&NOT_VPN&VALIDATED&FOREGROUND LinkUpBandwidth>=1048576Kbps LinkDnBandwidth>=1048576Kbps SignalStrength: -43]
10-22 20:01:01.063  3957  4157 D ConnectivityService: Network NetworkAgentInfo [WIFI () - 509] was already satisfying request 1. No change.
10-22 20:01:01.063  3957  4157 D ConnectivityService: Network NetworkAgentInfo [WIFI () - 509] was already satisfying request 2251. No change.
10-22 20:01:01.063  3957  4157 D ConnectivityService: Network NetworkAgentInfo [WIFI () - 509] was already satisfying request 3. No change.
10-22 20:01:01.063  3957  4157 D ConnectivityService:   checking if request is satisfied: NetworkRequest [ TRACK_DEFAULT id=2324, [ Capabilities: INTERNET&NOT_RESTRICTED&TRUSTED&NOT_VPN] ]
10-22 20:01:01.063  3957  4157 D ConnectivityService: currentScore = 0, newScore = 100
10-22 20:01:01.063  3957  4157 D ConnectivityService: rematch for NetworkAgentInfo [WIFI () - 509]
10-22 20:01:01.063  3957  4157 D ConnectivityService:    accepting network in place of null
10-22 20:01:01.063  3957  4157 D ConnectivityService: sending new Min Network Score(100): NetworkRequest [ TRACK_DEFAULT id=2324, [ Capabilities: INTERNET&NOT_RESTRICTED&TRUSTED&NOT_VPN] ]
10-22 20:01:01.063  3957  4313 D Ethernet: got request NetworkRequest [ TRACK_DEFAULT id=2324, [ Capabilities: INTERNET&NOT_RESTRICTED&TRUSTED&NOT_VPN] ] with score 100
10-22 20:01:01.063  3957  4313 D Ethernet:   my score=-1, my filter=[ Transports: ETHERNET Capabilities: INTERNET&NOT_RESTRICTED&TRUSTED&NOT_VPN LinkUpBandwidth>=100000Kbps LinkDnBandwidth>=100000Kbps]
10-22 20:01:01.063  3957  4313 D Ethernet: evalRequest
10-22 20:01:01.063  3957  4313 D Ethernet:   done
10-22 20:01:01.064  3957  4129 D WIFI    : got request NetworkRequest [ TRACK_DEFAULT id=2324, [ Capabilities: INTERNET&NOT_RESTRICTED&TRUSTED&NOT_VPN] ] with score 100
10-22 20:01:01.064  4616  4616 D PhoneSwitcherNetworkRequstListener: got request NetworkRequest [ TRACK_DEFAULT id=2324, [ Capabilities: INTERNET&NOT_RESTRICTED&TRUSTED&NOT_VPN] ] with score 100
10-22 20:01:01.064  3957  4153 D WIFI_P2P: got request NetworkRequest [ TRACK_DEFAULT id=2324, [ Capabilities: INTERNET&NOT_RESTRICTED&TRUSTED&NOT_VPN] ] with score 100
10-22 20:01:01.064  3957  4157 D ConnectivityService: MultiNetwork Request(TransportType - Wi-Fi request). Internet Capability doesn't required (false)
10-22 20:01:01.064  3957  4153 D WIFI_P2P:   my score=60, my filter=[ Transports: WIFI Capabilities: WIFI_P2P&NOT_RESTRICTED&TRUSTED&NOT_VPN LinkUpBandwidth>=1048576Kbps LinkDnBandwidth>=1048576Kbps]
10-22 20:01:01.064  3957  4129 D WIFI    :   my score=60, my filter=[ Transports: WIFI Capabilities: NOT_METERED&INTERNET&NOT_RESTRICTED&TRUSTED&NOT_VPN LinkUpBandwidth>=1048576Kbps LinkDnBandwidth>=1048576Kbps]
10-22 20:01:01.064  3957  4153 D WIFI_P2P: evalRequest
10-22 20:01:01.064  3957  4129 D WIFI    : evalRequest
10-22 20:01:01.064  3957  4153 D WIFI_P2P:   done
10-22 20:01:01.064  3957  4129 D WIFI    :   done
10-22 20:01:01.064  3957  4157 D ConnectivityService: sending notification AVAILABLE for NetworkRequest [ TRACK_DEFAULT id=2324, [ Capabilities: INTERNET&NOT_RESTRICTED&TRUSTED&NOT_VPN] ]
10-22 20:01:01.064  3957  4129 D WIFI_UT : got request NetworkRequest [ TRACK_DEFAULT id=2324, [ Capabilities: INTERNET&NOT_RESTRICTED&TRUSTED&NOT_VPN] ] with score 100
10-22 20:01:01.064  3957  4129 D WIFI_UT :   my score=2147483647, my filter=[ Transports: WIFI Capabilities: NOT_METERED&INTERNET&NOT_RESTRICTED&TRUSTED&NOT_VPN LinkUpBandwidth>=1048576Kbps LinkDnBandwidth>=1048576Kbps]
10-22 20:01:01.064  3957  4129 D WIFI_UT : evalRequest
10-22 20:01:01.064  3957  4129 D WIFI_UT :   needNetworkFor
10-22 20:01:01.064  4616  4616 D PhoneSwitcherNetworkRequstListener:   my score=101, my filter=[ Transports: CELLULAR Capabilities: MMS&SUPL&DUN&FOTA&IMS&CBS&IA&RCS&XCAP&EIMS&INTERNET&NOT_RESTRICTED&TRUSTED&NOT_VPN&ENT1 Specifier: <android.net.MatchAllNetworkSpecifier@0>]
10-22 20:01:01.064  4616  4616 D PhoneSwitcherNetworkRequstListener: evalRequest
10-22 20:01:01.064  4616  4616 D PhoneSwitcherNetworkRequstListener:   needNetworkFor
10-22 20:01:01.065  3957  4157 D ConnectivityService: sending notification CAP_CHANGED for NetworkRequest [ TRACK_DEFAULT id=2324, [ Capabilities: INTERNET&NOT_RESTRICTED&TRUSTED&NOT_VPN] ]
10-22 20:01:01.065  3957  4157 D ConnectivityService: sending notification IP_CHANGED for NetworkRequest [ TRACK_DEFAULT id=2324, [ Capabilities: INTERNET&NOT_RESTRICTED&TRUSTED&NOT_VPN] ]
10-22 20:01:01.067  3957  4460 D ConnectivityService: filterNetworkStateForUid() uid: 10169 networkInfo: [type: WIFI[] - WIFI, state: CONNECTED/CONNECTED, reason: (unspecified), extra: "ourhome", failover: false, available: true, roaming: false, metered: false]
10-22 20:01:01.068  3957  4460 D WifiService: getConnectionInfo uid=1000
10-22 20:01:01.071  3957  4460 D ConnectivityService: filterNetworkStateForUid() uid: 10169 networkInfo: [type: WIFI[] - WIFI, state: CONNECTED/CONNECTED, reason: (unspecified), extra: "ourhome", failover: false, available: true, roaming: false, metered: false]
10-22 20:01:01.071  3957  4460 D WifiService: getConnectionInfo uid=1000
10-22 20:01:01.087 29632 29632 I NavController: Ignoring popBackStack to destination org.mozilla.fenix:id/browserFragment as it was not found on the current back stack
10-22 20:01:01.102 29632 29632 I ContileTopSitesUpdater: Started periodic work to update Contile top sites
10-22 20:01:01.105  3957  4129 D WifiStateMachine:  ConnectedState !RSSI_PKTCNT_FETCH uid=1000 rt=604067690/1660043163 0 0 "ourhome" f4:6d:2f:12:cc:88 rssi=-45 f=5240 sc=60 link=433 tx=2.6, 0.0, 0.0  rx=5.5 bcn=605434 [on:0 tx:0 rx:0 period:806] from screen [on:427449 period:2604773] score=60
10-22 20:01:01.106  3957  4129 D WifiStateMachine:  L2ConnectedState !RSSI_PKTCNT_FETCH uid=1000 rt=604067691/1660043164 0 0 "ourhome" f4:6d:2f:12:cc:88 rssi=-45 f=5240 sc=60 link=433 tx=2.6, 0.0, 0.0  rx=5.5 bcn=605434 [on:0 tx:0 rx:0 period:1] from screen [on:427449 period:2604774] score=60
10-22 20:01:01.112  3957  4129 D WifiStateMachine: fetchRssiLinkSpeedAndFrequencyNative rssi=-45 linkspeed=433 freq=5240
10-22 20:01:01.112  3957  4129 V WifiConfigManager: Updating scan detail cache freq=5240 BSSID=f4:6d:2f:12:cc:88 RSSI=-44 for "ourhome"WPA_PSK
10-22 20:01:01.127  3328  3328 W keymaster2_mdfpp: entered get_key_characteristics function.
10-22 20:01:01.129  3328  3328 W keymaster_tee: [WRN]KEY_PARAMS: AES ENC DEC GCM PADNO AUTH SIZE:256 
10-22 20:01:01.129  3328  3328 W keymaster_tee: [WRN]KEY_PARAMS: 20230928203226 
10-22 20:01:01.129  3328  3328 W keymaster2_mdfpp: exit get_key_characteristics function, returned 0
10-22 20:01:01.134  3328  3328 W keymaster2_mdfpp: entered get_key_characteristics function.
10-22 20:01:01.135  3328  3328 W keymaster_tee: [WRN]KEY_PARAMS: AES ENC DEC GCM PADNO AUTH SIZE:256 
10-22 20:01:01.135  3328  3328 W keymaster_tee: [WRN]KEY_PARAMS: 20230928203226 
10-22 20:01:01.135  3328  3328 W keymaster2_mdfpp: exit get_key_characteristics function, returned 0
10-22 20:01:01.138  3328  3328 W keymaster2_mdfpp: entered get_key_characteristics function.
10-22 20:01:01.139  3328  3328 W keymaster_tee: [WRN]KEY_PARAMS: AES ENC DEC GCM PADNO AUTH SIZE:256 
10-22 20:01:01.140  3328  3328 W keymaster_tee: [WRN]KEY_PARAMS: 20230928203226 
10-22 20:01:01.140  3328  3328 W keymaster2_mdfpp: exit get_key_characteristics function, returned 0
10-22 20:01:01.140 29710 29710 I ServiceChildProcess: onCreate
10-22 20:01:01.142 29710 29740 I GeckoThread: preparing to run Gecko
10-22 20:01:01.145  3328  3328 W keymaster2_mdfpp: entered get_key_characteristics function.
10-22 20:01:01.146  3328  3328 W keymaster_tee: [WRN]KEY_PARAMS: AES ENC DEC GCM PADNO AUTH SIZE:256 
10-22 20:01:01.146  3328  3328 W keymaster_tee: [WRN]KEY_PARAMS: 20230928203226 
10-22 20:01:01.146  3328  3328 W keymaster2_mdfpp: exit get_key_characteristics function, returned 0
10-22 20:01:01.147  3328  3328 W keymaster2_mdfpp: entered begin function.
10-22 20:01:01.147  3957  4324 I OpenGLRenderer: Initialized EGL, version 1.4
10-22 20:01:01.147  3957  4324 D OpenGLRenderer: Swap behavior 2
10-22 20:01:01.151  3328  3328 W keymaster2_mdfpp: exit begin function, returned 0
10-22 20:01:01.153  3328  3328 W keymaster2_mdfpp: entered update function.
10-22 20:01:01.154  3328  3328 W keymaster2_mdfpp: exit update function, returned 0
10-22 20:01:01.155  3328  3328 W keymaster2_mdfpp: entered finish function.
10-22 20:01:01.156  3328  3328 W keymaster2_mdfpp: exit finish function, returned 0
10-22 20:01:01.157  3589  3589 W keystore: ENTER remove operation from uid 10169
10-22 20:01:01.178 29632 29684 W logins::schema: user_version: 2
10-22 20:01:01.182 29632 29632 W GeckoViewActivityContextDelegate: A non-activity context was set.
10-22 20:01:01.194  3957  4554 D ConnectivityService: filterNetworkStateForUid() uid: 10169 networkInfo: [type: WIFI[] - WIFI, state: CONNECTED/CONNECTED, reason: (unspecified), extra: "ourhome", failover: false, available: true, roaming: false, metered: false]
10-22 20:01:01.194  3957  4554 D WifiService: getConnectionInfo uid=1000
10-22 20:01:01.195  3957  4554 I chatty  : uid=1000(system) Binder:3957_5 identical 1 line
10-22 20:01:01.195  3957  4554 I chatty  : uid=1000(system) Binder:3957_5 identical 1 line
10-22 20:01:01.197  3957  4554 D ConnectivityService: filterNetworkStateForUid() uid: 10169 networkInfo: [type: WIFI[] - WIFI, state: CONNECTED/CONNECTED, reason: (unspecified), extra: "ourhome", failover: false, available: true, roaming: false, metered: false]
10-22 20:01:01.198  3957  4554 D WifiService: getConnectionInfo uid=1000
10-22 20:01:01.212 29632 29632 I BgSyncManager: Periodic syncing enabled: PeriodicSyncConfig(periodMinutes=240, initialDelayMinutes=5)
10-22 20:01:01.212 29632 29632 I FirefoxAccountStateMachine: Sync is enabled
10-22 20:01:01.222 29632 29672 I StartupTypeTelemetry: Recorded start up: cold_main
10-22 20:01:01.222  3957  4128 D WifiService: getConnectionInfo uid=1000
10-22 20:01:01.234 29632 29764 D OpenGLRenderer: HWUI GL Pipeline
10-22 20:01:01.240 29632 29632 D ViewRootImpl@1786449[App]: setView = DecorView@847214e[App] TM=true MM=false
10-22 20:01:01.241  3957  4554 D ActivityManager: post active user change for 0 fullscreen true isHomeActivity() false
10-22 20:01:01.241 29632 29632 I Choreographer: Skipped 37 frames!  The application may be doing too much work on its main thread.
10-22 20:01:01.245 29632 29632 D ViewRootImpl@1786449[App]: dispatchAttachedToWindow
10-22 20:01:01.253  3957  9774 V WindowManager: Relayout Window{8af6f27 u0 org.mozilla.fenix/org.mozilla.fenix.App}: viewVisibility=0 req=719x1237 WM.LayoutParams{(0,0)(fillxfill) sim=#110 ty=1 fl=#81010100 pfl=0x20000 wanim=0x7f1404fa vsysui=0x2610 needsMenuKey=2 colorMode=0 naviIconColor=0}
10-22 20:01:01.256 29632 29661 W ResourceType: Too many attribute references, stopped at: 0x01010099
10-22 20:01:01.257  3447  3447 I SurfaceFlinger: id=3488 createSurf (720x1280),1 flag=404, org.mozilla.fenix/org.mozilla.fenix.App#0
10-22 20:01:01.258  3957  9774 V Surface : sf_framedrop debug : 0x4f4c, game : false, logging : 0
10-22 20:01:01.259  3957  3973 D WindowManager: set systemUiVisibility : systemUiFlags= 0x2608 fullscreenStackSysUiFlags= 0x0
10-22 20:01:01.263  3957  9774 D InputDispatcher: Focus entered window: 29632
10-22 20:01:01.264  3957  4554 D WindowManager: adjustSystemUiVisibilityLw : vis= 0x2608
10-22 20:01:01.264 29632 29632 V Surface : sf_framedrop debug : 0x4f4c, game : false, logging : 0
10-22 20:01:01.265 29632 29632 D ViewRootImpl@1786449[App]: Relayout returned: old=[0,0][0,0] new=[0,0][720,1280] result=0x7 surface={valid=true 499295039488} changed=true
10-22 20:01:01.267 29632 29764 I OpenGLRenderer: Initialized EGL, version 1.4
10-22 20:01:01.267 29632 29764 D OpenGLRenderer: Swap behavior 2
10-22 20:01:01.272 29632 29764 D libGLESv1: STS_GLApi : DTS, ODTC are not allowed for Package : org.mozilla.fenix
10-22 20:01:01.273  3447  3447 I SurfaceFlinger: id=3489 createSurf (720x1238),1 flag=4, SurfaceView - org.mozilla.fenix/org.mozilla.fenix.App@baaf075@0#0
10-22 20:01:01.273 29632 29764 D mali_winsys: EGLint new_window_surface(egl_winsys_display *, void *, EGLSurface, EGLConfig, egl_winsys_surface **, egl_color_buffer_format *, EGLBoolean) returns 0x3000,  [720x1280]-format:1
10-22 20:01:01.273 29632 29764 D OpenGLRenderer: eglCreateWindowSurface = 0x743bfbaec0
10-22 20:01:01.273  3447  3447 I SurfaceFlinger: id=3490 createSurf (720x1238),-1 flag=20004, Background for - SurfaceView - org.mozilla.fenix/org.mozilla.fenix.App@baaf075@0#0
10-22 20:01:01.275 29632 29632 D SurfaceView: BG hide() Surface(name=Background for - SurfaceView - org.mozilla.fenix/org.mozilla.fenix.App@baaf075@0) false true org.mozilla.gecko.MagnifiableSurfaceView{baaf075 V.E...... ......ID 0,0-720,1238}
10-22 20:01:01.287 29632 29632 V Surface : sf_framedrop debug : 0x4f4c, game : false, logging : 0
10-22 20:01:01.287 29632 29632 D SurfaceView: surfaceCreated 1 org.mozilla.gecko.MagnifiableSurfaceView{baaf075 V.E...... ......ID 0,0-720,1238}
10-22 20:01:01.287 29632 29632 D SurfaceView: surfaceChanged (720,1238) 1 org.mozilla.gecko.MagnifiableSurfaceView{baaf075 V.E...... ......ID 0,0-720,1238}
10-22 20:01:01.288  3957  4554 D StorageManagerService: getExternalStorageMountMode : 1
10-22 20:01:01.289  3957  4554 D StorageManagerService: getExternalStorageMountMode : 3
10-22 20:01:01.289  3957  4554 D StorageManagerService: getExternalStorageMountMode : final mountMode=1, uid : 10169, packageName : org.mozilla.fenix
10-22 20:01:01.290  3957  4554 I ApplicationPolicy: isApplicationExternalStorageWhitelisted:org.mozilla.fenix user:0
10-22 20:01:01.290  3957  4554 D ApplicationPolicy: isApplicationExternalStorageWhitelisted: DO is not enabled on user 0. Allowed.
10-22 20:01:01.290  3957  4554 D ActivityManager: package  org.mozilla.fenix, user - 0 is SDcard whitelisted
10-22 20:01:01.290  3957  4554 I ApplicationPolicy: isApplicationExternalStorageBlacklisted:org.mozilla.fenix user:0
10-22 20:01:01.290  3957  4554 D ApplicationPolicy: isApplicationExternalStorageBlacklisted: DO is not enabled on user 0. Allowed.
10-22 20:01:01.306  3957  4554 I ActivityManager: Start proc 29783:org.mozilla.fenix:gpu/u0a169 for service org.mozilla.fenix/org.mozilla.gecko.process.GeckoChildProcessServices$gpu
10-22 20:01:01.307 29783 29783 E Zygote  : isWhitelistProcess - Process is Whitelisted
10-22 20:01:01.308 29783 29783 E libpersona: scanKnoxPersonas
10-22 20:01:01.308 29783 29783 E libpersona: Couldn't open the File - /data/system/users/0/personalist.xml - No such file or directory
10-22 20:01:01.308 29632 29661 W linker  : "/data/app/org.mozilla.fenix-iWpGOrf8cry6RDpwHyQugA==/lib/arm64/libsoftokn3.so" unused DT entry: type 0x8000024 arg 0x2580
10-22 20:01:01.308 29632 29661 W linker  : "/data/app/org.mozilla.fenix-iWpGOrf8cry6RDpwHyQugA==/lib/arm64/libsoftokn3.so" unused DT entry: type 0x8000023 arg 0x70
10-22 20:01:01.308 29632 29661 W linker  : "/data/app/org.mozilla.fenix-iWpGOrf8cry6RDpwHyQugA==/lib/arm64/libsoftokn3.so" unused DT entry: type 0x8000025 arg 0x8
10-22 20:01:01.309 29783 29783 W SELinux : SELinux selinux_android_compute_policy_index : Policy Index[2],  Con:u:r:zygote:s0 RAM:SEPF_SM-J720F_8.0.0_0002, [-1 -1 -1 -1 0 1]
10-22 20:01:01.310 29783 29783 I SELinux : SELinux: seapp_context_lookup: seinfo=untrusted, level=s0:c512,c768, pkgname=org.mozilla.fenix:gpu 
10-22 20:01:01.314 29632 29661 W linker  : "/data/app/org.mozilla.fenix-iWpGOrf8cry6RDpwHyQugA==/lib/arm64/libfreebl3.so" unused DT entry: type 0x8000024 arg 0xe78
10-22 20:01:01.314 29632 29661 W linker  : "/data/app/org.mozilla.fenix-iWpGOrf8cry6RDpwHyQugA==/lib/arm64/libfreebl3.so" unused DT entry: type 0x8000023 arg 0x68
10-22 20:01:01.314 29632 29661 W linker  : "/data/app/org.mozilla.fenix-iWpGOrf8cry6RDpwHyQugA==/lib/arm64/libfreebl3.so" unused DT entry: type 0x8000025 arg 0x8
10-22 20:01:01.330 29783 29783 D TimaKeyStoreProvider: TimaKeyStore is not enabled: cannot add TimaSignature Service and generateKeyPair Service
10-22 20:01:01.330 29783 29783 D ActivityThread: Added TimaKeyStore provider
10-22 20:01:01.332  3957  4554 I ActivityManager: DSS on for org.mozilla.fenix and scale is 1.0
10-22 20:01:01.334 29632 29751 W linker  : "/data/app/org.mozilla.fenix-iWpGOrf8cry6RDpwHyQugA==/lib/arm64/libnssckbi.so" unused DT entry: type 0x8000024 arg 0xc08
10-22 20:01:01.334 29632 29751 W linker  : "/data/app/org.mozilla.fenix-iWpGOrf8cry6RDpwHyQugA==/lib/arm64/libnssckbi.so" unused DT entry: type 0x8000023 arg 0x258
10-22 20:01:01.334 29632 29751 W linker  : "/data/app/org.mozilla.fenix-iWpGOrf8cry6RDpwHyQugA==/lib/arm64/libnssckbi.so" unused DT entry: type 0x8000025 arg 0x8
10-22 20:01:01.337  3957  4554 D ConnectivityService: filterNetworkStateForUid() uid: 10169 networkInfo: [type: WIFI[] - WIFI, state: CONNECTED/CONNECTED, reason: (unspecified), extra: "ourhome", failover: false, available: true, roaming: false, metered: false]
10-22 20:01:01.338  3957  4554 D WifiService: getConnectionInfo uid=1000
10-22 20:01:01.340  3957  9774 D ConnectivityService: filterNetworkStateForUid() uid: 10169 networkInfo: [type: WIFI[] - WIFI, state: CONNECTED/CONNECTED, reason: (unspecified), extra: "ourhome", failover: false, available: true, roaming: false, metered: false]
10-22 20:01:01.340  3957  9774 D WifiService: getConnectionInfo uid=1000
10-22 20:01:01.347 29783 29783 I zygote64: no shared libraies, dex_files: 1
10-22 20:01:01.355 29632 29660 I libglean_ffi: glean_core::ping: Collecting baseline
10-22 20:01:01.362  3957  4554 D ConnectivityService: filterNetworkStateForUid() uid: 10169 networkInfo: [type: WIFI[] - WIFI, state: CONNECTED/CONNECTED, reason: (unspecified), extra: "ourhome", failover: false, available: true, roaming: false, metered: false]
10-22 20:01:01.362  3957  4554 D WifiService: getConnectionInfo uid=1000
10-22 20:01:01.363  3957  4554 D ConnectivityService: filterNetworkStateForUid() uid: 10169 networkInfo: [type: WIFI[] - WIFI, state: CONNECTED/CONNECTED, reason: (unspecified), extra: "ourhome", failover: false, available: true, roaming: false, metered: false]
10-22 20:01:01.363  3957  4554 D WifiService: getConnectionInfo uid=1000
10-22 20:01:01.364  3957  9774 D ConnectivityService: filterNetworkStateForUid() uid: 10169 networkInfo: [type: WIFI[] - WIFI, state: CONNECTED/CONNECTED, reason: (unspecified), extra: "ourhome", failover: false, available: true, roaming: false, metered: false]
10-22 20:01:01.364  3957  9774 D WifiService: getConnectionInfo uid=1000
10-22 20:01:01.369 29632 29798 I FirefoxAccountStateMachine: Processing event 'mozilla.components.service.fxa.manager.Event$Account$Start@d61c0f8' for state Idle(accountState=NotAuthenticated). Next state is Active(progressState=Initializing)
10-22 20:01:01.370  3957  4460 V WindowManager: Relayout Window{8af6f27 u0 org.mozilla.fenix/org.mozilla.fenix.App}: viewVisibility=0 req=720x1280 WM.LayoutParams{(0,0)(fillxfill) sim=#110 ty=1 fl=#81010100 pfl=0x20000 fmt=-3 wanim=0x7f1404fa vsysui=0x2610 needsMenuKey=2 colorMode=0 naviIconColor=0}
10-22 20:01:01.376 29632 29632 D ViewRootImpl@1786449[App]: Relayout returned: old=[0,0][720,1280] new=[0,0][720,1280] result=0x3 surface={valid=true 499295039488} changed=false
10-22 20:01:01.377 29632 29660 I libglean_ffi: glean_core::upload::directory: Processing ping at: /data/user/0/org.mozilla.fenix/glean_data/pending_pings/f6a9ca70-455c-4da2-8007-c9496104cb8a
10-22 20:01:01.381 29632 29660 I libglean_ffi: glean_core::metrics::ping: The ping 'baseline' was submitted and will be sent as soon as possible
10-22 20:01:01.388  3328  3328 W keymaster2_mdfpp: entered get_key_characteristics function.
10-22 20:01:01.389  3328  3328 W keymaster_tee: [WRN]KEY_PARAMS: AES ENC DEC GCM PADNO AUTH SIZE:256 
10-22 20:01:01.390  3328  3328 W keymaster_tee: [WRN]KEY_PARAMS: 20230928203226 
10-22 20:01:01.390  3328  3328 W keymaster2_mdfpp: exit get_key_characteristics function, returned 0
10-22 20:01:01.396  3328  3328 W keymaster2_mdfpp: entered get_key_characteristics function.
10-22 20:01:01.397  3328  3328 W keymaster_tee: [WRN]KEY_PARAMS: AES ENC DEC GCM PADNO AUTH SIZE:256 
10-22 20:01:01.397  3328  3328 W keymaster_tee: [WRN]KEY_PARAMS: 20230928203226 
10-22 20:01:01.397  3328  3328 W keymaster2_mdfpp: exit get_key_characteristics function, returned 0
10-22 20:01:01.401  3599  3918 D DnsProxyListener: DNSDBG::dns addrinfo af 0
10-22 20:01:01.407  3599  3918 I chatty  : uid=0(root) /system/bin/netd identical 3 lines
10-22 20:01:01.408  3599  3918 D DnsProxyListener: DNSDBG::dns addrinfo af 0
10-22 20:01:01.411  3599  3918 D DnsProxyListener: DNSDBG::dns addrinfo af 2
10-22 20:01:01.411  3599  3918 D DnsProxyListener: DNSDBG::dns addrinfo af 0
10-22 20:01:01.417  3599  3918 I chatty  : uid=0(root) /system/bin/netd identical 1 line
10-22 20:01:01.428  3599  3918 D DnsProxyListener: DNSDBG::dns addrinfo af 0
10-22 20:01:01.434 29632 29798 I FirefoxAccount: Registering persistence callback
10-22 20:01:01.434 29632 29798 I FirefoxAccountStateMachine: Ran 'mozilla.components.service.fxa.manager.Event$Account$Start@d61c0f8' side-effects for state Active(progressState=Initializing), got successive event mozilla.components.service.fxa.manager.Event$Progress$AccountNotFound@e10246c
10-22 20:01:01.434 29632 29798 I FirefoxAccountStateMachine: Processing event 'mozilla.components.service.fxa.manager.Event$Progress$AccountNotFound@e10246c' for state Active(progressState=Initializing). Next state is Idle(accountState=NotAuthenticated)
10-22 20:01:01.437  3957  4554 V WindowManager: finishDrawingLocked: mDrawState=COMMIT_DRAW_PENDING Window{8af6f27 u0 org.mozilla.fenix/org.mozilla.fenix.App} in Surface(name=org.mozilla.fenix/org.mozilla.fenix.App)
10-22 20:01:01.438 29632 29632 D ViewRootImpl@1786449[App]: MSG_RESIZED_REPORT: frame=Rect(0, 0 - 720, 1280) ci=Rect(0, 42 - 0, 0) vi=Rect(0, 42 - 0, 0) or=1
10-22 20:01:01.438 29632 29632 D ViewRootImpl@1786449[App]: MSG_WINDOW_FOCUS_CHANGED 1
10-22 20:01:01.440 29783 29783 I ServiceChildProcess: onCreate
10-22 20:01:01.442 29783 29828 I GeckoThread: preparing to run Gecko
10-22 20:01:01.443  3957  4025 D ViewRootImpl@a33fdae[fenix]: dispatchDetachedFromWindow
10-22 20:01:01.443  3957  4025 D InputEventReceiver: channel '202374f Splash Screen org.mozilla.fenix (client)' ~ Disposing input event receiver.
10-22 20:01:01.443  3957  4025 D InputEventReceiver: channel '202374f Splash Screen org.mozilla.fenix (client)' ~NativeInputEventReceiver.
10-22 20:01:01.446  3957  3973 D WindowManager: set systemUiVisibility : systemUiFlags= 0x2618 fullscreenStackSysUiFlags= 0x0
10-22 20:01:01.447  3957  3968 D WindowManager: adjustSystemUiVisibilityLw : vis= 0x2618
10-22 20:01:01.449  3957  3981 I ActivityManager: Displayed org.mozilla.fenix/.App: +999ms
10-22 20:01:01.450  3957  3981 D CustomFrequencyManagerService: acquireDVFSLockLocked : type : DVFS_MIN_LIMIT  frequency : 1560000  uid : 1000  pid : 3957  pkgName : AMS_RESUME_TAIL@CPU_MIN@58
10-22 20:01:01.450  3957  3981 D ActivityManagerPerformance: AMP_acquire() TAIL
10-22 20:01:01.451  3957  3981 D CustomFrequencyManagerService: releaseDVFSLockLocked : Getting Lock type frm List : DVFS_MIN_LIMIT  frequency : 1560000  uid : 1000  pid : 3957  tag : AMS_APP_SWITCH@CPU_MIN@52
10-22 20:01:01.451 29632 29632 V InputMethodManager: Starting input: tba=android.view.inputmethod.EditorInfo@f809a35 nm : org.mozilla.fenix ic=null
10-22 20:01:01.451  3957  3981 D ActivityManagerPerformance: AMP_release() APP_SWITCH
10-22 20:01:01.451 29632 29632 I InputMethodManager: startInputInner - mService.startInputOrWindowGainedFocus
10-22 20:01:01.451  3957  3968 D InputMethodManagerService: startInputOrWindowGainedFocus : windowGainedFocus 
10-22 20:01:01.452  3957  3968 D InputMethodManagerService: windowGainedFocus: destinationUserId (getCallingUid) = 0
10-22 20:01:01.452  3957  3968 D InputMethodManagerService: windowGainedFocus: currentUserId=0
10-22 20:01:01.452  3957  3968 D InputMethodManagerService: windowGainedFocus: mCurrentFocusedUserId=0
10-22 20:01:01.452  3957  3968 D InputMethodManagerService: windowGainedFocus : lock - currentUserId = 0 destinationUserId = 0
10-22 20:01:01.452  3957  3968 D InputMethodManagerService: windowGainedFocus : mCurrentFocusedUserId - 0 and mSecureKeypadEnabled - false, userSwitched - false
10-22 20:01:01.452  3957  3968 V InputMethodManagerService: windowGainedFocus : reason=WINDOW_FOCUS_GAIN client=android.os.BinderProxy@d0c8441 inputContext=null missingMethods= attribute=android.view.inputmethod.EditorInfo@253fc96 nm = org.mozilla.fenix controlFlags=#104 softInputMode=#110 windowFlags=#81010100
10-22 20:01:01.452  3957  3968 V InputMethodManagerService: hideCurrentInputLocked : shouldHideSoftInput is false
10-22 20:01:01.452  3957  3968 D InputMethodManagerService: isImeSwitcherDisabledPackage : false
10-22 20:01:01.453  3957  3968 V InputMethodManagerService: Creating new session for client ClientState{6bc7017 uid 10169 pid 29632}
10-22 20:01:01.455  3957  4554 D ConnectivityService: filterNetworkStateForUid() uid: 10169 networkInfo: [type: WIFI[] - WIFI, state: CONNECTED/CONNECTED, reason: (unspecified), extra: "ourhome", failover: false, available: true, roaming: false, metered: false]
10-22 20:01:01.455  3957  4554 D WifiService: getConnectionInfo uid=1000
10-22 20:01:01.455  3957  3968 D InputMethodManagerService: setCurrentInputInfo - inputContext : null eidtorInfo : android.view.inputmethod.EditorInfo@253fc96 missingMethods : 0
10-22 20:01:01.456  3957  4554 I chatty  : uid=1000(system) Binder:3957_5 identical 1 line
10-22 20:01:01.456  3957  4554 D WifiService: getConnectionInfo uid=1000
10-22 20:01:01.457  3957  4554 D ConnectivityService: filterNetworkStateForUid() uid: 10169 networkInfo: [type: WIFI[] - WIFI, state: CONNECTED/CONNECTED, reason: (unspecified), extra: "ourhome", failover: false, available: true, roaming: false, metered: false]
10-22 20:01:01.457  3957  4554 D WifiService: getConnectionInfo uid=1000
10-22 20:01:01.458  3957  3973 D WindowManager: set systemUiVisibility : systemUiFlags= 0x2618 fullscreenStackSysUiFlags= 0x2000
10-22 20:01:01.459  8846  8846 I InputMethodWrapper:  call dispatchStartInputWithToken
10-22 20:01:01.459  8846  8846 I InputMethodService: dispatchStartInputWithToken
10-22 20:01:01.460  8846  8846 I SKBD    : SamsungKeypad [IMI] onStartInput - caller pid : 29632, caller uid : 10169
10-22 20:01:01.461 29632 29830 I libglean_ffi: glean_core::upload: New upload task with id e3f21336-a436-45ea-a708-edac14b9efc4 (path: /submit/org-mozilla-fenix/events/1/e3f21336-a436-45ea-a708-edac14b9efc4)
10-22 20:01:01.473 29632 29632 V InputMethodManager: Starting input: tba=android.view.inputmethod.EditorInfo@621595d nm : org.mozilla.fenix ic=null
10-22 20:01:01.474  3957  4460 D ConnectivityService: filterNetworkStateForUid() uid: 10169 networkInfo: [type: WIFI[] - WIFI, state: CONNECTED/CONNECTED, reason: (unspecified), extra: "ourhome", failover: false, available: true, roaming: false, metered: false]
10-22 20:01:01.474  3957  4460 D WifiService: getConnectionInfo uid=1000
10-22 20:01:01.475  3957  4460 I chatty  : uid=1000(system) Binder:3957_4 identical 1 line
10-22 20:01:01.475 29783 29828 W linker  : "/data/app/org.mozilla.fenix-iWpGOrf8cry6RDpwHyQugA==/lib/arm64/libmozglue.so" unused DT entry: type 0x8000024 arg 0x38f70
10-22 20:01:01.475 29783 29828 W linker  : "/data/app/org.mozilla.fenix-iWpGOrf8cry6RDpwHyQugA==/lib/arm64/libmozglue.so" unused DT entry: type 0x8000023 arg 0x1f8
10-22 20:01:01.475  3957  4460 D WifiService: getConnectionInfo uid=1000
10-22 20:01:01.475 29783 29828 W linker  : "/data/app/org.mozilla.fenix-iWpGOrf8cry6RDpwHyQugA==/lib/arm64/libmozglue.so" unused DT entry: type 0x8000025 arg 0x8
10-22 20:01:01.476  3957  4460 D ConnectivityService: filterNetworkStateForUid() uid: 10169 networkInfo: [type: WIFI[] - WIFI, state: CONNECTED/CONNECTED, reason: (unspecified), extra: "ourhome", failover: false, available: true, roaming: false, metered: false]
10-22 20:01:01.476  3957  4460 D WifiService: getConnectionInfo uid=1000
10-22 20:01:01.477 29783 29828 I GeckoLoader: Library base=/data/app/org.mozilla.fenix-iWpGOrf8cry6RDpwHyQugA==/lib/arm64
10-22 20:01:01.477 29783 29828 I GeckoLoader: Library base=/data/app/org.mozilla.fenix-iWpGOrf8cry6RDpwHyQugA==/lib/arm64
10-22 20:01:01.480 29783 29828 E GeckoLibLoad: Load sqlite start
10-22 20:01:01.481 29783 29828 W linker  : "/data/app/org.mozilla.fenix-iWpGOrf8cry6RDpwHyQugA==/lib/arm64/libnss3.so" unused DT entry: type 0x8000024 arg 0x14998
10-22 20:01:01.482 29783 29828 W linker  : "/data/app/org.mozilla.fenix-iWpGOrf8cry6RDpwHyQugA==/lib/arm64/libnss3.so" unused DT entry: type 0x8000023 arg 0x5c8
10-22 20:01:01.482 29783 29828 W linker  : "/data/app/org.mozilla.fenix-iWpGOrf8cry6RDpwHyQugA==/lib/arm64/libnss3.so" unused DT entry: type 0x8000025 arg 0x8
10-22 20:01:01.483 29783 29828 E GeckoLibLoad: Load sqlite done
10-22 20:01:01.483 29783 29828 I GeckoLoader: Library base=/data/app/org.mozilla.fenix-iWpGOrf8cry6RDpwHyQugA==/lib/arm64
10-22 20:01:01.484 29783 29828 E GeckoLibLoad: Load nss start
10-22 20:01:01.484 29783 29828 E GeckoLibLoad: Load nss done
10-22 20:01:01.484 29783 29828 I GeckoLoader: Library base=/data/app/org.mozilla.fenix-iWpGOrf8cry6RDpwHyQugA==/lib/arm64
10-22 20:01:01.488 29783 29828 W linker  : "/data/app/org.mozilla.fenix-iWpGOrf8cry6RDpwHyQugA==/lib/arm64/libxul.so" unused DT entry: type 0x8000024 arg 0x539420
10-22 20:01:01.488 29783 29828 W linker  : "/data/app/org.mozilla.fenix-iWpGOrf8cry6RDpwHyQugA==/lib/arm64/libxul.so" unused DT entry: type 0x8000023 arg 0x17d68
10-22 20:01:01.488 29783 29828 W linker  : "/data/app/org.mozilla.fenix-iWpGOrf8cry6RDpwHyQugA==/lib/arm64/libxul.so" unused DT entry: type 0x8000025 arg 0x8
10-22 20:01:01.490  3447  3447 I SurfaceFlinger: Display 0 HWC layers:
10-22 20:01:01.490  3447  3447 I SurfaceFlinger:     type    |    handle    | flag |  format   |   source crop (l,t,r,b)    |         frame       | name 
10-22 20:01:01.490  3447  3447 I SurfaceFlinger: ------------+--------------+------+-----------+----------------------------+---------------------+------
10-22 20:01:01.490  3447  3447 I SurfaceFlinger:      Device | 0x7ea5024240 | 0000 | RGBA_8888 |   0.0    0.0  720.0 1280.0 |    0    0  720 1280 | org.mozilla.fenix/org.mozilla.fenix.App#0
10-22 20:01:01.490  3447  3447 I SurfaceFlinger:      Device | 0x7e9ecdfc40 | 0000 | RGBA_8888 |   0.0    0.0  720.0 1280.0 |    0    0  720 1280 | Splash Screen org.mozilla.fenix#0
