10-22 19:51:08.251  3957  4129 D WifiStateMachine:  ConnectedState !RSSI_PKTCNT_FETCH uid=1000 rt=603474836/1659450309 0 0 "ourhome" f4:6d:2f:12:cc:88 rssi=-44 f=5240 sc=60 link=433 tx=16.8, 0.0, 0.0  rx=21.4 bcn=599886 [on:0 tx:0 rx:0 period:1] from screen [on:337508 period:2011919] score=60
10-22 19:51:08.252  4340  4340 E SignalClusterView: setSlotFocusVisible : subId -2
10-22 19:51:08.253  3957  4129 D WifiStateMachine:  L2ConnectedState !RSSI_PKTCNT_FETCH uid=1000 rt=603474837/1659450310 0 0 "ourhome" f4:6d:2f:12:cc:88 rssi=-44 f=5240 sc=60 link=433 tx=16.8, 0.0, 0.0  rx=21.4 bcn=599886 [on:0 tx:0 rx:0 period:1] from screen [on:337508 period:2011920] score=60
10-22 19:51:08.257  3957  4129 D WifiStateMachine: fetchRssiLinkSpeedAndFrequencyNative rssi=-44 linkspeed=433 freq=5240
10-22 19:51:08.257  3957  4129 V WifiConfigManager: Updating scan detail cache freq=5240 BSSID=f4:6d:2f:12:cc:88 RSSI=-43 for "ourhome"WPA_PSK
10-22 19:51:08.262 27768 27960 I SessionStorage/AutoSave: Save: Periodic
10-22 19:51:08.295 27724 28038 I BatteryMgr:DataCollectionService: stats => 1697997068295,-20,4160,-72,0,100
10-22 19:51:08.402 27724 28038 I BatteryMgr:DataCollectionService: stats => 1697997068402,-20,4160,-72,0,100
10-22 19:51:08.408 27768 27779 I zygote64: Background concurrent copying GC freed 177765(5MB) AllocSpace objects, 0(0B) LOS objects, 49% free, 5MB/10MB, paused 2.632ms total 123.462ms
10-22 19:51:08.508 27724 28038 I BatteryMgr:DataCollectionService: stats => 1697997068508,-20,4160,-72,0,100
10-22 19:51:08.612 27724 28038 I BatteryMgr:DataCollectionService: stats => 1697997068611,-20,4160,-72,0,100
10-22 19:51:08.663  3957  4128 D WifiService: getConnectionInfo uid=1000
10-22 19:51:08.718 27724 28038 I BatteryMgr:DataCollectionService: stats => 1697997068718,-20,4160,-72,0,100
10-22 19:51:08.824 27724 28038 I BatteryMgr:DataCollectionService: stats => 1697997068824,-20,4160,-72,0,100
10-22 19:51:08.929 27724 28038 I BatteryMgr:DataCollectionService: stats => 1697997068929,31,4160,-55,0,100
10-22 19:51:09.034 27724 28038 I BatteryMgr:DataCollectionService: stats => 1697997069034,31,4160,-55,0,100
10-22 19:51:09.138 27724 28038 I BatteryMgr:DataCollectionService: stats => 1697997069138,31,4160,-55,0,100
10-22 19:51:09.235  3957  4129 D WifiStateMachine:  ConnectedState !RSSI_PKTCNT_FETCH uid=1000 rt=603475820/1659451293 0 0 "ourhome" f4:6d:2f:12:cc:88 rssi=-44 f=5240 sc=60 link=433 tx=16.8, 0.0, 0.0  rx=21.4 bcn=599886 [on:0 tx:0 rx:0 period:983] from screen [on:337508 period:2012903] score=60
10-22 19:51:09.236  3957  4129 D WifiStateMachine:  L2ConnectedState !RSSI_PKTCNT_FETCH uid=1000 rt=603475821/1659451293 0 0 "ourhome" f4:6d:2f:12:cc:88 rssi=-44 f=5240 sc=60 link=433 tx=16.8, 0.0, 0.0  rx=21.4 bcn=599886 [on:0 tx:0 rx:0 period:1] from screen [on:337508 period:2012904] score=60
10-22 19:51:09.237  3957  4129 D WifiStateMachine: fetchRssiLinkSpeedAndFrequencyNative rssi=-44 linkspeed=433 freq=5240
10-22 19:51:09.237  3957  4129 V WifiConfigManager: Updating scan detail cache freq=5240 BSSID=f4:6d:2f:12:cc:88 RSSI=-43 for "ourhome"WPA_PSK
10-22 19:51:09.244 27724 28038 I BatteryMgr:DataCollectionService: stats => 1697997069244,31,4160,-55,0,100
10-22 19:51:09.352 27724 28038 I BatteryMgr:DataCollectionService: stats => 1697997069352,31,4160,-55,0,100
10-22 19:51:09.365  3957  4564 D BatteryService: !@BatteryListener : batteryPropertiesChanged!
10-22 19:51:09.458 27724 28038 I BatteryMgr:DataCollectionService: stats => 1697997069458,31,4160,-55,0,100
10-22 19:51:09.562 27724 28038 I BatteryMgr:DataCollectionService: stats => 1697997069562,31,4160,-55,0,100
10-22 19:51:09.665  3957  4128 D WifiService: getConnectionInfo uid=1000
10-22 19:51:09.665 27724 28038 I BatteryMgr:DataCollectionService: stats => 1697997069665,31,4160,-55,0,100
10-22 19:51:09.770 27724 28038 I BatteryMgr:DataCollectionService: stats => 1697997069770,31,4160,-55,0,100
10-22 19:51:09.814  4961  4961 D io_stats: !@ 179,0 r 10146616 333076480 w 2162414 42317752 d 174232 37268484 f 640414 665902 iot 4640348 3998510 th 51200 0 0 pt 0 inp 0 0 603476.399
10-22 19:51:09.875 27724 28038 I BatteryMgr:DataCollectionService: stats => 1697997069874,31,4160,-55,0,100
10-22 19:51:09.979 27724 28038 I BatteryMgr:DataCollectionService: stats => 1697997069979,31,4160,-55,0,100
10-22 19:51:10.083 27724 28038 I BatteryMgr:DataCollectionService: stats => 1697997070083,31,4160,-55,0,100
10-22 19:51:10.188 27724 28038 I BatteryMgr:DataCollectionService: stats => 1697997070188,31,4160,-55,0,100
10-22 19:51:10.236  3957  4129 D WifiStateMachine:  ConnectedState !RSSI_PKTCNT_FETCH uid=1000 rt=603476821/1659452294 0 0 "ourhome" f4:6d:2f:12:cc:88 rssi=-44 f=5240 sc=60 link=433 tx=16.8, 0.0, 0.0  rx=21.4 bcn=599886 [on:0 tx:0 rx:0 period:1000] from screen [on:337508 period:2013904] score=60
10-22 19:51:10.237  3957  4129 D WifiStateMachine:  L2ConnectedState !RSSI_PKTCNT_FETCH uid=1000 rt=603476822/1659452294 0 0 "ourhome" f4:6d:2f:12:cc:88 rssi=-44 f=5240 sc=60 link=433 tx=16.8, 0.0, 0.0  rx=21.4 bcn=599886 [on:0 tx:0 rx:0 period:1] from screen [on:337508 period:2013905] score=60
10-22 19:51:10.244  3957  4129 D WifiStateMachine: fetchRssiLinkSpeedAndFrequencyNative rssi=-42 linkspeed=433 freq=5240
10-22 19:51:10.244  3957  4129 V WifiConfigManager: Updating scan detail cache freq=5240 BSSID=f4:6d:2f:12:cc:88 RSSI=-42 for "ourhome"WPA_PSK
10-22 19:51:10.295 27724 28038 I BatteryMgr:DataCollectionService: stats => 1697997070295,31,4160,-55,0,100
10-22 19:51:10.400 27724 28038 I BatteryMgr:DataCollectionService: stats => 1697997070400,31,4160,-55,0,100
10-22 19:51:10.506 27724 28038 I BatteryMgr:DataCollectionService: stats => 1697997070506,31,4160,-55,0,100
10-22 19:51:10.613 27724 28038 I BatteryMgr:DataCollectionService: stats => 1697997070613,31,4160,-55,0,100
10-22 19:51:10.667  3957  4128 D WifiService: getConnectionInfo uid=1000
10-22 19:51:10.716 27724 28038 I BatteryMgr:DataCollectionService: stats => 1697997070716,31,4160,-55,0,100
10-22 19:51:10.821 27724 28038 I BatteryMgr:DataCollectionService: stats => 1697997070821,31,4160,-55,0,100
10-22 19:51:10.927 27724 28038 I BatteryMgr:DataCollectionService: stats => 1697997070927,31,4160,-55,0,100
10-22 19:51:11.032 27724 28038 I BatteryMgr:DataCollectionService: stats => 1697997071032,31,4160,-55,0,100
10-22 19:51:11.138 27724 28038 I BatteryMgr:DataCollectionService: stats => 1697997071137,31,4160,-55,0,100
10-22 19:51:11.238  3957  4129 D WifiStateMachine:  ConnectedState !RSSI_PKTCNT_FETCH uid=1000 rt=603477823/1659453295 0 0 "ourhome" f4:6d:2f:12:cc:88 rssi=-42 f=5240 sc=60 link=433 tx=16.8, 0.0, 0.0  rx=21.4 bcn=599886 [on:0 tx:0 rx:0 period:1001] from screen [on:337508 period:2014906] score=60
10-22 19:51:11.239  3957  4129 D WifiStateMachine:  L2ConnectedState !RSSI_PKTCNT_FETCH uid=1000 rt=603477824/1659453296 0 0 "ourhome" f4:6d:2f:12:cc:88 rssi=-42 f=5240 sc=60 link=433 tx=16.8, 0.0, 0.0  rx=21.4 bcn=599886 [on:0 tx:0 rx:0 period:1] from screen [on:337508 period:2014907] score=60
10-22 19:51:11.240  3957  4129 D WifiStateMachine: fetchRssiLinkSpeedAndFrequencyNative rssi=-42 linkspeed=433 freq=5240
10-22 19:51:11.241  3957  4129 V WifiConfigManager: Updating scan detail cache freq=5240 BSSID=f4:6d:2f:12:cc:88 RSSI=-42 for "ourhome"WPA_PSK
10-22 19:51:11.243 27724 28038 I BatteryMgr:DataCollectionService: stats => 1697997071243,31,4160,-55,0,100
10-22 19:51:11.249  3957  4129 D WifiStateMachine:  ConnectedState !CMD_RSSI_POLL rt=603477833/1659453306 122 0 "ourhome" f4:6d:2f:12:cc:88 rssi=-42 f=5240 sc=60 link=433 tx=16.8, 0.0, 0.0  rx=21.4 bcn=599886 [on:0 tx:0 rx:0 period:10] from screen [on:337508 period:2014917] score=60
10-22 19:51:11.250  3957  4129 D WifiStateMachine:  L2ConnectedState !CMD_RSSI_POLL rt=603477835/1659453307 122 0 "ourhome" f4:6d:2f:12:cc:88 rssi=-42 f=5240 sc=60 link=433 tx=16.8, 0.0, 0.0  rx=21.4 bcn=599886 [on:0 tx:0 rx:0 period:1] from screen [on:337508 period:2014918] score=60
10-22 19:51:11.250  3957  4129 D WifiStateMachine:  get link layer stats 3
10-22 19:51:11.251  3436  3436 I android.hardware.wifi@1.0-service: getLinkLayerStats
10-22 19:51:11.254  3957  4129 D WifiStateMachine: fetchRssiLinkSpeedAndFrequencyNative rssi=-42 linkspeed=433 freq=5240
10-22 19:51:11.254  3957  4129 V WifiConfigManager: Updating scan detail cache freq=5240 BSSID=f4:6d:2f:12:cc:88 RSSI=-42 for "ourhome"WPA_PSK
10-22 19:51:11.258  4340  4340 E SignalClusterView: setSlotFocusVisible : subId -2
10-22 19:51:11.258  4340  4340 E SignalClusterView: setSlotFocusVisible : subId -2
10-22 19:51:11.349 27724 28038 I BatteryMgr:DataCollectionService: stats => 1697997071348,31,4160,-55,0,100
10-22 19:51:11.454 27724 28038 I BatteryMgr:DataCollectionService: stats => 1697997071453,31,4160,-55,0,100
10-22 19:51:11.560 27724 28038 I BatteryMgr:DataCollectionService: stats => 1697997071560,31,4160,-55,0,100
10-22 19:51:11.664 27724 28038 I BatteryMgr:DataCollectionService: stats => 1697997071664,31,4160,-55,0,100
10-22 19:51:11.670  3957  4128 D WifiService: getConnectionInfo uid=1000
10-22 19:51:11.769 27724 28038 I BatteryMgr:DataCollectionService: stats => 1697997071769,31,4160,-55,0,100
10-22 19:51:11.880 27724 28038 I BatteryMgr:DataCollectionService: stats => 1697997071880,31,4160,-55,0,100
10-22 19:51:11.986 27724 28038 I BatteryMgr:DataCollectionService: stats => 1697997071986,31,4160,-55,0,100
10-22 19:51:12.093 27724 28038 I BatteryMgr:DataCollectionService: stats => 1697997072093,31,4160,-55,0,100
10-22 19:51:12.199 27724 28038 I BatteryMgr:DataCollectionService: stats => 1697997072199,31,4160,-55,0,100
10-22 19:51:12.240  3957  4129 D WifiStateMachine:  ConnectedState !RSSI_PKTCNT_FETCH uid=1000 rt=603478825/1659454297 0 0 "ourhome" f4:6d:2f:12:cc:88 rssi=-42 f=5240 sc=60 link=433 tx=19.5, 0.0, 0.0  rx=22.4 bcn=599916 [on:0 tx:0 rx:0 period:983] from screen [on:339273 period:2015908] score=60
10-22 19:51:12.241  3957  4129 D WifiStateMachine:  L2ConnectedState !RSSI_PKTCNT_FETCH uid=1000 rt=603478826/1659454298 0 0 "ourhome" f4:6d:2f:12:cc:88 rssi=-42 f=5240 sc=60 link=433 tx=19.5, 0.0, 0.0  rx=22.4 bcn=599916 [on:0 tx:0 rx:0 period:1] from screen [on:339273 period:2015909] score=60
10-22 19:51:12.242  3957  4129 D WifiStateMachine: fetchRssiLinkSpeedAndFrequencyNative rssi=-42 linkspeed=433 freq=5240
10-22 19:51:12.243  3957  4129 V WifiConfigManager: Updating scan detail cache freq=5240 BSSID=f4:6d:2f:12:cc:88 RSSI=-42 for "ourhome"WPA_PSK
10-22 19:51:12.260  3957  4030 D SensorService: [SO] 0.206 -0.110 9.974
10-22 19:51:12.303 27724 28038 I BatteryMgr:DataCollectionService: stats => 1697997072303,31,4160,-55,0,100
10-22 19:51:12.407 27724 28038 I BatteryMgr:DataCollectionService: stats => 1697997072407,31,4160,-55,0,100
10-22 19:51:12.515 27724 28038 I BatteryMgr:DataCollectionService: stats => 1697997072514,31,4160,-55,0,100
10-22 19:51:12.563  9273  9310 D ScanRecord: Not a Multi Manu data
10-22 19:51:12.601  9273  9310 I chatty  : uid=1002(bluetooth) BT Service Call identical 64 lines
10-22 19:51:12.601  9273  9310 D ScanRecord: Not a Multi Manu data
10-22 19:51:12.620 27724 28038 I BatteryMgr:DataCollectionService: stats => 1697997072620,31,4160,-55,0,100
10-22 19:51:12.623  9273  9310 D ScanRecord: Not a Multi Manu data
10-22 19:51:12.671  9273  9310 I chatty  : uid=1002(bluetooth) BT Service Call identical 53 lines
10-22 19:51:12.671  9273  9310 D ScanRecord: Not a Multi Manu data
10-22 19:51:12.672  3957  4128 D WifiService: getConnectionInfo uid=1000
10-22 19:51:12.697  9273  9310 D ScanRecord: Not a Multi Manu data
10-22 19:51:12.720  9273  9310 I chatty  : uid=1002(bluetooth) BT Service Call identical 31 lines
10-22 19:51:12.720  9273  9310 D ScanRecord: Not a Multi Manu data
10-22 19:51:12.724 27724 28038 I BatteryMgr:DataCollectionService: stats => 1697997072724,31,4160,-55,0,100
10-22 19:51:12.728  9273  9310 D ScanRecord: Not a Multi Manu data
10-22 19:51:12.822  9273  9310 I chatty  : uid=1002(bluetooth) BT Service Call identical 141 lines
10-22 19:51:12.822  9273  9310 D ScanRecord: Not a Multi Manu data
10-22 19:51:12.829 27724 28038 I BatteryMgr:DataCollectionService: stats => 1697997072829,31,4160,-55,0,100
10-22 19:51:12.837  9273  9310 D ScanRecord: Not a Multi Manu data
10-22 19:51:12.932  9273  9310 I chatty  : uid=1002(bluetooth) BT Service Call identical 141 lines
10-22 19:51:12.932  9273  9310 D ScanRecord: Not a Multi Manu data
10-22 19:51:12.935 27724 28038 I BatteryMgr:DataCollectionService: stats => 1697997072934,31,4160,-55,0,100
10-22 19:51:12.938  9273  9310 D ScanRecord: Not a Multi Manu data
10-22 19:51:13.031  9273  9310 I chatty  : uid=1002(bluetooth) BT Service Call identical 108 lines
10-22 19:51:13.031  9273  9310 D ScanRecord: Not a Multi Manu data
10-22 19:51:13.038 27724 28038 I BatteryMgr:DataCollectionService: stats => 1697997073038,31,4160,-55,0,100
10-22 19:51:13.143 27724 28038 I BatteryMgr:DataCollectionService: stats => 1697997073143,31,4160,-55,0,100
10-22 19:51:13.241  3957  4129 D WifiStateMachine:  ConnectedState !RSSI_PKTCNT_FETCH uid=1000 rt=603479826/1659455298 0 0 "ourhome" f4:6d:2f:12:cc:88 rssi=-42 f=5240 sc=60 link=433 tx=19.5, 0.0, 0.0  rx=22.4 bcn=599916 [on:0 tx:0 rx:0 period:1000] from screen [on:339273 period:2016909] score=60
10-22 19:51:13.242  3957  4129 D WifiStateMachine:  L2ConnectedState !RSSI_PKTCNT_FETCH uid=1000 rt=603479827/1659455299 0 0 "ourhome" f4:6d:2f:12:cc:88 rssi=-42 f=5240 sc=60 link=433 tx=19.5, 0.0, 0.0  rx=22.4 bcn=599916 [on:0 tx:0 rx:0 period:1] from screen [on:339273 period:2016910] score=60
10-22 19:51:13.247 27724 28038 I BatteryMgr:DataCollectionService: stats => 1697997073247,31,4160,-55,0,100
10-22 19:51:13.248  3957  4129 D WifiStateMachine: fetchRssiLinkSpeedAndFrequencyNative rssi=-42 linkspeed=433 freq=5240
10-22 19:51:13.248  3957  4129 V WifiConfigManager: Updating scan detail cache freq=5240 BSSID=f4:6d:2f:12:cc:88 RSSI=-42 for "ourhome"WPA_PSK
10-22 19:51:13.353 27724 28038 I BatteryMgr:DataCollectionService: stats => 1697997073353,31,4160,-55,0,100
10-22 19:51:13.465 27724 28038 I BatteryMgr:DataCollectionService: stats => 1697997073465,31,4160,-55,0,100
10-22 19:51:13.570 27724 28038 I BatteryMgr:DataCollectionService: stats => 1697997073570,31,4160,-55,0,100
10-22 19:51:13.674  3957  4128 D WifiService: getConnectionInfo uid=1000
10-22 19:51:13.675 27724 28038 I BatteryMgr:DataCollectionService: stats => 1697997073675,31,4160,-55,0,100
10-22 19:51:13.789 27724 28038 I BatteryMgr:DataCollectionService: stats => 1697997073789,31,4160,-55,0,100
10-22 19:51:13.895 27724 28038 I BatteryMgr:DataCollectionService: stats => 1697997073895,31,4160,-55,0,100
10-22 19:51:14.000 27724 28038 I BatteryMgr:DataCollectionService: stats => 1697997074000,31,4160,-55,0,100
10-22 19:51:14.106 27724 28038 I BatteryMgr:DataCollectionService: stats => 1697997074106,31,4160,-55,0,100
10-22 19:51:14.210 27724 28038 I BatteryMgr:DataCollectionService: stats => 1697997074210,31,4160,-55,0,100
10-22 19:51:14.242  3957  4129 D WifiStateMachine:  ConnectedState !RSSI_PKTCNT_FETCH uid=1000 rt=603480827/1659456299 0 0 "ourhome" f4:6d:2f:12:cc:88 rssi=-42 f=5240 sc=60 link=433 tx=19.5, 0.0, 0.0  rx=22.4 bcn=599916 [on:0 tx:0 rx:0 period:1000] from screen [on:339273 period:2017910] score=60
10-22 19:51:14.243  3957  4129 D WifiStateMachine:  L2ConnectedState !RSSI_PKTCNT_FETCH uid=1000 rt=603480828/1659456300 0 0 "ourhome" f4:6d:2f:12:cc:88 rssi=-42 f=5240 sc=60 link=433 tx=19.5, 0.0, 0.0  rx=22.4 bcn=599916 [on:0 tx:0 rx:0 period:1] from screen [on:339273 period:2017911] score=60
10-22 19:51:14.249  3957  4129 D WifiStateMachine: fetchRssiLinkSpeedAndFrequencyNative rssi=-41 linkspeed=433 freq=5240
10-22 19:51:14.249  3957  4129 V WifiConfigManager: Updating scan detail cache freq=5240 BSSID=f4:6d:2f:12:cc:88 RSSI=-41 for "ourhome"WPA_PSK
10-22 19:51:14.256  3957  4129 D WifiStateMachine:  ConnectedState !CMD_RSSI_POLL rt=603480841/1659456313 122 0 "ourhome" f4:6d:2f:12:cc:88 rssi=-41 f=5240 sc=60 link=433 tx=19.5, 0.0, 0.0  rx=22.4 bcn=599916 [on:0 tx:0 rx:0 period:13] from screen [on:339273 period:2017924] score=60
10-22 19:51:14.257  3957  4129 D WifiStateMachine:  L2ConnectedState !CMD_RSSI_POLL rt=603480842/1659456315 122 0 "ourhome" f4:6d:2f:12:cc:88 rssi=-41 f=5240 sc=60 link=433 tx=19.5, 0.0, 0.0  rx=22.4 bcn=599916 [on:0 tx:0 rx:0 period:1] from screen [on:339273 period:2017925] score=60
10-22 19:51:14.257  3957  4129 D WifiStateMachine:  get link layer stats 3
10-22 19:51:14.258  3436  3436 I android.hardware.wifi@1.0-service: getLinkLayerStats
10-22 19:51:14.273  3957  4129 D WifiStateMachine: fetchRssiLinkSpeedAndFrequencyNative rssi=-41 linkspeed=433 freq=5240
10-22 19:51:14.273  3957  4129 V WifiConfigManager: Updating scan detail cache freq=5240 BSSID=f4:6d:2f:12:cc:88 RSSI=-41 for "ourhome"WPA_PSK
10-22 19:51:14.275  4340  4340 E SignalClusterView: setSlotFocusVisible : subId -2
10-22 19:51:14.276  4340  4340 E SignalClusterView: setSlotFocusVisible : subId -2
10-22 19:51:14.315 27724 28038 I BatteryMgr:DataCollectionService: stats => 1697997074315,31,4160,-55,0,100
10-22 19:51:14.420 27724 28038 I BatteryMgr:DataCollectionService: stats => 1697997074420,31,4160,-55,0,100
10-22 19:51:14.525 27724 28038 I BatteryMgr:DataCollectionService: stats => 1697997074525,31,4160,-55,0,100
10-22 19:51:14.629 27724 28038 I BatteryMgr:DataCollectionService: stats => 1697997074629,31,4160,-55,0,100
10-22 19:51:14.675  3957  4128 D WifiService: getConnectionInfo uid=1000
10-22 19:51:14.736 27724 28038 I BatteryMgr:DataCollectionService: stats => 1697997074736,31,4160,-55,0,100
10-22 19:51:14.816  4961  4961 D io_stats: !@ 179,0 r 10146616 333076480 w 2162425 42317964 d 174234 37268572 f 640415 665903 iot 4640360 3998519 th 51200 0 0 pt 0 inp 0 0 603481.401
10-22 19:51:14.841 27724 28038 I BatteryMgr:DataCollectionService: stats => 1697997074841,31,4160,-55,0,100
10-22 19:51:14.946 27724 28038 I BatteryMgr:DataCollectionService: stats => 1697997074946,31,4160,-55,0,100
10-22 19:51:15.050 27724 28038 I BatteryMgr:DataCollectionService: stats => 1697997075050,31,4160,-55,0,100
10-22 19:51:15.154 27724 28038 I BatteryMgr:DataCollectionService: stats => 1697997075154,31,4160,-55,0,100
10-22 19:51:15.243  3957  4129 D WifiStateMachine:  ConnectedState !RSSI_PKTCNT_FETCH uid=1000 rt=603481828/1659457300 0 0 "ourhome" f4:6d:2f:12:cc:88 rssi=-41 f=5240 sc=60 link=433 tx=10.9, 0.0, 0.0  rx=17.1 bcn=599945 [on:0 tx:0 rx:0 period:968] from screen [on:339960 period:2018911] score=60
10-22 19:51:15.245  3957  4129 D WifiStateMachine:  L2ConnectedState !RSSI_PKTCNT_FETCH uid=1000 rt=603481829/1659457301 0 0 "ourhome" f4:6d:2f:12:cc:88 rssi=-41 f=5240 sc=60 link=433 tx=10.9, 0.0, 0.0  rx=17.1 bcn=599945 [on:0 tx:0 rx:0 period:2] from screen [on:339960 period:2018913] score=60
10-22 19:51:15.251  3957  4129 D WifiStateMachine: fetchRssiLinkSpeedAndFrequencyNative rssi=-41 linkspeed=433 freq=5240
10-22 19:51:15.251  3957  4129 V WifiConfigManager: Updating scan detail cache freq=5240 BSSID=f4:6d:2f:12:cc:88 RSSI=-41 for "ourhome"WPA_PSK
10-22 19:51:15.263 27724 28038 I BatteryMgr:DataCollectionService: stats => 1697997075263,31,4160,-55,0,100
10-22 19:51:15.273  3957  6478 D SSRM:k  : SIOP:: AP = 450, PST = 417 (W:12), BAT = 293, USB = 0, CHG = 0
10-22 19:51:15.284  3957  6478 D ac      : broadcastSiopLevelIntent:: currentSiopLevel = 1
10-22 19:51:15.291  3957  6478 D WifiService: getConnectionInfo uid=1000
10-22 19:51:15.292 14173 14173 I [SC]SCloudReceiver: onReceive: com.samsung.intent.action.CHECK_SIOP_LEVEL
10-22 19:51:15.296 14173 14173 I [SC]DetectorReceiver: onReceive [com.samsung.intent.action.CHECK_SIOP_LEVEL]
10-22 19:51:15.299  3957  6478 I SensorService: createSensorEventConnection package name f.z
10-22 19:51:15.300  3957  6478 D SensorService: Calling batch handle==3 flags=0 rate=200000000 timeout== 0
10-22 19:51:15.301  3434  4028 I Sensors : ProximitySensor:enable: handle 3, en 1, old_en 0
10-22 19:51:15.301 14173 14173 I [SC]AccountUtil: Samsung Account Not Logged in
10-22 19:51:15.356  3957  6478 D SensorManager: registerListener :: 3, STK3013 Proximity, 200000, 0,  
10-22 19:51:15.357  3434  4028 I Sensors : ProximitySensor:readEvents: value 8(cm)
10-22 19:51:15.358  3957  3957 D SensorManager: Proximity, val = 8.0  [far]
10-22 19:51:15.358  3957  3957 D SensorService: Calling activate off 3
10-22 19:51:15.359  3434  3434 I Sensors : ProximitySensor:enable: handle 3, en 0, old_en 1
10-22 19:51:15.360  3957  3957 D SensorManager: unregisterListener ::   
10-22 19:51:15.368 27724 28038 I BatteryMgr:DataCollectionService: stats => 1697997075368,31,4160,-55,0,100
10-22 19:51:15.472 27724 28038 I BatteryMgr:DataCollectionService: stats => 1697997075472,31,4160,-55,0,100
10-22 19:51:15.577 27724 28038 I BatteryMgr:DataCollectionService: stats => 1697997075577,31,4160,-55,0,100
10-22 19:51:15.676  3957  4128 D WifiService: getConnectionInfo uid=1000
10-22 19:51:15.682 27724 28038 I BatteryMgr:DataCollectionService: stats => 1697997075682,31,4160,-55,0,100
10-22 19:51:15.786 27724 28038 I BatteryMgr:DataCollectionService: stats => 1697997075786,31,4160,-55,0,100
10-22 19:51:15.891 27724 28038 I BatteryMgr:DataCollectionService: stats => 1697997075891,31,4160,-55,0,100
10-22 19:51:15.999 27724 28038 I BatteryMgr:DataCollectionService: stats => 1697997075999,31,4160,-55,0,100
10-22 19:51:16.103 27724 28038 I BatteryMgr:DataCollectionService: stats => 1697997076103,31,4160,-55,0,100
10-22 19:51:16.111  3957  4416 E Watchdog: !@Sync 20108 [2023-10-22 19:51:16.111]
10-22 19:51:16.207 27724 28038 I BatteryMgr:DataCollectionService: stats => 1697997076207,31,4160,-55,0,100
10-22 19:51:16.245  3957  4129 D WifiStateMachine:  ConnectedState !RSSI_PKTCNT_FETCH uid=1000 rt=603482830/1659458302 0 0 "ourhome" f4:6d:2f:12:cc:88 rssi=-41 f=5240 sc=60 link=433 tx=10.9, 0.0, 0.0  rx=17.1 bcn=599945 [on:0 tx:0 rx:0 period:1000] from screen [on:339960 period:2019913] score=60
10-22 19:51:16.247  3957  4129 D WifiStateMachine:  L2ConnectedState !RSSI_PKTCNT_FETCH uid=1000 rt=603482831/1659458303 0 0 "ourhome" f4:6d:2f:12:cc:88 rssi=-41 f=5240 sc=60 link=433 tx=10.9, 0.0, 0.0  rx=17.1 bcn=599945 [on:0 tx:0 rx:0 period:2] from screen [on:339960 period:2019915] score=60
10-22 19:51:16.251  3957  4129 D WifiStateMachine: fetchRssiLinkSpeedAndFrequencyNative rssi=-41 linkspeed=433 freq=5240
10-22 19:51:16.251  3957  4129 V WifiConfigManager: Updating scan detail cache freq=5240 BSSID=f4:6d:2f:12:cc:88 RSSI=-41 for "ourhome"WPA_PSK
10-22 19:51:16.313 27724 28038 I BatteryMgr:DataCollectionService: stats => 1697997076313,31,4160,-55,0,100
10-22 19:51:16.417 27724 28038 I BatteryMgr:DataCollectionService: stats => 1697997076417,31,4160,-55,0,100
10-22 19:51:16.523 27724 28038 I BatteryMgr:DataCollectionService: stats => 1697997076523,31,4160,-55,0,100
10-22 19:51:16.627 27724 28038 I BatteryMgr:DataCollectionService: stats => 1697997076627,31,4160,-55,0,100
10-22 19:51:16.678  3957  4128 D WifiService: getConnectionInfo uid=1000
10-22 19:51:16.738 27724 28038 I BatteryMgr:DataCollectionService: stats => 1697997076737,31,4160,-55,0,100
10-22 19:51:16.843 27724 28038 I BatteryMgr:DataCollectionService: stats => 1697997076843,31,4160,-55,0,100
10-22 19:51:16.949 27724 28038 I BatteryMgr:DataCollectionService: stats => 1697997076949,31,4160,-55,0,100
10-22 19:51:16.999 27768 27779 I zygote64: Background concurrent copying GC freed 203253(5MB) AllocSpace objects, 0(0B) LOS objects, 49% free, 5MB/10MB, paused 2.527ms total 120.938ms
10-22 19:51:17.056 27724 28038 I BatteryMgr:DataCollectionService: stats => 1697997077055,31,4160,-55,0,100
10-22 19:51:17.160 27724 28038 I BatteryMgr:DataCollectionService: stats => 1697997077159,31,4160,-55,0,100
10-22 19:51:17.246  3957  4129 D WifiStateMachine:  ConnectedState !RSSI_PKTCNT_FETCH uid=1000 rt=603483830/1659459303 0 0 "ourhome" f4:6d:2f:12:cc:88 rssi=-41 f=5240 sc=60 link=433 tx=10.9, 0.0, 0.0  rx=17.1 bcn=599945 [on:0 tx:0 rx:0 period:999] from screen [on:339960 period:2020914] score=60
10-22 19:51:17.247  3957  4129 D WifiStateMachine:  L2ConnectedState !RSSI_PKTCNT_FETCH uid=1000 rt=603483832/1659459304 0 0 "ourhome" f4:6d:2f:12:cc:88 rssi=-41 f=5240 sc=60 link=433 tx=10.9, 0.0, 0.0  rx=17.1 bcn=599945 [on:0 tx:0 rx:0 period:1] from screen [on:339960 period:2020915] score=60
10-22 19:51:17.253  3957  4129 D WifiStateMachine: fetchRssiLinkSpeedAndFrequencyNative rssi=-43 linkspeed=433 freq=5240
10-22 19:51:17.253  3957  4129 V WifiConfigManager: Updating scan detail cache freq=5240 BSSID=f4:6d:2f:12:cc:88 RSSI=-42 for "ourhome"WPA_PSK
10-22 19:51:17.265 27724 28038 I BatteryMgr:DataCollectionService: stats => 1697997077265,31,4160,-55,0,100
10-22 19:51:17.274  3957  4129 D WifiStateMachine:  ConnectedState !CMD_RSSI_POLL rt=603483859/1659459332 122 0 "ourhome" f4:6d:2f:12:cc:88 rssi=-43 f=5240 sc=60 link=433 tx=10.9, 0.0, 0.0  rx=17.1 bcn=599945 [on:0 tx:0 rx:0 period:27] from screen [on:339960 period:2020942] score=60
10-22 19:51:17.275  3957  4129 D WifiStateMachine:  L2ConnectedState !CMD_RSSI_POLL rt=603483860/1659459333 122 0 "ourhome" f4:6d:2f:12:cc:88 rssi=-43 f=5240 sc=60 link=433 tx=10.9, 0.0, 0.0  rx=17.1 bcn=599945 [on:0 tx:0 rx:0 period:1] from screen [on:339960 period:2020943] score=60
10-22 19:51:17.275  3957  4129 D WifiStateMachine:  get link layer stats 3
10-22 19:51:17.276  3436  3436 I android.hardware.wifi@1.0-service: getLinkLayerStats
10-22 19:51:17.294  3957  4129 D WifiStateMachine: fetchRssiLinkSpeedAndFrequencyNative rssi=-43 linkspeed=433 freq=5240
10-22 19:51:17.294  3957  4129 V WifiConfigManager: Updating scan detail cache freq=5240 BSSID=f4:6d:2f:12:cc:88 RSSI=-42 for "ourhome"WPA_PSK
10-22 19:51:17.298  4340  4340 E SignalClusterView: setSlotFocusVisible : subId -2
10-22 19:51:17.298  4340  4340 E SignalClusterView: setSlotFocusVisible : subId -2
10-22 19:51:17.371 27724 28038 I BatteryMgr:DataCollectionService: stats => 1697997077370,31,4160,-55,0,100
10-22 19:51:17.475 27724 28038 I BatteryMgr:DataCollectionService: stats => 1697997077475,31,4160,-55,0,100
10-22 19:51:17.579 27724 28038 I BatteryMgr:DataCollectionService: stats => 1697997077579,31,4160,-55,0,100
10-22 19:51:17.586  9273  9310 D ScanRecord: Not a Multi Manu data
10-22 19:51:17.665  9273  9310 I chatty  : uid=1002(bluetooth) BT Service Call identical 42 lines
10-22 19:51:17.665  9273  9310 D ScanRecord: Not a Multi Manu data
10-22 19:51:17.681  3957  4128 D WifiService: getConnectionInfo uid=1000
10-22 19:51:17.685 27724 28038 I BatteryMgr:DataCollectionService: stats => 1697997077685,31,4160,-55,0,100
10-22 19:51:17.687  9273  9310 D ScanRecord: Not a Multi Manu data
10-22 19:51:17.784  9273  9310 I chatty  : uid=1002(bluetooth) BT Service Call identical 152 lines
10-22 19:51:17.784  9273  9310 D ScanRecord: Not a Multi Manu data
10-22 19:51:17.791 27724 28038 I BatteryMgr:DataCollectionService: stats => 1697997077790,31,4160,-55,0,100
10-22 19:51:17.791  9273  9310 D ScanRecord: Not a Multi Manu data
10-22 19:51:17.893  9273  9310 I chatty  : uid=1002(bluetooth) BT Service Call identical 75 lines
10-22 19:51:17.893  9273  9310 D ScanRecord: Not a Multi Manu data
10-22 19:51:17.895 27724 28038 I BatteryMgr:DataCollectionService: stats => 1697997077895,31,4160,-55,0,100
10-22 19:51:17.919  9273  9310 D ScanRecord: Not a Multi Manu data
10-22 19:51:17.982  9273  9310 I chatty  : uid=1002(bluetooth) BT Service Call identical 97 lines
10-22 19:51:17.982  9273  9310 D ScanRecord: Not a Multi Manu data
10-22 19:51:18.000 27724 28038 I BatteryMgr:DataCollectionService: stats => 1697997078000,31,4160,-55,0,100
10-22 19:51:18.001  9273  9310 D ScanRecord: Not a Multi Manu data
10-22 19:51:18.053  9273  9310 I chatty  : uid=1002(bluetooth) BT Service Call identical 75 lines
10-22 19:51:18.053  9273  9310 D ScanRecord: Not a Multi Manu data
10-22 19:51:18.105 27724 28038 I BatteryMgr:DataCollectionService: stats => 1697997078104,31,4160,-55,0,100
10-22 19:51:18.210 27724 28038 I BatteryMgr:DataCollectionService: stats => 1697997078210,31,4160,-55,0,100
10-22 19:51:18.247  3957  4129 D WifiStateMachine:  ConnectedState !RSSI_PKTCNT_FETCH uid=1000 rt=603484832/1659460304 0 0 "ourhome" f4:6d:2f:12:cc:88 rssi=-43 f=5240 sc=60 link=433 tx=5.9, 0.0, 0.0  rx=20.8 bcn=599975 [on:0 tx:0 rx:0 period:948] from screen [on:340480 period:2021915] score=60
10-22 19:51:18.248  3957  4129 D WifiStateMachine:  L2ConnectedState !RSSI_PKTCNT_FETCH uid=1000 rt=603484833/1659460305 0 0 "ourhome" f4:6d:2f:12:cc:88 rssi=-43 f=5240 sc=60 link=433 tx=5.9, 0.0, 0.0  rx=20.8 bcn=599975 [on:0 tx:0 rx:0 period:1] from screen [on:340480 period:2021916] score=60
10-22 19:51:18.254  3957  4129 D WifiStateMachine: fetchRssiLinkSpeedAndFrequencyNative rssi=-42 linkspeed=433 freq=5240
10-22 19:51:18.254  3957  4129 V WifiConfigManager: Updating scan detail cache freq=5240 BSSID=f4:6d:2f:12:cc:88 RSSI=-42 for "ourhome"WPA_PSK
10-22 19:51:18.316 27724 28038 I BatteryMgr:DataCollectionService: stats => 1697997078316,31,4160,-55,0,100
10-22 19:51:18.419 27724 28038 I BatteryMgr:DataCollectionService: stats => 1697997078419,31,4160,-55,0,100
10-22 19:51:18.523 27724 28038 I BatteryMgr:DataCollectionService: stats => 1697997078523,31,4160,-55,0,100
10-22 19:51:18.628 27724 28038 I BatteryMgr:DataCollectionService: stats => 1697997078628,31,4160,-55,0,100
10-22 19:51:18.683  3957  4128 D WifiService: getConnectionInfo uid=1000
10-22 19:51:18.733 27724 28038 I BatteryMgr:DataCollectionService: stats => 1697997078733,31,4160,-55,0,100
10-22 19:51:18.837 27724 28038 I BatteryMgr:DataCollectionService: stats => 1697997078837,31,4160,-55,0,100
10-22 19:51:18.943 27724 28038 I BatteryMgr:DataCollectionService: stats => 1697997078943,31,4160,-55,0,100
10-22 19:51:19.050 27724 28038 I BatteryMgr:DataCollectionService: stats => 1697997079049,31,4160,-55,0,100
10-22 19:51:19.157 27724 28038 I BatteryMgr:DataCollectionService: stats => 1697997079156,31,4160,-55,0,100
10-22 19:51:19.247  3957  4129 D WifiStateMachine:  ConnectedState !RSSI_PKTCNT_FETCH uid=1000 rt=603485832/1659461305 0 0 "ourhome" f4:6d:2f:12:cc:88 rssi=-42 f=5240 sc=60 link=433 tx=5.9, 0.0, 0.0  rx=20.8 bcn=599975 [on:0 tx:0 rx:0 period:999] from screen [on:340480 period:2022915] score=60
10-22 19:51:19.249  3957  4129 D WifiStateMachine:  L2ConnectedState !RSSI_PKTCNT_FETCH uid=1000 rt=603485833/1659461306 0 0 "ourhome" f4:6d:2f:12:cc:88 rssi=-42 f=5240 sc=60 link=433 tx=5.9, 0.0, 0.0  rx=20.8 bcn=599975 [on:0 tx:0 rx:0 period:2] from screen [on:340480 period:2022917] score=60
10-22 19:51:19.255  3957  4129 D WifiStateMachine: fetchRssiLinkSpeedAndFrequencyNative rssi=-41 linkspeed=433 freq=5240
10-22 19:51:19.255  3957  4129 V WifiConfigManager: Updating scan detail cache freq=5240 BSSID=f4:6d:2f:12:cc:88 RSSI=-41 for "ourhome"WPA_PSK
10-22 19:51:19.261 27724 28038 I BatteryMgr:DataCollectionService: stats => 1697997079261,31,4160,-55,0,100
10-22 19:51:19.367 27724 28038 I BatteryMgr:DataCollectionService: stats => 1697997079367,31,4160,-55,0,100
10-22 19:51:19.472 27724 28038 I BatteryMgr:DataCollectionService: stats => 1697997079472,-6,4160,-34,0,100
10-22 19:51:19.576 27724 28038 I BatteryMgr:DataCollectionService: stats => 1697997079576,-6,4160,-34,0,100
10-22 19:51:19.680 27724 28038 I BatteryMgr:DataCollectionService: stats => 1697997079680,-6,4160,-34,0,100
10-22 19:51:19.685  3957  4128 D WifiService: getConnectionInfo uid=1000
10-22 19:51:19.786 27724 28038 I BatteryMgr:DataCollectionService: stats => 1697997079786,-6,4160,-34,0,100
10-22 19:51:19.818  4961  4961 D io_stats: !@ 179,0 r 10146618 333076536 w 2162437 42318160 d 174235 37268656 f 640416 665904 iot 4640364 3998525 th 51200 0 0 pt 0 inp 0 0 603486.403
10-22 19:51:19.850  3957  4564 D BatteryService: !@BatteryListener : batteryPropertiesChanged!
10-22 19:51:19.893 27724 28038 I BatteryMgr:DataCollectionService: stats => 1697997079893,-6,4160,-34,0,100
10-22 19:51:19.997 27724 28038 I BatteryMgr:DataCollectionService: stats => 1697997079997,-6,4160,-34,0,100
10-22 19:51:20.103 27724 28038 I BatteryMgr:DataCollectionService: stats => 1697997080103,-6,4160,-34,0,100
10-22 19:51:20.207 27724 28038 I BatteryMgr:DataCollectionService: stats => 1697997080207,-6,4160,-34,0,100
10-22 19:51:20.250  3957  4129 D WifiStateMachine:  ConnectedState !RSSI_PKTCNT_FETCH uid=1000 rt=603486834/1659462306 0 0 "ourhome" f4:6d:2f:12:cc:88 rssi=-41 f=5240 sc=60 link=433 tx=5.9, 0.0, 0.0  rx=20.8 bcn=599975 [on:0 tx:0 rx:0 period:1001] from screen [on:340480 period:2023918] score=60
10-22 19:51:20.251  3957  4129 D WifiStateMachine:  L2ConnectedState !RSSI_PKTCNT_FETCH uid=1000 rt=603486835/1659462308 0 0 "ourhome" f4:6d:2f:12:cc:88 rssi=-41 f=5240 sc=60 link=433 tx=5.9, 0.0, 0.0  rx=20.8 bcn=599975 [on:0 tx:0 rx:0 period:1] from screen [on:340480 period:2023919] score=60
10-22 19:51:20.257  3957  4129 D WifiStateMachine: fetchRssiLinkSpeedAndFrequencyNative rssi=-41 linkspeed=433 freq=5240
10-22 19:51:20.257  3957  4129 V WifiConfigManager: Updating scan detail cache freq=5240 BSSID=f4:6d:2f:12:cc:88 RSSI=-41 for "ourhome"WPA_PSK
10-22 19:51:20.296  3957  4129 D WifiStateMachine:  ConnectedState !CMD_RSSI_POLL rt=603486881/1659462353 122 0 "ourhome" f4:6d:2f:12:cc:88 rssi=-41 f=5240 sc=60 link=433 tx=5.9, 0.0, 0.0  rx=20.8 bcn=599975 [on:0 tx:0 rx:0 period:45] from screen [on:340480 period:2023964] score=60
10-22 19:51:20.297  3957  4129 D WifiStateMachine:  L2ConnectedState !CMD_RSSI_POLL rt=603486882/1659462354 122 0 "ourhome" f4:6d:2f:12:cc:88 rssi=-41 f=5240 sc=60 link=433 tx=5.9, 0.0, 0.0  rx=20.8 bcn=599975 [on:0 tx:0 rx:0 period:1] from screen [on:340480 period:2023965] score=60
10-22 19:51:20.298  3957  4129 D WifiStateMachine:  get link layer stats 3
10-22 19:51:20.298  3436  3436 I android.hardware.wifi@1.0-service: getLinkLayerStats
10-22 19:51:20.312 27724 28038 I BatteryMgr:DataCollectionService: stats => 1697997080312,-6,4160,-34,0,100
10-22 19:51:20.316  3957  4129 D WifiStateMachine: fetchRssiLinkSpeedAndFrequencyNative rssi=-41 linkspeed=433 freq=5240
10-22 19:51:20.316  3957  4129 V WifiConfigManager: Updating scan detail cache freq=5240 BSSID=f4:6d:2f:12:cc:88 RSSI=-41 for "ourhome"WPA_PSK
10-22 19:51:20.319  4340  4340 E SignalClusterView: setSlotFocusVisible : subId -2
10-22 19:51:20.319  4340  4340 E SignalClusterView: setSlotFocusVisible : subId -2
10-22 19:51:20.418 27724 28038 I BatteryMgr:DataCollectionService: stats => 1697997080418,-6,4160,-34,0,100
10-22 19:51:20.522 27724 28038 I BatteryMgr:DataCollectionService: stats => 1697997080522,-6,4160,-34,0,100
10-22 19:51:20.627 27724 28038 I BatteryMgr:DataCollectionService: stats => 1697997080627,-6,4160,-34,0,100
10-22 19:51:20.687  3957  4128 D WifiService: getConnectionInfo uid=1000
10-22 19:51:20.739 27724 28038 I BatteryMgr:DataCollectionService: stats => 1697997080739,-6,4160,-34,0,100
10-22 19:51:20.843 27724 28038 I BatteryMgr:DataCollectionService: stats => 1697997080843,-6,4160,-34,0,100
10-22 19:51:20.947 27724 28038 I BatteryMgr:DataCollectionService: stats => 1697997080947,-6,4160,-34,0,100
10-22 19:51:21.053 27724 28038 I BatteryMgr:DataCollectionService: stats => 1697997081053,-6,4160,-34,0,100
10-22 19:51:21.159 27724 28038 I BatteryMgr:DataCollectionService: stats => 1697997081159,-6,4160,-34,0,100
10-22 19:51:21.251  3957  4129 D WifiStateMachine:  ConnectedState !RSSI_PKTCNT_FETCH uid=1000 rt=603487836/1659463308 0 0 "ourhome" f4:6d:2f:12:cc:88 rssi=-41 f=5240 sc=60 link=433 tx=2.2, 0.0, 0.0  rx=7.6 bcn=600003 [on:0 tx:0 rx:0 period:932] from screen [on:340546 period:2024919] score=60
10-22 19:51:21.252  3957  4129 D WifiStateMachine:  L2ConnectedState !RSSI_PKTCNT_FETCH uid=1000 rt=603487837/1659463309 0 0 "ourhome" f4:6d:2f:12:cc:88 rssi=-41 f=5240 sc=60 link=433 tx=2.2, 0.0, 0.0  rx=7.6 bcn=600003 [on:0 tx:0 rx:0 period:1] from screen [on:340546 period:2024920] score=60
10-22 19:51:21.254  3957  4129 D WifiStateMachine: fetchRssiLinkSpeedAndFrequencyNative rssi=-41 linkspeed=433 freq=5240
10-22 19:51:21.254  3957  4129 V WifiConfigManager: Updating scan detail cache freq=5240 BSSID=f4:6d:2f:12:cc:88 RSSI=-41 for "ourhome"WPA_PSK
10-22 19:51:21.265 27724 28038 I BatteryMgr:DataCollectionService: stats => 1697997081265,-6,4160,-34,0,100
10-22 19:51:21.372 27724 28038 I BatteryMgr:DataCollectionService: stats => 1697997081372,-6,4160,-34,0,100
10-22 19:51:21.476 27724 28038 I BatteryMgr:DataCollectionService: stats => 1697997081476,-6,4160,-34,0,100
10-22 19:51:21.580 27724 28038 I BatteryMgr:DataCollectionService: stats => 1697997081579,-6,4160,-34,0,100
10-22 19:51:21.683 27724 28038 I BatteryMgr:DataCollectionService: stats => 1697997081683,-6,4160,-34,0,100
10-22 19:51:21.689  3957  4128 D WifiService: getConnectionInfo uid=1000
10-22 19:51:21.789 27724 28038 I BatteryMgr:DataCollectionService: stats => 1697997081789,-6,4160,-34,0,100
10-22 19:51:21.893 27724 28038 I BatteryMgr:DataCollectionService: stats => 1697997081893,-6,4160,-34,0,100
10-22 19:51:21.998 27724 28038 I BatteryMgr:DataCollectionService: stats => 1697997081998,-6,4160,-34,0,100
10-22 19:51:22.104 27724 28038 I BatteryMgr:DataCollectionService: stats => 1697997082104,-6,4160,-34,0,100
10-22 19:51:22.210 27724 28038 I BatteryMgr:DataCollectionService: stats => 1697997082210,-6,4160,-34,0,100
10-22 19:51:22.253  3957  4129 D WifiStateMachine:  ConnectedState !RSSI_PKTCNT_FETCH uid=1000 rt=603488837/1659464309 0 0 "ourhome" f4:6d:2f:12:cc:88 rssi=-41 f=5240 sc=60 link=433 tx=2.2, 0.0, 0.0  rx=7.6 bcn=600003 [on:0 tx:0 rx:0 period:1000] from screen [on:340546 period:2025920] score=60
10-22 19:51:22.254  3957  4129 D WifiStateMachine:  L2ConnectedState !RSSI_PKTCNT_FETCH uid=1000 rt=603488838/1659464311 0 0 "ourhome" f4:6d:2f:12:cc:88 rssi=-41 f=5240 sc=60 link=433 tx=2.2, 0.0, 0.0  rx=7.6 bcn=600003 [on:0 tx:0 rx:0 period:2] from screen [on:340546 period:2025922] score=60
10-22 19:51:22.259  3957  4129 D WifiStateMachine: fetchRssiLinkSpeedAndFrequencyNative rssi=-41 linkspeed=433 freq=5240
10-22 19:51:22.260  3957  4129 V WifiConfigManager: Updating scan detail cache freq=5240 BSSID=f4:6d:2f:12:cc:88 RSSI=-41 for "ourhome"WPA_PSK
10-22 19:51:22.261  3957  4030 D SensorService: [SO] 0.263 -0.144 9.974
10-22 19:51:22.319 27724 28038 I BatteryMgr:DataCollectionService: stats => 1697997082319,-6,4160,-34,0,100
10-22 19:51:22.424 27724 28038 I BatteryMgr:DataCollectionService: stats => 1697997082424,-6,4160,-34,0,100
10-22 19:51:22.528 27724 28038 I BatteryMgr:DataCollectionService: stats => 1697997082528,-6,4160,-34,0,100
10-22 19:51:22.565  9273  9310 D ScanRecord: Not a Multi Manu data
10-22 19:51:22.613  9273  9310 I chatty  : uid=1002(bluetooth) BT Service Call identical 53 lines
10-22 19:51:22.613  9273  9310 D ScanRecord: Not a Multi Manu data
10-22 19:51:22.633 27724 28038 I BatteryMgr:DataCollectionService: stats => 1697997082633,-6,4160,-34,0,100
10-22 19:51:22.636  9273  9310 D ScanRecord: Not a Multi Manu data
10-22 19:51:22.663  9273  9310 I chatty  : uid=1002(bluetooth) BT Service Call identical 64 lines
10-22 19:51:22.663  9273  9310 D ScanRecord: Not a Multi Manu data
10-22 19:51:22.679  9273  9327 E bt_snoop: open_next_snoop_file unable to rename '/data/log/bt/btsnoop_hci.log' to '/data/log/bt/btsnoop_hci.log.last': Success
10-22 19:51:22.681  9273  9310 D ScanRecord: Not a Multi Manu data
10-22 19:51:22.688  9273  9310 I chatty  : uid=1002(bluetooth) BT Service Call identical 42 lines
10-22 19:51:22.688  9273  9310 D ScanRecord: Not a Multi Manu data
10-22 19:51:22.690  3957  4128 D WifiService: getConnectionInfo uid=1000
10-22 19:51:22.697  9273  9310 D ScanRecord: Not a Multi Manu data
10-22 19:51:22.738  9273  9310 I chatty  : uid=1002(bluetooth) BT Service Call identical 31 lines
10-22 19:51:22.738  9273  9310 D ScanRecord: Not a Multi Manu data
10-22 19:51:22.739 27724 28038 I BatteryMgr:DataCollectionService: stats => 1697997082738,-6,4160,-34,0,100
10-22 19:51:22.755  9273  9310 D ScanRecord: Not a Multi Manu data
10-22 19:51:22.842  9273  9310 I chatty  : uid=1002(bluetooth) BT Service Call identical 42 lines
10-22 19:51:22.842  9273  9310 D ScanRecord: Not a Multi Manu data
10-22 19:51:22.843 27724 28038 I BatteryMgr:DataCollectionService: stats => 1697997082843,-6,4160,-34,0,100
10-22 19:51:22.844  9273  9310 D ScanRecord: Not a Multi Manu data
10-22 19:51:22.949  9273  9310 I chatty  : uid=1002(bluetooth) BT Service Call identical 86 lines
10-22 19:51:22.949  9273  9310 D ScanRecord: Not a Multi Manu data
10-22 19:51:22.949 27724 28038 I BatteryMgr:DataCollectionService: stats => 1697997082949,-6,4160,-34,0,100
10-22 19:51:22.961  9273  9310 D ScanRecord: Not a Multi Manu data
10-22 19:51:23.048  9273  9310 I chatty  : uid=1002(bluetooth) BT Service Call identical 108 lines
10-22 19:51:23.048  9273  9310 D ScanRecord: Not a Multi Manu data
10-22 19:51:23.054 27724 28038 I BatteryMgr:DataCollectionService: stats => 1697997083054,-6,4160,-34,0,100
10-22 19:51:23.056  9273  9310 D ScanRecord: Not a Multi Manu data
10-22 19:51:23.056  9273  9310 I chatty  : uid=1002(bluetooth) BT Service Call identical 9 lines
10-22 19:51:23.056  9273  9310 D ScanRecord: Not a Multi Manu data
10-22 19:51:23.160 27724 28038 I BatteryMgr:DataCollectionService: stats => 1697997083160,-6,4160,-34,0,100
10-22 19:51:23.253  3957  4129 D WifiStateMachine:  ConnectedState !RSSI_PKTCNT_FETCH uid=1000 rt=603489838/1659465310 0 0 "ourhome" f4:6d:2f:12:cc:88 rssi=-41 f=5240 sc=60 link=433 tx=2.2, 0.0, 0.0  rx=7.6 bcn=600003 [on:0 tx:0 rx:0 period:999] from screen [on:340546 period:2026921] score=60
10-22 19:51:23.254  3957  4129 D WifiStateMachine:  L2ConnectedState !RSSI_PKTCNT_FETCH uid=1000 rt=603489839/1659465311 0 0 "ourhome" f4:6d:2f:12:cc:88 rssi=-41 f=5240 sc=60 link=433 tx=2.2, 0.0, 0.0  rx=7.6 bcn=600003 [on:0 tx:0 rx:0 period:1] from screen [on:340546 period:2026922] score=60
10-22 19:51:23.260  3957  4129 D WifiStateMachine: fetchRssiLinkSpeedAndFrequencyNative rssi=-41 linkspeed=433 freq=5240
10-22 19:51:23.260  3957  4129 V WifiConfigManager: Updating scan detail cache freq=5240 BSSID=f4:6d:2f:12:cc:88 RSSI=-41 for "ourhome"WPA_PSK
10-22 19:51:23.264 27724 28038 I BatteryMgr:DataCollectionService: stats => 1697997083264,-6,4160,-34,0,100
10-22 19:51:23.317  3957  4129 D WifiStateMachine:  ConnectedState !CMD_RSSI_POLL rt=603489902/1659465374 122 0 "ourhome" f4:6d:2f:12:cc:88 rssi=-41 f=5240 sc=60 link=433 tx=2.2, 0.0, 0.0  rx=7.6 bcn=600003 [on:0 tx:0 rx:0 period:63] from screen [on:340546 period:2026985] score=60
10-22 19:51:23.318  3957  4129 D WifiStateMachine:  L2ConnectedState !CMD_RSSI_POLL rt=603489903/1659465375 122 0 "ourhome" f4:6d:2f:12:cc:88 rssi=-41 f=5240 sc=60 link=433 tx=2.2, 0.0, 0.0  rx=7.6 bcn=600003 [on:0 tx:0 rx:0 period:1] from screen [on:340546 period:2026986] score=60
10-22 19:51:23.319  3957  4129 D WifiStateMachine:  get link layer stats 3
10-22 19:51:23.319  3436  3436 I android.hardware.wifi@1.0-service: getLinkLayerStats
10-22 19:51:23.338  3957  4129 D WifiStateMachine: fetchRssiLinkSpeedAndFrequencyNative rssi=-41 linkspeed=433 freq=5240
10-22 19:51:23.338  3957  4129 V WifiConfigManager: Updating scan detail cache freq=5240 BSSID=f4:6d:2f:12:cc:88 RSSI=-41 for "ourhome"WPA_PSK
10-22 19:51:23.340  4340  4340 E SignalClusterView: setSlotFocusVisible : subId -2
10-22 19:51:23.341  4340  4340 E SignalClusterView: setSlotFocusVisible : subId -2
10-22 19:51:23.370 27724 28038 I BatteryMgr:DataCollectionService: stats => 1697997083369,-6,4160,-34,0,100
10-22 19:51:23.475 27724 28038 I BatteryMgr:DataCollectionService: stats => 1697997083475,-6,4160,-34,0,100
10-22 19:51:23.582 27724 28038 I BatteryMgr:DataCollectionService: stats => 1697997083581,-6,4160,-34,0,100
10-22 19:51:23.687 27724 28038 I BatteryMgr:DataCollectionService: stats => 1697997083687,-6,4160,-34,0,100
10-22 19:51:23.692  3957  4128 D WifiService: getConnectionInfo uid=1000
10-22 19:51:23.791 27724 28038 I BatteryMgr:DataCollectionService: stats => 1697997083791,-6,4160,-34,0,100
10-22 19:51:23.896 27724 28038 I BatteryMgr:DataCollectionService: stats => 1697997083896,-6,4160,-34,0,100
10-22 19:51:24.000 27724 28038 I BatteryMgr:DataCollectionService: stats => 1697997084000,-6,4160,-34,0,100
10-22 19:51:24.105 27724 28038 I BatteryMgr:DataCollectionService: stats => 1697997084105,-6,4160,-34,0,100
10-22 19:51:24.209 27724 28038 I BatteryMgr:DataCollectionService: stats => 1697997084209,-6,4160,-34,0,100
10-22 19:51:24.255  3957  4129 D WifiStateMachine:  ConnectedState !RSSI_PKTCNT_FETCH uid=1000 rt=603490839/1659466311 0 0 "ourhome" f4:6d:2f:12:cc:88 rssi=-41 f=5240 sc=60 link=433 tx=0.8, 0.0, 0.0  rx=3.4 bcn=600032 [on:0 tx:0 rx:0 period:915] from screen [on:340659 period:2027923] score=60
10-22 19:51:24.256  3957  4129 D WifiStateMachine:  L2ConnectedState !RSSI_PKTCNT_FETCH uid=1000 rt=603490841/1659466313 0 0 "ourhome" f4:6d:2f:12:cc:88 rssi=-41 f=5240 sc=60 link=433 tx=0.8, 0.0, 0.0  rx=3.4 bcn=600032 [on:0 tx:0 rx:0 period:1] from screen [on:340659 period:2027924] score=60
10-22 19:51:24.262  3957  4129 D WifiStateMachine: fetchRssiLinkSpeedAndFrequencyNative rssi=-41 linkspeed=433 freq=5240
10-22 19:51:24.262  3957  4129 V WifiConfigManager: Updating scan detail cache freq=5240 BSSID=f4:6d:2f:12:cc:88 RSSI=-41 for "ourhome"WPA_PSK
10-22 19:51:24.314 27724 28038 I BatteryMgr:DataCollectionService: stats => 1697997084314,-6,4160,-34,0,100
10-22 19:51:24.418 27724 28038 I BatteryMgr:DataCollectionService: stats => 1697997084418,-6,4160,-34,0,100
10-22 19:51:24.522 27724 28038 I BatteryMgr:DataCollectionService: stats => 1697997084522,-6,4160,-34,0,100
10-22 19:51:24.627 27724 28038 I BatteryMgr:DataCollectionService: stats => 1697997084627,-6,4160,-34,0,100
10-22 19:51:24.694  3957  4128 D WifiService: getConnectionInfo uid=1000
10-22 19:51:24.732 27724 28038 I BatteryMgr:DataCollectionService: stats => 1697997084732,-6,4160,-34,0,100
10-22 19:51:24.820  4961  4961 D io_stats: !@ 179,0 r 10146632 333076948 w 2162441 42318260 d 174235 37268656 f 640416 665904 iot 4640368 3998530 th 51200 0 0 pt 0 inp 0 0 603491.405
10-22 19:51:24.836 27724 28038 I BatteryMgr:DataCollectionService: stats => 1697997084836,-6,4160,-34,0,100
10-22 19:51:24.943 27724 28038 I BatteryMgr:DataCollectionService: stats => 1697997084943,-6,4160,-34,0,100
10-22 19:51:25.048 27724 28038 I BatteryMgr:DataCollectionService: stats => 1697997085048,-6,4160,-34,0,100
10-22 19:51:25.154 27724 28038 I BatteryMgr:DataCollectionService: stats => 1697997085154,-6,4160,-34,0,100
10-22 19:51:25.256  3957  4129 D WifiStateMachine:  ConnectedState !RSSI_PKTCNT_FETCH uid=1000 rt=603491840/1659467312 0 0 "ourhome" f4:6d:2f:12:cc:88 rssi=-41 f=5240 sc=60 link=433 tx=0.8, 0.0, 0.0  rx=3.4 bcn=600032 [on:0 tx:0 rx:0 period:1000] from screen [on:340659 period:2028924] score=60
10-22 19:51:25.257  3957  4129 D WifiStateMachine:  L2ConnectedState !RSSI_PKTCNT_FETCH uid=1000 rt=603491842/1659467314 0 0 "ourhome" f4:6d:2f:12:cc:88 rssi=-41 f=5240 sc=60 link=433 tx=0.8, 0.0, 0.0  rx=3.4 bcn=600032 [on:0 tx:0 rx:0 period:1] from screen [on:340659 period:2028925] score=60
10-22 19:51:25.259  3957  4129 D WifiStateMachine: fetchRssiLinkSpeedAndFrequencyNative rssi=-42 linkspeed=433 freq=5240
10-22 19:51:25.259  3957  4129 V WifiConfigManager: Updating scan detail cache freq=5240 BSSID=f4:6d:2f:12:cc:88 RSSI=-41 for "ourhome"WPA_PSK
10-22 19:51:25.260 27724 28038 I BatteryMgr:DataCollectionService: stats => 1697997085260,-6,4160,-34,0,100
10-22 19:51:25.362  3957  6478 D SSRM:k  : SIOP:: AP = 450, PST = 425 (W:12), BAT = 293, USB = 0, CHG = 0
10-22 19:51:25.366 27724 28038 I BatteryMgr:DataCollectionService: stats => 1697997085365,-6,4160,-34,0,100
10-22 19:51:25.469 27724 28038 I BatteryMgr:DataCollectionService: stats => 1697997085469,-6,4160,-34,0,100
10-22 19:51:25.576 27724 28038 I BatteryMgr:DataCollectionService: stats => 1697997085576,-6,4160,-34,0,100
10-22 19:51:25.681 27724 28038 I BatteryMgr:DataCollectionService: stats => 1697997085681,-6,4160,-34,0,100
10-22 19:51:25.696  3957  4128 D WifiService: getConnectionInfo uid=1000
10-22 19:51:25.789 27724 28038 I BatteryMgr:DataCollectionService: stats => 1697997085788,-6,4160,-34,0,100
10-22 19:51:25.895 27724 28038 I BatteryMgr:DataCollectionService: stats => 1697997085895,-6,4160,-34,0,100
10-22 19:51:26.000 27724 28038 I BatteryMgr:DataCollectionService: stats => 1697997086000,-6,4160,-34,0,100
10-22 19:51:26.106 27724 28038 I BatteryMgr:DataCollectionService: stats => 1697997086106,-6,4160,-34,0,100
10-22 19:51:26.210 27724 28038 I BatteryMgr:DataCollectionService: stats => 1697997086210,-6,4160,-34,0,100
10-22 19:51:26.256  3957  4129 D WifiStateMachine:  ConnectedState !RSSI_PKTCNT_FETCH uid=1000 rt=603492841/1659468313 0 0 "ourhome" f4:6d:2f:12:cc:88 rssi=-42 f=5240 sc=60 link=433 tx=0.8, 0.0, 0.0  rx=3.4 bcn=600032 [on:0 tx:0 rx:0 period:999] from screen [on:340659 period:2029924] score=60
10-22 19:51:26.258  3957  4129 D WifiStateMachine:  L2ConnectedState !RSSI_PKTCNT_FETCH uid=1000 rt=603492842/1659468315 0 0 "ourhome" f4:6d:2f:12:cc:88 rssi=-42 f=5240 sc=60 link=433 tx=0.8, 0.0, 0.0  rx=3.4 bcn=600032 [on:0 tx:0 rx:0 period:2] from screen [on:340659 period:2029926] score=60
10-22 19:51:26.264  3957  4129 D WifiStateMachine: fetchRssiLinkSpeedAndFrequencyNative rssi=-43 linkspeed=433 freq=5240
10-22 19:51:26.264  3957  4129 V WifiConfigManager: Updating scan detail cache freq=5240 BSSID=f4:6d:2f:12:cc:88 RSSI=-42 for "ourhome"WPA_PSK
10-22 19:51:26.316 27724 28038 I BatteryMgr:DataCollectionService: stats => 1697997086315,-6,4160,-34,0,100
10-22 19:51:26.340  3957  4129 D WifiStateMachine:  ConnectedState !CMD_RSSI_POLL rt=603492924/1659468397 122 0 "ourhome" f4:6d:2f:12:cc:88 rssi=-43 f=5240 sc=60 link=433 tx=0.8, 0.0, 0.0  rx=3.4 bcn=600032 [on:0 tx:0 rx:0 period:81] from screen [on:340659 period:2030007] score=60
