10-22 19:50:18.184  3957  4129 D WifiStateMachine:  ConnectedState !RSSI_PKTCNT_FETCH uid=1000 rt=603424767/1659400240 0 0 "ourhome" f4:6d:2f:12:cc:88 rssi=-46 f=5240 sc=60 link=433 tx=287.8, 5.2, 0.0  rx=426.7 bcn=599393 [on:0 tx:0 rx:0 period:1002] from screen [on:327906 period:1961852] score=60
10-22 19:50:18.185  3957  4129 D WifiStateMachine:  L2ConnectedState !RSSI_PKTCNT_FETCH uid=1000 rt=603424770/1659400242 0 0 "ourhome" f4:6d:2f:12:cc:88 rssi=-46 f=5240 sc=60 link=433 tx=287.8, 5.2, 0.0  rx=426.7 bcn=599393 [on:0 tx:0 rx:0 period:1] from screen [on:327906 period:1961853] score=60
10-22 19:50:18.187  3957  4129 D WifiStateMachine: fetchRssiLinkSpeedAndFrequencyNative rssi=-45 linkspeed=433 freq=5240
10-22 19:50:18.187  3957  4129 V WifiConfigManager: Updating scan detail cache freq=5240 BSSID=f4:6d:2f:12:cc:88 RSSI=-45 for "ourhome"WPA_PSK
10-22 19:50:18.242 27724 28038 I BatteryMgr:DataCollectionService: stats => 1697997018242,-158,4160,-155,0,100
10-22 19:50:18.353 27724 28038 I BatteryMgr:DataCollectionService: stats => 1697997018353,-158,4160,-155,0,100
10-22 19:50:18.462 27724 28038 I BatteryMgr:DataCollectionService: stats => 1697997018462,-158,4160,-155,0,100
10-22 19:50:18.563  3957  4128 D WifiService: getConnectionInfo uid=1000
10-22 19:50:18.569 27724 28038 I BatteryMgr:DataCollectionService: stats => 1697997018569,-158,4160,-155,0,100
10-22 19:50:18.678 27724 28038 I BatteryMgr:DataCollectionService: stats => 1697997018678,-158,4160,-155,0,100
10-22 19:50:18.785 27724 28038 I BatteryMgr:DataCollectionService: stats => 1697997018785,-158,4160,-155,0,100
10-22 19:50:18.893 27724 28038 I BatteryMgr:DataCollectionService: stats => 1697997018892,-158,4160,-155,0,100
10-22 19:50:19.001 27724 28038 I BatteryMgr:DataCollectionService: stats => 1697997019000,-158,4160,-155,0,100
10-22 19:50:19.111 27724 28038 I BatteryMgr:DataCollectionService: stats => 1697997019111,-158,4160,-155,0,100
10-22 19:50:19.120 27920 28001 V Surface : sf_framedrop debug : 0x4f4c, game : false, logging : 0
10-22 19:50:19.120 27920 28001 D mali_winsys: EGLint new_window_surface(egl_winsys_display *, void *, EGLSurface, EGLConfig, egl_winsys_surface **, egl_color_buffer_format *, EGLBoolean) returns 0x3000,  [372x514]-format:1
10-22 19:50:19.185  3957  4129 D WifiStateMachine:  ConnectedState !RSSI_PKTCNT_FETCH uid=1000 rt=603425768/1659401241 0 0 "ourhome" f4:6d:2f:12:cc:88 rssi=-45 f=5240 sc=60 link=433 tx=287.8, 5.2, 0.0  rx=426.7 bcn=599393 [on:0 tx:0 rx:0 period:1000] from screen [on:327906 period:1962853] score=60
10-22 19:50:19.186  3957  4129 D WifiStateMachine:  L2ConnectedState !RSSI_PKTCNT_FETCH uid=1000 rt=603425771/1659401243 0 0 "ourhome" f4:6d:2f:12:cc:88 rssi=-45 f=5240 sc=60 link=433 tx=287.8, 5.2, 0.0  rx=426.7 bcn=599393 [on:0 tx:0 rx:0 period:1] from screen [on:327906 period:1962854] score=60
10-22 19:50:19.188  3957  4129 D WifiStateMachine: fetchRssiLinkSpeedAndFrequencyNative rssi=-43 linkspeed=433 freq=5240
10-22 19:50:19.188  3957  4129 V WifiConfigManager: Updating scan detail cache freq=5240 BSSID=f4:6d:2f:12:cc:88 RSSI=-43 for "ourhome"WPA_PSK
10-22 19:50:19.220 27724 28038 I BatteryMgr:DataCollectionService: stats => 1697997019220,-158,4160,-155,0,100
10-22 19:50:19.227 27920 28001 V Surface : sf_framedrop debug : 0x4f4c, game : false, logging : 0
10-22 19:50:19.228 27920 28001 D mali_winsys: EGLint new_window_surface(egl_winsys_display *, void *, EGLSurface, EGLConfig, egl_winsys_surface **, egl_color_buffer_format *, EGLBoolean) returns 0x3000,  [372x514]-format:1
10-22 19:50:19.329 27724 28038 I BatteryMgr:DataCollectionService: stats => 1697997019329,-158,4160,-155,0,100
10-22 19:50:19.359 27920 28001 V Surface : sf_framedrop debug : 0x4f4c, game : false, logging : 0
10-22 19:50:19.360 27920 28001 D mali_winsys: EGLint new_window_surface(egl_winsys_display *, void *, EGLSurface, EGLConfig, egl_winsys_surface **, egl_color_buffer_format *, EGLBoolean) returns 0x3000,  [372x514]-format:1
10-22 19:50:19.434 27920 28001 V Surface : sf_framedrop debug : 0x4f4c, game : false, logging : 0
10-22 19:50:19.435 27920 28001 D mali_winsys: EGLint new_window_surface(egl_winsys_display *, void *, EGLSurface, EGLConfig, egl_winsys_surface **, egl_color_buffer_format *, EGLBoolean) returns 0x3000,  [372x514]-format:1
10-22 19:50:19.442 27724 28038 I BatteryMgr:DataCollectionService: stats => 1697997019441,-158,4160,-155,0,100
10-22 19:50:19.552 27724 28038 I BatteryMgr:DataCollectionService: stats => 1697997019552,-158,4160,-155,0,100
10-22 19:50:19.565  3957  4128 D WifiService: getConnectionInfo uid=1000
10-22 19:50:19.659 27724 28038 I BatteryMgr:DataCollectionService: stats => 1697997019659,-158,4160,-155,0,100
10-22 19:50:19.766 27724 28038 I BatteryMgr:DataCollectionService: stats => 1697997019765,-158,4160,-155,0,100
10-22 19:50:19.795  4961  4961 D io_stats: !@ 179,0 r 10145921 333064756 w 2162268 42315412 d 174212 37267316 f 640403 665887 iot 4640092 3998291 th 51200 0 0 pt 0 inp 0 0 603426.380
10-22 19:50:19.877 27724 28038 I BatteryMgr:DataCollectionService: stats => 1697997019877,-158,4160,-155,0,100
10-22 19:50:19.934  3957  4129 D WifiStateMachine:  ConnectedState !CMD_RSSI_POLL rt=603426519/1659401991 122 0 "ourhome" f4:6d:2f:12:cc:88 rssi=-43 f=5240 sc=60 link=433 tx=287.8, 5.2, 0.0  rx=426.7 bcn=599393 [on:0 tx:0 rx:0 period:748] from screen [on:327906 period:1963602] score=60
10-22 19:50:19.936  3957  4129 D WifiStateMachine:  L2ConnectedState !CMD_RSSI_POLL rt=603426520/1659401993 122 0 "ourhome" f4:6d:2f:12:cc:88 rssi=-43 f=5240 sc=60 link=433 tx=287.8, 5.2, 0.0  rx=426.7 bcn=599393 [on:0 tx:0 rx:0 period:2] from screen [on:327906 period:1963604] score=60
10-22 19:50:19.936  3957  4129 D WifiStateMachine:  get link layer stats 3
10-22 19:50:19.937  3436  3436 I android.hardware.wifi@1.0-service: getLinkLayerStats
10-22 19:50:19.955  3957  4129 D WifiStateMachine: fetchRssiLinkSpeedAndFrequencyNative rssi=-42 linkspeed=433 freq=5240
10-22 19:50:19.955  3957  4129 V WifiConfigManager: Updating scan detail cache freq=5240 BSSID=f4:6d:2f:12:cc:88 RSSI=-42 for "ourhome"WPA_PSK
10-22 19:50:19.961  4340  4340 E SignalClusterView: setSlotFocusVisible : subId -2
10-22 19:50:19.961  4340  4340 E SignalClusterView: setSlotFocusVisible : subId -2
10-22 19:50:19.984 27724 28038 I BatteryMgr:DataCollectionService: stats => 1697997019984,-158,4160,-155,0,100
10-22 19:50:20.020  4340  4731 D NetworkController.MobileSignalController(0/-2): onSignalStrengthsChanged signalStrength=SignalStrength: 24 99 -24 -200 -24 -200 -1 99 2147483647 2147483647 2147483647 2147483647 0 2147483647 0x4 P gsm|lte level=4
10-22 19:50:20.020  4340  4731 D NetworkController.MobileSignalController(0/-2): getMobileIconGroup(): 0
10-22 19:50:20.092 27724 28038 I BatteryMgr:DataCollectionService: stats => 1697997020092,-158,4160,-155,0,100
10-22 19:50:20.184  3957  4129 D WifiStateMachine:  ConnectedState !RSSI_PKTCNT_FETCH uid=1000 rt=603426768/1659402241 0 0 "ourhome" f4:6d:2f:12:cc:88 rssi=-42 f=5240 sc=60 link=433 tx=122.9, 1.9, 0.0  rx=177.4 bcn=599423 [on:0 tx:0 rx:0 period:226] from screen [on:329848 period:1963852] score=60
10-22 19:50:20.185  3957  4129 D WifiStateMachine:  L2ConnectedState !RSSI_PKTCNT_FETCH uid=1000 rt=603426770/1659402242 0 0 "ourhome" f4:6d:2f:12:cc:88 rssi=-42 f=5240 sc=60 link=433 tx=122.9, 1.9, 0.0  rx=177.4 bcn=599423 [on:0 tx:0 rx:0 period:1] from screen [on:329848 period:1963853] score=60
10-22 19:50:20.191  3957  4129 D WifiStateMachine: fetchRssiLinkSpeedAndFrequencyNative rssi=-42 linkspeed=433 freq=5240
10-22 19:50:20.191  3957  4129 V WifiConfigManager: Updating scan detail cache freq=5240 BSSID=f4:6d:2f:12:cc:88 RSSI=-42 for "ourhome"WPA_PSK
10-22 19:50:20.201 27724 28038 I BatteryMgr:DataCollectionService: stats => 1697997020201,-158,4160,-155,0,100
10-22 19:50:20.310 27724 28038 I BatteryMgr:DataCollectionService: stats => 1697997020310,-158,4160,-155,0,100
10-22 19:50:20.417 27724 28038 I BatteryMgr:DataCollectionService: stats => 1697997020417,-158,4160,-155,0,100
10-22 19:50:20.524 27724 28038 I BatteryMgr:DataCollectionService: stats => 1697997020523,-158,4160,-155,0,100
10-22 19:50:20.567  3957  4128 D WifiService: getConnectionInfo uid=1000
10-22 19:50:20.631 27724 28038 I BatteryMgr:DataCollectionService: stats => 1697997020631,-158,4160,-155,0,100
10-22 19:50:20.739 27724 28038 I BatteryMgr:DataCollectionService: stats => 1697997020739,-158,4160,-155,0,100
10-22 19:50:20.847 27724 28038 I BatteryMgr:DataCollectionService: stats => 1697997020847,-158,4160,-155,0,100
10-22 19:50:20.953 27724 28038 I BatteryMgr:DataCollectionService: stats => 1697997020953,-158,4160,-155,0,100
10-22 19:50:21.062 27724 28038 I BatteryMgr:DataCollectionService: stats => 1697997021062,-158,4160,-155,0,100
10-22 19:50:21.168 27724 28038 I BatteryMgr:DataCollectionService: stats => 1697997021168,-158,4160,-155,0,100
10-22 19:50:21.185  3957  4129 D WifiStateMachine:  ConnectedState !RSSI_PKTCNT_FETCH uid=1000 rt=603427770/1659403242 0 0 "ourhome" f4:6d:2f:12:cc:88 rssi=-42 f=5240 sc=60 link=433 tx=122.9, 1.9, 0.0  rx=177.4 bcn=599423 [on:0 tx:0 rx:0 period:1000] from screen [on:329848 period:1964853] score=60
10-22 19:50:21.186  3957  4129 D WifiStateMachine:  L2ConnectedState !RSSI_PKTCNT_FETCH uid=1000 rt=603427771/1659403243 0 0 "ourhome" f4:6d:2f:12:cc:88 rssi=-42 f=5240 sc=60 link=433 tx=122.9, 1.9, 0.0  rx=177.4 bcn=599423 [on:0 tx:0 rx:0 period:1] from screen [on:329848 period:1964854] score=60
10-22 19:50:21.193  3957  4129 D WifiStateMachine: fetchRssiLinkSpeedAndFrequencyNative rssi=-42 linkspeed=433 freq=5240
10-22 19:50:21.193  3957  4129 V WifiConfigManager: Updating scan detail cache freq=5240 BSSID=f4:6d:2f:12:cc:88 RSSI=-42 for "ourhome"WPA_PSK
10-22 19:50:21.277 27724 28038 I BatteryMgr:DataCollectionService: stats => 1697997021277,-158,4160,-155,0,100
10-22 19:50:21.383 27724 28038 I BatteryMgr:DataCollectionService: stats => 1697997021383,-158,4160,-155,0,100
10-22 19:50:21.492 27724 28038 I BatteryMgr:DataCollectionService: stats => 1697997021491,-158,4160,-155,0,100
10-22 19:50:21.569  3957  4128 D WifiService: getConnectionInfo uid=1000
10-22 19:50:21.602 27724 28038 I BatteryMgr:DataCollectionService: stats => 1697997021602,-158,4160,-155,0,100
10-22 19:50:21.710 27724 28038 I BatteryMgr:DataCollectionService: stats => 1697997021710,-158,4160,-155,0,100
10-22 19:50:21.821 27724 28038 I BatteryMgr:DataCollectionService: stats => 1697997021821,-158,4160,-155,0,100
10-22 19:50:21.928 27724 28038 I BatteryMgr:DataCollectionService: stats => 1697997021928,-158,4160,-155,0,100
10-22 19:50:22.034 27724 28038 I BatteryMgr:DataCollectionService: stats => 1697997022034,-158,4160,-155,0,100
10-22 19:50:22.140 27724 28038 I BatteryMgr:DataCollectionService: stats => 1697997022140,-158,4160,-155,0,100
10-22 19:50:22.186  3957  4129 D WifiStateMachine:  ConnectedState !RSSI_PKTCNT_FETCH uid=1000 rt=603428771/1659404243 0 0 "ourhome" f4:6d:2f:12:cc:88 rssi=-42 f=5240 sc=60 link=433 tx=122.9, 1.9, 0.0  rx=177.4 bcn=599423 [on:0 tx:0 rx:0 period:1000] from screen [on:329848 period:1965854] score=60
10-22 19:50:22.187  3957  4129 D WifiStateMachine:  L2ConnectedState !RSSI_PKTCNT_FETCH uid=1000 rt=603428771/1659404244 0 0 "ourhome" f4:6d:2f:12:cc:88 rssi=-42 f=5240 sc=60 link=433 tx=122.9, 1.9, 0.0  rx=177.4 bcn=599423 [on:0 tx:0 rx:0 period:1] from screen [on:329848 period:1965855] score=60
10-22 19:50:22.193  3957  4129 D WifiStateMachine: fetchRssiLinkSpeedAndFrequencyNative rssi=-42 linkspeed=433 freq=5240
10-22 19:50:22.193  3957  4129 V WifiConfigManager: Updating scan detail cache freq=5240 BSSID=f4:6d:2f:12:cc:88 RSSI=-42 for "ourhome"WPA_PSK
10-22 19:50:22.248 27724 28038 I BatteryMgr:DataCollectionService: stats => 1697997022248,-158,4160,-155,0,100
10-22 19:50:22.260  3957  4030 D SensorService: [SO] 0.220 -0.086 9.946
10-22 19:50:22.355 27724 28038 I BatteryMgr:DataCollectionService: stats => 1697997022355,-158,4160,-155,0,100
10-22 19:50:22.462 27724 28038 I BatteryMgr:DataCollectionService: stats => 1697997022462,-158,4160,-155,0,100
10-22 19:50:22.568  9273  9310 D ScanRecord: Not a Multi Manu data
10-22 19:50:22.568  9273  9310 I chatty  : uid=1002(bluetooth) BT Service Call identical 9 lines
10-22 19:50:22.568  9273  9310 D ScanRecord: Not a Multi Manu data
10-22 19:50:22.569 27724 28038 I BatteryMgr:DataCollectionService: stats => 1697997022568,-158,4160,-155,0,100
10-22 19:50:22.569  9273  9310 D ScanRecord: Not a Multi Manu data
10-22 19:50:22.570  9273  9310 I chatty  : uid=1002(bluetooth) BT Service Call identical 9 lines
10-22 19:50:22.570  9273  9310 D ScanRecord: Not a Multi Manu data
10-22 19:50:22.571  3957  4128 D WifiService: getConnectionInfo uid=1000
10-22 19:50:22.585  9273  9310 D ScanRecord: Not a Multi Manu data
10-22 19:50:22.673  9273  9310 I chatty  : uid=1002(bluetooth) BT Service Call identical 119 lines
10-22 19:50:22.673  9273  9310 D ScanRecord: Not a Multi Manu data
10-22 19:50:22.676 27724 28038 I BatteryMgr:DataCollectionService: stats => 1697997022676,-158,4160,-155,0,100
10-22 19:50:22.715  9273  9310 D ScanRecord: Not a Multi Manu data
10-22 19:50:22.773  9273  9310 I chatty  : uid=1002(bluetooth) BT Service Call identical 108 lines
10-22 19:50:22.773  9273  9310 D ScanRecord: Not a Multi Manu data
10-22 19:50:22.784 27724 28038 I BatteryMgr:DataCollectionService: stats => 1697997022784,-158,4160,-155,0,100
10-22 19:50:22.791  9273  9310 D ScanRecord: Not a Multi Manu data
10-22 19:50:22.881  9273  9310 I chatty  : uid=1002(bluetooth) BT Service Call identical 119 lines
10-22 19:50:22.881  9273  9310 D ScanRecord: Not a Multi Manu data
10-22 19:50:22.893 27724 28038 I BatteryMgr:DataCollectionService: stats => 1697997022893,-158,4160,-155,0,100
10-22 19:50:22.897  9273  9310 D ScanRecord: Not a Multi Manu data
10-22 19:50:22.944  9273  9310 I chatty  : uid=1002(bluetooth) BT Service Call identical 31 lines
10-22 19:50:22.944  9273  9310 D ScanRecord: Not a Multi Manu data
10-22 19:50:22.958  3957  4129 D WifiStateMachine:  ConnectedState !CMD_RSSI_POLL rt=603429542/1659405015 122 0 "ourhome" f4:6d:2f:12:cc:88 rssi=-42 f=5240 sc=60 link=433 tx=122.9, 1.9, 0.0  rx=177.4 bcn=599423 [on:0 tx:0 rx:0 period:771] from screen [on:329848 period:1966626] score=60
10-22 19:50:22.959  3957  4129 D WifiStateMachine:  L2ConnectedState !CMD_RSSI_POLL rt=603429544/1659405016 122 0 "ourhome" f4:6d:2f:12:cc:88 rssi=-42 f=5240 sc=60 link=433 tx=122.9, 1.9, 0.0  rx=177.4 bcn=599423 [on:0 tx:0 rx:0 period:1] from screen [on:329848 period:1966627] score=60
10-22 19:50:22.959  3957  4129 D WifiStateMachine:  get link layer stats 3
10-22 19:50:22.960  3436  3436 I android.hardware.wifi@1.0-service: getLinkLayerStats
10-22 19:50:22.963  3957  4129 D WifiStateMachine: fetchRssiLinkSpeedAndFrequencyNative rssi=-42 linkspeed=433 freq=5240
10-22 19:50:22.964  3957  4129 V WifiConfigManager: Updating scan detail cache freq=5240 BSSID=f4:6d:2f:12:cc:88 RSSI=-42 for "ourhome"WPA_PSK
10-22 19:50:22.967  4340  4340 E SignalClusterView: setSlotFocusVisible : subId -2
10-22 19:50:22.967  4340  4340 E SignalClusterView: setSlotFocusVisible : subId -2
10-22 19:50:22.974  9273  9310 D ScanRecord: Not a Multi Manu data
10-22 19:50:22.994  9273  9310 I chatty  : uid=1002(bluetooth) BT Service Call identical 53 lines
10-22 19:50:22.994  9273  9310 D ScanRecord: Not a Multi Manu data
10-22 19:50:23.002 27724 28038 I BatteryMgr:DataCollectionService: stats => 1697997023002,-158,4160,-155,0,100
10-22 19:50:23.005  9273  9310 D ScanRecord: Not a Multi Manu data
10-22 19:50:23.036  9273  9310 I chatty  : uid=1002(bluetooth) BT Service Call identical 42 lines
10-22 19:50:23.036  9273  9310 D ScanRecord: Not a Multi Manu data
10-22 19:50:23.108 27724 28038 I BatteryMgr:DataCollectionService: stats => 1697997023107,-158,4160,-155,0,100
10-22 19:50:23.187  3957  4129 D WifiStateMachine:  ConnectedState !RSSI_PKTCNT_FETCH uid=1000 rt=603429771/1659405244 0 0 "ourhome" f4:6d:2f:12:cc:88 rssi=-42 f=5240 sc=60 link=433 tx=45.0, 0.7, 0.0  rx=65.0 bcn=599452 [on:0 tx:0 rx:0 period:222] from screen [on:329912 period:1966855] score=60
10-22 19:50:23.188  3957  4129 D WifiStateMachine:  L2ConnectedState !RSSI_PKTCNT_FETCH uid=1000 rt=603429773/1659405245 0 0 "ourhome" f4:6d:2f:12:cc:88 rssi=-42 f=5240 sc=60 link=433 tx=45.0, 0.7, 0.0  rx=65.0 bcn=599452 [on:0 tx:0 rx:0 period:1] from screen [on:329912 period:1966856] score=60
10-22 19:50:23.191  3957  4129 D WifiStateMachine: fetchRssiLinkSpeedAndFrequencyNative rssi=-42 linkspeed=433 freq=5240
10-22 19:50:23.191  3957  4129 V WifiConfigManager: Updating scan detail cache freq=5240 BSSID=f4:6d:2f:12:cc:88 RSSI=-42 for "ourhome"WPA_PSK
10-22 19:50:23.216 27724 28038 I BatteryMgr:DataCollectionService: stats => 1697997023216,-158,4160,-155,0,100
10-22 19:50:23.324 27724 28038 I BatteryMgr:DataCollectionService: stats => 1697997023324,-158,4160,-155,0,100
10-22 19:50:23.432 27724 28038 I BatteryMgr:DataCollectionService: stats => 1697997023432,-158,4160,-155,0,100
10-22 19:50:23.539 27724 28038 I BatteryMgr:DataCollectionService: stats => 1697997023539,-158,4160,-155,0,100
10-22 19:50:23.573  3957  4128 D WifiService: getConnectionInfo uid=1000
10-22 19:50:23.648 27724 28038 I BatteryMgr:DataCollectionService: stats => 1697997023648,-158,4160,-155,0,100
10-22 19:50:23.756 27724 28038 I BatteryMgr:DataCollectionService: stats => 1697997023756,-158,4160,-155,0,100
10-22 19:50:23.865 27724 28038 I BatteryMgr:DataCollectionService: stats => 1697997023865,-158,4160,-155,0,100
10-22 19:50:23.972 27724 28038 I BatteryMgr:DataCollectionService: stats => 1697997023972,-158,4160,-155,0,100
10-22 19:50:24.079 27724 28038 I BatteryMgr:DataCollectionService: stats => 1697997024079,-158,4160,-155,0,100
10-22 19:50:24.188  3957  4129 D WifiStateMachine:  ConnectedState !RSSI_PKTCNT_FETCH uid=1000 rt=603430772/1659406245 0 0 "ourhome" f4:6d:2f:12:cc:88 rssi=-42 f=5240 sc=60 link=433 tx=45.0, 0.7, 0.0  rx=65.0 bcn=599452 [on:0 tx:0 rx:0 period:1000] from screen [on:329912 period:1967856] score=60
10-22 19:50:24.191  3957  4129 D WifiStateMachine:  L2ConnectedState !RSSI_PKTCNT_FETCH uid=1000 rt=603430774/1659406247 0 0 "ourhome" f4:6d:2f:12:cc:88 rssi=-42 f=5240 sc=60 link=433 tx=45.0, 0.7, 0.0  rx=65.0 bcn=599452 [on:0 tx:0 rx:0 period:2] from screen [on:329912 period:1967858] score=60
10-22 19:50:24.193 27724 28038 I BatteryMgr:DataCollectionService: stats => 1697997024192,-158,4160,-155,0,100
10-22 19:50:24.201  3957  4129 D WifiStateMachine: fetchRssiLinkSpeedAndFrequencyNative rssi=-42 linkspeed=433 freq=5240
10-22 19:50:24.201  3957  4129 V WifiConfigManager: Updating scan detail cache freq=5240 BSSID=f4:6d:2f:12:cc:88 RSSI=-42 for "ourhome"WPA_PSK
10-22 19:50:24.301 27724 28038 I BatteryMgr:DataCollectionService: stats => 1697997024301,-158,4160,-155,0,100
10-22 19:50:24.408 27724 28038 I BatteryMgr:DataCollectionService: stats => 1697997024408,-158,4160,-155,0,100
10-22 19:50:24.518 27724 28038 I BatteryMgr:DataCollectionService: stats => 1697997024518,-158,4160,-155,0,100
10-22 19:50:24.575  3957  4128 D WifiService: getConnectionInfo uid=1000
10-22 19:50:24.625 27724 28038 I BatteryMgr:DataCollectionService: stats => 1697997024625,-158,4160,-155,0,100
10-22 19:50:24.732 27724 28038 I BatteryMgr:DataCollectionService: stats => 1697997024732,-158,4160,-155,0,100
10-22 19:50:24.797  4961  4961 D io_stats: !@ 179,0 r 10145921 333064756 w 2162278 42315696 d 174218 37267704 f 640404 665888 iot 4640104 3998305 th 51200 0 0 pt 0 inp 0 0 603431.382
10-22 19:50:24.840 27724 28038 I BatteryMgr:DataCollectionService: stats => 1697997024840,-158,4160,-155,0,100
10-22 19:50:24.948 27724 28038 I BatteryMgr:DataCollectionService: stats => 1697997024948,-158,4160,-155,0,100
10-22 19:50:25.058  3957  6478 D SSRM:k  : SIOP:: AP = 430, PST = 362 (W:10), BAT = 293, USB = 0, CHG = 0
10-22 19:50:25.062 27724 28038 I BatteryMgr:DataCollectionService: stats => 1697997025056,-158,4160,-155,0,100
10-22 19:50:25.170 27724 28038 I BatteryMgr:DataCollectionService: stats => 1697997025170,-158,4160,-155,0,100
10-22 19:50:25.189  3957  4129 D WifiStateMachine:  ConnectedState !RSSI_PKTCNT_FETCH uid=1000 rt=603431774/1659407247 0 0 "ourhome" f4:6d:2f:12:cc:88 rssi=-42 f=5240 sc=60 link=433 tx=45.0, 0.7, 0.0  rx=65.0 bcn=599452 [on:0 tx:0 rx:0 period:999] from screen [on:329912 period:1968857] score=60
10-22 19:50:25.190  3957  4129 D WifiStateMachine:  L2ConnectedState !RSSI_PKTCNT_FETCH uid=1000 rt=603431775/1659407248 0 0 "ourhome" f4:6d:2f:12:cc:88 rssi=-42 f=5240 sc=60 link=433 tx=45.0, 0.7, 0.0  rx=65.0 bcn=599452 [on:0 tx:0 rx:0 period:1] from screen [on:329912 period:1968858] score=60
10-22 19:50:25.196  3957  4129 D WifiStateMachine: fetchRssiLinkSpeedAndFrequencyNative rssi=-43 linkspeed=433 freq=5240
10-22 19:50:25.196  3957  4129 V WifiConfigManager: Updating scan detail cache freq=5240 BSSID=f4:6d:2f:12:cc:88 RSSI=-42 for "ourhome"WPA_PSK
10-22 19:50:25.276 27724 28038 I BatteryMgr:DataCollectionService: stats => 1697997025276,-158,4160,-155,0,100
10-22 19:50:25.384 27724 28038 I BatteryMgr:DataCollectionService: stats => 1697997025383,-158,4160,-155,0,100
10-22 19:50:25.491 27724 28038 I BatteryMgr:DataCollectionService: stats => 1697997025491,-158,4160,-155,0,100
10-22 19:50:25.577  3957  4128 D WifiService: getConnectionInfo uid=1000
10-22 19:50:25.600 27724 28038 I BatteryMgr:DataCollectionService: stats => 1697997025599,-158,4160,-155,0,100
10-22 19:50:25.706 27724 28038 I BatteryMgr:DataCollectionService: stats => 1697997025705,-158,4160,-155,0,100
10-22 19:50:25.814 27724 28038 I BatteryMgr:DataCollectionService: stats => 1697997025813,-158,4160,-155,0,100
10-22 19:50:25.920 27724 28038 I BatteryMgr:DataCollectionService: stats => 1697997025920,-158,4160,-155,0,100
10-22 19:50:25.965  3957  4129 D WifiStateMachine:  ConnectedState !CMD_RSSI_POLL rt=603432550/1659408022 122 0 "ourhome" f4:6d:2f:12:cc:88 rssi=-43 f=5240 sc=60 link=433 tx=45.0, 0.7, 0.0  rx=65.0 bcn=599452 [on:0 tx:0 rx:0 period:775] from screen [on:329912 period:1969633] score=60
10-22 19:50:25.967  3957  4129 D WifiStateMachine:  L2ConnectedState !CMD_RSSI_POLL rt=603432551/1659408024 122 0 "ourhome" f4:6d:2f:12:cc:88 rssi=-43 f=5240 sc=60 link=433 tx=45.0, 0.7, 0.0  rx=65.0 bcn=599452 [on:0 tx:0 rx:0 period:1] from screen [on:329912 period:1969634] score=60
10-22 19:50:25.967  3957  4129 D WifiStateMachine:  get link layer stats 3
10-22 19:50:25.967  3436  3436 I android.hardware.wifi@1.0-service: getLinkLayerStats
10-22 19:50:25.984  3957  4129 D WifiStateMachine: fetchRssiLinkSpeedAndFrequencyNative rssi=-43 linkspeed=433 freq=5240
10-22 19:50:25.985  3957  4129 V WifiConfigManager: Updating scan detail cache freq=5240 BSSID=f4:6d:2f:12:cc:88 RSSI=-42 for "ourhome"WPA_PSK
10-22 19:50:25.987  4340  4340 E SignalClusterView: setSlotFocusVisible : subId -2
10-22 19:50:25.988  4340  4340 E SignalClusterView: setSlotFocusVisible : subId -2
10-22 19:50:26.027 27724 28038 I BatteryMgr:DataCollectionService: stats => 1697997026027,-158,4160,-155,0,100
10-22 19:50:26.135 27724 28038 I BatteryMgr:DataCollectionService: stats => 1697997026135,-158,4160,-155,0,100
10-22 19:50:26.191  3957  4129 D WifiStateMachine:  ConnectedState !RSSI_PKTCNT_FETCH uid=1000 rt=603432775/1659408247 0 0 "ourhome" f4:6d:2f:12:cc:88 rssi=-43 f=5240 sc=60 link=433 tx=16.5, 0.3, 0.0  rx=24.4 bcn=599482 [on:0 tx:0 rx:0 period:204] from screen [on:330075 period:1969859] score=60
10-22 19:50:26.192  3957  4129 D WifiStateMachine:  L2ConnectedState !RSSI_PKTCNT_FETCH uid=1000 rt=603432777/1659408249 0 0 "ourhome" f4:6d:2f:12:cc:88 rssi=-43 f=5240 sc=60 link=433 tx=16.5, 0.3, 0.0  rx=24.4 bcn=599482 [on:0 tx:0 rx:0 period:1] from screen [on:330075 period:1969860] score=60
10-22 19:50:26.198  3957  4129 D WifiStateMachine: fetchRssiLinkSpeedAndFrequencyNative rssi=-43 linkspeed=433 freq=5240
10-22 19:50:26.199  3957  4129 V WifiConfigManager: Updating scan detail cache freq=5240 BSSID=f4:6d:2f:12:cc:88 RSSI=-42 for "ourhome"WPA_PSK
10-22 19:50:26.242 27724 28038 I BatteryMgr:DataCollectionService: stats => 1697997026242,-158,4160,-155,0,100
10-22 19:50:26.349 27724 28038 I BatteryMgr:DataCollectionService: stats => 1697997026349,-158,4160,-155,0,100
10-22 19:50:26.455 27724 28038 I BatteryMgr:DataCollectionService: stats => 1697997026455,-158,4160,-155,0,100
10-22 19:50:26.561 27724 28038 I BatteryMgr:DataCollectionService: stats => 1697997026561,-158,4160,-155,0,100
10-22 19:50:26.579  3957  4128 D WifiService: getConnectionInfo uid=1000
10-22 19:50:26.669 27724 28038 I BatteryMgr:DataCollectionService: stats => 1697997026669,-158,4160,-155,0,100
10-22 19:50:26.776 27724 28038 I BatteryMgr:DataCollectionService: stats => 1697997026776,-158,4160,-155,0,100
10-22 19:50:26.823  3957  3980 W StorageManager: getStorageFullBytes DEFAULT_FULL_THRESHOLD_BYTES : 20971520, threadhold : 20971520
10-22 19:50:26.823  3957  3980 W StorageManager: getStorageLowBytes lowPercent : 5, lowBytes : 1260145254, maxLowBytes : 524288000
10-22 19:50:26.826  3957  3980 W DeviceStorageMonitorService: updateBroadcasts(/data) oldLevel:0, newLevel:0, seq:1
10-22 19:50:26.827  3957  3980 W DeviceStorageMonitorService: updateBroadcasts_filenode(/data) fn_oldLevel:0, fn_newLevel:0, seq:1
10-22 19:50:26.884 27724 28038 I BatteryMgr:DataCollectionService: stats => 1697997026883,-158,4160,-155,0,100
10-22 19:50:26.990 27724 28038 I BatteryMgr:DataCollectionService: stats => 1697997026990,-158,4160,-155,0,100
10-22 19:50:27.101 27724 28038 I BatteryMgr:DataCollectionService: stats => 1697997027101,-158,4160,-155,0,100
10-22 19:50:27.192  3957  4129 D WifiStateMachine:  ConnectedState !RSSI_PKTCNT_FETCH uid=1000 rt=603433777/1659409250 0 0 "ourhome" f4:6d:2f:12:cc:88 rssi=-43 f=5240 sc=60 link=433 tx=16.5, 0.3, 0.0  rx=24.4 bcn=599482 [on:0 tx:0 rx:0 period:1000] from screen [on:330075 period:1970860] score=60
10-22 19:50:27.194  3957  4129 D WifiStateMachine:  L2ConnectedState !RSSI_PKTCNT_FETCH uid=1000 rt=603433778/1659409251 0 0 "ourhome" f4:6d:2f:12:cc:88 rssi=-43 f=5240 sc=60 link=433 tx=16.5, 0.3, 0.0  rx=24.4 bcn=599482 [on:0 tx:0 rx:0 period:2] from screen [on:330075 period:1970862] score=60
10-22 19:50:27.195  3957  4129 D WifiStateMachine: fetchRssiLinkSpeedAndFrequencyNative rssi=-43 linkspeed=433 freq=5240
10-22 19:50:27.195  3957  4129 V WifiConfigManager: Updating scan detail cache freq=5240 BSSID=f4:6d:2f:12:cc:88 RSSI=-42 for "ourhome"WPA_PSK
10-22 19:50:27.208 27724 28038 I BatteryMgr:DataCollectionService: stats => 1697997027208,-158,4160,-155,0,100
10-22 19:50:27.314 27724 28038 I BatteryMgr:DataCollectionService: stats => 1697997027314,-158,4160,-155,0,100
10-22 19:50:27.422 27724 28038 I BatteryMgr:DataCollectionService: stats => 1697997027421,-158,4160,-155,0,100
10-22 19:50:27.528 27724 28038 I BatteryMgr:DataCollectionService: stats => 1697997027528,-158,4160,-155,0,100
10-22 19:50:27.570  9273  9310 D ScanRecord: Not a Multi Manu data
10-22 19:50:27.581  9273  9310 I chatty  : uid=1002(bluetooth) BT Service Call identical 42 lines
10-22 19:50:27.581  9273  9310 D ScanRecord: Not a Multi Manu data
10-22 19:50:27.582  3957  4128 D WifiService: getConnectionInfo uid=1000
10-22 19:50:27.582  9273  9310 D ScanRecord: Not a Multi Manu data
10-22 19:50:27.636  9273  9310 I chatty  : uid=1002(bluetooth) BT Service Call identical 108 lines
10-22 19:50:27.636  9273  9310 D ScanRecord: Not a Multi Manu data
10-22 19:50:27.637 27724 28038 I BatteryMgr:DataCollectionService: stats => 1697997027637,-158,4160,-155,0,100
10-22 19:50:27.640  9273  9310 D ScanRecord: Not a Multi Manu data
10-22 19:50:27.741  9273  9310 I chatty  : uid=1002(bluetooth) BT Service Call identical 130 lines
10-22 19:50:27.741  9273  9310 D ScanRecord: Not a Multi Manu data
10-22 19:50:27.743 27724 28038 I BatteryMgr:DataCollectionService: stats => 1697997027743,-158,4160,-155,0,100
10-22 19:50:27.754  9273  9310 D ScanRecord: Not a Multi Manu data
10-22 19:50:27.847  9273  9310 I chatty  : uid=1002(bluetooth) BT Service Call identical 141 lines
10-22 19:50:27.847  9273  9310 D ScanRecord: Not a Multi Manu data
10-22 19:50:27.853 27724 28038 I BatteryMgr:DataCollectionService: stats => 1697997027853,-158,4160,-155,0,100
10-22 19:50:27.869  9273  9310 D ScanRecord: Not a Multi Manu data
10-22 19:50:27.957  9273  9310 I chatty  : uid=1002(bluetooth) BT Service Call identical 97 lines
10-22 19:50:27.957  9273  9310 D ScanRecord: Not a Multi Manu data
10-22 19:50:27.961 27724 28038 I BatteryMgr:DataCollectionService: stats => 1697997027960,-158,4160,-155,0,100
10-22 19:50:27.964  9273  9310 D ScanRecord: Not a Multi Manu data
10-22 19:50:28.059  9273  9310 I chatty  : uid=1002(bluetooth) BT Service Call identical 163 lines
10-22 19:50:28.059  9273  9310 D ScanRecord: Not a Multi Manu data
10-22 19:50:28.068 27724 28038 I BatteryMgr:DataCollectionService: stats => 1697997028068,-158,4160,-155,0,100
10-22 19:50:28.174 27724 28038 I BatteryMgr:DataCollectionService: stats => 1697997028174,-158,4160,-155,0,100
10-22 19:50:28.194  3957  4129 D WifiStateMachine:  ConnectedState !RSSI_PKTCNT_FETCH uid=1000 rt=603434779/1659410251 0 0 "ourhome" f4:6d:2f:12:cc:88 rssi=-43 f=5240 sc=60 link=433 tx=16.5, 0.3, 0.0  rx=24.4 bcn=599482 [on:0 tx:0 rx:0 period:1000] from screen [on:330075 period:1971862] score=60
10-22 19:50:28.196  3957  4129 D WifiStateMachine:  L2ConnectedState !RSSI_PKTCNT_FETCH uid=1000 rt=603434780/1659410253 0 0 "ourhome" f4:6d:2f:12:cc:88 rssi=-43 f=5240 sc=60 link=433 tx=16.5, 0.3, 0.0  rx=24.4 bcn=599482 [on:0 tx:0 rx:0 period:2] from screen [on:330075 period:1971864] score=60
10-22 19:50:28.202  3957  4129 D WifiStateMachine: fetchRssiLinkSpeedAndFrequencyNative rssi=-43 linkspeed=433 freq=5240
10-22 19:50:28.203  3957  4129 V WifiConfigManager: Updating scan detail cache freq=5240 BSSID=f4:6d:2f:12:cc:88 RSSI=-42 for "ourhome"WPA_PSK
10-22 19:50:28.280 27724 28038 I BatteryMgr:DataCollectionService: stats => 1697997028280,-158,4160,-155,0,100
10-22 19:50:28.387 27724 28038 I BatteryMgr:DataCollectionService: stats => 1697997028386,-158,4160,-155,0,100
10-22 19:50:28.493 27724 28038 I BatteryMgr:DataCollectionService: stats => 1697997028493,-158,4160,-155,0,100
10-22 19:50:28.584  3957  4128 D WifiService: getConnectionInfo uid=1000
10-22 19:50:28.601 27724 28038 I BatteryMgr:DataCollectionService: stats => 1697997028601,-158,4160,-155,0,100
10-22 19:50:28.708 27724 28038 I BatteryMgr:DataCollectionService: stats => 1697997028708,-158,4160,-155,0,100
10-22 19:50:28.817 27724 28038 I BatteryMgr:DataCollectionService: stats => 1697997028817,-158,4160,-155,0,100
10-22 19:50:28.922 27724 28038 I BatteryMgr:DataCollectionService: stats => 1697997028922,-158,4160,-155,0,100
10-22 19:50:28.987  3957  4129 D WifiStateMachine:  ConnectedState !CMD_RSSI_POLL rt=603435571/1659411044 122 0 "ourhome" f4:6d:2f:12:cc:88 rssi=-43 f=5240 sc=60 link=433 tx=16.5, 0.3, 0.0  rx=24.4 bcn=599482 [on:0 tx:0 rx:0 period:791] from screen [on:330075 period:1972655] score=60
10-22 19:50:28.988  3957  4129 D WifiStateMachine:  L2ConnectedState !CMD_RSSI_POLL rt=603435573/1659411045 122 0 "ourhome" f4:6d:2f:12:cc:88 rssi=-43 f=5240 sc=60 link=433 tx=16.5, 0.3, 0.0  rx=24.4 bcn=599482 [on:0 tx:0 rx:0 period:1] from screen [on:330075 period:1972656] score=60
10-22 19:50:28.988  3957  4129 D WifiStateMachine:  get link layer stats 3
10-22 19:50:28.989  3436  3436 I android.hardware.wifi@1.0-service: getLinkLayerStats
10-22 19:50:29.006  3957  4129 D WifiStateMachine: fetchRssiLinkSpeedAndFrequencyNative rssi=-43 linkspeed=433 freq=5240
10-22 19:50:29.006  3957  4129 V WifiConfigManager: Updating scan detail cache freq=5240 BSSID=f4:6d:2f:12:cc:88 RSSI=-42 for "ourhome"WPA_PSK
10-22 19:50:29.009  4340  4340 E SignalClusterView: setSlotFocusVisible : subId -2
10-22 19:50:29.009  4340  4340 E SignalClusterView: setSlotFocusVisible : subId -2
10-22 19:50:29.030 27724 28038 I BatteryMgr:DataCollectionService: stats => 1697997029030,-158,4160,-155,0,100
10-22 19:50:29.136 27724 28038 I BatteryMgr:DataCollectionService: stats => 1697997029136,-158,4160,-155,0,100
10-22 19:50:29.195  3957  4129 D WifiStateMachine:  ConnectedState !RSSI_PKTCNT_FETCH uid=1000 rt=603435779/1659411252 0 0 "ourhome" f4:6d:2f:12:cc:88 rssi=-43 f=5240 sc=60 link=433 tx=6.0, 0.1, 0.0  rx=10.8 bcn=599510 [on:0 tx:0 rx:0 period:187] from screen [on:330240 period:1972863] score=60
10-22 19:50:29.196  3957  4129 D WifiStateMachine:  L2ConnectedState !RSSI_PKTCNT_FETCH uid=1000 rt=603435781/1659411253 0 0 "ourhome" f4:6d:2f:12:cc:88 rssi=-43 f=5240 sc=60 link=433 tx=6.0, 0.1, 0.0  rx=10.8 bcn=599510 [on:0 tx:0 rx:0 period:1] from screen [on:330240 period:1972864] score=60
10-22 19:50:29.197  3957  4129 D WifiStateMachine: fetchRssiLinkSpeedAndFrequencyNative rssi=-45 linkspeed=433 freq=5240
10-22 19:50:29.197  3957  4129 V WifiConfigManager: Updating scan detail cache freq=5240 BSSID=f4:6d:2f:12:cc:88 RSSI=-43 for "ourhome"WPA_PSK
10-22 19:50:29.243 27724 28038 I BatteryMgr:DataCollectionService: stats => 1697997029243,-158,4160,-155,0,100
10-22 19:50:29.349 27724 28038 I BatteryMgr:DataCollectionService: stats => 1697997029349,-158,4160,-155,0,100
10-22 19:50:29.458 27724 28038 I BatteryMgr:DataCollectionService: stats => 1697997029458,-158,4160,-155,0,100
10-22 19:50:29.565 27724 28038 I BatteryMgr:DataCollectionService: stats => 1697997029565,-158,4160,-155,0,100
10-22 19:50:29.586  3957  4128 D WifiService: getConnectionInfo uid=1000
10-22 19:50:29.665 27768 27779 I zygote64: Background concurrent copying GC freed 168484(6MB) AllocSpace objects, 52(1232KB) LOS objects, 50% free, 5MB/10MB, paused 3.398ms total 163.532ms
10-22 19:50:29.677 27724 28038 I BatteryMgr:DataCollectionService: stats => 1697997029677,-158,4160,-155,0,100
10-22 19:50:29.786 27724 28038 I BatteryMgr:DataCollectionService: stats => 1697997029786,-158,4160,-155,0,100
10-22 19:50:29.799  4961  4961 D io_stats: !@ 179,0 r 10145933 333065164 w 2162315 42316012 d 174219 37267788 f 640405 665889 iot 4640112 3998317 th 51200 0 0 pt 0 inp 0 0 603436.384
10-22 19:50:29.891 27724 28038 I BatteryMgr:DataCollectionService: stats => 1697997029891,-158,4160,-155,0,100
10-22 19:50:29.996 27724 28038 I BatteryMgr:DataCollectionService: stats => 1697997029996,-158,4160,-155,0,100
10-22 19:50:30.103 27724 28038 I BatteryMgr:DataCollectionService: stats => 1697997030103,-158,4160,-155,0,100
10-22 19:50:30.196  3957  4129 D WifiStateMachine:  ConnectedState !RSSI_PKTCNT_FETCH uid=1000 rt=603436780/1659412253 0 0 "ourhome" f4:6d:2f:12:cc:88 rssi=-45 f=5240 sc=60 link=433 tx=6.0, 0.1, 0.0  rx=10.8 bcn=599510 [on:0 tx:0 rx:0 period:1000] from screen [on:330240 period:1973864] score=60
10-22 19:50:30.197  3957  4129 D WifiStateMachine:  L2ConnectedState !RSSI_PKTCNT_FETCH uid=1000 rt=603436781/1659412254 0 0 "ourhome" f4:6d:2f:12:cc:88 rssi=-45 f=5240 sc=60 link=433 tx=6.0, 0.1, 0.0  rx=10.8 bcn=599510 [on:0 tx:0 rx:0 period:0] from screen [on:330240 period:1973864] score=60
10-22 19:50:30.202  3957  4129 D WifiStateMachine: fetchRssiLinkSpeedAndFrequencyNative rssi=-42 linkspeed=433 freq=5240
10-22 19:50:30.203  3957  4129 V WifiConfigManager: Updating scan detail cache freq=5240 BSSID=f4:6d:2f:12:cc:88 RSSI=-42 for "ourhome"WPA_PSK
10-22 19:50:30.210 27724 28038 I BatteryMgr:DataCollectionService: stats => 1697997030210,-158,4160,-155,0,100
10-22 19:50:30.316 27724 28038 I BatteryMgr:DataCollectionService: stats => 1697997030316,-158,4160,-155,0,100
10-22 19:50:30.423 27724 28038 I BatteryMgr:DataCollectionService: stats => 1697997030423,-158,4160,-155,0,100
10-22 19:50:30.528 27724 28038 I BatteryMgr:DataCollectionService: stats => 1697997030528,-158,4160,-155,0,100
10-22 19:50:30.588  3957  4128 D WifiService: getConnectionInfo uid=1000
10-22 19:50:30.634 27724 28038 I BatteryMgr:DataCollectionService: stats => 1697997030634,-158,4160,-155,0,100
10-22 19:50:30.741 27724 28038 I BatteryMgr:DataCollectionService: stats => 1697997030741,-158,4160,-155,0,100
10-22 19:50:30.848 27724 28038 I BatteryMgr:DataCollectionService: stats => 1697997030848,-158,4160,-155,0,100
10-22 19:50:30.956 27724 28038 I BatteryMgr:DataCollectionService: stats => 1697997030955,-158,4160,-155,0,100
10-22 19:50:31.063 27724 28038 I BatteryMgr:DataCollectionService: stats => 1697997031062,-158,4160,-155,0,100
10-22 19:50:31.170 27724 28038 I BatteryMgr:DataCollectionService: stats => 1697997031170,-158,4160,-155,0,100
10-22 19:50:31.198  3957  4129 D WifiStateMachine:  ConnectedState !RSSI_PKTCNT_FETCH uid=1000 rt=603437782/1659413254 0 0 "ourhome" f4:6d:2f:12:cc:88 rssi=-42 f=5240 sc=60 link=433 tx=6.0, 0.1, 0.0  rx=10.8 bcn=599510 [on:0 tx:0 rx:0 period:1002] from screen [on:330240 period:1974866] score=60
10-22 19:50:31.199  3957  4129 D WifiStateMachine:  L2ConnectedState !RSSI_PKTCNT_FETCH uid=1000 rt=603437783/1659413256 0 0 "ourhome" f4:6d:2f:12:cc:88 rssi=-42 f=5240 sc=60 link=433 tx=6.0, 0.1, 0.0  rx=10.8 bcn=599510 [on:0 tx:0 rx:0 period:1] from screen [on:330240 period:1974867] score=60
10-22 19:50:31.204  3957  4129 D WifiStateMachine: fetchRssiLinkSpeedAndFrequencyNative rssi=-42 linkspeed=433 freq=5240
10-22 19:50:31.204  3957  4129 V WifiConfigManager: Updating scan detail cache freq=5240 BSSID=f4:6d:2f:12:cc:88 RSSI=-42 for "ourhome"WPA_PSK
10-22 19:50:31.276 27724 28038 I BatteryMgr:DataCollectionService: stats => 1697997031276,-158,4160,-155,0,100
10-22 19:50:31.382 27724 28038 I BatteryMgr:DataCollectionService: stats => 1697997031382,-158,4160,-155,0,100
10-22 19:50:31.488 27724 28038 I BatteryMgr:DataCollectionService: stats => 1697997031488,-158,4160,-155,0,100
10-22 19:50:31.589  3957  4128 D WifiService: getConnectionInfo uid=1000
10-22 19:50:31.596 27724 28038 I BatteryMgr:DataCollectionService: stats => 1697997031596,-158,4160,-155,0,100
10-22 19:50:31.703 27724 28038 I BatteryMgr:DataCollectionService: stats => 1697997031703,-158,4160,-155,0,100
10-22 19:50:31.809 27724 28038 I BatteryMgr:DataCollectionService: stats => 1697997031809,-158,4160,-155,0,100
10-22 19:50:31.915 27724 28038 I BatteryMgr:DataCollectionService: stats => 1697997031915,-158,4160,-155,0,100
10-22 19:50:32.009  3957  4129 D WifiStateMachine:  ConnectedState !CMD_RSSI_POLL rt=603438593/1659414066 122 0 "ourhome" f4:6d:2f:12:cc:88 rssi=-42 f=5240 sc=60 link=433 tx=6.0, 0.1, 0.0  rx=10.8 bcn=599510 [on:0 tx:0 rx:0 period:809] from screen [on:330240 period:1975676] score=60
10-22 19:50:32.009  3957  4129 D WifiStateMachine:  L2ConnectedState !CMD_RSSI_POLL rt=603438594/1659414067 122 0 "ourhome" f4:6d:2f:12:cc:88 rssi=-42 f=5240 sc=60 link=433 tx=6.0, 0.1, 0.0  rx=10.8 bcn=599510 [on:0 tx:0 rx:0 period:1] from screen [on:330240 period:1975677] score=60
10-22 19:50:32.010  3957  4129 D WifiStateMachine:  get link layer stats 3
10-22 19:50:32.010  3436  3436 I android.hardware.wifi@1.0-service: getLinkLayerStats
10-22 19:50:32.013  3957  4129 D WifiStateMachine: fetchRssiLinkSpeedAndFrequencyNative rssi=-46 linkspeed=433 freq=5240
10-22 19:50:32.013  3957  4129 V WifiConfigManager: Updating scan detail cache freq=5240 BSSID=f4:6d:2f:12:cc:88 RSSI=-44 for "ourhome"WPA_PSK
10-22 19:50:32.017  4340  4340 E SignalClusterView: setSlotFocusVisible : subId -2
10-22 19:50:32.017  4340  4340 E SignalClusterView: setSlotFocusVisible : subId -2
10-22 19:50:32.023 27724 28038 I BatteryMgr:DataCollectionService: stats => 1697997032022,-158,4160,-155,0,100
10-22 19:50:32.127 27724 27729 I zygote64: Do partial code cache collection, code=61KB, data=46KB
10-22 19:50:32.127 27724 27729 I zygote64: After code cache collection, code=61KB, data=46KB
10-22 19:50:32.127 27724 27729 I zygote64: Increasing code cache capacity to 256KB
10-22 19:50:32.129 27724 28038 I BatteryMgr:DataCollectionService: stats => 1697997032129,-158,4160,-155,0,100
10-22 19:50:32.199  3957  4129 D WifiStateMachine:  ConnectedState !RSSI_PKTCNT_FETCH uid=1000 rt=603438782/1659414255 0 0 "ourhome" f4:6d:2f:12:cc:88 rssi=-46 f=5240 sc=60 link=433 tx=15.5, 0.0, 0.0  rx=28.7 bcn=599540 [on:0 tx:0 rx:0 period:183] from screen [on:331609 period:1975867] score=60
10-22 19:50:32.201  3957  4129 D WifiStateMachine:  L2ConnectedState !RSSI_PKTCNT_FETCH uid=1000 rt=603438784/1659414257 0 0 "ourhome" f4:6d:2f:12:cc:88 rssi=-46 f=5240 sc=60 link=433 tx=15.5, 0.0, 0.0  rx=28.7 bcn=599540 [on:0 tx:0 rx:0 period:1] from screen [on:331609 period:1975868] score=60
10-22 19:50:32.202  3957  4129 D WifiStateMachine: fetchRssiLinkSpeedAndFrequencyNative rssi=-45 linkspeed=433 freq=5240
10-22 19:50:32.202  3957  4129 V WifiConfigManager: Updating scan detail cache freq=5240 BSSID=f4:6d:2f:12:cc:88 RSSI=-44 for "ourhome"WPA_PSK
10-22 19:50:32.235 27724 28038 I BatteryMgr:DataCollectionService: stats => 1697997032235,-158,4160,-155,0,100
10-22 19:50:32.261  3957  4030 D SensorService: [SO] 0.201 -0.096 9.993
10-22 19:50:32.341 27724 28038 I BatteryMgr:DataCollectionService: stats => 1697997032341,-158,4160,-155,0,100
10-22 19:50:32.450 27724 28038 I BatteryMgr:DataCollectionService: stats => 1697997032450,-158,4160,-155,0,100
10-22 19:50:32.558 27724 28038 I BatteryMgr:DataCollectionService: stats => 1697997032558,-158,4160,-155,0,100
10-22 19:50:32.591  9273  9310 D ScanRecord: Not a Multi Manu data
10-22 19:50:32.591  9273  9310 I chatty  : uid=1002(bluetooth) BT Service Call identical 9 lines
10-22 19:50:32.591  9273  9310 D ScanRecord: Not a Multi Manu data
10-22 19:50:32.592  3957  4128 D WifiService: getConnectionInfo uid=1000
10-22 19:50:32.603  9273  9310 D ScanRecord: Not a Multi Manu data
10-22 19:50:32.658  9273  9310 I chatty  : uid=1002(bluetooth) BT Service Call identical 108 lines
10-22 19:50:32.658  9273  9310 D ScanRecord: Not a Multi Manu data
10-22 19:50:32.664 27724 28038 I BatteryMgr:DataCollectionService: stats => 1697997032664,-158,4160,-155,0,100
10-22 19:50:32.700  9273  9310 D ScanRecord: Not a Multi Manu data
10-22 19:50:32.750  9273  9310 I chatty  : uid=1002(bluetooth) BT Service Call identical 64 lines
10-22 19:50:32.750  9273  9310 D ScanRecord: Not a Multi Manu data
10-22 19:50:32.772 27724 28038 I BatteryMgr:DataCollectionService: stats => 1697997032771,-158,4160,-155,0,100
10-22 19:50:32.776  9273  9310 D ScanRecord: Not a Multi Manu data
10-22 19:50:32.776  9273  9310 I chatty  : uid=1002(bluetooth) BT Service Call identical 9 lines
10-22 19:50:32.776  9273  9310 D ScanRecord: Not a Multi Manu data
10-22 19:50:32.807  4340  4731 D NetworkController.MobileSignalController(0/-2): onSignalStrengthsChanged signalStrength=SignalStrength: 23 99 -23 -200 -23 -200 -1 99 2147483647 2147483647 2147483647 2147483647 0 2147483647 0x4 P gsm|lte level=4
10-22 19:50:32.807  4340  4731 D NetworkController.MobileSignalController(0/-2): getMobileIconGroup(): 0
10-22 19:50:32.822  9273  9310 D ScanRecord: Not a Multi Manu data
10-22 19:50:32.850  9273  9310 I chatty  : uid=1002(bluetooth) BT Service Call identical 75 lines
10-22 19:50:32.850  9273  9310 D ScanRecord: Not a Multi Manu data
10-22 19:50:32.877 27724 28038 I BatteryMgr:DataCollectionService: stats => 1697997032877,-158,4160,-155,0,100
10-22 19:50:32.897  9273  9310 D ScanRecord: Not a Multi Manu data
10-22 19:50:32.969  9273  9310 I chatty  : uid=1002(bluetooth) BT Service Call identical 75 lines
10-22 19:50:32.969  9273  9310 D ScanRecord: Not a Multi Manu data
10-22 19:50:32.982 27724 28038 I BatteryMgr:DataCollectionService: stats => 1697997032982,-158,4160,-155,0,100
10-22 19:50:33.021  9273  9310 D ScanRecord: Not a Multi Manu data
10-22 19:50:33.058  9273  9310 I chatty  : uid=1002(bluetooth) BT Service Call identical 75 lines
10-22 19:50:33.058  9273  9310 D ScanRecord: Not a Multi Manu data
10-22 19:50:33.089 27724 28038 I BatteryMgr:DataCollectionService: stats => 1697997033089,-158,4160,-155,0,100
10-22 19:50:33.194 27724 28038 I BatteryMgr:DataCollectionService: stats => 1697997033194,-158,4160,-155,0,100
10-22 19:50:33.199  3957  4129 D WifiStateMachine:  ConnectedState !RSSI_PKTCNT_FETCH uid=1000 rt=603439784/1659415257 0 0 "ourhome" f4:6d:2f:12:cc:88 rssi=-45 f=5240 sc=60 link=433 tx=15.5, 0.0, 0.0  rx=28.7 bcn=599540 [on:0 tx:0 rx:0 period:999] from screen [on:331609 period:1976867] score=60
10-22 19:50:33.200  3957  4129 D WifiStateMachine:  L2ConnectedState !RSSI_PKTCNT_FETCH uid=1000 rt=603439785/1659415258 0 0 "ourhome" f4:6d:2f:12:cc:88 rssi=-45 f=5240 sc=60 link=433 tx=15.5, 0.0, 0.0  rx=28.7 bcn=599540 [on:0 tx:0 rx:0 period:1] from screen [on:331609 period:1976868] score=60
10-22 19:50:33.206  3957  4129 D WifiStateMachine: fetchRssiLinkSpeedAndFrequencyNative rssi=-44 linkspeed=433 freq=5240
10-22 19:50:33.206  3957  4129 V WifiConfigManager: Updating scan detail cache freq=5240 BSSID=f4:6d:2f:12:cc:88 RSSI=-44 for "ourhome"WPA_PSK
10-22 19:50:33.300 27724 28038 I BatteryMgr:DataCollectionService: stats => 1697997033300,-158,4160,-155,0,100
10-22 19:50:33.407 27724 28038 I BatteryMgr:DataCollectionService: stats => 1697997033407,-158,4160,-155,0,100
10-22 19:50:33.512 27724 28038 I BatteryMgr:DataCollectionService: stats => 1697997033512,-158,4160,-155,0,100
10-22 19:50:33.594  3957  4128 D WifiService: getConnectionInfo uid=1000
10-22 19:50:33.617 27724 28038 I BatteryMgr:DataCollectionService: stats => 1697997033617,-158,4160,-155,0,100
10-22 19:50:33.723 27724 28038 I BatteryMgr:DataCollectionService: stats => 1697997033723,-158,4160,-155,0,100
10-22 19:50:33.828 27724 28038 I BatteryMgr:DataCollectionService: stats => 1697997033828,-158,4160,-155,0,100
10-22 19:50:33.932 27724 28038 I BatteryMgr:DataCollectionService: stats => 1697997033932,-158,4160,-155,0,100
10-22 19:50:34.037 27724 28038 I BatteryMgr:DataCollectionService: stats => 1697997034037,-158,4160,-155,0,100
10-22 19:50:34.143 27724 28038 I BatteryMgr:DataCollectionService: stats => 1697997034143,-158,4160,-155,0,100
10-22 19:50:34.201  3957  4129 D WifiStateMachine:  ConnectedState !RSSI_PKTCNT_FETCH uid=1000 rt=603440786/1659416258 0 0 "ourhome" f4:6d:2f:12:cc:88 rssi=-44 f=5240 sc=60 link=433 tx=15.5, 0.0, 0.0  rx=28.7 bcn=599540 [on:0 tx:0 rx:0 period:1001] from screen [on:331609 period:1977869] score=60
10-22 19:50:34.203  3957  4129 D WifiStateMachine:  L2ConnectedState !RSSI_PKTCNT_FETCH uid=1000 rt=603440787/1659416259 0 0 "ourhome" f4:6d:2f:12:cc:88 rssi=-44 f=5240 sc=60 link=433 tx=15.5, 0.0, 0.0  rx=28.7 bcn=599540 [on:0 tx:0 rx:0 period:2] from screen [on:331609 period:1977871] score=60
10-22 19:50:34.209  3957  4129 D WifiStateMachine: fetchRssiLinkSpeedAndFrequencyNative rssi=-43 linkspeed=433 freq=5240
10-22 19:50:34.210  3957  4129 V WifiConfigManager: Updating scan detail cache freq=5240 BSSID=f4:6d:2f:12:cc:88 RSSI=-43 for "ourhome"WPA_PSK
10-22 19:50:34.249 27724 28038 I BatteryMgr:DataCollectionService: stats => 1697997034249,-158,4160,-155,0,100
10-22 19:50:34.353 27724 28038 I BatteryMgr:DataCollectionService: stats => 1697997034353,-158,4160,-155,0,100
10-22 19:50:34.460 27724 28038 I BatteryMgr:DataCollectionService: stats => 1697997034460,-158,4160,-155,0,100
10-22 19:50:34.565 27724 28038 I BatteryMgr:DataCollectionService: stats => 1697997034565,-158,4160,-155,0,100
10-22 19:50:34.596  3957  4128 D WifiService: getConnectionInfo uid=1000
10-22 19:50:34.670 27724 28038 I BatteryMgr:DataCollectionService: stats => 1697997034670,-158,4160,-155,0,100
10-22 19:50:34.776 27724 28038 I BatteryMgr:DataCollectionService: stats => 1697997034776,-158,4160,-155,0,100
10-22 19:50:34.801  4961  4961 D io_stats: !@ 179,0 r 10145943 333065496 w 2162322 42316200 d 174221 37267876 f 640406 665892 iot 4640116 3998327 th 51200 0 0 pt 0 inp 0 0 603441.386
10-22 19:50:34.881 27724 28038 I BatteryMgr:DataCollectionService: stats => 1697997034880,-158,4160,-155,0,100
10-22 19:50:34.985 27724 28038 I BatteryMgr:DataCollectionService: stats => 1697997034985,-158,4160,-155,0,100
10-22 19:50:35.016  3957  4129 D WifiStateMachine:  ConnectedState !CMD_RSSI_POLL rt=603441601/1659417073 122 0 "ourhome" f4:6d:2f:12:cc:88 rssi=-43 f=5240 sc=60 link=433 tx=15.5, 0.0, 0.0  rx=28.7 bcn=599540 [on:0 tx:0 rx:0 period:813] from screen [on:331609 period:1978684] score=60
10-22 19:50:35.017  3957  4129 D WifiStateMachine:  L2ConnectedState !CMD_RSSI_POLL rt=603441602/1659417074 122 0 "ourhome" f4:6d:2f:12:cc:88 rssi=-43 f=5240 sc=60 link=433 tx=15.5, 0.0, 0.0  rx=28.7 bcn=599540 [on:0 tx:0 rx:0 period:1] from screen [on:331609 period:1978685] score=60
10-22 19:50:35.017  3957  4129 D WifiStateMachine:  get link layer stats 3
10-22 19:50:35.018  3436  3436 I android.hardware.wifi@1.0-service: getLinkLayerStats
10-22 19:50:35.035  3957  4129 D WifiStateMachine: fetchRssiLinkSpeedAndFrequencyNative rssi=-43 linkspeed=433 freq=5240
10-22 19:50:35.035  3957  4129 V WifiConfigManager: Updating scan detail cache freq=5240 BSSID=f4:6d:2f:12:cc:88 RSSI=-43 for "ourhome"WPA_PSK
10-22 19:50:35.040  4340  4340 E SignalClusterView: setSlotFocusVisible : subId -2
10-22 19:50:35.040  4340  4340 E SignalClusterView: setSlotFocusVisible : subId -2
10-22 19:50:35.081  3957  6478 D SSRM:k  : SIOP:: AP = 440, PST = 371 (W:10), BAT = 293, USB = 0, CHG = 0
10-22 19:50:35.092 27724 28038 I BatteryMgr:DataCollectionService: stats => 1697997035092,-158,4160,-155,0,100
10-22 19:50:35.093  3957  6478 D TelephonyManager: getAllCellInfo : Caller (PID / UID / TID): 3957 / 1000 / 6478
10-22 19:50:35.128  3957  6478 D WifiService: getConnectionInfo uid=1000
10-22 19:50:35.197 27724 28038 I BatteryMgr:DataCollectionService: stats => 1697997035197,-158,4160,-155,0,100
10-22 19:50:35.203  3957  4129 D WifiStateMachine:  ConnectedState !RSSI_PKTCNT_FETCH uid=1000 rt=603441787/1659417259 0 0 "ourhome" f4:6d:2f:12:cc:88 rssi=-43 f=5240 sc=60 link=433 tx=5.7, 0.0, 0.0  rx=10.5 bcn=599568 [on:0 tx:0 rx:0 period:164] from screen [on:331971 period:1978870] score=60
