10-22 19:51:43.828 27724 28038 I BatteryMgr:DataCollectionService: stats => 1697997103828,115,4160,42,0,100
10-22 19:51:43.944 27724 28038 I BatteryMgr:DataCollectionService: stats => 1697997103944,115,4160,42,0,100
10-22 19:51:44.052 27724 28038 I BatteryMgr:DataCollectionService: stats => 1697997104052,115,4160,42,0,100
10-22 19:51:44.161 27724 28038 I BatteryMgr:DataCollectionService: stats => 1697997104161,115,4160,42,0,100
10-22 19:51:44.269 27724 28038 I BatteryMgr:DataCollectionService: stats => 1697997104269,115,4160,42,0,100
10-22 19:51:44.281  3957  4129 D WifiStateMachine:  ConnectedState !RSSI_PKTCNT_FETCH uid=1000 rt=603510865/1659486338 0 0 "ourhome" f4:6d:2f:12:cc:88 rssi=-40 f=5240 sc=60 link=433 tx=1.0, 0.0, 0.0  rx=1.9 bcn=600203 [on:0 tx:0 rx:0 period:998] from screen [on:343021 period:2047948] score=60
10-22 19:51:44.282  3957  4129 D WifiStateMachine:  L2ConnectedState !RSSI_PKTCNT_FETCH uid=1000 rt=603510866/1659486339 0 0 "ourhome" f4:6d:2f:12:cc:88 rssi=-40 f=5240 sc=60 link=433 tx=1.0, 0.0, 0.0  rx=1.9 bcn=600203 [on:0 tx:0 rx:0 period:2] from screen [on:343021 period:2047950] score=60
10-22 19:51:44.288  3957  4129 D WifiStateMachine: fetchRssiLinkSpeedAndFrequencyNative rssi=-40 linkspeed=433 freq=5240
10-22 19:51:44.289  3957  4129 V WifiConfigManager: Updating scan detail cache freq=5240 BSSID=f4:6d:2f:12:cc:88 RSSI=-40 for "ourhome"WPA_PSK
10-22 19:51:44.380 27724 28038 I BatteryMgr:DataCollectionService: stats => 1697997104379,115,4160,42,0,100
10-22 19:51:44.477  3957  4129 D WifiStateMachine:  ConnectedState !CMD_RSSI_POLL rt=603511059/1659486531 122 0 "ourhome" f4:6d:2f:12:cc:88 rssi=-40 f=5240 sc=60 link=433 tx=1.0, 0.0, 0.0  rx=1.9 bcn=600203 [on:0 tx:0 rx:0 period:194] from screen [on:343021 period:2048144] score=60
10-22 19:51:44.480  3957  4129 D WifiStateMachine:  L2ConnectedState !CMD_RSSI_POLL rt=603511063/1659486535 122 0 "ourhome" f4:6d:2f:12:cc:88 rssi=-40 f=5240 sc=60 link=433 tx=1.0, 0.0, 0.0  rx=1.9 bcn=600203 [on:0 tx:0 rx:0 period:4] from screen [on:343021 period:2048148] score=60
10-22 19:51:44.481  3957  4129 D WifiStateMachine:  get link layer stats 3
10-22 19:51:44.483  3436  3436 I android.hardware.wifi@1.0-service: getLinkLayerStats
10-22 19:51:44.496 27724 28038 I BatteryMgr:DataCollectionService: stats => 1697997104496,115,4160,42,0,100
10-22 19:51:44.497  3957  4129 D WifiStateMachine: fetchRssiLinkSpeedAndFrequencyNative rssi=-40 linkspeed=433 freq=5240
10-22 19:51:44.497  3957  4129 V WifiConfigManager: Updating scan detail cache freq=5240 BSSID=f4:6d:2f:12:cc:88 RSSI=-40 for "ourhome"WPA_PSK
10-22 19:51:44.501  4340  4340 E SignalClusterView: setSlotFocusVisible : subId -2
10-22 19:51:44.501  4340  4340 E SignalClusterView: setSlotFocusVisible : subId -2
10-22 19:51:44.613 27724 28038 I BatteryMgr:DataCollectionService: stats => 1697997104613,115,4160,42,0,100
10-22 19:51:44.728 27724 28038 I BatteryMgr:DataCollectionService: stats => 1697997104728,115,4160,42,0,100
10-22 19:51:44.741  3957  4128 D WifiService: getConnectionInfo uid=1000
10-22 19:51:44.829  4961  4961 D io_stats: !@ 179,0 r 10146639 333076996 w 2162499 42319228 d 174257 37270716 f 640422 665912 iot 4640424 3998582 th 51200 0 0 pt 0 inp 0 0 603511.414
10-22 19:51:44.834 27724 28038 I BatteryMgr:DataCollectionService: stats => 1697997104834,115,4160,42,0,100
10-22 19:51:44.945 27724 28038 I BatteryMgr:DataCollectionService: stats => 1697997104944,115,4160,42,0,100
10-22 19:51:45.058 27724 28038 I BatteryMgr:DataCollectionService: stats => 1697997105058,115,4160,42,0,100
10-22 19:51:45.172 27724 28038 I BatteryMgr:DataCollectionService: stats => 1697997105171,115,4160,42,0,100
10-22 19:51:45.283  3957  4129 D WifiStateMachine:  ConnectedState !RSSI_PKTCNT_FETCH uid=1000 rt=603511866/1659487339 0 0 "ourhome" f4:6d:2f:12:cc:88 rssi=-40 f=5240 sc=60 link=433 tx=1.0, 0.0, 0.0  rx=1.3 bcn=600228 [on:0 tx:0 rx:0 period:782] from screen [on:343456 period:2048950] score=60
10-22 19:51:45.284 27724 28038 I BatteryMgr:DataCollectionService: stats => 1697997105284,115,4160,42,0,100
10-22 19:51:45.285  3957  4129 D WifiStateMachine:  L2ConnectedState !RSSI_PKTCNT_FETCH uid=1000 rt=603511869/1659487341 0 0 "ourhome" f4:6d:2f:12:cc:88 rssi=-40 f=5240 sc=60 link=433 tx=1.0, 0.0, 0.0  rx=1.3 bcn=600228 [on:0 tx:0 rx:0 period:3] from screen [on:343456 period:2048953] score=60
10-22 19:51:45.293  3957  4129 D WifiStateMachine: fetchRssiLinkSpeedAndFrequencyNative rssi=-40 linkspeed=433 freq=5240
10-22 19:51:45.293  3957  4129 V WifiConfigManager: Updating scan detail cache freq=5240 BSSID=f4:6d:2f:12:cc:88 RSSI=-40 for "ourhome"WPA_PSK
10-22 19:51:45.394 27724 28038 I BatteryMgr:DataCollectionService: stats => 1697997105394,115,4160,42,0,100
10-22 19:51:45.500 27724 28038 I BatteryMgr:DataCollectionService: stats => 1697997105500,115,4160,42,0,100
10-22 19:51:45.509  3957  6478 D SSRM:k  : SIOP:: AP = 430, PST = 440 (W:10), BAT = 293, USB = 0, CHG = 0
10-22 19:51:45.611 27724 28038 I BatteryMgr:DataCollectionService: stats => 1697997105611,115,4160,42,0,100
10-22 19:51:45.721 27724 28038 I BatteryMgr:DataCollectionService: stats => 1697997105721,115,4160,42,0,100
10-22 19:51:45.744  3957  4128 D WifiService: getConnectionInfo uid=1000
10-22 19:51:45.832 27724 28038 I BatteryMgr:DataCollectionService: stats => 1697997105832,115,4160,42,0,100
10-22 19:51:45.936 27724 28038 I BatteryMgr:DataCollectionService: stats => 1697997105936,115,4160,42,0,100
10-22 19:51:46.052 27724 28038 I BatteryMgr:DataCollectionService: stats => 1697997106052,115,4160,42,0,100
10-22 19:51:46.116  3957  4416 E Watchdog: !@Sync 20109 [2023-10-22 19:51:46.115]
10-22 19:51:46.165 27724 28038 I BatteryMgr:DataCollectionService: stats => 1697997106165,115,4160,42,0,100
10-22 19:51:46.272 27724 28038 I BatteryMgr:DataCollectionService: stats => 1697997106272,115,4160,42,0,100
10-22 19:51:46.283  3957  4129 D WifiStateMachine:  ConnectedState !RSSI_PKTCNT_FETCH uid=1000 rt=603512867/1659488340 0 0 "ourhome" f4:6d:2f:12:cc:88 rssi=-40 f=5240 sc=60 link=433 tx=1.0, 0.0, 0.0  rx=1.3 bcn=600228 [on:0 tx:0 rx:0 period:998] from screen [on:343456 period:2049951] score=60
10-22 19:51:46.284  3957  4129 D WifiStateMachine:  L2ConnectedState !RSSI_PKTCNT_FETCH uid=1000 rt=603512869/1659488341 0 0 "ourhome" f4:6d:2f:12:cc:88 rssi=-40 f=5240 sc=60 link=433 tx=1.0, 0.0, 0.0  rx=1.3 bcn=600228 [on:0 tx:0 rx:0 period:1] from screen [on:343456 period:2049952] score=60
10-22 19:51:46.290  3957  4129 D WifiStateMachine: fetchRssiLinkSpeedAndFrequencyNative rssi=-40 linkspeed=433 freq=5240
10-22 19:51:46.290  3957  4129 V WifiConfigManager: Updating scan detail cache freq=5240 BSSID=f4:6d:2f:12:cc:88 RSSI=-40 for "ourhome"WPA_PSK
10-22 19:51:46.380 27724 28038 I BatteryMgr:DataCollectionService: stats => 1697997106380,115,4160,42,0,100
10-22 19:51:46.488 27724 28038 I BatteryMgr:DataCollectionService: stats => 1697997106488,115,4160,42,0,100
10-22 19:51:46.605 27724 28038 I BatteryMgr:DataCollectionService: stats => 1697997106605,115,4160,42,0,100
10-22 19:51:46.719 27724 28038 I BatteryMgr:DataCollectionService: stats => 1697997106719,115,4160,42,0,100
10-22 19:51:46.747  3957  4128 D WifiService: getConnectionInfo uid=1000
10-22 19:51:46.828 27724 28038 I BatteryMgr:DataCollectionService: stats => 1697997106828,115,4160,42,0,100
10-22 19:51:46.933 27724 28038 I BatteryMgr:DataCollectionService: stats => 1697997106933,115,4160,42,0,100
10-22 19:51:47.040 27724 28038 I BatteryMgr:DataCollectionService: stats => 1697997107040,115,4160,42,0,100
10-22 19:51:47.152 27724 28038 I BatteryMgr:DataCollectionService: stats => 1697997107151,115,4160,42,0,100
10-22 19:51:47.266 27724 28038 I BatteryMgr:DataCollectionService: stats => 1697997107266,115,4160,42,0,100
10-22 19:51:47.285  3957  4129 D WifiStateMachine:  ConnectedState !RSSI_PKTCNT_FETCH uid=1000 rt=603513869/1659489341 0 0 "ourhome" f4:6d:2f:12:cc:88 rssi=-40 f=5240 sc=60 link=433 tx=1.0, 0.0, 0.0  rx=1.3 bcn=600228 [on:0 tx:0 rx:0 period:1000] from screen [on:343456 period:2050952] score=60
10-22 19:51:47.287  3957  4129 D WifiStateMachine:  L2ConnectedState !RSSI_PKTCNT_FETCH uid=1000 rt=603513870/1659489343 0 0 "ourhome" f4:6d:2f:12:cc:88 rssi=-40 f=5240 sc=60 link=433 tx=1.0, 0.0, 0.0  rx=1.3 bcn=600228 [on:0 tx:0 rx:0 period:2] from screen [on:343456 period:2050954] score=60
10-22 19:51:47.294  3957  4129 D WifiStateMachine: fetchRssiLinkSpeedAndFrequencyNative rssi=-44 linkspeed=433 freq=5240
10-22 19:51:47.295  3957  4129 V WifiConfigManager: Updating scan detail cache freq=5240 BSSID=f4:6d:2f:12:cc:88 RSSI=-42 for "ourhome"WPA_PSK
10-22 19:51:47.380 27724 28038 I BatteryMgr:DataCollectionService: stats => 1697997107380,115,4160,42,0,100
10-22 19:51:47.497 27724 28038 I BatteryMgr:DataCollectionService: stats => 1697997107497,115,4160,42,0,100
10-22 19:51:47.502  3957  4129 D WifiStateMachine:  ConnectedState !CMD_RSSI_POLL rt=603514085/1659489557 122 0 "ourhome" f4:6d:2f:12:cc:88 rssi=-44 f=5240 sc=60 link=433 tx=1.0, 0.0, 0.0  rx=1.3 bcn=600228 [on:0 tx:0 rx:0 period:215] from screen [on:343456 period:2051169] score=60
10-22 19:51:47.506  3957  4129 D WifiStateMachine:  L2ConnectedState !CMD_RSSI_POLL rt=603514087/1659489560 122 0 "ourhome" f4:6d:2f:12:cc:88 rssi=-44 f=5240 sc=60 link=433 tx=1.0, 0.0, 0.0  rx=1.3 bcn=600228 [on:0 tx:0 rx:0 period:5] from screen [on:343456 period:2051174] score=60
10-22 19:51:47.506  3957  4129 D WifiStateMachine:  get link layer stats 3
10-22 19:51:47.507  3436  3436 I android.hardware.wifi@1.0-service: getLinkLayerStats
10-22 19:51:47.525  3957  4129 D WifiStateMachine: fetchRssiLinkSpeedAndFrequencyNative rssi=-43 linkspeed=433 freq=5240
10-22 19:51:47.526  3957  4129 V WifiConfigManager: Updating scan detail cache freq=5240 BSSID=f4:6d:2f:12:cc:88 RSSI=-42 for "ourhome"WPA_PSK
10-22 19:51:47.532  4340  4340 E SignalClusterView: setSlotFocusVisible : subId -2
10-22 19:51:47.532  4340  4340 E SignalClusterView: setSlotFocusVisible : subId -2
10-22 19:51:47.564  9273  9310 D ScanRecord: Not a Multi Manu data
10-22 19:51:47.611  9273  9310 I chatty  : uid=1002(bluetooth) BT Service Call identical 64 lines
10-22 19:51:47.611  9273  9310 D ScanRecord: Not a Multi Manu data
10-22 19:51:47.611 27724 28038 I BatteryMgr:DataCollectionService: stats => 1697997107611,115,4160,42,0,100
10-22 19:51:47.623  9273  9310 D ScanRecord: Not a Multi Manu data
10-22 19:51:47.716  9273  9310 I chatty  : uid=1002(bluetooth) BT Service Call identical 152 lines
10-22 19:51:47.716  9273  9310 D ScanRecord: Not a Multi Manu data
10-22 19:51:47.718 27724 28038 I BatteryMgr:DataCollectionService: stats => 1697997107718,115,4160,42,0,100
10-22 19:51:47.732  9273  9310 D ScanRecord: Not a Multi Manu data
10-22 19:51:47.744  9273  9310 I chatty  : uid=1002(bluetooth) BT Service Call identical 42 lines
10-22 19:51:47.744  9273  9310 D ScanRecord: Not a Multi Manu data
10-22 19:51:47.749  3957  4128 D WifiService: getConnectionInfo uid=1000
10-22 19:51:47.751  9273  9310 D ScanRecord: Not a Multi Manu data
10-22 19:51:47.821  9273  9310 I chatty  : uid=1002(bluetooth) BT Service Call identical 108 lines
10-22 19:51:47.821  9273  9310 D ScanRecord: Not a Multi Manu data
10-22 19:51:47.823  9273  9310 D ScanRecord: same manuId data exists, combine both data and store
10-22 19:51:47.824  9273  9310 D ScanRecord: It's a Multi Manu data
10-22 19:51:47.824  9273  9310 I chatty  : uid=1002(bluetooth) BT Service Call identical 9 lines
10-22 19:51:47.824  9273  9310 D ScanRecord: It's a Multi Manu data
10-22 19:51:47.824  9273  9310 D ScanRecord: same manuId data exists, combine both data and store
10-22 19:51:47.824 27724 28038 I BatteryMgr:DataCollectionService: stats => 1697997107824,115,4160,42,0,100
10-22 19:51:47.832  9273  9310 D ScanRecord: Not a Multi Manu data
10-22 19:51:47.901  9273  9310 I chatty  : uid=1002(bluetooth) BT Service Call identical 86 lines
10-22 19:51:47.901  9273  9310 D ScanRecord: Not a Multi Manu data
10-22 19:51:47.927 27768 27779 I zygote64: Background concurrent copying GC freed 221094(6MB) AllocSpace objects, 0(0B) LOS objects, 49% free, 6MB/13MB, paused 3.334ms total 173.793ms
10-22 19:51:47.929 27724 28038 I BatteryMgr:DataCollectionService: stats => 1697997107929,115,4160,42,0,100
10-22 19:51:47.936  9273  9310 D ScanRecord: Not a Multi Manu data
10-22 19:51:48.034  9273  9310 I chatty  : uid=1002(bluetooth) BT Service Call identical 119 lines
10-22 19:51:48.034  9273  9310 D ScanRecord: Not a Multi Manu data
10-22 19:51:48.035 27724 28038 I BatteryMgr:DataCollectionService: stats => 1697997108035,115,4160,42,0,100
10-22 19:51:48.047  9273  9310 D ScanRecord: Not a Multi Manu data
10-22 19:51:48.047  9273  9310 I chatty  : uid=1002(bluetooth) BT Service Call identical 9 lines
10-22 19:51:48.047  9273  9310 D ScanRecord: Not a Multi Manu data
10-22 19:51:48.139 27724 28038 I BatteryMgr:DataCollectionService: stats => 1697997108139,115,4160,42,0,100
10-22 19:51:48.246 27724 28038 I BatteryMgr:DataCollectionService: stats => 1697997108246,115,4160,42,0,100
10-22 19:51:48.287  3957  4129 D WifiStateMachine:  ConnectedState !RSSI_PKTCNT_FETCH uid=1000 rt=603514870/1659490343 0 0 "ourhome" f4:6d:2f:12:cc:88 rssi=-43 f=5240 sc=60 link=433 tx=0.4, 0.0, 0.0  rx=11.9 bcn=600253 [on:0 tx:0 rx:0 period:756] from screen [on:343693 period:2051955] score=60
10-22 19:51:48.288  3957  4129 D WifiStateMachine:  L2ConnectedState !RSSI_PKTCNT_FETCH uid=1000 rt=603514872/1659490345 0 0 "ourhome" f4:6d:2f:12:cc:88 rssi=-43 f=5240 sc=60 link=433 tx=0.4, 0.0, 0.0  rx=11.9 bcn=600253 [on:0 tx:0 rx:0 period:1] from screen [on:343693 period:2051956] score=60
10-22 19:51:48.289  3957  4129 D WifiStateMachine: fetchRssiLinkSpeedAndFrequencyNative rssi=-41 linkspeed=433 freq=5240
10-22 19:51:48.290  3957  4129 V WifiConfigManager: Updating scan detail cache freq=5240 BSSID=f4:6d:2f:12:cc:88 RSSI=-41 for "ourhome"WPA_PSK
10-22 19:51:48.352 27724 28038 I BatteryMgr:DataCollectionService: stats => 1697997108352,115,4160,42,0,100
10-22 19:51:48.469 27724 28038 I BatteryMgr:DataCollectionService: stats => 1697997108469,115,4160,42,0,100
10-22 19:51:48.577 27724 28038 I BatteryMgr:DataCollectionService: stats => 1697997108577,115,4160,42,0,100
10-22 19:51:48.687 27724 28038 I BatteryMgr:DataCollectionService: stats => 1697997108687,115,4160,42,0,100
10-22 19:51:48.751  3957  4128 D WifiService: getConnectionInfo uid=1000
10-22 19:51:48.797 27724 28038 I BatteryMgr:DataCollectionService: stats => 1697997108797,115,4160,42,0,100
10-22 19:51:48.903 27724 28038 I BatteryMgr:DataCollectionService: stats => 1697997108903,115,4160,42,0,100
10-22 19:51:48.936 11094 11094 E adbd    : recv: OPEN 00033291 00000000 0042:73 68 65 6C 6C 2C 76 32 2C 54 45 52 4D 3D 78 74 65 72 6D 2D 32 35 36 63 6F 6C 6F 72 2C 72 61 77 3A 67 65 74 70 72 6F 70 20 72 6F 2E 62 75 69 6C 64 2E 76 65 72 73 69 6F 6E 2E 72 65 6C 65 61 73 65 00 
10-22 19:51:48.937 11094 11094 E adbd    : service_to_fd: shell,v2,TERM=xterm-256color,raw:getprop ro.build.version.release
10-22 19:51:49.014 27724 28038 I BatteryMgr:DataCollectionService: stats => 1697997109014,115,4160,42,0,100
10-22 19:51:49.041 11094 11094 E adbd    : recv: OPEN 00033295 00000000 003e:73 68 65 6C 6C 2C 76 32 2C 54 45 52 4D 3D 78 74 65 72 6D 2D 32 35 36 63 6F 6C 6F 72 2C 72 61 77 3A 67 65 74 70 72 6F 70 20 72 6F 2E 62 75 69 6C 64 2E 76 65 72 73 69 6F 6E 2E 73 64 6B 00 
10-22 19:51:49.042 11094 11094 E adbd    : service_to_fd: shell,v2,TERM=xterm-256color,raw:getprop ro.build.version.sdk
10-22 19:51:49.100 11094 11094 E adbd    : recv: OPEN 00033299 00000000 008c:73 68 65 6C 6C 2C 76 32 2C 54 45 52 4D 3D 78 74 65 72 6D 2D 32 35 36 63 6F 6C 6F 72 2C 72 61 77 3A 61 6D 20 73 74 6F 70 73 65 72 76 69 63 65 20 63 6F 6D 2E 65 78 61 6D 70 6C 65 2E 62 61 74 74 65 72 79 6D 61 6E 61 67 65 72 5F 75 74 69 6C 69 74 79 2F 63 6F 6D 2E 65 78 61 6D 70 6C 65 2E 62 61 74 74 65 72 79 6D 61 6E 61 67 65 72 5F 75 74 69 6C 69 74 79 2E 44 61 74 61 43 6F 6C 6C 65 63 74 69 6F 6E 53 65 72 76 69 63 65 00 
10-22 19:51:49.100 11094 11094 E adbd    : service_to_fd: shell,v2,TERM=xterm-256color,raw:am stopservice com.example.batterymanager_utility/com.example.batterymanager_utility.DataCollectionService
10-22 19:51:49.120 27724 28038 I BatteryMgr:DataCollectionService: stats => 1697997109120,115,4160,42,0,100
10-22 19:51:49.192  3957  3957 I EasyMuteController: UnRegister failed. no registered
10-22 19:51:49.193  3957  3957 D LightsService: [api] [SvcLED] turnOff:: id = 4 (uid: 1000 pid: 3957) 
10-22 19:51:49.193  3957  3957 D LightsService: [api] [SvcLED] LED indicator : Not supported.
10-22 19:51:49.197  3957  4564 D Notification: allPendingIntents
10-22 19:51:49.198  3957  4602 D Notification: allPendingIntents
10-22 19:51:49.202  3957  3972 D ApplicationPolicy: isStatusBarNotificationAllowedAsUser: packageName = android,userId = 0
10-22 19:51:49.203  3957  3972 D API test: getContainerInfo: value is 
10-22 19:51:49.203  3957  3972 D ApplicationPolicy: isStatusBarNotificationAllowedAsUser: packageName = android,userId = 0
10-22 19:51:49.203  3957  3972 D API test: getContainerInfo: value is 
10-22 19:51:49.204  3957  3972 E NotificationService: Suppressing notification from package by user request.
10-22 19:51:49.217  4340  4340 D KeyguardUpdateMonitor: handleStatusBarState( false )
10-22 19:51:49.218 11094 11094 E adbd    : recv: OPEN 0003329d 00000000 0076:73 68 65 6C 6C 2C 76 32 2C 54 45 52 4D 3D 78 74 65 72 6D 2D 32 35 36 63 6F 6C 6F 72 2C 72 61 77 3A 64 75 6D 70 73 79 73 20 61 63 74 69 76 69 74 79 20 72 65 63 65 6E 74 73 20 7C 20 67 72 65 70 20 22 52 65 63 65 6E 74 20 23 30 22 20 7C 20 63 75 74 20 2D 64 20 22 3D 22 20 2D 66 32 20 7C 20 67 72 65 70 20 2D 6F 20 2D 70 20 22 5B 61 2D 7A 7C 2E 5D 2A 22 00 
10-22 19:51:49.218 11094 11094 E adbd    : service_to_fd: shell,v2,TERM=xterm-256color,raw:dumpsys activity recents | grep "Recent #0" | cut -d "=" -f2 | grep -o -p "[a-z|.]*"
10-22 19:51:49.287  3957  4129 D WifiStateMachine:  ConnectedState !RSSI_PKTCNT_FETCH uid=1000 rt=603515872/1659491344 0 0 "ourhome" f4:6d:2f:12:cc:88 rssi=-41 f=5240 sc=60 link=433 tx=0.4, 0.0, 0.0  rx=11.9 bcn=600253 [on:0 tx:0 rx:0 period:999] from screen [on:343693 period:2052955] score=60
10-22 19:51:49.288  3957  4129 D WifiStateMachine:  L2ConnectedState !RSSI_PKTCNT_FETCH uid=1000 rt=603515873/1659491345 0 0 "ourhome" f4:6d:2f:12:cc:88 rssi=-41 f=5240 sc=60 link=433 tx=0.4, 0.0, 0.0  rx=11.9 bcn=600253 [on:0 tx:0 rx:0 period:1] from screen [on:343693 period:2052956] score=60
10-22 19:51:49.294  3957  4129 D WifiStateMachine: fetchRssiLinkSpeedAndFrequencyNative rssi=-40 linkspeed=433 freq=5240
10-22 19:51:49.295  3957  4129 V WifiConfigManager: Updating scan detail cache freq=5240 BSSID=f4:6d:2f:12:cc:88 RSSI=-40 for "ourhome"WPA_PSK
10-22 19:51:49.309 11094 11094 E adbd    : recv: OPEN 000332a1 00000000 0042:73 68 65 6C 6C 2C 76 32 2C 54 45 52 4D 3D 78 74 65 72 6D 2D 32 35 36 63 6F 6C 6F 72 2C 72 61 77 3A 67 65 74 70 72 6F 70 20 72 6F 2E 62 75 69 6C 64 2E 76 65 72 73 69 6F 6E 2E 72 65 6C 65 61 73 65 00 
10-22 19:51:49.309 11094 11094 E adbd    : service_to_fd: shell,v2,TERM=xterm-256color,raw:getprop ro.build.version.release
10-22 19:51:49.368 11094 11094 E adbd    : recv: OPEN 000332a5 00000000 003e:73 68 65 6C 6C 2C 76 32 2C 54 45 52 4D 3D 78 74 65 72 6D 2D 32 35 36 63 6F 6C 6F 72 2C 72 61 77 3A 67 65 74 70 72 6F 70 20 72 6F 2E 62 75 69 6C 64 2E 76 65 72 73 69 6F 6E 2E 73 64 6B 00 
10-22 19:51:49.368 11094 11094 E adbd    : service_to_fd: shell,v2,TERM=xterm-256color,raw:getprop ro.build.version.sdk
10-22 19:51:49.456 11094 11094 E adbd    : recv: OPEN 000332a9 00000000 0041:73 68 65 6C 6C 2C 76 32 2C 54 45 52 4D 3D 78 74 65 72 6D 2D 32 35 36 63 6F 6C 6F 72 2C 72 61 77 3A 61 6D 20 66 6F 72 63 65 2D 73 74 6F 70 20 6F 72 67 2E 6D 6F 7A 69 6C 6C 61 2E 66 65 6E 69 78 00 
10-22 19:51:49.457 11094 11094 E adbd    : service_to_fd: shell,v2,TERM=xterm-256color,raw:am force-stop org.mozilla.fenix
10-22 19:51:49.535  3957  4602 I ActivityManager: Force stopping org.mozilla.fenix appid=10169 user=0: from pid 28289
10-22 19:51:49.536  3957  4602 I ActivityManager: Killing 27856:org.mozilla.fenix:tab10/u0a169 (adj 0): stop org.mozilla.fenix,from pid 28289
10-22 19:51:49.538  3957  4602 W ActivityManager: Scheduling restart of crashed service org.mozilla.fenix/org.mozilla.gecko.process.GeckoChildProcessServices$tab10 in 1000ms
10-22 19:51:49.551  3957  4602 I ActivityManager: Killing 28093:org.mozilla.fenix:tab30/u0a169 (adj 0): stop org.mozilla.fenix,from pid 28289
10-22 19:51:49.552  3957  4602 W ActivityManager: Scheduling restart of crashed service org.mozilla.fenix/org.mozilla.gecko.process.GeckoChildProcessServices$tab30 in 10986ms
10-22 19:51:49.557  3957  4602 I ActivityManager: Killing 27768:org.mozilla.fenix/u0a169 (adj 0): stop org.mozilla.fenix,from pid 28289
10-22 19:51:49.568 27920 27920 I ServiceChildProcess: Destroying GeckoServiceChildProcess
10-22 19:51:49.570 28170 28170 I ServiceChildProcess: Destroying GeckoServiceChildProcess
10-22 19:51:49.571  3957  4602 W ActivityManager: Force removing ActivityRecord{e056c76 u0 org.mozilla.fenix/.App t608}: app died, no saved state
10-22 19:51:49.572 28170 28170 I zygote64: System.exit called, status: 0
10-22 19:51:49.572 28170 28170 I AndroidRuntime: VM exiting with result code 0, cleanup skipped.
10-22 19:51:49.581  3957  4602 D InputDispatcher: Focus left window: 27768
10-22 19:51:49.583 27920 27920 I zygote64: System.exit called, status: 0
10-22 19:51:49.583 27920 27920 I AndroidRuntime: VM exiting with result code 0, cleanup skipped.
10-22 19:51:49.597  3447  3447 V Surface : sf_framedrop debug : 0x4f4c, game : false, logging : 0
10-22 19:51:49.617  3957  4602 D TaskSnapshotCache: putSnapshot mTaskId=608 RunningCache size=2
10-22 19:51:49.617  3957  4602 D TaskSnapshotCache: removeRunningEntry taskId=608 RunningCache size=1
10-22 19:51:49.617  3957  4602 D InputDispatcher: Focused application released
10-22 19:51:49.622  3957  4602 D CustomFrequencyManagerService: acquireDVFSLockLocked : type : DVFS_MIN_LIMIT  frequency : 1560000  uid : 1000  pid : 3957  pkgName : AMS_ACT_RESUME@CPU_MIN@74
10-22 19:51:49.623  3957  4324 I OpenGLRenderer: Initialized EGL, version 1.4
10-22 19:51:49.624  3957  4324 D OpenGLRenderer: Swap behavior 2
10-22 19:51:49.624  3957  4602 D ActivityManagerPerformance: AMP_acquire() ACT_RESUME
10-22 19:51:49.624  3957  4602 D ActivityManager: isScaleDownAnimationEnabled() : false
10-22 19:51:49.625  3957  4602 D PersonaManagerService: Current focused persona service handled id set to : 0
10-22 19:51:49.625  3957  4602 D InputDispatcher: Focused application set to: xxxx
10-22 19:51:49.630  3957  4602 V WindowManager: rotationForOrientationLw(orient=-1, last=0); user=0  sensorRotation=-1 mLidState=-1 mDockMode=0 mHdmiPlugged=false
10-22 19:51:49.632  3957 18006 V WindowManager: Relayout Window{6c5a4dd u0 com.example.batterymanager_utility/com.example.batterymanager_utility.MainActivity}: viewVisibility=4 req=720x1280 WM.LayoutParams{(0,0)(fillxfill) sim=#120 ty=1 fl=#81810100 pfl=0x20000 wanim=0x10302fd vsysui=0x600 needsMenuKey=2 colorMode=0 naviIconColor=0}
10-22 19:51:49.633  3957  4220 D GameManagerService: handleForegroundChange(). pkgName: com.example.batterymanager_utility, clsName: com.example.batterymanager_utility.MainActivity,FgActivityName:com.example.batterymanager_utility/.MainActivity
10-22 19:51:49.633  3957  4602 D MARsPolicyManager: onPackageResumedFG pkgName = com.example.batterymanager_utility, userId = 0
10-22 19:51:49.634  3957  4220 D GameManagerService: sem_perfomance_mode: 3
10-22 19:51:49.634  3957  4220 D GameManagerService: notifyResumePause(). pkg: com.example.batterymanager_utility, type: 4, isMinimized: false, isTunableApp: false
10-22 19:51:49.634  3957  4220 D GameManagerService:   notifyResumePause(). unexpected mPrevNotiType: -1
10-22 19:51:49.640 27724 27724 D ViewRootImpl@4470b6[MainActivity]: Relayout returned: old=[0,0][720,1280] new=[0,0][720,1280] result=0x1 surface={valid=false 0} changed=false
10-22 19:51:49.643  3957  4602 I ActivityManager: Killing 27920:org.mozilla.fenix:gpu/u0a169 (adj 0): stop org.mozilla.fenix,from pid 28289
10-22 19:51:49.647  3957  4602 I ActivityManager: Killing 28170:org.mozilla.fenix:utility/u0a169 (adj 0): stop org.mozilla.fenix,from pid 28289
10-22 19:51:49.661  3957  3973 W Looper  : Dispatch took 122ms on android.ui, h=Handler (com.android.server.am.ActivityManagerService$UiHandler) {84f2c15} cb=null msg=32
10-22 19:51:49.662  3957  3957 D SamsungAlarmManager: Remove alarm for next reason : android.intent.action.PACKAGE_RESTARTED : package: org.mozilla.fenix
10-22 19:51:49.668  4616  4616 D CarrierSvcBindHelper: No carrier app for: 0
10-22 19:51:49.669  3957  3972 W BroadcastQueue: Background execution not allowed: receiving Intent { act=android.intent.action.PACKAGE_RESTARTED dat=package:org.mozilla.fenix flg=0x10 (has extras) } to android/com.kddi.android.CpaNotiReceiver
10-22 19:51:49.669  4616  4616 D CarrierSvcBindHelper: No carrier app for: 1
10-22 19:51:49.670  3957  3972 W BroadcastQueue: Background execution not allowed: receiving Intent { act=android.intent.action.PACKAGE_RESTARTED dat=package:org.mozilla.fenix flg=0x10 (has extras) } to com.sec.android.daemonapp/com.samsung.android.weather.daemon.receiver.ClearDataReceiver
10-22 19:51:49.672  3957  6478 D GamePkgDataHelper: getGamePkgDataIncServer(). com.example.batterymanager_utility
10-22 19:51:49.673  3957  6478 D GameManagerService: identifyGamePackage. com.example.batterymanager_utility
10-22 19:51:49.673  3957  6478 D GamePkgDataHelper: getGamePkgData(). com.example.batterymanager_utility
10-22 19:51:49.674  3957  6478 D GameManagerService: identifyGamePackage. com.example.batterymanager_utility
10-22 19:51:49.674  3957  6478 D GamePkgDataHelper: getGamePkgData(). com.example.batterymanager_utility
10-22 19:51:49.675  3957  6478 D GamePkgDataHelper: getSosPolicy(). com.example.batterymanager_utility
10-22 19:51:49.675  3957  3957 I SamsungAlarmManager: setLocked to kernel - T:2 / 20231022T200903, SetElapsed=1660525250, nowELAPSED=1659491733
10-22 19:51:49.675  3957  3957 D SamsungAlarmManager: setInexact Listener (T:2/F:0/AC:false) 20231022T195817 - CU:1000/CP:3957
10-22 19:51:49.675  3957  3957 I SamsungAlarmManager: setLocked to kernel - T:2 / 20231022T195817, SetElapsed=1659879961, nowELAPSED=1659491733
10-22 19:51:49.675  3957  4564 D ActivityManager: post active user change for 0 fullscreen true isHomeActivity() false
10-22 19:51:49.678  3957  3957 I SamsungAlarmManager: setLocked to kernel - T:2 / 20231022T200239, SetElapsed=1660141127, nowELAPSED=1659491736
10-22 19:51:49.679  3957  3957 D SamsungAlarmManager: setInexact Listener (T:2/F:0/AC:false) 20231022T200237 - CU:1000/CP:3957
10-22 19:51:49.679  3957 18006 V WindowManager: Relayout Window{6c5a4dd u0 com.example.batterymanager_utility/com.example.batterymanager_utility.MainActivity}: viewVisibility=0 req=720x1280 WM.LayoutParams{(0,0)(fillxfill) sim=#120 ty=1 fl=#81810100 pfl=0x20000 wanim=0x10302fd vsysui=0x600 needsMenuKey=2 colorMode=0 naviIconColor=0}
10-22 19:51:49.681  3957  3957 I SamsungAlarmManager: setLocked to kernel - T:2 / 20231022T200903, SetElapsed=1660525249, nowELAPSED=1659491739
10-22 19:51:49.681  3447  3447 I SurfaceFlinger: id=3464 createSurf (720x1280),1 flag=404, com.example.batterymanager_utility/com.example.batterymanager_utility.MainActivity#0
10-22 19:51:49.681  3957  3957 D SamsungAlarmManager: setInexact Listener (T:2/F:0/AC:false) 20231022T195817 - CU:1000/CP:3957
10-22 19:51:49.681  3957  3957 I SamsungAlarmManager: setLocked to kernel - T:2 / 20231022T195817, SetElapsed=1659879961, nowELAPSED=1659491739
10-22 19:51:49.683  3957 18006 V Surface : sf_framedrop debug : 0x4f4c, game : false, logging : 0
10-22 19:51:49.683  3957  3957 I SamsungAlarmManager: setLocked to kernel - T:2 / 20231022T200239, SetElapsed=1660141127, nowELAPSED=1659491741
10-22 19:51:49.683  4340 29993 D SystemServicesProxy: updateOverviewLastStackActiveTimeAsync: newTime=1697997007271
10-22 19:51:49.683  3957  3957 D SamsungAlarmManager: setInexact Listener (T:2/F:0/AC:false) 20231022T200237 - CU:1000/CP:3957
10-22 19:51:49.684  3957  6478 D WifiService: getConnectionInfo uid=1000
10-22 19:51:49.685  3957  4622 D SecContentProvider: query(), uri = 17 selection = isSettingsChangesAllowed
10-22 19:51:49.685  3957  4622 D SecContentProvider: called from android.uid.systemui:10009
10-22 19:51:49.686  3957  6478 D GameManagerService: identifyGamePackage. com.example.batterymanager_utility
10-22 19:51:49.686  3957  6478 D GamePkgDataHelper: getGamePkgData(). com.example.batterymanager_utility
10-22 19:51:49.687  4340  4692 D SystemServicesProxy: updateOverviewLastStackActiveTimeAsync: done.
10-22 19:51:49.688  3957 18006 D InputDispatcher: Focus entered window: 27724
10-22 19:51:49.689 27724 27724 V Surface : sf_framedrop debug : 0x4f4c, game : false, logging : 0
10-22 19:51:49.691  3957  3957 I SamsungAlarmManager: setLocked to kernel - T:2 / 20231022T200903, SetElapsed=1660525250, nowELAPSED=1659491749
10-22 19:51:49.691 27724 27724 D ViewRootImpl@4470b6[MainActivity]: Relayout returned: old=[0,0][720,1280] new=[0,0][720,1280] result=0x7 surface={valid=true 501741744128} changed=true
10-22 19:51:49.691  3957  3957 D SamsungAlarmManager: setInexact Listener (T:2/F:0/AC:false) 20231022T195817 - CU:1000/CP:3957
10-22 19:51:49.691  3957  3957 I SamsungAlarmManager: setLocked to kernel - T:2 / 20231022T195817, SetElapsed=1659879961, nowELAPSED=1659491749
10-22 19:51:49.691  3957  6478 D GameManagerService: identifyGamePackage. com.example.batterymanager_utility
10-22 19:51:49.691  3957  6478 D GamePkgDataHelper: getGamePkgData(). com.example.batterymanager_utility
10-22 19:51:49.693  3957  4564 D PackageManager: getComponentMetadataForIconTray : org.mozilla.fenix.HomeActivity does not exist in mServices
10-22 19:51:49.693  3957  4564 D PackageManager: getComponentMetadataForIconTray : org.mozilla.fenix.HomeActivity does not exist in mProviders
10-22 19:51:49.693  3957  4564 D PackageManager: getComponentMetadataForIconTray : org.mozilla.fenix.HomeActivity does not exist in mReceivers
10-22 19:51:49.694  3957  3957 I SamsungAlarmManager: setLocked to kernel - T:2 / 20231022T200239, SetElapsed=1660141127, nowELAPSED=1659491752
10-22 19:51:49.694  4340 29993 D ApplicationPackageManager: updateItemMetaDataForFixedIconScale: package: org.mozilla.fenix
10-22 19:51:49.694  3957  3957 D SamsungAlarmManager: setInexact Listener (T:2/F:0/AC:false) 20231022T200237 - CU:1000/CP:3957
10-22 19:51:49.696  3957  4564 D PackageManager: getSelectedMetaData : packageName(org.mozilla.fenix) or Metadata strings {[Ljava.lang.String;@1f90f08}
10-22 19:51:49.696  4340 29993 I ApplicationPackageManager: return adaptive icon for org.mozilla.fenix
10-22 19:51:49.697  3957  3957 I SamsungAlarmManager: setLocked to kernel - T:2 / 20231022T200903, SetElapsed=1660525249, nowELAPSED=1659491755
10-22 19:51:49.698  3957  3957 D SamsungAlarmManager: setInexact Listener (T:2/F:0/AC:false) 20231022T195817 - CU:1000/CP:3957
10-22 19:51:49.698  3957  3957 I SamsungAlarmManager: setLocked to kernel - T:2 / 20231022T195817, SetElapsed=1659879961, nowELAPSED=1659491756
10-22 19:51:49.700  3957  3957 I SamsungAlarmManager: setLocked to kernel - T:2 / 20231022T200239, SetElapsed=1660141127, nowELAPSED=1659491758
10-22 19:51:49.700  3957  3957 D SamsungAlarmManager: setInexact Listener (T:2/F:0/AC:false) 20231022T200237 - CU:1000/CP:3957
10-22 19:51:49.703 27724 27741 D mali_winsys: EGLint new_window_surface(egl_winsys_display *, void *, EGLSurface, EGLConfig, egl_winsys_surface **, egl_color_buffer_format *, EGLBoolean) returns 0x3000,  [720x1280]-format:1
10-22 19:51:49.703 27724 27741 D OpenGLRenderer: eglCreateWindowSurface = 0x74d44a7d00
10-22 19:51:49.703  3957  3973 D WindowManager: set systemUiVisibility : systemUiFlags= 0x608 fullscreenStackSysUiFlags= 0x0
10-22 19:51:49.708 27724 27724 D ViewRootImpl@4470b6[MainActivity]: MSG_WINDOW_FOCUS_CHANGED 1
10-22 19:51:49.714 27724 27724 V InputMethodManager: Starting input: tba=android.view.inputmethod.EditorInfo@f6a3ba6 nm : com.example.batterymanager_utility ic=null
10-22 19:51:49.714 27724 27724 I InputMethodManager: startInputInner - mService.startInputOrWindowGainedFocus
10-22 19:51:49.716  3957  4622 D InputMethodManagerService: startInputOrWindowGainedFocus : windowGainedFocus 
10-22 19:51:49.716  3957  4083 W InputDispatcher: channel ~ Consumer closed input channel or an error occurred.  events=0x9
10-22 19:51:49.717  3957  4083 E InputDispatcher: channel ~ Channel is unrecoverably broken and will be disposed!
10-22 19:51:49.717  3957 18006 D WindowManager: adjustSystemUiVisibilityLw : vis= 0x608
10-22 19:51:49.717  3957  4622 D InputMethodManagerService: windowGainedFocus: destinationUserId (getCallingUid) = 0
10-22 19:51:49.717  3957  4622 D InputMethodManagerService: windowGainedFocus: currentUserId=0
10-22 19:51:49.717  3957  4622 D InputMethodManagerService: windowGainedFocus: mCurrentFocusedUserId=0
10-22 19:51:49.717  3957  4622 D InputMethodManagerService: windowGainedFocus : lock - currentUserId = 0 destinationUserId = 0
10-22 19:51:49.717  3957  4622 D InputMethodManagerService: windowGainedFocus : mCurrentFocusedUserId - 0 and mSecureKeypadEnabled - false, userSwitched - false
10-22 19:51:49.718  3957  4622 V InputMethodManagerService: windowGainedFocus : reason=WINDOW_FOCUS_GAIN client=android.os.BinderProxy@beaf987 inputContext=null missingMethods= attribute=android.view.inputmethod.EditorInfo@1d006a1 nm = com.example.batterymanager_utility controlFlags=#105 softInputMode=#120 windowFlags=#81810100
10-22 19:51:49.718  3957  4622 V InputMethodManagerService: hideCurrentInputLocked : shouldHideSoftInput is false
10-22 19:51:49.723  3957  4622 W InputMethodManagerService: Got RemoteException sending setActive(false) notification to pid 27768 uid 10169
10-22 19:51:49.723  3957  4602 D ConnectivityService: ConnectivityService NetworkRequestInfo binderDied(NetworkRequest [ TRACK_DEFAULT id=2319, [ Capabilities: INTERNET&NOT_RESTRICTED&TRUSTED&NOT_VPN] ], android.os.BinderProxy@91e10c6)
10-22 19:51:49.724  3957  4031 I WindowManager: WIN DEATH: Window{c3bda48 u0 org.mozilla.fenix/org.mozilla.fenix.App}
10-22 19:51:49.725  3957  4157 D ConnectivityService: releasing NetworkRequest [ TRACK_DEFAULT id=2319, [ Capabilities: INTERNET&NOT_RESTRICTED&TRUSTED&NOT_VPN] ] (CALLBACK_RELEASED)
10-22 19:51:49.725  3957  4031 W InputDispatcher: Attempted to unregister already unregistered input channel
10-22 19:51:49.725  3957  4157 D ConnectivityService:  Removing from current network NetworkAgentInfo [WIFI () - 509], leaving 11 requests.
10-22 19:51:49.726  3957  4622 D InputMethodManagerService: isImeSwitcherDisabledPackage : false
10-22 19:51:49.727  3957  4157 D ConnectivityService: sending notification RELEASED for NetworkRequest [ TRACK_DEFAULT id=2319, [ Capabilities: INTERNET&NOT_RESTRICTED&TRUSTED&NOT_VPN] ]
10-22 19:51:49.727  3957  4622 D InputMethodManagerService: setCurrentInputInfo - inputContext : null eidtorInfo : android.view.inputmethod.EditorInfo@1d006a1 missingMethods : 0
10-22 19:51:49.727  3957  4031 I WindowManager: Destroying surface Surface(name=org.mozilla.fenix/org.mozilla.fenix.App) called by com.android.server.wm.WindowStateAnimator.destroySurface:2501 com.android.server.wm.WindowStateAnimator.destroySurfaceLocked:985 com.android.server.wm.WindowState.removeImmediately:2403 com.android.server.wm.WindowState.removeIfPossible:2602 com.android.server.wm.WindowState.-wrap1:0 com.android.server.wm.WindowState$DeathRecipient.binderDied:3141 android.os.BinderProxy.sendDeathNotice:841 <bottom of call stack> 
10-22 19:51:49.727  3957  4157 E ConnectivityService: RemoteException caught trying to send a callback msg for NetworkRequest [ TRACK_DEFAULT id=2319, [ Capabilities: INTERNET&NOT_RESTRICTED&TRUSTED&NOT_VPN] ]
10-22 19:51:49.728  3447 18688 I SurfaceFlinger: id=3461 Removed org.mozilla.fenix/org.mozilla.fenix.App#0 (4/5)
10-22 19:51:49.730  3447  3447 I Layer   : id=3461 onRemoved org.mozilla.fenix/org.mozilla.fenix.App#0 
10-22 19:51:49.730  8846  8846 I InputMethodWrapper:  call dispatchStartInputWithToken
10-22 19:51:49.730  8846  8846 I InputMethodService: dispatchStartInputWithToken
10-22 19:51:49.731  3447  3447 I Layer   : id=3463 onRemoved Background for - SurfaceView - org.mozilla.fenix/org.mozilla.fenix.App@76479fe@0#0 
10-22 19:51:49.731  3447  3447 I Layer   : id=3462 onRemoved SurfaceView - org.mozilla.fenix/org.mozilla.fenix.App@76479fe@0#0 
10-22 19:51:49.732  8846  8846 I SKBD    : SamsungKeypad [IMI] onStartInput - caller pid : 27724, caller uid : 10170
10-22 19:51:49.733  3447  3488 I SurfaceFlinger: id=3461 Removed org.mozilla.fenix/org.mozilla.fenix.App#0 (-2/5)
10-22 19:51:49.735  8846  8846 D InputEventReceiver: channel 'ClientState{5be6578 uid 10169 pid 27768} (client)' ~ Disposing input event receiver.
10-22 19:51:49.735  8846  8846 D InputEventReceiver: channel 'ClientState{5be6578 uid 10169 pid 27768} (client)' ~NativeInputEventReceiver.
10-22 19:51:49.738  3447  3447 I SurfaceFlinger: Display 0 HWC layers:
10-22 19:51:49.738  3447  3447 I SurfaceFlinger:     type    |    handle    | flag |  format   |   source crop (l,t,r,b)    |         frame       | name 
10-22 19:51:49.738  3447  3447 I SurfaceFlinger: ------------+--------------+------+-----------+----------------------------+---------------------+------
10-22 19:51:49.738  3447  3447 I SurfaceFlinger:      Device | 0x7ea50243c0 | 0000 | RGBA_8888 |   0.0    0.0  720.0   42.0 |    0    0  720   42 | StatusBar#0
10-22 19:51:49.738  3447  3447 I SurfaceFlinger: 
10-22 19:51:49.739  3957  3981 W ActivityManager: setHasOverlayUi called on unknown pid: 27768
10-22 19:51:49.753  3957  4128 D WifiService: getConnectionInfo uid=1000
10-22 19:51:49.763  3957  4650 V WindowManager: finishDrawingLocked: mDrawState=COMMIT_DRAW_PENDING Window{6c5a4dd u0 com.example.batterymanager_utility/com.example.batterymanager_utility.MainActivity} in Surface(name=com.example.batterymanager_utility/com.example.batterymanager_utility.MainActivity)
10-22 19:51:49.780  3447  3447 I SurfaceFlinger: id=3465 createSurf (720x1280),-1 flag=20004, com.example.batterymanager_utility/com.example.batterymanager_utility.MainActivity_dim#0
10-22 19:51:49.800  3447  3447 I SurfaceFlinger: Display 0 HWC layers:
10-22 19:51:49.800  3447  3447 I SurfaceFlinger:     type    |    handle    | flag |  format   |   source crop (l,t,r,b)    |         frame       | name 
10-22 19:51:49.800  3447  3447 I SurfaceFlinger: ------------+--------------+------+-----------+----------------------------+---------------------+------
10-22 19:51:49.800  3447  3447 I SurfaceFlinger:      Client |              | 0000 |  Unknown  |  -0.2   -0.2   -0.8   -0.8 |    0    0  720 1280 | animation background stackId=1#0
10-22 19:51:49.800  3447  3447 I SurfaceFlinger:      Client | 0x7e9ecdfac0 | 0002 | RGBA_8888 |   0.0    0.0   31.0 1280.0 |  689    0  720 1280 | com.example.batterymanager_utility/c[...]atterymanager_utility.MainActivity#0
10-22 19:51:49.800  3447  3447 I SurfaceFlinger:      Device | 0x7ea50243c0 | 0000 | RGBA_8888 |   0.0    0.0  720.0   42.0 |    0    0  720   42 | StatusBar#0
10-22 19:51:49.800  3447  3447 I SurfaceFlinger: 
10-22 19:51:49.805  3957  4089 D MdnieScenarioControlService:  packageName : com.example.batterymanager_utility    className : com.example.batterymanager_utility.MainActivity
10-22 19:51:49.805  3957  4089 V MdnieScenarioControlService: setUIMode from UI function(3)
10-22 19:51:49.816  3447  3447 I SurfaceFlinger: Display 0 HWC layers:
10-22 19:51:49.816  3447  3447 I SurfaceFlinger:     type    |    handle    | flag |  format   |   source crop (l,t,r,b)    |         frame       | name 
10-22 19:51:49.816  3447  3447 I SurfaceFlinger: ------------+--------------+------+-----------+----------------------------+---------------------+------
10-22 19:51:49.816  3447  3447 I SurfaceFlinger:      Client |              | 0000 |  Unknown  |   0.0    0.0   -1.0   -1.0 |    0    0  720 1280 | com.example.batterymanager_utility/c[...]rymanager_utility.MainActivity_dim#0
10-22 19:51:49.816  3447  3447 I SurfaceFlinger:      Client |              | 0000 |  Unknown  |  -0.2   -0.2   -0.8   -0.8 |    0    0  720 1280 | animation background stackId=1#0
10-22 19:51:49.816  3447  3447 I SurfaceFlinger:      Client | 0x7e9ecdfac0 | 0002 | RGBA_8888 |   0.0    0.0   67.0 1280.0 |  653    0  720 1280 | com.example.batterymanager_utility/c[...]atterymanager_utility.MainActivity#0
10-22 19:51:49.816  3447  3447 I SurfaceFlinger:      Device | 0x7ea5024540 | 0000 | RGBA_8888 |   0.0    0.0  720.0   42.0 |    0    0  720   42 | StatusBar#0
10-22 19:51:49.816  3447  3447 I SurfaceFlinger: 
10-22 19:51:49.831  4961  4961 D io_stats: !@ 179,0 r 10146679 333077796 w 2162526 42319772 d 174259 37270968 f 640428 665920 iot 4640464 3998610 th 51200 0 0 pt 0 inp 0 0 603516.416
10-22 19:51:50.165  3447  3447 I SurfaceFlinger: Display 0 HWC layers:
10-22 19:51:50.165  3447  3447 I SurfaceFlinger:     type    |    handle    | flag |  format   |   source crop (l,t,r,b)    |         frame       | name 
10-22 19:51:50.165  3447  3447 I SurfaceFlinger: ------------+--------------+------+-----------+----------------------------+---------------------+------
10-22 19:51:50.165  3447  3447 I SurfaceFlinger:      Device | 0x7e9ecdfac0 | 0002 | RGBA_8888 |   0.0    0.0  720.0 1280.0 |    0    0  720 1280 | com.example.batterymanager_utility/c[...]atterymanager_utility.MainActivity#0
10-22 19:51:50.165  3447  3447 I SurfaceFlinger:      Device | 0x7ea5024780 | 0000 | RGBA_8888 |   0.0    0.0  720.0   42.0 |    0    0  720   42 | StatusBar#0
10-22 19:51:50.165  3447  3447 I SurfaceFlinger: 
10-22 19:51:50.180  3957  4025 I WindowManager: Destroying surface Surface(name=com.example.batterymanager_utility/com.example.batterymanager_utility.MainActivity_dim) called by com.android.server.wm.WindowStateAnimator.destroyTransitionDimSurface:2733 com.android.server.wm.WindowState.onExitAnimationDone:5243 com.android.server.wm.AppWindowAnimator.stepAnimationLocked:508 com.android.server.wm.AppWindowToken.stepAppWindowsAnimation:1659 com.android.server.wm.WindowContainer.stepAppWindowsAnimation:521 com.android.server.wm.WindowContainer.stepAppWindowsAnimation:521 com.android.server.wm.TaskStack.stepAppWindowsAnimation:1948 com.android.server.wm.WindowContainer.stepAppWindowsAnimation:521 
10-22 19:51:50.180  3447 18688 I SurfaceFlinger: id=3465 Removed com.example.batterymanager_utility/com.example.batterymanager_utility.MainActivity_dim#0 (1/5)
10-22 19:51:50.180  3447 18688 I SurfaceFlinger: id=3465 Removed com.example.batterymanager_utility/com.example.batterymanager_utility.MainActivity_dim#0 (-2/5)
10-22 19:51:50.183  3957  3981 D CustomFrequencyManagerService: releaseDVFSLockLocked : Getting Lock type frm List : DVFS_MIN_LIMIT  frequency : 1560000  uid : 1000  pid : 3957  tag : AMS_ACT_RESUME@CPU_MIN@74
10-22 19:51:50.183  3957  3981 D ActivityManagerPerformance: AMP_release() ACT_RESUME
10-22 19:51:50.195  3447  3447 I Layer   : id=3465 onRemoved com.example.batterymanager_utility/com.example.batterymanager_utility.MainActivity_dim#0 
10-22 19:51:50.289  3957  4129 D WifiStateMachine:  ConnectedState !RSSI_PKTCNT_FETCH uid=1000 rt=603516873/1659492346 0 0 "ourhome" f4:6d:2f:12:cc:88 rssi=-40 f=5240 sc=60 link=433 tx=0.4, 0.0, 0.0  rx=11.9 bcn=600253 [on:0 tx:0 rx:0 period:1001] from screen [on:343693 period:2053957] score=60
10-22 19:51:50.292  3957  4129 D WifiStateMachine:  L2ConnectedState !RSSI_PKTCNT_FETCH uid=1000 rt=603516875/1659492348 0 0 "ourhome" f4:6d:2f:12:cc:88 rssi=-40 f=5240 sc=60 link=433 tx=0.4, 0.0, 0.0  rx=11.9 bcn=600253 [on:0 tx:0 rx:0 period:2] from screen [on:343693 period:2053959] score=60
10-22 19:51:50.299  3957  4129 D WifiStateMachine: fetchRssiLinkSpeedAndFrequencyNative rssi=-41 linkspeed=433 freq=5240
10-22 19:51:50.299  3957  4129 V WifiConfigManager: Updating scan detail cache freq=5240 BSSID=f4:6d:2f:12:cc:88 RSSI=-40 for "ourhome"WPA_PSK
10-22 19:51:50.532  3957  4129 D WifiStateMachine:  ConnectedState !CMD_RSSI_POLL rt=603517115/1659492587 122 0 "ourhome" f4:6d:2f:12:cc:88 rssi=-41 f=5240 sc=60 link=433 tx=0.4, 0.0, 0.0  rx=11.9 bcn=600253 [on:0 tx:0 rx:0 period:241] from screen [on:343693 period:2054200] score=60
10-22 19:51:50.535  3957  4129 D WifiStateMachine:  L2ConnectedState !CMD_RSSI_POLL rt=603517118/1659492590 122 0 "ourhome" f4:6d:2f:12:cc:88 rssi=-41 f=5240 sc=60 link=433 tx=0.4, 0.0, 0.0  rx=11.9 bcn=600253 [on:0 tx:0 rx:0 period:3] from screen [on:343693 period:2054203] score=60
10-22 19:51:50.535  3957  4129 D WifiStateMachine:  get link layer stats 3
10-22 19:51:50.536  3436  3436 I android.hardware.wifi@1.0-service: getLinkLayerStats
10-22 19:51:50.545  3957  4129 D WifiStateMachine: fetchRssiLinkSpeedAndFrequencyNative rssi=-41 linkspeed=433 freq=5240
10-22 19:51:50.545  3957  4129 V WifiConfigManager: Updating scan detail cache freq=5240 BSSID=f4:6d:2f:12:cc:88 RSSI=-40 for "ourhome"WPA_PSK
10-22 19:51:50.552  4340  4340 E SignalClusterView: setSlotFocusVisible : subId -2
10-22 19:51:50.552  4340  4340 E SignalClusterView: setSlotFocusVisible : subId -2
10-22 19:51:50.756  3957  4128 D WifiService: getConnectionInfo uid=1000
10-22 19:51:51.289  3957  4129 D WifiStateMachine:  ConnectedState !RSSI_PKTCNT_FETCH uid=1000 rt=603517874/1659493347 0 0 "ourhome" f4:6d:2f:12:cc:88 rssi=-41 f=5240 sc=60 link=433 tx=21.7, 0.0, 0.0  rx=27.2 bcn=600282 [on:0 tx:0 rx:0 period:739] from screen [on:344282 period:2054957] score=60
10-22 19:51:51.291  3957  4129 D WifiStateMachine:  L2ConnectedState !RSSI_PKTCNT_FETCH uid=1000 rt=603517875/1659493348 0 0 "ourhome" f4:6d:2f:12:cc:88 rssi=-41 f=5240 sc=60 link=433 tx=21.7, 0.0, 0.0  rx=27.2 bcn=600282 [on:0 tx:0 rx:0 period:2] from screen [on:344282 period:2054959] score=60
10-22 19:51:51.297  3957  4129 D WifiStateMachine: fetchRssiLinkSpeedAndFrequencyNative rssi=-40 linkspeed=433 freq=5240
10-22 19:51:51.298  3957  4129 V WifiConfigManager: Updating scan detail cache freq=5240 BSSID=f4:6d:2f:12:cc:88 RSSI=-40 for "ourhome"WPA_PSK
10-22 19:51:51.575  3957  3957 D PreBindingService: handleMessage : 1
10-22 19:51:51.692  3957  4650 D BatteryService: !@BatteryListener : batteryPropertiesChanged!
10-22 19:51:51.760  3957  4128 D WifiService: getConnectionInfo uid=1000
10-22 19:51:52.263  3957  4030 D SensorService: [SO] 0.211 -0.101 9.979
10-22 19:51:52.293  3957  4129 D WifiStateMachine:  ConnectedState !RSSI_PKTCNT_FETCH uid=1000 rt=603518876/1659494349 0 0 "ourhome" f4:6d:2f:12:cc:88 rssi=-40 f=5240 sc=60 link=433 tx=21.7, 0.0, 0.0  rx=27.2 bcn=600282 [on:0 tx:0 rx:0 period:1001] from screen [on:344282 period:2055960] score=60
10-22 19:51:52.295  3957  4129 D WifiStateMachine:  L2ConnectedState !RSSI_PKTCNT_FETCH uid=1000 rt=603518879/1659494351 0 0 "ourhome" f4:6d:2f:12:cc:88 rssi=-40 f=5240 sc=60 link=433 tx=21.7, 0.0, 0.0  rx=27.2 bcn=600282 [on:0 tx:0 rx:0 period:3] from screen [on:344282 period:2055963] score=60
10-22 19:51:52.298  3957  4129 D WifiStateMachine: fetchRssiLinkSpeedAndFrequencyNative rssi=-40 linkspeed=433 freq=5240
10-22 19:51:52.299  3957  4129 V WifiConfigManager: Updating scan detail cache freq=5240 BSSID=f4:6d:2f:12:cc:88 RSSI=-40 for "ourhome"WPA_PSK
10-22 19:51:52.575  9273  9310 D ScanRecord: Not a Multi Manu data
10-22 19:51:52.677  9273  9310 I chatty  : uid=1002(bluetooth) BT Service Call identical 152 lines
10-22 19:51:52.677  9273  9310 D ScanRecord: Not a Multi Manu data
10-22 19:51:52.686 11094 11094 E adbd    : recv: OPEN 000332ad 00000000 0042:73 68 65 6C 6C 2C 76 32 2C 54 45 52 4D 3D 78 74 65 72 6D 2D 32 35 36 63 6F 6C 6F 72 2C 72 61 77 3A 67 65 74 70 72 6F 70 20 72 6F 2E 62 75 69 6C 64 2E 76 65 72 73 69 6F 6E 2E 72 65 6C 65 61 73 65 00 
10-22 19:51:52.686 11094 11094 E adbd    : service_to_fd: shell,v2,TERM=xterm-256color,raw:getprop ro.build.version.release
10-22 19:51:52.693  9273  9310 D ScanRecord: Not a Multi Manu data
10-22 19:51:52.758  9273  9310 I chatty  : uid=1002(bluetooth) BT Service Call identical 75 lines
10-22 19:51:52.758  9273  9310 D ScanRecord: Not a Multi Manu data
10-22 19:51:52.762  3957  4128 D WifiService: getConnectionInfo uid=1000
10-22 19:51:52.770 11094 11094 E adbd    : recv: OPEN 000332b1 00000000 003e:73 68 65 6C 6C 2C 76 32 2C 54 45 52 4D 3D 78 74 65 72 6D 2D 32 35 36 63 6F 6C 6F 72 2C 72 61 77 3A 67 65 74 70 72 6F 70 20 72 6F 2E 62 75 69 6C 64 2E 76 65 72 73 69 6F 6E 2E 73 64 6B 00 
10-22 19:51:52.770 11094 11094 E adbd    : service_to_fd: shell,v2,TERM=xterm-256color,raw:getprop ro.build.version.sdk
10-22 19:51:52.779  9273  9310 D ScanRecord: Not a Multi Manu data
10-22 19:51:52.853  9273  9310 I chatty  : uid=1002(bluetooth) BT Service Call identical 64 lines
10-22 19:51:52.853  9273  9310 D ScanRecord: Not a Multi Manu data
10-22 19:51:52.859 11094 11094 E adbd    : recv: OPEN 000332b5 00000000 0052:73 68 65 6C 6C 2C 76 32 2C 54 45 52 4D 3D 78 74 65 72 6D 2D 32 35 36 63 6F 6C 6F 72 2C 72 61 77 3A 61 6D 20 66 6F 72 63 65 2D 73 74 6F 70 20 63 6F 6D 2E 65 78 61 6D 70 6C 65 2E 62 61 74 74 65 72 79 6D 61 6E 61 67 65 72 5F 75 74 69 6C 69 74 79 00 
10-22 19:51:52.859 11094 11094 E adbd    : service_to_fd: shell,v2,TERM=xterm-256color,raw:am force-stop com.example.batterymanager_utility
10-22 19:51:52.863  9273  9310 D ScanRecord: Not a Multi Manu data
10-22 19:51:52.934  3957  4650 I ActivityManager: Force stopping com.example.batterymanager_utility appid=10170 user=0: from pid 28304
10-22 19:51:52.935  3957  4650 I ActivityManager: Killing 27724:com.example.batterymanager_utility/u0a170 (adj 0): stop com.example.batterymanager_utility,from pid 28304
