--------- beginning of main
10-22 19:57:16.735 11094 11094 E adbd    : recv: OPEN 00033359 00000000 0042:73 68 65 6C 6C 2C 76 32 2C 54 45 52 4D 3D 78 74 65 72 6D 2D 32 35 36 63 6F 6C 6F 72 2C 72 61 77 3A 67 65 74 70 72 6F 70 20 72 6F 2E 62 75 69 6C 64 2E 76 65 72 73 69 6F 6E 2E 72 65 6C 65 61 73 65 00 
10-22 19:57:16.735 11094 11094 E adbd    : service_to_fd: shell,v2,TERM=xterm-256color,raw:getprop ro.build.version.release
10-22 19:57:16.784 11094 11094 E adbd    : recv: OPEN 0003335d 00000000 003e:73 68 65 6C 6C 2C 76 32 2C 54 45 52 4D 3D 78 74 65 72 6D 2D 32 35 36 63 6F 6C 6F 72 2C 72 61 77 3A 67 65 74 70 72 6F 70 20 72 6F 2E 62 75 69 6C 64 2E 76 65 72 73 69 6F 6E 2E 73 64 6B 00 
10-22 19:57:16.784 11094 11094 E adbd    : service_to_fd: shell,v2,TERM=xterm-256color,raw:getprop ro.build.version.sdk
10-22 19:57:16.801  3957  4129 D WifiStateMachine:  ConnectedState !RSSI_PKTCNT_FETCH uid=1000 rt=603843386/1659818858 0 0 "ourhome" f4:6d:2f:12:cc:88 rssi=-43 f=5240 sc=60 link=433 tx=1.0, 0.0, 0.0  rx=2.1 bcn=603342 [on:0 tx:0 rx:0 period:998] from screen [on:388055 period:2380469] score=60
10-22 19:57:16.802  3957  4129 D WifiStateMachine:  L2ConnectedState !RSSI_PKTCNT_FETCH uid=1000 rt=603843387/1659818859 0 0 "ourhome" f4:6d:2f:12:cc:88 rssi=-43 f=5240 sc=60 link=433 tx=1.0, 0.0, 0.0  rx=2.1 bcn=603342 [on:0 tx:0 rx:0 period:1] from screen [on:388055 period:2380470] score=60
10-22 19:57:16.805  3957  4129 D WifiStateMachine: fetchRssiLinkSpeedAndFrequencyNative rssi=-43 linkspeed=433 freq=5240
10-22 19:57:16.806  3957  4129 V WifiConfigManager: Updating scan detail cache freq=5240 BSSID=f4:6d:2f:12:cc:88 RSSI=-43 for "ourhome"WPA_PSK
10-22 19:57:16.845 11094 11094 E adbd    : recv: OPEN 00033361 00000000 00c4:73 68 65 6C 6C 2C 76 32 2C 54 45 52 4D 3D 78 74 65 72 6D 2D 32 35 36 63 6F 6C 6F 72 2C 72 61 77 3A 61 6D 20 73 74 61 72 74 20 2D 6E 20 22 63 6F 6D 2E 65 78 61 6D 70 6C 65 2E 62 61 74 74 65 72 79 6D 61 6E 61 67 65 72 5F 75 74 69 6C 69 74 79 2F 63 6F 6D 2E 65 78 61 6D 70 6C 65 2E 62 61 74 74 65 72 79 6D 61 6E 61 67 65 72 5F 75 74 69 6C 69 74 79 2E 4D 61 69 6E 41 63 74 69 76 69 74 79 22 20 2D 61 20 61 6E 64 72 6F 69 64 2E 69 6E 74 65 6E 74 2E 61 63 74 69 6F 6E 2E 4D 41 49 4E 20 2D 63 20 61 6E 64 72 6F 69 64 2E 69 6E 74 65 6E 74 2E 63 61 74 65 67 6F 72 79 2E 4C 41 55 4E 43 48 45 52 00 
10-22 19:57:16.845 11094 11094 E adbd    : service_to_fd: shell,v2,TERM=xterm-256color,raw:am start -n "com.example.batterymanager_utility/com.example.batterymanager_utility.MainActivity" -a android.intent.action.MAIN -c android.intent.category.LAUNCHER
10-22 19:57:16.878  3957  4129 D WifiStateMachine:  ConnectedState !CMD_RSSI_POLL rt=603843463/1659818935 122 0 "ourhome" f4:6d:2f:12:cc:88 rssi=-43 f=5240 sc=60 link=433 tx=1.0, 0.0, 0.0  rx=2.1 bcn=603342 [on:0 tx:0 rx:0 period:76] from screen [on:388055 period:2380546] score=60
10-22 19:57:16.880  3957  4129 D WifiStateMachine:  L2ConnectedState !CMD_RSSI_POLL rt=603843464/1659818937 122 0 "ourhome" f4:6d:2f:12:cc:88 rssi=-43 f=5240 sc=60 link=433 tx=1.0, 0.0, 0.0  rx=2.1 bcn=603342 [on:0 tx:0 rx:0 period:2] from screen [on:388055 period:2380548] score=60
10-22 19:57:16.880  3957  4129 D WifiStateMachine:  get link layer stats 3
--------- beginning of system
10-22 19:57:16.880  3436  3436 I android.hardware.wifi@1.0-service: getLinkLayerStats
10-22 19:57:16.889  3957  4129 D WifiStateMachine: fetchRssiLinkSpeedAndFrequencyNative rssi=-43 linkspeed=433 freq=5240
10-22 19:57:16.889  3957  4129 V WifiConfigManager: Updating scan detail cache freq=5240 BSSID=f4:6d:2f:12:cc:88 RSSI=-43 for "ourhome"WPA_PSK
10-22 19:57:16.893  4340  4340 E SignalClusterView: setSlotFocusVisible : subId -2
10-22 19:57:16.893  4340  4340 E SignalClusterView: setSlotFocusVisible : subId -2
10-22 19:57:16.941  3957 14904 I ActivityManager: START u0 {act=android.intent.action.MAIN typ=null flg=0x10000000 cmp=ComponentInfo{com.example.batterymanager_utility/com.example.batterymanager_utility.MainActivity}} from uid 2000
10-22 19:57:16.944  3957 14904 D CustomFrequencyManagerService: acquireDVFSLockLocked : type : DVFS_MIN_LIMIT  frequency : 1560000  uid : 1000  pid : 3957  pkgName : AMS_APP_SWITCH@CPU_MIN@52
10-22 19:57:16.946  3957 14904 D ActivityManagerPerformance: AMP_acquire() APP_SWITCH
10-22 19:57:16.947  3957  5022 D ActivityManagerPerformance: Received MSG_CFMS_HINT_AMS_SWITCH pkgName: com.example.batterymanager_utility
10-22 19:57:16.948  3957  6478 D WifiService: getConnectionInfo uid=1000
10-22 19:57:16.952  8695  8695 V Launcher: Launcher.onPause()
10-22 19:57:16.953  8695  8695 D Launcher: setHotWordDetection : call requestHotWordDetection false
10-22 19:57:16.955  3957  3957 D MdnieScenarioControlService: Listener Real Multi Window State : false
10-22 19:57:16.962  3957  4025 D ViewRootImpl@b6b4f09[batterymanager_utility]: setView = DecorView@f52a53c[batterymanager_utility] TM=true MM=false
10-22 19:57:16.962  3957 14960 D ActivityManager: isScaleDownAnimationEnabled() : false
10-22 19:57:16.963  9098  9098 I GsaVoiceInteractionSrv: Handling ACTION_STOP_HOTWORD
10-22 19:57:16.963  3957 14960 D StorageManagerService: getExternalStorageMountMode : 1
10-22 19:57:16.964  9098  9155 I HwDetectorWithState: (REDACTED) a: %d
10-22 19:57:16.964  3957 14960 D StorageManagerService: getExternalStorageMountMode : 3
10-22 19:57:16.964  3957 14960 D StorageManagerService: getExternalStorageMountMode : final mountMode=1, uid : 10170, packageName : com.example.batterymanager_utility
10-22 19:57:16.965  3957 14960 I ApplicationPolicy: isApplicationExternalStorageWhitelisted:com.example.batterymanager_utility user:0
10-22 19:57:16.965  3957 14960 D ApplicationPolicy: isApplicationExternalStorageWhitelisted: DO is not enabled on user 0. Allowed.
10-22 19:57:16.965  3957 14960 D ActivityManager: package  com.example.batterymanager_utility, user - 0 is SDcard whitelisted
10-22 19:57:16.965  3957 14960 I ApplicationPolicy: isApplicationExternalStorageBlacklisted:com.example.batterymanager_utility user:0
10-22 19:57:16.965  3957 14960 D ApplicationPolicy: isApplicationExternalStorageBlacklisted: DO is not enabled on user 0. Allowed.
10-22 19:57:16.966  3957  4025 D ViewRootImpl@b6b4f09[batterymanager_utility]: dispatchAttachedToWindow
10-22 19:57:16.967  3957  4025 V WindowManager: Relayout Window{8bb950e u0 Splash Screen com.example.batterymanager_utility}: viewVisibility=0 req=719x1237 WM.LayoutParams{(0,0)(fillxfill) sim=#20 ty=3 fl=#81830118 pfl=0x20011 wanim=0x10302fd vsysui=0x600 needsMenuKey=2 colorMode=0 naviIconColor=0}
10-22 19:57:16.969  3447  3447 I SurfaceFlinger: id=3476 createSurf (720x1280),1 flag=404, Splash Screen com.example.batterymanager_utility#0
10-22 19:57:16.971  3957  4025 V Surface : sf_framedrop debug : 0x4f4c, game : false, logging : 0
10-22 19:57:16.973  3957  4025 D ViewRootImpl@b6b4f09[batterymanager_utility]: Relayout returned: old=[0,0][0,0] new=[0,0][720,1280] result=0x7 surface={valid=true 500904292352} changed=true
10-22 19:57:16.977  3957 14960 I ActivityManager: Start proc 28969:com.example.batterymanager_utility/u0a170 for activity com.example.batterymanager_utility/.MainActivity
10-22 19:57:16.978 28969 28969 E Zygote  : isWhitelistProcess - Process is Whitelisted
10-22 19:57:16.978 28969 28969 E libpersona: scanKnoxPersonas
10-22 19:57:16.978 28969 28969 E libpersona: Couldn't open the File - /data/system/users/0/personalist.xml - No such file or directory
10-22 19:57:16.980 28969 28969 W SELinux : SELinux selinux_android_compute_policy_index : Policy Index[2],  Con:u:r:zygote:s0 RAM:SEPF_SM-J720F_8.0.0_0002, [-1 -1 -1 -1 0 1]
10-22 19:57:16.981 28969 28969 I SELinux : SELinux: seapp_context_lookup: seinfo=untrusted, level=s0:c512,c768, pkgname=com.example.batterymanager_utility 
10-22 19:57:16.985 28969 28969 I zygote64: Late-enabling -Xcheck:jni
10-22 19:57:16.990  3957  4025 V WindowManager: finishDrawingLocked: mDrawState=COMMIT_DRAW_PENDING Window{8bb950e u0 Splash Screen com.example.batterymanager_utility} in Surface(name=Splash Screen com.example.batterymanager_utility)
10-22 19:57:16.994  4340  4340 D WallpaperService: updateSurface forceRelayout=true redrawNeeded=false myWidth=1280 myHeight=1280 fixedSize=true x = 0 y = 0 mWidth=1280 mHeight=1280 mIsSleepMode=false
10-22 19:57:16.996  3957 14904 V WindowManager: Relayout Window{b8b4ba7 u0 com.android.systemui.ImageWallpaper}: viewVisibility=0 req=1280x1280 WM.LayoutParams{(0,0)(1280x1280) gr=#800033 ty=2013 fl=#10318 fmt=2 wanim=0x103030e colorMode=0 naviIconColor=0}
10-22 19:57:16.996  3957 14904 V WindowManager: rotationForOrientationLw(orient=-1, last=0); user=0  sensorRotation=-1 mLidState=-1 mDockMode=0 mHdmiPlugged=false
10-22 19:57:17.001  4340  4340 D ImageWallpaper: onOffsetsChanged: xOffset=0.0, yOffset=0.0, xOffsetStep=0.0, yOffsetStep=0.0, xPixels=0, yPixels=0
10-22 19:57:17.002  4340  4340 D ImageWallpaper: newRotation : 0,mLastRotation : 0
10-22 19:57:17.002  4340  4340 D ImageWallpaper: drawFrame:[frame.width()]1280[frame.height()]1280
10-22 19:57:17.002  4340  4340 D ImageWallpaper: surfaceDimensionsChanged=false mDisplayWidth=720 mDisplayHeight=1280
10-22 19:57:17.002  4340  4340 D ImageWallpaper: redrawNeeded = false, mOffsetsChanged = false
10-22 19:57:17.002  4340  4340 D ImageWallpaper: Suppressed drawFrame since redraw is not needed and offsets have not changed.
10-22 19:57:17.031 28969 28969 D TimaKeyStoreProvider: TimaKeyStore is not enabled: cannot add TimaSignature Service and generateKeyPair Service
10-22 19:57:17.032 28969 28969 D ActivityThread: Added TimaKeyStore provider
10-22 19:57:17.035  3957 14904 I ActivityManager: DSS on for com.example.batterymanager_utility and scale is 1.0
10-22 19:57:17.043  3957 14904 D PersonaManagerService: Current focused persona service handled id set to : 0
10-22 19:57:17.043  3957 14904 D InputDispatcher: Focused application set to: xxxx
10-22 19:57:17.044  3957 14904 D InputDispatcher: Focus left window: 8695
10-22 19:57:17.045  3957  4220 D GameManagerService: handleForegroundChange(). pkgName: com.example.batterymanager_utility, clsName: com.example.batterymanager_utility.MainActivity,FgActivityName:com.example.batterymanager_utility/.MainActivity
10-22 19:57:17.045  3957 14904 D MARsPolicyManager: onPackageResumedFG pkgName = com.example.batterymanager_utility, userId = 0
10-22 19:57:17.045  3957  4220 D GameManagerService: sem_perfomance_mode: 3
10-22 19:57:17.045  3957  4220 D GameManagerService: notifyResumePause(). pkg: com.example.batterymanager_utility, type: 4, isMinimized: false, isTunableApp: false
10-22 19:57:17.045  3957  4220 D GameManagerService:   notifyResumePause(). unexpected mPrevNotiType: -1
10-22 19:57:17.047  3957 14904 D SamsungAnimationCreator: createAnimation type:LowEnd transit:12 enter:false wallpaperXoffset:-280 split:false fixedOri:false
10-22 19:57:17.047  3957 14904 D SamsungAnimationCreator: createAnimation displayFrame:Rect(0, 0 - 720, 1280) frame:null insets:null
10-22 19:57:17.052  3957  6478 D GamePkgDataHelper: getGamePkgDataIncServer(). com.example.batterymanager_utility
10-22 19:57:17.053  3957  6478 D GameManagerService: identifyGamePackage. com.example.batterymanager_utility
10-22 19:57:17.053  3957  6478 D GamePkgDataHelper: getGamePkgData(). com.example.batterymanager_utility
10-22 19:57:17.054  3957  6478 D GameManagerService: identifyGamePackage. com.example.batterymanager_utility
10-22 19:57:17.054  3957  6478 D GamePkgDataHelper: getGamePkgData(). com.example.batterymanager_utility
10-22 19:57:17.054  3957  6478 D GamePkgDataHelper: getSosPolicy(). com.example.batterymanager_utility
10-22 19:57:17.055  3957  6478 D GameManagerService: identifyGamePackage. com.example.batterymanager_utility
10-22 19:57:17.055  3957  6478 D GamePkgDataHelper: getGamePkgData(). com.example.batterymanager_utility
10-22 19:57:17.056  3957  3973 D WindowManager: set systemUiVisibility : systemUiFlags= 0x608 fullscreenStackSysUiFlags= 0x0
10-22 19:57:17.057  3957 14960 D WindowManager: adjustSystemUiVisibilityLw : vis= 0x608
10-22 19:57:17.060  3957  6478 D GameManagerService: identifyGamePackage. com.example.batterymanager_utility
10-22 19:57:17.060  3957  6478 D GamePkgDataHelper: getGamePkgData(). com.example.batterymanager_utility
10-22 19:57:17.067  8695  8695 I Launcher: onWindowVisibilityChanged : false
10-22 19:57:17.069 28969 28969 I zygote64: no shared libraies, dex_files: 1
10-22 19:57:17.072  8695  8815 D OpenGLRenderer: eglDestroySurface = 0x74c34817c0
10-22 19:57:17.073  3957 14904 V WindowManager: Relayout Window{7e8dd1d u0 com.sec.android.app.launcher/com.sec.android.app.launcher.activities.LauncherActivity}: viewVisibility=8 req=720x1280 WM.LayoutParams{(0,0)(fillxfill) sim=#130 ty=1 fl=#81910d00 pfl=0x20000 fmt=-2 wanim=0x10302ea vsysui=0x700 needsMenuKey=2 colorMode=0 naviIconColor=0}
10-22 19:57:17.078  8695  8695 D ViewRootImpl@73195a7[LauncherActivity]: Relayout returned: old=[0,0][720,1280] new=[0,0][720,1280] result=0x5 surface={valid=false 0} changed=true
10-22 19:57:17.079  8695  8695 D ViewRootImpl@73195a7[LauncherActivity]: MSG_WINDOW_FOCUS_CHANGED 0
10-22 19:57:17.082  4340  4884 D SystemServicesProxy: updateOverviewLastStackActiveTimeAsync: newTime=1697997225143
10-22 19:57:17.083  3957 14960 D SecContentProvider: query(), uri = 17 selection = isSettingsChangesAllowed
10-22 19:57:17.083  3957 14960 D SecContentProvider: called from android.uid.systemui:10009
10-22 19:57:17.084  4340  4692 D SystemServicesProxy: updateOverviewLastStackActiveTimeAsync: done.
10-22 19:57:17.104 28969 28969 I BatteryMgr:App: creating notification channel
10-22 19:57:17.136  3447  3447 I SurfaceFlinger: Display 0 HWC layers:
10-22 19:57:17.136  3447  3447 I SurfaceFlinger:     type    |    handle    | flag |  format   |   source crop (l,t,r,b)    |         frame       | name 
10-22 19:57:17.136  3447  3447 I SurfaceFlinger: ------------+--------------+------+-----------+----------------------------+---------------------+------
10-22 19:57:17.136  3447  3447 I SurfaceFlinger:      Device | 0x7e9ec22c80 | 0002 | RGBx_8888 | 280.0    0.0 1000.0 1280.0 |    0    0  720 1280 | com.android.systemui.ImageWallpaper#0
10-22 19:57:17.136  3447  3447 I SurfaceFlinger:      Device | 0x7ea13f7500 | 0000 | RGBA_8888 |  21.0   37.0  700.0 1244.0 |    0    0  720 1280 | com.sec.android.app.launcher/com.sec[...]uncher.activities.LauncherActivity#0
10-22 19:57:17.136  3447  3447 I SurfaceFlinger:      Device | 0x7ea5024b40 | 0002 | RGBA_8888 |   0.0    0.0  720.0 1280.0 |  133  236  588 1044 | Splash Screen com.example.batterymanager_utility#0
10-22 19:57:17.136  3447  3447 I SurfaceFlinger:      Device | 0x7ea5024780 | 0000 | RGBA_8888 |   0.0    0.0  720.0   42.0 |    0    0  720   42 | StatusBar#0
10-22 19:57:17.136  3447  3447 I SurfaceFlinger: 
10-22 19:57:17.176 28969 28986 D OpenGLRenderer: HWUI GL Pipeline
10-22 19:57:17.183 28969 28969 D ViewRootImpl@4470b6[MainActivity]: setView = DecorView@a3fa1b7[MainActivity] TM=true MM=false
10-22 19:57:17.184  3957  4089 D MdnieScenarioControlService:  packageName : com.example.batterymanager_utility    className : com.example.batterymanager_utility.MainActivity
10-22 19:57:17.184  3957  4089 V MdnieScenarioControlService: setUIMode from UI function(3)
10-22 19:57:17.185  3957 14904 D ActivityManager: post active user change for 0 fullscreen true isHomeActivity() false
10-22 19:57:17.287  4340  4731 D NetworkController.MobileSignalController(0/-2): onSignalStrengthsChanged signalStrength=SignalStrength: 22 99 -22 -200 -22 -200 -1 99 2147483647 2147483647 2147483647 2147483647 0 2147483647 0x4 P gsm|lte level=4
10-22 19:57:17.287  4340  4731 D NetworkController.MobileSignalController(0/-2): getMobileIconGroup(): 0
10-22 19:57:17.289 28969 28969 W zygote64: Class androidx.compose.runtime.snapshots.SnapshotStateList failed lock verification and will run slower.
10-22 19:57:17.289 28969 28969 W zygote64: Common causes for lock verification issues are non-optimized dex code
10-22 19:57:17.289 28969 28969 W zygote64: and incorrect proguard optimizations.
10-22 19:57:17.293  3957  6478 D SSRM:k  : SIOP:: AP = 350, PST = 358 (W:14), BAT = 293, USB = 0, CHG = 0
10-22 19:57:17.409 28969 28969 D ViewRootImpl@4470b6[MainActivity]: dispatchAttachedToWindow
10-22 19:57:17.457  3957 14904 V WindowManager: Relayout Window{26da540 u0 com.example.batterymanager_utility/com.example.batterymanager_utility.MainActivity}: viewVisibility=0 req=719x1237 WM.LayoutParams{(0,0)(fillxfill) sim=#120 ty=1 fl=#81810100 pfl=0x20000 wanim=0x10302fd vsysui=0x600 needsMenuKey=2 colorMode=0 naviIconColor=0}
10-22 19:57:17.461  3447  3447 I SurfaceFlinger: id=3477 createSurf (720x1280),1 flag=404, com.example.batterymanager_utility/com.example.batterymanager_utility.MainActivity#0
10-22 19:57:17.462  3957 14904 V Surface : sf_framedrop debug : 0x4f4c, game : false, logging : 0
10-22 19:57:17.468  3957 14904 D InputDispatcher: Focus entered window: 28969
10-22 19:57:17.471 28969 28969 V Surface : sf_framedrop debug : 0x4f4c, game : false, logging : 0
10-22 19:57:17.472 28969 28969 D ViewRootImpl@4470b6[MainActivity]: Relayout returned: old=[0,0][0,0] new=[0,0][720,1280] result=0x7 surface={valid=true 502085328896} changed=true
10-22 19:57:17.480 28969 28986 I OpenGLRenderer: Initialized EGL, version 1.4
10-22 19:57:17.480 28969 28986 D OpenGLRenderer: Swap behavior 2
10-22 19:57:17.487  3447  3447 I SurfaceFlinger: Display 0 HWC layers:
10-22 19:57:17.487  3447  3447 I SurfaceFlinger:     type    |    handle    | flag |  format   |   source crop (l,t,r,b)    |         frame       | name 
10-22 19:57:17.487  3447  3447 I SurfaceFlinger: ------------+--------------+------+-----------+----------------------------+---------------------+------
10-22 19:57:17.487  3447  3447 I SurfaceFlinger:      Device | 0x7ea5024b40 | 0002 | RGBA_8888 |   0.0    0.0  720.0 1280.0 |    0    0  720 1280 | Splash Screen com.example.batterymanager_utility#0
10-22 19:57:17.487  3447  3447 I SurfaceFlinger:      Device | 0x7ea5024780 | 0000 | RGBA_8888 |   0.0    0.0  720.0   42.0 |    0    0  720   42 | StatusBar#0
10-22 19:57:17.487  3447  3447 I SurfaceFlinger: 
10-22 19:57:17.487 28969 28986 D libGLESv1: STS_GLApi : DTS, ODTC are not allowed for Package : com.example.batterymanager_utility
10-22 19:57:17.488 28969 28986 D mali_winsys: EGLint new_window_surface(egl_winsys_display *, void *, EGLSurface, EGLConfig, egl_winsys_surface **, egl_color_buffer_format *, EGLBoolean) returns 0x3000,  [720x1280]-format:1
10-22 19:57:17.488 28969 28986 D OpenGLRenderer: eglCreateWindowSurface = 0x74d44a8b40
10-22 19:57:17.492 28969 28969 D Compose Focus: Owner FocusChanged(true)
10-22 19:57:17.501  3957  4025 I WindowManager: Destroying surface Surface(name=com.sec.android.app.launcher/com.sec.android.app.launcher.activities.LauncherActivity) called by com.android.server.wm.WindowStateAnimator.destroySurface:2501 com.android.server.wm.WindowStateAnimator.destroySurfaceLocked:985 com.android.server.wm.WindowState.destroyOrSaveSurfaceUnchecked:3670 com.android.server.wm.WindowState.destroySurface:3618 com.android.server.wm.AppWindowToken.destroySurfaces:722 com.android.server.wm.AppWindowToken.destroySurfaces:706 com.android.server.wm.WindowState.onExitAnimationDone:5316 com.android.server.wm.AppWindowAnimator.stepAnimationLocked:508 
10-22 19:57:17.501  3447  5168 I SurfaceFlinger: id=3475 Removed com.sec.android.app.launcher/com.sec.android.app.launcher.activities.LauncherActivity#0 (1/6)
10-22 19:57:17.505  3447 18688 I SurfaceFlinger: id=3475 Removed com.sec.android.app.launcher/com.sec.android.app.launcher.activities.LauncherActivity#0 (-2/6)
10-22 19:57:17.506  4340 29993 D WallpaperService: dispatchAppVisibility onVisibilityChanged(): false
10-22 19:57:17.507  4340  4340 D ImageWallpaper: onVisibilityChanged: mVisible, visible=true, false
10-22 19:57:17.507  4340  4340 D ImageWallpaper: Visibility changed to visible=false
10-22 19:57:17.507  4340  4340 D WallpaperService: reportVisibility onVisibilityChanged visible: false
10-22 19:57:17.517  3447  3447 I Layer   : id=3475 onRemoved com.sec.android.app.launcher/com.sec.android.app.launcher.activities.LauncherActivity#0 
10-22 19:57:17.552  3957 14960 V WindowManager: finishDrawingLocked: mDrawState=COMMIT_DRAW_PENDING Window{26da540 u0 com.example.batterymanager_utility/com.example.batterymanager_utility.MainActivity} in Surface(name=com.example.batterymanager_utility/com.example.batterymanager_utility.MainActivity)
10-22 19:57:17.554 28969 28969 D ViewRootImpl@4470b6[MainActivity]: MSG_RESIZED_REPORT: frame=Rect(0, 0 - 720, 1280) ci=Rect(0, 42 - 0, 0) vi=Rect(0, 42 - 0, 0) or=1
10-22 19:57:17.554 28969 28969 D ViewRootImpl@4470b6[MainActivity]: MSG_WINDOW_FOCUS_CHANGED 1
10-22 19:57:17.558  3957  4025 D ViewRootImpl@b6b4f09[batterymanager_utility]: dispatchDetachedFromWindow
10-22 19:57:17.558  3957  4025 D InputEventReceiver: channel '8bb950e Splash Screen com.example.batterymanager_utility (client)' ~ Disposing input event receiver.
10-22 19:57:17.558  3957  4025 D InputEventReceiver: channel '8bb950e Splash Screen com.example.batterymanager_utility (client)' ~NativeInputEventReceiver.
10-22 19:57:17.560  3957  3981 I ActivityManager: Displayed com.example.batterymanager_utility/.MainActivity: +594ms
10-22 19:57:17.561  3957  3981 D CustomFrequencyManagerService: acquireDVFSLockLocked : type : DVFS_MIN_LIMIT  frequency : 1560000  uid : 1000  pid : 3957  pkgName : AMS_RESUME_TAIL@CPU_MIN@58
10-22 19:57:17.561  3957  3981 D ActivityManagerPerformance: AMP_acquire() TAIL
10-22 19:57:17.561 28969 28969 V InputMethodManager: Starting input: tba=android.view.inputmethod.EditorInfo@180915 nm : com.example.batterymanager_utility ic=null
10-22 19:57:17.561 28969 28969 I InputMethodManager: startInputInner - mService.startInputOrWindowGainedFocus
10-22 19:57:17.562  3957  3981 D CustomFrequencyManagerService: releaseDVFSLockLocked : Getting Lock type frm List : DVFS_MIN_LIMIT  frequency : 1560000  uid : 1000  pid : 3957  tag : AMS_APP_SWITCH@CPU_MIN@52
10-22 19:57:17.562  3957 14960 D InputMethodManagerService: startInputOrWindowGainedFocus : windowGainedFocus 
10-22 19:57:17.562  3957  3981 D ActivityManagerPerformance: AMP_release() APP_SWITCH
10-22 19:57:17.562  3957 14960 D InputMethodManagerService: windowGainedFocus: destinationUserId (getCallingUid) = 0
10-22 19:57:17.562  3957 14960 D InputMethodManagerService: windowGainedFocus: currentUserId=0
10-22 19:57:17.562  3957 14960 D InputMethodManagerService: windowGainedFocus: mCurrentFocusedUserId=0
10-22 19:57:17.562  3957 14960 D InputMethodManagerService: windowGainedFocus : lock - currentUserId = 0 destinationUserId = 0
10-22 19:57:17.562  3957 14960 D InputMethodManagerService: windowGainedFocus : mCurrentFocusedUserId - 0 and mSecureKeypadEnabled - false, userSwitched - false
10-22 19:57:17.564  3957 14960 V InputMethodManagerService: windowGainedFocus : reason=WINDOW_FOCUS_GAIN client=android.os.BinderProxy@350ec72 inputContext=null missingMethods= attribute=android.view.inputmethod.EditorInfo@427d56c nm = com.example.batterymanager_utility controlFlags=#105 softInputMode=#120 windowFlags=#81810100
10-22 19:57:17.564  3957 14960 V InputMethodManagerService: hideCurrentInputLocked : shouldHideSoftInput is false
10-22 19:57:17.565  3957 14960 D InputMethodManagerService: isImeSwitcherDisabledPackage : false
10-22 19:57:17.565  3957 14960 V InputMethodManagerService: Creating new session for client ClientState{584f735 uid 10170 pid 28969}
10-22 19:57:17.568  3957 14960 D InputMethodManagerService: setCurrentInputInfo - inputContext : null eidtorInfo : android.view.inputmethod.EditorInfo@427d56c missingMethods : 0
10-22 19:57:17.569  8846  8846 I InputMethodWrapper:  call dispatchStartInputWithToken
10-22 19:57:17.569  8846  8846 I InputMethodService: dispatchStartInputWithToken
10-22 19:57:17.570  8846  8846 I SKBD    : SamsungKeypad [IMI] onStartInput - caller pid : 28969, caller uid : 10170
10-22 19:57:17.571  9273  9310 D ScanRecord: Not a Multi Manu data
10-22 19:57:17.581  9273  9310 I chatty  : uid=1002(bluetooth) BT Service Call identical 20 lines
10-22 19:57:17.581  9273  9310 D ScanRecord: Not a Multi Manu data
10-22 19:57:17.582 28969 28969 V InputMethodManager: Starting input: tba=android.view.inputmethod.EditorInfo@83e742a nm : com.example.batterymanager_utility ic=null
10-22 19:57:17.586  8695  8695 D StageManager: saved stages : inStack [1] , outStack[2]
10-22 19:57:17.595  9273  9310 D ScanRecord: Not a Multi Manu data
10-22 19:57:17.599  9273  9310 I chatty  : uid=1002(bluetooth) BT Service Call identical 31 lines
10-22 19:57:17.599  9273  9310 D ScanRecord: Not a Multi Manu data
10-22 19:57:17.603  3447  3447 I SurfaceFlinger: Display 0 HWC layers:
10-22 19:57:17.603  3447  3447 I SurfaceFlinger:     type    |    handle    | flag |  format   |   source crop (l,t,r,b)    |         frame       | name 
10-22 19:57:17.603  3447  3447 I SurfaceFlinger: ------------+--------------+------+-----------+----------------------------+---------------------+------
10-22 19:57:17.603  3447  3447 I SurfaceFlinger:      Device | 0x7e9ed37180 | 0002 | RGBA_8888 |   0.0    0.0  720.0 1280.0 |    0    0  720 1280 | com.example.batterymanager_utility/c[...]atterymanager_utility.MainActivity#0
10-22 19:57:17.603  3447  3447 I SurfaceFlinger:      Device | 0x7ea5024b40 | 0002 | RGBA_8888 |   0.0    0.0  720.0 1280.0 |    0    0  720 1280 | Splash Screen com.example.batterymanager_utility#0
10-22 19:57:17.603  3447  3447 I SurfaceFlinger:      Device | 0x7ea5024780 | 0000 | RGBA_8888 |   0.0    0.0  720.0   42.0 |    0    0  720   42 | StatusBar#0
10-22 19:57:17.603  3447  3447 I SurfaceFlinger: 
10-22 19:57:17.604  9273  9310 D ScanRecord: Not a Multi Manu data
10-22 19:57:17.641  9273  9310 I chatty  : uid=1002(bluetooth) BT Service Call identical 75 lines
10-22 19:57:17.641  9273  9310 D ScanRecord: Not a Multi Manu data
10-22 19:57:17.642  3957  4128 D WifiService: getConnectionInfo uid=1000
10-22 19:57:17.648  9273  9310 D ScanRecord: Not a Multi Manu data
10-22 19:57:17.722  9273  9310 I chatty  : uid=1002(bluetooth) BT Service Call identical 86 lines
10-22 19:57:17.722  9273  9310 D ScanRecord: Not a Multi Manu data
10-22 19:57:17.734  3957  4089 D MdnieScenarioControlService:  packageName : com.example.batterymanager_utility    className : com.example.batterymanager_utility.MainActivity
10-22 19:57:17.734  3957  4025 I WindowManager: Destroying surface Surface(name=Splash Screen com.example.batterymanager_utility) called by com.android.server.wm.WindowStateAnimator.destroySurface:2501 com.android.server.wm.WindowStateAnimator.destroySurfaceLocked:985 com.android.server.wm.WindowState.destroyOrSaveSurfaceUnchecked:3670 com.android.server.wm.WindowState.destroySurface:3618 com.android.server.wm.AppWindowToken.destroySurfaces:722 com.android.server.wm.AppWindowToken.destroySurfaces:706 com.android.server.wm.WindowState.onExitAnimationDone:5316 com.android.server.wm.WindowStateAnimator.stepAnimationLocked:550 
10-22 19:57:17.734  3957  4089 V MdnieScenarioControlService: setUIMode from UI function(3)
10-22 19:57:17.735  3447 18688 I SurfaceFlinger: id=3476 Removed Splash Screen com.example.batterymanager_utility#0 (3/5)
10-22 19:57:17.736  3447  3447 I SurfaceFlinger: Display 0 HWC layers:
10-22 19:57:17.736  3447  3447 I SurfaceFlinger:     type    |    handle    | flag |  format   |   source crop (l,t,r,b)    |         frame       | name 
10-22 19:57:17.736  3447  3447 I SurfaceFlinger: ------------+--------------+------+-----------+----------------------------+---------------------+------
10-22 19:57:17.736  3447  3447 I SurfaceFlinger:      Device | 0x7e9ed37180 | 0002 | RGBA_8888 |   0.0    0.0  720.0 1280.0 |    0    0  720 1280 | com.example.batterymanager_utility/c[...]atterymanager_utility.MainActivity#0
10-22 19:57:17.736  3447  3447 I SurfaceFlinger:      Device | 0x7ea5024780 | 0000 | RGBA_8888 |   0.0    0.0  720.0   42.0 |    0    0  720   42 | StatusBar#0
10-22 19:57:17.736  3447  3447 I SurfaceFlinger: 
10-22 19:57:17.743  3447 18688 I SurfaceFlinger: id=3476 Removed Splash Screen com.example.batterymanager_utility#0 (-2/5)
10-22 19:57:17.743  9273  9310 D ScanRecord: Not a Multi Manu data
10-22 19:57:17.743  9273  9310 I chatty  : uid=1002(bluetooth) BT Service Call identical 9 lines
10-22 19:57:17.743  9273  9310 D ScanRecord: Not a Multi Manu data
10-22 19:57:17.750  3447  3447 I Layer   : id=3476 onRemoved Splash Screen com.example.batterymanager_utility#0 
10-22 19:57:17.754  9273  9310 D ScanRecord: Not a Multi Manu data
10-22 19:57:17.773  9273  9310 I chatty  : uid=1002(bluetooth) BT Service Call identical 31 lines
10-22 19:57:17.773  9273  9310 D ScanRecord: Not a Multi Manu data
10-22 19:57:17.801  3957  4129 D WifiStateMachine:  ConnectedState !RSSI_PKTCNT_FETCH uid=1000 rt=603844386/1659819859 0 0 "ourhome" f4:6d:2f:12:cc:88 rssi=-43 f=5240 sc=60 link=433 tx=0.4, 0.0, 0.0  rx=0.8 bcn=603371 [on:0 tx:0 rx:0 period:910] from screen [on:388140 period:2381469] score=60
10-22 19:57:17.802  3957  4129 D WifiStateMachine:  L2ConnectedState !RSSI_PKTCNT_FETCH uid=1000 rt=603844387/1659819859 0 0 "ourhome" f4:6d:2f:12:cc:88 rssi=-43 f=5240 sc=60 link=433 tx=0.4, 0.0, 0.0  rx=0.8 bcn=603371 [on:0 tx:0 rx:0 period:1] from screen [on:388140 period:2381470] score=60
10-22 19:57:17.803  3957  4129 D WifiStateMachine: fetchRssiLinkSpeedAndFrequencyNative rssi=-48 linkspeed=433 freq=5240
10-22 19:57:17.804  3957  4129 V WifiConfigManager: Updating scan detail cache freq=5240 BSSID=f4:6d:2f:12:cc:88 RSSI=-45 for "ourhome"WPA_PSK
10-22 19:57:17.811  9273  9310 D ScanRecord: Not a Multi Manu data
10-22 19:57:18.062  9273  9310 I chatty  : uid=1002(bluetooth) BT Service Call identical 317 lines
10-22 19:57:18.062  9273  9310 D ScanRecord: Not a Multi Manu data
10-22 19:57:18.162  3957  3957 D CustomFrequencyManagerService: releaseDVFSLockLocked : Getting Lock type frm List : DVFS_MIN_LIMIT  frequency : 1560000  uid : 1000  pid : 3957  tag : AMS_RESUME_TAIL@CPU_MIN@58
10-22 19:57:18.645  3957  4128 D WifiService: getConnectionInfo uid=1000
10-22 19:57:18.805  3957  4129 D WifiStateMachine:  ConnectedState !RSSI_PKTCNT_FETCH uid=1000 rt=603845388/1659820861 0 0 "ourhome" f4:6d:2f:12:cc:88 rssi=-48 f=5240 sc=60 link=433 tx=0.4, 0.0, 0.0  rx=0.8 bcn=603371 [on:0 tx:0 rx:0 period:1002] from screen [on:388140 period:2382472] score=60
10-22 19:57:18.807  3957  4129 D WifiStateMachine:  L2ConnectedState !RSSI_PKTCNT_FETCH uid=1000 rt=603845391/1659820863 0 0 "ourhome" f4:6d:2f:12:cc:88 rssi=-48 f=5240 sc=60 link=433 tx=0.4, 0.0, 0.0  rx=0.8 bcn=603371 [on:0 tx:0 rx:0 period:3] from screen [on:388140 period:2382475] score=60
10-22 19:57:18.815  3957  4129 D WifiStateMachine: fetchRssiLinkSpeedAndFrequencyNative rssi=-44 linkspeed=433 freq=5240
10-22 19:57:18.815  3957  4129 V WifiConfigManager: Updating scan detail cache freq=5240 BSSID=f4:6d:2f:12:cc:88 RSSI=-44 for "ourhome"WPA_PSK
10-22 19:57:18.979  3957  3957 D PreBindingService: handleMessage : 1
10-22 19:57:19.648  3957  4128 D WifiService: getConnectionInfo uid=1000
10-22 19:57:19.806  3957  4129 D WifiStateMachine:  ConnectedState !RSSI_PKTCNT_FETCH uid=1000 rt=603846389/1659821861 0 0 "ourhome" f4:6d:2f:12:cc:88 rssi=-44 f=5240 sc=60 link=433 tx=0.4, 0.0, 0.0  rx=0.8 bcn=603371 [on:0 tx:0 rx:0 period:998] from screen [on:388140 period:2383473] score=60
10-22 19:57:19.808  3957  4129 D WifiStateMachine:  L2ConnectedState !RSSI_PKTCNT_FETCH uid=1000 rt=603846392/1659821864 0 0 "ourhome" f4:6d:2f:12:cc:88 rssi=-44 f=5240 sc=60 link=433 tx=0.4, 0.0, 0.0  rx=0.8 bcn=603371 [on:0 tx:0 rx:0 period:3] from screen [on:388140 period:2383476] score=60
10-22 19:57:19.816  3957  4129 D WifiStateMachine: fetchRssiLinkSpeedAndFrequencyNative rssi=-43 linkspeed=433 freq=5240
10-22 19:57:19.816  3957  4129 V WifiConfigManager: Updating scan detail cache freq=5240 BSSID=f4:6d:2f:12:cc:88 RSSI=-43 for "ourhome"WPA_PSK
10-22 19:57:19.893  3957  4129 D WifiStateMachine:  ConnectedState !CMD_RSSI_POLL rt=603846476/1659821949 122 0 "ourhome" f4:6d:2f:12:cc:88 rssi=-43 f=5240 sc=60 link=433 tx=0.4, 0.0, 0.0  rx=0.8 bcn=603371 [on:0 tx:0 rx:0 period:84] from screen [on:388140 period:2383560] score=60
10-22 19:57:19.896  3957  4129 D WifiStateMachine:  L2ConnectedState !CMD_RSSI_POLL rt=603846479/1659821951 122 0 "ourhome" f4:6d:2f:12:cc:88 rssi=-43 f=5240 sc=60 link=433 tx=0.4, 0.0, 0.0  rx=0.8 bcn=603371 [on:0 tx:0 rx:0 period:3] from screen [on:388140 period:2383563] score=60
10-22 19:57:19.896  3957  4129 D WifiStateMachine:  get link layer stats 3
10-22 19:57:19.898  3436  3436 I android.hardware.wifi@1.0-service: getLinkLayerStats
10-22 19:57:19.918  3957  4129 D WifiStateMachine: fetchRssiLinkSpeedAndFrequencyNative rssi=-44 linkspeed=433 freq=5240
10-22 19:57:19.918  3957  4129 V WifiConfigManager: Updating scan detail cache freq=5240 BSSID=f4:6d:2f:12:cc:88 RSSI=-43 for "ourhome"WPA_PSK
10-22 19:57:19.924  4340  4340 E SignalClusterView: setSlotFocusVisible : subId -2
10-22 19:57:19.924  4340  4340 E SignalClusterView: setSlotFocusVisible : subId -2
10-22 19:57:20.137  4961  4961 D io_stats: !@ 179,0 r 10150475 333180824 w 2163703 42337588 d 174373 37275404 f 640566 666072 iot 4642376 4000339 th 51200 0 0 pt 0 inp 0 0 603846.721
10-22 19:57:20.651  3957  4128 D WifiService: getConnectionInfo uid=1000
10-22 19:57:20.807  3957  4129 D WifiStateMachine:  ConnectedState !RSSI_PKTCNT_FETCH uid=1000 rt=603847390/1659822862 0 0 "ourhome" f4:6d:2f:12:cc:88 rssi=-44 f=5240 sc=60 link=433 tx=0.1, 0.0, 0.0  rx=11.7 bcn=603401 [on:0 tx:0 rx:0 period:883] from screen [on:388320 period:2384474] score=60
10-22 19:57:20.809  3957  4129 D WifiStateMachine:  L2ConnectedState !RSSI_PKTCNT_FETCH uid=1000 rt=603847393/1659822865 0 0 "ourhome" f4:6d:2f:12:cc:88 rssi=-44 f=5240 sc=60 link=433 tx=0.1, 0.0, 0.0  rx=11.7 bcn=603401 [on:0 tx:0 rx:0 period:3] from screen [on:388320 period:2384477] score=60
10-22 19:57:20.817  3957  4129 D WifiStateMachine: fetchRssiLinkSpeedAndFrequencyNative rssi=-43 linkspeed=433 freq=5240
10-22 19:57:20.817  3957  4129 V WifiConfigManager: Updating scan detail cache freq=5240 BSSID=f4:6d:2f:12:cc:88 RSSI=-43 for "ourhome"WPA_PSK
10-22 19:57:20.956  3957  6478 D WifiService: getConnectionInfo uid=1000
10-22 19:57:21.655  3957  4128 D WifiService: getConnectionInfo uid=1000
10-22 19:57:21.808  3957  4129 D WifiStateMachine:  ConnectedState !RSSI_PKTCNT_FETCH uid=1000 rt=603848391/1659823863 0 0 "ourhome" f4:6d:2f:12:cc:88 rssi=-43 f=5240 sc=60 link=433 tx=0.1, 0.0, 0.0  rx=11.7 bcn=603401 [on:0 tx:0 rx:0 period:998] from screen [on:388320 period:2385475] score=60
10-22 19:57:21.810  3957  4129 D WifiStateMachine:  L2ConnectedState !RSSI_PKTCNT_FETCH uid=1000 rt=603848394/1659823866 0 0 "ourhome" f4:6d:2f:12:cc:88 rssi=-43 f=5240 sc=60 link=433 tx=0.1, 0.0, 0.0  rx=11.7 bcn=603401 [on:0 tx:0 rx:0 period:3] from screen [on:388320 period:2385478] score=60
10-22 19:57:21.817  3957  4129 D WifiStateMachine: fetchRssiLinkSpeedAndFrequencyNative rssi=-43 linkspeed=433 freq=5240
10-22 19:57:21.817  3957  4129 V WifiConfigManager: Updating scan detail cache freq=5240 BSSID=f4:6d:2f:12:cc:88 RSSI=-43 for "ourhome"WPA_PSK
10-22 19:57:21.981 11094 11094 E adbd    : recv: OPEN 00033365 00000000 003f:73 68 65 6C 6C 2C 76 32 2C 54 45 52 4D 3D 78 74 65 72 6D 2D 32 35 36 63 6F 6C 6F 72 2C 72 61 77 3A 6D 6F 6E 6B 65 79 20 2D 70 20 6F 72 67 2E 6D 6F 7A 69 6C 6C 61 2E 66 65 6E 69 78 20 31 00 
10-22 19:57:21.981 11094 11094 E adbd    : service_to_fd: shell,v2,TERM=xterm-256color,raw:monkey -p org.mozilla.fenix 1
10-22 19:57:22.253 28969 29004 D ProfileInstaller: Installing profile for com.example.batterymanager_utility
10-22 19:57:22.259 28969 28974 I zygote64: Do partial code cache collection, code=30KB, data=25KB
10-22 19:57:22.260 28969 28974 I zygote64: After code cache collection, code=30KB, data=25KB
10-22 19:57:22.260 28969 28974 I zygote64: Increasing code cache capacity to 128KB
10-22 19:57:22.262  3957  4030 D SensorService: [SO] 0.235 -0.101 9.984
10-22 19:57:22.448 29002 29002 W ADebug  : Failed to get property persist.sys.media.traces
10-22 19:57:22.451 29002 29002 E appproc : Enhanced Zygote ASLR: ro.knox.enhance.zygote.aslr != 1. Enhanced Zygote ASLR is DISABLED!
10-22 19:57:22.451 29002 29002 D AndroidRuntime: >>>>>> START com.android.internal.os.RuntimeInit uid 2000 <<<<<<
10-22 19:57:22.454 29002 29002 D SecNativeFeatureCppIf: encoded
10-22 19:57:22.455 29002 29002 D SecNativeFeatureCppIf: decoding and unzip finish
10-22 19:57:22.455 29002 29002 D SecNativeFeatureCppIf: use unCompDataBuff. encoded
10-22 19:57:22.455 29002 29002 D SecNativeFeatureCppIf: Free unCompDataBuff
10-22 19:57:22.455 29002 29002 D SecNativeFeatureCppIf: encoded
10-22 19:57:22.455 29002 29002 D SecNativeFeatureCppIf: decoding and unzip finish
10-22 19:57:22.455 29002 29002 D SecNativeFeatureCppIf: use unCompDataBuff. encoded
10-22 19:57:22.455 29002 29002 D SecNativeFeatureCppIf: Free unCompDataBuff
10-22 19:57:22.455 29002 29002 D SecNativeFeatureCppIf: encoded
10-22 19:57:22.455 29002 29002 D SecNativeFeatureCppIf: decoding and unzip finish
10-22 19:57:22.455 29002 29002 D SecNativeFeatureCppIf: use unCompDataBuff. encoded
10-22 19:57:22.455 29002 29002 D SecNativeFeatureCppIf: Free unCompDataBuff
10-22 19:57:22.455 29002 29002 D SecNativeFeatureCppIf: encoded
10-22 19:57:22.455 29002 29002 D SecNativeFeatureCppIf: decoding and unzip finish
10-22 19:57:22.455 29002 29002 D SecNativeFeatureCppIf: use unCompDataBuff. encoded
10-22 19:57:22.455 29002 29002 D SecNativeFeatureCppIf: Free unCompDataBuff
10-22 19:57:22.562 29002 29002 D ICU     : Timezone override file found: /data/misc/zoneinfo/current/icu/icu_tzdata.dat
10-22 19:57:22.581 29002 29002 I app_process: find the special shared library, skip check
10-22 19:57:22.583  9273  9310 D ScanRecord: Not a Multi Manu data
10-22 19:57:22.617  9273  9310 I chatty  : uid=1002(bluetooth) BT Service Call identical 53 lines
10-22 19:57:22.617  9273  9310 D ScanRecord: Not a Multi Manu data
10-22 19:57:22.619 29002 29002 D SemCscFeature: Encoded
10-22 19:57:22.622 29002 29002 I chatty  : uid=2000(shell) identical 2 lines
10-22 19:57:22.623 29002 29002 D SemCscFeature: Encoded
10-22 19:57:22.624 29002 29002 E SemAffinityControl: SemAffinityControl: registerfunction enter
10-22 19:57:22.630 29002 29002 D AndroidRuntime: Calling main entry com.android.commands.monkey.Monkey
10-22 19:57:22.638  9273  9310 D ScanRecord: Not a Multi Manu data
10-22 19:57:22.651  9273  9310 I chatty  : uid=1002(bluetooth) BT Service Call identical 31 lines
10-22 19:57:22.651  9273  9310 D ScanRecord: Not a Multi Manu data
10-22 19:57:22.657  3957  4128 D WifiService: getConnectionInfo uid=1000
10-22 19:57:22.658  9273  9310 D ScanRecord: Not a Multi Manu data
10-22 19:57:22.662  3957  3972 W BroadcastQueue: Skipping deliver [background] BroadcastRecord{c1ad1b1 u-1 android.net.conn.CONNECTIVITY_CHANGE} to ReceiverList{3356696 29002 (unknown name)/2000/u-1 remote:da55d3b}: process gone or crashing
10-22 19:57:22.691  9273  9310 I chatty  : uid=1002(bluetooth) BT Service Call identical 64 lines
10-22 19:57:22.691  9273  9310 D ScanRecord: Not a Multi Manu data
10-22 19:57:22.704  3957 14904 I ActivityManager: START u0 {act=android.intent.action.MAIN typ=null flg=0x10200000 cmp=ComponentInfo{org.mozilla.fenix/org.mozilla.fenix.App}} from uid 2000
10-22 19:57:22.705  3957 14904 W Binder  : Outgoing transactions from this process must be FLAG_ONEWAY
10-22 19:57:22.705  3957 14904 W Binder  : java.lang.Throwable
10-22 19:57:22.705  3957 14904 W Binder  : 	at android.os.BinderProxy.transact(Binder.java:744)
10-22 19:57:22.705  3957 14904 W Binder  : 	at android.app.IActivityController$Stub$Proxy.activityStarting(IActivityController.java:172)
10-22 19:57:22.705  3957 14904 W Binder  : 	at com.android.server.am.ActivityStarter.startActivity(ActivityStarter.java:648)
10-22 19:57:22.705  3957 14904 W Binder  : 	at com.android.server.am.ActivityStarter.startActivityLocked(ActivityStarter.java:410)
10-22 19:57:22.705  3957 14904 W Binder  : 	at com.android.server.am.ActivityStarter.startActivityMayWait(ActivityStarter.java:1283)
10-22 19:57:22.705  3957 14904 W Binder  : 	at com.android.server.am.ActivityManagerService.startActivityAsUser(ActivityManagerService.java:6033)
10-22 19:57:22.705  3957 14904 W Binder  : 	at com.android.server.am.ActivityManagerService.startActivity(ActivityManagerService.java:5885)
10-22 19:57:22.705  3957 14904 W Binder  : 	at android.app.IActivityManager$Stub.onTransact(IActivityManager.java:121)
10-22 19:57:22.705  3957 14904 W Binder  : 	at com.android.server.am.ActivityManagerService.onTransact(ActivityManagerService.java:3861)
10-22 19:57:22.705  3957 14904 W Binder  : 	at android.os.Binder.execTransact(Binder.java:682)
10-22 19:57:22.707  3957 14904 D CustomFrequencyManagerService: acquireDVFSLockLocked : type : DVFS_MIN_LIMIT  frequency : 1560000  uid : 1000  pid : 3957  pkgName : AMS_APP_SWITCH@CPU_MIN@52
10-22 19:57:22.710  3957 14904 D ActivityManagerPerformance: AMP_acquire() APP_SWITCH
10-22 19:57:22.710  3957  5022 D ActivityManagerPerformance: Received MSG_CFMS_HINT_AMS_SWITCH pkgName: org.mozilla.fenix
10-22 19:57:22.712  3957  6478 D WifiService: getConnectionInfo uid=1000
10-22 19:57:22.718  3957 14904 V WindowManager: rotationForOrientationLw(orient=-1, last=0); user=0  sensorRotation=-1 mLidState=-1 mDockMode=0 mHdmiPlugged=false
10-22 19:57:22.720  9273  9310 D ScanRecord: Not a Multi Manu data
10-22 19:57:22.720  9273  9310 I chatty  : uid=1002(bluetooth) BT Service Call identical 9 lines
10-22 19:57:22.720  9273  9310 D ScanRecord: Not a Multi Manu data
10-22 19:57:22.721  3957 14960 D ActivityManager: isScaleDownAnimationEnabled() : false
10-22 19:57:22.722  3957 14904 V WindowManager: rotationForOrientationLw(orient=-1, last=0); user=0  sensorRotation=-1 mLidState=-1 mDockMode=0 mHdmiPlugged=false
10-22 19:57:22.722  3957 14960 D StorageManagerService: getExternalStorageMountMode : 1
10-22 19:57:22.722  3957 14960 D StorageManagerService: getExternalStorageMountMode : 3
10-22 19:57:22.723  3957 14960 D StorageManagerService: getExternalStorageMountMode : final mountMode=1, uid : 10169, packageName : org.mozilla.fenix
10-22 19:57:22.723  3957 14960 I ApplicationPolicy: isApplicationExternalStorageWhitelisted:org.mozilla.fenix user:0
10-22 19:57:22.724  3957 14960 D ApplicationPolicy: isApplicationExternalStorageWhitelisted: DO is not enabled on user 0. Allowed.
10-22 19:57:22.724  3957 14960 D ActivityManager: package  org.mozilla.fenix, user - 0 is SDcard whitelisted
10-22 19:57:22.724  3957 14960 I ApplicationPolicy: isApplicationExternalStorageBlacklisted:org.mozilla.fenix user:0
10-22 19:57:22.724  3957 14960 D ApplicationPolicy: isApplicationExternalStorageBlacklisted: DO is not enabled on user 0. Allowed.
10-22 19:57:22.734  3957 14960 I ActivityManager: Start proc 29013:org.mozilla.fenix/u0a169 for activity org.mozilla.fenix/.App
10-22 19:57:22.736  9273  9310 D ScanRecord: Not a Multi Manu data
10-22 19:57:22.736  9273  9310 I chatty  : uid=1002(bluetooth) BT Service Call identical 9 lines
10-22 19:57:22.736  9273  9310 D ScanRecord: Not a Multi Manu data
10-22 19:57:22.737 29013 29013 E Zygote  : isWhitelistProcess - Process is Whitelisted
10-22 19:57:22.738 29013 29013 E libpersona: scanKnoxPersonas
10-22 19:57:22.738 29013 29013 E libpersona: Couldn't open the File - /data/system/users/0/personalist.xml - No such file or directory
10-22 19:57:22.739  3957  3973 V WindowManager: rotationForOrientationLw(orient=-1, last=0); user=0  sensorRotation=-1 mLidState=-1 mDockMode=0 mHdmiPlugged=false
10-22 19:57:22.740 29013 29013 W SELinux : SELinux selinux_android_compute_policy_index : Policy Index[2],  Con:u:r:zygote:s0 RAM:SEPF_SM-J720F_8.0.0_0002, [-1 -1 -1 -1 0 1]
10-22 19:57:22.740 29013 29013 I SELinux : SELinux: seapp_context_lookup: seinfo=untrusted, level=s0:c512,c768, pkgname=org.mozilla.fenix 
10-22 19:57:22.742 29002 29002 I com.android.commands.monkey: System.exit called, status: 0
10-22 19:57:22.743 29002 29002 I AndroidRuntime: VM exiting with result code 0.
10-22 19:57:22.744  3957  3973 V WindowManager: rotationForOrientationLw(orient=-1, last=0); user=0  sensorRotation=-1 mLidState=-1 mDockMode=0 mHdmiPlugged=false
10-22 19:57:22.747  4340  4731 D Tile.RotationLockTile:  handleUpdateState: true orientation = true
10-22 19:57:22.748  3957  4025 D ViewRootImpl@b55831c[fenix]: setView = DecorView@a85b4fa[fenix] TM=true MM=false
10-22 19:57:22.751  4340  4731 D Tile.RotationLockTile:  handleUpdateState: true orientation = true
10-22 19:57:22.755  3957  4025 D ViewRootImpl@b55831c[fenix]: dispatchAttachedToWindow
10-22 19:57:22.755  3957  4025 V WindowManager: Relayout Window{5038b25 u0 Splash Screen org.mozilla.fenix}: viewVisibility=0 req=719x1237 WM.LayoutParams{(0,0)(fillxfill) sim=#20 ty=3 fl=#81830118 pfl=0x20011 fmt=-3 wanim=0x10302ea vsysui=0x600 needsMenuKey=2 colorMode=0 naviIconColor=0}
10-22 19:57:22.757  9273  9310 D ScanRecord: Not a Multi Manu data
10-22 19:57:22.757  9273  9310 I chatty  : uid=1002(bluetooth) BT Service Call identical 9 lines
10-22 19:57:22.757  9273  9310 D ScanRecord: Not a Multi Manu data
10-22 19:57:22.759  3447  3447 I SurfaceFlinger: id=3478 createSurf (720x1280),1 flag=4, Splash Screen org.mozilla.fenix#0
10-22 19:57:22.760  3957  4025 V Surface : sf_framedrop debug : 0x4f4c, game : false, logging : 0
10-22 19:57:22.761 29013 29013 D TimaKeyStoreProvider: TimaKeyStore is not enabled: cannot add TimaSignature Service and generateKeyPair Service
10-22 19:57:22.761 29013 29013 D ActivityThread: Added TimaKeyStore provider
10-22 19:57:22.763  3957  4025 D InputDispatcher: Focus left window: 28969
10-22 19:57:22.764  3957  9774 I ActivityManager: DSS on for org.mozilla.fenix and scale is 1.0
10-22 19:57:22.764  3957  4025 D ViewRootImpl@b55831c[fenix]: Relayout returned: old=[0,0][0,0] new=[0,0][720,1280] result=0x7 surface={valid=true 501169938432} changed=true
10-22 19:57:22.765 28969 28969 D ViewRootImpl@4470b6[MainActivity]: MSG_WINDOW_FOCUS_CHANGED 0
10-22 19:57:22.766  3957  4025 D ViewRootImpl@b55831c[fenix]: MSG_RESIZED_REPORT: frame=Rect(0, 0 - 720, 1280) ci=Rect(0, 42 - 0, 0) vi=Rect(0, 42 - 0, 0) or=1
10-22 19:57:22.767  9273  9310 D ScanRecord: Not a Multi Manu data
10-22 19:57:22.767  9273  9310 I chatty  : uid=1002(bluetooth) BT Service Call identical 9 lines
10-22 19:57:22.767  9273  9310 D ScanRecord: Not a Multi Manu data
10-22 19:57:22.772  3957  9774 D PersonaManagerService: Current focused persona service handled id set to : 0
10-22 19:57:22.772  3957  9774 D InputDispatcher: Focused application set to: xxxx
10-22 19:57:22.773  3957  4220 D GameManagerService: handleForegroundChange(). pkgName: org.mozilla.fenix, clsName: org.mozilla.fenix.HomeActivity,FgActivityName:org.mozilla.fenix/.HomeActivity
10-22 19:57:22.774  3957  9774 D MARsPolicyManager: onPackageResumedFG pkgName = org.mozilla.fenix, userId = 0
10-22 19:57:22.774  3957  4220 D GameManagerService: sem_perfomance_mode: 3
10-22 19:57:22.774  3957  4220 D GameManagerService: notifyResumePause(). pkg: org.mozilla.fenix, type: 4, isMinimized: false, isTunableApp: false
10-22 19:57:22.774  3957  4220 D GameManagerService:   notifyResumePause(). unexpected mPrevNotiType: -1
10-22 19:57:22.777  3957  6478 D GamePkgDataHelper: getGamePkgDataIncServer(). org.mozilla.fenix
10-22 19:57:22.777  3957  6478 D GameManagerService: identifyGamePackage. org.mozilla.fenix
10-22 19:57:22.777  3957  6478 D GamePkgDataHelper: getGamePkgData(). org.mozilla.fenix
10-22 19:57:22.778  3957  6478 D GameManagerService: identifyGamePackage. org.mozilla.fenix
10-22 19:57:22.778  3957  6478 D GamePkgDataHelper: getGamePkgData(). org.mozilla.fenix
10-22 19:57:22.778  3957  6478 D GamePkgDataHelper: getSosPolicy(). org.mozilla.fenix
10-22 19:57:22.781  3957  6478 D GameManagerService: identifyGamePackage. org.mozilla.fenix
10-22 19:57:22.781  3957  6478 D GamePkgDataHelper: getGamePkgData(). org.mozilla.fenix
10-22 19:57:22.782  3957  6478 D GameManagerService: identifyGamePackage. org.mozilla.fenix
10-22 19:57:22.782  3957  6478 D GamePkgDataHelper: getGamePkgData(). org.mozilla.fenix
10-22 19:57:22.788  3957  4025 V WindowManager: finishDrawingLocked: mDrawState=COMMIT_DRAW_PENDING Window{5038b25 u0 Splash Screen org.mozilla.fenix} in Surface(name=Splash Screen org.mozilla.fenix)
10-22 19:57:22.789 29013 29013 I zygote64: no shared libraies, dex_files: 1
10-22 19:57:22.806  3957  4129 D WifiStateMachine:  ConnectedState !RSSI_PKTCNT_FETCH uid=1000 rt=603849391/1659824863 0 0 "ourhome" f4:6d:2f:12:cc:88 rssi=-43 f=5240 sc=60 link=433 tx=0.1, 0.0, 0.0  rx=11.7 bcn=603401 [on:0 tx:0 rx:0 period:996] from screen [on:388320 period:2386474] score=60
10-22 19:57:22.807  3447  3447 V Surface : sf_framedrop debug : 0x4f4c, game : false, logging : 0
10-22 19:57:22.807  3957  4129 D WifiStateMachine:  L2ConnectedState !RSSI_PKTCNT_FETCH uid=1000 rt=603849392/1659824865 0 0 "ourhome" f4:6d:2f:12:cc:88 rssi=-43 f=5240 sc=60 link=433 tx=0.1, 0.0, 0.0  rx=11.7 bcn=603401 [on:0 tx:0 rx:0 period:1] from screen [on:388320 period:2386475] score=60
10-22 19:57:22.808  9273  9310 D ScanRecord: Not a Multi Manu data
10-22 19:57:22.808  9273  9310 I chatty  : uid=1002(bluetooth) BT Service Call identical 9 lines
10-22 19:57:22.808  9273  9310 D ScanRecord: Not a Multi Manu data
10-22 19:57:22.808  3957  4129 D WifiStateMachine: fetchRssiLinkSpeedAndFrequencyNative rssi=-44 linkspeed=433 freq=5240
10-22 19:57:22.808  3957  4129 V WifiConfigManager: Updating scan detail cache freq=5240 BSSID=f4:6d:2f:12:cc:88 RSSI=-43 for "ourhome"WPA_PSK
10-22 19:57:22.811 28969 28986 D OpenGLRenderer: eglDestroySurface = 0x74d44a8b40
10-22 19:57:22.817  3957  4025 D TaskSnapshotCache: putSnapshot mTaskId=611 RunningCache size=1
