--------- beginning of main
10-22 19:35:29.295 11094 11094 E adbd    : recv: OPEN 00033071 00000000 0042:73 68 65 6C 6C 2C 76 32 2C 54 45 52 4D 3D 78 74 65 72 6D 2D 32 35 36 63 6F 6C 6F 72 2C 72 61 77 3A 67 65 74 70 72 6F 70 20 72 6F 2E 62 75 69 6C 64 2E 76 65 72 73 69 6F 6E 2E 72 65 6C 65 61 73 65 00 
10-22 19:35:29.296 11094 11094 E adbd    : service_to_fd: shell,v2,TERM=xterm-256color,raw:getprop ro.build.version.release
10-22 19:35:29.331  3957  4128 D WifiService: getConnectionInfo uid=1000
10-22 19:35:29.354 11094 11094 E adbd    : recv: OPEN 00033075 00000000 003e:73 68 65 6C 6C 2C 76 32 2C 54 45 52 4D 3D 78 74 65 72 6D 2D 32 35 36 63 6F 6C 6F 72 2C 72 61 77 3A 67 65 74 70 72 6F 70 20 72 6F 2E 62 75 69 6C 64 2E 76 65 72 73 69 6F 6E 2E 73 64 6B 00 
10-22 19:35:29.354 11094 11094 E adbd    : service_to_fd: shell,v2,TERM=xterm-256color,raw:getprop ro.build.version.sdk
10-22 19:35:29.412 11094 11094 E adbd    : recv: OPEN 00033079 00000000 00c4:73 68 65 6C 6C 2C 76 32 2C 54 45 52 4D 3D 78 74 65 72 6D 2D 32 35 36 63 6F 6C 6F 72 2C 72 61 77 3A 61 6D 20 73 74 61 72 74 20 2D 6E 20 22 63 6F 6D 2E 65 78 61 6D 70 6C 65 2E 62 61 74 74 65 72 79 6D 61 6E 61 67 65 72 5F 75 74 69 6C 69 74 79 2F 63 6F 6D 2E 65 78 61 6D 70 6C 65 2E 62 61 74 74 65 72 79 6D 61 6E 61 67 65 72 5F 75 74 69 6C 69 74 79 2E 4D 61 69 6E 41 63 74 69 76 69 74 79 22 20 2D 61 20 61 6E 64 72 6F 69 64 2E 69 6E 74 65 6E 74 2E 61 63 74 69 6F 6E 2E 4D 41 49 4E 20 2D 63 20 61 6E 64 72 6F 69 64 2E 69 6E 74 65 6E 74 2E 63 61 74 65 67 6F 72 79 2E 4C 41 55 4E 43 48 45 52 00 
10-22 19:35:29.412 11094 11094 E adbd    : service_to_fd: shell,v2,TERM=xterm-256color,raw:am start -n "com.example.batterymanager_utility/com.example.batterymanager_utility.MainActivity" -a android.intent.action.MAIN -c android.intent.category.LAUNCHER
--------- beginning of system
10-22 19:35:29.495  3957  7899 I ActivityManager: START u0 {act=android.intent.action.MAIN typ=null flg=0x10000000 cmp=ComponentInfo{com.example.batterymanager_utility/com.example.batterymanager_utility.MainActivity}} from uid 2000
10-22 19:35:29.497  3957  7899 D CustomFrequencyManagerService: acquireDVFSLockLocked : type : DVFS_MIN_LIMIT  frequency : 1560000  uid : 1000  pid : 3957  pkgName : AMS_APP_SWITCH@CPU_MIN@52
10-22 19:35:29.499  3957  7899 D ActivityManagerPerformance: AMP_acquire() APP_SWITCH
10-22 19:35:29.499  3957  5022 D ActivityManagerPerformance: Received MSG_CFMS_HINT_AMS_SWITCH pkgName: com.example.batterymanager_utility
10-22 19:35:29.500  3957  6478 D TelephonyManager: getAllCellInfo : Caller (PID / UID / TID): 3957 / 1000 / 6478
10-22 19:35:29.503  8695  8695 V Launcher: Launcher.onPause()
10-22 19:35:29.503  8695  8695 D Launcher: setHotWordDetection : call requestHotWordDetection false
10-22 19:35:29.505  3957  3957 D MdnieScenarioControlService: Listener Real Multi Window State : false
10-22 19:35:29.513  3957  8322 D ActivityManager: isScaleDownAnimationEnabled() : false
10-22 19:35:29.513  9098  9098 I GsaVoiceInteractionSrv: Handling ACTION_STOP_HOTWORD
10-22 19:35:29.513  3957  8322 D StorageManagerService: getExternalStorageMountMode : 1
10-22 19:35:29.514  3957  8322 D StorageManagerService: getExternalStorageMountMode : 3
10-22 19:35:29.514  3957  8322 D StorageManagerService: getExternalStorageMountMode : final mountMode=1, uid : 10170, packageName : com.example.batterymanager_utility
10-22 19:35:29.514  3957  8322 I ApplicationPolicy: isApplicationExternalStorageWhitelisted:com.example.batterymanager_utility user:0
10-22 19:35:29.514  3957  8322 D ApplicationPolicy: isApplicationExternalStorageWhitelisted: DO is not enabled on user 0. Allowed.
10-22 19:35:29.514  3957  8322 D ActivityManager: package  com.example.batterymanager_utility, user - 0 is SDcard whitelisted
10-22 19:35:29.514  3957  8322 I ApplicationPolicy: isApplicationExternalStorageBlacklisted:com.example.batterymanager_utility user:0
10-22 19:35:29.514  3957  8322 D ApplicationPolicy: isApplicationExternalStorageBlacklisted: DO is not enabled on user 0. Allowed.
10-22 19:35:29.515  9098  9154 I HwDetectorWithState: (REDACTED) a: %d
10-22 19:35:29.516  3957  4025 D ViewRootImpl@376cf24[batterymanager_utility]: setView = DecorView@4fab442[batterymanager_utility] TM=true MM=false
10-22 19:35:29.526  3957  6478 D WifiService: getConnectionInfo uid=1000
10-22 19:35:29.529  3957  8322 I ActivityManager: Start proc 25092:com.example.batterymanager_utility/u0a170 for activity com.example.batterymanager_utility/.MainActivity
10-22 19:35:29.531 25092 25092 E Zygote  : isWhitelistProcess - Process is Whitelisted
10-22 19:35:29.531 25092 25092 E libpersona: scanKnoxPersonas
10-22 19:35:29.531 25092 25092 E libpersona: Couldn't open the File - /data/system/users/0/personalist.xml - No such file or directory
10-22 19:35:29.533  3957  4025 D ViewRootImpl@376cf24[batterymanager_utility]: dispatchAttachedToWindow
10-22 19:35:29.533 25092 25092 W SELinux : SELinux selinux_android_compute_policy_index : Policy Index[2],  Con:u:r:zygote:s0 RAM:SEPF_SM-J720F_8.0.0_0002, [-1 -1 -1 -1 0 1]
10-22 19:35:29.534  3957  4025 V WindowManager: Relayout Window{68b5a8d u0 Splash Screen com.example.batterymanager_utility}: viewVisibility=0 req=719x1237 WM.LayoutParams{(0,0)(fillxfill) sim=#20 ty=3 fl=#81830118 pfl=0x20011 wanim=0x10302fd vsysui=0x600 needsMenuKey=2 colorMode=0 naviIconColor=0}
10-22 19:35:29.534 25092 25092 I SELinux : SELinux: seapp_context_lookup: seinfo=untrusted, level=s0:c512,c768, pkgname=com.example.batterymanager_utility 
10-22 19:35:29.536  4340  4340 D WallpaperService: updateSurface forceRelayout=true redrawNeeded=false myWidth=1280 myHeight=1280 fixedSize=true x = 0 y = 0 mWidth=1280 mHeight=1280 mIsSleepMode=false
10-22 19:35:29.538 25092 25092 I zygote64: Late-enabling -Xcheck:jni
10-22 19:35:29.538  3447  3447 I SurfaceFlinger: id=3422 createSurf (720x1280),1 flag=404, Splash Screen com.example.batterymanager_utility#0
10-22 19:35:29.540  3957  4025 V Surface : sf_framedrop debug : 0x4f4c, game : false, logging : 0
10-22 19:35:29.541  3957  4025 V WindowManager: rotationForOrientationLw(orient=-1, last=0); user=0  sensorRotation=-1 mLidState=-1 mDockMode=0 mHdmiPlugged=false
10-22 19:35:29.542  3957  4025 D InputDispatcher: Focus left window: 8695
10-22 19:35:29.543  3957  4025 D ViewRootImpl@376cf24[batterymanager_utility]: Relayout returned: old=[0,0][0,0] new=[0,0][720,1280] result=0x7 surface={valid=true 500904292352} changed=true
10-22 19:35:29.543  3957  8322 V WindowManager: Relayout Window{b8b4ba7 u0 com.android.systemui.ImageWallpaper}: viewVisibility=0 req=1280x1280 WM.LayoutParams{(0,0)(1280x1280) gr=#800033 ty=2013 fl=#10318 fmt=2 wanim=0x103030e colorMode=0 naviIconColor=0}
10-22 19:35:29.543  3957  4025 D ViewRootImpl@376cf24[batterymanager_utility]: MSG_RESIZED_REPORT: frame=Rect(0, 0 - 720, 1280) ci=Rect(0, 42 - 0, 0) vi=Rect(0, 42 - 0, 0) or=1
10-22 19:35:29.547  4340  4340 D ImageWallpaper: onOffsetsChanged: xOffset=0.0, yOffset=0.0, xOffsetStep=0.0, yOffsetStep=0.0, xPixels=0, yPixels=0
10-22 19:35:29.547  8695  8695 D ViewRootImpl@73195a7[LauncherActivity]: MSG_WINDOW_FOCUS_CHANGED 0
10-22 19:35:29.547  4340  4340 D ImageWallpaper: newRotation : 0,mLastRotation : 0
10-22 19:35:29.547  4340  4340 D ImageWallpaper: drawFrame:[frame.width()]1280[frame.height()]1280
10-22 19:35:29.547  4340  4340 D ImageWallpaper: surfaceDimensionsChanged=false mDisplayWidth=720 mDisplayHeight=1280
10-22 19:35:29.547  4340  4340 D ImageWallpaper: redrawNeeded = false, mOffsetsChanged = false
10-22 19:35:29.547  4340  4340 D ImageWallpaper: Suppressed drawFrame since redraw is not needed and offsets have not changed.
10-22 19:35:29.556  3957  4025 V WindowManager: finishDrawingLocked: mDrawState=COMMIT_DRAW_PENDING Window{68b5a8d u0 Splash Screen com.example.batterymanager_utility} in Surface(name=Splash Screen com.example.batterymanager_utility)
10-22 19:35:29.591 25092 25092 D TimaKeyStoreProvider: TimaKeyStore is not enabled: cannot add TimaSignature Service and generateKeyPair Service
10-22 19:35:29.592 25092 25092 D ActivityThread: Added TimaKeyStore provider
10-22 19:35:29.596  3957  8322 I ActivityManager: DSS on for com.example.batterymanager_utility and scale is 1.0
10-22 19:35:29.605  3957  8322 D PersonaManagerService: Current focused persona service handled id set to : 0
10-22 19:35:29.605  3957  8322 D InputDispatcher: Focused application set to: xxxx
10-22 19:35:29.606  3957  4220 D GameManagerService: handleForegroundChange(). pkgName: com.example.batterymanager_utility, clsName: com.example.batterymanager_utility.MainActivity,FgActivityName:com.example.batterymanager_utility/.MainActivity
10-22 19:35:29.606  3957  8322 D MARsPolicyManager: onPackageResumedFG pkgName = com.example.batterymanager_utility, userId = 0
10-22 19:35:29.606  3957  4220 D GameManagerService: sem_perfomance_mode: 3
10-22 19:35:29.606  3957  4220 D GameManagerService: notifyResumePause(). pkg: com.example.batterymanager_utility, type: 4, isMinimized: false, isTunableApp: false
10-22 19:35:29.606  3957  4220 D GameManagerService:   notifyResumePause(). unexpected mPrevNotiType: -1
10-22 19:35:29.608  3957  8322 D SamsungAnimationCreator: createAnimation type:LowEnd transit:12 enter:false wallpaperXoffset:-280 split:false fixedOri:false
10-22 19:35:29.608  3957  8322 D SamsungAnimationCreator: createAnimation displayFrame:Rect(0, 0 - 720, 1280) frame:null insets:null
10-22 19:35:29.614  3957  6478 D GamePkgDataHelper: getGamePkgDataIncServer(). com.example.batterymanager_utility
10-22 19:35:29.615  3957  6478 D GameManagerService: identifyGamePackage. com.example.batterymanager_utility
10-22 19:35:29.615  3957  6478 D GamePkgDataHelper: getGamePkgData(). com.example.batterymanager_utility
10-22 19:35:29.615  8695  8695 I Launcher: onWindowVisibilityChanged : false
10-22 19:35:29.615  3957  6478 D GameManagerService: identifyGamePackage. com.example.batterymanager_utility
10-22 19:35:29.616  3957  6478 D GamePkgDataHelper: getGamePkgData(). com.example.batterymanager_utility
10-22 19:35:29.616  3957  6478 D GamePkgDataHelper: getSosPolicy(). com.example.batterymanager_utility
10-22 19:35:29.618  3957  6478 D GameManagerService: identifyGamePackage. com.example.batterymanager_utility
10-22 19:35:29.618  3957  6478 D GamePkgDataHelper: getGamePkgData(). com.example.batterymanager_utility
10-22 19:35:29.621  8695  8815 D OpenGLRenderer: eglDestroySurface = 0x74ced508c0
10-22 19:35:29.621  3957  3973 D WindowManager: set systemUiVisibility : systemUiFlags= 0x608 fullscreenStackSysUiFlags= 0x0
10-22 19:35:29.622  3957  6478 D GameManagerService: identifyGamePackage. com.example.batterymanager_utility
10-22 19:35:29.622  3957  6478 D GamePkgDataHelper: getGamePkgData(). com.example.batterymanager_utility
10-22 19:35:29.622  3957  8322 D WindowManager: adjustSystemUiVisibilityLw : vis= 0x608
10-22 19:35:29.622  3957  7899 V WindowManager: Relayout Window{7e8dd1d u0 com.sec.android.app.launcher/com.sec.android.app.launcher.activities.LauncherActivity}: viewVisibility=8 req=720x1280 WM.LayoutParams{(0,0)(fillxfill) sim=#130 ty=1 fl=#81910d00 pfl=0x20000 fmt=-2 wanim=0x10302ea vsysui=0x700 needsMenuKey=2 colorMode=0 naviIconColor=0}
10-22 19:35:29.627  8695  8695 D ViewRootImpl@73195a7[LauncherActivity]: Relayout returned: old=[0,0][720,1280] new=[0,0][720,1280] result=0x5 surface={valid=false 0} changed=true
10-22 19:35:29.632 25092 25092 I zygote64: no shared libraies, dex_files: 1
10-22 19:35:29.637  4340  4884 D SystemServicesProxy: updateOverviewLastStackActiveTimeAsync: newTime=1697995917682
10-22 19:35:29.638  3957  8322 D SecContentProvider: query(), uri = 17 selection = isSettingsChangesAllowed
10-22 19:35:29.639  3957  8322 D SecContentProvider: called from android.uid.systemui:10009
10-22 19:35:29.640  4340  4692 D SystemServicesProxy: updateOverviewLastStackActiveTimeAsync: done.
10-22 19:35:29.668 25092 25092 I BatteryMgr:App: creating notification channel
10-22 19:35:29.702  3447  3447 I SurfaceFlinger: Display 0 HWC layers:
10-22 19:35:29.702  3447  3447 I SurfaceFlinger:     type    |    handle    | flag |  format   |   source crop (l,t,r,b)    |         frame       | name 
10-22 19:35:29.702  3447  3447 I SurfaceFlinger: ------------+--------------+------+-----------+----------------------------+---------------------+------
10-22 19:35:29.702  3447  3447 I SurfaceFlinger:      Device | 0x7e9ec22c80 | 0002 | RGBx_8888 | 280.0    0.0 1000.0 1280.0 |    0    0  720 1280 | com.android.systemui.ImageWallpaper#0
10-22 19:35:29.702  3447  3447 I SurfaceFlinger:      Device | 0x7ea5024480 | 0000 | RGBA_8888 |  21.0   37.0  700.0 1244.0 |    0    0  720 1280 | com.sec.android.app.launcher/com.sec[...]uncher.activities.LauncherActivity#0
10-22 19:35:29.702  3447  3447 I SurfaceFlinger:      Device | 0x7ea5024cc0 | 0002 | RGBA_8888 |   0.0    0.0  720.0 1280.0 |  133  236  588 1044 | Splash Screen com.example.batterymanager_utility#0
10-22 19:35:29.702  3447  3447 I SurfaceFlinger:      Device | 0x7ea5024540 | 0000 | RGBA_8888 |   0.0    0.0  720.0   42.0 |    0    0  720   42 | StatusBar#0
10-22 19:35:29.702  3447  3447 I SurfaceFlinger: 
10-22 19:35:29.747  3957  4089 D MdnieScenarioControlService:  packageName : com.example.batterymanager_utility    className : com.example.batterymanager_utility.MainActivity
10-22 19:35:29.747  3957  4089 V MdnieScenarioControlService: setUIMode from UI function(3)
10-22 19:35:29.753 25092 25109 D OpenGLRenderer: HWUI GL Pipeline
10-22 19:35:29.761 25092 25092 D ViewRootImpl@4470b6[MainActivity]: setView = DecorView@a3fa1b7[MainActivity] TM=true MM=false
10-22 19:35:29.761  3957  8322 D ActivityManager: post active user change for 0 fullscreen true isHomeActivity() false
10-22 19:35:29.866 25092 25092 W zygote64: Class androidx.compose.runtime.snapshots.SnapshotStateList failed lock verification and will run slower.
10-22 19:35:29.866 25092 25092 W zygote64: Common causes for lock verification issues are non-optimized dex code
10-22 19:35:29.866 25092 25092 W zygote64: and incorrect proguard optimizations.
10-22 19:35:29.936  3957  4129 D WifiStateMachine:  ConnectedState !RSSI_PKTCNT_FETCH uid=1000 rt=602536520/1658511993 0 0 "ourhome" f4:6d:2f:12:cc:88 rssi=-46 f=5240 sc=60 link=433 tx=0.6, 0.0, 0.0  rx=5.6 bcn=591581 [on:0 tx:0 rx:0 period:900] from screen [on:150522 period:1073604] score=60
10-22 19:35:29.937  3957  4129 D WifiStateMachine:  L2ConnectedState !RSSI_PKTCNT_FETCH uid=1000 rt=602536522/1658511994 0 0 "ourhome" f4:6d:2f:12:cc:88 rssi=-46 f=5240 sc=60 link=433 tx=0.6, 0.0, 0.0  rx=5.6 bcn=591581 [on:0 tx:0 rx:0 period:1] from screen [on:150522 period:1073605] score=60
10-22 19:35:29.942  3957  4129 D WifiStateMachine: fetchRssiLinkSpeedAndFrequencyNative rssi=-44 linkspeed=433 freq=5240
10-22 19:35:29.942  3957  4129 V WifiConfigManager: Updating scan detail cache freq=5240 BSSID=f4:6d:2f:12:cc:88 RSSI=-44 for "ourhome"WPA_PSK
10-22 19:35:29.970 25092 25092 D ViewRootImpl@4470b6[MainActivity]: dispatchAttachedToWindow
10-22 19:35:30.019  3957  8322 V WindowManager: Relayout Window{d6a89c1 u0 com.example.batterymanager_utility/com.example.batterymanager_utility.MainActivity}: viewVisibility=0 req=719x1237 WM.LayoutParams{(0,0)(fillxfill) sim=#120 ty=1 fl=#81810100 pfl=0x20000 wanim=0x10302fd vsysui=0x600 needsMenuKey=2 colorMode=0 naviIconColor=0}
10-22 19:35:30.023  3447  3447 I SurfaceFlinger: id=3423 createSurf (720x1280),1 flag=404, com.example.batterymanager_utility/com.example.batterymanager_utility.MainActivity#0
10-22 19:35:30.024  3957  8322 V Surface : sf_framedrop debug : 0x4f4c, game : false, logging : 0
10-22 19:35:30.028  3957  8322 D InputDispatcher: Focus entered window: 25092
10-22 19:35:30.030 25092 25092 V Surface : sf_framedrop debug : 0x4f4c, game : false, logging : 0
10-22 19:35:30.032 25092 25092 D ViewRootImpl@4470b6[MainActivity]: Relayout returned: old=[0,0][0,0] new=[0,0][720,1280] result=0x7 surface={valid=true 502085033984} changed=true
10-22 19:35:30.038 25092 25109 I OpenGLRenderer: Initialized EGL, version 1.4
10-22 19:35:30.038 25092 25109 D OpenGLRenderer: Swap behavior 2
10-22 19:35:30.041 25092 25109 D libGLESv1: STS_GLApi : DTS, ODTC are not allowed for Package : com.example.batterymanager_utility
10-22 19:35:30.042 25092 25109 D mali_winsys: EGLint new_window_surface(egl_winsys_display *, void *, EGLSurface, EGLConfig, egl_winsys_surface **, egl_color_buffer_format *, EGLBoolean) returns 0x3000,  [720x1280]-format:1
10-22 19:35:30.043 25092 25109 D OpenGLRenderer: eglCreateWindowSurface = 0x74d44afb40
10-22 19:35:30.052  3447  3447 I SurfaceFlinger: Display 0 HWC layers:
10-22 19:35:30.052  3447  3447 I SurfaceFlinger:     type    |    handle    | flag |  format   |   source crop (l,t,r,b)    |         frame       | name 
10-22 19:35:30.052  3447  3447 I SurfaceFlinger: ------------+--------------+------+-----------+----------------------------+---------------------+------
10-22 19:35:30.052  3447  3447 I SurfaceFlinger:      Device | 0x7ea5024cc0 | 0002 | RGBA_8888 |   0.0    0.0  720.0 1280.0 |    0    0  720 1280 | Splash Screen com.example.batterymanager_utility#0
10-22 19:35:30.052  3447  3447 I SurfaceFlinger:      Device | 0x7ea5024540 | 0000 | RGBA_8888 |   0.0    0.0  720.0   42.0 |    0    0  720   42 | StatusBar#0
10-22 19:35:30.052  3447  3447 I SurfaceFlinger: 
10-22 19:35:30.054 25092 25092 D Compose Focus: Owner FocusChanged(true)
10-22 19:35:30.066  3957  4025 I WindowManager: Destroying surface Surface(name=com.sec.android.app.launcher/com.sec.android.app.launcher.activities.LauncherActivity) called by com.android.server.wm.WindowStateAnimator.destroySurface:2501 com.android.server.wm.WindowStateAnimator.destroySurfaceLocked:985 com.android.server.wm.WindowState.destroyOrSaveSurfaceUnchecked:3670 com.android.server.wm.WindowState.destroySurface:3618 com.android.server.wm.AppWindowToken.destroySurfaces:722 com.android.server.wm.AppWindowToken.destroySurfaces:706 com.android.server.wm.WindowState.onExitAnimationDone:5316 com.android.server.wm.AppWindowAnimator.stepAnimationLocked:508 
10-22 19:35:30.066  3447  5168 I SurfaceFlinger: id=3421 Removed com.sec.android.app.launcher/com.sec.android.app.launcher.activities.LauncherActivity#0 (1/6)
10-22 19:35:30.069  3447  5168 I SurfaceFlinger: id=3421 Removed com.sec.android.app.launcher/com.sec.android.app.launcher.activities.LauncherActivity#0 (-2/6)
10-22 19:35:30.071  4340 23471 D WallpaperService: dispatchAppVisibility onVisibilityChanged(): false
10-22 19:35:30.071  4340  4340 D ImageWallpaper: onVisibilityChanged: mVisible, visible=true, false
10-22 19:35:30.072  4340  4340 D ImageWallpaper: Visibility changed to visible=false
10-22 19:35:30.072  4340  4340 D WallpaperService: reportVisibility onVisibilityChanged visible: false
10-22 19:35:30.082  3447  3447 I Layer   : id=3421 onRemoved com.sec.android.app.launcher/com.sec.android.app.launcher.activities.LauncherActivity#0 
10-22 19:35:30.103  3957  7899 D BatteryService: !@BatteryListener : batteryPropertiesChanged!
10-22 19:35:30.113  3957  7899 V WindowManager: finishDrawingLocked: mDrawState=COMMIT_DRAW_PENDING Window{d6a89c1 u0 com.example.batterymanager_utility/com.example.batterymanager_utility.MainActivity} in Surface(name=com.example.batterymanager_utility/com.example.batterymanager_utility.MainActivity)
10-22 19:35:30.114 25092 25092 D ViewRootImpl@4470b6[MainActivity]: MSG_RESIZED_REPORT: frame=Rect(0, 0 - 720, 1280) ci=Rect(0, 42 - 0, 0) vi=Rect(0, 42 - 0, 0) or=1
10-22 19:35:30.115 25092 25092 D ViewRootImpl@4470b6[MainActivity]: MSG_WINDOW_FOCUS_CHANGED 1
10-22 19:35:30.118  3957  4025 D ViewRootImpl@376cf24[batterymanager_utility]: dispatchDetachedFromWindow
10-22 19:35:30.118  3957  4025 D InputEventReceiver: channel '68b5a8d Splash Screen com.example.batterymanager_utility (client)' ~ Disposing input event receiver.
10-22 19:35:30.118  3957  4025 D InputEventReceiver: channel '68b5a8d Splash Screen com.example.batterymanager_utility (client)' ~NativeInputEventReceiver.
10-22 19:35:30.121 25092 25092 V InputMethodManager: Starting input: tba=android.view.inputmethod.EditorInfo@83e742a nm : com.example.batterymanager_utility ic=null
10-22 19:35:30.121 25092 25092 I InputMethodManager: startInputInner - mService.startInputOrWindowGainedFocus
10-22 19:35:30.122  3957  8322 D InputMethodManagerService: startInputOrWindowGainedFocus : windowGainedFocus 
10-22 19:35:30.122  3957  8322 D InputMethodManagerService: windowGainedFocus: destinationUserId (getCallingUid) = 0
10-22 19:35:30.122  3957  8322 D InputMethodManagerService: windowGainedFocus: currentUserId=0
10-22 19:35:30.122  3957  8322 D InputMethodManagerService: windowGainedFocus: mCurrentFocusedUserId=0
10-22 19:35:30.122  3957  8322 D InputMethodManagerService: windowGainedFocus : lock - currentUserId = 0 destinationUserId = 0
10-22 19:35:30.122  3957  8322 D InputMethodManagerService: windowGainedFocus : mCurrentFocusedUserId - 0 and mSecureKeypadEnabled - false, userSwitched - false
10-22 19:35:30.122  3957  8322 V InputMethodManagerService: windowGainedFocus : reason=WINDOW_FOCUS_GAIN client=android.os.BinderProxy@719b2cb inputContext=null missingMethods= attribute=android.view.inputmethod.EditorInfo@3be4954 nm = com.example.batterymanager_utility controlFlags=#105 softInputMode=#120 windowFlags=#81810100
10-22 19:35:30.122  3957  8322 V InputMethodManagerService: hideCurrentInputLocked : shouldHideSoftInput is false
10-22 19:35:30.123  3957  8322 D InputMethodManagerService: isImeSwitcherDisabledPackage : false
10-22 19:35:30.123  3957  8322 V InputMethodManagerService: Creating new session for client ClientState{d5500fd uid 10170 pid 25092}
10-22 19:35:30.125  3957  3981 I ActivityManager: Displayed com.example.batterymanager_utility/.MainActivity: +605ms
10-22 19:35:30.125  3957  8322 D InputMethodManagerService: setCurrentInputInfo - inputContext : null eidtorInfo : android.view.inputmethod.EditorInfo@3be4954 missingMethods : 0
10-22 19:35:30.126  8846  8846 I InputMethodWrapper:  call dispatchStartInputWithToken
10-22 19:35:30.126  3957  3981 D CustomFrequencyManagerService: acquireDVFSLockLocked : type : DVFS_MIN_LIMIT  frequency : 1560000  uid : 1000  pid : 3957  pkgName : AMS_RESUME_TAIL@CPU_MIN@58
10-22 19:35:30.126  8846  8846 I InputMethodService: dispatchStartInputWithToken
10-22 19:35:30.126  3957  3981 D ActivityManagerPerformance: AMP_acquire() TAIL
10-22 19:35:30.126  3957  3981 D CustomFrequencyManagerService: releaseDVFSLockLocked : Getting Lock type frm List : DVFS_MIN_LIMIT  frequency : 1560000  uid : 1000  pid : 3957  tag : AMS_APP_SWITCH@CPU_MIN@52
10-22 19:35:30.126  8846  8846 I SKBD    : SamsungKeypad [IMI] onStartInput - caller pid : 25092, caller uid : 10170
10-22 19:35:30.127  3957  3981 D ActivityManagerPerformance: AMP_release() APP_SWITCH
10-22 19:35:30.141 25092 25092 V InputMethodManager: Starting input: tba=android.view.inputmethod.EditorInfo@c78721b nm : com.example.batterymanager_utility ic=null
10-22 19:35:30.145  8695  8695 D StageManager: saved stages : inStack [1] , outStack[2]
10-22 19:35:30.169  3447  3447 I SurfaceFlinger: Display 0 HWC layers:
10-22 19:35:30.169  3447  3447 I SurfaceFlinger:     type    |    handle    | flag |  format   |   source crop (l,t,r,b)    |         frame       | name 
10-22 19:35:30.169  3447  3447 I SurfaceFlinger: ------------+--------------+------+-----------+----------------------------+---------------------+------
10-22 19:35:30.169  3447  3447 I SurfaceFlinger:      Client | 0x7e9ec222c0 | 0002 | RGBA_8888 |   0.0    0.0  720.0 1280.0 |    0    0  720 1280 | com.example.batterymanager_utility/c[...]atterymanager_utility.MainActivity#0
10-22 19:35:30.169  3447  3447 I SurfaceFlinger:      Client | 0x7ea5024cc0 | 0002 | RGBA_8888 |   0.0    0.0  720.0 1280.0 |    0    0  720 1280 | Splash Screen com.example.batterymanager_utility#0
10-22 19:35:30.169  3447  3447 I SurfaceFlinger:      Client | 0x7ea5024540 | 0000 | RGBA_8888 |   0.0    0.0  720.0   42.0 |    0    0  720   42 | StatusBar#0
10-22 19:35:30.169  3447  3447 I SurfaceFlinger: 
10-22 19:35:30.229  3957  6478 D SSRM:k  : SIOP:: AP = 330, PST = 337 (W:14), BAT = 293, USB = 0, CHG = 0
10-22 19:35:30.284  3957  4089 D MdnieScenarioControlService:  packageName : com.example.batterymanager_utility    className : com.example.batterymanager_utility.MainActivity
10-22 19:35:30.284  3957  4089 V MdnieScenarioControlService: setUIMode from UI function(3)
10-22 19:35:30.302  3447  3447 I SurfaceFlinger: Display 0 HWC layers:
10-22 19:35:30.302  3447  3447 I SurfaceFlinger:     type    |    handle    | flag |  format   |   source crop (l,t,r,b)    |         frame       | name 
10-22 19:35:30.302  3447  3447 I SurfaceFlinger: ------------+--------------+------+-----------+----------------------------+---------------------+------
10-22 19:35:30.302  3447  3447 I SurfaceFlinger:      Device | 0x7e9ec222c0 | 0002 | RGBA_8888 |   0.0    0.0  720.0 1280.0 |    0    0  720 1280 | com.example.batterymanager_utility/c[...]atterymanager_utility.MainActivity#0
10-22 19:35:30.302  3447  3447 I SurfaceFlinger:      Device | 0x7ea5024540 | 0000 | RGBA_8888 |   0.0    0.0  720.0   42.0 |    0    0  720   42 | StatusBar#0
10-22 19:35:30.302  3447  3447 I SurfaceFlinger: 
10-22 19:35:30.304  3957  4025 I WindowManager: Destroying surface Surface(name=Splash Screen com.example.batterymanager_utility) called by com.android.server.wm.WindowStateAnimator.destroySurface:2501 com.android.server.wm.WindowStateAnimator.destroySurfaceLocked:985 com.android.server.wm.WindowState.destroyOrSaveSurfaceUnchecked:3670 com.android.server.wm.WindowState.destroySurface:3618 com.android.server.wm.AppWindowToken.destroySurfaces:722 com.android.server.wm.AppWindowToken.destroySurfaces:706 com.android.server.wm.WindowState.onExitAnimationDone:5316 com.android.server.wm.WindowStateAnimator.stepAnimationLocked:550 
10-22 19:35:30.304  3447  5168 I SurfaceFlinger: id=3422 Removed Splash Screen com.example.batterymanager_utility#0 (3/5)
10-22 19:35:30.310  3447 18688 I SurfaceFlinger: id=3422 Removed Splash Screen com.example.batterymanager_utility#0 (-2/5)
10-22 19:35:30.316  3447  3447 I Layer   : id=3422 onRemoved Splash Screen com.example.batterymanager_utility#0 
10-22 19:35:30.333  3957  4128 D WifiService: getConnectionInfo uid=1000
10-22 19:35:30.727  3957  3957 D CustomFrequencyManagerService: releaseDVFSLockLocked : Getting Lock type frm List : DVFS_MIN_LIMIT  frequency : 1560000  uid : 1000  pid : 3957  tag : AMS_RESUME_TAIL@CPU_MIN@58
10-22 19:35:30.939  3957  4129 D WifiStateMachine:  ConnectedState !RSSI_PKTCNT_FETCH uid=1000 rt=602537522/1658512995 0 0 "ourhome" f4:6d:2f:12:cc:88 rssi=-44 f=5240 sc=60 link=433 tx=0.6, 0.0, 0.0  rx=5.6 bcn=591581 [on:0 tx:0 rx:0 period:1002] from screen [on:150522 period:1074607] score=60
10-22 19:35:30.942  3957  4129 D WifiStateMachine:  L2ConnectedState !RSSI_PKTCNT_FETCH uid=1000 rt=602537525/1658512998 0 0 "ourhome" f4:6d:2f:12:cc:88 rssi=-44 f=5240 sc=60 link=433 tx=0.6, 0.0, 0.0  rx=5.6 bcn=591581 [on:0 tx:0 rx:0 period:3] from screen [on:150522 period:1074610] score=60
10-22 19:35:30.949  3957  4129 D WifiStateMachine: fetchRssiLinkSpeedAndFrequencyNative rssi=-48 linkspeed=433 freq=5240
10-22 19:35:30.950  3957  4129 V WifiConfigManager: Updating scan detail cache freq=5240 BSSID=f4:6d:2f:12:cc:88 RSSI=-46 for "ourhome"WPA_PSK
10-22 19:35:31.336  3957  4128 D WifiService: getConnectionInfo uid=1000
10-22 19:35:31.532  3957  3957 D PreBindingService: handleMessage : 1
10-22 19:35:31.941  3957  4129 D WifiStateMachine:  ConnectedState !RSSI_PKTCNT_FETCH uid=1000 rt=602538525/1658513997 0 0 "ourhome" f4:6d:2f:12:cc:88 rssi=-48 f=5240 sc=60 link=433 tx=0.6, 0.0, 0.0  rx=5.6 bcn=591581 [on:0 tx:0 rx:0 period:999] from screen [on:150522 period:1075609] score=60
10-22 19:35:31.944  3957  4129 D WifiStateMachine:  L2ConnectedState !RSSI_PKTCNT_FETCH uid=1000 rt=602538527/1658514000 0 0 "ourhome" f4:6d:2f:12:cc:88 rssi=-48 f=5240 sc=60 link=433 tx=0.6, 0.0, 0.0  rx=5.6 bcn=591581 [on:0 tx:0 rx:0 period:2] from screen [on:150522 period:1075611] score=60
10-22 19:35:31.951  3957  4129 D WifiStateMachine: fetchRssiLinkSpeedAndFrequencyNative rssi=-48 linkspeed=433 freq=5240
10-22 19:35:31.951  3957  4129 V WifiConfigManager: Updating scan detail cache freq=5240 BSSID=f4:6d:2f:12:cc:88 RSSI=-47 for "ourhome"WPA_PSK
10-22 19:35:32.035  3957  4129 D WifiStateMachine:  ConnectedState !CMD_RSSI_POLL rt=602538619/1658514091 122 0 "ourhome" f4:6d:2f:12:cc:88 rssi=-48 f=5240 sc=60 link=433 tx=0.6, 0.0, 0.0  rx=5.6 bcn=591581 [on:0 tx:0 rx:0 period:92] from screen [on:150522 period:1075703] score=60
10-22 19:35:32.038  3957  4129 D WifiStateMachine:  L2ConnectedState !CMD_RSSI_POLL rt=602538621/1658514094 122 0 "ourhome" f4:6d:2f:12:cc:88 rssi=-48 f=5240 sc=60 link=433 tx=0.6, 0.0, 0.0  rx=5.6 bcn=591581 [on:0 tx:0 rx:0 period:3] from screen [on:150522 period:1075706] score=60
10-22 19:35:32.038  3957  4129 D WifiStateMachine:  get link layer stats 3
10-22 19:35:32.039  3436  3436 I android.hardware.wifi@1.0-service: getLinkLayerStats
10-22 19:35:32.059  3957  4129 D WifiStateMachine: fetchRssiLinkSpeedAndFrequencyNative rssi=-47 linkspeed=433 freq=5240
10-22 19:35:32.060  3957  4129 V WifiConfigManager: Updating scan detail cache freq=5240 BSSID=f4:6d:2f:12:cc:88 RSSI=-47 for "ourhome"WPA_PSK
10-22 19:35:32.066  4340  4340 E SignalClusterView: setSlotFocusVisible : subId -2
10-22 19:35:32.066  4340  4340 E SignalClusterView: setSlotFocusVisible : subId -2
10-22 19:35:32.258  3957  4030 D SensorService: [SO] 0.215 -0.120 9.974
10-22 19:35:32.339  3957  4128 D WifiService: getConnectionInfo uid=1000
10-22 19:35:32.556  9273  9310 D ScanRecord: Not a Multi Manu data
10-22 19:35:32.938  9273  9310 I chatty  : uid=1002(bluetooth) BT Service Call identical 537 lines
10-22 19:35:32.938  9273  9310 D ScanRecord: Not a Multi Manu data
10-22 19:35:32.943  3957  4129 D WifiStateMachine:  ConnectedState !RSSI_PKTCNT_FETCH uid=1000 rt=602539526/1658514999 0 0 "ourhome" f4:6d:2f:12:cc:88 rssi=-47 f=5240 sc=60 link=433 tx=0.2, 0.0, 0.0  rx=19.8 bcn=591610 [on:0 tx:0 rx:0 period:879] from screen [on:151238 period:1076611] score=60
10-22 19:35:32.946  3957  4129 D WifiStateMachine:  L2ConnectedState !RSSI_PKTCNT_FETCH uid=1000 rt=602539529/1658515002 0 0 "ourhome" f4:6d:2f:12:cc:88 rssi=-47 f=5240 sc=60 link=433 tx=0.2, 0.0, 0.0  rx=19.8 bcn=591610 [on:0 tx:0 rx:0 period:3] from screen [on:151238 period:1076614] score=60
10-22 19:35:32.949  9273  9310 D ScanRecord: Not a Multi Manu data
10-22 19:35:32.955  9273  9310 I chatty  : uid=1002(bluetooth) BT Service Call identical 31 lines
10-22 19:35:32.955  9273  9310 D ScanRecord: Not a Multi Manu data
10-22 19:35:32.957  3957  4129 D WifiStateMachine: fetchRssiLinkSpeedAndFrequencyNative rssi=-47 linkspeed=433 freq=5240
10-22 19:35:32.958  3957  4129 V WifiConfigManager: Updating scan detail cache freq=5240 BSSID=f4:6d:2f:12:cc:88 RSSI=-47 for "ourhome"WPA_PSK
10-22 19:35:32.960  9273  9310 D ScanRecord: Not a Multi Manu data
10-22 19:35:33.048  9273  9310 I chatty  : uid=1002(bluetooth) BT Service Call identical 119 lines
10-22 19:35:33.048  9273  9310 D ScanRecord: Not a Multi Manu data
10-22 19:35:33.343  3957  4128 D WifiService: getConnectionInfo uid=1000
10-22 19:35:33.535  3957  6478 D WifiService: getConnectionInfo uid=1000
10-22 19:35:33.945  3957  4129 D WifiStateMachine:  ConnectedState !RSSI_PKTCNT_FETCH uid=1000 rt=602540529/1658516001 0 0 "ourhome" f4:6d:2f:12:cc:88 rssi=-47 f=5240 sc=60 link=433 tx=0.2, 0.0, 0.0  rx=19.8 bcn=591610 [on:0 tx:0 rx:0 period:999] from screen [on:151238 period:1077613] score=60
10-22 19:35:33.948  3957  4129 D WifiStateMachine:  L2ConnectedState !RSSI_PKTCNT_FETCH uid=1000 rt=602540531/1658516004 0 0 "ourhome" f4:6d:2f:12:cc:88 rssi=-47 f=5240 sc=60 link=433 tx=0.2, 0.0, 0.0  rx=19.8 bcn=591610 [on:0 tx:0 rx:0 period:2] from screen [on:151238 period:1077615] score=60
10-22 19:35:33.952  3957  4129 D WifiStateMachine: fetchRssiLinkSpeedAndFrequencyNative rssi=-45 linkspeed=433 freq=5240
10-22 19:35:33.953  3957  4129 V WifiConfigManager: Updating scan detail cache freq=5240 BSSID=f4:6d:2f:12:cc:88 RSSI=-45 for "ourhome"WPA_PSK
10-22 19:35:34.064  4961  4961 D io_stats: !@ 179,0 r 10130356 332589212 w 2157507 42244292 d 173759 37248084 f 639848 665302 iot 4631272 3990758 th 51200 0 0 pt 0 inp 0 0 602540.648
10-22 19:35:34.345  3957  4128 D WifiService: getConnectionInfo uid=1000
10-22 19:35:34.539 11094 11094 E adbd    : recv: OPEN 0003307d 00000000 003f:73 68 65 6C 6C 2C 76 32 2C 54 45 52 4D 3D 78 74 65 72 6D 2D 32 35 36 63 6F 6C 6F 72 2C 72 61 77 3A 6D 6F 6E 6B 65 79 20 2D 70 20 6F 72 67 2E 6D 6F 7A 69 6C 6C 61 2E 66 65 6E 69 78 20 31 00 
10-22 19:35:34.539 11094 11094 E adbd    : service_to_fd: shell,v2,TERM=xterm-256color,raw:monkey -p org.mozilla.fenix 1
10-22 19:35:34.947  3957  4129 D WifiStateMachine:  ConnectedState !RSSI_PKTCNT_FETCH uid=1000 rt=602541530/1658517003 0 0 "ourhome" f4:6d:2f:12:cc:88 rssi=-45 f=5240 sc=60 link=433 tx=0.2, 0.0, 0.0  rx=19.8 bcn=591610 [on:0 tx:0 rx:0 period:999] from screen [on:151238 period:1078614] score=60
10-22 19:35:34.949  3957  4129 D WifiStateMachine:  L2ConnectedState !RSSI_PKTCNT_FETCH uid=1000 rt=602541532/1658517005 0 0 "ourhome" f4:6d:2f:12:cc:88 rssi=-45 f=5240 sc=60 link=433 tx=0.2, 0.0, 0.0  rx=19.8 bcn=591610 [on:0 tx:0 rx:0 period:2] from screen [on:151238 period:1078616] score=60
10-22 19:35:34.955  3957  4129 D WifiStateMachine: fetchRssiLinkSpeedAndFrequencyNative rssi=-49 linkspeed=433 freq=5240
10-22 19:35:34.956  3957  4129 V WifiConfigManager: Updating scan detail cache freq=5240 BSSID=f4:6d:2f:12:cc:88 RSSI=-47 for "ourhome"WPA_PSK
10-22 19:35:35.063  3957  4129 D WifiStateMachine:  ConnectedState !CMD_RSSI_POLL rt=602541646/1658517119 122 0 "ourhome" f4:6d:2f:12:cc:88 rssi=-49 f=5240 sc=60 link=433 tx=0.2, 0.0, 0.0  rx=19.8 bcn=591610 [on:0 tx:0 rx:0 period:115] from screen [on:151238 period:1078731] score=60
10-22 19:35:35.065  3957  4129 D WifiStateMachine:  L2ConnectedState !CMD_RSSI_POLL rt=602541649/1658517121 122 0 "ourhome" f4:6d:2f:12:cc:88 rssi=-49 f=5240 sc=60 link=433 tx=0.2, 0.0, 0.0  rx=19.8 bcn=591610 [on:0 tx:0 rx:0 period:2] from screen [on:151238 period:1078733] score=60
10-22 19:35:35.065  3957  4129 D WifiStateMachine:  get link layer stats 3
10-22 19:35:35.066  3436  3436 I android.hardware.wifi@1.0-service: getLinkLayerStats
10-22 19:35:35.071  3957  4129 D WifiStateMachine: fetchRssiLinkSpeedAndFrequencyNative rssi=-48 linkspeed=433 freq=5240
10-22 19:35:35.071  3957  4129 V WifiConfigManager: Updating scan detail cache freq=5240 BSSID=f4:6d:2f:12:cc:88 RSSI=-47 for "ourhome"WPA_PSK
10-22 19:35:35.075  4340  4340 E SignalClusterView: setSlotFocusVisible : subId -2
10-22 19:35:35.075  4340  4340 E SignalClusterView: setSlotFocusVisible : subId -2
10-22 19:35:35.138 25126 25126 W ADebug  : Failed to get property persist.sys.media.traces
10-22 19:35:35.142 25126 25126 E appproc : Enhanced Zygote ASLR: ro.knox.enhance.zygote.aslr != 1. Enhanced Zygote ASLR is DISABLED!
10-22 19:35:35.142 25126 25126 D AndroidRuntime: >>>>>> START com.android.internal.os.RuntimeInit uid 2000 <<<<<<
10-22 19:35:35.149 25126 25126 D SecNativeFeatureCppIf: encoded
10-22 19:35:35.149 25126 25126 D SecNativeFeatureCppIf: decoding and unzip finish
10-22 19:35:35.149 25126 25126 D SecNativeFeatureCppIf: use unCompDataBuff. encoded
10-22 19:35:35.149 25126 25126 D SecNativeFeatureCppIf: Free unCompDataBuff
10-22 19:35:35.149 25126 25126 D SecNativeFeatureCppIf: encoded
10-22 19:35:35.149 25126 25126 D SecNativeFeatureCppIf: decoding and unzip finish
10-22 19:35:35.149 25126 25126 D SecNativeFeatureCppIf: use unCompDataBuff. encoded
10-22 19:35:35.149 25126 25126 D SecNativeFeatureCppIf: Free unCompDataBuff
10-22 19:35:35.149 25126 25126 D SecNativeFeatureCppIf: encoded
10-22 19:35:35.149 25126 25126 D SecNativeFeatureCppIf: decoding and unzip finish
10-22 19:35:35.149 25126 25126 D SecNativeFeatureCppIf: use unCompDataBuff. encoded
10-22 19:35:35.149 25126 25126 D SecNativeFeatureCppIf: Free unCompDataBuff
10-22 19:35:35.150 25126 25126 D SecNativeFeatureCppIf: encoded
10-22 19:35:35.150 25126 25126 D SecNativeFeatureCppIf: decoding and unzip finish
10-22 19:35:35.150 25126 25126 D SecNativeFeatureCppIf: use unCompDataBuff. encoded
10-22 19:35:35.150 25126 25126 D SecNativeFeatureCppIf: Free unCompDataBuff
10-22 19:35:35.268 25126 25126 D ICU     : Timezone override file found: /data/misc/zoneinfo/current/icu/icu_tzdata.dat
10-22 19:35:35.291 25126 25126 I app_process: find the special shared library, skip check
10-22 19:35:35.333 25126 25126 D SemCscFeature: Encoded
10-22 19:35:35.336 25126 25126 I chatty  : uid=2000(shell) identical 2 lines
10-22 19:35:35.337 25126 25126 D SemCscFeature: Encoded
10-22 19:35:35.339 25126 25126 E SemAffinityControl: SemAffinityControl: registerfunction enter
10-22 19:35:35.347 25126 25126 D AndroidRuntime: Calling main entry com.android.commands.monkey.Monkey
10-22 19:35:35.349  3957  4128 D WifiService: getConnectionInfo uid=1000
10-22 19:35:35.385  3957  3972 W BroadcastQueue: Skipping deliver [background] BroadcastRecord{14ffb3e u-1 android.net.conn.CONNECTIVITY_CHANGE} to ReceiverList{d8f0d9f 25126 (unknown name)/2000/u-1 remote:c60a6c0}: process gone or crashing
10-22 19:35:35.432  3957  7899 I ActivityManager: START u0 {act=android.intent.action.MAIN typ=null flg=0x10200000 cmp=ComponentInfo{org.mozilla.fenix/org.mozilla.fenix.App}} from uid 2000
10-22 19:35:35.433  3957  7899 W Binder  : Outgoing transactions from this process must be FLAG_ONEWAY
10-22 19:35:35.433  3957  7899 W Binder  : java.lang.Throwable
10-22 19:35:35.433  3957  7899 W Binder  : 	at android.os.BinderProxy.transact(Binder.java:744)
10-22 19:35:35.433  3957  7899 W Binder  : 	at android.app.IActivityController$Stub$Proxy.activityStarting(IActivityController.java:172)
10-22 19:35:35.433  3957  7899 W Binder  : 	at com.android.server.am.ActivityStarter.startActivity(ActivityStarter.java:648)
10-22 19:35:35.433  3957  7899 W Binder  : 	at com.android.server.am.ActivityStarter.startActivityLocked(ActivityStarter.java:410)
10-22 19:35:35.433  3957  7899 W Binder  : 	at com.android.server.am.ActivityStarter.startActivityMayWait(ActivityStarter.java:1283)
10-22 19:35:35.433  3957  7899 W Binder  : 	at com.android.server.am.ActivityManagerService.startActivityAsUser(ActivityManagerService.java:6033)
10-22 19:35:35.433  3957  7899 W Binder  : 	at com.android.server.am.ActivityManagerService.startActivity(ActivityManagerService.java:5885)
10-22 19:35:35.433  3957  7899 W Binder  : 	at android.app.IActivityManager$Stub.onTransact(IActivityManager.java:121)
10-22 19:35:35.433  3957  7899 W Binder  : 	at com.android.server.am.ActivityManagerService.onTransact(ActivityManagerService.java:3861)
10-22 19:35:35.433  3957  7899 W Binder  : 	at android.os.Binder.execTransact(Binder.java:682)
10-22 19:35:35.436  3957  7899 D CustomFrequencyManagerService: acquireDVFSLockLocked : type : DVFS_MIN_LIMIT  frequency : 1560000  uid : 1000  pid : 3957  pkgName : AMS_APP_SWITCH@CPU_MIN@52
10-22 19:35:35.437 25092 25136 D ProfileInstaller: Installing profile for com.example.batterymanager_utility
10-22 19:35:35.438  3957  7899 D ActivityManagerPerformance: AMP_acquire() APP_SWITCH
10-22 19:35:35.438  3957  5022 D ActivityManagerPerformance: Received MSG_CFMS_HINT_AMS_SWITCH pkgName: org.mozilla.fenix
10-22 19:35:35.440 25092 25097 I zygote64: Do partial code cache collection, code=30KB, data=25KB
10-22 19:35:35.440 25092 25097 I zygote64: After code cache collection, code=30KB, data=25KB
10-22 19:35:35.440 25092 25097 I zygote64: Increasing code cache capacity to 128KB
10-22 19:35:35.440  3957  6478 D WifiService: getConnectionInfo uid=1000
10-22 19:35:35.445  3957  7899 D ActivityManager: isScaleDownAnimationEnabled() : false
10-22 19:35:35.446  3957  7899 D StorageManagerService: getExternalStorageMountMode : 1
10-22 19:35:35.446  3957  8322 V WindowManager: rotationForOrientationLw(orient=-1, last=0); user=0  sensorRotation=-1 mLidState=-1 mDockMode=0 mHdmiPlugged=false
10-22 19:35:35.446  3957  7899 D StorageManagerService: getExternalStorageMountMode : 3
10-22 19:35:35.447  3957  7899 D StorageManagerService: getExternalStorageMountMode : final mountMode=1, uid : 10169, packageName : org.mozilla.fenix
10-22 19:35:35.447  3957  7899 I ApplicationPolicy: isApplicationExternalStorageWhitelisted:org.mozilla.fenix user:0
10-22 19:35:35.447  3957  7899 D ApplicationPolicy: isApplicationExternalStorageWhitelisted: DO is not enabled on user 0. Allowed.
10-22 19:35:35.447  3957  7899 D ActivityManager: package  org.mozilla.fenix, user - 0 is SDcard whitelisted
10-22 19:35:35.447  3957  7899 I ApplicationPolicy: isApplicationExternalStorageBlacklisted:org.mozilla.fenix user:0
10-22 19:35:35.447  3957  7899 D ApplicationPolicy: isApplicationExternalStorageBlacklisted: DO is not enabled on user 0. Allowed.
10-22 19:35:35.448  3957  8322 V WindowManager: rotationForOrientationLw(orient=-1, last=0); user=0  sensorRotation=-1 mLidState=-1 mDockMode=0 mHdmiPlugged=false
10-22 19:35:35.457  3957  7899 I ActivityManager: Start proc 25137:org.mozilla.fenix/u0a169 for activity org.mozilla.fenix/.App
10-22 19:35:35.458 25137 25137 E Zygote  : isWhitelistProcess - Process is Whitelisted
10-22 19:35:35.458 25137 25137 E libpersona: scanKnoxPersonas
10-22 19:35:35.458 25137 25137 E libpersona: Couldn't open the File - /data/system/users/0/personalist.xml - No such file or directory
10-22 19:35:35.460 25137 25137 W SELinux : SELinux selinux_android_compute_policy_index : Policy Index[2],  Con:u:r:zygote:s0 RAM:SEPF_SM-J720F_8.0.0_0002, [-1 -1 -1 -1 0 1]
10-22 19:35:35.460 25137 25137 I SELinux : SELinux: seapp_context_lookup: seinfo=untrusted, level=s0:c512,c768, pkgname=org.mozilla.fenix 
10-22 19:35:35.462  3957  3973 V WindowManager: rotationForOrientationLw(orient=-1, last=0); user=0  sensorRotation=-1 mLidState=-1 mDockMode=0 mHdmiPlugged=false
10-22 19:35:35.466 25126 25126 I com.android.commands.monkey: System.exit called, status: 0
10-22 19:35:35.467 25126 25126 I AndroidRuntime: VM exiting with result code 0.
10-22 19:35:35.467  3957  3973 V WindowManager: rotationForOrientationLw(orient=-1, last=0); user=0  sensorRotation=-1 mLidState=-1 mDockMode=0 mHdmiPlugged=false
10-22 19:35:35.470  4340  4731 D Tile.RotationLockTile:  handleUpdateState: true orientation = true
10-22 19:35:35.474  4340  4731 D Tile.RotationLockTile:  handleUpdateState: true orientation = true
10-22 19:35:35.478  3957  4025 D ViewRootImpl@a5fa6ed[fenix]: setView = DecorView@b7c1fb3[fenix] TM=true MM=false
10-22 19:35:35.480 25137 25137 D TimaKeyStoreProvider: TimaKeyStore is not enabled: cannot add TimaSignature Service and generateKeyPair Service
10-22 19:35:35.480 25137 25137 D ActivityThread: Added TimaKeyStore provider
10-22 19:35:35.482  3957  7899 I ActivityManager: DSS on for org.mozilla.fenix and scale is 1.0
10-22 19:35:35.488  3957  7899 D PersonaManagerService: Current focused persona service handled id set to : 0
10-22 19:35:35.488  3957  7899 D InputDispatcher: Focused application set to: xxxx
10-22 19:35:35.488  3957  4025 D ViewRootImpl@a5fa6ed[fenix]: dispatchAttachedToWindow
10-22 19:35:35.489  3957  7899 D InputDispatcher: Focus left window: 25092
10-22 19:35:35.490  3957  4025 V WindowManager: Relayout Window{7e47922 u0 Splash Screen org.mozilla.fenix}: viewVisibility=0 req=719x1237 WM.LayoutParams{(0,0)(fillxfill) sim=#20 ty=3 fl=#81830118 pfl=0x20011 fmt=-3 wanim=0x10302ea vsysui=0x600 needsMenuKey=2 colorMode=0 naviIconColor=0}
10-22 19:35:35.492  3447  3447 I SurfaceFlinger: id=3424 createSurf (720x1280),1 flag=4, Splash Screen org.mozilla.fenix#0
10-22 19:35:35.493  3957  4025 V Surface : sf_framedrop debug : 0x4f4c, game : false, logging : 0
10-22 19:35:35.495  3957  4025 D ViewRootImpl@a5fa6ed[fenix]: Relayout returned: old=[0,0][0,0] new=[0,0][720,1280] result=0x7 surface={valid=true 501169909760} changed=true
10-22 19:35:35.496  3957  4025 D ViewRootImpl@a5fa6ed[fenix]: MSG_RESIZED_REPORT: frame=Rect(0, 0 - 720, 1280) ci=Rect(0, 42 - 0, 0) vi=Rect(0, 42 - 0, 0) or=1
10-22 19:35:35.496 25092 25092 D ViewRootImpl@4470b6[MainActivity]: MSG_WINDOW_FOCUS_CHANGED 0
10-22 19:35:35.497  3957  4220 D GameManagerService: handleForegroundChange(). pkgName: org.mozilla.fenix, clsName: org.mozilla.fenix.HomeActivity,FgActivityName:org.mozilla.fenix/.HomeActivity
10-22 19:35:35.497  3957  7899 D MARsPolicyManager: onPackageResumedFG pkgName = org.mozilla.fenix, userId = 0
10-22 19:35:35.497  3957  4220 D GameManagerService: sem_perfomance_mode: 3
10-22 19:35:35.497  3957  4220 D GameManagerService: notifyResumePause(). pkg: org.mozilla.fenix, type: 4, isMinimized: false, isTunableApp: false
10-22 19:35:35.497  3957  4220 D GameManagerService:   notifyResumePause(). unexpected mPrevNotiType: -1
10-22 19:35:35.503  3957  6478 D GamePkgDataHelper: getGamePkgDataIncServer(). org.mozilla.fenix
10-22 19:35:35.504  3957  6478 D GameManagerService: identifyGamePackage. org.mozilla.fenix
10-22 19:35:35.505  3957  6478 D GamePkgDataHelper: getGamePkgData(). org.mozilla.fenix
10-22 19:35:35.505  3957  6478 D GameManagerService: identifyGamePackage. org.mozilla.fenix
10-22 19:35:35.505  3957  6478 D GamePkgDataHelper: getGamePkgData(). org.mozilla.fenix
10-22 19:35:35.506  3957  6478 D GamePkgDataHelper: getSosPolicy(). org.mozilla.fenix
10-22 19:35:35.508  3957  6478 D GameManagerService: identifyGamePackage. org.mozilla.fenix
10-22 19:35:35.508  3957  6478 D GamePkgDataHelper: getGamePkgData(). org.mozilla.fenix
10-22 19:35:35.509  3957  6478 D GameManagerService: identifyGamePackage. org.mozilla.fenix
10-22 19:35:35.509  3957  6478 D GamePkgDataHelper: getGamePkgData(). org.mozilla.fenix
10-22 19:35:35.515 25137 25137 I zygote64: no shared libraies, dex_files: 1
10-22 19:35:35.520  3957  4025 V WindowManager: finishDrawingLocked: mDrawState=COMMIT_DRAW_PENDING Window{7e47922 u0 Splash Screen org.mozilla.fenix} in Surface(name=Splash Screen org.mozilla.fenix)
10-22 19:35:35.539  3447  3447 V Surface : sf_framedrop debug : 0x4f4c, game : false, logging : 0
10-22 19:35:35.542 25092 25109 D OpenGLRenderer: eglDestroySurface = 0x74d44afb40
10-22 19:35:35.550  3957  4025 D TaskSnapshotCache: putSnapshot mTaskId=599 RunningCache size=1
10-22 19:35:35.554  3957  7899 V WindowManager: Relayout Window{d6a89c1 u0 com.example.batterymanager_utility/com.example.batterymanager_utility.MainActivity}: viewVisibility=8 req=720x1280 WM.LayoutParams{(0,0)(fillxfill) sim=#120 ty=1 fl=#81810100 pfl=0x20000 wanim=0x10302fd vsysui=0x600 needsMenuKey=2 colorMode=0 naviIconColor=0}
10-22 19:35:35.558  3957  3973 D WindowManager: set systemUiVisibility : systemUiFlags= 0x608 fullscreenStackSysUiFlags= 0x0
10-22 19:35:35.559 25092 25092 D ViewRootImpl@4470b6[MainActivity]: Relayout returned: old=[0,0][720,1280] new=[0,0][720,1280] result=0x5 surface={valid=false 0} changed=true
10-22 19:35:35.564  4340 23471 D SystemServicesProxy: updateOverviewLastStackActiveTimeAsync: newTime=1697996135441
10-22 19:35:35.565  3957  8324 D SecContentProvider: query(), uri = 17 selection = isSettingsChangesAllowed
10-22 19:35:35.565  3957  8324 D SecContentProvider: called from android.uid.systemui:10009
10-22 19:35:35.566  4340  4692 D SystemServicesProxy: updateOverviewLastStackActiveTimeAsync: done.
10-22 19:35:35.567  3957  8324 D PackageManager: getComponentMetadataForIconTray : com.example.batterymanager_utility.MainActivity does not exist in mServices
10-22 19:35:35.567  3957  8324 D PackageManager: getComponentMetadataForIconTray : com.example.batterymanager_utility.MainActivity does not exist in mProviders
10-22 19:35:35.567  3957  8324 D PackageManager: getComponentMetadataForIconTray : com.example.batterymanager_utility.MainActivity does not exist in mReceivers
10-22 19:35:35.567  4340 23471 D ApplicationPackageManager: updateItemMetaDataForFixedIconScale: package: com.example.batterymanager_utility
10-22 19:35:35.567  3957  8324 D PackageManager: getSelectedMetaData : packageName(com.example.batterymanager_utility) or Metadata strings {[Ljava.lang.String;@3bb7c9c}
10-22 19:35:35.568  4340 23471 I ApplicationPackageManager: load=com.example.batterymanager_utility, bg=144-144, dr=189-189, forDefault=true, density=0
10-22 19:35:35.570  4340 23471 I ApplicationPackageManager: scaled rate=0.72, size=189, alpha=54, hold=102
10-22 19:35:35.571  4340 23471 D ApplicationPackageManager: iconScale: getScale(): 0.72 getAlpha(): 54
10-22 19:35:35.572  4340 23471 I ApplicationPackageManager: load=com.example.batterymanager_utility-contain, bg=112-112, dr=189-189
10-22 19:35:35.575  3447  3447 I SurfaceFlinger: Display 0 HWC layers:
10-22 19:35:35.575  3447  3447 I SurfaceFlinger:     type    |    handle    | flag |  format   |   source crop (l,t,r,b)    |         frame       | name 
10-22 19:35:35.575  3447  3447 I SurfaceFlinger: ------------+--------------+------+-----------+----------------------------+---------------------+------
10-22 19:35:35.575  3447  3447 I SurfaceFlinger:      Client |              | 0000 |  Unknown  |  -0.2   -0.2   -0.8   -0.8 |    0    0  720 1280 | animation background stackId=1#0
10-22 19:35:35.575  3447  3447 I SurfaceFlinger:      Client | 0x7e9ec222c0 | 0002 | RGBA_8888 |   0.0    0.0  720.0 1280.0 |    0    0  720 1279 | com.example.batterymanager_utility/c[...]atterymanager_utility.MainActivity#0
10-22 19:35:35.575  3447  3447 I SurfaceFlinger:      Device | 0x7ea5024780 | 0000 | RGBA_8888 |   0.0    0.0  720.0   42.0 |    0    0  720   42 | StatusBar#0
10-22 19:35:35.575  3447  3447 I SurfaceFlinger: 
10-22 19:35:35.605 25137 25137 I FirebaseApp: Device unlocked: initializing all Firebase APIs for app [DEFAULT]
