10-22 19:37:12.227 25092 25391 I BatteryMgr:DataCollectionService: stats => 1697996232227,-18,4160,-57,0,100
10-22 19:37:12.257  3957  4030 D SensorService: [SO] 0.235 -0.124 9.974
10-22 19:37:12.333 25092 25391 I BatteryMgr:DataCollectionService: stats => 1697996232333,-18,4160,-57,0,100
10-22 19:37:12.438 25092 25391 I BatteryMgr:DataCollectionService: stats => 1697996232438,-18,4160,-57,0,100
10-22 19:37:12.526  3957  4128 D WifiService: getConnectionInfo uid=1000
10-22 19:37:12.542 25092 25391 I BatteryMgr:DataCollectionService: stats => 1697996232542,-18,4160,-57,0,100
10-22 19:37:12.554  9273  9310 D ScanRecord: Not a Multi Manu data
10-22 19:37:12.651  9273  9310 I chatty  : uid=1002(bluetooth) BT Service Call identical 130 lines
10-22 19:37:12.651  9273  9310 D ScanRecord: Not a Multi Manu data
10-22 19:37:12.653 25092 25391 I BatteryMgr:DataCollectionService: stats => 1697996232653,-18,4160,-57,0,100
10-22 19:37:12.667  9273  9310 D ScanRecord: Not a Multi Manu data
10-22 19:37:12.716  9273  9310 I chatty  : uid=1002(bluetooth) BT Service Call identical 31 lines
10-22 19:37:12.716  9273  9310 D ScanRecord: Not a Multi Manu data
10-22 19:37:12.758 25092 25391 I BatteryMgr:DataCollectionService: stats => 1697996232757,-18,4160,-57,0,100
10-22 19:37:12.761  9273  9310 D ScanRecord: Not a Multi Manu data
10-22 19:37:12.857  9273  9310 I chatty  : uid=1002(bluetooth) BT Service Call identical 163 lines
10-22 19:37:12.857  9273  9310 D ScanRecord: Not a Multi Manu data
10-22 19:37:12.861 25092 25391 I BatteryMgr:DataCollectionService: stats => 1697996232861,-18,4160,-57,0,100
10-22 19:37:12.886  9273  9310 D ScanRecord: Not a Multi Manu data
10-22 19:37:12.953  9273  9310 I chatty  : uid=1002(bluetooth) BT Service Call identical 141 lines
10-22 19:37:12.953  9273  9310 D ScanRecord: Not a Multi Manu data
10-22 19:37:12.965 25092 25391 I BatteryMgr:DataCollectionService: stats => 1697996232965,-18,4160,-57,0,100
10-22 19:37:12.976  9273  9310 D ScanRecord: Not a Multi Manu data
10-22 19:37:13.043  9273  9310 I chatty  : uid=1002(bluetooth) BT Service Call identical 97 lines
10-22 19:37:13.043  9273  9310 D ScanRecord: Not a Multi Manu data
10-22 19:37:13.065  3957  4129 D WifiStateMachine:  ConnectedState !RSSI_PKTCNT_FETCH uid=1000 rt=602639650/1658615122 0 0 "ourhome" f4:6d:2f:12:cc:88 rssi=-43 f=5240 sc=60 link=433 tx=0.1, 0.0, 0.0  rx=16.5 bcn=592564 [on:0 tx:0 rx:0 period:1000] from screen [on:184972 period:1176733] score=60
10-22 19:37:13.067  3957  4129 D WifiStateMachine:  L2ConnectedState !RSSI_PKTCNT_FETCH uid=1000 rt=602639651/1658615123 0 0 "ourhome" f4:6d:2f:12:cc:88 rssi=-43 f=5240 sc=60 link=433 tx=0.1, 0.0, 0.0  rx=16.5 bcn=592564 [on:0 tx:0 rx:0 period:1] from screen [on:184972 period:1176734] score=60
10-22 19:37:13.069  3957  4129 D WifiStateMachine: fetchRssiLinkSpeedAndFrequencyNative rssi=-46 linkspeed=433 freq=5240
10-22 19:37:13.070  3957  4129 V WifiConfigManager: Updating scan detail cache freq=5240 BSSID=f4:6d:2f:12:cc:88 RSSI=-44 for "ourhome"WPA_PSK
10-22 19:37:13.071 25092 25391 I BatteryMgr:DataCollectionService: stats => 1697996233071,-18,4160,-57,0,100
10-22 19:37:13.175 25092 25391 I BatteryMgr:DataCollectionService: stats => 1697996233175,-18,4160,-57,0,100
10-22 19:37:13.280 25092 25391 I BatteryMgr:DataCollectionService: stats => 1697996233280,-18,4160,-57,0,100
10-22 19:37:13.384 25092 25391 I BatteryMgr:DataCollectionService: stats => 1697996233384,-18,4160,-57,0,100
10-22 19:37:13.488 25092 25391 I BatteryMgr:DataCollectionService: stats => 1697996233488,-18,4160,-57,0,100
10-22 19:37:13.528  3957  4128 D WifiService: getConnectionInfo uid=1000
10-22 19:37:13.593 25092 25391 I BatteryMgr:DataCollectionService: stats => 1697996233593,-18,4160,-57,0,100
10-22 19:37:13.698 25092 25391 I BatteryMgr:DataCollectionService: stats => 1697996233698,-18,4160,-57,0,100
10-22 19:37:13.793 25137 25148 I zygote64: Background concurrent copying GC freed 272059(8MB) AllocSpace objects, 0(0B) LOS objects, 49% free, 6MB/13MB, paused 2.569ms total 171.677ms
10-22 19:37:13.804 25092 25391 I BatteryMgr:DataCollectionService: stats => 1697996233804,-18,4160,-57,0,100
10-22 19:37:13.909 25092 25391 I BatteryMgr:DataCollectionService: stats => 1697996233909,-18,4160,-57,0,100
10-22 19:37:14.014 25092 25391 I BatteryMgr:DataCollectionService: stats => 1697996234014,-18,4160,-57,0,100
10-22 19:37:14.066  3957  4129 D WifiStateMachine:  ConnectedState !RSSI_PKTCNT_FETCH uid=1000 rt=602640651/1658616123 0 0 "ourhome" f4:6d:2f:12:cc:88 rssi=-46 f=5240 sc=60 link=433 tx=0.1, 0.0, 0.0  rx=16.5 bcn=592564 [on:0 tx:0 rx:0 period:1000] from screen [on:184972 period:1177734] score=60
10-22 19:37:14.068  3957  4129 D WifiStateMachine:  L2ConnectedState !RSSI_PKTCNT_FETCH uid=1000 rt=602640652/1658616125 0 0 "ourhome" f4:6d:2f:12:cc:88 rssi=-46 f=5240 sc=60 link=433 tx=0.1, 0.0, 0.0  rx=16.5 bcn=592564 [on:0 tx:0 rx:0 period:1] from screen [on:184972 period:1177735] score=60
10-22 19:37:14.073  3957  4129 D WifiStateMachine: fetchRssiLinkSpeedAndFrequencyNative rssi=-47 linkspeed=433 freq=5240
10-22 19:37:14.074  3957  4129 V WifiConfigManager: Updating scan detail cache freq=5240 BSSID=f4:6d:2f:12:cc:88 RSSI=-45 for "ourhome"WPA_PSK
10-22 19:37:14.107  4961  4961 D io_stats: !@ 179,0 r 10133060 332679564 w 2158405 42257756 d 173847 37253640 f 639963 665419 iot 4632792 3992058 th 51200 0 0 pt 0 inp 0 0 602640.692
10-22 19:37:14.118 25092 25391 I BatteryMgr:DataCollectionService: stats => 1697996234118,-18,4160,-57,0,100
10-22 19:37:14.224 25092 25391 I BatteryMgr:DataCollectionService: stats => 1697996234224,-18,4160,-57,0,100
10-22 19:37:14.327 25092 25391 I BatteryMgr:DataCollectionService: stats => 1697996234327,-18,4160,-57,0,100
10-22 19:37:14.431 25092 25391 I BatteryMgr:DataCollectionService: stats => 1697996234431,-18,4160,-57,0,100
10-22 19:37:14.530  3957  4128 D WifiService: getConnectionInfo uid=1000
10-22 19:37:14.536 25092 25391 I BatteryMgr:DataCollectionService: stats => 1697996234536,-100,4160,-83,0,100
10-22 19:37:14.587  3957  4129 D WifiStateMachine:  ConnectedState !CMD_RSSI_POLL rt=602641172/1658616644 122 0 "ourhome" f4:6d:2f:12:cc:88 rssi=-47 f=5240 sc=60 link=433 tx=0.1, 0.0, 0.0  rx=16.5 bcn=592564 [on:0 tx:0 rx:0 period:520] from screen [on:184972 period:1178255] score=60
10-22 19:37:14.589  3957  4129 D WifiStateMachine:  L2ConnectedState !CMD_RSSI_POLL rt=602641173/1658616645 122 0 "ourhome" f4:6d:2f:12:cc:88 rssi=-47 f=5240 sc=60 link=433 tx=0.1, 0.0, 0.0  rx=16.5 bcn=592564 [on:0 tx:0 rx:0 period:2] from screen [on:184972 period:1178257] score=60
10-22 19:37:14.589  3957  4129 D WifiStateMachine:  get link layer stats 3
10-22 19:37:14.589  3436  3436 I android.hardware.wifi@1.0-service: getLinkLayerStats
10-22 19:37:14.592  3957  4129 D WifiStateMachine: fetchRssiLinkSpeedAndFrequencyNative rssi=-49 linkspeed=433 freq=5240
10-22 19:37:14.592  3957  4129 V WifiConfigManager: Updating scan detail cache freq=5240 BSSID=f4:6d:2f:12:cc:88 RSSI=-47 for "ourhome"WPA_PSK
10-22 19:37:14.595  4340  4340 E SignalClusterView: setSlotFocusVisible : subId -2
10-22 19:37:14.595  4340  4340 E SignalClusterView: setSlotFocusVisible : subId -2
10-22 19:37:14.641 25092 25391 I BatteryMgr:DataCollectionService: stats => 1697996234641,-100,4160,-83,0,100
10-22 19:37:14.745 25092 25391 I BatteryMgr:DataCollectionService: stats => 1697996234745,-100,4160,-83,0,100
10-22 19:37:14.850 25092 25391 I BatteryMgr:DataCollectionService: stats => 1697996234850,-100,4160,-83,0,100
10-22 19:37:14.955 25092 25391 I BatteryMgr:DataCollectionService: stats => 1697996234955,-100,4160,-83,0,100
10-22 19:37:14.991  3957 14904 D BatteryService: !@BatteryListener : batteryPropertiesChanged!
10-22 19:37:15.058 25092 25391 I BatteryMgr:DataCollectionService: stats => 1697996235058,-100,4160,-83,0,100
10-22 19:37:15.066  3957  4129 D WifiStateMachine:  ConnectedState !RSSI_PKTCNT_FETCH uid=1000 rt=602641651/1658617123 0 0 "ourhome" f4:6d:2f:12:cc:88 rssi=-49 f=5240 sc=60 link=433 tx=0.7, 0.0, 0.0  rx=32.0 bcn=592592 [on:0 tx:0 rx:0 period:471] from screen [on:185719 period:1178734] score=60
10-22 19:37:15.067  3957  4129 D WifiStateMachine:  L2ConnectedState !RSSI_PKTCNT_FETCH uid=1000 rt=602641652/1658617125 0 0 "ourhome" f4:6d:2f:12:cc:88 rssi=-49 f=5240 sc=60 link=433 tx=0.7, 0.0, 0.0  rx=32.0 bcn=592592 [on:0 tx:0 rx:0 period:1] from screen [on:185719 period:1178735] score=60
10-22 19:37:15.073  3957  4129 D WifiStateMachine: fetchRssiLinkSpeedAndFrequencyNative rssi=-47 linkspeed=433 freq=5240
10-22 19:37:15.073  3957  4129 V WifiConfigManager: Updating scan detail cache freq=5240 BSSID=f4:6d:2f:12:cc:88 RSSI=-47 for "ourhome"WPA_PSK
10-22 19:37:15.164 25092 25391 I BatteryMgr:DataCollectionService: stats => 1697996235164,-100,4160,-83,0,100
10-22 19:37:15.267 25092 25391 I BatteryMgr:DataCollectionService: stats => 1697996235267,-100,4160,-83,0,100
10-22 19:37:15.373 25092 25391 I BatteryMgr:DataCollectionService: stats => 1697996235373,-100,4160,-83,0,100
10-22 19:37:15.477 25092 25391 I BatteryMgr:DataCollectionService: stats => 1697996235477,-100,4160,-83,0,100
10-22 19:37:15.533  3957  4128 D WifiService: getConnectionInfo uid=1000
10-22 19:37:15.584 25092 25391 I BatteryMgr:DataCollectionService: stats => 1697996235584,-100,4160,-83,0,100
10-22 19:37:15.690 25092 25391 I BatteryMgr:DataCollectionService: stats => 1697996235690,-100,4160,-83,0,100
10-22 19:37:15.794 25092 25391 I BatteryMgr:DataCollectionService: stats => 1697996235794,-100,4160,-83,0,100
10-22 19:37:15.898 25092 25391 I BatteryMgr:DataCollectionService: stats => 1697996235898,-100,4160,-83,0,100
10-22 19:37:15.915  3957  4416 E Watchdog: !@Sync 20080 [2023-10-22 19:37:15.915]
10-22 19:37:16.003 25092 25391 I BatteryMgr:DataCollectionService: stats => 1697996236003,-100,4160,-83,0,100
10-22 19:37:16.067  3957  4129 D WifiStateMachine:  ConnectedState !RSSI_PKTCNT_FETCH uid=1000 rt=602642652/1658618125 0 0 "ourhome" f4:6d:2f:12:cc:88 rssi=-47 f=5240 sc=60 link=433 tx=0.7, 0.0, 0.0  rx=32.0 bcn=592592 [on:0 tx:0 rx:0 period:1000] from screen [on:185719 period:1179735] score=60
10-22 19:37:16.068  3957  4129 D WifiStateMachine:  L2ConnectedState !RSSI_PKTCNT_FETCH uid=1000 rt=602642653/1658618125 0 0 "ourhome" f4:6d:2f:12:cc:88 rssi=-47 f=5240 sc=60 link=433 tx=0.7, 0.0, 0.0  rx=32.0 bcn=592592 [on:0 tx:0 rx:0 period:1] from screen [on:185719 period:1179736] score=60
10-22 19:37:16.074  3957  4129 D WifiStateMachine: fetchRssiLinkSpeedAndFrequencyNative rssi=-46 linkspeed=433 freq=5240
10-22 19:37:16.074  3957  4129 V WifiConfigManager: Updating scan detail cache freq=5240 BSSID=f4:6d:2f:12:cc:88 RSSI=-46 for "ourhome"WPA_PSK
10-22 19:37:16.108 25092 25391 I BatteryMgr:DataCollectionService: stats => 1697996236108,-100,4160,-83,0,100
10-22 19:37:16.213 25092 25391 I BatteryMgr:DataCollectionService: stats => 1697996236213,-100,4160,-83,0,100
10-22 19:37:16.316 25092 25391 I BatteryMgr:DataCollectionService: stats => 1697996236316,-100,4160,-83,0,100
10-22 19:37:16.425 25092 25391 I BatteryMgr:DataCollectionService: stats => 1697996236425,-100,4160,-83,0,100
10-22 19:37:16.530 25092 25391 I BatteryMgr:DataCollectionService: stats => 1697996236530,-100,4160,-83,0,100
10-22 19:37:16.535  3957  4128 D WifiService: getConnectionInfo uid=1000
10-22 19:37:16.634 25092 25391 I BatteryMgr:DataCollectionService: stats => 1697996236634,-100,4160,-83,0,100
10-22 19:37:16.740 25092 25391 I BatteryMgr:DataCollectionService: stats => 1697996236740,-100,4160,-83,0,100
10-22 19:37:16.844 25092 25391 I BatteryMgr:DataCollectionService: stats => 1697996236844,-100,4160,-83,0,100
10-22 19:37:16.947 25092 25391 I BatteryMgr:DataCollectionService: stats => 1697996236947,-100,4160,-83,0,100
10-22 19:37:17.052 25092 25391 I BatteryMgr:DataCollectionService: stats => 1697996237052,-100,4160,-83,0,100
10-22 19:37:17.069  3957  4129 D WifiStateMachine:  ConnectedState !RSSI_PKTCNT_FETCH uid=1000 rt=602643654/1658619126 0 0 "ourhome" f4:6d:2f:12:cc:88 rssi=-46 f=5240 sc=60 link=433 tx=0.7, 0.0, 0.0  rx=32.0 bcn=592592 [on:0 tx:0 rx:0 period:1001] from screen [on:185719 period:1180737] score=60
10-22 19:37:17.071  3957  4129 D WifiStateMachine:  L2ConnectedState !RSSI_PKTCNT_FETCH uid=1000 rt=602643655/1658619128 0 0 "ourhome" f4:6d:2f:12:cc:88 rssi=-46 f=5240 sc=60 link=433 tx=0.7, 0.0, 0.0  rx=32.0 bcn=592592 [on:0 tx:0 rx:0 period:1] from screen [on:185719 period:1180738] score=60
10-22 19:37:17.075  3957  4129 D WifiStateMachine: fetchRssiLinkSpeedAndFrequencyNative rssi=-45 linkspeed=433 freq=5240
10-22 19:37:17.075  3957  4129 V WifiConfigManager: Updating scan detail cache freq=5240 BSSID=f4:6d:2f:12:cc:88 RSSI=-45 for "ourhome"WPA_PSK
10-22 19:37:17.106 11094 11094 E adbd    : recv: OPEN 000330a1 00000000 0042:73 68 65 6C 6C 2C 76 32 2C 54 45 52 4D 3D 78 74 65 72 6D 2D 32 35 36 63 6F 6C 6F 72 2C 72 61 77 3A 67 65 74 70 72 6F 70 20 72 6F 2E 62 75 69 6C 64 2E 76 65 72 73 69 6F 6E 2E 72 65 6C 65 61 73 65 00 
10-22 19:37:17.107 11094 11094 E adbd    : service_to_fd: shell,v2,TERM=xterm-256color,raw:getprop ro.build.version.release
10-22 19:37:17.156 25092 25391 I BatteryMgr:DataCollectionService: stats => 1697996237156,-100,4160,-83,0,100
10-22 19:37:17.168 11094 11094 E adbd    : recv: OPEN 000330a5 00000000 003e:73 68 65 6C 6C 2C 76 32 2C 54 45 52 4D 3D 78 74 65 72 6D 2D 32 35 36 63 6F 6C 6F 72 2C 72 61 77 3A 67 65 74 70 72 6F 70 20 72 6F 2E 62 75 69 6C 64 2E 76 65 72 73 69 6F 6E 2E 73 64 6B 00 
10-22 19:37:17.168 11094 11094 E adbd    : service_to_fd: shell,v2,TERM=xterm-256color,raw:getprop ro.build.version.sdk
10-22 19:37:17.218 11094 11094 E adbd    : recv: OPEN 000330a9 00000000 008c:73 68 65 6C 6C 2C 76 32 2C 54 45 52 4D 3D 78 74 65 72 6D 2D 32 35 36 63 6F 6C 6F 72 2C 72 61 77 3A 61 6D 20 73 74 6F 70 73 65 72 76 69 63 65 20 63 6F 6D 2E 65 78 61 6D 70 6C 65 2E 62 61 74 74 65 72 79 6D 61 6E 61 67 65 72 5F 75 74 69 6C 69 74 79 2F 63 6F 6D 2E 65 78 61 6D 70 6C 65 2E 62 61 74 74 65 72 79 6D 61 6E 61 67 65 72 5F 75 74 69 6C 69 74 79 2E 44 61 74 61 43 6F 6C 6C 65 63 74 69 6F 6E 53 65 72 76 69 63 65 00 
10-22 19:37:17.218 11094 11094 E adbd    : service_to_fd: shell,v2,TERM=xterm-256color,raw:am stopservice com.example.batterymanager_utility/com.example.batterymanager_utility.DataCollectionService
10-22 19:37:17.260 25092 25391 I BatteryMgr:DataCollectionService: stats => 1697996237260,-100,4160,-83,0,100
10-22 19:37:17.292  3957  3957 I EasyMuteController: UnRegister failed. no registered
10-22 19:37:17.293  3957  3957 D LightsService: [api] [SvcLED] turnOff:: id = 4 (uid: 1000 pid: 3957) 
10-22 19:37:17.293  3957  3957 D LightsService: [api] [SvcLED] LED indicator : Not supported.
10-22 19:37:17.297  3957 10037 D Notification: allPendingIntents
10-22 19:37:17.297  3957  7899 D Notification: allPendingIntents
10-22 19:37:17.316  3957  3972 D ApplicationPolicy: isStatusBarNotificationAllowedAsUser: packageName = android,userId = 0
10-22 19:37:17.317  3957  3972 D API test: getContainerInfo: value is 
10-22 19:37:17.317  3957  3972 D ApplicationPolicy: isStatusBarNotificationAllowedAsUser: packageName = android,userId = 0
10-22 19:37:17.317  3957  3972 D API test: getContainerInfo: value is 
10-22 19:37:17.319  3957  3972 E NotificationService: Suppressing notification from package by user request.
10-22 19:37:17.326  4340  4340 D KeyguardUpdateMonitor: handleStatusBarState( false )
10-22 19:37:17.330 11094 11094 E adbd    : recv: OPEN 000330ad 00000000 0076:73 68 65 6C 6C 2C 76 32 2C 54 45 52 4D 3D 78 74 65 72 6D 2D 32 35 36 63 6F 6C 6F 72 2C 72 61 77 3A 64 75 6D 70 73 79 73 20 61 63 74 69 76 69 74 79 20 72 65 63 65 6E 74 73 20 7C 20 67 72 65 70 20 22 52 65 63 65 6E 74 20 23 30 22 20 7C 20 63 75 74 20 2D 64 20 22 3D 22 20 2D 66 32 20 7C 20 67 72 65 70 20 2D 6F 20 2D 70 20 22 5B 61 2D 7A 7C 2E 5D 2A 22 00 
10-22 19:37:17.331 11094 11094 E adbd    : service_to_fd: shell,v2,TERM=xterm-256color,raw:dumpsys activity recents | grep "Recent #0" | cut -d "=" -f2 | grep -o -p "[a-z|.]*"
10-22 19:37:17.407 11094 11094 E adbd    : recv: OPEN 000330b1 00000000 0042:73 68 65 6C 6C 2C 76 32 2C 54 45 52 4D 3D 78 74 65 72 6D 2D 32 35 36 63 6F 6C 6F 72 2C 72 61 77 3A 67 65 74 70 72 6F 70 20 72 6F 2E 62 75 69 6C 64 2E 76 65 72 73 69 6F 6E 2E 72 65 6C 65 61 73 65 00 
10-22 19:37:17.407 11094 11094 E adbd    : service_to_fd: shell,v2,TERM=xterm-256color,raw:getprop ro.build.version.release
10-22 19:37:17.458 11094 11094 E adbd    : recv: OPEN 000330b5 00000000 003e:73 68 65 6C 6C 2C 76 32 2C 54 45 52 4D 3D 78 74 65 72 6D 2D 32 35 36 63 6F 6C 6F 72 2C 72 61 77 3A 67 65 74 70 72 6F 70 20 72 6F 2E 62 75 69 6C 64 2E 76 65 72 73 69 6F 6E 2E 73 64 6B 00 
10-22 19:37:17.458 11094 11094 E adbd    : service_to_fd: shell,v2,TERM=xterm-256color,raw:getprop ro.build.version.sdk
10-22 19:37:17.512 11094 11094 E adbd    : recv: OPEN 000330b9 00000000 0041:73 68 65 6C 6C 2C 76 32 2C 54 45 52 4D 3D 78 74 65 72 6D 2D 32 35 36 63 6F 6C 6F 72 2C 72 61 77 3A 61 6D 20 66 6F 72 63 65 2D 73 74 6F 70 20 6F 72 67 2E 6D 6F 7A 69 6C 6C 61 2E 66 65 6E 69 78 00 
10-22 19:37:17.512 11094 11094 E adbd    : service_to_fd: shell,v2,TERM=xterm-256color,raw:am force-stop org.mozilla.fenix
10-22 19:37:17.537  3957  4128 D WifiService: getConnectionInfo uid=1000
10-22 19:37:17.554  9273  9310 D ScanRecord: Not a Multi Manu data
10-22 19:37:17.576  9273  9310 I chatty  : uid=1002(bluetooth) BT Service Call identical 31 lines
10-22 19:37:17.576  9273  9310 D ScanRecord: Not a Multi Manu data
10-22 19:37:17.582  3957  7899 I ActivityManager: Force stopping org.mozilla.fenix appid=10169 user=0: from pid 25672
10-22 19:37:17.583  3957  7899 I ActivityManager: Killing 25220:org.mozilla.fenix:tab10/u0a169 (adj 0): stop org.mozilla.fenix,from pid 25672
10-22 19:37:17.584  3957  7899 W ActivityManager: Scheduling restart of crashed service org.mozilla.fenix/org.mozilla.gecko.process.GeckoChildProcessServices$tab10 in 1000ms
10-22 19:37:17.590  3957  7899 I ActivityManager: Killing 25455:org.mozilla.fenix:tab11/u0a169 (adj 0): stop org.mozilla.fenix,from pid 25672
10-22 19:37:17.591  3957  7899 W ActivityManager: Scheduling restart of crashed service org.mozilla.fenix/org.mozilla.gecko.process.GeckoChildProcessServices$tab11 in 10993ms
10-22 19:37:17.594  3957  4129 D WifiStateMachine:  ConnectedState !CMD_RSSI_POLL rt=602644178/1658619651 122 0 "ourhome" f4:6d:2f:12:cc:88 rssi=-45 f=5240 sc=60 link=433 tx=0.7, 0.0, 0.0  rx=32.0 bcn=592592 [on:0 tx:0 rx:0 period:524] from screen [on:185719 period:1181262] score=60
10-22 19:37:17.595  3957  7899 I ActivityManager: Killing 25137:org.mozilla.fenix/u0a169 (adj 0): stop org.mozilla.fenix,from pid 25672
10-22 19:37:17.595  3957  4129 D WifiStateMachine:  L2ConnectedState !CMD_RSSI_POLL rt=602644180/1658619652 122 0 "ourhome" f4:6d:2f:12:cc:88 rssi=-45 f=5240 sc=60 link=433 tx=0.7, 0.0, 0.0  rx=32.0 bcn=592592 [on:0 tx:0 rx:0 period:1] from screen [on:185719 period:1181263] score=60
10-22 19:37:17.595  3957  4129 D WifiStateMachine:  get link layer stats 3
10-22 19:37:17.596  3436  3436 I android.hardware.wifi@1.0-service: getLinkLayerStats
10-22 19:37:17.598  9273  9310 D ScanRecord: Not a Multi Manu data
10-22 19:37:17.599  9273  9310 I chatty  : uid=1002(bluetooth) BT Service Call identical 20 lines
10-22 19:37:17.599  9273  9310 D ScanRecord: Not a Multi Manu data
10-22 19:37:17.600 25531 25531 I ServiceChildProcess: Destroying GeckoServiceChildProcess
10-22 19:37:17.602  3957  4129 D WifiStateMachine: fetchRssiLinkSpeedAndFrequencyNative rssi=-48 linkspeed=433 freq=5240
10-22 19:37:17.602  3957  4129 V WifiConfigManager: Updating scan detail cache freq=5240 BSSID=f4:6d:2f:12:cc:88 RSSI=-46 for "ourhome"WPA_PSK
10-22 19:37:17.602  3957  7899 W ActivityManager: Force removing ActivityRecord{1cc8d4a u0 org.mozilla.fenix/.App t600}: app died, no saved state
10-22 19:37:17.602 25282 25282 I ServiceChildProcess: Destroying GeckoServiceChildProcess
10-22 19:37:17.603  9273  9310 D ScanRecord: Not a Multi Manu data
10-22 19:37:17.603  9273  9310 I chatty  : uid=1002(bluetooth) BT Service Call identical 9 lines
10-22 19:37:17.603  9273  9310 D ScanRecord: Not a Multi Manu data
10-22 19:37:17.604 25531 25531 I zygote64: System.exit called, status: 0
10-22 19:37:17.604 25531 25531 I AndroidRuntime: VM exiting with result code 0, cleanup skipped.
10-22 19:37:17.611  3957  7899 D InputDispatcher: Focus left window: 25137
10-22 19:37:17.613  9273  9310 D ScanRecord: Not a Multi Manu data
10-22 19:37:17.616  9273  9310 I chatty  : uid=1002(bluetooth) BT Service Call identical 31 lines
10-22 19:37:17.616  9273  9310 D ScanRecord: Not a Multi Manu data
10-22 19:37:17.627  3447  3447 V Surface : sf_framedrop debug : 0x4f4c, game : false, logging : 0
10-22 19:37:17.628 25282 25282 I zygote64: System.exit called, status: 0
10-22 19:37:17.628  9273  9310 D ScanRecord: Not a Multi Manu data
10-22 19:37:17.628  9273  9310 D ScanRecord: Not a Multi Manu data
10-22 19:37:17.629  9273  9310 I chatty  : uid=1002(bluetooth) BT Service Call identical 8 lines
10-22 19:37:17.629  9273  9310 D ScanRecord: Not a Multi Manu data
10-22 19:37:17.629 25282 25282 I AndroidRuntime: VM exiting with result code 0, cleanup skipped.
10-22 19:37:17.639  9273  9310 D ScanRecord: Not a Multi Manu data
10-22 19:37:17.639  9273  9310 I chatty  : uid=1002(bluetooth) BT Service Call identical 9 lines
10-22 19:37:17.639  9273  9310 D ScanRecord: Not a Multi Manu data
10-22 19:37:17.644  3957  7899 D TaskSnapshotCache: putSnapshot mTaskId=600 RunningCache size=2
10-22 19:37:17.645  3957  7899 D TaskSnapshotCache: removeRunningEntry taskId=600 RunningCache size=1
10-22 19:37:17.645  3957  7899 D InputDispatcher: Focused application released
10-22 19:37:17.650  9273  9310 D ScanRecord: Not a Multi Manu data
10-22 19:37:17.650  9273  9310 I chatty  : uid=1002(bluetooth) BT Service Call identical 9 lines
10-22 19:37:17.650  9273  9310 D ScanRecord: Not a Multi Manu data
10-22 19:37:17.650  3957  7899 D CustomFrequencyManagerService: acquireDVFSLockLocked : type : DVFS_MIN_LIMIT  frequency : 1560000  uid : 1000  pid : 3957  pkgName : AMS_ACT_RESUME@CPU_MIN@74
10-22 19:37:17.652  3957  4324 I OpenGLRenderer: Initialized EGL, version 1.4
10-22 19:37:17.652  3957  4324 D OpenGLRenderer: Swap behavior 2
10-22 19:37:17.652  3957  7899 D ActivityManagerPerformance: AMP_acquire() ACT_RESUME
10-22 19:37:17.653  3957  7899 D ActivityManager: isScaleDownAnimationEnabled() : false
10-22 19:37:17.654  3957  7899 D PersonaManagerService: Current focused persona service handled id set to : 0
10-22 19:37:17.654  3957  7899 D InputDispatcher: Focused application set to: xxxx
10-22 19:37:17.657  9273  9310 D ScanRecord: Not a Multi Manu data
10-22 19:37:17.660  3957  7899 V WindowManager: rotationForOrientationLw(orient=-1, last=0); user=0  sensorRotation=-1 mLidState=-1 mDockMode=0 mHdmiPlugged=false
10-22 19:37:17.662  9273  9310 I chatty  : uid=1002(bluetooth) BT Service Call identical 31 lines
10-22 19:37:17.662  9273  9310 D ScanRecord: Not a Multi Manu data
10-22 19:37:17.664  3957  4220 D GameManagerService: handleForegroundChange(). pkgName: com.example.batterymanager_utility, clsName: com.example.batterymanager_utility.MainActivity,FgActivityName:com.example.batterymanager_utility/.MainActivity
10-22 19:37:17.664  3957  7899 D MARsPolicyManager: onPackageResumedFG pkgName = com.example.batterymanager_utility, userId = 0
10-22 19:37:17.665  3957  4220 D GameManagerService: sem_perfomance_mode: 3
10-22 19:37:17.665  3957  4220 D GameManagerService: notifyResumePause(). pkg: com.example.batterymanager_utility, type: 4, isMinimized: false, isTunableApp: false
10-22 19:37:17.665  3957  4220 D GameManagerService:   notifyResumePause(). unexpected mPrevNotiType: -1
10-22 19:37:17.670  3957  7899 I ActivityManager: Killing 25282:org.mozilla.fenix:gpu/u0a169 (adj 0): stop org.mozilla.fenix,from pid 25672
10-22 19:37:17.675  3957  7899 I ActivityManager: Killing 25531:org.mozilla.fenix:utility/u0a169 (adj 0): stop org.mozilla.fenix,from pid 25672
10-22 19:37:17.678  3957 10037 V WindowManager: Relayout Window{d6a89c1 u0 com.example.batterymanager_utility/com.example.batterymanager_utility.MainActivity}: viewVisibility=4 req=720x1280 WM.LayoutParams{(0,0)(fillxfill) sim=#120 ty=1 fl=#81810100 pfl=0x20000 wanim=0x10302fd vsysui=0x600 needsMenuKey=2 colorMode=0 naviIconColor=0}
10-22 19:37:17.685 25092 25092 D ViewRootImpl@4470b6[MainActivity]: Relayout returned: old=[0,0][720,1280] new=[0,0][720,1280] result=0x1 surface={valid=false 0} changed=false
10-22 19:37:17.688  3957  4554 W ActivityManager: Spurious death for ProcessRecord{d6ad9c0 0:org.mozilla.fenix:utility/u0a169}, curProc for 25531: null
10-22 19:37:17.688  3957  3973 W Looper  : Dispatch took 104ms on android.ui, h=Handler (com.android.server.am.ActivityManagerService$UiHandler) {84f2c15} cb=null msg=32
10-22 19:37:17.691  9273  9310 D ScanRecord: Not a Multi Manu data
10-22 19:37:17.693  3957  3957 D SamsungAlarmManager: Remove alarm for next reason : android.intent.action.PACKAGE_RESTARTED : package: org.mozilla.fenix
10-22 19:37:17.694  9273  9310 I chatty  : uid=1002(bluetooth) BT Service Call identical 20 lines
10-22 19:37:17.694  9273  9310 D ScanRecord: Not a Multi Manu data
10-22 19:37:17.701  3957  3972 W BroadcastQueue: Background execution not allowed: receiving Intent { act=android.intent.action.PACKAGE_RESTARTED dat=package:org.mozilla.fenix flg=0x10 (has extras) } to android/com.kddi.android.CpaNotiReceiver
10-22 19:37:17.702  4340  4340 E SignalClusterView: setSlotFocusVisible : subId -2
10-22 19:37:17.702  4340  4340 E SignalClusterView: setSlotFocusVisible : subId -2
10-22 19:37:17.703  4616  4616 D CarrierSvcBindHelper: No carrier app for: 0
10-22 19:37:17.704  4616  4616 D CarrierSvcBindHelper: No carrier app for: 1
10-22 19:37:17.704  3957  3972 W BroadcastQueue: Background execution not allowed: receiving Intent { act=android.intent.action.PACKAGE_RESTARTED dat=package:org.mozilla.fenix flg=0x10 (has extras) } to com.sec.android.daemonapp/com.samsung.android.weather.daemon.receiver.ClearDataReceiver
10-22 19:37:17.707  3957  6478 D GamePkgDataHelper: getGamePkgDataIncServer(). com.example.batterymanager_utility
10-22 19:37:17.709  3957  6478 D GameManagerService: identifyGamePackage. com.example.batterymanager_utility
10-22 19:37:17.709  3957  6478 D GamePkgDataHelper: getGamePkgData(). com.example.batterymanager_utility
10-22 19:37:17.709  3957  6478 D GameManagerService: identifyGamePackage. com.example.batterymanager_utility
10-22 19:37:17.710  3957  6478 D GamePkgDataHelper: getGamePkgData(). com.example.batterymanager_utility
10-22 19:37:17.710  3957  6478 D GamePkgDataHelper: getSosPolicy(). com.example.batterymanager_utility
10-22 19:37:17.711  3957 10037 D ActivityManager: post active user change for 0 fullscreen true isHomeActivity() false
10-22 19:37:17.712  3957  6478 D WifiService: getConnectionInfo uid=1000
10-22 19:37:17.714  3957  6478 D GameManagerService: identifyGamePackage. com.example.batterymanager_utility
10-22 19:37:17.714  3957  6478 D GamePkgDataHelper: getGamePkgData(). com.example.batterymanager_utility
10-22 19:37:17.715  3957  3957 I SamsungAlarmManager: setLocked to kernel - T:2 / 20231022T194839, SetElapsed=1659301557, nowELAPSED=1658619773
10-22 19:37:17.715  3957  3957 D SamsungAlarmManager: setInexact Listener (T:2/F:0/AC:false) 20231022T194025 - CU:1000/CP:3957
10-22 19:37:17.715  3957  3957 I SamsungAlarmManager: setLocked to kernel - T:2 / 20231022T194025, SetElapsed=1658807520, nowELAPSED=1658619773
10-22 19:37:17.716  3957  3957 D SamsungAlarmManager: setInexact Listener (T:2/F:0/AC:false) 20231022T194525 - CU:1000/CP:3957
10-22 19:37:17.717  9273  9310 D ScanRecord: Not a Multi Manu data
10-22 19:37:17.717  3957 12007 V WindowManager: Relayout Window{d6a89c1 u0 com.example.batterymanager_utility/com.example.batterymanager_utility.MainActivity}: viewVisibility=0 req=720x1280 WM.LayoutParams{(0,0)(fillxfill) sim=#120 ty=1 fl=#81810100 pfl=0x20000 wanim=0x10302fd vsysui=0x600 needsMenuKey=2 colorMode=0 naviIconColor=0}
10-22 19:37:17.718  3957  3957 I SamsungAlarmManager: setLocked to kernel - T:2 / 20231022T194839, SetElapsed=1659301557, nowELAPSED=1658619776
10-22 19:37:17.718  3957  3957 D SamsungAlarmManager: setInexact Listener (T:2/F:0/AC:false) 20231022T194025 - CU:1000/CP:3957
10-22 19:37:17.718  3957  3957 I SamsungAlarmManager: setLocked to kernel - T:2 / 20231022T194025, SetElapsed=1658807520, nowELAPSED=1658619776
10-22 19:37:17.719  3957  6478 D GameManagerService: identifyGamePackage. com.example.batterymanager_utility
10-22 19:37:17.719  3957  6478 D GamePkgDataHelper: getGamePkgData(). com.example.batterymanager_utility
10-22 19:37:17.719  9273  9310 I chatty  : uid=1002(bluetooth) BT Service Call identical 20 lines
10-22 19:37:17.720  9273  9310 D ScanRecord: Not a Multi Manu data
10-22 19:37:17.720  3957  3957 D SamsungAlarmManager: setInexact Listener (T:2/F:0/AC:false) 20231022T194525 - CU:1000/CP:3957
10-22 19:37:17.720  3447  3447 I SurfaceFlinger: id=3428 createSurf (720x1280),1 flag=404, com.example.batterymanager_utility/com.example.batterymanager_utility.MainActivity#0
10-22 19:37:17.721  3957 12007 V Surface : sf_framedrop debug : 0x4f4c, game : false, logging : 0
10-22 19:37:17.722  3957  3957 I SamsungAlarmManager: setLocked to kernel - T:2 / 20231022T194839, SetElapsed=1659301557, nowELAPSED=1658619780
10-22 19:37:17.722  3957  3957 D SamsungAlarmManager: setInexact Listener (T:2/F:0/AC:false) 20231022T194025 - CU:1000/CP:3957
10-22 19:37:17.722  3957  3957 I SamsungAlarmManager: setLocked to kernel - T:2 / 20231022T194025, SetElapsed=1658807520, nowELAPSED=1658619780
10-22 19:37:17.722  3957  3973 D WindowManager: set systemUiVisibility : systemUiFlags= 0x608 fullscreenStackSysUiFlags= 0x0
10-22 19:37:17.723  3957  3957 D SamsungAlarmManager: setInexact Listener (T:2/F:0/AC:false) 20231022T194525 - CU:1000/CP:3957
10-22 19:37:17.723  4340  4884 D SystemServicesProxy: updateOverviewLastStackActiveTimeAsync: newTime=1697996135490
10-22 19:37:17.725  9273  9310 D ScanRecord: Not a Multi Manu data
10-22 19:37:17.725  3957  3957 I SamsungAlarmManager: setLocked to kernel - T:2 / 20231022T194839, SetElapsed=1659301557, nowELAPSED=1658619783
10-22 19:37:17.725  9273  9310 I chatty  : uid=1002(bluetooth) BT Service Call identical 9 lines
10-22 19:37:17.725  9273  9310 D ScanRecord: Not a Multi Manu data
10-22 19:37:17.725  3957  3957 D SamsungAlarmManager: setInexact Listener (T:2/F:0/AC:false) 20231022T194025 - CU:1000/CP:3957
10-22 19:37:17.725  3957  3957 I SamsungAlarmManager: setLocked to kernel - T:2 / 20231022T194025, SetElapsed=1658807520, nowELAPSED=1658619783
10-22 19:37:17.725  3957 14904 D SecContentProvider: query(), uri = 17 selection = isSettingsChangesAllowed
10-22 19:37:17.726  3957 14904 D SecContentProvider: called from android.uid.systemui:10009
10-22 19:37:17.726  3957 12007 D InputDispatcher: Focus entered window: 25092
10-22 19:37:17.727  4340  4692 D SystemServicesProxy: updateOverviewLastStackActiveTimeAsync: done.
10-22 19:37:17.728 25092 25092 V Surface : sf_framedrop debug : 0x4f4c, game : false, logging : 0
10-22 19:37:17.730  3957  3957 D SamsungAlarmManager: setInexact Listener (T:2/F:0/AC:false) 20231022T194525 - CU:1000/CP:3957
10-22 19:37:17.730 25092 25092 D ViewRootImpl@4470b6[MainActivity]: Relayout returned: old=[0,0][720,1280] new=[0,0][720,1280] result=0x7 surface={valid=true 501741748224} changed=true
10-22 19:37:17.731  3957 10037 D WindowManager: adjustSystemUiVisibilityLw : vis= 0x608
10-22 19:37:17.734  3957 12007 D PackageManager: getComponentMetadataForIconTray : org.mozilla.fenix.HomeActivity does not exist in mServices
10-22 19:37:17.734  3957 12007 D PackageManager: getComponentMetadataForIconTray : org.mozilla.fenix.HomeActivity does not exist in mProviders
10-22 19:37:17.734  3957 12007 D PackageManager: getComponentMetadataForIconTray : org.mozilla.fenix.HomeActivity does not exist in mReceivers
10-22 19:37:17.735  4340  4884 D ApplicationPackageManager: updateItemMetaDataForFixedIconScale: package: org.mozilla.fenix
10-22 19:37:17.736  3957 12007 D PackageManager: getSelectedMetaData : packageName(org.mozilla.fenix) or Metadata strings {[Ljava.lang.String;@72ce63e}
10-22 19:37:17.736  4340  4884 I ApplicationPackageManager: return adaptive icon for org.mozilla.fenix
10-22 19:37:17.741  9273  9310 D ScanRecord: Not a Multi Manu data
10-22 19:37:17.741  9273  9310 I chatty  : uid=1002(bluetooth) BT Service Call identical 9 lines
10-22 19:37:17.741  9273  9310 D ScanRecord: Not a Multi Manu data
10-22 19:37:17.742 25092 25109 D mali_winsys: EGLint new_window_surface(egl_winsys_display *, void *, EGLSurface, EGLConfig, egl_winsys_surface **, egl_color_buffer_format *, EGLBoolean) returns 0x3000,  [720x1280]-format:1
10-22 19:37:17.742 25092 25109 D OpenGLRenderer: eglCreateWindowSurface = 0x74d44afc00
10-22 19:37:17.746 25092 25092 D ViewRootImpl@4470b6[MainActivity]: MSG_WINDOW_FOCUS_CHANGED 1
10-22 19:37:17.746  3957  4083 W InputDispatcher: channel ~ Consumer closed input channel or an error occurred.  events=0x9
10-22 19:37:17.746  9273  9310 D ScanRecord: Not a Multi Manu data
10-22 19:37:17.746  9273  9310 D ScanRecord: Not a Multi Manu data
10-22 19:37:17.746  3957  4083 E InputDispatcher: channel ~ Channel is unrecoverably broken and will be disposed!
10-22 19:37:17.746  9273  9310 D ScanRecord: Not a Multi Manu data
10-22 19:37:17.746  9273  9310 I chatty  : uid=1002(bluetooth) BT Service Call identical 7 lines
10-22 19:37:17.746  9273  9310 D ScanRecord: Not a Multi Manu data
10-22 19:37:17.747  3957 10037 D ConnectivityService: ConnectivityService NetworkRequestInfo binderDied(NetworkRequest [ TRACK_DEFAULT id=2309, [ Capabilities: INTERNET&NOT_RESTRICTED&TRUSTED&NOT_VPN] ], android.os.BinderProxy@e391c9f)
10-22 19:37:17.748  8846  8846 D InputEventReceiver: channel 'ClientState{deff8df uid 10169 pid 25137} (client)' ~ Disposing input event receiver.
10-22 19:37:17.748  8846  8846 D InputEventReceiver: channel 'ClientState{deff8df uid 10169 pid 25137} (client)' ~NativeInputEventReceiver.
10-22 19:37:17.749  3957  4157 D ConnectivityService: releasing NetworkRequest [ TRACK_DEFAULT id=2309, [ Capabilities: INTERNET&NOT_RESTRICTED&TRUSTED&NOT_VPN] ] (CALLBACK_RELEASED)
10-22 19:37:17.749  3957  4157 D ConnectivityService:  Removing from current network NetworkAgentInfo [WIFI () - 509], leaving 15 requests.
10-22 19:37:17.749  3957  4651 I WindowManager: WIN DEATH: Window{d3fb5ef u0 org.mozilla.fenix/org.mozilla.fenix.App}
10-22 19:37:17.750  3957  4651 W InputDispatcher: Attempted to unregister already unregistered input channel
10-22 19:37:17.750  3957  4651 I WindowManager: Destroying surface Surface(name=org.mozilla.fenix/org.mozilla.fenix.App) called by com.android.server.wm.WindowStateAnimator.destroySurface:2501 com.android.server.wm.WindowStateAnimator.destroySurfaceLocked:985 com.android.server.wm.WindowState.removeImmediately:2403 com.android.server.wm.WindowState.removeIfPossible:2602 com.android.server.wm.WindowState.-wrap1:0 com.android.server.wm.WindowState$DeathRecipient.binderDied:3141 android.os.BinderProxy.sendDeathNotice:841 <bottom of call stack> 
10-22 19:37:17.751  3447  5168 I SurfaceFlinger: id=3425 Removed org.mozilla.fenix/org.mozilla.fenix.App#0 (4/5)
10-22 19:37:17.751  3957  4157 D ConnectivityService: sending notification RELEASED for NetworkRequest [ TRACK_DEFAULT id=2309, [ Capabilities: INTERNET&NOT_RESTRICTED&TRUSTED&NOT_VPN] ]
10-22 19:37:17.751  3447  5168 I SurfaceFlinger: id=3425 Removed org.mozilla.fenix/org.mozilla.fenix.App#0 (-2/5)
10-22 19:37:17.751 25092 25092 V InputMethodManager: Starting input: tba=android.view.inputmethod.EditorInfo@f6a3ba6 nm : com.example.batterymanager_utility ic=null
10-22 19:37:17.751 25092 25092 I InputMethodManager: startInputInner - mService.startInputOrWindowGainedFocus
10-22 19:37:17.752  3957  4654 D InputMethodManagerService: startInputOrWindowGainedFocus : windowGainedFocus 
10-22 19:37:17.752  3957  4654 D InputMethodManagerService: windowGainedFocus: destinationUserId (getCallingUid) = 0
10-22 19:37:17.753  3957  4654 D InputMethodManagerService: windowGainedFocus: currentUserId=0
10-22 19:37:17.753  3957  4654 D InputMethodManagerService: windowGainedFocus: mCurrentFocusedUserId=0
10-22 19:37:17.753  3957  4654 D InputMethodManagerService: windowGainedFocus : lock - currentUserId = 0 destinationUserId = 0
10-22 19:37:17.753  3957  4654 D InputMethodManagerService: windowGainedFocus : mCurrentFocusedUserId - 0 and mSecureKeypadEnabled - false, userSwitched - false
10-22 19:37:17.755  3447  3447 I Layer   : id=3425 onRemoved org.mozilla.fenix/org.mozilla.fenix.App#0 
10-22 19:37:17.756  3957  4157 E ConnectivityService: RemoteException caught trying to send a callback msg for NetworkRequest [ TRACK_DEFAULT id=2309, [ Capabilities: INTERNET&NOT_RESTRICTED&TRUSTED&NOT_VPN] ]
10-22 19:37:17.757  3447  3447 I Layer   : id=3427 onRemoved Background for - SurfaceView - org.mozilla.fenix/org.mozilla.fenix.App@76479fe@0#0 
10-22 19:37:17.758  3447  3447 I Layer   : id=3426 onRemoved SurfaceView - org.mozilla.fenix/org.mozilla.fenix.App@76479fe@0#0 
10-22 19:37:17.760  9273  9310 D ScanRecord: Not a Multi Manu data
10-22 19:37:17.760  3447  3447 I SurfaceFlinger: removeLayer is called from message
10-22 19:37:17.760  9273  9310 D ScanRecord: Not a Multi Manu data
10-22 19:37:17.760  9273  9310 D ScanRecord: Not a Multi Manu data
10-22 19:37:17.760  9273  9310 I chatty  : uid=1002(bluetooth) BT Service Call identical 2 lines
10-22 19:37:17.760  3447  3447 I SurfaceFlinger: id=3425 Removed org.mozilla.fenix/org.mozilla.fenix.App#0 (-2/5)
10-22 19:37:17.760  9273  9310 D ScanRecord: Not a Multi Manu data
10-22 19:37:17.760  9273  9310 D ScanRecord: Not a Multi Manu data
10-22 19:37:17.760  3447  3447 E SurfaceFlinger: Failed to find layer (org.mozilla.fenix/org.mozilla.fenix.App#0) in layer parent (no-parent).
10-22 19:37:17.760  9273  9310 D ScanRecord: Not a Multi Manu data
10-22 19:37:17.760  9273  9310 I chatty  : uid=1002(bluetooth) BT Service Call identical 2 lines
10-22 19:37:17.760  9273  9310 D ScanRecord: Not a Multi Manu data
10-22 19:37:17.760  3957  3981 W ActivityManager: setHasOverlayUi called on unknown pid: 25137
10-22 19:37:17.760  3957  4654 V InputMethodManagerService: windowGainedFocus : reason=WINDOW_FOCUS_GAIN client=android.os.BinderProxy@719b2cb inputContext=null missingMethods= attribute=android.view.inputmethod.EditorInfo@703d1ec nm = com.example.batterymanager_utility controlFlags=#105 softInputMode=#120 windowFlags=#81810100
10-22 19:37:17.760  3957  4654 V InputMethodManagerService: hideCurrentInputLocked : shouldHideSoftInput is false
10-22 19:37:17.761  3957  4654 D InputMethodManagerService: setCurrentInputInfo - inputContext : null eidtorInfo : android.view.inputmethod.EditorInfo@703d1ec missingMethods : 0
10-22 19:37:17.763  8846  8846 I InputMethodWrapper:  call dispatchStartInputWithToken
10-22 19:37:17.764  8846  8846 I InputMethodService: dispatchStartInputWithToken
10-22 19:37:17.765  9273  9310 D ScanRecord: Not a Multi Manu data
10-22 19:37:17.766  9273  9310 I chatty  : uid=1002(bluetooth) BT Service Call identical 9 lines
10-22 19:37:17.766  9273  9310 D ScanRecord: Not a Multi Manu data
10-22 19:37:17.767  3447  3447 I SurfaceFlinger: Display 0 HWC layers:
10-22 19:37:17.767  3447  3447 I SurfaceFlinger:     type    |    handle    | flag |  format   |   source crop (l,t,r,b)    |         frame       | name 
10-22 19:37:17.767  3447  3447 I SurfaceFlinger: ------------+--------------+------+-----------+----------------------------+---------------------+------
10-22 19:37:17.767  3447  3447 I SurfaceFlinger:      Device | 0x7ea5024780 | 0000 | RGBA_8888 |   0.0    0.0  720.0   42.0 |    0    0  720   42 | StatusBar#0
10-22 19:37:17.767  3447  3447 I SurfaceFlinger: 
10-22 19:37:17.768  8846  8846 I SKBD    : SamsungKeypad [IMI] onStartInput - caller pid : 25137, caller uid : 10169
10-22 19:37:17.768  9273  9310 D ScanRecord: Not a Multi Manu data
10-22 19:37:17.797  3957 14904 V WindowManager: finishDrawingLocked: mDrawState=COMMIT_DRAW_PENDING Window{d6a89c1 u0 com.example.batterymanager_utility/com.example.batterymanager_utility.MainActivity} in Surface(name=com.example.batterymanager_utility/com.example.batterymanager_utility.MainActivity)
10-22 19:37:17.804  9273  9310 I chatty  : uid=1002(bluetooth) BT Service Call identical 53 lines
10-22 19:37:17.804  9273  9310 D ScanRecord: Not a Multi Manu data
10-22 19:37:17.812  3447  3447 I SurfaceFlinger: id=3429 createSurf (720x1280),-1 flag=20004, com.example.batterymanager_utility/com.example.batterymanager_utility.MainActivity_dim#0
10-22 19:37:17.825  9273  9310 D ScanRecord: Not a Multi Manu data
10-22 19:37:17.826  9273  9310 I chatty  : uid=1002(bluetooth) BT Service Call identical 9 lines
10-22 19:37:17.826  9273  9310 D ScanRecord: Not a Multi Manu data
10-22 19:37:17.827  3447  3447 I SurfaceFlinger: Display 0 HWC layers:
10-22 19:37:17.827  3447  3447 I SurfaceFlinger:     type    |    handle    | flag |  format   |   source crop (l,t,r,b)    |         frame       | name 
10-22 19:37:17.827  3447  3447 I SurfaceFlinger: ------------+--------------+------+-----------+----------------------------+---------------------+------
10-22 19:37:17.827  3447  3447 I SurfaceFlinger:      Client |              | 0000 |  Unknown  |  -0.2   -0.2   -0.8   -0.8 |    0    0  720 1280 | animation background stackId=1#0
10-22 19:37:17.827  3447  3447 I SurfaceFlinger:      Client | 0x7e9cc0d840 | 0002 | RGBA_8888 |   0.0    0.0   31.0 1280.0 |  689    0  720 1280 | com.example.batterymanager_utility/c[...]atterymanager_utility.MainActivity#0
10-22 19:37:17.827  3447  3447 I SurfaceFlinger:      Device | 0x7ea50243c0 | 0000 | RGBA_8888 |   0.0    0.0  720.0   42.0 |    0    0  720   42 | StatusBar#0
10-22 19:37:17.827  3447  3447 I SurfaceFlinger: 
10-22 19:37:17.827  9273  9310 D ScanRecord: Not a Multi Manu data
10-22 19:37:17.839  3957  4089 D MdnieScenarioControlService:  packageName : com.example.batterymanager_utility    className : com.example.batterymanager_utility.MainActivity
10-22 19:37:17.839  3957  4089 V MdnieScenarioControlService: setUIMode from UI function(3)
10-22 19:37:17.839  9273  9310 I chatty  : uid=1002(bluetooth) BT Service Call identical 31 lines
10-22 19:37:17.839  9273  9310 D ScanRecord: Not a Multi Manu data
10-22 19:37:17.843  3447  3447 I SurfaceFlinger: Display 0 HWC layers:
10-22 19:37:17.843  3447  3447 I SurfaceFlinger:     type    |    handle    | flag |  format   |   source crop (l,t,r,b)    |         frame       | name 
10-22 19:37:17.843  3447  3447 I SurfaceFlinger: ------------+--------------+------+-----------+----------------------------+---------------------+------
10-22 19:37:17.843  3447  3447 I SurfaceFlinger:      Client |              | 0000 |  Unknown  |   0.0    0.0   -1.0   -1.0 |    0    0  720 1280 | com.example.batterymanager_utility/c[...]rymanager_utility.MainActivity_dim#0
10-22 19:37:17.843  3447  3447 I SurfaceFlinger:      Client |              | 0000 |  Unknown  |  -0.2   -0.2   -0.8   -0.8 |    0    0  720 1280 | animation background stackId=1#0
10-22 19:37:17.843  3447  3447 I SurfaceFlinger:      Client | 0x7e9cc0d840 | 0002 | RGBA_8888 |   0.0    0.0   67.0 1280.0 |  653    0  720 1280 | com.example.batterymanager_utility/c[...]atterymanager_utility.MainActivity#0
10-22 19:37:17.843  3447  3447 I SurfaceFlinger:      Device | 0x7ea5024540 | 0000 | RGBA_8888 |   0.0    0.0  720.0   42.0 |    0    0  720   42 | StatusBar#0
10-22 19:37:17.843  3447  3447 I SurfaceFlinger: 
10-22 19:37:17.844  9273  9310 D ScanRecord: Not a Multi Manu data
10-22 19:37:18.041  9273  9310 I chatty  : uid=1002(bluetooth) BT Service Call identical 306 lines
10-22 19:37:18.041  9273  9310 D ScanRecord: Not a Multi Manu data
10-22 19:37:18.070  3957  4129 D WifiStateMachine:  ConnectedState !RSSI_PKTCNT_FETCH uid=1000 rt=602644655/1658620127 0 0 "ourhome" f4:6d:2f:12:cc:88 rssi=-48 f=5240 sc=60 link=433 tx=0.3, 0.0, 0.0  rx=20.0 bcn=592621 [on:0 tx:0 rx:0 period:383] from screen [on:186104 period:1181738] score=60
10-22 19:37:18.070  3957  4129 D WifiStateMachine:  L2ConnectedState !RSSI_PKTCNT_FETCH uid=1000 rt=602644655/1658620128 0 0 "ourhome" f4:6d:2f:12:cc:88 rssi=-48 f=5240 sc=60 link=433 tx=0.3, 0.0, 0.0  rx=20.0 bcn=592621 [on:0 tx:0 rx:0 period:0] from screen [on:186104 period:1181738] score=60
10-22 19:37:18.072  3957  4129 D WifiStateMachine: fetchRssiLinkSpeedAndFrequencyNative rssi=-50 linkspeed=433 freq=5240
10-22 19:37:18.072  3957  4129 V WifiConfigManager: Updating scan detail cache freq=5240 BSSID=f4:6d:2f:12:cc:88 RSSI=-48 for "ourhome"WPA_PSK
10-22 19:37:18.193  3447  3447 I SurfaceFlinger: Display 0 HWC layers:
10-22 19:37:18.193  3447  3447 I SurfaceFlinger:     type    |    handle    | flag |  format   |   source crop (l,t,r,b)    |         frame       | name 
10-22 19:37:18.193  3447  3447 I SurfaceFlinger: ------------+--------------+------+-----------+----------------------------+---------------------+------
10-22 19:37:18.193  3447  3447 I SurfaceFlinger:      Client | 0x7e9cc0d840 | 0002 | RGBA_8888 |   0.0    0.0  720.0 1280.0 |    0    0  720 1280 | com.example.batterymanager_utility/c[...]atterymanager_utility.MainActivity#0
10-22 19:37:18.193  3447  3447 I SurfaceFlinger:      Client | 0x7ea5024540 | 0000 | RGBA_8888 |   0.0    0.0  720.0   42.0 |    0    0  720   42 | StatusBar#0
10-22 19:37:18.193  3447  3447 I SurfaceFlinger: 
10-22 19:37:18.208  3957  4025 I WindowManager: Destroying surface Surface(name=com.example.batterymanager_utility/com.example.batterymanager_utility.MainActivity_dim) called by com.android.server.wm.WindowStateAnimator.destroyTransitionDimSurface:2733 com.android.server.wm.WindowState.onExitAnimationDone:5243 com.android.server.wm.AppWindowAnimator.stepAnimationLocked:508 com.android.server.wm.AppWindowToken.stepAppWindowsAnimation:1659 com.android.server.wm.WindowContainer.stepAppWindowsAnimation:521 com.android.server.wm.WindowContainer.stepAppWindowsAnimation:521 com.android.server.wm.TaskStack.stepAppWindowsAnimation:1948 com.android.server.wm.WindowContainer.stepAppWindowsAnimation:521 
10-22 19:37:18.209  3447  3488 I SurfaceFlinger: id=3429 Removed com.example.batterymanager_utility/com.example.batterymanager_utility.MainActivity_dim#0 (1/5)
10-22 19:37:18.209  3447  3488 I SurfaceFlinger: id=3429 Removed com.example.batterymanager_utility/com.example.batterymanager_utility.MainActivity_dim#0 (-2/5)
10-22 19:37:18.210  3957  3981 D CustomFrequencyManagerService: releaseDVFSLockLocked : Getting Lock type frm List : DVFS_MIN_LIMIT  frequency : 1560000  uid : 1000  pid : 3957  tag : AMS_ACT_RESUME@CPU_MIN@74
10-22 19:37:18.211  3957  3981 D ActivityManagerPerformance: AMP_release() ACT_RESUME
10-22 19:37:18.222  3447  3447 I Layer   : id=3429 onRemoved com.example.batterymanager_utility/com.example.batterymanager_utility.MainActivity_dim#0 
10-22 19:37:18.539  3957  4128 D WifiService: getConnectionInfo uid=1000
10-22 19:37:19.074  3957  4129 D WifiStateMachine:  ConnectedState !RSSI_PKTCNT_FETCH uid=1000 rt=602645658/1658621130 0 0 "ourhome" f4:6d:2f:12:cc:88 rssi=-50 f=5240 sc=60 link=433 tx=0.3, 0.0, 0.0  rx=20.0 bcn=592621 [on:0 tx:0 rx:0 period:1004] from screen [on:186104 period:1182742] score=60
10-22 19:37:19.077  3957  4129 D WifiStateMachine:  L2ConnectedState !RSSI_PKTCNT_FETCH uid=1000 rt=602645660/1658621133 0 0 "ourhome" f4:6d:2f:12:cc:88 rssi=-50 f=5240 sc=60 link=433 tx=0.3, 0.0, 0.0  rx=20.0 bcn=592621 [on:0 tx:0 rx:0 period:2] from screen [on:186104 period:1182744] score=60
10-22 19:37:19.084  3957  4129 D WifiStateMachine: fetchRssiLinkSpeedAndFrequencyNative rssi=-47 linkspeed=433 freq=5240
10-22 19:37:19.085  3957  4129 V WifiConfigManager: Updating scan detail cache freq=5240 BSSID=f4:6d:2f:12:cc:88 RSSI=-47 for "ourhome"WPA_PSK
10-22 19:37:19.111  4961  4961 D io_stats: !@ 179,0 r 10133165 332682808 w 2158424 42258224 d 173850 37253824 f 639970 665426 iot 4632852 3992114 th 51200 0 0 pt 0 inp 0 0 602645.695
10-22 19:37:19.543  3957  4128 D WifiService: getConnectionInfo uid=1000
10-22 19:37:19.605  3957  3957 D PreBindingService: handleMessage : 1
10-22 19:37:20.076  3957  4129 D WifiStateMachine:  ConnectedState !RSSI_PKTCNT_FETCH uid=1000 rt=602646659/1658622132 0 0 "ourhome" f4:6d:2f:12:cc:88 rssi=-47 f=5240 sc=60 link=433 tx=0.3, 0.0, 0.0  rx=20.0 bcn=592621 [on:0 tx:0 rx:0 period:1000] from screen [on:186104 period:1183744] score=60
10-22 19:37:20.079  3957  4129 D WifiStateMachine:  L2ConnectedState !RSSI_PKTCNT_FETCH uid=1000 rt=602646662/1658622135 0 0 "ourhome" f4:6d:2f:12:cc:88 rssi=-47 f=5240 sc=60 link=433 tx=0.3, 0.0, 0.0  rx=20.0 bcn=592621 [on:0 tx:0 rx:0 period:2] from screen [on:186104 period:1183746] score=60
10-22 19:37:20.086  3957  4129 D WifiStateMachine: fetchRssiLinkSpeedAndFrequencyNative rssi=-47 linkspeed=433 freq=5240
10-22 19:37:20.087  3957  4129 V WifiConfigManager: Updating scan detail cache freq=5240 BSSID=f4:6d:2f:12:cc:88 RSSI=-47 for "ourhome"WPA_PSK
10-22 19:37:20.546  3957  4128 D WifiService: getConnectionInfo uid=1000
10-22 19:37:20.605  3957  4129 D WifiStateMachine:  ConnectedState !CMD_RSSI_POLL rt=602647189/1658622661 122 0 "ourhome" f4:6d:2f:12:cc:88 rssi=-47 f=5240 sc=60 link=433 tx=0.3, 0.0, 0.0  rx=20.0 bcn=592621 [on:0 tx:0 rx:0 period:527] from screen [on:186104 period:1184273] score=60
10-22 19:37:20.608  3957  4129 D WifiStateMachine:  L2ConnectedState !CMD_RSSI_POLL rt=602647191/1658622664 122 0 "ourhome" f4:6d:2f:12:cc:88 rssi=-47 f=5240 sc=60 link=433 tx=0.3, 0.0, 0.0  rx=20.0 bcn=592621 [on:0 tx:0 rx:0 period:3] from screen [on:186104 period:1184276] score=60
10-22 19:37:20.608  3957  4129 D WifiStateMachine:  get link layer stats 3
