--------- beginning of main
10-22 20:00:54.256  4340  4340 E SignalClusterView: setSlotFocusVisible : subId -2
10-22 20:00:54.322 11094 11094 E adbd    : recv: OPEN 000333d5 00000000 0042:73 68 65 6C 6C 2C 76 32 2C 54 45 52 4D 3D 78 74 65 72 6D 2D 32 35 36 63 6F 6C 6F 72 2C 72 61 77 3A 67 65 74 70 72 6F 70 20 72 6F 2E 62 75 69 6C 64 2E 76 65 72 73 69 6F 6E 2E 72 65 6C 65 61 73 65 00 
10-22 20:00:54.322 11094 11094 E adbd    : service_to_fd: shell,v2,TERM=xterm-256color,raw:getprop ro.build.version.release
10-22 20:00:54.383 11094 11094 E adbd    : recv: OPEN 000333d9 00000000 003e:73 68 65 6C 6C 2C 76 32 2C 54 45 52 4D 3D 78 74 65 72 6D 2D 32 35 36 63 6F 6C 6F 72 2C 72 61 77 3A 67 65 74 70 72 6F 70 20 72 6F 2E 62 75 69 6C 64 2E 76 65 72 73 69 6F 6E 2E 73 64 6B 00 
10-22 20:00:54.384 11094 11094 E adbd    : service_to_fd: shell,v2,TERM=xterm-256color,raw:getprop ro.build.version.sdk
10-22 20:00:54.447 11094 11094 E adbd    : recv: OPEN 000333dd 00000000 00c4:73 68 65 6C 6C 2C 76 32 2C 54 45 52 4D 3D 78 74 65 72 6D 2D 32 35 36 63 6F 6C 6F 72 2C 72 61 77 3A 61 6D 20 73 74 61 72 74 20 2D 6E 20 22 63 6F 6D 2E 65 78 61 6D 70 6C 65 2E 62 61 74 74 65 72 79 6D 61 6E 61 67 65 72 5F 75 74 69 6C 69 74 79 2F 63 6F 6D 2E 65 78 61 6D 70 6C 65 2E 62 61 74 74 65 72 79 6D 61 6E 61 67 65 72 5F 75 74 69 6C 69 74 79 2E 4D 61 69 6E 41 63 74 69 76 69 74 79 22 20 2D 61 20 61 6E 64 72 6F 69 64 2E 69 6E 74 65 6E 74 2E 61 63 74 69 6F 6E 2E 4D 41 49 4E 20 2D 63 20 61 6E 64 72 6F 69 64 2E 69 6E 74 65 6E 74 2E 63 61 74 65 67 6F 72 79 2E 4C 41 55 4E 43 48 45 52 00 
10-22 20:00:54.447 11094 11094 E adbd    : service_to_fd: shell,v2,TERM=xterm-256color,raw:am start -n "com.example.batterymanager_utility/com.example.batterymanager_utility.MainActivity" -a android.intent.action.MAIN -c android.intent.category.LAUNCHER
--------- beginning of system
10-22 20:00:54.533  3957 12007 I ActivityManager: START u0 {act=android.intent.action.MAIN typ=null flg=0x10000000 cmp=ComponentInfo{com.example.batterymanager_utility/com.example.batterymanager_utility.MainActivity}} from uid 2000
10-22 20:00:54.536  3957 12007 D CustomFrequencyManagerService: acquireDVFSLockLocked : type : DVFS_MIN_LIMIT  frequency : 1560000  uid : 1000  pid : 3957  pkgName : AMS_APP_SWITCH@CPU_MIN@52
10-22 20:00:54.538  3957 12007 D ActivityManagerPerformance: AMP_acquire() APP_SWITCH
10-22 20:00:54.538  3957  5022 D ActivityManagerPerformance: Received MSG_CFMS_HINT_AMS_SWITCH pkgName: com.example.batterymanager_utility
10-22 20:00:54.540  3957  6478 D WifiService: getConnectionInfo uid=1000
10-22 20:00:54.544  8695  8695 V Launcher: Launcher.onPause()
10-22 20:00:54.544  8695  8695 D Launcher: setHotWordDetection : call requestHotWordDetection false
10-22 20:00:54.547  3957  3957 D MdnieScenarioControlService: Listener Real Multi Window State : false
10-22 20:00:54.551  3957  9774 D ActivityManager: isScaleDownAnimationEnabled() : false
10-22 20:00:54.551  9098  9098 I GsaVoiceInteractionSrv: Handling ACTION_STOP_HOTWORD
10-22 20:00:54.552  3957  9774 D StorageManagerService: getExternalStorageMountMode : 1
10-22 20:00:54.552  3957  9774 D StorageManagerService: getExternalStorageMountMode : 3
10-22 20:00:54.552  9098  9154 I HwDetectorWithState: (REDACTED) a: %d
10-22 20:00:54.553  3957  9774 D StorageManagerService: getExternalStorageMountMode : final mountMode=1, uid : 10170, packageName : com.example.batterymanager_utility
10-22 20:00:54.553  3957  9774 I ApplicationPolicy: isApplicationExternalStorageWhitelisted:com.example.batterymanager_utility user:0
10-22 20:00:54.553  3957  9774 D ApplicationPolicy: isApplicationExternalStorageWhitelisted: DO is not enabled on user 0. Allowed.
10-22 20:00:54.553  3957  9774 D ActivityManager: package  com.example.batterymanager_utility, user - 0 is SDcard whitelisted
10-22 20:00:54.553  3957  9774 I ApplicationPolicy: isApplicationExternalStorageBlacklisted:com.example.batterymanager_utility user:0
10-22 20:00:54.553  3957  9774 D ApplicationPolicy: isApplicationExternalStorageBlacklisted: DO is not enabled on user 0. Allowed.
10-22 20:00:54.556  3957  4025 D ViewRootImpl@d1b57cd[batterymanager_utility]: setView = DecorView@9e6b93[batterymanager_utility] TM=true MM=false
10-22 20:00:54.558  3957  4025 D ViewRootImpl@d1b57cd[batterymanager_utility]: dispatchAttachedToWindow
10-22 20:00:54.559  3957  4025 V WindowManager: Relayout Window{ef30882 u0 Splash Screen com.example.batterymanager_utility}: viewVisibility=0 req=719x1237 WM.LayoutParams{(0,0)(fillxfill) sim=#20 ty=3 fl=#81830118 pfl=0x20011 wanim=0x10302fd vsysui=0x600 needsMenuKey=2 colorMode=0 naviIconColor=0}
10-22 20:00:54.561  3447  3447 I SurfaceFlinger: id=3485 createSurf (720x1280),1 flag=404, Splash Screen com.example.batterymanager_utility#0
10-22 20:00:54.563  3957  4025 V Surface : sf_framedrop debug : 0x4f4c, game : false, logging : 0
10-22 20:00:54.565  3957  4025 D ViewRootImpl@d1b57cd[batterymanager_utility]: Relayout returned: old=[0,0][0,0] new=[0,0][720,1280] result=0x7 surface={valid=true 501462925312} changed=true
10-22 20:00:54.566  3957  9774 I ActivityManager: Start proc 29588:com.example.batterymanager_utility/u0a170 for activity com.example.batterymanager_utility/.MainActivity
10-22 20:00:54.567 29588 29588 E Zygote  : isWhitelistProcess - Process is Whitelisted
10-22 20:00:54.568 29588 29588 E libpersona: scanKnoxPersonas
10-22 20:00:54.568 29588 29588 E libpersona: Couldn't open the File - /data/system/users/0/personalist.xml - No such file or directory
10-22 20:00:54.570 29588 29588 W SELinux : SELinux selinux_android_compute_policy_index : Policy Index[2],  Con:u:r:zygote:s0 RAM:SEPF_SM-J720F_8.0.0_0002, [-1 -1 -1 -1 0 1]
10-22 20:00:54.571 29588 29588 I SELinux : SELinux: seapp_context_lookup: seinfo=untrusted, level=s0:c512,c768, pkgname=com.example.batterymanager_utility 
10-22 20:00:54.574 29588 29588 I zygote64: Late-enabling -Xcheck:jni
10-22 20:00:54.587  3957  4025 V WindowManager: finishDrawingLocked: mDrawState=COMMIT_DRAW_PENDING Window{ef30882 u0 Splash Screen com.example.batterymanager_utility} in Surface(name=Splash Screen com.example.batterymanager_utility)
10-22 20:00:54.590  4340  4340 D WallpaperService: updateSurface forceRelayout=true redrawNeeded=false myWidth=1280 myHeight=1280 fixedSize=true x = 0 y = 0 mWidth=1280 mHeight=1280 mIsSleepMode=false
10-22 20:00:54.592  3957  3968 V WindowManager: Relayout Window{b8b4ba7 u0 com.android.systemui.ImageWallpaper}: viewVisibility=0 req=1280x1280 WM.LayoutParams{(0,0)(1280x1280) gr=#800033 ty=2013 fl=#10318 fmt=2 wanim=0x103030e colorMode=0 naviIconColor=0}
10-22 20:00:54.592  3957  3968 V WindowManager: rotationForOrientationLw(orient=-1, last=0); user=0  sensorRotation=-1 mLidState=-1 mDockMode=0 mHdmiPlugged=false
10-22 20:00:54.598  4340  4340 D ImageWallpaper: onOffsetsChanged: xOffset=0.0, yOffset=0.0, xOffsetStep=0.0, yOffsetStep=0.0, xPixels=0, yPixels=0
10-22 20:00:54.599  4340  4340 D ImageWallpaper: newRotation : 0,mLastRotation : 0
10-22 20:00:54.599  4340  4340 D ImageWallpaper: drawFrame:[frame.width()]1280[frame.height()]1280
10-22 20:00:54.599  4340  4340 D ImageWallpaper: surfaceDimensionsChanged=false mDisplayWidth=720 mDisplayHeight=1280
10-22 20:00:54.599  4340  4340 D ImageWallpaper: redrawNeeded = false, mOffsetsChanged = false
10-22 20:00:54.599  4340  4340 D ImageWallpaper: Suppressed drawFrame since redraw is not needed and offsets have not changed.
10-22 20:00:54.616 29588 29588 D TimaKeyStoreProvider: TimaKeyStore is not enabled: cannot add TimaSignature Service and generateKeyPair Service
10-22 20:00:54.617 29588 29588 D ActivityThread: Added TimaKeyStore provider
10-22 20:00:54.620  3957  3968 I ActivityManager: DSS on for com.example.batterymanager_utility and scale is 1.0
10-22 20:00:54.628  3957  3968 D PersonaManagerService: Current focused persona service handled id set to : 0
10-22 20:00:54.628  3957  3968 D InputDispatcher: Focused application set to: xxxx
10-22 20:00:54.629  3957  3968 D InputDispatcher: Focus left window: 8695
10-22 20:00:54.631  3957  4220 D GameManagerService: handleForegroundChange(). pkgName: com.example.batterymanager_utility, clsName: com.example.batterymanager_utility.MainActivity,FgActivityName:com.example.batterymanager_utility/.MainActivity
10-22 20:00:54.631  3957  3968 D MARsPolicyManager: onPackageResumedFG pkgName = com.example.batterymanager_utility, userId = 0
10-22 20:00:54.631  3957  4220 D GameManagerService: sem_perfomance_mode: 3
10-22 20:00:54.631  3957  4220 D GameManagerService: notifyResumePause(). pkg: com.example.batterymanager_utility, type: 4, isMinimized: false, isTunableApp: false
10-22 20:00:54.631  3957  4220 D GameManagerService:   notifyResumePause(). unexpected mPrevNotiType: -1
10-22 20:00:54.632  3957  3968 D SamsungAnimationCreator: createAnimation type:LowEnd transit:12 enter:false wallpaperXoffset:-280 split:false fixedOri:false
10-22 20:00:54.633  3957  3968 D SamsungAnimationCreator: createAnimation displayFrame:Rect(0, 0 - 720, 1280) frame:null insets:null
10-22 20:00:54.638  3957  6478 D GamePkgDataHelper: getGamePkgDataIncServer(). com.example.batterymanager_utility
10-22 20:00:54.638  3957  6478 D GameManagerService: identifyGamePackage. com.example.batterymanager_utility
10-22 20:00:54.639  3957  6478 D GamePkgDataHelper: getGamePkgData(). com.example.batterymanager_utility
10-22 20:00:54.639  3957  6478 D GameManagerService: identifyGamePackage. com.example.batterymanager_utility
10-22 20:00:54.639  3957  6478 D GamePkgDataHelper: getGamePkgData(). com.example.batterymanager_utility
10-22 20:00:54.639  3957  6478 D GamePkgDataHelper: getSosPolicy(). com.example.batterymanager_utility
10-22 20:00:54.640  3957  6478 D GameManagerService: identifyGamePackage. com.example.batterymanager_utility
10-22 20:00:54.640  3957  6478 D GamePkgDataHelper: getGamePkgData(). com.example.batterymanager_utility
10-22 20:00:54.644  3957  6478 D GameManagerService: identifyGamePackage. com.example.batterymanager_utility
10-22 20:00:54.644  3957  6478 D GamePkgDataHelper: getGamePkgData(). com.example.batterymanager_utility
10-22 20:00:54.647  8695  8695 I Launcher: onWindowVisibilityChanged : false
10-22 20:00:54.649  3957  3973 D WindowManager: set systemUiVisibility : systemUiFlags= 0x608 fullscreenStackSysUiFlags= 0x0
10-22 20:00:54.651  3957  3968 D WindowManager: adjustSystemUiVisibilityLw : vis= 0x608
10-22 20:00:54.652  8695  8815 D OpenGLRenderer: eglDestroySurface = 0x74c35fd0c0
10-22 20:00:54.653  3957  9774 V WindowManager: Relayout Window{7e8dd1d u0 com.sec.android.app.launcher/com.sec.android.app.launcher.activities.LauncherActivity}: viewVisibility=8 req=720x1280 WM.LayoutParams{(0,0)(fillxfill) sim=#130 ty=1 fl=#81910d00 pfl=0x20000 fmt=-2 wanim=0x10302ea vsysui=0x700 needsMenuKey=2 colorMode=0 naviIconColor=0}
10-22 20:00:54.656 29588 29588 I zygote64: no shared libraies, dex_files: 1
10-22 20:00:54.656  8695  8695 D ViewRootImpl@73195a7[LauncherActivity]: Relayout returned: old=[0,0][720,1280] new=[0,0][720,1280] result=0x5 surface={valid=false 0} changed=true
10-22 20:00:54.657  8695  8695 D ViewRootImpl@73195a7[LauncherActivity]: MSG_WINDOW_FOCUS_CHANGED 0
10-22 20:00:54.671  4340  4893 D SystemServicesProxy: updateOverviewLastStackActiveTimeAsync: newTime=1697997442772
10-22 20:00:54.672  3957  9774 D SecContentProvider: query(), uri = 17 selection = isSettingsChangesAllowed
10-22 20:00:54.673  3957  9774 D SecContentProvider: called from android.uid.systemui:10009
10-22 20:00:54.673  4340  4692 D SystemServicesProxy: updateOverviewLastStackActiveTimeAsync: done.
10-22 20:00:54.695 29588 29588 I BatteryMgr:App: creating notification channel
10-22 20:00:54.735  3447  3447 I SurfaceFlinger: Display 0 HWC layers:
10-22 20:00:54.735  3447  3447 I SurfaceFlinger:     type    |    handle    | flag |  format   |   source crop (l,t,r,b)    |         frame       | name 
10-22 20:00:54.735  3447  3447 I SurfaceFlinger: ------------+--------------+------+-----------+----------------------------+---------------------+------
10-22 20:00:54.735  3447  3447 I SurfaceFlinger:      Device | 0x7e9ec22c80 | 0002 | RGBx_8888 | 280.0    0.0 1000.0 1280.0 |    0    0  720 1280 | com.android.systemui.ImageWallpaper#0
10-22 20:00:54.735  3447  3447 I SurfaceFlinger:      Device | 0x7ea5024840 | 0000 | RGBA_8888 |  20.0   36.0  700.0 1245.0 |    0    0  720 1280 | com.sec.android.app.launcher/com.sec[...]uncher.activities.LauncherActivity#0
10-22 20:00:54.735  3447  3447 I SurfaceFlinger:      Device | 0x7e9ecde440 | 0002 | RGBA_8888 |   0.0    0.0  720.0 1279.0 |  134  237  587 1042 | Splash Screen com.example.batterymanager_utility#0
10-22 20:00:54.735  3447  3447 I SurfaceFlinger:      Device | 0x7ea5024540 | 0000 | RGBA_8888 |   0.0    0.0  720.0   42.0 |    0    0  720   42 | StatusBar#0
10-22 20:00:54.735  3447  3447 I SurfaceFlinger: 
10-22 20:00:54.766 29588 29605 D OpenGLRenderer: HWUI GL Pipeline
10-22 20:00:54.770  3957  4089 D MdnieScenarioControlService:  packageName : com.example.batterymanager_utility    className : com.example.batterymanager_utility.MainActivity
10-22 20:00:54.771  3957  4089 V MdnieScenarioControlService: setUIMode from UI function(3)
10-22 20:00:54.776 29588 29588 D ViewRootImpl@4470b6[MainActivity]: setView = DecorView@a3fa1b7[MainActivity] TM=true MM=false
10-22 20:00:54.777  3957  3968 D ActivityManager: post active user change for 0 fullscreen true isHomeActivity() false
10-22 20:00:54.880 29588 29588 W zygote64: Class androidx.compose.runtime.snapshots.SnapshotStateList failed lock verification and will run slower.
10-22 20:00:54.881 29588 29588 W zygote64: Common causes for lock verification issues are non-optimized dex code
10-22 20:00:54.881 29588 29588 W zygote64: and incorrect proguard optimizations.
10-22 20:00:54.989 29588 29588 D ViewRootImpl@4470b6[MainActivity]: dispatchAttachedToWindow
10-22 20:00:55.037  3957  3968 V WindowManager: Relayout Window{273ebe7 u0 com.example.batterymanager_utility/com.example.batterymanager_utility.MainActivity}: viewVisibility=0 req=719x1237 WM.LayoutParams{(0,0)(fillxfill) sim=#120 ty=1 fl=#81810100 pfl=0x20000 wanim=0x10302fd vsysui=0x600 needsMenuKey=2 colorMode=0 naviIconColor=0}
10-22 20:00:55.040  3447  3447 I SurfaceFlinger: id=3486 createSurf (720x1280),1 flag=404, com.example.batterymanager_utility/com.example.batterymanager_utility.MainActivity#0
10-22 20:00:55.041  3957  3968 V Surface : sf_framedrop debug : 0x4f4c, game : false, logging : 0
10-22 20:00:55.045  3957  3968 D InputDispatcher: Focus entered window: 29588
10-22 20:00:55.047 29588 29588 V Surface : sf_framedrop debug : 0x4f4c, game : false, logging : 0
10-22 20:00:55.048 29588 29588 D ViewRootImpl@4470b6[MainActivity]: Relayout returned: old=[0,0][0,0] new=[0,0][720,1280] result=0x7 surface={valid=true 502085300224} changed=true
10-22 20:00:55.054  8778  8880 I A       : Cobalt: try to find ProjectConfig for given tags
10-22 20:00:55.055  8778  8880 W A       : Cobalt: couldn't find ProjectConfig for given tags
10-22 20:00:55.055 29588 29605 I OpenGLRenderer: Initialized EGL, version 1.4
10-22 20:00:55.055 29588 29605 D OpenGLRenderer: Swap behavior 2
10-22 20:00:55.059 29588 29605 D libGLESv1: STS_GLApi : DTS, ODTC are not allowed for Package : com.example.batterymanager_utility
10-22 20:00:55.061 29588 29605 D mali_winsys: EGLint new_window_surface(egl_winsys_display *, void *, EGLSurface, EGLConfig, egl_winsys_surface **, egl_color_buffer_format *, EGLBoolean) returns 0x3000,  [720x1280]-format:1
10-22 20:00:55.061 29588 29605 D OpenGLRenderer: eglCreateWindowSurface = 0x74d44adb40
10-22 20:00:55.069 29588 29588 D Compose Focus: Owner FocusChanged(true)
10-22 20:00:55.084  3447  3447 I SurfaceFlinger: Display 0 HWC layers:
10-22 20:00:55.084  3447  3447 I SurfaceFlinger:     type    |    handle    | flag |  format   |   source crop (l,t,r,b)    |         frame       | name 
10-22 20:00:55.084  3447  3447 I SurfaceFlinger: ------------+--------------+------+-----------+----------------------------+---------------------+------
10-22 20:00:55.084  3447  3447 I SurfaceFlinger:      Device | 0x7e9ecde440 | 0002 | RGBA_8888 |   0.0    0.0  720.0 1280.0 |    0    0  720 1280 | Splash Screen com.example.batterymanager_utility#0
10-22 20:00:55.084  3447  3447 I SurfaceFlinger:      Device | 0x7ea5024540 | 0000 | RGBA_8888 |   0.0    0.0  720.0   42.0 |    0    0  720   42 | StatusBar#0
10-22 20:00:55.084  3447  3447 I SurfaceFlinger: 
10-22 20:00:55.098  3957  4129 D WifiStateMachine:  ConnectedState !RSSI_PKTCNT_FETCH uid=1000 rt=604061683/1660037155 0 0 "ourhome" f4:6d:2f:12:cc:88 rssi=-42 f=5240 sc=60 link=433 tx=0.1, 0.0, 0.0  rx=3.4 bcn=605376 [on:0 tx:0 rx:0 period:842] from screen [on:426748 period:2598765] score=60
10-22 20:00:55.098  3957  4025 I WindowManager: Destroying surface Surface(name=com.sec.android.app.launcher/com.sec.android.app.launcher.activities.LauncherActivity) called by com.android.server.wm.WindowStateAnimator.destroySurface:2501 com.android.server.wm.WindowStateAnimator.destroySurfaceLocked:985 com.android.server.wm.WindowState.destroyOrSaveSurfaceUnchecked:3670 com.android.server.wm.WindowState.destroySurface:3618 com.android.server.wm.AppWindowToken.destroySurfaces:722 com.android.server.wm.AppWindowToken.destroySurfaces:706 com.android.server.wm.WindowState.onExitAnimationDone:5316 com.android.server.wm.AppWindowAnimator.stepAnimationLocked:508 
10-22 20:00:55.098  3447  3489 I SurfaceFlinger: id=3484 Removed com.sec.android.app.launcher/com.sec.android.app.launcher.activities.LauncherActivity#0 (1/6)
10-22 20:00:55.098  3957  4129 D WifiStateMachine:  L2ConnectedState !RSSI_PKTCNT_FETCH uid=1000 rt=604061683/1660037156 0 0 "ourhome" f4:6d:2f:12:cc:88 rssi=-42 f=5240 sc=60 link=433 tx=0.1, 0.0, 0.0  rx=3.4 bcn=605376 [on:0 tx:0 rx:0 period:1] from screen [on:426748 period:2598766] score=60
10-22 20:00:55.101  3447  3489 I SurfaceFlinger: id=3484 Removed com.sec.android.app.launcher/com.sec.android.app.launcher.activities.LauncherActivity#0 (-2/6)
10-22 20:00:55.103  4340 29993 D WallpaperService: dispatchAppVisibility onVisibilityChanged(): false
10-22 20:00:55.104  3957  4129 D WifiStateMachine: fetchRssiLinkSpeedAndFrequencyNative rssi=-43 linkspeed=433 freq=5240
10-22 20:00:55.104  3957  4129 V WifiConfigManager: Updating scan detail cache freq=5240 BSSID=f4:6d:2f:12:cc:88 RSSI=-42 for "ourhome"WPA_PSK
10-22 20:00:55.104  4340  4340 D ImageWallpaper: onVisibilityChanged: mVisible, visible=true, false
10-22 20:00:55.104  4340  4340 D ImageWallpaper: Visibility changed to visible=false
10-22 20:00:55.104  4340  4340 D WallpaperService: reportVisibility onVisibilityChanged visible: false
10-22 20:00:55.110  8778  8778 I A       : Start work
10-22 20:00:55.114  3447  3447 I Layer   : id=3484 onRemoved com.sec.android.app.launcher/com.sec.android.app.launcher.activities.LauncherActivity#0 
10-22 20:00:55.135  3957  3968 V WindowManager: finishDrawingLocked: mDrawState=COMMIT_DRAW_PENDING Window{273ebe7 u0 com.example.batterymanager_utility/com.example.batterymanager_utility.MainActivity} in Surface(name=com.example.batterymanager_utility/com.example.batterymanager_utility.MainActivity)
10-22 20:00:55.136 29588 29588 D ViewRootImpl@4470b6[MainActivity]: MSG_RESIZED_REPORT: frame=Rect(0, 0 - 720, 1280) ci=Rect(0, 42 - 0, 0) vi=Rect(0, 42 - 0, 0) or=1
10-22 20:00:55.137 29588 29588 D ViewRootImpl@4470b6[MainActivity]: MSG_WINDOW_FOCUS_CHANGED 1
10-22 20:00:55.140  3957  4025 D ViewRootImpl@d1b57cd[batterymanager_utility]: dispatchDetachedFromWindow
10-22 20:00:55.140  3957  4025 D InputEventReceiver: channel 'ef30882 Splash Screen com.example.batterymanager_utility (client)' ~ Disposing input event receiver.
10-22 20:00:55.140  3957  4025 D InputEventReceiver: channel 'ef30882 Splash Screen com.example.batterymanager_utility (client)' ~NativeInputEventReceiver.
10-22 20:00:55.143 29588 29588 V InputMethodManager: Starting input: tba=android.view.inputmethod.EditorInfo@83e742a nm : com.example.batterymanager_utility ic=null
10-22 20:00:55.144 29588 29588 I InputMethodManager: startInputInner - mService.startInputOrWindowGainedFocus
10-22 20:00:55.144  3957  3968 D InputMethodManagerService: startInputOrWindowGainedFocus : windowGainedFocus 
10-22 20:00:55.144  3957  3968 D InputMethodManagerService: windowGainedFocus: destinationUserId (getCallingUid) = 0
10-22 20:00:55.144  3957  3968 D InputMethodManagerService: windowGainedFocus: currentUserId=0
10-22 20:00:55.144  3957  3968 D InputMethodManagerService: windowGainedFocus: mCurrentFocusedUserId=0
10-22 20:00:55.144  3957  3968 D InputMethodManagerService: windowGainedFocus : lock - currentUserId = 0 destinationUserId = 0
10-22 20:00:55.144  3957  3981 I ActivityManager: Displayed com.example.batterymanager_utility/.MainActivity: +587ms
10-22 20:00:55.144  3957  3968 D InputMethodManagerService: windowGainedFocus : mCurrentFocusedUserId - 0 and mSecureKeypadEnabled - false, userSwitched - false
10-22 20:00:55.144  3957  3968 V InputMethodManagerService: windowGainedFocus : reason=WINDOW_FOCUS_GAIN client=android.os.BinderProxy@2360301 inputContext=null missingMethods= attribute=android.view.inputmethod.EditorInfo@b895f83 nm = com.example.batterymanager_utility controlFlags=#105 softInputMode=#120 windowFlags=#81810100
10-22 20:00:55.144  3957  3968 V InputMethodManagerService: hideCurrentInputLocked : shouldHideSoftInput is false
10-22 20:00:55.145  3957  3968 D InputMethodManagerService: isImeSwitcherDisabledPackage : false
10-22 20:00:55.145  3957  3968 V InputMethodManagerService: Creating new session for client ClientState{6e9c500 uid 10170 pid 29588}
10-22 20:00:55.145  3957  3981 D CustomFrequencyManagerService: acquireDVFSLockLocked : type : DVFS_MIN_LIMIT  frequency : 1560000  uid : 1000  pid : 3957  pkgName : AMS_RESUME_TAIL@CPU_MIN@58
10-22 20:00:55.145  3957  3981 D ActivityManagerPerformance: AMP_acquire() TAIL
10-22 20:00:55.145  3957  3981 D CustomFrequencyManagerService: releaseDVFSLockLocked : Getting Lock type frm List : DVFS_MIN_LIMIT  frequency : 1560000  uid : 1000  pid : 3957  tag : AMS_APP_SWITCH@CPU_MIN@52
10-22 20:00:55.145  3957  3981 D ActivityManagerPerformance: AMP_release() APP_SWITCH
10-22 20:00:55.147  3957  3968 D InputMethodManagerService: setCurrentInputInfo - inputContext : null eidtorInfo : android.view.inputmethod.EditorInfo@b895f83 missingMethods : 0
10-22 20:00:55.149  8846  8846 I InputMethodWrapper:  call dispatchStartInputWithToken
10-22 20:00:55.149  8846  8846 I InputMethodService: dispatchStartInputWithToken
10-22 20:00:55.150  8846  8846 I SKBD    : SamsungKeypad [IMI] onStartInput - caller pid : 29588, caller uid : 10170
10-22 20:00:55.162 29588 29588 V InputMethodManager: Starting input: tba=android.view.inputmethod.EditorInfo@c78721b nm : com.example.batterymanager_utility ic=null
10-22 20:00:55.166  8695  8695 D StageManager: saved stages : inStack [1] , outStack[2]
10-22 20:00:55.183  3447  3447 I SurfaceFlinger: Display 0 HWC layers:
10-22 20:00:55.183  3447  3447 I SurfaceFlinger:     type    |    handle    | flag |  format   |   source crop (l,t,r,b)    |         frame       | name 
10-22 20:00:55.183  3447  3447 I SurfaceFlinger: ------------+--------------+------+-----------+----------------------------+---------------------+------
10-22 20:00:55.183  3447  3447 I SurfaceFlinger:      Device | 0x7e9ec21c00 | 0002 | RGBA_8888 |   0.0    0.0  720.0 1280.0 |    0    0  720 1280 | com.example.batterymanager_utility/c[...]atterymanager_utility.MainActivity#0
10-22 20:00:55.183  3447  3447 I SurfaceFlinger:      Device | 0x7e9ecde440 | 0002 | RGBA_8888 |   0.0    0.0  720.0 1280.0 |    0    0  720 1280 | Splash Screen com.example.batterymanager_utility#0
10-22 20:00:55.183  3447  3447 I SurfaceFlinger:      Device | 0x7ea5024540 | 0000 | RGBA_8888 |   0.0    0.0  720.0   42.0 |    0    0  720   42 | StatusBar#0
10-22 20:00:55.183  3447  3447 I SurfaceFlinger: 
10-22 20:00:55.206  3957  4128 D WifiService: getConnectionInfo uid=1000
10-22 20:00:55.223  8778  8880 I WM-WorkerWrapper: Worker result SUCCESS for Work [ id=9a098356-701a-40bc-9715-731530aa38a2, tags={ com.google.apps.tiktok.contrib.work.TikTokListenableWorker, TikTokWorker#com.google.android.apps.gsa.staticplugins.opa.worker.nudgeui.ResetOpaNgaQueryCounterTask } ]
10-22 20:00:55.243  3957 12007 I SamsungAlarmManager: setLocked to kernel - T:2 / 20231022T200400, SetElapsed=1660222132, nowELAPSED=1660037302
10-22 20:00:55.244  3957 12007 D SamsungAlarmManager: setInexact Listener (T:2/F:0/AC:false) 20231022T200241 - CU:1000/CP:3957
10-22 20:00:55.245  3957 12007 D SamsungAlarmManager: setInexact Listener (T:2/F:0/AC:false) 20231022T200237 - CU:1000/CP:3957
10-22 20:00:55.245  3957 12007 I SamsungAlarmManager: setLocked to kernel - T:2 / 20231022T200237, SetElapsed=1660139959, nowELAPSED=1660037303
10-22 20:00:55.309  4961  4961 D io_stats: !@ 179,0 r 10154536 333302688 w 2164838 42368328 d 174524 37294424 f 640693 666211 iot 4644568 4002317 th 51200 0 0 pt 0 inp 0 0 604061.893
10-22 20:00:55.315  3957  4089 D MdnieScenarioControlService:  packageName : com.example.batterymanager_utility    className : com.example.batterymanager_utility.MainActivity
10-22 20:00:55.315  3957  4089 V MdnieScenarioControlService: setUIMode from UI function(3)
10-22 20:00:55.331  3957  4025 I WindowManager: Destroying surface Surface(name=Splash Screen com.example.batterymanager_utility) called by com.android.server.wm.WindowStateAnimator.destroySurface:2501 com.android.server.wm.WindowStateAnimator.destroySurfaceLocked:985 com.android.server.wm.WindowState.destroyOrSaveSurfaceUnchecked:3670 com.android.server.wm.WindowState.destroySurface:3618 com.android.server.wm.AppWindowToken.destroySurfaces:722 com.android.server.wm.AppWindowToken.destroySurfaces:706 com.android.server.wm.WindowState.onExitAnimationDone:5316 com.android.server.wm.WindowStateAnimator.stepAnimationLocked:550 
10-22 20:00:55.331  3447  3489 I SurfaceFlinger: id=3485 Removed Splash Screen com.example.batterymanager_utility#0 (3/5)
10-22 20:00:55.332  3447  3447 I SurfaceFlinger: Display 0 HWC layers:
10-22 20:00:55.332  3447  3447 I SurfaceFlinger:     type    |    handle    | flag |  format   |   source crop (l,t,r,b)    |         frame       | name 
10-22 20:00:55.332  3447  3447 I SurfaceFlinger: ------------+--------------+------+-----------+----------------------------+---------------------+------
10-22 20:00:55.332  3447  3447 I SurfaceFlinger:      Device | 0x7e9ec21c00 | 0002 | RGBA_8888 |   0.0    0.0  720.0 1280.0 |    0    0  720 1280 | com.example.batterymanager_utility/c[...]atterymanager_utility.MainActivity#0
10-22 20:00:55.332  3447  3447 I SurfaceFlinger:      Device | 0x7ea5024540 | 0000 | RGBA_8888 |   0.0    0.0  720.0   42.0 |    0    0  720   42 | StatusBar#0
10-22 20:00:55.332  3447  3447 I SurfaceFlinger: 
10-22 20:00:55.336  3447  4088 I SurfaceFlinger: id=3485 Removed Splash Screen com.example.batterymanager_utility#0 (-2/5)
10-22 20:00:55.347  3447  3447 I Layer   : id=3485 onRemoved Splash Screen com.example.batterymanager_utility#0 
10-22 20:00:55.746  3957  3957 D CustomFrequencyManagerService: releaseDVFSLockLocked : Getting Lock type frm List : DVFS_MIN_LIMIT  frequency : 1560000  uid : 1000  pid : 3957  tag : AMS_RESUME_TAIL@CPU_MIN@58
10-22 20:00:56.102  3957  4129 D WifiStateMachine:  ConnectedState !RSSI_PKTCNT_FETCH uid=1000 rt=604062685/1660038158 0 0 "ourhome" f4:6d:2f:12:cc:88 rssi=-43 f=5240 sc=60 link=433 tx=0.1, 0.0, 0.0  rx=3.4 bcn=605376 [on:0 tx:0 rx:0 period:1004] from screen [on:426748 period:2599770] score=60
10-22 20:00:56.105  3957  4129 D WifiStateMachine:  L2ConnectedState !RSSI_PKTCNT_FETCH uid=1000 rt=604062688/1660038161 0 0 "ourhome" f4:6d:2f:12:cc:88 rssi=-43 f=5240 sc=60 link=433 tx=0.1, 0.0, 0.0  rx=3.4 bcn=605376 [on:0 tx:0 rx:0 period:2] from screen [on:426748 period:2599772] score=60
10-22 20:00:56.112  3957  4129 D WifiStateMachine: fetchRssiLinkSpeedAndFrequencyNative rssi=-43 linkspeed=433 freq=5240
10-22 20:00:56.112  3957  4129 V WifiConfigManager: Updating scan detail cache freq=5240 BSSID=f4:6d:2f:12:cc:88 RSSI=-42 for "ourhome"WPA_PSK
10-22 20:00:56.209  3957  4128 D WifiService: getConnectionInfo uid=1000
10-22 20:00:56.568  3957  3957 D PreBindingService: handleMessage : 1
10-22 20:00:57.104  3957  4129 D WifiStateMachine:  ConnectedState !RSSI_PKTCNT_FETCH uid=1000 rt=604063687/1660039160 0 0 "ourhome" f4:6d:2f:12:cc:88 rssi=-43 f=5240 sc=60 link=433 tx=0.1, 0.0, 0.0  rx=3.4 bcn=605376 [on:0 tx:0 rx:0 period:1000] from screen [on:426748 period:2600772] score=60
10-22 20:00:57.107  3957  4129 D WifiStateMachine:  L2ConnectedState !RSSI_PKTCNT_FETCH uid=1000 rt=604063690/1660039163 0 0 "ourhome" f4:6d:2f:12:cc:88 rssi=-43 f=5240 sc=60 link=433 tx=0.1, 0.0, 0.0  rx=3.4 bcn=605376 [on:0 tx:0 rx:0 period:2] from screen [on:426748 period:2600774] score=60
10-22 20:00:57.114  3957  4129 D WifiStateMachine: fetchRssiLinkSpeedAndFrequencyNative rssi=-42 linkspeed=433 freq=5240
10-22 20:00:57.115  3957  4129 V WifiConfigManager: Updating scan detail cache freq=5240 BSSID=f4:6d:2f:12:cc:88 RSSI=-42 for "ourhome"WPA_PSK
10-22 20:00:57.212  3957  4128 D WifiService: getConnectionInfo uid=1000
10-22 20:00:57.255  3957  4129 D WifiStateMachine:  ConnectedState !CMD_RSSI_POLL rt=604063839/1660039311 122 0 "ourhome" f4:6d:2f:12:cc:88 rssi=-42 f=5240 sc=60 link=433 tx=0.1, 0.0, 0.0  rx=3.4 bcn=605376 [on:0 tx:0 rx:0 period:149] from screen [on:426748 period:2600923] score=60
10-22 20:00:57.258  3957  4129 D WifiStateMachine:  L2ConnectedState !CMD_RSSI_POLL rt=604063841/1660039314 122 0 "ourhome" f4:6d:2f:12:cc:88 rssi=-42 f=5240 sc=60 link=433 tx=0.1, 0.0, 0.0  rx=3.4 bcn=605376 [on:0 tx:0 rx:0 period:3] from screen [on:426748 period:2600926] score=60
10-22 20:00:57.258  3957  4129 D WifiStateMachine:  get link layer stats 3
10-22 20:00:57.260  3436  3436 I android.hardware.wifi@1.0-service: getLinkLayerStats
10-22 20:00:57.270  3957  4129 D WifiStateMachine: fetchRssiLinkSpeedAndFrequencyNative rssi=-42 linkspeed=433 freq=5240
10-22 20:00:57.270  3957  4129 V WifiConfigManager: Updating scan detail cache freq=5240 BSSID=f4:6d:2f:12:cc:88 RSSI=-42 for "ourhome"WPA_PSK
10-22 20:00:57.277  4340  4340 E SignalClusterView: setSlotFocusVisible : subId -2
10-22 20:00:57.277  4340  4340 E SignalClusterView: setSlotFocusVisible : subId -2
10-22 20:00:57.454  4340  4731 D NetworkController.MobileSignalController(0/-2): onSignalStrengthsChanged signalStrength=SignalStrength: 21 99 -21 -200 -21 -200 -1 99 2147483647 2147483647 2147483647 2147483647 0 2147483647 0x4 P gsm|lte level=4
10-22 20:00:57.454  4340  4731 D NetworkController.MobileSignalController(0/-2): getMobileIconGroup(): 0
10-22 20:00:57.584  9273  9310 D ScanRecord: Not a Multi Manu data
10-22 20:00:58.065  9273  9310 I chatty  : uid=1002(bluetooth) BT Service Call identical 691 lines
10-22 20:00:58.065  9273  9310 D ScanRecord: Not a Multi Manu data
10-22 20:00:58.105  3957  4129 D WifiStateMachine:  ConnectedState !RSSI_PKTCNT_FETCH uid=1000 rt=604064689/1660040161 0 0 "ourhome" f4:6d:2f:12:cc:88 rssi=-42 f=5240 sc=60 link=433 tx=0.0, 0.0, 0.0  rx=1.2 bcn=605405 [on:0 tx:0 rx:0 period:831] from screen [on:426820 period:2601773] score=60
10-22 20:00:58.108  3957  4129 D WifiStateMachine:  L2ConnectedState !RSSI_PKTCNT_FETCH uid=1000 rt=604064691/1660040164 0 0 "ourhome" f4:6d:2f:12:cc:88 rssi=-42 f=5240 sc=60 link=433 tx=0.0, 0.0, 0.0  rx=1.2 bcn=605405 [on:0 tx:0 rx:0 period:3] from screen [on:426820 period:2601776] score=60
10-22 20:00:58.116  3957  4129 D WifiStateMachine: fetchRssiLinkSpeedAndFrequencyNative rssi=-44 linkspeed=433 freq=5240
10-22 20:00:58.116  3957  4129 V WifiConfigManager: Updating scan detail cache freq=5240 BSSID=f4:6d:2f:12:cc:88 RSSI=-43 for "ourhome"WPA_PSK
10-22 20:00:58.215  3957  4128 D WifiService: getConnectionInfo uid=1000
10-22 20:00:58.432  3957  6478 D SSRM:k  : SIOP:: AP = 350, PST = 360 (W:14), BAT = 293, USB = 0, CHG = 0
10-22 20:00:58.547  3957  6478 D WifiService: getConnectionInfo uid=1000
10-22 20:00:59.107  3957  4129 D WifiStateMachine:  ConnectedState !RSSI_PKTCNT_FETCH uid=1000 rt=604065690/1660041162 0 0 "ourhome" f4:6d:2f:12:cc:88 rssi=-44 f=5240 sc=60 link=433 tx=0.0, 0.0, 0.0  rx=1.2 bcn=605405 [on:0 tx:0 rx:0 period:998] from screen [on:426820 period:2602774] score=60
10-22 20:00:59.109  3957  4129 D WifiStateMachine:  L2ConnectedState !RSSI_PKTCNT_FETCH uid=1000 rt=604065693/1660041165 0 0 "ourhome" f4:6d:2f:12:cc:88 rssi=-44 f=5240 sc=60 link=433 tx=0.0, 0.0, 0.0  rx=1.2 bcn=605405 [on:0 tx:0 rx:0 period:3] from screen [on:426820 period:2602777] score=60
10-22 20:00:59.113  3957  4129 D WifiStateMachine: fetchRssiLinkSpeedAndFrequencyNative rssi=-44 linkspeed=433 freq=5240
10-22 20:00:59.114  3957  4129 V WifiConfigManager: Updating scan detail cache freq=5240 BSSID=f4:6d:2f:12:cc:88 RSSI=-43 for "ourhome"WPA_PSK
10-22 20:00:59.218  3957  4128 D WifiService: getConnectionInfo uid=1000
10-22 20:00:59.583 11094 11094 E adbd    : recv: OPEN 000333e1 00000000 003f:73 68 65 6C 6C 2C 76 32 2C 54 45 52 4D 3D 78 74 65 72 6D 2D 32 35 36 63 6F 6C 6F 72 2C 72 61 77 3A 6D 6F 6E 6B 65 79 20 2D 70 20 6F 72 67 2E 6D 6F 7A 69 6C 6C 61 2E 66 65 6E 69 78 20 31 00 
10-22 20:00:59.583 11094 11094 E adbd    : service_to_fd: shell,v2,TERM=xterm-256color,raw:monkey -p org.mozilla.fenix 1
10-22 20:01:00.000  3957  4045 D SamsungAlarmManager: Expired : 8
10-22 20:01:00.000  3957  4045 V SamsungAlarmManager: Sending to uid : 1000 action=android.intent.action.TIME_TICK alarm=Alarm{7f870df type 3 when 1660042058 android}
10-22 20:01:00.002  3957  4045 V SamsungAlarmManager: Sending to uid : 10074 action=com.samsung.action.EVERY_MINUTE_CLOCK_UPDATE alarm=Alarm{7c687f5 type 1 when 1697997660000 com.sec.android.app.launcher}
10-22 20:01:00.005  8695  8695 I Launcher: onReceive: com.samsung.action.EVERY_MINUTE_CLOCK_UPDATE
10-22 20:01:00.007  3957  3957 D SamsungAlarmManager: setExact Intent (T:3/F:1/AC:false) 20231022T200200 - CU:1000/CP:3957
10-22 20:01:00.008  3957  3957 I SamsungAlarmManager: setLocked to kernel - T:3 / 20231022T200159, SetElapsed=1660102058, nowELAPSED=1660042066
10-22 20:01:00.009  4340  4340 D KeyguardUpdateMonitor: received broadcast android.intent.action.TIME_TICK
10-22 20:01:00.010  4340  4340 D KeyguardServiceBoxContainer: refreshTime() 1
10-22 20:01:00.015  3957 12007 D SamsungAlarmManager: setInexact Intent (T:1/F:0/AC:false) 20231022T200200 - CU:10074/CP:8695
10-22 20:01:00.015  8695  8695 I IconView: applyFromShortcutInfo - start GetLive : com.samsung.android.calendar
10-22 20:01:00.016  8695  8695 I IconView: applyFromShortcutInfo - end GetLive : com.samsung.android.calendar
10-22 20:01:00.016  8695  8695 I IconView: applyFromApplicationInfo - start GetLive : com.sec.android.app.clockpackage
10-22 20:01:00.019  8695  8695 D ApplicationPackageManager: we has com.sec.android.app.clockpackage class. reuse it 
10-22 20:01:00.019  8695  8695 D LiveIconLoader: getLiveIcon was called in ClockPackage
10-22 20:01:00.020  8695  8695 D LiveIconLoader: getLiveIcon res = com.sec.android.app.clockpackage
10-22 20:01:00.021  8695  8695 D LiveIconLoader: stdIconSize : 84 , targetIconSize : 94
10-22 20:01:00.021  8695  8695 D LiveIconLoader: mIconDpi : 320 , mTargetIconDpi : 280
10-22 20:01:00.022  4340  4340 D KeyguardUpdateMonitor: handleStatusBarState( false )
10-22 20:01:00.029  8695  8695 I ApplicationPackageManager: load= live icon for com.sec.android.app.clockpackage, from overlay = false
10-22 20:01:00.030  8695  8695 I LiveIconManager: getLiveIcon: complete(sync_created)
10-22 20:01:00.030  8695  8695 I IconView: applyFromApplicationInfo - end GetLive : com.sec.android.app.clockpackage
10-22 20:01:00.030  8695  8695 I IconView: applyFromApplicationInfo - start GetLive : com.samsung.android.calendar
10-22 20:01:00.030  8695  8695 I IconView: applyFromApplicationInfo - end GetLive : com.samsung.android.calendar
10-22 20:01:00.056  4340  4340 D KeyguardUpdateMonitor: handleStatusBarState( false )
10-22 20:01:00.105  3957  4129 D WifiStateMachine:  ConnectedState !RSSI_PKTCNT_FETCH uid=1000 rt=604066690/1660042163 0 0 "ourhome" f4:6d:2f:12:cc:88 rssi=-44 f=5240 sc=60 link=433 tx=0.0, 0.0, 0.0  rx=1.2 bcn=605405 [on:0 tx:0 rx:0 period:996] from screen [on:426820 period:2603773] score=60
10-22 20:01:00.106  3957  4129 D WifiStateMachine:  L2ConnectedState !RSSI_PKTCNT_FETCH uid=1000 rt=604066691/1660042164 0 0 "ourhome" f4:6d:2f:12:cc:88 rssi=-44 f=5240 sc=60 link=433 tx=0.0, 0.0, 0.0  rx=1.2 bcn=605405 [on:0 tx:0 rx:0 period:1] from screen [on:426820 period:2603774] score=60
10-22 20:01:00.110 29588 29623 D ProfileInstaller: Installing profile for com.example.batterymanager_utility
10-22 20:01:00.113  3957  4129 D WifiStateMachine: fetchRssiLinkSpeedAndFrequencyNative rssi=-45 linkspeed=433 freq=5240
10-22 20:01:00.113  3957  4129 V WifiConfigManager: Updating scan detail cache freq=5240 BSSID=f4:6d:2f:12:cc:88 RSSI=-44 for "ourhome"WPA_PSK
10-22 20:01:00.115 29588 29593 I zygote64: Do partial code cache collection, code=30KB, data=25KB
10-22 20:01:00.115 29588 29593 I zygote64: After code cache collection, code=30KB, data=25KB
10-22 20:01:00.115 29588 29593 I zygote64: Increasing code cache capacity to 128KB
10-22 20:01:00.146 29621 29621 W ADebug  : Failed to get property persist.sys.media.traces
10-22 20:01:00.149 29621 29621 E appproc : Enhanced Zygote ASLR: ro.knox.enhance.zygote.aslr != 1. Enhanced Zygote ASLR is DISABLED!
10-22 20:01:00.149 29621 29621 D AndroidRuntime: >>>>>> START com.android.internal.os.RuntimeInit uid 2000 <<<<<<
10-22 20:01:00.156 29621 29621 D SecNativeFeatureCppIf: encoded
10-22 20:01:00.156 29621 29621 D SecNativeFeatureCppIf: decoding and unzip finish
10-22 20:01:00.156 29621 29621 D SecNativeFeatureCppIf: use unCompDataBuff. encoded
10-22 20:01:00.157 29621 29621 D SecNativeFeatureCppIf: Free unCompDataBuff
10-22 20:01:00.157 29621 29621 D SecNativeFeatureCppIf: encoded
10-22 20:01:00.157 29621 29621 D SecNativeFeatureCppIf: decoding and unzip finish
10-22 20:01:00.157 29621 29621 D SecNativeFeatureCppIf: use unCompDataBuff. encoded
10-22 20:01:00.157 29621 29621 D SecNativeFeatureCppIf: Free unCompDataBuff
10-22 20:01:00.157 29621 29621 D SecNativeFeatureCppIf: encoded
10-22 20:01:00.157 29621 29621 D SecNativeFeatureCppIf: decoding and unzip finish
10-22 20:01:00.157 29621 29621 D SecNativeFeatureCppIf: use unCompDataBuff. encoded
10-22 20:01:00.157 29621 29621 D SecNativeFeatureCppIf: Free unCompDataBuff
10-22 20:01:00.157 29621 29621 D SecNativeFeatureCppIf: encoded
10-22 20:01:00.157 29621 29621 D SecNativeFeatureCppIf: decoding and unzip finish
10-22 20:01:00.157 29621 29621 D SecNativeFeatureCppIf: use unCompDataBuff. encoded
10-22 20:01:00.157 29621 29621 D SecNativeFeatureCppIf: Free unCompDataBuff
10-22 20:01:00.221  3957  4128 D WifiService: getConnectionInfo uid=1000
10-22 20:01:00.272 29621 29621 D ICU     : Timezone override file found: /data/misc/zoneinfo/current/icu/icu_tzdata.dat
10-22 20:01:00.274  3957  4129 D WifiStateMachine:  ConnectedState !CMD_RSSI_POLL rt=604066857/1660042330 122 0 "ourhome" f4:6d:2f:12:cc:88 rssi=-45 f=5240 sc=60 link=433 tx=0.0, 0.0, 0.0  rx=1.2 bcn=605405 [on:0 tx:0 rx:0 period:167] from screen [on:426820 period:2603941] score=60
10-22 20:01:00.276  3957  4129 D WifiStateMachine:  L2ConnectedState !CMD_RSSI_POLL rt=604066860/1660042332 122 0 "ourhome" f4:6d:2f:12:cc:88 rssi=-45 f=5240 sc=60 link=433 tx=0.0, 0.0, 0.0  rx=1.2 bcn=605405 [on:0 tx:0 rx:0 period:3] from screen [on:426820 period:2603944] score=60
10-22 20:01:00.276  3957  4129 D WifiStateMachine:  get link layer stats 3
10-22 20:01:00.277  3436  3436 I android.hardware.wifi@1.0-service: getLinkLayerStats
10-22 20:01:00.295  3957  4129 D WifiStateMachine: fetchRssiLinkSpeedAndFrequencyNative rssi=-45 linkspeed=433 freq=5240
10-22 20:01:00.296  3957  4129 V WifiConfigManager: Updating scan detail cache freq=5240 BSSID=f4:6d:2f:12:cc:88 RSSI=-44 for "ourhome"WPA_PSK
10-22 20:01:00.297 29621 29621 I app_process: find the special shared library, skip check
10-22 20:01:00.301  4340  4340 E SignalClusterView: setSlotFocusVisible : subId -2
10-22 20:01:00.301  4340  4340 E SignalClusterView: setSlotFocusVisible : subId -2
10-22 20:01:00.313  4961  4961 D io_stats: !@ 179,0 r 10154707 333308356 w 2164864 42368604 d 174529 37294568 f 640695 666213 iot 4644652 4002398 th 51200 0 0 pt 0 inp 0 0 604066.897
10-22 20:01:00.341 29621 29621 D SemCscFeature: Encoded
10-22 20:01:00.344 29621 29621 I chatty  : uid=2000(shell) identical 2 lines
10-22 20:01:00.345 29621 29621 D SemCscFeature: Encoded
10-22 20:01:00.346 29621 29621 E SemAffinityControl: SemAffinityControl: registerfunction enter
10-22 20:01:00.353 29621 29621 D AndroidRuntime: Calling main entry com.android.commands.monkey.Monkey
10-22 20:01:00.384  3957  3972 W BroadcastQueue: Skipping deliver [background] BroadcastRecord{dc4ae71 u-1 android.net.conn.CONNECTIVITY_CHANGE} to ReceiverList{64ae456 29621 (unknown name)/2000/u-1 remote:51d3bfb}: process gone or crashing
10-22 20:01:00.428  3957  9774 I ActivityManager: START u0 {act=android.intent.action.MAIN typ=null flg=0x10200000 cmp=ComponentInfo{org.mozilla.fenix/org.mozilla.fenix.App}} from uid 2000
10-22 20:01:00.429  3957  9774 W Binder  : Outgoing transactions from this process must be FLAG_ONEWAY
10-22 20:01:00.429  3957  9774 W Binder  : java.lang.Throwable
10-22 20:01:00.429  3957  9774 W Binder  : 	at android.os.BinderProxy.transact(Binder.java:744)
10-22 20:01:00.429  3957  9774 W Binder  : 	at android.app.IActivityController$Stub$Proxy.activityStarting(IActivityController.java:172)
10-22 20:01:00.429  3957  9774 W Binder  : 	at com.android.server.am.ActivityStarter.startActivity(ActivityStarter.java:648)
10-22 20:01:00.429  3957  9774 W Binder  : 	at com.android.server.am.ActivityStarter.startActivityLocked(ActivityStarter.java:410)
10-22 20:01:00.429  3957  9774 W Binder  : 	at com.android.server.am.ActivityStarter.startActivityMayWait(ActivityStarter.java:1283)
10-22 20:01:00.429  3957  9774 W Binder  : 	at com.android.server.am.ActivityManagerService.startActivityAsUser(ActivityManagerService.java:6033)
10-22 20:01:00.429  3957  9774 W Binder  : 	at com.android.server.am.ActivityManagerService.startActivity(ActivityManagerService.java:5885)
10-22 20:01:00.429  3957  9774 W Binder  : 	at android.app.IActivityManager$Stub.onTransact(IActivityManager.java:121)
10-22 20:01:00.429  3957  9774 W Binder  : 	at com.android.server.am.ActivityManagerService.onTransact(ActivityManagerService.java:3861)
10-22 20:01:00.429  3957  9774 W Binder  : 	at android.os.Binder.execTransact(Binder.java:682)
10-22 20:01:00.432  3957  9774 D CustomFrequencyManagerService: acquireDVFSLockLocked : type : DVFS_MIN_LIMIT  frequency : 1560000  uid : 1000  pid : 3957  pkgName : AMS_APP_SWITCH@CPU_MIN@52
10-22 20:01:00.434  3957  9774 D ActivityManagerPerformance: AMP_acquire() APP_SWITCH
10-22 20:01:00.434  3957  5022 D ActivityManagerPerformance: Received MSG_CFMS_HINT_AMS_SWITCH pkgName: org.mozilla.fenix
10-22 20:01:00.436  3957  6478 D WifiService: getConnectionInfo uid=1000
10-22 20:01:00.442  3957  3968 V WindowManager: rotationForOrientationLw(orient=-1, last=0); user=0  sensorRotation=-1 mLidState=-1 mDockMode=0 mHdmiPlugged=false
10-22 20:01:00.443  3957  9774 D ActivityManager: isScaleDownAnimationEnabled() : false
10-22 20:01:00.444  3957  3968 V WindowManager: rotationForOrientationLw(orient=-1, last=0); user=0  sensorRotation=-1 mLidState=-1 mDockMode=0 mHdmiPlugged=false
10-22 20:01:00.444  3957  9774 D StorageManagerService: getExternalStorageMountMode : 1
10-22 20:01:00.444  3957  9774 D StorageManagerService: getExternalStorageMountMode : 3
10-22 20:01:00.444  3957  9774 D StorageManagerService: getExternalStorageMountMode : final mountMode=1, uid : 10169, packageName : org.mozilla.fenix
10-22 20:01:00.445  3957  9774 I ApplicationPolicy: isApplicationExternalStorageWhitelisted:org.mozilla.fenix user:0
10-22 20:01:00.445  3957  9774 D ApplicationPolicy: isApplicationExternalStorageWhitelisted: DO is not enabled on user 0. Allowed.
10-22 20:01:00.445  3957  9774 D ActivityManager: package  org.mozilla.fenix, user - 0 is SDcard whitelisted
10-22 20:01:00.445  3957  9774 I ApplicationPolicy: isApplicationExternalStorageBlacklisted:org.mozilla.fenix user:0
10-22 20:01:00.445  3957  9774 D ApplicationPolicy: isApplicationExternalStorageBlacklisted: DO is not enabled on user 0. Allowed.
10-22 20:01:00.458  3957  9774 I ActivityManager: Start proc 29632:org.mozilla.fenix/u0a169 for activity org.mozilla.fenix/.App
10-22 20:01:00.458 29632 29632 E Zygote  : isWhitelistProcess - Process is Whitelisted
10-22 20:01:00.458  3957  4025 D ViewRootImpl@a33fdae[fenix]: setView = DecorView@de5cedc[fenix] TM=true MM=false
10-22 20:01:00.459 29632 29632 E libpersona: scanKnoxPersonas
10-22 20:01:00.459 29632 29632 E libpersona: Couldn't open the File - /data/system/users/0/personalist.xml - No such file or directory
10-22 20:01:00.461 29632 29632 W SELinux : SELinux selinux_android_compute_policy_index : Policy Index[2],  Con:u:r:zygote:s0 RAM:SEPF_SM-J720F_8.0.0_0002, [-1 -1 -1 -1 0 1]
10-22 20:01:00.461 29632 29632 I SELinux : SELinux: seapp_context_lookup: seinfo=untrusted, level=s0:c512,c768, pkgname=org.mozilla.fenix 
10-22 20:01:00.464  3957  3973 V WindowManager: rotationForOrientationLw(orient=-1, last=0); user=0  sensorRotation=-1 mLidState=-1 mDockMode=0 mHdmiPlugged=false
10-22 20:01:00.465 29621 29621 I com.android.commands.monkey: System.exit called, status: 0
10-22 20:01:00.465 29621 29621 I AndroidRuntime: VM exiting with result code 0.
10-22 20:01:00.468  3957  3973 V WindowManager: rotationForOrientationLw(orient=-1, last=0); user=0  sensorRotation=-1 mLidState=-1 mDockMode=0 mHdmiPlugged=false
10-22 20:01:00.470  4340  4731 D Tile.RotationLockTile:  handleUpdateState: true orientation = true
10-22 20:01:00.472  3957  4025 D ViewRootImpl@a33fdae[fenix]: dispatchAttachedToWindow
10-22 20:01:00.472  3957  4025 V WindowManager: Relayout Window{202374f u0 Splash Screen org.mozilla.fenix}: viewVisibility=0 req=719x1237 WM.LayoutParams{(0,0)(fillxfill) sim=#20 ty=3 fl=#81830118 pfl=0x20011 fmt=-3 wanim=0x10302ea vsysui=0x600 needsMenuKey=2 colorMode=0 naviIconColor=0}
10-22 20:01:00.473  3447  3447 I SurfaceFlinger: id=3487 createSurf (720x1280),1 flag=4, Splash Screen org.mozilla.fenix#0
10-22 20:01:00.474  3957  4025 V Surface : sf_framedrop debug : 0x4f4c, game : false, logging : 0
10-22 20:01:00.474  4340  4731 D Tile.RotationLockTile:  handleUpdateState: true orientation = true
10-22 20:01:00.476  3957  4025 D InputDispatcher: Focus left window: 29588
10-22 20:01:00.477  3957  4025 D ViewRootImpl@a33fdae[fenix]: Relayout returned: old=[0,0][0,0] new=[0,0][720,1280] result=0x7 surface={valid=true 501282439168} changed=true
10-22 20:01:00.477 29588 29588 D ViewRootImpl@4470b6[MainActivity]: MSG_WINDOW_FOCUS_CHANGED 0
10-22 20:01:00.478  3957  4025 D ViewRootImpl@a33fdae[fenix]: MSG_RESIZED_REPORT: frame=Rect(0, 0 - 720, 1280) ci=Rect(0, 42 - 0, 0) vi=Rect(0, 42 - 0, 0) or=1
10-22 20:01:00.481 29632 29632 D TimaKeyStoreProvider: TimaKeyStore is not enabled: cannot add TimaSignature Service and generateKeyPair Service
10-22 20:01:00.482 29632 29632 D ActivityThread: Added TimaKeyStore provider
10-22 20:01:00.484  3957 12007 I ActivityManager: DSS on for org.mozilla.fenix and scale is 1.0
10-22 20:01:00.495  3957 12007 D PersonaManagerService: Current focused persona service handled id set to : 0
10-22 20:01:00.495  3957 12007 D InputDispatcher: Focused application set to: xxxx
10-22 20:01:00.497  3957  4220 D GameManagerService: handleForegroundChange(). pkgName: org.mozilla.fenix, clsName: org.mozilla.fenix.HomeActivity,FgActivityName:org.mozilla.fenix/.HomeActivity
10-22 20:01:00.497  3957 12007 D MARsPolicyManager: onPackageResumedFG pkgName = org.mozilla.fenix, userId = 0
10-22 20:01:00.497  3957  4220 D GameManagerService: sem_perfomance_mode: 3
10-22 20:01:00.497  3957  4220 D GameManagerService: notifyResumePause(). pkg: org.mozilla.fenix, type: 4, isMinimized: false, isTunableApp: false
10-22 20:01:00.497  3957  4220 D GameManagerService:   notifyResumePause(). unexpected mPrevNotiType: -1
10-22 20:01:00.499  3957  6478 D GamePkgDataHelper: getGamePkgDataIncServer(). org.mozilla.fenix
10-22 20:01:00.500  3957  6478 D GameManagerService: identifyGamePackage. org.mozilla.fenix
10-22 20:01:00.500  3957  6478 D GamePkgDataHelper: getGamePkgData(). org.mozilla.fenix
10-22 20:01:00.501  3957  6478 D GameManagerService: identifyGamePackage. org.mozilla.fenix
10-22 20:01:00.501  3957  6478 D GamePkgDataHelper: getGamePkgData(). org.mozilla.fenix
10-22 20:01:00.501  3957  6478 D GamePkgDataHelper: getSosPolicy(). org.mozilla.fenix
10-22 20:01:00.504  3957  6478 D GameManagerService: identifyGamePackage. org.mozilla.fenix
10-22 20:01:00.504  3957  4025 V WindowManager: finishDrawingLocked: mDrawState=COMMIT_DRAW_PENDING Window{202374f u0 Splash Screen org.mozilla.fenix} in Surface(name=Splash Screen org.mozilla.fenix)
10-22 20:01:00.504  3957  6478 D GamePkgDataHelper: getGamePkgData(). org.mozilla.fenix
10-22 20:01:00.505  3957  6478 D GameManagerService: identifyGamePackage. org.mozilla.fenix
10-22 20:01:00.505  3957  6478 D GamePkgDataHelper: getGamePkgData(). org.mozilla.fenix
10-22 20:01:00.513 29632 29632 I zygote64: no shared libraies, dex_files: 1
10-22 20:01:00.521  3447  3447 V Surface : sf_framedrop debug : 0x4f4c, game : false, logging : 0
10-22 20:01:00.524 29588 29605 D OpenGLRenderer: eglDestroySurface = 0x74d44adb40
10-22 20:01:00.531  3957  4025 D TaskSnapshotCache: putSnapshot mTaskId=613 RunningCache size=1
