--------- beginning of main
10-22 19:39:07.028 11094 11094 E adbd    : recv: OPEN 000330ed 00000000 0042:73 68 65 6C 6C 2C 76 32 2C 54 45 52 4D 3D 78 74 65 72 6D 2D 32 35 36 63 6F 6C 6F 72 2C 72 61 77 3A 67 65 74 70 72 6F 70 20 72 6F 2E 62 75 69 6C 64 2E 76 65 72 73 69 6F 6E 2E 72 65 6C 65 61 73 65 00 
10-22 19:39:07.028 11094 11094 E adbd    : service_to_fd: shell,v2,TERM=xterm-256color,raw:getprop ro.build.version.release
10-22 19:39:07.095 11094 11094 E adbd    : recv: OPEN 000330f1 00000000 003e:73 68 65 6C 6C 2C 76 32 2C 54 45 52 4D 3D 78 74 65 72 6D 2D 32 35 36 63 6F 6C 6F 72 2C 72 61 77 3A 67 65 74 70 72 6F 70 20 72 6F 2E 62 75 69 6C 64 2E 76 65 72 73 69 6F 6E 2E 73 64 6B 00 
10-22 19:39:07.095 11094 11094 E adbd    : service_to_fd: shell,v2,TERM=xterm-256color,raw:getprop ro.build.version.sdk
10-22 19:39:07.168 11094 11094 E adbd    : recv: OPEN 000330f5 00000000 00c4:73 68 65 6C 6C 2C 76 32 2C 54 45 52 4D 3D 78 74 65 72 6D 2D 32 35 36 63 6F 6C 6F 72 2C 72 61 77 3A 61 6D 20 73 74 61 72 74 20 2D 6E 20 22 63 6F 6D 2E 65 78 61 6D 70 6C 65 2E 62 61 74 74 65 72 79 6D 61 6E 61 67 65 72 5F 75 74 69 6C 69 74 79 2F 63 6F 6D 2E 65 78 61 6D 70 6C 65 2E 62 61 74 74 65 72 79 6D 61 6E 61 67 65 72 5F 75 74 69 6C 69 74 79 2E 4D 61 69 6E 41 63 74 69 76 69 74 79 22 20 2D 61 20 61 6E 64 72 6F 69 64 2E 69 6E 74 65 6E 74 2E 61 63 74 69 6F 6E 2E 4D 41 49 4E 20 2D 63 20 61 6E 64 72 6F 69 64 2E 69 6E 74 65 6E 74 2E 63 61 74 65 67 6F 72 79 2E 4C 41 55 4E 43 48 45 52 00 
10-22 19:39:07.168 11094 11094 E adbd    : service_to_fd: shell,v2,TERM=xterm-256color,raw:am start -n "com.example.batterymanager_utility/com.example.batterymanager_utility.MainActivity" -a android.intent.action.MAIN -c android.intent.category.LAUNCHER
10-22 19:39:07.225  3957  4129 D WifiStateMachine:  ConnectedState !RSSI_PKTCNT_FETCH uid=1000 rt=602753809/1658729282 0 0 "ourhome" f4:6d:2f:12:cc:88 rssi=-41 f=5240 sc=60 link=433 tx=0.1, 0.0, 0.0  rx=0.4 bcn=593658 [on:0 tx:0 rx:0 period:751] from screen [on:198735 period:1290893] score=60
10-22 19:39:07.226  3957  4129 D WifiStateMachine:  L2ConnectedState !RSSI_PKTCNT_FETCH uid=1000 rt=602753811/1658729283 0 0 "ourhome" f4:6d:2f:12:cc:88 rssi=-41 f=5240 sc=60 link=433 tx=0.1, 0.0, 0.0  rx=0.4 bcn=593658 [on:0 tx:0 rx:0 period:1] from screen [on:198735 period:1290894] score=60
10-22 19:39:07.232  3957  4129 D WifiStateMachine: fetchRssiLinkSpeedAndFrequencyNative rssi=-42 linkspeed=433 freq=5240
10-22 19:39:07.233  3957  4129 V WifiConfigManager: Updating scan detail cache freq=5240 BSSID=f4:6d:2f:12:cc:88 RSSI=-41 for "ourhome"WPA_PSK
--------- beginning of system
10-22 19:39:07.259  3957  5413 I ActivityManager: START u0 {act=android.intent.action.MAIN typ=null flg=0x10000000 cmp=ComponentInfo{com.example.batterymanager_utility/com.example.batterymanager_utility.MainActivity}} from uid 2000
10-22 19:39:07.260  3957  5413 D CustomFrequencyManagerService: acquireDVFSLockLocked : type : DVFS_MIN_LIMIT  frequency : 1560000  uid : 1000  pid : 3957  pkgName : AMS_APP_SWITCH@CPU_MIN@52
10-22 19:39:07.263  3957  5413 D ActivityManagerPerformance: AMP_acquire() APP_SWITCH
10-22 19:39:07.263  3957  5022 D ActivityManagerPerformance: Received MSG_CFMS_HINT_AMS_SWITCH pkgName: com.example.batterymanager_utility
10-22 19:39:07.263  3957  6478 D TelephonyManager: getAllCellInfo : Caller (PID / UID / TID): 3957 / 1000 / 6478
10-22 19:39:07.268  8695  8695 V Launcher: Launcher.onPause()
10-22 19:39:07.269  8695  8695 D Launcher: setHotWordDetection : call requestHotWordDetection false
10-22 19:39:07.271  3957  3957 D MdnieScenarioControlService: Listener Real Multi Window State : false
10-22 19:39:07.277  3957  3968 D ActivityManager: isScaleDownAnimationEnabled() : false
10-22 19:39:07.277  9098  9098 I GsaVoiceInteractionSrv: Handling ACTION_STOP_HOTWORD
10-22 19:39:07.278  3957  3968 D StorageManagerService: getExternalStorageMountMode : 1
10-22 19:39:07.278  9098  9154 I HwDetectorWithState: (REDACTED) a: %d
10-22 19:39:07.278  3957  3968 D StorageManagerService: getExternalStorageMountMode : 3
10-22 19:39:07.278  3957  3968 D StorageManagerService: getExternalStorageMountMode : final mountMode=1, uid : 10170, packageName : com.example.batterymanager_utility
10-22 19:39:07.280  3957  3968 I ApplicationPolicy: isApplicationExternalStorageWhitelisted:com.example.batterymanager_utility user:0
10-22 19:39:07.280  3957  3968 D ApplicationPolicy: isApplicationExternalStorageWhitelisted: DO is not enabled on user 0. Allowed.
10-22 19:39:07.280  3957  3968 D ActivityManager: package  com.example.batterymanager_utility, user - 0 is SDcard whitelisted
10-22 19:39:07.280  3957  3968 I ApplicationPolicy: isApplicationExternalStorageBlacklisted:com.example.batterymanager_utility user:0
10-22 19:39:07.280  3957  3968 D ApplicationPolicy: isApplicationExternalStorageBlacklisted: DO is not enabled on user 0. Allowed.
10-22 19:39:07.288  3957  6478 D WifiService: getConnectionInfo uid=1000
10-22 19:39:07.293  3957  3968 I ActivityManager: Start proc 25739:com.example.batterymanager_utility/u0a170 for activity com.example.batterymanager_utility/.MainActivity
10-22 19:39:07.296 25739 25739 E Zygote  : isWhitelistProcess - Process is Whitelisted
10-22 19:39:07.297 25739 25739 E libpersona: scanKnoxPersonas
10-22 19:39:07.297 25739 25739 E libpersona: Couldn't open the File - /data/system/users/0/personalist.xml - No such file or directory
10-22 19:39:07.300 25739 25739 W SELinux : SELinux selinux_android_compute_policy_index : Policy Index[2],  Con:u:r:zygote:s0 RAM:SEPF_SM-J720F_8.0.0_0002, [-1 -1 -1 -1 0 1]
10-22 19:39:07.301 25739 25739 I SELinux : SELinux: seapp_context_lookup: seinfo=untrusted, level=s0:c512,c768, pkgname=com.example.batterymanager_utility 
10-22 19:39:07.304 25739 25739 I zygote64: Late-enabling -Xcheck:jni
10-22 19:39:07.349 25739 25739 D TimaKeyStoreProvider: TimaKeyStore is not enabled: cannot add TimaSignature Service and generateKeyPair Service
10-22 19:39:07.350 25739 25739 D ActivityThread: Added TimaKeyStore provider
10-22 19:39:07.355  3957  4653 I ActivityManager: DSS on for com.example.batterymanager_utility and scale is 1.0
10-22 19:39:07.357  3957  4653 V WindowManager: rotationForOrientationLw(orient=-1, last=0); user=0  sensorRotation=-1 mLidState=-1 mDockMode=0 mHdmiPlugged=false
10-22 19:39:07.363  3957  4653 D PersonaManagerService: Current focused persona service handled id set to : 0
10-22 19:39:07.363  3957  4653 D InputDispatcher: Focused application set to: xxxx
10-22 19:39:07.364  3957  4653 D InputDispatcher: Focus left window: 8695
10-22 19:39:07.365  8695  8695 D ViewRootImpl@73195a7[LauncherActivity]: MSG_WINDOW_FOCUS_CHANGED 0
10-22 19:39:07.366  3957  4220 D GameManagerService: handleForegroundChange(). pkgName: com.example.batterymanager_utility, clsName: com.example.batterymanager_utility.MainActivity,FgActivityName:com.example.batterymanager_utility/.MainActivity
10-22 19:39:07.366  3957  4653 D MARsPolicyManager: onPackageResumedFG pkgName = com.example.batterymanager_utility, userId = 0
10-22 19:39:07.366  3957  4220 D GameManagerService: sem_perfomance_mode: 3
10-22 19:39:07.366  3957  4220 D GameManagerService: notifyResumePause(). pkg: com.example.batterymanager_utility, type: 4, isMinimized: false, isTunableApp: false
10-22 19:39:07.366  3957  4220 D GameManagerService:   notifyResumePause(). unexpected mPrevNotiType: -1
10-22 19:39:07.369  3957  6478 D GamePkgDataHelper: getGamePkgDataIncServer(). com.example.batterymanager_utility
10-22 19:39:07.369  3957  6478 D GameManagerService: identifyGamePackage. com.example.batterymanager_utility
10-22 19:39:07.369  3957  6478 D GamePkgDataHelper: getGamePkgData(). com.example.batterymanager_utility
10-22 19:39:07.370  3957  6478 D GameManagerService: identifyGamePackage. com.example.batterymanager_utility
10-22 19:39:07.370  3957  6478 D GamePkgDataHelper: getGamePkgData(). com.example.batterymanager_utility
10-22 19:39:07.370  3957  6478 D GamePkgDataHelper: getSosPolicy(). com.example.batterymanager_utility
10-22 19:39:07.371  3957  6478 D GameManagerService: identifyGamePackage. com.example.batterymanager_utility
10-22 19:39:07.371  3957  6478 D GamePkgDataHelper: getGamePkgData(). com.example.batterymanager_utility
10-22 19:39:07.375  3957  6478 D GameManagerService: identifyGamePackage. com.example.batterymanager_utility
10-22 19:39:07.375  3957  6478 D GamePkgDataHelper: getGamePkgData(). com.example.batterymanager_utility
10-22 19:39:07.398  4340  4884 D SystemServicesProxy: updateOverviewLastStackActiveTimeAsync: newTime=1697996135490
10-22 19:39:07.399  3957  4653 D SecContentProvider: query(), uri = 17 selection = isSettingsChangesAllowed
10-22 19:39:07.400  3957  4653 D SecContentProvider: called from android.uid.systemui:10009
10-22 19:39:07.400  3957  4025 D ViewRootImpl@934e84e[batterymanager_utility]: setView = DecorView@baa4a7c[batterymanager_utility] TM=true MM=false
10-22 19:39:07.400  4340  4692 D SystemServicesProxy: updateOverviewLastStackActiveTimeAsync: done.
10-22 19:39:07.405 25739 25739 I zygote64: no shared libraies, dex_files: 1
10-22 19:39:07.408  3957  4025 D ViewRootImpl@934e84e[batterymanager_utility]: dispatchAttachedToWindow
10-22 19:39:07.408  3957  4025 V WindowManager: Relayout Window{4a2dd6f u0 Splash Screen com.example.batterymanager_utility}: viewVisibility=0 req=719x1237 WM.LayoutParams{(0,0)(fillxfill) sim=#20 ty=3 fl=#81830118 pfl=0x20011 wanim=0x10302fd vsysui=0x600 needsMenuKey=2 colorMode=0 naviIconColor=0}
10-22 19:39:07.411  4340  4340 D WallpaperService: updateSurface forceRelayout=true redrawNeeded=false myWidth=1280 myHeight=1280 fixedSize=true x = 0 y = 0 mWidth=1280 mHeight=1280 mIsSleepMode=false
10-22 19:39:07.412  3447  3447 I SurfaceFlinger: id=3431 createSurf (720x1280),1 flag=404, Splash Screen com.example.batterymanager_utility#0
10-22 19:39:07.413  3957  4025 V Surface : sf_framedrop debug : 0x4f4c, game : false, logging : 0
10-22 19:39:07.417  3957  4025 D ViewRootImpl@934e84e[batterymanager_utility]: Relayout returned: old=[0,0][0,0] new=[0,0][720,1280] result=0x7 surface={valid=true 500904583168} changed=true
10-22 19:39:07.417  3957  3968 V WindowManager: Relayout Window{b8b4ba7 u0 com.android.systemui.ImageWallpaper}: viewVisibility=0 req=1280x1280 WM.LayoutParams{(0,0)(1280x1280) gr=#800033 ty=2013 fl=#10318 fmt=2 wanim=0x103030e colorMode=0 naviIconColor=0}
10-22 19:39:07.421  4340  4340 D ImageWallpaper: onOffsetsChanged: xOffset=0.0, yOffset=0.0, xOffsetStep=0.0, yOffsetStep=0.0, xPixels=0, yPixels=0
10-22 19:39:07.421  3957  4025 D ViewRootImpl@934e84e[batterymanager_utility]: MSG_RESIZED_REPORT: frame=Rect(0, 0 - 720, 1280) ci=Rect(0, 42 - 0, 0) vi=Rect(0, 42 - 0, 0) or=1
10-22 19:39:07.421  4340  4340 D ImageWallpaper: newRotation : 0,mLastRotation : 0
10-22 19:39:07.421  4340  4340 D ImageWallpaper: drawFrame:[frame.width()]1280[frame.height()]1280
10-22 19:39:07.422  4340  4340 D ImageWallpaper: surfaceDimensionsChanged=false mDisplayWidth=720 mDisplayHeight=1280
10-22 19:39:07.422  4340  4340 D ImageWallpaper: redrawNeeded = false, mOffsetsChanged = false
10-22 19:39:07.422  4340  4340 D ImageWallpaper: Suppressed drawFrame since redraw is not needed and offsets have not changed.
10-22 19:39:07.437  3957  4025 V WindowManager: finishDrawingLocked: mDrawState=COMMIT_DRAW_PENDING Window{4a2dd6f u0 Splash Screen com.example.batterymanager_utility} in Surface(name=Splash Screen com.example.batterymanager_utility)
10-22 19:39:07.439  3957  4025 D SamsungAnimationCreator: createAnimation type:LowEnd transit:12 enter:false wallpaperXoffset:-280 split:false fixedOri:false
10-22 19:39:07.439  3957  4025 D SamsungAnimationCreator: createAnimation displayFrame:Rect(0, 0 - 720, 1280) frame:null insets:null
10-22 19:39:07.446  8695  8695 I Launcher: onWindowVisibilityChanged : false
10-22 19:39:07.448  3957  3973 D WindowManager: set systemUiVisibility : systemUiFlags= 0x608 fullscreenStackSysUiFlags= 0x0
10-22 19:39:07.449  3957  3968 D WindowManager: adjustSystemUiVisibilityLw : vis= 0x608
10-22 19:39:07.449 25739 25739 I BatteryMgr:App: creating notification channel
10-22 19:39:07.450  8695  8815 D OpenGLRenderer: eglDestroySurface = 0x74ced54640
10-22 19:39:07.451  3957  3968 V WindowManager: Relayout Window{7e8dd1d u0 com.sec.android.app.launcher/com.sec.android.app.launcher.activities.LauncherActivity}: viewVisibility=8 req=720x1280 WM.LayoutParams{(0,0)(fillxfill) sim=#130 ty=1 fl=#81910d00 pfl=0x20000 fmt=-2 wanim=0x10302ea vsysui=0x700 needsMenuKey=2 colorMode=0 naviIconColor=0}
10-22 19:39:07.455  8695  8695 D ViewRootImpl@73195a7[LauncherActivity]: Relayout returned: old=[0,0][720,1280] new=[0,0][720,1280] result=0x5 surface={valid=false 0} changed=true
10-22 19:39:07.500  3957  4089 D MdnieScenarioControlService:  packageName : com.example.batterymanager_utility    className : com.example.batterymanager_utility.MainActivity
10-22 19:39:07.500  3957  4089 V MdnieScenarioControlService: setUIMode from UI function(3)
10-22 19:39:07.523 25739 25756 D OpenGLRenderer: HWUI GL Pipeline
10-22 19:39:07.530 25739 25739 D ViewRootImpl@4470b6[MainActivity]: setView = DecorView@a3fa1b7[MainActivity] TM=true MM=false
10-22 19:39:07.531  3957  5413 D ActivityManager: post active user change for 0 fullscreen true isHomeActivity() false
10-22 19:39:07.532  3447  3447 I SurfaceFlinger: Display 0 HWC layers:
10-22 19:39:07.532  3447  3447 I SurfaceFlinger:     type    |    handle    | flag |  format   |   source crop (l,t,r,b)    |         frame       | name 
10-22 19:39:07.532  3447  3447 I SurfaceFlinger: ------------+--------------+------+-----------+----------------------------+---------------------+------
10-22 19:39:07.532  3447  3447 I SurfaceFlinger:      Device | 0x7e9ec22c80 | 0002 | RGBx_8888 | 280.0    0.0 1000.0 1280.0 |    0    0  720 1280 | com.android.systemui.ImageWallpaper#0
10-22 19:39:07.532  3447  3447 I SurfaceFlinger:      Device | 0x7e9ec222c0 | 0000 | RGBA_8888 |  21.0   37.0  700.0 1244.0 |    0    0  720 1280 | com.sec.android.app.launcher/com.sec[...]uncher.activities.LauncherActivity#0
10-22 19:39:07.532  3447  3447 I SurfaceFlinger:      Device | 0x7e9ecbf3c0 | 0002 | RGBA_8888 |   0.0    0.0  720.0 1280.0 |  133  236  588 1044 | Splash Screen com.example.batterymanager_utility#0
10-22 19:39:07.532  3447  3447 I SurfaceFlinger:      Device | 0x7ea5024540 | 0000 | RGBA_8888 |   0.0    0.0  720.0   42.0 |    0    0  720   42 | StatusBar#0
10-22 19:39:07.532  3447  3447 I SurfaceFlinger: 
10-22 19:39:07.560  9273  9310 D ScanRecord: Not a Multi Manu data
10-22 19:39:07.630  9273  9310 I chatty  : uid=1002(bluetooth) BT Service Call identical 119 lines
10-22 19:39:07.630  9273  9310 D ScanRecord: Not a Multi Manu data
10-22 19:39:07.640 25739 25739 W zygote64: Class androidx.compose.runtime.snapshots.SnapshotStateList failed lock verification and will run slower.
10-22 19:39:07.640 25739 25739 W zygote64: Common causes for lock verification issues are non-optimized dex code
10-22 19:39:07.640 25739 25739 W zygote64: and incorrect proguard optimizations.
10-22 19:39:07.640  9273  9310 D ScanRecord: Not a Multi Manu data
10-22 19:39:07.739  9273  9310 I chatty  : uid=1002(bluetooth) BT Service Call identical 229 lines
10-22 19:39:07.739  9273  9310 D ScanRecord: Not a Multi Manu data
10-22 19:39:07.749 25739 25739 D ViewRootImpl@4470b6[MainActivity]: dispatchAttachedToWindow
10-22 19:39:07.754  9273  9310 D ScanRecord: Not a Multi Manu data
10-22 19:39:07.811  3957  5413 V WindowManager: Relayout Window{275b9bd u0 com.example.batterymanager_utility/com.example.batterymanager_utility.MainActivity}: viewVisibility=0 req=719x1237 WM.LayoutParams{(0,0)(fillxfill) sim=#120 ty=1 fl=#81810100 pfl=0x20000 wanim=0x10302fd vsysui=0x600 needsMenuKey=2 colorMode=0 naviIconColor=0}
10-22 19:39:07.813  9273  9310 I chatty  : uid=1002(bluetooth) BT Service Call identical 42 lines
10-22 19:39:07.813  9273  9310 D ScanRecord: Not a Multi Manu data
10-22 19:39:07.815  3447  3447 I SurfaceFlinger: id=3432 createSurf (720x1280),1 flag=404, com.example.batterymanager_utility/com.example.batterymanager_utility.MainActivity#0
10-22 19:39:07.816  9273  9310 D ScanRecord: Not a Multi Manu data
10-22 19:39:07.817  9273  9310 I chatty  : uid=1002(bluetooth) BT Service Call identical 9 lines
10-22 19:39:07.817  9273  9310 D ScanRecord: Not a Multi Manu data
10-22 19:39:07.817  3957  5413 V Surface : sf_framedrop debug : 0x4f4c, game : false, logging : 0
10-22 19:39:07.820  3957  5413 D InputDispatcher: Focus entered window: 25739
10-22 19:39:07.823 25739 25739 V Surface : sf_framedrop debug : 0x4f4c, game : false, logging : 0
10-22 19:39:07.824 25739 25739 D ViewRootImpl@4470b6[MainActivity]: Relayout returned: old=[0,0][0,0] new=[0,0][720,1280] result=0x7 surface={valid=true 502085038080} changed=true
10-22 19:39:07.828  9273  9310 D ScanRecord: Not a Multi Manu data
10-22 19:39:07.828  9273  9310 I chatty  : uid=1002(bluetooth) BT Service Call identical 9 lines
10-22 19:39:07.828  9273  9310 D ScanRecord: Not a Multi Manu data
10-22 19:39:07.832 25739 25756 I OpenGLRenderer: Initialized EGL, version 1.4
10-22 19:39:07.833 25739 25756 D OpenGLRenderer: Swap behavior 2
10-22 19:39:07.837  9273  9310 D ScanRecord: Not a Multi Manu data
10-22 19:39:07.838  9273  9310 I chatty  : uid=1002(bluetooth) BT Service Call identical 9 lines
10-22 19:39:07.838  9273  9310 D ScanRecord: Not a Multi Manu data
10-22 19:39:07.838 25739 25756 D libGLESv1: STS_GLApi : DTS, ODTC are not allowed for Package : com.example.batterymanager_utility
10-22 19:39:07.839 25739 25756 D mali_winsys: EGLint new_window_surface(egl_winsys_display *, void *, EGLSurface, EGLConfig, egl_winsys_surface **, egl_color_buffer_format *, EGLBoolean) returns 0x3000,  [720x1280]-format:1
10-22 19:39:07.839 25739 25756 D OpenGLRenderer: eglCreateWindowSurface = 0x74d44afb40
10-22 19:39:07.844 25739 25739 D Compose Focus: Owner FocusChanged(true)
10-22 19:39:07.858  9273  9310 D ScanRecord: Not a Multi Manu data
10-22 19:39:07.870  3957  4128 D WifiService: getConnectionInfo uid=1000
10-22 19:39:07.870  9273  9310 I chatty  : uid=1002(bluetooth) BT Service Call expire 13 lines
10-22 19:39:07.870  9273  9310 D ScanRecord: Not a Multi Manu data
10-22 19:39:07.870  9273  9310 D ScanRecord: Not a Multi Manu data
10-22 19:39:07.881  9273  9310 I chatty  : uid=1002(bluetooth) BT Service Call identical 38 lines
10-22 19:39:07.881  9273  9310 D ScanRecord: Not a Multi Manu data
10-22 19:39:07.883  3447  3447 I SurfaceFlinger: Display 0 HWC layers:
10-22 19:39:07.883  3447  3447 I SurfaceFlinger:     type    |    handle    | flag |  format   |   source crop (l,t,r,b)    |         frame       | name 
10-22 19:39:07.883  3447  3447 I SurfaceFlinger: ------------+--------------+------+-----------+----------------------------+---------------------+------
10-22 19:39:07.883  3447  3447 I SurfaceFlinger:      Device | 0x7e9ecbf3c0 | 0002 | RGBA_8888 |   0.0    0.0  720.0 1280.0 |    0    0  720 1280 | Splash Screen com.example.batterymanager_utility#0
10-22 19:39:07.883  3447  3447 I SurfaceFlinger:      Device | 0x7ea5024540 | 0000 | RGBA_8888 |   0.0    0.0  720.0   42.0 |    0    0  720   42 | StatusBar#0
10-22 19:39:07.883  3447  3447 I SurfaceFlinger: 
10-22 19:39:07.892  9273  9310 D ScanRecord: Not a Multi Manu data
10-22 19:39:07.893  9273  9310 I chatty  : uid=1002(bluetooth) BT Service Call identical 20 lines
10-22 19:39:07.893  9273  9310 D ScanRecord: Not a Multi Manu data
10-22 19:39:07.897  3957  4025 I WindowManager: Destroying surface Surface(name=com.sec.android.app.launcher/com.sec.android.app.launcher.activities.LauncherActivity) called by com.android.server.wm.WindowStateAnimator.destroySurface:2501 com.android.server.wm.WindowStateAnimator.destroySurfaceLocked:985 com.android.server.wm.WindowState.destroyOrSaveSurfaceUnchecked:3670 com.android.server.wm.WindowState.destroySurface:3618 com.android.server.wm.AppWindowToken.destroySurfaces:722 com.android.server.wm.AppWindowToken.destroySurfaces:706 com.android.server.wm.WindowState.onExitAnimationDone:5316 com.android.server.wm.AppWindowAnimator.stepAnimationLocked:508 
10-22 19:39:07.897  3447 18688 I SurfaceFlinger: id=3430 Removed com.sec.android.app.launcher/com.sec.android.app.launcher.activities.LauncherActivity#0 (1/6)
10-22 19:39:07.900  9273  9310 D ScanRecord: Not a Multi Manu data
10-22 19:39:07.900  9273  9310 I chatty  : uid=1002(bluetooth) BT Service Call identical 9 lines
10-22 19:39:07.900  9273  9310 D ScanRecord: Not a Multi Manu data
10-22 19:39:07.901  3447  5168 I SurfaceFlinger: id=3430 Removed com.sec.android.app.launcher/com.sec.android.app.launcher.activities.LauncherActivity#0 (-2/6)
10-22 19:39:07.902  4340  4884 D WallpaperService: dispatchAppVisibility onVisibilityChanged(): false
10-22 19:39:07.903  4340  4340 D ImageWallpaper: onVisibilityChanged: mVisible, visible=true, false
10-22 19:39:07.903  4340  4340 D ImageWallpaper: Visibility changed to visible=false
10-22 19:39:07.903  4340  4340 D WallpaperService: reportVisibility onVisibilityChanged visible: false
10-22 19:39:07.907  9273  9310 D ScanRecord: Not a Multi Manu data
10-22 19:39:07.907  9273  9310 I chatty  : uid=1002(bluetooth) BT Service Call identical 9 lines
10-22 19:39:07.907  9273  9310 D ScanRecord: Not a Multi Manu data
10-22 19:39:07.912  3957  5413 V WindowManager: finishDrawingLocked: mDrawState=COMMIT_DRAW_PENDING Window{275b9bd u0 com.example.batterymanager_utility/com.example.batterymanager_utility.MainActivity} in Surface(name=com.example.batterymanager_utility/com.example.batterymanager_utility.MainActivity)
10-22 19:39:07.913  3447  3447 I Layer   : id=3430 onRemoved com.sec.android.app.launcher/com.sec.android.app.launcher.activities.LauncherActivity#0 
10-22 19:39:07.913 25739 25739 D ViewRootImpl@4470b6[MainActivity]: MSG_RESIZED_REPORT: frame=Rect(0, 0 - 720, 1280) ci=Rect(0, 42 - 0, 0) vi=Rect(0, 42 - 0, 0) or=1
10-22 19:39:07.913  9273  9310 D ScanRecord: Not a Multi Manu data
10-22 19:39:07.913  9273  9310 I chatty  : uid=1002(bluetooth) BT Service Call identical 9 lines
10-22 19:39:07.913  9273  9310 D ScanRecord: Not a Multi Manu data
10-22 19:39:07.914 25739 25739 D ViewRootImpl@4470b6[MainActivity]: MSG_WINDOW_FOCUS_CHANGED 1
10-22 19:39:07.918  3957  4025 D ViewRootImpl@934e84e[batterymanager_utility]: dispatchDetachedFromWindow
10-22 19:39:07.918  3957  4025 D InputEventReceiver: channel '4a2dd6f Splash Screen com.example.batterymanager_utility (client)' ~ Disposing input event receiver.
10-22 19:39:07.918  3957  4025 D InputEventReceiver: channel '4a2dd6f Splash Screen com.example.batterymanager_utility (client)' ~NativeInputEventReceiver.
10-22 19:39:07.919  3957  3981 I ActivityManager: Displayed com.example.batterymanager_utility/.MainActivity: +637ms
10-22 19:39:07.919  3957  3981 D CustomFrequencyManagerService: acquireDVFSLockLocked : type : DVFS_MIN_LIMIT  frequency : 1560000  uid : 1000  pid : 3957  pkgName : AMS_RESUME_TAIL@CPU_MIN@58
10-22 19:39:07.919 25739 25739 V InputMethodManager: Starting input: tba=android.view.inputmethod.EditorInfo@180915 nm : com.example.batterymanager_utility ic=null
10-22 19:39:07.919 25739 25739 I InputMethodManager: startInputInner - mService.startInputOrWindowGainedFocus
10-22 19:39:07.919  3957  3981 D ActivityManagerPerformance: AMP_acquire() TAIL
10-22 19:39:07.920  3957  5413 D InputMethodManagerService: startInputOrWindowGainedFocus : windowGainedFocus 
10-22 19:39:07.920  3957  3981 D CustomFrequencyManagerService: releaseDVFSLockLocked : Getting Lock type frm List : DVFS_MIN_LIMIT  frequency : 1560000  uid : 1000  pid : 3957  tag : AMS_APP_SWITCH@CPU_MIN@52
10-22 19:39:07.920  9273  9310 D ScanRecord: Not a Multi Manu data
10-22 19:39:07.920  9273  9310 I chatty  : uid=1002(bluetooth) BT Service Call identical 5 lines
10-22 19:39:07.920  3957  5413 D InputMethodManagerService: windowGainedFocus: destinationUserId (getCallingUid) = 0
10-22 19:39:07.920  9273  9310 D ScanRecord: Not a Multi Manu data
10-22 19:39:07.920  9273  9310 D ScanRecord: Not a Multi Manu data
10-22 19:39:07.920  3957  5413 D InputMethodManagerService: windowGainedFocus: currentUserId=0
10-22 19:39:07.920  9273  9310 D ScanRecord: Not a Multi Manu data
10-22 19:39:07.920  3957  5413 D InputMethodManagerService: windowGainedFocus: mCurrentFocusedUserId=0
10-22 19:39:07.920  9273  9310 D ScanRecord: Not a Multi Manu data
10-22 19:39:07.920  9273  9310 D ScanRecord: Not a Multi Manu data
10-22 19:39:07.920  3957  5413 D InputMethodManagerService: windowGainedFocus : lock - currentUserId = 0 destinationUserId = 0
10-22 19:39:07.920  3957  5413 D InputMethodManagerService: windowGainedFocus : mCurrentFocusedUserId - 0 and mSecureKeypadEnabled - false, userSwitched - false
10-22 19:39:07.920  3957  3981 D ActivityManagerPerformance: AMP_release() APP_SWITCH
10-22 19:39:07.922  3957  5413 V InputMethodManagerService: windowGainedFocus : reason=WINDOW_FOCUS_GAIN client=android.os.BinderProxy@ed30b67 inputContext=null missingMethods= attribute=android.view.inputmethod.EditorInfo@9f04680 nm = com.example.batterymanager_utility controlFlags=#105 softInputMode=#120 windowFlags=#81810100
10-22 19:39:07.922  3957  5413 V InputMethodManagerService: hideCurrentInputLocked : shouldHideSoftInput is false
10-22 19:39:07.923  3957  5413 D InputMethodManagerService: isImeSwitcherDisabledPackage : false
10-22 19:39:07.923  3957  5413 V InputMethodManagerService: Creating new session for client ClientState{7c934b9 uid 10170 pid 25739}
10-22 19:39:07.925  3957  5413 D InputMethodManagerService: setCurrentInputInfo - inputContext : null eidtorInfo : android.view.inputmethod.EditorInfo@9f04680 missingMethods : 0
10-22 19:39:07.926  8846  8846 I InputMethodWrapper:  call dispatchStartInputWithToken
10-22 19:39:07.926  8846  8846 I InputMethodService: dispatchStartInputWithToken
10-22 19:39:07.927  8846  8846 I SKBD    : SamsungKeypad [IMI] onStartInput - caller pid : 25739, caller uid : 10170
10-22 19:39:07.932  9273  9310 D ScanRecord: Not a Multi Manu data
10-22 19:39:07.932  9273  9310 I chatty  : uid=1002(bluetooth) BT Service Call identical 9 lines
10-22 19:39:07.932  9273  9310 D ScanRecord: Not a Multi Manu data
10-22 19:39:07.940 25739 25739 V InputMethodManager: Starting input: tba=android.view.inputmethod.EditorInfo@83e742a nm : com.example.batterymanager_utility ic=null
10-22 19:39:07.945  8695  8695 D StageManager: saved stages : inStack [1] , outStack[2]
10-22 19:39:07.960  9273  9310 D ScanRecord: Not a Multi Manu data
10-22 19:39:07.962  9273  9310 I chatty  : uid=1002(bluetooth) BT Service Call identical 20 lines
10-22 19:39:07.962  9273  9310 D ScanRecord: Not a Multi Manu data
10-22 19:39:07.966  3447  3447 I SurfaceFlinger: Display 0 HWC layers:
10-22 19:39:07.966  3447  3447 I SurfaceFlinger:     type    |    handle    | flag |  format   |   source crop (l,t,r,b)    |         frame       | name 
10-22 19:39:07.966  3447  3447 I SurfaceFlinger: ------------+--------------+------+-----------+----------------------------+---------------------+------
10-22 19:39:07.966  3447  3447 I SurfaceFlinger:      Device | 0x7ea5024180 | 0002 | RGBA_8888 |   0.0    0.0  720.0 1280.0 |    0    0  720 1280 | com.example.batterymanager_utility/c[...]atterymanager_utility.MainActivity#0
10-22 19:39:07.966  3447  3447 I SurfaceFlinger:      Device | 0x7e9ecbf3c0 | 0002 | RGBA_8888 |   0.0    0.0  720.0 1280.0 |    0    0  720 1280 | Splash Screen com.example.batterymanager_utility#0
10-22 19:39:07.966  3447  3447 I SurfaceFlinger:      Device | 0x7ea5024540 | 0000 | RGBA_8888 |   0.0    0.0  720.0   42.0 |    0    0  720   42 | StatusBar#0
10-22 19:39:07.966  3447  3447 I SurfaceFlinger: 
10-22 19:39:07.986  9273  9310 D ScanRecord: Not a Multi Manu data
10-22 19:39:08.030  9273  9310 I chatty  : uid=1002(bluetooth) BT Service Call identical 75 lines
10-22 19:39:08.030  9273  9310 D ScanRecord: Not a Multi Manu data
10-22 19:39:08.097  3957  4025 I WindowManager: Destroying surface Surface(name=Splash Screen com.example.batterymanager_utility) called by com.android.server.wm.WindowStateAnimator.destroySurface:2501 com.android.server.wm.WindowStateAnimator.destroySurfaceLocked:985 com.android.server.wm.WindowState.destroyOrSaveSurfaceUnchecked:3670 com.android.server.wm.WindowState.destroySurface:3618 com.android.server.wm.AppWindowToken.destroySurfaces:722 com.android.server.wm.AppWindowToken.destroySurfaces:706 com.android.server.wm.WindowState.onExitAnimationDone:5316 com.android.server.wm.WindowStateAnimator.stepAnimationLocked:550 
10-22 19:39:08.097  3447  5168 I SurfaceFlinger: id=3431 Removed Splash Screen com.example.batterymanager_utility#0 (3/5)
10-22 19:39:08.099  3447  3447 I SurfaceFlinger: Display 0 HWC layers:
10-22 19:39:08.099  3447  3447 I SurfaceFlinger:     type    |    handle    | flag |  format   |   source crop (l,t,r,b)    |         frame       | name 
10-22 19:39:08.099  3447  3447 I SurfaceFlinger: ------------+--------------+------+-----------+----------------------------+---------------------+------
10-22 19:39:08.099  3447  3447 I SurfaceFlinger:      Device | 0x7ea5024180 | 0002 | RGBA_8888 |   0.0    0.0  720.0 1280.0 |    0    0  720 1280 | com.example.batterymanager_utility/c[...]atterymanager_utility.MainActivity#0
10-22 19:39:08.099  3447  3447 I SurfaceFlinger:      Device | 0x7ea5024540 | 0000 | RGBA_8888 |   0.0    0.0  720.0   42.0 |    0    0  720   42 | StatusBar#0
10-22 19:39:08.099  3447  3447 I SurfaceFlinger: 
10-22 19:39:08.100  3957  4089 D MdnieScenarioControlService:  packageName : com.example.batterymanager_utility    className : com.example.batterymanager_utility.MainActivity
10-22 19:39:08.100  3957  4089 V MdnieScenarioControlService: setUIMode from UI function(3)
10-22 19:39:08.102  3447 18688 I SurfaceFlinger: id=3431 Removed Splash Screen com.example.batterymanager_utility#0 (-2/5)
10-22 19:39:08.113  3447  3447 I Layer   : id=3431 onRemoved Splash Screen com.example.batterymanager_utility#0 
10-22 19:39:08.226  3957  4129 D WifiStateMachine:  ConnectedState !RSSI_PKTCNT_FETCH uid=1000 rt=602754811/1658730284 0 0 "ourhome" f4:6d:2f:12:cc:88 rssi=-42 f=5240 sc=60 link=433 tx=0.1, 0.0, 0.0  rx=0.4 bcn=593658 [on:0 tx:0 rx:0 period:1000] from screen [on:198735 period:1291894] score=60
10-22 19:39:08.226  3957  4129 D WifiStateMachine:  L2ConnectedState !RSSI_PKTCNT_FETCH uid=1000 rt=602754812/1658730284 0 0 "ourhome" f4:6d:2f:12:cc:88 rssi=-42 f=5240 sc=60 link=433 tx=0.1, 0.0, 0.0  rx=0.4 bcn=593658 [on:0 tx:0 rx:0 period:0] from screen [on:198735 period:1291894] score=60
10-22 19:39:08.233  3957  4129 D WifiStateMachine: fetchRssiLinkSpeedAndFrequencyNative rssi=-42 linkspeed=433 freq=5240
10-22 19:39:08.233  3957  4129 V WifiConfigManager: Updating scan detail cache freq=5240 BSSID=f4:6d:2f:12:cc:88 RSSI=-41 for "ourhome"WPA_PSK
10-22 19:39:08.521  3957  3957 D CustomFrequencyManagerService: releaseDVFSLockLocked : Getting Lock type frm List : DVFS_MIN_LIMIT  frequency : 1560000  uid : 1000  pid : 3957  tag : AMS_RESUME_TAIL@CPU_MIN@58
10-22 19:39:08.873  3957  4128 D WifiService: getConnectionInfo uid=1000
10-22 19:39:09.231  3957  4129 D WifiStateMachine:  ConnectedState !RSSI_PKTCNT_FETCH uid=1000 rt=602755814/1658731286 0 0 "ourhome" f4:6d:2f:12:cc:88 rssi=-42 f=5240 sc=60 link=433 tx=0.1, 0.0, 0.0  rx=0.4 bcn=593658 [on:0 tx:0 rx:0 period:1004] from screen [on:198735 period:1292898] score=60
10-22 19:39:09.233  3957  4129 D WifiStateMachine:  L2ConnectedState !RSSI_PKTCNT_FETCH uid=1000 rt=602755817/1658731289 0 0 "ourhome" f4:6d:2f:12:cc:88 rssi=-42 f=5240 sc=60 link=433 tx=0.1, 0.0, 0.0  rx=0.4 bcn=593658 [on:0 tx:0 rx:0 period:3] from screen [on:198735 period:1292901] score=60
10-22 19:39:09.241  3957  4129 D WifiStateMachine: fetchRssiLinkSpeedAndFrequencyNative rssi=-41 linkspeed=433 freq=5240
10-22 19:39:09.241  3957  4129 V WifiConfigManager: Updating scan detail cache freq=5240 BSSID=f4:6d:2f:12:cc:88 RSSI=-41 for "ourhome"WPA_PSK
10-22 19:39:09.245  4961  4961 D io_stats: !@ 179,0 r 10133697 332699836 w 2158647 42261120 d 173863 37254260 f 639999 665459 iot 4633148 3992385 th 51200 0 0 pt 0 inp 0 0 602755.829
10-22 19:39:09.296  3957  3957 D PreBindingService: handleMessage : 1
10-22 19:39:09.474  3957  4129 D WifiStateMachine:  ConnectedState !CMD_RSSI_POLL rt=602756057/1658731530 122 0 "ourhome" f4:6d:2f:12:cc:88 rssi=-41 f=5240 sc=60 link=433 tx=0.1, 0.0, 0.0  rx=0.4 bcn=593658 [on:0 tx:0 rx:0 period:240] from screen [on:198735 period:1293141] score=60
10-22 19:39:09.476  3957  4129 D WifiStateMachine:  L2ConnectedState !CMD_RSSI_POLL rt=602756060/1658731532 122 0 "ourhome" f4:6d:2f:12:cc:88 rssi=-41 f=5240 sc=60 link=433 tx=0.1, 0.0, 0.0  rx=0.4 bcn=593658 [on:0 tx:0 rx:0 period:3] from screen [on:198735 period:1293144] score=60
10-22 19:39:09.477  3957  4129 D WifiStateMachine:  get link layer stats 3
10-22 19:39:09.478  3436  3436 I android.hardware.wifi@1.0-service: getLinkLayerStats
10-22 19:39:09.495  3957  4129 D WifiStateMachine: fetchRssiLinkSpeedAndFrequencyNative rssi=-41 linkspeed=433 freq=5240
10-22 19:39:09.495  3957  4129 V WifiConfigManager: Updating scan detail cache freq=5240 BSSID=f4:6d:2f:12:cc:88 RSSI=-41 for "ourhome"WPA_PSK
10-22 19:39:09.501  4340  4340 E SignalClusterView: setSlotFocusVisible : subId -2
10-22 19:39:09.502  4340  4340 E SignalClusterView: setSlotFocusVisible : subId -2
10-22 19:39:09.876  3957  4128 D WifiService: getConnectionInfo uid=1000
10-22 19:39:10.230  3957  4129 D WifiStateMachine:  ConnectedState !RSSI_PKTCNT_FETCH uid=1000 rt=602756814/1658732287 0 0 "ourhome" f4:6d:2f:12:cc:88 rssi=-41 f=5240 sc=60 link=433 tx=0.0, 0.0, 0.0  rx=0.8 bcn=593683 [on:0 tx:0 rx:0 period:730] from screen [on:198860 period:1293898] score=60
10-22 19:39:10.231  3957  4129 D WifiStateMachine:  L2ConnectedState !RSSI_PKTCNT_FETCH uid=1000 rt=602756816/1658732288 0 0 "ourhome" f4:6d:2f:12:cc:88 rssi=-41 f=5240 sc=60 link=433 tx=0.0, 0.0, 0.0  rx=0.8 bcn=593683 [on:0 tx:0 rx:0 period:1] from screen [on:198860 period:1293899] score=60
10-22 19:39:10.237  3957  4129 D WifiStateMachine: fetchRssiLinkSpeedAndFrequencyNative rssi=-42 linkspeed=433 freq=5240
10-22 19:39:10.237  3957  4129 V WifiConfigManager: Updating scan detail cache freq=5240 BSSID=f4:6d:2f:12:cc:88 RSSI=-41 for "ourhome"WPA_PSK
10-22 19:39:10.634  3957  5413 D BatteryService: !@BatteryListener : batteryPropertiesChanged!
10-22 19:39:10.879  3957  4128 D WifiService: getConnectionInfo uid=1000
10-22 19:39:11.233  3957  4129 D WifiStateMachine:  ConnectedState !RSSI_PKTCNT_FETCH uid=1000 rt=602757816/1658733288 0 0 "ourhome" f4:6d:2f:12:cc:88 rssi=-42 f=5240 sc=60 link=433 tx=0.0, 0.0, 0.0  rx=0.8 bcn=593683 [on:0 tx:0 rx:0 period:1001] from screen [on:198860 period:1294900] score=60
10-22 19:39:11.235  3957  4129 D WifiStateMachine:  L2ConnectedState !RSSI_PKTCNT_FETCH uid=1000 rt=602757819/1658733291 0 0 "ourhome" f4:6d:2f:12:cc:88 rssi=-42 f=5240 sc=60 link=433 tx=0.0, 0.0, 0.0  rx=0.8 bcn=593683 [on:0 tx:0 rx:0 period:3] from screen [on:198860 period:1294903] score=60
10-22 19:39:11.238  3957  4129 D WifiStateMachine: fetchRssiLinkSpeedAndFrequencyNative rssi=-42 linkspeed=433 freq=5240
10-22 19:39:11.239  3957  4129 V WifiConfigManager: Updating scan detail cache freq=5240 BSSID=f4:6d:2f:12:cc:88 RSSI=-41 for "ourhome"WPA_PSK
10-22 19:39:11.297  3957  6478 D WifiService: getConnectionInfo uid=1000
10-22 19:39:11.353  3957  6478 D SSRM:k  : SIOP:: AP = 340, PST = 346 (W:14), BAT = 293, USB = 0, CHG = 0
10-22 19:39:11.882  3957  4128 D WifiService: getConnectionInfo uid=1000
10-22 19:39:12.234  3957  4129 D WifiStateMachine:  ConnectedState !RSSI_PKTCNT_FETCH uid=1000 rt=602758817/1658734290 0 0 "ourhome" f4:6d:2f:12:cc:88 rssi=-42 f=5240 sc=60 link=433 tx=0.0, 0.0, 0.0  rx=0.8 bcn=593683 [on:0 tx:0 rx:0 period:999] from screen [on:198860 period:1295902] score=60
10-22 19:39:12.237  3957  4129 D WifiStateMachine:  L2ConnectedState !RSSI_PKTCNT_FETCH uid=1000 rt=602758820/1658734293 0 0 "ourhome" f4:6d:2f:12:cc:88 rssi=-42 f=5240 sc=60 link=433 tx=0.0, 0.0, 0.0  rx=0.8 bcn=593683 [on:0 tx:0 rx:0 period:2] from screen [on:198860 period:1295904] score=60
10-22 19:39:12.244  3957  4129 D WifiStateMachine: fetchRssiLinkSpeedAndFrequencyNative rssi=-41 linkspeed=433 freq=5240
10-22 19:39:12.244  3957  4129 V WifiConfigManager: Updating scan detail cache freq=5240 BSSID=f4:6d:2f:12:cc:88 RSSI=-41 for "ourhome"WPA_PSK
10-22 19:39:12.258  3957  4030 D SensorService: [SO] 0.201 -0.110 9.955
10-22 19:39:12.305 11094 11094 E adbd    : recv: OPEN 000330f9 00000000 003f:73 68 65 6C 6C 2C 76 32 2C 54 45 52 4D 3D 78 74 65 72 6D 2D 32 35 36 63 6F 6C 6F 72 2C 72 61 77 3A 6D 6F 6E 6B 65 79 20 2D 70 20 6F 72 67 2E 6D 6F 7A 69 6C 6C 61 2E 66 65 6E 69 78 20 31 00 
10-22 19:39:12.306 11094 11094 E adbd    : service_to_fd: shell,v2,TERM=xterm-256color,raw:monkey -p org.mozilla.fenix 1
10-22 19:39:12.498  3957  4129 D WifiStateMachine:  ConnectedState !CMD_RSSI_POLL rt=602759082/1658734555 122 0 "ourhome" f4:6d:2f:12:cc:88 rssi=-41 f=5240 sc=60 link=433 tx=0.0, 0.0, 0.0  rx=0.8 bcn=593683 [on:0 tx:0 rx:0 period:262] from screen [on:198860 period:1296166] score=60
10-22 19:39:12.500  3957  4129 D WifiStateMachine:  L2ConnectedState !CMD_RSSI_POLL rt=602759084/1658734556 122 0 "ourhome" f4:6d:2f:12:cc:88 rssi=-41 f=5240 sc=60 link=433 tx=0.0, 0.0, 0.0  rx=0.8 bcn=593683 [on:0 tx:0 rx:0 period:1] from screen [on:198860 period:1296167] score=60
10-22 19:39:12.500  3957  4129 D WifiStateMachine:  get link layer stats 3
10-22 19:39:12.501  3436  3436 I android.hardware.wifi@1.0-service: getLinkLayerStats
10-22 19:39:12.519  3957  4129 D WifiStateMachine: fetchRssiLinkSpeedAndFrequencyNative rssi=-42 linkspeed=433 freq=5240
10-22 19:39:12.519  3957  4129 V WifiConfigManager: Updating scan detail cache freq=5240 BSSID=f4:6d:2f:12:cc:88 RSSI=-41 for "ourhome"WPA_PSK
10-22 19:39:12.524  4340  4340 E SignalClusterView: setSlotFocusVisible : subId -2
10-22 19:39:12.524  4340  4340 E SignalClusterView: setSlotFocusVisible : subId -2
10-22 19:39:12.553  3957  3975 D WifiService: requestActivityInfo uid=1000
10-22 19:39:12.554  9273  9310 D ScanRecord: Not a Multi Manu data
10-22 19:39:12.554  9273  9310 I chatty  : uid=1002(bluetooth) BT Service Call identical 2 lines
10-22 19:39:12.554  9273  9310 D ScanRecord: Not a Multi Manu data
10-22 19:39:12.554  9273  9310 D ScanRecord: Not a Multi Manu data
10-22 19:39:12.554  9273  9310 I chatty  : uid=1002(bluetooth) BT Service Call identical 1 line
10-22 19:39:12.554  9273  9310 D ScanRecord: Not a Multi Manu data
10-22 19:39:12.554  3957  3975 D WifiService: reportActivityInfo uid=1000
10-22 19:39:12.554  9273  9310 D ScanRecord: Not a Multi Manu data
10-22 19:39:12.554  9273  9310 I chatty  : uid=1002(bluetooth) BT Service Call identical 1 line
10-22 19:39:12.554  9273  9310 D ScanRecord: Not a Multi Manu data
10-22 19:39:12.554  3957  3975 D WifiService: getSupportedFeatures uid=1000
10-22 19:39:12.554  9273  9310 D ScanRecord: Not a Multi Manu data
10-22 19:39:12.556  9273  9310 I chatty  : uid=1002(bluetooth) BT Service Call identical 10 lines
10-22 19:39:12.556  9273  9310 D ScanRecord: Not a Multi Manu data
10-22 19:39:12.557  3957  3975 D WifiAsyncChannel.WifiService: sendMessageSynchronously.send message=131135
10-22 19:39:12.557  3957  4129 D WifiStateMachine:  ConnectedState !CMD_GET_LINK_LAYER_STATS uid=1000 rt=602759143/1658734615 0 0
10-22 19:39:12.557  3957  4129 D WifiStateMachine:  L2ConnectedState !CMD_GET_LINK_LAYER_STATS uid=1000 rt=602759143/1658734615 0 0
10-22 19:39:12.559  3957  4129 D WifiStateMachine:  ConnectModeState !CMD_GET_LINK_LAYER_STATS uid=1000 rt=602759144/1658734617 0 0
10-22 19:39:12.560  3957  4129 D WifiStateMachine:  SupplicantStartedState !CMD_GET_LINK_LAYER_STATS uid=1000 rt=602759146/1658734618 0 0
10-22 19:39:12.560  3436  3436 I android.hardware.wifi@1.0-service: getLinkLayerStats
10-22 19:39:12.564  3957  3975 D WifiAsyncChannel.WifiService: sendMessageSynchronously.recv message=131135 sendingUid=1000
10-22 19:39:12.573  3957  3975 D BatteryStatsService: !@ mLastInfo WifiActivityEnergyInfo{ timestamp=1658076192 mStackState=3 mControllerTxTimeMs=43167 mControllerTxTimePerLevelMs=[] mControllerRxTimeMs=54876435 mControllerIdleTimeMs=93342 mControllerEnergyUsed=0 }
10-22 19:39:12.574  3957  3975 D BatteryStatsService: !@ latest WifiActivityEnergyInfo{ timestamp=1658734623 mStackState=3 mControllerTxTimeMs=43322 mControllerTxTimePerLevelMs=[] mControllerRxTimeMs=54994753 mControllerIdleTimeMs=93352 mControllerEnergyUsed=0 }
10-22 19:39:12.574  3957  3975 D BatteryStatsService: !@ delta timePeriodMs : 658431 txTimeMs : 155 rxTimeMs :118318 idleTimeMs : 10
10-22 19:39:12.581  9273  9310 D ScanRecord: Not a Multi Manu data
10-22 19:39:12.582  3957  3975 D BatteryStatsImpl: !@ currentWifiRunningTimeMs : 8 totalTimeMs : 118483 totalWifiRunningTimeMs :118491 batteryRealtimeMs :658651
10-22 19:39:12.781  9273  9310 I chatty  : uid=1002(bluetooth) BT Service Call identical 306 lines
10-22 19:39:12.781  9273  9310 D ScanRecord: Not a Multi Manu data
10-22 19:39:12.781  3957  3975 D WifiService: requestActivityInfo uid=1000
10-22 19:39:12.782  3957  3975 D WifiService: reportActivityInfo uid=1000
10-22 19:39:12.782  3957  3975 D WifiService: getSupportedFeatures uid=1000
10-22 19:39:12.782  3957  3975 D WifiAsyncChannel.WifiService: sendMessageSynchronously.send message=131135
10-22 19:39:12.782  3957  4129 D WifiStateMachine:  ConnectedState !CMD_GET_LINK_LAYER_STATS uid=1000 rt=602759368/1658734840 0 0
10-22 19:39:12.782  3957  4129 D WifiStateMachine:  L2ConnectedState !CMD_GET_LINK_LAYER_STATS uid=1000 rt=602759368/1658734840 0 0
10-22 19:39:12.782  3957  4129 D WifiStateMachine:  ConnectModeState !CMD_GET_LINK_LAYER_STATS uid=1000 rt=602759368/1658734840 0 0
10-22 19:39:12.782  3957  4129 D WifiStateMachine:  SupplicantStartedState !CMD_GET_LINK_LAYER_STATS uid=1000 rt=602759368/1658734840 0 0
10-22 19:39:12.783  3436  3436 I android.hardware.wifi@1.0-service: getLinkLayerStats
10-22 19:39:12.785  3957  3975 D WifiAsyncChannel.WifiService: sendMessageSynchronously.recv message=131135 sendingUid=1000
10-22 19:39:12.787  3957  3975 D BatteryStatsService: !@ mLastInfo WifiActivityEnergyInfo{ timestamp=1658734623 mStackState=3 mControllerTxTimeMs=43322 mControllerTxTimePerLevelMs=[] mControllerRxTimeMs=54994753 mControllerIdleTimeMs=93352 mControllerEnergyUsed=0 }
10-22 19:39:12.788  3957  3975 D BatteryStatsService: !@ latest WifiActivityEnergyInfo{ timestamp=1658734843 mStackState=3 mControllerTxTimeMs=43322 mControllerTxTimePerLevelMs=[] mControllerRxTimeMs=54994760 mControllerIdleTimeMs=93352 mControllerEnergyUsed=0 }
10-22 19:39:12.788  3957  3975 D BatteryStatsService: !@ delta timePeriodMs : 220 txTimeMs : 0 rxTimeMs :7 idleTimeMs : 0
10-22 19:39:12.790  9273  9310 D ScanRecord: Not a Multi Manu data
10-22 19:39:12.792  3957  3975 D BatteryStatsImpl: !@ currentWifiRunningTimeMs : 236974 totalTimeMs : 7 totalWifiRunningTimeMs :236981 batteryRealtimeMs :658861
10-22 19:39:12.811  9273  9310 I chatty  : uid=1002(bluetooth) BT Service Call identical 31 lines
10-22 19:39:12.811  9273  9310 D ScanRecord: Not a Multi Manu data
10-22 19:39:12.823 25773 25773 W ADebug  : Failed to get property persist.sys.media.traces
10-22 19:39:12.826 25773 25773 E appproc : Enhanced Zygote ASLR: ro.knox.enhance.zygote.aslr != 1. Enhanced Zygote ASLR is DISABLED!
10-22 19:39:12.827 25773 25773 D AndroidRuntime: >>>>>> START com.android.internal.os.RuntimeInit uid 2000 <<<<<<
10-22 19:39:12.828  9273  9310 D ScanRecord: Not a Multi Manu data
10-22 19:39:12.829  9273  9310 I chatty  : uid=1002(bluetooth) BT Service Call identical 9 lines
10-22 19:39:12.829  9273  9310 D ScanRecord: Not a Multi Manu data
10-22 19:39:12.832 25773 25773 D SecNativeFeatureCppIf: encoded
10-22 19:39:12.833 25773 25773 D SecNativeFeatureCppIf: decoding and unzip finish
10-22 19:39:12.833 25773 25773 D SecNativeFeatureCppIf: use unCompDataBuff. encoded
10-22 19:39:12.833 25773 25773 D SecNativeFeatureCppIf: Free unCompDataBuff
10-22 19:39:12.833 25773 25773 D SecNativeFeatureCppIf: encoded
10-22 19:39:12.833 25773 25773 D SecNativeFeatureCppIf: decoding and unzip finish
10-22 19:39:12.833 25773 25773 D SecNativeFeatureCppIf: use unCompDataBuff. encoded
10-22 19:39:12.833 25773 25773 D SecNativeFeatureCppIf: Free unCompDataBuff
10-22 19:39:12.833 25773 25773 D SecNativeFeatureCppIf: encoded
10-22 19:39:12.833 25773 25773 D SecNativeFeatureCppIf: decoding and unzip finish
10-22 19:39:12.833 25773 25773 D SecNativeFeatureCppIf: use unCompDataBuff. encoded
10-22 19:39:12.833 25773 25773 D SecNativeFeatureCppIf: Free unCompDataBuff
10-22 19:39:12.833 25773 25773 D SecNativeFeatureCppIf: encoded
10-22 19:39:12.833 25773 25773 D SecNativeFeatureCppIf: decoding and unzip finish
10-22 19:39:12.833 25773 25773 D SecNativeFeatureCppIf: use unCompDataBuff. encoded
10-22 19:39:12.834 25773 25773 D SecNativeFeatureCppIf: Free unCompDataBuff
10-22 19:39:12.844  9273  9310 D ScanRecord: Not a Multi Manu data
10-22 19:39:12.878  9273  9310 I chatty  : uid=1002(bluetooth) BT Service Call identical 64 lines
10-22 19:39:12.878  9273  9310 D ScanRecord: Not a Multi Manu data
10-22 19:39:12.885  3957  4128 D WifiService: getConnectionInfo uid=1000
10-22 19:39:12.887  9273  9310 D ScanRecord: Not a Multi Manu data
10-22 19:39:12.952  9273  9310 I chatty  : uid=1002(bluetooth) BT Service Call identical 108 lines
10-22 19:39:12.952  9273  9310 D ScanRecord: Not a Multi Manu data
10-22 19:39:12.956 25773 25773 D ICU     : Timezone override file found: /data/misc/zoneinfo/current/icu/icu_tzdata.dat
10-22 19:39:12.966  9273  9310 D ScanRecord: Not a Multi Manu data
10-22 19:39:12.979  9273  9310 I chatty  : uid=1002(bluetooth) BT Service Call identical 20 lines
10-22 19:39:12.979  9273  9310 D ScanRecord: Not a Multi Manu data
10-22 19:39:12.987 25773 25773 I app_process: find the special shared library, skip check
10-22 19:39:13.005  9273  9310 D ScanRecord: Not a Multi Manu data
10-22 19:39:13.015  9273  9310 I chatty  : uid=1002(bluetooth) BT Service Call identical 42 lines
10-22 19:39:13.015  9273  9310 D ScanRecord: Not a Multi Manu data
10-22 19:39:13.041 25773 25773 D SemCscFeature: Encoded
10-22 19:39:13.043  9273  9310 D ScanRecord: Not a Multi Manu data
10-22 19:39:13.043  9273  9310 I chatty  : uid=1002(bluetooth) BT Service Call identical 1 line
10-22 19:39:13.043  9273  9310 D ScanRecord: Not a Multi Manu data
10-22 19:39:13.043 25773 25773 D SemCscFeature: Encoded
10-22 19:39:13.044  9273  9310 D ScanRecord: Not a Multi Manu data
10-22 19:39:13.044  9273  9310 I chatty  : uid=1002(bluetooth) BT Service Call identical 6 lines
10-22 19:39:13.044  9273  9310 D ScanRecord: Not a Multi Manu data
10-22 19:39:13.044 25773 25773 D SemCscFeature: Encoded
10-22 19:39:13.046 25773 25773 D SemCscFeature: Encoded
10-22 19:39:13.046  9273  9310 D ScanRecord: Not a Multi Manu data
10-22 19:39:13.046  9273  9310 I chatty  : uid=1002(bluetooth) BT Service Call identical 9 lines
10-22 19:39:13.047  9273  9310 D ScanRecord: Not a Multi Manu data
10-22 19:39:13.047 25773 25773 E SemAffinityControl: SemAffinityControl: registerfunction enter
10-22 19:39:13.048  9273  9310 D ScanRecord: Not a Multi Manu data
10-22 19:39:13.049  9273  9310 I chatty  : uid=1002(bluetooth) BT Service Call identical 9 lines
10-22 19:39:13.049  9273  9310 D ScanRecord: Not a Multi Manu data
10-22 19:39:13.054 25773 25773 D AndroidRuntime: Calling main entry com.android.commands.monkey.Monkey
10-22 19:39:13.110  3957  3972 W BroadcastQueue: Skipping deliver [background] BroadcastRecord{63f6375 u-1 android.net.conn.CONNECTIVITY_CHANGE} to ReceiverList{ac92f0a 25773 (unknown name)/2000/u-1 remote:e2c005f}: process gone or crashing
10-22 19:39:13.157  3957  5413 I ActivityManager: START u0 {act=android.intent.action.MAIN typ=null flg=0x10200000 cmp=ComponentInfo{org.mozilla.fenix/org.mozilla.fenix.App}} from uid 2000
10-22 19:39:13.158  3957  5413 W Binder  : Outgoing transactions from this process must be FLAG_ONEWAY
10-22 19:39:13.158  3957  5413 W Binder  : java.lang.Throwable
10-22 19:39:13.158  3957  5413 W Binder  : 	at android.os.BinderProxy.transact(Binder.java:744)
10-22 19:39:13.158  3957  5413 W Binder  : 	at android.app.IActivityController$Stub$Proxy.activityStarting(IActivityController.java:172)
10-22 19:39:13.158  3957  5413 W Binder  : 	at com.android.server.am.ActivityStarter.startActivity(ActivityStarter.java:648)
10-22 19:39:13.158  3957  5413 W Binder  : 	at com.android.server.am.ActivityStarter.startActivityLocked(ActivityStarter.java:410)
10-22 19:39:13.158  3957  5413 W Binder  : 	at com.android.server.am.ActivityStarter.startActivityMayWait(ActivityStarter.java:1283)
10-22 19:39:13.158  3957  5413 W Binder  : 	at com.android.server.am.ActivityManagerService.startActivityAsUser(ActivityManagerService.java:6033)
10-22 19:39:13.158  3957  5413 W Binder  : 	at com.android.server.am.ActivityManagerService.startActivity(ActivityManagerService.java:5885)
10-22 19:39:13.158  3957  5413 W Binder  : 	at android.app.IActivityManager$Stub.onTransact(IActivityManager.java:121)
10-22 19:39:13.158  3957  5413 W Binder  : 	at com.android.server.am.ActivityManagerService.onTransact(ActivityManagerService.java:3861)
10-22 19:39:13.158  3957  5413 W Binder  : 	at android.os.Binder.execTransact(Binder.java:682)
10-22 19:39:13.160  3957  5413 D CustomFrequencyManagerService: acquireDVFSLockLocked : type : DVFS_MIN_LIMIT  frequency : 1560000  uid : 1000  pid : 3957  pkgName : AMS_APP_SWITCH@CPU_MIN@52
10-22 19:39:13.163  3957  5413 D ActivityManagerPerformance: AMP_acquire() APP_SWITCH
10-22 19:39:13.163  3957  5022 D ActivityManagerPerformance: Received MSG_CFMS_HINT_AMS_SWITCH pkgName: org.mozilla.fenix
