10-22 19:29:12.152 24256 24328 I BatteryMgr:DataCollectionService: stats => 1697995752152,-17,4160,-66,0,100
10-22 19:29:12.254  3957  4030 D SensorService: [SO] 0.215 -0.110 9.960
10-22 19:29:12.257 24256 24328 I BatteryMgr:DataCollectionService: stats => 1697995752257,-17,4160,-66,0,100
10-22 19:29:12.357  3957  4128 D WifiService: getConnectionInfo uid=1000
10-22 19:29:12.363 24256 24328 I BatteryMgr:DataCollectionService: stats => 1697995752363,-17,4160,-66,0,100
10-22 19:29:12.390  3957  4129 D WifiStateMachine:  ConnectedState !RSSI_PKTCNT_FETCH uid=1000 rt=602158974/1658134447 0 0 "ourhome" f4:6d:2f:12:cc:88 rssi=-47 f=5240 sc=60 link=433 tx=0.3, 0.0, 0.0  rx=11.7 bcn=587957 [on:0 tx:0 rx:0 period:865] from screen [on:87680 period:696057] score=60
10-22 19:29:12.391  3957  4129 D WifiStateMachine:  L2ConnectedState !RSSI_PKTCNT_FETCH uid=1000 rt=602158975/1658134448 0 0 "ourhome" f4:6d:2f:12:cc:88 rssi=-47 f=5240 sc=60 link=433 tx=0.3, 0.0, 0.0  rx=11.7 bcn=587957 [on:0 tx:0 rx:0 period:2] from screen [on:87680 period:696059] score=60
10-22 19:29:12.392  3957  4129 D WifiStateMachine: fetchRssiLinkSpeedAndFrequencyNative rssi=-47 linkspeed=433 freq=5240
10-22 19:29:12.392  3957  4129 V WifiConfigManager: Updating scan detail cache freq=5240 BSSID=f4:6d:2f:12:cc:88 RSSI=-47 for "ourhome"WPA_PSK
10-22 19:29:12.469 24256 24328 I BatteryMgr:DataCollectionService: stats => 1697995752469,-17,4160,-66,0,100
10-22 19:29:12.549  9273  9310 D ScanRecord: Not a Multi Manu data
10-22 19:29:12.571  9273  9310 I chatty  : uid=1002(bluetooth) BT Service Call identical 64 lines
10-22 19:29:12.571  9273  9310 D ScanRecord: Not a Multi Manu data
10-22 19:29:12.574 24256 24328 I BatteryMgr:DataCollectionService: stats => 1697995752574,-17,4160,-66,0,100
10-22 19:29:12.580  9273  9310 D ScanRecord: Not a Multi Manu data
10-22 19:29:12.677  9273  9310 I chatty  : uid=1002(bluetooth) BT Service Call identical 119 lines
10-22 19:29:12.677  9273  9310 D ScanRecord: Not a Multi Manu data
10-22 19:29:12.680 24256 24328 I BatteryMgr:DataCollectionService: stats => 1697995752680,-17,4160,-66,0,100
10-22 19:29:12.693  9273  9310 D ScanRecord: Not a Multi Manu data
10-22 19:29:12.784  9273  9310 I chatty  : uid=1002(bluetooth) BT Service Call identical 174 lines
10-22 19:29:12.784  9273  9310 D ScanRecord: Not a Multi Manu data
10-22 19:29:12.784 24256 24328 I BatteryMgr:DataCollectionService: stats => 1697995752784,-17,4160,-66,0,100
10-22 19:29:12.792  9273  9310 D ScanRecord: Not a Multi Manu data
10-22 19:29:12.859  9273  9310 I chatty  : uid=1002(bluetooth) BT Service Call identical 130 lines
10-22 19:29:12.859  9273  9310 D ScanRecord: Not a Multi Manu data
10-22 19:29:12.889 24256 24328 I BatteryMgr:DataCollectionService: stats => 1697995752888,-17,4160,-66,0,100
10-22 19:29:12.891  9273  9310 D ScanRecord: Not a Multi Manu data
10-22 19:29:12.977  9273  9310 I chatty  : uid=1002(bluetooth) BT Service Call identical 141 lines
10-22 19:29:12.977  9273  9310 D ScanRecord: Not a Multi Manu data
10-22 19:29:12.994 24256 24328 I BatteryMgr:DataCollectionService: stats => 1697995752994,-17,4160,-66,0,100
10-22 19:29:13.000  9273  9310 D ScanRecord: Not a Multi Manu data
10-22 19:29:13.013  9273  9310 I chatty  : uid=1002(bluetooth) BT Service Call identical 42 lines
10-22 19:29:13.013  9273  9310 D ScanRecord: Not a Multi Manu data
10-22 19:29:13.100 24256 24328 I BatteryMgr:DataCollectionService: stats => 1697995753100,-17,4160,-66,0,100
10-22 19:29:13.205 24256 24328 I BatteryMgr:DataCollectionService: stats => 1697995753205,-17,4160,-66,0,100
10-22 19:29:13.310 24256 24328 I BatteryMgr:DataCollectionService: stats => 1697995753310,-17,4160,-66,0,100
10-22 19:29:13.359  3957  4128 D WifiService: getConnectionInfo uid=1000
10-22 19:29:13.391  3957  4129 D WifiStateMachine:  ConnectedState !RSSI_PKTCNT_FETCH uid=1000 rt=602159976/1658135448 0 0 "ourhome" f4:6d:2f:12:cc:88 rssi=-47 f=5240 sc=60 link=433 tx=0.3, 0.0, 0.0  rx=11.7 bcn=587957 [on:0 tx:0 rx:0 period:1000] from screen [on:87680 period:697059] score=60
10-22 19:29:13.392  3957  4129 D WifiStateMachine:  L2ConnectedState !RSSI_PKTCNT_FETCH uid=1000 rt=602159977/1658135449 0 0 "ourhome" f4:6d:2f:12:cc:88 rssi=-47 f=5240 sc=60 link=433 tx=0.3, 0.0, 0.0  rx=11.7 bcn=587957 [on:0 tx:0 rx:0 period:1] from screen [on:87680 period:697060] score=60
10-22 19:29:13.398  3957  4129 D WifiStateMachine: fetchRssiLinkSpeedAndFrequencyNative rssi=-44 linkspeed=433 freq=5240
10-22 19:29:13.398  3957  4129 V WifiConfigManager: Updating scan detail cache freq=5240 BSSID=f4:6d:2f:12:cc:88 RSSI=-45 for "ourhome"WPA_PSK
10-22 19:29:13.416 24256 24328 I BatteryMgr:DataCollectionService: stats => 1697995753416,-17,4160,-66,0,100
10-22 19:29:13.520 24256 24328 I BatteryMgr:DataCollectionService: stats => 1697995753520,-17,4160,-66,0,100
10-22 19:29:13.624 24256 24328 I BatteryMgr:DataCollectionService: stats => 1697995753624,-17,4160,-66,0,100
10-22 19:29:13.729 24256 24328 I BatteryMgr:DataCollectionService: stats => 1697995753729,-17,4160,-66,0,100
10-22 19:29:13.737  4961  4961 D io_stats: !@ 179,0 r 10122030 332317028 w 2155822 42217252 d 173572 37240728 f 639610 665046 iot 4627352 3987387 th 51200 0 0 pt 0 inp 0 0 602160.322
10-22 19:29:13.839 24256 24328 I BatteryMgr:DataCollectionService: stats => 1697995753839,-17,4160,-66,0,100
10-22 19:29:13.943 24256 24328 I BatteryMgr:DataCollectionService: stats => 1697995753943,-17,4160,-66,0,100
10-22 19:29:14.049 24256 24328 I BatteryMgr:DataCollectionService: stats => 1697995754049,-17,4160,-66,0,100
10-22 19:29:14.154 24256 24328 I BatteryMgr:DataCollectionService: stats => 1697995754154,-17,4160,-66,0,100
10-22 19:29:14.260 24256 24328 I BatteryMgr:DataCollectionService: stats => 1697995754259,-17,4160,-66,0,100
10-22 19:29:14.361  3957  4128 D WifiService: getConnectionInfo uid=1000
10-22 19:29:14.365 24256 24328 I BatteryMgr:DataCollectionService: stats => 1697995754365,-17,4160,-66,0,100
10-22 19:29:14.393  3957  4129 D WifiStateMachine:  ConnectedState !RSSI_PKTCNT_FETCH uid=1000 rt=602160977/1658136450 0 0 "ourhome" f4:6d:2f:12:cc:88 rssi=-44 f=5240 sc=60 link=433 tx=0.3, 0.0, 0.0  rx=11.7 bcn=587957 [on:0 tx:0 rx:0 period:1001] from screen [on:87680 period:698061] score=60
10-22 19:29:14.395  3957  4129 D WifiStateMachine:  L2ConnectedState !RSSI_PKTCNT_FETCH uid=1000 rt=602160979/1658136451 0 0 "ourhome" f4:6d:2f:12:cc:88 rssi=-44 f=5240 sc=60 link=433 tx=0.3, 0.0, 0.0  rx=11.7 bcn=587957 [on:0 tx:0 rx:0 period:1] from screen [on:87680 period:698062] score=60
10-22 19:29:14.400  3957  4129 D WifiStateMachine: fetchRssiLinkSpeedAndFrequencyNative rssi=-42 linkspeed=433 freq=5240
10-22 19:29:14.400  3957  4129 V WifiConfigManager: Updating scan detail cache freq=5240 BSSID=f4:6d:2f:12:cc:88 RSSI=-43 for "ourhome"WPA_PSK
10-22 19:29:14.472 24256 24328 I BatteryMgr:DataCollectionService: stats => 1697995754472,-17,4160,-66,0,100
10-22 19:29:14.522  3957  4129 D WifiStateMachine:  ConnectedState !CMD_RSSI_POLL rt=602161107/1658136579 122 0 "ourhome" f4:6d:2f:12:cc:88 rssi=-42 f=5240 sc=60 link=433 tx=0.3, 0.0, 0.0  rx=11.7 bcn=587957 [on:0 tx:0 rx:0 period:128] from screen [on:87680 period:698190] score=60
10-22 19:29:14.523  3957  4129 D WifiStateMachine:  L2ConnectedState !CMD_RSSI_POLL rt=602161107/1658136580 122 0 "ourhome" f4:6d:2f:12:cc:88 rssi=-42 f=5240 sc=60 link=433 tx=0.3, 0.0, 0.0  rx=11.7 bcn=587957 [on:0 tx:0 rx:0 period:1] from screen [on:87680 period:698191] score=60
10-22 19:29:14.523  3957  4129 D WifiStateMachine:  get link layer stats 3
10-22 19:29:14.523  3436  3436 I android.hardware.wifi@1.0-service: getLinkLayerStats
10-22 19:29:14.541  3957  4129 D WifiStateMachine: fetchRssiLinkSpeedAndFrequencyNative rssi=-42 linkspeed=433 freq=5240
10-22 19:29:14.541  3957  4129 V WifiConfigManager: Updating scan detail cache freq=5240 BSSID=f4:6d:2f:12:cc:88 RSSI=-42 for "ourhome"WPA_PSK
10-22 19:29:14.546  4340  4340 E SignalClusterView: setSlotFocusVisible : subId -2
10-22 19:29:14.546  4340  4340 E SignalClusterView: setSlotFocusVisible : subId -2
10-22 19:29:14.579 24256 24328 I BatteryMgr:DataCollectionService: stats => 1697995754578,-17,4160,-66,0,100
10-22 19:29:14.684 24256 24328 I BatteryMgr:DataCollectionService: stats => 1697995754683,-17,4160,-66,0,100
10-22 19:29:14.790 24256 24328 I BatteryMgr:DataCollectionService: stats => 1697995754790,-17,4160,-66,0,100
10-22 19:29:14.894 24256 24328 I BatteryMgr:DataCollectionService: stats => 1697995754894,-17,4160,-66,0,100
10-22 19:29:15.001 24256 24328 I BatteryMgr:DataCollectionService: stats => 1697995755001,-17,4160,-66,0,100
10-22 19:29:15.107 24256 24328 I BatteryMgr:DataCollectionService: stats => 1697995755107,-17,4160,-66,0,100
10-22 19:29:15.212 24256 24328 I BatteryMgr:DataCollectionService: stats => 1697995755212,-17,4160,-66,0,100
10-22 19:29:15.317 24256 24328 I BatteryMgr:DataCollectionService: stats => 1697995755317,-17,4160,-66,0,100
10-22 19:29:15.329 23640 23651 I zygote64: Background concurrent copying GC freed 191024(5MB) AllocSpace objects, 0(0B) LOS objects, 50% free, 6MB/12MB, paused 2.703ms total 136.773ms
10-22 19:29:15.363  3957  4128 D WifiService: getConnectionInfo uid=1000
10-22 19:29:15.371  4340  4731 D NetworkController.MobileSignalController(0/-2): onSignalStrengthsChanged signalStrength=SignalStrength: 20 99 -20 -200 -20 -200 -1 99 2147483647 2147483647 2147483647 2147483647 0 2147483647 0x4 P gsm|lte level=4
10-22 19:29:15.371  4340  4731 D NetworkController.MobileSignalController(0/-2): getMobileIconGroup(): 0
10-22 19:29:15.395  3957  4129 D WifiStateMachine:  ConnectedState !RSSI_PKTCNT_FETCH uid=1000 rt=602161979/1658137452 0 0 "ourhome" f4:6d:2f:12:cc:88 rssi=-42 f=5240 sc=60 link=433 tx=0.7, 0.0, 0.0  rx=4.9 bcn=587984 [on:0 tx:0 rx:0 period:851] from screen [on:88326 period:699063] score=60
10-22 19:29:15.397  3957  4129 D WifiStateMachine:  L2ConnectedState !RSSI_PKTCNT_FETCH uid=1000 rt=602161981/1658137453 0 0 "ourhome" f4:6d:2f:12:cc:88 rssi=-42 f=5240 sc=60 link=433 tx=0.7, 0.0, 0.0  rx=4.9 bcn=587984 [on:0 tx:0 rx:0 period:2] from screen [on:88326 period:699065] score=60
10-22 19:29:15.401  3957  4129 D WifiStateMachine: fetchRssiLinkSpeedAndFrequencyNative rssi=-41 linkspeed=433 freq=5240
10-22 19:29:15.402  3957  4129 V WifiConfigManager: Updating scan detail cache freq=5240 BSSID=f4:6d:2f:12:cc:88 RSSI=-41 for "ourhome"WPA_PSK
10-22 19:29:15.422 24256 24328 I BatteryMgr:DataCollectionService: stats => 1697995755422,-17,4160,-66,0,100
10-22 19:29:15.528 24256 24328 I BatteryMgr:DataCollectionService: stats => 1697995755528,-17,4160,-66,0,100
10-22 19:29:15.634 24256 24328 I BatteryMgr:DataCollectionService: stats => 1697995755634,-17,4160,-66,0,100
10-22 19:29:15.740 24256 24328 I BatteryMgr:DataCollectionService: stats => 1697995755740,-17,4160,-66,0,100
10-22 19:29:15.799  3957  4416 E Watchdog: !@Sync 20064 [2023-10-22 19:29:15.799]
10-22 19:29:15.847 24256 24328 I BatteryMgr:DataCollectionService: stats => 1697995755847,-17,4160,-66,0,100
10-22 19:29:15.955 24256 24328 I BatteryMgr:DataCollectionService: stats => 1697995755955,-17,4160,-66,0,100
10-22 19:29:16.060 24256 24328 I BatteryMgr:DataCollectionService: stats => 1697995756060,-17,4160,-66,0,100
10-22 19:29:16.164 24256 24328 I BatteryMgr:DataCollectionService: stats => 1697995756164,-17,4160,-66,0,100
10-22 19:29:16.270 24256 24328 I BatteryMgr:DataCollectionService: stats => 1697995756270,-17,4160,-66,0,100
10-22 19:29:16.363  3957  4128 D WifiService: getConnectionInfo uid=1000
10-22 19:29:16.376 24256 24328 I BatteryMgr:DataCollectionService: stats => 1697995756376,-17,4160,-66,0,100
10-22 19:29:16.396  3957  4129 D WifiStateMachine:  ConnectedState !RSSI_PKTCNT_FETCH uid=1000 rt=602162980/1658138453 0 0 "ourhome" f4:6d:2f:12:cc:88 rssi=-41 f=5240 sc=60 link=433 tx=0.7, 0.0, 0.0  rx=4.9 bcn=587984 [on:0 tx:0 rx:0 period:998] from screen [on:88326 period:700063] score=60
10-22 19:29:16.397  3957  4129 D WifiStateMachine:  L2ConnectedState !RSSI_PKTCNT_FETCH uid=1000 rt=602162981/1658138454 0 0 "ourhome" f4:6d:2f:12:cc:88 rssi=-41 f=5240 sc=60 link=433 tx=0.7, 0.0, 0.0  rx=4.9 bcn=587984 [on:0 tx:0 rx:0 period:1] from screen [on:88326 period:700064] score=60
10-22 19:29:16.398  3957  4129 D WifiStateMachine: fetchRssiLinkSpeedAndFrequencyNative rssi=-42 linkspeed=433 freq=5240
10-22 19:29:16.399  3957  4129 V WifiConfigManager: Updating scan detail cache freq=5240 BSSID=f4:6d:2f:12:cc:88 RSSI=-41 for "ourhome"WPA_PSK
10-22 19:29:16.481 24256 24328 I BatteryMgr:DataCollectionService: stats => 1697995756481,-17,4160,-66,0,100
10-22 19:29:16.588 24256 24328 I BatteryMgr:DataCollectionService: stats => 1697995756588,-17,4160,-66,0,100
10-22 19:29:16.693 24256 24328 I BatteryMgr:DataCollectionService: stats => 1697995756693,-17,4160,-66,0,100
10-22 19:29:16.798 24256 24328 I BatteryMgr:DataCollectionService: stats => 1697995756798,-17,4160,-66,0,100
10-22 19:29:16.904 24256 24328 I BatteryMgr:DataCollectionService: stats => 1697995756904,-17,4160,-66,0,100
10-22 19:29:17.009 24256 24328 I BatteryMgr:DataCollectionService: stats => 1697995757008,-17,4160,-66,0,100
10-22 19:29:17.115 24256 24328 I BatteryMgr:DataCollectionService: stats => 1697995757114,-17,4160,-66,0,100
10-22 19:29:17.222 24256 24328 I BatteryMgr:DataCollectionService: stats => 1697995757222,-17,4160,-66,0,100
10-22 19:29:17.326 24256 24328 I BatteryMgr:DataCollectionService: stats => 1697995757326,-17,4160,-66,0,100
10-22 19:29:17.364  3957  4128 D WifiService: getConnectionInfo uid=1000
10-22 19:29:17.397  3957  4129 D WifiStateMachine:  ConnectedState !RSSI_PKTCNT_FETCH uid=1000 rt=602163982/1658139454 0 0 "ourhome" f4:6d:2f:12:cc:88 rssi=-42 f=5240 sc=60 link=433 tx=0.7, 0.0, 0.0  rx=4.9 bcn=587984 [on:0 tx:0 rx:0 period:1001] from screen [on:88326 period:701065] score=60
10-22 19:29:17.399  3957  4129 D WifiStateMachine:  L2ConnectedState !RSSI_PKTCNT_FETCH uid=1000 rt=602163983/1658139455 0 0 "ourhome" f4:6d:2f:12:cc:88 rssi=-42 f=5240 sc=60 link=433 tx=0.7, 0.0, 0.0  rx=4.9 bcn=587984 [on:0 tx:0 rx:0 period:2] from screen [on:88326 period:701067] score=60
10-22 19:29:17.401  3957  4129 D WifiStateMachine: fetchRssiLinkSpeedAndFrequencyNative rssi=-42 linkspeed=433 freq=5240
10-22 19:29:17.401  3957  4129 V WifiConfigManager: Updating scan detail cache freq=5240 BSSID=f4:6d:2f:12:cc:88 RSSI=-41 for "ourhome"WPA_PSK
10-22 19:29:17.431 24256 24328 I BatteryMgr:DataCollectionService: stats => 1697995757431,-17,4160,-66,0,100
10-22 19:29:17.536 24256 24328 I BatteryMgr:DataCollectionService: stats => 1697995757536,-17,4160,-66,0,100
10-22 19:29:17.543  9273  9310 D ScanRecord: Not a Multi Manu data
10-22 19:29:17.543  3957  4129 D WifiStateMachine:  ConnectedState !CMD_RSSI_POLL rt=602164127/1658139600 122 0 "ourhome" f4:6d:2f:12:cc:88 rssi=-42 f=5240 sc=60 link=433 tx=0.7, 0.0, 0.0  rx=4.9 bcn=587984 [on:0 tx:0 rx:0 period:144] from screen [on:88326 period:701211] score=60
10-22 19:29:17.543  9273  9310 I chatty  : uid=1002(bluetooth) BT Service Call expire 8 lines
10-22 19:29:17.543  9273  9310 D ScanRecord: Not a Multi Manu data
10-22 19:29:17.543  9273  9310 D ScanRecord: Not a Multi Manu data
10-22 19:29:17.544  3957  4129 D WifiStateMachine:  L2ConnectedState !CMD_RSSI_POLL rt=602164129/1658139601 122 0 "ourhome" f4:6d:2f:12:cc:88 rssi=-42 f=5240 sc=60 link=433 tx=0.7, 0.0, 0.0  rx=4.9 bcn=587984 [on:0 tx:0 rx:0 period:1] from screen [on:88326 period:701212] score=60
10-22 19:29:17.544  3957  4129 D WifiStateMachine:  get link layer stats 3
10-22 19:29:17.544  3436  3436 I android.hardware.wifi@1.0-service: getLinkLayerStats
10-22 19:29:17.548  3957  4129 D WifiStateMachine: fetchRssiLinkSpeedAndFrequencyNative rssi=-42 linkspeed=433 freq=5240
10-22 19:29:17.548  3957  4129 V WifiConfigManager: Updating scan detail cache freq=5240 BSSID=f4:6d:2f:12:cc:88 RSSI=-41 for "ourhome"WPA_PSK
10-22 19:29:17.551  4340  4340 E SignalClusterView: setSlotFocusVisible : subId -2
10-22 19:29:17.551  4340  4340 E SignalClusterView: setSlotFocusVisible : subId -2
10-22 19:29:17.553  9273  9310 D ScanRecord: Not a Multi Manu data
10-22 19:29:17.553  9273  9310 I chatty  : uid=1002(bluetooth) BT Service Call identical 9 lines
10-22 19:29:17.553  9273  9310 D ScanRecord: Not a Multi Manu data
10-22 19:29:17.556  9273  9310 D ScanRecord: same manuId data exists, combine both data and store
10-22 19:29:17.556  9273  9310 D ScanRecord: It's a Multi Manu data
10-22 19:29:17.556  9273  9310 I chatty  : uid=1002(bluetooth) BT Service Call identical 9 lines
10-22 19:29:17.556  9273  9310 D ScanRecord: It's a Multi Manu data
10-22 19:29:17.556  9273  9310 D ScanRecord: same manuId data exists, combine both data and store
10-22 19:29:17.559  9273  9310 D ScanRecord: Not a Multi Manu data
10-22 19:29:17.631  9273  9310 I chatty  : uid=1002(bluetooth) BT Service Call identical 64 lines
10-22 19:29:17.631  9273  9310 D ScanRecord: Not a Multi Manu data
10-22 19:29:17.640 24256 24328 I BatteryMgr:DataCollectionService: stats => 1697995757640,-17,4160,-66,0,100
10-22 19:29:17.648  9273  9310 D ScanRecord: Not a Multi Manu data
10-22 19:29:17.741  9273  9310 I chatty  : uid=1002(bluetooth) BT Service Call identical 174 lines
10-22 19:29:17.741  9273  9310 D ScanRecord: Not a Multi Manu data
10-22 19:29:17.747  9273  9310 D ScanRecord: same manuId data exists, combine both data and store
10-22 19:29:17.747 24256 24328 I BatteryMgr:DataCollectionService: stats => 1697995757747,-17,4160,-66,0,100
10-22 19:29:17.747  9273  9310 D ScanRecord: It's a Multi Manu data
10-22 19:29:17.748  9273  9310 I chatty  : uid=1002(bluetooth) BT Service Call identical 9 lines
10-22 19:29:17.748  9273  9310 D ScanRecord: It's a Multi Manu data
10-22 19:29:17.748  9273  9310 D ScanRecord: same manuId data exists, combine both data and store
10-22 19:29:17.751  9273  9310 D ScanRecord: Not a Multi Manu data
10-22 19:29:17.847  9273  9310 I chatty  : uid=1002(bluetooth) BT Service Call identical 130 lines
10-22 19:29:17.847  9273  9310 D ScanRecord: Not a Multi Manu data
10-22 19:29:17.852 24256 24328 I BatteryMgr:DataCollectionService: stats => 1697995757852,-17,4160,-66,0,100
10-22 19:29:17.860  9273  9310 D ScanRecord: Not a Multi Manu data
10-22 19:29:17.953  9273  9310 I chatty  : uid=1002(bluetooth) BT Service Call identical 141 lines
10-22 19:29:17.953  9273  9310 D ScanRecord: Not a Multi Manu data
10-22 19:29:17.956 24256 24328 I BatteryMgr:DataCollectionService: stats => 1697995757956,-17,4160,-66,0,100
10-22 19:29:17.958  9273  9310 D ScanRecord: Not a Multi Manu data
10-22 19:29:18.038  9273  9310 I chatty  : uid=1002(bluetooth) BT Service Call identical 75 lines
10-22 19:29:18.038  9273  9310 D ScanRecord: Not a Multi Manu data
10-22 19:29:18.061 24256 24328 I BatteryMgr:DataCollectionService: stats => 1697995758061,-17,4160,-66,0,100
10-22 19:29:18.165 24256 24328 I BatteryMgr:DataCollectionService: stats => 1697995758165,-17,4160,-66,0,100
10-22 19:29:18.220  3957  6478 D SSRM:k  : SIOP:: AP = 410, PST = 378 (W:12), BAT = 293, USB = 0, CHG = 0
10-22 19:29:18.227  3957  6478 D ac      : broadcastSiopLevelIntent:: currentSiopLevel = -1
10-22 19:29:18.232  3957  6478 D TelephonyManager: getAllCellInfo : Caller (PID / UID / TID): 3957 / 1000 / 6478
10-22 19:29:18.241 14173 14173 I [SC]SCloudReceiver: onReceive: com.samsung.intent.action.CHECK_SIOP_LEVEL
10-22 19:29:18.248 14173 14173 I [SC]DetectorReceiver: onReceive [com.samsung.intent.action.CHECK_SIOP_LEVEL]
10-22 19:29:18.249 14173 14173 I [SC]AccountUtil: Samsung Account Not Logged in
10-22 19:29:18.258  3957  6478 D WifiService: getConnectionInfo uid=1000
10-22 19:29:18.266  3957  6478 I SensorService: createSensorEventConnection package name f.z
10-22 19:29:18.267  3957  6478 D SensorService: Calling batch handle==3 flags=0 rate=200000000 timeout== 0
10-22 19:29:18.268  3434  4028 I Sensors : ProximitySensor:enable: handle 3, en 1, old_en 0
10-22 19:29:18.271 24256 24328 I BatteryMgr:DataCollectionService: stats => 1697995758271,-17,4160,-66,0,100
10-22 19:29:18.328  3957  6478 D SensorManager: registerListener :: 3, STK3013 Proximity, 200000, 0,  
10-22 19:29:18.329  3434  4028 I Sensors : ProximitySensor:readEvents: value 8(cm)
10-22 19:29:18.329  3957  3957 D SensorManager: Proximity, val = 8.0  [far]
10-22 19:29:18.330  3957  3957 D SensorService: Calling activate off 3
10-22 19:29:18.330  3434  3434 I Sensors : ProximitySensor:enable: handle 3, en 0, old_en 1
10-22 19:29:18.332  3957  3957 D SensorManager: unregisterListener ::   
10-22 19:29:18.366  3957  4128 D WifiService: getConnectionInfo uid=1000
10-22 19:29:18.376 24256 24328 I BatteryMgr:DataCollectionService: stats => 1697995758376,-17,4160,-66,0,100
10-22 19:29:18.398  3957  4129 D WifiStateMachine:  ConnectedState !RSSI_PKTCNT_FETCH uid=1000 rt=602164983/1658140455 0 0 "ourhome" f4:6d:2f:12:cc:88 rssi=-42 f=5240 sc=60 link=433 tx=0.9, 0.0, 0.0  rx=2.4 bcn=588013 [on:0 tx:0 rx:0 period:847] from screen [on:88712 period:702066] score=60
10-22 19:29:18.399  3957  4129 D WifiStateMachine:  L2ConnectedState !RSSI_PKTCNT_FETCH uid=1000 rt=602164984/1658140456 0 0 "ourhome" f4:6d:2f:12:cc:88 rssi=-42 f=5240 sc=60 link=433 tx=0.9, 0.0, 0.0  rx=2.4 bcn=588013 [on:0 tx:0 rx:0 period:1] from screen [on:88712 period:702067] score=60
10-22 19:29:18.403  3957  4129 D WifiStateMachine: fetchRssiLinkSpeedAndFrequencyNative rssi=-42 linkspeed=433 freq=5240
10-22 19:29:18.403  3957  4129 V WifiConfigManager: Updating scan detail cache freq=5240 BSSID=f4:6d:2f:12:cc:88 RSSI=-41 for "ourhome"WPA_PSK
10-22 19:29:18.481 24256 24328 I BatteryMgr:DataCollectionService: stats => 1697995758481,-17,4160,-66,0,100
10-22 19:29:18.587 24256 24328 I BatteryMgr:DataCollectionService: stats => 1697995758586,-17,4160,-66,0,100
10-22 19:29:18.692 24256 24328 I BatteryMgr:DataCollectionService: stats => 1697995758692,-17,4160,-66,0,100
10-22 19:29:18.741  4961  4961 D io_stats: !@ 179,0 r 10122041 332317648 w 2155831 42217432 d 173573 37240808 f 639611 665047 iot 4627360 3987397 th 51200 0 0 pt 0 inp 0 0 602165.325
10-22 19:29:18.804 24256 24328 I BatteryMgr:DataCollectionService: stats => 1697995758803,-17,4160,-66,0,100
10-22 19:29:18.909 24256 24328 I BatteryMgr:DataCollectionService: stats => 1697995758908,-17,4160,-66,0,100
10-22 19:29:19.013 24256 24328 I BatteryMgr:DataCollectionService: stats => 1697995759013,-17,4160,-66,0,100
10-22 19:29:19.117 24256 24328 I BatteryMgr:DataCollectionService: stats => 1697995759117,-17,4160,-66,0,100
10-22 19:29:19.223 24256 24328 I BatteryMgr:DataCollectionService: stats => 1697995759223,-17,4160,-66,0,100
10-22 19:29:19.329 24256 24328 I BatteryMgr:DataCollectionService: stats => 1697995759328,-17,4160,-66,0,100
10-22 19:29:19.368  3957  4128 D WifiService: getConnectionInfo uid=1000
10-22 19:29:19.399  3957  4129 D WifiStateMachine:  ConnectedState !RSSI_PKTCNT_FETCH uid=1000 rt=602165984/1658141457 0 0 "ourhome" f4:6d:2f:12:cc:88 rssi=-42 f=5240 sc=60 link=433 tx=0.9, 0.0, 0.0  rx=2.4 bcn=588013 [on:0 tx:0 rx:0 period:1000] from screen [on:88712 period:703067] score=60
10-22 19:29:19.400  3957  4129 D WifiStateMachine:  L2ConnectedState !RSSI_PKTCNT_FETCH uid=1000 rt=602165985/1658141458 0 0 "ourhome" f4:6d:2f:12:cc:88 rssi=-42 f=5240 sc=60 link=433 tx=0.9, 0.0, 0.0  rx=2.4 bcn=588013 [on:0 tx:0 rx:0 period:1] from screen [on:88712 period:703068] score=60
10-22 19:29:19.404  3957  4129 D WifiStateMachine: fetchRssiLinkSpeedAndFrequencyNative rssi=-42 linkspeed=433 freq=5240
10-22 19:29:19.404  3957  4129 V WifiConfigManager: Updating scan detail cache freq=5240 BSSID=f4:6d:2f:12:cc:88 RSSI=-41 for "ourhome"WPA_PSK
10-22 19:29:19.433 24256 24328 I BatteryMgr:DataCollectionService: stats => 1697995759433,-17,4160,-66,0,100
10-22 19:29:19.538 24256 24328 I BatteryMgr:DataCollectionService: stats => 1697995759538,-17,4160,-66,0,100
10-22 19:29:19.644 24256 24328 I BatteryMgr:DataCollectionService: stats => 1697995759644,-17,4160,-66,0,100
10-22 19:29:19.749 24256 24328 I BatteryMgr:DataCollectionService: stats => 1697995759749,-17,4160,-66,0,100
10-22 19:29:19.860 24256 24328 I BatteryMgr:DataCollectionService: stats => 1697995759860,-17,4160,-66,0,100
10-22 19:29:19.964 24256 24328 I BatteryMgr:DataCollectionService: stats => 1697995759964,-17,4160,-66,0,100
10-22 19:29:20.069 24256 24328 I BatteryMgr:DataCollectionService: stats => 1697995760068,-17,4160,-66,0,100
10-22 19:29:20.174 24256 24328 I BatteryMgr:DataCollectionService: stats => 1697995760174,-17,4160,-66,0,100
10-22 19:29:20.236 23640 23940 I SessionStorage/AutoSave: Save: Periodic
10-22 19:29:20.279 24256 24328 I BatteryMgr:DataCollectionService: stats => 1697995760279,-17,4160,-66,0,100
10-22 19:29:20.370  3957  4128 D WifiService: getConnectionInfo uid=1000
10-22 19:29:20.383 24256 24328 I BatteryMgr:DataCollectionService: stats => 1697995760383,-17,4160,-66,0,100
10-22 19:29:20.401  3957  4129 D WifiStateMachine:  ConnectedState !RSSI_PKTCNT_FETCH uid=1000 rt=602166985/1658142458 0 0 "ourhome" f4:6d:2f:12:cc:88 rssi=-42 f=5240 sc=60 link=433 tx=0.9, 0.0, 0.0  rx=2.4 bcn=588013 [on:0 tx:0 rx:0 period:1001] from screen [on:88712 period:704069] score=60
10-22 19:29:20.402  3957  4129 D WifiStateMachine:  L2ConnectedState !RSSI_PKTCNT_FETCH uid=1000 rt=602166986/1658142459 0 0 "ourhome" f4:6d:2f:12:cc:88 rssi=-42 f=5240 sc=60 link=433 tx=0.9, 0.0, 0.0  rx=2.4 bcn=588013 [on:0 tx:0 rx:0 period:0] from screen [on:88712 period:704069] score=60
10-22 19:29:20.407  3957  4129 D WifiStateMachine: fetchRssiLinkSpeedAndFrequencyNative rssi=-42 linkspeed=433 freq=5240
10-22 19:29:20.408  3957  4129 V WifiConfigManager: Updating scan detail cache freq=5240 BSSID=f4:6d:2f:12:cc:88 RSSI=-41 for "ourhome"WPA_PSK
10-22 19:29:20.489 24256 24328 I BatteryMgr:DataCollectionService: stats => 1697995760489,-17,4160,-66,0,100
10-22 19:29:20.551  3957  4129 D WifiStateMachine:  ConnectedState !CMD_RSSI_POLL rt=602167134/1658142607 122 0 "ourhome" f4:6d:2f:12:cc:88 rssi=-42 f=5240 sc=60 link=433 tx=0.9, 0.0, 0.0  rx=2.4 bcn=588013 [on:0 tx:0 rx:0 period:150] from screen [on:88712 period:704219] score=60
10-22 19:29:20.552  3957  4129 D WifiStateMachine:  L2ConnectedState !CMD_RSSI_POLL rt=602167136/1658142609 122 0 "ourhome" f4:6d:2f:12:cc:88 rssi=-42 f=5240 sc=60 link=433 tx=0.9, 0.0, 0.0  rx=2.4 bcn=588013 [on:0 tx:0 rx:0 period:1] from screen [on:88712 period:704220] score=60
10-22 19:29:20.552  3957  4129 D WifiStateMachine:  get link layer stats 3
10-22 19:29:20.553  3436  3436 I android.hardware.wifi@1.0-service: getLinkLayerStats
10-22 19:29:20.571  3957  4129 D WifiStateMachine: fetchRssiLinkSpeedAndFrequencyNative rssi=-43 linkspeed=433 freq=5240
10-22 19:29:20.571  3957  4129 V WifiConfigManager: Updating scan detail cache freq=5240 BSSID=f4:6d:2f:12:cc:88 RSSI=-42 for "ourhome"WPA_PSK
10-22 19:29:20.574  4340  4340 E SignalClusterView: setSlotFocusVisible : subId -2
10-22 19:29:20.574  4340  4340 E SignalClusterView: setSlotFocusVisible : subId -2
10-22 19:29:20.596 24256 24328 I BatteryMgr:DataCollectionService: stats => 1697995760596,-17,4160,-66,0,100
10-22 19:29:20.700 24256 24328 I BatteryMgr:DataCollectionService: stats => 1697995760700,-17,4160,-66,0,100
10-22 19:29:20.806 24256 24328 I BatteryMgr:DataCollectionService: stats => 1697995760805,-17,4160,-66,0,100
10-22 19:29:20.909 24256 24328 I BatteryMgr:DataCollectionService: stats => 1697995760909,-17,4160,-66,0,100
10-22 19:29:21.013 24256 24328 I BatteryMgr:DataCollectionService: stats => 1697995761013,-17,4160,-66,0,100
10-22 19:29:21.117 24256 24328 I BatteryMgr:DataCollectionService: stats => 1697995761117,-17,4160,-66,0,100
10-22 19:29:21.223 24256 24328 I BatteryMgr:DataCollectionService: stats => 1697995761223,-17,4160,-66,0,100
10-22 19:29:21.329 24256 24328 I BatteryMgr:DataCollectionService: stats => 1697995761329,-17,4160,-66,0,100
10-22 19:29:21.372  3957  4128 D WifiService: getConnectionInfo uid=1000
10-22 19:29:21.402  3957  4129 D WifiStateMachine:  ConnectedState !RSSI_PKTCNT_FETCH uid=1000 rt=602167987/1658143459 0 0 "ourhome" f4:6d:2f:12:cc:88 rssi=-43 f=5240 sc=60 link=433 tx=4.1, 0.0, 0.0  rx=6.6 bcn=588041 [on:0 tx:0 rx:0 period:829] from screen [on:89376 period:705070] score=60
10-22 19:29:21.403  3957  4129 D WifiStateMachine:  L2ConnectedState !RSSI_PKTCNT_FETCH uid=1000 rt=602167988/1658143460 0 0 "ourhome" f4:6d:2f:12:cc:88 rssi=-43 f=5240 sc=60 link=433 tx=4.1, 0.0, 0.0  rx=6.6 bcn=588041 [on:0 tx:0 rx:0 period:1] from screen [on:89376 period:705071] score=60
10-22 19:29:21.404  3957  4129 D WifiStateMachine: fetchRssiLinkSpeedAndFrequencyNative rssi=-46 linkspeed=433 freq=5240
10-22 19:29:21.404  3957  4129 V WifiConfigManager: Updating scan detail cache freq=5240 BSSID=f4:6d:2f:12:cc:88 RSSI=-44 for "ourhome"WPA_PSK
10-22 19:29:21.433 24256 24328 I BatteryMgr:DataCollectionService: stats => 1697995761433,-17,4160,-66,0,100
10-22 19:29:21.539 24256 24328 I BatteryMgr:DataCollectionService: stats => 1697995761538,-17,4160,-66,0,100
10-22 19:29:21.643 24256 24328 I BatteryMgr:DataCollectionService: stats => 1697995761643,-58,4160,-50,0,100
10-22 19:29:21.748 24256 24328 I BatteryMgr:DataCollectionService: stats => 1697995761748,-58,4160,-50,0,100
10-22 19:29:21.855 24256 24328 I BatteryMgr:DataCollectionService: stats => 1697995761855,-58,4160,-50,0,100
10-22 19:29:21.961 24256 24328 I BatteryMgr:DataCollectionService: stats => 1697995761961,-58,4160,-50,0,100
10-22 19:29:22.043  3957  8324 D BatteryService: !@BatteryListener : batteryPropertiesChanged!
10-22 19:29:22.066 24256 24328 I BatteryMgr:DataCollectionService: stats => 1697995762066,-58,4160,-50,0,100
10-22 19:29:22.169 24256 24328 I BatteryMgr:DataCollectionService: stats => 1697995762169,-58,4160,-50,0,100
10-22 19:29:22.254  3957  4030 D SensorService: [SO] 0.177 -0.101 9.941
10-22 19:29:22.279 24256 24328 I BatteryMgr:DataCollectionService: stats => 1697995762279,-58,4160,-50,0,100
10-22 19:29:22.374  3957  4128 D WifiService: getConnectionInfo uid=1000
10-22 19:29:22.383 24256 24328 I BatteryMgr:DataCollectionService: stats => 1697995762383,-58,4160,-50,0,100
10-22 19:29:22.404  3957  4129 D WifiStateMachine:  ConnectedState !RSSI_PKTCNT_FETCH uid=1000 rt=602168988/1658144461 0 0 "ourhome" f4:6d:2f:12:cc:88 rssi=-46 f=5240 sc=60 link=433 tx=4.1, 0.0, 0.0  rx=6.6 bcn=588041 [on:0 tx:0 rx:0 period:1001] from screen [on:89376 period:706072] score=60
10-22 19:29:22.406  3957  4129 D WifiStateMachine:  L2ConnectedState !RSSI_PKTCNT_FETCH uid=1000 rt=602168990/1658144462 0 0 "ourhome" f4:6d:2f:12:cc:88 rssi=-46 f=5240 sc=60 link=433 tx=4.1, 0.0, 0.0  rx=6.6 bcn=588041 [on:0 tx:0 rx:0 period:2] from screen [on:89376 period:706074] score=60
10-22 19:29:22.412  3957  4129 D WifiStateMachine: fetchRssiLinkSpeedAndFrequencyNative rssi=-44 linkspeed=433 freq=5240
10-22 19:29:22.412  3957  4129 V WifiConfigManager: Updating scan detail cache freq=5240 BSSID=f4:6d:2f:12:cc:88 RSSI=-44 for "ourhome"WPA_PSK
10-22 19:29:22.489 24256 24328 I BatteryMgr:DataCollectionService: stats => 1697995762489,-58,4160,-50,0,100
10-22 19:29:22.592  9273  9310 D ScanRecord: Not a Multi Manu data
10-22 19:29:22.592  9273  9310 I chatty  : uid=1002(bluetooth) BT Service Call identical 10 lines
10-22 19:29:22.593 24256 24328 I BatteryMgr:DataCollectionService: stats => 1697995762593,-58,4160,-50,0,100
10-22 19:29:22.593  9273  9310 D ScanRecord: Not a Multi Manu data
10-22 19:29:22.593  9273  9310 D ScanRecord: Not a Multi Manu data
10-22 19:29:22.690  9273  9310 I chatty  : uid=1002(bluetooth) BT Service Call identical 118 lines
10-22 19:29:22.690  9273  9310 D ScanRecord: Not a Multi Manu data
10-22 19:29:22.697 24256 24328 I BatteryMgr:DataCollectionService: stats => 1697995762697,-58,4160,-50,0,100
10-22 19:29:22.703  9273  9310 D ScanRecord: Not a Multi Manu data
10-22 19:29:22.784  9273  9310 I chatty  : uid=1002(bluetooth) BT Service Call identical 86 lines
10-22 19:29:22.784  9273  9310 D ScanRecord: Not a Multi Manu data
10-22 19:29:22.801 24256 24328 I BatteryMgr:DataCollectionService: stats => 1697995762801,-58,4160,-50,0,100
10-22 19:29:22.809  9273  9310 D ScanRecord: Not a Multi Manu data
10-22 19:29:22.903  9273  9310 I chatty  : uid=1002(bluetooth) BT Service Call identical 163 lines
10-22 19:29:22.903  9273  9310 D ScanRecord: Not a Multi Manu data
10-22 19:29:22.906 24256 24328 I BatteryMgr:DataCollectionService: stats => 1697995762906,-58,4160,-50,0,100
10-22 19:29:22.930  9273  9310 D ScanRecord: Not a Multi Manu data
10-22 19:29:22.972  9273  9310 I chatty  : uid=1002(bluetooth) BT Service Call identical 75 lines
10-22 19:29:22.972  9273  9310 D ScanRecord: Not a Multi Manu data
10-22 19:29:23.010 24256 24328 I BatteryMgr:DataCollectionService: stats => 1697995763010,-58,4160,-50,0,100
10-22 19:29:23.020  9273  9310 D ScanRecord: Not a Multi Manu data
10-22 19:29:23.036  9273  9310 I chatty  : uid=1002(bluetooth) BT Service Call identical 42 lines
10-22 19:29:23.036  9273  9310 D ScanRecord: Not a Multi Manu data
10-22 19:29:23.113 24256 24328 I BatteryMgr:DataCollectionService: stats => 1697995763113,-58,4160,-50,0,100
10-22 19:29:23.220 24256 24328 I BatteryMgr:DataCollectionService: stats => 1697995763220,-58,4160,-50,0,100
10-22 19:29:23.326 24256 24328 I BatteryMgr:DataCollectionService: stats => 1697995763326,-58,4160,-50,0,100
10-22 19:29:23.376  3957  4128 D WifiService: getConnectionInfo uid=1000
10-22 19:29:23.406  3957  4129 D WifiStateMachine:  ConnectedState !RSSI_PKTCNT_FETCH uid=1000 rt=602169990/1658145463 0 0 "ourhome" f4:6d:2f:12:cc:88 rssi=-44 f=5240 sc=60 link=433 tx=4.1, 0.0, 0.0  rx=6.6 bcn=588041 [on:0 tx:0 rx:0 period:999] from screen [on:89376 period:707073] score=60
10-22 19:29:23.407  3957  4129 D WifiStateMachine:  L2ConnectedState !RSSI_PKTCNT_FETCH uid=1000 rt=602169991/1658145464 0 0 "ourhome" f4:6d:2f:12:cc:88 rssi=-44 f=5240 sc=60 link=433 tx=4.1, 0.0, 0.0  rx=6.6 bcn=588041 [on:0 tx:0 rx:0 period:2] from screen [on:89376 period:707075] score=60
10-22 19:29:23.413  3957  4129 D WifiStateMachine: fetchRssiLinkSpeedAndFrequencyNative rssi=-42 linkspeed=433 freq=5240
10-22 19:29:23.413  3957  4129 V WifiConfigManager: Updating scan detail cache freq=5240 BSSID=f4:6d:2f:12:cc:88 RSSI=-42 for "ourhome"WPA_PSK
10-22 19:29:23.430 24256 24328 I BatteryMgr:DataCollectionService: stats => 1697995763430,-58,4160,-50,0,100
10-22 19:29:23.534 24256 24328 I BatteryMgr:DataCollectionService: stats => 1697995763534,-58,4160,-50,0,100
10-22 19:29:23.573  3957  4129 D WifiStateMachine:  ConnectedState !CMD_RSSI_POLL rt=602170157/1658145630 122 0 "ourhome" f4:6d:2f:12:cc:88 rssi=-42 f=5240 sc=60 link=433 tx=4.1, 0.0, 0.0  rx=6.6 bcn=588041 [on:0 tx:0 rx:0 period:166] from screen [on:89376 period:707241] score=60
10-22 19:29:23.574  3957  4129 D WifiStateMachine:  L2ConnectedState !CMD_RSSI_POLL rt=602170159/1658145631 122 0 "ourhome" f4:6d:2f:12:cc:88 rssi=-42 f=5240 sc=60 link=433 tx=4.1, 0.0, 0.0  rx=6.6 bcn=588041 [on:0 tx:0 rx:0 period:1] from screen [on:89376 period:707242] score=60
10-22 19:29:23.574  3957  4129 D WifiStateMachine:  get link layer stats 3
10-22 19:29:23.574  3436  3436 I android.hardware.wifi@1.0-service: getLinkLayerStats
10-22 19:29:23.592  3957  4129 D WifiStateMachine: fetchRssiLinkSpeedAndFrequencyNative rssi=-42 linkspeed=433 freq=5240
10-22 19:29:23.592  3957  4129 V WifiConfigManager: Updating scan detail cache freq=5240 BSSID=f4:6d:2f:12:cc:88 RSSI=-42 for "ourhome"WPA_PSK
10-22 19:29:23.595  4340  4340 E SignalClusterView: setSlotFocusVisible : subId -2
10-22 19:29:23.595  4340  4340 E SignalClusterView: setSlotFocusVisible : subId -2
10-22 19:29:23.638 24256 24328 I BatteryMgr:DataCollectionService: stats => 1697995763638,-58,4160,-50,0,100
10-22 19:29:23.744 24256 24328 I BatteryMgr:DataCollectionService: stats => 1697995763744,-58,4160,-50,0,100
10-22 19:29:23.746  4961  4961 D io_stats: !@ 179,0 r 10122044 332317672 w 2155845 42217640 d 173574 37240888 f 639612 665048 iot 4627368 3987405 th 51200 0 0 pt 0 inp 0 0 602170.331
10-22 19:29:23.853 24256 24328 I BatteryMgr:DataCollectionService: stats => 1697995763853,-58,4160,-50,0,100
10-22 19:29:23.960 24256 24328 I BatteryMgr:DataCollectionService: stats => 1697995763960,-58,4160,-50,0,100
10-22 19:29:24.065 24256 24328 I BatteryMgr:DataCollectionService: stats => 1697995764065,-58,4160,-50,0,100
10-22 19:29:24.169 24256 24328 I BatteryMgr:DataCollectionService: stats => 1697995764169,-58,4160,-50,0,100
10-22 19:29:24.276 24256 24328 I BatteryMgr:DataCollectionService: stats => 1697995764276,-58,4160,-50,0,100
10-22 19:29:24.378  3957  4128 D WifiService: getConnectionInfo uid=1000
10-22 19:29:24.380 24256 24328 I BatteryMgr:DataCollectionService: stats => 1697995764380,-58,4160,-50,0,100
10-22 19:29:24.407  3957  4129 D WifiStateMachine:  ConnectedState !RSSI_PKTCNT_FETCH uid=1000 rt=602170992/1658146464 0 0 "ourhome" f4:6d:2f:12:cc:88 rssi=-42 f=5240 sc=60 link=433 tx=5.3, 0.0, 0.0  rx=6.2 bcn=588070 [on:0 tx:0 rx:0 period:813] from screen [on:90011 period:708075] score=60
10-22 19:29:24.408  3957  4129 D WifiStateMachine:  L2ConnectedState !RSSI_PKTCNT_FETCH uid=1000 rt=602170993/1658146466 0 0 "ourhome" f4:6d:2f:12:cc:88 rssi=-42 f=5240 sc=60 link=433 tx=5.3, 0.0, 0.0  rx=6.2 bcn=588070 [on:0 tx:0 rx:0 period:1] from screen [on:90011 period:708076] score=60
10-22 19:29:24.414  3957  4129 D WifiStateMachine: fetchRssiLinkSpeedAndFrequencyNative rssi=-42 linkspeed=433 freq=5240
10-22 19:29:24.415  3957  4129 V WifiConfigManager: Updating scan detail cache freq=5240 BSSID=f4:6d:2f:12:cc:88 RSSI=-42 for "ourhome"WPA_PSK
10-22 19:29:24.486 24256 24328 I BatteryMgr:DataCollectionService: stats => 1697995764486,-58,4160,-50,0,100
10-22 19:29:24.591 24256 24328 I BatteryMgr:DataCollectionService: stats => 1697995764591,-58,4160,-50,0,100
10-22 19:29:24.697 24256 24328 I BatteryMgr:DataCollectionService: stats => 1697995764697,-58,4160,-50,0,100
10-22 19:29:24.802 24256 24328 I BatteryMgr:DataCollectionService: stats => 1697995764802,-58,4160,-50,0,100
10-22 19:29:24.906 24256 24328 I BatteryMgr:DataCollectionService: stats => 1697995764906,-58,4160,-50,0,100
10-22 19:29:25.013 24256 24328 I BatteryMgr:DataCollectionService: stats => 1697995765013,-58,4160,-50,0,100
10-22 19:29:25.121 24256 24328 I BatteryMgr:DataCollectionService: stats => 1697995765121,-58,4160,-50,0,100
10-22 19:29:25.226 24256 24328 I BatteryMgr:DataCollectionService: stats => 1697995765226,-58,4160,-50,0,100
10-22 19:29:25.331 24256 24328 I BatteryMgr:DataCollectionService: stats => 1697995765331,-58,4160,-50,0,100
10-22 19:29:25.380  3957  4128 D WifiService: getConnectionInfo uid=1000
10-22 19:29:25.410  3957  4129 D WifiStateMachine:  ConnectedState !RSSI_PKTCNT_FETCH uid=1000 rt=602171992/1658147465 0 0 "ourhome" f4:6d:2f:12:cc:88 rssi=-42 f=5240 sc=60 link=433 tx=5.3, 0.0, 0.0  rx=6.2 bcn=588070 [on:0 tx:0 rx:0 period:1001] from screen [on:90011 period:709077] score=60
10-22 19:29:25.411  3957  4129 D WifiStateMachine:  L2ConnectedState !RSSI_PKTCNT_FETCH uid=1000 rt=602171995/1658147468 0 0 "ourhome" f4:6d:2f:12:cc:88 rssi=-42 f=5240 sc=60 link=433 tx=5.3, 0.0, 0.0  rx=6.2 bcn=588070 [on:0 tx:0 rx:0 period:2] from screen [on:90011 period:709079] score=60
10-22 19:29:25.417  3957  4129 D WifiStateMachine: fetchRssiLinkSpeedAndFrequencyNative rssi=-43 linkspeed=433 freq=5240
10-22 19:29:25.417  3957  4129 V WifiConfigManager: Updating scan detail cache freq=5240 BSSID=f4:6d:2f:12:cc:88 RSSI=-42 for "ourhome"WPA_PSK
10-22 19:29:25.436 24256 24328 I BatteryMgr:DataCollectionService: stats => 1697995765436,-58,4160,-50,0,100
10-22 19:29:25.543 24256 24328 I BatteryMgr:DataCollectionService: stats => 1697995765543,-58,4160,-50,0,100
10-22 19:29:25.613  4340  4731 D NetworkController.MobileSignalController(0/-2): onSignalStrengthsChanged signalStrength=SignalStrength: 21 99 -21 -200 -21 -200 -1 99 2147483647 2147483647 2147483647 2147483647 0 2147483647 0x4 P gsm|lte level=4
10-22 19:29:25.613  4340  4731 D NetworkController.MobileSignalController(0/-2): getMobileIconGroup(): 0
10-22 19:29:25.647 24256 24328 I BatteryMgr:DataCollectionService: stats => 1697995765647,-58,4160,-50,0,100
10-22 19:29:25.753 24256 24328 I BatteryMgr:DataCollectionService: stats => 1697995765753,-58,4160,-50,0,100
10-22 19:29:25.807 23640 23651 I zygote64: Background concurrent copying GC freed 229968(7MB) AllocSpace objects, 0(0B) LOS objects, 49% free, 6MB/12MB, paused 2.542ms total 195.985ms
10-22 19:29:25.857 24256 24328 I BatteryMgr:DataCollectionService: stats => 1697995765857,-58,4160,-50,0,100
10-22 19:29:25.964 24256 24328 I BatteryMgr:DataCollectionService: stats => 1697995765964,-58,4160,-50,0,100
10-22 19:29:26.072 24256 24328 I BatteryMgr:DataCollectionService: stats => 1697995766071,-58,4160,-50,0,100
10-22 19:29:26.177 24256 24328 I BatteryMgr:DataCollectionService: stats => 1697995766177,-58,4160,-50,0,100
10-22 19:29:26.281 24256 24328 I BatteryMgr:DataCollectionService: stats => 1697995766281,-58,4160,-50,0,100
10-22 19:29:26.291  3957  3980 W StorageManager: getStorageFullBytes DEFAULT_FULL_THRESHOLD_BYTES : 20971520, threadhold : 20971520
10-22 19:29:26.292  3957  3980 W StorageManager: getStorageLowBytes lowPercent : 5, lowBytes : 1260145254, maxLowBytes : 524288000
10-22 19:29:26.293  3957  3980 W DeviceStorageMonitorService: updateBroadcasts(/data) oldLevel:0, newLevel:0, seq:1
10-22 19:29:26.293  3957  3980 W DeviceStorageMonitorService: updateBroadcasts_filenode(/data) fn_oldLevel:0, fn_newLevel:0, seq:1
10-22 19:29:26.382  3957  4128 D WifiService: getConnectionInfo uid=1000
10-22 19:29:26.385 24256 24328 I BatteryMgr:DataCollectionService: stats => 1697995766385,-58,4160,-50,0,100
10-22 19:29:26.410  3957  4129 D WifiStateMachine:  ConnectedState !RSSI_PKTCNT_FETCH uid=1000 rt=602172993/1658148466 0 0 "ourhome" f4:6d:2f:12:cc:88 rssi=-43 f=5240 sc=60 link=433 tx=5.3, 0.0, 0.0  rx=6.2 bcn=588070 [on:0 tx:0 rx:0 period:999] from screen [on:90011 period:710078] score=60
10-22 19:29:26.412  3957  4129 D WifiStateMachine:  L2ConnectedState !RSSI_PKTCNT_FETCH uid=1000 rt=602172996/1658148469 0 0 "ourhome" f4:6d:2f:12:cc:88 rssi=-43 f=5240 sc=60 link=433 tx=5.3, 0.0, 0.0  rx=6.2 bcn=588070 [on:0 tx:0 rx:0 period:2] from screen [on:90011 period:710080] score=60
10-22 19:29:26.417  3957  4129 D WifiStateMachine: fetchRssiLinkSpeedAndFrequencyNative rssi=-43 linkspeed=433 freq=5240
10-22 19:29:26.417  3957  4129 V WifiConfigManager: Updating scan detail cache freq=5240 BSSID=f4:6d:2f:12:cc:88 RSSI=-42 for "ourhome"WPA_PSK
10-22 19:29:26.490 24256 24328 I BatteryMgr:DataCollectionService: stats => 1697995766490,-58,4160,-50,0,100
10-22 19:29:26.594  3957  4129 D WifiStateMachine:  ConnectedState !CMD_RSSI_POLL rt=602173179/1658148651 122 0 "ourhome" f4:6d:2f:12:cc:88 rssi=-43 f=5240 sc=60 link=433 tx=5.3, 0.0, 0.0  rx=6.2 bcn=588070 [on:0 tx:0 rx:0 period:182] from screen [on:90011 period:710262] score=60
10-22 19:29:26.596  3957  4129 D WifiStateMachine:  L2ConnectedState !CMD_RSSI_POLL rt=602173180/1658148653 122 0 "ourhome" f4:6d:2f:12:cc:88 rssi=-43 f=5240 sc=60 link=433 tx=5.3, 0.0, 0.0  rx=6.2 bcn=588070 [on:0 tx:0 rx:0 period:2] from screen [on:90011 period:710264] score=60
10-22 19:29:26.596  3957  4129 D WifiStateMachine:  get link layer stats 3
10-22 19:29:26.596 24256 24328 I BatteryMgr:DataCollectionService: stats => 1697995766596,-58,4160,-50,0,100
10-22 19:29:26.597  3436  3436 I android.hardware.wifi@1.0-service: getLinkLayerStats
10-22 19:29:26.615  3957  4129 D WifiStateMachine: fetchRssiLinkSpeedAndFrequencyNative rssi=-42 linkspeed=433 freq=5240
10-22 19:29:26.615  3957  4129 V WifiConfigManager: Updating scan detail cache freq=5240 BSSID=f4:6d:2f:12:cc:88 RSSI=-42 for "ourhome"WPA_PSK
10-22 19:29:26.618  4340  4340 E SignalClusterView: setSlotFocusVisible : subId -2
10-22 19:29:26.618  4340  4340 E SignalClusterView: setSlotFocusVisible : subId -2
10-22 19:29:26.703 24256 24328 I BatteryMgr:DataCollectionService: stats => 1697995766703,-58,4160,-50,0,100
10-22 19:29:26.808 24256 24328 I BatteryMgr:DataCollectionService: stats => 1697995766808,-58,4160,-50,0,100
10-22 19:29:26.914 24256 24328 I BatteryMgr:DataCollectionService: stats => 1697995766914,-58,4160,-50,0,100
10-22 19:29:27.017 24256 24328 I BatteryMgr:DataCollectionService: stats => 1697995767017,-58,4160,-50,0,100
10-22 19:29:27.124 24256 24328 I BatteryMgr:DataCollectionService: stats => 1697995767124,-58,4160,-50,0,100
10-22 19:29:27.230 24256 24328 I BatteryMgr:DataCollectionService: stats => 1697995767230,-58,4160,-50,0,100
10-22 19:29:27.335 24256 24328 I BatteryMgr:DataCollectionService: stats => 1697995767335,-58,4160,-50,0,100
10-22 19:29:27.383  3957  4128 D WifiService: getConnectionInfo uid=1000
10-22 19:29:27.411  3957  4129 D WifiStateMachine:  ConnectedState !RSSI_PKTCNT_FETCH uid=1000 rt=602173994/1658149467 0 0 "ourhome" f4:6d:2f:12:cc:88 rssi=-42 f=5240 sc=60 link=433 tx=1.9, 0.0, 0.0  rx=4.8 bcn=588099 [on:0 tx:0 rx:0 period:794] from screen [on:90220 period:711079] score=60
10-22 19:29:27.413  3957  4129 D WifiStateMachine:  L2ConnectedState !RSSI_PKTCNT_FETCH uid=1000 rt=602173997/1658149469 0 0 "ourhome" f4:6d:2f:12:cc:88 rssi=-42 f=5240 sc=60 link=433 tx=1.9, 0.0, 0.0  rx=4.8 bcn=588099 [on:0 tx:0 rx:0 period:1] from screen [on:90220 period:711080] score=60
10-22 19:29:27.419  3957  4129 D WifiStateMachine: fetchRssiLinkSpeedAndFrequencyNative rssi=-43 linkspeed=433 freq=5240
10-22 19:29:27.419  3957  4129 V WifiConfigManager: Updating scan detail cache freq=5240 BSSID=f4:6d:2f:12:cc:88 RSSI=-42 for "ourhome"WPA_PSK
10-22 19:29:27.441 24256 24328 I BatteryMgr:DataCollectionService: stats => 1697995767441,-58,4160,-50,0,100
10-22 19:29:27.544  9273  9310 D ScanRecord: Not a Multi Manu data
10-22 19:29:27.547  9273  9310 I chatty  : uid=1002(bluetooth) BT Service Call identical 20 lines
10-22 19:29:27.547  9273  9310 D ScanRecord: Not a Multi Manu data
10-22 19:29:27.548 24256 24328 I BatteryMgr:DataCollectionService: stats => 1697995767548,-58,4160,-50,0,100
10-22 19:29:27.549  9273  9310 D ScanRecord: Not a Multi Manu data
10-22 19:29:27.597  9273  9310 I chatty  : uid=1002(bluetooth) BT Service Call identical 75 lines
10-22 19:29:27.597  9273  9310 D ScanRecord: Not a Multi Manu data
10-22 19:29:27.599  9273  9310 D ScanRecord: same manuId data exists, combine both data and store
10-22 19:29:27.599  9273  9310 D ScanRecord: It's a Multi Manu data
10-22 19:29:27.599  9273  9310 I chatty  : uid=1002(bluetooth) BT Service Call identical 9 lines
10-22 19:29:27.599  9273  9310 D ScanRecord: It's a Multi Manu data
10-22 19:29:27.599  9273  9310 D ScanRecord: same manuId data exists, combine both data and store
10-22 19:29:27.600  9273  9310 D ScanRecord: Not a Multi Manu data
10-22 19:29:27.648  9273  9310 I chatty  : uid=1002(bluetooth) BT Service Call identical 75 lines
10-22 19:29:27.648  9273  9310 D ScanRecord: Not a Multi Manu data
10-22 19:29:27.652 24256 24328 I BatteryMgr:DataCollectionService: stats => 1697995767652,-58,4160,-50,0,100
10-22 19:29:27.662  9273  9310 D ScanRecord: Not a Multi Manu data
10-22 19:29:27.739  9273  9310 I chatty  : uid=1002(bluetooth) BT Service Call identical 141 lines
10-22 19:29:27.739  9273  9310 D ScanRecord: Not a Multi Manu data
10-22 19:29:27.758 24256 24328 I BatteryMgr:DataCollectionService: stats => 1697995767758,-58,4160,-50,0,100
10-22 19:29:27.767  9273  9310 D ScanRecord: Not a Multi Manu data
10-22 19:29:27.846  9273  9310 I chatty  : uid=1002(bluetooth) BT Service Call identical 119 lines
10-22 19:29:27.846  9273  9310 D ScanRecord: Not a Multi Manu data
10-22 19:29:27.864 24256 24328 I BatteryMgr:DataCollectionService: stats => 1697995767864,-58,4160,-50,0,100
10-22 19:29:27.868  9273  9310 D ScanRecord: Not a Multi Manu data
10-22 19:29:27.919  9273  9310 I chatty  : uid=1002(bluetooth) BT Service Call identical 163 lines
10-22 19:29:27.919  9273  9310 D ScanRecord: Not a Multi Manu data
10-22 19:29:27.969  9273  9310 D ScanRecord: same manuId data exists, combine both data and store
10-22 19:29:27.969  9273  9310 D ScanRecord: It's a Multi Manu data
10-22 19:29:27.969  9273  9310 I chatty  : uid=1002(bluetooth) BT Service Call identical 9 lines
10-22 19:29:27.969  9273  9310 D ScanRecord: It's a Multi Manu data
10-22 19:29:27.969  9273  9310 D ScanRecord: same manuId data exists, combine both data and store
10-22 19:29:27.970 24256 24328 I BatteryMgr:DataCollectionService: stats => 1697995767970,-58,4160,-50,0,100
10-22 19:29:27.976  9273  9310 D ScanRecord: Not a Multi Manu data
10-22 19:29:28.039  9273  9310 I chatty  : uid=1002(bluetooth) BT Service Call identical 119 lines
10-22 19:29:28.039  9273  9310 D ScanRecord: Not a Multi Manu data
10-22 19:29:28.075 24256 24328 I BatteryMgr:DataCollectionService: stats => 1697995768075,-58,4160,-50,0,100
10-22 19:29:28.181 24256 24328 I BatteryMgr:DataCollectionService: stats => 1697995768181,-58,4160,-50,0,100
10-22 19:29:28.285 24256 24328 I BatteryMgr:DataCollectionService: stats => 1697995768285,-58,4160,-50,0,100
10-22 19:29:28.337  3957  6478 D SSRM:k  : SIOP:: AP = 420, PST = 393 (W:12), BAT = 293, USB = 0, CHG = 0
10-22 19:29:28.346  3957  6478 D ac      : broadcastSiopLevelIntent:: currentSiopLevel = 0
10-22 19:29:28.351  3957  6478 D WifiService: getConnectionInfo uid=1000
10-22 19:29:28.354 14173 14173 I [SC]SCloudReceiver: onReceive: com.samsung.intent.action.CHECK_SIOP_LEVEL
10-22 19:29:28.357 14173 14173 I [SC]DetectorReceiver: onReceive [com.samsung.intent.action.CHECK_SIOP_LEVEL]
10-22 19:29:28.357  3957  6478 I SensorService: createSensorEventConnection package name f.z
10-22 19:29:28.358 14173 14173 I [SC]AccountUtil: Samsung Account Not Logged in
10-22 19:29:28.358  3957  6478 D SensorService: Calling batch handle==3 flags=0 rate=200000000 timeout== 0
10-22 19:29:28.358  3434  3434 I Sensors : ProximitySensor:enable: handle 3, en 1, old_en 0
