10-22 19:29:45.715 24256 24328 I BatteryMgr:DataCollectionService: stats => 1697995785715,-207,4160,-67,0,100
10-22 19:29:45.802  3957  4416 E Watchdog: !@Sync 20065 [2023-10-22 19:29:45.802]
10-22 19:29:45.820 24256 24328 I BatteryMgr:DataCollectionService: stats => 1697995785820,-207,4160,-67,0,100
10-22 19:29:45.924 24256 24328 I BatteryMgr:DataCollectionService: stats => 1697995785923,-207,4160,-67,0,100
10-22 19:29:46.027 24256 24328 I BatteryMgr:DataCollectionService: stats => 1697995786027,-207,4160,-67,0,100
10-22 19:29:46.132 24256 24328 I BatteryMgr:DataCollectionService: stats => 1697995786132,-207,4160,-67,0,100
10-22 19:29:46.237 24256 24328 I BatteryMgr:DataCollectionService: stats => 1697995786237,-207,4160,-67,0,100
10-22 19:29:46.341 24256 24328 I BatteryMgr:DataCollectionService: stats => 1697995786341,-207,4160,-67,0,100
10-22 19:29:46.420  3957  4128 D WifiService: getConnectionInfo uid=1000
10-22 19:29:46.435  3957  4129 D WifiStateMachine:  ConnectedState !RSSI_PKTCNT_FETCH uid=1000 rt=602193020/1658168492 0 0 "ourhome" f4:6d:2f:12:cc:88 rssi=-41 f=5240 sc=60 link=433 tx=1.0, 0.0, 0.0  rx=6.8 bcn=588273 [on:0 tx:0 rx:0 period:1000] from screen [on:92371 period:730103] score=60
10-22 19:29:46.436  3957  4129 D WifiStateMachine:  L2ConnectedState !RSSI_PKTCNT_FETCH uid=1000 rt=602193021/1658168493 0 0 "ourhome" f4:6d:2f:12:cc:88 rssi=-41 f=5240 sc=60 link=433 tx=1.0, 0.0, 0.0  rx=6.8 bcn=588273 [on:0 tx:0 rx:0 period:1] from screen [on:92371 period:730104] score=60
10-22 19:29:46.442  3957  4129 D WifiStateMachine: fetchRssiLinkSpeedAndFrequencyNative rssi=-42 linkspeed=433 freq=5240
10-22 19:29:46.442  3957  4129 V WifiConfigManager: Updating scan detail cache freq=5240 BSSID=f4:6d:2f:12:cc:88 RSSI=-41 for "ourhome"WPA_PSK
10-22 19:29:46.447 24256 24328 I BatteryMgr:DataCollectionService: stats => 1697995786447,-207,4160,-67,0,100
10-22 19:29:46.553 24256 24328 I BatteryMgr:DataCollectionService: stats => 1697995786553,-207,4160,-67,0,100
10-22 19:29:46.656 24256 24328 I BatteryMgr:DataCollectionService: stats => 1697995786656,-207,4160,-67,0,100
10-22 19:29:46.760 24256 24328 I BatteryMgr:DataCollectionService: stats => 1697995786760,-207,4160,-67,0,100
10-22 19:29:46.868 24256 24328 I BatteryMgr:DataCollectionService: stats => 1697995786868,-207,4160,-67,0,100
10-22 19:29:46.975 24256 24328 I BatteryMgr:DataCollectionService: stats => 1697995786975,-207,4160,-67,0,100
10-22 19:29:47.080 24256 24328 I BatteryMgr:DataCollectionService: stats => 1697995787080,-207,4160,-67,0,100
10-22 19:29:47.184 24256 24328 I BatteryMgr:DataCollectionService: stats => 1697995787184,-207,4160,-67,0,100
10-22 19:29:47.287 24256 24328 I BatteryMgr:DataCollectionService: stats => 1697995787287,-207,4160,-67,0,100
10-22 19:29:47.392 24256 24328 I BatteryMgr:DataCollectionService: stats => 1697995787392,-207,4160,-67,0,100
10-22 19:29:47.422  3957  4128 D WifiService: getConnectionInfo uid=1000
10-22 19:29:47.437  3957  4129 D WifiStateMachine:  ConnectedState !RSSI_PKTCNT_FETCH uid=1000 rt=602194021/1658169494 0 0 "ourhome" f4:6d:2f:12:cc:88 rssi=-42 f=5240 sc=60 link=433 tx=1.0, 0.0, 0.0  rx=6.8 bcn=588273 [on:0 tx:0 rx:0 period:1001] from screen [on:92371 period:731105] score=60
10-22 19:29:47.438  3957  4129 D WifiStateMachine:  L2ConnectedState !RSSI_PKTCNT_FETCH uid=1000 rt=602194022/1658169495 0 0 "ourhome" f4:6d:2f:12:cc:88 rssi=-42 f=5240 sc=60 link=433 tx=1.0, 0.0, 0.0  rx=6.8 bcn=588273 [on:0 tx:0 rx:0 period:0] from screen [on:92371 period:731105] score=60
10-22 19:29:47.443  3957  4129 D WifiStateMachine: fetchRssiLinkSpeedAndFrequencyNative rssi=-43 linkspeed=433 freq=5240
10-22 19:29:47.443  3957  4129 V WifiConfigManager: Updating scan detail cache freq=5240 BSSID=f4:6d:2f:12:cc:88 RSSI=-42 for "ourhome"WPA_PSK
10-22 19:29:47.498 24256 24328 I BatteryMgr:DataCollectionService: stats => 1697995787498,-207,4160,-67,0,100
10-22 19:29:47.545  9273  9310 D ScanRecord: Not a Multi Manu data
10-22 19:29:47.593  9273  9310 I chatty  : uid=1002(bluetooth) BT Service Call identical 53 lines
10-22 19:29:47.593  9273  9310 D ScanRecord: Not a Multi Manu data
10-22 19:29:47.601  9273  9310 D ScanRecord: same manuId data exists, combine both data and store
10-22 19:29:47.601  9273  9310 D ScanRecord: It's a Multi Manu data
10-22 19:29:47.601  9273  9310 I chatty  : uid=1002(bluetooth) BT Service Call identical 9 lines
10-22 19:29:47.601  9273  9310 D ScanRecord: It's a Multi Manu data
10-22 19:29:47.601  9273  9310 D ScanRecord: same manuId data exists, combine both data and store
10-22 19:29:47.602 24256 24328 I BatteryMgr:DataCollectionService: stats => 1697995787602,-207,4160,-67,0,100
10-22 19:29:47.617  9273  9310 D ScanRecord: Not a Multi Manu data
10-22 19:29:47.688  9273  9310 I chatty  : uid=1002(bluetooth) BT Service Call identical 108 lines
10-22 19:29:47.688  9273  9310 D ScanRecord: Not a Multi Manu data
10-22 19:29:47.707  3957  4129 D WifiStateMachine:  ConnectedState !CMD_RSSI_POLL rt=602194292/1658169764 122 0 "ourhome" f4:6d:2f:12:cc:88 rssi=-43 f=5240 sc=60 link=433 tx=1.0, 0.0, 0.0  rx=6.8 bcn=588273 [on:0 tx:0 rx:0 period:270] from screen [on:92371 period:731375] score=60
10-22 19:29:47.708 24256 24328 I BatteryMgr:DataCollectionService: stats => 1697995787708,-207,4160,-67,0,100
10-22 19:29:47.708  3957  4129 D WifiStateMachine:  L2ConnectedState !CMD_RSSI_POLL rt=602194293/1658169765 122 0 "ourhome" f4:6d:2f:12:cc:88 rssi=-43 f=5240 sc=60 link=433 tx=1.0, 0.0, 0.0  rx=6.8 bcn=588273 [on:0 tx:0 rx:0 period:1] from screen [on:92371 period:731376] score=60
10-22 19:29:47.708  3957  4129 D WifiStateMachine:  get link layer stats 3
10-22 19:29:47.709  3436  3436 I android.hardware.wifi@1.0-service: getLinkLayerStats
10-22 19:29:47.709  9273  9310 D ScanRecord: Not a Multi Manu data
10-22 19:29:47.709  9273  9310 I chatty  : uid=1002(bluetooth) BT Service Call identical 9 lines
10-22 19:29:47.709  9273  9310 D ScanRecord: Not a Multi Manu data
10-22 19:29:47.712  3957  4129 D WifiStateMachine: fetchRssiLinkSpeedAndFrequencyNative rssi=-44 linkspeed=433 freq=5240
10-22 19:29:47.712  3957  4129 V WifiConfigManager: Updating scan detail cache freq=5240 BSSID=f4:6d:2f:12:cc:88 RSSI=-43 for "ourhome"WPA_PSK
10-22 19:29:47.717  4340  4340 E SignalClusterView: setSlotFocusVisible : subId -2
10-22 19:29:47.717  4340  4340 E SignalClusterView: setSlotFocusVisible : subId -2
10-22 19:29:47.717  9273  9310 D ScanRecord: Not a Multi Manu data
10-22 19:29:47.803  9273  9310 I chatty  : uid=1002(bluetooth) BT Service Call identical 108 lines
10-22 19:29:47.803  9273  9310 D ScanRecord: Not a Multi Manu data
10-22 19:29:47.812 24256 24328 I BatteryMgr:DataCollectionService: stats => 1697995787812,-207,4160,-67,0,100
10-22 19:29:47.834  9273  9310 D ScanRecord: Not a Multi Manu data
10-22 19:29:47.917  9273  9310 I chatty  : uid=1002(bluetooth) BT Service Call identical 86 lines
10-22 19:29:47.917  9273  9310 D ScanRecord: Not a Multi Manu data
10-22 19:29:47.918 24256 24328 I BatteryMgr:DataCollectionService: stats => 1697995787918,-207,4160,-67,0,100
10-22 19:29:47.924  9273  9310 D ScanRecord: Not a Multi Manu data
10-22 19:29:47.997  9273  9310 I chatty  : uid=1002(bluetooth) BT Service Call identical 108 lines
10-22 19:29:47.997  9273  9310 D ScanRecord: Not a Multi Manu data
10-22 19:29:48.024 24256 24328 I BatteryMgr:DataCollectionService: stats => 1697995788024,-207,4160,-67,0,100
10-22 19:29:48.129 24256 24328 I BatteryMgr:DataCollectionService: stats => 1697995788129,-207,4160,-67,0,100
10-22 19:29:48.234 24256 24328 I BatteryMgr:DataCollectionService: stats => 1697995788234,-207,4160,-67,0,100
10-22 19:29:48.339 24256 24328 I BatteryMgr:DataCollectionService: stats => 1697995788339,-207,4160,-67,0,100
10-22 19:29:48.424  3957  4128 D WifiService: getConnectionInfo uid=1000
10-22 19:29:48.438  3957  4129 D WifiStateMachine:  ConnectedState !RSSI_PKTCNT_FETCH uid=1000 rt=602195022/1658170495 0 0 "ourhome" f4:6d:2f:12:cc:88 rssi=-44 f=5240 sc=60 link=433 tx=1.0, 0.0, 0.0  rx=3.1 bcn=588300 [on:0 tx:0 rx:0 period:721] from screen [on:92758 period:732105] score=60
10-22 19:29:48.439  3957  4129 D WifiStateMachine:  L2ConnectedState !RSSI_PKTCNT_FETCH uid=1000 rt=602195023/1658170496 0 0 "ourhome" f4:6d:2f:12:cc:88 rssi=-44 f=5240 sc=60 link=433 tx=1.0, 0.0, 0.0  rx=3.1 bcn=588300 [on:0 tx:0 rx:0 period:1] from screen [on:92758 period:732106] score=60
10-22 19:29:48.440  3957  4129 D WifiStateMachine: fetchRssiLinkSpeedAndFrequencyNative rssi=-45 linkspeed=433 freq=5240
10-22 19:29:48.440  3957  4129 V WifiConfigManager: Updating scan detail cache freq=5240 BSSID=f4:6d:2f:12:cc:88 RSSI=-44 for "ourhome"WPA_PSK
10-22 19:29:48.443  3957  6478 D SSRM:k  : SIOP:: AP = 420, PST = 405 (W:12), BAT = 293, USB = 0, CHG = 0
10-22 19:29:48.443 24256 24328 I BatteryMgr:DataCollectionService: stats => 1697995788443,-207,4160,-67,0,100
10-22 19:29:48.550 24256 24328 I BatteryMgr:DataCollectionService: stats => 1697995788550,-207,4160,-67,0,100
10-22 19:29:48.654 24256 24328 I BatteryMgr:DataCollectionService: stats => 1697995788654,-207,4160,-67,0,100
10-22 19:29:48.755  4961  4961 D io_stats: !@ 179,0 r 10122045 332317688 w 2155886 42218536 d 173580 37241216 f 639617 665055 iot 4627396 3987438 th 51200 0 0 pt 0 inp 0 0 602195.340
10-22 19:29:48.759 24256 24328 I BatteryMgr:DataCollectionService: stats => 1697995788759,-207,4160,-67,0,100
10-22 19:29:48.865 24256 24328 I BatteryMgr:DataCollectionService: stats => 1697995788865,-207,4160,-67,0,100
10-22 19:29:48.969 24256 24328 I BatteryMgr:DataCollectionService: stats => 1697995788969,-207,4160,-67,0,100
10-22 19:29:49.074 24256 24328 I BatteryMgr:DataCollectionService: stats => 1697995789074,-207,4160,-67,0,100
10-22 19:29:49.178 24256 24328 I BatteryMgr:DataCollectionService: stats => 1697995789178,-207,4160,-67,0,100
10-22 19:29:49.284 24256 24328 I BatteryMgr:DataCollectionService: stats => 1697995789283,-207,4160,-67,0,100
10-22 19:29:49.388 24256 24328 I BatteryMgr:DataCollectionService: stats => 1697995789387,-207,4160,-67,0,100
10-22 19:29:49.426  3957  4128 D WifiService: getConnectionInfo uid=1000
10-22 19:29:49.439  3957  4129 D WifiStateMachine:  ConnectedState !RSSI_PKTCNT_FETCH uid=1000 rt=602196023/1658171496 0 0 "ourhome" f4:6d:2f:12:cc:88 rssi=-45 f=5240 sc=60 link=433 tx=1.0, 0.0, 0.0  rx=3.1 bcn=588300 [on:0 tx:0 rx:0 period:1001] from screen [on:92758 period:733107] score=60
10-22 19:29:49.441  3957  4129 D WifiStateMachine:  L2ConnectedState !RSSI_PKTCNT_FETCH uid=1000 rt=602196025/1658171498 0 0 "ourhome" f4:6d:2f:12:cc:88 rssi=-45 f=5240 sc=60 link=433 tx=1.0, 0.0, 0.0  rx=3.1 bcn=588300 [on:0 tx:0 rx:0 period:2] from screen [on:92758 period:733109] score=60
10-22 19:29:49.447  3957  4129 D WifiStateMachine: fetchRssiLinkSpeedAndFrequencyNative rssi=-45 linkspeed=433 freq=5240
10-22 19:29:49.447  3957  4129 V WifiConfigManager: Updating scan detail cache freq=5240 BSSID=f4:6d:2f:12:cc:88 RSSI=-44 for "ourhome"WPA_PSK
10-22 19:29:49.492 24256 24328 I BatteryMgr:DataCollectionService: stats => 1697995789492,-207,4160,-67,0,100
10-22 19:29:49.597 24256 24328 I BatteryMgr:DataCollectionService: stats => 1697995789597,-207,4160,-67,0,100
10-22 19:29:49.702 24256 24328 I BatteryMgr:DataCollectionService: stats => 1697995789702,-207,4160,-67,0,100
10-22 19:29:49.807 24256 24328 I BatteryMgr:DataCollectionService: stats => 1697995789807,-207,4160,-67,0,100
10-22 19:29:49.911 24256 24328 I BatteryMgr:DataCollectionService: stats => 1697995789911,-207,4160,-67,0,100
10-22 19:29:50.015 24256 24328 I BatteryMgr:DataCollectionService: stats => 1697995790015,-207,4160,-67,0,100
10-22 19:29:50.121 24256 24328 I BatteryMgr:DataCollectionService: stats => 1697995790121,-207,4160,-67,0,100
10-22 19:29:50.224 24256 24328 I BatteryMgr:DataCollectionService: stats => 1697995790224,-207,4160,-67,0,100
10-22 19:29:50.236 23640 23940 I SessionStorage/AutoSave: Save: Periodic
10-22 19:29:50.329 24256 24328 I BatteryMgr:DataCollectionService: stats => 1697995790329,-207,4160,-67,0,100
10-22 19:29:50.428  3957  4128 D WifiService: getConnectionInfo uid=1000
10-22 19:29:50.437 24256 24328 I BatteryMgr:DataCollectionService: stats => 1697995790437,-207,4160,-67,0,100
10-22 19:29:50.441  3957  4129 D WifiStateMachine:  ConnectedState !RSSI_PKTCNT_FETCH uid=1000 rt=602197024/1658172497 0 0 "ourhome" f4:6d:2f:12:cc:88 rssi=-45 f=5240 sc=60 link=433 tx=1.0, 0.0, 0.0  rx=3.1 bcn=588300 [on:0 tx:0 rx:0 period:999] from screen [on:92758 period:734108] score=60
10-22 19:29:50.443  3957  4129 D WifiStateMachine:  L2ConnectedState !RSSI_PKTCNT_FETCH uid=1000 rt=602197027/1658172499 0 0 "ourhome" f4:6d:2f:12:cc:88 rssi=-45 f=5240 sc=60 link=433 tx=1.0, 0.0, 0.0  rx=3.1 bcn=588300 [on:0 tx:0 rx:0 period:3] from screen [on:92758 period:734111] score=60
10-22 19:29:50.445  3957  4129 D WifiStateMachine: fetchRssiLinkSpeedAndFrequencyNative rssi=-44 linkspeed=433 freq=5240
10-22 19:29:50.445  3957  4129 V WifiConfigManager: Updating scan detail cache freq=5240 BSSID=f4:6d:2f:12:cc:88 RSSI=-44 for "ourhome"WPA_PSK
10-22 19:29:50.541 24256 24328 I BatteryMgr:DataCollectionService: stats => 1697995790541,-207,4160,-67,0,100
10-22 19:29:50.645 24256 24328 I BatteryMgr:DataCollectionService: stats => 1697995790645,-207,4160,-67,0,100
10-22 19:29:50.715  3957  4129 D WifiStateMachine:  ConnectedState !CMD_RSSI_POLL rt=602197300/1658172772 122 0 "ourhome" f4:6d:2f:12:cc:88 rssi=-44 f=5240 sc=60 link=433 tx=1.0, 0.0, 0.0  rx=3.1 bcn=588300 [on:0 tx:0 rx:0 period:272] from screen [on:92758 period:734383] score=60
10-22 19:29:50.716  3957  4129 D WifiStateMachine:  L2ConnectedState !CMD_RSSI_POLL rt=602197301/1658172773 122 0 "ourhome" f4:6d:2f:12:cc:88 rssi=-44 f=5240 sc=60 link=433 tx=1.0, 0.0, 0.0  rx=3.1 bcn=588300 [on:0 tx:0 rx:0 period:1] from screen [on:92758 period:734384] score=60
10-22 19:29:50.716  3957  4129 D WifiStateMachine:  get link layer stats 3
10-22 19:29:50.717  3436  3436 I android.hardware.wifi@1.0-service: getLinkLayerStats
10-22 19:29:50.735  3957  4129 D WifiStateMachine: fetchRssiLinkSpeedAndFrequencyNative rssi=-44 linkspeed=433 freq=5240
10-22 19:29:50.735  3957  4129 V WifiConfigManager: Updating scan detail cache freq=5240 BSSID=f4:6d:2f:12:cc:88 RSSI=-44 for "ourhome"WPA_PSK
10-22 19:29:50.738  4340  4340 E SignalClusterView: setSlotFocusVisible : subId -2
10-22 19:29:50.738  4340  4340 E SignalClusterView: setSlotFocusVisible : subId -2
10-22 19:29:50.752 24256 24328 I BatteryMgr:DataCollectionService: stats => 1697995790752,-207,4160,-67,0,100
10-22 19:29:50.857 24256 24328 I BatteryMgr:DataCollectionService: stats => 1697995790857,-207,4160,-67,0,100
10-22 19:29:50.961 24256 24328 I BatteryMgr:DataCollectionService: stats => 1697995790961,-207,4160,-67,0,100
10-22 19:29:51.065 24256 24328 I BatteryMgr:DataCollectionService: stats => 1697995791064,-207,4160,-67,0,100
10-22 19:29:51.169 24256 24328 I BatteryMgr:DataCollectionService: stats => 1697995791169,-207,4160,-67,0,100
10-22 19:29:51.275 24256 24328 I BatteryMgr:DataCollectionService: stats => 1697995791275,-207,4160,-67,0,100
10-22 19:29:51.381 24256 24328 I BatteryMgr:DataCollectionService: stats => 1697995791381,-207,4160,-67,0,100
10-22 19:29:51.430  3957  4128 D WifiService: getConnectionInfo uid=1000
10-22 19:29:51.441  3957  4129 D WifiStateMachine:  ConnectedState !RSSI_PKTCNT_FETCH uid=1000 rt=602198026/1658173498 0 0 "ourhome" f4:6d:2f:12:cc:88 rssi=-44 f=5240 sc=60 link=433 tx=0.4, 0.0, 0.0  rx=1.8 bcn=588329 [on:0 tx:0 rx:0 period:704] from screen [on:92875 period:735109] score=60
10-22 19:29:51.442  3957  4129 D WifiStateMachine:  L2ConnectedState !RSSI_PKTCNT_FETCH uid=1000 rt=602198027/1658173499 0 0 "ourhome" f4:6d:2f:12:cc:88 rssi=-44 f=5240 sc=60 link=433 tx=0.4, 0.0, 0.0  rx=1.8 bcn=588329 [on:0 tx:0 rx:0 period:1] from screen [on:92875 period:735110] score=60
10-22 19:29:51.449  3957  4129 D WifiStateMachine: fetchRssiLinkSpeedAndFrequencyNative rssi=-42 linkspeed=433 freq=5240
10-22 19:29:51.449  3957  4129 V WifiConfigManager: Updating scan detail cache freq=5240 BSSID=f4:6d:2f:12:cc:88 RSSI=-42 for "ourhome"WPA_PSK
10-22 19:29:51.486 24256 24328 I BatteryMgr:DataCollectionService: stats => 1697995791486,-207,4160,-67,0,100
10-22 19:29:51.591 24256 24328 I BatteryMgr:DataCollectionService: stats => 1697995791591,-207,4160,-67,0,100
10-22 19:29:51.694 24256 24328 I BatteryMgr:DataCollectionService: stats => 1697995791694,-207,4160,-67,0,100
10-22 19:29:51.799 24256 24328 I BatteryMgr:DataCollectionService: stats => 1697995791799,-207,4160,-67,0,100
10-22 19:29:51.904 24256 24328 I BatteryMgr:DataCollectionService: stats => 1697995791904,-207,4160,-67,0,100
10-22 19:29:52.009 24256 24328 I BatteryMgr:DataCollectionService: stats => 1697995792009,-207,4160,-67,0,100
10-22 19:29:52.113 24256 24328 I BatteryMgr:DataCollectionService: stats => 1697995792113,-207,4160,-67,0,100
10-22 19:29:52.217 24256 24328 I BatteryMgr:DataCollectionService: stats => 1697995792217,-207,4160,-67,0,100
10-22 19:29:52.254  3957  4030 D SensorService: [SO] 0.211 -0.139 10.008
10-22 19:29:52.325 24256 24328 I BatteryMgr:DataCollectionService: stats => 1697995792325,-207,4160,-67,0,100
10-22 19:29:52.429 24256 24328 I BatteryMgr:DataCollectionService: stats => 1697995792429,-207,4160,-67,0,100
10-22 19:29:52.432  3957  4128 D WifiService: getConnectionInfo uid=1000
10-22 19:29:52.443  3957  4129 D WifiStateMachine:  ConnectedState !RSSI_PKTCNT_FETCH uid=1000 rt=602199028/1658174500 0 0 "ourhome" f4:6d:2f:12:cc:88 rssi=-42 f=5240 sc=60 link=433 tx=0.4, 0.0, 0.0  rx=1.8 bcn=588329 [on:0 tx:0 rx:0 period:1001] from screen [on:92875 period:736111] score=60
10-22 19:29:52.444  3957  4129 D WifiStateMachine:  L2ConnectedState !RSSI_PKTCNT_FETCH uid=1000 rt=602199029/1658174502 0 0 "ourhome" f4:6d:2f:12:cc:88 rssi=-42 f=5240 sc=60 link=433 tx=0.4, 0.0, 0.0  rx=1.8 bcn=588329 [on:0 tx:0 rx:0 period:1] from screen [on:92875 period:736112] score=60
10-22 19:29:52.449  3957  4129 D WifiStateMachine: fetchRssiLinkSpeedAndFrequencyNative rssi=-43 linkspeed=433 freq=5240
10-22 19:29:52.449  3957  4129 V WifiConfigManager: Updating scan detail cache freq=5240 BSSID=f4:6d:2f:12:cc:88 RSSI=-42 for "ourhome"WPA_PSK
10-22 19:29:52.537 24256 24328 I BatteryMgr:DataCollectionService: stats => 1697995792537,-207,4160,-67,0,100
10-22 19:29:52.563  9273  9310 D ScanRecord: Not a Multi Manu data
10-22 19:29:52.630  9273  9310 I chatty  : uid=1002(bluetooth) BT Service Call identical 75 lines
10-22 19:29:52.630  9273  9310 D ScanRecord: Not a Multi Manu data
10-22 19:29:52.642 24256 24328 I BatteryMgr:DataCollectionService: stats => 1697995792642,-207,4160,-67,0,100
10-22 19:29:52.644  9273  9310 D ScanRecord: Not a Multi Manu data
10-22 19:29:52.660  9273  9310 I chatty  : uid=1002(bluetooth) BT Service Call identical 53 lines
10-22 19:29:52.660  9273  9310 D ScanRecord: Not a Multi Manu data
10-22 19:29:52.663  9273  9310 D ScanRecord: same manuId data exists, combine both data and store
10-22 19:29:52.663  9273  9310 D ScanRecord: It's a Multi Manu data
10-22 19:29:52.664  9273  9310 I chatty  : uid=1002(bluetooth) BT Service Call identical 9 lines
10-22 19:29:52.664  9273  9310 D ScanRecord: It's a Multi Manu data
10-22 19:29:52.664  9273  9310 D ScanRecord: same manuId data exists, combine both data and store
10-22 19:29:52.667  9273  9310 D ScanRecord: Not a Multi Manu data
10-22 19:29:52.733  9273  9310 I chatty  : uid=1002(bluetooth) BT Service Call identical 86 lines
10-22 19:29:52.733  9273  9310 D ScanRecord: Not a Multi Manu data
10-22 19:29:52.745 24256 24328 I BatteryMgr:DataCollectionService: stats => 1697995792745,-207,4160,-67,0,100
10-22 19:29:52.763  9273  9310 D ScanRecord: Not a Multi Manu data
10-22 19:29:52.845  9273  9310 I chatty  : uid=1002(bluetooth) BT Service Call identical 130 lines
10-22 19:29:52.845  9273  9310 D ScanRecord: Not a Multi Manu data
10-22 19:29:52.851 24256 24328 I BatteryMgr:DataCollectionService: stats => 1697995792851,-207,4160,-67,0,100
10-22 19:29:52.854  9273  9310 D ScanRecord: Not a Multi Manu data
10-22 19:29:52.854  9273  9310 I chatty  : uid=1002(bluetooth) BT Service Call identical 9 lines
10-22 19:29:52.854  9273  9310 D ScanRecord: Not a Multi Manu data
10-22 19:29:52.855  9273  9310 D ScanRecord: same manuId data exists, combine both data and store
10-22 19:29:52.855  9273  9310 D ScanRecord: It's a Multi Manu data
10-22 19:29:52.855  9273  9310 I chatty  : uid=1002(bluetooth) BT Service Call identical 9 lines
10-22 19:29:52.855  9273  9310 D ScanRecord: It's a Multi Manu data
10-22 19:29:52.855  9273  9310 D ScanRecord: same manuId data exists, combine both data and store
10-22 19:29:52.898  9273  9310 D ScanRecord: Not a Multi Manu data
10-22 19:29:52.956  9273  9310 I chatty  : uid=1002(bluetooth) BT Service Call identical 55 lines
10-22 19:29:52.956  9273  9310 D ScanRecord: Not a Multi Manu data
10-22 19:29:52.956 24256 24328 I BatteryMgr:DataCollectionService: stats => 1697995792956,-207,4160,-67,0,100
10-22 19:29:52.956  9273  9310 D ScanRecord: Not a Multi Manu data
10-22 19:29:53.014  9273  9310 I chatty  : uid=1002(bluetooth) BT Service Call identical 128 lines
10-22 19:29:53.014  9273  9310 D ScanRecord: Not a Multi Manu data
10-22 19:29:53.034  9273  9310 D ScanRecord: same manuId data exists, combine both data and store
10-22 19:29:53.034  9273  9310 D ScanRecord: It's a Multi Manu data
10-22 19:29:53.034  9273  9310 I chatty  : uid=1002(bluetooth) BT Service Call identical 9 lines
10-22 19:29:53.034  9273  9310 D ScanRecord: It's a Multi Manu data
10-22 19:29:53.034  9273  9310 D ScanRecord: same manuId data exists, combine both data and store
10-22 19:29:53.038  9273  9310 D ScanRecord: Not a Multi Manu data
10-22 19:29:53.038  9273  9310 I chatty  : uid=1002(bluetooth) BT Service Call identical 9 lines
10-22 19:29:53.038  9273  9310 D ScanRecord: Not a Multi Manu data
10-22 19:29:53.062 24256 24328 I BatteryMgr:DataCollectionService: stats => 1697995793062,-147,4160,-54,0,100
10-22 19:29:53.166 24256 24328 I BatteryMgr:DataCollectionService: stats => 1697995793166,-147,4160,-54,0,100
10-22 19:29:53.271 24256 24328 I BatteryMgr:DataCollectionService: stats => 1697995793271,-147,4160,-54,0,100
10-22 19:29:53.374 24256 24328 I BatteryMgr:DataCollectionService: stats => 1697995793374,-147,4160,-54,0,100
10-22 19:29:53.432  3957  4128 D WifiService: getConnectionInfo uid=1000
10-22 19:29:53.443  3957  4129 D WifiStateMachine:  ConnectedState !RSSI_PKTCNT_FETCH uid=1000 rt=602200028/1658175500 0 0 "ourhome" f4:6d:2f:12:cc:88 rssi=-43 f=5240 sc=60 link=433 tx=0.4, 0.0, 0.0  rx=1.8 bcn=588329 [on:0 tx:0 rx:0 period:999] from screen [on:92875 period:737111] score=60
10-22 19:29:53.445  3957  4129 D WifiStateMachine:  L2ConnectedState !RSSI_PKTCNT_FETCH uid=1000 rt=602200029/1658175502 0 0 "ourhome" f4:6d:2f:12:cc:88 rssi=-43 f=5240 sc=60 link=433 tx=0.4, 0.0, 0.0  rx=1.8 bcn=588329 [on:0 tx:0 rx:0 period:2] from screen [on:92875 period:737113] score=60
10-22 19:29:53.450  3957  4129 D WifiStateMachine: fetchRssiLinkSpeedAndFrequencyNative rssi=-43 linkspeed=433 freq=5240
10-22 19:29:53.451  3957  4129 V WifiConfigManager: Updating scan detail cache freq=5240 BSSID=f4:6d:2f:12:cc:88 RSSI=-42 for "ourhome"WPA_PSK
10-22 19:29:53.478 24256 24328 I BatteryMgr:DataCollectionService: stats => 1697995793478,-147,4160,-54,0,100
10-22 19:29:53.494  3957  8324 D BatteryService: !@BatteryListener : batteryPropertiesChanged!
10-22 19:29:53.582 24256 24328 I BatteryMgr:DataCollectionService: stats => 1697995793582,-147,4160,-54,0,100
10-22 19:29:53.688 24256 24328 I BatteryMgr:DataCollectionService: stats => 1697995793687,-147,4160,-54,0,100
10-22 19:29:53.737  3957  4129 D WifiStateMachine:  ConnectedState !CMD_RSSI_POLL rt=602200321/1658175794 122 0 "ourhome" f4:6d:2f:12:cc:88 rssi=-43 f=5240 sc=60 link=433 tx=0.4, 0.0, 0.0  rx=1.8 bcn=588329 [on:0 tx:0 rx:0 period:292] from screen [on:92875 period:737405] score=60
10-22 19:29:53.738  3957  4129 D WifiStateMachine:  L2ConnectedState !CMD_RSSI_POLL rt=602200323/1658175795 122 0 "ourhome" f4:6d:2f:12:cc:88 rssi=-43 f=5240 sc=60 link=433 tx=0.4, 0.0, 0.0  rx=1.8 bcn=588329 [on:0 tx:0 rx:0 period:1] from screen [on:92875 period:737406] score=60
10-22 19:29:53.738  3957  4129 D WifiStateMachine:  get link layer stats 3
10-22 19:29:53.739  3436  3436 I android.hardware.wifi@1.0-service: getLinkLayerStats
10-22 19:29:53.756  3957  4129 D WifiStateMachine: fetchRssiLinkSpeedAndFrequencyNative rssi=-43 linkspeed=433 freq=5240
10-22 19:29:53.757  3957  4129 V WifiConfigManager: Updating scan detail cache freq=5240 BSSID=f4:6d:2f:12:cc:88 RSSI=-42 for "ourhome"WPA_PSK
10-22 19:29:53.757  4961  4961 D io_stats: !@ 179,0 r 10122045 332317688 w 2155893 42218728 d 173581 37241296 f 639618 665056 iot 4627400 3987443 th 51200 0 0 pt 0 inp 0 0 602200.342
10-22 19:29:53.759  4340  4340 E SignalClusterView: setSlotFocusVisible : subId -2
10-22 19:29:53.759  4340  4340 E SignalClusterView: setSlotFocusVisible : subId -2
10-22 19:29:53.792 24256 24328 I BatteryMgr:DataCollectionService: stats => 1697995793792,-147,4160,-54,0,100
10-22 19:29:53.897 24256 24328 I BatteryMgr:DataCollectionService: stats => 1697995793897,-147,4160,-54,0,100
10-22 19:29:54.002 24256 24328 I BatteryMgr:DataCollectionService: stats => 1697995794002,-147,4160,-54,0,100
10-22 19:29:54.108 24256 24328 I BatteryMgr:DataCollectionService: stats => 1697995794108,-147,4160,-54,0,100
10-22 19:29:54.213 24256 24328 I BatteryMgr:DataCollectionService: stats => 1697995794213,-147,4160,-54,0,100
10-22 19:29:54.320 24256 24328 I BatteryMgr:DataCollectionService: stats => 1697995794320,-147,4160,-54,0,100
10-22 19:29:54.426 24256 24328 I BatteryMgr:DataCollectionService: stats => 1697995794426,-147,4160,-54,0,100
10-22 19:29:54.434  3957  4128 D WifiService: getConnectionInfo uid=1000
10-22 19:29:54.444  3957  4129 D WifiStateMachine:  ConnectedState !RSSI_PKTCNT_FETCH uid=1000 rt=602201029/1658176502 0 0 "ourhome" f4:6d:2f:12:cc:88 rssi=-43 f=5240 sc=60 link=433 tx=0.1, 0.0, 0.0  rx=0.6 bcn=588358 [on:0 tx:0 rx:0 period:685] from screen [on:92938 period:738112] score=60
10-22 19:29:54.445  3957  4129 D WifiStateMachine:  L2ConnectedState !RSSI_PKTCNT_FETCH uid=1000 rt=602201030/1658176503 0 0 "ourhome" f4:6d:2f:12:cc:88 rssi=-43 f=5240 sc=60 link=433 tx=0.1, 0.0, 0.0  rx=0.6 bcn=588358 [on:0 tx:0 rx:0 period:1] from screen [on:92938 period:738113] score=60
10-22 19:29:54.451  3957  4129 D WifiStateMachine: fetchRssiLinkSpeedAndFrequencyNative rssi=-44 linkspeed=433 freq=5240
10-22 19:29:54.451  3957  4129 V WifiConfigManager: Updating scan detail cache freq=5240 BSSID=f4:6d:2f:12:cc:88 RSSI=-43 for "ourhome"WPA_PSK
10-22 19:29:54.532 24256 24328 I BatteryMgr:DataCollectionService: stats => 1697995794532,-147,4160,-54,0,100
10-22 19:29:54.639 24256 24328 I BatteryMgr:DataCollectionService: stats => 1697995794639,-147,4160,-54,0,100
10-22 19:29:54.743 24256 24328 I BatteryMgr:DataCollectionService: stats => 1697995794743,-147,4160,-54,0,100
10-22 19:29:54.850 24256 24328 I BatteryMgr:DataCollectionService: stats => 1697995794850,-147,4160,-54,0,100
10-22 19:29:54.953 24256 24328 I BatteryMgr:DataCollectionService: stats => 1697995794953,-147,4160,-54,0,100
10-22 19:29:55.058 24256 24328 I BatteryMgr:DataCollectionService: stats => 1697995795058,-147,4160,-54,0,100
10-22 19:29:55.163 24256 24328 I BatteryMgr:DataCollectionService: stats => 1697995795163,-147,4160,-54,0,100
10-22 19:29:55.267 24256 24328 I BatteryMgr:DataCollectionService: stats => 1697995795267,-147,4160,-54,0,100
10-22 19:29:55.373 24256 24328 I BatteryMgr:DataCollectionService: stats => 1697995795373,-147,4160,-54,0,100
10-22 19:29:55.436  3957  4128 D WifiService: getConnectionInfo uid=1000
10-22 19:29:55.446  3957  4129 D WifiStateMachine:  ConnectedState !RSSI_PKTCNT_FETCH uid=1000 rt=602202031/1658177503 0 0 "ourhome" f4:6d:2f:12:cc:88 rssi=-44 f=5240 sc=60 link=433 tx=0.1, 0.0, 0.0  rx=0.6 bcn=588358 [on:0 tx:0 rx:0 period:1001] from screen [on:92938 period:739114] score=60
10-22 19:29:55.448  3957  4129 D WifiStateMachine:  L2ConnectedState !RSSI_PKTCNT_FETCH uid=1000 rt=602202032/1658177505 0 0 "ourhome" f4:6d:2f:12:cc:88 rssi=-44 f=5240 sc=60 link=433 tx=0.1, 0.0, 0.0  rx=0.6 bcn=588358 [on:0 tx:0 rx:0 period:1] from screen [on:92938 period:739115] score=60
10-22 19:29:55.455  3957  4129 D WifiStateMachine: fetchRssiLinkSpeedAndFrequencyNative rssi=-45 linkspeed=433 freq=5240
10-22 19:29:55.455  3957  4129 V WifiConfigManager: Updating scan detail cache freq=5240 BSSID=f4:6d:2f:12:cc:88 RSSI=-44 for "ourhome"WPA_PSK
10-22 19:29:55.479 24256 24328 I BatteryMgr:DataCollectionService: stats => 1697995795479,-147,4160,-54,0,100
10-22 19:29:55.583 24256 24328 I BatteryMgr:DataCollectionService: stats => 1697995795583,-147,4160,-54,0,100
10-22 19:29:55.688 24256 24328 I BatteryMgr:DataCollectionService: stats => 1697995795688,-147,4160,-54,0,100
10-22 19:29:55.792 24256 24328 I BatteryMgr:DataCollectionService: stats => 1697995795792,-147,4160,-54,0,100
10-22 19:29:55.897 24256 24328 I BatteryMgr:DataCollectionService: stats => 1697995795897,-147,4160,-54,0,100
10-22 19:29:56.003 24256 24328 I BatteryMgr:DataCollectionService: stats => 1697995796003,-147,4160,-54,0,100
10-22 19:29:56.108 24256 24328 I BatteryMgr:DataCollectionService: stats => 1697995796108,-147,4160,-54,0,100
10-22 19:29:56.211 24256 24328 I BatteryMgr:DataCollectionService: stats => 1697995796211,-147,4160,-54,0,100
10-22 19:29:56.316 24256 24328 I BatteryMgr:DataCollectionService: stats => 1697995796316,-147,4160,-54,0,100
10-22 19:29:56.421 24256 24328 I BatteryMgr:DataCollectionService: stats => 1697995796421,-147,4160,-54,0,100
10-22 19:29:56.438  3957  4128 D WifiService: getConnectionInfo uid=1000
10-22 19:29:56.447  3957  4129 D WifiStateMachine:  ConnectedState !RSSI_PKTCNT_FETCH uid=1000 rt=602203032/1658178505 0 0 "ourhome" f4:6d:2f:12:cc:88 rssi=-45 f=5240 sc=60 link=433 tx=0.1, 0.0, 0.0  rx=0.6 bcn=588358 [on:0 tx:0 rx:0 period:1000] from screen [on:92938 period:740115] score=60
10-22 19:29:56.448  3957  4129 D WifiStateMachine:  L2ConnectedState !RSSI_PKTCNT_FETCH uid=1000 rt=602203033/1658178505 0 0 "ourhome" f4:6d:2f:12:cc:88 rssi=-45 f=5240 sc=60 link=433 tx=0.1, 0.0, 0.0  rx=0.6 bcn=588358 [on:0 tx:0 rx:0 period:1] from screen [on:92938 period:740116] score=60
10-22 19:29:56.454  3957  4129 D WifiStateMachine: fetchRssiLinkSpeedAndFrequencyNative rssi=-45 linkspeed=433 freq=5240
10-22 19:29:56.454  3957  4129 V WifiConfigManager: Updating scan detail cache freq=5240 BSSID=f4:6d:2f:12:cc:88 RSSI=-44 for "ourhome"WPA_PSK
10-22 19:29:56.527 24256 24328 I BatteryMgr:DataCollectionService: stats => 1697995796527,-147,4160,-54,0,100
10-22 19:29:56.631 24256 24328 I BatteryMgr:DataCollectionService: stats => 1697995796631,-147,4160,-54,0,100
10-22 19:29:56.735 24256 24328 I BatteryMgr:DataCollectionService: stats => 1697995796735,-147,4160,-54,0,100
10-22 19:29:56.759  3957  4129 D WifiStateMachine:  ConnectedState !CMD_RSSI_POLL rt=602203344/1658178817 122 0 "ourhome" f4:6d:2f:12:cc:88 rssi=-45 f=5240 sc=60 link=433 tx=0.1, 0.0, 0.0  rx=0.6 bcn=588358 [on:0 tx:0 rx:0 period:311] from screen [on:92938 period:740427] score=60
10-22 19:29:56.761  3957  4129 D WifiStateMachine:  L2ConnectedState !CMD_RSSI_POLL rt=602203345/1658178818 122 0 "ourhome" f4:6d:2f:12:cc:88 rssi=-45 f=5240 sc=60 link=433 tx=0.1, 0.0, 0.0  rx=0.6 bcn=588358 [on:0 tx:0 rx:0 period:2] from screen [on:92938 period:740429] score=60
10-22 19:29:56.761  3957  4129 D WifiStateMachine:  get link layer stats 3
10-22 19:29:56.761  3436  3436 I android.hardware.wifi@1.0-service: getLinkLayerStats
10-22 19:29:56.779  3957  4129 D WifiStateMachine: fetchRssiLinkSpeedAndFrequencyNative rssi=-44 linkspeed=433 freq=5240
10-22 19:29:56.779  3957  4129 V WifiConfigManager: Updating scan detail cache freq=5240 BSSID=f4:6d:2f:12:cc:88 RSSI=-44 for "ourhome"WPA_PSK
10-22 19:29:56.781  4340  4340 E SignalClusterView: setSlotFocusVisible : subId -2
10-22 19:29:56.781  4340  4340 E SignalClusterView: setSlotFocusVisible : subId -2
10-22 19:29:56.840 24256 24328 I BatteryMgr:DataCollectionService: stats => 1697995796840,-147,4160,-54,0,100
10-22 19:29:56.945 24256 24328 I BatteryMgr:DataCollectionService: stats => 1697995796945,-147,4160,-54,0,100
10-22 19:29:57.049 24256 24328 I BatteryMgr:DataCollectionService: stats => 1697995797049,-147,4160,-54,0,100
10-22 19:29:57.153 24256 24328 I BatteryMgr:DataCollectionService: stats => 1697995797153,-147,4160,-54,0,100
10-22 19:29:57.260 24256 24328 I BatteryMgr:DataCollectionService: stats => 1697995797259,-147,4160,-54,0,100
10-22 19:29:57.363 24256 24328 I BatteryMgr:DataCollectionService: stats => 1697995797363,-147,4160,-54,0,100
10-22 19:29:57.440  3957  4128 D WifiService: getConnectionInfo uid=1000
10-22 19:29:57.448  3957  4129 D WifiStateMachine:  ConnectedState !RSSI_PKTCNT_FETCH uid=1000 rt=602204033/1658179506 0 0 "ourhome" f4:6d:2f:12:cc:88 rssi=-44 f=5240 sc=60 link=433 tx=0.0, 0.0, 0.0  rx=5.9 bcn=588387 [on:0 tx:0 rx:0 period:667] from screen [on:93300 period:741116] score=60
10-22 19:29:57.449  3957  4129 D WifiStateMachine:  L2ConnectedState !RSSI_PKTCNT_FETCH uid=1000 rt=602204034/1658179507 0 0 "ourhome" f4:6d:2f:12:cc:88 rssi=-44 f=5240 sc=60 link=433 tx=0.0, 0.0, 0.0  rx=5.9 bcn=588387 [on:0 tx:0 rx:0 period:1] from screen [on:93300 period:741117] score=60
10-22 19:29:57.451  3957  4129 D WifiStateMachine: fetchRssiLinkSpeedAndFrequencyNative rssi=-43 linkspeed=433 freq=5240
10-22 19:29:57.451  3957  4129 V WifiConfigManager: Updating scan detail cache freq=5240 BSSID=f4:6d:2f:12:cc:88 RSSI=-43 for "ourhome"WPA_PSK
10-22 19:29:57.467 24256 24328 I BatteryMgr:DataCollectionService: stats => 1697995797467,-147,4160,-54,0,100
10-22 19:29:57.542  9273  9310 D ScanRecord: Not a Multi Manu data
10-22 19:29:57.569  9273  9310 I chatty  : uid=1002(bluetooth) BT Service Call identical 64 lines
10-22 19:29:57.569  9273  9310 D ScanRecord: Not a Multi Manu data
10-22 19:29:57.573 24256 24328 I BatteryMgr:DataCollectionService: stats => 1697995797573,-147,4160,-54,0,100
10-22 19:29:57.579  9273  9310 D ScanRecord: Not a Multi Manu data
10-22 19:29:57.622  9273  9310 I chatty  : uid=1002(bluetooth) BT Service Call identical 98 lines
10-22 19:29:57.633  9273  9310 D ScanRecord: Not a Multi Manu data
10-22 19:29:57.633 23640 23651 I zygote64: Background concurrent copying GC freed 279327(8MB) AllocSpace objects, 0(0B) LOS objects, 49% free, 6MB/12MB, paused 2.679ms total 165.911ms
10-22 19:29:57.633  9273  9310 D ScanRecord: Not a Multi Manu data
10-22 19:29:57.673  9273  9310 I chatty  : uid=1002(bluetooth) BT Service Call identical 74 lines
10-22 19:29:57.673  9273  9310 D ScanRecord: Not a Multi Manu data
10-22 19:29:57.677 24256 24328 I BatteryMgr:DataCollectionService: stats => 1697995797677,-147,4160,-54,0,100
10-22 19:29:57.682  9273  9310 D ScanRecord: Not a Multi Manu data
10-22 19:29:57.744  9273  9310 I chatty  : uid=1002(bluetooth) BT Service Call identical 97 lines
10-22 19:29:57.744  9273  9310 D ScanRecord: Not a Multi Manu data
10-22 19:29:57.762  9273  9310 D ScanRecord: same manuId data exists, combine both data and store
10-22 19:29:57.762  9273  9310 D ScanRecord: It's a Multi Manu data
10-22 19:29:57.763  9273  9310 I chatty  : uid=1002(bluetooth) BT Service Call identical 9 lines
10-22 19:29:57.763  9273  9310 D ScanRecord: It's a Multi Manu data
10-22 19:29:57.763  9273  9310 D ScanRecord: same manuId data exists, combine both data and store
10-22 19:29:57.781 24256 24328 I BatteryMgr:DataCollectionService: stats => 1697995797781,-147,4160,-54,0,100
10-22 19:29:57.793  9273  9310 D ScanRecord: Not a Multi Manu data
10-22 19:29:57.859  9273  9310 I chatty  : uid=1002(bluetooth) BT Service Call identical 152 lines
10-22 19:29:57.859  9273  9310 D ScanRecord: Not a Multi Manu data
10-22 19:29:57.885 24256 24328 I BatteryMgr:DataCollectionService: stats => 1697995797885,-147,4160,-54,0,100
10-22 19:29:57.888  9273  9310 D ScanRecord: Not a Multi Manu data
10-22 19:29:57.937  9273  9310 I chatty  : uid=1002(bluetooth) BT Service Call identical 64 lines
10-22 19:29:57.937  9273  9310 D ScanRecord: Not a Multi Manu data
10-22 19:29:57.949  9273  9310 D ScanRecord: same manuId data exists, combine both data and store
10-22 19:29:57.949  9273  9310 D ScanRecord: It's a Multi Manu data
10-22 19:29:57.949  9273  9310 I chatty  : uid=1002(bluetooth) BT Service Call identical 9 lines
10-22 19:29:57.949  9273  9310 D ScanRecord: It's a Multi Manu data
10-22 19:29:57.949  9273  9310 D ScanRecord: same manuId data exists, combine both data and store
10-22 19:29:57.975  9273  9310 D ScanRecord: Not a Multi Manu data
10-22 19:29:57.975  9273  9310 I chatty  : uid=1002(bluetooth) BT Service Call identical 9 lines
10-22 19:29:57.975  9273  9310 D ScanRecord: Not a Multi Manu data
10-22 19:29:57.989 24256 24328 I BatteryMgr:DataCollectionService: stats => 1697995797989,-147,4160,-54,0,100
10-22 19:29:57.994  9273  9310 D ScanRecord: Not a Multi Manu data
10-22 19:29:58.037  9273  9310 I chatty  : uid=1002(bluetooth) BT Service Call identical 64 lines
10-22 19:29:58.037  9273  9310 D ScanRecord: Not a Multi Manu data
10-22 19:29:58.096 24256 24328 I BatteryMgr:DataCollectionService: stats => 1697995798096,-147,4160,-54,0,100
10-22 19:29:58.202 24256 24328 I BatteryMgr:DataCollectionService: stats => 1697995798201,-147,4160,-54,0,100
10-22 19:29:58.308 24256 24328 I BatteryMgr:DataCollectionService: stats => 1697995798308,-147,4160,-54,0,100
10-22 19:29:58.413 24256 24328 I BatteryMgr:DataCollectionService: stats => 1697995798413,-147,4160,-54,0,100
10-22 19:29:58.442  3957  4128 D WifiService: getConnectionInfo uid=1000
10-22 19:29:58.449  3957  4129 D WifiStateMachine:  ConnectedState !RSSI_PKTCNT_FETCH uid=1000 rt=602205034/1658180507 0 0 "ourhome" f4:6d:2f:12:cc:88 rssi=-43 f=5240 sc=60 link=433 tx=0.0, 0.0, 0.0  rx=5.9 bcn=588387 [on:0 tx:0 rx:0 period:1000] from screen [on:93300 period:742117] score=60
10-22 19:29:58.451  3957  4129 D WifiStateMachine:  L2ConnectedState !RSSI_PKTCNT_FETCH uid=1000 rt=602205035/1658180508 0 0 "ourhome" f4:6d:2f:12:cc:88 rssi=-43 f=5240 sc=60 link=433 tx=0.0, 0.0, 0.0  rx=5.9 bcn=588387 [on:0 tx:0 rx:0 period:2] from screen [on:93300 period:742119] score=60
10-22 19:29:58.458  3957  4129 D WifiStateMachine: fetchRssiLinkSpeedAndFrequencyNative rssi=-42 linkspeed=433 freq=5240
10-22 19:29:58.458  3957  4129 V WifiConfigManager: Updating scan detail cache freq=5240 BSSID=f4:6d:2f:12:cc:88 RSSI=-42 for "ourhome"WPA_PSK
10-22 19:29:58.461  3957  6478 D SSRM:k  : SIOP:: AP = 420, PST = 411 (W:14), BAT = 293, USB = 0, CHG = 0
10-22 19:29:58.470  3957  6478 D ac      : broadcastSiopLevelIntent:: currentSiopLevel = 1
10-22 19:29:58.475 14173 14173 I [SC]SCloudReceiver: onReceive: com.samsung.intent.action.CHECK_SIOP_LEVEL
10-22 19:29:58.475  3957  6478 D WifiService: getConnectionInfo uid=1000
10-22 19:29:58.478 14173 14173 I [SC]DetectorReceiver: onReceive [com.samsung.intent.action.CHECK_SIOP_LEVEL]
10-22 19:29:58.479 14173 14173 I [SC]AccountUtil: Samsung Account Not Logged in
10-22 19:29:58.481  3957  6478 I SensorService: createSensorEventConnection package name f.z
10-22 19:29:58.482  3957  6478 D SensorService: Calling batch handle==3 flags=0 rate=200000000 timeout== 0
10-22 19:29:58.483  3434  3434 I Sensors : ProximitySensor:enable: handle 3, en 1, old_en 0
10-22 19:29:58.517 24256 24328 I BatteryMgr:DataCollectionService: stats => 1697995798517,-147,4160,-54,0,100
10-22 19:29:58.544  3957  6478 D SensorManager: registerListener :: 3, STK3013 Proximity, 200000, 0,  
10-22 19:29:58.545  3434  3434 I Sensors : ProximitySensor:readEvents: value 8(cm)
10-22 19:29:58.546  3957  3957 D SensorManager: Proximity, val = 8.0  [far]
10-22 19:29:58.546  3957  3957 D SensorService: Calling activate off 3
10-22 19:29:58.547  3434  4028 I Sensors : ProximitySensor:enable: handle 3, en 0, old_en 1
10-22 19:29:58.549  3957  3957 D SensorManager: unregisterListener ::   
10-22 19:29:58.620 24256 24328 I BatteryMgr:DataCollectionService: stats => 1697995798620,-147,4160,-54,0,100
10-22 19:29:58.726 24256 24328 I BatteryMgr:DataCollectionService: stats => 1697995798726,-147,4160,-54,0,100
10-22 19:29:58.759  4961  4961 D io_stats: !@ 179,0 r 10122046 332317704 w 2155904 42218928 d 173583 37241380 f 639619 665057 iot 4627404 3987451 th 51200 0 0 pt 0 inp 0 0 602205.344
10-22 19:29:58.831 24256 24328 I BatteryMgr:DataCollectionService: stats => 1697995798831,-147,4160,-54,0,100
10-22 19:29:58.885  4340  4731 D NetworkController.MobileSignalController(0/-2): onSignalStrengthsChanged signalStrength=SignalStrength: 22 99 -22 -200 -22 -200 -1 99 2147483647 2147483647 2147483647 2147483647 0 2147483647 0x4 P gsm|lte level=4
10-22 19:29:58.886  4340  4731 D NetworkController.MobileSignalController(0/-2): getMobileIconGroup(): 0
10-22 19:29:58.936 24256 24328 I BatteryMgr:DataCollectionService: stats => 1697995798936,-147,4160,-54,0,100
10-22 19:29:59.042 24256 24328 I BatteryMgr:DataCollectionService: stats => 1697995799041,-147,4160,-54,0,100
10-22 19:29:59.146 24256 24328 I BatteryMgr:DataCollectionService: stats => 1697995799146,-147,4160,-54,0,100
10-22 19:29:59.251 24256 24328 I BatteryMgr:DataCollectionService: stats => 1697995799251,-147,4160,-54,0,100
10-22 19:29:59.355 24256 24328 I BatteryMgr:DataCollectionService: stats => 1697995799355,-147,4160,-54,0,100
10-22 19:29:59.444  3957  4128 D WifiService: getConnectionInfo uid=1000
10-22 19:29:59.450  3957  4129 D WifiStateMachine:  ConnectedState !RSSI_PKTCNT_FETCH uid=1000 rt=602206035/1658181507 0 0 "ourhome" f4:6d:2f:12:cc:88 rssi=-42 f=5240 sc=60 link=433 tx=0.0, 0.0, 0.0  rx=5.9 bcn=588387 [on:0 tx:0 rx:0 period:999] from screen [on:93300 period:743118] score=60
10-22 19:29:59.451  3957  4129 D WifiStateMachine:  L2ConnectedState !RSSI_PKTCNT_FETCH uid=1000 rt=602206036/1658181509 0 0 "ourhome" f4:6d:2f:12:cc:88 rssi=-42 f=5240 sc=60 link=433 tx=0.0, 0.0, 0.0  rx=5.9 bcn=588387 [on:0 tx:0 rx:0 period:1] from screen [on:93300 period:743119] score=60
10-22 19:29:59.457  3957  4129 D WifiStateMachine: fetchRssiLinkSpeedAndFrequencyNative rssi=-42 linkspeed=433 freq=5240
10-22 19:29:59.457  3957  4129 V WifiConfigManager: Updating scan detail cache freq=5240 BSSID=f4:6d:2f:12:cc:88 RSSI=-42 for "ourhome"WPA_PSK
10-22 19:29:59.460 24256 24328 I BatteryMgr:DataCollectionService: stats => 1697995799460,-147,4160,-54,0,100
10-22 19:29:59.565 24256 24328 I BatteryMgr:DataCollectionService: stats => 1697995799565,-147,4160,-54,0,100
10-22 19:29:59.668 24256 24328 I BatteryMgr:DataCollectionService: stats => 1697995799668,-147,4160,-54,0,100
10-22 19:29:59.772 24256 24328 I BatteryMgr:DataCollectionService: stats => 1697995799772,-147,4160,-54,0,100
10-22 19:29:59.780  3957  4129 D WifiStateMachine:  ConnectedState !CMD_RSSI_POLL rt=602206365/1658181838 122 0 "ourhome" f4:6d:2f:12:cc:88 rssi=-42 f=5240 sc=60 link=433 tx=0.0, 0.0, 0.0  rx=5.9 bcn=588387 [on:0 tx:0 rx:0 period:329] from screen [on:93300 period:743448] score=60
10-22 19:29:59.781  3957  4129 D WifiStateMachine:  L2ConnectedState !CMD_RSSI_POLL rt=602206366/1658181839 122 0 "ourhome" f4:6d:2f:12:cc:88 rssi=-42 f=5240 sc=60 link=433 tx=0.0, 0.0, 0.0  rx=5.9 bcn=588387 [on:0 tx:0 rx:0 period:1] from screen [on:93300 period:743449] score=60
10-22 19:29:59.781  3957  4129 D WifiStateMachine:  get link layer stats 3
10-22 19:29:59.782  3436  3436 I android.hardware.wifi@1.0-service: getLinkLayerStats
10-22 19:29:59.799  3957  4129 D WifiStateMachine: fetchRssiLinkSpeedAndFrequencyNative rssi=-42 linkspeed=433 freq=5240
10-22 19:29:59.800  3957  4129 V WifiConfigManager: Updating scan detail cache freq=5240 BSSID=f4:6d:2f:12:cc:88 RSSI=-42 for "ourhome"WPA_PSK
10-22 19:29:59.802  4340  4340 E SignalClusterView: setSlotFocusVisible : subId -2
10-22 19:29:59.803  4340  4340 E SignalClusterView: setSlotFocusVisible : subId -2
10-22 19:29:59.877 24256 24328 I BatteryMgr:DataCollectionService: stats => 1697995799877,-147,4160,-54,0,100
10-22 19:29:59.982 24256 24328 I BatteryMgr:DataCollectionService: stats => 1697995799981,-147,4160,-54,0,100
10-22 19:30:00.000  3957  4045 D SamsungAlarmManager: Expired : 8
10-22 19:30:00.000  3957  4045 I SamsungAlarmManager: setLocked to kernel - T:3 / 20231022T193000, SetElapsed=1658182059, nowELAPSED=1658182058
10-22 19:30:00.000  3957  4045 V SamsungAlarmManager: Sending to uid : 1000 action=android.intent.action.TIME_TICK alarm=Alarm{e28a462 type 3 when 1658182058 android}
10-22 19:30:00.001  3957  4045 D SamsungAlarmManager: Expired : 8
10-22 19:30:00.002  3957  4045 V SamsungAlarmManager: Sending to uid : 10074 action=com.samsung.action.EVERY_MINUTE_CLOCK_UPDATE alarm=Alarm{f6e76b0 type 1 when 1697995800000 com.sec.android.app.launcher}
10-22 19:30:00.004  3957  3957 D SamsungAlarmManager: setExact Intent (T:3/F:1/AC:false) 20231022T193100 - CU:1000/CP:3957
10-22 19:30:00.004  3957  3957 I SamsungAlarmManager: setLocked to kernel - T:3 / 20231022T193100, SetElapsed=1658242058, nowELAPSED=1658182062
10-22 19:30:00.004  8695  8695 I Launcher: onReceive: com.samsung.action.EVERY_MINUTE_CLOCK_UPDATE
10-22 19:30:00.005  4340  4340 D KeyguardUpdateMonitor: received broadcast android.intent.action.TIME_TICK
10-22 19:30:00.006  4340  4340 D KeyguardServiceBoxContainer: refreshTime() 1
10-22 19:30:00.012  3957  8324 D SamsungAlarmManager: setInexact Intent (T:1/F:0/AC:false) 20231022T193100 - CU:10074/CP:8695
10-22 19:30:00.013  8695  8695 I IconView: applyFromShortcutInfo - start GetLive : com.samsung.android.calendar
10-22 19:30:00.013  8695  8695 I IconView: applyFromShortcutInfo - end GetLive : com.samsung.android.calendar
10-22 19:30:00.014  8695  8695 I IconView: applyFromApplicationInfo - start GetLive : com.sec.android.app.clockpackage
10-22 19:30:00.016  8695  8695 D ApplicationPackageManager: we has com.sec.android.app.clockpackage class. reuse it 
10-22 19:30:00.016  8695  8695 D LiveIconLoader: getLiveIcon was called in ClockPackage
10-22 19:30:00.018  8695  8695 D LiveIconLoader: getLiveIcon res = com.sec.android.app.clockpackage
10-22 19:30:00.021  8695  8695 D LiveIconLoader: stdIconSize : 84 , targetIconSize : 94
10-22 19:30:00.021  8695  8695 D LiveIconLoader: mIconDpi : 320 , mTargetIconDpi : 280
10-22 19:30:00.030  4340  4340 D KeyguardUpdateMonitor: handleStatusBarState( false )
10-22 19:30:00.032  8695  8695 I ApplicationPackageManager: load= live icon for com.sec.android.app.clockpackage, from overlay = false
10-22 19:30:00.033  8695  8695 I LiveIconManager: getLiveIcon: complete(sync_created)
10-22 19:30:00.033  8695  8695 I IconView: applyFromApplicationInfo - end GetLive : com.sec.android.app.clockpackage
10-22 19:30:00.033  8695  8695 I IconView: applyFromApplicationInfo - start GetLive : com.samsung.android.calendar
10-22 19:30:00.033  8695  8695 I IconView: applyFromApplicationInfo - end GetLive : com.samsung.android.calendar
10-22 19:30:00.062  4340  4340 D KeyguardUpdateMonitor: handleStatusBarState( false )
10-22 19:30:00.085 24256 24328 I BatteryMgr:DataCollectionService: stats => 1697995800085,-147,4160,-54,0,100
10-22 19:30:00.191 24256 24328 I BatteryMgr:DataCollectionService: stats => 1697995800191,-147,4160,-54,0,100
10-22 19:30:00.297 24256 24328 I BatteryMgr:DataCollectionService: stats => 1697995800297,-147,4160,-54,0,100
10-22 19:30:00.402 24256 24328 I BatteryMgr:DataCollectionService: stats => 1697995800402,-147,4160,-54,0,100
10-22 19:30:00.446  3957  4128 D WifiService: getConnectionInfo uid=1000
10-22 19:30:00.453  3957  4129 D WifiStateMachine:  ConnectedState !RSSI_PKTCNT_FETCH uid=1000 rt=602207037/1658182510 0 0 "ourhome" f4:6d:2f:12:cc:88 rssi=-42 f=5240 sc=60 link=433 tx=0.0, 0.0, 0.0  rx=4.1 bcn=588416 [on:0 tx:0 rx:0 period:651] from screen [on:93465 period:744121] score=60
10-22 19:30:00.454  3957  4129 D WifiStateMachine:  L2ConnectedState !RSSI_PKTCNT_FETCH uid=1000 rt=602207038/1658182511 0 0 "ourhome" f4:6d:2f:12:cc:88 rssi=-42 f=5240 sc=60 link=433 tx=0.0, 0.0, 0.0  rx=4.1 bcn=588416 [on:0 tx:0 rx:0 period:1] from screen [on:93465 period:744122] score=60
10-22 19:30:00.455  3957  4129 D WifiStateMachine: fetchRssiLinkSpeedAndFrequencyNative rssi=-43 linkspeed=433 freq=5240
10-22 19:30:00.455  3957  4129 V WifiConfigManager: Updating scan detail cache freq=5240 BSSID=f4:6d:2f:12:cc:88 RSSI=-42 for "ourhome"WPA_PSK
10-22 19:30:00.506 24256 24328 I BatteryMgr:DataCollectionService: stats => 1697995800506,-147,4160,-54,0,100
10-22 19:30:00.609 24256 24328 I BatteryMgr:DataCollectionService: stats => 1697995800609,-147,4160,-54,0,100
10-22 19:30:00.713 24256 24328 I BatteryMgr:DataCollectionService: stats => 1697995800713,-147,4160,-54,0,100
10-22 19:30:00.817 24256 24328 I BatteryMgr:DataCollectionService: stats => 1697995800817,-147,4160,-54,0,100
10-22 19:30:00.921 24256 24328 I BatteryMgr:DataCollectionService: stats => 1697995800921,-147,4160,-54,0,100
10-22 19:30:01.027 24256 24328 I BatteryMgr:DataCollectionService: stats => 1697995801027,-147,4160,-54,0,100
10-22 19:30:01.132 24256 24328 I BatteryMgr:DataCollectionService: stats => 1697995801132,-147,4160,-54,0,100
10-22 19:30:01.237 24256 24328 I BatteryMgr:DataCollectionService: stats => 1697995801237,-147,4160,-54,0,100
10-22 19:30:01.341 24256 24328 I BatteryMgr:DataCollectionService: stats => 1697995801341,-147,4160,-54,0,100
10-22 19:30:01.446 24256 24328 I BatteryMgr:DataCollectionService: stats => 1697995801446,-147,4160,-54,0,100
10-22 19:30:01.448  3957  4128 D WifiService: getConnectionInfo uid=1000
10-22 19:30:01.454  3957  4129 D WifiStateMachine:  ConnectedState !RSSI_PKTCNT_FETCH uid=1000 rt=602208038/1658183511 0 0 "ourhome" f4:6d:2f:12:cc:88 rssi=-43 f=5240 sc=60 link=433 tx=0.0, 0.0, 0.0  rx=4.1 bcn=588416 [on:0 tx:0 rx:0 period:1000] from screen [on:93465 period:745122] score=60
