10-22 19:47:15.874  3957  4129 D WifiStateMachine:  L2ConnectedState !RSSI_PKTCNT_FETCH uid=1000 rt=603242458/1659217931 0 0 "ourhome" f4:6d:2f:12:cc:88 rssi=-52 f=5240 sc=60 link=433 tx=1.0, 0.0, 0.0  rx=12.4 bcn=597686 [on:0 tx:0 rx:0 period:1] from screen [on:297633 period:1779542] score=60
10-22 19:47:15.880  3957  4129 D WifiStateMachine: fetchRssiLinkSpeedAndFrequencyNative rssi=-51 linkspeed=433 freq=5240
10-22 19:47:15.880  3957  4129 V WifiConfigManager: Updating scan detail cache freq=5240 BSSID=f4:6d:2f:12:cc:88 RSSI=-49 for "ourhome"WPA_PSK
10-22 19:47:15.923 27058 27387 I BatteryMgr:DataCollectionService: stats => 1697996835923,13,4160,-144,0,100
10-22 19:47:16.029 27058 27387 I BatteryMgr:DataCollectionService: stats => 1697996836029,13,4160,-144,0,100
10-22 19:47:16.055  3957  4416 E Watchdog: !@Sync 20100 [2023-10-22 19:47:16.055]
10-22 19:47:16.069  3957  4128 D WifiService: getConnectionInfo uid=1000
10-22 19:47:16.133 27058 27387 I BatteryMgr:DataCollectionService: stats => 1697996836133,13,4160,-144,0,100
10-22 19:47:16.238 27058 27387 I BatteryMgr:DataCollectionService: stats => 1697996836238,13,4160,-144,0,100
10-22 19:47:16.344 27058 27387 I BatteryMgr:DataCollectionService: stats => 1697996836344,13,4160,-144,0,100
10-22 19:47:16.451 27058 27387 I BatteryMgr:DataCollectionService: stats => 1697996836451,13,4160,-144,0,100
10-22 19:47:16.556 27058 27387 I BatteryMgr:DataCollectionService: stats => 1697996836556,13,4160,-144,0,100
10-22 19:47:16.663 27058 27387 I BatteryMgr:DataCollectionService: stats => 1697996836663,13,4160,-144,0,100
10-22 19:47:16.770 27058 27387 I BatteryMgr:DataCollectionService: stats => 1697996836770,13,4160,-144,0,100
10-22 19:47:16.874  3957  4129 D WifiStateMachine:  ConnectedState !RSSI_PKTCNT_FETCH uid=1000 rt=603243459/1659218931 0 0 "ourhome" f4:6d:2f:12:cc:88 rssi=-51 f=5240 sc=60 link=433 tx=1.0, 0.0, 0.0  rx=12.4 bcn=597686 [on:0 tx:0 rx:0 period:1000] from screen [on:297633 period:1780542] score=60
10-22 19:47:16.876  3957  4129 D WifiStateMachine:  L2ConnectedState !RSSI_PKTCNT_FETCH uid=1000 rt=603243460/1659218933 0 0 "ourhome" f4:6d:2f:12:cc:88 rssi=-51 f=5240 sc=60 link=433 tx=1.0, 0.0, 0.0  rx=12.4 bcn=597686 [on:0 tx:0 rx:0 period:2] from screen [on:297633 period:1780544] score=60
10-22 19:47:16.877 27058 27387 I BatteryMgr:DataCollectionService: stats => 1697996836877,13,4160,-144,0,100
10-22 19:47:16.881  3957  4129 D WifiStateMachine: fetchRssiLinkSpeedAndFrequencyNative rssi=-48 linkspeed=433 freq=5240
10-22 19:47:16.881  3957  4129 V WifiConfigManager: Updating scan detail cache freq=5240 BSSID=f4:6d:2f:12:cc:88 RSSI=-48 for "ourhome"WPA_PSK
10-22 19:47:16.989 27058 27387 I BatteryMgr:DataCollectionService: stats => 1697996836988,13,4160,-144,0,100
10-22 19:47:17.071  3957  4128 D WifiService: getConnectionInfo uid=1000
10-22 19:47:17.094 27058 27387 I BatteryMgr:DataCollectionService: stats => 1697996837094,13,4160,-144,0,100
10-22 19:47:17.204 27058 27387 I BatteryMgr:DataCollectionService: stats => 1697996837204,13,4160,-144,0,100
10-22 19:47:17.308 27058 27387 I BatteryMgr:DataCollectionService: stats => 1697996837308,13,4160,-144,0,100
10-22 19:47:17.413 27058 27387 I BatteryMgr:DataCollectionService: stats => 1697996837413,13,4160,-144,0,100
10-22 19:47:17.517 27058 27387 I BatteryMgr:DataCollectionService: stats => 1697996837517,13,4160,-144,0,100
10-22 19:47:17.565  9273  9310 D ScanRecord: Not a Multi Manu data
10-22 19:47:17.615  9273  9310 I chatty  : uid=1002(bluetooth) BT Service Call identical 53 lines
10-22 19:47:17.615  9273  9310 D ScanRecord: Not a Multi Manu data
10-22 19:47:17.623 27058 27387 I BatteryMgr:DataCollectionService: stats => 1697996837623,13,4160,-144,0,100
10-22 19:47:17.630  9273  9310 D ScanRecord: Not a Multi Manu data
10-22 19:47:17.723  9273  9310 I chatty  : uid=1002(bluetooth) BT Service Call identical 185 lines
10-22 19:47:17.723  9273  9310 D ScanRecord: Not a Multi Manu data
10-22 19:47:17.728 27058 27387 I BatteryMgr:DataCollectionService: stats => 1697996837728,13,4160,-144,0,100
10-22 19:47:17.729  9273  9310 D ScanRecord: Not a Multi Manu data
10-22 19:47:17.834  9273  9310 I chatty  : uid=1002(bluetooth) BT Service Call identical 163 lines
10-22 19:47:17.834  9273  9310 D ScanRecord: Not a Multi Manu data
10-22 19:47:17.835 27058 27387 I BatteryMgr:DataCollectionService: stats => 1697996837835,13,4160,-144,0,100
10-22 19:47:17.838  9273  9310 D ScanRecord: Not a Multi Manu data
10-22 19:47:17.870  9273  9310 I chatty  : uid=1002(bluetooth) BT Service Call identical 75 lines
10-22 19:47:17.870  9273  9310 D ScanRecord: Not a Multi Manu data
10-22 19:47:17.875  3957  4129 D WifiStateMachine:  ConnectedState !RSSI_PKTCNT_FETCH uid=1000 rt=603244459/1659219932 0 0 "ourhome" f4:6d:2f:12:cc:88 rssi=-48 f=5240 sc=60 link=433 tx=1.0, 0.0, 0.0  rx=12.4 bcn=597686 [on:0 tx:0 rx:0 period:999] from screen [on:297633 period:1781543] score=60
10-22 19:47:17.877  3957  4129 D WifiStateMachine:  L2ConnectedState !RSSI_PKTCNT_FETCH uid=1000 rt=603244461/1659219934 0 0 "ourhome" f4:6d:2f:12:cc:88 rssi=-48 f=5240 sc=60 link=433 tx=1.0, 0.0, 0.0  rx=12.4 bcn=597686 [on:0 tx:0 rx:0 period:2] from screen [on:297633 period:1781545] score=60
10-22 19:47:17.878  3957  4129 D WifiStateMachine: fetchRssiLinkSpeedAndFrequencyNative rssi=-47 linkspeed=433 freq=5240
10-22 19:47:17.878  3957  4129 V WifiConfigManager: Updating scan detail cache freq=5240 BSSID=f4:6d:2f:12:cc:88 RSSI=-47 for "ourhome"WPA_PSK
10-22 19:47:17.884  9273  9310 D ScanRecord: Not a Multi Manu data
10-22 19:47:17.931  9273  9310 I chatty  : uid=1002(bluetooth) BT Service Call identical 97 lines
10-22 19:47:17.931  9273  9310 D ScanRecord: Not a Multi Manu data
10-22 19:47:17.939 27058 27387 I BatteryMgr:DataCollectionService: stats => 1697996837939,13,4160,-144,0,100
10-22 19:47:17.946  9273  9310 D ScanRecord: Not a Multi Manu data
10-22 19:47:18.038  9273  9310 I chatty  : uid=1002(bluetooth) BT Service Call identical 163 lines
10-22 19:47:18.038  9273  9310 D ScanRecord: Not a Multi Manu data
10-22 19:47:18.044 27058 27387 I BatteryMgr:DataCollectionService: stats => 1697996838044,13,4160,-144,0,100
10-22 19:47:18.047  9273  9310 D ScanRecord: Not a Multi Manu data
10-22 19:47:18.054  9273  9310 I chatty  : uid=1002(bluetooth) BT Service Call identical 20 lines
10-22 19:47:18.054  9273  9310 D ScanRecord: Not a Multi Manu data
10-22 19:47:18.072  3957  4128 D WifiService: getConnectionInfo uid=1000
10-22 19:47:18.149 27058 27387 I BatteryMgr:DataCollectionService: stats => 1697996838148,13,4160,-144,0,100
10-22 19:47:18.256 27058 27387 I BatteryMgr:DataCollectionService: stats => 1697996838256,13,4160,-144,0,100
10-22 19:47:18.361 27058 27387 I BatteryMgr:DataCollectionService: stats => 1697996838361,13,4160,-144,0,100
10-22 19:47:18.467 27058 27387 I BatteryMgr:DataCollectionService: stats => 1697996838467,13,4160,-144,0,100
10-22 19:47:18.573 27058 27387 I BatteryMgr:DataCollectionService: stats => 1697996838573,13,4160,-144,0,100
10-22 19:47:18.635  3957  4129 D WifiStateMachine:  ConnectedState !CMD_RSSI_POLL rt=603245219/1659220692 122 0 "ourhome" f4:6d:2f:12:cc:88 rssi=-47 f=5240 sc=60 link=433 tx=1.0, 0.0, 0.0  rx=12.4 bcn=597686 [on:0 tx:0 rx:0 period:758] from screen [on:297633 period:1782303] score=60
10-22 19:47:18.636  3957  4129 D WifiStateMachine:  L2ConnectedState !CMD_RSSI_POLL rt=603245221/1659220693 122 0 "ourhome" f4:6d:2f:12:cc:88 rssi=-47 f=5240 sc=60 link=433 tx=1.0, 0.0, 0.0  rx=12.4 bcn=597686 [on:0 tx:0 rx:0 period:1] from screen [on:297633 period:1782304] score=60
10-22 19:47:18.636  3957  4129 D WifiStateMachine:  get link layer stats 3
10-22 19:47:18.637  3436  3436 I android.hardware.wifi@1.0-service: getLinkLayerStats
10-22 19:47:18.654  3957  4129 D WifiStateMachine: fetchRssiLinkSpeedAndFrequencyNative rssi=-47 linkspeed=433 freq=5240
10-22 19:47:18.654  3957  4129 V WifiConfigManager: Updating scan detail cache freq=5240 BSSID=f4:6d:2f:12:cc:88 RSSI=-47 for "ourhome"WPA_PSK
10-22 19:47:18.657  4340  4340 E SignalClusterView: setSlotFocusVisible : subId -2
10-22 19:47:18.657  4340  4340 E SignalClusterView: setSlotFocusVisible : subId -2
10-22 19:47:18.679 27058 27387 I BatteryMgr:DataCollectionService: stats => 1697996838678,13,4160,-144,0,100
10-22 19:47:18.783 27058 27387 I BatteryMgr:DataCollectionService: stats => 1697996838783,13,4160,-144,0,100
10-22 19:47:18.875  3957  4129 D WifiStateMachine:  ConnectedState !RSSI_PKTCNT_FETCH uid=1000 rt=603245460/1659220932 0 0 "ourhome" f4:6d:2f:12:cc:88 rssi=-47 f=5240 sc=60 link=433 tx=0.4, 0.0, 0.0  rx=4.5 bcn=597714 [on:0 tx:0 rx:0 period:219] from screen [on:297694 period:1782543] score=60
10-22 19:47:18.876  3957  4129 D WifiStateMachine:  L2ConnectedState !RSSI_PKTCNT_FETCH uid=1000 rt=603245461/1659220934 0 0 "ourhome" f4:6d:2f:12:cc:88 rssi=-47 f=5240 sc=60 link=433 tx=0.4, 0.0, 0.0  rx=4.5 bcn=597714 [on:0 tx:0 rx:0 period:1] from screen [on:297694 period:1782544] score=60
10-22 19:47:18.878  3957  4129 D WifiStateMachine: fetchRssiLinkSpeedAndFrequencyNative rssi=-47 linkspeed=433 freq=5240
10-22 19:47:18.878  3957  4129 V WifiConfigManager: Updating scan detail cache freq=5240 BSSID=f4:6d:2f:12:cc:88 RSSI=-47 for "ourhome"WPA_PSK
10-22 19:47:18.890 27058 27387 I BatteryMgr:DataCollectionService: stats => 1697996838890,13,4160,-144,0,100
10-22 19:47:18.996 27058 27387 I BatteryMgr:DataCollectionService: stats => 1697996838996,13,4160,-144,0,100
10-22 19:47:19.075  3957  4128 D WifiService: getConnectionInfo uid=1000
10-22 19:47:19.100 27058 27387 I BatteryMgr:DataCollectionService: stats => 1697996839100,13,4160,-144,0,100
10-22 19:47:19.205 27058 27387 I BatteryMgr:DataCollectionService: stats => 1697996839205,13,4160,-144,0,100
10-22 19:47:19.311 27058 27387 I BatteryMgr:DataCollectionService: stats => 1697996839311,13,4160,-144,0,100
10-22 19:47:19.416 27058 27387 I BatteryMgr:DataCollectionService: stats => 1697996839416,13,4160,-144,0,100
10-22 19:47:19.522 27058 27387 I BatteryMgr:DataCollectionService: stats => 1697996839522,13,4160,-144,0,100
10-22 19:47:19.628 27058 27387 I BatteryMgr:DataCollectionService: stats => 1697996839628,13,4160,-144,0,100
10-22 19:47:19.630  4961  4961 D io_stats: !@ 179,0 r 10141864 332938280 w 2161225 42300452 d 174122 37264492 f 640263 665739 iot 4637708 3996275 th 51200 0 0 pt 0 inp 0 0 603246.215
10-22 19:47:19.735 27058 27387 I BatteryMgr:DataCollectionService: stats => 1697996839735,13,4160,-144,0,100
10-22 19:47:19.835 27103 27114 I zygote64: Background concurrent copying GC freed 215882(6MB) AllocSpace objects, 0(0B) LOS objects, 49% free, 5MB/11MB, paused 2.308ms total 148.164ms
10-22 19:47:19.841 27058 27387 I BatteryMgr:DataCollectionService: stats => 1697996839841,13,4160,-144,0,100
10-22 19:47:19.875  3957  4129 D WifiStateMachine:  ConnectedState !RSSI_PKTCNT_FETCH uid=1000 rt=603246460/1659221933 0 0 "ourhome" f4:6d:2f:12:cc:88 rssi=-47 f=5240 sc=60 link=433 tx=0.4, 0.0, 0.0  rx=4.5 bcn=597714 [on:0 tx:0 rx:0 period:999] from screen [on:297694 period:1783543] score=60
10-22 19:47:19.876  3957  4129 D WifiStateMachine:  L2ConnectedState !RSSI_PKTCNT_FETCH uid=1000 rt=603246461/1659221933 0 0 "ourhome" f4:6d:2f:12:cc:88 rssi=-47 f=5240 sc=60 link=433 tx=0.4, 0.0, 0.0  rx=4.5 bcn=597714 [on:0 tx:0 rx:0 period:1] from screen [on:297694 period:1783544] score=60
10-22 19:47:19.882  3957  4129 D WifiStateMachine: fetchRssiLinkSpeedAndFrequencyNative rssi=-45 linkspeed=433 freq=5240
10-22 19:47:19.882  3957  4129 V WifiConfigManager: Updating scan detail cache freq=5240 BSSID=f4:6d:2f:12:cc:88 RSSI=-45 for "ourhome"WPA_PSK
10-22 19:47:19.948 27058 27387 I BatteryMgr:DataCollectionService: stats => 1697996839948,13,4160,-144,0,100
10-22 19:47:20.053 27058 27387 I BatteryMgr:DataCollectionService: stats => 1697996840053,13,4160,-144,0,100
10-22 19:47:20.075  3957  4128 D WifiService: getConnectionInfo uid=1000
10-22 19:47:20.158 27058 27387 I BatteryMgr:DataCollectionService: stats => 1697996840158,13,4160,-144,0,100
10-22 19:47:20.263 27058 27387 I BatteryMgr:DataCollectionService: stats => 1697996840262,13,4160,-144,0,100
10-22 19:47:20.368 27058 27387 I BatteryMgr:DataCollectionService: stats => 1697996840367,13,4160,-144,0,100
10-22 19:47:20.473 27058 27387 I BatteryMgr:DataCollectionService: stats => 1697996840473,13,4160,-144,0,100
10-22 19:47:20.579 27058 27387 I BatteryMgr:DataCollectionService: stats => 1697996840579,13,4160,-144,0,100
10-22 19:47:20.684 27058 27387 I BatteryMgr:DataCollectionService: stats => 1697996840684,13,4160,-144,0,100
10-22 19:47:20.790 27058 27387 I BatteryMgr:DataCollectionService: stats => 1697996840789,13,4160,-144,0,100
10-22 19:47:20.877  3957  4129 D WifiStateMachine:  ConnectedState !RSSI_PKTCNT_FETCH uid=1000 rt=603247462/1659222934 0 0 "ourhome" f4:6d:2f:12:cc:88 rssi=-45 f=5240 sc=60 link=433 tx=0.4, 0.0, 0.0  rx=4.5 bcn=597714 [on:0 tx:0 rx:0 period:1001] from screen [on:297694 period:1784545] score=60
10-22 19:47:20.878  3957  4129 D WifiStateMachine:  L2ConnectedState !RSSI_PKTCNT_FETCH uid=1000 rt=603247463/1659222935 0 0 "ourhome" f4:6d:2f:12:cc:88 rssi=-45 f=5240 sc=60 link=433 tx=0.4, 0.0, 0.0  rx=4.5 bcn=597714 [on:0 tx:0 rx:0 period:1] from screen [on:297694 period:1784546] score=60
10-22 19:47:20.885  3957  4129 D WifiStateMachine: fetchRssiLinkSpeedAndFrequencyNative rssi=-46 linkspeed=433 freq=5240
10-22 19:47:20.885  3957  4129 V WifiConfigManager: Updating scan detail cache freq=5240 BSSID=f4:6d:2f:12:cc:88 RSSI=-45 for "ourhome"WPA_PSK
10-22 19:47:20.896 27058 27387 I BatteryMgr:DataCollectionService: stats => 1697996840896,13,4160,-144,0,100
10-22 19:47:21.002 27058 27387 I BatteryMgr:DataCollectionService: stats => 1697996841002,13,4160,-144,0,100
10-22 19:47:21.077  3957  4128 D WifiService: getConnectionInfo uid=1000
10-22 19:47:21.109 27058 27387 I BatteryMgr:DataCollectionService: stats => 1697996841109,13,4160,-144,0,100
10-22 19:47:21.214 27058 27387 I BatteryMgr:DataCollectionService: stats => 1697996841214,13,4160,-144,0,100
10-22 19:47:21.320 27058 27387 I BatteryMgr:DataCollectionService: stats => 1697996841320,13,4160,-144,0,100
10-22 19:47:21.425 27058 27387 I BatteryMgr:DataCollectionService: stats => 1697996841425,13,4160,-144,0,100
10-22 19:47:21.533 27058 27387 I BatteryMgr:DataCollectionService: stats => 1697996841533,13,4160,-144,0,100
10-22 19:47:21.637 27058 27387 I BatteryMgr:DataCollectionService: stats => 1697996841637,13,4160,-144,0,100
10-22 19:47:21.656  3957  4129 D WifiStateMachine:  ConnectedState !CMD_RSSI_POLL rt=603248241/1659223714 122 0 "ourhome" f4:6d:2f:12:cc:88 rssi=-46 f=5240 sc=60 link=433 tx=0.4, 0.0, 0.0  rx=4.5 bcn=597714 [on:0 tx:0 rx:0 period:778] from screen [on:297694 period:1785324] score=60
10-22 19:47:21.657  3957  4129 D WifiStateMachine:  L2ConnectedState !CMD_RSSI_POLL rt=603248242/1659223715 122 0 "ourhome" f4:6d:2f:12:cc:88 rssi=-46 f=5240 sc=60 link=433 tx=0.4, 0.0, 0.0  rx=4.5 bcn=597714 [on:0 tx:0 rx:0 period:1] from screen [on:297694 period:1785325] score=60
10-22 19:47:21.657  3957  4129 D WifiStateMachine:  get link layer stats 3
10-22 19:47:21.658  3436  3436 I android.hardware.wifi@1.0-service: getLinkLayerStats
10-22 19:47:21.661  3957  4129 D WifiStateMachine: fetchRssiLinkSpeedAndFrequencyNative rssi=-46 linkspeed=433 freq=5240
10-22 19:47:21.661  3957  4129 V WifiConfigManager: Updating scan detail cache freq=5240 BSSID=f4:6d:2f:12:cc:88 RSSI=-45 for "ourhome"WPA_PSK
10-22 19:47:21.665  4340  4340 E SignalClusterView: setSlotFocusVisible : subId -2
10-22 19:47:21.665  4340  4340 E SignalClusterView: setSlotFocusVisible : subId -2
10-22 19:47:21.743 27058 27387 I BatteryMgr:DataCollectionService: stats => 1697996841743,13,4160,-144,0,100
10-22 19:47:21.847 27058 27387 I BatteryMgr:DataCollectionService: stats => 1697996841847,13,4160,-144,0,100
10-22 19:47:21.877  3957  4129 D WifiStateMachine:  ConnectedState !RSSI_PKTCNT_FETCH uid=1000 rt=603248462/1659223934 0 0 "ourhome" f4:6d:2f:12:cc:88 rssi=-46 f=5240 sc=60 link=433 tx=2.0, 0.0, 0.0  rx=3.6 bcn=597743 [on:0 tx:0 rx:0 period:214] from screen [on:298366 period:1785545] score=60
10-22 19:47:21.878  3957  4129 D WifiStateMachine:  L2ConnectedState !RSSI_PKTCNT_FETCH uid=1000 rt=603248463/1659223935 0 0 "ourhome" f4:6d:2f:12:cc:88 rssi=-46 f=5240 sc=60 link=433 tx=2.0, 0.0, 0.0  rx=3.6 bcn=597743 [on:0 tx:0 rx:0 period:1] from screen [on:298366 period:1785546] score=60
10-22 19:47:21.879  3957  4129 D WifiStateMachine: fetchRssiLinkSpeedAndFrequencyNative rssi=-47 linkspeed=433 freq=5240
10-22 19:47:21.879  3957  4129 V WifiConfigManager: Updating scan detail cache freq=5240 BSSID=f4:6d:2f:12:cc:88 RSSI=-46 for "ourhome"WPA_PSK
10-22 19:47:21.952 27058 27387 I BatteryMgr:DataCollectionService: stats => 1697996841952,13,4160,-144,0,100
10-22 19:47:22.059 27058 27387 I BatteryMgr:DataCollectionService: stats => 1697996842059,13,4160,-144,0,100
10-22 19:47:22.079  3957  4128 D WifiService: getConnectionInfo uid=1000
10-22 19:47:22.166 27058 27387 I BatteryMgr:DataCollectionService: stats => 1697996842166,13,4160,-144,0,100
10-22 19:47:22.260  3957  4030 D SensorService: [SO] 0.196 -0.091 9.969
10-22 19:47:22.272 27058 27387 I BatteryMgr:DataCollectionService: stats => 1697996842272,13,4160,-144,0,100
10-22 19:47:22.376 27058 27387 I BatteryMgr:DataCollectionService: stats => 1697996842376,13,4160,-144,0,100
10-22 19:47:22.481 27058 27387 I BatteryMgr:DataCollectionService: stats => 1697996842481,13,4160,-144,0,100
10-22 19:47:22.578  9273  9310 D ScanRecord: Not a Multi Manu data
10-22 19:47:22.578  9273  9310 I chatty  : uid=1002(bluetooth) BT Service Call identical 9 lines
10-22 19:47:22.578  9273  9310 D ScanRecord: Not a Multi Manu data
10-22 19:47:22.586 27058 27387 I BatteryMgr:DataCollectionService: stats => 1697996842586,13,4160,-144,0,100
10-22 19:47:22.595  9273  9310 D ScanRecord: Not a Multi Manu data
10-22 19:47:22.668  9273  9310 I chatty  : uid=1002(bluetooth) BT Service Call identical 97 lines
10-22 19:47:22.668  9273  9310 D ScanRecord: Not a Multi Manu data
10-22 19:47:22.691 27058 27387 I BatteryMgr:DataCollectionService: stats => 1697996842691,13,4160,-144,0,100
10-22 19:47:22.704  9273  9310 D ScanRecord: Not a Multi Manu data
10-22 19:47:22.778  9273  9310 I chatty  : uid=1002(bluetooth) BT Service Call identical 152 lines
10-22 19:47:22.778  9273  9310 D ScanRecord: Not a Multi Manu data
10-22 19:47:22.796 27058 27387 I BatteryMgr:DataCollectionService: stats => 1697996842796,13,4160,-144,0,100
10-22 19:47:22.797  9273  9310 D ScanRecord: Not a Multi Manu data
10-22 19:47:22.879  3957  4129 D WifiStateMachine:  ConnectedState !RSSI_PKTCNT_FETCH uid=1000 rt=603249463/1659224936 0 0 "ourhome" f4:6d:2f:12:cc:88 rssi=-47 f=5240 sc=60 link=433 tx=2.0, 0.0, 0.0  rx=3.6 bcn=597743 [on:0 tx:0 rx:0 period:1001] from screen [on:298366 period:1786547] score=60
10-22 19:47:22.879  9273  9310 I chatty  : uid=1002(bluetooth) BT Service Call expire 141 lines
10-22 19:47:22.879  9273  9310 D ScanRecord: Not a Multi Manu data
10-22 19:47:22.880  3957  4129 D WifiStateMachine:  L2ConnectedState !RSSI_PKTCNT_FETCH uid=1000 rt=603249464/1659224937 0 0 "ourhome" f4:6d:2f:12:cc:88 rssi=-47 f=5240 sc=60 link=433 tx=2.0, 0.0, 0.0  rx=3.6 bcn=597743 [on:0 tx:0 rx:0 period:1] from screen [on:298366 period:1786548] score=60
10-22 19:47:22.881  3957  4129 D WifiStateMachine: fetchRssiLinkSpeedAndFrequencyNative rssi=-47 linkspeed=433 freq=5240
10-22 19:47:22.881  3957  4129 V WifiConfigManager: Updating scan detail cache freq=5240 BSSID=f4:6d:2f:12:cc:88 RSSI=-46 for "ourhome"WPA_PSK
10-22 19:47:22.885  9273  9310 D ScanRecord: Not a Multi Manu data
10-22 19:47:22.892  9273  9310 I chatty  : uid=1002(bluetooth) BT Service Call identical 31 lines
10-22 19:47:22.892  9273  9310 D ScanRecord: Not a Multi Manu data
10-22 19:47:22.903 27058 27387 I BatteryMgr:DataCollectionService: stats => 1697996842903,13,4160,-144,0,100
10-22 19:47:22.928  9273  9310 D ScanRecord: Not a Multi Manu data
10-22 19:47:22.987  9273  9310 I chatty  : uid=1002(bluetooth) BT Service Call identical 86 lines
10-22 19:47:22.987  9273  9310 D ScanRecord: Not a Multi Manu data
10-22 19:47:23.008 27058 27387 I BatteryMgr:DataCollectionService: stats => 1697996843008,13,4160,-144,0,100
10-22 19:47:23.040  9273  9310 D ScanRecord: Not a Multi Manu data
10-22 19:47:23.054  9273  9310 I chatty  : uid=1002(bluetooth) BT Service Call identical 31 lines
10-22 19:47:23.054  9273  9310 D ScanRecord: Not a Multi Manu data
10-22 19:47:23.080  3957  4128 D WifiService: getConnectionInfo uid=1000
10-22 19:47:23.113 27058 27387 I BatteryMgr:DataCollectionService: stats => 1697996843113,13,4160,-144,0,100
10-22 19:47:23.218 27058 27387 I BatteryMgr:DataCollectionService: stats => 1697996843218,13,4160,-144,0,100
10-22 19:47:23.326 27058 27387 I BatteryMgr:DataCollectionService: stats => 1697996843326,13,4160,-144,0,100
10-22 19:47:23.433 27058 27387 I BatteryMgr:DataCollectionService: stats => 1697996843433,13,4160,-144,0,100
10-22 19:47:23.538 27058 27387 I BatteryMgr:DataCollectionService: stats => 1697996843538,13,4160,-144,0,100
10-22 19:47:23.644 27058 27387 I BatteryMgr:DataCollectionService: stats => 1697996843644,13,4160,-144,0,100
10-22 19:47:23.750 27058 27387 I BatteryMgr:DataCollectionService: stats => 1697996843750,13,4160,-144,0,100
10-22 19:47:23.856 27058 27387 I BatteryMgr:DataCollectionService: stats => 1697996843856,-48,4160,-66,0,100
10-22 19:47:23.879  3957  4129 D WifiStateMachine:  ConnectedState !RSSI_PKTCNT_FETCH uid=1000 rt=603250464/1659225936 0 0 "ourhome" f4:6d:2f:12:cc:88 rssi=-47 f=5240 sc=60 link=433 tx=2.0, 0.0, 0.0  rx=3.6 bcn=597743 [on:0 tx:0 rx:0 period:999] from screen [on:298366 period:1787547] score=60
10-22 19:47:23.880  3957  4129 D WifiStateMachine:  L2ConnectedState !RSSI_PKTCNT_FETCH uid=1000 rt=603250465/1659225937 0 0 "ourhome" f4:6d:2f:12:cc:88 rssi=-47 f=5240 sc=60 link=433 tx=2.0, 0.0, 0.0  rx=3.6 bcn=597743 [on:0 tx:0 rx:0 period:1] from screen [on:298366 period:1787548] score=60
10-22 19:47:23.886  3957  4129 D WifiStateMachine: fetchRssiLinkSpeedAndFrequencyNative rssi=-47 linkspeed=433 freq=5240
10-22 19:47:23.886  3957  4129 V WifiConfigManager: Updating scan detail cache freq=5240 BSSID=f4:6d:2f:12:cc:88 RSSI=-46 for "ourhome"WPA_PSK
10-22 19:47:23.961 27058 27387 I BatteryMgr:DataCollectionService: stats => 1697996843961,-48,4160,-66,0,100
10-22 19:47:23.983  3957  6478 D SSRM:k  : SIOP:: AP = 450, PST = 397 (W:10), BAT = 293, USB = 0, CHG = 0
10-22 19:47:23.998  3957  6478 D ac      : broadcastSiopLevelIntent:: currentSiopLevel = 0
10-22 19:47:24.005  3957  6478 D WifiService: getConnectionInfo uid=1000
10-22 19:47:24.013 14173 14173 I [SC]SCloudReceiver: onReceive: com.samsung.intent.action.CHECK_SIOP_LEVEL
10-22 19:47:24.014  3957  6478 I SensorService: createSensorEventConnection package name f.z
10-22 19:47:24.015  3957  6478 D SensorService: Calling batch handle==3 flags=0 rate=200000000 timeout== 0
10-22 19:47:24.015  3434  4028 I Sensors : ProximitySensor:enable: handle 3, en 1, old_en 0
10-22 19:47:24.017 14173 14173 I [SC]DetectorReceiver: onReceive [com.samsung.intent.action.CHECK_SIOP_LEVEL]
10-22 19:47:24.020 14173 14173 I [SC]AccountUtil: Samsung Account Not Logged in
10-22 19:47:24.066 27058 27387 I BatteryMgr:DataCollectionService: stats => 1697996844066,-48,4160,-66,0,100
10-22 19:47:24.073  3957  6478 D SensorManager: registerListener :: 3, STK3013 Proximity, 200000, 0,  
10-22 19:47:24.074  3434  4028 I Sensors : ProximitySensor:readEvents: value 8(cm)
10-22 19:47:24.075  3957  3957 D SensorManager: Proximity, val = 8.0  [far]
10-22 19:47:24.076  3957  3957 D SensorService: Calling activate off 3
10-22 19:47:24.076  3434  3434 I Sensors : ProximitySensor:enable: handle 3, en 0, old_en 1
10-22 19:47:24.077  3957  3957 D SensorManager: unregisterListener ::   
10-22 19:47:24.082  3957  4128 D WifiService: getConnectionInfo uid=1000
10-22 19:47:24.171 27058 27387 I BatteryMgr:DataCollectionService: stats => 1697996844171,-48,4160,-66,0,100
10-22 19:47:24.267  3957  5414 D BatteryService: !@BatteryListener : batteryPropertiesChanged!
10-22 19:47:24.276 27058 27387 I BatteryMgr:DataCollectionService: stats => 1697996844276,-48,4160,-66,0,100
10-22 19:47:24.381 27058 27387 I BatteryMgr:DataCollectionService: stats => 1697996844381,-48,4160,-66,0,100
10-22 19:47:24.487 27058 27387 I BatteryMgr:DataCollectionService: stats => 1697996844487,-48,4160,-66,0,100
10-22 19:47:24.593 27058 27387 I BatteryMgr:DataCollectionService: stats => 1697996844593,-48,4160,-66,0,100
10-22 19:47:24.632  4961  4961 D io_stats: !@ 179,0 r 10141880 332938488 w 2161228 42300528 d 174122 37264492 f 640264 665740 iot 4637708 3996281 th 51200 0 0 pt 0 inp 0 0 603251.217
10-22 19:47:24.663  3957  4129 D WifiStateMachine:  ConnectedState !CMD_RSSI_POLL rt=603251248/1659226720 122 0 "ourhome" f4:6d:2f:12:cc:88 rssi=-47 f=5240 sc=60 link=433 tx=2.0, 0.0, 0.0  rx=3.6 bcn=597743 [on:0 tx:0 rx:0 period:783] from screen [on:298366 period:1788331] score=60
10-22 19:47:24.664  3957  4129 D WifiStateMachine:  L2ConnectedState !CMD_RSSI_POLL rt=603251249/1659226721 122 0 "ourhome" f4:6d:2f:12:cc:88 rssi=-47 f=5240 sc=60 link=433 tx=2.0, 0.0, 0.0  rx=3.6 bcn=597743 [on:0 tx:0 rx:0 period:1] from screen [on:298366 period:1788332] score=60
10-22 19:47:24.664  3957  4129 D WifiStateMachine:  get link layer stats 3
10-22 19:47:24.664  3436  3436 I android.hardware.wifi@1.0-service: getLinkLayerStats
10-22 19:47:24.683  3957  4129 D WifiStateMachine: fetchRssiLinkSpeedAndFrequencyNative rssi=-47 linkspeed=433 freq=5240
10-22 19:47:24.683  3957  4129 V WifiConfigManager: Updating scan detail cache freq=5240 BSSID=f4:6d:2f:12:cc:88 RSSI=-46 for "ourhome"WPA_PSK
10-22 19:47:24.687  4340  4340 E SignalClusterView: setSlotFocusVisible : subId -2
10-22 19:47:24.687  4340  4340 E SignalClusterView: setSlotFocusVisible : subId -2
10-22 19:47:24.698 27058 27387 I BatteryMgr:DataCollectionService: stats => 1697996844698,-48,4160,-66,0,100
10-22 19:47:24.804 27058 27387 I BatteryMgr:DataCollectionService: stats => 1697996844804,-48,4160,-66,0,100
10-22 19:47:24.880  3957  4129 D WifiStateMachine:  ConnectedState !RSSI_PKTCNT_FETCH uid=1000 rt=603251465/1659226937 0 0 "ourhome" f4:6d:2f:12:cc:88 rssi=-47 f=5240 sc=60 link=433 tx=1.4, 0.0, 0.0  rx=1.9 bcn=597771 [on:0 tx:0 rx:0 period:194] from screen [on:299378 period:1788548] score=60
10-22 19:47:24.882  3957  4129 D WifiStateMachine:  L2ConnectedState !RSSI_PKTCNT_FETCH uid=1000 rt=603251466/1659226938 0 0 "ourhome" f4:6d:2f:12:cc:88 rssi=-47 f=5240 sc=60 link=433 tx=1.4, 0.0, 0.0  rx=1.9 bcn=597771 [on:0 tx:0 rx:0 period:2] from screen [on:299378 period:1788550] score=60
10-22 19:47:24.888  3957  4129 D WifiStateMachine: fetchRssiLinkSpeedAndFrequencyNative rssi=-47 linkspeed=433 freq=5240
10-22 19:47:24.888  3957  4129 V WifiConfigManager: Updating scan detail cache freq=5240 BSSID=f4:6d:2f:12:cc:88 RSSI=-46 for "ourhome"WPA_PSK
10-22 19:47:24.911 27058 27387 I BatteryMgr:DataCollectionService: stats => 1697996844911,-48,4160,-66,0,100
10-22 19:47:25.016 27058 27387 I BatteryMgr:DataCollectionService: stats => 1697996845016,-48,4160,-66,0,100
10-22 19:47:25.084  3957  4128 D WifiService: getConnectionInfo uid=1000
10-22 19:47:25.123 27058 27387 I BatteryMgr:DataCollectionService: stats => 1697996845123,-48,4160,-66,0,100
10-22 19:47:25.229 27058 27387 I BatteryMgr:DataCollectionService: stats => 1697996845229,-48,4160,-66,0,100
10-22 19:47:25.334 27058 27387 I BatteryMgr:DataCollectionService: stats => 1697996845334,-48,4160,-66,0,100
10-22 19:47:25.440 27058 27387 I BatteryMgr:DataCollectionService: stats => 1697996845440,-48,4160,-66,0,100
10-22 19:47:25.544 27058 27387 I BatteryMgr:DataCollectionService: stats => 1697996845544,-48,4160,-66,0,100
10-22 19:47:25.649 27058 27387 I BatteryMgr:DataCollectionService: stats => 1697996845649,-48,4160,-66,0,100
10-22 19:47:25.755 27058 27387 I BatteryMgr:DataCollectionService: stats => 1697996845755,-48,4160,-66,0,100
10-22 19:47:25.859 27058 27387 I BatteryMgr:DataCollectionService: stats => 1697996845859,-48,4160,-66,0,100
10-22 19:47:25.882  3957  4129 D WifiStateMachine:  ConnectedState !RSSI_PKTCNT_FETCH uid=1000 rt=603252467/1659227939 0 0 "ourhome" f4:6d:2f:12:cc:88 rssi=-47 f=5240 sc=60 link=433 tx=1.4, 0.0, 0.0  rx=1.9 bcn=597771 [on:0 tx:0 rx:0 period:1000] from screen [on:299378 period:1789550] score=60
10-22 19:47:25.883  3957  4129 D WifiStateMachine:  L2ConnectedState !RSSI_PKTCNT_FETCH uid=1000 rt=603252468/1659227940 0 0 "ourhome" f4:6d:2f:12:cc:88 rssi=-47 f=5240 sc=60 link=433 tx=1.4, 0.0, 0.0  rx=1.9 bcn=597771 [on:0 tx:0 rx:0 period:1] from screen [on:299378 period:1789551] score=60
10-22 19:47:25.889  3957  4129 D WifiStateMachine: fetchRssiLinkSpeedAndFrequencyNative rssi=-47 linkspeed=433 freq=5240
10-22 19:47:25.889  3957  4129 V WifiConfigManager: Updating scan detail cache freq=5240 BSSID=f4:6d:2f:12:cc:88 RSSI=-46 for "ourhome"WPA_PSK
10-22 19:47:25.966 27058 27387 I BatteryMgr:DataCollectionService: stats => 1697996845966,-48,4160,-66,0,100
10-22 19:47:26.071 27058 27387 I BatteryMgr:DataCollectionService: stats => 1697996846071,-48,4160,-66,0,100
10-22 19:47:26.086  3957  4128 D WifiService: getConnectionInfo uid=1000
10-22 19:47:26.176 27058 27387 I BatteryMgr:DataCollectionService: stats => 1697996846175,-48,4160,-66,0,100
10-22 19:47:26.279 27058 27387 I BatteryMgr:DataCollectionService: stats => 1697996846279,-48,4160,-66,0,100
10-22 19:47:26.384 27058 27387 I BatteryMgr:DataCollectionService: stats => 1697996846384,-48,4160,-66,0,100
10-22 19:47:26.492 27058 27387 I BatteryMgr:DataCollectionService: stats => 1697996846491,-48,4160,-66,0,100
10-22 19:47:26.598 27058 27387 I BatteryMgr:DataCollectionService: stats => 1697996846598,-48,4160,-66,0,100
10-22 19:47:26.704 27058 27387 I BatteryMgr:DataCollectionService: stats => 1697996846704,-48,4160,-66,0,100
10-22 19:47:26.754  3957  3980 W StorageManager: getStorageFullBytes DEFAULT_FULL_THRESHOLD_BYTES : 20971520, threadhold : 20971520
10-22 19:47:26.755  3957  3980 W StorageManager: getStorageLowBytes lowPercent : 5, lowBytes : 1260145254, maxLowBytes : 524288000
10-22 19:47:26.758  3957  3980 W DeviceStorageMonitorService: updateBroadcasts(/data) oldLevel:0, newLevel:0, seq:1
10-22 19:47:26.759  3957  3980 W DeviceStorageMonitorService: updateBroadcasts_filenode(/data) fn_oldLevel:0, fn_newLevel:0, seq:1
10-22 19:47:26.810 27058 27387 I BatteryMgr:DataCollectionService: stats => 1697996846810,-48,4160,-66,0,100
10-22 19:47:26.883  3957  4129 D WifiStateMachine:  ConnectedState !RSSI_PKTCNT_FETCH uid=1000 rt=603253468/1659228940 0 0 "ourhome" f4:6d:2f:12:cc:88 rssi=-47 f=5240 sc=60 link=433 tx=1.4, 0.0, 0.0  rx=1.9 bcn=597771 [on:0 tx:0 rx:0 period:1000] from screen [on:299378 period:1790551] score=60
10-22 19:47:26.884  3957  4129 D WifiStateMachine:  L2ConnectedState !RSSI_PKTCNT_FETCH uid=1000 rt=603253469/1659228942 0 0 "ourhome" f4:6d:2f:12:cc:88 rssi=-47 f=5240 sc=60 link=433 tx=1.4, 0.0, 0.0  rx=1.9 bcn=597771 [on:0 tx:0 rx:0 period:1] from screen [on:299378 period:1790552] score=60
10-22 19:47:26.890  3957  4129 D WifiStateMachine: fetchRssiLinkSpeedAndFrequencyNative rssi=-47 linkspeed=433 freq=5240
10-22 19:47:26.890  3957  4129 V WifiConfigManager: Updating scan detail cache freq=5240 BSSID=f4:6d:2f:12:cc:88 RSSI=-46 for "ourhome"WPA_PSK
10-22 19:47:26.917 27058 27387 I BatteryMgr:DataCollectionService: stats => 1697996846917,-48,4160,-66,0,100
10-22 19:47:27.022 27058 27387 I BatteryMgr:DataCollectionService: stats => 1697996847021,-48,4160,-66,0,100
10-22 19:47:27.088  3957  4128 D WifiService: getConnectionInfo uid=1000
10-22 19:47:27.127 27058 27387 I BatteryMgr:DataCollectionService: stats => 1697996847126,-48,4160,-66,0,100
10-22 19:47:27.232 27058 27387 I BatteryMgr:DataCollectionService: stats => 1697996847232,-48,4160,-66,0,100
10-22 19:47:27.337 27058 27387 I BatteryMgr:DataCollectionService: stats => 1697996847337,-48,4160,-66,0,100
10-22 19:47:27.443 27058 27387 I BatteryMgr:DataCollectionService: stats => 1697996847443,-48,4160,-66,0,100
10-22 19:47:27.548 27058 27387 I BatteryMgr:DataCollectionService: stats => 1697996847548,-48,4160,-66,0,100
10-22 19:47:27.558  9273  9310 D ScanRecord: Not a Multi Manu data
10-22 19:47:27.647  9273  9310 I chatty  : uid=1002(bluetooth) BT Service Call identical 86 lines
10-22 19:47:27.647  9273  9310 D ScanRecord: Not a Multi Manu data
10-22 19:47:27.653 27058 27387 I BatteryMgr:DataCollectionService: stats => 1697996847653,-48,4160,-66,0,100
10-22 19:47:27.654  9273  9310 D ScanRecord: Not a Multi Manu data
10-22 19:47:27.682  9273  9310 I chatty  : uid=1002(bluetooth) BT Service Call identical 31 lines
10-22 19:47:27.682  9273  9310 D ScanRecord: Not a Multi Manu data
10-22 19:47:27.686  3957  4129 D WifiStateMachine:  ConnectedState !CMD_RSSI_POLL rt=603254270/1659229743 122 0 "ourhome" f4:6d:2f:12:cc:88 rssi=-47 f=5240 sc=60 link=433 tx=1.4, 0.0, 0.0  rx=1.9 bcn=597771 [on:0 tx:0 rx:0 period:802] from screen [on:299378 period:1791354] score=60
10-22 19:47:27.687  3957  4129 D WifiStateMachine:  L2ConnectedState !CMD_RSSI_POLL rt=603254271/1659229744 122 0 "ourhome" f4:6d:2f:12:cc:88 rssi=-47 f=5240 sc=60 link=433 tx=1.4, 0.0, 0.0  rx=1.9 bcn=597771 [on:0 tx:0 rx:0 period:1] from screen [on:299378 period:1791355] score=60
10-22 19:47:27.687  3957  4129 D WifiStateMachine:  get link layer stats 3
10-22 19:47:27.688  3436  3436 I android.hardware.wifi@1.0-service: getLinkLayerStats
10-22 19:47:27.691  3957  4129 D WifiStateMachine: fetchRssiLinkSpeedAndFrequencyNative rssi=-47 linkspeed=433 freq=5240
10-22 19:47:27.692  3957  4129 V WifiConfigManager: Updating scan detail cache freq=5240 BSSID=f4:6d:2f:12:cc:88 RSSI=-46 for "ourhome"WPA_PSK
10-22 19:47:27.694  4340  4340 E SignalClusterView: setSlotFocusVisible : subId -2
10-22 19:47:27.694  4340  4340 E SignalClusterView: setSlotFocusVisible : subId -2
10-22 19:47:27.711  9273  9310 D ScanRecord: Not a Multi Manu data
10-22 19:47:27.750  9273  9310 I chatty  : uid=1002(bluetooth) BT Service Call identical 64 lines
10-22 19:47:27.750  9273  9310 D ScanRecord: Not a Multi Manu data
10-22 19:47:27.758 27058 27387 I BatteryMgr:DataCollectionService: stats => 1697996847758,-48,4160,-66,0,100
10-22 19:47:27.777  9273  9310 D ScanRecord: Not a Multi Manu data
10-22 19:47:27.836  9273  9310 I chatty  : uid=1002(bluetooth) BT Service Call identical 75 lines
10-22 19:47:27.836  9273  9310 D ScanRecord: Not a Multi Manu data
10-22 19:47:27.861 27058 27387 I BatteryMgr:DataCollectionService: stats => 1697996847861,-48,4160,-66,0,100
10-22 19:47:27.869  9273  9310 D ScanRecord: Not a Multi Manu data
10-22 19:47:27.869  9273  9310 I chatty  : uid=1002(bluetooth) BT Service Call identical 9 lines
10-22 19:47:27.869  9273  9310 D ScanRecord: Not a Multi Manu data
10-22 19:47:27.884  3957  4129 D WifiStateMachine:  ConnectedState !RSSI_PKTCNT_FETCH uid=1000 rt=603254469/1659229941 0 0 "ourhome" f4:6d:2f:12:cc:88 rssi=-47 f=5240 sc=60 link=433 tx=1.1, 0.0, 0.0  rx=6.4 bcn=597801 [on:0 tx:0 rx:0 period:190] from screen [on:300037 period:1791552] score=60
10-22 19:47:27.885  3957  4129 D WifiStateMachine:  L2ConnectedState !RSSI_PKTCNT_FETCH uid=1000 rt=603254470/1659229943 0 0 "ourhome" f4:6d:2f:12:cc:88 rssi=-47 f=5240 sc=60 link=433 tx=1.1, 0.0, 0.0  rx=6.4 bcn=597801 [on:0 tx:0 rx:0 period:1] from screen [on:300037 period:1791553] score=60
10-22 19:47:27.890  3957  4129 D WifiStateMachine: fetchRssiLinkSpeedAndFrequencyNative rssi=-46 linkspeed=433 freq=5240
10-22 19:47:27.890  3957  4129 V WifiConfigManager: Updating scan detail cache freq=5240 BSSID=f4:6d:2f:12:cc:88 RSSI=-46 for "ourhome"WPA_PSK
10-22 19:47:27.906  9273  9310 D ScanRecord: Not a Multi Manu data
10-22 19:47:27.952  9273  9310 I chatty  : uid=1002(bluetooth) BT Service Call identical 86 lines
10-22 19:47:27.952  9273  9310 D ScanRecord: Not a Multi Manu data
10-22 19:47:27.965 27058 27387 I BatteryMgr:DataCollectionService: stats => 1697996847965,-48,4160,-66,0,100
10-22 19:47:27.968  9273  9310 D ScanRecord: Not a Multi Manu data
10-22 19:47:28.055  9273  9310 I chatty  : uid=1002(bluetooth) BT Service Call identical 130 lines
10-22 19:47:28.055  9273  9310 D ScanRecord: Not a Multi Manu data
10-22 19:47:28.070 27058 27387 I BatteryMgr:DataCollectionService: stats => 1697996848070,-48,4160,-66,0,100
10-22 19:47:28.090  3957  4128 D WifiService: getConnectionInfo uid=1000
10-22 19:47:28.175 27058 27387 I BatteryMgr:DataCollectionService: stats => 1697996848175,-48,4160,-66,0,100
10-22 19:47:28.280 27058 27387 I BatteryMgr:DataCollectionService: stats => 1697996848280,-48,4160,-66,0,100
10-22 19:47:28.386 27058 27387 I BatteryMgr:DataCollectionService: stats => 1697996848386,-48,4160,-66,0,100
10-22 19:47:28.491 27058 27387 I BatteryMgr:DataCollectionService: stats => 1697996848491,-48,4160,-66,0,100
10-22 19:47:28.597 27058 27387 I BatteryMgr:DataCollectionService: stats => 1697996848597,-48,4160,-66,0,100
10-22 19:47:28.701 27058 27387 I BatteryMgr:DataCollectionService: stats => 1697996848701,-48,4160,-66,0,100
10-22 19:47:28.805 27058 27387 I BatteryMgr:DataCollectionService: stats => 1697996848805,-48,4160,-66,0,100
10-22 19:47:28.886  3957  4129 D WifiStateMachine:  ConnectedState !RSSI_PKTCNT_FETCH uid=1000 rt=603255470/1659230942 0 0 "ourhome" f4:6d:2f:12:cc:88 rssi=-46 f=5240 sc=60 link=433 tx=1.1, 0.0, 0.0  rx=6.4 bcn=597801 [on:0 tx:0 rx:0 period:1001] from screen [on:300037 period:1792554] score=60
10-22 19:47:28.887  3957  4129 D WifiStateMachine:  L2ConnectedState !RSSI_PKTCNT_FETCH uid=1000 rt=603255472/1659230944 0 0 "ourhome" f4:6d:2f:12:cc:88 rssi=-46 f=5240 sc=60 link=433 tx=1.1, 0.0, 0.0  rx=6.4 bcn=597801 [on:0 tx:0 rx:0 period:1] from screen [on:300037 period:1792555] score=60
10-22 19:47:28.893  3957  4129 D WifiStateMachine: fetchRssiLinkSpeedAndFrequencyNative rssi=-45 linkspeed=433 freq=5240
10-22 19:47:28.893  3957  4129 V WifiConfigManager: Updating scan detail cache freq=5240 BSSID=f4:6d:2f:12:cc:88 RSSI=-45 for "ourhome"WPA_PSK
10-22 19:47:28.909 27058 27387 I BatteryMgr:DataCollectionService: stats => 1697996848909,-48,4160,-66,0,100
10-22 19:47:29.014 27058 27387 I BatteryMgr:DataCollectionService: stats => 1697996849014,-48,4160,-66,0,100
10-22 19:47:29.091  3957  4128 D WifiService: getConnectionInfo uid=1000
10-22 19:47:29.119 27058 27387 I BatteryMgr:DataCollectionService: stats => 1697996849119,-48,4160,-66,0,100
10-22 19:47:29.224 27058 27387 I BatteryMgr:DataCollectionService: stats => 1697996849224,-48,4160,-66,0,100
10-22 19:47:29.328 27058 27387 I BatteryMgr:DataCollectionService: stats => 1697996849328,-48,4160,-66,0,100
10-22 19:47:29.433 27058 27387 I BatteryMgr:DataCollectionService: stats => 1697996849433,-48,4160,-66,0,100
10-22 19:47:29.537 27058 27387 I BatteryMgr:DataCollectionService: stats => 1697996849537,-48,4160,-66,0,100
10-22 19:47:29.634  4961  4961 D io_stats: !@ 179,0 r 10141906 332938732 w 2161231 42300624 d 174123 37264500 f 640265 665741 iot 4637716 3996289 th 51200 0 0 pt 0 inp 0 0 603256.219
10-22 19:47:29.643 27058 27387 I BatteryMgr:DataCollectionService: stats => 1697996849642,-48,4160,-66,0,100
10-22 19:47:29.748 27058 27387 I BatteryMgr:DataCollectionService: stats => 1697996849748,-48,4160,-66,0,100
10-22 19:47:29.853 27058 27387 I BatteryMgr:DataCollectionService: stats => 1697996849853,-48,4160,-66,0,100
10-22 19:47:29.888  3957  4129 D WifiStateMachine:  ConnectedState !RSSI_PKTCNT_FETCH uid=1000 rt=603256472/1659231945 0 0 "ourhome" f4:6d:2f:12:cc:88 rssi=-45 f=5240 sc=60 link=433 tx=1.1, 0.0, 0.0  rx=6.4 bcn=597801 [on:0 tx:0 rx:0 period:1000] from screen [on:300037 period:1793555] score=60
10-22 19:47:29.889  3957  4129 D WifiStateMachine:  L2ConnectedState !RSSI_PKTCNT_FETCH uid=1000 rt=603256473/1659231946 0 0 "ourhome" f4:6d:2f:12:cc:88 rssi=-45 f=5240 sc=60 link=433 tx=1.1, 0.0, 0.0  rx=6.4 bcn=597801 [on:0 tx:0 rx:0 period:2] from screen [on:300037 period:1793557] score=60
10-22 19:47:29.894  3957  4129 D WifiStateMachine: fetchRssiLinkSpeedAndFrequencyNative rssi=-45 linkspeed=433 freq=5240
10-22 19:47:29.895  3957  4129 V WifiConfigManager: Updating scan detail cache freq=5240 BSSID=f4:6d:2f:12:cc:88 RSSI=-45 for "ourhome"WPA_PSK
10-22 19:47:29.959 27058 27387 I BatteryMgr:DataCollectionService: stats => 1697996849959,-48,4160,-66,0,100
10-22 19:47:29.968 27103 27312 I SessionStorage/AutoSave: Save: Periodic
10-22 19:47:30.063 27058 27387 I BatteryMgr:DataCollectionService: stats => 1697996850063,-48,4160,-66,0,100
10-22 19:47:30.093  3957  4128 D WifiService: getConnectionInfo uid=1000
10-22 19:47:30.108  3957  4306 D WifiConnectivityMonitor:  [|208] []
10-22 19:47:30.168 27058 27387 I BatteryMgr:DataCollectionService: stats => 1697996850168,-48,4160,-66,0,100
10-22 19:47:30.273 27058 27387 I BatteryMgr:DataCollectionService: stats => 1697996850272,-48,4160,-66,0,100
10-22 19:47:30.379 27058 27387 I BatteryMgr:DataCollectionService: stats => 1697996850379,-48,4160,-66,0,100
10-22 19:47:30.461 27103 27114 I zygote64: Background concurrent copying GC freed 187340(5MB) AllocSpace objects, 0(0B) LOS objects, 49% free, 5MB/10MB, paused 2.387ms total 109.544ms
10-22 19:47:30.483 27058 27387 I BatteryMgr:DataCollectionService: stats => 1697996850483,-48,4160,-66,0,100
10-22 19:47:30.588 27058 27387 I BatteryMgr:DataCollectionService: stats => 1697996850587,-48,4160,-66,0,100
10-22 19:47:30.696  3957  4129 D WifiStateMachine:  ConnectedState !CMD_RSSI_POLL rt=603257280/1659232752 122 0 "ourhome" f4:6d:2f:12:cc:88 rssi=-45 f=5240 sc=60 link=433 tx=1.1, 0.0, 0.0  rx=6.4 bcn=597801 [on:0 tx:0 rx:0 period:807] from screen [on:300037 period:1794364] score=60
10-22 19:47:30.696 27058 27387 I BatteryMgr:DataCollectionService: stats => 1697996850696,-48,4160,-66,0,100
10-22 19:47:30.697  3957  4129 D WifiStateMachine:  L2ConnectedState !CMD_RSSI_POLL rt=603257282/1659232754 122 0 "ourhome" f4:6d:2f:12:cc:88 rssi=-45 f=5240 sc=60 link=433 tx=1.1, 0.0, 0.0  rx=6.4 bcn=597801 [on:0 tx:0 rx:0 period:1] from screen [on:300037 period:1794365] score=60
10-22 19:47:30.697  3957  4129 D WifiStateMachine:  get link layer stats 3
10-22 19:47:30.698  3436  3436 I android.hardware.wifi@1.0-service: getLinkLayerStats
10-22 19:47:30.702  3957  4129 D WifiStateMachine: fetchRssiLinkSpeedAndFrequencyNative rssi=-45 linkspeed=433 freq=5240
10-22 19:47:30.702  3957  4129 V WifiConfigManager: Updating scan detail cache freq=5240 BSSID=f4:6d:2f:12:cc:88 RSSI=-45 for "ourhome"WPA_PSK
10-22 19:47:30.704  4340  4340 E SignalClusterView: setSlotFocusVisible : subId -2
10-22 19:47:30.705  4340  4340 E SignalClusterView: setSlotFocusVisible : subId -2
10-22 19:47:30.800 27058 27387 I BatteryMgr:DataCollectionService: stats => 1697996850800,-48,4160,-66,0,100
10-22 19:47:30.888  3957  4129 D WifiStateMachine:  ConnectedState !RSSI_PKTCNT_FETCH uid=1000 rt=603257472/1659232945 0 0 "ourhome" f4:6d:2f:12:cc:88 rssi=-45 f=5240 sc=60 link=433 tx=18.8, 0.0, 0.0  rx=26.4 bcn=597830 [on:0 tx:0 rx:0 period:184] from screen [on:301366 period:1794556] score=60
10-22 19:47:30.889  3957  4129 D WifiStateMachine:  L2ConnectedState !RSSI_PKTCNT_FETCH uid=1000 rt=603257474/1659232946 0 0 "ourhome" f4:6d:2f:12:cc:88 rssi=-45 f=5240 sc=60 link=433 tx=18.8, 0.0, 0.0  rx=26.4 bcn=597830 [on:0 tx:0 rx:0 period:1] from screen [on:301366 period:1794557] score=60
10-22 19:47:30.895  3957  4129 D WifiStateMachine: fetchRssiLinkSpeedAndFrequencyNative rssi=-45 linkspeed=433 freq=5240
10-22 19:47:30.895  3957  4129 V WifiConfigManager: Updating scan detail cache freq=5240 BSSID=f4:6d:2f:12:cc:88 RSSI=-45 for "ourhome"WPA_PSK
10-22 19:47:30.905 27058 27387 I BatteryMgr:DataCollectionService: stats => 1697996850905,-48,4160,-66,0,100
10-22 19:47:31.010 27058 27387 I BatteryMgr:DataCollectionService: stats => 1697996851010,-48,4160,-66,0,100
10-22 19:47:31.095  3957  4128 D WifiService: getConnectionInfo uid=1000
10-22 19:47:31.114 27058 27387 I BatteryMgr:DataCollectionService: stats => 1697996851113,-48,4160,-66,0,100
10-22 19:47:31.220 27058 27387 I BatteryMgr:DataCollectionService: stats => 1697996851220,-48,4160,-66,0,100
10-22 19:47:31.325 27058 27387 I BatteryMgr:DataCollectionService: stats => 1697996851325,-48,4160,-66,0,100
10-22 19:47:31.431 27058 27387 I BatteryMgr:DataCollectionService: stats => 1697996851431,-48,4160,-66,0,100
10-22 19:47:31.535 27058 27387 I BatteryMgr:DataCollectionService: stats => 1697996851535,-48,4160,-66,0,100
10-22 19:47:31.640 27058 27387 I BatteryMgr:DataCollectionService: stats => 1697996851640,-48,4160,-66,0,100
10-22 19:47:31.746 27058 27387 I BatteryMgr:DataCollectionService: stats => 1697996851746,-48,4160,-66,0,100
10-22 19:47:31.851 27058 27387 I BatteryMgr:DataCollectionService: stats => 1697996851851,-48,4160,-66,0,100
10-22 19:47:31.889  3957  4129 D WifiStateMachine:  ConnectedState !RSSI_PKTCNT_FETCH uid=1000 rt=603258473/1659233946 0 0 "ourhome" f4:6d:2f:12:cc:88 rssi=-45 f=5240 sc=60 link=433 tx=18.8, 0.0, 0.0  rx=26.4 bcn=597830 [on:0 tx:0 rx:0 period:1000] from screen [on:301366 period:1795557] score=60
10-22 19:47:31.891  3957  4129 D WifiStateMachine:  L2ConnectedState !RSSI_PKTCNT_FETCH uid=1000 rt=603258475/1659233947 0 0 "ourhome" f4:6d:2f:12:cc:88 rssi=-45 f=5240 sc=60 link=433 tx=18.8, 0.0, 0.0  rx=26.4 bcn=597830 [on:0 tx:0 rx:0 period:2] from screen [on:301366 period:1795559] score=60
10-22 19:47:31.893  3957  4129 D WifiStateMachine: fetchRssiLinkSpeedAndFrequencyNative rssi=-47 linkspeed=433 freq=5240
10-22 19:47:31.893  3957  4129 V WifiConfigManager: Updating scan detail cache freq=5240 BSSID=f4:6d:2f:12:cc:88 RSSI=-46 for "ourhome"WPA_PSK
10-22 19:47:31.957 27058 27387 I BatteryMgr:DataCollectionService: stats => 1697996851957,-48,4160,-66,0,100
10-22 19:47:32.063 27058 27387 I BatteryMgr:DataCollectionService: stats => 1697996852063,-48,4160,-66,0,100
10-22 19:47:32.097  3957  4128 D WifiService: getConnectionInfo uid=1000
10-22 19:47:32.168 27058 27387 I BatteryMgr:DataCollectionService: stats => 1697996852168,-48,4160,-66,0,100
10-22 19:47:32.260  3957  4030 D SensorService: [SO] 0.206 -0.115 9.998
10-22 19:47:32.272 27058 27387 I BatteryMgr:DataCollectionService: stats => 1697996852272,-48,4160,-66,0,100
10-22 19:47:32.379 27058 27387 I BatteryMgr:DataCollectionService: stats => 1697996852379,-48,4160,-66,0,100
10-22 19:47:32.483 27058 27387 I BatteryMgr:DataCollectionService: stats => 1697996852483,-48,4160,-66,0,100
10-22 19:47:32.574  9273  9310 D ScanRecord: Not a Multi Manu data
10-22 19:47:32.578  9273  9310 I chatty  : uid=1002(bluetooth) BT Service Call identical 20 lines
10-22 19:47:32.578  9273  9310 D ScanRecord: Not a Multi Manu data
10-22 19:47:32.587 27058 27387 I BatteryMgr:DataCollectionService: stats => 1697996852587,-48,4160,-66,0,100
10-22 19:47:32.596  9273  9310 D ScanRecord: Not a Multi Manu data
10-22 19:47:32.687  9273  9310 I chatty  : uid=1002(bluetooth) BT Service Call identical 75 lines
10-22 19:47:32.687  9273  9310 D ScanRecord: Not a Multi Manu data
10-22 19:47:32.692 27058 27387 I BatteryMgr:DataCollectionService: stats => 1697996852692,-48,4160,-66,0,100
10-22 19:47:32.695  9273  9310 D ScanRecord: Not a Multi Manu data
10-22 19:47:32.797  9273  9310 I chatty  : uid=1002(bluetooth) BT Service Call identical 152 lines
10-22 19:47:32.797  9273  9310 D ScanRecord: Not a Multi Manu data
10-22 19:47:32.799 27058 27387 I BatteryMgr:DataCollectionService: stats => 1697996852799,-48,4160,-66,0,100
10-22 19:47:32.807  9273  9310 D ScanRecord: Not a Multi Manu data
10-22 19:47:32.884  9273  9310 I chatty  : uid=1002(bluetooth) BT Service Call identical 97 lines
10-22 19:47:32.884  9273  9310 D ScanRecord: Not a Multi Manu data
10-22 19:47:32.889  3957  4129 D WifiStateMachine:  ConnectedState !RSSI_PKTCNT_FETCH uid=1000 rt=603259474/1659234947 0 0 "ourhome" f4:6d:2f:12:cc:88 rssi=-47 f=5240 sc=60 link=433 tx=18.8, 0.0, 0.0  rx=26.4 bcn=597830 [on:0 tx:0 rx:0 period:998] from screen [on:301366 period:1796557] score=60
10-22 19:47:32.891  3957  4129 D WifiStateMachine:  L2ConnectedState !RSSI_PKTCNT_FETCH uid=1000 rt=603259475/1659234948 0 0 "ourhome" f4:6d:2f:12:cc:88 rssi=-47 f=5240 sc=60 link=433 tx=18.8, 0.0, 0.0  rx=26.4 bcn=597830 [on:0 tx:0 rx:0 period:1] from screen [on:301366 period:1796558] score=60
10-22 19:47:32.892  3957  4129 D WifiStateMachine: fetchRssiLinkSpeedAndFrequencyNative rssi=-47 linkspeed=433 freq=5240
10-22 19:47:32.892  3957  4129 V WifiConfigManager: Updating scan detail cache freq=5240 BSSID=f4:6d:2f:12:cc:88 RSSI=-46 for "ourhome"WPA_PSK
10-22 19:47:32.899  9273  9310 D ScanRecord: Not a Multi Manu data
10-22 19:47:32.902  9273  9310 I chatty  : uid=1002(bluetooth) BT Service Call identical 20 lines
10-22 19:47:32.902  9273  9310 D ScanRecord: Not a Multi Manu data
10-22 19:47:32.903 27058 27387 I BatteryMgr:DataCollectionService: stats => 1697996852903,-48,4160,-66,0,100
10-22 19:47:32.906  9273  9310 D ScanRecord: Not a Multi Manu data
10-22 19:47:33.001  9273  9310 I chatty  : uid=1002(bluetooth) BT Service Call identical 108 lines
10-22 19:47:33.001  9273  9310 D ScanRecord: Not a Multi Manu data
10-22 19:47:33.008 27058 27387 I BatteryMgr:DataCollectionService: stats => 1697996853008,-48,4160,-66,0,100
10-22 19:47:33.011  9273  9310 D ScanRecord: Not a Multi Manu data
10-22 19:47:33.054  9273  9310 I chatty  : uid=1002(bluetooth) BT Service Call identical 86 lines
10-22 19:47:33.054  9273  9310 D ScanRecord: Not a Multi Manu data
10-22 19:47:33.098  3957  4128 D WifiService: getConnectionInfo uid=1000
10-22 19:47:33.113 27058 27387 I BatteryMgr:DataCollectionService: stats => 1697996853113,-48,4160,-66,0,100
10-22 19:47:33.219 27058 27387 I BatteryMgr:DataCollectionService: stats => 1697996853219,-48,4160,-66,0,100
