10-22 19:42:52.270  3957  4025 I WindowManager: Destroying surface Surface(name=Splash Screen org.mozilla.fenix) called by com.android.server.wm.WindowStateAnimator.destroySurface:2501 com.android.server.wm.WindowStateAnimator.destroySurfaceLocked:985 com.android.server.wm.WindowState.destroyOrSaveSurfaceUnchecked:3670 com.android.server.wm.WindowState.destroySurface:3618 com.android.server.wm.AppWindowToken.destroySurfaces:722 com.android.server.wm.AppWindowToken.destroySurfaces:706 com.android.server.wm.WindowState.onExitAnimationDone:5316 com.android.server.wm.WindowStateAnimator.stepAnimationLocked:550 
10-22 19:42:52.270  3447 18688 I SurfaceFlinger: id=3442 Removed Splash Screen org.mozilla.fenix#0 (4/5)
10-22 19:42:52.272  3447  3447 I SurfaceFlinger: Display 0 HWC layers:
10-22 19:42:52.272  3447  3447 I SurfaceFlinger:     type    |    handle    | flag |  format   |   source crop (l,t,r,b)    |         frame       | name 
10-22 19:42:52.272  3447  3447 I SurfaceFlinger: ------------+--------------+------+-----------+----------------------------+---------------------+------
10-22 19:42:52.272  3447  3447 I SurfaceFlinger:      Client | 0x7ea5024cc0 | 0000 | RGBA_8888 |   0.0    0.0  720.0 1280.0 |    0    0  720 1280 | org.mozilla.fenix/org.mozilla.fenix.App#0
10-22 19:42:52.272  3447  3447 I SurfaceFlinger:      Client | 0x7ea50243c0 | 0000 | RGBA_8888 |   0.0    0.0  720.0   42.0 |    0    0  720   42 | StatusBar#0
10-22 19:42:52.272  3447  3447 I SurfaceFlinger: 
10-22 19:42:52.275 26576 26618 W VideoCapabilities: Unrecognized profile 2130706433 for video/avc
10-22 19:42:52.275 26576 26618 W VideoCapabilities: Unrecognized profile 2130706434 for video/avc
10-22 19:42:52.276 11094 11094 E adbd    : recv: OPEN 00033181 00000000 003e:73 68 65 6C 6C 2C 76 32 2C 54 45 52 4D 3D 78 74 65 72 6D 2D 32 35 36 63 6F 6C 6F 72 2C 72 61 77 3A 67 65 74 70 72 6F 70 20 72 6F 2E 62 75 69 6C 64 2E 76 65 72 73 69 6F 6E 2E 73 64 6B 00 
10-22 19:42:52.276 11094 11094 E adbd    : service_to_fd: shell,v2,TERM=xterm-256color,raw:getprop ro.build.version.sdk
10-22 19:42:52.279  3447 18688 I SurfaceFlinger: id=3442 Removed Splash Screen org.mozilla.fenix#0 (-2/5)
10-22 19:42:52.281 26576 26618 W VideoCapabilities: Unrecognized profile 2130706433 for video/avc
10-22 19:42:52.281 26576 26618 W VideoCapabilities: Unrecognized profile 2130706434 for video/avc
10-22 19:42:52.282  3957  8661 V WindowManager: Relayout Window{99a7477 u0 org.mozilla.fenix/org.mozilla.fenix.App}: viewVisibility=0 req=720x1280 WM.LayoutParams{(0,0)(fillxfill) sim=#10 ty=1 fl=#81010100 pfl=0x20000 fmt=-3 wanim=0x7f1404fa vsysui=0x2610 needsMenuKey=2 colorMode=0 naviIconColor=0}
10-22 19:42:52.283  3447  3447 I Layer   : id=3442 onRemoved Splash Screen org.mozilla.fenix#0 
10-22 19:42:52.286 26429 26429 D ViewRootImpl@d9fc05[App]: Relayout returned: old=[0,0][720,1280] new=[0,0][720,1280] result=0x1 surface={valid=true 499285602304} changed=false
10-22 19:42:52.299 26576 26618 W VideoCapabilities: Unrecognized profile 2130706433 for video/avc
10-22 19:42:52.299 26576 26618 W VideoCapabilities: Unrecognized profile 2130706434 for video/avc
10-22 19:42:52.301 26576 26618 W VideoCapabilities: Unsupported mime video/avc-wfd
10-22 19:42:52.325  3957  8661 V WindowManager: rotationForOrientationLw(orient=2, last=0); user=0  sensorRotation=-1 mLidState=-1 mDockMode=0 mHdmiPlugged=false
10-22 19:42:52.330  3957  8661 V WindowManager: Relayout Window{99a7477 u0 org.mozilla.fenix/org.mozilla.fenix.App}: viewVisibility=0 req=720x1280 WM.LayoutParams{(0,0)(fillxfill) sim=#10 ty=1 fl=#81010100 pfl=0x20000 fmt=-3 wanim=0x7f1404fa vsysui=0x2610 needsMenuKey=2 colorMode=0 naviIconColor=0}
10-22 19:42:52.335 26429 26429 D ViewRootImpl@d9fc05[App]: Relayout returned: old=[0,0][720,1280] new=[0,0][720,1280] result=0x1 surface={valid=true 499285602304} changed=false
10-22 19:42:52.344 26576 26618 I VideoCapabilities: Unsupported profile 4 for video/mp4v-es
10-22 19:42:52.344 11094 11094 E adbd    : recv: OPEN 00033185 00000000 0042:73 68 65 6C 6C 2C 76 32 2C 54 45 52 4D 3D 78 74 65 72 6D 2D 32 35 36 63 6F 6C 6F 72 2C 72 61 77 3A 67 65 74 70 72 6F 70 20 72 6F 2E 62 75 69 6C 64 2E 76 65 72 73 69 6F 6E 2E 72 65 6C 65 61 73 65 00 
10-22 19:42:52.344 11094 11094 E adbd    : service_to_fd: shell,v2,TERM=xterm-256color,raw:getprop ro.build.version.release
10-22 19:42:52.371 26429 26429 I SessionPrioritizationMiddleware: Update the currentSelectedTab 7f93960a-d5ab-49b5-96cc-c70672d2a791 priority to HIGH
10-22 19:42:52.374 26429 26429 I DefaultSupportedAddonsChecker: Unregister check for new supported add-ons
10-22 19:42:52.377 26429 26429 I WebExtension: releasePendingMessages: extension=webcompat-reporter@mozilla.org nativeApp=mozacWebcompatReporter session=null
10-22 19:42:52.378 26429 26429 I WebExtension: releasePendingMessages: extension=fxa@mozac.org nativeApp=mozacWebchannel session=org.mozilla.geckoview.GeckoSession@370146e
10-22 19:42:52.378 26429 26429 I WebExtension: releasePendingMessages: extension=fxa@mozac.org nativeApp=mozacWebchannelBackground session=null
10-22 19:42:52.379 26429 26429 I WebExtension: releasePendingMessages: extension=readerview@mozac.org nativeApp=mozacReaderview session=org.mozilla.geckoview.GeckoSession@370146e
10-22 19:42:52.379 26429 26429 I WebExtension: releasePendingMessages: extension=readerview@mozac.org nativeApp=mozacReaderviewActive session=org.mozilla.geckoview.GeckoSession@370146e
10-22 19:42:52.379 26429 26429 I WebExtension: releasePendingMessages: extension=readerview@mozac.org nativeApp=mozacReaderview session=org.mozilla.geckoview.GeckoSession@370146e
10-22 19:42:52.387  8860  8874 I FontLog : (REDACTED) Received query %s, URI %s
10-22 19:42:52.387  8860  8874 I FontLog : (REDACTED) Query [%s] resolved to %s
10-22 19:42:52.393 26429 26429 I WebExtension: releasePendingMessages: extension=icons@mozac.org nativeApp=MozacBrowserIcons session=org.mozilla.geckoview.GeckoSession@370146e
10-22 19:42:52.393 26429 26429 I WebExtension: releasePendingMessages: extension=ads@mozac.org nativeApp=MozacBrowserAdsMessage session=org.mozilla.geckoview.GeckoSession@370146e
10-22 19:42:52.393 26429 26429 I WebExtension: releasePendingMessages: extension=cookies@mozac.org nativeApp=MozacBrowserSearchMessage session=org.mozilla.geckoview.GeckoSession@370146e
10-22 19:42:52.394  8860  8874 I FontLog : (REDACTED) Fetch %s end status %s
10-22 19:42:52.395 26576 26618 W VideoCapabilities: Unrecognized profile/level 1/32 for video/mp4v-es
10-22 19:42:52.395 26576 26618 W VideoCapabilities: Unrecognized profile/level 32768/2 for video/mp4v-es
10-22 19:42:52.395 26576 26618 W VideoCapabilities: Unrecognized profile/level 32768/64 for video/mp4v-es
10-22 19:42:52.400 26576 26618 W VideoCapabilities: Unsupported mime video/wvc1
10-22 19:42:52.400 11094 11094 E adbd    : recv: OPEN 00033189 00000000 003e:73 68 65 6C 6C 2C 76 32 2C 54 45 52 4D 3D 78 74 65 72 6D 2D 32 35 36 63 6F 6C 6F 72 2C 72 61 77 3A 67 65 74 70 72 6F 70 20 72 6F 2E 62 75 69 6C 64 2E 76 65 72 73 69 6F 6E 2E 73 64 6B 00 
10-22 19:42:52.400 11094 11094 E adbd    : service_to_fd: shell,v2,TERM=xterm-256color,raw:getprop ro.build.version.sdk
10-22 19:42:52.402 26576 26618 W VideoCapabilities: Unsupported mime video/x-ms-wmv
10-22 19:42:52.404 26576 26618 W VideoCapabilities: Unsupported mime video/x-ms-wmv7
10-22 19:42:52.406  8860  8874 I FontLog : (REDACTED) Pulling font file for id = %d, cache size = %d
10-22 19:42:52.406 26576 26618 W VideoCapabilities: Unsupported mime video/x-ms-wmv8
10-22 19:42:52.408 26576 26618 W VideoCapabilities: Unsupported mime video/mp43
10-22 19:42:52.413  8860  8874 I FontLog : (REDACTED) Pulling font file for id = %d, cache size = %d
10-22 19:42:52.414 26429 26459 W ResourceType: Too many attribute references, stopped at: 0x01010099
10-22 19:42:52.417 26576 26618 W AudioCapabilities: Unsupported mime audio/mpeg-L1
10-22 19:42:52.418 26576 26618 W AudioCapabilities: Unsupported mime audio/mpeg-L2
10-22 19:42:52.418 26576 26618 W AudioCapabilities: Unsupported mime audio/x-ms-wma
10-22 19:42:52.418 26576 26618 W AudioCapabilities: Unsupported mime audio/x-ima
10-22 19:42:52.420 26576 26618 W VideoCapabilities: Unrecognized profile 2130706433 for video/avc
10-22 19:42:52.420 26576 26618 W VideoCapabilities: Unrecognized profile 2130706434 for video/avc
10-22 19:42:52.428 26576 26618 W VideoCapabilities: Unrecognized profile/level 1/32 for video/mp4v-es
10-22 19:42:52.429 26576 26618 W VideoCapabilities: Unrecognized profile/level 32768/2 for video/mp4v-es
10-22 19:42:52.429 26576 26618 W VideoCapabilities: Unrecognized profile/level 32768/64 for video/mp4v-es
10-22 19:42:52.430 26576 26618 W VideoCapabilities: Unsupported mime video/wvc1
10-22 19:42:52.431 26576 26618 W VideoCapabilities: Unsupported mime video/x-ms-wmv
10-22 19:42:52.432 26576 26618 W VideoCapabilities: Unsupported mime video/x-ms-wmv7
10-22 19:42:52.433 26576 26618 W VideoCapabilities: Unsupported mime video/x-ms-wmv8
10-22 19:42:52.435 26576 26618 W VideoCapabilities: Unsupported mime video/mp43
10-22 19:42:52.447  3957  4128 D WifiService: getConnectionInfo uid=1000
10-22 19:42:52.454 11094 11094 E adbd    : recv: OPEN 0003318d 00000000 015d:73 68 65 6C 6C 2C 76 32 2C 54 45 52 4D 3D 78 74 65 72 6D 2D 32 35 36 63 6F 6C 6F 72 2C 72 61 77 3A 61 6D 20 73 74 61 72 74 2D 66 6F 72 65 67 72 6F 75 6E 64 2D 73 65 72 76 69 63 65 20 2D 6E 20 22 63 6F 6D 2E 65 78 61 6D 70 6C 65 2E 62 61 74 74 65 72 79 6D 61 6E 61 67 65 72 5F 75 74 69 6C 69 74 79 2F 63 6F 6D 2E 65 78 61 6D 70 6C 65 2E 62 61 74 74 65 72 79 6D 61 6E 61 67 65 72 5F 75 74 69 6C 69 74 79 2E 44 61 74 61 43 6F 6C 6C 65 63 74 69 6F 6E 53 65 72 76 69 63 65 22 20 2D 2D 65 69 20 73 61 6D 70 6C 65 52 61 74 65 20 31 30 30 20 2D 2D 65 73 20 22 64 61 74 61 46 69 65 6C 64 73 22 20 22 42 41 54 54 45 52 59 5F 50 52 4F 50 45 52 54 59 5F 43 55 52 52 45 4E 54 5F 4E 4F 57 2C 45 58 54 52 41 5F 56 4F 4C 54 41 47 45 2C 42 41 54 54 45 52 59 5F 50 52 4F 50 45 52 54 59 5F 43 55 52 52 45 4E 54 5F 41 56 45 52 41 47 45 2C 42 41 54 54 45 52 59 5F 50 52 4F 50 45 52 54 59 5F 43 48 41 52 47 45 5F 43 4F 55 4E 54 45 52 2C 42 41 54 54 45 52 59 5F 50 52 4F 50 45 52 54 59 5F 43 41 50 41 43 49 54 59
10-22 19:42:52.454 11094 11094 E adbd    : service_to_fd: shell,v2,TERM=xterm-256color,raw:am start-foreground-service -n "com.example.batterymanager_utility/com.example.batterymanager_utility.DataCollectionService" --ei sampleRate 100 --es "dataFields" "BATTERY_PROPERTY_CURRENT_NOW,EXTRA_VOLTAGE,BATTERY_PROPERTY_CURRENT_AVERAGE,BATTERY_PROPERTY_CHARGE_COUNTER,BATTERY_PROPERTY_CAPACITY" --ez toCSV false
10-22 19:42:52.467 26512 26548 W linker  : "/data/app/org.mozilla.fenix-iWpGOrf8cry6RDpwHyQugA==/lib/arm64/libmozglue.so" unused DT entry: type 0x8000024 arg 0x38f70
10-22 19:42:52.468 26512 26548 W linker  : "/data/app/org.mozilla.fenix-iWpGOrf8cry6RDpwHyQugA==/lib/arm64/libmozglue.so" unused DT entry: type 0x8000023 arg 0x1f8
10-22 19:42:52.468 26512 26548 W linker  : "/data/app/org.mozilla.fenix-iWpGOrf8cry6RDpwHyQugA==/lib/arm64/libmozglue.so" unused DT entry: type 0x8000025 arg 0x8
10-22 19:42:52.471 26512 26548 I GeckoLoader: Library base=/data/app/org.mozilla.fenix-iWpGOrf8cry6RDpwHyQugA==/lib/arm64
10-22 19:42:52.471 26512 26548 I GeckoLoader: Library base=/data/app/org.mozilla.fenix-iWpGOrf8cry6RDpwHyQugA==/lib/arm64
10-22 19:42:52.472 26512 26548 E GeckoLibLoad: Load sqlite start
10-22 19:42:52.473 26512 26548 W linker  : "/data/app/org.mozilla.fenix-iWpGOrf8cry6RDpwHyQugA==/lib/arm64/libnss3.so" unused DT entry: type 0x8000024 arg 0x14998
10-22 19:42:52.473 26512 26548 W linker  : "/data/app/org.mozilla.fenix-iWpGOrf8cry6RDpwHyQugA==/lib/arm64/libnss3.so" unused DT entry: type 0x8000023 arg 0x5c8
10-22 19:42:52.473 26512 26548 W linker  : "/data/app/org.mozilla.fenix-iWpGOrf8cry6RDpwHyQugA==/lib/arm64/libnss3.so" unused DT entry: type 0x8000025 arg 0x8
10-22 19:42:52.475 26429 26459 W AudioCapabilities: Unsupported mime audio/mpeg-L1
10-22 19:42:52.475 26512 26548 E GeckoLibLoad: Load sqlite done
10-22 19:42:52.475 26512 26548 I GeckoLoader: Library base=/data/app/org.mozilla.fenix-iWpGOrf8cry6RDpwHyQugA==/lib/arm64
10-22 19:42:52.475 26429 26459 W AudioCapabilities: Unsupported mime audio/mpeg-L2
10-22 19:42:52.475 26512 26548 E GeckoLibLoad: Load nss start
10-22 19:42:52.475 26512 26548 E GeckoLibLoad: Load nss done
10-22 19:42:52.475 26512 26548 I GeckoLoader: Library base=/data/app/org.mozilla.fenix-iWpGOrf8cry6RDpwHyQugA==/lib/arm64
10-22 19:42:52.476 26429 26459 W AudioCapabilities: Unsupported mime audio/x-ms-wma
10-22 19:42:52.477 26429 26459 W AudioCapabilities: Unsupported mime audio/x-ima
10-22 19:42:52.479 26512 26548 W linker  : "/data/app/org.mozilla.fenix-iWpGOrf8cry6RDpwHyQugA==/lib/arm64/libxul.so" unused DT entry: type 0x8000024 arg 0x539420
10-22 19:42:52.479 26512 26548 W linker  : "/data/app/org.mozilla.fenix-iWpGOrf8cry6RDpwHyQugA==/lib/arm64/libxul.so" unused DT entry: type 0x8000023 arg 0x17d68
10-22 19:42:52.479 26512 26548 W linker  : "/data/app/org.mozilla.fenix-iWpGOrf8cry6RDpwHyQugA==/lib/arm64/libxul.so" unused DT entry: type 0x8000025 arg 0x8
10-22 19:42:52.481 26429 26459 W VideoCapabilities: Unrecognized profile 2130706433 for video/avc
10-22 19:42:52.482 26429 26459 W VideoCapabilities: Unrecognized profile 2130706434 for video/avc
10-22 19:42:52.484 26429 26459 W VideoCapabilities: Unrecognized profile 2130706433 for video/avc
10-22 19:42:52.485 26429 26459 W VideoCapabilities: Unrecognized profile 2130706434 for video/avc
10-22 19:42:52.499 26429 26459 W VideoCapabilities: Unrecognized profile 2130706433 for video/avc
10-22 19:42:52.499 26429 26459 W VideoCapabilities: Unrecognized profile 2130706434 for video/avc
10-22 19:42:52.499 26512 26548 E GeckoLibLoad: Loaded libs in 23.830269ms total, 16ms(16ms) user, 8ms(8ms) system, 0(0) faults
10-22 19:42:52.500 26512 26548 W GeckoThread: zerdatime 1658954558 - runGecko
10-22 19:42:52.501 26429 26459 W VideoCapabilities: Unsupported mime video/avc-wfd
10-22 19:42:52.519 26429 26459 I VideoCapabilities: Unsupported profile 4 for video/mp4v-es
10-22 19:42:52.521 26382 26382 I BatteryMgr:DataCollectionService: onStartCommand: begin
10-22 19:42:52.522 26382 26382 I BatteryMgr:DataCollectionService: onStartCommand: sampleRate => 100
10-22 19:42:52.522 26382 26382 I BatteryMgr:DataCollectionService: onStartCommand: rawFields => Timestamp,BATTERY_PROPERTY_CURRENT_NOW,EXTRA_VOLTAGE,BATTERY_PROPERTY_CURRENT_AVERAGE,BATTERY_PROPERTY_CHARGE_COUNTER,BATTERY_PROPERTY_CAPACITY
10-22 19:42:52.523 26382 26382 I BatteryMgr:DataCollectionService: onStartCommand: notification done
10-22 19:42:52.523 26382 26382 D Notification: allPendingIntents
10-22 19:42:52.524 26382 26382 I BatteryMgr:DataCollectionService: started foreground
10-22 19:42:52.525  3957  4129 D WifiStateMachine:  ConnectedState !RSSI_PKTCNT_FETCH uid=1000 rt=602979110/1658954583 0 0 "ourhome" f4:6d:2f:12:cc:88 rssi=-44 f=5240 sc=60 link=433 tx=0.7, 0.0, 0.0  rx=23.5 bcn=595218 [on:0 tx:0 rx:0 period:999] from screen [on:246709 period:1516193] score=60
10-22 19:42:52.526  3957  4129 D WifiStateMachine:  L2ConnectedState !RSSI_PKTCNT_FETCH uid=1000 rt=602979111/1658954584 0 0 "ourhome" f4:6d:2f:12:cc:88 rssi=-44 f=5240 sc=60 link=433 tx=0.7, 0.0, 0.0  rx=23.5 bcn=595218 [on:0 tx:0 rx:0 period:1] from screen [on:246709 period:1516194] score=60
10-22 19:42:52.527  3957  3972 D ApplicationPolicy: isStatusBarNotificationAllowedAsUser: packageName = android,userId = 0
10-22 19:42:52.527  3957  3972 D API test: getContainerInfo: value is 
10-22 19:42:52.527  3957  3972 D ApplicationPolicy: isStatusBarNotificationAllowedAsUser: packageName = android,userId = 0
10-22 19:42:52.527  3957  3972 D API test: getContainerInfo: value is 
10-22 19:42:52.527  3957  3972 E NotificationService: Suppressing notification from package by user request.
10-22 19:42:52.527  3957  4129 D WifiStateMachine: fetchRssiLinkSpeedAndFrequencyNative rssi=-47 linkspeed=433 freq=5240
10-22 19:42:52.528  3957  4129 V WifiConfigManager: Updating scan detail cache freq=5240 BSSID=f4:6d:2f:12:cc:88 RSSI=-45 for "ourhome"WPA_PSK
10-22 19:42:52.528  3957  3972 D ApplicationPolicy: isStatusBarNotificationAllowedAsUser: packageName = com.example.batterymanager_utility,userId = 0
10-22 19:42:52.528  3957  3972 D API test: getContainerInfo: value is 
10-22 19:42:52.528  3957  3972 D ApplicationPolicy: isStatusBarNotificationAllowedAsUser: packageName = com.example.batterymanager_utility,userId = 0
10-22 19:42:52.528  3957  3972 D API test: getContainerInfo: value is 
10-22 19:42:52.530  3957  3957 I AccessibilityManagerService: semOnLightNotification(null), bIsFlashOn : false
10-22 19:42:52.531  3957  3957 D AccessibilityManagerService: Can't use light notification
10-22 19:42:52.532  3957  3957 D AudioService: getStreamVolume 5 index 110
10-22 19:42:52.534  3957  9502 D Notification: allPendingIntents
10-22 19:42:52.535  4340  4340 D StatusBar: addNotification key=0|com.example.batterymanager_utility|1|null|10170 fullscreen:false
10-22 19:42:52.536  3957  3967 D Notification: allPendingIntents
10-22 19:42:52.540 26382 26703 I BatteryMgr:DataCollectionService: collectData: begin
10-22 19:42:52.542 11094 11094 E adbd    : recv: OPEN 00033191 00000000 0042:73 68 65 6C 6C 2C 76 32 2C 54 45 52 4D 3D 78 74 65 72 6D 2D 32 35 36 63 6F 6C 6F 72 2C 72 61 77 3A 67 65 74 70 72 6F 70 20 72 6F 2E 62 75 69 6C 64 2E 76 65 72 73 69 6F 6E 2E 72 65 6C 65 61 73 65 00 
10-22 19:42:52.543 11094 11094 E adbd    : service_to_fd: shell,v2,TERM=xterm-256color,raw:getprop ro.build.version.release
10-22 19:42:52.547 26382 26703 I BatteryMgr:DataCollectionService: stats => 1697996572547,197,4160,173,0,100
10-22 19:42:52.559  3957  4089 D MdnieScenarioControlService:  packageName : org.mozilla.fenix    className : org.mozilla.fenix.App
10-22 19:42:52.559  3957  4089 V MdnieScenarioControlService: setUIMode from UI function(3)
10-22 19:42:52.565 26429 26459 W VideoCapabilities: Unrecognized profile/level 1/32 for video/mp4v-es
10-22 19:42:52.565 26429 26459 W VideoCapabilities: Unrecognized profile/level 32768/2 for video/mp4v-es
10-22 19:42:52.565 26429 26459 W VideoCapabilities: Unrecognized profile/level 32768/64 for video/mp4v-es
10-22 19:42:52.569 26429 26459 W VideoCapabilities: Unsupported mime video/wvc1
10-22 19:42:52.570 26429 26459 W VideoCapabilities: Unsupported mime video/x-ms-wmv
10-22 19:42:52.572 26429 26459 W VideoCapabilities: Unsupported mime video/x-ms-wmv7
10-22 19:42:52.579 26429 26459 W VideoCapabilities: Unsupported mime video/x-ms-wmv8
10-22 19:42:52.583 26429 26459 W VideoCapabilities: Unsupported mime video/mp43
10-22 19:42:52.584  9273  9310 D ScanRecord: Not a Multi Manu data
10-22 19:42:52.585  9273  9310 I chatty  : uid=1002(bluetooth) BT Service Call identical 9 lines
10-22 19:42:52.585  9273  9310 D ScanRecord: Not a Multi Manu data
10-22 19:42:52.588  3957  6478 D SSRM:k  : SIOP:: AP = 350, PST = 348 (W:14), BAT = 293, USB = 0, CHG = 0
10-22 19:42:52.590 11094 11094 E adbd    : recv: OPEN 00033195 00000000 003e:73 68 65 6C 6C 2C 76 32 2C 54 45 52 4D 3D 78 74 65 72 6D 2D 32 35 36 63 6F 6C 6F 72 2C 72 61 77 3A 67 65 74 70 72 6F 70 20 72 6F 2E 62 75 69 6C 64 2E 76 65 72 73 69 6F 6E 2E 73 64 6B 00 
10-22 19:42:52.590 11094 11094 E adbd    : service_to_fd: shell,v2,TERM=xterm-256color,raw:getprop ro.build.version.sdk
10-22 19:42:52.595 26429 26459 W AudioCapabilities: Unsupported mime audio/mpeg-L1
10-22 19:42:52.596 26429 26459 W AudioCapabilities: Unsupported mime audio/mpeg-L2
10-22 19:42:52.596 26429 26459 W AudioCapabilities: Unsupported mime audio/x-ms-wma
10-22 19:42:52.596 26429 26459 W AudioCapabilities: Unsupported mime audio/x-ima
10-22 19:42:52.597  3957  6478 D ac      : broadcastSiopLevelIntent:: currentSiopLevel = -2
10-22 19:42:52.599 26429 26459 W VideoCapabilities: Unrecognized profile 2130706433 for video/avc
10-22 19:42:52.599 26429 26459 W VideoCapabilities: Unrecognized profile 2130706434 for video/avc
10-22 19:42:52.601  3957  6478 I SensorService: createSensorEventConnection package name f.z
10-22 19:42:52.602  9273  9310 D ScanRecord: Not a Multi Manu data
10-22 19:42:52.602 14173 14173 I [SC]SCloudReceiver: onReceive: com.samsung.intent.action.CHECK_SIOP_LEVEL
10-22 19:42:52.602  3957  6478 D SensorService: Calling batch handle==3 flags=0 rate=200000000 timeout== 0
10-22 19:42:52.602  9273  9310 D ScanRecord: Not a Multi Manu data
10-22 19:42:52.602  9273  9310 I chatty  : uid=1002(bluetooth) BT Service Call identical 8 lines
10-22 19:42:52.602  9273  9310 D ScanRecord: Not a Multi Manu data
10-22 19:42:52.603  3434  4028 I Sensors : ProximitySensor:enable: handle 3, en 1, old_en 0
10-22 19:42:52.605 14173 14173 I [SC]DetectorReceiver: onReceive [com.samsung.intent.action.CHECK_SIOP_LEVEL]
10-22 19:42:52.606 14173 14173 I [SC]AccountUtil: Samsung Account Not Logged in
10-22 19:42:52.610 26429 26459 W VideoCapabilities: Unrecognized profile/level 1/32 for video/mp4v-es
10-22 19:42:52.610 26429 26459 W VideoCapabilities: Unrecognized profile/level 32768/2 for video/mp4v-es
10-22 19:42:52.610 26429 26459 W VideoCapabilities: Unrecognized profile/level 32768/64 for video/mp4v-es
10-22 19:42:52.611  9273  9310 D ScanRecord: Not a Multi Manu data
10-22 19:42:52.612  9273  9310 I chatty  : uid=1002(bluetooth) BT Service Call identical 9 lines
10-22 19:42:52.612  9273  9310 D ScanRecord: Not a Multi Manu data
10-22 19:42:52.612 26429 26459 W VideoCapabilities: Unsupported mime video/wvc1
10-22 19:42:52.614 26429 26459 W VideoCapabilities: Unsupported mime video/x-ms-wmv
10-22 19:42:52.616 26429 26459 W VideoCapabilities: Unsupported mime video/x-ms-wmv7
10-22 19:42:52.617 26429 26459 W VideoCapabilities: Unsupported mime video/x-ms-wmv8
10-22 19:42:52.619 26429 26459 W VideoCapabilities: Unsupported mime video/mp43
10-22 19:42:52.626  9273  9310 D ScanRecord: Not a Multi Manu data
10-22 19:42:52.626  9273  9310 I chatty  : uid=1002(bluetooth) BT Service Call identical 9 lines
10-22 19:42:52.626  9273  9310 D ScanRecord: Not a Multi Manu data
10-22 19:42:52.629  4340  4340 D KeyguardUpdateMonitor: handleStatusBarState( false )
10-22 19:42:52.631  9273  9310 D ScanRecord: Not a Multi Manu data
10-22 19:42:52.639  9273  9310 I chatty  : uid=1002(bluetooth) BT Service Call identical 20 lines
10-22 19:42:52.639  9273  9310 D ScanRecord: Not a Multi Manu data
10-22 19:42:52.644 26576 26646 D libGLESv2: STS_GLApi : DTS, ODTC are not allowed for Package : org.mozilla.fenix:gpu
10-22 19:42:52.646  9273  9310 D ScanRecord: Not a Multi Manu data
10-22 19:42:52.646  9273  9310 I chatty  : uid=1002(bluetooth) BT Service Call identical 9 lines
10-22 19:42:52.646  9273  9310 D ScanRecord: Not a Multi Manu data
10-22 19:42:52.648 26576 26588 V Surface : sf_framedrop debug : 0x4f4c, game : false, logging : 0
10-22 19:42:52.649  9273  9310 D ScanRecord: Not a Multi Manu data
10-22 19:42:52.649  9273  9310 I chatty  : uid=1002(bluetooth) BT Service Call identical 9 lines
10-22 19:42:52.649  9273  9310 D ScanRecord: Not a Multi Manu data
10-22 19:42:52.653 26576 26646 D mali_winsys: EGLint new_window_surface(egl_winsys_display *, void *, EGLSurface, EGLConfig, egl_winsys_surface **, egl_color_buffer_format *, EGLBoolean) returns 0x3000,  [720x1238]-format:2
10-22 19:42:52.654 26429 26459 I GeckoSession: zerdatime 1658954712 - chrome startup finished
10-22 19:42:52.656  9273  9310 D ScanRecord: Not a Multi Manu data
10-22 19:42:52.657  9273  9310 I chatty  : uid=1002(bluetooth) BT Service Call identical 9 lines
10-22 19:42:52.657  9273  9310 D ScanRecord: Not a Multi Manu data
10-22 19:42:52.659 26382 26703 I BatteryMgr:DataCollectionService: stats => 1697996572659,197,4160,173,0,100
10-22 19:42:52.662 26429 26626 I libglean_ffi: glean_core::upload: Ping 86e56ef3-ac56-457b-89e2-357c5c21e5ae successfully sent 200.
10-22 19:42:52.664  3957  6478 D SensorManager: registerListener :: 3, STK3013 Proximity, 200000, 0,  
10-22 19:42:52.664  3434  4028 I Sensors : ProximitySensor:readEvents: value 8(cm)
10-22 19:42:52.665  3957  3957 D SensorManager: Proximity, val = 8.0  [far]
10-22 19:42:52.665  3957  3957 D SensorService: Calling activate off 3
10-22 19:42:52.665 26429 26626 I libglean_ffi: glean_core::upload::directory: File was deleted /data/user/0/org.mozilla.fenix/glean_data/pending_pings/86e56ef3-ac56-457b-89e2-357c5c21e5ae
10-22 19:42:52.666  3434  3434 I Sensors : ProximitySensor:enable: handle 3, en 0, old_en 1
10-22 19:42:52.667 26429 26626 I libglean_ffi: glean_core::upload: New upload task with id e0c68d5e-108f-449c-b2bf-8777c5a05f19 (path: /submit/org-mozilla-fenix/baseline/1/e0c68d5e-108f-449c-b2bf-8777c5a05f19)
10-22 19:42:52.667  3957  3957 D SensorManager: unregisterListener ::   
10-22 19:42:52.670 26429 26429 I GeckoSession: handleMessage GeckoView:PageStart uri=
10-22 19:42:52.671 26429 26429 I GeckoSession: handleMessage GeckoView:PageStop uri=null
10-22 19:42:52.671  9273  9310 D ScanRecord: Not a Multi Manu data
10-22 19:42:52.691  3957  3957 D CustomFrequencyManagerService: releaseDVFSLockLocked : Getting Lock type frm List : DVFS_MIN_LIMIT  frequency : 1560000  uid : 1000  pid : 3957  tag : AMS_RESUME_TAIL@CPU_MIN@58
10-22 19:42:52.733  9273  9310 I chatty  : uid=1002(bluetooth) BT Service Call identical 64 lines
10-22 19:42:52.733  9273  9310 D ScanRecord: Not a Multi Manu data
10-22 19:42:52.736 26429 26459 D GeckoIdleService: Setting timer a day from now
10-22 19:42:52.739  9273  9310 D ScanRecord: Not a Multi Manu data
10-22 19:42:52.739  9273  9310 I chatty  : uid=1002(bluetooth) BT Service Call identical 9 lines
10-22 19:42:52.740  9273  9310 D ScanRecord: Not a Multi Manu data
10-22 19:42:52.740 26429 26459 D GeckoIdleService: Register idle observer 0x742ec84168 for 5 seconds
10-22 19:42:52.740 26429 26459 D GeckoIdleService: Register: adjusting next switch from -1 to 5 seconds
10-22 19:42:52.740 26429 26459 D GeckoIdleService: next timeout 4996 msec from now
10-22 19:42:52.740 26429 26459 D GeckoIdleService: SetTimerExpiryIfBefore: next timeout 4996 msec from now
10-22 19:42:52.740 26429 26459 D GeckoIdleService: reset timer expiry to 5006 msec from now
10-22 19:42:52.742  9273  9310 D ScanRecord: Not a Multi Manu data
10-22 19:42:52.742  9273  9310 I chatty  : uid=1002(bluetooth) BT Service Call identical 9 lines
10-22 19:42:52.742  9273  9310 D ScanRecord: Not a Multi Manu data
10-22 19:42:52.757  3447  3447 I SurfaceFlinger: Display 0 HWC layers:
10-22 19:42:52.757  3447  3447 I SurfaceFlinger:     type    |    handle    | flag |  format   |   source crop (l,t,r,b)    |         frame       | name 
10-22 19:42:52.757  3447  3447 I SurfaceFlinger: ------------+--------------+------+-----------+----------------------------+---------------------+------
10-22 19:42:52.757  3447  3447 I SurfaceFlinger:      Device | 0x7ea5024c00 | 0000 | RGBx_8888 |   0.0    0.0  720.0 1238.0 |    0   42  720 1280 | SurfaceView - org.mozilla.fenix/org.mozilla.fenix.App@6a6c157@0#0
10-22 19:42:52.757  3447  3447 I SurfaceFlinger:      Device | 0x7ea5024cc0 | 0000 | RGBA_8888 |   0.0    0.0  720.0 1280.0 |    0    0  720 1280 | org.mozilla.fenix/org.mozilla.fenix.App#0
10-22 19:42:52.757  3447  3447 I SurfaceFlinger:      Device | 0x7ea5024780 | 0000 | RGBA_8888 |   0.0    0.0  720.0   42.0 |    0    0  720   42 | StatusBar#0
10-22 19:42:52.757  3447  3447 I SurfaceFlinger: 
10-22 19:42:52.758 26429 26429 I GeckoSession: handleMessage GeckoView:PageStart uri=
10-22 19:42:52.765  3599  3918 D DnsProxyListener: DNSDBG::dns addrinfo af 0
10-22 19:42:52.766  3599  3918 I chatty  : uid=0(root) /system/bin/netd identical 2 lines
10-22 19:42:52.772  3599  3918 D DnsProxyListener: DNSDBG::dns addrinfo af 0
10-22 19:42:52.773 26382 26703 I BatteryMgr:DataCollectionService: stats => 1697996572772,197,4160,173,0,100
10-22 19:42:52.774  9273  9310 D ScanRecord: Not a Multi Manu data
10-22 19:42:52.774  9273  9310 I chatty  : uid=1002(bluetooth) BT Service Call identical 9 lines
10-22 19:42:52.774  9273  9310 D ScanRecord: Not a Multi Manu data
10-22 19:42:52.777  3599  3918 D DnsProxyListener: DNSDBG::dns addrinfo af 0
10-22 19:42:52.795  3599  3918 I chatty  : uid=0(root) /system/bin/netd identical 3 lines
10-22 19:42:52.799  3599  3918 D DnsProxyListener: DNSDBG::dns addrinfo af 0
10-22 19:42:52.800  9273  9310 D ScanRecord: Not a Multi Manu data
10-22 19:42:52.800  9273  9310 I chatty  : uid=1002(bluetooth) BT Service Call identical 9 lines
10-22 19:42:52.800  9273  9310 D ScanRecord: Not a Multi Manu data
10-22 19:42:52.806  3957  9502 D StorageManagerService: getExternalStorageMountMode : 1
10-22 19:42:52.806  3957  9502 D StorageManagerService: getExternalStorageMountMode : 3
10-22 19:42:52.807  3599  3918 D DnsProxyListener: DNSDBG::dns addrinfo af 0
10-22 19:42:52.807  3957  9502 D StorageManagerService: getExternalStorageMountMode : final mountMode=1, uid : 10169, packageName : org.mozilla.fenix
10-22 19:42:52.807  3957  9502 I ApplicationPolicy: isApplicationExternalStorageWhitelisted:org.mozilla.fenix user:0
10-22 19:42:52.807  3957  9502 D ApplicationPolicy: isApplicationExternalStorageWhitelisted: DO is not enabled on user 0. Allowed.
10-22 19:42:52.807  3957  9502 D ActivityManager: package  org.mozilla.fenix, user - 0 is SDcard whitelisted
10-22 19:42:52.807  9273  9310 D ScanRecord: Not a Multi Manu data
10-22 19:42:52.807  3957  9502 I ApplicationPolicy: isApplicationExternalStorageBlacklisted:org.mozilla.fenix user:0
10-22 19:42:52.808  9273  9310 D ScanRecord: Not a Multi Manu data
10-22 19:42:52.808  9273  9310 I chatty  : uid=1002(bluetooth) BT Service Call identical 2 lines
10-22 19:42:52.808  9273  9310 D ScanRecord: Not a Multi Manu data
10-22 19:42:52.808  3957  9502 D ApplicationPolicy: isApplicationExternalStorageBlacklisted: DO is not enabled on user 0. Allowed.
10-22 19:42:52.808  9273  9310 D ScanRecord: Not a Multi Manu data
10-22 19:42:52.811  9273  9310 I chatty  : uid=1002(bluetooth) BT Service Call identical 15 lines
10-22 19:42:52.811  9273  9310 D ScanRecord: Not a Multi Manu data
10-22 19:42:52.822  3957  9502 I ActivityManager: Start proc 26749:org.mozilla.fenix:tab20/u0a169 for service org.mozilla.fenix/org.mozilla.gecko.process.GeckoChildProcessServices$tab20
10-22 19:42:52.824 26749 26749 E Zygote  : isWhitelistProcess - Process is Whitelisted
10-22 19:42:52.825 26749 26749 E libpersona: scanKnoxPersonas
10-22 19:42:52.825 26749 26749 E libpersona: Couldn't open the File - /data/system/users/0/personalist.xml - No such file or directory
10-22 19:42:52.828 26749 26749 W SELinux : SELinux selinux_android_compute_policy_index : Policy Index[2],  Con:u:r:zygote:s0 RAM:SEPF_SM-J720F_8.0.0_0002, [-1 -1 -1 -1 0 1]
10-22 19:42:52.829 26749 26749 I SELinux : SELinux: seapp_context_lookup: seinfo=untrusted, level=s0:c512,c768, pkgname=org.mozilla.fenix:tab20 
10-22 19:42:52.836  9273  9310 D ScanRecord: Not a Multi Manu data
10-22 19:42:52.845  9273  9310 I chatty  : uid=1002(bluetooth) BT Service Call identical 42 lines
10-22 19:42:52.845  9273  9310 D ScanRecord: Not a Multi Manu data
10-22 19:42:52.854 26749 26749 D TimaKeyStoreProvider: TimaKeyStore is not enabled: cannot add TimaSignature Service and generateKeyPair Service
10-22 19:42:52.854  9273  9310 D ScanRecord: Not a Multi Manu data
10-22 19:42:52.854  9273  9310 I chatty  : uid=1002(bluetooth) BT Service Call identical 9 lines
10-22 19:42:52.854  9273  9310 D ScanRecord: Not a Multi Manu data
10-22 19:42:52.855 26749 26749 D ActivityThread: Added TimaKeyStore provider
10-22 19:42:52.857  3957  9502 I ActivityManager: DSS on for org.mozilla.fenix and scale is 1.0
10-22 19:42:52.861  9273  9310 D ScanRecord: Not a Multi Manu data
10-22 19:42:52.862  9273  9310 I chatty  : uid=1002(bluetooth) BT Service Call identical 9 lines
10-22 19:42:52.862  9273  9310 D ScanRecord: Not a Multi Manu data
10-22 19:42:52.875  3957  4129 D WifiStateMachine:  ConnectedState !CMD_RSSI_POLL rt=602979460/1658954932 122 0 "ourhome" f4:6d:2f:12:cc:88 rssi=-47 f=5240 sc=60 link=433 tx=0.7, 0.0, 0.0  rx=23.5 bcn=595218 [on:0 tx:0 rx:0 period:349] from screen [on:246709 period:1516543] score=60
10-22 19:42:52.876  3957  4129 D WifiStateMachine:  L2ConnectedState !CMD_RSSI_POLL rt=602979461/1658954933 122 0 "ourhome" f4:6d:2f:12:cc:88 rssi=-47 f=5240 sc=60 link=433 tx=0.7, 0.0, 0.0  rx=23.5 bcn=595218 [on:0 tx:0 rx:0 period:1] from screen [on:246709 period:1516544] score=60
10-22 19:42:52.876  3957  4129 D WifiStateMachine:  get link layer stats 3
10-22 19:42:52.877  3436  3436 I android.hardware.wifi@1.0-service: getLinkLayerStats
10-22 19:42:52.881  3957  4129 D WifiStateMachine: fetchRssiLinkSpeedAndFrequencyNative rssi=-47 linkspeed=433 freq=5240
10-22 19:42:52.881  3957  4129 V WifiConfigManager: Updating scan detail cache freq=5240 BSSID=f4:6d:2f:12:cc:88 RSSI=-46 for "ourhome"WPA_PSK
10-22 19:42:52.881 26749 26749 I zygote64: no shared libraies, dex_files: 1
10-22 19:42:52.882 26382 26703 I BatteryMgr:DataCollectionService: stats => 1697996572882,197,4160,173,0,100
10-22 19:42:52.885  4340  4340 E SignalClusterView: setSlotFocusVisible : subId -2
10-22 19:42:52.885  4340  4340 E SignalClusterView: setSlotFocusVisible : subId -2
10-22 19:42:52.889  9273  9310 D ScanRecord: Not a Multi Manu data
10-22 19:42:52.946  9273  9310 I chatty  : uid=1002(bluetooth) BT Service Call identical 53 lines
10-22 19:42:52.946  9273  9310 D ScanRecord: Not a Multi Manu data
10-22 19:42:52.949 26749 26749 I ServiceChildProcess: onCreate
10-22 19:42:52.950  9273  9310 D ScanRecord: Not a Multi Manu data
10-22 19:42:52.950  9273  9310 I chatty  : uid=1002(bluetooth) BT Service Call identical 9 lines
10-22 19:42:52.950  9273  9310 D ScanRecord: Not a Multi Manu data
10-22 19:42:52.950 26749 26774 I GeckoThread: preparing to run Gecko
10-22 19:42:52.951  9273  9310 D ScanRecord: Not a Multi Manu data
10-22 19:42:52.951  9273  9310 I chatty  : uid=1002(bluetooth) BT Service Call identical 9 lines
10-22 19:42:52.951  9273  9310 D ScanRecord: Not a Multi Manu data
10-22 19:42:52.954 26429 26459 W AudioCapabilities: Unsupported mime audio/mpeg-L1
10-22 19:42:52.954 26429 26459 W AudioCapabilities: Unsupported mime audio/mpeg-L2
10-22 19:42:52.954 26429 26459 W AudioCapabilities: Unsupported mime audio/x-ms-wma
10-22 19:42:52.954 26429 26459 W AudioCapabilities: Unsupported mime audio/x-ima
10-22 19:42:52.955 26429 26459 W VideoCapabilities: Unrecognized profile 2130706433 for video/avc
10-22 19:42:52.955 26429 26459 W VideoCapabilities: Unrecognized profile 2130706434 for video/avc
10-22 19:42:52.955 26749 26774 W linker  : "/data/app/org.mozilla.fenix-iWpGOrf8cry6RDpwHyQugA==/lib/arm64/libmozglue.so" unused DT entry: type 0x8000024 arg 0x38f70
10-22 19:42:52.955 26749 26774 W linker  : "/data/app/org.mozilla.fenix-iWpGOrf8cry6RDpwHyQugA==/lib/arm64/libmozglue.so" unused DT entry: type 0x8000023 arg 0x1f8
10-22 19:42:52.956 26749 26774 W linker  : "/data/app/org.mozilla.fenix-iWpGOrf8cry6RDpwHyQugA==/lib/arm64/libmozglue.so" unused DT entry: type 0x8000025 arg 0x8
10-22 19:42:52.958 26429 26459 W VideoCapabilities: Unrecognized profile/level 1/32 for video/mp4v-es
10-22 19:42:52.958 26429 26459 W VideoCapabilities: Unrecognized profile/level 32768/2 for video/mp4v-es
10-22 19:42:52.958 26429 26459 W VideoCapabilities: Unrecognized profile/level 32768/64 for video/mp4v-es
10-22 19:42:52.958 26429 26459 W VideoCapabilities: Unsupported mime video/wvc1
10-22 19:42:52.959 26429 26459 W VideoCapabilities: Unsupported mime video/x-ms-wmv
10-22 19:42:52.959 26749 26774 I GeckoLoader: Library base=/data/app/org.mozilla.fenix-iWpGOrf8cry6RDpwHyQugA==/lib/arm64
10-22 19:42:52.959 26749 26774 I GeckoLoader: Library base=/data/app/org.mozilla.fenix-iWpGOrf8cry6RDpwHyQugA==/lib/arm64
10-22 19:42:52.959 26429 26459 W VideoCapabilities: Unsupported mime video/x-ms-wmv7
10-22 19:42:52.960 26429 26459 W VideoCapabilities: Unsupported mime video/x-ms-wmv8
10-22 19:42:52.960 26749 26774 E GeckoLibLoad: Load sqlite start
10-22 19:42:52.961 26429 26459 W VideoCapabilities: Unsupported mime video/mp43
10-22 19:42:52.961  9273  9310 D ScanRecord: Not a Multi Manu data
10-22 19:42:52.961  9273  9310 I chatty  : uid=1002(bluetooth) BT Service Call identical 2 lines
10-22 19:42:52.961  9273  9310 D ScanRecord: Not a Multi Manu data
10-22 19:42:52.961 26749 26774 W linker  : "/data/app/org.mozilla.fenix-iWpGOrf8cry6RDpwHyQugA==/lib/arm64/libnss3.so" unused DT entry: type 0x8000024 arg 0x14998
10-22 19:42:52.962  9273  9310 D ScanRecord: Not a Multi Manu data
10-22 19:42:52.962  9273  9310 I chatty  : uid=1002(bluetooth) BT Service Call identical 5 lines
10-22 19:42:52.962  9273  9310 D ScanRecord: Not a Multi Manu data
10-22 19:42:52.962 26749 26774 W linker  : "/data/app/org.mozilla.fenix-iWpGOrf8cry6RDpwHyQugA==/lib/arm64/libnss3.so" unused DT entry: type 0x8000023 arg 0x5c8
10-22 19:42:52.962 26749 26774 W linker  : "/data/app/org.mozilla.fenix-iWpGOrf8cry6RDpwHyQugA==/lib/arm64/libnss3.so" unused DT entry: type 0x8000025 arg 0x8
10-22 19:42:52.963 26749 26774 E GeckoLibLoad: Load sqlite done
10-22 19:42:52.963 26749 26774 I GeckoLoader: Library base=/data/app/org.mozilla.fenix-iWpGOrf8cry6RDpwHyQugA==/lib/arm64
10-22 19:42:52.964 26749 26774 E GeckoLibLoad: Load nss start
10-22 19:42:52.964 26749 26774 E GeckoLibLoad: Load nss done
10-22 19:42:52.964 26749 26774 I GeckoLoader: Library base=/data/app/org.mozilla.fenix-iWpGOrf8cry6RDpwHyQugA==/lib/arm64
10-22 19:42:52.967 26749 26774 W linker  : "/data/app/org.mozilla.fenix-iWpGOrf8cry6RDpwHyQugA==/lib/arm64/libxul.so" unused DT entry: type 0x8000024 arg 0x539420
10-22 19:42:52.968 26749 26774 W linker  : "/data/app/org.mozilla.fenix-iWpGOrf8cry6RDpwHyQugA==/lib/arm64/libxul.so" unused DT entry: type 0x8000023 arg 0x17d68
10-22 19:42:52.968 26749 26774 W linker  : "/data/app/org.mozilla.fenix-iWpGOrf8cry6RDpwHyQugA==/lib/arm64/libxul.so" unused DT entry: type 0x8000025 arg 0x8
10-22 19:42:52.980  9273  9310 D ScanRecord: Not a Multi Manu data
10-22 19:42:52.986  9273  9310 I chatty  : uid=1002(bluetooth) BT Service Call identical 20 lines
10-22 19:42:52.986  9273  9310 D ScanRecord: Not a Multi Manu data
10-22 19:42:52.992 26382 26703 I BatteryMgr:DataCollectionService: stats => 1697996572992,197,4160,173,0,100
10-22 19:42:52.995  3599  3918 D DnsProxyListener: DNSDBG::dns addrinfo af 0
10-22 19:42:52.995  3957  9502 D ConnectivityService: filterNetworkStateForUid() uid: 10169 networkInfo: [type: WIFI[] - WIFI, state: CONNECTED/CONNECTED, reason: (unspecified), extra: "ourhome", failover: false, available: true, roaming: false, metered: false]
10-22 19:42:52.996  3957  9502 D WifiService: getConnectionInfo uid=1000
10-22 19:42:52.997  9273  9310 D ScanRecord: Not a Multi Manu data
10-22 19:42:53.003 26749 26774 E GeckoLibLoad: Loaded libs in 38.608270ms total, 16ms(36ms) user, 20ms(20ms) system, 0(0) faults
10-22 19:42:53.003  9273  9310 I chatty  : uid=1002(bluetooth) BT Service Call expire 23 lines
10-22 19:42:53.003  9273  9310 D ScanRecord: Not a Multi Manu data
10-22 19:42:53.003  9273  9310 D ScanRecord: Not a Multi Manu data
10-22 19:42:53.003  9273  9310 I chatty  : uid=1002(bluetooth) BT Service Call identical 5 lines
10-22 19:42:53.003  9273  9310 D ScanRecord: Not a Multi Manu data
10-22 19:42:53.003 26749 26774 W GeckoThread: zerdatime 1658955061 - runGecko
10-22 19:42:53.003  9273  9310 D ScanRecord: Not a Multi Manu data
10-22 19:42:53.005 26429 26626 I libglean_ffi: glean_core::upload: Ping e0c68d5e-108f-449c-b2bf-8777c5a05f19 successfully sent 200.
10-22 19:42:53.009 26429 26626 I libglean_ffi: glean_core::upload::directory: File was deleted /data/user/0/org.mozilla.fenix/glean_data/pending_pings/e0c68d5e-108f-449c-b2bf-8777c5a05f19
10-22 19:42:53.010 26429 26626 I libglean_ffi: glean_core::upload: New upload task with id 6c7976f8-c1b2-4218-88f9-1377802f3df7 (path: /submit/org-mozilla-fenix/baseline/1/6c7976f8-c1b2-4218-88f9-1377802f3df7)
10-22 19:42:53.015  9273  9310 D ScanRecord: Not a Multi Manu data
10-22 19:42:53.050  9273  9310 I chatty  : uid=1002(bluetooth) BT Service Call identical 42 lines
10-22 19:42:53.050  9273  9310 D ScanRecord: Not a Multi Manu data
10-22 19:42:53.087  3599  3918 D DnsProxyListener: DNSDBG::dns addrinfo af 0
10-22 19:42:53.088  3957  9502 I chatty  : uid=1000(system) Binder:3957_15 identical 1 line
10-22 19:42:53.088  3957  9502 D WifiService: getConnectionInfo uid=1000
10-22 19:42:53.092  3599  3918 D DnsProxyListener: DNSDBG::dns addrinfo af 0
10-22 19:42:53.092  3957  9502 D ConnectivityService: filterNetworkStateForUid() uid: 10169 networkInfo: [type: WIFI[] - WIFI, state: CONNECTED/CONNECTED, reason: (unspecified), extra: "ourhome", failover: false, available: true, roaming: false, metered: false]
10-22 19:42:53.092  3957  9502 D WifiService: getConnectionInfo uid=1000
10-22 19:42:53.094  3957  3957 D PreBindingService: handleMessage : 1
10-22 19:42:53.102  3599  3918 D DnsProxyListener: DNSDBG::dns addrinfo af 0
10-22 19:42:53.103  3599  3918 I chatty  : uid=0(root) /system/bin/netd identical 1 line
10-22 19:42:53.105  3599  3918 D DnsProxyListener: DNSDBG::dns addrinfo af 0
10-22 19:42:53.106 26382 26703 I BatteryMgr:DataCollectionService: stats => 1697996573105,197,4160,173,0,100
10-22 19:42:53.110 26512 26548 W linker  : "/data/app/org.mozilla.fenix-iWpGOrf8cry6RDpwHyQugA==/lib/arm64/libsoftokn3.so" unused DT entry: type 0x8000024 arg 0x2580
10-22 19:42:53.111 26512 26548 W linker  : "/data/app/org.mozilla.fenix-iWpGOrf8cry6RDpwHyQugA==/lib/arm64/libsoftokn3.so" unused DT entry: type 0x8000023 arg 0x70
10-22 19:42:53.111 26512 26548 W linker  : "/data/app/org.mozilla.fenix-iWpGOrf8cry6RDpwHyQugA==/lib/arm64/libsoftokn3.so" unused DT entry: type 0x8000025 arg 0x8
10-22 19:42:53.112 26512 26548 W linker  : "/data/app/org.mozilla.fenix-iWpGOrf8cry6RDpwHyQugA==/lib/arm64/libfreebl3.so" unused DT entry: type 0x8000024 arg 0xe78
10-22 19:42:53.112 26512 26548 W linker  : "/data/app/org.mozilla.fenix-iWpGOrf8cry6RDpwHyQugA==/lib/arm64/libfreebl3.so" unused DT entry: type 0x8000023 arg 0x68
10-22 19:42:53.112 26512 26548 W linker  : "/data/app/org.mozilla.fenix-iWpGOrf8cry6RDpwHyQugA==/lib/arm64/libfreebl3.so" unused DT entry: type 0x8000025 arg 0x8
10-22 19:42:53.125  3599  3918 D DnsProxyListener: DNSDBG::dns addrinfo af 0
10-22 19:42:53.216 26382 26703 I BatteryMgr:DataCollectionService: stats => 1697996573215,197,4160,173,0,100
10-22 19:42:53.262  3599  3918 D DnsProxyListener: DNSDBG::dns addrinfo af 0
10-22 19:42:53.264  3957  3967 D ConnectivityService: filterNetworkStateForUid() uid: 10169 networkInfo: [type: WIFI[] - WIFI, state: CONNECTED/CONNECTED, reason: (unspecified), extra: "ourhome", failover: false, available: true, roaming: false, metered: false]
10-22 19:42:53.264  3957  3967 D WifiService: getConnectionInfo uid=1000
10-22 19:42:53.276 26429 26626 I libglean_ffi: glean_core::upload: Ping 6c7976f8-c1b2-4218-88f9-1377802f3df7 successfully sent 200.
10-22 19:42:53.280 26429 26626 I libglean_ffi: glean_core::upload::directory: File was deleted /data/user/0/org.mozilla.fenix/glean_data/pending_pings/6c7976f8-c1b2-4218-88f9-1377802f3df7
10-22 19:42:53.283 26429 26626 I libglean_ffi: glean_core::upload: No more pings to upload! You are done.
10-22 19:42:53.287 26429 26467 I WM-WorkerWrapper: Worker result SUCCESS for Work [ id=f0b883c1-c82b-412d-bf3b-79dcf3593cd3, tags={ mozilla.telemetry.glean.scheduler.PingUploadWorker, mozac_service_glean_ping_upload_worker } ]
10-22 19:42:53.291 26429 26429 D ConnectivityManager: unregisterNetworkCallback; CallingUid : 10169, CallingPid : 26429
10-22 19:42:53.291  3957  4157 D ConnectivityService: releasing NetworkRequest [ TRACK_DEFAULT id=2312, [ Capabilities: INTERNET&NOT_RESTRICTED&TRUSTED&NOT_VPN] ] (CALLBACK_RELEASED)
10-22 19:42:53.292  3957  4157 D ConnectivityService:  Removing from current network NetworkAgentInfo [WIFI () - 509], leaving 14 requests.
10-22 19:42:53.293  3957  4157 D ConnectivityService: sending notification RELEASED for NetworkRequest [ TRACK_DEFAULT id=2312, [ Capabilities: INTERNET&NOT_RESTRICTED&TRUSTED&NOT_VPN] ]
10-22 19:42:53.323 26382 26703 I BatteryMgr:DataCollectionService: stats => 1697996573323,197,4160,173,0,100
10-22 19:42:53.371  3599  3918 D DnsProxyListener: DNSDBG::dns addrinfo af 0
10-22 19:42:53.432 26382 26703 I BatteryMgr:DataCollectionService: stats => 1697996573432,197,4160,173,0,100
10-22 19:42:53.449  3957  4128 D WifiService: getConnectionInfo uid=1000
10-22 19:42:53.526  3957  4129 D WifiStateMachine:  ConnectedState !RSSI_PKTCNT_FETCH uid=1000 rt=602980110/1658955583 0 0 "ourhome" f4:6d:2f:12:cc:88 rssi=-47 f=5240 sc=60 link=433 tx=72.5, 0.0, 0.0  rx=80.8 bcn=595247 [on:0 tx:0 rx:0 period:643] from screen [on:247656 period:1517194] score=60
10-22 19:42:53.527  3957  4129 D WifiStateMachine:  L2ConnectedState !RSSI_PKTCNT_FETCH uid=1000 rt=602980111/1658955584 0 0 "ourhome" f4:6d:2f:12:cc:88 rssi=-47 f=5240 sc=60 link=433 tx=72.5, 0.0, 0.0  rx=80.8 bcn=595247 [on:0 tx:0 rx:0 period:1] from screen [on:247656 period:1517195] score=60
10-22 19:42:53.528  3957  4129 D WifiStateMachine: fetchRssiLinkSpeedAndFrequencyNative rssi=-47 linkspeed=433 freq=5240
10-22 19:42:53.528  3957  4129 V WifiConfigManager: Updating scan detail cache freq=5240 BSSID=f4:6d:2f:12:cc:88 RSSI=-46 for "ourhome"WPA_PSK
10-22 19:42:53.540 26382 26703 I BatteryMgr:DataCollectionService: stats => 1697996573540,197,4160,173,0,100
10-22 19:42:53.656 26382 26703 I BatteryMgr:DataCollectionService: stats => 1697996573655,197,4160,173,0,100
10-22 19:42:53.741 26429 26429 W GeckoSession: No history entries found.
10-22 19:42:53.768 26382 26703 I BatteryMgr:DataCollectionService: stats => 1697996573768,197,4160,173,0,100
10-22 19:42:53.887 26382 26703 I BatteryMgr:DataCollectionService: stats => 1697996573887,197,4160,173,0,100
10-22 19:42:54.003 26382 26703 I BatteryMgr:DataCollectionService: stats => 1697996574003,197,4160,173,0,100
10-22 19:42:54.121 26382 26703 I BatteryMgr:DataCollectionService: stats => 1697996574121,197,4160,173,0,100
10-22 19:42:54.231 26382 26703 I BatteryMgr:DataCollectionService: stats => 1697996574231,197,4160,173,0,100
10-22 19:42:54.341 26382 26703 I BatteryMgr:DataCollectionService: stats => 1697996574341,197,4160,173,0,100
10-22 19:42:54.426  4961  4961 D io_stats: !@ 179,0 r 10136076 332773896 w 2159837 42279896 d 173987 37259760 f 640143 665611 iot 4634744 3993767 th 51200 0 0 pt 0 inp 0 0 602981.010
10-22 19:42:54.451  3957  4128 D WifiService: getConnectionInfo uid=1000
10-22 19:42:54.453 26382 26703 I BatteryMgr:DataCollectionService: stats => 1697996574453,197,4160,173,0,100
10-22 19:42:54.528  3957  4129 D WifiStateMachine:  ConnectedState !RSSI_PKTCNT_FETCH uid=1000 rt=602981112/1658956584 0 0 "ourhome" f4:6d:2f:12:cc:88 rssi=-47 f=5240 sc=60 link=433 tx=72.5, 0.0, 0.0  rx=80.8 bcn=595247 [on:0 tx:0 rx:0 period:1000] from screen [on:247656 period:1518195] score=60
10-22 19:42:54.529  3957  4129 D WifiStateMachine:  L2ConnectedState !RSSI_PKTCNT_FETCH uid=1000 rt=602981113/1658956586 0 0 "ourhome" f4:6d:2f:12:cc:88 rssi=-47 f=5240 sc=60 link=433 tx=72.5, 0.0, 0.0  rx=80.8 bcn=595247 [on:0 tx:0 rx:0 period:2] from screen [on:247656 period:1518197] score=60
10-22 19:42:54.535  3957  4129 D WifiStateMachine: fetchRssiLinkSpeedAndFrequencyNative rssi=-45 linkspeed=433 freq=5240
10-22 19:42:54.535  3957  4129 V WifiConfigManager: Updating scan detail cache freq=5240 BSSID=f4:6d:2f:12:cc:88 RSSI=-45 for "ourhome"WPA_PSK
10-22 19:42:54.563 26382 26703 I BatteryMgr:DataCollectionService: stats => 1697996574563,197,4160,173,0,100
10-22 19:42:54.672 26382 26703 I BatteryMgr:DataCollectionService: stats => 1697996574672,197,4160,173,0,100
10-22 19:42:54.780 26382 26703 I BatteryMgr:DataCollectionService: stats => 1697996574780,197,4160,173,0,100
10-22 19:42:54.828  3957  3967 D ConnectivityService: filterNetworkStateForUid() uid: 10169 networkInfo: [type: WIFI[] - WIFI, state: CONNECTED/CONNECTED, reason: (unspecified), extra: "ourhome", failover: false, available: true, roaming: false, metered: false]
10-22 19:42:54.828  3957  3967 D WifiService: getConnectionInfo uid=1000
10-22 19:42:54.896 26382 26703 I BatteryMgr:DataCollectionService: stats => 1697996574896,197,4160,173,0,100
10-22 19:42:54.942  3957  3967 D ConnectivityService: filterNetworkStateForUid() uid: 10169 networkInfo: [type: WIFI[] - WIFI, state: CONNECTED/CONNECTED, reason: (unspecified), extra: "ourhome", failover: false, available: true, roaming: false, metered: false]
10-22 19:42:54.942  3957  3967 D WifiService: getConnectionInfo uid=1000
10-22 19:42:55.012 26382 26703 I BatteryMgr:DataCollectionService: stats => 1697996575012,197,4160,173,0,100
10-22 19:42:55.081  3957  6478 D WifiService: getConnectionInfo uid=1000
10-22 19:42:55.122 26382 26703 I BatteryMgr:DataCollectionService: stats => 1697996575122,197,4160,173,0,100
10-22 19:42:55.240 26382 26703 I BatteryMgr:DataCollectionService: stats => 1697996575239,197,4160,173,0,100
10-22 19:42:55.257 26576 26661 E vulkan  : invalid vkGetInstanceProcAddr(VK_NULL_HANDLE, "vkEnumerateInstanceVersion") call
10-22 19:42:55.258 26576 26661 E vulkan  : invalid vkGetInstanceProcAddr(VK_NULL_HANDLE, "vkEnumerateInstanceVersion") call
10-22 19:42:55.261 26576 26661 D vulkan  : searching for layers in '/data/app/org.mozilla.fenix-iWpGOrf8cry6RDpwHyQugA==/lib/arm64'
10-22 19:42:55.268 26576 26661 D vulkan  : searching for layers in '/data/app/org.mozilla.fenix-iWpGOrf8cry6RDpwHyQugA==/base.apk!/lib/arm64-v8a'
10-22 19:42:55.271 26576 26661 D vulkan  : vulkan api version_1_0 1.0.0
10-22 19:42:55.271 26576 26661 D vulkan  : vulkan header version 46
10-22 19:42:55.309  3599  3918 D DnsProxyListener: DNSDBG::dns addrinfo af 0
