10-22 19:55:08.389 28357 28652 I BatteryMgr:DataCollectionService: stats => 1697997308389,-70,4160,-67,0,100
10-22 19:55:08.498 28357 28652 I BatteryMgr:DataCollectionService: stats => 1697997308498,-70,4160,-67,0,100
10-22 19:55:08.603 28357 28652 I BatteryMgr:DataCollectionService: stats => 1697997308603,-70,4160,-67,0,100
10-22 19:55:08.605  3957  4129 D WifiStateMachine:  ConnectedState !RSSI_PKTCNT_FETCH uid=1000 rt=603715190/1659690662 0 0 "ourhome" f4:6d:2f:12:cc:88 rssi=-44 f=5240 sc=60 link=433 tx=9.0, 0.0, 0.0  rx=14.8 bcn=602156 [on:0 tx:0 rx:0 period:998] from screen [on:376093 period:2252273] score=60
10-22 19:55:08.607  3957  4129 D WifiStateMachine:  L2ConnectedState !RSSI_PKTCNT_FETCH uid=1000 rt=603715191/1659690664 0 0 "ourhome" f4:6d:2f:12:cc:88 rssi=-44 f=5240 sc=60 link=433 tx=9.0, 0.0, 0.0  rx=14.8 bcn=602156 [on:0 tx:0 rx:0 period:2] from screen [on:376093 period:2252275] score=60
10-22 19:55:08.613  3957  4129 D WifiStateMachine: fetchRssiLinkSpeedAndFrequencyNative rssi=-44 linkspeed=433 freq=5240
10-22 19:55:08.613  3957  4129 V WifiConfigManager: Updating scan detail cache freq=5240 BSSID=f4:6d:2f:12:cc:88 RSSI=-44 for "ourhome"WPA_PSK
10-22 19:55:08.682 28401 28412 I zygote64: Background concurrent copying GC freed 252160(7MB) AllocSpace objects, 0(0B) LOS objects, 49% free, 6MB/12MB, paused 6.309ms total 203.299ms
10-22 19:55:08.709 28357 28652 I BatteryMgr:DataCollectionService: stats => 1697997308709,-70,4160,-67,0,100
10-22 19:55:08.814 28357 28652 I BatteryMgr:DataCollectionService: stats => 1697997308814,-70,4160,-67,0,100
10-22 19:55:08.920 28357 28652 I BatteryMgr:DataCollectionService: stats => 1697997308919,-70,4160,-67,0,100
10-22 19:55:09.033 28357 28652 I BatteryMgr:DataCollectionService: stats => 1697997309032,-70,4160,-67,0,100
10-22 19:55:09.141 28357 28652 I BatteryMgr:DataCollectionService: stats => 1697997309141,-70,4160,-67,0,100
10-22 19:55:09.248 28357 28652 I BatteryMgr:DataCollectionService: stats => 1697997309247,-70,4160,-67,0,100
10-22 19:55:09.255  3957  4128 D WifiService: getConnectionInfo uid=1000
10-22 19:55:09.354 28357 28652 I BatteryMgr:DataCollectionService: stats => 1697997309354,-70,4160,-67,0,100
10-22 19:55:09.464 28357 28652 I BatteryMgr:DataCollectionService: stats => 1697997309463,-70,4160,-67,0,100
10-22 19:55:09.581 28357 28652 I BatteryMgr:DataCollectionService: stats => 1697997309581,-70,4160,-67,0,100
10-22 19:55:09.609  3957  4129 D WifiStateMachine:  ConnectedState !RSSI_PKTCNT_FETCH uid=1000 rt=603716192/1659691665 0 0 "ourhome" f4:6d:2f:12:cc:88 rssi=-44 f=5240 sc=60 link=433 tx=9.0, 0.0, 0.0  rx=14.8 bcn=602156 [on:0 tx:0 rx:0 period:1002] from screen [on:376093 period:2253277] score=60
10-22 19:55:09.612  3957  4129 D WifiStateMachine:  L2ConnectedState !RSSI_PKTCNT_FETCH uid=1000 rt=603716195/1659691668 0 0 "ourhome" f4:6d:2f:12:cc:88 rssi=-44 f=5240 sc=60 link=433 tx=9.0, 0.0, 0.0  rx=14.8 bcn=602156 [on:0 tx:0 rx:0 period:3] from screen [on:376093 period:2253280] score=60
10-22 19:55:09.617  3957  4129 D WifiStateMachine: fetchRssiLinkSpeedAndFrequencyNative rssi=-46 linkspeed=433 freq=5240
10-22 19:55:09.618  3957  4129 V WifiConfigManager: Updating scan detail cache freq=5240 BSSID=f4:6d:2f:12:cc:88 RSSI=-45 for "ourhome"WPA_PSK
10-22 19:55:09.691 28357 28652 I BatteryMgr:DataCollectionService: stats => 1697997309690,-70,4160,-67,0,100
10-22 19:55:09.800 28357 28652 I BatteryMgr:DataCollectionService: stats => 1697997309800,-70,4160,-67,0,100
10-22 19:55:09.882  3957  4129 D WifiStateMachine:  ConnectedState !CMD_RSSI_POLL rt=603716465/1659691938 122 0 "ourhome" f4:6d:2f:12:cc:88 rssi=-46 f=5240 sc=60 link=433 tx=9.0, 0.0, 0.0  rx=14.8 bcn=602156 [on:0 tx:0 rx:0 period:269] from screen [on:376093 period:2253549] score=60
10-22 19:55:09.884  3957  4129 D WifiStateMachine:  L2ConnectedState !CMD_RSSI_POLL rt=603716467/1659691940 122 0 "ourhome" f4:6d:2f:12:cc:88 rssi=-46 f=5240 sc=60 link=433 tx=9.0, 0.0, 0.0  rx=14.8 bcn=602156 [on:0 tx:0 rx:0 period:3] from screen [on:376093 period:2253552] score=60
10-22 19:55:09.884  3957  4129 D WifiStateMachine:  get link layer stats 3
10-22 19:55:09.885  3436  3436 I android.hardware.wifi@1.0-service: getLinkLayerStats
10-22 19:55:09.904  3957  4129 D WifiStateMachine: fetchRssiLinkSpeedAndFrequencyNative rssi=-45 linkspeed=433 freq=5240
10-22 19:55:09.905  3957  4129 V WifiConfigManager: Updating scan detail cache freq=5240 BSSID=f4:6d:2f:12:cc:88 RSSI=-45 for "ourhome"WPA_PSK
10-22 19:55:09.915  4340  4340 E SignalClusterView: setSlotFocusVisible : subId -2
10-22 19:55:09.915  4340  4340 E SignalClusterView: setSlotFocusVisible : subId -2
10-22 19:55:09.916 28357 28652 I BatteryMgr:DataCollectionService: stats => 1697997309916,-70,4160,-67,0,100
10-22 19:55:09.991  4961  4961 D io_stats: !@ 179,0 r 10149566 333156284 w 2163407 42332812 d 174343 37274132 f 640521 666021 iot 4641852 3999875 th 51200 0 0 pt 0 inp 0 0 603716.576
10-22 19:55:10.024 28357 28652 I BatteryMgr:DataCollectionService: stats => 1697997310024,-70,4160,-67,0,100
10-22 19:55:10.136 28357 28652 I BatteryMgr:DataCollectionService: stats => 1697997310136,-70,4160,-67,0,100
10-22 19:55:10.243 28357 28652 I BatteryMgr:DataCollectionService: stats => 1697997310243,-70,4160,-67,0,100
10-22 19:55:10.257  3957  4128 D WifiService: getConnectionInfo uid=1000
10-22 19:55:10.350 28357 28652 I BatteryMgr:DataCollectionService: stats => 1697997310350,-70,4160,-67,0,100
10-22 19:55:10.464 28357 28652 I BatteryMgr:DataCollectionService: stats => 1697997310464,-70,4160,-67,0,100
10-22 19:55:10.579 28357 28652 I BatteryMgr:DataCollectionService: stats => 1697997310579,-70,4160,-67,0,100
10-22 19:55:10.612  3957  4129 D WifiStateMachine:  ConnectedState !RSSI_PKTCNT_FETCH uid=1000 rt=603717193/1659692666 0 0 "ourhome" f4:6d:2f:12:cc:88 rssi=-45 f=5240 sc=60 link=433 tx=3.9, 0.0, 0.0  rx=7.3 bcn=602181 [on:0 tx:0 rx:0 period:699] from screen [on:376615 period:2254280] score=60
10-22 19:55:10.614  3957  4129 D WifiStateMachine:  L2ConnectedState !RSSI_PKTCNT_FETCH uid=1000 rt=603717198/1659692671 0 0 "ourhome" f4:6d:2f:12:cc:88 rssi=-45 f=5240 sc=60 link=433 tx=3.9, 0.0, 0.0  rx=7.3 bcn=602181 [on:0 tx:0 rx:0 period:2] from screen [on:376615 period:2254282] score=60
10-22 19:55:10.621  3957  4129 D WifiStateMachine: fetchRssiLinkSpeedAndFrequencyNative rssi=-43 linkspeed=433 freq=5240
10-22 19:55:10.621  3957  4129 V WifiConfigManager: Updating scan detail cache freq=5240 BSSID=f4:6d:2f:12:cc:88 RSSI=-43 for "ourhome"WPA_PSK
10-22 19:55:10.686 28357 28652 I BatteryMgr:DataCollectionService: stats => 1697997310686,-70,4160,-67,0,100
10-22 19:55:10.791 28357 28652 I BatteryMgr:DataCollectionService: stats => 1697997310791,94,4160,14,0,100
10-22 19:55:10.902 28357 28652 I BatteryMgr:DataCollectionService: stats => 1697997310902,94,4160,14,0,100
10-22 19:55:11.019 28357 28652 I BatteryMgr:DataCollectionService: stats => 1697997311018,94,4160,14,0,100
10-22 19:55:11.125 28357 28652 I BatteryMgr:DataCollectionService: stats => 1697997311125,94,4160,14,0,100
10-22 19:55:11.218  3957  4650 D BatteryService: !@BatteryListener : batteryPropertiesChanged!
10-22 19:55:11.242 28357 28652 I BatteryMgr:DataCollectionService: stats => 1697997311242,94,4160,14,0,100
10-22 19:55:11.260  3957  4128 D WifiService: getConnectionInfo uid=1000
10-22 19:55:11.351 28357 28652 I BatteryMgr:DataCollectionService: stats => 1697997311351,94,4160,14,0,100
10-22 19:55:11.468 28357 28652 I BatteryMgr:DataCollectionService: stats => 1697997311468,94,4160,14,0,100
10-22 19:55:11.575 28357 28652 I BatteryMgr:DataCollectionService: stats => 1697997311575,94,4160,14,0,100
10-22 19:55:11.611  3957  4129 D WifiStateMachine:  ConnectedState !RSSI_PKTCNT_FETCH uid=1000 rt=603718194/1659693667 0 0 "ourhome" f4:6d:2f:12:cc:88 rssi=-43 f=5240 sc=60 link=433 tx=3.9, 0.0, 0.0  rx=7.3 bcn=602181 [on:0 tx:0 rx:0 period:997] from screen [on:376615 period:2255279] score=60
10-22 19:55:11.613  3957  4129 D WifiStateMachine:  L2ConnectedState !RSSI_PKTCNT_FETCH uid=1000 rt=603718197/1659693669 0 0 "ourhome" f4:6d:2f:12:cc:88 rssi=-43 f=5240 sc=60 link=433 tx=3.9, 0.0, 0.0  rx=7.3 bcn=602181 [on:0 tx:0 rx:0 period:1] from screen [on:376615 period:2255280] score=60
10-22 19:55:11.619  3957  4129 D WifiStateMachine: fetchRssiLinkSpeedAndFrequencyNative rssi=-43 linkspeed=433 freq=5240
10-22 19:55:11.619  3957  4129 V WifiConfigManager: Updating scan detail cache freq=5240 BSSID=f4:6d:2f:12:cc:88 RSSI=-43 for "ourhome"WPA_PSK
10-22 19:55:11.687 28357 28652 I BatteryMgr:DataCollectionService: stats => 1697997311687,94,4160,14,0,100
10-22 19:55:11.791 28357 28652 I BatteryMgr:DataCollectionService: stats => 1697997311791,94,4160,14,0,100
10-22 19:55:11.898 28357 28652 I BatteryMgr:DataCollectionService: stats => 1697997311898,94,4160,14,0,100
10-22 19:55:12.005 28357 28652 I BatteryMgr:DataCollectionService: stats => 1697997312005,94,4160,14,0,100
10-22 19:55:12.117 28357 28652 I BatteryMgr:DataCollectionService: stats => 1697997312117,94,4160,14,0,100
10-22 19:55:12.234 28357 28652 I BatteryMgr:DataCollectionService: stats => 1697997312234,94,4160,14,0,100
10-22 19:55:12.262  3957  4030 D SensorService: [SO] 0.211 -0.182 9.950
10-22 19:55:12.263  3957  4128 D WifiService: getConnectionInfo uid=1000
10-22 19:55:12.340 28357 28652 I BatteryMgr:DataCollectionService: stats => 1697997312340,94,4160,14,0,100
10-22 19:55:12.448 28357 28652 I BatteryMgr:DataCollectionService: stats => 1697997312448,94,4160,14,0,100
10-22 19:55:12.556 28357 28652 I BatteryMgr:DataCollectionService: stats => 1697997312556,94,4160,14,0,100
10-22 19:55:12.575  9273  9310 D ScanRecord: Not a Multi Manu data
10-22 19:55:12.609  9273  9310 I chatty  : uid=1002(bluetooth) BT Service Call identical 64 lines
10-22 19:55:12.609  9273  9310 D ScanRecord: Not a Multi Manu data
10-22 19:55:12.611  3957  4129 D WifiStateMachine:  ConnectedState !RSSI_PKTCNT_FETCH uid=1000 rt=603719195/1659694668 0 0 "ourhome" f4:6d:2f:12:cc:88 rssi=-43 f=5240 sc=60 link=433 tx=3.9, 0.0, 0.0  rx=7.3 bcn=602181 [on:0 tx:0 rx:0 period:999] from screen [on:376615 period:2256279] score=60
10-22 19:55:12.614  3957  4129 D WifiStateMachine:  L2ConnectedState !RSSI_PKTCNT_FETCH uid=1000 rt=603719197/1659694669 0 0 "ourhome" f4:6d:2f:12:cc:88 rssi=-43 f=5240 sc=60 link=433 tx=3.9, 0.0, 0.0  rx=7.3 bcn=602181 [on:0 tx:0 rx:0 period:2] from screen [on:376615 period:2256281] score=60
10-22 19:55:12.616  3957  4129 D WifiStateMachine: fetchRssiLinkSpeedAndFrequencyNative rssi=-43 linkspeed=433 freq=5240
10-22 19:55:12.616  3957  4129 V WifiConfigManager: Updating scan detail cache freq=5240 BSSID=f4:6d:2f:12:cc:88 RSSI=-43 for "ourhome"WPA_PSK
10-22 19:55:12.618  9273  9310 D ScanRecord: Not a Multi Manu data
10-22 19:55:12.657  9273  9310 I chatty  : uid=1002(bluetooth) BT Service Call identical 86 lines
10-22 19:55:12.657  9273  9310 D ScanRecord: Not a Multi Manu data
10-22 19:55:12.667 28357 28652 I BatteryMgr:DataCollectionService: stats => 1697997312667,94,4160,14,0,100
10-22 19:55:12.674  9273  9310 D ScanRecord: Not a Multi Manu data
10-22 19:55:12.771  9273  9310 I chatty  : uid=1002(bluetooth) BT Service Call identical 196 lines
10-22 19:55:12.771  9273  9310 D ScanRecord: Not a Multi Manu data
10-22 19:55:12.776 28357 28652 I BatteryMgr:DataCollectionService: stats => 1697997312776,94,4160,14,0,100
10-22 19:55:12.794  9273  9310 D ScanRecord: Not a Multi Manu data
10-22 19:55:12.883  9273  9310 I chatty  : uid=1002(bluetooth) BT Service Call identical 130 lines
10-22 19:55:12.883  9273  9310 D ScanRecord: Not a Multi Manu data
10-22 19:55:12.884 28357 28652 I BatteryMgr:DataCollectionService: stats => 1697997312884,94,4160,14,0,100
10-22 19:55:12.887  9273  9310 D ScanRecord: Not a Multi Manu data
10-22 19:55:12.901  9273  9310 I chatty  : uid=1002(bluetooth) BT Service Call identical 20 lines
10-22 19:55:12.901  9273  9310 D ScanRecord: Not a Multi Manu data
10-22 19:55:12.909  3957  4129 D WifiStateMachine:  ConnectedState !CMD_RSSI_POLL rt=603719492/1659694965 122 0 "ourhome" f4:6d:2f:12:cc:88 rssi=-43 f=5240 sc=60 link=433 tx=3.9, 0.0, 0.0  rx=7.3 bcn=602181 [on:0 tx:0 rx:0 period:295] from screen [on:376615 period:2256576] score=60
10-22 19:55:12.911  3957  4129 D WifiStateMachine:  L2ConnectedState !CMD_RSSI_POLL rt=603719494/1659694967 122 0 "ourhome" f4:6d:2f:12:cc:88 rssi=-43 f=5240 sc=60 link=433 tx=3.9, 0.0, 0.0  rx=7.3 bcn=602181 [on:0 tx:0 rx:0 period:3] from screen [on:376615 period:2256579] score=60
10-22 19:55:12.911  3957  4129 D WifiStateMachine:  get link layer stats 3
10-22 19:55:12.912  3436  3436 I android.hardware.wifi@1.0-service: getLinkLayerStats
10-22 19:55:12.913  9273  9310 D ScanRecord: Not a Multi Manu data
10-22 19:55:12.913  9273  9310 I chatty  : uid=1002(bluetooth) BT Service Call identical 9 lines
10-22 19:55:12.913  9273  9310 D ScanRecord: Not a Multi Manu data
10-22 19:55:12.917  3957  4129 D WifiStateMachine: fetchRssiLinkSpeedAndFrequencyNative rssi=-43 linkspeed=433 freq=5240
10-22 19:55:12.917  3957  4129 V WifiConfigManager: Updating scan detail cache freq=5240 BSSID=f4:6d:2f:12:cc:88 RSSI=-43 for "ourhome"WPA_PSK
10-22 19:55:12.921  4340  4340 E SignalClusterView: setSlotFocusVisible : subId -2
10-22 19:55:12.921  4340  4340 E SignalClusterView: setSlotFocusVisible : subId -2
10-22 19:55:12.942  9273  9310 D ScanRecord: Not a Multi Manu data
10-22 19:55:12.993  9273  9310 I chatty  : uid=1002(bluetooth) BT Service Call identical 64 lines
10-22 19:55:12.993  9273  9310 D ScanRecord: Not a Multi Manu data
10-22 19:55:12.997 28357 28652 I BatteryMgr:DataCollectionService: stats => 1697997312997,94,4160,14,0,100
10-22 19:55:12.999  9273  9310 D ScanRecord: Not a Multi Manu data
10-22 19:55:13.059  9273  9310 I chatty  : uid=1002(bluetooth) BT Service Call identical 152 lines
10-22 19:55:13.059  9273  9310 D ScanRecord: Not a Multi Manu data
10-22 19:55:13.103 28357 28652 I BatteryMgr:DataCollectionService: stats => 1697997313103,94,4160,14,0,100
10-22 19:55:13.210 28357 28652 I BatteryMgr:DataCollectionService: stats => 1697997313210,94,4160,14,0,100
10-22 19:55:13.265  3957  4128 D WifiService: getConnectionInfo uid=1000
10-22 19:55:13.318 28357 28652 I BatteryMgr:DataCollectionService: stats => 1697997313318,94,4160,14,0,100
10-22 19:55:13.433 28357 28652 I BatteryMgr:DataCollectionService: stats => 1697997313432,94,4160,14,0,100
10-22 19:55:13.546 28357 28652 I BatteryMgr:DataCollectionService: stats => 1697997313545,94,4160,14,0,100
10-22 19:55:13.615  3957  4129 D WifiStateMachine:  ConnectedState !RSSI_PKTCNT_FETCH uid=1000 rt=603720196/1659695669 0 0 "ourhome" f4:6d:2f:12:cc:88 rssi=-43 f=5240 sc=60 link=433 tx=1.4, 0.0, 0.0  rx=2.7 bcn=602211 [on:0 tx:0 rx:0 period:695] from screen [on:376706 period:2257282] score=60
10-22 19:55:13.616  3957  4129 D WifiStateMachine:  L2ConnectedState !RSSI_PKTCNT_FETCH uid=1000 rt=603720200/1659695673 0 0 "ourhome" f4:6d:2f:12:cc:88 rssi=-43 f=5240 sc=60 link=433 tx=1.4, 0.0, 0.0  rx=2.7 bcn=602211 [on:0 tx:0 rx:0 period:2] from screen [on:376706 period:2257284] score=60
10-22 19:55:13.623  3957  4129 D WifiStateMachine: fetchRssiLinkSpeedAndFrequencyNative rssi=-42 linkspeed=433 freq=5240
10-22 19:55:13.623  3957  4129 V WifiConfigManager: Updating scan detail cache freq=5240 BSSID=f4:6d:2f:12:cc:88 RSSI=-42 for "ourhome"WPA_PSK
10-22 19:55:13.653 28357 28652 I BatteryMgr:DataCollectionService: stats => 1697997313653,94,4160,14,0,100
10-22 19:55:13.768 28357 28652 I BatteryMgr:DataCollectionService: stats => 1697997313768,94,4160,14,0,100
10-22 19:55:13.885 28357 28652 I BatteryMgr:DataCollectionService: stats => 1697997313885,94,4160,14,0,100
10-22 19:55:13.997 28357 28652 I BatteryMgr:DataCollectionService: stats => 1697997313997,94,4160,14,0,100
10-22 19:55:14.106 28357 28652 I BatteryMgr:DataCollectionService: stats => 1697997314105,94,4160,14,0,100
10-22 19:55:14.222 28357 28652 I BatteryMgr:DataCollectionService: stats => 1697997314222,94,4160,14,0,100
10-22 19:55:14.267  3957  4128 D WifiService: getConnectionInfo uid=1000
10-22 19:55:14.332 28357 28652 I BatteryMgr:DataCollectionService: stats => 1697997314332,94,4160,14,0,100
10-22 19:55:14.444 28357 28652 I BatteryMgr:DataCollectionService: stats => 1697997314444,94,4160,14,0,100
10-22 19:55:14.559 28357 28652 I BatteryMgr:DataCollectionService: stats => 1697997314559,94,4160,14,0,100
10-22 19:55:14.613  3957  4129 D WifiStateMachine:  ConnectedState !RSSI_PKTCNT_FETCH uid=1000 rt=603721198/1659696670 0 0 "ourhome" f4:6d:2f:12:cc:88 rssi=-42 f=5240 sc=60 link=433 tx=1.4, 0.0, 0.0  rx=2.7 bcn=602211 [on:0 tx:0 rx:0 period:997] from screen [on:376706 period:2258281] score=60
10-22 19:55:14.615  3957  4129 D WifiStateMachine:  L2ConnectedState !RSSI_PKTCNT_FETCH uid=1000 rt=603721199/1659696672 0 0 "ourhome" f4:6d:2f:12:cc:88 rssi=-42 f=5240 sc=60 link=433 tx=1.4, 0.0, 0.0  rx=2.7 bcn=602211 [on:0 tx:0 rx:0 period:2] from screen [on:376706 period:2258283] score=60
10-22 19:55:14.621  3957  4129 D WifiStateMachine: fetchRssiLinkSpeedAndFrequencyNative rssi=-43 linkspeed=433 freq=5240
10-22 19:55:14.621  3957  4129 V WifiConfigManager: Updating scan detail cache freq=5240 BSSID=f4:6d:2f:12:cc:88 RSSI=-42 for "ourhome"WPA_PSK
10-22 19:55:14.664 28357 28652 I BatteryMgr:DataCollectionService: stats => 1697997314664,94,4160,14,0,100
10-22 19:55:14.768 28357 28652 I BatteryMgr:DataCollectionService: stats => 1697997314768,94,4160,14,0,100
10-22 19:55:14.876 28357 28652 I BatteryMgr:DataCollectionService: stats => 1697997314875,94,4160,14,0,100
10-22 19:55:14.982 28357 28652 I BatteryMgr:DataCollectionService: stats => 1697997314981,94,4160,14,0,100
10-22 19:55:14.994  4961  4961 D io_stats: !@ 179,0 r 10149566 333156284 w 2163416 42332992 d 174344 37274216 f 640522 666022 iot 4641864 3999882 th 51200 0 0 pt 0 inp 0 0 603721.579
10-22 19:55:15.089 28357 28652 I BatteryMgr:DataCollectionService: stats => 1697997315089,94,4160,14,0,100
10-22 19:55:15.202 28357 28652 I BatteryMgr:DataCollectionService: stats => 1697997315202,94,4160,14,0,100
10-22 19:55:15.270  3957  4128 D WifiService: getConnectionInfo uid=1000
10-22 19:55:15.312 28357 28652 I BatteryMgr:DataCollectionService: stats => 1697997315312,94,4160,14,0,100
10-22 19:55:15.421 28357 28652 I BatteryMgr:DataCollectionService: stats => 1697997315421,94,4160,14,0,100
10-22 19:55:15.538 28357 28652 I BatteryMgr:DataCollectionService: stats => 1697997315538,94,4160,14,0,100
10-22 19:55:15.617  3957  4129 D WifiStateMachine:  ConnectedState !RSSI_PKTCNT_FETCH uid=1000 rt=603722198/1659697671 0 0 "ourhome" f4:6d:2f:12:cc:88 rssi=-43 f=5240 sc=60 link=433 tx=1.4, 0.0, 0.0  rx=2.7 bcn=602211 [on:0 tx:0 rx:0 period:1002] from screen [on:376706 period:2259285] score=60
10-22 19:55:15.619  3957  4129 D WifiStateMachine:  L2ConnectedState !RSSI_PKTCNT_FETCH uid=1000 rt=603722203/1659697676 0 0 "ourhome" f4:6d:2f:12:cc:88 rssi=-43 f=5240 sc=60 link=433 tx=1.4, 0.0, 0.0  rx=2.7 bcn=602211 [on:0 tx:0 rx:0 period:2] from screen [on:376706 period:2259287] score=60
10-22 19:55:15.625  3957  4129 D WifiStateMachine: fetchRssiLinkSpeedAndFrequencyNative rssi=-42 linkspeed=433 freq=5240
10-22 19:55:15.626  3957  4129 V WifiConfigManager: Updating scan detail cache freq=5240 BSSID=f4:6d:2f:12:cc:88 RSSI=-42 for "ourhome"WPA_PSK
10-22 19:55:15.643 28357 28652 I BatteryMgr:DataCollectionService: stats => 1697997315643,94,4160,14,0,100
10-22 19:55:15.757 28357 28652 I BatteryMgr:DataCollectionService: stats => 1697997315757,94,4160,14,0,100
10-22 19:55:15.874 28357 28652 I BatteryMgr:DataCollectionService: stats => 1697997315873,94,4160,14,0,100
10-22 19:55:15.925  3957  4129 D WifiStateMachine:  ConnectedState !CMD_RSSI_POLL rt=603722506/1659697978 122 0 "ourhome" f4:6d:2f:12:cc:88 rssi=-42 f=5240 sc=60 link=433 tx=1.4, 0.0, 0.0  rx=2.7 bcn=602211 [on:0 tx:0 rx:0 period:305] from screen [on:376706 period:2259592] score=60
10-22 19:55:15.930  3957  4129 D WifiStateMachine:  L2ConnectedState !CMD_RSSI_POLL rt=603722511/1659697983 122 0 "ourhome" f4:6d:2f:12:cc:88 rssi=-42 f=5240 sc=60 link=433 tx=1.4, 0.0, 0.0  rx=2.7 bcn=602211 [on:0 tx:0 rx:0 period:6] from screen [on:376706 period:2259598] score=60
10-22 19:55:15.930  3957  4129 D WifiStateMachine:  get link layer stats 3
10-22 19:55:15.931  3436  3436 I android.hardware.wifi@1.0-service: getLinkLayerStats
10-22 19:55:15.955  3957  4129 D WifiStateMachine: fetchRssiLinkSpeedAndFrequencyNative rssi=-42 linkspeed=433 freq=5240
10-22 19:55:15.955  3957  4129 V WifiConfigManager: Updating scan detail cache freq=5240 BSSID=f4:6d:2f:12:cc:88 RSSI=-42 for "ourhome"WPA_PSK
10-22 19:55:15.966  4340  4340 E SignalClusterView: setSlotFocusVisible : subId -2
10-22 19:55:15.966  4340  4340 E SignalClusterView: setSlotFocusVisible : subId -2
10-22 19:55:15.990 28357 28652 I BatteryMgr:DataCollectionService: stats => 1697997315990,94,4160,14,0,100
10-22 19:55:16.106 28357 28652 I BatteryMgr:DataCollectionService: stats => 1697997316106,94,4160,14,0,100
10-22 19:55:16.165  3957  4416 E Watchdog: !@Sync 20116 [2023-10-22 19:55:16.164]
10-22 19:55:16.216 28357 28652 I BatteryMgr:DataCollectionService: stats => 1697997316216,94,4160,14,0,100
10-22 19:55:16.251 28401 28596 I SessionStorage/AutoSave: Save: Periodic
10-22 19:55:16.273  3957  4128 D WifiService: getConnectionInfo uid=1000
10-22 19:55:16.325 28357 28652 I BatteryMgr:DataCollectionService: stats => 1697997316325,94,4160,14,0,100
10-22 19:55:16.434 28357 28652 I BatteryMgr:DataCollectionService: stats => 1697997316433,94,4160,14,0,100
10-22 19:55:16.539 28357 28652 I BatteryMgr:DataCollectionService: stats => 1697997316539,94,4160,14,0,100
10-22 19:55:16.588  3957  6478 D SSRM:k  : SIOP:: AP = 430, PST = 436 (W:10), BAT = 293, USB = 0, CHG = 0
10-22 19:55:16.616  3957  4129 D WifiStateMachine:  ConnectedState !RSSI_PKTCNT_FETCH uid=1000 rt=603723199/1659698672 0 0 "ourhome" f4:6d:2f:12:cc:88 rssi=-42 f=5240 sc=60 link=433 tx=0.5, 0.0, 0.0  rx=1.0 bcn=602234 [on:0 tx:0 rx:0 period:655] from screen [on:376839 period:2260284] score=60
10-22 19:55:16.618  3957  4129 D WifiStateMachine:  L2ConnectedState !RSSI_PKTCNT_FETCH uid=1000 rt=603723202/1659698674 0 0 "ourhome" f4:6d:2f:12:cc:88 rssi=-42 f=5240 sc=60 link=433 tx=0.5, 0.0, 0.0  rx=1.0 bcn=602234 [on:0 tx:0 rx:0 period:1] from screen [on:376839 period:2260285] score=60
10-22 19:55:16.624  3957  4129 D WifiStateMachine: fetchRssiLinkSpeedAndFrequencyNative rssi=-42 linkspeed=433 freq=5240
10-22 19:55:16.624  3957  4129 V WifiConfigManager: Updating scan detail cache freq=5240 BSSID=f4:6d:2f:12:cc:88 RSSI=-42 for "ourhome"WPA_PSK
10-22 19:55:16.647 28357 28652 I BatteryMgr:DataCollectionService: stats => 1697997316647,94,4160,14,0,100
10-22 19:55:16.758 28357 28652 I BatteryMgr:DataCollectionService: stats => 1697997316757,94,4160,14,0,100
10-22 19:55:16.874 28357 28652 I BatteryMgr:DataCollectionService: stats => 1697997316873,94,4160,14,0,100
10-22 19:55:16.988 28357 28652 I BatteryMgr:DataCollectionService: stats => 1697997316988,94,4160,14,0,100
10-22 19:55:17.108 28357 28652 I BatteryMgr:DataCollectionService: stats => 1697997317107,94,4160,14,0,100
10-22 19:55:17.215 28357 28652 I BatteryMgr:DataCollectionService: stats => 1697997317215,94,4160,14,0,100
10-22 19:55:17.276  3957  4128 D WifiService: getConnectionInfo uid=1000
10-22 19:55:17.329 28357 28652 I BatteryMgr:DataCollectionService: stats => 1697997317329,94,4160,14,0,100
10-22 19:55:17.441 28357 28652 I BatteryMgr:DataCollectionService: stats => 1697997317441,94,4160,14,0,100
10-22 19:55:17.551 28357 28652 I BatteryMgr:DataCollectionService: stats => 1697997317551,94,4160,14,0,100
10-22 19:55:17.573  9273  9310 D ScanRecord: Not a Multi Manu data
10-22 19:55:17.606  9273  9310 I chatty  : uid=1002(bluetooth) BT Service Call identical 53 lines
10-22 19:55:17.606  9273  9310 D ScanRecord: Not a Multi Manu data
10-22 19:55:17.617  3957  4129 D WifiStateMachine:  ConnectedState !RSSI_PKTCNT_FETCH uid=1000 rt=603724200/1659699673 0 0 "ourhome" f4:6d:2f:12:cc:88 rssi=-42 f=5240 sc=60 link=433 tx=0.5, 0.0, 0.0  rx=1.0 bcn=602234 [on:0 tx:0 rx:0 period:1000] from screen [on:376839 period:2261285] score=60
10-22 19:55:17.621  3957  4129 D WifiStateMachine:  L2ConnectedState !RSSI_PKTCNT_FETCH uid=1000 rt=603724203/1659699675 0 0 "ourhome" f4:6d:2f:12:cc:88 rssi=-42 f=5240 sc=60 link=433 tx=0.5, 0.0, 0.0  rx=1.0 bcn=602234 [on:0 tx:0 rx:0 period:3] from screen [on:376839 period:2261288] score=60
10-22 19:55:17.623  3957  4129 D WifiStateMachine: fetchRssiLinkSpeedAndFrequencyNative rssi=-48 linkspeed=433 freq=5240
10-22 19:55:17.623  3957  4129 V WifiConfigManager: Updating scan detail cache freq=5240 BSSID=f4:6d:2f:12:cc:88 RSSI=-45 for "ourhome"WPA_PSK
10-22 19:55:17.626  9273  9310 D ScanRecord: Not a Multi Manu data
10-22 19:55:17.644  9273  9310 I chatty  : uid=1002(bluetooth) BT Service Call identical 53 lines
10-22 19:55:17.644  9273  9310 D ScanRecord: Not a Multi Manu data
10-22 19:55:17.658 28357 28652 I BatteryMgr:DataCollectionService: stats => 1697997317658,94,4160,14,0,100
10-22 19:55:17.673  9273  9310 D ScanRecord: Not a Multi Manu data
10-22 19:55:17.740  9273  9310 I chatty  : uid=1002(bluetooth) BT Service Call identical 97 lines
10-22 19:55:17.740  9273  9310 D ScanRecord: Not a Multi Manu data
10-22 19:55:17.763 28357 28652 I BatteryMgr:DataCollectionService: stats => 1697997317763,94,4160,14,0,100
10-22 19:55:17.783  9273  9310 D ScanRecord: Not a Multi Manu data
10-22 19:55:17.843  9273  9310 I chatty  : uid=1002(bluetooth) BT Service Call identical 64 lines
10-22 19:55:17.843  9273  9310 D ScanRecord: Not a Multi Manu data
10-22 19:55:17.870 28357 28652 I BatteryMgr:DataCollectionService: stats => 1697997317870,94,4160,14,0,100
10-22 19:55:17.877  9273  9310 D ScanRecord: Not a Multi Manu data
10-22 19:55:17.975  9273  9310 I chatty  : uid=1002(bluetooth) BT Service Call identical 119 lines
10-22 19:55:17.975  9273  9310 D ScanRecord: Not a Multi Manu data
10-22 19:55:17.982 28357 28652 I BatteryMgr:DataCollectionService: stats => 1697997317982,94,4160,14,0,100
10-22 19:55:17.995  9273  9310 D ScanRecord: Not a Multi Manu data
10-22 19:55:18.054  9273  9310 I chatty  : uid=1002(bluetooth) BT Service Call identical 75 lines
10-22 19:55:18.054  9273  9310 D ScanRecord: Not a Multi Manu data
10-22 19:55:18.091 28357 28652 I BatteryMgr:DataCollectionService: stats => 1697997318091,94,4160,14,0,100
10-22 19:55:18.208 28357 28652 I BatteryMgr:DataCollectionService: stats => 1697997318207,94,4160,14,0,100
10-22 19:55:18.279  3957  4128 D WifiService: getConnectionInfo uid=1000
10-22 19:55:18.314 28357 28652 I BatteryMgr:DataCollectionService: stats => 1697997318313,94,4160,14,0,100
10-22 19:55:18.420 28357 28652 I BatteryMgr:DataCollectionService: stats => 1697997318420,94,4160,14,0,100
10-22 19:55:18.527 28357 28652 I BatteryMgr:DataCollectionService: stats => 1697997318527,94,4160,14,0,100
10-22 19:55:18.619  3957  4129 D WifiStateMachine:  ConnectedState !RSSI_PKTCNT_FETCH uid=1000 rt=603725203/1659700675 0 0 "ourhome" f4:6d:2f:12:cc:88 rssi=-48 f=5240 sc=60 link=433 tx=0.5, 0.0, 0.0  rx=1.0 bcn=602234 [on:0 tx:0 rx:0 period:999] from screen [on:376839 period:2262287] score=60
10-22 19:55:18.621  3957  4129 D WifiStateMachine:  L2ConnectedState !RSSI_PKTCNT_FETCH uid=1000 rt=603725205/1659700677 0 0 "ourhome" f4:6d:2f:12:cc:88 rssi=-48 f=5240 sc=60 link=433 tx=0.5, 0.0, 0.0  rx=1.0 bcn=602234 [on:0 tx:0 rx:0 period:2] from screen [on:376839 period:2262289] score=60
10-22 19:55:18.622  3957  4129 D WifiStateMachine: fetchRssiLinkSpeedAndFrequencyNative rssi=-44 linkspeed=433 freq=5240
10-22 19:55:18.622  3957  4129 V WifiConfigManager: Updating scan detail cache freq=5240 BSSID=f4:6d:2f:12:cc:88 RSSI=-44 for "ourhome"WPA_PSK
10-22 19:55:18.633 28357 28652 I BatteryMgr:DataCollectionService: stats => 1697997318633,94,4160,14,0,100
10-22 19:55:18.741 28357 28652 I BatteryMgr:DataCollectionService: stats => 1697997318741,94,4160,14,0,100
10-22 19:55:18.853 28357 28652 I BatteryMgr:DataCollectionService: stats => 1697997318853,94,4160,14,0,100
10-22 19:55:18.960  3957  4129 D WifiStateMachine:  ConnectedState !CMD_RSSI_POLL rt=603725543/1659701016 122 0 "ourhome" f4:6d:2f:12:cc:88 rssi=-44 f=5240 sc=60 link=433 tx=0.5, 0.0, 0.0  rx=1.0 bcn=602234 [on:0 tx:0 rx:0 period:338] from screen [on:376839 period:2262627] score=60
10-22 19:55:18.962  3957  4129 D WifiStateMachine:  L2ConnectedState !CMD_RSSI_POLL rt=603725546/1659701018 122 0 "ourhome" f4:6d:2f:12:cc:88 rssi=-44 f=5240 sc=60 link=433 tx=0.5, 0.0, 0.0  rx=1.0 bcn=602234 [on:0 tx:0 rx:0 period:3] from screen [on:376839 period:2262630] score=60
10-22 19:55:18.962  3957  4129 D WifiStateMachine:  get link layer stats 3
10-22 19:55:18.963  3436  3436 I android.hardware.wifi@1.0-service: getLinkLayerStats
10-22 19:55:18.964 28357 28652 I BatteryMgr:DataCollectionService: stats => 1697997318964,94,4160,14,0,100
10-22 19:55:18.983  3957  4129 D WifiStateMachine: fetchRssiLinkSpeedAndFrequencyNative rssi=-44 linkspeed=433 freq=5240
10-22 19:55:18.983  3957  4129 V WifiConfigManager: Updating scan detail cache freq=5240 BSSID=f4:6d:2f:12:cc:88 RSSI=-44 for "ourhome"WPA_PSK
10-22 19:55:18.988  4340  4340 E SignalClusterView: setSlotFocusVisible : subId -2
10-22 19:55:18.988  4340  4340 E SignalClusterView: setSlotFocusVisible : subId -2
10-22 19:55:19.075 28357 28652 I BatteryMgr:DataCollectionService: stats => 1697997319075,94,4160,14,0,100
10-22 19:55:19.185 28357 28652 I BatteryMgr:DataCollectionService: stats => 1697997319185,94,4160,14,0,100
10-22 19:55:19.282  3957  4128 D WifiService: getConnectionInfo uid=1000
10-22 19:55:19.295 28357 28652 I BatteryMgr:DataCollectionService: stats => 1697997319295,94,4160,14,0,100
10-22 19:55:19.404 28357 28652 I BatteryMgr:DataCollectionService: stats => 1697997319404,94,4160,14,0,100
10-22 19:55:19.512 28357 28652 I BatteryMgr:DataCollectionService: stats => 1697997319512,94,4160,14,0,100
10-22 19:55:19.625  3957  4129 D WifiStateMachine:  ConnectedState !RSSI_PKTCNT_FETCH uid=1000 rt=603726205/1659701678 0 0 "ourhome" f4:6d:2f:12:cc:88 rssi=-44 f=5240 sc=60 link=433 tx=0.2, 0.0, 0.0  rx=12.4 bcn=602260 [on:0 tx:0 rx:0 period:638] from screen [on:377033 period:2263293] score=60
10-22 19:55:19.626 28357 28652 I BatteryMgr:DataCollectionService: stats => 1697997319626,94,4160,14,0,100
10-22 19:55:19.627  3957  4129 D WifiStateMachine:  L2ConnectedState !RSSI_PKTCNT_FETCH uid=1000 rt=603726211/1659701683 0 0 "ourhome" f4:6d:2f:12:cc:88 rssi=-44 f=5240 sc=60 link=433 tx=0.2, 0.0, 0.0  rx=12.4 bcn=602260 [on:0 tx:0 rx:0 period:2] from screen [on:377033 period:2263295] score=60
10-22 19:55:19.639  3957  4129 D WifiStateMachine: fetchRssiLinkSpeedAndFrequencyNative rssi=-43 linkspeed=433 freq=5240
10-22 19:55:19.639  3957  4129 V WifiConfigManager: Updating scan detail cache freq=5240 BSSID=f4:6d:2f:12:cc:88 RSSI=-43 for "ourhome"WPA_PSK
10-22 19:55:19.737 28357 28652 I BatteryMgr:DataCollectionService: stats => 1697997319736,94,4160,14,0,100
10-22 19:55:19.844 28357 28652 I BatteryMgr:DataCollectionService: stats => 1697997319844,94,4160,14,0,100
10-22 19:55:19.957 28357 28652 I BatteryMgr:DataCollectionService: stats => 1697997319957,94,4160,14,0,100
10-22 19:55:20.000  4961  4961 D io_stats: !@ 179,0 r 10149566 333156284 w 2163423 42333196 d 174345 37274300 f 640523 666023 iot 4641872 3999890 th 51200 0 0 pt 0 inp 0 0 603726.583
10-22 19:55:20.065 28357 28652 I BatteryMgr:DataCollectionService: stats => 1697997320065,94,4160,14,0,100
10-22 19:55:20.177 28357 28652 I BatteryMgr:DataCollectionService: stats => 1697997320176,94,4160,14,0,100
10-22 19:55:20.285  3957  4128 D WifiService: getConnectionInfo uid=1000
10-22 19:55:20.289 28357 28652 I BatteryMgr:DataCollectionService: stats => 1697997320289,94,4160,14,0,100
10-22 19:55:20.402 28357 28652 I BatteryMgr:DataCollectionService: stats => 1697997320402,94,4160,14,0,100
10-22 19:55:20.510 28357 28652 I BatteryMgr:DataCollectionService: stats => 1697997320510,94,4160,14,0,100
10-22 19:55:20.621  3957  4129 D WifiStateMachine:  ConnectedState !RSSI_PKTCNT_FETCH uid=1000 rt=603727206/1659702678 0 0 "ourhome" f4:6d:2f:12:cc:88 rssi=-43 f=5240 sc=60 link=433 tx=0.2, 0.0, 0.0  rx=12.4 bcn=602260 [on:0 tx:0 rx:0 period:994] from screen [on:377033 period:2264289] score=60
10-22 19:55:20.623  3957  4129 D WifiStateMachine:  L2ConnectedState !RSSI_PKTCNT_FETCH uid=1000 rt=603727207/1659702680 0 0 "ourhome" f4:6d:2f:12:cc:88 rssi=-43 f=5240 sc=60 link=433 tx=0.2, 0.0, 0.0  rx=12.4 bcn=602260 [on:0 tx:0 rx:0 period:2] from screen [on:377033 period:2264291] score=60
10-22 19:55:20.624 28357 28652 I BatteryMgr:DataCollectionService: stats => 1697997320624,94,4160,14,0,100
10-22 19:55:20.629  3957  4129 D WifiStateMachine: fetchRssiLinkSpeedAndFrequencyNative rssi=-43 linkspeed=433 freq=5240
10-22 19:55:20.629  3957  4129 V WifiConfigManager: Updating scan detail cache freq=5240 BSSID=f4:6d:2f:12:cc:88 RSSI=-43 for "ourhome"WPA_PSK
10-22 19:55:20.730 28357 28652 I BatteryMgr:DataCollectionService: stats => 1697997320730,94,4160,14,0,100
10-22 19:55:20.835 28357 28652 I BatteryMgr:DataCollectionService: stats => 1697997320835,94,4160,14,0,100
10-22 19:55:20.942 28357 28652 I BatteryMgr:DataCollectionService: stats => 1697997320942,94,4160,14,0,100
10-22 19:55:21.048 28357 28652 I BatteryMgr:DataCollectionService: stats => 1697997321047,94,4160,14,0,100
10-22 19:55:21.162 28357 28652 I BatteryMgr:DataCollectionService: stats => 1697997321162,94,4160,14,0,100
10-22 19:55:21.279 28357 28652 I BatteryMgr:DataCollectionService: stats => 1697997321278,35,4160,64,0,100
10-22 19:55:21.288  3957  4128 D WifiService: getConnectionInfo uid=1000
10-22 19:55:21.388 28357 28652 I BatteryMgr:DataCollectionService: stats => 1697997321388,35,4160,64,0,100
10-22 19:55:21.496 28357 28652 I BatteryMgr:DataCollectionService: stats => 1697997321496,35,4160,64,0,100
10-22 19:55:21.604 28357 28652 I BatteryMgr:DataCollectionService: stats => 1697997321604,35,4160,64,0,100
10-22 19:55:21.623  3957  4129 D WifiStateMachine:  ConnectedState !RSSI_PKTCNT_FETCH uid=1000 rt=603728207/1659703679 0 0 "ourhome" f4:6d:2f:12:cc:88 rssi=-43 f=5240 sc=60 link=433 tx=0.2, 0.0, 0.0  rx=12.4 bcn=602260 [on:0 tx:0 rx:0 period:999] from screen [on:377033 period:2265290] score=60
10-22 19:55:21.625  3957  4129 D WifiStateMachine:  L2ConnectedState !RSSI_PKTCNT_FETCH uid=1000 rt=603728208/1659703681 0 0 "ourhome" f4:6d:2f:12:cc:88 rssi=-43 f=5240 sc=60 link=433 tx=0.2, 0.0, 0.0  rx=12.4 bcn=602260 [on:0 tx:0 rx:0 period:2] from screen [on:377033 period:2265292] score=60
10-22 19:55:21.632  3957  4129 D WifiStateMachine: fetchRssiLinkSpeedAndFrequencyNative rssi=-43 linkspeed=433 freq=5240
10-22 19:55:21.632  3957  4129 V WifiConfigManager: Updating scan detail cache freq=5240 BSSID=f4:6d:2f:12:cc:88 RSSI=-43 for "ourhome"WPA_PSK
10-22 19:55:21.713 28357 28652 I BatteryMgr:DataCollectionService: stats => 1697997321713,35,4160,64,0,100
10-22 19:55:21.822 28357 28652 I BatteryMgr:DataCollectionService: stats => 1697997321821,35,4160,64,0,100
10-22 19:55:21.927 28357 28652 I BatteryMgr:DataCollectionService: stats => 1697997321927,35,4160,64,0,100
10-22 19:55:21.987  3957  4129 D WifiStateMachine:  ConnectedState !CMD_RSSI_POLL rt=603728570/1659704043 122 0 "ourhome" f4:6d:2f:12:cc:88 rssi=-43 f=5240 sc=60 link=433 tx=0.2, 0.0, 0.0  rx=12.4 bcn=602260 [on:0 tx:0 rx:0 period:363] from screen [on:377033 period:2265655] score=60
10-22 19:55:21.989  3957  4129 D WifiStateMachine:  L2ConnectedState !CMD_RSSI_POLL rt=603728573/1659704045 122 0 "ourhome" f4:6d:2f:12:cc:88 rssi=-43 f=5240 sc=60 link=433 tx=0.2, 0.0, 0.0  rx=12.4 bcn=602260 [on:0 tx:0 rx:0 period:2] from screen [on:377033 period:2265657] score=60
10-22 19:55:21.989  3957  4129 D WifiStateMachine:  get link layer stats 3
10-22 19:55:21.989  3436  3436 I android.hardware.wifi@1.0-service: getLinkLayerStats
10-22 19:55:21.999  3957  4129 D WifiStateMachine: fetchRssiLinkSpeedAndFrequencyNative rssi=-43 linkspeed=433 freq=5240
10-22 19:55:21.999  3957  4129 V WifiConfigManager: Updating scan detail cache freq=5240 BSSID=f4:6d:2f:12:cc:88 RSSI=-43 for "ourhome"WPA_PSK
10-22 19:55:22.002  4340  4340 E SignalClusterView: setSlotFocusVisible : subId -2
10-22 19:55:22.002  4340  4340 E SignalClusterView: setSlotFocusVisible : subId -2
10-22 19:55:22.034 28357 28652 I BatteryMgr:DataCollectionService: stats => 1697997322034,35,4160,64,0,100
10-22 19:55:22.081  3957  4650 D BatteryService: !@BatteryListener : batteryPropertiesChanged!
10-22 19:55:22.144 28357 28652 I BatteryMgr:DataCollectionService: stats => 1697997322144,35,4160,64,0,100
10-22 19:55:22.252 28357 28652 I BatteryMgr:DataCollectionService: stats => 1697997322252,35,4160,64,0,100
10-22 19:55:22.263  3957  4030 D SensorService: [SO] 0.220 -0.110 9.979
10-22 19:55:22.290  3957  4128 D WifiService: getConnectionInfo uid=1000
10-22 19:55:22.362 28357 28652 I BatteryMgr:DataCollectionService: stats => 1697997322361,35,4160,64,0,100
10-22 19:55:22.479 28357 28652 I BatteryMgr:DataCollectionService: stats => 1697997322479,35,4160,64,0,100
10-22 19:55:22.572  9273  9310 D ScanRecord: Not a Multi Manu data
10-22 19:55:22.572  9273  9310 I chatty  : uid=1002(bluetooth) BT Service Call identical 9 lines
10-22 19:55:22.572  9273  9310 D ScanRecord: Not a Multi Manu data
10-22 19:55:22.588 28357 28652 I BatteryMgr:DataCollectionService: stats => 1697997322588,35,4160,64,0,100
10-22 19:55:22.589  9273  9310 D ScanRecord: Not a Multi Manu data
10-22 19:55:22.624  9273  9310 I chatty  : uid=1002(bluetooth) BT Service Call identical 53 lines
10-22 19:55:22.624  9273  9310 D ScanRecord: Not a Multi Manu data
10-22 19:55:22.625  3957  4129 D WifiStateMachine:  ConnectedState !RSSI_PKTCNT_FETCH uid=1000 rt=603729209/1659704681 0 0 "ourhome" f4:6d:2f:12:cc:88 rssi=-43 f=5240 sc=60 link=433 tx=0.1, 0.0, 0.0  rx=7.1 bcn=602287 [on:0 tx:0 rx:0 period:624] from screen [on:377268 period:2266293] score=60
10-22 19:55:22.627  3957  4129 D WifiStateMachine:  L2ConnectedState !RSSI_PKTCNT_FETCH uid=1000 rt=603729211/1659704683 0 0 "ourhome" f4:6d:2f:12:cc:88 rssi=-43 f=5240 sc=60 link=433 tx=0.1, 0.0, 0.0  rx=7.1 bcn=602287 [on:0 tx:0 rx:0 period:2] from screen [on:377268 period:2266295] score=60
10-22 19:55:22.629  3957  4129 D WifiStateMachine: fetchRssiLinkSpeedAndFrequencyNative rssi=-43 linkspeed=433 freq=5240
10-22 19:55:22.629  3957  4129 V WifiConfigManager: Updating scan detail cache freq=5240 BSSID=f4:6d:2f:12:cc:88 RSSI=-43 for "ourhome"WPA_PSK
10-22 19:55:22.697  9273  9310 D ScanRecord: Not a Multi Manu data
10-22 19:55:22.697  9273  9310 I chatty  : uid=1002(bluetooth) BT Service Call identical 4 lines
10-22 19:55:22.697 28357 28652 I BatteryMgr:DataCollectionService: stats => 1697997322697,35,4160,64,0,100
10-22 19:55:22.697  9273  9310 D ScanRecord: Not a Multi Manu data
10-22 19:55:22.697  9273  9310 D ScanRecord: Not a Multi Manu data
10-22 19:55:22.804  9273  9310 I chatty  : uid=1002(bluetooth) BT Service Call identical 124 lines
10-22 19:55:22.804  9273  9310 D ScanRecord: Not a Multi Manu data
10-22 19:55:22.807 28357 28652 I BatteryMgr:DataCollectionService: stats => 1697997322807,35,4160,64,0,100
10-22 19:55:22.809  9273  9310 D ScanRecord: Not a Multi Manu data
10-22 19:55:22.890  9273  9310 I chatty  : uid=1002(bluetooth) BT Service Call identical 64 lines
10-22 19:55:22.890  9273  9310 D ScanRecord: Not a Multi Manu data
10-22 19:55:22.917 28357 28652 I BatteryMgr:DataCollectionService: stats => 1697997322917,35,4160,64,0,100
10-22 19:55:22.923  9273  9310 D ScanRecord: Not a Multi Manu data
10-22 19:55:23.023  9273  9310 I chatty  : uid=1002(bluetooth) BT Service Call identical 75 lines
10-22 19:55:23.023  9273  9310 D ScanRecord: Not a Multi Manu data
10-22 19:55:23.031 28357 28652 I BatteryMgr:DataCollectionService: stats => 1697997323031,35,4160,64,0,100
10-22 19:55:23.039  9273  9310 D ScanRecord: Not a Multi Manu data
10-22 19:55:23.054  9273  9310 I chatty  : uid=1002(bluetooth) BT Service Call identical 31 lines
10-22 19:55:23.054  9273  9310 D ScanRecord: Not a Multi Manu data
10-22 19:55:23.137 28357 28652 I BatteryMgr:DataCollectionService: stats => 1697997323137,35,4160,64,0,100
10-22 19:55:23.249 28357 28652 I BatteryMgr:DataCollectionService: stats => 1697997323249,35,4160,64,0,100
10-22 19:55:23.291  3957  4128 D WifiService: getConnectionInfo uid=1000
10-22 19:55:23.357 28357 28652 I BatteryMgr:DataCollectionService: stats => 1697997323357,35,4160,64,0,100
10-22 19:55:23.464 28357 28652 I BatteryMgr:DataCollectionService: stats => 1697997323464,35,4160,64,0,100
10-22 19:55:23.569 28357 28652 I BatteryMgr:DataCollectionService: stats => 1697997323569,35,4160,64,0,100
10-22 19:55:23.628  3957  4129 D WifiStateMachine:  ConnectedState !RSSI_PKTCNT_FETCH uid=1000 rt=603730211/1659705684 0 0 "ourhome" f4:6d:2f:12:cc:88 rssi=-43 f=5240 sc=60 link=433 tx=0.1, 0.0, 0.0  rx=7.1 bcn=602287 [on:0 tx:0 rx:0 period:1001] from screen [on:377268 period:2267296] score=60
10-22 19:55:23.636  3957  4129 D WifiStateMachine:  L2ConnectedState !RSSI_PKTCNT_FETCH uid=1000 rt=603730214/1659705687 0 0 "ourhome" f4:6d:2f:12:cc:88 rssi=-43 f=5240 sc=60 link=433 tx=0.1, 0.0, 0.0  rx=7.1 bcn=602287 [on:0 tx:0 rx:0 period:8] from screen [on:377268 period:2267304] score=60
10-22 19:55:23.641  3957  4129 D WifiStateMachine: fetchRssiLinkSpeedAndFrequencyNative rssi=-45 linkspeed=433 freq=5240
10-22 19:55:23.641  3957  4129 V WifiConfigManager: Updating scan detail cache freq=5240 BSSID=f4:6d:2f:12:cc:88 RSSI=-44 for "ourhome"WPA_PSK
10-22 19:55:23.679 28357 28652 I BatteryMgr:DataCollectionService: stats => 1697997323679,35,4160,64,0,100
10-22 19:55:23.790 28357 28652 I BatteryMgr:DataCollectionService: stats => 1697997323790,35,4160,64,0,100
10-22 19:55:23.900 28357 28652 I BatteryMgr:DataCollectionService: stats => 1697997323900,35,4160,64,0,100
10-22 19:55:24.008 28357 28652 I BatteryMgr:DataCollectionService: stats => 1697997324008,35,4160,64,0,100
10-22 19:55:24.114 28357 28652 I BatteryMgr:DataCollectionService: stats => 1697997324114,35,4160,64,0,100
10-22 19:55:24.219 28357 28652 I BatteryMgr:DataCollectionService: stats => 1697997324219,35,4160,64,0,100
10-22 19:55:24.293  3957  4128 D WifiService: getConnectionInfo uid=1000
10-22 19:55:24.332 28357 28652 I BatteryMgr:DataCollectionService: stats => 1697997324332,35,4160,64,0,100
10-22 19:55:24.440 28357 28652 I BatteryMgr:DataCollectionService: stats => 1697997324439,35,4160,64,0,100
10-22 19:55:24.547 28357 28652 I BatteryMgr:DataCollectionService: stats => 1697997324547,35,4160,64,0,100
10-22 19:55:24.627  3957  4129 D WifiStateMachine:  ConnectedState !RSSI_PKTCNT_FETCH uid=1000 rt=603731212/1659706684 0 0 "ourhome" f4:6d:2f:12:cc:88 rssi=-45 f=5240 sc=60 link=433 tx=0.1, 0.0, 0.0  rx=7.1 bcn=602287 [on:0 tx:0 rx:0 period:991] from screen [on:377268 period:2268295] score=60
10-22 19:55:24.628  3957  4129 D WifiStateMachine:  L2ConnectedState !RSSI_PKTCNT_FETCH uid=1000 rt=603731213/1659706686 0 0 "ourhome" f4:6d:2f:12:cc:88 rssi=-45 f=5240 sc=60 link=433 tx=0.1, 0.0, 0.0  rx=7.1 bcn=602287 [on:0 tx:0 rx:0 period:1] from screen [on:377268 period:2268296] score=60
10-22 19:55:24.634  3957  4129 D WifiStateMachine: fetchRssiLinkSpeedAndFrequencyNative rssi=-44 linkspeed=433 freq=5240
10-22 19:55:24.635  3957  4129 V WifiConfigManager: Updating scan detail cache freq=5240 BSSID=f4:6d:2f:12:cc:88 RSSI=-44 for "ourhome"WPA_PSK
10-22 19:55:24.652 28357 28652 I BatteryMgr:DataCollectionService: stats => 1697997324652,35,4160,64,0,100
10-22 19:55:24.761 28357 28652 I BatteryMgr:DataCollectionService: stats => 1697997324761,35,4160,64,0,100
10-22 19:55:24.868 28357 28652 I BatteryMgr:DataCollectionService: stats => 1697997324868,35,4160,64,0,100
10-22 19:55:24.979 28357 28652 I BatteryMgr:DataCollectionService: stats => 1697997324979,35,4160,64,0,100
10-22 19:55:25.002  3957  4129 D WifiStateMachine:  ConnectedState !CMD_RSSI_POLL rt=603731586/1659707058 122 0 "ourhome" f4:6d:2f:12:cc:88 rssi=-44 f=5240 sc=60 link=433 tx=0.1, 0.0, 0.0  rx=7.1 bcn=602287 [on:0 tx:0 rx:0 period:373] from screen [on:377268 period:2268669] score=60
10-22 19:55:25.004  3957  4129 D WifiStateMachine:  L2ConnectedState !CMD_RSSI_POLL rt=603731587/1659707060 122 0 "ourhome" f4:6d:2f:12:cc:88 rssi=-44 f=5240 sc=60 link=433 tx=0.1, 0.0, 0.0  rx=7.1 bcn=602287 [on:0 tx:0 rx:0 period:3] from screen [on:377268 period:2268672] score=60
10-22 19:55:25.004  3957  4129 D WifiStateMachine:  get link layer stats 3
10-22 19:55:25.006  3436  3436 I android.hardware.wifi@1.0-service: getLinkLayerStats
10-22 19:55:25.009  4961  4961 D io_stats: !@ 179,0 r 10149566 333156284 w 2163439 42333428 d 174347 37274388 f 640525 666025 iot 4641876 3999897 th 51200 0 0 pt 0 inp 0 0 603731.594
10-22 19:55:25.026  3957  4129 D WifiStateMachine: fetchRssiLinkSpeedAndFrequencyNative rssi=-43 linkspeed=433 freq=5240
10-22 19:55:25.026  3957  4129 V WifiConfigManager: Updating scan detail cache freq=5240 BSSID=f4:6d:2f:12:cc:88 RSSI=-43 for "ourhome"WPA_PSK
10-22 19:55:25.030  4340  4340 E SignalClusterView: setSlotFocusVisible : subId -2
10-22 19:55:25.031  4340  4340 E SignalClusterView: setSlotFocusVisible : subId -2
10-22 19:55:25.086 28357 28652 I BatteryMgr:DataCollectionService: stats => 1697997325085,35,4160,64,0,100
10-22 19:55:25.196 28357 28652 I BatteryMgr:DataCollectionService: stats => 1697997325195,35,4160,64,0,100
10-22 19:55:25.298  3957  4128 D WifiService: getConnectionInfo uid=1000
10-22 19:55:25.312 28357 28652 I BatteryMgr:DataCollectionService: stats => 1697997325312,35,4160,64,0,100
10-22 19:55:25.422 28357 28652 I BatteryMgr:DataCollectionService: stats => 1697997325422,35,4160,64,0,100
10-22 19:55:25.536 28357 28652 I BatteryMgr:DataCollectionService: stats => 1697997325536,35,4160,64,0,100
10-22 19:55:25.634  3957  4129 D WifiStateMachine:  ConnectedState !RSSI_PKTCNT_FETCH uid=1000 rt=603732213/1659707686 0 0 "ourhome" f4:6d:2f:12:cc:88 rssi=-43 f=5240 sc=60 link=433 tx=2.6, 0.0, 0.0  rx=6.4 bcn=602313 [on:0 tx:0 rx:0 period:604] from screen [on:377905 period:2269301] score=60
10-22 19:55:25.637  3957  4129 D WifiStateMachine:  L2ConnectedState !RSSI_PKTCNT_FETCH uid=1000 rt=603732220/1659707693 0 0 "ourhome" f4:6d:2f:12:cc:88 rssi=-43 f=5240 sc=60 link=433 tx=2.6, 0.0, 0.0  rx=6.4 bcn=602313 [on:0 tx:0 rx:0 period:4] from screen [on:377905 period:2269305] score=60
10-22 19:55:25.644  3957  4129 D WifiStateMachine: fetchRssiLinkSpeedAndFrequencyNative rssi=-44 linkspeed=433 freq=5240
10-22 19:55:25.644  3957  4129 V WifiConfigManager: Updating scan detail cache freq=5240 BSSID=f4:6d:2f:12:cc:88 RSSI=-43 for "ourhome"WPA_PSK
10-22 19:55:25.648 28357 28652 I BatteryMgr:DataCollectionService: stats => 1697997325648,35,4160,64,0,100
10-22 19:55:25.754 28357 28652 I BatteryMgr:DataCollectionService: stats => 1697997325754,35,4160,64,0,100
10-22 19:55:25.868 28357 28652 I BatteryMgr:DataCollectionService: stats => 1697997325868,35,4160,64,0,100
10-22 19:55:25.976 28357 28652 I BatteryMgr:DataCollectionService: stats => 1697997325976,35,4160,64,0,100
10-22 19:55:26.082 28357 28652 I BatteryMgr:DataCollectionService: stats => 1697997326082,35,4160,64,0,100
10-22 19:55:26.197 28357 28652 I BatteryMgr:DataCollectionService: stats => 1697997326197,35,4160,64,0,100
10-22 19:55:26.302  3957  4128 D WifiService: getConnectionInfo uid=1000
10-22 19:55:26.306 28357 28652 I BatteryMgr:DataCollectionService: stats => 1697997326306,35,4160,64,0,100
10-22 19:55:26.414 28357 28652 I BatteryMgr:DataCollectionService: stats => 1697997326414,35,4160,64,0,100
10-22 19:55:26.523 28357 28652 I BatteryMgr:DataCollectionService: stats => 1697997326523,35,4160,64,0,100
10-22 19:55:26.610  3957  6478 D SSRM:k  : SIOP:: AP = 430, PST = 447 (W:10), BAT = 293, USB = 0, CHG = 0
10-22 19:55:26.630  3957  4129 D WifiStateMachine:  ConnectedState !RSSI_PKTCNT_FETCH uid=1000 rt=603733214/1659708687 0 0 "ourhome" f4:6d:2f:12:cc:88 rssi=-44 f=5240 sc=60 link=433 tx=2.6, 0.0, 0.0  rx=6.4 bcn=602313 [on:0 tx:0 rx:0 period:993] from screen [on:377905 period:2270298] score=60
10-22 19:55:26.631 28357 28652 I BatteryMgr:DataCollectionService: stats => 1697997326631,35,4160,64,0,100
10-22 19:55:26.632  3957  4129 D WifiStateMachine:  L2ConnectedState !RSSI_PKTCNT_FETCH uid=1000 rt=603733216/1659708689 0 0 "ourhome" f4:6d:2f:12:cc:88 rssi=-44 f=5240 sc=60 link=433 tx=2.6, 0.0, 0.0  rx=6.4 bcn=602313 [on:0 tx:0 rx:0 period:2] from screen [on:377905 period:2270300] score=60
10-22 19:55:26.638  3957  4129 D WifiStateMachine: fetchRssiLinkSpeedAndFrequencyNative rssi=-44 linkspeed=433 freq=5240
10-22 19:55:26.638  3957  4129 V WifiConfigManager: Updating scan detail cache freq=5240 BSSID=f4:6d:2f:12:cc:88 RSSI=-43 for "ourhome"WPA_PSK
10-22 19:55:26.740 28357 28652 I BatteryMgr:DataCollectionService: stats => 1697997326739,35,4160,64,0,100
10-22 19:55:26.760 11094 11094 E adbd    : recv: OPEN 0003330d 00000000 0042:73 68 65 6C 6C 2C 76 32 2C 54 45 52 4D 3D 78 74 65 72 6D 2D 32 35 36 63 6F 6C 6F 72 2C 72 61 77 3A 67 65 74 70 72 6F 70 20 72 6F 2E 62 75 69 6C 64 2E 76 65 72 73 69 6F 6E 2E 72 65 6C 65 61 73 65 00 
10-22 19:55:26.761 11094 11094 E adbd    : service_to_fd: shell,v2,TERM=xterm-256color,raw:getprop ro.build.version.release
10-22 19:55:26.850 28357 28652 I BatteryMgr:DataCollectionService: stats => 1697997326850,35,4160,64,0,100
10-22 19:55:26.869 11094 11094 E adbd    : recv: OPEN 00033311 00000000 003e:73 68 65 6C 6C 2C 76 32 2C 54 45 52 4D 3D 78 74 65 72 6D 2D 32 35 36 63 6F 6C 6F 72 2C 72 61 77 3A 67 65 74 70 72 6F 70 20 72 6F 2E 62 75 69 6C 64 2E 76 65 72 73 69 6F 6E 2E 73 64 6B 00 
10-22 19:55:26.869 11094 11094 E adbd    : service_to_fd: shell,v2,TERM=xterm-256color,raw:getprop ro.build.version.sdk
