--------- beginning of main
10-16 21:25:24.940  3957  4129 D WifiStateMachine:  ConnectedState !RSSI_PKTCNT_FETCH uid=1000 rt=453727836/1146712317 0 0 "ourhome" f4:6d:2f:12:cc:88 rssi=-44 f=5240 sc=60 link=433 tx=0.1, 0.0, 0.0  rx=5.7 bcn=553978 [on:0 tx:0 rx:0 period:997] from screen [on:712716 period:3797547] score=60
10-16 21:25:24.941  3957  4129 D WifiStateMachine:  L2ConnectedState !RSSI_PKTCNT_FETCH uid=1000 rt=453727837/1146712318 0 0 "ourhome" f4:6d:2f:12:cc:88 rssi=-44 f=5240 sc=60 link=433 tx=0.1, 0.0, 0.0  rx=5.7 bcn=553978 [on:0 tx:0 rx:0 period:2] from screen [on:712716 period:3797549] score=60
10-16 21:25:24.941   887   887 E adbd    : recv: OPEN 00000411 00000000 0042:73 68 65 6C 6C 2C 76 32 2C 54 45 52 4D 3D 78 74 65 72 6D 2D 32 35 36 63 6F 6C 6F 72 2C 72 61 77 3A 67 65 74 70 72 6F 70 20 72 6F 2E 62 75 69 6C 64 2E 76 65 72 73 69 6F 6E 2E 72 65 6C 65 61 73 65 00 
10-16 21:25:24.941   887   887 E adbd    : service_to_fd: shell,v2,TERM=xterm-256color,raw:getprop ro.build.version.release
10-16 21:25:24.947  3957  4129 D WifiStateMachine: fetchRssiLinkSpeedAndFrequencyNative rssi=-44 linkspeed=433 freq=5240
10-16 21:25:24.996   887   887 E adbd    : recv: OPEN 00000415 00000000 003e:73 68 65 6C 6C 2C 76 32 2C 54 45 52 4D 3D 78 74 65 72 6D 2D 32 35 36 63 6F 6C 6F 72 2C 72 61 77 3A 67 65 74 70 72 6F 70 20 72 6F 2E 62 75 69 6C 64 2E 76 65 72 73 69 6F 6E 2E 73 64 6B 00 
10-16 21:25:24.996   887   887 E adbd    : service_to_fd: shell,v2,TERM=xterm-256color,raw:getprop ro.build.version.sdk
10-16 21:25:25.059   887   887 E adbd    : recv: OPEN 00000419 00000000 00c4:73 68 65 6C 6C 2C 76 32 2C 54 45 52 4D 3D 78 74 65 72 6D 2D 32 35 36 63 6F 6C 6F 72 2C 72 61 77 3A 61 6D 20 73 74 61 72 74 20 2D 6E 20 22 63 6F 6D 2E 65 78 61 6D 70 6C 65 2E 62 61 74 74 65 72 79 6D 61 6E 61 67 65 72 5F 75 74 69 6C 69 74 79 2F 63 6F 6D 2E 65 78 61 6D 70 6C 65 2E 62 61 74 74 65 72 79 6D 61 6E 61 67 65 72 5F 75 74 69 6C 69 74 79 2E 4D 61 69 6E 41 63 74 69 76 69 74 79 22 20 2D 61 20 61 6E 64 72 6F 69 64 2E 69 6E 74 65 6E 74 2E 61 63 74 69 6F 6E 2E 4D 41 49 4E 20 2D 63 20 61 6E 64 72 6F 69 64 2E 69 6E 74 65 6E 74 2E 63 61 74 65 67 6F 72 79 2E 4C 41 55 4E 43 48 45 52 00 
10-16 21:25:25.059   887   887 E adbd    : service_to_fd: shell,v2,TERM=xterm-256color,raw:am start -n "com.example.batterymanager_utility/com.example.batterymanager_utility.MainActivity" -a android.intent.action.MAIN -c android.intent.category.LAUNCHER
--------- beginning of system
10-16 21:25:25.150  3957  9774 I ActivityManager: START u0 {act=android.intent.action.MAIN typ=null flg=0x10000000 cmp=ComponentInfo{com.example.batterymanager_utility/com.example.batterymanager_utility.MainActivity}} from uid 2000
10-16 21:25:25.152  3957  9774 D CustomFrequencyManagerService: acquireDVFSLockLocked : type : DVFS_MIN_LIMIT  frequency : 1560000  uid : 1000  pid : 3957  pkgName : AMS_APP_SWITCH@CPU_MIN@52
10-16 21:25:25.155  3957  9774 D ActivityManagerPerformance: AMP_acquire() APP_SWITCH
10-16 21:25:25.155  3957  5022 D ActivityManagerPerformance: Received MSG_CFMS_HINT_AMS_SWITCH pkgName: com.example.batterymanager_utility
10-16 21:25:25.156  3957  6478 D WifiService: getConnectionInfo uid=1000
10-16 21:25:25.160   426   426 V Launcher: Launcher.onPause()
10-16 21:25:25.160   426   426 D Launcher: setHotWordDetection : call requestHotWordDetection false
10-16 21:25:25.163  3957  3957 D MdnieScenarioControlService: Listener Real Multi Window State : false
10-16 21:25:25.168  4146  4146 I GsaVoiceInteractionSrv: Handling ACTION_STOP_HOTWORD
10-16 21:25:25.169  3957  8324 D ActivityManager: isScaleDownAnimationEnabled() : false
10-16 21:25:25.170  3957  8324 D StorageManagerService: getExternalStorageMountMode : 1
10-16 21:25:25.170  4146  4209 I HwDetectorWithState: (REDACTED) a: %d
10-16 21:25:25.170  3957  8324 D StorageManagerService: getExternalStorageMountMode : 3
10-16 21:25:25.170  3957  8324 D StorageManagerService: getExternalStorageMountMode : final mountMode=1, uid : 10170, packageName : com.example.batterymanager_utility
10-16 21:25:25.170  3957  8324 I ApplicationPolicy: isApplicationExternalStorageWhitelisted:com.example.batterymanager_utility user:0
10-16 21:25:25.170  3957  8324 D ApplicationPolicy: isApplicationExternalStorageWhitelisted: DO is not enabled on user 0. Allowed.
10-16 21:25:25.170  3957  8324 D ActivityManager: package  com.example.batterymanager_utility, user - 0 is SDcard whitelisted
10-16 21:25:25.170  3957  8324 I ApplicationPolicy: isApplicationExternalStorageBlacklisted:com.example.batterymanager_utility user:0
10-16 21:25:25.170  3957  8324 D ApplicationPolicy: isApplicationExternalStorageBlacklisted: DO is not enabled on user 0. Allowed.
10-16 21:25:25.171  3957  4025 D ViewRootImpl@39307a[batterymanager_utility]: setView = DecorView@3ae5c88[batterymanager_utility] TM=true MM=false
10-16 21:25:25.179  3957  4025 D ViewRootImpl@39307a[batterymanager_utility]: dispatchAttachedToWindow
10-16 21:25:25.180  3957  4025 V WindowManager: Relayout Window{d7b002b u0 Splash Screen com.example.batterymanager_utility}: viewVisibility=0 req=719x1237 WM.LayoutParams{(0,0)(fillxfill) sim=#20 ty=3 fl=#81830118 pfl=0x20011 wanim=0x10302fd vsysui=0x600 needsMenuKey=2 colorMode=0 naviIconColor=0}
10-16 21:25:25.182  3957  8324 I ActivityManager: Start proc 11927:com.example.batterymanager_utility/u0a170 for activity com.example.batterymanager_utility/.MainActivity
10-16 21:25:25.183 11927 11927 E Zygote  : isWhitelistProcess - Process is Whitelisted
10-16 21:25:25.184  3447  3447 I SurfaceFlinger: id=2574 createSurf (720x1280),1 flag=404, Splash Screen com.example.batterymanager_utility#0
10-16 21:25:25.184 11927 11927 E libpersona: scanKnoxPersonas
10-16 21:25:25.184 11927 11927 E libpersona: Couldn't open the File - /data/system/users/0/personalist.xml - No such file or directory
10-16 21:25:25.185  3957  4025 V Surface : sf_framedrop debug : 0x4f4c, game : false, logging : 0
10-16 21:25:25.186 11927 11927 W SELinux : SELinux selinux_android_compute_policy_index : Policy Index[2],  Con:u:r:zygote:s0 RAM:SEPF_SM-J720F_8.0.0_0002, [-1 -1 -1 -1 0 1]
10-16 21:25:25.187 11927 11927 I SELinux : SELinux: seapp_context_lookup: seinfo=untrusted, level=s0:c512,c768, pkgname=com.example.batterymanager_utility 
10-16 21:25:25.187  3957  4025 D ViewRootImpl@39307a[batterymanager_utility]: Relayout returned: old=[0,0][0,0] new=[0,0][720,1280] result=0x7 surface={valid=true 501431664640} changed=true
10-16 21:25:25.190 11927 11927 I zygote64: Late-enabling -Xcheck:jni
10-16 21:25:25.202  3957  4025 V WindowManager: finishDrawingLocked: mDrawState=COMMIT_DRAW_PENDING Window{d7b002b u0 Splash Screen com.example.batterymanager_utility} in Surface(name=Splash Screen com.example.batterymanager_utility)
10-16 21:25:25.205  4340  4340 D WallpaperService: updateSurface forceRelayout=true redrawNeeded=false myWidth=1280 myHeight=1280 fixedSize=true x = 0 y = 0 mWidth=1280 mHeight=1280 mIsSleepMode=false
10-16 21:25:25.206  3957  9774 V WindowManager: Relayout Window{b8b4ba7 u0 com.android.systemui.ImageWallpaper}: viewVisibility=0 req=1280x1280 WM.LayoutParams{(0,0)(1280x1280) gr=#800033 ty=2013 fl=#10318 fmt=2 wanim=0x103030e colorMode=0 naviIconColor=0}
10-16 21:25:25.206  3957  9774 V WindowManager: rotationForOrientationLw(orient=-1, last=0); user=0  sensorRotation=-1 mLidState=-1 mDockMode=0 mHdmiPlugged=false
10-16 21:25:25.209  4340  4340 D ImageWallpaper: onOffsetsChanged: xOffset=0.0, yOffset=0.0, xOffsetStep=0.0, yOffsetStep=0.0, xPixels=0, yPixels=0
10-16 21:25:25.209  4340  4340 D ImageWallpaper: newRotation : 0,mLastRotation : 0
10-16 21:25:25.210  4340  4340 D ImageWallpaper: drawFrame:[frame.width()]1280[frame.height()]1280
10-16 21:25:25.210  4340  4340 D ImageWallpaper: surfaceDimensionsChanged=false mDisplayWidth=720 mDisplayHeight=1280
10-16 21:25:25.210  4340  4340 D ImageWallpaper: redrawNeeded = false, mOffsetsChanged = false
10-16 21:25:25.210  4340  4340 D ImageWallpaper: Suppressed drawFrame since redraw is not needed and offsets have not changed.
10-16 21:25:25.233 11927 11927 D TimaKeyStoreProvider: TimaKeyStore is not enabled: cannot add TimaSignature Service and generateKeyPair Service
10-16 21:25:25.233 11927 11927 D ActivityThread: Added TimaKeyStore provider
10-16 21:25:25.237  3957  9774 I ActivityManager: DSS on for com.example.batterymanager_utility and scale is 1.0
10-16 21:25:25.244  3957  9774 D PersonaManagerService: Current focused persona service handled id set to : 0
10-16 21:25:25.244  3957  9774 D InputDispatcher: Focused application set to: xxxx
10-16 21:25:25.245  3957  9774 D InputDispatcher: Focus left window: 426
10-16 21:25:25.246  3957  4220 D GameManagerService: handleForegroundChange(). pkgName: com.example.batterymanager_utility, clsName: com.example.batterymanager_utility.MainActivity,FgActivityName:com.example.batterymanager_utility/.MainActivity
10-16 21:25:25.246  3957  9774 D MARsPolicyManager: onPackageResumedFG pkgName = com.example.batterymanager_utility, userId = 0
10-16 21:25:25.247  3957  4220 D GameManagerService: sem_perfomance_mode: 3
10-16 21:25:25.247  3957  4220 D GameManagerService: notifyResumePause(). pkg: com.example.batterymanager_utility, type: 4, isMinimized: false, isTunableApp: false
10-16 21:25:25.247  3957  4220 D GameManagerService:   notifyResumePause(). unexpected mPrevNotiType: -1
10-16 21:25:25.248  3957  9774 D SamsungAnimationCreator: createAnimation type:LowEnd transit:12 enter:false wallpaperXoffset:-280 split:false fixedOri:false
10-16 21:25:25.248  3957  9774 D SamsungAnimationCreator: createAnimation displayFrame:Rect(0, 0 - 720, 1280) frame:null insets:null
10-16 21:25:25.254  3957  6478 D GamePkgDataHelper: getGamePkgDataIncServer(). com.example.batterymanager_utility
10-16 21:25:25.255  3957  6478 D GameManagerService: identifyGamePackage. com.example.batterymanager_utility
10-16 21:25:25.255  3957  6478 D GamePkgDataHelper: getGamePkgData(). com.example.batterymanager_utility
10-16 21:25:25.255  3957  6478 D GameManagerService: identifyGamePackage. com.example.batterymanager_utility
10-16 21:25:25.256  3957  6478 D GamePkgDataHelper: getGamePkgData(). com.example.batterymanager_utility
10-16 21:25:25.256  3957  6478 D GamePkgDataHelper: getSosPolicy(). com.example.batterymanager_utility
10-16 21:25:25.257  3957  6478 D GameManagerService: identifyGamePackage. com.example.batterymanager_utility
10-16 21:25:25.257  3957  6478 D GamePkgDataHelper: getGamePkgData(). com.example.batterymanager_utility
10-16 21:25:25.259  3957  6478 D GameManagerService: identifyGamePackage. com.example.batterymanager_utility
10-16 21:25:25.260  3957  6478 D GamePkgDataHelper: getGamePkgData(). com.example.batterymanager_utility
10-16 21:25:25.262   426   426 I Launcher: onWindowVisibilityChanged : false
10-16 21:25:25.264  3957  3973 D WindowManager: set systemUiVisibility : systemUiFlags= 0x608 fullscreenStackSysUiFlags= 0x0
10-16 21:25:25.266  3957  8324 D WindowManager: adjustSystemUiVisibilityLw : vis= 0x608
10-16 21:25:25.267   426   484 D OpenGLRenderer: eglDestroySurface = 0x74ade52500
10-16 21:25:25.267  3957  8324 V WindowManager: Relayout Window{f4e98e0 u0 com.sec.android.app.launcher/com.sec.android.app.launcher.activities.LauncherActivity}: viewVisibility=8 req=720x1280 WM.LayoutParams{(0,0)(fillxfill) sim=#130 ty=1 fl=#81910d00 pfl=0x20000 fmt=-2 wanim=0x10302ea vsysui=0x700 needsMenuKey=2 colorMode=0 naviIconColor=0}
10-16 21:25:25.271   426   426 D ViewRootImpl@64d68ee[LauncherActivity]: Relayout returned: old=[0,0][720,1280] new=[0,0][720,1280] result=0x5 surface={valid=false 0} changed=true
10-16 21:25:25.271   426   426 D ViewRootImpl@64d68ee[LauncherActivity]: MSG_WINDOW_FOCUS_CHANGED 0
10-16 21:25:25.272 11927 11927 I zygote64: no shared libraies, dex_files: 1
10-16 21:25:25.294  4340  4884 D SystemServicesProxy: updateOverviewLastStackActiveTimeAsync: newTime=1697483912917
10-16 21:25:25.294  3957  8324 D SecContentProvider: query(), uri = 17 selection = isSettingsChangesAllowed
10-16 21:25:25.296  3957  8324 D SecContentProvider: called from android.uid.systemui:10009
10-16 21:25:25.296  4340  4692 D SystemServicesProxy: updateOverviewLastStackActiveTimeAsync: done.
10-16 21:25:25.307 11927 11927 I BatteryMgr:App: creating notification channel
10-16 21:25:25.348  3447  3447 I SurfaceFlinger: Display 0 HWC layers:
10-16 21:25:25.348  3447  3447 I SurfaceFlinger:     type    |    handle    | flag |  format   |   source crop (l,t,r,b)    |         frame       | name 
10-16 21:25:25.348  3447  3447 I SurfaceFlinger: ------------+--------------+------+-----------+----------------------------+---------------------+------
10-16 21:25:25.348  3447  3447 I SurfaceFlinger:      Device | 0x7e9ec22c80 | 0002 | RGBx_8888 | 280.0    0.0 1000.0 1280.0 |    0    0  720 1280 | com.android.systemui.ImageWallpaper#0
10-16 21:25:25.348  3447  3447 I SurfaceFlinger:      Device | 0x7e9ecddfc0 | 0000 | RGBA_8888 |  21.0   37.0  700.0 1244.0 |    0    0  720 1280 | com.sec.android.app.launcher/com.sec[...]uncher.activities.LauncherActivity#0
10-16 21:25:25.348  3447  3447 I SurfaceFlinger:      Device | 0x7ea5024180 | 0002 | RGBA_8888 |   0.0    0.0  720.0 1280.0 |  133  236  588 1044 | Splash Screen com.example.batterymanager_utility#0
10-16 21:25:25.348  3447  3447 I SurfaceFlinger:      Device | 0x7e9ed37c00 | 0000 | RGBA_8888 |   0.0    0.0  720.0   42.0 |    0    0  720   42 | StatusBar#0
10-16 21:25:25.348  3447  3447 I SurfaceFlinger: 
10-16 21:25:25.352  3957  4128 D WifiService: getConnectionInfo uid=1000
10-16 21:25:25.382 11927 11945 D OpenGLRenderer: HWUI GL Pipeline
10-16 21:25:25.385  3957  4089 D MdnieScenarioControlService:  packageName : com.example.batterymanager_utility    className : com.example.batterymanager_utility.MainActivity
10-16 21:25:25.385  3957  4089 V MdnieScenarioControlService: setUIMode from UI function(3)
10-16 21:25:25.389 11927 11927 D ViewRootImpl@4470b6[MainActivity]: setView = DecorView@a3fa1b7[MainActivity] TM=true MM=false
10-16 21:25:25.390  3957  9774 D ActivityManager: post active user change for 0 fullscreen true isHomeActivity() false
10-16 21:25:25.493 11927 11927 W zygote64: Class androidx.compose.runtime.snapshots.SnapshotStateList failed lock verification and will run slower.
10-16 21:25:25.493 11927 11927 W zygote64: Common causes for lock verification issues are non-optimized dex code
10-16 21:25:25.493 11927 11927 W zygote64: and incorrect proguard optimizations.
10-16 21:25:25.600 11927 11927 D ViewRootImpl@4470b6[MainActivity]: dispatchAttachedToWindow
10-16 21:25:25.660  3957  9774 V WindowManager: Relayout Window{e7dfacc u0 com.example.batterymanager_utility/com.example.batterymanager_utility.MainActivity}: viewVisibility=0 req=719x1237 WM.LayoutParams{(0,0)(fillxfill) sim=#120 ty=1 fl=#81810100 pfl=0x20000 wanim=0x10302fd vsysui=0x600 needsMenuKey=2 colorMode=0 naviIconColor=0}
10-16 21:25:25.667  3447  3447 I SurfaceFlinger: id=2575 createSurf (720x1280),1 flag=404, com.example.batterymanager_utility/com.example.batterymanager_utility.MainActivity#0
10-16 21:25:25.669  3957  9774 V Surface : sf_framedrop debug : 0x4f4c, game : false, logging : 0
10-16 21:25:25.672  3957  9774 D InputDispatcher: Focus entered window: 11927
10-16 21:25:25.675 11927 11927 V Surface : sf_framedrop debug : 0x4f4c, game : false, logging : 0
10-16 21:25:25.676 11927 11927 D ViewRootImpl@4470b6[MainActivity]: Relayout returned: old=[0,0][0,0] new=[0,0][720,1280] result=0x7 surface={valid=true 502085038080} changed=true
10-16 21:25:25.685 11927 11945 I OpenGLRenderer: Initialized EGL, version 1.4
10-16 21:25:25.685 11927 11945 D OpenGLRenderer: Swap behavior 2
10-16 21:25:25.690 11927 11945 D libGLESv1: STS_GLApi : DTS, ODTC are not allowed for Package : com.example.batterymanager_utility
10-16 21:25:25.692 11927 11945 D mali_winsys: EGLint new_window_surface(egl_winsys_display *, void *, EGLSurface, EGLConfig, egl_winsys_surface **, egl_color_buffer_format *, EGLBoolean) returns 0x3000,  [720x1280]-format:1
10-16 21:25:25.692 11927 11945 D OpenGLRenderer: eglCreateWindowSurface = 0x74d44afb80
10-16 21:25:25.696 11927 11927 D Compose Focus: Owner FocusChanged(true)
10-16 21:25:25.699  3447  3447 I SurfaceFlinger: Display 0 HWC layers:
10-16 21:25:25.699  3447  3447 I SurfaceFlinger:     type    |    handle    | flag |  format   |   source crop (l,t,r,b)    |         frame       | name 
10-16 21:25:25.699  3447  3447 I SurfaceFlinger: ------------+--------------+------+-----------+----------------------------+---------------------+------
10-16 21:25:25.699  3447  3447 I SurfaceFlinger:      Device | 0x7ea5024180 | 0002 | RGBA_8888 |   0.0    0.0  720.0 1280.0 |    0    0  720 1280 | Splash Screen com.example.batterymanager_utility#0
10-16 21:25:25.699  3447  3447 I SurfaceFlinger:      Device | 0x7e9ed37c00 | 0000 | RGBA_8888 |   0.0    0.0  720.0   42.0 |    0    0  720   42 | StatusBar#0
10-16 21:25:25.699  3447  3447 I SurfaceFlinger: 
10-16 21:25:25.712  3957  4025 I WindowManager: Destroying surface Surface(name=com.sec.android.app.launcher/com.sec.android.app.launcher.activities.LauncherActivity) called by com.android.server.wm.WindowStateAnimator.destroySurface:2501 com.android.server.wm.WindowStateAnimator.destroySurfaceLocked:985 com.android.server.wm.WindowState.destroyOrSaveSurfaceUnchecked:3670 com.android.server.wm.WindowState.destroySurface:3618 com.android.server.wm.AppWindowToken.destroySurfaces:722 com.android.server.wm.AppWindowToken.destroySurfaces:706 com.android.server.wm.WindowState.onExitAnimationDone:5316 com.android.server.wm.AppWindowAnimator.stepAnimationLocked:508 
10-16 21:25:25.714  3447  5168 I SurfaceFlinger: id=2573 Removed com.sec.android.app.launcher/com.sec.android.app.launcher.activities.LauncherActivity#0 (1/6)
10-16 21:25:25.718  3447  3488 I SurfaceFlinger: id=2573 Removed com.sec.android.app.launcher/com.sec.android.app.launcher.activities.LauncherActivity#0 (-2/6)
10-16 21:25:25.719  4340  4884 D WallpaperService: dispatchAppVisibility onVisibilityChanged(): false
10-16 21:25:25.720  4340  4340 D ImageWallpaper: onVisibilityChanged: mVisible, visible=true, false
10-16 21:25:25.720  4340  4340 D ImageWallpaper: Visibility changed to visible=false
10-16 21:25:25.720  4340  4340 D WallpaperService: reportVisibility onVisibilityChanged visible: false
10-16 21:25:25.728  3447  3447 I Layer   : id=2573 onRemoved com.sec.android.app.launcher/com.sec.android.app.launcher.activities.LauncherActivity#0 
10-16 21:25:25.748  3957  4129 D WifiStateMachine:  ConnectedState !CMD_RSSI_POLL rt=453728645/1146713126 70 0 "ourhome" f4:6d:2f:12:cc:88 rssi=-44 f=5240 sc=60 link=433 tx=0.1, 0.0, 0.0  rx=5.7 bcn=553978 [on:0 tx:0 rx:0 period:807] from screen [on:712716 period:3798356] score=60
10-16 21:25:25.748  3957  4129 D WifiStateMachine:  L2ConnectedState !CMD_RSSI_POLL rt=453728645/1146713126 70 0 "ourhome" f4:6d:2f:12:cc:88 rssi=-44 f=5240 sc=60 link=433 tx=0.1, 0.0, 0.0  rx=5.7 bcn=553978 [on:0 tx:0 rx:0 period:0] from screen [on:712716 period:3798356] score=60
10-16 21:25:25.748  3957  4129 D WifiStateMachine:  get link layer stats 3
10-16 21:25:25.748  3436  3436 I android.hardware.wifi@1.0-service: getLinkLayerStats
10-16 21:25:25.761  3957  9774 V WindowManager: finishDrawingLocked: mDrawState=COMMIT_DRAW_PENDING Window{e7dfacc u0 com.example.batterymanager_utility/com.example.batterymanager_utility.MainActivity} in Surface(name=com.example.batterymanager_utility/com.example.batterymanager_utility.MainActivity)
10-16 21:25:25.763 11927 11927 D ViewRootImpl@4470b6[MainActivity]: MSG_RESIZED_REPORT: frame=Rect(0, 0 - 720, 1280) ci=Rect(0, 42 - 0, 0) vi=Rect(0, 42 - 0, 0) or=1
10-16 21:25:25.763 11927 11927 D ViewRootImpl@4470b6[MainActivity]: MSG_WINDOW_FOCUS_CHANGED 1
10-16 21:25:25.766  3957  4129 D WifiStateMachine: fetchRssiLinkSpeedAndFrequencyNative rssi=-43 linkspeed=433 freq=5240
10-16 21:25:25.768  4340  4340 E SignalClusterView: setSlotFocusVisible : subId -2
10-16 21:25:25.768  3957  4025 D ViewRootImpl@39307a[batterymanager_utility]: dispatchDetachedFromWindow
10-16 21:25:25.768  4340  4340 E SignalClusterView: setSlotFocusVisible : subId -2
10-16 21:25:25.768  3957  4025 D InputEventReceiver: channel 'd7b002b Splash Screen com.example.batterymanager_utility (client)' ~ Disposing input event receiver.
10-16 21:25:25.768  3957  4025 D InputEventReceiver: channel 'd7b002b Splash Screen com.example.batterymanager_utility (client)' ~NativeInputEventReceiver.
10-16 21:25:25.772 11927 11927 V InputMethodManager: Starting input: tba=android.view.inputmethod.EditorInfo@180915 nm : com.example.batterymanager_utility ic=null
10-16 21:25:25.772 11927 11927 I InputMethodManager: startInputInner - mService.startInputOrWindowGainedFocus
10-16 21:25:25.772  3957  9774 D InputMethodManagerService: startInputOrWindowGainedFocus : windowGainedFocus 
10-16 21:25:25.773  3957  9774 D InputMethodManagerService: windowGainedFocus: destinationUserId (getCallingUid) = 0
10-16 21:25:25.773  3957  9774 D InputMethodManagerService: windowGainedFocus: currentUserId=0
10-16 21:25:25.773  3957  9774 D InputMethodManagerService: windowGainedFocus: mCurrentFocusedUserId=0
10-16 21:25:25.773  3957  9774 D InputMethodManagerService: windowGainedFocus : lock - currentUserId = 0 destinationUserId = 0
10-16 21:25:25.773  3957  9774 D InputMethodManagerService: windowGainedFocus : mCurrentFocusedUserId - 0 and mSecureKeypadEnabled - false, userSwitched - false
10-16 21:25:25.773  3957  3981 I ActivityManager: Displayed com.example.batterymanager_utility/.MainActivity: +598ms
10-16 21:25:25.773  3957  9774 V InputMethodManagerService: windowGainedFocus : reason=WINDOW_FOCUS_GAIN client=android.os.BinderProxy@603ec1e inputContext=null missingMethods= attribute=android.view.inputmethod.EditorInfo@4f5f7b8 nm = com.example.batterymanager_utility controlFlags=#105 softInputMode=#120 windowFlags=#81810100
10-16 21:25:25.773  3957  9774 V InputMethodManagerService: hideCurrentInputLocked : shouldHideSoftInput is false
10-16 21:25:25.773  3957  9774 D InputMethodManagerService: isImeSwitcherDisabledPackage : false
10-16 21:25:25.773  3957  9774 V InputMethodManagerService: Creating new session for client ClientState{e84b991 uid 10170 pid 11927}
10-16 21:25:25.774  3957  3981 D CustomFrequencyManagerService: acquireDVFSLockLocked : type : DVFS_MIN_LIMIT  frequency : 1560000  uid : 1000  pid : 3957  pkgName : AMS_RESUME_TAIL@CPU_MIN@58
10-16 21:25:25.774  3957  3981 D ActivityManagerPerformance: AMP_acquire() TAIL
10-16 21:25:25.774  3957  3981 D CustomFrequencyManagerService: releaseDVFSLockLocked : Getting Lock type frm List : DVFS_MIN_LIMIT  frequency : 1560000  uid : 1000  pid : 3957  tag : AMS_APP_SWITCH@CPU_MIN@52
10-16 21:25:25.775  3957  3981 D ActivityManagerPerformance: AMP_release() APP_SWITCH
10-16 21:25:25.775  3957  9774 D InputMethodManagerService: setCurrentInputInfo - inputContext : null eidtorInfo : android.view.inputmethod.EditorInfo@4f5f7b8 missingMethods : 0
10-16 21:25:25.776  2764  2764 I InputMethodWrapper:  call dispatchStartInputWithToken
10-16 21:25:25.776  2764  2764 I InputMethodService: dispatchStartInputWithToken
10-16 21:25:25.777  2764  2764 I SKBD    : SamsungKeypad [IMI] onStartInput - caller pid : 11927, caller uid : 10170
10-16 21:25:25.788 11927 11927 V InputMethodManager: Starting input: tba=android.view.inputmethod.EditorInfo@83e742a nm : com.example.batterymanager_utility ic=null
10-16 21:25:25.797   426   426 D StageManager: saved stages : inStack [1] , outStack[2]
10-16 21:25:25.814  3447  3447 I SurfaceFlinger: Display 0 HWC layers:
10-16 21:25:25.814  3447  3447 I SurfaceFlinger:     type    |    handle    | flag |  format   |   source crop (l,t,r,b)    |         frame       | name 
10-16 21:25:25.814  3447  3447 I SurfaceFlinger: ------------+--------------+------+-----------+----------------------------+---------------------+------
10-16 21:25:25.814  3447  3447 I SurfaceFlinger:      Device | 0x7e9ecdd9c0 | 0002 | RGBA_8888 |   0.0    0.0  720.0 1280.0 |    0    0  720 1280 | com.example.batterymanager_utility/c[...]atterymanager_utility.MainActivity#0
10-16 21:25:25.814  3447  3447 I SurfaceFlinger:      Device | 0x7ea5024180 | 0002 | RGBA_8888 |   0.0    0.0  720.0 1280.0 |    0    0  720 1280 | Splash Screen com.example.batterymanager_utility#0
10-16 21:25:25.814  3447  3447 I SurfaceFlinger:      Device | 0x7e9ed37c00 | 0000 | RGBA_8888 |   0.0    0.0  720.0   42.0 |    0    0  720   42 | StatusBar#0
10-16 21:25:25.814  3447  3447 I SurfaceFlinger: 
10-16 21:25:25.940  3957  4129 D WifiStateMachine:  ConnectedState !RSSI_PKTCNT_FETCH uid=1000 rt=453728837/1146713318 0 0 "ourhome" f4:6d:2f:12:cc:88 rssi=-43 f=5240 sc=60 link=433 tx=0.0, 0.0, 0.0  rx=4.0 bcn=554007 [on:0 tx:0 rx:0 period:173] from screen [on:712943 period:3798548] score=60
10-16 21:25:25.941  3957  4129 D WifiStateMachine:  L2ConnectedState !RSSI_PKTCNT_FETCH uid=1000 rt=453728838/1146713319 0 0 "ourhome" f4:6d:2f:12:cc:88 rssi=-43 f=5240 sc=60 link=433 tx=0.0, 0.0, 0.0  rx=4.0 bcn=554007 [on:0 tx:0 rx:0 period:1] from screen [on:712943 period:3798549] score=60
10-16 21:25:25.947  3957  4089 D MdnieScenarioControlService:  packageName : com.example.batterymanager_utility    className : com.example.batterymanager_utility.MainActivity
10-16 21:25:25.947  3957  4089 V MdnieScenarioControlService: setUIMode from UI function(3)
10-16 21:25:25.947  3957  4129 D WifiStateMachine: fetchRssiLinkSpeedAndFrequencyNative rssi=-45 linkspeed=433 freq=5240
10-16 21:25:25.947  3957  4025 I WindowManager: Destroying surface Surface(name=Splash Screen com.example.batterymanager_utility) called by com.android.server.wm.WindowStateAnimator.destroySurface:2501 com.android.server.wm.WindowStateAnimator.destroySurfaceLocked:985 com.android.server.wm.WindowState.destroyOrSaveSurfaceUnchecked:3670 com.android.server.wm.WindowState.destroySurface:3618 com.android.server.wm.AppWindowToken.destroySurfaces:722 com.android.server.wm.AppWindowToken.destroySurfaces:706 com.android.server.wm.WindowState.onExitAnimationDone:5316 com.android.server.wm.WindowStateAnimator.stepAnimationLocked:550 
10-16 21:25:25.948  3447  5168 I SurfaceFlinger: id=2574 Removed Splash Screen com.example.batterymanager_utility#0 (3/5)
10-16 21:25:25.948  3447  3447 I SurfaceFlinger: Display 0 HWC layers:
10-16 21:25:25.948  3447  3447 I SurfaceFlinger:     type    |    handle    | flag |  format   |   source crop (l,t,r,b)    |         frame       | name 
10-16 21:25:25.948  3447  3447 I SurfaceFlinger: ------------+--------------+------+-----------+----------------------------+---------------------+------
10-16 21:25:25.948  3447  3447 I SurfaceFlinger:      Device | 0x7e9ecdd9c0 | 0002 | RGBA_8888 |   0.0    0.0  720.0 1280.0 |    0    0  720 1280 | com.example.batterymanager_utility/c[...]atterymanager_utility.MainActivity#0
10-16 21:25:25.948  3447  3447 I SurfaceFlinger:      Device | 0x7e9ed37c00 | 0000 | RGBA_8888 |   0.0    0.0  720.0   42.0 |    0    0  720   42 | StatusBar#0
10-16 21:25:25.948  3447  3447 I SurfaceFlinger: 
10-16 21:25:25.953  3447  3488 I SurfaceFlinger: id=2574 Removed Splash Screen com.example.batterymanager_utility#0 (-2/5)
10-16 21:25:25.962  3447  3447 I Layer   : id=2574 onRemoved Splash Screen com.example.batterymanager_utility#0 
10-16 21:25:26.354  3957  4128 D WifiService: getConnectionInfo uid=1000
10-16 21:25:26.375  3957  3957 D CustomFrequencyManagerService: releaseDVFSLockLocked : Getting Lock type frm List : DVFS_MIN_LIMIT  frequency : 1560000  uid : 1000  pid : 3957  tag : AMS_RESUME_TAIL@CPU_MIN@58
10-16 21:25:26.944  3957  4129 D WifiStateMachine:  ConnectedState !RSSI_PKTCNT_FETCH uid=1000 rt=453729840/1146714320 0 0 "ourhome" f4:6d:2f:12:cc:88 rssi=-45 f=5240 sc=60 link=433 tx=0.0, 0.0, 0.0  rx=4.0 bcn=554007 [on:0 tx:0 rx:0 period:1003] from screen [on:712943 period:3799552] score=60
10-16 21:25:26.947  3957  4129 D WifiStateMachine:  L2ConnectedState !RSSI_PKTCNT_FETCH uid=1000 rt=453729842/1146714323 0 0 "ourhome" f4:6d:2f:12:cc:88 rssi=-45 f=5240 sc=60 link=433 tx=0.0, 0.0, 0.0  rx=4.0 bcn=554007 [on:0 tx:0 rx:0 period:3] from screen [on:712943 period:3799555] score=60
10-16 21:25:26.954  3957  4129 D WifiStateMachine: fetchRssiLinkSpeedAndFrequencyNative rssi=-43 linkspeed=433 freq=5240
10-16 21:25:27.191  3957  3957 D PreBindingService: handleMessage : 1
10-16 21:25:27.358  3957  4128 D WifiService: getConnectionInfo uid=1000
10-16 21:25:27.617  2479  2548 D ScanRecord: Not a Multi Manu data
10-16 21:25:27.674  2479  2548 I chatty  : uid=1002(bluetooth) BT Service Call identical 37 lines
10-16 21:25:27.674  2479  2548 D ScanRecord: Not a Multi Manu data
10-16 21:25:27.703  3957  4030 D SensorService: [SO] 0.153 -0.091 10.290
10-16 21:25:27.728  2479  2548 D ScanRecord: Not a Multi Manu data
10-16 21:25:27.936  2479  2548 I chatty  : uid=1002(bluetooth) BT Service Call identical 271 lines
10-16 21:25:27.937  2479  2548 D ScanRecord: Not a Multi Manu data
10-16 21:25:27.946  3957  4129 D WifiStateMachine:  ConnectedState !RSSI_PKTCNT_FETCH uid=1000 rt=453730841/1146715322 0 0 "ourhome" f4:6d:2f:12:cc:88 rssi=-43 f=5240 sc=60 link=433 tx=0.0, 0.0, 0.0  rx=4.0 bcn=554007 [on:0 tx:0 rx:0 period:999] from screen [on:712943 period:3800554] score=60
10-16 21:25:27.947  2479  2548 D ScanRecord: Not a Multi Manu data
10-16 21:25:27.948  2479  2548 I chatty  : uid=1002(bluetooth) BT Service Call identical 11 lines
10-16 21:25:27.948  2479  2548 D ScanRecord: Not a Multi Manu data
10-16 21:25:27.949  3957  4129 D WifiStateMachine:  L2ConnectedState !RSSI_PKTCNT_FETCH uid=1000 rt=453730844/1146715325 0 0 "ourhome" f4:6d:2f:12:cc:88 rssi=-43 f=5240 sc=60 link=433 tx=0.0, 0.0, 0.0  rx=4.0 bcn=554007 [on:0 tx:0 rx:0 period:3] from screen [on:712943 period:3800557] score=60
10-16 21:25:27.952  3957  4129 D WifiStateMachine: fetchRssiLinkSpeedAndFrequencyNative rssi=-42 linkspeed=433 freq=5240
10-16 21:25:27.974  2479  2548 D ScanRecord: Not a Multi Manu data
10-16 21:25:28.083  2479  2548 I chatty  : uid=1002(bluetooth) BT Service Call identical 154 lines
10-16 21:25:28.083  2479  2548 D ScanRecord: Not a Multi Manu data
10-16 21:25:28.361  3957  4128 D WifiService: getConnectionInfo uid=1000
10-16 21:25:28.771  3957  4129 D WifiStateMachine:  ConnectedState !CMD_RSSI_POLL rt=453731666/1146716146 70 0 "ourhome" f4:6d:2f:12:cc:88 rssi=-42 f=5240 sc=60 link=433 tx=0.0, 0.0, 0.0  rx=4.0 bcn=554007 [on:0 tx:0 rx:0 period:821] from screen [on:712943 period:3801378] score=60
10-16 21:25:28.773  3957  4129 D WifiStateMachine:  L2ConnectedState !CMD_RSSI_POLL rt=453731669/1146716149 70 0 "ourhome" f4:6d:2f:12:cc:88 rssi=-42 f=5240 sc=60 link=433 tx=0.0, 0.0, 0.0  rx=4.0 bcn=554007 [on:0 tx:0 rx:0 period:3] from screen [on:712943 period:3801381] score=60
10-16 21:25:28.774  3957  4129 D WifiStateMachine:  get link layer stats 3
10-16 21:25:28.775  3436  3436 I android.hardware.wifi@1.0-service: getLinkLayerStats
10-16 21:25:28.794  3957  4129 D WifiStateMachine: fetchRssiLinkSpeedAndFrequencyNative rssi=-43 linkspeed=433 freq=5240
10-16 21:25:28.804  4340  4340 E SignalClusterView: setSlotFocusVisible : subId -2
10-16 21:25:28.804  4340  4340 E SignalClusterView: setSlotFocusVisible : subId -2
10-16 21:25:28.946  3957  4129 D WifiStateMachine:  ConnectedState !RSSI_PKTCNT_FETCH uid=1000 rt=453731841/1146716322 0 0 "ourhome" f4:6d:2f:12:cc:88 rssi=-43 f=5240 sc=60 link=433 tx=2.6, 0.0, 0.0  rx=8.4 bcn=554036 [on:0 tx:0 rx:0 period:147] from screen [on:713620 period:3801553] score=60
10-16 21:25:28.948  3957  4129 D WifiStateMachine:  L2ConnectedState !RSSI_PKTCNT_FETCH uid=1000 rt=453731844/1146716325 0 0 "ourhome" f4:6d:2f:12:cc:88 rssi=-43 f=5240 sc=60 link=433 tx=2.6, 0.0, 0.0  rx=8.4 bcn=554036 [on:0 tx:0 rx:0 period:3] from screen [on:713620 period:3801556] score=60
10-16 21:25:28.955  3957  4129 D WifiStateMachine: fetchRssiLinkSpeedAndFrequencyNative rssi=-43 linkspeed=433 freq=5240
10-16 21:25:29.163  3957  6478 D WifiService: getConnectionInfo uid=1000
10-16 21:25:29.364  3957  4128 D WifiService: getConnectionInfo uid=1000
10-16 21:25:29.615  4961  4961 D io_stats: !@ 179,0 r 7205639 230330536 w 1521875 31810052 d 123081 33011416 f 353430 372555 iot 3148264 2757289 th 51200 0 0 pt 0 inp 0 0 453732.511
10-16 21:25:29.948  3957  4129 D WifiStateMachine:  ConnectedState !RSSI_PKTCNT_FETCH uid=1000 rt=453732843/1146717324 0 0 "ourhome" f4:6d:2f:12:cc:88 rssi=-43 f=5240 sc=60 link=433 tx=2.6, 0.0, 0.0  rx=8.4 bcn=554036 [on:0 tx:0 rx:0 period:1000] from screen [on:713620 period:3802556] score=60
10-16 21:25:29.951  3957  4129 D WifiStateMachine:  L2ConnectedState !RSSI_PKTCNT_FETCH uid=1000 rt=453732846/1146717327 0 0 "ourhome" f4:6d:2f:12:cc:88 rssi=-43 f=5240 sc=60 link=433 tx=2.6, 0.0, 0.0  rx=8.4 bcn=554036 [on:0 tx:0 rx:0 period:3] from screen [on:713620 period:3802559] score=60
10-16 21:25:29.958  3957  4129 D WifiStateMachine: fetchRssiLinkSpeedAndFrequencyNative rssi=-43 linkspeed=433 freq=5240
10-16 21:25:30.207   887   887 E adbd    : recv: OPEN 0000041d 00000000 003f:73 68 65 6C 6C 2C 76 32 2C 54 45 52 4D 3D 78 74 65 72 6D 2D 32 35 36 63 6F 6C 6F 72 2C 72 61 77 3A 6D 6F 6E 6B 65 79 20 2D 70 20 6F 72 67 2E 6D 6F 7A 69 6C 6C 61 2E 66 65 6E 69 78 20 31 00 
10-16 21:25:30.208   887   887 E adbd    : service_to_fd: shell,v2,TERM=xterm-256color,raw:monkey -p org.mozilla.fenix 1
10-16 21:25:30.366  3957  4128 D WifiService: getConnectionInfo uid=1000
10-16 21:25:30.846 11927 11964 D ProfileInstaller: Installing profile for com.example.batterymanager_utility
10-16 21:25:30.855 11927 11933 I zygote64: Do partial code cache collection, code=30KB, data=25KB
10-16 21:25:30.855 11927 11933 I zygote64: After code cache collection, code=30KB, data=25KB
10-16 21:25:30.855 11927 11933 I zygote64: Increasing code cache capacity to 128KB
10-16 21:25:30.909 11962 11962 W ADebug  : Failed to get property persist.sys.media.traces
10-16 21:25:30.933 11962 11962 E appproc : Enhanced Zygote ASLR: ro.knox.enhance.zygote.aslr != 1. Enhanced Zygote ASLR is DISABLED!
10-16 21:25:30.933 11962 11962 D AndroidRuntime: >>>>>> START com.android.internal.os.RuntimeInit uid 2000 <<<<<<
10-16 21:25:30.949  3957  4129 D WifiStateMachine:  ConnectedState !RSSI_PKTCNT_FETCH uid=1000 rt=453733844/1146718325 0 0 "ourhome" f4:6d:2f:12:cc:88 rssi=-43 f=5240 sc=60 link=433 tx=2.6, 0.0, 0.0  rx=8.4 bcn=554036 [on:0 tx:0 rx:0 period:998] from screen [on:713620 period:3803557] score=60
10-16 21:25:30.952  3957  4129 D WifiStateMachine:  L2ConnectedState !RSSI_PKTCNT_FETCH uid=1000 rt=453733847/1146718328 0 0 "ourhome" f4:6d:2f:12:cc:88 rssi=-43 f=5240 sc=60 link=433 tx=2.6, 0.0, 0.0  rx=8.4 bcn=554036 [on:0 tx:0 rx:0 period:3] from screen [on:713620 period:3803560] score=60
10-16 21:25:30.953 11962 11962 D SecNativeFeatureCppIf: encoded
10-16 21:25:30.953 11962 11962 D SecNativeFeatureCppIf: decoding and unzip finish
10-16 21:25:30.953 11962 11962 D SecNativeFeatureCppIf: use unCompDataBuff. encoded
10-16 21:25:30.954 11962 11962 D SecNativeFeatureCppIf: Free unCompDataBuff
10-16 21:25:30.955 11962 11962 D SecNativeFeatureCppIf: encoded
10-16 21:25:30.955 11962 11962 D SecNativeFeatureCppIf: decoding and unzip finish
10-16 21:25:30.955 11962 11962 D SecNativeFeatureCppIf: use unCompDataBuff. encoded
10-16 21:25:30.955 11962 11962 D SecNativeFeatureCppIf: Free unCompDataBuff
10-16 21:25:30.955 11962 11962 D SecNativeFeatureCppIf: encoded
10-16 21:25:30.955 11962 11962 D SecNativeFeatureCppIf: decoding and unzip finish
10-16 21:25:30.955 11962 11962 D SecNativeFeatureCppIf: use unCompDataBuff. encoded
10-16 21:25:30.955 11962 11962 D SecNativeFeatureCppIf: Free unCompDataBuff
10-16 21:25:30.955 11962 11962 D SecNativeFeatureCppIf: encoded
10-16 21:25:30.955 11962 11962 D SecNativeFeatureCppIf: decoding and unzip finish
10-16 21:25:30.955 11962 11962 D SecNativeFeatureCppIf: use unCompDataBuff. encoded
10-16 21:25:30.956 11962 11962 D SecNativeFeatureCppIf: Free unCompDataBuff
10-16 21:25:30.956  3957  4129 D WifiStateMachine: fetchRssiLinkSpeedAndFrequencyNative rssi=-47 linkspeed=433 freq=5240
10-16 21:25:31.208 11962 11962 D ICU     : Timezone override file found: /data/misc/zoneinfo/current/icu/icu_tzdata.dat
10-16 21:25:31.259 11962 11962 I app_process: find the special shared library, skip check
10-16 21:25:31.347 11962 11962 D SemCscFeature: Encoded
10-16 21:25:31.351 11962 11962 I chatty  : uid=2000(shell) identical 2 lines
10-16 21:25:31.353 11962 11962 D SemCscFeature: Encoded
10-16 21:25:31.356 11962 11962 E SemAffinityControl: SemAffinityControl: registerfunction enter
10-16 21:25:31.369  3957  4128 D WifiService: getConnectionInfo uid=1000
10-16 21:25:31.375 11962 11962 D AndroidRuntime: Calling main entry com.android.commands.monkey.Monkey
10-16 21:25:31.447  3957  3972 W BroadcastQueue: Skipping deliver [background] BroadcastRecord{caa5dcd u-1 android.net.conn.CONNECTIVITY_CHANGE} to ReceiverList{6ac9682 11962 (unknown name)/2000/u-1 remote:faf6cf7}: process gone or crashing
10-16 21:25:31.503  3957  8324 I ActivityManager: START u0 {act=android.intent.action.MAIN typ=null flg=0x10200000 cmp=ComponentInfo{org.mozilla.fenix/org.mozilla.fenix.App}} from uid 2000
10-16 21:25:31.505  3957  8324 W Binder  : Outgoing transactions from this process must be FLAG_ONEWAY
10-16 21:25:31.505  3957  8324 W Binder  : java.lang.Throwable
10-16 21:25:31.505  3957  8324 W Binder  : 	at android.os.BinderProxy.transact(Binder.java:744)
10-16 21:25:31.505  3957  8324 W Binder  : 	at android.app.IActivityController$Stub$Proxy.activityStarting(IActivityController.java:172)
10-16 21:25:31.505  3957  8324 W Binder  : 	at com.android.server.am.ActivityStarter.startActivity(ActivityStarter.java:648)
10-16 21:25:31.505  3957  8324 W Binder  : 	at com.android.server.am.ActivityStarter.startActivityLocked(ActivityStarter.java:410)
10-16 21:25:31.505  3957  8324 W Binder  : 	at com.android.server.am.ActivityStarter.startActivityMayWait(ActivityStarter.java:1283)
10-16 21:25:31.505  3957  8324 W Binder  : 	at com.android.server.am.ActivityManagerService.startActivityAsUser(ActivityManagerService.java:6033)
10-16 21:25:31.505  3957  8324 W Binder  : 	at com.android.server.am.ActivityManagerService.startActivity(ActivityManagerService.java:5885)
10-16 21:25:31.505  3957  8324 W Binder  : 	at android.app.IActivityManager$Stub.onTransact(IActivityManager.java:121)
10-16 21:25:31.505  3957  8324 W Binder  : 	at com.android.server.am.ActivityManagerService.onTransact(ActivityManagerService.java:3861)
10-16 21:25:31.505  3957  8324 W Binder  : 	at android.os.Binder.execTransact(Binder.java:682)
10-16 21:25:31.510  3957  8324 D CustomFrequencyManagerService: acquireDVFSLockLocked : type : DVFS_MIN_LIMIT  frequency : 1560000  uid : 1000  pid : 3957  pkgName : AMS_APP_SWITCH@CPU_MIN@52
10-16 21:25:31.513  3957  8324 D ActivityManagerPerformance: AMP_acquire() APP_SWITCH
10-16 21:25:31.514  3957  5022 D ActivityManagerPerformance: Received MSG_CFMS_HINT_AMS_SWITCH pkgName: org.mozilla.fenix
10-16 21:25:31.515  3957  6478 D WifiService: getConnectionInfo uid=1000
10-16 21:25:31.524  3957  9774 D ActivityManager: isScaleDownAnimationEnabled() : false
10-16 21:25:31.526  3957  9774 D StorageManagerService: getExternalStorageMountMode : 1
10-16 21:25:31.526  3957  9774 D StorageManagerService: getExternalStorageMountMode : 3
10-16 21:25:31.526  3957  9774 D StorageManagerService: getExternalStorageMountMode : final mountMode=1, uid : 10169, packageName : org.mozilla.fenix
10-16 21:25:31.527  3957  9774 I ApplicationPolicy: isApplicationExternalStorageWhitelisted:org.mozilla.fenix user:0
10-16 21:25:31.527  3957  9774 D ApplicationPolicy: isApplicationExternalStorageWhitelisted: DO is not enabled on user 0. Allowed.
10-16 21:25:31.527  3957  9774 D ActivityManager: package  org.mozilla.fenix, user - 0 is SDcard whitelisted
10-16 21:25:31.527  3957  9774 I ApplicationPolicy: isApplicationExternalStorageBlacklisted:org.mozilla.fenix user:0
10-16 21:25:31.527  3957  9774 D ApplicationPolicy: isApplicationExternalStorageBlacklisted: DO is not enabled on user 0. Allowed.
10-16 21:25:31.528  3957  8324 V WindowManager: rotationForOrientationLw(orient=-1, last=0); user=0  sensorRotation=-1 mLidState=-1 mDockMode=0 mHdmiPlugged=false
10-16 21:25:31.529  3957  8324 V WindowManager: rotationForOrientationLw(orient=-1, last=0); user=0  sensorRotation=-1 mLidState=-1 mDockMode=0 mHdmiPlugged=false
10-16 21:25:31.538 11973 11973 E Zygote  : isWhitelistProcess - Process is Whitelisted
10-16 21:25:31.539  3957  9774 I ActivityManager: Start proc 11973:org.mozilla.fenix/u0a169 for activity org.mozilla.fenix/.App
10-16 21:25:31.539 11973 11973 E libpersona: scanKnoxPersonas
10-16 21:25:31.539 11973 11973 E libpersona: Couldn't open the File - /data/system/users/0/personalist.xml - No such file or directory
10-16 21:25:31.541 11973 11973 W SELinux : SELinux selinux_android_compute_policy_index : Policy Index[2],  Con:u:r:zygote:s0 RAM:SEPF_SM-J720F_8.0.0_0002, [-1 -1 -1 -1 0 1]
10-16 21:25:31.541 11973 11973 I SELinux : SELinux: seapp_context_lookup: seinfo=untrusted, level=s0:c512,c768, pkgname=org.mozilla.fenix 
10-16 21:25:31.544  3957  3973 V WindowManager: rotationForOrientationLw(orient=-1, last=0); user=0  sensorRotation=-1 mLidState=-1 mDockMode=0 mHdmiPlugged=false
10-16 21:25:31.545 11962 11962 I com.android.commands.monkey: System.exit called, status: 0
10-16 21:25:31.545 11962 11962 I AndroidRuntime: VM exiting with result code 0.
10-16 21:25:31.549  3957  3973 V WindowManager: rotationForOrientationLw(orient=-1, last=0); user=0  sensorRotation=-1 mLidState=-1 mDockMode=0 mHdmiPlugged=false
10-16 21:25:31.549  3957  4025 D ViewRootImpl@2fb2868[fenix]: setView = DecorView@4fe3926[fenix] TM=true MM=false
10-16 21:25:31.551  4340  4731 D Tile.RotationLockTile:  handleUpdateState: true orientation = true
10-16 21:25:31.552  3957  4025 D ViewRootImpl@2fb2868[fenix]: dispatchAttachedToWindow
10-16 21:25:31.553  3957  4025 V WindowManager: Relayout Window{3b01481 u0 Splash Screen org.mozilla.fenix}: viewVisibility=0 req=719x1237 WM.LayoutParams{(0,0)(fillxfill) sim=#20 ty=3 fl=#81830118 pfl=0x20011 fmt=-3 wanim=0x10302ea vsysui=0x600 needsMenuKey=2 colorMode=0 naviIconColor=0}
10-16 21:25:31.554  3447  3447 I SurfaceFlinger: id=2576 createSurf (720x1280),1 flag=4, Splash Screen org.mozilla.fenix#0
10-16 21:25:31.555  3957  4025 V Surface : sf_framedrop debug : 0x4f4c, game : false, logging : 0
10-16 21:25:31.556  4340  4731 D Tile.RotationLockTile:  handleUpdateState: true orientation = true
10-16 21:25:31.557  3957  4025 D InputDispatcher: Focus left window: 11927
10-16 21:25:31.558  3957  4025 D ViewRootImpl@2fb2868[fenix]: Relayout returned: old=[0,0][0,0] new=[0,0][720,1280] result=0x7 surface={valid=true 501169352704} changed=true
10-16 21:25:31.558 11927 11927 D ViewRootImpl@4470b6[MainActivity]: MSG_WINDOW_FOCUS_CHANGED 0
10-16 21:25:31.558  3957  4025 D ViewRootImpl@2fb2868[fenix]: MSG_RESIZED_REPORT: frame=Rect(0, 0 - 720, 1280) ci=Rect(0, 42 - 0, 0) vi=Rect(0, 42 - 0, 0) or=1
10-16 21:25:31.570 11973 11973 D TimaKeyStoreProvider: TimaKeyStore is not enabled: cannot add TimaSignature Service and generateKeyPair Service
10-16 21:25:31.570 11973 11973 D ActivityThread: Added TimaKeyStore provider
10-16 21:25:31.572  3957  9774 I ActivityManager: DSS on for org.mozilla.fenix and scale is 1.0
10-16 21:25:31.583  3957  4025 V WindowManager: finishDrawingLocked: mDrawState=COMMIT_DRAW_PENDING Window{3b01481 u0 Splash Screen org.mozilla.fenix} in Surface(name=Splash Screen org.mozilla.fenix)
10-16 21:25:31.585  3957  9774 D PersonaManagerService: Current focused persona service handled id set to : 0
10-16 21:25:31.587  3957  9774 D InputDispatcher: Focused application set to: xxxx
10-16 21:25:31.588  3957  4220 D GameManagerService: handleForegroundChange(). pkgName: org.mozilla.fenix, clsName: org.mozilla.fenix.HomeActivity,FgActivityName:org.mozilla.fenix/.HomeActivity
10-16 21:25:31.588  3957  9774 D MARsPolicyManager: onPackageResumedFG pkgName = org.mozilla.fenix, userId = 0
10-16 21:25:31.589  3957  4220 D GameManagerService: sem_perfomance_mode: 3
10-16 21:25:31.589  3957  4220 D GameManagerService: notifyResumePause(). pkg: org.mozilla.fenix, type: 4, isMinimized: false, isTunableApp: false
10-16 21:25:31.589  3957  4220 D GameManagerService:   notifyResumePause(). unexpected mPrevNotiType: -1
10-16 21:25:31.602  3447  3447 V Surface : sf_framedrop debug : 0x4f4c, game : false, logging : 0
10-16 21:25:31.605 11927 11945 D OpenGLRenderer: eglDestroySurface = 0x74d44afb80
10-16 21:25:31.607  3957  4306 D WifiConnectivityMonitor:  [|220] []
10-16 21:25:31.612  3957  9774 D TaskSnapshotCache: putSnapshot mTaskId=442 RunningCache size=1
10-16 21:25:31.616  3957  6478 D GamePkgDataHelper: getGamePkgDataIncServer(). org.mozilla.fenix
10-16 21:25:31.616  3957  6478 D GameManagerService: identifyGamePackage. org.mozilla.fenix
10-16 21:25:31.617  3957  6478 D GamePkgDataHelper: getGamePkgData(). org.mozilla.fenix
10-16 21:25:31.617  3957  6478 D GameManagerService: identifyGamePackage. org.mozilla.fenix
10-16 21:25:31.617  3957  6478 D GamePkgDataHelper: getGamePkgData(). org.mozilla.fenix
10-16 21:25:31.618  3957  6478 D GamePkgDataHelper: getSosPolicy(). org.mozilla.fenix
10-16 21:25:31.620  3957  8661 V WindowManager: Relayout Window{e7dfacc u0 com.example.batterymanager_utility/com.example.batterymanager_utility.MainActivity}: viewVisibility=8 req=720x1280 WM.LayoutParams{(0,0)(fillxfill) sim=#120 ty=1 fl=#81810100 pfl=0x20000 wanim=0x10302fd vsysui=0x600 needsMenuKey=2 colorMode=0 naviIconColor=0}
10-16 21:25:31.621  3957  6478 D GameManagerService: identifyGamePackage. org.mozilla.fenix
10-16 21:25:31.621  3957  6478 D GamePkgDataHelper: getGamePkgData(). org.mozilla.fenix
10-16 21:25:31.622  3447  3447 I SurfaceFlinger: Display 0 HWC layers:
10-16 21:25:31.622  3447  3447 I SurfaceFlinger:     type    |    handle    | flag |  format   |   source crop (l,t,r,b)    |         frame       | name 
10-16 21:25:31.622  3447  3447 I SurfaceFlinger: ------------+--------------+------+-----------+----------------------------+---------------------+------
10-16 21:25:31.622  3447  3447 I SurfaceFlinger:      Client |              | 0000 |  Unknown  |  -0.2   -0.2   -0.8   -0.8 |    0    0  720 1280 | animation background stackId=1#0
10-16 21:25:31.622  3447  3447 I SurfaceFlinger:      Client | 0x7e9ecdd9c0 | 0002 | RGBA_8888 |   0.0    0.0  720.0 1280.0 |    0    0  720 1279 | com.example.batterymanager_utility/c[...]atterymanager_utility.MainActivity#0
10-16 21:25:31.622  3447  3447 I SurfaceFlinger:      Device | 0x7e9ed37c00 | 0000 | RGBA_8888 |   0.0    0.0  720.0   42.0 |    0    0  720   42 | StatusBar#0
10-16 21:25:31.622  3447  3447 I SurfaceFlinger: 
10-16 21:25:31.623  3957  6478 D GameManagerService: identifyGamePackage. org.mozilla.fenix
10-16 21:25:31.623  3957  6478 D GamePkgDataHelper: getGamePkgData(). org.mozilla.fenix
10-16 21:25:31.625  3957  3973 D WindowManager: set systemUiVisibility : systemUiFlags= 0x608 fullscreenStackSysUiFlags= 0x0
10-16 21:25:31.626 11927 11927 D ViewRootImpl@4470b6[MainActivity]: Relayout returned: old=[0,0][720,1280] new=[0,0][720,1280] result=0x5 surface={valid=false 0} changed=true
10-16 21:25:31.628 11973 11973 I zygote64: no shared libraies, dex_files: 1
10-16 21:25:31.644  4340 31792 D SystemServicesProxy: updateOverviewLastStackActiveTimeAsync: newTime=1697484331520
10-16 21:25:31.645  3957  8324 D SecContentProvider: query(), uri = 17 selection = isSettingsChangesAllowed
10-16 21:25:31.646  3957  8324 D SecContentProvider: called from android.uid.systemui:10009
10-16 21:25:31.647  4340  4692 D SystemServicesProxy: updateOverviewLastStackActiveTimeAsync: done.
10-16 21:25:31.648  3957  8324 D PackageManager: getComponentMetadataForIconTray : com.example.batterymanager_utility.MainActivity does not exist in mServices
10-16 21:25:31.648  3957  8324 D PackageManager: getComponentMetadataForIconTray : com.example.batterymanager_utility.MainActivity does not exist in mProviders
10-16 21:25:31.648  3957  8324 D PackageManager: getComponentMetadataForIconTray : com.example.batterymanager_utility.MainActivity does not exist in mReceivers
10-16 21:25:31.649  4340 31792 D ApplicationPackageManager: updateItemMetaDataForFixedIconScale: package: com.example.batterymanager_utility
10-16 21:25:31.649  3957  8324 D PackageManager: getSelectedMetaData : packageName(com.example.batterymanager_utility) or Metadata strings {[Ljava.lang.String;@136e503}
10-16 21:25:31.650  4340 31792 I ApplicationPackageManager: load=com.example.batterymanager_utility, bg=144-144, dr=189-189, forDefault=true, density=0
10-16 21:25:31.653  4340 31792 I ApplicationPackageManager: scaled rate=0.72, size=189, alpha=54, hold=102
10-16 21:25:31.654  4340 31792 D ApplicationPackageManager: iconScale: getScale(): 0.72 getAlpha(): 54
10-16 21:25:31.656  4340 31792 I ApplicationPackageManager: load=com.example.batterymanager_utility-contain, bg=112-112, dr=189-189
10-16 21:25:31.704 11973 11973 I FirebaseApp: Device unlocked: initializing all Firebase APIs for app [DEFAULT]
10-16 21:25:31.711 11973 11973 I FirebaseInitProvider: FirebaseApp initialization successful
10-16 21:25:31.747  3957  4089 D MdnieScenarioControlService:  packageName : org.mozilla.fenix    className : org.mozilla.fenix.App
10-16 21:25:31.747  3957  4089 V MdnieScenarioControlService: setUIMode from UI function(3)
10-16 21:25:31.796  3957  4129 D WifiStateMachine:  ConnectedState !CMD_RSSI_POLL rt=453734693/1146719174 70 0 "ourhome" f4:6d:2f:12:cc:88 rssi=-47 f=5240 sc=60 link=433 tx=2.6, 0.0, 0.0  rx=8.4 bcn=554036 [on:0 tx:0 rx:0 period:844] from screen [on:713620 period:3804404] score=60
