10-16 21:25:34.810 11927 12179 I BatteryMgr:DataCollectionService: stats => 1697484334810,-130,4313,-146,0,100
10-16 21:25:34.811  3957  4129 D WifiStateMachine: fetchRssiLinkSpeedAndFrequencyNative rssi=-46 linkspeed=433 freq=5240
10-16 21:25:34.815  4340  4340 E SignalClusterView: setSlotFocusVisible : subId -2
10-16 21:25:34.815  4340  4340 E SignalClusterView: setSlotFocusVisible : subId -2
10-16 21:25:34.921 11927 12179 I BatteryMgr:DataCollectionService: stats => 1697484334921,-130,4313,-146,0,100
10-16 21:25:34.952  3957  4129 D WifiStateMachine:  ConnectedState !RSSI_PKTCNT_FETCH uid=1000 rt=453737849/1146722329 0 0 "ourhome" f4:6d:2f:12:cc:88 rssi=-46 f=5240 sc=60 link=433 tx=228.1, 10.1, 0.0  rx=314.9 bcn=554094 [on:0 tx:0 rx:0 period:139] from screen [on:716685 period:3807560] score=60
10-16 21:25:34.954  3957  4129 D WifiStateMachine:  L2ConnectedState !RSSI_PKTCNT_FETCH uid=1000 rt=453737850/1146722331 0 0 "ourhome" f4:6d:2f:12:cc:88 rssi=-46 f=5240 sc=60 link=433 tx=228.1, 10.1, 0.0  rx=314.9 bcn=554094 [on:0 tx:0 rx:0 period:2] from screen [on:716685 period:3807562] score=60
10-16 21:25:34.956  3957  4129 D WifiStateMachine: fetchRssiLinkSpeedAndFrequencyNative rssi=-46 linkspeed=433 freq=5240
10-16 21:25:35.035 11927 12179 I BatteryMgr:DataCollectionService: stats => 1697484335035,-130,4313,-146,0,100
10-16 21:25:35.153 11927 12179 I BatteryMgr:DataCollectionService: stats => 1697484335153,-130,4313,-146,0,100
10-16 21:25:35.265 11927 12179 I BatteryMgr:DataCollectionService: stats => 1697484335265,-130,4313,-146,0,100
10-16 21:25:35.377  3957  4128 D WifiService: getConnectionInfo uid=1000
10-16 21:25:35.388 11927 12179 I BatteryMgr:DataCollectionService: stats => 1697484335387,-130,4313,-146,0,100
10-16 21:25:35.506 11927 12179 I BatteryMgr:DataCollectionService: stats => 1697484335505,-130,4313,-146,0,100
10-16 21:25:35.520  3957  6478 D WifiService: getConnectionInfo uid=1000
10-16 21:25:35.616 11927 12179 I BatteryMgr:DataCollectionService: stats => 1697484335616,-130,4313,-146,0,100
10-16 21:25:35.733 11927 12179 I BatteryMgr:DataCollectionService: stats => 1697484335733,-130,4313,-146,0,100
10-16 21:25:35.842 11927 12179 I BatteryMgr:DataCollectionService: stats => 1697484335842,-130,4313,-146,0,100
10-16 21:25:35.952 11927 12179 I BatteryMgr:DataCollectionService: stats => 1697484335952,-130,4313,-146,0,100
10-16 21:25:35.953  3957  4129 D WifiStateMachine:  ConnectedState !RSSI_PKTCNT_FETCH uid=1000 rt=453738850/1146723330 0 0 "ourhome" f4:6d:2f:12:cc:88 rssi=-46 f=5240 sc=60 link=433 tx=228.1, 10.1, 0.0  rx=314.9 bcn=554094 [on:0 tx:0 rx:0 period:999] from screen [on:716685 period:3808561] score=60
10-16 21:25:35.954  3957  4129 D WifiStateMachine:  L2ConnectedState !RSSI_PKTCNT_FETCH uid=1000 rt=453738851/1146723332 0 0 "ourhome" f4:6d:2f:12:cc:88 rssi=-46 f=5240 sc=60 link=433 tx=228.1, 10.1, 0.0  rx=314.9 bcn=554094 [on:0 tx:0 rx:0 period:1] from screen [on:716685 period:3808562] score=60
10-16 21:25:35.960  3957  4129 D WifiStateMachine: fetchRssiLinkSpeedAndFrequencyNative rssi=-42 linkspeed=433 freq=5240
10-16 21:25:36.004  3599  3918 D DnsProxyListener: DNSDBG::dns addrinfo af 0
10-16 21:25:36.060 11927 12179 I BatteryMgr:DataCollectionService: stats => 1697484336060,-130,4313,-146,0,100
10-16 21:25:36.167 11927 12179 I BatteryMgr:DataCollectionService: stats => 1697484336167,-130,4313,-146,0,100
10-16 21:25:36.277 11927 12179 I BatteryMgr:DataCollectionService: stats => 1697484336277,-130,4313,-146,0,100
10-16 21:25:36.379  3957  4128 D WifiService: getConnectionInfo uid=1000
10-16 21:25:36.393 11927 12179 I BatteryMgr:DataCollectionService: stats => 1697484336393,-130,4313,-146,0,100
10-16 21:25:36.511 11927 12179 I BatteryMgr:DataCollectionService: stats => 1697484336511,-130,4313,-146,0,100
10-16 21:25:36.589 12130 12231 E vulkan  : invalid vkGetInstanceProcAddr(VK_NULL_HANDLE, "vkEnumerateInstanceVersion") call
10-16 21:25:36.589 12130 12231 E vulkan  : invalid vkGetInstanceProcAddr(VK_NULL_HANDLE, "vkEnumerateInstanceVersion") call
10-16 21:25:36.595 12130 12231 D vulkan  : searching for layers in '/data/app/org.mozilla.fenix-iWpGOrf8cry6RDpwHyQugA==/lib/arm64'
10-16 21:25:36.598 12130 12231 D vulkan  : searching for layers in '/data/app/org.mozilla.fenix-iWpGOrf8cry6RDpwHyQugA==/base.apk!/lib/arm64-v8a'
10-16 21:25:36.609 12130 12231 D vulkan  : vulkan api version_1_0 1.0.0
10-16 21:25:36.609 12130 12231 D vulkan  : vulkan header version 46
10-16 21:25:36.628 11927 12179 I BatteryMgr:DataCollectionService: stats => 1697484336628,-130,4313,-146,0,100
10-16 21:25:36.648  3599  3918 D DnsProxyListener: DNSDBG::dns addrinfo af 0
10-16 21:25:36.669 11973 11988 I zygote64: Waiting for a blocking GC ProfileSaver
10-16 21:25:36.722  3599  3918 D DnsProxyListener: DNSDBG::dns addrinfo af 0
10-16 21:25:36.732 11973 11984 I zygote64: Background concurrent copying GC freed 52880(2MB) AllocSpace objects, 12(348KB) LOS objects, 49% free, 3MB/7MB, paused 5.667ms total 140.431ms
10-16 21:25:36.733 11973 11988 I zygote64: WaitForGcToComplete blocked for 63.914ms for cause ProfileSaver
10-16 21:25:36.737 11927 12179 I BatteryMgr:DataCollectionService: stats => 1697484336737,-130,4313,-146,0,100
10-16 21:25:36.849 11927 12179 I BatteryMgr:DataCollectionService: stats => 1697484336849,-130,4313,-146,0,100
10-16 21:25:36.898 11973 11973 I GeckoSession: handleMessage GeckoView:PageStop uri=null
10-16 21:25:36.901 11973 12045 I SessionStorage/AutoSave: Save: Load finished
10-16 21:25:36.953  3957  4129 D WifiStateMachine:  ConnectedState !RSSI_PKTCNT_FETCH uid=1000 rt=453739850/1146724331 0 0 "ourhome" f4:6d:2f:12:cc:88 rssi=-42 f=5240 sc=60 link=433 tx=228.1, 10.1, 0.0  rx=314.9 bcn=554094 [on:0 tx:0 rx:0 period:999] from screen [on:716685 period:3809561] score=60
10-16 21:25:36.955  3957  4129 D WifiStateMachine:  L2ConnectedState !RSSI_PKTCNT_FETCH uid=1000 rt=453739851/1146724332 0 0 "ourhome" f4:6d:2f:12:cc:88 rssi=-42 f=5240 sc=60 link=433 tx=228.1, 10.1, 0.0  rx=314.9 bcn=554094 [on:0 tx:0 rx:0 period:1] from screen [on:716685 period:3809562] score=60
10-16 21:25:36.956  3957  4129 D WifiStateMachine: fetchRssiLinkSpeedAndFrequencyNative rssi=-45 linkspeed=433 freq=5240
10-16 21:25:36.958 11927 12179 I BatteryMgr:DataCollectionService: stats => 1697484336958,-130,4313,-146,0,100
10-16 21:25:37.065 11927 12179 I BatteryMgr:DataCollectionService: stats => 1697484337065,-130,4313,-146,0,100
10-16 21:25:37.173 11927 12179 I BatteryMgr:DataCollectionService: stats => 1697484337173,-130,4313,-146,0,100
10-16 21:25:37.281 11927 12179 I BatteryMgr:DataCollectionService: stats => 1697484337281,-130,4313,-146,0,100
10-16 21:25:37.381  3957  4128 D WifiService: getConnectionInfo uid=1000
10-16 21:25:37.387 11927 12179 I BatteryMgr:DataCollectionService: stats => 1697484337387,-130,4313,-146,0,100
10-16 21:25:37.501 11927 12179 I BatteryMgr:DataCollectionService: stats => 1697484337501,-130,4313,-146,0,100
10-16 21:25:37.594  2479  2548 D ScanRecord: Not a Multi Manu data
10-16 21:25:37.611  2479  2548 I chatty  : uid=1002(bluetooth) BT Service Call identical 63 lines
10-16 21:25:37.611  2479  2548 D ScanRecord: Not a Multi Manu data
10-16 21:25:37.611 11927 12179 I BatteryMgr:DataCollectionService: stats => 1697484337611,-130,4313,-146,0,100
10-16 21:25:37.614  2479  2548 D ScanRecord: Not a Multi Manu data
10-16 21:25:37.700  2479  2548 I chatty  : uid=1002(bluetooth) BT Service Call identical 245 lines
10-16 21:25:37.700  2479  2548 D ScanRecord: Not a Multi Manu data
10-16 21:25:37.701  3957  4030 D SensorService: [SO] 0.148 -0.053 9.979
10-16 21:25:37.703  2479  2548 D ScanRecord: Not a Multi Manu data
10-16 21:25:37.719  2479  2548 I chatty  : uid=1002(bluetooth) BT Service Call identical 26 lines
10-16 21:25:37.719  2479  2548 D ScanRecord: Not a Multi Manu data
10-16 21:25:37.719 11927 12179 I BatteryMgr:DataCollectionService: stats => 1697484337719,-130,4313,-146,0,100
10-16 21:25:37.719  2479  2548 D ScanRecord: Not a Multi Manu data
10-16 21:25:37.730  2479  2548 I chatty  : uid=1002(bluetooth) BT Service Call identical 48 lines
10-16 21:25:37.730  2479  2548 D ScanRecord: Not a Multi Manu data
10-16 21:25:37.734 12054 12074 W linker  : "/data/app/org.mozilla.fenix-iWpGOrf8cry6RDpwHyQugA==/lib/arm64/libmozavutil.so" unused DT entry: type 0x8000024 arg 0x5340
10-16 21:25:37.734 12054 12074 W linker  : "/data/app/org.mozilla.fenix-iWpGOrf8cry6RDpwHyQugA==/lib/arm64/libmozavutil.so" unused DT entry: type 0x8000023 arg 0x220
10-16 21:25:37.734 12054 12074 W linker  : "/data/app/org.mozilla.fenix-iWpGOrf8cry6RDpwHyQugA==/lib/arm64/libmozavutil.so" unused DT entry: type 0x8000025 arg 0x8
10-16 21:25:37.735 12054 12074 W linker  : "/data/app/org.mozilla.fenix-iWpGOrf8cry6RDpwHyQugA==/lib/arm64/libmozavcodec.so" unused DT entry: type 0x8000024 arg 0x3330
10-16 21:25:37.735 12054 12074 W linker  : "/data/app/org.mozilla.fenix-iWpGOrf8cry6RDpwHyQugA==/lib/arm64/libmozavcodec.so" unused DT entry: type 0x8000023 arg 0x358
10-16 21:25:37.735 12054 12074 W linker  : "/data/app/org.mozilla.fenix-iWpGOrf8cry6RDpwHyQugA==/lib/arm64/libmozavcodec.so" unused DT entry: type 0x8000025 arg 0x8
10-16 21:25:37.738  2479  2548 D ScanRecord: Not a Multi Manu data
10-16 21:25:37.738  2479  2548 I chatty  : uid=1002(bluetooth) BT Service Call identical 11 lines
10-16 21:25:37.738  2479  2548 D ScanRecord: Not a Multi Manu data
10-16 21:25:37.741  3957 10037 D StorageManagerService: getExternalStorageMountMode : 1
10-16 21:25:37.741  3957 10037 D StorageManagerService: getExternalStorageMountMode : 3
10-16 21:25:37.742  3957 10037 D StorageManagerService: getExternalStorageMountMode : final mountMode=1, uid : 10169, packageName : org.mozilla.fenix
10-16 21:25:37.742  3957 10037 I ApplicationPolicy: isApplicationExternalStorageWhitelisted:org.mozilla.fenix user:0
10-16 21:25:37.742  3957 10037 D ApplicationPolicy: isApplicationExternalStorageWhitelisted: DO is not enabled on user 0. Allowed.
10-16 21:25:37.742  3957 10037 D ActivityManager: package  org.mozilla.fenix, user - 0 is SDcard whitelisted
10-16 21:25:37.742  3957 10037 I ApplicationPolicy: isApplicationExternalStorageBlacklisted:org.mozilla.fenix user:0
10-16 21:25:37.742  3957 10037 D ApplicationPolicy: isApplicationExternalStorageBlacklisted: DO is not enabled on user 0. Allowed.
10-16 21:25:37.745  2479  2548 D ScanRecord: Not a Multi Manu data
10-16 21:25:37.755  2479  2548 I chatty  : uid=1002(bluetooth) BT Service Call identical 50 lines
10-16 21:25:37.755  2479  2548 D ScanRecord: Not a Multi Manu data
10-16 21:25:37.759 12382 12382 E Zygote  : isWhitelistProcess - Process is Whitelisted
10-16 21:25:37.759 12382 12382 E libpersona: scanKnoxPersonas
10-16 21:25:37.759 12382 12382 E libpersona: Couldn't open the File - /data/system/users/0/personalist.xml - No such file or directory
10-16 21:25:37.760  3957 10037 I ActivityManager: Start proc 12382:org.mozilla.fenix:utility/u0a169 for service org.mozilla.fenix/org.mozilla.gecko.process.GeckoChildProcessServices$utility
10-16 21:25:37.761 12382 12382 W SELinux : SELinux selinux_android_compute_policy_index : Policy Index[2],  Con:u:r:zygote:s0 RAM:SEPF_SM-J720F_8.0.0_0002, [-1 -1 -1 -1 0 1]
10-16 21:25:37.762  2479  2548 D ScanRecord: Not a Multi Manu data
10-16 21:25:37.763  2479  2548 D ScanRecord: Not a Multi Manu data
10-16 21:25:37.763 12382 12382 I SELinux : SELinux: seapp_context_lookup: seinfo=untrusted, level=s0:c512,c768, pkgname=org.mozilla.fenix:utility 
10-16 21:25:37.763  2479  2548 D ScanRecord: Not a Multi Manu data
10-16 21:25:37.785  2479  2548 I chatty  : uid=1002(bluetooth) BT Service Call identical 63 lines
10-16 21:25:37.785  2479  2548 D ScanRecord: Not a Multi Manu data
10-16 21:25:37.785  3599  3918 D DnsProxyListener: DNSDBG::dns addrinfo af 0
10-16 21:25:37.785  2479  2548 D ScanRecord: Not a Multi Manu data
10-16 21:25:37.799  2479  2548 I chatty  : uid=1002(bluetooth) BT Service Call identical 61 lines
10-16 21:25:37.799  2479  2548 D ScanRecord: Not a Multi Manu data
10-16 21:25:37.801 12382 12382 D TimaKeyStoreProvider: TimaKeyStore is not enabled: cannot add TimaSignature Service and generateKeyPair Service
10-16 21:25:37.801 12382 12382 D ActivityThread: Added TimaKeyStore provider
10-16 21:25:37.805  2479  2548 D ScanRecord: Not a Multi Manu data
10-16 21:25:37.806  3957 10037 I ActivityManager: DSS on for org.mozilla.fenix and scale is 1.0
10-16 21:25:37.813  2479  2548 I chatty  : uid=1002(bluetooth) BT Service Call identical 37 lines
10-16 21:25:37.813  2479  2548 D ScanRecord: Not a Multi Manu data
10-16 21:25:37.814  3957  4129 D WifiStateMachine:  ConnectedState !CMD_RSSI_POLL rt=453740710/1146725191 70 0 "ourhome" f4:6d:2f:12:cc:88 rssi=-45 f=5240 sc=60 link=433 tx=228.1, 10.1, 0.0  rx=314.9 bcn=554094 [on:0 tx:0 rx:0 period:860] from screen [on:716685 period:3810422] score=60
10-16 21:25:37.815  3957  4129 D WifiStateMachine:  L2ConnectedState !CMD_RSSI_POLL rt=453740712/1146725192 70 0 "ourhome" f4:6d:2f:12:cc:88 rssi=-45 f=5240 sc=60 link=433 tx=228.1, 10.1, 0.0  rx=314.9 bcn=554094 [on:0 tx:0 rx:0 period:1] from screen [on:716685 period:3810423] score=60
10-16 21:25:37.815  3957  4129 D WifiStateMachine:  get link layer stats 3
10-16 21:25:37.816  3436  3436 I android.hardware.wifi@1.0-service: getLinkLayerStats
10-16 21:25:37.820  3957  4129 D WifiStateMachine: fetchRssiLinkSpeedAndFrequencyNative rssi=-43 linkspeed=433 freq=5240
10-16 21:25:37.824  4340  4340 E SignalClusterView: setSlotFocusVisible : subId -2
10-16 21:25:37.824  4340  4340 E SignalClusterView: setSlotFocusVisible : subId -2
10-16 21:25:37.826  2479  2548 D ScanRecord: Not a Multi Manu data
10-16 21:25:37.832  2479  2548 I chatty  : uid=1002(bluetooth) BT Service Call identical 25 lines
10-16 21:25:37.833  2479  2548 D ScanRecord: Not a Multi Manu data
10-16 21:25:37.833 11927 12179 I BatteryMgr:DataCollectionService: stats => 1697484337833,-130,4313,-146,0,100
10-16 21:25:37.834  2479  2548 D ScanRecord: Not a Multi Manu data
10-16 21:25:37.840  2479  2548 I chatty  : uid=1002(bluetooth) BT Service Call identical 23 lines
10-16 21:25:37.840  2479  2548 D ScanRecord: Not a Multi Manu data
10-16 21:25:37.841 12382 12382 I zygote64: no shared libraies, dex_files: 1
10-16 21:25:37.855  2479  2548 D ScanRecord: Not a Multi Manu data
10-16 21:25:37.855  2479  2548 I chatty  : uid=1002(bluetooth) BT Service Call identical 1 line
10-16 21:25:37.855 12130 12231 V Surface : sf_framedrop debug : 0x4f4c, game : false, logging : 0
10-16 21:25:37.855  2479  2548 D ScanRecord: Not a Multi Manu data
10-16 21:25:37.855  2479  2548 D ScanRecord: Not a Multi Manu data
10-16 21:25:37.855  2479  2548 I chatty  : uid=1002(bluetooth) BT Service Call identical 8 lines
10-16 21:25:37.855  2479  2548 D ScanRecord: Not a Multi Manu data
10-16 21:25:37.857 12130 12231 D mali_winsys: EGLint new_window_surface(egl_winsys_display *, void *, EGLSurface, EGLConfig, egl_winsys_surface **, egl_color_buffer_format *, EGLBoolean) returns 0x3000,  [372x514]-format:1
10-16 21:25:37.858  2479  2548 D ScanRecord: Not a Multi Manu data
10-16 21:25:37.912  2479  2548 I chatty  : uid=1002(bluetooth) BT Service Call identical 141 lines
10-16 21:25:37.912  2479  2548 D ScanRecord: Not a Multi Manu data
10-16 21:25:37.917 12382 12382 I ServiceChildProcess: onCreate
10-16 21:25:37.918 12382 12400 I GeckoThread: preparing to run Gecko
10-16 21:25:37.929  2479  2548 D ScanRecord: Not a Multi Manu data
10-16 21:25:37.944  2479  2548 I chatty  : uid=1002(bluetooth) BT Service Call identical 83 lines
10-16 21:25:37.944 11927 12179 I BatteryMgr:DataCollectionService: stats => 1697484337944,-130,4313,-146,0,100
10-16 21:25:37.944  2479  2548 D ScanRecord: Not a Multi Manu data
10-16 21:25:37.944  2479  2548 D ScanRecord: Not a Multi Manu data
10-16 21:25:37.944  2479  2548 I chatty  : uid=1002(bluetooth) BT Service Call identical 4 lines
10-16 21:25:37.944  2479  2548 D ScanRecord: Not a Multi Manu data
10-16 21:25:37.954  3957  4129 D WifiStateMachine:  ConnectedState !RSSI_PKTCNT_FETCH uid=1000 rt=453740851/1146725331 0 0 "ourhome" f4:6d:2f:12:cc:88 rssi=-43 f=5240 sc=60 link=433 tx=209.7, 6.3, 0.0  rx=265.6 bcn=554122 [on:0 tx:0 rx:0 period:129] from screen [on:719300 period:3810562] score=60
10-16 21:25:37.956  3957  4129 D WifiStateMachine:  L2ConnectedState !RSSI_PKTCNT_FETCH uid=1000 rt=453740852/1146725333 0 0 "ourhome" f4:6d:2f:12:cc:88 rssi=-43 f=5240 sc=60 link=433 tx=209.7, 6.3, 0.0  rx=265.6 bcn=554122 [on:0 tx:0 rx:0 period:2] from screen [on:719300 period:3810564] score=60
10-16 21:25:37.957  3957  4129 D WifiStateMachine: fetchRssiLinkSpeedAndFrequencyNative rssi=-45 linkspeed=433 freq=5240
10-16 21:25:37.970  2479  2548 D ScanRecord: Not a Multi Manu data
10-16 21:25:37.975  2479  2548 I chatty  : uid=1002(bluetooth) BT Service Call identical 37 lines
10-16 21:25:37.975  2479  2548 D ScanRecord: Not a Multi Manu data
10-16 21:25:37.984  3559  3559 E audit   : type=1400 audit(1697484337.978:3875): avc:  denied  { read } for  pid=12401 comm="pool-37-thread-" name="version" dev="proc" ino=4026532182 scontext=u:r:untrusted_app:s0:c512,c768 tcontext=u:object_r:proc:s0 tclass=file permissive=0 SEPF_SM-J720F_8.0.0_0002 audit_filtered
10-16 21:25:37.984  3559  3559 E audit   : type=1300 audit(1697484337.978:3875): arch=c00000b7 syscall=48 success=no exit=-13 a0=ffffff9c a1=74c8f323c0 a2=4 a3=0 items=0 ppid=3579 pid=12401 auid=4294967295 uid=10169 gid=10169 euid=10169 suid=10169 fsuid=10169 egid=10169 sgid=10169 fsgid=10169 tty=(none) ses=4294967295 comm="pool-37-thread-" exe="/system/bin/app_process64" subj=u:r:untrusted_app:s0:c512,c768 key=(null)
10-16 21:25:37.984  3559  3559 E audit   : type=1327 audit(1697484337.978:3875): proctitle="org.mozilla.fenix"
10-16 21:25:37.985  2479  2548 D ScanRecord: Not a Multi Manu data
10-16 21:25:37.988  2479  2548 I chatty  : uid=1002(bluetooth) BT Service Call identical 24 lines
10-16 21:25:37.988  2479  2548 D ScanRecord: Not a Multi Manu data
10-16 21:25:37.990 11973 11973 D ConnectivityManager: requestNetwork; CallingUid : 10169, CallingPid : 11973
10-16 21:25:37.991  3957 10037 D ConnectivityService: requestNetwork for uid/pid:10169/11973 NetworkRequest [ TRACK_DEFAULT id=1473, [ Capabilities: INTERNET&NOT_RESTRICTED&TRUSTED&NOT_VPN] ]
10-16 21:25:37.992  3957  4157 D ConnectivityService: rematching NetworkAgentInfo [WIFI () - 507]
10-16 21:25:37.992  3957  4157 D ConnectivityService:  network has: [ Transports: WIFI Capabilities: NOT_METERED&INTERNET&NOT_RESTRICTED&TRUSTED&NOT_VPN&VALIDATED&FOREGROUND LinkUpBandwidth>=1048576Kbps LinkDnBandwidth>=1048576Kbps SignalStrength: -45]
10-16 21:25:37.992  3957  4157 D ConnectivityService: Network NetworkAgentInfo [WIFI () - 507] was already satisfying request 1. No change.
10-16 21:25:37.992  3957  4157 D ConnectivityService: Network NetworkAgentInfo [WIFI () - 507] was already satisfying request 3. No change.
10-16 21:25:37.992  3957  4157 D ConnectivityService: Network NetworkAgentInfo [WIFI () - 507] was already satisfying request 1430. No change.
10-16 21:25:37.992  3957  4157 D ConnectivityService:   checking if request is satisfied: NetworkRequest [ TRACK_DEFAULT id=1473, [ Capabilities: INTERNET&NOT_RESTRICTED&TRUSTED&NOT_VPN] ]
10-16 21:25:37.992  3957  4157 D ConnectivityService: currentScore = 0, newScore = 100
10-16 21:25:37.992  3957  4157 D ConnectivityService: rematch for NetworkAgentInfo [WIFI () - 507]
10-16 21:25:37.992  3957  4157 D ConnectivityService:    accepting network in place of null
10-16 21:25:37.992  3957  4157 D ConnectivityService: sending new Min Network Score(100): NetworkRequest [ TRACK_DEFAULT id=1473, [ Capabilities: INTERNET&NOT_RESTRICTED&TRUSTED&NOT_VPN] ]
10-16 21:25:37.994  3957  4313 D Ethernet: got request NetworkRequest [ TRACK_DEFAULT id=1473, [ Capabilities: INTERNET&NOT_RESTRICTED&TRUSTED&NOT_VPN] ] with score 100
10-16 21:25:37.994  3957  4313 D Ethernet:   my score=-1, my filter=[ Transports: ETHERNET Capabilities: INTERNET&NOT_RESTRICTED&TRUSTED&NOT_VPN LinkUpBandwidth>=100000Kbps LinkDnBandwidth>=100000Kbps]
10-16 21:25:37.994  3957  4313 D Ethernet: evalRequest
10-16 21:25:37.994  3957  4313 D Ethernet:   done
10-16 21:25:37.995  2479  2548 D ScanRecord: Not a Multi Manu data
10-16 21:25:37.995  2479  2548 I chatty  : uid=1002(bluetooth) BT Service Call identical 11 lines
10-16 21:25:37.995  2479  2548 D ScanRecord: Not a Multi Manu data
10-16 21:25:37.996  4616  4616 D PhoneSwitcherNetworkRequstListener: got request NetworkRequest [ TRACK_DEFAULT id=1473, [ Capabilities: INTERNET&NOT_RESTRICTED&TRUSTED&NOT_VPN] ] with score 100
10-16 21:25:37.996  4616  4616 D PhoneSwitcherNetworkRequstListener:   my score=101, my filter=[ Transports: CELLULAR Capabilities: MMS&SUPL&DUN&FOTA&IMS&CBS&IA&RCS&XCAP&EIMS&INTERNET&NOT_RESTRICTED&TRUSTED&NOT_VPN&ENT1 Specifier: <android.net.MatchAllNetworkSpecifier@0>]
10-16 21:25:37.996  4616  4616 D PhoneSwitcherNetworkRequstListener: evalRequest
10-16 21:25:37.996  4616  4616 D PhoneSwitcherNetworkRequstListener:   needNetworkFor
10-16 21:25:37.997  3957  4157 D ConnectivityService: MultiNetwork Request(TransportType - Wi-Fi request). Internet Capability doesn't required (false)
10-16 21:25:37.997  3957  4153 D WIFI_P2P: got request NetworkRequest [ TRACK_DEFAULT id=1473, [ Capabilities: INTERNET&NOT_RESTRICTED&TRUSTED&NOT_VPN] ] with score 100
10-16 21:25:37.998  3957  4153 D WIFI_P2P:   my score=60, my filter=[ Transports: WIFI Capabilities: WIFI_P2P&NOT_RESTRICTED&TRUSTED&NOT_VPN LinkUpBandwidth>=1048576Kbps LinkDnBandwidth>=1048576Kbps]
10-16 21:25:37.998  3957  4157 D ConnectivityService: sending notification AVAILABLE for NetworkRequest [ TRACK_DEFAULT id=1473, [ Capabilities: INTERNET&NOT_RESTRICTED&TRUSTED&NOT_VPN] ]
10-16 21:25:37.998  3957  4153 D WIFI_P2P: evalRequest
10-16 21:25:37.998  3957  4153 D WIFI_P2P:   done
10-16 21:25:37.998  3957  4129 D WIFI    : got request NetworkRequest [ TRACK_DEFAULT id=1473, [ Capabilities: INTERNET&NOT_RESTRICTED&TRUSTED&NOT_VPN] ] with score 100
10-16 21:25:37.998  3957  4129 D WIFI    :   my score=60, my filter=[ Transports: WIFI Capabilities: NOT_METERED&INTERNET&NOT_RESTRICTED&TRUSTED&NOT_VPN LinkUpBandwidth>=1048576Kbps LinkDnBandwidth>=1048576Kbps]
10-16 21:25:37.998  3957  4129 D WIFI    : evalRequest
10-16 21:25:37.998  3957  4129 D WIFI    :   done
10-16 21:25:37.998  3957  4157 D ConnectivityService: sending notification CAP_CHANGED for NetworkRequest [ TRACK_DEFAULT id=1473, [ Capabilities: INTERNET&NOT_RESTRICTED&TRUSTED&NOT_VPN] ]
10-16 21:25:37.998  3957  4129 D WIFI_UT : got request NetworkRequest [ TRACK_DEFAULT id=1473, [ Capabilities: INTERNET&NOT_RESTRICTED&TRUSTED&NOT_VPN] ] with score 100
10-16 21:25:37.998  3957  4129 D WIFI_UT :   my score=2147483647, my filter=[ Transports: WIFI Capabilities: NOT_METERED&INTERNET&NOT_RESTRICTED&TRUSTED&NOT_VPN LinkUpBandwidth>=1048576Kbps LinkDnBandwidth>=1048576Kbps]
10-16 21:25:37.998  3957  4129 D WIFI_UT : evalRequest
10-16 21:25:37.998  3957  4129 D WIFI_UT :   needNetworkFor
10-16 21:25:37.998  3957  4157 D ConnectivityService: sending notification IP_CHANGED for NetworkRequest [ TRACK_DEFAULT id=1473, [ Capabilities: INTERNET&NOT_RESTRICTED&TRUSTED&NOT_VPN] ]
10-16 21:25:37.999  2479  2548 D ScanRecord: Not a Multi Manu data
10-16 21:25:38.000  2479  2548 I chatty  : uid=1002(bluetooth) BT Service Call identical 11 lines
10-16 21:25:38.000  2479  2548 D ScanRecord: Not a Multi Manu data
10-16 21:25:38.005  3957  4651 D ConnectivityService: filterNetworkStateForUid() uid: 10169 networkInfo: [type: WIFI[] - WIFI, state: CONNECTED/CONNECTED, reason: (unspecified), extra: "ourhome", failover: false, available: true, roaming: false, metered: false]
10-16 21:25:38.005  3957  4651 D WifiService: getConnectionInfo uid=1000
10-16 21:25:38.005 11973 11973 I glean/Glean: Registering pings for org.mozilla.fenix.GleanMetrics.Pings
10-16 21:25:38.008 11973 12406 D NetworkSecurityConfig: No Network Security Config specified, using platform default
10-16 21:25:38.017  2479  2548 D ScanRecord: Not a Multi Manu data
10-16 21:25:38.019  2479  2548 I chatty  : uid=1002(bluetooth) BT Service Call identical 13 lines
10-16 21:25:38.019  2479  2548 D ScanRecord: Not a Multi Manu data
10-16 21:25:38.019 11973 12406 I System.out: (HTTPLog)-Static: isSBSettingEnabled false
10-16 21:25:38.019  2479  2548 D ScanRecord: Not a Multi Manu data
10-16 21:25:38.019  2479  2548 I chatty  : uid=1002(bluetooth) BT Service Call identical 9 lines
10-16 21:25:38.019  2479  2548 D ScanRecord: Not a Multi Manu data
10-16 21:25:38.019 11973 12406 I System.out: (HTTPLog)-Static: isSBSettingEnabled false
10-16 21:25:38.021 11973 12045 I FenixApplication: Running post-visual completeness tasks...
10-16 21:25:38.021 11973 12045 I FenixApplication: Storage initialization...
10-16 21:25:38.021  2479  2548 D ScanRecord: Not a Multi Manu data
10-16 21:25:38.022  2479  2548 I chatty  : uid=1002(bluetooth) BT Service Call identical 11 lines
10-16 21:25:38.022  2479  2548 D ScanRecord: Not a Multi Manu data
10-16 21:25:38.022  3599  3918 D DnsProxyListener: DNSDBG::dns addrinfo af 0
10-16 21:25:38.022 11973 12045 I PlacesHistoryStorage: Warming up places storage...
10-16 21:25:38.023 11973 12045 I PlacesHistoryStorage: 'Warming up places storage' took 0 ms
10-16 21:25:38.023 11973 12045 I PlacesBookmarksStorage: Warming up places storage...
10-16 21:25:38.023 11973 12045 I PlacesBookmarksStorage: 'Warming up places storage' took 0 ms
10-16 21:25:38.024 11973 12045 I SyncableLoginsStorage: Warming up storage...
10-16 21:25:38.024 11973 12045 I SyncableLoginsStorage: 'Warming up storage' took 0 ms
10-16 21:25:38.025  2479  2548 D ScanRecord: Not a Multi Manu data
10-16 21:25:38.025  2479  2548 I chatty  : uid=1002(bluetooth) BT Service Call identical 11 lines
10-16 21:25:38.025  2479  2548 D ScanRecord: Not a Multi Manu data
10-16 21:25:38.026 11973 12045 I AutofillCCAddressesStorage: Warming up storage...
10-16 21:25:38.026 11973 12045 I AutofillCCAddressesStorage: 'Warming up storage' took 0 ms
10-16 21:25:38.027 11973 11973 I ColdStartupDuration: COLD MAIN Application.<init> to first frame: 1229 ms
10-16 21:25:38.032 12382 12400 W linker  : "/data/app/org.mozilla.fenix-iWpGOrf8cry6RDpwHyQugA==/lib/arm64/libmozglue.so" unused DT entry: type 0x8000024 arg 0x38f70
10-16 21:25:38.032  2479  2548 D ScanRecord: Not a Multi Manu data
10-16 21:25:38.032 12382 12400 W linker  : "/data/app/org.mozilla.fenix-iWpGOrf8cry6RDpwHyQugA==/lib/arm64/libmozglue.so" unused DT entry: type 0x8000023 arg 0x1f8
10-16 21:25:38.032  2479  2548 D ScanRecord: Not a Multi Manu data
10-16 21:25:38.033 12382 12400 W linker  : "/data/app/org.mozilla.fenix-iWpGOrf8cry6RDpwHyQugA==/lib/arm64/libmozglue.so" unused DT entry: type 0x8000025 arg 0x8
10-16 21:25:38.033  2479  2548 D ScanRecord: Not a Multi Manu data
10-16 21:25:38.033  2479  2548 I chatty  : uid=1002(bluetooth) BT Service Call identical 9 lines
10-16 21:25:38.033  2479  2548 D ScanRecord: Not a Multi Manu data
10-16 21:25:38.033 11973 11973 I FenixApplication: Kicking-off account manager...
10-16 21:25:38.033 11973 11973 I FenixApplication: 'Kicking-off account manager' took 0 ms
10-16 21:25:38.037 12382 12400 I GeckoLoader: Library base=/data/app/org.mozilla.fenix-iWpGOrf8cry6RDpwHyQugA==/lib/arm64
10-16 21:25:38.037 12382 12400 I GeckoLoader: Library base=/data/app/org.mozilla.fenix-iWpGOrf8cry6RDpwHyQugA==/lib/arm64
10-16 21:25:38.039 11973 12412 I nimbus::stateful::nimbus_client: fetching experiments
10-16 21:25:38.041 12382 12400 E GeckoLibLoad: Load sqlite start
10-16 21:25:38.041 11973 12412 I viaduct::backend: Using HTTP backend FFI (trusted)
10-16 21:25:38.045 12382 12400 W linker  : "/data/app/org.mozilla.fenix-iWpGOrf8cry6RDpwHyQugA==/lib/arm64/libnss3.so" unused DT entry: type 0x8000024 arg 0x14998
10-16 21:25:38.045 12382 12400 W linker  : "/data/app/org.mozilla.fenix-iWpGOrf8cry6RDpwHyQugA==/lib/arm64/libnss3.so" unused DT entry: type 0x8000023 arg 0x5c8
10-16 21:25:38.045 12382 12400 W linker  : "/data/app/org.mozilla.fenix-iWpGOrf8cry6RDpwHyQugA==/lib/arm64/libnss3.so" unused DT entry: type 0x8000025 arg 0x8
10-16 21:25:38.052  2479  2548 D ScanRecord: Not a Multi Manu data
10-16 21:25:38.053  2479  2548 I chatty  : uid=1002(bluetooth) BT Service Call identical 11 lines
10-16 21:25:38.053  2479  2548 D ScanRecord: Not a Multi Manu data
10-16 21:25:38.053 12382 12400 E GeckoLibLoad: Load sqlite done
10-16 21:25:38.053 12382 12400 I GeckoLoader: Library base=/data/app/org.mozilla.fenix-iWpGOrf8cry6RDpwHyQugA==/lib/arm64
10-16 21:25:38.053 12382 12400 E GeckoLibLoad: Load nss start
10-16 21:25:38.053 12382 12400 E GeckoLibLoad: Load nss done
10-16 21:25:38.054 12382 12400 I GeckoLoader: Library base=/data/app/org.mozilla.fenix-iWpGOrf8cry6RDpwHyQugA==/lib/arm64
10-16 21:25:38.054  2479  2548 D ScanRecord: Not a Multi Manu data
10-16 21:25:38.054  2479  2548 I chatty  : uid=1002(bluetooth) BT Service Call identical 11 lines
10-16 21:25:38.054  2479  2548 D ScanRecord: Not a Multi Manu data
10-16 21:25:38.054  3957  4651 D WifiService: getConnectionInfo uid=1000
10-16 21:25:38.055 11927 12179 I BatteryMgr:DataCollectionService: stats => 1697484338055,-130,4313,-146,0,100
10-16 21:25:38.055  2479  2548 D ScanRecord: Not a Multi Manu data
10-16 21:25:38.060  2479  2548 I chatty  : uid=1002(bluetooth) BT Service Call identical 24 lines
10-16 21:25:38.060  2479  2548 D ScanRecord: Not a Multi Manu data
10-16 21:25:38.061 12382 12400 W linker  : "/data/app/org.mozilla.fenix-iWpGOrf8cry6RDpwHyQugA==/lib/arm64/libxul.so" unused DT entry: type 0x8000024 arg 0x539420
10-16 21:25:38.062 12382 12400 W linker  : "/data/app/org.mozilla.fenix-iWpGOrf8cry6RDpwHyQugA==/lib/arm64/libxul.so" unused DT entry: type 0x8000023 arg 0x17d68
10-16 21:25:38.062 12382 12400 W linker  : "/data/app/org.mozilla.fenix-iWpGOrf8cry6RDpwHyQugA==/lib/arm64/libxul.so" unused DT entry: type 0x8000025 arg 0x8
10-16 21:25:38.062  2479  2548 D ScanRecord: Not a Multi Manu data
10-16 21:25:38.088  2479  2548 I chatty  : uid=1002(bluetooth) BT Service Call identical 102 lines
10-16 21:25:38.088  2479  2548 D ScanRecord: Not a Multi Manu data
10-16 21:25:38.109 12382 12400 E GeckoLibLoad: Loaded libs in 54.609462ms total, 12ms(16ms) user, 24ms(20ms) system, 0(0) faults
10-16 21:25:38.109 12382 12400 W GeckoThread: zerdatime 1146725487 - runGecko
10-16 21:25:38.123  3599  3918 D DnsProxyListener: DNSDBG::dns addrinfo af 0
10-16 21:25:38.124  3957  4651 D WifiService: getConnectionInfo uid=1000
10-16 21:25:38.164 11927 12179 I BatteryMgr:DataCollectionService: stats => 1697484338164,-130,4313,-146,0,100
10-16 21:25:38.252  3599  3918 D DnsProxyListener: DNSDBG::dns addrinfo af 0
10-16 21:25:38.274 12382 12400 W linker  : "/data/app/org.mozilla.fenix-iWpGOrf8cry6RDpwHyQugA==/lib/arm64/libmozavutil.so" unused DT entry: type 0x8000024 arg 0x5340
10-16 21:25:38.274 12382 12400 W linker  : "/data/app/org.mozilla.fenix-iWpGOrf8cry6RDpwHyQugA==/lib/arm64/libmozavutil.so" unused DT entry: type 0x8000023 arg 0x220
10-16 21:25:38.274 12382 12400 W linker  : "/data/app/org.mozilla.fenix-iWpGOrf8cry6RDpwHyQugA==/lib/arm64/libmozavutil.so" unused DT entry: type 0x8000025 arg 0x8
10-16 21:25:38.275 12382 12400 W linker  : "/data/app/org.mozilla.fenix-iWpGOrf8cry6RDpwHyQugA==/lib/arm64/libmozavcodec.so" unused DT entry: type 0x8000024 arg 0x3330
10-16 21:25:38.276 12382 12400 W linker  : "/data/app/org.mozilla.fenix-iWpGOrf8cry6RDpwHyQugA==/lib/arm64/libmozavcodec.so" unused DT entry: type 0x8000023 arg 0x358
10-16 21:25:38.276 12382 12400 W linker  : "/data/app/org.mozilla.fenix-iWpGOrf8cry6RDpwHyQugA==/lib/arm64/libmozavcodec.so" unused DT entry: type 0x8000025 arg 0x8
10-16 21:25:38.280 11973 12045 I FenixApplication: 'Storage initialization' took 258 ms
10-16 21:25:38.282 11927 12179 I BatteryMgr:DataCollectionService: stats => 1697484338281,-130,4313,-146,0,100
10-16 21:25:38.289 12382 12400 W AudioCapabilities: Unsupported mime audio/mpeg-L1
10-16 21:25:38.291 12382 12400 W AudioCapabilities: Unsupported mime audio/mpeg-L2
10-16 21:25:38.304 12382 12400 W AudioCapabilities: Unsupported mime audio/x-ms-wma
10-16 21:25:38.306 12382 12400 W AudioCapabilities: Unsupported mime audio/x-ima
10-16 21:25:38.327 12382 12400 W VideoCapabilities: Unrecognized profile 2130706433 for video/avc
10-16 21:25:38.327 12382 12400 W VideoCapabilities: Unrecognized profile 2130706434 for video/avc
10-16 21:25:38.331  3957  4651 D WifiService: getConnectionInfo uid=1000
10-16 21:25:38.333 12382 12400 W VideoCapabilities: Unrecognized profile 2130706433 for video/avc
10-16 21:25:38.333 12382 12400 W VideoCapabilities: Unrecognized profile 2130706434 for video/avc
10-16 21:25:38.347 11973 12406 I System.out: (HTTPLog)-Static: isSBSettingEnabled false
10-16 21:25:38.347 11973 12406 I System.out: (HTTPLog)-Static: isSBSettingEnabled false
10-16 21:25:38.365 12382 12400 W VideoCapabilities: Unrecognized profile 2130706433 for video/avc
10-16 21:25:38.365 12382 12400 W VideoCapabilities: Unrecognized profile 2130706434 for video/avc
10-16 21:25:38.366 11973 11984 I zygote64: Background concurrent copying GC freed 51462(2MB) AllocSpace objects, 36(720KB) LOS objects, 49% free, 4MB/9MB, paused 3.403ms total 187.699ms
10-16 21:25:38.371 12382 12400 W VideoCapabilities: Unsupported mime video/avc-wfd
10-16 21:25:38.383  3957  4128 D WifiService: getConnectionInfo uid=1000
10-16 21:25:38.392 11927 12179 I BatteryMgr:DataCollectionService: stats => 1697484338391,-130,4313,-146,0,100
10-16 21:25:38.420 12382 12400 I VideoCapabilities: Unsupported profile 4 for video/mp4v-es
10-16 21:25:38.453 12382 12400 W VideoCapabilities: Unrecognized profile/level 1/32 for video/mp4v-es
10-16 21:25:38.453 12382 12400 W VideoCapabilities: Unrecognized profile/level 32768/2 for video/mp4v-es
10-16 21:25:38.453 12382 12400 W VideoCapabilities: Unrecognized profile/level 32768/64 for video/mp4v-es
10-16 21:25:38.456 12382 12400 W VideoCapabilities: Unsupported mime video/wvc1
10-16 21:25:38.458 12382 12400 W VideoCapabilities: Unsupported mime video/x-ms-wmv
10-16 21:25:38.461 12382 12400 W VideoCapabilities: Unsupported mime video/x-ms-wmv7
10-16 21:25:38.467 12382 12400 W VideoCapabilities: Unsupported mime video/x-ms-wmv8
10-16 21:25:38.469 12382 12400 W VideoCapabilities: Unsupported mime video/mp43
10-16 21:25:38.483 12382 12400 W AudioCapabilities: Unsupported mime audio/mpeg-L1
10-16 21:25:38.483 12382 12400 W AudioCapabilities: Unsupported mime audio/mpeg-L2
10-16 21:25:38.483 12382 12400 W AudioCapabilities: Unsupported mime audio/x-ms-wma
10-16 21:25:38.483 12382 12400 W AudioCapabilities: Unsupported mime audio/x-ima
10-16 21:25:38.484 12382 12400 W VideoCapabilities: Unrecognized profile 2130706433 for video/avc
10-16 21:25:38.484 12382 12400 W VideoCapabilities: Unrecognized profile 2130706434 for video/avc
10-16 21:25:38.492 12382 12400 W VideoCapabilities: Unrecognized profile/level 1/32 for video/mp4v-es
10-16 21:25:38.492 12382 12400 W VideoCapabilities: Unrecognized profile/level 32768/2 for video/mp4v-es
10-16 21:25:38.492 12382 12400 W VideoCapabilities: Unrecognized profile/level 32768/64 for video/mp4v-es
10-16 21:25:38.492 12382 12400 W VideoCapabilities: Unsupported mime video/wvc1
10-16 21:25:38.493 12382 12400 W VideoCapabilities: Unsupported mime video/x-ms-wmv
10-16 21:25:38.494 12382 12400 W VideoCapabilities: Unsupported mime video/x-ms-wmv7
10-16 21:25:38.494 12382 12400 W VideoCapabilities: Unsupported mime video/x-ms-wmv8
10-16 21:25:38.495 12382 12400 W VideoCapabilities: Unsupported mime video/mp43
10-16 21:25:38.501 11927 12179 I BatteryMgr:DataCollectionService: stats => 1697484338501,-130,4313,-146,0,100
10-16 21:25:38.607 11927 12179 I BatteryMgr:DataCollectionService: stats => 1697484338607,-130,4313,-146,0,100
10-16 21:25:38.620  3957  4651 I chatty  : uid=1000(system) Binder:3957_A identical 4 lines
10-16 21:25:38.620  3957  4651 D WifiService: getConnectionInfo uid=1000
10-16 21:25:38.622 11973 12406 I System.out: (HTTPLog)-Static: isSBSettingEnabled false
10-16 21:25:38.622 11973 12406 I System.out: (HTTPLog)-Static: isSBSettingEnabled false
10-16 21:25:38.717 11927 12179 I BatteryMgr:DataCollectionService: stats => 1697484338717,-130,4313,-146,0,100
10-16 21:25:38.828 11927 12179 I BatteryMgr:DataCollectionService: stats => 1697484338828,-130,4313,-146,0,100
10-16 21:25:38.832 11973 12003 D GeckoIdleService: Get idle time: time since reset 5091 msec
10-16 21:25:38.832 11973 12003 D GeckoIdleService: Idle timer callback: current idle time 5091 msec
10-16 21:25:38.832 11973 12003 D GeckoIdleService: next timeout 174908 msec from now
10-16 21:25:38.832 11973 12003 D GeckoIdleService: SetTimerExpiryIfBefore: next timeout 174908 msec from now
10-16 21:25:38.832 11973 12003 D GeckoIdleService: reset timer expiry to 174918 msec from now
10-16 21:25:38.833 11973 12003 D GeckoIdleService: Idle timer callback: tell observer 0x7424b41228 user is idle
10-16 21:25:38.889  3957  4651 D ConnectivityService: filterNetworkStateForUid() uid: 10169 networkInfo: [type: WIFI[] - WIFI, state: CONNECTED/CONNECTED, reason: (unspecified), extra: "ourhome", failover: false, available: true, roaming: false, metered: false]
10-16 21:25:38.889  3957  4651 D WifiService: getConnectionInfo uid=1000
10-16 21:25:38.891 11973 12406 I System.out: (HTTPLog)-Static: isSBSettingEnabled false
10-16 21:25:38.891 11973 12406 I System.out: (HTTPLog)-Static: isSBSettingEnabled false
10-16 21:25:38.936 11927 12179 I BatteryMgr:DataCollectionService: stats => 1697484338936,-130,4313,-146,0,100
10-16 21:25:38.955  3957  4129 D WifiStateMachine:  ConnectedState !RSSI_PKTCNT_FETCH uid=1000 rt=453741852/1146726332 0 0 "ourhome" f4:6d:2f:12:cc:88 rssi=-45 f=5240 sc=60 link=433 tx=209.7, 6.3, 0.0  rx=265.6 bcn=554122 [on:0 tx:0 rx:0 period:999] from screen [on:719300 period:3811563] score=60
10-16 21:25:38.957  3957  4129 D WifiStateMachine:  L2ConnectedState !RSSI_PKTCNT_FETCH uid=1000 rt=453741853/1146726334 0 0 "ourhome" f4:6d:2f:12:cc:88 rssi=-45 f=5240 sc=60 link=433 tx=209.7, 6.3, 0.0  rx=265.6 bcn=554122 [on:0 tx:0 rx:0 period:1] from screen [on:719300 period:3811564] score=60
10-16 21:25:38.958  3957  4129 D WifiStateMachine: fetchRssiLinkSpeedAndFrequencyNative rssi=-46 linkspeed=433 freq=5240
10-16 21:25:39.045 11927 12179 I BatteryMgr:DataCollectionService: stats => 1697484339045,-130,4313,-146,0,100
10-16 21:25:39.154 11927 12179 I BatteryMgr:DataCollectionService: stats => 1697484339154,-130,4313,-146,0,100
10-16 21:25:39.261 11927 12179 I BatteryMgr:DataCollectionService: stats => 1697484339261,-130,4313,-146,0,100
10-16 21:25:39.369 11927 12179 I BatteryMgr:DataCollectionService: stats => 1697484339369,-130,4313,-146,0,100
10-16 21:25:39.384  3957  4128 D WifiService: getConnectionInfo uid=1000
10-16 21:25:39.478 11927 12179 I BatteryMgr:DataCollectionService: stats => 1697484339478,-130,4313,-146,0,100
10-16 21:25:39.587 11927 12179 I BatteryMgr:DataCollectionService: stats => 1697484339586,-130,4313,-146,0,100
10-16 21:25:39.621  4961  4961 D io_stats: !@ 179,0 r 7207506 230402448 w 1522238 31815832 d 123125 33012636 f 353475 372600 iot 3149852 2758713 th 51200 0 0 pt 0 inp 0 0 453742.518
10-16 21:25:39.695 11927 12179 I BatteryMgr:DataCollectionService: stats => 1697484339695,-130,4313,-146,0,100
10-16 21:25:39.806 11927 12179 I BatteryMgr:DataCollectionService: stats => 1697484339806,-130,4313,-146,0,100
10-16 21:25:39.919 11927 12179 I BatteryMgr:DataCollectionService: stats => 1697484339919,-130,4313,-146,0,100
10-16 21:25:39.955  3957  4129 D WifiStateMachine:  ConnectedState !RSSI_PKTCNT_FETCH uid=1000 rt=453742852/1146727333 0 0 "ourhome" f4:6d:2f:12:cc:88 rssi=-46 f=5240 sc=60 link=433 tx=209.7, 6.3, 0.0  rx=265.6 bcn=554122 [on:0 tx:0 rx:0 period:999] from screen [on:719300 period:3812563] score=60
10-16 21:25:39.957  3957  4129 D WifiStateMachine:  L2ConnectedState !RSSI_PKTCNT_FETCH uid=1000 rt=453742853/1146727334 0 0 "ourhome" f4:6d:2f:12:cc:88 rssi=-46 f=5240 sc=60 link=433 tx=209.7, 6.3, 0.0  rx=265.6 bcn=554122 [on:0 tx:0 rx:0 period:1] from screen [on:719300 period:3812564] score=60
10-16 21:25:39.962  3957  4129 D WifiStateMachine: fetchRssiLinkSpeedAndFrequencyNative rssi=-43 linkspeed=433 freq=5240
10-16 21:25:40.030 11927 12179 I BatteryMgr:DataCollectionService: stats => 1697484340030,-130,4313,-146,0,100
10-16 21:25:40.137 11927 12179 I BatteryMgr:DataCollectionService: stats => 1697484340137,-130,4313,-146,0,100
10-16 21:25:40.248 11927 12179 I BatteryMgr:DataCollectionService: stats => 1697484340248,-130,4313,-146,0,100
10-16 21:25:40.357 11927 12179 I BatteryMgr:DataCollectionService: stats => 1697484340357,-130,4313,-146,0,100
10-16 21:25:40.386  3957  4128 D WifiService: getConnectionInfo uid=1000
10-16 21:25:40.466 11927 12179 I BatteryMgr:DataCollectionService: stats => 1697484340466,-130,4313,-146,0,100
10-16 21:25:40.580 11927 12179 I BatteryMgr:DataCollectionService: stats => 1697484340580,-130,4313,-146,0,100
10-16 21:25:40.687 11927 12179 I BatteryMgr:DataCollectionService: stats => 1697484340687,-130,4313,-146,0,100
10-16 21:25:40.794 11927 12179 I BatteryMgr:DataCollectionService: stats => 1697484340793,-130,4313,-146,0,100
10-16 21:25:40.822  3957  4129 D WifiStateMachine:  ConnectedState !CMD_RSSI_POLL rt=453743719/1146728200 70 0 "ourhome" f4:6d:2f:12:cc:88 rssi=-43 f=5240 sc=60 link=433 tx=209.7, 6.3, 0.0  rx=265.6 bcn=554122 [on:0 tx:0 rx:0 period:866] from screen [on:719300 period:3813430] score=60
10-16 21:25:40.823  3957  4129 D WifiStateMachine:  L2ConnectedState !CMD_RSSI_POLL rt=453743720/1146728201 70 0 "ourhome" f4:6d:2f:12:cc:88 rssi=-43 f=5240 sc=60 link=433 tx=209.7, 6.3, 0.0  rx=265.6 bcn=554122 [on:0 tx:0 rx:0 period:1] from screen [on:719300 period:3813431] score=60
10-16 21:25:40.823  3957  4129 D WifiStateMachine:  get link layer stats 3
10-16 21:25:40.823  3436  3436 I android.hardware.wifi@1.0-service: getLinkLayerStats
10-16 21:25:40.826  3957  4129 D WifiStateMachine: fetchRssiLinkSpeedAndFrequencyNative rssi=-42 linkspeed=433 freq=5240
10-16 21:25:40.829  4340  4340 E SignalClusterView: setSlotFocusVisible : subId -2
10-16 21:25:40.829  4340  4340 E SignalClusterView: setSlotFocusVisible : subId -2
10-16 21:25:40.903 11927 12179 I BatteryMgr:DataCollectionService: stats => 1697484340903,-130,4313,-146,0,100
10-16 21:25:40.956  3957  4129 D WifiStateMachine:  ConnectedState !RSSI_PKTCNT_FETCH uid=1000 rt=453743852/1146728333 0 0 "ourhome" f4:6d:2f:12:cc:88 rssi=-42 f=5240 sc=60 link=433 tx=283.9, 7.4, 0.0  rx=350.0 bcn=554149 [on:0 tx:0 rx:0 period:128] from screen [on:721297 period:3813564] score=60
10-16 21:25:40.957  3957  4129 D WifiStateMachine:  L2ConnectedState !RSSI_PKTCNT_FETCH uid=1000 rt=453743853/1146728334 0 0 "ourhome" f4:6d:2f:12:cc:88 rssi=-42 f=5240 sc=60 link=433 tx=283.9, 7.4, 0.0  rx=350.0 bcn=554149 [on:0 tx:0 rx:0 period:1] from screen [on:721297 period:3813565] score=60
10-16 21:25:40.967  3957  4129 D WifiStateMachine: fetchRssiLinkSpeedAndFrequencyNative rssi=-42 linkspeed=433 freq=5240
10-16 21:25:41.011 11927 12179 I BatteryMgr:DataCollectionService: stats => 1697484341011,-130,4313,-146,0,100
10-16 21:25:41.119 11927 12179 I BatteryMgr:DataCollectionService: stats => 1697484341119,-130,4313,-146,0,100
10-16 21:25:41.234 11927 12179 I BatteryMgr:DataCollectionService: stats => 1697484341234,-130,4313,-146,0,100
10-16 21:25:41.347 11927 12179 I BatteryMgr:DataCollectionService: stats => 1697484341347,-130,4313,-146,0,100
10-16 21:25:41.387  3957  4128 D WifiService: getConnectionInfo uid=1000
10-16 21:25:41.462 11927 12179 I BatteryMgr:DataCollectionService: stats => 1697484341462,-130,4313,-146,0,100
10-16 21:25:41.578 11927 12179 I BatteryMgr:DataCollectionService: stats => 1697484341577,-130,4313,-146,0,100
10-16 21:25:41.693 11927 12179 I BatteryMgr:DataCollectionService: stats => 1697484341693,-130,4313,-146,0,100
10-16 21:25:41.808 11927 12179 I BatteryMgr:DataCollectionService: stats => 1697484341807,-130,4313,-146,0,100
10-16 21:25:41.923 11927 12179 I BatteryMgr:DataCollectionService: stats => 1697484341923,-130,4313,-146,0,100
10-16 21:25:41.959  3957  4129 D WifiStateMachine:  ConnectedState !RSSI_PKTCNT_FETCH uid=1000 rt=453744854/1146729334 0 0 "ourhome" f4:6d:2f:12:cc:88 rssi=-42 f=5240 sc=60 link=433 tx=283.9, 7.4, 0.0  rx=350.0 bcn=554149 [on:0 tx:0 rx:0 period:1001] from screen [on:721297 period:3814566] score=60
10-16 21:25:41.960  3957  4129 D WifiStateMachine:  L2ConnectedState !RSSI_PKTCNT_FETCH uid=1000 rt=453744857/1146729337 0 0 "ourhome" f4:6d:2f:12:cc:88 rssi=-42 f=5240 sc=60 link=433 tx=283.9, 7.4, 0.0  rx=350.0 bcn=554149 [on:0 tx:0 rx:0 period:2] from screen [on:721297 period:3814568] score=60
10-16 21:25:41.962  3957  4129 D WifiStateMachine: fetchRssiLinkSpeedAndFrequencyNative rssi=-45 linkspeed=433 freq=5240
10-16 21:25:42.035 11927 12179 I BatteryMgr:DataCollectionService: stats => 1697484342035,-130,4313,-146,0,100
10-16 21:25:42.144 11927 12179 I BatteryMgr:DataCollectionService: stats => 1697484342144,-130,4313,-146,0,100
10-16 21:25:42.187  3957  3971 I UsageStatsService: User[0] Flushing usage stats to disk
10-16 21:25:42.263 11927 12179 I BatteryMgr:DataCollectionService: stats => 1697484342263,-130,4313,-146,0,100
10-16 21:25:42.377 11927 12179 I BatteryMgr:DataCollectionService: stats => 1697484342376,-130,4313,-146,0,100
10-16 21:25:42.378  3957  3977 V MARsPolicyManager: updateFromMARsThread
10-16 21:25:42.379  3957  3978 D MARsDBManager: updatePkgsToSMDB : begin --size 3
10-16 21:25:42.389  3957  4128 D WifiService: getConnectionInfo uid=1000
10-16 21:25:42.425  3957  3978 D MARsDBManager: updatePkgsToSMDB : end
10-16 21:25:42.425  3957  3978 D MARsDBManager: onChange - mSmartManagerObserver! Uri = content://com.samsung.android.sm/AppFreezer?MARs-self=true&MARs=true
10-16 21:25:42.425  3957  3978 I chatty  : uid=1000(system) MARsDBThread identical 1 line
10-16 21:25:42.426  3957  3978 D MARsDBManager: onChange - mSmartManagerObserver! Uri = content://com.samsung.android.sm/AppFreezer?MARs-self=true&MARs=true
10-16 21:25:42.491 11927 12179 I BatteryMgr:DataCollectionService: stats => 1697484342491,-130,4313,-146,0,100
10-16 21:25:42.597  2479  2548 D ScanRecord: Not a Multi Manu data
10-16 21:25:42.598  2479  2548 I chatty  : uid=1002(bluetooth) BT Service Call identical 11 lines
10-16 21:25:42.598  2479  2548 D ScanRecord: Not a Multi Manu data
10-16 21:25:42.599 11927 12179 I BatteryMgr:DataCollectionService: stats => 1697484342599,-130,4313,-146,0,100
10-16 21:25:42.600  2479  2548 D ScanRecord: Not a Multi Manu data
10-16 21:25:42.707  2479  2548 I chatty  : uid=1002(bluetooth) BT Service Call identical 154 lines
10-16 21:25:42.707  2479  2548 D ScanRecord: Not a Multi Manu data
10-16 21:25:42.709 11927 12179 I BatteryMgr:DataCollectionService: stats => 1697484342709,-130,4313,-146,0,100
10-16 21:25:42.709  2479  2548 D ScanRecord: Not a Multi Manu data
10-16 21:25:42.811  2479  2548 I chatty  : uid=1002(bluetooth) BT Service Call identical 206 lines
10-16 21:25:42.811  2479  2548 D ScanRecord: Not a Multi Manu data
10-16 21:25:42.816 11927 12179 I BatteryMgr:DataCollectionService: stats => 1697484342816,-130,4313,-146,0,100
10-16 21:25:42.838  2479  2548 D ScanRecord: Not a Multi Manu data
10-16 21:25:42.912  2479  2548 I chatty  : uid=1002(bluetooth) BT Service Call identical 128 lines
10-16 21:25:42.912  2479  2548 D ScanRecord: Not a Multi Manu data
10-16 21:25:42.925 11927 12179 I BatteryMgr:DataCollectionService: stats => 1697484342924,-130,4313,-146,0,100
10-16 21:25:42.925  2479  2548 D ScanRecord: Not a Multi Manu data
10-16 21:25:42.964  2479  2548 I chatty  : uid=1002(bluetooth) BT Service Call identical 102 lines
10-16 21:25:42.964  2479  2548 D ScanRecord: Not a Multi Manu data
10-16 21:25:42.965  3957  4129 D WifiStateMachine:  ConnectedState !RSSI_PKTCNT_FETCH uid=1000 rt=453745855/1146730336 0 0 "ourhome" f4:6d:2f:12:cc:88 rssi=-45 f=5240 sc=60 link=433 tx=283.9, 7.4, 0.0  rx=350.0 bcn=554149 [on:0 tx:0 rx:0 period:1002] from screen [on:721297 period:3815570] score=60
10-16 21:25:42.969  2479  2548 D ScanRecord: Not a Multi Manu data
10-16 21:25:42.970  2479  2548 I chatty  : uid=1002(bluetooth) BT Service Call identical 11 lines
10-16 21:25:42.970  2479  2548 D ScanRecord: Not a Multi Manu data
10-16 21:25:42.971  3957  4129 D WifiStateMachine:  L2ConnectedState !RSSI_PKTCNT_FETCH uid=1000 rt=453745863/1146730343 0 0 "ourhome" f4:6d:2f:12:cc:88 rssi=-45 f=5240 sc=60 link=433 tx=283.9, 7.4, 0.0  rx=350.0 bcn=554149 [on:0 tx:0 rx:0 period:4] from screen [on:721297 period:3815574] score=60
10-16 21:25:42.973  3957  4129 D WifiStateMachine: fetchRssiLinkSpeedAndFrequencyNative rssi=-44 linkspeed=433 freq=5240
10-16 21:25:42.979  2479  2548 D ScanRecord: Not a Multi Manu data
10-16 21:25:43.043  2479  2548 I chatty  : uid=1002(bluetooth) BT Service Call identical 141 lines
10-16 21:25:43.043  2479  2548 D ScanRecord: Not a Multi Manu data
10-16 21:25:43.045 11927 12179 I BatteryMgr:DataCollectionService: stats => 1697484343044,-130,4313,-146,0,100
10-16 21:25:43.048  2479  2548 D ScanRecord: Not a Multi Manu data
10-16 21:25:43.089  2479  2548 I chatty  : uid=1002(bluetooth) BT Service Call identical 50 lines
10-16 21:25:43.089  2479  2548 D ScanRecord: Not a Multi Manu data
10-16 21:25:43.160 11927 12179 I BatteryMgr:DataCollectionService: stats => 1697484343159,-130,4313,-146,0,100
10-16 21:25:43.271 11927 12179 I BatteryMgr:DataCollectionService: stats => 1697484343271,-130,4313,-146,0,100
10-16 21:25:43.382 11927 12179 I BatteryMgr:DataCollectionService: stats => 1697484343382,-130,4313,-146,0,100
10-16 21:25:43.391  3957  4128 D WifiService: getConnectionInfo uid=1000
10-16 21:25:43.492 11927 12179 I BatteryMgr:DataCollectionService: stats => 1697484343492,-130,4313,-146,0,100
