10-16 21:20:00.000  3957  4045 V SamsungAlarmManager: Sending to uid : 1000 action=android.intent.action.TIME_TICK alarm=Alarm{da4fdf7 type 3 when 1146387378 android}
10-16 21:20:00.001  3957  4045 V SamsungAlarmManager: Sending to uid : 10074 action=com.samsung.action.EVERY_MINUTE_CLOCK_UPDATE alarm=Alarm{19cd6cd type 1 when 1697484000000 com.sec.android.app.launcher}
10-16 21:20:00.004   426   426 I Launcher: onReceive: com.samsung.action.EVERY_MINUTE_CLOCK_UPDATE
10-16 21:20:00.004  3957  3957 D SamsungAlarmManager: setExact Intent (T:3/F:1/AC:false) 20231016T212100 - CU:1000/CP:3957
10-16 21:20:00.004  3957  3957 I SamsungAlarmManager: setLocked to kernel - T:3 / 20231016T212100, SetElapsed=1146447378, nowELAPSED=1146387382
10-16 21:20:00.005  4340  4340 D KeyguardUpdateMonitor: received broadcast android.intent.action.TIME_TICK
10-16 21:20:00.006  4340  4340 D KeyguardServiceBoxContainer: refreshTime() 1
10-16 21:20:00.008  3957  4650 D SamsungAlarmManager: setInexact Intent (T:1/F:0/AC:false) 20231016T212100 - CU:10074/CP:426
10-16 21:20:00.008   426   426 I IconView: applyFromShortcutInfo - start GetLive : com.samsung.android.calendar
10-16 21:20:00.008   426   426 I IconView: applyFromShortcutInfo - end GetLive : com.samsung.android.calendar
10-16 21:20:00.009   426   426 I IconView: applyFromApplicationInfo - start GetLive : com.sec.android.app.clockpackage
10-16 21:20:00.012   426   426 D ApplicationPackageManager: we has com.sec.android.app.clockpackage class. reuse it 
10-16 21:20:00.013   426   426 D LiveIconLoader: getLiveIcon was called in ClockPackage
10-16 21:20:00.014   426   426 D LiveIconLoader: getLiveIcon res = com.sec.android.app.clockpackage
10-16 21:20:00.015   426   426 D LiveIconLoader: stdIconSize : 84 , targetIconSize : 94
10-16 21:20:00.015   426   426 D LiveIconLoader: mIconDpi : 320 , mTargetIconDpi : 280
10-16 21:20:00.024   426   426 I ApplicationPackageManager: load= live icon for com.sec.android.app.clockpackage, from overlay = false
10-16 21:20:00.025   426   426 I LiveIconManager: getLiveIcon: complete(sync_created)
10-16 21:20:00.026   426   426 I IconView: applyFromApplicationInfo - end GetLive : com.sec.android.app.clockpackage
10-16 21:20:00.026   426   426 I IconView: applyFromApplicationInfo - start GetLive : com.samsung.android.calendar
10-16 21:20:00.026   426   426 I IconView: applyFromApplicationInfo - end GetLive : com.samsung.android.calendar
10-16 21:20:00.030  4340  4340 D KeyguardUpdateMonitor: handleStatusBarState( false )
10-16 21:20:00.063  4340  4340 D KeyguardUpdateMonitor: handleStatusBarState( false )
10-16 21:20:00.084 11160 11461 I BatteryMgr:DataCollectionService: stats => 1697484000084,-24,4313,-7,0,100
10-16 21:20:00.189 11160 11461 I BatteryMgr:DataCollectionService: stats => 1697484000189,-24,4313,-7,0,100
10-16 21:20:00.294 11160 11461 I BatteryMgr:DataCollectionService: stats => 1697484000294,-24,4313,-7,0,100
10-16 21:20:00.399 11160 11461 I BatteryMgr:DataCollectionService: stats => 1697484000399,-24,4313,-7,0,100
10-16 21:20:00.469  3957  4129 D WifiStateMachine:  ConnectedState !RSSI_PKTCNT_FETCH uid=1000 rt=453403365/1146387846 0 0 "ourhome" f4:6d:2f:12:cc:88 rssi=-44 f=5240 sc=60 link=433 tx=4.3, 0.0, 0.0  rx=17.0 bcn=551103 [on:0 tx:0 rx:0 period:844] from screen [on:666626 period:3473077] score=60
10-16 21:20:00.471  3957  4129 D WifiStateMachine:  L2ConnectedState !RSSI_PKTCNT_FETCH uid=1000 rt=453403367/1146387847 0 0 "ourhome" f4:6d:2f:12:cc:88 rssi=-44 f=5240 sc=60 link=433 tx=4.3, 0.0, 0.0  rx=17.0 bcn=551103 [on:0 tx:0 rx:0 period:2] from screen [on:666626 period:3473079] score=60
10-16 21:20:00.472  3957  4128 D WifiService: getConnectionInfo uid=1000
10-16 21:20:00.477  3957  4129 D WifiStateMachine: fetchRssiLinkSpeedAndFrequencyNative rssi=-45 linkspeed=433 freq=5240
10-16 21:20:00.504 11160 11461 I BatteryMgr:DataCollectionService: stats => 1697484000504,-24,4313,-7,0,100
10-16 21:20:00.608 11160 11461 I BatteryMgr:DataCollectionService: stats => 1697484000608,-24,4313,-7,0,100
10-16 21:20:00.713 11160 11461 I BatteryMgr:DataCollectionService: stats => 1697484000713,-24,4313,-7,0,100
10-16 21:20:00.818 11160 11461 I BatteryMgr:DataCollectionService: stats => 1697484000818,-24,4313,-7,0,100
10-16 21:20:00.925 11160 11461 I BatteryMgr:DataCollectionService: stats => 1697484000925,-24,4313,-7,0,100
10-16 21:20:01.030 11160 11461 I BatteryMgr:DataCollectionService: stats => 1697484001030,-24,4313,-7,0,100
10-16 21:20:01.134 11160 11461 I BatteryMgr:DataCollectionService: stats => 1697484001134,-24,4313,-7,0,100
10-16 21:20:01.238 11160 11461 I BatteryMgr:DataCollectionService: stats => 1697484001238,-24,4313,-7,0,100
10-16 21:20:01.343 11160 11461 I BatteryMgr:DataCollectionService: stats => 1697484001343,-24,4313,-7,0,100
10-16 21:20:01.449 11160 11461 I BatteryMgr:DataCollectionService: stats => 1697484001449,-24,4313,-7,0,100
10-16 21:20:01.471  3957  4129 D WifiStateMachine:  ConnectedState !RSSI_PKTCNT_FETCH uid=1000 rt=453404367/1146388848 0 0 "ourhome" f4:6d:2f:12:cc:88 rssi=-45 f=5240 sc=60 link=433 tx=4.3, 0.0, 0.0  rx=17.0 bcn=551103 [on:0 tx:0 rx:0 period:999] from screen [on:666626 period:3474078] score=60
10-16 21:20:01.472  3957  4129 D WifiStateMachine:  L2ConnectedState !RSSI_PKTCNT_FETCH uid=1000 rt=453404368/1146388849 0 0 "ourhome" f4:6d:2f:12:cc:88 rssi=-45 f=5240 sc=60 link=433 tx=4.3, 0.0, 0.0  rx=17.0 bcn=551103 [on:0 tx:0 rx:0 period:2] from screen [on:666626 period:3474080] score=60
10-16 21:20:01.473  3957  4129 D WifiStateMachine: fetchRssiLinkSpeedAndFrequencyNative rssi=-48 linkspeed=433 freq=5240
10-16 21:20:01.474  3957  4128 D WifiService: getConnectionInfo uid=1000
10-16 21:20:01.553 11160 11461 I BatteryMgr:DataCollectionService: stats => 1697484001553,-24,4313,-7,0,100
10-16 21:20:01.585  3957  4306 D WifiConnectivityMonitor:  [|208] []
10-16 21:20:01.659 11160 11461 I BatteryMgr:DataCollectionService: stats => 1697484001659,-24,4313,-7,0,100
10-16 21:20:01.764 11160 11461 I BatteryMgr:DataCollectionService: stats => 1697484001764,-24,4313,-7,0,100
10-16 21:20:01.868 11160 11461 I BatteryMgr:DataCollectionService: stats => 1697484001868,-24,4313,-7,0,100
10-16 21:20:01.974 11160 11461 I BatteryMgr:DataCollectionService: stats => 1697484001974,-24,4313,-7,0,100
10-16 21:20:02.080 11160 11461 I BatteryMgr:DataCollectionService: stats => 1697484002080,-24,4313,-7,0,100
10-16 21:20:02.185 11160 11461 I BatteryMgr:DataCollectionService: stats => 1697484002185,-24,4313,-7,0,100
10-16 21:20:02.289 11160 11461 I BatteryMgr:DataCollectionService: stats => 1697484002289,-24,4313,-7,0,100
10-16 21:20:02.395 11160 11461 I BatteryMgr:DataCollectionService: stats => 1697484002395,-24,4313,-7,0,100
10-16 21:20:02.471  3957  4129 D WifiStateMachine:  ConnectedState !RSSI_PKTCNT_FETCH uid=1000 rt=453405368/1146389849 0 0 "ourhome" f4:6d:2f:12:cc:88 rssi=-48 f=5240 sc=60 link=433 tx=4.3, 0.0, 0.0  rx=17.0 bcn=551103 [on:0 tx:0 rx:0 period:999] from screen [on:666626 period:3475079] score=60
10-16 21:20:02.472  3957  4129 D WifiStateMachine:  L2ConnectedState !RSSI_PKTCNT_FETCH uid=1000 rt=453405369/1146389850 0 0 "ourhome" f4:6d:2f:12:cc:88 rssi=-48 f=5240 sc=60 link=433 tx=4.3, 0.0, 0.0  rx=17.0 bcn=551103 [on:0 tx:0 rx:0 period:1] from screen [on:666626 period:3475080] score=60
10-16 21:20:02.476  3957  4128 D WifiService: getConnectionInfo uid=1000
10-16 21:20:02.479  3957  4129 D WifiStateMachine: fetchRssiLinkSpeedAndFrequencyNative rssi=-45 linkspeed=433 freq=5240
10-16 21:20:02.502 11160 11461 I BatteryMgr:DataCollectionService: stats => 1697484002502,-24,4313,-7,0,100
10-16 21:20:02.521  3957  6478 D SSRM:k  : SIOP:: AP = 440, PST = 425 (W:12), BAT = 282, USB = 0, CHG = 0
10-16 21:20:02.592  2479  2548 D ScanRecord: Not a Multi Manu data
10-16 21:20:02.602  2479  2548 I chatty  : uid=1002(bluetooth) BT Service Call identical 50 lines
10-16 21:20:02.602  2479  2548 D ScanRecord: Not a Multi Manu data
10-16 21:20:02.606 11160 11461 I BatteryMgr:DataCollectionService: stats => 1697484002606,-24,4313,-7,0,100
10-16 21:20:02.609  2479  2548 D ScanRecord: Not a Multi Manu data
10-16 21:20:02.618  2479  2548 I chatty  : uid=1002(bluetooth) BT Service Call identical 24 lines
10-16 21:20:02.618  2479  2548 D ScanRecord: Not a Multi Manu data
10-16 21:20:02.625  3957  4129 D WifiStateMachine:  ConnectedState !CMD_RSSI_POLL rt=453405521/1146390002 70 0 "ourhome" f4:6d:2f:12:cc:88 rssi=-45 f=5240 sc=60 link=433 tx=4.3, 0.0, 0.0  rx=17.0 bcn=551103 [on:0 tx:0 rx:0 period:153] from screen [on:666626 period:3475233] score=60
10-16 21:20:02.626  3957  4129 D WifiStateMachine:  L2ConnectedState !CMD_RSSI_POLL rt=453405523/1146390003 70 0 "ourhome" f4:6d:2f:12:cc:88 rssi=-45 f=5240 sc=60 link=433 tx=4.3, 0.0, 0.0  rx=17.0 bcn=551103 [on:0 tx:0 rx:0 period:1] from screen [on:666626 period:3475234] score=60
10-16 21:20:02.626  3957  4129 D WifiStateMachine:  get link layer stats 3
10-16 21:20:02.626  3436  3436 I android.hardware.wifi@1.0-service: getLinkLayerStats
10-16 21:20:02.629  3957  4129 D WifiStateMachine: fetchRssiLinkSpeedAndFrequencyNative rssi=-45 linkspeed=433 freq=5240
10-16 21:20:02.631  4340  4340 E SignalClusterView: setSlotFocusVisible : subId -2
10-16 21:20:02.631  4340  4340 E SignalClusterView: setSlotFocusVisible : subId -2
10-16 21:20:02.635  2479  2548 D ScanRecord: Not a Multi Manu data
10-16 21:20:02.702  2479  2548 I chatty  : uid=1002(bluetooth) BT Service Call identical 154 lines
10-16 21:20:02.702  2479  2548 D ScanRecord: Not a Multi Manu data
10-16 21:20:02.711 11160 11461 I BatteryMgr:DataCollectionService: stats => 1697484002711,-24,4313,-7,0,100
10-16 21:20:02.713  2479  2548 D ScanRecord: Not a Multi Manu data
10-16 21:20:02.809  2479  2548 I chatty  : uid=1002(bluetooth) BT Service Call identical 167 lines
10-16 21:20:02.809  2479  2548 D ScanRecord: Not a Multi Manu data
10-16 21:20:02.816 11160 11461 I BatteryMgr:DataCollectionService: stats => 1697484002816,-24,4313,-7,0,100
10-16 21:20:02.816  2479  2548 D ScanRecord: Not a Multi Manu data
10-16 21:20:02.921  2479  2548 I chatty  : uid=1002(bluetooth) BT Service Call identical 310 lines
10-16 21:20:02.921  2479  2548 D ScanRecord: Not a Multi Manu data
10-16 21:20:02.923 11160 11461 I BatteryMgr:DataCollectionService: stats => 1697484002923,-24,4313,-7,0,100
10-16 21:20:02.932  2479  2548 D ScanRecord: Not a Multi Manu data
10-16 21:20:03.012  2479  2548 I chatty  : uid=1002(bluetooth) BT Service Call identical 154 lines
10-16 21:20:03.012  2479  2548 D ScanRecord: Not a Multi Manu data
10-16 21:20:03.028 11160 11461 I BatteryMgr:DataCollectionService: stats => 1697484003028,-24,4313,-7,0,100
10-16 21:20:03.030  2479  2548 D ScanRecord: Not a Multi Manu data
10-16 21:20:03.075  2479  2548 I chatty  : uid=1002(bluetooth) BT Service Call identical 63 lines
10-16 21:20:03.075  2479  2548 D ScanRecord: Not a Multi Manu data
10-16 21:20:03.132 11160 11461 I BatteryMgr:DataCollectionService: stats => 1697484003132,-24,4313,-7,0,100
10-16 21:20:03.236 11160 11461 I BatteryMgr:DataCollectionService: stats => 1697484003236,-24,4313,-7,0,100
10-16 21:20:03.342 11160 11461 I BatteryMgr:DataCollectionService: stats => 1697484003342,-24,4313,-7,0,100
10-16 21:20:03.448 11160 11461 I BatteryMgr:DataCollectionService: stats => 1697484003448,-24,4313,-7,0,100
10-16 21:20:03.473  3957  4129 D WifiStateMachine:  ConnectedState !RSSI_PKTCNT_FETCH uid=1000 rt=453406369/1146390850 0 0 "ourhome" f4:6d:2f:12:cc:88 rssi=-45 f=5240 sc=60 link=433 tx=7.3, 0.0, 0.0  rx=36.6 bcn=551130 [on:0 tx:0 rx:0 period:842] from screen [on:667643 period:3476081] score=60
10-16 21:20:03.474  3957  4129 D WifiStateMachine:  L2ConnectedState !RSSI_PKTCNT_FETCH uid=1000 rt=453406371/1146390851 0 0 "ourhome" f4:6d:2f:12:cc:88 rssi=-45 f=5240 sc=60 link=433 tx=7.3, 0.0, 0.0  rx=36.6 bcn=551130 [on:0 tx:0 rx:0 period:1] from screen [on:667643 period:3476082] score=60
10-16 21:20:03.479  3957  4128 D WifiService: getConnectionInfo uid=1000
10-16 21:20:03.480  3957  4129 D WifiStateMachine: fetchRssiLinkSpeedAndFrequencyNative rssi=-44 linkspeed=433 freq=5240
10-16 21:20:03.552 11160 11461 I BatteryMgr:DataCollectionService: stats => 1697484003551,-24,4313,-7,0,100
10-16 21:20:03.657 11160 11461 I BatteryMgr:DataCollectionService: stats => 1697484003657,-24,4313,-7,0,100
10-16 21:20:03.762 11160 11461 I BatteryMgr:DataCollectionService: stats => 1697484003762,-24,4313,-7,0,100
10-16 21:20:03.867 11160 11461 I BatteryMgr:DataCollectionService: stats => 1697484003867,-24,4313,-7,0,100
10-16 21:20:03.972 11160 11461 I BatteryMgr:DataCollectionService: stats => 1697484003972,-24,4313,-7,0,100
10-16 21:20:03.994 11204 11391 I SessionStorage/AutoSave: Save: Periodic
10-16 21:20:04.078 11160 11461 I BatteryMgr:DataCollectionService: stats => 1697484004078,-24,4313,-7,0,100
10-16 21:20:04.187 11160 11461 I BatteryMgr:DataCollectionService: stats => 1697484004187,-24,4313,-7,0,100
10-16 21:20:04.291 11160 11461 I BatteryMgr:DataCollectionService: stats => 1697484004291,-24,4313,-7,0,100
10-16 21:20:04.358  4961  4961 D io_stats: !@ 179,0 r 7200250 230152380 w 1520478 31770084 d 122939 32986220 f 353228 372329 iot 3145056 2754535 th 51200 0 0 pt 0 inp 0 0 453407.255
10-16 21:20:04.398 11160 11461 I BatteryMgr:DataCollectionService: stats => 1697484004398,-24,4313,-7,0,100
10-16 21:20:04.474  3957  4129 D WifiStateMachine:  ConnectedState !RSSI_PKTCNT_FETCH uid=1000 rt=453407370/1146391851 0 0 "ourhome" f4:6d:2f:12:cc:88 rssi=-44 f=5240 sc=60 link=433 tx=7.3, 0.0, 0.0  rx=36.6 bcn=551130 [on:0 tx:0 rx:0 period:1000] from screen [on:667643 period:3477082] score=60
10-16 21:20:04.475  3957  4129 D WifiStateMachine:  L2ConnectedState !RSSI_PKTCNT_FETCH uid=1000 rt=453407372/1146391852 0 0 "ourhome" f4:6d:2f:12:cc:88 rssi=-44 f=5240 sc=60 link=433 tx=7.3, 0.0, 0.0  rx=36.6 bcn=551130 [on:0 tx:0 rx:0 period:1] from screen [on:667643 period:3477083] score=60
10-16 21:20:04.481  3957  4129 D WifiStateMachine: fetchRssiLinkSpeedAndFrequencyNative rssi=-44 linkspeed=433 freq=5240
10-16 21:20:04.481  3957  4128 D WifiService: getConnectionInfo uid=1000
10-16 21:20:04.503 11160 11461 I BatteryMgr:DataCollectionService: stats => 1697484004503,-24,4313,-7,0,100
10-16 21:20:04.608 11160 11461 I BatteryMgr:DataCollectionService: stats => 1697484004608,-24,4313,-7,0,100
10-16 21:20:04.714 11160 11461 I BatteryMgr:DataCollectionService: stats => 1697484004714,-24,4313,-7,0,100
10-16 21:20:04.818 11160 11461 I BatteryMgr:DataCollectionService: stats => 1697484004817,-24,4313,-7,0,100
10-16 21:20:04.925 11160 11461 I BatteryMgr:DataCollectionService: stats => 1697484004925,-24,4313,-7,0,100
10-16 21:20:05.031 11160 11461 I BatteryMgr:DataCollectionService: stats => 1697484005031,-24,4313,-7,0,100
10-16 21:20:05.137 11160 11461 I BatteryMgr:DataCollectionService: stats => 1697484005137,-24,4313,-7,0,100
10-16 21:20:05.243 11160 11461 I BatteryMgr:DataCollectionService: stats => 1697484005243,-24,4313,-7,0,100
10-16 21:20:05.349 11160 11461 I BatteryMgr:DataCollectionService: stats => 1697484005349,-24,4313,-7,0,100
10-16 21:20:05.374 11204 11215 I zygote64: Background concurrent copying GC freed 218008(6MB) AllocSpace objects, 0(0B) LOS objects, 49% free, 5MB/11MB, paused 2.465ms total 165.879ms
10-16 21:20:05.455 11160 11461 I BatteryMgr:DataCollectionService: stats => 1697484005455,-24,4313,-7,0,100
10-16 21:20:05.475  3957  4129 D WifiStateMachine:  ConnectedState !RSSI_PKTCNT_FETCH uid=1000 rt=453408372/1146392852 0 0 "ourhome" f4:6d:2f:12:cc:88 rssi=-44 f=5240 sc=60 link=433 tx=7.3, 0.0, 0.0  rx=36.6 bcn=551130 [on:0 tx:0 rx:0 period:1000] from screen [on:667643 period:3478083] score=60
10-16 21:20:05.476  3957  4129 D WifiStateMachine:  L2ConnectedState !RSSI_PKTCNT_FETCH uid=1000 rt=453408373/1146392853 0 0 "ourhome" f4:6d:2f:12:cc:88 rssi=-44 f=5240 sc=60 link=433 tx=7.3, 0.0, 0.0  rx=36.6 bcn=551130 [on:0 tx:0 rx:0 period:1] from screen [on:667643 period:3478084] score=60
10-16 21:20:05.482  3957  4129 D WifiStateMachine: fetchRssiLinkSpeedAndFrequencyNative rssi=-42 linkspeed=433 freq=5240
10-16 21:20:05.483  3957  4128 D WifiService: getConnectionInfo uid=1000
10-16 21:20:05.560 11160 11461 I BatteryMgr:DataCollectionService: stats => 1697484005560,-24,4313,-7,0,100
10-16 21:20:05.631  3957  4129 D WifiStateMachine:  ConnectedState !CMD_RSSI_POLL rt=453408528/1146393008 70 0 "ourhome" f4:6d:2f:12:cc:88 rssi=-42 f=5240 sc=60 link=433 tx=7.3, 0.0, 0.0  rx=36.6 bcn=551130 [on:0 tx:0 rx:0 period:155] from screen [on:667643 period:3478239] score=60
10-16 21:20:05.633  3957  4129 D WifiStateMachine:  L2ConnectedState !CMD_RSSI_POLL rt=453408529/1146393010 70 0 "ourhome" f4:6d:2f:12:cc:88 rssi=-42 f=5240 sc=60 link=433 tx=7.3, 0.0, 0.0  rx=36.6 bcn=551130 [on:0 tx:0 rx:0 period:2] from screen [on:667643 period:3478241] score=60
10-16 21:20:05.633  3957  4129 D WifiStateMachine:  get link layer stats 3
10-16 21:20:05.633  3436  3436 I android.hardware.wifi@1.0-service: getLinkLayerStats
10-16 21:20:05.651  3957  4129 D WifiStateMachine: fetchRssiLinkSpeedAndFrequencyNative rssi=-42 linkspeed=433 freq=5240
10-16 21:20:05.653  4340  4340 E SignalClusterView: setSlotFocusVisible : subId -2
10-16 21:20:05.653  4340  4340 E SignalClusterView: setSlotFocusVisible : subId -2
10-16 21:20:05.664 11160 11461 I BatteryMgr:DataCollectionService: stats => 1697484005664,-24,4313,-7,0,100
10-16 21:20:05.769 11160 11461 I BatteryMgr:DataCollectionService: stats => 1697484005769,-24,4313,-7,0,100
10-16 21:20:05.874 11160 11461 I BatteryMgr:DataCollectionService: stats => 1697484005874,-24,4313,-7,0,100
10-16 21:20:05.980 11160 11461 I BatteryMgr:DataCollectionService: stats => 1697484005979,-24,4313,-7,0,100
10-16 21:20:06.085 11160 11461 I BatteryMgr:DataCollectionService: stats => 1697484006085,-24,4313,-7,0,100
10-16 21:20:06.190 11160 11461 I BatteryMgr:DataCollectionService: stats => 1697484006189,-24,4313,-7,0,100
10-16 21:20:06.294 11160 11461 I BatteryMgr:DataCollectionService: stats => 1697484006294,-24,4313,-7,0,100
10-16 21:20:06.400 11160 11461 I BatteryMgr:DataCollectionService: stats => 1697484006400,-24,4313,-7,0,100
10-16 21:20:06.476  3957  4129 D WifiStateMachine:  ConnectedState !RSSI_PKTCNT_FETCH uid=1000 rt=453409372/1146393853 0 0 "ourhome" f4:6d:2f:12:cc:88 rssi=-42 f=5240 sc=60 link=433 tx=2.7, 0.0, 0.0  rx=22.3 bcn=551157 [on:0 tx:0 rx:0 period:823] from screen [on:668182 period:3479084] score=60
10-16 21:20:06.477  3957  4129 D WifiStateMachine:  L2ConnectedState !RSSI_PKTCNT_FETCH uid=1000 rt=453409373/1146393854 0 0 "ourhome" f4:6d:2f:12:cc:88 rssi=-42 f=5240 sc=60 link=433 tx=2.7, 0.0, 0.0  rx=22.3 bcn=551157 [on:0 tx:0 rx:0 period:1] from screen [on:668182 period:3479085] score=60
10-16 21:20:06.483  3957  4129 D WifiStateMachine: fetchRssiLinkSpeedAndFrequencyNative rssi=-41 linkspeed=433 freq=5240
10-16 21:20:06.485  3957  4128 D WifiService: getConnectionInfo uid=1000
10-16 21:20:06.505 11160 11461 I BatteryMgr:DataCollectionService: stats => 1697484006505,-24,4313,-7,0,100
10-16 21:20:06.611 11160 11461 I BatteryMgr:DataCollectionService: stats => 1697484006611,-24,4313,-7,0,100
10-16 21:20:06.717 11160 11461 I BatteryMgr:DataCollectionService: stats => 1697484006717,-24,4313,-7,0,100
10-16 21:20:06.821 11160 11461 I BatteryMgr:DataCollectionService: stats => 1697484006821,-24,4313,-7,0,100
10-16 21:20:06.925 11160 11461 I BatteryMgr:DataCollectionService: stats => 1697484006925,-24,4313,-7,0,100
10-16 21:20:07.029 11160 11461 I BatteryMgr:DataCollectionService: stats => 1697484007029,-24,4313,-7,0,100
10-16 21:20:07.134 11160 11461 I BatteryMgr:DataCollectionService: stats => 1697484007134,-24,4313,-7,0,100
10-16 21:20:07.238 11160 11461 I BatteryMgr:DataCollectionService: stats => 1697484007237,-24,4313,-7,0,100
10-16 21:20:07.342 11160 11461 I BatteryMgr:DataCollectionService: stats => 1697484007342,-24,4313,-7,0,100
10-16 21:20:07.447 11160 11461 I BatteryMgr:DataCollectionService: stats => 1697484007447,-24,4313,-7,0,100
10-16 21:20:07.477  3957  4129 D WifiStateMachine:  ConnectedState !RSSI_PKTCNT_FETCH uid=1000 rt=453410374/1146394855 0 0 "ourhome" f4:6d:2f:12:cc:88 rssi=-41 f=5240 sc=60 link=433 tx=2.7, 0.0, 0.0  rx=22.3 bcn=551157 [on:0 tx:0 rx:0 period:1000] from screen [on:668182 period:3480085] score=60
10-16 21:20:07.478  3957  4129 D WifiStateMachine:  L2ConnectedState !RSSI_PKTCNT_FETCH uid=1000 rt=453410375/1146394856 0 0 "ourhome" f4:6d:2f:12:cc:88 rssi=-41 f=5240 sc=60 link=433 tx=2.7, 0.0, 0.0  rx=22.3 bcn=551157 [on:0 tx:0 rx:0 period:1] from screen [on:668182 period:3480086] score=60
10-16 21:20:07.484  3957  4129 D WifiStateMachine: fetchRssiLinkSpeedAndFrequencyNative rssi=-43 linkspeed=433 freq=5240
10-16 21:20:07.487  3957  4128 D WifiService: getConnectionInfo uid=1000
10-16 21:20:07.553 11160 11461 I BatteryMgr:DataCollectionService: stats => 1697484007553,-24,4313,-7,0,100
10-16 21:20:07.589  2479  2548 D ScanRecord: Not a Multi Manu data
10-16 21:20:07.651  2479  2548 I chatty  : uid=1002(bluetooth) BT Service Call identical 154 lines
10-16 21:20:07.651  2479  2548 D ScanRecord: Not a Multi Manu data
10-16 21:20:07.657 11160 11461 I BatteryMgr:DataCollectionService: stats => 1697484007657,-24,4313,-7,0,100
10-16 21:20:07.663  2479  2548 D ScanRecord: Not a Multi Manu data
10-16 21:20:07.695  2479  2548 I chatty  : uid=1002(bluetooth) BT Service Call identical 154 lines
10-16 21:20:07.695  2479  2548 D ScanRecord: Not a Multi Manu data
10-16 21:20:07.700  3957  4030 D SensorService: [SO] 0.163 -0.081 9.979
10-16 21:20:07.706  2479  2548 D ScanRecord: Not a Multi Manu data
10-16 21:20:07.756  2479  2548 I chatty  : uid=1002(bluetooth) BT Service Call identical 154 lines
10-16 21:20:07.756  2479  2548 D ScanRecord: Not a Multi Manu data
10-16 21:20:07.761 11160 11461 I BatteryMgr:DataCollectionService: stats => 1697484007761,-24,4313,-7,0,100
10-16 21:20:07.764  2479  2548 D ScanRecord: Not a Multi Manu data
10-16 21:20:07.861  2479  2548 I chatty  : uid=1002(bluetooth) BT Service Call identical 310 lines
10-16 21:20:07.861  2479  2548 D ScanRecord: Not a Multi Manu data
10-16 21:20:07.866 11160 11461 I BatteryMgr:DataCollectionService: stats => 1697484007866,-24,4313,-7,0,100
10-16 21:20:07.866  2479  2548 D ScanRecord: Not a Multi Manu data
10-16 21:20:07.969  2479  2548 I chatty  : uid=1002(bluetooth) BT Service Call identical 310 lines
10-16 21:20:07.969  2479  2548 D ScanRecord: Not a Multi Manu data
10-16 21:20:07.973 11160 11461 I BatteryMgr:DataCollectionService: stats => 1697484007973,-24,4313,-7,0,100
10-16 21:20:07.973  2479  2548 D ScanRecord: Not a Multi Manu data
10-16 21:20:08.071  2479  2548 I chatty  : uid=1002(bluetooth) BT Service Call identical 232 lines
10-16 21:20:08.071  2479  2548 D ScanRecord: Not a Multi Manu data
10-16 21:20:08.077 11160 11461 I BatteryMgr:DataCollectionService: stats => 1697484008077,-24,4313,-7,0,100
10-16 21:20:08.080  2479  2548 D ScanRecord: Not a Multi Manu data
10-16 21:20:08.080  2479  2548 I chatty  : uid=1002(bluetooth) BT Service Call identical 11 lines
10-16 21:20:08.080  2479  2548 D ScanRecord: Not a Multi Manu data
10-16 21:20:08.181 11160 11461 I BatteryMgr:DataCollectionService: stats => 1697484008181,-24,4313,-7,0,100
10-16 21:20:08.287 11160 11461 I BatteryMgr:DataCollectionService: stats => 1697484008287,-24,4313,-7,0,100
10-16 21:20:08.393 11160 11461 I BatteryMgr:DataCollectionService: stats => 1697484008392,-24,4313,-7,0,100
10-16 21:20:08.479  3957  4129 D WifiStateMachine:  ConnectedState !RSSI_PKTCNT_FETCH uid=1000 rt=453411376/1146395857 0 0 "ourhome" f4:6d:2f:12:cc:88 rssi=-43 f=5240 sc=60 link=433 tx=2.7, 0.0, 0.0  rx=22.3 bcn=551157 [on:0 tx:0 rx:0 period:1001] from screen [on:668182 period:3481087] score=60
10-16 21:20:08.480  3957  4129 D WifiStateMachine:  L2ConnectedState !RSSI_PKTCNT_FETCH uid=1000 rt=453411377/1146395858 0 0 "ourhome" f4:6d:2f:12:cc:88 rssi=-43 f=5240 sc=60 link=433 tx=2.7, 0.0, 0.0  rx=22.3 bcn=551157 [on:0 tx:0 rx:0 period:1] from screen [on:668182 period:3481088] score=60
10-16 21:20:08.486  3957  4129 D WifiStateMachine: fetchRssiLinkSpeedAndFrequencyNative rssi=-44 linkspeed=433 freq=5240
10-16 21:20:08.490  3957  4128 D WifiService: getConnectionInfo uid=1000
10-16 21:20:08.496 11160 11461 I BatteryMgr:DataCollectionService: stats => 1697484008496,-24,4313,-7,0,100
10-16 21:20:08.600 11160 11461 I BatteryMgr:DataCollectionService: stats => 1697484008600,-24,4313,-7,0,100
10-16 21:20:08.653  3957  4129 D WifiStateMachine:  ConnectedState !CMD_RSSI_POLL rt=453411549/1146396030 70 0 "ourhome" f4:6d:2f:12:cc:88 rssi=-44 f=5240 sc=60 link=433 tx=2.7, 0.0, 0.0  rx=22.3 bcn=551157 [on:0 tx:0 rx:0 period:173] from screen [on:668182 period:3481261] score=60
10-16 21:20:08.654  3957  4129 D WifiStateMachine:  L2ConnectedState !CMD_RSSI_POLL rt=453411551/1146396032 70 0 "ourhome" f4:6d:2f:12:cc:88 rssi=-44 f=5240 sc=60 link=433 tx=2.7, 0.0, 0.0  rx=22.3 bcn=551157 [on:0 tx:0 rx:0 period:1] from screen [on:668182 period:3481262] score=60
10-16 21:20:08.655  3957  4129 D WifiStateMachine:  get link layer stats 3
10-16 21:20:08.655  3436  3436 I android.hardware.wifi@1.0-service: getLinkLayerStats
10-16 21:20:08.672  3957  4129 D WifiStateMachine: fetchRssiLinkSpeedAndFrequencyNative rssi=-43 linkspeed=433 freq=5240
10-16 21:20:08.676  4340  4340 E SignalClusterView: setSlotFocusVisible : subId -2
10-16 21:20:08.676  4340  4340 E SignalClusterView: setSlotFocusVisible : subId -2
10-16 21:20:08.706 11160 11461 I BatteryMgr:DataCollectionService: stats => 1697484008706,-24,4313,-7,0,100
10-16 21:20:08.811 11160 11461 I BatteryMgr:DataCollectionService: stats => 1697484008811,-1,4313,-7,0,100
10-16 21:20:08.915 11160 11461 I BatteryMgr:DataCollectionService: stats => 1697484008915,-1,4313,-10,0,100
10-16 21:20:09.020 11160 11461 I BatteryMgr:DataCollectionService: stats => 1697484009020,-1,4313,-10,0,100
10-16 21:20:09.124 11160 11461 I BatteryMgr:DataCollectionService: stats => 1697484009124,-1,4313,-10,0,100
10-16 21:20:09.228 11160 11461 I BatteryMgr:DataCollectionService: stats => 1697484009228,-1,4313,-10,0,100
10-16 21:20:09.288  3957  4622 D BatteryService: !@BatteryListener : batteryPropertiesChanged!
10-16 21:20:09.340 11160 11461 I BatteryMgr:DataCollectionService: stats => 1697484009340,-1,4313,-10,0,100
10-16 21:20:09.360  4961  4961 D io_stats: !@ 179,0 r 7200250 230152380 w 1520481 31770180 d 122939 32986220 f 353228 372329 iot 3145056 2754537 th 51200 0 0 pt 0 inp 0 0 453412.257
10-16 21:20:09.445 11160 11461 I BatteryMgr:DataCollectionService: stats => 1697484009445,-1,4313,-10,0,100
10-16 21:20:09.481  3957  4129 D WifiStateMachine:  ConnectedState !RSSI_PKTCNT_FETCH uid=1000 rt=453412377/1146396858 0 0 "ourhome" f4:6d:2f:12:cc:88 rssi=-43 f=5240 sc=60 link=433 tx=1.0, 0.0, 0.0  rx=15.1 bcn=551185 [on:0 tx:0 rx:0 period:805] from screen [on:668554 period:3482089] score=60
10-16 21:20:09.482  3957  4129 D WifiStateMachine:  L2ConnectedState !RSSI_PKTCNT_FETCH uid=1000 rt=453412378/1146396859 0 0 "ourhome" f4:6d:2f:12:cc:88 rssi=-43 f=5240 sc=60 link=433 tx=1.0, 0.0, 0.0  rx=15.1 bcn=551185 [on:0 tx:0 rx:0 period:1] from screen [on:668554 period:3482090] score=60
10-16 21:20:09.488  3957  4129 D WifiStateMachine: fetchRssiLinkSpeedAndFrequencyNative rssi=-43 linkspeed=433 freq=5240
10-16 21:20:09.490  3957  4128 D WifiService: getConnectionInfo uid=1000
10-16 21:20:09.550 11160 11461 I BatteryMgr:DataCollectionService: stats => 1697484009550,-1,4313,-10,0,100
10-16 21:20:09.655 11160 11461 I BatteryMgr:DataCollectionService: stats => 1697484009655,-1,4313,-10,0,100
10-16 21:20:09.759 11160 11461 I BatteryMgr:DataCollectionService: stats => 1697484009759,-1,4313,-10,0,100
10-16 21:20:09.863 11160 11461 I BatteryMgr:DataCollectionService: stats => 1697484009863,-1,4313,-10,0,100
10-16 21:20:09.967 11160 11461 I BatteryMgr:DataCollectionService: stats => 1697484009967,-1,4313,-10,0,100
10-16 21:20:10.073 11160 11461 I BatteryMgr:DataCollectionService: stats => 1697484010073,-1,4313,-10,0,100
10-16 21:20:10.179 11160 11461 I BatteryMgr:DataCollectionService: stats => 1697484010179,-1,4313,-10,0,100
10-16 21:20:10.283 11160 11461 I BatteryMgr:DataCollectionService: stats => 1697484010283,-1,4313,-10,0,100
10-16 21:20:10.388 11160 11461 I BatteryMgr:DataCollectionService: stats => 1697484010388,-1,4313,-10,0,100
10-16 21:20:10.483  3957  4129 D WifiStateMachine:  ConnectedState !RSSI_PKTCNT_FETCH uid=1000 rt=453413379/1146397860 0 0 "ourhome" f4:6d:2f:12:cc:88 rssi=-43 f=5240 sc=60 link=433 tx=1.0, 0.0, 0.0  rx=15.1 bcn=551185 [on:0 tx:0 rx:0 period:1001] from screen [on:668554 period:3483091] score=60
10-16 21:20:10.485  3957  4129 D WifiStateMachine:  L2ConnectedState !RSSI_PKTCNT_FETCH uid=1000 rt=453413381/1146397862 0 0 "ourhome" f4:6d:2f:12:cc:88 rssi=-43 f=5240 sc=60 link=433 tx=1.0, 0.0, 0.0  rx=15.1 bcn=551185 [on:0 tx:0 rx:0 period:2] from screen [on:668554 period:3483093] score=60
10-16 21:20:10.486  3957  4129 D WifiStateMachine: fetchRssiLinkSpeedAndFrequencyNative rssi=-43 linkspeed=433 freq=5240
10-16 21:20:10.492  3957  4128 D WifiService: getConnectionInfo uid=1000
10-16 21:20:10.492 11160 11461 I BatteryMgr:DataCollectionService: stats => 1697484010492,-1,4313,-10,0,100
10-16 21:20:10.597 11160 11461 I BatteryMgr:DataCollectionService: stats => 1697484010597,-1,4313,-10,0,100
10-16 21:20:10.703 11160 11461 I BatteryMgr:DataCollectionService: stats => 1697484010703,-1,4313,-10,0,100
10-16 21:20:10.808 11160 11461 I BatteryMgr:DataCollectionService: stats => 1697484010808,-1,4313,-10,0,100
10-16 21:20:10.914 11160 11461 I BatteryMgr:DataCollectionService: stats => 1697484010913,-1,4313,-10,0,100
10-16 21:20:11.018 11160 11461 I BatteryMgr:DataCollectionService: stats => 1697484011018,-1,4313,-10,0,100
10-16 21:20:11.124 11160 11461 I BatteryMgr:DataCollectionService: stats => 1697484011123,-1,4313,-10,0,100
10-16 21:20:11.228 11160 11461 I BatteryMgr:DataCollectionService: stats => 1697484011228,-1,4313,-10,0,100
10-16 21:20:11.335 11160 11461 I BatteryMgr:DataCollectionService: stats => 1697484011334,-1,4313,-10,0,100
10-16 21:20:11.441 11160 11461 I BatteryMgr:DataCollectionService: stats => 1697484011441,-1,4313,-10,0,100
10-16 21:20:11.484  3957  4129 D WifiStateMachine:  ConnectedState !RSSI_PKTCNT_FETCH uid=1000 rt=453414380/1146398861 0 0 "ourhome" f4:6d:2f:12:cc:88 rssi=-43 f=5240 sc=60 link=433 tx=1.0, 0.0, 0.0  rx=15.1 bcn=551185 [on:0 tx:0 rx:0 period:999] from screen [on:668554 period:3484092] score=60
10-16 21:20:11.485  3957  4129 D WifiStateMachine:  L2ConnectedState !RSSI_PKTCNT_FETCH uid=1000 rt=453414382/1146398862 0 0 "ourhome" f4:6d:2f:12:cc:88 rssi=-43 f=5240 sc=60 link=433 tx=1.0, 0.0, 0.0  rx=15.1 bcn=551185 [on:0 tx:0 rx:0 period:1] from screen [on:668554 period:3484093] score=60
10-16 21:20:11.491  3957  4129 D WifiStateMachine: fetchRssiLinkSpeedAndFrequencyNative rssi=-43 linkspeed=433 freq=5240
10-16 21:20:11.494  3957  4128 D WifiService: getConnectionInfo uid=1000
10-16 21:20:11.544 11160 11461 I BatteryMgr:DataCollectionService: stats => 1697484011544,-1,4313,-10,0,100
10-16 21:20:11.649 11160 11461 I BatteryMgr:DataCollectionService: stats => 1697484011649,-1,4313,-10,0,100
10-16 21:20:11.674  3957  4129 D WifiStateMachine:  ConnectedState !CMD_RSSI_POLL rt=453414571/1146399051 70 0 "ourhome" f4:6d:2f:12:cc:88 rssi=-43 f=5240 sc=60 link=433 tx=1.0, 0.0, 0.0  rx=15.1 bcn=551185 [on:0 tx:0 rx:0 period:189] from screen [on:668554 period:3484282] score=60
10-16 21:20:11.675  3957  4129 D WifiStateMachine:  L2ConnectedState !CMD_RSSI_POLL rt=453414572/1146399053 70 0 "ourhome" f4:6d:2f:12:cc:88 rssi=-43 f=5240 sc=60 link=433 tx=1.0, 0.0, 0.0  rx=15.1 bcn=551185 [on:0 tx:0 rx:0 period:1] from screen [on:668554 period:3484283] score=60
10-16 21:20:11.675  3957  4129 D WifiStateMachine:  get link layer stats 3
10-16 21:20:11.676  3436  3436 I android.hardware.wifi@1.0-service: getLinkLayerStats
10-16 21:20:11.693  3957  4129 D WifiStateMachine: fetchRssiLinkSpeedAndFrequencyNative rssi=-43 linkspeed=433 freq=5240
10-16 21:20:11.696  4340  4340 E SignalClusterView: setSlotFocusVisible : subId -2
10-16 21:20:11.696  4340  4340 E SignalClusterView: setSlotFocusVisible : subId -2
10-16 21:20:11.753 11160 11461 I BatteryMgr:DataCollectionService: stats => 1697484011753,-1,4313,-10,0,100
10-16 21:20:11.858 11160 11461 I BatteryMgr:DataCollectionService: stats => 1697484011858,-1,4313,-10,0,100
10-16 21:20:11.962 11160 11461 I BatteryMgr:DataCollectionService: stats => 1697484011962,-1,4313,-10,0,100
10-16 21:20:12.067 11160 11461 I BatteryMgr:DataCollectionService: stats => 1697484012067,-1,4313,-10,0,100
10-16 21:20:12.171 11160 11461 I BatteryMgr:DataCollectionService: stats => 1697484012171,-1,4313,-10,0,100
10-16 21:20:12.276 11160 11461 I BatteryMgr:DataCollectionService: stats => 1697484012276,-1,4313,-10,0,100
10-16 21:20:12.382 11160 11461 I BatteryMgr:DataCollectionService: stats => 1697484012382,-1,4313,-10,0,100
10-16 21:20:12.483  3957  4129 D WifiStateMachine:  ConnectedState !RSSI_PKTCNT_FETCH uid=1000 rt=453415380/1146399861 0 0 "ourhome" f4:6d:2f:12:cc:88 rssi=-43 f=5240 sc=60 link=433 tx=0.4, 0.0, 0.0  rx=8.1 bcn=551213 [on:0 tx:0 rx:0 period:788] from screen [on:668764 period:3485091] score=60
10-16 21:20:12.484  3957  4129 D WifiStateMachine:  L2ConnectedState !RSSI_PKTCNT_FETCH uid=1000 rt=453415381/1146399862 0 0 "ourhome" f4:6d:2f:12:cc:88 rssi=-43 f=5240 sc=60 link=433 tx=0.4, 0.0, 0.0  rx=8.1 bcn=551213 [on:0 tx:0 rx:0 period:1] from screen [on:668764 period:3485092] score=60
10-16 21:20:12.487 11160 11461 I BatteryMgr:DataCollectionService: stats => 1697484012487,-1,4313,-10,0,100
10-16 21:20:12.490  3957  4129 D WifiStateMachine: fetchRssiLinkSpeedAndFrequencyNative rssi=-42 linkspeed=433 freq=5240
10-16 21:20:12.496  3957  4128 D WifiService: getConnectionInfo uid=1000
10-16 21:20:12.539  3957  6478 D SSRM:k  : SIOP:: AP = 440, PST = 434 (W:12), BAT = 282, USB = 0, CHG = 0
10-16 21:20:12.547  3957  6478 D ac      : limitGPUFreq:: freq = 676
10-16 21:20:12.551  3957  6478 D ac      : limitCPUFreq:: freq = 1352000
10-16 21:20:12.552  3957  6478 D CustomFrequencyManagerService: acquireDVFSLockLocked : type : DVFS_MAX_LIMIT  frequency : 1352000  uid : 1000  pid : 3957  pkgName : SIOP_ARM_MAX@17
10-16 21:20:12.553  3957  6478 D ac      : broadcastSiopLevelIntent:: currentSiopLevel = 2
10-16 21:20:12.562  3957  6478 D TelephonyManager: getAllCellInfo : Caller (PID / UID / TID): 3957 / 1000 / 6478
10-16 21:20:12.563  2629  2629 I [SC]SCloudReceiver: onReceive: com.samsung.intent.action.CHECK_SIOP_LEVEL
10-16 21:20:12.567  2629  2629 I [SC]DetectorReceiver: onReceive [com.samsung.intent.action.CHECK_SIOP_LEVEL]
10-16 21:20:12.568  2629  2629 I [SC]AccountUtil: Samsung Account Not Logged in
10-16 21:20:12.594 11160 11461 I BatteryMgr:DataCollectionService: stats => 1697484012594,-1,4313,-10,0,100
10-16 21:20:12.610  2479  2548 D ScanRecord: Not a Multi Manu data
10-16 21:20:12.611  2479  2548 I chatty  : uid=1002(bluetooth) BT Service Call identical 11 lines
10-16 21:20:12.611  2479  2548 D ScanRecord: Not a Multi Manu data
10-16 21:20:12.614  3957  6478 D WifiService: getConnectionInfo uid=1000
10-16 21:20:12.623  3957  6478 I SensorService: createSensorEventConnection package name f.z
10-16 21:20:12.624  3957  6478 D SensorService: Calling batch handle==3 flags=0 rate=200000000 timeout== 0
10-16 21:20:12.627  3434  4028 I Sensors : ProximitySensor:enable: handle 3, en 1, old_en 0
10-16 21:20:12.633  2479  2548 D ScanRecord: Not a Multi Manu data
10-16 21:20:12.670  2479  2548 I chatty  : uid=1002(bluetooth) BT Service Call identical 76 lines
10-16 21:20:12.670  2479  2548 D ScanRecord: Not a Multi Manu data
10-16 21:20:12.690  3957  6478 D SensorManager: registerListener :: 3, STK3013 Proximity, 200000, 0,  
10-16 21:20:12.691  3434  4028 I Sensors : ProximitySensor:readEvents: value 8(cm)
10-16 21:20:12.692  3957  3957 D SensorManager: Proximity, val = 8.0  [far]
10-16 21:20:12.694  3957  3957 D SensorService: Calling activate off 3
10-16 21:20:12.695  3434  3434 I Sensors : ProximitySensor:enable: handle 3, en 0, old_en 1
10-16 21:20:12.697  3957  3957 D SensorManager: unregisterListener ::   
10-16 21:20:12.704  2479  2548 D ScanRecord: Not a Multi Manu data
10-16 21:20:12.705  2479  2548 I chatty  : uid=1002(bluetooth) BT Service Call identical 11 lines
10-16 21:20:12.705  2479  2548 D ScanRecord: Not a Multi Manu data
10-16 21:20:12.706 11160 11461 I BatteryMgr:DataCollectionService: stats => 1697484012705,-1,4313,-10,0,100
10-16 21:20:12.731  2479  2548 D ScanRecord: Not a Multi Manu data
10-16 21:20:12.813  2479  2548 I chatty  : uid=1002(bluetooth) BT Service Call identical 63 lines
10-16 21:20:12.813  2479  2548 D ScanRecord: Not a Multi Manu data
10-16 21:20:12.814 11160 11461 I BatteryMgr:DataCollectionService: stats => 1697484012814,-1,4313,-10,0,100
10-16 21:20:12.822  2479  2548 D ScanRecord: Not a Multi Manu data
10-16 21:20:12.893  2479  2548 I chatty  : uid=1002(bluetooth) BT Service Call identical 116 lines
10-16 21:20:12.923  2479  2548 D ScanRecord: Not a Multi Manu data
10-16 21:20:12.923 11160 11461 I BatteryMgr:DataCollectionService: stats => 1697484012923,-1,4313,-10,0,100
10-16 21:20:12.923  2479  2548 D ScanRecord: Not a Multi Manu data
10-16 21:20:13.019  2479  2548 I chatty  : uid=1002(bluetooth) BT Service Call identical 127 lines
10-16 21:20:13.019  2479  2548 D ScanRecord: Not a Multi Manu data
10-16 21:20:13.030 11160 11461 I BatteryMgr:DataCollectionService: stats => 1697484013030,-1,4313,-10,0,100
10-16 21:20:13.030  2479  2548 D ScanRecord: Not a Multi Manu data
10-16 21:20:13.073  2479  2548 I chatty  : uid=1002(bluetooth) BT Service Call identical 50 lines
10-16 21:20:13.073  2479  2548 D ScanRecord: Not a Multi Manu data
10-16 21:20:13.137 11160 11461 I BatteryMgr:DataCollectionService: stats => 1697484013137,-1,4313,-10,0,100
10-16 21:20:13.244 11160 11461 I BatteryMgr:DataCollectionService: stats => 1697484013244,-1,4313,-10,0,100
10-16 21:20:13.361 11160 11461 I BatteryMgr:DataCollectionService: stats => 1697484013361,-1,4313,-10,0,100
10-16 21:20:13.479 11160 11461 I BatteryMgr:DataCollectionService: stats => 1697484013479,-1,4313,-10,0,100
10-16 21:20:13.486  3957  4129 D WifiStateMachine:  ConnectedState !RSSI_PKTCNT_FETCH uid=1000 rt=453416382/1146400862 0 0 "ourhome" f4:6d:2f:12:cc:88 rssi=-42 f=5240 sc=60 link=433 tx=0.4, 0.0, 0.0  rx=8.1 bcn=551213 [on:0 tx:0 rx:0 period:1001] from screen [on:668764 period:3486093] score=60
10-16 21:20:13.488  3957  4129 D WifiStateMachine:  L2ConnectedState !RSSI_PKTCNT_FETCH uid=1000 rt=453416384/1146400864 0 0 "ourhome" f4:6d:2f:12:cc:88 rssi=-42 f=5240 sc=60 link=433 tx=0.4, 0.0, 0.0  rx=8.1 bcn=551213 [on:0 tx:0 rx:0 period:3] from screen [on:668764 period:3486096] score=60
10-16 21:20:13.497  3957  4129 D WifiStateMachine: fetchRssiLinkSpeedAndFrequencyNative rssi=-42 linkspeed=433 freq=5240
10-16 21:20:13.500  3957  4128 D WifiService: getConnectionInfo uid=1000
10-16 21:20:13.586 11160 11461 I BatteryMgr:DataCollectionService: stats => 1697484013586,-1,4313,-10,0,100
10-16 21:20:13.694 11160 11461 I BatteryMgr:DataCollectionService: stats => 1697484013694,-1,4313,-10,0,100
10-16 21:20:13.805 11160 11461 I BatteryMgr:DataCollectionService: stats => 1697484013805,-1,4313,-10,0,100
10-16 21:20:13.913 11160 11461 I BatteryMgr:DataCollectionService: stats => 1697484013913,-1,4313,-10,0,100
10-16 21:20:14.021 11160 11461 I BatteryMgr:DataCollectionService: stats => 1697484014021,-1,4313,-10,0,100
10-16 21:20:14.128 11160 11461 I BatteryMgr:DataCollectionService: stats => 1697484014128,-1,4313,-10,0,100
10-16 21:20:14.235 11160 11461 I BatteryMgr:DataCollectionService: stats => 1697484014235,-1,4313,-10,0,100
10-16 21:20:14.343 11160 11461 I BatteryMgr:DataCollectionService: stats => 1697484014343,-1,4313,-10,0,100
10-16 21:20:14.363  4961  4961 D io_stats: !@ 179,0 r 7200282 230153684 w 1520491 31770380 d 122941 32986304 f 353229 372330 iot 3145072 2754553 th 51200 0 0 pt 0 inp 0 0 453417.259
10-16 21:20:14.450 11160 11461 I BatteryMgr:DataCollectionService: stats => 1697484014450,-1,4313,-10,0,100
10-16 21:20:14.486  3957  4129 D WifiStateMachine:  ConnectedState !RSSI_PKTCNT_FETCH uid=1000 rt=453417383/1146401863 0 0 "ourhome" f4:6d:2f:12:cc:88 rssi=-42 f=5240 sc=60 link=433 tx=0.4, 0.0, 0.0  rx=8.1 bcn=551213 [on:0 tx:0 rx:0 period:998] from screen [on:668764 period:3487094] score=60
10-16 21:20:14.487  3957  4129 D WifiStateMachine:  L2ConnectedState !RSSI_PKTCNT_FETCH uid=1000 rt=453417384/1146401865 0 0 "ourhome" f4:6d:2f:12:cc:88 rssi=-42 f=5240 sc=60 link=433 tx=0.4, 0.0, 0.0  rx=8.1 bcn=551213 [on:0 tx:0 rx:0 period:1] from screen [on:668764 period:3487095] score=60
10-16 21:20:14.493  3957  4129 D WifiStateMachine: fetchRssiLinkSpeedAndFrequencyNative rssi=-42 linkspeed=433 freq=5240
10-16 21:20:14.502  3957  4128 D WifiService: getConnectionInfo uid=1000
10-16 21:20:14.558 11160 11461 I BatteryMgr:DataCollectionService: stats => 1697484014558,-1,4313,-10,0,100
10-16 21:20:14.668 11160 11461 I BatteryMgr:DataCollectionService: stats => 1697484014668,-1,4313,-10,0,100
10-16 21:20:14.696  3957  4129 D WifiStateMachine:  ConnectedState !CMD_RSSI_POLL rt=453417592/1146402073 70 0 "ourhome" f4:6d:2f:12:cc:88 rssi=-42 f=5240 sc=60 link=433 tx=0.4, 0.0, 0.0  rx=8.1 bcn=551213 [on:0 tx:0 rx:0 period:209] from screen [on:668764 period:3487304] score=60
10-16 21:20:14.698  3957  4129 D WifiStateMachine:  L2ConnectedState !CMD_RSSI_POLL rt=453417594/1146402075 70 0 "ourhome" f4:6d:2f:12:cc:88 rssi=-42 f=5240 sc=60 link=433 tx=0.4, 0.0, 0.0  rx=8.1 bcn=551213 [on:0 tx:0 rx:0 period:2] from screen [on:668764 period:3487306] score=60
10-16 21:20:14.698  3957  4129 D WifiStateMachine:  get link layer stats 3
10-16 21:20:14.699  3436  3436 I android.hardware.wifi@1.0-service: getLinkLayerStats
10-16 21:20:14.720  3957  4129 D WifiStateMachine: fetchRssiLinkSpeedAndFrequencyNative rssi=-42 linkspeed=433 freq=5240
10-16 21:20:14.729  4340  4340 E SignalClusterView: setSlotFocusVisible : subId -2
10-16 21:20:14.729  4340  4340 E SignalClusterView: setSlotFocusVisible : subId -2
10-16 21:20:14.776  3957  4416 E Watchdog: !@Sync 15108 [2023-10-16 21:20:14.776]
10-16 21:20:14.782 11160 11461 I BatteryMgr:DataCollectionService: stats => 1697484014782,-1,4313,-10,0,100
10-16 21:20:14.890 11160 11461 I BatteryMgr:DataCollectionService: stats => 1697484014890,-1,4313,-10,0,100
10-16 21:20:14.998 11160 11461 I BatteryMgr:DataCollectionService: stats => 1697484014998,-1,4313,-10,0,100
10-16 21:20:15.114 11160 11461 I BatteryMgr:DataCollectionService: stats => 1697484015114,-1,4313,-10,0,100
10-16 21:20:15.222 11160 11461 I BatteryMgr:DataCollectionService: stats => 1697484015221,-1,4313,-10,0,100
10-16 21:20:15.302  3957  3980 W StorageManager: getStorageFullBytes DEFAULT_FULL_THRESHOLD_BYTES : 20971520, threadhold : 20971520
10-16 21:20:15.303  3957  3980 W StorageManager: getStorageLowBytes lowPercent : 5, lowBytes : 1260145254, maxLowBytes : 524288000
10-16 21:20:15.304  3957  3980 W DeviceStorageMonitorService: updateBroadcasts(/data) oldLevel:0, newLevel:0, seq:1
10-16 21:20:15.305  3957  3980 W DeviceStorageMonitorService: updateBroadcasts_filenode(/data) fn_oldLevel:0, fn_newLevel:0, seq:1
10-16 21:20:15.331 11160 11461 I BatteryMgr:DataCollectionService: stats => 1697484015331,-1,4313,-10,0,100
10-16 21:20:15.436 11160 11461 I BatteryMgr:DataCollectionService: stats => 1697484015436,-1,4313,-10,0,100
10-16 21:20:15.487  3957  4129 D WifiStateMachine:  ConnectedState !RSSI_PKTCNT_FETCH uid=1000 rt=453418383/1146402864 0 0 "ourhome" f4:6d:2f:12:cc:88 rssi=-42 f=5240 sc=60 link=433 tx=0.1, 0.0, 0.0  rx=2.9 bcn=551240 [on:0 tx:0 rx:0 period:759] from screen [on:668847 period:3488095] score=60
10-16 21:20:15.489  3957  4129 D WifiStateMachine:  L2ConnectedState !RSSI_PKTCNT_FETCH uid=1000 rt=453418385/1146402866 0 0 "ourhome" f4:6d:2f:12:cc:88 rssi=-42 f=5240 sc=60 link=433 tx=0.1, 0.0, 0.0  rx=2.9 bcn=551240 [on:0 tx:0 rx:0 period:2] from screen [on:668847 period:3488097] score=60
10-16 21:20:15.495  3957  4129 D WifiStateMachine: fetchRssiLinkSpeedAndFrequencyNative rssi=-42 linkspeed=433 freq=5240
10-16 21:20:15.505  3957  4128 D WifiService: getConnectionInfo uid=1000
10-16 21:20:15.544 11160 11461 I BatteryMgr:DataCollectionService: stats => 1697484015544,-1,4313,-10,0,100
10-16 21:20:15.650 11160 11461 I BatteryMgr:DataCollectionService: stats => 1697484015650,-1,4313,-10,0,100
10-16 21:20:15.761 11160 11461 I BatteryMgr:DataCollectionService: stats => 1697484015761,-1,4313,-10,0,100
10-16 21:20:15.870 11160 11461 I BatteryMgr:DataCollectionService: stats => 1697484015870,-1,4313,-10,0,100
10-16 21:20:15.983 11160 11461 I BatteryMgr:DataCollectionService: stats => 1697484015983,-1,4313,-10,0,100
10-16 21:20:16.099 11160 11461 I BatteryMgr:DataCollectionService: stats => 1697484016099,-1,4313,-10,0,100
10-16 21:20:16.208 11160 11461 I BatteryMgr:DataCollectionService: stats => 1697484016208,-1,4313,-10,0,100
10-16 21:20:16.315 11160 11461 I BatteryMgr:DataCollectionService: stats => 1697484016315,-1,4313,-10,0,100
10-16 21:20:16.428 11160 11461 I BatteryMgr:DataCollectionService: stats => 1697484016428,-1,4313,-10,0,100
10-16 21:20:16.488  3957  4129 D WifiStateMachine:  ConnectedState !RSSI_PKTCNT_FETCH uid=1000 rt=453419384/1146403865 0 0 "ourhome" f4:6d:2f:12:cc:88 rssi=-42 f=5240 sc=60 link=433 tx=0.1, 0.0, 0.0  rx=2.9 bcn=551240 [on:0 tx:0 rx:0 period:999] from screen [on:668847 period:3489096] score=60
10-16 21:20:16.489  3957  4129 D WifiStateMachine:  L2ConnectedState !RSSI_PKTCNT_FETCH uid=1000 rt=453419385/1146403866 0 0 "ourhome" f4:6d:2f:12:cc:88 rssi=-42 f=5240 sc=60 link=433 tx=0.1, 0.0, 0.0  rx=2.9 bcn=551240 [on:0 tx:0 rx:0 period:1] from screen [on:668847 period:3489097] score=60
10-16 21:20:16.495  3957  4129 D WifiStateMachine: fetchRssiLinkSpeedAndFrequencyNative rssi=-43 linkspeed=433 freq=5240
10-16 21:20:16.507  3957  4128 D WifiService: getConnectionInfo uid=1000
10-16 21:20:16.536 11160 11461 I BatteryMgr:DataCollectionService: stats => 1697484016536,-1,4313,-10,0,100
10-16 21:20:16.647 11160 11461 I BatteryMgr:DataCollectionService: stats => 1697484016647,-1,4313,-10,0,100
10-16 21:20:16.755 11160 11461 I BatteryMgr:DataCollectionService: stats => 1697484016755,-1,4313,-10,0,100
10-16 21:20:16.874 11160 11461 I BatteryMgr:DataCollectionService: stats => 1697484016874,-1,4313,-10,0,100
10-16 21:20:16.987 11160 11461 I BatteryMgr:DataCollectionService: stats => 1697484016987,-1,4313,-10,0,100
10-16 21:20:17.105 11160 11461 I BatteryMgr:DataCollectionService: stats => 1697484017105,-1,4313,-10,0,100
10-16 21:20:17.220 11160 11461 I BatteryMgr:DataCollectionService: stats => 1697484017220,-1,4313,-10,0,100
10-16 21:20:17.331 11160 11461 I BatteryMgr:DataCollectionService: stats => 1697484017331,-1,4313,-10,0,100
10-16 21:20:17.438 11160 11461 I BatteryMgr:DataCollectionService: stats => 1697484017438,-1,4313,-10,0,100
10-16 21:20:17.489  3957  4129 D WifiStateMachine:  ConnectedState !RSSI_PKTCNT_FETCH uid=1000 rt=453420386/1146404867 0 0 "ourhome" f4:6d:2f:12:cc:88 rssi=-43 f=5240 sc=60 link=433 tx=0.1, 0.0, 0.0  rx=2.9 bcn=551240 [on:0 tx:0 rx:0 period:1000] from screen [on:668847 period:3490097] score=60
10-16 21:20:17.490  3957  4129 D WifiStateMachine:  L2ConnectedState !RSSI_PKTCNT_FETCH uid=1000 rt=453420387/1146404868 0 0 "ourhome" f4:6d:2f:12:cc:88 rssi=-43 f=5240 sc=60 link=433 tx=0.1, 0.0, 0.0  rx=2.9 bcn=551240 [on:0 tx:0 rx:0 period:1] from screen [on:668847 period:3490098] score=60
10-16 21:20:17.496  3957  4129 D WifiStateMachine: fetchRssiLinkSpeedAndFrequencyNative rssi=-42 linkspeed=433 freq=5240
10-16 21:20:17.508  3957  4128 D WifiService: getConnectionInfo uid=1000
10-16 21:20:17.544 11160 11461 I BatteryMgr:DataCollectionService: stats => 1697484017544,-1,4313,-10,0,100
10-16 21:20:17.589  2479  2548 D ScanRecord: Not a Multi Manu data
10-16 21:20:17.650  2479  2548 I chatty  : uid=1002(bluetooth) BT Service Call identical 68 lines
10-16 21:20:17.650  2479  2548 D ScanRecord: Not a Multi Manu data
10-16 21:20:17.650 11160 11461 I BatteryMgr:DataCollectionService: stats => 1697484017650,-1,4313,-10,0,100
10-16 21:20:17.650  2479  2548 D ScanRecord: Not a Multi Manu data
10-16 21:20:17.698  2479  2548 I chatty  : uid=1002(bluetooth) BT Service Call identical 124 lines
10-16 21:20:17.700  2479  2548 D ScanRecord: Not a Multi Manu data
10-16 21:20:17.700  3957  4030 D SensorService: [SO] 0.158 -0.086 9.965
10-16 21:20:17.700  2479  2548 D ScanRecord: Not a Multi Manu data
10-16 21:20:17.719  2479  2548 I chatty  : uid=1002(bluetooth) BT Service Call identical 49 lines
10-16 21:20:17.719  2479  2548 D ScanRecord: Not a Multi Manu data
10-16 21:20:17.720 11204 11215 I zygote64: Background concurrent copying GC freed 202708(5MB) AllocSpace objects, 0(0B) LOS objects, 49% free, 5MB/10MB, paused 2.717ms total 148.859ms
10-16 21:20:17.723  3957  4129 D WifiStateMachine:  ConnectedState !CMD_RSSI_POLL rt=453420620/1146405100 70 0 "ourhome" f4:6d:2f:12:cc:88 rssi=-42 f=5240 sc=60 link=433 tx=0.1, 0.0, 0.0  rx=2.9 bcn=551240 [on:0 tx:0 rx:0 period:233] from screen [on:668847 period:3490331] score=60
10-16 21:20:17.724  3957  4129 D WifiStateMachine:  L2ConnectedState !CMD_RSSI_POLL rt=453420621/1146405101 70 0 "ourhome" f4:6d:2f:12:cc:88 rssi=-42 f=5240 sc=60 link=433 tx=0.1, 0.0, 0.0  rx=2.9 bcn=551240 [on:0 tx:0 rx:0 period:1] from screen [on:668847 period:3490332] score=60
10-16 21:20:17.724  3957  4129 D WifiStateMachine:  get link layer stats 3
10-16 21:20:17.724  3436  3436 I android.hardware.wifi@1.0-service: getLinkLayerStats
10-16 21:20:17.728  3957  4129 D WifiStateMachine: fetchRssiLinkSpeedAndFrequencyNative rssi=-42 linkspeed=433 freq=5240
