--------- beginning of main
10-16 20:50:32.669  2479  2548 I chatty  : uid=1002(bluetooth) BT Service Call expire 271 lines
10-16 20:50:32.669  2479  2548 D ScanRecord: Not a Multi Manu data
10-16 20:50:32.670   887   887 E adbd    : recv: OPEN 000001a5 00000000 0042:73 68 65 6C 6C 2C 76 32 2C 54 45 52 4D 3D 78 74 65 72 6D 2D 32 35 36 63 6F 6C 6F 72 2C 72 61 77 3A 67 65 74 70 72 6F 70 20 72 6F 2E 62 75 69 6C 64 2E 76 65 72 73 69 6F 6E 2E 72 65 6C 65 61 73 65 00 
10-16 20:50:32.671   887   887 E adbd    : service_to_fd: shell,v2,TERM=xterm-256color,raw:getprop ro.build.version.release
10-16 20:50:32.672  2479  2548 D ScanRecord: Not a Multi Manu data
10-16 20:50:32.724  2479  2548 I chatty  : uid=1002(bluetooth) BT Service Call identical 168 lines
10-16 20:50:32.729  2479  2548 D ScanRecord: Not a Multi Manu data
10-16 20:50:32.729   887   887 E adbd    : recv: OPEN 000001a9 00000000 003e:73 68 65 6C 6C 2C 76 32 2C 54 45 52 4D 3D 78 74 65 72 6D 2D 32 35 36 63 6F 6C 6F 72 2C 72 61 77 3A 67 65 74 70 72 6F 70 20 72 6F 2E 62 75 69 6C 64 2E 76 65 72 73 69 6F 6E 2E 73 64 6B 00 
10-16 20:50:32.729  2479  2548 D ScanRecord: Not a Multi Manu data
10-16 20:50:32.729   887   887 E adbd    : service_to_fd: shell,v2,TERM=xterm-256color,raw:getprop ro.build.version.sdk
10-16 20:50:32.730  2479  2548 D ScanRecord: Not a Multi Manu data
10-16 20:50:32.790  2479  2548 I chatty  : uid=1002(bluetooth) BT Service Call identical 113 lines
10-16 20:50:32.790  2479  2548 D ScanRecord: Not a Multi Manu data
10-16 20:50:32.791   887   887 E adbd    : recv: OPEN 000001ad 00000000 00c4:73 68 65 6C 6C 2C 76 32 2C 54 45 52 4D 3D 78 74 65 72 6D 2D 32 35 36 63 6F 6C 6F 72 2C 72 61 77 3A 61 6D 20 73 74 61 72 74 20 2D 6E 20 22 63 6F 6D 2E 65 78 61 6D 70 6C 65 2E 62 61 74 74 65 72 79 6D 61 6E 61 67 65 72 5F 75 74 69 6C 69 74 79 2F 63 6F 6D 2E 65 78 61 6D 70 6C 65 2E 62 61 74 74 65 72 79 6D 61 6E 61 67 65 72 5F 75 74 69 6C 69 74 79 2E 4D 61 69 6E 41 63 74 69 76 69 74 79 22 20 2D 61 20 61 6E 64 72 6F 69 64 2E 69 6E 74 65 6E 74 2E 61 63 74 69 6F 6E 2E 4D 41 49 4E 20 2D 63 20 61 6E 64 72 6F 69 64 2E 69 6E 74 65 6E 74 2E 63 61 74 65 67 6F 72 79 2E 4C 41 55 4E 43 48 45 52 00 
10-16 20:50:32.791   887   887 E adbd    : service_to_fd: shell,v2,TERM=xterm-256color,raw:am start -n "com.example.batterymanager_utility/com.example.batterymanager_utility.MainActivity" -a android.intent.action.MAIN -c android.intent.category.LAUNCHER
10-16 20:50:32.794  2479  2548 D ScanRecord: Not a Multi Manu data
10-16 20:50:32.808  2479  2548 I chatty  : uid=1002(bluetooth) BT Service Call identical 76 lines
10-16 20:50:32.808  2479  2548 D ScanRecord: Not a Multi Manu data
10-16 20:50:32.809  3957  4129 D WifiStateMachine:  ConnectedState !RSSI_PKTCNT_FETCH uid=1000 rt=451635705/1144620186 0 0 "ourhome" f4:6d:2f:12:cc:88 rssi=-44 f=5240 sc=60 link=433 tx=0.6, 0.0, 0.0  rx=8.2 bcn=535221 [on:0 tx:0 rx:0 period:998] from screen [on:396929 period:1705417] score=60
10-16 20:50:32.810  3957  4129 D WifiStateMachine:  L2ConnectedState !RSSI_PKTCNT_FETCH uid=1000 rt=451635707/1144620187 0 0 "ourhome" f4:6d:2f:12:cc:88 rssi=-44 f=5240 sc=60 link=433 tx=0.6, 0.0, 0.0  rx=8.2 bcn=535221 [on:0 tx:0 rx:0 period:1] from screen [on:396929 period:1705418] score=60
10-16 20:50:32.811  3957  4129 D WifiStateMachine: fetchRssiLinkSpeedAndFrequencyNative rssi=-44 linkspeed=433 freq=5240
10-16 20:50:32.821  2479  2548 D ScanRecord: Not a Multi Manu data
--------- beginning of system
10-16 20:50:32.885  3957  4031 I ActivityManager: START u0 {act=android.intent.action.MAIN typ=null flg=0x10000000 cmp=ComponentInfo{com.example.batterymanager_utility/com.example.batterymanager_utility.MainActivity}} from uid 2000
10-16 20:50:32.887  3957  4031 D CustomFrequencyManagerService: acquireDVFSLockLocked : type : DVFS_MIN_LIMIT  frequency : 1560000  uid : 1000  pid : 3957  pkgName : AMS_APP_SWITCH@CPU_MIN@52
10-16 20:50:32.889  3957  4031 D ActivityManagerPerformance: AMP_acquire() APP_SWITCH
10-16 20:50:32.889  2479  2548 I chatty  : uid=1002(bluetooth) BT Service Call identical 141 lines
10-16 20:50:32.889  2479  2548 D ScanRecord: Not a Multi Manu data
10-16 20:50:32.889  3957  5022 D ActivityManagerPerformance: Received MSG_CFMS_HINT_AMS_SWITCH pkgName: com.example.batterymanager_utility
10-16 20:50:32.891  3957  6478 D WifiService: getConnectionInfo uid=1000
10-16 20:50:32.892  2479  2548 D ScanRecord: Not a Multi Manu data
10-16 20:50:32.892  2479  2548 I chatty  : uid=1002(bluetooth) BT Service Call identical 11 lines
10-16 20:50:32.892  2479  2548 D ScanRecord: Not a Multi Manu data
10-16 20:50:32.893   426   426 V Launcher: Launcher.onPause()
10-16 20:50:32.894   426   426 D Launcher: setHotWordDetection : call requestHotWordDetection false
10-16 20:50:32.896  2479  2548 D ScanRecord: Not a Multi Manu data
10-16 20:50:32.897  3957  3957 D MdnieScenarioControlService: Listener Real Multi Window State : false
10-16 20:50:32.900  2479  2548 I chatty  : uid=1002(bluetooth) BT Service Call identical 50 lines
10-16 20:50:32.900  2479  2548 D ScanRecord: Not a Multi Manu data
10-16 20:50:32.903  3957 14957 D ActivityManager: isScaleDownAnimationEnabled() : false
10-16 20:50:32.903  4146  4146 I GsaVoiceInteractionSrv: Handling ACTION_STOP_HOTWORD
10-16 20:50:32.904  3957 14957 D StorageManagerService: getExternalStorageMountMode : 1
10-16 20:50:32.904  3957 14957 D StorageManagerService: getExternalStorageMountMode : 3
10-16 20:50:32.904  3957 14957 D StorageManagerService: getExternalStorageMountMode : final mountMode=1, uid : 10170, packageName : com.example.batterymanager_utility
10-16 20:50:32.906  3957 14957 I ApplicationPolicy: isApplicationExternalStorageWhitelisted:com.example.batterymanager_utility user:0
10-16 20:50:32.907  2479  2548 D ScanRecord: Not a Multi Manu data
10-16 20:50:32.907  2479  2548 I chatty  : uid=1002(bluetooth) BT Service Call identical 11 lines
10-16 20:50:32.907  2479  2548 D ScanRecord: Not a Multi Manu data
10-16 20:50:32.907  3957 14957 D ApplicationPolicy: isApplicationExternalStorageWhitelisted: DO is not enabled on user 0. Allowed.
10-16 20:50:32.907  3957 14957 D ActivityManager: package  com.example.batterymanager_utility, user - 0 is SDcard whitelisted
10-16 20:50:32.907  3957 14957 I ApplicationPolicy: isApplicationExternalStorageBlacklisted:com.example.batterymanager_utility user:0
10-16 20:50:32.907  3957 14957 D ApplicationPolicy: isApplicationExternalStorageBlacklisted: DO is not enabled on user 0. Allowed.
10-16 20:50:32.907  2479  2548 D ScanRecord: Not a Multi Manu data
10-16 20:50:32.920  2479  2548 I chatty  : uid=1002(bluetooth) BT Service Call identical 50 lines
10-16 20:50:32.920  2479  2548 D ScanRecord: Not a Multi Manu data
10-16 20:50:32.921  8176  8176 E Zygote  : isWhitelistProcess - Process is Whitelisted
10-16 20:50:32.921  4146  4209 I HwDetectorWithState: (REDACTED) a: %d
10-16 20:50:32.921  2479  2548 D ScanRecord: Not a Multi Manu data
10-16 20:50:32.921  8176  8176 E libpersona: scanKnoxPersonas
10-16 20:50:32.921  8176  8176 E libpersona: Couldn't open the File - /data/system/users/0/personalist.xml - No such file or directory
10-16 20:50:32.921  3957 14957 I ActivityManager: Start proc 8176:com.example.batterymanager_utility/u0a170 for activity com.example.batterymanager_utility/.MainActivity
10-16 20:50:32.923  2479  2548 I chatty  : uid=1002(bluetooth) BT Service Call identical 24 lines
10-16 20:50:32.923  2479  2548 D ScanRecord: Not a Multi Manu data
10-16 20:50:32.924  8176  8176 W SELinux : SELinux selinux_android_compute_policy_index : Policy Index[2],  Con:u:r:zygote:s0 RAM:SEPF_SM-J720F_8.0.0_0002, [-1 -1 -1 -1 0 1]
10-16 20:50:32.926  8176  8176 I SELinux : SELinux: seapp_context_lookup: seinfo=untrusted, level=s0:c512,c768, pkgname=com.example.batterymanager_utility 
10-16 20:50:32.929  8176  8176 I zygote64: Late-enabling -Xcheck:jni
10-16 20:50:32.931  2479  2548 D ScanRecord: Not a Multi Manu data
10-16 20:50:32.977  2479  2548 I chatty  : uid=1002(bluetooth) BT Service Call identical 193 lines
10-16 20:50:32.977  2479  2548 D ScanRecord: Not a Multi Manu data
10-16 20:50:32.977  3957  4128 D WifiService: getConnectionInfo uid=1000
10-16 20:50:32.983  8176  8176 D TimaKeyStoreProvider: TimaKeyStore is not enabled: cannot add TimaSignature Service and generateKeyPair Service
10-16 20:50:32.983  8176  8176 D ActivityThread: Added TimaKeyStore provider
10-16 20:50:32.984  2479  2548 D ScanRecord: Not a Multi Manu data
10-16 20:50:32.988  3957 12007 I ActivityManager: DSS on for com.example.batterymanager_utility and scale is 1.0
10-16 20:50:32.992  3957 12007 V WindowManager: rotationForOrientationLw(orient=-1, last=0); user=0  sensorRotation=-1 mLidState=-1 mDockMode=0 mHdmiPlugged=false
10-16 20:50:32.997  2479  2548 I chatty  : uid=1002(bluetooth) BT Service Call identical 63 lines
10-16 20:50:32.997  2479  2548 D ScanRecord: Not a Multi Manu data
10-16 20:50:32.998  3957 12007 D PersonaManagerService: Current focused persona service handled id set to : 0
10-16 20:50:32.998  3957 12007 D InputDispatcher: Focused application set to: xxxx
10-16 20:50:32.999  3957 12007 D InputDispatcher: Focus left window: 426
10-16 20:50:33.000   426   426 D ViewRootImpl@64d68ee[LauncherActivity]: MSG_WINDOW_FOCUS_CHANGED 0
10-16 20:50:33.001  3957  4220 D GameManagerService: handleForegroundChange(). pkgName: com.example.batterymanager_utility, clsName: com.example.batterymanager_utility.MainActivity,FgActivityName:com.example.batterymanager_utility/.MainActivity
10-16 20:50:33.001  3957 12007 D MARsPolicyManager: onPackageResumedFG pkgName = com.example.batterymanager_utility, userId = 0
10-16 20:50:33.001  3957  4220 D GameManagerService: sem_perfomance_mode: 3
10-16 20:50:33.001  3957  4220 D GameManagerService: notifyResumePause(). pkg: com.example.batterymanager_utility, type: 4, isMinimized: false, isTunableApp: false
10-16 20:50:33.001  3957  4220 D GameManagerService:   notifyResumePause(). unexpected mPrevNotiType: -1
10-16 20:50:33.004  2479  2548 D ScanRecord: Not a Multi Manu data
10-16 20:50:33.004  3957  6478 D GamePkgDataHelper: getGamePkgDataIncServer(). com.example.batterymanager_utility
10-16 20:50:33.004  3957  6478 D GameManagerService: identifyGamePackage. com.example.batterymanager_utility
10-16 20:50:33.004  3957  6478 D GamePkgDataHelper: getGamePkgData(). com.example.batterymanager_utility
10-16 20:50:33.005  3957  6478 D GameManagerService: identifyGamePackage. com.example.batterymanager_utility
10-16 20:50:33.005  3957  6478 D GamePkgDataHelper: getGamePkgData(). com.example.batterymanager_utility
10-16 20:50:33.005  3957  6478 D GamePkgDataHelper: getSosPolicy(). com.example.batterymanager_utility
10-16 20:50:33.007  3957  6478 D GameManagerService: identifyGamePackage. com.example.batterymanager_utility
10-16 20:50:33.007  3957  6478 D GamePkgDataHelper: getGamePkgData(). com.example.batterymanager_utility
10-16 20:50:33.011  3957  6478 D GameManagerService: identifyGamePackage. com.example.batterymanager_utility
10-16 20:50:33.011  3957  6478 D GamePkgDataHelper: getGamePkgData(). com.example.batterymanager_utility
10-16 20:50:33.022  2479  2548 I chatty  : uid=1002(bluetooth) BT Service Call identical 37 lines
10-16 20:50:33.022  2479  2548 D ScanRecord: Not a Multi Manu data
10-16 20:50:33.027  4340  4884 D SystemServicesProxy: updateOverviewLastStackActiveTimeAsync: newTime=1697481820596
10-16 20:50:33.028  3957 12007 D SecContentProvider: query(), uri = 17 selection = isSettingsChangesAllowed
10-16 20:50:33.028  3957 12007 D SecContentProvider: called from android.uid.systemui:10009
10-16 20:50:33.029  4340  4692 D SystemServicesProxy: updateOverviewLastStackActiveTimeAsync: done.
10-16 20:50:33.031  2479  2548 D ScanRecord: Not a Multi Manu data
10-16 20:50:33.046  2479  2548 I chatty  : uid=1002(bluetooth) BT Service Call identical 50 lines
10-16 20:50:33.046  2479  2548 D ScanRecord: Not a Multi Manu data
10-16 20:50:33.064  8176  8176 I zygote64: no shared libraies, dex_files: 1
10-16 20:50:33.072  3957  4025 D ViewRootImpl@80568ae[batterymanager_utility]: setView = DecorView@928b1dc[batterymanager_utility] TM=true MM=false
10-16 20:50:33.073  3957  4025 D ViewRootImpl@80568ae[batterymanager_utility]: dispatchAttachedToWindow
10-16 20:50:33.073  3957  4025 V WindowManager: Relayout Window{4c6c64f u0 Splash Screen com.example.batterymanager_utility}: viewVisibility=0 req=719x1237 WM.LayoutParams{(0,0)(fillxfill) sim=#20 ty=3 fl=#81830118 pfl=0x20011 wanim=0x10302fd vsysui=0x600 needsMenuKey=2 colorMode=0 naviIconColor=0}
10-16 20:50:33.076  4340  4340 D WallpaperService: updateSurface forceRelayout=true redrawNeeded=false myWidth=1280 myHeight=1280 fixedSize=true x = 0 y = 0 mWidth=1280 mHeight=1280 mIsSleepMode=false
10-16 20:50:33.077  3447  3447 I SurfaceFlinger: id=2529 createSurf (720x1280),1 flag=404, Splash Screen com.example.batterymanager_utility#0
10-16 20:50:33.078  3957  4025 V Surface : sf_framedrop debug : 0x4f4c, game : false, logging : 0
10-16 20:50:33.081  3957  4025 D ViewRootImpl@80568ae[batterymanager_utility]: Relayout returned: old=[0,0][0,0] new=[0,0][720,1280] result=0x7 surface={valid=true 500904583168} changed=true
10-16 20:50:33.081  3957  4025 D ViewRootImpl@80568ae[batterymanager_utility]: MSG_RESIZED_REPORT: frame=Rect(0, 0 - 720, 1280) ci=Rect(0, 42 - 0, 0) vi=Rect(0, 42 - 0, 0) or=1
10-16 20:50:33.082  3957 12007 V WindowManager: Relayout Window{b8b4ba7 u0 com.android.systemui.ImageWallpaper}: viewVisibility=0 req=1280x1280 WM.LayoutParams{(0,0)(1280x1280) gr=#800033 ty=2013 fl=#10318 fmt=2 wanim=0x103030e colorMode=0 naviIconColor=0}
10-16 20:50:33.085  4340  4340 D ImageWallpaper: onOffsetsChanged: xOffset=0.0, yOffset=0.0, xOffsetStep=0.0, yOffsetStep=0.0, xPixels=0, yPixels=0
10-16 20:50:33.086  4340  4340 D ImageWallpaper: newRotation : 0,mLastRotation : 0
10-16 20:50:33.086  4340  4340 D ImageWallpaper: drawFrame:[frame.width()]1280[frame.height()]1280
10-16 20:50:33.086  4340  4340 D ImageWallpaper: surfaceDimensionsChanged=false mDisplayWidth=720 mDisplayHeight=1280
10-16 20:50:33.086  4340  4340 D ImageWallpaper: redrawNeeded = false, mOffsetsChanged = false
10-16 20:50:33.086  4340  4340 D ImageWallpaper: Suppressed drawFrame since redraw is not needed and offsets have not changed.
10-16 20:50:33.090  3957  4129 D WifiStateMachine:  ConnectedState !CMD_RSSI_POLL rt=451635987/1144620468 70 0 "ourhome" f4:6d:2f:12:cc:88 rssi=-44 f=5240 sc=60 link=433 tx=0.6, 0.0, 0.0  rx=8.2 bcn=535221 [on:0 tx:0 rx:0 period:280] from screen [on:396929 period:1705698] score=60
10-16 20:50:33.090  3957  4129 D WifiStateMachine:  L2ConnectedState !CMD_RSSI_POLL rt=451635987/1144620468 70 0 "ourhome" f4:6d:2f:12:cc:88 rssi=-44 f=5240 sc=60 link=433 tx=0.6, 0.0, 0.0  rx=8.2 bcn=535221 [on:0 tx:0 rx:0 period:0] from screen [on:396929 period:1705698] score=60
10-16 20:50:33.090  3957  4129 D WifiStateMachine:  get link layer stats 3
10-16 20:50:33.091  3436  3436 I android.hardware.wifi@1.0-service: getLinkLayerStats
10-16 20:50:33.096  3957  4025 V WindowManager: finishDrawingLocked: mDrawState=COMMIT_DRAW_PENDING Window{4c6c64f u0 Splash Screen com.example.batterymanager_utility} in Surface(name=Splash Screen com.example.batterymanager_utility)
10-16 20:50:33.098  3957  4129 D WifiStateMachine: fetchRssiLinkSpeedAndFrequencyNative rssi=-44 linkspeed=433 freq=5240
10-16 20:50:33.099  3957  4025 D SamsungAnimationCreator: createAnimation type:LowEnd transit:12 enter:false wallpaperXoffset:-280 split:false fixedOri:false
10-16 20:50:33.099  3957  4025 D SamsungAnimationCreator: createAnimation displayFrame:Rect(0, 0 - 720, 1280) frame:null insets:null
10-16 20:50:33.100  4340  4340 E SignalClusterView: setSlotFocusVisible : subId -2
10-16 20:50:33.100  4340  4340 E SignalClusterView: setSlotFocusVisible : subId -2
10-16 20:50:33.107   426   426 I Launcher: onWindowVisibilityChanged : false
10-16 20:50:33.108  3957  3973 D WindowManager: set systemUiVisibility : systemUiFlags= 0x608 fullscreenStackSysUiFlags= 0x0
10-16 20:50:33.109  3957  4031 D WindowManager: adjustSystemUiVisibilityLw : vis= 0x608
10-16 20:50:33.110  4961  4961 D io_stats: !@ 179,0 r 7161427 228871160 w 1512816 31631752 d 122089 32930152 f 352349 371348 iot 3125724 2737806 th 51200 0 0 pt 0 inp 0 0 451636.007
10-16 20:50:33.112  8176  8176 I BatteryMgr:App: creating notification channel
10-16 20:50:33.114   426   484 D OpenGLRenderer: eglDestroySurface = 0x74d2482e40
10-16 20:50:33.114  3957  4031 V WindowManager: Relayout Window{f4e98e0 u0 com.sec.android.app.launcher/com.sec.android.app.launcher.activities.LauncherActivity}: viewVisibility=8 req=720x1280 WM.LayoutParams{(0,0)(fillxfill) sim=#130 ty=1 fl=#81910d00 pfl=0x20000 fmt=-2 wanim=0x10302ea vsysui=0x700 needsMenuKey=2 colorMode=0 naviIconColor=0}
10-16 20:50:33.119   426   426 D ViewRootImpl@64d68ee[LauncherActivity]: Relayout returned: old=[0,0][720,1280] new=[0,0][720,1280] result=0x5 surface={valid=false 0} changed=true
10-16 20:50:33.135  3957  4089 D MdnieScenarioControlService:  packageName : com.example.batterymanager_utility    className : com.example.batterymanager_utility.MainActivity
10-16 20:50:33.135  3957  4089 V MdnieScenarioControlService: setUIMode from UI function(3)
10-16 20:50:33.193  3447  3447 I SurfaceFlinger: Display 0 HWC layers:
10-16 20:50:33.193  3447  3447 I SurfaceFlinger:     type    |    handle    | flag |  format   |   source crop (l,t,r,b)    |         frame       | name 
10-16 20:50:33.193  3447  3447 I SurfaceFlinger: ------------+--------------+------+-----------+----------------------------+---------------------+------
10-16 20:50:33.193  3447  3447 I SurfaceFlinger:      Device | 0x7e9ec22c80 | 0002 | RGBx_8888 | 280.0    0.0 1000.0 1280.0 |    0    0  720 1280 | com.android.systemui.ImageWallpaper#0
10-16 20:50:33.193  3447  3447 I SurfaceFlinger:      Device | 0x7ea5024000 | 0000 | RGBA_8888 |  21.0   37.0  700.0 1244.0 |    0    0  720 1280 | com.sec.android.app.launcher/com.sec[...]uncher.activities.LauncherActivity#0
10-16 20:50:33.193  3447  3447 I SurfaceFlinger:      Device | 0x7e9ec22d40 | 0002 | RGBA_8888 |   0.0    0.0  720.0 1280.0 |  133  236  588 1044 | Splash Screen com.example.batterymanager_utility#0
10-16 20:50:33.193  3447  3447 I SurfaceFlinger:      Device | 0x7ea5024d80 | 0000 | RGBA_8888 |   0.0    0.0  720.0   42.0 |    0    0  720   42 | StatusBar#0
10-16 20:50:33.193  3447  3447 I SurfaceFlinger: 
10-16 20:50:33.206  8176  8192 D OpenGLRenderer: HWUI GL Pipeline
10-16 20:50:33.214  8176  8176 D ViewRootImpl@4470b6[MainActivity]: setView = DecorView@a3fa1b7[MainActivity] TM=true MM=false
10-16 20:50:33.215  3957 12007 D ActivityManager: post active user change for 0 fullscreen true isHomeActivity() false
10-16 20:50:33.330  8176  8176 W zygote64: Class androidx.compose.runtime.snapshots.SnapshotStateList failed lock verification and will run slower.
10-16 20:50:33.330  8176  8176 W zygote64: Common causes for lock verification issues are non-optimized dex code
10-16 20:50:33.330  8176  8176 W zygote64: and incorrect proguard optimizations.
10-16 20:50:33.438  8176  8176 D ViewRootImpl@4470b6[MainActivity]: dispatchAttachedToWindow
10-16 20:50:33.492  3957 12007 V WindowManager: Relayout Window{daf999d u0 com.example.batterymanager_utility/com.example.batterymanager_utility.MainActivity}: viewVisibility=0 req=719x1237 WM.LayoutParams{(0,0)(fillxfill) sim=#120 ty=1 fl=#81810100 pfl=0x20000 wanim=0x10302fd vsysui=0x600 needsMenuKey=2 colorMode=0 naviIconColor=0}
10-16 20:50:33.496  3447  3447 I SurfaceFlinger: id=2530 createSurf (720x1280),1 flag=404, com.example.batterymanager_utility/com.example.batterymanager_utility.MainActivity#0
10-16 20:50:33.497  3957 12007 V Surface : sf_framedrop debug : 0x4f4c, game : false, logging : 0
10-16 20:50:33.501  3957 12007 D InputDispatcher: Focus entered window: 8176
10-16 20:50:33.503  8176  8176 V Surface : sf_framedrop debug : 0x4f4c, game : false, logging : 0
10-16 20:50:33.505  8176  8176 D ViewRootImpl@4470b6[MainActivity]: Relayout returned: old=[0,0][0,0] new=[0,0][720,1280] result=0x7 surface={valid=true 502084968448} changed=true
10-16 20:50:33.514  8176  8192 I OpenGLRenderer: Initialized EGL, version 1.4
10-16 20:50:33.514  8176  8192 D OpenGLRenderer: Swap behavior 2
10-16 20:50:33.518  8176  8192 D libGLESv1: STS_GLApi : DTS, ODTC are not allowed for Package : com.example.batterymanager_utility
10-16 20:50:33.519  8176  8192 D mali_winsys: EGLint new_window_surface(egl_winsys_display *, void *, EGLSurface, EGLConfig, egl_winsys_surface **, egl_color_buffer_format *, EGLBoolean) returns 0x3000,  [720x1280]-format:1
10-16 20:50:33.519  8176  8192 D OpenGLRenderer: eglCreateWindowSurface = 0x74e8ff0880
10-16 20:50:33.525  8176  8176 D Compose Focus: Owner FocusChanged(true)
10-16 20:50:33.545  3447  3447 I SurfaceFlinger: Display 0 HWC layers:
10-16 20:50:33.545  3447  3447 I SurfaceFlinger:     type    |    handle    | flag |  format   |   source crop (l,t,r,b)    |         frame       | name 
10-16 20:50:33.545  3447  3447 I SurfaceFlinger: ------------+--------------+------+-----------+----------------------------+---------------------+------
10-16 20:50:33.545  3447  3447 I SurfaceFlinger:      Client | 0x7e9ec22d40 | 0002 | RGBA_8888 |   0.0    0.0  720.0 1280.0 |    0    0  720 1280 | Splash Screen com.example.batterymanager_utility#0
10-16 20:50:33.545  3447  3447 I SurfaceFlinger:      Client | 0x7ea5024d80 | 0000 | RGBA_8888 |   0.0    0.0  720.0   42.0 |    0    0  720   42 | StatusBar#0
10-16 20:50:33.545  3447  3447 I SurfaceFlinger: 
10-16 20:50:33.557  3957  4025 I WindowManager: Destroying surface Surface(name=com.sec.android.app.launcher/com.sec.android.app.launcher.activities.LauncherActivity) called by com.android.server.wm.WindowStateAnimator.destroySurface:2501 com.android.server.wm.WindowStateAnimator.destroySurfaceLocked:985 com.android.server.wm.WindowState.destroyOrSaveSurfaceUnchecked:3670 com.android.server.wm.WindowState.destroySurface:3618 com.android.server.wm.AppWindowToken.destroySurfaces:722 com.android.server.wm.AppWindowToken.destroySurfaces:706 com.android.server.wm.WindowState.onExitAnimationDone:5316 com.android.server.wm.AppWindowAnimator.stepAnimationLocked:508 
10-16 20:50:33.557  3447  3488 I SurfaceFlinger: id=2528 Removed com.sec.android.app.launcher/com.sec.android.app.launcher.activities.LauncherActivity#0 (1/6)
10-16 20:50:33.561  3447  5168 I SurfaceFlinger: id=2528 Removed com.sec.android.app.launcher/com.sec.android.app.launcher.activities.LauncherActivity#0 (-2/6)
10-16 20:50:33.562  4340  4893 D WallpaperService: dispatchAppVisibility onVisibilityChanged(): false
10-16 20:50:33.563  4340  4340 D ImageWallpaper: onVisibilityChanged: mVisible, visible=true, false
10-16 20:50:33.563  4340  4340 D ImageWallpaper: Visibility changed to visible=false
10-16 20:50:33.563  4340  4340 D WallpaperService: reportVisibility onVisibilityChanged visible: false
10-16 20:50:33.573  3447  3447 I Layer   : id=2528 onRemoved com.sec.android.app.launcher/com.sec.android.app.launcher.activities.LauncherActivity#0 
10-16 20:50:33.589  3957 12007 V WindowManager: finishDrawingLocked: mDrawState=COMMIT_DRAW_PENDING Window{daf999d u0 com.example.batterymanager_utility/com.example.batterymanager_utility.MainActivity} in Surface(name=com.example.batterymanager_utility/com.example.batterymanager_utility.MainActivity)
10-16 20:50:33.591  8176  8176 D ViewRootImpl@4470b6[MainActivity]: MSG_RESIZED_REPORT: frame=Rect(0, 0 - 720, 1280) ci=Rect(0, 42 - 0, 0) vi=Rect(0, 42 - 0, 0) or=1
10-16 20:50:33.591  8176  8176 D ViewRootImpl@4470b6[MainActivity]: MSG_WINDOW_FOCUS_CHANGED 1
10-16 20:50:33.598  8176  8176 V InputMethodManager: Starting input: tba=android.view.inputmethod.EditorInfo@83e742a nm : com.example.batterymanager_utility ic=null
10-16 20:50:33.598  8176  8176 I InputMethodManager: startInputInner - mService.startInputOrWindowGainedFocus
10-16 20:50:33.599  3957  4031 D InputMethodManagerService: startInputOrWindowGainedFocus : windowGainedFocus 
10-16 20:50:33.599  3957  4025 D ViewRootImpl@80568ae[batterymanager_utility]: dispatchDetachedFromWindow
10-16 20:50:33.599  3957  4025 D InputEventReceiver: channel '4c6c64f Splash Screen com.example.batterymanager_utility (client)' ~ Disposing input event receiver.
10-16 20:50:33.599  3957  4025 D InputEventReceiver: channel '4c6c64f Splash Screen com.example.batterymanager_utility (client)' ~NativeInputEventReceiver.
10-16 20:50:33.599  3957  4031 D InputMethodManagerService: windowGainedFocus: destinationUserId (getCallingUid) = 0
10-16 20:50:33.599  3957  4031 D InputMethodManagerService: windowGainedFocus: currentUserId=0
10-16 20:50:33.599  3957  4031 D InputMethodManagerService: windowGainedFocus: mCurrentFocusedUserId=0
10-16 20:50:33.599  3957  4031 D InputMethodManagerService: windowGainedFocus : lock - currentUserId = 0 destinationUserId = 0
10-16 20:50:33.599  3957  4031 D InputMethodManagerService: windowGainedFocus : mCurrentFocusedUserId - 0 and mSecureKeypadEnabled - false, userSwitched - false
10-16 20:50:33.600  3957  3981 I ActivityManager: Displayed com.example.batterymanager_utility/.MainActivity: +692ms
10-16 20:50:33.600  3957  3981 D CustomFrequencyManagerService: acquireDVFSLockLocked : type : DVFS_MIN_LIMIT  frequency : 1560000  uid : 1000  pid : 3957  pkgName : AMS_RESUME_TAIL@CPU_MIN@58
10-16 20:50:33.600  3957  3981 D ActivityManagerPerformance: AMP_acquire() TAIL
10-16 20:50:33.601  3957  3981 D CustomFrequencyManagerService: releaseDVFSLockLocked : Getting Lock type frm List : DVFS_MIN_LIMIT  frequency : 1560000  uid : 1000  pid : 3957  tag : AMS_APP_SWITCH@CPU_MIN@52
10-16 20:50:33.601  3957  3981 D ActivityManagerPerformance: AMP_release() APP_SWITCH
10-16 20:50:33.602  3957  4031 V InputMethodManagerService: windowGainedFocus : reason=WINDOW_FOCUS_GAIN client=android.os.BinderProxy@4af3047 inputContext=null missingMethods= attribute=android.view.inputmethod.EditorInfo@bf13299 nm = com.example.batterymanager_utility controlFlags=#105 softInputMode=#120 windowFlags=#81810100
10-16 20:50:33.602  3957  4031 V InputMethodManagerService: hideCurrentInputLocked : shouldHideSoftInput is false
10-16 20:50:33.603  3957  4031 D InputMethodManagerService: isImeSwitcherDisabledPackage : false
10-16 20:50:33.603  3957  4031 V InputMethodManagerService: Creating new session for client ClientState{e73595e uid 10170 pid 8176}
10-16 20:50:33.605  3957  4031 D InputMethodManagerService: setCurrentInputInfo - inputContext : null eidtorInfo : android.view.inputmethod.EditorInfo@bf13299 missingMethods : 0
10-16 20:50:33.606  2764  2764 I InputMethodWrapper:  call dispatchStartInputWithToken
10-16 20:50:33.606  2764  2764 I InputMethodService: dispatchStartInputWithToken
10-16 20:50:33.607  2764  2764 I SKBD    : SamsungKeypad [IMI] onStartInput - caller pid : 8176, caller uid : 10170
10-16 20:50:33.617  8176  8176 V InputMethodManager: Starting input: tba=android.view.inputmethod.EditorInfo@c78721b nm : com.example.batterymanager_utility ic=null
10-16 20:50:33.627   426   426 D StageManager: saved stages : inStack [1] , outStack[2]
10-16 20:50:33.644  3447  3447 I SurfaceFlinger: Display 0 HWC layers:
10-16 20:50:33.644  3447  3447 I SurfaceFlinger:     type    |    handle    | flag |  format   |   source crop (l,t,r,b)    |         frame       | name 
10-16 20:50:33.644  3447  3447 I SurfaceFlinger: ------------+--------------+------+-----------+----------------------------+---------------------+------
10-16 20:50:33.644  3447  3447 I SurfaceFlinger:      Device | 0x7e9ecdd9c0 | 0002 | RGBA_8888 |   0.0    0.0  720.0 1280.0 |    0    0  720 1280 | com.example.batterymanager_utility/c[...]atterymanager_utility.MainActivity#0
10-16 20:50:33.644  3447  3447 I SurfaceFlinger:      Device | 0x7e9ec22d40 | 0002 | RGBA_8888 |   0.0    0.0  720.0 1280.0 |    0    0  720 1280 | Splash Screen com.example.batterymanager_utility#0
10-16 20:50:33.644  3447  3447 I SurfaceFlinger:      Device | 0x7ea5024d80 | 0000 | RGBA_8888 |   0.0    0.0  720.0   42.0 |    0    0  720   42 | StatusBar#0
10-16 20:50:33.644  3447  3447 I SurfaceFlinger: 
10-16 20:50:33.776  3447  3447 I SurfaceFlinger: Display 0 HWC layers:
10-16 20:50:33.776  3447  3447 I SurfaceFlinger:     type    |    handle    | flag |  format   |   source crop (l,t,r,b)    |         frame       | name 
10-16 20:50:33.776  3447  3447 I SurfaceFlinger: ------------+--------------+------+-----------+----------------------------+---------------------+------
10-16 20:50:33.776  3447  3447 I SurfaceFlinger:      Device | 0x7e9ecdd9c0 | 0002 | RGBA_8888 |   0.0    0.0  720.0 1280.0 |    0    0  720 1280 | com.example.batterymanager_utility/c[...]atterymanager_utility.MainActivity#0
10-16 20:50:33.776  3447  3447 I SurfaceFlinger:      Device | 0x7ea5024d80 | 0000 | RGBA_8888 |   0.0    0.0  720.0   42.0 |    0    0  720   42 | StatusBar#0
10-16 20:50:33.776  3447  3447 I SurfaceFlinger: 
10-16 20:50:33.776  3957  4089 D MdnieScenarioControlService:  packageName : com.example.batterymanager_utility    className : com.example.batterymanager_utility.MainActivity
10-16 20:50:33.777  3957  4089 V MdnieScenarioControlService: setUIMode from UI function(3)
10-16 20:50:33.778  3957  4025 I WindowManager: Destroying surface Surface(name=Splash Screen com.example.batterymanager_utility) called by com.android.server.wm.WindowStateAnimator.destroySurface:2501 com.android.server.wm.WindowStateAnimator.destroySurfaceLocked:985 com.android.server.wm.WindowState.destroyOrSaveSurfaceUnchecked:3670 com.android.server.wm.WindowState.destroySurface:3618 com.android.server.wm.AppWindowToken.destroySurfaces:722 com.android.server.wm.AppWindowToken.destroySurfaces:706 com.android.server.wm.WindowState.onExitAnimationDone:5316 com.android.server.wm.WindowStateAnimator.stepAnimationLocked:550 
10-16 20:50:33.778  3447  5168 I SurfaceFlinger: id=2529 Removed Splash Screen com.example.batterymanager_utility#0 (3/5)
10-16 20:50:33.784  3447  3489 I SurfaceFlinger: id=2529 Removed Splash Screen com.example.batterymanager_utility#0 (-2/5)
10-16 20:50:33.790  3447  3447 I Layer   : id=2529 onRemoved Splash Screen com.example.batterymanager_utility#0 
10-16 20:50:33.809  3957  4129 D WifiStateMachine:  ConnectedState !RSSI_PKTCNT_FETCH uid=1000 rt=451636706/1144621187 0 0 "ourhome" f4:6d:2f:12:cc:88 rssi=-44 f=5240 sc=60 link=433 tx=0.2, 0.0, 0.0  rx=3.6 bcn=535249 [on:0 tx:0 rx:0 period:710] from screen [on:397065 period:1706417] score=60
10-16 20:50:33.811  3957  4129 D WifiStateMachine:  L2ConnectedState !RSSI_PKTCNT_FETCH uid=1000 rt=451636707/1144621188 0 0 "ourhome" f4:6d:2f:12:cc:88 rssi=-44 f=5240 sc=60 link=433 tx=0.2, 0.0, 0.0  rx=3.6 bcn=535249 [on:0 tx:0 rx:0 period:1] from screen [on:397065 period:1706418] score=60
10-16 20:50:33.816  3957  4129 D WifiStateMachine: fetchRssiLinkSpeedAndFrequencyNative rssi=-44 linkspeed=433 freq=5240
10-16 20:50:33.979  3957  4128 D WifiService: getConnectionInfo uid=1000
10-16 20:50:34.201  3957  3957 D CustomFrequencyManagerService: releaseDVFSLockLocked : Getting Lock type frm List : DVFS_MIN_LIMIT  frequency : 1560000  uid : 1000  pid : 3957  tag : AMS_RESUME_TAIL@CPU_MIN@58
10-16 20:50:34.608  3957  6478 D SSRM:k  : SIOP:: AP = 340, PST = 340 (W:14), BAT = 282, USB = 0, CHG = 0
10-16 20:50:34.813  3957  4129 D WifiStateMachine:  ConnectedState !RSSI_PKTCNT_FETCH uid=1000 rt=451637708/1144622189 0 0 "ourhome" f4:6d:2f:12:cc:88 rssi=-44 f=5240 sc=60 link=433 tx=0.2, 0.0, 0.0  rx=3.6 bcn=535249 [on:0 tx:0 rx:0 period:1002] from screen [on:397065 period:1707420] score=60
10-16 20:50:34.816  3957  4129 D WifiStateMachine:  L2ConnectedState !RSSI_PKTCNT_FETCH uid=1000 rt=451637711/1144622192 0 0 "ourhome" f4:6d:2f:12:cc:88 rssi=-44 f=5240 sc=60 link=433 tx=0.2, 0.0, 0.0  rx=3.6 bcn=535249 [on:0 tx:0 rx:0 period:3] from screen [on:397065 period:1707423] score=60
10-16 20:50:34.823  3957  4129 D WifiStateMachine: fetchRssiLinkSpeedAndFrequencyNative rssi=-43 linkspeed=433 freq=5240
10-16 20:50:34.925  3957  3957 D PreBindingService: handleMessage : 1
10-16 20:50:34.982  3957  4128 D WifiService: getConnectionInfo uid=1000
10-16 20:50:35.815  3957  4129 D WifiStateMachine:  ConnectedState !RSSI_PKTCNT_FETCH uid=1000 rt=451638710/1144623191 0 0 "ourhome" f4:6d:2f:12:cc:88 rssi=-43 f=5240 sc=60 link=433 tx=0.2, 0.0, 0.0  rx=3.6 bcn=535249 [on:0 tx:0 rx:0 period:1000] from screen [on:397065 period:1708423] score=60
10-16 20:50:35.818  3957  4129 D WifiStateMachine:  L2ConnectedState !RSSI_PKTCNT_FETCH uid=1000 rt=451638713/1144623194 0 0 "ourhome" f4:6d:2f:12:cc:88 rssi=-43 f=5240 sc=60 link=433 tx=0.2, 0.0, 0.0  rx=3.6 bcn=535249 [on:0 tx:0 rx:0 period:2] from screen [on:397065 period:1708425] score=60
10-16 20:50:35.825  3957  4129 D WifiStateMachine: fetchRssiLinkSpeedAndFrequencyNative rssi=-43 linkspeed=433 freq=5240
10-16 20:50:35.985  3957  4128 D WifiService: getConnectionInfo uid=1000
10-16 20:50:36.101  3957  4129 D WifiStateMachine:  ConnectedState !CMD_RSSI_POLL rt=451638997/1144623478 70 0 "ourhome" f4:6d:2f:12:cc:88 rssi=-43 f=5240 sc=60 link=433 tx=0.2, 0.0, 0.0  rx=3.6 bcn=535249 [on:0 tx:0 rx:0 period:284] from screen [on:397065 period:1708709] score=60
10-16 20:50:36.104  3957  4129 D WifiStateMachine:  L2ConnectedState !CMD_RSSI_POLL rt=451638999/1144623480 70 0 "ourhome" f4:6d:2f:12:cc:88 rssi=-43 f=5240 sc=60 link=433 tx=0.2, 0.0, 0.0  rx=3.6 bcn=535249 [on:0 tx:0 rx:0 period:3] from screen [on:397065 period:1708712] score=60
10-16 20:50:36.104  3957  4129 D WifiStateMachine:  get link layer stats 3
10-16 20:50:36.105  3436  3436 I android.hardware.wifi@1.0-service: getLinkLayerStats
10-16 20:50:36.125  3957  4129 D WifiStateMachine: fetchRssiLinkSpeedAndFrequencyNative rssi=-43 linkspeed=433 freq=5240
10-16 20:50:36.131  4340  4340 E SignalClusterView: setSlotFocusVisible : subId -2
10-16 20:50:36.131  4340  4340 E SignalClusterView: setSlotFocusVisible : subId -2
10-16 20:50:36.817  3957  4129 D WifiStateMachine:  ConnectedState !RSSI_PKTCNT_FETCH uid=1000 rt=451639712/1144624193 0 0 "ourhome" f4:6d:2f:12:cc:88 rssi=-43 f=5240 sc=60 link=433 tx=0.7, 0.0, 0.0  rx=2.0 bcn=535277 [on:0 tx:0 rx:0 period:688] from screen [on:397349 period:1709425] score=60
10-16 20:50:36.820  3957  4129 D WifiStateMachine:  L2ConnectedState !RSSI_PKTCNT_FETCH uid=1000 rt=451639715/1144624196 0 0 "ourhome" f4:6d:2f:12:cc:88 rssi=-43 f=5240 sc=60 link=433 tx=0.7, 0.0, 0.0  rx=2.0 bcn=535277 [on:0 tx:0 rx:0 period:2] from screen [on:397349 period:1709427] score=60
10-16 20:50:36.827  3957  4129 D WifiStateMachine: fetchRssiLinkSpeedAndFrequencyNative rssi=-44 linkspeed=433 freq=5240
10-16 20:50:36.899  3957  6478 D WifiService: getConnectionInfo uid=1000
10-16 20:50:36.988  3957  4128 D WifiService: getConnectionInfo uid=1000
10-16 20:50:37.563  2479  2548 D ScanRecord: Not a Multi Manu data
10-16 20:50:37.585  2479  2548 I chatty  : uid=1002(bluetooth) BT Service Call identical 129 lines
10-16 20:50:37.591  2479  2548 D ScanRecord: Not a Multi Manu data
10-16 20:50:37.591  2479  2548 D BtGatt.GattService: onScanResult to scannerId: 5- event_type=0x1b, address_type=1, address=6C:B, primary_phy=1, secondary_phy=0, advertising_sid=0xff, tx_power=127, rssi=-98, periodic_adv_int=0x0
10-16 20:50:37.592  2479  2548 D ScanRecord: Not a Multi Manu data
10-16 20:50:37.787  2479  2548 I chatty  : uid=1002(bluetooth) BT Service Call identical 451 lines
10-16 20:50:37.787  2479  2548 D ScanRecord: Not a Multi Manu data
10-16 20:50:37.789  3957  4030 D SensorService: [SO] 0.144 -0.062 9.979
10-16 20:50:37.796  2479  2548 D ScanRecord: Not a Multi Manu data
10-16 20:50:37.814  2479  2548 I chatty  : uid=1002(bluetooth) BT Service Call identical 63 lines
10-16 20:50:37.814  2479  2548 D ScanRecord: Not a Multi Manu data
10-16 20:50:37.817  3957  4129 D WifiStateMachine:  ConnectedState !RSSI_PKTCNT_FETCH uid=1000 rt=451640714/1144625194 0 0 "ourhome" f4:6d:2f:12:cc:88 rssi=-44 f=5240 sc=60 link=433 tx=0.7, 0.0, 0.0  rx=2.0 bcn=535277 [on:0 tx:0 rx:0 period:998] from screen [on:397349 period:1710425] score=60
10-16 20:50:37.819  3957  4129 D WifiStateMachine:  L2ConnectedState !RSSI_PKTCNT_FETCH uid=1000 rt=451640715/1144625196 0 0 "ourhome" f4:6d:2f:12:cc:88 rssi=-44 f=5240 sc=60 link=433 tx=0.7, 0.0, 0.0  rx=2.0 bcn=535277 [on:0 tx:0 rx:0 period:1] from screen [on:397349 period:1710426] score=60
10-16 20:50:37.821  3957  4129 D WifiStateMachine: fetchRssiLinkSpeedAndFrequencyNative rssi=-45 linkspeed=433 freq=5240
10-16 20:50:37.827  2479  2548 D ScanRecord: Not a Multi Manu data
10-16 20:50:37.931  2479  2548 I chatty  : uid=1002(bluetooth) BT Service Call identical 245 lines
10-16 20:50:37.931  2479  2548 D ScanRecord: Not a Multi Manu data
10-16 20:50:37.931   887   887 E adbd    : recv: OPEN 000001b1 00000000 003f:73 68 65 6C 6C 2C 76 32 2C 54 45 52 4D 3D 78 74 65 72 6D 2D 32 35 36 63 6F 6C 6F 72 2C 72 61 77 3A 6D 6F 6E 6B 65 79 20 2D 70 20 6F 72 67 2E 6D 6F 7A 69 6C 6C 61 2E 66 65 6E 69 78 20 31 00 
10-16 20:50:37.931   887   887 E adbd    : service_to_fd: shell,v2,TERM=xterm-256color,raw:monkey -p org.mozilla.fenix 1
10-16 20:50:37.932  2479  2548 D ScanRecord: Not a Multi Manu data
10-16 20:50:37.987  2479  2548 I chatty  : uid=1002(bluetooth) BT Service Call identical 154 lines
10-16 20:50:37.987  2479  2548 D ScanRecord: Not a Multi Manu data
10-16 20:50:37.990  3957  4128 D WifiService: getConnectionInfo uid=1000
10-16 20:50:37.997  2479  2548 D ScanRecord: Not a Multi Manu data
10-16 20:50:38.046  2479  2548 I chatty  : uid=1002(bluetooth) BT Service Call identical 232 lines
10-16 20:50:38.046  2479  2548 D ScanRecord: Not a Multi Manu data
10-16 20:50:38.112  4961  4961 D io_stats: !@ 179,0 r 7161665 228881056 w 1512838 31632128 d 122094 32930296 f 352352 371351 iot 3125860 2737925 th 51200 0 0 pt 0 inp 1 0 451641.009
10-16 20:50:38.524  3957 12007 D BatteryService: !@BatteryListener : batteryPropertiesChanged!
10-16 20:50:38.615  8209  8209 W ADebug  : Failed to get property persist.sys.media.traces
10-16 20:50:38.639  8209  8209 E appproc : Enhanced Zygote ASLR: ro.knox.enhance.zygote.aslr != 1. Enhanced Zygote ASLR is DISABLED!
10-16 20:50:38.639  8209  8209 D AndroidRuntime: >>>>>> START com.android.internal.os.RuntimeInit uid 2000 <<<<<<
10-16 20:50:38.660  8209  8209 D SecNativeFeatureCppIf: encoded
10-16 20:50:38.660  8209  8209 D SecNativeFeatureCppIf: decoding and unzip finish
10-16 20:50:38.660  8209  8209 D SecNativeFeatureCppIf: use unCompDataBuff. encoded
10-16 20:50:38.661  8209  8209 D SecNativeFeatureCppIf: Free unCompDataBuff
10-16 20:50:38.662  8209  8209 D SecNativeFeatureCppIf: encoded
10-16 20:50:38.662  8209  8209 D SecNativeFeatureCppIf: decoding and unzip finish
10-16 20:50:38.662  8209  8209 D SecNativeFeatureCppIf: use unCompDataBuff. encoded
10-16 20:50:38.662  8209  8209 D SecNativeFeatureCppIf: Free unCompDataBuff
10-16 20:50:38.662  8209  8209 D SecNativeFeatureCppIf: encoded
10-16 20:50:38.662  8209  8209 D SecNativeFeatureCppIf: decoding and unzip finish
10-16 20:50:38.662  8209  8209 D SecNativeFeatureCppIf: use unCompDataBuff. encoded
10-16 20:50:38.663  8209  8209 D SecNativeFeatureCppIf: Free unCompDataBuff
10-16 20:50:38.663  8209  8209 D SecNativeFeatureCppIf: encoded
10-16 20:50:38.663  8209  8209 D SecNativeFeatureCppIf: decoding and unzip finish
10-16 20:50:38.663  8209  8209 D SecNativeFeatureCppIf: use unCompDataBuff. encoded
10-16 20:50:38.663  8209  8209 D SecNativeFeatureCppIf: Free unCompDataBuff
10-16 20:50:38.707  8176  8212 D ProfileInstaller: Installing profile for com.example.batterymanager_utility
10-16 20:50:38.718  8176  8181 I zygote64: Do partial code cache collection, code=30KB, data=25KB
10-16 20:50:38.719  8176  8181 I zygote64: After code cache collection, code=30KB, data=25KB
10-16 20:50:38.719  8176  8181 I zygote64: Increasing code cache capacity to 128KB
10-16 20:50:38.820  3957  4129 D WifiStateMachine:  ConnectedState !RSSI_PKTCNT_FETCH uid=1000 rt=451641715/1144626196 0 0 "ourhome" f4:6d:2f:12:cc:88 rssi=-45 f=5240 sc=60 link=433 tx=0.7, 0.0, 0.0  rx=2.0 bcn=535277 [on:0 tx:0 rx:0 period:1001] from screen [on:397349 period:1711427] score=60
10-16 20:50:38.822  3957  4129 D WifiStateMachine:  L2ConnectedState !RSSI_PKTCNT_FETCH uid=1000 rt=451641718/1144626198 0 0 "ourhome" f4:6d:2f:12:cc:88 rssi=-45 f=5240 sc=60 link=433 tx=0.7, 0.0, 0.0  rx=2.0 bcn=535277 [on:0 tx:0 rx:0 period:3] from screen [on:397349 period:1711430] score=60
10-16 20:50:38.829  3957  4129 D WifiStateMachine: fetchRssiLinkSpeedAndFrequencyNative rssi=-44 linkspeed=433 freq=5240
10-16 20:50:38.936  8209  8209 D ICU     : Timezone override file found: /data/misc/zoneinfo/current/icu/icu_tzdata.dat
10-16 20:50:38.993  3957  4128 D WifiService: getConnectionInfo uid=1000
10-16 20:50:38.996  8209  8209 I app_process: find the special shared library, skip check
10-16 20:50:39.076  8209  8209 D SemCscFeature: Encoded
10-16 20:50:39.082  8209  8209 I chatty  : uid=2000(shell) identical 2 lines
10-16 20:50:39.083  8209  8209 D SemCscFeature: Encoded
10-16 20:50:39.085  8209  8209 E SemAffinityControl: SemAffinityControl: registerfunction enter
10-16 20:50:39.117  8209  8209 D AndroidRuntime: Calling main entry com.android.commands.monkey.Monkey
10-16 20:50:39.129  3957  4129 D WifiStateMachine:  ConnectedState !CMD_RSSI_POLL rt=451642024/1144626504 70 0 "ourhome" f4:6d:2f:12:cc:88 rssi=-44 f=5240 sc=60 link=433 tx=0.7, 0.0, 0.0  rx=2.0 bcn=535277 [on:0 tx:0 rx:0 period:306] from screen [on:397349 period:1711736] score=60
10-16 20:50:39.132  3957  4129 D WifiStateMachine:  L2ConnectedState !CMD_RSSI_POLL rt=451642027/1144626507 70 0 "ourhome" f4:6d:2f:12:cc:88 rssi=-44 f=5240 sc=60 link=433 tx=0.7, 0.0, 0.0  rx=2.0 bcn=535277 [on:0 tx:0 rx:0 period:3] from screen [on:397349 period:1711739] score=60
10-16 20:50:39.132  3957  4129 D WifiStateMachine:  get link layer stats 3
10-16 20:50:39.133  3436  3436 I android.hardware.wifi@1.0-service: getLinkLayerStats
10-16 20:50:39.143  3957  4129 D WifiStateMachine: fetchRssiLinkSpeedAndFrequencyNative rssi=-43 linkspeed=433 freq=5240
10-16 20:50:39.149  4340  4340 E SignalClusterView: setSlotFocusVisible : subId -2
10-16 20:50:39.150  4340  4340 E SignalClusterView: setSlotFocusVisible : subId -2
10-16 20:50:39.229  3957  3972 W BroadcastQueue: Skipping deliver [background] BroadcastRecord{197ad6a u-1 android.net.conn.CONNECTIVITY_CHANGE} to ReceiverList{e67525b 8209 (unknown name)/2000/u-1 remote:e6a4a0c}: process gone or crashing
10-16 20:50:39.286  3957 12007 I ActivityManager: START u0 {act=android.intent.action.MAIN typ=null flg=0x10200000 cmp=ComponentInfo{org.mozilla.fenix/org.mozilla.fenix.App}} from uid 2000
10-16 20:50:39.287  3957 12007 W Binder  : Outgoing transactions from this process must be FLAG_ONEWAY
10-16 20:50:39.287  3957 12007 W Binder  : java.lang.Throwable
10-16 20:50:39.287  3957 12007 W Binder  : 	at android.os.BinderProxy.transact(Binder.java:744)
10-16 20:50:39.287  3957 12007 W Binder  : 	at android.app.IActivityController$Stub$Proxy.activityStarting(IActivityController.java:172)
10-16 20:50:39.287  3957 12007 W Binder  : 	at com.android.server.am.ActivityStarter.startActivity(ActivityStarter.java:648)
10-16 20:50:39.287  3957 12007 W Binder  : 	at com.android.server.am.ActivityStarter.startActivityLocked(ActivityStarter.java:410)
10-16 20:50:39.287  3957 12007 W Binder  : 	at com.android.server.am.ActivityStarter.startActivityMayWait(ActivityStarter.java:1283)
10-16 20:50:39.287  3957 12007 W Binder  : 	at com.android.server.am.ActivityManagerService.startActivityAsUser(ActivityManagerService.java:6033)
10-16 20:50:39.287  3957 12007 W Binder  : 	at com.android.server.am.ActivityManagerService.startActivity(ActivityManagerService.java:5885)
10-16 20:50:39.287  3957 12007 W Binder  : 	at android.app.IActivityManager$Stub.onTransact(IActivityManager.java:121)
10-16 20:50:39.287  3957 12007 W Binder  : 	at com.android.server.am.ActivityManagerService.onTransact(ActivityManagerService.java:3861)
10-16 20:50:39.287  3957 12007 W Binder  : 	at android.os.Binder.execTransact(Binder.java:682)
10-16 20:50:39.289  3957 12007 D CustomFrequencyManagerService: acquireDVFSLockLocked : type : DVFS_MIN_LIMIT  frequency : 1560000  uid : 1000  pid : 3957  pkgName : AMS_APP_SWITCH@CPU_MIN@52
10-16 20:50:39.291  3957 12007 D ActivityManagerPerformance: AMP_acquire() APP_SWITCH
10-16 20:50:39.291  3957  5022 D ActivityManagerPerformance: Received MSG_CFMS_HINT_AMS_SWITCH pkgName: org.mozilla.fenix
10-16 20:50:39.293  3957  6478 D WifiService: getConnectionInfo uid=1000
10-16 20:50:39.298  3957 12007 D ActivityManager: isScaleDownAnimationEnabled() : false
10-16 20:50:39.299  3957  4031 V WindowManager: rotationForOrientationLw(orient=-1, last=0); user=0  sensorRotation=-1 mLidState=-1 mDockMode=0 mHdmiPlugged=false
10-16 20:50:39.300  3957 12007 D StorageManagerService: getExternalStorageMountMode : 1
10-16 20:50:39.300  3957 12007 D StorageManagerService: getExternalStorageMountMode : 3
10-16 20:50:39.300  3957  4031 V WindowManager: rotationForOrientationLw(orient=-1, last=0); user=0  sensorRotation=-1 mLidState=-1 mDockMode=0 mHdmiPlugged=false
10-16 20:50:39.300  3957 12007 D StorageManagerService: getExternalStorageMountMode : final mountMode=1, uid : 10169, packageName : org.mozilla.fenix
10-16 20:50:39.301  3957 12007 I ApplicationPolicy: isApplicationExternalStorageWhitelisted:org.mozilla.fenix user:0
10-16 20:50:39.301  3957 12007 D ApplicationPolicy: isApplicationExternalStorageWhitelisted: DO is not enabled on user 0. Allowed.
10-16 20:50:39.301  3957 12007 D ActivityManager: package  org.mozilla.fenix, user - 0 is SDcard whitelisted
10-16 20:50:39.301  3957 12007 I ApplicationPolicy: isApplicationExternalStorageBlacklisted:org.mozilla.fenix user:0
10-16 20:50:39.301  3957 12007 D ApplicationPolicy: isApplicationExternalStorageBlacklisted: DO is not enabled on user 0. Allowed.
10-16 20:50:39.311  8221  8221 E Zygote  : isWhitelistProcess - Process is Whitelisted
10-16 20:50:39.311  8221  8221 E libpersona: scanKnoxPersonas
10-16 20:50:39.311  8221  8221 E libpersona: Couldn't open the File - /data/system/users/0/personalist.xml - No such file or directory
10-16 20:50:39.311  3957 12007 I ActivityManager: Start proc 8221:org.mozilla.fenix/u0a169 for activity org.mozilla.fenix/.App
10-16 20:50:39.313  8221  8221 W SELinux : SELinux selinux_android_compute_policy_index : Policy Index[2],  Con:u:r:zygote:s0 RAM:SEPF_SM-J720F_8.0.0_0002, [-1 -1 -1 -1 0 1]
10-16 20:50:39.314  8221  8221 I SELinux : SELinux: seapp_context_lookup: seinfo=untrusted, level=s0:c512,c768, pkgname=org.mozilla.fenix 
10-16 20:50:39.318  3957  3973 V WindowManager: rotationForOrientationLw(orient=-1, last=0); user=0  sensorRotation=-1 mLidState=-1 mDockMode=0 mHdmiPlugged=false
10-16 20:50:39.320  8209  8209 I com.android.commands.monkey: System.exit called, status: 0
10-16 20:50:39.320  8209  8209 I AndroidRuntime: VM exiting with result code 0.
10-16 20:50:39.321  3957  3973 V WindowManager: rotationForOrientationLw(orient=-1, last=0); user=0  sensorRotation=-1 mLidState=-1 mDockMode=0 mHdmiPlugged=false
10-16 20:50:39.327  4340  4731 D Tile.RotationLockTile:  handleUpdateState: true orientation = true
10-16 20:50:39.332  4340  4731 D Tile.RotationLockTile:  handleUpdateState: true orientation = true
10-16 20:50:39.335  8221  8221 D TimaKeyStoreProvider: TimaKeyStore is not enabled: cannot add TimaSignature Service and generateKeyPair Service
10-16 20:50:39.335  8221  8221 D ActivityThread: Added TimaKeyStore provider
10-16 20:50:39.337  3957 14957 I ActivityManager: DSS on for org.mozilla.fenix and scale is 1.0
10-16 20:50:39.346  3957 14957 D PersonaManagerService: Current focused persona service handled id set to : 0
10-16 20:50:39.346  3957 14957 D InputDispatcher: Focused application set to: xxxx
10-16 20:50:39.347  3957 14957 D InputDispatcher: Focus left window: 8176
10-16 20:50:39.348  8176  8176 D ViewRootImpl@4470b6[MainActivity]: MSG_WINDOW_FOCUS_CHANGED 0
10-16 20:50:39.349  3957  4220 D GameManagerService: handleForegroundChange(). pkgName: org.mozilla.fenix, clsName: org.mozilla.fenix.HomeActivity,FgActivityName:org.mozilla.fenix/.HomeActivity
10-16 20:50:39.349  3957 14957 D MARsPolicyManager: onPackageResumedFG pkgName = org.mozilla.fenix, userId = 0
10-16 20:50:39.349  3957  4220 D GameManagerService: sem_perfomance_mode: 3
10-16 20:50:39.349  3957  4220 D GameManagerService: notifyResumePause(). pkg: org.mozilla.fenix, type: 4, isMinimized: false, isTunableApp: false
10-16 20:50:39.349  3957  4220 D GameManagerService:   notifyResumePause(). unexpected mPrevNotiType: -1
10-16 20:50:39.352  3957  6478 D GamePkgDataHelper: getGamePkgDataIncServer(). org.mozilla.fenix
10-16 20:50:39.353  3957  6478 D GameManagerService: identifyGamePackage. org.mozilla.fenix
10-16 20:50:39.353  3957  6478 D GamePkgDataHelper: getGamePkgData(). org.mozilla.fenix
10-16 20:50:39.353  3957  6478 D GameManagerService: identifyGamePackage. org.mozilla.fenix
10-16 20:50:39.354  3957  6478 D GamePkgDataHelper: getGamePkgData(). org.mozilla.fenix
10-16 20:50:39.354  3957  6478 D GamePkgDataHelper: getSosPolicy(). org.mozilla.fenix
10-16 20:50:39.356  3957  6478 D GameManagerService: identifyGamePackage. org.mozilla.fenix
10-16 20:50:39.356  3957  6478 D GamePkgDataHelper: getGamePkgData(). org.mozilla.fenix
10-16 20:50:39.357  3957  6478 D GameManagerService: identifyGamePackage. org.mozilla.fenix
10-16 20:50:39.357  3957  6478 D GamePkgDataHelper: getGamePkgData(). org.mozilla.fenix
10-16 20:50:39.366  8221  8221 I zygote64: no shared libraies, dex_files: 1
10-16 20:50:39.378  3957  4025 D ViewRootImpl@b656f89[fenix]: setView = DecorView@c413faf[fenix] TM=true MM=false
10-16 20:50:39.379  3957  4025 D ViewRootImpl@b656f89[fenix]: dispatchAttachedToWindow
