--------- beginning of main
10-16 20:57:31.357   887   887 E adbd    : recv: OPEN 00000221 00000000 0042:73 68 65 6C 6C 2C 76 32 2C 54 45 52 4D 3D 78 74 65 72 6D 2D 32 35 36 63 6F 6C 6F 72 2C 72 61 77 3A 67 65 74 70 72 6F 70 20 72 6F 2E 62 75 69 6C 64 2E 76 65 72 73 69 6F 6E 2E 72 65 6C 65 61 73 65 00 
10-16 20:57:31.357   887   887 E adbd    : service_to_fd: shell,v2,TERM=xterm-256color,raw:getprop ro.build.version.release
10-16 20:57:31.374  3957  4129 D WifiStateMachine:  ConnectedState !RSSI_PKTCNT_FETCH uid=1000 rt=452054271/1145038751 0 0 "ourhome" f4:6d:2f:12:cc:88 rssi=-45 f=5240 sc=60 link=433 tx=0.1, 0.0, 0.0  rx=4.1 bcn=539027 [on:0 tx:0 rx:0 period:997] from screen [on:460712 period:2123982] score=60
10-16 20:57:31.376  3957  4129 D WifiStateMachine:  L2ConnectedState !RSSI_PKTCNT_FETCH uid=1000 rt=452054272/1145038753 0 0 "ourhome" f4:6d:2f:12:cc:88 rssi=-45 f=5240 sc=60 link=433 tx=0.1, 0.0, 0.0  rx=4.1 bcn=539027 [on:0 tx:0 rx:0 period:2] from screen [on:460712 period:2123984] score=60
10-16 20:57:31.382  3957  4129 D WifiStateMachine: fetchRssiLinkSpeedAndFrequencyNative rssi=-45 linkspeed=433 freq=5240
10-16 20:57:31.407   887   887 E adbd    : recv: OPEN 00000225 00000000 003e:73 68 65 6C 6C 2C 76 32 2C 54 45 52 4D 3D 78 74 65 72 6D 2D 32 35 36 63 6F 6C 6F 72 2C 72 61 77 3A 67 65 74 70 72 6F 70 20 72 6F 2E 62 75 69 6C 64 2E 76 65 72 73 69 6F 6E 2E 73 64 6B 00 
10-16 20:57:31.407   887   887 E adbd    : service_to_fd: shell,v2,TERM=xterm-256color,raw:getprop ro.build.version.sdk
10-16 20:57:31.464   887   887 E adbd    : recv: OPEN 00000229 00000000 00c4:73 68 65 6C 6C 2C 76 32 2C 54 45 52 4D 3D 78 74 65 72 6D 2D 32 35 36 63 6F 6C 6F 72 2C 72 61 77 3A 61 6D 20 73 74 61 72 74 20 2D 6E 20 22 63 6F 6D 2E 65 78 61 6D 70 6C 65 2E 62 61 74 74 65 72 79 6D 61 6E 61 67 65 72 5F 75 74 69 6C 69 74 79 2F 63 6F 6D 2E 65 78 61 6D 70 6C 65 2E 62 61 74 74 65 72 79 6D 61 6E 61 67 65 72 5F 75 74 69 6C 69 74 79 2E 4D 61 69 6E 41 63 74 69 76 69 74 79 22 20 2D 61 20 61 6E 64 72 6F 69 64 2E 69 6E 74 65 6E 74 2E 61 63 74 69 6F 6E 2E 4D 41 49 4E 20 2D 63 20 61 6E 64 72 6F 69 64 2E 69 6E 74 65 6E 74 2E 63 61 74 65 67 6F 72 79 2E 4C 41 55 4E 43 48 45 52 00 
10-16 20:57:31.464   887   887 E adbd    : service_to_fd: shell,v2,TERM=xterm-256color,raw:am start -n "com.example.batterymanager_utility/com.example.batterymanager_utility.MainActivity" -a android.intent.action.MAIN -c android.intent.category.LAUNCHER
--------- beginning of system
10-16 20:57:31.554  3957  8661 I ActivityManager: START u0 {act=android.intent.action.MAIN typ=null flg=0x10000000 cmp=ComponentInfo{com.example.batterymanager_utility/com.example.batterymanager_utility.MainActivity}} from uid 2000
10-16 20:57:31.556  3957  8661 D CustomFrequencyManagerService: acquireDVFSLockLocked : type : DVFS_MIN_LIMIT  frequency : 1560000  uid : 1000  pid : 3957  pkgName : AMS_APP_SWITCH@CPU_MIN@52
10-16 20:57:31.559  3957  8661 D ActivityManagerPerformance: AMP_acquire() APP_SWITCH
10-16 20:57:31.559  3957  5022 D ActivityManagerPerformance: Received MSG_CFMS_HINT_AMS_SWITCH pkgName: com.example.batterymanager_utility
10-16 20:57:31.560  3957  6478 D WifiService: getConnectionInfo uid=1000
10-16 20:57:31.563   426   426 V Launcher: Launcher.onPause()
10-16 20:57:31.564   426   426 D Launcher: setHotWordDetection : call requestHotWordDetection false
10-16 20:57:31.566  3957  3957 D MdnieScenarioControlService: Listener Real Multi Window State : false
10-16 20:57:31.570  3957 14957 D ActivityManager: isScaleDownAnimationEnabled() : false
10-16 20:57:31.570  4146  4146 I GsaVoiceInteractionSrv: Handling ACTION_STOP_HOTWORD
10-16 20:57:31.571  3957 14957 D StorageManagerService: getExternalStorageMountMode : 1
10-16 20:57:31.571  3957 14957 D StorageManagerService: getExternalStorageMountMode : 3
10-16 20:57:31.571  3957 14957 D StorageManagerService: getExternalStorageMountMode : final mountMode=1, uid : 10170, packageName : com.example.batterymanager_utility
10-16 20:57:31.572  3957 14957 I ApplicationPolicy: isApplicationExternalStorageWhitelisted:com.example.batterymanager_utility user:0
10-16 20:57:31.572  3957 14957 D ApplicationPolicy: isApplicationExternalStorageWhitelisted: DO is not enabled on user 0. Allowed.
10-16 20:57:31.572  3957 14957 D ActivityManager: package  com.example.batterymanager_utility, user - 0 is SDcard whitelisted
10-16 20:57:31.572  3957 14957 I ApplicationPolicy: isApplicationExternalStorageBlacklisted:com.example.batterymanager_utility user:0
10-16 20:57:31.572  3957 14957 D ApplicationPolicy: isApplicationExternalStorageBlacklisted: DO is not enabled on user 0. Allowed.
10-16 20:57:31.572  3957  4025 D ViewRootImpl@7c7b49e[batterymanager_utility]: setView = DecorView@f68374c[batterymanager_utility] TM=true MM=false
10-16 20:57:31.572  4146  4216 I HwDetectorWithState: (REDACTED) a: %d
10-16 20:57:31.582  3957 14957 I ActivityManager: Start proc 8998:com.example.batterymanager_utility/u0a170 for activity com.example.batterymanager_utility/.MainActivity
10-16 20:57:31.582  8998  8998 E Zygote  : isWhitelistProcess - Process is Whitelisted
10-16 20:57:31.583  8998  8998 E libpersona: scanKnoxPersonas
10-16 20:57:31.583  8998  8998 E libpersona: Couldn't open the File - /data/system/users/0/personalist.xml - No such file or directory
10-16 20:57:31.584  3957  4025 D ViewRootImpl@7c7b49e[batterymanager_utility]: dispatchAttachedToWindow
10-16 20:57:31.585  8998  8998 W SELinux : SELinux selinux_android_compute_policy_index : Policy Index[2],  Con:u:r:zygote:s0 RAM:SEPF_SM-J720F_8.0.0_0002, [-1 -1 -1 -1 0 1]
10-16 20:57:31.585  8998  8998 I SELinux : SELinux: seapp_context_lookup: seinfo=untrusted, level=s0:c512,c768, pkgname=com.example.batterymanager_utility 
10-16 20:57:31.587  3957  4025 V WindowManager: Relayout Window{9443b7f u0 Splash Screen com.example.batterymanager_utility}: viewVisibility=0 req=719x1237 WM.LayoutParams{(0,0)(fillxfill) sim=#20 ty=3 fl=#81830118 pfl=0x20011 wanim=0x10302fd vsysui=0x600 needsMenuKey=2 colorMode=0 naviIconColor=0}
10-16 20:57:31.589  8998  8998 I zygote64: Late-enabling -Xcheck:jni
10-16 20:57:31.590  4340  4340 D WallpaperService: updateSurface forceRelayout=true redrawNeeded=false myWidth=1280 myHeight=1280 fixedSize=true x = 0 y = 0 mWidth=1280 mHeight=1280 mIsSleepMode=false
10-16 20:57:31.591  3447  3447 I SurfaceFlinger: id=2538 createSurf (720x1280),1 flag=404, Splash Screen com.example.batterymanager_utility#0
10-16 20:57:31.592  3957  4025 V Surface : sf_framedrop debug : 0x4f4c, game : false, logging : 0
10-16 20:57:31.593  3957  4025 V WindowManager: rotationForOrientationLw(orient=-1, last=0); user=0  sensorRotation=-1 mLidState=-1 mDockMode=0 mHdmiPlugged=false
10-16 20:57:31.595  3957  4025 D InputDispatcher: Focus left window: 426
10-16 20:57:31.596  3957  4025 D ViewRootImpl@7c7b49e[batterymanager_utility]: Relayout returned: old=[0,0][0,0] new=[0,0][720,1280] result=0x7 surface={valid=true 501342113792} changed=true
10-16 20:57:31.597  3957  4025 D ViewRootImpl@7c7b49e[batterymanager_utility]: MSG_RESIZED_REPORT: frame=Rect(0, 0 - 720, 1280) ci=Rect(0, 42 - 0, 0) vi=Rect(0, 42 - 0, 0) or=1
10-16 20:57:31.597  3957 14957 V WindowManager: Relayout Window{b8b4ba7 u0 com.android.systemui.ImageWallpaper}: viewVisibility=0 req=1280x1280 WM.LayoutParams{(0,0)(1280x1280) gr=#800033 ty=2013 fl=#10318 fmt=2 wanim=0x103030e colorMode=0 naviIconColor=0}
10-16 20:57:31.601  4340  4340 D ImageWallpaper: onOffsetsChanged: xOffset=0.0, yOffset=0.0, xOffsetStep=0.0, yOffsetStep=0.0, xPixels=0, yPixels=0
10-16 20:57:31.601   426   426 D ViewRootImpl@64d68ee[LauncherActivity]: MSG_WINDOW_FOCUS_CHANGED 0
10-16 20:57:31.601  4340  4340 D ImageWallpaper: newRotation : 0,mLastRotation : 0
10-16 20:57:31.601  4340  4340 D ImageWallpaper: drawFrame:[frame.width()]1280[frame.height()]1280
10-16 20:57:31.601  4340  4340 D ImageWallpaper: surfaceDimensionsChanged=false mDisplayWidth=720 mDisplayHeight=1280
10-16 20:57:31.601  4340  4340 D ImageWallpaper: redrawNeeded = false, mOffsetsChanged = false
10-16 20:57:31.601  4340  4340 D ImageWallpaper: Suppressed drawFrame since redraw is not needed and offsets have not changed.
10-16 20:57:31.609  3957  4025 V WindowManager: finishDrawingLocked: mDrawState=COMMIT_DRAW_PENDING Window{9443b7f u0 Splash Screen com.example.batterymanager_utility} in Surface(name=Splash Screen com.example.batterymanager_utility)
10-16 20:57:31.628  8998  8998 D TimaKeyStoreProvider: TimaKeyStore is not enabled: cannot add TimaSignature Service and generateKeyPair Service
10-16 20:57:31.628  8998  8998 D ActivityThread: Added TimaKeyStore provider
10-16 20:57:31.631  3957 14957 I ActivityManager: DSS on for com.example.batterymanager_utility and scale is 1.0
10-16 20:57:31.640  3957 14957 D PersonaManagerService: Current focused persona service handled id set to : 0
10-16 20:57:31.640  3957 14957 D InputDispatcher: Focused application set to: xxxx
10-16 20:57:31.641  3957  4220 D GameManagerService: handleForegroundChange(). pkgName: com.example.batterymanager_utility, clsName: com.example.batterymanager_utility.MainActivity,FgActivityName:com.example.batterymanager_utility/.MainActivity
10-16 20:57:31.641  3957 14957 D MARsPolicyManager: onPackageResumedFG pkgName = com.example.batterymanager_utility, userId = 0
10-16 20:57:31.641  3957  4220 D GameManagerService: sem_perfomance_mode: 3
10-16 20:57:31.641  3957  4220 D GameManagerService: notifyResumePause(). pkg: com.example.batterymanager_utility, type: 4, isMinimized: false, isTunableApp: false
10-16 20:57:31.641  3957  4220 D GameManagerService:   notifyResumePause(). unexpected mPrevNotiType: -1
10-16 20:57:31.643  3957 14957 D SamsungAnimationCreator: createAnimation type:LowEnd transit:12 enter:false wallpaperXoffset:-280 split:false fixedOri:false
10-16 20:57:31.643  3957 14957 D SamsungAnimationCreator: createAnimation displayFrame:Rect(0, 0 - 720, 1280) frame:null insets:null
10-16 20:57:31.648  3957  6478 D GamePkgDataHelper: getGamePkgDataIncServer(). com.example.batterymanager_utility
10-16 20:57:31.649  3957  6478 D GameManagerService: identifyGamePackage. com.example.batterymanager_utility
10-16 20:57:31.649  3957  6478 D GamePkgDataHelper: getGamePkgData(). com.example.batterymanager_utility
10-16 20:57:31.649  3957  6478 D GameManagerService: identifyGamePackage. com.example.batterymanager_utility
10-16 20:57:31.650  3957  6478 D GamePkgDataHelper: getGamePkgData(). com.example.batterymanager_utility
10-16 20:57:31.650  3957  6478 D GamePkgDataHelper: getSosPolicy(). com.example.batterymanager_utility
10-16 20:57:31.651   426   426 I Launcher: onWindowVisibilityChanged : false
10-16 20:57:31.651  3957  6478 D GameManagerService: identifyGamePackage. com.example.batterymanager_utility
10-16 20:57:31.651  3957  6478 D GamePkgDataHelper: getGamePkgData(). com.example.batterymanager_utility
10-16 20:57:31.652  3957  3973 D WindowManager: set systemUiVisibility : systemUiFlags= 0x608 fullscreenStackSysUiFlags= 0x0
10-16 20:57:31.653  3957 14957 D WindowManager: adjustSystemUiVisibilityLw : vis= 0x608
10-16 20:57:31.654  3957  6478 D GameManagerService: identifyGamePackage. com.example.batterymanager_utility
10-16 20:57:31.654  3957  6478 D GamePkgDataHelper: getGamePkgData(). com.example.batterymanager_utility
10-16 20:57:31.656   426   484 D OpenGLRenderer: eglDestroySurface = 0x7495ee1140
10-16 20:57:31.657  3957 14957 V WindowManager: Relayout Window{f4e98e0 u0 com.sec.android.app.launcher/com.sec.android.app.launcher.activities.LauncherActivity}: viewVisibility=8 req=720x1280 WM.LayoutParams{(0,0)(fillxfill) sim=#130 ty=1 fl=#81910d00 pfl=0x20000 fmt=-2 wanim=0x10302ea vsysui=0x700 needsMenuKey=2 colorMode=0 naviIconColor=0}
10-16 20:57:31.660   426   426 D ViewRootImpl@64d68ee[LauncherActivity]: Relayout returned: old=[0,0][720,1280] new=[0,0][720,1280] result=0x5 surface={valid=false 0} changed=true
10-16 20:57:31.666  8998  8998 I zygote64: no shared libraies, dex_files: 1
10-16 20:57:31.690  4340 31792 D SystemServicesProxy: updateOverviewLastStackActiveTimeAsync: newTime=1697482239348
10-16 20:57:31.690  3957 14957 D SecContentProvider: query(), uri = 17 selection = isSettingsChangesAllowed
10-16 20:57:31.691  3957 14957 D SecContentProvider: called from android.uid.systemui:10009
10-16 20:57:31.692  4340  4692 D SystemServicesProxy: updateOverviewLastStackActiveTimeAsync: done.
10-16 20:57:31.702  8998  8998 I BatteryMgr:App: creating notification channel
10-16 20:57:31.736  3447  3447 I SurfaceFlinger: Display 0 HWC layers:
10-16 20:57:31.736  3447  3447 I SurfaceFlinger:     type    |    handle    | flag |  format   |   source crop (l,t,r,b)    |         frame       | name 
10-16 20:57:31.736  3447  3447 I SurfaceFlinger: ------------+--------------+------+-----------+----------------------------+---------------------+------
10-16 20:57:31.736  3447  3447 I SurfaceFlinger:      Device | 0x7e9ec22c80 | 0002 | RGBx_8888 | 280.0    0.0 1000.0 1280.0 |    0    0  720 1280 | com.android.systemui.ImageWallpaper#0
10-16 20:57:31.736  3447  3447 I SurfaceFlinger:      Device | 0x7ea5024240 | 0000 | RGBA_8888 |  21.0   37.0  700.0 1244.0 |    0    0  720 1280 | com.sec.android.app.launcher/com.sec[...]uncher.activities.LauncherActivity#0
10-16 20:57:31.736  3447  3447 I SurfaceFlinger:      Device | 0x7ea50243c0 | 0002 | RGBA_8888 |   0.0    0.0  720.0 1280.0 |  133  236  588 1044 | Splash Screen com.example.batterymanager_utility#0
10-16 20:57:31.736  3447  3447 I SurfaceFlinger:      Device | 0x7ea5024d80 | 0000 | RGBA_8888 |   0.0    0.0  720.0   42.0 |    0    0  720   42 | StatusBar#0
10-16 20:57:31.736  3447  3447 I SurfaceFlinger: 
10-16 20:57:31.774  8998  9014 D OpenGLRenderer: HWUI GL Pipeline
10-16 20:57:31.780  3957  4089 D MdnieScenarioControlService:  packageName : com.example.batterymanager_utility    className : com.example.batterymanager_utility.MainActivity
10-16 20:57:31.780  3957  4089 V MdnieScenarioControlService: setUIMode from UI function(3)
10-16 20:57:31.781  8998  8998 D ViewRootImpl@4470b6[MainActivity]: setView = DecorView@a3fa1b7[MainActivity] TM=true MM=false
10-16 20:57:31.782  3957 14957 D ActivityManager: post active user change for 0 fullscreen true isHomeActivity() false
10-16 20:57:31.883  8998  8998 W zygote64: Class androidx.compose.runtime.snapshots.SnapshotStateList failed lock verification and will run slower.
10-16 20:57:31.884  8998  8998 W zygote64: Common causes for lock verification issues are non-optimized dex code
10-16 20:57:31.884  8998  8998 W zygote64: and incorrect proguard optimizations.
10-16 20:57:31.990  8998  8998 D ViewRootImpl@4470b6[MainActivity]: dispatchAttachedToWindow
10-16 20:57:32.039  3957 14957 V WindowManager: Relayout Window{d30f813 u0 com.example.batterymanager_utility/com.example.batterymanager_utility.MainActivity}: viewVisibility=0 req=719x1237 WM.LayoutParams{(0,0)(fillxfill) sim=#120 ty=1 fl=#81810100 pfl=0x20000 wanim=0x10302fd vsysui=0x600 needsMenuKey=2 colorMode=0 naviIconColor=0}
10-16 20:57:32.045  3447  3447 I SurfaceFlinger: id=2539 createSurf (720x1280),1 flag=404, com.example.batterymanager_utility/com.example.batterymanager_utility.MainActivity#0
10-16 20:57:32.046  3957 14957 V Surface : sf_framedrop debug : 0x4f4c, game : false, logging : 0
10-16 20:57:32.048  3957  4128 D WifiService: getConnectionInfo uid=1000
10-16 20:57:32.051  3957 14957 D InputDispatcher: Focus entered window: 8998
10-16 20:57:32.053  8998  8998 V Surface : sf_framedrop debug : 0x4f4c, game : false, logging : 0
10-16 20:57:32.054  8998  8998 D ViewRootImpl@4470b6[MainActivity]: Relayout returned: old=[0,0][0,0] new=[0,0][720,1280] result=0x7 surface={valid=true 502083731456} changed=true
10-16 20:57:32.060  8998  9014 I OpenGLRenderer: Initialized EGL, version 1.4
10-16 20:57:32.060  8998  9014 D OpenGLRenderer: Swap behavior 2
10-16 20:57:32.065  8998  9014 D libGLESv1: STS_GLApi : DTS, ODTC are not allowed for Package : com.example.batterymanager_utility
10-16 20:57:32.066  8998  9014 D mali_winsys: EGLint new_window_surface(egl_winsys_display *, void *, EGLSurface, EGLConfig, egl_winsys_surface **, egl_color_buffer_format *, EGLBoolean) returns 0x3000,  [720x1280]-format:1
10-16 20:57:32.066  8998  9014 D OpenGLRenderer: eglCreateWindowSurface = 0x74e8ff0880
10-16 20:57:32.073  8998  8998 D Compose Focus: Owner FocusChanged(true)
10-16 20:57:32.088  3447  3447 I SurfaceFlinger: Display 0 HWC layers:
10-16 20:57:32.088  3447  3447 I SurfaceFlinger:     type    |    handle    | flag |  format   |   source crop (l,t,r,b)    |         frame       | name 
10-16 20:57:32.088  3447  3447 I SurfaceFlinger: ------------+--------------+------+-----------+----------------------------+---------------------+------
10-16 20:57:32.088  3447  3447 I SurfaceFlinger:      Device | 0x7ea50243c0 | 0002 | RGBA_8888 |   0.0    0.0  720.0 1280.0 |    0    0  720 1280 | Splash Screen com.example.batterymanager_utility#0
10-16 20:57:32.088  3447  3447 I SurfaceFlinger:      Device | 0x7ea5024d80 | 0000 | RGBA_8888 |   0.0    0.0  720.0   42.0 |    0    0  720   42 | StatusBar#0
10-16 20:57:32.088  3447  3447 I SurfaceFlinger: 
10-16 20:57:32.101  3957  4025 I WindowManager: Destroying surface Surface(name=com.sec.android.app.launcher/com.sec.android.app.launcher.activities.LauncherActivity) called by com.android.server.wm.WindowStateAnimator.destroySurface:2501 com.android.server.wm.WindowStateAnimator.destroySurfaceLocked:985 com.android.server.wm.WindowState.destroyOrSaveSurfaceUnchecked:3670 com.android.server.wm.WindowState.destroySurface:3618 com.android.server.wm.AppWindowToken.destroySurfaces:722 com.android.server.wm.AppWindowToken.destroySurfaces:706 com.android.server.wm.WindowState.onExitAnimationDone:5316 com.android.server.wm.AppWindowAnimator.stepAnimationLocked:508 
10-16 20:57:32.101  3447  5168 I SurfaceFlinger: id=2537 Removed com.sec.android.app.launcher/com.sec.android.app.launcher.activities.LauncherActivity#0 (1/6)
10-16 20:57:32.105  3447 18688 I SurfaceFlinger: id=2537 Removed com.sec.android.app.launcher/com.sec.android.app.launcher.activities.LauncherActivity#0 (-2/6)
10-16 20:57:32.106  4340  4884 D WallpaperService: dispatchAppVisibility onVisibilityChanged(): false
10-16 20:57:32.107  4340  4340 D ImageWallpaper: onVisibilityChanged: mVisible, visible=true, false
10-16 20:57:32.108  4340  4340 D ImageWallpaper: Visibility changed to visible=false
10-16 20:57:32.108  4340  4340 D WallpaperService: reportVisibility onVisibilityChanged visible: false
10-16 20:57:32.118  3447  3447 I Layer   : id=2537 onRemoved com.sec.android.app.launcher/com.sec.android.app.launcher.activities.LauncherActivity#0 
10-16 20:57:32.144  3957 14957 V WindowManager: finishDrawingLocked: mDrawState=COMMIT_DRAW_PENDING Window{d30f813 u0 com.example.batterymanager_utility/com.example.batterymanager_utility.MainActivity} in Surface(name=com.example.batterymanager_utility/com.example.batterymanager_utility.MainActivity)
10-16 20:57:32.149  8998  8998 D ViewRootImpl@4470b6[MainActivity]: MSG_RESIZED_REPORT: frame=Rect(0, 0 - 720, 1280) ci=Rect(0, 42 - 0, 0) vi=Rect(0, 42 - 0, 0) or=1
10-16 20:57:32.150  8998  8998 D ViewRootImpl@4470b6[MainActivity]: MSG_WINDOW_FOCUS_CHANGED 1
10-16 20:57:32.150  3957  4025 D ViewRootImpl@7c7b49e[batterymanager_utility]: dispatchDetachedFromWindow
10-16 20:57:32.150  3957  4025 D InputEventReceiver: channel '9443b7f Splash Screen com.example.batterymanager_utility (client)' ~ Disposing input event receiver.
10-16 20:57:32.150  3957  4025 D InputEventReceiver: channel '9443b7f Splash Screen com.example.batterymanager_utility (client)' ~NativeInputEventReceiver.
10-16 20:57:32.156  3957  3981 I ActivityManager: Displayed com.example.batterymanager_utility/.MainActivity: +578ms
10-16 20:57:32.156  8998  8998 V InputMethodManager: Starting input: tba=android.view.inputmethod.EditorInfo@83e742a nm : com.example.batterymanager_utility ic=null
10-16 20:57:32.156  8998  8998 I InputMethodManager: startInputInner - mService.startInputOrWindowGainedFocus
10-16 20:57:32.156  3957  3981 D CustomFrequencyManagerService: acquireDVFSLockLocked : type : DVFS_MIN_LIMIT  frequency : 1560000  uid : 1000  pid : 3957  pkgName : AMS_RESUME_TAIL@CPU_MIN@58
10-16 20:57:32.156  3957 14957 D InputMethodManagerService: startInputOrWindowGainedFocus : windowGainedFocus 
10-16 20:57:32.156  3957  3981 D ActivityManagerPerformance: AMP_acquire() TAIL
10-16 20:57:32.157  3957 14957 D InputMethodManagerService: windowGainedFocus: destinationUserId (getCallingUid) = 0
10-16 20:57:32.157  3957  3981 D CustomFrequencyManagerService: releaseDVFSLockLocked : Getting Lock type frm List : DVFS_MIN_LIMIT  frequency : 1560000  uid : 1000  pid : 3957  tag : AMS_APP_SWITCH@CPU_MIN@52
10-16 20:57:32.157  3957 14957 D InputMethodManagerService: windowGainedFocus: currentUserId=0
10-16 20:57:32.157  3957 14957 D InputMethodManagerService: windowGainedFocus: mCurrentFocusedUserId=0
10-16 20:57:32.157  3957 14957 D InputMethodManagerService: windowGainedFocus : lock - currentUserId = 0 destinationUserId = 0
10-16 20:57:32.157  3957  3981 D ActivityManagerPerformance: AMP_release() APP_SWITCH
10-16 20:57:32.157  3957 14957 D InputMethodManagerService: windowGainedFocus : mCurrentFocusedUserId - 0 and mSecureKeypadEnabled - false, userSwitched - false
10-16 20:57:32.158  3957 14957 V InputMethodManagerService: windowGainedFocus : reason=WINDOW_FOCUS_GAIN client=android.os.BinderProxy@71af04d inputContext=null missingMethods= attribute=android.view.inputmethod.EditorInfo@c29026f nm = com.example.batterymanager_utility controlFlags=#105 softInputMode=#120 windowFlags=#81810100
10-16 20:57:32.158  3957 14957 V InputMethodManagerService: hideCurrentInputLocked : shouldHideSoftInput is false
10-16 20:57:32.159  3957 14957 D InputMethodManagerService: isImeSwitcherDisabledPackage : false
10-16 20:57:32.159  3957 14957 V InputMethodManagerService: Creating new session for client ClientState{d0e0b7c uid 10170 pid 8998}
10-16 20:57:32.160  3957 14957 D InputMethodManagerService: setCurrentInputInfo - inputContext : null eidtorInfo : android.view.inputmethod.EditorInfo@c29026f missingMethods : 0
10-16 20:57:32.161  2764  2764 I InputMethodWrapper:  call dispatchStartInputWithToken
10-16 20:57:32.161  2764  2764 I InputMethodService: dispatchStartInputWithToken
10-16 20:57:32.161  2764  2764 I SKBD    : SamsungKeypad [IMI] onStartInput - caller pid : 8998, caller uid : 10170
10-16 20:57:32.173  8998  8998 V InputMethodManager: Starting input: tba=android.view.inputmethod.EditorInfo@c78721b nm : com.example.batterymanager_utility ic=null
10-16 20:57:32.181   426   426 D StageManager: saved stages : inStack [1] , outStack[2]
10-16 20:57:32.187  3447  3447 I SurfaceFlinger: Display 0 HWC layers:
10-16 20:57:32.187  3447  3447 I SurfaceFlinger:     type    |    handle    | flag |  format   |   source crop (l,t,r,b)    |         frame       | name 
10-16 20:57:32.187  3447  3447 I SurfaceFlinger: ------------+--------------+------+-----------+----------------------------+---------------------+------
10-16 20:57:32.187  3447  3447 I SurfaceFlinger:      Device | 0x7e9ecdd9c0 | 0002 | RGBA_8888 |   0.0    0.0  720.0 1280.0 |    0    0  720 1280 | com.example.batterymanager_utility/c[...]atterymanager_utility.MainActivity#0
10-16 20:57:32.187  3447  3447 I SurfaceFlinger:      Device | 0x7ea50243c0 | 0002 | RGBA_8888 |   0.0    0.0  720.0 1280.0 |    0    0  720 1280 | Splash Screen com.example.batterymanager_utility#0
10-16 20:57:32.187  3447  3447 I SurfaceFlinger:      Device | 0x7ea5024d80 | 0000 | RGBA_8888 |   0.0    0.0  720.0   42.0 |    0    0  720   42 | StatusBar#0
10-16 20:57:32.187  3447  3447 I SurfaceFlinger: 
10-16 20:57:32.319  3957  4025 I WindowManager: Destroying surface Surface(name=Splash Screen com.example.batterymanager_utility) called by com.android.server.wm.WindowStateAnimator.destroySurface:2501 com.android.server.wm.WindowStateAnimator.destroySurfaceLocked:985 com.android.server.wm.WindowState.destroyOrSaveSurfaceUnchecked:3670 com.android.server.wm.WindowState.destroySurface:3618 com.android.server.wm.AppWindowToken.destroySurfaces:722 com.android.server.wm.AppWindowToken.destroySurfaces:706 com.android.server.wm.WindowState.onExitAnimationDone:5316 com.android.server.wm.WindowStateAnimator.stepAnimationLocked:550 
10-16 20:57:32.319  3447  5168 I SurfaceFlinger: id=2538 Removed Splash Screen com.example.batterymanager_utility#0 (3/5)
10-16 20:57:32.321  3447  3447 I SurfaceFlinger: Display 0 HWC layers:
10-16 20:57:32.321  3447  3447 I SurfaceFlinger:     type    |    handle    | flag |  format   |   source crop (l,t,r,b)    |         frame       | name 
10-16 20:57:32.321  3447  3447 I SurfaceFlinger: ------------+--------------+------+-----------+----------------------------+---------------------+------
10-16 20:57:32.321  3447  3447 I SurfaceFlinger:      Device | 0x7e9ecdd9c0 | 0002 | RGBA_8888 |   0.0    0.0  720.0 1280.0 |    0    0  720 1280 | com.example.batterymanager_utility/c[...]atterymanager_utility.MainActivity#0
10-16 20:57:32.321  3447  3447 I SurfaceFlinger:      Device | 0x7ea5024d80 | 0000 | RGBA_8888 |   0.0    0.0  720.0   42.0 |    0    0  720   42 | StatusBar#0
10-16 20:57:32.321  3447  3447 I SurfaceFlinger: 
10-16 20:57:32.321  3957  4089 D MdnieScenarioControlService:  packageName : com.example.batterymanager_utility    className : com.example.batterymanager_utility.MainActivity
10-16 20:57:32.321  3957  4089 V MdnieScenarioControlService: setUIMode from UI function(3)
10-16 20:57:32.326  3447 18688 I SurfaceFlinger: id=2538 Removed Splash Screen com.example.batterymanager_utility#0 (-2/5)
10-16 20:57:32.334  3447  3447 I Layer   : id=2538 onRemoved Splash Screen com.example.batterymanager_utility#0 
10-16 20:57:32.374  3957  4129 D WifiStateMachine:  ConnectedState !RSSI_PKTCNT_FETCH uid=1000 rt=452055271/1145039752 0 0 "ourhome" f4:6d:2f:12:cc:88 rssi=-45 f=5240 sc=60 link=433 tx=0.1, 0.0, 0.0  rx=4.1 bcn=539027 [on:0 tx:0 rx:0 period:998] from screen [on:460712 period:2124982] score=60
10-16 20:57:32.375  3957  4129 D WifiStateMachine:  L2ConnectedState !RSSI_PKTCNT_FETCH uid=1000 rt=452055272/1145039753 0 0 "ourhome" f4:6d:2f:12:cc:88 rssi=-45 f=5240 sc=60 link=433 tx=0.1, 0.0, 0.0  rx=4.1 bcn=539027 [on:0 tx:0 rx:0 period:1] from screen [on:460712 period:2124983] score=60
10-16 20:57:32.381  3957  4129 D WifiStateMachine: fetchRssiLinkSpeedAndFrequencyNative rssi=-47 linkspeed=433 freq=5240
10-16 20:57:32.572  2479  2548 D ScanRecord: Not a Multi Manu data
10-16 20:57:32.758  3957  3957 D CustomFrequencyManagerService: releaseDVFSLockLocked : Getting Lock type frm List : DVFS_MIN_LIMIT  frequency : 1560000  uid : 1000  pid : 3957  tag : AMS_RESUME_TAIL@CPU_MIN@58
10-16 20:57:32.837  2479  2548 I chatty  : uid=1002(bluetooth) BT Service Call identical 525 lines
10-16 20:57:32.837  2479  2548 D ScanRecord: Not a Multi Manu data
10-16 20:57:32.837  3957  4129 D WifiStateMachine:  ConnectedState !CMD_RSSI_POLL rt=452055733/1145040214 70 0 "ourhome" f4:6d:2f:12:cc:88 rssi=-47 f=5240 sc=60 link=433 tx=0.1, 0.0, 0.0  rx=4.1 bcn=539027 [on:0 tx:0 rx:0 period:462] from screen [on:460712 period:2125445] score=60
10-16 20:57:32.837  2479  2548 D ScanRecord: Not a Multi Manu data
10-16 20:57:32.837  2479  2548 I chatty  : uid=1002(bluetooth) BT Service Call identical 4 lines
10-16 20:57:32.837  2479  2548 D ScanRecord: Not a Multi Manu data
10-16 20:57:32.841  3957  4129 D WifiStateMachine:  L2ConnectedState !CMD_RSSI_POLL rt=452055735/1145040216 70 0 "ourhome" f4:6d:2f:12:cc:88 rssi=-47 f=5240 sc=60 link=433 tx=0.1, 0.0, 0.0  rx=4.1 bcn=539027 [on:0 tx:0 rx:0 period:3] from screen [on:460712 period:2125448] score=60
10-16 20:57:32.841  3957  4129 D WifiStateMachine:  get link layer stats 3
10-16 20:57:32.842  3436  3436 I android.hardware.wifi@1.0-service: getLinkLayerStats
10-16 20:57:32.842  2479  2548 D ScanRecord: Not a Multi Manu data
10-16 20:57:32.849  2479  2548 I chatty  : uid=1002(bluetooth) BT Service Call identical 24 lines
10-16 20:57:32.849  2479  2548 D ScanRecord: Not a Multi Manu data
10-16 20:57:32.849  3957  4129 D WifiStateMachine: fetchRssiLinkSpeedAndFrequencyNative rssi=-46 linkspeed=433 freq=5240
10-16 20:57:32.856  4340  4340 E SignalClusterView: setSlotFocusVisible : subId -2
10-16 20:57:32.856  4340  4340 E SignalClusterView: setSlotFocusVisible : subId -2
10-16 20:57:32.861  2479  2548 D ScanRecord: Not a Multi Manu data
10-16 20:57:33.045  2479  2548 I chatty  : uid=1002(bluetooth) BT Service Call identical 362 lines
10-16 20:57:33.046  2479  2548 D ScanRecord: Not a Multi Manu data
10-16 20:57:33.051  3957  4128 D WifiService: getConnectionInfo uid=1000
10-16 20:57:33.377  3957  4129 D WifiStateMachine:  ConnectedState !RSSI_PKTCNT_FETCH uid=1000 rt=452056272/1145040753 0 0 "ourhome" f4:6d:2f:12:cc:88 rssi=-46 f=5240 sc=60 link=433 tx=0.0, 0.0, 0.0  rx=1.5 bcn=539056 [on:0 tx:0 rx:0 period:524] from screen [on:460784 period:2125985] score=60
10-16 20:57:33.380  3957  4129 D WifiStateMachine:  L2ConnectedState !RSSI_PKTCNT_FETCH uid=1000 rt=452056275/1145040756 0 0 "ourhome" f4:6d:2f:12:cc:88 rssi=-46 f=5240 sc=60 link=433 tx=0.0, 0.0, 0.0  rx=1.5 bcn=539056 [on:0 tx:0 rx:0 period:2] from screen [on:460784 period:2125987] score=60
10-16 20:57:33.387  3957  4129 D WifiStateMachine: fetchRssiLinkSpeedAndFrequencyNative rssi=-46 linkspeed=433 freq=5240
10-16 20:57:33.411  4961  4961 D io_stats: !@ 179,0 r 7171842 229253612 w 1515083 31684780 d 122351 32959240 f 352639 371664 iot 3131564 2742837 th 51200 0 0 pt 0 inp 0 0 452056.307
10-16 20:57:33.585  3957  3957 D PreBindingService: handleMessage : 1
10-16 20:57:34.053  3957  4128 D WifiService: getConnectionInfo uid=1000
10-16 20:57:34.379  3957  4129 D WifiStateMachine:  ConnectedState !RSSI_PKTCNT_FETCH uid=1000 rt=452057274/1145041755 0 0 "ourhome" f4:6d:2f:12:cc:88 rssi=-46 f=5240 sc=60 link=433 tx=0.0, 0.0, 0.0  rx=1.5 bcn=539056 [on:0 tx:0 rx:0 period:1000] from screen [on:460784 period:2126987] score=60
10-16 20:57:34.382  3957  4129 D WifiStateMachine:  L2ConnectedState !RSSI_PKTCNT_FETCH uid=1000 rt=452057277/1145041758 0 0 "ourhome" f4:6d:2f:12:cc:88 rssi=-46 f=5240 sc=60 link=433 tx=0.0, 0.0, 0.0  rx=1.5 bcn=539056 [on:0 tx:0 rx:0 period:2] from screen [on:460784 period:2126989] score=60
10-16 20:57:34.384  3957  4129 D WifiStateMachine: fetchRssiLinkSpeedAndFrequencyNative rssi=-47 linkspeed=433 freq=5240
10-16 20:57:35.055  3957  4128 D WifiService: getConnectionInfo uid=1000
10-16 20:57:35.381  3957  4129 D WifiStateMachine:  ConnectedState !RSSI_PKTCNT_FETCH uid=1000 rt=452058275/1145042756 0 0 "ourhome" f4:6d:2f:12:cc:88 rssi=-47 f=5240 sc=60 link=433 tx=0.0, 0.0, 0.0  rx=1.5 bcn=539056 [on:0 tx:0 rx:0 period:999] from screen [on:460784 period:2127988] score=60
10-16 20:57:35.385  3957  4129 D WifiStateMachine:  L2ConnectedState !RSSI_PKTCNT_FETCH uid=1000 rt=452058279/1145042760 0 0 "ourhome" f4:6d:2f:12:cc:88 rssi=-47 f=5240 sc=60 link=433 tx=0.0, 0.0, 0.0  rx=1.5 bcn=539056 [on:0 tx:0 rx:0 period:4] from screen [on:460784 period:2127992] score=60
10-16 20:57:35.392  3957  4129 D WifiStateMachine: fetchRssiLinkSpeedAndFrequencyNative rssi=-45 linkspeed=433 freq=5240
10-16 20:57:35.565  3957  6478 D WifiService: getConnectionInfo uid=1000
10-16 20:57:35.853  3957  4129 D WifiStateMachine:  ConnectedState !CMD_RSSI_POLL rt=452058749/1145043229 70 0 "ourhome" f4:6d:2f:12:cc:88 rssi=-45 f=5240 sc=60 link=433 tx=0.0, 0.0, 0.0  rx=1.5 bcn=539056 [on:0 tx:0 rx:0 period:469] from screen [on:460784 period:2128461] score=60
10-16 20:57:35.856  3957  4129 D WifiStateMachine:  L2ConnectedState !CMD_RSSI_POLL rt=452058751/1145043232 70 0 "ourhome" f4:6d:2f:12:cc:88 rssi=-45 f=5240 sc=60 link=433 tx=0.0, 0.0, 0.0  rx=1.5 bcn=539056 [on:0 tx:0 rx:0 period:2] from screen [on:460784 period:2128463] score=60
10-16 20:57:35.856  3957  4129 D WifiStateMachine:  get link layer stats 3
10-16 20:57:35.857  3436  3436 I android.hardware.wifi@1.0-service: getLinkLayerStats
10-16 20:57:35.876  3957  4129 D WifiStateMachine: fetchRssiLinkSpeedAndFrequencyNative rssi=-44 linkspeed=433 freq=5240
10-16 20:57:35.882  4340  4340 E SignalClusterView: setSlotFocusVisible : subId -2
10-16 20:57:35.883  4340  4340 E SignalClusterView: setSlotFocusVisible : subId -2
10-16 20:57:36.058  3957  4128 D WifiService: getConnectionInfo uid=1000
10-16 20:57:36.382  3957  4129 D WifiStateMachine:  ConnectedState !RSSI_PKTCNT_FETCH uid=1000 rt=452059277/1145043758 0 0 "ourhome" f4:6d:2f:12:cc:88 rssi=-44 f=5240 sc=60 link=433 tx=0.6, 0.0, 0.0  rx=2.5 bcn=539086 [on:0 tx:0 rx:0 period:500] from screen [on:461274 period:2128989] score=60
10-16 20:57:36.385  3957  4129 D WifiStateMachine:  L2ConnectedState !RSSI_PKTCNT_FETCH uid=1000 rt=452059280/1145043761 0 0 "ourhome" f4:6d:2f:12:cc:88 rssi=-44 f=5240 sc=60 link=433 tx=0.6, 0.0, 0.0  rx=2.5 bcn=539086 [on:0 tx:0 rx:0 period:4] from screen [on:461274 period:2128993] score=60
10-16 20:57:36.393  3957  4129 D WifiStateMachine: fetchRssiLinkSpeedAndFrequencyNative rssi=-45 linkspeed=433 freq=5240
10-16 20:57:36.480  3957  6478 D SSRM:k  : SIOP:: AP = 340, PST = 350 (W:16), BAT = 282, USB = 0, CHG = 0
10-16 20:57:36.592   887   887 E adbd    : recv: OPEN 0000022d 00000000 003f:73 68 65 6C 6C 2C 76 32 2C 54 45 52 4D 3D 78 74 65 72 6D 2D 32 35 36 63 6F 6C 6F 72 2C 72 61 77 3A 6D 6F 6E 6B 65 79 20 2D 70 20 6F 72 67 2E 6D 6F 7A 69 6C 6C 61 2E 66 65 6E 69 78 20 31 00 
10-16 20:57:36.593   887   887 E adbd    : service_to_fd: shell,v2,TERM=xterm-256color,raw:monkey -p org.mozilla.fenix 1
10-16 20:57:37.061  3957  4128 D WifiService: getConnectionInfo uid=1000
10-16 20:57:37.226  8998  9033 D ProfileInstaller: Installing profile for com.example.batterymanager_utility
10-16 20:57:37.233  8998  9003 I zygote64: Do partial code cache collection, code=30KB, data=25KB
10-16 20:57:37.234  8998  9003 I zygote64: After code cache collection, code=30KB, data=25KB
10-16 20:57:37.234  8998  9003 I zygote64: Increasing code cache capacity to 128KB
10-16 20:57:37.277  9031  9031 W ADebug  : Failed to get property persist.sys.media.traces
10-16 20:57:37.303  9031  9031 E appproc : Enhanced Zygote ASLR: ro.knox.enhance.zygote.aslr != 1. Enhanced Zygote ASLR is DISABLED!
10-16 20:57:37.303  9031  9031 D AndroidRuntime: >>>>>> START com.android.internal.os.RuntimeInit uid 2000 <<<<<<
10-16 20:57:37.321  9031  9031 D SecNativeFeatureCppIf: encoded
10-16 20:57:37.321  9031  9031 D SecNativeFeatureCppIf: decoding and unzip finish
10-16 20:57:37.321  9031  9031 D SecNativeFeatureCppIf: use unCompDataBuff. encoded
10-16 20:57:37.322  9031  9031 D SecNativeFeatureCppIf: Free unCompDataBuff
10-16 20:57:37.322  9031  9031 D SecNativeFeatureCppIf: encoded
10-16 20:57:37.322  9031  9031 D SecNativeFeatureCppIf: decoding and unzip finish
10-16 20:57:37.322  9031  9031 D SecNativeFeatureCppIf: use unCompDataBuff. encoded
10-16 20:57:37.322  9031  9031 D SecNativeFeatureCppIf: Free unCompDataBuff
10-16 20:57:37.323  9031  9031 D SecNativeFeatureCppIf: encoded
10-16 20:57:37.323  9031  9031 D SecNativeFeatureCppIf: decoding and unzip finish
10-16 20:57:37.323  9031  9031 D SecNativeFeatureCppIf: use unCompDataBuff. encoded
10-16 20:57:37.323  9031  9031 D SecNativeFeatureCppIf: Free unCompDataBuff
10-16 20:57:37.323  9031  9031 D SecNativeFeatureCppIf: encoded
10-16 20:57:37.323  9031  9031 D SecNativeFeatureCppIf: decoding and unzip finish
10-16 20:57:37.323  9031  9031 D SecNativeFeatureCppIf: use unCompDataBuff. encoded
10-16 20:57:37.323  9031  9031 D SecNativeFeatureCppIf: Free unCompDataBuff
10-16 20:57:37.383  3957  4129 D WifiStateMachine:  ConnectedState !RSSI_PKTCNT_FETCH uid=1000 rt=452060278/1145044759 0 0 "ourhome" f4:6d:2f:12:cc:88 rssi=-45 f=5240 sc=60 link=433 tx=0.6, 0.0, 0.0  rx=2.5 bcn=539086 [on:0 tx:0 rx:0 period:998] from screen [on:461274 period:2129991] score=60
10-16 20:57:37.386  3957  4129 D WifiStateMachine:  L2ConnectedState !RSSI_PKTCNT_FETCH uid=1000 rt=452060281/1145044762 0 0 "ourhome" f4:6d:2f:12:cc:88 rssi=-45 f=5240 sc=60 link=433 tx=0.6, 0.0, 0.0  rx=2.5 bcn=539086 [on:0 tx:0 rx:0 period:3] from screen [on:461274 period:2129994] score=60
10-16 20:57:37.393  3957  4129 D WifiStateMachine: fetchRssiLinkSpeedAndFrequencyNative rssi=-44 linkspeed=433 freq=5240
10-16 20:57:37.563  9031  9031 D ICU     : Timezone override file found: /data/misc/zoneinfo/current/icu/icu_tzdata.dat
10-16 20:57:37.572  2479  2548 D ScanRecord: Not a Multi Manu data
10-16 20:57:37.598  3957  8322 D BatteryService: !@BatteryListener : batteryPropertiesChanged!
10-16 20:57:37.615  2479  2548 I chatty  : uid=1002(bluetooth) BT Service Call identical 63 lines
10-16 20:57:37.615  2479  2548 D ScanRecord: Not a Multi Manu data
10-16 20:57:37.625  9031  9031 I app_process: find the special shared library, skip check
10-16 20:57:37.641  2479  2548 D ScanRecord: Not a Multi Manu data
10-16 20:57:37.707  2479  2548 I chatty  : uid=1002(bluetooth) BT Service Call identical 89 lines
10-16 20:57:37.707  2479  2548 D ScanRecord: Not a Multi Manu data
10-16 20:57:37.722  9031  9031 D SemCscFeature: Encoded
10-16 20:57:37.725  9031  9031 I chatty  : uid=2000(shell) identical 2 lines
10-16 20:57:37.727  9031  9031 D SemCscFeature: Encoded
10-16 20:57:37.729  9031  9031 E SemAffinityControl: SemAffinityControl: registerfunction enter
10-16 20:57:37.730  2479  2548 D ScanRecord: Not a Multi Manu data
10-16 20:57:37.747  2479  2548 I chatty  : uid=1002(bluetooth) BT Service Call identical 37 lines
10-16 20:57:37.747  2479  2548 D ScanRecord: Not a Multi Manu data
10-16 20:57:37.754  9031  9031 D AndroidRuntime: Calling main entry com.android.commands.monkey.Monkey
10-16 20:57:37.765  2479  2548 D ScanRecord: Not a Multi Manu data
10-16 20:57:37.782  2479  2548 I chatty  : uid=1002(bluetooth) BT Service Call identical 50 lines
10-16 20:57:37.782  2479  2548 D ScanRecord: Not a Multi Manu data
10-16 20:57:37.791  3957  4030 D SensorService: [SO] 0.139 -0.057 9.979
10-16 20:57:37.793  2479  2548 D ScanRecord: Not a Multi Manu data
10-16 20:57:37.816  3957  3972 W BroadcastQueue: Skipping deliver [background] BroadcastRecord{8ee6368 u-1 android.net.conn.CONNECTIVITY_CHANGE} to ReceiverList{a3a3381 9031 (unknown name)/2000/u-1 remote:dff645a}: process gone or crashing
10-16 20:57:37.869  2479  2548 I chatty  : uid=1002(bluetooth) BT Service Call identical 193 lines
10-16 20:57:37.869  2479  2548 D ScanRecord: Not a Multi Manu data
10-16 20:57:37.873  3957  8322 I ActivityManager: START u0 {act=android.intent.action.MAIN typ=null flg=0x10200000 cmp=ComponentInfo{org.mozilla.fenix/org.mozilla.fenix.App}} from uid 2000
10-16 20:57:37.874  3957  8322 W Binder  : Outgoing transactions from this process must be FLAG_ONEWAY
10-16 20:57:37.874  3957  8322 W Binder  : java.lang.Throwable
10-16 20:57:37.874  3957  8322 W Binder  : 	at android.os.BinderProxy.transact(Binder.java:744)
10-16 20:57:37.874  3957  8322 W Binder  : 	at android.app.IActivityController$Stub$Proxy.activityStarting(IActivityController.java:172)
10-16 20:57:37.874  3957  8322 W Binder  : 	at com.android.server.am.ActivityStarter.startActivity(ActivityStarter.java:648)
10-16 20:57:37.874  3957  8322 W Binder  : 	at com.android.server.am.ActivityStarter.startActivityLocked(ActivityStarter.java:410)
10-16 20:57:37.874  3957  8322 W Binder  : 	at com.android.server.am.ActivityStarter.startActivityMayWait(ActivityStarter.java:1283)
10-16 20:57:37.874  3957  8322 W Binder  : 	at com.android.server.am.ActivityManagerService.startActivityAsUser(ActivityManagerService.java:6033)
10-16 20:57:37.874  3957  8322 W Binder  : 	at com.android.server.am.ActivityManagerService.startActivity(ActivityManagerService.java:5885)
10-16 20:57:37.874  3957  8322 W Binder  : 	at android.app.IActivityManager$Stub.onTransact(IActivityManager.java:121)
10-16 20:57:37.874  3957  8322 W Binder  : 	at com.android.server.am.ActivityManagerService.onTransact(ActivityManagerService.java:3861)
10-16 20:57:37.874  3957  8322 W Binder  : 	at android.os.Binder.execTransact(Binder.java:682)
10-16 20:57:37.875  2479  2548 D ScanRecord: Not a Multi Manu data
10-16 20:57:37.875  2479  2548 I chatty  : uid=1002(bluetooth) BT Service Call identical 11 lines
10-16 20:57:37.875  2479  2548 D ScanRecord: Not a Multi Manu data
10-16 20:57:37.877  3957  8322 D CustomFrequencyManagerService: acquireDVFSLockLocked : type : DVFS_MIN_LIMIT  frequency : 1560000  uid : 1000  pid : 3957  pkgName : AMS_APP_SWITCH@CPU_MIN@52
10-16 20:57:37.881  3957  8322 D ActivityManagerPerformance: AMP_acquire() APP_SWITCH
10-16 20:57:37.882  3957  5022 D ActivityManagerPerformance: Received MSG_CFMS_HINT_AMS_SWITCH pkgName: org.mozilla.fenix
10-16 20:57:37.884  3957  6478 D WifiService: getConnectionInfo uid=1000
10-16 20:57:37.893  2479  2548 D ScanRecord: Not a Multi Manu data
10-16 20:57:37.893  3957  8322 D ActivityManager: isScaleDownAnimationEnabled() : false
10-16 20:57:37.893  3957 14957 V WindowManager: rotationForOrientationLw(orient=-1, last=0); user=0  sensorRotation=-1 mLidState=-1 mDockMode=0 mHdmiPlugged=false
10-16 20:57:37.893  2479  2548 I chatty  : uid=1002(bluetooth) BT Service Call identical 11 lines
10-16 20:57:37.893  2479  2548 D ScanRecord: Not a Multi Manu data
10-16 20:57:37.894  3957  8322 D StorageManagerService: getExternalStorageMountMode : 1
10-16 20:57:37.894  3957  8322 D StorageManagerService: getExternalStorageMountMode : 3
10-16 20:57:37.894  3957  8322 D StorageManagerService: getExternalStorageMountMode : final mountMode=1, uid : 10169, packageName : org.mozilla.fenix
10-16 20:57:37.894  3957  8322 I ApplicationPolicy: isApplicationExternalStorageWhitelisted:org.mozilla.fenix user:0
10-16 20:57:37.894  3957  8322 D ApplicationPolicy: isApplicationExternalStorageWhitelisted: DO is not enabled on user 0. Allowed.
10-16 20:57:37.894  3957  8322 D ActivityManager: package  org.mozilla.fenix, user - 0 is SDcard whitelisted
10-16 20:57:37.894  3957  8322 I ApplicationPolicy: isApplicationExternalStorageBlacklisted:org.mozilla.fenix user:0
10-16 20:57:37.894  3957  8322 D ApplicationPolicy: isApplicationExternalStorageBlacklisted: DO is not enabled on user 0. Allowed.
10-16 20:57:37.894  3957 14957 V WindowManager: rotationForOrientationLw(orient=-1, last=0); user=0  sensorRotation=-1 mLidState=-1 mDockMode=0 mHdmiPlugged=false
10-16 20:57:37.897  2479  2548 D ScanRecord: Not a Multi Manu data
10-16 20:57:37.897  2479  2548 I chatty  : uid=1002(bluetooth) BT Service Call identical 11 lines
10-16 20:57:37.897  2479  2548 D ScanRecord: Not a Multi Manu data
10-16 20:57:37.906  3957  8322 I ActivityManager: Start proc 9043:org.mozilla.fenix/u0a169 for activity org.mozilla.fenix/.App
10-16 20:57:37.909  9043  9043 E Zygote  : isWhitelistProcess - Process is Whitelisted
10-16 20:57:37.909  2479  2548 D ScanRecord: Not a Multi Manu data
10-16 20:57:37.909  9043  9043 E libpersona: scanKnoxPersonas
10-16 20:57:37.909  2479  2548 I chatty  : uid=1002(bluetooth) BT Service Call identical 11 lines
10-16 20:57:37.909  2479  2548 D ScanRecord: Not a Multi Manu data
10-16 20:57:37.909  9043  9043 E libpersona: Couldn't open the File - /data/system/users/0/personalist.xml - No such file or directory
10-16 20:57:37.911  9043  9043 W SELinux : SELinux selinux_android_compute_policy_index : Policy Index[2],  Con:u:r:zygote:s0 RAM:SEPF_SM-J720F_8.0.0_0002, [-1 -1 -1 -1 0 1]
10-16 20:57:37.912  9043  9043 I SELinux : SELinux: seapp_context_lookup: seinfo=untrusted, level=s0:c512,c768, pkgname=org.mozilla.fenix 
10-16 20:57:37.912  3957  4025 D ViewRootImpl@1c26cdf[fenix]: setView = DecorView@536e3f5[fenix] TM=true MM=false
10-16 20:57:37.912  3957  3973 V WindowManager: rotationForOrientationLw(orient=-1, last=0); user=0  sensorRotation=-1 mLidState=-1 mDockMode=0 mHdmiPlugged=false
10-16 20:57:37.914  9031  9031 I com.android.commands.monkey: System.exit called, status: 0
10-16 20:57:37.914  2479  2548 D ScanRecord: Not a Multi Manu data
10-16 20:57:37.914  2479  2548 I chatty  : uid=1002(bluetooth) BT Service Call identical 11 lines
10-16 20:57:37.914  2479  2548 D ScanRecord: Not a Multi Manu data
10-16 20:57:37.914  9031  9031 I AndroidRuntime: VM exiting with result code 0.
10-16 20:57:37.917  3957  3973 V WindowManager: rotationForOrientationLw(orient=-1, last=0); user=0  sensorRotation=-1 mLidState=-1 mDockMode=0 mHdmiPlugged=false
10-16 20:57:37.917  4340  4731 D Tile.RotationLockTile:  handleUpdateState: true orientation = true
10-16 20:57:37.918  3957  4025 D ViewRootImpl@1c26cdf[fenix]: dispatchAttachedToWindow
10-16 20:57:37.918  2479  2548 D ScanRecord: Not a Multi Manu data
10-16 20:57:37.918  2479  2548 I chatty  : uid=1002(bluetooth) BT Service Call identical 11 lines
10-16 20:57:37.918  2479  2548 D ScanRecord: Not a Multi Manu data
10-16 20:57:37.920  3957  4025 V WindowManager: Relayout Window{6e7d2c u0 Splash Screen org.mozilla.fenix}: viewVisibility=0 req=719x1237 WM.LayoutParams{(0,0)(fillxfill) sim=#20 ty=3 fl=#81830118 pfl=0x20011 fmt=-3 wanim=0x10302ea vsysui=0x600 needsMenuKey=2 colorMode=0 naviIconColor=0}
10-16 20:57:37.921  3447  3447 I SurfaceFlinger: id=2540 createSurf (720x1280),1 flag=4, Splash Screen org.mozilla.fenix#0
10-16 20:57:37.922  4340  4731 D Tile.RotationLockTile:  handleUpdateState: true orientation = true
10-16 20:57:37.923  3957  4025 V Surface : sf_framedrop debug : 0x4f4c, game : false, logging : 0
10-16 20:57:37.925  3957  4025 D InputDispatcher: Focus left window: 8998
10-16 20:57:37.926  3957  4025 D ViewRootImpl@1c26cdf[fenix]: Relayout returned: old=[0,0][0,0] new=[0,0][720,1280] result=0x7 surface={valid=true 501169352704} changed=true
10-16 20:57:37.926  8998  8998 D ViewRootImpl@4470b6[MainActivity]: MSG_WINDOW_FOCUS_CHANGED 0
10-16 20:57:37.929  2479  2548 D ScanRecord: Not a Multi Manu data
10-16 20:57:37.929  2479  2548 I chatty  : uid=1002(bluetooth) BT Service Call identical 11 lines
10-16 20:57:37.929  2479  2548 D ScanRecord: Not a Multi Manu data
10-16 20:57:37.932  3957  4025 D ViewRootImpl@1c26cdf[fenix]: MSG_RESIZED_REPORT: frame=Rect(0, 0 - 720, 1280) ci=Rect(0, 42 - 0, 0) vi=Rect(0, 42 - 0, 0) or=1
10-16 20:57:37.933  9043  9043 D TimaKeyStoreProvider: TimaKeyStore is not enabled: cannot add TimaSignature Service and generateKeyPair Service
10-16 20:57:37.933  2479  2548 D ScanRecord: Not a Multi Manu data
10-16 20:57:37.933  9043  9043 D ActivityThread: Added TimaKeyStore provider
10-16 20:57:37.933  2479  2548 I chatty  : uid=1002(bluetooth) BT Service Call expire 8 lines
10-16 20:57:37.933  2479  2548 D ScanRecord: Not a Multi Manu data
10-16 20:57:37.933  2479  2548 D ScanRecord: Not a Multi Manu data
10-16 20:57:37.935  3957 14960 I ActivityManager: DSS on for org.mozilla.fenix and scale is 1.0
10-16 20:57:37.944  2479  2548 I chatty  : uid=1002(bluetooth) BT Service Call identical 27 lines
10-16 20:57:37.944  2479  2548 D ScanRecord: Not a Multi Manu data
10-16 20:57:37.944  3957 14960 D PersonaManagerService: Current focused persona service handled id set to : 0
10-16 20:57:37.944  3957 14960 D InputDispatcher: Focused application set to: xxxx
10-16 20:57:37.946  3957  4220 D GameManagerService: handleForegroundChange(). pkgName: org.mozilla.fenix, clsName: org.mozilla.fenix.HomeActivity,FgActivityName:org.mozilla.fenix/.HomeActivity
10-16 20:57:37.946  3957 14960 D MARsPolicyManager: onPackageResumedFG pkgName = org.mozilla.fenix, userId = 0
10-16 20:57:37.946  3957  4220 D GameManagerService: sem_perfomance_mode: 3
10-16 20:57:37.947  3957  4220 D GameManagerService: notifyResumePause(). pkg: org.mozilla.fenix, type: 4, isMinimized: false, isTunableApp: false
10-16 20:57:37.947  3957  4220 D GameManagerService:   notifyResumePause(). unexpected mPrevNotiType: -1
10-16 20:57:37.949  3957  6478 D GamePkgDataHelper: getGamePkgDataIncServer(). org.mozilla.fenix
10-16 20:57:37.950  3957  6478 D GameManagerService: identifyGamePackage. org.mozilla.fenix
10-16 20:57:37.950  3957  6478 D GamePkgDataHelper: getGamePkgData(). org.mozilla.fenix
10-16 20:57:37.951  3957  6478 D GameManagerService: identifyGamePackage. org.mozilla.fenix
10-16 20:57:37.951  3957  6478 D GamePkgDataHelper: getGamePkgData(). org.mozilla.fenix
10-16 20:57:37.951  3957  6478 D GamePkgDataHelper: getSosPolicy(). org.mozilla.fenix
10-16 20:57:37.952  2479  2548 D ScanRecord: Not a Multi Manu data
10-16 20:57:37.953  2479  2548 I chatty  : uid=1002(bluetooth) BT Service Call identical 11 lines
10-16 20:57:37.953  2479  2548 D ScanRecord: Not a Multi Manu data
10-16 20:57:37.953  3957  6478 D GameManagerService: identifyGamePackage. org.mozilla.fenix
10-16 20:57:37.953  3957  6478 D GamePkgDataHelper: getGamePkgData(). org.mozilla.fenix
10-16 20:57:37.954  3957  6478 D GameManagerService: identifyGamePackage. org.mozilla.fenix
10-16 20:57:37.954  3957  6478 D GamePkgDataHelper: getGamePkgData(). org.mozilla.fenix
10-16 20:57:37.955  3957  4025 V WindowManager: finishDrawingLocked: mDrawState=COMMIT_DRAW_PENDING Window{6e7d2c u0 Splash Screen org.mozilla.fenix} in Surface(name=Splash Screen org.mozilla.fenix)
10-16 20:57:37.961  9043  9043 I zygote64: no shared libraies, dex_files: 1
10-16 20:57:37.964  2479  2548 D ScanRecord: Not a Multi Manu data
10-16 20:57:37.974  2479  2548 I chatty  : uid=1002(bluetooth) BT Service Call identical 63 lines
10-16 20:57:37.974  2479  2548 D ScanRecord: Not a Multi Manu data
10-16 20:57:37.975  3447  3447 V Surface : sf_framedrop debug : 0x4f4c, game : false, logging : 0
10-16 20:57:37.975  2479  2548 D ScanRecord: Not a Multi Manu data
10-16 20:57:37.975  2479  2548 I chatty  : uid=1002(bluetooth) BT Service Call identical 11 lines
10-16 20:57:37.975  2479  2548 D ScanRecord: Not a Multi Manu data
10-16 20:57:37.977  8998  9014 D OpenGLRenderer: eglDestroySurface = 0x74e8ff0880
