10-16 21:11:40.474 10911 10928 W linker  : "/data/app/org.mozilla.fenix-iWpGOrf8cry6RDpwHyQugA==/lib/arm64/libmozglue.so" unused DT entry: type 0x8000023 arg 0x1f8
10-16 21:11:40.474 10911 10928 W linker  : "/data/app/org.mozilla.fenix-iWpGOrf8cry6RDpwHyQugA==/lib/arm64/libmozglue.so" unused DT entry: type 0x8000025 arg 0x8
10-16 21:11:40.479 10911 10928 I GeckoLoader: Library base=/data/app/org.mozilla.fenix-iWpGOrf8cry6RDpwHyQugA==/lib/arm64
10-16 21:11:40.479 10911 10928 I GeckoLoader: Library base=/data/app/org.mozilla.fenix-iWpGOrf8cry6RDpwHyQugA==/lib/arm64
10-16 21:11:40.480 10911 10928 E GeckoLibLoad: Load sqlite start
10-16 21:11:40.481 10911 10928 W linker  : "/data/app/org.mozilla.fenix-iWpGOrf8cry6RDpwHyQugA==/lib/arm64/libnss3.so" unused DT entry: type 0x8000024 arg 0x14998
10-16 21:11:40.482 10911 10928 W linker  : "/data/app/org.mozilla.fenix-iWpGOrf8cry6RDpwHyQugA==/lib/arm64/libnss3.so" unused DT entry: type 0x8000023 arg 0x5c8
10-16 21:11:40.482 10911 10928 W linker  : "/data/app/org.mozilla.fenix-iWpGOrf8cry6RDpwHyQugA==/lib/arm64/libnss3.so" unused DT entry: type 0x8000025 arg 0x8
10-16 21:11:40.483 10911 10928 E GeckoLibLoad: Load sqlite done
10-16 21:11:40.483 10911 10928 I GeckoLoader: Library base=/data/app/org.mozilla.fenix-iWpGOrf8cry6RDpwHyQugA==/lib/arm64
10-16 21:11:40.484 10911 10928 E GeckoLibLoad: Load nss start
10-16 21:11:40.484 10911 10928 E GeckoLibLoad: Load nss done
10-16 21:11:40.484 10911 10928 I GeckoLoader: Library base=/data/app/org.mozilla.fenix-iWpGOrf8cry6RDpwHyQugA==/lib/arm64
10-16 21:11:40.488 10911 10928 W linker  : "/data/app/org.mozilla.fenix-iWpGOrf8cry6RDpwHyQugA==/lib/arm64/libxul.so" unused DT entry: type 0x8000024 arg 0x539420
10-16 21:11:40.489 10911 10928 W linker  : "/data/app/org.mozilla.fenix-iWpGOrf8cry6RDpwHyQugA==/lib/arm64/libxul.so" unused DT entry: type 0x8000023 arg 0x17d68
10-16 21:11:40.489 10911 10928 W linker  : "/data/app/org.mozilla.fenix-iWpGOrf8cry6RDpwHyQugA==/lib/arm64/libxul.so" unused DT entry: type 0x8000025 arg 0x8
10-16 21:11:40.507 10464 10771 I BatteryMgr:DataCollectionService: stats => 1697483500507,212,4313,206,0,100
10-16 21:11:40.523 10911 10928 E GeckoLibLoad: Loaded libs in 38.790615ms total, 16ms(16ms) user, 16ms(20ms) system, 0(0) faults
10-16 21:11:40.523 10911 10928 W GeckoThread: zerdatime 1145887902 - runGecko
10-16 21:11:40.540 10911 10928 W linker  : "/data/app/org.mozilla.fenix-iWpGOrf8cry6RDpwHyQugA==/lib/arm64/libmozavutil.so" unused DT entry: type 0x8000024 arg 0x5340
10-16 21:11:40.540 10911 10928 W linker  : "/data/app/org.mozilla.fenix-iWpGOrf8cry6RDpwHyQugA==/lib/arm64/libmozavutil.so" unused DT entry: type 0x8000023 arg 0x220
10-16 21:11:40.540 10911 10928 W linker  : "/data/app/org.mozilla.fenix-iWpGOrf8cry6RDpwHyQugA==/lib/arm64/libmozavutil.so" unused DT entry: type 0x8000025 arg 0x8
10-16 21:11:40.542 10911 10928 W linker  : "/data/app/org.mozilla.fenix-iWpGOrf8cry6RDpwHyQugA==/lib/arm64/libmozavcodec.so" unused DT entry: type 0x8000024 arg 0x3330
10-16 21:11:40.542 10911 10928 W linker  : "/data/app/org.mozilla.fenix-iWpGOrf8cry6RDpwHyQugA==/lib/arm64/libmozavcodec.so" unused DT entry: type 0x8000023 arg 0x358
10-16 21:11:40.542 10911 10928 W linker  : "/data/app/org.mozilla.fenix-iWpGOrf8cry6RDpwHyQugA==/lib/arm64/libmozavcodec.so" unused DT entry: type 0x8000025 arg 0x8
10-16 21:11:40.543  3957  4129 D WifiStateMachine:  ConnectedState !RSSI_PKTCNT_FETCH uid=1000 rt=452903439/1145887920 0 0 "ourhome" f4:6d:2f:12:cc:88 rssi=-44 f=5240 sc=60 link=433 tx=287.6, 24.8, 0.0  rx=327.9 bcn=546651 [on:0 tx:0 rx:0 period:1000] from screen [on:587579 period:2973151] score=60
10-16 21:11:40.544  3957  4129 D WifiStateMachine:  L2ConnectedState !RSSI_PKTCNT_FETCH uid=1000 rt=452903441/1145887922 0 0 "ourhome" f4:6d:2f:12:cc:88 rssi=-44 f=5240 sc=60 link=433 tx=287.6, 24.8, 0.0  rx=327.9 bcn=546651 [on:0 tx:0 rx:0 period:1] from screen [on:587579 period:2973152] score=60
10-16 21:11:40.545  3957  4129 D WifiStateMachine: fetchRssiLinkSpeedAndFrequencyNative rssi=-43 linkspeed=433 freq=5240
10-16 21:11:40.553 10911 10928 W AudioCapabilities: Unsupported mime audio/mpeg-L1
10-16 21:11:40.553 10911 10928 W AudioCapabilities: Unsupported mime audio/mpeg-L2
10-16 21:11:40.559 10911 10928 W AudioCapabilities: Unsupported mime audio/x-ms-wma
10-16 21:11:40.563 10911 10928 W AudioCapabilities: Unsupported mime audio/x-ima
10-16 21:11:40.571 10911 10928 W VideoCapabilities: Unrecognized profile 2130706433 for video/avc
10-16 21:11:40.571 10911 10928 W VideoCapabilities: Unrecognized profile 2130706434 for video/avc
10-16 21:11:40.578 10911 10928 W VideoCapabilities: Unrecognized profile 2130706433 for video/avc
10-16 21:11:40.578 10911 10928 W VideoCapabilities: Unrecognized profile 2130706434 for video/avc
10-16 21:11:40.601 10911 10928 W VideoCapabilities: Unrecognized profile 2130706433 for video/avc
10-16 21:11:40.601 10911 10928 W VideoCapabilities: Unrecognized profile 2130706434 for video/avc
10-16 21:11:40.603 10911 10928 W VideoCapabilities: Unsupported mime video/avc-wfd
10-16 21:11:40.608  3559  3559 E audit   : type=1400 audit(1697483500.602:3873): avc:  denied  { read } for  pid=10935 comm="pool-37-thread-" name="version" dev="proc" ino=4026532182 scontext=u:r:untrusted_app:s0:c512,c768 tcontext=u:object_r:proc:s0 tclass=file permissive=0 SEPF_SM-J720F_8.0.0_0002 audit_filtered
10-16 21:11:40.608  3559  3559 E audit   : type=1300 audit(1697483500.602:3873): arch=c00000b7 syscall=48 success=no exit=-13 a0=ffffff9c a1=74e6850bb0 a2=4 a3=0 items=0 ppid=3579 pid=10935 auid=4294967295 uid=10169 gid=10169 euid=10169 suid=10169 fsuid=10169 egid=10169 sgid=10169 fsgid=10169 tty=(none) ses=4294967295 comm="pool-37-thread-" exe="/system/bin/app_process64" subj=u:r:untrusted_app:s0:c512,c768 key=(null)
10-16 21:11:40.608  3559  3559 E audit   : type=1327 audit(1697483500.602:3873): proctitle="org.mozilla.fenix"
10-16 21:11:40.615 10464 10771 I BatteryMgr:DataCollectionService: stats => 1697483500615,212,4313,206,0,100
10-16 21:11:40.625 10507 10507 D ConnectivityManager: requestNetwork; CallingUid : 10169, CallingPid : 10507
10-16 21:11:40.626  3957  4460 D ConnectivityService: requestNetwork for uid/pid:10169/10507 NetworkRequest [ TRACK_DEFAULT id=1468, [ Capabilities: INTERNET&NOT_RESTRICTED&TRUSTED&NOT_VPN] ]
10-16 21:11:40.627  3957  4157 D ConnectivityService: rematching NetworkAgentInfo [WIFI () - 507]
10-16 21:11:40.627  3957  4157 D ConnectivityService:  network has: [ Transports: WIFI Capabilities: NOT_METERED&INTERNET&NOT_RESTRICTED&TRUSTED&NOT_VPN&VALIDATED&FOREGROUND LinkUpBandwidth>=1048576Kbps LinkDnBandwidth>=1048576Kbps SignalStrength: -45]
10-16 21:11:40.627  3957  4157 D ConnectivityService:   checking if request is satisfied: NetworkRequest [ TRACK_DEFAULT id=1468, [ Capabilities: INTERNET&NOT_RESTRICTED&TRUSTED&NOT_VPN] ]
10-16 21:11:40.627  3957  4157 D ConnectivityService: currentScore = 0, newScore = 100
10-16 21:11:40.627  3957  4157 D ConnectivityService: rematch for NetworkAgentInfo [WIFI () - 507]
10-16 21:11:40.627  3957  4157 D ConnectivityService:    accepting network in place of null
10-16 21:11:40.627  3957  4157 D ConnectivityService: sending new Min Network Score(100): NetworkRequest [ TRACK_DEFAULT id=1468, [ Capabilities: INTERNET&NOT_RESTRICTED&TRUSTED&NOT_VPN] ]
10-16 21:11:40.628  3957  4313 D Ethernet: got request NetworkRequest [ TRACK_DEFAULT id=1468, [ Capabilities: INTERNET&NOT_RESTRICTED&TRUSTED&NOT_VPN] ] with score 100
10-16 21:11:40.628  3957  4313 D Ethernet:   my score=-1, my filter=[ Transports: ETHERNET Capabilities: INTERNET&NOT_RESTRICTED&TRUSTED&NOT_VPN LinkUpBandwidth>=100000Kbps LinkDnBandwidth>=100000Kbps]
10-16 21:11:40.628  3957  4313 D Ethernet: evalRequest
10-16 21:11:40.628  3957  4313 D Ethernet:   done
10-16 21:11:40.628  3957  4153 D WIFI_P2P: got request NetworkRequest [ TRACK_DEFAULT id=1468, [ Capabilities: INTERNET&NOT_RESTRICTED&TRUSTED&NOT_VPN] ] with score 100
10-16 21:11:40.628  3957  4157 D ConnectivityService: MultiNetwork Request(TransportType - Wi-Fi request). Internet Capability doesn't required (false)
10-16 21:11:40.628  3957  4153 D WIFI_P2P:   my score=60, my filter=[ Transports: WIFI Capabilities: WIFI_P2P&NOT_RESTRICTED&TRUSTED&NOT_VPN LinkUpBandwidth>=1048576Kbps LinkDnBandwidth>=1048576Kbps]
10-16 21:11:40.628  3957  4157 D ConnectivityService: Network NetworkAgentInfo [WIFI () - 507] was already satisfying request 1. No change.
10-16 21:11:40.628  3957  4153 D WIFI_P2P: evalRequest
10-16 21:11:40.628  3957  4153 D WIFI_P2P:   done
10-16 21:11:40.628  3957  4157 D ConnectivityService: Network NetworkAgentInfo [WIFI () - 507] was already satisfying request 3. No change.
10-16 21:11:40.628  3957  4157 D ConnectivityService: Network NetworkAgentInfo [WIFI () - 507] was already satisfying request 1430. No change.
10-16 21:11:40.628  3957  4129 D WIFI    : got request NetworkRequest [ TRACK_DEFAULT id=1468, [ Capabilities: INTERNET&NOT_RESTRICTED&TRUSTED&NOT_VPN] ] with score 100
10-16 21:11:40.628  4616  4616 D PhoneSwitcherNetworkRequstListener: got request NetworkRequest [ TRACK_DEFAULT id=1468, [ Capabilities: INTERNET&NOT_RESTRICTED&TRUSTED&NOT_VPN] ] with score 100
10-16 21:11:40.628  3957  4129 D WIFI    :   my score=60, my filter=[ Transports: WIFI Capabilities: NOT_METERED&INTERNET&NOT_RESTRICTED&TRUSTED&NOT_VPN LinkUpBandwidth>=1048576Kbps LinkDnBandwidth>=1048576Kbps]
10-16 21:11:40.628  3957  4157 D ConnectivityService: sending notification AVAILABLE for NetworkRequest [ TRACK_DEFAULT id=1468, [ Capabilities: INTERNET&NOT_RESTRICTED&TRUSTED&NOT_VPN] ]
10-16 21:11:40.628  3957  4129 D WIFI    : evalRequest
10-16 21:11:40.628  4616  4616 D PhoneSwitcherNetworkRequstListener:   my score=101, my filter=[ Transports: CELLULAR Capabilities: MMS&SUPL&DUN&FOTA&IMS&CBS&IA&RCS&XCAP&EIMS&INTERNET&NOT_RESTRICTED&TRUSTED&NOT_VPN&ENT1 Specifier: <android.net.MatchAllNetworkSpecifier@0>]
10-16 21:11:40.628  3957  4129 D WIFI    :   done
10-16 21:11:40.628  4616  4616 D PhoneSwitcherNetworkRequstListener: evalRequest
10-16 21:11:40.628  4616  4616 D PhoneSwitcherNetworkRequstListener:   needNetworkFor
10-16 21:11:40.628  3957  4129 D WIFI_UT : got request NetworkRequest [ TRACK_DEFAULT id=1468, [ Capabilities: INTERNET&NOT_RESTRICTED&TRUSTED&NOT_VPN] ] with score 100
10-16 21:11:40.628  3957  4129 D WIFI_UT :   my score=2147483647, my filter=[ Transports: WIFI Capabilities: NOT_METERED&INTERNET&NOT_RESTRICTED&TRUSTED&NOT_VPN LinkUpBandwidth>=1048576Kbps LinkDnBandwidth>=1048576Kbps]
10-16 21:11:40.628  3957  4129 D WIFI_UT : evalRequest
10-16 21:11:40.628  3957  4129 D WIFI_UT :   needNetworkFor
10-16 21:11:40.629  3957  4157 D ConnectivityService: sending notification CAP_CHANGED for NetworkRequest [ TRACK_DEFAULT id=1468, [ Capabilities: INTERNET&NOT_RESTRICTED&TRUSTED&NOT_VPN] ]
10-16 21:11:40.629  3957  4157 D ConnectivityService: sending notification IP_CHANGED for NetworkRequest [ TRACK_DEFAULT id=1468, [ Capabilities: INTERNET&NOT_RESTRICTED&TRUSTED&NOT_VPN] ]
10-16 21:11:40.639  3957  4460 D ConnectivityService: filterNetworkStateForUid() uid: 10169 networkInfo: [type: WIFI[] - WIFI, state: CONNECTED/CONNECTED, reason: (unspecified), extra: "ourhome", failover: false, available: true, roaming: false, metered: false]
10-16 21:11:40.639  3957  4460 D WifiService: getConnectionInfo uid=1000
10-16 21:11:40.639 10507 10507 I glean/Glean: Registering pings for org.mozilla.fenix.GleanMetrics.Pings
10-16 21:11:40.642 10507 10941 D NetworkSecurityConfig: No Network Security Config specified, using platform default
10-16 21:11:40.644 10911 10928 I VideoCapabilities: Unsupported profile 4 for video/mp4v-es
10-16 21:11:40.653 10507 10941 I System.out: (HTTPLog)-Static: isSBSettingEnabled false
10-16 21:11:40.653 10507 10941 I System.out: (HTTPLog)-Static: isSBSettingEnabled false
10-16 21:11:40.655 10507 10636 I FenixApplication: Running post-visual completeness tasks...
10-16 21:11:40.655 10507 10636 I FenixApplication: Storage initialization...
10-16 21:11:40.655  3599  3918 D DnsProxyListener: DNSDBG::dns addrinfo af 0
10-16 21:11:40.656 10507 10636 I PlacesHistoryStorage: Warming up places storage...
10-16 21:11:40.656 10507 10636 I PlacesHistoryStorage: 'Warming up places storage' took 0 ms
10-16 21:11:40.656 10507 10636 I PlacesBookmarksStorage: Warming up places storage...
10-16 21:11:40.656 10507 10636 I PlacesBookmarksStorage: 'Warming up places storage' took 0 ms
10-16 21:11:40.657 10507 10636 I SyncableLoginsStorage: Warming up storage...
10-16 21:11:40.658 10507 10636 I SyncableLoginsStorage: 'Warming up storage' took 0 ms
10-16 21:11:40.659 10507 10636 I AutofillCCAddressesStorage: Warming up storage...
10-16 21:11:40.659 10507 10636 I AutofillCCAddressesStorage: 'Warming up storage' took 0 ms
10-16 21:11:40.661 10507 10507 I ColdStartupDuration: COLD MAIN Application.<init> to first frame: 765 ms
10-16 21:11:40.662 10507 10507 I FenixApplication: Kicking-off account manager...
10-16 21:11:40.662 10507 10507 I FenixApplication: 'Kicking-off account manager' took 0 ms
10-16 21:11:40.695 10911 10928 W VideoCapabilities: Unrecognized profile/level 1/32 for video/mp4v-es
10-16 21:11:40.695 10911 10928 W VideoCapabilities: Unrecognized profile/level 32768/2 for video/mp4v-es
10-16 21:11:40.695 10911 10928 W VideoCapabilities: Unrecognized profile/level 32768/64 for video/mp4v-es
10-16 21:11:40.698 10911 10928 W VideoCapabilities: Unsupported mime video/wvc1
10-16 21:11:40.699 10911 10928 W VideoCapabilities: Unsupported mime video/x-ms-wmv
10-16 21:11:40.701 10911 10928 W VideoCapabilities: Unsupported mime video/x-ms-wmv7
10-16 21:11:40.704 10911 10928 W VideoCapabilities: Unsupported mime video/x-ms-wmv8
10-16 21:11:40.705 10911 10928 W VideoCapabilities: Unsupported mime video/mp43
10-16 21:11:40.716 10911 10928 W AudioCapabilities: Unsupported mime audio/mpeg-L1
10-16 21:11:40.717 10911 10928 W AudioCapabilities: Unsupported mime audio/mpeg-L2
10-16 21:11:40.717 10911 10928 W AudioCapabilities: Unsupported mime audio/x-ms-wma
10-16 21:11:40.717 10911 10928 W AudioCapabilities: Unsupported mime audio/x-ima
10-16 21:11:40.720 10911 10928 W VideoCapabilities: Unrecognized profile 2130706433 for video/avc
10-16 21:11:40.720 10911 10928 W VideoCapabilities: Unrecognized profile 2130706434 for video/avc
10-16 21:11:40.725 10911 10928 W VideoCapabilities: Unrecognized profile/level 1/32 for video/mp4v-es
10-16 21:11:40.725 10464 10771 I BatteryMgr:DataCollectionService: stats => 1697483500725,212,4313,206,0,100
10-16 21:11:40.725 10911 10928 W VideoCapabilities: Unrecognized profile/level 32768/2 for video/mp4v-es
10-16 21:11:40.725 10911 10928 W VideoCapabilities: Unrecognized profile/level 32768/64 for video/mp4v-es
10-16 21:11:40.726 10911 10928 W VideoCapabilities: Unsupported mime video/wvc1
10-16 21:11:40.727 10911 10928 W VideoCapabilities: Unsupported mime video/x-ms-wmv
10-16 21:11:40.728 10911 10928 W VideoCapabilities: Unsupported mime video/x-ms-wmv7
10-16 21:11:40.728 10911 10928 W VideoCapabilities: Unsupported mime video/x-ms-wmv8
10-16 21:11:40.729 10911 10928 W VideoCapabilities: Unsupported mime video/mp43
10-16 21:11:40.799  3957  3967 D ConnectivityService: filterNetworkStateForUid() uid: 10169 networkInfo: [type: WIFI[] - WIFI, state: CONNECTED/CONNECTED, reason: (unspecified), extra: "ourhome", failover: false, available: true, roaming: false, metered: false]
10-16 21:11:40.799  3957  3967 D WifiService: getConnectionInfo uid=1000
10-16 21:11:40.818  3957  3967 D ConnectivityService: filterNetworkStateForUid() uid: 10169 networkInfo: [type: WIFI[] - WIFI, state: CONNECTED/CONNECTED, reason: (unspecified), extra: "ourhome", failover: false, available: true, roaming: false, metered: false]
10-16 21:11:40.818  3957  3967 D WifiService: getConnectionInfo uid=1000
10-16 21:11:40.821 10507 10941 I System.out: (HTTPLog)-Static: isSBSettingEnabled false
10-16 21:11:40.821 10507 10941 I System.out: (HTTPLog)-Static: isSBSettingEnabled false
10-16 21:11:40.829 10507 10518 I zygote64: Background concurrent copying GC freed 62454(2MB) AllocSpace objects, 41(928KB) LOS objects, 50% free, 5MB/11MB, paused 2.232ms total 179.453ms
10-16 21:11:40.831  3599  3918 D DnsProxyListener: DNSDBG::dns addrinfo af 0
10-16 21:11:40.834 10464 10771 I BatteryMgr:DataCollectionService: stats => 1697483500834,212,4313,206,0,100
10-16 21:11:40.947 10464 10771 I BatteryMgr:DataCollectionService: stats => 1697483500947,212,4313,206,0,100
10-16 21:11:40.974 10507 10636 I FenixApplication: 'Storage initialization' took 319 ms
10-16 21:11:40.979  3957  4460 D ConnectivityService: filterNetworkStateForUid() uid: 10169 networkInfo: [type: WIFI[] - WIFI, state: CONNECTED/CONNECTED, reason: (unspecified), extra: "ourhome", failover: false, available: true, roaming: false, metered: false]
10-16 21:11:40.979  3957  4460 D WifiService: getConnectionInfo uid=1000
10-16 21:11:40.984 10507 10941 I System.out: (HTTPLog)-Static: isSBSettingEnabled false
10-16 21:11:40.985 10507 10941 I System.out: (HTTPLog)-Static: isSBSettingEnabled false
10-16 21:11:41.056 10464 10771 I BatteryMgr:DataCollectionService: stats => 1697483501056,212,4313,206,0,100
10-16 21:11:41.164 10464 10771 I BatteryMgr:DataCollectionService: stats => 1697483501164,212,4313,206,0,100
10-16 21:11:41.185  3957  4460 D ConnectivityService: filterNetworkStateForUid() uid: 10169 networkInfo: [type: WIFI[] - WIFI, state: CONNECTED/CONNECTED, reason: (unspecified), extra: "ourhome", failover: false, available: true, roaming: false, metered: false]
10-16 21:11:41.185  3957  4460 D WifiService: getConnectionInfo uid=1000
10-16 21:11:41.188 10507 10941 I System.out: (HTTPLog)-Static: isSBSettingEnabled false
10-16 21:11:41.188 10507 10941 I System.out: (HTTPLog)-Static: isSBSettingEnabled false
10-16 21:11:41.228  3957  4128 D WifiService: getConnectionInfo uid=1000
10-16 21:11:41.272 10464 10771 I BatteryMgr:DataCollectionService: stats => 1697483501272,212,4313,206,0,100
10-16 21:11:41.380 10464 10771 I BatteryMgr:DataCollectionService: stats => 1697483501380,212,4313,206,0,100
10-16 21:11:41.453 10507 10537 D GeckoIdleService: Get idle time: time since reset 5021 msec
10-16 21:11:41.453 10507 10537 D GeckoIdleService: Idle timer callback: current idle time 5021 msec
10-16 21:11:41.453 10507 10537 D GeckoIdleService: next timeout 4294967289979 msec from now
10-16 21:11:41.453 10507 10537 D GeckoIdleService: SetTimerExpiryIfBefore: next timeout 4294967289979 msec from now
10-16 21:11:41.453 10507 10537 D GeckoIdleService: reset timer expiry to 4294967289989 msec from now
10-16 21:11:41.453 10507 10537 D GeckoIdleService: Idle timer callback: tell observer 0x7423f771c8 user is idle
10-16 21:11:41.490 10464 10771 I BatteryMgr:DataCollectionService: stats => 1697483501490,212,4313,206,0,100
10-16 21:11:41.531  3957  4129 D WifiStateMachine:  ConnectedState !CMD_RSSI_POLL rt=452904428/1145888908 70 0 "ourhome" f4:6d:2f:12:cc:88 rssi=-43 f=5240 sc=60 link=433 tx=287.6, 24.8, 0.0  rx=327.9 bcn=546651 [on:0 tx:0 rx:0 period:987] from screen [on:587579 period:2974139] score=60
10-16 21:11:41.532  3957  4129 D WifiStateMachine:  L2ConnectedState !CMD_RSSI_POLL rt=452904429/1145888909 70 0 "ourhome" f4:6d:2f:12:cc:88 rssi=-43 f=5240 sc=60 link=433 tx=287.6, 24.8, 0.0  rx=327.9 bcn=546651 [on:0 tx:0 rx:0 period:1] from screen [on:587579 period:2974140] score=60
10-16 21:11:41.532  3957  4129 D WifiStateMachine:  get link layer stats 3
10-16 21:11:41.532  3436  3436 I android.hardware.wifi@1.0-service: getLinkLayerStats
10-16 21:11:41.536  3957  4129 D WifiStateMachine: fetchRssiLinkSpeedAndFrequencyNative rssi=-43 linkspeed=433 freq=5240
10-16 21:11:41.539  4340  4340 E SignalClusterView: setSlotFocusVisible : subId -2
10-16 21:11:41.540  4340  4340 E SignalClusterView: setSlotFocusVisible : subId -2
10-16 21:11:41.543  3957  4129 D WifiStateMachine:  ConnectedState !RSSI_PKTCNT_FETCH uid=1000 rt=452904440/1145888921 0 0 "ourhome" f4:6d:2f:12:cc:88 rssi=-43 f=5240 sc=60 link=433 tx=413.3, 23.6, 0.0  rx=468.0 bcn=546678 [on:0 tx:0 rx:0 period:4] from screen [on:590558 period:2974151] score=60
10-16 21:11:41.544  3957  4129 D WifiStateMachine:  L2ConnectedState !RSSI_PKTCNT_FETCH uid=1000 rt=452904441/1145888922 0 0 "ourhome" f4:6d:2f:12:cc:88 rssi=-43 f=5240 sc=60 link=433 tx=413.3, 23.6, 0.0  rx=468.0 bcn=546678 [on:0 tx:0 rx:0 period:1] from screen [on:590558 period:2974152] score=60
10-16 21:11:41.546  3957  4129 D WifiStateMachine: fetchRssiLinkSpeedAndFrequencyNative rssi=-43 linkspeed=433 freq=5240
10-16 21:11:41.598 10464 10771 I BatteryMgr:DataCollectionService: stats => 1697483501598,212,4313,206,0,100
10-16 21:11:41.713 10464 10771 I BatteryMgr:DataCollectionService: stats => 1697483501713,212,4313,206,0,100
10-16 21:11:41.824 10464 10771 I BatteryMgr:DataCollectionService: stats => 1697483501823,212,4313,206,0,100
10-16 21:11:41.933 10464 10771 I BatteryMgr:DataCollectionService: stats => 1697483501933,212,4313,206,0,100
10-16 21:11:42.045 10464 10771 I BatteryMgr:DataCollectionService: stats => 1697483502045,212,4313,206,0,100
10-16 21:11:42.155 10464 10771 I BatteryMgr:DataCollectionService: stats => 1697483502154,212,4313,206,0,100
10-16 21:11:42.230  3957  4128 D WifiService: getConnectionInfo uid=1000
10-16 21:11:42.264 10464 10771 I BatteryMgr:DataCollectionService: stats => 1697483502264,212,4313,206,0,100
10-16 21:11:42.374 10464 10771 I BatteryMgr:DataCollectionService: stats => 1697483502374,212,4313,206,0,100
10-16 21:11:42.485 10464 10771 I BatteryMgr:DataCollectionService: stats => 1697483502485,212,4313,206,0,100
10-16 21:11:42.545  3957  4129 D WifiStateMachine:  ConnectedState !RSSI_PKTCNT_FETCH uid=1000 rt=452905442/1145889923 0 0 "ourhome" f4:6d:2f:12:cc:88 rssi=-43 f=5240 sc=60 link=433 tx=413.3, 23.6, 0.0  rx=468.0 bcn=546678 [on:0 tx:0 rx:0 period:1001] from screen [on:590558 period:2975153] score=60
10-16 21:11:42.547  3957  4129 D WifiStateMachine:  L2ConnectedState !RSSI_PKTCNT_FETCH uid=1000 rt=452905443/1145889924 0 0 "ourhome" f4:6d:2f:12:cc:88 rssi=-43 f=5240 sc=60 link=433 tx=413.3, 23.6, 0.0  rx=468.0 bcn=546678 [on:0 tx:0 rx:0 period:2] from screen [on:590558 period:2975155] score=60
10-16 21:11:42.552  3957  4129 D WifiStateMachine: fetchRssiLinkSpeedAndFrequencyNative rssi=-40 linkspeed=433 freq=5240
10-16 21:11:42.586  2479  2548 D ScanRecord: Not a Multi Manu data
10-16 21:11:42.588  2479  2548 I chatty  : uid=1002(bluetooth) BT Service Call identical 11 lines
10-16 21:11:42.588  2479  2548 D ScanRecord: Not a Multi Manu data
10-16 21:11:42.595 10464 10771 I BatteryMgr:DataCollectionService: stats => 1697483502595,212,4313,206,0,100
10-16 21:11:42.598  2479  2548 D ScanRecord: Not a Multi Manu data
10-16 21:11:42.703  2479  2548 I chatty  : uid=1002(bluetooth) BT Service Call identical 141 lines
10-16 21:11:42.703  2479  2548 D ScanRecord: Not a Multi Manu data
10-16 21:11:42.705 10464 10771 I BatteryMgr:DataCollectionService: stats => 1697483502705,212,4313,206,0,100
10-16 21:11:42.728  2479  2548 D ScanRecord: Not a Multi Manu data
10-16 21:11:42.804  2479  2548 I chatty  : uid=1002(bluetooth) BT Service Call identical 89 lines
10-16 21:11:42.804  2479  2548 D ScanRecord: Not a Multi Manu data
10-16 21:11:42.816 10464 10771 I BatteryMgr:DataCollectionService: stats => 1697483502816,212,4313,206,0,100
10-16 21:11:42.824  2479  2548 D ScanRecord: Not a Multi Manu data
10-16 21:11:42.914  2479  2548 I chatty  : uid=1002(bluetooth) BT Service Call identical 154 lines
10-16 21:11:42.914  2479  2548 D ScanRecord: Not a Multi Manu data
10-16 21:11:42.925 10464 10771 I BatteryMgr:DataCollectionService: stats => 1697483502925,212,4313,206,0,100
10-16 21:11:42.932  2479  2548 D ScanRecord: Not a Multi Manu data
10-16 21:11:43.021  2479  2548 I chatty  : uid=1002(bluetooth) BT Service Call identical 193 lines
10-16 21:11:43.021  2479  2548 D ScanRecord: Not a Multi Manu data
10-16 21:11:43.033 10464 10771 I BatteryMgr:DataCollectionService: stats => 1697483503033,212,4313,206,0,100
10-16 21:11:43.037  2479  2548 D ScanRecord: Not a Multi Manu data
10-16 21:11:43.075  2479  2548 I chatty  : uid=1002(bluetooth) BT Service Call identical 89 lines
10-16 21:11:43.075  2479  2548 D ScanRecord: Not a Multi Manu data
10-16 21:11:43.143 10464 10771 I BatteryMgr:DataCollectionService: stats => 1697483503142,212,4313,206,0,100
10-16 21:11:43.232  3957  4128 D WifiService: getConnectionInfo uid=1000
10-16 21:11:43.249 10464 10771 I BatteryMgr:DataCollectionService: stats => 1697483503249,212,4313,206,0,100
10-16 21:11:43.360 10464 10771 I BatteryMgr:DataCollectionService: stats => 1697483503360,212,4313,206,0,100
10-16 21:11:43.469 10464 10771 I BatteryMgr:DataCollectionService: stats => 1697483503469,212,4313,206,0,100
10-16 21:11:43.547  3957  4129 D WifiStateMachine:  ConnectedState !RSSI_PKTCNT_FETCH uid=1000 rt=452906444/1145890925 0 0 "ourhome" f4:6d:2f:12:cc:88 rssi=-40 f=5240 sc=60 link=433 tx=413.3, 23.6, 0.0  rx=468.0 bcn=546678 [on:0 tx:0 rx:0 period:1000] from screen [on:590558 period:2976155] score=60
10-16 21:11:43.548  3957  4129 D WifiStateMachine:  L2ConnectedState !RSSI_PKTCNT_FETCH uid=1000 rt=452906445/1145890926 0 0 "ourhome" f4:6d:2f:12:cc:88 rssi=-40 f=5240 sc=60 link=433 tx=413.3, 23.6, 0.0  rx=468.0 bcn=546678 [on:0 tx:0 rx:0 period:1] from screen [on:590558 period:2976156] score=60
10-16 21:11:43.555  3957  4129 D WifiStateMachine: fetchRssiLinkSpeedAndFrequencyNative rssi=-40 linkspeed=433 freq=5240
10-16 21:11:43.578 10464 10771 I BatteryMgr:DataCollectionService: stats => 1697483503578,212,4313,206,0,100
10-16 21:11:43.686 10464 10771 I BatteryMgr:DataCollectionService: stats => 1697483503686,212,4313,206,0,100
10-16 21:11:43.797 10464 10771 I BatteryMgr:DataCollectionService: stats => 1697483503797,212,4313,206,0,100
10-16 21:11:43.907 10464 10771 I BatteryMgr:DataCollectionService: stats => 1697483503907,212,4313,206,0,100
10-16 21:11:43.966 10507 10609 I WM-WorkerWrapper: Worker result SUCCESS for Work [ id=a467350d-f82e-4946-9cff-fe32d2b99ead, tags={ org.mozilla.fenix.messaging.MessageNotificationWorker } ]
10-16 21:11:43.981  3957  4460 I SamsungAlarmManager: setLocked to kernel - T:2 / 20231016T211445, SetElapsed=1146073177, nowELAPSED=1145891359
10-16 21:11:43.982  3957  4460 D SamsungAlarmManager: setInexact Listener (T:2/F:0/AC:false) 20231016T212048 - CU:1000/CP:3957
10-16 21:11:43.986  3957  4460 I SamsungAlarmManager: setLocked to kernel - T:2 / 20231016T212214, SetElapsed=1146521411, nowELAPSED=1145891365
10-16 21:11:43.987  3957  4460 D SamsungAlarmManager: setInexact Listener (T:2/F:0/AC:false) 20231016T211445 - CU:1000/CP:3957
10-16 21:11:43.987  3957  4460 I SamsungAlarmManager: setLocked to kernel - T:2 / 20231016T211445, SetElapsed=1146073177, nowELAPSED=1145891365
10-16 21:11:44.017 10464 10771 I BatteryMgr:DataCollectionService: stats => 1697483504017,212,4313,206,0,100
10-16 21:11:44.030  4961  4961 D io_stats: !@ 179,0 r 7192187 229913572 w 1518793 31742924 d 122748 32977492 f 353062 372137 iot 3141360 2751239 th 51200 0 0 pt 0 inp 0 0 452906.927
10-16 21:11:44.140 10464 10771 I BatteryMgr:DataCollectionService: stats => 1697483504139,212,4313,206,0,100
10-16 21:11:44.235  3957  4128 D WifiService: getConnectionInfo uid=1000
10-16 21:11:44.253 10464 10771 I BatteryMgr:DataCollectionService: stats => 1697483504253,212,4313,206,0,100
10-16 21:11:44.364 10464 10771 I BatteryMgr:DataCollectionService: stats => 1697483504364,212,4313,206,0,100
10-16 21:11:44.497 10464 10771 I BatteryMgr:DataCollectionService: stats => 1697483504497,212,4313,206,0,100
10-16 21:11:44.540  3957  4129 D WifiStateMachine:  ConnectedState !CMD_RSSI_POLL rt=452907435/1145891916 70 0 "ourhome" f4:6d:2f:12:cc:88 rssi=-40 f=5240 sc=60 link=433 tx=413.3, 23.6, 0.0  rx=468.0 bcn=546678 [on:0 tx:0 rx:0 period:992] from screen [on:590558 period:2977148] score=60
10-16 21:11:44.541  3957  4129 D WifiStateMachine:  L2ConnectedState !CMD_RSSI_POLL rt=452907438/1145891919 70 0 "ourhome" f4:6d:2f:12:cc:88 rssi=-40 f=5240 sc=60 link=433 tx=413.3, 23.6, 0.0  rx=468.0 bcn=546678 [on:0 tx:0 rx:0 period:1] from screen [on:590558 period:2977149] score=60
10-16 21:11:44.541  3957  4129 D WifiStateMachine:  get link layer stats 3
10-16 21:11:44.542  3436  3436 I android.hardware.wifi@1.0-service: getLinkLayerStats
10-16 21:11:44.545  3957  4129 D WifiStateMachine: fetchRssiLinkSpeedAndFrequencyNative rssi=-41 linkspeed=433 freq=5240
10-16 21:11:44.549  3957  4129 D WifiStateMachine:  ConnectedState !RSSI_PKTCNT_FETCH uid=1000 rt=452907446/1145891926 0 0 "ourhome" f4:6d:2f:12:cc:88 rssi=-41 f=5240 sc=60 link=433 tx=166.1, 10.6, 0.0  rx=203.9 bcn=546708 [on:0 tx:0 rx:0 period:1] from screen [on:591599 period:2977157] score=60
10-16 21:11:44.550  4340  4340 E SignalClusterView: setSlotFocusVisible : subId -2
10-16 21:11:44.550  4340  4340 E SignalClusterView: setSlotFocusVisible : subId -2
10-16 21:11:44.550  3957  4129 D WifiStateMachine:  L2ConnectedState !RSSI_PKTCNT_FETCH uid=1000 rt=452907447/1145891928 0 0 "ourhome" f4:6d:2f:12:cc:88 rssi=-41 f=5240 sc=60 link=433 tx=166.1, 10.6, 0.0  rx=203.9 bcn=546708 [on:0 tx:0 rx:0 period:1] from screen [on:591599 period:2977158] score=60
10-16 21:11:44.551  3957  4129 D WifiStateMachine: fetchRssiLinkSpeedAndFrequencyNative rssi=-41 linkspeed=433 freq=5240
10-16 21:11:44.607 10464 10771 I BatteryMgr:DataCollectionService: stats => 1697483504606,212,4313,206,0,100
10-16 21:11:44.676  3957  4416 E Watchdog: !@Sync 15091 [2023-10-16 21:11:44.676]
10-16 21:11:44.715 10464 10771 I BatteryMgr:DataCollectionService: stats => 1697483504714,212,4313,206,0,100
10-16 21:11:44.831 10464 10771 I BatteryMgr:DataCollectionService: stats => 1697483504831,212,4313,206,0,100
10-16 21:11:44.941 10464 10771 I BatteryMgr:DataCollectionService: stats => 1697483504941,212,4313,206,0,100
10-16 21:11:45.049 10464 10771 I BatteryMgr:DataCollectionService: stats => 1697483505049,212,4313,206,0,100
10-16 21:11:45.157 10464 10771 I BatteryMgr:DataCollectionService: stats => 1697483505156,212,4313,206,0,100
10-16 21:11:45.237  3957  4128 D WifiService: getConnectionInfo uid=1000
10-16 21:11:45.265 10464 10771 I BatteryMgr:DataCollectionService: stats => 1697483505265,212,4313,206,0,100
10-16 21:11:45.376 10464 10771 I BatteryMgr:DataCollectionService: stats => 1697483505375,212,4313,206,0,100
10-16 21:11:45.486 10464 10771 I BatteryMgr:DataCollectionService: stats => 1697483505486,212,4313,206,0,100
10-16 21:11:45.553  3957  4129 D WifiStateMachine:  ConnectedState !RSSI_PKTCNT_FETCH uid=1000 rt=452908447/1145892928 0 0 "ourhome" f4:6d:2f:12:cc:88 rssi=-41 f=5240 sc=60 link=433 tx=166.1, 10.6, 0.0  rx=203.9 bcn=546708 [on:0 tx:0 rx:0 period:1003] from screen [on:591599 period:2978161] score=60
10-16 21:11:45.556  3957  4129 D WifiStateMachine:  L2ConnectedState !RSSI_PKTCNT_FETCH uid=1000 rt=452908451/1145892932 0 0 "ourhome" f4:6d:2f:12:cc:88 rssi=-41 f=5240 sc=60 link=433 tx=166.1, 10.6, 0.0  rx=203.9 bcn=546708 [on:0 tx:0 rx:0 period:3] from screen [on:591599 period:2978164] score=60
10-16 21:11:45.562  3957  4129 D WifiStateMachine: fetchRssiLinkSpeedAndFrequencyNative rssi=-39 linkspeed=433 freq=5240
10-16 21:11:45.598 10464 10771 I BatteryMgr:DataCollectionService: stats => 1697483505598,212,4313,206,0,100
10-16 21:11:45.709 10464 10771 I BatteryMgr:DataCollectionService: stats => 1697483505709,20,4313,-34,0,100
10-16 21:11:45.819 10464 10771 I BatteryMgr:DataCollectionService: stats => 1697483505818,20,4313,-34,0,100
10-16 21:11:45.927 10464 10771 I BatteryMgr:DataCollectionService: stats => 1697483505927,20,4313,-34,0,100
10-16 21:11:46.035 10464 10771 I BatteryMgr:DataCollectionService: stats => 1697483506035,20,4313,-34,0,100
10-16 21:11:46.143 10464 10771 I BatteryMgr:DataCollectionService: stats => 1697483506143,20,4313,-34,0,100
10-16 21:11:46.170  3957  4460 D BatteryService: !@BatteryListener : batteryPropertiesChanged!
10-16 21:11:46.238  3957  4128 D WifiService: getConnectionInfo uid=1000
10-16 21:11:46.251 10464 10771 I BatteryMgr:DataCollectionService: stats => 1697483506251,20,4313,-34,0,100
10-16 21:11:46.361 10464 10771 I BatteryMgr:DataCollectionService: stats => 1697483506361,20,4313,-34,0,100
10-16 21:11:46.469 10464 10771 I BatteryMgr:DataCollectionService: stats => 1697483506469,20,4313,-34,0,100
10-16 21:11:46.551  3957  4129 D WifiStateMachine:  ConnectedState !RSSI_PKTCNT_FETCH uid=1000 rt=452909447/1145893928 0 0 "ourhome" f4:6d:2f:12:cc:88 rssi=-39 f=5240 sc=60 link=433 tx=166.1, 10.6, 0.0  rx=203.9 bcn=546708 [on:0 tx:0 rx:0 period:995] from screen [on:591599 period:2979159] score=60
10-16 21:11:46.552  3957  4129 D WifiStateMachine:  L2ConnectedState !RSSI_PKTCNT_FETCH uid=1000 rt=452909448/1145893929 0 0 "ourhome" f4:6d:2f:12:cc:88 rssi=-39 f=5240 sc=60 link=433 tx=166.1, 10.6, 0.0  rx=203.9 bcn=546708 [on:0 tx:0 rx:0 period:0] from screen [on:591599 period:2979159] score=60
10-16 21:11:46.557  3957  4129 D WifiStateMachine: fetchRssiLinkSpeedAndFrequencyNative rssi=-39 linkspeed=433 freq=5240
10-16 21:11:46.576 10464 10771 I BatteryMgr:DataCollectionService: stats => 1697483506576,20,4313,-34,0,100
10-16 21:11:46.684 10464 10771 I BatteryMgr:DataCollectionService: stats => 1697483506684,20,4313,-34,0,100
10-16 21:11:46.792 10464 10771 I BatteryMgr:DataCollectionService: stats => 1697483506792,20,4313,-34,0,100
10-16 21:11:46.901 10464 10771 I BatteryMgr:DataCollectionService: stats => 1697483506901,20,4313,-34,0,100
10-16 21:11:47.011 10464 10771 I BatteryMgr:DataCollectionService: stats => 1697483507011,20,4313,-34,0,100
10-16 21:11:47.125 10464 10771 I BatteryMgr:DataCollectionService: stats => 1697483507125,20,4313,-34,0,100
10-16 21:11:47.234 10464 10771 I BatteryMgr:DataCollectionService: stats => 1697483507234,20,4313,-34,0,100
10-16 21:11:47.240  3957  4128 D WifiService: getConnectionInfo uid=1000
10-16 21:11:47.342 10464 10771 I BatteryMgr:DataCollectionService: stats => 1697483507341,20,4313,-34,0,100
10-16 21:11:47.425 10662 10742 V Surface : sf_framedrop debug : 0x4f4c, game : false, logging : 0
10-16 21:11:47.428 10662 10742 D mali_winsys: EGLint new_window_surface(egl_winsys_display *, void *, EGLSurface, EGLConfig, egl_winsys_surface **, egl_color_buffer_format *, EGLBoolean) returns 0x3000,  [372x514]-format:1
10-16 21:11:47.454 10464 10771 I BatteryMgr:DataCollectionService: stats => 1697483507453,20,4313,-34,0,100
10-16 21:11:47.549  3957  4129 D WifiStateMachine:  ConnectedState !CMD_RSSI_POLL rt=452910445/1145894926 70 0 "ourhome" f4:6d:2f:12:cc:88 rssi=-39 f=5240 sc=60 link=433 tx=166.1, 10.6, 0.0  rx=203.9 bcn=546708 [on:0 tx:0 rx:0 period:998] from screen [on:591599 period:2980157] score=60
10-16 21:11:47.550  3957  4129 D WifiStateMachine:  L2ConnectedState !CMD_RSSI_POLL rt=452910447/1145894927 70 0 "ourhome" f4:6d:2f:12:cc:88 rssi=-39 f=5240 sc=60 link=433 tx=166.1, 10.6, 0.0  rx=203.9 bcn=546708 [on:0 tx:0 rx:0 period:1] from screen [on:591599 period:2980158] score=60
10-16 21:11:47.551  3957  4129 D WifiStateMachine:  get link layer stats 3
10-16 21:11:47.551  3436  3436 I android.hardware.wifi@1.0-service: getLinkLayerStats
10-16 21:11:47.554  3957  4129 D WifiStateMachine: fetchRssiLinkSpeedAndFrequencyNative rssi=-40 linkspeed=433 freq=5240
10-16 21:11:47.559  4340  4340 E SignalClusterView: setSlotFocusVisible : subId -2
10-16 21:11:47.559  4340  4340 E SignalClusterView: setSlotFocusVisible : subId -2
10-16 21:11:47.559  3957  4129 D WifiStateMachine:  ConnectedState !RSSI_PKTCNT_FETCH uid=1000 rt=452910456/1145894937 0 0 "ourhome" f4:6d:2f:12:cc:88 rssi=-40 f=5240 sc=60 link=433 tx=62.8, 3.9, 0.0  rx=76.7 bcn=546736 [on:0 tx:0 rx:0 period:1] from screen [on:592862 period:2980167] score=60
10-16 21:11:47.560  3957  4129 D WifiStateMachine:  L2ConnectedState !RSSI_PKTCNT_FETCH uid=1000 rt=452910457/1145894938 0 0 "ourhome" f4:6d:2f:12:cc:88 rssi=-40 f=5240 sc=60 link=433 tx=62.8, 3.9, 0.0  rx=76.7 bcn=546736 [on:0 tx:0 rx:0 period:1] from screen [on:592862 period:2980168] score=60
10-16 21:11:47.562  3957  4129 D WifiStateMachine: fetchRssiLinkSpeedAndFrequencyNative rssi=-40 linkspeed=433 freq=5240
10-16 21:11:47.562 10464 10771 I BatteryMgr:DataCollectionService: stats => 1697483507562,20,4313,-34,0,100
10-16 21:11:47.596  2479  2548 D ScanRecord: Not a Multi Manu data
10-16 21:11:47.622  2479  2548 I chatty  : uid=1002(bluetooth) BT Service Call identical 154 lines
10-16 21:11:47.622  2479  2548 D ScanRecord: Not a Multi Manu data
10-16 21:11:47.626 10662 10742 V Surface : sf_framedrop debug : 0x4f4c, game : false, logging : 0
10-16 21:11:47.626 10662 10742 D mali_winsys: EGLint new_window_surface(egl_winsys_display *, void *, EGLSurface, EGLConfig, egl_winsys_surface **, egl_color_buffer_format *, EGLBoolean) returns 0x3000,  [372x514]-format:1
10-16 21:11:47.629  2479  2548 D ScanRecord: Not a Multi Manu data
10-16 21:11:47.671  2479  2548 I chatty  : uid=1002(bluetooth) BT Service Call identical 106 lines
10-16 21:11:47.671 10464 10771 I BatteryMgr:DataCollectionService: stats => 1697483507671,20,4313,-34,0,100
10-16 21:11:47.671  2479  2548 D ScanRecord: Not a Multi Manu data
10-16 21:11:47.671  2479  2548 D ScanRecord: Not a Multi Manu data
10-16 21:11:47.695  2479  2548 I chatty  : uid=1002(bluetooth) BT Service Call identical 59 lines
10-16 21:11:47.695  2479  2548 D ScanRecord: Not a Multi Manu data
10-16 21:11:47.697  3957  4030 D SensorService: [SO] 0.148 -0.086 9.974
10-16 21:11:47.703  2479  2548 D ScanRecord: Not a Multi Manu data
10-16 21:11:47.744  2479  2548 I chatty  : uid=1002(bluetooth) BT Service Call identical 91 lines
10-16 21:11:47.744  2479  2492 I zygote64: Background concurrent copying GC freed 50755(1472KB) AllocSpace objects, 0(0B) LOS objects, 69% free, 667KB/2MB, paused 6.482ms total 72.907ms
10-16 21:11:47.744  2479  2548 D ScanRecord: Not a Multi Manu data
10-16 21:11:47.745  2479  2548 D ScanRecord: Not a Multi Manu data
10-16 21:11:47.752  2479  2548 I chatty  : uid=1002(bluetooth) BT Service Call identical 22 lines
10-16 21:11:47.752  2479  2548 D ScanRecord: Not a Multi Manu data
10-16 21:11:47.752 10662 10742 V Surface : sf_framedrop debug : 0x4f4c, game : false, logging : 0
10-16 21:11:47.753 10662 10742 D mali_winsys: EGLint new_window_surface(egl_winsys_display *, void *, EGLSurface, EGLConfig, egl_winsys_surface **, egl_color_buffer_format *, EGLBoolean) returns 0x3000,  [372x514]-format:1
10-16 21:11:47.763  2479  2548 D ScanRecord: Not a Multi Manu data
10-16 21:11:47.777  2479  2548 I chatty  : uid=1002(bluetooth) BT Service Call identical 37 lines
10-16 21:11:47.777  2479  2548 D ScanRecord: Not a Multi Manu data
10-16 21:11:47.779 10464 10771 I BatteryMgr:DataCollectionService: stats => 1697483507779,20,4313,-34,0,100
10-16 21:11:47.784  2479  2548 D ScanRecord: Not a Multi Manu data
10-16 21:11:47.852  2479  2548 I chatty  : uid=1002(bluetooth) BT Service Call identical 180 lines
10-16 21:11:47.852  2479  2548 D ScanRecord: Not a Multi Manu data
10-16 21:11:47.858 10662 10742 V Surface : sf_framedrop debug : 0x4f4c, game : false, logging : 0
10-16 21:11:47.859 10662 10742 D mali_winsys: EGLint new_window_surface(egl_winsys_display *, void *, EGLSurface, EGLConfig, egl_winsys_surface **, egl_color_buffer_format *, EGLBoolean) returns 0x3000,  [372x514]-format:1
10-16 21:11:47.862  2479  2548 D ScanRecord: Not a Multi Manu data
10-16 21:11:47.887  2479  2548 I chatty  : uid=1002(bluetooth) BT Service Call identical 76 lines
10-16 21:11:47.887  2479  2548 D ScanRecord: Not a Multi Manu data
10-16 21:11:47.887 10464 10771 I BatteryMgr:DataCollectionService: stats => 1697483507887,20,4313,-34,0,100
10-16 21:11:47.895  2479  2548 D ScanRecord: Not a Multi Manu data
10-16 21:11:47.997  2479  2548 I chatty  : uid=1002(bluetooth) BT Service Call identical 210 lines
10-16 21:11:47.997  2479  2548 D ScanRecord: Not a Multi Manu data
10-16 21:11:47.997 10464 10771 I BatteryMgr:DataCollectionService: stats => 1697483507997,20,4313,-34,0,100
10-16 21:11:47.997  2479  2548 D ScanRecord: Not a Multi Manu data
10-16 21:11:48.068  2479  2548 I chatty  : uid=1002(bluetooth) BT Service Call identical 150 lines
10-16 21:11:48.068  2479  2548 D ScanRecord: Not a Multi Manu data
10-16 21:11:48.104 10464 10771 I BatteryMgr:DataCollectionService: stats => 1697483508104,20,4313,-34,0,100
10-16 21:11:48.211 10464 10771 I BatteryMgr:DataCollectionService: stats => 1697483508211,20,4313,-34,0,100
10-16 21:11:48.243  3957  4128 D WifiService: getConnectionInfo uid=1000
10-16 21:11:48.321 10464 10771 I BatteryMgr:DataCollectionService: stats => 1697483508321,20,4313,-34,0,100
10-16 21:11:48.433 10464 10771 I BatteryMgr:DataCollectionService: stats => 1697483508433,20,4313,-34,0,100
10-16 21:11:48.540 10464 10771 I BatteryMgr:DataCollectionService: stats => 1697483508540,20,4313,-34,0,100
10-16 21:11:48.553  3957  4129 D WifiStateMachine:  ConnectedState !RSSI_PKTCNT_FETCH uid=1000 rt=452911449/1145895930 0 0 "ourhome" f4:6d:2f:12:cc:88 rssi=-40 f=5240 sc=60 link=433 tx=62.8, 3.9, 0.0  rx=76.7 bcn=546736 [on:0 tx:0 rx:0 period:993] from screen [on:592862 period:2981161] score=60
10-16 21:11:48.554  3957  4129 D WifiStateMachine:  L2ConnectedState !RSSI_PKTCNT_FETCH uid=1000 rt=452911451/1145895931 0 0 "ourhome" f4:6d:2f:12:cc:88 rssi=-40 f=5240 sc=60 link=433 tx=62.8, 3.9, 0.0  rx=76.7 bcn=546736 [on:0 tx:0 rx:0 period:1] from screen [on:592862 period:2981162] score=60
10-16 21:11:48.560  3957  4129 D WifiStateMachine: fetchRssiLinkSpeedAndFrequencyNative rssi=-40 linkspeed=433 freq=5240
10-16 21:11:48.648 10464 10771 I BatteryMgr:DataCollectionService: stats => 1697483508648,20,4313,-34,0,100
10-16 21:11:48.756 10464 10771 I BatteryMgr:DataCollectionService: stats => 1697483508756,20,4313,-34,0,100
10-16 21:11:48.865 10464 10771 I BatteryMgr:DataCollectionService: stats => 1697483508865,20,4313,-34,0,100
10-16 21:11:48.972 10464 10771 I BatteryMgr:DataCollectionService: stats => 1697483508972,20,4313,-34,0,100
10-16 21:11:49.032  4961  4961 D io_stats: !@ 179,0 r 7192894 229921228 w 1518870 31744372 d 122760 32978192 f 353063 372138 iot 3141552 2751389 th 51200 0 0 pt 0 inp 0 0 452911.929
10-16 21:11:49.081 10464 10771 I BatteryMgr:DataCollectionService: stats => 1697483509081,20,4313,-34,0,100
10-16 21:11:49.189 10464 10771 I BatteryMgr:DataCollectionService: stats => 1697483509188,20,4313,-34,0,100
10-16 21:11:49.245  3957  4128 D WifiService: getConnectionInfo uid=1000
10-16 21:11:49.298 10464 10771 I BatteryMgr:DataCollectionService: stats => 1697483509298,20,4313,-34,0,100
10-16 21:11:49.405 10464 10771 I BatteryMgr:DataCollectionService: stats => 1697483509405,20,4313,-34,0,100
10-16 21:11:49.513 10464 10771 I BatteryMgr:DataCollectionService: stats => 1697483509512,20,4313,-34,0,100
10-16 21:11:49.554  3957  4129 D WifiStateMachine:  ConnectedState !RSSI_PKTCNT_FETCH uid=1000 rt=452912451/1145896931 0 0 "ourhome" f4:6d:2f:12:cc:88 rssi=-40 f=5240 sc=60 link=433 tx=62.8, 3.9, 0.0  rx=76.7 bcn=546736 [on:0 tx:0 rx:0 period:1000] from screen [on:592862 period:2982162] score=60
10-16 21:11:49.555  3957  4129 D WifiStateMachine:  L2ConnectedState !RSSI_PKTCNT_FETCH uid=1000 rt=452912451/1145896932 0 0 "ourhome" f4:6d:2f:12:cc:88 rssi=-40 f=5240 sc=60 link=433 tx=62.8, 3.9, 0.0  rx=76.7 bcn=546736 [on:0 tx:0 rx:0 period:1] from screen [on:592862 period:2982163] score=60
10-16 21:11:49.561  3957  4129 D WifiStateMachine: fetchRssiLinkSpeedAndFrequencyNative rssi=-40 linkspeed=433 freq=5240
10-16 21:11:49.621 10464 10771 I BatteryMgr:DataCollectionService: stats => 1697483509621,20,4313,-34,0,100
10-16 21:11:49.730 10464 10771 I BatteryMgr:DataCollectionService: stats => 1697483509730,20,4313,-34,0,100
10-16 21:11:49.838 10464 10771 I BatteryMgr:DataCollectionService: stats => 1697483509838,20,4313,-34,0,100
10-16 21:11:49.946 10464 10771 I BatteryMgr:DataCollectionService: stats => 1697483509946,20,4313,-34,0,100
10-16 21:11:50.053 10464 10771 I BatteryMgr:DataCollectionService: stats => 1697483510053,20,4313,-34,0,100
10-16 21:11:50.160 10464 10771 I BatteryMgr:DataCollectionService: stats => 1697483510160,20,4313,-34,0,100
10-16 21:11:50.245  3957  4128 D WifiService: getConnectionInfo uid=1000
10-16 21:11:50.269 10464 10771 I BatteryMgr:DataCollectionService: stats => 1697483510269,20,4313,-34,0,100
10-16 21:11:50.358  3957  6478 D SSRM:k  : SIOP:: AP = 420, PST = 351 (W:10), BAT = 282, USB = 0, CHG = 0
10-16 21:11:50.374  3957  6478 D WifiService: getConnectionInfo uid=1000
10-16 21:11:50.378 10464 10771 I BatteryMgr:DataCollectionService: stats => 1697483510378,20,4313,-34,0,100
10-16 21:11:50.489 10464 10771 I BatteryMgr:DataCollectionService: stats => 1697483510489,20,4313,-34,0,100
10-16 21:11:50.555  3957  4129 D WifiStateMachine:  ConnectedState !RSSI_PKTCNT_FETCH uid=1000 rt=452913451/1145897932 0 0 "ourhome" f4:6d:2f:12:cc:88 rssi=-40 f=5240 sc=60 link=433 tx=62.8, 3.9, 0.0  rx=76.7 bcn=546736 [on:0 tx:0 rx:0 period:1000] from screen [on:592862 period:2983163] score=60
10-16 21:11:50.556  3957  4129 D WifiStateMachine:  L2ConnectedState !RSSI_PKTCNT_FETCH uid=1000 rt=452913453/1145897933 0 0 "ourhome" f4:6d:2f:12:cc:88 rssi=-40 f=5240 sc=60 link=433 tx=62.8, 3.9, 0.0  rx=76.7 bcn=546736 [on:0 tx:0 rx:0 period:1] from screen [on:592862 period:2983164] score=60
10-16 21:11:50.557  3957  4129 D WifiStateMachine: fetchRssiLinkSpeedAndFrequencyNative rssi=-40 linkspeed=433 freq=5240
10-16 21:11:50.559  3957  4129 D WifiStateMachine:  ConnectedState !CMD_RSSI_POLL rt=452913456/1145897937 70 0 "ourhome" f4:6d:2f:12:cc:88 rssi=-40 f=5240 sc=60 link=433 tx=62.8, 3.9, 0.0  rx=76.7 bcn=546736 [on:0 tx:0 rx:0 period:3] from screen [on:592862 period:2983167] score=60
10-16 21:11:50.560  3957  4129 D WifiStateMachine:  L2ConnectedState !CMD_RSSI_POLL rt=452913457/1145897937 70 0 "ourhome" f4:6d:2f:12:cc:88 rssi=-40 f=5240 sc=60 link=433 tx=62.8, 3.9, 0.0  rx=76.7 bcn=546736 [on:0 tx:0 rx:0 period:1] from screen [on:592862 period:2983168] score=60
10-16 21:11:50.560  3957  4129 D WifiStateMachine:  get link layer stats 3
10-16 21:11:50.560  3436  3436 I android.hardware.wifi@1.0-service: getLinkLayerStats
10-16 21:11:50.572  3957  4129 D WifiStateMachine: fetchRssiLinkSpeedAndFrequencyNative rssi=-40 linkspeed=433 freq=5240
10-16 21:11:50.575  4340  4340 E SignalClusterView: setSlotFocusVisible : subId -2
10-16 21:11:50.576  4340  4340 E SignalClusterView: setSlotFocusVisible : subId -2
10-16 21:11:50.597 10464 10771 I BatteryMgr:DataCollectionService: stats => 1697483510596,20,4313,-34,0,100
10-16 21:11:50.704 10464 10771 I BatteryMgr:DataCollectionService: stats => 1697483510704,20,4313,-34,0,100
10-16 21:11:50.811 10464 10771 I BatteryMgr:DataCollectionService: stats => 1697483510811,20,4313,-34,0,100
10-16 21:11:50.920 10464 10771 I BatteryMgr:DataCollectionService: stats => 1697483510920,20,4313,-34,0,100
10-16 21:11:51.028 10464 10771 I BatteryMgr:DataCollectionService: stats => 1697483511028,20,4313,-34,0,100
10-16 21:11:51.134 10464 10771 I BatteryMgr:DataCollectionService: stats => 1697483511134,20,4313,-34,0,100
10-16 21:11:51.240 10464 10771 I BatteryMgr:DataCollectionService: stats => 1697483511240,20,4313,-34,0,100
10-16 21:11:51.247  3957  4128 D WifiService: getConnectionInfo uid=1000
10-16 21:11:51.349 10464 10771 I BatteryMgr:DataCollectionService: stats => 1697483511349,20,4313,-34,0,100
10-16 21:11:51.458 10464 10771 I BatteryMgr:DataCollectionService: stats => 1697483511458,20,4313,-34,0,100
10-16 21:11:51.556  3957  4129 D WifiStateMachine:  ConnectedState !RSSI_PKTCNT_FETCH uid=1000 rt=452914453/1145898934 0 0 "ourhome" f4:6d:2f:12:cc:88 rssi=-40 f=5240 sc=60 link=433 tx=23.0, 1.4, 0.0  rx=28.7 bcn=546764 [on:0 tx:0 rx:0 period:982] from screen [on:593309 period:2984164] score=60
10-16 21:11:51.557  3957  4129 D WifiStateMachine:  L2ConnectedState !RSSI_PKTCNT_FETCH uid=1000 rt=452914454/1145898934 0 0 "ourhome" f4:6d:2f:12:cc:88 rssi=-40 f=5240 sc=60 link=433 tx=23.0, 1.4, 0.0  rx=28.7 bcn=546764 [on:0 tx:0 rx:0 period:1] from screen [on:593309 period:2984165] score=60
10-16 21:11:51.564  3957  4129 D WifiStateMachine: fetchRssiLinkSpeedAndFrequencyNative rssi=-39 linkspeed=433 freq=5240
10-16 21:11:51.567 10464 10771 I BatteryMgr:DataCollectionService: stats => 1697483511567,20,4313,-34,0,100
10-16 21:11:51.675 10464 10771 I BatteryMgr:DataCollectionService: stats => 1697483511674,20,4313,-34,0,100
10-16 21:11:51.785 10464 10771 I BatteryMgr:DataCollectionService: stats => 1697483511785,20,4313,-34,0,100
10-16 21:11:51.893 10464 10771 I BatteryMgr:DataCollectionService: stats => 1697483511893,20,4313,-34,0,100
10-16 21:11:52.002 10464 10771 I BatteryMgr:DataCollectionService: stats => 1697483512002,20,4313,-34,0,100
10-16 21:11:52.112 10464 10771 I BatteryMgr:DataCollectionService: stats => 1697483512112,20,4313,-34,0,100
10-16 21:11:52.221 10464 10771 I BatteryMgr:DataCollectionService: stats => 1697483512221,20,4313,-34,0,100
10-16 21:11:52.249  3957  4128 D WifiService: getConnectionInfo uid=1000
10-16 21:11:52.327 10464 10771 I BatteryMgr:DataCollectionService: stats => 1697483512327,20,4313,-34,0,100
10-16 21:11:52.435 10464 10771 I BatteryMgr:DataCollectionService: stats => 1697483512435,20,4313,-34,0,100
10-16 21:11:52.541 10464 10771 I BatteryMgr:DataCollectionService: stats => 1697483512541,20,4313,-34,0,100
10-16 21:11:52.558  3957  4129 D WifiStateMachine:  ConnectedState !RSSI_PKTCNT_FETCH uid=1000 rt=452915455/1145899936 0 0 "ourhome" f4:6d:2f:12:cc:88 rssi=-39 f=5240 sc=60 link=433 tx=23.0, 1.4, 0.0  rx=28.7 bcn=546764 [on:0 tx:0 rx:0 period:1001] from screen [on:593309 period:2985166] score=60
