10-16 21:32:29.954 12695 12721 W linker  : "/data/app/org.mozilla.fenix-iWpGOrf8cry6RDpwHyQugA==/lib/arm64/libmozglue.so" unused DT entry: type 0x8000023 arg 0x1f8
10-16 21:32:29.954 12695 12721 W linker  : "/data/app/org.mozilla.fenix-iWpGOrf8cry6RDpwHyQugA==/lib/arm64/libmozglue.so" unused DT entry: type 0x8000025 arg 0x8
10-16 21:32:29.954 12695 12721 W linker  : "/data/app/org.mozilla.fenix-iWpGOrf8cry6RDpwHyQugA==/lib/arm64/libmozglue.so" unused DT entry: type 0x8000024 arg 0x38f70
10-16 21:32:29.954 12695 12721 W linker  : "/data/app/org.mozilla.fenix-iWpGOrf8cry6RDpwHyQugA==/lib/arm64/libmozglue.so" unused DT entry: type 0x8000023 arg 0x1f8
10-16 21:32:29.955 12695 12721 W linker  : "/data/app/org.mozilla.fenix-iWpGOrf8cry6RDpwHyQugA==/lib/arm64/libmozglue.so" unused DT entry: type 0x8000025 arg 0x8
10-16 21:32:29.955 12695 12721 W linker  : "/data/app/org.mozilla.fenix-iWpGOrf8cry6RDpwHyQugA==/lib/arm64/libmozglue.so" unused DT entry: type 0x8000024 arg 0x38f70
10-16 21:32:29.955 12695 12721 W linker  : "/data/app/org.mozilla.fenix-iWpGOrf8cry6RDpwHyQugA==/lib/arm64/libmozglue.so" unused DT entry: type 0x8000023 arg 0x1f8
10-16 21:32:29.955 12695 12721 W linker  : "/data/app/org.mozilla.fenix-iWpGOrf8cry6RDpwHyQugA==/lib/arm64/libmozglue.so" unused DT entry: type 0x8000025 arg 0x8
10-16 21:32:29.955 12695 12721 W linker  : "/data/app/org.mozilla.fenix-iWpGOrf8cry6RDpwHyQugA==/lib/arm64/libmozglue.so" unused DT entry: type 0x8000024 arg 0x38f70
10-16 21:32:29.955 12695 12721 W linker  : "/data/app/org.mozilla.fenix-iWpGOrf8cry6RDpwHyQugA==/lib/arm64/libmozglue.so" unused DT entry: type 0x8000023 arg 0x1f8
10-16 21:32:29.955 12695 12721 W linker  : "/data/app/org.mozilla.fenix-iWpGOrf8cry6RDpwHyQugA==/lib/arm64/libmozglue.so" unused DT entry: type 0x8000025 arg 0x8
10-16 21:32:29.999 12695 12721 I nimbus::stateful::nimbus_client: updating experiment list
10-16 21:32:30.002 12695 12721 I nimbus::stateful::persistence: Already at version 2, no upgrade needed
10-16 21:32:30.003 12695 12721 I nimbus::stateful::nimbus_client: [Nimbus] Retrieved date from Context: 2023-09-28 18:32:20 UTC
10-16 21:32:30.003 12695 12721 I nimbus::stateful::nimbus_client: [Nimbus] Installation Date: 2023-09-28 18:32:20 UTC
10-16 21:32:30.003 12695 12721 I nimbus::stateful::nimbus_client: [Nimbus] Update Date: 2023-09-28 18:32:25.568136298 UTC
10-16 21:32:30.003 12695 12721 I nimbus::stateful::nimbus_client: [Nimbus] Days since install: 18
10-16 21:32:30.003 12695 12721 I nimbus::stateful::nimbus_client: [Nimbus] Days since update: 18
10-16 21:32:30.004  3447  3447 I SurfaceFlinger: Display 0 HWC layers:
10-16 21:32:30.004  3447  3447 I SurfaceFlinger:     type    |    handle    | flag |  format   |   source crop (l,t,r,b)    |         frame       | name 
10-16 21:32:30.004  3447  3447 I SurfaceFlinger: ------------+--------------+------+-----------+----------------------------+---------------------+------
10-16 21:32:30.004  3447  3447 I SurfaceFlinger:      Client |              | 0000 |  Unknown  |  -0.2   -0.2   -0.8   -0.8 |    0    0  720 1280 | animation background stackId=1#0
10-16 21:32:30.004  3447  3447 I SurfaceFlinger:      Client | 0x7ea5024480 | 0002 | RGBA_8888 |   0.0    0.0  720.0 1279.0 |   16   29  703 1250 | com.example.batterymanager_utility/c[...]atterymanager_utility.MainActivity#0
10-16 21:32:30.004  3447  3447 I SurfaceFlinger:      Device | 0x7ea5024600 | 0000 | RGBA_8888 |   0.0    0.0  720.0 1024.0 |   16  303  703 1280 | Splash Screen org.mozilla.fenix#0
10-16 21:32:30.004  3447  3447 I SurfaceFlinger:      Device | 0x7e9ed37c00 | 0000 | RGBA_8888 |   0.0    0.0  720.0   42.0 |    0    0  720   42 | StatusBar#0
10-16 21:32:30.004  3447  3447 I SurfaceFlinger: 
10-16 21:32:30.057 12695 12724 I GeckoThread: preparing to run Gecko
10-16 21:32:30.061  3957  4031 W StorageManager: getStorageLowBytes lowPercent : 5, lowBytes : 1260145254, maxLowBytes : 524288000
10-16 21:32:30.062  3957  4031 I chatty  : uid=1000(system) Binder:3957_3 identical 1 line
10-16 21:32:30.065  3957  4031 W StorageManager: getStorageLowBytes lowPercent : 5, lowBytes : 1260145254, maxLowBytes : 524288000
10-16 21:32:30.075 12695 12724 I GeckoLoader: Library base=/data/app/org.mozilla.fenix-iWpGOrf8cry6RDpwHyQugA==/lib/arm64
10-16 21:32:30.078 12695 12724 W Settings: Setting animator_duration_scale has moved from android.provider.Settings.System to android.provider.Settings.Global, returning read-only global URI.
10-16 21:32:30.080 12695 12727 I libglean_ffi: glean_core::core: Creating new Glean v54.0.0
10-16 21:32:30.081 12695 12724 I GeckoLoader: Library base=/data/app/org.mozilla.fenix-iWpGOrf8cry6RDpwHyQugA==/lib/arm64
10-16 21:32:30.082 12695 12727 I libglean_ffi: glean_core::database: Database initialized
10-16 21:32:30.082 12695 12724 E GeckoLibLoad: Load sqlite start
10-16 21:32:30.083 12695 12724 E GeckoLibLoad: Load sqlite done
10-16 21:32:30.084 12695 12724 I GeckoLoader: Library base=/data/app/org.mozilla.fenix-iWpGOrf8cry6RDpwHyQugA==/lib/arm64
10-16 21:32:30.084 12695 12724 E GeckoLibLoad: Load nss start
10-16 21:32:30.084 12695 12724 E GeckoLibLoad: Load nss done
10-16 21:32:30.084 12695 12724 I GeckoLoader: Library base=/data/app/org.mozilla.fenix-iWpGOrf8cry6RDpwHyQugA==/lib/arm64
10-16 21:32:30.085 12695 12724 E GeckoLibLoad: Loaded libs in 0.796538ms total, 0ms(4ms) user, 0ms(0ms) system, 0(0) faults
10-16 21:32:30.086 12695 12724 W GeckoThread: zerdatime 1147137465 - runGecko
10-16 21:32:30.088 12695 12727 I libglean_ffi: glean_core: Glean initialized
10-16 21:32:30.089 12695 12727 I libglean_ffi: glean_core::event_database: Loading events for background-update
10-16 21:32:30.089  3957  4128 D WifiService: getConnectionInfo uid=1000
10-16 21:32:30.090 12695 12727 I libglean_ffi: glean_core::event_database: Loading events for events
10-16 21:32:30.093 12695 12727 I libglean_ffi: glean_core::ping: Collecting events
10-16 21:32:30.093  3599  3918 D DnsProxyListener: DNSDBG::dns by name af 2
10-16 21:32:30.103 12695 12727 I libglean_ffi: glean_core::upload::directory: Processing ping at: /data/user/0/org.mozilla.fenix/glean_data/pending_pings/a8da4bf8-f186-4c5a-b2d3-5c475b932379
10-16 21:32:30.105 12695 12727 I libglean_ffi: glean_core::metrics::ping: The ping 'events' was submitted and will be sent as soon as possible
10-16 21:32:30.116  3957  4031 D PackageManager: setEnabledSetting : userId = 0 packageName = org.mozilla.fenix cmp = androidx.work.impl.background.systemjob.SystemJobService newState = 1 callingPackage = 10169/org.mozilla.fenix
10-16 21:32:30.165 12695 12727 I glean/MetricsPingSched: The 'metrics' ping was already sent today, 1697484750132.
10-16 21:32:30.167 12695 12724 I Gecko:DumpUtils: Fifo watcher disabled via pref.
10-16 21:32:30.186 12695 12727 I libglean_ffi: glean_core::ping: Collecting baseline
10-16 21:32:30.197 12695 12695 I FenixApplication: AutoPushFeature is configured, initializing it...
10-16 21:32:30.204 12695 12695 I AbstractFirebasePushService: start
10-16 21:32:30.221 12695 12727 I libglean_ffi: glean_core::upload::directory: Processing ping at: /data/user/0/org.mozilla.fenix/glean_data/pending_pings/87c76087-19f8-44a1-b624-d31e24669ab4
10-16 21:32:30.222 12695 12727 I libglean_ffi: glean_core::metrics::ping: The ping 'baseline' was submitted and will be sent as soon as possible
10-16 21:32:30.242 12695 12723 I libglean_ffi: glean_core::ping: Collecting pageload
10-16 21:32:30.248 12695 12706 I zygote64: Background concurrent copying GC freed 17557(972KB) AllocSpace objects, 14(368KB) LOS objects, 49% free, 2MB/5MB, paused 3.797ms total 114.203ms
10-16 21:32:30.250 12695 12723 I libglean_ffi: glean_core::ping: Storage for pageload empty. Bailing out.
10-16 21:32:30.251 12695 12723 I libglean_ffi: glean_core::metrics::ping: No content for ping 'pageload', therefore no ping queued.
10-16 21:32:30.256  3957  4031 D ConnectivityService: filterNetworkStateForUid() uid: 10169 networkInfo: [type: WIFI[] - WIFI, state: CONNECTED/CONNECTED, reason: (unspecified), extra: "ourhome", failover: false, available: true, roaming: false, metered: false]
10-16 21:32:30.256  3957  4031 D WifiService: getConnectionInfo uid=1000
10-16 21:32:30.265  3957  8322 D StorageManagerService: getExternalStorageMountMode : 1
10-16 21:32:30.265  3957  8322 D StorageManagerService: getExternalStorageMountMode : 3
10-16 21:32:30.266  3957  8322 D StorageManagerService: getExternalStorageMountMode : final mountMode=1, uid : 10169, packageName : org.mozilla.fenix
10-16 21:32:30.266  3957  8322 I ApplicationPolicy: isApplicationExternalStorageWhitelisted:org.mozilla.fenix user:0
10-16 21:32:30.266  3957  8322 D ApplicationPolicy: isApplicationExternalStorageWhitelisted: DO is not enabled on user 0. Allowed.
10-16 21:32:30.266  3957  8322 D ActivityManager: package  org.mozilla.fenix, user - 0 is SDcard whitelisted
10-16 21:32:30.266  3957  8322 I ApplicationPolicy: isApplicationExternalStorageBlacklisted:org.mozilla.fenix user:0
10-16 21:32:30.266  3957  8322 D ApplicationPolicy: isApplicationExternalStorageBlacklisted: DO is not enabled on user 0. Allowed.
10-16 21:32:30.275 12695 12723 I libglean_ffi: glean_core::core: Upload enabled: true
10-16 21:32:30.280  3957  4025 I WindowManager: Destroying surface Surface(name=com.example.batterymanager_utility/com.example.batterymanager_utility.MainActivity) called by com.android.server.wm.WindowStateAnimator.destroySurface:2501 com.android.server.wm.WindowStateAnimator.destroySurfaceLocked:985 com.android.server.wm.WindowState.destroyOrSaveSurfaceUnchecked:3670 com.android.server.wm.WindowState.destroySurface:3618 com.android.server.wm.AppWindowToken.destroySurfaces:722 com.android.server.wm.AppWindowToken.destroySurfaces:706 com.android.server.wm.WindowState.onExitAnimationDone:5316 com.android.server.wm.WindowStateAnimator.stepAnimationLocked:550 
10-16 21:32:30.280  3957  8322 I ActivityManager: Start proc 12779:org.mozilla.fenix:tab23/u0a169 for service org.mozilla.fenix/org.mozilla.gecko.process.GeckoChildProcessServices$tab23
10-16 21:32:30.280  3447  3489 I SurfaceFlinger: id=2584 Removed com.example.batterymanager_utility/com.example.batterymanager_utility.MainActivity#0 (2/5)
10-16 21:32:30.282 12779 12779 E Zygote  : isWhitelistProcess - Process is Whitelisted
10-16 21:32:30.282 12695 12770 I push::internal::communications::rate_limiter: No need to reset inner timestamp and count for verify_connection.
10-16 21:32:30.285 12779 12779 E libpersona: scanKnoxPersonas
10-16 21:32:30.285 12779 12779 E libpersona: Couldn't open the File - /data/system/users/0/personalist.xml - No such file or directory
10-16 21:32:30.286  3447  4088 I SurfaceFlinger: id=2584 Removed com.example.batterymanager_utility/com.example.batterymanager_utility.MainActivity#0 (-2/5)
10-16 21:32:30.289 12779 12779 W SELinux : SELinux selinux_android_compute_policy_index : Policy Index[2],  Con:u:r:zygote:s0 RAM:SEPF_SM-J720F_8.0.0_0002, [-1 -1 -1 -1 0 1]
10-16 21:32:30.289 12779 12779 I SELinux : SELinux: seapp_context_lookup: seinfo=untrusted, level=s0:c512,c768, pkgname=org.mozilla.fenix:tab23 
10-16 21:32:30.292  3957  4031 D PackageManager: setEnabledSetting : userId = 0 packageName = org.mozilla.fenix cmp = androidx.work.impl.background.systemalarm.RescheduleReceiver newState = 1 callingPackage = 10169/org.mozilla.fenix
10-16 21:32:30.296  3447  3447 I Layer   : id=2584 onRemoved com.example.batterymanager_utility/com.example.batterymanager_utility.MainActivity#0 
10-16 21:32:30.301  3447  3447 I SurfaceFlinger: Display 0 HWC layers:
10-16 21:32:30.301  3447  3447 I SurfaceFlinger:     type    |    handle    | flag |  format   |   source crop (l,t,r,b)    |         frame       | name 
10-16 21:32:30.301  3447  3447 I SurfaceFlinger: ------------+--------------+------+-----------+----------------------------+---------------------+------
10-16 21:32:30.301  3447  3447 I SurfaceFlinger:      Device | 0x7ea5024600 | 0000 | RGBA_8888 |   0.0    0.0  720.0 1280.0 |    0    0  720 1280 | Splash Screen org.mozilla.fenix#0
10-16 21:32:30.301  3447  3447 I SurfaceFlinger:      Device | 0x7e9ed37c00 | 0000 | RGBA_8888 |   0.0    0.0  720.0   42.0 |    0    0  720   42 | StatusBar#0
10-16 21:32:30.301  3447  3447 I SurfaceFlinger: 
10-16 21:32:30.312 12695 12770 I push::internal::communications::rate_limiter: Not allowed: count(45) > 1 for verify_connection.
10-16 21:32:30.314 12695 12770 I AutoPushFeature: No change to subscriptions. Doing nothing.
10-16 21:32:30.315  3957  8322 D ConnectivityService: filterNetworkStateForUid() uid: 10169 networkInfo: [type: WIFI[] - WIFI, state: CONNECTED/CONNECTED, reason: (unspecified), extra: "ourhome", failover: false, available: true, roaming: false, metered: false]
10-16 21:32:30.315  3957  8322 D WifiService: getConnectionInfo uid=1000
10-16 21:32:30.331  3957 14957 D ConnectivityService: filterNetworkStateForUid() uid: 10169 networkInfo: [type: WIFI[] - WIFI, state: CONNECTED/CONNECTED, reason: (unspecified), extra: "ourhome", failover: false, available: true, roaming: false, metered: false]
10-16 21:32:30.331  3957 14957 D WifiService: getConnectionInfo uid=1000
10-16 21:32:30.333 12779 12779 D TimaKeyStoreProvider: TimaKeyStore is not enabled: cannot add TimaSignature Service and generateKeyPair Service
10-16 21:32:30.333 12779 12779 D ActivityThread: Added TimaKeyStore provider
10-16 21:32:30.333  3957  4031 D ConnectivityService: filterNetworkStateForUid() uid: 10169 networkInfo: [type: WIFI[] - WIFI, state: CONNECTED/CONNECTED, reason: (unspecified), extra: "ourhome", failover: false, available: true, roaming: false, metered: false]
10-16 21:32:30.333  3957  4031 D WifiService: getConnectionInfo uid=1000
10-16 21:32:30.337  3957 14957 I ActivityManager: DSS on for org.mozilla.fenix and scale is 1.0
10-16 21:32:30.341 12695 12778 D ConnectivityManager: requestNetwork; CallingUid : 10169, CallingPid : 12695
10-16 21:32:30.350  3957  4031 D ConnectivityService: requestNetwork for uid/pid:10169/12695 NetworkRequest [ TRACK_DEFAULT id=1474, [ Capabilities: INTERNET&NOT_RESTRICTED&TRUSTED&NOT_VPN] ]
10-16 21:32:30.351  3957  4157 D ConnectivityService: rematching NetworkAgentInfo [WIFI () - 507]
10-16 21:32:30.351  3957  4157 D ConnectivityService:  network has: [ Transports: WIFI Capabilities: NOT_METERED&INTERNET&NOT_RESTRICTED&TRUSTED&NOT_VPN&VALIDATED&FOREGROUND LinkUpBandwidth>=1048576Kbps LinkDnBandwidth>=1048576Kbps SignalStrength: -39]
10-16 21:32:30.351  3957  4157 D ConnectivityService: Network NetworkAgentInfo [WIFI () - 507] was already satisfying request 1. No change.
10-16 21:32:30.351  3957  4157 D ConnectivityService: Network NetworkAgentInfo [WIFI () - 507] was already satisfying request 3. No change.
10-16 21:32:30.351  3957  4157 D ConnectivityService: Network NetworkAgentInfo [WIFI () - 507] was already satisfying request 1430. No change.
10-16 21:32:30.351  3957  4157 D ConnectivityService:   checking if request is satisfied: NetworkRequest [ TRACK_DEFAULT id=1474, [ Capabilities: INTERNET&NOT_RESTRICTED&TRUSTED&NOT_VPN] ]
10-16 21:32:30.351  3957  4157 D ConnectivityService: currentScore = 0, newScore = 100
10-16 21:32:30.351  3957  4157 D ConnectivityService: rematch for NetworkAgentInfo [WIFI () - 507]
10-16 21:32:30.351  3957  4157 D ConnectivityService:    accepting network in place of null
10-16 21:32:30.351  3957  4157 D ConnectivityService: sending new Min Network Score(100): NetworkRequest [ TRACK_DEFAULT id=1474, [ Capabilities: INTERNET&NOT_RESTRICTED&TRUSTED&NOT_VPN] ]
10-16 21:32:30.351  3957  4313 D Ethernet: got request NetworkRequest [ TRACK_DEFAULT id=1474, [ Capabilities: INTERNET&NOT_RESTRICTED&TRUSTED&NOT_VPN] ] with score 100
10-16 21:32:30.352  3957  4313 D Ethernet:   my score=-1, my filter=[ Transports: ETHERNET Capabilities: INTERNET&NOT_RESTRICTED&TRUSTED&NOT_VPN LinkUpBandwidth>=100000Kbps LinkDnBandwidth>=100000Kbps]
10-16 21:32:30.352  3957  4313 D Ethernet: evalRequest
10-16 21:32:30.352  3957  4313 D Ethernet:   done
10-16 21:32:30.352  3957  4157 D ConnectivityService: MultiNetwork Request(TransportType - Wi-Fi request). Internet Capability doesn't required (false)
10-16 21:32:30.353  3957  4153 D WIFI_P2P: got request NetworkRequest [ TRACK_DEFAULT id=1474, [ Capabilities: INTERNET&NOT_RESTRICTED&TRUSTED&NOT_VPN] ] with score 100
10-16 21:32:30.353  3957  4157 D ConnectivityService: sending notification AVAILABLE for NetworkRequest [ TRACK_DEFAULT id=1474, [ Capabilities: INTERNET&NOT_RESTRICTED&TRUSTED&NOT_VPN] ]
10-16 21:32:30.353  3957  4153 D WIFI_P2P:   my score=60, my filter=[ Transports: WIFI Capabilities: WIFI_P2P&NOT_RESTRICTED&TRUSTED&NOT_VPN LinkUpBandwidth>=1048576Kbps LinkDnBandwidth>=1048576Kbps]
10-16 21:32:30.353  3957  4153 D WIFI_P2P: evalRequest
10-16 21:32:30.353  3957  4153 D WIFI_P2P:   done
10-16 21:32:30.353  4616  4616 D PhoneSwitcherNetworkRequstListener: got request NetworkRequest [ TRACK_DEFAULT id=1474, [ Capabilities: INTERNET&NOT_RESTRICTED&TRUSTED&NOT_VPN] ] with score 100
10-16 21:32:30.353  3957  4157 D ConnectivityService: sending notification CAP_CHANGED for NetworkRequest [ TRACK_DEFAULT id=1474, [ Capabilities: INTERNET&NOT_RESTRICTED&TRUSTED&NOT_VPN] ]
10-16 21:32:30.353  3957  4157 D ConnectivityService: sending notification IP_CHANGED for NetworkRequest [ TRACK_DEFAULT id=1474, [ Capabilities: INTERNET&NOT_RESTRICTED&TRUSTED&NOT_VPN] ]
10-16 21:32:30.354  4616  4616 D PhoneSwitcherNetworkRequstListener:   my score=101, my filter=[ Transports: CELLULAR Capabilities: MMS&SUPL&DUN&FOTA&IMS&CBS&IA&RCS&XCAP&EIMS&INTERNET&NOT_RESTRICTED&TRUSTED&NOT_VPN&ENT1 Specifier: <android.net.MatchAllNetworkSpecifier@0>]
10-16 21:32:30.354  4616  4616 D PhoneSwitcherNetworkRequstListener: evalRequest
10-16 21:32:30.354  4616  4616 D PhoneSwitcherNetworkRequstListener:   needNetworkFor
10-16 21:32:30.356  3957  4129 D WIFI    : got request NetworkRequest [ TRACK_DEFAULT id=1474, [ Capabilities: INTERNET&NOT_RESTRICTED&TRUSTED&NOT_VPN] ] with score 100
10-16 21:32:30.357  3957  4129 D WIFI    :   my score=60, my filter=[ Transports: WIFI Capabilities: NOT_METERED&INTERNET&NOT_RESTRICTED&TRUSTED&NOT_VPN LinkUpBandwidth>=1048576Kbps LinkDnBandwidth>=1048576Kbps]
10-16 21:32:30.357  3957  4129 D WIFI    : evalRequest
10-16 21:32:30.357  3957  4129 D WIFI    :   done
10-16 21:32:30.357  3957  4129 D WIFI_UT : got request NetworkRequest [ TRACK_DEFAULT id=1474, [ Capabilities: INTERNET&NOT_RESTRICTED&TRUSTED&NOT_VPN] ] with score 100
10-16 21:32:30.357  3957  4129 D WIFI_UT :   my score=2147483647, my filter=[ Transports: WIFI Capabilities: NOT_METERED&INTERNET&NOT_RESTRICTED&TRUSTED&NOT_VPN LinkUpBandwidth>=1048576Kbps LinkDnBandwidth>=1048576Kbps]
10-16 21:32:30.357  3957  4129 D WIFI_UT : evalRequest
10-16 21:32:30.357  3957  4129 D WIFI_UT :   needNetworkFor
10-16 21:32:30.360 12779 12779 I zygote64: no shared libraies, dex_files: 1
10-16 21:32:30.360  3957  4031 D ConnectivityService: filterNetworkStateForUid() uid: 10169 networkInfo: [type: WIFI[] - WIFI, state: CONNECTED/CONNECTED, reason: (unspecified), extra: "ourhome", failover: false, available: true, roaming: false, metered: false]
10-16 21:32:30.360  3957  4031 D WifiService: getConnectionInfo uid=1000
10-16 21:32:30.362  3957  4031 D WifiService: getConnectionInfo uid=1000
10-16 21:32:30.377 12695 12695 I NavController: Ignoring popBackStack to destination org.mozilla.fenix:id/browserFragment as it was not found on the current back stack
10-16 21:32:30.391  3957  4324 I OpenGLRenderer: Initialized EGL, version 1.4
10-16 21:32:30.391  3957  4324 D OpenGLRenderer: Swap behavior 2
10-16 21:32:30.402  3328  3328 W keymaster2_mdfpp: entered get_key_characteristics function.
10-16 21:32:30.404  3328  3328 W keymaster_tee: [WRN]KEY_PARAMS: AES ENC DEC GCM PADNO AUTH SIZE:256 
10-16 21:32:30.404  3328  3328 W keymaster_tee: [WRN]KEY_PARAMS: 20230928203226 
10-16 21:32:30.404  3328  3328 W keymaster2_mdfpp: exit get_key_characteristics function, returned 0
10-16 21:32:30.409  3328  3328 W keymaster2_mdfpp: entered get_key_characteristics function.
10-16 21:32:30.411  3328  3328 W keymaster_tee: [WRN]KEY_PARAMS: AES ENC DEC GCM PADNO AUTH SIZE:256 
10-16 21:32:30.411  3328  3328 W keymaster_tee: [WRN]KEY_PARAMS: 20230928203226 
10-16 21:32:30.411  3328  3328 W keymaster2_mdfpp: exit get_key_characteristics function, returned 0
10-16 21:32:30.415  3328  3328 W keymaster2_mdfpp: entered get_key_characteristics function.
10-16 21:32:30.417  3328  3328 W keymaster_tee: [WRN]KEY_PARAMS: AES ENC DEC GCM PADNO AUTH SIZE:256 
10-16 21:32:30.417  3328  3328 W keymaster_tee: [WRN]KEY_PARAMS: 20230928203226 
10-16 21:32:30.417  3328  3328 W keymaster2_mdfpp: exit get_key_characteristics function, returned 0
10-16 21:32:30.426 12695 12695 I ContileTopSitesUpdater: Started periodic work to update Contile top sites
10-16 21:32:30.430  3328  3328 W keymaster2_mdfpp: entered get_key_characteristics function.
10-16 21:32:30.432  3328  3328 W keymaster_tee: [WRN]KEY_PARAMS: AES ENC DEC GCM PADNO AUTH SIZE:256 
10-16 21:32:30.432  3328  3328 W keymaster_tee: [WRN]KEY_PARAMS: 20230928203226 
10-16 21:32:30.432  3328  3328 W keymaster2_mdfpp: exit get_key_characteristics function, returned 0
10-16 21:32:30.433  3328  3328 W keymaster2_mdfpp: entered begin function.
10-16 21:32:30.435  3328  3328 W keymaster2_mdfpp: exit begin function, returned 0
10-16 21:32:30.438  3328  3328 W keymaster2_mdfpp: entered update function.
10-16 21:32:30.438  3328  3328 W keymaster2_mdfpp: exit update function, returned 0
10-16 21:32:30.439  3328  3328 W keymaster2_mdfpp: entered finish function.
10-16 21:32:30.440  3328  3328 W keymaster2_mdfpp: exit finish function, returned 0
10-16 21:32:30.441  3589  3589 W keystore: ENTER remove operation from uid 10169
10-16 21:32:30.443 12779 12779 I ServiceChildProcess: onCreate
10-16 21:32:30.444 12779 12809 I GeckoThread: preparing to run Gecko
10-16 21:32:30.472 12695 12760 W logins::schema: user_version: 2
10-16 21:32:30.534  3957  4129 D WifiStateMachine:  ConnectedState !RSSI_PKTCNT_FETCH uid=1000 rt=454153431/1147137911 0 0 "ourhome" f4:6d:2f:12:cc:88 rssi=-43 f=5240 sc=60 link=433 tx=0.3, 0.0, 0.0  rx=14.7 bcn=557844 [on:0 tx:0 rx:0 period:999] from screen [on:782923 period:4223142] score=60
10-16 21:32:30.536 12695 12695 W GeckoViewActivityContextDelegate: A non-activity context was set.
10-16 21:32:30.538  3957  4129 D WifiStateMachine:  L2ConnectedState !RSSI_PKTCNT_FETCH uid=1000 rt=454153435/1147137915 0 0 "ourhome" f4:6d:2f:12:cc:88 rssi=-43 f=5240 sc=60 link=433 tx=0.3, 0.0, 0.0  rx=14.7 bcn=557844 [on:0 tx:0 rx:0 period:3] from screen [on:782923 period:4223145] score=60
10-16 21:32:30.539  3957  4129 D WifiStateMachine: fetchRssiLinkSpeedAndFrequencyNative rssi=-42 linkspeed=433 freq=5240
10-16 21:32:30.540 12695 12724 W ResourceType: Too many attribute references, stopped at: 0x01010099
10-16 21:32:30.549  3957  4031 D WifiService: getConnectionInfo uid=1000
10-16 21:32:30.549  3957  4031 I chatty  : uid=1000(system) Binder:3957_3 identical 3 lines
10-16 21:32:30.549  3957  4031 I chatty  : uid=1000(system) Binder:3957_3 identical 1 line
10-16 21:32:30.550  3957  4031 D ConnectivityService: filterNetworkStateForUid() uid: 10169 networkInfo: [type: WIFI[] - WIFI, state: CONNECTED/CONNECTED, reason: (unspecified), extra: "ourhome", failover: false, available: true, roaming: false, metered: false]
10-16 21:32:30.550  3957  4031 D WifiService: getConnectionInfo uid=1000
10-16 21:32:30.557 12695 12695 I BgSyncManager: Periodic syncing enabled: PeriodicSyncConfig(periodMinutes=240, initialDelayMinutes=5)
10-16 21:32:30.557 12695 12695 I FirefoxAccountStateMachine: Sync is enabled
10-16 21:32:30.560 12695 12742 I StartupTypeTelemetry: Recorded start up: cold_main
10-16 21:32:30.577 12695 12838 D OpenGLRenderer: HWUI GL Pipeline
10-16 21:32:30.585 12695 12695 D ViewRootImpl@847214e[App]: setView = DecorView@2c3226f[App] TM=true MM=false
10-16 21:32:30.586  3957  4031 D ActivityManager: post active user change for 0 fullscreen true isHomeActivity() false
10-16 21:32:30.586 12695 12695 I Choreographer: Skipped 42 frames!  The application may be doing too much work on its main thread.
10-16 21:32:30.589 12695 12695 D ViewRootImpl@847214e[App]: dispatchAttachedToWindow
10-16 21:32:30.592  3957  4031 D StorageManagerService: getExternalStorageMountMode : 1
10-16 21:32:30.593  3957  4031 D StorageManagerService: getExternalStorageMountMode : 3
10-16 21:32:30.593  3957  4031 D StorageManagerService: getExternalStorageMountMode : final mountMode=1, uid : 10169, packageName : org.mozilla.fenix
10-16 21:32:30.593  3957 14957 V WindowManager: Relayout Window{45cc3cf u0 org.mozilla.fenix/org.mozilla.fenix.App}: viewVisibility=0 req=719x1237 WM.LayoutParams{(0,0)(fillxfill) sim=#110 ty=1 fl=#81010100 pfl=0x20000 wanim=0x7f1404fa vsysui=0x2610 needsMenuKey=2 colorMode=0 naviIconColor=0}
10-16 21:32:30.593  3957  4031 I ApplicationPolicy: isApplicationExternalStorageWhitelisted:org.mozilla.fenix user:0
10-16 21:32:30.593  3957  4031 D ApplicationPolicy: isApplicationExternalStorageWhitelisted: DO is not enabled on user 0. Allowed.
10-16 21:32:30.593  3957  4031 D ActivityManager: package  org.mozilla.fenix, user - 0 is SDcard whitelisted
10-16 21:32:30.593  3957  4031 I ApplicationPolicy: isApplicationExternalStorageBlacklisted:org.mozilla.fenix user:0
10-16 21:32:30.594  3957  4031 D ApplicationPolicy: isApplicationExternalStorageBlacklisted: DO is not enabled on user 0. Allowed.
10-16 21:32:30.597  3447  3447 I SurfaceFlinger: id=2586 createSurf (720x1280),1 flag=404, org.mozilla.fenix/org.mozilla.fenix.App#0
10-16 21:32:30.600  3957 14957 V Surface : sf_framedrop debug : 0x4f4c, game : false, logging : 0
10-16 21:32:30.600  3957  3973 D WindowManager: set systemUiVisibility : systemUiFlags= 0x2608 fullscreenStackSysUiFlags= 0x0
10-16 21:32:30.604  3957 14957 D InputDispatcher: Focus entered window: 12695
10-16 21:32:30.605 12695 12695 V Surface : sf_framedrop debug : 0x4f4c, game : false, logging : 0
10-16 21:32:30.605 12842 12842 E Zygote  : isWhitelistProcess - Process is Whitelisted
10-16 21:32:30.605  3957  8322 D WindowManager: adjustSystemUiVisibilityLw : vis= 0x2608
10-16 21:32:30.605 12695 12695 D ViewRootImpl@847214e[App]: Relayout returned: old=[0,0][0,0] new=[0,0][720,1280] result=0x7 surface={valid=true 499290423296} changed=true
10-16 21:32:30.606 12695 12838 I OpenGLRenderer: Initialized EGL, version 1.4
10-16 21:32:30.606 12695 12838 D OpenGLRenderer: Swap behavior 2
10-16 21:32:30.606 12842 12842 E libpersona: scanKnoxPersonas
10-16 21:32:30.606 12695 12724 W linker  : "/data/app/org.mozilla.fenix-iWpGOrf8cry6RDpwHyQugA==/lib/arm64/libsoftokn3.so" unused DT entry: type 0x8000024 arg 0x2580
10-16 21:32:30.606 12842 12842 E libpersona: Couldn't open the File - /data/system/users/0/personalist.xml - No such file or directory
10-16 21:32:30.607 12695 12724 W linker  : "/data/app/org.mozilla.fenix-iWpGOrf8cry6RDpwHyQugA==/lib/arm64/libsoftokn3.so" unused DT entry: type 0x8000023 arg 0x70
10-16 21:32:30.607 12695 12724 W linker  : "/data/app/org.mozilla.fenix-iWpGOrf8cry6RDpwHyQugA==/lib/arm64/libsoftokn3.so" unused DT entry: type 0x8000025 arg 0x8
10-16 21:32:30.608 12695 12838 D libGLESv1: STS_GLApi : DTS, ODTC are not allowed for Package : org.mozilla.fenix
10-16 21:32:30.609  3957  4031 I ActivityManager: Start proc 12842:org.mozilla.fenix:gpu/u0a169 for service org.mozilla.fenix/org.mozilla.gecko.process.GeckoChildProcessServices$gpu
10-16 21:32:30.610 12842 12842 W SELinux : SELinux selinux_android_compute_policy_index : Policy Index[2],  Con:u:r:zygote:s0 RAM:SEPF_SM-J720F_8.0.0_0002, [-1 -1 -1 -1 0 1]
10-16 21:32:30.610 12695 12724 W linker  : "/data/app/org.mozilla.fenix-iWpGOrf8cry6RDpwHyQugA==/lib/arm64/libfreebl3.so" unused DT entry: type 0x8000024 arg 0xe78
10-16 21:32:30.610 12695 12724 W linker  : "/data/app/org.mozilla.fenix-iWpGOrf8cry6RDpwHyQugA==/lib/arm64/libfreebl3.so" unused DT entry: type 0x8000023 arg 0x68
10-16 21:32:30.610 12695 12724 W linker  : "/data/app/org.mozilla.fenix-iWpGOrf8cry6RDpwHyQugA==/lib/arm64/libfreebl3.so" unused DT entry: type 0x8000025 arg 0x8
10-16 21:32:30.610 12695 12838 D mali_winsys: EGLint new_window_surface(egl_winsys_display *, void *, EGLSurface, EGLConfig, egl_winsys_surface **, egl_color_buffer_format *, EGLBoolean) returns 0x3000,  [720x1280]-format:1
10-16 21:32:30.610 12695 12838 D OpenGLRenderer: eglCreateWindowSurface = 0x743fff9180
10-16 21:32:30.611 12842 12842 I SELinux : SELinux: seapp_context_lookup: seinfo=untrusted, level=s0:c512,c768, pkgname=org.mozilla.fenix:gpu 
10-16 21:32:30.612  3447  3447 I SurfaceFlinger: id=2587 createSurf (720x1238),1 flag=4, SurfaceView - org.mozilla.fenix/org.mozilla.fenix.App@8971698@0#0
10-16 21:32:30.615  3447  3447 I SurfaceFlinger: id=2588 createSurf (720x1238),-1 flag=20004, Background for - SurfaceView - org.mozilla.fenix/org.mozilla.fenix.App@8971698@0#0
10-16 21:32:30.615 12695 12695 D SurfaceView: BG hide() Surface(name=Background for - SurfaceView - org.mozilla.fenix/org.mozilla.fenix.App@8971698@0) false true org.mozilla.gecko.MagnifiableSurfaceView{8971698 V.E...... ......ID 0,0-720,1238}
10-16 21:32:30.617 12695 12821 W linker  : "/data/app/org.mozilla.fenix-iWpGOrf8cry6RDpwHyQugA==/lib/arm64/libnssckbi.so" unused DT entry: type 0x8000024 arg 0xc08
10-16 21:32:30.617 12695 12821 W linker  : "/data/app/org.mozilla.fenix-iWpGOrf8cry6RDpwHyQugA==/lib/arm64/libnssckbi.so" unused DT entry: type 0x8000023 arg 0x258
10-16 21:32:30.617 12695 12821 W linker  : "/data/app/org.mozilla.fenix-iWpGOrf8cry6RDpwHyQugA==/lib/arm64/libnssckbi.so" unused DT entry: type 0x8000025 arg 0x8
10-16 21:32:30.622  3957  4031 D ConnectivityService: filterNetworkStateForUid() uid: 10169 networkInfo: [type: WIFI[] - WIFI, state: CONNECTED/CONNECTED, reason: (unspecified), extra: "ourhome", failover: false, available: true, roaming: false, metered: false]
10-16 21:32:30.622  3957  4031 D WifiService: getConnectionInfo uid=1000
10-16 21:32:30.629 12695 12695 V Surface : sf_framedrop debug : 0x4f4c, game : false, logging : 0
10-16 21:32:30.630 12695 12695 D SurfaceView: surfaceCreated 1 org.mozilla.gecko.MagnifiableSurfaceView{8971698 V.E...... ......ID 0,0-720,1238}
10-16 21:32:30.630 12695 12695 D SurfaceView: surfaceChanged (720,1238) 1 org.mozilla.gecko.MagnifiableSurfaceView{8971698 V.E...... ......ID 0,0-720,1238}
10-16 21:32:30.635 12842 12842 D TimaKeyStoreProvider: TimaKeyStore is not enabled: cannot add TimaSignature Service and generateKeyPair Service
10-16 21:32:30.635 12842 12842 D ActivityThread: Added TimaKeyStore provider
10-16 21:32:30.638  3957  4031 I ActivityManager: DSS on for org.mozilla.fenix and scale is 1.0
10-16 21:32:30.654 12842 12842 I zygote64: no shared libraies, dex_files: 1
10-16 21:32:30.659  3957  4031 D ConnectivityService: filterNetworkStateForUid() uid: 10169 networkInfo: [type: WIFI[] - WIFI, state: CONNECTED/CONNECTED, reason: (unspecified), extra: "ourhome", failover: false, available: true, roaming: false, metered: false]
10-16 21:32:30.660  3957  4031 D WifiService: getConnectionInfo uid=1000
10-16 21:32:30.671  3599  3918 D DnsProxyListener: DNSDBG::dns addrinfo af 0
10-16 21:32:30.673  3599  3918 I chatty  : uid=0(root) /system/bin/netd identical 1 line
10-16 21:32:30.673  3599  3918 D DnsProxyListener: DNSDBG::dns addrinfo af 0
10-16 21:32:30.698 12695 12723 I libglean_ffi: glean_core::ping: Collecting baseline
10-16 21:32:30.708  3957  4031 D ConnectivityService: filterNetworkStateForUid() uid: 10169 networkInfo: [type: WIFI[] - WIFI, state: CONNECTED/CONNECTED, reason: (unspecified), extra: "ourhome", failover: false, available: true, roaming: false, metered: false]
10-16 21:32:30.708  3957  4031 D WifiService: getConnectionInfo uid=1000
10-16 21:32:30.709  3957  8322 D ConnectivityService: filterNetworkStateForUid() uid: 10169 networkInfo: [type: WIFI[] - WIFI, state: CONNECTED/CONNECTED, reason: (unspecified), extra: "ourhome", failover: false, available: true, roaming: false, metered: false]
10-16 21:32:30.709  3957  8322 D WifiService: getConnectionInfo uid=1000
10-16 21:32:30.710  3957  8322 D ConnectivityService: filterNetworkStateForUid() uid: 10169 networkInfo: [type: WIFI[] - WIFI, state: CONNECTED/CONNECTED, reason: (unspecified), extra: "ourhome", failover: false, available: true, roaming: false, metered: false]
10-16 21:32:30.710  3957  8322 D WifiService: getConnectionInfo uid=1000
10-16 21:32:30.717 12695 12723 I libglean_ffi: glean_core::upload::directory: Processing ping at: /data/user/0/org.mozilla.fenix/glean_data/pending_pings/9d495f58-fbff-48d0-b99c-822e9b534679
10-16 21:32:30.717 12695 12723 I libglean_ffi: glean_core::metrics::ping: The ping 'baseline' was submitted and will be sent as soon as possible
10-16 21:32:30.717 12695 12872 I FirefoxAccountStateMachine: Processing event 'mozilla.components.service.fxa.manager.Event$Account$Start@364705b' for state Idle(accountState=NotAuthenticated). Next state is Active(progressState=Initializing)
10-16 21:32:30.719  3957 14957 V WindowManager: Relayout Window{45cc3cf u0 org.mozilla.fenix/org.mozilla.fenix.App}: viewVisibility=0 req=720x1280 WM.LayoutParams{(0,0)(fillxfill) sim=#110 ty=1 fl=#81010100 pfl=0x20000 fmt=-3 wanim=0x7f1404fa vsysui=0x2610 needsMenuKey=2 colorMode=0 naviIconColor=0}
10-16 21:32:30.728 12842 12842 I ServiceChildProcess: onCreate
10-16 21:32:30.729 12695 12695 D ViewRootImpl@847214e[App]: Relayout returned: old=[0,0][720,1280] new=[0,0][720,1280] result=0x3 surface={valid=true 499290423296} changed=false
10-16 21:32:30.729 12842 12878 I GeckoThread: preparing to run Gecko
10-16 21:32:30.737  3328  3328 W keymaster2_mdfpp: entered get_key_characteristics function.
10-16 21:32:30.739  3328  3328 W keymaster_tee: [WRN]KEY_PARAMS: AES ENC DEC GCM PADNO AUTH SIZE:256 
10-16 21:32:30.739  3328  3328 W keymaster_tee: [WRN]KEY_PARAMS: 20230928203226 
10-16 21:32:30.739  3328  3328 W keymaster2_mdfpp: exit get_key_characteristics function, returned 0
10-16 21:32:30.747  3328  3328 W keymaster2_mdfpp: entered get_key_characteristics function.
10-16 21:32:30.749  3328  3328 W keymaster_tee: [WRN]KEY_PARAMS: AES ENC DEC GCM PADNO AUTH SIZE:256 
10-16 21:32:30.749  3328  3328 W keymaster_tee: [WRN]KEY_PARAMS: 20230928203226 
10-16 21:32:30.749  3328  3328 W keymaster2_mdfpp: exit get_key_characteristics function, returned 0
10-16 21:32:30.763  3599  3918 D DnsProxyListener: DNSDBG::dns addrinfo af 2
10-16 21:32:30.764  3599  3918 D DnsProxyListener: DNSDBG::dns addrinfo af 0
10-16 21:32:30.765  3599  3918 I chatty  : uid=0(root) /system/bin/netd identical 2 lines
10-16 21:32:30.767  3599  3918 D DnsProxyListener: DNSDBG::dns addrinfo af 0
10-16 21:32:30.768 12695 12872 I FirefoxAccount: Registering persistence callback
10-16 21:32:30.771 12695 12872 I FirefoxAccountStateMachine: Ran 'mozilla.components.service.fxa.manager.Event$Account$Start@364705b' side-effects for state Active(progressState=Initializing), got successive event mozilla.components.service.fxa.manager.Event$Progress$AccountNotFound@451291f
10-16 21:32:30.772 12695 12872 I FirefoxAccountStateMachine: Processing event 'mozilla.components.service.fxa.manager.Event$Progress$AccountNotFound@451291f' for state Active(progressState=Initializing). Next state is Idle(accountState=NotAuthenticated)
10-16 21:32:30.772   887   887 E adbd    : recv: OPEN 0000049d 00000000 0076:73 68 65 6C 6C 2C 76 32 2C 54 45 52 4D 3D 78 74 65 72 6D 2D 32 35 36 63 6F 6C 6F 72 2C 72 61 77 3A 64 75 6D 70 73 79 73 20 61 63 74 69 76 69 74 79 20 72 65 63 65 6E 74 73 20 7C 20 67 72 65 70 20 22 52 65 63 65 6E 74 20 23 30 22 20 7C 20 63 75 74 20 2D 64 20 22 3D 22 20 2D 66 32 20 7C 20 67 72 65 70 20 2D 6F 20 2D 70 20 22 5B 61 2D 7A 7C 2E 5D 2A 22 00 
10-16 21:32:30.772   887   887 E adbd    : service_to_fd: shell,v2,TERM=xterm-256color,raw:dumpsys activity recents | grep "Recent #0" | cut -d "=" -f2 | grep -o -p "[a-z|.]*"
10-16 21:32:30.776  3957  8322 V WindowManager: finishDrawingLocked: mDrawState=COMMIT_DRAW_PENDING Window{45cc3cf u0 org.mozilla.fenix/org.mozilla.fenix.App} in Surface(name=org.mozilla.fenix/org.mozilla.fenix.App)
10-16 21:32:30.777 12695 12695 D ViewRootImpl@847214e[App]: MSG_RESIZED_REPORT: frame=Rect(0, 0 - 720, 1280) ci=Rect(0, 42 - 0, 0) vi=Rect(0, 42 - 0, 0) or=1
10-16 21:32:30.778  3957 14957 D ConnectivityService: filterNetworkStateForUid() uid: 10169 networkInfo: [type: WIFI[] - WIFI, state: CONNECTED/CONNECTED, reason: (unspecified), extra: "ourhome", failover: false, available: true, roaming: false, metered: false]
10-16 21:32:30.779  3957 14957 D WifiService: getConnectionInfo uid=1000
10-16 21:32:30.781  3957 14957 I chatty  : uid=1000(system) Binder:3957_1E identical 1 line
10-16 21:32:30.781  3957 14957 D WifiService: getConnectionInfo uid=1000
10-16 21:32:30.782  3957 14957 D ConnectivityService: filterNetworkStateForUid() uid: 10169 networkInfo: [type: WIFI[] - WIFI, state: CONNECTED/CONNECTED, reason: (unspecified), extra: "ourhome", failover: false, available: true, roaming: false, metered: false]
10-16 21:32:30.782  3599  3918 D DnsProxyListener: DNSDBG::dns addrinfo af 2
10-16 21:32:30.782  3957 14957 D WifiService: getConnectionInfo uid=1000
10-16 21:32:30.784 12695 12695 D ViewRootImpl@847214e[App]: MSG_WINDOW_FOCUS_CHANGED 1
10-16 21:32:30.786  3957  4025 D ViewRootImpl@c184af7[fenix]: dispatchDetachedFromWindow
10-16 21:32:30.786  3957  4025 D InputEventReceiver: channel 'f395d64 Splash Screen org.mozilla.fenix (client)' ~ Disposing input event receiver.
10-16 21:32:30.786  3957  4025 D InputEventReceiver: channel 'f395d64 Splash Screen org.mozilla.fenix (client)' ~NativeInputEventReceiver.
10-16 21:32:30.787 12695 12724 W GeckoEventDispatcher: No listener for GeckoView:PageAction:Update
10-16 21:32:30.789  3957  3973 D WindowManager: set systemUiVisibility : systemUiFlags= 0x2618 fullscreenStackSysUiFlags= 0x0
10-16 21:32:30.791  3957 14957 D WindowManager: adjustSystemUiVisibilityLw : vis= 0x2618
10-16 21:32:30.796  3957  3981 I ActivityManager: Displayed org.mozilla.fenix/.App: +1s86ms
10-16 21:32:30.797  3957  3981 D CustomFrequencyManagerService: acquireDVFSLockLocked : type : DVFS_MIN_LIMIT  frequency : 1560000  uid : 1000  pid : 3957  pkgName : AMS_RESUME_TAIL@CPU_MIN@58
10-16 21:32:30.797  3957  3981 D ActivityManagerPerformance: AMP_acquire() TAIL
10-16 21:32:30.797  3957  3981 D CustomFrequencyManagerService: releaseDVFSLockLocked : Getting Lock type frm List : DVFS_MIN_LIMIT  frequency : 1560000  uid : 1000  pid : 3957  tag : AMS_APP_SWITCH@CPU_MIN@52
10-16 21:32:30.798  3957  3981 D ActivityManagerPerformance: AMP_release() APP_SWITCH
10-16 21:32:30.800  3957  3973 D WindowManager: set systemUiVisibility : systemUiFlags= 0x2618 fullscreenStackSysUiFlags= 0x2000
10-16 21:32:30.803 12695 12695 V InputMethodManager: Starting input: tba=android.view.inputmethod.EditorInfo@e10246c nm : org.mozilla.fenix ic=null
10-16 21:32:30.803 12695 12695 I InputMethodManager: startInputInner - mService.startInputOrWindowGainedFocus
10-16 21:32:30.803  3957 14957 D InputMethodManagerService: startInputOrWindowGainedFocus : windowGainedFocus 
10-16 21:32:30.804  3957 14957 D InputMethodManagerService: windowGainedFocus: destinationUserId (getCallingUid) = 0
10-16 21:32:30.804  3957 14957 D InputMethodManagerService: windowGainedFocus: currentUserId=0
10-16 21:32:30.804  3957 14957 D InputMethodManagerService: windowGainedFocus: mCurrentFocusedUserId=0
10-16 21:32:30.804  3957 14957 D InputMethodManagerService: windowGainedFocus : lock - currentUserId = 0 destinationUserId = 0
10-16 21:32:30.804  3957 14957 D InputMethodManagerService: windowGainedFocus : mCurrentFocusedUserId - 0 and mSecureKeypadEnabled - false, userSwitched - false
10-16 21:32:30.804  3957 14957 V InputMethodManagerService: windowGainedFocus : reason=WINDOW_FOCUS_GAIN client=android.os.BinderProxy@c1f0ea9 inputContext=null missingMethods= attribute=android.view.inputmethod.EditorInfo@6dc3ebf nm = org.mozilla.fenix controlFlags=#104 softInputMode=#110 windowFlags=#81010100
10-16 21:32:30.804  3957 14957 V InputMethodManagerService: hideCurrentInputLocked : shouldHideSoftInput is false
10-16 21:32:30.804  3957 14957 D InputMethodManagerService: isImeSwitcherDisabledPackage : false
10-16 21:32:30.804  3957 14957 V InputMethodManagerService: Creating new session for client ClientState{d9f198c uid 10169 pid 12695}
10-16 21:32:30.807  3957 14957 D InputMethodManagerService: setCurrentInputInfo - inputContext : null eidtorInfo : android.view.inputmethod.EditorInfo@6dc3ebf missingMethods : 0
10-16 21:32:30.809  2764  2764 I InputMethodWrapper:  call dispatchStartInputWithToken
10-16 21:32:30.809  2764  2764 I InputMethodService: dispatchStartInputWithToken
10-16 21:32:30.810  2764  2764 I SKBD    : SamsungKeypad [IMI] onStartInput - caller pid : 12695, caller uid : 10169
10-16 21:32:30.811 12695 12896 I libglean_ffi: glean_core::upload: New upload task with id a8da4bf8-f186-4c5a-b2d3-5c475b932379 (path: /submit/org-mozilla-fenix/events/1/a8da4bf8-f186-4c5a-b2d3-5c475b932379)
10-16 21:32:30.821  3599  3918 D DnsProxyListener: DNSDBG::dns addrinfo af 0
10-16 21:32:30.821  3957 14957 D ConnectivityService: filterNetworkStateForUid() uid: 10169 networkInfo: [type: WIFI[] - WIFI, state: CONNECTED/CONNECTED, reason: (unspecified), extra: "ourhome", failover: false, available: true, roaming: false, metered: false]
10-16 21:32:30.821  3957 14957 D WifiService: getConnectionInfo uid=1000
10-16 21:32:30.822 12842 12878 W linker  : "/data/app/org.mozilla.fenix-iWpGOrf8cry6RDpwHyQugA==/lib/arm64/libmozglue.so" unused DT entry: type 0x8000024 arg 0x38f70
10-16 21:32:30.822 12842 12878 W linker  : "/data/app/org.mozilla.fenix-iWpGOrf8cry6RDpwHyQugA==/lib/arm64/libmozglue.so" unused DT entry: type 0x8000023 arg 0x1f8
10-16 21:32:30.822 12842 12878 W linker  : "/data/app/org.mozilla.fenix-iWpGOrf8cry6RDpwHyQugA==/lib/arm64/libmozglue.so" unused DT entry: type 0x8000025 arg 0x8
10-16 21:32:30.823  3957  8322 D ConnectivityService: filterNetworkStateForUid() uid: 10169 networkInfo: [type: WIFI[] - WIFI, state: CONNECTED/CONNECTED, reason: (unspecified), extra: "ourhome", failover: false, available: true, roaming: false, metered: false]
10-16 21:32:30.823  3957  8322 D WifiService: getConnectionInfo uid=1000
10-16 21:32:30.824  3957  8322 D ConnectivityService: filterNetworkStateForUid() uid: 10169 networkInfo: [type: WIFI[] - WIFI, state: CONNECTED/CONNECTED, reason: (unspecified), extra: "ourhome", failover: false, available: true, roaming: false, metered: false]
10-16 21:32:30.824  3957  8322 D WifiService: getConnectionInfo uid=1000
10-16 21:32:30.826 12695 12695 V InputMethodManager: Starting input: tba=android.view.inputmethod.EditorInfo@a243846 nm : org.mozilla.fenix ic=null
10-16 21:32:30.827 12842 12878 I GeckoLoader: Library base=/data/app/org.mozilla.fenix-iWpGOrf8cry6RDpwHyQugA==/lib/arm64
10-16 21:32:30.827 12842 12878 I GeckoLoader: Library base=/data/app/org.mozilla.fenix-iWpGOrf8cry6RDpwHyQugA==/lib/arm64
10-16 21:32:30.829 12842 12878 E GeckoLibLoad: Load sqlite start
10-16 21:32:30.833 12842 12878 W linker  : "/data/app/org.mozilla.fenix-iWpGOrf8cry6RDpwHyQugA==/lib/arm64/libnss3.so" unused DT entry: type 0x8000024 arg 0x14998
10-16 21:32:30.833 12842 12878 W linker  : "/data/app/org.mozilla.fenix-iWpGOrf8cry6RDpwHyQugA==/lib/arm64/libnss3.so" unused DT entry: type 0x8000023 arg 0x5c8
10-16 21:32:30.833 12842 12878 W linker  : "/data/app/org.mozilla.fenix-iWpGOrf8cry6RDpwHyQugA==/lib/arm64/libnss3.so" unused DT entry: type 0x8000025 arg 0x8
10-16 21:32:30.834  3447  3447 I SurfaceFlinger: Display 0 HWC layers:
10-16 21:32:30.834  3447  3447 I SurfaceFlinger:     type    |    handle    | flag |  format   |   source crop (l,t,r,b)    |         frame       | name 
10-16 21:32:30.834  3447  3447 I SurfaceFlinger: ------------+--------------+------+-----------+----------------------------+---------------------+------
10-16 21:32:30.834  3447  3447 I SurfaceFlinger:      Device | 0x7ea50243c0 | 0000 | RGBA_8888 |   0.0    0.0  720.0 1280.0 |    0    0  720 1280 | org.mozilla.fenix/org.mozilla.fenix.App#0
10-16 21:32:30.834  3447  3447 I SurfaceFlinger:      Device | 0x7ea5024600 | 0000 | RGBA_8888 |   0.0    0.0  720.0 1280.0 |    0    0  720 1280 | Splash Screen org.mozilla.fenix#0
10-16 21:32:30.834  3447  3447 I SurfaceFlinger:      Device | 0x7ea5024d80 | 0000 | RGBA_8888 |   0.0    0.0  720.0   42.0 |    0    0  720   42 | StatusBar#0
10-16 21:32:30.834  3447  3447 I SurfaceFlinger: 
10-16 21:32:30.836 12842 12878 E GeckoLibLoad: Load sqlite done
10-16 21:32:30.836 12842 12878 I GeckoLoader: Library base=/data/app/org.mozilla.fenix-iWpGOrf8cry6RDpwHyQugA==/lib/arm64
10-16 21:32:30.836 12842 12878 E GeckoLibLoad: Load nss start
10-16 21:32:30.836 12842 12878 E GeckoLibLoad: Load nss done
10-16 21:32:30.837 12842 12878 I GeckoLoader: Library base=/data/app/org.mozilla.fenix-iWpGOrf8cry6RDpwHyQugA==/lib/arm64
10-16 21:32:30.840 12842 12878 W linker  : "/data/app/org.mozilla.fenix-iWpGOrf8cry6RDpwHyQugA==/lib/arm64/libxul.so" unused DT entry: type 0x8000024 arg 0x539420
10-16 21:32:30.840 12842 12878 W linker  : "/data/app/org.mozilla.fenix-iWpGOrf8cry6RDpwHyQugA==/lib/arm64/libxul.so" unused DT entry: type 0x8000023 arg 0x17d68
10-16 21:32:30.841 12842 12878 W linker  : "/data/app/org.mozilla.fenix-iWpGOrf8cry6RDpwHyQugA==/lib/arm64/libxul.so" unused DT entry: type 0x8000025 arg 0x8
10-16 21:32:30.854  3599  3918 D DnsProxyListener: DNSDBG::dns addrinfo af 0
10-16 21:32:30.870 12695 12695 D skia    : approximate: numPoints=40, lengths[39]=620.200073, totalLength=620.200073, segmentPoints[39]=[422.600037,0.000000]
10-16 21:32:30.870 12695 12695 D skia    : approximate: approximation[117]=1.000000, approximation[118]=422.600037, approximation[119]=0.000000
10-16 21:32:30.871 12695 12695 D skia    : approximate: numPoints=4, lengths[3]=3.448155, totalLength=3.448155, segmentPoints[3]=[3.000000,0.100000]
10-16 21:32:30.871 12695 12695 D skia    : approximate: approximation[9]=1.000000, approximation[10]=3.000000, approximation[11]=0.100000
10-16 21:32:30.872 12695 12695 D skia    : approximate: numPoints=37, lengths[36]=722.199951, totalLength=722.199951, segmentPoints[36]=[199.600006,0.000000]
10-16 21:32:30.872 12695 12695 D skia    : approximate: approximation[108]=1.000000, approximation[109]=199.600006, approximation[110]=0.000000
10-16 21:32:30.873 12695 12695 D skia    : approximate: numPoints=3, lengths[2]=2.472497, totalLength=2.472497, segmentPoints[2]=[2.000000,0.100000]
10-16 21:32:30.873 12695 12695 D skia    : approximate: approximation[6]=1.000000, approximation[7]=2.000000, approximation[8]=0.100000
10-16 21:32:30.874 12842 12878 E GeckoLibLoad: Loaded libs in 37.243154ms total, 20ms(20ms) user, 12ms(12ms) system, 0(0) faults
10-16 21:32:30.874 12842 12878 W GeckoThread: zerdatime 1147138253 - runGecko
10-16 21:32:30.877 12695 12695 V InputMethodManager: Starting input: tba=android.view.inputmethod.EditorInfo@620342e nm : org.mozilla.fenix ic=null
10-16 21:32:30.877 12695 12695 I InputMethodManager: startInputInner - mService.startInputOrWindowGainedFocus
10-16 21:32:30.878  3957  8322 D InputMethodManagerService: startInputOrWindowGainedFocus : startInput 
10-16 21:32:30.878  3957  8322 D InputMethodManagerService: setCurrentInputInfo - inputContext : null eidtorInfo : android.view.inputmethod.EditorInfo@cf0d51 missingMethods : 0
10-16 21:32:30.879  2764  2764 I InputMethodWrapper:  call dispatchStartInputWithToken
10-16 21:32:30.879  2764  2764 I InputMethodService: dispatchStartInputWithToken
10-16 21:32:30.879  2764  2764 I SKBD    : SamsungKeypad [IMI] onStartInput - caller pid : 12695, caller uid : 10169
10-16 21:32:30.895   887   887 E adbd    : recv: OPEN 000004a1 00000000 0042:73 68 65 6C 6C 2C 76 32 2C 54 45 52 4D 3D 78 74 65 72 6D 2D 32 35 36 63 6F 6C 6F 72 2C 72 61 77 3A 67 65 74 70 72 6F 70 20 72 6F 2E 62 75 69 6C 64 2E 76 65 72 73 69 6F 6E 2E 72 65 6C 65 61 73 65 00 
10-16 21:32:30.895   887   887 E adbd    : service_to_fd: shell,v2,TERM=xterm-256color,raw:getprop ro.build.version.release
10-16 21:32:30.923 12842 12878 W AudioCapabilities: Unsupported mime audio/mpeg-L1
10-16 21:32:30.924 12842 12878 W AudioCapabilities: Unsupported mime audio/mpeg-L2
10-16 21:32:30.926 12842 12878 W AudioCapabilities: Unsupported mime audio/x-ms-wma
10-16 21:32:30.928 12842 12878 W AudioCapabilities: Unsupported mime audio/x-ima
10-16 21:32:30.934 12842 12878 W VideoCapabilities: Unrecognized profile 2130706433 for video/avc
10-16 21:32:30.934 12842 12878 W VideoCapabilities: Unrecognized profile 2130706434 for video/avc
10-16 21:32:30.937 12842 12878 W VideoCapabilities: Unrecognized profile 2130706433 for video/avc
10-16 21:32:30.937 12842 12878 W VideoCapabilities: Unrecognized profile 2130706434 for video/avc
10-16 21:32:30.951 12842 12878 W VideoCapabilities: Unrecognized profile 2130706433 for video/avc
10-16 21:32:30.951 12842 12878 W VideoCapabilities: Unrecognized profile 2130706434 for video/avc
10-16 21:32:30.954   887   887 E adbd    : recv: OPEN 000004a5 00000000 003e:73 68 65 6C 6C 2C 76 32 2C 54 45 52 4D 3D 78 74 65 72 6D 2D 32 35 36 63 6F 6C 6F 72 2C 72 61 77 3A 67 65 74 70 72 6F 70 20 72 6F 2E 62 75 69 6C 64 2E 76 65 72 73 69 6F 6E 2E 73 64 6B 00 
10-16 21:32:30.954   887   887 E adbd    : service_to_fd: shell,v2,TERM=xterm-256color,raw:getprop ro.build.version.sdk
10-16 21:32:30.955 12842 12878 W VideoCapabilities: Unsupported mime video/avc-wfd
10-16 21:32:30.963  3957  8322 V WindowManager: Relayout Window{45cc3cf u0 org.mozilla.fenix/org.mozilla.fenix.App}: viewVisibility=0 req=720x1280 WM.LayoutParams{(0,0)(fillxfill) sim=#10 ty=1 fl=#81010100 pfl=0x20000 fmt=-3 wanim=0x7f1404fa vsysui=0x2610 needsMenuKey=2 colorMode=0 naviIconColor=0}
