10-16 20:45:26.501  7492  7808 I BatteryMgr:DataCollectionService: stats => 1697481926501,69,4313,11,0,100
10-16 20:45:26.607  7492  7808 I BatteryMgr:DataCollectionService: stats => 1697481926607,69,4313,11,0,100
10-16 20:45:26.711  7492  7808 I BatteryMgr:DataCollectionService: stats => 1697481926711,69,4313,11,0,100
10-16 20:45:26.816  7492  7808 I BatteryMgr:DataCollectionService: stats => 1697481926816,69,4313,11,0,100
10-16 20:45:26.919  7492  7808 I BatteryMgr:DataCollectionService: stats => 1697481926919,69,4313,11,0,100
10-16 20:45:27.026  7492  7808 I BatteryMgr:DataCollectionService: stats => 1697481927026,69,4313,11,0,100
10-16 20:45:27.131  7492  7808 I BatteryMgr:DataCollectionService: stats => 1697481927131,69,4313,11,0,100
10-16 20:45:27.144  3957  4128 D WifiService: getConnectionInfo uid=1000
10-16 20:45:27.237  7492  7808 I BatteryMgr:DataCollectionService: stats => 1697481927237,69,4313,11,0,100
10-16 20:45:27.342  7492  7808 I BatteryMgr:DataCollectionService: stats => 1697481927342,69,4313,11,0,100
10-16 20:45:27.386  3957  4129 D WifiStateMachine:  ConnectedState !RSSI_PKTCNT_FETCH uid=1000 rt=451330283/1144314764 0 0 "ourhome" f4:6d:2f:12:cc:88 rssi=-44 f=5240 sc=60 link=433 tx=1.3, 0.0, 0.0  rx=5.2 bcn=532494 [on:0 tx:0 rx:0 period:1000] from screen [on:362765 period:1399994] score=60
10-16 20:45:27.388  3957  4129 D WifiStateMachine:  L2ConnectedState !RSSI_PKTCNT_FETCH uid=1000 rt=451330284/1144314765 0 0 "ourhome" f4:6d:2f:12:cc:88 rssi=-44 f=5240 sc=60 link=433 tx=1.3, 0.0, 0.0  rx=5.2 bcn=532494 [on:0 tx:0 rx:0 period:1] from screen [on:362765 period:1399995] score=60
10-16 20:45:27.393  3957  4129 D WifiStateMachine: fetchRssiLinkSpeedAndFrequencyNative rssi=-43 linkspeed=433 freq=5240
10-16 20:45:27.447  7492  7808 I BatteryMgr:DataCollectionService: stats => 1697481927447,69,4313,11,0,100
10-16 20:45:27.552  7492  7808 I BatteryMgr:DataCollectionService: stats => 1697481927552,69,4313,11,0,100
10-16 20:45:27.560  2479  2548 D ScanRecord: Not a Multi Manu data
10-16 20:45:27.655  2479  2548 I chatty  : uid=1002(bluetooth) BT Service Call identical 193 lines
10-16 20:45:27.655  2479  2548 D ScanRecord: Not a Multi Manu data
10-16 20:45:27.656  7492  7808 I BatteryMgr:DataCollectionService: stats => 1697481927656,69,4313,11,0,100
10-16 20:45:27.659  2479  2548 D ScanRecord: Not a Multi Manu data
10-16 20:45:27.754  2479  2548 I chatty  : uid=1002(bluetooth) BT Service Call identical 180 lines
10-16 20:45:27.754  2479  2548 D ScanRecord: Not a Multi Manu data
10-16 20:45:27.764  7492  7808 I BatteryMgr:DataCollectionService: stats => 1697481927763,69,4313,11,0,100
10-16 20:45:27.771  2479  2548 D ScanRecord: Not a Multi Manu data
10-16 20:45:27.786  2479  2548 I chatty  : uid=1002(bluetooth) BT Service Call identical 50 lines
10-16 20:45:27.786  2479  2548 D ScanRecord: Not a Multi Manu data
10-16 20:45:27.787  3957  4030 D SensorService: [SO] 0.110 -0.101 9.960
10-16 20:45:27.791  2479  2548 D ScanRecord: Not a Multi Manu data
10-16 20:45:27.838  2479  2548 I chatty  : uid=1002(bluetooth) BT Service Call identical 76 lines
10-16 20:45:27.838  2479  2548 D ScanRecord: Not a Multi Manu data
10-16 20:45:27.868  7492  7808 I BatteryMgr:DataCollectionService: stats => 1697481927868,69,4313,11,0,100
10-16 20:45:27.872  2479  2548 D ScanRecord: Not a Multi Manu data
10-16 20:45:27.904  2479  2548 I chatty  : uid=1002(bluetooth) BT Service Call identical 50 lines
10-16 20:45:27.904  2479  2548 D ScanRecord: Not a Multi Manu data
10-16 20:45:27.906  3957  4129 D WifiStateMachine:  ConnectedState !CMD_RSSI_POLL rt=451330802/1144315283 70 0 "ourhome" f4:6d:2f:12:cc:88 rssi=-43 f=5240 sc=60 link=433 tx=1.3, 0.0, 0.0  rx=5.2 bcn=532494 [on:0 tx:0 rx:0 period:519] from screen [on:362765 period:1400514] score=60
10-16 20:45:27.907  3957  4129 D WifiStateMachine:  L2ConnectedState !CMD_RSSI_POLL rt=451330803/1144315284 70 0 "ourhome" f4:6d:2f:12:cc:88 rssi=-43 f=5240 sc=60 link=433 tx=1.3, 0.0, 0.0  rx=5.2 bcn=532494 [on:0 tx:0 rx:0 period:1] from screen [on:362765 period:1400515] score=60
10-16 20:45:27.907  3957  4129 D WifiStateMachine:  get link layer stats 3
10-16 20:45:27.908  3436  3436 I android.hardware.wifi@1.0-service: getLinkLayerStats
10-16 20:45:27.910  2479  2548 D ScanRecord: Not a Multi Manu data
10-16 20:45:27.911  4961  4961 D io_stats: !@ 179,0 r 7158645 228789552 w 1511940 31620240 d 122029 32927844 f 352259 371232 iot 3124220 2736507 th 51200 0 0 pt 0 inp 0 0 451330.808
10-16 20:45:27.911  2479  2548 I chatty  : uid=1002(bluetooth) BT Service Call identical 11 lines
10-16 20:45:27.911  2479  2548 D ScanRecord: Not a Multi Manu data
10-16 20:45:27.912  3957  4129 D WifiStateMachine: fetchRssiLinkSpeedAndFrequencyNative rssi=-43 linkspeed=433 freq=5240
10-16 20:45:27.916  4340  4340 E SignalClusterView: setSlotFocusVisible : subId -2
10-16 20:45:27.917  4340  4340 E SignalClusterView: setSlotFocusVisible : subId -2
10-16 20:45:27.921  2479  2548 D ScanRecord: Not a Multi Manu data
10-16 20:45:27.969  2479  2548 I chatty  : uid=1002(bluetooth) BT Service Call identical 154 lines
10-16 20:45:27.969  2479  2548 D ScanRecord: Not a Multi Manu data
10-16 20:45:27.972  7492  7808 I BatteryMgr:DataCollectionService: stats => 1697481927972,69,4313,11,0,100
10-16 20:45:27.981  2479  2548 D ScanRecord: Not a Multi Manu data
10-16 20:45:28.044  2479  2548 I chatty  : uid=1002(bluetooth) BT Service Call identical 115 lines
10-16 20:45:28.044  2479  2548 D ScanRecord: Not a Multi Manu data
10-16 20:45:28.079  7492  7808 I BatteryMgr:DataCollectionService: stats => 1697481928079,69,4313,11,0,100
10-16 20:45:28.146  3957  4128 D WifiService: getConnectionInfo uid=1000
10-16 20:45:28.183  7492  7808 I BatteryMgr:DataCollectionService: stats => 1697481928183,69,4313,11,0,100
10-16 20:45:28.288  7492  7808 I BatteryMgr:DataCollectionService: stats => 1697481928288,69,4313,11,0,100
10-16 20:45:28.387  3957  4129 D WifiStateMachine:  ConnectedState !RSSI_PKTCNT_FETCH uid=1000 rt=451331284/1144315765 0 0 "ourhome" f4:6d:2f:12:cc:88 rssi=-43 f=5240 sc=60 link=433 tx=2.4, 0.0, 0.0  rx=3.8 bcn=532521 [on:0 tx:0 rx:0 period:472] from screen [on:363203 period:1400995] score=60
10-16 20:45:28.388  3957  4129 D WifiStateMachine:  L2ConnectedState !RSSI_PKTCNT_FETCH uid=1000 rt=451331285/1144315766 0 0 "ourhome" f4:6d:2f:12:cc:88 rssi=-43 f=5240 sc=60 link=433 tx=2.4, 0.0, 0.0  rx=3.8 bcn=532521 [on:0 tx:0 rx:0 period:1] from screen [on:363203 period:1400996] score=60
10-16 20:45:28.393  7492  7808 I BatteryMgr:DataCollectionService: stats => 1697481928393,69,4313,11,0,100
10-16 20:45:28.394  3957  4129 D WifiStateMachine: fetchRssiLinkSpeedAndFrequencyNative rssi=-44 linkspeed=433 freq=5240
10-16 20:45:28.499  7492  7808 I BatteryMgr:DataCollectionService: stats => 1697481928499,69,4313,11,0,100
10-16 20:45:28.603  7492  7808 I BatteryMgr:DataCollectionService: stats => 1697481928603,69,4313,11,0,100
10-16 20:45:28.710  7492  7808 I BatteryMgr:DataCollectionService: stats => 1697481928710,69,4313,11,0,100
10-16 20:45:28.816  7492  7808 I BatteryMgr:DataCollectionService: stats => 1697481928816,69,4313,11,0,100
10-16 20:45:28.920  7492  7808 I BatteryMgr:DataCollectionService: stats => 1697481928920,69,4313,11,0,100
10-16 20:45:29.026  7492  7808 I BatteryMgr:DataCollectionService: stats => 1697481929025,69,4313,11,0,100
10-16 20:45:29.130  7492  7808 I BatteryMgr:DataCollectionService: stats => 1697481929130,69,4313,11,0,100
10-16 20:45:29.148  3957  4128 D WifiService: getConnectionInfo uid=1000
10-16 20:45:29.235  7492  7808 I BatteryMgr:DataCollectionService: stats => 1697481929235,69,4313,11,0,100
10-16 20:45:29.339  7492  7808 I BatteryMgr:DataCollectionService: stats => 1697481929339,69,4313,11,0,100
10-16 20:45:29.388  3957  4129 D WifiStateMachine:  ConnectedState !RSSI_PKTCNT_FETCH uid=1000 rt=451332285/1144316766 0 0 "ourhome" f4:6d:2f:12:cc:88 rssi=-44 f=5240 sc=60 link=433 tx=2.4, 0.0, 0.0  rx=3.8 bcn=532521 [on:0 tx:0 rx:0 period:1000] from screen [on:363203 period:1401996] score=60
10-16 20:45:29.389  3957  4129 D WifiStateMachine:  L2ConnectedState !RSSI_PKTCNT_FETCH uid=1000 rt=451332286/1144316767 0 0 "ourhome" f4:6d:2f:12:cc:88 rssi=-44 f=5240 sc=60 link=433 tx=2.4, 0.0, 0.0  rx=3.8 bcn=532521 [on:0 tx:0 rx:0 period:1] from screen [on:363203 period:1401997] score=60
10-16 20:45:29.390  3957  4129 D WifiStateMachine: fetchRssiLinkSpeedAndFrequencyNative rssi=-43 linkspeed=433 freq=5240
10-16 20:45:29.444  7492  7808 I BatteryMgr:DataCollectionService: stats => 1697481929444,69,4313,11,0,100
10-16 20:45:29.549  7492  7808 I BatteryMgr:DataCollectionService: stats => 1697481929549,69,4313,11,0,100
10-16 20:45:29.652  7492  7808 I BatteryMgr:DataCollectionService: stats => 1697481929652,69,4313,11,0,100
10-16 20:45:29.757  7492  7808 I BatteryMgr:DataCollectionService: stats => 1697481929757,69,4313,11,0,100
10-16 20:45:29.863  7492  7808 I BatteryMgr:DataCollectionService: stats => 1697481929863,69,4313,11,0,100
10-16 20:45:29.968  7492  7808 I BatteryMgr:DataCollectionService: stats => 1697481929968,69,4313,11,0,100
10-16 20:45:30.073  7492  7808 I BatteryMgr:DataCollectionService: stats => 1697481930073,69,4313,11,0,100
10-16 20:45:30.150  3957  4128 D WifiService: getConnectionInfo uid=1000
10-16 20:45:30.179  7492  7808 I BatteryMgr:DataCollectionService: stats => 1697481930179,69,4313,11,0,100
10-16 20:45:30.284  7492  7808 I BatteryMgr:DataCollectionService: stats => 1697481930284,69,4313,11,0,100
10-16 20:45:30.391  3957  4129 D WifiStateMachine:  ConnectedState !RSSI_PKTCNT_FETCH uid=1000 rt=451333287/1144317768 0 0 "ourhome" f4:6d:2f:12:cc:88 rssi=-43 f=5240 sc=60 link=433 tx=2.4, 0.0, 0.0  rx=3.8 bcn=532521 [on:0 tx:0 rx:0 period:1002] from screen [on:363203 period:1402999] score=60
10-16 20:45:30.392  7492  7808 I BatteryMgr:DataCollectionService: stats => 1697481930392,69,4313,11,0,100
10-16 20:45:30.394  3957  4129 D WifiStateMachine:  L2ConnectedState !RSSI_PKTCNT_FETCH uid=1000 rt=451333289/1144317770 0 0 "ourhome" f4:6d:2f:12:cc:88 rssi=-43 f=5240 sc=60 link=433 tx=2.4, 0.0, 0.0  rx=3.8 bcn=532521 [on:0 tx:0 rx:0 period:3] from screen [on:363203 period:1403002] score=60
10-16 20:45:30.400  3957  4129 D WifiStateMachine: fetchRssiLinkSpeedAndFrequencyNative rssi=-44 linkspeed=433 freq=5240
10-16 20:45:30.496  7492  7808 I BatteryMgr:DataCollectionService: stats => 1697481930496,69,4313,11,0,100
10-16 20:45:30.601  7492  7808 I BatteryMgr:DataCollectionService: stats => 1697481930601,69,4313,11,0,100
10-16 20:45:30.706  7492  7808 I BatteryMgr:DataCollectionService: stats => 1697481930706,69,4313,11,0,100
10-16 20:45:30.811  7492  7808 I BatteryMgr:DataCollectionService: stats => 1697481930811,69,4313,11,0,100
10-16 20:45:30.914  3957  4129 D WifiStateMachine:  ConnectedState !CMD_RSSI_POLL rt=451333811/1144318291 70 0 "ourhome" f4:6d:2f:12:cc:88 rssi=-44 f=5240 sc=60 link=433 tx=2.4, 0.0, 0.0  rx=3.8 bcn=532521 [on:0 tx:0 rx:0 period:520] from screen [on:363203 period:1403522] score=60
10-16 20:45:30.916  3957  4129 D WifiStateMachine:  L2ConnectedState !CMD_RSSI_POLL rt=451333812/1144318293 70 0 "ourhome" f4:6d:2f:12:cc:88 rssi=-44 f=5240 sc=60 link=433 tx=2.4, 0.0, 0.0  rx=3.8 bcn=532521 [on:0 tx:0 rx:0 period:2] from screen [on:363203 period:1403524] score=60
10-16 20:45:30.916  3957  4129 D WifiStateMachine:  get link layer stats 3
10-16 20:45:30.916  3436  3436 I android.hardware.wifi@1.0-service: getLinkLayerStats
10-16 20:45:30.917  7492  7808 I BatteryMgr:DataCollectionService: stats => 1697481930917,69,4313,11,0,100
10-16 20:45:30.919  3957  4129 D WifiStateMachine: fetchRssiLinkSpeedAndFrequencyNative rssi=-44 linkspeed=433 freq=5240
10-16 20:45:30.922  4340  4340 E SignalClusterView: setSlotFocusVisible : subId -2
10-16 20:45:30.922  4340  4340 E SignalClusterView: setSlotFocusVisible : subId -2
10-16 20:45:31.020  7492  7808 I BatteryMgr:DataCollectionService: stats => 1697481931020,69,4313,11,0,100
10-16 20:45:31.126  7492  7808 I BatteryMgr:DataCollectionService: stats => 1697481931126,69,4313,11,0,100
10-16 20:45:31.151  3957  4128 D WifiService: getConnectionInfo uid=1000
10-16 20:45:31.232  7492  7808 I BatteryMgr:DataCollectionService: stats => 1697481931232,69,4313,11,0,100
10-16 20:45:31.338  7492  7808 I BatteryMgr:DataCollectionService: stats => 1697481931338,69,4313,11,0,100
10-16 20:45:31.390  3957  4129 D WifiStateMachine:  ConnectedState !RSSI_PKTCNT_FETCH uid=1000 rt=451334287/1144318768 0 0 "ourhome" f4:6d:2f:12:cc:88 rssi=-44 f=5240 sc=60 link=433 tx=0.9, 0.0, 0.0  rx=5.2 bcn=532550 [on:0 tx:0 rx:0 period:469] from screen [on:363464 period:1403998] score=60
10-16 20:45:31.391  3957  4129 D WifiStateMachine:  L2ConnectedState !RSSI_PKTCNT_FETCH uid=1000 rt=451334288/1144318769 0 0 "ourhome" f4:6d:2f:12:cc:88 rssi=-44 f=5240 sc=60 link=433 tx=0.9, 0.0, 0.0  rx=5.2 bcn=532550 [on:0 tx:0 rx:0 period:1] from screen [on:363464 period:1403999] score=60
10-16 20:45:31.392  3957  4129 D WifiStateMachine: fetchRssiLinkSpeedAndFrequencyNative rssi=-45 linkspeed=433 freq=5240
10-16 20:45:31.441  7492  7808 I BatteryMgr:DataCollectionService: stats => 1697481931441,69,4313,11,0,100
10-16 20:45:31.547  7492  7808 I BatteryMgr:DataCollectionService: stats => 1697481931547,69,4313,11,0,100
10-16 20:45:31.651  7492  7808 I BatteryMgr:DataCollectionService: stats => 1697481931651,69,4313,11,0,100
10-16 20:45:31.757  7492  7808 I BatteryMgr:DataCollectionService: stats => 1697481931756,69,4313,11,0,100
10-16 20:45:31.861  7492  7808 I BatteryMgr:DataCollectionService: stats => 1697481931861,69,4313,11,0,100
10-16 20:45:31.967  7492  7808 I BatteryMgr:DataCollectionService: stats => 1697481931967,69,4313,11,0,100
10-16 20:45:32.070  7492  7808 I BatteryMgr:DataCollectionService: stats => 1697481932070,69,4313,11,0,100
10-16 20:45:32.152  3957  4128 D WifiService: getConnectionInfo uid=1000
10-16 20:45:32.174  7492  7808 I BatteryMgr:DataCollectionService: stats => 1697481932174,69,4313,11,0,100
10-16 20:45:32.280  7492  7808 I BatteryMgr:DataCollectionService: stats => 1697481932280,69,4313,11,0,100
10-16 20:45:32.383  7492  7808 I BatteryMgr:DataCollectionService: stats => 1697481932383,69,4313,11,0,100
10-16 20:45:32.391  3957  4129 D WifiStateMachine:  ConnectedState !RSSI_PKTCNT_FETCH uid=1000 rt=451335288/1144319769 0 0 "ourhome" f4:6d:2f:12:cc:88 rssi=-45 f=5240 sc=60 link=433 tx=0.9, 0.0, 0.0  rx=5.2 bcn=532550 [on:0 tx:0 rx:0 period:1000] from screen [on:363464 period:1404999] score=60
10-16 20:45:32.392  3957  4129 D WifiStateMachine:  L2ConnectedState !RSSI_PKTCNT_FETCH uid=1000 rt=451335289/1144319770 0 0 "ourhome" f4:6d:2f:12:cc:88 rssi=-45 f=5240 sc=60 link=433 tx=0.9, 0.0, 0.0  rx=5.2 bcn=532550 [on:0 tx:0 rx:0 period:1] from screen [on:363464 period:1405000] score=60
10-16 20:45:32.398  3957  4129 D WifiStateMachine: fetchRssiLinkSpeedAndFrequencyNative rssi=-44 linkspeed=433 freq=5240
10-16 20:45:32.487  7492  7808 I BatteryMgr:DataCollectionService: stats => 1697481932487,69,4313,11,0,100
10-16 20:45:32.553  2479  2548 D ScanRecord: Not a Multi Manu data
10-16 20:45:32.582  2479  2548 I chatty  : uid=1002(bluetooth) BT Service Call identical 128 lines
10-16 20:45:32.582  2479  2548 D ScanRecord: Not a Multi Manu data
10-16 20:45:32.592  7492  7808 I BatteryMgr:DataCollectionService: stats => 1697481932592,69,4313,11,0,100
10-16 20:45:32.594  2479  2548 D ScanRecord: Not a Multi Manu data
10-16 20:45:32.692  2479  2548 I chatty  : uid=1002(bluetooth) BT Service Call identical 154 lines
10-16 20:45:32.692  2479  2548 D ScanRecord: Not a Multi Manu data
10-16 20:45:32.697  7492  7808 I BatteryMgr:DataCollectionService: stats => 1697481932697,69,4313,11,0,100
10-16 20:45:32.697  2479  2548 D ScanRecord: Not a Multi Manu data
10-16 20:45:32.800  2479  2548 I chatty  : uid=1002(bluetooth) BT Service Call identical 206 lines
10-16 20:45:32.800  2479  2548 D ScanRecord: Not a Multi Manu data
10-16 20:45:32.801  7492  7808 I BatteryMgr:DataCollectionService: stats => 1697481932801,69,4313,11,0,100
10-16 20:45:32.805  2479  2548 D ScanRecord: Not a Multi Manu data
10-16 20:45:32.901  2479  2548 I chatty  : uid=1002(bluetooth) BT Service Call identical 245 lines
10-16 20:45:32.901  2479  2548 D ScanRecord: Not a Multi Manu data
10-16 20:45:32.906  7492  7808 I BatteryMgr:DataCollectionService: stats => 1697481932906,69,4313,11,0,100
10-16 20:45:32.913  4961  4961 D io_stats: !@ 179,0 r 7158645 228789552 w 1511951 31620432 d 122030 32927920 f 352260 371233 iot 3124224 2736513 th 51200 0 0 pt 0 inp 0 0 451335.810
10-16 20:45:32.914  2479  2548 D ScanRecord: Not a Multi Manu data
10-16 20:45:33.005  2479  2548 I chatty  : uid=1002(bluetooth) BT Service Call identical 310 lines
10-16 20:45:33.005  2479  2548 D ScanRecord: Not a Multi Manu data
10-16 20:45:33.011  7492  7808 I BatteryMgr:DataCollectionService: stats => 1697481933011,69,4313,11,0,100
10-16 20:45:33.013  2479  2548 D ScanRecord: Not a Multi Manu data
10-16 20:45:33.047  2479  2548 I chatty  : uid=1002(bluetooth) BT Service Call identical 89 lines
10-16 20:45:33.047  2479  2548 D ScanRecord: Not a Multi Manu data
10-16 20:45:33.115  7492  7808 I BatteryMgr:DataCollectionService: stats => 1697481933115,69,4313,11,0,100
10-16 20:45:33.154  3957  4128 D WifiService: getConnectionInfo uid=1000
10-16 20:45:33.219  7492  7808 I BatteryMgr:DataCollectionService: stats => 1697481933219,69,4313,11,0,100
10-16 20:45:33.269  3957  6478 D SSRM:k  : SIOP:: AP = 440, PST = 433 (W:14), BAT = 282, USB = 0, CHG = 0
10-16 20:45:33.276  3957  6478 D ac      : limitGPUFreq:: freq = 676
10-16 20:45:33.283  3957  6478 D ac      : limitCPUFreq:: freq = 1352000
10-16 20:45:33.286  3957  6478 D CustomFrequencyManagerService: acquireDVFSLockLocked : type : DVFS_MAX_LIMIT  frequency : 1352000  uid : 1000  pid : 3957  pkgName : SIOP_ARM_MAX@17
10-16 20:45:33.287  3957  6478 D ac      : broadcastSiopLevelIntent:: currentSiopLevel = 2
10-16 20:45:33.294  3957  6478 D TelephonyManager: getAllCellInfo : Caller (PID / UID / TID): 3957 / 1000 / 6478
10-16 20:45:33.297  2629  2629 I [SC]SCloudReceiver: onReceive: com.samsung.intent.action.CHECK_SIOP_LEVEL
10-16 20:45:33.305  2629  2629 I [SC]DetectorReceiver: onReceive [com.samsung.intent.action.CHECK_SIOP_LEVEL]
10-16 20:45:33.307  2629  2629 I [SC]AccountUtil: Samsung Account Not Logged in
10-16 20:45:33.326  7492  7808 I BatteryMgr:DataCollectionService: stats => 1697481933326,69,4313,11,0,100
10-16 20:45:33.349  3957  6478 D WifiService: getConnectionInfo uid=1000
10-16 20:45:33.357  3957  6478 I SensorService: createSensorEventConnection package name f.z
10-16 20:45:33.358  3957  6478 D SensorService: Calling batch handle==3 flags=0 rate=200000000 timeout== 0
10-16 20:45:33.358  3434  4028 I Sensors : ProximitySensor:enable: handle 3, en 1, old_en 0
10-16 20:45:33.395  3957  4129 D WifiStateMachine:  ConnectedState !RSSI_PKTCNT_FETCH uid=1000 rt=451336290/1144320771 0 0 "ourhome" f4:6d:2f:12:cc:88 rssi=-44 f=5240 sc=60 link=433 tx=0.9, 0.0, 0.0  rx=5.2 bcn=532550 [on:0 tx:0 rx:0 period:1002] from screen [on:363464 period:1406002] score=60
10-16 20:45:33.397  3957  4129 D WifiStateMachine:  L2ConnectedState !RSSI_PKTCNT_FETCH uid=1000 rt=451336293/1144320773 0 0 "ourhome" f4:6d:2f:12:cc:88 rssi=-44 f=5240 sc=60 link=433 tx=0.9, 0.0, 0.0  rx=5.2 bcn=532550 [on:0 tx:0 rx:0 period:3] from screen [on:363464 period:1406005] score=60
10-16 20:45:33.402  3957  4129 D WifiStateMachine: fetchRssiLinkSpeedAndFrequencyNative rssi=-44 linkspeed=433 freq=5240
10-16 20:45:33.422  3957  6478 D SensorManager: registerListener :: 3, STK3013 Proximity, 200000, 0,  
10-16 20:45:33.422  3434  4028 I Sensors : ProximitySensor:readEvents: value 8(cm)
10-16 20:45:33.423  3957  3957 D SensorManager: Proximity, val = 8.0  [far]
10-16 20:45:33.424  3957  3957 D SensorService: Calling activate off 3
10-16 20:45:33.425  3434  3434 I Sensors : ProximitySensor:enable: handle 3, en 0, old_en 1
10-16 20:45:33.427  3957  3957 D SensorManager: unregisterListener ::   
10-16 20:45:33.432  7492  7808 I BatteryMgr:DataCollectionService: stats => 1697481933432,69,4313,11,0,100
10-16 20:45:33.537  7492  7808 I BatteryMgr:DataCollectionService: stats => 1697481933537,69,4313,11,0,100
10-16 20:45:33.644  7492  7808 I BatteryMgr:DataCollectionService: stats => 1697481933644,69,4313,11,0,100
10-16 20:45:33.758  7492  7808 I BatteryMgr:DataCollectionService: stats => 1697481933758,69,4313,11,0,100
10-16 20:45:33.866  7492  7808 I BatteryMgr:DataCollectionService: stats => 1697481933866,69,4313,11,0,100
10-16 20:45:33.923  3957  4129 D WifiStateMachine:  ConnectedState !CMD_RSSI_POLL rt=451336818/1144321299 70 0 "ourhome" f4:6d:2f:12:cc:88 rssi=-44 f=5240 sc=60 link=433 tx=0.9, 0.0, 0.0  rx=5.2 bcn=532550 [on:0 tx:0 rx:0 period:525] from screen [on:363464 period:1406530] score=60
10-16 20:45:33.925  3957  4129 D WifiStateMachine:  L2ConnectedState !CMD_RSSI_POLL rt=451336821/1144321301 70 0 "ourhome" f4:6d:2f:12:cc:88 rssi=-44 f=5240 sc=60 link=433 tx=0.9, 0.0, 0.0  rx=5.2 bcn=532550 [on:0 tx:0 rx:0 period:2] from screen [on:363464 period:1406532] score=60
10-16 20:45:33.925  3957  4129 D WifiStateMachine:  get link layer stats 3
10-16 20:45:33.925  3436  3436 I android.hardware.wifi@1.0-service: getLinkLayerStats
10-16 20:45:33.944  3957  4129 D WifiStateMachine: fetchRssiLinkSpeedAndFrequencyNative rssi=-44 linkspeed=433 freq=5240
10-16 20:45:33.953  4340  4340 E SignalClusterView: setSlotFocusVisible : subId -2
10-16 20:45:33.953  4340  4340 E SignalClusterView: setSlotFocusVisible : subId -2
10-16 20:45:33.983  7492  7808 I BatteryMgr:DataCollectionService: stats => 1697481933983,69,4313,11,0,100
10-16 20:45:34.097  7492  7808 I BatteryMgr:DataCollectionService: stats => 1697481934097,69,4313,11,0,100
10-16 20:45:34.156  3957  4128 D WifiService: getConnectionInfo uid=1000
10-16 20:45:34.206  7492  7808 I BatteryMgr:DataCollectionService: stats => 1697481934206,69,4313,11,0,100
10-16 20:45:34.319  7492  7808 I BatteryMgr:DataCollectionService: stats => 1697481934319,69,4313,11,0,100
10-16 20:45:34.398  3957  4129 D WifiStateMachine:  ConnectedState !RSSI_PKTCNT_FETCH uid=1000 rt=451337291/1144321772 0 0 "ourhome" f4:6d:2f:12:cc:88 rssi=-44 f=5240 sc=60 link=433 tx=2.2, 0.0, 0.0  rx=10.1 bcn=532578 [on:0 tx:0 rx:0 period:446] from screen [on:364097 period:1407005] score=60
10-16 20:45:34.401  3957  4129 D WifiStateMachine:  L2ConnectedState !RSSI_PKTCNT_FETCH uid=1000 rt=451337296/1144321777 0 0 "ourhome" f4:6d:2f:12:cc:88 rssi=-44 f=5240 sc=60 link=433 tx=2.2, 0.0, 0.0  rx=10.1 bcn=532578 [on:0 tx:0 rx:0 period:4] from screen [on:364097 period:1407009] score=60
10-16 20:45:34.405  3957  4129 D WifiStateMachine: fetchRssiLinkSpeedAndFrequencyNative rssi=-44 linkspeed=433 freq=5240
10-16 20:45:34.428  7492  7808 I BatteryMgr:DataCollectionService: stats => 1697481934428,69,4313,11,0,100
10-16 20:45:34.535  7492  7808 I BatteryMgr:DataCollectionService: stats => 1697481934535,69,4313,11,0,100
10-16 20:45:34.644  7492  7808 I BatteryMgr:DataCollectionService: stats => 1697481934644,69,4313,11,0,100
10-16 20:45:34.752  7492  7808 I BatteryMgr:DataCollectionService: stats => 1697481934752,69,4313,11,0,100
10-16 20:45:34.870  7492  7808 I BatteryMgr:DataCollectionService: stats => 1697481934869,69,4313,11,0,100
10-16 20:45:34.989  7492  7808 I BatteryMgr:DataCollectionService: stats => 1697481934989,69,4313,11,0,100
10-16 20:45:35.097  7492  7808 I BatteryMgr:DataCollectionService: stats => 1697481935097,132,4313,49,0,100
10-16 20:45:35.158  3957  4128 D WifiService: getConnectionInfo uid=1000
10-16 20:45:35.205  7492  7808 I BatteryMgr:DataCollectionService: stats => 1697481935205,132,4313,49,0,100
10-16 20:45:35.314  7492  7808 I BatteryMgr:DataCollectionService: stats => 1697481935314,132,4313,49,0,100
10-16 20:45:35.396  3957  4129 D WifiStateMachine:  ConnectedState !RSSI_PKTCNT_FETCH uid=1000 rt=451338292/1144322773 0 0 "ourhome" f4:6d:2f:12:cc:88 rssi=-44 f=5240 sc=60 link=433 tx=2.2, 0.0, 0.0  rx=10.1 bcn=532578 [on:0 tx:0 rx:0 period:995] from screen [on:364097 period:1408004] score=60
10-16 20:45:35.404  3957  4129 D WifiStateMachine:  L2ConnectedState !RSSI_PKTCNT_FETCH uid=1000 rt=451338294/1144322774 0 0 "ourhome" f4:6d:2f:12:cc:88 rssi=-44 f=5240 sc=60 link=433 tx=2.2, 0.0, 0.0  rx=10.1 bcn=532578 [on:0 tx:0 rx:0 period:8] from screen [on:364097 period:1408012] score=60
10-16 20:45:35.410  3957  4129 D WifiStateMachine: fetchRssiLinkSpeedAndFrequencyNative rssi=-43 linkspeed=433 freq=5240
10-16 20:45:35.421  7492  7808 I BatteryMgr:DataCollectionService: stats => 1697481935421,132,4313,49,0,100
10-16 20:45:35.527  7492  7808 I BatteryMgr:DataCollectionService: stats => 1697481935527,132,4313,49,0,100
10-16 20:45:35.636  7492  7808 I BatteryMgr:DataCollectionService: stats => 1697481935636,132,4313,49,0,100
10-16 20:45:35.745  7492  7808 I BatteryMgr:DataCollectionService: stats => 1697481935745,132,4313,49,0,100
10-16 20:45:35.838  3957  4653 D BatteryService: !@BatteryListener : batteryPropertiesChanged!
10-16 20:45:35.853  7492  7808 I BatteryMgr:DataCollectionService: stats => 1697481935853,132,4313,49,0,100
10-16 20:45:35.963  7492  7808 I BatteryMgr:DataCollectionService: stats => 1697481935963,132,4313,49,0,100
10-16 20:45:36.069  7492  7808 I BatteryMgr:DataCollectionService: stats => 1697481936069,132,4313,49,0,100
10-16 20:45:36.160  3957  4128 D WifiService: getConnectionInfo uid=1000
10-16 20:45:36.176  7492  7808 I BatteryMgr:DataCollectionService: stats => 1697481936176,132,4313,49,0,100
10-16 20:45:36.290  7492  7808 I BatteryMgr:DataCollectionService: stats => 1697481936290,132,4313,49,0,100
10-16 20:45:36.399  3957  4129 D WifiStateMachine:  ConnectedState !RSSI_PKTCNT_FETCH uid=1000 rt=451339293/1144323774 0 0 "ourhome" f4:6d:2f:12:cc:88 rssi=-43 f=5240 sc=60 link=433 tx=2.2, 0.0, 0.0  rx=10.1 bcn=532578 [on:0 tx:0 rx:0 period:994] from screen [on:364097 period:1409006] score=60
10-16 20:45:36.400  7492  7808 I BatteryMgr:DataCollectionService: stats => 1697481936400,132,4313,49,0,100
10-16 20:45:36.401  3957  4129 D WifiStateMachine:  L2ConnectedState !RSSI_PKTCNT_FETCH uid=1000 rt=451339297/1144323777 0 0 "ourhome" f4:6d:2f:12:cc:88 rssi=-43 f=5240 sc=60 link=433 tx=2.2, 0.0, 0.0  rx=10.1 bcn=532578 [on:0 tx:0 rx:0 period:2] from screen [on:364097 period:1409008] score=60
10-16 20:45:36.407  3957  4129 D WifiStateMachine: fetchRssiLinkSpeedAndFrequencyNative rssi=-44 linkspeed=433 freq=5240
10-16 20:45:36.505  7492  7808 I BatteryMgr:DataCollectionService: stats => 1697481936505,132,4313,49,0,100
10-16 20:45:36.611  7492  7808 I BatteryMgr:DataCollectionService: stats => 1697481936611,132,4313,49,0,100
10-16 20:45:36.715  7492  7808 I BatteryMgr:DataCollectionService: stats => 1697481936715,132,4313,49,0,100
10-16 20:45:36.821  7492  7808 I BatteryMgr:DataCollectionService: stats => 1697481936821,132,4313,49,0,100
10-16 20:45:36.928  7492  7808 I BatteryMgr:DataCollectionService: stats => 1697481936928,132,4313,49,0,100
10-16 20:45:36.947  3957  4129 D WifiStateMachine:  ConnectedState !CMD_RSSI_POLL rt=451339843/1144324324 70 0 "ourhome" f4:6d:2f:12:cc:88 rssi=-44 f=5240 sc=60 link=433 tx=2.2, 0.0, 0.0  rx=10.1 bcn=532578 [on:0 tx:0 rx:0 period:547] from screen [on:364097 period:1409555] score=60
10-16 20:45:36.950  3957  4129 D WifiStateMachine:  L2ConnectedState !CMD_RSSI_POLL rt=451339845/1144324326 70 0 "ourhome" f4:6d:2f:12:cc:88 rssi=-44 f=5240 sc=60 link=433 tx=2.2, 0.0, 0.0  rx=10.1 bcn=532578 [on:0 tx:0 rx:0 period:2] from screen [on:364097 period:1409557] score=60
10-16 20:45:36.950  3957  4129 D WifiStateMachine:  get link layer stats 3
10-16 20:45:36.951  3436  3436 I android.hardware.wifi@1.0-service: getLinkLayerStats
10-16 20:45:36.959  3957  4129 D WifiStateMachine: fetchRssiLinkSpeedAndFrequencyNative rssi=-44 linkspeed=433 freq=5240
10-16 20:45:36.962  4340  4340 E SignalClusterView: setSlotFocusVisible : subId -2
10-16 20:45:36.963  4340  4340 E SignalClusterView: setSlotFocusVisible : subId -2
10-16 20:45:37.036  7492  7808 I BatteryMgr:DataCollectionService: stats => 1697481937036,132,4313,49,0,100
10-16 20:45:37.153  7492  7808 I BatteryMgr:DataCollectionService: stats => 1697481937153,132,4313,49,0,100
10-16 20:45:37.162  3957  4128 D WifiService: getConnectionInfo uid=1000
10-16 20:45:37.268  7492  7808 I BatteryMgr:DataCollectionService: stats => 1697481937268,132,4313,49,0,100
10-16 20:45:37.380  7492  7808 I BatteryMgr:DataCollectionService: stats => 1697481937380,132,4313,49,0,100
10-16 20:45:37.398  3957  4129 D WifiStateMachine:  ConnectedState !RSSI_PKTCNT_FETCH uid=1000 rt=451340294/1144324775 0 0 "ourhome" f4:6d:2f:12:cc:88 rssi=-44 f=5240 sc=60 link=433 tx=0.8, 0.0, 0.0  rx=5.6 bcn=532603 [on:0 tx:0 rx:0 period:437] from screen [on:364224 period:1410006] score=60
10-16 20:45:37.401  3957  4129 D WifiStateMachine:  L2ConnectedState !RSSI_PKTCNT_FETCH uid=1000 rt=451340296/1144324777 0 0 "ourhome" f4:6d:2f:12:cc:88 rssi=-44 f=5240 sc=60 link=433 tx=0.8, 0.0, 0.0  rx=5.6 bcn=532603 [on:0 tx:0 rx:0 period:3] from screen [on:364224 period:1410009] score=60
10-16 20:45:37.407  3957  4129 D WifiStateMachine: fetchRssiLinkSpeedAndFrequencyNative rssi=-44 linkspeed=433 freq=5240
10-16 20:45:37.500  7492  7808 I BatteryMgr:DataCollectionService: stats => 1697481937500,132,4313,49,0,100
10-16 20:45:37.566  2479  2548 D ScanRecord: Not a Multi Manu data
10-16 20:45:37.594  2479  2548 I chatty  : uid=1002(bluetooth) BT Service Call identical 141 lines
10-16 20:45:37.594  2479  2548 D ScanRecord: Not a Multi Manu data
10-16 20:45:37.609  7492  7808 I BatteryMgr:DataCollectionService: stats => 1697481937609,132,4313,49,0,100
10-16 20:45:37.611  2479  2548 D ScanRecord: Not a Multi Manu data
10-16 20:45:37.717  2479  2548 I chatty  : uid=1002(bluetooth) BT Service Call identical 258 lines
10-16 20:45:37.717  2479  2548 D ScanRecord: Not a Multi Manu data
10-16 20:45:37.721  7492  7808 I BatteryMgr:DataCollectionService: stats => 1697481937721,132,4313,49,0,100
10-16 20:45:37.722  2479  2548 D ScanRecord: Not a Multi Manu data
10-16 20:45:37.782  2479  2548 I chatty  : uid=1002(bluetooth) BT Service Call identical 206 lines
10-16 20:45:37.782  2479  2548 D ScanRecord: Not a Multi Manu data
10-16 20:45:37.787  3957  4030 D SensorService: [SO] 0.153 -0.067 9.969
10-16 20:45:37.788  2479  2548 D ScanRecord: Not a Multi Manu data
10-16 20:45:37.816  2479  2548 I chatty  : uid=1002(bluetooth) BT Service Call identical 102 lines
10-16 20:45:37.816  2479  2548 D ScanRecord: Not a Multi Manu data
10-16 20:45:37.827  7492  7808 I BatteryMgr:DataCollectionService: stats => 1697481937827,132,4313,49,0,100
10-16 20:45:37.828  2479  2548 D ScanRecord: Not a Multi Manu data
10-16 20:45:37.916  4961  4961 D io_stats: !@ 179,0 r 7158658 228789972 w 1511964 31620632 d 122031 32927996 f 352262 371235 iot 3124244 2736532 th 51200 0 0 pt 0 inp 0 0 451340.813
10-16 20:45:37.937  2479  2548 I chatty  : uid=1002(bluetooth) BT Service Call identical 232 lines
10-16 20:45:37.938  2479  2548 D ScanRecord: Not a Multi Manu data
10-16 20:45:37.938  7492  7808 I BatteryMgr:DataCollectionService: stats => 1697481937937,132,4313,49,0,100
10-16 20:45:37.940  2479  2548 D ScanRecord: Not a Multi Manu data
10-16 20:45:38.053  2479  2548 I chatty  : uid=1002(bluetooth) BT Service Call identical 297 lines
10-16 20:45:38.053  2479  2548 D ScanRecord: Not a Multi Manu data
10-16 20:45:38.056  7492  7808 I BatteryMgr:DataCollectionService: stats => 1697481938056,132,4313,49,0,100
10-16 20:45:38.057  2479  2548 D ScanRecord: Not a Multi Manu data
10-16 20:45:38.057  2479  2548 I chatty  : uid=1002(bluetooth) BT Service Call identical 11 lines
10-16 20:45:38.057  2479  2548 D ScanRecord: Not a Multi Manu data
10-16 20:45:38.165  7492  7808 I BatteryMgr:DataCollectionService: stats => 1697481938165,132,4313,49,0,100
10-16 20:45:38.166  3957  4128 D WifiService: getConnectionInfo uid=1000
10-16 20:45:38.276  7492  7808 I BatteryMgr:DataCollectionService: stats => 1697481938276,132,4313,49,0,100
10-16 20:45:38.395  7492  7808 I BatteryMgr:DataCollectionService: stats => 1697481938394,132,4313,49,0,100
10-16 20:45:38.404  3957  4129 D WifiStateMachine:  ConnectedState !RSSI_PKTCNT_FETCH uid=1000 rt=451341298/1144325778 0 0 "ourhome" f4:6d:2f:12:cc:88 rssi=-44 f=5240 sc=60 link=433 tx=0.8, 0.0, 0.0  rx=5.6 bcn=532603 [on:0 tx:0 rx:0 period:1002] from screen [on:364224 period:1411011] score=60
10-16 20:45:38.408  3957  4129 D WifiStateMachine:  L2ConnectedState !RSSI_PKTCNT_FETCH uid=1000 rt=451341302/1144325782 0 0 "ourhome" f4:6d:2f:12:cc:88 rssi=-44 f=5240 sc=60 link=433 tx=0.8, 0.0, 0.0  rx=5.6 bcn=532603 [on:0 tx:0 rx:0 period:3] from screen [on:364224 period:1411014] score=60
10-16 20:45:38.410  3957  4129 D WifiStateMachine: fetchRssiLinkSpeedAndFrequencyNative rssi=-44 linkspeed=433 freq=5240
10-16 20:45:38.503  7492  7808 I BatteryMgr:DataCollectionService: stats => 1697481938503,132,4313,49,0,100
10-16 20:45:38.610  7492  7808 I BatteryMgr:DataCollectionService: stats => 1697481938610,132,4313,49,0,100
10-16 20:45:38.715  7492  7808 I BatteryMgr:DataCollectionService: stats => 1697481938715,132,4313,49,0,100
10-16 20:45:38.823  7492  7808 I BatteryMgr:DataCollectionService: stats => 1697481938822,132,4313,49,0,100
10-16 20:45:38.930  7492  7808 I BatteryMgr:DataCollectionService: stats => 1697481938930,132,4313,49,0,100
10-16 20:45:39.038  7492  7808 I BatteryMgr:DataCollectionService: stats => 1697481939037,132,4313,49,0,100
10-16 20:45:39.144  7492  7808 I BatteryMgr:DataCollectionService: stats => 1697481939144,132,4313,49,0,100
10-16 20:45:39.169  3957  4128 D WifiService: getConnectionInfo uid=1000
10-16 20:45:39.250  7492  7808 I BatteryMgr:DataCollectionService: stats => 1697481939250,132,4313,49,0,100
10-16 20:45:39.360  7492  7808 I BatteryMgr:DataCollectionService: stats => 1697481939360,132,4313,49,0,100
10-16 20:45:39.402  3957  4129 D WifiStateMachine:  ConnectedState !RSSI_PKTCNT_FETCH uid=1000 rt=451342298/1144326779 0 0 "ourhome" f4:6d:2f:12:cc:88 rssi=-44 f=5240 sc=60 link=433 tx=0.8, 0.0, 0.0  rx=5.6 bcn=532603 [on:0 tx:0 rx:0 period:996] from screen [on:364224 period:1412010] score=60
10-16 20:45:39.404  3957  4129 D WifiStateMachine:  L2ConnectedState !RSSI_PKTCNT_FETCH uid=1000 rt=451342300/1144326781 0 0 "ourhome" f4:6d:2f:12:cc:88 rssi=-44 f=5240 sc=60 link=433 tx=0.8, 0.0, 0.0  rx=5.6 bcn=532603 [on:0 tx:0 rx:0 period:2] from screen [on:364224 period:1412012] score=60
10-16 20:45:39.411  3957  4129 D WifiStateMachine: fetchRssiLinkSpeedAndFrequencyNative rssi=-43 linkspeed=433 freq=5240
10-16 20:45:39.475  7492  7808 I BatteryMgr:DataCollectionService: stats => 1697481939475,132,4313,49,0,100
10-16 20:45:39.589  7492  7808 I BatteryMgr:DataCollectionService: stats => 1697481939589,132,4313,49,0,100
10-16 20:45:39.705  7492  7808 I BatteryMgr:DataCollectionService: stats => 1697481939705,132,4313,49,0,100
10-16 20:45:39.811  7492  7808 I BatteryMgr:DataCollectionService: stats => 1697481939811,132,4313,49,0,100
10-16 20:45:39.924  7492  7808 I BatteryMgr:DataCollectionService: stats => 1697481939924,132,4313,49,0,100
10-16 20:45:39.961  3957  4129 D WifiStateMachine:  ConnectedState !CMD_RSSI_POLL rt=451342858/1144327338 70 0 "ourhome" f4:6d:2f:12:cc:88 rssi=-43 f=5240 sc=60 link=433 tx=0.8, 0.0, 0.0  rx=5.6 bcn=532603 [on:0 tx:0 rx:0 period:557] from screen [on:364224 period:1412569] score=60
10-16 20:45:39.963  3957  4129 D WifiStateMachine:  L2ConnectedState !CMD_RSSI_POLL rt=451342859/1144327340 70 0 "ourhome" f4:6d:2f:12:cc:88 rssi=-43 f=5240 sc=60 link=433 tx=0.8, 0.0, 0.0  rx=5.6 bcn=532603 [on:0 tx:0 rx:0 period:2] from screen [on:364224 period:1412571] score=60
10-16 20:45:39.963  3957  4129 D WifiStateMachine:  get link layer stats 3
10-16 20:45:39.963  3436  3436 I android.hardware.wifi@1.0-service: getLinkLayerStats
10-16 20:45:39.982  3957  4129 D WifiStateMachine: fetchRssiLinkSpeedAndFrequencyNative rssi=-44 linkspeed=433 freq=5240
10-16 20:45:39.986  4340  4340 E SignalClusterView: setSlotFocusVisible : subId -2
10-16 20:45:39.986  4340  4340 E SignalClusterView: setSlotFocusVisible : subId -2
10-16 20:45:40.033  7492  7808 I BatteryMgr:DataCollectionService: stats => 1697481940033,132,4313,49,0,100
10-16 20:45:40.144  7492  7808 I BatteryMgr:DataCollectionService: stats => 1697481940144,132,4313,49,0,100
10-16 20:45:40.173  3957  4128 D WifiService: getConnectionInfo uid=1000
10-16 20:45:40.263  7492  7808 I BatteryMgr:DataCollectionService: stats => 1697481940263,132,4313,49,0,100
10-16 20:45:40.381  7492  7808 I BatteryMgr:DataCollectionService: stats => 1697481940381,132,4313,49,0,100
10-16 20:45:40.409  3957  4129 D WifiStateMachine:  ConnectedState !RSSI_PKTCNT_FETCH uid=1000 rt=451343302/1144327783 0 0 "ourhome" f4:6d:2f:12:cc:88 rssi=-44 f=5240 sc=60 link=433 tx=0.3, 0.0, 0.0  rx=2.1 bcn=532630 [on:0 tx:0 rx:0 period:424] from screen [on:364310 period:1413017] score=60
10-16 20:45:40.414  3957  4129 D WifiStateMachine:  L2ConnectedState !RSSI_PKTCNT_FETCH uid=1000 rt=451343307/1144327788 0 0 "ourhome" f4:6d:2f:12:cc:88 rssi=-44 f=5240 sc=60 link=433 tx=0.3, 0.0, 0.0  rx=2.1 bcn=532630 [on:0 tx:0 rx:0 period:4] from screen [on:364310 period:1413021] score=60
10-16 20:45:40.417  3957  4129 D WifiStateMachine: fetchRssiLinkSpeedAndFrequencyNative rssi=-45 linkspeed=433 freq=5240
10-16 20:45:40.489  7492  7808 I BatteryMgr:DataCollectionService: stats => 1697481940489,132,4313,49,0,100
10-16 20:45:40.599  7492  7808 I BatteryMgr:DataCollectionService: stats => 1697481940599,132,4313,49,0,100
10-16 20:45:40.715  7492  7808 I BatteryMgr:DataCollectionService: stats => 1697481940714,132,4313,49,0,100
10-16 20:45:40.823  7492  7808 I BatteryMgr:DataCollectionService: stats => 1697481940823,132,4313,49,0,100
10-16 20:45:40.931  7492  7808 I BatteryMgr:DataCollectionService: stats => 1697481940931,132,4313,49,0,100
10-16 20:45:41.036  7492  7808 I BatteryMgr:DataCollectionService: stats => 1697481941036,132,4313,49,0,100
10-16 20:45:41.146  7492  7808 I BatteryMgr:DataCollectionService: stats => 1697481941145,132,4313,49,0,100
10-16 20:45:41.175  3957  4128 D WifiService: getConnectionInfo uid=1000
10-16 20:45:41.259  7492  7808 I BatteryMgr:DataCollectionService: stats => 1697481941259,132,4313,49,0,100
10-16 20:45:41.366  7492  7808 I BatteryMgr:DataCollectionService: stats => 1697481941366,132,4313,49,0,100
10-16 20:45:41.407  3957  4129 D WifiStateMachine:  ConnectedState !RSSI_PKTCNT_FETCH uid=1000 rt=451344303/1144328784 0 0 "ourhome" f4:6d:2f:12:cc:88 rssi=-45 f=5240 sc=60 link=433 tx=0.3, 0.0, 0.0  rx=2.1 bcn=532630 [on:0 tx:0 rx:0 period:994] from screen [on:364310 period:1414015] score=60
10-16 20:45:41.409  3957  4129 D WifiStateMachine:  L2ConnectedState !RSSI_PKTCNT_FETCH uid=1000 rt=451344305/1144328786 0 0 "ourhome" f4:6d:2f:12:cc:88 rssi=-45 f=5240 sc=60 link=433 tx=0.3, 0.0, 0.0  rx=2.1 bcn=532630 [on:0 tx:0 rx:0 period:2] from screen [on:364310 period:1414017] score=60
10-16 20:45:41.415  3957  4129 D WifiStateMachine: fetchRssiLinkSpeedAndFrequencyNative rssi=-44 linkspeed=433 freq=5240
10-16 20:45:41.476  7492  7808 I BatteryMgr:DataCollectionService: stats => 1697481941476,132,4313,49,0,100
10-16 20:45:41.585  7492  7808 I BatteryMgr:DataCollectionService: stats => 1697481941585,132,4313,49,0,100
10-16 20:45:41.614  7536  7740 I SessionStorage/AutoSave: Save: Periodic
10-16 20:45:41.695  7492  7808 I BatteryMgr:DataCollectionService: stats => 1697481941695,132,4313,49,0,100
10-16 20:45:41.803  7492  7808 I BatteryMgr:DataCollectionService: stats => 1697481941803,132,4313,49,0,100
10-16 20:45:41.911  7492  7808 I BatteryMgr:DataCollectionService: stats => 1697481941911,132,4313,49,0,100
10-16 20:45:41.981  3957  3977 V MARsPolicyManager: updateFromMARsThread
10-16 20:45:41.984  3957  3978 D MARsDBManager: updatePkgsToSMDB : begin --size 3
10-16 20:45:42.020  7492  7808 I BatteryMgr:DataCollectionService: stats => 1697481942020,132,4313,49,0,100
10-16 20:45:42.055  3957  3978 D MARsDBManager: updatePkgsToSMDB : end
10-16 20:45:42.055  3957  3978 D MARsDBManager: onChange - mSmartManagerObserver! Uri = content://com.samsung.android.sm/AppFreezer?MARs-self=true&MARs=true
10-16 20:45:42.055  3957  3978 I chatty  : uid=1000(system) MARsDBThread identical 1 line
10-16 20:45:42.056  3957  3978 D MARsDBManager: onChange - mSmartManagerObserver! Uri = content://com.samsung.android.sm/AppFreezer?MARs-self=true&MARs=true
10-16 20:45:42.129  7492  7808 I BatteryMgr:DataCollectionService: stats => 1697481942129,132,4313,49,0,100
10-16 20:45:42.178  3957  4128 D WifiService: getConnectionInfo uid=1000
10-16 20:45:42.234  7492  7808 I BatteryMgr:DataCollectionService: stats => 1697481942234,132,4313,49,0,100
10-16 20:45:42.342  7492  7808 I BatteryMgr:DataCollectionService: stats => 1697481942342,132,4313,49,0,100
10-16 20:45:42.410  3957  4129 D WifiStateMachine:  ConnectedState !RSSI_PKTCNT_FETCH uid=1000 rt=451345304/1144329785 0 0 "ourhome" f4:6d:2f:12:cc:88 rssi=-44 f=5240 sc=60 link=433 tx=0.3, 0.0, 0.0  rx=2.1 bcn=532630 [on:0 tx:0 rx:0 period:1001] from screen [on:364310 period:1415018] score=60
10-16 20:45:42.413  3957  4129 D WifiStateMachine:  L2ConnectedState !RSSI_PKTCNT_FETCH uid=1000 rt=451345308/1144329789 0 0 "ourhome" f4:6d:2f:12:cc:88 rssi=-44 f=5240 sc=60 link=433 tx=0.3, 0.0, 0.0  rx=2.1 bcn=532630 [on:0 tx:0 rx:0 period:2] from screen [on:364310 period:1415020] score=60
10-16 20:45:42.419  3957  4129 D WifiStateMachine: fetchRssiLinkSpeedAndFrequencyNative rssi=-43 linkspeed=433 freq=5240
10-16 20:45:42.448  7492  7808 I BatteryMgr:DataCollectionService: stats => 1697481942448,132,4313,49,0,100
10-16 20:45:42.559  2479  2548 D ScanRecord: Not a Multi Manu data
10-16 20:45:42.560  2479  2548 I chatty  : uid=1002(bluetooth) BT Service Call identical 11 lines
10-16 20:45:42.560  2479  2548 D ScanRecord: Not a Multi Manu data
10-16 20:45:42.566  7492  7808 I BatteryMgr:DataCollectionService: stats => 1697481942566,132,4313,49,0,100
10-16 20:45:42.567  2479  2548 D ScanRecord: Not a Multi Manu data
10-16 20:45:42.647  2479  2548 I chatty  : uid=1002(bluetooth) BT Service Call identical 128 lines
10-16 20:45:42.647  2479  2548 D ScanRecord: Not a Multi Manu data
10-16 20:45:42.671  7492  7808 I BatteryMgr:DataCollectionService: stats => 1697481942671,132,4313,49,0,100
10-16 20:45:42.675  2479  2548 D ScanRecord: Not a Multi Manu data
10-16 20:45:42.768  2479  2548 I chatty  : uid=1002(bluetooth) BT Service Call identical 141 lines
10-16 20:45:42.768  2479  2548 D ScanRecord: Not a Multi Manu data
10-16 20:45:42.775  7492  7808 I BatteryMgr:DataCollectionService: stats => 1697481942775,132,4313,49,0,100
10-16 20:45:42.780  2479  2548 D ScanRecord: Not a Multi Manu data
10-16 20:45:42.780  2479  2548 I chatty  : uid=1002(bluetooth) BT Service Call identical 11 lines
10-16 20:45:42.780  2479  2548 D ScanRecord: Not a Multi Manu data
10-16 20:45:42.793  7536  7547 I zygote64: Background concurrent copying GC freed 280747(8MB) AllocSpace objects, 0(0B) LOS objects, 50% free, 6MB/13MB, paused 3.582ms total 172.368ms
10-16 20:45:42.795  2479  2548 D ScanRecord: Not a Multi Manu data
10-16 20:45:42.856  2479  2548 I chatty  : uid=1002(bluetooth) BT Service Call identical 128 lines
10-16 20:45:42.856  2479  2548 D ScanRecord: Not a Multi Manu data
10-16 20:45:42.881  7492  7808 I BatteryMgr:DataCollectionService: stats => 1697481942881,132,4313,49,0,100
10-16 20:45:42.894  2479  2548 D ScanRecord: Not a Multi Manu data
10-16 20:45:42.919  4961  4961 D io_stats: !@ 179,0 r 7158747 228792112 w 1511973 31620888 d 122033 32928004 f 352264 371239 iot 3124296 2736567 th 51200 0 0 pt 0 inp 0 0 451345.816
10-16 20:45:42.973  2479  2548 I chatty  : uid=1002(bluetooth) BT Service Call identical 154 lines
10-16 20:45:42.973  2479  2548 D ScanRecord: Not a Multi Manu data
10-16 20:45:42.984  3957  4129 D WifiStateMachine:  ConnectedState !CMD_RSSI_POLL rt=451345881/1144330361 70 0 "ourhome" f4:6d:2f:12:cc:88 rssi=-43 f=5240 sc=60 link=433 tx=0.3, 0.0, 0.0  rx=2.1 bcn=532630 [on:0 tx:0 rx:0 period:572] from screen [on:364310 period:1415592] score=60
10-16 20:45:42.985  7492  7808 I BatteryMgr:DataCollectionService: stats => 1697481942985,132,4313,49,0,100
10-16 20:45:42.985  3957  4129 D WifiStateMachine:  L2ConnectedState !CMD_RSSI_POLL rt=451345882/1144330362 70 0 "ourhome" f4:6d:2f:12:cc:88 rssi=-43 f=5240 sc=60 link=433 tx=0.3, 0.0, 0.0  rx=2.1 bcn=532630 [on:0 tx:0 rx:0 period:1] from screen [on:364310 period:1415593] score=60
10-16 20:45:42.985  3957  4129 D WifiStateMachine:  get link layer stats 3
10-16 20:45:42.986  3436  3436 I android.hardware.wifi@1.0-service: getLinkLayerStats
10-16 20:45:42.989  3957  4129 D WifiStateMachine: fetchRssiLinkSpeedAndFrequencyNative rssi=-44 linkspeed=433 freq=5240
10-16 20:45:42.990  2479  2548 D ScanRecord: Not a Multi Manu data
10-16 20:45:42.991  2479  2548 I chatty  : uid=1002(bluetooth) BT Service Call identical 11 lines
10-16 20:45:42.991  2479  2548 D ScanRecord: Not a Multi Manu data
10-16 20:45:42.992  4340  4340 E SignalClusterView: setSlotFocusVisible : subId -2
10-16 20:45:42.992  4340  4340 E SignalClusterView: setSlotFocusVisible : subId -2
10-16 20:45:42.996  2479  2548 D ScanRecord: Not a Multi Manu data
10-16 20:45:43.046  2479  2548 I chatty  : uid=1002(bluetooth) BT Service Call identical 50 lines
10-16 20:45:43.046  2479  2548 D ScanRecord: Not a Multi Manu data
10-16 20:45:43.092  7492  7808 I BatteryMgr:DataCollectionService: stats => 1697481943092,132,4313,49,0,100
10-16 20:45:43.180  3957  4128 D WifiService: getConnectionInfo uid=1000
10-16 20:45:43.198  7492  7808 I BatteryMgr:DataCollectionService: stats => 1697481943198,132,4313,49,0,100
10-16 20:45:43.308  7492  7808 I BatteryMgr:DataCollectionService: stats => 1697481943308,132,4313,49,0,100
10-16 20:45:43.416  3957  4129 D WifiStateMachine:  ConnectedState !RSSI_PKTCNT_FETCH uid=1000 rt=451346307/1144330788 0 0 "ourhome" f4:6d:2f:12:cc:88 rssi=-44 f=5240 sc=60 link=433 tx=10.2, 0.0, 0.0  rx=9.6 bcn=532654 [on:0 tx:0 rx:0 period:425] from screen [on:364809 period:1416024] score=60
10-16 20:45:43.420  3957  4129 D WifiStateMachine:  L2ConnectedState !RSSI_PKTCNT_FETCH uid=1000 rt=451346314/1144330795 0 0 "ourhome" f4:6d:2f:12:cc:88 rssi=-44 f=5240 sc=60 link=433 tx=10.2, 0.0, 0.0  rx=9.6 bcn=532654 [on:0 tx:0 rx:0 period:3] from screen [on:364809 period:1416027] score=60
10-16 20:45:43.426  3957  4129 D WifiStateMachine: fetchRssiLinkSpeedAndFrequencyNative rssi=-44 linkspeed=433 freq=5240
10-16 20:45:43.430  7492  7808 I BatteryMgr:DataCollectionService: stats => 1697481943429,132,4313,49,0,100
10-16 20:45:43.432  3957  6478 D SSRM:k  : SIOP:: AP = 420, PST = 433 (W:10), BAT = 282, USB = 0, CHG = 0
10-16 20:45:43.539  7492  7808 I BatteryMgr:DataCollectionService: stats => 1697481943539,132,4313,49,0,100
10-16 20:45:43.648  7492  7808 I BatteryMgr:DataCollectionService: stats => 1697481943648,132,4313,49,0,100
10-16 20:45:43.756  7492  7808 I BatteryMgr:DataCollectionService: stats => 1697481943756,132,4313,49,0,100
10-16 20:45:43.863  7492  7808 I BatteryMgr:DataCollectionService: stats => 1697481943863,132,4313,49,0,100
10-16 20:45:43.976  7492  7808 I BatteryMgr:DataCollectionService: stats => 1697481943976,132,4313,49,0,100
10-16 20:45:44.088  7492  7808 I BatteryMgr:DataCollectionService: stats => 1697481944088,132,4313,49,0,100
10-16 20:45:44.183  3957  4128 D WifiService: getConnectionInfo uid=1000
10-16 20:45:44.195  7492  7808 I BatteryMgr:DataCollectionService: stats => 1697481944195,132,4313,49,0,100
10-16 20:45:44.301  7492  7808 I BatteryMgr:DataCollectionService: stats => 1697481944301,132,4313,49,0,100
10-16 20:45:44.305  3957  4416 E Watchdog: !@Sync 15039 [2023-10-16 20:45:44.305]
10-16 20:45:44.414  3957  4129 D WifiStateMachine:  ConnectedState !RSSI_PKTCNT_FETCH uid=1000 rt=451347309/1144331790 0 0 "ourhome" f4:6d:2f:12:cc:88 rssi=-44 f=5240 sc=60 link=433 tx=10.2, 0.0, 0.0  rx=9.6 bcn=532654 [on:0 tx:0 rx:0 period:995] from screen [on:364809 period:1417022] score=60
10-16 20:45:44.418  3957  4129 D WifiStateMachine:  L2ConnectedState !RSSI_PKTCNT_FETCH uid=1000 rt=451347313/1144331793 0 0 "ourhome" f4:6d:2f:12:cc:88 rssi=-44 f=5240 sc=60 link=433 tx=10.2, 0.0, 0.0  rx=9.6 bcn=532654 [on:0 tx:0 rx:0 period:3] from screen [on:364809 period:1417025] score=60
10-16 20:45:44.428  3957  4129 D WifiStateMachine: fetchRssiLinkSpeedAndFrequencyNative rssi=-45 linkspeed=433 freq=5240
10-16 20:45:44.429  7492  7808 I BatteryMgr:DataCollectionService: stats => 1697481944428,132,4313,49,0,100
10-16 20:45:44.534  7492  7808 I BatteryMgr:DataCollectionService: stats => 1697481944534,132,4313,49,0,100
10-16 20:45:44.641  7492  7808 I BatteryMgr:DataCollectionService: stats => 1697481944641,132,4313,49,0,100
10-16 20:45:44.747  7492  7808 I BatteryMgr:DataCollectionService: stats => 1697481944746,132,4313,49,0,100
10-16 20:45:44.854  7492  7808 I BatteryMgr:DataCollectionService: stats => 1697481944854,132,4313,49,0,100
10-16 20:45:44.966  7492  7808 I BatteryMgr:DataCollectionService: stats => 1697481944966,132,4313,49,0,100
10-16 20:45:45.083  7492  7808 I BatteryMgr:DataCollectionService: stats => 1697481945083,132,4313,49,0,100
10-16 20:45:45.185  3957  4128 D WifiService: getConnectionInfo uid=1000
10-16 20:45:45.189  7492  7808 I BatteryMgr:DataCollectionService: stats => 1697481945189,132,4313,49,0,100
10-16 20:45:45.304  7492  7808 I BatteryMgr:DataCollectionService: stats => 1697481945303,132,4313,49,0,100
10-16 20:45:45.416  3957  4129 D WifiStateMachine:  ConnectedState !RSSI_PKTCNT_FETCH uid=1000 rt=451348310/1144332790 0 0 "ourhome" f4:6d:2f:12:cc:88 rssi=-45 f=5240 sc=60 link=433 tx=10.2, 0.0, 0.0  rx=9.6 bcn=532654 [on:0 tx:0 rx:0 period:999] from screen [on:364809 period:1418024] score=60
