10-16 20:36:43.104  3957  5415 D InputMethodManagerService: windowGainedFocus : lock - currentUserId = 0 destinationUserId = 0
10-16 20:36:43.104  3957  5415 D InputMethodManagerService: windowGainedFocus : mCurrentFocusedUserId - 0 and mSecureKeypadEnabled - false, userSwitched - false
10-16 20:36:43.104  3957  5415 V InputMethodManagerService: windowGainedFocus : reason=WINDOW_FOCUS_GAIN client=android.os.BinderProxy@3f6bc91 inputContext=null missingMethods= attribute=android.view.inputmethod.EditorInfo@99d473d nm = org.mozilla.fenix controlFlags=#104 softInputMode=#110 windowFlags=#81010100
10-16 20:36:43.105  3957  5415 V InputMethodManagerService: hideCurrentInputLocked : shouldHideSoftInput is false
10-16 20:36:43.105  3957  5415 D InputMethodManagerService: isImeSwitcherDisabledPackage : false
10-16 20:36:43.105  3957  5415 V InputMethodManagerService: Creating new session for client ClientState{9da1b32 uid 10169 pid 6792}
10-16 20:36:43.108   887   887 E adbd    : recv: OPEN 000000cd 00000000 003e:73 68 65 6C 6C 2C 76 32 2C 54 45 52 4D 3D 78 74 65 72 6D 2D 32 35 36 63 6F 6C 6F 72 2C 72 61 77 3A 67 65 74 70 72 6F 70 20 72 6F 2E 62 75 69 6C 64 2E 76 65 72 73 69 6F 6E 2E 73 64 6B 00 
10-16 20:36:43.108   887   887 E adbd    : service_to_fd: shell,v2,TERM=xterm-256color,raw:getprop ro.build.version.sdk
10-16 20:36:43.108  3957  5415 D InputMethodManagerService: setCurrentInputInfo - inputContext : null eidtorInfo : android.view.inputmethod.EditorInfo@99d473d missingMethods : 0
10-16 20:36:43.110  2764  2764 I InputMethodWrapper:  call dispatchStartInputWithToken
10-16 20:36:43.110  2764  2764 I InputMethodService: dispatchStartInputWithToken
10-16 20:36:43.110  2764  2764 I SKBD    : SamsungKeypad [IMI] onStartInput - caller pid : 6792, caller uid : 10169
10-16 20:36:43.115  6792  7006 I libglean_ffi: glean_core::upload: New upload task with id 89438c78-40c3-4e0f-9b06-341d07cf7cc7 (path: /submit/org-mozilla-fenix/events/1/89438c78-40c3-4e0f-9b06-341d07cf7cc7)
10-16 20:36:43.119  6947  6981 W linker  : "/data/app/org.mozilla.fenix-iWpGOrf8cry6RDpwHyQugA==/lib/arm64/libmozglue.so" unused DT entry: type 0x8000024 arg 0x38f70
10-16 20:36:43.119  6947  6981 W linker  : "/data/app/org.mozilla.fenix-iWpGOrf8cry6RDpwHyQugA==/lib/arm64/libmozglue.so" unused DT entry: type 0x8000023 arg 0x1f8
10-16 20:36:43.119  6947  6981 W linker  : "/data/app/org.mozilla.fenix-iWpGOrf8cry6RDpwHyQugA==/lib/arm64/libmozglue.so" unused DT entry: type 0x8000025 arg 0x8
10-16 20:36:43.122  6947  6981 I GeckoLoader: Library base=/data/app/org.mozilla.fenix-iWpGOrf8cry6RDpwHyQugA==/lib/arm64
10-16 20:36:43.122  6947  6981 I GeckoLoader: Library base=/data/app/org.mozilla.fenix-iWpGOrf8cry6RDpwHyQugA==/lib/arm64
10-16 20:36:43.123  6947  6981 E GeckoLibLoad: Load sqlite start
10-16 20:36:43.125  6947  6981 W linker  : "/data/app/org.mozilla.fenix-iWpGOrf8cry6RDpwHyQugA==/lib/arm64/libnss3.so" unused DT entry: type 0x8000024 arg 0x14998
10-16 20:36:43.125  6947  6981 W linker  : "/data/app/org.mozilla.fenix-iWpGOrf8cry6RDpwHyQugA==/lib/arm64/libnss3.so" unused DT entry: type 0x8000023 arg 0x5c8
10-16 20:36:43.125  6947  6981 W linker  : "/data/app/org.mozilla.fenix-iWpGOrf8cry6RDpwHyQugA==/lib/arm64/libnss3.so" unused DT entry: type 0x8000025 arg 0x8
10-16 20:36:43.127  3957  5415 D ConnectivityService: filterNetworkStateForUid() uid: 10169 networkInfo: [type: WIFI[] - WIFI, state: CONNECTED/CONNECTED, reason: (unspecified), extra: "ourhome", failover: false, available: true, roaming: false, metered: false]
10-16 20:36:43.127  3957  5415 D WifiService: getConnectionInfo uid=1000
10-16 20:36:43.127  6947  6981 E GeckoLibLoad: Load sqlite done
10-16 20:36:43.128  6947  6981 I GeckoLoader: Library base=/data/app/org.mozilla.fenix-iWpGOrf8cry6RDpwHyQugA==/lib/arm64
10-16 20:36:43.128  6947  6981 E GeckoLibLoad: Load nss start
10-16 20:36:43.128  6947  6981 E GeckoLibLoad: Load nss done
10-16 20:36:43.128  6947  6981 I GeckoLoader: Library base=/data/app/org.mozilla.fenix-iWpGOrf8cry6RDpwHyQugA==/lib/arm64
10-16 20:36:43.128  3957  5415 I chatty  : uid=1000(system) Binder:3957_F identical 1 line
10-16 20:36:43.128  3957  5415 D WifiService: getConnectionInfo uid=1000
10-16 20:36:43.129  3957  5415 D ConnectivityService: filterNetworkStateForUid() uid: 10169 networkInfo: [type: WIFI[] - WIFI, state: CONNECTED/CONNECTED, reason: (unspecified), extra: "ourhome", failover: false, available: true, roaming: false, metered: false]
10-16 20:36:43.129  3957  5415 D WifiService: getConnectionInfo uid=1000
10-16 20:36:43.133  6947  6981 W linker  : "/data/app/org.mozilla.fenix-iWpGOrf8cry6RDpwHyQugA==/lib/arm64/libxul.so" unused DT entry: type 0x8000024 arg 0x539420
10-16 20:36:43.134  6947  6981 W linker  : "/data/app/org.mozilla.fenix-iWpGOrf8cry6RDpwHyQugA==/lib/arm64/libxul.so" unused DT entry: type 0x8000023 arg 0x17d68
10-16 20:36:43.134  6947  6981 W linker  : "/data/app/org.mozilla.fenix-iWpGOrf8cry6RDpwHyQugA==/lib/arm64/libxul.so" unused DT entry: type 0x8000025 arg 0x8
10-16 20:36:43.135  6792  6792 V InputMethodManager: Starting input: tba=android.view.inputmethod.EditorInfo@a243846 nm : org.mozilla.fenix ic=null
10-16 20:36:43.135  3447  3447 I SurfaceFlinger: Display 0 HWC layers:
10-16 20:36:43.135  3447  3447 I SurfaceFlinger:     type    |    handle    | flag |  format   |   source crop (l,t,r,b)    |         frame       | name 
10-16 20:36:43.135  3447  3447 I SurfaceFlinger: ------------+--------------+------+-----------+----------------------------+---------------------+------
10-16 20:36:43.135  3447  3447 I SurfaceFlinger:      Client | 0x7e9ec21e40 | 0000 | RGBA_8888 |   0.0    0.0  720.0 1280.0 |    0    0  720 1280 | org.mozilla.fenix/org.mozilla.fenix.App#0
10-16 20:36:43.135  3447  3447 I SurfaceFlinger:      Client | 0x7ea5024fc0 | 0000 | RGBA_8888 |   0.0    0.0  720.0 1280.0 |    0    0  720 1280 | Splash Screen org.mozilla.fenix#0
10-16 20:36:43.135  3447  3447 I SurfaceFlinger:      Client | 0x7e9ed37c00 | 0000 | RGBA_8888 |   0.0    0.0  720.0   42.0 |    0    0  720   42 | StatusBar#0
10-16 20:36:43.135  3447  3447 I SurfaceFlinger: 
10-16 20:36:43.162  6947  6981 E GeckoLibLoad: Loaded libs in 33.343038ms total, 16ms(16ms) user, 16ms(16ms) system, 0(0) faults
10-16 20:36:43.162  6947  6981 W GeckoThread: zerdatime 1143790540 - runGecko
10-16 20:36:43.170  3599  3918 D DnsProxyListener: DNSDBG::dns addrinfo af 2
10-16 20:36:43.174   887   887 E adbd    : recv: OPEN 000000d1 00000000 015d:73 68 65 6C 6C 2C 76 32 2C 54 45 52 4D 3D 78 74 65 72 6D 2D 32 35 36 63 6F 6C 6F 72 2C 72 61 77 3A 61 6D 20 73 74 61 72 74 2D 66 6F 72 65 67 72 6F 75 6E 64 2D 73 65 72 76 69 63 65 20 2D 6E 20 22 63 6F 6D 2E 65 78 61 6D 70 6C 65 2E 62 61 74 74 65 72 79 6D 61 6E 61 67 65 72 5F 75 74 69 6C 69 74 79 2F 63 6F 6D 2E 65 78 61 6D 70 6C 65 2E 62 61 74 74 65 72 79 6D 61 6E 61 67 65 72 5F 75 74 69 6C 69 74 79 2E 44 61 74 61 43 6F 6C 6C 65 63 74 69 6F 6E 53 65 72 76 69 63 65 22 20 2D 2D 65 69 20 73 61 6D 70 6C 65 52 61 74 65 20 31 30 30 20 2D 2D 65 73 20 22 64 61 74 61 46 69 65 6C 64 73 22 20 22 42 41 54 54 45 52 59 5F 50 52 4F 50 45 52 54 59 5F 43 55 52 52 45 4E 54 5F 4E 4F 57 2C 45 58 54 52 41 5F 56 4F 4C 54 41 47 45 2C 42 41 54 54 45 52 59 5F 50 52 4F 50 45 52 54 59 5F 43 55 52 52 45 4E 54 5F 41 56 45 52 41 47 45 2C 42 41 54 54 45 52 59 5F 50 52 4F 50 45 52 54 59 5F 43 48 41 52 47 45 5F 43 4F 55 4E 54 45 52 2C 42 41 54 54 45 52 59 5F 50 52 4F 50 45 52 54 59 5F 43 41 50 41 43 49 54 59
10-16 20:36:43.174   887   887 E adbd    : service_to_fd: shell,v2,TERM=xterm-256color,raw:am start-foreground-service -n "com.example.batterymanager_utility/com.example.batterymanager_utility.DataCollectionService" --ei sampleRate 100 --es "dataFields" "BATTERY_PROPERTY_CURRENT_NOW,EXTRA_VOLTAGE,BATTERY_PROPERTY_CURRENT_AVERAGE,BATTERY_PROPERTY_CHARGE_COUNTER,BATTERY_PROPERTY_CAPACITY" --ez toCSV false
10-16 20:36:43.196  6792  6792 D skia    : approximate: numPoints=40, lengths[39]=620.200073, totalLength=620.200073, segmentPoints[39]=[422.600037,0.000000]
10-16 20:36:43.196  6792  6792 D skia    : approximate: approximation[117]=1.000000, approximation[118]=422.600037, approximation[119]=0.000000
10-16 20:36:43.198  6792  6792 D skia    : approximate: numPoints=4, lengths[3]=3.448155, totalLength=3.448155, segmentPoints[3]=[3.000000,0.100000]
10-16 20:36:43.198  6792  6792 D skia    : approximate: approximation[9]=1.000000, approximation[10]=3.000000, approximation[11]=0.100000
10-16 20:36:43.200  6792  6792 D skia    : approximate: numPoints=37, lengths[36]=722.199951, totalLength=722.199951, segmentPoints[36]=[199.600006,0.000000]
10-16 20:36:43.200  6792  6792 D skia    : approximate: approximation[108]=1.000000, approximation[109]=199.600006, approximation[110]=0.000000
10-16 20:36:43.200  6792  6792 D skia    : approximate: numPoints=3, lengths[2]=2.472497, totalLength=2.472497, segmentPoints[2]=[2.000000,0.100000]
10-16 20:36:43.200  6792  6792 D skia    : approximate: approximation[6]=1.000000, approximation[7]=2.000000, approximation[8]=0.100000
10-16 20:36:43.201  3599  3918 D DnsProxyListener: DNSDBG::dns addrinfo af 0
10-16 20:36:43.207  6792  6822 W GeckoEventDispatcher: No listener for GeckoView:PageAction:Update
10-16 20:36:43.210  6792  6792 V InputMethodManager: Starting input: tba=android.view.inputmethod.EditorInfo@620342e nm : org.mozilla.fenix ic=null
10-16 20:36:43.210  6792  6792 I InputMethodManager: startInputInner - mService.startInputOrWindowGainedFocus
10-16 20:36:43.211  3957 14954 D InputMethodManagerService: startInputOrWindowGainedFocus : startInput 
10-16 20:36:43.211  3957 14954 D InputMethodManagerService: setCurrentInputInfo - inputContext : null eidtorInfo : android.view.inputmethod.EditorInfo@19c1a39 missingMethods : 0
10-16 20:36:43.212  2764  2764 I InputMethodWrapper:  call dispatchStartInputWithToken
10-16 20:36:43.212  2764  2764 I InputMethodService: dispatchStartInputWithToken
10-16 20:36:43.212  2764  2764 I SKBD    : SamsungKeypad [IMI] onStartInput - caller pid : 6792, caller uid : 10169
10-16 20:36:43.259  3957  4025 I WindowManager: Destroying surface Surface(name=Splash Screen org.mozilla.fenix) called by com.android.server.wm.WindowStateAnimator.destroySurface:2501 com.android.server.wm.WindowStateAnimator.destroySurfaceLocked:985 com.android.server.wm.WindowState.destroyOrSaveSurfaceUnchecked:3670 com.android.server.wm.WindowState.destroySurface:3618 com.android.server.wm.AppWindowToken.destroySurfaces:722 com.android.server.wm.AppWindowToken.destroySurfaces:706 com.android.server.wm.WindowState.onExitAnimationDone:5316 com.android.server.wm.WindowStateAnimator.stepAnimationLocked:550 
10-16 20:36:43.259  3447  4088 I SurfaceFlinger: id=2513 Removed Splash Screen org.mozilla.fenix#0 (4/5)
10-16 20:36:43.260  6748  6748 I BatteryMgr:DataCollectionService: onStartCommand: begin
10-16 20:36:43.261  6748  6748 I BatteryMgr:DataCollectionService: onStartCommand: sampleRate => 100
10-16 20:36:43.261  6748  6748 I BatteryMgr:DataCollectionService: onStartCommand: rawFields => Timestamp,BATTERY_PROPERTY_CURRENT_NOW,EXTRA_VOLTAGE,BATTERY_PROPERTY_CURRENT_AVERAGE,BATTERY_PROPERTY_CHARGE_COUNTER,BATTERY_PROPERTY_CAPACITY
10-16 20:36:43.265  6748  6748 I BatteryMgr:DataCollectionService: onStartCommand: notification done
10-16 20:36:43.267  3447  3447 I SurfaceFlinger: Display 0 HWC layers:
10-16 20:36:43.267  3447  3447 I SurfaceFlinger:     type    |    handle    | flag |  format   |   source crop (l,t,r,b)    |         frame       | name 
10-16 20:36:43.267  3447  3447 I SurfaceFlinger: ------------+--------------+------+-----------+----------------------------+---------------------+------
10-16 20:36:43.267  3447  3447 I SurfaceFlinger:      Device | 0x7e9ec225c0 | 0000 | RGBA_8888 |   0.0    0.0  720.0 1280.0 |    0    0  720 1280 | org.mozilla.fenix/org.mozilla.fenix.App#0
10-16 20:36:43.267  3447  3447 I SurfaceFlinger:      Device | 0x7e9ec231c0 | 0000 | RGBA_8888 |   0.0    0.0  720.0   42.0 |    0    0  720   42 | StatusBar#0
10-16 20:36:43.267  3447  3447 I SurfaceFlinger: 
10-16 20:36:43.268  6947  6981 W AudioCapabilities: Unsupported mime audio/mpeg-L1
10-16 20:36:43.268  6748  6748 D Notification: allPendingIntents
10-16 20:36:43.268  3447  4088 I SurfaceFlinger: id=2513 Removed Splash Screen org.mozilla.fenix#0 (-2/5)
10-16 20:36:43.269  6947  6981 W AudioCapabilities: Unsupported mime audio/mpeg-L2
10-16 20:36:43.269  6748  6748 I BatteryMgr:DataCollectionService: started foreground
10-16 20:36:43.271  3957  3972 D ApplicationPolicy: isStatusBarNotificationAllowedAsUser: packageName = com.example.batterymanager_utility,userId = 0
10-16 20:36:43.272  3957  3972 D API test: getContainerInfo: value is 
10-16 20:36:43.273  6947  6981 W AudioCapabilities: Unsupported mime audio/x-ms-wma
10-16 20:36:43.274  3957  3972 D ApplicationPolicy: isStatusBarNotificationAllowedAsUser: packageName = com.example.batterymanager_utility,userId = 0
10-16 20:36:43.274  3957  3972 D API test: getContainerInfo: value is 
10-16 20:36:43.274  3447  3447 I Layer   : id=2513 onRemoved Splash Screen org.mozilla.fenix#0 
10-16 20:36:43.275  6947  6981 W AudioCapabilities: Unsupported mime audio/x-ima
10-16 20:36:43.277  3957  3957 I AccessibilityManagerService: semOnLightNotification(null), bIsFlashOn : false
10-16 20:36:43.278  3957  3957 D AccessibilityManagerService: Can't use light notification
10-16 20:36:43.279  3957  3957 D AudioService: getStreamVolume 5 index 110
10-16 20:36:43.280  3957 14954 D Notification: allPendingIntents
10-16 20:36:43.281  4340  4340 D StatusBar: addNotification key=0|com.example.batterymanager_utility|1|null|10170 fullscreen:false
10-16 20:36:43.282  3957 14954 D Notification: allPendingIntents
10-16 20:36:43.284  6947  6981 W VideoCapabilities: Unrecognized profile 2130706433 for video/avc
10-16 20:36:43.284  6947  6981 W VideoCapabilities: Unrecognized profile 2130706434 for video/avc
10-16 20:36:43.286  6947  6981 W VideoCapabilities: Unrecognized profile 2130706433 for video/avc
10-16 20:36:43.286  6947  6981 W VideoCapabilities: Unrecognized profile 2130706434 for video/avc
10-16 20:36:43.291   887   887 E adbd    : recv: OPEN 000000d5 00000000 0042:73 68 65 6C 6C 2C 76 32 2C 54 45 52 4D 3D 78 74 65 72 6D 2D 32 35 36 63 6F 6C 6F 72 2C 72 61 77 3A 67 65 74 70 72 6F 70 20 72 6F 2E 62 75 69 6C 64 2E 76 65 72 73 69 6F 6E 2E 72 65 6C 65 61 73 65 00 
10-16 20:36:43.292   887   887 E adbd    : service_to_fd: shell,v2,TERM=xterm-256color,raw:getprop ro.build.version.release
10-16 20:36:43.298  6748  7056 I BatteryMgr:DataCollectionService: collectData: begin
10-16 20:36:43.305  6748  7056 I BatteryMgr:DataCollectionService: stats => 1697481403305,239,4313,253,0,100
10-16 20:36:43.318  6947  6981 W VideoCapabilities: Unrecognized profile 2130706433 for video/avc
10-16 20:36:43.318  6947  6981 W VideoCapabilities: Unrecognized profile 2130706434 for video/avc
10-16 20:36:43.323  6947  6981 W VideoCapabilities: Unsupported mime video/avc-wfd
10-16 20:36:43.326  3957 14954 V WindowManager: Relayout Window{740a7f7 u0 org.mozilla.fenix/org.mozilla.fenix.App}: viewVisibility=0 req=720x1280 WM.LayoutParams{(0,0)(fillxfill) sim=#10 ty=1 fl=#81010100 pfl=0x20000 fmt=-3 wanim=0x7f1404fa vsysui=0x2610 needsMenuKey=2 colorMode=0 naviIconColor=0}
10-16 20:36:43.331  6792  6792 D ViewRootImpl@847214e[App]: Relayout returned: old=[0,0][720,1280] new=[0,0][720,1280] result=0x1 surface={valid=true 499281485824} changed=false
10-16 20:36:43.354   887   887 E adbd    : recv: OPEN 000000d9 00000000 003e:73 68 65 6C 6C 2C 76 32 2C 54 45 52 4D 3D 78 74 65 72 6D 2D 32 35 36 63 6F 6C 6F 72 2C 72 61 77 3A 67 65 74 70 72 6F 70 20 72 6F 2E 62 75 69 6C 64 2E 76 65 72 73 69 6F 6E 2E 73 64 6B 00 
10-16 20:36:43.354   887   887 E adbd    : service_to_fd: shell,v2,TERM=xterm-256color,raw:getprop ro.build.version.sdk
10-16 20:36:43.368  6947  6981 I VideoCapabilities: Unsupported profile 4 for video/mp4v-es
10-16 20:36:43.369  2350  2902 I FontLog : (REDACTED) Received query %s, URI %s
10-16 20:36:43.373  2350  2902 I FontLog : (REDACTED) Query [%s] resolved to %s
10-16 20:36:43.382  3957 14954 V WindowManager: rotationForOrientationLw(orient=2, last=0); user=0  sensorRotation=-1 mLidState=-1 mDockMode=0 mHdmiPlugged=false
10-16 20:36:43.382  2350  2902 I FontLog : (REDACTED) Fetch %s end status %s
10-16 20:36:43.389  2350  2902 I FontLog : (REDACTED) Pulling font file for id = %d, cache size = %d
10-16 20:36:43.391  3957 14954 V WindowManager: Relayout Window{740a7f7 u0 org.mozilla.fenix/org.mozilla.fenix.App}: viewVisibility=0 req=720x1280 WM.LayoutParams{(0,0)(fillxfill) sim=#10 ty=1 fl=#81010100 pfl=0x20000 fmt=-3 wanim=0x7f1404fa vsysui=0x2610 needsMenuKey=2 colorMode=0 naviIconColor=0}
10-16 20:36:43.400  2350  2902 I FontLog : (REDACTED) Pulling font file for id = %d, cache size = %d
10-16 20:36:43.400  6792  6792 D ViewRootImpl@847214e[App]: Relayout returned: old=[0,0][720,1280] new=[0,0][720,1280] result=0x1 surface={valid=true 499281485824} changed=false
10-16 20:36:43.414  6748  7056 I BatteryMgr:DataCollectionService: stats => 1697481403414,239,4313,253,0,100
10-16 20:36:43.418  6947  6981 W VideoCapabilities: Unrecognized profile/level 1/32 for video/mp4v-es
10-16 20:36:43.419  6947  6981 W VideoCapabilities: Unrecognized profile/level 32768/2 for video/mp4v-es
10-16 20:36:43.419  6947  6981 W VideoCapabilities: Unrecognized profile/level 32768/64 for video/mp4v-es
10-16 20:36:43.420  6947  6981 W VideoCapabilities: Unsupported mime video/wvc1
10-16 20:36:43.432  6792  6792 I SessionPrioritizationMiddleware: Update the currentSelectedTab 7f93960a-d5ab-49b5-96cc-c70672d2a791 priority to HIGH
10-16 20:36:43.438  6947  6981 W VideoCapabilities: Unsupported mime video/x-ms-wmv
10-16 20:36:43.440  4340  4340 D KeyguardUpdateMonitor: handleStatusBarState( false )
10-16 20:36:43.444  6947  6981 W VideoCapabilities: Unsupported mime video/x-ms-wmv7
10-16 20:36:43.446  6947  6981 W VideoCapabilities: Unsupported mime video/x-ms-wmv8
10-16 20:36:43.448  6947  6981 W VideoCapabilities: Unsupported mime video/mp43
10-16 20:36:43.450  6792  6792 I DefaultSupportedAddonsChecker: Unregister check for new supported add-ons
10-16 20:36:43.450  6792  6792 I WebExtension: releasePendingMessages: extension=webcompat-reporter@mozilla.org nativeApp=mozacWebcompatReporter session=null
10-16 20:36:43.451  6792  6792 I WebExtension: releasePendingMessages: extension=fxa@mozac.org nativeApp=mozacWebchannel session=org.mozilla.geckoview.GeckoSession@c58e1ed
10-16 20:36:43.451  6792  6792 I WebExtension: releasePendingMessages: extension=fxa@mozac.org nativeApp=mozacWebchannelBackground session=null
10-16 20:36:43.452  6792  6792 I WebExtension: releasePendingMessages: extension=readerview@mozac.org nativeApp=mozacReaderview session=org.mozilla.geckoview.GeckoSession@c58e1ed
10-16 20:36:43.452  6792  6792 I WebExtension: releasePendingMessages: extension=readerview@mozac.org nativeApp=mozacReaderviewActive session=org.mozilla.geckoview.GeckoSession@c58e1ed
10-16 20:36:43.452  6792  6792 I WebExtension: releasePendingMessages: extension=readerview@mozac.org nativeApp=mozacReaderview session=org.mozilla.geckoview.GeckoSession@c58e1ed
10-16 20:36:43.463  6947  6981 W AudioCapabilities: Unsupported mime audio/mpeg-L1
10-16 20:36:43.463  6947  6981 W AudioCapabilities: Unsupported mime audio/mpeg-L2
10-16 20:36:43.463  6792  6792 I WebExtension: releasePendingMessages: extension=icons@mozac.org nativeApp=MozacBrowserIcons session=org.mozilla.geckoview.GeckoSession@c58e1ed
10-16 20:36:43.463  6947  6981 W AudioCapabilities: Unsupported mime audio/x-ms-wma
10-16 20:36:43.463  6947  6981 W AudioCapabilities: Unsupported mime audio/x-ima
10-16 20:36:43.464  6792  6792 I WebExtension: releasePendingMessages: extension=ads@mozac.org nativeApp=MozacBrowserAdsMessage session=org.mozilla.geckoview.GeckoSession@c58e1ed
10-16 20:36:43.464  6792  6792 I WebExtension: releasePendingMessages: extension=cookies@mozac.org nativeApp=MozacBrowserSearchMessage session=org.mozilla.geckoview.GeckoSession@c58e1ed
10-16 20:36:43.468  6947  6981 W VideoCapabilities: Unrecognized profile 2130706433 for video/avc
10-16 20:36:43.468  6947  6981 W VideoCapabilities: Unrecognized profile 2130706434 for video/avc
10-16 20:36:43.471  6947  6981 W VideoCapabilities: Unrecognized profile/level 1/32 for video/mp4v-es
10-16 20:36:43.471  6947  6981 W VideoCapabilities: Unrecognized profile/level 32768/2 for video/mp4v-es
10-16 20:36:43.471  6947  6981 W VideoCapabilities: Unrecognized profile/level 32768/64 for video/mp4v-es
10-16 20:36:43.472  6947  6981 W VideoCapabilities: Unsupported mime video/wvc1
10-16 20:36:43.472  6947  6981 W VideoCapabilities: Unsupported mime video/x-ms-wmv
10-16 20:36:43.473  6947  6981 W VideoCapabilities: Unsupported mime video/x-ms-wmv7
10-16 20:36:43.474  6947  6981 W VideoCapabilities: Unsupported mime video/x-ms-wmv8
10-16 20:36:43.474  6947  6981 W VideoCapabilities: Unsupported mime video/mp43
10-16 20:36:43.474  3957  3972 D ApplicationPolicy: isStatusBarNotificationAllowedAsUser: packageName = android,userId = 0
10-16 20:36:43.475  3957  3972 D API test: getContainerInfo: value is 
10-16 20:36:43.475  3957  3972 D ApplicationPolicy: isStatusBarNotificationAllowedAsUser: packageName = android,userId = 0
10-16 20:36:43.475  3957  3972 D API test: getContainerInfo: value is 
10-16 20:36:43.475  3957  3972 E NotificationService: Suppressing notification from package by user request.
10-16 20:36:43.490  6792  6822 W ResourceType: Too many attribute references, stopped at: 0x01010099
10-16 20:36:43.511  6792  7006 I libglean_ffi: glean_core::upload: Ping 89438c78-40c3-4e0f-9b06-341d07cf7cc7 successfully sent 200.
10-16 20:36:43.514  6792  7006 I libglean_ffi: glean_core::upload::directory: File was deleted /data/user/0/org.mozilla.fenix/glean_data/pending_pings/89438c78-40c3-4e0f-9b06-341d07cf7cc7
10-16 20:36:43.518  6792  7006 I libglean_ffi: glean_core::upload: New upload task with id 455cedfd-dedf-40cb-83e9-5cfe29106d8a (path: /submit/org-mozilla-fenix/baseline/1/455cedfd-dedf-40cb-83e9-5cfe29106d8a)
10-16 20:36:43.522  6748  7056 I BatteryMgr:DataCollectionService: stats => 1697481403522,239,4313,253,0,100
10-16 20:36:43.605  6877  6908 W linker  : "/data/app/org.mozilla.fenix-iWpGOrf8cry6RDpwHyQugA==/lib/arm64/libmozglue.so" unused DT entry: type 0x8000024 arg 0x38f70
10-16 20:36:43.605  6877  6908 W linker  : "/data/app/org.mozilla.fenix-iWpGOrf8cry6RDpwHyQugA==/lib/arm64/libmozglue.so" unused DT entry: type 0x8000023 arg 0x1f8
10-16 20:36:43.605  6877  6908 W linker  : "/data/app/org.mozilla.fenix-iWpGOrf8cry6RDpwHyQugA==/lib/arm64/libmozglue.so" unused DT entry: type 0x8000025 arg 0x8
10-16 20:36:43.609  6877  6908 I GeckoLoader: Library base=/data/app/org.mozilla.fenix-iWpGOrf8cry6RDpwHyQugA==/lib/arm64
10-16 20:36:43.609  6877  6908 I GeckoLoader: Library base=/data/app/org.mozilla.fenix-iWpGOrf8cry6RDpwHyQugA==/lib/arm64
10-16 20:36:43.611  6877  6908 E GeckoLibLoad: Load sqlite start
10-16 20:36:43.612  6877  6908 W linker  : "/data/app/org.mozilla.fenix-iWpGOrf8cry6RDpwHyQugA==/lib/arm64/libnss3.so" unused DT entry: type 0x8000024 arg 0x14998
10-16 20:36:43.612  6877  6908 W linker  : "/data/app/org.mozilla.fenix-iWpGOrf8cry6RDpwHyQugA==/lib/arm64/libnss3.so" unused DT entry: type 0x8000023 arg 0x5c8
10-16 20:36:43.612  6877  6908 W linker  : "/data/app/org.mozilla.fenix-iWpGOrf8cry6RDpwHyQugA==/lib/arm64/libnss3.so" unused DT entry: type 0x8000025 arg 0x8
10-16 20:36:43.612  6792  6822 W AudioCapabilities: Unsupported mime audio/mpeg-L1
10-16 20:36:43.613  6792  6822 W AudioCapabilities: Unsupported mime audio/mpeg-L2
10-16 20:36:43.614  6792  6822 W AudioCapabilities: Unsupported mime audio/x-ms-wma
10-16 20:36:43.614  6877  6908 E GeckoLibLoad: Load sqlite done
10-16 20:36:43.614  6877  6908 I GeckoLoader: Library base=/data/app/org.mozilla.fenix-iWpGOrf8cry6RDpwHyQugA==/lib/arm64
10-16 20:36:43.614  6792  6822 W AudioCapabilities: Unsupported mime audio/x-ima
10-16 20:36:43.614  6877  6908 E GeckoLibLoad: Load nss start
10-16 20:36:43.614  6877  6908 E GeckoLibLoad: Load nss done
10-16 20:36:43.614  6877  6908 I GeckoLoader: Library base=/data/app/org.mozilla.fenix-iWpGOrf8cry6RDpwHyQugA==/lib/arm64
10-16 20:36:43.617  6792  6822 W VideoCapabilities: Unrecognized profile 2130706433 for video/avc
10-16 20:36:43.617  6792  6822 W VideoCapabilities: Unrecognized profile 2130706434 for video/avc
10-16 20:36:43.618  6877  6908 W linker  : "/data/app/org.mozilla.fenix-iWpGOrf8cry6RDpwHyQugA==/lib/arm64/libxul.so" unused DT entry: type 0x8000024 arg 0x539420
10-16 20:36:43.618  6877  6908 W linker  : "/data/app/org.mozilla.fenix-iWpGOrf8cry6RDpwHyQugA==/lib/arm64/libxul.so" unused DT entry: type 0x8000023 arg 0x17d68
10-16 20:36:43.618  6877  6908 W linker  : "/data/app/org.mozilla.fenix-iWpGOrf8cry6RDpwHyQugA==/lib/arm64/libxul.so" unused DT entry: type 0x8000025 arg 0x8
10-16 20:36:43.619  6792  6822 W VideoCapabilities: Unrecognized profile 2130706433 for video/avc
10-16 20:36:43.619  6792  6822 W VideoCapabilities: Unrecognized profile 2130706434 for video/avc
10-16 20:36:43.625  6792  6822 W VideoCapabilities: Unrecognized profile 2130706433 for video/avc
10-16 20:36:43.625  6792  6822 W VideoCapabilities: Unrecognized profile 2130706434 for video/avc
10-16 20:36:43.627  6792  6822 W VideoCapabilities: Unsupported mime video/avc-wfd
10-16 20:36:43.629  3957  4089 D MdnieScenarioControlService:  packageName : org.mozilla.fenix    className : org.mozilla.fenix.App
10-16 20:36:43.629  3957  4089 V MdnieScenarioControlService: setUIMode from UI function(3)
10-16 20:36:43.630  6748  7056 I BatteryMgr:DataCollectionService: stats => 1697481403630,239,4313,253,0,100
10-16 20:36:43.649  6792  6822 I VideoCapabilities: Unsupported profile 4 for video/mp4v-es
10-16 20:36:43.651  6877  6908 E GeckoLibLoad: Loaded libs in 36.544423ms total, 20ms(20ms) user, 16ms(16ms) system, 0(0) faults
10-16 20:36:43.651  6877  6908 W GeckoThread: zerdatime 1143791030 - runGecko
10-16 20:36:43.679  6792  6822 W VideoCapabilities: Unrecognized profile/level 1/32 for video/mp4v-es
10-16 20:36:43.679  6792  6822 W VideoCapabilities: Unrecognized profile/level 32768/2 for video/mp4v-es
10-16 20:36:43.679  6792  6822 W VideoCapabilities: Unrecognized profile/level 32768/64 for video/mp4v-es
10-16 20:36:43.681  6792  6822 W VideoCapabilities: Unsupported mime video/wvc1
10-16 20:36:43.683  6792  6822 W VideoCapabilities: Unsupported mime video/x-ms-wmv
10-16 20:36:43.685  6792  6822 W VideoCapabilities: Unsupported mime video/x-ms-wmv7
10-16 20:36:43.687  6792  6822 W VideoCapabilities: Unsupported mime video/x-ms-wmv8
10-16 20:36:43.689  6792  6822 W VideoCapabilities: Unsupported mime video/mp43
10-16 20:36:43.696  3957  4129 D WifiStateMachine:  ConnectedState !RSSI_PKTCNT_FETCH uid=1000 rt=450806593/1143791074 0 0 "ourhome" f4:6d:2f:12:cc:88 rssi=-41 f=5240 sc=60 link=433 tx=0.6, 0.0, 0.0  rx=7.2 bcn=527792 [on:0 tx:0 rx:0 period:1000] from screen [on:262511 period:876304] score=60
10-16 20:36:43.697  3957  4129 D WifiStateMachine:  L2ConnectedState !RSSI_PKTCNT_FETCH uid=1000 rt=450806594/1143791075 0 0 "ourhome" f4:6d:2f:12:cc:88 rssi=-41 f=5240 sc=60 link=433 tx=0.6, 0.0, 0.0  rx=7.2 bcn=527792 [on:0 tx:0 rx:0 period:1] from screen [on:262511 period:876305] score=60
10-16 20:36:43.698  3957  4129 D WifiStateMachine: fetchRssiLinkSpeedAndFrequencyNative rssi=-45 linkspeed=433 freq=5240
10-16 20:36:43.699  3957  3957 D CustomFrequencyManagerService: releaseDVFSLockLocked : Getting Lock type frm List : DVFS_MIN_LIMIT  frequency : 1560000  uid : 1000  pid : 3957  tag : AMS_RESUME_TAIL@CPU_MIN@58
10-16 20:36:43.701  6792  6822 W AudioCapabilities: Unsupported mime audio/mpeg-L1
10-16 20:36:43.702  6792  6822 W AudioCapabilities: Unsupported mime audio/mpeg-L2
10-16 20:36:43.702  6792  6822 W AudioCapabilities: Unsupported mime audio/x-ms-wma
10-16 20:36:43.702  6792  6822 W AudioCapabilities: Unsupported mime audio/x-ima
10-16 20:36:43.704  6792  6822 W VideoCapabilities: Unrecognized profile 2130706433 for video/avc
10-16 20:36:43.704  6792  6822 W VideoCapabilities: Unrecognized profile 2130706434 for video/avc
10-16 20:36:43.708  6792  6822 W VideoCapabilities: Unrecognized profile/level 1/32 for video/mp4v-es
10-16 20:36:43.708  6792  6822 W VideoCapabilities: Unrecognized profile/level 32768/2 for video/mp4v-es
10-16 20:36:43.708  6792  6822 W VideoCapabilities: Unrecognized profile/level 32768/64 for video/mp4v-es
10-16 20:36:43.708  6792  6822 W VideoCapabilities: Unsupported mime video/wvc1
10-16 20:36:43.709  6792  6822 W VideoCapabilities: Unsupported mime video/x-ms-wmv
10-16 20:36:43.710  6792  6822 W VideoCapabilities: Unsupported mime video/x-ms-wmv7
10-16 20:36:43.710  6792  6822 W VideoCapabilities: Unsupported mime video/x-ms-wmv8
10-16 20:36:43.711  6792  6822 W VideoCapabilities: Unsupported mime video/mp43
10-16 20:36:43.737  6947  7023 D libGLESv2: STS_GLApi : DTS, ODTC are not allowed for Package : org.mozilla.fenix:gpu
10-16 20:36:43.737  6748  7056 I BatteryMgr:DataCollectionService: stats => 1697481403737,239,4313,253,0,100
10-16 20:36:43.742  6947  6962 V Surface : sf_framedrop debug : 0x4f4c, game : false, logging : 0
10-16 20:36:43.746  6947  7023 D mali_winsys: EGLint new_window_surface(egl_winsys_display *, void *, EGLSurface, EGLConfig, egl_winsys_surface **, egl_color_buffer_format *, EGLBoolean) returns 0x3000,  [720x1238]-format:2
10-16 20:36:43.751  6792  6822 I GeckoSession: zerdatime 1143791129 - chrome startup finished
10-16 20:36:43.761  6792  7006 I libglean_ffi: glean_core::upload: Ping 455cedfd-dedf-40cb-83e9-5cfe29106d8a successfully sent 200.
10-16 20:36:43.764  6792  7006 I libglean_ffi: glean_core::upload::directory: File was deleted /data/user/0/org.mozilla.fenix/glean_data/pending_pings/455cedfd-dedf-40cb-83e9-5cfe29106d8a
10-16 20:36:43.765  6792  6792 I GeckoSession: handleMessage GeckoView:PageStart uri=
10-16 20:36:43.765  6792  7006 I libglean_ffi: glean_core::upload: New upload task with id 76f4f6d4-35bd-4ebf-bc4e-80f2d18afaef (path: /submit/org-mozilla-fenix/baseline/1/76f4f6d4-35bd-4ebf-bc4e-80f2d18afaef)
10-16 20:36:43.766  6792  6792 I GeckoSession: handleMessage GeckoView:PageStop uri=null
10-16 20:36:43.782  3957  3957 D PreBindingService: handleMessage : 1
10-16 20:36:43.792  6792  6792 I GeckoSession: handleMessage GeckoView:PageStart uri=
10-16 20:36:43.797  3599  3918 D DnsProxyListener: DNSDBG::dns addrinfo af 0
10-16 20:36:43.802  3599  3918 I chatty  : uid=0(root) /system/bin/netd identical 4 lines
10-16 20:36:43.807  3599  3918 D DnsProxyListener: DNSDBG::dns addrinfo af 0
10-16 20:36:43.848  6748  7056 I BatteryMgr:DataCollectionService: stats => 1697481403847,239,4313,253,0,100
10-16 20:36:43.861  3447  3447 I SurfaceFlinger: Display 0 HWC layers:
10-16 20:36:43.861  3447  3447 I SurfaceFlinger:     type    |    handle    | flag |  format   |   source crop (l,t,r,b)    |         frame       | name 
10-16 20:36:43.861  3447  3447 I SurfaceFlinger: ------------+--------------+------+-----------+----------------------------+---------------------+------
10-16 20:36:43.861  3447  3447 I SurfaceFlinger:      Device | 0x7e9ed38440 | 0000 | RGBx_8888 |   0.0    0.0  720.0 1238.0 |    0   42  720 1280 | SurfaceView - org.mozilla.fenix/org.mozilla.fenix.App@c8a380a@0#0
10-16 20:36:43.861  3447  3447 I SurfaceFlinger:      Device | 0x7e9ec225c0 | 0000 | RGBA_8888 |   0.0    0.0  720.0 1280.0 |    0    0  720 1280 | org.mozilla.fenix/org.mozilla.fenix.App#0
10-16 20:36:43.861  3447  3447 I SurfaceFlinger:      Device | 0x7e9ed37c00 | 0000 | RGBA_8888 |   0.0    0.0  720.0   42.0 |    0    0  720   42 | StatusBar#0
10-16 20:36:43.861  3447  3447 I SurfaceFlinger: 
10-16 20:36:43.870  3957  4128 D WifiService: getConnectionInfo uid=1000
10-16 20:36:43.870  6792  6822 D GeckoIdleService: Setting timer a day from now
10-16 20:36:43.955  6748  7056 I BatteryMgr:DataCollectionService: stats => 1697481403955,239,4313,253,0,100
10-16 20:36:43.962  3957 14954 D StorageManagerService: getExternalStorageMountMode : 1
10-16 20:36:43.962  3957 14954 D StorageManagerService: getExternalStorageMountMode : 3
10-16 20:36:43.963  3957 14954 D StorageManagerService: getExternalStorageMountMode : final mountMode=1, uid : 10169, packageName : org.mozilla.fenix
10-16 20:36:43.963  3957 14954 I ApplicationPolicy: isApplicationExternalStorageWhitelisted:org.mozilla.fenix user:0
10-16 20:36:43.963  3957 14954 D ApplicationPolicy: isApplicationExternalStorageWhitelisted: DO is not enabled on user 0. Allowed.
10-16 20:36:43.963  3957 14954 D ActivityManager: package  org.mozilla.fenix, user - 0 is SDcard whitelisted
10-16 20:36:43.963  3957 14954 I ApplicationPolicy: isApplicationExternalStorageBlacklisted:org.mozilla.fenix user:0
10-16 20:36:43.963  3957 14954 D ApplicationPolicy: isApplicationExternalStorageBlacklisted: DO is not enabled on user 0. Allowed.
10-16 20:36:43.978  7128  7128 E Zygote  : isWhitelistProcess - Process is Whitelisted
10-16 20:36:43.978  3957 14954 I ActivityManager: Start proc 7128:org.mozilla.fenix:tab10/u0a169 for service org.mozilla.fenix/org.mozilla.gecko.process.GeckoChildProcessServices$tab10
10-16 20:36:43.978  7128  7128 E libpersona: scanKnoxPersonas
10-16 20:36:43.978  7128  7128 E libpersona: Couldn't open the File - /data/system/users/0/personalist.xml - No such file or directory
10-16 20:36:43.980  7128  7128 W SELinux : SELinux selinux_android_compute_policy_index : Policy Index[2],  Con:u:r:zygote:s0 RAM:SEPF_SM-J720F_8.0.0_0002, [-1 -1 -1 -1 0 1]
10-16 20:36:43.980  7128  7128 I SELinux : SELinux: seapp_context_lookup: seinfo=untrusted, level=s0:c512,c768, pkgname=org.mozilla.fenix:tab10 
10-16 20:36:44.001  7128  7128 D TimaKeyStoreProvider: TimaKeyStore is not enabled: cannot add TimaSignature Service and generateKeyPair Service
10-16 20:36:44.002  7128  7128 D ActivityThread: Added TimaKeyStore provider
10-16 20:36:44.005  3957 14954 I ActivityManager: DSS on for org.mozilla.fenix and scale is 1.0
10-16 20:36:44.024  7128  7128 I zygote64: no shared libraies, dex_files: 1
10-16 20:36:44.063  6748  7056 I BatteryMgr:DataCollectionService: stats => 1697481404063,239,4313,253,0,100
10-16 20:36:44.095  7128  7128 I ServiceChildProcess: onCreate
10-16 20:36:44.097  7128  7145 I GeckoThread: preparing to run Gecko
10-16 20:36:44.101  6792  6822 W AudioCapabilities: Unsupported mime audio/mpeg-L1
10-16 20:36:44.101  6792  6822 W AudioCapabilities: Unsupported mime audio/mpeg-L2
10-16 20:36:44.101  6792  6822 W AudioCapabilities: Unsupported mime audio/x-ms-wma
10-16 20:36:44.101  6792  6822 W AudioCapabilities: Unsupported mime audio/x-ima
10-16 20:36:44.102  6792  6822 W VideoCapabilities: Unrecognized profile 2130706433 for video/avc
10-16 20:36:44.102  6792  6822 W VideoCapabilities: Unrecognized profile 2130706434 for video/avc
10-16 20:36:44.102  7128  7145 W linker  : "/data/app/org.mozilla.fenix-iWpGOrf8cry6RDpwHyQugA==/lib/arm64/libmozglue.so" unused DT entry: type 0x8000024 arg 0x38f70
10-16 20:36:44.103  7128  7145 W linker  : "/data/app/org.mozilla.fenix-iWpGOrf8cry6RDpwHyQugA==/lib/arm64/libmozglue.so" unused DT entry: type 0x8000023 arg 0x1f8
10-16 20:36:44.103  7128  7145 W linker  : "/data/app/org.mozilla.fenix-iWpGOrf8cry6RDpwHyQugA==/lib/arm64/libmozglue.so" unused DT entry: type 0x8000025 arg 0x8
10-16 20:36:44.105  6792  6822 W VideoCapabilities: Unrecognized profile/level 1/32 for video/mp4v-es
10-16 20:36:44.105  6792  6822 W VideoCapabilities: Unrecognized profile/level 32768/2 for video/mp4v-es
10-16 20:36:44.105  6792  6822 W VideoCapabilities: Unrecognized profile/level 32768/64 for video/mp4v-es
10-16 20:36:44.106  6792  6822 W VideoCapabilities: Unsupported mime video/wvc1
10-16 20:36:44.106  6792  6822 W VideoCapabilities: Unsupported mime video/x-ms-wmv
10-16 20:36:44.106  7128  7145 I GeckoLoader: Library base=/data/app/org.mozilla.fenix-iWpGOrf8cry6RDpwHyQugA==/lib/arm64
10-16 20:36:44.107  7128  7145 I GeckoLoader: Library base=/data/app/org.mozilla.fenix-iWpGOrf8cry6RDpwHyQugA==/lib/arm64
10-16 20:36:44.107  6792  6822 W VideoCapabilities: Unsupported mime video/x-ms-wmv7
10-16 20:36:44.108  6792  6822 W VideoCapabilities: Unsupported mime video/x-ms-wmv8
10-16 20:36:44.108  7128  7145 E GeckoLibLoad: Load sqlite start
10-16 20:36:44.108  6792  6822 W VideoCapabilities: Unsupported mime video/mp43
10-16 20:36:44.109  3957  4306 D WifiConnectivityMonitor:  [|209] []
10-16 20:36:44.109  7128  7145 W linker  : "/data/app/org.mozilla.fenix-iWpGOrf8cry6RDpwHyQugA==/lib/arm64/libnss3.so" unused DT entry: type 0x8000024 arg 0x14998
10-16 20:36:44.109  7128  7145 W linker  : "/data/app/org.mozilla.fenix-iWpGOrf8cry6RDpwHyQugA==/lib/arm64/libnss3.so" unused DT entry: type 0x8000023 arg 0x5c8
10-16 20:36:44.110  7128  7145 W linker  : "/data/app/org.mozilla.fenix-iWpGOrf8cry6RDpwHyQugA==/lib/arm64/libnss3.so" unused DT entry: type 0x8000025 arg 0x8
10-16 20:36:44.111  7128  7145 E GeckoLibLoad: Load sqlite done
10-16 20:36:44.111  7128  7145 I GeckoLoader: Library base=/data/app/org.mozilla.fenix-iWpGOrf8cry6RDpwHyQugA==/lib/arm64
10-16 20:36:44.111  7128  7145 E GeckoLibLoad: Load nss start
10-16 20:36:44.111  7128  7145 E GeckoLibLoad: Load nss done
10-16 20:36:44.112  7128  7145 I GeckoLoader: Library base=/data/app/org.mozilla.fenix-iWpGOrf8cry6RDpwHyQugA==/lib/arm64
10-16 20:36:44.115  7128  7145 W linker  : "/data/app/org.mozilla.fenix-iWpGOrf8cry6RDpwHyQugA==/lib/arm64/libxul.so" unused DT entry: type 0x8000024 arg 0x539420
10-16 20:36:44.115  7128  7145 W linker  : "/data/app/org.mozilla.fenix-iWpGOrf8cry6RDpwHyQugA==/lib/arm64/libxul.so" unused DT entry: type 0x8000023 arg 0x17d68
10-16 20:36:44.116  7128  7145 W linker  : "/data/app/org.mozilla.fenix-iWpGOrf8cry6RDpwHyQugA==/lib/arm64/libxul.so" unused DT entry: type 0x8000025 arg 0x8
10-16 20:36:44.144  7128  7145 E GeckoLibLoad: Loaded libs in 32.546693ms total, 16ms(28ms) user, 16ms(16ms) system, 0(0) faults
10-16 20:36:44.145  7128  7145 W GeckoThread: zerdatime 1143791523 - runGecko
10-16 20:36:44.148  6792  6822 D GeckoIdleService: Register idle observer 0x7423fe6068 for 5 seconds
10-16 20:36:44.148  6792  6822 D GeckoIdleService: Register: adjusting next switch from -1 to 5 seconds
10-16 20:36:44.148  6792  6822 D GeckoIdleService: next timeout 4721 msec from now
10-16 20:36:44.148  6792  6822 D GeckoIdleService: SetTimerExpiryIfBefore: next timeout 4721 msec from now
10-16 20:36:44.148  6792  6822 D GeckoIdleService: reset timer expiry to 4731 msec from now
10-16 20:36:44.153  6792  7006 I libglean_ffi: glean_core::upload: Ping 76f4f6d4-35bd-4ebf-bc4e-80f2d18afaef successfully sent 200.
10-16 20:36:44.156  6792  7006 I libglean_ffi: glean_core::upload::directory: File was deleted /data/user/0/org.mozilla.fenix/glean_data/pending_pings/76f4f6d4-35bd-4ebf-bc4e-80f2d18afaef
10-16 20:36:44.157  6792  7006 I libglean_ffi: glean_core::upload: No more pings to upload! You are done.
10-16 20:36:44.161  6792  6897 I WM-WorkerWrapper: Worker result SUCCESS for Work [ id=0e591199-ccf9-4452-b3e2-62f3acb6b39b, tags={ mozilla.telemetry.glean.scheduler.PingUploadWorker, mozac_service_glean_ping_upload_worker } ]
10-16 20:36:44.172  6748  7056 I BatteryMgr:DataCollectionService: stats => 1697481404172,239,4313,253,0,100
10-16 20:36:44.176  6792  6792 D ConnectivityManager: unregisterNetworkCallback; CallingUid : 10169, CallingPid : 6792
10-16 20:36:44.177  3957  4157 D ConnectivityService: releasing NetworkRequest [ TRACK_DEFAULT id=1451, [ Capabilities: INTERNET&NOT_RESTRICTED&TRUSTED&NOT_VPN] ] (CALLBACK_RELEASED)
10-16 20:36:44.177  3957  4157 D ConnectivityService:  Removing from current network NetworkAgentInfo [WIFI () - 507], leaving 17 requests.
10-16 20:36:44.179  3957  4157 D ConnectivityService: sending notification RELEASED for NetworkRequest [ TRACK_DEFAULT id=1451, [ Capabilities: INTERNET&NOT_RESTRICTED&TRUSTED&NOT_VPN] ]
10-16 20:36:44.181  3957 14954 D JobServiceContext: sendStopMessageLocked stop reason: cancel() called by app
10-16 20:36:44.196  6877  6908 W linker  : "/data/app/org.mozilla.fenix-iWpGOrf8cry6RDpwHyQugA==/lib/arm64/libsoftokn3.so" unused DT entry: type 0x8000024 arg 0x2580
10-16 20:36:44.197  6877  6908 W linker  : "/data/app/org.mozilla.fenix-iWpGOrf8cry6RDpwHyQugA==/lib/arm64/libsoftokn3.so" unused DT entry: type 0x8000023 arg 0x70
10-16 20:36:44.197  6877  6908 W linker  : "/data/app/org.mozilla.fenix-iWpGOrf8cry6RDpwHyQugA==/lib/arm64/libsoftokn3.so" unused DT entry: type 0x8000025 arg 0x8
10-16 20:36:44.199  6877  6908 W linker  : "/data/app/org.mozilla.fenix-iWpGOrf8cry6RDpwHyQugA==/lib/arm64/libfreebl3.so" unused DT entry: type 0x8000024 arg 0xe78
10-16 20:36:44.200  6877  6908 W linker  : "/data/app/org.mozilla.fenix-iWpGOrf8cry6RDpwHyQugA==/lib/arm64/libfreebl3.so" unused DT entry: type 0x8000023 arg 0x68
10-16 20:36:44.200  6877  6908 W linker  : "/data/app/org.mozilla.fenix-iWpGOrf8cry6RDpwHyQugA==/lib/arm64/libfreebl3.so" unused DT entry: type 0x8000025 arg 0x8
10-16 20:36:44.211  3957  4416 E Watchdog: !@Sync 15021 [2023-10-16 20:36:44.211]
10-16 20:36:44.281  6748  7056 I BatteryMgr:DataCollectionService: stats => 1697481404281,239,4313,253,0,100
10-16 20:36:44.311  3599  3918 D DnsProxyListener: DNSDBG::dns addrinfo af 0
10-16 20:36:44.322  3599  3918 I chatty  : uid=0(root) /system/bin/netd identical 3 lines
10-16 20:36:44.336  3599  3918 D DnsProxyListener: DNSDBG::dns addrinfo af 0
10-16 20:36:44.390  6748  7056 I BatteryMgr:DataCollectionService: stats => 1697481404390,239,4313,253,0,100
10-16 20:36:44.416  3599  3918 D DnsProxyListener: DNSDBG::dns addrinfo af 0
10-16 20:36:44.499  6748  7056 I BatteryMgr:DataCollectionService: stats => 1697481404499,239,4313,253,0,100
10-16 20:36:44.577  3599  3918 D DnsProxyListener: DNSDBG::dns addrinfo af 0
10-16 20:36:44.607  6748  7056 I BatteryMgr:DataCollectionService: stats => 1697481404607,239,4313,253,0,100
10-16 20:36:44.698  3957  4129 D WifiStateMachine:  ConnectedState !RSSI_PKTCNT_FETCH uid=1000 rt=450807594/1143792075 0 0 "ourhome" f4:6d:2f:12:cc:88 rssi=-45 f=5240 sc=60 link=433 tx=0.6, 0.0, 0.0  rx=7.2 bcn=527792 [on:0 tx:0 rx:0 period:1000] from screen [on:262511 period:877305] score=60
10-16 20:36:44.699  3957  4129 D WifiStateMachine:  L2ConnectedState !RSSI_PKTCNT_FETCH uid=1000 rt=450807595/1143792076 0 0 "ourhome" f4:6d:2f:12:cc:88 rssi=-45 f=5240 sc=60 link=433 tx=0.6, 0.0, 0.0  rx=7.2 bcn=527792 [on:0 tx:0 rx:0 period:2] from screen [on:262511 period:877307] score=60
10-16 20:36:44.700  3957  4129 D WifiStateMachine: fetchRssiLinkSpeedAndFrequencyNative rssi=-46 linkspeed=433 freq=5240
10-16 20:36:44.715  6748  7056 I BatteryMgr:DataCollectionService: stats => 1697481404715,239,4313,253,0,100
10-16 20:36:44.797  6792  6792 W GeckoSession: No history entries found.
10-16 20:36:44.824  6748  7056 I BatteryMgr:DataCollectionService: stats => 1697481404824,239,4313,253,0,100
10-16 20:36:44.872  3957  4128 D WifiService: getConnectionInfo uid=1000
10-16 20:36:44.943  6748  7056 I BatteryMgr:DataCollectionService: stats => 1697481404943,239,4313,253,0,100
10-16 20:36:45.062  6748  7056 I BatteryMgr:DataCollectionService: stats => 1697481405062,239,4313,253,0,100
10-16 20:36:45.180  6748  7056 I BatteryMgr:DataCollectionService: stats => 1697481405180,239,4313,253,0,100
10-16 20:36:45.298  6748  7056 I BatteryMgr:DataCollectionService: stats => 1697481405298,239,4313,253,0,100
10-16 20:36:45.423  6748  7056 I BatteryMgr:DataCollectionService: stats => 1697481405422,239,4313,253,0,100
10-16 20:36:45.538  6748  7056 I BatteryMgr:DataCollectionService: stats => 1697481405538,239,4313,253,0,100
10-16 20:36:45.625  3957  4129 D WifiStateMachine:  ConnectedState !CMD_RSSI_POLL rt=450808521/1143793002 70 0 "ourhome" f4:6d:2f:12:cc:88 rssi=-46 f=5240 sc=60 link=433 tx=0.6, 0.0, 0.0  rx=7.2 bcn=527792 [on:0 tx:0 rx:0 period:926] from screen [on:262511 period:878233] score=60
10-16 20:36:45.626  3957  4129 D WifiStateMachine:  L2ConnectedState !CMD_RSSI_POLL rt=450808523/1143793003 70 0 "ourhome" f4:6d:2f:12:cc:88 rssi=-46 f=5240 sc=60 link=433 tx=0.6, 0.0, 0.0  rx=7.2 bcn=527792 [on:0 tx:0 rx:0 period:1] from screen [on:262511 period:878234] score=60
10-16 20:36:45.626  3957  4129 D WifiStateMachine:  get link layer stats 3
10-16 20:36:45.627  3436  3436 I android.hardware.wifi@1.0-service: getLinkLayerStats
10-16 20:36:45.631  3957  4129 D WifiStateMachine: fetchRssiLinkSpeedAndFrequencyNative rssi=-42 linkspeed=433 freq=5240
10-16 20:36:45.634  4340  4340 E SignalClusterView: setSlotFocusVisible : subId -2
10-16 20:36:45.634  4340  4340 E SignalClusterView: setSlotFocusVisible : subId -2
10-16 20:36:45.648  6748  7056 I BatteryMgr:DataCollectionService: stats => 1697481405648,239,4313,253,0,100
10-16 20:36:45.699  3957  4129 D WifiStateMachine:  ConnectedState !RSSI_PKTCNT_FETCH uid=1000 rt=450808595/1143793076 0 0 "ourhome" f4:6d:2f:12:cc:88 rssi=-42 f=5240 sc=60 link=433 tx=239.8, 15.2, 0.0  rx=304.9 bcn=527821 [on:0 tx:0 rx:0 period:65] from screen [on:265237 period:878306] score=60
10-16 20:36:45.700  3957  4129 D WifiStateMachine:  L2ConnectedState !RSSI_PKTCNT_FETCH uid=1000 rt=450808596/1143793077 0 0 "ourhome" f4:6d:2f:12:cc:88 rssi=-42 f=5240 sc=60 link=433 tx=239.8, 15.2, 0.0  rx=304.9 bcn=527821 [on:0 tx:0 rx:0 period:2] from screen [on:265237 period:878308] score=60
10-16 20:36:45.701  3957  4129 D WifiStateMachine: fetchRssiLinkSpeedAndFrequencyNative rssi=-42 linkspeed=433 freq=5240
10-16 20:36:45.765  6748  7056 I BatteryMgr:DataCollectionService: stats => 1697481405765,239,4313,253,0,100
10-16 20:36:45.768  3957  6478 D WifiService: getConnectionInfo uid=1000
10-16 20:36:45.874  3957  4128 D WifiService: getConnectionInfo uid=1000
10-16 20:36:45.879  6748  7056 I BatteryMgr:DataCollectionService: stats => 1697481405879,239,4313,253,0,100
10-16 20:36:45.992  6748  7056 I BatteryMgr:DataCollectionService: stats => 1697481405991,239,4313,253,0,100
10-16 20:36:46.068  3599  3918 D DnsProxyListener: DNSDBG::dns addrinfo af 0
10-16 20:36:46.101  6748  7056 I BatteryMgr:DataCollectionService: stats => 1697481406101,239,4313,253,0,100
10-16 20:36:46.211  6748  7056 I BatteryMgr:DataCollectionService: stats => 1697481406210,239,4313,253,0,100
10-16 20:36:46.328  6748  7056 I BatteryMgr:DataCollectionService: stats => 1697481406328,239,4313,253,0,100
10-16 20:36:46.444  6748  7056 I BatteryMgr:DataCollectionService: stats => 1697481406444,239,4313,253,0,100
10-16 20:36:46.556  6748  7056 I BatteryMgr:DataCollectionService: stats => 1697481406556,239,4313,253,0,100
10-16 20:36:46.673  6748  7056 I BatteryMgr:DataCollectionService: stats => 1697481406673,239,4313,253,0,100
10-16 20:36:46.694  6947  7039 E vulkan  : invalid vkGetInstanceProcAddr(VK_NULL_HANDLE, "vkEnumerateInstanceVersion") call
10-16 20:36:46.696  6947  7039 E vulkan  : invalid vkGetInstanceProcAddr(VK_NULL_HANDLE, "vkEnumerateInstanceVersion") call
10-16 20:36:46.701  3957  4129 D WifiStateMachine:  ConnectedState !RSSI_PKTCNT_FETCH uid=1000 rt=450809596/1143794077 0 0 "ourhome" f4:6d:2f:12:cc:88 rssi=-42 f=5240 sc=60 link=433 tx=239.8, 15.2, 0.0  rx=304.9 bcn=527821 [on:0 tx:0 rx:0 period:1000] from screen [on:265237 period:879308] score=60
10-16 20:36:46.703  3957  4129 D WifiStateMachine:  L2ConnectedState !RSSI_PKTCNT_FETCH uid=1000 rt=450809599/1143794079 0 0 "ourhome" f4:6d:2f:12:cc:88 rssi=-42 f=5240 sc=60 link=433 tx=239.8, 15.2, 0.0  rx=304.9 bcn=527821 [on:0 tx:0 rx:0 period:2] from screen [on:265237 period:879310] score=60
10-16 20:36:46.708  3957  4129 D WifiStateMachine: fetchRssiLinkSpeedAndFrequencyNative rssi=-43 linkspeed=433 freq=5240
10-16 20:36:46.733  3599  3918 D DnsProxyListener: DNSDBG::dns addrinfo af 0
10-16 20:36:46.734  6947  7039 D vulkan  : searching for layers in '/data/app/org.mozilla.fenix-iWpGOrf8cry6RDpwHyQugA==/lib/arm64'
10-16 20:36:46.736  6947  7039 D vulkan  : searching for layers in '/data/app/org.mozilla.fenix-iWpGOrf8cry6RDpwHyQugA==/base.apk!/lib/arm64-v8a'
10-16 20:36:46.751  6947  7039 D vulkan  : vulkan api version_1_0 1.0.0
10-16 20:36:46.751  6947  7039 D vulkan  : vulkan header version 46
10-16 20:36:46.783  6748  7056 I BatteryMgr:DataCollectionService: stats => 1697481406783,239,4313,253,0,100
10-16 20:36:46.819  3599  3918 D DnsProxyListener: DNSDBG::dns addrinfo af 0
10-16 20:36:46.876  3957  4128 D WifiService: getConnectionInfo uid=1000
10-16 20:36:46.895  6748  7056 I BatteryMgr:DataCollectionService: stats => 1697481406895,239,4313,253,0,100
10-16 20:36:46.962  3957  5415 D ConnectivityService: filterNetworkStateForUid() uid: 10169 networkInfo: [type: WIFI[] - WIFI, state: CONNECTED/CONNECTED, reason: (unspecified), extra: "ourhome", failover: false, available: true, roaming: false, metered: false]
10-16 20:36:46.962  3957  5415 D WifiService: getConnectionInfo uid=1000
10-16 20:36:47.004  6748  7056 I BatteryMgr:DataCollectionService: stats => 1697481407004,239,4313,253,0,100
10-16 20:36:47.008  6792  6792 I GeckoSession: handleMessage GeckoView:PageStop uri=null
10-16 20:36:47.017  6792  6835 I SessionStorage/AutoSave: Save: Load finished
10-16 20:36:47.113  6748  7056 I BatteryMgr:DataCollectionService: stats => 1697481407112,239,4313,253,0,100
10-16 20:36:47.223  6748  7056 I BatteryMgr:DataCollectionService: stats => 1697481407223,239,4313,253,0,100
10-16 20:36:47.333  6748  7056 I BatteryMgr:DataCollectionService: stats => 1697481407333,239,4313,253,0,100
10-16 20:36:47.443  6748  7056 I BatteryMgr:DataCollectionService: stats => 1697481407443,239,4313,253,0,100
10-16 20:36:47.545  2479  2548 D ScanRecord: Not a Multi Manu data
10-16 20:36:47.555  2479  2548 I chatty  : uid=1002(bluetooth) BT Service Call identical 37 lines
10-16 20:36:47.555  2479  2548 D ScanRecord: Not a Multi Manu data
