10-16 21:26:47.041  3957  4129 D WifiStateMachine: fetchRssiLinkSpeedAndFrequencyNative rssi=-41 linkspeed=433 freq=5240
10-16 21:26:47.140 11927 12179 I BatteryMgr:DataCollectionService: stats => 1697484407139,33,4313,17,0,100
10-16 21:26:47.148  3957  4129 D WifiStateMachine:  ConnectedState !CMD_RSSI_POLL rt=453810045/1146794525 70 0 "ourhome" f4:6d:2f:12:cc:88 rssi=-41 f=5240 sc=60 link=433 tx=3.3, 0.1, 0.0  rx=9.9 bcn=554753 [on:0 tx:0 rx:0 period:114] from screen [on:738842 period:3879756] score=60
10-16 21:26:47.149  3957  4129 D WifiStateMachine:  L2ConnectedState !CMD_RSSI_POLL rt=453810046/1146794526 70 0 "ourhome" f4:6d:2f:12:cc:88 rssi=-41 f=5240 sc=60 link=433 tx=3.3, 0.1, 0.0  rx=9.9 bcn=554753 [on:0 tx:0 rx:0 period:1] from screen [on:738842 period:3879757] score=60
10-16 21:26:47.149  3957  4129 D WifiStateMachine:  get link layer stats 3
10-16 21:26:47.149  3436  3436 I android.hardware.wifi@1.0-service: getLinkLayerStats
10-16 21:26:47.167  3957  4129 D WifiStateMachine: fetchRssiLinkSpeedAndFrequencyNative rssi=-42 linkspeed=433 freq=5240
10-16 21:26:47.171  4340  4340 E SignalClusterView: setSlotFocusVisible : subId -2
10-16 21:26:47.171  4340  4340 E SignalClusterView: setSlotFocusVisible : subId -2
10-16 21:26:47.246 11927 12179 I BatteryMgr:DataCollectionService: stats => 1697484407246,33,4313,17,0,100
10-16 21:26:47.352 11927 12179 I BatteryMgr:DataCollectionService: stats => 1697484407352,33,4313,17,0,100
10-16 21:26:47.459 11927 12179 I BatteryMgr:DataCollectionService: stats => 1697484407459,33,4313,17,0,100
10-16 21:26:47.516  3957  4128 D WifiService: getConnectionInfo uid=1000
10-16 21:26:47.565 11927 12179 I BatteryMgr:DataCollectionService: stats => 1697484407565,33,4313,17,0,100
10-16 21:26:47.596  2479  2548 D ScanRecord: Not a Multi Manu data
10-16 21:26:47.671  2479  2548 I chatty  : uid=1002(bluetooth) BT Service Call identical 128 lines
10-16 21:26:47.671  2479  2548 D ScanRecord: Not a Multi Manu data
10-16 21:26:47.672 11927 12179 I BatteryMgr:DataCollectionService: stats => 1697484407672,33,4313,17,0,100
10-16 21:26:47.673  2479  2548 D ScanRecord: Not a Multi Manu data
10-16 21:26:47.771  2479  2548 I chatty  : uid=1002(bluetooth) BT Service Call identical 128 lines
10-16 21:26:47.771  2479  2548 D ScanRecord: Not a Multi Manu data
10-16 21:26:47.777 11927 12179 I BatteryMgr:DataCollectionService: stats => 1697484407777,33,4313,17,0,100
10-16 21:26:47.783  2479  2548 D ScanRecord: Not a Multi Manu data
10-16 21:26:47.883  2479  2548 I chatty  : uid=1002(bluetooth) BT Service Call identical 76 lines
10-16 21:26:47.883  2479  2548 D ScanRecord: Not a Multi Manu data
10-16 21:26:47.883 11927 12179 I BatteryMgr:DataCollectionService: stats => 1697484407883,33,4313,17,0,100
10-16 21:26:47.893  2479  2548 D ScanRecord: Not a Multi Manu data
10-16 21:26:47.985  2479  2548 I chatty  : uid=1002(bluetooth) BT Service Call identical 167 lines
10-16 21:26:47.985  2479  2548 D ScanRecord: Not a Multi Manu data
10-16 21:26:47.989 11927 12179 I BatteryMgr:DataCollectionService: stats => 1697484407989,33,4313,17,0,100
10-16 21:26:47.996  2479  2548 D ScanRecord: Not a Multi Manu data
10-16 21:26:48.009  2479  2548 I chatty  : uid=1002(bluetooth) BT Service Call identical 50 lines
10-16 21:26:48.009  2479  2548 D ScanRecord: Not a Multi Manu data
10-16 21:26:48.033  3957  4129 D WifiStateMachine:  ConnectedState !RSSI_PKTCNT_FETCH uid=1000 rt=453810930/1146795411 0 0 "ourhome" f4:6d:2f:12:cc:88 rssi=-42 f=5240 sc=60 link=433 tx=1.2, 0.0, 0.0  rx=7.4 bcn=554782 [on:0 tx:0 rx:0 period:864] from screen [on:739162 period:3880641] score=60
10-16 21:26:48.034  2479  2548 D ScanRecord: Not a Multi Manu data
10-16 21:26:48.034  2479  2548 I chatty  : uid=1002(bluetooth) BT Service Call identical 11 lines
10-16 21:26:48.034  2479  2548 D ScanRecord: Not a Multi Manu data
10-16 21:26:48.035  3957  4129 D WifiStateMachine:  L2ConnectedState !RSSI_PKTCNT_FETCH uid=1000 rt=453810931/1146795412 0 0 "ourhome" f4:6d:2f:12:cc:88 rssi=-42 f=5240 sc=60 link=433 tx=1.2, 0.0, 0.0  rx=7.4 bcn=554782 [on:0 tx:0 rx:0 period:2] from screen [on:739162 period:3880643] score=60
10-16 21:26:48.036  3957  4129 D WifiStateMachine: fetchRssiLinkSpeedAndFrequencyNative rssi=-42 linkspeed=433 freq=5240
10-16 21:26:48.059  2479  2548 D ScanRecord: Not a Multi Manu data
10-16 21:26:48.085  2479  2548 I chatty  : uid=1002(bluetooth) BT Service Call identical 63 lines
10-16 21:26:48.085  2479  2548 D ScanRecord: Not a Multi Manu data
10-16 21:26:48.095 11927 12179 I BatteryMgr:DataCollectionService: stats => 1697484408095,33,4313,17,0,100
10-16 21:26:48.199 11927 12179 I BatteryMgr:DataCollectionService: stats => 1697484408199,33,4313,17,0,100
10-16 21:26:48.304 11927 12179 I BatteryMgr:DataCollectionService: stats => 1697484408304,33,4313,17,0,100
10-16 21:26:48.407 11927 12179 I BatteryMgr:DataCollectionService: stats => 1697484408407,33,4313,17,0,100
10-16 21:26:48.515 11927 12179 I BatteryMgr:DataCollectionService: stats => 1697484408515,33,4313,17,0,100
10-16 21:26:48.518  3957  4128 D WifiService: getConnectionInfo uid=1000
10-16 21:26:48.619 11927 12179 I BatteryMgr:DataCollectionService: stats => 1697484408619,33,4313,17,0,100
10-16 21:26:48.725 11927 12179 I BatteryMgr:DataCollectionService: stats => 1697484408725,33,4313,17,0,100
10-16 21:26:48.830 11927 12179 I BatteryMgr:DataCollectionService: stats => 1697484408830,33,4313,17,0,100
10-16 21:26:48.935 11927 12179 I BatteryMgr:DataCollectionService: stats => 1697484408935,33,4313,17,0,100
10-16 21:26:49.034  3957  4129 D WifiStateMachine:  ConnectedState !RSSI_PKTCNT_FETCH uid=1000 rt=453811931/1146796412 0 0 "ourhome" f4:6d:2f:12:cc:88 rssi=-42 f=5240 sc=60 link=433 tx=1.2, 0.0, 0.0  rx=7.4 bcn=554782 [on:0 tx:0 rx:0 period:999] from screen [on:739162 period:3881642] score=60
10-16 21:26:49.035  3957  4129 D WifiStateMachine:  L2ConnectedState !RSSI_PKTCNT_FETCH uid=1000 rt=453811932/1146796413 0 0 "ourhome" f4:6d:2f:12:cc:88 rssi=-42 f=5240 sc=60 link=433 tx=1.2, 0.0, 0.0  rx=7.4 bcn=554782 [on:0 tx:0 rx:0 period:1] from screen [on:739162 period:3881643] score=60
10-16 21:26:49.039 11927 12179 I BatteryMgr:DataCollectionService: stats => 1697484409039,33,4313,17,0,100
10-16 21:26:49.041  3957  4129 D WifiStateMachine: fetchRssiLinkSpeedAndFrequencyNative rssi=-44 linkspeed=433 freq=5240
10-16 21:26:49.143 11927 12179 I BatteryMgr:DataCollectionService: stats => 1697484409142,33,4313,17,0,100
10-16 21:26:49.249 11927 12179 I BatteryMgr:DataCollectionService: stats => 1697484409248,33,4313,17,0,100
10-16 21:26:49.353 11927 12179 I BatteryMgr:DataCollectionService: stats => 1697484409353,33,4313,17,0,100
10-16 21:26:49.457 11927 12179 I BatteryMgr:DataCollectionService: stats => 1697484409457,33,4313,17,0,100
10-16 21:26:49.520  3957  4128 D WifiService: getConnectionInfo uid=1000
10-16 21:26:49.561 11927 12179 I BatteryMgr:DataCollectionService: stats => 1697484409561,33,4313,17,0,100
10-16 21:26:49.650  4961  4961 D io_stats: !@ 179,0 r 7209235 230446484 w 1522963 31824820 d 123200 33014600 f 353579 372710 iot 3150732 2759475 th 51200 0 0 pt 0 inp 0 0 453812.547
10-16 21:26:49.668 11927 12179 I BatteryMgr:DataCollectionService: stats => 1697484409667,33,4313,17,0,100
10-16 21:26:49.772 11927 12179 I BatteryMgr:DataCollectionService: stats => 1697484409772,33,4313,17,0,100
10-16 21:26:49.878 11927 12179 I BatteryMgr:DataCollectionService: stats => 1697484409877,33,4313,17,0,100
10-16 21:26:49.983 11927 12179 I BatteryMgr:DataCollectionService: stats => 1697484409983,33,4313,17,0,100
10-16 21:26:50.035  3957  4129 D WifiStateMachine:  ConnectedState !RSSI_PKTCNT_FETCH uid=1000 rt=453812932/1146797413 0 0 "ourhome" f4:6d:2f:12:cc:88 rssi=-44 f=5240 sc=60 link=433 tx=1.2, 0.0, 0.0  rx=7.4 bcn=554782 [on:0 tx:0 rx:0 period:1000] from screen [on:739162 period:3882643] score=60
10-16 21:26:50.036  3957  4129 D WifiStateMachine:  L2ConnectedState !RSSI_PKTCNT_FETCH uid=1000 rt=453812933/1146797414 0 0 "ourhome" f4:6d:2f:12:cc:88 rssi=-44 f=5240 sc=60 link=433 tx=1.2, 0.0, 0.0  rx=7.4 bcn=554782 [on:0 tx:0 rx:0 period:1] from screen [on:739162 period:3882644] score=60
10-16 21:26:50.042  3957  4129 D WifiStateMachine: fetchRssiLinkSpeedAndFrequencyNative rssi=-44 linkspeed=433 freq=5240
10-16 21:26:50.087 11927 12179 I BatteryMgr:DataCollectionService: stats => 1697484410087,33,4313,17,0,100
10-16 21:26:50.169  3957  4129 D WifiStateMachine:  ConnectedState !CMD_RSSI_POLL rt=453813066/1146797546 70 0 "ourhome" f4:6d:2f:12:cc:88 rssi=-44 f=5240 sc=60 link=433 tx=1.2, 0.0, 0.0  rx=7.4 bcn=554782 [on:0 tx:0 rx:0 period:133] from screen [on:739162 period:3882777] score=60
10-16 21:26:50.170  3957  4129 D WifiStateMachine:  L2ConnectedState !CMD_RSSI_POLL rt=453813067/1146797547 70 0 "ourhome" f4:6d:2f:12:cc:88 rssi=-44 f=5240 sc=60 link=433 tx=1.2, 0.0, 0.0  rx=7.4 bcn=554782 [on:0 tx:0 rx:0 period:1] from screen [on:739162 period:3882778] score=60
10-16 21:26:50.170  3957  4129 D WifiStateMachine:  get link layer stats 3
10-16 21:26:50.171  3436  3436 I android.hardware.wifi@1.0-service: getLinkLayerStats
10-16 21:26:50.191  3957  4129 D WifiStateMachine: fetchRssiLinkSpeedAndFrequencyNative rssi=-42 linkspeed=433 freq=5240
10-16 21:26:50.194 11927 12179 I BatteryMgr:DataCollectionService: stats => 1697484410194,33,4313,17,0,100
10-16 21:26:50.194  4340  4340 E SignalClusterView: setSlotFocusVisible : subId -2
10-16 21:26:50.194  4340  4340 E SignalClusterView: setSlotFocusVisible : subId -2
10-16 21:26:50.301 11927 12179 I BatteryMgr:DataCollectionService: stats => 1697484410301,33,4313,17,0,100
10-16 21:26:50.406 11927 12179 I BatteryMgr:DataCollectionService: stats => 1697484410406,33,4313,17,0,100
10-16 21:26:50.512 11927 12179 I BatteryMgr:DataCollectionService: stats => 1697484410512,33,4313,17,0,100
10-16 21:26:50.522  3957  4128 D WifiService: getConnectionInfo uid=1000
10-16 21:26:50.618 11927 12179 I BatteryMgr:DataCollectionService: stats => 1697484410618,33,4313,17,0,100
10-16 21:26:50.724 11927 12179 I BatteryMgr:DataCollectionService: stats => 1697484410724,33,4313,17,0,100
10-16 21:26:50.765  3957  4306 D WifiConnectivityMonitor:  [|207] []
10-16 21:26:50.831 11927 12179 I BatteryMgr:DataCollectionService: stats => 1697484410831,33,4313,17,0,100
10-16 21:26:50.936 11927 12179 I BatteryMgr:DataCollectionService: stats => 1697484410936,33,4313,17,0,100
10-16 21:26:51.036  3957  4129 D WifiStateMachine:  ConnectedState !RSSI_PKTCNT_FETCH uid=1000 rt=453813932/1146798413 0 0 "ourhome" f4:6d:2f:12:cc:88 rssi=-42 f=5240 sc=60 link=433 tx=0.4, 0.0, 0.0  rx=8.4 bcn=554812 [on:0 tx:0 rx:0 period:841] from screen [on:739525 period:3883643] score=60
10-16 21:26:51.036  3957  4129 D WifiStateMachine:  L2ConnectedState !RSSI_PKTCNT_FETCH uid=1000 rt=453813933/1146798414 0 0 "ourhome" f4:6d:2f:12:cc:88 rssi=-42 f=5240 sc=60 link=433 tx=0.4, 0.0, 0.0  rx=8.4 bcn=554812 [on:0 tx:0 rx:0 period:1] from screen [on:739525 period:3883644] score=60
10-16 21:26:51.037  3957  4129 D WifiStateMachine: fetchRssiLinkSpeedAndFrequencyNative rssi=-41 linkspeed=433 freq=5240
10-16 21:26:51.040 11927 12179 I BatteryMgr:DataCollectionService: stats => 1697484411040,33,4313,17,0,100
10-16 21:26:51.144 11927 12179 I BatteryMgr:DataCollectionService: stats => 1697484411144,33,4313,17,0,100
10-16 21:26:51.249 11927 12179 I BatteryMgr:DataCollectionService: stats => 1697484411248,33,4313,17,0,100
10-16 21:26:51.352 11927 12179 I BatteryMgr:DataCollectionService: stats => 1697484411352,33,4313,17,0,100
10-16 21:26:51.459 11927 12179 I BatteryMgr:DataCollectionService: stats => 1697484411459,33,4313,17,0,100
10-16 21:26:51.522  3957  4128 D WifiService: getConnectionInfo uid=1000
10-16 21:26:51.564 11927 12179 I BatteryMgr:DataCollectionService: stats => 1697484411564,33,4313,17,0,100
10-16 21:26:51.671 11927 12179 I BatteryMgr:DataCollectionService: stats => 1697484411671,33,4313,17,0,100
10-16 21:26:51.775 11927 12179 I BatteryMgr:DataCollectionService: stats => 1697484411775,33,4313,17,0,100
10-16 21:26:51.881 11927 12179 I BatteryMgr:DataCollectionService: stats => 1697484411881,33,4313,17,0,100
10-16 21:26:51.985 11927 12179 I BatteryMgr:DataCollectionService: stats => 1697484411985,33,4313,17,0,100
10-16 21:26:52.037  3957  4129 D WifiStateMachine:  ConnectedState !RSSI_PKTCNT_FETCH uid=1000 rt=453814934/1146799415 0 0 "ourhome" f4:6d:2f:12:cc:88 rssi=-41 f=5240 sc=60 link=433 tx=0.4, 0.0, 0.0  rx=8.4 bcn=554812 [on:0 tx:0 rx:0 period:1001] from screen [on:739525 period:3884645] score=60
10-16 21:26:52.038  3957  4129 D WifiStateMachine:  L2ConnectedState !RSSI_PKTCNT_FETCH uid=1000 rt=453814935/1146799416 0 0 "ourhome" f4:6d:2f:12:cc:88 rssi=-41 f=5240 sc=60 link=433 tx=0.4, 0.0, 0.0  rx=8.4 bcn=554812 [on:0 tx:0 rx:0 period:1] from screen [on:739525 period:3884646] score=60
10-16 21:26:52.044  3957  4129 D WifiStateMachine: fetchRssiLinkSpeedAndFrequencyNative rssi=-40 linkspeed=433 freq=5240
10-16 21:26:52.089 11927 12179 I BatteryMgr:DataCollectionService: stats => 1697484412089,33,4313,17,0,100
10-16 21:26:52.192 11927 12179 I BatteryMgr:DataCollectionService: stats => 1697484412192,33,4313,17,0,100
10-16 21:26:52.298 11927 12179 I BatteryMgr:DataCollectionService: stats => 1697484412298,33,4313,17,0,100
10-16 21:26:52.373  4890  5046 I Finsky  : [14651] noc.run(136): Stats for Executor: BlockingExecutor odp@3ebb8f3[Running, pool size = 0, active threads = 0, queued tasks = 0, completed tasks = 21]
10-16 21:26:52.374  4890  5046 I Finsky  : [14651] noc.run(136): Stats for Executor: LightweightExecutor odp@ca9f9b0[Running, pool size = 4, active threads = 0, queued tasks = 0, completed tasks = 105]
10-16 21:26:52.403 11927 12179 I BatteryMgr:DataCollectionService: stats => 1697484412403,39,4313,10,0,100
10-16 21:26:52.498  4890  5046 I Finsky  : [14651] noc.run(136): Stats for Executor: bgExecutor odp@c932029[Running, pool size = 4, active threads = 0, queued tasks = 0, completed tasks = 155]
10-16 21:26:52.509 11927 12179 I BatteryMgr:DataCollectionService: stats => 1697484412509,39,4313,10,0,100
10-16 21:26:52.525  3957  4128 D WifiService: getConnectionInfo uid=1000
10-16 21:26:52.592  2479  2548 D ScanRecord: Not a Multi Manu data
10-16 21:26:52.618  2479  2548 I chatty  : uid=1002(bluetooth) BT Service Call identical 76 lines
10-16 21:26:52.618  2479  2548 D ScanRecord: Not a Multi Manu data
10-16 21:26:52.618 11927 12179 I BatteryMgr:DataCollectionService: stats => 1697484412617,39,4313,10,0,100
10-16 21:26:52.619  2479  2548 D ScanRecord: Not a Multi Manu data
10-16 21:26:52.720  2479  2548 I chatty  : uid=1002(bluetooth) BT Service Call identical 219 lines
10-16 21:26:52.720  2479  2548 D ScanRecord: Not a Multi Manu data
10-16 21:26:52.723 11927 12179 I BatteryMgr:DataCollectionService: stats => 1697484412723,39,4313,10,0,100
10-16 21:26:52.723  2479  2548 D ScanRecord: Not a Multi Manu data
10-16 21:26:52.826  2479  2548 I chatty  : uid=1002(bluetooth) BT Service Call identical 232 lines
10-16 21:26:52.826  2479  2548 D ScanRecord: Not a Multi Manu data
10-16 21:26:52.828 11927 12179 I BatteryMgr:DataCollectionService: stats => 1697484412828,39,4313,10,0,100
10-16 21:26:52.832  2479  2548 D ScanRecord: Not a Multi Manu data
10-16 21:26:52.932  2479  2548 I chatty  : uid=1002(bluetooth) BT Service Call identical 232 lines
10-16 21:26:52.932  2479  2548 D ScanRecord: Not a Multi Manu data
10-16 21:26:52.934 11927 12179 I BatteryMgr:DataCollectionService: stats => 1697484412934,39,4313,10,0,100
10-16 21:26:52.945  2479  2548 D ScanRecord: Not a Multi Manu data
10-16 21:26:53.039  2479  2548 I chatty  : uid=1002(bluetooth) BT Service Call identical 245 lines
10-16 21:26:53.039  2479  2548 D ScanRecord: Not a Multi Manu data
10-16 21:26:53.039  3957  4129 D WifiStateMachine:  ConnectedState !RSSI_PKTCNT_FETCH uid=1000 rt=453815936/1146800417 0 0 "ourhome" f4:6d:2f:12:cc:88 rssi=-40 f=5240 sc=60 link=433 tx=0.4, 0.0, 0.0  rx=8.4 bcn=554812 [on:0 tx:0 rx:0 period:1001] from screen [on:739525 period:3885647] score=60
10-16 21:26:53.040 11927 12179 I BatteryMgr:DataCollectionService: stats => 1697484413040,39,4313,10,0,100
10-16 21:26:53.040  3957  4129 D WifiStateMachine:  L2ConnectedState !RSSI_PKTCNT_FETCH uid=1000 rt=453815937/1146800418 0 0 "ourhome" f4:6d:2f:12:cc:88 rssi=-40 f=5240 sc=60 link=433 tx=0.4, 0.0, 0.0  rx=8.4 bcn=554812 [on:0 tx:0 rx:0 period:1] from screen [on:739525 period:3885648] score=60
10-16 21:26:53.042  3957  4129 D WifiStateMachine: fetchRssiLinkSpeedAndFrequencyNative rssi=-41 linkspeed=433 freq=5240
10-16 21:26:53.051  2479  2548 D ScanRecord: Not a Multi Manu data
10-16 21:26:53.075  2479  2548 I chatty  : uid=1002(bluetooth) BT Service Call identical 76 lines
10-16 21:26:53.075  2479  2548 D ScanRecord: Not a Multi Manu data
10-16 21:26:53.136  3957 10037 D BatteryService: !@BatteryListener : batteryPropertiesChanged!
10-16 21:26:53.144 11927 12179 I BatteryMgr:DataCollectionService: stats => 1697484413144,39,4313,10,0,100
10-16 21:26:53.192  3957  4129 D WifiStateMachine:  ConnectedState !CMD_RSSI_POLL rt=453816089/1146800570 70 0 "ourhome" f4:6d:2f:12:cc:88 rssi=-41 f=5240 sc=60 link=433 tx=0.4, 0.0, 0.0  rx=8.4 bcn=554812 [on:0 tx:0 rx:0 period:152] from screen [on:739525 period:3885800] score=60
10-16 21:26:53.194  3957  4129 D WifiStateMachine:  L2ConnectedState !CMD_RSSI_POLL rt=453816090/1146800571 70 0 "ourhome" f4:6d:2f:12:cc:88 rssi=-41 f=5240 sc=60 link=433 tx=0.4, 0.0, 0.0  rx=8.4 bcn=554812 [on:0 tx:0 rx:0 period:1] from screen [on:739525 period:3885801] score=60
10-16 21:26:53.194  3957  4129 D WifiStateMachine:  get link layer stats 3
10-16 21:26:53.194  3436  3436 I android.hardware.wifi@1.0-service: getLinkLayerStats
10-16 21:26:53.212  3957  4129 D WifiStateMachine: fetchRssiLinkSpeedAndFrequencyNative rssi=-41 linkspeed=433 freq=5240
10-16 21:26:53.216  4340  4340 E SignalClusterView: setSlotFocusVisible : subId -2
10-16 21:26:53.216  4340  4340 E SignalClusterView: setSlotFocusVisible : subId -2
10-16 21:26:53.261 11927 12179 I BatteryMgr:DataCollectionService: stats => 1697484413261,39,4313,10,0,100
10-16 21:26:53.369 11927 12179 I BatteryMgr:DataCollectionService: stats => 1697484413369,39,4313,10,0,100
10-16 21:26:53.475 11927 12179 I BatteryMgr:DataCollectionService: stats => 1697484413475,39,4313,10,0,100
10-16 21:26:53.517  3957  3966 I zygote64: Background concurrent copying GC freed 539853(20MB) AllocSpace objects, 147(2MB) LOS objects, 36% free, 42MB/66MB, paused 4.926ms total 301.664ms
10-16 21:26:53.527  3957  4128 D WifiService: getConnectionInfo uid=1000
10-16 21:26:53.581 11927 12179 I BatteryMgr:DataCollectionService: stats => 1697484413581,39,4313,10,0,100
10-16 21:26:53.685 11927 12179 I BatteryMgr:DataCollectionService: stats => 1697484413685,39,4313,10,0,100
10-16 21:26:53.790 11927 12179 I BatteryMgr:DataCollectionService: stats => 1697484413790,39,4313,10,0,100
10-16 21:26:53.894 11927 12179 I BatteryMgr:DataCollectionService: stats => 1697484413894,39,4313,10,0,100
10-16 21:26:53.998 11927 12179 I BatteryMgr:DataCollectionService: stats => 1697484413998,39,4313,10,0,100
10-16 21:26:54.039  3957  4129 D WifiStateMachine:  ConnectedState !RSSI_PKTCNT_FETCH uid=1000 rt=453816936/1146801417 0 0 "ourhome" f4:6d:2f:12:cc:88 rssi=-41 f=5240 sc=60 link=433 tx=7.1, 0.0, 0.0  rx=15.1 bcn=554838 [on:0 tx:0 rx:0 period:825] from screen [on:740452 period:3886647] score=60
10-16 21:26:54.040  3957  4129 D WifiStateMachine:  L2ConnectedState !RSSI_PKTCNT_FETCH uid=1000 rt=453816937/1146801418 0 0 "ourhome" f4:6d:2f:12:cc:88 rssi=-41 f=5240 sc=60 link=433 tx=7.1, 0.0, 0.0  rx=15.1 bcn=554838 [on:0 tx:0 rx:0 period:1] from screen [on:740452 period:3886648] score=60
10-16 21:26:54.041  3957  4129 D WifiStateMachine: fetchRssiLinkSpeedAndFrequencyNative rssi=-41 linkspeed=433 freq=5240
10-16 21:26:54.103 11927 12179 I BatteryMgr:DataCollectionService: stats => 1697484414103,39,4313,10,0,100
10-16 21:26:54.209 11927 12179 I BatteryMgr:DataCollectionService: stats => 1697484414209,39,4313,10,0,100
10-16 21:26:54.315 11927 12179 I BatteryMgr:DataCollectionService: stats => 1697484414315,39,4313,10,0,100
10-16 21:26:54.356 11973 11984 I zygote64: Background concurrent copying GC freed 236399(6MB) AllocSpace objects, 0(0B) LOS objects, 49% free, 6MB/12MB, paused 2.871ms total 157.253ms
10-16 21:26:54.424  3957  6478 D SSRM:k  : SIOP:: AP = 440, PST = 419 (W:12), BAT = 282, USB = 0, CHG = 0
10-16 21:26:54.424 11927 12179 I BatteryMgr:DataCollectionService: stats => 1697484414424,39,4313,10,0,100
10-16 21:26:54.529 11927 12179 I BatteryMgr:DataCollectionService: stats => 1697484414529,39,4313,10,0,100
10-16 21:26:54.529  3957  4128 D WifiService: getConnectionInfo uid=1000
10-16 21:26:54.636 11927 12179 I BatteryMgr:DataCollectionService: stats => 1697484414636,39,4313,10,0,100
10-16 21:26:54.652  4961  4961 D io_stats: !@ 179,0 r 7209317 230450052 w 1522972 31824996 d 123201 33014680 f 353580 372711 iot 3150788 2759512 th 51200 0 0 pt 0 inp 0 0 453817.549
10-16 21:26:54.740 11927 12179 I BatteryMgr:DataCollectionService: stats => 1697484414740,39,4313,10,0,100
10-16 21:26:54.844 11927 12179 I BatteryMgr:DataCollectionService: stats => 1697484414843,39,4313,10,0,100
10-16 21:26:54.948 11927 12179 I BatteryMgr:DataCollectionService: stats => 1697484414948,39,4313,10,0,100
10-16 21:26:55.041  3957  4129 D WifiStateMachine:  ConnectedState !RSSI_PKTCNT_FETCH uid=1000 rt=453817938/1146802419 0 0 "ourhome" f4:6d:2f:12:cc:88 rssi=-41 f=5240 sc=60 link=433 tx=7.1, 0.0, 0.0  rx=15.1 bcn=554838 [on:0 tx:0 rx:0 period:1001] from screen [on:740452 period:3887649] score=60
10-16 21:26:55.042  3957  4129 D WifiStateMachine:  L2ConnectedState !RSSI_PKTCNT_FETCH uid=1000 rt=453817939/1146802420 0 0 "ourhome" f4:6d:2f:12:cc:88 rssi=-41 f=5240 sc=60 link=433 tx=7.1, 0.0, 0.0  rx=15.1 bcn=554838 [on:0 tx:0 rx:0 period:1] from screen [on:740452 period:3887650] score=60
10-16 21:26:55.048  3957  4129 D WifiStateMachine: fetchRssiLinkSpeedAndFrequencyNative rssi=-40 linkspeed=433 freq=5240
10-16 21:26:55.053 11927 12179 I BatteryMgr:DataCollectionService: stats => 1697484415053,39,4313,10,0,100
10-16 21:26:55.160 11927 12179 I BatteryMgr:DataCollectionService: stats => 1697484415160,39,4313,10,0,100
10-16 21:26:55.266 11927 12179 I BatteryMgr:DataCollectionService: stats => 1697484415266,39,4313,10,0,100
10-16 21:26:55.371 11927 12179 I BatteryMgr:DataCollectionService: stats => 1697484415371,39,4313,10,0,100
10-16 21:26:55.477 11927 12179 I BatteryMgr:DataCollectionService: stats => 1697484415477,39,4313,10,0,100
10-16 21:26:55.531  3957  4128 D WifiService: getConnectionInfo uid=1000
10-16 21:26:55.582 11927 12179 I BatteryMgr:DataCollectionService: stats => 1697484415581,39,4313,10,0,100
10-16 21:26:55.688 11927 12179 I BatteryMgr:DataCollectionService: stats => 1697484415688,39,4313,10,0,100
10-16 21:26:55.793 11927 12179 I BatteryMgr:DataCollectionService: stats => 1697484415793,39,4313,10,0,100
10-16 21:26:55.898 11927 12179 I BatteryMgr:DataCollectionService: stats => 1697484415897,39,4313,10,0,100
10-16 21:26:56.003 11927 12179 I BatteryMgr:DataCollectionService: stats => 1697484416003,39,4313,10,0,100
10-16 21:26:56.043  3957  4129 D WifiStateMachine:  ConnectedState !RSSI_PKTCNT_FETCH uid=1000 rt=453818939/1146803420 0 0 "ourhome" f4:6d:2f:12:cc:88 rssi=-40 f=5240 sc=60 link=433 tx=7.1, 0.0, 0.0  rx=15.1 bcn=554838 [on:0 tx:0 rx:0 period:1001] from screen [on:740452 period:3888651] score=60
10-16 21:26:56.044  3957  4129 D WifiStateMachine:  L2ConnectedState !RSSI_PKTCNT_FETCH uid=1000 rt=453818941/1146803421 0 0 "ourhome" f4:6d:2f:12:cc:88 rssi=-40 f=5240 sc=60 link=433 tx=7.1, 0.0, 0.0  rx=15.1 bcn=554838 [on:0 tx:0 rx:0 period:1] from screen [on:740452 period:3888652] score=60
10-16 21:26:56.050  3957  4129 D WifiStateMachine: fetchRssiLinkSpeedAndFrequencyNative rssi=-40 linkspeed=433 freq=5240
10-16 21:26:56.109 11927 12179 I BatteryMgr:DataCollectionService: stats => 1697484416108,39,4313,10,0,100
10-16 21:26:56.213 11927 12179 I BatteryMgr:DataCollectionService: stats => 1697484416213,39,4313,10,0,100
10-16 21:26:56.213  3957  4129 D WifiStateMachine:  ConnectedState !CMD_RSSI_POLL rt=453819110/1146803591 70 0 "ourhome" f4:6d:2f:12:cc:88 rssi=-40 f=5240 sc=60 link=433 tx=7.1, 0.0, 0.0  rx=15.1 bcn=554838 [on:0 tx:0 rx:0 period:169] from screen [on:740452 period:3888821] score=60
10-16 21:26:56.214  3957  4129 D WifiStateMachine:  L2ConnectedState !CMD_RSSI_POLL rt=453819111/1146803592 70 0 "ourhome" f4:6d:2f:12:cc:88 rssi=-40 f=5240 sc=60 link=433 tx=7.1, 0.0, 0.0  rx=15.1 bcn=554838 [on:0 tx:0 rx:0 period:1] from screen [on:740452 period:3888822] score=60
10-16 21:26:56.215  3957  4129 D WifiStateMachine:  get link layer stats 3
10-16 21:26:56.215  3436  3436 I android.hardware.wifi@1.0-service: getLinkLayerStats
10-16 21:26:56.233  3957  4129 D WifiStateMachine: fetchRssiLinkSpeedAndFrequencyNative rssi=-40 linkspeed=433 freq=5240
10-16 21:26:56.236  4340  4340 E SignalClusterView: setSlotFocusVisible : subId -2
10-16 21:26:56.236  4340  4340 E SignalClusterView: setSlotFocusVisible : subId -2
10-16 21:26:56.317 11927 12179 I BatteryMgr:DataCollectionService: stats => 1697484416317,39,4313,10,0,100
10-16 21:26:56.423 11927 12179 I BatteryMgr:DataCollectionService: stats => 1697484416423,39,4313,10,0,100
10-16 21:26:56.528 11927 12179 I BatteryMgr:DataCollectionService: stats => 1697484416528,39,4313,10,0,100
10-16 21:26:56.531  3957  4128 D WifiService: getConnectionInfo uid=1000
10-16 21:26:56.588  3957  4030 D SensorService: [SO] 0.158 -0.101 9.984
10-16 21:26:56.632 11927 12179 I BatteryMgr:DataCollectionService: stats => 1697484416632,39,4313,10,0,100
10-16 21:26:56.738 11927 12179 I BatteryMgr:DataCollectionService: stats => 1697484416737,39,4313,10,0,100
10-16 21:26:56.842 11927 12179 I BatteryMgr:DataCollectionService: stats => 1697484416842,39,4313,10,0,100
10-16 21:26:56.948 11927 12179 I BatteryMgr:DataCollectionService: stats => 1697484416948,39,4313,10,0,100
10-16 21:26:57.044  3957  4129 D WifiStateMachine:  ConnectedState !RSSI_PKTCNT_FETCH uid=1000 rt=453819941/1146804421 0 0 "ourhome" f4:6d:2f:12:cc:88 rssi=-40 f=5240 sc=60 link=433 tx=4.5, 0.0, 0.0  rx=10.6 bcn=554867 [on:0 tx:0 rx:0 period:809] from screen [on:741461 period:3889652] score=60
10-16 21:26:57.045  3957  4129 D WifiStateMachine:  L2ConnectedState !RSSI_PKTCNT_FETCH uid=1000 rt=453819941/1146804422 0 0 "ourhome" f4:6d:2f:12:cc:88 rssi=-40 f=5240 sc=60 link=433 tx=4.5, 0.0, 0.0  rx=10.6 bcn=554867 [on:0 tx:0 rx:0 period:1] from screen [on:741461 period:3889653] score=60
10-16 21:26:57.051  3957  4129 D WifiStateMachine: fetchRssiLinkSpeedAndFrequencyNative rssi=-40 linkspeed=433 freq=5240
10-16 21:26:57.054 11927 12179 I BatteryMgr:DataCollectionService: stats => 1697484417054,39,4313,10,0,100
10-16 21:26:57.159 11927 12179 I BatteryMgr:DataCollectionService: stats => 1697484417159,39,4313,10,0,100
10-16 21:26:57.263 11927 12179 I BatteryMgr:DataCollectionService: stats => 1697484417263,39,4313,10,0,100
10-16 21:26:57.369 11927 12179 I BatteryMgr:DataCollectionService: stats => 1697484417369,39,4313,10,0,100
10-16 21:26:57.473 11927 12179 I BatteryMgr:DataCollectionService: stats => 1697484417473,39,4313,10,0,100
10-16 21:26:57.533  3957  4128 D WifiService: getConnectionInfo uid=1000
10-16 21:26:57.577 11927 12179 I BatteryMgr:DataCollectionService: stats => 1697484417577,39,4313,10,0,100
10-16 21:26:57.604  2479  2548 D ScanRecord: Not a Multi Manu data
10-16 21:26:57.682  2479  2548 I chatty  : uid=1002(bluetooth) BT Service Call identical 102 lines
10-16 21:26:57.682  2479  2548 D ScanRecord: Not a Multi Manu data
10-16 21:26:57.684 11927 12179 I BatteryMgr:DataCollectionService: stats => 1697484417684,39,4313,10,0,100
10-16 21:26:57.700  2479  2548 D ScanRecord: Not a Multi Manu data
10-16 21:26:57.790  2479  2548 I chatty  : uid=1002(bluetooth) BT Service Call identical 104 lines
10-16 21:26:57.790  2479  2548 D ScanRecord: Not a Multi Manu data
10-16 21:26:57.790  2479  2548 D ScanRecord: Not a Multi Manu data
10-16 21:26:57.790 11927 12179 I BatteryMgr:DataCollectionService: stats => 1697484417790,39,4313,10,0,100
10-16 21:26:57.876  2479  2548 I chatty  : uid=1002(bluetooth) BT Service Call expire 35 lines
10-16 21:26:57.876  2479  2548 D ScanRecord: Not a Multi Manu data
10-16 21:26:57.894 11927 12179 I BatteryMgr:DataCollectionService: stats => 1697484417894,39,4313,10,0,100
10-16 21:26:57.905  2479  2548 D ScanRecord: Not a Multi Manu data
10-16 21:26:57.975  2479  2548 I chatty  : uid=1002(bluetooth) BT Service Call identical 115 lines
10-16 21:26:57.975  2479  2548 D ScanRecord: Not a Multi Manu data
10-16 21:26:57.999 11927 12179 I BatteryMgr:DataCollectionService: stats => 1697484417999,39,4313,10,0,100
10-16 21:26:57.999  2479  2548 D ScanRecord: Not a Multi Manu data
10-16 21:26:58.035  2479  2548 I chatty  : uid=1002(bluetooth) BT Service Call identical 76 lines
10-16 21:26:58.035  2479  2548 D ScanRecord: Not a Multi Manu data
10-16 21:26:58.044  3957  4129 D WifiStateMachine:  ConnectedState !RSSI_PKTCNT_FETCH uid=1000 rt=453820941/1146805422 0 0 "ourhome" f4:6d:2f:12:cc:88 rssi=-40 f=5240 sc=60 link=433 tx=4.5, 0.0, 0.0  rx=10.6 bcn=554867 [on:0 tx:0 rx:0 period:999] from screen [on:741461 period:3890652] score=60
10-16 21:26:58.046  3957  4129 D WifiStateMachine:  L2ConnectedState !RSSI_PKTCNT_FETCH uid=1000 rt=453820942/1146805423 0 0 "ourhome" f4:6d:2f:12:cc:88 rssi=-40 f=5240 sc=60 link=433 tx=4.5, 0.0, 0.0  rx=10.6 bcn=554867 [on:0 tx:0 rx:0 period:1] from screen [on:741461 period:3890653] score=60
10-16 21:26:58.047  3957  4129 D WifiStateMachine: fetchRssiLinkSpeedAndFrequencyNative rssi=-41 linkspeed=433 freq=5240
10-16 21:26:58.086  2479  2548 D ScanRecord: Not a Multi Manu data
10-16 21:26:58.086  2479  2548 I chatty  : uid=1002(bluetooth) BT Service Call identical 11 lines
10-16 21:26:58.086  2479  2548 D ScanRecord: Not a Multi Manu data
10-16 21:26:58.104 11927 12179 I BatteryMgr:DataCollectionService: stats => 1697484418103,39,4313,10,0,100
10-16 21:26:58.209 11927 12179 I BatteryMgr:DataCollectionService: stats => 1697484418209,39,4313,10,0,100
10-16 21:26:58.313 11927 12179 I BatteryMgr:DataCollectionService: stats => 1697484418313,39,4313,10,0,100
10-16 21:26:58.418 11927 12179 I BatteryMgr:DataCollectionService: stats => 1697484418418,39,4313,10,0,100
10-16 21:26:58.525 11927 12179 I BatteryMgr:DataCollectionService: stats => 1697484418525,39,4313,10,0,100
10-16 21:26:58.535  3957  4128 D WifiService: getConnectionInfo uid=1000
10-16 21:26:58.630 11927 12179 I BatteryMgr:DataCollectionService: stats => 1697484418629,39,4313,10,0,100
10-16 21:26:58.733 11927 12179 I BatteryMgr:DataCollectionService: stats => 1697484418733,39,4313,10,0,100
10-16 21:26:58.838 11927 12179 I BatteryMgr:DataCollectionService: stats => 1697484418838,39,4313,10,0,100
10-16 21:26:58.943 11927 12179 I BatteryMgr:DataCollectionService: stats => 1697484418943,39,4313,10,0,100
10-16 21:26:59.046  3957  4129 D WifiStateMachine:  ConnectedState !RSSI_PKTCNT_FETCH uid=1000 rt=453821942/1146806423 0 0 "ourhome" f4:6d:2f:12:cc:88 rssi=-41 f=5240 sc=60 link=433 tx=4.5, 0.0, 0.0  rx=10.6 bcn=554867 [on:0 tx:0 rx:0 period:1001] from screen [on:741461 period:3891654] score=60
10-16 21:26:59.047  3957  4129 D WifiStateMachine:  L2ConnectedState !RSSI_PKTCNT_FETCH uid=1000 rt=453821944/1146806424 0 0 "ourhome" f4:6d:2f:12:cc:88 rssi=-41 f=5240 sc=60 link=433 tx=4.5, 0.0, 0.0  rx=10.6 bcn=554867 [on:0 tx:0 rx:0 period:1] from screen [on:741461 period:3891655] score=60
10-16 21:26:59.050 11927 12179 I BatteryMgr:DataCollectionService: stats => 1697484419049,39,4313,10,0,100
10-16 21:26:59.053  3957  4129 D WifiStateMachine: fetchRssiLinkSpeedAndFrequencyNative rssi=-41 linkspeed=433 freq=5240
10-16 21:26:59.154 11927 12179 I BatteryMgr:DataCollectionService: stats => 1697484419154,39,4313,10,0,100
10-16 21:26:59.235  3957  4129 D WifiStateMachine:  ConnectedState !CMD_RSSI_POLL rt=453822132/1146806612 70 0 "ourhome" f4:6d:2f:12:cc:88 rssi=-41 f=5240 sc=60 link=433 tx=4.5, 0.0, 0.0  rx=10.6 bcn=554867 [on:0 tx:0 rx:0 period:188] from screen [on:741461 period:3891843] score=60
10-16 21:26:59.237  3957  4129 D WifiStateMachine:  L2ConnectedState !CMD_RSSI_POLL rt=453822133/1146806614 70 0 "ourhome" f4:6d:2f:12:cc:88 rssi=-41 f=5240 sc=60 link=433 tx=4.5, 0.0, 0.0  rx=10.6 bcn=554867 [on:0 tx:0 rx:0 period:1] from screen [on:741461 period:3891844] score=60
10-16 21:26:59.237  3957  4129 D WifiStateMachine:  get link layer stats 3
10-16 21:26:59.237  3436  3436 I android.hardware.wifi@1.0-service: getLinkLayerStats
10-16 21:26:59.256  3957  4129 D WifiStateMachine: fetchRssiLinkSpeedAndFrequencyNative rssi=-41 linkspeed=433 freq=5240
10-16 21:26:59.260 11927 12179 I BatteryMgr:DataCollectionService: stats => 1697484419260,39,4313,10,0,100
10-16 21:26:59.263  4340  4340 E SignalClusterView: setSlotFocusVisible : subId -2
10-16 21:26:59.263  4340  4340 E SignalClusterView: setSlotFocusVisible : subId -2
10-16 21:26:59.365 11927 12179 I BatteryMgr:DataCollectionService: stats => 1697484419365,39,4313,10,0,100
10-16 21:26:59.470 11927 12179 I BatteryMgr:DataCollectionService: stats => 1697484419470,39,4313,10,0,100
10-16 21:26:59.471  2350 11770 I zygote64: Explicit concurrent copying GC freed 198973(8MB) AllocSpace objects, 6(120KB) LOS objects, 49% free, 9MB/19MB, paused 465us total 139.507ms
10-16 21:26:59.536  3957  4128 D WifiService: getConnectionInfo uid=1000
10-16 21:26:59.575 11927 12179 I BatteryMgr:DataCollectionService: stats => 1697484419575,39,4313,10,0,100
10-16 21:26:59.654  4961  4961 D io_stats: !@ 179,0 r 7209334 230450364 w 1522979 31825152 d 123202 33014760 f 353581 372712 iot 3150808 2759522 th 51200 0 0 pt 0 inp 0 0 453822.551
10-16 21:26:59.680 11927 12179 I BatteryMgr:DataCollectionService: stats => 1697484419679,39,4313,10,0,100
10-16 21:26:59.784 11927 12179 I BatteryMgr:DataCollectionService: stats => 1697484419784,39,4313,10,0,100
10-16 21:26:59.889 11927 12179 I BatteryMgr:DataCollectionService: stats => 1697484419889,39,4313,10,0,100
10-16 21:26:59.996 11927 12179 I BatteryMgr:DataCollectionService: stats => 1697484419996,39,4313,10,0,100
10-16 21:27:00.000  3957  4045 D SamsungAlarmManager: Expired : 8
10-16 21:27:00.001  3957  4045 V SamsungAlarmManager: Sending to uid : 1000 action=android.intent.action.TIME_TICK alarm=Alarm{6974eda type 3 when 1146807379 android}
10-16 21:27:00.002  3957  4045 V SamsungAlarmManager: Sending to uid : 10074 action=com.samsung.action.EVERY_MINUTE_CLOCK_UPDATE alarm=Alarm{74e91e8 type 1 when 1697484420000 com.sec.android.app.launcher}
10-16 21:27:00.004  3957  3957 D SamsungAlarmManager: setExact Intent (T:3/F:1/AC:false) 20231016T212800 - CU:1000/CP:3957
10-16 21:27:00.005   426   426 I Launcher: onReceive: com.samsung.action.EVERY_MINUTE_CLOCK_UPDATE
10-16 21:27:00.005  4340  4340 D KeyguardUpdateMonitor: received broadcast android.intent.action.TIME_TICK
10-16 21:27:00.006  4340  4340 D KeyguardServiceBoxContainer: refreshTime() 1
10-16 21:27:00.011  3957 10037 D SamsungAlarmManager: setInexact Intent (T:1/F:0/AC:false) 20231016T212800 - CU:10074/CP:426
10-16 21:27:00.011   426   426 I IconView: applyFromShortcutInfo - start GetLive : com.samsung.android.calendar
10-16 21:27:00.011   426   426 I IconView: applyFromShortcutInfo - end GetLive : com.samsung.android.calendar
10-16 21:27:00.012   426   426 I IconView: applyFromApplicationInfo - start GetLive : com.sec.android.app.clockpackage
10-16 21:27:00.014   426   426 D ApplicationPackageManager: we has com.sec.android.app.clockpackage class. reuse it 
10-16 21:27:00.014   426   426 D LiveIconLoader: getLiveIcon was called in ClockPackage
10-16 21:27:00.015   426   426 D LiveIconLoader: getLiveIcon res = com.sec.android.app.clockpackage
10-16 21:27:00.016   426   426 D LiveIconLoader: stdIconSize : 84 , targetIconSize : 94
10-16 21:27:00.016   426   426 D LiveIconLoader: mIconDpi : 320 , mTargetIconDpi : 280
10-16 21:27:00.026  4340  4340 D KeyguardUpdateMonitor: handleStatusBarState( false )
10-16 21:27:00.026   426   426 I ApplicationPackageManager: load= live icon for com.sec.android.app.clockpackage, from overlay = false
10-16 21:27:00.027   426   426 I LiveIconManager: getLiveIcon: complete(sync_created)
10-16 21:27:00.027   426   426 I IconView: applyFromApplicationInfo - end GetLive : com.sec.android.app.clockpackage
10-16 21:27:00.027   426   426 I IconView: applyFromApplicationInfo - start GetLive : com.samsung.android.calendar
10-16 21:27:00.027   426   426 I IconView: applyFromApplicationInfo - end GetLive : com.samsung.android.calendar
10-16 21:27:00.046  3957  4129 D WifiStateMachine:  ConnectedState !RSSI_PKTCNT_FETCH uid=1000 rt=453822943/1146807424 0 0 "ourhome" f4:6d:2f:12:cc:88 rssi=-41 f=5240 sc=60 link=433 tx=1.6, 0.0, 0.0  rx=6.4 bcn=554896 [on:0 tx:0 rx:0 period:787] from screen [on:741672 period:3892654] score=60
10-16 21:27:00.047  3957  4129 D WifiStateMachine:  L2ConnectedState !RSSI_PKTCNT_FETCH uid=1000 rt=453822944/1146807425 0 0 "ourhome" f4:6d:2f:12:cc:88 rssi=-41 f=5240 sc=60 link=433 tx=1.6, 0.0, 0.0  rx=6.4 bcn=554896 [on:0 tx:0 rx:0 period:1] from screen [on:741672 period:3892655] score=60
10-16 21:27:00.053  3957  4129 D WifiStateMachine: fetchRssiLinkSpeedAndFrequencyNative rssi=-40 linkspeed=433 freq=5240
10-16 21:27:00.059  4340  4340 D KeyguardUpdateMonitor: handleStatusBarState( false )
10-16 21:27:00.099 11927 12179 I BatteryMgr:DataCollectionService: stats => 1697484420099,39,4313,10,0,100
10-16 21:27:00.203 11927 12179 I BatteryMgr:DataCollectionService: stats => 1697484420203,39,4313,10,0,100
10-16 21:27:00.308 11927 12179 I BatteryMgr:DataCollectionService: stats => 1697484420308,39,4313,10,0,100
10-16 21:27:00.412 11927 12179 I BatteryMgr:DataCollectionService: stats => 1697484420412,39,4313,10,0,100
10-16 21:27:00.516 11927 12179 I BatteryMgr:DataCollectionService: stats => 1697484420516,39,4313,10,0,100
10-16 21:27:00.538  3957  4128 D WifiService: getConnectionInfo uid=1000
10-16 21:27:00.623 11927 12179 I BatteryMgr:DataCollectionService: stats => 1697484420623,39,4313,10,0,100
10-16 21:27:00.730 11927 12179 I BatteryMgr:DataCollectionService: stats => 1697484420730,39,4313,10,0,100
10-16 21:27:00.835 11927 12179 I BatteryMgr:DataCollectionService: stats => 1697484420835,39,4313,10,0,100
10-16 21:27:00.940 11927 12179 I BatteryMgr:DataCollectionService: stats => 1697484420940,39,4313,10,0,100
10-16 21:27:01.044 11927 12179 I BatteryMgr:DataCollectionService: stats => 1697484421043,39,4313,10,0,100
10-16 21:27:01.048  3957  4129 D WifiStateMachine:  ConnectedState !RSSI_PKTCNT_FETCH uid=1000 rt=453823944/1146808425 0 0 "ourhome" f4:6d:2f:12:cc:88 rssi=-40 f=5240 sc=60 link=433 tx=1.6, 0.0, 0.0  rx=6.4 bcn=554896 [on:0 tx:0 rx:0 period:1001] from screen [on:741672 period:3893656] score=60
10-16 21:27:01.052  3957  4129 D WifiStateMachine:  L2ConnectedState !RSSI_PKTCNT_FETCH uid=1000 rt=453823946/1146808427 0 0 "ourhome" f4:6d:2f:12:cc:88 rssi=-40 f=5240 sc=60 link=433 tx=1.6, 0.0, 0.0  rx=6.4 bcn=554896 [on:0 tx:0 rx:0 period:4] from screen [on:741672 period:3893660] score=60
10-16 21:27:01.057  3957  4129 D WifiStateMachine: fetchRssiLinkSpeedAndFrequencyNative rssi=-40 linkspeed=433 freq=5240
10-16 21:27:01.148 11927 12179 I BatteryMgr:DataCollectionService: stats => 1697484421148,39,4313,10,0,100
10-16 21:27:01.254 11927 12179 I BatteryMgr:DataCollectionService: stats => 1697484421254,39,4313,10,0,100
10-16 21:27:01.359 11927 12179 I BatteryMgr:DataCollectionService: stats => 1697484421359,39,4313,10,0,100
10-16 21:27:01.465 11927 12179 I BatteryMgr:DataCollectionService: stats => 1697484421465,39,4313,10,0,100
10-16 21:27:01.540  3957  4128 D WifiService: getConnectionInfo uid=1000
10-16 21:27:01.569 11927 12179 I BatteryMgr:DataCollectionService: stats => 1697484421569,39,4313,10,0,100
10-16 21:27:01.673 11927 12179 I BatteryMgr:DataCollectionService: stats => 1697484421673,39,4313,10,0,100
10-16 21:27:01.778 11927 12179 I BatteryMgr:DataCollectionService: stats => 1697484421778,39,4313,10,0,100
10-16 21:27:01.883 11927 12179 I BatteryMgr:DataCollectionService: stats => 1697484421883,39,4313,10,0,100
10-16 21:27:01.988 11927 12179 I BatteryMgr:DataCollectionService: stats => 1697484421988,39,4313,10,0,100
10-16 21:27:02.049  3957  4129 D WifiStateMachine:  ConnectedState !RSSI_PKTCNT_FETCH uid=1000 rt=453824945/1146809426 0 0 "ourhome" f4:6d:2f:12:cc:88 rssi=-40 f=5240 sc=60 link=433 tx=1.6, 0.0, 0.0  rx=6.4 bcn=554896 [on:0 tx:0 rx:0 period:996] from screen [on:741672 period:3894656] score=60
10-16 21:27:02.049  3957  4129 D WifiStateMachine:  L2ConnectedState !RSSI_PKTCNT_FETCH uid=1000 rt=453824946/1146809427 0 0 "ourhome" f4:6d:2f:12:cc:88 rssi=-40 f=5240 sc=60 link=433 tx=1.6, 0.0, 0.0  rx=6.4 bcn=554896 [on:0 tx:0 rx:0 period:1] from screen [on:741672 period:3894657] score=60
10-16 21:27:02.056  3957  4129 D WifiStateMachine: fetchRssiLinkSpeedAndFrequencyNative rssi=-40 linkspeed=433 freq=5240
10-16 21:27:02.093 11927 12179 I BatteryMgr:DataCollectionService: stats => 1697484422093,39,4313,10,0,100
10-16 21:27:02.199 11927 12179 I BatteryMgr:DataCollectionService: stats => 1697484422199,39,4313,10,0,100
10-16 21:27:02.258  3957  4129 D WifiStateMachine:  ConnectedState !CMD_RSSI_POLL rt=453825154/1146809635 70 0 "ourhome" f4:6d:2f:12:cc:88 rssi=-40 f=5240 sc=60 link=433 tx=1.6, 0.0, 0.0  rx=6.4 bcn=554896 [on:0 tx:0 rx:0 period:209] from screen [on:741672 period:3894866] score=60
10-16 21:27:02.259  3957  4129 D WifiStateMachine:  L2ConnectedState !CMD_RSSI_POLL rt=453825156/1146809637 70 0 "ourhome" f4:6d:2f:12:cc:88 rssi=-40 f=5240 sc=60 link=433 tx=1.6, 0.0, 0.0  rx=6.4 bcn=554896 [on:0 tx:0 rx:0 period:1] from screen [on:741672 period:3894867] score=60
10-16 21:27:02.260  3957  4129 D WifiStateMachine:  get link layer stats 3
10-16 21:27:02.260  3436  3436 I android.hardware.wifi@1.0-service: getLinkLayerStats
10-16 21:27:02.278  3957  4129 D WifiStateMachine: fetchRssiLinkSpeedAndFrequencyNative rssi=-41 linkspeed=433 freq=5240
10-16 21:27:02.281  4340  4340 E SignalClusterView: setSlotFocusVisible : subId -2
10-16 21:27:02.281  4340  4340 E SignalClusterView: setSlotFocusVisible : subId -2
10-16 21:27:02.305 11927 12179 I BatteryMgr:DataCollectionService: stats => 1697484422305,39,4313,10,0,100
10-16 21:27:02.410 11927 12179 I BatteryMgr:DataCollectionService: stats => 1697484422410,39,4313,10,0,100
10-16 21:27:02.515 11927 12179 I BatteryMgr:DataCollectionService: stats => 1697484422515,39,4313,10,0,100
10-16 21:27:02.542  3957  4128 D WifiService: getConnectionInfo uid=1000
10-16 21:27:02.611  2479  2548 D ScanRecord: Not a Multi Manu data
10-16 21:27:02.613  2479  2548 I chatty  : uid=1002(bluetooth) BT Service Call identical 24 lines
10-16 21:27:02.613  2479  2548 D ScanRecord: Not a Multi Manu data
10-16 21:27:02.619 11927 12179 I BatteryMgr:DataCollectionService: stats => 1697484422619,39,4313,10,0,100
10-16 21:27:02.630  2479  2548 D ScanRecord: Not a Multi Manu data
10-16 21:27:02.715  2479  2548 I chatty  : uid=1002(bluetooth) BT Service Call identical 141 lines
10-16 21:27:02.715  2479  2548 D ScanRecord: Not a Multi Manu data
10-16 21:27:02.723 11927 12179 I BatteryMgr:DataCollectionService: stats => 1697484422723,39,4313,10,0,100
10-16 21:27:02.763  2479  2548 D ScanRecord: Not a Multi Manu data
10-16 21:27:02.827  2479  2548 I chatty  : uid=1002(bluetooth) BT Service Call identical 76 lines
10-16 21:27:02.827  2479  2548 D ScanRecord: Not a Multi Manu data
10-16 21:27:02.831 11927 12179 I BatteryMgr:DataCollectionService: stats => 1697484422831,39,4313,10,0,100
10-16 21:27:02.832  2479  2548 D ScanRecord: Not a Multi Manu data
10-16 21:27:02.928  2479  2548 I chatty  : uid=1002(bluetooth) BT Service Call identical 193 lines
10-16 21:27:02.928  2479  2548 D ScanRecord: Not a Multi Manu data
10-16 21:27:02.935 11927 12179 I BatteryMgr:DataCollectionService: stats => 1697484422935,39,4313,10,0,100
10-16 21:27:02.977  2479  2548 D ScanRecord: Not a Multi Manu data
10-16 21:27:03.024  2479  2548 I chatty  : uid=1002(bluetooth) BT Service Call identical 76 lines
10-16 21:27:03.024  2479  2548 D ScanRecord: Not a Multi Manu data
10-16 21:27:03.038 11927 12179 I BatteryMgr:DataCollectionService: stats => 1697484423038,39,4313,10,0,100
10-16 21:27:03.046  2479  2548 D ScanRecord: Not a Multi Manu data
10-16 21:27:03.047  2479  2548 I chatty  : uid=1002(bluetooth) BT Service Call identical 11 lines
10-16 21:27:03.047  2479  2548 D ScanRecord: Not a Multi Manu data
10-16 21:27:03.049  3957  4129 D WifiStateMachine:  ConnectedState !RSSI_PKTCNT_FETCH uid=1000 rt=453825946/1146810427 0 0 "ourhome" f4:6d:2f:12:cc:88 rssi=-41 f=5240 sc=60 link=433 tx=0.6, 0.0, 0.0  rx=4.2 bcn=554925 [on:0 tx:0 rx:0 period:769] from screen [on:741884 period:3895657] score=60
10-16 21:27:03.050  3957  4129 D WifiStateMachine:  L2ConnectedState !RSSI_PKTCNT_FETCH uid=1000 rt=453825947/1146810428 0 0 "ourhome" f4:6d:2f:12:cc:88 rssi=-41 f=5240 sc=60 link=433 tx=0.6, 0.0, 0.0  rx=4.2 bcn=554925 [on:0 tx:0 rx:0 period:1] from screen [on:741884 period:3895658] score=60
10-16 21:27:03.052  3957  4129 D WifiStateMachine: fetchRssiLinkSpeedAndFrequencyNative rssi=-41 linkspeed=433 freq=5240
10-16 21:27:03.063  2479  2548 D ScanRecord: Not a Multi Manu data
10-16 21:27:03.075  2479  2548 I chatty  : uid=1002(bluetooth) BT Service Call identical 37 lines
10-16 21:27:03.075  2479  2548 D ScanRecord: Not a Multi Manu data
10-16 21:27:03.135 11973 12210 I SessionStorage/AutoSave: Save: Periodic
10-16 21:27:03.143 11927 12179 I BatteryMgr:DataCollectionService: stats => 1697484423143,39,4313,10,0,100
10-16 21:27:03.249 11927 12179 I BatteryMgr:DataCollectionService: stats => 1697484423249,39,4313,10,0,100
10-16 21:27:03.354 11927 12179 I BatteryMgr:DataCollectionService: stats => 1697484423354,39,4313,10,0,100
10-16 21:27:03.459 11927 12179 I BatteryMgr:DataCollectionService: stats => 1697484423459,39,4313,10,0,100
10-16 21:27:03.544  3957  4128 D WifiService: getConnectionInfo uid=1000
10-16 21:27:03.565 11927 12179 I BatteryMgr:DataCollectionService: stats => 1697484423564,39,4313,10,0,100
10-16 21:27:03.669 11927 12179 I BatteryMgr:DataCollectionService: stats => 1697484423669,39,4313,10,0,100
10-16 21:27:03.775 11927 12179 I BatteryMgr:DataCollectionService: stats => 1697484423775,39,4313,10,0,100
10-16 21:27:03.879 11927 12179 I BatteryMgr:DataCollectionService: stats => 1697484423879,39,4313,10,0,100
10-16 21:27:03.983 11927 12179 I BatteryMgr:DataCollectionService: stats => 1697484423983,39,4313,10,0,100
10-16 21:27:04.051  3957  4129 D WifiStateMachine:  ConnectedState !RSSI_PKTCNT_FETCH uid=1000 rt=453826948/1146811429 0 0 "ourhome" f4:6d:2f:12:cc:88 rssi=-41 f=5240 sc=60 link=433 tx=0.6, 0.0, 0.0  rx=4.2 bcn=554925 [on:0 tx:0 rx:0 period:1001] from screen [on:741884 period:3896659] score=60
10-16 21:27:04.052  3957  4129 D WifiStateMachine:  L2ConnectedState !RSSI_PKTCNT_FETCH uid=1000 rt=453826949/1146811430 0 0 "ourhome" f4:6d:2f:12:cc:88 rssi=-41 f=5240 sc=60 link=433 tx=0.6, 0.0, 0.0  rx=4.2 bcn=554925 [on:0 tx:0 rx:0 period:1] from screen [on:741884 period:3896660] score=60
10-16 21:27:04.054  3957  4129 D WifiStateMachine: fetchRssiLinkSpeedAndFrequencyNative rssi=-44 linkspeed=433 freq=5240
10-16 21:27:04.087 11927 12179 I BatteryMgr:DataCollectionService: stats => 1697484424087,39,4313,10,0,100
10-16 21:27:04.191 11927 12179 I BatteryMgr:DataCollectionService: stats => 1697484424191,39,4313,10,0,100
10-16 21:27:04.296 11927 12179 I BatteryMgr:DataCollectionService: stats => 1697484424296,39,4313,10,0,100
10-16 21:27:04.403 11927 12179 I BatteryMgr:DataCollectionService: stats => 1697484424403,39,4313,10,0,100
10-16 21:27:04.440  3957  6478 D SSRM:k  : SIOP:: AP = 440, PST = 428 (W:12), BAT = 282, USB = 0, CHG = 0
10-16 21:27:04.507 11927 12179 I BatteryMgr:DataCollectionService: stats => 1697484424507,39,4313,10,0,100
10-16 21:27:04.546  3957  4128 D WifiService: getConnectionInfo uid=1000
10-16 21:27:04.612 11927 12179 I BatteryMgr:DataCollectionService: stats => 1697484424612,39,4313,10,0,100
10-16 21:27:04.656  4961  4961 D io_stats: !@ 179,0 r 7209346 230450540 w 1523008 31825500 d 123204 33014872 f 353585 372716 iot 3150820 2759537 th 51200 0 0 pt 0 inp 0 0 453827.553
10-16 21:27:04.716 11927 12179 I BatteryMgr:DataCollectionService: stats => 1697484424716,39,4313,10,0,100
10-16 21:27:04.820 11927 12179 I BatteryMgr:DataCollectionService: stats => 1697484424820,39,4313,10,0,100
10-16 21:27:04.926 11927 12179 I BatteryMgr:DataCollectionService: stats => 1697484424926,39,4313,10,0,100
10-16 21:27:05.031 11927 12179 I BatteryMgr:DataCollectionService: stats => 1697484425031,39,4313,10,0,100
10-16 21:27:05.053  3957  4129 D WifiStateMachine:  ConnectedState !RSSI_PKTCNT_FETCH uid=1000 rt=453827949/1146812430 0 0 "ourhome" f4:6d:2f:12:cc:88 rssi=-44 f=5240 sc=60 link=433 tx=0.6, 0.0, 0.0  rx=4.2 bcn=554925 [on:0 tx:0 rx:0 period:1001] from screen [on:741884 period:3897661] score=60
10-16 21:27:05.054  3957  4129 D WifiStateMachine:  L2ConnectedState !RSSI_PKTCNT_FETCH uid=1000 rt=453827951/1146812431 0 0 "ourhome" f4:6d:2f:12:cc:88 rssi=-44 f=5240 sc=60 link=433 tx=0.6, 0.0, 0.0  rx=4.2 bcn=554925 [on:0 tx:0 rx:0 period:1] from screen [on:741884 period:3897662] score=60
10-16 21:27:05.061  3957  4129 D WifiStateMachine: fetchRssiLinkSpeedAndFrequencyNative rssi=-41 linkspeed=433 freq=5240
10-16 21:27:05.136 11927 12179 I BatteryMgr:DataCollectionService: stats => 1697484425136,39,4313,10,0,100
10-16 21:27:05.241 11927 12179 I BatteryMgr:DataCollectionService: stats => 1697484425241,39,4313,10,0,100
