10-16 20:44:50.340  3957  4129 D WifiStateMachine:  L2ConnectedState !RSSI_PKTCNT_FETCH uid=1000 rt=451293237/1144277718 0 0 "ourhome" f4:6d:2f:12:cc:88 rssi=-43 f=5240 sc=60 link=433 tx=8.8, 0.0, 0.0  rx=9.1 bcn=532158 [on:0 tx:0 rx:0 period:1] from screen [on:357035 period:1362948] score=60
10-16 20:44:50.346  3957  4129 D WifiStateMachine: fetchRssiLinkSpeedAndFrequencyNative rssi=-43 linkspeed=433 freq=5240
10-16 20:44:50.393  7492  7808 I BatteryMgr:DataCollectionService: stats => 1697481890393,1,4313,-6,0,100
10-16 20:44:50.499  7492  7808 I BatteryMgr:DataCollectionService: stats => 1697481890499,1,4313,-6,0,100
10-16 20:44:50.606  7492  7808 I BatteryMgr:DataCollectionService: stats => 1697481890605,1,4313,-6,0,100
10-16 20:44:50.710  7492  7808 I BatteryMgr:DataCollectionService: stats => 1697481890710,1,4313,-6,0,100
10-16 20:44:50.816  7492  7808 I BatteryMgr:DataCollectionService: stats => 1697481890816,1,4313,-6,0,100
10-16 20:44:50.923  7492  7808 I BatteryMgr:DataCollectionService: stats => 1697481890923,1,4313,-6,0,100
10-16 20:44:51.029  7492  7808 I BatteryMgr:DataCollectionService: stats => 1697481891029,1,4313,-6,0,100
10-16 20:44:51.074  3957  4128 D WifiService: getConnectionInfo uid=1000
10-16 20:44:51.133  7492  7808 I BatteryMgr:DataCollectionService: stats => 1697481891133,1,4313,-6,0,100
10-16 20:44:51.239  7492  7808 I BatteryMgr:DataCollectionService: stats => 1697481891239,1,4313,-6,0,100
10-16 20:44:51.342  3957  4129 D WifiStateMachine:  ConnectedState !RSSI_PKTCNT_FETCH uid=1000 rt=451294238/1144278719 0 0 "ourhome" f4:6d:2f:12:cc:88 rssi=-43 f=5240 sc=60 link=433 tx=8.8, 0.0, 0.0  rx=9.1 bcn=532158 [on:0 tx:0 rx:0 period:1002] from screen [on:357035 period:1363950] score=60
10-16 20:44:51.344  3957  4129 D WifiStateMachine:  L2ConnectedState !RSSI_PKTCNT_FETCH uid=1000 rt=451294240/1144278721 0 0 "ourhome" f4:6d:2f:12:cc:88 rssi=-43 f=5240 sc=60 link=433 tx=8.8, 0.0, 0.0  rx=9.1 bcn=532158 [on:0 tx:0 rx:0 period:2] from screen [on:357035 period:1363952] score=60
10-16 20:44:51.345  7492  7808 I BatteryMgr:DataCollectionService: stats => 1697481891345,1,4313,-6,0,100
10-16 20:44:51.349  3957  4129 D WifiStateMachine: fetchRssiLinkSpeedAndFrequencyNative rssi=-50 linkspeed=433 freq=5240
10-16 20:44:51.451  7492  7808 I BatteryMgr:DataCollectionService: stats => 1697481891451,1,4313,-6,0,100
10-16 20:44:51.557  7492  7808 I BatteryMgr:DataCollectionService: stats => 1697481891556,1,4313,-6,0,100
10-16 20:44:51.661  7492  7808 I BatteryMgr:DataCollectionService: stats => 1697481891661,1,4313,-6,0,100
10-16 20:44:51.699  3957  4129 D WifiStateMachine:  ConnectedState !CMD_RSSI_POLL rt=451294596/1144279076 70 0 "ourhome" f4:6d:2f:12:cc:88 rssi=-50 f=5240 sc=60 link=433 tx=8.8, 0.0, 0.0  rx=9.1 bcn=532158 [on:0 tx:0 rx:0 period:355] from screen [on:357035 period:1364307] score=60
10-16 20:44:51.701  3957  4129 D WifiStateMachine:  L2ConnectedState !CMD_RSSI_POLL rt=451294597/1144279078 70 0 "ourhome" f4:6d:2f:12:cc:88 rssi=-50 f=5240 sc=60 link=433 tx=8.8, 0.0, 0.0  rx=9.1 bcn=532158 [on:0 tx:0 rx:0 period:1] from screen [on:357035 period:1364308] score=60
10-16 20:44:51.701  3957  4129 D WifiStateMachine:  get link layer stats 3
10-16 20:44:51.702  3436  3436 I android.hardware.wifi@1.0-service: getLinkLayerStats
10-16 20:44:51.713  3957  4129 D WifiStateMachine: fetchRssiLinkSpeedAndFrequencyNative rssi=-47 linkspeed=433 freq=5240
10-16 20:44:51.716  4340  4340 E SignalClusterView: setSlotFocusVisible : subId -2
10-16 20:44:51.716  4340  4340 E SignalClusterView: setSlotFocusVisible : subId -2
10-16 20:44:51.766  7492  7808 I BatteryMgr:DataCollectionService: stats => 1697481891766,1,4313,-6,0,100
10-16 20:44:51.870  7492  7808 I BatteryMgr:DataCollectionService: stats => 1697481891870,1,4313,-6,0,100
10-16 20:44:51.977  7492  7808 I BatteryMgr:DataCollectionService: stats => 1697481891977,1,4313,-6,0,100
10-16 20:44:52.076  3957  4128 D WifiService: getConnectionInfo uid=1000
10-16 20:44:52.082  7492  7808 I BatteryMgr:DataCollectionService: stats => 1697481892082,1,4313,-6,0,100
10-16 20:44:52.188  7492  7808 I BatteryMgr:DataCollectionService: stats => 1697481892188,1,4313,-6,0,100
10-16 20:44:52.293  7492  7808 I BatteryMgr:DataCollectionService: stats => 1697481892293,1,4313,-6,0,100
10-16 20:44:52.342  3957  4129 D WifiStateMachine:  ConnectedState !RSSI_PKTCNT_FETCH uid=1000 rt=451295239/1144279719 0 0 "ourhome" f4:6d:2f:12:cc:88 rssi=-47 f=5240 sc=60 link=433 tx=3.2, 0.0, 0.0  rx=15.4 bcn=532187 [on:0 tx:0 rx:0 period:627] from screen [on:357198 period:1364950] score=60
10-16 20:44:52.343  3957  4129 D WifiStateMachine:  L2ConnectedState !RSSI_PKTCNT_FETCH uid=1000 rt=451295240/1144279721 0 0 "ourhome" f4:6d:2f:12:cc:88 rssi=-47 f=5240 sc=60 link=433 tx=3.2, 0.0, 0.0  rx=15.4 bcn=532187 [on:0 tx:0 rx:0 period:1] from screen [on:357198 period:1364951] score=60
10-16 20:44:52.344  3957  4129 D WifiStateMachine: fetchRssiLinkSpeedAndFrequencyNative rssi=-46 linkspeed=433 freq=5240
10-16 20:44:52.400  7492  7808 I BatteryMgr:DataCollectionService: stats => 1697481892399,1,4313,-6,0,100
10-16 20:44:52.473  3957  4306 D WifiConnectivityMonitor:  [|208] []
10-16 20:44:52.505  7492  7808 I BatteryMgr:DataCollectionService: stats => 1697481892505,1,4313,-6,0,100
10-16 20:44:52.550  2479  2548 D ScanRecord: Not a Multi Manu data
10-16 20:44:52.603  2479  2548 I chatty  : uid=1002(bluetooth) BT Service Call identical 180 lines
10-16 20:44:52.603  2479  2548 D ScanRecord: Not a Multi Manu data
10-16 20:44:52.610  7492  7808 I BatteryMgr:DataCollectionService: stats => 1697481892610,1,4313,-6,0,100
10-16 20:44:52.616  2479  2548 D ScanRecord: Not a Multi Manu data
10-16 20:44:52.717  2479  2548 I chatty  : uid=1002(bluetooth) BT Service Call identical 232 lines
10-16 20:44:52.717  2479  2548 D ScanRecord: Not a Multi Manu data
10-16 20:44:52.718  7492  7808 I BatteryMgr:DataCollectionService: stats => 1697481892718,1,4313,-6,0,100
10-16 20:44:52.720  2479  2548 D ScanRecord: Not a Multi Manu data
10-16 20:44:52.819  2479  2548 I chatty  : uid=1002(bluetooth) BT Service Call identical 271 lines
10-16 20:44:52.819  2479  2548 D ScanRecord: Not a Multi Manu data
10-16 20:44:52.822  7492  7808 I BatteryMgr:DataCollectionService: stats => 1697481892822,1,4313,-6,0,100
10-16 20:44:52.824  2479  2548 D ScanRecord: Not a Multi Manu data
10-16 20:44:52.873  3957  3971 I UsageStatsService: User[0] Flushing usage stats to disk
10-16 20:44:52.896  4961  4961 D io_stats: !@ 179,0 r 7158384 228783732 w 1511818 31618304 d 122013 32927232 f 352247 371218 iot 3124052 2736365 th 51200 0 0 pt 0 inp 0 1 451295.794
10-16 20:44:52.913  2479  2548 I chatty  : uid=1002(bluetooth) BT Service Call identical 154 lines
10-16 20:44:52.913  2479  2548 D ScanRecord: Not a Multi Manu data
10-16 20:44:52.927  7492  7808 I BatteryMgr:DataCollectionService: stats => 1697481892927,1,4313,-6,0,100
10-16 20:44:52.928  2479  2548 D ScanRecord: Not a Multi Manu data
10-16 20:44:53.027  2479  2548 I chatty  : uid=1002(bluetooth) BT Service Call identical 258 lines
10-16 20:44:53.027  2479  2548 D ScanRecord: Not a Multi Manu data
10-16 20:44:53.032  7492  7808 I BatteryMgr:DataCollectionService: stats => 1697481893032,1,4313,-6,0,100
10-16 20:44:53.040  2479  2548 D ScanRecord: Not a Multi Manu data
10-16 20:44:53.048  2479  2548 I chatty  : uid=1002(bluetooth) BT Service Call identical 37 lines
10-16 20:44:53.048  2479  2548 D ScanRecord: Not a Multi Manu data
10-16 20:44:53.061  3957  6478 D SSRM:k  : SIOP:: AP = 430, PST = 404 (W:12), BAT = 282, USB = 0, CHG = 0
10-16 20:44:53.074  3957  6478 D ac      : broadcastSiopLevelIntent:: currentSiopLevel = 0
10-16 20:44:53.078  3957  4128 D WifiService: getConnectionInfo uid=1000
10-16 20:44:53.079  3957  6478 D WifiService: getConnectionInfo uid=1000
10-16 20:44:53.080  2629  2629 I [SC]SCloudReceiver: onReceive: com.samsung.intent.action.CHECK_SIOP_LEVEL
10-16 20:44:53.084  2629  2629 I [SC]DetectorReceiver: onReceive [com.samsung.intent.action.CHECK_SIOP_LEVEL]
10-16 20:44:53.085  2629  2629 I [SC]AccountUtil: Samsung Account Not Logged in
10-16 20:44:53.087  3957  6478 I SensorService: createSensorEventConnection package name f.z
10-16 20:44:53.087  3957  6478 D SensorService: Calling batch handle==3 flags=0 rate=200000000 timeout== 0
10-16 20:44:53.088  3434  4028 I Sensors : ProximitySensor:enable: handle 3, en 1, old_en 0
10-16 20:44:53.138  7492  7808 I BatteryMgr:DataCollectionService: stats => 1697481893137,-12,4313,-7,0,100
10-16 20:44:53.150  3957  6478 D SensorManager: registerListener :: 3, STK3013 Proximity, 200000, 0,  
10-16 20:44:53.150  3434  4028 I Sensors : ProximitySensor:readEvents: value 8(cm)
10-16 20:44:53.151  3957  3957 D SensorManager: Proximity, val = 8.0  [far]
10-16 20:44:53.151  3957  3957 D SensorService: Calling activate off 3
10-16 20:44:53.152  3434  3434 I Sensors : ProximitySensor:enable: handle 3, en 0, old_en 1
10-16 20:44:53.153  3957  3957 D SensorManager: unregisterListener ::   
10-16 20:44:53.243  7492  7808 I BatteryMgr:DataCollectionService: stats => 1697481893243,-12,4313,-7,0,100
10-16 20:44:53.343  3957  4129 D WifiStateMachine:  ConnectedState !RSSI_PKTCNT_FETCH uid=1000 rt=451296240/1144280721 0 0 "ourhome" f4:6d:2f:12:cc:88 rssi=-46 f=5240 sc=60 link=433 tx=3.2, 0.0, 0.0  rx=15.4 bcn=532187 [on:0 tx:0 rx:0 period:1000] from screen [on:357198 period:1365951] score=60
10-16 20:44:53.345  3957  4129 D WifiStateMachine:  L2ConnectedState !RSSI_PKTCNT_FETCH uid=1000 rt=451296241/1144280722 0 0 "ourhome" f4:6d:2f:12:cc:88 rssi=-46 f=5240 sc=60 link=433 tx=3.2, 0.0, 0.0  rx=15.4 bcn=532187 [on:0 tx:0 rx:0 period:2] from screen [on:357198 period:1365953] score=60
10-16 20:44:53.346  3957  4129 D WifiStateMachine: fetchRssiLinkSpeedAndFrequencyNative rssi=-44 linkspeed=433 freq=5240
10-16 20:44:53.348  7492  7808 I BatteryMgr:DataCollectionService: stats => 1697481893348,-12,4313,-7,0,100
10-16 20:44:53.455  7492  7808 I BatteryMgr:DataCollectionService: stats => 1697481893455,-12,4313,-7,0,100
10-16 20:44:53.504  7536  7547 I zygote64: Background concurrent copying GC freed 205267(6MB) AllocSpace objects, 0(0B) LOS objects, 50% free, 5MB/11MB, paused 3.260ms total 122.402ms
10-16 20:44:53.561  7492  7808 I BatteryMgr:DataCollectionService: stats => 1697481893561,-12,4313,-7,0,100
10-16 20:44:53.566  3957  4651 D BatteryService: !@BatteryListener : batteryPropertiesChanged!
10-16 20:44:53.665  7492  7808 I BatteryMgr:DataCollectionService: stats => 1697481893665,-12,4313,-7,0,100
10-16 20:44:53.769  7492  7808 I BatteryMgr:DataCollectionService: stats => 1697481893769,-12,4313,-7,0,100
10-16 20:44:53.875  7492  7808 I BatteryMgr:DataCollectionService: stats => 1697481893875,-12,4313,-7,0,100
10-16 20:44:53.983  7492  7808 I BatteryMgr:DataCollectionService: stats => 1697481893983,-12,4313,-7,0,100
10-16 20:44:54.080  3957  4128 D WifiService: getConnectionInfo uid=1000
10-16 20:44:54.087  7492  7808 I BatteryMgr:DataCollectionService: stats => 1697481894087,-12,4313,-7,0,100
10-16 20:44:54.193  7492  7808 I BatteryMgr:DataCollectionService: stats => 1697481894193,-12,4313,-7,0,100
10-16 20:44:54.297  7492  7808 I BatteryMgr:DataCollectionService: stats => 1697481894297,-12,4313,-7,0,100
10-16 20:44:54.345  3957  4129 D WifiStateMachine:  ConnectedState !RSSI_PKTCNT_FETCH uid=1000 rt=451297242/1144281722 0 0 "ourhome" f4:6d:2f:12:cc:88 rssi=-44 f=5240 sc=60 link=433 tx=3.2, 0.0, 0.0  rx=15.4 bcn=532187 [on:0 tx:0 rx:0 period:1000] from screen [on:357198 period:1366953] score=60
10-16 20:44:54.346  3957  4129 D WifiStateMachine:  L2ConnectedState !RSSI_PKTCNT_FETCH uid=1000 rt=451297243/1144281724 0 0 "ourhome" f4:6d:2f:12:cc:88 rssi=-44 f=5240 sc=60 link=433 tx=3.2, 0.0, 0.0  rx=15.4 bcn=532187 [on:0 tx:0 rx:0 period:1] from screen [on:357198 period:1366954] score=60
10-16 20:44:54.352  3957  4129 D WifiStateMachine: fetchRssiLinkSpeedAndFrequencyNative rssi=-44 linkspeed=433 freq=5240
10-16 20:44:54.402  7492  7808 I BatteryMgr:DataCollectionService: stats => 1697481894402,-12,4313,-7,0,100
10-16 20:44:54.506  7492  7808 I BatteryMgr:DataCollectionService: stats => 1697481894506,-12,4313,-7,0,100
10-16 20:44:54.612  7492  7808 I BatteryMgr:DataCollectionService: stats => 1697481894612,-12,4313,-7,0,100
10-16 20:44:54.715  3957  4129 D WifiStateMachine:  ConnectedState !CMD_RSSI_POLL rt=451297612/1144282093 70 0 "ourhome" f4:6d:2f:12:cc:88 rssi=-44 f=5240 sc=60 link=433 tx=3.2, 0.0, 0.0  rx=15.4 bcn=532187 [on:0 tx:0 rx:0 period:369] from screen [on:357198 period:1367323] score=60
10-16 20:44:54.716  3957  4129 D WifiStateMachine:  L2ConnectedState !CMD_RSSI_POLL rt=451297613/1144282094 70 0 "ourhome" f4:6d:2f:12:cc:88 rssi=-44 f=5240 sc=60 link=433 tx=3.2, 0.0, 0.0  rx=15.4 bcn=532187 [on:0 tx:0 rx:0 period:1] from screen [on:357198 period:1367324] score=60
10-16 20:44:54.716  3957  4129 D WifiStateMachine:  get link layer stats 3
10-16 20:44:54.717  3436  3436 I android.hardware.wifi@1.0-service: getLinkLayerStats
10-16 20:44:54.718  7492  7808 I BatteryMgr:DataCollectionService: stats => 1697481894718,-12,4313,-7,0,100
10-16 20:44:54.735  3957  4129 D WifiStateMachine: fetchRssiLinkSpeedAndFrequencyNative rssi=-44 linkspeed=433 freq=5240
10-16 20:44:54.738  4340  4340 E SignalClusterView: setSlotFocusVisible : subId -2
10-16 20:44:54.738  4340  4340 E SignalClusterView: setSlotFocusVisible : subId -2
10-16 20:44:54.822  7492  7808 I BatteryMgr:DataCollectionService: stats => 1697481894822,-12,4313,-7,0,100
10-16 20:44:54.928  7492  7808 I BatteryMgr:DataCollectionService: stats => 1697481894928,-12,4313,-7,0,100
10-16 20:44:55.033  7492  7808 I BatteryMgr:DataCollectionService: stats => 1697481895033,-12,4313,-7,0,100
10-16 20:44:55.081  3957  4128 D WifiService: getConnectionInfo uid=1000
10-16 20:44:55.138  7492  7808 I BatteryMgr:DataCollectionService: stats => 1697481895138,-12,4313,-7,0,100
10-16 20:44:55.243  7492  7808 I BatteryMgr:DataCollectionService: stats => 1697481895243,-12,4313,-7,0,100
10-16 20:44:55.345  3957  4129 D WifiStateMachine:  ConnectedState !RSSI_PKTCNT_FETCH uid=1000 rt=451298242/1144282723 0 0 "ourhome" f4:6d:2f:12:cc:88 rssi=-44 f=5240 sc=60 link=433 tx=5.0, 0.0, 0.0  rx=11.3 bcn=532214 [on:0 tx:0 rx:0 period:608] from screen [on:358326 period:1367953] score=60
10-16 20:44:55.347  3957  4129 D WifiStateMachine:  L2ConnectedState !RSSI_PKTCNT_FETCH uid=1000 rt=451298243/1144282724 0 0 "ourhome" f4:6d:2f:12:cc:88 rssi=-44 f=5240 sc=60 link=433 tx=5.0, 0.0, 0.0  rx=11.3 bcn=532214 [on:0 tx:0 rx:0 period:1] from screen [on:358326 period:1367954] score=60
10-16 20:44:55.347  7492  7808 I BatteryMgr:DataCollectionService: stats => 1697481895347,-12,4313,-7,0,100
10-16 20:44:55.352  3957  4129 D WifiStateMachine: fetchRssiLinkSpeedAndFrequencyNative rssi=-43 linkspeed=433 freq=5240
10-16 20:44:55.451  7492  7808 I BatteryMgr:DataCollectionService: stats => 1697481895451,-12,4313,-7,0,100
10-16 20:44:55.556  7492  7808 I BatteryMgr:DataCollectionService: stats => 1697481895556,-12,4313,-7,0,100
10-16 20:44:55.663  7492  7808 I BatteryMgr:DataCollectionService: stats => 1697481895663,-12,4313,-7,0,100
10-16 20:44:55.767  7492  7808 I BatteryMgr:DataCollectionService: stats => 1697481895767,-12,4313,-7,0,100
10-16 20:44:55.872  7492  7808 I BatteryMgr:DataCollectionService: stats => 1697481895872,-12,4313,-7,0,100
10-16 20:44:55.979  7492  7808 I BatteryMgr:DataCollectionService: stats => 1697481895979,-12,4313,-7,0,100
10-16 20:44:56.083  3957  4128 D WifiService: getConnectionInfo uid=1000
10-16 20:44:56.083  7492  7808 I BatteryMgr:DataCollectionService: stats => 1697481896083,-12,4313,-7,0,100
10-16 20:44:56.188  7492  7808 I BatteryMgr:DataCollectionService: stats => 1697481896188,-12,4313,-7,0,100
10-16 20:44:56.292  7492  7808 I BatteryMgr:DataCollectionService: stats => 1697481896292,-12,4313,-7,0,100
10-16 20:44:56.347  3957  4129 D WifiStateMachine:  ConnectedState !RSSI_PKTCNT_FETCH uid=1000 rt=451299244/1144283724 0 0 "ourhome" f4:6d:2f:12:cc:88 rssi=-43 f=5240 sc=60 link=433 tx=5.0, 0.0, 0.0  rx=11.3 bcn=532214 [on:0 tx:0 rx:0 period:1001] from screen [on:358326 period:1368955] score=60
10-16 20:44:56.348  3957  4129 D WifiStateMachine:  L2ConnectedState !RSSI_PKTCNT_FETCH uid=1000 rt=451299245/1144283726 0 0 "ourhome" f4:6d:2f:12:cc:88 rssi=-43 f=5240 sc=60 link=433 tx=5.0, 0.0, 0.0  rx=11.3 bcn=532214 [on:0 tx:0 rx:0 period:1] from screen [on:358326 period:1368956] score=60
10-16 20:44:56.355  3957  4129 D WifiStateMachine: fetchRssiLinkSpeedAndFrequencyNative rssi=-44 linkspeed=433 freq=5240
10-16 20:44:56.398  7492  7808 I BatteryMgr:DataCollectionService: stats => 1697481896398,-12,4313,-7,0,100
10-16 20:44:56.502  7492  7808 I BatteryMgr:DataCollectionService: stats => 1697481896501,-12,4313,-7,0,100
10-16 20:44:56.607  7492  7808 I BatteryMgr:DataCollectionService: stats => 1697481896607,-12,4313,-7,0,100
10-16 20:44:56.711  7492  7808 I BatteryMgr:DataCollectionService: stats => 1697481896711,-12,4313,-7,0,100
10-16 20:44:56.817  7492  7808 I BatteryMgr:DataCollectionService: stats => 1697481896817,-12,4313,-7,0,100
10-16 20:44:56.923  7492  7808 I BatteryMgr:DataCollectionService: stats => 1697481896923,-12,4313,-7,0,100
10-16 20:44:57.029  7492  7808 I BatteryMgr:DataCollectionService: stats => 1697481897029,-12,4313,-7,0,100
10-16 20:44:57.084  3957  4128 D WifiService: getConnectionInfo uid=1000
10-16 20:44:57.133  7492  7808 I BatteryMgr:DataCollectionService: stats => 1697481897133,-12,4313,-7,0,100
10-16 20:44:57.238  7492  7808 I BatteryMgr:DataCollectionService: stats => 1697481897237,-12,4313,-7,0,100
10-16 20:44:57.343  7492  7808 I BatteryMgr:DataCollectionService: stats => 1697481897343,-12,4313,-7,0,100
10-16 20:44:57.348  3957  4129 D WifiStateMachine:  ConnectedState !RSSI_PKTCNT_FETCH uid=1000 rt=451300244/1144284725 0 0 "ourhome" f4:6d:2f:12:cc:88 rssi=-44 f=5240 sc=60 link=433 tx=5.0, 0.0, 0.0  rx=11.3 bcn=532214 [on:0 tx:0 rx:0 period:999] from screen [on:358326 period:1369955] score=60
10-16 20:44:57.349  3957  4129 D WifiStateMachine:  L2ConnectedState !RSSI_PKTCNT_FETCH uid=1000 rt=451300245/1144284726 0 0 "ourhome" f4:6d:2f:12:cc:88 rssi=-44 f=5240 sc=60 link=433 tx=5.0, 0.0, 0.0  rx=11.3 bcn=532214 [on:0 tx:0 rx:0 period:2] from screen [on:358326 period:1369957] score=60
10-16 20:44:57.350  3957  4129 D WifiStateMachine: fetchRssiLinkSpeedAndFrequencyNative rssi=-43 linkspeed=433 freq=5240
10-16 20:44:57.448  7492  7808 I BatteryMgr:DataCollectionService: stats => 1697481897448,-12,4313,-7,0,100
10-16 20:44:57.554  7492  7808 I BatteryMgr:DataCollectionService: stats => 1697481897554,-12,4313,-7,0,100
10-16 20:44:57.555  2479  2548 D ScanRecord: Not a Multi Manu data
10-16 20:44:57.657  2479  2548 I chatty  : uid=1002(bluetooth) BT Service Call identical 180 lines
10-16 20:44:57.657  2479  2548 D ScanRecord: Not a Multi Manu data
10-16 20:44:57.659  7492  7808 I BatteryMgr:DataCollectionService: stats => 1697481897659,-12,4313,-7,0,100
10-16 20:44:57.661  2479  2548 D ScanRecord: Not a Multi Manu data
10-16 20:44:57.733  2479  2548 I chatty  : uid=1002(bluetooth) BT Service Call identical 141 lines
10-16 20:44:57.733  2479  2548 D ScanRecord: Not a Multi Manu data
10-16 20:44:57.738  3957  4129 D WifiStateMachine:  ConnectedState !CMD_RSSI_POLL rt=451300634/1144285115 70 0 "ourhome" f4:6d:2f:12:cc:88 rssi=-43 f=5240 sc=60 link=433 tx=5.0, 0.0, 0.0  rx=11.3 bcn=532214 [on:0 tx:0 rx:0 period:388] from screen [on:358326 period:1370345] score=60
10-16 20:44:57.739  3957  4129 D WifiStateMachine:  L2ConnectedState !CMD_RSSI_POLL rt=451300635/1144285116 70 0 "ourhome" f4:6d:2f:12:cc:88 rssi=-43 f=5240 sc=60 link=433 tx=5.0, 0.0, 0.0  rx=11.3 bcn=532214 [on:0 tx:0 rx:0 period:2] from screen [on:358326 period:1370347] score=60
10-16 20:44:57.739  3957  4129 D WifiStateMachine:  get link layer stats 3
10-16 20:44:57.739  3436  3436 I android.hardware.wifi@1.0-service: getLinkLayerStats
10-16 20:44:57.742  3957  4129 D WifiStateMachine: fetchRssiLinkSpeedAndFrequencyNative rssi=-43 linkspeed=433 freq=5240
10-16 20:44:57.743  2479  2548 D ScanRecord: Not a Multi Manu data
10-16 20:44:57.744  2479  2548 I chatty  : uid=1002(bluetooth) BT Service Call identical 11 lines
10-16 20:44:57.744  2479  2548 D ScanRecord: Not a Multi Manu data
10-16 20:44:57.745  4340  4340 E SignalClusterView: setSlotFocusVisible : subId -2
10-16 20:44:57.745  4340  4340 E SignalClusterView: setSlotFocusVisible : subId -2
10-16 20:44:57.747  2479  2548 D ScanRecord: Not a Multi Manu data
10-16 20:44:57.766  2479  2548 I chatty  : uid=1002(bluetooth) BT Service Call identical 24 lines
10-16 20:44:57.766  2479  2548 D ScanRecord: Not a Multi Manu data
10-16 20:44:57.767  7492  7808 I BatteryMgr:DataCollectionService: stats => 1697481897767,-12,4313,-7,0,100
10-16 20:44:57.787  3957  4030 D SensorService: [SO] 0.134 -0.105 9.974
10-16 20:44:57.795  2479  2548 D ScanRecord: Not a Multi Manu data
10-16 20:44:57.863  2479  2548 I chatty  : uid=1002(bluetooth) BT Service Call identical 76 lines
10-16 20:44:57.863  2479  2548 D ScanRecord: Not a Multi Manu data
10-16 20:44:57.873  7492  7808 I BatteryMgr:DataCollectionService: stats => 1697481897873,-12,4313,-7,0,100
10-16 20:44:57.881  2479  2548 D ScanRecord: Not a Multi Manu data
10-16 20:44:57.899  4961  4961 D io_stats: !@ 179,0 r 7158443 228784056 w 1511850 31618780 d 122018 32927296 f 352251 371222 iot 3124084 2736395 th 51200 0 0 pt 0 inp 0 0 451300.796
10-16 20:44:57.968  2479  2548 I chatty  : uid=1002(bluetooth) BT Service Call identical 180 lines
10-16 20:44:57.968  2479  2548 D ScanRecord: Not a Multi Manu data
10-16 20:44:57.977  7492  7808 I BatteryMgr:DataCollectionService: stats => 1697481897977,-12,4313,-7,0,100
10-16 20:44:57.981  2479  2548 D ScanRecord: Not a Multi Manu data
10-16 20:44:58.041  2479  2548 I chatty  : uid=1002(bluetooth) BT Service Call identical 115 lines
10-16 20:44:58.041  2479  2548 D ScanRecord: Not a Multi Manu data
10-16 20:44:58.084  7492  7808 I BatteryMgr:DataCollectionService: stats => 1697481898084,-12,4313,-7,0,100
10-16 20:44:58.086  3957  4128 D WifiService: getConnectionInfo uid=1000
10-16 20:44:58.189  7492  7808 I BatteryMgr:DataCollectionService: stats => 1697481898189,-12,4313,-7,0,100
10-16 20:44:58.295  7492  7808 I BatteryMgr:DataCollectionService: stats => 1697481898295,-12,4313,-7,0,100
10-16 20:44:58.312  4340  4731 D NetworkController.MobileSignalController(0/-2): onSignalStrengthsChanged signalStrength=SignalStrength: 28 99 -28 -200 -28 -200 -1 99 2147483647 2147483647 2147483647 2147483647 0 2147483647 0x4 P gsm|lte level=4
10-16 20:44:58.312  4340  4731 D NetworkController.MobileSignalController(0/-2): getMobileIconGroup(): 0
10-16 20:44:58.348  3957  4129 D WifiStateMachine:  ConnectedState !RSSI_PKTCNT_FETCH uid=1000 rt=451301245/1144285726 0 0 "ourhome" f4:6d:2f:12:cc:88 rssi=-43 f=5240 sc=60 link=433 tx=2.5, 0.0, 0.0  rx=8.0 bcn=532243 [on:0 tx:0 rx:0 period:604] from screen [on:358939 period:1370956] score=60
10-16 20:44:58.349  3957  4129 D WifiStateMachine:  L2ConnectedState !RSSI_PKTCNT_FETCH uid=1000 rt=451301246/1144285727 0 0 "ourhome" f4:6d:2f:12:cc:88 rssi=-43 f=5240 sc=60 link=433 tx=2.5, 0.0, 0.0  rx=8.0 bcn=532243 [on:0 tx:0 rx:0 period:1] from screen [on:358939 period:1370957] score=60
10-16 20:44:58.352  3957  4129 D WifiStateMachine: fetchRssiLinkSpeedAndFrequencyNative rssi=-43 linkspeed=433 freq=5240
10-16 20:44:58.399  7492  7808 I BatteryMgr:DataCollectionService: stats => 1697481898399,-12,4313,-7,0,100
10-16 20:44:58.505  7492  7808 I BatteryMgr:DataCollectionService: stats => 1697481898505,-12,4313,-7,0,100
10-16 20:44:58.609  7492  7808 I BatteryMgr:DataCollectionService: stats => 1697481898609,-12,4313,-7,0,100
10-16 20:44:58.714  7492  7808 I BatteryMgr:DataCollectionService: stats => 1697481898714,-12,4313,-7,0,100
10-16 20:44:58.818  7492  7808 I BatteryMgr:DataCollectionService: stats => 1697481898818,-12,4313,-7,0,100
10-16 20:44:58.923  7492  7808 I BatteryMgr:DataCollectionService: stats => 1697481898923,-12,4313,-7,0,100
10-16 20:44:59.030  7492  7808 I BatteryMgr:DataCollectionService: stats => 1697481899030,-12,4313,-7,0,100
10-16 20:44:59.088  3957  4128 D WifiService: getConnectionInfo uid=1000
10-16 20:44:59.134  7492  7808 I BatteryMgr:DataCollectionService: stats => 1697481899134,-12,4313,-7,0,100
10-16 20:44:59.238  7492  7808 I BatteryMgr:DataCollectionService: stats => 1697481899238,-12,4313,-7,0,100
10-16 20:44:59.344  7492  7808 I BatteryMgr:DataCollectionService: stats => 1697481899344,-12,4313,-7,0,100
10-16 20:44:59.350  3957  4129 D WifiStateMachine:  ConnectedState !RSSI_PKTCNT_FETCH uid=1000 rt=451302246/1144286727 0 0 "ourhome" f4:6d:2f:12:cc:88 rssi=-43 f=5240 sc=60 link=433 tx=2.5, 0.0, 0.0  rx=8.0 bcn=532243 [on:0 tx:0 rx:0 period:1000] from screen [on:358939 period:1371957] score=60
10-16 20:44:59.351  3957  4129 D WifiStateMachine:  L2ConnectedState !RSSI_PKTCNT_FETCH uid=1000 rt=451302247/1144286728 0 0 "ourhome" f4:6d:2f:12:cc:88 rssi=-43 f=5240 sc=60 link=433 tx=2.5, 0.0, 0.0  rx=8.0 bcn=532243 [on:0 tx:0 rx:0 period:2] from screen [on:358939 period:1371959] score=60
10-16 20:44:59.356  3957  4129 D WifiStateMachine: fetchRssiLinkSpeedAndFrequencyNative rssi=-44 linkspeed=433 freq=5240
10-16 20:44:59.450  7492  7808 I BatteryMgr:DataCollectionService: stats => 1697481899450,-12,4313,-7,0,100
10-16 20:44:59.554  7492  7808 I BatteryMgr:DataCollectionService: stats => 1697481899554,-12,4313,-7,0,100
10-16 20:44:59.660  7492  7808 I BatteryMgr:DataCollectionService: stats => 1697481899660,-12,4313,-7,0,100
10-16 20:44:59.766  7492  7808 I BatteryMgr:DataCollectionService: stats => 1697481899766,-12,4313,-7,0,100
10-16 20:44:59.871  7492  7808 I BatteryMgr:DataCollectionService: stats => 1697481899871,-12,4313,-7,0,100
10-16 20:44:59.976  7492  7808 I BatteryMgr:DataCollectionService: stats => 1697481899976,-12,4313,-7,0,100
10-16 20:44:59.999  3957  4045 D SamsungAlarmManager: Expired : 8
10-16 20:45:00.000  3957  4045 I SamsungAlarmManager: setLocked to kernel - T:3 / 20231016T204500, SetElapsed=1144287379, nowELAPSED=1144287378
10-16 20:45:00.000  3957  4045 V SamsungAlarmManager: Sending to uid : 10074 action=com.samsung.action.EVERY_MINUTE_CLOCK_UPDATE alarm=Alarm{ff98bd5 type 1 when 1697481900000 com.sec.android.app.launcher}
10-16 20:45:00.001  3957  4045 D SamsungAlarmManager: Expired : 8
10-16 20:45:00.001  3957  4045 V SamsungAlarmManager: Sending to uid : 1000 action=android.intent.action.TIME_TICK alarm=Alarm{61e92db type 3 when 1144287379 android}
10-16 20:45:00.002   426   426 I Launcher: onReceive: com.samsung.action.EVERY_MINUTE_CLOCK_UPDATE
10-16 20:45:00.004  3957  3957 D SamsungAlarmManager: setExact Intent (T:3/F:1/AC:false) 20231016T204600 - CU:1000/CP:3957
10-16 20:45:00.004  3957  3957 I SamsungAlarmManager: setLocked to kernel - T:3 / 20231016T204600, SetElapsed=1144347379, nowELAPSED=1144287382
10-16 20:45:00.005  4340  4340 D KeyguardUpdateMonitor: received broadcast android.intent.action.TIME_TICK
10-16 20:45:00.006  4340  4340 D KeyguardServiceBoxContainer: refreshTime() 1
10-16 20:45:00.012  3957  4651 D SamsungAlarmManager: setInexact Intent (T:1/F:0/AC:false) 20231016T204600 - CU:10074/CP:426
10-16 20:45:00.012   426   426 I IconView: applyFromShortcutInfo - start GetLive : com.samsung.android.calendar
10-16 20:45:00.013   426   426 I IconView: applyFromShortcutInfo - end GetLive : com.samsung.android.calendar
10-16 20:45:00.013   426   426 I IconView: applyFromApplicationInfo - start GetLive : com.sec.android.app.clockpackage
10-16 20:45:00.016   426   426 D ApplicationPackageManager: we has com.sec.android.app.clockpackage class. reuse it 
10-16 20:45:00.016   426   426 D LiveIconLoader: getLiveIcon was called in ClockPackage
10-16 20:45:00.017   426   426 D LiveIconLoader: getLiveIcon res = com.sec.android.app.clockpackage
10-16 20:45:00.018   426   426 D LiveIconLoader: stdIconSize : 84 , targetIconSize : 94
10-16 20:45:00.018   426   426 D LiveIconLoader: mIconDpi : 320 , mTargetIconDpi : 280
10-16 20:45:00.027   426   426 I ApplicationPackageManager: load= live icon for com.sec.android.app.clockpackage, from overlay = false
10-16 20:45:00.028   426   426 I LiveIconManager: getLiveIcon: complete(sync_created)
10-16 20:45:00.028   426   426 I IconView: applyFromApplicationInfo - end GetLive : com.sec.android.app.clockpackage
10-16 20:45:00.028   426   426 I IconView: applyFromApplicationInfo - start GetLive : com.samsung.android.calendar
10-16 20:45:00.028   426   426 I IconView: applyFromApplicationInfo - end GetLive : com.samsung.android.calendar
10-16 20:45:00.034  4340  4340 D KeyguardUpdateMonitor: handleStatusBarState( false )
10-16 20:45:00.065  4340  4340 D KeyguardUpdateMonitor: handleStatusBarState( false )
10-16 20:45:00.082  7492  7808 I BatteryMgr:DataCollectionService: stats => 1697481900082,-12,4313,-7,0,100
10-16 20:45:00.090  3957  4128 D WifiService: getConnectionInfo uid=1000
10-16 20:45:00.186  7492  7808 I BatteryMgr:DataCollectionService: stats => 1697481900186,-12,4313,-7,0,100
10-16 20:45:00.292  7492  7808 I BatteryMgr:DataCollectionService: stats => 1697481900292,-12,4313,-7,0,100
10-16 20:45:00.351  3957  4129 D WifiStateMachine:  ConnectedState !RSSI_PKTCNT_FETCH uid=1000 rt=451303248/1144287728 0 0 "ourhome" f4:6d:2f:12:cc:88 rssi=-44 f=5240 sc=60 link=433 tx=2.5, 0.0, 0.0  rx=8.0 bcn=532243 [on:0 tx:0 rx:0 period:1000] from screen [on:358939 period:1372959] score=60
10-16 20:45:00.352  3957  4129 D WifiStateMachine:  L2ConnectedState !RSSI_PKTCNT_FETCH uid=1000 rt=451303249/1144287729 0 0 "ourhome" f4:6d:2f:12:cc:88 rssi=-44 f=5240 sc=60 link=433 tx=2.5, 0.0, 0.0  rx=8.0 bcn=532243 [on:0 tx:0 rx:0 period:1] from screen [on:358939 period:1372960] score=60
10-16 20:45:00.358  3957  4129 D WifiStateMachine: fetchRssiLinkSpeedAndFrequencyNative rssi=-43 linkspeed=433 freq=5240
10-16 20:45:00.397  7492  7808 I BatteryMgr:DataCollectionService: stats => 1697481900397,-12,4313,-7,0,100
10-16 20:45:00.503  7492  7808 I BatteryMgr:DataCollectionService: stats => 1697481900503,-12,4313,-7,0,100
10-16 20:45:00.608  7492  7808 I BatteryMgr:DataCollectionService: stats => 1697481900608,-12,4313,-7,0,100
10-16 20:45:00.713  7492  7808 I BatteryMgr:DataCollectionService: stats => 1697481900713,-12,4313,-7,0,100
10-16 20:45:00.746  3957  4129 D WifiStateMachine:  ConnectedState !CMD_RSSI_POLL rt=451303641/1144288122 70 0 "ourhome" f4:6d:2f:12:cc:88 rssi=-43 f=5240 sc=60 link=433 tx=2.5, 0.0, 0.0  rx=8.0 bcn=532243 [on:0 tx:0 rx:0 period:394] from screen [on:358939 period:1373354] score=60
10-16 20:45:00.748  3957  4129 D WifiStateMachine:  L2ConnectedState !CMD_RSSI_POLL rt=451303643/1144288124 70 0 "ourhome" f4:6d:2f:12:cc:88 rssi=-43 f=5240 sc=60 link=433 tx=2.5, 0.0, 0.0  rx=8.0 bcn=532243 [on:0 tx:0 rx:0 period:2] from screen [on:358939 period:1373356] score=60
10-16 20:45:00.748  3957  4129 D WifiStateMachine:  get link layer stats 3
10-16 20:45:00.749  3436  3436 I android.hardware.wifi@1.0-service: getLinkLayerStats
10-16 20:45:00.767  3957  4129 D WifiStateMachine: fetchRssiLinkSpeedAndFrequencyNative rssi=-44 linkspeed=433 freq=5240
10-16 20:45:00.769  4340  4340 E SignalClusterView: setSlotFocusVisible : subId -2
10-16 20:45:00.769  4340  4340 E SignalClusterView: setSlotFocusVisible : subId -2
10-16 20:45:00.817  7492  7808 I BatteryMgr:DataCollectionService: stats => 1697481900817,-12,4313,-7,0,100
10-16 20:45:00.924  7492  7808 I BatteryMgr:DataCollectionService: stats => 1697481900924,-12,4313,-7,0,100
10-16 20:45:01.029  7492  7808 I BatteryMgr:DataCollectionService: stats => 1697481901029,-12,4313,-7,0,100
10-16 20:45:01.092  3957  4128 D WifiService: getConnectionInfo uid=1000
10-16 20:45:01.135  7492  7808 I BatteryMgr:DataCollectionService: stats => 1697481901135,-12,4313,-7,0,100
10-16 20:45:01.240  7492  7808 I BatteryMgr:DataCollectionService: stats => 1697481901239,-12,4313,-7,0,100
10-16 20:45:01.344  7492  7808 I BatteryMgr:DataCollectionService: stats => 1697481901344,-12,4313,-7,0,100
10-16 20:45:01.352  3957  4129 D WifiStateMachine:  ConnectedState !RSSI_PKTCNT_FETCH uid=1000 rt=451304248/1144288729 0 0 "ourhome" f4:6d:2f:12:cc:88 rssi=-44 f=5240 sc=60 link=433 tx=6.6, 2.5, 0.0  rx=13.1 bcn=532271 [on:0 tx:0 rx:0 period:582] from screen [on:359717 period:1373959] score=60
10-16 20:45:01.353  3957  4129 D WifiStateMachine:  L2ConnectedState !RSSI_PKTCNT_FETCH uid=1000 rt=451304249/1144288730 0 0 "ourhome" f4:6d:2f:12:cc:88 rssi=-44 f=5240 sc=60 link=433 tx=6.6, 2.5, 0.0  rx=13.1 bcn=532271 [on:0 tx:0 rx:0 period:1] from screen [on:359717 period:1373960] score=60
10-16 20:45:01.359  3957  4129 D WifiStateMachine: fetchRssiLinkSpeedAndFrequencyNative rssi=-44 linkspeed=433 freq=5240
10-16 20:45:01.450  7492  7808 I BatteryMgr:DataCollectionService: stats => 1697481901450,-12,4313,-7,0,100
10-16 20:45:01.555  7492  7808 I BatteryMgr:DataCollectionService: stats => 1697481901555,-12,4313,-7,0,100
10-16 20:45:01.660  7492  7808 I BatteryMgr:DataCollectionService: stats => 1697481901660,-12,4313,-7,0,100
10-16 20:45:01.765  7492  7808 I BatteryMgr:DataCollectionService: stats => 1697481901765,-12,4313,-7,0,100
10-16 20:45:01.871  7492  7808 I BatteryMgr:DataCollectionService: stats => 1697481901871,-12,4313,-7,0,100
10-16 20:45:01.978  7492  7808 I BatteryMgr:DataCollectionService: stats => 1697481901978,-12,4313,-7,0,100
10-16 20:45:02.083  7492  7808 I BatteryMgr:DataCollectionService: stats => 1697481902083,-12,4313,-7,0,100
10-16 20:45:02.095  3957  4128 D WifiService: getConnectionInfo uid=1000
10-16 20:45:02.188  7492  7808 I BatteryMgr:DataCollectionService: stats => 1697481902188,-12,4313,-7,0,100
10-16 20:45:02.294  7492  7808 I BatteryMgr:DataCollectionService: stats => 1697481902294,-12,4313,-7,0,100
10-16 20:45:02.354  3957  4129 D WifiStateMachine:  ConnectedState !RSSI_PKTCNT_FETCH uid=1000 rt=451305250/1144289731 0 0 "ourhome" f4:6d:2f:12:cc:88 rssi=-44 f=5240 sc=60 link=433 tx=6.6, 2.5, 0.0  rx=13.1 bcn=532271 [on:0 tx:0 rx:0 period:1001] from screen [on:359717 period:1374961] score=60
10-16 20:45:02.355  3957  4129 D WifiStateMachine:  L2ConnectedState !RSSI_PKTCNT_FETCH uid=1000 rt=451305251/1144289732 0 0 "ourhome" f4:6d:2f:12:cc:88 rssi=-44 f=5240 sc=60 link=433 tx=6.6, 2.5, 0.0  rx=13.1 bcn=532271 [on:0 tx:0 rx:0 period:2] from screen [on:359717 period:1374963] score=60
10-16 20:45:02.356  3957  4129 D WifiStateMachine: fetchRssiLinkSpeedAndFrequencyNative rssi=-44 linkspeed=433 freq=5240
10-16 20:45:02.399  7492  7808 I BatteryMgr:DataCollectionService: stats => 1697481902399,-12,4313,-7,0,100
10-16 20:45:02.504  7492  7808 I BatteryMgr:DataCollectionService: stats => 1697481902504,-12,4313,-7,0,100
10-16 20:45:02.553  2479  2548 D ScanRecord: Not a Multi Manu data
10-16 20:45:02.607  2479  2548 I chatty  : uid=1002(bluetooth) BT Service Call identical 102 lines
10-16 20:45:02.607  2479  2548 D ScanRecord: Not a Multi Manu data
10-16 20:45:02.608  7492  7808 I BatteryMgr:DataCollectionService: stats => 1697481902608,-12,4313,-7,0,100
10-16 20:45:02.617  2479  2548 D ScanRecord: Not a Multi Manu data
10-16 20:45:02.708  2479  2548 I chatty  : uid=1002(bluetooth) BT Service Call identical 167 lines
10-16 20:45:02.708  2479  2548 D ScanRecord: Not a Multi Manu data
10-16 20:45:02.714  7492  7808 I BatteryMgr:DataCollectionService: stats => 1697481902714,-12,4313,-7,0,100
10-16 20:45:02.717  2479  2548 D ScanRecord: Not a Multi Manu data
10-16 20:45:02.816  2479  2548 I chatty  : uid=1002(bluetooth) BT Service Call identical 193 lines
10-16 20:45:02.816  2479  2548 D ScanRecord: Not a Multi Manu data
10-16 20:45:02.823  7492  7808 I BatteryMgr:DataCollectionService: stats => 1697481902823,-12,4313,-7,0,100
10-16 20:45:02.825  2479  2548 D ScanRecord: Not a Multi Manu data
10-16 20:45:02.901  4961  4961 D io_stats: !@ 179,0 r 7158467 228784492 w 1511861 31618992 d 122020 32927376 f 352252 371223 iot 3124100 2736408 th 51200 0 0 pt 0 inp 0 0 451305.798
10-16 20:45:02.920  2479  2548 I chatty  : uid=1002(bluetooth) BT Service Call identical 284 lines
10-16 20:45:02.920  2479  2548 D ScanRecord: Not a Multi Manu data
10-16 20:45:02.929  7492  7808 I BatteryMgr:DataCollectionService: stats => 1697481902929,-12,4313,-7,0,100
10-16 20:45:02.931  2479  2548 D ScanRecord: Not a Multi Manu data
10-16 20:45:03.035  2479  2548 I chatty  : uid=1002(bluetooth) BT Service Call identical 193 lines
10-16 20:45:03.035  2479  2548 D ScanRecord: Not a Multi Manu data
10-16 20:45:03.035  7492  7808 I BatteryMgr:DataCollectionService: stats => 1697481903035,-12,4313,-7,0,100
10-16 20:45:03.036  2479  2548 D ScanRecord: Not a Multi Manu data
10-16 20:45:03.048  2479  2548 I chatty  : uid=1002(bluetooth) BT Service Call identical 37 lines
10-16 20:45:03.048  2479  2548 D ScanRecord: Not a Multi Manu data
10-16 20:45:03.097  3957  4128 D WifiService: getConnectionInfo uid=1000
10-16 20:45:03.140  7492  7808 I BatteryMgr:DataCollectionService: stats => 1697481903140,-12,4313,-7,0,100
10-16 20:45:03.156  3957  6478 D SSRM:k  : SIOP:: AP = 430, PST = 412 (W:12), BAT = 282, USB = 0, CHG = 0
10-16 20:45:03.165  3957  6478 D ac      : broadcastSiopLevelIntent:: currentSiopLevel = 1
10-16 20:45:03.171  3957  6478 D WifiService: getConnectionInfo uid=1000
10-16 20:45:03.171  2629  2629 I [SC]SCloudReceiver: onReceive: com.samsung.intent.action.CHECK_SIOP_LEVEL
10-16 20:45:03.173  2629  2629 I [SC]DetectorReceiver: onReceive [com.samsung.intent.action.CHECK_SIOP_LEVEL]
10-16 20:45:03.174  2629  2629 I [SC]AccountUtil: Samsung Account Not Logged in
10-16 20:45:03.177  3957  6478 I SensorService: createSensorEventConnection package name f.z
10-16 20:45:03.177  3957  6478 D SensorService: Calling batch handle==3 flags=0 rate=200000000 timeout== 0
10-16 20:45:03.178  3434  3434 I Sensors : ProximitySensor:enable: handle 3, en 1, old_en 0
10-16 20:45:03.232  3957  6478 D SensorManager: registerListener :: 3, STK3013 Proximity, 200000, 0,  
10-16 20:45:03.233  3434  3434 I Sensors : ProximitySensor:readEvents: value 8(cm)
10-16 20:45:03.234  3957  3957 D SensorManager: Proximity, val = 8.0  [far]
10-16 20:45:03.234  3957  3957 D SensorService: Calling activate off 3
10-16 20:45:03.235  3434  4028 I Sensors : ProximitySensor:enable: handle 3, en 0, old_en 1
10-16 20:45:03.236  3957  3957 D SensorManager: unregisterListener ::   
10-16 20:45:03.244  7492  7808 I BatteryMgr:DataCollectionService: stats => 1697481903244,-12,4313,-7,0,100
10-16 20:45:03.352  7492  7808 I BatteryMgr:DataCollectionService: stats => 1697481903352,-12,4313,-7,0,100
10-16 20:45:03.355  3957  4129 D WifiStateMachine:  ConnectedState !RSSI_PKTCNT_FETCH uid=1000 rt=451306252/1144290733 0 0 "ourhome" f4:6d:2f:12:cc:88 rssi=-44 f=5240 sc=60 link=433 tx=6.6, 2.5, 0.0  rx=13.1 bcn=532271 [on:0 tx:0 rx:0 period:1000] from screen [on:359717 period:1375963] score=60
10-16 20:45:03.356  3957  4129 D WifiStateMachine:  L2ConnectedState !RSSI_PKTCNT_FETCH uid=1000 rt=451306253/1144290734 0 0 "ourhome" f4:6d:2f:12:cc:88 rssi=-44 f=5240 sc=60 link=433 tx=6.6, 2.5, 0.0  rx=13.1 bcn=532271 [on:0 tx:0 rx:0 period:1] from screen [on:359717 period:1375964] score=60
10-16 20:45:03.366  3957  4129 D WifiStateMachine: fetchRssiLinkSpeedAndFrequencyNative rssi=-44 linkspeed=433 freq=5240
10-16 20:45:03.458  7492  7808 I BatteryMgr:DataCollectionService: stats => 1697481903457,-12,4313,-7,0,100
10-16 20:45:03.564  7492  7808 I BatteryMgr:DataCollectionService: stats => 1697481903564,-12,4313,-7,0,100
10-16 20:45:03.671  7492  7808 I BatteryMgr:DataCollectionService: stats => 1697481903671,-69,4313,-10,0,100
10-16 20:45:03.770  3957  4129 D WifiStateMachine:  ConnectedState !CMD_RSSI_POLL rt=451306666/1144291147 70 0 "ourhome" f4:6d:2f:12:cc:88 rssi=-44 f=5240 sc=60 link=433 tx=6.6, 2.5, 0.0  rx=13.1 bcn=532271 [on:0 tx:0 rx:0 period:413] from screen [on:359717 period:1376377] score=60
10-16 20:45:03.771  3957  4129 D WifiStateMachine:  L2ConnectedState !CMD_RSSI_POLL rt=451306667/1144291148 70 0 "ourhome" f4:6d:2f:12:cc:88 rssi=-44 f=5240 sc=60 link=433 tx=6.6, 2.5, 0.0  rx=13.1 bcn=532271 [on:0 tx:0 rx:0 period:2] from screen [on:359717 period:1376379] score=60
10-16 20:45:03.771  3957  4129 D WifiStateMachine:  get link layer stats 3
10-16 20:45:03.772  3436  3436 I android.hardware.wifi@1.0-service: getLinkLayerStats
10-16 20:45:03.776  7492  7808 I BatteryMgr:DataCollectionService: stats => 1697481903776,-69,4313,-10,0,100
10-16 20:45:03.780  3957  4129 D WifiStateMachine: fetchRssiLinkSpeedAndFrequencyNative rssi=-44 linkspeed=433 freq=5240
10-16 20:45:03.783  4340  4340 E SignalClusterView: setSlotFocusVisible : subId -2
10-16 20:45:03.783  4340  4340 E SignalClusterView: setSlotFocusVisible : subId -2
10-16 20:45:03.881  7492  7808 I BatteryMgr:DataCollectionService: stats => 1697481903881,-69,4313,-10,0,100
10-16 20:45:03.987  7492  7808 I BatteryMgr:DataCollectionService: stats => 1697481903987,-69,4313,-10,0,100
10-16 20:45:04.050  3957  4653 D BatteryService: !@BatteryListener : batteryPropertiesChanged!
10-16 20:45:04.095  7492  7808 I BatteryMgr:DataCollectionService: stats => 1697481904095,-69,4313,-10,0,100
10-16 20:45:04.099  3957  4128 D WifiService: getConnectionInfo uid=1000
10-16 20:45:04.201  7492  7808 I BatteryMgr:DataCollectionService: stats => 1697481904201,-69,4313,-10,0,100
10-16 20:45:04.305  7492  7808 I BatteryMgr:DataCollectionService: stats => 1697481904305,-69,4313,-10,0,100
10-16 20:45:04.356  3957  4129 D WifiStateMachine:  ConnectedState !RSSI_PKTCNT_FETCH uid=1000 rt=451307253/1144291734 0 0 "ourhome" f4:6d:2f:12:cc:88 rssi=-44 f=5240 sc=60 link=433 tx=3.1, 0.9, 0.0  rx=7.3 bcn=532300 [on:0 tx:0 rx:0 period:575] from screen [on:360237 period:1376964] score=60
10-16 20:45:04.357  3957  4129 D WifiStateMachine:  L2ConnectedState !RSSI_PKTCNT_FETCH uid=1000 rt=451307254/1144291735 0 0 "ourhome" f4:6d:2f:12:cc:88 rssi=-44 f=5240 sc=60 link=433 tx=3.1, 0.9, 0.0  rx=7.3 bcn=532300 [on:0 tx:0 rx:0 period:1] from screen [on:360237 period:1376965] score=60
10-16 20:45:04.363  3957  4129 D WifiStateMachine: fetchRssiLinkSpeedAndFrequencyNative rssi=-44 linkspeed=433 freq=5240
10-16 20:45:04.409  7492  7808 I BatteryMgr:DataCollectionService: stats => 1697481904409,-69,4313,-10,0,100
10-16 20:45:04.514  7492  7808 I BatteryMgr:DataCollectionService: stats => 1697481904513,-69,4313,-10,0,100
10-16 20:45:04.619  7492  7808 I BatteryMgr:DataCollectionService: stats => 1697481904619,-69,4313,-10,0,100
10-16 20:45:04.725  7492  7808 I BatteryMgr:DataCollectionService: stats => 1697481904725,-69,4313,-10,0,100
10-16 20:45:04.829  7492  7808 I BatteryMgr:DataCollectionService: stats => 1697481904829,-69,4313,-10,0,100
10-16 20:45:04.933  7492  7808 I BatteryMgr:DataCollectionService: stats => 1697481904933,-69,4313,-10,0,100
10-16 20:45:05.039  7492  7808 I BatteryMgr:DataCollectionService: stats => 1697481905039,-69,4313,-10,0,100
10-16 20:45:05.102  3957  4128 D WifiService: getConnectionInfo uid=1000
10-16 20:45:05.144  7492  7808 I BatteryMgr:DataCollectionService: stats => 1697481905144,-69,4313,-10,0,100
10-16 20:45:05.250  7492  7808 I BatteryMgr:DataCollectionService: stats => 1697481905249,-69,4313,-10,0,100
10-16 20:45:05.358  7492  7808 I BatteryMgr:DataCollectionService: stats => 1697481905358,-69,4313,-10,0,100
10-16 20:45:05.358  3957  4129 D WifiStateMachine:  ConnectedState !RSSI_PKTCNT_FETCH uid=1000 rt=451308255/1144292735 0 0 "ourhome" f4:6d:2f:12:cc:88 rssi=-44 f=5240 sc=60 link=433 tx=3.1, 0.9, 0.0  rx=7.3 bcn=532300 [on:0 tx:0 rx:0 period:1001] from screen [on:360237 period:1377966] score=60
10-16 20:45:05.359  3957  4129 D WifiStateMachine:  L2ConnectedState !RSSI_PKTCNT_FETCH uid=1000 rt=451308256/1144292737 0 0 "ourhome" f4:6d:2f:12:cc:88 rssi=-44 f=5240 sc=60 link=433 tx=3.1, 0.9, 0.0  rx=7.3 bcn=532300 [on:0 tx:0 rx:0 period:1] from screen [on:360237 period:1377967] score=60
10-16 20:45:05.365  3957  4129 D WifiStateMachine: fetchRssiLinkSpeedAndFrequencyNative rssi=-43 linkspeed=433 freq=5240
10-16 20:45:05.461  7492  7808 I BatteryMgr:DataCollectionService: stats => 1697481905461,-69,4313,-10,0,100
10-16 20:45:05.566  7492  7808 I BatteryMgr:DataCollectionService: stats => 1697481905566,-69,4313,-10,0,100
10-16 20:45:05.671  7492  7808 I BatteryMgr:DataCollectionService: stats => 1697481905671,-69,4313,-10,0,100
10-16 20:45:05.779  7492  7808 I BatteryMgr:DataCollectionService: stats => 1697481905778,-69,4313,-10,0,100
10-16 20:45:05.885  7492  7808 I BatteryMgr:DataCollectionService: stats => 1697481905885,-69,4313,-10,0,100
10-16 20:45:05.992  7492  7808 I BatteryMgr:DataCollectionService: stats => 1697481905992,-69,4313,-10,0,100
10-16 20:45:06.096  7492  7808 I BatteryMgr:DataCollectionService: stats => 1697481906096,-69,4313,-10,0,100
10-16 20:45:06.104  3957  4128 D WifiService: getConnectionInfo uid=1000
10-16 20:45:06.203  7492  7808 I BatteryMgr:DataCollectionService: stats => 1697481906203,-69,4313,-10,0,100
10-16 20:45:06.308  7492  7808 I BatteryMgr:DataCollectionService: stats => 1697481906308,-69,4313,-10,0,100
10-16 20:45:06.359  3957  4129 D WifiStateMachine:  ConnectedState !RSSI_PKTCNT_FETCH uid=1000 rt=451309256/1144293736 0 0 "ourhome" f4:6d:2f:12:cc:88 rssi=-43 f=5240 sc=60 link=433 tx=3.1, 0.9, 0.0  rx=7.3 bcn=532300 [on:0 tx:0 rx:0 period:1000] from screen [on:360237 period:1378967] score=60
10-16 20:45:06.360  3957  4129 D WifiStateMachine:  L2ConnectedState !RSSI_PKTCNT_FETCH uid=1000 rt=451309257/1144293738 0 0 "ourhome" f4:6d:2f:12:cc:88 rssi=-43 f=5240 sc=60 link=433 tx=3.1, 0.9, 0.0  rx=7.3 bcn=532300 [on:0 tx:0 rx:0 period:1] from screen [on:360237 period:1378968] score=60
10-16 20:45:06.361  3957  4129 D WifiStateMachine: fetchRssiLinkSpeedAndFrequencyNative rssi=-45 linkspeed=433 freq=5240
10-16 20:45:06.413  7492  7808 I BatteryMgr:DataCollectionService: stats => 1697481906412,-69,4313,-10,0,100
10-16 20:45:06.518  7492  7808 I BatteryMgr:DataCollectionService: stats => 1697481906518,-69,4313,-10,0,100
10-16 20:45:06.624  7492  7808 I BatteryMgr:DataCollectionService: stats => 1697481906624,-69,4313,-10,0,100
10-16 20:45:06.728  7492  7808 I BatteryMgr:DataCollectionService: stats => 1697481906728,-69,4313,-10,0,100
10-16 20:45:06.782  3957  4129 D WifiStateMachine:  ConnectedState !CMD_RSSI_POLL rt=451309678/1144294159 70 0 "ourhome" f4:6d:2f:12:cc:88 rssi=-45 f=5240 sc=60 link=433 tx=3.1, 0.9, 0.0  rx=7.3 bcn=532300 [on:0 tx:0 rx:0 period:422] from screen [on:360237 period:1379390] score=60
10-16 20:45:06.783  3957  4129 D WifiStateMachine:  L2ConnectedState !CMD_RSSI_POLL rt=451309680/1144294160 70 0 "ourhome" f4:6d:2f:12:cc:88 rssi=-45 f=5240 sc=60 link=433 tx=3.1, 0.9, 0.0  rx=7.3 bcn=532300 [on:0 tx:0 rx:0 period:1] from screen [on:360237 period:1379391] score=60
10-16 20:45:06.783  3957  4129 D WifiStateMachine:  get link layer stats 3
10-16 20:45:06.783  3436  3436 I android.hardware.wifi@1.0-service: getLinkLayerStats
10-16 20:45:06.801  3957  4129 D WifiStateMachine: fetchRssiLinkSpeedAndFrequencyNative rssi=-44 linkspeed=433 freq=5240
10-16 20:45:06.804  4340  4340 E SignalClusterView: setSlotFocusVisible : subId -2
10-16 20:45:06.804  4340  4340 E SignalClusterView: setSlotFocusVisible : subId -2
10-16 20:45:06.833  7492  7808 I BatteryMgr:DataCollectionService: stats => 1697481906833,-69,4313,-10,0,100
10-16 20:45:06.939  7492  7808 I BatteryMgr:DataCollectionService: stats => 1697481906939,-69,4313,-10,0,100
10-16 20:45:07.043  7492  7808 I BatteryMgr:DataCollectionService: stats => 1697481907043,-69,4313,-10,0,100
10-16 20:45:07.106  3957  4128 D WifiService: getConnectionInfo uid=1000
10-16 20:45:07.148  7492  7808 I BatteryMgr:DataCollectionService: stats => 1697481907148,-69,4313,-10,0,100
10-16 20:45:07.252  7492  7808 I BatteryMgr:DataCollectionService: stats => 1697481907252,-69,4313,-10,0,100
10-16 20:45:07.361  3957  4129 D WifiStateMachine:  ConnectedState !RSSI_PKTCNT_FETCH uid=1000 rt=451310257/1144294738 0 0 "ourhome" f4:6d:2f:12:cc:88 rssi=-44 f=5240 sc=60 link=433 tx=1.1, 0.3, 0.0  rx=3.3 bcn=532329 [on:0 tx:0 rx:0 period:557] from screen [on:360352 period:1379969] score=60
10-16 20:45:07.361  7492  7808 I BatteryMgr:DataCollectionService: stats => 1697481907361,-69,4313,-10,0,100
10-16 20:45:07.363  3957  4129 D WifiStateMachine:  L2ConnectedState !RSSI_PKTCNT_FETCH uid=1000 rt=451310259/1144294739 0 0 "ourhome" f4:6d:2f:12:cc:88 rssi=-44 f=5240 sc=60 link=433 tx=1.1, 0.3, 0.0  rx=3.3 bcn=532329 [on:0 tx:0 rx:0 period:1] from screen [on:360352 period:1379970] score=60
10-16 20:45:07.364  3957  4129 D WifiStateMachine: fetchRssiLinkSpeedAndFrequencyNative rssi=-43 linkspeed=433 freq=5240
10-16 20:45:07.468  7492  7808 I BatteryMgr:DataCollectionService: stats => 1697481907468,-69,4313,-10,0,100
10-16 20:45:07.552  2479  2548 D ScanRecord: Not a Multi Manu data
10-16 20:45:07.572  2479  2548 I chatty  : uid=1002(bluetooth) BT Service Call identical 37 lines
10-16 20:45:07.572  2479  2548 D ScanRecord: Not a Multi Manu data
10-16 20:45:07.574  7492  7808 I BatteryMgr:DataCollectionService: stats => 1697481907574,-69,4313,-10,0,100
10-16 20:45:07.577  2479  2548 D ScanRecord: Not a Multi Manu data
10-16 20:45:07.678  2479  2548 I chatty  : uid=1002(bluetooth) BT Service Call identical 232 lines
10-16 20:45:07.678  2479  2548 D ScanRecord: Not a Multi Manu data
10-16 20:45:07.680  7492  7808 I BatteryMgr:DataCollectionService: stats => 1697481907680,-69,4313,-10,0,100
10-16 20:45:07.680  2479  2548 D ScanRecord: Not a Multi Manu data
10-16 20:45:07.780  2479  2548 I chatty  : uid=1002(bluetooth) BT Service Call identical 297 lines
10-16 20:45:07.780  2479  2548 D ScanRecord: Not a Multi Manu data
10-16 20:45:07.785  7492  7808 I BatteryMgr:DataCollectionService: stats => 1697481907785,-69,4313,-10,0,100
