10-16 20:51:48.768  8176  8484 I BatteryMgr:DataCollectionService: stats => 1697482308768,31,4313,-9,0,100
10-16 20:51:48.872  8176  8484 I BatteryMgr:DataCollectionService: stats => 1697482308872,31,4313,-9,0,100
10-16 20:51:48.896  3957  4129 D WifiStateMachine:  ConnectedState !RSSI_PKTCNT_FETCH uid=1000 rt=451711793/1144696274 0 0 "ourhome" f4:6d:2f:12:cc:88 rssi=-43 f=5240 sc=60 link=433 tx=6.2, 0.0, 0.0  rx=7.9 bcn=535960 [on:0 tx:0 rx:0 period:355] from screen [on:418383 period:1781504] score=60
10-16 20:51:48.898  3957  4129 D WifiStateMachine:  L2ConnectedState !RSSI_PKTCNT_FETCH uid=1000 rt=451711794/1144696275 0 0 "ourhome" f4:6d:2f:12:cc:88 rssi=-43 f=5240 sc=60 link=433 tx=6.2, 0.0, 0.0  rx=7.9 bcn=535960 [on:0 tx:0 rx:0 period:2] from screen [on:418383 period:1781506] score=60
10-16 20:51:48.904  3957  4129 D WifiStateMachine: fetchRssiLinkSpeedAndFrequencyNative rssi=-43 linkspeed=433 freq=5240
10-16 20:51:48.976  8176  8484 I BatteryMgr:DataCollectionService: stats => 1697482308976,31,4313,-9,0,100
10-16 20:51:49.083  8176  8484 I BatteryMgr:DataCollectionService: stats => 1697482309083,31,4313,-9,0,100
10-16 20:51:49.131  3957  4128 D WifiService: getConnectionInfo uid=1000
10-16 20:51:49.188  8176  8484 I BatteryMgr:DataCollectionService: stats => 1697482309188,31,4313,-9,0,100
10-16 20:51:49.294  8176  8484 I BatteryMgr:DataCollectionService: stats => 1697482309294,31,4313,-9,0,100
10-16 20:51:49.401  8176  8484 I BatteryMgr:DataCollectionService: stats => 1697482309401,31,4313,-9,0,100
10-16 20:51:49.507  8176  8484 I BatteryMgr:DataCollectionService: stats => 1697482309507,31,4313,-9,0,100
10-16 20:51:49.611  8176  8484 I BatteryMgr:DataCollectionService: stats => 1697482309611,31,4313,-9,0,100
10-16 20:51:49.717  8176  8484 I BatteryMgr:DataCollectionService: stats => 1697482309717,31,4313,-9,0,100
10-16 20:51:49.824  8176  8484 I BatteryMgr:DataCollectionService: stats => 1697482309824,31,4313,-9,0,100
10-16 20:51:49.899  3957  4129 D WifiStateMachine:  ConnectedState !RSSI_PKTCNT_FETCH uid=1000 rt=451712795/1144697275 0 0 "ourhome" f4:6d:2f:12:cc:88 rssi=-43 f=5240 sc=60 link=433 tx=6.2, 0.0, 0.0  rx=7.9 bcn=535960 [on:0 tx:0 rx:0 period:1001] from screen [on:418383 period:1782507] score=60
10-16 20:51:49.901  3957  4129 D WifiStateMachine:  L2ConnectedState !RSSI_PKTCNT_FETCH uid=1000 rt=451712797/1144697278 0 0 "ourhome" f4:6d:2f:12:cc:88 rssi=-43 f=5240 sc=60 link=433 tx=6.2, 0.0, 0.0  rx=7.9 bcn=535960 [on:0 tx:0 rx:0 period:1] from screen [on:418383 period:1782508] score=60
10-16 20:51:49.903  3957  4129 D WifiStateMachine: fetchRssiLinkSpeedAndFrequencyNative rssi=-44 linkspeed=433 freq=5240
10-16 20:51:49.929  8176  8484 I BatteryMgr:DataCollectionService: stats => 1697482309929,31,4313,-9,0,100
10-16 20:51:50.034  8176  8484 I BatteryMgr:DataCollectionService: stats => 1697482310034,31,4313,-9,0,100
10-16 20:51:50.133  3957  4128 D WifiService: getConnectionInfo uid=1000
10-16 20:51:50.140  8176  8484 I BatteryMgr:DataCollectionService: stats => 1697482310139,31,4313,-9,0,100
10-16 20:51:50.245  8176  8484 I BatteryMgr:DataCollectionService: stats => 1697482310245,31,4313,-9,0,100
10-16 20:51:50.353  8176  8484 I BatteryMgr:DataCollectionService: stats => 1697482310353,31,4313,-9,0,100
10-16 20:51:50.459  8176  8484 I BatteryMgr:DataCollectionService: stats => 1697482310459,31,4313,-9,0,100
10-16 20:51:50.563  8176  8484 I BatteryMgr:DataCollectionService: stats => 1697482310563,31,4313,-9,0,100
10-16 20:51:50.668  8176  8484 I BatteryMgr:DataCollectionService: stats => 1697482310668,31,4313,-9,0,100
10-16 20:51:50.772  8176  8484 I BatteryMgr:DataCollectionService: stats => 1697482310772,31,4313,-9,0,100
10-16 20:51:50.876  8176  8484 I BatteryMgr:DataCollectionService: stats => 1697482310876,31,4313,-9,0,100
10-16 20:51:50.899  3957  4129 D WifiStateMachine:  ConnectedState !RSSI_PKTCNT_FETCH uid=1000 rt=451713796/1144698277 0 0 "ourhome" f4:6d:2f:12:cc:88 rssi=-44 f=5240 sc=60 link=433 tx=6.2, 0.0, 0.0  rx=7.9 bcn=535960 [on:0 tx:0 rx:0 period:999] from screen [on:418383 period:1783507] score=60
10-16 20:51:50.900  3957  4129 D WifiStateMachine:  L2ConnectedState !RSSI_PKTCNT_FETCH uid=1000 rt=451713797/1144698278 0 0 "ourhome" f4:6d:2f:12:cc:88 rssi=-44 f=5240 sc=60 link=433 tx=6.2, 0.0, 0.0  rx=7.9 bcn=535960 [on:0 tx:0 rx:0 period:1] from screen [on:418383 period:1783508] score=60
10-16 20:51:50.902  3957  4129 D WifiStateMachine: fetchRssiLinkSpeedAndFrequencyNative rssi=-45 linkspeed=433 freq=5240
10-16 20:51:50.981  8176  8484 I BatteryMgr:DataCollectionService: stats => 1697482310981,31,4313,-9,0,100
10-16 20:51:51.085  8176  8484 I BatteryMgr:DataCollectionService: stats => 1697482311085,31,4313,-9,0,100
10-16 20:51:51.135  3957  4128 D WifiService: getConnectionInfo uid=1000
10-16 20:51:51.190  8176  8484 I BatteryMgr:DataCollectionService: stats => 1697482311190,31,4313,-9,0,100
10-16 20:51:51.294  8176  8484 I BatteryMgr:DataCollectionService: stats => 1697482311293,31,4313,-9,0,100
10-16 20:51:51.398  8176  8484 I BatteryMgr:DataCollectionService: stats => 1697482311398,31,4313,-9,0,100
10-16 20:51:51.504  8176  8484 I BatteryMgr:DataCollectionService: stats => 1697482311503,0,4313,-9,0,100
10-16 20:51:51.542  3957  4129 D WifiStateMachine:  ConnectedState !CMD_RSSI_POLL rt=451714438/1144698919 70 0 "ourhome" f4:6d:2f:12:cc:88 rssi=-45 f=5240 sc=60 link=433 tx=6.2, 0.0, 0.0  rx=7.9 bcn=535960 [on:0 tx:0 rx:0 period:642] from screen [on:418383 period:1784150] score=60
10-16 20:51:51.543  3957  4129 D WifiStateMachine:  L2ConnectedState !CMD_RSSI_POLL rt=451714440/1144698921 70 0 "ourhome" f4:6d:2f:12:cc:88 rssi=-45 f=5240 sc=60 link=433 tx=6.2, 0.0, 0.0  rx=7.9 bcn=535960 [on:0 tx:0 rx:0 period:1] from screen [on:418383 period:1784151] score=60
10-16 20:51:51.544  3957  4129 D WifiStateMachine:  get link layer stats 3
10-16 20:51:51.544  3436  3436 I android.hardware.wifi@1.0-service: getLinkLayerStats
10-16 20:51:51.550  3957  4129 D WifiStateMachine: fetchRssiLinkSpeedAndFrequencyNative rssi=-44 linkspeed=433 freq=5240
10-16 20:51:51.553  4340  4340 E SignalClusterView: setSlotFocusVisible : subId -2
10-16 20:51:51.553  4340  4340 E SignalClusterView: setSlotFocusVisible : subId -2
10-16 20:51:51.608  8176  8484 I BatteryMgr:DataCollectionService: stats => 1697482311608,0,4313,-22,0,100
10-16 20:51:51.713  8176  8484 I BatteryMgr:DataCollectionService: stats => 1697482311713,0,4313,-22,0,100
10-16 20:51:51.817  8176  8484 I BatteryMgr:DataCollectionService: stats => 1697482311817,0,4313,-22,0,100
10-16 20:51:51.900  3957  4129 D WifiStateMachine:  ConnectedState !RSSI_PKTCNT_FETCH uid=1000 rt=451714796/1144699277 0 0 "ourhome" f4:6d:2f:12:cc:88 rssi=-44 f=5240 sc=60 link=433 tx=4.8, 0.0, 0.0  rx=8.6 bcn=535989 [on:0 tx:0 rx:0 period:346] from screen [on:419342 period:1784507] score=60
10-16 20:51:51.901  3957  4129 D WifiStateMachine:  L2ConnectedState !RSSI_PKTCNT_FETCH uid=1000 rt=451714797/1144699278 0 0 "ourhome" f4:6d:2f:12:cc:88 rssi=-44 f=5240 sc=60 link=433 tx=4.8, 0.0, 0.0  rx=8.6 bcn=535989 [on:0 tx:0 rx:0 period:2] from screen [on:419342 period:1784509] score=60
10-16 20:51:51.908  3957  4129 D WifiStateMachine: fetchRssiLinkSpeedAndFrequencyNative rssi=-44 linkspeed=433 freq=5240
10-16 20:51:51.923  8176  8484 I BatteryMgr:DataCollectionService: stats => 1697482311923,0,4313,-22,0,100
10-16 20:51:51.975  3957  3968 D BatteryService: !@BatteryListener : batteryPropertiesChanged!
10-16 20:51:52.028  8176  8484 I BatteryMgr:DataCollectionService: stats => 1697482312028,0,4313,-22,0,100
10-16 20:51:52.133  8176  8484 I BatteryMgr:DataCollectionService: stats => 1697482312133,0,4313,-22,0,100
10-16 20:51:52.136  3957  4128 D WifiService: getConnectionInfo uid=1000
10-16 20:51:52.240  8176  8484 I BatteryMgr:DataCollectionService: stats => 1697482312240,0,4313,-22,0,100
10-16 20:51:52.344  8176  8484 I BatteryMgr:DataCollectionService: stats => 1697482312344,0,4313,-22,0,100
10-16 20:51:52.449  8176  8484 I BatteryMgr:DataCollectionService: stats => 1697482312449,0,4313,-22,0,100
10-16 20:51:52.556  8176  8484 I BatteryMgr:DataCollectionService: stats => 1697482312556,0,4313,-22,0,100
10-16 20:51:52.574  2479  2548 D ScanRecord: Not a Multi Manu data
10-16 20:51:52.653  2479  2548 I chatty  : uid=1002(bluetooth) BT Service Call identical 180 lines
10-16 20:51:52.653  2479  2548 D ScanRecord: Not a Multi Manu data
10-16 20:51:52.660  8176  8484 I BatteryMgr:DataCollectionService: stats => 1697482312660,0,4313,-22,0,100
10-16 20:51:52.661  2479  2548 D ScanRecord: Not a Multi Manu data
10-16 20:51:52.765  2479  2548 I chatty  : uid=1002(bluetooth) BT Service Call identical 128 lines
10-16 20:51:52.765  2479  2548 D ScanRecord: Not a Multi Manu data
10-16 20:51:52.765  8176  8484 I BatteryMgr:DataCollectionService: stats => 1697482312765,0,4313,-22,0,100
10-16 20:51:52.765  2479  2548 D ScanRecord: Not a Multi Manu data
10-16 20:51:52.873  2479  2548 I chatty  : uid=1002(bluetooth) BT Service Call identical 312 lines
10-16 20:51:52.873  8176  8484 I BatteryMgr:DataCollectionService: stats => 1697482312873,0,4313,-22,0,100
10-16 20:51:52.873  2479  2548 D ScanRecord: Not a Multi Manu data
10-16 20:51:52.873  2479  2548 D ScanRecord: Not a Multi Manu data
10-16 20:51:52.899  2479  2548 I chatty  : uid=1002(bluetooth) BT Service Call identical 126 lines
10-16 20:51:52.899  2479  2548 D ScanRecord: Not a Multi Manu data
10-16 20:51:52.900  3957  4129 D WifiStateMachine:  ConnectedState !RSSI_PKTCNT_FETCH uid=1000 rt=451715797/1144700278 0 0 "ourhome" f4:6d:2f:12:cc:88 rssi=-44 f=5240 sc=60 link=433 tx=4.8, 0.0, 0.0  rx=8.6 bcn=535989 [on:0 tx:0 rx:0 period:999] from screen [on:419342 period:1785508] score=60
10-16 20:51:52.902  3957  4129 D WifiStateMachine:  L2ConnectedState !RSSI_PKTCNT_FETCH uid=1000 rt=451715798/1144700279 0 0 "ourhome" f4:6d:2f:12:cc:88 rssi=-44 f=5240 sc=60 link=433 tx=4.8, 0.0, 0.0  rx=8.6 bcn=535989 [on:0 tx:0 rx:0 period:1] from screen [on:419342 period:1785509] score=60
10-16 20:51:52.903  3957  4129 D WifiStateMachine: fetchRssiLinkSpeedAndFrequencyNative rssi=-50 linkspeed=433 freq=5240
10-16 20:51:52.907  2479  2548 D ScanRecord: Not a Multi Manu data
10-16 20:51:52.975  2479  2548 I chatty  : uid=1002(bluetooth) BT Service Call identical 128 lines
10-16 20:51:52.975  2479  2548 D ScanRecord: Not a Multi Manu data
10-16 20:51:52.977  8176  8484 I BatteryMgr:DataCollectionService: stats => 1697482312977,0,4313,-22,0,100
10-16 20:51:52.980  2479  2548 D ScanRecord: Not a Multi Manu data
10-16 20:51:53.053  2479  2548 I chatty  : uid=1002(bluetooth) BT Service Call identical 154 lines
10-16 20:51:53.053  2479  2548 D ScanRecord: Not a Multi Manu data
10-16 20:51:53.081  8176  8484 I BatteryMgr:DataCollectionService: stats => 1697482313081,0,4313,-22,0,100
10-16 20:51:53.138  3957  4128 D WifiService: getConnectionInfo uid=1000
10-16 20:51:53.143  4961  4961 D io_stats: !@ 179,0 r 7164877 229011228 w 1513474 31641972 d 122156 32932712 f 352411 371412 iot 3127588 2739396 th 51200 0 0 pt 0 inp 0 0 451716.040
10-16 20:51:53.187  8176  8484 I BatteryMgr:DataCollectionService: stats => 1697482313187,0,4313,-22,0,100
10-16 20:51:53.292  8176  8484 I BatteryMgr:DataCollectionService: stats => 1697482313292,0,4313,-22,0,100
10-16 20:51:53.397  8176  8484 I BatteryMgr:DataCollectionService: stats => 1697482313397,0,4313,-22,0,100
10-16 20:51:53.501  8176  8484 I BatteryMgr:DataCollectionService: stats => 1697482313501,0,4313,-22,0,100
10-16 20:51:53.608  8176  8484 I BatteryMgr:DataCollectionService: stats => 1697482313608,0,4313,-22,0,100
10-16 20:51:53.711  8176  8484 I BatteryMgr:DataCollectionService: stats => 1697482313711,0,4313,-22,0,100
10-16 20:51:53.816  8176  8484 I BatteryMgr:DataCollectionService: stats => 1697482313816,0,4313,-22,0,100
10-16 20:51:53.903  3957  4129 D WifiStateMachine:  ConnectedState !RSSI_PKTCNT_FETCH uid=1000 rt=451716799/1144701280 0 0 "ourhome" f4:6d:2f:12:cc:88 rssi=-50 f=5240 sc=60 link=433 tx=4.8, 0.0, 0.0  rx=8.6 bcn=535989 [on:0 tx:0 rx:0 period:1002] from screen [on:419342 period:1786511] score=60
10-16 20:51:53.905  3957  4129 D WifiStateMachine:  L2ConnectedState !RSSI_PKTCNT_FETCH uid=1000 rt=451716801/1144701282 0 0 "ourhome" f4:6d:2f:12:cc:88 rssi=-50 f=5240 sc=60 link=433 tx=4.8, 0.0, 0.0  rx=8.6 bcn=535989 [on:0 tx:0 rx:0 period:2] from screen [on:419342 period:1786513] score=60
10-16 20:51:53.907  3957  4129 D WifiStateMachine: fetchRssiLinkSpeedAndFrequencyNative rssi=-45 linkspeed=433 freq=5240
10-16 20:51:53.921  8176  8484 I BatteryMgr:DataCollectionService: stats => 1697482313921,0,4313,-22,0,100
10-16 20:51:54.028  8176  8484 I BatteryMgr:DataCollectionService: stats => 1697482314028,0,4313,-22,0,100
10-16 20:51:54.134  8176  8484 I BatteryMgr:DataCollectionService: stats => 1697482314133,0,4313,-22,0,100
10-16 20:51:54.140  3957  4128 D WifiService: getConnectionInfo uid=1000
10-16 20:51:54.239  8176  8484 I BatteryMgr:DataCollectionService: stats => 1697482314239,0,4313,-22,0,100
10-16 20:51:54.343  8176  8484 I BatteryMgr:DataCollectionService: stats => 1697482314343,0,4313,-22,0,100
10-16 20:51:54.447  8176  8484 I BatteryMgr:DataCollectionService: stats => 1697482314447,0,4313,-22,0,100
10-16 20:51:54.552  3957  4129 D WifiStateMachine:  ConnectedState !CMD_RSSI_POLL rt=451717449/1144701929 70 0 "ourhome" f4:6d:2f:12:cc:88 rssi=-45 f=5240 sc=60 link=433 tx=4.8, 0.0, 0.0  rx=8.6 bcn=535989 [on:0 tx:0 rx:0 period:647] from screen [on:419342 period:1787160] score=60
10-16 20:51:54.553  3957  4129 D WifiStateMachine:  L2ConnectedState !CMD_RSSI_POLL rt=451717450/1144701930 70 0 "ourhome" f4:6d:2f:12:cc:88 rssi=-45 f=5240 sc=60 link=433 tx=4.8, 0.0, 0.0  rx=8.6 bcn=535989 [on:0 tx:0 rx:0 period:1] from screen [on:419342 period:1787161] score=60
10-16 20:51:54.553  8176  8484 I BatteryMgr:DataCollectionService: stats => 1697482314553,0,4313,-22,0,100
10-16 20:51:54.553  3957  4129 D WifiStateMachine:  get link layer stats 3
10-16 20:51:54.554  3436  3436 I android.hardware.wifi@1.0-service: getLinkLayerStats
10-16 20:51:54.567  3957  4129 D WifiStateMachine: fetchRssiLinkSpeedAndFrequencyNative rssi=-44 linkspeed=433 freq=5240
10-16 20:51:54.569  4340  4340 E SignalClusterView: setSlotFocusVisible : subId -2
10-16 20:51:54.569  4340  4340 E SignalClusterView: setSlotFocusVisible : subId -2
10-16 20:51:54.659  8176  8484 I BatteryMgr:DataCollectionService: stats => 1697482314659,0,4313,-22,0,100
10-16 20:51:54.765  8176  8484 I BatteryMgr:DataCollectionService: stats => 1697482314765,0,4313,-22,0,100
10-16 20:51:54.870  8176  8484 I BatteryMgr:DataCollectionService: stats => 1697482314870,0,4313,-22,0,100
10-16 20:51:54.904  3957  4129 D WifiStateMachine:  ConnectedState !RSSI_PKTCNT_FETCH uid=1000 rt=451717800/1144702281 0 0 "ourhome" f4:6d:2f:12:cc:88 rssi=-44 f=5240 sc=60 link=433 tx=1.8, 0.0, 0.0  rx=14.6 bcn=536016 [on:0 tx:0 rx:0 period:334] from screen [on:419460 period:1787511] score=60
10-16 20:51:54.905  3957  4129 D WifiStateMachine:  L2ConnectedState !RSSI_PKTCNT_FETCH uid=1000 rt=451717801/1144702282 0 0 "ourhome" f4:6d:2f:12:cc:88 rssi=-44 f=5240 sc=60 link=433 tx=1.8, 0.0, 0.0  rx=14.6 bcn=536016 [on:0 tx:0 rx:0 period:2] from screen [on:419460 period:1787513] score=60
10-16 20:51:54.911  3957  4129 D WifiStateMachine: fetchRssiLinkSpeedAndFrequencyNative rssi=-44 linkspeed=433 freq=5240
10-16 20:51:54.974  8176  8484 I BatteryMgr:DataCollectionService: stats => 1697482314974,0,4313,-22,0,100
10-16 20:51:54.996  3957  6478 D SSRM:k  : SIOP:: AP = 440, PST = 410 (W:12), BAT = 282, USB = 0, CHG = 0
10-16 20:51:55.006  3957  6478 D ac      : broadcastSiopLevelIntent:: currentSiopLevel = 1
10-16 20:51:55.010  3957  6478 D TelephonyManager: getAllCellInfo : Caller (PID / UID / TID): 3957 / 1000 / 6478
10-16 20:51:55.012  2629  2629 I [SC]SCloudReceiver: onReceive: com.samsung.intent.action.CHECK_SIOP_LEVEL
10-16 20:51:55.015  2629  2629 I [SC]DetectorReceiver: onReceive [com.samsung.intent.action.CHECK_SIOP_LEVEL]
10-16 20:51:55.015  2629  2629 I [SC]AccountUtil: Samsung Account Not Logged in
10-16 20:51:55.035  3957  6478 D WifiService: getConnectionInfo uid=1000
10-16 20:51:55.043  3957  6478 I SensorService: createSensorEventConnection package name f.z
10-16 20:51:55.043  3957  6478 D SensorService: Calling batch handle==3 flags=0 rate=200000000 timeout== 0
10-16 20:51:55.044  3434  4028 I Sensors : ProximitySensor:enable: handle 3, en 1, old_en 0
10-16 20:51:55.079  8176  8484 I BatteryMgr:DataCollectionService: stats => 1697482315079,0,4313,-22,0,100
10-16 20:51:55.104  3957  6478 D SensorManager: registerListener :: 3, STK3013 Proximity, 200000, 0,  
10-16 20:51:55.104  3434  4028 I Sensors : ProximitySensor:readEvents: value 8(cm)
10-16 20:51:55.105  3957  3957 D SensorManager: Proximity, val = 8.0  [far]
10-16 20:51:55.105  3957  3957 D SensorService: Calling activate off 3
10-16 20:51:55.106  3434  3434 I Sensors : ProximitySensor:enable: handle 3, en 0, old_en 1
10-16 20:51:55.108  3957  3957 D SensorManager: unregisterListener ::   
10-16 20:51:55.142  3957  4128 D WifiService: getConnectionInfo uid=1000
10-16 20:51:55.185  8176  8484 I BatteryMgr:DataCollectionService: stats => 1697482315185,0,4313,-22,0,100
10-16 20:51:55.294  8176  8484 I BatteryMgr:DataCollectionService: stats => 1697482315294,0,4313,-22,0,100
10-16 20:51:55.310  8221  8232 I zygote64: Background concurrent copying GC freed 266390(8MB) AllocSpace objects, 0(0B) LOS objects, 49% free, 6MB/12MB, paused 2.324ms total 146.377ms
10-16 20:51:55.398  8176  8484 I BatteryMgr:DataCollectionService: stats => 1697482315398,0,4313,-22,0,100
10-16 20:51:55.503  8176  8484 I BatteryMgr:DataCollectionService: stats => 1697482315503,0,4313,-22,0,100
10-16 20:51:55.608  8176  8484 I BatteryMgr:DataCollectionService: stats => 1697482315608,0,4313,-22,0,100
10-16 20:51:55.712  8176  8484 I BatteryMgr:DataCollectionService: stats => 1697482315712,0,4313,-22,0,100
10-16 20:51:55.817  8176  8484 I BatteryMgr:DataCollectionService: stats => 1697482315816,0,4313,-22,0,100
10-16 20:51:55.906  3957  4129 D WifiStateMachine:  ConnectedState !RSSI_PKTCNT_FETCH uid=1000 rt=451718802/1144703283 0 0 "ourhome" f4:6d:2f:12:cc:88 rssi=-44 f=5240 sc=60 link=433 tx=1.8, 0.0, 0.0  rx=14.6 bcn=536016 [on:0 tx:0 rx:0 period:1001] from screen [on:419460 period:1788514] score=60
10-16 20:51:55.908  3957  4129 D WifiStateMachine:  L2ConnectedState !RSSI_PKTCNT_FETCH uid=1000 rt=451718804/1144703285 0 0 "ourhome" f4:6d:2f:12:cc:88 rssi=-44 f=5240 sc=60 link=433 tx=1.8, 0.0, 0.0  rx=14.6 bcn=536016 [on:0 tx:0 rx:0 period:2] from screen [on:419460 period:1788516] score=60
10-16 20:51:55.913  3957  4129 D WifiStateMachine: fetchRssiLinkSpeedAndFrequencyNative rssi=-44 linkspeed=433 freq=5240
10-16 20:51:55.921  8176  8484 I BatteryMgr:DataCollectionService: stats => 1697482315921,0,4313,-22,0,100
10-16 20:51:56.026  8176  8484 I BatteryMgr:DataCollectionService: stats => 1697482316026,0,4313,-22,0,100
10-16 20:51:56.132  8176  8484 I BatteryMgr:DataCollectionService: stats => 1697482316132,0,4313,-22,0,100
10-16 20:51:56.144  3957  4128 D WifiService: getConnectionInfo uid=1000
10-16 20:51:56.237  8176  8484 I BatteryMgr:DataCollectionService: stats => 1697482316237,0,4313,-22,0,100
10-16 20:51:56.342  8176  8484 I BatteryMgr:DataCollectionService: stats => 1697482316341,0,4313,-22,0,100
10-16 20:51:56.447  8176  8484 I BatteryMgr:DataCollectionService: stats => 1697482316447,0,4313,-22,0,100
10-16 20:51:56.554  8176  8484 I BatteryMgr:DataCollectionService: stats => 1697482316554,0,4313,-22,0,100
10-16 20:51:56.662  8176  8484 I BatteryMgr:DataCollectionService: stats => 1697482316662,0,4313,-22,0,100
10-16 20:51:56.768  8176  8484 I BatteryMgr:DataCollectionService: stats => 1697482316768,0,4313,-22,0,100
10-16 20:51:56.876  8176  8484 I BatteryMgr:DataCollectionService: stats => 1697482316876,0,4313,-22,0,100
10-16 20:51:56.907  3957  4129 D WifiStateMachine:  ConnectedState !RSSI_PKTCNT_FETCH uid=1000 rt=451719804/1144704284 0 0 "ourhome" f4:6d:2f:12:cc:88 rssi=-44 f=5240 sc=60 link=433 tx=1.8, 0.0, 0.0  rx=14.6 bcn=536016 [on:0 tx:0 rx:0 period:999] from screen [on:419460 period:1789515] score=60
10-16 20:51:56.908  3957  4129 D WifiStateMachine:  L2ConnectedState !RSSI_PKTCNT_FETCH uid=1000 rt=451719805/1144704286 0 0 "ourhome" f4:6d:2f:12:cc:88 rssi=-44 f=5240 sc=60 link=433 tx=1.8, 0.0, 0.0  rx=14.6 bcn=536016 [on:0 tx:0 rx:0 period:1] from screen [on:419460 period:1789516] score=60
10-16 20:51:56.914  3957  4129 D WifiStateMachine: fetchRssiLinkSpeedAndFrequencyNative rssi=-43 linkspeed=433 freq=5240
10-16 20:51:56.982  8176  8484 I BatteryMgr:DataCollectionService: stats => 1697482316982,0,4313,-22,0,100
10-16 20:51:57.086  8176  8484 I BatteryMgr:DataCollectionService: stats => 1697482317086,0,4313,-22,0,100
10-16 20:51:57.145  3957  4128 D WifiService: getConnectionInfo uid=1000
10-16 20:51:57.191  8176  8484 I BatteryMgr:DataCollectionService: stats => 1697482317191,0,4313,-22,0,100
10-16 20:51:57.295  8176  8484 I BatteryMgr:DataCollectionService: stats => 1697482317295,0,4313,-22,0,100
10-16 20:51:57.400  8176  8484 I BatteryMgr:DataCollectionService: stats => 1697482317400,0,4313,-22,0,100
10-16 20:51:57.506  8176  8484 I BatteryMgr:DataCollectionService: stats => 1697482317506,0,4313,-22,0,100
10-16 20:51:57.563  2479  2548 D ScanRecord: Not a Multi Manu data
10-16 20:51:57.569  2479  2548 I chatty  : uid=1002(bluetooth) BT Service Call identical 24 lines
10-16 20:51:57.569  2479  2548 D ScanRecord: Not a Multi Manu data
10-16 20:51:57.570  3957  4129 D WifiStateMachine:  ConnectedState !CMD_RSSI_POLL rt=451720466/1144704947 70 0 "ourhome" f4:6d:2f:12:cc:88 rssi=-43 f=5240 sc=60 link=433 tx=1.8, 0.0, 0.0  rx=14.6 bcn=536016 [on:0 tx:0 rx:0 period:662] from screen [on:419460 period:1790178] score=60
10-16 20:51:57.573  3957  4129 D WifiStateMachine:  L2ConnectedState !CMD_RSSI_POLL rt=451720468/1144704949 70 0 "ourhome" f4:6d:2f:12:cc:88 rssi=-43 f=5240 sc=60 link=433 tx=1.8, 0.0, 0.0  rx=14.6 bcn=536016 [on:0 tx:0 rx:0 period:3] from screen [on:419460 period:1790181] score=60
10-16 20:51:57.573  3957  4129 D WifiStateMachine:  get link layer stats 3
10-16 20:51:57.574  3436  3436 I android.hardware.wifi@1.0-service: getLinkLayerStats
10-16 20:51:57.581  2479  2548 D ScanRecord: Not a Multi Manu data
10-16 20:51:57.581  2479  2548 I chatty  : uid=1002(bluetooth) BT Service Call identical 11 lines
10-16 20:51:57.581  2479  2548 D ScanRecord: Not a Multi Manu data
10-16 20:51:57.582  3957  4129 D WifiStateMachine: fetchRssiLinkSpeedAndFrequencyNative rssi=-45 linkspeed=433 freq=5240
10-16 20:51:57.583  2479  2548 D ScanRecord: Not a Multi Manu data
10-16 20:51:57.585  2479  2548 I chatty  : uid=1002(bluetooth) BT Service Call identical 24 lines
10-16 20:51:57.585  2479  2548 D ScanRecord: Not a Multi Manu data
10-16 20:51:57.586  4340  4340 E SignalClusterView: setSlotFocusVisible : subId -2
10-16 20:51:57.586  4340  4340 E SignalClusterView: setSlotFocusVisible : subId -2
10-16 20:51:57.588  2479  2548 D ScanRecord: Not a Multi Manu data
10-16 20:51:57.611  2479  2548 I chatty  : uid=1002(bluetooth) BT Service Call identical 89 lines
10-16 20:51:57.611  2479  2548 D ScanRecord: Not a Multi Manu data
10-16 20:51:57.613  8176  8484 I BatteryMgr:DataCollectionService: stats => 1697482317613,0,4313,-22,0,100
10-16 20:51:57.617  2479  2548 D ScanRecord: Not a Multi Manu data
10-16 20:51:57.717  2479  2548 I chatty  : uid=1002(bluetooth) BT Service Call identical 245 lines
10-16 20:51:57.717  2479  2548 D ScanRecord: Not a Multi Manu data
10-16 20:51:57.720  8176  8484 I BatteryMgr:DataCollectionService: stats => 1697482317720,0,4313,-22,0,100
10-16 20:51:57.730  2479  2548 D ScanRecord: Not a Multi Manu data
10-16 20:51:57.788  2479  2548 I chatty  : uid=1002(bluetooth) BT Service Call identical 128 lines
10-16 20:51:57.788  2479  2548 D ScanRecord: Not a Multi Manu data
10-16 20:51:57.789  3957  4030 D SensorService: [SO] 0.153 -0.091 9.993
10-16 20:51:57.794  2479  2548 D ScanRecord: Not a Multi Manu data
10-16 20:51:57.825  2479  2548 I chatty  : uid=1002(bluetooth) BT Service Call identical 89 lines
10-16 20:51:57.825  2479  2548 D ScanRecord: Not a Multi Manu data
10-16 20:51:57.826  8176  8484 I BatteryMgr:DataCollectionService: stats => 1697482317826,0,4313,-22,0,100
10-16 20:51:57.830  2479  2548 D ScanRecord: Not a Multi Manu data
10-16 20:51:57.906  2479  2548 I chatty  : uid=1002(bluetooth) BT Service Call identical 102 lines
10-16 20:51:57.906  2479  2548 D ScanRecord: Not a Multi Manu data
10-16 20:51:57.907  3957  4129 D WifiStateMachine:  ConnectedState !RSSI_PKTCNT_FETCH uid=1000 rt=451720804/1144705284 0 0 "ourhome" f4:6d:2f:12:cc:88 rssi=-45 f=5240 sc=60 link=433 tx=4.4, 0.0, 0.0  rx=9.1 bcn=536040 [on:0 tx:0 rx:0 period:322] from screen [on:419612 period:1790515] score=60
10-16 20:51:57.909  3957  4129 D WifiStateMachine:  L2ConnectedState !RSSI_PKTCNT_FETCH uid=1000 rt=451720805/1144705286 0 0 "ourhome" f4:6d:2f:12:cc:88 rssi=-45 f=5240 sc=60 link=433 tx=4.4, 0.0, 0.0  rx=9.1 bcn=536040 [on:0 tx:0 rx:0 period:1] from screen [on:419612 period:1790516] score=60
10-16 20:51:57.910  3957  4129 D WifiStateMachine: fetchRssiLinkSpeedAndFrequencyNative rssi=-44 linkspeed=433 freq=5240
10-16 20:51:57.916  2479  2548 D ScanRecord: Not a Multi Manu data
10-16 20:51:57.923  2479  2548 I chatty  : uid=1002(bluetooth) BT Service Call identical 50 lines
10-16 20:51:57.923  2479  2548 D ScanRecord: Not a Multi Manu data
10-16 20:51:57.929  8176  8484 I BatteryMgr:DataCollectionService: stats => 1697482317929,0,4313,-22,0,100
10-16 20:51:57.933  2479  2548 D ScanRecord: Not a Multi Manu data
10-16 20:51:58.029  2479  2548 I chatty  : uid=1002(bluetooth) BT Service Call identical 232 lines
10-16 20:51:58.029  2479  2548 D ScanRecord: Not a Multi Manu data
10-16 20:51:58.035  8176  8484 I BatteryMgr:DataCollectionService: stats => 1697482318034,0,4313,-22,0,100
10-16 20:51:58.043  2479  2548 D ScanRecord: Not a Multi Manu data
10-16 20:51:58.051  2479  2548 I chatty  : uid=1002(bluetooth) BT Service Call identical 24 lines
10-16 20:51:58.051  2479  2548 D ScanRecord: Not a Multi Manu data
10-16 20:51:58.138  8176  8484 I BatteryMgr:DataCollectionService: stats => 1697482318138,0,4313,-22,0,100
10-16 20:51:58.144  4961  4961 D io_stats: !@ 179,0 r 7164877 229011228 w 1513487 31642160 d 122157 32932788 f 352412 371413 iot 3127600 2739404 th 51200 0 0 pt 0 inp 0 0 451721.041
10-16 20:51:58.147  3957  4128 D WifiService: getConnectionInfo uid=1000
10-16 20:51:58.150  2495  2495 D BoundBrokerSvc: onUnbind: Intent { act=com.google.android.gms.safetynet.service.START pkg=com.google.android.gms }
10-16 20:51:58.244  8176  8484 I BatteryMgr:DataCollectionService: stats => 1697482318244,0,4313,-22,0,100
10-16 20:51:58.350  8176  8484 I BatteryMgr:DataCollectionService: stats => 1697482318350,0,4313,-22,0,100
10-16 20:51:58.455  8176  8484 I BatteryMgr:DataCollectionService: stats => 1697482318455,0,4313,-22,0,100
10-16 20:51:58.562  8176  8484 I BatteryMgr:DataCollectionService: stats => 1697482318561,0,4313,-22,0,100
10-16 20:51:58.666  8176  8484 I BatteryMgr:DataCollectionService: stats => 1697482318666,0,4313,-22,0,100
10-16 20:51:58.770  8176  8484 I BatteryMgr:DataCollectionService: stats => 1697482318770,0,4313,-22,0,100
10-16 20:51:58.875  8176  8484 I BatteryMgr:DataCollectionService: stats => 1697482318875,0,4313,-22,0,100
10-16 20:51:58.908  3957  4129 D WifiStateMachine:  ConnectedState !RSSI_PKTCNT_FETCH uid=1000 rt=451721805/1144706285 0 0 "ourhome" f4:6d:2f:12:cc:88 rssi=-44 f=5240 sc=60 link=433 tx=4.4, 0.0, 0.0  rx=9.1 bcn=536040 [on:0 tx:0 rx:0 period:1000] from screen [on:419612 period:1791516] score=60
10-16 20:51:58.909  3957  4129 D WifiStateMachine:  L2ConnectedState !RSSI_PKTCNT_FETCH uid=1000 rt=451721806/1144706287 0 0 "ourhome" f4:6d:2f:12:cc:88 rssi=-44 f=5240 sc=60 link=433 tx=4.4, 0.0, 0.0  rx=9.1 bcn=536040 [on:0 tx:0 rx:0 period:1] from screen [on:419612 period:1791517] score=60
10-16 20:51:58.915  3957  4129 D WifiStateMachine: fetchRssiLinkSpeedAndFrequencyNative rssi=-44 linkspeed=433 freq=5240
10-16 20:51:58.983  8176  8484 I BatteryMgr:DataCollectionService: stats => 1697482318983,0,4313,-22,0,100
10-16 20:51:59.087  8176  8484 I BatteryMgr:DataCollectionService: stats => 1697482319087,0,4313,-22,0,100
10-16 20:51:59.149  3957  4128 D WifiService: getConnectionInfo uid=1000
10-16 20:51:59.193  8176  8484 I BatteryMgr:DataCollectionService: stats => 1697482319193,0,4313,-22,0,100
10-16 20:51:59.298  8176  8484 I BatteryMgr:DataCollectionService: stats => 1697482319298,0,4313,-22,0,100
10-16 20:51:59.405  8176  8484 I BatteryMgr:DataCollectionService: stats => 1697482319405,0,4313,-22,0,100
10-16 20:51:59.509  8176  8484 I BatteryMgr:DataCollectionService: stats => 1697482319509,0,4313,-22,0,100
10-16 20:51:59.613  8176  8484 I BatteryMgr:DataCollectionService: stats => 1697482319613,0,4313,-22,0,100
10-16 20:51:59.718  8176  8484 I BatteryMgr:DataCollectionService: stats => 1697482319718,0,4313,-22,0,100
10-16 20:51:59.823  8176  8484 I BatteryMgr:DataCollectionService: stats => 1697482319823,0,4313,-22,0,100
10-16 20:51:59.909  3957  4129 D WifiStateMachine:  ConnectedState !RSSI_PKTCNT_FETCH uid=1000 rt=451722805/1144707286 0 0 "ourhome" f4:6d:2f:12:cc:88 rssi=-44 f=5240 sc=60 link=433 tx=4.4, 0.0, 0.0  rx=9.1 bcn=536040 [on:0 tx:0 rx:0 period:1000] from screen [on:419612 period:1792517] score=60
10-16 20:51:59.910  3957  4129 D WifiStateMachine:  L2ConnectedState !RSSI_PKTCNT_FETCH uid=1000 rt=451722807/1144707287 0 0 "ourhome" f4:6d:2f:12:cc:88 rssi=-44 f=5240 sc=60 link=433 tx=4.4, 0.0, 0.0  rx=9.1 bcn=536040 [on:0 tx:0 rx:0 period:0] from screen [on:419612 period:1792517] score=60
10-16 20:51:59.911  3957  4129 D WifiStateMachine: fetchRssiLinkSpeedAndFrequencyNative rssi=-43 linkspeed=433 freq=5240
10-16 20:51:59.930  8176  8484 I BatteryMgr:DataCollectionService: stats => 1697482319930,0,4313,-22,0,100
10-16 20:51:59.999  3957  4045 D SamsungAlarmManager: Expired : 8
10-16 20:52:00.000  3957  4045 V SamsungAlarmManager: Sending to uid : 1000 action=android.intent.action.TIME_TICK alarm=Alarm{361d9e5 type 3 when 1144707378 android}
10-16 20:52:00.001  3957  4045 V SamsungAlarmManager: Sending to uid : 10074 action=com.samsung.action.EVERY_MINUTE_CLOCK_UPDATE alarm=Alarm{fc376b type 1 when 1697482320000 com.sec.android.app.launcher}
10-16 20:52:00.003  3957  3957 D SamsungAlarmManager: setExact Intent (T:3/F:1/AC:false) 20231016T205300 - CU:1000/CP:3957
10-16 20:52:00.003  3957  3957 I SamsungAlarmManager: setLocked to kernel - T:3 / 20231016T205259, SetElapsed=1144767378, nowELAPSED=1144707382
10-16 20:52:00.003   426   426 I Launcher: onReceive: com.samsung.action.EVERY_MINUTE_CLOCK_UPDATE
10-16 20:52:00.005  4340  4340 D KeyguardUpdateMonitor: received broadcast android.intent.action.TIME_TICK
10-16 20:52:00.006  4340  4340 D KeyguardServiceBoxContainer: refreshTime() 1
10-16 20:52:00.009  3957 14957 D SamsungAlarmManager: setInexact Intent (T:1/F:0/AC:false) 20231016T205300 - CU:10074/CP:426
10-16 20:52:00.010   426   426 I IconView: applyFromShortcutInfo - start GetLive : com.samsung.android.calendar
10-16 20:52:00.010   426   426 I BitmapCacheContainer: getBitmapCache: BitmapCache expired com.samsung.android.calendar/UserHandle{0}
10-16 20:52:00.015   426   426 D ApplicationPackageManager: we has com.samsung.android.calendar class. reuse it 
10-16 20:52:00.030  4340  4340 D KeyguardUpdateMonitor: handleStatusBarState( false )
10-16 20:52:00.034   426   426 I ApplicationPackageManager: load= live icon for com.samsung.android.calendar, from overlay = false
10-16 20:52:00.035   426   426 I LiveIconManager: getLiveIcon: complete(sync_created)
10-16 20:52:00.035   426   426 I IconView: applyFromShortcutInfo - end GetLive : com.samsung.android.calendar
10-16 20:52:00.036   426   426 I IconView: applyFromApplicationInfo - start GetLive : com.sec.android.app.clockpackage
10-16 20:52:00.037  8176  8484 I BatteryMgr:DataCollectionService: stats => 1697482320037,0,4313,-22,0,100
10-16 20:52:00.039   426   426 D ApplicationPackageManager: we has com.sec.android.app.clockpackage class. reuse it 
10-16 20:52:00.039   426   426 D LiveIconLoader: getLiveIcon was called in ClockPackage
10-16 20:52:00.040   426   426 D LiveIconLoader: getLiveIcon res = com.sec.android.app.clockpackage
10-16 20:52:00.041   426   426 D LiveIconLoader: stdIconSize : 84 , targetIconSize : 94
10-16 20:52:00.041   426   426 D LiveIconLoader: mIconDpi : 320 , mTargetIconDpi : 280
10-16 20:52:00.050   426   426 I ApplicationPackageManager: load= live icon for com.sec.android.app.clockpackage, from overlay = false
10-16 20:52:00.051   426   426 I LiveIconManager: getLiveIcon: complete(sync_created)
10-16 20:52:00.052   426   426 I IconView: applyFromApplicationInfo - end GetLive : com.sec.android.app.clockpackage
10-16 20:52:00.052   426   426 I IconView: applyFromApplicationInfo - start GetLive : com.samsung.android.calendar
10-16 20:52:00.052   426   426 I IconView: applyFromApplicationInfo - end GetLive : com.samsung.android.calendar
10-16 20:52:00.061  4340  4340 D KeyguardUpdateMonitor: handleStatusBarState( false )
10-16 20:52:00.142  8176  8484 I BatteryMgr:DataCollectionService: stats => 1697482320142,0,4313,-22,0,100
10-16 20:52:00.151  3957  4128 D WifiService: getConnectionInfo uid=1000
10-16 20:52:00.247  8176  8484 I BatteryMgr:DataCollectionService: stats => 1697482320247,0,4313,-22,0,100
10-16 20:52:00.350  8176  8484 I BatteryMgr:DataCollectionService: stats => 1697482320350,0,4313,-22,0,100
10-16 20:52:00.456  8176  8484 I BatteryMgr:DataCollectionService: stats => 1697482320456,0,4313,-22,0,100
10-16 20:52:00.563  8176  8484 I BatteryMgr:DataCollectionService: stats => 1697482320563,0,4313,-22,0,100
10-16 20:52:00.585  3957  4129 D WifiStateMachine:  ConnectedState !CMD_RSSI_POLL rt=451723481/1144707962 70 0 "ourhome" f4:6d:2f:12:cc:88 rssi=-43 f=5240 sc=60 link=433 tx=4.4, 0.0, 0.0  rx=9.1 bcn=536040 [on:0 tx:0 rx:0 period:676] from screen [on:419612 period:1793193] score=60
10-16 20:52:00.587  3957  4129 D WifiStateMachine:  L2ConnectedState !CMD_RSSI_POLL rt=451723482/1144707963 70 0 "ourhome" f4:6d:2f:12:cc:88 rssi=-43 f=5240 sc=60 link=433 tx=4.4, 0.0, 0.0  rx=9.1 bcn=536040 [on:0 tx:0 rx:0 period:2] from screen [on:419612 period:1793195] score=60
10-16 20:52:00.587  3957  4129 D WifiStateMachine:  get link layer stats 3
10-16 20:52:00.587  3436  3436 I android.hardware.wifi@1.0-service: getLinkLayerStats
10-16 20:52:00.590  3957  4129 D WifiStateMachine: fetchRssiLinkSpeedAndFrequencyNative rssi=-43 linkspeed=433 freq=5240
10-16 20:52:00.594  4340  4340 E SignalClusterView: setSlotFocusVisible : subId -2
10-16 20:52:00.594  4340  4340 E SignalClusterView: setSlotFocusVisible : subId -2
10-16 20:52:00.668  8176  8484 I BatteryMgr:DataCollectionService: stats => 1697482320668,0,4313,-22,0,100
10-16 20:52:00.773  8176  8484 I BatteryMgr:DataCollectionService: stats => 1697482320773,0,4313,-22,0,100
10-16 20:52:00.878  8176  8484 I BatteryMgr:DataCollectionService: stats => 1697482320878,0,4313,-22,0,100
10-16 20:52:00.909  3957  4129 D WifiStateMachine:  ConnectedState !RSSI_PKTCNT_FETCH uid=1000 rt=451723806/1144708286 0 0 "ourhome" f4:6d:2f:12:cc:88 rssi=-43 f=5240 sc=60 link=433 tx=1.6, 0.0, 0.0  rx=4.0 bcn=536068 [on:0 tx:0 rx:0 period:317] from screen [on:420030 period:1793517] score=60
10-16 20:52:00.910  3957  4129 D WifiStateMachine:  L2ConnectedState !RSSI_PKTCNT_FETCH uid=1000 rt=451723807/1144708288 0 0 "ourhome" f4:6d:2f:12:cc:88 rssi=-43 f=5240 sc=60 link=433 tx=1.6, 0.0, 0.0  rx=4.0 bcn=536068 [on:0 tx:0 rx:0 period:1] from screen [on:420030 period:1793518] score=60
10-16 20:52:00.911  3957  4129 D WifiStateMachine: fetchRssiLinkSpeedAndFrequencyNative rssi=-43 linkspeed=433 freq=5240
10-16 20:52:00.984  8176  8484 I BatteryMgr:DataCollectionService: stats => 1697482320984,0,4313,-22,0,100
10-16 20:52:01.089  8176  8484 I BatteryMgr:DataCollectionService: stats => 1697482321089,0,4313,-22,0,100
10-16 20:52:01.152  3957  4128 D WifiService: getConnectionInfo uid=1000
10-16 20:52:01.193  8176  8484 I BatteryMgr:DataCollectionService: stats => 1697482321193,0,4313,-22,0,100
10-16 20:52:01.299  8176  8484 I BatteryMgr:DataCollectionService: stats => 1697482321299,0,4313,-22,0,100
10-16 20:52:01.404  8176  8484 I BatteryMgr:DataCollectionService: stats => 1697482321404,0,4313,-22,0,100
10-16 20:52:01.508  8176  8484 I BatteryMgr:DataCollectionService: stats => 1697482321508,0,4313,-22,0,100
10-16 20:52:01.614  8176  8484 I BatteryMgr:DataCollectionService: stats => 1697482321614,0,4313,-22,0,100
10-16 20:52:01.718  8176  8484 I BatteryMgr:DataCollectionService: stats => 1697482321718,0,4313,-22,0,100
10-16 20:52:01.822  8176  8484 I BatteryMgr:DataCollectionService: stats => 1697482321822,0,4313,-22,0,100
10-16 20:52:01.910  3957  4129 D WifiStateMachine:  ConnectedState !RSSI_PKTCNT_FETCH uid=1000 rt=451724806/1144709287 0 0 "ourhome" f4:6d:2f:12:cc:88 rssi=-43 f=5240 sc=60 link=433 tx=1.6, 0.0, 0.0  rx=4.0 bcn=536068 [on:0 tx:0 rx:0 period:1000] from screen [on:420030 period:1794518] score=60
10-16 20:52:01.911  3957  4129 D WifiStateMachine:  L2ConnectedState !RSSI_PKTCNT_FETCH uid=1000 rt=451724808/1144709289 0 0 "ourhome" f4:6d:2f:12:cc:88 rssi=-43 f=5240 sc=60 link=433 tx=1.6, 0.0, 0.0  rx=4.0 bcn=536068 [on:0 tx:0 rx:0 period:1] from screen [on:420030 period:1794519] score=60
10-16 20:52:01.913  3957  4129 D WifiStateMachine: fetchRssiLinkSpeedAndFrequencyNative rssi=-43 linkspeed=433 freq=5240
10-16 20:52:01.926  8176  8484 I BatteryMgr:DataCollectionService: stats => 1697482321926,0,4313,-22,0,100
10-16 20:52:02.031  8176  8484 I BatteryMgr:DataCollectionService: stats => 1697482322031,46,4313,-9,0,100
10-16 20:52:02.137  8176  8484 I BatteryMgr:DataCollectionService: stats => 1697482322137,46,4313,-9,0,100
10-16 20:52:02.154  3957  4128 D WifiService: getConnectionInfo uid=1000
10-16 20:52:02.242  8176  8484 I BatteryMgr:DataCollectionService: stats => 1697482322242,46,4313,-9,0,100
10-16 20:52:02.348  8176  8484 I BatteryMgr:DataCollectionService: stats => 1697482322347,46,4313,-9,0,100
10-16 20:52:02.453  8176  8484 I BatteryMgr:DataCollectionService: stats => 1697482322453,46,4313,-9,0,100
10-16 20:52:02.457  3957 14957 D BatteryService: !@BatteryListener : batteryPropertiesChanged!
10-16 20:52:02.558  8176  8484 I BatteryMgr:DataCollectionService: stats => 1697482322558,46,4313,-9,0,100
10-16 20:52:02.560  2479  2548 D ScanRecord: Not a Multi Manu data
10-16 20:52:02.560  2479  2548 D BtGatt.GattService: onScanResult to scannerId: 5- event_type=0x1b, address_type=1, address=6C:B, primary_phy=1, secondary_phy=0, advertising_sid=0xff, tx_power=127, rssi=-99, periodic_adv_int=0x0
10-16 20:52:02.561  2479  2548 D ScanRecord: Not a Multi Manu data
10-16 20:52:02.654  2479  2548 I chatty  : uid=1002(bluetooth) BT Service Call identical 282 lines
10-16 20:52:02.654  2479  2548 D ScanRecord: Not a Multi Manu data
10-16 20:52:02.663  8176  8484 I BatteryMgr:DataCollectionService: stats => 1697482322663,46,4313,-9,0,100
10-16 20:52:02.663  2479  2548 D ScanRecord: Not a Multi Manu data
10-16 20:52:02.763  2479  2548 I chatty  : uid=1002(bluetooth) BT Service Call identical 245 lines
10-16 20:52:02.763  2479  2548 D ScanRecord: Not a Multi Manu data
10-16 20:52:02.768  8176  8484 I BatteryMgr:DataCollectionService: stats => 1697482322768,46,4313,-9,0,100
10-16 20:52:02.770  2479  2548 D ScanRecord: Not a Multi Manu data
10-16 20:52:02.875  2479  2548 I chatty  : uid=1002(bluetooth) BT Service Call identical 258 lines
10-16 20:52:02.875  2479  2548 D ScanRecord: Not a Multi Manu data
10-16 20:52:02.876  8176  8484 I BatteryMgr:DataCollectionService: stats => 1697482322876,46,4313,-9,0,100
10-16 20:52:02.888  2479  2548 D ScanRecord: Not a Multi Manu data
10-16 20:52:02.912  2479  2548 I chatty  : uid=1002(bluetooth) BT Service Call identical 89 lines
10-16 20:52:02.912  2479  2548 D ScanRecord: Not a Multi Manu data
10-16 20:52:02.912  3957  4129 D WifiStateMachine:  ConnectedState !RSSI_PKTCNT_FETCH uid=1000 rt=451725808/1144710289 0 0 "ourhome" f4:6d:2f:12:cc:88 rssi=-43 f=5240 sc=60 link=433 tx=1.6, 0.0, 0.0  rx=4.0 bcn=536068 [on:0 tx:0 rx:0 period:1001] from screen [on:420030 period:1795520] score=60
10-16 20:52:02.914  3957  4129 D WifiStateMachine:  L2ConnectedState !RSSI_PKTCNT_FETCH uid=1000 rt=451725810/1144710291 0 0 "ourhome" f4:6d:2f:12:cc:88 rssi=-43 f=5240 sc=60 link=433 tx=1.6, 0.0, 0.0  rx=4.0 bcn=536068 [on:0 tx:0 rx:0 period:1] from screen [on:420030 period:1795521] score=60
10-16 20:52:02.917  2479  2548 D ScanRecord: Not a Multi Manu data
10-16 20:52:02.918  2479  2548 I chatty  : uid=1002(bluetooth) BT Service Call identical 11 lines
10-16 20:52:02.918  2479  2548 D ScanRecord: Not a Multi Manu data
10-16 20:52:02.918  3957  4129 D WifiStateMachine: fetchRssiLinkSpeedAndFrequencyNative rssi=-42 linkspeed=433 freq=5240
10-16 20:52:02.923  2479  2548 D ScanRecord: Not a Multi Manu data
10-16 20:52:02.981  2479  2548 I chatty  : uid=1002(bluetooth) BT Service Call identical 154 lines
10-16 20:52:02.981  2479  2548 D ScanRecord: Not a Multi Manu data
10-16 20:52:02.981  8176  8484 I BatteryMgr:DataCollectionService: stats => 1697482322981,46,4313,-9,0,100
10-16 20:52:02.984  2479  2548 D ScanRecord: Not a Multi Manu data
10-16 20:52:03.050  2479  2548 I chatty  : uid=1002(bluetooth) BT Service Call identical 167 lines
10-16 20:52:03.050  2479  2548 D ScanRecord: Not a Multi Manu data
10-16 20:52:03.086  8176  8484 I BatteryMgr:DataCollectionService: stats => 1697482323086,46,4313,-9,0,100
10-16 20:52:03.146  4961  4961 D io_stats: !@ 179,0 r 7164882 229011444 w 1513500 31642348 d 122158 32932864 f 352413 371414 iot 3127600 2739412 th 51200 0 0 pt 0 inp 0 0 451726.043
10-16 20:52:03.156  3957  4128 D WifiService: getConnectionInfo uid=1000
10-16 20:52:03.192  8176  8484 I BatteryMgr:DataCollectionService: stats => 1697482323191,46,4313,-9,0,100
10-16 20:52:03.297  8176  8484 I BatteryMgr:DataCollectionService: stats => 1697482323297,46,4313,-9,0,100
10-16 20:52:03.402  8176  8484 I BatteryMgr:DataCollectionService: stats => 1697482323402,46,4313,-9,0,100
10-16 20:52:03.506  8176  8484 I BatteryMgr:DataCollectionService: stats => 1697482323506,46,4313,-9,0,100
10-16 20:52:03.592  3957  4129 D WifiStateMachine:  ConnectedState !CMD_RSSI_POLL rt=451726489/1144710970 70 0 "ourhome" f4:6d:2f:12:cc:88 rssi=-42 f=5240 sc=60 link=433 tx=1.6, 0.0, 0.0  rx=4.0 bcn=536068 [on:0 tx:0 rx:0 period:679] from screen [on:420030 period:1796200] score=60
10-16 20:52:03.593  3957  4129 D WifiStateMachine:  L2ConnectedState !CMD_RSSI_POLL rt=451726490/1144710971 70 0 "ourhome" f4:6d:2f:12:cc:88 rssi=-42 f=5240 sc=60 link=433 tx=1.6, 0.0, 0.0  rx=4.0 bcn=536068 [on:0 tx:0 rx:0 period:1] from screen [on:420030 period:1796201] score=60
10-16 20:52:03.593  3957  4129 D WifiStateMachine:  get link layer stats 3
10-16 20:52:03.593  3436  3436 I android.hardware.wifi@1.0-service: getLinkLayerStats
10-16 20:52:03.611  3957  4129 D WifiStateMachine: fetchRssiLinkSpeedAndFrequencyNative rssi=-41 linkspeed=433 freq=5240
10-16 20:52:03.612  8176  8484 I BatteryMgr:DataCollectionService: stats => 1697482323612,46,4313,-9,0,100
10-16 20:52:03.614  4340  4340 E SignalClusterView: setSlotFocusVisible : subId -2
10-16 20:52:03.614  4340  4340 E SignalClusterView: setSlotFocusVisible : subId -2
10-16 20:52:03.717  8176  8484 I BatteryMgr:DataCollectionService: stats => 1697482323717,46,4313,-9,0,100
10-16 20:52:03.821  8176  8484 I BatteryMgr:DataCollectionService: stats => 1697482323821,46,4313,-9,0,100
10-16 20:52:03.911  3957  4129 D WifiStateMachine:  ConnectedState !RSSI_PKTCNT_FETCH uid=1000 rt=451726808/1144711289 0 0 "ourhome" f4:6d:2f:12:cc:88 rssi=-41 f=5240 sc=60 link=433 tx=1.2, 0.0, 0.0  rx=5.3 bcn=536095 [on:0 tx:0 rx:0 period:298] from screen [on:420665 period:1796519] score=60
10-16 20:52:03.912  3957  4129 D WifiStateMachine:  L2ConnectedState !RSSI_PKTCNT_FETCH uid=1000 rt=451726809/1144711290 0 0 "ourhome" f4:6d:2f:12:cc:88 rssi=-41 f=5240 sc=60 link=433 tx=1.2, 0.0, 0.0  rx=5.3 bcn=536095 [on:0 tx:0 rx:0 period:1] from screen [on:420665 period:1796520] score=60
10-16 20:52:03.918  3957  4129 D WifiStateMachine: fetchRssiLinkSpeedAndFrequencyNative rssi=-41 linkspeed=433 freq=5240
10-16 20:52:03.926  8176  8484 I BatteryMgr:DataCollectionService: stats => 1697482323926,46,4313,-9,0,100
10-16 20:52:04.032  8176  8484 I BatteryMgr:DataCollectionService: stats => 1697482324031,46,4313,-9,0,100
10-16 20:52:04.136  8176  8484 I BatteryMgr:DataCollectionService: stats => 1697482324136,46,4313,-9,0,100
10-16 20:52:04.158  3957  4128 D WifiService: getConnectionInfo uid=1000
10-16 20:52:04.242  8176  8484 I BatteryMgr:DataCollectionService: stats => 1697482324242,46,4313,-9,0,100
10-16 20:52:04.348  8176  8484 I BatteryMgr:DataCollectionService: stats => 1697482324348,46,4313,-9,0,100
10-16 20:52:04.452  8176  8484 I BatteryMgr:DataCollectionService: stats => 1697482324452,46,4313,-9,0,100
10-16 20:52:04.557  8176  8484 I BatteryMgr:DataCollectionService: stats => 1697482324557,46,4313,-9,0,100
10-16 20:52:04.668  8176  8484 I BatteryMgr:DataCollectionService: stats => 1697482324668,46,4313,-9,0,100
10-16 20:52:04.774  8176  8484 I BatteryMgr:DataCollectionService: stats => 1697482324774,46,4313,-9,0,100
10-16 20:52:04.878  8176  8484 I BatteryMgr:DataCollectionService: stats => 1697482324877,46,4313,-9,0,100
10-16 20:52:04.913  3957  4129 D WifiStateMachine:  ConnectedState !RSSI_PKTCNT_FETCH uid=1000 rt=451727809/1144712290 0 0 "ourhome" f4:6d:2f:12:cc:88 rssi=-41 f=5240 sc=60 link=433 tx=1.2, 0.0, 0.0  rx=5.3 bcn=536095 [on:0 tx:0 rx:0 period:1001] from screen [on:420665 period:1797521] score=60
10-16 20:52:04.914  3957  4129 D WifiStateMachine:  L2ConnectedState !RSSI_PKTCNT_FETCH uid=1000 rt=451727811/1144712291 0 0 "ourhome" f4:6d:2f:12:cc:88 rssi=-41 f=5240 sc=60 link=433 tx=1.2, 0.0, 0.0  rx=5.3 bcn=536095 [on:0 tx:0 rx:0 period:1] from screen [on:420665 period:1797522] score=60
10-16 20:52:04.920  3957  4129 D WifiStateMachine: fetchRssiLinkSpeedAndFrequencyNative rssi=-41 linkspeed=433 freq=5240
10-16 20:52:04.982  8176  8484 I BatteryMgr:DataCollectionService: stats => 1697482324982,46,4313,-9,0,100
10-16 20:52:05.087  8176  8484 I BatteryMgr:DataCollectionService: stats => 1697482325087,46,4313,-9,0,100
10-16 20:52:05.108  3957  6478 D SSRM:k  : SIOP:: AP = 440, PST = 419 (W:12), BAT = 282, USB = 0, CHG = 0
10-16 20:52:05.160  3957  4128 D WifiService: getConnectionInfo uid=1000
10-16 20:52:05.193  8176  8484 I BatteryMgr:DataCollectionService: stats => 1697482325193,46,4313,-9,0,100
10-16 20:52:05.298  8176  8484 I BatteryMgr:DataCollectionService: stats => 1697482325298,46,4313,-9,0,100
10-16 20:52:05.405  8176  8484 I BatteryMgr:DataCollectionService: stats => 1697482325405,46,4313,-9,0,100
10-16 20:52:05.510  8176  8484 I BatteryMgr:DataCollectionService: stats => 1697482325510,46,4313,-9,0,100
10-16 20:52:05.616  8176  8484 I BatteryMgr:DataCollectionService: stats => 1697482325616,46,4313,-9,0,100
10-16 20:52:05.721  8176  8484 I BatteryMgr:DataCollectionService: stats => 1697482325721,46,4313,-9,0,100
10-16 20:52:05.828  8176  8484 I BatteryMgr:DataCollectionService: stats => 1697482325828,46,4313,-9,0,100
10-16 20:52:05.913  3957  4129 D WifiStateMachine:  ConnectedState !RSSI_PKTCNT_FETCH uid=1000 rt=451728810/1144713291 0 0 "ourhome" f4:6d:2f:12:cc:88 rssi=-41 f=5240 sc=60 link=433 tx=1.2, 0.0, 0.0  rx=5.3 bcn=536095 [on:0 tx:0 rx:0 period:999] from screen [on:420665 period:1798521] score=60
10-16 20:52:05.915  3957  4129 D WifiStateMachine:  L2ConnectedState !RSSI_PKTCNT_FETCH uid=1000 rt=451728811/1144713292 0 0 "ourhome" f4:6d:2f:12:cc:88 rssi=-41 f=5240 sc=60 link=433 tx=1.2, 0.0, 0.0  rx=5.3 bcn=536095 [on:0 tx:0 rx:0 period:2] from screen [on:420665 period:1798523] score=60
10-16 20:52:05.921  3957  4129 D WifiStateMachine: fetchRssiLinkSpeedAndFrequencyNative rssi=-42 linkspeed=433 freq=5240
10-16 20:52:05.933  8176  8484 I BatteryMgr:DataCollectionService: stats => 1697482325933,46,4313,-9,0,100
10-16 20:52:06.038  8176  8484 I BatteryMgr:DataCollectionService: stats => 1697482326038,46,4313,-9,0,100
10-16 20:52:06.142  8176  8484 I BatteryMgr:DataCollectionService: stats => 1697482326142,46,4313,-9,0,100
10-16 20:52:06.162  3957  4128 D WifiService: getConnectionInfo uid=1000
10-16 20:52:06.247  8176  8484 I BatteryMgr:DataCollectionService: stats => 1697482326247,46,4313,-9,0,100
10-16 20:52:06.351  8176  8484 I BatteryMgr:DataCollectionService: stats => 1697482326351,46,4313,-9,0,100
10-16 20:52:06.455  8176  8484 I BatteryMgr:DataCollectionService: stats => 1697482326455,46,4313,-9,0,100
10-16 20:52:06.560  8176  8484 I BatteryMgr:DataCollectionService: stats => 1697482326560,46,4313,-9,0,100
10-16 20:52:06.614  3957  4129 D WifiStateMachine:  ConnectedState !CMD_RSSI_POLL rt=451729510/1144713991 70 0 "ourhome" f4:6d:2f:12:cc:88 rssi=-42 f=5240 sc=60 link=433 tx=1.2, 0.0, 0.0  rx=5.3 bcn=536095 [on:0 tx:0 rx:0 period:699] from screen [on:420665 period:1799222] score=60
10-16 20:52:06.615  3957  4129 D WifiStateMachine:  L2ConnectedState !CMD_RSSI_POLL rt=451729512/1144713992 70 0 "ourhome" f4:6d:2f:12:cc:88 rssi=-42 f=5240 sc=60 link=433 tx=1.2, 0.0, 0.0  rx=5.3 bcn=536095 [on:0 tx:0 rx:0 period:1] from screen [on:420665 period:1799223] score=60
10-16 20:52:06.615  3957  4129 D WifiStateMachine:  get link layer stats 3
10-16 20:52:06.616  3436  3436 I android.hardware.wifi@1.0-service: getLinkLayerStats
10-16 20:52:06.633  3957  4129 D WifiStateMachine: fetchRssiLinkSpeedAndFrequencyNative rssi=-42 linkspeed=433 freq=5240
