10-16 20:36:57.435  6748  7056 I BatteryMgr:DataCollectionService: stats => 1697481417435,-37,4313,-20,0,100
10-16 20:36:57.545  6748  7056 I BatteryMgr:DataCollectionService: stats => 1697481417545,-37,4313,-20,0,100
10-16 20:36:57.557  2479  2548 D ScanRecord: Not a Multi Manu data
10-16 20:36:57.605  4961  4961 D io_stats: !@ 179,0 r 7143775 228328368 w 1509502 31584260 d 121711 32918884 f 351978 370923 iot 3117524 2730821 th 51200 0 0 pt 0 inp 0 0 450820.502
10-16 20:36:57.635  2479  2548 I chatty  : uid=1002(bluetooth) BT Service Call identical 167 lines
10-16 20:36:57.635  2479  2548 D ScanRecord: Not a Multi Manu data
10-16 20:36:57.653  6748  7056 I BatteryMgr:DataCollectionService: stats => 1697481417653,-37,4313,-20,0,100
10-16 20:36:57.660  2479  2548 D ScanRecord: Not a Multi Manu data
10-16 20:36:57.673  2479  2548 I chatty  : uid=1002(bluetooth) BT Service Call identical 24 lines
10-16 20:36:57.673  2479  2548 D ScanRecord: Not a Multi Manu data
10-16 20:36:57.676  3957  4129 D WifiStateMachine:  ConnectedState !CMD_RSSI_POLL rt=450820573/1143805053 70 0 "ourhome" f4:6d:2f:12:cc:88 rssi=-40 f=5240 sc=60 link=433 tx=67.3, 2.9, 0.0  rx=91.0 bcn=527905 [on:0 tx:0 rx:0 period:965] from screen [on:271528 period:890284] score=60
10-16 20:36:57.678  3957  4129 D WifiStateMachine:  L2ConnectedState !CMD_RSSI_POLL rt=450820574/1143805055 70 0 "ourhome" f4:6d:2f:12:cc:88 rssi=-40 f=5240 sc=60 link=433 tx=67.3, 2.9, 0.0  rx=91.0 bcn=527905 [on:0 tx:0 rx:0 period:2] from screen [on:271528 period:890286] score=60
10-16 20:36:57.678  3957  4129 D WifiStateMachine:  get link layer stats 3
10-16 20:36:57.679  3436  3436 I android.hardware.wifi@1.0-service: getLinkLayerStats
10-16 20:36:57.683  3957  4129 D WifiStateMachine: fetchRssiLinkSpeedAndFrequencyNative rssi=-41 linkspeed=433 freq=5240
10-16 20:36:57.686  4340  4340 E SignalClusterView: setSlotFocusVisible : subId -2
10-16 20:36:57.686  4340  4340 E SignalClusterView: setSlotFocusVisible : subId -2
10-16 20:36:57.698  2479  2548 D ScanRecord: Not a Multi Manu data
10-16 20:36:57.708  2479  2548 I chatty  : uid=1002(bluetooth) BT Service Call identical 24 lines
10-16 20:36:57.708  2479  2548 D ScanRecord: Not a Multi Manu data
10-16 20:36:57.713  3957  4129 D WifiStateMachine:  ConnectedState !RSSI_PKTCNT_FETCH uid=1000 rt=450820606/1143805087 0 0 "ourhome" f4:6d:2f:12:cc:88 rssi=-41 f=5240 sc=60 link=433 tx=24.7, 1.0, 0.0  rx=33.3 bcn=527934 [on:0 tx:0 rx:0 period:27] from screen [on:271588 period:890320] score=60
10-16 20:36:57.713  2479  2548 D ScanRecord: Not a Multi Manu data
10-16 20:36:57.713  2479  2548 I chatty  : uid=1002(bluetooth) BT Service Call identical 11 lines
10-16 20:36:57.713  2479  2548 D ScanRecord: Not a Multi Manu data
10-16 20:36:57.714  3957  4129 D WifiStateMachine:  L2ConnectedState !RSSI_PKTCNT_FETCH uid=1000 rt=450820610/1143805091 0 0 "ourhome" f4:6d:2f:12:cc:88 rssi=-41 f=5240 sc=60 link=433 tx=24.7, 1.0, 0.0  rx=33.3 bcn=527934 [on:0 tx:0 rx:0 period:2] from screen [on:271588 period:890322] score=60
10-16 20:36:57.715  3957  4129 D WifiStateMachine: fetchRssiLinkSpeedAndFrequencyNative rssi=-41 linkspeed=433 freq=5240
10-16 20:36:57.716  2479  2548 D ScanRecord: Not a Multi Manu data
10-16 20:36:57.734  2479  2548 I chatty  : uid=1002(bluetooth) BT Service Call identical 37 lines
10-16 20:36:57.734  2479  2548 D ScanRecord: Not a Multi Manu data
10-16 20:36:57.761  6748  7056 I BatteryMgr:DataCollectionService: stats => 1697481417761,-37,4313,-20,0,100
10-16 20:36:57.764  2479  2548 D ScanRecord: Not a Multi Manu data
10-16 20:36:57.764  2479  2548 I chatty  : uid=1002(bluetooth) BT Service Call identical 11 lines
10-16 20:36:57.764  2479  2548 D ScanRecord: Not a Multi Manu data
10-16 20:36:57.785  3957  4030 D SensorService: [SO] 0.153 -0.091 9.984
10-16 20:36:57.791  2479  2548 D ScanRecord: Not a Multi Manu data
10-16 20:36:57.864  2479  2548 I chatty  : uid=1002(bluetooth) BT Service Call identical 115 lines
10-16 20:36:57.864  2479  2548 D ScanRecord: Not a Multi Manu data
10-16 20:36:57.868  6748  7056 I BatteryMgr:DataCollectionService: stats => 1697481417867,-37,4313,-20,0,100
10-16 20:36:57.870  2479  2548 D ScanRecord: Not a Multi Manu data
10-16 20:36:57.899  2479  2548 I chatty  : uid=1002(bluetooth) BT Service Call identical 52 lines
10-16 20:36:57.899  2479  2548 D ScanRecord: Not a Multi Manu data
10-16 20:36:57.899  3957  4128 D WifiService: getConnectionInfo uid=1000
10-16 20:36:57.899  2479  2548 D ScanRecord: Not a Multi Manu data
10-16 20:36:57.977  2479  2548 I chatty  : uid=1002(bluetooth) BT Service Call identical 126 lines
10-16 20:36:57.977  2479  2548 D ScanRecord: Not a Multi Manu data
10-16 20:36:57.977  6748  7056 I BatteryMgr:DataCollectionService: stats => 1697481417977,-37,4313,-20,0,100
10-16 20:36:57.979  2479  2492 I zygote64: Background concurrent copying GC freed 49817(1440KB) AllocSpace objects, 0(0B) LOS objects, 71% free, 619KB/2MB, paused 5.572ms total 44.278ms
10-16 20:36:57.980  2479  2548 D ScanRecord: Not a Multi Manu data
10-16 20:36:58.028  2479  2548 I chatty  : uid=1002(bluetooth) BT Service Call identical 102 lines
10-16 20:36:58.028  2479  2548 D ScanRecord: Not a Multi Manu data
10-16 20:36:58.084  6748  7056 I BatteryMgr:DataCollectionService: stats => 1697481418084,-37,4313,-20,0,100
10-16 20:36:58.193  6748  7056 I BatteryMgr:DataCollectionService: stats => 1697481418193,-37,4313,-20,0,100
10-16 20:36:58.300  6748  7056 I BatteryMgr:DataCollectionService: stats => 1697481418300,-37,4313,-20,0,100
10-16 20:36:58.410  6748  7056 I BatteryMgr:DataCollectionService: stats => 1697481418410,-37,4313,-20,0,100
10-16 20:36:58.520  6748  7056 I BatteryMgr:DataCollectionService: stats => 1697481418520,-37,4313,-20,0,100
10-16 20:36:58.631  6748  7056 I BatteryMgr:DataCollectionService: stats => 1697481418631,-37,4313,-20,0,100
10-16 20:36:58.711  3957  4129 D WifiStateMachine:  ConnectedState !RSSI_PKTCNT_FETCH uid=1000 rt=450821608/1143806088 0 0 "ourhome" f4:6d:2f:12:cc:88 rssi=-41 f=5240 sc=60 link=433 tx=24.7, 1.0, 0.0  rx=33.3 bcn=527934 [on:0 tx:0 rx:0 period:997] from screen [on:271588 period:891319] score=60
10-16 20:36:58.712  3957  4129 D WifiStateMachine:  L2ConnectedState !RSSI_PKTCNT_FETCH uid=1000 rt=450821609/1143806090 0 0 "ourhome" f4:6d:2f:12:cc:88 rssi=-41 f=5240 sc=60 link=433 tx=24.7, 1.0, 0.0  rx=33.3 bcn=527934 [on:0 tx:0 rx:0 period:1] from screen [on:271588 period:891320] score=60
10-16 20:36:58.716  3957  4129 D WifiStateMachine: fetchRssiLinkSpeedAndFrequencyNative rssi=-40 linkspeed=433 freq=5240
10-16 20:36:58.740  6748  7056 I BatteryMgr:DataCollectionService: stats => 1697481418740,-37,4313,-20,0,100
10-16 20:36:58.848  6748  7056 I BatteryMgr:DataCollectionService: stats => 1697481418848,-37,4313,-20,0,100
10-16 20:36:58.901  3957  4128 D WifiService: getConnectionInfo uid=1000
10-16 20:36:58.957  6748  7056 I BatteryMgr:DataCollectionService: stats => 1697481418957,-37,4313,-20,0,100
10-16 20:36:59.064  6748  7056 I BatteryMgr:DataCollectionService: stats => 1697481419064,-37,4313,-20,0,100
10-16 20:36:59.172  6748  7056 I BatteryMgr:DataCollectionService: stats => 1697481419172,-37,4313,-20,0,100
10-16 20:36:59.280  6748  7056 I BatteryMgr:DataCollectionService: stats => 1697481419280,-37,4313,-20,0,100
10-16 20:36:59.389  6748  7056 I BatteryMgr:DataCollectionService: stats => 1697481419389,-37,4313,-20,0,100
10-16 20:36:59.498  6748  7056 I BatteryMgr:DataCollectionService: stats => 1697481419498,-37,4313,-20,0,100
10-16 20:36:59.606  6748  7056 I BatteryMgr:DataCollectionService: stats => 1697481419606,-37,4313,-20,0,100
10-16 20:36:59.711  3957  4129 D WifiStateMachine:  ConnectedState !RSSI_PKTCNT_FETCH uid=1000 rt=450822608/1143807089 0 0 "ourhome" f4:6d:2f:12:cc:88 rssi=-40 f=5240 sc=60 link=433 tx=24.7, 1.0, 0.0  rx=33.3 bcn=527934 [on:0 tx:0 rx:0 period:999] from screen [on:271588 period:892319] score=60
10-16 20:36:59.712  3957  4129 D WifiStateMachine:  L2ConnectedState !RSSI_PKTCNT_FETCH uid=1000 rt=450822609/1143807090 0 0 "ourhome" f4:6d:2f:12:cc:88 rssi=-40 f=5240 sc=60 link=433 tx=24.7, 1.0, 0.0  rx=33.3 bcn=527934 [on:0 tx:0 rx:0 period:1] from screen [on:271588 period:892320] score=60
10-16 20:36:59.714  6748  7056 I BatteryMgr:DataCollectionService: stats => 1697481419714,-37,4313,-20,0,100
10-16 20:36:59.719  3957  4129 D WifiStateMachine: fetchRssiLinkSpeedAndFrequencyNative rssi=-40 linkspeed=433 freq=5240
10-16 20:36:59.823  6748  7056 I BatteryMgr:DataCollectionService: stats => 1697481419823,-37,4313,-20,0,100
10-16 20:36:59.903  3957  4128 D WifiService: getConnectionInfo uid=1000
10-16 20:36:59.936  6748  7056 I BatteryMgr:DataCollectionService: stats => 1697481419936,-37,4313,-20,0,100
10-16 20:37:00.000  3957  4045 D SamsungAlarmManager: Expired : 8
10-16 20:37:00.010  3957  4045 V SamsungAlarmManager: Sending to uid : 1000 action=android.intent.action.TIME_TICK alarm=Alarm{1214048 type 3 when 1143807378 android}
10-16 20:37:00.017  3957  4045 V SamsungAlarmManager: Sending to uid : 10074 action=com.samsung.action.EVERY_MINUTE_CLOCK_UPDATE alarm=Alarm{8bac406 type 1 when 1697481420000 com.sec.android.app.launcher}
10-16 20:37:00.020  3957  3957 D SamsungAlarmManager: setExact Intent (T:3/F:1/AC:false) 20231016T203800 - CU:1000/CP:3957
10-16 20:37:00.022  4340  4340 D KeyguardUpdateMonitor: received broadcast android.intent.action.TIME_TICK
10-16 20:37:00.022   426   426 I Launcher: onReceive: com.samsung.action.EVERY_MINUTE_CLOCK_UPDATE
10-16 20:37:00.023  4340  4340 D KeyguardServiceBoxContainer: refreshTime() 1
10-16 20:37:00.031  3957  5414 D SamsungAlarmManager: setInexact Intent (T:1/F:0/AC:false) 20231016T203800 - CU:10074/CP:426
10-16 20:37:00.031  3957  5414 I SamsungAlarmManager: setLocked to kernel - T:2 / 20231016T203759, SetElapsed=1143867378, nowELAPSED=1143807410
10-16 20:37:00.035   426   426 I IconView: applyFromShortcutInfo - start GetLive : com.samsung.android.calendar
10-16 20:37:00.036   426   426 I IconView: applyFromShortcutInfo - end GetLive : com.samsung.android.calendar
10-16 20:37:00.048  6748  7056 I BatteryMgr:DataCollectionService: stats => 1697481420048,-37,4313,-20,0,100
10-16 20:37:00.075   426   426 I IconView: applyFromApplicationInfo - start GetLive : com.sec.android.app.clockpackage
10-16 20:37:00.083  4340  4340 D KeyguardUpdateMonitor: handleStatusBarState( false )
10-16 20:37:00.086   426   426 D ApplicationPackageManager: we has com.sec.android.app.clockpackage class. reuse it 
10-16 20:37:00.090   426   426 D LiveIconLoader: getLiveIcon was called in ClockPackage
10-16 20:37:00.092   426   426 D LiveIconLoader: getLiveIcon res = com.sec.android.app.clockpackage
10-16 20:37:00.098  4340  4340 D KeyguardUpdateMonitor: handleStatusBarState( false )
10-16 20:37:00.106   426   426 D LiveIconLoader: stdIconSize : 84 , targetIconSize : 94
10-16 20:37:00.106   426   426 D LiveIconLoader: mIconDpi : 320 , mTargetIconDpi : 280
10-16 20:37:00.128   426   426 I ApplicationPackageManager: load= live icon for com.sec.android.app.clockpackage, from overlay = false
10-16 20:37:00.129   426   426 I LiveIconManager: getLiveIcon: complete(sync_created)
10-16 20:37:00.129   426   426 I IconView: applyFromApplicationInfo - end GetLive : com.sec.android.app.clockpackage
10-16 20:37:00.129   426   426 I IconView: applyFromApplicationInfo - start GetLive : com.samsung.android.calendar
10-16 20:37:00.130   426   426 I IconView: applyFromApplicationInfo - end GetLive : com.samsung.android.calendar
10-16 20:37:00.155  6748  7056 I BatteryMgr:DataCollectionService: stats => 1697481420154,-37,4313,-20,0,100
10-16 20:37:00.263  6748  7056 I BatteryMgr:DataCollectionService: stats => 1697481420263,-37,4313,-20,0,100
10-16 20:37:00.370  6748  7056 I BatteryMgr:DataCollectionService: stats => 1697481420370,-37,4313,-20,0,100
10-16 20:37:00.481  6748  7056 I BatteryMgr:DataCollectionService: stats => 1697481420481,-37,4313,-20,0,100
10-16 20:37:00.589  6748  7056 I BatteryMgr:DataCollectionService: stats => 1697481420588,-37,4313,-20,0,100
10-16 20:37:00.685  3957  4129 D WifiStateMachine:  ConnectedState !CMD_RSSI_POLL rt=450823582/1143808063 70 0 "ourhome" f4:6d:2f:12:cc:88 rssi=-40 f=5240 sc=60 link=433 tx=24.7, 1.0, 0.0  rx=33.3 bcn=527934 [on:0 tx:0 rx:0 period:973] from screen [on:271588 period:893293] score=60
10-16 20:37:00.686  3957  4129 D WifiStateMachine:  L2ConnectedState !CMD_RSSI_POLL rt=450823583/1143808064 70 0 "ourhome" f4:6d:2f:12:cc:88 rssi=-40 f=5240 sc=60 link=433 tx=24.7, 1.0, 0.0  rx=33.3 bcn=527934 [on:0 tx:0 rx:0 period:1] from screen [on:271588 period:893294] score=60
10-16 20:37:00.687  3957  4129 D WifiStateMachine:  get link layer stats 3
10-16 20:37:00.687  3436  3436 I android.hardware.wifi@1.0-service: getLinkLayerStats
10-16 20:37:00.696  6748  7056 I BatteryMgr:DataCollectionService: stats => 1697481420695,-37,4313,-20,0,100
10-16 20:37:00.705  3957  4129 D WifiStateMachine: fetchRssiLinkSpeedAndFrequencyNative rssi=-41 linkspeed=433 freq=5240
10-16 20:37:00.707  4340  4340 E SignalClusterView: setSlotFocusVisible : subId -2
10-16 20:37:00.707  4340  4340 E SignalClusterView: setSlotFocusVisible : subId -2
10-16 20:37:00.712  3957  4129 D WifiStateMachine:  ConnectedState !RSSI_PKTCNT_FETCH uid=1000 rt=450823609/1143808089 0 0 "ourhome" f4:6d:2f:12:cc:88 rssi=-41 f=5240 sc=60 link=433 tx=9.0, 0.4, 0.0  rx=14.1 bcn=527964 [on:0 tx:0 rx:0 period:5] from screen [on:271756 period:893320] score=60
10-16 20:37:00.713  3957  4129 D WifiStateMachine:  L2ConnectedState !RSSI_PKTCNT_FETCH uid=1000 rt=450823610/1143808091 0 0 "ourhome" f4:6d:2f:12:cc:88 rssi=-41 f=5240 sc=60 link=433 tx=9.0, 0.4, 0.0  rx=14.1 bcn=527964 [on:0 tx:0 rx:0 period:1] from screen [on:271756 period:893321] score=60
10-16 20:37:00.719  3957  4129 D WifiStateMachine: fetchRssiLinkSpeedAndFrequencyNative rssi=-41 linkspeed=433 freq=5240
10-16 20:37:00.802  6748  7056 I BatteryMgr:DataCollectionService: stats => 1697481420802,-37,4313,-20,0,100
10-16 20:37:00.905  3957  4128 D WifiService: getConnectionInfo uid=1000
10-16 20:37:00.911  6748  7056 I BatteryMgr:DataCollectionService: stats => 1697481420911,-37,4313,-20,0,100
10-16 20:37:00.942  3957  6478 D SSRM:k  : SIOP:: AP = 420, PST = 344 (W:10), BAT = 282, USB = 0, CHG = 0
10-16 20:37:01.019  6748  7056 I BatteryMgr:DataCollectionService: stats => 1697481421019,-37,4313,-20,0,100
10-16 20:37:01.129  6748  7056 I BatteryMgr:DataCollectionService: stats => 1697481421129,-37,4313,-20,0,100
10-16 20:37:01.237  6748  7056 I BatteryMgr:DataCollectionService: stats => 1697481421237,-37,4313,-20,0,100
10-16 20:37:01.345  6748  7056 I BatteryMgr:DataCollectionService: stats => 1697481421345,-37,4313,-20,0,100
10-16 20:37:01.452  6748  7056 I BatteryMgr:DataCollectionService: stats => 1697481421452,-37,4313,-20,0,100
10-16 20:37:01.561  6748  7056 I BatteryMgr:DataCollectionService: stats => 1697481421561,-142,4313,-126,0,100
10-16 20:37:01.670  6748  7056 I BatteryMgr:DataCollectionService: stats => 1697481421670,-142,4313,-126,0,100
10-16 20:37:01.713  3957  4129 D WifiStateMachine:  ConnectedState !RSSI_PKTCNT_FETCH uid=1000 rt=450824609/1143809090 0 0 "ourhome" f4:6d:2f:12:cc:88 rssi=-41 f=5240 sc=60 link=433 tx=9.0, 0.4, 0.0  rx=14.1 bcn=527964 [on:0 tx:0 rx:0 period:1000] from screen [on:271756 period:894321] score=60
10-16 20:37:01.715  3957  4129 D WifiStateMachine:  L2ConnectedState !RSSI_PKTCNT_FETCH uid=1000 rt=450824611/1143809092 0 0 "ourhome" f4:6d:2f:12:cc:88 rssi=-41 f=5240 sc=60 link=433 tx=9.0, 0.4, 0.0  rx=14.1 bcn=527964 [on:0 tx:0 rx:0 period:2] from screen [on:271756 period:894323] score=60
10-16 20:37:01.721  3957  4129 D WifiStateMachine: fetchRssiLinkSpeedAndFrequencyNative rssi=-40 linkspeed=433 freq=5240
10-16 20:37:01.778  6748  7056 I BatteryMgr:DataCollectionService: stats => 1697481421778,-142,4313,-126,0,100
10-16 20:37:01.886  6748  7056 I BatteryMgr:DataCollectionService: stats => 1697481421886,-142,4313,-126,0,100
10-16 20:37:01.907  3957  4128 D WifiService: getConnectionInfo uid=1000
10-16 20:37:01.995  6748  7056 I BatteryMgr:DataCollectionService: stats => 1697481421995,-142,4313,-126,0,100
10-16 20:37:02.006  3957 14954 D BatteryService: !@BatteryListener : batteryPropertiesChanged!
10-16 20:37:02.103  6748  7056 I BatteryMgr:DataCollectionService: stats => 1697481422103,-142,4313,-126,0,100
10-16 20:37:02.212  6748  7056 I BatteryMgr:DataCollectionService: stats => 1697481422212,-142,4313,-126,0,100
10-16 20:37:02.319  6748  7056 I BatteryMgr:DataCollectionService: stats => 1697481422319,-142,4313,-126,0,100
10-16 20:37:02.428  6748  7056 I BatteryMgr:DataCollectionService: stats => 1697481422428,-142,4313,-126,0,100
10-16 20:37:02.536  6748  7056 I BatteryMgr:DataCollectionService: stats => 1697481422535,-142,4313,-126,0,100
10-16 20:37:02.555  2479  2548 D ScanRecord: Not a Multi Manu data
10-16 20:37:02.607  4961  4961 D io_stats: !@ 179,0 r 7143991 228337632 w 1509509 31584464 d 121712 32918960 f 351979 370924 iot 3117628 2730901 th 51200 0 0 pt 0 inp 0 0 450825.504
10-16 20:37:02.643  2479  2548 I chatty  : uid=1002(bluetooth) BT Service Call identical 206 lines
10-16 20:37:02.643  2479  2548 D ScanRecord: Not a Multi Manu data
10-16 20:37:02.645  6748  7056 I BatteryMgr:DataCollectionService: stats => 1697481422644,-142,4313,-126,0,100
10-16 20:37:02.648  2479  2548 D ScanRecord: Not a Multi Manu data
10-16 20:37:02.691  2479  2548 I chatty  : uid=1002(bluetooth) BT Service Call identical 89 lines
10-16 20:37:02.691  2479  2548 D ScanRecord: Not a Multi Manu data
10-16 20:37:02.714  3957  4129 D WifiStateMachine:  ConnectedState !RSSI_PKTCNT_FETCH uid=1000 rt=450825610/1143810091 0 0 "ourhome" f4:6d:2f:12:cc:88 rssi=-40 f=5240 sc=60 link=433 tx=9.0, 0.4, 0.0  rx=14.1 bcn=527964 [on:0 tx:0 rx:0 period:999] from screen [on:271756 period:895322] score=60
10-16 20:37:02.715  3957  4129 D WifiStateMachine:  L2ConnectedState !RSSI_PKTCNT_FETCH uid=1000 rt=450825612/1143810092 0 0 "ourhome" f4:6d:2f:12:cc:88 rssi=-40 f=5240 sc=60 link=433 tx=9.0, 0.4, 0.0  rx=14.1 bcn=527964 [on:0 tx:0 rx:0 period:1] from screen [on:271756 period:895323] score=60
10-16 20:37:02.716  3957  4129 D WifiStateMachine: fetchRssiLinkSpeedAndFrequencyNative rssi=-40 linkspeed=433 freq=5240
10-16 20:37:02.727  2479  2548 D ScanRecord: Not a Multi Manu data
10-16 20:37:02.748  2479  2548 I chatty  : uid=1002(bluetooth) BT Service Call identical 76 lines
10-16 20:37:02.748  2479  2548 D ScanRecord: Not a Multi Manu data
10-16 20:37:02.755  6748  7056 I BatteryMgr:DataCollectionService: stats => 1697481422755,-142,4313,-126,0,100
10-16 20:37:02.764  2479  2548 D ScanRecord: Not a Multi Manu data
10-16 20:37:02.862  2479  2548 I chatty  : uid=1002(bluetooth) BT Service Call identical 206 lines
10-16 20:37:02.862  2479  2548 D ScanRecord: Not a Multi Manu data
10-16 20:37:02.864  6748  7056 I BatteryMgr:DataCollectionService: stats => 1697481422864,-142,4313,-126,0,100
10-16 20:37:02.868  2479  2548 D ScanRecord: Not a Multi Manu data
10-16 20:37:02.904  2479  2548 I chatty  : uid=1002(bluetooth) BT Service Call identical 63 lines
10-16 20:37:02.904  2479  2548 D ScanRecord: Not a Multi Manu data
10-16 20:37:02.909  3957  4128 D WifiService: getConnectionInfo uid=1000
10-16 20:37:02.921  2479  2548 D ScanRecord: Not a Multi Manu data
10-16 20:37:02.968  2479  2548 I chatty  : uid=1002(bluetooth) BT Service Call identical 89 lines
10-16 20:37:02.968  2479  2548 D ScanRecord: Not a Multi Manu data
10-16 20:37:02.971  6748  7056 I BatteryMgr:DataCollectionService: stats => 1697481422970,-142,4313,-126,0,100
10-16 20:37:02.979  2479  2548 D ScanRecord: Not a Multi Manu data
10-16 20:37:03.037  2479  2548 I chatty  : uid=1002(bluetooth) BT Service Call identical 128 lines
10-16 20:37:03.037  2479  2548 D ScanRecord: Not a Multi Manu data
10-16 20:37:03.078  6748  7056 I BatteryMgr:DataCollectionService: stats => 1697481423078,-142,4313,-126,0,100
10-16 20:37:03.186  6748  7056 I BatteryMgr:DataCollectionService: stats => 1697481423185,-142,4313,-126,0,100
10-16 20:37:03.292  6748  7056 I BatteryMgr:DataCollectionService: stats => 1697481423292,-142,4313,-126,0,100
10-16 20:37:03.400  6748  7056 I BatteryMgr:DataCollectionService: stats => 1697481423400,-142,4313,-126,0,100
10-16 20:37:03.508  6748  7056 I BatteryMgr:DataCollectionService: stats => 1697481423508,-142,4313,-126,0,100
10-16 20:37:03.617  6748  7056 I BatteryMgr:DataCollectionService: stats => 1697481423617,-142,4313,-126,0,100
10-16 20:37:03.708  3957  4129 D WifiStateMachine:  ConnectedState !CMD_RSSI_POLL rt=450826604/1143811085 70 0 "ourhome" f4:6d:2f:12:cc:88 rssi=-40 f=5240 sc=60 link=433 tx=9.0, 0.4, 0.0  rx=14.1 bcn=527964 [on:0 tx:0 rx:0 period:993] from screen [on:271756 period:896316] score=60
10-16 20:37:03.709  3957  4129 D WifiStateMachine:  L2ConnectedState !CMD_RSSI_POLL rt=450826606/1143811087 70 0 "ourhome" f4:6d:2f:12:cc:88 rssi=-40 f=5240 sc=60 link=433 tx=9.0, 0.4, 0.0  rx=14.1 bcn=527964 [on:0 tx:0 rx:0 period:1] from screen [on:271756 period:896317] score=60
10-16 20:37:03.709  3957  4129 D WifiStateMachine:  get link layer stats 3
10-16 20:37:03.710  3436  3436 I android.hardware.wifi@1.0-service: getLinkLayerStats
10-16 20:37:03.723  3957  4129 D WifiStateMachine: fetchRssiLinkSpeedAndFrequencyNative rssi=-41 linkspeed=433 freq=5240
10-16 20:37:03.724  6748  7056 I BatteryMgr:DataCollectionService: stats => 1697481423724,-142,4313,-126,0,100
10-16 20:37:03.726  4340  4340 E SignalClusterView: setSlotFocusVisible : subId -2
10-16 20:37:03.726  4340  4340 E SignalClusterView: setSlotFocusVisible : subId -2
10-16 20:37:03.727  3957  4129 D WifiStateMachine:  ConnectedState !RSSI_PKTCNT_FETCH uid=1000 rt=450826623/1143811104 0 0 "ourhome" f4:6d:2f:12:cc:88 rssi=-41 f=5240 sc=60 link=433 tx=3.9, 0.1, 0.0  rx=9.0 bcn=527992 [on:0 tx:0 rx:0 period:2] from screen [on:272329 period:896335] score=60
10-16 20:37:03.730  3957  4129 D WifiStateMachine:  L2ConnectedState !RSSI_PKTCNT_FETCH uid=1000 rt=450826625/1143811105 0 0 "ourhome" f4:6d:2f:12:cc:88 rssi=-41 f=5240 sc=60 link=433 tx=3.9, 0.1, 0.0  rx=9.0 bcn=527992 [on:0 tx:0 rx:0 period:2] from screen [on:272329 period:896337] score=60
10-16 20:37:03.734  3957  4129 D WifiStateMachine: fetchRssiLinkSpeedAndFrequencyNative rssi=-41 linkspeed=433 freq=5240
10-16 20:37:03.753  6792  6803 I zygote64: Background concurrent copying GC freed 123041(4MB) AllocSpace objects, 52(1232KB) LOS objects, 49% free, 6MB/12MB, paused 13.608ms total 238.067ms
10-16 20:37:03.835  6748  7056 I BatteryMgr:DataCollectionService: stats => 1697481423835,-142,4313,-126,0,100
10-16 20:37:03.910  3957  4128 D WifiService: getConnectionInfo uid=1000
10-16 20:37:03.942  6748  7056 I BatteryMgr:DataCollectionService: stats => 1697481423942,-142,4313,-126,0,100
10-16 20:37:04.050  6748  7056 I BatteryMgr:DataCollectionService: stats => 1697481424050,-142,4313,-126,0,100
10-16 20:37:04.159  6748  7056 I BatteryMgr:DataCollectionService: stats => 1697481424159,-142,4313,-126,0,100
10-16 20:37:04.266  6748  7056 I BatteryMgr:DataCollectionService: stats => 1697481424266,-142,4313,-126,0,100
10-16 20:37:04.374  6748  7056 I BatteryMgr:DataCollectionService: stats => 1697481424374,-142,4313,-126,0,100
10-16 20:37:04.482  6748  7056 I BatteryMgr:DataCollectionService: stats => 1697481424482,-142,4313,-126,0,100
10-16 20:37:04.589  6748  7056 I BatteryMgr:DataCollectionService: stats => 1697481424589,-142,4313,-126,0,100
10-16 20:37:04.696  6748  7056 I BatteryMgr:DataCollectionService: stats => 1697481424696,-142,4313,-126,0,100
10-16 20:37:04.715  3957  4129 D WifiStateMachine:  ConnectedState !RSSI_PKTCNT_FETCH uid=1000 rt=450827612/1143812093 0 0 "ourhome" f4:6d:2f:12:cc:88 rssi=-41 f=5240 sc=60 link=433 tx=3.9, 0.1, 0.0  rx=9.0 bcn=527992 [on:0 tx:0 rx:0 period:986] from screen [on:272329 period:897323] score=60
10-16 20:37:04.716  3957  4129 D WifiStateMachine:  L2ConnectedState !RSSI_PKTCNT_FETCH uid=1000 rt=450827613/1143812094 0 0 "ourhome" f4:6d:2f:12:cc:88 rssi=-41 f=5240 sc=60 link=433 tx=3.9, 0.1, 0.0  rx=9.0 bcn=527992 [on:0 tx:0 rx:0 period:1] from screen [on:272329 period:897324] score=60
10-16 20:37:04.717  3957  4129 D WifiStateMachine: fetchRssiLinkSpeedAndFrequencyNative rssi=-44 linkspeed=433 freq=5240
10-16 20:37:04.805  6748  7056 I BatteryMgr:DataCollectionService: stats => 1697481424805,-142,4313,-126,0,100
10-16 20:37:04.806  6748  6753 I zygote64: Do partial code cache collection, code=61KB, data=48KB
10-16 20:37:04.808  6748  6753 I zygote64: After code cache collection, code=61KB, data=48KB
10-16 20:37:04.808  6748  6753 I zygote64: Increasing code cache capacity to 256KB
10-16 20:37:04.914  3957  4128 D WifiService: getConnectionInfo uid=1000
10-16 20:37:04.918  6748  7056 I BatteryMgr:DataCollectionService: stats => 1697481424918,-142,4313,-126,0,100
10-16 20:37:04.991  3957 14954 D ConnectivityService: filterNetworkStateForUid() uid: 10025 networkInfo: [type: WIFI[] - WIFI, state: CONNECTED/CONNECTED, reason: (unspecified), extra: "ourhome", failover: false, available: true, roaming: false, metered: false]
10-16 20:37:04.992  3957 14954 D WifiService: getConnectionInfo uid=1000
10-16 20:37:05.025  6748  7056 I BatteryMgr:DataCollectionService: stats => 1697481425025,-142,4313,-126,0,100
10-16 20:37:05.133  6748  7056 I BatteryMgr:DataCollectionService: stats => 1697481425132,-142,4313,-126,0,100
10-16 20:37:05.240  6748  7056 I BatteryMgr:DataCollectionService: stats => 1697481425240,-142,4313,-126,0,100
10-16 20:37:05.346  6748  7056 I BatteryMgr:DataCollectionService: stats => 1697481425346,-142,4313,-126,0,100
10-16 20:37:05.454  6748  7056 I BatteryMgr:DataCollectionService: stats => 1697481425454,-142,4313,-126,0,100
10-16 20:37:05.560  6748  7056 I BatteryMgr:DataCollectionService: stats => 1697481425560,-142,4313,-126,0,100
10-16 20:37:05.667  6748  7056 I BatteryMgr:DataCollectionService: stats => 1697481425667,-142,4313,-126,0,100
10-16 20:37:05.716  3957  4129 D WifiStateMachine:  ConnectedState !RSSI_PKTCNT_FETCH uid=1000 rt=450828613/1143813094 0 0 "ourhome" f4:6d:2f:12:cc:88 rssi=-44 f=5240 sc=60 link=433 tx=3.9, 0.1, 0.0  rx=9.0 bcn=527992 [on:0 tx:0 rx:0 period:1000] from screen [on:272329 period:898324] score=60
10-16 20:37:05.717  3957  4129 D WifiStateMachine:  L2ConnectedState !RSSI_PKTCNT_FETCH uid=1000 rt=450828614/1143813095 0 0 "ourhome" f4:6d:2f:12:cc:88 rssi=-44 f=5240 sc=60 link=433 tx=3.9, 0.1, 0.0  rx=9.0 bcn=527992 [on:0 tx:0 rx:0 period:1] from screen [on:272329 period:898325] score=60
10-16 20:37:05.723  3957  4129 D WifiStateMachine: fetchRssiLinkSpeedAndFrequencyNative rssi=-40 linkspeed=433 freq=5240
10-16 20:37:05.774  6748  7056 I BatteryMgr:DataCollectionService: stats => 1697481425774,-142,4313,-126,0,100
10-16 20:37:05.880  6748  7056 I BatteryMgr:DataCollectionService: stats => 1697481425880,-142,4313,-126,0,100
10-16 20:37:05.916  3957  4128 D WifiService: getConnectionInfo uid=1000
10-16 20:37:05.988  6748  7056 I BatteryMgr:DataCollectionService: stats => 1697481425988,-142,4313,-126,0,100
10-16 20:37:06.096  6748  7056 I BatteryMgr:DataCollectionService: stats => 1697481426096,-142,4313,-126,0,100
10-16 20:37:06.203  6748  7056 I BatteryMgr:DataCollectionService: stats => 1697481426203,-142,4313,-126,0,100
10-16 20:37:06.310  6748  7056 I BatteryMgr:DataCollectionService: stats => 1697481426310,-142,4313,-126,0,100
10-16 20:37:06.418  6748  7056 I BatteryMgr:DataCollectionService: stats => 1697481426418,-142,4313,-126,0,100
10-16 20:37:06.525  6748  7056 I BatteryMgr:DataCollectionService: stats => 1697481426525,-142,4313,-126,0,100
10-16 20:37:06.631  6748  7056 I BatteryMgr:DataCollectionService: stats => 1697481426631,-142,4313,-126,0,100
10-16 20:37:06.718  3957  4129 D WifiStateMachine:  ConnectedState !RSSI_PKTCNT_FETCH uid=1000 rt=450829614/1143814095 0 0 "ourhome" f4:6d:2f:12:cc:88 rssi=-40 f=5240 sc=60 link=433 tx=3.9, 0.1, 0.0  rx=9.0 bcn=527992 [on:0 tx:0 rx:0 period:1001] from screen [on:272329 period:899326] score=60
10-16 20:37:06.719  3957  4129 D WifiStateMachine:  L2ConnectedState !RSSI_PKTCNT_FETCH uid=1000 rt=450829616/1143814096 0 0 "ourhome" f4:6d:2f:12:cc:88 rssi=-40 f=5240 sc=60 link=433 tx=3.9, 0.1, 0.0  rx=9.0 bcn=527992 [on:0 tx:0 rx:0 period:1] from screen [on:272329 period:899327] score=60
10-16 20:37:06.725  3957  4129 D WifiStateMachine: fetchRssiLinkSpeedAndFrequencyNative rssi=-39 linkspeed=433 freq=5240
10-16 20:37:06.732  3957  4129 D WifiStateMachine:  ConnectedState !CMD_RSSI_POLL rt=450829628/1143814109 70 0 "ourhome" f4:6d:2f:12:cc:88 rssi=-39 f=5240 sc=60 link=433 tx=3.9, 0.1, 0.0  rx=9.0 bcn=527992 [on:0 tx:0 rx:0 period:13] from screen [on:272329 period:899340] score=60
10-16 20:37:06.733  3957  4129 D WifiStateMachine:  L2ConnectedState !CMD_RSSI_POLL rt=450829630/1143814110 70 0 "ourhome" f4:6d:2f:12:cc:88 rssi=-39 f=5240 sc=60 link=433 tx=3.9, 0.1, 0.0  rx=9.0 bcn=527992 [on:0 tx:0 rx:0 period:1] from screen [on:272329 period:899341] score=60
10-16 20:37:06.733  3957  4129 D WifiStateMachine:  get link layer stats 3
10-16 20:37:06.733  3436  3436 I android.hardware.wifi@1.0-service: getLinkLayerStats
10-16 20:37:06.739  6748  7056 I BatteryMgr:DataCollectionService: stats => 1697481426739,-142,4313,-126,0,100
10-16 20:37:06.749  3957  4129 D WifiStateMachine: fetchRssiLinkSpeedAndFrequencyNative rssi=-39 linkspeed=433 freq=5240
10-16 20:37:06.751  4340  4340 E SignalClusterView: setSlotFocusVisible : subId -2
10-16 20:37:06.752  4340  4340 E SignalClusterView: setSlotFocusVisible : subId -2
10-16 20:37:06.846  6748  7056 I BatteryMgr:DataCollectionService: stats => 1697481426846,-142,4313,-126,0,100
10-16 20:37:06.917  3957  4128 D WifiService: getConnectionInfo uid=1000
10-16 20:37:06.952  6748  7056 I BatteryMgr:DataCollectionService: stats => 1697481426952,-142,4313,-126,0,100
10-16 20:37:07.059  6748  7056 I BatteryMgr:DataCollectionService: stats => 1697481427059,-142,4313,-126,0,100
10-16 20:37:07.166  6748  7056 I BatteryMgr:DataCollectionService: stats => 1697481427166,-142,4313,-126,0,100
10-16 20:37:07.272  6748  7056 I BatteryMgr:DataCollectionService: stats => 1697481427272,-142,4313,-126,0,100
10-16 20:37:07.379  6748  7056 I BatteryMgr:DataCollectionService: stats => 1697481427379,-142,4313,-126,0,100
10-16 20:37:07.486  6748  7056 I BatteryMgr:DataCollectionService: stats => 1697481427486,-142,4313,-126,0,100
10-16 20:37:07.546  2479  2548 D ScanRecord: Not a Multi Manu data
10-16 20:37:07.591  2479  2548 I chatty  : uid=1002(bluetooth) BT Service Call identical 141 lines
10-16 20:37:07.591  2479  2548 D ScanRecord: Not a Multi Manu data
10-16 20:37:07.594  6748  7056 I BatteryMgr:DataCollectionService: stats => 1697481427593,-142,4313,-126,0,100
10-16 20:37:07.594  2479  2548 D ScanRecord: Not a Multi Manu data
10-16 20:37:07.609  4961  4961 D io_stats: !@ 179,0 r 7144192 228341700 w 1509538 31584664 d 121712 32918960 f 351980 370925 iot 3117700 2730953 th 51200 0 0 pt 0 inp 0 0 450830.506
10-16 20:37:07.688  2479  2548 I chatty  : uid=1002(bluetooth) BT Service Call identical 206 lines
10-16 20:37:07.688  2479  2548 D ScanRecord: Not a Multi Manu data
10-16 20:37:07.701  6748  7056 I BatteryMgr:DataCollectionService: stats => 1697481427701,-142,4313,-126,0,100
10-16 20:37:07.702  2479  2548 D ScanRecord: Not a Multi Manu data
10-16 20:37:07.702  2479  2548 I chatty  : uid=1002(bluetooth) BT Service Call identical 11 lines
10-16 20:37:07.702  2479  2548 D ScanRecord: Not a Multi Manu data
10-16 20:37:07.718  3957  4129 D WifiStateMachine:  ConnectedState !RSSI_PKTCNT_FETCH uid=1000 rt=450830615/1143815096 0 0 "ourhome" f4:6d:2f:12:cc:88 rssi=-39 f=5240 sc=60 link=433 tx=14.8, 0.1, 0.0  rx=26.1 bcn=528021 [on:0 tx:0 rx:0 period:967] from screen [on:273461 period:900326] score=60
10-16 20:37:07.719  2479  2548 D ScanRecord: Not a Multi Manu data
10-16 20:37:07.720  2479  2548 D ScanRecord: Not a Multi Manu data
10-16 20:37:07.720  3957  4129 D WifiStateMachine:  L2ConnectedState !RSSI_PKTCNT_FETCH uid=1000 rt=450830616/1143815097 0 0 "ourhome" f4:6d:2f:12:cc:88 rssi=-39 f=5240 sc=60 link=433 tx=14.8, 0.1, 0.0  rx=26.1 bcn=528021 [on:0 tx:0 rx:0 period:1] from screen [on:273461 period:900327] score=60
10-16 20:37:07.720  2479  2548 D ScanRecord: Not a Multi Manu data
10-16 20:37:07.720  2479  2548 I chatty  : uid=1002(bluetooth) BT Service Call identical 9 lines
10-16 20:37:07.720  2479  2548 D ScanRecord: Not a Multi Manu data
10-16 20:37:07.720  3957  4129 D WifiStateMachine: fetchRssiLinkSpeedAndFrequencyNative rssi=-41 linkspeed=433 freq=5240
10-16 20:37:07.728  2479  2548 D ScanRecord: Not a Multi Manu data
10-16 20:37:07.755  2479  2548 I chatty  : uid=1002(bluetooth) BT Service Call identical 37 lines
10-16 20:37:07.755  2479  2548 D ScanRecord: Not a Multi Manu data
10-16 20:37:07.784  3957  4030 D SensorService: [SO] 0.096 -0.072 9.883
10-16 20:37:07.786  2479  2548 D ScanRecord: Not a Multi Manu data
10-16 20:37:07.795  2479  2548 I chatty  : uid=1002(bluetooth) BT Service Call identical 24 lines
10-16 20:37:07.795  2479  2548 D ScanRecord: Not a Multi Manu data
10-16 20:37:07.807  6748  7056 I BatteryMgr:DataCollectionService: stats => 1697481427807,-142,4313,-126,0,100
10-16 20:37:07.808  2479  2548 D ScanRecord: Not a Multi Manu data
10-16 20:37:07.911  2479  2548 I chatty  : uid=1002(bluetooth) BT Service Call identical 115 lines
10-16 20:37:07.911  2479  2548 D ScanRecord: Not a Multi Manu data
10-16 20:37:07.912  6748  7056 I BatteryMgr:DataCollectionService: stats => 1697481427912,-142,4313,-126,0,100
10-16 20:37:07.919  3957  4128 D WifiService: getConnectionInfo uid=1000
10-16 20:37:07.933  2479  2548 D ScanRecord: Not a Multi Manu data
10-16 20:37:08.019  2479  2548 I chatty  : uid=1002(bluetooth) BT Service Call identical 63 lines
10-16 20:37:08.019  2479  2548 D ScanRecord: Not a Multi Manu data
10-16 20:37:08.020  6748  7056 I BatteryMgr:DataCollectionService: stats => 1697481428020,-142,4313,-126,0,100
10-16 20:37:08.020  2479  2548 D ScanRecord: Not a Multi Manu data
10-16 20:37:08.038  2479  2548 I chatty  : uid=1002(bluetooth) BT Service Call identical 24 lines
10-16 20:37:08.038  2479  2548 D ScanRecord: Not a Multi Manu data
10-16 20:37:08.127  6748  7056 I BatteryMgr:DataCollectionService: stats => 1697481428127,-142,4313,-126,0,100
10-16 20:37:08.142 16638 16638 D wpa_supplicant: p2p0: BSS: Remove id 508 BSSID 24:f5:a2:18:bc:7a SSID 'Julide' due to wpa_bss_flush_by_age
10-16 20:37:08.143 16638 16638 D wpa_supplicant: CTRL-EVENT-BSS-REMOVED 508 24:f5:a2:18:bc:7a
10-16 20:37:08.143 16638 16638 D wpa_supplicant: p2p0: BSS: Remove id 509 BSSID 90:9a:4a:19:e6:bc SSID 'TP-Link_E6BC' due to wpa_bss_flush_by_age
10-16 20:37:08.143 16638 16638 D wpa_supplicant: CTRL-EVENT-BSS-REMOVED 509 90:9a:4a:19:e6:bc
10-16 20:37:08.143 16638 16638 D wpa_supplicant: p2p0: BSS: Remove id 511 BSSID d8:47:32:b0:df:29 SSID 'Balkania' due to wpa_bss_flush_by_age
10-16 20:37:08.143 16638 16638 D wpa_supplicant: CTRL-EVENT-BSS-REMOVED 511 d8:47:32:b0:df:29
10-16 20:37:08.143 16638 16638 D wpa_supplicant: p2p0: BSS: Remove id 500 BSSID 08:96:d7:a8:48:a1 SSID 'Aether' due to wpa_bss_flush_by_age
10-16 20:37:08.143 16638 16638 D wpa_supplicant: CTRL-EVENT-BSS-REMOVED 500 08:96:d7:a8:48:a1
10-16 20:37:08.143 16638 16638 D wpa_supplicant: p2p0: BSS: Remove id 513 BSSID 24:f5:a2:18:bc:7b SSID 'Julide-gast' due to wpa_bss_flush_by_age
10-16 20:37:08.143 16638 16638 D wpa_supplicant: CTRL-EVENT-BSS-REMOVED 513 24:f5:a2:18:bc:7b
10-16 20:37:08.143 16638 16638 D wpa_supplicant: wlan0: BSS: Remove id 497 BSSID 24:f5:a2:18:bc:7a SSID 'Julide' due to wpa_bss_flush_by_age
10-16 20:37:08.143 16638 16638 D wpa_supplicant: CTRL-EVENT-BSS-REMOVED 497 24:f5:a2:18:bc:7a
10-16 20:37:08.143 16638 16638 D wpa_supplicant: wlan0: BSS: Remove id 498 BSSID 90:9a:4a:19:e6:bc SSID 'TP-Link_E6BC' due to wpa_bss_flush_by_age
10-16 20:37:08.143 16638 16638 D wpa_supplicant: CTRL-EVENT-BSS-REMOVED 498 90:9a:4a:19:e6:bc
10-16 20:37:08.143 16638 16638 D wpa_supplicant: wlan0: BSS: Remove id 500 BSSID d8:47:32:b0:df:29 SSID 'Balkania' due to wpa_bss_flush_by_age
10-16 20:37:08.143 16638 16638 D wpa_supplicant: CTRL-EVENT-BSS-REMOVED 500 d8:47:32:b0:df:29
10-16 20:37:08.143 16638 16638 D wpa_supplicant: wlan0: BSS: Remove id 489 BSSID 08:96:d7:a8:48:a1 SSID 'Aether' due to wpa_bss_flush_by_age
10-16 20:37:08.143 16638 16638 D wpa_supplicant: CTRL-EVENT-BSS-REMOVED 489 08:96:d7:a8:48:a1
10-16 20:37:08.143 16638 16638 D wpa_supplicant: wlan0: BSS: Remove id 502 BSSID 24:f5:a2:18:bc:7b SSID 'Julide-gast' due to wpa_bss_flush_by_age
10-16 20:37:08.143 16638 16638 D wpa_supplicant: CTRL-EVENT-BSS-REMOVED 502 24:f5:a2:18:bc:7b
10-16 20:37:08.234  6748  7056 I BatteryMgr:DataCollectionService: stats => 1697481428233,-142,4313,-126,0,100
10-16 20:37:08.340  6748  7056 I BatteryMgr:DataCollectionService: stats => 1697481428340,-142,4313,-126,0,100
10-16 20:37:08.445  6748  7056 I BatteryMgr:DataCollectionService: stats => 1697481428445,-142,4313,-126,0,100
10-16 20:37:08.551  6748  7056 I BatteryMgr:DataCollectionService: stats => 1697481428551,-142,4313,-126,0,100
10-16 20:37:08.656  6748  7056 I BatteryMgr:DataCollectionService: stats => 1697481428656,-142,4313,-126,0,100
10-16 20:37:08.720  3957  4129 D WifiStateMachine:  ConnectedState !RSSI_PKTCNT_FETCH uid=1000 rt=450831617/1143816097 0 0 "ourhome" f4:6d:2f:12:cc:88 rssi=-41 f=5240 sc=60 link=433 tx=14.8, 0.1, 0.0  rx=26.1 bcn=528021 [on:0 tx:0 rx:0 period:1001] from screen [on:273461 period:901328] score=60
10-16 20:37:08.721  3957  4129 D WifiStateMachine:  L2ConnectedState !RSSI_PKTCNT_FETCH uid=1000 rt=450831618/1143816099 0 0 "ourhome" f4:6d:2f:12:cc:88 rssi=-41 f=5240 sc=60 link=433 tx=14.8, 0.1, 0.0  rx=26.1 bcn=528021 [on:0 tx:0 rx:0 period:1] from screen [on:273461 period:901329] score=60
10-16 20:37:08.727  3957  4129 D WifiStateMachine: fetchRssiLinkSpeedAndFrequencyNative rssi=-40 linkspeed=433 freq=5240
10-16 20:37:08.762  6748  7056 I BatteryMgr:DataCollectionService: stats => 1697481428762,-142,4313,-126,0,100
10-16 20:37:08.868  6748  7056 I BatteryMgr:DataCollectionService: stats => 1697481428868,-142,4313,-126,0,100
10-16 20:37:08.921  3957  4128 D WifiService: getConnectionInfo uid=1000
10-16 20:37:08.976  6748  7056 I BatteryMgr:DataCollectionService: stats => 1697481428976,-142,4313,-126,0,100
10-16 20:37:09.083  6748  7056 I BatteryMgr:DataCollectionService: stats => 1697481429083,-142,4313,-126,0,100
10-16 20:37:09.191  6748  7056 I BatteryMgr:DataCollectionService: stats => 1697481429191,-142,4313,-126,0,100
10-16 20:37:09.297  6748  7056 I BatteryMgr:DataCollectionService: stats => 1697481429297,-142,4313,-126,0,100
10-16 20:37:09.403  6748  7056 I BatteryMgr:DataCollectionService: stats => 1697481429403,-142,4313,-126,0,100
10-16 20:37:09.512  6748  7056 I BatteryMgr:DataCollectionService: stats => 1697481429512,-142,4313,-126,0,100
10-16 20:37:09.617  6748  7056 I BatteryMgr:DataCollectionService: stats => 1697481429617,-142,4313,-126,0,100
10-16 20:37:09.721  3957  4129 D WifiStateMachine:  ConnectedState !RSSI_PKTCNT_FETCH uid=1000 rt=450832618/1143817098 0 0 "ourhome" f4:6d:2f:12:cc:88 rssi=-40 f=5240 sc=60 link=433 tx=14.8, 0.1, 0.0  rx=26.1 bcn=528021 [on:0 tx:0 rx:0 period:1000] from screen [on:273461 period:902329] score=60
10-16 20:37:09.723  3957  4129 D WifiStateMachine:  L2ConnectedState !RSSI_PKTCNT_FETCH uid=1000 rt=450832619/1143817100 0 0 "ourhome" f4:6d:2f:12:cc:88 rssi=-40 f=5240 sc=60 link=433 tx=14.8, 0.1, 0.0  rx=26.1 bcn=528021 [on:0 tx:0 rx:0 period:2] from screen [on:273461 period:902331] score=60
10-16 20:37:09.724  6748  7056 I BatteryMgr:DataCollectionService: stats => 1697481429724,-142,4313,-126,0,100
10-16 20:37:09.729  3957  4129 D WifiStateMachine: fetchRssiLinkSpeedAndFrequencyNative rssi=-40 linkspeed=433 freq=5240
10-16 20:37:09.751  3957  4129 D WifiStateMachine:  ConnectedState !CMD_RSSI_POLL rt=450832647/1143817128 70 0 "ourhome" f4:6d:2f:12:cc:88 rssi=-40 f=5240 sc=60 link=433 tx=14.8, 0.1, 0.0  rx=26.1 bcn=528021 [on:0 tx:0 rx:0 period:28] from screen [on:273461 period:902359] score=60
10-16 20:37:09.752  3957  4129 D WifiStateMachine:  L2ConnectedState !CMD_RSSI_POLL rt=450832649/1143817129 70 0 "ourhome" f4:6d:2f:12:cc:88 rssi=-40 f=5240 sc=60 link=433 tx=14.8, 0.1, 0.0  rx=26.1 bcn=528021 [on:0 tx:0 rx:0 period:1] from screen [on:273461 period:902360] score=60
10-16 20:37:09.752  3957  4129 D WifiStateMachine:  get link layer stats 3
10-16 20:37:09.753  3436  3436 I android.hardware.wifi@1.0-service: getLinkLayerStats
10-16 20:37:09.766  3957  4129 D WifiStateMachine: fetchRssiLinkSpeedAndFrequencyNative rssi=-40 linkspeed=433 freq=5240
10-16 20:37:09.769  4340  4340 E SignalClusterView: setSlotFocusVisible : subId -2
10-16 20:37:09.769  4340  4340 E SignalClusterView: setSlotFocusVisible : subId -2
10-16 20:37:09.829  6748  7056 I BatteryMgr:DataCollectionService: stats => 1697481429829,-142,4313,-126,0,100
10-16 20:37:09.923  3957  4128 D WifiService: getConnectionInfo uid=1000
10-16 20:37:09.937  6748  7056 I BatteryMgr:DataCollectionService: stats => 1697481429937,-142,4313,-126,0,100
10-16 20:37:10.043  6748  7056 I BatteryMgr:DataCollectionService: stats => 1697481430043,-142,4313,-126,0,100
10-16 20:37:10.148  6748  7056 I BatteryMgr:DataCollectionService: stats => 1697481430148,-142,4313,-126,0,100
10-16 20:37:10.255  6748  7056 I BatteryMgr:DataCollectionService: stats => 1697481430255,-142,4313,-126,0,100
10-16 20:37:10.362  6748  7056 I BatteryMgr:DataCollectionService: stats => 1697481430362,-142,4313,-126,0,100
10-16 20:37:10.471  6748  7056 I BatteryMgr:DataCollectionService: stats => 1697481430471,-142,4313,-126,0,100
10-16 20:37:10.577  6748  7056 I BatteryMgr:DataCollectionService: stats => 1697481430577,-142,4313,-126,0,100
10-16 20:37:10.682  6748  7056 I BatteryMgr:DataCollectionService: stats => 1697481430682,-142,4313,-126,0,100
10-16 20:37:10.721  3957  4129 D WifiStateMachine:  ConnectedState !RSSI_PKTCNT_FETCH uid=1000 rt=450833618/1143818099 0 0 "ourhome" f4:6d:2f:12:cc:88 rssi=-40 f=5240 sc=60 link=433 tx=9.2, 0.0, 0.0  rx=21.0 bcn=528048 [on:0 tx:0 rx:0 period:953] from screen [on:274028 period:903329] score=60
10-16 20:37:10.722  3957  4129 D WifiStateMachine:  L2ConnectedState !RSSI_PKTCNT_FETCH uid=1000 rt=450833619/1143818100 0 0 "ourhome" f4:6d:2f:12:cc:88 rssi=-40 f=5240 sc=60 link=433 tx=9.2, 0.0, 0.0  rx=21.0 bcn=528048 [on:0 tx:0 rx:0 period:1] from screen [on:274028 period:903330] score=60
10-16 20:37:10.728  3957  4129 D WifiStateMachine: fetchRssiLinkSpeedAndFrequencyNative rssi=-40 linkspeed=433 freq=5240
10-16 20:37:10.789  6748  7056 I BatteryMgr:DataCollectionService: stats => 1697481430789,-142,4313,-126,0,100
10-16 20:37:10.896  6748  7056 I BatteryMgr:DataCollectionService: stats => 1697481430896,-142,4313,-126,0,100
10-16 20:37:10.925  3957  4128 D WifiService: getConnectionInfo uid=1000
10-16 20:37:10.961  3957  6478 D SSRM:k  : SIOP:: AP = 430, PST = 353 (W:10), BAT = 282, USB = 0, CHG = 0
10-16 20:37:11.005  6748  7056 I BatteryMgr:DataCollectionService: stats => 1697481431005,-142,4313,-126,0,100
10-16 20:37:11.112  6748  7056 I BatteryMgr:DataCollectionService: stats => 1697481431112,-142,4313,-126,0,100
10-16 20:37:11.218  6748  7056 I BatteryMgr:DataCollectionService: stats => 1697481431218,-142,4313,-126,0,100
10-16 20:37:11.325  6748  7056 I BatteryMgr:DataCollectionService: stats => 1697481431325,-142,4313,-126,0,100
10-16 20:37:11.430  6748  7056 I BatteryMgr:DataCollectionService: stats => 1697481431429,-142,4313,-126,0,100
10-16 20:37:11.535  6748  7056 I BatteryMgr:DataCollectionService: stats => 1697481431535,-142,4313,-126,0,100
10-16 20:37:11.641  6748  7056 I BatteryMgr:DataCollectionService: stats => 1697481431640,-142,4313,-126,0,100
10-16 20:37:11.723  3957  4129 D WifiStateMachine:  ConnectedState !RSSI_PKTCNT_FETCH uid=1000 rt=450834620/1143819101 0 0 "ourhome" f4:6d:2f:12:cc:88 rssi=-40 f=5240 sc=60 link=433 tx=9.2, 0.0, 0.0  rx=21.0 bcn=528048 [on:0 tx:0 rx:0 period:1001] from screen [on:274028 period:904331] score=60
10-16 20:37:11.724  3957  4129 D WifiStateMachine:  L2ConnectedState !RSSI_PKTCNT_FETCH uid=1000 rt=450834621/1143819101 0 0 "ourhome" f4:6d:2f:12:cc:88 rssi=-40 f=5240 sc=60 link=433 tx=9.2, 0.0, 0.0  rx=21.0 bcn=528048 [on:0 tx:0 rx:0 period:1] from screen [on:274028 period:904332] score=60
10-16 20:37:11.728  3957  4129 D WifiStateMachine: fetchRssiLinkSpeedAndFrequencyNative rssi=-42 linkspeed=433 freq=5240
10-16 20:37:11.748  6748  7056 I BatteryMgr:DataCollectionService: stats => 1697481431748,-142,4313,-126,0,100
10-16 20:37:11.855  6748  7056 I BatteryMgr:DataCollectionService: stats => 1697481431855,-142,4313,-126,0,100
10-16 20:37:11.926  3957  4128 D WifiService: getConnectionInfo uid=1000
10-16 20:37:11.960  6748  7056 I BatteryMgr:DataCollectionService: stats => 1697481431960,-142,4313,-126,0,100
10-16 20:37:12.066  6748  7056 I BatteryMgr:DataCollectionService: stats => 1697481432066,-141,4313,-108,0,100
10-16 20:37:12.172  6748  7056 I BatteryMgr:DataCollectionService: stats => 1697481432172,-141,4313,-108,0,100
10-16 20:37:12.276  6748  7056 I BatteryMgr:DataCollectionService: stats => 1697481432276,-141,4313,-108,0,100
10-16 20:37:12.331  2495  2495 D BoundBrokerSvc: onBind: Intent { act=com.google.android.gms.safetynet.service.START pkg=com.google.android.gms }
10-16 20:37:12.331  2495  2495 D BoundBrokerSvc: Loading bound service for intent: Intent { act=com.google.android.gms.safetynet.service.START pkg=com.google.android.gms }
10-16 20:37:12.382  6748  7056 I BatteryMgr:DataCollectionService: stats => 1697481432382,-141,4313,-108,0,100
10-16 20:37:12.489  6748  7056 I BatteryMgr:DataCollectionService: stats => 1697481432489,-141,4313,-108,0,100
10-16 20:37:12.502  3957 14954 D BatteryService: !@BatteryListener : batteryPropertiesChanged!
10-16 20:37:12.546  2479  2548 D ScanRecord: Not a Multi Manu data
10-16 20:37:12.590  2479  2548 I chatty  : uid=1002(bluetooth) BT Service Call identical 50 lines
10-16 20:37:12.590  2479  2548 D ScanRecord: Not a Multi Manu data
10-16 20:37:12.594  6748  7056 I BatteryMgr:DataCollectionService: stats => 1697481432594,-141,4313,-108,0,100
10-16 20:37:12.599  2479  2548 D ScanRecord: Not a Multi Manu data
10-16 20:37:12.611  4961  4961 D io_stats: !@ 179,0 r 7144284 228345232 w 1509554 31584876 d 121713 32919036 f 351981 370926 iot 3117756 2730992 th 51200 0 0 pt 0 inp 0 0 450835.508
10-16 20:37:12.697  2479  2548 I chatty  : uid=1002(bluetooth) BT Service Call identical 89 lines
10-16 20:37:12.697  2479  2548 D ScanRecord: Not a Multi Manu data
10-16 20:37:12.702  6748  7056 I BatteryMgr:DataCollectionService: stats => 1697481432702,-141,4313,-108,0,100
10-16 20:37:12.704  2479  2548 D ScanRecord: Not a Multi Manu data
10-16 20:37:12.707  2479  2548 I chatty  : uid=1002(bluetooth) BT Service Call identical 24 lines
10-16 20:37:12.707  2479  2548 D ScanRecord: Not a Multi Manu data
10-16 20:37:12.724  3957  4129 D WifiStateMachine:  ConnectedState !RSSI_PKTCNT_FETCH uid=1000 rt=450835621/1143820102 0 0 "ourhome" f4:6d:2f:12:cc:88 rssi=-42 f=5240 sc=60 link=433 tx=9.2, 0.0, 0.0  rx=21.0 bcn=528048 [on:0 tx:0 rx:0 period:1000] from screen [on:274028 period:905332] score=60
10-16 20:37:12.725  3957  4129 D WifiStateMachine:  L2ConnectedState !RSSI_PKTCNT_FETCH uid=1000 rt=450835622/1143820103 0 0 "ourhome" f4:6d:2f:12:cc:88 rssi=-42 f=5240 sc=60 link=433 tx=9.2, 0.0, 0.0  rx=21.0 bcn=528048 [on:0 tx:0 rx:0 period:1] from screen [on:274028 period:905333] score=60
10-16 20:37:12.726  3957  4129 D WifiStateMachine: fetchRssiLinkSpeedAndFrequencyNative rssi=-41 linkspeed=433 freq=5240
10-16 20:37:12.735  2479  2548 D ScanRecord: Not a Multi Manu data
10-16 20:37:12.747  2479  2548 I chatty  : uid=1002(bluetooth) BT Service Call identical 24 lines
10-16 20:37:12.747  2479  2548 D ScanRecord: Not a Multi Manu data
10-16 20:37:12.768  3957  4129 D WifiStateMachine:  ConnectedState !CMD_RSSI_POLL rt=450835664/1143820145 70 0 "ourhome" f4:6d:2f:12:cc:88 rssi=-41 f=5240 sc=60 link=433 tx=9.2, 0.0, 0.0  rx=21.0 bcn=528048 [on:0 tx:0 rx:0 period:42] from screen [on:274028 period:905375] score=60
10-16 20:37:12.769  3957  4129 D WifiStateMachine:  L2ConnectedState !CMD_RSSI_POLL rt=450835665/1143820146 70 0 "ourhome" f4:6d:2f:12:cc:88 rssi=-41 f=5240 sc=60 link=433 tx=9.2, 0.0, 0.0  rx=21.0 bcn=528048 [on:0 tx:0 rx:0 period:1] from screen [on:274028 period:905376] score=60
10-16 20:37:12.769  3957  4129 D WifiStateMachine:  get link layer stats 3
10-16 20:37:12.769  3436  3436 I android.hardware.wifi@1.0-service: getLinkLayerStats
10-16 20:37:12.770  2479  2548 D ScanRecord: Not a Multi Manu data
10-16 20:37:12.773  2479  2548 I chatty  : uid=1002(bluetooth) BT Service Call identical 24 lines
10-16 20:37:12.773  2479  2548 D ScanRecord: Not a Multi Manu data
10-16 20:37:12.774  3957  4129 D WifiStateMachine: fetchRssiLinkSpeedAndFrequencyNative rssi=-41 linkspeed=433 freq=5240
10-16 20:37:12.776  4340  4340 E SignalClusterView: setSlotFocusVisible : subId -2
10-16 20:37:12.776  2479  2548 D ScanRecord: Not a Multi Manu data
10-16 20:37:12.776  2479  2548 D ScanRecord: Not a Multi Manu data
10-16 20:37:12.776  4340  4340 E SignalClusterView: setSlotFocusVisible : subId -2
10-16 20:37:12.777  2479  2548 D ScanRecord: Not a Multi Manu data
10-16 20:37:12.809  2479  2548 I chatty  : uid=1002(bluetooth) BT Service Call identical 35 lines
10-16 20:37:12.809  2479  2548 D ScanRecord: Not a Multi Manu data
10-16 20:37:12.809  6748  7056 I BatteryMgr:DataCollectionService: stats => 1697481432809,-141,4313,-108,0,100
10-16 20:37:12.813  2479  2548 D ScanRecord: Not a Multi Manu data
10-16 20:37:12.901  2479  2548 I chatty  : uid=1002(bluetooth) BT Service Call identical 115 lines
10-16 20:37:12.901  2479  2548 D ScanRecord: Not a Multi Manu data
