10-16 21:04:36.779  4340  4884 I ApplicationPackageManager: load=com.example.batterymanager_utility-contain, bg=112-112, dr=189-189
10-16 21:04:36.801  9724  9724 I FirebaseApp: Device unlocked: initializing all Firebase APIs for app [DEFAULT]
10-16 21:04:36.812  9724  9724 I FirebaseInitProvider: FirebaseApp initialization successful
10-16 21:04:36.839  3957  4089 D MdnieScenarioControlService:  packageName : org.mozilla.fenix    className : org.mozilla.fenix.App
10-16 21:04:36.840  3957  4089 V MdnieScenarioControlService: setUIMode from UI function(3)
10-16 21:04:36.914  9724  9751 W linker  : "/data/app/org.mozilla.fenix-iWpGOrf8cry6RDpwHyQugA==/lib/arm64/libxul.so" unused DT entry: type 0x8000024 arg 0x539420
10-16 21:04:36.915  9724  9751 W linker  : "/data/app/org.mozilla.fenix-iWpGOrf8cry6RDpwHyQugA==/lib/arm64/libxul.so" unused DT entry: type 0x8000023 arg 0x17d68
10-16 21:04:36.915  9724  9751 W linker  : "/data/app/org.mozilla.fenix-iWpGOrf8cry6RDpwHyQugA==/lib/arm64/libxul.so" unused DT entry: type 0x8000025 arg 0x8
10-16 21:04:36.915  9724  9751 W linker  : "/data/app/org.mozilla.fenix-iWpGOrf8cry6RDpwHyQugA==/lib/arm64/libnss3.so" unused DT entry: type 0x8000024 arg 0x14998
10-16 21:04:36.915  9724  9751 W linker  : "/data/app/org.mozilla.fenix-iWpGOrf8cry6RDpwHyQugA==/lib/arm64/libnss3.so" unused DT entry: type 0x8000023 arg 0x5c8
10-16 21:04:36.915  9724  9751 W linker  : "/data/app/org.mozilla.fenix-iWpGOrf8cry6RDpwHyQugA==/lib/arm64/libnss3.so" unused DT entry: type 0x8000025 arg 0x8
10-16 21:04:36.915  9724  9751 W linker  : "/data/app/org.mozilla.fenix-iWpGOrf8cry6RDpwHyQugA==/lib/arm64/libmozglue.so" unused DT entry: type 0x8000024 arg 0x38f70
10-16 21:04:36.915  9724  9751 W linker  : "/data/app/org.mozilla.fenix-iWpGOrf8cry6RDpwHyQugA==/lib/arm64/libmozglue.so" unused DT entry: type 0x8000023 arg 0x1f8
10-16 21:04:36.915  9724  9751 W linker  : "/data/app/org.mozilla.fenix-iWpGOrf8cry6RDpwHyQugA==/lib/arm64/libmozglue.so" unused DT entry: type 0x8000025 arg 0x8
10-16 21:04:36.915  9724  9751 W linker  : "/data/app/org.mozilla.fenix-iWpGOrf8cry6RDpwHyQugA==/lib/arm64/libmozglue.so" unused DT entry: type 0x8000024 arg 0x38f70
10-16 21:04:36.915  9724  9751 W linker  : "/data/app/org.mozilla.fenix-iWpGOrf8cry6RDpwHyQugA==/lib/arm64/libmozglue.so" unused DT entry: type 0x8000023 arg 0x1f8
10-16 21:04:36.915  9724  9751 W linker  : "/data/app/org.mozilla.fenix-iWpGOrf8cry6RDpwHyQugA==/lib/arm64/libmozglue.so" unused DT entry: type 0x8000025 arg 0x8
10-16 21:04:36.915  9724  9751 W linker  : "/data/app/org.mozilla.fenix-iWpGOrf8cry6RDpwHyQugA==/lib/arm64/libmozglue.so" unused DT entry: type 0x8000024 arg 0x38f70
10-16 21:04:36.915  9724  9751 W linker  : "/data/app/org.mozilla.fenix-iWpGOrf8cry6RDpwHyQugA==/lib/arm64/libmozglue.so" unused DT entry: type 0x8000023 arg 0x1f8
10-16 21:04:36.915  9724  9751 W linker  : "/data/app/org.mozilla.fenix-iWpGOrf8cry6RDpwHyQugA==/lib/arm64/libmozglue.so" unused DT entry: type 0x8000025 arg 0x8
10-16 21:04:36.916  9724  9751 W linker  : "/data/app/org.mozilla.fenix-iWpGOrf8cry6RDpwHyQugA==/lib/arm64/libmozglue.so" unused DT entry: type 0x8000024 arg 0x38f70
10-16 21:04:36.916  9724  9751 W linker  : "/data/app/org.mozilla.fenix-iWpGOrf8cry6RDpwHyQugA==/lib/arm64/libmozglue.so" unused DT entry: type 0x8000023 arg 0x1f8
10-16 21:04:36.916  9724  9751 W linker  : "/data/app/org.mozilla.fenix-iWpGOrf8cry6RDpwHyQugA==/lib/arm64/libmozglue.so" unused DT entry: type 0x8000025 arg 0x8
10-16 21:04:36.957  3447  3447 I SurfaceFlinger: Display 0 HWC layers:
10-16 21:04:36.957  3447  3447 I SurfaceFlinger:     type    |    handle    | flag |  format   |   source crop (l,t,r,b)    |         frame       | name 
10-16 21:04:36.957  3447  3447 I SurfaceFlinger: ------------+--------------+------+-----------+----------------------------+---------------------+------
10-16 21:04:36.957  3447  3447 I SurfaceFlinger:      Client |              | 0000 |  Unknown  |  -0.2   -0.2   -0.8   -0.8 |    0    0  720 1280 | animation background stackId=1#0
10-16 21:04:36.957  3447  3447 I SurfaceFlinger:      Client | 0x7ea5024180 | 0002 | RGBA_8888 |   0.0    0.0  720.0 1280.0 |   16   29  703 1251 | com.example.batterymanager_utility/c[...]atterymanager_utility.MainActivity#0
10-16 21:04:36.957  3447  3447 I SurfaceFlinger:      Client | 0x7e9ecdf280 | 0000 | RGBA_8888 |   0.0    0.0  720.0 1022.0 |   17  305  704 1280 | Splash Screen org.mozilla.fenix#0
10-16 21:04:36.957  3447  3447 I SurfaceFlinger:      Client | 0x7ea5024d80 | 0000 | RGBA_8888 |   0.0    0.0  720.0   42.0 |    0    0  720   42 | StatusBar#0
10-16 21:04:36.957  3447  3447 I SurfaceFlinger: 
10-16 21:04:36.987  3957  4129 D WifiStateMachine:  ConnectedState !RSSI_PKTCNT_FETCH uid=1000 rt=452479883/1145464364 0 0 "ourhome" f4:6d:2f:12:cc:88 rssi=-43 f=5240 sc=60 link=433 tx=0.9, 0.0, 0.0  rx=4.2 bcn=542864 [on:0 tx:0 rx:0 period:999] from screen [on:519995 period:2549595] score=60
10-16 21:04:36.989  3957  4129 D WifiStateMachine:  L2ConnectedState !RSSI_PKTCNT_FETCH uid=1000 rt=452479885/1145464366 0 0 "ourhome" f4:6d:2f:12:cc:88 rssi=-43 f=5240 sc=60 link=433 tx=0.9, 0.0, 0.0  rx=4.2 bcn=542864 [on:0 tx:0 rx:0 period:1] from screen [on:519995 period:2549596] score=60
10-16 21:04:36.990  3957  4129 D WifiStateMachine: fetchRssiLinkSpeedAndFrequencyNative rssi=-42 linkspeed=433 freq=5240
10-16 21:04:37.006  9724  9751 I nimbus::stateful::nimbus_client: updating experiment list
10-16 21:04:37.010  9724  9751 I nimbus::stateful::persistence: Already at version 2, no upgrade needed
10-16 21:04:37.010  9724  9751 I nimbus::stateful::nimbus_client: [Nimbus] Retrieved date from Context: 2023-09-28 18:32:20 UTC
10-16 21:04:37.010  9724  9751 I nimbus::stateful::nimbus_client: [Nimbus] Installation Date: 2023-09-28 18:32:20 UTC
10-16 21:04:37.010  9724  9751 I nimbus::stateful::nimbus_client: [Nimbus] Update Date: 2023-09-28 18:32:25.568136298 UTC
10-16 21:04:37.010  9724  9751 I nimbus::stateful::nimbus_client: [Nimbus] Days since install: 18
10-16 21:04:37.010  9724  9751 I nimbus::stateful::nimbus_client: [Nimbus] Days since update: 18
10-16 21:04:37.037  9724  9754 I GeckoThread: preparing to run Gecko
10-16 21:04:37.043  3957  4602 W StorageManager: getStorageLowBytes lowPercent : 5, lowBytes : 1260145254, maxLowBytes : 524288000
10-16 21:04:37.045  3957  4602 I chatty  : uid=1000(system) Binder:3957_7 identical 1 line
10-16 21:04:37.047  3957  4602 W StorageManager: getStorageLowBytes lowPercent : 5, lowBytes : 1260145254, maxLowBytes : 524288000
10-16 21:04:37.059  9724  9754 I GeckoLoader: Library base=/data/app/org.mozilla.fenix-iWpGOrf8cry6RDpwHyQugA==/lib/arm64
10-16 21:04:37.060  9724  9757 I libglean_ffi: glean_core::core: Creating new Glean v54.0.0
10-16 21:04:37.062  9724  9757 I libglean_ffi: glean_core::database: Database initialized
10-16 21:04:37.063  9724  9754 W Settings: Setting animator_duration_scale has moved from android.provider.Settings.System to android.provider.Settings.Global, returning read-only global URI.
10-16 21:04:37.066  9724  9754 I GeckoLoader: Library base=/data/app/org.mozilla.fenix-iWpGOrf8cry6RDpwHyQugA==/lib/arm64
10-16 21:04:37.067  9724  9754 E GeckoLibLoad: Load sqlite start
10-16 21:04:37.068  9724  9757 I libglean_ffi: glean_core: Glean initialized
10-16 21:04:37.068  9724  9754 E GeckoLibLoad: Load sqlite done
10-16 21:04:37.068  9724  9754 I GeckoLoader: Library base=/data/app/org.mozilla.fenix-iWpGOrf8cry6RDpwHyQugA==/lib/arm64
10-16 21:04:37.068  9724  9754 E GeckoLibLoad: Load nss start
10-16 21:04:37.068  9724  9754 E GeckoLibLoad: Load nss done
10-16 21:04:37.068  9724  9754 I GeckoLoader: Library base=/data/app/org.mozilla.fenix-iWpGOrf8cry6RDpwHyQugA==/lib/arm64
10-16 21:04:37.070  9724  9754 E GeckoLibLoad: Loaded libs in 1.644692ms total, 0ms(4ms) user, 0ms(0ms) system, 1(1) faults
10-16 21:04:37.070  9724  9757 I libglean_ffi: glean_core::event_database: Loading events for background-update
10-16 21:04:37.072  9724  9754 W GeckoThread: zerdatime 1145464450 - runGecko
10-16 21:04:37.073  9724  9757 I libglean_ffi: glean_core::event_database: Loading events for events
10-16 21:04:37.079  9724  9757 I libglean_ffi: glean_core::ping: Collecting events
10-16 21:04:37.084  3599  3918 D DnsProxyListener: DNSDBG::dns by name af 2
10-16 21:04:37.088  9724  9757 I libglean_ffi: glean_core::upload::directory: Processing ping at: /data/user/0/org.mozilla.fenix/glean_data/pending_pings/b3169783-d6c2-4f10-baf9-9481a2b070a9
10-16 21:04:37.089  9724  9757 I libglean_ffi: glean_core::metrics::ping: The ping 'events' was submitted and will be sent as soon as possible
10-16 21:04:37.097  3957  4602 D PackageManager: setEnabledSetting : userId = 0 packageName = org.mozilla.fenix cmp = androidx.work.impl.background.systemjob.SystemJobService newState = 1 callingPackage = 10169/org.mozilla.fenix
10-16 21:04:37.135  9724  9754 I Gecko:DumpUtils: Fifo watcher disabled via pref.
10-16 21:04:37.136  9724  9757 I glean/MetricsPingSched: The 'metrics' ping was already sent today, 1697483077122.
10-16 21:04:37.157  3957  4128 D WifiService: getConnectionInfo uid=1000
10-16 21:04:37.159  9724  9757 I libglean_ffi: glean_core::ping: Collecting baseline
10-16 21:04:37.168  9724  9735 I zygote64: Background concurrent copying GC freed 20474(1277KB) AllocSpace objects, 8(160KB) LOS objects, 49% free, 2MB/4MB, paused 1.160ms total 109.798ms
10-16 21:04:37.199  9724  9757 I libglean_ffi: glean_core::upload::directory: Processing ping at: /data/user/0/org.mozilla.fenix/glean_data/pending_pings/5b899b36-6648-468d-906b-ce692a73838d
10-16 21:04:37.200  9724  9724 I FenixApplication: AutoPushFeature is configured, initializing it...
10-16 21:04:37.204  9724  9724 I AbstractFirebasePushService: start
10-16 21:04:37.206  9724  9757 I libglean_ffi: glean_core::metrics::ping: The ping 'baseline' was submitted and will be sent as soon as possible
10-16 21:04:37.229  9724  9753 I libglean_ffi: glean_core::ping: Collecting pageload
10-16 21:04:37.231  9724  9753 I libglean_ffi: glean_core::ping: Storage for pageload empty. Bailing out.
10-16 21:04:37.231  9724  9753 I libglean_ffi: glean_core::metrics::ping: No content for ping 'pageload', therefore no ping queued.
10-16 21:04:37.236  3957  4025 I WindowManager: Destroying surface Surface(name=com.example.batterymanager_utility/com.example.batterymanager_utility.MainActivity) called by com.android.server.wm.WindowStateAnimator.destroySurface:2501 com.android.server.wm.WindowStateAnimator.destroySurfaceLocked:985 com.android.server.wm.WindowState.destroyOrSaveSurfaceUnchecked:3670 com.android.server.wm.WindowState.destroySurface:3618 com.android.server.wm.AppWindowToken.destroySurfaces:722 com.android.server.wm.AppWindowToken.destroySurfaces:706 com.android.server.wm.WindowState.onExitAnimationDone:5316 com.android.server.wm.WindowStateAnimator.stepAnimationLocked:550 
10-16 21:04:37.236  3447  4088 I SurfaceFlinger: id=2548 Removed com.example.batterymanager_utility/com.example.batterymanager_utility.MainActivity#0 (2/5)
10-16 21:04:37.241  3957  9774 D SamsungAlarmManager: setExact Intent (T:0/F:1/AC:false) 20331013T210437 - CU:10169/CP:9724
10-16 21:04:37.241  3447  5168 I SurfaceFlinger: id=2548 Removed com.example.batterymanager_utility/com.example.batterymanager_utility.MainActivity#0 (-2/5)
10-16 21:04:37.252  3447  3447 I Layer   : id=2548 onRemoved com.example.batterymanager_utility/com.example.batterymanager_utility.MainActivity#0 
10-16 21:04:37.254  9724  9753 I libglean_ffi: glean_core::core: Upload enabled: true
10-16 21:04:37.255  3957 18006 D StorageManagerService: getExternalStorageMountMode : 1
10-16 21:04:37.255  3957 18006 D StorageManagerService: getExternalStorageMountMode : 3
10-16 21:04:37.255  3447  3447 I SurfaceFlinger: Display 0 HWC layers:
10-16 21:04:37.255  3447  3447 I SurfaceFlinger:     type    |    handle    | flag |  format   |   source crop (l,t,r,b)    |         frame       | name 
10-16 21:04:37.255  3447  3447 I SurfaceFlinger: ------------+--------------+------+-----------+----------------------------+---------------------+------
10-16 21:04:37.255  3447  3447 I SurfaceFlinger:      Device | 0x7e9ecdf280 | 0000 | RGBA_8888 |   0.0    0.0  720.0 1280.0 |    0    0  720 1280 | Splash Screen org.mozilla.fenix#0
10-16 21:04:37.255  3447  3447 I SurfaceFlinger:      Device | 0x7e9ec231c0 | 0000 | RGBA_8888 |   0.0    0.0  720.0   42.0 |    0    0  720   42 | StatusBar#0
10-16 21:04:37.255  3447  3447 I SurfaceFlinger: 
10-16 21:04:37.255  3957 18006 D StorageManagerService: getExternalStorageMountMode : final mountMode=1, uid : 10169, packageName : org.mozilla.fenix
10-16 21:04:37.256  3957 18006 I ApplicationPolicy: isApplicationExternalStorageWhitelisted:org.mozilla.fenix user:0
10-16 21:04:37.256  3957 18006 D ApplicationPolicy: isApplicationExternalStorageWhitelisted: DO is not enabled on user 0. Allowed.
10-16 21:04:37.256  3957 18006 D ActivityManager: package  org.mozilla.fenix, user - 0 is SDcard whitelisted
10-16 21:04:37.256  3957 18006 I ApplicationPolicy: isApplicationExternalStorageBlacklisted:org.mozilla.fenix user:0
10-16 21:04:37.256  3957 18006 D ApplicationPolicy: isApplicationExternalStorageBlacklisted: DO is not enabled on user 0. Allowed.
10-16 21:04:37.267  9724  9801 I push::internal::communications::rate_limiter: No need to reset inner timestamp and count for verify_connection.
10-16 21:04:37.268  3957 18006 I ActivityManager: Start proc 9808:org.mozilla.fenix:tab5/u0a169 for service org.mozilla.fenix/org.mozilla.gecko.process.GeckoChildProcessServices$tab5
10-16 21:04:37.269  9808  9808 E Zygote  : isWhitelistProcess - Process is Whitelisted
10-16 21:04:37.270  9808  9808 E libpersona: scanKnoxPersonas
10-16 21:04:37.270  9808  9808 E libpersona: Couldn't open the File - /data/system/users/0/personalist.xml - No such file or directory
10-16 21:04:37.273  9808  9808 W SELinux : SELinux selinux_android_compute_policy_index : Policy Index[2],  Con:u:r:zygote:s0 RAM:SEPF_SM-J720F_8.0.0_0002, [-1 -1 -1 -1 0 1]
10-16 21:04:37.274  9808  9808 I SELinux : SELinux: seapp_context_lookup: seinfo=untrusted, level=s0:c512,c768, pkgname=org.mozilla.fenix:tab5 
10-16 21:04:37.278  3957  4602 D ConnectivityService: filterNetworkStateForUid() uid: 10169 networkInfo: [type: WIFI[] - WIFI, state: CONNECTED/CONNECTED, reason: (unspecified), extra: "ourhome", failover: false, available: true, roaming: false, metered: false]
10-16 21:04:37.278  3957  4602 D WifiService: getConnectionInfo uid=1000
10-16 21:04:37.289  9724  9801 I push::internal::communications::rate_limiter: Not allowed: count(41) > 1 for verify_connection.
10-16 21:04:37.290  9724  9801 I AutoPushFeature: No change to subscriptions. Doing nothing.
10-16 21:04:37.303  9808  9808 D TimaKeyStoreProvider: TimaKeyStore is not enabled: cannot add TimaSignature Service and generateKeyPair Service
10-16 21:04:37.303  9808  9808 D ActivityThread: Added TimaKeyStore provider
10-16 21:04:37.305  3957  4602 D PackageManager: setEnabledSetting : userId = 0 packageName = org.mozilla.fenix cmp = androidx.work.impl.background.systemalarm.RescheduleReceiver newState = 1 callingPackage = 10169/org.mozilla.fenix
10-16 21:04:37.307  3957  9774 I ActivityManager: DSS on for org.mozilla.fenix and scale is 1.0
10-16 21:04:37.325  9808  9808 I zygote64: no shared libraies, dex_files: 1
10-16 21:04:37.329  3957  4602 D ConnectivityService: filterNetworkStateForUid() uid: 10169 networkInfo: [type: WIFI[] - WIFI, state: CONNECTED/CONNECTED, reason: (unspecified), extra: "ourhome", failover: false, available: true, roaming: false, metered: false]
10-16 21:04:37.329  3957  4602 D WifiService: getConnectionInfo uid=1000
10-16 21:04:37.344  3957  4602 I chatty  : uid=1000(system) Binder:3957_7 identical 1 line
10-16 21:04:37.344  3957  4602 I chatty  : uid=1000(system) Binder:3957_7 identical 1 line
10-16 21:04:37.347  3957  4602 D ConnectivityService: filterNetworkStateForUid() uid: 10169 networkInfo: [type: WIFI[] - WIFI, state: CONNECTED/CONNECTED, reason: (unspecified), extra: "ourhome", failover: false, available: true, roaming: false, metered: false]
10-16 21:04:37.347  3957  4602 D WifiService: getConnectionInfo uid=1000
10-16 21:04:37.350  3957  4324 I OpenGLRenderer: Initialized EGL, version 1.4
10-16 21:04:37.351  3957  4324 D OpenGLRenderer: Swap behavior 2
10-16 21:04:37.362  9724  9815 D ConnectivityManager: requestNetwork; CallingUid : 10169, CallingPid : 9724
10-16 21:04:37.369  3957  4602 D ConnectivityService: requestNetwork for uid/pid:10169/9724 NetworkRequest [ TRACK_DEFAULT id=1463, [ Capabilities: INTERNET&NOT_RESTRICTED&TRUSTED&NOT_VPN] ]
10-16 21:04:37.370  3957  4157 D ConnectivityService: rematching NetworkAgentInfo [WIFI () - 507]
10-16 21:04:37.370  3957  4157 D ConnectivityService:  network has: [ Transports: WIFI Capabilities: NOT_METERED&INTERNET&NOT_RESTRICTED&TRUSTED&NOT_VPN&VALIDATED&FOREGROUND LinkUpBandwidth>=1048576Kbps LinkDnBandwidth>=1048576Kbps SignalStrength: -45]
10-16 21:04:37.370  3957  4157 D ConnectivityService: Network NetworkAgentInfo [WIFI () - 507] was already satisfying request 1. No change.
10-16 21:04:37.370  3957  4157 D ConnectivityService: Network NetworkAgentInfo [WIFI () - 507] was already satisfying request 3. No change.
10-16 21:04:37.370  3957  4157 D ConnectivityService: Network NetworkAgentInfo [WIFI () - 507] was already satisfying request 1430. No change.
10-16 21:04:37.370  3957  4157 D ConnectivityService:   checking if request is satisfied: NetworkRequest [ TRACK_DEFAULT id=1463, [ Capabilities: INTERNET&NOT_RESTRICTED&TRUSTED&NOT_VPN] ]
10-16 21:04:37.370  3957  4157 D ConnectivityService: currentScore = 0, newScore = 100
10-16 21:04:37.370  3957  4157 D ConnectivityService: rematch for NetworkAgentInfo [WIFI () - 507]
10-16 21:04:37.370  3957  4157 D ConnectivityService:    accepting network in place of null
10-16 21:04:37.370  3957  4157 D ConnectivityService: sending new Min Network Score(100): NetworkRequest [ TRACK_DEFAULT id=1463, [ Capabilities: INTERNET&NOT_RESTRICTED&TRUSTED&NOT_VPN] ]
10-16 21:04:37.370  3957  4313 D Ethernet: got request NetworkRequest [ TRACK_DEFAULT id=1463, [ Capabilities: INTERNET&NOT_RESTRICTED&TRUSTED&NOT_VPN] ] with score 100
10-16 21:04:37.370  3957  4157 D ConnectivityService: MultiNetwork Request(TransportType - Wi-Fi request). Internet Capability doesn't required (false)
10-16 21:04:37.370  3957  4313 D Ethernet:   my score=-1, my filter=[ Transports: ETHERNET Capabilities: INTERNET&NOT_RESTRICTED&TRUSTED&NOT_VPN LinkUpBandwidth>=100000Kbps LinkDnBandwidth>=100000Kbps]
10-16 21:04:37.370  3957  4153 D WIFI_P2P: got request NetworkRequest [ TRACK_DEFAULT id=1463, [ Capabilities: INTERNET&NOT_RESTRICTED&TRUSTED&NOT_VPN] ] with score 100
10-16 21:04:37.370  3957  4313 D Ethernet: evalRequest
10-16 21:04:37.370  3957  4313 D Ethernet:   done
10-16 21:04:37.371  3957  4153 D WIFI_P2P:   my score=60, my filter=[ Transports: WIFI Capabilities: WIFI_P2P&NOT_RESTRICTED&TRUSTED&NOT_VPN LinkUpBandwidth>=1048576Kbps LinkDnBandwidth>=1048576Kbps]
10-16 21:04:37.371  3957  4157 D ConnectivityService: sending notification AVAILABLE for NetworkRequest [ TRACK_DEFAULT id=1463, [ Capabilities: INTERNET&NOT_RESTRICTED&TRUSTED&NOT_VPN] ]
10-16 21:04:37.371  3957  4153 D WIFI_P2P: evalRequest
10-16 21:04:37.371  3957  4153 D WIFI_P2P:   done
10-16 21:04:37.371  4616  4616 D PhoneSwitcherNetworkRequstListener: got request NetworkRequest [ TRACK_DEFAULT id=1463, [ Capabilities: INTERNET&NOT_RESTRICTED&TRUSTED&NOT_VPN] ] with score 100
10-16 21:04:37.371  3957  4157 D ConnectivityService: sending notification CAP_CHANGED for NetworkRequest [ TRACK_DEFAULT id=1463, [ Capabilities: INTERNET&NOT_RESTRICTED&TRUSTED&NOT_VPN] ]
10-16 21:04:37.371  3957  4157 D ConnectivityService: sending notification IP_CHANGED for NetworkRequest [ TRACK_DEFAULT id=1463, [ Capabilities: INTERNET&NOT_RESTRICTED&TRUSTED&NOT_VPN] ]
10-16 21:04:37.371  3957  4129 D WIFI    : got request NetworkRequest [ TRACK_DEFAULT id=1463, [ Capabilities: INTERNET&NOT_RESTRICTED&TRUSTED&NOT_VPN] ] with score 100
10-16 21:04:37.371  3957  4129 D WIFI    :   my score=60, my filter=[ Transports: WIFI Capabilities: NOT_METERED&INTERNET&NOT_RESTRICTED&TRUSTED&NOT_VPN LinkUpBandwidth>=1048576Kbps LinkDnBandwidth>=1048576Kbps]
10-16 21:04:37.371  3957  4129 D WIFI    : evalRequest
10-16 21:04:37.371  3957  4129 D WIFI    :   done
10-16 21:04:37.371  4616  4616 D PhoneSwitcherNetworkRequstListener:   my score=101, my filter=[ Transports: CELLULAR Capabilities: MMS&SUPL&DUN&FOTA&IMS&CBS&IA&RCS&XCAP&EIMS&INTERNET&NOT_RESTRICTED&TRUSTED&NOT_VPN&ENT1 Specifier: <android.net.MatchAllNetworkSpecifier@0>]
10-16 21:04:37.371  4616  4616 D PhoneSwitcherNetworkRequstListener: evalRequest
10-16 21:04:37.371  4616  4616 D PhoneSwitcherNetworkRequstListener:   needNetworkFor
10-16 21:04:37.371  3957  4129 D WIFI_UT : got request NetworkRequest [ TRACK_DEFAULT id=1463, [ Capabilities: INTERNET&NOT_RESTRICTED&TRUSTED&NOT_VPN] ] with score 100
10-16 21:04:37.371  3957  4129 D WIFI_UT :   my score=2147483647, my filter=[ Transports: WIFI Capabilities: NOT_METERED&INTERNET&NOT_RESTRICTED&TRUSTED&NOT_VPN LinkUpBandwidth>=1048576Kbps LinkDnBandwidth>=1048576Kbps]
10-16 21:04:37.371  3957  4129 D WIFI_UT : evalRequest
10-16 21:04:37.371  3957  4129 D WIFI_UT :   needNetworkFor
10-16 21:04:37.375  3957  4602 D ConnectivityService: filterNetworkStateForUid() uid: 10169 networkInfo: [type: WIFI[] - WIFI, state: CONNECTED/CONNECTED, reason: (unspecified), extra: "ourhome", failover: false, available: true, roaming: false, metered: false]
10-16 21:04:37.375  3957  4602 D WifiService: getConnectionInfo uid=1000
10-16 21:04:37.377  3957  4602 D ConnectivityService: filterNetworkStateForUid() uid: 10169 networkInfo: [type: WIFI[] - WIFI, state: CONNECTED/CONNECTED, reason: (unspecified), extra: "ourhome", failover: false, available: true, roaming: false, metered: false]
10-16 21:04:37.377  3957  4602 D WifiService: getConnectionInfo uid=1000
10-16 21:04:37.383  9724  9724 I NavController: Ignoring popBackStack to destination org.mozilla.fenix:id/browserFragment as it was not found on the current back stack
10-16 21:04:37.383  2974  3365 W ResourceType: ResTable_typeSpec entry count inconsistent: given 88, previously 90
10-16 21:04:37.383  2974  3365 W ResourceType: ResTable_typeSpec entry count inconsistent: given 168, previously 172
10-16 21:04:37.390  2974  3365 W ResourceType: ResTable_typeSpec entry count inconsistent: given 3502, previously 3522
10-16 21:04:37.391  2974  3365 W ResourceType: ResTable_typeSpec entry count inconsistent: given 487, previously 4664
10-16 21:04:37.414  9724  9724 I ContileTopSitesUpdater: Started periodic work to update Contile top sites
10-16 21:04:37.420  9808  9808 I ServiceChildProcess: onCreate
10-16 21:04:37.427  9808  9836 I GeckoThread: preparing to run Gecko
10-16 21:04:37.431  9724  9735 I zygote64: Background concurrent copying GC freed 44641(2MB) AllocSpace objects, 32(752KB) LOS objects, 50% free, 3MB/7MB, paused 2.458ms total 149.389ms
10-16 21:04:37.444  3328  3328 W keymaster2_mdfpp: entered get_key_characteristics function.
10-16 21:04:37.446  3328  3328 W keymaster_tee: [WRN]KEY_PARAMS: AES ENC DEC GCM PADNO AUTH SIZE:256 
10-16 21:04:37.446  3328  3328 W keymaster_tee: [WRN]KEY_PARAMS: 20230928203226 
10-16 21:04:37.446  3328  3328 W keymaster2_mdfpp: exit get_key_characteristics function, returned 0
10-16 21:04:37.453  3328  3328 W keymaster2_mdfpp: entered get_key_characteristics function.
10-16 21:04:37.454  3328  3328 W keymaster_tee: [WRN]KEY_PARAMS: AES ENC DEC GCM PADNO AUTH SIZE:256 
10-16 21:04:37.455  3328  3328 W keymaster_tee: [WRN]KEY_PARAMS: 20230928203226 
10-16 21:04:37.455  3328  3328 W keymaster2_mdfpp: exit get_key_characteristics function, returned 0
10-16 21:04:37.457  3328  3328 W keymaster2_mdfpp: entered get_key_characteristics function.
10-16 21:04:37.458  3328  3328 W keymaster_tee: [WRN]KEY_PARAMS: AES ENC DEC GCM PADNO AUTH SIZE:256 
10-16 21:04:37.458  3328  3328 W keymaster_tee: [WRN]KEY_PARAMS: 20230928203226 
10-16 21:04:37.458  3328  3328 W keymaster2_mdfpp: exit get_key_characteristics function, returned 0
10-16 21:04:37.463  3328  3328 W keymaster2_mdfpp: entered get_key_characteristics function.
10-16 21:04:37.464  3328  3328 W keymaster_tee: [WRN]KEY_PARAMS: AES ENC DEC GCM PADNO AUTH SIZE:256 
10-16 21:04:37.464  3328  3328 W keymaster_tee: [WRN]KEY_PARAMS: 20230928203226 
10-16 21:04:37.464  3328  3328 W keymaster2_mdfpp: exit get_key_characteristics function, returned 0
10-16 21:04:37.465  3328  3328 W keymaster2_mdfpp: entered begin function.
10-16 21:04:37.467  3328  3328 W keymaster2_mdfpp: exit begin function, returned 0
10-16 21:04:37.469  3328  3328 W keymaster2_mdfpp: entered update function.
10-16 21:04:37.470  3328  3328 W keymaster2_mdfpp: exit update function, returned 0
10-16 21:04:37.470  3328  3328 W keymaster2_mdfpp: entered finish function.
10-16 21:04:37.471  3328  3328 W keymaster2_mdfpp: exit finish function, returned 0
10-16 21:04:37.472  3589  3589 W keystore: ENTER remove operation from uid 10169
10-16 21:04:37.488  9724  9764 W logins::schema: user_version: 2
10-16 21:04:37.541  9724  9724 W GeckoViewActivityContextDelegate: A non-activity context was set.
10-16 21:04:37.552  3957  9774 D ConnectivityService: filterNetworkStateForUid() uid: 10169 networkInfo: [type: WIFI[] - WIFI, state: CONNECTED/CONNECTED, reason: (unspecified), extra: "ourhome", failover: false, available: true, roaming: false, metered: false]
10-16 21:04:37.552  3957  9774 D WifiService: getConnectionInfo uid=1000
10-16 21:04:37.553  3957  9774 I chatty  : uid=1000(system) Binder:3957_17 identical 1 line
10-16 21:04:37.553  3957  9774 I chatty  : uid=1000(system) Binder:3957_17 identical 1 line
10-16 21:04:37.554  3957  9774 D ConnectivityService: filterNetworkStateForUid() uid: 10169 networkInfo: [type: WIFI[] - WIFI, state: CONNECTED/CONNECTED, reason: (unspecified), extra: "ourhome", failover: false, available: true, roaming: false, metered: false]
10-16 21:04:37.554  3957  9774 D WifiService: getConnectionInfo uid=1000
10-16 21:04:37.560  9724  9754 W ResourceType: Too many attribute references, stopped at: 0x01010099
10-16 21:04:37.563  9724  9724 I BgSyncManager: Periodic syncing enabled: PeriodicSyncConfig(periodMinutes=240, initialDelayMinutes=5)
10-16 21:04:37.563  9724  9724 I FirefoxAccountStateMachine: Sync is enabled
10-16 21:04:37.569  9724  9768 I StartupTypeTelemetry: Recorded start up: cold_main
10-16 21:04:37.577  9724  9859 D OpenGLRenderer: HWUI GL Pipeline
10-16 21:04:37.579  2479  2548 D ScanRecord: Not a Multi Manu data
10-16 21:04:37.580  2479  2548 I chatty  : uid=1002(bluetooth) BT Service Call identical 11 lines
10-16 21:04:37.580  2479  2548 D ScanRecord: Not a Multi Manu data
10-16 21:04:37.583  9724  9724 D ViewRootImpl@847214e[App]: setView = DecorView@2c3226f[App] TM=true MM=false
10-16 21:04:37.584  3957  9774 D ActivityManager: post active user change for 0 fullscreen true isHomeActivity() false
10-16 21:04:37.584  9724  9724 I Choreographer: Skipped 44 frames!  The application may be doing too much work on its main thread.
10-16 21:04:37.587  2479  2548 D ScanRecord: Not a Multi Manu data
10-16 21:04:37.587  2479  2548 I chatty  : uid=1002(bluetooth) BT Service Call identical 1 line
10-16 21:04:37.587  9724  9724 D ViewRootImpl@847214e[App]: dispatchAttachedToWindow
10-16 21:04:37.587  2479  2548 D ScanRecord: Not a Multi Manu data
10-16 21:04:37.587  2479  2548 D ScanRecord: Not a Multi Manu data
10-16 21:04:37.593  2479  2548 I chatty  : uid=1002(bluetooth) BT Service Call identical 21 lines
10-16 21:04:37.593  2479  2548 D ScanRecord: Not a Multi Manu data
10-16 21:04:37.595  3957  9774 V WindowManager: Relayout Window{36011ac u0 org.mozilla.fenix/org.mozilla.fenix.App}: viewVisibility=0 req=719x1237 WM.LayoutParams{(0,0)(fillxfill) sim=#110 ty=1 fl=#81010100 pfl=0x20000 wanim=0x7f1404fa vsysui=0x2610 needsMenuKey=2 colorMode=0 naviIconColor=0}
10-16 21:04:37.597  3957 18006 D StorageManagerService: getExternalStorageMountMode : 1
10-16 21:04:37.598  3957 18006 D StorageManagerService: getExternalStorageMountMode : 3
10-16 21:04:37.598  3957 18006 D StorageManagerService: getExternalStorageMountMode : final mountMode=1, uid : 10169, packageName : org.mozilla.fenix
10-16 21:04:37.598  3957 18006 I ApplicationPolicy: isApplicationExternalStorageWhitelisted:org.mozilla.fenix user:0
10-16 21:04:37.598  3957 18006 D ApplicationPolicy: isApplicationExternalStorageWhitelisted: DO is not enabled on user 0. Allowed.
10-16 21:04:37.598  3957 18006 D ActivityManager: package  org.mozilla.fenix, user - 0 is SDcard whitelisted
10-16 21:04:37.598  3957 18006 I ApplicationPolicy: isApplicationExternalStorageBlacklisted:org.mozilla.fenix user:0
10-16 21:04:37.598  3957 18006 D ApplicationPolicy: isApplicationExternalStorageBlacklisted: DO is not enabled on user 0. Allowed.
10-16 21:04:37.599  3447  3447 I SurfaceFlinger: id=2550 createSurf (720x1280),1 flag=404, org.mozilla.fenix/org.mozilla.fenix.App#0
10-16 21:04:37.600  3957  9774 V Surface : sf_framedrop debug : 0x4f4c, game : false, logging : 0
10-16 21:04:37.601  3957  3973 D WindowManager: set systemUiVisibility : systemUiFlags= 0x2608 fullscreenStackSysUiFlags= 0x0
10-16 21:04:37.604  3957  9774 D InputDispatcher: Focus entered window: 9724
10-16 21:04:37.605  3957  4602 D WindowManager: adjustSystemUiVisibilityLw : vis= 0x2608
10-16 21:04:37.605  9724  9724 V Surface : sf_framedrop debug : 0x4f4c, game : false, logging : 0
10-16 21:04:37.605  9724  9724 D ViewRootImpl@847214e[App]: Relayout returned: old=[0,0][0,0] new=[0,0][720,1280] result=0x7 surface={valid=true 499286364160} changed=true
10-16 21:04:37.606  9724  9859 I OpenGLRenderer: Initialized EGL, version 1.4
10-16 21:04:37.606  9724  9859 D OpenGLRenderer: Swap behavior 2
10-16 21:04:37.607  2479  2548 D ScanRecord: Not a Multi Manu data
10-16 21:04:37.608  2479  2548 I chatty  : uid=1002(bluetooth) BT Service Call identical 11 lines
10-16 21:04:37.608  2479  2548 D ScanRecord: Not a Multi Manu data
10-16 21:04:37.608  9724  9859 D libGLESv1: STS_GLApi : DTS, ODTC are not allowed for Package : org.mozilla.fenix
10-16 21:04:37.609  3957 18006 I ActivityManager: Start proc 9874:org.mozilla.fenix:gpu/u0a169 for service org.mozilla.fenix/org.mozilla.gecko.process.GeckoChildProcessServices$gpu
10-16 21:04:37.611  9724  9859 D mali_winsys: EGLint new_window_surface(egl_winsys_display *, void *, EGLSurface, EGLConfig, egl_winsys_surface **, egl_color_buffer_format *, EGLBoolean) returns 0x3000,  [720x1280]-format:1
10-16 21:04:37.611  9874  9874 E Zygote  : isWhitelistProcess - Process is Whitelisted
10-16 21:04:37.611  9724  9859 D OpenGLRenderer: eglCreateWindowSurface = 0x743e53eb80
10-16 21:04:37.612  9874  9874 E libpersona: scanKnoxPersonas
10-16 21:04:37.612  9874  9874 E libpersona: Couldn't open the File - /data/system/users/0/personalist.xml - No such file or directory
10-16 21:04:37.612  3447  3447 I SurfaceFlinger: id=2551 createSurf (720x1238),1 flag=4, SurfaceView - org.mozilla.fenix/org.mozilla.fenix.App@8971698@0#0
10-16 21:04:37.613  3447  3447 I SurfaceFlinger: id=2552 createSurf (720x1238),-1 flag=20004, Background for - SurfaceView - org.mozilla.fenix/org.mozilla.fenix.App@8971698@0#0
10-16 21:04:37.614  9724  9724 D SurfaceView: BG hide() Surface(name=Background for - SurfaceView - org.mozilla.fenix/org.mozilla.fenix.App@8971698@0) false true org.mozilla.gecko.MagnifiableSurfaceView{8971698 V.E...... ......ID 0,0-720,1238}
10-16 21:04:37.614  9874  9874 W SELinux : SELinux selinux_android_compute_policy_index : Policy Index[2],  Con:u:r:zygote:s0 RAM:SEPF_SM-J720F_8.0.0_0002, [-1 -1 -1 -1 0 1]
10-16 21:04:37.615  9874  9874 I SELinux : SELinux: seapp_context_lookup: seinfo=untrusted, level=s0:c512,c768, pkgname=org.mozilla.fenix:gpu 
10-16 21:04:37.616  9724  9754 W linker  : "/data/app/org.mozilla.fenix-iWpGOrf8cry6RDpwHyQugA==/lib/arm64/libsoftokn3.so" unused DT entry: type 0x8000024 arg 0x2580
10-16 21:04:37.617  9724  9754 W linker  : "/data/app/org.mozilla.fenix-iWpGOrf8cry6RDpwHyQugA==/lib/arm64/libsoftokn3.so" unused DT entry: type 0x8000023 arg 0x70
10-16 21:04:37.617  9724  9754 W linker  : "/data/app/org.mozilla.fenix-iWpGOrf8cry6RDpwHyQugA==/lib/arm64/libsoftokn3.so" unused DT entry: type 0x8000025 arg 0x8
10-16 21:04:37.617  2479  2548 D ScanRecord: Not a Multi Manu data
10-16 21:04:37.618  2479  2548 I chatty  : uid=1002(bluetooth) BT Service Call identical 11 lines
10-16 21:04:37.618  2479  2548 D ScanRecord: Not a Multi Manu data
10-16 21:04:37.619  9724  9754 W linker  : "/data/app/org.mozilla.fenix-iWpGOrf8cry6RDpwHyQugA==/lib/arm64/libfreebl3.so" unused DT entry: type 0x8000024 arg 0xe78
10-16 21:04:37.619  9724  9754 W linker  : "/data/app/org.mozilla.fenix-iWpGOrf8cry6RDpwHyQugA==/lib/arm64/libfreebl3.so" unused DT entry: type 0x8000023 arg 0x68
10-16 21:04:37.619  9724  9754 W linker  : "/data/app/org.mozilla.fenix-iWpGOrf8cry6RDpwHyQugA==/lib/arm64/libfreebl3.so" unused DT entry: type 0x8000025 arg 0x8
10-16 21:04:37.619  9724  9724 V Surface : sf_framedrop debug : 0x4f4c, game : false, logging : 0
10-16 21:04:37.620  9724  9724 D SurfaceView: surfaceCreated 1 org.mozilla.gecko.MagnifiableSurfaceView{8971698 V.E...... ......ID 0,0-720,1238}
10-16 21:04:37.620  9724  9724 D SurfaceView: surfaceChanged (720,1238) 1 org.mozilla.gecko.MagnifiableSurfaceView{8971698 V.E...... ......ID 0,0-720,1238}
10-16 21:04:37.628  2479  2548 D ScanRecord: Not a Multi Manu data
10-16 21:04:37.629  2479  2548 I chatty  : uid=1002(bluetooth) BT Service Call identical 11 lines
10-16 21:04:37.629  2479  2548 D ScanRecord: Not a Multi Manu data
10-16 21:04:37.633  9874  9874 D TimaKeyStoreProvider: TimaKeyStore is not enabled: cannot add TimaSignature Service and generateKeyPair Service
10-16 21:04:37.633  9874  9874 D ActivityThread: Added TimaKeyStore provider
10-16 21:04:37.636  3957  4602 I ActivityManager: DSS on for org.mozilla.fenix and scale is 1.0
10-16 21:04:37.640  9724  9853 W linker  : "/data/app/org.mozilla.fenix-iWpGOrf8cry6RDpwHyQugA==/lib/arm64/libnssckbi.so" unused DT entry: type 0x8000024 arg 0xc08
10-16 21:04:37.640  9724  9853 W linker  : "/data/app/org.mozilla.fenix-iWpGOrf8cry6RDpwHyQugA==/lib/arm64/libnssckbi.so" unused DT entry: type 0x8000023 arg 0x258
10-16 21:04:37.640  9724  9853 W linker  : "/data/app/org.mozilla.fenix-iWpGOrf8cry6RDpwHyQugA==/lib/arm64/libnssckbi.so" unused DT entry: type 0x8000025 arg 0x8
10-16 21:04:37.641  2479  2548 D ScanRecord: Not a Multi Manu data
10-16 21:04:37.643  2479  2548 I chatty  : uid=1002(bluetooth) BT Service Call identical 13 lines
10-16 21:04:37.643  3957  4602 D ConnectivityService: filterNetworkStateForUid() uid: 10169 networkInfo: [type: WIFI[] - WIFI, state: CONNECTED/CONNECTED, reason: (unspecified), extra: "ourhome", failover: false, available: true, roaming: false, metered: false]
10-16 21:04:37.644  2479  2548 D ScanRecord: Not a Multi Manu data
10-16 21:04:37.644  3957  4602 D WifiService: getConnectionInfo uid=1000
10-16 21:04:37.644  2479  2548 D ScanRecord: Not a Multi Manu data
10-16 21:04:37.647  2479  2548 I chatty  : uid=1002(bluetooth) BT Service Call identical 22 lines
10-16 21:04:37.647  2479  2548 D ScanRecord: Not a Multi Manu data
10-16 21:04:37.652  9874  9874 I zygote64: no shared libraies, dex_files: 1
10-16 21:04:37.680  2479  2548 D ScanRecord: Not a Multi Manu data
10-16 21:04:37.680  2479  2548 I chatty  : uid=1002(bluetooth) BT Service Call identical 11 lines
10-16 21:04:37.680  2479  2548 D ScanRecord: Not a Multi Manu data
10-16 21:04:37.681  9724  9753 I libglean_ffi: glean_core::ping: Collecting baseline
10-16 21:04:37.683  2479  2548 D ScanRecord: Not a Multi Manu data
10-16 21:04:37.690  2479  2548 I chatty  : uid=1002(bluetooth) BT Service Call identical 37 lines
10-16 21:04:37.690  2479  2548 D ScanRecord: Not a Multi Manu data
10-16 21:04:37.692  3957 18006 D ConnectivityService: filterNetworkStateForUid() uid: 10169 networkInfo: [type: WIFI[] - WIFI, state: CONNECTED/CONNECTED, reason: (unspecified), extra: "ourhome", failover: false, available: true, roaming: false, metered: false]
10-16 21:04:37.692  3957 18006 D WifiService: getConnectionInfo uid=1000
10-16 21:04:37.692  2479  2548 D ScanRecord: Not a Multi Manu data
10-16 21:04:37.692  2479  2548 I chatty  : uid=1002(bluetooth) BT Service Call identical 11 lines
10-16 21:04:37.692  2479  2548 D ScanRecord: Not a Multi Manu data
10-16 21:04:37.693  3957 18006 D ConnectivityService: filterNetworkStateForUid() uid: 10169 networkInfo: [type: WIFI[] - WIFI, state: CONNECTED/CONNECTED, reason: (unspecified), extra: "ourhome", failover: false, available: true, roaming: false, metered: false]
10-16 21:04:37.693  3957 18006 D WifiService: getConnectionInfo uid=1000
10-16 21:04:37.694  3957  4602 D ConnectivityService: filterNetworkStateForUid() uid: 10169 networkInfo: [type: WIFI[] - WIFI, state: CONNECTED/CONNECTED, reason: (unspecified), extra: "ourhome", failover: false, available: true, roaming: false, metered: false]
10-16 21:04:37.694  3957  4602 D WifiService: getConnectionInfo uid=1000
10-16 21:04:37.695  3957  9774 D ConnectivityService: filterNetworkStateForUid() uid: 10169 networkInfo: [type: WIFI[] - WIFI, state: CONNECTED/CONNECTED, reason: (unspecified), extra: "ourhome", failover: false, available: true, roaming: false, metered: false]
10-16 21:04:37.695  3957  9774 D WifiService: getConnectionInfo uid=1000
10-16 21:04:37.701  9724  9753 I libglean_ffi: glean_core::upload::directory: Processing ping at: /data/user/0/org.mozilla.fenix/glean_data/pending_pings/58e15a3f-d428-45d8-a40d-476d565dd823
10-16 21:04:37.702  9724  9753 I libglean_ffi: glean_core::metrics::ping: The ping 'baseline' was submitted and will be sent as soon as possible
10-16 21:04:37.706  2479  2548 D ScanRecord: Not a Multi Manu data
10-16 21:04:37.706  2479  2548 I chatty  : uid=1002(bluetooth) BT Service Call identical 11 lines
10-16 21:04:37.706  2479  2548 D ScanRecord: Not a Multi Manu data
10-16 21:04:37.708  3957  9774 V WindowManager: Relayout Window{36011ac u0 org.mozilla.fenix/org.mozilla.fenix.App}: viewVisibility=0 req=720x1280 WM.LayoutParams{(0,0)(fillxfill) sim=#110 ty=1 fl=#81010100 pfl=0x20000 fmt=-3 wanim=0x7f1404fa vsysui=0x2610 needsMenuKey=2 colorMode=0 naviIconColor=0}
10-16 21:04:37.713  3599  3918 D DnsProxyListener: DNSDBG::dns addrinfo af 0
10-16 21:04:37.715  9724  9724 D ViewRootImpl@847214e[App]: Relayout returned: old=[0,0][720,1280] new=[0,0][720,1280] result=0x3 surface={valid=true 499286364160} changed=false
10-16 21:04:37.717  9724  9900 I FirefoxAccountStateMachine: Processing event 'mozilla.components.service.fxa.manager.Event$Account$Start@378e941' for state Idle(accountState=NotAuthenticated). Next state is Active(progressState=Initializing)
10-16 21:04:37.721  3599  3918 D DnsProxyListener: DNSDBG::dns addrinfo af 0
10-16 21:04:37.728  3599  3918 I chatty  : uid=0(root) /system/bin/netd identical 2 lines
10-16 21:04:37.729  3599  3918 D DnsProxyListener: DNSDBG::dns addrinfo af 0
10-16 21:04:37.729  3599  3918 D DnsProxyListener: DNSDBG::dns addrinfo af 2
10-16 21:04:37.730  3599  3918 D DnsProxyListener: DNSDBG::dns addrinfo af 0
10-16 21:04:37.730   887   887 E adbd    : recv: OPEN 000002ad 00000000 0076:73 68 65 6C 6C 2C 76 32 2C 54 45 52 4D 3D 78 74 65 72 6D 2D 32 35 36 63 6F 6C 6F 72 2C 72 61 77 3A 64 75 6D 70 73 79 73 20 61 63 74 69 76 69 74 79 20 72 65 63 65 6E 74 73 20 7C 20 67 72 65 70 20 22 52 65 63 65 6E 74 20 23 30 22 20 7C 20 63 75 74 20 2D 64 20 22 3D 22 20 2D 66 32 20 7C 20 67 72 65 70 20 2D 6F 20 2D 70 20 22 5B 61 2D 7A 7C 2E 5D 2A 22 00 
10-16 21:04:37.730   887   887 E adbd    : service_to_fd: shell,v2,TERM=xterm-256color,raw:dumpsys activity recents | grep "Recent #0" | cut -d "=" -f2 | grep -o -p "[a-z|.]*"
10-16 21:04:37.731  9874  9874 I ServiceChildProcess: onCreate
10-16 21:04:37.732  9874  9922 I GeckoThread: preparing to run Gecko
10-16 21:04:37.737  2479  2548 D ScanRecord: Not a Multi Manu data
10-16 21:04:37.738  2479  2548 I chatty  : uid=1002(bluetooth) BT Service Call identical 11 lines
10-16 21:04:37.738  2479  2548 D ScanRecord: Not a Multi Manu data
10-16 21:04:37.743  3599  3918 D DnsProxyListener: DNSDBG::dns addrinfo af 0
10-16 21:04:37.745  3328  3328 W keymaster2_mdfpp: entered get_key_characteristics function.
10-16 21:04:37.748  3328  3328 W keymaster_tee: [WRN]KEY_PARAMS: AES ENC DEC GCM PADNO AUTH SIZE:256 
10-16 21:04:37.748  3328  3328 W keymaster_tee: [WRN]KEY_PARAMS: 20230928203226 
10-16 21:04:37.748  3328  3328 W keymaster2_mdfpp: exit get_key_characteristics function, returned 0
10-16 21:04:37.751  3328  3328 W keymaster2_mdfpp: entered get_key_characteristics function.
10-16 21:04:37.753  2479  2548 D ScanRecord: Not a Multi Manu data
10-16 21:04:37.754  2479  2548 I chatty  : uid=1002(bluetooth) BT Service Call identical 11 lines
10-16 21:04:37.754  2479  2548 D ScanRecord: Not a Multi Manu data
10-16 21:04:37.754  3328  3328 W keymaster_tee: [WRN]KEY_PARAMS: AES ENC DEC GCM PADNO AUTH SIZE:256 
10-16 21:04:37.754  3328  3328 W keymaster_tee: [WRN]KEY_PARAMS: 20230928203226 
10-16 21:04:37.755  3328  3328 W keymaster2_mdfpp: exit get_key_characteristics function, returned 0
10-16 21:04:37.759  2479  2548 D ScanRecord: Not a Multi Manu data
10-16 21:04:37.772  2479  2548 I chatty  : uid=1002(bluetooth) BT Service Call identical 25 lines
10-16 21:04:37.773  2479  2548 D ScanRecord: Not a Multi Manu data
10-16 21:04:37.773  9724  9900 I FirefoxAccount: Registering persistence callback
10-16 21:04:37.773  2479  2548 D ScanRecord: Not a Multi Manu data
10-16 21:04:37.773  2479  2548 I chatty  : uid=1002(bluetooth) BT Service Call identical 6 lines
10-16 21:04:37.773  2479  2548 D ScanRecord: Not a Multi Manu data
10-16 21:04:37.773  9724  9900 I FirefoxAccountStateMachine: Ran 'mozilla.components.service.fxa.manager.Event$Account$Start@378e941' side-effects for state Active(progressState=Initializing), got successive event mozilla.components.service.fxa.manager.Event$Progress$AccountNotFound@451291f
10-16 21:04:37.773  2479  2548 D ScanRecord: Not a Multi Manu data
10-16 21:04:37.774  2479  2548 I chatty  : uid=1002(bluetooth) BT Service Call identical 2 lines
10-16 21:04:37.774  9724  9900 I FirefoxAccountStateMachine: Processing event 'mozilla.components.service.fxa.manager.Event$Progress$AccountNotFound@451291f' for state Active(progressState=Initializing). Next state is Idle(accountState=NotAuthenticated)
10-16 21:04:37.774  2479  2548 D ScanRecord: Not a Multi Manu data
10-16 21:04:37.775  2479  2548 D ScanRecord: Not a Multi Manu data
10-16 21:04:37.776  2479  2548 I chatty  : uid=1002(bluetooth) BT Service Call identical 24 lines
10-16 21:04:37.776  2479  2548 D ScanRecord: Not a Multi Manu data
10-16 21:04:37.777  3957  9774 V WindowManager: finishDrawingLocked: mDrawState=COMMIT_DRAW_PENDING Window{36011ac u0 org.mozilla.fenix/org.mozilla.fenix.App} in Surface(name=org.mozilla.fenix/org.mozilla.fenix.App)
10-16 21:04:37.777  9724  9724 D ViewRootImpl@847214e[App]: MSG_RESIZED_REPORT: frame=Rect(0, 0 - 720, 1280) ci=Rect(0, 42 - 0, 0) vi=Rect(0, 42 - 0, 0) or=1
10-16 21:04:37.778  9724  9724 D ViewRootImpl@847214e[App]: MSG_WINDOW_FOCUS_CHANGED 1
10-16 21:04:37.781  3599  3918 D DnsProxyListener: DNSDBG::dns addrinfo af 0
10-16 21:04:37.784  3957  4025 D ViewRootImpl@79763dd[fenix]: dispatchDetachedFromWindow
10-16 21:04:37.784  3957  4025 D InputEventReceiver: channel '5d10b52 Splash Screen org.mozilla.fenix (client)' ~ Disposing input event receiver.
10-16 21:04:37.785  3957  4025 D InputEventReceiver: channel '5d10b52 Splash Screen org.mozilla.fenix (client)' ~NativeInputEventReceiver.
10-16 21:04:37.787  3957  3973 D WindowManager: set systemUiVisibility : systemUiFlags= 0x2618 fullscreenStackSysUiFlags= 0x0
10-16 21:04:37.787  2479  2548 D ScanRecord: Not a Multi Manu data
10-16 21:04:37.787  2479  2548 I chatty  : uid=1002(bluetooth) BT Service Call identical 11 lines
10-16 21:04:37.787  2479  2548 D ScanRecord: Not a Multi Manu data
10-16 21:04:37.789  3957  9774 D WindowManager: adjustSystemUiVisibilityLw : vis= 0x2618
10-16 21:04:37.791  3957  3981 I ActivityManager: Displayed org.mozilla.fenix/.App: +1s131ms
10-16 21:04:37.793  3957  3981 D CustomFrequencyManagerService: acquireDVFSLockLocked : type : DVFS_MIN_LIMIT  frequency : 1560000  uid : 1000  pid : 3957  pkgName : AMS_RESUME_TAIL@CPU_MIN@58
10-16 21:04:37.793  2479  2548 D ScanRecord: Not a Multi Manu data
10-16 21:04:37.793  3957  4030 D SensorService: [SO] 0.139 -0.053 9.969
10-16 21:04:37.793  2479  2548 D ScanRecord: Not a Multi Manu data
10-16 21:04:37.793  3957  3981 D ActivityManagerPerformance: AMP_acquire() TAIL
10-16 21:04:37.793  2479  2548 I chatty  : uid=1002(bluetooth) BT Service Call identical 10 lines
10-16 21:04:37.793  2479  2548 D ScanRecord: Not a Multi Manu data
10-16 21:04:37.793  3957  3973 D WindowManager: set systemUiVisibility : systemUiFlags= 0x2618 fullscreenStackSysUiFlags= 0x2000
10-16 21:04:37.793  3957  3981 D CustomFrequencyManagerService: releaseDVFSLockLocked : Getting Lock type frm List : DVFS_MIN_LIMIT  frequency : 1560000  uid : 1000  pid : 3957  tag : AMS_APP_SWITCH@CPU_MIN@52
10-16 21:04:37.794  3957  3981 D ActivityManagerPerformance: AMP_release() APP_SWITCH
10-16 21:04:37.796  9724  9724 V InputMethodManager: Starting input: tba=android.view.inputmethod.EditorInfo@e10246c nm : org.mozilla.fenix ic=null
10-16 21:04:37.796  9724  9724 I InputMethodManager: startInputInner - mService.startInputOrWindowGainedFocus
10-16 21:04:37.796  3957  4602 D InputMethodManagerService: startInputOrWindowGainedFocus : windowGainedFocus 
10-16 21:04:37.797  3957  4602 D InputMethodManagerService: windowGainedFocus: destinationUserId (getCallingUid) = 0
10-16 21:04:37.797  3957  4602 D InputMethodManagerService: windowGainedFocus: currentUserId=0
10-16 21:04:37.797  3957  4602 D InputMethodManagerService: windowGainedFocus: mCurrentFocusedUserId=0
10-16 21:04:37.797  3957  4602 D InputMethodManagerService: windowGainedFocus : lock - currentUserId = 0 destinationUserId = 0
10-16 21:04:37.797  3957  4602 D InputMethodManagerService: windowGainedFocus : mCurrentFocusedUserId - 0 and mSecureKeypadEnabled - false, userSwitched - false
10-16 21:04:37.797  3957  4602 V InputMethodManagerService: windowGainedFocus : reason=WINDOW_FOCUS_GAIN client=android.os.BinderProxy@779affe inputContext=null missingMethods= attribute=android.view.inputmethod.EditorInfo@1688ee5 nm = org.mozilla.fenix controlFlags=#104 softInputMode=#110 windowFlags=#81010100
10-16 21:04:37.797  3957  4602 V InputMethodManagerService: hideCurrentInputLocked : shouldHideSoftInput is false
10-16 21:04:37.797  3957  4602 D InputMethodManagerService: isImeSwitcherDisabledPackage : false
10-16 21:04:37.798  3957  4602 V InputMethodManagerService: Creating new session for client ClientState{f2ccdba uid 10169 pid 9724}
10-16 21:04:37.800  3957  4602 D ConnectivityService: filterNetworkStateForUid() uid: 10169 networkInfo: [type: WIFI[] - WIFI, state: CONNECTED/CONNECTED, reason: (unspecified), extra: "ourhome", failover: false, available: true, roaming: false, metered: false]
10-16 21:04:37.800  3957  4602 D WifiService: getConnectionInfo uid=1000
10-16 21:04:37.801  3957  4602 D ConnectivityService: filterNetworkStateForUid() uid: 10169 networkInfo: [type: WIFI[] - WIFI, state: CONNECTED/CONNECTED, reason: (unspecified), extra: "ourhome", failover: false, available: true, roaming: false, metered: false]
10-16 21:04:37.801  3957  4602 D WifiService: getConnectionInfo uid=1000
10-16 21:04:37.802  3957  9774 D InputMethodManagerService: setCurrentInputInfo - inputContext : null eidtorInfo : android.view.inputmethod.EditorInfo@1688ee5 missingMethods : 0
10-16 21:04:37.802  3957 18006 D ConnectivityService: filterNetworkStateForUid() uid: 10169 networkInfo: [type: WIFI[] - WIFI, state: CONNECTED/CONNECTED, reason: (unspecified), extra: "ourhome", failover: false, available: true, roaming: false, metered: false]
10-16 21:04:37.803  3957 18006 D WifiService: getConnectionInfo uid=1000
10-16 21:04:37.804  2479  2548 D ScanRecord: Not a Multi Manu data
10-16 21:04:37.805  2479  2548 I chatty  : uid=1002(bluetooth) BT Service Call identical 24 lines
10-16 21:04:37.805  2479  2548 D ScanRecord: Not a Multi Manu data
10-16 21:04:37.806  2764  2764 I InputMethodWrapper:  call dispatchStartInputWithToken
10-16 21:04:37.807  2764  2764 I InputMethodService: dispatchStartInputWithToken
10-16 21:04:37.807  2764  2764 I SKBD    : SamsungKeypad [IMI] onStartInput - caller pid : 9724, caller uid : 10169
10-16 21:04:37.810  2479  2548 D ScanRecord: Not a Multi Manu data
10-16 21:04:37.810  9724  9936 I libglean_ffi: glean_core::upload: New upload task with id b3169783-d6c2-4f10-baf9-9481a2b070a9 (path: /submit/org-mozilla-fenix/events/1/b3169783-d6c2-4f10-baf9-9481a2b070a9)
10-16 21:04:37.811  2479  2548 I chatty  : uid=1002(bluetooth) BT Service Call expire 8 lines
10-16 21:04:37.811  2479  2548 D ScanRecord: Not a Multi Manu data
10-16 21:04:37.811  2479  2548 D ScanRecord: Not a Multi Manu data
10-16 21:04:37.811  2479  2548 I chatty  : uid=1002(bluetooth) BT Service Call identical 1 line
10-16 21:04:37.811  2479  2548 D ScanRecord: Not a Multi Manu data
10-16 21:04:37.812  3599  3918 D DnsProxyListener: DNSDBG::dns addrinfo af 2
10-16 21:04:37.817  2479  2548 D ScanRecord: Not a Multi Manu data
10-16 21:04:37.817  2479  2548 I chatty  : uid=1002(bluetooth) BT Service Call identical 11 lines
10-16 21:04:37.817  2479  2548 D ScanRecord: Not a Multi Manu data
10-16 21:04:37.819  9724  9724 V InputMethodManager: Starting input: tba=android.view.inputmethod.EditorInfo@e9b809c nm : org.mozilla.fenix ic=null
