10-16 20:43:57.283  3957  4129 D WifiStateMachine: fetchRssiLinkSpeedAndFrequencyNative rssi=-44 linkspeed=433 freq=5240
10-16 20:43:57.291  7492  7808 I BatteryMgr:DataCollectionService: stats => 1697481837291,-98,4313,-25,0,100
10-16 20:43:57.399  7492  7808 I BatteryMgr:DataCollectionService: stats => 1697481837399,-98,4313,-25,0,100
10-16 20:43:57.415  3957  4129 D WifiStateMachine:  ConnectedState !CMD_RSSI_POLL rt=451240311/1144224792 70 0 "ourhome" f4:6d:2f:12:cc:88 rssi=-44 f=5240 sc=60 link=433 tx=33.5, 0.2, 0.0  rx=46.1 bcn=531655 [on:0 tx:0 rx:0 period:139] from screen [on:342206 period:1310023] score=60
10-16 20:43:57.417  3957  4129 D WifiStateMachine:  L2ConnectedState !CMD_RSSI_POLL rt=451240313/1144224793 70 0 "ourhome" f4:6d:2f:12:cc:88 rssi=-44 f=5240 sc=60 link=433 tx=33.5, 0.2, 0.0  rx=46.1 bcn=531655 [on:0 tx:0 rx:0 period:2] from screen [on:342206 period:1310025] score=60
10-16 20:43:57.417  3957  4129 D WifiStateMachine:  get link layer stats 3
10-16 20:43:57.418  3436  3436 I android.hardware.wifi@1.0-service: getLinkLayerStats
10-16 20:43:57.429  3957  4129 D WifiStateMachine: fetchRssiLinkSpeedAndFrequencyNative rssi=-44 linkspeed=433 freq=5240
10-16 20:43:57.432  4340  4340 E SignalClusterView: setSlotFocusVisible : subId -2
10-16 20:43:57.432  4340  4340 E SignalClusterView: setSlotFocusVisible : subId -2
10-16 20:43:57.508  7492  7808 I BatteryMgr:DataCollectionService: stats => 1697481837508,-98,4313,-25,0,100
10-16 20:43:57.556  2479  2548 D ScanRecord: Not a Multi Manu data
10-16 20:43:57.608  2479  2548 I chatty  : uid=1002(bluetooth) BT Service Call identical 50 lines
10-16 20:43:57.608  2479  2548 D ScanRecord: Not a Multi Manu data
10-16 20:43:57.616  7492  7808 I BatteryMgr:DataCollectionService: stats => 1697481837616,-98,4313,-25,0,100
10-16 20:43:57.620  2479  2548 D ScanRecord: Not a Multi Manu data
10-16 20:43:57.701  2479  2548 I chatty  : uid=1002(bluetooth) BT Service Call identical 180 lines
10-16 20:43:57.701  2479  2548 D ScanRecord: Not a Multi Manu data
10-16 20:43:57.705  2479  2492 I zygote64: Background concurrent copying GC freed 49864(1438KB) AllocSpace objects, 0(0B) LOS objects, 70% free, 653KB/2MB, paused 8.287ms total 59.829ms
10-16 20:43:57.709  2479  2548 D ScanRecord: Not a Multi Manu data
10-16 20:43:57.725  2479  2548 I chatty  : uid=1002(bluetooth) BT Service Call identical 50 lines
10-16 20:43:57.725  2479  2548 D ScanRecord: Not a Multi Manu data
10-16 20:43:57.725  7492  7808 I BatteryMgr:DataCollectionService: stats => 1697481837725,-98,4313,-25,0,100
10-16 20:43:57.729  2479  2548 D ScanRecord: Not a Multi Manu data
10-16 20:43:57.783  2479  2548 I chatty  : uid=1002(bluetooth) BT Service Call identical 128 lines
10-16 20:43:57.783  2479  2548 D ScanRecord: Not a Multi Manu data
10-16 20:43:57.787  3957  4030 D SensorService: [SO] 0.120 -0.072 9.998
10-16 20:43:57.789  2479  2548 D ScanRecord: Not a Multi Manu data
10-16 20:43:57.831  2479  2548 I chatty  : uid=1002(bluetooth) BT Service Call identical 89 lines
10-16 20:43:57.831  2479  2548 D ScanRecord: Not a Multi Manu data
10-16 20:43:57.832  7492  7808 I BatteryMgr:DataCollectionService: stats => 1697481837832,-98,4313,-25,0,100
10-16 20:43:57.840  2479  2548 D ScanRecord: Not a Multi Manu data
10-16 20:43:57.874  4961  4961 D io_stats: !@ 179,0 r 7156163 228748308 w 1511630 31615656 d 121999 32926600 f 352232 371201 iot 3123360 2735818 th 51200 0 0 pt 0 inp 0 0 451240.771
10-16 20:43:57.939  2479  2548 I chatty  : uid=1002(bluetooth) BT Service Call identical 167 lines
10-16 20:43:57.939  2479  2548 D ScanRecord: Not a Multi Manu data
10-16 20:43:57.940  7492  7808 I BatteryMgr:DataCollectionService: stats => 1697481837940,-98,4313,-25,0,100
10-16 20:43:57.942  2479  2548 D ScanRecord: Not a Multi Manu data
10-16 20:43:57.968  2479  2548 I chatty  : uid=1002(bluetooth) BT Service Call identical 63 lines
10-16 20:43:57.968  2479  2548 D ScanRecord: Not a Multi Manu data
10-16 20:43:57.972  3957  4128 D WifiService: getConnectionInfo uid=1000
10-16 20:43:57.978  2479  2548 D ScanRecord: Not a Multi Manu data
10-16 20:43:57.978  2479  2548 I chatty  : uid=1002(bluetooth) BT Service Call identical 12 lines
10-16 20:43:57.982  2479  2548 D ScanRecord: Not a Multi Manu data
10-16 20:43:57.988  2479  2548 D BtGatt.GattService: onScanResult to scannerId: 5- event_type=0x1b, address_type=1, address=DB:9, primary_phy=1, secondary_phy=0, advertising_sid=0xff, tx_power=127, rssi=-93, periodic_adv_int=0x0
10-16 20:43:57.989  2479  2548 D ScanRecord: Not a Multi Manu data
10-16 20:43:57.990  2479  2548 I chatty  : uid=1002(bluetooth) BT Service Call identical 9 lines
10-16 20:43:57.990  2479  2548 D ScanRecord: Not a Multi Manu data
10-16 20:43:57.991  2479  2563 D bt_snoop: capture: count_snoop = 30000, st.st_size = 1646050
10-16 20:43:57.992  2479  2548 D ScanRecord: Not a Multi Manu data
10-16 20:43:58.035  2479  2548 I chatty  : uid=1002(bluetooth) BT Service Call identical 115 lines
10-16 20:43:58.035  2479  2548 D ScanRecord: Not a Multi Manu data
10-16 20:43:58.047  7492  7808 I BatteryMgr:DataCollectionService: stats => 1697481838047,-98,4313,-25,0,100
10-16 20:43:58.156  7492  7808 I BatteryMgr:DataCollectionService: stats => 1697481838156,-98,4313,-25,0,100
10-16 20:43:58.266  7492  7808 I BatteryMgr:DataCollectionService: stats => 1697481838266,-98,4313,-25,0,100
10-16 20:43:58.275  3957  4129 D WifiStateMachine:  ConnectedState !RSSI_PKTCNT_FETCH uid=1000 rt=451241172/1144225653 0 0 "ourhome" f4:6d:2f:12:cc:88 rssi=-44 f=5240 sc=60 link=433 tx=12.3, 0.1, 0.0  rx=17.5 bcn=531682 [on:0 tx:0 rx:0 period:844] from screen [on:342317 period:1310883] score=60
10-16 20:43:58.276  3957  4129 D WifiStateMachine:  L2ConnectedState !RSSI_PKTCNT_FETCH uid=1000 rt=451241173/1144225654 0 0 "ourhome" f4:6d:2f:12:cc:88 rssi=-44 f=5240 sc=60 link=433 tx=12.3, 0.1, 0.0  rx=17.5 bcn=531682 [on:0 tx:0 rx:0 period:1] from screen [on:342317 period:1310884] score=60
10-16 20:43:58.282  3957  4129 D WifiStateMachine: fetchRssiLinkSpeedAndFrequencyNative rssi=-44 linkspeed=433 freq=5240
10-16 20:43:58.374  7492  7808 I BatteryMgr:DataCollectionService: stats => 1697481838374,-98,4313,-25,0,100
10-16 20:43:58.484  7492  7808 I BatteryMgr:DataCollectionService: stats => 1697481838484,-98,4313,-25,0,100
10-16 20:43:58.565  2350  8028 E memtrack: Couldn't load memtrack module
10-16 20:43:58.565  2350  8028 W android.os.Debug: failed to get memory consumption info: -1
10-16 20:43:58.592  7492  7808 I BatteryMgr:DataCollectionService: stats => 1697481838591,-98,4313,-25,0,100
10-16 20:43:58.697  7492  7808 I BatteryMgr:DataCollectionService: stats => 1697481838697,-98,4313,-25,0,100
10-16 20:43:58.805  7492  7808 I BatteryMgr:DataCollectionService: stats => 1697481838805,-98,4313,-25,0,100
10-16 20:43:58.911  7492  7808 I BatteryMgr:DataCollectionService: stats => 1697481838911,-98,4313,-25,0,100
10-16 20:43:58.974  3957  4128 D WifiService: getConnectionInfo uid=1000
10-16 20:43:59.018  7492  7808 I BatteryMgr:DataCollectionService: stats => 1697481839017,-98,4313,-25,0,100
10-16 20:43:59.125  7492  7808 I BatteryMgr:DataCollectionService: stats => 1697481839125,-98,4313,-25,0,100
10-16 20:43:59.233  7492  7808 I BatteryMgr:DataCollectionService: stats => 1697481839233,-98,4313,-25,0,100
10-16 20:43:59.277  3957  4129 D WifiStateMachine:  ConnectedState !RSSI_PKTCNT_FETCH uid=1000 rt=451242174/1144226654 0 0 "ourhome" f4:6d:2f:12:cc:88 rssi=-44 f=5240 sc=60 link=433 tx=12.3, 0.1, 0.0  rx=17.5 bcn=531682 [on:0 tx:0 rx:0 period:1001] from screen [on:342317 period:1311885] score=60
10-16 20:43:59.278  3957  4129 D WifiStateMachine:  L2ConnectedState !RSSI_PKTCNT_FETCH uid=1000 rt=451242175/1144226655 0 0 "ourhome" f4:6d:2f:12:cc:88 rssi=-44 f=5240 sc=60 link=433 tx=12.3, 0.1, 0.0  rx=17.5 bcn=531682 [on:0 tx:0 rx:0 period:1] from screen [on:342317 period:1311886] score=60
10-16 20:43:59.284  3957  4129 D WifiStateMachine: fetchRssiLinkSpeedAndFrequencyNative rssi=-44 linkspeed=433 freq=5240
10-16 20:43:59.341  7492  7808 I BatteryMgr:DataCollectionService: stats => 1697481839341,-98,4313,-25,0,100
10-16 20:43:59.448  7492  7808 I BatteryMgr:DataCollectionService: stats => 1697481839448,-98,4313,-25,0,100
10-16 20:43:59.555  7492  7808 I BatteryMgr:DataCollectionService: stats => 1697481839555,-98,4313,-25,0,100
10-16 20:43:59.662  7492  7808 I BatteryMgr:DataCollectionService: stats => 1697481839662,-98,4313,-25,0,100
10-16 20:43:59.770  7492  7808 I BatteryMgr:DataCollectionService: stats => 1697481839770,-98,4313,-25,0,100
10-16 20:43:59.878  7492  7808 I BatteryMgr:DataCollectionService: stats => 1697481839878,-98,4313,-25,0,100
10-16 20:43:59.976  3957  4128 D WifiService: getConnectionInfo uid=1000
10-16 20:43:59.988  7492  7808 I BatteryMgr:DataCollectionService: stats => 1697481839988,-98,4313,-25,0,100
10-16 20:43:59.999  3957  4045 D SamsungAlarmManager: Expired : 8
10-16 20:44:00.007  3957  4045 V SamsungAlarmManager: Sending to uid : 1000 action=android.intent.action.TIME_TICK alarm=Alarm{2b72ce1 type 3 when 1144227378 android}
10-16 20:44:00.012  3957  4045 D SamsungAlarmManager: Expired : 4
10-16 20:44:00.014  3957  3957 D SamsungAlarmManager: setExact Intent (T:3/F:1/AC:false) 20231016T204500 - CU:1000/CP:3957
10-16 20:44:00.015  3957  4045 I SamsungAlarmManager: setLocked to kernel - T:2 / 20231016T204651, SetElapsed=1144398652, nowELAPSED=1144227393
10-16 20:44:00.015  3957  4045 I SamsungAlarmManager: setLocked to kernel - T:3 / 20231016T204500, SetElapsed=1144287379, nowELAPSED=1144227393
10-16 20:44:00.015  3957  4045 V SamsungAlarmManager: Sending to uid : 1000 listener=android.app.AlarmManager$ListenerWrapper@21080e8 alarm=Alarm{a5ed8c7 type 2 when 1144198993 android}
10-16 20:44:00.016  4340  4340 D KeyguardUpdateMonitor: received broadcast android.intent.action.TIME_TICK
10-16 20:44:00.016  3957  4045 V SamsungAlarmManager: Sending to uid : 10074 action=com.samsung.action.EVERY_MINUTE_CLOCK_UPDATE alarm=Alarm{1591ef4 type 1 when 1697481840000 com.sec.android.app.launcher}
10-16 20:44:00.018  4340  4340 D KeyguardServiceBoxContainer: refreshTime() 1
10-16 20:44:00.022   426   426 I Launcher: onReceive: com.samsung.action.EVERY_MINUTE_CLOCK_UPDATE
10-16 20:44:00.025  3957  3957 D SamsungAlarmManager: setInexact Listener (T:2/F:0/AC:false) 20231016T204620 - CU:1000/CP:3957
10-16 20:44:00.025  3957  3957 I SamsungAlarmManager: setLocked to kernel - T:2 / 20231016T204620, SetElapsed=1144367791, nowELAPSED=1144227404
10-16 20:44:00.030  3957  4651 D SamsungAlarmManager: setInexact Intent (T:1/F:0/AC:false) 20231016T204500 - CU:10074/CP:426
10-16 20:44:00.030  3957  4651 I SamsungAlarmManager: setLocked to kernel - T:3 / 20231016T204459, SetElapsed=1144287378, nowELAPSED=1144227409
10-16 20:44:00.034   426   426 I IconView: applyFromShortcutInfo - start GetLive : com.samsung.android.calendar
10-16 20:44:00.034   426   426 I BitmapCacheContainer: getBitmapCache: BitmapCache expired com.samsung.android.calendar/UserHandle{0}
10-16 20:44:00.051   426   426 D ApplicationPackageManager: we has com.samsung.android.calendar class. reuse it 
10-16 20:44:00.085  4340  4340 D KeyguardUpdateMonitor: handleStatusBarState( false )
10-16 20:44:00.092  4340  4340 D KeyguardUpdateMonitor: handleStatusBarState( false )
10-16 20:44:00.099  7492  7808 I BatteryMgr:DataCollectionService: stats => 1697481840099,-98,4313,-25,0,100
10-16 20:44:00.116   426   426 I ApplicationPackageManager: load= live icon for com.samsung.android.calendar, from overlay = false
10-16 20:44:00.117   426   426 I LiveIconManager: getLiveIcon: complete(sync_created)
10-16 20:44:00.118   426   426 I IconView: applyFromShortcutInfo - end GetLive : com.samsung.android.calendar
10-16 20:44:00.153   426   426 I IconView: applyFromApplicationInfo - start GetLive : com.sec.android.app.clockpackage
10-16 20:44:00.157   426   426 D ApplicationPackageManager: we has com.sec.android.app.clockpackage class. reuse it 
10-16 20:44:00.161   426   426 D LiveIconLoader: getLiveIcon was called in ClockPackage
10-16 20:44:00.162   426   426 D LiveIconLoader: getLiveIcon res = com.sec.android.app.clockpackage
10-16 20:44:00.166   426   426 D LiveIconLoader: stdIconSize : 84 , targetIconSize : 94
10-16 20:44:00.166   426   426 D LiveIconLoader: mIconDpi : 320 , mTargetIconDpi : 280
10-16 20:44:00.185   426   426 I ApplicationPackageManager: load= live icon for com.sec.android.app.clockpackage, from overlay = false
10-16 20:44:00.185   426   426 I LiveIconManager: getLiveIcon: complete(sync_created)
10-16 20:44:00.185   426   426 I IconView: applyFromApplicationInfo - end GetLive : com.sec.android.app.clockpackage
10-16 20:44:00.186   426   426 I IconView: applyFromApplicationInfo - start GetLive : com.samsung.android.calendar
10-16 20:44:00.186   426   426 I IconView: applyFromApplicationInfo - end GetLive : com.samsung.android.calendar
10-16 20:44:00.207  7492  7808 I BatteryMgr:DataCollectionService: stats => 1697481840206,-98,4313,-25,0,100
10-16 20:44:00.278  3957  4129 D WifiStateMachine:  ConnectedState !RSSI_PKTCNT_FETCH uid=1000 rt=451243175/1144227656 0 0 "ourhome" f4:6d:2f:12:cc:88 rssi=-44 f=5240 sc=60 link=433 tx=12.3, 0.1, 0.0  rx=17.5 bcn=531682 [on:0 tx:0 rx:0 period:1000] from screen [on:342317 period:1312886] score=60
10-16 20:44:00.280  3957  4129 D WifiStateMachine:  L2ConnectedState !RSSI_PKTCNT_FETCH uid=1000 rt=451243176/1144227657 0 0 "ourhome" f4:6d:2f:12:cc:88 rssi=-44 f=5240 sc=60 link=433 tx=12.3, 0.1, 0.0  rx=17.5 bcn=531682 [on:0 tx:0 rx:0 period:1] from screen [on:342317 period:1312887] score=60
10-16 20:44:00.286  3957  4129 D WifiStateMachine: fetchRssiLinkSpeedAndFrequencyNative rssi=-44 linkspeed=433 freq=5240
10-16 20:44:00.320  7492  7808 I BatteryMgr:DataCollectionService: stats => 1697481840320,-98,4313,-25,0,100
10-16 20:44:00.430  7492  7808 I BatteryMgr:DataCollectionService: stats => 1697481840430,-98,4313,-25,0,100
10-16 20:44:00.431  3957  4129 D WifiStateMachine:  ConnectedState !CMD_RSSI_POLL rt=451243328/1144227808 70 0 "ourhome" f4:6d:2f:12:cc:88 rssi=-44 f=5240 sc=60 link=433 tx=12.3, 0.1, 0.0  rx=17.5 bcn=531682 [on:0 tx:0 rx:0 period:152] from screen [on:342317 period:1313039] score=60
10-16 20:44:00.432  3957  4129 D WifiStateMachine:  L2ConnectedState !CMD_RSSI_POLL rt=451243329/1144227810 70 0 "ourhome" f4:6d:2f:12:cc:88 rssi=-44 f=5240 sc=60 link=433 tx=12.3, 0.1, 0.0  rx=17.5 bcn=531682 [on:0 tx:0 rx:0 period:1] from screen [on:342317 period:1313040] score=60
10-16 20:44:00.432  3957  4129 D WifiStateMachine:  get link layer stats 3
10-16 20:44:00.433  3436  3436 I android.hardware.wifi@1.0-service: getLinkLayerStats
10-16 20:44:00.451  3957  4129 D WifiStateMachine: fetchRssiLinkSpeedAndFrequencyNative rssi=-44 linkspeed=433 freq=5240
10-16 20:44:00.457  4340  4340 E SignalClusterView: setSlotFocusVisible : subId -2
10-16 20:44:00.457  4340  4340 E SignalClusterView: setSlotFocusVisible : subId -2
10-16 20:44:00.539  7492  7808 I BatteryMgr:DataCollectionService: stats => 1697481840539,-98,4313,-25,0,100
10-16 20:44:00.646  7492  7808 I BatteryMgr:DataCollectionService: stats => 1697481840646,-233,4313,-124,0,100
10-16 20:44:00.754  7492  7808 I BatteryMgr:DataCollectionService: stats => 1697481840753,-233,4313,-124,0,100
10-16 20:44:00.864  7492  7808 I BatteryMgr:DataCollectionService: stats => 1697481840863,-233,4313,-124,0,100
10-16 20:44:00.975  7492  7808 I BatteryMgr:DataCollectionService: stats => 1697481840974,-233,4313,-124,0,100
10-16 20:44:00.978  3957  4128 D WifiService: getConnectionInfo uid=1000
10-16 20:44:01.082  7492  7808 I BatteryMgr:DataCollectionService: stats => 1697481841082,-233,4313,-124,0,100
10-16 20:44:01.101  3957  8324 D BatteryService: !@BatteryListener : batteryPropertiesChanged!
10-16 20:44:01.192  7492  7808 I BatteryMgr:DataCollectionService: stats => 1697481841192,-233,4313,-124,0,100
10-16 20:44:01.279  3957  4129 D WifiStateMachine:  ConnectedState !RSSI_PKTCNT_FETCH uid=1000 rt=451244176/1144228657 0 0 "ourhome" f4:6d:2f:12:cc:88 rssi=-44 f=5240 sc=60 link=433 tx=4.5, 0.0, 0.0  rx=10.2 bcn=531710 [on:0 tx:0 rx:0 period:826] from screen [on:342632 period:1313887] score=60
10-16 20:44:01.281  3957  4129 D WifiStateMachine:  L2ConnectedState !RSSI_PKTCNT_FETCH uid=1000 rt=451244177/1144228658 0 0 "ourhome" f4:6d:2f:12:cc:88 rssi=-44 f=5240 sc=60 link=433 tx=4.5, 0.0, 0.0  rx=10.2 bcn=531710 [on:0 tx:0 rx:0 period:1] from screen [on:342632 period:1313888] score=60
10-16 20:44:01.287  3957  4129 D WifiStateMachine: fetchRssiLinkSpeedAndFrequencyNative rssi=-44 linkspeed=433 freq=5240
10-16 20:44:01.299  7492  7808 I BatteryMgr:DataCollectionService: stats => 1697481841299,-233,4313,-124,0,100
10-16 20:44:01.405  7492  7808 I BatteryMgr:DataCollectionService: stats => 1697481841405,-233,4313,-124,0,100
10-16 20:44:01.514  7492  7808 I BatteryMgr:DataCollectionService: stats => 1697481841514,-233,4313,-124,0,100
10-16 20:44:01.623  7492  7808 I BatteryMgr:DataCollectionService: stats => 1697481841623,-233,4313,-124,0,100
10-16 20:44:01.732  7492  7808 I BatteryMgr:DataCollectionService: stats => 1697481841732,-233,4313,-124,0,100
10-16 20:44:01.840  7492  7808 I BatteryMgr:DataCollectionService: stats => 1697481841840,-233,4313,-124,0,100
10-16 20:44:01.947  7492  7808 I BatteryMgr:DataCollectionService: stats => 1697481841946,-233,4313,-124,0,100
10-16 20:44:01.980  3957  4128 D WifiService: getConnectionInfo uid=1000
10-16 20:44:01.988  4340  4731 D NetworkController.MobileSignalController(0/-2): onSignalStrengthsChanged signalStrength=SignalStrength: 27 99 -27 -200 -27 -200 -1 99 2147483647 2147483647 2147483647 2147483647 0 2147483647 0x4 P gsm|lte level=4
10-16 20:44:01.988  4340  4731 D NetworkController.MobileSignalController(0/-2): getMobileIconGroup(): 0
10-16 20:44:02.053  7492  7808 I BatteryMgr:DataCollectionService: stats => 1697481842053,-233,4313,-124,0,100
10-16 20:44:02.161  7492  7808 I BatteryMgr:DataCollectionService: stats => 1697481842161,-233,4313,-124,0,100
10-16 20:44:02.269  7492  7808 I BatteryMgr:DataCollectionService: stats => 1697481842269,-233,4313,-124,0,100
10-16 20:44:02.281  3957  4129 D WifiStateMachine:  ConnectedState !RSSI_PKTCNT_FETCH uid=1000 rt=451245177/1144229658 0 0 "ourhome" f4:6d:2f:12:cc:88 rssi=-44 f=5240 sc=60 link=433 tx=4.5, 0.0, 0.0  rx=10.2 bcn=531710 [on:0 tx:0 rx:0 period:1001] from screen [on:342632 period:1314889] score=60
10-16 20:44:02.282  3957  4129 D WifiStateMachine:  L2ConnectedState !RSSI_PKTCNT_FETCH uid=1000 rt=451245178/1144229659 0 0 "ourhome" f4:6d:2f:12:cc:88 rssi=-44 f=5240 sc=60 link=433 tx=4.5, 0.0, 0.0  rx=10.2 bcn=531710 [on:0 tx:0 rx:0 period:0] from screen [on:342632 period:1314889] score=60
10-16 20:44:02.287  3957  4129 D WifiStateMachine: fetchRssiLinkSpeedAndFrequencyNative rssi=-45 linkspeed=433 freq=5240
10-16 20:44:02.377  7492  7808 I BatteryMgr:DataCollectionService: stats => 1697481842377,-233,4313,-124,0,100
10-16 20:44:02.483  7492  7808 I BatteryMgr:DataCollectionService: stats => 1697481842483,-233,4313,-124,0,100
10-16 20:44:02.555  2479  2548 D ScanRecord: Not a Multi Manu data
10-16 20:44:02.589  2479  2548 I chatty  : uid=1002(bluetooth) BT Service Call identical 102 lines
10-16 20:44:02.589  2479  2548 D ScanRecord: Not a Multi Manu data
10-16 20:44:02.591  7492  7808 I BatteryMgr:DataCollectionService: stats => 1697481842591,-233,4313,-124,0,100
10-16 20:44:02.595  2479  2548 D ScanRecord: Not a Multi Manu data
10-16 20:44:02.693  2479  2548 I chatty  : uid=1002(bluetooth) BT Service Call identical 232 lines
10-16 20:44:02.693  2479  2548 D ScanRecord: Not a Multi Manu data
10-16 20:44:02.700  7492  7808 I BatteryMgr:DataCollectionService: stats => 1697481842700,-233,4313,-124,0,100
10-16 20:44:02.703  2479  2548 D ScanRecord: Not a Multi Manu data
10-16 20:44:02.807  2479  2548 I chatty  : uid=1002(bluetooth) BT Service Call identical 310 lines
10-16 20:44:02.807  2479  2548 D ScanRecord: Not a Multi Manu data
10-16 20:44:02.809  7492  7808 I BatteryMgr:DataCollectionService: stats => 1697481842809,-233,4313,-124,0,100
10-16 20:44:02.816  2479  2548 D ScanRecord: Not a Multi Manu data
10-16 20:44:02.851  3957  6478 D SSRM:k  : SIOP:: AP = 420, PST = 348 (W:10), BAT = 282, USB = 0, CHG = 0
10-16 20:44:02.876  4961  4961 D io_stats: !@ 179,0 r 7156700 228762604 w 1511643 31615804 d 122000 32926676 f 352233 371202 iot 3123556 2735960 th 51200 0 0 pt 0 inp 0 0 451245.773
10-16 20:44:02.917  2479  2548 I chatty  : uid=1002(bluetooth) BT Service Call identical 206 lines
10-16 20:44:02.917  2479  2548 D ScanRecord: Not a Multi Manu data
10-16 20:44:02.917  7492  7808 I BatteryMgr:DataCollectionService: stats => 1697481842917,-233,4313,-124,0,100
10-16 20:44:02.925  2479  2548 D ScanRecord: Not a Multi Manu data
10-16 20:44:02.982  2479  2548 I chatty  : uid=1002(bluetooth) BT Service Call identical 128 lines
10-16 20:44:02.982  2479  2548 D ScanRecord: Not a Multi Manu data
10-16 20:44:02.982  3957  4128 D WifiService: getConnectionInfo uid=1000
10-16 20:44:02.983  2479  2548 D ScanRecord: Not a Multi Manu data
10-16 20:44:03.020  2479  2548 I chatty  : uid=1002(bluetooth) BT Service Call identical 51 lines
10-16 20:44:03.031  2479  2548 D ScanRecord: Not a Multi Manu data
10-16 20:44:03.031  7492  7808 I BatteryMgr:DataCollectionService: stats => 1697481843031,-233,4313,-124,0,100
10-16 20:44:03.031  2479  2548 D ScanRecord: Not a Multi Manu data
10-16 20:44:03.044  2479  2548 I chatty  : uid=1002(bluetooth) BT Service Call identical 62 lines
10-16 20:44:03.044  2479  2548 D ScanRecord: Not a Multi Manu data
10-16 20:44:03.139  7492  7808 I BatteryMgr:DataCollectionService: stats => 1697481843139,-233,4313,-124,0,100
10-16 20:44:03.248  7492  7808 I BatteryMgr:DataCollectionService: stats => 1697481843248,-233,4313,-124,0,100
10-16 20:44:03.284  3957  4129 D WifiStateMachine:  ConnectedState !RSSI_PKTCNT_FETCH uid=1000 rt=451246179/1144230659 0 0 "ourhome" f4:6d:2f:12:cc:88 rssi=-45 f=5240 sc=60 link=433 tx=4.5, 0.0, 0.0  rx=10.2 bcn=531710 [on:0 tx:0 rx:0 period:1003] from screen [on:342632 period:1315892] score=60
10-16 20:44:03.285  3957  4129 D WifiStateMachine:  L2ConnectedState !RSSI_PKTCNT_FETCH uid=1000 rt=451246182/1144230663 0 0 "ourhome" f4:6d:2f:12:cc:88 rssi=-45 f=5240 sc=60 link=433 tx=4.5, 0.0, 0.0  rx=10.2 bcn=531710 [on:0 tx:0 rx:0 period:1] from screen [on:342632 period:1315893] score=60
10-16 20:44:03.286  3957  4129 D WifiStateMachine: fetchRssiLinkSpeedAndFrequencyNative rssi=-45 linkspeed=433 freq=5240
10-16 20:44:03.354  7492  7808 I BatteryMgr:DataCollectionService: stats => 1697481843354,-233,4313,-124,0,100
10-16 20:44:03.417  3957  4084 D InputReader: Input event(3): value=1 when=451246314545000
10-16 20:44:03.417  3957  4084 D InputReader: Input event(3): value=1 when=451246314545000
10-16 20:44:03.417  3957  4084 I InputReader: Touch event's action is 0x0 (deviceType=0) [pCnt=1, s=0.2159 ] when=451246314545000
10-16 20:44:03.418  3957  4083 I InputDispatcher: Delivering touch to (4340): action: 0x4, toolType: 1
10-16 20:44:03.419  3957  4083 I InputDispatcher: Delivering touch to (7536): action: 0x0, toolType: 1
10-16 20:44:03.424  7536  7536 D ViewRootImpl@1786449[App]: ViewPostIme pointer 0
10-16 20:44:03.446  7536  7566 D GeckoIdleService: next timeout 5000 msec from now
10-16 20:44:03.446  7536  7566 D GeckoIdleService: SetTimerExpiryIfBefore: next timeout 5000 msec from now
10-16 20:44:03.447  7536  7566 D GeckoIdleService: reset timer expiry to 5009 msec from now
10-16 20:44:03.447  7536  7566 D GeckoIdleService: Reset idle timeout: tell observer 0x741bac71c8 user is back
10-16 20:44:03.454  3957  4129 D WifiStateMachine:  ConnectedState !CMD_RSSI_POLL rt=451246350/1144230830 70 0 "ourhome" f4:6d:2f:12:cc:88 rssi=-45 f=5240 sc=60 link=433 tx=4.5, 0.0, 0.0  rx=10.2 bcn=531710 [on:0 tx:0 rx:0 period:169] from screen [on:342632 period:1316062] score=60
10-16 20:44:03.455  3957  4129 D WifiStateMachine:  L2ConnectedState !CMD_RSSI_POLL rt=451246352/1144230832 70 0 "ourhome" f4:6d:2f:12:cc:88 rssi=-45 f=5240 sc=60 link=433 tx=4.5, 0.0, 0.0  rx=10.2 bcn=531710 [on:0 tx:0 rx:0 period:1] from screen [on:342632 period:1316063] score=60
10-16 20:44:03.457  3957  4129 D WifiStateMachine:  get link layer stats 3
10-16 20:44:03.458  3436  3436 I android.hardware.wifi@1.0-service: getLinkLayerStats
10-16 20:44:03.466  7492  7808 I BatteryMgr:DataCollectionService: stats => 1697481843466,-233,4313,-124,0,100
10-16 20:44:03.469  3957  4129 D WifiStateMachine: fetchRssiLinkSpeedAndFrequencyNative rssi=-45 linkspeed=433 freq=5240
10-16 20:44:03.472  4340  4340 E SignalClusterView: setSlotFocusVisible : subId -2
10-16 20:44:03.473  4340  4340 E SignalClusterView: setSlotFocusVisible : subId -2
10-16 20:44:03.507  3957  4084 D InputReader: Input event(3): value=0 when=451246404963000
10-16 20:44:03.507  3957  4084 D InputReader: Input event(3): value=0 when=451246404963000
10-16 20:44:03.507  3957  4084 I InputReader: Touch event's action is 0x1 (deviceType=0) [pCnt=1, s=] when=451246404963000
10-16 20:44:03.507  3957  4083 I InputDispatcher: Delivering touch to (7536): action: 0x1, toolType: 1
10-16 20:44:03.508  7536  7536 D ViewRootImpl@1786449[App]: ViewPostIme pointer 1
10-16 20:44:03.573  7492  7497 I zygote64: Do partial code cache collection, code=61KB, data=47KB
10-16 20:44:03.573  7492  7808 I BatteryMgr:DataCollectionService: stats => 1697481843573,-233,4313,-124,0,100
10-16 20:44:03.575  7492  7497 I zygote64: After code cache collection, code=61KB, data=47KB
10-16 20:44:03.575  7492  7497 I zygote64: Increasing code cache capacity to 256KB
10-16 20:44:03.682  7492  7808 I BatteryMgr:DataCollectionService: stats => 1697481843682,-233,4313,-124,0,100
10-16 20:44:03.790  7492  7808 I BatteryMgr:DataCollectionService: stats => 1697481843789,-233,4313,-124,0,100
10-16 20:44:03.897  7492  7808 I BatteryMgr:DataCollectionService: stats => 1697481843897,-233,4313,-124,0,100
10-16 20:44:03.984  3957  4128 D WifiService: getConnectionInfo uid=1000
10-16 20:44:04.004  7492  7808 I BatteryMgr:DataCollectionService: stats => 1697481844004,-233,4313,-124,0,100
10-16 20:44:04.112  7492  7808 I BatteryMgr:DataCollectionService: stats => 1697481844112,-233,4313,-124,0,100
10-16 20:44:04.221  7492  7808 I BatteryMgr:DataCollectionService: stats => 1697481844221,-233,4313,-124,0,100
10-16 20:44:04.283  3957  4129 D WifiStateMachine:  ConnectedState !RSSI_PKTCNT_FETCH uid=1000 rt=451247179/1144231660 0 0 "ourhome" f4:6d:2f:12:cc:88 rssi=-45 f=5240 sc=60 link=433 tx=13.1, 1.9, 0.0  rx=34.8 bcn=531739 [on:0 tx:0 rx:0 period:810] from screen [on:344347 period:1316891] score=60
10-16 20:44:04.284  3957  4129 D WifiStateMachine:  L2ConnectedState !RSSI_PKTCNT_FETCH uid=1000 rt=451247181/1144231661 0 0 "ourhome" f4:6d:2f:12:cc:88 rssi=-45 f=5240 sc=60 link=433 tx=13.1, 1.9, 0.0  rx=34.8 bcn=531739 [on:0 tx:0 rx:0 period:1] from screen [on:344347 period:1316892] score=60
10-16 20:44:04.286  3957  4129 D WifiStateMachine: fetchRssiLinkSpeedAndFrequencyNative rssi=-44 linkspeed=433 freq=5240
10-16 20:44:04.330  7492  7808 I BatteryMgr:DataCollectionService: stats => 1697481844330,-233,4313,-124,0,100
10-16 20:44:04.437  7492  7808 I BatteryMgr:DataCollectionService: stats => 1697481844437,-233,4313,-124,0,100
10-16 20:44:04.525  7536  7547 I zygote64: Background concurrent copying GC freed 132136(4MB) AllocSpace objects, 12(384KB) LOS objects, 50% free, 5MB/10MB, paused 3.644ms total 171.478ms
10-16 20:44:04.546  7492  7808 I BatteryMgr:DataCollectionService: stats => 1697481844546,-233,4313,-124,0,100
10-16 20:44:04.655  7492  7808 I BatteryMgr:DataCollectionService: stats => 1697481844655,-233,4313,-124,0,100
10-16 20:44:04.766  7492  7808 I BatteryMgr:DataCollectionService: stats => 1697481844766,-233,4313,-124,0,100
10-16 20:44:04.873  7492  7808 I BatteryMgr:DataCollectionService: stats => 1697481844873,-233,4313,-124,0,100
10-16 20:44:04.980  7492  7808 I BatteryMgr:DataCollectionService: stats => 1697481844980,-233,4313,-124,0,100
10-16 20:44:04.986  3957  4128 D WifiService: getConnectionInfo uid=1000
10-16 20:44:05.088  7492  7808 I BatteryMgr:DataCollectionService: stats => 1697481845088,-233,4313,-124,0,100
10-16 20:44:05.195  7492  7808 I BatteryMgr:DataCollectionService: stats => 1697481845194,-233,4313,-124,0,100
10-16 20:44:05.283  3957  4129 D WifiStateMachine:  ConnectedState !RSSI_PKTCNT_FETCH uid=1000 rt=451248180/1144232661 0 0 "ourhome" f4:6d:2f:12:cc:88 rssi=-44 f=5240 sc=60 link=433 tx=13.1, 1.9, 0.0  rx=34.8 bcn=531739 [on:0 tx:0 rx:0 period:999] from screen [on:344347 period:1317891] score=60
10-16 20:44:05.284  3957  4129 D WifiStateMachine:  L2ConnectedState !RSSI_PKTCNT_FETCH uid=1000 rt=451248181/1144232662 0 0 "ourhome" f4:6d:2f:12:cc:88 rssi=-44 f=5240 sc=60 link=433 tx=13.1, 1.9, 0.0  rx=34.8 bcn=531739 [on:0 tx:0 rx:0 period:1] from screen [on:344347 period:1317892] score=60
10-16 20:44:05.290  3957  4129 D WifiStateMachine: fetchRssiLinkSpeedAndFrequencyNative rssi=-44 linkspeed=433 freq=5240
10-16 20:44:05.300  7492  7808 I BatteryMgr:DataCollectionService: stats => 1697481845300,-233,4313,-124,0,100
10-16 20:44:05.407  7492  7808 I BatteryMgr:DataCollectionService: stats => 1697481845407,-233,4313,-124,0,100
10-16 20:44:05.515  7492  7808 I BatteryMgr:DataCollectionService: stats => 1697481845515,-233,4313,-124,0,100
10-16 20:44:05.621  7492  7808 I BatteryMgr:DataCollectionService: stats => 1697481845621,-233,4313,-124,0,100
10-16 20:44:05.728  7492  7808 I BatteryMgr:DataCollectionService: stats => 1697481845728,-233,4313,-124,0,100
10-16 20:44:05.838  7492  7808 I BatteryMgr:DataCollectionService: stats => 1697481845835,-233,4313,-124,0,100
10-16 20:44:05.946  7492  7808 I BatteryMgr:DataCollectionService: stats => 1697481845946,-233,4313,-124,0,100
10-16 20:44:05.988  3957  4128 D WifiService: getConnectionInfo uid=1000
10-16 20:44:06.052  7492  7808 I BatteryMgr:DataCollectionService: stats => 1697481846052,-233,4313,-124,0,100
10-16 20:44:06.159  7492  7808 I BatteryMgr:DataCollectionService: stats => 1697481846159,-233,4313,-124,0,100
10-16 20:44:06.265  7492  7808 I BatteryMgr:DataCollectionService: stats => 1697481846265,-233,4313,-124,0,100
10-16 20:44:06.285  3957  4129 D WifiStateMachine:  ConnectedState !RSSI_PKTCNT_FETCH uid=1000 rt=451249182/1144233663 0 0 "ourhome" f4:6d:2f:12:cc:88 rssi=-44 f=5240 sc=60 link=433 tx=13.1, 1.9, 0.0  rx=34.8 bcn=531739 [on:0 tx:0 rx:0 period:1001] from screen [on:344347 period:1318893] score=60
10-16 20:44:06.287  3957  4129 D WifiStateMachine:  L2ConnectedState !RSSI_PKTCNT_FETCH uid=1000 rt=451249183/1144233664 0 0 "ourhome" f4:6d:2f:12:cc:88 rssi=-44 f=5240 sc=60 link=433 tx=13.1, 1.9, 0.0  rx=34.8 bcn=531739 [on:0 tx:0 rx:0 period:2] from screen [on:344347 period:1318895] score=60
10-16 20:44:06.292  3957  4129 D WifiStateMachine: fetchRssiLinkSpeedAndFrequencyNative rssi=-45 linkspeed=433 freq=5240
10-16 20:44:06.372  7492  7808 I BatteryMgr:DataCollectionService: stats => 1697481846372,-233,4313,-124,0,100
10-16 20:44:06.471  3957  4129 D WifiStateMachine:  ConnectedState !CMD_RSSI_POLL rt=451249368/1144233848 70 0 "ourhome" f4:6d:2f:12:cc:88 rssi=-45 f=5240 sc=60 link=433 tx=13.1, 1.9, 0.0  rx=34.8 bcn=531739 [on:0 tx:0 rx:0 period:184] from screen [on:344347 period:1319079] score=60
10-16 20:44:06.472  3957  4129 D WifiStateMachine:  L2ConnectedState !CMD_RSSI_POLL rt=451249369/1144233849 70 0 "ourhome" f4:6d:2f:12:cc:88 rssi=-45 f=5240 sc=60 link=433 tx=13.1, 1.9, 0.0  rx=34.8 bcn=531739 [on:0 tx:0 rx:0 period:1] from screen [on:344347 period:1319080] score=60
10-16 20:44:06.472  3957  4129 D WifiStateMachine:  get link layer stats 3
10-16 20:44:06.473  3436  3436 I android.hardware.wifi@1.0-service: getLinkLayerStats
10-16 20:44:06.480  7492  7808 I BatteryMgr:DataCollectionService: stats => 1697481846480,-233,4313,-124,0,100
10-16 20:44:06.491  3957  4129 D WifiStateMachine: fetchRssiLinkSpeedAndFrequencyNative rssi=-45 linkspeed=433 freq=5240
10-16 20:44:06.493  4340  4340 E SignalClusterView: setSlotFocusVisible : subId -2
10-16 20:44:06.493  4340  4340 E SignalClusterView: setSlotFocusVisible : subId -2
10-16 20:44:06.586  7492  7808 I BatteryMgr:DataCollectionService: stats => 1697481846586,-233,4313,-124,0,100
10-16 20:44:06.618  2495  8031 E memtrack: Couldn't load memtrack module
10-16 20:44:06.618  2495  8031 W android.os.Debug: failed to get memory consumption info: -1
10-16 20:44:06.693  7492  7808 I BatteryMgr:DataCollectionService: stats => 1697481846693,-233,4313,-124,0,100
10-16 20:44:06.800  7492  7808 I BatteryMgr:DataCollectionService: stats => 1697481846800,-233,4313,-124,0,100
10-16 20:44:06.907  7492  7808 I BatteryMgr:DataCollectionService: stats => 1697481846907,-233,4313,-124,0,100
10-16 20:44:06.990  3957  4128 D WifiService: getConnectionInfo uid=1000
10-16 20:44:07.016  7492  7808 I BatteryMgr:DataCollectionService: stats => 1697481847016,-233,4313,-124,0,100
10-16 20:44:07.124  7492  7808 I BatteryMgr:DataCollectionService: stats => 1697481847124,-233,4313,-124,0,100
10-16 20:44:07.233  7492  7808 I BatteryMgr:DataCollectionService: stats => 1697481847233,-233,4313,-124,0,100
10-16 20:44:07.287  3957  4129 D WifiStateMachine:  ConnectedState !RSSI_PKTCNT_FETCH uid=1000 rt=451250184/1144234665 0 0 "ourhome" f4:6d:2f:12:cc:88 rssi=-45 f=5240 sc=60 link=433 tx=10.5, 0.7, 0.0  rx=24.8 bcn=531768 [on:0 tx:0 rx:0 period:794] from screen [on:345751 period:1319895] score=60
10-16 20:44:07.288  3957  4129 D WifiStateMachine:  L2ConnectedState !RSSI_PKTCNT_FETCH uid=1000 rt=451250185/1144234665 0 0 "ourhome" f4:6d:2f:12:cc:88 rssi=-45 f=5240 sc=60 link=433 tx=10.5, 0.7, 0.0  rx=24.8 bcn=531768 [on:0 tx:0 rx:0 period:1] from screen [on:345751 period:1319896] score=60
10-16 20:44:07.293  3957  4129 D WifiStateMachine: fetchRssiLinkSpeedAndFrequencyNative rssi=-45 linkspeed=433 freq=5240
10-16 20:44:07.339  7492  7808 I BatteryMgr:DataCollectionService: stats => 1697481847338,-233,4313,-124,0,100
10-16 20:44:07.445  7492  7808 I BatteryMgr:DataCollectionService: stats => 1697481847445,-233,4313,-124,0,100
10-16 20:44:07.550  7492  7808 I BatteryMgr:DataCollectionService: stats => 1697481847550,-233,4313,-124,0,100
10-16 20:44:07.554  2479  2548 D ScanRecord: Not a Multi Manu data
10-16 20:44:07.657  2479  2548 I chatty  : uid=1002(bluetooth) BT Service Call identical 349 lines
10-16 20:44:07.657  2479  2548 D ScanRecord: Not a Multi Manu data
10-16 20:44:07.658  7492  7808 I BatteryMgr:DataCollectionService: stats => 1697481847658,-233,4313,-124,0,100
10-16 20:44:07.661  2479  2548 D ScanRecord: Not a Multi Manu data
10-16 20:44:07.766  2479  2548 I chatty  : uid=1002(bluetooth) BT Service Call identical 245 lines
10-16 20:44:07.766  2479  2548 D ScanRecord: Not a Multi Manu data
10-16 20:44:07.766  7492  7808 I BatteryMgr:DataCollectionService: stats => 1697481847766,-233,4313,-124,0,100
10-16 20:44:07.776  2479  2548 D ScanRecord: Not a Multi Manu data
10-16 20:44:07.786  2479  2548 I chatty  : uid=1002(bluetooth) BT Service Call identical 66 lines
10-16 20:44:07.787  3957  4030 D SensorService: [SO] 0.129 -0.129 9.936
10-16 20:44:07.787  2479  2548 D ScanRecord: Not a Multi Manu data
10-16 20:44:07.787  2479  2548 D ScanRecord: Not a Multi Manu data
10-16 20:44:07.862  2479  2548 I chatty  : uid=1002(bluetooth) BT Service Call identical 216 lines
10-16 20:44:07.862  2479  2548 D ScanRecord: Not a Multi Manu data
10-16 20:44:07.872  7492  7808 I BatteryMgr:DataCollectionService: stats => 1697481847872,-233,4313,-124,0,100
10-16 20:44:07.877  4961  4961 D io_stats: !@ 179,0 r 7157239 228767916 w 1511652 31615924 d 122000 32926676 f 352234 371203 iot 3123684 2736057 th 51200 0 0 pt 0 inp 0 0 451250.775
10-16 20:44:07.880  2479  2548 D ScanRecord: Not a Multi Manu data
10-16 20:44:07.970  2479  2548 I chatty  : uid=1002(bluetooth) BT Service Call identical 349 lines
10-16 20:44:07.970  2479  2548 D ScanRecord: Not a Multi Manu data
10-16 20:44:07.979  7492  7808 I BatteryMgr:DataCollectionService: stats => 1697481847979,-233,4313,-124,0,100
10-16 20:44:07.981  2479  2548 D ScanRecord: Not a Multi Manu data
10-16 20:44:07.991  2479  2548 I chatty  : uid=1002(bluetooth) BT Service Call identical 25 lines
10-16 20:44:07.992  3957  4128 D WifiService: getConnectionInfo uid=1000
10-16 20:44:07.992  2479  2548 D ScanRecord: Not a Multi Manu data
10-16 20:44:07.992  2479  2548 D ScanRecord: Not a Multi Manu data
10-16 20:44:08.048  2479  2548 I chatty  : uid=1002(bluetooth) BT Service Call identical 205 lines
10-16 20:44:08.048  2479  2548 D ScanRecord: Not a Multi Manu data
10-16 20:44:08.085  7492  7808 I BatteryMgr:DataCollectionService: stats => 1697481848085,-233,4313,-124,0,100
10-16 20:44:08.190  7492  7808 I BatteryMgr:DataCollectionService: stats => 1697481848190,-233,4313,-124,0,100
10-16 20:44:08.289  3957  4129 D WifiStateMachine:  ConnectedState !RSSI_PKTCNT_FETCH uid=1000 rt=451251185/1144235666 0 0 "ourhome" f4:6d:2f:12:cc:88 rssi=-45 f=5240 sc=60 link=433 tx=10.5, 0.7, 0.0  rx=24.8 bcn=531768 [on:0 tx:0 rx:0 period:1001] from screen [on:345751 period:1320897] score=60
10-16 20:44:08.291  3957  4129 D WifiStateMachine:  L2ConnectedState !RSSI_PKTCNT_FETCH uid=1000 rt=451251187/1144235667 0 0 "ourhome" f4:6d:2f:12:cc:88 rssi=-45 f=5240 sc=60 link=433 tx=10.5, 0.7, 0.0  rx=24.8 bcn=531768 [on:0 tx:0 rx:0 period:2] from screen [on:345751 period:1320899] score=60
10-16 20:44:08.295  3957  4129 D WifiStateMachine: fetchRssiLinkSpeedAndFrequencyNative rssi=-45 linkspeed=433 freq=5240
10-16 20:44:08.297  7492  7808 I BatteryMgr:DataCollectionService: stats => 1697481848296,-233,4313,-124,0,100
10-16 20:44:08.405  7492  7808 I BatteryMgr:DataCollectionService: stats => 1697481848405,-233,4313,-124,0,100
10-16 20:44:08.460  7536  7566 D GeckoIdleService: Get idle time: time since reset 4948 msec
10-16 20:44:08.460  7536  7566 D GeckoIdleService: Idle timer callback: current idle time 4948 msec
10-16 20:44:08.460  7536  7566 D GeckoIdleService: next timeout 51 msec from now
10-16 20:44:08.460  7536  7566 D GeckoIdleService: SetTimerExpiryIfBefore: next timeout 51 msec from now
10-16 20:44:08.460  7536  7566 D GeckoIdleService: reset timer expiry to 61 msec from now
10-16 20:44:08.510  7492  7808 I BatteryMgr:DataCollectionService: stats => 1697481848510,-233,4313,-124,0,100
10-16 20:44:08.520  7536  7566 D GeckoIdleService: Get idle time: time since reset 5009 msec
10-16 20:44:08.520  7536  7566 D GeckoIdleService: Idle timer callback: current idle time 5009 msec
10-16 20:44:08.520  7536  7566 D GeckoIdleService: next timeout 4294967289990 msec from now
10-16 20:44:08.520  7536  7566 D GeckoIdleService: SetTimerExpiryIfBefore: next timeout 4294967289990 msec from now
10-16 20:44:08.520  7536  7566 D GeckoIdleService: reset timer expiry to 4294967290000 msec from now
10-16 20:44:08.520  7536  7566 D GeckoIdleService: Idle timer callback: tell observer 0x741bac71c8 user is idle
10-16 20:44:08.616  7492  7808 I BatteryMgr:DataCollectionService: stats => 1697481848616,-233,4313,-124,0,100
10-16 20:44:08.723  7492  7808 I BatteryMgr:DataCollectionService: stats => 1697481848723,-233,4313,-124,0,100
10-16 20:44:08.828  7492  7808 I BatteryMgr:DataCollectionService: stats => 1697481848828,-233,4313,-124,0,100
10-16 20:44:08.935  7492  7808 I BatteryMgr:DataCollectionService: stats => 1697481848935,-233,4313,-124,0,100
10-16 20:44:08.994  3957  4128 D WifiService: getConnectionInfo uid=1000
10-16 20:44:09.042  7492  7808 I BatteryMgr:DataCollectionService: stats => 1697481849042,-233,4313,-124,0,100
10-16 20:44:09.147  7492  7808 I BatteryMgr:DataCollectionService: stats => 1697481849147,-233,4313,-124,0,100
10-16 20:44:09.253  7492  7808 I BatteryMgr:DataCollectionService: stats => 1697481849253,-233,4313,-124,0,100
10-16 20:44:09.290  3957  4129 D WifiStateMachine:  ConnectedState !RSSI_PKTCNT_FETCH uid=1000 rt=451252187/1144236667 0 0 "ourhome" f4:6d:2f:12:cc:88 rssi=-45 f=5240 sc=60 link=433 tx=10.5, 0.7, 0.0  rx=24.8 bcn=531768 [on:0 tx:0 rx:0 period:999] from screen [on:345751 period:1321898] score=60
10-16 20:44:09.291  3957  4129 D WifiStateMachine:  L2ConnectedState !RSSI_PKTCNT_FETCH uid=1000 rt=451252188/1144236669 0 0 "ourhome" f4:6d:2f:12:cc:88 rssi=-45 f=5240 sc=60 link=433 tx=10.5, 0.7, 0.0  rx=24.8 bcn=531768 [on:0 tx:0 rx:0 period:1] from screen [on:345751 period:1321899] score=60
10-16 20:44:09.298  3957  4129 D WifiStateMachine: fetchRssiLinkSpeedAndFrequencyNative rssi=-44 linkspeed=433 freq=5240
10-16 20:44:09.360  7492  7808 I BatteryMgr:DataCollectionService: stats => 1697481849359,-233,4313,-124,0,100
10-16 20:44:09.468  7492  7808 I BatteryMgr:DataCollectionService: stats => 1697481849468,-233,4313,-124,0,100
10-16 20:44:09.493  3957  4129 D WifiStateMachine:  ConnectedState !CMD_RSSI_POLL rt=451252390/1144236870 70 0 "ourhome" f4:6d:2f:12:cc:88 rssi=-44 f=5240 sc=60 link=433 tx=10.5, 0.7, 0.0  rx=24.8 bcn=531768 [on:0 tx:0 rx:0 period:202] from screen [on:345751 period:1322101] score=60
10-16 20:44:09.495  3957  4129 D WifiStateMachine:  L2ConnectedState !CMD_RSSI_POLL rt=451252391/1144236872 70 0 "ourhome" f4:6d:2f:12:cc:88 rssi=-44 f=5240 sc=60 link=433 tx=10.5, 0.7, 0.0  rx=24.8 bcn=531768 [on:0 tx:0 rx:0 period:2] from screen [on:345751 period:1322103] score=60
10-16 20:44:09.495  3957  4129 D WifiStateMachine:  get link layer stats 3
10-16 20:44:09.495  3436  3436 I android.hardware.wifi@1.0-service: getLinkLayerStats
10-16 20:44:09.509  3957  4129 D WifiStateMachine: fetchRssiLinkSpeedAndFrequencyNative rssi=-44 linkspeed=433 freq=5240
10-16 20:44:09.511  4340  4340 E SignalClusterView: setSlotFocusVisible : subId -2
10-16 20:44:09.512  4340  4340 E SignalClusterView: setSlotFocusVisible : subId -2
10-16 20:44:09.572  7492  7808 I BatteryMgr:DataCollectionService: stats => 1697481849572,-233,4313,-124,0,100
10-16 20:44:09.679  7492  7808 I BatteryMgr:DataCollectionService: stats => 1697481849679,-233,4313,-124,0,100
10-16 20:44:09.784  7492  7808 I BatteryMgr:DataCollectionService: stats => 1697481849784,-233,4313,-124,0,100
10-16 20:44:09.890  7492  7808 I BatteryMgr:DataCollectionService: stats => 1697481849890,-233,4313,-124,0,100
10-16 20:44:09.996  7492  7808 I BatteryMgr:DataCollectionService: stats => 1697481849995,-233,4313,-124,0,100
10-16 20:44:09.996  3957  4128 D WifiService: getConnectionInfo uid=1000
10-16 20:44:10.103  7492  7808 I BatteryMgr:DataCollectionService: stats => 1697481850103,-233,4313,-124,0,100
10-16 20:44:10.209  7492  7808 I BatteryMgr:DataCollectionService: stats => 1697481850209,-233,4313,-124,0,100
10-16 20:44:10.292  3957  4129 D WifiStateMachine:  ConnectedState !RSSI_PKTCNT_FETCH uid=1000 rt=451253188/1144237669 0 0 "ourhome" f4:6d:2f:12:cc:88 rssi=-44 f=5240 sc=60 link=433 tx=4.5, 0.3, 0.0  rx=11.6 bcn=531796 [on:0 tx:0 rx:0 period:781] from screen [on:346319 period:1322900] score=60
10-16 20:44:10.295  3957  4129 D WifiStateMachine:  L2ConnectedState !RSSI_PKTCNT_FETCH uid=1000 rt=451253190/1144237671 0 0 "ourhome" f4:6d:2f:12:cc:88 rssi=-44 f=5240 sc=60 link=433 tx=4.5, 0.3, 0.0  rx=11.6 bcn=531796 [on:0 tx:0 rx:0 period:2] from screen [on:346319 period:1322902] score=60
10-16 20:44:10.301  3957  4129 D WifiStateMachine: fetchRssiLinkSpeedAndFrequencyNative rssi=-45 linkspeed=433 freq=5240
10-16 20:44:10.315  7492  7808 I BatteryMgr:DataCollectionService: stats => 1697481850315,-233,4313,-124,0,100
10-16 20:44:10.421  7492  7808 I BatteryMgr:DataCollectionService: stats => 1697481850421,-233,4313,-124,0,100
10-16 20:44:10.526  7492  7808 I BatteryMgr:DataCollectionService: stats => 1697481850526,-233,4313,-124,0,100
10-16 20:44:10.633  7492  7808 I BatteryMgr:DataCollectionService: stats => 1697481850633,-233,4313,-124,0,100
10-16 20:44:10.738  7492  7808 I BatteryMgr:DataCollectionService: stats => 1697481850738,-233,4313,-124,0,100
10-16 20:44:10.846  7492  7808 I BatteryMgr:DataCollectionService: stats => 1697481850846,-233,4313,-124,0,100
10-16 20:44:10.952  7492  7808 I BatteryMgr:DataCollectionService: stats => 1697481850952,-233,4313,-124,0,100
10-16 20:44:10.998  3957  4128 D WifiService: getConnectionInfo uid=1000
10-16 20:44:11.057  7492  7808 I BatteryMgr:DataCollectionService: stats => 1697481851057,-233,4313,-124,0,100
10-16 20:44:11.162  7492  7808 I BatteryMgr:DataCollectionService: stats => 1697481851162,-38,4313,-108,0,100
10-16 20:44:11.268  7492  7808 I BatteryMgr:DataCollectionService: stats => 1697481851268,-38,4313,-108,0,100
10-16 20:44:11.292  3957  4129 D WifiStateMachine:  ConnectedState !RSSI_PKTCNT_FETCH uid=1000 rt=451254189/1144238670 0 0 "ourhome" f4:6d:2f:12:cc:88 rssi=-45 f=5240 sc=60 link=433 tx=4.5, 0.3, 0.0  rx=11.6 bcn=531796 [on:0 tx:0 rx:0 period:998] from screen [on:346319 period:1323900] score=60
10-16 20:44:11.294  3957  4129 D WifiStateMachine:  L2ConnectedState !RSSI_PKTCNT_FETCH uid=1000 rt=451254190/1144238671 0 0 "ourhome" f4:6d:2f:12:cc:88 rssi=-45 f=5240 sc=60 link=433 tx=4.5, 0.3, 0.0  rx=11.6 bcn=531796 [on:0 tx:0 rx:0 period:2] from screen [on:346319 period:1323902] score=60
10-16 20:44:11.299  3957  4129 D WifiStateMachine: fetchRssiLinkSpeedAndFrequencyNative rssi=-46 linkspeed=433 freq=5240
10-16 20:44:11.375  7492  7808 I BatteryMgr:DataCollectionService: stats => 1697481851375,-38,4313,-108,0,100
10-16 20:44:11.481  7492  7808 I BatteryMgr:DataCollectionService: stats => 1697481851481,-38,4313,-108,0,100
10-16 20:44:11.589  7492  7808 I BatteryMgr:DataCollectionService: stats => 1697481851589,-38,4313,-108,0,100
10-16 20:44:11.604  3957  8324 D BatteryService: !@BatteryListener : batteryPropertiesChanged!
10-16 20:44:11.618  7536  7740 I SessionStorage/AutoSave: Save: Periodic
10-16 20:44:11.696  7492  7808 I BatteryMgr:DataCollectionService: stats => 1697481851696,-38,4313,-108,0,100
10-16 20:44:11.803  7492  7808 I BatteryMgr:DataCollectionService: stats => 1697481851803,-38,4313,-108,0,100
10-16 20:44:11.908  7492  7808 I BatteryMgr:DataCollectionService: stats => 1697481851908,-38,4313,-108,0,100
10-16 20:44:12.000  3957  4128 D WifiService: getConnectionInfo uid=1000
10-16 20:44:12.013  7492  7808 I BatteryMgr:DataCollectionService: stats => 1697481852013,-38,4313,-108,0,100
10-16 20:44:12.123  7492  7808 I BatteryMgr:DataCollectionService: stats => 1697481852123,-38,4313,-108,0,100
10-16 20:44:12.231  7492  7808 I BatteryMgr:DataCollectionService: stats => 1697481852231,-38,4313,-108,0,100
10-16 20:44:12.293  3957  4129 D WifiStateMachine:  ConnectedState !RSSI_PKTCNT_FETCH uid=1000 rt=451255190/1144239671 0 0 "ourhome" f4:6d:2f:12:cc:88 rssi=-46 f=5240 sc=60 link=433 tx=4.5, 0.3, 0.0  rx=11.6 bcn=531796 [on:0 tx:0 rx:0 period:999] from screen [on:346319 period:1324901] score=60
10-16 20:44:12.294  3957  4129 D WifiStateMachine:  L2ConnectedState !RSSI_PKTCNT_FETCH uid=1000 rt=451255191/1144239672 0 0 "ourhome" f4:6d:2f:12:cc:88 rssi=-46 f=5240 sc=60 link=433 tx=4.5, 0.3, 0.0  rx=11.6 bcn=531796 [on:0 tx:0 rx:0 period:1] from screen [on:346319 period:1324902] score=60
10-16 20:44:12.301  3957  4129 D WifiStateMachine: fetchRssiLinkSpeedAndFrequencyNative rssi=-44 linkspeed=433 freq=5240
10-16 20:44:12.336  7492  7808 I BatteryMgr:DataCollectionService: stats => 1697481852336,-38,4313,-108,0,100
10-16 20:44:12.441  7492  7808 I BatteryMgr:DataCollectionService: stats => 1697481852441,-38,4313,-108,0,100
10-16 20:44:12.511  3957  4129 D WifiStateMachine:  ConnectedState !CMD_RSSI_POLL rt=451255407/1144239888 70 0 "ourhome" f4:6d:2f:12:cc:88 rssi=-44 f=5240 sc=60 link=433 tx=4.5, 0.3, 0.0  rx=11.6 bcn=531796 [on:0 tx:0 rx:0 period:216] from screen [on:346319 period:1325118] score=60
10-16 20:44:12.511  3957  4129 D WifiStateMachine:  L2ConnectedState !CMD_RSSI_POLL rt=451255408/1144239889 70 0 "ourhome" f4:6d:2f:12:cc:88 rssi=-44 f=5240 sc=60 link=433 tx=4.5, 0.3, 0.0  rx=11.6 bcn=531796 [on:0 tx:0 rx:0 period:1] from screen [on:346319 period:1325119] score=60
10-16 20:44:12.511  3957  4129 D WifiStateMachine:  get link layer stats 3
10-16 20:44:12.512  3436  3436 I android.hardware.wifi@1.0-service: getLinkLayerStats
10-16 20:44:12.529  3957  4129 D WifiStateMachine: fetchRssiLinkSpeedAndFrequencyNative rssi=-43 linkspeed=433 freq=5240
10-16 20:44:12.532  4340  4340 E SignalClusterView: setSlotFocusVisible : subId -2
10-16 20:44:12.532  4340  4340 E SignalClusterView: setSlotFocusVisible : subId -2
10-16 20:44:12.546  7492  7808 I BatteryMgr:DataCollectionService: stats => 1697481852546,-38,4313,-108,0,100
10-16 20:44:12.563  2479  2548 D ScanRecord: Not a Multi Manu data
10-16 20:44:12.653  2479  2548 I chatty  : uid=1002(bluetooth) BT Service Call identical 141 lines
10-16 20:44:12.653  2479  2548 D ScanRecord: Not a Multi Manu data
10-16 20:44:12.655  7492  7808 I BatteryMgr:DataCollectionService: stats => 1697481852654,-38,4313,-108,0,100
10-16 20:44:12.674  2479  2548 D ScanRecord: Not a Multi Manu data
10-16 20:44:12.753  2479  2548 I chatty  : uid=1002(bluetooth) BT Service Call identical 154 lines
10-16 20:44:12.753  2479  2548 D ScanRecord: Not a Multi Manu data
10-16 20:44:12.761  7492  7808 I BatteryMgr:DataCollectionService: stats => 1697481852761,-38,4313,-108,0,100
10-16 20:44:12.774  2479  2548 D ScanRecord: Not a Multi Manu data
10-16 20:44:12.865  2479  2548 I chatty  : uid=1002(bluetooth) BT Service Call identical 193 lines
10-16 20:44:12.865  2479  2548 D ScanRecord: Not a Multi Manu data
10-16 20:44:12.867  7492  7808 I BatteryMgr:DataCollectionService: stats => 1697481852867,-38,4313,-108,0,100
10-16 20:44:12.868  3957  6478 D SSRM:k  : SIOP:: AP = 430, PST = 357 (W:10), BAT = 282, USB = 0, CHG = 0
10-16 20:44:12.878  2479  2548 D ScanRecord: Not a Multi Manu data
10-16 20:44:12.879  4961  4961 D io_stats: !@ 179,0 r 7157594 228773772 w 1511674 31616292 d 122001 32926752 f 352236 371205 iot 3123772 2736135 th 51200 0 0 pt 0 inp 0 0 451255.776
