10-16 21:12:27.603  2479  2548 I chatty  : uid=1002(bluetooth) BT Service Call identical 76 lines
10-16 21:12:27.603  2479  2548 D ScanRecord: Not a Multi Manu data
10-16 21:12:27.605  3957  4129 D WifiStateMachine:  ConnectedState !RSSI_PKTCNT_FETCH uid=1000 rt=452950502/1145934982 0 0 "ourhome" f4:6d:2f:12:cc:88 rssi=-41 f=5240 sc=60 link=433 tx=0.1, 0.0, 0.0  rx=2.9 bcn=547096 [on:0 tx:0 rx:0 period:852] from screen [on:599766 period:3020213] score=60
10-16 21:12:27.606  3957  4129 D WifiStateMachine:  L2ConnectedState !RSSI_PKTCNT_FETCH uid=1000 rt=452950503/1145934984 0 0 "ourhome" f4:6d:2f:12:cc:88 rssi=-41 f=5240 sc=60 link=433 tx=0.1, 0.0, 0.0  rx=2.9 bcn=547096 [on:0 tx:0 rx:0 period:1] from screen [on:599766 period:3020214] score=60
10-16 21:12:27.607  3957  4129 D WifiStateMachine: fetchRssiLinkSpeedAndFrequencyNative rssi=-45 linkspeed=433 freq=5240
10-16 21:12:27.619  2479  2548 D ScanRecord: Not a Multi Manu data
10-16 21:12:27.619  2479  2548 I chatty  : uid=1002(bluetooth) BT Service Call identical 11 lines
10-16 21:12:27.619  2479  2548 D ScanRecord: Not a Multi Manu data
10-16 21:12:27.635 10464 10771 I BatteryMgr:DataCollectionService: stats => 1697483547635,-128,4313,-75,0,100
10-16 21:12:27.639  2479  2548 D ScanRecord: Not a Multi Manu data
10-16 21:12:27.693  2479  2548 I chatty  : uid=1002(bluetooth) BT Service Call identical 89 lines
10-16 21:12:27.693  2479  2548 D ScanRecord: Not a Multi Manu data
10-16 21:12:27.698  3957  4030 D SensorService: [SO] 0.158 -0.081 9.979
10-16 21:12:27.733  2479  2548 D ScanRecord: Not a Multi Manu data
10-16 21:12:27.740  2479  2548 I chatty  : uid=1002(bluetooth) BT Service Call identical 37 lines
10-16 21:12:27.740  2479  2548 D ScanRecord: Not a Multi Manu data
10-16 21:12:27.745 10464 10771 I BatteryMgr:DataCollectionService: stats => 1697483547744,37,4313,-25,0,100
10-16 21:12:27.756  2479  2548 D ScanRecord: Not a Multi Manu data
10-16 21:12:27.848  2479  2548 I chatty  : uid=1002(bluetooth) BT Service Call identical 154 lines
10-16 21:12:27.848  2479  2548 D ScanRecord: Not a Multi Manu data
10-16 21:12:27.852 10464 10771 I BatteryMgr:DataCollectionService: stats => 1697483547852,37,4313,-25,0,100
10-16 21:12:27.852  2479  2548 D ScanRecord: Not a Multi Manu data
10-16 21:12:27.954  2479  2548 I chatty  : uid=1002(bluetooth) BT Service Call identical 193 lines
10-16 21:12:27.954  2479  2548 D ScanRecord: Not a Multi Manu data
10-16 21:12:27.959 10464 10771 I BatteryMgr:DataCollectionService: stats => 1697483547959,37,4313,-25,0,100
10-16 21:12:27.959  2479  2548 D ScanRecord: Not a Multi Manu data
10-16 21:12:28.067  2479  2548 I chatty  : uid=1002(bluetooth) BT Service Call identical 193 lines
10-16 21:12:28.067  2479  2548 D ScanRecord: Not a Multi Manu data
10-16 21:12:28.067 10464 10771 I BatteryMgr:DataCollectionService: stats => 1697483548067,37,4313,-25,0,100
10-16 21:12:28.068  2479  2548 D ScanRecord: Not a Multi Manu data
10-16 21:12:28.068  2479  2548 I chatty  : uid=1002(bluetooth) BT Service Call identical 11 lines
10-16 21:12:28.068  2479  2548 D ScanRecord: Not a Multi Manu data
10-16 21:12:28.166  3957  3967 D BatteryService: !@BatteryListener : batteryPropertiesChanged!
10-16 21:12:28.173 10464 10771 I BatteryMgr:DataCollectionService: stats => 1697483548173,37,4313,-25,0,100
10-16 21:12:28.278 10464 10771 I BatteryMgr:DataCollectionService: stats => 1697483548278,37,4313,-25,0,100
10-16 21:12:28.317  3957  4128 D WifiService: getConnectionInfo uid=1000
10-16 21:12:28.383 10464 10771 I BatteryMgr:DataCollectionService: stats => 1697483548383,37,4313,-25,0,100
10-16 21:12:28.488 10464 10771 I BatteryMgr:DataCollectionService: stats => 1697483548488,37,4313,-25,0,100
10-16 21:12:28.596 10464 10771 I BatteryMgr:DataCollectionService: stats => 1697483548596,37,4313,-25,0,100
10-16 21:12:28.607  3957  4129 D WifiStateMachine:  ConnectedState !RSSI_PKTCNT_FETCH uid=1000 rt=452951503/1145935984 0 0 "ourhome" f4:6d:2f:12:cc:88 rssi=-45 f=5240 sc=60 link=433 tx=0.1, 0.0, 0.0  rx=2.9 bcn=547096 [on:0 tx:0 rx:0 period:1001] from screen [on:599766 period:3021215] score=60
10-16 21:12:28.608  3957  4129 D WifiStateMachine:  L2ConnectedState !RSSI_PKTCNT_FETCH uid=1000 rt=452951504/1145935985 0 0 "ourhome" f4:6d:2f:12:cc:88 rssi=-45 f=5240 sc=60 link=433 tx=0.1, 0.0, 0.0  rx=2.9 bcn=547096 [on:0 tx:0 rx:0 period:1] from screen [on:599766 period:3021216] score=60
10-16 21:12:28.609  3957  4129 D WifiStateMachine: fetchRssiLinkSpeedAndFrequencyNative rssi=-49 linkspeed=433 freq=5240
10-16 21:12:28.702 10464 10771 I BatteryMgr:DataCollectionService: stats => 1697483548702,37,4313,-25,0,100
10-16 21:12:28.811 10464 10771 I BatteryMgr:DataCollectionService: stats => 1697483548811,37,4313,-25,0,100
10-16 21:12:28.919 10464 10771 I BatteryMgr:DataCollectionService: stats => 1697483548919,37,4313,-25,0,100
10-16 21:12:29.025 10464 10771 I BatteryMgr:DataCollectionService: stats => 1697483549025,37,4313,-25,0,100
10-16 21:12:29.049  4961  4961 D io_stats: !@ 179,0 r 7194628 229955756 w 1519000 31746348 d 122780 32979168 f 353072 372149 iot 3142040 2751861 th 51200 0 0 pt 0 inp 0 0 452951.946
10-16 21:12:29.131 10464 10771 I BatteryMgr:DataCollectionService: stats => 1697483549130,37,4313,-25,0,100
10-16 21:12:29.237 10464 10771 I BatteryMgr:DataCollectionService: stats => 1697483549236,37,4313,-25,0,100
10-16 21:12:29.319  3957  4128 D WifiService: getConnectionInfo uid=1000
10-16 21:12:29.341 10464 10771 I BatteryMgr:DataCollectionService: stats => 1697483549341,37,4313,-25,0,100
10-16 21:12:29.445 10464 10771 I BatteryMgr:DataCollectionService: stats => 1697483549445,37,4313,-25,0,100
10-16 21:12:29.552 10464 10771 I BatteryMgr:DataCollectionService: stats => 1697483549552,37,4313,-25,0,100
10-16 21:12:29.607  3957  4129 D WifiStateMachine:  ConnectedState !RSSI_PKTCNT_FETCH uid=1000 rt=452952504/1145936985 0 0 "ourhome" f4:6d:2f:12:cc:88 rssi=-49 f=5240 sc=60 link=433 tx=0.1, 0.0, 0.0  rx=2.9 bcn=547096 [on:0 tx:0 rx:0 period:999] from screen [on:599766 period:3022215] score=60
10-16 21:12:29.608  3957  4129 D WifiStateMachine:  L2ConnectedState !RSSI_PKTCNT_FETCH uid=1000 rt=452952505/1145936986 0 0 "ourhome" f4:6d:2f:12:cc:88 rssi=-49 f=5240 sc=60 link=433 tx=0.1, 0.0, 0.0  rx=2.9 bcn=547096 [on:0 tx:0 rx:0 period:1] from screen [on:599766 period:3022216] score=60
10-16 21:12:29.610  3957  4129 D WifiStateMachine: fetchRssiLinkSpeedAndFrequencyNative rssi=-46 linkspeed=433 freq=5240
10-16 21:12:29.658 10464 10771 I BatteryMgr:DataCollectionService: stats => 1697483549658,37,4313,-25,0,100
10-16 21:12:29.753  3957  4129 D WifiStateMachine:  ConnectedState !CMD_RSSI_POLL rt=452952650/1145937130 70 0 "ourhome" f4:6d:2f:12:cc:88 rssi=-46 f=5240 sc=60 link=433 tx=0.1, 0.0, 0.0  rx=2.9 bcn=547096 [on:0 tx:0 rx:0 period:145] from screen [on:599766 period:3022361] score=60
10-16 21:12:29.754  3957  4129 D WifiStateMachine:  L2ConnectedState !CMD_RSSI_POLL rt=452952651/1145937131 70 0 "ourhome" f4:6d:2f:12:cc:88 rssi=-46 f=5240 sc=60 link=433 tx=0.1, 0.0, 0.0  rx=2.9 bcn=547096 [on:0 tx:0 rx:0 period:1] from screen [on:599766 period:3022362] score=60
10-16 21:12:29.754  3957  4129 D WifiStateMachine:  get link layer stats 3
10-16 21:12:29.755  3436  3436 I android.hardware.wifi@1.0-service: getLinkLayerStats
10-16 21:12:29.763 10464 10771 I BatteryMgr:DataCollectionService: stats => 1697483549763,37,4313,-25,0,100
10-16 21:12:29.773  3957  4129 D WifiStateMachine: fetchRssiLinkSpeedAndFrequencyNative rssi=-45 linkspeed=433 freq=5240
10-16 21:12:29.775  4340  4340 E SignalClusterView: setSlotFocusVisible : subId -2
10-16 21:12:29.775  4340  4340 E SignalClusterView: setSlotFocusVisible : subId -2
10-16 21:12:29.868 10464 10771 I BatteryMgr:DataCollectionService: stats => 1697483549868,37,4313,-25,0,100
10-16 21:12:29.973 10464 10771 I BatteryMgr:DataCollectionService: stats => 1697483549973,37,4313,-25,0,100
10-16 21:12:30.078 10464 10771 I BatteryMgr:DataCollectionService: stats => 1697483550078,37,4313,-25,0,100
10-16 21:12:30.184 10464 10771 I BatteryMgr:DataCollectionService: stats => 1697483550183,37,4313,-25,0,100
10-16 21:12:30.293 10464 10771 I BatteryMgr:DataCollectionService: stats => 1697483550293,37,4313,-25,0,100
10-16 21:12:30.321  3957  4128 D WifiService: getConnectionInfo uid=1000
10-16 21:12:30.399 10464 10771 I BatteryMgr:DataCollectionService: stats => 1697483550399,37,4313,-25,0,100
10-16 21:12:30.504 10464 10771 I BatteryMgr:DataCollectionService: stats => 1697483550504,37,4313,-25,0,100
10-16 21:12:30.574  3957  6478 D SSRM:k  : SIOP:: AP = 440, PST = 389 (W:12), BAT = 282, USB = 0, CHG = 0
10-16 21:12:30.610  3957  4129 D WifiStateMachine:  ConnectedState !RSSI_PKTCNT_FETCH uid=1000 rt=452953506/1145937986 0 0 "ourhome" f4:6d:2f:12:cc:88 rssi=-45 f=5240 sc=60 link=433 tx=2.0, 0.0, 0.0  rx=13.1 bcn=547123 [on:0 tx:0 rx:0 period:834] from screen [on:601186 period:3023217] score=60
10-16 21:12:30.612  3957  4129 D WifiStateMachine:  L2ConnectedState !RSSI_PKTCNT_FETCH uid=1000 rt=452953507/1145937988 0 0 "ourhome" f4:6d:2f:12:cc:88 rssi=-45 f=5240 sc=60 link=433 tx=2.0, 0.0, 0.0  rx=13.1 bcn=547123 [on:0 tx:0 rx:0 period:2] from screen [on:601186 period:3023219] score=60
10-16 21:12:30.614 10464 10771 I BatteryMgr:DataCollectionService: stats => 1697483550614,37,4313,-25,0,100
10-16 21:12:30.617  3957  4129 D WifiStateMachine: fetchRssiLinkSpeedAndFrequencyNative rssi=-44 linkspeed=433 freq=5240
10-16 21:12:30.722 10464 10771 I BatteryMgr:DataCollectionService: stats => 1697483550721,37,4313,-25,0,100
10-16 21:12:30.827 10464 10771 I BatteryMgr:DataCollectionService: stats => 1697483550826,37,4313,-25,0,100
10-16 21:12:30.933 10464 10771 I BatteryMgr:DataCollectionService: stats => 1697483550933,37,4313,-25,0,100
10-16 21:12:31.039 10464 10771 I BatteryMgr:DataCollectionService: stats => 1697483551038,37,4313,-25,0,100
10-16 21:12:31.144 10464 10771 I BatteryMgr:DataCollectionService: stats => 1697483551144,37,4313,-25,0,100
10-16 21:12:31.251 10464 10771 I BatteryMgr:DataCollectionService: stats => 1697483551250,37,4313,-25,0,100
10-16 21:12:31.323  3957  4128 D WifiService: getConnectionInfo uid=1000
10-16 21:12:31.356 10464 10771 I BatteryMgr:DataCollectionService: stats => 1697483551356,37,4313,-25,0,100
10-16 21:12:31.463 10464 10771 I BatteryMgr:DataCollectionService: stats => 1697483551463,37,4313,-25,0,100
10-16 21:12:31.568 10464 10771 I BatteryMgr:DataCollectionService: stats => 1697483551568,37,4313,-25,0,100
10-16 21:12:31.610  3957  4129 D WifiStateMachine:  ConnectedState !RSSI_PKTCNT_FETCH uid=1000 rt=452954506/1145938987 0 0 "ourhome" f4:6d:2f:12:cc:88 rssi=-44 f=5240 sc=60 link=433 tx=2.0, 0.0, 0.0  rx=13.1 bcn=547123 [on:0 tx:0 rx:0 period:999] from screen [on:601186 period:3024218] score=60
10-16 21:12:31.613  3957  4129 D WifiStateMachine:  L2ConnectedState !RSSI_PKTCNT_FETCH uid=1000 rt=452954508/1145938989 0 0 "ourhome" f4:6d:2f:12:cc:88 rssi=-44 f=5240 sc=60 link=433 tx=2.0, 0.0, 0.0  rx=13.1 bcn=547123 [on:0 tx:0 rx:0 period:2] from screen [on:601186 period:3024220] score=60
10-16 21:12:31.618  3957  4129 D WifiStateMachine: fetchRssiLinkSpeedAndFrequencyNative rssi=-44 linkspeed=433 freq=5240
10-16 21:12:31.672 10464 10771 I BatteryMgr:DataCollectionService: stats => 1697483551672,37,4313,-25,0,100
10-16 21:12:31.777 10464 10771 I BatteryMgr:DataCollectionService: stats => 1697483551777,37,4313,-25,0,100
10-16 21:12:31.882 10464 10771 I BatteryMgr:DataCollectionService: stats => 1697483551882,37,4313,-25,0,100
10-16 21:12:31.988 10464 10771 I BatteryMgr:DataCollectionService: stats => 1697483551988,37,4313,-25,0,100
10-16 21:12:32.066  4340  4731 D NetworkController.MobileSignalController(0/-2): onSignalStrengthsChanged signalStrength=SignalStrength: 26 99 -26 -200 -26 -200 -1 99 2147483647 2147483647 2147483647 2147483647 0 2147483647 0x4 P gsm|lte level=4
10-16 21:12:32.066  4340  4731 D NetworkController.MobileSignalController(0/-2): getMobileIconGroup(): 0
10-16 21:12:32.093 10464 10771 I BatteryMgr:DataCollectionService: stats => 1697483552093,37,4313,-25,0,100
10-16 21:12:32.199 10464 10771 I BatteryMgr:DataCollectionService: stats => 1697483552199,37,4313,-25,0,100
10-16 21:12:32.306 10464 10771 I BatteryMgr:DataCollectionService: stats => 1697483552306,37,4313,-25,0,100
10-16 21:12:32.325  3957  4128 D WifiService: getConnectionInfo uid=1000
10-16 21:12:32.410 10464 10771 I BatteryMgr:DataCollectionService: stats => 1697483552410,37,4313,-25,0,100
10-16 21:12:32.516 10464 10771 I BatteryMgr:DataCollectionService: stats => 1697483552516,37,4313,-25,0,100
10-16 21:12:32.581  2479  2548 D ScanRecord: Not a Multi Manu data
10-16 21:12:32.608  2479  2548 I chatty  : uid=1002(bluetooth) BT Service Call identical 76 lines
10-16 21:12:32.608  2479  2548 D ScanRecord: Not a Multi Manu data
10-16 21:12:32.611  3957  4129 D WifiStateMachine:  ConnectedState !RSSI_PKTCNT_FETCH uid=1000 rt=452955507/1145939988 0 0 "ourhome" f4:6d:2f:12:cc:88 rssi=-44 f=5240 sc=60 link=433 tx=2.0, 0.0, 0.0  rx=13.1 bcn=547123 [on:0 tx:0 rx:0 period:999] from screen [on:601186 period:3025219] score=60
10-16 21:12:32.611  2479  2548 D ScanRecord: Not a Multi Manu data
10-16 21:12:32.612  2479  2548 I chatty  : uid=1002(bluetooth) BT Service Call identical 11 lines
10-16 21:12:32.612  2479  2548 D ScanRecord: Not a Multi Manu data
10-16 21:12:32.612  3957  4129 D WifiStateMachine:  L2ConnectedState !RSSI_PKTCNT_FETCH uid=1000 rt=452955509/1145939989 0 0 "ourhome" f4:6d:2f:12:cc:88 rssi=-44 f=5240 sc=60 link=433 tx=2.0, 0.0, 0.0  rx=13.1 bcn=547123 [on:0 tx:0 rx:0 period:1] from screen [on:601186 period:3025220] score=60
10-16 21:12:32.614  3957  4129 D WifiStateMachine: fetchRssiLinkSpeedAndFrequencyNative rssi=-43 linkspeed=433 freq=5240
10-16 21:12:32.619  2479  2548 D ScanRecord: Not a Multi Manu data
10-16 21:12:32.623  2479  2548 I chatty  : uid=1002(bluetooth) BT Service Call identical 37 lines
10-16 21:12:32.623  2479  2548 D ScanRecord: Not a Multi Manu data
10-16 21:12:32.624 10464 10771 I BatteryMgr:DataCollectionService: stats => 1697483552624,37,4313,-25,0,100
10-16 21:12:32.632  2479  2548 D ScanRecord: Not a Multi Manu data
10-16 21:12:32.716  2479  2548 I chatty  : uid=1002(bluetooth) BT Service Call identical 141 lines
10-16 21:12:32.716  2479  2548 D ScanRecord: Not a Multi Manu data
10-16 21:12:32.729 10464 10771 I BatteryMgr:DataCollectionService: stats => 1697483552729,37,4313,-25,0,100
10-16 21:12:32.738  2479  2548 D ScanRecord: Not a Multi Manu data
10-16 21:12:32.770  2479  2548 I chatty  : uid=1002(bluetooth) BT Service Call identical 128 lines
10-16 21:12:32.771  2479  2548 D ScanRecord: Not a Multi Manu data
10-16 21:12:32.776  3957  4129 D WifiStateMachine:  ConnectedState !CMD_RSSI_POLL rt=452955672/1145940153 70 0 "ourhome" f4:6d:2f:12:cc:88 rssi=-43 f=5240 sc=60 link=433 tx=2.0, 0.0, 0.0  rx=13.1 bcn=547123 [on:0 tx:0 rx:0 period:164] from screen [on:601186 period:3025384] score=60
10-16 21:12:32.776  2479  2548 D ScanRecord: Not a Multi Manu data
10-16 21:12:32.776  2479  2548 I chatty  : uid=1002(bluetooth) BT Service Call identical 11 lines
10-16 21:12:32.776  2479  2548 D ScanRecord: Not a Multi Manu data
10-16 21:12:32.777  3957  4129 D WifiStateMachine:  L2ConnectedState !CMD_RSSI_POLL rt=452955674/1145940154 70 0 "ourhome" f4:6d:2f:12:cc:88 rssi=-43 f=5240 sc=60 link=433 tx=2.0, 0.0, 0.0  rx=13.1 bcn=547123 [on:0 tx:0 rx:0 period:1] from screen [on:601186 period:3025385] score=60
10-16 21:12:32.777  3957  4129 D WifiStateMachine:  get link layer stats 3
10-16 21:12:32.778  3436  3436 I android.hardware.wifi@1.0-service: getLinkLayerStats
10-16 21:12:32.781  3957  4129 D WifiStateMachine: fetchRssiLinkSpeedAndFrequencyNative rssi=-42 linkspeed=433 freq=5240
10-16 21:12:32.782  2479  2548 D ScanRecord: Not a Multi Manu data
10-16 21:12:32.782  2479  2548 I chatty  : uid=1002(bluetooth) BT Service Call identical 11 lines
10-16 21:12:32.782  2479  2548 D ScanRecord: Not a Multi Manu data
10-16 21:12:32.784  4340  4340 E SignalClusterView: setSlotFocusVisible : subId -2
10-16 21:12:32.784  4340  4340 E SignalClusterView: setSlotFocusVisible : subId -2
10-16 21:12:32.791  2479  2548 D ScanRecord: Not a Multi Manu data
10-16 21:12:32.827  2479  2548 I chatty  : uid=1002(bluetooth) BT Service Call identical 50 lines
10-16 21:12:32.827  2479  2548 D ScanRecord: Not a Multi Manu data
10-16 21:12:32.835 10464 10771 I BatteryMgr:DataCollectionService: stats => 1697483552835,37,4313,-25,0,100
10-16 21:12:32.837  2479  2548 D ScanRecord: Not a Multi Manu data
10-16 21:12:32.935  2479  2548 I chatty  : uid=1002(bluetooth) BT Service Call identical 128 lines
10-16 21:12:32.935  2479  2548 D ScanRecord: Not a Multi Manu data
10-16 21:12:32.941 10464 10771 I BatteryMgr:DataCollectionService: stats => 1697483552941,37,4313,-25,0,100
10-16 21:12:32.944  2479  2548 D ScanRecord: Not a Multi Manu data
10-16 21:12:33.047  2479  2548 I chatty  : uid=1002(bluetooth) BT Service Call identical 297 lines
10-16 21:12:33.047  2479  2548 D ScanRecord: Not a Multi Manu data
10-16 21:12:33.048 10464 10771 I BatteryMgr:DataCollectionService: stats => 1697483553048,37,4313,-25,0,100
10-16 21:12:33.056  2479  2548 D ScanRecord: Not a Multi Manu data
10-16 21:12:33.070  2479  2548 I chatty  : uid=1002(bluetooth) BT Service Call identical 24 lines
10-16 21:12:33.070  2479  2548 D ScanRecord: Not a Multi Manu data
10-16 21:12:33.154 10464 10771 I BatteryMgr:DataCollectionService: stats => 1697483553154,37,4313,-25,0,100
10-16 21:12:33.260 10464 10771 I BatteryMgr:DataCollectionService: stats => 1697483553260,37,4313,-25,0,100
10-16 21:12:33.327  3957  4128 D WifiService: getConnectionInfo uid=1000
10-16 21:12:33.366 10464 10771 I BatteryMgr:DataCollectionService: stats => 1697483553366,37,4313,-25,0,100
10-16 21:12:33.472 10464 10771 I BatteryMgr:DataCollectionService: stats => 1697483553472,37,4313,-25,0,100
10-16 21:12:33.577 10464 10771 I BatteryMgr:DataCollectionService: stats => 1697483553577,37,4313,-25,0,100
10-16 21:12:33.612  3957  4129 D WifiStateMachine:  ConnectedState !RSSI_PKTCNT_FETCH uid=1000 rt=452956508/1145940989 0 0 "ourhome" f4:6d:2f:12:cc:88 rssi=-42 f=5240 sc=60 link=433 tx=0.7, 0.0, 0.0  rx=7.3 bcn=547149 [on:0 tx:0 rx:0 period:827] from screen [on:601353 period:3026219] score=60
10-16 21:12:33.612  3957  4129 D WifiStateMachine:  L2ConnectedState !RSSI_PKTCNT_FETCH uid=1000 rt=452956509/1145940990 0 0 "ourhome" f4:6d:2f:12:cc:88 rssi=-42 f=5240 sc=60 link=433 tx=0.7, 0.0, 0.0  rx=7.3 bcn=547149 [on:0 tx:0 rx:0 period:1] from screen [on:601353 period:3026220] score=60
10-16 21:12:33.613  3957  4129 D WifiStateMachine: fetchRssiLinkSpeedAndFrequencyNative rssi=-45 linkspeed=433 freq=5240
10-16 21:12:33.683 10464 10771 I BatteryMgr:DataCollectionService: stats => 1697483553683,37,4313,-25,0,100
10-16 21:12:33.788 10464 10771 I BatteryMgr:DataCollectionService: stats => 1697483553788,37,4313,-25,0,100
10-16 21:12:33.892 10464 10771 I BatteryMgr:DataCollectionService: stats => 1697483553892,37,4313,-25,0,100
10-16 21:12:33.997 10464 10771 I BatteryMgr:DataCollectionService: stats => 1697483553997,37,4313,-25,0,100
10-16 21:12:34.051  4961  4961 D io_stats: !@ 179,0 r 7194688 229956352 w 1519008 31746512 d 122781 32979244 f 353073 372150 iot 3142060 2751877 th 51200 0 0 pt 0 inp 0 0 452956.948
10-16 21:12:34.101 10464 10771 I BatteryMgr:DataCollectionService: stats => 1697483554101,37,4313,-25,0,100
10-16 21:12:34.210 10464 10771 I BatteryMgr:DataCollectionService: stats => 1697483554210,37,4313,-25,0,100
10-16 21:12:34.315 10464 10771 I BatteryMgr:DataCollectionService: stats => 1697483554315,37,4313,-25,0,100
10-16 21:12:34.328  3957  4128 D WifiService: getConnectionInfo uid=1000
10-16 21:12:34.419 10464 10771 I BatteryMgr:DataCollectionService: stats => 1697483554419,37,4313,-25,0,100
10-16 21:12:34.525 10464 10771 I BatteryMgr:DataCollectionService: stats => 1697483554525,37,4313,-25,0,100
10-16 21:12:34.613  3957  4129 D WifiStateMachine:  ConnectedState !RSSI_PKTCNT_FETCH uid=1000 rt=452957509/1145941990 0 0 "ourhome" f4:6d:2f:12:cc:88 rssi=-45 f=5240 sc=60 link=433 tx=0.7, 0.0, 0.0  rx=7.3 bcn=547149 [on:0 tx:0 rx:0 period:1000] from screen [on:601353 period:3027220] score=60
10-16 21:12:34.613  3957  4129 D WifiStateMachine:  L2ConnectedState !RSSI_PKTCNT_FETCH uid=1000 rt=452957510/1145941991 0 0 "ourhome" f4:6d:2f:12:cc:88 rssi=-45 f=5240 sc=60 link=433 tx=0.7, 0.0, 0.0  rx=7.3 bcn=547149 [on:0 tx:0 rx:0 period:1] from screen [on:601353 period:3027221] score=60
10-16 21:12:34.615  3957  4129 D WifiStateMachine: fetchRssiLinkSpeedAndFrequencyNative rssi=-44 linkspeed=433 freq=5240
10-16 21:12:34.630 10464 10771 I BatteryMgr:DataCollectionService: stats => 1697483554630,37,4313,-25,0,100
10-16 21:12:34.736 10464 10771 I BatteryMgr:DataCollectionService: stats => 1697483554736,37,4313,-25,0,100
10-16 21:12:34.845 10464 10771 I BatteryMgr:DataCollectionService: stats => 1697483554845,37,4313,-25,0,100
10-16 21:12:34.950 10464 10771 I BatteryMgr:DataCollectionService: stats => 1697483554950,37,4313,-25,0,100
10-16 21:12:35.057 10464 10771 I BatteryMgr:DataCollectionService: stats => 1697483555057,37,4313,-25,0,100
10-16 21:12:35.162 10464 10771 I BatteryMgr:DataCollectionService: stats => 1697483555162,37,4313,-25,0,100
10-16 21:12:35.267 10464 10771 I BatteryMgr:DataCollectionService: stats => 1697483555267,37,4313,-25,0,100
10-16 21:12:35.330  3957  4128 D WifiService: getConnectionInfo uid=1000
10-16 21:12:35.374 10464 10771 I BatteryMgr:DataCollectionService: stats => 1697483555374,37,4313,-25,0,100
10-16 21:12:35.399 10507 10518 I zygote64: Background concurrent copying GC freed 187498(5MB) AllocSpace objects, 0(0B) LOS objects, 49% free, 5MB/11MB, paused 3.014ms total 150.347ms
10-16 21:12:35.480 10464 10771 I BatteryMgr:DataCollectionService: stats => 1697483555480,37,4313,-25,0,100
10-16 21:12:35.585 10464 10771 I BatteryMgr:DataCollectionService: stats => 1697483555585,37,4313,-25,0,100
10-16 21:12:35.614  3957  4129 D WifiStateMachine:  ConnectedState !RSSI_PKTCNT_FETCH uid=1000 rt=452958510/1145942991 0 0 "ourhome" f4:6d:2f:12:cc:88 rssi=-44 f=5240 sc=60 link=433 tx=0.7, 0.0, 0.0  rx=7.3 bcn=547149 [on:0 tx:0 rx:0 period:1000] from screen [on:601353 period:3028221] score=60
10-16 21:12:35.615  3957  4129 D WifiStateMachine:  L2ConnectedState !RSSI_PKTCNT_FETCH uid=1000 rt=452958511/1145942992 0 0 "ourhome" f4:6d:2f:12:cc:88 rssi=-44 f=5240 sc=60 link=433 tx=0.7, 0.0, 0.0  rx=7.3 bcn=547149 [on:0 tx:0 rx:0 period:2] from screen [on:601353 period:3028223] score=60
10-16 21:12:35.616  3957  4129 D WifiStateMachine: fetchRssiLinkSpeedAndFrequencyNative rssi=-47 linkspeed=433 freq=5240
10-16 21:12:35.690 10464 10771 I BatteryMgr:DataCollectionService: stats => 1697483555689,37,4313,-25,0,100
10-16 21:12:35.740 10507 10702 I SessionStorage/AutoSave: Save: Periodic
10-16 21:12:35.783  3957  4129 D WifiStateMachine:  ConnectedState !CMD_RSSI_POLL rt=452958680/1145943160 70 0 "ourhome" f4:6d:2f:12:cc:88 rssi=-47 f=5240 sc=60 link=433 tx=0.7, 0.0, 0.0  rx=7.3 bcn=547149 [on:0 tx:0 rx:0 period:168] from screen [on:601353 period:3028391] score=60
10-16 21:12:35.784  3957  4129 D WifiStateMachine:  L2ConnectedState !CMD_RSSI_POLL rt=452958681/1145943161 70 0 "ourhome" f4:6d:2f:12:cc:88 rssi=-47 f=5240 sc=60 link=433 tx=0.7, 0.0, 0.0  rx=7.3 bcn=547149 [on:0 tx:0 rx:0 period:1] from screen [on:601353 period:3028392] score=60
10-16 21:12:35.784  3957  4129 D WifiStateMachine:  get link layer stats 3
10-16 21:12:35.784  3436  3436 I android.hardware.wifi@1.0-service: getLinkLayerStats
10-16 21:12:35.787  3957  4129 D WifiStateMachine: fetchRssiLinkSpeedAndFrequencyNative rssi=-46 linkspeed=433 freq=5240
10-16 21:12:35.789  4340  4340 E SignalClusterView: setSlotFocusVisible : subId -2
10-16 21:12:35.789  4340  4340 E SignalClusterView: setSlotFocusVisible : subId -2
10-16 21:12:35.795 10464 10771 I BatteryMgr:DataCollectionService: stats => 1697483555795,37,4313,-25,0,100
10-16 21:12:35.901 10464 10771 I BatteryMgr:DataCollectionService: stats => 1697483555901,37,4313,-25,0,100
10-16 21:12:36.005 10464 10771 I BatteryMgr:DataCollectionService: stats => 1697483556005,37,4313,-25,0,100
10-16 21:12:36.110 10464 10771 I BatteryMgr:DataCollectionService: stats => 1697483556110,37,4313,-25,0,100
10-16 21:12:36.216 10464 10771 I BatteryMgr:DataCollectionService: stats => 1697483556215,37,4313,-25,0,100
10-16 21:12:36.320 10464 10771 I BatteryMgr:DataCollectionService: stats => 1697483556320,37,4313,-25,0,100
10-16 21:12:36.332  3957  4128 D WifiService: getConnectionInfo uid=1000
10-16 21:12:36.426 10464 10771 I BatteryMgr:DataCollectionService: stats => 1697483556426,37,4313,-25,0,100
10-16 21:12:36.531 10464 10771 I BatteryMgr:DataCollectionService: stats => 1697483556531,37,4313,-25,0,100
10-16 21:12:36.614  3957  4129 D WifiStateMachine:  ConnectedState !RSSI_PKTCNT_FETCH uid=1000 rt=452959511/1145943992 0 0 "ourhome" f4:6d:2f:12:cc:88 rssi=-46 f=5240 sc=60 link=433 tx=14.8, 0.0, 0.0  rx=23.6 bcn=547174 [on:0 tx:0 rx:0 period:825] from screen [on:602241 period:3029222] score=60
10-16 21:12:36.615  3957  4129 D WifiStateMachine:  L2ConnectedState !RSSI_PKTCNT_FETCH uid=1000 rt=452959512/1145943993 0 0 "ourhome" f4:6d:2f:12:cc:88 rssi=-46 f=5240 sc=60 link=433 tx=14.8, 0.0, 0.0  rx=23.6 bcn=547174 [on:0 tx:0 rx:0 period:1] from screen [on:602241 period:3029223] score=60
10-16 21:12:36.616  3957  4129 D WifiStateMachine: fetchRssiLinkSpeedAndFrequencyNative rssi=-45 linkspeed=433 freq=5240
10-16 21:12:36.636 10464 10771 I BatteryMgr:DataCollectionService: stats => 1697483556636,37,4313,-25,0,100
10-16 21:12:36.742 10464 10771 I BatteryMgr:DataCollectionService: stats => 1697483556742,37,4313,-25,0,100
10-16 21:12:36.848 10464 10771 I BatteryMgr:DataCollectionService: stats => 1697483556848,37,4313,-25,0,100
10-16 21:12:36.953 10464 10771 I BatteryMgr:DataCollectionService: stats => 1697483556953,37,4313,-25,0,100
10-16 21:12:37.058 10464 10771 I BatteryMgr:DataCollectionService: stats => 1697483557058,37,4313,-25,0,100
10-16 21:12:37.163 10464 10771 I BatteryMgr:DataCollectionService: stats => 1697483557163,37,4313,-25,0,100
10-16 21:12:37.269 10464 10771 I BatteryMgr:DataCollectionService: stats => 1697483557269,37,4313,-25,0,100
10-16 21:12:37.334  3957  4128 D WifiService: getConnectionInfo uid=1000
10-16 21:12:37.377 10464 10771 I BatteryMgr:DataCollectionService: stats => 1697483557377,37,4313,-25,0,100
10-16 21:12:37.483 10464 10771 I BatteryMgr:DataCollectionService: stats => 1697483557483,37,4313,-25,0,100
10-16 21:12:37.578  2479  2548 D ScanRecord: Not a Multi Manu data
10-16 21:12:37.585  2479  2548 I chatty  : uid=1002(bluetooth) BT Service Call identical 37 lines
10-16 21:12:37.585  2479  2548 D ScanRecord: Not a Multi Manu data
10-16 21:12:37.589 10464 10771 I BatteryMgr:DataCollectionService: stats => 1697483557588,37,4313,-25,0,100
10-16 21:12:37.589  2479  2548 D ScanRecord: Not a Multi Manu data
10-16 21:12:37.612  2479  2548 I chatty  : uid=1002(bluetooth) BT Service Call identical 76 lines
10-16 21:12:37.612  2479  2548 D ScanRecord: Not a Multi Manu data
10-16 21:12:37.616  3957  4129 D WifiStateMachine:  ConnectedState !RSSI_PKTCNT_FETCH uid=1000 rt=452960512/1145944993 0 0 "ourhome" f4:6d:2f:12:cc:88 rssi=-45 f=5240 sc=60 link=433 tx=14.8, 0.0, 0.0  rx=23.6 bcn=547174 [on:0 tx:0 rx:0 period:1001] from screen [on:602241 period:3030224] score=60
10-16 21:12:37.616  2479  2548 D ScanRecord: Not a Multi Manu data
10-16 21:12:37.616  2479  2548 I chatty  : uid=1002(bluetooth) BT Service Call identical 11 lines
10-16 21:12:37.616  2479  2548 D ScanRecord: Not a Multi Manu data
10-16 21:12:37.617  3957  4129 D WifiStateMachine:  L2ConnectedState !RSSI_PKTCNT_FETCH uid=1000 rt=452960514/1145944994 0 0 "ourhome" f4:6d:2f:12:cc:88 rssi=-45 f=5240 sc=60 link=433 tx=14.8, 0.0, 0.0  rx=23.6 bcn=547174 [on:0 tx:0 rx:0 period:1] from screen [on:602241 period:3030225] score=60
10-16 21:12:37.617  2479  2548 D ScanRecord: Not a Multi Manu data
10-16 21:12:37.618  2479  2548 I chatty  : uid=1002(bluetooth) BT Service Call identical 11 lines
10-16 21:12:37.618  2479  2548 D ScanRecord: Not a Multi Manu data
10-16 21:12:37.619  3957  4129 D WifiStateMachine: fetchRssiLinkSpeedAndFrequencyNative rssi=-44 linkspeed=433 freq=5240
10-16 21:12:37.621  2479  2548 D ScanRecord: Not a Multi Manu data
10-16 21:12:37.694  2479  2548 I chatty  : uid=1002(bluetooth) BT Service Call identical 245 lines
10-16 21:12:37.694  2479  2548 D ScanRecord: Not a Multi Manu data
10-16 21:12:37.695 10464 10771 I BatteryMgr:DataCollectionService: stats => 1697483557695,37,4313,-25,0,100
10-16 21:12:37.696  2479  2548 D ScanRecord: Not a Multi Manu data
10-16 21:12:37.697  2479  2548 I chatty  : uid=1002(bluetooth) BT Service Call identical 11 lines
10-16 21:12:37.697  2479  2548 D ScanRecord: Not a Multi Manu data
10-16 21:12:37.697  3957  4030 D SensorService: [SO] 0.168 -0.081 9.965
10-16 21:12:37.698  2479  2548 D ScanRecord: Not a Multi Manu data
10-16 21:12:37.797  2479  2548 I chatty  : uid=1002(bluetooth) BT Service Call identical 245 lines
10-16 21:12:37.797  2479  2548 D ScanRecord: Not a Multi Manu data
10-16 21:12:37.800 10464 10771 I BatteryMgr:DataCollectionService: stats => 1697483557800,37,4313,-25,0,100
10-16 21:12:37.807  2479  2548 D ScanRecord: Not a Multi Manu data
10-16 21:12:37.904  2479  2548 I chatty  : uid=1002(bluetooth) BT Service Call identical 310 lines
10-16 21:12:37.904  2479  2548 D ScanRecord: Not a Multi Manu data
10-16 21:12:37.905 10464 10771 I BatteryMgr:DataCollectionService: stats => 1697483557905,37,4313,-25,0,100
10-16 21:12:37.910  2479  2548 D ScanRecord: Not a Multi Manu data
10-16 21:12:38.009  2479  2548 I chatty  : uid=1002(bluetooth) BT Service Call identical 271 lines
10-16 21:12:38.009  2479  2548 D ScanRecord: Not a Multi Manu data
10-16 21:12:38.011 10464 10771 I BatteryMgr:DataCollectionService: stats => 1697483558011,37,4313,-25,0,100
10-16 21:12:38.013  2479  2548 D ScanRecord: Not a Multi Manu data
10-16 21:12:38.076  2479  2548 I chatty  : uid=1002(bluetooth) BT Service Call identical 219 lines
10-16 21:12:38.076  2479  2548 D ScanRecord: Not a Multi Manu data
10-16 21:12:38.116 10464 10771 I BatteryMgr:DataCollectionService: stats => 1697483558116,37,4313,-25,0,100
10-16 21:12:38.220 10464 10771 I BatteryMgr:DataCollectionService: stats => 1697483558220,-68,4313,-9,0,100
10-16 21:12:38.329 10464 10771 I BatteryMgr:DataCollectionService: stats => 1697483558329,-68,4313,-9,0,100
10-16 21:12:38.336  3957  4128 D WifiService: getConnectionInfo uid=1000
10-16 21:12:38.433 10464 10771 I BatteryMgr:DataCollectionService: stats => 1697483558433,-68,4313,-9,0,100
10-16 21:12:38.539 10464 10771 I BatteryMgr:DataCollectionService: stats => 1697483558539,-68,4313,-9,0,100
10-16 21:12:38.618  3957  4129 D WifiStateMachine:  ConnectedState !RSSI_PKTCNT_FETCH uid=1000 rt=452961514/1145945995 0 0 "ourhome" f4:6d:2f:12:cc:88 rssi=-44 f=5240 sc=60 link=433 tx=14.8, 0.0, 0.0  rx=23.6 bcn=547174 [on:0 tx:0 rx:0 period:1001] from screen [on:602241 period:3031226] score=60
10-16 21:12:38.620  3957  4129 D WifiStateMachine:  L2ConnectedState !RSSI_PKTCNT_FETCH uid=1000 rt=452961516/1145945997 0 0 "ourhome" f4:6d:2f:12:cc:88 rssi=-44 f=5240 sc=60 link=433 tx=14.8, 0.0, 0.0  rx=23.6 bcn=547174 [on:0 tx:0 rx:0 period:1] from screen [on:602241 period:3031227] score=60
10-16 21:12:38.621  3957  4129 D WifiStateMachine: fetchRssiLinkSpeedAndFrequencyNative rssi=-45 linkspeed=433 freq=5240
10-16 21:12:38.645  3957  4460 D BatteryService: !@BatteryListener : batteryPropertiesChanged!
10-16 21:12:38.646 10464 10771 I BatteryMgr:DataCollectionService: stats => 1697483558646,-68,4313,-9,0,100
10-16 21:12:38.754 10464 10771 I BatteryMgr:DataCollectionService: stats => 1697483558754,-68,4313,-9,0,100
10-16 21:12:38.789  3957  4129 D WifiStateMachine:  ConnectedState !CMD_RSSI_POLL rt=452961686/1145946166 70 0 "ourhome" f4:6d:2f:12:cc:88 rssi=-45 f=5240 sc=60 link=433 tx=14.8, 0.0, 0.0  rx=23.6 bcn=547174 [on:0 tx:0 rx:0 period:170] from screen [on:602241 period:3031397] score=60
10-16 21:12:38.790  3957  4129 D WifiStateMachine:  L2ConnectedState !CMD_RSSI_POLL rt=452961687/1145946167 70 0 "ourhome" f4:6d:2f:12:cc:88 rssi=-45 f=5240 sc=60 link=433 tx=14.8, 0.0, 0.0  rx=23.6 bcn=547174 [on:0 tx:0 rx:0 period:1] from screen [on:602241 period:3031398] score=60
10-16 21:12:38.790  3957  4129 D WifiStateMachine:  get link layer stats 3
10-16 21:12:38.790  3436  3436 I android.hardware.wifi@1.0-service: getLinkLayerStats
10-16 21:12:38.794  3957  4129 D WifiStateMachine: fetchRssiLinkSpeedAndFrequencyNative rssi=-45 linkspeed=433 freq=5240
10-16 21:12:38.797  4340  4340 E SignalClusterView: setSlotFocusVisible : subId -2
10-16 21:12:38.797  4340  4340 E SignalClusterView: setSlotFocusVisible : subId -2
10-16 21:12:38.860 10464 10771 I BatteryMgr:DataCollectionService: stats => 1697483558860,-68,4313,-9,0,100
10-16 21:12:38.964 10464 10771 I BatteryMgr:DataCollectionService: stats => 1697483558964,-68,4313,-9,0,100
10-16 21:12:39.053  4961  4961 D io_stats: !@ 179,0 r 7194769 229957292 w 1519024 31746768 d 122784 32979328 f 353074 372151 iot 3142084 2751901 th 51200 0 0 pt 0 inp 0 0 452961.950
10-16 21:12:39.069 10464 10771 I BatteryMgr:DataCollectionService: stats => 1697483559069,-68,4313,-9,0,100
10-16 21:12:39.177 10464 10771 I BatteryMgr:DataCollectionService: stats => 1697483559176,-68,4313,-9,0,100
10-16 21:12:39.281 10464 10771 I BatteryMgr:DataCollectionService: stats => 1697483559281,-68,4313,-9,0,100
10-16 21:12:39.338  3957  4128 D WifiService: getConnectionInfo uid=1000
10-16 21:12:39.385 10464 10771 I BatteryMgr:DataCollectionService: stats => 1697483559385,-68,4313,-9,0,100
10-16 21:12:39.492 10464 10771 I BatteryMgr:DataCollectionService: stats => 1697483559492,-68,4313,-9,0,100
10-16 21:12:39.598 10464 10771 I BatteryMgr:DataCollectionService: stats => 1697483559598,-68,4313,-9,0,100
10-16 21:12:39.619  3957  4129 D WifiStateMachine:  ConnectedState !RSSI_PKTCNT_FETCH uid=1000 rt=452962515/1145946996 0 0 "ourhome" f4:6d:2f:12:cc:88 rssi=-45 f=5240 sc=60 link=433 tx=17.5, 0.0, 0.0  rx=18.8 bcn=547197 [on:0 tx:0 rx:0 period:823] from screen [on:603971 period:3032227] score=60
10-16 21:12:39.620  3957  4129 D WifiStateMachine:  L2ConnectedState !RSSI_PKTCNT_FETCH uid=1000 rt=452962517/1145946997 0 0 "ourhome" f4:6d:2f:12:cc:88 rssi=-45 f=5240 sc=60 link=433 tx=17.5, 0.0, 0.0  rx=18.8 bcn=547197 [on:0 tx:0 rx:0 period:1] from screen [on:603971 period:3032228] score=60
10-16 21:12:39.621  3957  4129 D WifiStateMachine: fetchRssiLinkSpeedAndFrequencyNative rssi=-47 linkspeed=433 freq=5240
10-16 21:12:39.703 10464 10771 I BatteryMgr:DataCollectionService: stats => 1697483559703,-68,4313,-9,0,100
10-16 21:12:39.809 10464 10771 I BatteryMgr:DataCollectionService: stats => 1697483559809,-68,4313,-9,0,100
10-16 21:12:39.913 10464 10771 I BatteryMgr:DataCollectionService: stats => 1697483559913,-68,4313,-9,0,100
10-16 21:12:40.018 10464 10771 I BatteryMgr:DataCollectionService: stats => 1697483560018,-68,4313,-9,0,100
10-16 21:12:40.124 10464 10771 I BatteryMgr:DataCollectionService: stats => 1697483560124,-68,4313,-9,0,100
10-16 21:12:40.230 10464 10771 I BatteryMgr:DataCollectionService: stats => 1697483560230,-68,4313,-9,0,100
10-16 21:12:40.281  3957  4306 D WifiConnectivityMonitor:  [|207] []
10-16 21:12:40.336 10464 10771 I BatteryMgr:DataCollectionService: stats => 1697483560336,-68,4313,-9,0,100
10-16 21:12:40.340  3957  4128 D WifiService: getConnectionInfo uid=1000
10-16 21:12:40.440 10464 10771 I BatteryMgr:DataCollectionService: stats => 1697483560440,-68,4313,-9,0,100
10-16 21:12:40.545 10464 10771 I BatteryMgr:DataCollectionService: stats => 1697483560545,-68,4313,-9,0,100
10-16 21:12:40.589  3957  6478 D SSRM:k  : SIOP:: AP = 440, PST = 405 (W:12), BAT = 282, USB = 0, CHG = 0
10-16 21:12:40.599  3957  6478 D ac      : broadcastSiopLevelIntent:: currentSiopLevel = 0
10-16 21:12:40.606  2629  2629 I [SC]SCloudReceiver: onReceive: com.samsung.intent.action.CHECK_SIOP_LEVEL
10-16 21:12:40.606  3957  6478 D WifiService: getConnectionInfo uid=1000
10-16 21:12:40.610  2629  2629 I [SC]DetectorReceiver: onReceive [com.samsung.intent.action.CHECK_SIOP_LEVEL]
10-16 21:12:40.611  2629  2629 I [SC]AccountUtil: Samsung Account Not Logged in
10-16 21:12:40.614  3957  6478 I SensorService: createSensorEventConnection package name f.z
10-16 21:12:40.616  3957  6478 D SensorService: Calling batch handle==3 flags=0 rate=200000000 timeout== 0
10-16 21:12:40.617  3434  3434 I Sensors : ProximitySensor:enable: handle 3, en 1, old_en 0
10-16 21:12:40.620  3957  4129 D WifiStateMachine:  ConnectedState !RSSI_PKTCNT_FETCH uid=1000 rt=452963516/1145947997 0 0 "ourhome" f4:6d:2f:12:cc:88 rssi=-47 f=5240 sc=60 link=433 tx=17.5, 0.0, 0.0  rx=18.8 bcn=547197 [on:0 tx:0 rx:0 period:1000] from screen [on:603971 period:3033228] score=60
10-16 21:12:40.621  3957  4129 D WifiStateMachine:  L2ConnectedState !RSSI_PKTCNT_FETCH uid=1000 rt=452963518/1145947998 0 0 "ourhome" f4:6d:2f:12:cc:88 rssi=-47 f=5240 sc=60 link=433 tx=17.5, 0.0, 0.0  rx=18.8 bcn=547197 [on:0 tx:0 rx:0 period:1] from screen [on:603971 period:3033229] score=60
10-16 21:12:40.622  3957  4129 D WifiStateMachine: fetchRssiLinkSpeedAndFrequencyNative rssi=-45 linkspeed=433 freq=5240
10-16 21:12:40.650 10464 10771 I BatteryMgr:DataCollectionService: stats => 1697483560649,-68,4313,-9,0,100
10-16 21:12:40.676  3957  6478 D SensorManager: registerListener :: 3, STK3013 Proximity, 200000, 0,  
10-16 21:12:40.676  3434  3434 I Sensors : ProximitySensor:readEvents: value 8(cm)
10-16 21:12:40.677  3957  3957 D SensorManager: Proximity, val = 8.0  [far]
10-16 21:12:40.677  3957  3957 D SensorService: Calling activate off 3
10-16 21:12:40.678  3434  4028 I Sensors : ProximitySensor:enable: handle 3, en 0, old_en 1
10-16 21:12:40.679  3957  3957 D SensorManager: unregisterListener ::   
10-16 21:12:40.755 10464 10771 I BatteryMgr:DataCollectionService: stats => 1697483560755,-68,4313,-9,0,100
10-16 21:12:40.861 10464 10771 I BatteryMgr:DataCollectionService: stats => 1697483560861,-68,4313,-9,0,100
10-16 21:12:40.966 10464 10771 I BatteryMgr:DataCollectionService: stats => 1697483560966,-68,4313,-9,0,100
10-16 21:12:41.072 10464 10771 I BatteryMgr:DataCollectionService: stats => 1697483561072,-68,4313,-9,0,100
10-16 21:12:41.178 10464 10771 I BatteryMgr:DataCollectionService: stats => 1697483561178,-68,4313,-9,0,100
10-16 21:12:41.283 10464 10771 I BatteryMgr:DataCollectionService: stats => 1697483561283,-68,4313,-9,0,100
10-16 21:12:41.342  3957  4128 D WifiService: getConnectionInfo uid=1000
10-16 21:12:41.389 10464 10771 I BatteryMgr:DataCollectionService: stats => 1697483561389,-68,4313,-9,0,100
10-16 21:12:41.494 10464 10771 I BatteryMgr:DataCollectionService: stats => 1697483561494,-68,4313,-9,0,100
10-16 21:12:41.601 10464 10771 I BatteryMgr:DataCollectionService: stats => 1697483561601,-68,4313,-9,0,100
10-16 21:12:41.620  3957  4129 D WifiStateMachine:  ConnectedState !RSSI_PKTCNT_FETCH uid=1000 rt=452964517/1145948998 0 0 "ourhome" f4:6d:2f:12:cc:88 rssi=-45 f=5240 sc=60 link=433 tx=17.5, 0.0, 0.0  rx=18.8 bcn=547197 [on:0 tx:0 rx:0 period:999] from screen [on:603971 period:3034228] score=60
10-16 21:12:41.621  3957  4129 D WifiStateMachine:  L2ConnectedState !RSSI_PKTCNT_FETCH uid=1000 rt=452964518/1145948999 0 0 "ourhome" f4:6d:2f:12:cc:88 rssi=-45 f=5240 sc=60 link=433 tx=17.5, 0.0, 0.0  rx=18.8 bcn=547197 [on:0 tx:0 rx:0 period:1] from screen [on:603971 period:3034229] score=60
10-16 21:12:41.627  3957  4129 D WifiStateMachine: fetchRssiLinkSpeedAndFrequencyNative rssi=-44 linkspeed=433 freq=5240
10-16 21:12:41.706 10464 10771 I BatteryMgr:DataCollectionService: stats => 1697483561706,-68,4313,-9,0,100
10-16 21:12:41.798  3957  4129 D WifiStateMachine:  ConnectedState !CMD_RSSI_POLL rt=452964692/1145949173 70 0 "ourhome" f4:6d:2f:12:cc:88 rssi=-44 f=5240 sc=60 link=433 tx=17.5, 0.0, 0.0  rx=18.8 bcn=547197 [on:0 tx:0 rx:0 period:177] from screen [on:603971 period:3034406] score=60
10-16 21:12:41.800  3957  4129 D WifiStateMachine:  L2ConnectedState !CMD_RSSI_POLL rt=452964696/1145949177 70 0 "ourhome" f4:6d:2f:12:cc:88 rssi=-44 f=5240 sc=60 link=433 tx=17.5, 0.0, 0.0  rx=18.8 bcn=547197 [on:0 tx:0 rx:0 period:2] from screen [on:603971 period:3034408] score=60
10-16 21:12:41.800  3957  4129 D WifiStateMachine:  get link layer stats 3
10-16 21:12:41.800  3436  3436 I android.hardware.wifi@1.0-service: getLinkLayerStats
10-16 21:12:41.810 10464 10771 I BatteryMgr:DataCollectionService: stats => 1697483561810,-68,4313,-9,0,100
10-16 21:12:41.818  3957  4129 D WifiStateMachine: fetchRssiLinkSpeedAndFrequencyNative rssi=-44 linkspeed=433 freq=5240
10-16 21:12:41.821  4340  4340 E SignalClusterView: setSlotFocusVisible : subId -2
10-16 21:12:41.821  4340  4340 E SignalClusterView: setSlotFocusVisible : subId -2
10-16 21:12:41.917 10464 10771 I BatteryMgr:DataCollectionService: stats => 1697483561917,-68,4313,-9,0,100
10-16 21:12:42.022 10464 10771 I BatteryMgr:DataCollectionService: stats => 1697483562022,-68,4313,-9,0,100
10-16 21:12:42.127 10464 10771 I BatteryMgr:DataCollectionService: stats => 1697483562126,-68,4313,-9,0,100
10-16 21:12:42.233 10464 10771 I BatteryMgr:DataCollectionService: stats => 1697483562232,-68,4313,-9,0,100
10-16 21:12:42.308  4340  4731 D NetworkController.MobileSignalController(0/-2): onSignalStrengthsChanged signalStrength=SignalStrength: 27 99 -27 -200 -27 -200 -1 99 2147483647 2147483647 2147483647 2147483647 0 2147483647 0x4 P gsm|lte level=4
10-16 21:12:42.308  4340  4731 D NetworkController.MobileSignalController(0/-2): getMobileIconGroup(): 0
10-16 21:12:42.337 10464 10771 I BatteryMgr:DataCollectionService: stats => 1697483562337,-68,4313,-9,0,100
10-16 21:12:42.344  3957  4128 D WifiService: getConnectionInfo uid=1000
10-16 21:12:42.443 10464 10771 I BatteryMgr:DataCollectionService: stats => 1697483562443,-68,4313,-9,0,100
10-16 21:12:42.547 10464 10771 I BatteryMgr:DataCollectionService: stats => 1697483562547,-68,4313,-9,0,100
10-16 21:12:42.600  2479  2548 D ScanRecord: Not a Multi Manu data
10-16 21:12:42.611  2479  2548 I chatty  : uid=1002(bluetooth) BT Service Call identical 37 lines
10-16 21:12:42.611  2479  2548 D ScanRecord: Not a Multi Manu data
10-16 21:12:42.623  3957  4129 D WifiStateMachine:  ConnectedState !RSSI_PKTCNT_FETCH uid=1000 rt=452965519/1145950000 0 0 "ourhome" f4:6d:2f:12:cc:88 rssi=-44 f=5240 sc=60 link=433 tx=15.3, 0.0, 0.0  rx=18.9 bcn=547219 [on:0 tx:0 rx:0 period:803] from screen [on:605458 period:3035231] score=60
10-16 21:12:42.624  2479  2548 D ScanRecord: Not a Multi Manu data
10-16 21:12:42.624  2479  2548 I chatty  : uid=1002(bluetooth) BT Service Call identical 11 lines
10-16 21:12:42.624  2479  2548 D ScanRecord: Not a Multi Manu data
10-16 21:12:42.625  3957  4129 D WifiStateMachine:  L2ConnectedState !RSSI_PKTCNT_FETCH uid=1000 rt=452965521/1145950002 0 0 "ourhome" f4:6d:2f:12:cc:88 rssi=-44 f=5240 sc=60 link=433 tx=15.3, 0.0, 0.0  rx=18.9 bcn=547219 [on:0 tx:0 rx:0 period:1] from screen [on:605458 period:3035232] score=60
10-16 21:12:42.625  2479  2548 D ScanRecord: Not a Multi Manu data
10-16 21:12:42.625  2479  2548 I chatty  : uid=1002(bluetooth) BT Service Call identical 11 lines
10-16 21:12:42.625  2479  2548 D ScanRecord: Not a Multi Manu data
10-16 21:12:42.626  3957  4129 D WifiStateMachine: fetchRssiLinkSpeedAndFrequencyNative rssi=-44 linkspeed=433 freq=5240
10-16 21:12:42.643  2479  2548 D ScanRecord: Not a Multi Manu data
10-16 21:12:42.647  2479  2548 I chatty  : uid=1002(bluetooth) BT Service Call identical 37 lines
10-16 21:12:42.647  2479  2548 D ScanRecord: Not a Multi Manu data
10-16 21:12:42.653 10464 10771 I BatteryMgr:DataCollectionService: stats => 1697483562653,-68,4313,-9,0,100
10-16 21:12:42.664  2479  2548 D ScanRecord: Not a Multi Manu data
10-16 21:12:42.755  2479  2548 I chatty  : uid=1002(bluetooth) BT Service Call identical 102 lines
10-16 21:12:42.755  2479  2548 D ScanRecord: Not a Multi Manu data
10-16 21:12:42.757 10464 10771 I BatteryMgr:DataCollectionService: stats => 1697483562757,-68,4313,-9,0,100
10-16 21:12:42.783  2479  2548 D ScanRecord: Not a Multi Manu data
10-16 21:12:42.844  2479  2548 I chatty  : uid=1002(bluetooth) BT Service Call identical 89 lines
10-16 21:12:42.844  2479  2548 D ScanRecord: Not a Multi Manu data
10-16 21:12:42.861 10464 10771 I BatteryMgr:DataCollectionService: stats => 1697483562861,-68,4313,-9,0,100
10-16 21:12:42.874  2479  2548 D ScanRecord: Not a Multi Manu data
10-16 21:12:42.959  2479  2548 I chatty  : uid=1002(bluetooth) BT Service Call identical 128 lines
10-16 21:12:42.959  2479  2548 D ScanRecord: Not a Multi Manu data
10-16 21:12:42.966 10464 10771 I BatteryMgr:DataCollectionService: stats => 1697483562966,-68,4313,-9,0,100
10-16 21:12:42.975  2479  2548 D ScanRecord: Not a Multi Manu data
10-16 21:12:43.054  2479  2548 I chatty  : uid=1002(bluetooth) BT Service Call identical 180 lines
10-16 21:12:43.054  2479  2548 D ScanRecord: Not a Multi Manu data
10-16 21:12:43.071 10464 10771 I BatteryMgr:DataCollectionService: stats => 1697483563070,-68,4313,-9,0,100
10-16 21:12:43.071  2479  2548 D ScanRecord: Not a Multi Manu data
10-16 21:12:43.071  2479  2548 I chatty  : uid=1002(bluetooth) BT Service Call identical 11 lines
10-16 21:12:43.071  2479  2548 D ScanRecord: Not a Multi Manu data
10-16 21:12:43.175 10464 10771 I BatteryMgr:DataCollectionService: stats => 1697483563175,-68,4313,-9,0,100
10-16 21:12:43.283 10464 10771 I BatteryMgr:DataCollectionService: stats => 1697483563283,-68,4313,-9,0,100
10-16 21:12:43.347  3957  4128 D WifiService: getConnectionInfo uid=1000
10-16 21:12:43.387 10464 10771 I BatteryMgr:DataCollectionService: stats => 1697483563387,-68,4313,-9,0,100
10-16 21:12:43.493 10464 10771 I BatteryMgr:DataCollectionService: stats => 1697483563493,-68,4313,-9,0,100
10-16 21:12:43.599 10464 10771 I BatteryMgr:DataCollectionService: stats => 1697483563599,-68,4313,-9,0,100
10-16 21:12:43.623  3957  4129 D WifiStateMachine:  ConnectedState !RSSI_PKTCNT_FETCH uid=1000 rt=452966520/1145951001 0 0 "ourhome" f4:6d:2f:12:cc:88 rssi=-44 f=5240 sc=60 link=433 tx=15.3, 0.0, 0.0  rx=18.9 bcn=547219 [on:0 tx:0 rx:0 period:999] from screen [on:605458 period:3036231] score=60
10-16 21:12:43.624  3957  4129 D WifiStateMachine:  L2ConnectedState !RSSI_PKTCNT_FETCH uid=1000 rt=452966521/1145951002 0 0 "ourhome" f4:6d:2f:12:cc:88 rssi=-44 f=5240 sc=60 link=433 tx=15.3, 0.0, 0.0  rx=18.9 bcn=547219 [on:0 tx:0 rx:0 period:1] from screen [on:605458 period:3036232] score=60
10-16 21:12:43.630  3957  4129 D WifiStateMachine: fetchRssiLinkSpeedAndFrequencyNative rssi=-44 linkspeed=433 freq=5240
10-16 21:12:43.703 10464 10771 I BatteryMgr:DataCollectionService: stats => 1697483563703,-68,4313,-9,0,100
10-16 21:12:43.807 10464 10771 I BatteryMgr:DataCollectionService: stats => 1697483563807,-68,4313,-9,0,100
10-16 21:12:43.915 10464 10771 I BatteryMgr:DataCollectionService: stats => 1697483563914,-68,4313,-9,0,100
10-16 21:12:44.022 10464 10771 I BatteryMgr:DataCollectionService: stats => 1697483564022,-68,4313,-9,0,100
10-16 21:12:44.055  4961  4961 D io_stats: !@ 179,0 r 7194774 229957328 w 1519040 31747012 d 122786 32979408 f 353075 372152 iot 3142092 2751912 th 51200 0 0 pt 0 inp 0 0 452966.952
10-16 21:12:44.128 10464 10771 I BatteryMgr:DataCollectionService: stats => 1697483564128,-68,4313,-9,0,100
10-16 21:12:44.233 10464 10771 I BatteryMgr:DataCollectionService: stats => 1697483564233,-68,4313,-9,0,100
10-16 21:12:44.338 10464 10771 I BatteryMgr:DataCollectionService: stats => 1697483564338,-68,4313,-9,0,100
10-16 21:12:44.349  3957  4128 D WifiService: getConnectionInfo uid=1000
10-16 21:12:44.442 10464 10771 I BatteryMgr:DataCollectionService: stats => 1697483564442,-68,4313,-9,0,100
10-16 21:12:44.547 10464 10771 I BatteryMgr:DataCollectionService: stats => 1697483564547,-68,4313,-9,0,100
10-16 21:12:44.625  3957  4129 D WifiStateMachine:  ConnectedState !RSSI_PKTCNT_FETCH uid=1000 rt=452967521/1145952002 0 0 "ourhome" f4:6d:2f:12:cc:88 rssi=-44 f=5240 sc=60 link=433 tx=15.3, 0.0, 0.0  rx=18.9 bcn=547219 [on:0 tx:0 rx:0 period:1000] from screen [on:605458 period:3037232] score=60
10-16 21:12:44.626  3957  4129 D WifiStateMachine:  L2ConnectedState !RSSI_PKTCNT_FETCH uid=1000 rt=452967522/1145952003 0 0 "ourhome" f4:6d:2f:12:cc:88 rssi=-44 f=5240 sc=60 link=433 tx=15.3, 0.0, 0.0  rx=18.9 bcn=547219 [on:0 tx:0 rx:0 period:2] from screen [on:605458 period:3037234] score=60
10-16 21:12:44.627  3957  4129 D WifiStateMachine: fetchRssiLinkSpeedAndFrequencyNative rssi=-44 linkspeed=433 freq=5240
10-16 21:12:44.652 10464 10771 I BatteryMgr:DataCollectionService: stats => 1697483564652,-68,4313,-9,0,100
10-16 21:12:44.683  3957  4416 E Watchdog: !@Sync 15093 [2023-10-16 21:12:44.683]
10-16 21:12:44.758 10464 10771 I BatteryMgr:DataCollectionService: stats => 1697483564758,-68,4313,-9,0,100
10-16 21:12:44.820  3957  4129 D WifiStateMachine:  ConnectedState !CMD_RSSI_POLL rt=452967717/1145952197 70 0 "ourhome" f4:6d:2f:12:cc:88 rssi=-44 f=5240 sc=60 link=433 tx=15.3, 0.0, 0.0  rx=18.9 bcn=547219 [on:0 tx:0 rx:0 period:194] from screen [on:605458 period:3037428] score=60
10-16 21:12:44.821  3957  4129 D WifiStateMachine:  L2ConnectedState !CMD_RSSI_POLL rt=452967718/1145952198 70 0 "ourhome" f4:6d:2f:12:cc:88 rssi=-44 f=5240 sc=60 link=433 tx=15.3, 0.0, 0.0  rx=18.9 bcn=547219 [on:0 tx:0 rx:0 period:1] from screen [on:605458 period:3037429] score=60
10-16 21:12:44.821  3957  4129 D WifiStateMachine:  get link layer stats 3
10-16 21:12:44.821  3436  3436 I android.hardware.wifi@1.0-service: getLinkLayerStats
10-16 21:12:44.829  3957  4129 D WifiStateMachine: fetchRssiLinkSpeedAndFrequencyNative rssi=-44 linkspeed=433 freq=5240
