10-16 21:11:52.560  3957  4129 D WifiStateMachine:  L2ConnectedState !RSSI_PKTCNT_FETCH uid=1000 rt=452915456/1145899937 0 0 "ourhome" f4:6d:2f:12:cc:88 rssi=-39 f=5240 sc=60 link=433 tx=23.0, 1.4, 0.0  rx=28.7 bcn=546764 [on:0 tx:0 rx:0 period:1] from screen [on:593309 period:2985167] score=60
10-16 21:11:52.565  3957  4129 D WifiStateMachine: fetchRssiLinkSpeedAndFrequencyNative rssi=-39 linkspeed=433 freq=5240
10-16 21:11:52.580  2479  2548 D ScanRecord: Not a Multi Manu data
10-16 21:11:52.650  2479  2548 I chatty  : uid=1002(bluetooth) BT Service Call identical 141 lines
10-16 21:11:52.650  2479  2548 D ScanRecord: Not a Multi Manu data
10-16 21:11:52.650 10464 10771 I BatteryMgr:DataCollectionService: stats => 1697483512650,20,4313,-34,0,100
10-16 21:11:52.670  2479  2548 D ScanRecord: Not a Multi Manu data
10-16 21:11:52.746  2479  2548 I chatty  : uid=1002(bluetooth) BT Service Call identical 141 lines
10-16 21:11:52.746  2479  2548 D ScanRecord: Not a Multi Manu data
10-16 21:11:52.758 10464 10771 I BatteryMgr:DataCollectionService: stats => 1697483512757,20,4313,-34,0,100
10-16 21:11:52.763  2479  2548 D ScanRecord: Not a Multi Manu data
10-16 21:11:52.835  2479  2548 I chatty  : uid=1002(bluetooth) BT Service Call identical 141 lines
10-16 21:11:52.835  2479  2548 D ScanRecord: Not a Multi Manu data
10-16 21:11:52.866 10464 10771 I BatteryMgr:DataCollectionService: stats => 1697483512866,20,4313,-34,0,100
10-16 21:11:52.881  2479  2548 D ScanRecord: Not a Multi Manu data
10-16 21:11:52.955  2479  2548 I chatty  : uid=1002(bluetooth) BT Service Call identical 180 lines
10-16 21:11:52.955  2479  2548 D ScanRecord: Not a Multi Manu data
10-16 21:11:52.972 10464 10771 I BatteryMgr:DataCollectionService: stats => 1697483512972,20,4313,-34,0,100
10-16 21:11:52.976  2479  2548 D ScanRecord: Not a Multi Manu data
10-16 21:11:53.074  2479  2548 I chatty  : uid=1002(bluetooth) BT Service Call identical 141 lines
10-16 21:11:53.074  2479  2548 D ScanRecord: Not a Multi Manu data
10-16 21:11:53.080 10464 10771 I BatteryMgr:DataCollectionService: stats => 1697483513080,20,4313,-34,0,100
10-16 21:11:53.188 10464 10771 I BatteryMgr:DataCollectionService: stats => 1697483513187,20,4313,-34,0,100
10-16 21:11:53.251  3957  4128 D WifiService: getConnectionInfo uid=1000
10-16 21:11:53.295 10464 10771 I BatteryMgr:DataCollectionService: stats => 1697483513295,20,4313,-34,0,100
10-16 21:11:53.402 10464 10771 I BatteryMgr:DataCollectionService: stats => 1697483513402,20,4313,-34,0,100
10-16 21:11:53.509 10464 10771 I BatteryMgr:DataCollectionService: stats => 1697483513508,20,4313,-34,0,100
10-16 21:11:53.559  3957  4129 D WifiStateMachine:  ConnectedState !RSSI_PKTCNT_FETCH uid=1000 rt=452916456/1145900937 0 0 "ourhome" f4:6d:2f:12:cc:88 rssi=-39 f=5240 sc=60 link=433 tx=23.0, 1.4, 0.0  rx=28.7 bcn=546764 [on:0 tx:0 rx:0 period:1000] from screen [on:593309 period:2986167] score=60
10-16 21:11:53.560  3957  4129 D WifiStateMachine:  L2ConnectedState !RSSI_PKTCNT_FETCH uid=1000 rt=452916457/1145900938 0 0 "ourhome" f4:6d:2f:12:cc:88 rssi=-39 f=5240 sc=60 link=433 tx=23.0, 1.4, 0.0  rx=28.7 bcn=546764 [on:0 tx:0 rx:0 period:1] from screen [on:593309 period:2986168] score=60
10-16 21:11:53.566  3957  4129 D WifiStateMachine: fetchRssiLinkSpeedAndFrequencyNative rssi=-40 linkspeed=433 freq=5240
10-16 21:11:53.573  3957  4129 D WifiStateMachine:  ConnectedState !CMD_RSSI_POLL rt=452916470/1145900950 70 0 "ourhome" f4:6d:2f:12:cc:88 rssi=-40 f=5240 sc=60 link=433 tx=23.0, 1.4, 0.0  rx=28.7 bcn=546764 [on:0 tx:0 rx:0 period:13] from screen [on:593309 period:2986181] score=60
10-16 21:11:53.574  3957  4129 D WifiStateMachine:  L2ConnectedState !CMD_RSSI_POLL rt=452916471/1145900952 70 0 "ourhome" f4:6d:2f:12:cc:88 rssi=-40 f=5240 sc=60 link=433 tx=23.0, 1.4, 0.0  rx=28.7 bcn=546764 [on:0 tx:0 rx:0 period:1] from screen [on:593309 period:2986182] score=60
10-16 21:11:53.574  3957  4129 D WifiStateMachine:  get link layer stats 3
10-16 21:11:53.574  3436  3436 I android.hardware.wifi@1.0-service: getLinkLayerStats
10-16 21:11:53.590  3957  4129 D WifiStateMachine: fetchRssiLinkSpeedAndFrequencyNative rssi=-40 linkspeed=433 freq=5240
10-16 21:11:53.593  4340  4340 E SignalClusterView: setSlotFocusVisible : subId -2
10-16 21:11:53.593  4340  4340 E SignalClusterView: setSlotFocusVisible : subId -2
10-16 21:11:53.617 10464 10771 I BatteryMgr:DataCollectionService: stats => 1697483513616,20,4313,-34,0,100
10-16 21:11:53.724 10464 10771 I BatteryMgr:DataCollectionService: stats => 1697483513724,20,4313,-34,0,100
10-16 21:11:53.832 10464 10771 I BatteryMgr:DataCollectionService: stats => 1697483513832,20,4313,-34,0,100
10-16 21:11:53.941 10464 10771 I BatteryMgr:DataCollectionService: stats => 1697483513941,20,4313,-34,0,100
10-16 21:11:54.035  4961  4961 D io_stats: !@ 179,0 r 7192988 229923096 w 1518881 31744680 d 122767 32978548 f 353064 372139 iot 3141588 2751433 th 51200 0 0 pt 0 inp 0 0 452916.931
10-16 21:11:54.051 10464 10771 I BatteryMgr:DataCollectionService: stats => 1697483514051,20,4313,-34,0,100
10-16 21:11:54.158 10464 10771 I BatteryMgr:DataCollectionService: stats => 1697483514158,20,4313,-34,0,100
10-16 21:11:54.253  3957  4128 D WifiService: getConnectionInfo uid=1000
10-16 21:11:54.267 10464 10771 I BatteryMgr:DataCollectionService: stats => 1697483514267,20,4313,-34,0,100
10-16 21:11:54.373 10464 10771 I BatteryMgr:DataCollectionService: stats => 1697483514373,20,4313,-34,0,100
10-16 21:11:54.482 10464 10771 I BatteryMgr:DataCollectionService: stats => 1697483514482,20,4313,-34,0,100
10-16 21:11:54.561  3957  4129 D WifiStateMachine:  ConnectedState !RSSI_PKTCNT_FETCH uid=1000 rt=452917457/1145901938 0 0 "ourhome" f4:6d:2f:12:cc:88 rssi=-40 f=5240 sc=60 link=433 tx=8.4, 0.5, 0.0  rx=10.5 bcn=546793 [on:0 tx:0 rx:0 period:969] from screen [on:593374 period:2987169] score=60
10-16 21:11:54.563  3957  4129 D WifiStateMachine:  L2ConnectedState !RSSI_PKTCNT_FETCH uid=1000 rt=452917459/1145901940 0 0 "ourhome" f4:6d:2f:12:cc:88 rssi=-40 f=5240 sc=60 link=433 tx=8.4, 0.5, 0.0  rx=10.5 bcn=546793 [on:0 tx:0 rx:0 period:1] from screen [on:593374 period:2987170] score=60
10-16 21:11:54.565  3957  4129 D WifiStateMachine: fetchRssiLinkSpeedAndFrequencyNative rssi=-39 linkspeed=433 freq=5240
10-16 21:11:54.590 10464 10771 I BatteryMgr:DataCollectionService: stats => 1697483514590,20,4313,-34,0,100
10-16 21:11:54.698 10464 10771 I BatteryMgr:DataCollectionService: stats => 1697483514698,20,4313,-34,0,100
10-16 21:11:54.806 10464 10771 I BatteryMgr:DataCollectionService: stats => 1697483514806,20,4313,-34,0,100
10-16 21:11:54.916 10464 10771 I BatteryMgr:DataCollectionService: stats => 1697483514916,20,4313,-34,0,100
10-16 21:11:55.024 10464 10771 I BatteryMgr:DataCollectionService: stats => 1697483515024,20,4313,-34,0,100
10-16 21:11:55.130 10464 10771 I BatteryMgr:DataCollectionService: stats => 1697483515130,20,4313,-34,0,100
10-16 21:11:55.239 10464 10771 I BatteryMgr:DataCollectionService: stats => 1697483515239,20,4313,-34,0,100
10-16 21:11:55.255  3957  4128 D WifiService: getConnectionInfo uid=1000
10-16 21:11:55.346 10464 10771 I BatteryMgr:DataCollectionService: stats => 1697483515346,20,4313,-34,0,100
10-16 21:11:55.452 10464 10771 I BatteryMgr:DataCollectionService: stats => 1697483515452,20,4313,-34,0,100
10-16 21:11:55.559 10464 10771 I BatteryMgr:DataCollectionService: stats => 1697483515559,20,4313,-34,0,100
10-16 21:11:55.562  3957  4129 D WifiStateMachine:  ConnectedState !RSSI_PKTCNT_FETCH uid=1000 rt=452918458/1145902939 0 0 "ourhome" f4:6d:2f:12:cc:88 rssi=-39 f=5240 sc=60 link=433 tx=8.4, 0.5, 0.0  rx=10.5 bcn=546793 [on:0 tx:0 rx:0 period:1000] from screen [on:593374 period:2988170] score=60
10-16 21:11:55.563  3957  4129 D WifiStateMachine:  L2ConnectedState !RSSI_PKTCNT_FETCH uid=1000 rt=452918460/1145902940 0 0 "ourhome" f4:6d:2f:12:cc:88 rssi=-39 f=5240 sc=60 link=433 tx=8.4, 0.5, 0.0  rx=10.5 bcn=546793 [on:0 tx:0 rx:0 period:1] from screen [on:593374 period:2988171] score=60
10-16 21:11:55.569  3957  4129 D WifiStateMachine: fetchRssiLinkSpeedAndFrequencyNative rssi=-39 linkspeed=433 freq=5240
10-16 21:11:55.665 10464 10771 I BatteryMgr:DataCollectionService: stats => 1697483515665,20,4313,-34,0,100
10-16 21:11:55.775 10464 10771 I BatteryMgr:DataCollectionService: stats => 1697483515775,20,4313,-34,0,100
10-16 21:11:55.883 10464 10771 I BatteryMgr:DataCollectionService: stats => 1697483515883,20,4313,-34,0,100
10-16 21:11:55.991 10464 10771 I BatteryMgr:DataCollectionService: stats => 1697483515991,20,4313,-34,0,100
10-16 21:11:56.099 10464 10771 I BatteryMgr:DataCollectionService: stats => 1697483516099,20,4313,-34,0,100
10-16 21:11:56.207 10464 10771 I BatteryMgr:DataCollectionService: stats => 1697483516207,-177,4313,-115,0,100
10-16 21:11:56.256  3957  4128 D WifiService: getConnectionInfo uid=1000
10-16 21:11:56.314 10464 10771 I BatteryMgr:DataCollectionService: stats => 1697483516314,-177,4313,-115,0,100
10-16 21:11:56.422 10464 10771 I BatteryMgr:DataCollectionService: stats => 1697483516422,-177,4313,-115,0,100
10-16 21:11:56.529 10464 10771 I BatteryMgr:DataCollectionService: stats => 1697483516528,-177,4313,-115,0,100
10-16 21:11:56.563  3957  4129 D WifiStateMachine:  ConnectedState !RSSI_PKTCNT_FETCH uid=1000 rt=452919460/1145903941 0 0 "ourhome" f4:6d:2f:12:cc:88 rssi=-39 f=5240 sc=60 link=433 tx=8.4, 0.5, 0.0  rx=10.5 bcn=546793 [on:0 tx:0 rx:0 period:1000] from screen [on:593374 period:2989171] score=60
10-16 21:11:56.565  3957  4129 D WifiStateMachine:  L2ConnectedState !RSSI_PKTCNT_FETCH uid=1000 rt=452919461/1145903942 0 0 "ourhome" f4:6d:2f:12:cc:88 rssi=-39 f=5240 sc=60 link=433 tx=8.4, 0.5, 0.0  rx=10.5 bcn=546793 [on:0 tx:0 rx:0 period:2] from screen [on:593374 period:2989173] score=60
10-16 21:11:56.571  3957  4129 D WifiStateMachine: fetchRssiLinkSpeedAndFrequencyNative rssi=-39 linkspeed=433 freq=5240
10-16 21:11:56.592  3957  4129 D WifiStateMachine:  ConnectedState !CMD_RSSI_POLL rt=452919489/1145903969 70 0 "ourhome" f4:6d:2f:12:cc:88 rssi=-39 f=5240 sc=60 link=433 tx=8.4, 0.5, 0.0  rx=10.5 bcn=546793 [on:0 tx:0 rx:0 period:27] from screen [on:593374 period:2989200] score=60
10-16 21:11:56.593  3957  4129 D WifiStateMachine:  L2ConnectedState !CMD_RSSI_POLL rt=452919489/1145903970 70 0 "ourhome" f4:6d:2f:12:cc:88 rssi=-39 f=5240 sc=60 link=433 tx=8.4, 0.5, 0.0  rx=10.5 bcn=546793 [on:0 tx:0 rx:0 period:0] from screen [on:593374 period:2989200] score=60
10-16 21:11:56.593  3957  4129 D WifiStateMachine:  get link layer stats 3
10-16 21:11:56.593  3436  3436 I android.hardware.wifi@1.0-service: getLinkLayerStats
10-16 21:11:56.598  3957  4129 D WifiStateMachine: fetchRssiLinkSpeedAndFrequencyNative rssi=-39 linkspeed=433 freq=5240
10-16 21:11:56.602  4340  4340 E SignalClusterView: setSlotFocusVisible : subId -2
10-16 21:11:56.602  4340  4340 E SignalClusterView: setSlotFocusVisible : subId -2
10-16 21:11:56.638 10464 10771 I BatteryMgr:DataCollectionService: stats => 1697483516638,-177,4313,-115,0,100
10-16 21:11:56.678  3957  4460 D BatteryService: !@BatteryListener : batteryPropertiesChanged!
10-16 21:11:56.746 10464 10771 I BatteryMgr:DataCollectionService: stats => 1697483516746,-177,4313,-115,0,100
10-16 21:11:56.855 10464 10771 I BatteryMgr:DataCollectionService: stats => 1697483516855,-177,4313,-115,0,100
10-16 21:11:56.966 10464 10771 I BatteryMgr:DataCollectionService: stats => 1697483516965,-177,4313,-115,0,100
10-16 21:11:57.073 10464 10771 I BatteryMgr:DataCollectionService: stats => 1697483517073,-177,4313,-115,0,100
10-16 21:11:57.179 10464 10771 I BatteryMgr:DataCollectionService: stats => 1697483517179,-177,4313,-115,0,100
10-16 21:11:57.206  3957  4306 D WifiConnectivityMonitor:  [|219] []
10-16 21:11:57.258  3957  4128 D WifiService: getConnectionInfo uid=1000
10-16 21:11:57.289 10464 10771 I BatteryMgr:DataCollectionService: stats => 1697483517289,-177,4313,-115,0,100
10-16 21:11:57.397 10464 10771 I BatteryMgr:DataCollectionService: stats => 1697483517397,-177,4313,-115,0,100
10-16 21:11:57.504 10464 10771 I BatteryMgr:DataCollectionService: stats => 1697483517504,-177,4313,-115,0,100
10-16 21:11:57.565  3957  4129 D WifiStateMachine:  ConnectedState !RSSI_PKTCNT_FETCH uid=1000 rt=452920461/1145904942 0 0 "ourhome" f4:6d:2f:12:cc:88 rssi=-39 f=5240 sc=60 link=433 tx=3.1, 0.2, 0.0  rx=3.8 bcn=546821 [on:0 tx:0 rx:0 period:964] from screen [on:593436 period:2990173] score=60
10-16 21:11:57.566  3957  4129 D WifiStateMachine:  L2ConnectedState !RSSI_PKTCNT_FETCH uid=1000 rt=452920462/1145904943 0 0 "ourhome" f4:6d:2f:12:cc:88 rssi=-39 f=5240 sc=60 link=433 tx=3.1, 0.2, 0.0  rx=3.8 bcn=546821 [on:0 tx:0 rx:0 period:0] from screen [on:593436 period:2990173] score=60
10-16 21:11:57.567  3957  4129 D WifiStateMachine: fetchRssiLinkSpeedAndFrequencyNative rssi=-42 linkspeed=433 freq=5240
10-16 21:11:57.594  2479  2548 D ScanRecord: Not a Multi Manu data
10-16 21:11:57.613  2479  2548 I chatty  : uid=1002(bluetooth) BT Service Call identical 24 lines
10-16 21:11:57.613  2479  2548 D ScanRecord: Not a Multi Manu data
10-16 21:11:57.613 10464 10771 I BatteryMgr:DataCollectionService: stats => 1697483517613,-177,4313,-115,0,100
10-16 21:11:57.614  2479  2548 D ScanRecord: Not a Multi Manu data
10-16 21:11:57.696  2479  2548 I chatty  : uid=1002(bluetooth) BT Service Call identical 115 lines
10-16 21:11:57.696  2479  2548 D ScanRecord: Not a Multi Manu data
10-16 21:11:57.697  3957  4030 D SensorService: [SO] 0.144 -0.072 10.003
10-16 21:11:57.713  2479  2548 D ScanRecord: Not a Multi Manu data
10-16 21:11:57.713  2479  2548 I chatty  : uid=1002(bluetooth) BT Service Call identical 11 lines
10-16 21:11:57.713  2479  2548 D ScanRecord: Not a Multi Manu data
10-16 21:11:57.720 10464 10469 I zygote64: Do partial code cache collection, code=61KB, data=48KB
10-16 21:11:57.721 10464 10469 I zygote64: After code cache collection, code=61KB, data=48KB
10-16 21:11:57.721 10464 10469 I zygote64: Increasing code cache capacity to 256KB
10-16 21:11:57.725  2479  2548 D ScanRecord: Not a Multi Manu data
10-16 21:11:57.731  2479  2548 I chatty  : uid=1002(bluetooth) BT Service Call identical 37 lines
10-16 21:11:57.731  2479  2548 D ScanRecord: Not a Multi Manu data
10-16 21:11:57.731 10464 10771 I BatteryMgr:DataCollectionService: stats => 1697483517730,-177,4313,-115,0,100
10-16 21:11:57.742  2479  2548 D ScanRecord: Not a Multi Manu data
10-16 21:11:57.840  2479  2548 I chatty  : uid=1002(bluetooth) BT Service Call identical 245 lines
10-16 21:11:57.840  2479  2548 D ScanRecord: Not a Multi Manu data
10-16 21:11:57.841 10464 10771 I BatteryMgr:DataCollectionService: stats => 1697483517840,-177,4313,-115,0,100
10-16 21:11:57.843  2479  2548 D ScanRecord: Not a Multi Manu data
10-16 21:11:57.924  2479  2548 I chatty  : uid=1002(bluetooth) BT Service Call identical 219 lines
10-16 21:11:57.924  2479  2548 D ScanRecord: Not a Multi Manu data
10-16 21:11:57.946 10464 10771 I BatteryMgr:DataCollectionService: stats => 1697483517946,-177,4313,-115,0,100
10-16 21:11:57.948  2479  2548 D ScanRecord: Not a Multi Manu data
10-16 21:11:58.042  2479  2548 I chatty  : uid=1002(bluetooth) BT Service Call identical 206 lines
10-16 21:11:58.042  2479  2548 D ScanRecord: Not a Multi Manu data
10-16 21:11:58.054 10464 10771 I BatteryMgr:DataCollectionService: stats => 1697483518054,-177,4313,-115,0,100
10-16 21:11:58.062  2479  2548 D ScanRecord: Not a Multi Manu data
10-16 21:11:58.072  2479  2548 I chatty  : uid=1002(bluetooth) BT Service Call identical 24 lines
10-16 21:11:58.072  2479  2548 D ScanRecord: Not a Multi Manu data
10-16 21:11:58.162 10464 10771 I BatteryMgr:DataCollectionService: stats => 1697483518162,-177,4313,-115,0,100
10-16 21:11:58.260  3957  4128 D WifiService: getConnectionInfo uid=1000
10-16 21:11:58.269 10464 10771 I BatteryMgr:DataCollectionService: stats => 1697483518269,-177,4313,-115,0,100
10-16 21:11:58.376 10464 10771 I BatteryMgr:DataCollectionService: stats => 1697483518376,-177,4313,-115,0,100
10-16 21:11:58.485 10464 10771 I BatteryMgr:DataCollectionService: stats => 1697483518485,-177,4313,-115,0,100
10-16 21:11:58.567  3957  4129 D WifiStateMachine:  ConnectedState !RSSI_PKTCNT_FETCH uid=1000 rt=452921463/1145905944 0 0 "ourhome" f4:6d:2f:12:cc:88 rssi=-42 f=5240 sc=60 link=433 tx=3.1, 0.2, 0.0  rx=3.8 bcn=546821 [on:0 tx:0 rx:0 period:1002] from screen [on:593436 period:2991175] score=60
10-16 21:11:58.568  3957  4129 D WifiStateMachine:  L2ConnectedState !RSSI_PKTCNT_FETCH uid=1000 rt=452921465/1145905946 0 0 "ourhome" f4:6d:2f:12:cc:88 rssi=-42 f=5240 sc=60 link=433 tx=3.1, 0.2, 0.0  rx=3.8 bcn=546821 [on:0 tx:0 rx:0 period:1] from screen [on:593436 period:2991176] score=60
10-16 21:11:58.574  3957  4129 D WifiStateMachine: fetchRssiLinkSpeedAndFrequencyNative rssi=-45 linkspeed=433 freq=5240
10-16 21:11:58.596 10464 10771 I BatteryMgr:DataCollectionService: stats => 1697483518596,-177,4313,-115,0,100
10-16 21:11:58.706 10464 10771 I BatteryMgr:DataCollectionService: stats => 1697483518706,-177,4313,-115,0,100
10-16 21:11:58.771 10507 10518 I zygote64: Background concurrent copying GC freed 159955(5MB) AllocSpace objects, 22(632KB) LOS objects, 49% free, 5MB/11MB, paused 10.763ms total 188.379ms
10-16 21:11:58.813 10464 10771 I BatteryMgr:DataCollectionService: stats => 1697483518813,-177,4313,-115,0,100
10-16 21:11:58.922 10464 10771 I BatteryMgr:DataCollectionService: stats => 1697483518922,-177,4313,-115,0,100
10-16 21:11:59.029 10464 10771 I BatteryMgr:DataCollectionService: stats => 1697483519029,-177,4313,-115,0,100
10-16 21:11:59.037  4961  4961 D io_stats: !@ 179,0 r 7193421 229930060 w 1518901 31744920 d 122768 32978624 f 353065 372140 iot 3141668 2751526 th 51200 0 0 pt 0 inp 0 0 452921.934
10-16 21:11:59.134 10464 10771 I BatteryMgr:DataCollectionService: stats => 1697483519134,-177,4313,-115,0,100
10-16 21:11:59.193  8793  8870 D TimeZoneUpdateStubUtil: 
10-16 21:11:59.204  8793  8870 E TimeZoneUpdateStubUtil: Stub util got exception
10-16 21:11:59.204  8793  8870 E TimeZoneUpdateStubUtil: java.net.ConnectException: Failed to connect to vas.samsungapps.com/34.240.124.129:80
10-16 21:11:59.204  8793  8870 E TimeZoneUpdateStubUtil: 	at com.android.okhttp.internal.io.RealConnection.connectSocket(RealConnection.java:1417)
10-16 21:11:59.204  8793  8870 E TimeZoneUpdateStubUtil: 	at com.android.okhttp.internal.io.RealConnection.connect(RealConnection.java:1367)
10-16 21:11:59.204  8793  8870 E TimeZoneUpdateStubUtil: 	at com.android.okhttp.internal.http.StreamAllocation.findConnection(StreamAllocation.java:219)
10-16 21:11:59.204  8793  8870 E TimeZoneUpdateStubUtil: 	at com.android.okhttp.internal.http.StreamAllocation.findHealthyConnection(StreamAllocation.java:142)
10-16 21:11:59.204  8793  8870 E TimeZoneUpdateStubUtil: 	at com.android.okhttp.internal.http.StreamAllocation.newStream(StreamAllocation.java:104)
10-16 21:11:59.204  8793  8870 E TimeZoneUpdateStubUtil: 	at com.android.okhttp.internal.http.HttpEngine.connect(HttpEngine.java:410)
10-16 21:11:59.204  8793  8870 E TimeZoneUpdateStubUtil: 	at com.android.okhttp.internal.http.HttpEngine.sendRequest(HttpEngine.java:343)
10-16 21:11:59.204  8793  8870 E TimeZoneUpdateStubUtil: 	at com.android.okhttp.internal.huc.HttpURLConnectionImpl.execute(HttpURLConnectionImpl.java:489)
10-16 21:11:59.204  8793  8870 E TimeZoneUpdateStubUtil: 	at com.android.okhttp.internal.huc.HttpURLConnectionImpl.getResponse(HttpURLConnectionImpl.java:435)
10-16 21:11:59.204  8793  8870 E TimeZoneUpdateStubUtil: 	at com.android.okhttp.internal.huc.HttpURLConnectionImpl.getHeaders(HttpURLConnectionImpl.java:167)
10-16 21:11:59.204  8793  8870 E TimeZoneUpdateStubUtil: 	at com.android.okhttp.internal.huc.HttpURLConnectionImpl.getHeaderFields(HttpURLConnectionImpl.java:227)
10-16 21:11:59.204  8793  8870 E TimeZoneUpdateStubUtil: 	at com.samsung.android.timezone.autoupdate_O.b.d.a(Unknown Source:168)
10-16 21:11:59.204  8793  8870 E TimeZoneUpdateStubUtil: 	at com.samsung.android.timezone.autoupdate_O.b.d.doInBackground(Unknown Source:2)
10-16 21:11:59.204  8793  8870 E TimeZoneUpdateStubUtil: 	at android.os.AsyncTask$2.call(AsyncTask.java:333)
10-16 21:11:59.204  8793  8870 E TimeZoneUpdateStubUtil: 	at java.util.concurrent.FutureTask.run(FutureTask.java:266)
10-16 21:11:59.204  8793  8870 E TimeZoneUpdateStubUtil: 	at java.util.concurrent.ThreadPoolExecutor.runWorker(ThreadPoolExecutor.java:1162)
10-16 21:11:59.204  8793  8870 E TimeZoneUpdateStubUtil: 	at java.util.concurrent.ThreadPoolExecutor$Worker.run(ThreadPoolExecutor.java:636)
10-16 21:11:59.204  8793  8870 E TimeZoneUpdateStubUtil: 	at java.lang.Thread.run(Thread.java:764)
10-16 21:11:59.205  8793  8793 E TimeZoneUpdateCheckReceiver: onUpdateCheckFail: 
10-16 21:11:59.241 10464 10771 I BatteryMgr:DataCollectionService: stats => 1697483519241,-177,4313,-115,0,100
10-16 21:11:59.263  3957  4128 D WifiService: getConnectionInfo uid=1000
10-16 21:11:59.347 10464 10771 I BatteryMgr:DataCollectionService: stats => 1697483519347,-177,4313,-115,0,100
10-16 21:11:59.454 10464 10771 I BatteryMgr:DataCollectionService: stats => 1697483519454,-177,4313,-115,0,100
10-16 21:11:59.560 10464 10771 I BatteryMgr:DataCollectionService: stats => 1697483519560,-177,4313,-115,0,100
10-16 21:11:59.567  3957  4129 D WifiStateMachine:  ConnectedState !RSSI_PKTCNT_FETCH uid=1000 rt=452922464/1145906945 0 0 "ourhome" f4:6d:2f:12:cc:88 rssi=-45 f=5240 sc=60 link=433 tx=3.1, 0.2, 0.0  rx=3.8 bcn=546821 [on:0 tx:0 rx:0 period:999] from screen [on:593436 period:2992175] score=60
10-16 21:11:59.568  3957  4129 D WifiStateMachine:  L2ConnectedState !RSSI_PKTCNT_FETCH uid=1000 rt=452922465/1145906946 0 0 "ourhome" f4:6d:2f:12:cc:88 rssi=-45 f=5240 sc=60 link=433 tx=3.1, 0.2, 0.0  rx=3.8 bcn=546821 [on:0 tx:0 rx:0 period:1] from screen [on:593436 period:2992176] score=60
10-16 21:11:59.569  3957  4129 D WifiStateMachine: fetchRssiLinkSpeedAndFrequencyNative rssi=-41 linkspeed=433 freq=5240
10-16 21:11:59.600  3957  4129 D WifiStateMachine:  ConnectedState !CMD_RSSI_POLL rt=452922497/1145906977 70 0 "ourhome" f4:6d:2f:12:cc:88 rssi=-41 f=5240 sc=60 link=433 tx=3.1, 0.2, 0.0  rx=3.8 bcn=546821 [on:0 tx:0 rx:0 period:32] from screen [on:593436 period:2992208] score=60
10-16 21:11:59.601  3957  4129 D WifiStateMachine:  L2ConnectedState !CMD_RSSI_POLL rt=452922498/1145906978 70 0 "ourhome" f4:6d:2f:12:cc:88 rssi=-41 f=5240 sc=60 link=433 tx=3.1, 0.2, 0.0  rx=3.8 bcn=546821 [on:0 tx:0 rx:0 period:1] from screen [on:593436 period:2992209] score=60
10-16 21:11:59.601  3957  4129 D WifiStateMachine:  get link layer stats 3
10-16 21:11:59.601  3436  3436 I android.hardware.wifi@1.0-service: getLinkLayerStats
10-16 21:11:59.605  3957  4129 D WifiStateMachine: fetchRssiLinkSpeedAndFrequencyNative rssi=-41 linkspeed=433 freq=5240
10-16 21:11:59.607  4340  4340 E SignalClusterView: setSlotFocusVisible : subId -2
10-16 21:11:59.608  4340  4340 E SignalClusterView: setSlotFocusVisible : subId -2
10-16 21:11:59.667 10464 10771 I BatteryMgr:DataCollectionService: stats => 1697483519667,-177,4313,-115,0,100
10-16 21:11:59.773 10464 10771 I BatteryMgr:DataCollectionService: stats => 1697483519773,-177,4313,-115,0,100
10-16 21:11:59.880 10464 10771 I BatteryMgr:DataCollectionService: stats => 1697483519880,-177,4313,-115,0,100
10-16 21:11:59.987 10464 10771 I BatteryMgr:DataCollectionService: stats => 1697483519987,-177,4313,-115,0,100
10-16 21:12:00.005  3957  4045 D SamsungAlarmManager: Expired : 8
10-16 21:12:00.012  3957  4045 V SamsungAlarmManager: Sending to uid : 1000 action=android.intent.action.TIME_TICK alarm=Alarm{d5b77f3 type 3 when 1145907379 android}
10-16 21:12:00.016  3957  4045 V SamsungAlarmManager: Sending to uid : 10074 action=com.samsung.action.EVERY_MINUTE_CLOCK_UPDATE alarm=Alarm{24e7729 type 1 when 1697483520000 com.sec.android.app.launcher}
10-16 21:12:00.021  3957  3957 D SamsungAlarmManager: setExact Intent (T:3/F:1/AC:false) 20231016T211259 - CU:1000/CP:3957
10-16 21:12:00.022  3957  3957 I SamsungAlarmManager: setLocked to kernel - T:3 / 20231016T211300, SetElapsed=1145967378, nowELAPSED=1145907400
10-16 21:12:00.023   426   426 I Launcher: onReceive: com.samsung.action.EVERY_MINUTE_CLOCK_UPDATE
10-16 21:12:00.024  4340  4340 D KeyguardUpdateMonitor: received broadcast android.intent.action.TIME_TICK
10-16 21:12:00.028  4340  4340 D KeyguardServiceBoxContainer: refreshTime() 1
10-16 21:12:00.037  3957  3967 D SamsungAlarmManager: setInexact Intent (T:1/F:0/AC:false) 20231016T211300 - CU:10074/CP:426
10-16 21:12:00.040   426   426 I IconView: applyFromShortcutInfo - start GetLive : com.samsung.android.calendar
10-16 21:12:00.040   426   426 I BitmapCacheContainer: getBitmapCache: BitmapCache expired com.samsung.android.calendar/UserHandle{0}
10-16 21:12:00.056   426   426 D ApplicationPackageManager: we has com.samsung.android.calendar class. reuse it 
10-16 21:12:00.089  4340  4340 D KeyguardUpdateMonitor: handleStatusBarState( false )
10-16 21:12:00.096  4340  4340 D KeyguardUpdateMonitor: handleStatusBarState( false )
10-16 21:12:00.098 10464 10771 I BatteryMgr:DataCollectionService: stats => 1697483520098,-177,4313,-115,0,100
10-16 21:12:00.128   426   426 I ApplicationPackageManager: load= live icon for com.samsung.android.calendar, from overlay = false
10-16 21:12:00.129   426   426 I LiveIconManager: getLiveIcon: complete(sync_created)
10-16 21:12:00.129   426   426 I IconView: applyFromShortcutInfo - end GetLive : com.samsung.android.calendar
10-16 21:12:00.153   426   426 I IconView: applyFromApplicationInfo - start GetLive : com.sec.android.app.clockpackage
10-16 21:12:00.156   426   426 D ApplicationPackageManager: we has com.sec.android.app.clockpackage class. reuse it 
10-16 21:12:00.160   426   426 D LiveIconLoader: getLiveIcon was called in ClockPackage
10-16 21:12:00.161   426   426 D LiveIconLoader: getLiveIcon res = com.sec.android.app.clockpackage
10-16 21:12:00.164   426   426 D LiveIconLoader: stdIconSize : 84 , targetIconSize : 94
10-16 21:12:00.164   426   426 D LiveIconLoader: mIconDpi : 320 , mTargetIconDpi : 280
10-16 21:12:00.184   426   426 I ApplicationPackageManager: load= live icon for com.sec.android.app.clockpackage, from overlay = false
10-16 21:12:00.185   426   426 I LiveIconManager: getLiveIcon: complete(sync_created)
10-16 21:12:00.185   426   426 I IconView: applyFromApplicationInfo - end GetLive : com.sec.android.app.clockpackage
10-16 21:12:00.186   426   426 I IconView: applyFromApplicationInfo - start GetLive : com.samsung.android.calendar
10-16 21:12:00.186   426   426 I IconView: applyFromApplicationInfo - end GetLive : com.samsung.android.calendar
10-16 21:12:00.206 10464 10771 I BatteryMgr:DataCollectionService: stats => 1697483520206,-177,4313,-115,0,100
10-16 21:12:00.265  3957  4128 D WifiService: getConnectionInfo uid=1000
10-16 21:12:00.312 10464 10771 I BatteryMgr:DataCollectionService: stats => 1697483520312,-177,4313,-115,0,100
10-16 21:12:00.392  3957  6478 D SSRM:k  : SIOP:: AP = 430, PST = 359 (W:10), BAT = 282, USB = 0, CHG = 0
10-16 21:12:00.420 10464 10771 I BatteryMgr:DataCollectionService: stats => 1697483520419,-177,4313,-115,0,100
10-16 21:12:00.527 10464 10771 I BatteryMgr:DataCollectionService: stats => 1697483520527,-177,4313,-115,0,100
10-16 21:12:00.570  3957  4129 D WifiStateMachine:  ConnectedState !RSSI_PKTCNT_FETCH uid=1000 rt=452923466/1145907947 0 0 "ourhome" f4:6d:2f:12:cc:88 rssi=-41 f=5240 sc=60 link=433 tx=19.5, 0.1, 0.0  rx=41.3 bcn=546850 [on:0 tx:0 rx:0 period:963] from screen [on:595029 period:2993178] score=60
10-16 21:12:00.572  3957  4129 D WifiStateMachine:  L2ConnectedState !RSSI_PKTCNT_FETCH uid=1000 rt=452923468/1145907948 0 0 "ourhome" f4:6d:2f:12:cc:88 rssi=-41 f=5240 sc=60 link=433 tx=19.5, 0.1, 0.0  rx=41.3 bcn=546850 [on:0 tx:0 rx:0 period:2] from screen [on:595029 period:2993180] score=60
10-16 21:12:00.579  3957  4129 D WifiStateMachine: fetchRssiLinkSpeedAndFrequencyNative rssi=-40 linkspeed=433 freq=5240
10-16 21:12:00.633 10464 10771 I BatteryMgr:DataCollectionService: stats => 1697483520633,-177,4313,-115,0,100
10-16 21:12:00.739 10464 10771 I BatteryMgr:DataCollectionService: stats => 1697483520739,-177,4313,-115,0,100
10-16 21:12:00.845 10464 10771 I BatteryMgr:DataCollectionService: stats => 1697483520845,-177,4313,-115,0,100
10-16 21:12:00.950 10464 10771 I BatteryMgr:DataCollectionService: stats => 1697483520950,-177,4313,-115,0,100
10-16 21:12:01.059 10464 10771 I BatteryMgr:DataCollectionService: stats => 1697483521059,-177,4313,-115,0,100
10-16 21:12:01.164 10464 10771 I BatteryMgr:DataCollectionService: stats => 1697483521164,-177,4313,-115,0,100
10-16 21:12:01.267  3957  4128 D WifiService: getConnectionInfo uid=1000
10-16 21:12:01.272 10464 10771 I BatteryMgr:DataCollectionService: stats => 1697483521272,-177,4313,-115,0,100
10-16 21:12:01.379 10464 10771 I BatteryMgr:DataCollectionService: stats => 1697483521379,-177,4313,-115,0,100
10-16 21:12:01.485 10464 10771 I BatteryMgr:DataCollectionService: stats => 1697483521485,-177,4313,-115,0,100
10-16 21:12:01.571  3957  4129 D WifiStateMachine:  ConnectedState !RSSI_PKTCNT_FETCH uid=1000 rt=452924467/1145908948 0 0 "ourhome" f4:6d:2f:12:cc:88 rssi=-40 f=5240 sc=60 link=433 tx=19.5, 0.1, 0.0  rx=41.3 bcn=546850 [on:0 tx:0 rx:0 period:999] from screen [on:595029 period:2994179] score=60
10-16 21:12:01.573  3957  4129 D WifiStateMachine:  L2ConnectedState !RSSI_PKTCNT_FETCH uid=1000 rt=452924469/1145908950 0 0 "ourhome" f4:6d:2f:12:cc:88 rssi=-40 f=5240 sc=60 link=433 tx=19.5, 0.1, 0.0  rx=41.3 bcn=546850 [on:0 tx:0 rx:0 period:1] from screen [on:595029 period:2994180] score=60
10-16 21:12:01.579  3957  4129 D WifiStateMachine: fetchRssiLinkSpeedAndFrequencyNative rssi=-40 linkspeed=433 freq=5240
10-16 21:12:01.593 10464 10771 I BatteryMgr:DataCollectionService: stats => 1697483521593,-177,4313,-115,0,100
10-16 21:12:01.702 10464 10771 I BatteryMgr:DataCollectionService: stats => 1697483521702,-177,4313,-115,0,100
10-16 21:12:01.808 10464 10771 I BatteryMgr:DataCollectionService: stats => 1697483521808,-177,4313,-115,0,100
10-16 21:12:01.915 10464 10771 I BatteryMgr:DataCollectionService: stats => 1697483521915,-177,4313,-115,0,100
10-16 21:12:02.020 10464 10771 I BatteryMgr:DataCollectionService: stats => 1697483522020,-177,4313,-115,0,100
10-16 21:12:02.126 10464 10771 I BatteryMgr:DataCollectionService: stats => 1697483522126,-177,4313,-115,0,100
10-16 21:12:02.232 10464 10771 I BatteryMgr:DataCollectionService: stats => 1697483522232,-177,4313,-115,0,100
10-16 21:12:02.269  3957  4128 D WifiService: getConnectionInfo uid=1000
10-16 21:12:02.338 10464 10771 I BatteryMgr:DataCollectionService: stats => 1697483522338,-177,4313,-115,0,100
10-16 21:12:02.444 10464 10771 I BatteryMgr:DataCollectionService: stats => 1697483522444,-177,4313,-115,0,100
10-16 21:12:02.551 10464 10771 I BatteryMgr:DataCollectionService: stats => 1697483522551,-177,4313,-115,0,100
10-16 21:12:02.572  3957  4129 D WifiStateMachine:  ConnectedState !RSSI_PKTCNT_FETCH uid=1000 rt=452925469/1145909949 0 0 "ourhome" f4:6d:2f:12:cc:88 rssi=-40 f=5240 sc=60 link=433 tx=19.5, 0.1, 0.0  rx=41.3 bcn=546850 [on:0 tx:0 rx:0 period:1000] from screen [on:595029 period:2995180] score=60
10-16 21:12:02.574  3957  4129 D WifiStateMachine:  L2ConnectedState !RSSI_PKTCNT_FETCH uid=1000 rt=452925470/1145909951 0 0 "ourhome" f4:6d:2f:12:cc:88 rssi=-40 f=5240 sc=60 link=433 tx=19.5, 0.1, 0.0  rx=41.3 bcn=546850 [on:0 tx:0 rx:0 period:2] from screen [on:595029 period:2995182] score=60
10-16 21:12:02.576  3957  4129 D WifiStateMachine: fetchRssiLinkSpeedAndFrequencyNative rssi=-39 linkspeed=433 freq=5240
10-16 21:12:02.579  2479  2548 D ScanRecord: Not a Multi Manu data
10-16 21:12:02.598  2479  2548 I chatty  : uid=1002(bluetooth) BT Service Call identical 63 lines
10-16 21:12:02.598  2479  2548 D ScanRecord: Not a Multi Manu data
10-16 21:12:02.607  3957  4129 D WifiStateMachine:  ConnectedState !CMD_RSSI_POLL rt=452925503/1145909984 70 0 "ourhome" f4:6d:2f:12:cc:88 rssi=-39 f=5240 sc=60 link=433 tx=19.5, 0.1, 0.0  rx=41.3 bcn=546850 [on:0 tx:0 rx:0 period:33] from screen [on:595029 period:2995215] score=60
10-16 21:12:02.609  3957  4129 D WifiStateMachine:  L2ConnectedState !CMD_RSSI_POLL rt=452925505/1145909986 70 0 "ourhome" f4:6d:2f:12:cc:88 rssi=-39 f=5240 sc=60 link=433 tx=19.5, 0.1, 0.0  rx=41.3 bcn=546850 [on:0 tx:0 rx:0 period:2] from screen [on:595029 period:2995217] score=60
10-16 21:12:02.609  3957  4129 D WifiStateMachine:  get link layer stats 3
10-16 21:12:02.609  3436  3436 I android.hardware.wifi@1.0-service: getLinkLayerStats
10-16 21:12:02.610  2479  2548 D ScanRecord: Not a Multi Manu data
10-16 21:12:02.610  2479  2548 I chatty  : uid=1002(bluetooth) BT Service Call identical 11 lines
10-16 21:12:02.610  2479  2548 D ScanRecord: Not a Multi Manu data
10-16 21:12:02.613  3957  4129 D WifiStateMachine: fetchRssiLinkSpeedAndFrequencyNative rssi=-39 linkspeed=433 freq=5240
10-16 21:12:02.614  2479  2548 D ScanRecord: Not a Multi Manu data
10-16 21:12:02.615  2479  2548 I chatty  : uid=1002(bluetooth) BT Service Call identical 11 lines
10-16 21:12:02.615  2479  2548 D ScanRecord: Not a Multi Manu data
10-16 21:12:02.616  4340  4340 E SignalClusterView: setSlotFocusVisible : subId -2
10-16 21:12:02.616  4340  4340 E SignalClusterView: setSlotFocusVisible : subId -2
10-16 21:12:02.622  2479  2548 D ScanRecord: Not a Multi Manu data
10-16 21:12:02.656  2479  2548 I chatty  : uid=1002(bluetooth) BT Service Call identical 180 lines
10-16 21:12:02.656  2479  2548 D ScanRecord: Not a Multi Manu data
10-16 21:12:02.661 10464 10771 I BatteryMgr:DataCollectionService: stats => 1697483522661,-177,4313,-115,0,100
10-16 21:12:02.664  2479  2548 D ScanRecord: Not a Multi Manu data
10-16 21:12:02.761  2479  2548 I chatty  : uid=1002(bluetooth) BT Service Call identical 193 lines
10-16 21:12:02.761  2479  2548 D ScanRecord: Not a Multi Manu data
10-16 21:12:02.769 10464 10771 I BatteryMgr:DataCollectionService: stats => 1697483522769,-177,4313,-115,0,100
10-16 21:12:02.776  2479  2548 D ScanRecord: Not a Multi Manu data
10-16 21:12:02.873  2479  2548 I chatty  : uid=1002(bluetooth) BT Service Call identical 193 lines
10-16 21:12:02.873  2479  2548 D ScanRecord: Not a Multi Manu data
10-16 21:12:02.875 10464 10771 I BatteryMgr:DataCollectionService: stats => 1697483522875,-177,4313,-115,0,100
10-16 21:12:02.885  2479  2548 D ScanRecord: Not a Multi Manu data
10-16 21:12:02.965  2479  2548 I chatty  : uid=1002(bluetooth) BT Service Call identical 89 lines
10-16 21:12:02.965  2479  2548 D ScanRecord: Not a Multi Manu data
10-16 21:12:02.981 10464 10771 I BatteryMgr:DataCollectionService: stats => 1697483522981,-177,4313,-115,0,100
10-16 21:12:02.982  2479  2548 D ScanRecord: Not a Multi Manu data
10-16 21:12:03.075  2479  2548 I chatty  : uid=1002(bluetooth) BT Service Call identical 193 lines
10-16 21:12:03.075  2479  2548 D ScanRecord: Not a Multi Manu data
10-16 21:12:03.088 10464 10771 I BatteryMgr:DataCollectionService: stats => 1697483523087,-177,4313,-115,0,100
10-16 21:12:03.194 10464 10771 I BatteryMgr:DataCollectionService: stats => 1697483523194,-177,4313,-115,0,100
10-16 21:12:03.270  3957  4128 D WifiService: getConnectionInfo uid=1000
10-16 21:12:03.300 10464 10771 I BatteryMgr:DataCollectionService: stats => 1697483523300,-177,4313,-115,0,100
10-16 21:12:03.405 10464 10771 I BatteryMgr:DataCollectionService: stats => 1697483523405,-177,4313,-115,0,100
10-16 21:12:03.514 10464 10771 I BatteryMgr:DataCollectionService: stats => 1697483523514,-177,4313,-115,0,100
10-16 21:12:03.574  3957  4129 D WifiStateMachine:  ConnectedState !RSSI_PKTCNT_FETCH uid=1000 rt=452926470/1145910951 0 0 "ourhome" f4:6d:2f:12:cc:88 rssi=-39 f=5240 sc=60 link=433 tx=9.0, 0.0, 0.0  rx=20.8 bcn=546877 [on:0 tx:0 rx:0 period:959] from screen [on:595956 period:2996182] score=60
10-16 21:12:03.575  3957  4129 D WifiStateMachine:  L2ConnectedState !RSSI_PKTCNT_FETCH uid=1000 rt=452926472/1145910953 0 0 "ourhome" f4:6d:2f:12:cc:88 rssi=-39 f=5240 sc=60 link=433 tx=9.0, 0.0, 0.0  rx=20.8 bcn=546877 [on:0 tx:0 rx:0 period:1] from screen [on:595956 period:2996183] score=60
10-16 21:12:03.576  3957  4129 D WifiStateMachine: fetchRssiLinkSpeedAndFrequencyNative rssi=-41 linkspeed=433 freq=5240
10-16 21:12:03.620 10464 10771 I BatteryMgr:DataCollectionService: stats => 1697483523619,-177,4313,-115,0,100
10-16 21:12:03.728 10464 10771 I BatteryMgr:DataCollectionService: stats => 1697483523728,-177,4313,-115,0,100
10-16 21:12:03.833 10464 10771 I BatteryMgr:DataCollectionService: stats => 1697483523833,-177,4313,-115,0,100
10-16 21:12:03.940 10464 10771 I BatteryMgr:DataCollectionService: stats => 1697483523940,-177,4313,-115,0,100
10-16 21:12:04.039  4961  4961 D io_stats: !@ 179,0 r 7193936 229946816 w 1518916 31745120 d 122769 32978700 f 353066 372141 iot 3141836 2751675 th 51200 0 0 pt 0 inp 0 0 452926.936
10-16 21:12:04.048 10464 10771 I BatteryMgr:DataCollectionService: stats => 1697483524048,-177,4313,-115,0,100
10-16 21:12:04.154 10464 10771 I BatteryMgr:DataCollectionService: stats => 1697483524154,-177,4313,-115,0,100
10-16 21:12:04.261 10464 10771 I BatteryMgr:DataCollectionService: stats => 1697483524261,-177,4313,-115,0,100
10-16 21:12:04.272  3957  4128 D WifiService: getConnectionInfo uid=1000
10-16 21:12:04.368 10464 10771 I BatteryMgr:DataCollectionService: stats => 1697483524368,-177,4313,-115,0,100
10-16 21:12:04.476 10464 10771 I BatteryMgr:DataCollectionService: stats => 1697483524475,-177,4313,-115,0,100
10-16 21:12:04.575  3957  4129 D WifiStateMachine:  ConnectedState !RSSI_PKTCNT_FETCH uid=1000 rt=452927471/1145911952 0 0 "ourhome" f4:6d:2f:12:cc:88 rssi=-41 f=5240 sc=60 link=433 tx=9.0, 0.0, 0.0  rx=20.8 bcn=546877 [on:0 tx:0 rx:0 period:1000] from screen [on:595956 period:2997183] score=60
10-16 21:12:04.577  3957  4129 D WifiStateMachine:  L2ConnectedState !RSSI_PKTCNT_FETCH uid=1000 rt=452927473/1145911954 0 0 "ourhome" f4:6d:2f:12:cc:88 rssi=-41 f=5240 sc=60 link=433 tx=9.0, 0.0, 0.0  rx=20.8 bcn=546877 [on:0 tx:0 rx:0 period:2] from screen [on:595956 period:2997185] score=60
10-16 21:12:04.582 10464 10771 I BatteryMgr:DataCollectionService: stats => 1697483524582,-177,4313,-115,0,100
10-16 21:12:04.583  3957  4129 D WifiStateMachine: fetchRssiLinkSpeedAndFrequencyNative rssi=-40 linkspeed=433 freq=5240
10-16 21:12:04.690 10464 10771 I BatteryMgr:DataCollectionService: stats => 1697483524690,-177,4313,-115,0,100
10-16 21:12:04.798 10464 10771 I BatteryMgr:DataCollectionService: stats => 1697483524797,-177,4313,-115,0,100
10-16 21:12:04.903 10464 10771 I BatteryMgr:DataCollectionService: stats => 1697483524903,-177,4313,-115,0,100
10-16 21:12:05.011 10464 10771 I BatteryMgr:DataCollectionService: stats => 1697483525011,-177,4313,-115,0,100
10-16 21:12:05.117 10464 10771 I BatteryMgr:DataCollectionService: stats => 1697483525117,-177,4313,-115,0,100
10-16 21:12:05.224 10464 10771 I BatteryMgr:DataCollectionService: stats => 1697483525224,-177,4313,-115,0,100
10-16 21:12:05.274  3957  4128 D WifiService: getConnectionInfo uid=1000
10-16 21:12:05.331 10464 10771 I BatteryMgr:DataCollectionService: stats => 1697483525330,-177,4313,-115,0,100
10-16 21:12:05.437 10464 10771 I BatteryMgr:DataCollectionService: stats => 1697483525437,-177,4313,-115,0,100
10-16 21:12:05.542 10464 10771 I BatteryMgr:DataCollectionService: stats => 1697483525542,-177,4313,-115,0,100
10-16 21:12:05.576  3957  4129 D WifiStateMachine:  ConnectedState !RSSI_PKTCNT_FETCH uid=1000 rt=452928472/1145912953 0 0 "ourhome" f4:6d:2f:12:cc:88 rssi=-40 f=5240 sc=60 link=433 tx=9.0, 0.0, 0.0  rx=20.8 bcn=546877 [on:0 tx:0 rx:0 period:998] from screen [on:595956 period:2998183] score=60
10-16 21:12:05.577  3957  4129 D WifiStateMachine:  L2ConnectedState !RSSI_PKTCNT_FETCH uid=1000 rt=452928473/1145912954 0 0 "ourhome" f4:6d:2f:12:cc:88 rssi=-40 f=5240 sc=60 link=433 tx=9.0, 0.0, 0.0  rx=20.8 bcn=546877 [on:0 tx:0 rx:0 period:2] from screen [on:595956 period:2998185] score=60
10-16 21:12:05.583  3957  4129 D WifiStateMachine: fetchRssiLinkSpeedAndFrequencyNative rssi=-40 linkspeed=433 freq=5240
10-16 21:12:05.615  3957  4129 D WifiStateMachine:  ConnectedState !CMD_RSSI_POLL rt=452928512/1145912992 70 0 "ourhome" f4:6d:2f:12:cc:88 rssi=-40 f=5240 sc=60 link=433 tx=9.0, 0.0, 0.0  rx=20.8 bcn=546877 [on:0 tx:0 rx:0 period:38] from screen [on:595956 period:2998223] score=60
10-16 21:12:05.616  3957  4129 D WifiStateMachine:  L2ConnectedState !CMD_RSSI_POLL rt=452928513/1145912994 70 0 "ourhome" f4:6d:2f:12:cc:88 rssi=-40 f=5240 sc=60 link=433 tx=9.0, 0.0, 0.0  rx=20.8 bcn=546877 [on:0 tx:0 rx:0 period:1] from screen [on:595956 period:2998224] score=60
10-16 21:12:05.616  3957  4129 D WifiStateMachine:  get link layer stats 3
10-16 21:12:05.617  3436  3436 I android.hardware.wifi@1.0-service: getLinkLayerStats
10-16 21:12:05.631  3957  4129 D WifiStateMachine: fetchRssiLinkSpeedAndFrequencyNative rssi=-39 linkspeed=433 freq=5240
10-16 21:12:05.633  4340  4340 E SignalClusterView: setSlotFocusVisible : subId -2
10-16 21:12:05.633  4340  4340 E SignalClusterView: setSlotFocusVisible : subId -2
10-16 21:12:05.647 10464 10771 I BatteryMgr:DataCollectionService: stats => 1697483525647,-177,4313,-115,0,100
10-16 21:12:05.747 10507 10702 I SessionStorage/AutoSave: Save: Periodic
10-16 21:12:05.754 10464 10771 I BatteryMgr:DataCollectionService: stats => 1697483525754,-177,4313,-115,0,100
10-16 21:12:05.859 10464 10771 I BatteryMgr:DataCollectionService: stats => 1697483525859,-177,4313,-115,0,100
10-16 21:12:05.965 10464 10771 I BatteryMgr:DataCollectionService: stats => 1697483525965,-177,4313,-115,0,100
10-16 21:12:06.071 10464 10771 I BatteryMgr:DataCollectionService: stats => 1697483526071,-177,4313,-115,0,100
10-16 21:12:06.177 10464 10771 I BatteryMgr:DataCollectionService: stats => 1697483526177,-177,4313,-115,0,100
10-16 21:12:06.276  3957  4128 D WifiService: getConnectionInfo uid=1000
10-16 21:12:06.283 10464 10771 I BatteryMgr:DataCollectionService: stats => 1697483526283,-177,4313,-115,0,100
10-16 21:12:06.388 10464 10771 I BatteryMgr:DataCollectionService: stats => 1697483526388,-177,4313,-115,0,100
10-16 21:12:06.494 10464 10771 I BatteryMgr:DataCollectionService: stats => 1697483526493,-177,4313,-115,0,100
10-16 21:12:06.576  3957  4129 D WifiStateMachine:  ConnectedState !RSSI_PKTCNT_FETCH uid=1000 rt=452929473/1145913954 0 0 "ourhome" f4:6d:2f:12:cc:88 rssi=-39 f=5240 sc=60 link=433 tx=5.8, 0.0, 0.0  rx=13.3 bcn=546906 [on:0 tx:0 rx:0 period:944] from screen [on:596473 period:2999184] score=60
10-16 21:12:06.577  3957  4129 D WifiStateMachine:  L2ConnectedState !RSSI_PKTCNT_FETCH uid=1000 rt=452929474/1145913955 0 0 "ourhome" f4:6d:2f:12:cc:88 rssi=-39 f=5240 sc=60 link=433 tx=5.8, 0.0, 0.0  rx=13.3 bcn=546906 [on:0 tx:0 rx:0 period:1] from screen [on:596473 period:2999185] score=60
10-16 21:12:06.585  3957  4129 D WifiStateMachine: fetchRssiLinkSpeedAndFrequencyNative rssi=-39 linkspeed=433 freq=5240
10-16 21:12:06.601 10464 10771 I BatteryMgr:DataCollectionService: stats => 1697483526601,-177,4313,-115,0,100
10-16 21:12:06.707 10464 10771 I BatteryMgr:DataCollectionService: stats => 1697483526707,-84,4313,-106,0,100
10-16 21:12:06.814 10464 10771 I BatteryMgr:DataCollectionService: stats => 1697483526813,-84,4313,-106,0,100
10-16 21:12:06.920 10464 10771 I BatteryMgr:DataCollectionService: stats => 1697483526920,-84,4313,-106,0,100
10-16 21:12:07.027 10464 10771 I BatteryMgr:DataCollectionService: stats => 1697483527027,-84,4313,-106,0,100
10-16 21:12:07.134 10464 10771 I BatteryMgr:DataCollectionService: stats => 1697483527134,-84,4313,-106,0,100
10-16 21:12:07.185  3957  4460 D BatteryService: !@BatteryListener : batteryPropertiesChanged!
10-16 21:12:07.239 10464 10771 I BatteryMgr:DataCollectionService: stats => 1697483527239,-84,4313,-106,0,100
10-16 21:12:07.279  3957  4128 D WifiService: getConnectionInfo uid=1000
10-16 21:12:07.345 10464 10771 I BatteryMgr:DataCollectionService: stats => 1697483527345,-84,4313,-106,0,100
10-16 21:12:07.451 10464 10771 I BatteryMgr:DataCollectionService: stats => 1697483527451,-84,4313,-106,0,100
10-16 21:12:07.557 10464 10771 I BatteryMgr:DataCollectionService: stats => 1697483527557,-84,4313,-106,0,100
10-16 21:12:07.578  2479  2548 D ScanRecord: Not a Multi Manu data
10-16 21:12:07.580  3957  4129 D WifiStateMachine:  ConnectedState !RSSI_PKTCNT_FETCH uid=1000 rt=452930474/1145914955 0 0 "ourhome" f4:6d:2f:12:cc:88 rssi=-39 f=5240 sc=60 link=433 tx=5.8, 0.0, 0.0  rx=13.3 bcn=546906 [on:0 tx:0 rx:0 period:1002] from screen [on:596473 period:3000187] score=60
10-16 21:12:07.580  2479  2548 I chatty  : uid=1002(bluetooth) BT Service Call expire 20 lines
10-16 21:12:07.580  2479  2548 D ScanRecord: Not a Multi Manu data
10-16 21:12:07.580  2479  2548 D ScanRecord: Not a Multi Manu data
10-16 21:12:07.580  2479  2548 I chatty  : uid=1002(bluetooth) BT Service Call identical 2 lines
10-16 21:12:07.580  2479  2548 D ScanRecord: Not a Multi Manu data
10-16 21:12:07.582  3957  4129 D WifiStateMachine:  L2ConnectedState !RSSI_PKTCNT_FETCH uid=1000 rt=452930478/1145914958 0 0 "ourhome" f4:6d:2f:12:cc:88 rssi=-39 f=5240 sc=60 link=433 tx=5.8, 0.0, 0.0  rx=13.3 bcn=546906 [on:0 tx:0 rx:0 period:2] from screen [on:596473 period:3000189] score=60
10-16 21:12:07.583  3957  4129 D WifiStateMachine: fetchRssiLinkSpeedAndFrequencyNative rssi=-39 linkspeed=433 freq=5240
10-16 21:12:07.585  2479  2548 D ScanRecord: Not a Multi Manu data
10-16 21:12:07.662  2479  2548 I chatty  : uid=1002(bluetooth) BT Service Call identical 180 lines
10-16 21:12:07.662  2479  2548 D ScanRecord: Not a Multi Manu data
10-16 21:12:07.664 10464 10771 I BatteryMgr:DataCollectionService: stats => 1697483527664,-84,4313,-106,0,100
10-16 21:12:07.667  2479  2548 D ScanRecord: Not a Multi Manu data
10-16 21:12:07.694  2479  2548 I chatty  : uid=1002(bluetooth) BT Service Call identical 102 lines
10-16 21:12:07.694  2479  2548 D ScanRecord: Not a Multi Manu data
10-16 21:12:07.697  3957  4030 D SensorService: [SO] 0.148 -0.067 9.998
10-16 21:12:07.702  2479  2548 D ScanRecord: Not a Multi Manu data
10-16 21:12:07.752  2479  2548 I chatty  : uid=1002(bluetooth) BT Service Call identical 154 lines
10-16 21:12:07.753  2479  2548 D ScanRecord: Not a Multi Manu data
10-16 21:12:07.771 10464 10771 I BatteryMgr:DataCollectionService: stats => 1697483527771,-84,4313,-106,0,100
10-16 21:12:07.773  2479  2548 D ScanRecord: Not a Multi Manu data
10-16 21:12:07.870  2479  2548 I chatty  : uid=1002(bluetooth) BT Service Call identical 219 lines
10-16 21:12:07.870  2479  2548 D ScanRecord: Not a Multi Manu data
10-16 21:12:07.878 10464 10771 I BatteryMgr:DataCollectionService: stats => 1697483527878,-84,4313,-106,0,100
10-16 21:12:07.881  2479  2548 D ScanRecord: Not a Multi Manu data
10-16 21:12:07.984  2479  2548 I chatty  : uid=1002(bluetooth) BT Service Call identical 232 lines
10-16 21:12:07.984  2479  2548 D ScanRecord: Not a Multi Manu data
10-16 21:12:07.985 10464 10771 I BatteryMgr:DataCollectionService: stats => 1697483527985,-84,4313,-106,0,100
10-16 21:12:08.005  2479  2548 D ScanRecord: Not a Multi Manu data
10-16 21:12:08.075  2479  2548 I chatty  : uid=1002(bluetooth) BT Service Call identical 167 lines
10-16 21:12:08.075  2479  2548 D ScanRecord: Not a Multi Manu data
10-16 21:12:08.091 10464 10771 I BatteryMgr:DataCollectionService: stats => 1697483528091,-84,4313,-106,0,100
10-16 21:12:08.198 10464 10771 I BatteryMgr:DataCollectionService: stats => 1697483528197,-84,4313,-106,0,100
10-16 21:12:08.281  3957  4128 D WifiService: getConnectionInfo uid=1000
10-16 21:12:08.304 10464 10771 I BatteryMgr:DataCollectionService: stats => 1697483528304,-84,4313,-106,0,100
10-16 21:12:08.409 10464 10771 I BatteryMgr:DataCollectionService: stats => 1697483528409,-84,4313,-106,0,100
10-16 21:12:08.516 10464 10771 I BatteryMgr:DataCollectionService: stats => 1697483528516,-84,4313,-106,0,100
10-16 21:12:08.578  3957  4129 D WifiStateMachine:  ConnectedState !RSSI_PKTCNT_FETCH uid=1000 rt=452931475/1145915956 0 0 "ourhome" f4:6d:2f:12:cc:88 rssi=-39 f=5240 sc=60 link=433 tx=5.8, 0.0, 0.0  rx=13.3 bcn=546906 [on:0 tx:0 rx:0 period:997] from screen [on:596473 period:3001186] score=60
10-16 21:12:08.579  3957  4129 D WifiStateMachine:  L2ConnectedState !RSSI_PKTCNT_FETCH uid=1000 rt=452931476/1145915957 0 0 "ourhome" f4:6d:2f:12:cc:88 rssi=-39 f=5240 sc=60 link=433 tx=5.8, 0.0, 0.0  rx=13.3 bcn=546906 [on:0 tx:0 rx:0 period:1] from screen [on:596473 period:3001187] score=60
10-16 21:12:08.581  3957  4129 D WifiStateMachine: fetchRssiLinkSpeedAndFrequencyNative rssi=-40 linkspeed=433 freq=5240
10-16 21:12:08.622 10464 10771 I BatteryMgr:DataCollectionService: stats => 1697483528622,-84,4313,-106,0,100
10-16 21:12:08.632  3957  4129 D WifiStateMachine:  ConnectedState !CMD_RSSI_POLL rt=452931529/1145916009 70 0 "ourhome" f4:6d:2f:12:cc:88 rssi=-40 f=5240 sc=60 link=433 tx=5.8, 0.0, 0.0  rx=13.3 bcn=546906 [on:0 tx:0 rx:0 period:53] from screen [on:596473 period:3001240] score=60
10-16 21:12:08.634  3957  4129 D WifiStateMachine:  L2ConnectedState !CMD_RSSI_POLL rt=452931530/1145916011 70 0 "ourhome" f4:6d:2f:12:cc:88 rssi=-40 f=5240 sc=60 link=433 tx=5.8, 0.0, 0.0  rx=13.3 bcn=546906 [on:0 tx:0 rx:0 period:1] from screen [on:596473 period:3001241] score=60
10-16 21:12:08.634  3957  4129 D WifiStateMachine:  get link layer stats 3
10-16 21:12:08.634  3436  3436 I android.hardware.wifi@1.0-service: getLinkLayerStats
10-16 21:12:08.652  3957  4129 D WifiStateMachine: fetchRssiLinkSpeedAndFrequencyNative rssi=-40 linkspeed=433 freq=5240
10-16 21:12:08.654  4340  4340 E SignalClusterView: setSlotFocusVisible : subId -2
10-16 21:12:08.654  4340  4340 E SignalClusterView: setSlotFocusVisible : subId -2
