10-16 21:19:41.208 11160 11461 I BatteryMgr:DataCollectionService: stats => 1697483981208,-34,4313,-6,0,100
10-16 21:19:41.313 11160 11461 I BatteryMgr:DataCollectionService: stats => 1697483981313,-34,4313,-6,0,100
10-16 21:19:41.417 11160 11461 I BatteryMgr:DataCollectionService: stats => 1697483981417,-34,4313,-6,0,100
10-16 21:19:41.437  3957  4128 D WifiService: getConnectionInfo uid=1000
10-16 21:19:41.445  3957  4129 D WifiStateMachine:  ConnectedState !RSSI_PKTCNT_FETCH uid=1000 rt=453384342/1146368823 0 0 "ourhome" f4:6d:2f:12:cc:88 rssi=-45 f=5240 sc=60 link=433 tx=15.6, 0.0, 0.0  rx=16.7 bcn=550905 [on:0 tx:0 rx:0 period:1000] from screen [on:663201 period:3454053] score=60
10-16 21:19:41.446  3957  4129 D WifiStateMachine:  L2ConnectedState !RSSI_PKTCNT_FETCH uid=1000 rt=453384343/1146368824 0 0 "ourhome" f4:6d:2f:12:cc:88 rssi=-45 f=5240 sc=60 link=433 tx=15.6, 0.0, 0.0  rx=16.7 bcn=550905 [on:0 tx:0 rx:0 period:1] from screen [on:663201 period:3454054] score=60
10-16 21:19:41.452  3957  4129 D WifiStateMachine: fetchRssiLinkSpeedAndFrequencyNative rssi=-43 linkspeed=433 freq=5240
10-16 21:19:41.523 11160 11461 I BatteryMgr:DataCollectionService: stats => 1697483981523,-34,4313,-6,0,100
10-16 21:19:41.540  3957  4129 D WifiStateMachine:  ConnectedState !CMD_RSSI_POLL rt=453384436/1146368917 70 0 "ourhome" f4:6d:2f:12:cc:88 rssi=-43 f=5240 sc=60 link=433 tx=15.6, 0.0, 0.0  rx=16.7 bcn=550905 [on:0 tx:0 rx:0 period:93] from screen [on:663201 period:3454147] score=60
10-16 21:19:41.541  3957  4129 D WifiStateMachine:  L2ConnectedState !CMD_RSSI_POLL rt=453384437/1146368918 70 0 "ourhome" f4:6d:2f:12:cc:88 rssi=-43 f=5240 sc=60 link=433 tx=15.6, 0.0, 0.0  rx=16.7 bcn=550905 [on:0 tx:0 rx:0 period:2] from screen [on:663201 period:3454149] score=60
10-16 21:19:41.541  3957  4129 D WifiStateMachine:  get link layer stats 3
10-16 21:19:41.542  3436  3436 I android.hardware.wifi@1.0-service: getLinkLayerStats
10-16 21:19:41.561  3957  4129 D WifiStateMachine: fetchRssiLinkSpeedAndFrequencyNative rssi=-43 linkspeed=433 freq=5240
10-16 21:19:41.563  4340  4340 E SignalClusterView: setSlotFocusVisible : subId -2
10-16 21:19:41.564  4340  4340 E SignalClusterView: setSlotFocusVisible : subId -2
10-16 21:19:41.629 11160 11461 I BatteryMgr:DataCollectionService: stats => 1697483981629,-34,4313,-6,0,100
10-16 21:19:41.735 11160 11461 I BatteryMgr:DataCollectionService: stats => 1697483981734,-34,4313,-6,0,100
10-16 21:19:41.840 11160 11461 I BatteryMgr:DataCollectionService: stats => 1697483981840,-34,4313,-6,0,100
10-16 21:19:41.945 11160 11461 I BatteryMgr:DataCollectionService: stats => 1697483981945,-34,4313,-6,0,100
10-16 21:19:42.049 11160 11461 I BatteryMgr:DataCollectionService: stats => 1697483982049,-34,4313,-6,0,100
10-16 21:19:42.156 11160 11461 I BatteryMgr:DataCollectionService: stats => 1697483982156,-34,4313,-6,0,100
10-16 21:19:42.261 11160 11461 I BatteryMgr:DataCollectionService: stats => 1697483982260,-34,4313,-6,0,100
10-16 21:19:42.365 11160 11461 I BatteryMgr:DataCollectionService: stats => 1697483982364,-34,4313,-6,0,100
10-16 21:19:42.409  3957  6478 D SSRM:k  : SIOP:: AP = 440, PST = 403 (W:12), BAT = 282, USB = 0, CHG = 0
10-16 21:19:42.439  3957  4128 D WifiService: getConnectionInfo uid=1000
10-16 21:19:42.446  3957  4129 D WifiStateMachine:  ConnectedState !RSSI_PKTCNT_FETCH uid=1000 rt=453385343/1146369824 0 0 "ourhome" f4:6d:2f:12:cc:88 rssi=-43 f=5240 sc=60 link=433 tx=5.7, 0.0, 0.0  rx=9.9 bcn=550935 [on:0 tx:0 rx:0 period:883] from screen [on:663462 period:3455054] score=60
10-16 21:19:42.447  3957  4129 D WifiStateMachine:  L2ConnectedState !RSSI_PKTCNT_FETCH uid=1000 rt=453385344/1146369825 0 0 "ourhome" f4:6d:2f:12:cc:88 rssi=-43 f=5240 sc=60 link=433 tx=5.7, 0.0, 0.0  rx=9.9 bcn=550935 [on:0 tx:0 rx:0 period:1] from screen [on:663462 period:3455055] score=60
10-16 21:19:42.453  3957  4129 D WifiStateMachine: fetchRssiLinkSpeedAndFrequencyNative rssi=-43 linkspeed=433 freq=5240
10-16 21:19:42.469 11160 11461 I BatteryMgr:DataCollectionService: stats => 1697483982468,-34,4313,-6,0,100
10-16 21:19:42.573 11160 11461 I BatteryMgr:DataCollectionService: stats => 1697483982573,-34,4313,-6,0,100
10-16 21:19:42.612  2479  2548 D ScanRecord: Not a Multi Manu data
10-16 21:19:42.664  2479  2548 I chatty  : uid=1002(bluetooth) BT Service Call identical 63 lines
10-16 21:19:42.664  2479  2548 D ScanRecord: Not a Multi Manu data
10-16 21:19:42.679 11160 11461 I BatteryMgr:DataCollectionService: stats => 1697483982679,-34,4313,-6,0,100
10-16 21:19:42.690  2479  2548 D ScanRecord: Not a Multi Manu data
10-16 21:19:42.764  2479  2548 I chatty  : uid=1002(bluetooth) BT Service Call identical 154 lines
10-16 21:19:42.764  2479  2548 D ScanRecord: Not a Multi Manu data
10-16 21:19:42.785 11160 11461 I BatteryMgr:DataCollectionService: stats => 1697483982785,-34,4313,-6,0,100
10-16 21:19:42.787  2479  2548 D ScanRecord: Not a Multi Manu data
10-16 21:19:42.888  2479  2548 I chatty  : uid=1002(bluetooth) BT Service Call identical 180 lines
10-16 21:19:42.888  2479  2548 D ScanRecord: Not a Multi Manu data
10-16 21:19:42.890 11160 11461 I BatteryMgr:DataCollectionService: stats => 1697483982890,-34,4313,-6,0,100
10-16 21:19:42.895  2479  2548 D ScanRecord: Not a Multi Manu data
10-16 21:19:42.998  2479  2548 I chatty  : uid=1002(bluetooth) BT Service Call identical 180 lines
10-16 21:19:42.998 11160 11461 I BatteryMgr:DataCollectionService: stats => 1697483982998,-34,4313,-6,0,100
10-16 21:19:42.998  2479  2548 D ScanRecord: Not a Multi Manu data
10-16 21:19:43.000  2479  2548 D ScanRecord: Not a Multi Manu data
10-16 21:19:43.076  2479  2548 I chatty  : uid=1002(bluetooth) BT Service Call identical 128 lines
10-16 21:19:43.076  2479  2548 D ScanRecord: Not a Multi Manu data
10-16 21:19:43.104 11160 11461 I BatteryMgr:DataCollectionService: stats => 1697483983104,-34,4313,-6,0,100
10-16 21:19:43.211 11160 11461 I BatteryMgr:DataCollectionService: stats => 1697483983211,-34,4313,-6,0,100
10-16 21:19:43.316 11160 11461 I BatteryMgr:DataCollectionService: stats => 1697483983315,-34,4313,-6,0,100
10-16 21:19:43.419 11160 11461 I BatteryMgr:DataCollectionService: stats => 1697483983419,-34,4313,-6,0,100
10-16 21:19:43.441  3957  4128 D WifiService: getConnectionInfo uid=1000
10-16 21:19:43.448  3957  4129 D WifiStateMachine:  ConnectedState !RSSI_PKTCNT_FETCH uid=1000 rt=453386344/1146370825 0 0 "ourhome" f4:6d:2f:12:cc:88 rssi=-43 f=5240 sc=60 link=433 tx=5.7, 0.0, 0.0  rx=9.9 bcn=550935 [on:0 tx:0 rx:0 period:1001] from screen [on:663462 period:3456056] score=60
10-16 21:19:43.449  3957  4129 D WifiStateMachine:  L2ConnectedState !RSSI_PKTCNT_FETCH uid=1000 rt=453386345/1146370826 0 0 "ourhome" f4:6d:2f:12:cc:88 rssi=-43 f=5240 sc=60 link=433 tx=5.7, 0.0, 0.0  rx=9.9 bcn=550935 [on:0 tx:0 rx:0 period:1] from screen [on:663462 period:3456057] score=60
10-16 21:19:43.452  3957  4129 D WifiStateMachine: fetchRssiLinkSpeedAndFrequencyNative rssi=-43 linkspeed=433 freq=5240
10-16 21:19:43.524 11160 11461 I BatteryMgr:DataCollectionService: stats => 1697483983524,-34,4313,-6,0,100
10-16 21:19:43.629 11160 11461 I BatteryMgr:DataCollectionService: stats => 1697483983629,-34,4313,-6,0,100
10-16 21:19:43.733 11160 11461 I BatteryMgr:DataCollectionService: stats => 1697483983733,-34,4313,-6,0,100
10-16 21:19:43.838 11160 11461 I BatteryMgr:DataCollectionService: stats => 1697483983837,-34,4313,-6,0,100
10-16 21:19:43.946 11160 11461 I BatteryMgr:DataCollectionService: stats => 1697483983946,-34,4313,-6,0,100
10-16 21:19:44.052 11160 11461 I BatteryMgr:DataCollectionService: stats => 1697483984052,-34,4313,-6,0,100
10-16 21:19:44.157 11160 11461 I BatteryMgr:DataCollectionService: stats => 1697483984157,-34,4313,-6,0,100
10-16 21:19:44.262 11160 11461 I BatteryMgr:DataCollectionService: stats => 1697483984262,-34,4313,-6,0,100
10-16 21:19:44.350  4961  4961 D io_stats: !@ 179,0 r 7200250 230152380 w 1520445 31769324 d 122934 32985820 f 353223 372324 iot 3145028 2754506 th 51200 0 0 pt 0 inp 0 0 453387.247
10-16 21:19:44.366 11160 11461 I BatteryMgr:DataCollectionService: stats => 1697483984366,-34,4313,-6,0,100
10-16 21:19:44.443  3957  4128 D WifiService: getConnectionInfo uid=1000
10-16 21:19:44.449  3957  4129 D WifiStateMachine:  ConnectedState !RSSI_PKTCNT_FETCH uid=1000 rt=453387345/1146371826 0 0 "ourhome" f4:6d:2f:12:cc:88 rssi=-43 f=5240 sc=60 link=433 tx=5.7, 0.0, 0.0  rx=9.9 bcn=550935 [on:0 tx:0 rx:0 period:1000] from screen [on:663462 period:3457057] score=60
10-16 21:19:44.450  3957  4129 D WifiStateMachine:  L2ConnectedState !RSSI_PKTCNT_FETCH uid=1000 rt=453387347/1146371827 0 0 "ourhome" f4:6d:2f:12:cc:88 rssi=-43 f=5240 sc=60 link=433 tx=5.7, 0.0, 0.0  rx=9.9 bcn=550935 [on:0 tx:0 rx:0 period:1] from screen [on:663462 period:3457058] score=60
10-16 21:19:44.456  3957  4129 D WifiStateMachine: fetchRssiLinkSpeedAndFrequencyNative rssi=-42 linkspeed=433 freq=5240
10-16 21:19:44.471 11160 11461 I BatteryMgr:DataCollectionService: stats => 1697483984471,-34,4313,-6,0,100
10-16 21:19:44.563  3957  4129 D WifiStateMachine:  ConnectedState !CMD_RSSI_POLL rt=453387460/1146371940 70 0 "ourhome" f4:6d:2f:12:cc:88 rssi=-42 f=5240 sc=60 link=433 tx=5.7, 0.0, 0.0  rx=9.9 bcn=550935 [on:0 tx:0 rx:0 period:113] from screen [on:663462 period:3457171] score=60
10-16 21:19:44.564  3957  4129 D WifiStateMachine:  L2ConnectedState !CMD_RSSI_POLL rt=453387461/1146371942 70 0 "ourhome" f4:6d:2f:12:cc:88 rssi=-42 f=5240 sc=60 link=433 tx=5.7, 0.0, 0.0  rx=9.9 bcn=550935 [on:0 tx:0 rx:0 period:1] from screen [on:663462 period:3457172] score=60
10-16 21:19:44.564  3957  4129 D WifiStateMachine:  get link layer stats 3
10-16 21:19:44.565  3436  3436 I android.hardware.wifi@1.0-service: getLinkLayerStats
10-16 21:19:44.572  3957  4129 D WifiStateMachine: fetchRssiLinkSpeedAndFrequencyNative rssi=-42 linkspeed=433 freq=5240
10-16 21:19:44.574  4340  4340 E SignalClusterView: setSlotFocusVisible : subId -2
10-16 21:19:44.575  4340  4340 E SignalClusterView: setSlotFocusVisible : subId -2
10-16 21:19:44.577 11160 11461 I BatteryMgr:DataCollectionService: stats => 1697483984577,-34,4313,-6,0,100
10-16 21:19:44.684 11160 11461 I BatteryMgr:DataCollectionService: stats => 1697483984684,-34,4313,-6,0,100
10-16 21:19:44.773  3957  4416 E Watchdog: !@Sync 15107 [2023-10-16 21:19:44.772]
10-16 21:19:44.788 11160 11461 I BatteryMgr:DataCollectionService: stats => 1697483984788,-34,4313,-6,0,100
10-16 21:19:44.893 11160 11461 I BatteryMgr:DataCollectionService: stats => 1697483984893,-34,4313,-6,0,100
10-16 21:19:44.999 11160 11461 I BatteryMgr:DataCollectionService: stats => 1697483984998,-34,4313,-6,0,100
10-16 21:19:45.105 11160 11461 I BatteryMgr:DataCollectionService: stats => 1697483985105,-34,4313,-6,0,100
10-16 21:19:45.212 11160 11461 I BatteryMgr:DataCollectionService: stats => 1697483985212,-34,4313,-6,0,100
10-16 21:19:45.318 11160 11461 I BatteryMgr:DataCollectionService: stats => 1697483985318,-34,4313,-6,0,100
10-16 21:19:45.423 11160 11461 I BatteryMgr:DataCollectionService: stats => 1697483985422,-34,4313,-6,0,100
10-16 21:19:45.445  3957  4128 D WifiService: getConnectionInfo uid=1000
10-16 21:19:45.449  3957  4129 D WifiStateMachine:  ConnectedState !RSSI_PKTCNT_FETCH uid=1000 rt=453388346/1146372827 0 0 "ourhome" f4:6d:2f:12:cc:88 rssi=-42 f=5240 sc=60 link=433 tx=4.0, 0.0, 0.0  rx=6.2 bcn=550964 [on:0 tx:0 rx:0 period:875] from screen [on:663974 period:3458057] score=60
10-16 21:19:45.450  3957  4129 D WifiStateMachine:  L2ConnectedState !RSSI_PKTCNT_FETCH uid=1000 rt=453388347/1146372828 0 0 "ourhome" f4:6d:2f:12:cc:88 rssi=-42 f=5240 sc=60 link=433 tx=4.0, 0.0, 0.0  rx=6.2 bcn=550964 [on:0 tx:0 rx:0 period:1] from screen [on:663974 period:3458058] score=60
10-16 21:19:45.456  3957  4129 D WifiStateMachine: fetchRssiLinkSpeedAndFrequencyNative rssi=-42 linkspeed=433 freq=5240
10-16 21:19:45.529 11160 11461 I BatteryMgr:DataCollectionService: stats => 1697483985529,-34,4313,-6,0,100
10-16 21:19:45.634 11160 11461 I BatteryMgr:DataCollectionService: stats => 1697483985634,-34,4313,-6,0,100
10-16 21:19:45.743 11160 11461 I BatteryMgr:DataCollectionService: stats => 1697483985742,-34,4313,-6,0,100
10-16 21:19:45.848 11160 11461 I BatteryMgr:DataCollectionService: stats => 1697483985848,-34,4313,-6,0,100
10-16 21:19:45.953 11160 11461 I BatteryMgr:DataCollectionService: stats => 1697483985953,-34,4313,-6,0,100
10-16 21:19:46.057 11160 11461 I BatteryMgr:DataCollectionService: stats => 1697483986057,-34,4313,-6,0,100
10-16 21:19:46.164 11160 11461 I BatteryMgr:DataCollectionService: stats => 1697483986164,-34,4313,-6,0,100
10-16 21:19:46.268 11160 11461 I BatteryMgr:DataCollectionService: stats => 1697483986268,-34,4313,-6,0,100
10-16 21:19:46.374 11160 11461 I BatteryMgr:DataCollectionService: stats => 1697483986374,-34,4313,-6,0,100
10-16 21:19:46.447  3957  4128 D WifiService: getConnectionInfo uid=1000
10-16 21:19:46.451  3957  4129 D WifiStateMachine:  ConnectedState !RSSI_PKTCNT_FETCH uid=1000 rt=453389348/1146373828 0 0 "ourhome" f4:6d:2f:12:cc:88 rssi=-42 f=5240 sc=60 link=433 tx=4.0, 0.0, 0.0  rx=6.2 bcn=550964 [on:0 tx:0 rx:0 period:1001] from screen [on:663974 period:3459059] score=60
10-16 21:19:46.452  3957  4129 D WifiStateMachine:  L2ConnectedState !RSSI_PKTCNT_FETCH uid=1000 rt=453389349/1146373829 0 0 "ourhome" f4:6d:2f:12:cc:88 rssi=-42 f=5240 sc=60 link=433 tx=4.0, 0.0, 0.0  rx=6.2 bcn=550964 [on:0 tx:0 rx:0 period:1] from screen [on:663974 period:3459060] score=60
10-16 21:19:46.457  3957  4129 D WifiStateMachine: fetchRssiLinkSpeedAndFrequencyNative rssi=-42 linkspeed=433 freq=5240
10-16 21:19:46.481 11160 11461 I BatteryMgr:DataCollectionService: stats => 1697483986480,-34,4313,-6,0,100
10-16 21:19:46.585 11160 11461 I BatteryMgr:DataCollectionService: stats => 1697483986585,-34,4313,-6,0,100
10-16 21:19:46.691 11160 11461 I BatteryMgr:DataCollectionService: stats => 1697483986691,-34,4313,-6,0,100
10-16 21:19:46.795 11160 11461 I BatteryMgr:DataCollectionService: stats => 1697483986795,-34,4313,-6,0,100
10-16 21:19:46.901 11160 11461 I BatteryMgr:DataCollectionService: stats => 1697483986900,-34,4313,-6,0,100
10-16 21:19:47.005 11160 11461 I BatteryMgr:DataCollectionService: stats => 1697483987005,-34,4313,-6,0,100
10-16 21:19:47.111 11160 11461 I BatteryMgr:DataCollectionService: stats => 1697483987110,-34,4313,-6,0,100
10-16 21:19:47.217 11160 11461 I BatteryMgr:DataCollectionService: stats => 1697483987216,-34,4313,-6,0,100
10-16 21:19:47.321 11160 11461 I BatteryMgr:DataCollectionService: stats => 1697483987321,-34,4313,-6,0,100
10-16 21:19:47.426 11160 11461 I BatteryMgr:DataCollectionService: stats => 1697483987426,-34,4313,-6,0,100
10-16 21:19:47.449  3957  4128 D WifiService: getConnectionInfo uid=1000
10-16 21:19:47.451  3957  4129 D WifiStateMachine:  ConnectedState !RSSI_PKTCNT_FETCH uid=1000 rt=453390348/1146374829 0 0 "ourhome" f4:6d:2f:12:cc:88 rssi=-42 f=5240 sc=60 link=433 tx=4.0, 0.0, 0.0  rx=6.2 bcn=550964 [on:0 tx:0 rx:0 period:999] from screen [on:663974 period:3460059] score=60
10-16 21:19:47.452  3957  4129 D WifiStateMachine:  L2ConnectedState !RSSI_PKTCNT_FETCH uid=1000 rt=453390349/1146374830 0 0 "ourhome" f4:6d:2f:12:cc:88 rssi=-42 f=5240 sc=60 link=433 tx=4.0, 0.0, 0.0  rx=6.2 bcn=550964 [on:0 tx:0 rx:0 period:1] from screen [on:663974 period:3460060] score=60
10-16 21:19:47.459  3957  4129 D WifiStateMachine: fetchRssiLinkSpeedAndFrequencyNative rssi=-42 linkspeed=433 freq=5240
10-16 21:19:47.532 11160 11461 I BatteryMgr:DataCollectionService: stats => 1697483987532,-34,4313,-6,0,100
10-16 21:19:47.573  3957  4129 D WifiStateMachine:  ConnectedState !CMD_RSSI_POLL rt=453390470/1146374951 70 0 "ourhome" f4:6d:2f:12:cc:88 rssi=-42 f=5240 sc=60 link=433 tx=4.0, 0.0, 0.0  rx=6.2 bcn=550964 [on:0 tx:0 rx:0 period:121] from screen [on:663974 period:3460181] score=60
10-16 21:19:47.574  3957  4129 D WifiStateMachine:  L2ConnectedState !CMD_RSSI_POLL rt=453390471/1146374952 70 0 "ourhome" f4:6d:2f:12:cc:88 rssi=-42 f=5240 sc=60 link=433 tx=4.0, 0.0, 0.0  rx=6.2 bcn=550964 [on:0 tx:0 rx:0 period:1] from screen [on:663974 period:3460182] score=60
10-16 21:19:47.574  3957  4129 D WifiStateMachine:  get link layer stats 3
10-16 21:19:47.575  3436  3436 I android.hardware.wifi@1.0-service: getLinkLayerStats
10-16 21:19:47.578  3957  4129 D WifiStateMachine: fetchRssiLinkSpeedAndFrequencyNative rssi=-42 linkspeed=433 freq=5240
10-16 21:19:47.581  4340  4340 E SignalClusterView: setSlotFocusVisible : subId -2
10-16 21:19:47.581  4340  4340 E SignalClusterView: setSlotFocusVisible : subId -2
10-16 21:19:47.605  2479  2548 D ScanRecord: Not a Multi Manu data
10-16 21:19:47.632  2479  2548 I chatty  : uid=1002(bluetooth) BT Service Call identical 63 lines
10-16 21:19:47.632  2479  2548 D ScanRecord: Not a Multi Manu data
10-16 21:19:47.639 11160 11461 I BatteryMgr:DataCollectionService: stats => 1697483987638,-34,4313,-6,0,100
10-16 21:19:47.639  2479  2548 D ScanRecord: Not a Multi Manu data
10-16 21:19:47.690  2479  2548 I chatty  : uid=1002(bluetooth) BT Service Call identical 115 lines
10-16 21:19:47.690  2479  2548 D ScanRecord: Not a Multi Manu data
10-16 21:19:47.700  3957  4030 D SensorService: [SO] 0.153 -0.067 9.998
10-16 21:19:47.701  2479  2548 D ScanRecord: Not a Multi Manu data
10-16 21:19:47.742  2479  2548 I chatty  : uid=1002(bluetooth) BT Service Call identical 141 lines
10-16 21:19:47.742  2479  2548 D ScanRecord: Not a Multi Manu data
10-16 21:19:47.743 11160 11461 I BatteryMgr:DataCollectionService: stats => 1697483987743,-34,4313,-6,0,100
10-16 21:19:47.753  2479  2548 D ScanRecord: Not a Multi Manu data
10-16 21:19:47.850  2479  2548 I chatty  : uid=1002(bluetooth) BT Service Call identical 238 lines
10-16 21:19:47.850 11160 11461 I BatteryMgr:DataCollectionService: stats => 1697483987849,28,4313,17,0,100
10-16 21:19:47.850  2479  2548 D ScanRecord: Not a Multi Manu data
10-16 21:19:47.850  2479  2548 D ScanRecord: Not a Multi Manu data
10-16 21:19:47.954  2479  2548 I chatty  : uid=1002(bluetooth) BT Service Call identical 187 lines
10-16 21:19:47.954  2479  2548 D ScanRecord: Not a Multi Manu data
10-16 21:19:47.955 11160 11461 I BatteryMgr:DataCollectionService: stats => 1697483987955,28,4313,17,0,100
10-16 21:19:47.955  2479  2548 D ScanRecord: Not a Multi Manu data
10-16 21:19:48.060  2479  2548 I chatty  : uid=1002(bluetooth) BT Service Call identical 258 lines
10-16 21:19:48.060  2479  2548 D ScanRecord: Not a Multi Manu data
10-16 21:19:48.062 11160 11461 I BatteryMgr:DataCollectionService: stats => 1697483988062,28,4313,17,0,100
10-16 21:19:48.062  2479  2548 D ScanRecord: Not a Multi Manu data
10-16 21:19:48.073  2479  2548 I chatty  : uid=1002(bluetooth) BT Service Call identical 37 lines
10-16 21:19:48.073  2479  2548 D ScanRecord: Not a Multi Manu data
10-16 21:19:48.168 11160 11461 I BatteryMgr:DataCollectionService: stats => 1697483988168,28,4313,17,0,100
10-16 21:19:48.274 11160 11461 I BatteryMgr:DataCollectionService: stats => 1697483988274,28,4313,17,0,100
10-16 21:19:48.319  3957  4650 D BatteryService: !@BatteryListener : batteryPropertiesChanged!
10-16 21:19:48.379 11160 11461 I BatteryMgr:DataCollectionService: stats => 1697483988379,28,4313,17,0,100
10-16 21:19:48.450  3957  4128 D WifiService: getConnectionInfo uid=1000
10-16 21:19:48.453  3957  4129 D WifiStateMachine:  ConnectedState !RSSI_PKTCNT_FETCH uid=1000 rt=453391350/1146375830 0 0 "ourhome" f4:6d:2f:12:cc:88 rssi=-42 f=5240 sc=60 link=433 tx=1.5, 0.0, 0.0  rx=2.9 bcn=550993 [on:0 tx:0 rx:0 period:873] from screen [on:664089 period:3461061] score=60
10-16 21:19:48.455  3957  4129 D WifiStateMachine:  L2ConnectedState !RSSI_PKTCNT_FETCH uid=1000 rt=453391351/1146375832 0 0 "ourhome" f4:6d:2f:12:cc:88 rssi=-42 f=5240 sc=60 link=433 tx=1.5, 0.0, 0.0  rx=2.9 bcn=550993 [on:0 tx:0 rx:0 period:1] from screen [on:664089 period:3461062] score=60
10-16 21:19:48.460  3957  4129 D WifiStateMachine: fetchRssiLinkSpeedAndFrequencyNative rssi=-42 linkspeed=433 freq=5240
10-16 21:19:48.485 11160 11461 I BatteryMgr:DataCollectionService: stats => 1697483988485,28,4313,17,0,100
10-16 21:19:48.590 11160 11461 I BatteryMgr:DataCollectionService: stats => 1697483988590,28,4313,17,0,100
10-16 21:19:48.696 11160 11461 I BatteryMgr:DataCollectionService: stats => 1697483988696,28,4313,17,0,100
10-16 21:19:48.803 11160 11461 I BatteryMgr:DataCollectionService: stats => 1697483988803,28,4313,17,0,100
10-16 21:19:48.907 11160 11461 I BatteryMgr:DataCollectionService: stats => 1697483988907,28,4313,17,0,100
10-16 21:19:49.012 11160 11461 I BatteryMgr:DataCollectionService: stats => 1697483989012,28,4313,17,0,100
10-16 21:19:49.116 11160 11461 I BatteryMgr:DataCollectionService: stats => 1697483989116,28,4313,17,0,100
10-16 21:19:49.221 11160 11461 I BatteryMgr:DataCollectionService: stats => 1697483989221,28,4313,17,0,100
10-16 21:19:49.325 11160 11461 I BatteryMgr:DataCollectionService: stats => 1697483989325,28,4313,17,0,100
10-16 21:19:49.352  4961  4961 D io_stats: !@ 179,0 r 7200250 230152380 w 1520449 31769476 d 122935 32985900 f 353224 372325 iot 3145032 2754512 th 51200 0 0 pt 0 inp 0 0 453392.249
10-16 21:19:49.431 11160 11461 I BatteryMgr:DataCollectionService: stats => 1697483989431,28,4313,17,0,100
10-16 21:19:49.452  3957  4128 D WifiService: getConnectionInfo uid=1000
10-16 21:19:49.454  3957  4129 D WifiStateMachine:  ConnectedState !RSSI_PKTCNT_FETCH uid=1000 rt=453392350/1146376831 0 0 "ourhome" f4:6d:2f:12:cc:88 rssi=-42 f=5240 sc=60 link=433 tx=1.5, 0.0, 0.0  rx=2.9 bcn=550993 [on:0 tx:0 rx:0 period:999] from screen [on:664089 period:3462061] score=60
10-16 21:19:49.455  3957  4129 D WifiStateMachine:  L2ConnectedState !RSSI_PKTCNT_FETCH uid=1000 rt=453392351/1146376832 0 0 "ourhome" f4:6d:2f:12:cc:88 rssi=-42 f=5240 sc=60 link=433 tx=1.5, 0.0, 0.0  rx=2.9 bcn=550993 [on:0 tx:0 rx:0 period:2] from screen [on:664089 period:3462063] score=60
10-16 21:19:49.461  3957  4129 D WifiStateMachine: fetchRssiLinkSpeedAndFrequencyNative rssi=-41 linkspeed=433 freq=5240
10-16 21:19:49.540 11160 11461 I BatteryMgr:DataCollectionService: stats => 1697483989540,28,4313,17,0,100
10-16 21:19:49.644 11160 11461 I BatteryMgr:DataCollectionService: stats => 1697483989644,28,4313,17,0,100
10-16 21:19:49.750 11160 11461 I BatteryMgr:DataCollectionService: stats => 1697483989750,28,4313,17,0,100
10-16 21:19:49.854 11160 11461 I BatteryMgr:DataCollectionService: stats => 1697483989854,28,4313,17,0,100
10-16 21:19:49.960 11160 11461 I BatteryMgr:DataCollectionService: stats => 1697483989960,28,4313,17,0,100
10-16 21:19:50.065 11160 11461 I BatteryMgr:DataCollectionService: stats => 1697483990065,28,4313,17,0,100
10-16 21:19:50.171 11160 11461 I BatteryMgr:DataCollectionService: stats => 1697483990171,28,4313,17,0,100
10-16 21:19:50.277 11160 11461 I BatteryMgr:DataCollectionService: stats => 1697483990277,28,4313,17,0,100
10-16 21:19:50.382 11160 11461 I BatteryMgr:DataCollectionService: stats => 1697483990382,28,4313,17,0,100
10-16 21:19:50.454  3957  4128 D WifiService: getConnectionInfo uid=1000
10-16 21:19:50.455  3957  4129 D WifiStateMachine:  ConnectedState !RSSI_PKTCNT_FETCH uid=1000 rt=453393351/1146377832 0 0 "ourhome" f4:6d:2f:12:cc:88 rssi=-41 f=5240 sc=60 link=433 tx=1.5, 0.0, 0.0  rx=2.9 bcn=550993 [on:0 tx:0 rx:0 period:1000] from screen [on:664089 period:3463063] score=60
10-16 21:19:50.456  3957  4129 D WifiStateMachine:  L2ConnectedState !RSSI_PKTCNT_FETCH uid=1000 rt=453393352/1146377833 0 0 "ourhome" f4:6d:2f:12:cc:88 rssi=-41 f=5240 sc=60 link=433 tx=1.5, 0.0, 0.0  rx=2.9 bcn=550993 [on:0 tx:0 rx:0 period:1] from screen [on:664089 period:3463064] score=60
10-16 21:19:50.465  3957  4129 D WifiStateMachine: fetchRssiLinkSpeedAndFrequencyNative rssi=-42 linkspeed=433 freq=5240
10-16 21:19:50.487 11160 11461 I BatteryMgr:DataCollectionService: stats => 1697483990487,28,4313,17,0,100
10-16 21:19:50.579  3957  4129 D WifiStateMachine:  ConnectedState !CMD_RSSI_POLL rt=453393476/1146377957 70 0 "ourhome" f4:6d:2f:12:cc:88 rssi=-42 f=5240 sc=60 link=433 tx=1.5, 0.0, 0.0  rx=2.9 bcn=550993 [on:0 tx:0 rx:0 period:123] from screen [on:664089 period:3463187] score=60
10-16 21:19:50.580  3957  4129 D WifiStateMachine:  L2ConnectedState !CMD_RSSI_POLL rt=453393477/1146377958 70 0 "ourhome" f4:6d:2f:12:cc:88 rssi=-42 f=5240 sc=60 link=433 tx=1.5, 0.0, 0.0  rx=2.9 bcn=550993 [on:0 tx:0 rx:0 period:1] from screen [on:664089 period:3463188] score=60
10-16 21:19:50.580  3957  4129 D WifiStateMachine:  get link layer stats 3
10-16 21:19:50.580  3436  3436 I android.hardware.wifi@1.0-service: getLinkLayerStats
10-16 21:19:50.592 11160 11461 I BatteryMgr:DataCollectionService: stats => 1697483990592,28,4313,17,0,100
10-16 21:19:50.598  3957  4129 D WifiStateMachine: fetchRssiLinkSpeedAndFrequencyNative rssi=-42 linkspeed=433 freq=5240
10-16 21:19:50.601  4340  4340 E SignalClusterView: setSlotFocusVisible : subId -2
10-16 21:19:50.602  4340  4340 E SignalClusterView: setSlotFocusVisible : subId -2
10-16 21:19:50.697 11160 11461 I BatteryMgr:DataCollectionService: stats => 1697483990697,28,4313,17,0,100
10-16 21:19:50.803 11160 11461 I BatteryMgr:DataCollectionService: stats => 1697483990802,28,4313,17,0,100
10-16 21:19:50.907 11160 11461 I BatteryMgr:DataCollectionService: stats => 1697483990907,28,4313,17,0,100
10-16 21:19:51.012 11160 11461 I BatteryMgr:DataCollectionService: stats => 1697483991012,28,4313,17,0,100
10-16 21:19:51.118 11160 11461 I BatteryMgr:DataCollectionService: stats => 1697483991118,28,4313,17,0,100
10-16 21:19:51.222 11160 11461 I BatteryMgr:DataCollectionService: stats => 1697483991222,28,4313,17,0,100
10-16 21:19:51.327 11160 11461 I BatteryMgr:DataCollectionService: stats => 1697483991327,28,4313,17,0,100
10-16 21:19:51.432 11160 11461 I BatteryMgr:DataCollectionService: stats => 1697483991431,28,4313,17,0,100
10-16 21:19:51.456  3957  4128 D WifiService: getConnectionInfo uid=1000
10-16 21:19:51.456  3957  4129 D WifiStateMachine:  ConnectedState !RSSI_PKTCNT_FETCH uid=1000 rt=453394353/1146378833 0 0 "ourhome" f4:6d:2f:12:cc:88 rssi=-42 f=5240 sc=60 link=433 tx=0.5, 0.0, 0.0  rx=1.1 bcn=551021 [on:0 tx:0 rx:0 period:856] from screen [on:664156 period:3464064] score=60
10-16 21:19:51.457  3957  4129 D WifiStateMachine:  L2ConnectedState !RSSI_PKTCNT_FETCH uid=1000 rt=453394353/1146378834 0 0 "ourhome" f4:6d:2f:12:cc:88 rssi=-42 f=5240 sc=60 link=433 tx=0.5, 0.0, 0.0  rx=1.1 bcn=551021 [on:0 tx:0 rx:0 period:1] from screen [on:664156 period:3464065] score=60
10-16 21:19:51.458  3957  4129 D WifiStateMachine: fetchRssiLinkSpeedAndFrequencyNative rssi=-43 linkspeed=433 freq=5240
10-16 21:19:51.537 11160 11461 I BatteryMgr:DataCollectionService: stats => 1697483991537,28,4313,17,0,100
10-16 21:19:51.643 11160 11461 I BatteryMgr:DataCollectionService: stats => 1697483991642,28,4313,17,0,100
10-16 21:19:51.748 11160 11461 I BatteryMgr:DataCollectionService: stats => 1697483991748,28,4313,17,0,100
10-16 21:19:51.854 11160 11461 I BatteryMgr:DataCollectionService: stats => 1697483991854,28,4313,17,0,100
10-16 21:19:51.959 11160 11461 I BatteryMgr:DataCollectionService: stats => 1697483991959,28,4313,17,0,100
10-16 21:19:52.064 11160 11461 I BatteryMgr:DataCollectionService: stats => 1697483992064,28,4313,17,0,100
10-16 21:19:52.170 11160 11461 I BatteryMgr:DataCollectionService: stats => 1697483992170,28,4313,17,0,100
10-16 21:19:52.276 11160 11461 I BatteryMgr:DataCollectionService: stats => 1697483992276,28,4313,17,0,100
10-16 21:19:52.382 11160 11461 I BatteryMgr:DataCollectionService: stats => 1697483992382,28,4313,17,0,100
10-16 21:19:52.429  3957  6478 D SSRM:k  : SIOP:: AP = 440, PST = 417 (W:12), BAT = 282, USB = 0, CHG = 0
10-16 21:19:52.438  3957  6478 D ac      : broadcastSiopLevelIntent:: currentSiopLevel = 1
10-16 21:19:52.443  2629  2629 I [SC]SCloudReceiver: onReceive: com.samsung.intent.action.CHECK_SIOP_LEVEL
10-16 21:19:52.444  3957  6478 D WifiService: getConnectionInfo uid=1000
10-16 21:19:52.447  2629  2629 I [SC]DetectorReceiver: onReceive [com.samsung.intent.action.CHECK_SIOP_LEVEL]
10-16 21:19:52.448  2629  2629 I [SC]AccountUtil: Samsung Account Not Logged in
10-16 21:19:52.451  3957  6478 I SensorService: createSensorEventConnection package name f.z
10-16 21:19:52.452  3957  6478 D SensorService: Calling batch handle==3 flags=0 rate=200000000 timeout== 0
10-16 21:19:52.453  3434  4028 I Sensors : ProximitySensor:enable: handle 3, en 1, old_en 0
10-16 21:19:52.457  3957  4129 D WifiStateMachine:  ConnectedState !RSSI_PKTCNT_FETCH uid=1000 rt=453395354/1146379834 0 0 "ourhome" f4:6d:2f:12:cc:88 rssi=-43 f=5240 sc=60 link=433 tx=0.5, 0.0, 0.0  rx=1.1 bcn=551021 [on:0 tx:0 rx:0 period:1000] from screen [on:664156 period:3465065] score=60
10-16 21:19:52.458  3957  4128 D WifiService: getConnectionInfo uid=1000
10-16 21:19:52.458  3957  4129 D WifiStateMachine:  L2ConnectedState !RSSI_PKTCNT_FETCH uid=1000 rt=453395355/1146379835 0 0 "ourhome" f4:6d:2f:12:cc:88 rssi=-43 f=5240 sc=60 link=433 tx=0.5, 0.0, 0.0  rx=1.1 bcn=551021 [on:0 tx:0 rx:0 period:1] from screen [on:664156 period:3465066] score=60
10-16 21:19:52.460  3957  4129 D WifiStateMachine: fetchRssiLinkSpeedAndFrequencyNative rssi=-43 linkspeed=433 freq=5240
10-16 21:19:52.487 11160 11461 I BatteryMgr:DataCollectionService: stats => 1697483992487,28,4313,17,0,100
10-16 21:19:52.508  3957  6478 D SensorManager: registerListener :: 3, STK3013 Proximity, 200000, 0,  
10-16 21:19:52.508  3434  4028 I Sensors : ProximitySensor:readEvents: value 8(cm)
10-16 21:19:52.509  3957  3957 D SensorManager: Proximity, val = 8.0  [far]
10-16 21:19:52.509  3957  3957 D SensorService: Calling activate off 3
10-16 21:19:52.510  3434  3434 I Sensors : ProximitySensor:enable: handle 3, en 0, old_en 1
10-16 21:19:52.511  3957  3957 D SensorManager: unregisterListener ::   
10-16 21:19:52.593  2479  2548 D ScanRecord: Not a Multi Manu data
10-16 21:19:52.593  2479  2548 I chatty  : uid=1002(bluetooth) BT Service Call identical 11 lines
10-16 21:19:52.593  2479  2548 D ScanRecord: Not a Multi Manu data
10-16 21:19:52.593 11160 11461 I BatteryMgr:DataCollectionService: stats => 1697483992593,28,4313,17,0,100
10-16 21:19:52.594  2479  2548 D ScanRecord: Not a Multi Manu data
10-16 21:19:52.700  2479  2548 I chatty  : uid=1002(bluetooth) BT Service Call identical 206 lines
10-16 21:19:52.700  2479  2548 D ScanRecord: Not a Multi Manu data
10-16 21:19:52.703 11160 11461 I BatteryMgr:DataCollectionService: stats => 1697483992703,28,4313,17,0,100
10-16 21:19:52.704  2479  2548 D ScanRecord: Not a Multi Manu data
10-16 21:19:52.797  2479  2548 I chatty  : uid=1002(bluetooth) BT Service Call identical 310 lines
10-16 21:19:52.797  2479  2548 D ScanRecord: Not a Multi Manu data
10-16 21:19:52.810 11160 11461 I BatteryMgr:DataCollectionService: stats => 1697483992810,28,4313,17,0,100
10-16 21:19:52.811  2479  2548 D ScanRecord: Not a Multi Manu data
10-16 21:19:52.912  2479  2548 I chatty  : uid=1002(bluetooth) BT Service Call identical 271 lines
10-16 21:19:52.912  2479  2548 D ScanRecord: Not a Multi Manu data
10-16 21:19:52.914 11160 11461 I BatteryMgr:DataCollectionService: stats => 1697483992914,28,4313,17,0,100
10-16 21:19:52.917  2479  2548 D ScanRecord: Not a Multi Manu data
10-16 21:19:52.987  2479  2548 I chatty  : uid=1002(bluetooth) BT Service Call identical 232 lines
10-16 21:19:52.987  2479  2548 D ScanRecord: Not a Multi Manu data
10-16 21:19:52.987 11204 11215 I zygote64: Background concurrent copying GC freed 250134(7MB) AllocSpace objects, 0(0B) LOS objects, 50% free, 5MB/11MB, paused 2.568ms total 162.910ms
10-16 21:19:52.995  2479  2548 D ScanRecord: Not a Multi Manu data
10-16 21:19:53.011  2479  2548 I chatty  : uid=1002(bluetooth) BT Service Call identical 63 lines
10-16 21:19:53.011  2479  2548 D ScanRecord: Not a Multi Manu data
10-16 21:19:53.018 11160 11461 I BatteryMgr:DataCollectionService: stats => 1697483993018,28,4313,17,0,100
10-16 21:19:53.021  2479  2548 D ScanRecord: Not a Multi Manu data
10-16 21:19:53.084  2479  2548 I chatty  : uid=1002(bluetooth) BT Service Call identical 115 lines
10-16 21:19:53.084  2479  2548 D ScanRecord: Not a Multi Manu data
10-16 21:19:53.124 11160 11461 I BatteryMgr:DataCollectionService: stats => 1697483993124,28,4313,17,0,100
10-16 21:19:53.228 11160 11461 I BatteryMgr:DataCollectionService: stats => 1697483993228,28,4313,17,0,100
10-16 21:19:53.332 11160 11461 I BatteryMgr:DataCollectionService: stats => 1697483993332,28,4313,17,0,100
10-16 21:19:53.437 11160 11461 I BatteryMgr:DataCollectionService: stats => 1697483993437,28,4313,17,0,100
10-16 21:19:53.458  3957  4129 D WifiStateMachine:  ConnectedState !RSSI_PKTCNT_FETCH uid=1000 rt=453396354/1146380835 0 0 "ourhome" f4:6d:2f:12:cc:88 rssi=-43 f=5240 sc=60 link=433 tx=0.5, 0.0, 0.0  rx=1.1 bcn=551021 [on:0 tx:0 rx:0 period:1000] from screen [on:664156 period:3466066] score=60
10-16 21:19:53.459  3957  4128 D WifiService: getConnectionInfo uid=1000
10-16 21:19:53.459  3957  4129 D WifiStateMachine:  L2ConnectedState !RSSI_PKTCNT_FETCH uid=1000 rt=453396356/1146380836 0 0 "ourhome" f4:6d:2f:12:cc:88 rssi=-43 f=5240 sc=60 link=433 tx=0.5, 0.0, 0.0  rx=1.1 bcn=551021 [on:0 tx:0 rx:0 period:1] from screen [on:664156 period:3466067] score=60
10-16 21:19:53.465  3957  4129 D WifiStateMachine: fetchRssiLinkSpeedAndFrequencyNative rssi=-43 linkspeed=433 freq=5240
10-16 21:19:53.542 11160 11461 I BatteryMgr:DataCollectionService: stats => 1697483993542,28,4313,17,0,100
10-16 21:19:53.600  3957  4129 D WifiStateMachine:  ConnectedState !CMD_RSSI_POLL rt=453396496/1146380977 70 0 "ourhome" f4:6d:2f:12:cc:88 rssi=-43 f=5240 sc=60 link=433 tx=0.5, 0.0, 0.0  rx=1.1 bcn=551021 [on:0 tx:0 rx:0 period:140] from screen [on:664156 period:3466207] score=60
10-16 21:19:53.601  3957  4129 D WifiStateMachine:  L2ConnectedState !CMD_RSSI_POLL rt=453396497/1146380978 70 0 "ourhome" f4:6d:2f:12:cc:88 rssi=-43 f=5240 sc=60 link=433 tx=0.5, 0.0, 0.0  rx=1.1 bcn=551021 [on:0 tx:0 rx:0 period:1] from screen [on:664156 period:3466208] score=60
10-16 21:19:53.601  3957  4129 D WifiStateMachine:  get link layer stats 3
10-16 21:19:53.601  3436  3436 I android.hardware.wifi@1.0-service: getLinkLayerStats
10-16 21:19:53.604  3957  4129 D WifiStateMachine: fetchRssiLinkSpeedAndFrequencyNative rssi=-42 linkspeed=433 freq=5240
10-16 21:19:53.607  4340  4340 E SignalClusterView: setSlotFocusVisible : subId -2
10-16 21:19:53.607  4340  4340 E SignalClusterView: setSlotFocusVisible : subId -2
10-16 21:19:53.646 11160 11461 I BatteryMgr:DataCollectionService: stats => 1697483993645,28,4313,17,0,100
10-16 21:19:53.750 11160 11461 I BatteryMgr:DataCollectionService: stats => 1697483993750,28,4313,17,0,100
10-16 21:19:53.856 11160 11461 I BatteryMgr:DataCollectionService: stats => 1697483993855,28,4313,17,0,100
10-16 21:19:53.961 11160 11461 I BatteryMgr:DataCollectionService: stats => 1697483993961,28,4313,17,0,100
10-16 21:19:54.065 11160 11461 I BatteryMgr:DataCollectionService: stats => 1697483994065,28,4313,17,0,100
10-16 21:19:54.170 11160 11461 I BatteryMgr:DataCollectionService: stats => 1697483994169,28,4313,17,0,100
10-16 21:19:54.275 11160 11461 I BatteryMgr:DataCollectionService: stats => 1697483994275,28,4313,17,0,100
10-16 21:19:54.354  4961  4961 D io_stats: !@ 179,0 r 7200250 230152380 w 1520458 31769652 d 122937 32986060 f 353225 372326 iot 3145036 2754521 th 51200 0 0 pt 0 inp 0 0 453397.251
10-16 21:19:54.380 11160 11461 I BatteryMgr:DataCollectionService: stats => 1697483994380,28,4313,17,0,100
10-16 21:19:54.459  3957  4129 D WifiStateMachine:  ConnectedState !RSSI_PKTCNT_FETCH uid=1000 rt=453397356/1146381836 0 0 "ourhome" f4:6d:2f:12:cc:88 rssi=-42 f=5240 sc=60 link=433 tx=5.9, 0.0, 0.0  rx=18.1 bcn=551049 [on:0 tx:0 rx:0 period:853] from screen [on:665039 period:3467067] score=60
10-16 21:19:54.461  3957  4129 D WifiStateMachine:  L2ConnectedState !RSSI_PKTCNT_FETCH uid=1000 rt=453397357/1146381838 0 0 "ourhome" f4:6d:2f:12:cc:88 rssi=-42 f=5240 sc=60 link=433 tx=5.9, 0.0, 0.0  rx=18.1 bcn=551049 [on:0 tx:0 rx:0 period:1] from screen [on:665039 period:3467068] score=60
10-16 21:19:54.461  3957  4128 D WifiService: getConnectionInfo uid=1000
10-16 21:19:54.467  3957  4129 D WifiStateMachine: fetchRssiLinkSpeedAndFrequencyNative rssi=-42 linkspeed=433 freq=5240
10-16 21:19:54.485 11160 11461 I BatteryMgr:DataCollectionService: stats => 1697483994485,28,4313,17,0,100
10-16 21:19:54.592 11160 11461 I BatteryMgr:DataCollectionService: stats => 1697483994592,28,4313,17,0,100
10-16 21:19:54.697 11160 11461 I BatteryMgr:DataCollectionService: stats => 1697483994697,28,4313,17,0,100
10-16 21:19:54.802 11160 11461 I BatteryMgr:DataCollectionService: stats => 1697483994802,28,4313,17,0,100
10-16 21:19:54.909 11160 11461 I BatteryMgr:DataCollectionService: stats => 1697483994909,28,4313,17,0,100
10-16 21:19:55.015 11160 11461 I BatteryMgr:DataCollectionService: stats => 1697483995015,28,4313,17,0,100
10-16 21:19:55.119 11160 11461 I BatteryMgr:DataCollectionService: stats => 1697483995119,28,4313,17,0,100
10-16 21:19:55.224 11160 11461 I BatteryMgr:DataCollectionService: stats => 1697483995224,28,4313,17,0,100
10-16 21:19:55.330 11160 11461 I BatteryMgr:DataCollectionService: stats => 1697483995329,28,4313,17,0,100
10-16 21:19:55.434 11160 11461 I BatteryMgr:DataCollectionService: stats => 1697483995434,28,4313,17,0,100
10-16 21:19:55.461  3957  4129 D WifiStateMachine:  ConnectedState !RSSI_PKTCNT_FETCH uid=1000 rt=453398357/1146382838 0 0 "ourhome" f4:6d:2f:12:cc:88 rssi=-42 f=5240 sc=60 link=433 tx=5.9, 0.0, 0.0  rx=18.1 bcn=551049 [on:0 tx:0 rx:0 period:1001] from screen [on:665039 period:3468069] score=60
10-16 21:19:55.462  3957  4129 D WifiStateMachine:  L2ConnectedState !RSSI_PKTCNT_FETCH uid=1000 rt=453398359/1146382840 0 0 "ourhome" f4:6d:2f:12:cc:88 rssi=-42 f=5240 sc=60 link=433 tx=5.9, 0.0, 0.0  rx=18.1 bcn=551049 [on:0 tx:0 rx:0 period:1] from screen [on:665039 period:3468070] score=60
10-16 21:19:55.463  3957  4128 D WifiService: getConnectionInfo uid=1000
10-16 21:19:55.464  3957  4129 D WifiStateMachine: fetchRssiLinkSpeedAndFrequencyNative rssi=-44 linkspeed=433 freq=5240
10-16 21:19:55.540 11160 11461 I BatteryMgr:DataCollectionService: stats => 1697483995540,28,4313,17,0,100
10-16 21:19:55.646 11160 11461 I BatteryMgr:DataCollectionService: stats => 1697483995646,28,4313,17,0,100
10-16 21:19:55.751 11160 11461 I BatteryMgr:DataCollectionService: stats => 1697483995751,28,4313,17,0,100
10-16 21:19:55.857 11160 11461 I BatteryMgr:DataCollectionService: stats => 1697483995857,28,4313,17,0,100
10-16 21:19:55.962 11160 11461 I BatteryMgr:DataCollectionService: stats => 1697483995962,28,4313,17,0,100
10-16 21:19:56.068 11160 11461 I BatteryMgr:DataCollectionService: stats => 1697483996068,28,4313,17,0,100
10-16 21:19:56.173 11160 11461 I BatteryMgr:DataCollectionService: stats => 1697483996173,28,4313,17,0,100
10-16 21:19:56.278 11160 11461 I BatteryMgr:DataCollectionService: stats => 1697483996278,28,4313,17,0,100
10-16 21:19:56.386 11160 11461 I BatteryMgr:DataCollectionService: stats => 1697483996386,28,4313,17,0,100
10-16 21:19:56.463  3957  4129 D WifiStateMachine:  ConnectedState !RSSI_PKTCNT_FETCH uid=1000 rt=453399359/1146383840 0 0 "ourhome" f4:6d:2f:12:cc:88 rssi=-44 f=5240 sc=60 link=433 tx=5.9, 0.0, 0.0  rx=18.1 bcn=551049 [on:0 tx:0 rx:0 period:1001] from screen [on:665039 period:3469071] score=60
10-16 21:19:56.464  3957  4129 D WifiStateMachine:  L2ConnectedState !RSSI_PKTCNT_FETCH uid=1000 rt=453399361/1146383841 0 0 "ourhome" f4:6d:2f:12:cc:88 rssi=-44 f=5240 sc=60 link=433 tx=5.9, 0.0, 0.0  rx=18.1 bcn=551049 [on:0 tx:0 rx:0 period:1] from screen [on:665039 period:3469072] score=60
10-16 21:19:56.465  3957  4128 D WifiService: getConnectionInfo uid=1000
10-16 21:19:56.470  3957  4129 D WifiStateMachine: fetchRssiLinkSpeedAndFrequencyNative rssi=-43 linkspeed=433 freq=5240
10-16 21:19:56.505 11160 11461 I BatteryMgr:DataCollectionService: stats => 1697483996505,28,4313,17,0,100
10-16 21:19:56.606  3957  4129 D WifiStateMachine:  ConnectedState !CMD_RSSI_POLL rt=453399502/1146383983 70 0 "ourhome" f4:6d:2f:12:cc:88 rssi=-43 f=5240 sc=60 link=433 tx=5.9, 0.0, 0.0  rx=18.1 bcn=551049 [on:0 tx:0 rx:0 period:142] from screen [on:665039 period:3469214] score=60
10-16 21:19:56.608  3957  4129 D WifiStateMachine:  L2ConnectedState !CMD_RSSI_POLL rt=453399504/1146383985 70 0 "ourhome" f4:6d:2f:12:cc:88 rssi=-43 f=5240 sc=60 link=433 tx=5.9, 0.0, 0.0  rx=18.1 bcn=551049 [on:0 tx:0 rx:0 period:1] from screen [on:665039 period:3469215] score=60
10-16 21:19:56.608  3957  4129 D WifiStateMachine:  get link layer stats 3
10-16 21:19:56.608  3436  3436 I android.hardware.wifi@1.0-service: getLinkLayerStats
10-16 21:19:56.612  3957  4129 D WifiStateMachine: fetchRssiLinkSpeedAndFrequencyNative rssi=-44 linkspeed=433 freq=5240
10-16 21:19:56.613 11160 11461 I BatteryMgr:DataCollectionService: stats => 1697483996613,28,4313,17,0,100
10-16 21:19:56.615  4340  4340 E SignalClusterView: setSlotFocusVisible : subId -2
10-16 21:19:56.615  4340  4340 E SignalClusterView: setSlotFocusVisible : subId -2
10-16 21:19:56.719 11160 11461 I BatteryMgr:DataCollectionService: stats => 1697483996718,28,4313,17,0,100
10-16 21:19:56.824 11160 11461 I BatteryMgr:DataCollectionService: stats => 1697483996824,28,4313,17,0,100
10-16 21:19:56.930 11160 11461 I BatteryMgr:DataCollectionService: stats => 1697483996930,28,4313,17,0,100
10-16 21:19:57.036 11160 11461 I BatteryMgr:DataCollectionService: stats => 1697483997036,28,4313,17,0,100
10-16 21:19:57.142 11160 11461 I BatteryMgr:DataCollectionService: stats => 1697483997142,28,4313,17,0,100
10-16 21:19:57.246 11160 11461 I BatteryMgr:DataCollectionService: stats => 1697483997246,28,4313,17,0,100
10-16 21:19:57.351 11160 11461 I BatteryMgr:DataCollectionService: stats => 1697483997351,28,4313,17,0,100
10-16 21:19:57.458 11160 11461 I BatteryMgr:DataCollectionService: stats => 1697483997458,28,4313,17,0,100
10-16 21:19:57.463  3957  4129 D WifiStateMachine:  ConnectedState !RSSI_PKTCNT_FETCH uid=1000 rt=453400360/1146384841 0 0 "ourhome" f4:6d:2f:12:cc:88 rssi=-44 f=5240 sc=60 link=433 tx=4.7, 0.0, 0.0  rx=18.7 bcn=551077 [on:0 tx:0 rx:0 period:848] from screen [on:666246 period:3470071] score=60
10-16 21:19:57.464  3957  4129 D WifiStateMachine:  L2ConnectedState !RSSI_PKTCNT_FETCH uid=1000 rt=453400361/1146384842 0 0 "ourhome" f4:6d:2f:12:cc:88 rssi=-44 f=5240 sc=60 link=433 tx=4.7, 0.0, 0.0  rx=18.7 bcn=551077 [on:0 tx:0 rx:0 period:1] from screen [on:666246 period:3470072] score=60
10-16 21:19:57.467  3957  4128 D WifiService: getConnectionInfo uid=1000
10-16 21:19:57.470  3957  4129 D WifiStateMachine: fetchRssiLinkSpeedAndFrequencyNative rssi=-43 linkspeed=433 freq=5240
10-16 21:19:57.563 11160 11461 I BatteryMgr:DataCollectionService: stats => 1697483997563,28,4313,17,0,100
10-16 21:19:57.592  2479  2548 D ScanRecord: Not a Multi Manu data
10-16 21:19:57.658  2479  2548 I chatty  : uid=1002(bluetooth) BT Service Call identical 258 lines
10-16 21:19:57.658  2479  2548 D ScanRecord: Not a Multi Manu data
10-16 21:19:57.667 11160 11461 I BatteryMgr:DataCollectionService: stats => 1697483997667,28,4313,17,0,100
10-16 21:19:57.680  2479  2548 D ScanRecord: Not a Multi Manu data
10-16 21:19:57.700  2479  2548 I chatty  : uid=1002(bluetooth) BT Service Call identical 63 lines
10-16 21:19:57.700  2479  2548 D ScanRecord: Not a Multi Manu data
10-16 21:19:57.700  3957  4030 D SensorService: [SO] 0.158 -0.062 9.984
10-16 21:19:57.713  2479  2548 D ScanRecord: Not a Multi Manu data
10-16 21:19:57.765  2479  2548 I chatty  : uid=1002(bluetooth) BT Service Call identical 115 lines
10-16 21:19:57.765  2479  2548 D ScanRecord: Not a Multi Manu data
10-16 21:19:57.771 11160 11461 I BatteryMgr:DataCollectionService: stats => 1697483997771,28,4313,17,0,100
10-16 21:19:57.774  2479  2548 D ScanRecord: Not a Multi Manu data
10-16 21:19:57.869  2479  2548 I chatty  : uid=1002(bluetooth) BT Service Call identical 245 lines
10-16 21:19:57.869  2479  2548 D ScanRecord: Not a Multi Manu data
10-16 21:19:57.876 11160 11461 I BatteryMgr:DataCollectionService: stats => 1697483997876,28,4313,17,0,100
10-16 21:19:57.883  2479  2548 D ScanRecord: Not a Multi Manu data
10-16 21:19:57.975  2479  2548 I chatty  : uid=1002(bluetooth) BT Service Call identical 219 lines
10-16 21:19:57.975  2479  2548 D ScanRecord: Not a Multi Manu data
10-16 21:19:57.980 11160 11461 I BatteryMgr:DataCollectionService: stats => 1697483997980,28,4313,17,0,100
10-16 21:19:57.980  2479  2548 D ScanRecord: Not a Multi Manu data
10-16 21:19:58.082  2479  2548 I chatty  : uid=1002(bluetooth) BT Service Call identical 193 lines
10-16 21:19:58.082  2479  2548 D ScanRecord: Not a Multi Manu data
10-16 21:19:58.085 11160 11461 I BatteryMgr:DataCollectionService: stats => 1697483998085,28,4313,17,0,100
10-16 21:19:58.189 11160 11461 I BatteryMgr:DataCollectionService: stats => 1697483998189,28,4313,17,0,100
10-16 21:19:58.296 11160 11461 I BatteryMgr:DataCollectionService: stats => 1697483998296,28,4313,17,0,100
10-16 21:19:58.400 11160 11461 I BatteryMgr:DataCollectionService: stats => 1697483998400,-24,4313,-7,0,100
10-16 21:19:58.465  3957  4129 D WifiStateMachine:  ConnectedState !RSSI_PKTCNT_FETCH uid=1000 rt=453401362/1146385843 0 0 "ourhome" f4:6d:2f:12:cc:88 rssi=-43 f=5240 sc=60 link=433 tx=4.7, 0.0, 0.0  rx=18.7 bcn=551077 [on:0 tx:0 rx:0 period:1001] from screen [on:666246 period:3471073] score=60
10-16 21:19:58.467  3957  4129 D WifiStateMachine:  L2ConnectedState !RSSI_PKTCNT_FETCH uid=1000 rt=453401363/1146385844 0 0 "ourhome" f4:6d:2f:12:cc:88 rssi=-43 f=5240 sc=60 link=433 tx=4.7, 0.0, 0.0  rx=18.7 bcn=551077 [on:0 tx:0 rx:0 period:1] from screen [on:666246 period:3471074] score=60
10-16 21:19:58.468  3957  4128 D WifiService: getConnectionInfo uid=1000
10-16 21:19:58.472  3957  4129 D WifiStateMachine: fetchRssiLinkSpeedAndFrequencyNative rssi=-44 linkspeed=433 freq=5240
10-16 21:19:58.505 11160 11461 I BatteryMgr:DataCollectionService: stats => 1697483998504,-24,4313,-7,0,100
10-16 21:19:58.613 11160 11461 I BatteryMgr:DataCollectionService: stats => 1697483998613,-24,4313,-7,0,100
10-16 21:19:58.719 11160 11461 I BatteryMgr:DataCollectionService: stats => 1697483998718,-24,4313,-7,0,100
10-16 21:19:58.799  3957  4650 D BatteryService: !@BatteryListener : batteryPropertiesChanged!
10-16 21:19:58.824 11160 11461 I BatteryMgr:DataCollectionService: stats => 1697483998824,-24,4313,-7,0,100
10-16 21:19:58.929 11160 11461 I BatteryMgr:DataCollectionService: stats => 1697483998929,-24,4313,-7,0,100
10-16 21:19:59.035 11160 11461 I BatteryMgr:DataCollectionService: stats => 1697483999035,-24,4313,-7,0,100
10-16 21:19:59.139 11160 11461 I BatteryMgr:DataCollectionService: stats => 1697483999139,-24,4313,-7,0,100
10-16 21:19:59.245 11160 11461 I BatteryMgr:DataCollectionService: stats => 1697483999245,-24,4313,-7,0,100
10-16 21:19:59.351 11160 11461 I BatteryMgr:DataCollectionService: stats => 1697483999351,-24,4313,-7,0,100
10-16 21:19:59.356  4961  4961 D io_stats: !@ 179,0 r 7200250 230152380 w 1520467 31769836 d 122938 32986140 f 353226 372327 iot 3145044 2754527 th 51200 0 0 pt 0 inp 0 0 453402.253
10-16 21:19:59.456 11160 11461 I BatteryMgr:DataCollectionService: stats => 1697483999456,-24,4313,-7,0,100
10-16 21:19:59.467  3957  4129 D WifiStateMachine:  ConnectedState !RSSI_PKTCNT_FETCH uid=1000 rt=453402364/1146386845 0 0 "ourhome" f4:6d:2f:12:cc:88 rssi=-44 f=5240 sc=60 link=433 tx=4.7, 0.0, 0.0  rx=18.7 bcn=551077 [on:0 tx:0 rx:0 period:1001] from screen [on:666246 period:3472075] score=60
10-16 21:19:59.468  3957  4129 D WifiStateMachine:  L2ConnectedState !RSSI_PKTCNT_FETCH uid=1000 rt=453402365/1146386846 0 0 "ourhome" f4:6d:2f:12:cc:88 rssi=-44 f=5240 sc=60 link=433 tx=4.7, 0.0, 0.0  rx=18.7 bcn=551077 [on:0 tx:0 rx:0 period:1] from screen [on:666246 period:3472076] score=60
10-16 21:19:59.470  3957  4128 D WifiService: getConnectionInfo uid=1000
10-16 21:19:59.474  3957  4129 D WifiStateMachine: fetchRssiLinkSpeedAndFrequencyNative rssi=-44 linkspeed=433 freq=5240
10-16 21:19:59.561 11160 11461 I BatteryMgr:DataCollectionService: stats => 1697483999561,-24,4313,-7,0,100
10-16 21:19:59.614  3957  4129 D WifiStateMachine:  ConnectedState !CMD_RSSI_POLL rt=453402510/1146386991 70 0 "ourhome" f4:6d:2f:12:cc:88 rssi=-44 f=5240 sc=60 link=433 tx=4.7, 0.0, 0.0  rx=18.7 bcn=551077 [on:0 tx:0 rx:0 period:146] from screen [on:666246 period:3472222] score=60
10-16 21:19:59.615  3957  4129 D WifiStateMachine:  L2ConnectedState !CMD_RSSI_POLL rt=453402511/1146386992 70 0 "ourhome" f4:6d:2f:12:cc:88 rssi=-44 f=5240 sc=60 link=433 tx=4.7, 0.0, 0.0  rx=18.7 bcn=551077 [on:0 tx:0 rx:0 period:1] from screen [on:666246 period:3472223] score=60
10-16 21:19:59.615  3957  4129 D WifiStateMachine:  get link layer stats 3
10-16 21:19:59.615  3436  3436 I android.hardware.wifi@1.0-service: getLinkLayerStats
10-16 21:19:59.623  3957  4129 D WifiStateMachine: fetchRssiLinkSpeedAndFrequencyNative rssi=-44 linkspeed=433 freq=5240
10-16 21:19:59.626  4340  4340 E SignalClusterView: setSlotFocusVisible : subId -2
10-16 21:19:59.626  4340  4340 E SignalClusterView: setSlotFocusVisible : subId -2
10-16 21:19:59.665 11160 11461 I BatteryMgr:DataCollectionService: stats => 1697483999665,-24,4313,-7,0,100
10-16 21:19:59.770 11160 11461 I BatteryMgr:DataCollectionService: stats => 1697483999770,-24,4313,-7,0,100
10-16 21:19:59.875 11160 11461 I BatteryMgr:DataCollectionService: stats => 1697483999875,-24,4313,-7,0,100
10-16 21:19:59.980 11160 11461 I BatteryMgr:DataCollectionService: stats => 1697483999980,-24,4313,-7,0,100
10-16 21:20:00.000  3957  4045 D SamsungAlarmManager: Expired : 8
