10-16 20:43:46.020  3957  4651 I ApplicationPolicy: isApplicationExternalStorageWhitelisted:org.mozilla.fenix user:0
10-16 20:43:46.020  3957  4651 D ApplicationPolicy: isApplicationExternalStorageWhitelisted: DO is not enabled on user 0. Allowed.
10-16 20:43:46.020  3957  4651 D ActivityManager: package  org.mozilla.fenix, user - 0 is SDcard whitelisted
10-16 20:43:46.020  3957  4651 I ApplicationPolicy: isApplicationExternalStorageBlacklisted:org.mozilla.fenix user:0
10-16 20:43:46.020  3957  4651 D ApplicationPolicy: isApplicationExternalStorageBlacklisted: DO is not enabled on user 0. Allowed.
10-16 20:43:46.023  7492  7808 I BatteryMgr:DataCollectionService: stats => 1697481826023,277,4313,241,0,100
10-16 20:43:46.044  7948  7948 E Zygote  : isWhitelistProcess - Process is Whitelisted
10-16 20:43:46.044  7948  7948 E libpersona: scanKnoxPersonas
10-16 20:43:46.044  7948  7948 E libpersona: Couldn't open the File - /data/system/users/0/personalist.xml - No such file or directory
10-16 20:43:46.045  3957  4651 I ActivityManager: Start proc 7948:org.mozilla.fenix:utility/u0a169 for service org.mozilla.fenix/org.mozilla.gecko.process.GeckoChildProcessServices$utility
10-16 20:43:46.046  7948  7948 W SELinux : SELinux selinux_android_compute_policy_index : Policy Index[2],  Con:u:r:zygote:s0 RAM:SEPF_SM-J720F_8.0.0_0002, [-1 -1 -1 -1 0 1]
10-16 20:43:46.047  7948  7948 I SELinux : SELinux: seapp_context_lookup: seinfo=untrusted, level=s0:c512,c768, pkgname=org.mozilla.fenix:utility 
10-16 20:43:46.058  3599  3918 D DnsProxyListener: DNSDBG::dns addrinfo af 0
10-16 20:43:46.081  7948  7948 D TimaKeyStoreProvider: TimaKeyStore is not enabled: cannot add TimaSignature Service and generateKeyPair Service
10-16 20:43:46.082  7948  7948 D ActivityThread: Added TimaKeyStore provider
10-16 20:43:46.086  3957  4651 I ActivityManager: DSS on for org.mozilla.fenix and scale is 1.0
10-16 20:43:46.113  7948  7948 I zygote64: no shared libraies, dex_files: 1
10-16 20:43:46.133  7492  7808 I BatteryMgr:DataCollectionService: stats => 1697481826133,277,4313,241,0,100
10-16 20:43:46.142  7688  7773 V Surface : sf_framedrop debug : 0x4f4c, game : false, logging : 0
10-16 20:43:46.144  7688  7773 D mali_winsys: EGLint new_window_surface(egl_winsys_display *, void *, EGLSurface, EGLConfig, egl_winsys_surface **, egl_color_buffer_format *, EGLBoolean) returns 0x3000,  [372x514]-format:1
10-16 20:43:46.197  7948  7948 I ServiceChildProcess: onCreate
10-16 20:43:46.199  7948  7965 I GeckoThread: preparing to run Gecko
10-16 20:43:46.204  7948  7965 W linker  : "/data/app/org.mozilla.fenix-iWpGOrf8cry6RDpwHyQugA==/lib/arm64/libmozglue.so" unused DT entry: type 0x8000024 arg 0x38f70
10-16 20:43:46.204  7948  7965 W linker  : "/data/app/org.mozilla.fenix-iWpGOrf8cry6RDpwHyQugA==/lib/arm64/libmozglue.so" unused DT entry: type 0x8000023 arg 0x1f8
10-16 20:43:46.204  7948  7965 W linker  : "/data/app/org.mozilla.fenix-iWpGOrf8cry6RDpwHyQugA==/lib/arm64/libmozglue.so" unused DT entry: type 0x8000025 arg 0x8
10-16 20:43:46.210  7948  7965 I GeckoLoader: Library base=/data/app/org.mozilla.fenix-iWpGOrf8cry6RDpwHyQugA==/lib/arm64
10-16 20:43:46.210  7948  7965 I GeckoLoader: Library base=/data/app/org.mozilla.fenix-iWpGOrf8cry6RDpwHyQugA==/lib/arm64
10-16 20:43:46.211  7948  7965 E GeckoLibLoad: Load sqlite start
10-16 20:43:46.213  7948  7965 W linker  : "/data/app/org.mozilla.fenix-iWpGOrf8cry6RDpwHyQugA==/lib/arm64/libnss3.so" unused DT entry: type 0x8000024 arg 0x14998
10-16 20:43:46.213  7948  7965 W linker  : "/data/app/org.mozilla.fenix-iWpGOrf8cry6RDpwHyQugA==/lib/arm64/libnss3.so" unused DT entry: type 0x8000023 arg 0x5c8
10-16 20:43:46.213  7948  7965 W linker  : "/data/app/org.mozilla.fenix-iWpGOrf8cry6RDpwHyQugA==/lib/arm64/libnss3.so" unused DT entry: type 0x8000025 arg 0x8
10-16 20:43:46.215  7948  7965 E GeckoLibLoad: Load sqlite done
10-16 20:43:46.215  7948  7965 I GeckoLoader: Library base=/data/app/org.mozilla.fenix-iWpGOrf8cry6RDpwHyQugA==/lib/arm64
10-16 20:43:46.216  7948  7965 E GeckoLibLoad: Load nss start
10-16 20:43:46.216  7948  7965 E GeckoLibLoad: Load nss done
10-16 20:43:46.216  7948  7965 I GeckoLoader: Library base=/data/app/org.mozilla.fenix-iWpGOrf8cry6RDpwHyQugA==/lib/arm64
10-16 20:43:46.220  7948  7965 W linker  : "/data/app/org.mozilla.fenix-iWpGOrf8cry6RDpwHyQugA==/lib/arm64/libxul.so" unused DT entry: type 0x8000024 arg 0x539420
10-16 20:43:46.220  7948  7965 W linker  : "/data/app/org.mozilla.fenix-iWpGOrf8cry6RDpwHyQugA==/lib/arm64/libxul.so" unused DT entry: type 0x8000023 arg 0x17d68
10-16 20:43:46.220  7948  7965 W linker  : "/data/app/org.mozilla.fenix-iWpGOrf8cry6RDpwHyQugA==/lib/arm64/libxul.so" unused DT entry: type 0x8000025 arg 0x8
10-16 20:43:46.246  7492  7808 I BatteryMgr:DataCollectionService: stats => 1697481826246,277,4313,241,0,100
10-16 20:43:46.251  7948  7965 E GeckoLibLoad: Loaded libs in 34.940308ms total, 20ms(20ms) user, 16ms(16ms) system, 0(0) faults
10-16 20:43:46.251  7948  7965 W GeckoThread: zerdatime 1144213629 - runGecko
10-16 20:43:46.262  3957  4129 D WifiStateMachine:  ConnectedState !RSSI_PKTCNT_FETCH uid=1000 rt=451229158/1144213639 0 0 "ourhome" f4:6d:2f:12:cc:88 rssi=-47 f=5240 sc=60 link=433 tx=307.1, 4.4, 0.0  rx=378.5 bcn=531575 [on:0 tx:0 rx:0 period:910] from screen [on:336663 period:1298869] score=60
10-16 20:43:46.263  3957  4129 D WifiStateMachine:  L2ConnectedState !RSSI_PKTCNT_FETCH uid=1000 rt=451229159/1144213640 0 0 "ourhome" f4:6d:2f:12:cc:88 rssi=-47 f=5240 sc=60 link=433 tx=307.1, 4.4, 0.0  rx=378.5 bcn=531575 [on:0 tx:0 rx:0 period:2] from screen [on:336663 period:1298871] score=60
10-16 20:43:46.264  3957  4129 D WifiStateMachine: fetchRssiLinkSpeedAndFrequencyNative rssi=-46 linkspeed=433 freq=5240
10-16 20:43:46.275  7948  7965 W linker  : "/data/app/org.mozilla.fenix-iWpGOrf8cry6RDpwHyQugA==/lib/arm64/libmozavutil.so" unused DT entry: type 0x8000024 arg 0x5340
10-16 20:43:46.276  7948  7965 W linker  : "/data/app/org.mozilla.fenix-iWpGOrf8cry6RDpwHyQugA==/lib/arm64/libmozavutil.so" unused DT entry: type 0x8000023 arg 0x220
10-16 20:43:46.276  7948  7965 W linker  : "/data/app/org.mozilla.fenix-iWpGOrf8cry6RDpwHyQugA==/lib/arm64/libmozavutil.so" unused DT entry: type 0x8000025 arg 0x8
10-16 20:43:46.278  7948  7965 W linker  : "/data/app/org.mozilla.fenix-iWpGOrf8cry6RDpwHyQugA==/lib/arm64/libmozavcodec.so" unused DT entry: type 0x8000024 arg 0x3330
10-16 20:43:46.278  7948  7965 W linker  : "/data/app/org.mozilla.fenix-iWpGOrf8cry6RDpwHyQugA==/lib/arm64/libmozavcodec.so" unused DT entry: type 0x8000023 arg 0x358
10-16 20:43:46.278  7948  7965 W linker  : "/data/app/org.mozilla.fenix-iWpGOrf8cry6RDpwHyQugA==/lib/arm64/libmozavcodec.so" unused DT entry: type 0x8000025 arg 0x8
10-16 20:43:46.306  7948  7965 W AudioCapabilities: Unsupported mime audio/mpeg-L1
10-16 20:43:46.310  7948  7965 W AudioCapabilities: Unsupported mime audio/mpeg-L2
10-16 20:43:46.315  7948  7965 W AudioCapabilities: Unsupported mime audio/x-ms-wma
10-16 20:43:46.317  7948  7965 W AudioCapabilities: Unsupported mime audio/x-ima
10-16 20:43:46.329  7948  7965 W VideoCapabilities: Unrecognized profile 2130706433 for video/avc
10-16 20:43:46.329  7948  7965 W VideoCapabilities: Unrecognized profile 2130706434 for video/avc
10-16 20:43:46.331  7536  7547 I zygote64: Background concurrent copying GC freed 66044(2MB) AllocSpace objects, 11(328KB) LOS objects, 50% free, 3MB/7MB, paused 2.313ms total 104.425ms
10-16 20:43:46.332  7948  7965 W VideoCapabilities: Unrecognized profile 2130706433 for video/avc
10-16 20:43:46.332  7948  7965 W VideoCapabilities: Unrecognized profile 2130706434 for video/avc
10-16 20:43:46.347  7948  7965 W VideoCapabilities: Unrecognized profile 2130706433 for video/avc
10-16 20:43:46.347  7948  7965 W VideoCapabilities: Unrecognized profile 2130706434 for video/avc
10-16 20:43:46.351  7948  7965 W VideoCapabilities: Unsupported mime video/avc-wfd
10-16 20:43:46.356  7492  7808 I BatteryMgr:DataCollectionService: stats => 1697481826355,277,4313,241,0,100
10-16 20:43:46.386  7948  7965 I VideoCapabilities: Unsupported profile 4 for video/mp4v-es
10-16 20:43:46.422  7948  7965 W VideoCapabilities: Unrecognized profile/level 1/32 for video/mp4v-es
10-16 20:43:46.422  7948  7965 W VideoCapabilities: Unrecognized profile/level 32768/2 for video/mp4v-es
10-16 20:43:46.422  7948  7965 W VideoCapabilities: Unrecognized profile/level 32768/64 for video/mp4v-es
10-16 20:43:46.426  7948  7965 W VideoCapabilities: Unsupported mime video/wvc1
10-16 20:43:46.429  7948  7965 W VideoCapabilities: Unsupported mime video/x-ms-wmv
10-16 20:43:46.433  7948  7965 W VideoCapabilities: Unsupported mime video/x-ms-wmv7
10-16 20:43:46.436  7948  7965 W VideoCapabilities: Unsupported mime video/x-ms-wmv8
10-16 20:43:46.439  7948  7965 W VideoCapabilities: Unsupported mime video/mp43
10-16 20:43:46.453  7948  7965 W AudioCapabilities: Unsupported mime audio/mpeg-L1
10-16 20:43:46.453  7948  7965 W AudioCapabilities: Unsupported mime audio/mpeg-L2
10-16 20:43:46.453  7948  7965 W AudioCapabilities: Unsupported mime audio/x-ms-wma
10-16 20:43:46.453  7948  7965 W AudioCapabilities: Unsupported mime audio/x-ima
10-16 20:43:46.455  3559  3559 E audit   : type=1400 audit(1697481826.446:3869): avc:  denied  { read } for  pid=7972 comm="pool-37-thread-" name="version" dev="proc" ino=4026532182 scontext=u:r:untrusted_app:s0:c512,c768 tcontext=u:object_r:proc:s0 tclass=file permissive=0 SEPF_SM-J720F_8.0.0_0002 audit_filtered
10-16 20:43:46.455  3559  3559 E audit   : type=1300 audit(1697481826.446:3869): arch=c00000b7 syscall=48 success=no exit=-13 a0=ffffff9c a1=74ee06dee0 a2=4 a3=0 items=0 ppid=3579 pid=7972 auid=4294967295 uid=10169 gid=10169 euid=10169 suid=10169 fsuid=10169 egid=10169 sgid=10169 fsgid=10169 tty=(none) ses=4294967295 comm="pool-37-thread-" exe="/system/bin/app_process64" subj=u:r:untrusted_app:s0:c512,c768 key=(null)
10-16 20:43:46.455  3559  3559 E audit   : type=1327 audit(1697481826.446:3869): proctitle="org.mozilla.fenix"
10-16 20:43:46.456  7948  7965 W VideoCapabilities: Unrecognized profile 2130706433 for video/avc
10-16 20:43:46.456  7948  7965 W VideoCapabilities: Unrecognized profile 2130706434 for video/avc
10-16 20:43:46.459  3599  3918 D DnsProxyListener: DNSDBG::dns addrinfo af 0
10-16 20:43:46.463  7492  7808 I BatteryMgr:DataCollectionService: stats => 1697481826463,277,4313,241,0,100
10-16 20:43:46.464  7948  7965 W VideoCapabilities: Unrecognized profile/level 1/32 for video/mp4v-es
10-16 20:43:46.465  7948  7965 W VideoCapabilities: Unrecognized profile/level 32768/2 for video/mp4v-es
10-16 20:43:46.465  7948  7965 W VideoCapabilities: Unrecognized profile/level 32768/64 for video/mp4v-es
10-16 20:43:46.467  7948  7965 W VideoCapabilities: Unsupported mime video/wvc1
10-16 20:43:46.468  7948  7965 W VideoCapabilities: Unsupported mime video/x-ms-wmv
10-16 20:43:46.470  7948  7965 W VideoCapabilities: Unsupported mime video/x-ms-wmv7
10-16 20:43:46.472  7948  7965 W VideoCapabilities: Unsupported mime video/x-ms-wmv8
10-16 20:43:46.474  7948  7965 W VideoCapabilities: Unsupported mime video/mp43
10-16 20:43:46.475  7536  7536 D ConnectivityManager: requestNetwork; CallingUid : 10169, CallingPid : 7536
10-16 20:43:46.477  3957  4653 D ConnectivityService: requestNetwork for uid/pid:10169/7536 NetworkRequest [ TRACK_DEFAULT id=1456, [ Capabilities: INTERNET&NOT_RESTRICTED&TRUSTED&NOT_VPN] ]
10-16 20:43:46.478  3957  4157 D ConnectivityService: rematching NetworkAgentInfo [WIFI () - 507]
10-16 20:43:46.479  3957  4157 D ConnectivityService:  network has: [ Transports: WIFI Capabilities: NOT_METERED&INTERNET&NOT_RESTRICTED&TRUSTED&NOT_VPN&VALIDATED&FOREGROUND LinkUpBandwidth>=1048576Kbps LinkDnBandwidth>=1048576Kbps SignalStrength: -45]
10-16 20:43:46.479  3957  4157 D ConnectivityService: Network NetworkAgentInfo [WIFI () - 507] was already satisfying request 1444. No change.
10-16 20:43:46.479  3957  4157 D ConnectivityService:   checking if request is satisfied: NetworkRequest [ TRACK_DEFAULT id=1456, [ Capabilities: INTERNET&NOT_RESTRICTED&TRUSTED&NOT_VPN] ]
10-16 20:43:46.479  3957  4157 D ConnectivityService: currentScore = 0, newScore = 100
10-16 20:43:46.479  3957  4157 D ConnectivityService: rematch for NetworkAgentInfo [WIFI () - 507]
10-16 20:43:46.479  3957  4157 D ConnectivityService:    accepting network in place of null
10-16 20:43:46.479  3957  4157 D ConnectivityService: sending new Min Network Score(100): NetworkRequest [ TRACK_DEFAULT id=1456, [ Capabilities: INTERNET&NOT_RESTRICTED&TRUSTED&NOT_VPN] ]
10-16 20:43:46.479  3957  4313 D Ethernet: got request NetworkRequest [ TRACK_DEFAULT id=1456, [ Capabilities: INTERNET&NOT_RESTRICTED&TRUSTED&NOT_VPN] ] with score 100
10-16 20:43:46.479  3957  4313 D Ethernet:   my score=-1, my filter=[ Transports: ETHERNET Capabilities: INTERNET&NOT_RESTRICTED&TRUSTED&NOT_VPN LinkUpBandwidth>=100000Kbps LinkDnBandwidth>=100000Kbps]
10-16 20:43:46.479  3957  4313 D Ethernet: evalRequest
10-16 20:43:46.479  3957  4313 D Ethernet:   done
10-16 20:43:46.479  3957  4157 D ConnectivityService: MultiNetwork Request(TransportType - Wi-Fi request). Internet Capability doesn't required (false)
10-16 20:43:46.479  3957  4157 D ConnectivityService: Network NetworkAgentInfo [WIFI () - 507] was already satisfying request 1. No change.
10-16 20:43:46.480  3957  4157 D ConnectivityService: Network NetworkAgentInfo [WIFI () - 507] was already satisfying request 3. No change.
10-16 20:43:46.480  3957  4153 D WIFI_P2P: got request NetworkRequest [ TRACK_DEFAULT id=1456, [ Capabilities: INTERNET&NOT_RESTRICTED&TRUSTED&NOT_VPN] ] with score 100
10-16 20:43:46.480  3957  4157 D ConnectivityService: Network NetworkAgentInfo [WIFI () - 507] was already satisfying request 1430. No change.
10-16 20:43:46.480  3957  4157 D ConnectivityService: Network NetworkAgentInfo [WIFI () - 507] was already satisfying request 1428. No change.
10-16 20:43:46.480  3957  4157 D ConnectivityService: Network NetworkAgentInfo [WIFI () - 507] was already satisfying request 1443. No change.
10-16 20:43:46.480  3957  4153 D WIFI_P2P:   my score=60, my filter=[ Transports: WIFI Capabilities: WIFI_P2P&NOT_RESTRICTED&TRUSTED&NOT_VPN LinkUpBandwidth>=1048576Kbps LinkDnBandwidth>=1048576Kbps]
10-16 20:43:46.480  3957  4153 D WIFI_P2P: evalRequest
10-16 20:43:46.480  3957  4153 D WIFI_P2P:   done
10-16 20:43:46.480  3957  4157 D ConnectivityService: sending notification AVAILABLE for NetworkRequest [ TRACK_DEFAULT id=1456, [ Capabilities: INTERNET&NOT_RESTRICTED&TRUSTED&NOT_VPN] ]
10-16 20:43:46.480  3957  4129 D WIFI    : got request NetworkRequest [ TRACK_DEFAULT id=1456, [ Capabilities: INTERNET&NOT_RESTRICTED&TRUSTED&NOT_VPN] ] with score 100
10-16 20:43:46.480  3957  4129 D WIFI    :   my score=60, my filter=[ Transports: WIFI Capabilities: NOT_METERED&INTERNET&NOT_RESTRICTED&TRUSTED&NOT_VPN LinkUpBandwidth>=1048576Kbps LinkDnBandwidth>=1048576Kbps]
10-16 20:43:46.480  3957  4129 D WIFI    : evalRequest
10-16 20:43:46.480  3957  4129 D WIFI    :   done
10-16 20:43:46.480  3957  4129 D WIFI_UT : got request NetworkRequest [ TRACK_DEFAULT id=1456, [ Capabilities: INTERNET&NOT_RESTRICTED&TRUSTED&NOT_VPN] ] with score 100
10-16 20:43:46.480  3957  4129 D WIFI_UT :   my score=2147483647, my filter=[ Transports: WIFI Capabilities: NOT_METERED&INTERNET&NOT_RESTRICTED&TRUSTED&NOT_VPN LinkUpBandwidth>=1048576Kbps LinkDnBandwidth>=1048576Kbps]
10-16 20:43:46.480  3957  4157 D ConnectivityService: sending notification CAP_CHANGED for NetworkRequest [ TRACK_DEFAULT id=1456, [ Capabilities: INTERNET&NOT_RESTRICTED&TRUSTED&NOT_VPN] ]
10-16 20:43:46.480  3957  4129 D WIFI_UT : evalRequest
10-16 20:43:46.480  3957  4129 D WIFI_UT :   needNetworkFor
10-16 20:43:46.480  4616  4616 D PhoneSwitcherNetworkRequstListener: got request NetworkRequest [ TRACK_DEFAULT id=1456, [ Capabilities: INTERNET&NOT_RESTRICTED&TRUSTED&NOT_VPN] ] with score 100
10-16 20:43:46.480  3957  4157 D ConnectivityService: sending notification IP_CHANGED for NetworkRequest [ TRACK_DEFAULT id=1456, [ Capabilities: INTERNET&NOT_RESTRICTED&TRUSTED&NOT_VPN] ]
10-16 20:43:46.480  4616  4616 D PhoneSwitcherNetworkRequstListener:   my score=101, my filter=[ Transports: CELLULAR Capabilities: MMS&SUPL&DUN&FOTA&IMS&CBS&IA&RCS&XCAP&EIMS&INTERNET&NOT_RESTRICTED&TRUSTED&NOT_VPN&ENT1 Specifier: <android.net.MatchAllNetworkSpecifier@0>]
10-16 20:43:46.480  4616  4616 D PhoneSwitcherNetworkRequstListener: evalRequest
10-16 20:43:46.480  4616  4616 D PhoneSwitcherNetworkRequstListener:   needNetworkFor
10-16 20:43:46.492  7536  7536 I glean/Glean: Registering pings for org.mozilla.fenix.GleanMetrics.Pings
10-16 20:43:46.496  3957  4653 D ConnectivityService: filterNetworkStateForUid() uid: 10169 networkInfo: [type: WIFI[] - WIFI, state: CONNECTED/CONNECTED, reason: (unspecified), extra: "ourhome", failover: false, available: true, roaming: false, metered: false]
10-16 20:43:46.497  3957  4653 D WifiService: getConnectionInfo uid=1000
10-16 20:43:46.501  7536  7601 I FenixApplication: Running post-visual completeness tasks...
10-16 20:43:46.501  7536  7601 I FenixApplication: Storage initialization...
10-16 20:43:46.502  7536  7979 D NetworkSecurityConfig: No Network Security Config specified, using platform default
10-16 20:43:46.502  7536  7601 I PlacesHistoryStorage: Warming up places storage...
10-16 20:43:46.506  7536  7601 I PlacesHistoryStorage: 'Warming up places storage' took 3 ms
10-16 20:43:46.506  7536  7601 I PlacesBookmarksStorage: Warming up places storage...
10-16 20:43:46.506  7536  7536 I ColdStartupDuration: COLD MAIN Application.<init> to first frame: 743 ms
10-16 20:43:46.507  7536  7601 I PlacesBookmarksStorage: 'Warming up places storage' took 0 ms
10-16 20:43:46.508  7536  7536 I FenixApplication: Kicking-off account manager...
10-16 20:43:46.508  7536  7536 I FenixApplication: 'Kicking-off account manager' took 0 ms
10-16 20:43:46.509  7536  7601 I SyncableLoginsStorage: Warming up storage...
10-16 20:43:46.509  7536  7601 I SyncableLoginsStorage: 'Warming up storage' took 0 ms
10-16 20:43:46.512  7536  7601 I AutofillCCAddressesStorage: Warming up storage...
10-16 20:43:46.512  7536  7601 I AutofillCCAddressesStorage: 'Warming up storage' took 0 ms
10-16 20:43:46.516  3957  4653 I chatty  : uid=1000(system) Binder:3957_B identical 1 line
10-16 20:43:46.517  3957  4653 D WifiService: getConnectionInfo uid=1000
10-16 20:43:46.530  7536  7979 I System.out: (HTTPLog)-Static: isSBSettingEnabled false
10-16 20:43:46.531  7536  7979 I System.out: (HTTPLog)-Static: isSBSettingEnabled false
10-16 20:43:46.536  3599  3918 D DnsProxyListener: DNSDBG::dns addrinfo af 0
10-16 20:43:46.573  7492  7808 I BatteryMgr:DataCollectionService: stats => 1697481826573,277,4313,241,0,100
10-16 20:43:46.663  3957  4653 D ConnectivityService: filterNetworkStateForUid() uid: 10169 networkInfo: [type: WIFI[] - WIFI, state: CONNECTED/CONNECTED, reason: (unspecified), extra: "ourhome", failover: false, available: true, roaming: false, metered: false]
10-16 20:43:46.663  3957  4653 D WifiService: getConnectionInfo uid=1000
10-16 20:43:46.665  7536  7979 I System.out: (HTTPLog)-Static: isSBSettingEnabled false
10-16 20:43:46.665  7536  7979 I System.out: (HTTPLog)-Static: isSBSettingEnabled false
10-16 20:43:46.684  7492  7808 I BatteryMgr:DataCollectionService: stats => 1697481826684,277,4313,241,0,100
10-16 20:43:46.701  7536  7601 I FenixApplication: 'Storage initialization' took 199 ms
10-16 20:43:46.773  3957  4651 D ConnectivityService: filterNetworkStateForUid() uid: 10169 networkInfo: [type: WIFI[] - WIFI, state: CONNECTED/CONNECTED, reason: (unspecified), extra: "ourhome", failover: false, available: true, roaming: false, metered: false]
10-16 20:43:46.773  3957  4651 D WifiService: getConnectionInfo uid=1000
10-16 20:43:46.775  7536  7979 I System.out: (HTTPLog)-Static: isSBSettingEnabled false
10-16 20:43:46.776  7536  7979 I System.out: (HTTPLog)-Static: isSBSettingEnabled false
10-16 20:43:46.793  7492  7808 I BatteryMgr:DataCollectionService: stats => 1697481826792,277,4313,241,0,100
10-16 20:43:46.849  7536  7547 I zygote64: Background concurrent copying GC freed 51951(2MB) AllocSpace objects, 40(848KB) LOS objects, 49% free, 4MB/9MB, paused 2.409ms total 153.259ms
10-16 20:43:46.870  3957  4651 D ConnectivityService: filterNetworkStateForUid() uid: 10169 networkInfo: [type: WIFI[] - WIFI, state: CONNECTED/CONNECTED, reason: (unspecified), extra: "ourhome", failover: false, available: true, roaming: false, metered: false]
10-16 20:43:46.870  3957  4651 D WifiService: getConnectionInfo uid=1000
10-16 20:43:46.872  7536  7979 I System.out: (HTTPLog)-Static: isSBSettingEnabled false
10-16 20:43:46.872  7536  7979 I System.out: (HTTPLog)-Static: isSBSettingEnabled false
10-16 20:43:46.901  7492  7808 I BatteryMgr:DataCollectionService: stats => 1697481826900,277,4313,241,0,100
10-16 20:43:46.949  3957  4128 D WifiService: getConnectionInfo uid=1000
10-16 20:43:47.011  7492  7808 I BatteryMgr:DataCollectionService: stats => 1697481827011,277,4313,241,0,100
10-16 20:43:47.120  7492  7808 I BatteryMgr:DataCollectionService: stats => 1697481827120,277,4313,241,0,100
10-16 20:43:47.227  7492  7808 I BatteryMgr:DataCollectionService: stats => 1697481827227,277,4313,241,0,100
10-16 20:43:47.263  3957  4129 D WifiStateMachine:  ConnectedState !RSSI_PKTCNT_FETCH uid=1000 rt=451230160/1144214640 0 0 "ourhome" f4:6d:2f:12:cc:88 rssi=-46 f=5240 sc=60 link=433 tx=307.1, 4.4, 0.0  rx=378.5 bcn=531575 [on:0 tx:0 rx:0 period:1000] from screen [on:336663 period:1299871] score=60
10-16 20:43:47.265  3957  4129 D WifiStateMachine:  L2ConnectedState !RSSI_PKTCNT_FETCH uid=1000 rt=451230161/1144214642 0 0 "ourhome" f4:6d:2f:12:cc:88 rssi=-46 f=5240 sc=60 link=433 tx=307.1, 4.4, 0.0  rx=378.5 bcn=531575 [on:0 tx:0 rx:0 period:2] from screen [on:336663 period:1299873] score=60
10-16 20:43:47.267  3957  4129 D WifiStateMachine: fetchRssiLinkSpeedAndFrequencyNative rssi=-46 linkspeed=433 freq=5240
10-16 20:43:47.336  7492  7808 I BatteryMgr:DataCollectionService: stats => 1697481827336,277,4313,241,0,100
10-16 20:43:47.374  7536  7566 D GeckoIdleService: Get idle time: time since reset 5080 msec
10-16 20:43:47.374  7536  7566 D GeckoIdleService: Idle timer callback: current idle time 5080 msec
10-16 20:43:47.374  7536  7566 D GeckoIdleService: next timeout 4294967289919 msec from now
10-16 20:43:47.375  7536  7566 D GeckoIdleService: SetTimerExpiryIfBefore: next timeout 4294967289918 msec from now
10-16 20:43:47.375  7536  7566 D GeckoIdleService: reset timer expiry to 4294967289928 msec from now
10-16 20:43:47.375  7536  7566 D GeckoIdleService: Idle timer callback: tell observer 0x741bac71c8 user is idle
10-16 20:43:47.447  7492  7808 I BatteryMgr:DataCollectionService: stats => 1697481827447,277,4313,241,0,100
10-16 20:43:47.556  7492  7808 I BatteryMgr:DataCollectionService: stats => 1697481827556,277,4313,241,0,100
10-16 20:43:47.563  2479  2548 D ScanRecord: Not a Multi Manu data
10-16 20:43:47.620  2479  2548 I chatty  : uid=1002(bluetooth) BT Service Call identical 90 lines
10-16 20:43:47.621  2479  2548 D ScanRecord: Not a Multi Manu data
10-16 20:43:47.622  2479  2548 D BtGatt.GattService: onScanResult to scannerId: 5- event_type=0x1b, address_type=1, address=DB:9, primary_phy=1, secondary_phy=0, advertising_sid=0xff, tx_power=127, rssi=-92, periodic_adv_int=0x0
10-16 20:43:47.625  2479  2548 D ScanRecord: Not a Multi Manu data
10-16 20:43:47.662  2479  2548 I chatty  : uid=1002(bluetooth) BT Service Call identical 100 lines
10-16 20:43:47.662  2479  2548 D ScanRecord: Not a Multi Manu data
10-16 20:43:47.666  7492  7808 I BatteryMgr:DataCollectionService: stats => 1697481827666,277,4313,241,0,100
10-16 20:43:47.675  2479  2548 D ScanRecord: Not a Multi Manu data
10-16 20:43:47.771  2479  2548 I chatty  : uid=1002(bluetooth) BT Service Call identical 154 lines
10-16 20:43:47.771  2479  2548 D ScanRecord: Not a Multi Manu data
10-16 20:43:47.774  7492  7808 I BatteryMgr:DataCollectionService: stats => 1697481827774,277,4313,241,0,100
10-16 20:43:47.781  2479  2548 D ScanRecord: Not a Multi Manu data
10-16 20:43:47.786  2479  2548 I chatty  : uid=1002(bluetooth) BT Service Call identical 24 lines
10-16 20:43:47.786  2479  2548 D ScanRecord: Not a Multi Manu data
10-16 20:43:47.786  3957  4030 D SensorService: [SO] 0.153 -0.091 9.950
10-16 20:43:47.808  2479  2548 D ScanRecord: Not a Multi Manu data
10-16 20:43:47.870  4961  4961 D io_stats: !@ 179,0 r 7155260 228725420 w 1511425 31612564 d 121983 32925520 f 352230 371199 iot 3122968 2735503 th 51200 0 0 pt 0 inp 0 0 451230.766
10-16 20:43:47.880  2479  2548 I chatty  : uid=1002(bluetooth) BT Service Call identical 167 lines
10-16 20:43:47.880  2479  2548 D ScanRecord: Not a Multi Manu data
10-16 20:43:47.882  7492  7808 I BatteryMgr:DataCollectionService: stats => 1697481827882,277,4313,241,0,100
10-16 20:43:47.897  2479  2548 D ScanRecord: Not a Multi Manu data
10-16 20:43:47.924  2479  2548 I chatty  : uid=1002(bluetooth) BT Service Call identical 63 lines
10-16 20:43:47.924  2479  2548 D ScanRecord: Not a Multi Manu data
10-16 20:43:47.951  3957  4128 D WifiService: getConnectionInfo uid=1000
10-16 20:43:47.953  2479  2548 D ScanRecord: Not a Multi Manu data
10-16 20:43:47.987  2479  2548 I chatty  : uid=1002(bluetooth) BT Service Call identical 37 lines
10-16 20:43:47.987  2479  2548 D ScanRecord: Not a Multi Manu data
10-16 20:43:47.990  7492  7808 I BatteryMgr:DataCollectionService: stats => 1697481827989,277,4313,241,0,100
10-16 20:43:47.996  2479  2548 D ScanRecord: Not a Multi Manu data
10-16 20:43:48.044  2479  2548 I chatty  : uid=1002(bluetooth) BT Service Call identical 115 lines
10-16 20:43:48.044  2479  2548 D ScanRecord: Not a Multi Manu data
10-16 20:43:48.098  7492  7808 I BatteryMgr:DataCollectionService: stats => 1697481828098,277,4313,241,0,100
10-16 20:43:48.204  7492  7808 I BatteryMgr:DataCollectionService: stats => 1697481828204,277,4313,241,0,100
10-16 20:43:48.264  3957  4129 D WifiStateMachine:  ConnectedState !RSSI_PKTCNT_FETCH uid=1000 rt=451231160/1144215641 0 0 "ourhome" f4:6d:2f:12:cc:88 rssi=-46 f=5240 sc=60 link=433 tx=307.1, 4.4, 0.0  rx=378.5 bcn=531575 [on:0 tx:0 rx:0 period:998] from screen [on:336663 period:1300871] score=60
10-16 20:43:48.265  3957  4129 D WifiStateMachine:  L2ConnectedState !RSSI_PKTCNT_FETCH uid=1000 rt=451231161/1144215642 0 0 "ourhome" f4:6d:2f:12:cc:88 rssi=-46 f=5240 sc=60 link=433 tx=307.1, 4.4, 0.0  rx=378.5 bcn=531575 [on:0 tx:0 rx:0 period:2] from screen [on:336663 period:1300873] score=60
10-16 20:43:48.267  3957  4129 D WifiStateMachine: fetchRssiLinkSpeedAndFrequencyNative rssi=-45 linkspeed=433 freq=5240
10-16 20:43:48.314  7492  7808 I BatteryMgr:DataCollectionService: stats => 1697481828314,277,4313,241,0,100
10-16 20:43:48.351  3957  4129 D WifiStateMachine:  ConnectedState !CMD_RSSI_POLL rt=451231247/1144215728 70 0 "ourhome" f4:6d:2f:12:cc:88 rssi=-45 f=5240 sc=60 link=433 tx=307.1, 4.4, 0.0  rx=378.5 bcn=531575 [on:0 tx:0 rx:0 period:86] from screen [on:336663 period:1300959] score=60
10-16 20:43:48.352  3957  4129 D WifiStateMachine:  L2ConnectedState !CMD_RSSI_POLL rt=451231249/1144215729 70 0 "ourhome" f4:6d:2f:12:cc:88 rssi=-45 f=5240 sc=60 link=433 tx=307.1, 4.4, 0.0  rx=378.5 bcn=531575 [on:0 tx:0 rx:0 period:1] from screen [on:336663 period:1300960] score=60
10-16 20:43:48.352  3957  4129 D WifiStateMachine:  get link layer stats 3
10-16 20:43:48.353  3436  3436 I android.hardware.wifi@1.0-service: getLinkLayerStats
10-16 20:43:48.370  3957  4129 D WifiStateMachine: fetchRssiLinkSpeedAndFrequencyNative rssi=-45 linkspeed=433 freq=5240
10-16 20:43:48.373  4340  4340 E SignalClusterView: setSlotFocusVisible : subId -2
10-16 20:43:48.373  4340  4340 E SignalClusterView: setSlotFocusVisible : subId -2
10-16 20:43:48.422  7492  7808 I BatteryMgr:DataCollectionService: stats => 1697481828422,277,4313,241,0,100
10-16 20:43:48.531  7492  7808 I BatteryMgr:DataCollectionService: stats => 1697481828531,277,4313,241,0,100
10-16 20:43:48.639  7492  7808 I BatteryMgr:DataCollectionService: stats => 1697481828639,277,4313,241,0,100
10-16 20:43:48.752  7492  7808 I BatteryMgr:DataCollectionService: stats => 1697481828752,277,4313,241,0,100
10-16 20:43:48.861  7492  7808 I BatteryMgr:DataCollectionService: stats => 1697481828861,277,4313,241,0,100
10-16 20:43:48.954  3957  4128 D WifiService: getConnectionInfo uid=1000
10-16 20:43:48.971  7492  7808 I BatteryMgr:DataCollectionService: stats => 1697481828971,277,4313,241,0,100
10-16 20:43:49.086  7492  7808 I BatteryMgr:DataCollectionService: stats => 1697481829085,277,4313,241,0,100
10-16 20:43:49.195  4340  4731 D NetworkController.MobileSignalController(0/-2): onSignalStrengthsChanged signalStrength=SignalStrength: 27 99 -27 -200 -27 -200 -1 99 2147483647 2147483647 2147483647 2147483647 0 2147483647 0x4 P gsm|lte level=4
10-16 20:43:49.195  4340  4731 D NetworkController.MobileSignalController(0/-2): getMobileIconGroup(): 0
10-16 20:43:49.198  7492  7808 I BatteryMgr:DataCollectionService: stats => 1697481829197,277,4313,241,0,100
10-16 20:43:49.266  3957  4129 D WifiStateMachine:  ConnectedState !RSSI_PKTCNT_FETCH uid=1000 rt=451232162/1144216642 0 0 "ourhome" f4:6d:2f:12:cc:88 rssi=-45 f=5240 sc=60 link=433 tx=203.7, 1.6, 0.0  rx=260.2 bcn=531604 [on:0 tx:0 rx:0 period:893] from screen [on:339432 period:1301874] score=60
10-16 20:43:49.269  3957  4129 D WifiStateMachine:  L2ConnectedState !RSSI_PKTCNT_FETCH uid=1000 rt=451232164/1144216645 0 0 "ourhome" f4:6d:2f:12:cc:88 rssi=-45 f=5240 sc=60 link=433 tx=203.7, 1.6, 0.0  rx=260.2 bcn=531604 [on:0 tx:0 rx:0 period:3] from screen [on:339432 period:1301877] score=60
10-16 20:43:49.275  3957  4129 D WifiStateMachine: fetchRssiLinkSpeedAndFrequencyNative rssi=-44 linkspeed=433 freq=5240
10-16 20:43:49.306  7492  7808 I BatteryMgr:DataCollectionService: stats => 1697481829306,277,4313,241,0,100
10-16 20:43:49.417  7492  7808 I BatteryMgr:DataCollectionService: stats => 1697481829416,277,4313,241,0,100
10-16 20:43:49.525  7492  7808 I BatteryMgr:DataCollectionService: stats => 1697481829525,277,4313,241,0,100
10-16 20:43:49.635  7492  7808 I BatteryMgr:DataCollectionService: stats => 1697481829635,277,4313,241,0,100
10-16 20:43:49.745  7492  7808 I BatteryMgr:DataCollectionService: stats => 1697481829745,277,4313,241,0,100
10-16 20:43:49.854  7492  7808 I BatteryMgr:DataCollectionService: stats => 1697481829854,277,4313,241,0,100
10-16 20:43:49.958  3957  4128 D WifiService: getConnectionInfo uid=1000
10-16 20:43:49.966  7492  7808 I BatteryMgr:DataCollectionService: stats => 1697481829966,277,4313,241,0,100
10-16 20:43:50.074  7492  7808 I BatteryMgr:DataCollectionService: stats => 1697481830074,-98,4313,-25,0,100
10-16 20:43:50.185  7492  7808 I BatteryMgr:DataCollectionService: stats => 1697481830185,-98,4313,-25,0,100
10-16 20:43:50.269  3957  4129 D WifiStateMachine:  ConnectedState !RSSI_PKTCNT_FETCH uid=1000 rt=451233163/1144217644 0 0 "ourhome" f4:6d:2f:12:cc:88 rssi=-44 f=5240 sc=60 link=433 tx=203.7, 1.6, 0.0  rx=260.2 bcn=531604 [on:0 tx:0 rx:0 period:1000] from screen [on:339432 period:1302877] score=60
10-16 20:43:50.275  3957  4129 D WifiStateMachine:  L2ConnectedState !RSSI_PKTCNT_FETCH uid=1000 rt=451233167/1144217648 0 0 "ourhome" f4:6d:2f:12:cc:88 rssi=-44 f=5240 sc=60 link=433 tx=203.7, 1.6, 0.0  rx=260.2 bcn=531604 [on:0 tx:0 rx:0 period:3] from screen [on:339432 period:1302880] score=60
10-16 20:43:50.276  3957  4129 D WifiStateMachine: fetchRssiLinkSpeedAndFrequencyNative rssi=-45 linkspeed=433 freq=5240
10-16 20:43:50.303  7492  7808 I BatteryMgr:DataCollectionService: stats => 1697481830302,-98,4313,-25,0,100
10-16 20:43:50.411  7492  7808 I BatteryMgr:DataCollectionService: stats => 1697481830411,-98,4313,-25,0,100
10-16 20:43:50.529  7492  7808 I BatteryMgr:DataCollectionService: stats => 1697481830529,-98,4313,-25,0,100
10-16 20:43:50.588  3957  4653 D BatteryService: !@BatteryListener : batteryPropertiesChanged!
10-16 20:43:50.637  7492  7808 I BatteryMgr:DataCollectionService: stats => 1697481830637,-98,4313,-25,0,100
10-16 20:43:50.747  7492  7808 I BatteryMgr:DataCollectionService: stats => 1697481830746,-98,4313,-25,0,100
10-16 20:43:50.868  7492  7808 I BatteryMgr:DataCollectionService: stats => 1697481830867,-98,4313,-25,0,100
10-16 20:43:50.959  3957  4128 D WifiService: getConnectionInfo uid=1000
10-16 20:43:50.975  7492  7808 I BatteryMgr:DataCollectionService: stats => 1697481830975,-98,4313,-25,0,100
10-16 20:43:51.083  7492  7808 I BatteryMgr:DataCollectionService: stats => 1697481831083,-98,4313,-25,0,100
10-16 20:43:51.190  7492  7808 I BatteryMgr:DataCollectionService: stats => 1697481831190,-98,4313,-25,0,100
10-16 20:43:51.268  3957  4129 D WifiStateMachine:  ConnectedState !RSSI_PKTCNT_FETCH uid=1000 rt=451234164/1144218645 0 0 "ourhome" f4:6d:2f:12:cc:88 rssi=-45 f=5240 sc=60 link=433 tx=203.7, 1.6, 0.0  rx=260.2 bcn=531604 [on:0 tx:0 rx:0 period:996] from screen [on:339432 period:1303876] score=60
10-16 20:43:51.269  3957  4129 D WifiStateMachine:  L2ConnectedState !RSSI_PKTCNT_FETCH uid=1000 rt=451234165/1144218646 0 0 "ourhome" f4:6d:2f:12:cc:88 rssi=-45 f=5240 sc=60 link=433 tx=203.7, 1.6, 0.0  rx=260.2 bcn=531604 [on:0 tx:0 rx:0 period:1] from screen [on:339432 period:1303877] score=60
10-16 20:43:51.270  3957  4129 D WifiStateMachine: fetchRssiLinkSpeedAndFrequencyNative rssi=-51 linkspeed=433 freq=5240
10-16 20:43:51.303  7492  7808 I BatteryMgr:DataCollectionService: stats => 1697481831302,-98,4313,-25,0,100
10-16 20:43:51.349  3957  4306 D WifiConnectivityMonitor:  [|210] []
10-16 20:43:51.375  3957  4129 D WifiStateMachine:  ConnectedState !CMD_RSSI_POLL rt=451234269/1144218749 70 0 "ourhome" f4:6d:2f:12:cc:88 rssi=-51 f=5240 sc=60 link=433 tx=203.7, 1.6, 0.0  rx=260.2 bcn=531604 [on:0 tx:0 rx:0 period:104] from screen [on:339432 period:1303981] score=60
10-16 20:43:51.384  3957  4129 D WifiStateMachine:  L2ConnectedState !CMD_RSSI_POLL rt=451234274/1144218754 70 0 "ourhome" f4:6d:2f:12:cc:88 rssi=-51 f=5240 sc=60 link=433 tx=203.7, 1.6, 0.0  rx=260.2 bcn=531604 [on:0 tx:0 rx:0 period:9] from screen [on:339432 period:1303990] score=60
10-16 20:43:51.385  3957  4129 D WifiStateMachine:  get link layer stats 3
10-16 20:43:51.387  3436  3436 I android.hardware.wifi@1.0-service: getLinkLayerStats
10-16 20:43:51.392  3957  4129 D WifiStateMachine: fetchRssiLinkSpeedAndFrequencyNative rssi=-50 linkspeed=433 freq=5240
10-16 20:43:51.403  4340  4340 E SignalClusterView: setSlotFocusVisible : subId -2
10-16 20:43:51.403  4340  4340 E SignalClusterView: setSlotFocusVisible : subId -2
10-16 20:43:51.418  7492  7808 I BatteryMgr:DataCollectionService: stats => 1697481831417,-98,4313,-25,0,100
10-16 20:43:51.528  7492  7808 I BatteryMgr:DataCollectionService: stats => 1697481831528,-98,4313,-25,0,100
10-16 20:43:51.641  7492  7808 I BatteryMgr:DataCollectionService: stats => 1697481831640,-98,4313,-25,0,100
10-16 20:43:51.748  7492  7808 I BatteryMgr:DataCollectionService: stats => 1697481831748,-98,4313,-25,0,100
10-16 20:43:51.855  7492  7808 I BatteryMgr:DataCollectionService: stats => 1697481831855,-98,4313,-25,0,100
10-16 20:43:51.961  3957  4128 D WifiService: getConnectionInfo uid=1000
10-16 20:43:51.967  7492  7808 I BatteryMgr:DataCollectionService: stats => 1697481831967,-98,4313,-25,0,100
10-16 20:43:52.074  7492  7808 I BatteryMgr:DataCollectionService: stats => 1697481832074,-98,4313,-25,0,100
10-16 20:43:52.184  7492  7808 I BatteryMgr:DataCollectionService: stats => 1697481832184,-98,4313,-25,0,100
10-16 20:43:52.269  3957  4129 D WifiStateMachine:  ConnectedState !RSSI_PKTCNT_FETCH uid=1000 rt=451235165/1144219646 0 0 "ourhome" f4:6d:2f:12:cc:88 rssi=-50 f=5240 sc=60 link=433 tx=81.3, 0.6, 0.0  rx=119.0 bcn=531631 [on:0 tx:0 rx:0 period:871] from screen [on:340187 period:1304877] score=60
10-16 20:43:52.270  3957  4129 D WifiStateMachine:  L2ConnectedState !RSSI_PKTCNT_FETCH uid=1000 rt=451235167/1144219647 0 0 "ourhome" f4:6d:2f:12:cc:88 rssi=-50 f=5240 sc=60 link=433 tx=81.3, 0.6, 0.0  rx=119.0 bcn=531631 [on:0 tx:0 rx:0 period:1] from screen [on:340187 period:1304878] score=60
10-16 20:43:52.276  3957  4129 D WifiStateMachine: fetchRssiLinkSpeedAndFrequencyNative rssi=-45 linkspeed=433 freq=5240
10-16 20:43:52.292  7492  7808 I BatteryMgr:DataCollectionService: stats => 1697481832292,-98,4313,-25,0,100
10-16 20:43:52.400  7492  7808 I BatteryMgr:DataCollectionService: stats => 1697481832400,-98,4313,-25,0,100
10-16 20:43:52.508  7492  7808 I BatteryMgr:DataCollectionService: stats => 1697481832508,-98,4313,-25,0,100
10-16 20:43:52.563  2479  2548 D ScanRecord: Not a Multi Manu data
10-16 20:43:52.618  2479  2548 I chatty  : uid=1002(bluetooth) BT Service Call identical 128 lines
10-16 20:43:52.618  2479  2548 D ScanRecord: Not a Multi Manu data
10-16 20:43:52.619  7492  7808 I BatteryMgr:DataCollectionService: stats => 1697481832618,-98,4313,-25,0,100
10-16 20:43:52.621  2479  2548 D ScanRecord: Not a Multi Manu data
10-16 20:43:52.729  2479  2548 I chatty  : uid=1002(bluetooth) BT Service Call identical 275 lines
10-16 20:43:52.729  7492  7808 I BatteryMgr:DataCollectionService: stats => 1697481832729,-98,4313,-25,0,100
10-16 20:43:52.729  2479  2548 D ScanRecord: Not a Multi Manu data
10-16 20:43:52.729  2479  2548 D ScanRecord: Not a Multi Manu data
10-16 20:43:52.808  3957  6478 D SSRM:k  : SIOP:: AP = 400, PST = 348 (W:10), BAT = 282, USB = 0, CHG = 0
10-16 20:43:52.822  2479  2548 I chatty  : uid=1002(bluetooth) BT Service Call identical 267 lines
10-16 20:43:52.822  2479  2548 D ScanRecord: Not a Multi Manu data
10-16 20:43:52.823  3957  6478 D WifiService: getConnectionInfo uid=1000
10-16 20:43:52.825  2479  2548 D ScanRecord: Not a Multi Manu data
10-16 20:43:52.840  2479  2548 I chatty  : uid=1002(bluetooth) BT Service Call identical 37 lines
10-16 20:43:52.840  2479  2548 D ScanRecord: Not a Multi Manu data
10-16 20:43:52.840  7492  7808 I BatteryMgr:DataCollectionService: stats => 1697481832840,-98,4313,-25,0,100
10-16 20:43:52.853  2479  2548 D ScanRecord: Not a Multi Manu data
10-16 20:43:52.872  4961  4961 D io_stats: !@ 179,0 r 7155556 228739416 w 1511556 31615088 d 121998 32926524 f 352231 371200 iot 3123188 2735681 th 51200 0 0 pt 0 inp 0 0 451235.769
10-16 20:43:52.935  2479  2548 I chatty  : uid=1002(bluetooth) BT Service Call identical 193 lines
10-16 20:43:52.935  2479  2548 D ScanRecord: Not a Multi Manu data
10-16 20:43:52.954  7492  7808 I BatteryMgr:DataCollectionService: stats => 1697481832954,-98,4313,-25,0,100
10-16 20:43:52.958  2479  2548 D ScanRecord: Not a Multi Manu data
10-16 20:43:52.963  2479  2548 I chatty  : uid=1002(bluetooth) BT Service Call identical 13 lines
10-16 20:43:52.963  2479  2548 D ScanRecord: Not a Multi Manu data
10-16 20:43:52.964  3957  4128 D WifiService: getConnectionInfo uid=1000
10-16 20:43:52.964  2479  2548 D ScanRecord: Not a Multi Manu data
10-16 20:43:53.042  2479  2548 I chatty  : uid=1002(bluetooth) BT Service Call identical 217 lines
10-16 20:43:53.042  2479  2548 D ScanRecord: Not a Multi Manu data
10-16 20:43:53.061  7492  7808 I BatteryMgr:DataCollectionService: stats => 1697481833061,-98,4313,-25,0,100
10-16 20:43:53.102  7688  7773 V Surface : sf_framedrop debug : 0x4f4c, game : false, logging : 0
10-16 20:43:53.104  7688  7773 D mali_winsys: EGLint new_window_surface(egl_winsys_display *, void *, EGLSurface, EGLConfig, egl_winsys_surface **, egl_color_buffer_format *, EGLBoolean) returns 0x3000,  [372x514]-format:1
10-16 20:43:53.173  7492  7808 I BatteryMgr:DataCollectionService: stats => 1697481833172,-98,4313,-25,0,100
10-16 20:43:53.269  7688  7773 V Surface : sf_framedrop debug : 0x4f4c, game : false, logging : 0
10-16 20:43:53.270  7688  7773 D mali_winsys: EGLint new_window_surface(egl_winsys_display *, void *, EGLSurface, EGLConfig, egl_winsys_surface **, egl_color_buffer_format *, EGLBoolean) returns 0x3000,  [372x514]-format:1
10-16 20:43:53.276  3957  4129 D WifiStateMachine:  ConnectedState !RSSI_PKTCNT_FETCH uid=1000 rt=451236166/1144220647 0 0 "ourhome" f4:6d:2f:12:cc:88 rssi=-45 f=5240 sc=60 link=433 tx=81.3, 0.6, 0.0  rx=119.0 bcn=531631 [on:0 tx:0 rx:0 period:1005] from screen [on:340187 period:1305883] score=60
10-16 20:43:53.278  3957  4129 D WifiStateMachine:  L2ConnectedState !RSSI_PKTCNT_FETCH uid=1000 rt=451236174/1144220654 0 0 "ourhome" f4:6d:2f:12:cc:88 rssi=-45 f=5240 sc=60 link=433 tx=81.3, 0.6, 0.0  rx=119.0 bcn=531631 [on:0 tx:0 rx:0 period:3] from screen [on:340187 period:1305886] score=60
10-16 20:43:53.284  3957  4129 D WifiStateMachine: fetchRssiLinkSpeedAndFrequencyNative rssi=-44 linkspeed=433 freq=5240
10-16 20:43:53.285  7492  7808 I BatteryMgr:DataCollectionService: stats => 1697481833285,-98,4313,-25,0,100
10-16 20:43:53.393  7492  7808 I BatteryMgr:DataCollectionService: stats => 1697481833393,-98,4313,-25,0,100
10-16 20:43:53.418  7688  7773 V Surface : sf_framedrop debug : 0x4f4c, game : false, logging : 0
10-16 20:43:53.419  7688  7773 D mali_winsys: EGLint new_window_surface(egl_winsys_display *, void *, EGLSurface, EGLConfig, egl_winsys_surface **, egl_color_buffer_format *, EGLBoolean) returns 0x3000,  [372x514]-format:1
10-16 20:43:53.503  7688  7773 V Surface : sf_framedrop debug : 0x4f4c, game : false, logging : 0
10-16 20:43:53.504  7688  7773 D mali_winsys: EGLint new_window_surface(egl_winsys_display *, void *, EGLSurface, EGLConfig, egl_winsys_surface **, egl_color_buffer_format *, EGLBoolean) returns 0x3000,  [372x514]-format:1
10-16 20:43:53.505  7492  7808 I BatteryMgr:DataCollectionService: stats => 1697481833505,-98,4313,-25,0,100
10-16 20:43:53.613  7492  7808 I BatteryMgr:DataCollectionService: stats => 1697481833613,-98,4313,-25,0,100
10-16 20:43:53.721  7492  7808 I BatteryMgr:DataCollectionService: stats => 1697481833721,-98,4313,-25,0,100
10-16 20:43:53.830  7492  7808 I BatteryMgr:DataCollectionService: stats => 1697481833830,-98,4313,-25,0,100
10-16 20:43:53.940  7492  7808 I BatteryMgr:DataCollectionService: stats => 1697481833940,-98,4313,-25,0,100
10-16 20:43:53.966  3957  4128 D WifiService: getConnectionInfo uid=1000
10-16 20:43:54.048  7492  7808 I BatteryMgr:DataCollectionService: stats => 1697481834047,-98,4313,-25,0,100
10-16 20:43:54.155  7492  7808 I BatteryMgr:DataCollectionService: stats => 1697481834155,-98,4313,-25,0,100
10-16 20:43:54.262  7492  7808 I BatteryMgr:DataCollectionService: stats => 1697481834262,-98,4313,-25,0,100
10-16 20:43:54.271  3957  4129 D WifiStateMachine:  ConnectedState !RSSI_PKTCNT_FETCH uid=1000 rt=451237168/1144221648 0 0 "ourhome" f4:6d:2f:12:cc:88 rssi=-44 f=5240 sc=60 link=433 tx=81.3, 0.6, 0.0  rx=119.0 bcn=531631 [on:0 tx:0 rx:0 period:993] from screen [on:340187 period:1306879] score=60
10-16 20:43:54.272  3957  4129 D WifiStateMachine:  L2ConnectedState !RSSI_PKTCNT_FETCH uid=1000 rt=451237169/1144221650 0 0 "ourhome" f4:6d:2f:12:cc:88 rssi=-44 f=5240 sc=60 link=433 tx=81.3, 0.6, 0.0  rx=119.0 bcn=531631 [on:0 tx:0 rx:0 period:1] from screen [on:340187 period:1306880] score=60
10-16 20:43:54.278  3957  4129 D WifiStateMachine: fetchRssiLinkSpeedAndFrequencyNative rssi=-45 linkspeed=433 freq=5240
10-16 20:43:54.322  4340  4731 D NetworkController.MobileSignalController(0/-2): onSignalStrengthsChanged signalStrength=SignalStrength: 26 99 -26 -200 -26 -200 -1 99 2147483647 2147483647 2147483647 2147483647 0 2147483647 0x4 P gsm|lte level=4
10-16 20:43:54.323  4340  4731 D NetworkController.MobileSignalController(0/-2): getMobileIconGroup(): 0
10-16 20:43:54.370  7492  7808 I BatteryMgr:DataCollectionService: stats => 1697481834369,-98,4313,-25,0,100
10-16 20:43:54.394  3957  4129 D WifiStateMachine:  ConnectedState !CMD_RSSI_POLL rt=451237291/1144221771 70 0 "ourhome" f4:6d:2f:12:cc:88 rssi=-45 f=5240 sc=60 link=433 tx=81.3, 0.6, 0.0  rx=119.0 bcn=531631 [on:0 tx:0 rx:0 period:122] from screen [on:340187 period:1307002] score=60
10-16 20:43:54.395  3957  4129 D WifiStateMachine:  L2ConnectedState !CMD_RSSI_POLL rt=451237292/1144221773 70 0 "ourhome" f4:6d:2f:12:cc:88 rssi=-45 f=5240 sc=60 link=433 tx=81.3, 0.6, 0.0  rx=119.0 bcn=531631 [on:0 tx:0 rx:0 period:1] from screen [on:340187 period:1307003] score=60
10-16 20:43:54.395  3957  4129 D WifiStateMachine:  get link layer stats 3
10-16 20:43:54.396  3436  3436 I android.hardware.wifi@1.0-service: getLinkLayerStats
10-16 20:43:54.413  3957  4129 D WifiStateMachine: fetchRssiLinkSpeedAndFrequencyNative rssi=-45 linkspeed=433 freq=5240
10-16 20:43:54.417  4340  4340 E SignalClusterView: setSlotFocusVisible : subId -2
10-16 20:43:54.417  4340  4340 E SignalClusterView: setSlotFocusVisible : subId -2
10-16 20:43:54.477  7492  7808 I BatteryMgr:DataCollectionService: stats => 1697481834477,-98,4313,-25,0,100
10-16 20:43:54.587  7492  7808 I BatteryMgr:DataCollectionService: stats => 1697481834587,-98,4313,-25,0,100
10-16 20:43:54.696  7492  7808 I BatteryMgr:DataCollectionService: stats => 1697481834696,-98,4313,-25,0,100
10-16 20:43:54.804  7492  7808 I BatteryMgr:DataCollectionService: stats => 1697481834804,-98,4313,-25,0,100
10-16 20:43:54.911  7492  7808 I BatteryMgr:DataCollectionService: stats => 1697481834911,-98,4313,-25,0,100
10-16 20:43:54.969  3957  4128 D WifiService: getConnectionInfo uid=1000
10-16 20:43:55.020  7492  7808 I BatteryMgr:DataCollectionService: stats => 1697481835020,-98,4313,-25,0,100
10-16 20:43:55.128  7492  7808 I BatteryMgr:DataCollectionService: stats => 1697481835128,-98,4313,-25,0,100
10-16 20:43:55.236  7492  7808 I BatteryMgr:DataCollectionService: stats => 1697481835236,-98,4313,-25,0,100
10-16 20:43:55.272  3957  4129 D WifiStateMachine:  ConnectedState !RSSI_PKTCNT_FETCH uid=1000 rt=451238168/1144222649 0 0 "ourhome" f4:6d:2f:12:cc:88 rssi=-45 f=5240 sc=60 link=433 tx=33.5, 0.2, 0.0  rx=46.1 bcn=531655 [on:0 tx:0 rx:0 period:855] from screen [on:342206 period:1307880] score=60
10-16 20:43:55.274  3957  4129 D WifiStateMachine:  L2ConnectedState !RSSI_PKTCNT_FETCH uid=1000 rt=451238170/1144222650 0 0 "ourhome" f4:6d:2f:12:cc:88 rssi=-45 f=5240 sc=60 link=433 tx=33.5, 0.2, 0.0  rx=46.1 bcn=531655 [on:0 tx:0 rx:0 period:2] from screen [on:342206 period:1307882] score=60
10-16 20:43:55.275  3957  4129 D WifiStateMachine: fetchRssiLinkSpeedAndFrequencyNative rssi=-44 linkspeed=433 freq=5240
10-16 20:43:55.344  7492  7808 I BatteryMgr:DataCollectionService: stats => 1697481835344,-98,4313,-25,0,100
10-16 20:43:55.452  7492  7808 I BatteryMgr:DataCollectionService: stats => 1697481835452,-98,4313,-25,0,100
10-16 20:43:55.560  7492  7808 I BatteryMgr:DataCollectionService: stats => 1697481835560,-98,4313,-25,0,100
10-16 20:43:55.667  7492  7808 I BatteryMgr:DataCollectionService: stats => 1697481835667,-98,4313,-25,0,100
10-16 20:43:55.776  7492  7808 I BatteryMgr:DataCollectionService: stats => 1697481835776,-98,4313,-25,0,100
10-16 20:43:55.884  7492  7808 I BatteryMgr:DataCollectionService: stats => 1697481835884,-98,4313,-25,0,100
10-16 20:43:55.969  3957  4128 D WifiService: getConnectionInfo uid=1000
10-16 20:43:55.991  7492  7808 I BatteryMgr:DataCollectionService: stats => 1697481835991,-98,4313,-25,0,100
10-16 20:43:56.098  7492  7808 I BatteryMgr:DataCollectionService: stats => 1697481836098,-98,4313,-25,0,100
10-16 20:43:56.206  7492  7808 I BatteryMgr:DataCollectionService: stats => 1697481836206,-98,4313,-25,0,100
10-16 20:43:56.273  3957  4129 D WifiStateMachine:  ConnectedState !RSSI_PKTCNT_FETCH uid=1000 rt=451239170/1144223650 0 0 "ourhome" f4:6d:2f:12:cc:88 rssi=-44 f=5240 sc=60 link=433 tx=33.5, 0.2, 0.0  rx=46.1 bcn=531655 [on:0 tx:0 rx:0 period:999] from screen [on:342206 period:1308881] score=60
10-16 20:43:56.274  3957  4129 D WifiStateMachine:  L2ConnectedState !RSSI_PKTCNT_FETCH uid=1000 rt=451239171/1144223651 0 0 "ourhome" f4:6d:2f:12:cc:88 rssi=-44 f=5240 sc=60 link=433 tx=33.5, 0.2, 0.0  rx=46.1 bcn=531655 [on:0 tx:0 rx:0 period:1] from screen [on:342206 period:1308882] score=60
10-16 20:43:56.280  3957  4129 D WifiStateMachine: fetchRssiLinkSpeedAndFrequencyNative rssi=-43 linkspeed=433 freq=5240
10-16 20:43:56.316  7492  7808 I BatteryMgr:DataCollectionService: stats => 1697481836315,-98,4313,-25,0,100
10-16 20:43:56.425  7492  7808 I BatteryMgr:DataCollectionService: stats => 1697481836425,-98,4313,-25,0,100
10-16 20:43:56.532  7492  7808 I BatteryMgr:DataCollectionService: stats => 1697481836531,-98,4313,-25,0,100
10-16 20:43:56.639  7492  7808 I BatteryMgr:DataCollectionService: stats => 1697481836639,-98,4313,-25,0,100
10-16 20:43:56.747  7492  7808 I BatteryMgr:DataCollectionService: stats => 1697481836747,-98,4313,-25,0,100
10-16 20:43:56.855  7492  7808 I BatteryMgr:DataCollectionService: stats => 1697481836855,-98,4313,-25,0,100
10-16 20:43:56.966  7492  7808 I BatteryMgr:DataCollectionService: stats => 1697481836966,-98,4313,-25,0,100
10-16 20:43:56.971  3957  4128 D WifiService: getConnectionInfo uid=1000
10-16 20:43:57.076  7492  7808 I BatteryMgr:DataCollectionService: stats => 1697481837076,-98,4313,-25,0,100
10-16 20:43:57.184  7492  7808 I BatteryMgr:DataCollectionService: stats => 1697481837184,-98,4313,-25,0,100
10-16 20:43:57.275  3957  4129 D WifiStateMachine:  ConnectedState !RSSI_PKTCNT_FETCH uid=1000 rt=451240171/1144224652 0 0 "ourhome" f4:6d:2f:12:cc:88 rssi=-43 f=5240 sc=60 link=433 tx=33.5, 0.2, 0.0  rx=46.1 bcn=531655 [on:0 tx:0 rx:0 period:1001] from screen [on:342206 period:1309883] score=60
10-16 20:43:57.277  3957  4129 D WifiStateMachine:  L2ConnectedState !RSSI_PKTCNT_FETCH uid=1000 rt=451240173/1144224653 0 0 "ourhome" f4:6d:2f:12:cc:88 rssi=-43 f=5240 sc=60 link=433 tx=33.5, 0.2, 0.0  rx=46.1 bcn=531655 [on:0 tx:0 rx:0 period:1] from screen [on:342206 period:1309884] score=60
