10-16 20:38:19.806  3957  4129 D WifiStateMachine:  L2ConnectedState !RSSI_PKTCNT_FETCH uid=1000 rt=450902703/1143887183 0 0 "ourhome" f4:6d:2f:12:cc:88 rssi=-40 f=5240 sc=60 link=433 tx=0.6, 0.0, 0.0  rx=5.7 bcn=528698 [on:0 tx:0 rx:0 period:0] from screen [on:288444 period:972413] score=60
10-16 20:38:19.808  3957  4129 D WifiStateMachine: fetchRssiLinkSpeedAndFrequencyNative rssi=-40 linkspeed=433 freq=5240
10-16 20:38:19.845  6748  7056 I BatteryMgr:DataCollectionService: stats => 1697481499845,-17,4313,-12,0,100
10-16 20:38:19.952  6748  7056 I BatteryMgr:DataCollectionService: stats => 1697481499952,-17,4313,-12,0,100
10-16 20:38:20.056  3957  4128 D WifiService: getConnectionInfo uid=1000
10-16 20:38:20.058  6748  7056 I BatteryMgr:DataCollectionService: stats => 1697481500058,-17,4313,-12,0,100
10-16 20:38:20.163  6748  7056 I BatteryMgr:DataCollectionService: stats => 1697481500163,-17,4313,-12,0,100
10-16 20:38:20.267  6748  7056 I BatteryMgr:DataCollectionService: stats => 1697481500267,-17,4313,-12,0,100
10-16 20:38:20.374  6748  7056 I BatteryMgr:DataCollectionService: stats => 1697481500373,-17,4313,-12,0,100
10-16 20:38:20.479  6748  7056 I BatteryMgr:DataCollectionService: stats => 1697481500479,-17,4313,-12,0,100
10-16 20:38:20.583  6748  7056 I BatteryMgr:DataCollectionService: stats => 1697481500583,-17,4313,-12,0,100
10-16 20:38:20.688  6748  7056 I BatteryMgr:DataCollectionService: stats => 1697481500688,-17,4313,-12,0,100
10-16 20:38:20.792  6748  7056 I BatteryMgr:DataCollectionService: stats => 1697481500792,-17,4313,-12,0,100
10-16 20:38:20.806  3957  4129 D WifiStateMachine:  ConnectedState !RSSI_PKTCNT_FETCH uid=1000 rt=450903703/1143888183 0 0 "ourhome" f4:6d:2f:12:cc:88 rssi=-40 f=5240 sc=60 link=433 tx=0.6, 0.0, 0.0  rx=5.7 bcn=528698 [on:0 tx:0 rx:0 period:1001] from screen [on:288444 period:973414] score=60
10-16 20:38:20.807  3957  4129 D WifiStateMachine:  L2ConnectedState !RSSI_PKTCNT_FETCH uid=1000 rt=450903704/1143888185 0 0 "ourhome" f4:6d:2f:12:cc:88 rssi=-40 f=5240 sc=60 link=433 tx=0.6, 0.0, 0.0  rx=5.7 bcn=528698 [on:0 tx:0 rx:0 period:1] from screen [on:288444 period:973415] score=60
10-16 20:38:20.813  3957  4129 D WifiStateMachine: fetchRssiLinkSpeedAndFrequencyNative rssi=-46 linkspeed=433 freq=5240
10-16 20:38:20.898  6748  7056 I BatteryMgr:DataCollectionService: stats => 1697481500898,-17,4313,-12,0,100
10-16 20:38:21.006  6748  7056 I BatteryMgr:DataCollectionService: stats => 1697481501006,-17,4313,-12,0,100
10-16 20:38:21.058  3957  4128 D WifiService: getConnectionInfo uid=1000
10-16 20:38:21.111  6748  7056 I BatteryMgr:DataCollectionService: stats => 1697481501111,-17,4313,-12,0,100
10-16 20:38:21.215  6748  7056 I BatteryMgr:DataCollectionService: stats => 1697481501215,-17,4313,-12,0,100
10-16 20:38:21.320  6748  7056 I BatteryMgr:DataCollectionService: stats => 1697481501320,-17,4313,-12,0,100
10-16 20:38:21.349  3957  6478 D SSRM:k  : SIOP:: AP = 430, PST = 424 (W:14), BAT = 282, USB = 0, CHG = 0
10-16 20:38:21.424  6748  7056 I BatteryMgr:DataCollectionService: stats => 1697481501424,-17,4313,-12,0,100
10-16 20:38:21.530  6748  7056 I BatteryMgr:DataCollectionService: stats => 1697481501530,-17,4313,-12,0,100
10-16 20:38:21.637  6748  7056 I BatteryMgr:DataCollectionService: stats => 1697481501637,-17,4313,-12,0,100
10-16 20:38:21.743  6748  7056 I BatteryMgr:DataCollectionService: stats => 1697481501743,-17,4313,-12,0,100
10-16 20:38:21.808  3957  4129 D WifiStateMachine:  ConnectedState !RSSI_PKTCNT_FETCH uid=1000 rt=450904705/1143889186 0 0 "ourhome" f4:6d:2f:12:cc:88 rssi=-46 f=5240 sc=60 link=433 tx=0.6, 0.0, 0.0  rx=5.7 bcn=528698 [on:0 tx:0 rx:0 period:1001] from screen [on:288444 period:974416] score=60
10-16 20:38:21.809  3957  4129 D WifiStateMachine:  L2ConnectedState !RSSI_PKTCNT_FETCH uid=1000 rt=450904706/1143889187 0 0 "ourhome" f4:6d:2f:12:cc:88 rssi=-46 f=5240 sc=60 link=433 tx=0.6, 0.0, 0.0  rx=5.7 bcn=528698 [on:0 tx:0 rx:0 period:1] from screen [on:288444 period:974417] score=60
10-16 20:38:21.814  3957  4129 D WifiStateMachine: fetchRssiLinkSpeedAndFrequencyNative rssi=-42 linkspeed=433 freq=5240
10-16 20:38:21.847  6748  7056 I BatteryMgr:DataCollectionService: stats => 1697481501847,-17,4313,-12,0,100
10-16 20:38:21.952  6748  7056 I BatteryMgr:DataCollectionService: stats => 1697481501952,-17,4313,-12,0,100
10-16 20:38:22.059  6748  7056 I BatteryMgr:DataCollectionService: stats => 1697481502059,-17,4313,-12,0,100
10-16 20:38:22.060  3957  4128 D WifiService: getConnectionInfo uid=1000
10-16 20:38:22.083  3957  4129 D WifiStateMachine:  ConnectedState !CMD_RSSI_POLL rt=450904980/1143889461 70 0 "ourhome" f4:6d:2f:12:cc:88 rssi=-42 f=5240 sc=60 link=433 tx=0.6, 0.0, 0.0  rx=5.7 bcn=528698 [on:0 tx:0 rx:0 period:274] from screen [on:288444 period:974691] score=60
10-16 20:38:22.084  3957  4129 D WifiStateMachine:  L2ConnectedState !CMD_RSSI_POLL rt=450904981/1143889462 70 0 "ourhome" f4:6d:2f:12:cc:88 rssi=-42 f=5240 sc=60 link=433 tx=0.6, 0.0, 0.0  rx=5.7 bcn=528698 [on:0 tx:0 rx:0 period:1] from screen [on:288444 period:974692] score=60
10-16 20:38:22.084  3957  4129 D WifiStateMachine:  get link layer stats 3
10-16 20:38:22.084  3436  3436 I android.hardware.wifi@1.0-service: getLinkLayerStats
10-16 20:38:22.102  3957  4129 D WifiStateMachine: fetchRssiLinkSpeedAndFrequencyNative rssi=-41 linkspeed=433 freq=5240
10-16 20:38:22.104  4340  4340 E SignalClusterView: setSlotFocusVisible : subId -2
10-16 20:38:22.104  4340  4340 E SignalClusterView: setSlotFocusVisible : subId -2
10-16 20:38:22.164  6748  7056 I BatteryMgr:DataCollectionService: stats => 1697481502164,-17,4313,-12,0,100
10-16 20:38:22.271  6748  7056 I BatteryMgr:DataCollectionService: stats => 1697481502271,-17,4313,-12,0,100
10-16 20:38:22.375  6748  7056 I BatteryMgr:DataCollectionService: stats => 1697481502375,-17,4313,-12,0,100
10-16 20:38:22.480  6748  7056 I BatteryMgr:DataCollectionService: stats => 1697481502480,-17,4313,-12,0,100
10-16 20:38:22.547  2479  2548 D ScanRecord: Not a Multi Manu data
10-16 20:38:22.578  2479  2548 I chatty  : uid=1002(bluetooth) BT Service Call identical 50 lines
10-16 20:38:22.578  2479  2548 D ScanRecord: Not a Multi Manu data
10-16 20:38:22.585  6748  7056 I BatteryMgr:DataCollectionService: stats => 1697481502585,-17,4313,-12,0,100
10-16 20:38:22.586  2479  2548 D ScanRecord: Not a Multi Manu data
10-16 20:38:22.641  4961  4961 D io_stats: !@ 179,0 r 7147731 228441604 w 1509824 31588916 d 121748 32920168 f 352003 370952 iot 3118864 2732001 th 51200 0 0 pt 0 inp 0 0 450905.538
10-16 20:38:22.690  2479  2548 I chatty  : uid=1002(bluetooth) BT Service Call identical 271 lines
10-16 20:38:22.690  2479  2548 D ScanRecord: Not a Multi Manu data
10-16 20:38:22.692  6748  7056 I BatteryMgr:DataCollectionService: stats => 1697481502692,-17,4313,-12,0,100
10-16 20:38:22.692  2479  2548 D ScanRecord: Not a Multi Manu data
10-16 20:38:22.791  2479  2548 I chatty  : uid=1002(bluetooth) BT Service Call identical 206 lines
10-16 20:38:22.792  2479  2548 D ScanRecord: Not a Multi Manu data
10-16 20:38:22.797  6748  7056 I BatteryMgr:DataCollectionService: stats => 1697481502797,-17,4313,-12,0,100
10-16 20:38:22.801  2479  2548 D ScanRecord: Not a Multi Manu data
10-16 20:38:22.807  2479  2548 I chatty  : uid=1002(bluetooth) BT Service Call identical 37 lines
10-16 20:38:22.807  2479  2548 D ScanRecord: Not a Multi Manu data
10-16 20:38:22.809  3957  4129 D WifiStateMachine:  ConnectedState !RSSI_PKTCNT_FETCH uid=1000 rt=450905706/1143890186 0 0 "ourhome" f4:6d:2f:12:cc:88 rssi=-41 f=5240 sc=60 link=433 tx=0.2, 0.0, 0.0  rx=12.2 bcn=528728 [on:0 tx:0 rx:0 period:705] from screen [on:288611 period:975417] score=60
10-16 20:38:22.810  2479  2548 D ScanRecord: Not a Multi Manu data
10-16 20:38:22.811  2479  2548 I chatty  : uid=1002(bluetooth) BT Service Call identical 11 lines
10-16 20:38:22.811  2479  2548 D ScanRecord: Not a Multi Manu data
10-16 20:38:22.811  3957  4129 D WifiStateMachine:  L2ConnectedState !RSSI_PKTCNT_FETCH uid=1000 rt=450905707/1143890188 0 0 "ourhome" f4:6d:2f:12:cc:88 rssi=-41 f=5240 sc=60 link=433 tx=0.2, 0.0, 0.0  rx=12.2 bcn=528728 [on:0 tx:0 rx:0 period:2] from screen [on:288611 period:975419] score=60
10-16 20:38:22.812  3957  4129 D WifiStateMachine: fetchRssiLinkSpeedAndFrequencyNative rssi=-42 linkspeed=433 freq=5240
10-16 20:38:22.815  2479  2548 D ScanRecord: Not a Multi Manu data
10-16 20:38:22.901  2479  2548 I chatty  : uid=1002(bluetooth) BT Service Call identical 271 lines
10-16 20:38:22.901  2479  2548 D ScanRecord: Not a Multi Manu data
10-16 20:38:22.901  6748  7056 I BatteryMgr:DataCollectionService: stats => 1697481502901,-17,4313,-12,0,100
10-16 20:38:22.904  2479  2548 D ScanRecord: Not a Multi Manu data
10-16 20:38:23.006  2479  2548 I chatty  : uid=1002(bluetooth) BT Service Call identical 232 lines
10-16 20:38:23.006  2479  2548 D ScanRecord: Not a Multi Manu data
10-16 20:38:23.007  6748  7056 I BatteryMgr:DataCollectionService: stats => 1697481503007,-17,4313,-12,0,100
10-16 20:38:23.008  2479  2548 D ScanRecord: Not a Multi Manu data
10-16 20:38:23.043  2479  2548 I chatty  : uid=1002(bluetooth) BT Service Call identical 76 lines
10-16 20:38:23.043  2479  2548 D ScanRecord: Not a Multi Manu data
10-16 20:38:23.061  3957  4128 D WifiService: getConnectionInfo uid=1000
10-16 20:38:23.111  6748  7056 I BatteryMgr:DataCollectionService: stats => 1697481503111,-17,4313,-12,0,100
10-16 20:38:23.217  6748  7056 I BatteryMgr:DataCollectionService: stats => 1697481503217,-17,4313,-12,0,100
10-16 20:38:23.321  6748  7056 I BatteryMgr:DataCollectionService: stats => 1697481503321,-17,4313,-12,0,100
10-16 20:38:23.426  6748  7056 I BatteryMgr:DataCollectionService: stats => 1697481503426,-17,4313,-12,0,100
10-16 20:38:23.533  6748  7056 I BatteryMgr:DataCollectionService: stats => 1697481503533,-17,4313,-12,0,100
10-16 20:38:23.637  6748  7056 I BatteryMgr:DataCollectionService: stats => 1697481503637,-17,4313,-12,0,100
10-16 20:38:23.742  6748  7056 I BatteryMgr:DataCollectionService: stats => 1697481503742,-17,4313,-12,0,100
10-16 20:38:23.811  3957  4129 D WifiStateMachine:  ConnectedState !RSSI_PKTCNT_FETCH uid=1000 rt=450906708/1143891189 0 0 "ourhome" f4:6d:2f:12:cc:88 rssi=-42 f=5240 sc=60 link=433 tx=0.2, 0.0, 0.0  rx=12.2 bcn=528728 [on:0 tx:0 rx:0 period:1000] from screen [on:288611 period:976419] score=60
10-16 20:38:23.813  3957  4129 D WifiStateMachine:  L2ConnectedState !RSSI_PKTCNT_FETCH uid=1000 rt=450906709/1143891190 0 0 "ourhome" f4:6d:2f:12:cc:88 rssi=-42 f=5240 sc=60 link=433 tx=0.2, 0.0, 0.0  rx=12.2 bcn=528728 [on:0 tx:0 rx:0 period:1] from screen [on:288611 period:976420] score=60
10-16 20:38:23.814  3957  4129 D WifiStateMachine: fetchRssiLinkSpeedAndFrequencyNative rssi=-45 linkspeed=433 freq=5240
10-16 20:38:23.846  6748  7056 I BatteryMgr:DataCollectionService: stats => 1697481503846,-17,4313,-12,0,100
10-16 20:38:23.952  6748  7056 I BatteryMgr:DataCollectionService: stats => 1697481503952,-17,4313,-12,0,100
10-16 20:38:24.057  6748  7056 I BatteryMgr:DataCollectionService: stats => 1697481504057,-17,4313,-12,0,100
10-16 20:38:24.063  3957  4128 D WifiService: getConnectionInfo uid=1000
10-16 20:38:24.162  6748  7056 I BatteryMgr:DataCollectionService: stats => 1697481504162,-17,4313,-12,0,100
10-16 20:38:24.268  6748  7056 I BatteryMgr:DataCollectionService: stats => 1697481504268,-17,4313,-12,0,100
10-16 20:38:24.374  6748  7056 I BatteryMgr:DataCollectionService: stats => 1697481504374,-17,4313,-12,0,100
10-16 20:38:24.479  6748  7056 I BatteryMgr:DataCollectionService: stats => 1697481504479,-17,4313,-12,0,100
10-16 20:38:24.583  6748  7056 I BatteryMgr:DataCollectionService: stats => 1697481504583,-17,4313,-12,0,100
10-16 20:38:24.687  6748  7056 I BatteryMgr:DataCollectionService: stats => 1697481504687,-17,4313,-12,0,100
10-16 20:38:24.793  6748  7056 I BatteryMgr:DataCollectionService: stats => 1697481504793,-17,4313,-12,0,100
10-16 20:38:24.813  3957  4129 D WifiStateMachine:  ConnectedState !RSSI_PKTCNT_FETCH uid=1000 rt=450907709/1143892190 0 0 "ourhome" f4:6d:2f:12:cc:88 rssi=-45 f=5240 sc=60 link=433 tx=0.2, 0.0, 0.0  rx=12.2 bcn=528728 [on:0 tx:0 rx:0 period:1000] from screen [on:288611 period:977420] score=60
10-16 20:38:24.813  3957  4129 D WifiStateMachine:  L2ConnectedState !RSSI_PKTCNT_FETCH uid=1000 rt=450907710/1143892191 0 0 "ourhome" f4:6d:2f:12:cc:88 rssi=-45 f=5240 sc=60 link=433 tx=0.2, 0.0, 0.0  rx=12.2 bcn=528728 [on:0 tx:0 rx:0 period:1] from screen [on:288611 period:977421] score=60
10-16 20:38:24.819  3957  4129 D WifiStateMachine: fetchRssiLinkSpeedAndFrequencyNative rssi=-44 linkspeed=433 freq=5240
10-16 20:38:24.897  6748  7056 I BatteryMgr:DataCollectionService: stats => 1697481504897,-17,4313,-12,0,100
10-16 20:38:25.003  6748  7056 I BatteryMgr:DataCollectionService: stats => 1697481505003,-17,4313,-12,0,100
10-16 20:38:25.065  3957  4128 D WifiService: getConnectionInfo uid=1000
10-16 20:38:25.104  3957  4129 D WifiStateMachine:  ConnectedState !CMD_RSSI_POLL rt=450908001/1143892481 70 0 "ourhome" f4:6d:2f:12:cc:88 rssi=-44 f=5240 sc=60 link=433 tx=0.2, 0.0, 0.0  rx=12.2 bcn=528728 [on:0 tx:0 rx:0 period:291] from screen [on:288611 period:977712] score=60
10-16 20:38:25.106  3957  4129 D WifiStateMachine:  L2ConnectedState !CMD_RSSI_POLL rt=450908002/1143892483 70 0 "ourhome" f4:6d:2f:12:cc:88 rssi=-44 f=5240 sc=60 link=433 tx=0.2, 0.0, 0.0  rx=12.2 bcn=528728 [on:0 tx:0 rx:0 period:1] from screen [on:288611 period:977713] score=60
10-16 20:38:25.106  3957  4129 D WifiStateMachine:  get link layer stats 3
10-16 20:38:25.106  3436  3436 I android.hardware.wifi@1.0-service: getLinkLayerStats
10-16 20:38:25.109  6748  7056 I BatteryMgr:DataCollectionService: stats => 1697481505109,-17,4313,-12,0,100
10-16 20:38:25.124  3957  4129 D WifiStateMachine: fetchRssiLinkSpeedAndFrequencyNative rssi=-42 linkspeed=433 freq=5240
10-16 20:38:25.127  4340  4340 E SignalClusterView: setSlotFocusVisible : subId -2
10-16 20:38:25.127  4340  4340 E SignalClusterView: setSlotFocusVisible : subId -2
10-16 20:38:25.214  6748  7056 I BatteryMgr:DataCollectionService: stats => 1697481505214,-17,4313,-12,0,100
10-16 20:38:25.318  6748  7056 I BatteryMgr:DataCollectionService: stats => 1697481505317,-17,4313,-12,0,100
10-16 20:38:25.424  6748  7056 I BatteryMgr:DataCollectionService: stats => 1697481505424,-17,4313,-12,0,100
10-16 20:38:25.529  6748  7056 I BatteryMgr:DataCollectionService: stats => 1697481505529,49,4313,19,0,100
10-16 20:38:25.633  6748  7056 I BatteryMgr:DataCollectionService: stats => 1697481505633,49,4313,19,0,100
10-16 20:38:25.737  6748  7056 I BatteryMgr:DataCollectionService: stats => 1697481505737,49,4313,19,0,100
10-16 20:38:25.814  3957  4129 D WifiStateMachine:  ConnectedState !RSSI_PKTCNT_FETCH uid=1000 rt=450908711/1143893192 0 0 "ourhome" f4:6d:2f:12:cc:88 rssi=-42 f=5240 sc=60 link=433 tx=0.7, 0.0, 0.0  rx=11.4 bcn=528754 [on:0 tx:0 rx:0 period:687] from screen [on:289373 period:978422] score=60
10-16 20:38:25.816  3957  4129 D WifiStateMachine:  L2ConnectedState !RSSI_PKTCNT_FETCH uid=1000 rt=450908712/1143893193 0 0 "ourhome" f4:6d:2f:12:cc:88 rssi=-42 f=5240 sc=60 link=433 tx=0.7, 0.0, 0.0  rx=11.4 bcn=528754 [on:0 tx:0 rx:0 period:1] from screen [on:289373 period:978423] score=60
10-16 20:38:25.821  3957  4129 D WifiStateMachine: fetchRssiLinkSpeedAndFrequencyNative rssi=-45 linkspeed=433 freq=5240
10-16 20:38:25.842  6748  7056 I BatteryMgr:DataCollectionService: stats => 1697481505842,49,4313,19,0,100
10-16 20:38:25.921  3957 12585 D BatteryService: !@BatteryListener : batteryPropertiesChanged!
10-16 20:38:25.948  6748  7056 I BatteryMgr:DataCollectionService: stats => 1697481505948,49,4313,19,0,100
10-16 20:38:26.054  6748  7056 I BatteryMgr:DataCollectionService: stats => 1697481506054,49,4313,19,0,100
10-16 20:38:26.067  3957  4128 D WifiService: getConnectionInfo uid=1000
10-16 20:38:26.159  6748  7056 I BatteryMgr:DataCollectionService: stats => 1697481506159,49,4313,19,0,100
10-16 20:38:26.265  6748  7056 I BatteryMgr:DataCollectionService: stats => 1697481506265,49,4313,19,0,100
10-16 20:38:26.373  6748  7056 I BatteryMgr:DataCollectionService: stats => 1697481506373,49,4313,19,0,100
10-16 20:38:26.479  6748  7056 I BatteryMgr:DataCollectionService: stats => 1697481506479,49,4313,19,0,100
10-16 20:38:26.584  6748  7056 I BatteryMgr:DataCollectionService: stats => 1697481506584,49,4313,19,0,100
10-16 20:38:26.689  6748  7056 I BatteryMgr:DataCollectionService: stats => 1697481506689,49,4313,19,0,100
10-16 20:38:26.796  6748  7056 I BatteryMgr:DataCollectionService: stats => 1697481506796,49,4313,19,0,100
10-16 20:38:26.815  3957  4129 D WifiStateMachine:  ConnectedState !RSSI_PKTCNT_FETCH uid=1000 rt=450909712/1143894193 0 0 "ourhome" f4:6d:2f:12:cc:88 rssi=-45 f=5240 sc=60 link=433 tx=0.7, 0.0, 0.0  rx=11.4 bcn=528754 [on:0 tx:0 rx:0 period:1000] from screen [on:289373 period:979423] score=60
10-16 20:38:26.816  3957  4129 D WifiStateMachine:  L2ConnectedState !RSSI_PKTCNT_FETCH uid=1000 rt=450909713/1143894194 0 0 "ourhome" f4:6d:2f:12:cc:88 rssi=-45 f=5240 sc=60 link=433 tx=0.7, 0.0, 0.0  rx=11.4 bcn=528754 [on:0 tx:0 rx:0 period:1] from screen [on:289373 period:979424] score=60
10-16 20:38:26.817  3957  4129 D WifiStateMachine: fetchRssiLinkSpeedAndFrequencyNative rssi=-45 linkspeed=433 freq=5240
10-16 20:38:26.902  6748  7056 I BatteryMgr:DataCollectionService: stats => 1697481506902,49,4313,19,0,100
10-16 20:38:27.007  6748  7056 I BatteryMgr:DataCollectionService: stats => 1697481507007,49,4313,19,0,100
10-16 20:38:27.068  3957  4128 D WifiService: getConnectionInfo uid=1000
10-16 20:38:27.113  6748  7056 I BatteryMgr:DataCollectionService: stats => 1697481507113,49,4313,19,0,100
10-16 20:38:27.177  6792  6803 I zygote64: Background concurrent copying GC freed 199818(5MB) AllocSpace objects, 0(0B) LOS objects, 50% free, 5MB/11MB, paused 2.838ms total 128.213ms
10-16 20:38:27.217  6748  7056 I BatteryMgr:DataCollectionService: stats => 1697481507217,49,4313,19,0,100
10-16 20:38:27.321  6748  7056 I BatteryMgr:DataCollectionService: stats => 1697481507321,49,4313,19,0,100
10-16 20:38:27.416  2495  2495 D BoundBrokerSvc: onUnbind: Intent { act=com.google.android.gms.safetynet.service.START pkg=com.google.android.gms }
10-16 20:38:27.424  6748  7056 I BatteryMgr:DataCollectionService: stats => 1697481507424,49,4313,19,0,100
10-16 20:38:27.532  6748  7056 I BatteryMgr:DataCollectionService: stats => 1697481507532,49,4313,19,0,100
10-16 20:38:27.545  2479  2548 D ScanRecord: Not a Multi Manu data
10-16 20:38:27.636  2479  2548 I chatty  : uid=1002(bluetooth) BT Service Call identical 141 lines
10-16 20:38:27.636  2479  2548 D ScanRecord: Not a Multi Manu data
10-16 20:38:27.636  6748  7056 I BatteryMgr:DataCollectionService: stats => 1697481507636,49,4313,19,0,100
10-16 20:38:27.643  4961  4961 D io_stats: !@ 179,0 r 7147731 228441604 w 1509840 31589132 d 121748 32920168 f 352004 370953 iot 3118864 2732004 th 51200 0 0 pt 0 inp 0 0 450910.540
10-16 20:38:27.645  2479  2548 D ScanRecord: Not a Multi Manu data
10-16 20:38:27.741  2479  2548 I chatty  : uid=1002(bluetooth) BT Service Call identical 154 lines
10-16 20:38:27.741  2479  2548 D ScanRecord: Not a Multi Manu data
10-16 20:38:27.741  6748  7056 I BatteryMgr:DataCollectionService: stats => 1697481507741,49,4313,19,0,100
10-16 20:38:27.745  2479  2548 D ScanRecord: Not a Multi Manu data
10-16 20:38:27.785  2479  2548 I chatty  : uid=1002(bluetooth) BT Service Call identical 94 lines
10-16 20:38:27.785  2479  2548 D ScanRecord: Not a Multi Manu data
10-16 20:38:27.785  2479  2548 D ScanRecord: Not a Multi Manu data
10-16 20:38:27.785  3957  4030 D SensorService: [SO] 0.144 -0.086 9.984
10-16 20:38:27.810  2479  2548 I chatty  : uid=1002(bluetooth) BT Service Call expire 45 lines
10-16 20:38:27.810  2479  2548 D ScanRecord: Not a Multi Manu data
10-16 20:38:27.816  3957  4129 D WifiStateMachine:  ConnectedState !RSSI_PKTCNT_FETCH uid=1000 rt=450910713/1143895194 0 0 "ourhome" f4:6d:2f:12:cc:88 rssi=-45 f=5240 sc=60 link=433 tx=0.7, 0.0, 0.0  rx=11.4 bcn=528754 [on:0 tx:0 rx:0 period:1000] from screen [on:289373 period:980424] score=60
10-16 20:38:27.817  3957  4129 D WifiStateMachine:  L2ConnectedState !RSSI_PKTCNT_FETCH uid=1000 rt=450910714/1143895195 0 0 "ourhome" f4:6d:2f:12:cc:88 rssi=-45 f=5240 sc=60 link=433 tx=0.7, 0.0, 0.0  rx=11.4 bcn=528754 [on:0 tx:0 rx:0 period:1] from screen [on:289373 period:980425] score=60
10-16 20:38:27.819  3957  4129 D WifiStateMachine: fetchRssiLinkSpeedAndFrequencyNative rssi=-45 linkspeed=433 freq=5240
10-16 20:38:27.826  2479  2548 D ScanRecord: Not a Multi Manu data
10-16 20:38:27.842  2479  2548 I chatty  : uid=1002(bluetooth) BT Service Call identical 50 lines
10-16 20:38:27.842  2479  2548 D ScanRecord: Not a Multi Manu data
10-16 20:38:27.848  6748  7056 I BatteryMgr:DataCollectionService: stats => 1697481507848,49,4313,19,0,100
10-16 20:38:27.849  2479  2548 D ScanRecord: Not a Multi Manu data
10-16 20:38:27.938  2479  2548 I chatty  : uid=1002(bluetooth) BT Service Call identical 167 lines
10-16 20:38:27.938  2479  2548 D ScanRecord: Not a Multi Manu data
10-16 20:38:27.953  6748  7056 I BatteryMgr:DataCollectionService: stats => 1697481507953,49,4313,19,0,100
10-16 20:38:27.969  2479  2548 D ScanRecord: Not a Multi Manu data
10-16 20:38:27.969  2479  2548 I chatty  : uid=1002(bluetooth) BT Service Call identical 12 lines
10-16 20:38:27.973  2479  2548 D ScanRecord: Not a Multi Manu data
10-16 20:38:27.974  2479  2548 D BtGatt.GattService: onScanResult to scannerId: 5- event_type=0x1b, address_type=1, address=AB:9, primary_phy=1, secondary_phy=0, advertising_sid=0xff, tx_power=127, rssi=-86, periodic_adv_int=0x0
10-16 20:38:27.974  2479  2548 D ScanRecord: Not a Multi Manu data
10-16 20:38:28.041  2479  2548 I chatty  : uid=1002(bluetooth) BT Service Call identical 139 lines
10-16 20:38:28.041  2479  2548 D ScanRecord: Not a Multi Manu data
10-16 20:38:28.056  6748  7056 I BatteryMgr:DataCollectionService: stats => 1697481508056,49,4313,19,0,100
10-16 20:38:28.070  3957  4128 D WifiService: getConnectionInfo uid=1000
10-16 20:38:28.125  3957  4129 D WifiStateMachine:  ConnectedState !CMD_RSSI_POLL rt=450911022/1143895503 70 0 "ourhome" f4:6d:2f:12:cc:88 rssi=-45 f=5240 sc=60 link=433 tx=0.7, 0.0, 0.0  rx=11.4 bcn=528754 [on:0 tx:0 rx:0 period:308] from screen [on:289373 period:980733] score=60
10-16 20:38:28.126  3957  4129 D WifiStateMachine:  L2ConnectedState !CMD_RSSI_POLL rt=450911023/1143895504 70 0 "ourhome" f4:6d:2f:12:cc:88 rssi=-45 f=5240 sc=60 link=433 tx=0.7, 0.0, 0.0  rx=11.4 bcn=528754 [on:0 tx:0 rx:0 period:1] from screen [on:289373 period:980734] score=60
10-16 20:38:28.127  3957  4129 D WifiStateMachine:  get link layer stats 3
10-16 20:38:28.127  3436  3436 I android.hardware.wifi@1.0-service: getLinkLayerStats
10-16 20:38:28.144  3957  4129 D WifiStateMachine: fetchRssiLinkSpeedAndFrequencyNative rssi=-43 linkspeed=433 freq=5240
10-16 20:38:28.147  4340  4340 E SignalClusterView: setSlotFocusVisible : subId -2
10-16 20:38:28.147  4340  4340 E SignalClusterView: setSlotFocusVisible : subId -2
10-16 20:38:28.161  6748  7056 I BatteryMgr:DataCollectionService: stats => 1697481508161,49,4313,19,0,100
10-16 20:38:28.266  6748  7056 I BatteryMgr:DataCollectionService: stats => 1697481508266,49,4313,19,0,100
10-16 20:38:28.373  6748  7056 I BatteryMgr:DataCollectionService: stats => 1697481508373,49,4313,19,0,100
10-16 20:38:28.477  6748  7056 I BatteryMgr:DataCollectionService: stats => 1697481508476,49,4313,19,0,100
10-16 20:38:28.581  6748  7056 I BatteryMgr:DataCollectionService: stats => 1697481508581,49,4313,19,0,100
10-16 20:38:28.686  6748  7056 I BatteryMgr:DataCollectionService: stats => 1697481508686,49,4313,19,0,100
10-16 20:38:28.790  6748  7056 I BatteryMgr:DataCollectionService: stats => 1697481508790,49,4313,19,0,100
10-16 20:38:28.817  3957  4129 D WifiStateMachine:  ConnectedState !RSSI_PKTCNT_FETCH uid=1000 rt=450911714/1143896195 0 0 "ourhome" f4:6d:2f:12:cc:88 rssi=-43 f=5240 sc=60 link=433 tx=0.3, 0.0, 0.0  rx=13.1 bcn=528783 [on:0 tx:0 rx:0 period:670] from screen [on:289889 period:981425] score=60
10-16 20:38:28.818  3957  4129 D WifiStateMachine:  L2ConnectedState !RSSI_PKTCNT_FETCH uid=1000 rt=450911715/1143896195 0 0 "ourhome" f4:6d:2f:12:cc:88 rssi=-43 f=5240 sc=60 link=433 tx=0.3, 0.0, 0.0  rx=13.1 bcn=528783 [on:0 tx:0 rx:0 period:1] from screen [on:289889 period:981426] score=60
10-16 20:38:28.820  3957  4129 D WifiStateMachine: fetchRssiLinkSpeedAndFrequencyNative rssi=-46 linkspeed=433 freq=5240
10-16 20:38:28.895  6748  7056 I BatteryMgr:DataCollectionService: stats => 1697481508895,49,4313,19,0,100
10-16 20:38:28.999  6748  7056 I BatteryMgr:DataCollectionService: stats => 1697481508999,49,4313,19,0,100
10-16 20:38:29.072  3957  4128 D WifiService: getConnectionInfo uid=1000
10-16 20:38:29.105  6748  7056 I BatteryMgr:DataCollectionService: stats => 1697481509105,49,4313,19,0,100
10-16 20:38:29.209  6748  7056 I BatteryMgr:DataCollectionService: stats => 1697481509209,49,4313,19,0,100
10-16 20:38:29.313  6748  7056 I BatteryMgr:DataCollectionService: stats => 1697481509313,49,4313,19,0,100
10-16 20:38:29.417  6748  7056 I BatteryMgr:DataCollectionService: stats => 1697481509417,49,4313,19,0,100
10-16 20:38:29.521  6748  7056 I BatteryMgr:DataCollectionService: stats => 1697481509521,49,4313,19,0,100
10-16 20:38:29.626  6748  7056 I BatteryMgr:DataCollectionService: stats => 1697481509626,49,4313,19,0,100
10-16 20:38:29.732  6748  7056 I BatteryMgr:DataCollectionService: stats => 1697481509732,49,4313,19,0,100
10-16 20:38:29.820  3957  4129 D WifiStateMachine:  ConnectedState !RSSI_PKTCNT_FETCH uid=1000 rt=450912716/1143897197 0 0 "ourhome" f4:6d:2f:12:cc:88 rssi=-46 f=5240 sc=60 link=433 tx=0.3, 0.0, 0.0  rx=13.1 bcn=528783 [on:0 tx:0 rx:0 period:1002] from screen [on:289889 period:982428] score=60
10-16 20:38:29.821  3957  4129 D WifiStateMachine:  L2ConnectedState !RSSI_PKTCNT_FETCH uid=1000 rt=450912718/1143897198 0 0 "ourhome" f4:6d:2f:12:cc:88 rssi=-46 f=5240 sc=60 link=433 tx=0.3, 0.0, 0.0  rx=13.1 bcn=528783 [on:0 tx:0 rx:0 period:1] from screen [on:289889 period:982429] score=60
10-16 20:38:29.827  3957  4129 D WifiStateMachine: fetchRssiLinkSpeedAndFrequencyNative rssi=-42 linkspeed=433 freq=5240
10-16 20:38:29.838  6748  7056 I BatteryMgr:DataCollectionService: stats => 1697481509838,49,4313,19,0,100
10-16 20:38:29.941  6748  7056 I BatteryMgr:DataCollectionService: stats => 1697481509941,49,4313,19,0,100
10-16 20:38:30.047  6748  7056 I BatteryMgr:DataCollectionService: stats => 1697481510047,49,4313,19,0,100
10-16 20:38:30.074  3957  4128 D WifiService: getConnectionInfo uid=1000
10-16 20:38:30.152  6748  7056 I BatteryMgr:DataCollectionService: stats => 1697481510152,49,4313,19,0,100
10-16 20:38:30.257  6748  7056 I BatteryMgr:DataCollectionService: stats => 1697481510257,49,4313,19,0,100
10-16 20:38:30.361  6748  7056 I BatteryMgr:DataCollectionService: stats => 1697481510361,49,4313,19,0,100
10-16 20:38:30.466  6748  7056 I BatteryMgr:DataCollectionService: stats => 1697481510466,49,4313,19,0,100
10-16 20:38:30.572  6748  7056 I BatteryMgr:DataCollectionService: stats => 1697481510572,49,4313,19,0,100
10-16 20:38:30.676  6748  7056 I BatteryMgr:DataCollectionService: stats => 1697481510675,49,4313,19,0,100
10-16 20:38:30.781  6748  7056 I BatteryMgr:DataCollectionService: stats => 1697481510781,49,4313,19,0,100
10-16 20:38:30.821  3957  4129 D WifiStateMachine:  ConnectedState !RSSI_PKTCNT_FETCH uid=1000 rt=450913717/1143898198 0 0 "ourhome" f4:6d:2f:12:cc:88 rssi=-42 f=5240 sc=60 link=433 tx=0.3, 0.0, 0.0  rx=13.1 bcn=528783 [on:0 tx:0 rx:0 period:1000] from screen [on:289889 period:983429] score=60
10-16 20:38:30.822  3957  4129 D WifiStateMachine:  L2ConnectedState !RSSI_PKTCNT_FETCH uid=1000 rt=450913719/1143898199 0 0 "ourhome" f4:6d:2f:12:cc:88 rssi=-42 f=5240 sc=60 link=433 tx=0.3, 0.0, 0.0  rx=13.1 bcn=528783 [on:0 tx:0 rx:0 period:1] from screen [on:289889 period:983430] score=60
10-16 20:38:30.828  3957  4129 D WifiStateMachine: fetchRssiLinkSpeedAndFrequencyNative rssi=-41 linkspeed=433 freq=5240
10-16 20:38:30.886  6748  7056 I BatteryMgr:DataCollectionService: stats => 1697481510886,49,4313,19,0,100
10-16 20:38:30.989  6748  7056 I BatteryMgr:DataCollectionService: stats => 1697481510989,49,4313,19,0,100
10-16 20:38:31.076  3957  4128 D WifiService: getConnectionInfo uid=1000
10-16 20:38:31.093  6748  7056 I BatteryMgr:DataCollectionService: stats => 1697481511093,49,4313,19,0,100
10-16 20:38:31.147  3957  4129 D WifiStateMachine:  ConnectedState !CMD_RSSI_POLL rt=450914044/1143898525 70 0 "ourhome" f4:6d:2f:12:cc:88 rssi=-41 f=5240 sc=60 link=433 tx=0.3, 0.0, 0.0  rx=13.1 bcn=528783 [on:0 tx:0 rx:0 period:325] from screen [on:289889 period:983755] score=60
10-16 20:38:31.149  3957  4129 D WifiStateMachine:  L2ConnectedState !CMD_RSSI_POLL rt=450914045/1143898526 70 0 "ourhome" f4:6d:2f:12:cc:88 rssi=-41 f=5240 sc=60 link=433 tx=0.3, 0.0, 0.0  rx=13.1 bcn=528783 [on:0 tx:0 rx:0 period:2] from screen [on:289889 period:983757] score=60
10-16 20:38:31.149  3957  4129 D WifiStateMachine:  get link layer stats 3
10-16 20:38:31.149  3436  3436 I android.hardware.wifi@1.0-service: getLinkLayerStats
10-16 20:38:31.167  3957  4129 D WifiStateMachine: fetchRssiLinkSpeedAndFrequencyNative rssi=-41 linkspeed=433 freq=5240
10-16 20:38:31.170  4340  4340 E SignalClusterView: setSlotFocusVisible : subId -2
10-16 20:38:31.170  4340  4340 E SignalClusterView: setSlotFocusVisible : subId -2
10-16 20:38:31.197  6748  7056 I BatteryMgr:DataCollectionService: stats => 1697481511197,49,4313,19,0,100
10-16 20:38:31.303  6748  7056 I BatteryMgr:DataCollectionService: stats => 1697481511303,49,4313,19,0,100
10-16 20:38:31.370  3957  6478 D SSRM:k  : SIOP:: AP = 430, PST = 429 (W:14), BAT = 282, USB = 0, CHG = 0
10-16 20:38:31.408  6748  7056 I BatteryMgr:DataCollectionService: stats => 1697481511408,49,4313,19,0,100
10-16 20:38:31.512  6748  7056 I BatteryMgr:DataCollectionService: stats => 1697481511512,49,4313,19,0,100
10-16 20:38:31.617  6748  7056 I BatteryMgr:DataCollectionService: stats => 1697481511617,49,4313,19,0,100
10-16 20:38:31.723  6748  7056 I BatteryMgr:DataCollectionService: stats => 1697481511723,49,4313,19,0,100
10-16 20:38:31.822  3957  4129 D WifiStateMachine:  ConnectedState !RSSI_PKTCNT_FETCH uid=1000 rt=450914718/1143899199 0 0 "ourhome" f4:6d:2f:12:cc:88 rssi=-41 f=5240 sc=60 link=433 tx=0.1, 0.0, 0.0  rx=9.9 bcn=528810 [on:0 tx:0 rx:0 period:652] from screen [on:290200 period:984429] score=60
10-16 20:38:31.823  3957  4129 D WifiStateMachine:  L2ConnectedState !RSSI_PKTCNT_FETCH uid=1000 rt=450914719/1143899200 0 0 "ourhome" f4:6d:2f:12:cc:88 rssi=-41 f=5240 sc=60 link=433 tx=0.1, 0.0, 0.0  rx=9.9 bcn=528810 [on:0 tx:0 rx:0 period:2] from screen [on:290200 period:984431] score=60
10-16 20:38:31.828  6748  7056 I BatteryMgr:DataCollectionService: stats => 1697481511828,49,4313,19,0,100
10-16 20:38:31.830  3957  4129 D WifiStateMachine: fetchRssiLinkSpeedAndFrequencyNative rssi=-41 linkspeed=433 freq=5240
10-16 20:38:31.933  6748  7056 I BatteryMgr:DataCollectionService: stats => 1697481511933,49,4313,19,0,100
10-16 20:38:32.038  3957  4055 I TLC_TIMA_PKM_initialize: initializing...
10-16 20:38:32.039  3957  4055 I TLC_TIMA_PKM_initialize: root = 0, root_strlen = 1
10-16 20:38:32.039  3957  4055 I TLC_TIMA_PKM_initialize: process = ffffffff00000000000000000000000a, process_strlen = 32
10-16 20:38:32.039  3957  4055 I TZ: mc_tlc_communication: input max_sendmsg_size = 262196
10-16 20:38:32.039  3957  4055 I TZ: mc_tlc_communication: input max_recvmsg_size = 262196
10-16 20:38:32.039  3957  4055 I TZ: mc_tlc_communication: root = 0, root_len = 1
10-16 20:38:32.039  3957  4055 I TZ: mc_tlc_communication: process = ffffffff00000000000000000000000a, process_strlen = 32
10-16 20:38:32.039  3957  4055 I TZ: mc_tlc_communication: aligned max_sendmsg_size = 262208
10-16 20:38:32.039  3957  4055 I TZ: mc_tlc_communication: aligned max_recvmsg_size = 262208
10-16 20:38:32.039  3957  4055 I TZ: mc_tlc_communication: device_id = 0x0
10-16 20:38:32.039  3957  4055 I TZ: mc_tlc_communication: tlc_open() was called
10-16 20:38:32.039  3957  4055 I TZ: mc_tlc_communication: Opening MobiCore device
10-16 20:38:32.039  3957  4055 I TeeSysClient: open mode set to: 0 [hardware/samsung_slsi/exynos7885/mobicore/ClientLib/src/common.cpp:343]
10-16 20:38:32.039  3957  4055 I TeeSysClient: driver version: v6.3 [hardware/samsung_slsi/exynos7885/mobicore/ClientLib/src/driver.cpp:71]
10-16 20:38:32.039  3957  4055 I TeeSysClient: driver open [hardware/samsung_slsi/exynos7885/mobicore/ClientLib/src/driver.cpp:84]
10-16 20:38:32.039  3957  4055 I TeeSysClient: Kinibi access granted by the driver [hardware/samsung_slsi/exynos7885/mobicore/ClientLib/src/common.cpp:217]
10-16 20:38:32.039  3957  4055 I TZ: mc_tlc_communication: Allocating message buffer for TCI
10-16 20:38:32.040  6748  7056 I BatteryMgr:DataCollectionService: stats => 1697481512040,49,4313,19,0,100
10-16 20:38:32.040  3957  4055 I TZ: mc_tlc_communication: Opening the session
10-16 20:38:32.053  3957  4055 I TZ: mc_tlc_communication: tlc_open() succeeded
10-16 20:38:32.053  3957  4055 E TLC_TIMA_PKM_initialize: tima_pkm : /system/etc/tima/kern_sec_info1
10-16 20:38:32.057  3957  4055 E TLC_TIMA_PKM_initialize: tima_pkm : /system/etc/tima/kern_sec_info2
10-16 20:38:32.060  3957  4055 E TLC_TIMA_PKM_initialize: tima_pkm : /system/etc/tima/kern_sec_info3
10-16 20:38:32.063  3957  4055 E TLC_TIMA_PKM_initialize: tima_pkm : /system/etc/tima/kern_sec_info4
10-16 20:38:32.067  3957  4055 E TLC_TIMA_PKM_initialize: tima_pkm : /system/etc/tima/kern_sec_info5
10-16 20:38:32.070  3957  4055 E TLC_TIMA_PKM_initialize: tima_pkm : /system/etc/tima/kern_sec_info6
10-16 20:38:32.073  3957  4055 E TLC_TIMA_PKM_initialize: tima_pkm : /system/etc/tima/kern_sec_info7
10-16 20:38:32.076  3957  4055 E TLC_TIMA_PKM_initialize: tima_pkm : /system/etc/tima/kern_sec_info8
10-16 20:38:32.078  3957  4128 D WifiService: getConnectionInfo uid=1000
10-16 20:38:32.089  3957  4055 I TLC_TIMA_PKM_initialize: Trustlet response is completed
10-16 20:38:32.146  6748  7056 I BatteryMgr:DataCollectionService: stats => 1697481512146,49,4313,19,0,100
10-16 20:38:32.252  6748  7056 I BatteryMgr:DataCollectionService: stats => 1697481512252,49,4313,19,0,100
10-16 20:38:32.357  6748  7056 I BatteryMgr:DataCollectionService: stats => 1697481512357,49,4313,19,0,100
10-16 20:38:32.461  6748  7056 I BatteryMgr:DataCollectionService: stats => 1697481512461,49,4313,19,0,100
10-16 20:38:32.545  2479  2548 D ScanRecord: Not a Multi Manu data
10-16 20:38:32.565  2479  2548 I chatty  : uid=1002(bluetooth) BT Service Call identical 69 lines
10-16 20:38:32.565  2479  2548 D ScanRecord: Not a Multi Manu data
10-16 20:38:32.565  6748  7056 I BatteryMgr:DataCollectionService: stats => 1697481512565,49,4313,19,0,100
10-16 20:38:32.566  2479  2548 D ScanRecord: Not a Multi Manu data
10-16 20:38:32.645  4961  4961 D io_stats: !@ 179,0 r 7147744 228442840 w 1509845 31589292 d 121750 32920320 f 352005 370954 iot 3118876 2732021 th 51200 0 0 pt 0 inp 0 0 450915.542
10-16 20:38:32.669  2479  2548 I chatty  : uid=1002(bluetooth) BT Service Call identical 239 lines
10-16 20:38:32.669  2479  2548 D ScanRecord: Not a Multi Manu data
10-16 20:38:32.671  6748  7056 I BatteryMgr:DataCollectionService: stats => 1697481512671,49,4313,19,0,100
10-16 20:38:32.680  2479  2548 D ScanRecord: Not a Multi Manu data
10-16 20:38:32.774  2479  2548 I chatty  : uid=1002(bluetooth) BT Service Call identical 141 lines
10-16 20:38:32.774  2479  2548 D ScanRecord: Not a Multi Manu data
10-16 20:38:32.776  6748  7056 I BatteryMgr:DataCollectionService: stats => 1697481512776,49,4313,19,0,100
10-16 20:38:32.777  2479  2548 D ScanRecord: Not a Multi Manu data
10-16 20:38:32.817  2479  2548 I chatty  : uid=1002(bluetooth) BT Service Call identical 24 lines
10-16 20:38:32.817  2479  2548 D ScanRecord: Not a Multi Manu data
10-16 20:38:32.823  3957  4129 D WifiStateMachine:  ConnectedState !RSSI_PKTCNT_FETCH uid=1000 rt=450915720/1143900200 0 0 "ourhome" f4:6d:2f:12:cc:88 rssi=-41 f=5240 sc=60 link=433 tx=0.1, 0.0, 0.0  rx=9.9 bcn=528810 [on:0 tx:0 rx:0 period:1000] from screen [on:290200 period:985431] score=60
10-16 20:38:32.824  3957  4129 D WifiStateMachine:  L2ConnectedState !RSSI_PKTCNT_FETCH uid=1000 rt=450915721/1143900202 0 0 "ourhome" f4:6d:2f:12:cc:88 rssi=-41 f=5240 sc=60 link=433 tx=0.1, 0.0, 0.0  rx=9.9 bcn=528810 [on:0 tx:0 rx:0 period:1] from screen [on:290200 period:985432] score=60
10-16 20:38:32.825  3957  4129 D WifiStateMachine: fetchRssiLinkSpeedAndFrequencyNative rssi=-42 linkspeed=433 freq=5240
10-16 20:38:32.829  2479  2548 D ScanRecord: Not a Multi Manu data
10-16 20:38:32.881  2479  2548 I chatty  : uid=1002(bluetooth) BT Service Call identical 92 lines
10-16 20:38:32.881  2479  2548 D ScanRecord: Not a Multi Manu data
10-16 20:38:32.882  6748  7056 I BatteryMgr:DataCollectionService: stats => 1697481512881,49,4313,19,0,100
10-16 20:38:32.882  2479  2548 D ScanRecord: Not a Multi Manu data
10-16 20:38:32.982  2479  2548 I chatty  : uid=1002(bluetooth) BT Service Call identical 190 lines
10-16 20:38:32.982  2479  2548 D ScanRecord: Not a Multi Manu data
10-16 20:38:32.987  6748  7056 I BatteryMgr:DataCollectionService: stats => 1697481512987,49,4313,19,0,100
10-16 20:38:32.988  2479  2548 D ScanRecord: Not a Multi Manu data
10-16 20:38:33.040  2479  2548 I chatty  : uid=1002(bluetooth) BT Service Call identical 102 lines
10-16 20:38:33.040  2479  2548 D ScanRecord: Not a Multi Manu data
10-16 20:38:33.080  3957  4128 D WifiService: getConnectionInfo uid=1000
10-16 20:38:33.096  6748  7056 I BatteryMgr:DataCollectionService: stats => 1697481513095,49,4313,19,0,100
10-16 20:38:33.201  6748  7056 I BatteryMgr:DataCollectionService: stats => 1697481513201,49,4313,19,0,100
10-16 20:38:33.306  6748  7056 I BatteryMgr:DataCollectionService: stats => 1697481513306,49,4313,19,0,100
10-16 20:38:33.410  6748  7056 I BatteryMgr:DataCollectionService: stats => 1697481513410,49,4313,19,0,100
10-16 20:38:33.514  6748  7056 I BatteryMgr:DataCollectionService: stats => 1697481513514,49,4313,19,0,100
10-16 20:38:33.619  6748  7056 I BatteryMgr:DataCollectionService: stats => 1697481513619,49,4313,19,0,100
10-16 20:38:33.724  6748  7056 I BatteryMgr:DataCollectionService: stats => 1697481513724,49,4313,19,0,100
10-16 20:38:33.824  3957  4129 D WifiStateMachine:  ConnectedState !RSSI_PKTCNT_FETCH uid=1000 rt=450916720/1143901201 0 0 "ourhome" f4:6d:2f:12:cc:88 rssi=-42 f=5240 sc=60 link=433 tx=0.1, 0.0, 0.0  rx=9.9 bcn=528810 [on:0 tx:0 rx:0 period:1000] from screen [on:290200 period:986432] score=60
10-16 20:38:33.826  3957  4129 D WifiStateMachine:  L2ConnectedState !RSSI_PKTCNT_FETCH uid=1000 rt=450916722/1143901202 0 0 "ourhome" f4:6d:2f:12:cc:88 rssi=-42 f=5240 sc=60 link=433 tx=0.1, 0.0, 0.0  rx=9.9 bcn=528810 [on:0 tx:0 rx:0 period:1] from screen [on:290200 period:986433] score=60
10-16 20:38:33.830  6748  7056 I BatteryMgr:DataCollectionService: stats => 1697481513830,49,4313,19,0,100
10-16 20:38:33.831  3957  4129 D WifiStateMachine: fetchRssiLinkSpeedAndFrequencyNative rssi=-42 linkspeed=433 freq=5240
10-16 20:38:33.935  6748  7056 I BatteryMgr:DataCollectionService: stats => 1697481513935,49,4313,19,0,100
10-16 20:38:34.041  6748  7056 I BatteryMgr:DataCollectionService: stats => 1697481514040,49,4313,19,0,100
10-16 20:38:34.082  3957  4128 D WifiService: getConnectionInfo uid=1000
10-16 20:38:34.146  6748  7056 I BatteryMgr:DataCollectionService: stats => 1697481514146,49,4313,19,0,100
10-16 20:38:34.169  3957  4129 D WifiStateMachine:  ConnectedState !CMD_RSSI_POLL rt=450917065/1143901546 70 0 "ourhome" f4:6d:2f:12:cc:88 rssi=-42 f=5240 sc=60 link=433 tx=0.1, 0.0, 0.0  rx=9.9 bcn=528810 [on:0 tx:0 rx:0 period:344] from screen [on:290200 period:986777] score=60
10-16 20:38:34.170  3957  4129 D WifiStateMachine:  L2ConnectedState !CMD_RSSI_POLL rt=450917067/1143901547 70 0 "ourhome" f4:6d:2f:12:cc:88 rssi=-42 f=5240 sc=60 link=433 tx=0.1, 0.0, 0.0  rx=9.9 bcn=528810 [on:0 tx:0 rx:0 period:1] from screen [on:290200 period:986778] score=60
10-16 20:38:34.170  3957  4129 D WifiStateMachine:  get link layer stats 3
10-16 20:38:34.171  3436  3436 I android.hardware.wifi@1.0-service: getLinkLayerStats
10-16 20:38:34.189  3957  4129 D WifiStateMachine: fetchRssiLinkSpeedAndFrequencyNative rssi=-41 linkspeed=433 freq=5240
10-16 20:38:34.192  4340  4340 E SignalClusterView: setSlotFocusVisible : subId -2
10-16 20:38:34.192  4340  4340 E SignalClusterView: setSlotFocusVisible : subId -2
10-16 20:38:34.256  6748  7056 I BatteryMgr:DataCollectionService: stats => 1697481514256,49,4313,19,0,100
10-16 20:38:34.360  6748  7056 I BatteryMgr:DataCollectionService: stats => 1697481514360,49,4313,19,0,100
10-16 20:38:34.464  6748  7056 I BatteryMgr:DataCollectionService: stats => 1697481514464,49,4313,19,0,100
10-16 20:38:34.569  6748  7056 I BatteryMgr:DataCollectionService: stats => 1697481514568,49,4313,19,0,100
10-16 20:38:34.675  6748  7056 I BatteryMgr:DataCollectionService: stats => 1697481514675,49,4313,19,0,100
10-16 20:38:34.779  6748  7056 I BatteryMgr:DataCollectionService: stats => 1697481514779,49,4313,19,0,100
10-16 20:38:34.825  3957  4129 D WifiStateMachine:  ConnectedState !RSSI_PKTCNT_FETCH uid=1000 rt=450917722/1143902203 0 0 "ourhome" f4:6d:2f:12:cc:88 rssi=-41 f=5240 sc=60 link=433 tx=1.9, 0.0, 0.0  rx=6.1 bcn=528840 [on:0 tx:0 rx:0 period:633] from screen [on:290766 period:987433] score=60
10-16 20:38:34.827  3957  4129 D WifiStateMachine:  L2ConnectedState !RSSI_PKTCNT_FETCH uid=1000 rt=450917723/1143902204 0 0 "ourhome" f4:6d:2f:12:cc:88 rssi=-41 f=5240 sc=60 link=433 tx=1.9, 0.0, 0.0  rx=6.1 bcn=528840 [on:0 tx:0 rx:0 period:1] from screen [on:290766 period:987434] score=60
10-16 20:38:34.832  3957  4129 D WifiStateMachine: fetchRssiLinkSpeedAndFrequencyNative rssi=-41 linkspeed=433 freq=5240
10-16 20:38:34.883  6748  7056 I BatteryMgr:DataCollectionService: stats => 1697481514883,49,4313,19,0,100
10-16 20:38:34.991  6748  7056 I BatteryMgr:DataCollectionService: stats => 1697481514991,49,4313,19,0,100
10-16 20:38:35.084  3957  4128 D WifiService: getConnectionInfo uid=1000
10-16 20:38:35.096  6748  7056 I BatteryMgr:DataCollectionService: stats => 1697481515096,49,4313,19,0,100
10-16 20:38:35.200  6748  7056 I BatteryMgr:DataCollectionService: stats => 1697481515200,49,4313,19,0,100
10-16 20:38:35.304  6748  7056 I BatteryMgr:DataCollectionService: stats => 1697481515304,49,4313,19,0,100
10-16 20:38:35.408  6748  7056 I BatteryMgr:DataCollectionService: stats => 1697481515408,49,4313,19,0,100
10-16 20:38:35.513  6748  7056 I BatteryMgr:DataCollectionService: stats => 1697481515513,49,4313,19,0,100
10-16 20:38:35.619  6748  7056 I BatteryMgr:DataCollectionService: stats => 1697481515619,49,4313,19,0,100
10-16 20:38:35.725  6748  7056 I BatteryMgr:DataCollectionService: stats => 1697481515725,49,4313,19,0,100
10-16 20:38:35.827  3957  4129 D WifiStateMachine:  ConnectedState !RSSI_PKTCNT_FETCH uid=1000 rt=450918723/1143903204 0 0 "ourhome" f4:6d:2f:12:cc:88 rssi=-41 f=5240 sc=60 link=433 tx=1.9, 0.0, 0.0  rx=6.1 bcn=528840 [on:0 tx:0 rx:0 period:1001] from screen [on:290766 period:988435] score=60
10-16 20:38:35.828  3957  4129 D WifiStateMachine:  L2ConnectedState !RSSI_PKTCNT_FETCH uid=1000 rt=450918725/1143903205 0 0 "ourhome" f4:6d:2f:12:cc:88 rssi=-41 f=5240 sc=60 link=433 tx=1.9, 0.0, 0.0  rx=6.1 bcn=528840 [on:0 tx:0 rx:0 period:1] from screen [on:290766 period:988436] score=60
10-16 20:38:35.830  6748  7056 I BatteryMgr:DataCollectionService: stats => 1697481515830,49,4313,19,0,100
10-16 20:38:35.834  3957  4129 D WifiStateMachine: fetchRssiLinkSpeedAndFrequencyNative rssi=-42 linkspeed=433 freq=5240
10-16 20:38:35.935  6748  7056 I BatteryMgr:DataCollectionService: stats => 1697481515935,-14,4313,1,0,100
10-16 20:38:36.040  6748  7056 I BatteryMgr:DataCollectionService: stats => 1697481516040,-14,4313,1,0,100
10-16 20:38:36.087  3957  4128 D WifiService: getConnectionInfo uid=1000
10-16 20:38:36.143  6748  7056 I BatteryMgr:DataCollectionService: stats => 1697481516143,-14,4313,1,0,100
10-16 20:38:36.248  6748  7056 I BatteryMgr:DataCollectionService: stats => 1697481516248,-14,4313,1,0,100
10-16 20:38:36.351  6748  7056 I BatteryMgr:DataCollectionService: stats => 1697481516351,-14,4313,1,0,100
10-16 20:38:36.405  3957 12585 D BatteryService: !@BatteryListener : batteryPropertiesChanged!
10-16 20:38:36.456  6748  7056 I BatteryMgr:DataCollectionService: stats => 1697481516456,-14,4313,1,0,100
10-16 20:38:36.560  6748  7056 I BatteryMgr:DataCollectionService: stats => 1697481516560,-14,4313,1,0,100
10-16 20:38:36.665  6748  7056 I BatteryMgr:DataCollectionService: stats => 1697481516665,-14,4313,1,0,100
10-16 20:38:36.768  6748  7056 I BatteryMgr:DataCollectionService: stats => 1697481516768,-14,4313,1,0,100
10-16 20:38:36.827  3957  4129 D WifiStateMachine:  ConnectedState !RSSI_PKTCNT_FETCH uid=1000 rt=450919724/1143904205 0 0 "ourhome" f4:6d:2f:12:cc:88 rssi=-42 f=5240 sc=60 link=433 tx=1.9, 0.0, 0.0  rx=6.1 bcn=528840 [on:0 tx:0 rx:0 period:999] from screen [on:290766 period:989435] score=60
10-16 20:38:36.828  3957  4129 D WifiStateMachine:  L2ConnectedState !RSSI_PKTCNT_FETCH uid=1000 rt=450919725/1143904206 0 0 "ourhome" f4:6d:2f:12:cc:88 rssi=-42 f=5240 sc=60 link=433 tx=1.9, 0.0, 0.0  rx=6.1 bcn=528840 [on:0 tx:0 rx:0 period:1] from screen [on:290766 period:989436] score=60
10-16 20:38:36.834  3957  4129 D WifiStateMachine: fetchRssiLinkSpeedAndFrequencyNative rssi=-42 linkspeed=433 freq=5240
10-16 20:38:36.875  6748  7056 I BatteryMgr:DataCollectionService: stats => 1697481516875,-14,4313,1,0,100
10-16 20:38:36.979  6748  7056 I BatteryMgr:DataCollectionService: stats => 1697481516978,-14,4313,1,0,100
10-16 20:38:37.084  6748  7056 I BatteryMgr:DataCollectionService: stats => 1697481517084,-14,4313,1,0,100
10-16 20:38:37.089  3957  4128 D WifiService: getConnectionInfo uid=1000
10-16 20:38:37.189  6748  7056 I BatteryMgr:DataCollectionService: stats => 1697481517189,-14,4313,1,0,100
10-16 20:38:37.191  3957  4129 D WifiStateMachine:  ConnectedState !CMD_RSSI_POLL rt=450920088/1143904569 70 0 "ourhome" f4:6d:2f:12:cc:88 rssi=-42 f=5240 sc=60 link=433 tx=1.9, 0.0, 0.0  rx=6.1 bcn=528840 [on:0 tx:0 rx:0 period:363] from screen [on:290766 period:989799] score=60
10-16 20:38:37.192  3957  4129 D WifiStateMachine:  L2ConnectedState !CMD_RSSI_POLL rt=450920089/1143904569 70 0 "ourhome" f4:6d:2f:12:cc:88 rssi=-42 f=5240 sc=60 link=433 tx=1.9, 0.0, 0.0  rx=6.1 bcn=528840 [on:0 tx:0 rx:0 period:1] from screen [on:290766 period:989800] score=60
10-16 20:38:37.192  3957  4129 D WifiStateMachine:  get link layer stats 3
10-16 20:38:37.192  3436  3436 I android.hardware.wifi@1.0-service: getLinkLayerStats
10-16 20:38:37.210  3957  4129 D WifiStateMachine: fetchRssiLinkSpeedAndFrequencyNative rssi=-43 linkspeed=433 freq=5240
10-16 20:38:37.213  4340  4340 E SignalClusterView: setSlotFocusVisible : subId -2
10-16 20:38:37.213  4340  4340 E SignalClusterView: setSlotFocusVisible : subId -2
10-16 20:38:37.293  6748  7056 I BatteryMgr:DataCollectionService: stats => 1697481517293,-14,4313,1,0,100
10-16 20:38:37.398  6748  7056 I BatteryMgr:DataCollectionService: stats => 1697481517398,-14,4313,1,0,100
10-16 20:38:37.464  3957  4055 I TLC_TIMA_PKM_measure_kernel: TIMA: response_id = 3
10-16 20:38:37.464  3957  4055 I TLC_TIMA_PKM_measure_kernel: TIMA: response ret = 0, result_ondemand = MSG=Kernel Verification Success;
10-16 20:38:37.464  3957  4055 I TZ: mc_tlc_communication: tlc_close() was called
10-16 20:38:37.464  3957  4055 I TZ: mc_tlc_communication: Closing the session
10-16 20:38:37.465  3957  4055 I TZ: mc_tlc_communication: Freeing message buffer
10-16 20:38:37.465  3957  4055 I TZ: mc_tlc_communication: Closing MobiCore device
10-16 20:38:37.465  3957  4055 I TeeSysClient: driver closed [hardware/samsung_slsi/exynos7885/mobicore/ClientLib/src/driver.cpp:95]
10-16 20:38:37.465  3957  4055 I TZ: mc_tlc_communication: tlc_close() finished
10-16 20:38:37.502  6748  7056 I BatteryMgr:DataCollectionService: stats => 1697481517502,-14,4313,1,0,100
10-16 20:38:37.548  2479  2548 D ScanRecord: Not a Multi Manu data
10-16 20:38:37.577  2479  2548 I chatty  : uid=1002(bluetooth) BT Service Call identical 89 lines
10-16 20:38:37.577  2479  2548 D ScanRecord: Not a Multi Manu data
10-16 20:38:37.607  6748  7056 I BatteryMgr:DataCollectionService: stats => 1697481517607,-14,4313,1,0,100
10-16 20:38:37.608  2479  2548 D ScanRecord: Not a Multi Manu data
10-16 20:38:37.647  4961  4961 D io_stats: !@ 179,0 r 7147744 228442840 w 1509855 31589480 d 121751 32920396 f 352006 370955 iot 3118888 2732029 th 51200 0 0 pt 0 inp 0 0 450920.544
10-16 20:38:37.710  2479  2548 I chatty  : uid=1002(bluetooth) BT Service Call identical 310 lines
10-16 20:38:37.710  2479  2548 D ScanRecord: Not a Multi Manu data
10-16 20:38:37.714  6748  7056 I BatteryMgr:DataCollectionService: stats => 1697481517714,-14,4313,1,0,100
10-16 20:38:37.715  2479  2548 D ScanRecord: Not a Multi Manu data
10-16 20:38:37.757  2479  2548 I chatty  : uid=1002(bluetooth) BT Service Call identical 76 lines
10-16 20:38:37.757  2479  2548 D ScanRecord: Not a Multi Manu data
10-16 20:38:37.785  3957  4030 D SensorService: [SO] 0.134 -0.081 9.979
10-16 20:38:37.786  2479  2548 D ScanRecord: Not a Multi Manu data
10-16 20:38:37.818  2479  2548 I chatty  : uid=1002(bluetooth) BT Service Call identical 115 lines
10-16 20:38:37.818  2479  2548 D ScanRecord: Not a Multi Manu data
