--------- beginning of main
10-16 21:18:26.802   887   887 E adbd    : recv: OPEN 00000395 00000000 0042:73 68 65 6C 6C 2C 76 32 2C 54 45 52 4D 3D 78 74 65 72 6D 2D 32 35 36 63 6F 6C 6F 72 2C 72 61 77 3A 67 65 74 70 72 6F 70 20 72 6F 2E 62 75 69 6C 64 2E 76 65 72 73 69 6F 6E 2E 72 65 6C 65 61 73 65 00 
10-16 21:18:26.802   887   887 E adbd    : service_to_fd: shell,v2,TERM=xterm-256color,raw:getprop ro.build.version.release
10-16 21:18:26.865   887   887 E adbd    : recv: OPEN 00000399 00000000 003e:73 68 65 6C 6C 2C 76 32 2C 54 45 52 4D 3D 78 74 65 72 6D 2D 32 35 36 63 6F 6C 6F 72 2C 72 61 77 3A 67 65 74 70 72 6F 70 20 72 6F 2E 62 75 69 6C 64 2E 76 65 72 73 69 6F 6E 2E 73 64 6B 00 
10-16 21:18:26.866   887   887 E adbd    : service_to_fd: shell,v2,TERM=xterm-256color,raw:getprop ro.build.version.sdk
10-16 21:18:26.926   887   887 E adbd    : recv: OPEN 0000039d 00000000 00c4:73 68 65 6C 6C 2C 76 32 2C 54 45 52 4D 3D 78 74 65 72 6D 2D 32 35 36 63 6F 6C 6F 72 2C 72 61 77 3A 61 6D 20 73 74 61 72 74 20 2D 6E 20 22 63 6F 6D 2E 65 78 61 6D 70 6C 65 2E 62 61 74 74 65 72 79 6D 61 6E 61 67 65 72 5F 75 74 69 6C 69 74 79 2F 63 6F 6D 2E 65 78 61 6D 70 6C 65 2E 62 61 74 74 65 72 79 6D 61 6E 61 67 65 72 5F 75 74 69 6C 69 74 79 2E 4D 61 69 6E 41 63 74 69 76 69 74 79 22 20 2D 61 20 61 6E 64 72 6F 69 64 2E 69 6E 74 65 6E 74 2E 61 63 74 69 6F 6E 2E 4D 41 49 4E 20 2D 63 20 61 6E 64 72 6F 69 64 2E 69 6E 74 65 6E 74 2E 63 61 74 65 67 6F 72 79 2E 4C 41 55 4E 43 48 45 52 00 
10-16 21:18:26.927   887   887 E adbd    : service_to_fd: shell,v2,TERM=xterm-256color,raw:am start -n "com.example.batterymanager_utility/com.example.batterymanager_utility.MainActivity" -a android.intent.action.MAIN -c android.intent.category.LAUNCHER
--------- beginning of system
10-16 21:18:27.014  3957  4622 I ActivityManager: START u0 {act=android.intent.action.MAIN typ=null flg=0x10000000 cmp=ComponentInfo{com.example.batterymanager_utility/com.example.batterymanager_utility.MainActivity}} from uid 2000
10-16 21:18:27.015  3957  4622 D CustomFrequencyManagerService: acquireDVFSLockLocked : type : DVFS_MIN_LIMIT  frequency : 1560000  uid : 1000  pid : 3957  pkgName : AMS_APP_SWITCH@CPU_MIN@52
10-16 21:18:27.018  3957  4622 D ActivityManagerPerformance: AMP_acquire() APP_SWITCH
10-16 21:18:27.018  3957  5022 D ActivityManagerPerformance: Received MSG_CFMS_HINT_AMS_SWITCH pkgName: com.example.batterymanager_utility
10-16 21:18:27.020  3957  6478 D WifiService: getConnectionInfo uid=1000
10-16 21:18:27.023   426   426 V Launcher: Launcher.onPause()
10-16 21:18:27.023   426   426 D Launcher: setHotWordDetection : call requestHotWordDetection false
10-16 21:18:27.026  3957  3957 D MdnieScenarioControlService: Listener Real Multi Window State : false
10-16 21:18:27.033  3957 14954 D ActivityManager: isScaleDownAnimationEnabled() : false
10-16 21:18:27.034  4146  4146 I GsaVoiceInteractionSrv: Handling ACTION_STOP_HOTWORD
10-16 21:18:27.034  3957 14954 D StorageManagerService: getExternalStorageMountMode : 1
10-16 21:18:27.035  3957 14954 D StorageManagerService: getExternalStorageMountMode : 3
10-16 21:18:27.035  3957 14954 D StorageManagerService: getExternalStorageMountMode : final mountMode=1, uid : 10170, packageName : com.example.batterymanager_utility
10-16 21:18:27.039  3957 14954 I ApplicationPolicy: isApplicationExternalStorageWhitelisted:com.example.batterymanager_utility user:0
10-16 21:18:27.039  3957 14954 D ApplicationPolicy: isApplicationExternalStorageWhitelisted: DO is not enabled on user 0. Allowed.
10-16 21:18:27.039  3957 14954 D ActivityManager: package  com.example.batterymanager_utility, user - 0 is SDcard whitelisted
10-16 21:18:27.039  3957 14954 I ApplicationPolicy: isApplicationExternalStorageBlacklisted:com.example.batterymanager_utility user:0
10-16 21:18:27.039  3957 14954 D ApplicationPolicy: isApplicationExternalStorageBlacklisted: DO is not enabled on user 0. Allowed.
10-16 21:18:27.051 11160 11160 E Zygote  : isWhitelistProcess - Process is Whitelisted
10-16 21:18:27.051  3957 14954 I ActivityManager: Start proc 11160:com.example.batterymanager_utility/u0a170 for activity com.example.batterymanager_utility/.MainActivity
10-16 21:18:27.052 11160 11160 E libpersona: scanKnoxPersonas
10-16 21:18:27.052 11160 11160 E libpersona: Couldn't open the File - /data/system/users/0/personalist.xml - No such file or directory
10-16 21:18:27.054  3957  4025 D ViewRootImpl@a8a1bc9[batterymanager_utility]: setView = DecorView@26a65ef[batterymanager_utility] TM=true MM=false
10-16 21:18:27.054 11160 11160 W SELinux : SELinux selinux_android_compute_policy_index : Policy Index[2],  Con:u:r:zygote:s0 RAM:SEPF_SM-J720F_8.0.0_0002, [-1 -1 -1 -1 0 1]
10-16 21:18:27.054 11160 11160 I SELinux : SELinux: seapp_context_lookup: seinfo=untrusted, level=s0:c512,c768, pkgname=com.example.batterymanager_utility 
10-16 21:18:27.058 11160 11160 I zygote64: Late-enabling -Xcheck:jni
10-16 21:18:27.060  4146  4216 I HwDetectorWithState: (REDACTED) a: %d
10-16 21:18:27.068  3957  4025 D ViewRootImpl@a8a1bc9[batterymanager_utility]: dispatchAttachedToWindow
10-16 21:18:27.069  3957  4025 V WindowManager: Relayout Window{7bb42ce u0 Splash Screen com.example.batterymanager_utility}: viewVisibility=0 req=719x1237 WM.LayoutParams{(0,0)(fillxfill) sim=#20 ty=3 fl=#81830118 pfl=0x20011 wanim=0x10302fd vsysui=0x600 needsMenuKey=2 colorMode=0 naviIconColor=0}
10-16 21:18:27.072  4340  4340 D WallpaperService: updateSurface forceRelayout=true redrawNeeded=false myWidth=1280 myHeight=1280 fixedSize=true x = 0 y = 0 mWidth=1280 mHeight=1280 mIsSleepMode=false
10-16 21:18:27.072  3447  3447 I SurfaceFlinger: id=2565 createSurf (720x1280),1 flag=404, Splash Screen com.example.batterymanager_utility#0
10-16 21:18:27.074  3957  4025 V Surface : sf_framedrop debug : 0x4f4c, game : false, logging : 0
10-16 21:18:27.075  3957  4025 V WindowManager: rotationForOrientationLw(orient=-1, last=0); user=0  sensorRotation=-1 mLidState=-1 mDockMode=0 mHdmiPlugged=false
10-16 21:18:27.077  3957  4025 D InputDispatcher: Focus left window: 426
10-16 21:18:27.077  3957  4025 D ViewRootImpl@a8a1bc9[batterymanager_utility]: Relayout returned: old=[0,0][0,0] new=[0,0][720,1280] result=0x7 surface={valid=true 500850388992} changed=true
10-16 21:18:27.078  3957  4025 D ViewRootImpl@a8a1bc9[batterymanager_utility]: MSG_RESIZED_REPORT: frame=Rect(0, 0 - 720, 1280) ci=Rect(0, 42 - 0, 0) vi=Rect(0, 42 - 0, 0) or=1
10-16 21:18:27.079   426   426 D ViewRootImpl@64d68ee[LauncherActivity]: MSG_WINDOW_FOCUS_CHANGED 0
10-16 21:18:27.080  3957 18006 V WindowManager: Relayout Window{b8b4ba7 u0 com.android.systemui.ImageWallpaper}: viewVisibility=0 req=1280x1280 WM.LayoutParams{(0,0)(1280x1280) gr=#800033 ty=2013 fl=#10318 fmt=2 wanim=0x103030e colorMode=0 naviIconColor=0}
10-16 21:18:27.084  4340  4340 D ImageWallpaper: onOffsetsChanged: xOffset=0.0, yOffset=0.0, xOffsetStep=0.0, yOffsetStep=0.0, xPixels=0, yPixels=0
10-16 21:18:27.085  4340  4340 D ImageWallpaper: newRotation : 0,mLastRotation : 0
10-16 21:18:27.085  4340  4340 D ImageWallpaper: drawFrame:[frame.width()]1280[frame.height()]1280
10-16 21:18:27.085  4340  4340 D ImageWallpaper: surfaceDimensionsChanged=false mDisplayWidth=720 mDisplayHeight=1280
10-16 21:18:27.085  4340  4340 D ImageWallpaper: redrawNeeded = false, mOffsetsChanged = false
10-16 21:18:27.085  4340  4340 D ImageWallpaper: Suppressed drawFrame since redraw is not needed and offsets have not changed.
10-16 21:18:27.091  3957  4025 V WindowManager: finishDrawingLocked: mDrawState=COMMIT_DRAW_PENDING Window{7bb42ce u0 Splash Screen com.example.batterymanager_utility} in Surface(name=Splash Screen com.example.batterymanager_utility)
10-16 21:18:27.104 11160 11160 D TimaKeyStoreProvider: TimaKeyStore is not enabled: cannot add TimaSignature Service and generateKeyPair Service
10-16 21:18:27.105 11160 11160 D ActivityThread: Added TimaKeyStore provider
10-16 21:18:27.108  3957 18006 I ActivityManager: DSS on for com.example.batterymanager_utility and scale is 1.0
10-16 21:18:27.115  3957 18006 D PersonaManagerService: Current focused persona service handled id set to : 0
10-16 21:18:27.115  3957 18006 D InputDispatcher: Focused application set to: xxxx
10-16 21:18:27.116  3957  4220 D GameManagerService: handleForegroundChange(). pkgName: com.example.batterymanager_utility, clsName: com.example.batterymanager_utility.MainActivity,FgActivityName:com.example.batterymanager_utility/.MainActivity
10-16 21:18:27.117  3957 18006 D MARsPolicyManager: onPackageResumedFG pkgName = com.example.batterymanager_utility, userId = 0
10-16 21:18:27.117  3957  4220 D GameManagerService: sem_perfomance_mode: 3
10-16 21:18:27.117  3957  4220 D GameManagerService: notifyResumePause(). pkg: com.example.batterymanager_utility, type: 4, isMinimized: false, isTunableApp: false
10-16 21:18:27.117  3957  4220 D GameManagerService:   notifyResumePause(). unexpected mPrevNotiType: -1
10-16 21:18:27.118  3957 18006 D SamsungAnimationCreator: createAnimation type:LowEnd transit:12 enter:false wallpaperXoffset:-280 split:false fixedOri:false
10-16 21:18:27.118  3957 18006 D SamsungAnimationCreator: createAnimation displayFrame:Rect(0, 0 - 720, 1280) frame:null insets:null
10-16 21:18:27.124  3957  6478 D GamePkgDataHelper: getGamePkgDataIncServer(). com.example.batterymanager_utility
10-16 21:18:27.125  3957  6478 D GameManagerService: identifyGamePackage. com.example.batterymanager_utility
10-16 21:18:27.125  3957  6478 D GamePkgDataHelper: getGamePkgData(). com.example.batterymanager_utility
10-16 21:18:27.126  3957  6478 D GameManagerService: identifyGamePackage. com.example.batterymanager_utility
10-16 21:18:27.126  3957  6478 D GamePkgDataHelper: getGamePkgData(). com.example.batterymanager_utility
10-16 21:18:27.126  3957  6478 D GamePkgDataHelper: getSosPolicy(). com.example.batterymanager_utility
10-16 21:18:27.127  3957  6478 D GameManagerService: identifyGamePackage. com.example.batterymanager_utility
10-16 21:18:27.127  3957  6478 D GamePkgDataHelper: getGamePkgData(). com.example.batterymanager_utility
10-16 21:18:27.129  3957  3973 D WindowManager: set systemUiVisibility : systemUiFlags= 0x608 fullscreenStackSysUiFlags= 0x0
10-16 21:18:27.130  3957 18006 D WindowManager: adjustSystemUiVisibilityLw : vis= 0x608
10-16 21:18:27.130  3957  6478 D GameManagerService: identifyGamePackage. com.example.batterymanager_utility
10-16 21:18:27.130  3957  6478 D GamePkgDataHelper: getGamePkgData(). com.example.batterymanager_utility
10-16 21:18:27.134   426   426 I Launcher: onWindowVisibilityChanged : false
10-16 21:18:27.139   426   484 D OpenGLRenderer: eglDestroySurface = 0x74af317f80
10-16 21:18:27.141  3957 14954 V WindowManager: Relayout Window{f4e98e0 u0 com.sec.android.app.launcher/com.sec.android.app.launcher.activities.LauncherActivity}: viewVisibility=8 req=720x1280 WM.LayoutParams{(0,0)(fillxfill) sim=#130 ty=1 fl=#81910d00 pfl=0x20000 fmt=-2 wanim=0x10302ea vsysui=0x700 needsMenuKey=2 colorMode=0 naviIconColor=0}
10-16 21:18:27.144 11160 11160 I zygote64: no shared libraies, dex_files: 1
10-16 21:18:27.145   426   426 D ViewRootImpl@64d68ee[LauncherActivity]: Relayout returned: old=[0,0][720,1280] new=[0,0][720,1280] result=0x5 surface={valid=false 0} changed=true
10-16 21:18:27.160  4340 31792 D SystemServicesProxy: updateOverviewLastStackActiveTimeAsync: newTime=1697483494739
10-16 21:18:27.161  3957 14954 D SecContentProvider: query(), uri = 17 selection = isSettingsChangesAllowed
10-16 21:18:27.161  3957 14954 D SecContentProvider: called from android.uid.systemui:10009
10-16 21:18:27.162  4340  4692 D SystemServicesProxy: updateOverviewLastStackActiveTimeAsync: done.
10-16 21:18:27.186 11160 11160 I BatteryMgr:App: creating notification channel
10-16 21:18:27.205  3447  3447 I SurfaceFlinger: Display 0 HWC layers:
10-16 21:18:27.205  3447  3447 I SurfaceFlinger:     type    |    handle    | flag |  format   |   source crop (l,t,r,b)    |         frame       | name 
10-16 21:18:27.205  3447  3447 I SurfaceFlinger: ------------+--------------+------+-----------+----------------------------+---------------------+------
10-16 21:18:27.205  3447  3447 I SurfaceFlinger:      Device | 0x7e9ec22c80 | 0002 | RGBx_8888 | 280.0    0.0 1000.0 1280.0 |    0    0  720 1280 | com.android.systemui.ImageWallpaper#0
10-16 21:18:27.205  3447  3447 I SurfaceFlinger:      Device | 0x7ea5024600 | 0000 | RGBA_8888 |  21.0   37.0  700.0 1244.0 |    0    0  720 1280 | com.sec.android.app.launcher/com.sec[...]uncher.activities.LauncherActivity#0
10-16 21:18:27.205  3447  3447 I SurfaceFlinger:      Device | 0x7ea5024180 | 0002 | RGBA_8888 |   0.0    0.0  720.0 1280.0 |  133  236  588 1044 | Splash Screen com.example.batterymanager_utility#0
10-16 21:18:27.205  3447  3447 I SurfaceFlinger:      Device | 0x7ea5024d80 | 0000 | RGBA_8888 |   0.0    0.0  720.0   42.0 |    0    0  720   42 | StatusBar#0
10-16 21:18:27.205  3447  3447 I SurfaceFlinger: 
10-16 21:18:27.256  3957  4089 D MdnieScenarioControlService:  packageName : com.example.batterymanager_utility    className : com.example.batterymanager_utility.MainActivity
10-16 21:18:27.256  3957  4089 V MdnieScenarioControlService: setUIMode from UI function(3)
10-16 21:18:27.279 11160 11176 D OpenGLRenderer: HWUI GL Pipeline
10-16 21:18:27.286  3957  4128 D WifiService: getConnectionInfo uid=1000
10-16 21:18:27.287 11160 11160 D ViewRootImpl@4470b6[MainActivity]: setView = DecorView@a3fa1b7[MainActivity] TM=true MM=false
10-16 21:18:27.287  3957 14954 D ActivityManager: post active user change for 0 fullscreen true isHomeActivity() false
10-16 21:18:27.362  3957  4129 D WifiStateMachine:  ConnectedState !RSSI_PKTCNT_FETCH uid=1000 rt=453310259/1146294740 0 0 "ourhome" f4:6d:2f:12:cc:88 rssi=-44 f=5240 sc=60 link=433 tx=0.7, 0.0, 0.0  rx=6.0 bcn=550230 [on:0 tx:0 rx:0 period:996] from screen [on:642708 period:3379970] score=60
10-16 21:18:27.363  3957  4129 D WifiStateMachine:  L2ConnectedState !RSSI_PKTCNT_FETCH uid=1000 rt=453310260/1146294741 0 0 "ourhome" f4:6d:2f:12:cc:88 rssi=-44 f=5240 sc=60 link=433 tx=0.7, 0.0, 0.0  rx=6.0 bcn=550230 [on:0 tx:0 rx:0 period:1] from screen [on:642708 period:3379971] score=60
10-16 21:18:27.364  3957  4129 D WifiStateMachine: fetchRssiLinkSpeedAndFrequencyNative rssi=-44 linkspeed=433 freq=5240
10-16 21:18:27.401 11160 11160 W zygote64: Class androidx.compose.runtime.snapshots.SnapshotStateList failed lock verification and will run slower.
10-16 21:18:27.402 11160 11160 W zygote64: Common causes for lock verification issues are non-optimized dex code
10-16 21:18:27.402 11160 11160 W zygote64: and incorrect proguard optimizations.
10-16 21:18:27.509 11160 11160 D ViewRootImpl@4470b6[MainActivity]: dispatchAttachedToWindow
10-16 21:18:27.556  3447  3447 I SurfaceFlinger: Display 0 HWC layers:
10-16 21:18:27.556  3447  3447 I SurfaceFlinger:     type    |    handle    | flag |  format   |   source crop (l,t,r,b)    |         frame       | name 
10-16 21:18:27.556  3447  3447 I SurfaceFlinger: ------------+--------------+------+-----------+----------------------------+---------------------+------
10-16 21:18:27.556  3447  3447 I SurfaceFlinger:      Device | 0x7ea5024180 | 0002 | RGBA_8888 |   0.0    0.0  720.0 1280.0 |    0    0  720 1280 | Splash Screen com.example.batterymanager_utility#0
10-16 21:18:27.556  3447  3447 I SurfaceFlinger:      Device | 0x7ea5024d80 | 0000 | RGBA_8888 |   0.0    0.0  720.0   42.0 |    0    0  720   42 | StatusBar#0
10-16 21:18:27.556  3447  3447 I SurfaceFlinger: 
10-16 21:18:27.558  3957 14954 V WindowManager: Relayout Window{152e32 u0 com.example.batterymanager_utility/com.example.batterymanager_utility.MainActivity}: viewVisibility=0 req=719x1237 WM.LayoutParams{(0,0)(fillxfill) sim=#120 ty=1 fl=#81810100 pfl=0x20000 wanim=0x10302fd vsysui=0x600 needsMenuKey=2 colorMode=0 naviIconColor=0}
10-16 21:18:27.562  3447  3447 I SurfaceFlinger: id=2566 createSurf (720x1280),1 flag=404, com.example.batterymanager_utility/com.example.batterymanager_utility.MainActivity#0
10-16 21:18:27.564  3957 14954 V Surface : sf_framedrop debug : 0x4f4c, game : false, logging : 0
10-16 21:18:27.567  3957 14954 D InputDispatcher: Focus entered window: 11160
10-16 21:18:27.569  3957  4025 I WindowManager: Destroying surface Surface(name=com.sec.android.app.launcher/com.sec.android.app.launcher.activities.LauncherActivity) called by com.android.server.wm.WindowStateAnimator.destroySurface:2501 com.android.server.wm.WindowStateAnimator.destroySurfaceLocked:985 com.android.server.wm.WindowState.destroyOrSaveSurfaceUnchecked:3670 com.android.server.wm.WindowState.destroySurface:3618 com.android.server.wm.AppWindowToken.destroySurfaces:722 com.android.server.wm.AppWindowToken.destroySurfaces:706 com.android.server.wm.WindowState.onExitAnimationDone:5316 com.android.server.wm.AppWindowAnimator.stepAnimationLocked:508 
10-16 21:18:27.570  3447  3488 I SurfaceFlinger: id=2564 Removed com.sec.android.app.launcher/com.sec.android.app.launcher.activities.LauncherActivity#0 (1/6)
10-16 21:18:27.570 11160 11160 V Surface : sf_framedrop debug : 0x4f4c, game : false, logging : 0
10-16 21:18:27.571 11160 11160 D ViewRootImpl@4470b6[MainActivity]: Relayout returned: old=[0,0][0,0] new=[0,0][720,1280] result=0x7 surface={valid=true 502083780608} changed=true
10-16 21:18:27.574  3447  3488 I SurfaceFlinger: id=2564 Removed com.sec.android.app.launcher/com.sec.android.app.launcher.activities.LauncherActivity#0 (-2/6)
10-16 21:18:27.576  4340 29993 D WallpaperService: dispatchAppVisibility onVisibilityChanged(): false
10-16 21:18:27.576  4340  4340 D ImageWallpaper: onVisibilityChanged: mVisible, visible=true, false
10-16 21:18:27.576  4340  4340 D ImageWallpaper: Visibility changed to visible=false
10-16 21:18:27.576  4340  4340 D WallpaperService: reportVisibility onVisibilityChanged visible: false
10-16 21:18:27.577 11160 11176 I OpenGLRenderer: Initialized EGL, version 1.4
10-16 21:18:27.577 11160 11176 D OpenGLRenderer: Swap behavior 2
10-16 21:18:27.582 11160 11176 D libGLESv1: STS_GLApi : DTS, ODTC are not allowed for Package : com.example.batterymanager_utility
10-16 21:18:27.583 11160 11176 D mali_winsys: EGLint new_window_surface(egl_winsys_display *, void *, EGLSurface, EGLConfig, egl_winsys_surface **, egl_color_buffer_format *, EGLBoolean) returns 0x3000,  [720x1280]-format:1
10-16 21:18:27.583 11160 11176 D OpenGLRenderer: eglCreateWindowSurface = 0x74e8ff0880
10-16 21:18:27.585  3447  3447 I Layer   : id=2564 onRemoved com.sec.android.app.launcher/com.sec.android.app.launcher.activities.LauncherActivity#0 
10-16 21:18:27.589  2479  2548 D ScanRecord: Not a Multi Manu data
10-16 21:18:27.589  2479  2548 I chatty  : uid=1002(bluetooth) BT Service Call identical 11 lines
10-16 21:18:27.589  2479  2548 D ScanRecord: Not a Multi Manu data
10-16 21:18:27.590 11160 11160 D Compose Focus: Owner FocusChanged(true)
10-16 21:18:27.593  2479  2548 D ScanRecord: Not a Multi Manu data
10-16 21:18:27.654  2479  2548 I chatty  : uid=1002(bluetooth) BT Service Call identical 128 lines
10-16 21:18:27.654  2479  2548 D ScanRecord: Not a Multi Manu data
10-16 21:18:27.655  3957 18006 V WindowManager: finishDrawingLocked: mDrawState=COMMIT_DRAW_PENDING Window{152e32 u0 com.example.batterymanager_utility/com.example.batterymanager_utility.MainActivity} in Surface(name=com.example.batterymanager_utility/com.example.batterymanager_utility.MainActivity)
10-16 21:18:27.656 11160 11160 D ViewRootImpl@4470b6[MainActivity]: MSG_RESIZED_REPORT: frame=Rect(0, 0 - 720, 1280) ci=Rect(0, 42 - 0, 0) vi=Rect(0, 42 - 0, 0) or=1
10-16 21:18:27.657 11160 11160 D ViewRootImpl@4470b6[MainActivity]: MSG_WINDOW_FOCUS_CHANGED 1
10-16 21:18:27.659  3957  4025 D ViewRootImpl@a8a1bc9[batterymanager_utility]: dispatchDetachedFromWindow
10-16 21:18:27.659  3957  4025 D InputEventReceiver: channel '7bb42ce Splash Screen com.example.batterymanager_utility (client)' ~ Disposing input event receiver.
10-16 21:18:27.659  3957  4025 D InputEventReceiver: channel '7bb42ce Splash Screen com.example.batterymanager_utility (client)' ~NativeInputEventReceiver.
10-16 21:18:27.663 11160 11160 V InputMethodManager: Starting input: tba=android.view.inputmethod.EditorInfo@83e742a nm : com.example.batterymanager_utility ic=null
10-16 21:18:27.663 11160 11160 I InputMethodManager: startInputInner - mService.startInputOrWindowGainedFocus
10-16 21:18:27.663  3957 18006 D InputMethodManagerService: startInputOrWindowGainedFocus : windowGainedFocus 
10-16 21:18:27.664  3957 18006 D InputMethodManagerService: windowGainedFocus: destinationUserId (getCallingUid) = 0
10-16 21:18:27.664  3957 18006 D InputMethodManagerService: windowGainedFocus: currentUserId=0
10-16 21:18:27.664  3957 18006 D InputMethodManagerService: windowGainedFocus: mCurrentFocusedUserId=0
10-16 21:18:27.664  3957 18006 D InputMethodManagerService: windowGainedFocus : lock - currentUserId = 0 destinationUserId = 0
10-16 21:18:27.664  3957 18006 D InputMethodManagerService: windowGainedFocus : mCurrentFocusedUserId - 0 and mSecureKeypadEnabled - false, userSwitched - false
10-16 21:18:27.664  3957 18006 V InputMethodManagerService: windowGainedFocus : reason=WINDOW_FOCUS_GAIN client=android.os.BinderProxy@720db94 inputContext=null missingMethods= attribute=android.view.inputmethod.EditorInfo@2548939 nm = com.example.batterymanager_utility controlFlags=#105 softInputMode=#120 windowFlags=#81810100
10-16 21:18:27.664  3957 18006 V InputMethodManagerService: hideCurrentInputLocked : shouldHideSoftInput is false
10-16 21:18:27.665  3957  3981 I ActivityManager: Displayed com.example.batterymanager_utility/.MainActivity: +625ms
10-16 21:18:27.666  3957 18006 D InputMethodManagerService: isImeSwitcherDisabledPackage : false
10-16 21:18:27.666  3957 18006 V InputMethodManagerService: Creating new session for client ClientState{b26a8df uid 10170 pid 11160}
10-16 21:18:27.666  3957  3981 D CustomFrequencyManagerService: acquireDVFSLockLocked : type : DVFS_MIN_LIMIT  frequency : 1560000  uid : 1000  pid : 3957  pkgName : AMS_RESUME_TAIL@CPU_MIN@58
10-16 21:18:27.667  3957  3981 D ActivityManagerPerformance: AMP_acquire() TAIL
10-16 21:18:27.667  3957  3981 D CustomFrequencyManagerService: releaseDVFSLockLocked : Getting Lock type frm List : DVFS_MIN_LIMIT  frequency : 1560000  uid : 1000  pid : 3957  tag : AMS_APP_SWITCH@CPU_MIN@52
10-16 21:18:27.667  3957  3981 D ActivityManagerPerformance: AMP_release() APP_SWITCH
10-16 21:18:27.669  3957 18006 D InputMethodManagerService: setCurrentInputInfo - inputContext : null eidtorInfo : android.view.inputmethod.EditorInfo@2548939 missingMethods : 0
10-16 21:18:27.670  2764  2764 I InputMethodWrapper:  call dispatchStartInputWithToken
10-16 21:18:27.670  2479  2548 D ScanRecord: Not a Multi Manu data
10-16 21:18:27.670  2479  2548 D ScanRecord: Not a Multi Manu data
10-16 21:18:27.670  2764  2764 I InputMethodService: dispatchStartInputWithToken
10-16 21:18:27.670  2479  2548 D ScanRecord: Not a Multi Manu data
10-16 21:18:27.670  2479  2548 D ScanRecord: Not a Multi Manu data
10-16 21:18:27.670  2479  2548 I chatty  : uid=1002(bluetooth) BT Service Call identical 8 lines
10-16 21:18:27.670  2479  2548 D ScanRecord: Not a Multi Manu data
10-16 21:18:27.671  2764  2764 I SKBD    : SamsungKeypad [IMI] onStartInput - caller pid : 11160, caller uid : 10170
10-16 21:18:27.671  2479  2548 D ScanRecord: Not a Multi Manu data
10-16 21:18:27.672  2479  2548 I chatty  : uid=1002(bluetooth) BT Service Call identical 11 lines
10-16 21:18:27.672  2479  2548 D ScanRecord: Not a Multi Manu data
10-16 21:18:27.683 11160 11160 V InputMethodManager: Starting input: tba=android.view.inputmethod.EditorInfo@c78721b nm : com.example.batterymanager_utility ic=null
10-16 21:18:27.689  2479  2548 D ScanRecord: Not a Multi Manu data
10-16 21:18:27.689   426   426 D StageManager: saved stages : inStack [1] , outStack[2]
10-16 21:18:27.690  2479  2548 I chatty  : uid=1002(bluetooth) BT Service Call expire 11 lines
10-16 21:18:27.690  2479  2548 D ScanRecord: Not a Multi Manu data
10-16 21:18:27.691  2479  2548 D ScanRecord: Not a Multi Manu data
10-16 21:18:27.698  2479  2548 I chatty  : uid=1002(bluetooth) BT Service Call identical 24 lines
10-16 21:18:27.698  2479  2548 D ScanRecord: Not a Multi Manu data
10-16 21:18:27.699  3957  4030 D SensorService: [SO] 0.129 -0.067 9.969
10-16 21:18:27.702  2479  2548 D ScanRecord: Not a Multi Manu data
10-16 21:18:27.704  2479  2548 I chatty  : uid=1002(bluetooth) BT Service Call identical 24 lines
10-16 21:18:27.704  2479  2548 D ScanRecord: Not a Multi Manu data
10-16 21:18:27.705  3447  3447 I SurfaceFlinger: Display 0 HWC layers:
10-16 21:18:27.705  3447  3447 I SurfaceFlinger:     type    |    handle    | flag |  format   |   source crop (l,t,r,b)    |         frame       | name 
10-16 21:18:27.705  3447  3447 I SurfaceFlinger: ------------+--------------+------+-----------+----------------------------+---------------------+------
10-16 21:18:27.705  3447  3447 I SurfaceFlinger:      Device | 0x7e9ec225c0 | 0002 | RGBA_8888 |   0.0    0.0  720.0 1280.0 |    0    0  720 1280 | com.example.batterymanager_utility/c[...]atterymanager_utility.MainActivity#0
10-16 21:18:27.705  3447  3447 I SurfaceFlinger:      Device | 0x7ea5024180 | 0002 | RGBA_8888 |   0.0    0.0  720.0 1280.0 |    0    0  720 1280 | Splash Screen com.example.batterymanager_utility#0
10-16 21:18:27.705  3447  3447 I SurfaceFlinger:      Device | 0x7ea5024d80 | 0000 | RGBA_8888 |   0.0    0.0  720.0   42.0 |    0    0  720   42 | StatusBar#0
10-16 21:18:27.705  3447  3447 I SurfaceFlinger: 
10-16 21:18:27.717  2479  2548 D ScanRecord: Not a Multi Manu data
10-16 21:18:27.817  2479  2548 I chatty  : uid=1002(bluetooth) BT Service Call identical 193 lines
10-16 21:18:27.817  2479  2548 D ScanRecord: Not a Multi Manu data
10-16 21:18:27.837  3957  4089 D MdnieScenarioControlService:  packageName : com.example.batterymanager_utility    className : com.example.batterymanager_utility.MainActivity
10-16 21:18:27.837  3957  4089 V MdnieScenarioControlService: setUIMode from UI function(3)
10-16 21:18:27.837  3447  3447 I SurfaceFlinger: Display 0 HWC layers:
10-16 21:18:27.837  3447  3447 I SurfaceFlinger:     type    |    handle    | flag |  format   |   source crop (l,t,r,b)    |         frame       | name 
10-16 21:18:27.837  3447  3447 I SurfaceFlinger: ------------+--------------+------+-----------+----------------------------+---------------------+------
10-16 21:18:27.837  3447  3447 I SurfaceFlinger:      Device | 0x7e9ec225c0 | 0002 | RGBA_8888 |   0.0    0.0  720.0 1280.0 |    0    0  720 1280 | com.example.batterymanager_utility/c[...]atterymanager_utility.MainActivity#0
10-16 21:18:27.837  3447  3447 I SurfaceFlinger:      Device | 0x7ea5024d80 | 0000 | RGBA_8888 |   0.0    0.0  720.0   42.0 |    0    0  720   42 | StatusBar#0
10-16 21:18:27.837  3447  3447 I SurfaceFlinger: 
10-16 21:18:27.839  3957  4025 I WindowManager: Destroying surface Surface(name=Splash Screen com.example.batterymanager_utility) called by com.android.server.wm.WindowStateAnimator.destroySurface:2501 com.android.server.wm.WindowStateAnimator.destroySurfaceLocked:985 com.android.server.wm.WindowState.destroyOrSaveSurfaceUnchecked:3670 com.android.server.wm.WindowState.destroySurface:3618 com.android.server.wm.AppWindowToken.destroySurfaces:722 com.android.server.wm.AppWindowToken.destroySurfaces:706 com.android.server.wm.WindowState.onExitAnimationDone:5316 com.android.server.wm.WindowStateAnimator.stepAnimationLocked:550 
10-16 21:18:27.839  3447  5168 I SurfaceFlinger: id=2565 Removed Splash Screen com.example.batterymanager_utility#0 (3/5)
10-16 21:18:27.845  3447 18688 I SurfaceFlinger: id=2565 Removed Splash Screen com.example.batterymanager_utility#0 (-2/5)
10-16 21:18:27.850  2479  2548 D ScanRecord: Not a Multi Manu data
10-16 21:18:27.850  2479  2548 I chatty  : uid=1002(bluetooth) BT Service Call identical 11 lines
10-16 21:18:27.850  2479  2548 D ScanRecord: Not a Multi Manu data
10-16 21:18:27.851  3447  3447 I Layer   : id=2565 onRemoved Splash Screen com.example.batterymanager_utility#0 
10-16 21:18:27.861  2479  2548 D ScanRecord: Not a Multi Manu data
10-16 21:18:28.071  2479  2548 I chatty  : uid=1002(bluetooth) BT Service Call identical 349 lines
10-16 21:18:28.071  2479  2548 D ScanRecord: Not a Multi Manu data
10-16 21:18:28.267  3957  3957 D CustomFrequencyManagerService: releaseDVFSLockLocked : Getting Lock type frm List : DVFS_MIN_LIMIT  frequency : 1560000  uid : 1000  pid : 3957  tag : AMS_RESUME_TAIL@CPU_MIN@58
10-16 21:18:28.289  3957  4128 D WifiService: getConnectionInfo uid=1000
10-16 21:18:28.367  3957  4129 D WifiStateMachine:  ConnectedState !RSSI_PKTCNT_FETCH uid=1000 rt=453311262/1146295742 0 0 "ourhome" f4:6d:2f:12:cc:88 rssi=-44 f=5240 sc=60 link=433 tx=0.7, 0.0, 0.0  rx=6.0 bcn=550230 [on:0 tx:0 rx:0 period:1003] from screen [on:642708 period:3380974] score=60
10-16 21:18:28.370  3957  4129 D WifiStateMachine:  L2ConnectedState !RSSI_PKTCNT_FETCH uid=1000 rt=453311265/1146295745 0 0 "ourhome" f4:6d:2f:12:cc:88 rssi=-44 f=5240 sc=60 link=433 tx=0.7, 0.0, 0.0  rx=6.0 bcn=550230 [on:0 tx:0 rx:0 period:3] from screen [on:642708 period:3380977] score=60
10-16 21:18:28.372  3957  4129 D WifiStateMachine: fetchRssiLinkSpeedAndFrequencyNative rssi=-44 linkspeed=433 freq=5240
10-16 21:18:29.055  3957  3957 D PreBindingService: handleMessage : 1
10-16 21:18:29.141  3957  4129 D WifiStateMachine:  ConnectedState !CMD_RSSI_POLL rt=453312036/1146296516 70 0 "ourhome" f4:6d:2f:12:cc:88 rssi=-44 f=5240 sc=60 link=433 tx=0.7, 0.0, 0.0  rx=6.0 bcn=550230 [on:0 tx:0 rx:0 period:771] from screen [on:642708 period:3381748] score=60
10-16 21:18:29.143  3957  4129 D WifiStateMachine:  L2ConnectedState !CMD_RSSI_POLL rt=453312039/1146296519 70 0 "ourhome" f4:6d:2f:12:cc:88 rssi=-44 f=5240 sc=60 link=433 tx=0.7, 0.0, 0.0  rx=6.0 bcn=550230 [on:0 tx:0 rx:0 period:3] from screen [on:642708 period:3381751] score=60
10-16 21:18:29.144  3957  4129 D WifiStateMachine:  get link layer stats 3
10-16 21:18:29.144  3436  3436 I android.hardware.wifi@1.0-service: getLinkLayerStats
10-16 21:18:29.160  3957  4129 D WifiStateMachine: fetchRssiLinkSpeedAndFrequencyNative rssi=-45 linkspeed=433 freq=5240
10-16 21:18:29.167  4340  4340 E SignalClusterView: setSlotFocusVisible : subId -2
10-16 21:18:29.167  4340  4340 E SignalClusterView: setSlotFocusVisible : subId -2
10-16 21:18:29.292  3957  4128 D WifiService: getConnectionInfo uid=1000
10-16 21:18:29.319  4961  4961 D io_stats: !@ 179,0 r 7197496 230036240 w 1519821 31759688 d 122870 32983448 f 353166 372265 iot 3143628 2753269 th 51200 0 0 pt 0 inp 0 0 453312.215
10-16 21:18:29.368  3957  4129 D WifiStateMachine:  ConnectedState !RSSI_PKTCNT_FETCH uid=1000 rt=453312262/1146296743 0 0 "ourhome" f4:6d:2f:12:cc:88 rssi=-45 f=5240 sc=60 link=433 tx=2.2, 0.0, 0.0  rx=14.3 bcn=550259 [on:0 tx:0 rx:0 period:202] from screen [on:643891 period:3381975] score=60
10-16 21:18:29.370  3957  4129 D WifiStateMachine:  L2ConnectedState !RSSI_PKTCNT_FETCH uid=1000 rt=453312266/1146296746 0 0 "ourhome" f4:6d:2f:12:cc:88 rssi=-45 f=5240 sc=60 link=433 tx=2.2, 0.0, 0.0  rx=14.3 bcn=550259 [on:0 tx:0 rx:0 period:3] from screen [on:643891 period:3381978] score=60
10-16 21:18:29.378  3957  4129 D WifiStateMachine: fetchRssiLinkSpeedAndFrequencyNative rssi=-44 linkspeed=433 freq=5240
10-16 21:18:30.295  3957  4128 D WifiService: getConnectionInfo uid=1000
10-16 21:18:30.370  3957  4129 D WifiStateMachine:  ConnectedState !RSSI_PKTCNT_FETCH uid=1000 rt=453313265/1146297746 0 0 "ourhome" f4:6d:2f:12:cc:88 rssi=-44 f=5240 sc=60 link=433 tx=2.2, 0.0, 0.0  rx=14.3 bcn=550259 [on:0 tx:0 rx:0 period:999] from screen [on:643891 period:3382977] score=60
10-16 21:18:30.372  3957  4129 D WifiStateMachine:  L2ConnectedState !RSSI_PKTCNT_FETCH uid=1000 rt=453313268/1146297748 0 0 "ourhome" f4:6d:2f:12:cc:88 rssi=-44 f=5240 sc=60 link=433 tx=2.2, 0.0, 0.0  rx=14.3 bcn=550259 [on:0 tx:0 rx:0 period:3] from screen [on:643891 period:3382980] score=60
10-16 21:18:30.375  3957  4129 D WifiStateMachine: fetchRssiLinkSpeedAndFrequencyNative rssi=-46 linkspeed=433 freq=5240
10-16 21:18:31.029  3957  6478 D WifiService: getConnectionInfo uid=1000
10-16 21:18:31.299  3957  4128 D WifiService: getConnectionInfo uid=1000
10-16 21:18:31.371  3957  4129 D WifiStateMachine:  ConnectedState !RSSI_PKTCNT_FETCH uid=1000 rt=453314266/1146298747 0 0 "ourhome" f4:6d:2f:12:cc:88 rssi=-46 f=5240 sc=60 link=433 tx=2.2, 0.0, 0.0  rx=14.3 bcn=550259 [on:0 tx:0 rx:0 period:999] from screen [on:643891 period:3383979] score=60
10-16 21:18:31.374  3957  4129 D WifiStateMachine:  L2ConnectedState !RSSI_PKTCNT_FETCH uid=1000 rt=453314270/1146298750 0 0 "ourhome" f4:6d:2f:12:cc:88 rssi=-46 f=5240 sc=60 link=433 tx=2.2, 0.0, 0.0  rx=14.3 bcn=550259 [on:0 tx:0 rx:0 period:3] from screen [on:643891 period:3383982] score=60
10-16 21:18:31.381  3957  4129 D WifiStateMachine: fetchRssiLinkSpeedAndFrequencyNative rssi=-43 linkspeed=433 freq=5240
10-16 21:18:32.044  3957  4055 I TLC_TIMA_PKM_initialize: initializing...
10-16 21:18:32.044  3957  4055 I TLC_TIMA_PKM_initialize: root = 0, root_strlen = 1
10-16 21:18:32.044  3957  4055 I TLC_TIMA_PKM_initialize: process = ffffffff00000000000000000000000a, process_strlen = 32
10-16 21:18:32.044  3957  4055 I TZ: mc_tlc_communication: input max_sendmsg_size = 262196
10-16 21:18:32.044  3957  4055 I TZ: mc_tlc_communication: input max_recvmsg_size = 262196
10-16 21:18:32.044  3957  4055 I TZ: mc_tlc_communication: root = 0, root_len = 1
10-16 21:18:32.044  3957  4055 I TZ: mc_tlc_communication: process = ffffffff00000000000000000000000a, process_strlen = 32
10-16 21:18:32.044  3957  4055 I TZ: mc_tlc_communication: aligned max_sendmsg_size = 262208
10-16 21:18:32.044  3957  4055 I TZ: mc_tlc_communication: aligned max_recvmsg_size = 262208
10-16 21:18:32.044  3957  4055 I TZ: mc_tlc_communication: device_id = 0x0
10-16 21:18:32.045  3957  4055 I TZ: mc_tlc_communication: tlc_open() was called
10-16 21:18:32.045  3957  4055 I TZ: mc_tlc_communication: Opening MobiCore device
10-16 21:18:32.045  3957  4055 I TeeSysClient: open mode set to: 0 [hardware/samsung_slsi/exynos7885/mobicore/ClientLib/src/common.cpp:343]
10-16 21:18:32.045  3957  4055 I TeeSysClient: driver version: v6.3 [hardware/samsung_slsi/exynos7885/mobicore/ClientLib/src/driver.cpp:71]
10-16 21:18:32.046  3957  4055 I TeeSysClient: driver open [hardware/samsung_slsi/exynos7885/mobicore/ClientLib/src/driver.cpp:84]
10-16 21:18:32.046  3957  4055 I TeeSysClient: Kinibi access granted by the driver [hardware/samsung_slsi/exynos7885/mobicore/ClientLib/src/common.cpp:217]
10-16 21:18:32.046  3957  4055 I TZ: mc_tlc_communication: Allocating message buffer for TCI
10-16 21:18:32.048  3957  4055 I TZ: mc_tlc_communication: Opening the session
10-16 21:18:32.059   887   887 E adbd    : recv: OPEN 000003a1 00000000 003f:73 68 65 6C 6C 2C 76 32 2C 54 45 52 4D 3D 78 74 65 72 6D 2D 32 35 36 63 6F 6C 6F 72 2C 72 61 77 3A 6D 6F 6E 6B 65 79 20 2D 70 20 6F 72 67 2E 6D 6F 7A 69 6C 6C 61 2E 66 65 6E 69 78 20 31 00 
10-16 21:18:32.060   887   887 E adbd    : service_to_fd: shell,v2,TERM=xterm-256color,raw:monkey -p org.mozilla.fenix 1
10-16 21:18:32.061  3957  4055 I TZ: mc_tlc_communication: tlc_open() succeeded
10-16 21:18:32.061  3957  4055 E TLC_TIMA_PKM_initialize: tima_pkm : /system/etc/tima/kern_sec_info1
10-16 21:18:32.065  3957  4055 E TLC_TIMA_PKM_initialize: tima_pkm : /system/etc/tima/kern_sec_info2
10-16 21:18:32.068  3957  4055 E TLC_TIMA_PKM_initialize: tima_pkm : /system/etc/tima/kern_sec_info3
10-16 21:18:32.071  3957  4055 E TLC_TIMA_PKM_initialize: tima_pkm : /system/etc/tima/kern_sec_info4
10-16 21:18:32.073  3957  4055 E TLC_TIMA_PKM_initialize: tima_pkm : /system/etc/tima/kern_sec_info5
10-16 21:18:32.076  3957  4055 E TLC_TIMA_PKM_initialize: tima_pkm : /system/etc/tima/kern_sec_info6
10-16 21:18:32.080  3957  4055 E TLC_TIMA_PKM_initialize: tima_pkm : /system/etc/tima/kern_sec_info7
10-16 21:18:32.083  3957  4055 E TLC_TIMA_PKM_initialize: tima_pkm : /system/etc/tima/kern_sec_info8
10-16 21:18:32.090  3957  4055 I TLC_TIMA_PKM_initialize: Trustlet response is completed
10-16 21:18:32.133  3957  6478 D SSRM:k  : SIOP:: AP = 340, PST = 353 (W:18), BAT = 282, USB = 0, CHG = 0
10-16 21:18:32.163  3957  4129 D WifiStateMachine:  ConnectedState !CMD_RSSI_POLL rt=453315060/1146299540 70 0 "ourhome" f4:6d:2f:12:cc:88 rssi=-43 f=5240 sc=60 link=433 tx=2.2, 0.0, 0.0  rx=14.3 bcn=550259 [on:0 tx:0 rx:0 period:789] from screen [on:643891 period:3384771] score=60
10-16 21:18:32.165  3957  4129 D WifiStateMachine:  L2ConnectedState !CMD_RSSI_POLL rt=453315061/1146299542 70 0 "ourhome" f4:6d:2f:12:cc:88 rssi=-43 f=5240 sc=60 link=433 tx=2.2, 0.0, 0.0  rx=14.3 bcn=550259 [on:0 tx:0 rx:0 period:1] from screen [on:643891 period:3384772] score=60
10-16 21:18:32.165  3957  4129 D WifiStateMachine:  get link layer stats 3
10-16 21:18:32.165  3436  3436 I android.hardware.wifi@1.0-service: getLinkLayerStats
10-16 21:18:32.172  3957  4129 D WifiStateMachine: fetchRssiLinkSpeedAndFrequencyNative rssi=-43 linkspeed=433 freq=5240
10-16 21:18:32.175  4340  4340 E SignalClusterView: setSlotFocusVisible : subId -2
10-16 21:18:32.175  4340  4340 E SignalClusterView: setSlotFocusVisible : subId -2
10-16 21:18:32.301  3957  4128 D WifiService: getConnectionInfo uid=1000
10-16 21:18:32.371  3957  4129 D WifiStateMachine:  ConnectedState !RSSI_PKTCNT_FETCH uid=1000 rt=453315267/1146299747 0 0 "ourhome" f4:6d:2f:12:cc:88 rssi=-43 f=5240 sc=60 link=433 tx=0.8, 0.0, 0.0  rx=16.6 bcn=550287 [on:0 tx:0 rx:0 period:197] from screen [on:644174 period:3384979] score=60
10-16 21:18:32.373  3957  4129 D WifiStateMachine:  L2ConnectedState !RSSI_PKTCNT_FETCH uid=1000 rt=453315269/1146299750 0 0 "ourhome" f4:6d:2f:12:cc:88 rssi=-43 f=5240 sc=60 link=433 tx=0.8, 0.0, 0.0  rx=16.6 bcn=550287 [on:0 tx:0 rx:0 period:2] from screen [on:644174 period:3384981] score=60
10-16 21:18:32.377  3957  4129 D WifiStateMachine: fetchRssiLinkSpeedAndFrequencyNative rssi=-44 linkspeed=433 freq=5240
10-16 21:18:32.589 11194 11194 W ADebug  : Failed to get property persist.sys.media.traces
10-16 21:18:32.592 11194 11194 E appproc : Enhanced Zygote ASLR: ro.knox.enhance.zygote.aslr != 1. Enhanced Zygote ASLR is DISABLED!
10-16 21:18:32.592 11194 11194 D AndroidRuntime: >>>>>> START com.android.internal.os.RuntimeInit uid 2000 <<<<<<
10-16 21:18:32.595  2479  2548 D ScanRecord: Not a Multi Manu data
10-16 21:18:32.595  2479  2548 I chatty  : uid=1002(bluetooth) BT Service Call identical 11 lines
10-16 21:18:32.595  2479  2548 D ScanRecord: Not a Multi Manu data
10-16 21:18:32.598 11194 11194 D SecNativeFeatureCppIf: encoded
10-16 21:18:32.598 11194 11194 D SecNativeFeatureCppIf: decoding and unzip finish
10-16 21:18:32.598 11194 11194 D SecNativeFeatureCppIf: use unCompDataBuff. encoded
10-16 21:18:32.598 11194 11194 D SecNativeFeatureCppIf: Free unCompDataBuff
10-16 21:18:32.598 11194 11194 D SecNativeFeatureCppIf: encoded
10-16 21:18:32.598 11194 11194 D SecNativeFeatureCppIf: decoding and unzip finish
10-16 21:18:32.598 11194 11194 D SecNativeFeatureCppIf: use unCompDataBuff. encoded
10-16 21:18:32.599 11194 11194 D SecNativeFeatureCppIf: Free unCompDataBuff
10-16 21:18:32.599 11194 11194 D SecNativeFeatureCppIf: encoded
10-16 21:18:32.599 11194 11194 D SecNativeFeatureCppIf: decoding and unzip finish
10-16 21:18:32.599 11194 11194 D SecNativeFeatureCppIf: use unCompDataBuff. encoded
10-16 21:18:32.599 11194 11194 D SecNativeFeatureCppIf: Free unCompDataBuff
10-16 21:18:32.599 11194 11194 D SecNativeFeatureCppIf: encoded
10-16 21:18:32.599 11194 11194 D SecNativeFeatureCppIf: decoding and unzip finish
10-16 21:18:32.599 11194 11194 D SecNativeFeatureCppIf: use unCompDataBuff. encoded
10-16 21:18:32.599 11194 11194 D SecNativeFeatureCppIf: Free unCompDataBuff
10-16 21:18:32.613  2479  2548 D ScanRecord: Not a Multi Manu data
10-16 21:18:32.712  2479  2548 I chatty  : uid=1002(bluetooth) BT Service Call identical 154 lines
10-16 21:18:32.712  2479  2548 D ScanRecord: Not a Multi Manu data
10-16 21:18:32.718 11194 11194 D ICU     : Timezone override file found: /data/misc/zoneinfo/current/icu/icu_tzdata.dat
10-16 21:18:32.725  2479  2548 D ScanRecord: Not a Multi Manu data
10-16 21:18:32.741  2479  2548 I chatty  : uid=1002(bluetooth) BT Service Call identical 61 lines
10-16 21:18:32.741 11194 11194 I app_process: find the special shared library, skip check
10-16 21:18:32.741  2479  2548 D ScanRecord: Not a Multi Manu data
10-16 21:18:32.741  2479  2548 D ScanRecord: Not a Multi Manu data
10-16 21:18:32.775  2479  2548 I chatty  : uid=1002(bluetooth) BT Service Call identical 78 lines
10-16 21:18:32.775  2479  2548 D ScanRecord: Not a Multi Manu data
10-16 21:18:32.776 11194 11194 D SemCscFeature: Encoded
10-16 21:18:32.776  2479  2548 D ScanRecord: Not a Multi Manu data
10-16 21:18:32.777  2479  2548 I chatty  : uid=1002(bluetooth) BT Service Call identical 11 lines
10-16 21:18:32.777  2479  2548 D ScanRecord: Not a Multi Manu data
10-16 21:18:32.778 11194 11194 D SemCscFeature: Encoded
10-16 21:18:32.779 11194 11194 I chatty  : uid=2000(shell) identical 1 line
10-16 21:18:32.780 11194 11194 D SemCscFeature: Encoded
10-16 21:18:32.781 11194 11194 E SemAffinityControl: SemAffinityControl: registerfunction enter
10-16 21:18:32.785  2479  2548 D ScanRecord: Not a Multi Manu data
10-16 21:18:32.785  2479  2548 I chatty  : uid=1002(bluetooth) BT Service Call identical 11 lines
10-16 21:18:32.785  2479  2548 D ScanRecord: Not a Multi Manu data
10-16 21:18:32.787 11194 11194 D AndroidRuntime: Calling main entry com.android.commands.monkey.Monkey
10-16 21:18:32.789  2479  2548 D ScanRecord: Not a Multi Manu data
10-16 21:18:32.816  3957  3972 W BroadcastQueue: Skipping deliver [background] BroadcastRecord{8f6f3fb u-1 android.net.conn.CONNECTIVITY_CHANGE} to ReceiverList{e9e8c18 11194 (unknown name)/2000/u-1 remote:36b7ff5}: process gone or crashing
10-16 21:18:32.851  3957 14954 I ActivityManager: START u0 {act=android.intent.action.MAIN typ=null flg=0x10200000 cmp=ComponentInfo{org.mozilla.fenix/org.mozilla.fenix.App}} from uid 2000
10-16 21:18:32.851  2479  2548 I chatty  : uid=1002(bluetooth) BT Service Call identical 128 lines
10-16 21:18:32.851  2479  2548 D ScanRecord: Not a Multi Manu data
10-16 21:18:32.852  3957 14954 W Binder  : Outgoing transactions from this process must be FLAG_ONEWAY
10-16 21:18:32.852  3957 14954 W Binder  : java.lang.Throwable
10-16 21:18:32.852  3957 14954 W Binder  : 	at android.os.BinderProxy.transact(Binder.java:744)
10-16 21:18:32.852  3957 14954 W Binder  : 	at android.app.IActivityController$Stub$Proxy.activityStarting(IActivityController.java:172)
10-16 21:18:32.852  3957 14954 W Binder  : 	at com.android.server.am.ActivityStarter.startActivity(ActivityStarter.java:648)
10-16 21:18:32.852  3957 14954 W Binder  : 	at com.android.server.am.ActivityStarter.startActivityLocked(ActivityStarter.java:410)
10-16 21:18:32.852  3957 14954 W Binder  : 	at com.android.server.am.ActivityStarter.startActivityMayWait(ActivityStarter.java:1283)
10-16 21:18:32.852  3957 14954 W Binder  : 	at com.android.server.am.ActivityManagerService.startActivityAsUser(ActivityManagerService.java:6033)
10-16 21:18:32.852  3957 14954 W Binder  : 	at com.android.server.am.ActivityManagerService.startActivity(ActivityManagerService.java:5885)
10-16 21:18:32.852  3957 14954 W Binder  : 	at android.app.IActivityManager$Stub.onTransact(IActivityManager.java:121)
10-16 21:18:32.852  3957 14954 W Binder  : 	at com.android.server.am.ActivityManagerService.onTransact(ActivityManagerService.java:3861)
10-16 21:18:32.852  3957 14954 W Binder  : 	at android.os.Binder.execTransact(Binder.java:682)
10-16 21:18:32.852  2479  2548 D ScanRecord: Not a Multi Manu data
10-16 21:18:32.855  3957 14954 D CustomFrequencyManagerService: acquireDVFSLockLocked : type : DVFS_MIN_LIMIT  frequency : 1560000  uid : 1000  pid : 3957  pkgName : AMS_APP_SWITCH@CPU_MIN@52
10-16 21:18:32.856  3957 14954 D ActivityManagerPerformance: AMP_acquire() APP_SWITCH
10-16 21:18:32.856  3957  5022 D ActivityManagerPerformance: Received MSG_CFMS_HINT_AMS_SWITCH pkgName: org.mozilla.fenix
10-16 21:18:32.857  2479  2548 I chatty  : uid=1002(bluetooth) BT Service Call identical 20 lines
10-16 21:18:32.857  3957  6478 D WifiService: getConnectionInfo uid=1000
10-16 21:18:32.857  2479  2548 D ScanRecord: Not a Multi Manu data
10-16 21:18:32.857  2479  2548 D ScanRecord: Not a Multi Manu data
10-16 21:18:32.857  2479  2548 I chatty  : uid=1002(bluetooth) BT Service Call identical 2 lines
10-16 21:18:32.857  2479  2548 D ScanRecord: Not a Multi Manu data
10-16 21:18:32.864  3957 18006 D ActivityManager: isScaleDownAnimationEnabled() : false
10-16 21:18:32.864  3957 14954 V WindowManager: rotationForOrientationLw(orient=-1, last=0); user=0  sensorRotation=-1 mLidState=-1 mDockMode=0 mHdmiPlugged=false
10-16 21:18:32.865  3957 18006 D StorageManagerService: getExternalStorageMountMode : 1
10-16 21:18:32.865  3957 14954 V WindowManager: rotationForOrientationLw(orient=-1, last=0); user=0  sensorRotation=-1 mLidState=-1 mDockMode=0 mHdmiPlugged=false
10-16 21:18:32.865  3957 18006 D StorageManagerService: getExternalStorageMountMode : 3
10-16 21:18:32.866  3957 18006 D StorageManagerService: getExternalStorageMountMode : final mountMode=1, uid : 10169, packageName : org.mozilla.fenix
10-16 21:18:32.866  3957 18006 I ApplicationPolicy: isApplicationExternalStorageWhitelisted:org.mozilla.fenix user:0
10-16 21:18:32.866  3957 18006 D ApplicationPolicy: isApplicationExternalStorageWhitelisted: DO is not enabled on user 0. Allowed.
10-16 21:18:32.866  3957 18006 D ActivityManager: package  org.mozilla.fenix, user - 0 is SDcard whitelisted
10-16 21:18:32.866  3957 18006 I ApplicationPolicy: isApplicationExternalStorageBlacklisted:org.mozilla.fenix user:0
10-16 21:18:32.866  3957 18006 D ApplicationPolicy: isApplicationExternalStorageBlacklisted: DO is not enabled on user 0. Allowed.
10-16 21:18:32.868  2479  2548 D ScanRecord: Not a Multi Manu data
10-16 21:18:32.876  2479  2548 I chatty  : uid=1002(bluetooth) BT Service Call identical 24 lines
10-16 21:18:32.876  2479  2548 D ScanRecord: Not a Multi Manu data
10-16 21:18:32.878  3957 18006 I ActivityManager: Start proc 11204:org.mozilla.fenix/u0a169 for activity org.mozilla.fenix/.App
10-16 21:18:32.878 11204 11204 E Zygote  : isWhitelistProcess - Process is Whitelisted
10-16 21:18:32.878 11204 11204 E libpersona: scanKnoxPersonas
10-16 21:18:32.878 11204 11204 E libpersona: Couldn't open the File - /data/system/users/0/personalist.xml - No such file or directory
10-16 21:18:32.880 11204 11204 W SELinux : SELinux selinux_android_compute_policy_index : Policy Index[2],  Con:u:r:zygote:s0 RAM:SEPF_SM-J720F_8.0.0_0002, [-1 -1 -1 -1 0 1]
10-16 21:18:32.881 11204 11204 I SELinux : SELinux: seapp_context_lookup: seinfo=untrusted, level=s0:c512,c768, pkgname=org.mozilla.fenix 
10-16 21:18:32.883  3957  3973 V WindowManager: rotationForOrientationLw(orient=-1, last=0); user=0  sensorRotation=-1 mLidState=-1 mDockMode=0 mHdmiPlugged=false
10-16 21:18:32.886 11194 11194 I com.android.commands.monkey: System.exit called, status: 0
10-16 21:18:32.886 11194 11194 I AndroidRuntime: VM exiting with result code 0.
10-16 21:18:32.888  3957  3973 V WindowManager: rotationForOrientationLw(orient=-1, last=0); user=0  sensorRotation=-1 mLidState=-1 mDockMode=0 mHdmiPlugged=false
10-16 21:18:32.891  4340  4731 D Tile.RotationLockTile:  handleUpdateState: true orientation = true
10-16 21:18:32.894  4340  4731 D Tile.RotationLockTile:  handleUpdateState: true orientation = true
10-16 21:18:32.900  2479  2548 D ScanRecord: Not a Multi Manu data
10-16 21:18:32.902  2479  2548 I chatty  : uid=1002(bluetooth) BT Service Call identical 24 lines
10-16 21:18:32.902  2479  2548 D ScanRecord: Not a Multi Manu data
10-16 21:18:32.906 11204 11204 D TimaKeyStoreProvider: TimaKeyStore is not enabled: cannot add TimaSignature Service and generateKeyPair Service
10-16 21:18:32.906 11204 11204 D ActivityThread: Added TimaKeyStore provider
10-16 21:18:32.908  3957 14954 I ActivityManager: DSS on for org.mozilla.fenix and scale is 1.0
10-16 21:18:32.909  2479  2548 D ScanRecord: Not a Multi Manu data
10-16 21:18:32.913  2479  2548 I chatty  : uid=1002(bluetooth) BT Service Call identical 24 lines
10-16 21:18:32.913  2479  2548 D ScanRecord: Not a Multi Manu data
10-16 21:18:32.916  3957 14954 D PersonaManagerService: Current focused persona service handled id set to : 0
10-16 21:18:32.916  3957 14954 D InputDispatcher: Focused application set to: xxxx
10-16 21:18:32.917  3957 14954 D InputDispatcher: Focus left window: 11160
10-16 21:18:32.918 11160 11160 D ViewRootImpl@4470b6[MainActivity]: MSG_WINDOW_FOCUS_CHANGED 0
10-16 21:18:32.919  3957  4220 D GameManagerService: handleForegroundChange(). pkgName: org.mozilla.fenix, clsName: org.mozilla.fenix.HomeActivity,FgActivityName:org.mozilla.fenix/.HomeActivity
10-16 21:18:32.919  3957 14954 D MARsPolicyManager: onPackageResumedFG pkgName = org.mozilla.fenix, userId = 0
10-16 21:18:32.919  3957  4220 D GameManagerService: sem_perfomance_mode: 3
10-16 21:18:32.919  3957  4220 D GameManagerService: notifyResumePause(). pkg: org.mozilla.fenix, type: 4, isMinimized: false, isTunableApp: false
10-16 21:18:32.919  3957  4220 D GameManagerService:   notifyResumePause(). unexpected mPrevNotiType: -1
10-16 21:18:32.920  2479  2548 D ScanRecord: Not a Multi Manu data
10-16 21:18:32.922  3957  6478 D GamePkgDataHelper: getGamePkgDataIncServer(). org.mozilla.fenix
10-16 21:18:32.923  3957  6478 D GameManagerService: identifyGamePackage. org.mozilla.fenix
10-16 21:18:32.923  3957  6478 D GamePkgDataHelper: getGamePkgData(). org.mozilla.fenix
