10-16 20:37:47.785  2479  2548 I chatty  : uid=1002(bluetooth) BT Service Call identical 11 lines
10-16 20:37:47.785  2479  2548 D ScanRecord: Not a Multi Manu data
10-16 20:37:47.785  3957  4030 D SensorService: [SO] 0.148 -0.105 9.984
10-16 20:37:47.785  2479  2548 D ScanRecord: Not a Multi Manu data
10-16 20:37:47.815  2479  2548 I chatty  : uid=1002(bluetooth) BT Service Call identical 90 lines
10-16 20:37:47.816  6748  7056 I BatteryMgr:DataCollectionService: stats => 1697481467816,-27,4313,8,0,100
10-16 20:37:47.816  2479  2548 D ScanRecord: Not a Multi Manu data
10-16 20:37:47.816  2479  2548 D ScanRecord: Not a Multi Manu data
10-16 20:37:47.913  2479  2548 I chatty  : uid=1002(bluetooth) BT Service Call identical 179 lines
10-16 20:37:47.913  2479  2548 D ScanRecord: Not a Multi Manu data
10-16 20:37:47.921  6748  7056 I BatteryMgr:DataCollectionService: stats => 1697481467921,-27,4313,8,0,100
10-16 20:37:47.928  2479  2548 D ScanRecord: Not a Multi Manu data
10-16 20:37:47.983  2479  2548 I chatty  : uid=1002(bluetooth) BT Service Call identical 142 lines
10-16 20:37:47.992  3957  4128 D WifiService: getConnectionInfo uid=1000
10-16 20:37:47.992  2479  2548 D ScanRecord: Not a Multi Manu data
10-16 20:37:47.992  2479  2548 D ScanRecord: Not a Multi Manu data
10-16 20:37:48.015  2479  2548 I chatty  : uid=1002(bluetooth) BT Service Call identical 62 lines
10-16 20:37:48.015  2479  2548 D ScanRecord: Not a Multi Manu data
10-16 20:37:48.026  6748  7056 I BatteryMgr:DataCollectionService: stats => 1697481468026,-27,4313,8,0,100
10-16 20:37:48.030  2479  2548 D ScanRecord: Not a Multi Manu data
10-16 20:37:48.039  2479  2548 I chatty  : uid=1002(bluetooth) BT Service Call identical 76 lines
10-16 20:37:48.039  2479  2548 D ScanRecord: Not a Multi Manu data
10-16 20:37:48.132  6748  7056 I BatteryMgr:DataCollectionService: stats => 1697481468132,-27,4313,8,0,100
10-16 20:37:48.239  6748  7056 I BatteryMgr:DataCollectionService: stats => 1697481468239,-27,4313,8,0,100
10-16 20:37:48.345  6748  7056 I BatteryMgr:DataCollectionService: stats => 1697481468345,-27,4313,8,0,100
10-16 20:37:48.451  6748  7056 I BatteryMgr:DataCollectionService: stats => 1697481468451,-27,4313,8,0,100
10-16 20:37:48.558  6748  7056 I BatteryMgr:DataCollectionService: stats => 1697481468558,-27,4313,8,0,100
10-16 20:37:48.663  6748  7056 I BatteryMgr:DataCollectionService: stats => 1697481468663,-27,4313,8,0,100
10-16 20:37:48.769  3957  4129 D WifiStateMachine:  ConnectedState !RSSI_PKTCNT_FETCH uid=1000 rt=450871664/1143856145 0 0 "ourhome" f4:6d:2f:12:cc:88 rssi=-41 f=5240 sc=60 link=433 tx=27.4, 0.0, 0.0  rx=35.4 bcn=528381 [on:0 tx:0 rx:0 period:1001] from screen [on:282462 period:941377] score=60
10-16 20:37:48.772  3957  4129 D WifiStateMachine:  L2ConnectedState !RSSI_PKTCNT_FETCH uid=1000 rt=450871667/1143856148 0 0 "ourhome" f4:6d:2f:12:cc:88 rssi=-41 f=5240 sc=60 link=433 tx=27.4, 0.0, 0.0  rx=35.4 bcn=528381 [on:0 tx:0 rx:0 period:3] from screen [on:282462 period:941380] score=60
10-16 20:37:48.773  6748  7056 I BatteryMgr:DataCollectionService: stats => 1697481468773,-27,4313,8,0,100
10-16 20:37:48.778  3957  4129 D WifiStateMachine: fetchRssiLinkSpeedAndFrequencyNative rssi=-41 linkspeed=433 freq=5240
10-16 20:37:48.879  6748  7056 I BatteryMgr:DataCollectionService: stats => 1697481468879,-27,4313,8,0,100
10-16 20:37:48.929  3957  4129 D WifiStateMachine:  ConnectedState !CMD_RSSI_POLL rt=450871826/1143856307 70 0 "ourhome" f4:6d:2f:12:cc:88 rssi=-41 f=5240 sc=60 link=433 tx=27.4, 0.0, 0.0  rx=35.4 bcn=528381 [on:0 tx:0 rx:0 period:157] from screen [on:282462 period:941537] score=60
10-16 20:37:48.930  3957  4129 D WifiStateMachine:  L2ConnectedState !CMD_RSSI_POLL rt=450871827/1143856308 70 0 "ourhome" f4:6d:2f:12:cc:88 rssi=-41 f=5240 sc=60 link=433 tx=27.4, 0.0, 0.0  rx=35.4 bcn=528381 [on:0 tx:0 rx:0 period:1] from screen [on:282462 period:941538] score=60
10-16 20:37:48.931  3957  4129 D WifiStateMachine:  get link layer stats 3
10-16 20:37:48.931  3436  3436 I android.hardware.wifi@1.0-service: getLinkLayerStats
10-16 20:37:48.949  3957  4129 D WifiStateMachine: fetchRssiLinkSpeedAndFrequencyNative rssi=-41 linkspeed=433 freq=5240
10-16 20:37:48.951  4340  4340 E SignalClusterView: setSlotFocusVisible : subId -2
10-16 20:37:48.951  4340  4340 E SignalClusterView: setSlotFocusVisible : subId -2
10-16 20:37:48.983  6748  7056 I BatteryMgr:DataCollectionService: stats => 1697481468983,-27,4313,8,0,100
10-16 20:37:48.994  3957  4128 D WifiService: getConnectionInfo uid=1000
10-16 20:37:49.088  6748  7056 I BatteryMgr:DataCollectionService: stats => 1697481469088,-27,4313,8,0,100
10-16 20:37:49.195  6748  7056 I BatteryMgr:DataCollectionService: stats => 1697481469195,-27,4313,8,0,100
10-16 20:37:49.303  6748  7056 I BatteryMgr:DataCollectionService: stats => 1697481469302,-27,4313,8,0,100
10-16 20:37:49.408  6748  7056 I BatteryMgr:DataCollectionService: stats => 1697481469408,-27,4313,8,0,100
10-16 20:37:49.513  6748  7056 I BatteryMgr:DataCollectionService: stats => 1697481469513,-27,4313,8,0,100
10-16 20:37:49.617  6748  7056 I BatteryMgr:DataCollectionService: stats => 1697481469617,-27,4313,8,0,100
10-16 20:37:49.724  6748  7056 I BatteryMgr:DataCollectionService: stats => 1697481469724,-27,4313,8,0,100
10-16 20:37:49.769  3957  4129 D WifiStateMachine:  ConnectedState !RSSI_PKTCNT_FETCH uid=1000 rt=450872666/1143857146 0 0 "ourhome" f4:6d:2f:12:cc:88 rssi=-41 f=5240 sc=60 link=433 tx=15.7, 0.0, 0.0  rx=29.4 bcn=528410 [on:0 tx:0 rx:0 period:818] from screen [on:283861 period:942377] score=60
10-16 20:37:49.770  3957  4129 D WifiStateMachine:  L2ConnectedState !RSSI_PKTCNT_FETCH uid=1000 rt=450872666/1143857147 0 0 "ourhome" f4:6d:2f:12:cc:88 rssi=-41 f=5240 sc=60 link=433 tx=15.7, 0.0, 0.0  rx=29.4 bcn=528410 [on:0 tx:0 rx:0 period:0] from screen [on:283861 period:942377] score=60
10-16 20:37:49.775  3957  4129 D WifiStateMachine: fetchRssiLinkSpeedAndFrequencyNative rssi=-41 linkspeed=433 freq=5240
10-16 20:37:49.829  6748  7056 I BatteryMgr:DataCollectionService: stats => 1697481469828,-27,4313,8,0,100
10-16 20:37:49.934  6748  7056 I BatteryMgr:DataCollectionService: stats => 1697481469934,-27,4313,8,0,100
10-16 20:37:49.997  3957  4128 D WifiService: getConnectionInfo uid=1000
10-16 20:37:50.039  6748  7056 I BatteryMgr:DataCollectionService: stats => 1697481470038,-27,4313,8,0,100
10-16 20:37:50.126  6792  6803 I zygote64: Background concurrent copying GC freed 247779(7MB) AllocSpace objects, 0(0B) LOS objects, 49% free, 6MB/13MB, paused 2.313ms total 178.487ms
10-16 20:37:50.145  6748  7056 I BatteryMgr:DataCollectionService: stats => 1697481470145,-27,4313,8,0,100
10-16 20:37:50.252  6748  7056 I BatteryMgr:DataCollectionService: stats => 1697481470252,-27,4313,8,0,100
10-16 20:37:50.357  6748  7056 I BatteryMgr:DataCollectionService: stats => 1697481470357,-27,4313,8,0,100
10-16 20:37:50.463  6748  7056 I BatteryMgr:DataCollectionService: stats => 1697481470463,-27,4313,8,0,100
10-16 20:37:50.568  6748  7056 I BatteryMgr:DataCollectionService: stats => 1697481470568,-27,4313,8,0,100
10-16 20:37:50.674  6748  7056 I BatteryMgr:DataCollectionService: stats => 1697481470674,-27,4313,8,0,100
10-16 20:37:50.770  3957  4129 D WifiStateMachine:  ConnectedState !RSSI_PKTCNT_FETCH uid=1000 rt=450873666/1143858147 0 0 "ourhome" f4:6d:2f:12:cc:88 rssi=-41 f=5240 sc=60 link=433 tx=15.7, 0.0, 0.0  rx=29.4 bcn=528410 [on:0 tx:0 rx:0 period:1000] from screen [on:283861 period:943377] score=60
10-16 20:37:50.771  3957  4129 D WifiStateMachine:  L2ConnectedState !RSSI_PKTCNT_FETCH uid=1000 rt=450873667/1143858148 0 0 "ourhome" f4:6d:2f:12:cc:88 rssi=-41 f=5240 sc=60 link=433 tx=15.7, 0.0, 0.0  rx=29.4 bcn=528410 [on:0 tx:0 rx:0 period:1] from screen [on:283861 period:943378] score=60
10-16 20:37:50.777  3957  4129 D WifiStateMachine: fetchRssiLinkSpeedAndFrequencyNative rssi=-45 linkspeed=433 freq=5240
10-16 20:37:50.781  6748  7056 I BatteryMgr:DataCollectionService: stats => 1697481470780,-27,4313,8,0,100
10-16 20:37:50.885  6748  7056 I BatteryMgr:DataCollectionService: stats => 1697481470885,-27,4313,8,0,100
10-16 20:37:50.989  6748  7056 I BatteryMgr:DataCollectionService: stats => 1697481470989,-27,4313,8,0,100
10-16 20:37:50.999  3957  4128 D WifiService: getConnectionInfo uid=1000
10-16 20:37:51.095  6748  7056 I BatteryMgr:DataCollectionService: stats => 1697481471095,-27,4313,8,0,100
10-16 20:37:51.153  3957  6478 D SSRM:k  : SIOP:: AP = 430, PST = 399 (W:12), BAT = 282, USB = 0, CHG = 0
10-16 20:37:51.161  3957  6478 D ac      : broadcastSiopLevelIntent:: currentSiopLevel = 0
10-16 20:37:51.167  3957  6478 D WifiService: getConnectionInfo uid=1000
10-16 20:37:51.167  2629  2629 I [SC]SCloudReceiver: onReceive: com.samsung.intent.action.CHECK_SIOP_LEVEL
10-16 20:37:51.170  2629  2629 I [SC]DetectorReceiver: onReceive [com.samsung.intent.action.CHECK_SIOP_LEVEL]
10-16 20:37:51.171  2629  2629 I [SC]AccountUtil: Samsung Account Not Logged in
10-16 20:37:51.174  3957  6478 I SensorService: createSensorEventConnection package name f.z
10-16 20:37:51.174  3957  6478 D SensorService: Calling batch handle==3 flags=0 rate=200000000 timeout== 0
10-16 20:37:51.175  3434  3434 I Sensors : ProximitySensor:enable: handle 3, en 1, old_en 0
10-16 20:37:51.200  6748  7056 I BatteryMgr:DataCollectionService: stats => 1697481471200,-27,4313,8,0,100
10-16 20:37:51.232  3957  6478 D SensorManager: registerListener :: 3, STK3013 Proximity, 200000, 0,  
10-16 20:37:51.232  3434  3434 I Sensors : ProximitySensor:readEvents: value 8(cm)
10-16 20:37:51.233  3957  3957 D SensorManager: Proximity, val = 8.0  [far]
10-16 20:37:51.233  3957  3957 D SensorService: Calling activate off 3
10-16 20:37:51.234  3434  4028 I Sensors : ProximitySensor:enable: handle 3, en 0, old_en 1
10-16 20:37:51.235  3957  3957 D SensorManager: unregisterListener ::   
10-16 20:37:51.307  6748  7056 I BatteryMgr:DataCollectionService: stats => 1697481471307,-27,4313,8,0,100
10-16 20:37:51.414  6748  7056 I BatteryMgr:DataCollectionService: stats => 1697481471414,-27,4313,8,0,100
10-16 20:37:51.519  6748  7056 I BatteryMgr:DataCollectionService: stats => 1697481471519,-27,4313,8,0,100
10-16 20:37:51.625  6748  7056 I BatteryMgr:DataCollectionService: stats => 1697481471625,-27,4313,8,0,100
10-16 20:37:51.731  6748  7056 I BatteryMgr:DataCollectionService: stats => 1697481471730,-27,4313,8,0,100
10-16 20:37:51.771  3957  4129 D WifiStateMachine:  ConnectedState !RSSI_PKTCNT_FETCH uid=1000 rt=450874667/1143859148 0 0 "ourhome" f4:6d:2f:12:cc:88 rssi=-45 f=5240 sc=60 link=433 tx=15.7, 0.0, 0.0  rx=29.4 bcn=528410 [on:0 tx:0 rx:0 period:1000] from screen [on:283861 period:944378] score=60
10-16 20:37:51.771  3957  4129 D WifiStateMachine:  L2ConnectedState !RSSI_PKTCNT_FETCH uid=1000 rt=450874668/1143859149 0 0 "ourhome" f4:6d:2f:12:cc:88 rssi=-45 f=5240 sc=60 link=433 tx=15.7, 0.0, 0.0  rx=29.4 bcn=528410 [on:0 tx:0 rx:0 period:1] from screen [on:283861 period:944379] score=60
10-16 20:37:51.777  3957  4129 D WifiStateMachine: fetchRssiLinkSpeedAndFrequencyNative rssi=-41 linkspeed=433 freq=5240
10-16 20:37:51.836  6748  7056 I BatteryMgr:DataCollectionService: stats => 1697481471836,-27,4313,8,0,100
10-16 20:37:51.943  6748  7056 I BatteryMgr:DataCollectionService: stats => 1697481471943,-27,4313,8,0,100
10-16 20:37:51.950  3957  4129 D WifiStateMachine:  ConnectedState !CMD_RSSI_POLL rt=450874847/1143859328 70 0 "ourhome" f4:6d:2f:12:cc:88 rssi=-41 f=5240 sc=60 link=433 tx=15.7, 0.0, 0.0  rx=29.4 bcn=528410 [on:0 tx:0 rx:0 period:179] from screen [on:283861 period:944558] score=60
10-16 20:37:51.951  3957  4129 D WifiStateMachine:  L2ConnectedState !CMD_RSSI_POLL rt=450874848/1143859329 70 0 "ourhome" f4:6d:2f:12:cc:88 rssi=-41 f=5240 sc=60 link=433 tx=15.7, 0.0, 0.0  rx=29.4 bcn=528410 [on:0 tx:0 rx:0 period:1] from screen [on:283861 period:944559] score=60
10-16 20:37:51.951  3957  4129 D WifiStateMachine:  get link layer stats 3
10-16 20:37:51.952  3436  3436 I android.hardware.wifi@1.0-service: getLinkLayerStats
10-16 20:37:51.958  3957  4129 D WifiStateMachine: fetchRssiLinkSpeedAndFrequencyNative rssi=-41 linkspeed=433 freq=5240
10-16 20:37:51.962  4340  4340 E SignalClusterView: setSlotFocusVisible : subId -2
10-16 20:37:51.962  4340  4340 E SignalClusterView: setSlotFocusVisible : subId -2
10-16 20:37:52.001  3957  4128 D WifiService: getConnectionInfo uid=1000
10-16 20:37:52.048  6748  7056 I BatteryMgr:DataCollectionService: stats => 1697481472048,-27,4313,8,0,100
10-16 20:37:52.155  6748  7056 I BatteryMgr:DataCollectionService: stats => 1697481472154,-27,4313,8,0,100
10-16 20:37:52.260  6748  7056 I BatteryMgr:DataCollectionService: stats => 1697481472260,-27,4313,8,0,100
10-16 20:37:52.365  6748  7056 I BatteryMgr:DataCollectionService: stats => 1697481472365,-27,4313,8,0,100
10-16 20:37:52.470  6748  7056 I BatteryMgr:DataCollectionService: stats => 1697481472470,-27,4313,8,0,100
10-16 20:37:52.553  2479  2548 D ScanRecord: Not a Multi Manu data
10-16 20:37:52.575  2479  2548 I chatty  : uid=1002(bluetooth) BT Service Call identical 63 lines
10-16 20:37:52.575  2479  2548 D ScanRecord: Not a Multi Manu data
10-16 20:37:52.576  6748  7056 I BatteryMgr:DataCollectionService: stats => 1697481472576,-27,4313,8,0,100
10-16 20:37:52.578  2479  2548 D ScanRecord: Not a Multi Manu data
10-16 20:37:52.630  4961  4961 D io_stats: !@ 179,0 r 7145154 228356076 w 1509673 31586824 d 121726 32919592 f 351990 370937 iot 3117988 2731222 th 51200 0 0 pt 0 inp 0 0 450875.527
10-16 20:37:52.682  2479  2548 I chatty  : uid=1002(bluetooth) BT Service Call identical 232 lines
10-16 20:37:52.682  2479  2548 D ScanRecord: Not a Multi Manu data
10-16 20:37:52.682  6748  7056 I BatteryMgr:DataCollectionService: stats => 1697481472682,-27,4313,8,0,100
10-16 20:37:52.684  2479  2548 D ScanRecord: Not a Multi Manu data
10-16 20:37:52.765  2479  2548 I chatty  : uid=1002(bluetooth) BT Service Call identical 193 lines
10-16 20:37:52.765  2479  2548 D ScanRecord: Not a Multi Manu data
10-16 20:37:52.772  3957  4129 D WifiStateMachine:  ConnectedState !RSSI_PKTCNT_FETCH uid=1000 rt=450875669/1143860150 0 0 "ourhome" f4:6d:2f:12:cc:88 rssi=-41 f=5240 sc=60 link=433 tx=5.8, 0.0, 0.0  rx=24.1 bcn=528439 [on:0 tx:0 rx:0 period:812] from screen [on:284127 period:945380] score=60
10-16 20:37:52.773  2479  2548 D ScanRecord: Not a Multi Manu data
10-16 20:37:52.773  2479  2548 I chatty  : uid=1002(bluetooth) BT Service Call identical 11 lines
10-16 20:37:52.773  2479  2548 D ScanRecord: Not a Multi Manu data
10-16 20:37:52.773  3957  4129 D WifiStateMachine:  L2ConnectedState !RSSI_PKTCNT_FETCH uid=1000 rt=450875670/1143860151 0 0 "ourhome" f4:6d:2f:12:cc:88 rssi=-41 f=5240 sc=60 link=433 tx=5.8, 0.0, 0.0  rx=24.1 bcn=528439 [on:0 tx:0 rx:0 period:1] from screen [on:284127 period:945381] score=60
10-16 20:37:52.775  3957  4129 D WifiStateMachine: fetchRssiLinkSpeedAndFrequencyNative rssi=-41 linkspeed=433 freq=5240
10-16 20:37:52.776  2479  2548 D ScanRecord: Not a Multi Manu data
10-16 20:37:52.783  2479  2548 I chatty  : uid=1002(bluetooth) BT Service Call identical 24 lines
10-16 20:37:52.783  2479  2548 D ScanRecord: Not a Multi Manu data
10-16 20:37:52.787  6748  7056 I BatteryMgr:DataCollectionService: stats => 1697481472787,-27,4313,8,0,100
10-16 20:37:52.788  2479  2548 D ScanRecord: Not a Multi Manu data
10-16 20:37:52.888  2479  2548 I chatty  : uid=1002(bluetooth) BT Service Call identical 258 lines
10-16 20:37:52.888  2479  2548 D ScanRecord: Not a Multi Manu data
10-16 20:37:52.892  6748  7056 I BatteryMgr:DataCollectionService: stats => 1697481472892,-27,4313,8,0,100
10-16 20:37:52.893  2479  2548 D ScanRecord: Not a Multi Manu data
10-16 20:37:52.996  2479  2548 I chatty  : uid=1002(bluetooth) BT Service Call identical 258 lines
10-16 20:37:52.996  2479  2548 D ScanRecord: Not a Multi Manu data
10-16 20:37:52.997  6748  7056 I BatteryMgr:DataCollectionService: stats => 1697481472997,-27,4313,8,0,100
10-16 20:37:53.001  2479  2548 D ScanRecord: Not a Multi Manu data
10-16 20:37:53.002  2479  2548 I chatty  : uid=1002(bluetooth) BT Service Call identical 11 lines
10-16 20:37:53.002  2479  2548 D ScanRecord: Not a Multi Manu data
10-16 20:37:53.003  3957  4128 D WifiService: getConnectionInfo uid=1000
10-16 20:37:53.009  2479  2548 D ScanRecord: Not a Multi Manu data
10-16 20:37:53.041  2479  2548 I chatty  : uid=1002(bluetooth) BT Service Call identical 102 lines
10-16 20:37:53.041  2479  2548 D ScanRecord: Not a Multi Manu data
10-16 20:37:53.101  6748  7056 I BatteryMgr:DataCollectionService: stats => 1697481473101,-27,4313,8,0,100
10-16 20:37:53.205  6748  7056 I BatteryMgr:DataCollectionService: stats => 1697481473205,-27,4313,8,0,100
10-16 20:37:53.310  6748  7056 I BatteryMgr:DataCollectionService: stats => 1697481473310,-27,4313,8,0,100
10-16 20:37:53.416  6748  7056 I BatteryMgr:DataCollectionService: stats => 1697481473416,-27,4313,8,0,100
10-16 20:37:53.521  6748  7056 I BatteryMgr:DataCollectionService: stats => 1697481473521,-27,4313,8,0,100
10-16 20:37:53.626  6748  7056 I BatteryMgr:DataCollectionService: stats => 1697481473626,-27,4313,8,0,100
10-16 20:37:53.734  6748  7056 I BatteryMgr:DataCollectionService: stats => 1697481473734,-27,4313,8,0,100
10-16 20:37:53.774  3957  4129 D WifiStateMachine:  ConnectedState !RSSI_PKTCNT_FETCH uid=1000 rt=450876671/1143861151 0 0 "ourhome" f4:6d:2f:12:cc:88 rssi=-41 f=5240 sc=60 link=433 tx=5.8, 0.0, 0.0  rx=24.1 bcn=528439 [on:0 tx:0 rx:0 period:1001] from screen [on:284127 period:946382] score=60
10-16 20:37:53.775  3957  4129 D WifiStateMachine:  L2ConnectedState !RSSI_PKTCNT_FETCH uid=1000 rt=450876672/1143861152 0 0 "ourhome" f4:6d:2f:12:cc:88 rssi=-41 f=5240 sc=60 link=433 tx=5.8, 0.0, 0.0  rx=24.1 bcn=528439 [on:0 tx:0 rx:0 period:1] from screen [on:284127 period:946383] score=60
10-16 20:37:53.781  3957  4129 D WifiStateMachine: fetchRssiLinkSpeedAndFrequencyNative rssi=-42 linkspeed=433 freq=5240
10-16 20:37:53.838  6748  7056 I BatteryMgr:DataCollectionService: stats => 1697481473838,-27,4313,8,0,100
10-16 20:37:53.942  6748  7056 I BatteryMgr:DataCollectionService: stats => 1697481473942,-27,4313,8,0,100
10-16 20:37:54.004  3957  4128 D WifiService: getConnectionInfo uid=1000
10-16 20:37:54.047  6748  7056 I BatteryMgr:DataCollectionService: stats => 1697481474047,11,4313,-7,0,100
10-16 20:37:54.152  6748  7056 I BatteryMgr:DataCollectionService: stats => 1697481474152,11,4313,-7,0,100
10-16 20:37:54.258  6748  7056 I BatteryMgr:DataCollectionService: stats => 1697481474257,11,4313,-7,0,100
10-16 20:37:54.364  6748  7056 I BatteryMgr:DataCollectionService: stats => 1697481474364,11,4313,-7,0,100
10-16 20:37:54.468  6748  7056 I BatteryMgr:DataCollectionService: stats => 1697481474468,11,4313,-7,0,100
10-16 20:37:54.476  3957 12585 D BatteryService: !@BatteryListener : batteryPropertiesChanged!
10-16 20:37:54.573  6748  7056 I BatteryMgr:DataCollectionService: stats => 1697481474573,11,4313,-7,0,100
10-16 20:37:54.677  6748  7056 I BatteryMgr:DataCollectionService: stats => 1697481474677,11,4313,-7,0,100
10-16 20:37:54.775  3957  4129 D WifiStateMachine:  ConnectedState !RSSI_PKTCNT_FETCH uid=1000 rt=450877672/1143862153 0 0 "ourhome" f4:6d:2f:12:cc:88 rssi=-42 f=5240 sc=60 link=433 tx=5.8, 0.0, 0.0  rx=24.1 bcn=528439 [on:0 tx:0 rx:0 period:1000] from screen [on:284127 period:947383] score=60
10-16 20:37:54.776  3957  4129 D WifiStateMachine:  L2ConnectedState !RSSI_PKTCNT_FETCH uid=1000 rt=450877673/1143862154 0 0 "ourhome" f4:6d:2f:12:cc:88 rssi=-42 f=5240 sc=60 link=433 tx=5.8, 0.0, 0.0  rx=24.1 bcn=528439 [on:0 tx:0 rx:0 period:1] from screen [on:284127 period:947384] score=60
10-16 20:37:54.783  3957  4129 D WifiStateMachine: fetchRssiLinkSpeedAndFrequencyNative rssi=-40 linkspeed=433 freq=5240
10-16 20:37:54.784  6748  7056 I BatteryMgr:DataCollectionService: stats => 1697481474783,11,4313,-7,0,100
10-16 20:37:54.888  6748  7056 I BatteryMgr:DataCollectionService: stats => 1697481474888,11,4313,-7,0,100
10-16 20:37:54.960  3957  4129 D WifiStateMachine:  ConnectedState !CMD_RSSI_POLL rt=450877857/1143862338 70 0 "ourhome" f4:6d:2f:12:cc:88 rssi=-40 f=5240 sc=60 link=433 tx=5.8, 0.0, 0.0  rx=24.1 bcn=528439 [on:0 tx:0 rx:0 period:184] from screen [on:284127 period:947568] score=60
10-16 20:37:54.962  3957  4129 D WifiStateMachine:  L2ConnectedState !CMD_RSSI_POLL rt=450877858/1143862339 70 0 "ourhome" f4:6d:2f:12:cc:88 rssi=-40 f=5240 sc=60 link=433 tx=5.8, 0.0, 0.0  rx=24.1 bcn=528439 [on:0 tx:0 rx:0 period:1] from screen [on:284127 period:947569] score=60
10-16 20:37:54.962  3957  4129 D WifiStateMachine:  get link layer stats 3
10-16 20:37:54.962  3436  3436 I android.hardware.wifi@1.0-service: getLinkLayerStats
10-16 20:37:54.980  3957  4129 D WifiStateMachine: fetchRssiLinkSpeedAndFrequencyNative rssi=-40 linkspeed=433 freq=5240
10-16 20:37:54.982  4340  4340 E SignalClusterView: setSlotFocusVisible : subId -2
10-16 20:37:54.983  4340  4340 E SignalClusterView: setSlotFocusVisible : subId -2
10-16 20:37:54.992  6748  7056 I BatteryMgr:DataCollectionService: stats => 1697481474992,11,4313,-7,0,100
10-16 20:37:55.006  3957  4128 D WifiService: getConnectionInfo uid=1000
10-16 20:37:55.097  6748  7056 I BatteryMgr:DataCollectionService: stats => 1697481475097,11,4313,-7,0,100
10-16 20:37:55.201  6748  7056 I BatteryMgr:DataCollectionService: stats => 1697481475201,11,4313,-7,0,100
10-16 20:37:55.306  6748  7056 I BatteryMgr:DataCollectionService: stats => 1697481475306,11,4313,-7,0,100
10-16 20:37:55.411  6748  7056 I BatteryMgr:DataCollectionService: stats => 1697481475410,11,4313,-7,0,100
10-16 20:37:55.515  6748  7056 I BatteryMgr:DataCollectionService: stats => 1697481475515,11,4313,-7,0,100
10-16 20:37:55.620  6748  7056 I BatteryMgr:DataCollectionService: stats => 1697481475620,11,4313,-7,0,100
10-16 20:37:55.725  6748  7056 I BatteryMgr:DataCollectionService: stats => 1697481475725,11,4313,-7,0,100
10-16 20:37:55.777  3957  4129 D WifiStateMachine:  ConnectedState !RSSI_PKTCNT_FETCH uid=1000 rt=450878673/1143863154 0 0 "ourhome" f4:6d:2f:12:cc:88 rssi=-40 f=5240 sc=60 link=433 tx=4.6, 0.0, 0.0  rx=11.3 bcn=528468 [on:0 tx:0 rx:0 period:795] from screen [on:284979 period:948385] score=60
10-16 20:37:55.778  3957  4129 D WifiStateMachine:  L2ConnectedState !RSSI_PKTCNT_FETCH uid=1000 rt=450878675/1143863155 0 0 "ourhome" f4:6d:2f:12:cc:88 rssi=-40 f=5240 sc=60 link=433 tx=4.6, 0.0, 0.0  rx=11.3 bcn=528468 [on:0 tx:0 rx:0 period:1] from screen [on:284979 period:948386] score=60
10-16 20:37:55.783  3957  4129 D WifiStateMachine: fetchRssiLinkSpeedAndFrequencyNative rssi=-40 linkspeed=433 freq=5240
10-16 20:37:55.830  6748  7056 I BatteryMgr:DataCollectionService: stats => 1697481475829,11,4313,-7,0,100
10-16 20:37:55.934  6748  7056 I BatteryMgr:DataCollectionService: stats => 1697481475934,11,4313,-7,0,100
10-16 20:37:55.953  3957  4084 D InputReader: Input event(3): value=1 when=450878850429000
10-16 20:37:55.953  3957  4084 D InputReader: Input event(3): value=1 when=450878850429000
10-16 20:37:55.953  3957  4084 I InputReader: Touch event's action is 0x0 (deviceType=0) [pCnt=1, s=0.2157 ] when=450878850429000
10-16 20:37:55.954  3957  4083 I InputDispatcher: Delivering touch to (4340): action: 0x4, toolType: 1
10-16 20:37:55.954  3957  4083 I InputDispatcher: Delivering touch to (6792): action: 0x0, toolType: 1
10-16 20:37:55.955  6792  6792 D ViewRootImpl@847214e[App]: ViewPostIme pointer 0
10-16 20:37:55.957  6792  6822 D GeckoIdleService: next timeout 5000 msec from now
10-16 20:37:55.957  6792  6822 D GeckoIdleService: SetTimerExpiryIfBefore: next timeout 5000 msec from now
10-16 20:37:55.957  6792  6822 D GeckoIdleService: reset timer expiry to 5010 msec from now
10-16 20:37:55.957  6792  6822 D GeckoIdleService: Reset idle timeout: tell observer 0x7423fe6068 user is back
10-16 20:37:56.007  3957  4084 D InputReader: Input event(3): value=0 when=450878904267000
10-16 20:37:56.007  3957  4084 D InputReader: Input event(3): value=0 when=450878904267000
10-16 20:37:56.007  3957  4084 I InputReader: Touch event's action is 0x1 (deviceType=0) [pCnt=1, s=] when=450878904267000
10-16 20:37:56.007  3957  4083 I InputDispatcher: Delivering touch to (6792): action: 0x1, toolType: 1
10-16 20:37:56.007  6792  6792 D ViewRootImpl@847214e[App]: ViewPostIme pointer 1
10-16 20:37:56.008  3957  4128 D WifiService: getConnectionInfo uid=1000
10-16 20:37:56.042  6748  7056 I BatteryMgr:DataCollectionService: stats => 1697481476042,11,4313,-7,0,100
10-16 20:37:56.148  6748  7056 I BatteryMgr:DataCollectionService: stats => 1697481476148,11,4313,-7,0,100
10-16 20:37:56.254  6748  7056 I BatteryMgr:DataCollectionService: stats => 1697481476254,11,4313,-7,0,100
10-16 20:37:56.358  6748  7056 I BatteryMgr:DataCollectionService: stats => 1697481476358,11,4313,-7,0,100
10-16 20:37:56.465  6748  7056 I BatteryMgr:DataCollectionService: stats => 1697481476465,11,4313,-7,0,100
10-16 20:37:56.569  6748  7056 I BatteryMgr:DataCollectionService: stats => 1697481476569,11,4313,-7,0,100
10-16 20:37:56.649  3957  4084 D InputReader: Input event(3): value=1 when=450879546892000
10-16 20:37:56.649  3957  4084 D InputReader: Input event(3): value=1 when=450879546892000
10-16 20:37:56.649  3957  4084 I InputReader: Touch event's action is 0x0 (deviceType=0) [pCnt=1, s=0.2158 ] when=450879546892000
10-16 20:37:56.649  3957  4083 I InputDispatcher: Delivering touch to (4340): action: 0x4, toolType: 1
10-16 20:37:56.649  3957  4083 I InputDispatcher: Delivering touch to (6792): action: 0x0, toolType: 1
10-16 20:37:56.650  6792  6792 D ViewRootImpl@847214e[App]: ViewPostIme pointer 0
10-16 20:37:56.675  6748  7056 I BatteryMgr:DataCollectionService: stats => 1697481476674,11,4313,-7,0,100
10-16 20:37:56.712  3957  4084 D InputReader: Input event(3): value=0 when=450879609975000
10-16 20:37:56.712  3957  4084 D InputReader: Input event(3): value=0 when=450879609975000
10-16 20:37:56.712  3957  4084 I InputReader: Touch event's action is 0x1 (deviceType=0) [pCnt=1, s=] when=450879609975000
10-16 20:37:56.712  3957  4083 I InputDispatcher: Delivering touch to (6792): action: 0x1, toolType: 1
10-16 20:37:56.714  6792  6792 D ViewRootImpl@847214e[App]: ViewPostIme pointer 1
10-16 20:37:56.777  3957  4129 D WifiStateMachine:  ConnectedState !RSSI_PKTCNT_FETCH uid=1000 rt=450879674/1143864155 0 0 "ourhome" f4:6d:2f:12:cc:88 rssi=-40 f=5240 sc=60 link=433 tx=4.6, 0.0, 0.0  rx=11.3 bcn=528468 [on:0 tx:0 rx:0 period:999] from screen [on:284979 period:949385] score=60
10-16 20:37:56.778  3957  4129 D WifiStateMachine:  L2ConnectedState !RSSI_PKTCNT_FETCH uid=1000 rt=450879675/1143864156 0 0 "ourhome" f4:6d:2f:12:cc:88 rssi=-40 f=5240 sc=60 link=433 tx=4.6, 0.0, 0.0  rx=11.3 bcn=528468 [on:0 tx:0 rx:0 period:1] from screen [on:284979 period:949386] score=60
10-16 20:37:56.781  6748  7056 I BatteryMgr:DataCollectionService: stats => 1697481476781,11,4313,-7,0,100
10-16 20:37:56.784  3957  4129 D WifiStateMachine: fetchRssiLinkSpeedAndFrequencyNative rssi=-40 linkspeed=433 freq=5240
10-16 20:37:56.887  6748  7056 I BatteryMgr:DataCollectionService: stats => 1697481476887,11,4313,-7,0,100
10-16 20:37:56.991  6748  7056 I BatteryMgr:DataCollectionService: stats => 1697481476991,11,4313,-7,0,100
10-16 20:37:57.010  3957  4128 D WifiService: getConnectionInfo uid=1000
10-16 20:37:57.096  6748  7056 I BatteryMgr:DataCollectionService: stats => 1697481477096,11,4313,-7,0,100
10-16 20:37:57.201  6748  7056 I BatteryMgr:DataCollectionService: stats => 1697481477201,11,4313,-7,0,100
10-16 20:37:57.306  6748  7056 I BatteryMgr:DataCollectionService: stats => 1697481477306,11,4313,-7,0,100
10-16 20:37:57.371  2495  2495 D BoundBrokerSvc: onUnbind: Intent { act=com.google.android.gms.safetynet.service.START pkg=com.google.android.gms }
10-16 20:37:57.411  6748  7056 I BatteryMgr:DataCollectionService: stats => 1697481477411,11,4313,-7,0,100
10-16 20:37:57.516  6748  7056 I BatteryMgr:DataCollectionService: stats => 1697481477516,11,4313,-7,0,100
10-16 20:37:57.563  2479  2548 D ScanRecord: Not a Multi Manu data
10-16 20:37:57.621  2479  2548 I chatty  : uid=1002(bluetooth) BT Service Call identical 128 lines
10-16 20:37:57.621  2479  2548 D ScanRecord: Not a Multi Manu data
10-16 20:37:57.622  6748  7056 I BatteryMgr:DataCollectionService: stats => 1697481477622,11,4313,-7,0,100
10-16 20:37:57.623  2479  2548 D ScanRecord: Not a Multi Manu data
10-16 20:37:57.631  4961  4961 D io_stats: !@ 179,0 r 7145164 228356320 w 1509686 31587028 d 121727 32919668 f 351991 370938 iot 3117992 2731232 th 51200 0 0 pt 0 inp 0 0 450880.528
10-16 20:37:57.728  2479  2548 I chatty  : uid=1002(bluetooth) BT Service Call identical 258 lines
10-16 20:37:57.728  2479  2548 D ScanRecord: Not a Multi Manu data
10-16 20:37:57.729  6748  7056 I BatteryMgr:DataCollectionService: stats => 1697481477729,11,4313,-7,0,100
10-16 20:37:57.730  2479  2548 D ScanRecord: Not a Multi Manu data
10-16 20:37:57.780  2479  2548 I chatty  : uid=1002(bluetooth) BT Service Call identical 52 lines
10-16 20:37:57.780  2479  2548 D ScanRecord: Not a Multi Manu data
10-16 20:37:57.780  3957  4129 D WifiStateMachine:  ConnectedState !RSSI_PKTCNT_FETCH uid=1000 rt=450880676/1143865157 0 0 "ourhome" f4:6d:2f:12:cc:88 rssi=-40 f=5240 sc=60 link=433 tx=4.6, 0.0, 0.0  rx=11.3 bcn=528468 [on:0 tx:0 rx:0 period:1002] from screen [on:284979 period:950388] score=60
10-16 20:37:57.780  2479  2548 D ScanRecord: Not a Multi Manu data
10-16 20:37:57.780  2479  2548 I chatty  : uid=1002(bluetooth) BT Service Call identical 9 lines
10-16 20:37:57.780  2479  2548 D ScanRecord: Not a Multi Manu data
10-16 20:37:57.781  3957  4129 D WifiStateMachine:  L2ConnectedState !RSSI_PKTCNT_FETCH uid=1000 rt=450880678/1143865158 0 0 "ourhome" f4:6d:2f:12:cc:88 rssi=-40 f=5240 sc=60 link=433 tx=4.6, 0.0, 0.0  rx=11.3 bcn=528468 [on:0 tx:0 rx:0 period:1] from screen [on:284979 period:950389] score=60
10-16 20:37:57.782  3957  4129 D WifiStateMachine: fetchRssiLinkSpeedAndFrequencyNative rssi=-41 linkspeed=433 freq=5240
10-16 20:37:57.785  3957  4030 D SensorService: [SO] 0.134 -0.077 9.969
10-16 20:37:57.786  2479  2548 D ScanRecord: Not a Multi Manu data
10-16 20:37:57.833  2479  2548 I chatty  : uid=1002(bluetooth) BT Service Call identical 128 lines
10-16 20:37:57.833  2479  2548 D ScanRecord: Not a Multi Manu data
10-16 20:37:57.834  6748  7056 I BatteryMgr:DataCollectionService: stats => 1697481477834,11,4313,-7,0,100
10-16 20:37:57.856  2479  2548 D ScanRecord: Not a Multi Manu data
10-16 20:37:57.934  2479  2548 I chatty  : uid=1002(bluetooth) BT Service Call identical 180 lines
10-16 20:37:57.934  2479  2548 D ScanRecord: Not a Multi Manu data
10-16 20:37:57.939  6748  7056 I BatteryMgr:DataCollectionService: stats => 1697481477939,11,4313,-7,0,100
10-16 20:37:57.948  2479  2548 D ScanRecord: Not a Multi Manu data
10-16 20:37:57.972  2479  2548 I chatty  : uid=1002(bluetooth) BT Service Call identical 37 lines
10-16 20:37:57.972  2479  2548 D ScanRecord: Not a Multi Manu data
10-16 20:37:57.981  3957  4129 D WifiStateMachine:  ConnectedState !CMD_RSSI_POLL rt=450880878/1143865359 70 0 "ourhome" f4:6d:2f:12:cc:88 rssi=-41 f=5240 sc=60 link=433 tx=4.6, 0.0, 0.0  rx=11.3 bcn=528468 [on:0 tx:0 rx:0 period:200] from screen [on:284979 period:950589] score=60
10-16 20:37:57.983  3957  4129 D WifiStateMachine:  L2ConnectedState !CMD_RSSI_POLL rt=450880879/1143865360 70 0 "ourhome" f4:6d:2f:12:cc:88 rssi=-41 f=5240 sc=60 link=433 tx=4.6, 0.0, 0.0  rx=11.3 bcn=528468 [on:0 tx:0 rx:0 period:2] from screen [on:284979 period:950591] score=60
10-16 20:37:57.983  3957  4129 D WifiStateMachine:  get link layer stats 3
10-16 20:37:57.983  3436  3436 I android.hardware.wifi@1.0-service: getLinkLayerStats
10-16 20:37:57.985  2479  2548 D ScanRecord: Not a Multi Manu data
10-16 20:37:57.985  2479  2548 I chatty  : uid=1002(bluetooth) BT Service Call identical 11 lines
10-16 20:37:57.985  2479  2548 D ScanRecord: Not a Multi Manu data
10-16 20:37:57.986  3957  4129 D WifiStateMachine: fetchRssiLinkSpeedAndFrequencyNative rssi=-41 linkspeed=433 freq=5240
10-16 20:37:57.989  2479  2548 D ScanRecord: Not a Multi Manu data
10-16 20:37:57.989  2479  2548 I chatty  : uid=1002(bluetooth) BT Service Call identical 1 line
10-16 20:37:57.989  2479  2548 D ScanRecord: Not a Multi Manu data
10-16 20:37:57.989  4340  4340 E SignalClusterView: setSlotFocusVisible : subId -2
10-16 20:37:57.989  2479  2548 D ScanRecord: Not a Multi Manu data
10-16 20:37:57.989  4340  4340 E SignalClusterView: setSlotFocusVisible : subId -2
10-16 20:37:57.989  2479  2548 D ScanRecord: Not a Multi Manu data
10-16 20:37:58.010  2479  2548 I chatty  : uid=1002(bluetooth) BT Service Call identical 85 lines
10-16 20:37:58.010  2479  2548 D ScanRecord: Not a Multi Manu data
10-16 20:37:58.012  3957  4128 D WifiService: getConnectionInfo uid=1000
10-16 20:37:58.017  2479  2548 D ScanRecord: Not a Multi Manu data
10-16 20:37:58.043  2479  2548 I chatty  : uid=1002(bluetooth) BT Service Call identical 50 lines
10-16 20:37:58.043  2479  2548 D ScanRecord: Not a Multi Manu data
10-16 20:37:58.045  6748  7056 I BatteryMgr:DataCollectionService: stats => 1697481478045,11,4313,-7,0,100
10-16 20:37:58.151  6748  7056 I BatteryMgr:DataCollectionService: stats => 1697481478151,11,4313,-7,0,100
10-16 20:37:58.257  6748  7056 I BatteryMgr:DataCollectionService: stats => 1697481478257,11,4313,-7,0,100
10-16 20:37:58.362  6748  7056 I BatteryMgr:DataCollectionService: stats => 1697481478362,11,4313,-7,0,100
10-16 20:37:58.466  6748  7056 I BatteryMgr:DataCollectionService: stats => 1697481478466,11,4313,-7,0,100
10-16 20:37:58.571  6748  7056 I BatteryMgr:DataCollectionService: stats => 1697481478571,11,4313,-7,0,100
10-16 20:37:58.675  6748  7056 I BatteryMgr:DataCollectionService: stats => 1697481478675,11,4313,-7,0,100
10-16 20:37:58.781  6748  7056 I BatteryMgr:DataCollectionService: stats => 1697481478781,11,4313,-7,0,100
10-16 20:37:58.782  3957  4129 D WifiStateMachine:  ConnectedState !RSSI_PKTCNT_FETCH uid=1000 rt=450881678/1143866159 0 0 "ourhome" f4:6d:2f:12:cc:88 rssi=-41 f=5240 sc=60 link=433 tx=1.7, 0.0, 0.0  rx=4.2 bcn=528495 [on:0 tx:0 rx:0 period:793] from screen [on:285044 period:951389] score=60
10-16 20:37:58.783  3957  4129 D WifiStateMachine:  L2ConnectedState !RSSI_PKTCNT_FETCH uid=1000 rt=450881679/1143866160 0 0 "ourhome" f4:6d:2f:12:cc:88 rssi=-41 f=5240 sc=60 link=433 tx=1.7, 0.0, 0.0  rx=4.2 bcn=528495 [on:0 tx:0 rx:0 period:2] from screen [on:285044 period:951391] score=60
10-16 20:37:58.788  3957  4129 D WifiStateMachine: fetchRssiLinkSpeedAndFrequencyNative rssi=-41 linkspeed=433 freq=5240
10-16 20:37:58.888  6748  7056 I BatteryMgr:DataCollectionService: stats => 1697481478887,11,4313,-7,0,100
10-16 20:37:58.993  6748  7056 I BatteryMgr:DataCollectionService: stats => 1697481478992,11,4313,-7,0,100
10-16 20:37:59.015  3957  4128 D WifiService: getConnectionInfo uid=1000
10-16 20:37:59.098  6748  7056 I BatteryMgr:DataCollectionService: stats => 1697481479098,11,4313,-7,0,100
10-16 20:37:59.203  6748  7056 I BatteryMgr:DataCollectionService: stats => 1697481479203,11,4313,-7,0,100
10-16 20:37:59.309  6748  7056 I BatteryMgr:DataCollectionService: stats => 1697481479308,11,4313,-7,0,100
10-16 20:37:59.413  6748  7056 I BatteryMgr:DataCollectionService: stats => 1697481479413,11,4313,-7,0,100
10-16 20:37:59.520  6748  7056 I BatteryMgr:DataCollectionService: stats => 1697481479520,11,4313,-7,0,100
10-16 20:37:59.624  6748  7056 I BatteryMgr:DataCollectionService: stats => 1697481479624,11,4313,-7,0,100
10-16 20:37:59.728  6748  7056 I BatteryMgr:DataCollectionService: stats => 1697481479728,11,4313,-7,0,100
10-16 20:37:59.783  3957  4129 D WifiStateMachine:  ConnectedState !RSSI_PKTCNT_FETCH uid=1000 rt=450882679/1143867160 0 0 "ourhome" f4:6d:2f:12:cc:88 rssi=-41 f=5240 sc=60 link=433 tx=1.7, 0.0, 0.0  rx=4.2 bcn=528495 [on:0 tx:0 rx:0 period:1000] from screen [on:285044 period:952391] score=60
10-16 20:37:59.784  3957  4129 D WifiStateMachine:  L2ConnectedState !RSSI_PKTCNT_FETCH uid=1000 rt=450882681/1143867161 0 0 "ourhome" f4:6d:2f:12:cc:88 rssi=-41 f=5240 sc=60 link=433 tx=1.7, 0.0, 0.0  rx=4.2 bcn=528495 [on:0 tx:0 rx:0 period:1] from screen [on:285044 period:952392] score=60
10-16 20:37:59.790  3957  4129 D WifiStateMachine: fetchRssiLinkSpeedAndFrequencyNative rssi=-40 linkspeed=433 freq=5240
10-16 20:37:59.832  6748  7056 I BatteryMgr:DataCollectionService: stats => 1697481479832,11,4313,-7,0,100
10-16 20:37:59.938  6748  7056 I BatteryMgr:DataCollectionService: stats => 1697481479938,11,4313,-7,0,100
10-16 20:37:59.999  3957  4045 D SamsungAlarmManager: Expired : 4
10-16 20:38:00.000  3957  4045 I SamsungAlarmManager: setLocked to kernel - T:2 / 20231016T204144, SetElapsed=1144092200, nowELAPSED=1143867378
10-16 20:38:00.000  3957  4045 V SamsungAlarmManager: Sending to uid : 1000 listener=android.app.AlarmManager$ListenerWrapper@d4087b9 alarm=Alarm{b6f928c type 2 when 1143809120 android}
10-16 20:38:00.001  3957  4045 V SamsungAlarmManager: Sending to uid : 1000 action=android.intent.action.TIME_TICK alarm=Alarm{1703dd5 type 3 when 1143867378 android}
10-16 20:38:00.002  3957  4045 V SamsungAlarmManager: Sending to uid : 10025 action=com.google.android.gms.lockbox.CHECK_OPT_IN alarm=Alarm{ae194db type 3 when 1143807687 com.google.android.gms}
10-16 20:38:00.006  3957  4045 V SamsungAlarmManager: Sending to uid : 10074 action=com.samsung.action.EVERY_MINUTE_CLOCK_UPDATE alarm=Alarm{683e251 type 1 when 1697481480000 com.sec.android.app.launcher}
10-16 20:38:00.008   426   426 I Launcher: onReceive: com.samsung.action.EVERY_MINUTE_CLOCK_UPDATE
10-16 20:38:00.008  3957  3957 D SamsungAlarmManager: setInexact Listener (T:2/F:0/AC:false) 20231016T203845 - CU:1000/CP:3957
10-16 20:38:00.008  3957  3957 I SamsungAlarmManager: setLocked to kernel - T:2 / 20231016T203845, SetElapsed=1143913177, nowELAPSED=1143867387
10-16 20:38:00.012  3957 14954 D SamsungAlarmManager: setInexact Intent (T:1/F:0/AC:false) 20231016T203900 - CU:10074/CP:426
10-16 20:38:00.012  3957 14954 I SamsungAlarmManager: setLocked to kernel - T:2 / 20231016T203900, SetElapsed=1143927378, nowELAPSED=1143867390
10-16 20:38:00.012   426   426 I IconView: applyFromShortcutInfo - start GetLive : com.samsung.android.calendar
10-16 20:38:00.013   426   426 I BitmapCacheContainer: getBitmapCache: BitmapCache expired com.samsung.android.calendar/UserHandle{0}
10-16 20:38:00.017  3957  4128 D WifiService: getConnectionInfo uid=1000
10-16 20:38:00.017   426   426 D ApplicationPackageManager: we has com.samsung.android.calendar class. reuse it 
10-16 20:38:00.025  3957  3957 D SamsungAlarmManager: setExact Intent (T:3/F:1/AC:false) 20231016T203859 - CU:1000/CP:3957
10-16 20:38:00.026  3957  3957 I SamsungAlarmManager: setLocked to kernel - T:3 / 20231016T203900, SetElapsed=1143927378, nowELAPSED=1143867404
10-16 20:38:00.027  4340  4340 D KeyguardUpdateMonitor: received broadcast android.intent.action.TIME_TICK
10-16 20:38:00.027  4340  4340 D KeyguardServiceBoxContainer: refreshTime() 1
10-16 20:38:00.031  3957  5414 D SamsungAlarmManager: setInexact Intent (T:3/F:0/AC:false) 20331013T203800 - CU:10025/CP:2350
10-16 20:38:00.039  4340  4340 D KeyguardUpdateMonitor: handleStatusBarState( false )
10-16 20:38:00.045  6748  7056 I BatteryMgr:DataCollectionService: stats => 1697481480045,11,4313,-7,0,100
10-16 20:38:00.062   426   426 I ApplicationPackageManager: load= live icon for com.samsung.android.calendar, from overlay = false
10-16 20:38:00.063   426   426 I LiveIconManager: getLiveIcon: complete(sync_created)
10-16 20:38:00.063   426   426 I IconView: applyFromShortcutInfo - end GetLive : com.samsung.android.calendar
10-16 20:38:00.064   426   426 I IconView: applyFromApplicationInfo - start GetLive : com.sec.android.app.clockpackage
10-16 20:38:00.068   426   426 D ApplicationPackageManager: we has com.sec.android.app.clockpackage class. reuse it 
10-16 20:38:00.068   426   426 D LiveIconLoader: getLiveIcon was called in ClockPackage
10-16 20:38:00.070   426   426 D LiveIconLoader: getLiveIcon res = com.sec.android.app.clockpackage
10-16 20:38:00.070  4340  4340 D KeyguardUpdateMonitor: handleStatusBarState( false )
10-16 20:38:00.072   426   426 D LiveIconLoader: stdIconSize : 84 , targetIconSize : 94
10-16 20:38:00.072   426   426 D LiveIconLoader: mIconDpi : 320 , mTargetIconDpi : 280
10-16 20:38:00.082   426   426 I ApplicationPackageManager: load= live icon for com.sec.android.app.clockpackage, from overlay = false
10-16 20:38:00.083   426   426 I LiveIconManager: getLiveIcon: complete(sync_created)
10-16 20:38:00.083   426   426 I IconView: applyFromApplicationInfo - end GetLive : com.sec.android.app.clockpackage
10-16 20:38:00.083   426   426 I IconView: applyFromApplicationInfo - start GetLive : com.samsung.android.calendar
10-16 20:38:00.084   426   426 I IconView: applyFromApplicationInfo - end GetLive : com.samsung.android.calendar
10-16 20:38:00.152  6748  7056 I BatteryMgr:DataCollectionService: stats => 1697481480152,11,4313,-7,0,100
10-16 20:38:00.256  6748  7056 I BatteryMgr:DataCollectionService: stats => 1697481480256,11,4313,-7,0,100
10-16 20:38:00.362  6748  7056 I BatteryMgr:DataCollectionService: stats => 1697481480361,11,4313,-7,0,100
10-16 20:38:00.433  2350  6729 I LockboxIntentOp: (REDACTED) Completed task: %b
10-16 20:38:00.451  3957  5414 D SamsungAlarmManager: setExact Intent (T:3/F:0/AC:false) 20231017T025355 - CU:10025/CP:2350
10-16 20:38:00.468  6748  7056 I BatteryMgr:DataCollectionService: stats => 1697481480468,11,4313,-7,0,100
10-16 20:38:00.573  6748  7056 I BatteryMgr:DataCollectionService: stats => 1697481480573,11,4313,-7,0,100
10-16 20:38:00.643  2350  2355 I zygote64: Do partial code cache collection, code=61KB, data=51KB
10-16 20:38:00.644  2350  2355 I zygote64: After code cache collection, code=61KB, data=51KB
10-16 20:38:00.644  2350  2355 I zygote64: Increasing code cache capacity to 256KB
10-16 20:38:00.678  6748  7056 I BatteryMgr:DataCollectionService: stats => 1697481480678,11,4313,-7,0,100
10-16 20:38:00.783  6748  7056 I BatteryMgr:DataCollectionService: stats => 1697481480783,11,4313,-7,0,100
10-16 20:38:00.786  3957  4129 D WifiStateMachine:  ConnectedState !RSSI_PKTCNT_FETCH uid=1000 rt=450883680/1143868161 0 0 "ourhome" f4:6d:2f:12:cc:88 rssi=-40 f=5240 sc=60 link=433 tx=1.7, 0.0, 0.0  rx=4.2 bcn=528495 [on:0 tx:0 rx:0 period:1001] from screen [on:285044 period:953393] score=60
10-16 20:38:00.787  3957  4129 D WifiStateMachine:  L2ConnectedState !RSSI_PKTCNT_FETCH uid=1000 rt=450883683/1143868164 0 0 "ourhome" f4:6d:2f:12:cc:88 rssi=-40 f=5240 sc=60 link=433 tx=1.7, 0.0, 0.0  rx=4.2 bcn=528495 [on:0 tx:0 rx:0 period:2] from screen [on:285044 period:953395] score=60
10-16 20:38:00.793  3957  4129 D WifiStateMachine: fetchRssiLinkSpeedAndFrequencyNative rssi=-41 linkspeed=433 freq=5240
10-16 20:38:00.888  6748  7056 I BatteryMgr:DataCollectionService: stats => 1697481480887,11,4313,-7,0,100
10-16 20:38:00.891  3957 14954 D ConnectivityService: filterNetworkStateForUid() uid: 10103 networkInfo: [type: WIFI[] - WIFI, state: CONNECTED/CONNECTED, reason: (unspecified), extra: "ourhome", failover: false, available: true, roaming: false, metered: false]
10-16 20:38:00.891  3957 14954 D WifiService: getConnectionInfo uid=1000
10-16 20:38:00.916  3957 14954 I chatty  : uid=1000(system) Binder:3957_1D identical 2 lines
10-16 20:38:00.916  3957 14954 I chatty  : uid=1000(system) Binder:3957_1D identical 2 lines
10-16 20:38:00.917  3957 14954 D ConnectivityService: filterNetworkStateForUid() uid: 10103 networkInfo: [type: WIFI[] - WIFI, state: CONNECTED/CONNECTED, reason: (unspecified), extra: "ourhome", failover: false, available: true, roaming: false, metered: false]
10-16 20:38:00.917  3957 14954 D WifiService: getConnectionInfo uid=1000
10-16 20:38:00.966  6792  6822 D GeckoIdleService: Get idle time: time since reset 4250 msec
10-16 20:38:00.966  6792  6822 D GeckoIdleService: Idle timer callback: current idle time 4250 msec
10-16 20:38:00.966  6792  6822 D GeckoIdleService: next timeout 749 msec from now
10-16 20:38:00.966  6792  6822 D GeckoIdleService: SetTimerExpiryIfBefore: next timeout 749 msec from now
10-16 20:38:00.966  6792  6822 D GeckoIdleService: reset timer expiry to 759 msec from now
10-16 20:38:00.976  3599  3918 D DnsProxyListener: DNSDBG::dns addrinfo af 0
10-16 20:38:00.988  3957  4129 D WifiStateMachine:  ConnectedState !CMD_RSSI_POLL rt=450883885/1143868365 70 0 "ourhome" f4:6d:2f:12:cc:88 rssi=-41 f=5240 sc=60 link=433 tx=1.7, 0.0, 0.0  rx=4.2 bcn=528495 [on:0 tx:0 rx:0 period:201] from screen [on:285044 period:953596] score=60
10-16 20:38:00.990  3957  4129 D WifiStateMachine:  L2ConnectedState !CMD_RSSI_POLL rt=450883886/1143868367 70 0 "ourhome" f4:6d:2f:12:cc:88 rssi=-41 f=5240 sc=60 link=433 tx=1.7, 0.0, 0.0  rx=4.2 bcn=528495 [on:0 tx:0 rx:0 period:2] from screen [on:285044 period:953598] score=60
10-16 20:38:00.990  3957  4129 D WifiStateMachine:  get link layer stats 3
10-16 20:38:00.990  3436  3436 I android.hardware.wifi@1.0-service: getLinkLayerStats
10-16 20:38:00.993  6748  7056 I BatteryMgr:DataCollectionService: stats => 1697481480993,11,4313,-7,0,100
10-16 20:38:00.993  3957  4129 D WifiStateMachine: fetchRssiLinkSpeedAndFrequencyNative rssi=-41 linkspeed=433 freq=5240
10-16 20:38:00.996  4340  4340 E SignalClusterView: setSlotFocusVisible : subId -2
10-16 20:38:00.996  4340  4340 E SignalClusterView: setSlotFocusVisible : subId -2
10-16 20:38:01.019  3957  4128 D WifiService: getConnectionInfo uid=1000
10-16 20:38:01.097  6748  7056 I BatteryMgr:DataCollectionService: stats => 1697481481097,11,4313,-7,0,100
10-16 20:38:01.202  6748  7056 I BatteryMgr:DataCollectionService: stats => 1697481481202,11,4313,-7,0,100
10-16 20:38:01.215  3957 14954 I SamsungAlarmManager: setLocked to kernel - T:2 / 20231016T204144, SetElapsed=1144092200, nowELAPSED=1143868593
10-16 20:38:01.215  3957 14954 D SamsungAlarmManager: setInexact Listener (T:2/F:0/AC:false) 20231016T203845 - CU:1000/CP:3957
10-16 20:38:01.215  3957 14954 I SamsungAlarmManager: setLocked to kernel - T:2 / 20231016T203845, SetElapsed=1143913177, nowELAPSED=1143868594
10-16 20:38:01.218  3957 14954 I SamsungAlarmManager: setLocked to kernel - T:2 / 20231016T203859, SetElapsed=1143927378, nowELAPSED=1143868597
10-16 20:38:01.219  3957 14954 D SamsungAlarmManager: setInexact Listener (T:2/F:0/AC:false) 20231016T210708 - CU:1000/CP:3957
10-16 20:38:01.222  3957 12585 D WifiService: getConnectionInfo uid=10103
10-16 20:38:01.232  3957 12585 D WifiService: getConnectionInfo uid=10103
10-16 20:38:01.241  3957  6478 D SSRM:k  : SIOP:: AP = 430, PST = 407 (W:12), BAT = 282, USB = 0, CHG = 0
10-16 20:38:01.257  3957 12585 D ConnectivityService: filterNetworkStateForUid() uid: 10103 networkInfo: [type: WIFI[] - WIFI, state: CONNECTED/CONNECTED, reason: (unspecified), extra: "ourhome", failover: false, available: true, roaming: false, metered: false]
10-16 20:38:01.257  3957 12585 D WifiService: getConnectionInfo uid=1000
10-16 20:38:01.308  6748  7056 I BatteryMgr:DataCollectionService: stats => 1697481481308,11,4313,-7,0,100
10-16 20:38:01.412  6748  7056 I BatteryMgr:DataCollectionService: stats => 1697481481412,11,4313,-7,0,100
10-16 20:38:01.517  6748  7056 I BatteryMgr:DataCollectionService: stats => 1697481481517,11,4313,-7,0,100
10-16 20:38:01.624  6748  7056 I BatteryMgr:DataCollectionService: stats => 1697481481624,11,4313,-7,0,100
10-16 20:38:01.726  6792  6822 D GeckoIdleService: Get idle time: time since reset 5010 msec
10-16 20:38:01.726  6792  6822 D GeckoIdleService: Idle timer callback: current idle time 5010 msec
10-16 20:38:01.726  6792  6822 D GeckoIdleService: next timeout 4294967289990 msec from now
10-16 20:38:01.726  6792  6822 D GeckoIdleService: SetTimerExpiryIfBefore: next timeout 4294967289989 msec from now
10-16 20:38:01.726  6792  6822 D GeckoIdleService: reset timer expiry to 4294967289999 msec from now
10-16 20:38:01.726  6792  6822 D GeckoIdleService: Idle timer callback: tell observer 0x7423fe6068 user is idle
10-16 20:38:01.731  6748  7056 I BatteryMgr:DataCollectionService: stats => 1697481481731,11,4313,-7,0,100
10-16 20:38:01.785  3957  4129 D WifiStateMachine:  ConnectedState !RSSI_PKTCNT_FETCH uid=1000 rt=450884681/1143869162 0 0 "ourhome" f4:6d:2f:12:cc:88 rssi=-41 f=5240 sc=60 link=433 tx=3.2, 0.0, 0.0  rx=1.5 bcn=528525 [on:0 tx:0 rx:0 period:790] from screen [on:285111 period:954393] score=60
10-16 20:38:01.787  3957  4129 D WifiStateMachine:  L2ConnectedState !RSSI_PKTCNT_FETCH uid=1000 rt=450884683/1143869164 0 0 "ourhome" f4:6d:2f:12:cc:88 rssi=-41 f=5240 sc=60 link=433 tx=3.2, 0.0, 0.0  rx=1.5 bcn=528525 [on:0 tx:0 rx:0 period:2] from screen [on:285111 period:954395] score=60
10-16 20:38:01.789  3957  4129 D WifiStateMachine: fetchRssiLinkSpeedAndFrequencyNative rssi=-42 linkspeed=433 freq=5240
10-16 20:38:01.837  6748  7056 I BatteryMgr:DataCollectionService: stats => 1697481481837,11,4313,-7,0,100
10-16 20:38:01.941  6748  7056 I BatteryMgr:DataCollectionService: stats => 1697481481941,11,4313,-7,0,100
10-16 20:38:02.021  3957  4128 D WifiService: getConnectionInfo uid=1000
10-16 20:38:02.046  6748  7056 I BatteryMgr:DataCollectionService: stats => 1697481482046,11,4313,-7,0,100
10-16 20:38:02.151  6748  7056 I BatteryMgr:DataCollectionService: stats => 1697481482151,11,4313,-7,0,100
10-16 20:38:02.258  6748  7056 I BatteryMgr:DataCollectionService: stats => 1697481482258,11,4313,-7,0,100
10-16 20:38:02.364  6748  7056 I BatteryMgr:DataCollectionService: stats => 1697481482364,11,4313,-7,0,100
10-16 20:38:02.469  6748  7056 I BatteryMgr:DataCollectionService: stats => 1697481482469,11,4313,-7,0,100
