--------- beginning of main
10-22 12:48:26.897  6180  6439 I A       : Calling beginBinderSession().
10-22 12:48:26.908  4146  4226 I BrdcstRcvrMsgr: disconnect()
10-22 12:48:26.911  4146  4226 E BrdcstRcvrMsgr: SvcConn: binder null, could not send broadcast of action
10-22 12:48:26.911  3957  4048 D WifiService: requestActivityInfo uid=1000
10-22 12:48:26.911  3957  4048 D WifiService: reportActivityInfo uid=1000
10-22 12:48:26.911  3957  4048 D WifiService: getSupportedFeatures uid=1000
10-22 12:48:26.911  3957  4048 D WifiAsyncChannel.WifiService: sendMessageSynchronously.send message=131135
10-22 12:48:26.912  3957  4129 D WifiStateMachine:  ConnectedState !CMD_GET_LINK_LAYER_STATS uid=1000 rt=578113497/1634088970 0 0
10-22 12:48:26.912  3957  4129 D WifiStateMachine:  L2ConnectedState !CMD_GET_LINK_LAYER_STATS uid=1000 rt=578113497/1634088970 0 0
10-22 12:48:26.912  3957  4129 D WifiStateMachine:  ConnectModeState !CMD_GET_LINK_LAYER_STATS uid=1000 rt=578113497/1634088970 0 0
10-22 12:48:26.912  3957  4129 D WifiStateMachine:  SupplicantStartedState !CMD_GET_LINK_LAYER_STATS uid=1000 rt=578113498/1634088970 0 0
--------- beginning of system
10-22 12:48:26.912  3436  3436 I android.hardware.wifi@1.0-service: getLinkLayerStats
10-22 12:48:26.922  3957  4048 D WifiAsyncChannel.WifiService: sendMessageSynchronously.recv message=131135 sendingUid=1000
10-22 12:48:26.924  3957  4129 D WifiStateMachine:  ConnectedState !RSSI_PKTCNT_FETCH uid=1000 rt=578113507/1634088980 0 0 "ourhome" f4:6d:2f:12:cc:88 rssi=-41 f=5240 sc=60 link=433 tx=2.2, 0.0, 0.0  rx=21.0 bcn=367468 [on:2 tx:0 rx:2 period:99] from screen [on:39399 period:181403] score=60
10-22 12:48:26.924  3957  4048 E BatteryStatsService: no controller energy info supplied
10-22 12:48:26.926  3957  4129 D WifiStateMachine:  L2ConnectedState !RSSI_PKTCNT_FETCH uid=1000 rt=578113509/1634088982 0 0 "ourhome" f4:6d:2f:12:cc:88 rssi=-41 f=5240 sc=60 link=433 tx=2.2, 0.0, 0.0  rx=21.0 bcn=367468 [on:0 tx:0 rx:0 period:2] from screen [on:39399 period:181405] score=60
10-22 12:48:26.931  3957  4129 D WifiStateMachine: fetchRssiLinkSpeedAndFrequencyNative rssi=-41 linkspeed=433 freq=5240
10-22 12:48:26.931  3957  4622 W BroadcastQueue: Background execution not allowed: receiving Intent { act=android.intent.action.ACTION_POWER_DISCONNECTED flg=0x4000010 } to com.google.android.apps.photos/.scheduler.PowerReceiver
10-22 12:48:26.931  3957  4129 V WifiConfigManager: Updating scan detail cache freq=5240 BSSID=f4:6d:2f:12:cc:88 RSSI=-40 for "ourhome"WPA_PSK
10-22 12:48:26.944  3957  4048 D BatteryStatsService: !@ mLastInfo WifiActivityEnergyInfo{ timestamp=1634088702 mStackState=3 mControllerTxTimeMs=38150 mControllerTxTimePerLevelMs=[] mControllerRxTimeMs=50943338 mControllerIdleTimeMs=86387 mControllerEnergyUsed=0 }
10-22 12:48:26.944  3957  4048 D BatteryStatsService: !@ latest WifiActivityEnergyInfo{ timestamp=1634088980 mStackState=3 mControllerTxTimeMs=38150 mControllerTxTimePerLevelMs=[] mControllerRxTimeMs=50943344 mControllerIdleTimeMs=86387 mControllerEnergyUsed=0 }
10-22 12:48:26.944  3957  4048 D BatteryStatsService: !@ delta timePeriodMs : 278 txTimeMs : 0 rxTimeMs :6 idleTimeMs : 0
10-22 12:48:26.948  3957  4048 D BatteryStatsImpl: !@ currentWifiRunningTimeMs : 0 totalTimeMs : 6 totalWifiRunningTimeMs :6 batteryRealtimeMs :123
10-22 12:48:27.009  3957  4128 D WifiService: getConnectionInfo uid=1000
10-22 12:48:27.179  3957  4048 I BarTender:BatteryStatsDumper: refreshstats completed
10-22 12:48:27.603  4961  4961 D io_stats: !@ 179,0 r 8633711 280733832 w 2015147 39852448 d 160142 36173064 f 618675 642789 iot 3999792 3461574 th 51200 0 0 pt 0 inp 0 0 578114.186
10-22 12:48:27.849 32257 32257 E adbd    : recv: OPEN 00000031 00000000 0042:73 68 65 6C 6C 2C 76 32 2C 54 45 52 4D 3D 78 74 65 72 6D 2D 32 35 36 63 6F 6C 6F 72 2C 72 61 77 3A 67 65 74 70 72 6F 70 20 72 6F 2E 62 75 69 6C 64 2E 76 65 72 73 69 6F 6E 2E 72 65 6C 65 61 73 65 00 
10-22 12:48:27.849 32257 32257 E adbd    : service_to_fd: shell,v2,TERM=xterm-256color,raw:getprop ro.build.version.release
10-22 12:48:27.917 32257 32257 E adbd    : recv: OPEN 00000035 00000000 003e:73 68 65 6C 6C 2C 76 32 2C 54 45 52 4D 3D 78 74 65 72 6D 2D 32 35 36 63 6F 6C 6F 72 2C 72 61 77 3A 67 65 74 70 72 6F 70 20 72 6F 2E 62 75 69 6C 64 2E 76 65 72 73 69 6F 6E 2E 73 64 6B 00 
10-22 12:48:27.917 32257 32257 E adbd    : service_to_fd: shell,v2,TERM=xterm-256color,raw:getprop ro.build.version.sdk
10-22 12:48:27.918  3957  4129 D WifiStateMachine:  ConnectedState !RSSI_PKTCNT_FETCH uid=1000 rt=578114502/1634089975 0 0 "ourhome" f4:6d:2f:12:cc:88 rssi=-41 f=5240 sc=60 link=433 tx=2.2, 0.0, 0.0  rx=21.0 bcn=367468 [on:0 tx:0 rx:0 period:993] from screen [on:39399 period:182398] score=60
10-22 12:48:27.919  3957  4129 D WifiStateMachine:  L2ConnectedState !RSSI_PKTCNT_FETCH uid=1000 rt=578114504/1634089976 0 0 "ourhome" f4:6d:2f:12:cc:88 rssi=-41 f=5240 sc=60 link=433 tx=2.2, 0.0, 0.0  rx=21.0 bcn=367468 [on:0 tx:0 rx:0 period:1] from screen [on:39399 period:182399] score=60
10-22 12:48:27.924  3957  4129 D WifiStateMachine: fetchRssiLinkSpeedAndFrequencyNative rssi=-41 linkspeed=433 freq=5240
10-22 12:48:27.924  3957  4129 V WifiConfigManager: Updating scan detail cache freq=5240 BSSID=f4:6d:2f:12:cc:88 RSSI=-40 for "ourhome"WPA_PSK
10-22 12:48:27.972 32257 32257 E adbd    : recv: OPEN 00000039 00000000 00c4:73 68 65 6C 6C 2C 76 32 2C 54 45 52 4D 3D 78 74 65 72 6D 2D 32 35 36 63 6F 6C 6F 72 2C 72 61 77 3A 61 6D 20 73 74 61 72 74 20 2D 6E 20 22 63 6F 6D 2E 65 78 61 6D 70 6C 65 2E 62 61 74 74 65 72 79 6D 61 6E 61 67 65 72 5F 75 74 69 6C 69 74 79 2F 63 6F 6D 2E 65 78 61 6D 70 6C 65 2E 62 61 74 74 65 72 79 6D 61 6E 61 67 65 72 5F 75 74 69 6C 69 74 79 2E 4D 61 69 6E 41 63 74 69 76 69 74 79 22 20 2D 61 20 61 6E 64 72 6F 69 64 2E 69 6E 74 65 6E 74 2E 61 63 74 69 6F 6E 2E 4D 41 49 4E 20 2D 63 20 61 6E 64 72 6F 69 64 2E 69 6E 74 65 6E 74 2E 63 61 74 65 67 6F 72 79 2E 4C 41 55 4E 43 48 45 52 00 
10-22 12:48:27.972 32257 32257 E adbd    : service_to_fd: shell,v2,TERM=xterm-256color,raw:am start -n "com.example.batterymanager_utility/com.example.batterymanager_utility.MainActivity" -a android.intent.action.MAIN -c android.intent.category.LAUNCHER
10-22 12:48:28.011  3957  4128 D WifiService: getConnectionInfo uid=1000
10-22 12:48:28.086  3957  4622 I ActivityManager: START u0 {act=android.intent.action.MAIN typ=null flg=0x10000000 cmp=ComponentInfo{com.example.batterymanager_utility/com.example.batterymanager_utility.MainActivity}} from uid 2000
10-22 12:48:28.136  3957  4622 D CustomFrequencyManagerService: acquireDVFSLockLocked : type : DVFS_MIN_LIMIT  frequency : 1560000  uid : 1000  pid : 3957  pkgName : AMS_APP_SWITCH@CPU_MIN@52
10-22 12:48:28.139  3957  4622 D ActivityManagerPerformance: AMP_acquire() APP_SWITCH
10-22 12:48:28.141  2479  2548 D ScanRecord: Not a Multi Manu data
10-22 12:48:28.141  2479  2548 I chatty  : uid=1002(bluetooth) BT Service Call identical 9 lines
10-22 12:48:28.141  2479  2548 D ScanRecord: Not a Multi Manu data
10-22 12:48:28.142  3957  5022 D ActivityManagerPerformance: Received MSG_CFMS_HINT_AMS_SWITCH pkgName: com.example.batterymanager_utility
10-22 12:48:28.145  3957  6478 D TelephonyManager: getAllCellInfo : Caller (PID / UID / TID): 3957 / 1000 / 6478
10-22 12:48:28.150  2479  2548 D ScanRecord: Not a Multi Manu data
10-22 12:48:28.163  2479  2548 I chatty  : uid=1002(bluetooth) BT Service Call identical 20 lines
10-22 12:48:28.163  2479  2548 D ScanRecord: Not a Multi Manu data
10-22 12:48:28.175   426   426 V Launcher: Launcher.onPause()
10-22 12:48:28.179  3957  3957 D MdnieScenarioControlService: Listener Real Multi Window State : false
10-22 12:48:28.179   426   426 D Launcher: setHotWordDetection : call requestHotWordDetection false
10-22 12:48:28.192  2479  2548 D ScanRecord: Not a Multi Manu data
10-22 12:48:28.205  3957  4622 D ActivityManager: isScaleDownAnimationEnabled() : false
10-22 12:48:28.210  3957  4622 D StorageManagerService: getExternalStorageMountMode : 1
10-22 12:48:28.211  3957  4622 D StorageManagerService: getExternalStorageMountMode : 3
10-22 12:48:28.211  3957  4622 D StorageManagerService: getExternalStorageMountMode : final mountMode=1, uid : 10170, packageName : com.example.batterymanager_utility
10-22 12:48:28.215  2479  2548 I chatty  : uid=1002(bluetooth) BT Service Call identical 31 lines
10-22 12:48:28.215  2479  2548 D ScanRecord: Not a Multi Manu data
10-22 12:48:28.217  3957  4622 I ApplicationPolicy: isApplicationExternalStorageWhitelisted:com.example.batterymanager_utility user:0
10-22 12:48:28.219  3957  4622 D ApplicationPolicy: isApplicationExternalStorageWhitelisted: DO is not enabled on user 0. Allowed.
10-22 12:48:28.219  3957  4622 D ActivityManager: package  com.example.batterymanager_utility, user - 0 is SDcard whitelisted
10-22 12:48:28.219  3957  4622 I ApplicationPolicy: isApplicationExternalStorageBlacklisted:com.example.batterymanager_utility user:0
10-22 12:48:28.219  3957  4622 D ApplicationPolicy: isApplicationExternalStorageBlacklisted: DO is not enabled on user 0. Allowed.
10-22 12:48:28.224  3957  6478 D WifiService: getConnectionInfo uid=1000
10-22 12:48:28.234  2479  2548 D ScanRecord: Not a Multi Manu data
10-22 12:48:28.234  2479  2548 I chatty  : uid=1002(bluetooth) BT Service Call identical 9 lines
10-22 12:48:28.234  2479  2548 D ScanRecord: Not a Multi Manu data
10-22 12:48:28.240   321   321 E Zygote  : isWhitelistProcess - Process is Whitelisted
10-22 12:48:28.240  2479  2548 D ScanRecord: Not a Multi Manu data
10-22 12:48:28.240  2479  2548 I chatty  : uid=1002(bluetooth) BT Service Call identical 9 lines
10-22 12:48:28.240  2479  2548 D ScanRecord: Not a Multi Manu data
10-22 12:48:28.241   321   321 E libpersona: scanKnoxPersonas
10-22 12:48:28.241   321   321 E libpersona: Couldn't open the File - /data/system/users/0/personalist.xml - No such file or directory
10-22 12:48:28.244  3957  4622 I ActivityManager: Start proc 321:com.example.batterymanager_utility/u0a170 for activity com.example.batterymanager_utility/.MainActivity
10-22 12:48:28.247   321   321 W SELinux : SELinux selinux_android_compute_policy_index : Policy Index[2],  Con:u:r:zygote:s0 RAM:SEPF_SM-J720F_8.0.0_0002, [-1 -1 -1 -1 0 1]
10-22 12:48:28.250  2479  2548 D ScanRecord: Not a Multi Manu data
10-22 12:48:28.251   321   321 I SELinux : SELinux: seapp_context_lookup: seinfo=untrusted, level=s0:c512,c768, pkgname=com.example.batterymanager_utility 
10-22 12:48:28.253  4146  4146 I GsaVoiceInteractionSrv: Handling ACTION_STOP_HOTWORD
10-22 12:48:28.254   321   321 I zygote64: Late-enabling -Xcheck:jni
10-22 12:48:28.255  2479  2548 I chatty  : uid=1002(bluetooth) BT Service Call expire 9 lines
10-22 12:48:28.255  2479  2548 D ScanRecord: Not a Multi Manu data
10-22 12:48:28.257  2479  2548 D ScanRecord: same manuId data exists, combine both data and store
10-22 12:48:28.257  2479  2548 D ScanRecord: It's a Multi Manu data
10-22 12:48:28.257  2479  2548 I chatty  : uid=1002(bluetooth) BT Service Call identical 9 lines
10-22 12:48:28.257  2479  2548 D ScanRecord: It's a Multi Manu data
10-22 12:48:28.257  2479  2548 D ScanRecord: same manuId data exists, combine both data and store
10-22 12:48:28.261  2479  2548 D ScanRecord: Not a Multi Manu data
10-22 12:48:28.261  2479  2548 I chatty  : uid=1002(bluetooth) BT Service Call identical 10 lines
10-22 12:48:28.273  3957  4025 V WindowManager: rotationForOrientationLw(orient=-1, last=0); user=0  sensorRotation=-1 mLidState=-1 mDockMode=0 mHdmiPlugged=false
10-22 12:48:28.273  2479  2548 D ScanRecord: Not a Multi Manu data
10-22 12:48:28.273  3957  4025 D ViewRootImpl@562d53a[batterymanager_utility]: setView = DecorView@5e6f48[batterymanager_utility] TM=true MM=false
10-22 12:48:28.274  2479  2548 D ScanRecord: Not a Multi Manu data
10-22 12:48:28.274  2479  2548 I chatty  : uid=1002(bluetooth) BT Service Call identical 8 lines
10-22 12:48:28.274  2479  2548 D ScanRecord: Not a Multi Manu data
10-22 12:48:28.276  3957  4025 D ViewRootImpl@562d53a[batterymanager_utility]: dispatchAttachedToWindow
10-22 12:48:28.276  3957  4025 V WindowManager: Relayout Window{ce8a5eb u0 Splash Screen com.example.batterymanager_utility}: viewVisibility=0 req=719x1237 WM.LayoutParams{(0,0)(fillxfill) sim=#20 ty=3 fl=#81830118 pfl=0x20011 wanim=0x10302fd vsysui=0x600 needsMenuKey=2 colorMode=0 naviIconColor=0}
10-22 12:48:28.279  4340  4340 D WallpaperService: updateSurface forceRelayout=true redrawNeeded=false myWidth=1280 myHeight=1280 fixedSize=true x = 0 y = 0 mWidth=1280 mHeight=1280 mIsSleepMode=false
10-22 12:48:28.280  2479  2548 D ScanRecord: Not a Multi Manu data
10-22 12:48:28.283  2479  2548 I chatty  : uid=1002(bluetooth) BT Service Call identical 31 lines
10-22 12:48:28.283  2479  2548 D ScanRecord: Not a Multi Manu data
10-22 12:48:28.284  3447  3447 I SurfaceFlinger: id=2895 createSurf (720x1280),1 flag=404, Splash Screen com.example.batterymanager_utility#0
10-22 12:48:28.287  3957  4025 V Surface : sf_framedrop debug : 0x4f4c, game : false, logging : 0
10-22 12:48:28.287  2479  2548 D ScanRecord: Not a Multi Manu data
10-22 12:48:28.288  2479  2548 I chatty  : uid=1002(bluetooth) BT Service Call identical 9 lines
10-22 12:48:28.288  2479  2548 D ScanRecord: Not a Multi Manu data
10-22 12:48:28.292  3957  4025 D InputDispatcher: Focus left window: 426
10-22 12:48:28.292  4146  4216 I HwDetectorWithState: (REDACTED) a: %d
10-22 12:48:28.293  3957  4025 D ViewRootImpl@562d53a[batterymanager_utility]: Relayout returned: old=[0,0][0,0] new=[0,0][720,1280] result=0x7 surface={valid=true 501170040832} changed=true
10-22 12:48:28.293  3957  8324 V WindowManager: Relayout Window{b8b4ba7 u0 com.android.systemui.ImageWallpaper}: viewVisibility=0 req=1280x1280 WM.LayoutParams{(0,0)(1280x1280) gr=#800033 ty=2013 fl=#10318 fmt=2 wanim=0x103030e colorMode=0 naviIconColor=0}
10-22 12:48:28.294  3957  4025 D ViewRootImpl@562d53a[batterymanager_utility]: MSG_RESIZED_REPORT: frame=Rect(0, 0 - 720, 1280) ci=Rect(0, 42 - 0, 0) vi=Rect(0, 42 - 0, 0) or=1
10-22 12:48:28.296  2479  2548 D ScanRecord: Not a Multi Manu data
10-22 12:48:28.296  2479  2548 I chatty  : uid=1002(bluetooth) BT Service Call identical 9 lines
10-22 12:48:28.296  2479  2548 D ScanRecord: Not a Multi Manu data
10-22 12:48:28.297   426   426 D ViewRootImpl@64d68ee[LauncherActivity]: MSG_WINDOW_FOCUS_CHANGED 0
10-22 12:48:28.298  2479  2548 D ScanRecord: Not a Multi Manu data
10-22 12:48:28.298  2479  2548 I chatty  : uid=1002(bluetooth) BT Service Call identical 9 lines
10-22 12:48:28.298  2479  2548 D ScanRecord: Not a Multi Manu data
10-22 12:48:28.299  4340  4340 D ImageWallpaper: onOffsetsChanged: xOffset=0.0, yOffset=0.0, xOffsetStep=0.0, yOffsetStep=0.0, xPixels=0, yPixels=0
10-22 12:48:28.300  4340  4340 D ImageWallpaper: newRotation : 0,mLastRotation : 0
10-22 12:48:28.300  4340  4340 D ImageWallpaper: drawFrame:[frame.width()]1280[frame.height()]1280
10-22 12:48:28.300  4340  4340 D ImageWallpaper: surfaceDimensionsChanged=false mDisplayWidth=720 mDisplayHeight=1280
10-22 12:48:28.300  4340  4340 D ImageWallpaper: redrawNeeded = false, mOffsetsChanged = false
10-22 12:48:28.300  4340  4340 D ImageWallpaper: Suppressed drawFrame since redraw is not needed and offsets have not changed.
10-22 12:48:28.300  2479  2548 D ScanRecord: Not a Multi Manu data
10-22 12:48:28.326  3957  4025 V WindowManager: finishDrawingLocked: mDrawState=COMMIT_DRAW_PENDING Window{ce8a5eb u0 Splash Screen com.example.batterymanager_utility} in Surface(name=Splash Screen com.example.batterymanager_utility)
10-22 12:48:28.334  2479  2548 I chatty  : uid=1002(bluetooth) BT Service Call identical 53 lines
10-22 12:48:28.334  2479  2548 D ScanRecord: Not a Multi Manu data
10-22 12:48:28.338   321   321 D TimaKeyStoreProvider: TimaKeyStore is not enabled: cannot add TimaSignature Service and generateKeyPair Service
10-22 12:48:28.340   321   321 D ActivityThread: Added TimaKeyStore provider
10-22 12:48:28.347  3957  4622 I ActivityManager: DSS on for com.example.batterymanager_utility and scale is 1.0
10-22 12:48:28.355  2479  2548 D ScanRecord: Not a Multi Manu data
10-22 12:48:28.370  2479  2548 I chatty  : uid=1002(bluetooth) BT Service Call identical 20 lines
10-22 12:48:28.370  2479  2548 D ScanRecord: Not a Multi Manu data
10-22 12:48:28.370  3957  4622 D PersonaManagerService: Current focused persona service handled id set to : 0
10-22 12:48:28.370  3957  4622 D InputDispatcher: Focused application set to: xxxx
10-22 12:48:28.374  3957  4220 D GameManagerService: handleForegroundChange(). pkgName: com.example.batterymanager_utility, clsName: com.example.batterymanager_utility.MainActivity,FgActivityName:com.example.batterymanager_utility/.MainActivity
10-22 12:48:28.374  3957  4622 D MARsPolicyManager: onPackageResumedFG pkgName = com.example.batterymanager_utility, userId = 0
10-22 12:48:28.375  3957  4220 D GameManagerService: sem_perfomance_mode: 3
10-22 12:48:28.375  3957  4220 D GameManagerService: notifyResumePause(). pkg: com.example.batterymanager_utility, type: 4, isMinimized: false, isTunableApp: false
10-22 12:48:28.375  3957  4220 D GameManagerService:   notifyResumePause(). unexpected mPrevNotiType: -1
10-22 12:48:28.376  2479  2548 D ScanRecord: Not a Multi Manu data
10-22 12:48:28.376  2479  2548 I chatty  : uid=1002(bluetooth) BT Service Call identical 9 lines
10-22 12:48:28.376  2479  2548 D ScanRecord: Not a Multi Manu data
10-22 12:48:28.379  3957  4622 D SamsungAnimationCreator: createAnimation type:LowEnd transit:12 enter:false wallpaperXoffset:-280 split:false fixedOri:false
10-22 12:48:28.379  3957  4622 D SamsungAnimationCreator: createAnimation displayFrame:Rect(0, 0 - 720, 1280) frame:null insets:null
10-22 12:48:28.393   426   426 I Launcher: onWindowVisibilityChanged : false
10-22 12:48:28.400  3957  3973 D WindowManager: set systemUiVisibility : systemUiFlags= 0x608 fullscreenStackSysUiFlags= 0x0
10-22 12:48:28.400  3957  6478 D GamePkgDataHelper: getGamePkgDataIncServer(). com.example.batterymanager_utility
10-22 12:48:28.403  3957  6478 D GameManagerService: identifyGamePackage. com.example.batterymanager_utility
10-22 12:48:28.403  3957  6478 D GamePkgDataHelper: getGamePkgData(). com.example.batterymanager_utility
10-22 12:48:28.405   426   484 D OpenGLRenderer: eglDestroySurface = 0x74e6852400
10-22 12:48:28.406  3957  8324 V WindowManager: Relayout Window{f4e98e0 u0 com.sec.android.app.launcher/com.sec.android.app.launcher.activities.LauncherActivity}: viewVisibility=8 req=720x1280 WM.LayoutParams{(0,0)(fillxfill) sim=#130 ty=1 fl=#81910d00 pfl=0x20000 fmt=-2 wanim=0x10302ea vsysui=0x700 needsMenuKey=2 colorMode=0 naviIconColor=0}
10-22 12:48:28.407  3957  6478 D GameManagerService: identifyGamePackage. com.example.batterymanager_utility
10-22 12:48:28.407  3957  6478 D GamePkgDataHelper: getGamePkgData(). com.example.batterymanager_utility
10-22 12:48:28.410  3957  6478 D GamePkgDataHelper: getSosPolicy(). com.example.batterymanager_utility
10-22 12:48:28.412   426   426 D ViewRootImpl@64d68ee[LauncherActivity]: Relayout returned: old=[0,0][720,1280] new=[0,0][720,1280] result=0x5 surface={valid=false 0} changed=true
10-22 12:48:28.412  4340 29993 D SystemServicesProxy: updateOverviewLastStackActiveTimeAsync: newTime=1697971588495
10-22 12:48:28.415  3957  4651 D WindowManager: adjustSystemUiVisibilityLw : vis= 0x608
10-22 12:48:28.417  3957  8324 D SecContentProvider: query(), uri = 17 selection = isSettingsChangesAllowed
10-22 12:48:28.417  3957  6478 D GameManagerService: identifyGamePackage. com.example.batterymanager_utility
10-22 12:48:28.417  2479  2548 D ScanRecord: Not a Multi Manu data
10-22 12:48:28.417  3957  6478 D GamePkgDataHelper: getGamePkgData(). com.example.batterymanager_utility
10-22 12:48:28.419  3957  8324 D SecContentProvider: called from android.uid.systemui:10009
10-22 12:48:28.423  3957  6478 D GameManagerService: identifyGamePackage. com.example.batterymanager_utility
10-22 12:48:28.423  3957  6478 D GamePkgDataHelper: getGamePkgData(). com.example.batterymanager_utility
10-22 12:48:28.424  3957  3978 D MARsDBManager: onChange - mSmartManagerObserver! Uri = content://com.samsung.android.sm/AppFreezer?MARs-self=true&MARs=true
10-22 12:48:28.425  4340  4692 D SystemServicesProxy: updateOverviewLastStackActiveTimeAsync: done.
10-22 12:48:28.431  2479  2548 I chatty  : uid=1002(bluetooth) BT Service Call identical 20 lines
10-22 12:48:28.431  2479  2548 D ScanRecord: Not a Multi Manu data
10-22 12:48:28.434   321   321 I zygote64: no shared libraies, dex_files: 1
10-22 12:48:28.436  2479  2548 D ScanRecord: same manuId data exists, combine both data and store
10-22 12:48:28.436  2479  2548 D ScanRecord: It's a Multi Manu data
10-22 12:48:28.436  2479  2548 I chatty  : uid=1002(bluetooth) BT Service Call identical 9 lines
10-22 12:48:28.436  2479  2548 D ScanRecord: It's a Multi Manu data
10-22 12:48:28.436  2479  2548 D ScanRecord: same manuId data exists, combine both data and store
10-22 12:48:28.436  2479  2548 D ScanRecord: Not a Multi Manu data
10-22 12:48:28.477  2479  2548 I chatty  : uid=1002(bluetooth) BT Service Call identical 86 lines
10-22 12:48:28.477  2479  2548 D ScanRecord: Not a Multi Manu data
10-22 12:48:28.484  3447  3447 I SurfaceFlinger: Display 0 HWC layers:
10-22 12:48:28.484  3447  3447 I SurfaceFlinger:     type    |    handle    | flag |  format   |   source crop (l,t,r,b)    |         frame       | name 
10-22 12:48:28.484  3447  3447 I SurfaceFlinger: ------------+--------------+------+-----------+----------------------------+---------------------+------
10-22 12:48:28.484  3447  3447 I SurfaceFlinger:      Device | 0x7e9ec22c80 | 0002 | RGBx_8888 | 280.0    0.0 1000.0 1280.0 |    0    0  720 1280 | com.android.systemui.ImageWallpaper#0
10-22 12:48:28.484  3447  3447 I SurfaceFlinger:      Device | 0x7e9ed39100 | 0000 | RGBA_8888 |  21.0   37.0  700.0 1244.0 |    0    0  720 1280 | com.sec.android.app.launcher/com.sec[...]uncher.activities.LauncherActivity#0
10-22 12:48:28.484  3447  3447 I SurfaceFlinger:      Device | 0x7e9ecdfb80 | 0002 | RGBA_8888 |   0.0    0.0  720.0 1280.0 |  133  236  588 1044 | Splash Screen com.example.batterymanager_utility#0
10-22 12:48:28.484  3447  3447 I SurfaceFlinger:      Device | 0x7ea5024180 | 0000 | RGBA_8888 |   0.0    0.0  720.0   42.0 |    0    0  720   42 | StatusBar#0
10-22 12:48:28.484  3447  3447 I SurfaceFlinger: 
10-22 12:48:28.485  2479  2548 D ScanRecord: Not a Multi Manu data
10-22 12:48:28.518  2479  2548 I chatty  : uid=1002(bluetooth) BT Service Call identical 75 lines
10-22 12:48:28.518  2479  2548 D ScanRecord: Not a Multi Manu data
10-22 12:48:28.525   321   321 I BatteryMgr:App: creating notification channel
10-22 12:48:28.528  2479  2548 D ScanRecord: Not a Multi Manu data
10-22 12:48:28.529  3957  4089 D MdnieScenarioControlService:  packageName : com.example.batterymanager_utility    className : com.example.batterymanager_utility.MainActivity
10-22 12:48:28.531  3957  4089 V MdnieScenarioControlService: setUIMode from UI function(3)
10-22 12:48:28.603  2479  2548 I chatty  : uid=1002(bluetooth) BT Service Call identical 108 lines
10-22 12:48:28.603  2479  2548 D ScanRecord: Not a Multi Manu data
10-22 12:48:28.620  2479  2548 D ScanRecord: same manuId data exists, combine both data and store
10-22 12:48:28.620  2479  2548 D ScanRecord: It's a Multi Manu data
10-22 12:48:28.620  2479  2548 I chatty  : uid=1002(bluetooth) BT Service Call identical 9 lines
10-22 12:48:28.620  2479  2548 D ScanRecord: It's a Multi Manu data
10-22 12:48:28.620  2479  2548 D ScanRecord: same manuId data exists, combine both data and store
10-22 12:48:28.635  2479  2548 D ScanRecord: Not a Multi Manu data
10-22 12:48:28.635  2479  2548 I chatty  : uid=1002(bluetooth) BT Service Call identical 9 lines
10-22 12:48:28.635  2479  2548 D ScanRecord: Not a Multi Manu data
10-22 12:48:28.675   321   338 D OpenGLRenderer: HWUI GL Pipeline
10-22 12:48:28.689   321   321 D ViewRootImpl@4470b6[MainActivity]: setView = DecorView@a3fa1b7[MainActivity] TM=true MM=false
10-22 12:48:28.691  3957  8324 D ActivityManager: post active user change for 0 fullscreen true isHomeActivity() false
10-22 12:48:28.824   321   321 W zygote64: Class androidx.compose.runtime.snapshots.SnapshotStateList failed lock verification and will run slower.
10-22 12:48:28.825   321   321 W zygote64: Common causes for lock verification issues are non-optimized dex code
10-22 12:48:28.825   321   321 W zygote64: and incorrect proguard optimizations.
10-22 12:48:28.831  3447  3447 I SurfaceFlinger: Display 0 HWC layers:
10-22 12:48:28.831  3447  3447 I SurfaceFlinger:     type    |    handle    | flag |  format   |   source crop (l,t,r,b)    |         frame       | name 
10-22 12:48:28.831  3447  3447 I SurfaceFlinger: ------------+--------------+------+-----------+----------------------------+---------------------+------
10-22 12:48:28.831  3447  3447 I SurfaceFlinger:      Device | 0x7e9ecdfb80 | 0002 | RGBA_8888 |   0.0    0.0  720.0 1280.0 |    0    0  720 1280 | Splash Screen com.example.batterymanager_utility#0
10-22 12:48:28.831  3447  3447 I SurfaceFlinger:      Device | 0x7ea5024180 | 0000 | RGBA_8888 |   0.0    0.0  720.0   42.0 |    0    0  720   42 | StatusBar#0
10-22 12:48:28.831  3447  3447 I SurfaceFlinger: 
10-22 12:48:28.872  3957  4025 I WindowManager: Destroying surface Surface(name=com.sec.android.app.launcher/com.sec.android.app.launcher.activities.LauncherActivity) called by com.android.server.wm.WindowStateAnimator.destroySurface:2501 com.android.server.wm.WindowStateAnimator.destroySurfaceLocked:985 com.android.server.wm.WindowState.destroyOrSaveSurfaceUnchecked:3670 com.android.server.wm.WindowState.destroySurface:3618 com.android.server.wm.AppWindowToken.destroySurfaces:722 com.android.server.wm.AppWindowToken.destroySurfaces:706 com.android.server.wm.WindowState.onExitAnimationDone:5316 com.android.server.wm.AppWindowAnimator.stepAnimationLocked:508 
10-22 12:48:28.872  3447  3488 I SurfaceFlinger: id=2894 Removed com.sec.android.app.launcher/com.sec.android.app.launcher.activities.LauncherActivity#0 (1/5)
10-22 12:48:28.876  3447  5168 I SurfaceFlinger: id=2894 Removed com.sec.android.app.launcher/com.sec.android.app.launcher.activities.LauncherActivity#0 (-2/5)
10-22 12:48:28.876  3447  3447 I Layer   : id=2894 onRemoved com.sec.android.app.launcher/com.sec.android.app.launcher.activities.LauncherActivity#0 
10-22 12:48:28.877  4340 29993 D WallpaperService: dispatchAppVisibility onVisibilityChanged(): false
10-22 12:48:28.878  4340  4340 D ImageWallpaper: onVisibilityChanged: mVisible, visible=true, false
10-22 12:48:28.878  4340  4340 D ImageWallpaper: Visibility changed to visible=false
10-22 12:48:28.878  4340  4340 D WallpaperService: reportVisibility onVisibilityChanged visible: false
10-22 12:48:28.918  3957  4129 D WifiStateMachine:  ConnectedState !RSSI_PKTCNT_FETCH uid=1000 rt=578115503/1634090976 0 0 "ourhome" f4:6d:2f:12:cc:88 rssi=-41 f=5240 sc=60 link=433 tx=2.2, 0.0, 0.0  rx=21.0 bcn=367468 [on:0 tx:0 rx:0 period:999] from screen [on:39399 period:183398] score=60
10-22 12:48:28.919  3957  4129 D WifiStateMachine:  L2ConnectedState !RSSI_PKTCNT_FETCH uid=1000 rt=578115504/1634090977 0 0 "ourhome" f4:6d:2f:12:cc:88 rssi=-41 f=5240 sc=60 link=433 tx=2.2, 0.0, 0.0  rx=21.0 bcn=367468 [on:0 tx:0 rx:0 period:1] from screen [on:39399 period:183399] score=60
10-22 12:48:28.925  3957  4129 D WifiStateMachine: fetchRssiLinkSpeedAndFrequencyNative rssi=-41 linkspeed=433 freq=5240
10-22 12:48:28.925  3957  4129 V WifiConfigManager: Updating scan detail cache freq=5240 BSSID=f4:6d:2f:12:cc:88 RSSI=-40 for "ourhome"WPA_PSK
10-22 12:48:28.936   321   321 D ViewRootImpl@4470b6[MainActivity]: dispatchAttachedToWindow
10-22 12:48:28.992  3957  8324 V WindowManager: Relayout Window{42074de u0 com.example.batterymanager_utility/com.example.batterymanager_utility.MainActivity}: viewVisibility=0 req=719x1237 WM.LayoutParams{(0,0)(fillxfill) sim=#120 ty=1 fl=#81810100 pfl=0x20000 wanim=0x10302fd vsysui=0x600 needsMenuKey=2 colorMode=0 naviIconColor=0}
10-22 12:48:28.993  3447  3447 I SurfaceFlinger: id=2896 createSurf (720x1280),1 flag=404, com.example.batterymanager_utility/com.example.batterymanager_utility.MainActivity#0
10-22 12:48:28.995  3957  8324 V Surface : sf_framedrop debug : 0x4f4c, game : false, logging : 0
10-22 12:48:28.998  3957  8324 D InputDispatcher: Focus entered window: 321
10-22 12:48:29.001   321   321 V Surface : sf_framedrop debug : 0x4f4c, game : false, logging : 0
10-22 12:48:29.004   321   321 D ViewRootImpl@4470b6[MainActivity]: Relayout returned: old=[0,0][0,0] new=[0,0][720,1280] result=0x7 surface={valid=true 502083731456} changed=true
10-22 12:48:29.013  3957  4128 D WifiService: getConnectionInfo uid=1000
10-22 12:48:29.023   321   338 I OpenGLRenderer: Initialized EGL, version 1.4
10-22 12:48:29.023   321   338 D OpenGLRenderer: Swap behavior 2
10-22 12:48:29.024   321   321 D Compose Focus: Owner FocusChanged(true)
10-22 12:48:29.033   321   338 D libGLESv1: STS_GLApi : DTS, ODTC are not allowed for Package : com.example.batterymanager_utility
10-22 12:48:29.034   321   338 D mali_winsys: EGLint new_window_surface(egl_winsys_display *, void *, EGLSurface, EGLConfig, egl_winsys_surface **, egl_color_buffer_format *, EGLBoolean) returns 0x3000,  [720x1280]-format:1
10-22 12:48:29.034   321   338 D OpenGLRenderer: eglCreateWindowSurface = 0x74d46cc980
10-22 12:48:29.126  3957  8324 V WindowManager: finishDrawingLocked: mDrawState=COMMIT_DRAW_PENDING Window{42074de u0 com.example.batterymanager_utility/com.example.batterymanager_utility.MainActivity} in Surface(name=com.example.batterymanager_utility/com.example.batterymanager_utility.MainActivity)
10-22 12:48:29.128   321   321 D ViewRootImpl@4470b6[MainActivity]: MSG_RESIZED_REPORT: frame=Rect(0, 0 - 720, 1280) ci=Rect(0, 42 - 0, 0) vi=Rect(0, 42 - 0, 0) or=1
10-22 12:48:29.128   321   321 D ViewRootImpl@4470b6[MainActivity]: MSG_WINDOW_FOCUS_CHANGED 1
10-22 12:48:29.131  3957  4025 D ViewRootImpl@562d53a[batterymanager_utility]: dispatchDetachedFromWindow
10-22 12:48:29.131  3957  4025 D InputEventReceiver: channel 'ce8a5eb Splash Screen com.example.batterymanager_utility (client)' ~ Disposing input event receiver.
10-22 12:48:29.131  3957  4025 D InputEventReceiver: channel 'ce8a5eb Splash Screen com.example.batterymanager_utility (client)' ~NativeInputEventReceiver.
10-22 12:48:29.135   321   321 V InputMethodManager: Starting input: tba=android.view.inputmethod.EditorInfo@83e742a nm : com.example.batterymanager_utility ic=null
10-22 12:48:29.135   321   321 I InputMethodManager: startInputInner - mService.startInputOrWindowGainedFocus
10-22 12:48:29.135  3957  8324 D InputMethodManagerService: startInputOrWindowGainedFocus : windowGainedFocus 
10-22 12:48:29.136  3957  8324 D InputMethodManagerService: windowGainedFocus: destinationUserId (getCallingUid) = 0
10-22 12:48:29.136  3957  8324 D InputMethodManagerService: windowGainedFocus: currentUserId=0
10-22 12:48:29.136  3957  8324 D InputMethodManagerService: windowGainedFocus: mCurrentFocusedUserId=0
10-22 12:48:29.136  3957  8324 D InputMethodManagerService: windowGainedFocus : lock - currentUserId = 0 destinationUserId = 0
10-22 12:48:29.137  3957  8324 D InputMethodManagerService: windowGainedFocus : mCurrentFocusedUserId - 0 and mSecureKeypadEnabled - false, userSwitched - false
10-22 12:48:29.138  3957  8324 V InputMethodManagerService: windowGainedFocus : reason=WINDOW_FOCUS_GAIN client=android.os.BinderProxy@561df60 inputContext=null missingMethods= attribute=android.view.inputmethod.EditorInfo@7bb00ea nm = com.example.batterymanager_utility controlFlags=#105 softInputMode=#120 windowFlags=#81810100
10-22 12:48:29.138  3957  8324 V InputMethodManagerService: hideCurrentInputLocked : shouldHideSoftInput is false
10-22 12:48:29.138  3957  3981 I ActivityManager: Displayed com.example.batterymanager_utility/.MainActivity: +926ms
10-22 12:48:29.138  3957  8324 D InputMethodManagerService: isImeSwitcherDisabledPackage : false
10-22 12:48:29.139  3957  3981 D CustomFrequencyManagerService: acquireDVFSLockLocked : type : DVFS_MIN_LIMIT  frequency : 1560000  uid : 1000  pid : 3957  pkgName : AMS_RESUME_TAIL@CPU_MIN@58
10-22 12:48:29.139  3957  3981 D ActivityManagerPerformance: AMP_acquire() TAIL
10-22 12:48:29.140  3957  8324 V InputMethodManagerService: Creating new session for client ClientState{3e2dfdb uid 10170 pid 321}
10-22 12:48:29.141  3957  3981 D CustomFrequencyManagerService: releaseDVFSLockLocked : Getting Lock type frm List : DVFS_MIN_LIMIT  frequency : 1560000  uid : 1000  pid : 3957  tag : AMS_APP_SWITCH@CPU_MIN@52
10-22 12:48:29.141  3957  3981 D ActivityManagerPerformance: AMP_release() APP_SWITCH
10-22 12:48:29.145  3957  8324 D InputMethodManagerService: setCurrentInputInfo - inputContext : null eidtorInfo : android.view.inputmethod.EditorInfo@7bb00ea missingMethods : 0
10-22 12:48:29.146 14900 14900 I InputMethodWrapper:  call dispatchStartInputWithToken
10-22 12:48:29.146 14900 14900 I InputMethodService: dispatchStartInputWithToken
10-22 12:48:29.161 14900 14900 I SKBD    : SamsungKeypad [IMI] onStartInput - caller pid : 321, caller uid : 10170
10-22 12:48:29.163   321   321 V InputMethodManager: Starting input: tba=android.view.inputmethod.EditorInfo@c78721b nm : com.example.batterymanager_utility ic=null
10-22 12:48:29.170   426   426 D StageManager: saved stages : inStack [1] , outStack[2]
10-22 12:48:29.180  3447  3447 I SurfaceFlinger: Display 0 HWC layers:
10-22 12:48:29.180  3447  3447 I SurfaceFlinger:     type    |    handle    | flag |  format   |   source crop (l,t,r,b)    |         frame       | name 
10-22 12:48:29.180  3447  3447 I SurfaceFlinger: ------------+--------------+------+-----------+----------------------------+---------------------+------
10-22 12:48:29.180  3447  3447 I SurfaceFlinger:      Device | 0x7e9ecdd9c0 | 0002 | RGBA_8888 |   0.0    0.0  720.0 1280.0 |    0    0  720 1280 | com.example.batterymanager_utility/c[...]atterymanager_utility.MainActivity#0
10-22 12:48:29.180  3447  3447 I SurfaceFlinger:      Device | 0x7e9ecdfb80 | 0002 | RGBA_8888 |   0.0    0.0  720.0 1280.0 |    0    0  720 1280 | Splash Screen com.example.batterymanager_utility#0
10-22 12:48:29.180  3447  3447 I SurfaceFlinger:      Device | 0x7ea5024180 | 0000 | RGBA_8888 |   0.0    0.0  720.0   42.0 |    0    0  720   42 | StatusBar#0
10-22 12:48:29.180  3447  3447 I SurfaceFlinger: 
10-22 12:48:29.312  3957  4089 D MdnieScenarioControlService:  packageName : com.example.batterymanager_utility    className : com.example.batterymanager_utility.MainActivity
10-22 12:48:29.312  3957  4089 V MdnieScenarioControlService: setUIMode from UI function(3)
10-22 12:48:29.313  3447  3447 I SurfaceFlinger: Display 0 HWC layers:
10-22 12:48:29.313  3447  3447 I SurfaceFlinger:     type    |    handle    | flag |  format   |   source crop (l,t,r,b)    |         frame       | name 
10-22 12:48:29.313  3447  3447 I SurfaceFlinger: ------------+--------------+------+-----------+----------------------------+---------------------+------
10-22 12:48:29.313  3447  3447 I SurfaceFlinger:      Device | 0x7e9ecdd9c0 | 0002 | RGBA_8888 |   0.0    0.0  720.0 1280.0 |    0    0  720 1280 | com.example.batterymanager_utility/c[...]atterymanager_utility.MainActivity#0
10-22 12:48:29.313  3447  3447 I SurfaceFlinger:      Device | 0x7ea5024180 | 0000 | RGBA_8888 |   0.0    0.0  720.0   42.0 |    0    0  720   42 | StatusBar#0
10-22 12:48:29.313  3447  3447 I SurfaceFlinger: 
10-22 12:48:29.317  3957  4025 I WindowManager: Destroying surface Surface(name=Splash Screen com.example.batterymanager_utility) called by com.android.server.wm.WindowStateAnimator.destroySurface:2501 com.android.server.wm.WindowStateAnimator.destroySurfaceLocked:985 com.android.server.wm.WindowState.destroyOrSaveSurfaceUnchecked:3670 com.android.server.wm.WindowState.destroySurface:3618 com.android.server.wm.AppWindowToken.destroySurfaces:722 com.android.server.wm.AppWindowToken.destroySurfaces:706 com.android.server.wm.WindowState.onExitAnimationDone:5316 com.android.server.wm.WindowStateAnimator.stepAnimationLocked:550 
10-22 12:48:29.318  3447  3488 I SurfaceFlinger: id=2895 Removed Splash Screen com.example.batterymanager_utility#0 (2/5)
10-22 12:48:29.326  3447  3447 I Layer   : id=2895 onRemoved Splash Screen com.example.batterymanager_utility#0 
10-22 12:48:29.327  3447  5168 I SurfaceFlinger: id=2895 Removed Splash Screen com.example.batterymanager_utility#0 (-2/5)
10-22 12:48:29.740  3957  3957 D CustomFrequencyManagerService: releaseDVFSLockLocked : Getting Lock type frm List : DVFS_MIN_LIMIT  frequency : 1560000  uid : 1000  pid : 3957  tag : AMS_RESUME_TAIL@CPU_MIN@58
10-22 12:48:29.827  3957  4129 D WifiStateMachine:  ConnectedState !CMD_RSSI_POLL rt=578116410/1634091883 104 0 "ourhome" f4:6d:2f:12:cc:88 rssi=-41 f=5240 sc=60 link=433 tx=2.2, 0.0, 0.0  rx=21.0 bcn=367468 [on:0 tx:0 rx:0 period:908] from screen [on:39399 period:184307] score=60
10-22 12:48:29.830  3957  4129 D WifiStateMachine:  L2ConnectedState !CMD_RSSI_POLL rt=578116413/1634091886 104 0 "ourhome" f4:6d:2f:12:cc:88 rssi=-41 f=5240 sc=60 link=433 tx=2.2, 0.0, 0.0  rx=21.0 bcn=367468 [on:0 tx:0 rx:0 period:2] from screen [on:39399 period:184309] score=60
10-22 12:48:29.830  3957  4129 D WifiStateMachine:  get link layer stats 3
10-22 12:48:29.832  3436  3436 I android.hardware.wifi@1.0-service: getLinkLayerStats
10-22 12:48:29.852  3957  4129 D WifiStateMachine: fetchRssiLinkSpeedAndFrequencyNative rssi=-41 linkspeed=433 freq=5240
10-22 12:48:29.852  3957  4129 V WifiConfigManager: Updating scan detail cache freq=5240 BSSID=f4:6d:2f:12:cc:88 RSSI=-40 for "ourhome"WPA_PSK
10-22 12:48:29.858  4340  4340 E SignalClusterView: setSlotFocusVisible : subId -2
10-22 12:48:29.859  4340  4340 E SignalClusterView: setSlotFocusVisible : subId -2
10-22 12:48:29.920  3957  4129 D WifiStateMachine:  ConnectedState !RSSI_PKTCNT_FETCH uid=1000 rt=578116504/1634091976 0 0 "ourhome" f4:6d:2f:12:cc:88 rssi=-41 f=5240 sc=60 link=433 tx=2.7, 0.0, 0.0  rx=14.8 bcn=367496 [on:0 tx:0 rx:0 period:64] from screen [on:40071 period:184400] score=60
10-22 12:48:29.923  3957  4129 D WifiStateMachine:  L2ConnectedState !RSSI_PKTCNT_FETCH uid=1000 rt=578116506/1634091979 0 0 "ourhome" f4:6d:2f:12:cc:88 rssi=-41 f=5240 sc=60 link=433 tx=2.7, 0.0, 0.0  rx=14.8 bcn=367496 [on:0 tx:0 rx:0 period:3] from screen [on:40071 period:184403] score=60
10-22 12:48:29.931  3957  4129 D WifiStateMachine: fetchRssiLinkSpeedAndFrequencyNative rssi=-41 linkspeed=433 freq=5240
10-22 12:48:29.931  3957  4129 V WifiConfigManager: Updating scan detail cache freq=5240 BSSID=f4:6d:2f:12:cc:88 RSSI=-40 for "ourhome"WPA_PSK
10-22 12:48:29.987  3957  4055 I TLC_TIMA_PKM_initialize: initializing...
10-22 12:48:29.989  3957  4055 I TLC_TIMA_PKM_initialize: root = 0, root_strlen = 1
10-22 12:48:29.989  3957  4055 I TLC_TIMA_PKM_initialize: process = ffffffff00000000000000000000000a, process_strlen = 32
10-22 12:48:29.992  3957  4055 I TZ: mc_tlc_communication: input max_sendmsg_size = 262196
10-22 12:48:29.992  3957  4055 I TZ: mc_tlc_communication: input max_recvmsg_size = 262196
10-22 12:48:29.992  3957  4055 I TZ: mc_tlc_communication: root = 0, root_len = 1
10-22 12:48:29.992  3957  4055 I TZ: mc_tlc_communication: process = ffffffff00000000000000000000000a, process_strlen = 32
10-22 12:48:29.992  3957  4055 I TZ: mc_tlc_communication: aligned max_sendmsg_size = 262208
10-22 12:48:29.992  3957  4055 I TZ: mc_tlc_communication: aligned max_recvmsg_size = 262208
10-22 12:48:29.992  3957  4055 I TZ: mc_tlc_communication: device_id = 0x0
10-22 12:48:29.992  3957  4055 I TZ: mc_tlc_communication: tlc_open() was called
10-22 12:48:29.992  3957  4055 I TZ: mc_tlc_communication: Opening MobiCore device
10-22 12:48:29.997  3957  4055 I TeeSysClient: open mode set to: 0 [hardware/samsung_slsi/exynos7885/mobicore/ClientLib/src/common.cpp:343]
10-22 12:48:29.998  3957  4055 I TeeSysClient: driver version: v6.3 [hardware/samsung_slsi/exynos7885/mobicore/ClientLib/src/driver.cpp:71]
10-22 12:48:29.998  3957  4055 I TeeSysClient: driver open [hardware/samsung_slsi/exynos7885/mobicore/ClientLib/src/driver.cpp:84]
10-22 12:48:29.998  3957  4055 I TeeSysClient: Kinibi access granted by the driver [hardware/samsung_slsi/exynos7885/mobicore/ClientLib/src/common.cpp:217]
10-22 12:48:29.998  3957  4055 I TZ: mc_tlc_communication: Allocating message buffer for TCI
10-22 12:48:30.001  3957  4055 I TZ: mc_tlc_communication: Opening the session
10-22 12:48:30.016  3957  4128 D WifiService: getConnectionInfo uid=1000
10-22 12:48:30.046  3957  4055 I TZ: mc_tlc_communication: tlc_open() succeeded
10-22 12:48:30.046  3957  4055 E TLC_TIMA_PKM_initialize: tima_pkm : /system/etc/tima/kern_sec_info1
10-22 12:48:30.058  3957  4055 E TLC_TIMA_PKM_initialize: tima_pkm : /system/etc/tima/kern_sec_info2
10-22 12:48:30.066  3957  4055 E TLC_TIMA_PKM_initialize: tima_pkm : /system/etc/tima/kern_sec_info3
10-22 12:48:30.074  3957  4055 E TLC_TIMA_PKM_initialize: tima_pkm : /system/etc/tima/kern_sec_info4
10-22 12:48:30.084  3957  4055 E TLC_TIMA_PKM_initialize: tima_pkm : /system/etc/tima/kern_sec_info5
10-22 12:48:30.090  3957  4055 E TLC_TIMA_PKM_initialize: tima_pkm : /system/etc/tima/kern_sec_info6
10-22 12:48:30.093  3957  4055 E TLC_TIMA_PKM_initialize: tima_pkm : /system/etc/tima/kern_sec_info7
10-22 12:48:30.097  3957  4055 E TLC_TIMA_PKM_initialize: tima_pkm : /system/etc/tima/kern_sec_info8
10-22 12:48:30.107  3957  4055 I TLC_TIMA_PKM_initialize: Trustlet response is completed
10-22 12:48:30.250  3957  3957 D PreBindingService: handleMessage : 1
10-22 12:48:30.551  3957  4306 D WifiConnectivityMonitor:  [|215] []
10-22 12:48:30.922  3957  4129 D WifiStateMachine:  ConnectedState !RSSI_PKTCNT_FETCH uid=1000 rt=578117505/1634092977 0 0 "ourhome" f4:6d:2f:12:cc:88 rssi=-41 f=5240 sc=60 link=433 tx=2.7, 0.0, 0.0  rx=14.8 bcn=367496 [on:0 tx:0 rx:0 period:998] from screen [on:40071 period:185401] score=60
10-22 12:48:30.924  3957  4129 D WifiStateMachine:  L2ConnectedState !RSSI_PKTCNT_FETCH uid=1000 rt=578117508/1634092980 0 0 "ourhome" f4:6d:2f:12:cc:88 rssi=-41 f=5240 sc=60 link=433 tx=2.7, 0.0, 0.0  rx=14.8 bcn=367496 [on:0 tx:0 rx:0 period:3] from screen [on:40071 period:185404] score=60
10-22 12:48:30.927  3957  4129 D WifiStateMachine: fetchRssiLinkSpeedAndFrequencyNative rssi=-41 linkspeed=433 freq=5240
10-22 12:48:30.927  3957  4129 V WifiConfigManager: Updating scan detail cache freq=5240 BSSID=f4:6d:2f:12:cc:88 RSSI=-40 for "ourhome"WPA_PSK
10-22 12:48:31.019  3957  4128 D WifiService: getConnectionInfo uid=1000
10-22 12:48:31.923  3957  4129 D WifiStateMachine:  ConnectedState !RSSI_PKTCNT_FETCH uid=1000 rt=578118507/1634093979 0 0 "ourhome" f4:6d:2f:12:cc:88 rssi=-41 f=5240 sc=60 link=433 tx=2.7, 0.0, 0.0  rx=14.8 bcn=367496 [on:0 tx:0 rx:0 period:999] from screen [on:40071 period:186403] score=60
10-22 12:48:31.926  3957  4129 D WifiStateMachine:  L2ConnectedState !RSSI_PKTCNT_FETCH uid=1000 rt=578118509/1634093982 0 0 "ourhome" f4:6d:2f:12:cc:88 rssi=-41 f=5240 sc=60 link=433 tx=2.7, 0.0, 0.0  rx=14.8 bcn=367496 [on:0 tx:0 rx:0 period:2] from screen [on:40071 period:186405] score=60
10-22 12:48:31.933  3957  4129 D WifiStateMachine: fetchRssiLinkSpeedAndFrequencyNative rssi=-41 linkspeed=433 freq=5240
10-22 12:48:31.934  3957  4129 V WifiConfigManager: Updating scan detail cache freq=5240 BSSID=f4:6d:2f:12:cc:88 RSSI=-40 for "ourhome"WPA_PSK
10-22 12:48:32.022  3957  4128 D WifiService: getConnectionInfo uid=1000
10-22 12:48:32.233  3957  6478 D WifiService: getConnectionInfo uid=1000
10-22 12:48:32.609  4961  4961 D io_stats: !@ 179,0 r 8635752 280796684 w 2015202 39853188 d 160149 36173304 f 618679 642793 iot 4000372 3462122 th 51200 0 0 pt 0 inp 0 0 578119.192
10-22 12:48:32.856  3957  4129 D WifiStateMachine:  ConnectedState !CMD_RSSI_POLL rt=578119440/1634094912 104 0 "ourhome" f4:6d:2f:12:cc:88 rssi=-41 f=5240 sc=60 link=433 tx=2.7, 0.0, 0.0  rx=14.8 bcn=367496 [on:0 tx:0 rx:0 period:931] from screen [on:40071 period:187336] score=60
10-22 12:48:32.859  3957  4129 D WifiStateMachine:  L2ConnectedState !CMD_RSSI_POLL rt=578119443/1634094915 104 0 "ourhome" f4:6d:2f:12:cc:88 rssi=-41 f=5240 sc=60 link=433 tx=2.7, 0.0, 0.0  rx=14.8 bcn=367496 [on:0 tx:0 rx:0 period:3] from screen [on:40071 period:187339] score=60
10-22 12:48:32.860  3957  4129 D WifiStateMachine:  get link layer stats 3
10-22 12:48:32.861  3436  3436 I android.hardware.wifi@1.0-service: getLinkLayerStats
10-22 12:48:32.880  3957  4129 D WifiStateMachine: fetchRssiLinkSpeedAndFrequencyNative rssi=-41 linkspeed=433 freq=5240
10-22 12:48:32.880  3957  4129 V WifiConfigManager: Updating scan detail cache freq=5240 BSSID=f4:6d:2f:12:cc:88 RSSI=-40 for "ourhome"WPA_PSK
10-22 12:48:32.886  4340  4340 E SignalClusterView: setSlotFocusVisible : subId -2
10-22 12:48:32.886  4340  4340 E SignalClusterView: setSlotFocusVisible : subId -2
10-22 12:48:32.924  3957  4129 D WifiStateMachine:  ConnectedState !RSSI_PKTCNT_FETCH uid=1000 rt=578119507/1634094979 0 0 "ourhome" f4:6d:2f:12:cc:88 rssi=-41 f=5240 sc=60 link=433 tx=6.1, 0.0, 0.0  rx=25.1 bcn=367525 [on:0 tx:0 rx:0 period:38] from screen [on:41366 period:187403] score=60
10-22 12:48:32.926  3957  4129 D WifiStateMachine:  L2ConnectedState !RSSI_PKTCNT_FETCH uid=1000 rt=578119510/1634094982 0 0 "ourhome" f4:6d:2f:12:cc:88 rssi=-41 f=5240 sc=60 link=433 tx=6.1, 0.0, 0.0  rx=25.1 bcn=367525 [on:0 tx:0 rx:0 period:3] from screen [on:41366 period:187406] score=60
10-22 12:48:32.933  3957  4129 D WifiStateMachine: fetchRssiLinkSpeedAndFrequencyNative rssi=-41 linkspeed=433 freq=5240
10-22 12:48:32.933  3957  4129 V WifiConfigManager: Updating scan detail cache freq=5240 BSSID=f4:6d:2f:12:cc:88 RSSI=-40 for "ourhome"WPA_PSK
10-22 12:48:33.025  3957  4128 D WifiService: getConnectionInfo uid=1000
10-22 12:48:33.147  2479  2548 D ScanRecord: Not a Multi Manu data
10-22 12:48:33.204  2479  2548 I chatty  : uid=1002(bluetooth) BT Service Call identical 86 lines
10-22 12:48:33.204  2479  2548 D ScanRecord: Not a Multi Manu data
10-22 12:48:33.212 32257 32257 E adbd    : recv: OPEN 0000003d 00000000 003f:73 68 65 6C 6C 2C 76 32 2C 54 45 52 4D 3D 78 74 65 72 6D 2D 32 35 36 63 6F 6C 6F 72 2C 72 61 77 3A 6D 6F 6E 6B 65 79 20 2D 70 20 6F 72 67 2E 6D 6F 7A 69 6C 6C 61 2E 66 65 6E 69 78 20 31 00 
10-22 12:48:33.212 32257 32257 E adbd    : service_to_fd: shell,v2,TERM=xterm-256color,raw:monkey -p org.mozilla.fenix 1
10-22 12:48:33.230  2479  2548 D ScanRecord: Not a Multi Manu data
10-22 12:48:33.592  2479  2548 I chatty  : uid=1002(bluetooth) BT Service Call identical 394 lines
10-22 12:48:33.592  2479  2548 D ScanRecord: Not a Multi Manu data
10-22 12:48:33.903   355   355 W ADebug  : Failed to get property persist.sys.media.traces
10-22 12:48:33.921  3957  8324 D SamsungAlarmManager: Cancel Alarm calling from uid:10025 pid :23612 / op:PendingIntent{529a551: PendingIntentRecord{84afd39 com.google.android.gms startService}}
10-22 12:48:33.925  3957  4129 D WifiStateMachine:  ConnectedState !RSSI_PKTCNT_FETCH uid=1000 rt=578120508/1634095981 0 0 "ourhome" f4:6d:2f:12:cc:88 rssi=-41 f=5240 sc=60 link=433 tx=6.1, 0.0, 0.0  rx=25.1 bcn=367525 [on:0 tx:0 rx:0 period:999] from screen [on:41366 period:188405] score=60
10-22 12:48:33.928  3957  4129 D WifiStateMachine:  L2ConnectedState !RSSI_PKTCNT_FETCH uid=1000 rt=578120511/1634095983 0 0 "ourhome" f4:6d:2f:12:cc:88 rssi=-41 f=5240 sc=60 link=433 tx=6.1, 0.0, 0.0  rx=25.1 bcn=367525 [on:0 tx:0 rx:0 period:2] from screen [on:41366 period:188407] score=60
10-22 12:48:33.931   355   355 E appproc : Enhanced Zygote ASLR: ro.knox.enhance.zygote.aslr != 1. Enhanced Zygote ASLR is DISABLED!
10-22 12:48:33.931   355   355 D AndroidRuntime: >>>>>> START com.android.internal.os.RuntimeInit uid 2000 <<<<<<
10-22 12:48:33.935  3957  4129 D WifiStateMachine: fetchRssiLinkSpeedAndFrequencyNative rssi=-41 linkspeed=433 freq=5240
10-22 12:48:33.936  3957  4129 V WifiConfigManager: Updating scan detail cache freq=5240 BSSID=f4:6d:2f:12:cc:88 RSSI=-40 for "ourhome"WPA_PSK
10-22 12:48:33.948   355   355 D SecNativeFeatureCppIf: encoded
10-22 12:48:33.949   355   355 D SecNativeFeatureCppIf: decoding and unzip finish
10-22 12:48:33.949   355   355 D SecNativeFeatureCppIf: use unCompDataBuff. encoded
10-22 12:48:33.949   355   355 D SecNativeFeatureCppIf: Free unCompDataBuff
10-22 12:48:33.949   355   355 D SecNativeFeatureCppIf: encoded
10-22 12:48:33.949   355   355 D SecNativeFeatureCppIf: decoding and unzip finish
10-22 12:48:33.949   355   355 D SecNativeFeatureCppIf: use unCompDataBuff. encoded
10-22 12:48:33.950   355   355 D SecNativeFeatureCppIf: Free unCompDataBuff
10-22 12:48:33.950   355   355 D SecNativeFeatureCppIf: encoded
10-22 12:48:33.950   355   355 D SecNativeFeatureCppIf: decoding and unzip finish
10-22 12:48:33.950   355   355 D SecNativeFeatureCppIf: use unCompDataBuff. encoded
10-22 12:48:33.950   355   355 D SecNativeFeatureCppIf: Free unCompDataBuff
10-22 12:48:33.950   355   355 D SecNativeFeatureCppIf: encoded
10-22 12:48:33.950   355   355 D SecNativeFeatureCppIf: decoding and unzip finish
10-22 12:48:33.950   355   355 D SecNativeFeatureCppIf: use unCompDataBuff. encoded
10-22 12:48:33.950   355   355 D SecNativeFeatureCppIf: Free unCompDataBuff
10-22 12:48:34.027  3957  4128 D WifiService: getConnectionInfo uid=1000
10-22 12:48:34.211   355   355 D ICU     : Timezone override file found: /data/misc/zoneinfo/current/icu/icu_tzdata.dat
10-22 12:48:34.235  3957  8324 D BatteryService: !@BatteryListener : batteryPropertiesChanged!
10-22 12:48:34.296   355   355 I app_process: find the special shared library, skip check
