10-22 13:52:51.683  8283  8578 I BatteryMgr:DataCollectionService: stats => 1697975571683,159,4310,134,0,100
10-22 13:52:51.792  8283  8578 I BatteryMgr:DataCollectionService: stats => 1697975571792,159,4310,134,0,100
10-22 13:52:51.903  8283  8578 I BatteryMgr:DataCollectionService: stats => 1697975571902,159,4310,134,0,100
10-22 13:52:52.016  8283  8578 I BatteryMgr:DataCollectionService: stats => 1697975572016,159,4310,134,0,100
10-22 13:52:52.137  8283  8578 I BatteryMgr:DataCollectionService: stats => 1697975572137,159,4310,134,0,100
10-22 13:52:52.159  3957  4128 D WifiService: getConnectionInfo uid=1000
10-22 13:52:52.246  8283  8578 I BatteryMgr:DataCollectionService: stats => 1697975572246,159,4310,134,0,100
10-22 13:52:52.354  8283  8578 I BatteryMgr:DataCollectionService: stats => 1697975572353,159,4310,134,0,100
10-22 13:52:52.408  3957  4129 D WifiStateMachine:  ConnectedState !RSSI_PKTCNT_FETCH uid=1000 rt=581978992/1637954465 0 0 "ourhome" f4:6d:2f:12:cc:88 rssi=-36 f=5240 sc=60 link=433 tx=0.3, 0.0, 0.0  rx=5.4 bcn=403095 [on:0 tx:0 rx:0 period:998] from screen [on:247235 period:1381986] score=60
10-22 13:52:52.412  3957  4129 D WifiStateMachine:  L2ConnectedState !RSSI_PKTCNT_FETCH uid=1000 rt=581978994/1637954467 0 0 "ourhome" f4:6d:2f:12:cc:88 rssi=-36 f=5240 sc=60 link=433 tx=0.3, 0.0, 0.0  rx=5.4 bcn=403095 [on:0 tx:0 rx:0 period:4] from screen [on:247235 period:1381990] score=60
10-22 13:52:52.415  3957  4129 D WifiStateMachine: fetchRssiLinkSpeedAndFrequencyNative rssi=-36 linkspeed=433 freq=5240
10-22 13:52:52.416  3957  4129 V WifiConfigManager: Updating scan detail cache freq=5240 BSSID=f4:6d:2f:12:cc:88 RSSI=-35 for "ourhome"WPA_PSK
10-22 13:52:52.463  8283  8578 I BatteryMgr:DataCollectionService: stats => 1697975572463,159,4310,134,0,100
10-22 13:52:52.572  8283  8578 I BatteryMgr:DataCollectionService: stats => 1697975572572,159,4310,134,0,100
10-22 13:52:52.683  8283  8578 I BatteryMgr:DataCollectionService: stats => 1697975572683,159,4310,134,0,100
10-22 13:52:52.791  8283  8578 I BatteryMgr:DataCollectionService: stats => 1697975572791,159,4310,134,0,100
10-22 13:52:52.901  8283  8578 I BatteryMgr:DataCollectionService: stats => 1697975572901,159,4310,134,0,100
10-22 13:52:53.008  8283  8578 I BatteryMgr:DataCollectionService: stats => 1697975573008,159,4310,134,0,100
10-22 13:52:53.117  8283  8578 I BatteryMgr:DataCollectionService: stats => 1697975573117,159,4310,134,0,100
10-22 13:52:53.162  3957  4128 D WifiService: getConnectionInfo uid=1000
10-22 13:52:53.227  8283  8578 I BatteryMgr:DataCollectionService: stats => 1697975573227,159,4310,134,0,100
10-22 13:52:53.339  8283  8578 I BatteryMgr:DataCollectionService: stats => 1697975573339,159,4310,134,0,100
10-22 13:52:53.410  3957  4129 D WifiStateMachine:  ConnectedState !RSSI_PKTCNT_FETCH uid=1000 rt=581979994/1637955466 0 0 "ourhome" f4:6d:2f:12:cc:88 rssi=-36 f=5240 sc=60 link=433 tx=0.3, 0.0, 0.0  rx=5.4 bcn=403095 [on:0 tx:0 rx:0 period:998] from screen [on:247235 period:1382988] score=60
10-22 13:52:53.413  3957  4129 D WifiStateMachine:  L2ConnectedState !RSSI_PKTCNT_FETCH uid=1000 rt=581979996/1637955468 0 0 "ourhome" f4:6d:2f:12:cc:88 rssi=-36 f=5240 sc=60 link=433 tx=0.3, 0.0, 0.0  rx=5.4 bcn=403095 [on:0 tx:0 rx:0 period:3] from screen [on:247235 period:1382991] score=60
10-22 13:52:53.421  3957  4129 D WifiStateMachine: fetchRssiLinkSpeedAndFrequencyNative rssi=-36 linkspeed=433 freq=5240
10-22 13:52:53.422  3957  4129 V WifiConfigManager: Updating scan detail cache freq=5240 BSSID=f4:6d:2f:12:cc:88 RSSI=-35 for "ourhome"WPA_PSK
10-22 13:52:53.447  8283  8578 I BatteryMgr:DataCollectionService: stats => 1697975573447,159,4310,134,0,100
10-22 13:52:53.556  8283  8578 I BatteryMgr:DataCollectionService: stats => 1697975573556,159,4310,134,0,100
10-22 13:52:53.666  8283  8578 I BatteryMgr:DataCollectionService: stats => 1697975573666,159,4310,134,0,100
10-22 13:52:53.774  8283  8578 I BatteryMgr:DataCollectionService: stats => 1697975573774,159,4310,134,0,100
10-22 13:52:53.884  8283  8578 I BatteryMgr:DataCollectionService: stats => 1697975573883,159,4310,134,0,100
10-22 13:52:53.991  8283  8578 I BatteryMgr:DataCollectionService: stats => 1697975573991,159,4310,134,0,100
10-22 13:52:54.086  2479  2548 D ScanRecord: Not a Multi Manu data
10-22 13:52:54.086  2479  2548 I chatty  : uid=1002(bluetooth) BT Service Call identical 11 lines
10-22 13:52:54.086  2479  2548 D ScanRecord: Not a Multi Manu data
10-22 13:52:54.103  8283  8578 I BatteryMgr:DataCollectionService: stats => 1697975574103,150,4310,148,0,100
10-22 13:52:54.104  2479  2548 D ScanRecord: Not a Multi Manu data
10-22 13:52:54.145  2479  2548 I chatty  : uid=1002(bluetooth) BT Service Call identical 24 lines
10-22 13:52:54.145  2479  2548 D ScanRecord: Not a Multi Manu data
10-22 13:52:54.157  3957  4129 D WifiStateMachine:  ConnectedState !CMD_RSSI_POLL rt=581980741/1637956213 106 0 "ourhome" f4:6d:2f:12:cc:88 rssi=-36 f=5240 sc=60 link=433 tx=0.3, 0.0, 0.0  rx=5.4 bcn=403095 [on:0 tx:0 rx:0 period:744] from screen [on:247235 period:1383735] score=60
10-22 13:52:54.159  3957  4129 D WifiStateMachine:  L2ConnectedState !CMD_RSSI_POLL rt=581980743/1637956215 106 0 "ourhome" f4:6d:2f:12:cc:88 rssi=-36 f=5240 sc=60 link=433 tx=0.3, 0.0, 0.0  rx=5.4 bcn=403095 [on:0 tx:0 rx:0 period:2] from screen [on:247235 period:1383737] score=60
10-22 13:52:54.160  3957  4129 D WifiStateMachine:  get link layer stats 3
10-22 13:52:54.160  3436  3436 I android.hardware.wifi@1.0-service: getLinkLayerStats
10-22 13:52:54.164  2479  2548 D ScanRecord: Not a Multi Manu data
10-22 13:52:54.164  2479  2548 I chatty  : uid=1002(bluetooth) BT Service Call identical 9 lines
10-22 13:52:54.164  2479  2548 D ScanRecord: Not a Multi Manu data
10-22 13:52:54.164  3957  4128 D WifiService: getConnectionInfo uid=1000
10-22 13:52:54.165  2479  2548 D ScanRecord: Not a Multi Manu data
10-22 13:52:54.165  2479  2548 D ScanRecord: Not a Multi Manu data
10-22 13:52:54.166  3957  4129 D WifiStateMachine: fetchRssiLinkSpeedAndFrequencyNative rssi=-36 linkspeed=433 freq=5240
10-22 13:52:54.166  3957  4129 V WifiConfigManager: Updating scan detail cache freq=5240 BSSID=f4:6d:2f:12:cc:88 RSSI=-35 for "ourhome"WPA_PSK
10-22 13:52:54.170  4340  4340 E SignalClusterView: setSlotFocusVisible : subId -2
10-22 13:52:54.170  4340  4340 E SignalClusterView: setSlotFocusVisible : subId -2
10-22 13:52:54.187  2479  2548 D ScanRecord: Not a Multi Manu data
10-22 13:52:54.215  2479  2548 I chatty  : uid=1002(bluetooth) BT Service Call identical 35 lines
10-22 13:52:54.215  2479  2548 D ScanRecord: Not a Multi Manu data
10-22 13:52:54.215  8283  8578 I BatteryMgr:DataCollectionService: stats => 1697975574214,150,4310,148,0,100
10-22 13:52:54.215  2479  2548 D ScanRecord: Not a Multi Manu data
10-22 13:52:54.309  2479  2548 I chatty  : uid=1002(bluetooth) BT Service Call identical 117 lines
10-22 13:52:54.309  2479  2548 D ScanRecord: Not a Multi Manu data
10-22 13:52:54.319  3957  6478 D SSRM:k  : SIOP:: AP = 340, PST = 330 (W:26), BAT = 248, USB = 0, CHG = 0
10-22 13:52:54.320  8283  8578 I BatteryMgr:DataCollectionService: stats => 1697975574320,150,4310,148,0,100
10-22 13:52:54.324  2479  2548 D ScanRecord: Not a Multi Manu data
10-22 13:52:54.398  2479  2548 I chatty  : uid=1002(bluetooth) BT Service Call identical 154 lines
10-22 13:52:54.398  2479  2548 D ScanRecord: Not a Multi Manu data
10-22 13:52:54.411  3957  4129 D WifiStateMachine:  ConnectedState !RSSI_PKTCNT_FETCH uid=1000 rt=581980994/1637956467 0 0 "ourhome" f4:6d:2f:12:cc:88 rssi=-36 f=5240 sc=60 link=433 tx=0.7, 0.0, 0.0  rx=2.6 bcn=403122 [on:0 tx:0 rx:0 period:240] from screen [on:247720 period:1383989] score=60
10-22 13:52:54.412  3957  4129 D WifiStateMachine:  L2ConnectedState !RSSI_PKTCNT_FETCH uid=1000 rt=581980997/1637956469 0 0 "ourhome" f4:6d:2f:12:cc:88 rssi=-36 f=5240 sc=60 link=433 tx=0.7, 0.0, 0.0  rx=2.6 bcn=403122 [on:0 tx:0 rx:0 period:1] from screen [on:247720 period:1383990] score=60
10-22 13:52:54.414  2479  2548 D ScanRecord: Not a Multi Manu data
10-22 13:52:54.414  2479  2548 I chatty  : uid=1002(bluetooth) BT Service Call identical 9 lines
10-22 13:52:54.414  2479  2548 D ScanRecord: Not a Multi Manu data
10-22 13:52:54.414  3957  4129 D WifiStateMachine: fetchRssiLinkSpeedAndFrequencyNative rssi=-36 linkspeed=433 freq=5240
10-22 13:52:54.414  3957  4129 V WifiConfigManager: Updating scan detail cache freq=5240 BSSID=f4:6d:2f:12:cc:88 RSSI=-35 for "ourhome"WPA_PSK
10-22 13:52:54.414  2479  2548 D ScanRecord: Not a Multi Manu data
10-22 13:52:54.414  2479  2548 D ScanRecord: Not a Multi Manu data
10-22 13:52:54.414  2479  2548 D ScanRecord: Not a Multi Manu data
10-22 13:52:54.423  2479  2548 I chatty  : uid=1002(bluetooth) BT Service Call identical 50 lines
10-22 13:52:54.423  2479  2548 D ScanRecord: Not a Multi Manu data
10-22 13:52:54.426  8283  8578 I BatteryMgr:DataCollectionService: stats => 1697975574426,150,4310,148,0,100
10-22 13:52:54.447  2479  2548 D ScanRecord: same manuId data exists, combine both data and store
10-22 13:52:54.447  2479  2548 D ScanRecord: It's a Multi Manu data
10-22 13:52:54.447  2479  2548 I chatty  : uid=1002(bluetooth) BT Service Call identical 9 lines
10-22 13:52:54.447  2479  2548 D ScanRecord: It's a Multi Manu data
10-22 13:52:54.447  2479  2548 D ScanRecord: same manuId data exists, combine both data and store
10-22 13:52:54.447  2479  2548 D ScanRecord: same manuId data exists, combine both data and store
10-22 13:52:54.447  2479  2548 D ScanRecord: It's a Multi Manu data
10-22 13:52:54.447  2479  2548 D ScanFilter: manu data matches
10-22 13:52:54.447  2479  2548 D BtGatt.GattService: onScanResult to scannerId: 6- event_type=0x1b, address_type=1, address=4E:0, primary_phy=1, secondary_phy=0, advertising_sid=0xff, tx_power=127, rssi=-63, periodic_adv_int=0x0
10-22 13:52:54.447 23612  3015 D ScanRecord: same manuId data exists, combine both data and store
10-22 13:52:54.449  2479  2548 D ScanRecord: Not a Multi Manu data
10-22 13:52:54.534  2479  2548 I chatty  : uid=1002(bluetooth) BT Service Call identical 141 lines
10-22 13:52:54.534  2479  2548 D ScanRecord: Not a Multi Manu data
10-22 13:52:54.535  8283  8578 I BatteryMgr:DataCollectionService: stats => 1697975574535,150,4310,148,0,100
10-22 13:52:54.538  2479  2548 D ScanRecord: Not a Multi Manu data
10-22 13:52:54.557  3957  9502 D BatteryService: !@BatteryListener : batteryPropertiesChanged!
10-22 13:52:54.581  2479  2548 I chatty  : uid=1002(bluetooth) BT Service Call identical 63 lines
10-22 13:52:54.581  2479  2548 D ScanRecord: Not a Multi Manu data
10-22 13:52:54.644  8283  8578 I BatteryMgr:DataCollectionService: stats => 1697975574644,150,4310,148,0,100
10-22 13:52:54.753  8283  8578 I BatteryMgr:DataCollectionService: stats => 1697975574753,150,4310,148,0,100
10-22 13:52:54.876  8283  8578 I BatteryMgr:DataCollectionService: stats => 1697975574876,150,4310,148,0,100
10-22 13:52:54.901  3957  4030 D SensorService: [SO] 0.273 0.086 9.946
10-22 13:52:54.992  8283  8578 I BatteryMgr:DataCollectionService: stats => 1697975574992,150,4310,148,0,100
10-22 13:52:55.104  8283  8578 I BatteryMgr:DataCollectionService: stats => 1697975575104,150,4310,148,0,100
10-22 13:52:55.167  3957  4128 D WifiService: getConnectionInfo uid=1000
10-22 13:52:55.212  8283  8578 I BatteryMgr:DataCollectionService: stats => 1697975575212,150,4310,148,0,100
10-22 13:52:55.323  8283  8578 I BatteryMgr:DataCollectionService: stats => 1697975575323,150,4310,148,0,100
10-22 13:52:55.413  3957  4129 D WifiStateMachine:  ConnectedState !RSSI_PKTCNT_FETCH uid=1000 rt=581981997/1637957469 0 0 "ourhome" f4:6d:2f:12:cc:88 rssi=-36 f=5240 sc=60 link=433 tx=0.7, 0.0, 0.0  rx=2.6 bcn=403122 [on:0 tx:0 rx:0 period:1001] from screen [on:247720 period:1384991] score=60
10-22 13:52:55.417  3957  4129 D WifiStateMachine:  L2ConnectedState !RSSI_PKTCNT_FETCH uid=1000 rt=581981999/1637957472 0 0 "ourhome" f4:6d:2f:12:cc:88 rssi=-36 f=5240 sc=60 link=433 tx=0.7, 0.0, 0.0  rx=2.6 bcn=403122 [on:0 tx:0 rx:0 period:4] from screen [on:247720 period:1384995] score=60
10-22 13:52:55.424  3957  4129 D WifiStateMachine: fetchRssiLinkSpeedAndFrequencyNative rssi=-36 linkspeed=433 freq=5240
10-22 13:52:55.424  3957  4129 V WifiConfigManager: Updating scan detail cache freq=5240 BSSID=f4:6d:2f:12:cc:88 RSSI=-35 for "ourhome"WPA_PSK
10-22 13:52:55.433  8283  8578 I BatteryMgr:DataCollectionService: stats => 1697975575433,150,4310,148,0,100
10-22 13:52:55.445  4961  4961 D io_stats: !@ 179,0 r 8857767 288103320 w 2036870 40219524 d 162064 36319904 f 621407 645771 iot 4092524 3539014 th 51200 0 0 pt 0 inp 0 0 581982.029
10-22 13:52:55.541  8283  8578 I BatteryMgr:DataCollectionService: stats => 1697975575541,150,4310,148,0,100
10-22 13:52:55.657  8283  8578 I BatteryMgr:DataCollectionService: stats => 1697975575656,150,4310,148,0,100
10-22 13:52:55.767  8283  8578 I BatteryMgr:DataCollectionService: stats => 1697975575767,150,4310,148,0,100
10-22 13:52:55.877  8283  8578 I BatteryMgr:DataCollectionService: stats => 1697975575877,150,4310,148,0,100
10-22 13:52:55.986  8283  8578 I BatteryMgr:DataCollectionService: stats => 1697975575986,150,4310,148,0,100
10-22 13:52:56.098  8283  8578 I BatteryMgr:DataCollectionService: stats => 1697975576097,150,4310,148,0,100
10-22 13:52:56.169  3957  4128 D WifiService: getConnectionInfo uid=1000
10-22 13:52:56.210  8283  8578 I BatteryMgr:DataCollectionService: stats => 1697975576210,150,4310,148,0,100
10-22 13:52:56.320  8283  8578 I BatteryMgr:DataCollectionService: stats => 1697975576319,150,4310,148,0,100
10-22 13:52:56.415  3957  4129 D WifiStateMachine:  ConnectedState !RSSI_PKTCNT_FETCH uid=1000 rt=581982998/1637958471 0 0 "ourhome" f4:6d:2f:12:cc:88 rssi=-36 f=5240 sc=60 link=433 tx=0.7, 0.0, 0.0  rx=2.6 bcn=403122 [on:0 tx:0 rx:0 period:998] from screen [on:247720 period:1385993] score=60
10-22 13:52:56.418  3957  4129 D WifiStateMachine:  L2ConnectedState !RSSI_PKTCNT_FETCH uid=1000 rt=581983001/1637958473 0 0 "ourhome" f4:6d:2f:12:cc:88 rssi=-36 f=5240 sc=60 link=433 tx=0.7, 0.0, 0.0  rx=2.6 bcn=403122 [on:0 tx:0 rx:0 period:3] from screen [on:247720 period:1385996] score=60
10-22 13:52:56.420  3957  4129 D WifiStateMachine: fetchRssiLinkSpeedAndFrequencyNative rssi=-36 linkspeed=433 freq=5240
10-22 13:52:56.421  3957  4129 V WifiConfigManager: Updating scan detail cache freq=5240 BSSID=f4:6d:2f:12:cc:88 RSSI=-35 for "ourhome"WPA_PSK
10-22 13:52:56.428  8283  8578 I BatteryMgr:DataCollectionService: stats => 1697975576428,150,4310,148,0,100
10-22 13:52:56.537  8283  8578 I BatteryMgr:DataCollectionService: stats => 1697975576537,150,4310,148,0,100
10-22 13:52:56.645  8283  8578 I BatteryMgr:DataCollectionService: stats => 1697975576645,150,4310,148,0,100
10-22 13:52:56.749  8331  8551 I SessionStorage/AutoSave: Save: Periodic
10-22 13:52:56.756  8283  8578 I BatteryMgr:DataCollectionService: stats => 1697975576756,150,4310,148,0,100
10-22 13:52:56.864  8283  8578 I BatteryMgr:DataCollectionService: stats => 1697975576864,150,4310,148,0,100
10-22 13:52:56.977  8283  8578 I BatteryMgr:DataCollectionService: stats => 1697975576977,150,4310,148,0,100
10-22 13:52:57.087  8283  8578 I BatteryMgr:DataCollectionService: stats => 1697975577086,150,4310,148,0,100
10-22 13:52:57.170  3957  4129 D WifiStateMachine:  ConnectedState !CMD_RSSI_POLL rt=581983753/1637959226 106 0 "ourhome" f4:6d:2f:12:cc:88 rssi=-36 f=5240 sc=60 link=433 tx=0.7, 0.0, 0.0  rx=2.6 bcn=403122 [on:0 tx:0 rx:0 period:752] from screen [on:247720 period:1386748] score=60
10-22 13:52:57.171  3957  4128 D WifiService: getConnectionInfo uid=1000
10-22 13:52:57.173  3957  4129 D WifiStateMachine:  L2ConnectedState !CMD_RSSI_POLL rt=581983756/1637959229 106 0 "ourhome" f4:6d:2f:12:cc:88 rssi=-36 f=5240 sc=60 link=433 tx=0.7, 0.0, 0.0  rx=2.6 bcn=403122 [on:0 tx:0 rx:0 period:2] from screen [on:247720 period:1386750] score=60
10-22 13:52:57.173  3957  4129 D WifiStateMachine:  get link layer stats 3
10-22 13:52:57.173  3436  3436 I android.hardware.wifi@1.0-service: getLinkLayerStats
10-22 13:52:57.178  3957  4129 D WifiStateMachine: fetchRssiLinkSpeedAndFrequencyNative rssi=-36 linkspeed=433 freq=5240
10-22 13:52:57.178  3957  4129 V WifiConfigManager: Updating scan detail cache freq=5240 BSSID=f4:6d:2f:12:cc:88 RSSI=-35 for "ourhome"WPA_PSK
10-22 13:52:57.190  4340  4340 E SignalClusterView: setSlotFocusVisible : subId -2
10-22 13:52:57.190  4340  4340 E SignalClusterView: setSlotFocusVisible : subId -2
10-22 13:52:57.195  8283  8578 I BatteryMgr:DataCollectionService: stats => 1697975577195,150,4310,148,0,100
10-22 13:52:57.304  8283  8578 I BatteryMgr:DataCollectionService: stats => 1697975577304,150,4310,148,0,100
10-22 13:52:57.412  8283  8578 I BatteryMgr:DataCollectionService: stats => 1697975577412,150,4310,148,0,100
10-22 13:52:57.416  3957  4129 D WifiStateMachine:  ConnectedState !RSSI_PKTCNT_FETCH uid=1000 rt=581983999/1637959472 0 0 "ourhome" f4:6d:2f:12:cc:88 rssi=-36 f=5240 sc=60 link=433 tx=0.9, 0.0, 0.0  rx=1.6 bcn=403150 [on:0 tx:0 rx:0 period:233] from screen [on:248009 period:1386993] score=60
10-22 13:52:57.420  3957  4129 D WifiStateMachine:  L2ConnectedState !RSSI_PKTCNT_FETCH uid=1000 rt=581984002/1637959474 0 0 "ourhome" f4:6d:2f:12:cc:88 rssi=-36 f=5240 sc=60 link=433 tx=0.9, 0.0, 0.0  rx=1.6 bcn=403150 [on:0 tx:0 rx:0 period:5] from screen [on:248009 period:1386998] score=60
10-22 13:52:57.426  3957  4129 D WifiStateMachine: fetchRssiLinkSpeedAndFrequencyNative rssi=-36 linkspeed=433 freq=5240
10-22 13:52:57.426  3957  4129 V WifiConfigManager: Updating scan detail cache freq=5240 BSSID=f4:6d:2f:12:cc:88 RSSI=-35 for "ourhome"WPA_PSK
10-22 13:52:57.521  8283  8578 I BatteryMgr:DataCollectionService: stats => 1697975577521,150,4310,148,0,100
10-22 13:52:57.632  8283  8578 I BatteryMgr:DataCollectionService: stats => 1697975577631,150,4310,148,0,100
10-22 13:52:57.743  8283  8578 I BatteryMgr:DataCollectionService: stats => 1697975577743,150,4310,148,0,100
10-22 13:52:57.854  8283  8578 I BatteryMgr:DataCollectionService: stats => 1697975577853,150,4310,148,0,100
10-22 13:52:57.966  8283  8578 I BatteryMgr:DataCollectionService: stats => 1697975577966,150,4310,148,0,100
10-22 13:52:58.080  8283  8578 I BatteryMgr:DataCollectionService: stats => 1697975578080,150,4310,148,0,100
10-22 13:52:58.174  3957  4128 D WifiService: getConnectionInfo uid=1000
10-22 13:52:58.190  8283  8578 I BatteryMgr:DataCollectionService: stats => 1697975578189,150,4310,148,0,100
10-22 13:52:58.300  8283  8578 I BatteryMgr:DataCollectionService: stats => 1697975578300,150,4310,148,0,100
10-22 13:52:58.408  8283  8578 I BatteryMgr:DataCollectionService: stats => 1697975578408,150,4310,148,0,100
10-22 13:52:58.419  3957  4129 D WifiStateMachine:  ConnectedState !RSSI_PKTCNT_FETCH uid=1000 rt=581985002/1637960474 0 0 "ourhome" f4:6d:2f:12:cc:88 rssi=-36 f=5240 sc=60 link=433 tx=0.9, 0.0, 0.0  rx=1.6 bcn=403150 [on:0 tx:0 rx:0 period:998] from screen [on:248009 period:1387996] score=60
10-22 13:52:58.421  3957  4129 D WifiStateMachine:  L2ConnectedState !RSSI_PKTCNT_FETCH uid=1000 rt=581985005/1637960477 0 0 "ourhome" f4:6d:2f:12:cc:88 rssi=-36 f=5240 sc=60 link=433 tx=0.9, 0.0, 0.0  rx=1.6 bcn=403150 [on:0 tx:0 rx:0 period:3] from screen [on:248009 period:1387999] score=60
10-22 13:52:58.427  3957  4129 D WifiStateMachine: fetchRssiLinkSpeedAndFrequencyNative rssi=-44 linkspeed=433 freq=5240
10-22 13:52:58.428  3957  4129 V WifiConfigManager: Updating scan detail cache freq=5240 BSSID=f4:6d:2f:12:cc:88 RSSI=-39 for "ourhome"WPA_PSK
10-22 13:52:58.519  8283  8578 I BatteryMgr:DataCollectionService: stats => 1697975578519,150,4310,148,0,100
10-22 13:52:58.634  8283  8578 I BatteryMgr:DataCollectionService: stats => 1697975578634,150,4310,148,0,100
10-22 13:52:58.747  8283  8578 I BatteryMgr:DataCollectionService: stats => 1697975578747,150,4310,148,0,100
10-22 13:52:58.863  8283  8578 I BatteryMgr:DataCollectionService: stats => 1697975578863,150,4310,148,0,100
10-22 13:52:58.973  8283  8578 I BatteryMgr:DataCollectionService: stats => 1697975578973,150,4310,148,0,100
10-22 13:52:59.079  8283  8578 I BatteryMgr:DataCollectionService: stats => 1697975579079,150,4310,148,0,100
10-22 13:52:59.081  2479  2548 D ScanRecord: Not a Multi Manu data
10-22 13:52:59.173  2479  2548 I chatty  : uid=1002(bluetooth) BT Service Call identical 102 lines
10-22 13:52:59.174  2479  2548 D ScanRecord: Not a Multi Manu data
10-22 13:52:59.177  3957  4128 D WifiService: getConnectionInfo uid=1000
10-22 13:52:59.183  2479  2548 D ScanRecord: Not a Multi Manu data
10-22 13:52:59.185  2479  2548 I chatty  : uid=1002(bluetooth) BT Service Call identical 11 lines
10-22 13:52:59.185  2479  2548 D ScanRecord: Not a Multi Manu data
10-22 13:52:59.188  8283  8578 I BatteryMgr:DataCollectionService: stats => 1697975579188,150,4310,148,0,100
10-22 13:52:59.193  2479  2548 D ScanRecord: Not a Multi Manu data
10-22 13:52:59.232  2479  2548 I chatty  : uid=1002(bluetooth) BT Service Call identical 50 lines
10-22 13:52:59.232  2479  2548 D ScanRecord: Not a Multi Manu data
10-22 13:52:59.295  8283  8578 I BatteryMgr:DataCollectionService: stats => 1697975579294,150,4310,148,0,100
10-22 13:52:59.296  2479  2548 D ScanRecord: Not a Multi Manu data
10-22 13:52:59.374  2479  2548 I chatty  : uid=1002(bluetooth) BT Service Call identical 50 lines
10-22 13:52:59.374  2479  2548 D ScanRecord: Not a Multi Manu data
10-22 13:52:59.405  8283  8578 I BatteryMgr:DataCollectionService: stats => 1697975579405,150,4310,148,0,100
10-22 13:52:59.416  2479  2548 D ScanRecord: same manuId data exists, combine both data and store
10-22 13:52:59.416  2479  2548 D ScanRecord: It's a Multi Manu data
10-22 13:52:59.417  2479  2548 I chatty  : uid=1002(bluetooth) BT Service Call identical 9 lines
10-22 13:52:59.417  2479  2548 D ScanRecord: It's a Multi Manu data
10-22 13:52:59.417  2479  2548 D ScanRecord: same manuId data exists, combine both data and store
10-22 13:52:59.417  2479  2548 D ScanRecord: same manuId data exists, combine both data and store
10-22 13:52:59.418  2479  2548 D ScanRecord: It's a Multi Manu data
10-22 13:52:59.418  2479  2548 D ScanFilter: manu data matches
10-22 13:52:59.419  2479  2548 D BtGatt.GattService: onScanResult to scannerId: 6- event_type=0x1b, address_type=1, address=4E:0, primary_phy=1, secondary_phy=0, advertising_sid=0xff, tx_power=127, rssi=-67, periodic_adv_int=0x0
10-22 13:52:59.420 23612  3015 D ScanRecord: same manuId data exists, combine both data and store
10-22 13:52:59.421  3957  4129 D WifiStateMachine:  ConnectedState !RSSI_PKTCNT_FETCH uid=1000 rt=581986005/1637961477 0 0 "ourhome" f4:6d:2f:12:cc:88 rssi=-44 f=5240 sc=60 link=433 tx=0.9, 0.0, 0.0  rx=1.6 bcn=403150 [on:0 tx:0 rx:0 period:1000] from screen [on:248009 period:1388999] score=60
10-22 13:52:59.424  3957  4129 D WifiStateMachine:  L2ConnectedState !RSSI_PKTCNT_FETCH uid=1000 rt=581986007/1637961480 0 0 "ourhome" f4:6d:2f:12:cc:88 rssi=-44 f=5240 sc=60 link=433 tx=0.9, 0.0, 0.0  rx=1.6 bcn=403150 [on:0 tx:0 rx:0 period:3] from screen [on:248009 period:1389002] score=60
10-22 13:52:59.428  3957  4129 D WifiStateMachine: fetchRssiLinkSpeedAndFrequencyNative rssi=-40 linkspeed=433 freq=5240
10-22 13:52:59.429  3957  4129 V WifiConfigManager: Updating scan detail cache freq=5240 BSSID=f4:6d:2f:12:cc:88 RSSI=-39 for "ourhome"WPA_PSK
10-22 13:52:59.430  2479  2548 D ScanRecord: Not a Multi Manu data
10-22 13:52:59.512  2479  2548 I chatty  : uid=1002(bluetooth) BT Service Call identical 76 lines
10-22 13:52:59.512  2479  2548 D ScanRecord: Not a Multi Manu data
10-22 13:52:59.516  8283  8578 I BatteryMgr:DataCollectionService: stats => 1697975579516,150,4310,148,0,100
10-22 13:52:59.518  2479  2548 D ScanRecord: Not a Multi Manu data
10-22 13:52:59.573  2479  2548 I chatty  : uid=1002(bluetooth) BT Service Call identical 50 lines
10-22 13:52:59.573  2479  2548 D ScanRecord: Not a Multi Manu data
10-22 13:52:59.625  8283  8578 I BatteryMgr:DataCollectionService: stats => 1697975579625,150,4310,148,0,100
10-22 13:52:59.733  8283  8578 I BatteryMgr:DataCollectionService: stats => 1697975579733,150,4310,148,0,100
10-22 13:52:59.845  8283  8578 I BatteryMgr:DataCollectionService: stats => 1697975579845,150,4310,148,0,100
10-22 13:52:59.959  8283  8578 I BatteryMgr:DataCollectionService: stats => 1697975579958,150,4310,148,0,100
10-22 13:53:00.000  3957  4045 D SamsungAlarmManager: Expired : 8
10-22 13:53:00.000  3957  4045 I SamsungAlarmManager: setLocked to kernel - T:3 / 20231022T135401, SetElapsed=1638023181, nowELAPSED=1637962058
10-22 13:53:00.001  3957  4045 V SamsungAlarmManager: Sending to uid : 1000 action=android.intent.action.TIME_TICK alarm=Alarm{59c8c4 type 3 when 1637962058 android}
10-22 13:53:00.004  3957  4045 V SamsungAlarmManager: Sending to uid : 10074 action=com.samsung.action.EVERY_MINUTE_CLOCK_UPDATE alarm=Alarm{f7d56e2 type 1 when 1697975580000 com.sec.android.app.launcher}
10-22 13:53:00.009  3957  3957 D SamsungAlarmManager: setExact Intent (T:3/F:1/AC:false) 20231022T135400 - CU:1000/CP:3957
10-22 13:53:00.010   426   426 I Launcher: onReceive: com.samsung.action.EVERY_MINUTE_CLOCK_UPDATE
10-22 13:53:00.010  3957  3957 I SamsungAlarmManager: setLocked to kernel - T:3 / 20231022T135400, SetElapsed=1638022058, nowELAPSED=1637962068
10-22 13:53:00.015  4340  4340 D KeyguardUpdateMonitor: received broadcast android.intent.action.TIME_TICK
10-22 13:53:00.015  4340  4340 D KeyguardServiceBoxContainer: refreshTime() 1
10-22 13:53:00.018  3957  9502 D SamsungAlarmManager: setInexact Intent (T:1/F:0/AC:false) 20231022T135400 - CU:10074/CP:426
10-22 13:53:00.019   426   426 I IconView: applyFromShortcutInfo - start GetLive : com.samsung.android.calendar
10-22 13:53:00.019   426   426 I IconView: applyFromShortcutInfo - end GetLive : com.samsung.android.calendar
10-22 13:53:00.021   426   426 I IconView: applyFromApplicationInfo - start GetLive : com.sec.android.app.clockpackage
10-22 13:53:00.028   426   426 D ApplicationPackageManager: we has com.sec.android.app.clockpackage class. reuse it 
10-22 13:53:00.028   426   426 D LiveIconLoader: getLiveIcon was called in ClockPackage
10-22 13:53:00.029   426   426 D LiveIconLoader: getLiveIcon res = com.sec.android.app.clockpackage
10-22 13:53:00.031   426   426 D LiveIconLoader: stdIconSize : 84 , targetIconSize : 94
10-22 13:53:00.031   426   426 D LiveIconLoader: mIconDpi : 320 , mTargetIconDpi : 280
10-22 13:53:00.050  4340  4340 D KeyguardUpdateMonitor: handleStatusBarState( false )
10-22 13:53:00.052   426   426 I ApplicationPackageManager: load= live icon for com.sec.android.app.clockpackage, from overlay = false
10-22 13:53:00.055   426   426 I LiveIconManager: getLiveIcon: complete(sync_created)
10-22 13:53:00.055   426   426 I IconView: applyFromApplicationInfo - end GetLive : com.sec.android.app.clockpackage
10-22 13:53:00.056   426   426 I IconView: applyFromApplicationInfo - start GetLive : com.samsung.android.calendar
10-22 13:53:00.056   426   426 I IconView: applyFromApplicationInfo - end GetLive : com.samsung.android.calendar
10-22 13:53:00.074  8283  8578 I BatteryMgr:DataCollectionService: stats => 1697975580073,150,4310,148,0,100
10-22 13:53:00.082  4340  4340 D KeyguardUpdateMonitor: handleStatusBarState( false )
10-22 13:53:00.179  3957  4128 D WifiService: getConnectionInfo uid=1000
10-22 13:53:00.179  8283  8578 I BatteryMgr:DataCollectionService: stats => 1697975580179,150,4310,148,0,100
10-22 13:53:00.181  3957  4129 D WifiStateMachine:  ConnectedState !CMD_RSSI_POLL rt=581986765/1637962238 106 0 "ourhome" f4:6d:2f:12:cc:88 rssi=-40 f=5240 sc=60 link=433 tx=0.9, 0.0, 0.0  rx=1.6 bcn=403150 [on:0 tx:0 rx:0 period:757] from screen [on:248009 period:1389759] score=60
10-22 13:53:00.184  3957  4129 D WifiStateMachine:  L2ConnectedState !CMD_RSSI_POLL rt=581986767/1637962239 106 0 "ourhome" f4:6d:2f:12:cc:88 rssi=-40 f=5240 sc=60 link=433 tx=0.9, 0.0, 0.0  rx=1.6 bcn=403150 [on:0 tx:0 rx:0 period:2] from screen [on:248009 period:1389761] score=60
10-22 13:53:00.184  3957  4129 D WifiStateMachine:  get link layer stats 3
10-22 13:53:00.184  3436  3436 I android.hardware.wifi@1.0-service: getLinkLayerStats
10-22 13:53:00.202  3957  4129 D WifiStateMachine: fetchRssiLinkSpeedAndFrequencyNative rssi=-37 linkspeed=433 freq=5240
10-22 13:53:00.202  3957  4129 V WifiConfigManager: Updating scan detail cache freq=5240 BSSID=f4:6d:2f:12:cc:88 RSSI=-37 for "ourhome"WPA_PSK
10-22 13:53:00.206  4340  4340 E SignalClusterView: setSlotFocusVisible : subId -2
10-22 13:53:00.206  4340  4340 E SignalClusterView: setSlotFocusVisible : subId -2
10-22 13:53:00.289  8283  8578 I BatteryMgr:DataCollectionService: stats => 1697975580289,150,4310,148,0,100
10-22 13:53:00.398  8283  8578 I BatteryMgr:DataCollectionService: stats => 1697975580398,150,4310,148,0,100
10-22 13:53:00.422  3957  4129 D WifiStateMachine:  ConnectedState !RSSI_PKTCNT_FETCH uid=1000 rt=581987006/1637962479 0 0 "ourhome" f4:6d:2f:12:cc:88 rssi=-37 f=5240 sc=60 link=433 tx=0.3, 0.0, 0.0  rx=12.6 bcn=403178 [on:0 tx:0 rx:0 period:217] from screen [on:248395 period:1390000] score=60
10-22 13:53:00.424  3957  4129 D WifiStateMachine:  L2ConnectedState !RSSI_PKTCNT_FETCH uid=1000 rt=581987008/1637962481 0 0 "ourhome" f4:6d:2f:12:cc:88 rssi=-37 f=5240 sc=60 link=433 tx=0.3, 0.0, 0.0  rx=12.6 bcn=403178 [on:0 tx:0 rx:0 period:2] from screen [on:248395 period:1390002] score=60
10-22 13:53:00.431  3957  4129 D WifiStateMachine: fetchRssiLinkSpeedAndFrequencyNative rssi=-36 linkspeed=433 freq=5240
10-22 13:53:00.432  3957  4129 V WifiConfigManager: Updating scan detail cache freq=5240 BSSID=f4:6d:2f:12:cc:88 RSSI=-36 for "ourhome"WPA_PSK
10-22 13:53:00.448  4961  4961 D io_stats: !@ 179,0 r 8857769 288103392 w 2036886 40219732 d 162065 36319964 f 621408 645772 iot 4092532 3539023 th 51200 0 0 pt 0 inp 0 0 581987.033
10-22 13:53:00.507  8283  8578 I BatteryMgr:DataCollectionService: stats => 1697975580507,150,4310,148,0,100
10-22 13:53:00.621  8283  8578 I BatteryMgr:DataCollectionService: stats => 1697975580620,150,4310,148,0,100
10-22 13:53:00.728  8283  8578 I BatteryMgr:DataCollectionService: stats => 1697975580728,150,4310,148,0,100
10-22 13:53:00.836  8283  8578 I BatteryMgr:DataCollectionService: stats => 1697975580836,150,4310,148,0,100
10-22 13:53:00.948  8283  8578 I BatteryMgr:DataCollectionService: stats => 1697975580948,150,4310,148,0,100
10-22 13:53:01.059  8283  8578 I BatteryMgr:DataCollectionService: stats => 1697975581058,150,4310,148,0,100
10-22 13:53:01.168  8283  8578 I BatteryMgr:DataCollectionService: stats => 1697975581167,150,4310,148,0,100
10-22 13:53:01.182  3957  4128 D WifiService: getConnectionInfo uid=1000
10-22 13:53:01.282  8283  8578 I BatteryMgr:DataCollectionService: stats => 1697975581282,150,4310,148,0,100
10-22 13:53:01.391  8283  8578 I BatteryMgr:DataCollectionService: stats => 1697975581391,150,4310,148,0,100
10-22 13:53:01.425  3957  4129 D WifiStateMachine:  ConnectedState !RSSI_PKTCNT_FETCH uid=1000 rt=581988009/1637963481 0 0 "ourhome" f4:6d:2f:12:cc:88 rssi=-36 f=5240 sc=60 link=433 tx=0.3, 0.0, 0.0  rx=12.6 bcn=403178 [on:0 tx:0 rx:0 period:1000] from screen [on:248395 period:1391002] score=60
10-22 13:53:01.426  3957  4129 D WifiStateMachine:  L2ConnectedState !RSSI_PKTCNT_FETCH uid=1000 rt=581988010/1637963483 0 0 "ourhome" f4:6d:2f:12:cc:88 rssi=-36 f=5240 sc=60 link=433 tx=0.3, 0.0, 0.0  rx=12.6 bcn=403178 [on:0 tx:0 rx:0 period:2] from screen [on:248395 period:1391004] score=60
10-22 13:53:01.432  3957  4129 D WifiStateMachine: fetchRssiLinkSpeedAndFrequencyNative rssi=-36 linkspeed=433 freq=5240
10-22 13:53:01.432  3957  4129 V WifiConfigManager: Updating scan detail cache freq=5240 BSSID=f4:6d:2f:12:cc:88 RSSI=-36 for "ourhome"WPA_PSK
10-22 13:53:01.497  8283  8578 I BatteryMgr:DataCollectionService: stats => 1697975581497,150,4310,148,0,100
10-22 13:53:01.607  8283  8578 I BatteryMgr:DataCollectionService: stats => 1697975581607,150,4310,148,0,100
10-22 13:53:01.714  8283  8578 I BatteryMgr:DataCollectionService: stats => 1697975581714,150,4310,148,0,100
10-22 13:53:01.827  8283  8578 I BatteryMgr:DataCollectionService: stats => 1697975581827,150,4310,148,0,100
10-22 13:53:01.935  8283  8578 I BatteryMgr:DataCollectionService: stats => 1697975581935,150,4310,148,0,100
10-22 13:53:02.043  8283  8578 I BatteryMgr:DataCollectionService: stats => 1697975582043,150,4310,148,0,100
10-22 13:53:02.150  8283  8578 I BatteryMgr:DataCollectionService: stats => 1697975582150,150,4310,148,0,100
10-22 13:53:02.185  3957  4128 D WifiService: getConnectionInfo uid=1000
10-22 13:53:02.258  8283  8578 I BatteryMgr:DataCollectionService: stats => 1697975582258,150,4310,148,0,100
10-22 13:53:02.366  8283  8578 I BatteryMgr:DataCollectionService: stats => 1697975582366,150,4310,148,0,100
10-22 13:53:02.428  3957  4129 D WifiStateMachine:  ConnectedState !RSSI_PKTCNT_FETCH uid=1000 rt=581989011/1637964483 0 0 "ourhome" f4:6d:2f:12:cc:88 rssi=-36 f=5240 sc=60 link=433 tx=0.3, 0.0, 0.0  rx=12.6 bcn=403178 [on:0 tx:0 rx:0 period:1001] from screen [on:248395 period:1392005] score=60
10-22 13:53:02.431  3957  4129 D WifiStateMachine:  L2ConnectedState !RSSI_PKTCNT_FETCH uid=1000 rt=581989013/1637964486 0 0 "ourhome" f4:6d:2f:12:cc:88 rssi=-36 f=5240 sc=60 link=433 tx=0.3, 0.0, 0.0  rx=12.6 bcn=403178 [on:0 tx:0 rx:0 period:4] from screen [on:248395 period:1392009] score=60
10-22 13:53:02.437  3957  4129 D WifiStateMachine: fetchRssiLinkSpeedAndFrequencyNative rssi=-35 linkspeed=433 freq=5240
10-22 13:53:02.437  3957  4129 V WifiConfigManager: Updating scan detail cache freq=5240 BSSID=f4:6d:2f:12:cc:88 RSSI=-35 for "ourhome"WPA_PSK
10-22 13:53:02.474  8283  8578 I BatteryMgr:DataCollectionService: stats => 1697975582473,150,4310,148,0,100
10-22 13:53:02.581  8283  8578 I BatteryMgr:DataCollectionService: stats => 1697975582581,150,4310,148,0,100
10-22 13:53:02.691  8283  8578 I BatteryMgr:DataCollectionService: stats => 1697975582691,150,4310,148,0,100
10-22 13:53:02.799  8283  8578 I BatteryMgr:DataCollectionService: stats => 1697975582799,150,4310,148,0,100
10-22 13:53:02.912  8283  8578 I BatteryMgr:DataCollectionService: stats => 1697975582912,150,4310,148,0,100
10-22 13:53:03.026  8283  8578 I BatteryMgr:DataCollectionService: stats => 1697975583026,150,4310,148,0,100
10-22 13:53:03.136  8283  8578 I BatteryMgr:DataCollectionService: stats => 1697975583136,150,4310,148,0,100
10-22 13:53:03.188  3957  4128 D WifiService: getConnectionInfo uid=1000
10-22 13:53:03.208  3957  4129 D WifiStateMachine:  ConnectedState !CMD_RSSI_POLL rt=581989791/1637965263 106 0 "ourhome" f4:6d:2f:12:cc:88 rssi=-35 f=5240 sc=60 link=433 tx=0.3, 0.0, 0.0  rx=12.6 bcn=403178 [on:0 tx:0 rx:0 period:776] from screen [on:248395 period:1392785] score=60
10-22 13:53:03.210  3957  4129 D WifiStateMachine:  L2ConnectedState !CMD_RSSI_POLL rt=581989794/1637965266 106 0 "ourhome" f4:6d:2f:12:cc:88 rssi=-35 f=5240 sc=60 link=433 tx=0.3, 0.0, 0.0  rx=12.6 bcn=403178 [on:0 tx:0 rx:0 period:2] from screen [on:248395 period:1392787] score=60
10-22 13:53:03.210  3957  4129 D WifiStateMachine:  get link layer stats 3
10-22 13:53:03.210  3436  3436 I android.hardware.wifi@1.0-service: getLinkLayerStats
10-22 13:53:03.229  3957  4129 D WifiStateMachine: fetchRssiLinkSpeedAndFrequencyNative rssi=-36 linkspeed=433 freq=5240
10-22 13:53:03.230  3957  4129 V WifiConfigManager: Updating scan detail cache freq=5240 BSSID=f4:6d:2f:12:cc:88 RSSI=-35 for "ourhome"WPA_PSK
10-22 13:53:03.236  4340  4340 E SignalClusterView: setSlotFocusVisible : subId -2
10-22 13:53:03.236  4340  4340 E SignalClusterView: setSlotFocusVisible : subId -2
10-22 13:53:03.246  8283  8578 I BatteryMgr:DataCollectionService: stats => 1697975583246,150,4310,148,0,100
10-22 13:53:03.353  8283  8578 I BatteryMgr:DataCollectionService: stats => 1697975583353,150,4310,148,0,100
10-22 13:53:03.429  3957  4129 D WifiStateMachine:  ConnectedState !RSSI_PKTCNT_FETCH uid=1000 rt=581990012/1637965484 0 0 "ourhome" f4:6d:2f:12:cc:88 rssi=-36 f=5240 sc=60 link=433 tx=0.1, 0.0, 0.0  rx=4.6 bcn=403206 [on:0 tx:0 rx:0 period:193] from screen [on:248484 period:1393006] score=60
10-22 13:53:03.431  3957  4129 D WifiStateMachine:  L2ConnectedState !RSSI_PKTCNT_FETCH uid=1000 rt=581990014/1637965487 0 0 "ourhome" f4:6d:2f:12:cc:88 rssi=-36 f=5240 sc=60 link=433 tx=0.1, 0.0, 0.0  rx=4.6 bcn=403206 [on:0 tx:0 rx:0 period:2] from screen [on:248484 period:1393008] score=60
10-22 13:53:03.437  3957  4129 D WifiStateMachine: fetchRssiLinkSpeedAndFrequencyNative rssi=-36 linkspeed=433 freq=5240
10-22 13:53:03.437  3957  4129 V WifiConfigManager: Updating scan detail cache freq=5240 BSSID=f4:6d:2f:12:cc:88 RSSI=-35 for "ourhome"WPA_PSK
10-22 13:53:03.460  8283  8578 I BatteryMgr:DataCollectionService: stats => 1697975583460,150,4310,148,0,100
10-22 13:53:03.569  8283  8578 I BatteryMgr:DataCollectionService: stats => 1697975583569,150,4310,148,0,100
10-22 13:53:03.675  8283  8578 I BatteryMgr:DataCollectionService: stats => 1697975583675,150,4310,148,0,100
10-22 13:53:03.782  8283  8578 I BatteryMgr:DataCollectionService: stats => 1697975583782,150,4310,148,0,100
10-22 13:53:03.892  8283  8578 I BatteryMgr:DataCollectionService: stats => 1697975583892,150,4310,148,0,100
10-22 13:53:03.998  8283  8578 I BatteryMgr:DataCollectionService: stats => 1697975583998,150,4310,148,0,100
10-22 13:53:04.082  2479  2548 D ScanRecord: Not a Multi Manu data
10-22 13:53:04.093  2479  2548 I chatty  : uid=1002(bluetooth) BT Service Call identical 24 lines
10-22 13:53:04.093  2479  2548 D ScanRecord: Not a Multi Manu data
10-22 13:53:04.099  2479  2548 D ScanRecord: same manuId data exists, combine both data and store
10-22 13:53:04.100  2479  2548 D ScanRecord: It's a Multi Manu data
10-22 13:53:04.100  2479  2548 I chatty  : uid=1002(bluetooth) BT Service Call identical 9 lines
10-22 13:53:04.100  2479  2548 D ScanRecord: It's a Multi Manu data
10-22 13:53:04.100  2479  2548 D ScanRecord: same manuId data exists, combine both data and store
10-22 13:53:04.101  2479  2548 D ScanRecord: same manuId data exists, combine both data and store
10-22 13:53:04.101  2479  2548 D ScanRecord: It's a Multi Manu data
10-22 13:53:04.101  2479  2548 D ScanFilter: manu data matches
10-22 13:53:04.102  2479  2548 D BtGatt.GattService: onScanResult to scannerId: 6- event_type=0x1b, address_type=1, address=4E:0, primary_phy=1, secondary_phy=0, advertising_sid=0xff, tx_power=127, rssi=-69, periodic_adv_int=0x0
10-22 13:53:04.102 23612  3015 D ScanRecord: same manuId data exists, combine both data and store
10-22 13:53:04.104  2479  2548 D ScanRecord: Not a Multi Manu data
10-22 13:53:04.105  2479  2548 I chatty  : uid=1002(bluetooth) BT Service Call identical 11 lines
10-22 13:53:04.105  2479  2548 D ScanRecord: Not a Multi Manu data
10-22 13:53:04.108  8283  8578 I BatteryMgr:DataCollectionService: stats => 1697975584108,150,4310,148,0,100
10-22 13:53:04.113  2479  2548 D ScanRecord: Not a Multi Manu data
10-22 13:53:04.178  2479  2548 I chatty  : uid=1002(bluetooth) BT Service Call identical 141 lines
10-22 13:53:04.178  2479  2548 D ScanRecord: Not a Multi Manu data
10-22 13:53:04.191  3957  4128 D WifiService: getConnectionInfo uid=1000
10-22 13:53:04.196  2479  2548 D ScanRecord: Not a Multi Manu data
10-22 13:53:04.206  2479  2548 I chatty  : uid=1002(bluetooth) BT Service Call identical 24 lines
10-22 13:53:04.206  2479  2548 D ScanRecord: Not a Multi Manu data
10-22 13:53:04.217  8283  8578 I BatteryMgr:DataCollectionService: stats => 1697975584217,150,4310,148,0,100
10-22 13:53:04.239  2479  2548 D ScanRecord: Not a Multi Manu data
10-22 13:53:04.318  2479  2548 I chatty  : uid=1002(bluetooth) BT Service Call identical 102 lines
10-22 13:53:04.318  2479  2548 D ScanRecord: Not a Multi Manu data
10-22 13:53:04.327  8283  8578 I BatteryMgr:DataCollectionService: stats => 1697975584327,150,4310,148,0,100
10-22 13:53:04.328  2479  2548 D ScanRecord: Not a Multi Manu data
10-22 13:53:04.353  3957  6478 D SSRM:k  : SIOP:: AP = 340, PST = 330 (W:26), BAT = 248, USB = 0, CHG = 0
10-22 13:53:04.429  2479  2548 I chatty  : uid=1002(bluetooth) BT Service Call identical 143 lines
10-22 13:53:04.429  3957  4129 D WifiStateMachine:  ConnectedState !RSSI_PKTCNT_FETCH uid=1000 rt=581991012/1637966485 0 0 "ourhome" f4:6d:2f:12:cc:88 rssi=-36 f=5240 sc=60 link=433 tx=0.1, 0.0, 0.0  rx=4.6 bcn=403206 [on:0 tx:0 rx:0 period:999] from screen [on:248484 period:1394007] score=60
10-22 13:53:04.429  2479  2548 D ScanRecord: Not a Multi Manu data
10-22 13:53:04.429  2479  2548 D ScanRecord: Not a Multi Manu data
10-22 13:53:04.429  2479  2548 I chatty  : uid=1002(bluetooth) BT Service Call identical 9 lines
10-22 13:53:04.429  2479  2548 D ScanRecord: Not a Multi Manu data
10-22 13:53:04.431  3957  4129 D WifiStateMachine:  L2ConnectedState !RSSI_PKTCNT_FETCH uid=1000 rt=581991015/1637966487 0 0 "ourhome" f4:6d:2f:12:cc:88 rssi=-36 f=5240 sc=60 link=433 tx=0.1, 0.0, 0.0  rx=4.6 bcn=403206 [on:0 tx:0 rx:0 period:2] from screen [on:248484 period:1394009] score=60
10-22 13:53:04.433  3957  4129 D WifiStateMachine: fetchRssiLinkSpeedAndFrequencyNative rssi=-36 linkspeed=433 freq=5240
10-22 13:53:04.433  3957  4129 V WifiConfigManager: Updating scan detail cache freq=5240 BSSID=f4:6d:2f:12:cc:88 RSSI=-35 for "ourhome"WPA_PSK
10-22 13:53:04.436  8283  8578 I BatteryMgr:DataCollectionService: stats => 1697975584435,150,4310,148,0,100
10-22 13:53:04.437  2479  2548 D ScanRecord: Not a Multi Manu data
10-22 13:53:04.453  2479  2548 I chatty  : uid=1002(bluetooth) BT Service Call identical 50 lines
10-22 13:53:04.453  2479  2548 D ScanRecord: Not a Multi Manu data
10-22 13:53:04.457  2479  2548 D ScanRecord: same manuId data exists, combine both data and store
10-22 13:53:04.457  2479  2548 D ScanRecord: It's a Multi Manu data
10-22 13:53:04.457  2479  2548 I chatty  : uid=1002(bluetooth) BT Service Call identical 9 lines
10-22 13:53:04.457  2479  2548 D ScanRecord: It's a Multi Manu data
10-22 13:53:04.457  2479  2548 D ScanRecord: same manuId data exists, combine both data and store
10-22 13:53:04.458  2479  2548 D ScanRecord: same manuId data exists, combine both data and store
10-22 13:53:04.458  2479  2548 D ScanRecord: It's a Multi Manu data
10-22 13:53:04.458  2479  2548 D ScanFilter: manu data matches
10-22 13:53:04.458  2479  2548 D BtGatt.GattService: onScanResult to scannerId: 6- event_type=0x1b, address_type=1, address=4E:0, primary_phy=1, secondary_phy=0, advertising_sid=0xff, tx_power=127, rssi=-70, periodic_adv_int=0x0
10-22 13:53:04.458 23612  3015 D ScanRecord: same manuId data exists, combine both data and store
10-22 13:53:04.476  2479  2548 D ScanRecord: Not a Multi Manu data
10-22 13:53:04.540  2479  2548 I chatty  : uid=1002(bluetooth) BT Service Call identical 154 lines
10-22 13:53:04.540  2479  2548 D ScanRecord: Not a Multi Manu data
10-22 13:53:04.543  8283  8578 I BatteryMgr:DataCollectionService: stats => 1697975584543,150,4310,148,0,100
10-22 13:53:04.569  2479  2548 D ScanRecord: Not a Multi Manu data
10-22 13:53:04.573  2479  2548 I chatty  : uid=1002(bluetooth) BT Service Call identical 24 lines
10-22 13:53:04.573  2479  2548 D ScanRecord: Not a Multi Manu data
10-22 13:53:04.649  8283  8578 I BatteryMgr:DataCollectionService: stats => 1697975584649,116,4310,152,0,100
10-22 13:53:04.759  8283  8578 I BatteryMgr:DataCollectionService: stats => 1697975584759,116,4310,152,0,100
10-22 13:53:04.866  8283  8578 I BatteryMgr:DataCollectionService: stats => 1697975584866,116,4310,152,0,100
10-22 13:53:04.901  3957  4030 D SensorService: [SO] 0.287 0.105 9.969
10-22 13:53:04.975  8283  8578 I BatteryMgr:DataCollectionService: stats => 1697975584975,116,4310,152,0,100
10-22 13:53:05.085  8283  8578 I BatteryMgr:DataCollectionService: stats => 1697975585085,116,4310,152,0,100
10-22 13:53:05.097  3957 14957 D BatteryService: !@BatteryListener : batteryPropertiesChanged!
10-22 13:53:05.138  4340  4731 D NetworkController.MobileSignalController(0/-2): onSignalStrengthsChanged signalStrength=SignalStrength: 23 99 -23 -200 -23 -200 -1 99 2147483647 2147483647 2147483647 2147483647 0 2147483647 0x4 P gsm|lte level=4
10-22 13:53:05.138  4340  4731 D NetworkController.MobileSignalController(0/-2): getMobileIconGroup(): 0
10-22 13:53:05.193  3957  4128 D WifiService: getConnectionInfo uid=1000
10-22 13:53:05.195  8283  8578 I BatteryMgr:DataCollectionService: stats => 1697975585195,116,4310,152,0,100
10-22 13:53:05.303  8283  8578 I BatteryMgr:DataCollectionService: stats => 1697975585303,116,4310,152,0,100
10-22 13:53:05.413  8283  8578 I BatteryMgr:DataCollectionService: stats => 1697975585413,116,4310,152,0,100
10-22 13:53:05.430  3957  4129 D WifiStateMachine:  ConnectedState !RSSI_PKTCNT_FETCH uid=1000 rt=581992014/1637967487 0 0 "ourhome" f4:6d:2f:12:cc:88 rssi=-36 f=5240 sc=60 link=433 tx=0.1, 0.0, 0.0  rx=4.6 bcn=403206 [on:0 tx:0 rx:0 period:998] from screen [on:248484 period:1395007] score=60
10-22 13:53:05.432  3957  4129 D WifiStateMachine:  L2ConnectedState !RSSI_PKTCNT_FETCH uid=1000 rt=581992016/1637967488 0 0 "ourhome" f4:6d:2f:12:cc:88 rssi=-36 f=5240 sc=60 link=433 tx=0.1, 0.0, 0.0  rx=4.6 bcn=403206 [on:0 tx:0 rx:0 period:3] from screen [on:248484 period:1395010] score=60
10-22 13:53:05.433  3957  4129 D WifiStateMachine: fetchRssiLinkSpeedAndFrequencyNative rssi=-35 linkspeed=433 freq=5240
10-22 13:53:05.434  3957  4129 V WifiConfigManager: Updating scan detail cache freq=5240 BSSID=f4:6d:2f:12:cc:88 RSSI=-35 for "ourhome"WPA_PSK
10-22 13:53:05.451  4961  4961 D io_stats: !@ 179,0 r 8857806 288105160 w 2036894 40219832 d 162066 36319968 f 621409 645773 iot 4092548 3539044 th 51200 0 0 pt 0 inp 0 0 581992.035
10-22 13:53:05.528  8283  8578 I BatteryMgr:DataCollectionService: stats => 1697975585527,116,4310,152,0,100
10-22 13:53:05.639  8283  8578 I BatteryMgr:DataCollectionService: stats => 1697975585639,116,4310,152,0,100
10-22 13:53:05.751  8283  8578 I BatteryMgr:DataCollectionService: stats => 1697975585751,116,4310,152,0,100
10-22 13:53:05.859  8283  8578 I BatteryMgr:DataCollectionService: stats => 1697975585859,116,4310,152,0,100
10-22 13:53:05.966  8283  8578 I BatteryMgr:DataCollectionService: stats => 1697975585966,116,4310,152,0,100
10-22 13:53:06.074  8283  8578 I BatteryMgr:DataCollectionService: stats => 1697975586074,116,4310,152,0,100
10-22 13:53:06.185  8283  8578 I BatteryMgr:DataCollectionService: stats => 1697975586185,116,4310,152,0,100
10-22 13:53:06.195  3957  4128 D WifiService: getConnectionInfo uid=1000
10-22 13:53:06.234  3957  4129 D WifiStateMachine:  ConnectedState !CMD_RSSI_POLL rt=581992818/1637968290 106 0 "ourhome" f4:6d:2f:12:cc:88 rssi=-35 f=5240 sc=60 link=433 tx=0.1, 0.0, 0.0  rx=4.6 bcn=403206 [on:0 tx:0 rx:0 period:802] from screen [on:248484 period:1395812] score=60
10-22 13:53:06.237  3957  4129 D WifiStateMachine:  L2ConnectedState !CMD_RSSI_POLL rt=581992820/1637968292 106 0 "ourhome" f4:6d:2f:12:cc:88 rssi=-35 f=5240 sc=60 link=433 tx=0.1, 0.0, 0.0  rx=4.6 bcn=403206 [on:0 tx:0 rx:0 period:3] from screen [on:248484 period:1395815] score=60
10-22 13:53:06.237  3957  4129 D WifiStateMachine:  get link layer stats 3
10-22 13:53:06.238  3436  3436 I android.hardware.wifi@1.0-service: getLinkLayerStats
10-22 13:53:06.247  3957  4129 D WifiStateMachine: fetchRssiLinkSpeedAndFrequencyNative rssi=-35 linkspeed=433 freq=5240
10-22 13:53:06.247  3957  4129 V WifiConfigManager: Updating scan detail cache freq=5240 BSSID=f4:6d:2f:12:cc:88 RSSI=-35 for "ourhome"WPA_PSK
10-22 13:53:06.252  4340  4340 E SignalClusterView: setSlotFocusVisible : subId -2
10-22 13:53:06.252  4340  4340 E SignalClusterView: setSlotFocusVisible : subId -2
10-22 13:53:06.296  8283  8578 I BatteryMgr:DataCollectionService: stats => 1697975586296,116,4310,152,0,100
10-22 13:53:06.405  8283  8578 I BatteryMgr:DataCollectionService: stats => 1697975586405,116,4310,152,0,100
10-22 13:53:06.432  3957  4129 D WifiStateMachine:  ConnectedState !RSSI_PKTCNT_FETCH uid=1000 rt=581993015/1637968488 0 0 "ourhome" f4:6d:2f:12:cc:88 rssi=-35 f=5240 sc=60 link=433 tx=0.0, 0.0, 0.0  rx=2.3 bcn=403234 [on:0 tx:0 rx:0 period:181] from screen [on:248619 period:1396010] score=60
10-22 13:53:06.435  3957  4129 D WifiStateMachine:  L2ConnectedState !RSSI_PKTCNT_FETCH uid=1000 rt=581993018/1637968490 0 0 "ourhome" f4:6d:2f:12:cc:88 rssi=-35 f=5240 sc=60 link=433 tx=0.0, 0.0, 0.0  rx=2.3 bcn=403234 [on:0 tx:0 rx:0 period:3] from screen [on:248619 period:1396013] score=60
10-22 13:53:06.443  3957  4129 D WifiStateMachine: fetchRssiLinkSpeedAndFrequencyNative rssi=-35 linkspeed=433 freq=5240
10-22 13:53:06.444  3957  4129 V WifiConfigManager: Updating scan detail cache freq=5240 BSSID=f4:6d:2f:12:cc:88 RSSI=-35 for "ourhome"WPA_PSK
10-22 13:53:06.514  8283  8578 I BatteryMgr:DataCollectionService: stats => 1697975586514,116,4310,152,0,100
10-22 13:53:06.622  8283  8578 I BatteryMgr:DataCollectionService: stats => 1697975586622,116,4310,152,0,100
10-22 13:53:06.736  8283  8578 I BatteryMgr:DataCollectionService: stats => 1697975586736,116,4310,152,0,100
10-22 13:53:06.847  8283  8578 I BatteryMgr:DataCollectionService: stats => 1697975586847,116,4310,152,0,100
10-22 13:53:06.956  8283  8578 I BatteryMgr:DataCollectionService: stats => 1697975586956,116,4310,152,0,100
10-22 13:53:07.069  8283  8578 I BatteryMgr:DataCollectionService: stats => 1697975587069,116,4310,152,0,100
10-22 13:53:07.178  8283  8578 I BatteryMgr:DataCollectionService: stats => 1697975587178,116,4310,152,0,100
10-22 13:53:07.198  3957  4128 D WifiService: getConnectionInfo uid=1000
10-22 13:53:07.285  8283  8578 I BatteryMgr:DataCollectionService: stats => 1697975587285,116,4310,152,0,100
