10-22 12:55:42.300   610   900 I BatteryMgr:DataCollectionService: stats => 1697972142300,-180,4310,136,0,100
10-22 12:55:42.410   610   900 I BatteryMgr:DataCollectionService: stats => 1697972142410,-180,4310,136,0,100
10-22 12:55:42.511  1113  1113 I zygote64: find the special shared library, skip check
10-22 12:55:42.518   610   900 I BatteryMgr:DataCollectionService: stats => 1697972142518,-180,4310,136,0,100
10-22 12:55:42.522  1113  1113 I zygote64: find the special shared library, skip check
10-22 12:55:42.530  1113  1113 I zygote64: find the special shared library, skip check
10-22 12:55:42.540  3957  4129 D WifiStateMachine:  ConnectedState !RSSI_PKTCNT_FETCH uid=1000 rt=578549125/1634524597 0 0 "ourhome" f4:6d:2f:12:cc:88 rssi=-40 f=5240 sc=60 link=433 tx=115.4, 2.6, 0.0  rx=213.8 bcn=371544 [on:0 tx:0 rx:0 period:559] from screen [on:109406 period:617020] score=60
10-22 12:55:42.542  3957  4129 D WifiStateMachine:  L2ConnectedState !RSSI_PKTCNT_FETCH uid=1000 rt=578549126/1634524599 0 0 "ourhome" f4:6d:2f:12:cc:88 rssi=-40 f=5240 sc=60 link=433 tx=115.4, 2.6, 0.0  rx=213.8 bcn=371544 [on:0 tx:0 rx:0 period:2] from screen [on:109406 period:617022] score=60
10-22 12:55:42.548  3957  4129 D WifiStateMachine: fetchRssiLinkSpeedAndFrequencyNative rssi=-41 linkspeed=433 freq=5240
10-22 12:55:42.548  3957  4129 V WifiConfigManager: Updating scan detail cache freq=5240 BSSID=f4:6d:2f:12:cc:88 RSSI=-40 for "ourhome"WPA_PSK
10-22 12:55:42.627   610   900 I BatteryMgr:DataCollectionService: stats => 1697972142627,-180,4310,136,0,100
10-22 12:55:42.741   610   900 I BatteryMgr:DataCollectionService: stats => 1697972142741,-180,4310,136,0,100
10-22 12:55:42.855   610   900 I BatteryMgr:DataCollectionService: stats => 1697972142855,-180,4310,136,0,100
10-22 12:55:42.918  3957 14904 W StorageManager: getStorageLowBytes lowPercent : 5, lowBytes : 1260145254, maxLowBytes : 524288000
10-22 12:55:42.925  3957 14904 I chatty  : uid=1000(system) Binder:3957_1C identical 1 line
10-22 12:55:42.928  3957 14904 W StorageManager: getStorageLowBytes lowPercent : 5, lowBytes : 1260145254, maxLowBytes : 524288000
10-22 12:55:42.936  4961  4961 D io_stats: !@ 179,0 r 8653009 281365584 w 2017280 39880808 d 160371 36178332 f 619012 643150 iot 4007536 3468012 th 51200 0 0 pt 0 inp 0 0 578549.521
10-22 12:55:42.970   610   900 I BatteryMgr:DataCollectionService: stats => 1697972142969,-180,4310,136,0,100
10-22 12:55:43.080   610   900 I BatteryMgr:DataCollectionService: stats => 1697972143079,-180,4310,136,0,100
10-22 12:55:43.089  3957 14904 W StorageManager: getStorageLowBytes lowPercent : 5, lowBytes : 1260145254, maxLowBytes : 524288000
10-22 12:55:43.183  3957  4128 D WifiService: getConnectionInfo uid=1000
10-22 12:55:43.196   610   900 I BatteryMgr:DataCollectionService: stats => 1697972143196,-180,4310,136,0,100
10-22 12:55:43.221  2479  2548 D ScanRecord: Not a Multi Manu data
10-22 12:55:43.301  2479  2548 I chatty  : uid=1002(bluetooth) BT Service Call identical 141 lines
10-22 12:55:43.301  2479  2548 D ScanRecord: Not a Multi Manu data
10-22 12:55:43.303  1113  1113 I BNRClientProivder, VERSION : 1.7.5: register - xml6 quick_backup : Email, QJ5JBlRnP9, com.samsung.android.email.provider.service.sCloudBNRService
10-22 12:55:43.303  2479  2548 D ScanRecord: Not a Multi Manu data
10-22 12:55:43.304  2479  2548 I chatty  : uid=1002(bluetooth) BT Service Call identical 9 lines
10-22 12:55:43.304  2479  2548 D ScanRecord: Not a Multi Manu data
10-22 12:55:43.304  1113  1113 I QBNRClientHelper: init SyncClientHelper : Email
10-22 12:55:43.306   610   900 I BatteryMgr:DataCollectionService: stats => 1697972143306,-180,4310,136,0,100
10-22 12:55:43.312  1113  1113 I BNRClientProivder, VERSION : 1.7.5: register - xml6 quick_backup : EMAILFOLDER, 55LAYJm0O2, com.samsung.android.email.provider.service.sCloudBNRService2
10-22 12:55:43.312  1113  1113 I QBNRClientHelper: init SyncClientHelper : EMAILFOLDER
10-22 12:55:43.324  2479  2548 D ScanRecord: Not a Multi Manu data
10-22 12:55:43.351  3957 14904 W StorageManager: getStorageLowBytes lowPercent : 5, lowBytes : 1260145254, maxLowBytes : 524288000
10-22 12:55:43.397  2479  2548 I chatty  : uid=1002(bluetooth) BT Service Call identical 119 lines
10-22 12:55:43.397  2479  2548 D ScanRecord: Not a Multi Manu data
10-22 12:55:43.403  1113  1113 D SamsungAnalytics201007: [Validation] dma pkg:513001000
10-22 12:55:43.409  1113  1113 D SamsungAnalytics201007: cf feature is supported
10-22 12:55:43.414   610   900 I BatteryMgr:DataCollectionService: stats => 1697972143414,-180,4310,136,0,100
10-22 12:55:43.416  2479  2548 D ScanRecord: Not a Multi Manu data
10-22 12:55:43.424  2479  2548 I chatty  : uid=1002(bluetooth) BT Service Call identical 20 lines
10-22 12:55:43.424  2479  2548 D ScanRecord: Not a Multi Manu data
10-22 12:55:43.428  1113  1113 D SamsungAnalytics201007: send setting
10-22 12:55:43.429  1113  1113 D SamsungAnalytics201007: newThread on Executor
10-22 12:55:43.442  1113  1113 D SamsungAnalytics201007: [Tracker] Tracker start:2.01.007DLC
10-22 12:55:43.456  2479  2548 D ScanRecord: Not a Multi Manu data
10-22 12:55:43.457  2479  2548 I chatty  : uid=1002(bluetooth) BT Service Call identical 9 lines
10-22 12:55:43.457  2479  2548 D ScanRecord: Not a Multi Manu data
10-22 12:55:43.472  1113  1113 I RuntimePermission: -1
10-22 12:55:43.486  2479  2548 D ScanRecord: Not a Multi Manu data
10-22 12:55:43.494  3957 14904 D CryptdConnector: SND -> {93 cryptfs getpwtype}
10-22 12:55:43.501  3332  3353 D VoldCryptCmdListener: cryptfs getpwtype
10-22 12:55:43.513  3957  4092 D CryptdConnector: RCV <- {213 93 default}
10-22 12:55:43.518  2479  2548 I chatty  : uid=1002(bluetooth) BT Service Call identical 31 lines
10-22 12:55:43.518  2479  2548 D ScanRecord: Not a Multi Manu data
10-22 12:55:43.522  1113  1113 E Utility : isFBELocked status 4 isUserUnlocked true
10-22 12:55:43.522  2479  2548 D ScanRecord: Not a Multi Manu data
10-22 12:55:43.523  2479  2548 I chatty  : uid=1002(bluetooth) BT Service Call identical 9 lines
10-22 12:55:43.523  2479  2548 D ScanRecord: Not a Multi Manu data
10-22 12:55:43.525   610   900 I BatteryMgr:DataCollectionService: stats => 1697972143524,-180,4310,136,0,100
10-22 12:55:43.531  2479  2548 D ScanRecord: Not a Multi Manu data
10-22 12:55:43.531  2479  2548 I chatty  : uid=1002(bluetooth) BT Service Call identical 9 lines
10-22 12:55:43.531  2479  2548 D ScanRecord: Not a Multi Manu data
10-22 12:55:43.535  1113  1113 D Email   : initMainProcess, set nightmode to: 1
10-22 12:55:43.545  3957  4129 D WifiStateMachine:  ConnectedState !RSSI_PKTCNT_FETCH uid=1000 rt=578550127/1634525600 0 0 "ourhome" f4:6d:2f:12:cc:88 rssi=-41 f=5240 sc=60 link=433 tx=115.4, 2.6, 0.0  rx=213.8 bcn=371544 [on:0 tx:0 rx:0 period:1002] from screen [on:109406 period:618024] score=60
10-22 12:55:43.546  3957  4129 D WifiStateMachine:  L2ConnectedState !RSSI_PKTCNT_FETCH uid=1000 rt=578550130/1634525603 0 0 "ourhome" f4:6d:2f:12:cc:88 rssi=-41 f=5240 sc=60 link=433 tx=115.4, 2.6, 0.0  rx=213.8 bcn=371544 [on:0 tx:0 rx:0 period:2] from screen [on:109406 period:618026] score=60
10-22 12:55:43.549  3957  4129 D WifiStateMachine: fetchRssiLinkSpeedAndFrequencyNative rssi=-42 linkspeed=433 freq=5240
10-22 12:55:43.549  3957  4129 V WifiConfigManager: Updating scan detail cache freq=5240 BSSID=f4:6d:2f:12:cc:88 RSSI=-41 for "ourhome"WPA_PSK
10-22 12:55:43.566  2479  2548 D ScanRecord: Not a Multi Manu data
10-22 12:55:43.594  3957 14960 W StorageManager: getStorageLowBytes lowPercent : 5, lowBytes : 1260145254, maxLowBytes : 524288000
10-22 12:55:43.595  2479  2548 I chatty  : uid=1002(bluetooth) BT Service Call identical 31 lines
10-22 12:55:43.595  2479  2548 D ScanRecord: Not a Multi Manu data
10-22 12:55:43.597  1113  1147 D skia    : --- SkAndroidCodec::NewFromStream returned null
10-22 12:55:43.599   658   705 D GeckoIdleService: Get idle time: time since reset 5009 msec
10-22 12:55:43.599   658   705 D GeckoIdleService: Idle timer callback: current idle time 5009 msec
10-22 12:55:43.600   658   705 D GeckoIdleService: next timeout 4294967289990 msec from now
10-22 12:55:43.600   658   705 D GeckoIdleService: SetTimerExpiryIfBefore: next timeout 4294967289990 msec from now
10-22 12:55:43.600   658   705 D GeckoIdleService: reset timer expiry to 4294967290000 msec from now
10-22 12:55:43.600   658   705 D GeckoIdleService: Idle timer callback: tell observer 0x742ffd70e8 user is idle
10-22 12:55:43.609  2479  2548 D ScanRecord: Not a Multi Manu data
10-22 12:55:43.609  2479  2548 I chatty  : uid=1002(bluetooth) BT Service Call identical 9 lines
10-22 12:55:43.609  2479  2548 D ScanRecord: Not a Multi Manu data
10-22 12:55:43.620  1113  1145 D Protocol: Email::grantAccessForAllEmailAliases() - grant permissions for aliases start
10-22 12:55:43.622  2479  2548 D ScanRecord: Not a Multi Manu data
10-22 12:55:43.622  2479  2548 I chatty  : uid=1002(bluetooth) BT Service Call identical 9 lines
10-22 12:55:43.622  2479  2548 D ScanRecord: Not a Multi Manu data
10-22 12:55:43.634   610   900 I BatteryMgr:DataCollectionService: stats => 1697972143634,-180,4310,136,0,100
10-22 12:55:43.639  2479  2548 D ScanRecord: Not a Multi Manu data
10-22 12:55:43.639  2479  2548 I chatty  : uid=1002(bluetooth) BT Service Call identical 9 lines
10-22 12:55:43.639  2479  2548 D ScanRecord: Not a Multi Manu data
10-22 12:55:43.667  3957 14960 I chatty  : uid=1000(system) Binder:3957_1F identical 2 lines
10-22 12:55:43.670  3957 14960 W StorageManager: getStorageLowBytes lowPercent : 5, lowBytes : 1260145254, maxLowBytes : 524288000
10-22 12:55:43.680  1113  1147 D skia    : --- SkAndroidCodec::NewFromStream returned null
10-22 12:55:43.683  1113  1147 D skia    : --- SkAndroidCodec::NewFromStream returned null
10-22 12:55:43.744   610   900 I BatteryMgr:DataCollectionService: stats => 1697972143744,-180,4310,136,0,100
10-22 12:55:43.807  3957 14960 D ActivityManager: The following uid has registered to recieve broadcast for proxy related updates 10157
10-22 12:55:43.813  3957 14960 W ContextImpl: Calling a method in the system process without a qualified user: android.app.ContextImpl.sendBroadcast:971 com.android.server.am.ActivityManagerService.requestKnoxVpnToSendProxyBroadcast:29420 com.android.server.am.ActivityManagerService.registerReceiver:23161 android.app.IActivityManager$Stub.onTransact:176 com.android.server.am.ActivityManagerService.onTransact:3861 
10-22 12:55:43.816  3957  3957 D KnoxVpnEngineService: Vpn Receiver : com.samsung.android.knox.intent.action.VPN_PROXY_BROADCAST_INTERNAL
10-22 12:55:43.817  3957  4108 I KnoxVpnEngineService: vpn handle : Message received
10-22 12:55:43.847  3957 14960 W StorageManager: getStorageLowBytes lowPercent : 5, lowBytes : 1260145254, maxLowBytes : 524288000
10-22 12:55:43.849  3957 14960 W StorageManager: getStorageLowBytes lowPercent : 5, lowBytes : 1260145254, maxLowBytes : 524288000
10-22 12:55:43.851   610   900 I BatteryMgr:DataCollectionService: stats => 1697972143851,-180,4310,136,0,100
10-22 12:55:43.864  3957 14960 D ConnectivityService: filterNetworkStateForUid() uid: 10157 networkInfo: [type: WIFI[] - WIFI, state: CONNECTED/CONNECTED, reason: (unspecified), extra: "ourhome", failover: false, available: true, roaming: false, metered: false]
10-22 12:55:43.864  3957 14960 D WifiService: getConnectionInfo uid=1000
10-22 12:55:43.907  3957 14960 I chatty  : uid=1000(system) Binder:3957_1F identical 1 line
10-22 12:55:43.907  3957 14960 I chatty  : uid=1000(system) Binder:3957_1F identical 1 line
10-22 12:55:43.911  3957 14960 D ConnectivityService: filterNetworkStateForUid() uid: 10157 networkInfo: [type: WIFI[] - WIFI, state: CONNECTED/CONNECTED, reason: (unspecified), extra: "ourhome", failover: false, available: true, roaming: false, metered: false]
10-22 12:55:43.911  3957 14960 D WifiService: getConnectionInfo uid=1000
10-22 12:55:43.960   610   900 I BatteryMgr:DataCollectionService: stats => 1697972143960,-180,4310,136,0,100
10-22 12:55:44.073   610   900 I BatteryMgr:DataCollectionService: stats => 1697972144073,-33,4310,-68,0,100
10-22 12:55:44.181   610   900 I BatteryMgr:DataCollectionService: stats => 1697972144181,-33,4310,-68,0,100
10-22 12:55:44.185  3957  4128 D WifiService: getConnectionInfo uid=1000
10-22 12:55:44.288   610   900 I BatteryMgr:DataCollectionService: stats => 1697972144288,-33,4310,-68,0,100
10-22 12:55:44.397   610   900 I BatteryMgr:DataCollectionService: stats => 1697972144397,-33,4310,-68,0,100
10-22 12:55:44.510   610   900 I BatteryMgr:DataCollectionService: stats => 1697972144510,-33,4310,-68,0,100
10-22 12:55:44.540  3957 14960 D BatteryService: !@BatteryListener : batteryPropertiesChanged!
10-22 12:55:44.544  3957  4129 D WifiStateMachine:  ConnectedState !RSSI_PKTCNT_FETCH uid=1000 rt=578551128/1634526601 0 0 "ourhome" f4:6d:2f:12:cc:88 rssi=-42 f=5240 sc=60 link=433 tx=115.4, 2.6, 0.0  rx=213.8 bcn=371544 [on:0 tx:0 rx:0 period:998] from screen [on:109406 period:619024] score=60
10-22 12:55:44.549  3957  4129 D WifiStateMachine:  L2ConnectedState !RSSI_PKTCNT_FETCH uid=1000 rt=578551130/1634526603 0 0 "ourhome" f4:6d:2f:12:cc:88 rssi=-42 f=5240 sc=60 link=433 tx=115.4, 2.6, 0.0  rx=213.8 bcn=371544 [on:0 tx:0 rx:0 period:4] from screen [on:109406 period:619028] score=60
10-22 12:55:44.551  3957  4129 D WifiStateMachine: fetchRssiLinkSpeedAndFrequencyNative rssi=-42 linkspeed=433 freq=5240
10-22 12:55:44.551  3957  4129 V WifiConfigManager: Updating scan detail cache freq=5240 BSSID=f4:6d:2f:12:cc:88 RSSI=-41 for "ourhome"WPA_PSK
10-22 12:55:44.623   610   900 I BatteryMgr:DataCollectionService: stats => 1697972144623,-33,4310,-68,0,100
10-22 12:55:44.732   610   900 I BatteryMgr:DataCollectionService: stats => 1697972144732,-33,4310,-68,0,100
10-22 12:55:44.844   610   900 I BatteryMgr:DataCollectionService: stats => 1697972144843,-33,4310,-68,0,100
10-22 12:55:44.952   610   900 I BatteryMgr:DataCollectionService: stats => 1697972144952,-33,4310,-68,0,100
10-22 12:55:44.977  3957  4129 D WifiStateMachine:  ConnectedState !CMD_RSSI_POLL rt=578551560/1634527032 104 0 "ourhome" f4:6d:2f:12:cc:88 rssi=-42 f=5240 sc=60 link=433 tx=115.4, 2.6, 0.0  rx=213.8 bcn=371544 [on:0 tx:0 rx:0 period:429] from screen [on:109406 period:619457] score=60
10-22 12:55:44.979  3957  4129 D WifiStateMachine:  L2ConnectedState !CMD_RSSI_POLL rt=578551563/1634527036 104 0 "ourhome" f4:6d:2f:12:cc:88 rssi=-42 f=5240 sc=60 link=433 tx=115.4, 2.6, 0.0  rx=213.8 bcn=371544 [on:0 tx:0 rx:0 period:2] from screen [on:109406 period:619459] score=60
10-22 12:55:44.980  3957  4129 D WifiStateMachine:  get link layer stats 3
10-22 12:55:44.980  3436  3436 I android.hardware.wifi@1.0-service: getLinkLayerStats
10-22 12:55:44.987  3957  4129 D WifiStateMachine: fetchRssiLinkSpeedAndFrequencyNative rssi=-42 linkspeed=433 freq=5240
10-22 12:55:44.987  3957  4129 V WifiConfigManager: Updating scan detail cache freq=5240 BSSID=f4:6d:2f:12:cc:88 RSSI=-41 for "ourhome"WPA_PSK
10-22 12:55:44.992  4340  4340 E SignalClusterView: setSlotFocusVisible : subId -2
10-22 12:55:44.992  4340  4340 E SignalClusterView: setSlotFocusVisible : subId -2
10-22 12:55:45.065   610   900 I BatteryMgr:DataCollectionService: stats => 1697972145064,-33,4310,-68,0,100
10-22 12:55:45.179   610   900 I BatteryMgr:DataCollectionService: stats => 1697972145179,-33,4310,-68,0,100
10-22 12:55:45.187  3957  4128 D WifiService: getConnectionInfo uid=1000
10-22 12:55:45.290   610   900 I BatteryMgr:DataCollectionService: stats => 1697972145289,-33,4310,-68,0,100
10-22 12:55:45.402   610   900 I BatteryMgr:DataCollectionService: stats => 1697972145402,-33,4310,-68,0,100
10-22 12:55:45.514   610   900 I BatteryMgr:DataCollectionService: stats => 1697972145514,-33,4310,-68,0,100
10-22 12:55:45.545  3957  4129 D WifiStateMachine:  ConnectedState !RSSI_PKTCNT_FETCH uid=1000 rt=578552129/1634527601 0 0 "ourhome" f4:6d:2f:12:cc:88 rssi=-42 f=5240 sc=60 link=433 tx=47.3, 0.9, 0.0  rx=80.1 bcn=371573 [on:0 tx:0 rx:0 period:554] from screen [on:110840 period:620025] score=60
10-22 12:55:45.547  3957  4129 D WifiStateMachine:  L2ConnectedState !RSSI_PKTCNT_FETCH uid=1000 rt=578552131/1634527603 0 0 "ourhome" f4:6d:2f:12:cc:88 rssi=-42 f=5240 sc=60 link=433 tx=47.3, 0.9, 0.0  rx=80.1 bcn=371573 [on:0 tx:0 rx:0 period:2] from screen [on:110840 period:620027] score=60
10-22 12:55:45.553  3957  4129 D WifiStateMachine: fetchRssiLinkSpeedAndFrequencyNative rssi=-43 linkspeed=433 freq=5240
10-22 12:55:45.553  3957  4129 V WifiConfigManager: Updating scan detail cache freq=5240 BSSID=f4:6d:2f:12:cc:88 RSSI=-42 for "ourhome"WPA_PSK
10-22 12:55:45.620   610   900 I BatteryMgr:DataCollectionService: stats => 1697972145620,-33,4310,-68,0,100
10-22 12:55:45.732   610   900 I BatteryMgr:DataCollectionService: stats => 1697972145732,-33,4310,-68,0,100
10-22 12:55:45.847   610   900 I BatteryMgr:DataCollectionService: stats => 1697972145846,-33,4310,-68,0,100
10-22 12:55:45.903  3957  4030 D SensorService: [SO] 0.278 0.105 9.993
10-22 12:55:45.961   610   900 I BatteryMgr:DataCollectionService: stats => 1697972145961,-33,4310,-68,0,100
10-22 12:55:46.073   610   900 I BatteryMgr:DataCollectionService: stats => 1697972146073,-33,4310,-68,0,100
10-22 12:55:46.187   610   900 I BatteryMgr:DataCollectionService: stats => 1697972146186,-33,4310,-68,0,100
10-22 12:55:46.191  3957  4128 D WifiService: getConnectionInfo uid=1000
10-22 12:55:46.300   610   900 I BatteryMgr:DataCollectionService: stats => 1697972146300,-33,4310,-68,0,100
10-22 12:55:46.412   610   900 I BatteryMgr:DataCollectionService: stats => 1697972146412,-33,4310,-68,0,100
10-22 12:55:46.523   610   900 I BatteryMgr:DataCollectionService: stats => 1697972146523,-33,4310,-68,0,100
10-22 12:55:46.546  3957  4129 D WifiStateMachine:  ConnectedState !RSSI_PKTCNT_FETCH uid=1000 rt=578553130/1634528603 0 0 "ourhome" f4:6d:2f:12:cc:88 rssi=-43 f=5240 sc=60 link=433 tx=47.3, 0.9, 0.0  rx=80.1 bcn=371573 [on:0 tx:0 rx:0 period:999] from screen [on:110840 period:621026] score=60
10-22 12:55:46.547  3957  4129 D WifiStateMachine:  L2ConnectedState !RSSI_PKTCNT_FETCH uid=1000 rt=578553132/1634528605 0 0 "ourhome" f4:6d:2f:12:cc:88 rssi=-43 f=5240 sc=60 link=433 tx=47.3, 0.9, 0.0  rx=80.1 bcn=371573 [on:0 tx:0 rx:0 period:1] from screen [on:110840 period:621027] score=60
10-22 12:55:46.554  3957  4129 D WifiStateMachine: fetchRssiLinkSpeedAndFrequencyNative rssi=-42 linkspeed=433 freq=5240
10-22 12:55:46.554  3957  4129 V WifiConfigManager: Updating scan detail cache freq=5240 BSSID=f4:6d:2f:12:cc:88 RSSI=-42 for "ourhome"WPA_PSK
10-22 12:55:46.638   610   900 I BatteryMgr:DataCollectionService: stats => 1697972146638,-33,4310,-68,0,100
10-22 12:55:46.750   610   900 I BatteryMgr:DataCollectionService: stats => 1697972146750,-33,4310,-68,0,100
10-22 12:55:46.866   610   900 I BatteryMgr:DataCollectionService: stats => 1697972146865,-33,4310,-68,0,100
10-22 12:55:46.986   610   900 I BatteryMgr:DataCollectionService: stats => 1697972146986,-33,4310,-68,0,100
10-22 12:55:47.107   610   900 I BatteryMgr:DataCollectionService: stats => 1697972147107,-33,4310,-68,0,100
10-22 12:55:47.193  3957  4128 D WifiService: getConnectionInfo uid=1000
10-22 12:55:47.220   610   900 I BatteryMgr:DataCollectionService: stats => 1697972147219,-33,4310,-68,0,100
10-22 12:55:47.333  3957  6478 D SSRM:k  : SIOP:: AP = 330, PST = 295 (W:20), BAT = 248, USB = 0, CHG = 0
10-22 12:55:47.335   610   900 I BatteryMgr:DataCollectionService: stats => 1697972147335,-33,4310,-68,0,100
10-22 12:55:47.449   610   900 I BatteryMgr:DataCollectionService: stats => 1697972147449,-33,4310,-68,0,100
10-22 12:55:47.550  3957  4129 D WifiStateMachine:  ConnectedState !RSSI_PKTCNT_FETCH uid=1000 rt=578554132/1634529605 0 0 "ourhome" f4:6d:2f:12:cc:88 rssi=-42 f=5240 sc=60 link=433 tx=47.3, 0.9, 0.0  rx=80.1 bcn=371573 [on:0 tx:0 rx:0 period:1003] from screen [on:110840 period:622030] score=60
10-22 12:55:47.552  3957  4129 D WifiStateMachine:  L2ConnectedState !RSSI_PKTCNT_FETCH uid=1000 rt=578554136/1634529609 0 0 "ourhome" f4:6d:2f:12:cc:88 rssi=-42 f=5240 sc=60 link=433 tx=47.3, 0.9, 0.0  rx=80.1 bcn=371573 [on:0 tx:0 rx:0 period:2] from screen [on:110840 period:622032] score=60
10-22 12:55:47.558  3957  4129 D WifiStateMachine: fetchRssiLinkSpeedAndFrequencyNative rssi=-46 linkspeed=433 freq=5240
10-22 12:55:47.559  3957  4129 V WifiConfigManager: Updating scan detail cache freq=5240 BSSID=f4:6d:2f:12:cc:88 RSSI=-44 for "ourhome"WPA_PSK
10-22 12:55:47.562   610   900 I BatteryMgr:DataCollectionService: stats => 1697972147562,-33,4310,-68,0,100
10-22 12:55:47.675   610   900 I BatteryMgr:DataCollectionService: stats => 1697972147675,-33,4310,-68,0,100
10-22 12:55:47.788   610   900 I BatteryMgr:DataCollectionService: stats => 1697972147788,-33,4310,-68,0,100
10-22 12:55:47.905   610   900 I BatteryMgr:DataCollectionService: stats => 1697972147904,-33,4310,-68,0,100
10-22 12:55:47.939  4961  4961 D io_stats: !@ 179,0 r 8655378 281423772 w 2017391 39881980 d 160380 36178448 f 619023 643161 iot 4008324 3468633 th 51200 0 0 pt 0 inp 0 0 578554.524
10-22 12:55:47.990  3957  4129 D WifiStateMachine:  ConnectedState !CMD_RSSI_POLL rt=578554574/1634530047 104 0 "ourhome" f4:6d:2f:12:cc:88 rssi=-46 f=5240 sc=60 link=433 tx=47.3, 0.9, 0.0  rx=80.1 bcn=371573 [on:0 tx:0 rx:0 period:438] from screen [on:110840 period:622470] score=60
10-22 12:55:47.992  3957  4129 D WifiStateMachine:  L2ConnectedState !CMD_RSSI_POLL rt=578554576/1634530048 104 0 "ourhome" f4:6d:2f:12:cc:88 rssi=-46 f=5240 sc=60 link=433 tx=47.3, 0.9, 0.0  rx=80.1 bcn=371573 [on:0 tx:0 rx:0 period:2] from screen [on:110840 period:622472] score=60
10-22 12:55:47.992  3957  4129 D WifiStateMachine:  get link layer stats 3
10-22 12:55:47.993  3436  3436 I android.hardware.wifi@1.0-service: getLinkLayerStats
10-22 12:55:47.997  3957  4129 D WifiStateMachine: fetchRssiLinkSpeedAndFrequencyNative rssi=-45 linkspeed=433 freq=5240
10-22 12:55:47.998  3957  4129 V WifiConfigManager: Updating scan detail cache freq=5240 BSSID=f4:6d:2f:12:cc:88 RSSI=-44 for "ourhome"WPA_PSK
10-22 12:55:48.003  4340  4340 E SignalClusterView: setSlotFocusVisible : subId -2
10-22 12:55:48.004  4340  4340 E SignalClusterView: setSlotFocusVisible : subId -2
10-22 12:55:48.019   610   900 I BatteryMgr:DataCollectionService: stats => 1697972148018,-33,4310,-68,0,100
10-22 12:55:48.130   610   900 I BatteryMgr:DataCollectionService: stats => 1697972148130,-33,4310,-68,0,100
10-22 12:55:48.159  2479  2548 D ScanRecord: Not a Multi Manu data
10-22 12:55:48.193  2479  2548 I chatty  : uid=1002(bluetooth) BT Service Call identical 53 lines
10-22 12:55:48.193  2479  2548 D ScanRecord: Not a Multi Manu data
10-22 12:55:48.196  3957  4128 D WifiService: getConnectionInfo uid=1000
10-22 12:55:48.198  2479  2548 D ScanRecord: Not a Multi Manu data
10-22 12:55:48.239  2479  2548 I chatty  : uid=1002(bluetooth) BT Service Call identical 64 lines
10-22 12:55:48.239  2479  2548 D ScanRecord: Not a Multi Manu data
10-22 12:55:48.246   610   900 I BatteryMgr:DataCollectionService: stats => 1697972148245,-33,4310,-68,0,100
10-22 12:55:48.257  2479  2548 D ScanRecord: Not a Multi Manu data
10-22 12:55:48.335  2479  2548 I chatty  : uid=1002(bluetooth) BT Service Call identical 108 lines
10-22 12:55:48.335  2479  2548 D ScanRecord: Not a Multi Manu data
10-22 12:55:48.355   610   900 I BatteryMgr:DataCollectionService: stats => 1697972148355,-33,4310,-68,0,100
10-22 12:55:48.376  2479  2548 D ScanRecord: Not a Multi Manu data
10-22 12:55:48.464  2479  2548 I chatty  : uid=1002(bluetooth) BT Service Call identical 152 lines
10-22 12:55:48.464  2479  2548 D ScanRecord: Not a Multi Manu data
10-22 12:55:48.465   610   900 I BatteryMgr:DataCollectionService: stats => 1697972148465,-33,4310,-68,0,100
10-22 12:55:48.468  2479  2548 D ScanRecord: Not a Multi Manu data
10-22 12:55:48.552  2479  2548 I chatty  : uid=1002(bluetooth) BT Service Call identical 97 lines
10-22 12:55:48.552  2479  2548 D ScanRecord: Not a Multi Manu data
10-22 12:55:48.552  3957  4129 D WifiStateMachine:  ConnectedState !RSSI_PKTCNT_FETCH uid=1000 rt=578555134/1634530607 0 0 "ourhome" f4:6d:2f:12:cc:88 rssi=-45 f=5240 sc=60 link=433 tx=18.0, 0.3, 0.0  rx=47.1 bcn=371601 [on:0 tx:0 rx:0 period:549] from screen [on:111719 period:623031] score=60
10-22 12:55:48.553  3957  4129 D WifiStateMachine:  L2ConnectedState !RSSI_PKTCNT_FETCH uid=1000 rt=578555138/1634530610 0 0 "ourhome" f4:6d:2f:12:cc:88 rssi=-45 f=5240 sc=60 link=433 tx=18.0, 0.3, 0.0  rx=47.1 bcn=371601 [on:0 tx:0 rx:0 period:2] from screen [on:111719 period:623033] score=60
10-22 12:55:48.554  2479  2548 D ScanRecord: Not a Multi Manu data
10-22 12:55:48.554  2479  2548 I chatty  : uid=1002(bluetooth) BT Service Call identical 9 lines
10-22 12:55:48.554  2479  2548 D ScanRecord: Not a Multi Manu data
10-22 12:55:48.556  3957  4129 D WifiStateMachine: fetchRssiLinkSpeedAndFrequencyNative rssi=-43 linkspeed=433 freq=5240
10-22 12:55:48.557  3957  4129 V WifiConfigManager: Updating scan detail cache freq=5240 BSSID=f4:6d:2f:12:cc:88 RSSI=-43 for "ourhome"WPA_PSK
10-22 12:55:48.557  2479  2548 D ScanRecord: Not a Multi Manu data
10-22 12:55:48.577  2479  2548 I chatty  : uid=1002(bluetooth) BT Service Call identical 31 lines
10-22 12:55:48.577  2479  2548 D ScanRecord: Not a Multi Manu data
10-22 12:55:48.581   610   900 I BatteryMgr:DataCollectionService: stats => 1697972148581,-33,4310,-68,0,100
10-22 12:55:48.605  2479  2548 D ScanRecord: Not a Multi Manu data
10-22 12:55:48.612  2479  2548 I chatty  : uid=1002(bluetooth) BT Service Call identical 31 lines
10-22 12:55:48.612  2479  2548 D ScanRecord: Not a Multi Manu data
10-22 12:55:48.694   610   900 I BatteryMgr:DataCollectionService: stats => 1697972148694,-33,4310,-68,0,100
10-22 12:55:48.808   610   900 I BatteryMgr:DataCollectionService: stats => 1697972148808,-33,4310,-68,0,100
10-22 12:55:48.921   610   900 I BatteryMgr:DataCollectionService: stats => 1697972148921,-33,4310,-68,0,100
10-22 12:55:48.964  3957  4306 D WifiConnectivityMonitor:  [|224] []
10-22 12:55:49.033   610   900 I BatteryMgr:DataCollectionService: stats => 1697972149032,-33,4310,-68,0,100
10-22 12:55:49.145   610   900 I BatteryMgr:DataCollectionService: stats => 1697972149145,-33,4310,-68,0,100
10-22 12:55:49.199  3957  4128 D WifiService: getConnectionInfo uid=1000
10-22 12:55:49.259   610   900 I BatteryMgr:DataCollectionService: stats => 1697972149258,-33,4310,-68,0,100
10-22 12:55:49.371   610   900 I BatteryMgr:DataCollectionService: stats => 1697972149371,-33,4310,-68,0,100
10-22 12:55:49.480   610   900 I BatteryMgr:DataCollectionService: stats => 1697972149480,-33,4310,-68,0,100
10-22 12:55:49.554  3957  4129 D WifiStateMachine:  ConnectedState !RSSI_PKTCNT_FETCH uid=1000 rt=578556137/1634531609 0 0 "ourhome" f4:6d:2f:12:cc:88 rssi=-43 f=5240 sc=60 link=433 tx=18.0, 0.3, 0.0  rx=47.1 bcn=371601 [on:0 tx:0 rx:0 period:1001] from screen [on:111719 period:624034] score=60
10-22 12:55:49.557  3957  4129 D WifiStateMachine:  L2ConnectedState !RSSI_PKTCNT_FETCH uid=1000 rt=578556140/1634531613 0 0 "ourhome" f4:6d:2f:12:cc:88 rssi=-43 f=5240 sc=60 link=433 tx=18.0, 0.3, 0.0  rx=47.1 bcn=371601 [on:0 tx:0 rx:0 period:3] from screen [on:111719 period:624037] score=60
10-22 12:55:49.563  3957  4129 D WifiStateMachine: fetchRssiLinkSpeedAndFrequencyNative rssi=-43 linkspeed=433 freq=5240
10-22 12:55:49.564  3957  4129 V WifiConfigManager: Updating scan detail cache freq=5240 BSSID=f4:6d:2f:12:cc:88 RSSI=-43 for "ourhome"WPA_PSK
10-22 12:55:49.593   610   900 I BatteryMgr:DataCollectionService: stats => 1697972149593,-33,4310,-68,0,100
10-22 12:55:49.687  4340  4731 D NetworkController.MobileSignalController(0/-2): onSignalStrengthsChanged signalStrength=SignalStrength: 22 99 -22 -200 -22 -200 -1 99 2147483647 2147483647 2147483647 2147483647 0 2147483647 0x4 P gsm|lte level=4
10-22 12:55:49.691  4340  4731 D NetworkController.MobileSignalController(0/-2): getMobileIconGroup(): 0
10-22 12:55:49.704   610   900 I BatteryMgr:DataCollectionService: stats => 1697972149704,-33,4310,-68,0,100
10-22 12:55:49.813   610   900 I BatteryMgr:DataCollectionService: stats => 1697972149813,-33,4310,-68,0,100
10-22 12:55:49.926   610   900 I BatteryMgr:DataCollectionService: stats => 1697972149926,-33,4310,-68,0,100
10-22 12:55:50.039   610   900 I BatteryMgr:DataCollectionService: stats => 1697972150039,-33,4310,-68,0,100
10-22 12:55:50.151   610   900 I BatteryMgr:DataCollectionService: stats => 1697972150151,-33,4310,-68,0,100
10-22 12:55:50.202  3957  4128 D WifiService: getConnectionInfo uid=1000
10-22 12:55:50.265   610   900 I BatteryMgr:DataCollectionService: stats => 1697972150264,-33,4310,-68,0,100
10-22 12:55:50.380   610   900 I BatteryMgr:DataCollectionService: stats => 1697972150379,-33,4310,-68,0,100
10-22 12:55:50.496   610   900 I BatteryMgr:DataCollectionService: stats => 1697972150496,-33,4310,-68,0,100
10-22 12:55:50.556  3957  4129 D WifiStateMachine:  ConnectedState !RSSI_PKTCNT_FETCH uid=1000 rt=578557138/1634532610 0 0 "ourhome" f4:6d:2f:12:cc:88 rssi=-43 f=5240 sc=60 link=433 tx=18.0, 0.3, 0.0  rx=47.1 bcn=371601 [on:0 tx:0 rx:0 period:998] from screen [on:111719 period:625035] score=60
10-22 12:55:50.559  3957  4129 D WifiStateMachine:  L2ConnectedState !RSSI_PKTCNT_FETCH uid=1000 rt=578557142/1634532615 0 0 "ourhome" f4:6d:2f:12:cc:88 rssi=-43 f=5240 sc=60 link=433 tx=18.0, 0.3, 0.0  rx=47.1 bcn=371601 [on:0 tx:0 rx:0 period:4] from screen [on:111719 period:625039] score=60
10-22 12:55:50.567  3957  4129 D WifiStateMachine: fetchRssiLinkSpeedAndFrequencyNative rssi=-43 linkspeed=433 freq=5240
10-22 12:55:50.567  3957  4129 V WifiConfigManager: Updating scan detail cache freq=5240 BSSID=f4:6d:2f:12:cc:88 RSSI=-43 for "ourhome"WPA_PSK
10-22 12:55:50.609   610   900 I BatteryMgr:DataCollectionService: stats => 1697972150609,-33,4310,-68,0,100
10-22 12:55:50.721   610   900 I BatteryMgr:DataCollectionService: stats => 1697972150721,-33,4310,-68,0,100
10-22 12:55:50.834   610   900 I BatteryMgr:DataCollectionService: stats => 1697972150834,-33,4310,-68,0,100
10-22 12:55:50.952   610   900 I BatteryMgr:DataCollectionService: stats => 1697972150952,-33,4310,-68,0,100
10-22 12:55:51.001  3957  4129 D WifiStateMachine:  ConnectedState !CMD_RSSI_POLL rt=578557585/1634533057 104 0 "ourhome" f4:6d:2f:12:cc:88 rssi=-43 f=5240 sc=60 link=433 tx=18.0, 0.3, 0.0  rx=47.1 bcn=371601 [on:0 tx:0 rx:0 period:442] from screen [on:111719 period:625481] score=60
10-22 12:55:51.004  3957  4129 D WifiStateMachine:  L2ConnectedState !CMD_RSSI_POLL rt=578557587/1634533059 104 0 "ourhome" f4:6d:2f:12:cc:88 rssi=-43 f=5240 sc=60 link=433 tx=18.0, 0.3, 0.0  rx=47.1 bcn=371601 [on:0 tx:0 rx:0 period:2] from screen [on:111719 period:625483] score=60
10-22 12:55:51.004  3957  4129 D WifiStateMachine:  get link layer stats 3
10-22 12:55:51.005  3436  3436 I android.hardware.wifi@1.0-service: getLinkLayerStats
10-22 12:55:51.020  3957  4129 D WifiStateMachine: fetchRssiLinkSpeedAndFrequencyNative rssi=-43 linkspeed=433 freq=5240
10-22 12:55:51.021  3957  4129 V WifiConfigManager: Updating scan detail cache freq=5240 BSSID=f4:6d:2f:12:cc:88 RSSI=-43 for "ourhome"WPA_PSK
10-22 12:55:51.027  4340  4340 E SignalClusterView: setSlotFocusVisible : subId -2
10-22 12:55:51.027  4340  4340 E SignalClusterView: setSlotFocusVisible : subId -2
10-22 12:55:51.065   610   900 I BatteryMgr:DataCollectionService: stats => 1697972151064,-33,4310,-68,0,100
10-22 12:55:51.179   610   900 I BatteryMgr:DataCollectionService: stats => 1697972151178,-33,4310,-68,0,100
10-22 12:55:51.206  3957  4128 D WifiService: getConnectionInfo uid=1000
10-22 12:55:51.291   610   900 I BatteryMgr:DataCollectionService: stats => 1697972151291,-33,4310,-68,0,100
10-22 12:55:51.403   610   900 I BatteryMgr:DataCollectionService: stats => 1697972151402,-33,4310,-68,0,100
10-22 12:55:51.513   610   900 I BatteryMgr:DataCollectionService: stats => 1697972151513,-33,4310,-68,0,100
10-22 12:55:51.556  3957  4129 D WifiStateMachine:  ConnectedState !RSSI_PKTCNT_FETCH uid=1000 rt=578558139/1634533612 0 0 "ourhome" f4:6d:2f:12:cc:88 rssi=-43 f=5240 sc=60 link=433 tx=10.4, 0.1, 0.0  rx=28.6 bcn=371629 [on:0 tx:0 rx:0 period:530] from screen [on:113156 period:626036] score=60
10-22 12:55:51.558  3957  4129 D WifiStateMachine:  L2ConnectedState !RSSI_PKTCNT_FETCH uid=1000 rt=578558142/1634533615 0 0 "ourhome" f4:6d:2f:12:cc:88 rssi=-43 f=5240 sc=60 link=433 tx=10.4, 0.1, 0.0  rx=28.6 bcn=371629 [on:0 tx:0 rx:0 period:2] from screen [on:113156 period:626038] score=60
10-22 12:55:51.564  3957  4129 D WifiStateMachine: fetchRssiLinkSpeedAndFrequencyNative rssi=-42 linkspeed=433 freq=5240
10-22 12:55:51.564  3957  4129 V WifiConfigManager: Updating scan detail cache freq=5240 BSSID=f4:6d:2f:12:cc:88 RSSI=-42 for "ourhome"WPA_PSK
10-22 12:55:51.625   610   900 I BatteryMgr:DataCollectionService: stats => 1697972151625,-33,4310,-68,0,100
10-22 12:55:51.647  3957  3972 D StorageManagerService: getExternalStorageMountMode : 2
10-22 12:55:51.648  3957  3972 D StorageManagerService: getExternalStorageMountMode : 3
10-22 12:55:51.649  3957  3972 D StorageManagerService: getExternalStorageMountMode : final mountMode=2, uid : 10007, packageName : com.samsung.android.app.spage
10-22 12:55:51.649  3957  3972 I ApplicationPolicy: isApplicationExternalStorageWhitelisted:com.samsung.android.app.spage user:0
10-22 12:55:51.651  3957  3972 D ApplicationPolicy: isApplicationExternalStorageWhitelisted: DO is not enabled on user 0. Allowed.
10-22 12:55:51.651  3957  3972 D ActivityManager: package  com.samsung.android.app.spage, user - 0 is SDcard whitelisted
10-22 12:55:51.651  3957  3972 I ApplicationPolicy: isApplicationExternalStorageBlacklisted:com.samsung.android.app.spage user:0
10-22 12:55:51.652  3957  3972 D ApplicationPolicy: isApplicationExternalStorageBlacklisted: DO is not enabled on user 0. Allowed.
10-22 12:55:51.677  1165  1165 E Zygote  : isWhitelistProcess - Process is Whitelisted
10-22 12:55:51.678  1165  1165 E libpersona: scanKnoxPersonas
10-22 12:55:51.678  1165  1165 E libpersona: Couldn't open the File - /data/system/users/0/personalist.xml - No such file or directory
10-22 12:55:51.682  1165  1165 W SELinux : SELinux selinux_android_compute_policy_index : Policy Index[2],  Con:u:r:zygote:s0 RAM:SEPF_SM-J720F_8.0.0_0002, [-1 -1 -1 -1 0 1]
10-22 12:55:51.683  1165  1165 I SELinux : SELinux: seapp_context_lookup: seinfo=platform, level=s0:c512,c768, pkgname=com.samsung.android.app.spage 
10-22 12:55:51.685  3957  3972 I ActivityManager: Start proc 1165:com.samsung.android.app.spage/u0a7 for service com.samsung.android.app.spage/.service.DummyStickyService
10-22 12:55:51.726  1165  1165 D TimaKeyStoreProvider: TimaKeyStore is not enabled: cannot add TimaSignature Service and generateKeyPair Service
10-22 12:55:51.727  1165  1165 D ActivityThread: Added TimaKeyStore provider
10-22 12:55:51.735  3957 14960 I ActivityManager: DSS on for com.samsung.android.app.spage and scale is 1.0
10-22 12:55:51.735   610   900 I BatteryMgr:DataCollectionService: stats => 1697972151735,-33,4310,-68,0,100
10-22 12:55:51.786  1165  1165 I zygote64: no shared libraies, dex_files: 1
10-22 12:55:51.842   610   900 I BatteryMgr:DataCollectionService: stats => 1697972151842,-33,4310,-68,0,100
10-22 12:55:51.873  1165  1165 D SPageApplication: onCreate APP_VERSION_CODE : 210607000
10-22 12:55:51.900  1165  1165 D BixbyApi_0.2.7: isBixbySupported:false
10-22 12:55:51.908  1165  1184 D DexModeMonitor: No DeX for this device. ignore
10-22 12:55:51.909  3957  9502 D StorageManagerService: getExternalStorageMountMode : 3
10-22 12:55:51.910  3957  9502 D StorageManagerService: getExternalStorageMountMode : 3
10-22 12:55:51.910  3957  9502 D StorageManagerService: getExternalStorageMountMode : final mountMode=3, uid : 5010, packageName : com.samsung.android.rubin.app
10-22 12:55:51.911  3957  9502 I ApplicationPolicy: isApplicationExternalStorageWhitelisted:com.samsung.android.rubin.app user:0
10-22 12:55:51.911  3957  9502 D ApplicationPolicy: isApplicationExternalStorageWhitelisted: DO is not enabled on user 0. Allowed.
10-22 12:55:51.911  3957  9502 D ActivityManager: package  com.samsung.android.rubin.app, user - 0 is SDcard whitelisted
10-22 12:55:51.911  3957  9502 I ApplicationPolicy: isApplicationExternalStorageBlacklisted:com.samsung.android.rubin.app user:0
10-22 12:55:51.911  3957  9502 D ApplicationPolicy: isApplicationExternalStorageBlacklisted: DO is not enabled on user 0. Allowed.
10-22 12:55:51.928  1189  1189 E Zygote  : isWhitelistProcess - Process is Whitelisted
10-22 12:55:51.929  1189  1189 E libpersona: scanKnoxPersonas
10-22 12:55:51.929  1189  1189 E libpersona: Couldn't open the File - /data/system/users/0/personalist.xml - No such file or directory
10-22 12:55:51.931  1189  1189 W SELinux : SELinux selinux_android_compute_policy_index : Policy Index[2],  Con:u:r:zygote:s0 RAM:SEPF_SM-J720F_8.0.0_0002, [-1 -1 -1 -1 0 1]
10-22 12:55:51.932  1189  1189 I SELinux : SELinux: seapp_context_lookup: seinfo=platform, level=s0:c512,c768, pkgname=com.samsung.android.rubin.app 
10-22 12:55:51.932  3957  9502 I ActivityManager: Start proc 1189:com.samsung.android.rubin.app/5010 for content provider com.samsung.android.rubin.app/.provider.RubinStateProvider
10-22 12:55:51.939  3957 14960 D CustomFrequencyManagerService: acquireDVFSLockLocked : type : DVFS_MIN_LIMIT  frequency : 936000  uid : 1000  pid : 3957  pkgName : com.samsung.android.app.spage@1
10-22 12:55:51.941  3957  9774 D StorageManagerService: getExternalStorageMountMode : 1
10-22 12:55:51.942  1165  1196 D SamsungAnalytics:110038: cf feature is supported
10-22 12:55:51.942  3957  9774 D StorageManagerService: getExternalStorageMountMode : 3
10-22 12:55:51.942  3957  9774 D StorageManagerService: getExternalStorageMountMode : final mountMode=1, uid : 10105, packageName : flipboard.boxer.app
10-22 12:55:51.942  3957  9774 I ApplicationPolicy: isApplicationExternalStorageWhitelisted:flipboard.boxer.app user:0
10-22 12:55:51.942  3957  9774 D ApplicationPolicy: isApplicationExternalStorageWhitelisted: DO is not enabled on user 0. Allowed.
10-22 12:55:51.942  3957  9774 D ActivityManager: package  flipboard.boxer.app, user - 0 is SDcard whitelisted
10-22 12:55:51.942  3957  9774 I ApplicationPolicy: isApplicationExternalStorageBlacklisted:flipboard.boxer.app user:0
10-22 12:55:51.942  3957  9774 D ApplicationPolicy: isApplicationExternalStorageBlacklisted: DO is not enabled on user 0. Allowed.
10-22 12:55:51.961  1189  1189 D TimaKeyStoreProvider: TimaKeyStore is not enabled: cannot add TimaSignature Service and generateKeyPair Service
10-22 12:55:51.961  1189  1189 D ActivityThread: Added TimaKeyStore provider
10-22 12:55:51.968  1205  1205 E Zygote  : isWhitelistProcess - Process is Whitelisted
10-22 12:55:51.968  1205  1205 E libpersona: scanKnoxPersonas
10-22 12:55:51.968  1205  1205 E libpersona: Couldn't open the File - /data/system/users/0/personalist.xml - No such file or directory
10-22 12:55:51.970  3957  9774 I ActivityManager: Start proc 1205:flipboard.boxer.app/u0a105 for content provider flipboard.boxer.app/flipboard.boxer.remote.ConfigurationProvider
10-22 12:55:51.970  1205  1205 W SELinux : SELinux selinux_android_compute_policy_index : Policy Index[2],  Con:u:r:zygote:s0 RAM:SEPF_SM-J720F_8.0.0_0002, [-1 -1 -1 -1 0 1]
10-22 12:55:51.970  3957  7899 I ActivityManager: DSS on for com.samsung.android.rubin.app and scale is 1.0
10-22 12:55:51.970  1205  1205 I SELinux : SELinux: seapp_context_lookup: seinfo=untrusted, level=s0:c512,c768, pkgname=flipboard.boxer.app 
10-22 12:55:51.973   610   900 I BatteryMgr:DataCollectionService: stats => 1697972151973,-33,4310,-68,0,100
10-22 12:55:51.982  1165  1196 D SamsungAnalytics:110038: newThread on Executor
10-22 12:55:51.983  1165  1196 D SamsungAnalytics:110038: [Tracker] Tracker start:1.10.038
10-22 12:55:52.000  1205  1205 D TimaKeyStoreProvider: TimaKeyStore is not enabled: cannot add TimaSignature Service and generateKeyPair Service
10-22 12:55:52.000  1205  1205 D ActivityThread: Added TimaKeyStore provider
10-22 12:55:52.005  3957  7899 I ActivityManager: DSS on for flipboard.boxer.app and scale is 1.0
10-22 12:55:52.017  1165  1196 D SamsungAnalytics:110038: [DLCBinder] send register Request
10-22 12:55:52.017  1165  1196 D SamsungAnalytics:110038: [DLCBinder] already send register request
10-22 12:55:52.026  1165  1196 I chatty  : uid=10007(u0_a7) pool-1-thread-1 identical 23 lines
10-22 12:55:52.026  1165  1196 D SamsungAnalytics:110038: [DLCBinder] already send register request
10-22 12:55:52.026  1165  1196 D SamsungAnalytics:110038: [QueueManager] queue size over. remove oldest log
10-22 12:55:52.027  1165  1196 D SamsungAnalytics:110038: [DLCBinder] already send register request
10-22 12:55:52.027  1165  1196 D SamsungAnalytics:110038: [QueueManager] queue size over. remove oldest log
10-22 12:55:52.027  1165  1196 D SamsungAnalytics:110038: [DLCBinder] already send register request
10-22 12:55:52.031  1165  1196 D SamsungAnalytics:110038: [QueueManager] queue size over. remove oldest log
10-22 12:55:52.031  1165  1196 D SamsungAnalytics:110038: [DLCBinder] already send register request
10-22 12:55:52.042  1165  1196 D SamsungAnalytics:110038: [QueueManager] queue size over. remove oldest log
10-22 12:55:52.042  1165  1196 D SamsungAnalytics:110038: [DLCBinder] already send register request
10-22 12:55:52.043  1165  1196 D SamsungAnalytics:110038: [QueueManager] queue size over. remove oldest log
10-22 12:55:52.043  1165  1196 D SamsungAnalytics:110038: [DLCBinder] already send register request
10-22 12:55:52.043  1165  1196 D SamsungAnalytics:110038: [QueueManager] queue size over. remove oldest log
10-22 12:55:52.043  1165  1196 D SamsungAnalytics:110038: [DLCBinder] already send register request
10-22 12:55:52.045  1165  1196 D SamsungAnalytics:110038: [QueueManager] queue size over. remove oldest log
10-22 12:55:52.045  1165  1196 D SamsungAnalytics:110038: [DLCBinder] already send register request
10-22 12:55:52.046  1165  1196 D SamsungAnalytics:110038: [QueueManager] queue size over. remove oldest log
10-22 12:55:52.046  1165  1196 D SamsungAnalytics:110038: [DLCBinder] already send register request
10-22 12:55:52.050  1205  1205 I zygote64: no shared libraies, dex_files: 1
10-22 12:55:52.054  1165  1196 D SamsungAnalytics:110038: [QueueManager] queue size over. remove oldest log
10-22 12:55:52.054  1165  1196 D SamsungAnalytics:110038: [DLCBinder] already send register request
10-22 12:55:52.054  1165  1196 D SamsungAnalytics:110038: [QueueManager] queue size over. remove oldest log
10-22 12:55:52.054  1165  1196 D SamsungAnalytics:110038: [DLCBinder] already send register request
10-22 12:55:52.055  1165  1196 D SamsungAnalytics:110038: [QueueManager] queue size over. remove oldest log
10-22 12:55:52.055  1165  1196 D SamsungAnalytics:110038: [DLCBinder] already send register request
10-22 12:55:52.055  1165  1196 D SamsungAnalytics:110038: [QueueManager] queue size over. remove oldest log
10-22 12:55:52.055  1165  1196 D SamsungAnalytics:110038: [DLCBinder] already send register request
10-22 12:55:52.055  1165  1196 D SamsungAnalytics:110038: [QueueManager] queue size over. remove oldest log
10-22 12:55:52.055  1165  1196 D SamsungAnalytics:110038: [DLCBinder] already send register request
10-22 12:55:52.055  1165  1196 D SamsungAnalytics:110038: [QueueManager] queue size over. remove oldest log
10-22 12:55:52.055  1165  1196 D SamsungAnalytics:110038: [DLCBinder] already send register request
10-22 12:55:52.061  1189  1189 I zygote64: no shared libraies, dex_files: 1
10-22 12:55:52.080   610   900 I BatteryMgr:DataCollectionService: stats => 1697972152080,-33,4310,-68,0,100
10-22 12:55:52.098  1165  1165 D SamsungAnalytics:110038: [DLC Sender] register DLC result:RESULT_SUCCESS
10-22 12:55:52.103  1165  1165 D SamsungAnalytics:110038: [DLCBinder] bind
10-22 12:55:52.103  1165  1165 D SamsungAnalytics:110038: [DLC Sender] DLC Client ServiceConnected
10-22 12:55:52.134  1165  1220 D SamsungAnalytics:110038: [DLC Sender] send result fail : -3
10-22 12:55:52.158  1165  1220 D SamsungAnalytics:110038: [DLC Sender] send result fail : -3
10-22 12:55:52.158  3957  4650 W StorageManager: getStorageLowBytes lowPercent : 5, lowBytes : 1260145254, maxLowBytes : 524288000
10-22 12:55:52.160  3957  4650 W StorageManager: getStorageLowBytes lowPercent : 5, lowBytes : 1260145254, maxLowBytes : 524288000
10-22 12:55:52.176  1205  1205 I MultiDex: VM with version 2.1.0 has multidex support
10-22 12:55:52.176  1205  1205 I MultiDex: Installing application
10-22 12:55:52.176  1205  1205 I MultiDex: VM has multidex support, MultiDex support library is disabled.
10-22 12:55:52.186  1165  1220 D SamsungAnalytics:110038: [DLC Sender] send result fail : -3
10-22 12:55:52.188   610   900 I BatteryMgr:DataCollectionService: stats => 1697972152188,-33,4310,-68,0,100
10-22 12:55:52.206  1165  1220 D SamsungAnalytics:110038: [DLC Sender] send result fail : -3
10-22 12:55:52.208  3957  4128 D WifiService: getConnectionInfo uid=1000
10-22 12:55:52.217  1189  1189 D BixbyApi_0.2.7: isBixbySupported:false
10-22 12:55:52.225  1189  1189 I Rubin   : [2] RubinManager.enableRubinService(RubinManager.java:104) : Enabling Rubin :: FLAG - needNewId : false, needChangeStatus : false
10-22 12:55:52.231  1165  1220 D SamsungAnalytics:110038: [DLC Sender] send result fail : -3
10-22 12:55:52.232  1189  1189 I Rubin   : [2] SAccountManager.addJob(SAccountManager.java:59) : type = type_auth
10-22 12:55:52.233  1189  1189 D Rubin   : [2] SAccountManager.addJob(SAccountManager.java:79) : Run job.
10-22 12:55:52.240  1189  1189 I Rubin   : [2] AuthManager.requestAccessToken(AuthManager.java:87) : requestAccessToken(): false
10-22 12:55:52.241  1189  1189 E Rubin   : [2] AuthManager.requestAccessToken(AuthManager.java:99) : Account is not signed-in
10-22 12:55:52.241  1189  1189 I Rubin   : [2] SAccountManager.finishJob(SAccountManager.java:89) : finish
10-22 12:55:52.241  1189  1189 D Rubin   : [2] SAccountManager.finishJob(SAccountManager.java:91) : job queue is empty, so stop running.
10-22 12:55:52.243  1189  1218 I AccessController: isEnabledPackage - com.samsung.android.app.spage is enalbed false
10-22 12:55:52.252  1189  1218 D Rubin   : [19800] PolicyUtil.getRubinRequiredVersion(PolicyUtil.java:174) : Get rubin required version
10-22 12:55:52.253  1165  1220 D SamsungAnalytics:110038: [DLC Sender] send result fail : -3
10-22 12:55:52.268  1189  1218 I AccessController: isEnabledPackage - com.samsung.android.bixby.agent is enalbed false
10-22 12:55:52.269  1189  1218 D Rubin   : [19800] PolicyUtil.getRubinRequiredVersion(PolicyUtil.java:174) : Get rubin required version
10-22 12:55:52.274  1165  1220 D SamsungAnalytics:110038: [DLC Sender] send result fail : -3
10-22 12:55:52.294  1205  1205 W c.d.b.a.d.f.Ea: Application name is not set. Call Builder#setApplicationName.
10-22 12:55:52.296  1165  1220 D SamsungAnalytics:110038: [DLC Sender] send result fail : -3
10-22 12:55:52.302  3957 14904 I zygote64: IncrementDisableThreadFlip blocked for 12.909ms
10-22 12:55:52.304  1205  1241 W c.d.b.a.d.f.Ea: Application name is not set. Call Builder#setApplicationName.
10-22 12:55:52.307   610   900 I BatteryMgr:DataCollectionService: stats => 1697972152307,-33,4310,-68,0,100
10-22 12:55:52.316  1205  1205 D isEnabled: No perf enable meta data found in manifest.
10-22 12:55:52.323  1205  1205 D FirebaseApp: com.google.firebase.auth.FirebaseAuth is not linked. Skipping initialization.
10-22 12:55:52.325  1205  1205 D FirebaseApp: com.google.firebase.crash.FirebaseCrash is not linked. Skipping initialization.
10-22 12:55:52.329  1205  1205 I FirebaseInitProvider: FirebaseApp initialization successful
10-22 12:55:52.340  1165  1220 D SamsungAnalytics:110038: [DLC Sender] send result fail : -3
10-22 12:55:52.368  1165  1220 I chatty  : uid=10007(u0_a7) Thread-9 identical 1 line
10-22 12:55:52.402  1165  1220 D SamsungAnalytics:110038: [DLC Sender] send result fail : -3
10-22 12:55:52.415   610   900 I BatteryMgr:DataCollectionService: stats => 1697972152415,-33,4310,-68,0,100
10-22 12:55:52.427  1205  1205 I CrashlyticsCore: Initializing Crashlytics 2.6.8.32
10-22 12:55:52.439  1165  1220 D SamsungAnalytics:110038: [DLC Sender] send result fail : -3
10-22 12:55:52.456  1205  1205 I CrashlyticsInitProvider: CrashlyticsInitProvider initialization successful
10-22 12:55:52.467  1205  1205 W c.d.b.a.d.f.Ea: Application name is not set. Call Builder#setApplicationName.
10-22 12:55:52.478  1165  1220 D SamsungAnalytics:110038: [DLC Sender] send result fail : -3
10-22 12:55:52.505  1165  1220 D SamsungAnalytics:110038: [DLC Sender] send result fail : -3
10-22 12:55:52.510  1205  1252 D NetworkSecurityConfig: Using Network Security Config from resource network_security_config debugBuild: false
10-22 12:55:52.524   610   900 I BatteryMgr:DataCollectionService: stats => 1697972152523,-33,4310,-68,0,100
10-22 12:55:52.532  1165  1220 D SamsungAnalytics:110038: [DLC Sender] send result fail : -3
10-22 12:55:52.541  1205  1205 W c.d.b.a.d.f.Ea: Application name is not set. Call Builder#setApplicationName.
10-22 12:55:52.543  1205  1205 W c.d.b.a.d.f.Ea: Application name is not set. Call Builder#setApplicationName.
10-22 12:55:52.560  1205  1252 I System.out: (HTTPLog)-Static: isSBSettingEnabled false
10-22 12:55:52.561  1205  1252 I System.out: (HTTPLog)-Static: isSBSettingEnabled false
