10-22 12:48:34.389   355   355 D SemCscFeature: Encoded
10-22 12:48:34.395   355   355 I chatty  : uid=2000(shell) identical 2 lines
10-22 12:48:34.397   355   355 D SemCscFeature: Encoded
10-22 12:48:34.399   355   355 E SemAffinityControl: SemAffinityControl: registerfunction enter
10-22 12:48:34.413   355   355 D AndroidRuntime: Calling main entry com.android.commands.monkey.Monkey
10-22 12:48:34.489   321   367 D ProfileInstaller: Installing profile for com.example.batterymanager_utility
10-22 12:48:34.502   321   326 I zygote64: Do partial code cache collection, code=30KB, data=25KB
10-22 12:48:34.503   321   326 I zygote64: After code cache collection, code=30KB, data=25KB
10-22 12:48:34.503   321   326 I zygote64: Increasing code cache capacity to 128KB
10-22 12:48:34.557  3957  3972 W BroadcastQueue: Skipping deliver [background] BroadcastRecord{b6a8624 u-1 android.net.conn.CONNECTIVITY_CHANGE} to ReceiverList{512458d 355 (unknown name)/2000/u-1 remote:c041b6}: process gone or crashing
10-22 12:48:34.622  3957  8324 I ActivityManager: START u0 {act=android.intent.action.MAIN typ=null flg=0x10200000 cmp=ComponentInfo{org.mozilla.fenix/org.mozilla.fenix.App}} from uid 2000
10-22 12:48:34.635  3957  8324 W Binder  : Outgoing transactions from this process must be FLAG_ONEWAY
10-22 12:48:34.635  3957  8324 W Binder  : java.lang.Throwable
10-22 12:48:34.635  3957  8324 W Binder  : 	at android.os.BinderProxy.transact(Binder.java:744)
10-22 12:48:34.635  3957  8324 W Binder  : 	at android.app.IActivityController$Stub$Proxy.activityStarting(IActivityController.java:172)
10-22 12:48:34.635  3957  8324 W Binder  : 	at com.android.server.am.ActivityStarter.startActivity(ActivityStarter.java:648)
10-22 12:48:34.635  3957  8324 W Binder  : 	at com.android.server.am.ActivityStarter.startActivityLocked(ActivityStarter.java:410)
10-22 12:48:34.635  3957  8324 W Binder  : 	at com.android.server.am.ActivityStarter.startActivityMayWait(ActivityStarter.java:1283)
10-22 12:48:34.635  3957  8324 W Binder  : 	at com.android.server.am.ActivityManagerService.startActivityAsUser(ActivityManagerService.java:6033)
10-22 12:48:34.635  3957  8324 W Binder  : 	at com.android.server.am.ActivityManagerService.startActivity(ActivityManagerService.java:5885)
10-22 12:48:34.635  3957  8324 W Binder  : 	at android.app.IActivityManager$Stub.onTransact(IActivityManager.java:121)
10-22 12:48:34.635  3957  8324 W Binder  : 	at com.android.server.am.ActivityManagerService.onTransact(ActivityManagerService.java:3861)
10-22 12:48:34.635  3957  8324 W Binder  : 	at android.os.Binder.execTransact(Binder.java:682)
10-22 12:48:34.640  3957  8324 D CustomFrequencyManagerService: acquireDVFSLockLocked : type : DVFS_MIN_LIMIT  frequency : 1560000  uid : 1000  pid : 3957  pkgName : AMS_APP_SWITCH@CPU_MIN@52
10-22 12:48:34.643  3957  8324 D ActivityManagerPerformance: AMP_acquire() APP_SWITCH
10-22 12:48:34.643  3957  5022 D ActivityManagerPerformance: Received MSG_CFMS_HINT_AMS_SWITCH pkgName: org.mozilla.fenix
10-22 12:48:34.647  3957  6478 D WifiService: getConnectionInfo uid=1000
10-22 12:48:34.652  3957  4025 V WindowManager: Relayout Window{46aad89 u0 SnapshotStartingWindow for taskId=498}: viewVisibility=0 req=-1x-1 WM.LayoutParams{(0,0)(fillxfill) ty=3 fl=#80010118 pfl=0x20000 fmt=1 wanim=0x7f1404fa sysui=0x2610 vsysui=0x600 colorMode=0 naviIconColor=0}
10-22 12:48:34.655  3447  3447 I SurfaceFlinger: id=2897 createSurf (720x1280),1 flag=4, SnapshotStartingWindow for taskId=498#0
10-22 12:48:34.658  3957  4025 V Surface : sf_framedrop debug : 0x4f4c, game : false, logging : 0
10-22 12:48:34.662  3957  4651 D ActivityManager: isScaleDownAnimationEnabled() : false
10-22 12:48:34.663  3957  4651 D PersonaManagerService: Current focused persona service handled id set to : 0
10-22 12:48:34.663  3957  8324 V WindowManager: rotationForOrientationLw(orient=-1, last=0); user=0  sensorRotation=-1 mLidState=-1 mDockMode=0 mHdmiPlugged=false
10-22 12:48:34.664  3957  4651 D InputDispatcher: Focused application set to: xxxx
10-22 12:48:34.665  3957  4651 D InputDispatcher: Focus left window: 321
10-22 12:48:34.666  3957  8324 V WindowManager: rotationForOrientationLw(orient=-1, last=0); user=0  sensorRotation=-1 mLidState=-1 mDockMode=0 mHdmiPlugged=false
10-22 12:48:34.667  3957  4025 V WindowManager: finishDrawingLocked: mDrawState=COMMIT_DRAW_PENDING Window{46aad89 u0 SnapshotStartingWindow for taskId=498} in Surface(name=SnapshotStartingWindow for taskId=498)
10-22 12:48:34.673  3957  4651 V WindowManager: rotationForOrientationLw(orient=2, last=0); user=0  sensorRotation=-1 mLidState=-1 mDockMode=0 mHdmiPlugged=false
10-22 12:48:34.675  3957  4651 D MARsPolicyManager: onPackageResumedFG pkgName = org.mozilla.fenix, userId = 0
10-22 12:48:34.675  3957  4220 D GameManagerService: handleForegroundChange(). pkgName: org.mozilla.fenix, clsName: org.mozilla.fenix.HomeActivity,FgActivityName:org.mozilla.fenix/.HomeActivity
10-22 12:48:34.676  3957  4220 D GameManagerService: sem_perfomance_mode: 3
10-22 12:48:34.676  3957  4220 D GameManagerService: notifyResumePause(). pkg: org.mozilla.fenix, type: 4, isMinimized: false, isTunableApp: false
10-22 12:48:34.676  3957  4220 D GameManagerService:   notifyResumePause(). unexpected mPrevNotiType: -1
10-22 12:48:34.679  3957  4651 W ResourceType: Invalid package identifier when getting bag for resource number 0x7f1404fa
10-22 12:48:34.700  3447  3447 V Surface : sf_framedrop debug : 0x4f4c, game : false, logging : 0
10-22 12:48:34.714  3957  4651 D TaskSnapshotCache: putSnapshot mTaskId=499 RunningCache size=2
10-22 12:48:34.719   321   321 D ViewRootImpl@4470b6[MainActivity]: MSG_WINDOW_FOCUS_CHANGED 0
10-22 12:48:34.720  3957 14957 V WindowManager: Relayout Window{474fd55 u0 org.mozilla.fenix/org.mozilla.fenix.App}: viewVisibility=4 req=720x1280 WM.LayoutParams{(0,0)(fillxfill) sim=#10 ty=1 fl=#81010100 pfl=0x20000 fmt=-3 wanim=0x7f1404fa vsysui=0x2610 needsMenuKey=2 colorMode=0 naviIconColor=0}
10-22 12:48:34.723  3957  6478 D GamePkgDataHelper: getGamePkgDataIncServer(). org.mozilla.fenix
10-22 12:48:34.724  3957  6478 D GameManagerService: identifyGamePackage. org.mozilla.fenix
10-22 12:48:34.724  3957  6478 D GamePkgDataHelper: getGamePkgData(). org.mozilla.fenix
10-22 12:48:34.725 27744 27744 D ViewRootImpl@364705b[App]: Relayout returned: old=[0,0][720,1280] new=[0,0][720,1280] result=0x1 surface={valid=false 0} changed=false
10-22 12:48:34.726  3957  6478 D GameManagerService: identifyGamePackage. org.mozilla.fenix
10-22 12:48:34.726  3957  6478 D GamePkgDataHelper: getGamePkgData(). org.mozilla.fenix
10-22 12:48:34.726  3957  6478 D GamePkgDataHelper: getSosPolicy(). org.mozilla.fenix
10-22 12:48:34.728  3957  6478 D GameManagerService: identifyGamePackage. org.mozilla.fenix
10-22 12:48:34.728  3957  6478 D GamePkgDataHelper: getGamePkgData(). org.mozilla.fenix
10-22 12:48:34.729  3957  6478 D GameManagerService: identifyGamePackage. org.mozilla.fenix
10-22 12:48:34.729  3957  6478 D GamePkgDataHelper: getGamePkgData(). org.mozilla.fenix
10-22 12:48:34.730  3957  3973 V WindowManager: rotationForOrientationLw(orient=2, last=0); user=0  sensorRotation=-1 mLidState=-1 mDockMode=0 mHdmiPlugged=false
10-22 12:48:34.734  3957  4324 I OpenGLRenderer: Initialized EGL, version 1.4
10-22 12:48:34.734  3957  4324 D OpenGLRenderer: Swap behavior 2
10-22 12:48:34.736   321   338 D OpenGLRenderer: eglDestroySurface = 0x74d46cc980
10-22 12:48:34.737  3957  8324 V WindowManager: Relayout Window{42074de u0 com.example.batterymanager_utility/com.example.batterymanager_utility.MainActivity}: viewVisibility=8 req=720x1280 WM.LayoutParams{(0,0)(fillxfill) sim=#120 ty=1 fl=#81810100 pfl=0x20000 wanim=0x10302fd vsysui=0x600 needsMenuKey=2 colorMode=0 naviIconColor=0}
10-22 12:48:34.738  3447  3447 I SurfaceFlinger: Display 0 HWC layers:
10-22 12:48:34.738  3447  3447 I SurfaceFlinger:     type    |    handle    | flag |  format   |   source crop (l,t,r,b)    |         frame       | name 
10-22 12:48:34.738  3447  3447 I SurfaceFlinger: ------------+--------------+------+-----------+----------------------------+---------------------+------
10-22 12:48:34.738  3447  3447 I SurfaceFlinger:      Device | 0x7e9ed391c0 | 0000 | RGBA_8888 |   0.0    0.0  720.0 1280.0 |    0    0  720 1280 | SnapshotStartingWindow for taskId=498#0
10-22 12:48:34.738  3447  3447 I SurfaceFlinger:      Device | 0x7ea5024180 | 0000 | RGBA_8888 |   0.0    0.0  720.0   42.0 |    0    0  720   42 | StatusBar#0
10-22 12:48:34.738  3447  3447 I SurfaceFlinger: 
10-22 12:48:34.749  4340  4731 D Tile.RotationLockTile:  handleUpdateState: true orientation = true
10-22 12:48:34.751  3957  8324 I WindowManager: Destroying surface Surface(name=com.example.batterymanager_utility/com.example.batterymanager_utility.MainActivity) called by com.android.server.wm.WindowStateAnimator.destroySurface:2501 com.android.server.wm.WindowStateAnimator.destroySurfaceLocked:985 com.android.server.wm.WindowState.destroyOrSaveSurfaceUnchecked:3670 com.android.server.wm.WindowState.destroySurface:3618 com.android.server.wm.WindowManagerService.tryStartExitingAnimation:2677 com.android.server.wm.WindowManagerService.relayoutWindow:2461 com.android.server.wm.Session.relayout:253 android.view.IWindowSession$Stub.onTransact:288 
10-22 12:48:34.751  3447 18688 I SurfaceFlinger: id=2896 Removed com.example.batterymanager_utility/com.example.batterymanager_utility.MainActivity#0 (1/5)
10-22 12:48:34.752  3447 18688 I SurfaceFlinger: id=2896 Removed com.example.batterymanager_utility/com.example.batterymanager_utility.MainActivity#0 (-2/5)
10-22 12:48:34.754   355   355 I com.android.commands.monkey: System.exit called, status: 0
10-22 12:48:34.754   355   355 I AndroidRuntime: VM exiting with result code 0.
10-22 12:48:34.756  4340  4731 D Tile.RotationLockTile:  handleUpdateState: true orientation = true
10-22 12:48:34.757  3957  3973 V WindowManager: rotationForOrientationLw(orient=2, last=0); user=0  sensorRotation=-1 mLidState=-1 mDockMode=0 mHdmiPlugged=false
10-22 12:48:34.760   321   321 D ViewRootImpl@4470b6[MainActivity]: Relayout returned: old=[0,0][720,1280] new=[0,0][720,1280] result=0x5 surface={valid=false 0} changed=true
10-22 12:48:34.760  3957  3973 D WindowManager: set systemUiVisibility : systemUiFlags= 0x2618 fullscreenStackSysUiFlags= 0x2000
10-22 12:48:34.761  3957  8324 D WindowManager: adjustSystemUiVisibilityLw : vis= 0x2618
10-22 12:48:34.765  3447  3447 I Layer   : id=2896 onRemoved com.example.batterymanager_utility/com.example.batterymanager_utility.MainActivity#0 
10-22 12:48:34.787  4340 29993 D SystemServicesProxy: updateOverviewLastStackActiveTimeAsync: newTime=1697971714647
10-22 12:48:34.788  3957 14957 D SecContentProvider: query(), uri = 17 selection = isSettingsChangesAllowed
10-22 12:48:34.789  3957 14957 D SecContentProvider: called from android.uid.systemui:10009
10-22 12:48:34.790  4340  4692 D SystemServicesProxy: updateOverviewLastStackActiveTimeAsync: done.
10-22 12:48:34.811  3957 14957 D PackageManager: getComponentMetadataForIconTray : com.example.batterymanager_utility.MainActivity does not exist in mServices
10-22 12:48:34.811  3957 14957 D PackageManager: getComponentMetadataForIconTray : com.example.batterymanager_utility.MainActivity does not exist in mProviders
10-22 12:48:34.811  3957 14957 D PackageManager: getComponentMetadataForIconTray : com.example.batterymanager_utility.MainActivity does not exist in mReceivers
10-22 12:48:34.812  4340 29993 D ApplicationPackageManager: updateItemMetaDataForFixedIconScale: package: com.example.batterymanager_utility
10-22 12:48:34.813  3957 14957 D PackageManager: getSelectedMetaData : packageName(com.example.batterymanager_utility) or Metadata strings {[Ljava.lang.String;@cc79945}
10-22 12:48:34.820  4340 29993 I ApplicationPackageManager: load=com.example.batterymanager_utility, bg=144-144, dr=189-189, forDefault=true, density=0
10-22 12:48:34.825  4340 29993 I ApplicationPackageManager: scaled rate=0.72, size=189, alpha=54, hold=102
10-22 12:48:34.825  4340 29993 D ApplicationPackageManager: iconScale: getScale(): 0.72 getAlpha(): 54
10-22 12:48:34.831  4340 29993 I ApplicationPackageManager: load=com.example.batterymanager_utility-contain, bg=112-112, dr=189-189
10-22 12:48:34.855  3957  4089 D MdnieScenarioControlService:  packageName : org.mozilla.fenix    className : org.mozilla.fenix.App
10-22 12:48:34.855  3957  4089 V MdnieScenarioControlService: setUIMode from UI function(3)
10-22 12:48:34.915 27744 27744 I WebExtension: releasePendingMessages: extension=fxa@mozac.org nativeApp=mozacWebchannelBackground session=null
10-22 12:48:34.916 27744 27744 I WebExtension: releasePendingMessages: extension=readerview@mozac.org nativeApp=mozacReaderviewActive session=org.mozilla.geckoview.GeckoSession@9c1dc10
10-22 12:48:34.916 27744 27744 I WebExtension: releasePendingMessages: extension=readerview@mozac.org nativeApp=mozacReaderview session=org.mozilla.geckoview.GeckoSession@9c1dc10
10-22 12:48:34.924  3957  4129 D WifiStateMachine:  ConnectedState !RSSI_PKTCNT_FETCH uid=1000 rt=578121509/1634096982 0 0 "ourhome" f4:6d:2f:12:cc:88 rssi=-41 f=5240 sc=60 link=433 tx=6.1, 0.0, 0.0  rx=25.1 bcn=367525 [on:0 tx:0 rx:0 period:997] from screen [on:41366 period:189404] score=60
10-22 12:48:34.925  3957  4129 D WifiStateMachine:  L2ConnectedState !RSSI_PKTCNT_FETCH uid=1000 rt=578121510/1634096982 0 0 "ourhome" f4:6d:2f:12:cc:88 rssi=-41 f=5240 sc=60 link=433 tx=6.1, 0.0, 0.0  rx=25.1 bcn=367525 [on:0 tx:0 rx:0 period:0] from screen [on:41366 period:189404] score=60
10-22 12:48:34.930  3957  4129 D WifiStateMachine: fetchRssiLinkSpeedAndFrequencyNative rssi=-41 linkspeed=433 freq=5240
10-22 12:48:34.930  3957  4129 V WifiConfigManager: Updating scan detail cache freq=5240 BSSID=f4:6d:2f:12:cc:88 RSSI=-40 for "ourhome"WPA_PSK
10-22 12:48:34.937 27744 27793 I libglean_ffi: glean_core::ping: Collecting baseline
10-22 12:48:34.948  3957 14957 D ConnectivityService: filterNetworkStateForUid() uid: 10169 networkInfo: [type: WIFI[] - WIFI, state: CONNECTED/CONNECTED, reason: (unspecified), extra: "ourhome", failover: false, available: true, roaming: false, metered: false]
10-22 12:48:34.948  3957 14957 D WifiService: getConnectionInfo uid=1000
10-22 12:48:34.951 27744 32640 I System.out: (HTTPLog)-Static: isSBSettingEnabled false
10-22 12:48:34.951 27744 32640 I System.out: (HTTPLog)-Static: isSBSettingEnabled false
10-22 12:48:34.958  3599  3918 D DnsProxyListener: DNSDBG::dns addrinfo af 0
10-22 12:48:34.975 27744 27793 I libglean_ffi: glean_core::upload::directory: Processing ping at: /data/user/0/org.mozilla.fenix/glean_data/pending_pings/3e0fe754-7a90-4025-b678-861eff00dcec
10-22 12:48:34.976 27744 27793 I libglean_ffi: glean_core::metrics::ping: The ping 'baseline' was submitted and will be sent as soon as possible
10-22 12:48:35.027 27744 32469 I StartupTypeTelemetry: Recorded start up: hot_main
10-22 12:48:35.029  3957  4128 D WifiService: getConnectionInfo uid=1000
10-22 12:48:35.029  3957 14957 D PackageManager: setEnabledSetting : userId = 0 packageName = org.mozilla.fenix cmp = androidx.work.impl.background.systemalarm.RescheduleReceiver newState = 1 callingPackage = 10169/org.mozilla.fenix
10-22 12:48:35.035  3957  4651 D ActivityManager: post active user change for 0 fullscreen true isHomeActivity() false
10-22 12:48:35.063  3957 14957 V WindowManager: Relayout Window{474fd55 u0 org.mozilla.fenix/org.mozilla.fenix.App}: viewVisibility=0 req=720x1280 WM.LayoutParams{(0,0)(fillxfill) sim=#110 ty=1 fl=#81010100 pfl=0x20000 fmt=-3 wanim=0x7f1404fa vsysui=0x2610 needsMenuKey=2 colorMode=0 naviIconColor=0}
10-22 12:48:35.064  3447  3447 I SurfaceFlinger: id=2898 createSurf (720x1280),1 flag=4, org.mozilla.fenix/org.mozilla.fenix.App#0
10-22 12:48:35.066  3957 14957 V Surface : sf_framedrop debug : 0x4f4c, game : false, logging : 0
10-22 12:48:35.072  3957 14957 D InputDispatcher: Focus entered window: 27744
10-22 12:48:35.072  3957  4651 D ConnectivityService: filterNetworkStateForUid() uid: 10169 networkInfo: [type: WIFI[] - WIFI, state: CONNECTED/CONNECTED, reason: (unspecified), extra: "ourhome", failover: false, available: true, roaming: false, metered: false]
10-22 12:48:35.072  3957  4651 D WifiService: getConnectionInfo uid=1000
10-22 12:48:35.075 27744 27744 V Surface : sf_framedrop debug : 0x4f4c, game : false, logging : 0
10-22 12:48:35.076 27744 27744 D ViewRootImpl@364705b[App]: Relayout returned: old=[0,0][720,1280] new=[0,0][720,1280] result=0x7 surface={valid=true 499141320704} changed=true
10-22 12:48:35.078 27744 32485 D mali_winsys: EGLint new_window_surface(egl_winsys_display *, void *, EGLSurface, EGLConfig, egl_winsys_surface **, egl_color_buffer_format *, EGLBoolean) returns 0x3000,  [720x1280]-format:1
10-22 12:48:35.078 27744 32485 D OpenGLRenderer: eglCreateWindowSurface = 0x7437b56e40
10-22 12:48:35.085  3447  3447 I SurfaceFlinger: id=2899 createSurf (720x1238),1 flag=4, SurfaceView - org.mozilla.fenix/org.mozilla.fenix.App@25a4b6f@1#0
10-22 12:48:35.087  3447  3447 I SurfaceFlinger: id=2900 createSurf (720x1238),-1 flag=20004, Background for - SurfaceView - org.mozilla.fenix/org.mozilla.fenix.App@25a4b6f@1#0
10-22 12:48:35.088  3957  4651 D ConnectivityService: filterNetworkStateForUid() uid: 10169 networkInfo: [type: WIFI[] - WIFI, state: CONNECTED/CONNECTED, reason: (unspecified), extra: "ourhome", failover: false, available: true, roaming: false, metered: false]
10-22 12:48:35.088  3957  4651 D WifiService: getConnectionInfo uid=1000
10-22 12:48:35.088 27744 27744 D SurfaceView: BG hide() Surface(name=Background for - SurfaceView - org.mozilla.fenix/org.mozilla.fenix.App@25a4b6f@1) false true org.mozilla.gecko.MagnifiableSurfaceView{25a4b6f V.E...... ......ID 0,0-720,1238}
10-22 12:48:35.089 27744 27744 V Surface : sf_framedrop debug : 0x4f4c, game : false, logging : 0
10-22 12:48:35.089 27744 27744 D SurfaceView: surfaceCreated 1 org.mozilla.gecko.MagnifiableSurfaceView{25a4b6f V.E...... ......ID 0,0-720,1238}
10-22 12:48:35.089 27744 27744 D SurfaceView: surfaceChanged (720,1238) 1 org.mozilla.gecko.MagnifiableSurfaceView{25a4b6f V.E...... ......ID 0,0-720,1238}
10-22 12:48:35.094  3957 14957 D ConnectivityService: filterNetworkStateForUid() uid: 10169 networkInfo: [type: WIFI[] - WIFI, state: CONNECTED/CONNECTED, reason: (unspecified), extra: "ourhome", failover: false, available: true, roaming: false, metered: false]
10-22 12:48:35.095  3957 14957 D WifiService: getConnectionInfo uid=1000
10-22 12:48:35.095 27744 27899 D ConnectivityManager: requestNetwork; CallingUid : 10169, CallingPid : 27744
10-22 12:48:35.103  3957 14957 D ConnectivityService: requestNetwork for uid/pid:10169/27744 NetworkRequest [ TRACK_DEFAULT id=1961, [ Capabilities: INTERNET&NOT_RESTRICTED&TRUSTED&NOT_VPN] ]
10-22 12:48:35.106  3957 14957 D ConnectivityService: filterNetworkStateForUid() uid: 10169 networkInfo: [type: WIFI[] - WIFI, state: CONNECTED/CONNECTED, reason: (unspecified), extra: "ourhome", failover: false, available: true, roaming: false, metered: false]
10-22 12:48:35.106  3957 14957 D WifiService: getConnectionInfo uid=1000
10-22 12:48:35.107  3957 14957 I chatty  : uid=1000(system) Binder:3957_1E identical 1 line
10-22 12:48:35.107  3957 14957 I chatty  : uid=1000(system) Binder:3957_1E identical 1 line
10-22 12:48:35.108  3957 14957 D ConnectivityService: filterNetworkStateForUid() uid: 10169 networkInfo: [type: WIFI[] - WIFI, state: CONNECTED/CONNECTED, reason: (unspecified), extra: "ourhome", failover: false, available: true, roaming: false, metered: false]
10-22 12:48:35.108  3957 14957 D WifiService: getConnectionInfo uid=1000
10-22 12:48:35.110  3957  4157 D ConnectivityService: rematching NetworkAgentInfo [WIFI () - 509]
10-22 12:48:35.110  3957  4157 D ConnectivityService:  network has: [ Transports: WIFI Capabilities: NOT_METERED&INTERNET&NOT_RESTRICTED&TRUSTED&NOT_VPN&VALIDATED&FOREGROUND LinkUpBandwidth>=1048576Kbps LinkDnBandwidth>=1048576Kbps SignalStrength: -43]
10-22 12:48:35.110  3957  4157 D ConnectivityService: Network NetworkAgentInfo [WIFI () - 509] was already satisfying request 1959. No change.
10-22 12:48:35.110  3957  4157 D ConnectivityService:   checking if request is satisfied: NetworkRequest [ TRACK_DEFAULT id=1961, [ Capabilities: INTERNET&NOT_RESTRICTED&TRUSTED&NOT_VPN] ]
10-22 12:48:35.110  3957  4157 D ConnectivityService: currentScore = 0, newScore = 100
10-22 12:48:35.110  3957  4157 D ConnectivityService: rematch for NetworkAgentInfo [WIFI () - 509]
10-22 12:48:35.110  3957  4157 D ConnectivityService:    accepting network in place of null
10-22 12:48:35.110  3957  4157 D ConnectivityService: sending new Min Network Score(100): NetworkRequest [ TRACK_DEFAULT id=1961, [ Capabilities: INTERNET&NOT_RESTRICTED&TRUSTED&NOT_VPN] ]
10-22 12:48:35.111  3957  4313 D Ethernet: got request NetworkRequest [ TRACK_DEFAULT id=1961, [ Capabilities: INTERNET&NOT_RESTRICTED&TRUSTED&NOT_VPN] ] with score 100
10-22 12:48:35.111  3957  4313 D Ethernet:   my score=-1, my filter=[ Transports: ETHERNET Capabilities: INTERNET&NOT_RESTRICTED&TRUSTED&NOT_VPN LinkUpBandwidth>=100000Kbps LinkDnBandwidth>=100000Kbps]
10-22 12:48:35.111  3957  4313 D Ethernet: evalRequest
10-22 12:48:35.111  3957  4313 D Ethernet:   done
10-22 12:48:35.111  3957  4157 D ConnectivityService: MultiNetwork Request(TransportType - Wi-Fi request). Internet Capability doesn't required (false)
10-22 12:48:35.111  3957 14957 V WindowManager: Relayout Window{474fd55 u0 org.mozilla.fenix/org.mozilla.fenix.App}: viewVisibility=0 req=720x1280 WM.LayoutParams{(0,0)(fillxfill) sim=#110 ty=1 fl=#81010100 pfl=0x20000 fmt=-3 wanim=0x7f1404fa vsysui=0x2610 needsMenuKey=2 colorMode=0 naviIconColor=0}
10-22 12:48:35.111  3957  4157 D ConnectivityService: Network NetworkAgentInfo [WIFI () - 509] was already satisfying request 1950. No change.
10-22 12:48:35.111  3957  4157 D ConnectivityService: sending mNetworkRequests to WWSM through Network Monitor [ Transports: WIFI Capabilities: NOT_RESTRICTED&TRUSTED&NOT_VPN]
10-22 12:48:35.111  3957  4153 D WIFI_P2P: got request NetworkRequest [ TRACK_DEFAULT id=1961, [ Capabilities: INTERNET&NOT_RESTRICTED&TRUSTED&NOT_VPN] ] with score 100
10-22 12:48:35.111  3957  4157 D ConnectivityService: multi(falsetruefalse)
10-22 12:48:35.111  3957  4153 D WIFI_P2P:   my score=60, my filter=[ Transports: WIFI Capabilities: WIFI_P2P&NOT_RESTRICTED&TRUSTED&NOT_VPN LinkUpBandwidth>=1048576Kbps LinkDnBandwidth>=1048576Kbps]
10-22 12:48:35.111  3957  4157 D ConnectivityService: Network NetworkAgentInfo [WIFI () - 509] was already satisfying request 1865. No change.
10-22 12:48:35.111  3957  4153 D WIFI_P2P: evalRequest
10-22 12:48:35.111  3957  4157 D ConnectivityService: Network NetworkAgentInfo [WIFI () - 509] was already satisfying request 1. No change.
10-22 12:48:35.111  3957  4153 D WIFI_P2P:   done
10-22 12:48:35.111  3957  4157 D ConnectivityService: Network NetworkAgentInfo [WIFI () - 509] was already satisfying request 3. No change.
10-22 12:48:35.111  3957  4157 D ConnectivityService: Network NetworkAgentInfo [WIFI () - 509] was already satisfying request 1949. No change.
10-22 12:48:35.112  4616  4616 D PhoneSwitcherNetworkRequstListener: got request NetworkRequest [ TRACK_DEFAULT id=1961, [ Capabilities: INTERNET&NOT_RESTRICTED&TRUSTED&NOT_VPN] ] with score 100
10-22 12:48:35.112  3957  4129 D WIFI    : got request NetworkRequest [ TRACK_DEFAULT id=1961, [ Capabilities: INTERNET&NOT_RESTRICTED&TRUSTED&NOT_VPN] ] with score 100
10-22 12:48:35.112  3957  4129 D WIFI    :   my score=60, my filter=[ Transports: WIFI Capabilities: NOT_METERED&INTERNET&NOT_RESTRICTED&TRUSTED&NOT_VPN LinkUpBandwidth>=1048576Kbps LinkDnBandwidth>=1048576Kbps]
10-22 12:48:35.112  3957  4129 D WIFI    : evalRequest
10-22 12:48:35.112  3957  4129 D WIFI    :   done
10-22 12:48:35.112  3957  4129 D WIFI_UT : got request NetworkRequest [ TRACK_DEFAULT id=1961, [ Capabilities: INTERNET&NOT_RESTRICTED&TRUSTED&NOT_VPN] ] with score 100
10-22 12:48:35.112  3957  4129 D WIFI_UT :   my score=2147483647, my filter=[ Transports: WIFI Capabilities: NOT_METERED&INTERNET&NOT_RESTRICTED&TRUSTED&NOT_VPN LinkUpBandwidth>=1048576Kbps LinkDnBandwidth>=1048576Kbps]
10-22 12:48:35.112  3957  4129 D WIFI_UT : evalRequest
10-22 12:48:35.112  3957  4129 D WIFI_UT :   needNetworkFor
10-22 12:48:35.112  4616  4616 D PhoneSwitcherNetworkRequstListener:   my score=101, my filter=[ Transports: CELLULAR Capabilities: MMS&SUPL&DUN&FOTA&IMS&CBS&IA&RCS&XCAP&EIMS&INTERNET&NOT_RESTRICTED&TRUSTED&NOT_VPN&ENT1 Specifier: <android.net.MatchAllNetworkSpecifier@0>]
10-22 12:48:35.112  4616  4616 D PhoneSwitcherNetworkRequstListener: evalRequest
10-22 12:48:35.112  4616  4616 D PhoneSwitcherNetworkRequstListener:   needNetworkFor
10-22 12:48:35.115  3957 23685 D NetworkMonitor/NetworkAgentInfo [WIFI () - 509]: EvaluatingState{ when=-2ms what=151659 arg1=1 obj=Bundle[{UID=10025, requestID=1957}] target=com.android.internal.util.StateMachine$SmHandler }
10-22 12:48:35.116  3957 23685 D NetworkMonitor/NetworkAgentInfo [WIFI () - 509]: MaybeNotifyState{ when=-4ms what=151659 arg1=1 obj=Bundle[{UID=10025, requestID=1957}] target=com.android.internal.util.StateMachine$SmHandler }
10-22 12:48:35.116  3957 23685 D NetworkMonitor/NetworkAgentInfo [WIFI () - 509]: DefaultState{ when=-4ms what=151659 arg1=1 obj=Bundle[{UID=10025, requestID=1957}] target=com.android.internal.util.StateMachine$SmHandler }
10-22 12:48:35.116 27744 27744 D ViewRootImpl@364705b[App]: Relayout returned: old=[0,0][720,1280] new=[0,0][720,1280] result=0x3 surface={valid=true 499141320704} changed=false
10-22 12:48:35.119  3957  4157 D ConnectivityService: sending notification AVAILABLE for NetworkRequest [ TRACK_DEFAULT id=1961, [ Capabilities: INTERNET&NOT_RESTRICTED&TRUSTED&NOT_VPN] ]
10-22 12:48:35.120  3957  4157 D ConnectivityService: sending notification CAP_CHANGED for NetworkRequest [ TRACK_DEFAULT id=1961, [ Capabilities: INTERNET&NOT_RESTRICTED&TRUSTED&NOT_VPN] ]
10-22 12:48:35.120  3957  4157 D ConnectivityService: sending notification IP_CHANGED for NetworkRequest [ TRACK_DEFAULT id=1961, [ Capabilities: INTERNET&NOT_RESTRICTED&TRUSTED&NOT_VPN] ]
10-22 12:48:35.121  3957 14957 D ConnectivityService: filterNetworkStateForUid() uid: 10169 networkInfo: [type: WIFI[] - WIFI, state: CONNECTED/CONNECTED, reason: (unspecified), extra: "ourhome", failover: false, available: true, roaming: false, metered: false]
10-22 12:48:35.121  3957 14957 D WifiService: getConnectionInfo uid=1000
10-22 12:48:35.124  3957 14957 D ConnectivityService: filterNetworkStateForUid() uid: 10169 networkInfo: [type: WIFI[] - WIFI, state: CONNECTED/CONNECTED, reason: (unspecified), extra: "ourhome", failover: false, available: true, roaming: false, metered: false]
10-22 12:48:35.124  3957 14957 D WifiService: getConnectionInfo uid=1000
10-22 12:48:35.130  3599  3918 D DnsProxyListener: DNSDBG::dns addrinfo af 0
10-22 12:48:35.142  3957 14957 V WindowManager: finishDrawingLocked: mDrawState=COMMIT_DRAW_PENDING Window{474fd55 u0 org.mozilla.fenix/org.mozilla.fenix.App} in Surface(name=org.mozilla.fenix/org.mozilla.fenix.App)
10-22 12:48:35.144 27744 27744 D ViewRootImpl@364705b[App]: MSG_WINDOW_FOCUS_CHANGED 1
10-22 12:48:35.147  3957  4651 D ConnectivityService: filterNetworkStateForUid() uid: 10169 networkInfo: [type: WIFI[] - WIFI, state: CONNECTED/CONNECTED, reason: (unspecified), extra: "ourhome", failover: false, available: true, roaming: false, metered: false]
10-22 12:48:35.148  3957  4651 D WifiService: getConnectionInfo uid=1000
10-22 12:48:35.151  3957  3973 D WindowManager: set systemUiVisibility : systemUiFlags= 0x2618 fullscreenStackSysUiFlags= 0x0
10-22 12:48:35.155  3957  3981 D CustomFrequencyManagerService: acquireDVFSLockLocked : type : DVFS_MIN_LIMIT  frequency : 1560000  uid : 1000  pid : 3957  pkgName : AMS_RESUME_TAIL@CPU_MIN@58
10-22 12:48:35.155  3957  3973 D WindowManager: set systemUiVisibility : systemUiFlags= 0x2618 fullscreenStackSysUiFlags= 0x2000
10-22 12:48:35.156  3957  3981 D ActivityManagerPerformance: AMP_acquire() TAIL
10-22 12:48:35.156  3957  3981 D CustomFrequencyManagerService: releaseDVFSLockLocked : Getting Lock type frm List : DVFS_MIN_LIMIT  frequency : 1560000  uid : 1000  pid : 3957  tag : AMS_APP_SWITCH@CPU_MIN@52
10-22 12:48:35.156  3957  3981 D ActivityManagerPerformance: AMP_release() APP_SWITCH
10-22 12:48:35.157 27744 27744 V InputMethodManager: Starting input: tba=android.view.inputmethod.EditorInfo@f9f3aa0 nm : org.mozilla.fenix ic=null
10-22 12:48:35.157 27744 27744 I InputMethodManager: startInputInner - mService.startInputOrWindowGainedFocus
10-22 12:48:35.157 27744 27759 I zygote64: Background concurrent copying GC freed 12219(926KB) AllocSpace objects, 16(408KB) LOS objects, 49% free, 5MB/10MB, paused 3.947ms total 169.066ms
10-22 12:48:35.157  3957 14957 D InputMethodManagerService: startInputOrWindowGainedFocus : windowGainedFocus 
10-22 12:48:35.157  3957 14957 D InputMethodManagerService: windowGainedFocus: destinationUserId (getCallingUid) = 0
10-22 12:48:35.157  3957 14957 D InputMethodManagerService: windowGainedFocus: currentUserId=0
10-22 12:48:35.157  3957 14957 D InputMethodManagerService: windowGainedFocus: mCurrentFocusedUserId=0
10-22 12:48:35.158  3957 14957 D InputMethodManagerService: windowGainedFocus : lock - currentUserId = 0 destinationUserId = 0
10-22 12:48:35.158  3957 14957 D InputMethodManagerService: windowGainedFocus : mCurrentFocusedUserId - 0 and mSecureKeypadEnabled - false, userSwitched - false
10-22 12:48:35.158  3957 14957 V InputMethodManagerService: windowGainedFocus : reason=WINDOW_FOCUS_GAIN client=android.os.BinderProxy@6aacf3f inputContext=null missingMethods= attribute=android.view.inputmethod.EditorInfo@731609f nm = org.mozilla.fenix controlFlags=#105 softInputMode=#110 windowFlags=#81010100
10-22 12:48:35.158  3957 14957 V InputMethodManagerService: hideCurrentInputLocked : shouldHideSoftInput is false
10-22 12:48:35.159  3957 14957 D InputMethodManagerService: isImeSwitcherDisabledPackage : false
10-22 12:48:35.159  3957 14957 D InputMethodManagerService: setCurrentInputInfo - inputContext : null eidtorInfo : android.view.inputmethod.EditorInfo@731609f missingMethods : 0
10-22 12:48:35.160 14900 14900 I InputMethodWrapper:  call dispatchStartInputWithToken
10-22 12:48:35.160 14900 14900 I InputMethodService: dispatchStartInputWithToken
10-22 12:48:35.160 14900 14900 I SKBD    : SamsungKeypad [IMI] onStartInput - caller pid : 27744, caller uid : 10169
10-22 12:48:35.169  3447  3447 I SurfaceFlinger: Display 0 HWC layers:
10-22 12:48:35.169  3447  3447 I SurfaceFlinger:     type    |    handle    | flag |  format   |   source crop (l,t,r,b)    |         frame       | name 
10-22 12:48:35.169  3447  3447 I SurfaceFlinger: ------------+--------------+------+-----------+----------------------------+---------------------+------
10-22 12:48:35.169  3447  3447 I SurfaceFlinger:      Device | 0x7e9ec23940 | 0000 | RGBA_8888 |   0.0    0.0  720.0 1280.0 |    0    0  720 1280 | org.mozilla.fenix/org.mozilla.fenix.App#0
10-22 12:48:35.169  3447  3447 I SurfaceFlinger:      Device | 0x7e9ed391c0 | 0000 | RGBA_8888 |   0.0    0.0  720.0 1280.0 |    0    0  720 1280 | SnapshotStartingWindow for taskId=498#0
10-22 12:48:35.169  3447  3447 I SurfaceFlinger:      Device | 0x7e9ecdec80 | 0000 | RGBA_8888 |   0.0    0.0  720.0   42.0 |    0    0  720   42 | StatusBar#0
10-22 12:48:35.169  3447  3447 I SurfaceFlinger: 
10-22 12:48:35.170  3599  3918 D DnsProxyListener: DNSDBG::dns addrinfo af 0
10-22 12:48:35.196 31770 31782 V Surface : sf_framedrop debug : 0x4f4c, game : false, logging : 0
10-22 12:48:35.204 31770 31796 D mali_winsys: EGLint new_window_surface(egl_winsys_display *, void *, EGLSurface, EGLConfig, egl_winsys_surface **, egl_color_buffer_format *, EGLBoolean) returns 0x3000,  [720x1238]-format:2
10-22 12:48:35.213 27744 27744 I WebExtension: releasePendingMessages: extension=fxa@mozac.org nativeApp=mozacWebchannel session=org.mozilla.geckoview.GeckoSession@9c1dc10
10-22 12:48:35.217 27744   393 I libglean_ffi: glean_core::upload: New upload task with id 3e0fe754-7a90-4025-b678-861eff00dcec (path: /submit/org-mozilla-fenix/baseline/1/3e0fe754-7a90-4025-b678-861eff00dcec)
10-22 12:48:35.234  3957  4651 V WindowManager: Relayout Window{474fd55 u0 org.mozilla.fenix/org.mozilla.fenix.App}: viewVisibility=0 req=720x1280 WM.LayoutParams{(0,0)(fillxfill) sim=#10 ty=1 fl=#81010100 pfl=0x20000 fmt=-3 wanim=0x7f1404fa vsysui=0x2610 needsMenuKey=2 colorMode=0 naviIconColor=0}
10-22 12:48:35.237 27744 27744 D ViewRootImpl@364705b[App]: Relayout returned: old=[0,0][720,1280] new=[0,0][720,1280] result=0x1 surface={valid=true 499141320704} changed=false
10-22 12:48:35.292  3599  3918 D DnsProxyListener: DNSDBG::dns addrinfo af 0
10-22 12:48:35.294  3957  4651 V WindowManager: rotationForOrientationLw(orient=-1, last=0); user=0  sensorRotation=-1 mLidState=-1 mDockMode=0 mHdmiPlugged=false
10-22 12:48:35.316  3957  4025 I WindowManager: Destroying surface Surface(name=SnapshotStartingWindow for taskId=498) called by com.android.server.wm.WindowStateAnimator.destroySurface:2501 com.android.server.wm.WindowStateAnimator.destroySurfaceLocked:985 com.android.server.wm.WindowState.destroyOrSaveSurfaceUnchecked:3670 com.android.server.wm.WindowState.destroySurface:3618 com.android.server.wm.AppWindowToken.destroySurfaces:722 com.android.server.wm.AppWindowToken.destroySurfaces:706 com.android.server.wm.WindowState.onExitAnimationDone:5316 com.android.server.wm.WindowStateAnimator.stepAnimationLocked:550 
10-22 12:48:35.317  3447  5168 I SurfaceFlinger: id=2897 Removed SnapshotStartingWindow for taskId=498#0 (2/5)
10-22 12:48:35.318  3447  3447 I SurfaceFlinger: Display 0 HWC layers:
10-22 12:48:35.318  3447  3447 I SurfaceFlinger:     type    |    handle    | flag |  format   |   source crop (l,t,r,b)    |         frame       | name 
10-22 12:48:35.318  3447  3447 I SurfaceFlinger: ------------+--------------+------+-----------+----------------------------+---------------------+------
10-22 12:48:35.318  3447  3447 I SurfaceFlinger:      Device | 0x7e9ecdd240 | 0000 | RGBA_8888 |   0.0    0.0  720.0 1280.0 |    0    0  720 1280 | org.mozilla.fenix/org.mozilla.fenix.App#0
10-22 12:48:35.318  3447  3447 I SurfaceFlinger:      Device | 0x7e9ec225c0 | 0000 | RGBA_8888 |   0.0    0.0  720.0   42.0 |    0    0  720   42 | StatusBar#0
10-22 12:48:35.318  3447  3447 I SurfaceFlinger: 
10-22 12:48:35.323  3447 18688 I SurfaceFlinger: id=2897 Removed SnapshotStartingWindow for taskId=498#0 (-2/5)
10-22 12:48:35.332  3447  3447 I Layer   : id=2897 onRemoved SnapshotStartingWindow for taskId=498#0 
10-22 12:48:35.386  3447  3447 I SurfaceFlinger: Display 0 HWC layers:
10-22 12:48:35.386  3447  3447 I SurfaceFlinger:     type    |    handle    | flag |  format   |   source crop (l,t,r,b)    |         frame       | name 
10-22 12:48:35.386  3447  3447 I SurfaceFlinger: ------------+--------------+------+-----------+----------------------------+---------------------+------
10-22 12:48:35.386  3447  3447 I SurfaceFlinger:      Device | 0x7e9ed397c0 | 0000 | RGBx_8888 |   0.0    0.0  720.0 1238.0 |    0   42  720 1280 | SurfaceView - org.mozilla.fenix/org.mozilla.fenix.App@25a4b6f@1#0
10-22 12:48:35.386  3447  3447 I SurfaceFlinger:      Device | 0x7e9ecdd240 | 0000 | RGBA_8888 |   0.0    0.0  720.0 1280.0 |    0    0  720 1280 | org.mozilla.fenix/org.mozilla.fenix.App#0
10-22 12:48:35.386  3447  3447 I SurfaceFlinger:      Device | 0x7e9ec225c0 | 0000 | RGBA_8888 |   0.0    0.0  720.0   42.0 |    0    0  720   42 | StatusBar#0
10-22 12:48:35.386  3447  3447 I SurfaceFlinger: 
10-22 12:48:35.412  3957  4089 D MdnieScenarioControlService:  packageName : org.mozilla.fenix    className : org.mozilla.fenix.App
10-22 12:48:35.412  3957  4089 V MdnieScenarioControlService: setUIMode from UI function(3)
10-22 12:48:35.505 27744   393 I libglean_ffi: glean_core::upload: Ping 3e0fe754-7a90-4025-b678-861eff00dcec successfully sent 200.
10-22 12:48:35.507 27744   393 I libglean_ffi: glean_core::upload::directory: File was deleted /data/user/0/org.mozilla.fenix/glean_data/pending_pings/3e0fe754-7a90-4025-b678-861eff00dcec
10-22 12:48:35.507 27744   393 I libglean_ffi: glean_core::upload: No more pings to upload! You are done.
10-22 12:48:35.509 27744 27899 I WM-WorkerWrapper: Worker result SUCCESS for Work [ id=499fac22-7e37-45b4-a37d-3f16dda66339, tags={ mozilla.telemetry.glean.scheduler.PingUploadWorker, mozac_service_glean_ping_upload_worker } ]
10-22 12:48:35.512 27744 27744 D ConnectivityManager: unregisterNetworkCallback; CallingUid : 10169, CallingPid : 27744
10-22 12:48:35.513  3957  4157 D ConnectivityService: releasing NetworkRequest [ TRACK_DEFAULT id=1961, [ Capabilities: INTERNET&NOT_RESTRICTED&TRUSTED&NOT_VPN] ] (CALLBACK_RELEASED)
10-22 12:48:35.513  3957  4157 D ConnectivityService:  Removing from current network NetworkAgentInfo [WIFI () - 509], leaving 20 requests.
10-22 12:48:35.514  3957  4157 D ConnectivityService: sending notification RELEASED for NetworkRequest [ TRACK_DEFAULT id=1961, [ Capabilities: INTERNET&NOT_RESTRICTED&TRUSTED&NOT_VPN] ]
10-22 12:48:35.756  3957  3957 D CustomFrequencyManagerService: releaseDVFSLockLocked : Getting Lock type frm List : DVFS_MIN_LIMIT  frequency : 1560000  uid : 1000  pid : 3957  tag : AMS_RESUME_TAIL@CPU_MIN@58
10-22 12:48:35.831 32257 32257 E adbd    : recv: OPEN 00000041 00000000 0076:73 68 65 6C 6C 2C 76 32 2C 54 45 52 4D 3D 78 74 65 72 6D 2D 32 35 36 63 6F 6C 6F 72 2C 72 61 77 3A 64 75 6D 70 73 79 73 20 61 63 74 69 76 69 74 79 20 72 65 63 65 6E 74 73 20 7C 20 67 72 65 70 20 22 52 65 63 65 6E 74 20 23 30 22 20 7C 20 63 75 74 20 2D 64 20 22 3D 22 20 2D 66 32 20 7C 20 67 72 65 70 20 2D 6F 20 2D 70 20 22 5B 61 2D 7A 7C 2E 5D 2A 22 00 
10-22 12:48:35.831 32257 32257 E adbd    : service_to_fd: shell,v2,TERM=xterm-256color,raw:dumpsys activity recents | grep "Recent #0" | cut -d "=" -f2 | grep -o -p "[a-z|.]*"
10-22 12:48:35.885  3957  4129 D WifiStateMachine:  ConnectedState !CMD_RSSI_POLL rt=578122467/1634097940 104 0 "ourhome" f4:6d:2f:12:cc:88 rssi=-41 f=5240 sc=60 link=433 tx=6.1, 0.0, 0.0  rx=25.1 bcn=367525 [on:0 tx:0 rx:0 period:961] from screen [on:41366 period:190365] score=60
10-22 12:48:35.888  3957  4129 D WifiStateMachine:  L2ConnectedState !CMD_RSSI_POLL rt=578122471/1634097944 104 0 "ourhome" f4:6d:2f:12:cc:88 rssi=-41 f=5240 sc=60 link=433 tx=6.1, 0.0, 0.0  rx=25.1 bcn=367525 [on:0 tx:0 rx:0 period:2] from screen [on:41366 period:190367] score=60
10-22 12:48:35.888  3957  4129 D WifiStateMachine:  get link layer stats 3
10-22 12:48:35.888  3436  3436 I android.hardware.wifi@1.0-service: getLinkLayerStats
10-22 12:48:35.895  3957  4129 D WifiStateMachine: fetchRssiLinkSpeedAndFrequencyNative rssi=-44 linkspeed=433 freq=5240
10-22 12:48:35.895  3957  4129 V WifiConfigManager: Updating scan detail cache freq=5240 BSSID=f4:6d:2f:12:cc:88 RSSI=-42 for "ourhome"WPA_PSK
10-22 12:48:35.898  3957  4030 D SensorService: [SO] 0.297 0.120 9.984
10-22 12:48:35.907  4340  4340 E SignalClusterView: setSlotFocusVisible : subId -2
10-22 12:48:35.907  4340  4340 E SignalClusterView: setSlotFocusVisible : subId -2
10-22 12:48:35.927  3957  4129 D WifiStateMachine:  ConnectedState !RSSI_PKTCNT_FETCH uid=1000 rt=578122509/1634097982 0 0 "ourhome" f4:6d:2f:12:cc:88 rssi=-44 f=5240 sc=60 link=433 tx=42.8, 1.9, 0.0  rx=59.3 bcn=367553 [on:0 tx:0 rx:0 period:27] from screen [on:42636 period:190407] score=60
10-22 12:48:35.928  3957  4129 D WifiStateMachine:  L2ConnectedState !RSSI_PKTCNT_FETCH uid=1000 rt=578122513/1634097985 0 0 "ourhome" f4:6d:2f:12:cc:88 rssi=-44 f=5240 sc=60 link=433 tx=42.8, 1.9, 0.0  rx=59.3 bcn=367553 [on:0 tx:0 rx:0 period:1] from screen [on:42636 period:190408] score=60
10-22 12:48:35.931  3957  4129 D WifiStateMachine: fetchRssiLinkSpeedAndFrequencyNative rssi=-43 linkspeed=433 freq=5240
10-22 12:48:35.931  3957  4129 V WifiConfigManager: Updating scan detail cache freq=5240 BSSID=f4:6d:2f:12:cc:88 RSSI=-42 for "ourhome"WPA_PSK
10-22 12:48:35.960 32257 32257 E adbd    : recv: OPEN 00000045 00000000 0042:73 68 65 6C 6C 2C 76 32 2C 54 45 52 4D 3D 78 74 65 72 6D 2D 32 35 36 63 6F 6C 6F 72 2C 72 61 77 3A 67 65 74 70 72 6F 70 20 72 6F 2E 62 75 69 6C 64 2E 76 65 72 73 69 6F 6E 2E 72 65 6C 65 61 73 65 00 
10-22 12:48:35.961 32257 32257 E adbd    : service_to_fd: shell,v2,TERM=xterm-256color,raw:getprop ro.build.version.release
10-22 12:48:36.031  3957  4128 D WifiService: getConnectionInfo uid=1000
10-22 12:48:36.039 32257 32257 E adbd    : recv: OPEN 00000049 00000000 003e:73 68 65 6C 6C 2C 76 32 2C 54 45 52 4D 3D 78 74 65 72 6D 2D 32 35 36 63 6F 6C 6F 72 2C 72 61 77 3A 67 65 74 70 72 6F 70 20 72 6F 2E 62 75 69 6C 64 2E 76 65 72 73 69 6F 6E 2E 73 64 6B 00 
10-22 12:48:36.039 32257 32257 E adbd    : service_to_fd: shell,v2,TERM=xterm-256color,raw:getprop ro.build.version.sdk
10-22 12:48:36.100 32257 32257 E adbd    : recv: OPEN 0000004d 00000000 0042:73 68 65 6C 6C 2C 76 32 2C 54 45 52 4D 3D 78 74 65 72 6D 2D 32 35 36 63 6F 6C 6F 72 2C 72 61 77 3A 67 65 74 70 72 6F 70 20 72 6F 2E 62 75 69 6C 64 2E 76 65 72 73 69 6F 6E 2E 72 65 6C 65 61 73 65 00 
10-22 12:48:36.100 32257 32257 E adbd    : service_to_fd: shell,v2,TERM=xterm-256color,raw:getprop ro.build.version.release
10-22 12:48:36.155 32257 32257 E adbd    : recv: OPEN 00000051 00000000 003e:73 68 65 6C 6C 2C 76 32 2C 54 45 52 4D 3D 78 74 65 72 6D 2D 32 35 36 63 6F 6C 6F 72 2C 72 61 77 3A 67 65 74 70 72 6F 70 20 72 6F 2E 62 75 69 6C 64 2E 76 65 72 73 69 6F 6E 2E 73 64 6B 00 
10-22 12:48:36.155 32257 32257 E adbd    : service_to_fd: shell,v2,TERM=xterm-256color,raw:getprop ro.build.version.sdk
10-22 12:48:36.167  3957  6478 D SSRM:k  : SIOP:: AP = 280, PST = 263 (W:12), BAT = 248, USB = 0, CHG = 0
10-22 12:48:36.207  3957  4055 I TLC_TIMA_PKM_measure_kernel: TIMA: response_id = 3
10-22 12:48:36.207  3957  4055 I TLC_TIMA_PKM_measure_kernel: TIMA: response ret = 0, result_ondemand = MSG=Kernel Verification Success;
10-22 12:48:36.207  3957  4055 I TZ: mc_tlc_communication: tlc_close() was called
10-22 12:48:36.207  3957  4055 I TZ: mc_tlc_communication: Closing the session
10-22 12:48:36.209  3957  4055 I TZ: mc_tlc_communication: Freeing message buffer
10-22 12:48:36.209  3957  4055 I TZ: mc_tlc_communication: Closing MobiCore device
10-22 12:48:36.209  3957  4055 I TeeSysClient: driver closed [hardware/samsung_slsi/exynos7885/mobicore/ClientLib/src/driver.cpp:95]
10-22 12:48:36.209  3957  4055 I TZ: mc_tlc_communication: tlc_close() finished
10-22 12:48:36.217 32257 32257 E adbd    : recv: OPEN 00000055 00000000 015d:73 68 65 6C 6C 2C 76 32 2C 54 45 52 4D 3D 78 74 65 72 6D 2D 32 35 36 63 6F 6C 6F 72 2C 72 61 77 3A 61 6D 20 73 74 61 72 74 2D 66 6F 72 65 67 72 6F 75 6E 64 2D 73 65 72 76 69 63 65 20 2D 6E 20 22 63 6F 6D 2E 65 78 61 6D 70 6C 65 2E 62 61 74 74 65 72 79 6D 61 6E 61 67 65 72 5F 75 74 69 6C 69 74 79 2F 63 6F 6D 2E 65 78 61 6D 70 6C 65 2E 62 61 74 74 65 72 79 6D 61 6E 61 67 65 72 5F 75 74 69 6C 69 74 79 2E 44 61 74 61 43 6F 6C 6C 65 63 74 69 6F 6E 53 65 72 76 69 63 65 22 20 2D 2D 65 69 20 73 61 6D 70 6C 65 52 61 74 65 20 31 30 30 20 2D 2D 65 73 20 22 64 61 74 61 46 69 65 6C 64 73 22 20 22 42 41 54 54 45 52 59 5F 50 52 4F 50 45 52 54 59 5F 43 55 52 52 45 4E 54 5F 4E 4F 57 2C 45 58 54 52 41 5F 56 4F 4C 54 41 47 45 2C 42 41 54 54 45 52 59 5F 50 52 4F 50 45 52 54 59 5F 43 55 52 52 45 4E 54 5F 41 56 45 52 41 47 45 2C 42 41 54 54 45 52 59 5F 50 52 4F 50 45 52 54 59 5F 43 48 41 52 47 45 5F 43 4F 55 4E 54 45 52 2C 42 41 54 54 45 52 59 5F 50 52 4F 50 45 52 54 59 5F 43 41 50 41 43 49 54 59
10-22 12:48:36.217 32257 32257 E adbd    : service_to_fd: shell,v2,TERM=xterm-256color,raw:am start-foreground-service -n "com.example.batterymanager_utility/com.example.batterymanager_utility.DataCollectionService" --ei sampleRate 100 --es "dataFields" "BATTERY_PROPERTY_CURRENT_NOW,EXTRA_VOLTAGE,BATTERY_PROPERTY_CURRENT_AVERAGE,BATTERY_PROPERTY_CHARGE_COUNTER,BATTERY_PROPERTY_CAPACITY" --ez toCSV false
10-22 12:48:36.324   321   321 I BatteryMgr:DataCollectionService: onStartCommand: begin
10-22 12:48:36.326   321   321 I BatteryMgr:DataCollectionService: onStartCommand: sampleRate => 100
10-22 12:48:36.327   321   321 I BatteryMgr:DataCollectionService: onStartCommand: rawFields => Timestamp,BATTERY_PROPERTY_CURRENT_NOW,EXTRA_VOLTAGE,BATTERY_PROPERTY_CURRENT_AVERAGE,BATTERY_PROPERTY_CHARGE_COUNTER,BATTERY_PROPERTY_CAPACITY
10-22 12:48:36.331   321   321 I BatteryMgr:DataCollectionService: onStartCommand: notification done
10-22 12:48:36.335   321   321 D Notification: allPendingIntents
10-22 12:48:36.339   321   321 I BatteryMgr:DataCollectionService: started foreground
10-22 12:48:36.355 32257 32257 E adbd    : recv: OPEN 00000059 00000000 0042:73 68 65 6C 6C 2C 76 32 2C 54 45 52 4D 3D 78 74 65 72 6D 2D 32 35 36 63 6F 6C 6F 72 2C 72 61 77 3A 67 65 74 70 72 6F 70 20 72 6F 2E 62 75 69 6C 64 2E 76 65 72 73 69 6F 6E 2E 72 65 6C 65 61 73 65 00 
10-22 12:48:36.356 32257 32257 E adbd    : service_to_fd: shell,v2,TERM=xterm-256color,raw:getprop ro.build.version.release
10-22 12:48:36.356   321   418 I BatteryMgr:DataCollectionService: collectData: begin
10-22 12:48:36.359  3957  3972 D ApplicationPolicy: isStatusBarNotificationAllowedAsUser: packageName = android,userId = 0
10-22 12:48:36.361  3957  3972 D API test: getContainerInfo: value is 
10-22 12:48:36.364  3957  3972 D ApplicationPolicy: isStatusBarNotificationAllowedAsUser: packageName = android,userId = 0
10-22 12:48:36.364  3957  3972 D API test: getContainerInfo: value is 
10-22 12:48:36.365  3957  3972 E NotificationService: Suppressing notification from package by user request.
10-22 12:48:36.369  3957  3972 D ApplicationPolicy: isStatusBarNotificationAllowedAsUser: packageName = com.example.batterymanager_utility,userId = 0
10-22 12:48:36.369  3957  3972 D API test: getContainerInfo: value is 
10-22 12:48:36.370  3957  3972 D ApplicationPolicy: isStatusBarNotificationAllowedAsUser: packageName = com.example.batterymanager_utility,userId = 0
10-22 12:48:36.370  3957  3972 D API test: getContainerInfo: value is 
10-22 12:48:36.373   321   418 I BatteryMgr:DataCollectionService: stats => 1697971716372,110,4310,172,0,100
10-22 12:48:36.381  3957  3957 I AccessibilityManagerService: semOnLightNotification(null), bIsFlashOn : false
10-22 12:48:36.381  3957  3957 D AccessibilityManagerService: Can't use light notification
10-22 12:48:36.412  3957  3957 D AudioService: getStreamVolume 5 index 110
10-22 12:48:36.418 32348 32382 I ReschedulableTimer: [#CMH#] ReschedulableTimer started 
10-22 12:48:36.420  3957  4651 D Notification: allPendingIntents
10-22 12:48:36.423  3957  4651 D Notification: allPendingIntents
10-22 12:48:36.424 32257 32257 E adbd    : recv: OPEN 0000005d 00000000 003e:73 68 65 6C 6C 2C 76 32 2C 54 45 52 4D 3D 78 74 65 72 6D 2D 32 35 36 63 6F 6C 6F 72 2C 72 61 77 3A 67 65 74 70 72 6F 70 20 72 6F 2E 62 75 69 6C 64 2E 76 65 72 73 69 6F 6E 2E 73 64 6B 00 
10-22 12:48:36.424 32257 32257 E adbd    : service_to_fd: shell,v2,TERM=xterm-256color,raw:getprop ro.build.version.sdk
10-22 12:48:36.431  4340  4340 D StatusBar: addNotification key=0|com.example.batterymanager_utility|1|null|10170 fullscreen:false
10-22 12:48:36.487   321   418 I BatteryMgr:DataCollectionService: stats => 1697971716486,110,4310,172,0,100
10-22 12:48:36.600   321   418 I BatteryMgr:DataCollectionService: stats => 1697971716600,110,4310,172,0,100
10-22 12:48:36.677  3957  3957 D PreBindingService: handleMessage : 1
10-22 12:48:36.699  4340  4340 D KeyguardUpdateMonitor: handleStatusBarState( false )
10-22 12:48:36.716   321   418 I BatteryMgr:DataCollectionService: stats => 1697971716715,110,4310,172,0,100
10-22 12:48:36.841   321   418 I BatteryMgr:DataCollectionService: stats => 1697971716840,110,4310,172,0,100
10-22 12:48:36.927  3957  4129 D WifiStateMachine:  ConnectedState !RSSI_PKTCNT_FETCH uid=1000 rt=578123511/1634098983 0 0 "ourhome" f4:6d:2f:12:cc:88 rssi=-43 f=5240 sc=60 link=433 tx=42.8, 1.9, 0.0  rx=59.3 bcn=367553 [on:0 tx:0 rx:0 period:999] from screen [on:42636 period:191407] score=60
10-22 12:48:36.930  3957  4129 D WifiStateMachine:  L2ConnectedState !RSSI_PKTCNT_FETCH uid=1000 rt=578123513/1634098985 0 0 "ourhome" f4:6d:2f:12:cc:88 rssi=-43 f=5240 sc=60 link=433 tx=42.8, 1.9, 0.0  rx=59.3 bcn=367553 [on:0 tx:0 rx:0 period:3] from screen [on:42636 period:191410] score=60
10-22 12:48:36.935  3957  4129 D WifiStateMachine: fetchRssiLinkSpeedAndFrequencyNative rssi=-42 linkspeed=433 freq=5240
10-22 12:48:36.935  3957  4129 V WifiConfigManager: Updating scan detail cache freq=5240 BSSID=f4:6d:2f:12:cc:88 RSSI=-42 for "ourhome"WPA_PSK
10-22 12:48:36.958   321   418 I BatteryMgr:DataCollectionService: stats => 1697971716957,110,4310,172,0,100
10-22 12:48:37.033  3957  4128 D WifiService: getConnectionInfo uid=1000
10-22 12:48:37.073   321   418 I BatteryMgr:DataCollectionService: stats => 1697971717073,110,4310,172,0,100
10-22 12:48:37.191   321   418 I BatteryMgr:DataCollectionService: stats => 1697971717191,110,4310,172,0,100
10-22 12:48:37.308   321   418 I BatteryMgr:DataCollectionService: stats => 1697971717308,110,4310,172,0,100
10-22 12:48:37.432   321   418 I BatteryMgr:DataCollectionService: stats => 1697971717431,110,4310,172,0,100
10-22 12:48:37.554   321   418 I BatteryMgr:DataCollectionService: stats => 1697971717553,110,4310,172,0,100
10-22 12:48:37.613  4961  4961 D io_stats: !@ 179,0 r 8639365 280890552 w 2015298 39854440 d 160158 36173452 f 618692 642806 iot 4001560 3463039 th 51200 0 0 pt 0 inp 0 0 578124.197
10-22 12:48:37.673   321   418 I BatteryMgr:DataCollectionService: stats => 1697971717673,110,4310,172,0,100
