10-22 13:24:03.232  4725  5112 I BatteryMgr:DataCollectionService: stats => 1697973843232,157,4310,129,0,100
10-22 13:24:03.241  2479  2548 D ScanRecord: Not a Multi Manu data
10-22 13:24:03.263  2479  2548 I chatty  : uid=1002(bluetooth) BT Service Call identical 20 lines
10-22 13:24:03.263  2479  2548 D ScanRecord: Not a Multi Manu data
10-22 13:24:03.268  3957  4129 D WifiStateMachine:  ConnectedState !CMD_RSSI_POLL rt=580249851/1636225324 104 0 "ourhome" f4:6d:2f:12:cc:88 rssi=-42 f=5240 sc=60 link=433 tx=0.6, 0.0, 0.0  rx=4.3 bcn=387257 [on:0 tx:0 rx:0 period:286] from screen [on:377368 period:2317748] score=60
10-22 13:24:03.270  3957  4129 D WifiStateMachine:  L2ConnectedState !CMD_RSSI_POLL rt=580249854/1636225327 104 0 "ourhome" f4:6d:2f:12:cc:88 rssi=-42 f=5240 sc=60 link=433 tx=0.6, 0.0, 0.0  rx=4.3 bcn=387257 [on:0 tx:0 rx:0 period:1] from screen [on:377368 period:2317749] score=60
10-22 13:24:03.270  3957  4129 D WifiStateMachine:  get link layer stats 3
10-22 13:24:03.270  3436  3436 I android.hardware.wifi@1.0-service: getLinkLayerStats
10-22 13:24:03.274  3957  4129 D WifiStateMachine: fetchRssiLinkSpeedAndFrequencyNative rssi=-42 linkspeed=433 freq=5240
10-22 13:24:03.274  3957  4129 V WifiConfigManager: Updating scan detail cache freq=5240 BSSID=f4:6d:2f:12:cc:88 RSSI=-41 for "ourhome"WPA_PSK
10-22 13:24:03.279  4340  4340 E SignalClusterView: setSlotFocusVisible : subId -2
10-22 13:24:03.279  4340  4340 E SignalClusterView: setSlotFocusVisible : subId -2
10-22 13:24:03.280  2479  2548 D ScanRecord: Not a Multi Manu data
10-22 13:24:03.346  2479  2548 I chatty  : uid=1002(bluetooth) BT Service Call identical 130 lines
10-22 13:24:03.346  2479  2548 D ScanRecord: Not a Multi Manu data
10-22 13:24:03.346  4725  5112 I BatteryMgr:DataCollectionService: stats => 1697973843346,157,4310,129,0,100
10-22 13:24:03.350  2479  2548 D ScanRecord: Not a Multi Manu data
10-22 13:24:03.439  2479  2548 I chatty  : uid=1002(bluetooth) BT Service Call identical 119 lines
10-22 13:24:03.439  2479  2548 D ScanRecord: Not a Multi Manu data
10-22 13:24:03.457  4725  5112 I BatteryMgr:DataCollectionService: stats => 1697973843457,157,4310,129,0,100
10-22 13:24:03.474  2479  2548 D ScanRecord: Not a Multi Manu data
10-22 13:24:03.566  2479  2548 I chatty  : uid=1002(bluetooth) BT Service Call identical 86 lines
10-22 13:24:03.566  2479  2548 D ScanRecord: Not a Multi Manu data
10-22 13:24:03.567  4725  5112 I BatteryMgr:DataCollectionService: stats => 1697973843567,157,4310,129,0,100
10-22 13:24:03.588  2479  2548 D ScanRecord: Not a Multi Manu data
10-22 13:24:03.657  2479  2548 I chatty  : uid=1002(bluetooth) BT Service Call identical 97 lines
10-22 13:24:03.657  2479  2548 D ScanRecord: Not a Multi Manu data
10-22 13:24:03.673  4725  5112 I BatteryMgr:DataCollectionService: stats => 1697973843673,157,4310,129,0,100
10-22 13:24:03.764  3957  4128 D WifiService: getConnectionInfo uid=1000
10-22 13:24:03.781  4725  5112 I BatteryMgr:DataCollectionService: stats => 1697973843781,157,4310,129,0,100
10-22 13:24:03.888  4725  5112 I BatteryMgr:DataCollectionService: stats => 1697973843888,157,4310,129,0,100
10-22 13:24:03.980  3957  4129 D WifiStateMachine:  ConnectedState !RSSI_PKTCNT_FETCH uid=1000 rt=580250563/1636226036 0 0 "ourhome" f4:6d:2f:12:cc:88 rssi=-42 f=5240 sc=60 link=433 tx=2.8, 0.0, 0.0  rx=8.6 bcn=387284 [on:0 tx:0 rx:0 period:702] from screen [on:378610 period:2318460] score=60
10-22 13:24:03.984  3957  4129 D WifiStateMachine:  L2ConnectedState !RSSI_PKTCNT_FETCH uid=1000 rt=580250566/1636226039 0 0 "ourhome" f4:6d:2f:12:cc:88 rssi=-42 f=5240 sc=60 link=433 tx=2.8, 0.0, 0.0  rx=8.6 bcn=387284 [on:0 tx:0 rx:0 period:3] from screen [on:378610 period:2318463] score=60
10-22 13:24:03.991  3957  4129 D WifiStateMachine: fetchRssiLinkSpeedAndFrequencyNative rssi=-42 linkspeed=433 freq=5240
10-22 13:24:03.991  3957  4129 V WifiConfigManager: Updating scan detail cache freq=5240 BSSID=f4:6d:2f:12:cc:88 RSSI=-41 for "ourhome"WPA_PSK
10-22 13:24:04.005  4725  5112 I BatteryMgr:DataCollectionService: stats => 1697973844005,157,4310,129,0,100
10-22 13:24:04.114  4725  5112 I BatteryMgr:DataCollectionService: stats => 1697973844114,157,4310,129,0,100
10-22 13:24:04.141  4961  4961 D io_stats: !@ 179,0 r 8756442 284806472 w 2028201 40066996 d 161231 36257460 f 620254 644496 iot 4050624 3504144 th 51200 0 0 pt 0 inp 0 0 580250.726
10-22 13:24:04.226  4725  5112 I BatteryMgr:DataCollectionService: stats => 1697973844226,157,4310,129,0,100
10-22 13:24:04.339  4725  5112 I BatteryMgr:DataCollectionService: stats => 1697973844339,157,4310,129,0,100
10-22 13:24:04.449  4725  5112 I BatteryMgr:DataCollectionService: stats => 1697973844449,157,4310,129,0,100
10-22 13:24:04.562  4725  5112 I BatteryMgr:DataCollectionService: stats => 1697973844562,157,4310,129,0,100
10-22 13:24:04.671  4725  5112 I BatteryMgr:DataCollectionService: stats => 1697973844671,157,4310,129,0,100
10-22 13:24:04.766  3957  4128 D WifiService: getConnectionInfo uid=1000
10-22 13:24:04.782  4725  5112 I BatteryMgr:DataCollectionService: stats => 1697973844782,157,4310,129,0,100
10-22 13:24:04.894  4725  5112 I BatteryMgr:DataCollectionService: stats => 1697973844894,157,4310,129,0,100
10-22 13:24:04.981  3957  4129 D WifiStateMachine:  ConnectedState !RSSI_PKTCNT_FETCH uid=1000 rt=580251565/1636227037 0 0 "ourhome" f4:6d:2f:12:cc:88 rssi=-42 f=5240 sc=60 link=433 tx=2.8, 0.0, 0.0  rx=8.6 bcn=387284 [on:0 tx:0 rx:0 period:997] from screen [on:378610 period:2319460] score=60
10-22 13:24:04.984  3957  4129 D WifiStateMachine:  L2ConnectedState !RSSI_PKTCNT_FETCH uid=1000 rt=580251567/1636227039 0 0 "ourhome" f4:6d:2f:12:cc:88 rssi=-42 f=5240 sc=60 link=433 tx=2.8, 0.0, 0.0  rx=8.6 bcn=387284 [on:0 tx:0 rx:0 period:4] from screen [on:378610 period:2319464] score=60
10-22 13:24:04.991  3957  4129 D WifiStateMachine: fetchRssiLinkSpeedAndFrequencyNative rssi=-42 linkspeed=433 freq=5240
10-22 13:24:04.992  3957  4129 V WifiConfigManager: Updating scan detail cache freq=5240 BSSID=f4:6d:2f:12:cc:88 RSSI=-41 for "ourhome"WPA_PSK
10-22 13:24:05.007  4725  5112 I BatteryMgr:DataCollectionService: stats => 1697973845007,157,4310,129,0,100
10-22 13:24:05.116  4725  5112 I BatteryMgr:DataCollectionService: stats => 1697973845116,157,4310,129,0,100
10-22 13:24:05.231  4725  5112 I BatteryMgr:DataCollectionService: stats => 1697973845231,157,4310,129,0,100
10-22 13:24:05.346  4725  5112 I BatteryMgr:DataCollectionService: stats => 1697973845346,157,4310,129,0,100
10-22 13:24:05.457  4725  5112 I BatteryMgr:DataCollectionService: stats => 1697973845457,157,4310,129,0,100
10-22 13:24:05.567  4725  5112 I BatteryMgr:DataCollectionService: stats => 1697973845567,157,4310,129,0,100
10-22 13:24:05.678  4725  5112 I BatteryMgr:DataCollectionService: stats => 1697973845678,157,4310,129,0,100
10-22 13:24:05.770  3957  4128 D WifiService: getConnectionInfo uid=1000
10-22 13:24:05.790  4725  5112 I BatteryMgr:DataCollectionService: stats => 1697973845790,157,4310,129,0,100
10-22 13:24:05.900  4725  5112 I BatteryMgr:DataCollectionService: stats => 1697973845900,157,4310,129,0,100
10-22 13:24:05.908  3957  4030 D SensorService: [SO] 0.302 0.091 9.979
10-22 13:24:05.981  3957  4129 D WifiStateMachine:  ConnectedState !RSSI_PKTCNT_FETCH uid=1000 rt=580252566/1636228038 0 0 "ourhome" f4:6d:2f:12:cc:88 rssi=-42 f=5240 sc=60 link=433 tx=2.8, 0.0, 0.0  rx=8.6 bcn=387284 [on:0 tx:0 rx:0 period:997] from screen [on:378610 period:2320461] score=60
10-22 13:24:05.982  3957  4129 D WifiStateMachine:  L2ConnectedState !RSSI_PKTCNT_FETCH uid=1000 rt=580252567/1636228040 0 0 "ourhome" f4:6d:2f:12:cc:88 rssi=-42 f=5240 sc=60 link=433 tx=2.8, 0.0, 0.0  rx=8.6 bcn=387284 [on:0 tx:0 rx:0 period:1] from screen [on:378610 period:2320462] score=60
10-22 13:24:05.984  3957  4129 D WifiStateMachine: fetchRssiLinkSpeedAndFrequencyNative rssi=-42 linkspeed=433 freq=5240
10-22 13:24:05.984  3957  4129 V WifiConfigManager: Updating scan detail cache freq=5240 BSSID=f4:6d:2f:12:cc:88 RSSI=-41 for "ourhome"WPA_PSK
10-22 13:24:06.008  4725  5112 I BatteryMgr:DataCollectionService: stats => 1697973846008,157,4310,129,0,100
10-22 13:24:06.116  4725  5112 I BatteryMgr:DataCollectionService: stats => 1697973846116,157,4310,129,0,100
10-22 13:24:06.228  4725  5112 I BatteryMgr:DataCollectionService: stats => 1697973846227,157,4310,129,0,100
10-22 13:24:06.278  3957  4129 D WifiStateMachine:  ConnectedState !CMD_RSSI_POLL rt=580252861/1636228334 104 0 "ourhome" f4:6d:2f:12:cc:88 rssi=-42 f=5240 sc=60 link=433 tx=2.8, 0.0, 0.0  rx=8.6 bcn=387284 [on:0 tx:0 rx:0 period:295] from screen [on:378610 period:2320757] score=60
10-22 13:24:06.281  3957  4129 D WifiStateMachine:  L2ConnectedState !CMD_RSSI_POLL rt=580252864/1636228336 104 0 "ourhome" f4:6d:2f:12:cc:88 rssi=-42 f=5240 sc=60 link=433 tx=2.8, 0.0, 0.0  rx=8.6 bcn=387284 [on:0 tx:0 rx:0 period:3] from screen [on:378610 period:2320760] score=60
10-22 13:24:06.281  3957  4129 D WifiStateMachine:  get link layer stats 3
10-22 13:24:06.282  3436  3436 I android.hardware.wifi@1.0-service: getLinkLayerStats
10-22 13:24:06.286  3957  4129 D WifiStateMachine: fetchRssiLinkSpeedAndFrequencyNative rssi=-42 linkspeed=433 freq=5240
10-22 13:24:06.286  3957  4129 V WifiConfigManager: Updating scan detail cache freq=5240 BSSID=f4:6d:2f:12:cc:88 RSSI=-41 for "ourhome"WPA_PSK
10-22 13:24:06.291  4340  4340 E SignalClusterView: setSlotFocusVisible : subId -2
10-22 13:24:06.291  4340  4340 E SignalClusterView: setSlotFocusVisible : subId -2
10-22 13:24:06.339  4725  5112 I BatteryMgr:DataCollectionService: stats => 1697973846339,157,4310,129,0,100
10-22 13:24:06.448  4725  5112 I BatteryMgr:DataCollectionService: stats => 1697973846448,157,4310,129,0,100
10-22 13:24:06.556  4725  5112 I BatteryMgr:DataCollectionService: stats => 1697973846556,157,4310,129,0,100
10-22 13:24:06.663  4725  5112 I BatteryMgr:DataCollectionService: stats => 1697973846663,157,4310,129,0,100
10-22 13:24:06.773  3957  4128 D WifiService: getConnectionInfo uid=1000
10-22 13:24:06.775  4725  5112 I BatteryMgr:DataCollectionService: stats => 1697973846775,157,4310,129,0,100
10-22 13:24:06.888  4725  5112 I BatteryMgr:DataCollectionService: stats => 1697973846888,157,4310,129,0,100
10-22 13:24:06.901  4340  4731 D NetworkController.MobileSignalController(0/-2): onSignalStrengthsChanged signalStrength=SignalStrength: 21 99 -21 -200 -21 -200 -1 99 2147483647 2147483647 2147483647 2147483647 0 2147483647 0x4 P gsm|lte level=4
10-22 13:24:06.901  4340  4731 D NetworkController.MobileSignalController(0/-2): getMobileIconGroup(): 0
10-22 13:24:06.984  3957  4129 D WifiStateMachine:  ConnectedState !RSSI_PKTCNT_FETCH uid=1000 rt=580253567/1636229039 0 0 "ourhome" f4:6d:2f:12:cc:88 rssi=-42 f=5240 sc=60 link=433 tx=1.6, 0.0, 0.0  rx=10.1 bcn=387312 [on:0 tx:0 rx:0 period:693] from screen [on:379319 period:2321463] score=60
10-22 13:24:06.988  3957  4129 D WifiStateMachine:  L2ConnectedState !RSSI_PKTCNT_FETCH uid=1000 rt=580253569/1636229042 0 0 "ourhome" f4:6d:2f:12:cc:88 rssi=-42 f=5240 sc=60 link=433 tx=1.6, 0.0, 0.0  rx=10.1 bcn=387312 [on:0 tx:0 rx:0 period:3] from screen [on:379319 period:2321466] score=60
10-22 13:24:06.999  3957  4129 D WifiStateMachine: fetchRssiLinkSpeedAndFrequencyNative rssi=-42 linkspeed=433 freq=5240
10-22 13:24:07.000  3957  4129 V WifiConfigManager: Updating scan detail cache freq=5240 BSSID=f4:6d:2f:12:cc:88 RSSI=-41 for "ourhome"WPA_PSK
10-22 13:24:07.010  4725  5112 I BatteryMgr:DataCollectionService: stats => 1697973847010,157,4310,129,0,100
10-22 13:24:07.119  4725  5112 I BatteryMgr:DataCollectionService: stats => 1697973847119,157,4310,129,0,100
10-22 13:24:07.230  4725  5112 I BatteryMgr:DataCollectionService: stats => 1697973847230,157,4310,129,0,100
10-22 13:24:07.341  4725  5112 I BatteryMgr:DataCollectionService: stats => 1697973847341,157,4310,129,0,100
10-22 13:24:07.454  4725  5112 I BatteryMgr:DataCollectionService: stats => 1697973847454,157,4310,129,0,100
10-22 13:24:07.571  4725  5112 I BatteryMgr:DataCollectionService: stats => 1697973847571,157,4310,129,0,100
10-22 13:24:07.677  4725  5112 I BatteryMgr:DataCollectionService: stats => 1697973847677,157,4310,129,0,100
10-22 13:24:07.775  3957  4128 D WifiService: getConnectionInfo uid=1000
10-22 13:24:07.792  4725  5112 I BatteryMgr:DataCollectionService: stats => 1697973847792,157,4310,129,0,100
10-22 13:24:07.904  4725  5112 I BatteryMgr:DataCollectionService: stats => 1697973847904,157,4310,129,0,100
10-22 13:24:07.984  3957  4129 D WifiStateMachine:  ConnectedState !RSSI_PKTCNT_FETCH uid=1000 rt=580254568/1636230041 0 0 "ourhome" f4:6d:2f:12:cc:88 rssi=-42 f=5240 sc=60 link=433 tx=1.6, 0.0, 0.0  rx=10.1 bcn=387312 [on:0 tx:0 rx:0 period:998] from screen [on:379319 period:2322464] score=60
10-22 13:24:07.987  3957  4129 D WifiStateMachine:  L2ConnectedState !RSSI_PKTCNT_FETCH uid=1000 rt=580254570/1636230043 0 0 "ourhome" f4:6d:2f:12:cc:88 rssi=-42 f=5240 sc=60 link=433 tx=1.6, 0.0, 0.0  rx=10.1 bcn=387312 [on:0 tx:0 rx:0 period:2] from screen [on:379319 period:2322466] score=60
10-22 13:24:07.994  3957  4129 D WifiStateMachine: fetchRssiLinkSpeedAndFrequencyNative rssi=-41 linkspeed=433 freq=5240
10-22 13:24:07.994  3957  4129 V WifiConfigManager: Updating scan detail cache freq=5240 BSSID=f4:6d:2f:12:cc:88 RSSI=-41 for "ourhome"WPA_PSK
10-22 13:24:08.017  4725  5112 I BatteryMgr:DataCollectionService: stats => 1697973848017,157,4310,129,0,100
10-22 13:24:08.127  4725  5112 I BatteryMgr:DataCollectionService: stats => 1697973848127,157,4310,129,0,100
10-22 13:24:08.191  2479  2548 D ScanRecord: Not a Multi Manu data
10-22 13:24:08.219  2479  2548 I chatty  : uid=1002(bluetooth) BT Service Call identical 31 lines
10-22 13:24:08.219  2479  2548 D ScanRecord: Not a Multi Manu data
10-22 13:24:08.237  4725  5112 I BatteryMgr:DataCollectionService: stats => 1697973848237,157,4310,129,0,100
10-22 13:24:08.251  2479  2548 D ScanRecord: Not a Multi Manu data
10-22 13:24:08.325  2479  2548 I chatty  : uid=1002(bluetooth) BT Service Call identical 64 lines
10-22 13:24:08.325  2479  2548 D ScanRecord: Not a Multi Manu data
10-22 13:24:08.349  4725  5112 I BatteryMgr:DataCollectionService: stats => 1697973848349,157,4310,129,0,100
10-22 13:24:08.351  2479  2548 D ScanRecord: Not a Multi Manu data
10-22 13:24:08.430  2479  2548 I chatty  : uid=1002(bluetooth) BT Service Call identical 75 lines
10-22 13:24:08.430  2479  2548 D ScanRecord: Not a Multi Manu data
10-22 13:24:08.459  4725  5112 I BatteryMgr:DataCollectionService: stats => 1697973848459,157,4310,129,0,100
10-22 13:24:08.477  2479  2548 D ScanRecord: Not a Multi Manu data
10-22 13:24:08.553  2479  2548 I chatty  : uid=1002(bluetooth) BT Service Call identical 97 lines
10-22 13:24:08.553  2479  2548 D ScanRecord: Not a Multi Manu data
10-22 13:24:08.567  4725  5112 I BatteryMgr:DataCollectionService: stats => 1697973848567,157,4310,129,0,100
10-22 13:24:08.577  2479  2548 D ScanRecord: Not a Multi Manu data
10-22 13:24:08.653  2479  2548 I chatty  : uid=1002(bluetooth) BT Service Call identical 31 lines
10-22 13:24:08.653  2479  2548 D ScanRecord: Not a Multi Manu data
10-22 13:24:08.677  4725  5112 I BatteryMgr:DataCollectionService: stats => 1697973848677,157,4310,129,0,100
10-22 13:24:08.777  3957  4128 D WifiService: getConnectionInfo uid=1000
10-22 13:24:08.786  4725  5112 I BatteryMgr:DataCollectionService: stats => 1697973848786,135,4310,141,0,100
10-22 13:24:08.895  4725  5112 I BatteryMgr:DataCollectionService: stats => 1697973848895,135,4310,141,0,100
10-22 13:24:08.986  3957  4129 D WifiStateMachine:  ConnectedState !RSSI_PKTCNT_FETCH uid=1000 rt=580255570/1636231043 0 0 "ourhome" f4:6d:2f:12:cc:88 rssi=-41 f=5240 sc=60 link=433 tx=1.6, 0.0, 0.0  rx=10.1 bcn=387312 [on:0 tx:0 rx:0 period:1000] from screen [on:379319 period:2323466] score=60
10-22 13:24:08.990  3957  4129 D WifiStateMachine:  L2ConnectedState !RSSI_PKTCNT_FETCH uid=1000 rt=580255572/1636231044 0 0 "ourhome" f4:6d:2f:12:cc:88 rssi=-41 f=5240 sc=60 link=433 tx=1.6, 0.0, 0.0  rx=10.1 bcn=387312 [on:0 tx:0 rx:0 period:3] from screen [on:379319 period:2323469] score=60
10-22 13:24:08.997  3957  4129 D WifiStateMachine: fetchRssiLinkSpeedAndFrequencyNative rssi=-39 linkspeed=433 freq=5240
10-22 13:24:08.998  3957  4129 V WifiConfigManager: Updating scan detail cache freq=5240 BSSID=f4:6d:2f:12:cc:88 RSSI=-39 for "ourhome"WPA_PSK
10-22 13:24:09.006  4725  5112 I BatteryMgr:DataCollectionService: stats => 1697973849006,135,4310,141,0,100
10-22 13:24:09.119  4725  5112 I BatteryMgr:DataCollectionService: stats => 1697973849119,135,4310,141,0,100
10-22 13:24:09.143  4961  4961 D io_stats: !@ 179,0 r 8756462 284806832 w 2028220 40067208 d 161232 36257464 f 620255 644497 iot 4050640 3504156 th 51200 0 0 pt 0 inp 0 0 580255.728
10-22 13:24:09.235  4725  5112 I BatteryMgr:DataCollectionService: stats => 1697973849234,135,4310,141,0,100
10-22 13:24:09.292  3957  4129 D WifiStateMachine:  ConnectedState !CMD_RSSI_POLL rt=580255874/1636231346 104 0 "ourhome" f4:6d:2f:12:cc:88 rssi=-39 f=5240 sc=60 link=433 tx=1.6, 0.0, 0.0  rx=10.1 bcn=387312 [on:0 tx:0 rx:0 period:303] from screen [on:379319 period:2323772] score=60
10-22 13:24:09.294  3957  4129 D WifiStateMachine:  L2ConnectedState !CMD_RSSI_POLL rt=580255878/1636231351 104 0 "ourhome" f4:6d:2f:12:cc:88 rssi=-39 f=5240 sc=60 link=433 tx=1.6, 0.0, 0.0  rx=10.1 bcn=387312 [on:0 tx:0 rx:0 period:2] from screen [on:379319 period:2323774] score=60
10-22 13:24:09.294  3957  4129 D WifiStateMachine:  get link layer stats 3
10-22 13:24:09.295  3436  3436 I android.hardware.wifi@1.0-service: getLinkLayerStats
10-22 13:24:09.314  3957  4129 D WifiStateMachine: fetchRssiLinkSpeedAndFrequencyNative rssi=-39 linkspeed=433 freq=5240
10-22 13:24:09.314  3957  4129 V WifiConfigManager: Updating scan detail cache freq=5240 BSSID=f4:6d:2f:12:cc:88 RSSI=-39 for "ourhome"WPA_PSK
10-22 13:24:09.319  4340  4340 E SignalClusterView: setSlotFocusVisible : subId -2
10-22 13:24:09.319  4340  4340 E SignalClusterView: setSlotFocusVisible : subId -2
10-22 13:24:09.343  4725  5112 I BatteryMgr:DataCollectionService: stats => 1697973849343,135,4310,141,0,100
10-22 13:24:09.450  4725  5112 I BatteryMgr:DataCollectionService: stats => 1697973849450,135,4310,141,0,100
10-22 13:24:09.551  3957  4554 D BatteryService: !@BatteryListener : batteryPropertiesChanged!
10-22 13:24:09.558  4725  5112 I BatteryMgr:DataCollectionService: stats => 1697973849558,135,4310,141,0,100
10-22 13:24:09.666  4725  5112 I BatteryMgr:DataCollectionService: stats => 1697973849666,135,4310,141,0,100
10-22 13:24:09.780  3957  4128 D WifiService: getConnectionInfo uid=1000
10-22 13:24:09.780  4725  5112 I BatteryMgr:DataCollectionService: stats => 1697973849778,135,4310,141,0,100
10-22 13:24:09.888  4725  5112 I BatteryMgr:DataCollectionService: stats => 1697973849888,135,4310,141,0,100
10-22 13:24:09.904  3957  4416 E Watchdog: !@Sync 19334 [2023-10-22 13:24:09.904]
10-22 13:24:09.988  3957  4129 D WifiStateMachine:  ConnectedState !RSSI_PKTCNT_FETCH uid=1000 rt=580256572/1636232044 0 0 "ourhome" f4:6d:2f:12:cc:88 rssi=-39 f=5240 sc=60 link=433 tx=0.6, 0.0, 0.0  rx=5.6 bcn=387338 [on:0 tx:0 rx:0 period:670] from screen [on:379536 period:2324468] score=60
10-22 13:24:09.990  3957  4129 D WifiStateMachine:  L2ConnectedState !RSSI_PKTCNT_FETCH uid=1000 rt=580256574/1636232046 0 0 "ourhome" f4:6d:2f:12:cc:88 rssi=-39 f=5240 sc=60 link=433 tx=0.6, 0.0, 0.0  rx=5.6 bcn=387338 [on:0 tx:0 rx:0 period:1] from screen [on:379536 period:2324469] score=60
10-22 13:24:09.997  3957  4129 D WifiStateMachine: fetchRssiLinkSpeedAndFrequencyNative rssi=-39 linkspeed=433 freq=5240
10-22 13:24:09.997  3957  4129 V WifiConfigManager: Updating scan detail cache freq=5240 BSSID=f4:6d:2f:12:cc:88 RSSI=-39 for "ourhome"WPA_PSK
10-22 13:24:09.999  4725  5112 I BatteryMgr:DataCollectionService: stats => 1697973849999,135,4310,141,0,100
10-22 13:24:10.111  4725  5112 I BatteryMgr:DataCollectionService: stats => 1697973850111,135,4310,141,0,100
10-22 13:24:10.220  4725  5112 I BatteryMgr:DataCollectionService: stats => 1697973850220,135,4310,141,0,100
10-22 13:24:10.334  4725  5112 I BatteryMgr:DataCollectionService: stats => 1697973850333,135,4310,141,0,100
10-22 13:24:10.444  4725  5112 I BatteryMgr:DataCollectionService: stats => 1697973850444,135,4310,141,0,100
10-22 13:24:10.552  4725  5112 I BatteryMgr:DataCollectionService: stats => 1697973850552,135,4310,141,0,100
10-22 13:24:10.662  4725  5112 I BatteryMgr:DataCollectionService: stats => 1697973850662,135,4310,141,0,100
10-22 13:24:10.770  4725  5112 I BatteryMgr:DataCollectionService: stats => 1697973850770,135,4310,141,0,100
10-22 13:24:10.782  3957  4128 D WifiService: getConnectionInfo uid=1000
10-22 13:24:10.881  4725  5112 I BatteryMgr:DataCollectionService: stats => 1697973850881,135,4310,141,0,100
10-22 13:24:10.991  4725  5112 I BatteryMgr:DataCollectionService: stats => 1697973850990,135,4310,141,0,100
10-22 13:24:10.991  3957  4129 D WifiStateMachine:  ConnectedState !RSSI_PKTCNT_FETCH uid=1000 rt=580257574/1636233047 0 0 "ourhome" f4:6d:2f:12:cc:88 rssi=-39 f=5240 sc=60 link=433 tx=0.6, 0.0, 0.0  rx=5.6 bcn=387338 [on:0 tx:0 rx:0 period:1001] from screen [on:379536 period:2325470] score=60
10-22 13:24:10.996  3957  4129 D WifiStateMachine:  L2ConnectedState !RSSI_PKTCNT_FETCH uid=1000 rt=580257577/1636233050 0 0 "ourhome" f4:6d:2f:12:cc:88 rssi=-39 f=5240 sc=60 link=433 tx=0.6, 0.0, 0.0  rx=5.6 bcn=387338 [on:0 tx:0 rx:0 period:5] from screen [on:379536 period:2325475] score=60
10-22 13:24:11.000  3957  4129 D WifiStateMachine: fetchRssiLinkSpeedAndFrequencyNative rssi=-39 linkspeed=433 freq=5240
10-22 13:24:11.000  3957  4129 V WifiConfigManager: Updating scan detail cache freq=5240 BSSID=f4:6d:2f:12:cc:88 RSSI=-39 for "ourhome"WPA_PSK
10-22 13:24:11.104  4725  5112 I BatteryMgr:DataCollectionService: stats => 1697973851104,135,4310,141,0,100
10-22 13:24:11.214  4725  5112 I BatteryMgr:DataCollectionService: stats => 1697973851214,135,4310,141,0,100
10-22 13:24:11.326  4725  5112 I BatteryMgr:DataCollectionService: stats => 1697973851325,135,4310,141,0,100
10-22 13:24:11.436  4725  5112 I BatteryMgr:DataCollectionService: stats => 1697973851436,135,4310,141,0,100
10-22 13:24:11.545  4725  5112 I BatteryMgr:DataCollectionService: stats => 1697973851545,135,4310,141,0,100
10-22 13:24:11.660  4725  5112 I BatteryMgr:DataCollectionService: stats => 1697973851660,135,4310,141,0,100
10-22 13:24:11.769  4725  5112 I BatteryMgr:DataCollectionService: stats => 1697973851769,135,4310,141,0,100
10-22 13:24:11.785  3957  4128 D WifiService: getConnectionInfo uid=1000
10-22 13:24:11.880  4725  5112 I BatteryMgr:DataCollectionService: stats => 1697973851880,135,4310,141,0,100
10-22 13:24:11.991  4725  5112 I BatteryMgr:DataCollectionService: stats => 1697973851991,135,4310,141,0,100
10-22 13:24:11.992  3957  4129 D WifiStateMachine:  ConnectedState !RSSI_PKTCNT_FETCH uid=1000 rt=580258575/1636234048 0 0 "ourhome" f4:6d:2f:12:cc:88 rssi=-39 f=5240 sc=60 link=433 tx=0.6, 0.0, 0.0  rx=5.6 bcn=387338 [on:0 tx:0 rx:0 period:997] from screen [on:379536 period:2326472] score=60
10-22 13:24:11.994  3957  4129 D WifiStateMachine:  L2ConnectedState !RSSI_PKTCNT_FETCH uid=1000 rt=580258578/1636234050 0 0 "ourhome" f4:6d:2f:12:cc:88 rssi=-39 f=5240 sc=60 link=433 tx=0.6, 0.0, 0.0  rx=5.6 bcn=387338 [on:0 tx:0 rx:0 period:1] from screen [on:379536 period:2326473] score=60
10-22 13:24:12.002  3957  4129 D WifiStateMachine: fetchRssiLinkSpeedAndFrequencyNative rssi=-39 linkspeed=433 freq=5240
10-22 13:24:12.002  3957  4129 V WifiConfigManager: Updating scan detail cache freq=5240 BSSID=f4:6d:2f:12:cc:88 RSSI=-39 for "ourhome"WPA_PSK
10-22 13:24:12.021  4340  4731 D NetworkController.MobileSignalController(0/-2): onSignalStrengthsChanged signalStrength=SignalStrength: 22 99 -22 -200 -22 -200 -1 99 2147483647 2147483647 2147483647 2147483647 0 2147483647 0x4 P gsm|lte level=4
10-22 13:24:12.022  4340  4731 D NetworkController.MobileSignalController(0/-2): getMobileIconGroup(): 0
10-22 13:24:12.104  4725  5112 I BatteryMgr:DataCollectionService: stats => 1697973852104,135,4310,141,0,100
10-22 13:24:12.189  3957  6478 D SSRM:k  : SIOP:: AP = 340, PST = 327 (W:24), BAT = 248, USB = 0, CHG = 0
10-22 13:24:12.213  4725  5112 I BatteryMgr:DataCollectionService: stats => 1697973852213,135,4310,141,0,100
10-22 13:24:12.317  3957  4129 D WifiStateMachine:  ConnectedState !CMD_RSSI_POLL rt=580258901/1636234374 104 0 "ourhome" f4:6d:2f:12:cc:88 rssi=-39 f=5240 sc=60 link=433 tx=0.6, 0.0, 0.0  rx=5.6 bcn=387338 [on:0 tx:0 rx:0 period:324] from screen [on:379536 period:2326797] score=60
10-22 13:24:12.319  3957  4129 D WifiStateMachine:  L2ConnectedState !CMD_RSSI_POLL rt=580258903/1636234375 104 0 "ourhome" f4:6d:2f:12:cc:88 rssi=-39 f=5240 sc=60 link=433 tx=0.6, 0.0, 0.0  rx=5.6 bcn=387338 [on:0 tx:0 rx:0 period:2] from screen [on:379536 period:2326799] score=60
10-22 13:24:12.320  3957  4129 D WifiStateMachine:  get link layer stats 3
10-22 13:24:12.320  3436  3436 I android.hardware.wifi@1.0-service: getLinkLayerStats
10-22 13:24:12.320  4725  5112 I BatteryMgr:DataCollectionService: stats => 1697973852320,135,4310,141,0,100
10-22 13:24:12.325  3957  4129 D WifiStateMachine: fetchRssiLinkSpeedAndFrequencyNative rssi=-40 linkspeed=433 freq=5240
10-22 13:24:12.326  3957  4129 V WifiConfigManager: Updating scan detail cache freq=5240 BSSID=f4:6d:2f:12:cc:88 RSSI=-39 for "ourhome"WPA_PSK
10-22 13:24:12.332  4340  4340 E SignalClusterView: setSlotFocusVisible : subId -2
10-22 13:24:12.333  4340  4340 E SignalClusterView: setSlotFocusVisible : subId -2
10-22 13:24:12.432  4725  5112 I BatteryMgr:DataCollectionService: stats => 1697973852432,135,4310,141,0,100
10-22 13:24:12.540  4725  5112 I BatteryMgr:DataCollectionService: stats => 1697973852540,135,4310,141,0,100
10-22 13:24:12.652  4725  5112 I BatteryMgr:DataCollectionService: stats => 1697973852652,135,4310,141,0,100
10-22 13:24:12.762  4725  5112 I BatteryMgr:DataCollectionService: stats => 1697973852762,135,4310,141,0,100
10-22 13:24:12.787  3957  4128 D WifiService: getConnectionInfo uid=1000
10-22 13:24:12.872  4725  5112 I BatteryMgr:DataCollectionService: stats => 1697973852872,135,4310,141,0,100
10-22 13:24:12.982  4725  5112 I BatteryMgr:DataCollectionService: stats => 1697973852982,135,4310,141,0,100
10-22 13:24:12.994  3957  4129 D WifiStateMachine:  ConnectedState !RSSI_PKTCNT_FETCH uid=1000 rt=580259577/1636235049 0 0 "ourhome" f4:6d:2f:12:cc:88 rssi=-40 f=5240 sc=60 link=433 tx=2.8, 0.0, 0.0  rx=7.1 bcn=387366 [on:0 tx:0 rx:0 period:664] from screen [on:380575 period:2327473] score=60
10-22 13:24:12.996  3957  4129 D WifiStateMachine:  L2ConnectedState !RSSI_PKTCNT_FETCH uid=1000 rt=580259580/1636235052 0 0 "ourhome" f4:6d:2f:12:cc:88 rssi=-40 f=5240 sc=60 link=433 tx=2.8, 0.0, 0.0  rx=7.1 bcn=387366 [on:0 tx:0 rx:0 period:3] from screen [on:380575 period:2327476] score=60
10-22 13:24:13.002  3957  4129 D WifiStateMachine: fetchRssiLinkSpeedAndFrequencyNative rssi=-39 linkspeed=433 freq=5240
10-22 13:24:13.003  3957  4129 V WifiConfigManager: Updating scan detail cache freq=5240 BSSID=f4:6d:2f:12:cc:88 RSSI=-39 for "ourhome"WPA_PSK
10-22 13:24:13.090  4725  5112 I BatteryMgr:DataCollectionService: stats => 1697973853090,135,4310,141,0,100
10-22 13:24:13.182  2479  2548 D ScanRecord: Not a Multi Manu data
10-22 13:24:13.189  2479  2548 I chatty  : uid=1002(bluetooth) BT Service Call identical 20 lines
10-22 13:24:13.189  2479  2548 D ScanRecord: Not a Multi Manu data
10-22 13:24:13.201  4725  5112 I BatteryMgr:DataCollectionService: stats => 1697973853201,135,4310,141,0,100
10-22 13:24:13.224  2479  2548 D ScanRecord: Not a Multi Manu data
10-22 13:24:13.302  2479  2548 I chatty  : uid=1002(bluetooth) BT Service Call identical 64 lines
10-22 13:24:13.302  2479  2548 D ScanRecord: Not a Multi Manu data
10-22 13:24:13.312  4725  5112 I BatteryMgr:DataCollectionService: stats => 1697973853312,135,4310,141,0,100
10-22 13:24:13.318  2479  2548 D ScanRecord: Not a Multi Manu data
10-22 13:24:13.406  2479  2548 I chatty  : uid=1002(bluetooth) BT Service Call identical 97 lines
10-22 13:24:13.406  2479  2548 D ScanRecord: Not a Multi Manu data
10-22 13:24:13.419  4725  5112 I BatteryMgr:DataCollectionService: stats => 1697973853419,135,4310,141,0,100
10-22 13:24:13.432  2479  2548 D ScanRecord: Not a Multi Manu data
10-22 13:24:13.517  2479  2548 I chatty  : uid=1002(bluetooth) BT Service Call identical 108 lines
10-22 13:24:13.517  2479  2548 D ScanRecord: Not a Multi Manu data
10-22 13:24:13.527  4725  5112 I BatteryMgr:DataCollectionService: stats => 1697973853527,135,4310,141,0,100
10-22 13:24:13.541  2479  2548 D ScanRecord: Not a Multi Manu data
10-22 13:24:13.632  2479  2548 I chatty  : uid=1002(bluetooth) BT Service Call identical 130 lines
10-22 13:24:13.632  2479  2548 D ScanRecord: Not a Multi Manu data
10-22 13:24:13.637  4725  5112 I BatteryMgr:DataCollectionService: stats => 1697973853637,135,4310,141,0,100
10-22 13:24:13.638  2479  2548 D ScanRecord: Not a Multi Manu data
10-22 13:24:13.666  2479  2548 I chatty  : uid=1002(bluetooth) BT Service Call identical 53 lines
10-22 13:24:13.666  2479  2548 D ScanRecord: Not a Multi Manu data
10-22 13:24:13.749  4725  5112 I BatteryMgr:DataCollectionService: stats => 1697973853749,135,4310,141,0,100
10-22 13:24:13.790  3957  4128 D WifiService: getConnectionInfo uid=1000
10-22 13:24:13.860  4725  5112 I BatteryMgr:DataCollectionService: stats => 1697973853860,135,4310,141,0,100
10-22 13:24:13.971  4725  5112 I BatteryMgr:DataCollectionService: stats => 1697973853971,135,4310,141,0,100
10-22 13:24:13.997  3957  4129 D WifiStateMachine:  ConnectedState !RSSI_PKTCNT_FETCH uid=1000 rt=580260579/1636236052 0 0 "ourhome" f4:6d:2f:12:cc:88 rssi=-39 f=5240 sc=60 link=433 tx=2.8, 0.0, 0.0  rx=7.1 bcn=387366 [on:0 tx:0 rx:0 period:1001] from screen [on:380575 period:2328477] score=60
10-22 13:24:13.999  3957  4129 D WifiStateMachine:  L2ConnectedState !RSSI_PKTCNT_FETCH uid=1000 rt=580260583/1636236056 0 0 "ourhome" f4:6d:2f:12:cc:88 rssi=-39 f=5240 sc=60 link=433 tx=2.8, 0.0, 0.0  rx=7.1 bcn=387366 [on:0 tx:0 rx:0 period:2] from screen [on:380575 period:2328479] score=60
10-22 13:24:14.006  3957  4129 D WifiStateMachine: fetchRssiLinkSpeedAndFrequencyNative rssi=-39 linkspeed=433 freq=5240
10-22 13:24:14.006  3957  4129 V WifiConfigManager: Updating scan detail cache freq=5240 BSSID=f4:6d:2f:12:cc:88 RSSI=-39 for "ourhome"WPA_PSK
10-22 13:24:14.083  4725  5112 I BatteryMgr:DataCollectionService: stats => 1697973854083,135,4310,141,0,100
10-22 13:24:14.146  4961  4961 D io_stats: !@ 179,0 r 8756465 284806904 w 2028237 40067388 d 161233 36257520 f 620257 644499 iot 4050652 3504169 th 51200 0 0 pt 0 inp 0 0 580260.731
10-22 13:24:14.192  4725  5112 I BatteryMgr:DataCollectionService: stats => 1697973854192,135,4310,141,0,100
10-22 13:24:14.303  4725  5112 I BatteryMgr:DataCollectionService: stats => 1697973854303,135,4310,141,0,100
10-22 13:24:14.415  4725  5112 I BatteryMgr:DataCollectionService: stats => 1697973854414,135,4310,141,0,100
10-22 13:24:14.528  4725  5112 I BatteryMgr:DataCollectionService: stats => 1697973854528,135,4310,141,0,100
10-22 13:24:14.639  4725  5112 I BatteryMgr:DataCollectionService: stats => 1697973854639,135,4310,141,0,100
10-22 13:24:14.751  4725  5112 I BatteryMgr:DataCollectionService: stats => 1697973854751,135,4310,141,0,100
10-22 13:24:14.793  3957  4128 D WifiService: getConnectionInfo uid=1000
10-22 13:24:14.861  4725  5112 I BatteryMgr:DataCollectionService: stats => 1697973854861,135,4310,141,0,100
10-22 13:24:14.972  4725  5112 I BatteryMgr:DataCollectionService: stats => 1697973854972,135,4310,141,0,100
10-22 13:24:14.999  3957  4129 D WifiStateMachine:  ConnectedState !RSSI_PKTCNT_FETCH uid=1000 rt=580261581/1636237053 0 0 "ourhome" f4:6d:2f:12:cc:88 rssi=-39 f=5240 sc=60 link=433 tx=2.8, 0.0, 0.0  rx=7.1 bcn=387366 [on:0 tx:0 rx:0 period:999] from screen [on:380575 period:2329478] score=60
10-22 13:24:15.000  3957  4129 D WifiStateMachine:  L2ConnectedState !RSSI_PKTCNT_FETCH uid=1000 rt=580261585/1636237057 0 0 "ourhome" f4:6d:2f:12:cc:88 rssi=-39 f=5240 sc=60 link=433 tx=2.8, 0.0, 0.0  rx=7.1 bcn=387366 [on:0 tx:0 rx:0 period:2] from screen [on:380575 period:2329480] score=60
10-22 13:24:15.007  3957  4129 D WifiStateMachine: fetchRssiLinkSpeedAndFrequencyNative rssi=-38 linkspeed=433 freq=5240
10-22 13:24:15.007  3957  4129 V WifiConfigManager: Updating scan detail cache freq=5240 BSSID=f4:6d:2f:12:cc:88 RSSI=-38 for "ourhome"WPA_PSK
10-22 13:24:15.093  4725  5112 I BatteryMgr:DataCollectionService: stats => 1697973855093,135,4310,141,0,100
10-22 13:24:15.202  4725  5112 I BatteryMgr:DataCollectionService: stats => 1697973855202,135,4310,141,0,100
10-22 13:24:15.315  4725  5112 I BatteryMgr:DataCollectionService: stats => 1697973855315,135,4310,141,0,100
10-22 13:24:15.333  3957  4129 D WifiStateMachine:  ConnectedState !CMD_RSSI_POLL rt=580261914/1636237387 104 0 "ourhome" f4:6d:2f:12:cc:88 rssi=-38 f=5240 sc=60 link=433 tx=2.8, 0.0, 0.0  rx=7.1 bcn=387366 [on:0 tx:0 rx:0 period:333] from screen [on:380575 period:2329813] score=60
10-22 13:24:15.339  3957  4129 D WifiStateMachine:  L2ConnectedState !CMD_RSSI_POLL rt=580261921/1636237394 104 0 "ourhome" f4:6d:2f:12:cc:88 rssi=-38 f=5240 sc=60 link=433 tx=2.8, 0.0, 0.0  rx=7.1 bcn=387366 [on:0 tx:0 rx:0 period:6] from screen [on:380575 period:2329819] score=60
10-22 13:24:15.340  3957  4129 D WifiStateMachine:  get link layer stats 3
10-22 13:24:15.340  3436  3436 I android.hardware.wifi@1.0-service: getLinkLayerStats
10-22 13:24:15.361  3957  4129 D WifiStateMachine: fetchRssiLinkSpeedAndFrequencyNative rssi=-39 linkspeed=433 freq=5240
10-22 13:24:15.361  3957  4129 V WifiConfigManager: Updating scan detail cache freq=5240 BSSID=f4:6d:2f:12:cc:88 RSSI=-38 for "ourhome"WPA_PSK
10-22 13:24:15.371  4340  4340 E SignalClusterView: setSlotFocusVisible : subId -2
10-22 13:24:15.373  4340  4340 E SignalClusterView: setSlotFocusVisible : subId -2
10-22 13:24:15.427  4725  5112 I BatteryMgr:DataCollectionService: stats => 1697973855427,135,4310,141,0,100
10-22 13:24:15.537  4725  5112 I BatteryMgr:DataCollectionService: stats => 1697973855537,135,4310,141,0,100
10-22 13:24:15.648  4725  5112 I BatteryMgr:DataCollectionService: stats => 1697973855648,135,4310,141,0,100
10-22 13:24:15.758  4725  5112 I BatteryMgr:DataCollectionService: stats => 1697973855757,135,4310,141,0,100
10-22 13:24:15.796  3957  4128 D WifiService: getConnectionInfo uid=1000
10-22 13:24:15.868  4725  5112 I BatteryMgr:DataCollectionService: stats => 1697973855868,135,4310,141,0,100
10-22 13:24:15.910  3957  4030 D SensorService: [SO] 0.326 0.053 9.974
10-22 13:24:15.979  4725  5112 I BatteryMgr:DataCollectionService: stats => 1697973855979,135,4310,141,0,100
10-22 13:24:16.002  3957  4129 D WifiStateMachine:  ConnectedState !RSSI_PKTCNT_FETCH uid=1000 rt=580262582/1636238055 0 0 "ourhome" f4:6d:2f:12:cc:88 rssi=-39 f=5240 sc=60 link=433 tx=1.0, 0.0, 0.0  rx=3.2 bcn=387392 [on:0 tx:0 rx:0 period:635] from screen [on:380815 period:2330482] score=60
10-22 13:24:16.005  3957  4129 D WifiStateMachine:  L2ConnectedState !RSSI_PKTCNT_FETCH uid=1000 rt=580262588/1636238060 0 0 "ourhome" f4:6d:2f:12:cc:88 rssi=-39 f=5240 sc=60 link=433 tx=1.0, 0.0, 0.0  rx=3.2 bcn=387392 [on:0 tx:0 rx:0 period:2] from screen [on:380815 period:2330484] score=60
10-22 13:24:16.008  3957  4129 D WifiStateMachine: fetchRssiLinkSpeedAndFrequencyNative rssi=-39 linkspeed=433 freq=5240
10-22 13:24:16.009  3957  4129 V WifiConfigManager: Updating scan detail cache freq=5240 BSSID=f4:6d:2f:12:cc:88 RSSI=-38 for "ourhome"WPA_PSK
10-22 13:24:16.091  4725  5112 I BatteryMgr:DataCollectionService: stats => 1697973856091,135,4310,141,0,100
10-22 13:24:16.203  4725  5112 I BatteryMgr:DataCollectionService: stats => 1697973856202,135,4310,141,0,100
10-22 13:24:16.233  3957  3980 W StorageManager: getStorageFullBytes DEFAULT_FULL_THRESHOLD_BYTES : 20971520, threadhold : 20971520
10-22 13:24:16.233  3957  3980 W StorageManager: getStorageLowBytes lowPercent : 5, lowBytes : 1260145254, maxLowBytes : 524288000
10-22 13:24:16.246  3957  3980 W DeviceStorageMonitorService: updateBroadcasts(/data) oldLevel:0, newLevel:0, seq:1
10-22 13:24:16.247  3957  3980 W DeviceStorageMonitorService: updateBroadcasts_filenode(/data) fn_oldLevel:0, fn_newLevel:0, seq:1
10-22 13:24:16.313  4725  5112 I BatteryMgr:DataCollectionService: stats => 1697973856312,135,4310,141,0,100
10-22 13:24:16.423  4725  5112 I BatteryMgr:DataCollectionService: stats => 1697973856422,135,4310,141,0,100
10-22 13:24:16.545  4725  5112 I BatteryMgr:DataCollectionService: stats => 1697973856545,135,4310,141,0,100
10-22 13:24:16.652  4725  5112 I BatteryMgr:DataCollectionService: stats => 1697973856652,135,4310,141,0,100
10-22 13:24:16.764  4725  5112 I BatteryMgr:DataCollectionService: stats => 1697973856764,135,4310,141,0,100
10-22 13:24:16.798  3957  4128 D WifiService: getConnectionInfo uid=1000
10-22 13:24:16.873  4725  5112 I BatteryMgr:DataCollectionService: stats => 1697973856873,135,4310,141,0,100
10-22 13:24:16.985  4725  5112 I BatteryMgr:DataCollectionService: stats => 1697973856985,135,4310,141,0,100
10-22 13:24:17.000  3957  4129 D WifiStateMachine:  ConnectedState !RSSI_PKTCNT_FETCH uid=1000 rt=580263584/1636239057 0 0 "ourhome" f4:6d:2f:12:cc:88 rssi=-39 f=5240 sc=60 link=433 tx=1.0, 0.0, 0.0  rx=3.2 bcn=387392 [on:0 tx:0 rx:0 period:996] from screen [on:380815 period:2331480] score=60
10-22 13:24:17.003  3957  4129 D WifiStateMachine:  L2ConnectedState !RSSI_PKTCNT_FETCH uid=1000 rt=580263586/1636239059 0 0 "ourhome" f4:6d:2f:12:cc:88 rssi=-39 f=5240 sc=60 link=433 tx=1.0, 0.0, 0.0  rx=3.2 bcn=387392 [on:0 tx:0 rx:0 period:2] from screen [on:380815 period:2331482] score=60
10-22 13:24:17.005  3957  4129 D WifiStateMachine: fetchRssiLinkSpeedAndFrequencyNative rssi=-39 linkspeed=433 freq=5240
10-22 13:24:17.005  3957  4129 V WifiConfigManager: Updating scan detail cache freq=5240 BSSID=f4:6d:2f:12:cc:88 RSSI=-38 for "ourhome"WPA_PSK
10-22 13:24:17.096  4725  5112 I BatteryMgr:DataCollectionService: stats => 1697973857096,135,4310,141,0,100
10-22 13:24:17.123  4340  4731 D NetworkController.MobileSignalController(0/-2): onSignalStrengthsChanged signalStrength=SignalStrength: 23 99 -23 -200 -23 -200 -1 99 2147483647 2147483647 2147483647 2147483647 0 2147483647 0x4 P gsm|lte level=4
10-22 13:24:17.123  4340  4731 D NetworkController.MobileSignalController(0/-2): getMobileIconGroup(): 0
10-22 13:24:17.208  4725  5112 I BatteryMgr:DataCollectionService: stats => 1697973857208,135,4310,141,0,100
10-22 13:24:17.320  4725  5112 I BatteryMgr:DataCollectionService: stats => 1697973857320,135,4310,141,0,100
10-22 13:24:17.431  4725  5112 I BatteryMgr:DataCollectionService: stats => 1697973857431,135,4310,141,0,100
10-22 13:24:17.542  4725  5112 I BatteryMgr:DataCollectionService: stats => 1697973857542,135,4310,141,0,100
10-22 13:24:17.655  4725  5112 I BatteryMgr:DataCollectionService: stats => 1697973857655,135,4310,141,0,100
10-22 13:24:17.768  4725  5112 I BatteryMgr:DataCollectionService: stats => 1697973857768,135,4310,141,0,100
10-22 13:24:17.801  3957  4128 D WifiService: getConnectionInfo uid=1000
10-22 13:24:17.880  4725  5112 I BatteryMgr:DataCollectionService: stats => 1697973857880,135,4310,141,0,100
10-22 13:24:17.991  4725  5112 I BatteryMgr:DataCollectionService: stats => 1697973857991,135,4310,141,0,100
10-22 13:24:18.002  3957  4129 D WifiStateMachine:  ConnectedState !RSSI_PKTCNT_FETCH uid=1000 rt=580264586/1636240058 0 0 "ourhome" f4:6d:2f:12:cc:88 rssi=-39 f=5240 sc=60 link=433 tx=1.0, 0.0, 0.0  rx=3.2 bcn=387392 [on:0 tx:0 rx:0 period:1000] from screen [on:380815 period:2332482] score=60
10-22 13:24:18.003  3957  4129 D WifiStateMachine:  L2ConnectedState !RSSI_PKTCNT_FETCH uid=1000 rt=580264588/1636240060 0 0 "ourhome" f4:6d:2f:12:cc:88 rssi=-39 f=5240 sc=60 link=433 tx=1.0, 0.0, 0.0  rx=3.2 bcn=387392 [on:0 tx:0 rx:0 period:1] from screen [on:380815 period:2332483] score=60
10-22 13:24:18.011  3957  4129 D WifiStateMachine: fetchRssiLinkSpeedAndFrequencyNative rssi=-39 linkspeed=433 freq=5240
10-22 13:24:18.011  3957  4129 V WifiConfigManager: Updating scan detail cache freq=5240 BSSID=f4:6d:2f:12:cc:88 RSSI=-38 for "ourhome"WPA_PSK
10-22 13:24:18.102  4725  5112 I BatteryMgr:DataCollectionService: stats => 1697973858102,135,4310,141,0,100
10-22 13:24:18.177  2479  2548 D ScanRecord: Not a Multi Manu data
10-22 13:24:18.200  2479  2548 I chatty  : uid=1002(bluetooth) BT Service Call identical 20 lines
10-22 13:24:18.200  2479  2548 D ScanRecord: Not a Multi Manu data
10-22 13:24:18.210  4725  5112 I BatteryMgr:DataCollectionService: stats => 1697973858210,135,4310,141,0,100
10-22 13:24:18.239  2479  2548 D ScanRecord: Not a Multi Manu data
10-22 13:24:18.305  2479  2548 I chatty  : uid=1002(bluetooth) BT Service Call identical 53 lines
10-22 13:24:18.305  2479  2548 D ScanRecord: Not a Multi Manu data
10-22 13:24:18.321  4725  5112 I BatteryMgr:DataCollectionService: stats => 1697973858321,135,4310,141,0,100
10-22 13:24:18.324  2479  2548 D ScanRecord: Not a Multi Manu data
10-22 13:24:18.366  2479  2548 I chatty  : uid=1002(bluetooth) BT Service Call identical 42 lines
10-22 13:24:18.366  2479  2548 D ScanRecord: Not a Multi Manu data
10-22 13:24:18.368  3957  4129 D WifiStateMachine:  ConnectedState !CMD_RSSI_POLL rt=580264950/1636240422 104 0 "ourhome" f4:6d:2f:12:cc:88 rssi=-39 f=5240 sc=60 link=433 tx=1.0, 0.0, 0.0  rx=3.2 bcn=387392 [on:0 tx:0 rx:0 period:365] from screen [on:380815 period:2332848] score=60
10-22 13:24:18.370  3957  4129 D WifiStateMachine:  L2ConnectedState !CMD_RSSI_POLL rt=580264954/1636240427 104 0 "ourhome" f4:6d:2f:12:cc:88 rssi=-39 f=5240 sc=60 link=433 tx=1.0, 0.0, 0.0  rx=3.2 bcn=387392 [on:0 tx:0 rx:0 period:2] from screen [on:380815 period:2332850] score=60
10-22 13:24:18.370  3957  4129 D WifiStateMachine:  get link layer stats 3
10-22 13:24:18.371  3436  3436 I android.hardware.wifi@1.0-service: getLinkLayerStats
10-22 13:24:18.376  3957  4129 D WifiStateMachine: fetchRssiLinkSpeedAndFrequencyNative rssi=-40 linkspeed=433 freq=5240
10-22 13:24:18.377  3957  4129 V WifiConfigManager: Updating scan detail cache freq=5240 BSSID=f4:6d:2f:12:cc:88 RSSI=-39 for "ourhome"WPA_PSK
10-22 13:24:18.383  4340  4340 E SignalClusterView: setSlotFocusVisible : subId -2
10-22 13:24:18.383  4340  4340 E SignalClusterView: setSlotFocusVisible : subId -2
10-22 13:24:18.384  2479  2548 D ScanRecord: Not a Multi Manu data
10-22 13:24:18.430  2479  2548 I chatty  : uid=1002(bluetooth) BT Service Call identical 64 lines
10-22 13:24:18.430  2479  2548 D ScanRecord: Not a Multi Manu data
10-22 13:24:18.431  4725  5112 I BatteryMgr:DataCollectionService: stats => 1697973858431,135,4310,141,0,100
10-22 13:24:18.447  2479  2548 D ScanRecord: Not a Multi Manu data
10-22 13:24:18.533  2479  2548 I chatty  : uid=1002(bluetooth) BT Service Call identical 108 lines
10-22 13:24:18.533  2479  2548 D ScanRecord: Not a Multi Manu data
10-22 13:24:18.543  4725  5112 I BatteryMgr:DataCollectionService: stats => 1697973858542,135,4310,141,0,100
10-22 13:24:18.569  2479  2548 D ScanRecord: Not a Multi Manu data
10-22 13:24:18.654  2479  2548 I chatty  : uid=1002(bluetooth) BT Service Call identical 64 lines
10-22 13:24:18.654  2479  2548 D ScanRecord: Not a Multi Manu data
10-22 13:24:18.654  4725  5112 I BatteryMgr:DataCollectionService: stats => 1697973858654,135,4310,141,0,100
10-22 13:24:18.661  2479  2548 D ScanRecord: Not a Multi Manu data
10-22 13:24:18.662  2479  2548 I chatty  : uid=1002(bluetooth) BT Service Call identical 9 lines
10-22 13:24:18.662  2479  2548 D ScanRecord: Not a Multi Manu data
10-22 13:24:18.765  4725  5112 I BatteryMgr:DataCollectionService: stats => 1697973858764,135,4310,141,0,100
10-22 13:24:18.803  3957  4128 D WifiService: getConnectionInfo uid=1000
10-22 13:24:18.881  4725  5112 I BatteryMgr:DataCollectionService: stats => 1697973858881,135,4310,141,0,100
10-22 13:24:18.993  4725  5112 I BatteryMgr:DataCollectionService: stats => 1697973858992,135,4310,141,0,100
10-22 13:24:19.004  3957  4129 D WifiStateMachine:  ConnectedState !RSSI_PKTCNT_FETCH uid=1000 rt=580265587/1636241060 0 0 "ourhome" f4:6d:2f:12:cc:88 rssi=-40 f=5240 sc=60 link=433 tx=1.0, 0.0, 0.0  rx=1.8 bcn=387420 [on:0 tx:0 rx:0 period:621] from screen [on:381288 period:2333484] score=60
10-22 13:24:19.006  3957  4129 D WifiStateMachine:  L2ConnectedState !RSSI_PKTCNT_FETCH uid=1000 rt=580265589/1636241062 0 0 "ourhome" f4:6d:2f:12:cc:88 rssi=-40 f=5240 sc=60 link=433 tx=1.0, 0.0, 0.0  rx=1.8 bcn=387420 [on:0 tx:0 rx:0 period:1] from screen [on:381288 period:2333485] score=60
10-22 13:24:19.012  3957  4129 D WifiStateMachine: fetchRssiLinkSpeedAndFrequencyNative rssi=-39 linkspeed=433 freq=5240
10-22 13:24:19.012  3957  4129 V WifiConfigManager: Updating scan detail cache freq=5240 BSSID=f4:6d:2f:12:cc:88 RSSI=-39 for "ourhome"WPA_PSK
10-22 13:24:19.105  4725  5112 I BatteryMgr:DataCollectionService: stats => 1697973859104,135,4310,141,0,100
10-22 13:24:19.150  4961  4961 D io_stats: !@ 179,0 r 8756487 284807492 w 2028247 40067544 d 161234 36257576 f 620258 644502 iot 4050684 3504189 th 51200 0 0 pt 0 inp 0 0 580265.735
10-22 13:24:19.213  4725  5112 I BatteryMgr:DataCollectionService: stats => 1697973859213,135,4310,141,0,100
10-22 13:24:19.327  4725  5112 I BatteryMgr:DataCollectionService: stats => 1697973859327,135,4310,141,0,100
10-22 13:24:19.442  4725  5112 I BatteryMgr:DataCollectionService: stats => 1697973859442,135,4310,141,0,100
10-22 13:24:19.551  4725  5112 I BatteryMgr:DataCollectionService: stats => 1697973859551,135,4310,141,0,100
10-22 13:24:19.661  4725  5112 I BatteryMgr:DataCollectionService: stats => 1697973859661,148,4310,152,0,100
10-22 13:24:19.771  4725  5112 I BatteryMgr:DataCollectionService: stats => 1697973859771,148,4310,152,0,100
10-22 13:24:19.805  3957  4128 D WifiService: getConnectionInfo uid=1000
10-22 13:24:19.883  4725  5112 I BatteryMgr:DataCollectionService: stats => 1697973859883,148,4310,152,0,100
10-22 13:24:19.990  4725  5112 I BatteryMgr:DataCollectionService: stats => 1697973859990,148,4310,152,0,100
10-22 13:24:20.004  3957  4129 D WifiStateMachine:  ConnectedState !RSSI_PKTCNT_FETCH uid=1000 rt=580266588/1636242061 0 0 "ourhome" f4:6d:2f:12:cc:88 rssi=-39 f=5240 sc=60 link=433 tx=1.0, 0.0, 0.0  rx=1.8 bcn=387420 [on:0 tx:0 rx:0 period:999] from screen [on:381288 period:2334484] score=60
10-22 13:24:20.006  3957  4129 D WifiStateMachine:  L2ConnectedState !RSSI_PKTCNT_FETCH uid=1000 rt=580266590/1636242063 0 0 "ourhome" f4:6d:2f:12:cc:88 rssi=-39 f=5240 sc=60 link=433 tx=1.0, 0.0, 0.0  rx=1.8 bcn=387420 [on:0 tx:0 rx:0 period:2] from screen [on:381288 period:2334486] score=60
10-22 13:24:20.012  3957  4129 D WifiStateMachine: fetchRssiLinkSpeedAndFrequencyNative rssi=-39 linkspeed=433 freq=5240
10-22 13:24:20.012  3957  4129 V WifiConfigManager: Updating scan detail cache freq=5240 BSSID=f4:6d:2f:12:cc:88 RSSI=-39 for "ourhome"WPA_PSK
10-22 13:24:20.081  3957  4554 D BatteryService: !@BatteryListener : batteryPropertiesChanged!
10-22 13:24:20.103  4725  5112 I BatteryMgr:DataCollectionService: stats => 1697973860103,148,4310,152,0,100
10-22 13:24:20.209  4725  5112 I BatteryMgr:DataCollectionService: stats => 1697973860209,148,4310,152,0,100
10-22 13:24:20.321  4725  5112 I BatteryMgr:DataCollectionService: stats => 1697973860321,148,4310,152,0,100
10-22 13:24:20.427  4725  5112 I BatteryMgr:DataCollectionService: stats => 1697973860427,148,4310,152,0,100
10-22 13:24:20.536  4725  5112 I BatteryMgr:DataCollectionService: stats => 1697973860536,148,4310,152,0,100
10-22 13:24:20.645  4725  5112 I BatteryMgr:DataCollectionService: stats => 1697973860645,148,4310,152,0,100
10-22 13:24:20.755  4725  5112 I BatteryMgr:DataCollectionService: stats => 1697973860755,148,4310,152,0,100
10-22 13:24:20.808  3957  4128 D WifiService: getConnectionInfo uid=1000
10-22 13:24:20.864  4725  5112 I BatteryMgr:DataCollectionService: stats => 1697973860864,148,4310,152,0,100
10-22 13:24:20.978  4725  5112 I BatteryMgr:DataCollectionService: stats => 1697973860977,148,4310,152,0,100
10-22 13:24:21.006  3957  4129 D WifiStateMachine:  ConnectedState !RSSI_PKTCNT_FETCH uid=1000 rt=580267590/1636243063 0 0 "ourhome" f4:6d:2f:12:cc:88 rssi=-39 f=5240 sc=60 link=433 tx=1.0, 0.0, 0.0  rx=1.8 bcn=387420 [on:0 tx:0 rx:0 period:1000] from screen [on:381288 period:2335486] score=60
10-22 13:24:21.008  3957  4129 D WifiStateMachine:  L2ConnectedState !RSSI_PKTCNT_FETCH uid=1000 rt=580267592/1636243064 0 0 "ourhome" f4:6d:2f:12:cc:88 rssi=-39 f=5240 sc=60 link=433 tx=1.0, 0.0, 0.0  rx=1.8 bcn=387420 [on:0 tx:0 rx:0 period:2] from screen [on:381288 period:2335488] score=60
10-22 13:24:21.010  3957  4129 D WifiStateMachine: fetchRssiLinkSpeedAndFrequencyNative rssi=-40 linkspeed=433 freq=5240
10-22 13:24:21.011  3957  4129 V WifiConfigManager: Updating scan detail cache freq=5240 BSSID=f4:6d:2f:12:cc:88 RSSI=-39 for "ourhome"WPA_PSK
10-22 13:24:21.088  4725  5112 I BatteryMgr:DataCollectionService: stats => 1697973861088,148,4310,152,0,100
10-22 13:24:21.197  4725  5112 I BatteryMgr:DataCollectionService: stats => 1697973861196,148,4310,152,0,100
10-22 13:24:21.306  4725  5112 I BatteryMgr:DataCollectionService: stats => 1697973861306,148,4310,152,0,100
10-22 13:24:21.380  3957  4129 D WifiStateMachine:  ConnectedState !CMD_RSSI_POLL rt=580267964/1636243437 104 0 "ourhome" f4:6d:2f:12:cc:88 rssi=-40 f=5240 sc=60 link=433 tx=1.0, 0.0, 0.0  rx=1.8 bcn=387420 [on:0 tx:0 rx:0 period:372] from screen [on:381288 period:2335860] score=60
