10-22 13:51:25.389  8331  8331 I zygote64: no shared libraies, dex_files: 1
10-22 13:51:25.411  3957  4025 D ViewRootImpl@5c71fb2[fenix]: setView = DecorView@e3d2a80[fenix] TM=true MM=false
10-22 13:51:25.415  3957  4025 D ViewRootImpl@5c71fb2[fenix]: dispatchAttachedToWindow
10-22 13:51:25.415  3957  4025 V WindowManager: Relayout Window{71ceb03 u0 Splash Screen org.mozilla.fenix}: viewVisibility=0 req=719x1237 WM.LayoutParams{(0,0)(fillxfill) sim=#20 ty=3 fl=#81830118 pfl=0x20011 fmt=-3 wanim=0x10302ea vsysui=0x600 needsMenuKey=2 colorMode=0 naviIconColor=0}
10-22 13:51:25.418  3447  3447 I SurfaceFlinger: id=2980 createSurf (720x1280),1 flag=4, Splash Screen org.mozilla.fenix#0
10-22 13:51:25.420  3957  4025 V Surface : sf_framedrop debug : 0x4f4c, game : false, logging : 0
10-22 13:51:25.423  3957  4025 D ViewRootImpl@5c71fb2[fenix]: Relayout returned: old=[0,0][0,0] new=[0,0][720,1280] result=0x7 surface={valid=true 501451542528} changed=true
10-22 13:51:25.426  3957  4025 D ViewRootImpl@5c71fb2[fenix]: MSG_RESIZED_REPORT: frame=Rect(0, 0 - 720, 1280) ci=Rect(0, 42 - 0, 0) vi=Rect(0, 42 - 0, 0) or=1
10-22 13:51:25.444  4340 12450 D SystemServicesProxy: updateOverviewLastStackActiveTimeAsync: newTime=1697975485318
10-22 13:51:25.445  3957  5413 D SecContentProvider: query(), uri = 17 selection = isSettingsChangesAllowed
10-22 13:51:25.445  3957  5413 D SecContentProvider: called from android.uid.systemui:10009
10-22 13:51:25.446  4340  4692 D SystemServicesProxy: updateOverviewLastStackActiveTimeAsync: done.
10-22 13:51:25.447  3957  4025 V WindowManager: finishDrawingLocked: mDrawState=COMMIT_DRAW_PENDING Window{71ceb03 u0 Splash Screen org.mozilla.fenix} in Surface(name=Splash Screen org.mozilla.fenix)
10-22 13:51:25.448  3957  3967 D PackageManager: getComponentMetadataForIconTray : com.example.batterymanager_utility.MainActivity does not exist in mServices
10-22 13:51:25.448  3957  3967 D PackageManager: getComponentMetadataForIconTray : com.example.batterymanager_utility.MainActivity does not exist in mProviders
10-22 13:51:25.448  3957  3967 D PackageManager: getComponentMetadataForIconTray : com.example.batterymanager_utility.MainActivity does not exist in mReceivers
10-22 13:51:25.449  4340 12450 D ApplicationPackageManager: updateItemMetaDataForFixedIconScale: package: com.example.batterymanager_utility
10-22 13:51:25.449  3957  3967 D PackageManager: getSelectedMetaData : packageName(com.example.batterymanager_utility) or Metadata strings {[Ljava.lang.String;@1fe48b9}
10-22 13:51:25.450  4340 12450 I ApplicationPackageManager: load=com.example.batterymanager_utility, bg=144-144, dr=189-189, forDefault=true, density=0
10-22 13:51:25.451  4340 12450 I ApplicationPackageManager: scaled rate=0.72, size=189, alpha=54, hold=102
10-22 13:51:25.452  4340 12450 D ApplicationPackageManager: iconScale: getScale(): 0.72 getAlpha(): 54
10-22 13:51:25.453  4340 12450 I ApplicationPackageManager: load=com.example.batterymanager_utility-contain, bg=112-112, dr=189-189
10-22 13:51:25.467  3447  3447 V Surface : sf_framedrop debug : 0x4f4c, game : false, logging : 0
10-22 13:51:25.469  8283  8301 D OpenGLRenderer: eglDestroySurface = 0x74d4499a80
10-22 13:51:25.476  3957  4025 D TaskSnapshotCache: putSnapshot mTaskId=516 RunningCache size=1
10-22 13:51:25.479  3957  4651 V WindowManager: Relayout Window{ad45ef6 u0 com.example.batterymanager_utility/com.example.batterymanager_utility.MainActivity}: viewVisibility=8 req=720x1280 WM.LayoutParams{(0,0)(fillxfill) sim=#120 ty=1 fl=#81810100 pfl=0x20000 wanim=0x10302fd vsysui=0x600 needsMenuKey=2 colorMode=0 naviIconColor=0}
10-22 13:51:25.485  8283  8283 D ViewRootImpl@4470b6[MainActivity]: Relayout returned: old=[0,0][720,1280] new=[0,0][720,1280] result=0x5 surface={valid=false 0} changed=true
10-22 13:51:25.486  3957  3973 D WindowManager: set systemUiVisibility : systemUiFlags= 0x608 fullscreenStackSysUiFlags= 0x0
10-22 13:51:25.501  8331  8331 I FirebaseApp: Device unlocked: initializing all Firebase APIs for app [DEFAULT]
10-22 13:51:25.503  3447  3447 I SurfaceFlinger: Display 0 HWC layers:
10-22 13:51:25.503  3447  3447 I SurfaceFlinger:     type    |    handle    | flag |  format   |   source crop (l,t,r,b)    |         frame       | name 
10-22 13:51:25.503  3447  3447 I SurfaceFlinger: ------------+--------------+------+-----------+----------------------------+---------------------+------
10-22 13:51:25.503  3447  3447 I SurfaceFlinger:      Client |              | 0000 |  Unknown  |  -0.2   -0.2   -0.8   -0.8 |    0    0  720 1280 | animation background stackId=1#0
10-22 13:51:25.503  3447  3447 I SurfaceFlinger:      Client | 0x7ea5024000 | 0002 | RGBA_8888 |   0.0    0.0  720.0 1280.0 |    0    0  720 1279 | com.example.batterymanager_utility/c[...]atterymanager_utility.MainActivity#0
10-22 13:51:25.503  3447  3447 I SurfaceFlinger:      Device | 0x7e9ed388c0 | 0000 | RGBA_8888 |   0.0    0.0  720.0   42.0 |    0    0  720   42 | StatusBar#0
10-22 13:51:25.503  3447  3447 I SurfaceFlinger: 
10-22 13:51:25.507  3957  4089 D MdnieScenarioControlService:  packageName : org.mozilla.fenix    className : org.mozilla.fenix.App
10-22 13:51:25.507  3957  4089 V MdnieScenarioControlService: setUIMode from UI function(3)
10-22 13:51:25.512  8331  8331 I FirebaseInitProvider: FirebaseApp initialization successful
10-22 13:51:25.689  3447  3447 I SurfaceFlinger: Display 0 HWC layers:
10-22 13:51:25.689  3447  3447 I SurfaceFlinger:     type    |    handle    | flag |  format   |   source crop (l,t,r,b)    |         frame       | name 
10-22 13:51:25.689  3447  3447 I SurfaceFlinger: ------------+--------------+------+-----------+----------------------------+---------------------+------
10-22 13:51:25.689  3447  3447 I SurfaceFlinger:      Client |              | 0000 |  Unknown  |  -0.2   -0.2   -0.8   -0.8 |    0    0  720 1280 | animation background stackId=1#0
10-22 13:51:25.689  3447  3447 I SurfaceFlinger:      Client | 0x7ea5024000 | 0002 | RGBA_8888 |   0.0    0.0  720.0 1280.0 |   16   29  703 1251 | com.example.batterymanager_utility/c[...]atterymanager_utility.MainActivity#0
10-22 13:51:25.689  3447  3447 I SurfaceFlinger:      Client | 0x7ea5024fc0 | 0000 | RGBA_8888 |   0.0    0.0  720.0 1022.0 |   17  305  704 1280 | Splash Screen org.mozilla.fenix#0
10-22 13:51:25.689  3447  3447 I SurfaceFlinger:      Client | 0x7e9ed388c0 | 0000 | RGBA_8888 |   0.0    0.0  720.0   42.0 |    0    0  720   42 | StatusBar#0
10-22 13:51:25.689  3447  3447 I SurfaceFlinger: 
10-22 13:51:25.692  8331  8357 W linker  : "/data/app/org.mozilla.fenix-iWpGOrf8cry6RDpwHyQugA==/lib/arm64/libxul.so" unused DT entry: type 0x8000024 arg 0x539420
10-22 13:51:25.692  8331  8357 W linker  : "/data/app/org.mozilla.fenix-iWpGOrf8cry6RDpwHyQugA==/lib/arm64/libxul.so" unused DT entry: type 0x8000023 arg 0x17d68
10-22 13:51:25.693  8331  8357 W linker  : "/data/app/org.mozilla.fenix-iWpGOrf8cry6RDpwHyQugA==/lib/arm64/libxul.so" unused DT entry: type 0x8000025 arg 0x8
10-22 13:51:25.694  8331  8357 W linker  : "/data/app/org.mozilla.fenix-iWpGOrf8cry6RDpwHyQugA==/lib/arm64/libnss3.so" unused DT entry: type 0x8000024 arg 0x14998
10-22 13:51:25.694  8331  8357 W linker  : "/data/app/org.mozilla.fenix-iWpGOrf8cry6RDpwHyQugA==/lib/arm64/libnss3.so" unused DT entry: type 0x8000023 arg 0x5c8
10-22 13:51:25.694  8331  8357 W linker  : "/data/app/org.mozilla.fenix-iWpGOrf8cry6RDpwHyQugA==/lib/arm64/libnss3.so" unused DT entry: type 0x8000025 arg 0x8
10-22 13:51:25.694  8331  8357 W linker  : "/data/app/org.mozilla.fenix-iWpGOrf8cry6RDpwHyQugA==/lib/arm64/libmozglue.so" unused DT entry: type 0x8000024 arg 0x38f70
10-22 13:51:25.694  8331  8357 W linker  : "/data/app/org.mozilla.fenix-iWpGOrf8cry6RDpwHyQugA==/lib/arm64/libmozglue.so" unused DT entry: type 0x8000023 arg 0x1f8
10-22 13:51:25.694  8331  8357 W linker  : "/data/app/org.mozilla.fenix-iWpGOrf8cry6RDpwHyQugA==/lib/arm64/libmozglue.so" unused DT entry: type 0x8000025 arg 0x8
10-22 13:51:25.695  8331  8357 W linker  : "/data/app/org.mozilla.fenix-iWpGOrf8cry6RDpwHyQugA==/lib/arm64/libmozglue.so" unused DT entry: type 0x8000024 arg 0x38f70
10-22 13:51:25.695  8331  8357 W linker  : "/data/app/org.mozilla.fenix-iWpGOrf8cry6RDpwHyQugA==/lib/arm64/libmozglue.so" unused DT entry: type 0x8000023 arg 0x1f8
10-22 13:51:25.695  8331  8357 W linker  : "/data/app/org.mozilla.fenix-iWpGOrf8cry6RDpwHyQugA==/lib/arm64/libmozglue.so" unused DT entry: type 0x8000025 arg 0x8
10-22 13:51:25.695  8331  8357 W linker  : "/data/app/org.mozilla.fenix-iWpGOrf8cry6RDpwHyQugA==/lib/arm64/libmozglue.so" unused DT entry: type 0x8000024 arg 0x38f70
10-22 13:51:25.696  8331  8357 W linker  : "/data/app/org.mozilla.fenix-iWpGOrf8cry6RDpwHyQugA==/lib/arm64/libmozglue.so" unused DT entry: type 0x8000023 arg 0x1f8
10-22 13:51:25.696  8331  8357 W linker  : "/data/app/org.mozilla.fenix-iWpGOrf8cry6RDpwHyQugA==/lib/arm64/libmozglue.so" unused DT entry: type 0x8000025 arg 0x8
10-22 13:51:25.696  8331  8357 W linker  : "/data/app/org.mozilla.fenix-iWpGOrf8cry6RDpwHyQugA==/lib/arm64/libmozglue.so" unused DT entry: type 0x8000024 arg 0x38f70
10-22 13:51:25.696  8331  8357 W linker  : "/data/app/org.mozilla.fenix-iWpGOrf8cry6RDpwHyQugA==/lib/arm64/libmozglue.so" unused DT entry: type 0x8000023 arg 0x1f8
10-22 13:51:25.696  8331  8357 W linker  : "/data/app/org.mozilla.fenix-iWpGOrf8cry6RDpwHyQugA==/lib/arm64/libmozglue.so" unused DT entry: type 0x8000025 arg 0x8
10-22 13:51:25.836  8331  8357 I nimbus::stateful::nimbus_client: updating experiment list
10-22 13:51:25.841  8331  8357 I nimbus::stateful::persistence: Already at version 2, no upgrade needed
10-22 13:51:25.842  8331  8357 I nimbus::stateful::nimbus_client: [Nimbus] Retrieved date from Context: 2023-09-28 18:32:20 UTC
10-22 13:51:25.843  8331  8357 I nimbus::stateful::nimbus_client: [Nimbus] Installation Date: 2023-09-28 18:32:20 UTC
10-22 13:51:25.843  8331  8357 I nimbus::stateful::nimbus_client: [Nimbus] Update Date: 2023-09-28 18:32:25.568136298 UTC
10-22 13:51:25.843  8331  8357 I nimbus::stateful::nimbus_client: [Nimbus] Days since install: 23
10-22 13:51:25.843  8331  8357 I nimbus::stateful::nimbus_client: [Nimbus] Days since update: 23
10-22 13:51:25.882  8331  8360 I GeckoThread: preparing to run Gecko
10-22 13:51:25.888  3957  3967 W StorageManager: getStorageLowBytes lowPercent : 5, lowBytes : 1260145254, maxLowBytes : 524288000
10-22 13:51:25.890  3957  4651 W StorageManager: getStorageLowBytes lowPercent : 5, lowBytes : 1260145254, maxLowBytes : 524288000
10-22 13:51:25.892  3957  4651 W StorageManager: getStorageLowBytes lowPercent : 5, lowBytes : 1260145254, maxLowBytes : 524288000
10-22 13:51:25.907  8331  8360 I GeckoLoader: Library base=/data/app/org.mozilla.fenix-iWpGOrf8cry6RDpwHyQugA==/lib/arm64
10-22 13:51:25.907  8331  8363 I libglean_ffi: glean_core::core: Creating new Glean v54.0.0
10-22 13:51:25.912  8331  8363 I libglean_ffi: glean_core::database: Database initialized
10-22 13:51:25.914  8331  8360 W Settings: Setting animator_duration_scale has moved from android.provider.Settings.System to android.provider.Settings.Global, returning read-only global URI.
10-22 13:51:25.916  8331  8360 I GeckoLoader: Library base=/data/app/org.mozilla.fenix-iWpGOrf8cry6RDpwHyQugA==/lib/arm64
10-22 13:51:25.919  8331  8360 E GeckoLibLoad: Load sqlite start
10-22 13:51:25.919  8331  8363 I libglean_ffi: glean_core: Glean initialized
10-22 13:51:25.921  8331  8360 E GeckoLibLoad: Load sqlite done
10-22 13:51:25.921  8331  8360 I GeckoLoader: Library base=/data/app/org.mozilla.fenix-iWpGOrf8cry6RDpwHyQugA==/lib/arm64
10-22 13:51:25.921  8331  8360 E GeckoLibLoad: Load nss start
10-22 13:51:25.921  8331  8360 E GeckoLibLoad: Load nss done
10-22 13:51:25.921  8331  8360 I GeckoLoader: Library base=/data/app/org.mozilla.fenix-iWpGOrf8cry6RDpwHyQugA==/lib/arm64
10-22 13:51:25.921  8331  8363 I libglean_ffi: glean_core::event_database: Loading events for background-update
10-22 13:51:25.925  8331  8363 I libglean_ffi: glean_core::event_database: Loading events for events
10-22 13:51:25.928  8331  8360 E GeckoLibLoad: Loaded libs in 6.214692ms total, 0ms(16ms) user, 4ms(4ms) system, 0(1) faults
10-22 13:51:25.929  8331  8363 I libglean_ffi: glean_core::ping: Collecting events
10-22 13:51:25.930  8331  8360 W GeckoThread: zerdatime 1637867988 - runGecko
10-22 13:51:25.931  3957  4128 D WifiService: getConnectionInfo uid=1000
10-22 13:51:25.939  8331  8363 I libglean_ffi: glean_core::upload::directory: Processing ping at: /data/user/0/org.mozilla.fenix/glean_data/pending_pings/0ae40de8-5592-4583-97f6-8165449b412d
10-22 13:51:25.940  8331  8363 I libglean_ffi: glean_core::metrics::ping: The ping 'events' was submitted and will be sent as soon as possible
10-22 13:51:25.946  3599  3918 D DnsProxyListener: DNSDBG::dns by name af 2
10-22 13:51:25.949  3957  4651 D PackageManager: setEnabledSetting : userId = 0 packageName = org.mozilla.fenix cmp = androidx.work.impl.background.systemjob.SystemJobService newState = 1 callingPackage = 10169/org.mozilla.fenix
10-22 13:51:25.960  8331  8363 I glean/MetricsPingSched: The 'metrics' ping was already sent today, 1697975485957.
10-22 13:51:25.962  8331  8363 I libglean_ffi: glean_core::ping: Collecting baseline
10-22 13:51:25.970  3957  4025 I WindowManager: Destroying surface Surface(name=com.example.batterymanager_utility/com.example.batterymanager_utility.MainActivity) called by com.android.server.wm.WindowStateAnimator.destroySurface:2501 com.android.server.wm.WindowStateAnimator.destroySurfaceLocked:985 com.android.server.wm.WindowState.destroyOrSaveSurfaceUnchecked:3670 com.android.server.wm.WindowState.destroySurface:3618 com.android.server.wm.AppWindowToken.destroySurfaces:722 com.android.server.wm.AppWindowToken.destroySurfaces:706 com.android.server.wm.WindowState.onExitAnimationDone:5316 com.android.server.wm.WindowStateAnimator.stepAnimationLocked:550 
10-22 13:51:25.971  3447  5168 I SurfaceFlinger: id=2979 Removed com.example.batterymanager_utility/com.example.batterymanager_utility.MainActivity#0 (2/5)
10-22 13:51:25.975  3447  4088 I SurfaceFlinger: id=2979 Removed com.example.batterymanager_utility/com.example.batterymanager_utility.MainActivity#0 (-2/5)
10-22 13:51:25.982  3447  3447 I Layer   : id=2979 onRemoved com.example.batterymanager_utility/com.example.batterymanager_utility.MainActivity#0 
10-22 13:51:25.985  3447  3447 I SurfaceFlinger: Display 0 HWC layers:
10-22 13:51:25.985  3447  3447 I SurfaceFlinger:     type    |    handle    | flag |  format   |   source crop (l,t,r,b)    |         frame       | name 
10-22 13:51:25.985  3447  3447 I SurfaceFlinger: ------------+--------------+------+-----------+----------------------------+---------------------+------
10-22 13:51:25.985  3447  3447 I SurfaceFlinger:      Device | 0x7ea5024fc0 | 0000 | RGBA_8888 |   0.0    0.0  720.0 1280.0 |    0    0  720 1280 | Splash Screen org.mozilla.fenix#0
10-22 13:51:25.985  3447  3447 I SurfaceFlinger:      Device | 0x7e9ed388c0 | 0000 | RGBA_8888 |   0.0    0.0  720.0   42.0 |    0    0  720   42 | StatusBar#0
10-22 13:51:25.985  3447  3447 I SurfaceFlinger: 
10-22 13:51:25.986  8331  8363 I libglean_ffi: glean_core::upload::directory: Processing ping at: /data/user/0/org.mozilla.fenix/glean_data/pending_pings/202da485-2f2c-4ec5-941b-657c7b0b7805
10-22 13:51:25.987  8331  8363 I libglean_ffi: glean_core::metrics::ping: The ping 'baseline' was submitted and will be sent as soon as possible
10-22 13:51:25.993  3957  4324 I OpenGLRenderer: Initialized EGL, version 1.4
10-22 13:51:25.994  3957  4324 D OpenGLRenderer: Swap behavior 2
10-22 13:51:26.005  8331  8359 I libglean_ffi: glean_core::ping: Collecting pageload
10-22 13:51:26.007  8331  8359 I libglean_ffi: glean_core::ping: Storage for pageload empty. Bailing out.
10-22 13:51:26.008  8331  8359 I libglean_ffi: glean_core::metrics::ping: No content for ping 'pageload', therefore no ping queued.
10-22 13:51:26.041  8331  8360 I Gecko:DumpUtils: Fifo watcher disabled via pref.
10-22 13:51:26.047  8331  8359 I libglean_ffi: glean_core::core: Upload enabled: true
10-22 13:51:26.080  8331  8331 I FenixApplication: AutoPushFeature is configured, initializing it...
10-22 13:51:26.081  8331  8331 I AbstractFirebasePushService: start
10-22 13:51:26.084  3957  5413 D ConnectivityService: filterNetworkStateForUid() uid: 10169 networkInfo: [type: WIFI[] - WIFI, state: CONNECTED/CONNECTED, reason: (unspecified), extra: "ourhome", failover: false, available: true, roaming: false, metered: false]
10-22 13:51:26.084  3957  5413 D WifiService: getConnectionInfo uid=1000
10-22 13:51:26.087  8331  8331 I MemoryController: onTrimMemory(5)
10-22 13:51:26.087  8331  8331 I FenixApplication: onTrimMemory(), level=5, main=true
10-22 13:51:26.125  3957  4651 D PackageManager: setEnabledSetting : userId = 0 packageName = org.mozilla.fenix cmp = androidx.work.impl.background.systemalarm.RescheduleReceiver newState = 1 callingPackage = 10169/org.mozilla.fenix
10-22 13:51:26.128  8331  8342 I zygote64: Background concurrent copying GC freed 19498(1085KB) AllocSpace objects, 15(412KB) LOS objects, 50% free, 2MB/5MB, paused 6.340ms total 108.023ms
10-22 13:51:26.138  3957  5413 D ConnectivityService: filterNetworkStateForUid() uid: 10169 networkInfo: [type: WIFI[] - WIFI, state: CONNECTED/CONNECTED, reason: (unspecified), extra: "ourhome", failover: false, available: true, roaming: false, metered: false]
10-22 13:51:26.138  3957  5413 D WifiService: getConnectionInfo uid=1000
10-22 13:51:26.144  3957  3967 D ConnectivityService: filterNetworkStateForUid() uid: 10169 networkInfo: [type: WIFI[] - WIFI, state: CONNECTED/CONNECTED, reason: (unspecified), extra: "ourhome", failover: false, available: true, roaming: false, metered: false]
10-22 13:51:26.144  3957  3967 D WifiService: getConnectionInfo uid=1000
10-22 13:51:26.145  3957  3967 D ConnectivityService: filterNetworkStateForUid() uid: 10169 networkInfo: [type: WIFI[] - WIFI, state: CONNECTED/CONNECTED, reason: (unspecified), extra: "ourhome", failover: false, available: true, roaming: false, metered: false]
10-22 13:51:26.145  3957  3967 D WifiService: getConnectionInfo uid=1000
10-22 13:51:26.147  8331  8413 D ConnectivityManager: requestNetwork; CallingUid : 10169, CallingPid : 8331
10-22 13:51:26.151  3957  3967 D ConnectivityService: requestNetwork for uid/pid:10169/8331 NetworkRequest [ TRACK_DEFAULT id=1997, [ Capabilities: INTERNET&NOT_RESTRICTED&TRUSTED&NOT_VPN] ]
10-22 13:51:26.152  3957  4157 D ConnectivityService: rematching NetworkAgentInfo [WIFI () - 509]
10-22 13:51:26.152  3957  4157 D ConnectivityService:  network has: [ Transports: WIFI Capabilities: NOT_METERED&INTERNET&NOT_RESTRICTED&TRUSTED&NOT_VPN&VALIDATED&FOREGROUND LinkUpBandwidth>=1048576Kbps LinkDnBandwidth>=1048576Kbps SignalStrength: -36]
10-22 13:51:26.152  3957  5413 D StorageManagerService: getExternalStorageMountMode : 1
10-22 13:51:26.152  3957  4157 D ConnectivityService:   checking if request is satisfied: NetworkRequest [ TRACK_DEFAULT id=1997, [ Capabilities: INTERNET&NOT_RESTRICTED&TRUSTED&NOT_VPN] ]
10-22 13:51:26.152  3957  4157 D ConnectivityService: currentScore = 0, newScore = 100
10-22 13:51:26.153  3957  4157 D ConnectivityService: rematch for NetworkAgentInfo [WIFI () - 509]
10-22 13:51:26.153  3957  4157 D ConnectivityService:    accepting network in place of null
10-22 13:51:26.153  3957  4157 D ConnectivityService: sending new Min Network Score(100): NetworkRequest [ TRACK_DEFAULT id=1997, [ Capabilities: INTERNET&NOT_RESTRICTED&TRUSTED&NOT_VPN] ]
10-22 13:51:26.153  3957  4313 D Ethernet: got request NetworkRequest [ TRACK_DEFAULT id=1997, [ Capabilities: INTERNET&NOT_RESTRICTED&TRUSTED&NOT_VPN] ] with score 100
10-22 13:51:26.153  3957  4313 D Ethernet:   my score=-1, my filter=[ Transports: ETHERNET Capabilities: INTERNET&NOT_RESTRICTED&TRUSTED&NOT_VPN LinkUpBandwidth>=100000Kbps LinkDnBandwidth>=100000Kbps]
10-22 13:51:26.153  3957  4313 D Ethernet: evalRequest
10-22 13:51:26.153  3957  4313 D Ethernet:   done
10-22 13:51:26.153  3957  5413 D StorageManagerService: getExternalStorageMountMode : 3
10-22 13:51:26.153  3957  5413 D StorageManagerService: getExternalStorageMountMode : final mountMode=1, uid : 10169, packageName : org.mozilla.fenix
10-22 13:51:26.154  3957  4129 D WIFI    : got request NetworkRequest [ TRACK_DEFAULT id=1997, [ Capabilities: INTERNET&NOT_RESTRICTED&TRUSTED&NOT_VPN] ] with score 100
10-22 13:51:26.154  4616  4616 D PhoneSwitcherNetworkRequstListener: got request NetworkRequest [ TRACK_DEFAULT id=1997, [ Capabilities: INTERNET&NOT_RESTRICTED&TRUSTED&NOT_VPN] ] with score 100
10-22 13:51:26.154  3957  4153 D WIFI_P2P: got request NetworkRequest [ TRACK_DEFAULT id=1997, [ Capabilities: INTERNET&NOT_RESTRICTED&TRUSTED&NOT_VPN] ] with score 100
10-22 13:51:26.154  3957  4157 D ConnectivityService: MultiNetwork Request(TransportType - Wi-Fi request). Internet Capability doesn't required (false)
10-22 13:51:26.154  3957  4129 D WIFI    :   my score=60, my filter=[ Transports: WIFI Capabilities: NOT_METERED&INTERNET&NOT_RESTRICTED&TRUSTED&NOT_VPN LinkUpBandwidth>=1048576Kbps LinkDnBandwidth>=1048576Kbps]
10-22 13:51:26.154  3957  4129 D WIFI    : evalRequest
10-22 13:51:26.154  3957  5413 I ApplicationPolicy: isApplicationExternalStorageWhitelisted:org.mozilla.fenix user:0
10-22 13:51:26.154  3957  4153 D WIFI_P2P:   my score=60, my filter=[ Transports: WIFI Capabilities: WIFI_P2P&NOT_RESTRICTED&TRUSTED&NOT_VPN LinkUpBandwidth>=1048576Kbps LinkDnBandwidth>=1048576Kbps]
10-22 13:51:26.154  3957  4129 D WIFI    :   done
10-22 13:51:26.154  3957  4157 D ConnectivityService: Network NetworkAgentInfo [WIFI () - 509] was already satisfying request 1. No change.
10-22 13:51:26.154  3957  4153 D WIFI_P2P: evalRequest
10-22 13:51:26.154  3957  4157 D ConnectivityService: Network NetworkAgentInfo [WIFI () - 509] was already satisfying request 3. No change.
10-22 13:51:26.154  3957  4153 D WIFI_P2P:   done
10-22 13:51:26.154  3957  4129 D WIFI_UT : got request NetworkRequest [ TRACK_DEFAULT id=1997, [ Capabilities: INTERNET&NOT_RESTRICTED&TRUSTED&NOT_VPN] ] with score 100
10-22 13:51:26.154  3957  5413 D ApplicationPolicy: isApplicationExternalStorageWhitelisted: DO is not enabled on user 0. Allowed.
10-22 13:51:26.154  3957  4157 D ConnectivityService: Network NetworkAgentInfo [WIFI () - 509] was already satisfying request 1972. No change.
10-22 13:51:26.154  3957  5413 D ActivityManager: package  org.mozilla.fenix, user - 0 is SDcard whitelisted
10-22 13:51:26.154  3957  4129 D WIFI_UT :   my score=2147483647, my filter=[ Transports: WIFI Capabilities: NOT_METERED&INTERNET&NOT_RESTRICTED&TRUSTED&NOT_VPN LinkUpBandwidth>=1048576Kbps LinkDnBandwidth>=1048576Kbps]
10-22 13:51:26.154  3957  4157 D ConnectivityService: Network NetworkAgentInfo [WIFI () - 509] was already satisfying request 1994. No change.
10-22 13:51:26.154  3957  4129 D WIFI_UT : evalRequest
10-22 13:51:26.154  3957  5413 I ApplicationPolicy: isApplicationExternalStorageBlacklisted:org.mozilla.fenix user:0
10-22 13:51:26.154  3957  4129 D WIFI_UT :   needNetworkFor
10-22 13:51:26.154  3957  5413 D ApplicationPolicy: isApplicationExternalStorageBlacklisted: DO is not enabled on user 0. Allowed.
10-22 13:51:26.154  3957  4157 D ConnectivityService: sending notification AVAILABLE for NetworkRequest [ TRACK_DEFAULT id=1997, [ Capabilities: INTERNET&NOT_RESTRICTED&TRUSTED&NOT_VPN] ]
10-22 13:51:26.154  4616  4616 D PhoneSwitcherNetworkRequstListener:   my score=101, my filter=[ Transports: CELLULAR Capabilities: MMS&SUPL&DUN&FOTA&IMS&CBS&IA&RCS&XCAP&EIMS&INTERNET&NOT_RESTRICTED&TRUSTED&NOT_VPN&ENT1 Specifier: <android.net.MatchAllNetworkSpecifier@0>]
10-22 13:51:26.154  4616  4616 D PhoneSwitcherNetworkRequstListener: evalRequest
10-22 13:51:26.154  4616  4616 D PhoneSwitcherNetworkRequstListener:   needNetworkFor
10-22 13:51:26.154  3957  4157 D ConnectivityService: sending notification CAP_CHANGED for NetworkRequest [ TRACK_DEFAULT id=1997, [ Capabilities: INTERNET&NOT_RESTRICTED&TRUSTED&NOT_VPN] ]
10-22 13:51:26.155  3957  4157 D ConnectivityService: sending notification IP_CHANGED for NetworkRequest [ TRACK_DEFAULT id=1997, [ Capabilities: INTERNET&NOT_RESTRICTED&TRUSTED&NOT_VPN] ]
10-22 13:51:26.158  3957 12585 D ConnectivityService: filterNetworkStateForUid() uid: 10169 networkInfo: [type: WIFI[] - WIFI, state: CONNECTED/CONNECTED, reason: (unspecified), extra: "ourhome", failover: false, available: true, roaming: false, metered: false]
10-22 13:51:26.158  3957 12585 D WifiService: getConnectionInfo uid=1000
10-22 13:51:26.160  3957 12585 D ConnectivityService: filterNetworkStateForUid() uid: 10169 networkInfo: [type: WIFI[] - WIFI, state: CONNECTED/CONNECTED, reason: (unspecified), extra: "ourhome", failover: false, available: true, roaming: false, metered: false]
10-22 13:51:26.161  3957 12585 D WifiService: getConnectionInfo uid=1000
10-22 13:51:26.167  8331  8410 I push::internal::communications::rate_limiter: No need to reset inner timestamp and count for verify_connection.
10-22 13:51:26.169  8423  8423 E Zygote  : isWhitelistProcess - Process is Whitelisted
10-22 13:51:26.170  8423  8423 E libpersona: scanKnoxPersonas
10-22 13:51:26.170  8423  8423 E libpersona: Couldn't open the File - /data/system/users/0/personalist.xml - No such file or directory
10-22 13:51:26.172  3957  5413 I ActivityManager: Start proc 8423:org.mozilla.fenix:tab25/u0a169 for service org.mozilla.fenix/org.mozilla.gecko.process.GeckoChildProcessServices$tab25
10-22 13:51:26.174  8423  8423 W SELinux : SELinux selinux_android_compute_policy_index : Policy Index[2],  Con:u:r:zygote:s0 RAM:SEPF_SM-J720F_8.0.0_0002, [-1 -1 -1 -1 0 1]
10-22 13:51:26.175  8423  8423 I SELinux : SELinux: seapp_context_lookup: seinfo=untrusted, level=s0:c512,c768, pkgname=org.mozilla.fenix:tab25 
10-22 13:51:26.185  8331  8410 I push::internal::communications::rate_limiter: Not allowed: count(10) > 1 for verify_connection.
10-22 13:51:26.186  8331  8410 I AutoPushFeature: No change to subscriptions. Doing nothing.
10-22 13:51:26.200  8423  8423 D TimaKeyStoreProvider: TimaKeyStore is not enabled: cannot add TimaSignature Service and generateKeyPair Service
10-22 13:51:26.200  8423  8423 D ActivityThread: Added TimaKeyStore provider
10-22 13:51:26.203  3957  5413 I ActivityManager: DSS on for org.mozilla.fenix and scale is 1.0
10-22 13:51:26.221  8423  8423 I zygote64: no shared libraies, dex_files: 1
10-22 13:51:26.238  8331  8331 I NavController: Ignoring popBackStack to destination org.mozilla.fenix:id/browserFragment as it was not found on the current back stack
10-22 13:51:26.271  8331  8331 I ContileTopSitesUpdater: Started periodic work to update Contile top sites
10-22 13:51:26.286  3957  4129 D WifiStateMachine:  ConnectedState !RSSI_PKTCNT_FETCH uid=1000 rt=581892870/1637868343 0 0 "ourhome" f4:6d:2f:12:cc:88 rssi=-35 f=5240 sc=60 link=433 tx=0.2, 0.0, 0.0  rx=5.3 bcn=402292 [on:0 tx:0 rx:0 period:999] from screen [on:227940 period:1295864] score=60
10-22 13:51:26.287  3957  4129 D WifiStateMachine:  L2ConnectedState !RSSI_PKTCNT_FETCH uid=1000 rt=581892871/1637868344 0 0 "ourhome" f4:6d:2f:12:cc:88 rssi=-35 f=5240 sc=60 link=433 tx=0.2, 0.0, 0.0  rx=5.3 bcn=402292 [on:0 tx:0 rx:0 period:1] from screen [on:227940 period:1295865] score=60
10-22 13:51:26.293  3957  4129 D WifiStateMachine: fetchRssiLinkSpeedAndFrequencyNative rssi=-36 linkspeed=433 freq=5240
10-22 13:51:26.293  3957  4129 V WifiConfigManager: Updating scan detail cache freq=5240 BSSID=f4:6d:2f:12:cc:88 RSSI=-35 for "ourhome"WPA_PSK
10-22 13:51:26.295  8423  8423 I FenixApplication: onTrimMemory(), level=5, main=false
10-22 13:51:26.298  8423  8423 I ServiceChildProcess: onCreate
10-22 13:51:26.300  8423  8448 I GeckoThread: preparing to run Gecko
10-22 13:51:26.303  3328  3328 W keymaster2_mdfpp: entered get_key_characteristics function.
10-22 13:51:26.312  3328  3328 W keymaster_tee: [WRN]KEY_PARAMS: AES ENC DEC GCM PADNO AUTH SIZE:256 
10-22 13:51:26.313  3328  3328 W keymaster_tee: [WRN]KEY_PARAMS: 20230928203226 
10-22 13:51:26.313  3328  3328 W keymaster2_mdfpp: exit get_key_characteristics function, returned 0
10-22 13:51:26.323  3328  3328 W keymaster2_mdfpp: entered get_key_characteristics function.
10-22 13:51:26.324  3328  3328 W keymaster_tee: [WRN]KEY_PARAMS: AES ENC DEC GCM PADNO AUTH SIZE:256 
10-22 13:51:26.324  3328  3328 W keymaster_tee: [WRN]KEY_PARAMS: 20230928203226 
10-22 13:51:26.324  3328  3328 W keymaster2_mdfpp: exit get_key_characteristics function, returned 0
10-22 13:51:26.327  3328  3328 W keymaster2_mdfpp: entered get_key_characteristics function.
10-22 13:51:26.329  3328  3328 W keymaster_tee: [WRN]KEY_PARAMS: AES ENC DEC GCM PADNO AUTH SIZE:256 
10-22 13:51:26.329  3328  3328 W keymaster_tee: [WRN]KEY_PARAMS: 20230928203226 
10-22 13:51:26.329  3328  3328 W keymaster2_mdfpp: exit get_key_characteristics function, returned 0
10-22 13:51:26.333  3328  3328 W keymaster2_mdfpp: entered get_key_characteristics function.
10-22 13:51:26.336  3328  3328 W keymaster_tee: [WRN]KEY_PARAMS: AES ENC DEC GCM PADNO AUTH SIZE:256 
10-22 13:51:26.336  3328  3328 W keymaster_tee: [WRN]KEY_PARAMS: 20230928203226 
10-22 13:51:26.336  3328  3328 W keymaster2_mdfpp: exit get_key_characteristics function, returned 0
10-22 13:51:26.338  3328  3328 W keymaster2_mdfpp: entered begin function.
10-22 13:51:26.340  3328  3328 W keymaster2_mdfpp: exit begin function, returned 0
10-22 13:51:26.343  3328  3328 W keymaster2_mdfpp: entered update function.
10-22 13:51:26.344  3328  3328 W keymaster2_mdfpp: exit update function, returned 0
10-22 13:51:26.345  3328  3328 W keymaster2_mdfpp: entered finish function.
10-22 13:51:26.346  3328  3328 W keymaster2_mdfpp: exit finish function, returned 0
10-22 13:51:26.346  3589  3589 W keystore: ENTER remove operation from uid 10169
10-22 13:51:26.371  8331  8390 W logins::schema: user_version: 2
10-22 13:51:26.421  8331  8331 W GeckoViewActivityContextDelegate: A non-activity context was set.
10-22 13:51:26.434  3957  4651 D ConnectivityService: filterNetworkStateForUid() uid: 10169 networkInfo: [type: WIFI[] - WIFI, state: CONNECTED/CONNECTED, reason: (unspecified), extra: "ourhome", failover: false, available: true, roaming: false, metered: false]
10-22 13:51:26.434  3957  4651 D WifiService: getConnectionInfo uid=1000
10-22 13:51:26.434  3957  4651 I chatty  : uid=1000(system) Binder:3957_A identical 1 line
10-22 13:51:26.435  3957  4651 I chatty  : uid=1000(system) Binder:3957_A identical 1 line
10-22 13:51:26.436  3957  4651 D ConnectivityService: filterNetworkStateForUid() uid: 10169 networkInfo: [type: WIFI[] - WIFI, state: CONNECTED/CONNECTED, reason: (unspecified), extra: "ourhome", failover: false, available: true, roaming: false, metered: false]
10-22 13:51:26.436  3957  4651 D WifiService: getConnectionInfo uid=1000
10-22 13:51:26.441  8331  8360 W ResourceType: Too many attribute references, stopped at: 0x01010099
10-22 13:51:26.441 32257 32257 E adbd    : recv: OPEN 0000049d 00000000 0076:73 68 65 6C 6C 2C 76 32 2C 54 45 52 4D 3D 78 74 65 72 6D 2D 32 35 36 63 6F 6C 6F 72 2C 72 61 77 3A 64 75 6D 70 73 79 73 20 61 63 74 69 76 69 74 79 20 72 65 63 65 6E 74 73 20 7C 20 67 72 65 70 20 22 52 65 63 65 6E 74 20 23 30 22 20 7C 20 63 75 74 20 2D 64 20 22 3D 22 20 2D 66 32 20 7C 20 67 72 65 70 20 2D 6F 20 2D 70 20 22 5B 61 2D 7A 7C 2E 5D 2A 22 00 
10-22 13:51:26.442 32257 32257 E adbd    : service_to_fd: shell,v2,TERM=xterm-256color,raw:dumpsys activity recents | grep "Recent #0" | cut -d "=" -f2 | grep -o -p "[a-z|.]*"
10-22 13:51:26.445  8331  8331 I BgSyncManager: Periodic syncing enabled: PeriodicSyncConfig(periodMinutes=240, initialDelayMinutes=5)
10-22 13:51:26.445  8331  8331 I FirefoxAccountStateMachine: Sync is enabled
10-22 13:51:26.448  8331  8393 I StartupTypeTelemetry: Recorded start up: cold_main
10-22 13:51:26.461  8331  8467 D OpenGLRenderer: HWUI GL Pipeline
10-22 13:51:26.470  8331  8331 D ViewRootImpl@847214e[App]: setView = DecorView@2c3226f[App] TM=true MM=false
10-22 13:51:26.470  3957 12585 D ActivityManager: post active user change for 0 fullscreen true isHomeActivity() false
10-22 13:51:26.470  8331  8331 I Choreographer: Skipped 56 frames!  The application may be doing too much work on its main thread.
10-22 13:51:26.477  8331  8331 D ViewRootImpl@847214e[App]: dispatchAttachedToWindow
10-22 13:51:26.480  3957 12585 V WindowManager: Relayout Window{7ab30c u0 org.mozilla.fenix/org.mozilla.fenix.App}: viewVisibility=0 req=719x1237 WM.LayoutParams{(0,0)(fillxfill) sim=#110 ty=1 fl=#81010100 pfl=0x20000 wanim=0x7f1404fa vsysui=0x2610 needsMenuKey=2 colorMode=0 naviIconColor=0}
10-22 13:51:26.483  3447  3447 I SurfaceFlinger: id=2981 createSurf (720x1280),1 flag=404, org.mozilla.fenix/org.mozilla.fenix.App#0
10-22 13:51:26.485  3957 12585 V Surface : sf_framedrop debug : 0x4f4c, game : false, logging : 0
10-22 13:51:26.485  3957  3973 D WindowManager: set systemUiVisibility : systemUiFlags= 0x2608 fullscreenStackSysUiFlags= 0x0
10-22 13:51:26.488  3957 12585 D InputDispatcher: Focus entered window: 8331
10-22 13:51:26.489  8331  8331 V Surface : sf_framedrop debug : 0x4f4c, game : false, logging : 0
10-22 13:51:26.490  3957  4651 D WindowManager: adjustSystemUiVisibilityLw : vis= 0x2608
10-22 13:51:26.490  8331  8331 D ViewRootImpl@847214e[App]: Relayout returned: old=[0,0][0,0] new=[0,0][720,1280] result=0x7 surface={valid=true 499277684736} changed=true
10-22 13:51:26.490  8331  8467 I OpenGLRenderer: Initialized EGL, version 1.4
10-22 13:51:26.490  8331  8467 D OpenGLRenderer: Swap behavior 2
10-22 13:51:26.493  3957  4651 D StorageManagerService: getExternalStorageMountMode : 1
10-22 13:51:26.493  8331  8467 D libGLESv1: STS_GLApi : DTS, ODTC are not allowed for Package : org.mozilla.fenix
10-22 13:51:26.493  3957  4651 D StorageManagerService: getExternalStorageMountMode : 3
10-22 13:51:26.493  3957  4651 D StorageManagerService: getExternalStorageMountMode : final mountMode=1, uid : 10169, packageName : org.mozilla.fenix
10-22 13:51:26.493  3957  4651 I ApplicationPolicy: isApplicationExternalStorageWhitelisted:org.mozilla.fenix user:0
10-22 13:51:26.493  3957  4651 D ApplicationPolicy: isApplicationExternalStorageWhitelisted: DO is not enabled on user 0. Allowed.
10-22 13:51:26.493  3957  4651 D ActivityManager: package  org.mozilla.fenix, user - 0 is SDcard whitelisted
10-22 13:51:26.493  3957  4651 I ApplicationPolicy: isApplicationExternalStorageBlacklisted:org.mozilla.fenix user:0
10-22 13:51:26.494  3957  4651 D ApplicationPolicy: isApplicationExternalStorageBlacklisted: DO is not enabled on user 0. Allowed.
10-22 13:51:26.495  8331  8467 D mali_winsys: EGLint new_window_surface(egl_winsys_display *, void *, EGLSurface, EGLConfig, egl_winsys_surface **, egl_color_buffer_format *, EGLBoolean) returns 0x3000,  [720x1280]-format:1
10-22 13:51:26.496  8331  8467 D OpenGLRenderer: eglCreateWindowSurface = 0x743bafe100
10-22 13:51:26.496  3447  3447 I SurfaceFlinger: id=2982 createSurf (720x1238),1 flag=4, SurfaceView - org.mozilla.fenix/org.mozilla.fenix.App@c8a380a@0#0
10-22 13:51:26.497  3447  3447 I SurfaceFlinger: id=2983 createSurf (720x1238),-1 flag=20004, Background for - SurfaceView - org.mozilla.fenix/org.mozilla.fenix.App@c8a380a@0#0
10-22 13:51:26.498  8331  8331 D SurfaceView: BG hide() Surface(name=Background for - SurfaceView - org.mozilla.fenix/org.mozilla.fenix.App@c8a380a@0) false true org.mozilla.gecko.MagnifiableSurfaceView{c8a380a V.E...... ......ID 0,0-720,1238}
10-22 13:51:26.500  8331  8331 V Surface : sf_framedrop debug : 0x4f4c, game : false, logging : 0
10-22 13:51:26.501  8331  8331 D SurfaceView: surfaceCreated 1 org.mozilla.gecko.MagnifiableSurfaceView{c8a380a V.E...... ......ID 0,0-720,1238}
10-22 13:51:26.501  8331  8331 D SurfaceView: surfaceChanged (720,1238) 1 org.mozilla.gecko.MagnifiableSurfaceView{c8a380a V.E...... ......ID 0,0-720,1238}
10-22 13:51:26.504  3957  4651 I ActivityManager: Start proc 8488:org.mozilla.fenix:gpu/u0a169 for service org.mozilla.fenix/org.mozilla.gecko.process.GeckoChildProcessServices$gpu
10-22 13:51:26.506  8488  8488 E Zygote  : isWhitelistProcess - Process is Whitelisted
10-22 13:51:26.509  8488  8488 E libpersona: scanKnoxPersonas
10-22 13:51:26.509  8488  8488 E libpersona: Couldn't open the File - /data/system/users/0/personalist.xml - No such file or directory
10-22 13:51:26.511  8488  8488 W SELinux : SELinux selinux_android_compute_policy_index : Policy Index[2],  Con:u:r:zygote:s0 RAM:SEPF_SM-J720F_8.0.0_0002, [-1 -1 -1 -1 0 1]
10-22 13:51:26.512  8488  8488 I SELinux : SELinux: seapp_context_lookup: seinfo=untrusted, level=s0:c512,c768, pkgname=org.mozilla.fenix:gpu 
10-22 13:51:26.515  8331  8359 I libglean_ffi: glean_core::ping: Collecting baseline
10-22 13:51:26.515  8331  8360 W linker  : "/data/app/org.mozilla.fenix-iWpGOrf8cry6RDpwHyQugA==/lib/arm64/libsoftokn3.so" unused DT entry: type 0x8000024 arg 0x2580
10-22 13:51:26.515  8331  8360 W linker  : "/data/app/org.mozilla.fenix-iWpGOrf8cry6RDpwHyQugA==/lib/arm64/libsoftokn3.so" unused DT entry: type 0x8000023 arg 0x70
10-22 13:51:26.516  8331  8360 W linker  : "/data/app/org.mozilla.fenix-iWpGOrf8cry6RDpwHyQugA==/lib/arm64/libsoftokn3.so" unused DT entry: type 0x8000025 arg 0x8
10-22 13:51:26.518 32257 32257 E adbd    : recv: OPEN 000004a1 00000000 0042:73 68 65 6C 6C 2C 76 32 2C 54 45 52 4D 3D 78 74 65 72 6D 2D 32 35 36 63 6F 6C 6F 72 2C 72 61 77 3A 67 65 74 70 72 6F 70 20 72 6F 2E 62 75 69 6C 64 2E 76 65 72 73 69 6F 6E 2E 72 65 6C 65 61 73 65 00 
10-22 13:51:26.518 32257 32257 E adbd    : service_to_fd: shell,v2,TERM=xterm-256color,raw:getprop ro.build.version.release
10-22 13:51:26.519  8331  8360 W linker  : "/data/app/org.mozilla.fenix-iWpGOrf8cry6RDpwHyQugA==/lib/arm64/libfreebl3.so" unused DT entry: type 0x8000024 arg 0xe78
10-22 13:51:26.519  8331  8360 W linker  : "/data/app/org.mozilla.fenix-iWpGOrf8cry6RDpwHyQugA==/lib/arm64/libfreebl3.so" unused DT entry: type 0x8000023 arg 0x68
10-22 13:51:26.519  8331  8360 W linker  : "/data/app/org.mozilla.fenix-iWpGOrf8cry6RDpwHyQugA==/lib/arm64/libfreebl3.so" unused DT entry: type 0x8000025 arg 0x8
10-22 13:51:26.531  8488  8488 D TimaKeyStoreProvider: TimaKeyStore is not enabled: cannot add TimaSignature Service and generateKeyPair Service
10-22 13:51:26.531  8488  8488 D ActivityThread: Added TimaKeyStore provider
10-22 13:51:26.533  8331  8359 I libglean_ffi: glean_core::upload::directory: Processing ping at: /data/user/0/org.mozilla.fenix/glean_data/pending_pings/c797545f-f4b2-46fe-80af-602b1ef246a5
10-22 13:51:26.534  3957  4651 I ActivityManager: DSS on for org.mozilla.fenix and scale is 1.0
10-22 13:51:26.540  8331  8359 I libglean_ffi: glean_core::metrics::ping: The ping 'baseline' was submitted and will be sent as soon as possible
10-22 13:51:26.542  8331  8460 W linker  : "/data/app/org.mozilla.fenix-iWpGOrf8cry6RDpwHyQugA==/lib/arm64/libnssckbi.so" unused DT entry: type 0x8000024 arg 0xc08
10-22 13:51:26.542  8331  8460 W linker  : "/data/app/org.mozilla.fenix-iWpGOrf8cry6RDpwHyQugA==/lib/arm64/libnssckbi.so" unused DT entry: type 0x8000023 arg 0x258
10-22 13:51:26.542  8331  8460 W linker  : "/data/app/org.mozilla.fenix-iWpGOrf8cry6RDpwHyQugA==/lib/arm64/libnssckbi.so" unused DT entry: type 0x8000025 arg 0x8
10-22 13:51:26.549  3957  4129 D WifiStateMachine:  ConnectedState !CMD_RSSI_POLL rt=581893133/1637868606 106 0 "ourhome" f4:6d:2f:12:cc:88 rssi=-36 f=5240 sc=60 link=433 tx=0.2, 0.0, 0.0  rx=5.3 bcn=402292 [on:0 tx:0 rx:0 period:262] from screen [on:227940 period:1296127] score=60
10-22 13:51:26.550  3957  4129 D WifiStateMachine:  L2ConnectedState !CMD_RSSI_POLL rt=581893135/1637868607 106 0 "ourhome" f4:6d:2f:12:cc:88 rssi=-36 f=5240 sc=60 link=433 tx=0.2, 0.0, 0.0  rx=5.3 bcn=402292 [on:0 tx:0 rx:0 period:1] from screen [on:227940 period:1296128] score=60
10-22 13:51:26.552  8488  8488 I zygote64: no shared libraies, dex_files: 1
10-22 13:51:26.553  3957  4651 D ConnectivityService: filterNetworkStateForUid() uid: 10169 networkInfo: [type: WIFI[] - WIFI, state: CONNECTED/CONNECTED, reason: (unspecified), extra: "ourhome", failover: false, available: true, roaming: false, metered: false]
10-22 13:51:26.553  3957  4651 D WifiService: getConnectionInfo uid=1000
10-22 13:51:26.554  3957  4129 D WifiStateMachine:  get link layer stats 3
10-22 13:51:26.555  3436  3436 I android.hardware.wifi@1.0-service: getLinkLayerStats
10-22 13:51:26.572  3957  4129 D WifiStateMachine: fetchRssiLinkSpeedAndFrequencyNative rssi=-35 linkspeed=433 freq=5240
10-22 13:51:26.573  3957  4129 V WifiConfigManager: Updating scan detail cache freq=5240 BSSID=f4:6d:2f:12:cc:88 RSSI=-35 for "ourhome"WPA_PSK
10-22 13:51:26.577  4340  4340 E SignalClusterView: setSlotFocusVisible : subId -2
10-22 13:51:26.577  4340  4340 E SignalClusterView: setSlotFocusVisible : subId -2
10-22 13:51:26.583 32257 32257 E adbd    : recv: OPEN 000004a5 00000000 003e:73 68 65 6C 6C 2C 76 32 2C 54 45 52 4D 3D 78 74 65 72 6D 2D 32 35 36 63 6F 6C 6F 72 2C 72 61 77 3A 67 65 74 70 72 6F 70 20 72 6F 2E 62 75 69 6C 64 2E 76 65 72 73 69 6F 6E 2E 73 64 6B 00 
10-22 13:51:26.583 32257 32257 E adbd    : service_to_fd: shell,v2,TERM=xterm-256color,raw:getprop ro.build.version.sdk
10-22 13:51:26.605  3957  4651 D ConnectivityService: filterNetworkStateForUid() uid: 10169 networkInfo: [type: WIFI[] - WIFI, state: CONNECTED/CONNECTED, reason: (unspecified), extra: "ourhome", failover: false, available: true, roaming: false, metered: false]
10-22 13:51:26.606  3957  4651 D WifiService: getConnectionInfo uid=1000
10-22 13:51:26.607  3957  4651 I chatty  : uid=1000(system) Binder:3957_A identical 2 lines
10-22 13:51:26.607  3957  4651 I chatty  : uid=1000(system) Binder:3957_A identical 2 lines
10-22 13:51:26.608  3957  4651 D ConnectivityService: filterNetworkStateForUid() uid: 10169 networkInfo: [type: WIFI[] - WIFI, state: CONNECTED/CONNECTED, reason: (unspecified), extra: "ourhome", failover: false, available: true, roaming: false, metered: false]
10-22 13:51:26.608  3957  4651 D WifiService: getConnectionInfo uid=1000
10-22 13:51:26.617  8331  8514 I FirefoxAccountStateMachine: Processing event 'mozilla.components.service.fxa.manager.Event$Account$Start@1fe836a' for state Idle(accountState=NotAuthenticated). Next state is Active(progressState=Initializing)
10-22 13:51:26.622  3957  4651 V WindowManager: Relayout Window{7ab30c u0 org.mozilla.fenix/org.mozilla.fenix.App}: viewVisibility=0 req=720x1280 WM.LayoutParams{(0,0)(fillxfill) sim=#110 ty=1 fl=#81010100 pfl=0x20000 fmt=-3 wanim=0x7f1404fa vsysui=0x2610 needsMenuKey=2 colorMode=0 naviIconColor=0}
10-22 13:51:26.622  3599  3918 D DnsProxyListener: DNSDBG::dns addrinfo af 0
10-22 13:51:26.624  8488  8488 I FenixApplication: onTrimMemory(), level=5, main=false
10-22 13:51:26.625  8488  8488 I ServiceChildProcess: onCreate
10-22 13:51:26.627  8488  8519 I GeckoThread: preparing to run Gecko
10-22 13:51:26.629  8331  8331 D ViewRootImpl@847214e[App]: Relayout returned: old=[0,0][720,1280] new=[0,0][720,1280] result=0x3 surface={valid=true 499277684736} changed=false
10-22 13:51:26.632  3599  3918 D DnsProxyListener: DNSDBG::dns addrinfo af 0
10-22 13:51:26.634  3599  3918 D DnsProxyListener: DNSDBG::dns addrinfo af 0
10-22 13:51:26.636  3599  3918 D DnsProxyListener: DNSDBG::dns addrinfo af 2
10-22 13:51:26.643  3599  3918 D DnsProxyListener: DNSDBG::dns addrinfo af 0
10-22 13:51:26.643  3599  3918 I chatty  : uid=0(root) /system/bin/netd identical 1 line
10-22 13:51:26.646  3599  3918 D DnsProxyListener: DNSDBG::dns addrinfo af 0
10-22 13:51:26.653 32257 32257 E adbd    : recv: OPEN 000004a9 00000000 0042:73 68 65 6C 6C 2C 76 32 2C 54 45 52 4D 3D 78 74 65 72 6D 2D 32 35 36 63 6F 6C 6F 72 2C 72 61 77 3A 67 65 74 70 72 6F 70 20 72 6F 2E 62 75 69 6C 64 2E 76 65 72 73 69 6F 6E 2E 72 65 6C 65 61 73 65 00 
10-22 13:51:26.653 32257 32257 E adbd    : service_to_fd: shell,v2,TERM=xterm-256color,raw:getprop ro.build.version.release
10-22 13:51:26.658  3328  3328 W keymaster2_mdfpp: entered get_key_characteristics function.
10-22 13:51:26.660  3328  3328 W keymaster_tee: [WRN]KEY_PARAMS: AES ENC DEC GCM PADNO AUTH SIZE:256 
10-22 13:51:26.660  3328  3328 W keymaster_tee: [WRN]KEY_PARAMS: 20230928203226 
10-22 13:51:26.660  3328  3328 W keymaster2_mdfpp: exit get_key_characteristics function, returned 0
10-22 13:51:26.663  3328  3328 W keymaster2_mdfpp: entered get_key_characteristics function.
10-22 13:51:26.664  3328  3328 W keymaster_tee: [WRN]KEY_PARAMS: AES ENC DEC GCM PADNO AUTH SIZE:256 
10-22 13:51:26.664  3328  3328 W keymaster_tee: [WRN]KEY_PARAMS: 20230928203226 
10-22 13:51:26.664  3328  3328 W keymaster2_mdfpp: exit get_key_characteristics function, returned 0
10-22 13:51:26.664  3957  4651 I ActivityManager: Killing 7937:com.android.vending/u0a44 (adj 904): 100626k from cached
10-22 13:51:26.666  3957  4651 W ActivityManager: Application dead when creating service ServiceRecord{e1f4a10 u0 com.android.vending/com.google.android.finsky.externalreferrer.GetInstallReferrerService}
10-22 13:51:26.667  3957  4651 W ActivityManager: Scheduling restart of crashed service com.android.vending/com.google.android.finsky.externalreferrer.GetInstallReferrerService in 1000ms
10-22 13:51:26.670  3957  4651 W ActivityManager: Scheduling restart of crashed service com.android.vending/com.google.android.finsky.externalreferrer.GetInstallReferrerService in 4000ms
10-22 13:51:26.671  3957  4651 W ActivityManager: Exception when starting service com.android.vending/com.google.android.finsky.externalreferrer.GetInstallReferrerService
10-22 13:51:26.671  3957  4651 W ActivityManager: android.os.DeadObjectException
10-22 13:51:26.671  3957  4651 W ActivityManager: 	at android.os.BinderProxy.transactNative(Native Method)
10-22 13:51:26.671  3957  4651 W ActivityManager: 	at android.os.BinderProxy.transact(Binder.java:761)
10-22 13:51:26.671  3957  4651 W ActivityManager: 	at android.app.IApplicationThread$Stub$Proxy.scheduleCreateService(IApplicationThread.java:1381)
10-22 13:51:26.671  3957  4651 W ActivityManager: 	at com.android.server.am.ActiveServices.realStartServiceLocked(ActiveServices.java:2505)
10-22 13:51:26.671  3957  4651 W ActivityManager: 	at com.android.server.am.ActiveServices.bringUpServiceLocked(ActiveServices.java:2403)
10-22 13:51:26.671  3957  4651 W ActivityManager: 	at com.android.server.am.ActiveServices.bindServiceLocked(ActiveServices.java:1583)
10-22 13:51:26.671  3957  4651 W ActivityManager: 	at com.android.server.am.ActivityManagerService.bindService(ActivityManagerService.java:22703)
10-22 13:51:26.671  3957  4651 W ActivityManager: 	at android.app.IActivityManager$Stub.onTransact(IActivityManager.java:584)
10-22 13:51:26.671  3957  4651 W ActivityManager: 	at com.android.server.am.ActivityManagerService.onTransact(ActivityManagerService.java:3861)
10-22 13:51:26.671  3957  4651 W ActivityManager: 	at android.os.Binder.execTransact(Binder.java:682)
10-22 13:51:26.681  8331  8514 I FirefoxAccount: Registering persistence callback
10-22 13:51:26.682  8331  8514 I FirefoxAccountStateMachine: Ran 'mozilla.components.service.fxa.manager.Event$Account$Start@1fe836a' side-effects for state Active(progressState=Initializing), got successive event mozilla.components.service.fxa.manager.Event$Progress$AccountNotFound@451291f
10-22 13:51:26.682  8331  8514 I FirefoxAccountStateMachine: Processing event 'mozilla.components.service.fxa.manager.Event$Progress$AccountNotFound@451291f' for state Active(progressState=Initializing). Next state is Idle(accountState=NotAuthenticated)
10-22 13:51:26.697  3957  4651 V WindowManager: finishDrawingLocked: mDrawState=COMMIT_DRAW_PENDING Window{7ab30c u0 org.mozilla.fenix/org.mozilla.fenix.App} in Surface(name=org.mozilla.fenix/org.mozilla.fenix.App)
10-22 13:51:26.697  8331  8331 D ViewRootImpl@847214e[App]: MSG_RESIZED_REPORT: frame=Rect(0, 0 - 720, 1280) ci=Rect(0, 42 - 0, 0) vi=Rect(0, 42 - 0, 0) or=1
10-22 13:51:26.698  8331  8331 D ViewRootImpl@847214e[App]: MSG_WINDOW_FOCUS_CHANGED 1
10-22 13:51:26.700 32257 32257 E adbd    : recv: OPEN 000004ad 00000000 003e:73 68 65 6C 6C 2C 76 32 2C 54 45 52 4D 3D 78 74 65 72 6D 2D 32 35 36 63 6F 6C 6F 72 2C 72 61 77 3A 67 65 74 70 72 6F 70 20 72 6F 2E 62 75 69 6C 64 2E 76 65 72 73 69 6F 6E 2E 73 64 6B 00 
10-22 13:51:26.701 32257 32257 E adbd    : service_to_fd: shell,v2,TERM=xterm-256color,raw:getprop ro.build.version.sdk
10-22 13:51:26.711  3957  4025 D ViewRootImpl@5c71fb2[fenix]: dispatchDetachedFromWindow
10-22 13:51:26.711  3957  4025 D InputEventReceiver: channel '71ceb03 Splash Screen org.mozilla.fenix (client)' ~ Disposing input event receiver.
10-22 13:51:26.711  3957  4025 D InputEventReceiver: channel '71ceb03 Splash Screen org.mozilla.fenix (client)' ~NativeInputEventReceiver.
10-22 13:51:26.712  3957  3981 I ActivityManager: Displayed org.mozilla.fenix/.App: +1s380ms
10-22 13:51:26.713  3957  3981 D CustomFrequencyManagerService: acquireDVFSLockLocked : type : DVFS_MIN_LIMIT  frequency : 1560000  uid : 1000  pid : 3957  pkgName : AMS_RESUME_TAIL@CPU_MIN@58
10-22 13:51:26.714  3957  3973 D WindowManager: set systemUiVisibility : systemUiFlags= 0x2618 fullscreenStackSysUiFlags= 0x2000
10-22 13:51:26.714  3957  3981 D ActivityManagerPerformance: AMP_acquire() TAIL
10-22 13:51:26.715  3957  3981 D CustomFrequencyManagerService: releaseDVFSLockLocked : Getting Lock type frm List : DVFS_MIN_LIMIT  frequency : 1560000  uid : 1000  pid : 3957  tag : AMS_APP_SWITCH@CPU_MIN@52
10-22 13:51:26.716  3957  3981 D ActivityManagerPerformance: AMP_release() APP_SWITCH
10-22 13:51:26.716  3957  4651 D WindowManager: adjustSystemUiVisibilityLw : vis= 0x2618
