10-22 12:48:56.959  3957  4129 D WifiStateMachine:  L2ConnectedState !RSSI_PKTCNT_FETCH uid=1000 rt=578143544/1634119016 0 0 "ourhome" f4:6d:2f:12:cc:88 rssi=-37 f=5240 sc=60 link=433 tx=0.2, 0.0, 0.0  rx=9.9 bcn=367724 [on:0 tx:0 rx:0 period:1] from screen [on:45899 period:211439] score=60
10-22 12:48:56.968  3957  4129 D WifiStateMachine: fetchRssiLinkSpeedAndFrequencyNative rssi=-38 linkspeed=433 freq=5240
10-22 12:48:56.968  3957  4129 V WifiConfigManager: Updating scan detail cache freq=5240 BSSID=f4:6d:2f:12:cc:88 RSSI=-37 for "ourhome"WPA_PSK
10-22 12:48:57.063   321   418 I BatteryMgr:DataCollectionService: stats => 1697971737063,161,4310,150,0,100
10-22 12:48:57.069  3957  4129 D WifiStateMachine:  ConnectedState !CMD_RSSI_POLL rt=578143651/1634119123 104 0 "ourhome" f4:6d:2f:12:cc:88 rssi=-38 f=5240 sc=60 link=433 tx=0.2, 0.0, 0.0  rx=9.9 bcn=367724 [on:0 tx:0 rx:0 period:109] from screen [on:45899 period:211548] score=60
10-22 12:48:57.072  3957  4129 D WifiStateMachine:  L2ConnectedState !CMD_RSSI_POLL rt=578143655/1634119127 104 0 "ourhome" f4:6d:2f:12:cc:88 rssi=-38 f=5240 sc=60 link=433 tx=0.2, 0.0, 0.0  rx=9.9 bcn=367724 [on:0 tx:0 rx:0 period:4] from screen [on:45899 period:211552] score=60
10-22 12:48:57.072  3957  4129 D WifiStateMachine:  get link layer stats 3
10-22 12:48:57.072  3436  3436 I android.hardware.wifi@1.0-service: getLinkLayerStats
10-22 12:48:57.085  3957  4128 D WifiService: getConnectionInfo uid=1000
10-22 12:48:57.092  3957  4129 D WifiStateMachine: fetchRssiLinkSpeedAndFrequencyNative rssi=-37 linkspeed=433 freq=5240
10-22 12:48:57.093  3957  4129 V WifiConfigManager: Updating scan detail cache freq=5240 BSSID=f4:6d:2f:12:cc:88 RSSI=-37 for "ourhome"WPA_PSK
10-22 12:48:57.106  4340  4340 E SignalClusterView: setSlotFocusVisible : subId -2
10-22 12:48:57.106  4340  4340 E SignalClusterView: setSlotFocusVisible : subId -2
10-22 12:48:57.175   321   418 I BatteryMgr:DataCollectionService: stats => 1697971737174,161,4310,150,0,100
10-22 12:48:57.289   321   418 I BatteryMgr:DataCollectionService: stats => 1697971737289,161,4310,150,0,100
10-22 12:48:57.402   321   418 I BatteryMgr:DataCollectionService: stats => 1697971737402,161,4310,150,0,100
10-22 12:48:57.520   321   418 I BatteryMgr:DataCollectionService: stats => 1697971737520,161,4310,150,0,100
10-22 12:48:57.626  4961  4961 D io_stats: !@ 179,0 r 8639583 280898900 w 2015389 39855672 d 160167 36173872 f 618699 642813 iot 4001724 3463171 th 51200 0 0 pt 0 inp 0 0 578144.210
10-22 12:48:57.631   321   418 I BatteryMgr:DataCollectionService: stats => 1697971737631,161,4310,150,0,100
10-22 12:48:57.743   321   418 I BatteryMgr:DataCollectionService: stats => 1697971737743,161,4310,150,0,100
10-22 12:48:57.855   321   418 I BatteryMgr:DataCollectionService: stats => 1697971737855,161,4310,150,0,100
10-22 12:48:57.960  3957  4129 D WifiStateMachine:  ConnectedState !RSSI_PKTCNT_FETCH uid=1000 rt=578144544/1634120017 0 0 "ourhome" f4:6d:2f:12:cc:88 rssi=-37 f=5240 sc=60 link=433 tx=0.7, 0.0, 0.0  rx=7.4 bcn=367752 [on:0 tx:0 rx:0 period:864] from screen [on:46652 period:212440] score=60
10-22 12:48:57.963  3957  4129 D WifiStateMachine:  L2ConnectedState !RSSI_PKTCNT_FETCH uid=1000 rt=578144546/1634120019 0 0 "ourhome" f4:6d:2f:12:cc:88 rssi=-37 f=5240 sc=60 link=433 tx=0.7, 0.0, 0.0  rx=7.4 bcn=367752 [on:0 tx:0 rx:0 period:3] from screen [on:46652 period:212443] score=60
10-22 12:48:57.966   321   418 I BatteryMgr:DataCollectionService: stats => 1697971737965,161,4310,150,0,100
10-22 12:48:57.970  3957  4129 D WifiStateMachine: fetchRssiLinkSpeedAndFrequencyNative rssi=-37 linkspeed=433 freq=5240
10-22 12:48:57.970  3957  4129 V WifiConfigManager: Updating scan detail cache freq=5240 BSSID=f4:6d:2f:12:cc:88 RSSI=-37 for "ourhome"WPA_PSK
10-22 12:48:58.075   321   418 I BatteryMgr:DataCollectionService: stats => 1697971738075,161,4310,150,0,100
10-22 12:48:58.087  3957  4128 D WifiService: getConnectionInfo uid=1000
10-22 12:48:58.156  2479  2548 D ScanRecord: Not a Multi Manu data
10-22 12:48:58.190  2479  2548 I chatty  : uid=1002(bluetooth) BT Service Call identical 53 lines
10-22 12:48:58.190  2479  2548 D ScanRecord: Not a Multi Manu data
10-22 12:48:58.190   321   418 I BatteryMgr:DataCollectionService: stats => 1697971738190,161,4310,150,0,100
10-22 12:48:58.195  2479  2548 D ScanRecord: Not a Multi Manu data
10-22 12:48:58.299  2479  2548 I chatty  : uid=1002(bluetooth) BT Service Call identical 163 lines
10-22 12:48:58.299  2479  2548 D ScanRecord: Not a Multi Manu data
10-22 12:48:58.302   321   418 I BatteryMgr:DataCollectionService: stats => 1697971738301,161,4310,150,0,100
10-22 12:48:58.302  2479  2548 D ScanRecord: Not a Multi Manu data
10-22 12:48:58.411  2479  2548 I chatty  : uid=1002(bluetooth) BT Service Call identical 163 lines
10-22 12:48:58.411  2479  2548 D ScanRecord: Not a Multi Manu data
10-22 12:48:58.411   321   418 I BatteryMgr:DataCollectionService: stats => 1697971738411,161,4310,150,0,100
10-22 12:48:58.423  2479  2548 D ScanRecord: Not a Multi Manu data
10-22 12:48:58.525  2479  2548 I chatty  : uid=1002(bluetooth) BT Service Call identical 119 lines
10-22 12:48:58.525  2479  2548 D ScanRecord: Not a Multi Manu data
10-22 12:48:58.528   321   418 I BatteryMgr:DataCollectionService: stats => 1697971738528,161,4310,150,0,100
10-22 12:48:58.531  2479  2548 D ScanRecord: Not a Multi Manu data
10-22 12:48:58.624  2479  2548 I chatty  : uid=1002(bluetooth) BT Service Call identical 130 lines
10-22 12:48:58.624  2479  2548 D ScanRecord: Not a Multi Manu data
10-22 12:48:58.642   321   418 I BatteryMgr:DataCollectionService: stats => 1697971738642,161,4310,150,0,100
10-22 12:48:58.754   321   418 I BatteryMgr:DataCollectionService: stats => 1697971738754,161,4310,150,0,100
10-22 12:48:58.864   321   418 I BatteryMgr:DataCollectionService: stats => 1697971738864,161,4310,150,0,100
10-22 12:48:58.961  3957  4129 D WifiStateMachine:  ConnectedState !RSSI_PKTCNT_FETCH uid=1000 rt=578145544/1634121017 0 0 "ourhome" f4:6d:2f:12:cc:88 rssi=-37 f=5240 sc=60 link=433 tx=0.7, 0.0, 0.0  rx=7.4 bcn=367752 [on:0 tx:0 rx:0 period:997] from screen [on:46652 period:213440] score=60
10-22 12:48:58.963  3957  4129 D WifiStateMachine:  L2ConnectedState !RSSI_PKTCNT_FETCH uid=1000 rt=578145547/1634121019 0 0 "ourhome" f4:6d:2f:12:cc:88 rssi=-37 f=5240 sc=60 link=433 tx=0.7, 0.0, 0.0  rx=7.4 bcn=367752 [on:0 tx:0 rx:0 period:3] from screen [on:46652 period:213443] score=60
10-22 12:48:58.970  3957  4129 D WifiStateMachine: fetchRssiLinkSpeedAndFrequencyNative rssi=-36 linkspeed=433 freq=5240
10-22 12:48:58.970  3957  4129 V WifiConfigManager: Updating scan detail cache freq=5240 BSSID=f4:6d:2f:12:cc:88 RSSI=-36 for "ourhome"WPA_PSK
10-22 12:48:58.976   321   418 I BatteryMgr:DataCollectionService: stats => 1697971738976,161,4310,150,0,100
10-22 12:48:59.089   321   418 I BatteryMgr:DataCollectionService: stats => 1697971739089,161,4310,150,0,100
10-22 12:48:59.091  3957  4128 D WifiService: getConnectionInfo uid=1000
10-22 12:48:59.201   321   418 I BatteryMgr:DataCollectionService: stats => 1697971739200,161,4310,150,0,100
10-22 12:48:59.313   321   418 I BatteryMgr:DataCollectionService: stats => 1697971739313,161,4310,150,0,100
10-22 12:48:59.425   321   418 I BatteryMgr:DataCollectionService: stats => 1697971739425,161,4310,150,0,100
10-22 12:48:59.543   321   418 I BatteryMgr:DataCollectionService: stats => 1697971739543,161,4310,150,0,100
10-22 12:48:59.655   321   418 I BatteryMgr:DataCollectionService: stats => 1697971739655,161,4310,150,0,100
10-22 12:48:59.763   321   418 I BatteryMgr:DataCollectionService: stats => 1697971739763,161,4310,150,0,100
10-22 12:48:59.870   321   418 I BatteryMgr:DataCollectionService: stats => 1697971739870,161,4310,150,0,100
10-22 12:48:59.963  3957  4129 D WifiStateMachine:  ConnectedState !RSSI_PKTCNT_FETCH uid=1000 rt=578146545/1634122018 0 0 "ourhome" f4:6d:2f:12:cc:88 rssi=-36 f=5240 sc=60 link=433 tx=0.7, 0.0, 0.0  rx=7.4 bcn=367752 [on:0 tx:0 rx:0 period:999] from screen [on:46652 period:214442] score=60
10-22 12:48:59.965  3957  4129 D WifiStateMachine:  L2ConnectedState !RSSI_PKTCNT_FETCH uid=1000 rt=578146549/1634122021 0 0 "ourhome" f4:6d:2f:12:cc:88 rssi=-36 f=5240 sc=60 link=433 tx=0.7, 0.0, 0.0  rx=7.4 bcn=367752 [on:0 tx:0 rx:0 period:3] from screen [on:46652 period:214445] score=60
10-22 12:48:59.968  3957  4129 D WifiStateMachine: fetchRssiLinkSpeedAndFrequencyNative rssi=-37 linkspeed=433 freq=5240
10-22 12:48:59.968  3957  4129 V WifiConfigManager: Updating scan detail cache freq=5240 BSSID=f4:6d:2f:12:cc:88 RSSI=-36 for "ourhome"WPA_PSK
10-22 12:48:59.981   321   418 I BatteryMgr:DataCollectionService: stats => 1697971739981,161,4310,150,0,100
10-22 12:49:00.000  3957  4045 D SamsungAlarmManager: Expired : 8
10-22 12:49:00.001  3957  4045 I SamsungAlarmManager: setLocked to kernel - T:3 / 20231022T125401, SetElapsed=1634423181, nowELAPSED=1634122059
10-22 12:49:00.008  3957  4045 V SamsungAlarmManager: Sending to uid : 1000 action=android.intent.action.TIME_TICK alarm=Alarm{ea02031 type 3 when 1634122058 android}
10-22 12:49:00.011  3957  4045 V SamsungAlarmManager: Sending to uid : 10074 action=com.samsung.action.EVERY_MINUTE_CLOCK_UPDATE alarm=Alarm{7e8c497 type 1 when 1697971740000 com.sec.android.app.launcher}
10-22 12:49:00.015  3957  3957 D SamsungAlarmManager: setExact Intent (T:3/F:1/AC:false) 20231022T125000 - CU:1000/CP:3957
10-22 12:49:00.016   426   426 I Launcher: onReceive: com.samsung.action.EVERY_MINUTE_CLOCK_UPDATE
10-22 12:49:00.016  3957  3957 I SamsungAlarmManager: setLocked to kernel - T:3 / 20231022T125000, SetElapsed=1634182058, nowELAPSED=1634122074
10-22 12:49:00.018  4340  4340 D KeyguardUpdateMonitor: received broadcast android.intent.action.TIME_TICK
10-22 12:49:00.018  4340  4340 D KeyguardServiceBoxContainer: refreshTime() 1
10-22 12:49:00.025  3957  4651 D SamsungAlarmManager: setInexact Intent (T:1/F:0/AC:false) 20231022T125000 - CU:10074/CP:426
10-22 12:49:00.025   426   426 I IconView: applyFromShortcutInfo - start GetLive : com.samsung.android.calendar
10-22 12:49:00.026   426   426 I BitmapCacheContainer: getBitmapCache: BitmapCache expired com.samsung.android.calendar/UserHandle{0}
10-22 12:49:00.039   426   426 D ApplicationPackageManager: we has com.samsung.android.calendar class. reuse it 
10-22 12:49:00.060  4340  4340 D KeyguardUpdateMonitor: handleStatusBarState( false )
10-22 12:49:00.093  3957  4128 D WifiService: getConnectionInfo uid=1000
10-22 12:49:00.096  3957  4129 D WifiStateMachine:  ConnectedState !CMD_RSSI_POLL rt=578146680/1634122152 104 0 "ourhome" f4:6d:2f:12:cc:88 rssi=-37 f=5240 sc=60 link=433 tx=0.7, 0.0, 0.0  rx=7.4 bcn=367752 [on:0 tx:0 rx:0 period:131] from screen [on:46652 period:214576] score=60
10-22 12:49:00.100  3957  4129 D WifiStateMachine:  L2ConnectedState !CMD_RSSI_POLL rt=578146682/1634122155 104 0 "ourhome" f4:6d:2f:12:cc:88 rssi=-37 f=5240 sc=60 link=433 tx=0.7, 0.0, 0.0  rx=7.4 bcn=367752 [on:0 tx:0 rx:0 period:3] from screen [on:46652 period:214579] score=60
10-22 12:49:00.100  3957  4129 D WifiStateMachine:  get link layer stats 3
10-22 12:49:00.100  3436  3436 I android.hardware.wifi@1.0-service: getLinkLayerStats
10-22 12:49:00.100   321   418 I BatteryMgr:DataCollectionService: stats => 1697971740100,161,4310,150,0,100
10-22 12:49:00.102   426   426 I ApplicationPackageManager: load= live icon for com.samsung.android.calendar, from overlay = false
10-22 12:49:00.104   426   426 I LiveIconManager: getLiveIcon: complete(sync_created)
10-22 12:49:00.104   426   426 I IconView: applyFromShortcutInfo - end GetLive : com.samsung.android.calendar
10-22 12:49:00.109  4340  4340 D KeyguardUpdateMonitor: handleStatusBarState( false )
10-22 12:49:00.118  3957  4129 D WifiStateMachine: fetchRssiLinkSpeedAndFrequencyNative rssi=-37 linkspeed=433 freq=5240
10-22 12:49:00.118  3957  4129 V WifiConfigManager: Updating scan detail cache freq=5240 BSSID=f4:6d:2f:12:cc:88 RSSI=-36 for "ourhome"WPA_PSK
10-22 12:49:00.124  4340  4340 E SignalClusterView: setSlotFocusVisible : subId -2
10-22 12:49:00.124  4340  4340 E SignalClusterView: setSlotFocusVisible : subId -2
10-22 12:49:00.125   426   426 I IconView: applyFromApplicationInfo - start GetLive : com.sec.android.app.clockpackage
10-22 12:49:00.127   426   426 D ApplicationPackageManager: we has com.sec.android.app.clockpackage class. reuse it 
10-22 12:49:00.131   426   426 D LiveIconLoader: getLiveIcon was called in ClockPackage
10-22 12:49:00.133   426   426 D LiveIconLoader: getLiveIcon res = com.sec.android.app.clockpackage
10-22 12:49:00.137   426   426 D LiveIconLoader: stdIconSize : 84 , targetIconSize : 94
10-22 12:49:00.137   426   426 D LiveIconLoader: mIconDpi : 320 , mTargetIconDpi : 280
10-22 12:49:00.153   426   426 I ApplicationPackageManager: load= live icon for com.sec.android.app.clockpackage, from overlay = false
10-22 12:49:00.153   426   426 I LiveIconManager: getLiveIcon: complete(sync_created)
10-22 12:49:00.153   426   426 I IconView: applyFromApplicationInfo - end GetLive : com.sec.android.app.clockpackage
10-22 12:49:00.154   426   426 I IconView: applyFromApplicationInfo - start GetLive : com.samsung.android.calendar
10-22 12:49:00.154   426   426 I IconView: applyFromApplicationInfo - end GetLive : com.samsung.android.calendar
10-22 12:49:00.205   321   418 I BatteryMgr:DataCollectionService: stats => 1697971740205,161,4310,150,0,100
10-22 12:49:00.313   321   418 I BatteryMgr:DataCollectionService: stats => 1697971740313,161,4310,150,0,100
10-22 12:49:00.420   321   418 I BatteryMgr:DataCollectionService: stats => 1697971740420,161,4310,150,0,100
10-22 12:49:00.529   321   418 I BatteryMgr:DataCollectionService: stats => 1697971740529,161,4310,150,0,100
10-22 12:49:00.641   321   418 I BatteryMgr:DataCollectionService: stats => 1697971740641,161,4310,150,0,100
10-22 12:49:00.755   321   418 I BatteryMgr:DataCollectionService: stats => 1697971740755,161,4310,150,0,100
10-22 12:49:00.868   321   418 I BatteryMgr:DataCollectionService: stats => 1697971740868,161,4310,150,0,100
10-22 12:49:00.870   321   326 I zygote64: Do partial code cache collection, code=61KB, data=46KB
10-22 12:49:00.871   321   326 I zygote64: After code cache collection, code=61KB, data=46KB
10-22 12:49:00.871   321   326 I zygote64: Increasing code cache capacity to 256KB
10-22 12:49:00.964  3957  4129 D WifiStateMachine:  ConnectedState !RSSI_PKTCNT_FETCH uid=1000 rt=578147547/1634123019 0 0 "ourhome" f4:6d:2f:12:cc:88 rssi=-37 f=5240 sc=60 link=433 tx=0.3, 0.0, 0.0  rx=6.5 bcn=367780 [on:0 tx:0 rx:0 period:842] from screen [on:46940 period:215443] score=60
10-22 12:49:00.966  3957  4129 D WifiStateMachine:  L2ConnectedState !RSSI_PKTCNT_FETCH uid=1000 rt=578147550/1634123022 0 0 "ourhome" f4:6d:2f:12:cc:88 rssi=-37 f=5240 sc=60 link=433 tx=0.3, 0.0, 0.0  rx=6.5 bcn=367780 [on:0 tx:0 rx:0 period:3] from screen [on:46940 period:215446] score=60
10-22 12:49:00.972  3957  4129 D WifiStateMachine: fetchRssiLinkSpeedAndFrequencyNative rssi=-36 linkspeed=433 freq=5240
10-22 12:49:00.973  3957  4129 V WifiConfigManager: Updating scan detail cache freq=5240 BSSID=f4:6d:2f:12:cc:88 RSSI=-36 for "ourhome"WPA_PSK
10-22 12:49:00.980   321   418 I BatteryMgr:DataCollectionService: stats => 1697971740980,161,4310,150,0,100
10-22 12:49:01.092   321   418 I BatteryMgr:DataCollectionService: stats => 1697971741092,161,4310,150,0,100
10-22 12:49:01.095  3957  4128 D WifiService: getConnectionInfo uid=1000
10-22 12:49:01.205   321   418 I BatteryMgr:DataCollectionService: stats => 1697971741205,161,4310,150,0,100
10-22 12:49:01.317   321   418 I BatteryMgr:DataCollectionService: stats => 1697971741317,161,4310,150,0,100
10-22 12:49:01.430   321   418 I BatteryMgr:DataCollectionService: stats => 1697971741430,161,4310,150,0,100
10-22 12:49:01.539   321   418 I BatteryMgr:DataCollectionService: stats => 1697971741539,161,4310,150,0,100
10-22 12:49:01.650   321   418 I BatteryMgr:DataCollectionService: stats => 1697971741650,161,4310,150,0,100
10-22 12:49:01.762   321   418 I BatteryMgr:DataCollectionService: stats => 1697971741762,161,4310,150,0,100
10-22 12:49:01.873   321   418 I BatteryMgr:DataCollectionService: stats => 1697971741873,161,4310,150,0,100
10-22 12:49:01.966  3957  4129 D WifiStateMachine:  ConnectedState !RSSI_PKTCNT_FETCH uid=1000 rt=578148548/1634124021 0 0 "ourhome" f4:6d:2f:12:cc:88 rssi=-36 f=5240 sc=60 link=433 tx=0.3, 0.0, 0.0  rx=6.5 bcn=367780 [on:0 tx:0 rx:0 period:999] from screen [on:46940 period:216445] score=60
10-22 12:49:01.968  3957  4129 D WifiStateMachine:  L2ConnectedState !RSSI_PKTCNT_FETCH uid=1000 rt=578148551/1634124024 0 0 "ourhome" f4:6d:2f:12:cc:88 rssi=-36 f=5240 sc=60 link=433 tx=0.3, 0.0, 0.0  rx=6.5 bcn=367780 [on:0 tx:0 rx:0 period:2] from screen [on:46940 period:216447] score=60
10-22 12:49:01.975  3957  4129 D WifiStateMachine: fetchRssiLinkSpeedAndFrequencyNative rssi=-36 linkspeed=433 freq=5240
10-22 12:49:01.975  3957  4129 V WifiConfigManager: Updating scan detail cache freq=5240 BSSID=f4:6d:2f:12:cc:88 RSSI=-36 for "ourhome"WPA_PSK
10-22 12:49:01.983   321   418 I BatteryMgr:DataCollectionService: stats => 1697971741983,161,4310,150,0,100
10-22 12:49:02.096   321   418 I BatteryMgr:DataCollectionService: stats => 1697971742096,161,4310,150,0,100
10-22 12:49:02.098  3957  4128 D WifiService: getConnectionInfo uid=1000
10-22 12:49:02.207   321   418 I BatteryMgr:DataCollectionService: stats => 1697971742207,161,4310,150,0,100
10-22 12:49:02.316   321   418 I BatteryMgr:DataCollectionService: stats => 1697971742316,161,4310,150,0,100
10-22 12:49:02.433   321   418 I BatteryMgr:DataCollectionService: stats => 1697971742433,161,4310,150,0,100
10-22 12:49:02.544   321   418 I BatteryMgr:DataCollectionService: stats => 1697971742544,161,4310,150,0,100
10-22 12:49:02.576 22773 30184 I zygote64: Waiting for a blocking GC Explicit
10-22 12:49:02.628  4961  4961 D io_stats: !@ 179,0 r 8639697 280905264 w 2015402 39855788 d 160167 36173872 f 618700 642814 iot 4001828 3463238 th 51200 0 0 pt 0 inp 0 0 578149.213
10-22 12:49:02.654   321   418 I BatteryMgr:DataCollectionService: stats => 1697971742654,161,4310,150,0,100
10-22 12:49:02.761   321   418 I BatteryMgr:DataCollectionService: stats => 1697971742761,161,4310,150,0,100
10-22 12:49:02.789 22773 22800 I zygote64: Background concurrent copying GC freed 61918(3MB) AllocSpace objects, 6(120KB) LOS objects, 49% free, 12MB/25MB, paused 8.356ms total 215.399ms
10-22 12:49:02.789 22773 30184 I zygote64: WaitForGcToComplete blocked for 212.706ms for cause Explicit
10-22 12:49:02.873   321   418 I BatteryMgr:DataCollectionService: stats => 1697971742873,161,4310,150,0,100
10-22 12:49:02.963 22773 30184 I zygote64: Explicit concurrent copying GC freed 1337(54KB) AllocSpace objects, 0(0B) LOS objects, 50% free, 12MB/25MB, paused 372us total 174.122ms
10-22 12:49:02.965  3957  4129 D WifiStateMachine:  ConnectedState !RSSI_PKTCNT_FETCH uid=1000 rt=578149550/1634125022 0 0 "ourhome" f4:6d:2f:12:cc:88 rssi=-36 f=5240 sc=60 link=433 tx=0.3, 0.0, 0.0  rx=6.5 bcn=367780 [on:0 tx:0 rx:0 period:998] from screen [on:46940 period:217445] score=60
10-22 12:49:02.967  3957  4129 D WifiStateMachine:  L2ConnectedState !RSSI_PKTCNT_FETCH uid=1000 rt=578149551/1634125024 0 0 "ourhome" f4:6d:2f:12:cc:88 rssi=-36 f=5240 sc=60 link=433 tx=0.3, 0.0, 0.0  rx=6.5 bcn=367780 [on:0 tx:0 rx:0 period:2] from screen [on:46940 period:217447] score=60
10-22 12:49:02.972  3957  4129 D WifiStateMachine: fetchRssiLinkSpeedAndFrequencyNative rssi=-36 linkspeed=433 freq=5240
10-22 12:49:02.972  3957  4129 V WifiConfigManager: Updating scan detail cache freq=5240 BSSID=f4:6d:2f:12:cc:88 RSSI=-36 for "ourhome"WPA_PSK
10-22 12:49:02.979   321   418 I BatteryMgr:DataCollectionService: stats => 1697971742978,161,4310,150,0,100
10-22 12:49:03.087   321   418 I BatteryMgr:DataCollectionService: stats => 1697971743087,161,4310,150,0,100
10-22 12:49:03.100  3957  4128 D WifiService: getConnectionInfo uid=1000
10-22 12:49:03.121  3957  4129 D WifiStateMachine:  ConnectedState !CMD_RSSI_POLL rt=578149704/1634125177 104 0 "ourhome" f4:6d:2f:12:cc:88 rssi=-36 f=5240 sc=60 link=433 tx=0.3, 0.0, 0.0  rx=6.5 bcn=367780 [on:0 tx:0 rx:0 period:153] from screen [on:46940 period:217600] score=60
10-22 12:49:03.125  3957  4129 D WifiStateMachine:  L2ConnectedState !CMD_RSSI_POLL rt=578149707/1634125179 104 0 "ourhome" f4:6d:2f:12:cc:88 rssi=-36 f=5240 sc=60 link=433 tx=0.3, 0.0, 0.0  rx=6.5 bcn=367780 [on:0 tx:0 rx:0 period:5] from screen [on:46940 period:217605] score=60
10-22 12:49:03.126  3957  4129 D WifiStateMachine:  get link layer stats 3
10-22 12:49:03.126  3436  3436 I android.hardware.wifi@1.0-service: getLinkLayerStats
10-22 12:49:03.133  3957  4129 D WifiStateMachine: fetchRssiLinkSpeedAndFrequencyNative rssi=-36 linkspeed=433 freq=5240
10-22 12:49:03.134  3957  4129 V WifiConfigManager: Updating scan detail cache freq=5240 BSSID=f4:6d:2f:12:cc:88 RSSI=-36 for "ourhome"WPA_PSK
10-22 12:49:03.140  4340  4340 E SignalClusterView: setSlotFocusVisible : subId -2
10-22 12:49:03.140  4340  4340 E SignalClusterView: setSlotFocusVisible : subId -2
10-22 12:49:03.159  2479  2548 D ScanRecord: Not a Multi Manu data
10-22 12:49:03.198  2479  2548 I chatty  : uid=1002(bluetooth) BT Service Call identical 53 lines
10-22 12:49:03.198  2479  2548 D ScanRecord: Not a Multi Manu data
10-22 12:49:03.198   321   418 I BatteryMgr:DataCollectionService: stats => 1697971743198,161,4310,150,0,100
10-22 12:49:03.202  2479  2548 D ScanRecord: Not a Multi Manu data
10-22 12:49:03.310  2479  2548 I chatty  : uid=1002(bluetooth) BT Service Call identical 86 lines
10-22 12:49:03.310  2479  2548 D ScanRecord: Not a Multi Manu data
10-22 12:49:03.312   321   418 I BatteryMgr:DataCollectionService: stats => 1697971743311,161,4310,150,0,100
10-22 12:49:03.325  2479  2548 D ScanRecord: Not a Multi Manu data
10-22 12:49:03.408  2479  2548 I chatty  : uid=1002(bluetooth) BT Service Call identical 108 lines
10-22 12:49:03.408  2479  2548 D ScanRecord: Not a Multi Manu data
10-22 12:49:03.420   321   418 I BatteryMgr:DataCollectionService: stats => 1697971743419,161,4310,150,0,100
10-22 12:49:03.421  2479  2548 D ScanRecord: Not a Multi Manu data
10-22 12:49:03.528  2479  2548 I chatty  : uid=1002(bluetooth) BT Service Call identical 163 lines
10-22 12:49:03.528  2479  2548 D ScanRecord: Not a Multi Manu data
10-22 12:49:03.535   321   418 I BatteryMgr:DataCollectionService: stats => 1697971743535,161,4310,150,0,100
10-22 12:49:03.538  2479  2548 D ScanRecord: Not a Multi Manu data
10-22 12:49:03.630  2479  2548 I chatty  : uid=1002(bluetooth) BT Service Call identical 130 lines
10-22 12:49:03.630  2479  2548 D ScanRecord: Not a Multi Manu data
10-22 12:49:03.646   321   418 I BatteryMgr:DataCollectionService: stats => 1697971743646,161,4310,150,0,100
10-22 12:49:03.758   321   418 I BatteryMgr:DataCollectionService: stats => 1697971743757,161,4310,150,0,100
10-22 12:49:03.868   321   418 I BatteryMgr:DataCollectionService: stats => 1697971743867,161,4310,150,0,100
10-22 12:49:03.968  3957  4129 D WifiStateMachine:  ConnectedState !RSSI_PKTCNT_FETCH uid=1000 rt=578150551/1634126024 0 0 "ourhome" f4:6d:2f:12:cc:88 rssi=-36 f=5240 sc=60 link=433 tx=0.1, 0.0, 0.0  rx=7.5 bcn=367808 [on:0 tx:0 rx:0 period:829] from screen [on:47320 period:218447] score=60
10-22 12:49:03.969  3957  4129 D WifiStateMachine:  L2ConnectedState !RSSI_PKTCNT_FETCH uid=1000 rt=578150553/1634126026 0 0 "ourhome" f4:6d:2f:12:cc:88 rssi=-36 f=5240 sc=60 link=433 tx=0.1, 0.0, 0.0  rx=7.5 bcn=367808 [on:0 tx:0 rx:0 period:2] from screen [on:47320 period:218449] score=60
10-22 12:49:03.979  3957  4129 D WifiStateMachine: fetchRssiLinkSpeedAndFrequencyNative rssi=-36 linkspeed=433 freq=5240
10-22 12:49:03.979  3957  4129 V WifiConfigManager: Updating scan detail cache freq=5240 BSSID=f4:6d:2f:12:cc:88 RSSI=-36 for "ourhome"WPA_PSK
10-22 12:49:03.980   321   418 I BatteryMgr:DataCollectionService: stats => 1697971743980,161,4310,150,0,100
10-22 12:49:04.091   321   418 I BatteryMgr:DataCollectionService: stats => 1697971744091,161,4310,150,0,100
10-22 12:49:04.104  3957  4128 D WifiService: getConnectionInfo uid=1000
10-22 12:49:04.202   321   418 I BatteryMgr:DataCollectionService: stats => 1697971744201,161,4310,150,0,100
10-22 12:49:04.318   321   418 I BatteryMgr:DataCollectionService: stats => 1697971744318,161,4310,150,0,100
10-22 12:49:04.431   321   418 I BatteryMgr:DataCollectionService: stats => 1697971744430,161,4310,150,0,100
10-22 12:49:04.539   321   418 I BatteryMgr:DataCollectionService: stats => 1697971744539,161,4310,150,0,100
10-22 12:49:04.649   321   418 I BatteryMgr:DataCollectionService: stats => 1697971744649,161,4310,150,0,100
10-22 12:49:04.758   321   418 I BatteryMgr:DataCollectionService: stats => 1697971744758,161,4310,150,0,100
10-22 12:49:04.868   321   418 I BatteryMgr:DataCollectionService: stats => 1697971744868,161,4310,150,0,100
10-22 12:49:04.930 27744 32464 I SessionStorage/AutoSave: Save: Periodic
10-22 12:49:04.968  3957  4129 D WifiStateMachine:  ConnectedState !RSSI_PKTCNT_FETCH uid=1000 rt=578151552/1634127025 0 0 "ourhome" f4:6d:2f:12:cc:88 rssi=-36 f=5240 sc=60 link=433 tx=0.1, 0.0, 0.0  rx=7.5 bcn=367808 [on:0 tx:0 rx:0 period:999] from screen [on:47320 period:219448] score=60
10-22 12:49:04.971  3957  4129 D WifiStateMachine:  L2ConnectedState !RSSI_PKTCNT_FETCH uid=1000 rt=578151554/1634127027 0 0 "ourhome" f4:6d:2f:12:cc:88 rssi=-36 f=5240 sc=60 link=433 tx=0.1, 0.0, 0.0  rx=7.5 bcn=367808 [on:0 tx:0 rx:0 period:3] from screen [on:47320 period:219451] score=60
10-22 12:49:04.976   321   418 I BatteryMgr:DataCollectionService: stats => 1697971744976,161,4310,150,0,100
10-22 12:49:04.978  3957  4129 D WifiStateMachine: fetchRssiLinkSpeedAndFrequencyNative rssi=-36 linkspeed=433 freq=5240
10-22 12:49:04.978  3957  4129 V WifiConfigManager: Updating scan detail cache freq=5240 BSSID=f4:6d:2f:12:cc:88 RSSI=-36 for "ourhome"WPA_PSK
10-22 12:49:05.085   321   418 I BatteryMgr:DataCollectionService: stats => 1697971745085,161,4310,150,0,100
10-22 12:49:05.105  3957  4128 D WifiService: getConnectionInfo uid=1000
10-22 12:49:05.198   321   418 I BatteryMgr:DataCollectionService: stats => 1697971745198,161,4310,150,0,100
10-22 12:49:05.311   321   418 I BatteryMgr:DataCollectionService: stats => 1697971745311,178,4310,154,0,100
10-22 12:49:05.421   321   418 I BatteryMgr:DataCollectionService: stats => 1697971745420,178,4310,154,0,100
10-22 12:49:05.529   321   418 I BatteryMgr:DataCollectionService: stats => 1697971745529,178,4310,154,0,100
10-22 12:49:05.640   321   418 I BatteryMgr:DataCollectionService: stats => 1697971745640,178,4310,154,0,100
10-22 12:49:05.748   321   418 I BatteryMgr:DataCollectionService: stats => 1697971745748,178,4310,154,0,100
10-22 12:49:05.841  3957  4622 D BatteryService: !@BatteryListener : batteryPropertiesChanged!
10-22 12:49:05.859   321   418 I BatteryMgr:DataCollectionService: stats => 1697971745859,178,4310,154,0,100
10-22 12:49:05.898  3957  4030 D SensorService: [SO] 0.283 0.110 9.984
10-22 12:49:05.968   321   418 I BatteryMgr:DataCollectionService: stats => 1697971745968,178,4310,154,0,100
10-22 12:49:05.971  3957  4129 D WifiStateMachine:  ConnectedState !RSSI_PKTCNT_FETCH uid=1000 rt=578152555/1634128027 0 0 "ourhome" f4:6d:2f:12:cc:88 rssi=-36 f=5240 sc=60 link=433 tx=0.1, 0.0, 0.0  rx=7.5 bcn=367808 [on:0 tx:0 rx:0 period:1000] from screen [on:47320 period:220451] score=60
10-22 12:49:05.973  3957  4129 D WifiStateMachine:  L2ConnectedState !RSSI_PKTCNT_FETCH uid=1000 rt=578152557/1634128029 0 0 "ourhome" f4:6d:2f:12:cc:88 rssi=-36 f=5240 sc=60 link=433 tx=0.1, 0.0, 0.0  rx=7.5 bcn=367808 [on:0 tx:0 rx:0 period:2] from screen [on:47320 period:220453] score=60
10-22 12:49:05.979  3957  4129 D WifiStateMachine: fetchRssiLinkSpeedAndFrequencyNative rssi=-36 linkspeed=433 freq=5240
10-22 12:49:05.980  3957  4129 V WifiConfigManager: Updating scan detail cache freq=5240 BSSID=f4:6d:2f:12:cc:88 RSSI=-36 for "ourhome"WPA_PSK
10-22 12:49:06.078   321   418 I BatteryMgr:DataCollectionService: stats => 1697971746078,178,4310,154,0,100
10-22 12:49:06.108  3957  4128 D WifiService: getConnectionInfo uid=1000
10-22 12:49:06.137  3957  4129 D WifiStateMachine:  ConnectedState !CMD_RSSI_POLL rt=578152721/1634128193 104 0 "ourhome" f4:6d:2f:12:cc:88 rssi=-36 f=5240 sc=60 link=433 tx=0.1, 0.0, 0.0  rx=7.5 bcn=367808 [on:0 tx:0 rx:0 period:164] from screen [on:47320 period:220617] score=60
10-22 12:49:06.141  3957  4129 D WifiStateMachine:  L2ConnectedState !CMD_RSSI_POLL rt=578152723/1634128195 104 0 "ourhome" f4:6d:2f:12:cc:88 rssi=-36 f=5240 sc=60 link=433 tx=0.1, 0.0, 0.0  rx=7.5 bcn=367808 [on:0 tx:0 rx:0 period:3] from screen [on:47320 period:220620] score=60
10-22 12:49:06.141  3957  4129 D WifiStateMachine:  get link layer stats 3
10-22 12:49:06.142  3436  3436 I android.hardware.wifi@1.0-service: getLinkLayerStats
10-22 12:49:06.160  3957  4129 D WifiStateMachine: fetchRssiLinkSpeedAndFrequencyNative rssi=-36 linkspeed=433 freq=5240
10-22 12:49:06.161  3957  4129 V WifiConfigManager: Updating scan detail cache freq=5240 BSSID=f4:6d:2f:12:cc:88 RSSI=-36 for "ourhome"WPA_PSK
10-22 12:49:06.164  4340  4340 E SignalClusterView: setSlotFocusVisible : subId -2
10-22 12:49:06.165  4340  4340 E SignalClusterView: setSlotFocusVisible : subId -2
10-22 12:49:06.186   321   418 I BatteryMgr:DataCollectionService: stats => 1697971746185,178,4310,154,0,100
10-22 12:49:06.240  3957  6478 D SSRM:k  : SIOP:: AP = 290, PST = 269 (W:12), BAT = 248, USB = 0, CHG = 0
10-22 12:49:06.296   321   418 I BatteryMgr:DataCollectionService: stats => 1697971746296,178,4310,154,0,100
10-22 12:49:06.406   321   418 I BatteryMgr:DataCollectionService: stats => 1697971746405,178,4310,154,0,100
10-22 12:49:06.518   321   418 I BatteryMgr:DataCollectionService: stats => 1697971746518,178,4310,154,0,100
10-22 12:49:06.628   321   418 I BatteryMgr:DataCollectionService: stats => 1697971746628,178,4310,154,0,100
10-22 12:49:06.737   321   418 I BatteryMgr:DataCollectionService: stats => 1697971746737,178,4310,154,0,100
10-22 12:49:06.850   321   418 I BatteryMgr:DataCollectionService: stats => 1697971746849,178,4310,154,0,100
10-22 12:49:06.961   321   418 I BatteryMgr:DataCollectionService: stats => 1697971746960,178,4310,154,0,100
10-22 12:49:06.972  3957  4129 D WifiStateMachine:  ConnectedState !RSSI_PKTCNT_FETCH uid=1000 rt=578153555/1634129028 0 0 "ourhome" f4:6d:2f:12:cc:88 rssi=-36 f=5240 sc=60 link=433 tx=1.9, 0.0, 0.0  rx=23.7 bcn=367836 [on:0 tx:0 rx:0 period:807] from screen [on:47813 period:221452] score=60
10-22 12:49:06.977  3957  4129 D WifiStateMachine:  L2ConnectedState !RSSI_PKTCNT_FETCH uid=1000 rt=578153558/1634129030 0 0 "ourhome" f4:6d:2f:12:cc:88 rssi=-36 f=5240 sc=60 link=433 tx=1.9, 0.0, 0.0  rx=23.7 bcn=367836 [on:0 tx:0 rx:0 period:5] from screen [on:47813 period:221457] score=60
10-22 12:49:06.984  3957  4129 D WifiStateMachine: fetchRssiLinkSpeedAndFrequencyNative rssi=-37 linkspeed=433 freq=5240
10-22 12:49:06.984  3957  4129 V WifiConfigManager: Updating scan detail cache freq=5240 BSSID=f4:6d:2f:12:cc:88 RSSI=-36 for "ourhome"WPA_PSK
10-22 12:49:07.070   321   418 I BatteryMgr:DataCollectionService: stats => 1697971747069,178,4310,154,0,100
10-22 12:49:07.111  3957  4128 D WifiService: getConnectionInfo uid=1000
10-22 12:49:07.179   321   418 I BatteryMgr:DataCollectionService: stats => 1697971747179,178,4310,154,0,100
10-22 12:49:07.288   321   418 I BatteryMgr:DataCollectionService: stats => 1697971747288,178,4310,154,0,100
10-22 12:49:07.402   321   418 I BatteryMgr:DataCollectionService: stats => 1697971747402,178,4310,154,0,100
10-22 12:49:07.514   321   418 I BatteryMgr:DataCollectionService: stats => 1697971747513,178,4310,154,0,100
10-22 12:49:07.624   321   418 I BatteryMgr:DataCollectionService: stats => 1697971747624,178,4310,154,0,100
10-22 12:49:07.630  4961  4961 D io_stats: !@ 179,0 r 8639712 280905468 w 2015413 39855920 d 160168 36173912 f 618701 642815 iot 4001844 3463254 th 51200 0 0 pt 0 inp 0 0 578154.215
10-22 12:49:07.736   321   418 I BatteryMgr:DataCollectionService: stats => 1697971747735,178,4310,154,0,100
10-22 12:49:07.846   321   418 I BatteryMgr:DataCollectionService: stats => 1697971747846,178,4310,154,0,100
10-22 12:49:07.958   321   418 I BatteryMgr:DataCollectionService: stats => 1697971747958,178,4310,154,0,100
10-22 12:49:07.973  3957  4129 D WifiStateMachine:  ConnectedState !RSSI_PKTCNT_FETCH uid=1000 rt=578154557/1634130029 0 0 "ourhome" f4:6d:2f:12:cc:88 rssi=-37 f=5240 sc=60 link=433 tx=1.9, 0.0, 0.0  rx=23.7 bcn=367836 [on:0 tx:0 rx:0 period:996] from screen [on:47813 period:222453] score=60
10-22 12:49:07.976  3957  4129 D WifiStateMachine:  L2ConnectedState !RSSI_PKTCNT_FETCH uid=1000 rt=578154559/1634130031 0 0 "ourhome" f4:6d:2f:12:cc:88 rssi=-37 f=5240 sc=60 link=433 tx=1.9, 0.0, 0.0  rx=23.7 bcn=367836 [on:0 tx:0 rx:0 period:3] from screen [on:47813 period:222456] score=60
10-22 12:49:07.983  3957  4129 D WifiStateMachine: fetchRssiLinkSpeedAndFrequencyNative rssi=-37 linkspeed=433 freq=5240
10-22 12:49:07.983  3957  4129 V WifiConfigManager: Updating scan detail cache freq=5240 BSSID=f4:6d:2f:12:cc:88 RSSI=-36 for "ourhome"WPA_PSK
10-22 12:49:08.066   321   418 I BatteryMgr:DataCollectionService: stats => 1697971748066,178,4310,154,0,100
10-22 12:49:08.114  3957  4128 D WifiService: getConnectionInfo uid=1000
10-22 12:49:08.147  2479  2548 D ScanRecord: Not a Multi Manu data
10-22 12:49:08.147  2479  2548 I chatty  : uid=1002(bluetooth) BT Service Call identical 9 lines
10-22 12:49:08.147  2479  2548 D ScanRecord: Not a Multi Manu data
10-22 12:49:08.177   321   418 I BatteryMgr:DataCollectionService: stats => 1697971748177,178,4310,154,0,100
10-22 12:49:08.187  2479  2548 D ScanRecord: Not a Multi Manu data
10-22 12:49:08.286  2479  2548 I chatty  : uid=1002(bluetooth) BT Service Call identical 31 lines
10-22 12:49:08.286  2479  2548 D ScanRecord: Not a Multi Manu data
10-22 12:49:08.288   321   418 I BatteryMgr:DataCollectionService: stats => 1697971748287,178,4310,154,0,100
10-22 12:49:08.323  2479  2548 D ScanRecord: Not a Multi Manu data
10-22 12:49:08.323  2479  2548 I chatty  : uid=1002(bluetooth) BT Service Call identical 9 lines
10-22 12:49:08.323  2479  2548 D ScanRecord: Not a Multi Manu data
10-22 12:49:08.398   321   418 I BatteryMgr:DataCollectionService: stats => 1697971748397,178,4310,154,0,100
10-22 12:49:08.416  2479  2548 D ScanRecord: Not a Multi Manu data
10-22 12:49:08.497  2479  2548 I chatty  : uid=1002(bluetooth) BT Service Call identical 86 lines
10-22 12:49:08.497  2479  2548 D ScanRecord: Not a Multi Manu data
10-22 12:49:08.505   321   418 I BatteryMgr:DataCollectionService: stats => 1697971748505,178,4310,154,0,100
10-22 12:49:08.551  2479  2548 D ScanRecord: Not a Multi Manu data
10-22 12:49:08.552  2479  2548 I chatty  : uid=1002(bluetooth) BT Service Call identical 9 lines
10-22 12:49:08.552  2479  2548 D ScanRecord: Not a Multi Manu data
10-22 12:49:08.618   321   418 I BatteryMgr:DataCollectionService: stats => 1697971748618,178,4310,154,0,100
10-22 12:49:08.621  2479  2548 D ScanRecord: Not a Multi Manu data
10-22 12:49:08.622  2479  2548 I chatty  : uid=1002(bluetooth) BT Service Call identical 9 lines
10-22 12:49:08.622  2479  2548 D ScanRecord: Not a Multi Manu data
10-22 12:49:08.730   321   418 I BatteryMgr:DataCollectionService: stats => 1697971748730,178,4310,154,0,100
10-22 12:49:08.839   321   418 I BatteryMgr:DataCollectionService: stats => 1697971748839,178,4310,154,0,100
10-22 12:49:08.954   321   418 I BatteryMgr:DataCollectionService: stats => 1697971748954,178,4310,154,0,100
10-22 12:49:08.975  3957  4129 D WifiStateMachine:  ConnectedState !RSSI_PKTCNT_FETCH uid=1000 rt=578155558/1634131031 0 0 "ourhome" f4:6d:2f:12:cc:88 rssi=-37 f=5240 sc=60 link=433 tx=1.9, 0.0, 0.0  rx=23.7 bcn=367836 [on:0 tx:0 rx:0 period:999] from screen [on:47813 period:223455] score=60
10-22 12:49:08.977  3957  4129 D WifiStateMachine:  L2ConnectedState !RSSI_PKTCNT_FETCH uid=1000 rt=578155561/1634131033 0 0 "ourhome" f4:6d:2f:12:cc:88 rssi=-37 f=5240 sc=60 link=433 tx=1.9, 0.0, 0.0  rx=23.7 bcn=367836 [on:0 tx:0 rx:0 period:2] from screen [on:47813 period:223457] score=60
10-22 12:49:08.980  3957  4129 D WifiStateMachine: fetchRssiLinkSpeedAndFrequencyNative rssi=-37 linkspeed=433 freq=5240
10-22 12:49:08.980  3957  4129 V WifiConfigManager: Updating scan detail cache freq=5240 BSSID=f4:6d:2f:12:cc:88 RSSI=-36 for "ourhome"WPA_PSK
10-22 12:49:09.065   321   418 I BatteryMgr:DataCollectionService: stats => 1697971749065,178,4310,154,0,100
10-22 12:49:09.115  3957  4128 D WifiService: getConnectionInfo uid=1000
10-22 12:49:09.164  3957  4129 D WifiStateMachine:  ConnectedState !CMD_RSSI_POLL rt=578155748/1634131220 104 0 "ourhome" f4:6d:2f:12:cc:88 rssi=-37 f=5240 sc=60 link=433 tx=1.9, 0.0, 0.0  rx=23.7 bcn=367836 [on:0 tx:0 rx:0 period:187] from screen [on:47813 period:223644] score=60
10-22 12:49:09.167  3957  4129 D WifiStateMachine:  L2ConnectedState !CMD_RSSI_POLL rt=578155750/1634131223 104 0 "ourhome" f4:6d:2f:12:cc:88 rssi=-37 f=5240 sc=60 link=433 tx=1.9, 0.0, 0.0  rx=23.7 bcn=367836 [on:0 tx:0 rx:0 period:2] from screen [on:47813 period:223646] score=60
10-22 12:49:09.167  3957  4129 D WifiStateMachine:  get link layer stats 3
10-22 12:49:09.167  3436  3436 I android.hardware.wifi@1.0-service: getLinkLayerStats
10-22 12:49:09.174   321   418 I BatteryMgr:DataCollectionService: stats => 1697971749174,178,4310,154,0,100
10-22 12:49:09.183  3957  4129 D WifiStateMachine: fetchRssiLinkSpeedAndFrequencyNative rssi=-38 linkspeed=433 freq=5240
10-22 12:49:09.183  3957  4129 V WifiConfigManager: Updating scan detail cache freq=5240 BSSID=f4:6d:2f:12:cc:88 RSSI=-37 for "ourhome"WPA_PSK
10-22 12:49:09.189  4340  4340 E SignalClusterView: setSlotFocusVisible : subId -2
10-22 12:49:09.189  4340  4340 E SignalClusterView: setSlotFocusVisible : subId -2
10-22 12:49:09.282   321   418 I BatteryMgr:DataCollectionService: stats => 1697971749282,178,4310,154,0,100
10-22 12:49:09.386  3957  4416 E Watchdog: !@Sync 19264 [2023-10-22 12:49:09.386]
10-22 12:49:09.392   321   418 I BatteryMgr:DataCollectionService: stats => 1697971749392,178,4310,154,0,100
10-22 12:49:09.505   321   418 I BatteryMgr:DataCollectionService: stats => 1697971749505,178,4310,154,0,100
10-22 12:49:09.616   321   418 I BatteryMgr:DataCollectionService: stats => 1697971749616,178,4310,154,0,100
10-22 12:49:09.725   321   418 I BatteryMgr:DataCollectionService: stats => 1697971749725,178,4310,154,0,100
10-22 12:49:09.837   321   418 I BatteryMgr:DataCollectionService: stats => 1697971749837,178,4310,154,0,100
10-22 12:49:09.948   321   418 I BatteryMgr:DataCollectionService: stats => 1697971749948,178,4310,154,0,100
10-22 12:49:09.977  3957  4129 D WifiStateMachine:  ConnectedState !RSSI_PKTCNT_FETCH uid=1000 rt=578156560/1634132032 0 0 "ourhome" f4:6d:2f:12:cc:88 rssi=-38 f=5240 sc=60 link=433 tx=4.5, 0.0, 0.0  rx=32.8 bcn=367864 [on:0 tx:0 rx:0 period:789] from screen [on:48812 period:224456] score=60
10-22 12:49:09.980  3957  4129 D WifiStateMachine:  L2ConnectedState !RSSI_PKTCNT_FETCH uid=1000 rt=578156563/1634132035 0 0 "ourhome" f4:6d:2f:12:cc:88 rssi=-38 f=5240 sc=60 link=433 tx=4.5, 0.0, 0.0  rx=32.8 bcn=367864 [on:0 tx:0 rx:0 period:4] from screen [on:48812 period:224460] score=60
10-22 12:49:09.988  3957  4129 D WifiStateMachine: fetchRssiLinkSpeedAndFrequencyNative rssi=-37 linkspeed=433 freq=5240
10-22 12:49:09.989  3957  4129 V WifiConfigManager: Updating scan detail cache freq=5240 BSSID=f4:6d:2f:12:cc:88 RSSI=-37 for "ourhome"WPA_PSK
10-22 12:49:10.057   321   418 I BatteryMgr:DataCollectionService: stats => 1697971750057,178,4310,154,0,100
10-22 12:49:10.117  3957  4128 D WifiService: getConnectionInfo uid=1000
10-22 12:49:10.169   321   418 I BatteryMgr:DataCollectionService: stats => 1697971750169,178,4310,154,0,100
10-22 12:49:10.281   321   418 I BatteryMgr:DataCollectionService: stats => 1697971750280,178,4310,154,0,100
10-22 12:49:10.391   321   418 I BatteryMgr:DataCollectionService: stats => 1697971750391,178,4310,154,0,100
10-22 12:49:10.501   321   418 I BatteryMgr:DataCollectionService: stats => 1697971750501,178,4310,154,0,100
10-22 12:49:10.619   321   418 I BatteryMgr:DataCollectionService: stats => 1697971750619,178,4310,154,0,100
10-22 12:49:10.733   321   418 I BatteryMgr:DataCollectionService: stats => 1697971750733,178,4310,154,0,100
10-22 12:49:10.843   321   418 I BatteryMgr:DataCollectionService: stats => 1697971750843,178,4310,154,0,100
10-22 12:49:10.953   321   418 I BatteryMgr:DataCollectionService: stats => 1697971750953,178,4310,154,0,100
10-22 12:49:10.980  3957  4129 D WifiStateMachine:  ConnectedState !RSSI_PKTCNT_FETCH uid=1000 rt=578157562/1634133034 0 0 "ourhome" f4:6d:2f:12:cc:88 rssi=-37 f=5240 sc=60 link=433 tx=4.5, 0.0, 0.0  rx=32.8 bcn=367864 [on:0 tx:0 rx:0 period:999] from screen [on:48812 period:225459] score=60
10-22 12:49:10.983  3957  4129 D WifiStateMachine:  L2ConnectedState !RSSI_PKTCNT_FETCH uid=1000 rt=578157565/1634133038 0 0 "ourhome" f4:6d:2f:12:cc:88 rssi=-37 f=5240 sc=60 link=433 tx=4.5, 0.0, 0.0  rx=32.8 bcn=367864 [on:0 tx:0 rx:0 period:4] from screen [on:48812 period:225463] score=60
10-22 12:49:10.991  3957  4129 D WifiStateMachine: fetchRssiLinkSpeedAndFrequencyNative rssi=-37 linkspeed=433 freq=5240
10-22 12:49:10.991  3957  4129 V WifiConfigManager: Updating scan detail cache freq=5240 BSSID=f4:6d:2f:12:cc:88 RSSI=-37 for "ourhome"WPA_PSK
10-22 12:49:11.063   321   418 I BatteryMgr:DataCollectionService: stats => 1697971751063,178,4310,154,0,100
10-22 12:49:11.119  3957  4128 D WifiService: getConnectionInfo uid=1000
10-22 12:49:11.176   321   418 I BatteryMgr:DataCollectionService: stats => 1697971751176,178,4310,154,0,100
10-22 12:49:11.287   321   418 I BatteryMgr:DataCollectionService: stats => 1697971751287,178,4310,154,0,100
10-22 12:49:11.397   321   418 I BatteryMgr:DataCollectionService: stats => 1697971751397,178,4310,154,0,100
10-22 12:49:11.507   321   418 I BatteryMgr:DataCollectionService: stats => 1697971751507,178,4310,154,0,100
10-22 12:49:11.616   321   418 I BatteryMgr:DataCollectionService: stats => 1697971751616,178,4310,154,0,100
10-22 12:49:11.728   321   418 I BatteryMgr:DataCollectionService: stats => 1697971751728,178,4310,154,0,100
10-22 12:49:11.838   321   418 I BatteryMgr:DataCollectionService: stats => 1697971751838,178,4310,154,0,100
10-22 12:49:11.950   321   418 I BatteryMgr:DataCollectionService: stats => 1697971751949,178,4310,154,0,100
10-22 12:49:11.979  3957  4129 D WifiStateMachine:  ConnectedState !RSSI_PKTCNT_FETCH uid=1000 rt=578158562/1634134035 0 0 "ourhome" f4:6d:2f:12:cc:88 rssi=-37 f=5240 sc=60 link=433 tx=4.5, 0.0, 0.0  rx=32.8 bcn=367864 [on:0 tx:0 rx:0 period:996] from screen [on:48812 period:226459] score=60
10-22 12:49:11.980  3957  4129 D WifiStateMachine:  L2ConnectedState !RSSI_PKTCNT_FETCH uid=1000 rt=578158565/1634134037 0 0 "ourhome" f4:6d:2f:12:cc:88 rssi=-37 f=5240 sc=60 link=433 tx=4.5, 0.0, 0.0  rx=32.8 bcn=367864 [on:0 tx:0 rx:0 period:1] from screen [on:48812 period:226460] score=60
10-22 12:49:11.987  3957  4129 D WifiStateMachine: fetchRssiLinkSpeedAndFrequencyNative rssi=-39 linkspeed=433 freq=5240
10-22 12:49:11.987  3957  4129 V WifiConfigManager: Updating scan detail cache freq=5240 BSSID=f4:6d:2f:12:cc:88 RSSI=-38 for "ourhome"WPA_PSK
10-22 12:49:12.060   321   418 I BatteryMgr:DataCollectionService: stats => 1697971752060,178,4310,154,0,100
10-22 12:49:12.121  3957  4128 D WifiService: getConnectionInfo uid=1000
10-22 12:49:12.170   321   418 I BatteryMgr:DataCollectionService: stats => 1697971752170,178,4310,154,0,100
10-22 12:49:12.187  3957  4129 D WifiStateMachine:  ConnectedState !CMD_RSSI_POLL rt=578158770/1634134242 104 0 "ourhome" f4:6d:2f:12:cc:88 rssi=-39 f=5240 sc=60 link=433 tx=4.5, 0.0, 0.0  rx=32.8 bcn=367864 [on:0 tx:0 rx:0 period:206] from screen [on:48812 period:226666] score=60
10-22 12:49:12.188  3957  4129 D WifiStateMachine:  L2ConnectedState !CMD_RSSI_POLL rt=578158772/1634134245 104 0 "ourhome" f4:6d:2f:12:cc:88 rssi=-39 f=5240 sc=60 link=433 tx=4.5, 0.0, 0.0  rx=32.8 bcn=367864 [on:0 tx:0 rx:0 period:2] from screen [on:48812 period:226668] score=60
10-22 12:49:12.188  3957  4129 D WifiStateMachine:  get link layer stats 3
10-22 12:49:12.189  3436  3436 I android.hardware.wifi@1.0-service: getLinkLayerStats
10-22 12:49:12.207  3957  4129 D WifiStateMachine: fetchRssiLinkSpeedAndFrequencyNative rssi=-39 linkspeed=433 freq=5240
10-22 12:49:12.208  3957  4129 V WifiConfigManager: Updating scan detail cache freq=5240 BSSID=f4:6d:2f:12:cc:88 RSSI=-38 for "ourhome"WPA_PSK
10-22 12:49:12.213  4340  4340 E SignalClusterView: setSlotFocusVisible : subId -2
10-22 12:49:12.213  4340  4340 E SignalClusterView: setSlotFocusVisible : subId -2
10-22 12:49:12.279   321   418 I BatteryMgr:DataCollectionService: stats => 1697971752279,178,4310,154,0,100
10-22 12:49:12.392   321   418 I BatteryMgr:DataCollectionService: stats => 1697971752392,178,4310,154,0,100
10-22 12:49:12.503   321   418 I BatteryMgr:DataCollectionService: stats => 1697971752503,178,4310,154,0,100
10-22 12:49:12.612   321   418 I BatteryMgr:DataCollectionService: stats => 1697971752612,178,4310,154,0,100
10-22 12:49:12.634  4961  4961 D io_stats: !@ 179,0 r 8639715 280905500 w 2015417 39856052 d 160169 36173916 f 618702 642816 iot 4001848 3463259 th 51200 0 0 pt 0 inp 0 0 578159.218
10-22 12:49:12.724   321   418 I BatteryMgr:DataCollectionService: stats => 1697971752724,178,4310,154,0,100
10-22 12:49:12.834   321   418 I BatteryMgr:DataCollectionService: stats => 1697971752834,178,4310,154,0,100
10-22 12:49:12.943   321   418 I BatteryMgr:DataCollectionService: stats => 1697971752943,178,4310,154,0,100
10-22 12:49:12.984  3957  4129 D WifiStateMachine:  ConnectedState !RSSI_PKTCNT_FETCH uid=1000 rt=578159564/1634135037 0 0 "ourhome" f4:6d:2f:12:cc:88 rssi=-39 f=5240 sc=60 link=433 tx=4.2, 0.0, 0.0  rx=33.6 bcn=367893 [on:0 tx:0 rx:0 period:770] from screen [on:49203 period:227464] score=60
10-22 12:49:12.988  3957  4129 D WifiStateMachine:  L2ConnectedState !RSSI_PKTCNT_FETCH uid=1000 rt=578159570/1634135042 0 0 "ourhome" f4:6d:2f:12:cc:88 rssi=-39 f=5240 sc=60 link=433 tx=4.2, 0.0, 0.0  rx=33.6 bcn=367893 [on:0 tx:0 rx:0 period:3] from screen [on:49203 period:227467] score=60
10-22 12:49:12.994  3957  4129 D WifiStateMachine: fetchRssiLinkSpeedAndFrequencyNative rssi=-39 linkspeed=433 freq=5240
10-22 12:49:12.994  3957  4129 V WifiConfigManager: Updating scan detail cache freq=5240 BSSID=f4:6d:2f:12:cc:88 RSSI=-38 for "ourhome"WPA_PSK
10-22 12:49:13.054   321   418 I BatteryMgr:DataCollectionService: stats => 1697971753053,178,4310,154,0,100
10-22 12:49:13.124  3957  4128 D WifiService: getConnectionInfo uid=1000
10-22 12:49:13.162  2479  2548 D ScanRecord: Not a Multi Manu data
10-22 12:49:13.163  2479  2548 I chatty  : uid=1002(bluetooth) BT Service Call identical 9 lines
10-22 12:49:13.163  2479  2548 D ScanRecord: Not a Multi Manu data
10-22 12:49:13.166   321   418 I BatteryMgr:DataCollectionService: stats => 1697971753166,178,4310,154,0,100
10-22 12:49:13.172  2479  2548 D ScanRecord: Not a Multi Manu data
10-22 12:49:13.273  2479  2548 I chatty  : uid=1002(bluetooth) BT Service Call identical 108 lines
10-22 12:49:13.273  2479  2548 D ScanRecord: Not a Multi Manu data
10-22 12:49:13.278   321   418 I BatteryMgr:DataCollectionService: stats => 1697971753278,178,4310,154,0,100
10-22 12:49:13.292  2479  2548 D ScanRecord: Not a Multi Manu data
10-22 12:49:13.391  2479  2548 I chatty  : uid=1002(bluetooth) BT Service Call identical 97 lines
10-22 12:49:13.391  2479  2548 D ScanRecord: Not a Multi Manu data
10-22 12:49:13.398   321   418 I BatteryMgr:DataCollectionService: stats => 1697971753397,178,4310,154,0,100
10-22 12:49:13.403  2479  2548 D ScanRecord: Not a Multi Manu data
10-22 12:49:13.505  2479  2548 I chatty  : uid=1002(bluetooth) BT Service Call identical 196 lines
10-22 12:49:13.505  2479  2548 D ScanRecord: Not a Multi Manu data
10-22 12:49:13.506   321   418 I BatteryMgr:DataCollectionService: stats => 1697971753506,178,4310,154,0,100
10-22 12:49:13.537  2479  2548 D ScanRecord: Not a Multi Manu data
10-22 12:49:13.615  2479  2548 I chatty  : uid=1002(bluetooth) BT Service Call identical 86 lines
10-22 12:49:13.615  2479  2548 D ScanRecord: Not a Multi Manu data
10-22 12:49:13.616   321   418 I BatteryMgr:DataCollectionService: stats => 1697971753616,178,4310,154,0,100
10-22 12:49:13.619  2479  2548 D ScanRecord: Not a Multi Manu data
10-22 12:49:13.620  2479  2548 I chatty  : uid=1002(bluetooth) BT Service Call identical 9 lines
10-22 12:49:13.620  2479  2548 D ScanRecord: Not a Multi Manu data
10-22 12:49:13.722   321   418 I BatteryMgr:DataCollectionService: stats => 1697971753722,178,4310,154,0,100
10-22 12:49:13.831   321   418 I BatteryMgr:DataCollectionService: stats => 1697971753830,178,4310,154,0,100
10-22 12:49:13.942   321   418 I BatteryMgr:DataCollectionService: stats => 1697971753942,178,4310,154,0,100
10-22 12:49:13.982  3957  4129 D WifiStateMachine:  ConnectedState !RSSI_PKTCNT_FETCH uid=1000 rt=578160565/1634136038 0 0 "ourhome" f4:6d:2f:12:cc:88 rssi=-39 f=5240 sc=60 link=433 tx=4.2, 0.0, 0.0  rx=33.6 bcn=367893 [on:0 tx:0 rx:0 period:994] from screen [on:49203 period:228461] score=60
10-22 12:49:13.984  3957  4129 D WifiStateMachine:  L2ConnectedState !RSSI_PKTCNT_FETCH uid=1000 rt=578160568/1634136040 0 0 "ourhome" f4:6d:2f:12:cc:88 rssi=-39 f=5240 sc=60 link=433 tx=4.2, 0.0, 0.0  rx=33.6 bcn=367893 [on:0 tx:0 rx:0 period:2] from screen [on:49203 period:228463] score=60
