10-22 13:24:58.353  4725  5112 I BatteryMgr:DataCollectionService: stats => 1697973898353,108,4310,123,0,100
10-22 13:24:58.360  2479  2548 D ScanRecord: Not a Multi Manu data
10-22 13:24:58.432  2479  2548 I chatty  : uid=1002(bluetooth) BT Service Call identical 86 lines
10-22 13:24:58.432  2479  2548 D ScanRecord: Not a Multi Manu data
10-22 13:24:58.461  4725  5112 I BatteryMgr:DataCollectionService: stats => 1697973898461,108,4310,123,0,100
10-22 13:24:58.465  2479  2548 D ScanRecord: Not a Multi Manu data
10-22 13:24:58.564  2479  2548 I chatty  : uid=1002(bluetooth) BT Service Call identical 130 lines
10-22 13:24:58.564  2479  2548 D ScanRecord: Not a Multi Manu data
10-22 13:24:58.567  4725  5112 I BatteryMgr:DataCollectionService: stats => 1697973898567,108,4310,123,0,100
10-22 13:24:58.568  2479  2548 D ScanRecord: Not a Multi Manu data
10-22 13:24:58.666  2479  2548 I chatty  : uid=1002(bluetooth) BT Service Call identical 108 lines
10-22 13:24:58.666  2479  2548 D ScanRecord: Not a Multi Manu data
10-22 13:24:58.679  4725  5112 I BatteryMgr:DataCollectionService: stats => 1697973898679,108,4310,123,0,100
10-22 13:24:58.788  4725  5112 I BatteryMgr:DataCollectionService: stats => 1697973898788,108,4310,123,0,100
10-22 13:24:58.897  4725  5112 I BatteryMgr:DataCollectionService: stats => 1697973898897,108,4310,123,0,100
10-22 13:24:58.910  3957  4128 D WifiService: getConnectionInfo uid=1000
10-22 13:24:59.009  4725  5112 I BatteryMgr:DataCollectionService: stats => 1697973899008,108,4310,123,0,100
10-22 13:24:59.060  3957  4129 D WifiStateMachine:  ConnectedState !RSSI_PKTCNT_FETCH uid=1000 rt=580305644/1636281116 0 0 "ourhome" f4:6d:2f:12:cc:88 rssi=-39 f=5240 sc=60 link=433 tx=0.7, 0.0, 0.0  rx=1.8 bcn=387765 [on:0 tx:0 rx:0 period:1002] from screen [on:387758 period:2373540] score=60
10-22 13:24:59.062  3957  4129 D WifiStateMachine:  L2ConnectedState !RSSI_PKTCNT_FETCH uid=1000 rt=580305646/1636281118 0 0 "ourhome" f4:6d:2f:12:cc:88 rssi=-39 f=5240 sc=60 link=433 tx=0.7, 0.0, 0.0  rx=1.8 bcn=387765 [on:0 tx:0 rx:0 period:2] from screen [on:387758 period:2373542] score=60
10-22 13:24:59.068  3957  4129 D WifiStateMachine: fetchRssiLinkSpeedAndFrequencyNative rssi=-39 linkspeed=433 freq=5240
10-22 13:24:59.069  3957  4129 V WifiConfigManager: Updating scan detail cache freq=5240 BSSID=f4:6d:2f:12:cc:88 RSSI=-38 for "ourhome"WPA_PSK
10-22 13:24:59.117  4725  5112 I BatteryMgr:DataCollectionService: stats => 1697973899117,108,4310,123,0,100
10-22 13:24:59.178  4961  4961 D io_stats: !@ 179,0 r 8757410 284825732 w 2028338 40068740 d 161244 36257908 f 620266 644512 iot 4051100 3504512 th 51200 0 0 pt 0 inp 0 0 580305.763
10-22 13:24:59.227  4725  5112 I BatteryMgr:DataCollectionService: stats => 1697973899227,108,4310,123,0,100
10-22 13:24:59.335  4725  5112 I BatteryMgr:DataCollectionService: stats => 1697973899335,108,4310,123,0,100
10-22 13:24:59.445  4725  5112 I BatteryMgr:DataCollectionService: stats => 1697973899445,108,4310,123,0,100
10-22 13:24:59.553  4725  5112 I BatteryMgr:DataCollectionService: stats => 1697973899553,108,4310,123,0,100
10-22 13:24:59.665  4725  5112 I BatteryMgr:DataCollectionService: stats => 1697973899665,108,4310,123,0,100
10-22 13:24:59.775  4725  5112 I BatteryMgr:DataCollectionService: stats => 1697973899775,108,4310,123,0,100
10-22 13:24:59.886  4725  5112 I BatteryMgr:DataCollectionService: stats => 1697973899886,108,4310,123,0,100
10-22 13:24:59.913  3957  4128 D WifiService: getConnectionInfo uid=1000
10-22 13:24:59.993  4725  5112 I BatteryMgr:DataCollectionService: stats => 1697973899993,108,4310,123,0,100
10-22 13:25:00.000  3957  4045 D SamsungAlarmManager: Expired : 8
10-22 13:25:00.001  3957  4045 V SamsungAlarmManager: Sending to uid : 1000 action=android.intent.action.TIME_TICK alarm=Alarm{85216e5 type 3 when 1636282058 android}
10-22 13:25:00.002  3957  4045 V SamsungAlarmManager: Sending to uid : 10074 action=com.samsung.action.EVERY_MINUTE_CLOCK_UPDATE alarm=Alarm{6373c6b type 1 when 1697973900000 com.sec.android.app.launcher}
10-22 13:25:00.006   426   426 I Launcher: onReceive: com.samsung.action.EVERY_MINUTE_CLOCK_UPDATE
10-22 13:25:00.006  3957  3957 D SamsungAlarmManager: setExact Intent (T:3/F:1/AC:false) 20231022T132600 - CU:1000/CP:3957
10-22 13:25:00.007  3957  3957 I SamsungAlarmManager: setLocked to kernel - T:3 / 20231022T132600, SetElapsed=1636342058, nowELAPSED=1636282065
10-22 13:25:00.009  4340  4340 D KeyguardUpdateMonitor: received broadcast android.intent.action.TIME_TICK
10-22 13:25:00.010  4340  4340 D KeyguardServiceBoxContainer: refreshTime() 1
10-22 13:25:00.014  3957  3967 D SamsungAlarmManager: setInexact Intent (T:1/F:0/AC:false) 20231022T132600 - CU:10074/CP:426
10-22 13:25:00.015   426   426 I IconView: applyFromShortcutInfo - start GetLive : com.samsung.android.calendar
10-22 13:25:00.015   426   426 I IconView: applyFromShortcutInfo - end GetLive : com.samsung.android.calendar
10-22 13:25:00.016   426   426 I IconView: applyFromApplicationInfo - start GetLive : com.sec.android.app.clockpackage
10-22 13:25:00.020   426   426 D ApplicationPackageManager: we has com.sec.android.app.clockpackage class. reuse it 
10-22 13:25:00.021   426   426 D LiveIconLoader: getLiveIcon was called in ClockPackage
10-22 13:25:00.023   426   426 D LiveIconLoader: getLiveIcon res = com.sec.android.app.clockpackage
10-22 13:25:00.024   426   426 D LiveIconLoader: stdIconSize : 84 , targetIconSize : 94
10-22 13:25:00.024   426   426 D LiveIconLoader: mIconDpi : 320 , mTargetIconDpi : 280
10-22 13:25:00.034  4340  4340 D KeyguardUpdateMonitor: handleStatusBarState( false )
10-22 13:25:00.042   426   426 I ApplicationPackageManager: load= live icon for com.sec.android.app.clockpackage, from overlay = false
10-22 13:25:00.043   426   426 I LiveIconManager: getLiveIcon: complete(sync_created)
10-22 13:25:00.043   426   426 I IconView: applyFromApplicationInfo - end GetLive : com.sec.android.app.clockpackage
10-22 13:25:00.044   426   426 I IconView: applyFromApplicationInfo - start GetLive : com.samsung.android.calendar
10-22 13:25:00.044   426   426 I IconView: applyFromApplicationInfo - end GetLive : com.samsung.android.calendar
10-22 13:25:00.060  3957  4129 D WifiStateMachine:  ConnectedState !RSSI_PKTCNT_FETCH uid=1000 rt=580306644/1636282117 0 0 "ourhome" f4:6d:2f:12:cc:88 rssi=-39 f=5240 sc=60 link=433 tx=0.7, 0.0, 0.0  rx=1.8 bcn=387765 [on:0 tx:0 rx:0 period:998] from screen [on:387758 period:2374540] score=60
10-22 13:25:00.065  3957  4129 D WifiStateMachine:  L2ConnectedState !RSSI_PKTCNT_FETCH uid=1000 rt=580306646/1636282118 0 0 "ourhome" f4:6d:2f:12:cc:88 rssi=-39 f=5240 sc=60 link=433 tx=0.7, 0.0, 0.0  rx=1.8 bcn=387765 [on:0 tx:0 rx:0 period:4] from screen [on:387758 period:2374544] score=60
10-22 13:25:00.069  4340  4340 D KeyguardUpdateMonitor: handleStatusBarState( false )
10-22 13:25:00.071  3957  4129 D WifiStateMachine: fetchRssiLinkSpeedAndFrequencyNative rssi=-38 linkspeed=433 freq=5240
10-22 13:25:00.071  3957  4129 V WifiConfigManager: Updating scan detail cache freq=5240 BSSID=f4:6d:2f:12:cc:88 RSSI=-38 for "ourhome"WPA_PSK
10-22 13:25:00.099  4725  5112 I BatteryMgr:DataCollectionService: stats => 1697973900099,108,4310,123,0,100
10-22 13:25:00.207  4725  5112 I BatteryMgr:DataCollectionService: stats => 1697973900207,108,4310,123,0,100
10-22 13:25:00.313  4725  5112 I BatteryMgr:DataCollectionService: stats => 1697973900313,108,4310,123,0,100
10-22 13:25:00.420  4725  5112 I BatteryMgr:DataCollectionService: stats => 1697973900420,108,4310,123,0,100
10-22 13:25:00.526  4725  5112 I BatteryMgr:DataCollectionService: stats => 1697973900526,108,4310,123,0,100
10-22 13:25:00.568  4785  5086 I SessionStorage/AutoSave: Save: Periodic
10-22 13:25:00.634  4725  5112 I BatteryMgr:DataCollectionService: stats => 1697973900633,108,4310,123,0,100
10-22 13:25:00.665  3957  4129 D WifiStateMachine:  ConnectedState !CMD_RSSI_POLL rt=580307249/1636282721 104 0 "ourhome" f4:6d:2f:12:cc:88 rssi=-38 f=5240 sc=60 link=433 tx=0.7, 0.0, 0.0  rx=1.8 bcn=387765 [on:0 tx:0 rx:0 period:601] from screen [on:387758 period:2375145] score=60
10-22 13:25:00.667  3957  4129 D WifiStateMachine:  L2ConnectedState !CMD_RSSI_POLL rt=580307251/1636282723 104 0 "ourhome" f4:6d:2f:12:cc:88 rssi=-38 f=5240 sc=60 link=433 tx=0.7, 0.0, 0.0  rx=1.8 bcn=387765 [on:0 tx:0 rx:0 period:1] from screen [on:387758 period:2375146] score=60
10-22 13:25:00.667  3957  4129 D WifiStateMachine:  get link layer stats 3
10-22 13:25:00.667  3436  3436 I android.hardware.wifi@1.0-service: getLinkLayerStats
10-22 13:25:00.681  3957  4129 D WifiStateMachine: fetchRssiLinkSpeedAndFrequencyNative rssi=-38 linkspeed=433 freq=5240
10-22 13:25:00.682  3957  4129 V WifiConfigManager: Updating scan detail cache freq=5240 BSSID=f4:6d:2f:12:cc:88 RSSI=-38 for "ourhome"WPA_PSK
10-22 13:25:00.686  4340  4340 E SignalClusterView: setSlotFocusVisible : subId -2
10-22 13:25:00.686  4340  4340 E SignalClusterView: setSlotFocusVisible : subId -2
10-22 13:25:00.741  4725  5112 I BatteryMgr:DataCollectionService: stats => 1697973900741,108,4310,123,0,100
10-22 13:25:00.847  4725  5112 I BatteryMgr:DataCollectionService: stats => 1697973900847,108,4310,123,0,100
10-22 13:25:00.915  3957  4128 D WifiService: getConnectionInfo uid=1000
10-22 13:25:00.961  4725  5112 I BatteryMgr:DataCollectionService: stats => 1697973900961,108,4310,123,0,100
10-22 13:25:01.068  3957  4129 D WifiStateMachine:  ConnectedState !RSSI_PKTCNT_FETCH uid=1000 rt=580307646/1636283119 0 0 "ourhome" f4:6d:2f:12:cc:88 rssi=-38 f=5240 sc=60 link=433 tx=0.3, 0.0, 0.0  rx=0.7 bcn=387793 [on:0 tx:0 rx:0 period:382] from screen [on:387900 period:2375547] score=60
10-22 13:25:01.071  4725  5112 I BatteryMgr:DataCollectionService: stats => 1697973901071,108,4310,123,0,100
10-22 13:25:01.071  3957  4129 D WifiStateMachine:  L2ConnectedState !RSSI_PKTCNT_FETCH uid=1000 rt=580307654/1636283126 0 0 "ourhome" f4:6d:2f:12:cc:88 rssi=-38 f=5240 sc=60 link=433 tx=0.3, 0.0, 0.0  rx=0.7 bcn=387793 [on:0 tx:0 rx:0 period:3] from screen [on:387900 period:2375550] score=60
10-22 13:25:01.072  3957  4129 D WifiStateMachine: fetchRssiLinkSpeedAndFrequencyNative rssi=-39 linkspeed=433 freq=5240
10-22 13:25:01.072  3957  4129 V WifiConfigManager: Updating scan detail cache freq=5240 BSSID=f4:6d:2f:12:cc:88 RSSI=-38 for "ourhome"WPA_PSK
10-22 13:25:01.179  4725  5112 I BatteryMgr:DataCollectionService: stats => 1697973901179,108,4310,123,0,100
10-22 13:25:01.289  4725  5112 I BatteryMgr:DataCollectionService: stats => 1697973901289,108,4310,123,0,100
10-22 13:25:01.401  4725  5112 I BatteryMgr:DataCollectionService: stats => 1697973901401,108,4310,123,0,100
10-22 13:25:01.509  4725  5112 I BatteryMgr:DataCollectionService: stats => 1697973901508,108,4310,123,0,100
10-22 13:25:01.615  4725  5112 I BatteryMgr:DataCollectionService: stats => 1697973901615,108,4310,123,0,100
10-22 13:25:01.725  4725  5112 I BatteryMgr:DataCollectionService: stats => 1697973901725,132,4310,135,0,100
10-22 13:25:01.833  4725  5112 I BatteryMgr:DataCollectionService: stats => 1697973901833,132,4310,135,0,100
10-22 13:25:01.917  3957  4128 D WifiService: getConnectionInfo uid=1000
10-22 13:25:01.941  4725  5112 I BatteryMgr:DataCollectionService: stats => 1697973901941,132,4310,135,0,100
10-22 13:25:02.051  4725  5112 I BatteryMgr:DataCollectionService: stats => 1697973902051,132,4310,135,0,100
10-22 13:25:02.064  3957  4129 D WifiStateMachine:  ConnectedState !RSSI_PKTCNT_FETCH uid=1000 rt=580308648/1636284120 0 0 "ourhome" f4:6d:2f:12:cc:88 rssi=-39 f=5240 sc=60 link=433 tx=0.3, 0.0, 0.0  rx=0.7 bcn=387793 [on:0 tx:0 rx:0 period:993] from screen [on:387900 period:2376543] score=60
10-22 13:25:02.066  3957  4129 D WifiStateMachine:  L2ConnectedState !RSSI_PKTCNT_FETCH uid=1000 rt=580308649/1636284122 0 0 "ourhome" f4:6d:2f:12:cc:88 rssi=-39 f=5240 sc=60 link=433 tx=0.3, 0.0, 0.0  rx=0.7 bcn=387793 [on:0 tx:0 rx:0 period:2] from screen [on:387900 period:2376545] score=60
10-22 13:25:02.073  3957  4129 D WifiStateMachine: fetchRssiLinkSpeedAndFrequencyNative rssi=-38 linkspeed=433 freq=5240
10-22 13:25:02.073  3957  4129 V WifiConfigManager: Updating scan detail cache freq=5240 BSSID=f4:6d:2f:12:cc:88 RSSI=-38 for "ourhome"WPA_PSK
10-22 13:25:02.162  4725  5112 I BatteryMgr:DataCollectionService: stats => 1697973902162,132,4310,135,0,100
10-22 13:25:02.251  3957  4554 D BatteryService: !@BatteryListener : batteryPropertiesChanged!
10-22 13:25:02.261  3305  3377 D ContactsProvider_EventLog: contents_sample_state: [CONTACT contacts(0) data(0) accounts({}) accounts deleted({}) calls([]) countryIso(NL) userId(0)  ]
10-22 13:25:02.261  3305  3377 D ContactsProvider_EventLog: contents_sample_state: [ agr({})  ]
10-22 13:25:02.261  3305  3377 D ContactsProvider_EventLog: contents_sample_state: [ actCnt({android.process.acore(3305)=1})  ]
10-22 13:25:02.261  3305  3377 D ContactsProvider_EventLog: contents_sample_state: [PROFILE contacts(0) data(0) accounts({})  ]
10-22 13:25:02.261  3305  3377 D ContactsProvider_EventLog: contents_sample_state: [SAPROFILE contacts(1) data(2) accounts({vnd.sec.contact.phone (1)=1})  ]
10-22 13:25:02.271  4725  5112 I BatteryMgr:DataCollectionService: stats => 1697973902270,132,4310,135,0,100
10-22 13:25:02.277  3305  3377 E ContactsProvider_EventLog: Flush buffer to file cnt : 1 size : 0Kb duration : 10ms lastUpdatedAfter : 60116 ms mFlush_time_threasold : 2000 mCurrentSize : 439
10-22 13:25:02.318  3957  6478 D SSRM:k  : SIOP:: AP = 340, PST = 328 (W:28), BAT = 248, USB = 0, CHG = 0
10-22 13:25:02.380  4725  5112 I BatteryMgr:DataCollectionService: stats => 1697973902380,132,4310,135,0,100
10-22 13:25:02.489  4725  5112 I BatteryMgr:DataCollectionService: stats => 1697973902489,132,4310,135,0,100
10-22 13:25:02.598  4725  5112 I BatteryMgr:DataCollectionService: stats => 1697973902598,132,4310,135,0,100
10-22 13:25:02.706  4725  5112 I BatteryMgr:DataCollectionService: stats => 1697973902706,132,4310,135,0,100
10-22 13:25:02.817  4725  5112 I BatteryMgr:DataCollectionService: stats => 1697973902817,132,4310,135,0,100
10-22 13:25:02.920  3957  4128 D WifiService: getConnectionInfo uid=1000
10-22 13:25:02.928  4725  5112 I BatteryMgr:DataCollectionService: stats => 1697973902928,132,4310,135,0,100
10-22 13:25:03.034  4725  5112 I BatteryMgr:DataCollectionService: stats => 1697973903034,132,4310,135,0,100
10-22 13:25:03.066  3957  4129 D WifiStateMachine:  ConnectedState !RSSI_PKTCNT_FETCH uid=1000 rt=580309650/1636285122 0 0 "ourhome" f4:6d:2f:12:cc:88 rssi=-38 f=5240 sc=60 link=433 tx=0.3, 0.0, 0.0  rx=0.7 bcn=387793 [on:0 tx:0 rx:0 period:1001] from screen [on:387900 period:2377546] score=60
10-22 13:25:03.068  3957  4129 D WifiStateMachine:  L2ConnectedState !RSSI_PKTCNT_FETCH uid=1000 rt=580309652/1636285125 0 0 "ourhome" f4:6d:2f:12:cc:88 rssi=-38 f=5240 sc=60 link=433 tx=0.3, 0.0, 0.0  rx=0.7 bcn=387793 [on:0 tx:0 rx:0 period:2] from screen [on:387900 period:2377548] score=60
10-22 13:25:03.075  3957  4129 D WifiStateMachine: fetchRssiLinkSpeedAndFrequencyNative rssi=-38 linkspeed=433 freq=5240
10-22 13:25:03.075  3957  4129 V WifiConfigManager: Updating scan detail cache freq=5240 BSSID=f4:6d:2f:12:cc:88 RSSI=-38 for "ourhome"WPA_PSK
10-22 13:25:03.144  4725  5112 I BatteryMgr:DataCollectionService: stats => 1697973903144,132,4310,135,0,100
10-22 13:25:03.172  2479  2548 D ScanRecord: Not a Multi Manu data
10-22 13:25:03.247  2479  2548 I chatty  : uid=1002(bluetooth) BT Service Call identical 108 lines
10-22 13:25:03.247  2479  2548 D ScanRecord: Not a Multi Manu data
10-22 13:25:03.250  4725  5112 I BatteryMgr:DataCollectionService: stats => 1697973903250,132,4310,135,0,100
10-22 13:25:03.257  2479  2548 D ScanRecord: Not a Multi Manu data
10-22 13:25:03.351  2479  2548 I chatty  : uid=1002(bluetooth) BT Service Call identical 108 lines
10-22 13:25:03.351  2479  2548 D ScanRecord: Not a Multi Manu data
10-22 13:25:03.357  4725  5112 I BatteryMgr:DataCollectionService: stats => 1697973903357,132,4310,135,0,100
10-22 13:25:03.364  2479  2548 D ScanRecord: Not a Multi Manu data
10-22 13:25:03.447  2479  2548 I chatty  : uid=1002(bluetooth) BT Service Call identical 108 lines
10-22 13:25:03.447  2479  2548 D ScanRecord: Not a Multi Manu data
10-22 13:25:03.465  4725  5112 I BatteryMgr:DataCollectionService: stats => 1697973903465,132,4310,135,0,100
10-22 13:25:03.467  2479  2548 D ScanRecord: Not a Multi Manu data
10-22 13:25:03.570  2479  2548 I chatty  : uid=1002(bluetooth) BT Service Call identical 119 lines
10-22 13:25:03.570  2479  2548 D ScanRecord: Not a Multi Manu data
10-22 13:25:03.576  4725  5112 I BatteryMgr:DataCollectionService: stats => 1697973903576,132,4310,135,0,100
10-22 13:25:03.579  2479  2548 D ScanRecord: Not a Multi Manu data
10-22 13:25:03.654  2479  2548 I chatty  : uid=1002(bluetooth) BT Service Call identical 108 lines
10-22 13:25:03.654  2479  2548 D ScanRecord: Not a Multi Manu data
10-22 13:25:03.683  4725  5112 I BatteryMgr:DataCollectionService: stats => 1697973903683,132,4310,135,0,100
10-22 13:25:03.685  3957  4129 D WifiStateMachine:  ConnectedState !CMD_RSSI_POLL rt=580310269/1636285742 104 0 "ourhome" f4:6d:2f:12:cc:88 rssi=-38 f=5240 sc=60 link=433 tx=0.3, 0.0, 0.0  rx=0.7 bcn=387793 [on:0 tx:0 rx:0 period:617] from screen [on:387900 period:2378165] score=60
10-22 13:25:03.687  3957  4129 D WifiStateMachine:  L2ConnectedState !CMD_RSSI_POLL rt=580310271/1636285743 104 0 "ourhome" f4:6d:2f:12:cc:88 rssi=-38 f=5240 sc=60 link=433 tx=0.3, 0.0, 0.0  rx=0.7 bcn=387793 [on:0 tx:0 rx:0 period:2] from screen [on:387900 period:2378167] score=60
10-22 13:25:03.688  3957  4129 D WifiStateMachine:  get link layer stats 3
10-22 13:25:03.688  3436  3436 I android.hardware.wifi@1.0-service: getLinkLayerStats
10-22 13:25:03.696  3957  4129 D WifiStateMachine: fetchRssiLinkSpeedAndFrequencyNative rssi=-39 linkspeed=433 freq=5240
10-22 13:25:03.696  3957  4129 V WifiConfigManager: Updating scan detail cache freq=5240 BSSID=f4:6d:2f:12:cc:88 RSSI=-38 for "ourhome"WPA_PSK
10-22 13:25:03.701  4340  4340 E SignalClusterView: setSlotFocusVisible : subId -2
10-22 13:25:03.701  4340  4340 E SignalClusterView: setSlotFocusVisible : subId -2
10-22 13:25:03.790  4725  5112 I BatteryMgr:DataCollectionService: stats => 1697973903790,132,4310,135,0,100
10-22 13:25:03.900  4725  5112 I BatteryMgr:DataCollectionService: stats => 1697973903899,132,4310,135,0,100
10-22 13:25:03.923  3957  4128 D WifiService: getConnectionInfo uid=1000
10-22 13:25:04.018  4725  5112 I BatteryMgr:DataCollectionService: stats => 1697973904018,132,4310,135,0,100
10-22 13:25:04.068  3957  4129 D WifiStateMachine:  ConnectedState !RSSI_PKTCNT_FETCH uid=1000 rt=580310651/1636286124 0 0 "ourhome" f4:6d:2f:12:cc:88 rssi=-39 f=5240 sc=60 link=433 tx=0.7, 0.0, 0.0  rx=0.9 bcn=387820 [on:0 tx:0 rx:0 period:369] from screen [on:388383 period:2378548] score=60
10-22 13:25:04.075  3957  4129 D WifiStateMachine:  L2ConnectedState !RSSI_PKTCNT_FETCH uid=1000 rt=580310654/1636286127 0 0 "ourhome" f4:6d:2f:12:cc:88 rssi=-39 f=5240 sc=60 link=433 tx=0.7, 0.0, 0.0  rx=0.9 bcn=387820 [on:0 tx:0 rx:0 period:6] from screen [on:388383 period:2378554] score=60
10-22 13:25:04.081  3957  4129 D WifiStateMachine: fetchRssiLinkSpeedAndFrequencyNative rssi=-38 linkspeed=433 freq=5240
10-22 13:25:04.082  3957  4129 V WifiConfigManager: Updating scan detail cache freq=5240 BSSID=f4:6d:2f:12:cc:88 RSSI=-38 for "ourhome"WPA_PSK
10-22 13:25:04.128  4725  5112 I BatteryMgr:DataCollectionService: stats => 1697973904128,132,4310,135,0,100
10-22 13:25:04.181  4961  4961 D io_stats: !@ 179,0 r 8757422 284826268 w 2028364 40068992 d 161246 36257968 f 620268 644514 iot 4051116 3504529 th 51200 0 0 pt 0 inp 0 0 580310.765
10-22 13:25:04.236  4725  5112 I BatteryMgr:DataCollectionService: stats => 1697973904236,132,4310,135,0,100
10-22 13:25:04.345  4725  5112 I BatteryMgr:DataCollectionService: stats => 1697973904344,132,4310,135,0,100
10-22 13:25:04.453  4725  5112 I BatteryMgr:DataCollectionService: stats => 1697973904453,132,4310,135,0,100
10-22 13:25:04.561  4725  5112 I BatteryMgr:DataCollectionService: stats => 1697973904561,132,4310,135,0,100
10-22 13:25:04.670  4725  5112 I BatteryMgr:DataCollectionService: stats => 1697973904670,132,4310,135,0,100
10-22 13:25:04.780  4725  5112 I BatteryMgr:DataCollectionService: stats => 1697973904780,132,4310,135,0,100
10-22 13:25:04.889  4725  5112 I BatteryMgr:DataCollectionService: stats => 1697973904889,132,4310,135,0,100
10-22 13:25:04.925  3957  4128 D WifiService: getConnectionInfo uid=1000
10-22 13:25:04.998  4725  5112 I BatteryMgr:DataCollectionService: stats => 1697973904998,132,4310,135,0,100
10-22 13:25:05.068  3957  4129 D WifiStateMachine:  ConnectedState !RSSI_PKTCNT_FETCH uid=1000 rt=580311652/1636287125 0 0 "ourhome" f4:6d:2f:12:cc:88 rssi=-38 f=5240 sc=60 link=433 tx=0.7, 0.0, 0.0  rx=0.9 bcn=387820 [on:0 tx:0 rx:0 period:994] from screen [on:388383 period:2379548] score=60
10-22 13:25:05.070  3957  4129 D WifiStateMachine:  L2ConnectedState !RSSI_PKTCNT_FETCH uid=1000 rt=580311654/1636287126 0 0 "ourhome" f4:6d:2f:12:cc:88 rssi=-38 f=5240 sc=60 link=433 tx=0.7, 0.0, 0.0  rx=0.9 bcn=387820 [on:0 tx:0 rx:0 period:2] from screen [on:388383 period:2379550] score=60
10-22 13:25:05.077  3957  4129 D WifiStateMachine: fetchRssiLinkSpeedAndFrequencyNative rssi=-38 linkspeed=433 freq=5240
10-22 13:25:05.078  3957  4129 V WifiConfigManager: Updating scan detail cache freq=5240 BSSID=f4:6d:2f:12:cc:88 RSSI=-38 for "ourhome"WPA_PSK
10-22 13:25:05.107  4725  5112 I BatteryMgr:DataCollectionService: stats => 1697973905107,132,4310,135,0,100
10-22 13:25:05.216  4725  5112 I BatteryMgr:DataCollectionService: stats => 1697973905216,132,4310,135,0,100
10-22 13:25:05.323  4725  5112 I BatteryMgr:DataCollectionService: stats => 1697973905323,132,4310,135,0,100
10-22 13:25:05.434  4725  5112 I BatteryMgr:DataCollectionService: stats => 1697973905434,132,4310,135,0,100
10-22 13:25:05.543  4725  5112 I BatteryMgr:DataCollectionService: stats => 1697973905543,132,4310,135,0,100
10-22 13:25:05.653  4725  5112 I BatteryMgr:DataCollectionService: stats => 1697973905652,132,4310,135,0,100
10-22 13:25:05.761  4725  5112 I BatteryMgr:DataCollectionService: stats => 1697973905761,132,4310,135,0,100
10-22 13:25:05.871  4725  5112 I BatteryMgr:DataCollectionService: stats => 1697973905871,132,4310,135,0,100
10-22 13:25:05.909  3957  4030 D SensorService: [SO] 0.311 0.110 9.960
10-22 13:25:05.928  3957  4128 D WifiService: getConnectionInfo uid=1000
10-22 13:25:05.980  4725  5112 I BatteryMgr:DataCollectionService: stats => 1697973905980,132,4310,135,0,100
10-22 13:25:06.071  3957  4129 D WifiStateMachine:  ConnectedState !RSSI_PKTCNT_FETCH uid=1000 rt=580312655/1636288128 0 0 "ourhome" f4:6d:2f:12:cc:88 rssi=-38 f=5240 sc=60 link=433 tx=0.7, 0.0, 0.0  rx=0.9 bcn=387820 [on:0 tx:0 rx:0 period:1001] from screen [on:388383 period:2380551] score=60
10-22 13:25:06.073  3957  4129 D WifiStateMachine:  L2ConnectedState !RSSI_PKTCNT_FETCH uid=1000 rt=580312657/1636288129 0 0 "ourhome" f4:6d:2f:12:cc:88 rssi=-38 f=5240 sc=60 link=433 tx=0.7, 0.0, 0.0  rx=0.9 bcn=387820 [on:0 tx:0 rx:0 period:1] from screen [on:388383 period:2380552] score=60
10-22 13:25:06.074  3957  4129 D WifiStateMachine: fetchRssiLinkSpeedAndFrequencyNative rssi=-38 linkspeed=433 freq=5240
10-22 13:25:06.074  3957  4129 V WifiConfigManager: Updating scan detail cache freq=5240 BSSID=f4:6d:2f:12:cc:88 RSSI=-38 for "ourhome"WPA_PSK
10-22 13:25:06.088  4725  5112 I BatteryMgr:DataCollectionService: stats => 1697973906088,132,4310,135,0,100
10-22 13:25:06.197  4725  5112 I BatteryMgr:DataCollectionService: stats => 1697973906197,132,4310,135,0,100
10-22 13:25:06.303  4725  5112 I BatteryMgr:DataCollectionService: stats => 1697973906303,132,4310,135,0,100
10-22 13:25:06.412  4725  5112 I BatteryMgr:DataCollectionService: stats => 1697973906412,132,4310,135,0,100
10-22 13:25:06.522  4725  5112 I BatteryMgr:DataCollectionService: stats => 1697973906522,132,4310,135,0,100
10-22 13:25:06.633  4725  5112 I BatteryMgr:DataCollectionService: stats => 1697973906633,132,4310,135,0,100
10-22 13:25:06.699  3957  4129 D WifiStateMachine:  ConnectedState !CMD_RSSI_POLL rt=580313284/1636288756 104 0 "ourhome" f4:6d:2f:12:cc:88 rssi=-38 f=5240 sc=60 link=433 tx=0.7, 0.0, 0.0  rx=0.9 bcn=387820 [on:0 tx:0 rx:0 period:627] from screen [on:388383 period:2381179] score=60
10-22 13:25:06.700  3957  4129 D WifiStateMachine:  L2ConnectedState !CMD_RSSI_POLL rt=580313285/1636288758 104 0 "ourhome" f4:6d:2f:12:cc:88 rssi=-38 f=5240 sc=60 link=433 tx=0.7, 0.0, 0.0  rx=0.9 bcn=387820 [on:0 tx:0 rx:0 period:1] from screen [on:388383 period:2381180] score=60
10-22 13:25:06.701  3957  4129 D WifiStateMachine:  get link layer stats 3
10-22 13:25:06.701  3436  3436 I android.hardware.wifi@1.0-service: getLinkLayerStats
10-22 13:25:06.720  3957  4129 D WifiStateMachine: fetchRssiLinkSpeedAndFrequencyNative rssi=-38 linkspeed=433 freq=5240
10-22 13:25:06.720  3957  4129 V WifiConfigManager: Updating scan detail cache freq=5240 BSSID=f4:6d:2f:12:cc:88 RSSI=-38 for "ourhome"WPA_PSK
10-22 13:25:06.723  4340  4340 E SignalClusterView: setSlotFocusVisible : subId -2
10-22 13:25:06.723  4340  4340 E SignalClusterView: setSlotFocusVisible : subId -2
10-22 13:25:06.739  4725  5112 I BatteryMgr:DataCollectionService: stats => 1697973906739,132,4310,135,0,100
10-22 13:25:06.850  4725  5112 I BatteryMgr:DataCollectionService: stats => 1697973906849,132,4310,135,0,100
10-22 13:25:06.931  3957  4128 D WifiService: getConnectionInfo uid=1000
10-22 13:25:06.964  4725  5112 I BatteryMgr:DataCollectionService: stats => 1697973906964,132,4310,135,0,100
10-22 13:25:07.075  3957  4129 D WifiStateMachine:  ConnectedState !RSSI_PKTCNT_FETCH uid=1000 rt=580313657/1636289129 0 0 "ourhome" f4:6d:2f:12:cc:88 rssi=-38 f=5240 sc=60 link=433 tx=0.9, 0.0, 0.0  rx=4.1 bcn=387848 [on:0 tx:0 rx:0 period:353] from screen [on:388972 period:2381555] score=60
10-22 13:25:07.079  3957  4129 D WifiStateMachine:  L2ConnectedState !RSSI_PKTCNT_FETCH uid=1000 rt=580313661/1636289134 0 0 "ourhome" f4:6d:2f:12:cc:88 rssi=-38 f=5240 sc=60 link=433 tx=0.9, 0.0, 0.0  rx=4.1 bcn=387848 [on:0 tx:0 rx:0 period:4] from screen [on:388972 period:2381559] score=60
10-22 13:25:07.082  4725  5112 I BatteryMgr:DataCollectionService: stats => 1697973907081,132,4310,135,0,100
10-22 13:25:07.083  3957  4129 D WifiStateMachine: fetchRssiLinkSpeedAndFrequencyNative rssi=-39 linkspeed=433 freq=5240
10-22 13:25:07.084  3957  4129 V WifiConfigManager: Updating scan detail cache freq=5240 BSSID=f4:6d:2f:12:cc:88 RSSI=-38 for "ourhome"WPA_PSK
10-22 13:25:07.197  4725  5112 I BatteryMgr:DataCollectionService: stats => 1697973907197,132,4310,135,0,100
10-22 13:25:07.307  4725  5112 I BatteryMgr:DataCollectionService: stats => 1697973907306,132,4310,135,0,100
10-22 13:25:07.417  4725  5112 I BatteryMgr:DataCollectionService: stats => 1697973907417,132,4310,135,0,100
10-22 13:25:07.524  4725  5112 I BatteryMgr:DataCollectionService: stats => 1697973907524,132,4310,135,0,100
10-22 13:25:07.634  4725  5112 I BatteryMgr:DataCollectionService: stats => 1697973907634,132,4310,135,0,100
10-22 13:25:07.742  4725  5112 I BatteryMgr:DataCollectionService: stats => 1697973907742,132,4310,135,0,100
10-22 13:25:07.856  4725  5112 I BatteryMgr:DataCollectionService: stats => 1697973907856,132,4310,135,0,100
10-22 13:25:07.934  3957  4128 D WifiService: getConnectionInfo uid=1000
10-22 13:25:07.970  4725  5112 I BatteryMgr:DataCollectionService: stats => 1697973907969,132,4310,135,0,100
10-22 13:25:08.079  3957  4129 D WifiStateMachine:  ConnectedState !RSSI_PKTCNT_FETCH uid=1000 rt=580314661/1636290134 0 0 "ourhome" f4:6d:2f:12:cc:88 rssi=-39 f=5240 sc=60 link=433 tx=0.9, 0.0, 0.0  rx=4.1 bcn=387848 [on:0 tx:0 rx:0 period:999] from screen [on:388972 period:2382558] score=60
10-22 13:25:08.081  4725  5112 I BatteryMgr:DataCollectionService: stats => 1697973908081,132,4310,135,0,100
10-22 13:25:08.084  3957  4129 D WifiStateMachine:  L2ConnectedState !RSSI_PKTCNT_FETCH uid=1000 rt=580314665/1636290137 0 0 "ourhome" f4:6d:2f:12:cc:88 rssi=-39 f=5240 sc=60 link=433 tx=0.9, 0.0, 0.0  rx=4.1 bcn=387848 [on:0 tx:0 rx:0 period:4] from screen [on:388972 period:2382562] score=60
10-22 13:25:08.092  3957  4129 D WifiStateMachine: fetchRssiLinkSpeedAndFrequencyNative rssi=-38 linkspeed=433 freq=5240
10-22 13:25:08.092  3957  4129 V WifiConfigManager: Updating scan detail cache freq=5240 BSSID=f4:6d:2f:12:cc:88 RSSI=-38 for "ourhome"WPA_PSK
10-22 13:25:08.195  4725  5112 I BatteryMgr:DataCollectionService: stats => 1697973908195,132,4310,135,0,100
10-22 13:25:08.200  2479  2548 D ScanRecord: Not a Multi Manu data
10-22 13:25:08.304  2479  2548 I chatty  : uid=1002(bluetooth) BT Service Call identical 130 lines
10-22 13:25:08.304  2479  2548 D ScanRecord: Not a Multi Manu data
10-22 13:25:08.306  4725  5112 I BatteryMgr:DataCollectionService: stats => 1697973908305,132,4310,135,0,100
10-22 13:25:08.334  2479  2548 D ScanRecord: Not a Multi Manu data
10-22 13:25:08.389  2479  2548 I chatty  : uid=1002(bluetooth) BT Service Call identical 53 lines
10-22 13:25:08.389  2479  2548 D ScanRecord: Not a Multi Manu data
10-22 13:25:08.413  4725  5112 I BatteryMgr:DataCollectionService: stats => 1697973908412,132,4310,135,0,100
10-22 13:25:08.415  2479  2548 D ScanRecord: Not a Multi Manu data
10-22 13:25:08.509  2479  2548 I chatty  : uid=1002(bluetooth) BT Service Call identical 130 lines
10-22 13:25:08.509  2479  2548 D ScanRecord: Not a Multi Manu data
10-22 13:25:08.522  4725  5112 I BatteryMgr:DataCollectionService: stats => 1697973908522,132,4310,135,0,100
10-22 13:25:08.580  2479  2548 D ScanRecord: Not a Multi Manu data
10-22 13:25:08.631  2479  2548 I chatty  : uid=1002(bluetooth) BT Service Call identical 53 lines
10-22 13:25:08.631  2479  2548 D ScanRecord: Not a Multi Manu data
10-22 13:25:08.632  4725  5112 I BatteryMgr:DataCollectionService: stats => 1697973908632,132,4310,135,0,100
10-22 13:25:08.641  2479  2548 D ScanRecord: Not a Multi Manu data
10-22 13:25:08.669  2479  2548 I chatty  : uid=1002(bluetooth) BT Service Call identical 42 lines
10-22 13:25:08.669  2479  2548 D ScanRecord: Not a Multi Manu data
10-22 13:25:08.740  4725  5112 I BatteryMgr:DataCollectionService: stats => 1697973908740,132,4310,135,0,100
10-22 13:25:08.850  4725  5112 I BatteryMgr:DataCollectionService: stats => 1697973908850,132,4310,135,0,100
10-22 13:25:08.936  3957  4128 D WifiService: getConnectionInfo uid=1000
10-22 13:25:08.958  4725  5112 I BatteryMgr:DataCollectionService: stats => 1697973908958,132,4310,135,0,100
10-22 13:25:09.066  4725  5112 I BatteryMgr:DataCollectionService: stats => 1697973909066,132,4310,135,0,100
10-22 13:25:09.075  3957  4129 D WifiStateMachine:  ConnectedState !RSSI_PKTCNT_FETCH uid=1000 rt=580315659/1636291132 0 0 "ourhome" f4:6d:2f:12:cc:88 rssi=-38 f=5240 sc=60 link=433 tx=0.9, 0.0, 0.0  rx=4.1 bcn=387848 [on:0 tx:0 rx:0 period:993] from screen [on:388972 period:2383555] score=60
10-22 13:25:09.077  3957  4129 D WifiStateMachine:  L2ConnectedState !RSSI_PKTCNT_FETCH uid=1000 rt=580315661/1636291133 0 0 "ourhome" f4:6d:2f:12:cc:88 rssi=-38 f=5240 sc=60 link=433 tx=0.9, 0.0, 0.0  rx=4.1 bcn=387848 [on:0 tx:0 rx:0 period:1] from screen [on:388972 period:2383556] score=60
10-22 13:25:09.083  3957  4129 D WifiStateMachine: fetchRssiLinkSpeedAndFrequencyNative rssi=-39 linkspeed=433 freq=5240
10-22 13:25:09.084  3957  4129 V WifiConfigManager: Updating scan detail cache freq=5240 BSSID=f4:6d:2f:12:cc:88 RSSI=-38 for "ourhome"WPA_PSK
10-22 13:25:09.174  4725  5112 I BatteryMgr:DataCollectionService: stats => 1697973909174,132,4310,135,0,100
10-22 13:25:09.184  4961  4961 D io_stats: !@ 179,0 r 8757422 284826268 w 2028373 40069152 d 161247 36257972 f 620269 644515 iot 4051120 3504533 th 51200 0 0 pt 0 inp 0 0 580315.768
10-22 13:25:09.285  4725  5112 I BatteryMgr:DataCollectionService: stats => 1697973909285,132,4310,135,0,100
10-22 13:25:09.393  4725  5112 I BatteryMgr:DataCollectionService: stats => 1697973909393,132,4310,135,0,100
10-22 13:25:09.504  4725  5112 I BatteryMgr:DataCollectionService: stats => 1697973909504,132,4310,135,0,100
10-22 13:25:09.617  4725  5112 I BatteryMgr:DataCollectionService: stats => 1697973909617,132,4310,135,0,100
10-22 13:25:09.723  3957  4129 D WifiStateMachine:  ConnectedState !CMD_RSSI_POLL rt=580316307/1636291779 104 0 "ourhome" f4:6d:2f:12:cc:88 rssi=-39 f=5240 sc=60 link=433 tx=0.9, 0.0, 0.0  rx=4.1 bcn=387848 [on:0 tx:0 rx:0 period:647] from screen [on:388972 period:2384203] score=60
10-22 13:25:09.727  3957  4129 D WifiStateMachine:  L2ConnectedState !CMD_RSSI_POLL rt=580316309/1636291782 104 0 "ourhome" f4:6d:2f:12:cc:88 rssi=-39 f=5240 sc=60 link=433 tx=0.9, 0.0, 0.0  rx=4.1 bcn=387848 [on:0 tx:0 rx:0 period:3] from screen [on:388972 period:2384206] score=60
10-22 13:25:09.727  3957  4129 D WifiStateMachine:  get link layer stats 3
10-22 13:25:09.727  4725  5112 I BatteryMgr:DataCollectionService: stats => 1697973909727,132,4310,135,0,100
10-22 13:25:09.727  3436  3436 I android.hardware.wifi@1.0-service: getLinkLayerStats
10-22 13:25:09.742  3957  4129 D WifiStateMachine: fetchRssiLinkSpeedAndFrequencyNative rssi=-39 linkspeed=433 freq=5240
10-22 13:25:09.742  3957  4129 V WifiConfigManager: Updating scan detail cache freq=5240 BSSID=f4:6d:2f:12:cc:88 RSSI=-38 for "ourhome"WPA_PSK
10-22 13:25:09.748  4340  4340 E SignalClusterView: setSlotFocusVisible : subId -2
10-22 13:25:09.749  4340  4340 E SignalClusterView: setSlotFocusVisible : subId -2
10-22 13:25:09.836  4725  5112 I BatteryMgr:DataCollectionService: stats => 1697973909836,132,4310,135,0,100
10-22 13:25:09.913  3957  4416 E Watchdog: !@Sync 19336 [2023-10-22 13:25:09.913]
10-22 13:25:09.938  3957  4128 D WifiService: getConnectionInfo uid=1000
10-22 13:25:09.945  4725  5112 I BatteryMgr:DataCollectionService: stats => 1697973909945,132,4310,135,0,100
10-22 13:25:10.052  4725  5112 I BatteryMgr:DataCollectionService: stats => 1697973910052,132,4310,135,0,100
10-22 13:25:10.078  3957  4129 D WifiStateMachine:  ConnectedState !RSSI_PKTCNT_FETCH uid=1000 rt=580316660/1636292133 0 0 "ourhome" f4:6d:2f:12:cc:88 rssi=-39 f=5240 sc=60 link=433 tx=0.3, 0.0, 0.0  rx=4.0 bcn=387875 [on:0 tx:0 rx:0 period:331] from screen [on:389209 period:2384558] score=60
10-22 13:25:10.080  3957  4129 D WifiStateMachine:  L2ConnectedState !RSSI_PKTCNT_FETCH uid=1000 rt=580316664/1636292136 0 0 "ourhome" f4:6d:2f:12:cc:88 rssi=-39 f=5240 sc=60 link=433 tx=0.3, 0.0, 0.0  rx=4.0 bcn=387875 [on:0 tx:0 rx:0 period:2] from screen [on:389209 period:2384560] score=60
10-22 13:25:10.088  3957  4129 D WifiStateMachine: fetchRssiLinkSpeedAndFrequencyNative rssi=-38 linkspeed=433 freq=5240
10-22 13:25:10.088  3957  4129 V WifiConfigManager: Updating scan detail cache freq=5240 BSSID=f4:6d:2f:12:cc:88 RSSI=-38 for "ourhome"WPA_PSK
10-22 13:25:10.161  4725  5112 I BatteryMgr:DataCollectionService: stats => 1697973910161,132,4310,135,0,100
10-22 13:25:10.270  4725  5112 I BatteryMgr:DataCollectionService: stats => 1697973910270,132,4310,135,0,100
10-22 13:25:10.378  4725  5112 I BatteryMgr:DataCollectionService: stats => 1697973910377,132,4310,135,0,100
10-22 13:25:10.486  4725  5112 I BatteryMgr:DataCollectionService: stats => 1697973910486,132,4310,135,0,100
10-22 13:25:10.595  4725  5112 I BatteryMgr:DataCollectionService: stats => 1697973910595,132,4310,135,0,100
10-22 13:25:10.703  4725  5112 I BatteryMgr:DataCollectionService: stats => 1697973910703,132,4310,135,0,100
10-22 13:25:10.811  4725  5112 I BatteryMgr:DataCollectionService: stats => 1697973910811,132,4310,135,0,100
10-22 13:25:10.921  4725  5112 I BatteryMgr:DataCollectionService: stats => 1697973910921,132,4310,135,0,100
10-22 13:25:10.940  3957  4128 D WifiService: getConnectionInfo uid=1000
10-22 13:25:11.028  4725  5112 I BatteryMgr:DataCollectionService: stats => 1697973911028,132,4310,135,0,100
10-22 13:25:11.079  3957  4129 D WifiStateMachine:  ConnectedState !RSSI_PKTCNT_FETCH uid=1000 rt=580317662/1636293134 0 0 "ourhome" f4:6d:2f:12:cc:88 rssi=-38 f=5240 sc=60 link=433 tx=0.3, 0.0, 0.0  rx=4.0 bcn=387875 [on:0 tx:0 rx:0 period:998] from screen [on:389209 period:2385558] score=60
10-22 13:25:11.081  3957  4129 D WifiStateMachine:  L2ConnectedState !RSSI_PKTCNT_FETCH uid=1000 rt=580317665/1636293137 0 0 "ourhome" f4:6d:2f:12:cc:88 rssi=-38 f=5240 sc=60 link=433 tx=0.3, 0.0, 0.0  rx=4.0 bcn=387875 [on:0 tx:0 rx:0 period:3] from screen [on:389209 period:2385561] score=60
10-22 13:25:11.082  3957  4129 D WifiStateMachine: fetchRssiLinkSpeedAndFrequencyNative rssi=-39 linkspeed=433 freq=5240
10-22 13:25:11.083  3957  4129 V WifiConfigManager: Updating scan detail cache freq=5240 BSSID=f4:6d:2f:12:cc:88 RSSI=-38 for "ourhome"WPA_PSK
10-22 13:25:11.138  4725  5112 I BatteryMgr:DataCollectionService: stats => 1697973911137,132,4310,135,0,100
10-22 13:25:11.245  4725  5112 I BatteryMgr:DataCollectionService: stats => 1697973911245,132,4310,135,0,100
10-22 13:25:11.354  4725  5112 I BatteryMgr:DataCollectionService: stats => 1697973911354,132,4310,135,0,100
10-22 13:25:11.463  4725  5112 I BatteryMgr:DataCollectionService: stats => 1697973911463,132,4310,135,0,100
10-22 13:25:11.574  4725  5112 I BatteryMgr:DataCollectionService: stats => 1697973911573,132,4310,135,0,100
10-22 13:25:11.683  4725  5112 I BatteryMgr:DataCollectionService: stats => 1697973911683,132,4310,135,0,100
10-22 13:25:11.793  4725  5112 I BatteryMgr:DataCollectionService: stats => 1697973911792,132,4310,135,0,100
10-22 13:25:11.903  4725  5112 I BatteryMgr:DataCollectionService: stats => 1697973911903,132,4310,135,0,100
10-22 13:25:11.943  3957  4128 D WifiService: getConnectionInfo uid=1000
10-22 13:25:12.010  4725  5112 I BatteryMgr:DataCollectionService: stats => 1697973912010,132,4310,135,0,100
10-22 13:25:12.080  3957  4129 D WifiStateMachine:  ConnectedState !RSSI_PKTCNT_FETCH uid=1000 rt=580318663/1636294136 0 0 "ourhome" f4:6d:2f:12:cc:88 rssi=-39 f=5240 sc=60 link=433 tx=0.3, 0.0, 0.0  rx=4.0 bcn=387875 [on:0 tx:0 rx:0 period:998] from screen [on:389209 period:2386559] score=60
10-22 13:25:12.082  3957  4129 D WifiStateMachine:  L2ConnectedState !RSSI_PKTCNT_FETCH uid=1000 rt=580318666/1636294138 0 0 "ourhome" f4:6d:2f:12:cc:88 rssi=-39 f=5240 sc=60 link=433 tx=0.3, 0.0, 0.0  rx=4.0 bcn=387875 [on:0 tx:0 rx:0 period:3] from screen [on:389209 period:2386562] score=60
10-22 13:25:12.089  3957  4129 D WifiStateMachine: fetchRssiLinkSpeedAndFrequencyNative rssi=-40 linkspeed=433 freq=5240
10-22 13:25:12.089  3957  4129 V WifiConfigManager: Updating scan detail cache freq=5240 BSSID=f4:6d:2f:12:cc:88 RSSI=-39 for "ourhome"WPA_PSK
10-22 13:25:12.121  4725  5112 I BatteryMgr:DataCollectionService: stats => 1697973912120,132,4310,135,0,100
10-22 13:25:12.230  4725  5112 I BatteryMgr:DataCollectionService: stats => 1697973912230,132,4310,135,0,100
10-22 13:25:12.339  3957  6478 D SSRM:k  : SIOP:: AP = 340, PST = 329 (W:28), BAT = 248, USB = 0, CHG = 0
10-22 13:25:12.340  4725  5112 I BatteryMgr:DataCollectionService: stats => 1697973912340,133,4310,145,0,100
10-22 13:25:12.449  4725  5112 I BatteryMgr:DataCollectionService: stats => 1697973912449,133,4310,145,0,100
10-22 13:25:12.557  4725  5112 I BatteryMgr:DataCollectionService: stats => 1697973912557,133,4310,145,0,100
10-22 13:25:12.666  4725  5112 I BatteryMgr:DataCollectionService: stats => 1697973912665,133,4310,145,0,100
10-22 13:25:12.747  3957  4129 D WifiStateMachine:  ConnectedState !CMD_RSSI_POLL rt=580319331/1636294803 104 0 "ourhome" f4:6d:2f:12:cc:88 rssi=-40 f=5240 sc=60 link=433 tx=0.3, 0.0, 0.0  rx=4.0 bcn=387875 [on:0 tx:0 rx:0 period:665] from screen [on:389209 period:2387227] score=60
10-22 13:25:12.749  3957  4129 D WifiStateMachine:  L2ConnectedState !CMD_RSSI_POLL rt=580319333/1636294805 104 0 "ourhome" f4:6d:2f:12:cc:88 rssi=-40 f=5240 sc=60 link=433 tx=0.3, 0.0, 0.0  rx=4.0 bcn=387875 [on:0 tx:0 rx:0 period:2] from screen [on:389209 period:2387229] score=60
10-22 13:25:12.749  3957  4129 D WifiStateMachine:  get link layer stats 3
10-22 13:25:12.750  3436  3436 I android.hardware.wifi@1.0-service: getLinkLayerStats
10-22 13:25:12.768  3957  4129 D WifiStateMachine: fetchRssiLinkSpeedAndFrequencyNative rssi=-40 linkspeed=433 freq=5240
10-22 13:25:12.768  3957  4129 V WifiConfigManager: Updating scan detail cache freq=5240 BSSID=f4:6d:2f:12:cc:88 RSSI=-39 for "ourhome"WPA_PSK
10-22 13:25:12.776  4725  5112 I BatteryMgr:DataCollectionService: stats => 1697973912776,133,4310,145,0,100
10-22 13:25:12.776  4340  4340 E SignalClusterView: setSlotFocusVisible : subId -2
10-22 13:25:12.776  4340  4340 E SignalClusterView: setSlotFocusVisible : subId -2
10-22 13:25:12.884  4725  5112 I BatteryMgr:DataCollectionService: stats => 1697973912884,133,4310,145,0,100
10-22 13:25:12.946  3957  4128 D WifiService: getConnectionInfo uid=1000
10-22 13:25:13.000  4725  5112 I BatteryMgr:DataCollectionService: stats => 1697973913000,133,4310,145,0,100
10-22 13:25:13.080  3957  4129 D WifiStateMachine:  ConnectedState !RSSI_PKTCNT_FETCH uid=1000 rt=580319664/1636295136 0 0 "ourhome" f4:6d:2f:12:cc:88 rssi=-40 f=5240 sc=60 link=433 tx=0.8, 0.0, 0.0  rx=9.7 bcn=387903 [on:0 tx:0 rx:0 period:307] from screen [on:390044 period:2387560] score=60
10-22 13:25:13.083  3957  4129 D WifiStateMachine:  L2ConnectedState !RSSI_PKTCNT_FETCH uid=1000 rt=580319666/1636295139 0 0 "ourhome" f4:6d:2f:12:cc:88 rssi=-40 f=5240 sc=60 link=433 tx=0.8, 0.0, 0.0  rx=9.7 bcn=387903 [on:0 tx:0 rx:0 period:2] from screen [on:390044 period:2387562] score=60
10-22 13:25:13.090  3957  4129 D WifiStateMachine: fetchRssiLinkSpeedAndFrequencyNative rssi=-39 linkspeed=433 freq=5240
10-22 13:25:13.091  3957  4129 V WifiConfigManager: Updating scan detail cache freq=5240 BSSID=f4:6d:2f:12:cc:88 RSSI=-39 for "ourhome"WPA_PSK
10-22 13:25:13.108  4725  5112 I BatteryMgr:DataCollectionService: stats => 1697973913108,133,4310,145,0,100
10-22 13:25:13.115  3957  4554 D BatteryService: !@BatteryListener : batteryPropertiesChanged!
10-22 13:25:13.209  2479  2548 D ScanRecord: Not a Multi Manu data
10-22 13:25:13.210  2479  2548 I chatty  : uid=1002(bluetooth) BT Service Call identical 9 lines
10-22 13:25:13.210  2479  2548 D ScanRecord: Not a Multi Manu data
10-22 13:25:13.216  4725  5112 I BatteryMgr:DataCollectionService: stats => 1697973913216,133,4310,145,0,100
10-22 13:25:13.220  2479  2548 D ScanRecord: Not a Multi Manu data
10-22 13:25:13.299  2479  2548 I chatty  : uid=1002(bluetooth) BT Service Call identical 141 lines
10-22 13:25:13.299  2479  2548 D ScanRecord: Not a Multi Manu data
10-22 13:25:13.326  4725  5112 I BatteryMgr:DataCollectionService: stats => 1697973913325,133,4310,145,0,100
10-22 13:25:13.333  2479  2548 D ScanRecord: Not a Multi Manu data
10-22 13:25:13.428  2479  2548 I chatty  : uid=1002(bluetooth) BT Service Call identical 141 lines
10-22 13:25:13.428  2479  2548 D ScanRecord: Not a Multi Manu data
10-22 13:25:13.432  4725  5112 I BatteryMgr:DataCollectionService: stats => 1697973913432,133,4310,145,0,100
10-22 13:25:13.442  2479  2548 D ScanRecord: Not a Multi Manu data
10-22 13:25:13.528  2479  2548 I chatty  : uid=1002(bluetooth) BT Service Call identical 185 lines
10-22 13:25:13.528  2479  2548 D ScanRecord: Not a Multi Manu data
10-22 13:25:13.540  4725  5112 I BatteryMgr:DataCollectionService: stats => 1697973913540,133,4310,145,0,100
10-22 13:25:13.568  2479  2548 D ScanRecord: Not a Multi Manu data
10-22 13:25:13.628  2479  2548 I chatty  : uid=1002(bluetooth) BT Service Call identical 31 lines
10-22 13:25:13.628  2479  2548 D ScanRecord: Not a Multi Manu data
10-22 13:25:13.646  4725  5112 I BatteryMgr:DataCollectionService: stats => 1697973913646,133,4310,145,0,100
10-22 13:25:13.661  2479  2548 D ScanRecord: Not a Multi Manu data
10-22 13:25:13.684  2479  2548 I chatty  : uid=1002(bluetooth) BT Service Call identical 53 lines
10-22 13:25:13.684  2479  2548 D ScanRecord: Not a Multi Manu data
10-22 13:25:13.757  4725  5112 I BatteryMgr:DataCollectionService: stats => 1697973913757,133,4310,145,0,100
10-22 13:25:13.871  4725  5112 I BatteryMgr:DataCollectionService: stats => 1697973913870,133,4310,145,0,100
10-22 13:25:13.948  3957  4128 D WifiService: getConnectionInfo uid=1000
10-22 13:25:13.981  4725  5112 I BatteryMgr:DataCollectionService: stats => 1697973913981,133,4310,145,0,100
10-22 13:25:14.081  3957  4129 D WifiStateMachine:  ConnectedState !RSSI_PKTCNT_FETCH uid=1000 rt=580320664/1636296137 0 0 "ourhome" f4:6d:2f:12:cc:88 rssi=-39 f=5240 sc=60 link=433 tx=0.8, 0.0, 0.0  rx=9.7 bcn=387903 [on:0 tx:0 rx:0 period:998] from screen [on:390044 period:2388560] score=60
10-22 13:25:14.084  3957  4129 D WifiStateMachine:  L2ConnectedState !RSSI_PKTCNT_FETCH uid=1000 rt=580320666/1636296139 0 0 "ourhome" f4:6d:2f:12:cc:88 rssi=-39 f=5240 sc=60 link=433 tx=0.8, 0.0, 0.0  rx=9.7 bcn=387903 [on:0 tx:0 rx:0 period:3] from screen [on:390044 period:2388563] score=60
10-22 13:25:14.091  3957  4129 D WifiStateMachine: fetchRssiLinkSpeedAndFrequencyNative rssi=-40 linkspeed=433 freq=5240
10-22 13:25:14.091  4725  5112 I BatteryMgr:DataCollectionService: stats => 1697973914091,133,4310,145,0,100
10-22 13:25:14.091  3957  4129 V WifiConfigManager: Updating scan detail cache freq=5240 BSSID=f4:6d:2f:12:cc:88 RSSI=-39 for "ourhome"WPA_PSK
10-22 13:25:14.187  4961  4961 D io_stats: !@ 179,0 r 8757422 284826268 w 2028386 40069316 d 161248 36258028 f 620271 644517 iot 4051132 3504544 th 51200 0 0 pt 0 inp 0 0 580320.772
10-22 13:25:14.200  4725  5112 I BatteryMgr:DataCollectionService: stats => 1697973914200,133,4310,145,0,100
10-22 13:25:14.310  4725  5112 I BatteryMgr:DataCollectionService: stats => 1697973914310,133,4310,145,0,100
10-22 13:25:14.419  4725  5112 I BatteryMgr:DataCollectionService: stats => 1697973914419,133,4310,145,0,100
10-22 13:25:14.523  4725  5112 I BatteryMgr:DataCollectionService: stats => 1697973914523,133,4310,145,0,100
10-22 13:25:14.632  4725  5112 I BatteryMgr:DataCollectionService: stats => 1697973914632,133,4310,145,0,100
10-22 13:25:14.740  4725  5112 I BatteryMgr:DataCollectionService: stats => 1697973914740,133,4310,145,0,100
10-22 13:25:14.849  4725  5112 I BatteryMgr:DataCollectionService: stats => 1697973914849,133,4310,145,0,100
10-22 13:25:14.951  3957  4128 D WifiService: getConnectionInfo uid=1000
10-22 13:25:14.960  4725  5112 I BatteryMgr:DataCollectionService: stats => 1697973914960,133,4310,145,0,100
10-22 13:25:15.069  4725  5112 I BatteryMgr:DataCollectionService: stats => 1697973915069,133,4310,145,0,100
10-22 13:25:15.083  3957  4129 D WifiStateMachine:  ConnectedState !RSSI_PKTCNT_FETCH uid=1000 rt=580321666/1636297139 0 0 "ourhome" f4:6d:2f:12:cc:88 rssi=-40 f=5240 sc=60 link=433 tx=0.8, 0.0, 0.0  rx=9.7 bcn=387903 [on:0 tx:0 rx:0 period:999] from screen [on:390044 period:2389562] score=60
10-22 13:25:15.085  3957  4129 D WifiStateMachine:  L2ConnectedState !RSSI_PKTCNT_FETCH uid=1000 rt=580321669/1636297141 0 0 "ourhome" f4:6d:2f:12:cc:88 rssi=-40 f=5240 sc=60 link=433 tx=0.8, 0.0, 0.0  rx=9.7 bcn=387903 [on:0 tx:0 rx:0 period:3] from screen [on:390044 period:2389565] score=60
10-22 13:25:15.092  3957  4129 D WifiStateMachine: fetchRssiLinkSpeedAndFrequencyNative rssi=-39 linkspeed=433 freq=5240
10-22 13:25:15.092  3957  4129 V WifiConfigManager: Updating scan detail cache freq=5240 BSSID=f4:6d:2f:12:cc:88 RSSI=-39 for "ourhome"WPA_PSK
10-22 13:25:15.181  4725  5112 I BatteryMgr:DataCollectionService: stats => 1697973915181,133,4310,145,0,100
10-22 13:25:15.288  4725  5112 I BatteryMgr:DataCollectionService: stats => 1697973915288,133,4310,145,0,100
10-22 13:25:15.399  4725  5112 I BatteryMgr:DataCollectionService: stats => 1697973915399,133,4310,145,0,100
10-22 13:25:15.504  4725  5112 I BatteryMgr:DataCollectionService: stats => 1697973915504,133,4310,145,0,100
10-22 13:25:15.608  4725  5112 I BatteryMgr:DataCollectionService: stats => 1697973915608,133,4310,145,0,100
10-22 13:25:15.614 23612  3346 I zygote64: Explicit concurrent copying GC freed 124315(5MB) AllocSpace objects, 0(0B) LOS objects, 49% free, 12MB/25MB, paused 5.732ms total 248.255ms
10-22 13:25:15.717  4725  5112 I BatteryMgr:DataCollectionService: stats => 1697973915717,133,4310,145,0,100
10-22 13:25:15.775  3957  4129 D WifiStateMachine:  ConnectedState !CMD_RSSI_POLL rt=580322356/1636297829 104 0 "ourhome" f4:6d:2f:12:cc:88 rssi=-39 f=5240 sc=60 link=433 tx=0.8, 0.0, 0.0  rx=9.7 bcn=387903 [on:0 tx:0 rx:0 period:689] from screen [on:390044 period:2390254] score=60
10-22 13:25:15.776  3957  4129 D WifiStateMachine:  L2ConnectedState !CMD_RSSI_POLL rt=580322360/1636297833 104 0 "ourhome" f4:6d:2f:12:cc:88 rssi=-39 f=5240 sc=60 link=433 tx=0.8, 0.0, 0.0  rx=9.7 bcn=387903 [on:0 tx:0 rx:0 period:2] from screen [on:390044 period:2390256] score=60
10-22 13:25:15.777  3957  4129 D WifiStateMachine:  get link layer stats 3
10-22 13:25:15.777  3436  3436 I android.hardware.wifi@1.0-service: getLinkLayerStats
10-22 13:25:15.788  3957  4129 D WifiStateMachine: fetchRssiLinkSpeedAndFrequencyNative rssi=-39 linkspeed=433 freq=5240
10-22 13:25:15.788  3957  4129 V WifiConfigManager: Updating scan detail cache freq=5240 BSSID=f4:6d:2f:12:cc:88 RSSI=-39 for "ourhome"WPA_PSK
10-22 13:25:15.797  4340  4340 E SignalClusterView: setSlotFocusVisible : subId -2
10-22 13:25:15.797  4340  4340 E SignalClusterView: setSlotFocusVisible : subId -2
10-22 13:25:15.828  4725  5112 I BatteryMgr:DataCollectionService: stats => 1697973915828,133,4310,145,0,100
10-22 13:25:15.909  3957  4030 D SensorService: [SO] 0.297 0.101 9.979
10-22 13:25:15.935  4725  5112 I BatteryMgr:DataCollectionService: stats => 1697973915935,133,4310,145,0,100
10-22 13:25:15.951  3957  4128 D WifiService: getConnectionInfo uid=1000
