10-22 12:55:53.164  1205  1205 I zygote64:   at void android.app.ActivityThread.handleBindApplication(android.app.ActivityThread$AppBindData) (ActivityThread.java:6039)
10-22 12:55:53.164  1205  1205 I zygote64:   at void android.app.ActivityThread.-wrap1(android.app.ActivityThread, android.app.ActivityThread$AppBindData) (ActivityThread.java:-1)
10-22 12:55:53.164  1205  1205 I zygote64:   at void android.app.ActivityThread$H.handleMessage(android.os.Message) (ActivityThread.java:1764)
10-22 12:55:53.164  1205  1205 I zygote64:   at void android.os.Handler.dispatchMessage(android.os.Message) (Handler.java:105)
10-22 12:55:53.164  1205  1205 I zygote64:   at void android.os.Looper.loop() (Looper.java:164)
10-22 12:55:53.164  1205  1205 I zygote64:   at void android.app.ActivityThread.main(java.lang.String[]) (ActivityThread.java:6940)
10-22 12:55:53.164  1205  1205 I zygote64:   at java.lang.Object java.lang.reflect.Method.invoke(java.lang.Object, java.lang.Object[]) (Method.java:-2)
10-22 12:55:53.164  1205  1205 I zygote64:   at void com.android.internal.os.Zygote$MethodAndArgsCaller.run() (Zygote.java:327)
10-22 12:55:53.164  1205  1205 I zygote64:   at void com.android.internal.os.ZygoteInit.main(java.lang.String[]) (ZygoteInit.java:1374)
10-22 12:55:53.164  1205  1205 I zygote64: 
10-22 12:55:53.165  1205  1205 I zygote64: Rejecting re-init on previously-failed class java.lang.Class<Vw2>: java.lang.NoClassDefFoundError: Failed resolution of: Landroid/webkit/PacProcessor;
10-22 12:55:53.165  1205  1205 I zygote64:   at java.lang.Class java.lang.Class.classForName(java.lang.String, boolean, java.lang.ClassLoader) (Class.java:-2)
10-22 12:55:53.165  1205  1205 I zygote64:   at java.lang.Class java.lang.Class.forName(java.lang.String, boolean, java.lang.ClassLoader) (Class.java:453)
10-22 12:55:53.165  1205  1205 I zygote64:   at java.lang.Class android.webkit.WebViewFactory.getWebViewProviderClass(java.lang.ClassLoader) (WebViewFactory.java:150)
10-22 12:55:53.165  1205  1205 I zygote64:   at java.lang.Class android.webkit.WebViewFactory.getProviderClass() (WebViewFactory.java:417)
10-22 12:55:53.165  1205  1205 I zygote64:   at android.webkit.WebViewFactoryProvider android.webkit.WebViewFactory.getProvider() (WebViewFactory.java:211)
10-22 12:55:53.165  1205  1205 I zygote64:   at java.lang.String android.webkit.WebSettings.getDefaultUserAgent(android.content.Context) (WebSettings.java:1259)
10-22 12:55:53.165  1205  1205 I zygote64:   at java.lang.String com.mopub.network.Networking.getUserAgent(android.content.Context) (Networking.java:8)
10-22 12:55:53.165  1205  1205 I zygote64:   at com.mopub.network.MoPubRequestQueue com.mopub.network.Networking.getRequestQueue(android.content.Context) (Networking.java:7)
10-22 12:55:53.165  1205  1205 I zygote64:   at void com.mopub.common.MoPub.initializeSdk(android.content.Context, com.mopub.common.SdkConfiguration, com.mopub.common.SdkInitializationListener) (MoPub.java:17)
10-22 12:55:53.165  1205  1205 I zygote64:   at void flipboard.app.CoreInitializer$a.a(android.content.Context) (CoreInitializer.kt:24)
10-22 12:55:53.165  1205  1205 I zygote64:   at boolean flipboard.app.CoreInitializer.onCreate() (CoreInitializer.kt:1)
10-22 12:55:53.165  1205  1205 I zygote64:   at void android.content.ContentProvider.attachInfo(android.content.Context, android.content.pm.ProviderInfo, boolean) (ContentProvider.java:1925)
10-22 12:55:53.165  1205  1205 I zygote64:   at void android.content.ContentProvider.attachInfo(android.content.Context, android.content.pm.ProviderInfo) (ContentProvider.java:1900)
10-22 12:55:53.165  1205  1205 I zygote64:   at android.app.ContentProviderHolder android.app.ActivityThread.installProvider(android.content.Context, android.app.ContentProviderHolder, android.content.pm.ProviderInfo, boolean, boolean, boolean) (ActivityThread.java:6574)
10-22 12:55:53.165  1205  1205 I zygote64:   at void android.app.ActivityThread.installContentProviders(android.content.Context, java.util.List) (ActivityThread.java:6129)
10-22 12:55:53.165  1205  1205 I zygote64:   at void android.app.ActivityThread.handleBindApplication(android.app.ActivityThread$AppBindData) (ActivityThread.java:6039)
10-22 12:55:53.165  1205  1205 I zygote64:   at void android.app.ActivityThread.-wrap1(android.app.ActivityThread, android.app.ActivityThread$AppBindData) (ActivityThread.java:-1)
10-22 12:55:53.165  1205  1205 I zygote64:   at void android.app.ActivityThread$H.handleMessage(android.os.Message) (ActivityThread.java:1764)
10-22 12:55:53.165  1205  1205 I zygote64:   at void android.os.Handler.dispatchMessage(android.os.Message) (Handler.java:105)
10-22 12:55:53.165  1205  1205 I zygote64:   at void android.os.Looper.loop() (Looper.java:164)
10-22 12:55:53.165  1205  1205 I zygote64:   at void android.app.ActivityThread.main(java.lang.String[]) (ActivityThread.java:6940)
10-22 12:55:53.165  1205  1205 I zygote64:   at java.lang.Object java.lang.reflect.Method.invoke(java.lang.Object, java.lang.Object[]) (Method.java:-2)
10-22 12:55:53.165  1205  1205 I zygote64:   at void com.android.internal.os.Zygote$MethodAndArgsCaller.run() (Zygote.java:327)
10-22 12:55:53.165  1205  1205 I zygote64:   at void com.android.internal.os.ZygoteInit.main(java.lang.String[]) (ZygoteInit.java:1374)
10-22 12:55:53.165  1205  1205 I zygote64: Caused by: java.lang.ClassNotFoundException: Didn't find class "android.webkit.PacProcessor" on path: DexPathList[[zip file "/data/app/com.android.chrome-QTg8ZVc4SrzOOBmsVIBdyg==/base.apk"],nativeLibraryDirectories=[/data/app/com.android.chrome-QTg8ZVc4SrzOOBmsVIBdyg==/lib/arm64, /data/app/com.android.chrome-QTg8ZVc4SrzOOBmsVIBdyg==/base.apk!/lib/arm64-v8a, /system/lib64, /vendor/lib64]]
10-22 12:55:53.165  1205  1205 I zygote64:   at java.lang.Class dalvik.system.BaseDexClassLoader.findClass(java.lang.String) (BaseDexClassLoader.java:93)
10-22 12:55:53.165  1205  1205 I zygote64:   at java.lang.Class java.lang.ClassLoader.loadClass(java.lang.String, boolean) (ClassLoader.java:379)
10-22 12:55:53.165  1205  1205 I zygote64:   at java.lang.Class java.lang.ClassLoader.loadClass(java.lang.String) (ClassLoader.java:312)
10-22 12:55:53.165  1205  1205 I zygote64:   at java.lang.Class java.lang.Class.classForName(java.lang.String, boolean, java.lang.ClassLoader) (Class.java:-2)
10-22 12:55:53.165  1205  1205 I zygote64:   at java.lang.Class java.lang.Class.forName(java.lang.String, boolean, java.lang.ClassLoader) (Class.java:453)
10-22 12:55:53.165  1205  1205 I zygote64:   at java.lang.Class android.webkit.WebViewFactory.getWebViewProviderClass(java.lang.ClassLoader) (WebViewFactory.java:150)
10-22 12:55:53.165  1205  1205 I zygote64:   at java.lang.Class android.webkit.WebViewFactory.getProviderClass() (WebViewFactory.java:417)
10-22 12:55:53.165  1205  1205 I zygote64:   at android.webkit.WebViewFactoryProvider android.webkit.WebViewFactory.getProvider() (WebViewFactory.java:211)
10-22 12:55:53.165  1205  1205 I zygote64:   at java.lang.String android.webkit.WebSettings.getDefaultUserAgent(android.content.Context) (WebSettings.java:1259)
10-22 12:55:53.165  1205  1205 I zygote64:   at java.lang.String com.mopub.network.Networking.getUserAgent(android.content.Context) (Networking.java:8)
10-22 12:55:53.165  1205  1205 I zygote64:   at com.mopub.network.MoPubRequestQueue com.mopub.network.Networking.getRequestQueue(android.content.Context) (Networking.java:7)
10-22 12:55:53.165  1205  1205 I zygote64:   at void com.mopub.common.MoPub.initializeSdk(android.content.Context, com.mopub.common.SdkConfiguration, com.mopub.common.SdkInitializationListener) (MoPub.java:17)
10-22 12:55:53.165  1205  1205 I zygote64:   at void flipboard.app.CoreInitializer$a.a(android.content.Context) (CoreInitializer.kt:24)
10-22 12:55:53.165  1205  1205 I zygote64:   at boolean flipboard.app.CoreInitializer.onCreate() (CoreInitializer.kt:1)
10-22 12:55:53.165  1205  1205 I zygote64:   at void android.content.ContentProvider.attachInfo(android.content.Context, android.content.pm.ProviderInfo, boolean) (ContentProvider.java:1925)
10-22 12:55:53.165  1205  1205 I zygote64:   at void android.content.ContentProvider.attachInfo(android.content.Context, android.content.pm.ProviderInfo) (ContentProvider.java:1900)
10-22 12:55:53.165  1205  1205 I zygote64:   at android.app.ContentProviderHolder android.app.ActivityThread.installProvider(android.content.Context, android.app.ContentProviderHolder, android.content.pm.ProviderInfo, boolean, boolean, boolean) (ActivityThread.java:6574)
10-22 12:55:53.165  1205  1205 I zygote64:   at void android.app.ActivityThread.installContentProviders(android.content.Context, java.util.List) (ActivityThread.java:6129)
10-22 12:55:53.165  1205  1205 I zygote64:   at void android.app.ActivityThread.handleBindApplication(android.app.ActivityThread$AppBindData) (ActivityThread.java:6039)
10-22 12:55:53.165  1205  1205 I zygote64:   at void android.app.ActivityThread.-wrap1(android.app.ActivityThread, android.app.ActivityThread$AppBindData) (ActivityThread.java:-1)
10-22 12:55:53.165  1205  1205 I zygote64:   at void android.app.ActivityThread$H.handleMessage(android.os.Message) (ActivityThread.java:1764)
10-22 12:55:53.165  1205  1205 I zygote64:   at void android.os.Handler.dispatchMessage(android.os.Message) (Handler.java:105)
10-22 12:55:53.165  1205  1205 I zygote64:   at void android.os.Looper.loop() (Looper.java:164)
10-22 12:55:53.165  1205  1205 I zygote64:   at void android.app.ActivityThread.main(java.lang.String[]) (ActivityThread.java:6940)
10-22 12:55:53.165  1205  1205 I zygote64:   at java.lang.Object java.lang.reflect.Method.invoke(java.lang.Object, java.lang.Object[]) (Method.java:-2)
10-22 12:55:53.165  1205  1205 I zygote64:   at void com.android.internal.os.Zygote$MethodAndArgsCaller.run() (Zygote.java:327)
10-22 12:55:53.165  1205  1205 I zygote64:   at void com.android.internal.os.ZygoteInit.main(java.lang.String[]) (ZygoteInit.java:1374)
10-22 12:55:53.165  1205  1205 I zygote64: 
10-22 12:55:53.166  2479  2548 D ScanRecord: Not a Multi Manu data
10-22 12:55:53.166  2479  2548 I chatty  : uid=1002(bluetooth) BT Service Call identical 9 lines
10-22 12:55:53.166  2479  2548 D ScanRecord: Not a Multi Manu data
10-22 12:55:53.175   610   900 I BatteryMgr:DataCollectionService: stats => 1697972153175,-33,4310,-68,0,100
10-22 12:55:53.199  2479  2548 D ScanRecord: Not a Multi Manu data
10-22 12:55:53.203  2479  2548 I chatty  : uid=1002(bluetooth) BT Service Call identical 20 lines
10-22 12:55:53.203  2479  2548 D ScanRecord: Not a Multi Manu data
10-22 12:55:53.210  1205  1205 I cr_WVCFactoryProvider: Loaded version=117.0.5938.60 minSdkVersion=1 isBundle=true multiprocess=true packageId=2
10-22 12:55:53.211  3957  4128 D WifiService: getConnectionInfo uid=1000
10-22 12:55:53.218  2479  2548 D ScanRecord: Not a Multi Manu data
10-22 12:55:53.281  2479  2548 I chatty  : uid=1002(bluetooth) BT Service Call identical 75 lines
10-22 12:55:53.281  2479  2548 D ScanRecord: Not a Multi Manu data
10-22 12:55:53.286   610   900 I BatteryMgr:DataCollectionService: stats => 1697972153286,-33,4310,-68,0,100
10-22 12:55:53.287  2479  2548 D ScanRecord: Not a Multi Manu data
10-22 12:55:53.321  2479  2548 I chatty  : uid=1002(bluetooth) BT Service Call identical 31 lines
10-22 12:55:53.322  2479  2548 D ScanRecord: Not a Multi Manu data
10-22 12:55:53.325  1205  1308 E chromium: [1022/125553.317289:ERROR:variations_seed_loader.cc(37)] Seed missing signature.
10-22 12:55:53.340  2479  2548 D ScanRecord: Not a Multi Manu data
10-22 12:55:53.341  2479  2548 I chatty  : uid=1002(bluetooth) BT Service Call identical 9 lines
10-22 12:55:53.341  2479  2548 D ScanRecord: Not a Multi Manu data
10-22 12:55:53.342  3957 14904 D StorageManagerService: getExternalStorageMountMode : 1
10-22 12:55:53.342  3957 14904 D StorageManagerService: getExternalStorageMountMode : 3
10-22 12:55:53.347  3957 14904 D StorageManagerService: getExternalStorageMountMode : final mountMode=1, uid : 10095, packageName : com.android.chrome
10-22 12:55:53.348  3957 14904 I ApplicationPolicy: isApplicationExternalStorageWhitelisted:com.android.chrome user:0
10-22 12:55:53.348  3957 14904 D ApplicationPolicy: isApplicationExternalStorageWhitelisted: DO is not enabled on user 0. Allowed.
10-22 12:55:53.348  3957 14904 D ActivityManager: package  com.android.chrome, user - 0 is SDcard whitelisted
10-22 12:55:53.348  3957 14904 I ApplicationPolicy: isApplicationExternalStorageBlacklisted:com.android.chrome user:0
10-22 12:55:53.348  3957 14904 D ApplicationPolicy: isApplicationExternalStorageBlacklisted: DO is not enabled on user 0. Allowed.
10-22 12:55:53.373  1205  1205 I cr_LibraryLoader: Successfully loaded native library
10-22 12:55:53.383  1205  1205 I cr_CachingUmaRecorder: Flushed 6 samples from 6 histograms, 0 samples were dropped.
10-22 12:55:53.393  2479  2548 D ScanRecord: Not a Multi Manu data
10-22 12:55:53.418  2479  2548 I chatty  : uid=1002(bluetooth) BT Service Call identical 31 lines
10-22 12:55:53.418  2479  2548 D ScanRecord: Not a Multi Manu data
10-22 12:55:53.428  3957  4650 D ConnectivityService: filterNetworkStateForUid() uid: 10105 networkInfo: [type: WIFI[] - WIFI, state: DISCONNECTED/BLOCKED, reason: (unspecified), extra: (none), failover: false, available: true, roaming: false, metered: false]
10-22 12:55:53.428  3957  4650 D WifiService: getConnectionInfo uid=1000
10-22 12:55:53.451  3957  4650 I chatty  : uid=1000(system) Binder:3957_9 identical 6 lines
10-22 12:55:53.452  3957  4650 I chatty  : uid=1000(system) Binder:3957_9 identical 6 lines
10-22 12:55:53.456  3957  4650 D ConnectivityService: filterNetworkStateForUid() uid: 10105 networkInfo: [type: WIFI[] - WIFI, state: DISCONNECTED/BLOCKED, reason: (unspecified), extra: (none), failover: false, available: true, roaming: false, metered: false]
10-22 12:55:53.456  3957  4650 D WifiService: getConnectionInfo uid=1000
10-22 12:55:53.460  2479  2548 D ScanRecord: Not a Multi Manu data
10-22 12:55:53.492  2479  2548 I chatty  : uid=1002(bluetooth) BT Service Call identical 20 lines
10-22 12:55:53.492  2479  2548 D ScanRecord: Not a Multi Manu data
10-22 12:55:53.499  1205  1310 W ResourceType: For resource 0x7f140a22, entry index(2594) is beyond type entryCount(1)
10-22 12:55:53.499  1205  1310 W ResourceType: Failure getting entry for 0x7f140a22 (t=19 e=2594) (error -75)
10-22 12:55:53.501  1311  1311 E Zygote  : isWhitelistProcess - Process is Whitelisted
10-22 12:55:53.504  1311  1311 E libpersona: scanKnoxPersonas
10-22 12:55:53.504  2479  2548 D ScanRecord: Not a Multi Manu data
10-22 12:55:53.504  2479  2548 I chatty  : uid=1002(bluetooth) BT Service Call identical 9 lines
10-22 12:55:53.504  2479  2548 D ScanRecord: Not a Multi Manu data
10-22 12:55:53.505  1311  1311 E libpersona: Couldn't open the File - /data/system/users/0/personalist.xml - No such file or directory
10-22 12:55:53.507  3957 14904 W ActivityManager: Slow operation: 165ms so far, now at startProcess: returned from zygote!
10-22 12:55:53.508  3957 14904 W ActivityManager: Slow operation: 166ms so far, now at startProcess: done updating battery stats
10-22 12:55:53.509  3957 14904 W ActivityManager: Slow operation: 167ms so far, now at startProcess: building log message
10-22 12:55:53.509  3957 14904 I ActivityManager: Start proc 1311:com.android.chrome:webview_service/u0a95 for service com.android.chrome/org.chromium.android_webview.services.VariationsSeedServer
10-22 12:55:53.509  3957 14904 W ActivityManager: Slow operation: 167ms so far, now at startProcess: starting to update pids map
10-22 12:55:53.509  3957 14904 W ActivityManager: Slow operation: 167ms so far, now at startProcess: done updating pids map
10-22 12:55:53.509  3957 14904 W ActivityManager: Slow operation: 168ms so far, now at startProcess: done starting proc!
10-22 12:55:53.511  3957  3973 W Looper  : Dispatch took 169ms on android.ui, h=Handler (com.android.server.am.ActivityManagerService$UiHandler) {84f2c15} cb=null msg=53
10-22 12:55:53.512  1311  1311 W SELinux : SELinux selinux_android_compute_policy_index : Policy Index[2],  Con:u:r:zygote:s0 RAM:SEPF_SM-J720F_8.0.0_0002, [-1 -1 -1 -1 0 1]
10-22 12:55:53.517  3957  9502 I ApplicationPolicy: isApplicationExternalStorageWhitelisted:flipboard.boxer.app user:0
10-22 12:55:53.517  3957  9502 D ApplicationPolicy: isApplicationExternalStorageWhitelisted: DO is not enabled on user 0. Allowed.
10-22 12:55:53.517  3957  9502 D ActivityManager: package  flipboard.boxer.app, user - 0 is SDcard whitelisted
10-22 12:55:53.518  3957  9502 I ApplicationPolicy: isApplicationExternalStorageBlacklisted:flipboard.boxer.app user:0
10-22 12:55:53.518  3957  9502 D ApplicationPolicy: isApplicationExternalStorageBlacklisted: DO is not enabled on user 0. Allowed.
10-22 12:55:53.518  3957  9502 I ActivityManager: SA, print process name forked by webview_zygote : com.android.chrome:sandboxed_process0
10-22 12:55:53.519   610   900 I BatteryMgr:DataCollectionService: stats => 1697972153519,-33,4310,-68,0,100
10-22 12:55:53.521  1311  1311 I SELinux : SELinux: seapp_context_lookup: seinfo=chrome, level=s0:c512,c768, pkgname=com.android.chrome:webview_service 
10-22 12:55:53.535  2479  2548 D ScanRecord: Not a Multi Manu data
10-22 12:55:53.552  4398  4398 E SchedPolicy: add_tid_to_cgroup failed; fd=-1
10-22 12:55:53.556  2479  2548 I chatty  : uid=1002(bluetooth) BT Service Call identical 31 lines
10-22 12:55:53.556  2479  2548 D ScanRecord: Not a Multi Manu data
10-22 12:55:53.560  3957  4129 D WifiStateMachine:  ConnectedState !RSSI_PKTCNT_FETCH uid=1000 rt=578560144/1634535617 0 0 "ourhome" f4:6d:2f:12:cc:88 rssi=-42 f=5240 sc=60 link=433 tx=10.4, 0.1, 0.0  rx=28.6 bcn=371629 [on:0 tx:0 rx:0 period:993] from screen [on:113156 period:628040] score=60
10-22 12:55:53.563  2479  2548 D ScanRecord: Not a Multi Manu data
10-22 12:55:53.563  2479  2548 I chatty  : uid=1002(bluetooth) BT Service Call identical 9 lines
10-22 12:55:53.564  2479  2548 D ScanRecord: Not a Multi Manu data
10-22 12:55:53.565  3957  4129 D WifiStateMachine:  L2ConnectedState !RSSI_PKTCNT_FETCH uid=1000 rt=578560146/1634535619 0 0 "ourhome" f4:6d:2f:12:cc:88 rssi=-42 f=5240 sc=60 link=433 tx=10.4, 0.1, 0.0  rx=28.6 bcn=371629 [on:0 tx:0 rx:0 period:4] from screen [on:113156 period:628044] score=60
10-22 12:55:53.568  3957  4129 D WifiStateMachine: fetchRssiLinkSpeedAndFrequencyNative rssi=-42 linkspeed=433 freq=5240
10-22 12:55:53.568  3957  4129 V WifiConfigManager: Updating scan detail cache freq=5240 BSSID=f4:6d:2f:12:cc:88 RSSI=-42 for "ourhome"WPA_PSK
10-22 12:55:53.574  2479  2548 D ScanRecord: Not a Multi Manu data
10-22 12:55:53.574  3957  9502 W ActivityManager: Slow operation: 58ms so far, now at startProcess: returned from zygote!
10-22 12:55:53.575  3957  9502 W ActivityManager: Slow operation: 58ms so far, now at startProcess: done updating battery stats
10-22 12:55:53.575  3957  9502 W ActivityManager: Slow operation: 59ms so far, now at startProcess: building log message
10-22 12:55:53.575  3957  9502 I ActivityManager: Start proc 1318:com.android.chrome:sandboxed_process0/u0i230 for webview_service flipboard.boxer.app/org.chromium.content.app.SandboxedProcessService0
10-22 12:55:53.575  3957  9502 W ActivityManager: Slow operation: 59ms so far, now at startProcess: starting to update pids map
10-22 12:55:53.576  3957  9502 W ActivityManager: Slow operation: 59ms so far, now at startProcess: done updating pids map
10-22 12:55:53.576  3957  9502 W ActivityManager: Slow operation: 60ms so far, now at startProcess: done starting proc!
10-22 12:55:53.582  2479  2548 I chatty  : uid=1002(bluetooth) BT Service Call identical 20 lines
10-22 12:55:53.582  2479  2548 D ScanRecord: Not a Multi Manu data
10-22 12:55:53.586  1318  1318 E /system/bin/webview_zygote32: failed to make and chown /acct/uid_99230: Permission denied
10-22 12:55:53.587  1318  1318 E Zygote  : createProcessGroup(99230, 0) failed: Permission denied
10-22 12:55:53.587  1318  1318 E libpersona: Couldn't open the File - /data/system/users/0.xml - Permission denied
10-22 12:55:53.587  2479  2548 D ScanRecord: Not a Multi Manu data
10-22 12:55:53.587  2479  2548 I chatty  : uid=1002(bluetooth) BT Service Call identical 9 lines
10-22 12:55:53.588  2479  2548 D ScanRecord: Not a Multi Manu data
10-22 12:55:53.588  1318  1318 W SELinux : SELinux selinux_android_compute_policy_index : Policy Index[2],  Con:u:r:webview_zygote:s0 RAM:SEPF_SM-J720F_8.0.0_0002, [-1 -1 -1 -1 0 1]
10-22 12:55:53.590  1318  1318 I SELinux : SELinux: seapp_context_lookup: seinfo=chrome, level=s0:c512,c768, pkgname=com.android.chrome:sandboxed_process0 
10-22 12:55:53.591  2479  2548 D ScanRecord: Not a Multi Manu data
10-22 12:55:53.603  2479  2548 I chatty  : uid=1002(bluetooth) BT Service Call identical 31 lines
10-22 12:55:53.603  2479  2548 D ScanRecord: Not a Multi Manu data
10-22 12:55:53.627   610   900 I BatteryMgr:DataCollectionService: stats => 1697972153627,-33,4310,-68,0,100
10-22 12:55:53.638  2479  2548 D ScanRecord: Not a Multi Manu data
10-22 12:55:53.638  2479  2548 I chatty  : uid=1002(bluetooth) BT Service Call identical 9 lines
10-22 12:55:53.638  2479  2548 D ScanRecord: Not a Multi Manu data
10-22 12:55:53.710  1284  1284 W ProviderHelper: Unknown dynamite feature providerinstaller.dynamite
10-22 12:55:53.711  1311  1328 I zygote  : Background concurrent copying GC freed 2213(1399KB) AllocSpace objects, 0(0B) LOS objects, 79% free, 389KB/1925KB, paused 26.389ms total 56.300ms
10-22 12:55:53.714  1284  1284 I DynamiteModule: Considering local module com.google.android.gms.providerinstaller.dynamite:1 and remote module com.google.android.gms.providerinstaller.dynamite:0
10-22 12:55:53.714  1284  1284 I DynamiteModule: Selected local version of com.google.android.gms.providerinstaller.dynamite
10-22 12:55:53.734   610   900 I BatteryMgr:DataCollectionService: stats => 1697972153734,-33,4310,-68,0,100
10-22 12:55:53.742  1284  1284 V NativeCrypto: Registering com/google/android/gms/org/conscrypt/NativeCrypto's 302 native methods...
10-22 12:55:53.771  1318  1318 I SamplingProfilerIntegration: Profiling disabled.
10-22 12:55:53.801  1311  1311 D TimaKeyStoreProvider: TimaKeyStore is not enabled: cannot add TimaSignature Service and generateKeyPair Service
10-22 12:55:53.806  1311  1311 D ActivityThread: Added TimaKeyStore provider
10-22 12:55:53.806  1284  1284 D NetworkSecurityConfig: Using Network Security Config from resource network_security_config debugBuild: false
10-22 12:55:53.822  1284  1284 I ProviderInstaller: Installed default security provider GmsCore_OpenSSL
10-22 12:55:53.831  3957 14904 I ActivityManager: DSS on for com.android.chrome and scale is 1.0
10-22 12:55:53.853   610   900 I BatteryMgr:DataCollectionService: stats => 1697972153853,-33,4310,-68,0,100
10-22 12:55:53.856  1318  1318 D TimaKeyStoreProvider: TimaKeyStore is not enabled: cannot add TimaSignature Service and generateKeyPair Service
10-22 12:55:53.857  1318  1318 D ActivityThread: Added TimaKeyStore provider
10-22 12:55:53.866  3957  4650 D ConnectivityService: filterNetworkStateForUid() uid: 10105 networkInfo: [type: WIFI[] - WIFI, state: DISCONNECTED/BLOCKED, reason: (unspecified), extra: (none), failover: false, available: true, roaming: false, metered: false]
10-22 12:55:53.866  3957  4650 D WifiService: getConnectionInfo uid=1000
10-22 12:55:53.874  3957  4650 I chatty  : uid=1000(system) Binder:3957_9 identical 3 lines
10-22 12:55:53.875  3957  4650 I chatty  : uid=1000(system) Binder:3957_9 identical 3 lines
10-22 12:55:53.878  3957  4650 D ConnectivityService: filterNetworkStateForUid() uid: 10105 networkInfo: [type: WIFI[] - WIFI, state: DISCONNECTED/BLOCKED, reason: (unspecified), extra: (none), failover: false, available: true, roaming: false, metered: false]
10-22 12:55:53.878  3957  4650 D WifiService: getConnectionInfo uid=1000
10-22 12:55:53.882  3957  9632 D ConnectivityService: filterNetworkStateForUid() uid: 10105 networkInfo: [type: WIFI[] - WIFI, state: DISCONNECTED/BLOCKED, reason: (unspecified), extra: (none), failover: false, available: true, roaming: false, metered: false]
10-22 12:55:53.882  3957  9632 D WifiService: getConnectionInfo uid=1000
10-22 12:55:53.905  3957  9632 I ActivityManager: DSS on for flipboard.boxer.app and scale is 1.0
10-22 12:55:53.926  1284  1353 I GMS_MM_Logger: (REDACTED) Start time: %s
10-22 12:55:53.928  1284  1353 I GMS_MM_Logger: Started.
10-22 12:55:53.932  1284  1284 W csrw    : Primes not initialized, returning default (no-op) Primes instance which will ignore all calls. Please call Primes.initialize(...) before using any Primes API.
10-22 12:55:53.932  1284  1284 W csrw    : dgaw: FULL
10-22 12:55:53.932  1284  1284 W csrw    : 	at a.J(:com.google.android.gms@233918019@23.39.18 (040400-572044148):9)
10-22 12:55:53.932  1284  1284 W csrw    : 	at csrw.a(:com.google.android.gms@233918019@23.39.18 (040400-572044148):32)
10-22 12:55:53.932  1284  1284 W csrw    : 	at com.google.android.gms.common.app.GmsApplication.onCreate(:com.google.android.gms@233918019@23.39.18 (040400-572044148):421)
10-22 12:55:53.932  1284  1284 W csrw    : 	at android.app.Instrumentation.callApplicationOnCreate(Instrumentation.java:1125)
10-22 12:55:53.932  1284  1284 W csrw    : 	at android.app.ActivityThread.handleBindApplication(ActivityThread.java:6058)
10-22 12:55:53.932  1284  1284 W csrw    : 	at android.app.ActivityThread.-wrap1(Unknown Source:0)
10-22 12:55:53.932  1284  1284 W csrw    : 	at android.app.ActivityThread$H.handleMessage(ActivityThread.java:1764)
10-22 12:55:53.932  1284  1284 W csrw    : 	at android.os.Handler.dispatchMessage(Handler.java:105)
10-22 12:55:53.932  1284  1284 W csrw    : 	at android.os.Looper.loop(Looper.java:164)
10-22 12:55:53.932  1284  1284 W csrw    : 	at android.app.ActivityThread.main(ActivityThread.java:6940)
10-22 12:55:53.932  1284  1284 W csrw    : 	at java.lang.reflect.Method.invoke(Native Method)
10-22 12:55:53.932  1284  1284 W csrw    : 	at com.android.internal.os.Zygote$MethodAndArgsCaller.run(Zygote.java:327)
10-22 12:55:53.932  1284  1284 W csrw    : 	at com.android.internal.os.ZygoteInit.main(ZygoteInit.java:1374)
10-22 12:55:53.952  1205  1341 W chromium: [WARNING:dns_config_service_android.cc(81)] Failed to read DnsConfig.
10-22 12:55:53.959  1284  1353 I ProcStatsManager: Proc stats logger installed and started.
10-22 12:55:53.965   610   900 I BatteryMgr:DataCollectionService: stats => 1697972153965,-33,4310,-68,0,100
10-22 12:55:53.969  3957  3977 V MARsPolicyManager: updateFromMARsThread
10-22 12:55:53.974  3957  3978 D MARsDBManager: updatePkgsToSMDB : begin --size 4
10-22 12:55:54.003  1284  1353 I Watchcat: Started
10-22 12:55:54.024  3957  4129 D WifiStateMachine:  ConnectedState !CMD_RSSI_POLL rt=578560608/1634536080 104 0 "ourhome" f4:6d:2f:12:cc:88 rssi=-42 f=5240 sc=60 link=433 tx=10.4, 0.1, 0.0  rx=28.6 bcn=371629 [on:0 tx:0 rx:0 period:460] from screen [on:113156 period:628504] score=60
10-22 12:55:54.026  3957  4129 D WifiStateMachine:  L2ConnectedState !CMD_RSSI_POLL rt=578560609/1634536082 104 0 "ourhome" f4:6d:2f:12:cc:88 rssi=-42 f=5240 sc=60 link=433 tx=10.4, 0.1, 0.0  rx=28.6 bcn=371629 [on:0 tx:0 rx:0 period:2] from screen [on:113156 period:628506] score=60
10-22 12:55:54.026  3957  4129 D WifiStateMachine:  get link layer stats 3
10-22 12:55:54.027  3436  3436 I android.hardware.wifi@1.0-service: getLinkLayerStats
10-22 12:55:54.036  3957  4650 D ActivityManager: The following uid has registered to recieve broadcast for proxy related updates 10105
10-22 12:55:54.037  3957  4650 W ContextImpl: Calling a method in the system process without a qualified user: android.app.ContextImpl.sendBroadcast:971 com.android.server.am.ActivityManagerService.requestKnoxVpnToSendProxyBroadcast:29420 com.android.server.am.ActivityManagerService.registerReceiver:23161 android.app.IActivityManager$Stub.onTransact:176 com.android.server.am.ActivityManagerService.onTransact:3861 
10-22 12:55:54.039  3957  3957 D KnoxVpnEngineService: Vpn Receiver : com.samsung.android.knox.intent.action.VPN_PROXY_BROADCAST_INTERNAL
10-22 12:55:54.040  3957  4108 I KnoxVpnEngineService: vpn handle : Message received
10-22 12:55:54.046  3957  4129 D WifiStateMachine: fetchRssiLinkSpeedAndFrequencyNative rssi=-41 linkspeed=433 freq=5240
10-22 12:55:54.048  3957  4129 V WifiConfigManager: Updating scan detail cache freq=5240 BSSID=f4:6d:2f:12:cc:88 RSSI=-41 for "ourhome"WPA_PSK
10-22 12:55:54.056  3957  3978 D MARsDBManager: updatePkgsToSMDB : end
10-22 12:55:54.057  3957  3978 D MARsDBManager: onChange - mSmartManagerObserver! Uri = content://com.samsung.android.sm/AppFreezer?MARs-self=true&MARs=true
10-22 12:55:54.057  3957  3978 I chatty  : uid=1000(system) MARsDBThread identical 2 lines
10-22 12:55:54.057  3957  3978 D MARsDBManager: onChange - mSmartManagerObserver! Uri = content://com.samsung.android.sm/AppFreezer?MARs-self=true&MARs=true
10-22 12:55:54.057  1311  1311 I zygote  : no shared libraies, dex_files: 1
10-22 12:55:54.062  4340  4340 E SignalClusterView: setSlotFocusVisible : subId -2
10-22 12:55:54.062  4340  4340 E SignalClusterView: setSlotFocusVisible : subId -2
10-22 12:55:54.071  1284  1289 I zygote64: Compiler allocated 4MB to compile void aiuy.b(android.content.Context)
10-22 12:55:54.076   610   900 I BatteryMgr:DataCollectionService: stats => 1697972154076,-33,4310,-68,0,100
10-22 12:55:54.113  1284  1284 D BoundBrokerSvc: onBind: Intent { act=com.google.android.gms.measurement.START pkg=com.google.android.gms }
10-22 12:55:54.113  1284  1284 D BoundBrokerSvc: Loading bound service for intent: Intent { act=com.google.android.gms.measurement.START pkg=com.google.android.gms }
10-22 12:55:54.186   610   900 I BatteryMgr:DataCollectionService: stats => 1697972154185,-33,4310,-68,0,100
10-22 12:55:54.192  1385  1385 E asset   : setgid: Operation not permitted
10-22 12:55:54.214  3957  4128 D WifiService: getConnectionInfo uid=1000
10-22 12:55:54.221  1205  1387 W ResourceType: ResTable_typeSpec entry count inconsistent: given 88, previously 91
10-22 12:55:54.221  1205  1387 W ResourceType: ResTable_typeSpec entry count inconsistent: given 168, previously 172
10-22 12:55:54.229  1205  1387 W ResourceType: ResTable_typeSpec entry count inconsistent: given 3506, previously 3526
10-22 12:55:54.229  1205  1387 W ResourceType: ResTable_typeSpec entry count inconsistent: given 487, previously 4675
10-22 12:55:54.236  3957  4650 W StorageManager: getStorageLowBytes lowPercent : 5, lowBytes : 1260145254, maxLowBytes : 524288000
10-22 12:55:54.243  1205  1390 I System.out: (HTTPLog)-Static: isSBSettingEnabled false
10-22 12:55:54.243  1205  1390 I System.out: (HTTPLog)-Static: isSBSettingEnabled false
10-22 12:55:54.245  3957  9632 W StorageManager: getStorageLowBytes lowPercent : 5, lowBytes : 1260145254, maxLowBytes : 524288000
10-22 12:55:54.245  3599  3918 D DnsProxyListener: DNSDBG::dns addrinfo af 0
10-22 12:55:54.247  1205  1268 I System.out: (HTTPLog)-Static: isSBSettingEnabled false
10-22 12:55:54.247  1205  1268 I System.out: (HTTPLog)-Static: isSBSettingEnabled false
10-22 12:55:54.249  3599  3918 D DnsProxyListener: DNSDBG::dns addrinfo af 0
10-22 12:55:54.251  1311  1311 I cr_SplitCompatApp: Launched version=117.0.5938.60 minSdkVersion=1 isBundle=true processName=com.android.chrome:webview_service isIsolated=false
10-22 12:55:54.258  3957 14904 W StorageManager: getStorageLowBytes lowPercent : 5, lowBytes : 1260145254, maxLowBytes : 524288000
10-22 12:55:54.295   610   900 I BatteryMgr:DataCollectionService: stats => 1697972154294,-33,4310,-68,0,100
10-22 12:55:54.367  3957 14904 D PackageManager: setEnabledSetting : userId = 0 packageName = flipboard.boxer.app cmp = flipboard.activities.LaunchActivityAliasForBriefing newState = 0 callingPackage = 10105/flipboard.boxer.app
10-22 12:55:54.388  1284  1284 D BoundBrokerSvc: onBind: Intent { act=com.google.android.gms.safetynet.service.START pkg=com.google.android.gms }
10-22 12:55:54.388  1284  1284 D BoundBrokerSvc: Loading bound service for intent: Intent { act=com.google.android.gms.safetynet.service.START pkg=com.google.android.gms }
10-22 12:55:54.403   610   900 I BatteryMgr:DataCollectionService: stats => 1697972154403,-33,4310,-68,0,100
10-22 12:55:54.433  3957  9632 D ConnectivityService: filterNetworkStateForUid() uid: 10105 networkInfo: [type: WIFI[] - WIFI, state: DISCONNECTED/BLOCKED, reason: (unspecified), extra: (none), failover: false, available: true, roaming: false, metered: false]
10-22 12:55:54.433  3957  9632 D WifiService: getConnectionInfo uid=1000
10-22 12:55:54.435  3957  9632 D ConnectivityService: filterNetworkStateForUid() uid: 10105 networkInfo: [type: WIFI[] - WIFI, state: DISCONNECTED/BLOCKED, reason: (unspecified), extra: (none), failover: false, available: true, roaming: false, metered: false]
10-22 12:55:54.435  3957  9632 D WifiService: getConnectionInfo uid=1000
10-22 12:55:54.457  1284  1297 I DynamiteModule: Considering local module com.google.android.gms.googlecertificates:7 and remote module com.google.android.gms.googlecertificates:7
10-22 12:55:54.457  1284  1297 I DynamiteModule: Selected local version of com.google.android.gms.googlecertificates
10-22 12:55:54.492  1284  1298 W GoogleCertificates: GoogleCertificates has been initialized already
10-22 12:55:54.512   610   900 I BatteryMgr:DataCollectionService: stats => 1697972154512,-33,4310,-68,0,100
10-22 12:55:54.513  1318  1318 I cr_SplitCompatApp: Launched version=117.0.5938.60 minSdkVersion=1 isBundle=true processName=com.android.chrome:sandboxed_process0 isIsolated=true
10-22 12:55:54.547  1318  1318 W SystemServiceRegistry: No service published for: uimode
10-22 12:55:54.553  1284  1298 I zygote64: Deoptimizing java.lang.Object ctnj.a() due to JIT inline cache
10-22 12:55:54.561  3957  4129 D WifiStateMachine:  ConnectedState !RSSI_PKTCNT_FETCH uid=1000 rt=578561145/1634536618 0 0 "ourhome" f4:6d:2f:12:cc:88 rssi=-41 f=5240 sc=60 link=433 tx=4.4, 0.0, 0.0  rx=19.3 bcn=371659 [on:0 tx:0 rx:0 period:503] from screen [on:113927 period:629040] score=60
10-22 12:55:54.561  1318  1318 V Monotype: fonts.xml take from : /system/etc/
10-22 12:55:54.562  3957  4129 D WifiStateMachine:  L2ConnectedState !RSSI_PKTCNT_FETCH uid=1000 rt=578561146/1634536619 0 0 "ourhome" f4:6d:2f:12:cc:88 rssi=-41 f=5240 sc=60 link=433 tx=4.4, 0.0, 0.0  rx=19.3 bcn=371659 [on:0 tx:0 rx:0 period:1] from screen [on:113927 period:629041] score=60
10-22 12:55:54.563  3957  4129 D WifiStateMachine: fetchRssiLinkSpeedAndFrequencyNative rssi=-42 linkspeed=433 freq=5240
10-22 12:55:54.563  3957  4129 V WifiConfigManager: Updating scan detail cache freq=5240 BSSID=f4:6d:2f:12:cc:88 RSSI=-41 for "ourhome"WPA_PSK
10-22 12:55:54.563  1284  1297 I zygote64: Deoptimizing java.lang.Object ctnj.a() due to JIT inline cache
10-22 12:55:54.628   610   900 I BatteryMgr:DataCollectionService: stats => 1697972154628,-262,4310,-1,0,100
10-22 12:55:54.704  3957 14904 D ConnectivityService: filterNetworkStateForUid() uid: 10095 networkInfo: [type: WIFI[] - WIFI, state: CONNECTED/CONNECTED, reason: (unspecified), extra: "ourhome", failover: false, available: true, roaming: false, metered: false]
10-22 12:55:54.704  3957 14904 D WifiService: getConnectionInfo uid=1000
10-22 12:55:54.707  1205  1380 I System.out: (HTTPLog)-Static: isSBSettingEnabled false
10-22 12:55:54.708  1205  1380 I System.out: (HTTPLog)-Static: isSBSettingEnabled false
10-22 12:55:54.709  3599  3918 D DnsProxyListener: DNSDBG::dns addrinfo af 0
10-22 12:55:54.712  1205  1379 I System.out: (HTTPLog)-Static: isSBSettingEnabled false
10-22 12:55:54.713  1205  1379 I System.out: (HTTPLog)-Static: isSBSettingEnabled false
10-22 12:55:54.718  3599  3918 D DnsProxyListener: DNSDBG::dns addrinfo af 0
10-22 12:55:54.724  3957 14904 D StorageManagerService: getExternalStorageMountMode : 1
10-22 12:55:54.725  3957 14904 D StorageManagerService: getExternalStorageMountMode : 3
10-22 12:55:54.725  3957 14904 D StorageManagerService: getExternalStorageMountMode : final mountMode=1, uid : 10095, packageName : com.android.chrome
10-22 12:55:54.725  3957 14904 I ApplicationPolicy: isApplicationExternalStorageWhitelisted:com.android.chrome user:0
10-22 12:55:54.726  3957 14904 D ApplicationPolicy: isApplicationExternalStorageWhitelisted: DO is not enabled on user 0. Allowed.
10-22 12:55:54.726  3957 14904 D ActivityManager: package  com.android.chrome, user - 0 is SDcard whitelisted
10-22 12:55:54.726  3957 14904 I ApplicationPolicy: isApplicationExternalStorageBlacklisted:com.android.chrome user:0
10-22 12:55:54.726  3957 14904 D ApplicationPolicy: isApplicationExternalStorageBlacklisted: DO is not enabled on user 0. Allowed.
10-22 12:55:54.727  1205  1388 W ResourceType: ResTable_typeSpec entry count inconsistent: given 88, previously 91
10-22 12:55:54.728  1205  1388 W ResourceType: ResTable_typeSpec entry count inconsistent: given 168, previously 172
10-22 12:55:54.729  1284  1412 W ResourceType: ResTable_typeSpec entry count inconsistent: given 88, previously 91
10-22 12:55:54.729  1284  1412 W ResourceType: ResTable_typeSpec entry count inconsistent: given 168, previously 172
10-22 12:55:54.729  1205  1263 W ResourceType: ResTable_typeSpec entry count inconsistent: given 88, previously 91
10-22 12:55:54.729  1205  1263 W ResourceType: ResTable_typeSpec entry count inconsistent: given 168, previously 172
10-22 12:55:54.729  1284  1412 W ResourceType: ResTable_typeSpec entry count inconsistent: given 3506, previously 3526
10-22 12:55:54.729  1284  1412 W ResourceType: ResTable_typeSpec entry count inconsistent: given 487, previously 4675
10-22 12:55:54.732  1205  1388 W ResourceType: ResTable_typeSpec entry count inconsistent: given 3506, previously 3526
10-22 12:55:54.732  1205  1263 W ResourceType: ResTable_typeSpec entry count inconsistent: given 3506, previously 3526
10-22 12:55:54.733  1205  1263 W ResourceType: ResTable_typeSpec entry count inconsistent: given 487, previously 4675
10-22 12:55:54.733  1205  1388 W ResourceType: ResTable_typeSpec entry count inconsistent: given 487, previously 4675
10-22 12:55:54.744  1429  1429 E Zygote  : isWhitelistProcess - Process is Whitelisted
10-22 12:55:54.745  1429  1429 E libpersona: scanKnoxPersonas
10-22 12:55:54.745  1429  1429 E libpersona: Couldn't open the File - /data/system/users/0/personalist.xml - No such file or directory
10-22 12:55:54.746  3957 14904 I ActivityManager: Start proc 1429:com.android.chrome:webview_apk/u0a95 for service com.android.chrome/org.chromium.android_webview.nonembedded.AwComponentUpdateService
10-22 12:55:54.754   610   900 I BatteryMgr:DataCollectionService: stats => 1697972154754,-262,4310,-1,0,100
10-22 12:55:54.759  1284  1412 I FA-SVC  : App measurement initialized, version: 233918
10-22 12:55:54.763  1429  1429 W SELinux : SELinux selinux_android_compute_policy_index : Policy Index[2],  Con:u:r:zygote:s0 RAM:SEPF_SM-J720F_8.0.0_0002, [-1 -1 -1 -1 0 1]
10-22 12:55:54.772  1429  1429 I SELinux : SELinux: seapp_context_lookup: seinfo=chrome, level=s0:c512,c768, pkgname=com.android.chrome:webview_apk 
10-22 12:55:54.803  1284  1289 I zygote64: Do partial code cache collection, code=30KB, data=25KB
10-22 12:55:54.805  1284  1289 I zygote64: After code cache collection, code=17KB, data=18KB
10-22 12:55:54.805  1284  1289 I zygote64: Increasing code cache capacity to 128KB
10-22 12:55:54.829  1429  1429 D TimaKeyStoreProvider: TimaKeyStore is not enabled: cannot add TimaSignature Service and generateKeyPair Service
10-22 12:55:54.829  1429  1429 D ActivityThread: Added TimaKeyStore provider
10-22 12:55:54.831  3957  7899 I ActivityManager: DSS on for com.android.chrome and scale is 1.0
10-22 12:55:54.861  1429  1429 I zygote  : no shared libraies, dex_files: 1
10-22 12:55:54.862   610   900 I BatteryMgr:DataCollectionService: stats => 1697972154862,-262,4310,-1,0,100
10-22 12:55:54.882  1429  1429 I cr_SplitCompatApp: Launched version=117.0.5938.60 minSdkVersion=1 isBundle=true processName=com.android.chrome:webview_apk isIsolated=false
10-22 12:55:54.960  1284  1412 I zygote64: Deoptimizing java.lang.Object j$.util.concurrent.ConcurrentHashMap.f(java.lang.Object, java.lang.Object, boolean) due to JIT inline cache
10-22 12:55:54.969   610   900 I BatteryMgr:DataCollectionService: stats => 1697972154969,-262,4310,-1,0,100
10-22 12:55:54.983  1284  1396 I zygote64: Deoptimizing java.lang.Object j$.util.concurrent.ConcurrentHashMap.get(java.lang.Object) due to JIT inline cache
10-22 12:55:54.996  3957  9632 D SamsungAlarmManager: Cancel Alarm calling from uid:10025 pid :1284 / op:PendingIntent{4c725a1: PendingIntentRecord{1c843c6 com.google.android.gms broadcastIntent}}
10-22 12:55:55.035  3957  9632 D SamsungAlarmManager: Cancel Alarm calling from uid:10025 pid :1284 / op:PendingIntent{80f5f87: PendingIntentRecord{1c843c6 com.google.android.gms broadcastIntent}}
10-22 12:55:55.078   610   900 I BatteryMgr:DataCollectionService: stats => 1697972155078,-262,4310,-1,0,100
10-22 12:55:55.097  3957  7899 D BatteryService: !@BatteryListener : batteryPropertiesChanged!
10-22 12:55:55.186   610   900 I BatteryMgr:DataCollectionService: stats => 1697972155186,-262,4310,-1,0,100
10-22 12:55:55.194  1205  1245 I System.out: (HTTPLog)-Static: isSBSettingEnabled false
10-22 12:55:55.195  1205  1245 I System.out: (HTTPLog)-Static: isSBSettingEnabled false
10-22 12:55:55.196  3599  3918 D DnsProxyListener: DNSDBG::dns addrinfo af 0
10-22 12:55:55.216  3957  4128 D WifiService: getConnectionInfo uid=1000
10-22 12:55:55.251  1429  1429 I cr_LibraryLoader: Successfully loaded native library
10-22 12:55:55.290  1318  1318 E Typeface: Error mapping font file /system/fonts/SamsungSans-Num3L.ttf
10-22 12:55:55.291  1318  1318 E Minikin : Could not get cmap table size!
10-22 12:55:55.291  1318  1318 E Typeface: Unable to load Family: samsung-sans-num3L:null
10-22 12:55:55.291  1318  1318 E Typeface: Error mapping font file /system/fonts/SamsungSans-Num3T.ttf
10-22 12:55:55.291  1318  1318 E Minikin : Could not get cmap table size!
10-22 12:55:55.291  1318  1318 E Typeface: Unable to load Family: samsung-sans-num3T:null
10-22 12:55:55.291  1318  1318 E Typeface: Error mapping font file /system/fonts/SamsungSans-Num4L.ttf
10-22 12:55:55.291  1318  1318 E Minikin : Could not get cmap table size!
10-22 12:55:55.291  1318  1318 E Typeface: Unable to load Family: samsung-sans-num4L:null
10-22 12:55:55.291  1318  1318 E Typeface: Error mapping font file /system/fonts/SamsungSans-Num4T.ttf
10-22 12:55:55.291  1318  1318 E Minikin : Could not get cmap table size!
10-22 12:55:55.291  1318  1318 E Typeface: Unable to load Family: samsung-sans-num4T:null
10-22 12:55:55.291  1318  1318 E Typeface: Error mapping font file /system/fonts/SamsungSans-Num35.ttf
10-22 12:55:55.291  1318  1318 E Minikin : Could not get cmap table size!
10-22 12:55:55.291  1318  1318 E Typeface: Unable to load Family: samsung-sans-num35:null
10-22 12:55:55.292  1318  1318 E Typeface: Error mapping font file /system/fonts/SamsungSans-Num45.ttf
10-22 12:55:55.292  1318  1318 E Minikin : Could not get cmap table size!
10-22 12:55:55.292  1318  1318 E Typeface: Unable to load Family: samsung-sans-num45:null
10-22 12:55:55.292  1318  1318 E Typeface: Error mapping font file /system/fonts/SamsungSans-Num3Lv.ttf
10-22 12:55:55.292  1318  1318 E Minikin : Could not get cmap table size!
10-22 12:55:55.292  1318  1318 E Typeface: Unable to load Family: samsung-sans-num3LV:null
10-22 12:55:55.292  1318  1318 E Typeface: Error mapping font file /system/fonts/SamsungSans-Num3R.ttf
10-22 12:55:55.292  1318  1318 E Minikin : Could not get cmap table size!
10-22 12:55:55.292  1318  1318 E Typeface: Unable to load Family: samsung-sans-num3R:null
10-22 12:55:55.292  1318  1318 E Typeface: Error mapping font file /system/fonts/SamsungSans-Num4Tv.ttf
10-22 12:55:55.292  1318  1318 E Minikin : Could not get cmap table size!
10-22 12:55:55.292  1318  1318 E Typeface: Unable to load Family: samsung-sans-num4Tv:null
10-22 12:55:55.292  1318  1318 E Typeface: Error mapping font file /system/fonts/SamsungSans-Num4Lv.ttf
10-22 12:55:55.292  1318  1318 E Minikin : Could not get cmap table size!
10-22 12:55:55.292  1318  1318 E Typeface: Unable to load Family: samsung-sans-num4Lv:null
10-22 12:55:55.295   610   900 I BatteryMgr:DataCollectionService: stats => 1697972155294,-262,4310,-1,0,100
10-22 12:55:55.313  1318  1318 I cr_ChildProcessService: Creating new ChildProcessService pid=1318
10-22 12:55:55.327  1318  1318 E WebViewFactory: can't load with relro file; address space not reserved
10-22 12:55:55.402   610   900 I BatteryMgr:DataCollectionService: stats => 1697972155402,-262,4310,-1,0,100
10-22 12:55:55.497  1429  1455 D NetworkSecurityConfig: Using Network Security Config from resource 0_resource_name_obfuscated debugBuild: false
10-22 12:55:55.510   610   900 I BatteryMgr:DataCollectionService: stats => 1697972155510,-262,4310,-1,0,100
10-22 12:55:55.532  1429  1455 I System.out: (HTTPLog)-Static: isSBSettingEnabled false
10-22 12:55:55.533  1429  1455 I System.out: (HTTPLog)-Static: isSBSettingEnabled false
10-22 12:55:55.539  3599  3918 D DnsProxyListener: DNSDBG::dns addrinfo af 0
10-22 12:55:55.562  3957  4129 D WifiStateMachine:  ConnectedState !RSSI_PKTCNT_FETCH uid=1000 rt=578562147/1634537619 0 0 "ourhome" f4:6d:2f:12:cc:88 rssi=-42 f=5240 sc=60 link=433 tx=4.4, 0.0, 0.0  rx=19.3 bcn=371659 [on:0 tx:0 rx:0 period:1001] from screen [on:113927 period:630042] score=60
10-22 12:55:55.563  3957  4129 D WifiStateMachine:  L2ConnectedState !RSSI_PKTCNT_FETCH uid=1000 rt=578562148/1634537620 0 0 "ourhome" f4:6d:2f:12:cc:88 rssi=-42 f=5240 sc=60 link=433 tx=4.4, 0.0, 0.0  rx=19.3 bcn=371659 [on:0 tx:0 rx:0 period:1] from screen [on:113927 period:630043] score=60
10-22 12:55:55.564  3957  4129 D WifiStateMachine: fetchRssiLinkSpeedAndFrequencyNative rssi=-44 linkspeed=433 freq=5240
10-22 12:55:55.564  3957  4129 V WifiConfigManager: Updating scan detail cache freq=5240 BSSID=f4:6d:2f:12:cc:88 RSSI=-42 for "ourhome"WPA_PSK
10-22 12:55:55.616   610   900 I BatteryMgr:DataCollectionService: stats => 1697972155616,-262,4310,-1,0,100
10-22 12:55:55.729   610   900 I BatteryMgr:DataCollectionService: stats => 1697972155729,-262,4310,-1,0,100
10-22 12:55:55.837   610   900 I BatteryMgr:DataCollectionService: stats => 1697972155837,-262,4310,-1,0,100
10-22 12:55:55.901  3957  4030 D SensorService: [SO] 0.297 0.110 9.989
10-22 12:55:55.950   610   900 I BatteryMgr:DataCollectionService: stats => 1697972155949,-262,4310,-1,0,100
10-22 12:55:56.060   610   900 I BatteryMgr:DataCollectionService: stats => 1697972156060,-262,4310,-1,0,100
10-22 12:55:56.171   610   900 I BatteryMgr:DataCollectionService: stats => 1697972156171,-262,4310,-1,0,100
10-22 12:55:56.218  3957  4128 D WifiService: getConnectionInfo uid=1000
10-22 12:55:56.283   610   900 I BatteryMgr:DataCollectionService: stats => 1697972156283,-262,4310,-1,0,100
10-22 12:55:56.395   610   900 I BatteryMgr:DataCollectionService: stats => 1697972156395,-262,4310,-1,0,100
10-22 12:55:56.507   610   900 I BatteryMgr:DataCollectionService: stats => 1697972156507,-262,4310,-1,0,100
10-22 12:55:56.564  3957  4129 D WifiStateMachine:  ConnectedState !RSSI_PKTCNT_FETCH uid=1000 rt=578563148/1634538621 0 0 "ourhome" f4:6d:2f:12:cc:88 rssi=-44 f=5240 sc=60 link=433 tx=4.4, 0.0, 0.0  rx=19.3 bcn=371659 [on:0 tx:0 rx:0 period:1001] from screen [on:113927 period:631044] score=60
10-22 12:55:56.565  3957  4129 D WifiStateMachine:  L2ConnectedState !RSSI_PKTCNT_FETCH uid=1000 rt=578563149/1634538622 0 0 "ourhome" f4:6d:2f:12:cc:88 rssi=-44 f=5240 sc=60 link=433 tx=4.4, 0.0, 0.0  rx=19.3 bcn=371659 [on:0 tx:0 rx:0 period:1] from screen [on:113927 period:631045] score=60
10-22 12:55:56.571  3957  4129 D WifiStateMachine: fetchRssiLinkSpeedAndFrequencyNative rssi=-42 linkspeed=433 freq=5240
10-22 12:55:56.572  3957  4129 V WifiConfigManager: Updating scan detail cache freq=5240 BSSID=f4:6d:2f:12:cc:88 RSSI=-42 for "ourhome"WPA_PSK
10-22 12:55:56.616   610   900 I BatteryMgr:DataCollectionService: stats => 1697972156616,-262,4310,-1,0,100
10-22 12:55:56.732   610   900 I BatteryMgr:DataCollectionService: stats => 1697972156732,-262,4310,-1,0,100
10-22 12:55:56.844   610   900 I BatteryMgr:DataCollectionService: stats => 1697972156844,-262,4310,-1,0,100
10-22 12:55:56.957   610   900 I BatteryMgr:DataCollectionService: stats => 1697972156957,-262,4310,-1,0,100
10-22 12:55:57.055  3957  4129 D WifiStateMachine:  ConnectedState !CMD_RSSI_POLL rt=578563639/1634539112 104 0 "ourhome" f4:6d:2f:12:cc:88 rssi=-42 f=5240 sc=60 link=433 tx=4.4, 0.0, 0.0  rx=19.3 bcn=371659 [on:0 tx:0 rx:0 period:490] from screen [on:113927 period:631535] score=60
10-22 12:55:57.057  3957  4129 D WifiStateMachine:  L2ConnectedState !CMD_RSSI_POLL rt=578563641/1634539113 104 0 "ourhome" f4:6d:2f:12:cc:88 rssi=-42 f=5240 sc=60 link=433 tx=4.4, 0.0, 0.0  rx=19.3 bcn=371659 [on:0 tx:0 rx:0 period:1] from screen [on:113927 period:631536] score=60
10-22 12:55:57.057  3957  4129 D WifiStateMachine:  get link layer stats 3
10-22 12:55:57.058  3436  3436 I android.hardware.wifi@1.0-service: getLinkLayerStats
10-22 12:55:57.067   610   900 I BatteryMgr:DataCollectionService: stats => 1697972157067,-262,4310,-1,0,100
10-22 12:55:57.075  3957  4129 D WifiStateMachine: fetchRssiLinkSpeedAndFrequencyNative rssi=-42 linkspeed=433 freq=5240
10-22 12:55:57.076  3957  4129 V WifiConfigManager: Updating scan detail cache freq=5240 BSSID=f4:6d:2f:12:cc:88 RSSI=-42 for "ourhome"WPA_PSK
10-22 12:55:57.081  4340  4340 E SignalClusterView: setSlotFocusVisible : subId -2
10-22 12:55:57.082  4340  4340 E SignalClusterView: setSlotFocusVisible : subId -2
