10-22 12:56:11.829   610   900 I BatteryMgr:DataCollectionService: stats => 1697972171828,82,4310,111,0,100
10-22 12:56:11.939   610   900 I BatteryMgr:DataCollectionService: stats => 1697972171939,82,4310,111,0,100
10-22 12:56:12.055   610   900 I BatteryMgr:DataCollectionService: stats => 1697972172055,82,4310,111,0,100
10-22 12:56:12.159  3957  4129 D WifiStateMachine:  ConnectedState !CMD_RSSI_POLL rt=578578740/1634554212 104 0 "ourhome" f4:6d:2f:12:cc:88 rssi=-44 f=5240 sc=60 link=433 tx=189.1, 12.0, 0.0  rx=267.5 bcn=371802 [on:0 tx:0 rx:0 period:572] from screen [on:119834 period:646638] score=60
10-22 12:56:12.161  3957  4129 D WifiStateMachine:  L2ConnectedState !CMD_RSSI_POLL rt=578578745/1634554218 104 0 "ourhome" f4:6d:2f:12:cc:88 rssi=-44 f=5240 sc=60 link=433 tx=189.1, 12.0, 0.0  rx=267.5 bcn=371802 [on:0 tx:0 rx:0 period:2] from screen [on:119834 period:646640] score=60
10-22 12:56:12.161  3957  4129 D WifiStateMachine:  get link layer stats 3
10-22 12:56:12.161  3436  3436 I android.hardware.wifi@1.0-service: getLinkLayerStats
10-22 12:56:12.169   610   900 I BatteryMgr:DataCollectionService: stats => 1697972172169,82,4310,111,0,100
10-22 12:56:12.180  3957  4129 D WifiStateMachine: fetchRssiLinkSpeedAndFrequencyNative rssi=-44 linkspeed=433 freq=5240
10-22 12:56:12.180  3957  4129 V WifiConfigManager: Updating scan detail cache freq=5240 BSSID=f4:6d:2f:12:cc:88 RSSI=-44 for "ourhome"WPA_PSK
10-22 12:56:12.183  4340  4340 E SignalClusterView: setSlotFocusVisible : subId -2
10-22 12:56:12.184  4340  4340 E SignalClusterView: setSlotFocusVisible : subId -2
10-22 12:56:12.261  3957  4128 D WifiService: getConnectionInfo uid=1000
10-22 12:56:12.281   610   900 I BatteryMgr:DataCollectionService: stats => 1697972172281,82,4310,111,0,100
10-22 12:56:12.389   610   900 I BatteryMgr:DataCollectionService: stats => 1697972172389,82,4310,111,0,100
10-22 12:56:12.496   610   900 I BatteryMgr:DataCollectionService: stats => 1697972172496,82,4310,111,0,100
10-22 12:56:12.585  3957  4129 D WifiStateMachine:  ConnectedState !RSSI_PKTCNT_FETCH uid=1000 rt=578579169/1634554641 0 0 "ourhome" f4:6d:2f:12:cc:88 rssi=-44 f=5240 sc=60 link=433 tx=69.0, 4.4, 0.0  rx=100.2 bcn=371829 [on:0 tx:0 rx:0 period:402] from screen [on:120176 period:647065] score=60
10-22 12:56:12.588  3957  4129 D WifiStateMachine:  L2ConnectedState !RSSI_PKTCNT_FETCH uid=1000 rt=578579172/1634554644 0 0 "ourhome" f4:6d:2f:12:cc:88 rssi=-44 f=5240 sc=60 link=433 tx=69.0, 4.4, 0.0  rx=100.2 bcn=371829 [on:0 tx:0 rx:0 period:2] from screen [on:120176 period:647067] score=60
10-22 12:56:12.593  3957  4129 D WifiStateMachine: fetchRssiLinkSpeedAndFrequencyNative rssi=-44 linkspeed=433 freq=5240
10-22 12:56:12.594  3957  4129 V WifiConfigManager: Updating scan detail cache freq=5240 BSSID=f4:6d:2f:12:cc:88 RSSI=-44 for "ourhome"WPA_PSK
10-22 12:56:12.605   610   900 I BatteryMgr:DataCollectionService: stats => 1697972172605,82,4310,111,0,100
10-22 12:56:12.720   610   900 I BatteryMgr:DataCollectionService: stats => 1697972172720,82,4310,111,0,100
10-22 12:56:12.831   610   900 I BatteryMgr:DataCollectionService: stats => 1697972172831,82,4310,111,0,100
10-22 12:56:12.940   610   900 I BatteryMgr:DataCollectionService: stats => 1697972172940,82,4310,111,0,100
10-22 12:56:12.952  4961  4961 D io_stats: !@ 179,0 r 8666786 281819520 w 2018064 39897248 d 160433 36181840 f 619155 643293 iot 4012852 3472294 th 51200 0 0 pt 0 inp 0 0 578579.537
10-22 12:56:13.048   610   900 I BatteryMgr:DataCollectionService: stats => 1697972173048,82,4310,111,0,100
10-22 12:56:13.151  2479  2548 D ScanRecord: Not a Multi Manu data
10-22 12:56:13.151  2479  2548 I chatty  : uid=1002(bluetooth) BT Service Call identical 9 lines
10-22 12:56:13.151  2479  2548 D ScanRecord: Not a Multi Manu data
10-22 12:56:13.155   610   900 I BatteryMgr:DataCollectionService: stats => 1697972173155,82,4310,111,0,100
10-22 12:56:13.163  2479  2548 D ScanRecord: Not a Multi Manu data
10-22 12:56:13.258  2479  2548 I chatty  : uid=1002(bluetooth) BT Service Call identical 139 lines
10-22 12:56:13.258  2479  2548 D ScanRecord: Not a Multi Manu data
10-22 12:56:13.264  3957  4128 D WifiService: getConnectionInfo uid=1000
10-22 12:56:13.266  2479  2548 D ScanRecord: Not a Multi Manu data
10-22 12:56:13.269   610   900 I BatteryMgr:DataCollectionService: stats => 1697972173268,82,4310,111,0,100
10-22 12:56:13.269  2479  2548 D ScanRecord: Not a Multi Manu data
10-22 12:56:13.359  2479  2548 I chatty  : uid=1002(bluetooth) BT Service Call identical 109 lines
10-22 12:56:13.359  2479  2548 D ScanRecord: Not a Multi Manu data
10-22 12:56:13.378   610   900 I BatteryMgr:DataCollectionService: stats => 1697972173377,82,4310,111,0,100
10-22 12:56:13.402  2479  2548 D ScanRecord: Not a Multi Manu data
10-22 12:56:13.476  2479  2548 I chatty  : uid=1002(bluetooth) BT Service Call identical 108 lines
10-22 12:56:13.476  2479  2548 D ScanRecord: Not a Multi Manu data
10-22 12:56:13.484   610   900 I BatteryMgr:DataCollectionService: stats => 1697972173483,82,4310,111,0,100
10-22 12:56:13.489  2479  2548 D ScanRecord: Not a Multi Manu data
10-22 12:56:13.580  2479  2548 I chatty  : uid=1002(bluetooth) BT Service Call identical 97 lines
10-22 12:56:13.580  2479  2548 D ScanRecord: Not a Multi Manu data
10-22 12:56:13.587  3957  4129 D WifiStateMachine:  ConnectedState !RSSI_PKTCNT_FETCH uid=1000 rt=578580170/1634555643 0 0 "ourhome" f4:6d:2f:12:cc:88 rssi=-44 f=5240 sc=60 link=433 tx=69.0, 4.4, 0.0  rx=100.2 bcn=371829 [on:0 tx:0 rx:0 period:999] from screen [on:120176 period:648066] score=60
10-22 12:56:13.590  3957  4129 D WifiStateMachine:  L2ConnectedState !RSSI_PKTCNT_FETCH uid=1000 rt=578580173/1634555646 0 0 "ourhome" f4:6d:2f:12:cc:88 rssi=-44 f=5240 sc=60 link=433 tx=69.0, 4.4, 0.0  rx=100.2 bcn=371829 [on:0 tx:0 rx:0 period:4] from screen [on:120176 period:648070] score=60
10-22 12:56:13.593   610   900 I BatteryMgr:DataCollectionService: stats => 1697972173592,82,4310,111,0,100
10-22 12:56:13.593  3957  4129 D WifiStateMachine: fetchRssiLinkSpeedAndFrequencyNative rssi=-45 linkspeed=433 freq=5240
10-22 12:56:13.594  2479  2548 D ScanRecord: Not a Multi Manu data
10-22 12:56:13.594  3957  4129 V WifiConfigManager: Updating scan detail cache freq=5240 BSSID=f4:6d:2f:12:cc:88 RSSI=-44 for "ourhome"WPA_PSK
10-22 12:56:13.594  2479  2548 I chatty  : uid=1002(bluetooth) BT Service Call expire 9 lines
10-22 12:56:13.594  2479  2548 D ScanRecord: Not a Multi Manu data
10-22 12:56:13.598  2479  2548 D ScanRecord: Not a Multi Manu data
10-22 12:56:13.643  2479  2548 I chatty  : uid=1002(bluetooth) BT Service Call identical 53 lines
10-22 12:56:13.643  2479  2548 D ScanRecord: Not a Multi Manu data
10-22 12:56:13.702   610   900 I BatteryMgr:DataCollectionService: stats => 1697972173702,82,4310,111,0,100
10-22 12:56:13.813   610   900 I BatteryMgr:DataCollectionService: stats => 1697972173813,82,4310,111,0,100
10-22 12:56:13.924   610   900 I BatteryMgr:DataCollectionService: stats => 1697972173924,82,4310,111,0,100
10-22 12:56:14.035   610   900 I BatteryMgr:DataCollectionService: stats => 1697972174034,82,4310,111,0,100
10-22 12:56:14.145   610   900 I BatteryMgr:DataCollectionService: stats => 1697972174145,82,4310,111,0,100
10-22 12:56:14.255   610   900 I BatteryMgr:DataCollectionService: stats => 1697972174255,82,4310,111,0,100
10-22 12:56:14.267  3957  4128 D WifiService: getConnectionInfo uid=1000
10-22 12:56:14.369   610   900 I BatteryMgr:DataCollectionService: stats => 1697972174368,82,4310,111,0,100
10-22 12:56:14.480   610   900 I BatteryMgr:DataCollectionService: stats => 1697972174480,82,4310,111,0,100
10-22 12:56:14.588  3957  4129 D WifiStateMachine:  ConnectedState !RSSI_PKTCNT_FETCH uid=1000 rt=578581172/1634556644 0 0 "ourhome" f4:6d:2f:12:cc:88 rssi=-45 f=5240 sc=60 link=433 tx=69.0, 4.4, 0.0  rx=100.2 bcn=371829 [on:0 tx:0 rx:0 period:998] from screen [on:120176 period:649068] score=60
10-22 12:56:14.591  3957  4129 D WifiStateMachine:  L2ConnectedState !RSSI_PKTCNT_FETCH uid=1000 rt=578581174/1634556646 0 0 "ourhome" f4:6d:2f:12:cc:88 rssi=-45 f=5240 sc=60 link=433 tx=69.0, 4.4, 0.0  rx=100.2 bcn=371829 [on:0 tx:0 rx:0 period:2] from screen [on:120176 period:649070] score=60
10-22 12:56:14.592   610   900 I BatteryMgr:DataCollectionService: stats => 1697972174592,82,4310,111,0,100
10-22 12:56:14.597  3957  4129 D WifiStateMachine: fetchRssiLinkSpeedAndFrequencyNative rssi=-45 linkspeed=433 freq=5240
10-22 12:56:14.597  3957  4129 V WifiConfigManager: Updating scan detail cache freq=5240 BSSID=f4:6d:2f:12:cc:88 RSSI=-44 for "ourhome"WPA_PSK
10-22 12:56:14.703   610   900 I BatteryMgr:DataCollectionService: stats => 1697972174702,82,4310,111,0,100
10-22 12:56:14.817   610   900 I BatteryMgr:DataCollectionService: stats => 1697972174817,82,4310,111,0,100
10-22 12:56:14.925   610   900 I BatteryMgr:DataCollectionService: stats => 1697972174925,82,4310,111,0,100
10-22 12:56:15.036   610   900 I BatteryMgr:DataCollectionService: stats => 1697972175036,82,4310,111,0,100
10-22 12:56:15.149   610   900 I BatteryMgr:DataCollectionService: stats => 1697972175148,82,4310,111,0,100
10-22 12:56:15.184  3957  4129 D WifiStateMachine:  ConnectedState !CMD_RSSI_POLL rt=578581767/1634557240 104 0 "ourhome" f4:6d:2f:12:cc:88 rssi=-45 f=5240 sc=60 link=433 tx=69.0, 4.4, 0.0  rx=100.2 bcn=371829 [on:0 tx:0 rx:0 period:593] from screen [on:120176 period:649663] score=60
10-22 12:56:15.185  3957  4129 D WifiStateMachine:  L2ConnectedState !CMD_RSSI_POLL rt=578581769/1634557242 104 0 "ourhome" f4:6d:2f:12:cc:88 rssi=-45 f=5240 sc=60 link=433 tx=69.0, 4.4, 0.0  rx=100.2 bcn=371829 [on:0 tx:0 rx:0 period:2] from screen [on:120176 period:649665] score=60
10-22 12:56:15.185  3957  4129 D WifiStateMachine:  get link layer stats 3
10-22 12:56:15.186  3436  3436 I android.hardware.wifi@1.0-service: getLinkLayerStats
10-22 12:56:15.202  3957  4129 D WifiStateMachine: fetchRssiLinkSpeedAndFrequencyNative rssi=-45 linkspeed=433 freq=5240
10-22 12:56:15.203  3957  4129 V WifiConfigManager: Updating scan detail cache freq=5240 BSSID=f4:6d:2f:12:cc:88 RSSI=-44 for "ourhome"WPA_PSK
10-22 12:56:15.208  4340  4340 E SignalClusterView: setSlotFocusVisible : subId -2
10-22 12:56:15.208  4340  4340 E SignalClusterView: setSlotFocusVisible : subId -2
10-22 12:56:15.245  1205  1245 I System.out: (HTTPLog)-Static: isSBSettingEnabled false
10-22 12:56:15.245  1205  1245 I System.out: (HTTPLog)-Static: isSBSettingEnabled false
10-22 12:56:15.259   610   900 I BatteryMgr:DataCollectionService: stats => 1697972175259,82,4310,111,0,100
10-22 12:56:15.269  3957  4128 D WifiService: getConnectionInfo uid=1000
10-22 12:56:15.370   610   900 I BatteryMgr:DataCollectionService: stats => 1697972175369,82,4310,111,0,100
10-22 12:56:15.444  3957  3980 W StorageManager: getStorageFullBytes DEFAULT_FULL_THRESHOLD_BYTES : 20971520, threadhold : 20971520
10-22 12:56:15.445  3957  3980 W StorageManager: getStorageLowBytes lowPercent : 5, lowBytes : 1260145254, maxLowBytes : 524288000
10-22 12:56:15.450  3957  3980 W DeviceStorageMonitorService: updateBroadcasts(/data) oldLevel:0, newLevel:0, seq:1
10-22 12:56:15.451  3957  3980 W DeviceStorageMonitorService: updateBroadcasts_filenode(/data) fn_oldLevel:0, fn_newLevel:0, seq:1
10-22 12:56:15.480   610   900 I BatteryMgr:DataCollectionService: stats => 1697972175480,82,4310,111,0,100
10-22 12:56:15.590  3957  4129 D WifiStateMachine:  ConnectedState !RSSI_PKTCNT_FETCH uid=1000 rt=578582174/1634557646 0 0 "ourhome" f4:6d:2f:12:cc:88 rssi=-45 f=5240 sc=60 link=433 tx=25.2, 1.6, 0.0  rx=41.7 bcn=371859 [on:0 tx:0 rx:0 period:383] from screen [on:120518 period:650070] score=60
10-22 12:56:15.593  3957  4129 D WifiStateMachine:  L2ConnectedState !RSSI_PKTCNT_FETCH uid=1000 rt=578582176/1634557649 0 0 "ourhome" f4:6d:2f:12:cc:88 rssi=-45 f=5240 sc=60 link=433 tx=25.2, 1.6, 0.0  rx=41.7 bcn=371859 [on:0 tx:0 rx:0 period:3] from screen [on:120518 period:650073] score=60
10-22 12:56:15.593   610   900 I BatteryMgr:DataCollectionService: stats => 1697972175593,82,4310,111,0,100
10-22 12:56:15.596  3957  4129 D WifiStateMachine: fetchRssiLinkSpeedAndFrequencyNative rssi=-45 linkspeed=433 freq=5240
10-22 12:56:15.596  3957  4129 V WifiConfigManager: Updating scan detail cache freq=5240 BSSID=f4:6d:2f:12:cc:88 RSSI=-44 for "ourhome"WPA_PSK
10-22 12:56:15.701   610   900 I BatteryMgr:DataCollectionService: stats => 1697972175701,142,4310,137,0,100
10-22 12:56:15.808   610   900 I BatteryMgr:DataCollectionService: stats => 1697972175808,142,4310,137,0,100
10-22 12:56:15.900  3957  4030 D SensorService: [SO] 0.297 0.115 9.955
10-22 12:56:15.915   610   900 I BatteryMgr:DataCollectionService: stats => 1697972175915,142,4310,137,0,100
10-22 12:56:16.023   610   900 I BatteryMgr:DataCollectionService: stats => 1697972176023,142,4310,137,0,100
10-22 12:56:16.135   610   900 I BatteryMgr:DataCollectionService: stats => 1697972176135,142,4310,137,0,100
10-22 12:56:16.151  3957  7899 D BatteryService: !@BatteryListener : batteryPropertiesChanged!
10-22 12:56:16.244   610   900 I BatteryMgr:DataCollectionService: stats => 1697972176244,142,4310,137,0,100
10-22 12:56:16.271  3957  4128 D WifiService: getConnectionInfo uid=1000
10-22 12:56:16.354   610   900 I BatteryMgr:DataCollectionService: stats => 1697972176354,142,4310,137,0,100
10-22 12:56:16.461   610   900 I BatteryMgr:DataCollectionService: stats => 1697972176461,142,4310,137,0,100
10-22 12:56:16.572   610   900 I BatteryMgr:DataCollectionService: stats => 1697972176572,142,4310,137,0,100
10-22 12:56:16.591  3957  4129 D WifiStateMachine:  ConnectedState !RSSI_PKTCNT_FETCH uid=1000 rt=578583175/1634558648 0 0 "ourhome" f4:6d:2f:12:cc:88 rssi=-45 f=5240 sc=60 link=433 tx=25.2, 1.6, 0.0  rx=41.7 bcn=371859 [on:0 tx:0 rx:0 period:998] from screen [on:120518 period:651071] score=60
10-22 12:56:16.593  3957  4129 D WifiStateMachine:  L2ConnectedState !RSSI_PKTCNT_FETCH uid=1000 rt=578583177/1634558650 0 0 "ourhome" f4:6d:2f:12:cc:88 rssi=-45 f=5240 sc=60 link=433 tx=25.2, 1.6, 0.0  rx=41.7 bcn=371859 [on:0 tx:0 rx:0 period:2] from screen [on:120518 period:651073] score=60
10-22 12:56:16.599  3957  4129 D WifiStateMachine: fetchRssiLinkSpeedAndFrequencyNative rssi=-45 linkspeed=433 freq=5240
10-22 12:56:16.599  3957  4129 V WifiConfigManager: Updating scan detail cache freq=5240 BSSID=f4:6d:2f:12:cc:88 RSSI=-44 for "ourhome"WPA_PSK
10-22 12:56:16.686   610   900 I BatteryMgr:DataCollectionService: stats => 1697972176686,142,4310,137,0,100
10-22 12:56:16.797   610   900 I BatteryMgr:DataCollectionService: stats => 1697972176797,142,4310,137,0,100
10-22 12:56:16.907   610   900 I BatteryMgr:DataCollectionService: stats => 1697972176907,142,4310,137,0,100
10-22 12:56:17.018   610   900 I BatteryMgr:DataCollectionService: stats => 1697972177018,142,4310,137,0,100
10-22 12:56:17.130   610   900 I BatteryMgr:DataCollectionService: stats => 1697972177129,142,4310,137,0,100
10-22 12:56:17.241   610   900 I BatteryMgr:DataCollectionService: stats => 1697972177241,142,4310,137,0,100
10-22 12:56:17.273  3957  4128 D WifiService: getConnectionInfo uid=1000
10-22 12:56:17.352   610   900 I BatteryMgr:DataCollectionService: stats => 1697972177352,142,4310,137,0,100
10-22 12:56:17.432  3957  6478 D SSRM:k  : SIOP:: AP = 320, PST = 295 (W:20), BAT = 248, USB = 0, CHG = 0
10-22 12:56:17.461   610   900 I BatteryMgr:DataCollectionService: stats => 1697972177461,142,4310,137,0,100
10-22 12:56:17.572   610   900 I BatteryMgr:DataCollectionService: stats => 1697972177571,142,4310,137,0,100
10-22 12:56:17.593  3957  4129 D WifiStateMachine:  ConnectedState !RSSI_PKTCNT_FETCH uid=1000 rt=578584176/1634559649 0 0 "ourhome" f4:6d:2f:12:cc:88 rssi=-45 f=5240 sc=60 link=433 tx=25.2, 1.6, 0.0  rx=41.7 bcn=371859 [on:0 tx:0 rx:0 period:1000] from screen [on:120518 period:652073] score=60
10-22 12:56:17.595  3957  4129 D WifiStateMachine:  L2ConnectedState !RSSI_PKTCNT_FETCH uid=1000 rt=578584179/1634559651 0 0 "ourhome" f4:6d:2f:12:cc:88 rssi=-45 f=5240 sc=60 link=433 tx=25.2, 1.6, 0.0  rx=41.7 bcn=371859 [on:0 tx:0 rx:0 period:2] from screen [on:120518 period:652075] score=60
10-22 12:56:17.601  3957  4129 D WifiStateMachine: fetchRssiLinkSpeedAndFrequencyNative rssi=-47 linkspeed=433 freq=5240
10-22 12:56:17.601  3957  4129 V WifiConfigManager: Updating scan detail cache freq=5240 BSSID=f4:6d:2f:12:cc:88 RSSI=-45 for "ourhome"WPA_PSK
10-22 12:56:17.683   610   900 I BatteryMgr:DataCollectionService: stats => 1697972177683,142,4310,137,0,100
10-22 12:56:17.769  4340  4731 D NetworkController.MobileSignalController(0/-2): onSignalStrengthsChanged signalStrength=SignalStrength: 23 99 -23 -200 -23 -200 -1 99 2147483647 2147483647 2147483647 2147483647 0 2147483647 0x4 P gsm|lte level=4
10-22 12:56:17.769  4340  4731 D NetworkController.MobileSignalController(0/-2): getMobileIconGroup(): 0
10-22 12:56:17.792   610   900 I BatteryMgr:DataCollectionService: stats => 1697972177792,142,4310,137,0,100
10-22 12:56:17.903   610   900 I BatteryMgr:DataCollectionService: stats => 1697972177903,142,4310,137,0,100
10-22 12:56:17.955  4961  4961 D io_stats: !@ 179,0 r 8666799 281819884 w 2018122 39900540 d 160435 36182488 f 619156 643294 iot 4012924 3472350 th 51200 0 0 pt 0 inp 0 0 578584.539
10-22 12:56:18.010   610   900 I BatteryMgr:DataCollectionService: stats => 1697972178010,142,4310,137,0,100
10-22 12:56:18.122   610   900 I BatteryMgr:DataCollectionService: stats => 1697972178121,142,4310,137,0,100
10-22 12:56:18.158  2479  2548 D ScanRecord: Not a Multi Manu data
10-22 12:56:18.207  2479  2548 I chatty  : uid=1002(bluetooth) BT Service Call identical 75 lines
10-22 12:56:18.207  2479  2548 D ScanRecord: Not a Multi Manu data
10-22 12:56:18.207  3957  4129 D WifiStateMachine:  ConnectedState !CMD_RSSI_POLL rt=578584790/1634560263 104 0 "ourhome" f4:6d:2f:12:cc:88 rssi=-47 f=5240 sc=60 link=433 tx=25.2, 1.6, 0.0  rx=41.7 bcn=371859 [on:0 tx:0 rx:0 period:612] from screen [on:120518 period:652687] score=60
10-22 12:56:18.210  3957  4129 D WifiStateMachine:  L2ConnectedState !CMD_RSSI_POLL rt=578584793/1634560266 104 0 "ourhome" f4:6d:2f:12:cc:88 rssi=-47 f=5240 sc=60 link=433 tx=25.2, 1.6, 0.0  rx=41.7 bcn=371859 [on:0 tx:0 rx:0 period:2] from screen [on:120518 period:652689] score=60
10-22 12:56:18.210  3957  4129 D WifiStateMachine:  get link layer stats 3
10-22 12:56:18.211  3436  3436 I android.hardware.wifi@1.0-service: getLinkLayerStats
10-22 12:56:18.216  3957  4129 D WifiStateMachine: fetchRssiLinkSpeedAndFrequencyNative rssi=-46 linkspeed=433 freq=5240
10-22 12:56:18.216  3957  4129 V WifiConfigManager: Updating scan detail cache freq=5240 BSSID=f4:6d:2f:12:cc:88 RSSI=-45 for "ourhome"WPA_PSK
10-22 12:56:18.224  4340  4340 E SignalClusterView: setSlotFocusVisible : subId -2
10-22 12:56:18.224  4340  4340 E SignalClusterView: setSlotFocusVisible : subId -2
10-22 12:56:18.230   610   900 I BatteryMgr:DataCollectionService: stats => 1697972178230,142,4310,137,0,100
10-22 12:56:18.231  2479  2548 D ScanRecord: Not a Multi Manu data
10-22 12:56:18.269  2479  2548 I chatty  : uid=1002(bluetooth) BT Service Call identical 42 lines
10-22 12:56:18.269  2479  2548 D ScanRecord: Not a Multi Manu data
10-22 12:56:18.276  3957  4128 D WifiService: getConnectionInfo uid=1000
10-22 12:56:18.291  2479  2548 D ScanRecord: Not a Multi Manu data
10-22 12:56:18.340  2479  2548 I chatty  : uid=1002(bluetooth) BT Service Call identical 53 lines
10-22 12:56:18.340  2479  2548 D ScanRecord: Not a Multi Manu data
10-22 12:56:18.341   610   900 I BatteryMgr:DataCollectionService: stats => 1697972178340,142,4310,137,0,100
10-22 12:56:18.346  2479  2548 D ScanRecord: Not a Multi Manu data
10-22 12:56:18.434  2479  2548 I chatty  : uid=1002(bluetooth) BT Service Call identical 130 lines
10-22 12:56:18.434  2479  2548 D ScanRecord: Not a Multi Manu data
10-22 12:56:18.451   610   900 I BatteryMgr:DataCollectionService: stats => 1697972178451,142,4310,137,0,100
10-22 12:56:18.453  2479  2548 D ScanRecord: Not a Multi Manu data
10-22 12:56:18.546  2479  2548 I chatty  : uid=1002(bluetooth) BT Service Call identical 53 lines
10-22 12:56:18.546  2479  2548 D ScanRecord: Not a Multi Manu data
10-22 12:56:18.563   610   900 I BatteryMgr:DataCollectionService: stats => 1697972178562,142,4310,137,0,100
10-22 12:56:18.564  2479  2548 D ScanRecord: Not a Multi Manu data
10-22 12:56:18.587  2479  2548 I chatty  : uid=1002(bluetooth) BT Service Call identical 53 lines
10-22 12:56:18.587  2479  2548 D ScanRecord: Not a Multi Manu data
10-22 12:56:18.595  3957  4129 D WifiStateMachine:  ConnectedState !RSSI_PKTCNT_FETCH uid=1000 rt=578585177/1634560650 0 0 "ourhome" f4:6d:2f:12:cc:88 rssi=-46 f=5240 sc=60 link=433 tx=11.1, 0.6, 0.0  rx=34.9 bcn=371888 [on:0 tx:0 rx:0 period:374] from screen [on:121515 period:653074] score=60
10-22 12:56:18.598  3957  4129 D WifiStateMachine:  L2ConnectedState !RSSI_PKTCNT_FETCH uid=1000 rt=578585181/1634560653 0 0 "ourhome" f4:6d:2f:12:cc:88 rssi=-46 f=5240 sc=60 link=433 tx=11.1, 0.6, 0.0  rx=34.9 bcn=371888 [on:0 tx:0 rx:0 period:4] from screen [on:121515 period:653078] score=60
10-22 12:56:18.600  3957  4129 D WifiStateMachine: fetchRssiLinkSpeedAndFrequencyNative rssi=-46 linkspeed=433 freq=5240
10-22 12:56:18.601  3957  4129 V WifiConfigManager: Updating scan detail cache freq=5240 BSSID=f4:6d:2f:12:cc:88 RSSI=-45 for "ourhome"WPA_PSK
10-22 12:56:18.613  2479  2548 D ScanRecord: Not a Multi Manu data
10-22 12:56:18.627  2479  2548 I chatty  : uid=1002(bluetooth) BT Service Call identical 31 lines
10-22 12:56:18.627  2479  2548 D ScanRecord: Not a Multi Manu data
10-22 12:56:18.673   610   900 I BatteryMgr:DataCollectionService: stats => 1697972178672,142,4310,137,0,100
10-22 12:56:18.780   610   900 I BatteryMgr:DataCollectionService: stats => 1697972178780,142,4310,137,0,100
10-22 12:56:18.886   610   900 I BatteryMgr:DataCollectionService: stats => 1697972178886,142,4310,137,0,100
10-22 12:56:18.995   610   900 I BatteryMgr:DataCollectionService: stats => 1697972178995,142,4310,137,0,100
10-22 12:56:19.104   610   900 I BatteryMgr:DataCollectionService: stats => 1697972179104,142,4310,137,0,100
10-22 12:56:19.213   610   900 I BatteryMgr:DataCollectionService: stats => 1697972179212,142,4310,137,0,100
10-22 12:56:19.278  3957  4128 D WifiService: getConnectionInfo uid=1000
10-22 12:56:19.321   610   900 I BatteryMgr:DataCollectionService: stats => 1697972179321,142,4310,137,0,100
10-22 12:56:19.433   610   900 I BatteryMgr:DataCollectionService: stats => 1697972179433,142,4310,137,0,100
10-22 12:56:19.542   610   900 I BatteryMgr:DataCollectionService: stats => 1697972179542,142,4310,137,0,100
10-22 12:56:19.596  3957  4129 D WifiStateMachine:  ConnectedState !RSSI_PKTCNT_FETCH uid=1000 rt=578586179/1634561651 0 0 "ourhome" f4:6d:2f:12:cc:88 rssi=-46 f=5240 sc=60 link=433 tx=11.1, 0.6, 0.0  rx=34.9 bcn=371888 [on:0 tx:0 rx:0 period:997] from screen [on:121515 period:654075] score=60
10-22 12:56:19.598  3957  4129 D WifiStateMachine:  L2ConnectedState !RSSI_PKTCNT_FETCH uid=1000 rt=578586182/1634561654 0 0 "ourhome" f4:6d:2f:12:cc:88 rssi=-46 f=5240 sc=60 link=433 tx=11.1, 0.6, 0.0  rx=34.9 bcn=371888 [on:0 tx:0 rx:0 period:2] from screen [on:121515 period:654077] score=60
10-22 12:56:19.606  3957  4129 D WifiStateMachine: fetchRssiLinkSpeedAndFrequencyNative rssi=-45 linkspeed=433 freq=5240
10-22 12:56:19.607  3957  4129 V WifiConfigManager: Updating scan detail cache freq=5240 BSSID=f4:6d:2f:12:cc:88 RSSI=-45 for "ourhome"WPA_PSK
10-22 12:56:19.653   610   900 I BatteryMgr:DataCollectionService: stats => 1697972179653,142,4310,137,0,100
10-22 12:56:19.762   610   900 I BatteryMgr:DataCollectionService: stats => 1697972179762,142,4310,137,0,100
10-22 12:56:19.873   610   900 I BatteryMgr:DataCollectionService: stats => 1697972179873,142,4310,137,0,100
10-22 12:56:19.982   610   900 I BatteryMgr:DataCollectionService: stats => 1697972179982,142,4310,137,0,100
10-22 12:56:20.094   610   900 I BatteryMgr:DataCollectionService: stats => 1697972180094,142,4310,137,0,100
10-22 12:56:20.217   610   900 I BatteryMgr:DataCollectionService: stats => 1697972180217,142,4310,137,0,100
10-22 12:56:20.256  1205  1245 I System.out: (HTTPLog)-Static: isSBSettingEnabled false
10-22 12:56:20.258  1205  1245 I System.out: (HTTPLog)-Static: isSBSettingEnabled false
10-22 12:56:20.281  3957  4128 D WifiService: getConnectionInfo uid=1000
10-22 12:56:20.325   610   900 I BatteryMgr:DataCollectionService: stats => 1697972180325,142,4310,137,0,100
10-22 12:56:20.436   610   900 I BatteryMgr:DataCollectionService: stats => 1697972180436,142,4310,137,0,100
10-22 12:56:20.546   610   900 I BatteryMgr:DataCollectionService: stats => 1697972180546,142,4310,137,0,100
10-22 12:56:20.597  3957  4129 D WifiStateMachine:  ConnectedState !RSSI_PKTCNT_FETCH uid=1000 rt=578587181/1634562653 0 0 "ourhome" f4:6d:2f:12:cc:88 rssi=-45 f=5240 sc=60 link=433 tx=11.1, 0.6, 0.0  rx=34.9 bcn=371888 [on:0 tx:0 rx:0 period:1000] from screen [on:121515 period:655077] score=60
10-22 12:56:20.600  3957  4129 D WifiStateMachine:  L2ConnectedState !RSSI_PKTCNT_FETCH uid=1000 rt=578587183/1634562656 0 0 "ourhome" f4:6d:2f:12:cc:88 rssi=-45 f=5240 sc=60 link=433 tx=11.1, 0.6, 0.0  rx=34.9 bcn=371888 [on:0 tx:0 rx:0 period:2] from screen [on:121515 period:655079] score=60
10-22 12:56:20.603  3957  4129 D WifiStateMachine: fetchRssiLinkSpeedAndFrequencyNative rssi=-45 linkspeed=433 freq=5240
10-22 12:56:20.603  3957  4129 V WifiConfigManager: Updating scan detail cache freq=5240 BSSID=f4:6d:2f:12:cc:88 RSSI=-45 for "ourhome"WPA_PSK
10-22 12:56:20.657   610   900 I BatteryMgr:DataCollectionService: stats => 1697972180656,142,4310,137,0,100
10-22 12:56:20.765   610   900 I BatteryMgr:DataCollectionService: stats => 1697972180765,142,4310,137,0,100
10-22 12:56:20.877   610   900 I BatteryMgr:DataCollectionService: stats => 1697972180877,142,4310,137,0,100
10-22 12:56:20.989   610   900 I BatteryMgr:DataCollectionService: stats => 1697972180989,142,4310,137,0,100
10-22 12:56:21.097   610   900 I BatteryMgr:DataCollectionService: stats => 1697972181097,142,4310,137,0,100
10-22 12:56:21.213   610   900 I BatteryMgr:DataCollectionService: stats => 1697972181212,142,4310,137,0,100
10-22 12:56:21.221  3957  4129 D WifiStateMachine:  ConnectedState !CMD_RSSI_POLL rt=578587804/1634563277 104 0 "ourhome" f4:6d:2f:12:cc:88 rssi=-45 f=5240 sc=60 link=433 tx=11.1, 0.6, 0.0  rx=34.9 bcn=371888 [on:0 tx:0 rx:0 period:622] from screen [on:121515 period:655701] score=60
10-22 12:56:21.227  3957  4129 D WifiStateMachine:  L2ConnectedState !CMD_RSSI_POLL rt=578587807/1634563280 104 0 "ourhome" f4:6d:2f:12:cc:88 rssi=-45 f=5240 sc=60 link=433 tx=11.1, 0.6, 0.0  rx=34.9 bcn=371888 [on:0 tx:0 rx:0 period:5] from screen [on:121515 period:655706] score=60
10-22 12:56:21.228  3957  4129 D WifiStateMachine:  get link layer stats 3
10-22 12:56:21.229  3436  3436 I android.hardware.wifi@1.0-service: getLinkLayerStats
10-22 12:56:21.243  3957  4129 D WifiStateMachine: fetchRssiLinkSpeedAndFrequencyNative rssi=-44 linkspeed=433 freq=5240
10-22 12:56:21.244  3957  4129 V WifiConfigManager: Updating scan detail cache freq=5240 BSSID=f4:6d:2f:12:cc:88 RSSI=-44 for "ourhome"WPA_PSK
10-22 12:56:21.249  4340  4340 E SignalClusterView: setSlotFocusVisible : subId -2
10-22 12:56:21.249  4340  4340 E SignalClusterView: setSlotFocusVisible : subId -2
10-22 12:56:21.283  3957  4128 D WifiService: getConnectionInfo uid=1000
10-22 12:56:21.323   610   900 I BatteryMgr:DataCollectionService: stats => 1697972181323,142,4310,137,0,100
10-22 12:56:21.437   610   900 I BatteryMgr:DataCollectionService: stats => 1697972181437,142,4310,137,0,100
10-22 12:56:21.545   610   900 I BatteryMgr:DataCollectionService: stats => 1697972181545,142,4310,137,0,100
10-22 12:56:21.598  3957  4129 D WifiStateMachine:  ConnectedState !RSSI_PKTCNT_FETCH uid=1000 rt=578588182/1634563654 0 0 "ourhome" f4:6d:2f:12:cc:88 rssi=-44 f=5240 sc=60 link=433 tx=4.7, 0.2, 0.0  rx=19.7 bcn=371916 [on:0 tx:0 rx:0 period:350] from screen [on:122301 period:656078] score=60
10-22 12:56:21.600  3957  4129 D WifiStateMachine:  L2ConnectedState !RSSI_PKTCNT_FETCH uid=1000 rt=578588184/1634563657 0 0 "ourhome" f4:6d:2f:12:cc:88 rssi=-44 f=5240 sc=60 link=433 tx=4.7, 0.2, 0.0  rx=19.7 bcn=371916 [on:0 tx:0 rx:0 period:2] from screen [on:122301 period:656080] score=60
10-22 12:56:21.607  3957  4129 D WifiStateMachine: fetchRssiLinkSpeedAndFrequencyNative rssi=-44 linkspeed=433 freq=5240
10-22 12:56:21.607  3957  4129 V WifiConfigManager: Updating scan detail cache freq=5240 BSSID=f4:6d:2f:12:cc:88 RSSI=-44 for "ourhome"WPA_PSK
10-22 12:56:21.648  3957  3972 D StorageManagerService: getExternalStorageMountMode : 1
10-22 12:56:21.649  3957  3972 D StorageManagerService: getExternalStorageMountMode : 3
10-22 12:56:21.650  3957  3972 D StorageManagerService: getExternalStorageMountMode : final mountMode=1, uid : 10075, packageName : com.google.android.googlequicksearchbox
10-22 12:56:21.651  3957  3972 I ApplicationPolicy: isApplicationExternalStorageWhitelisted:com.google.android.googlequicksearchbox user:0
10-22 12:56:21.652  3957  3972 D ApplicationPolicy: isApplicationExternalStorageWhitelisted: DO is not enabled on user 0. Allowed.
10-22 12:56:21.652  3957  3972 D ActivityManager: package  com.google.android.googlequicksearchbox, user - 0 is SDcard whitelisted
10-22 12:56:21.652  3957  3972 I ApplicationPolicy: isApplicationExternalStorageBlacklisted:com.google.android.googlequicksearchbox user:0
10-22 12:56:21.652  3957  3972 D ApplicationPolicy: isApplicationExternalStorageBlacklisted: DO is not enabled on user 0. Allowed.
10-22 12:56:21.687  1495  1495 E Zygote  : isWhitelistProcess - Process is Whitelisted
10-22 12:56:21.689  3957  3972 I ActivityManager: Start proc 1495:com.google.android.googlequicksearchbox:search/u0a75 for service com.google.android.googlequicksearchbox/com.google.android.apps.gsa.shared.util.keepalive.StandaloneKeepAlive$KeepAliveService
10-22 12:56:21.689  1495  1495 E libpersona: scanKnoxPersonas
10-22 12:56:21.689  1495  1495 E libpersona: Couldn't open the File - /data/system/users/0/personalist.xml - No such file or directory
10-22 12:56:21.695  1495  1495 W SELinux : SELinux selinux_android_compute_policy_index : Policy Index[2],  Con:u:r:zygote:s0 RAM:SEPF_SM-J720F_8.0.0_0002, [-1 -1 -1 -1 0 1]
10-22 12:56:21.697   610   900 I BatteryMgr:DataCollectionService: stats => 1697972181696,142,4310,137,0,100
10-22 12:56:21.697  1495  1495 I SELinux : SELinux: seapp_context_lookup: seinfo=untrusted, level=s0:c512,c768, pkgname=com.google.android.googlequicksearchbox:search 
10-22 12:56:21.750  1495  1495 D TimaKeyStoreProvider: TimaKeyStore is not enabled: cannot add TimaSignature Service and generateKeyPair Service
10-22 12:56:21.750  1495  1495 D ActivityThread: Added TimaKeyStore provider
10-22 12:56:21.754  3957  7899 I ActivityManager: DSS on for com.google.android.googlequicksearchbox and scale is 1.0
10-22 12:56:21.806   610   900 I BatteryMgr:DataCollectionService: stats => 1697972181806,142,4310,137,0,100
10-22 12:56:21.828  1495  1495 I zygote64: no shared libraies, dex_files: 1
10-22 12:56:21.915   610   900 I BatteryMgr:DataCollectionService: stats => 1697972181915,142,4310,137,0,100
10-22 12:56:22.026   610   900 I BatteryMgr:DataCollectionService: stats => 1697972182025,142,4310,137,0,100
10-22 12:56:22.135   610   900 I BatteryMgr:DataCollectionService: stats => 1697972182135,142,4310,137,0,100
10-22 12:56:22.206  1495  1495 W ResourceType: ResTable_typeSpec entry count inconsistent: given 3216, previously 8242
10-22 12:56:22.206  1495  1495 W ResourceType: ResTable_typeSpec entry count inconsistent: given 5124, previously 5123
10-22 12:56:22.208  1495  1495 W ResourceType: ResTable_typeSpec entry count inconsistent: given 457, previously 4879
10-22 12:56:22.244   610   900 I BatteryMgr:DataCollectionService: stats => 1697972182244,142,4310,137,0,100
10-22 12:56:22.289  3957  4128 D WifiService: getConnectionInfo uid=1000
10-22 12:56:22.356   610   900 I BatteryMgr:DataCollectionService: stats => 1697972182356,142,4310,137,0,100
10-22 12:56:22.466   610   900 I BatteryMgr:DataCollectionService: stats => 1697972182466,142,4310,137,0,100
10-22 12:56:22.552  1495  1495 I MultiDex: VM with version 2.1.0 has multidex support
10-22 12:56:22.555  1495  1495 I MultiDex: Installing application
10-22 12:56:22.555  1495  1495 I MultiDex: VM has multidex support, MultiDex support library is disabled.
10-22 12:56:22.578   610   900 I BatteryMgr:DataCollectionService: stats => 1697972182578,142,4310,137,0,100
10-22 12:56:22.600  3957  4129 D WifiStateMachine:  ConnectedState !RSSI_PKTCNT_FETCH uid=1000 rt=578589182/1634564655 0 0 "ourhome" f4:6d:2f:12:cc:88 rssi=-44 f=5240 sc=60 link=433 tx=4.7, 0.2, 0.0  rx=19.7 bcn=371916 [on:0 tx:0 rx:0 period:999] from screen [on:122301 period:657079] score=60
10-22 12:56:22.602  3957  4129 D WifiStateMachine:  L2ConnectedState !RSSI_PKTCNT_FETCH uid=1000 rt=578589185/1634564658 0 0 "ourhome" f4:6d:2f:12:cc:88 rssi=-44 f=5240 sc=60 link=433 tx=4.7, 0.2, 0.0  rx=19.7 bcn=371916 [on:0 tx:0 rx:0 period:3] from screen [on:122301 period:657082] score=60
10-22 12:56:22.609  3957  4129 D WifiStateMachine: fetchRssiLinkSpeedAndFrequencyNative rssi=-45 linkspeed=433 freq=5240
10-22 12:56:22.609  3957  4129 V WifiConfigManager: Updating scan detail cache freq=5240 BSSID=f4:6d:2f:12:cc:88 RSSI=-44 for "ourhome"WPA_PSK
10-22 12:56:22.692   610   900 I BatteryMgr:DataCollectionService: stats => 1697972182692,142,4310,137,0,100
10-22 12:56:22.705  3957  7899 W StorageManager: getStorageLowBytes lowPercent : 5, lowBytes : 1260145254, maxLowBytes : 524288000
10-22 12:56:22.801   610   900 I BatteryMgr:DataCollectionService: stats => 1697972182800,142,4310,137,0,100
10-22 12:56:22.908   610   900 I BatteryMgr:DataCollectionService: stats => 1697972182908,142,4310,137,0,100
10-22 12:56:22.957  4961  4961 D io_stats: !@ 179,0 r 8667894 281878428 w 2018141 39900700 d 160436 36182492 f 619156 643296 iot 4013588 3472928 th 51200 0 0 pt 0 inp 0 0 578589.542
10-22 12:56:23.016   610   900 I BatteryMgr:DataCollectionService: stats => 1697972183016,142,4310,137,0,100
10-22 12:56:23.068 23612 23612 D BoundBrokerSvc: onBind: Intent { act=com.google.android.gms.phenotype.service.START pkg=com.google.android.gms }
10-22 12:56:23.068 23612 23612 D BoundBrokerSvc: Loading bound service for intent: Intent { act=com.google.android.gms.phenotype.service.START pkg=com.google.android.gms }
10-22 12:56:23.123   610   900 I BatteryMgr:DataCollectionService: stats => 1697972183123,142,4310,137,0,100
10-22 12:56:23.154  2479  2548 D ScanRecord: Not a Multi Manu data
10-22 12:56:23.202  2479  2548 I chatty  : uid=1002(bluetooth) BT Service Call identical 53 lines
10-22 12:56:23.202  2479  2548 D ScanRecord: Not a Multi Manu data
10-22 12:56:23.213  1495  1495 I A       : Initializing GMS Compliance Client Library...
10-22 12:56:23.213  2479  2548 D ScanRecord: Not a Multi Manu data
10-22 12:56:23.221  2479  2548 I chatty  : uid=1002(bluetooth) BT Service Call identical 20 lines
10-22 12:56:23.221  2479  2548 D ScanRecord: Not a Multi Manu data
10-22 12:56:23.221  1495  1495 I A       : Checking for device compliance...
10-22 12:56:23.224  1495  1495 I A       : Completed library init.
10-22 12:56:23.227  2479  2548 D ScanRecord: Not a Multi Manu data
10-22 12:56:23.227  2479  2548 I chatty  : uid=1002(bluetooth) BT Service Call identical 9 lines
10-22 12:56:23.227  2479  2548 D ScanRecord: Not a Multi Manu data
10-22 12:56:23.237   610   900 I BatteryMgr:DataCollectionService: stats => 1697972183237,142,4310,137,0,100
10-22 12:56:23.239  2479  2548 D ScanRecord: Not a Multi Manu data
10-22 12:56:23.286  2479  2548 I chatty  : uid=1002(bluetooth) BT Service Call identical 64 lines
10-22 12:56:23.286  2479  2548 D ScanRecord: Not a Multi Manu data
10-22 12:56:23.291  3957  4128 D WifiService: getConnectionInfo uid=1000
10-22 12:56:23.299  2479  2548 D ScanRecord: Not a Multi Manu data
10-22 12:56:23.316  2479  2548 I chatty  : uid=1002(bluetooth) BT Service Call identical 31 lines
10-22 12:56:23.316  2479  2548 D ScanRecord: Not a Multi Manu data
10-22 12:56:23.320  1495  1522 I A       : (REDACTED) Device Compliance Fetch time taken = %sms
10-22 12:56:23.320  1495  1522 I A       : Device is compliant!
10-22 12:56:23.320  1495  1522 I A       : Invoking "compliant" action...
10-22 12:56:23.330  2479  2548 D ScanRecord: Not a Multi Manu data
10-22 12:56:23.341  2479  2548 I chatty  : uid=1002(bluetooth) BT Service Call identical 42 lines
10-22 12:56:23.342  2479  2548 D ScanRecord: Not a Multi Manu data
10-22 12:56:23.344   610   900 I BatteryMgr:DataCollectionService: stats => 1697972183344,142,4310,137,0,100
10-22 12:56:23.345  2479  2548 D ScanRecord: Not a Multi Manu data
10-22 12:56:23.454  2479  2548 I chatty  : uid=1002(bluetooth) BT Service Call identical 152 lines
10-22 12:56:23.454  2479  2548 D ScanRecord: Not a Multi Manu data
10-22 12:56:23.456   610   900 I BatteryMgr:DataCollectionService: stats => 1697972183456,142,4310,137,0,100
10-22 12:56:23.457  2479  2548 D ScanRecord: Not a Multi Manu data
10-22 12:56:23.557  2479  2548 I chatty  : uid=1002(bluetooth) BT Service Call identical 119 lines
10-22 12:56:23.557  2479  2548 D ScanRecord: Not a Multi Manu data
10-22 12:56:23.564   610   900 I BatteryMgr:DataCollectionService: stats => 1697972183564,142,4310,137,0,100
10-22 12:56:23.566  2479  2548 D ScanRecord: Not a Multi Manu data
10-22 12:56:23.594  2479  2548 I chatty  : uid=1002(bluetooth) BT Service Call identical 42 lines
10-22 12:56:23.594  2479  2548 D ScanRecord: Not a Multi Manu data
10-22 12:56:23.601  3957  4129 D WifiStateMachine:  ConnectedState !RSSI_PKTCNT_FETCH uid=1000 rt=578590184/1634565657 0 0 "ourhome" f4:6d:2f:12:cc:88 rssi=-45 f=5240 sc=60 link=433 tx=4.7, 0.2, 0.0  rx=19.7 bcn=371916 [on:0 tx:0 rx:0 period:998] from screen [on:122301 period:658080] score=60
10-22 12:56:23.601  2479  2548 D ScanRecord: Not a Multi Manu data
10-22 12:56:23.601  2479  2548 I chatty  : uid=1002(bluetooth) BT Service Call identical 9 lines
10-22 12:56:23.601  2479  2548 D ScanRecord: Not a Multi Manu data
10-22 12:56:23.604  3957  4129 D WifiStateMachine:  L2ConnectedState !RSSI_PKTCNT_FETCH uid=1000 rt=578590186/1634565659 0 0 "ourhome" f4:6d:2f:12:cc:88 rssi=-45 f=5240 sc=60 link=433 tx=4.7, 0.2, 0.0  rx=19.7 bcn=371916 [on:0 tx:0 rx:0 period:3] from screen [on:122301 period:658083] score=60
10-22 12:56:23.606  3957  4129 D WifiStateMachine: fetchRssiLinkSpeedAndFrequencyNative rssi=-45 linkspeed=433 freq=5240
10-22 12:56:23.606  3957  4129 V WifiConfigManager: Updating scan detail cache freq=5240 BSSID=f4:6d:2f:12:cc:88 RSSI=-44 for "ourhome"WPA_PSK
10-22 12:56:23.610  2479  2548 D ScanRecord: Not a Multi Manu data
10-22 12:56:23.623  2479  2548 I chatty  : uid=1002(bluetooth) BT Service Call identical 31 lines
10-22 12:56:23.623  2479  2548 D ScanRecord: Not a Multi Manu data
10-22 12:56:23.674   610   900 I BatteryMgr:DataCollectionService: stats => 1697972183674,142,4310,137,0,100
10-22 12:56:23.785   610   900 I BatteryMgr:DataCollectionService: stats => 1697972183785,142,4310,137,0,100
10-22 12:56:23.900   610   900 I BatteryMgr:DataCollectionService: stats => 1697972183900,142,4310,137,0,100
10-22 12:56:24.005   610   900 I BatteryMgr:DataCollectionService: stats => 1697972184005,142,4310,137,0,100
10-22 12:56:24.115   610   900 I BatteryMgr:DataCollectionService: stats => 1697972184114,142,4310,137,0,100
10-22 12:56:24.226   610   900 I BatteryMgr:DataCollectionService: stats => 1697972184226,142,4310,137,0,100
10-22 12:56:24.248  3957  4129 D WifiStateMachine:  ConnectedState !CMD_RSSI_POLL rt=578590831/1634566304 104 0 "ourhome" f4:6d:2f:12:cc:88 rssi=-45 f=5240 sc=60 link=433 tx=4.7, 0.2, 0.0  rx=19.7 bcn=371916 [on:0 tx:0 rx:0 period:644] from screen [on:122301 period:658727] score=60
10-22 12:56:24.251  3957  4129 D WifiStateMachine:  L2ConnectedState !CMD_RSSI_POLL rt=578590833/1634566306 104 0 "ourhome" f4:6d:2f:12:cc:88 rssi=-45 f=5240 sc=60 link=433 tx=4.7, 0.2, 0.0  rx=19.7 bcn=371916 [on:0 tx:0 rx:0 period:3] from screen [on:122301 period:658730] score=60
10-22 12:56:24.251  3957  4129 D WifiStateMachine:  get link layer stats 3
10-22 12:56:24.251  3436  3436 I android.hardware.wifi@1.0-service: getLinkLayerStats
10-22 12:56:24.271  3957  4129 D WifiStateMachine: fetchRssiLinkSpeedAndFrequencyNative rssi=-44 linkspeed=433 freq=5240
10-22 12:56:24.271  3957  4129 V WifiConfigManager: Updating scan detail cache freq=5240 BSSID=f4:6d:2f:12:cc:88 RSSI=-44 for "ourhome"WPA_PSK
10-22 12:56:24.277  4340  4340 E SignalClusterView: setSlotFocusVisible : subId -2
10-22 12:56:24.277  4340  4340 E SignalClusterView: setSlotFocusVisible : subId -2
10-22 12:56:24.294  3957  4128 D WifiService: getConnectionInfo uid=1000
10-22 12:56:24.336   610   900 I BatteryMgr:DataCollectionService: stats => 1697972184336,142,4310,137,0,100
10-22 12:56:24.447   610   900 I BatteryMgr:DataCollectionService: stats => 1697972184447,142,4310,137,0,100
10-22 12:56:24.558   610   900 I BatteryMgr:DataCollectionService: stats => 1697972184557,142,4310,137,0,100
10-22 12:56:24.602  3957  4129 D WifiStateMachine:  ConnectedState !RSSI_PKTCNT_FETCH uid=1000 rt=578591185/1634566658 0 0 "ourhome" f4:6d:2f:12:cc:88 rssi=-44 f=5240 sc=60 link=433 tx=1.7, 0.1, 0.0  rx=9.7 bcn=371945 [on:0 tx:0 rx:0 period:327] from screen [on:122532 period:659082] score=60
10-22 12:56:24.606  3957  4129 D WifiStateMachine:  L2ConnectedState !RSSI_PKTCNT_FETCH uid=1000 rt=578591188/1634566661 0 0 "ourhome" f4:6d:2f:12:cc:88 rssi=-44 f=5240 sc=60 link=433 tx=1.7, 0.1, 0.0  rx=9.7 bcn=371945 [on:0 tx:0 rx:0 period:3] from screen [on:122532 period:659085] score=60
10-22 12:56:24.608  3957  4129 D WifiStateMachine: fetchRssiLinkSpeedAndFrequencyNative rssi=-44 linkspeed=433 freq=5240
10-22 12:56:24.608  3957  4129 V WifiConfigManager: Updating scan detail cache freq=5240 BSSID=f4:6d:2f:12:cc:88 RSSI=-44 for "ourhome"WPA_PSK
10-22 12:56:24.667   610   900 I BatteryMgr:DataCollectionService: stats => 1697972184666,142,4310,137,0,100
10-22 12:56:24.779   610   900 I BatteryMgr:DataCollectionService: stats => 1697972184779,142,4310,137,0,100
10-22 12:56:24.887   610   900 I BatteryMgr:DataCollectionService: stats => 1697972184887,142,4310,137,0,100
10-22 12:56:24.994   610   900 I BatteryMgr:DataCollectionService: stats => 1697972184994,142,4310,137,0,100
10-22 12:56:25.102   610   900 I BatteryMgr:DataCollectionService: stats => 1697972185102,142,4310,137,0,100
10-22 12:56:25.213   610   900 I BatteryMgr:DataCollectionService: stats => 1697972185212,142,4310,137,0,100
10-22 12:56:25.265  1205  1245 I System.out: (HTTPLog)-Static: isSBSettingEnabled false
10-22 12:56:25.265  1205  1245 I System.out: (HTTPLog)-Static: isSBSettingEnabled false
10-22 12:56:25.296  3957  4128 D WifiService: getConnectionInfo uid=1000
10-22 12:56:25.324   610   900 I BatteryMgr:DataCollectionService: stats => 1697972185323,142,4310,137,0,100
10-22 12:56:25.433   610   900 I BatteryMgr:DataCollectionService: stats => 1697972185433,142,4310,137,0,100
10-22 12:56:25.543   610   900 I BatteryMgr:DataCollectionService: stats => 1697972185543,142,4310,137,0,100
10-22 12:56:25.604  3957  4129 D WifiStateMachine:  ConnectedState !RSSI_PKTCNT_FETCH uid=1000 rt=578592187/1634567660 0 0 "ourhome" f4:6d:2f:12:cc:88 rssi=-44 f=5240 sc=60 link=433 tx=1.7, 0.1, 0.0  rx=9.7 bcn=371945 [on:0 tx:0 rx:0 period:998] from screen [on:122532 period:660083] score=60
10-22 12:56:25.608  3957  4129 D WifiStateMachine:  L2ConnectedState !RSSI_PKTCNT_FETCH uid=1000 rt=578592190/1634567662 0 0 "ourhome" f4:6d:2f:12:cc:88 rssi=-44 f=5240 sc=60 link=433 tx=1.7, 0.1, 0.0  rx=9.7 bcn=371945 [on:0 tx:0 rx:0 period:4] from screen [on:122532 period:660087] score=60
10-22 12:56:25.615  3957  4129 D WifiStateMachine: fetchRssiLinkSpeedAndFrequencyNative rssi=-45 linkspeed=433 freq=5240
10-22 12:56:25.615  3957  4129 V WifiConfigManager: Updating scan detail cache freq=5240 BSSID=f4:6d:2f:12:cc:88 RSSI=-44 for "ourhome"WPA_PSK
10-22 12:56:25.653   610   900 I BatteryMgr:DataCollectionService: stats => 1697972185653,142,4310,137,0,100
10-22 12:56:25.763   610   900 I BatteryMgr:DataCollectionService: stats => 1697972185763,142,4310,137,0,100
10-22 12:56:25.876   610   900 I BatteryMgr:DataCollectionService: stats => 1697972185875,142,4310,137,0,100
10-22 12:56:25.901  3957  4030 D SensorService: [SO] 0.297 0.077 9.965
10-22 12:56:25.986   610   900 I BatteryMgr:DataCollectionService: stats => 1697972185986,142,4310,137,0,100
10-22 12:56:26.097   610   900 I BatteryMgr:DataCollectionService: stats => 1697972186097,142,4310,137,0,100
10-22 12:56:26.207   610   900 I BatteryMgr:DataCollectionService: stats => 1697972186207,131,4310,122,0,100
10-22 12:56:26.298  3957  4128 D WifiService: getConnectionInfo uid=1000
10-22 12:56:26.318   610   900 I BatteryMgr:DataCollectionService: stats => 1697972186318,131,4310,122,0,100
10-22 12:56:26.429   610   900 I BatteryMgr:DataCollectionService: stats => 1697972186428,131,4310,122,0,100
10-22 12:56:26.537   610   900 I BatteryMgr:DataCollectionService: stats => 1697972186536,131,4310,122,0,100
10-22 12:56:26.608  3957  4129 D WifiStateMachine:  ConnectedState !RSSI_PKTCNT_FETCH uid=1000 rt=578593188/1634568661 0 0 "ourhome" f4:6d:2f:12:cc:88 rssi=-45 f=5240 sc=60 link=433 tx=1.7, 0.1, 0.0  rx=9.7 bcn=371945 [on:0 tx:0 rx:0 period:1000] from screen [on:122532 period:661087] score=60
10-22 12:56:26.611  3957  4129 D WifiStateMachine:  L2ConnectedState !RSSI_PKTCNT_FETCH uid=1000 rt=578593194/1634568666 0 0 "ourhome" f4:6d:2f:12:cc:88 rssi=-45 f=5240 sc=60 link=433 tx=1.7, 0.1, 0.0  rx=9.7 bcn=371945 [on:0 tx:0 rx:0 period:4] from screen [on:122532 period:661091] score=60
10-22 12:56:26.618  3957  4129 D WifiStateMachine: fetchRssiLinkSpeedAndFrequencyNative rssi=-45 linkspeed=433 freq=5240
10-22 12:56:26.618  3957  4129 V WifiConfigManager: Updating scan detail cache freq=5240 BSSID=f4:6d:2f:12:cc:88 RSSI=-44 for "ourhome"WPA_PSK
10-22 12:56:26.646   610   900 I BatteryMgr:DataCollectionService: stats => 1697972186646,131,4310,122,0,100
10-22 12:56:26.758   610   900 I BatteryMgr:DataCollectionService: stats => 1697972186758,131,4310,122,0,100
10-22 12:56:26.865   610   900 I BatteryMgr:DataCollectionService: stats => 1697972186865,131,4310,122,0,100
10-22 12:56:26.975   610   900 I BatteryMgr:DataCollectionService: stats => 1697972186975,131,4310,122,0,100
10-22 12:56:27.002  3957  9632 D BatteryService: !@BatteryListener : batteryPropertiesChanged!
10-22 12:56:27.081   610   900 I BatteryMgr:DataCollectionService: stats => 1697972187081,131,4310,122,0,100
10-22 12:56:27.189   610   900 I BatteryMgr:DataCollectionService: stats => 1697972187188,131,4310,122,0,100
10-22 12:56:27.276  3957  4129 D WifiStateMachine:  ConnectedState !CMD_RSSI_POLL rt=578593858/1634569331 104 0 "ourhome" f4:6d:2f:12:cc:88 rssi=-45 f=5240 sc=60 link=433 tx=1.7, 0.1, 0.0  rx=9.7 bcn=371945 [on:0 tx:0 rx:0 period:665] from screen [on:122532 period:661756] score=60
10-22 12:56:27.277  3957  4129 D WifiStateMachine:  L2ConnectedState !CMD_RSSI_POLL rt=578593862/1634569334 104 0 "ourhome" f4:6d:2f:12:cc:88 rssi=-45 f=5240 sc=60 link=433 tx=1.7, 0.1, 0.0  rx=9.7 bcn=371945 [on:0 tx:0 rx:0 period:1] from screen [on:122532 period:661757] score=60
10-22 12:56:27.278  3957  4129 D WifiStateMachine:  get link layer stats 3
10-22 12:56:27.278  3436  3436 I android.hardware.wifi@1.0-service: getLinkLayerStats
10-22 12:56:27.283  3957  4129 D WifiStateMachine: fetchRssiLinkSpeedAndFrequencyNative rssi=-46 linkspeed=433 freq=5240
10-22 12:56:27.283  3957  4129 V WifiConfigManager: Updating scan detail cache freq=5240 BSSID=f4:6d:2f:12:cc:88 RSSI=-45 for "ourhome"WPA_PSK
10-22 12:56:27.289  4340  4340 E SignalClusterView: setSlotFocusVisible : subId -2
10-22 12:56:27.289  4340  4340 E SignalClusterView: setSlotFocusVisible : subId -2
10-22 12:56:27.298   610   900 I BatteryMgr:DataCollectionService: stats => 1697972187298,131,4310,122,0,100
10-22 12:56:27.302  3957  4128 D WifiService: getConnectionInfo uid=1000
10-22 12:56:27.413   610   900 I BatteryMgr:DataCollectionService: stats => 1697972187412,131,4310,122,0,100
10-22 12:56:27.460  3957  6478 D SSRM:k  : SIOP:: AP = 320, PST = 296 (W:22), BAT = 248, USB = 0, CHG = 0
10-22 12:56:27.524   610   900 I BatteryMgr:DataCollectionService: stats => 1697972187524,131,4310,122,0,100
10-22 12:56:27.605  3957  4129 D WifiStateMachine:  ConnectedState !RSSI_PKTCNT_FETCH uid=1000 rt=578594189/1634569662 0 0 "ourhome" f4:6d:2f:12:cc:88 rssi=-46 f=5240 sc=60 link=433 tx=2.5, 0.0, 0.0  rx=10.5 bcn=371975 [on:0 tx:0 rx:0 period:318] from screen [on:123349 period:662085] score=60
10-22 12:56:27.607  3957  4129 D WifiStateMachine:  L2ConnectedState !RSSI_PKTCNT_FETCH uid=1000 rt=578594191/1634569664 0 0 "ourhome" f4:6d:2f:12:cc:88 rssi=-46 f=5240 sc=60 link=433 tx=2.5, 0.0, 0.0  rx=10.5 bcn=371975 [on:0 tx:0 rx:0 period:2] from screen [on:123349 period:662087] score=60
10-22 12:56:27.614  3957  4129 D WifiStateMachine: fetchRssiLinkSpeedAndFrequencyNative rssi=-46 linkspeed=433 freq=5240
10-22 12:56:27.614  3957  4129 V WifiConfigManager: Updating scan detail cache freq=5240 BSSID=f4:6d:2f:12:cc:88 RSSI=-45 for "ourhome"WPA_PSK
10-22 12:56:27.635   610   900 I BatteryMgr:DataCollectionService: stats => 1697972187635,131,4310,122,0,100
10-22 12:56:27.746   610   900 I BatteryMgr:DataCollectionService: stats => 1697972187746,131,4310,122,0,100
10-22 12:56:27.856   610   900 I BatteryMgr:DataCollectionService: stats => 1697972187855,131,4310,122,0,100
