10-22 13:02:34.543  3957 14904 D WifiService: getConnectionInfo uid=1000
10-22 13:02:34.549  3957  5416 D ConnectivityService: filterNetworkStateForUid() uid: 10169 networkInfo: [type: WIFI[] - WIFI, state: CONNECTED/CONNECTED, reason: (unspecified), extra: "ourhome", failover: false, available: true, roaming: false, metered: false]
10-22 13:02:34.549  3957  5416 D WifiService: getConnectionInfo uid=1000
10-22 13:02:34.556  3957  8661 D ConnectivityService: filterNetworkStateForUid() uid: 10169 networkInfo: [type: WIFI[] - WIFI, state: CONNECTED/CONNECTED, reason: (unspecified), extra: "ourhome", failover: false, available: true, roaming: false, metered: false]
10-22 13:02:34.556  3957  8661 D WifiService: getConnectionInfo uid=1000
10-22 13:02:34.560  3599  3918 D DnsProxyListener: DNSDBG::dns addrinfo af 0
10-22 13:02:34.562  3957 14957 D ConnectivityService: filterNetworkStateForUid() uid: 10169 networkInfo: [type: WIFI[] - WIFI, state: CONNECTED/CONNECTED, reason: (unspecified), extra: "ourhome", failover: false, available: true, roaming: false, metered: false]
10-22 13:02:34.562  3957 14957 D WifiService: getConnectionInfo uid=1000
10-22 13:02:34.566  2003  2123 W Settings: Setting download_manager_max_bytes_over_mobile has moved from android.provider.Settings.Secure to android.provider.Settings.Global.
10-22 13:02:34.569  3957  8661 D ConnectivityService: filterNetworkStateForUid() uid: 10169 networkInfo: [type: WIFI[] - WIFI, state: CONNECTED/CONNECTED, reason: (unspecified), extra: "ourhome", failover: false, available: true, roaming: false, metered: false]
10-22 13:02:34.569  3957  8661 D WifiService: getConnectionInfo uid=1000
10-22 13:02:34.569  3599  3918 D DnsProxyListener: DNSDBG::dns addrinfo af 0
10-22 13:02:34.573  2003  2193 D ConnectivityManager: requestNetwork; CallingUid : 10044, CallingPid : 2003
10-22 13:02:34.574  3957 14957 D ConnectivityService: filterNetworkStateForUid() uid: 10169 networkInfo: [type: WIFI[] - WIFI, state: CONNECTED/CONNECTED, reason: (unspecified), extra: "ourhome", failover: false, available: true, roaming: false, metered: false]
10-22 13:02:34.574  3957 14957 D WifiService: getConnectionInfo uid=1000
10-22 13:02:34.575  2003  2123 I Finsky  : [19842] vob.j(33): SettingNotFoundException, fall through to G.downloadBytesOverMobileMaximum
10-22 13:02:34.579  2003  2123 W Settings: Setting download_manager_recommended_max_bytes_over_mobile has moved from android.provider.Settings.Secure to android.provider.Settings.Global.
10-22 13:02:34.580  3599  3918 D DnsProxyListener: DNSDBG::dns addrinfo af 0
10-22 13:02:34.580  3957 14957 D ConnectivityService: filterNetworkStateForUid() uid: 10169 networkInfo: [type: WIFI[] - WIFI, state: CONNECTED/CONNECTED, reason: (unspecified), extra: "ourhome", failover: false, available: true, roaming: false, metered: false]
10-22 13:02:34.580  3957 14957 D WifiService: getConnectionInfo uid=1000
10-22 13:02:34.584  2003  2123 I Finsky  : [19842] vob.i(31): SettingNotFoundException, fall through to G.downloadBytesOverMobileRecommended
10-22 13:02:34.589  3957 14957 D ConnectivityService: listenForNetwork for uid/pid:10044/2003 NetworkRequest [ LISTEN id=1967, [ Capabilities: INTERNET&NOT_RESTRICTED&TRUSTED] ]
10-22 13:02:34.590  2003  2121 W linker  : "/data/app/com.android.vending-hPcCrQG-AfN-9-S7PUJzHA==/split_config.arm64_v8a.apk!/lib/arm64-v8a/libcronet.114.0.5735.84.so" unused DT entry: type 0x70000001 arg 0x0
10-22 13:02:34.591  3957  4157 D ConnectivityService: rematching NetworkAgentInfo [WIFI () - 509]
10-22 13:02:34.591  3957  4157 D ConnectivityService:  network has: [ Transports: WIFI Capabilities: NOT_METERED&INTERNET&NOT_RESTRICTED&TRUSTED&NOT_VPN&VALIDATED&FOREGROUND LinkUpBandwidth>=1048576Kbps LinkDnBandwidth>=1048576Kbps SignalStrength: -43]
10-22 13:02:34.591  3957  4157 D ConnectivityService: Network NetworkAgentInfo [WIFI () - 509] was already satisfying request 1. No change.
10-22 13:02:34.591  3957  4157 D ConnectivityService: Network NetworkAgentInfo [WIFI () - 509] was already satisfying request 1964. No change.
10-22 13:02:34.591  3957  4157 D ConnectivityService: Network NetworkAgentInfo [WIFI () - 509] was already satisfying request 1966. No change.
10-22 13:02:34.591  3957  4157 D ConnectivityService: Network NetworkAgentInfo [WIFI () - 509] was already satisfying request 3. No change.
10-22 13:02:34.592  3957  4157 D ConnectivityService: sending notification AVAILABLE for NetworkRequest [ LISTEN id=1967, [ Capabilities: INTERNET&NOT_RESTRICTED&TRUSTED] ]
10-22 13:02:34.592  3957  4157 D ConnectivityService: sending notification CAP_CHANGED for NetworkRequest [ LISTEN id=1967, [ Capabilities: INTERNET&NOT_RESTRICTED&TRUSTED] ]
10-22 13:02:34.592  3957  4157 D ConnectivityService: sending notification IP_CHANGED for NetworkRequest [ LISTEN id=1967, [ Capabilities: INTERNET&NOT_RESTRICTED&TRUSTED] ]
10-22 13:02:34.596  3957 14957 D ConnectivityService: filterNetworkStateForUid() uid: 10044 networkInfo: [type: WIFI[] - WIFI, state: CONNECTED/CONNECTED, reason: (unspecified), extra: "ourhome", failover: false, available: true, roaming: false, metered: false]
10-22 13:02:34.597  3957 14957 D WifiService: getConnectionInfo uid=1000
10-22 13:02:34.598  1743  2041 I BatteryMgr:DataCollectionService: stats => 1697972554597,-301,4310,67,0,100
10-22 13:02:34.613  2003  2123 I Finsky  : [19842] andp.d(7): registerListener
10-22 13:02:34.616  3957  9774 D ConnectivityService: filterNetworkStateForUid() uid: 10044 networkInfo: [type: WIFI[] - WIFI, state: CONNECTED/CONNECTED, reason: (unspecified), extra: "ourhome", failover: false, available: true, roaming: false, metered: false]
10-22 13:02:34.616  3957  9774 D WifiService: getConnectionInfo uid=1000
10-22 13:02:34.623  2003  2123 I Finsky  : [19842] andp.d(7): registerListener
10-22 13:02:34.643  2003  2124 I Finsky  : [19843] tgf.s(77): Enqueuing libraries load for 1276001251
10-22 13:02:34.643  2003  2187 I Finsky  : [19862] tgf.t(14): Starting libraries load for 1276001251
10-22 13:02:34.646  3957  9774 D ConnectivityService: filterNetworkStateForUid() uid: 10169 networkInfo: [type: WIFI[] - WIFI, state: CONNECTED/CONNECTED, reason: (unspecified), extra: "ourhome", failover: false, available: true, roaming: false, metered: false]
10-22 13:02:34.646  3957  9774 D WifiService: getConnectionInfo uid=1000
10-22 13:02:34.652  3957 14957 D ConnectivityService: filterNetworkStateForUid() uid: 10169 networkInfo: [type: WIFI[] - WIFI, state: CONNECTED/CONNECTED, reason: (unspecified), extra: "ourhome", failover: false, available: true, roaming: false, metered: false]
10-22 13:02:34.652  3957 14957 D WifiService: getConnectionInfo uid=1000
10-22 13:02:34.654  2003  2123 I Finsky  : [19842] ahem.<init>(104): VerifyApps: Setup app restrictions monitor
10-22 13:02:34.662  2003  2123 I Finsky  : [19842] ahko.a(32): VerifyApps: Device wide unknown source restriction updated
10-22 13:02:34.663  3957 14957 D WifiService: getConnectionInfo uid=1000
10-22 13:02:34.670  3957 14957 I chatty  : uid=1000(system) Binder:3957_1E identical 2 lines
10-22 13:02:34.670  3957 14957 D WifiService: getConnectionInfo uid=1000
10-22 13:02:34.672  2003  2003 W zygote64: Verification of wim wiu.q(android.content.pm.PackageInfo) took 144.874ms
10-22 13:02:34.689  1792  2030 I libglean_ffi: glean_core::upload: Ping 37dc0568-98e7-47b3-a3e7-23310c1a468f successfully sent 200.
10-22 13:02:34.693  1792  2030 I libglean_ffi: glean_core::upload::directory: File was deleted /data/user/0/org.mozilla.fenix/glean_data/pending_pings/37dc0568-98e7-47b3-a3e7-23310c1a468f
10-22 13:02:34.695  1792  2030 I libglean_ffi: glean_core::upload: No more pings to upload! You are done.
10-22 13:02:34.698  3957 14957 D ConnectivityService: filterNetworkStateForUid() uid: 10169 networkInfo: [type: WIFI[] - WIFI, state: CONNECTED/CONNECTED, reason: (unspecified), extra: "ourhome", failover: false, available: true, roaming: false, metered: false]
10-22 13:02:34.698  3957 14957 D WifiService: getConnectionInfo uid=1000
10-22 13:02:34.699  1792  1896 I WM-WorkerWrapper: Worker result SUCCESS for Work [ id=1d4477ed-50d6-4fbb-9bc3-181f69f1484c, tags={ mozilla.telemetry.glean.scheduler.PingUploadWorker, mozac_service_glean_ping_upload_worker } ]
10-22 13:02:34.704  1792  1792 D ConnectivityManager: unregisterNetworkCallback; CallingUid : 10169, CallingPid : 1792
10-22 13:02:34.706  3957  4157 D ConnectivityService: releasing NetworkRequest [ TRACK_DEFAULT id=1966, [ Capabilities: INTERNET&NOT_RESTRICTED&TRUSTED&NOT_VPN] ] (CALLBACK_RELEASED)
10-22 13:02:34.707  3957  4157 D ConnectivityService:  Removing from current network NetworkAgentInfo [WIFI () - 509], leaving 11 requests.
10-22 13:02:34.709  3957  4157 D ConnectivityService: sending notification RELEASED for NetworkRequest [ TRACK_DEFAULT id=1966, [ Capabilities: INTERNET&NOT_RESTRICTED&TRUSTED&NOT_VPN] ]
10-22 13:02:34.709  2003  2121 I cr_CronetLibraryLoader: Cronet version: 114.0.5735.84, arch: aarch64
10-22 13:02:34.712  1743  2041 I BatteryMgr:DataCollectionService: stats => 1697972554712,-301,4310,67,0,100
10-22 13:02:34.713  2003  2003 I Finsky  : [2] jqd.h(314): This process start was not selected for Play memory metrics collection.
10-22 13:02:34.713  3957 14957 D ConnectivityService: filterNetworkStateForUid() uid: 10044 networkInfo: [type: WIFI[] - WIFI, state: CONNECTED/CONNECTED, reason: (unspecified), extra: "ourhome", failover: false, available: true, roaming: false, metered: false]
10-22 13:02:34.713  3957 14957 D WifiService: getConnectionInfo uid=1000
10-22 13:02:34.722  3957 14957 D ConnectivityService: filterNetworkStateForUid() uid: 10044 networkInfo: [type: WIFI[] - WIFI, state: CONNECTED/CONNECTED, reason: (unspecified), extra: "ourhome", failover: false, available: true, roaming: false, metered: false]
10-22 13:02:34.722  3957 14957 D WifiService: getConnectionInfo uid=1000
10-22 13:02:34.727  3957  5416 D ConnectivityService: filterNetworkStateForUid() uid: 10044 networkInfo: [type: WIFI[] - WIFI, state: CONNECTED/CONNECTED, reason: (unspecified), extra: "ourhome", failover: false, available: true, roaming: false, metered: false]
10-22 13:02:34.727  3957  5416 D WifiService: getConnectionInfo uid=1000
10-22 13:02:34.732  3957 14957 D ConnectivityService: filterNetworkStateForUid() uid: 10044 networkInfo: [type: WIFI[] - WIFI, state: CONNECTED/CONNECTED, reason: (unspecified), extra: "ourhome", failover: false, available: true, roaming: false, metered: false]
10-22 13:02:34.732  3957 14957 D WifiService: getConnectionInfo uid=1000
10-22 13:02:34.734  3957  5416 D ConnectivityService: filterNetworkStateForUid() uid: 10169 networkInfo: [type: WIFI[] - WIFI, state: CONNECTED/CONNECTED, reason: (unspecified), extra: "ourhome", failover: false, available: true, roaming: false, metered: false]
10-22 13:02:34.734  3957  5416 D WifiService: getConnectionInfo uid=1000
10-22 13:02:34.767  3957  8661 D ActivityManager: The following uid has registered to recieve broadcast for proxy related updates 10044
10-22 13:02:34.768  3957  8661 W ContextImpl: Calling a method in the system process without a qualified user: android.app.ContextImpl.sendBroadcast:971 com.android.server.am.ActivityManagerService.requestKnoxVpnToSendProxyBroadcast:29420 com.android.server.am.ActivityManagerService.registerReceiver:23161 android.app.IActivityManager$Stub.onTransact:176 com.android.server.am.ActivityManagerService.onTransact:3861 
10-22 13:02:34.770  3957  3957 D KnoxVpnEngineService: Vpn Receiver : com.samsung.android.knox.intent.action.VPN_PROXY_BROADCAST_INTERNAL
10-22 13:02:34.770  3957  4108 I KnoxVpnEngineService: vpn handle : Message received
10-22 13:02:34.770  3957  8661 D ConnectivityService: filterNetworkStateForUid() uid: 10169 networkInfo: [type: WIFI[] - WIFI, state: CONNECTED/CONNECTED, reason: (unspecified), extra: "ourhome", failover: false, available: true, roaming: false, metered: false]
10-22 13:02:34.770  3957  8661 D WifiService: getConnectionInfo uid=1000
10-22 13:02:34.779  3957  8661 I chatty  : uid=1000(system) Binder:3957_14 identical 2 lines
10-22 13:02:34.779  3957  8661 I chatty  : uid=1000(system) Binder:3957_14 identical 2 lines
10-22 13:02:34.783  3957  8661 D ConnectivityService: filterNetworkStateForUid() uid: 10169 networkInfo: [type: WIFI[] - WIFI, state: CONNECTED/CONNECTED, reason: (unspecified), extra: "ourhome", failover: false, available: true, roaming: false, metered: false]
10-22 13:02:34.784  3957  8661 D WifiService: getConnectionInfo uid=1000
10-22 13:02:34.788  3957  5416 D ConnectivityService: filterNetworkStateForUid() uid: 10169 networkInfo: [type: WIFI[] - WIFI, state: CONNECTED/CONNECTED, reason: (unspecified), extra: "ourhome", failover: false, available: true, roaming: false, metered: false]
10-22 13:02:34.788  3957  5416 D WifiService: getConnectionInfo uid=1000
10-22 13:02:34.791  3957  5416 I chatty  : uid=1000(system) Binder:3957_10 identical 1 line
10-22 13:02:34.791  3957  5416 D WifiService: getConnectionInfo uid=1000
10-22 13:02:34.793  2003  2126 I Finsky  : [19844] sgp.<init>(46): Item store provider started.
10-22 13:02:34.795  3957  5416 D ConnectivityService: filterNetworkStateForUid() uid: 10169 networkInfo: [type: WIFI[] - WIFI, state: CONNECTED/CONNECTED, reason: (unspecified), extra: "ourhome", failover: false, available: true, roaming: false, metered: false]
10-22 13:02:34.795  3957  5416 D WifiService: getConnectionInfo uid=1000
10-22 13:02:34.798  3957  8661 D ConnectivityService: filterNetworkStateForUid() uid: 10169 networkInfo: [type: WIFI[] - WIFI, state: CONNECTED/CONNECTED, reason: (unspecified), extra: "ourhome", failover: false, available: true, roaming: false, metered: false]
10-22 13:02:34.798  3957  8661 D WifiService: getConnectionInfo uid=1000
10-22 13:02:34.801  3957  8661 D ConnectivityService: filterNetworkStateForUid() uid: 10169 networkInfo: [type: WIFI[] - WIFI, state: CONNECTED/CONNECTED, reason: (unspecified), extra: "ourhome", failover: false, available: true, roaming: false, metered: false]
10-22 13:02:34.801  3957  8661 D WifiService: getConnectionInfo uid=1000
10-22 13:02:34.804  3957  5416 D ConnectivityService: filterNetworkStateForUid() uid: 10169 networkInfo: [type: WIFI[] - WIFI, state: CONNECTED/CONNECTED, reason: (unspecified), extra: "ourhome", failover: false, available: true, roaming: false, metered: false]
10-22 13:02:34.804  3957  5416 D WifiService: getConnectionInfo uid=1000
10-22 13:02:34.807  2003  2003 I Finsky  : [2] mgj.onSubscriptionsChanged(6): onSubscriptionsChanged
10-22 13:02:34.828  1743  2041 I BatteryMgr:DataCollectionService: stats => 1697972554828,-301,4310,67,0,100
10-22 13:02:34.861  1284  1284 D BoundBrokerSvc: onBind: Intent { act=com.google.android.gms.safetynet.service.START pkg=com.google.android.gms }
10-22 13:02:34.861  1284  1284 D BoundBrokerSvc: Loading bound service for intent: Intent { act=com.google.android.gms.safetynet.service.START pkg=com.google.android.gms }
10-22 13:02:34.897  1957  2065 E vulkan  : invalid vkGetInstanceProcAddr(VK_NULL_HANDLE, "vkEnumerateInstanceVersion") call
10-22 13:02:34.897  1957  2065 E vulkan  : invalid vkGetInstanceProcAddr(VK_NULL_HANDLE, "vkEnumerateInstanceVersion") call
10-22 13:02:34.900  3957  9774 D ConnectivityService: filterNetworkStateForUid() uid: 10169 networkInfo: [type: WIFI[] - WIFI, state: CONNECTED/CONNECTED, reason: (unspecified), extra: "ourhome", failover: false, available: true, roaming: false, metered: false]
10-22 13:02:34.900  3957  9774 D WifiService: getConnectionInfo uid=1000
10-22 13:02:34.910  1957  2065 D vulkan  : searching for layers in '/data/app/org.mozilla.fenix-iWpGOrf8cry6RDpwHyQugA==/lib/arm64'
10-22 13:02:34.911  1957  2065 D vulkan  : searching for layers in '/data/app/org.mozilla.fenix-iWpGOrf8cry6RDpwHyQugA==/base.apk!/lib/arm64-v8a'
10-22 13:02:34.923  2003  2003 I Finsky  : [2] qur.y(24): Installer: Attempting to start installer
10-22 13:02:34.927  1957  2065 D vulkan  : vulkan api version_1_0 1.0.0
10-22 13:02:34.927  1957  2065 D vulkan  : vulkan header version 46
10-22 13:02:34.928  2003  2015 I zygote64: Background concurrent copying GC freed 31576(2MB) AllocSpace objects, 7(140KB) LOS objects, 49% free, 3MB/7MB, paused 5.620ms total 304.646ms
10-22 13:02:34.942  1743  2041 I BatteryMgr:DataCollectionService: stats => 1697972554942,-301,4310,67,0,100
10-22 13:02:34.947  2003  2187 I Finsky  : [19862] tgf.t(284): Loaded library for account: [y0_1NG5HTmzf0bF7VytAKz9iHAD6w7yU52Le3i0fi68]
10-22 13:02:34.950  2003  2003 I Finsky  : [2] andp.d(7): registerListener
10-22 13:02:34.952  2003  2187 I Finsky  : [19862] tgf.t(353): Finished loading 1 libraries.
10-22 13:02:34.976  1792  1792 I GeckoSession: handleMessage GeckoView:PageStop uri=null
10-22 13:02:34.977  2003  2008 I zygote64: Do partial code cache collection, code=1544B, data=29KB
10-22 13:02:34.977  2003  2003 I Finsky  : [2] aayz.<init>(264): Initializing pausers from value store.
10-22 13:02:34.980  1792  1857 I SessionStorage/AutoSave: Save: Load finished
10-22 13:02:34.981  2003  2003 I Finsky  : [2] aayz.<init>(321): setup::RES: Callers (Pausers) in PauseUpdatesCallersValueStore: []
10-22 13:02:35.004  2003  2008 I zygote64: After code cache collection, code=1544B, data=29KB
10-22 13:02:35.004  2003  2008 I zygote64: Increasing code cache capacity to 128KB
10-22 13:02:35.004  3957  9774 D ConnectivityService: filterNetworkStateForUid() uid: 10044 networkInfo: [type: WIFI[] - WIFI, state: CONNECTED/CONNECTED, reason: (unspecified), extra: "ourhome", failover: false, available: true, roaming: false, metered: false]
10-22 13:02:35.004  3957  9774 D WifiService: getConnectionInfo uid=1000
10-22 13:02:35.005  3957  9774 D ConnectivityService: filterNetworkStateForUid() uid: 10044 networkInfo: [type: WIFI[] - WIFI, state: CONNECTED/CONNECTED, reason: (unspecified), extra: "ourhome", failover: false, available: true, roaming: false, metered: false]
10-22 13:02:35.005  3957  9774 D WifiService: getConnectionInfo uid=1000
10-22 13:02:35.006  2003  2003 I Finsky  : [2] qur.R(15): Installer: Installer kick - no action, not running yet
10-22 13:02:35.056  1743  2041 I BatteryMgr:DataCollectionService: stats => 1697972555056,-301,4310,67,0,100
10-22 13:02:35.095  3957 14957 D ConnectivityService: filterNetworkStateForUid() uid: 10169 networkInfo: [type: WIFI[] - WIFI, state: CONNECTED/CONNECTED, reason: (unspecified), extra: "ourhome", failover: false, available: true, roaming: false, metered: false]
10-22 13:02:35.095  3957 14957 D WifiService: getConnectionInfo uid=1000
10-22 13:02:35.107  3957 14957 D ConnectivityService: filterNetworkStateForUid() uid: 10169 networkInfo: [type: WIFI[] - WIFI, state: CONNECTED/CONNECTED, reason: (unspecified), extra: "ourhome", failover: false, available: true, roaming: false, metered: false]
10-22 13:02:35.107  3957 14957 D WifiService: getConnectionInfo uid=1000
10-22 13:02:35.138  3957  4129 D WifiStateMachine:  ConnectedState !RSSI_PKTCNT_FETCH uid=1000 rt=578961722/1634937195 0 0 "ourhome" f4:6d:2f:12:cc:88 rssi=-45 f=5240 sc=60 link=433 tx=0.0, 0.0, 0.0  rx=5.7 bcn=375352 [on:0 tx:0 rx:0 period:999] from screen [on:174577 period:1029618] score=60
10-22 13:02:35.139  3957  4129 D WifiStateMachine:  L2ConnectedState !RSSI_PKTCNT_FETCH uid=1000 rt=578961724/1634937196 0 0 "ourhome" f4:6d:2f:12:cc:88 rssi=-45 f=5240 sc=60 link=433 tx=0.0, 0.0, 0.0  rx=5.7 bcn=375352 [on:0 tx:0 rx:0 period:1] from screen [on:174577 period:1029619] score=60
10-22 13:02:35.144  3957  4129 D WifiStateMachine: fetchRssiLinkSpeedAndFrequencyNative rssi=-45 linkspeed=433 freq=5240
10-22 13:02:35.144  3957  4129 V WifiConfigManager: Updating scan detail cache freq=5240 BSSID=f4:6d:2f:12:cc:88 RSSI=-44 for "ourhome"WPA_PSK
10-22 13:02:35.164  3957  9774 D ConnectivityService: filterNetworkStateForUid() uid: 10169 networkInfo: [type: WIFI[] - WIFI, state: CONNECTED/CONNECTED, reason: (unspecified), extra: "ourhome", failover: false, available: true, roaming: false, metered: false]
10-22 13:02:35.164  3957  9774 D WifiService: getConnectionInfo uid=1000
10-22 13:02:35.169  1743  2041 I BatteryMgr:DataCollectionService: stats => 1697972555169,-301,4310,67,0,100
10-22 13:02:35.204  3957  9774 D ConnectivityService: filterNetworkStateForUid() uid: 10169 networkInfo: [type: WIFI[] - WIFI, state: CONNECTED/CONNECTED, reason: (unspecified), extra: "ourhome", failover: false, available: true, roaming: false, metered: false]
10-22 13:02:35.204  3957  9774 D WifiService: getConnectionInfo uid=1000
10-22 13:02:35.215  2003  2266 I Finsky  : [19893] tmv.G(6): getDownloads()
10-22 13:02:35.257  3957  9774 D StorageManagerService: getExternalStorageMountMode : 3
10-22 13:02:35.257  3957  9774 D StorageManagerService: getExternalStorageMountMode : 3
10-22 13:02:35.258  3957  9774 D StorageManagerService: getExternalStorageMountMode : final mountMode=3, uid : 10044, packageName : com.android.vending
10-22 13:02:35.258  3957  9774 I ApplicationPolicy: isApplicationExternalStorageWhitelisted:com.android.vending user:0
10-22 13:02:35.259  3957  9774 D ApplicationPolicy: isApplicationExternalStorageWhitelisted: DO is not enabled on user 0. Allowed.
10-22 13:02:35.259  3957  9774 D ActivityManager: package  com.android.vending, user - 0 is SDcard whitelisted
10-22 13:02:35.259  3957  9774 I ApplicationPolicy: isApplicationExternalStorageBlacklisted:com.android.vending user:0
10-22 13:02:35.259  3957  9774 D ApplicationPolicy: isApplicationExternalStorageBlacklisted: DO is not enabled on user 0. Allowed.
10-22 13:02:35.284  3957  9774 I ActivityManager: Start proc 2285:com.android.vending:background/u0a44 for service com.android.vending/com.google.android.finsky.ipcservers.background.BackgroundGrpcServerAndroidService
10-22 13:02:35.287  2285  2285 E Zygote  : isWhitelistProcess - Process is Whitelisted
10-22 13:02:35.288  2285  2285 E libpersona: scanKnoxPersonas
10-22 13:02:35.289  2285  2285 E libpersona: Couldn't open the File - /data/system/users/0/personalist.xml - No such file or directory
10-22 13:02:35.292  2285  2285 W SELinux : SELinux selinux_android_compute_policy_index : Policy Index[2],  Con:u:r:zygote:s0 RAM:SEPF_SM-J720F_8.0.0_0002, [-1 -1 -1 -1 0 1]
10-22 13:02:35.293  2285  2285 I SELinux : SELinux: seapp_context_lookup: seinfo=gmscore, level=s0:c512,c768, pkgname=com.android.vending:background 
10-22 13:02:35.295  1743  2041 I BatteryMgr:DataCollectionService: stats => 1697972555295,-301,4310,67,0,100
10-22 13:02:35.311  3957  4128 D WifiService: getConnectionInfo uid=1000
10-22 13:02:35.325  2285  2285 D TimaKeyStoreProvider: TimaKeyStore is not enabled: cannot add TimaSignature Service and generateKeyPair Service
10-22 13:02:35.325  2285  2285 D ActivityThread: Added TimaKeyStore provider
10-22 13:02:35.329  3957 14957 I ActivityManager: DSS on for com.android.vending and scale is 1.0
10-22 13:02:35.356  2285  2285 I zygote64: no shared libraies, dex_files: 1
10-22 13:02:35.406  1743  2041 I BatteryMgr:DataCollectionService: stats => 1697972555406,-301,4310,67,0,100
10-22 13:02:35.407  3957 14957 D ConnectivityService: filterNetworkStateForUid() uid: 10169 networkInfo: [type: WIFI[] - WIFI, state: CONNECTED/CONNECTED, reason: (unspecified), extra: "ourhome", failover: false, available: true, roaming: false, metered: false]
10-22 13:02:35.407  3957 14957 D WifiService: getConnectionInfo uid=1000
10-22 13:02:35.412  1792  1792 W GeckoSession: No history entries found.
10-22 13:02:35.433  2285  2285 W ResourceType: ResTable_typeSpec entry count inconsistent: given 212, previously 242
10-22 13:02:35.506  2285  2285 I Finsky:background: [2] khj.i(84): Process created at version: 37.9.18-21 [0] [PR] 571399392
10-22 13:02:35.518  1743  2041 I BatteryMgr:DataCollectionService: stats => 1697972555518,-301,4310,67,0,100
10-22 13:02:35.575  3957  8661 D ConnectivityService: filterNetworkStateForUid() uid: 10169 networkInfo: [type: WIFI[] - WIFI, state: CONNECTED/CONNECTED, reason: (unspecified), extra: "ourhome", failover: false, available: true, roaming: false, metered: false]
10-22 13:02:35.575  3957  8661 D WifiService: getConnectionInfo uid=1000
10-22 13:02:35.638  1743  2041 I BatteryMgr:DataCollectionService: stats => 1697972555636,-301,4310,67,0,100
10-22 13:02:35.676  3957 14957 D ConnectivityService: filterNetworkStateForUid() uid: 10169 networkInfo: [type: WIFI[] - WIFI, state: CONNECTED/CONNECTED, reason: (unspecified), extra: "ourhome", failover: false, available: true, roaming: false, metered: false]
10-22 13:02:35.677  3957 14957 D WifiService: getConnectionInfo uid=1000
10-22 13:02:35.706  2285  2285 I Finsky:background: [2] aiff.bk(289): Finished reading experiment flags from file [0tGUNCGIkbk4o6-fQ335kUYSKwVj4lusnHT-A5Dsy08] numFlags=1259.
10-22 13:02:35.773  1743  2041 I BatteryMgr:DataCollectionService: stats => 1697972555773,-301,4310,67,0,100
10-22 13:02:35.867  2285  2285 I Finsky:background: [2] aiff.bk(289): Finished reading experiment flags from file [cDXKMAm20gnql81lkHY0kpZ363Z9OGuPpqWoMw-jNkY] numFlags=1782.
10-22 13:02:35.897  1743  2041 I BatteryMgr:DataCollectionService: stats => 1697972555897,-301,4310,67,0,100
10-22 13:02:35.902  3957  4030 D SensorService: [SO] 0.273 0.067 9.974
10-22 13:02:35.928  3957  6478 D WifiService: getConnectionInfo uid=1000
10-22 13:02:35.932  3957  4129 D WifiStateMachine:  ConnectedState !CMD_RSSI_POLL rt=578962516/1634937988 104 0 "ourhome" f4:6d:2f:12:cc:88 rssi=-45 f=5240 sc=60 link=433 tx=0.0, 0.0, 0.0  rx=5.7 bcn=375352 [on:0 tx:0 rx:0 period:793] from screen [on:174577 period:1030412] score=60
10-22 13:02:35.933  3957  4129 D WifiStateMachine:  L2ConnectedState !CMD_RSSI_POLL rt=578962518/1634937990 104 0 "ourhome" f4:6d:2f:12:cc:88 rssi=-45 f=5240 sc=60 link=433 tx=0.0, 0.0, 0.0  rx=5.7 bcn=375352 [on:0 tx:0 rx:0 period:1] from screen [on:174577 period:1030413] score=60
10-22 13:02:35.934  3957  4129 D WifiStateMachine:  get link layer stats 3
10-22 13:02:35.936  3436  3436 I android.hardware.wifi@1.0-service: getLinkLayerStats
10-22 13:02:35.940  3957  4129 D WifiStateMachine: fetchRssiLinkSpeedAndFrequencyNative rssi=-46 linkspeed=433 freq=5240
10-22 13:02:35.941  3957  4129 V WifiConfigManager: Updating scan detail cache freq=5240 BSSID=f4:6d:2f:12:cc:88 RSSI=-45 for "ourhome"WPA_PSK
10-22 13:02:35.949  4340  4340 E SignalClusterView: setSlotFocusVisible : subId -2
10-22 13:02:35.949  4340  4340 E SignalClusterView: setSlotFocusVisible : subId -2
10-22 13:02:35.960  2285  2285 I Finsky:background: [2] wib.<init>(76): wht - Registering in memory receiver for android.intent.action.PACKAGE_ADDED and android.intent.action.PACKAGE_REMOVED
10-22 13:02:36.016  1743  2041 I BatteryMgr:DataCollectionService: stats => 1697972556016,-301,4310,67,0,100
10-22 13:02:36.056  2285  2285 I Finsky:background: [2] scp.onCreate(9): IPC-SERVER: Starting gRPC host service...
10-22 13:02:36.085  2285  2285 I Finsky:background: [2] jqd.h(314): This process start was not selected for Play memory metrics collection.
10-22 13:02:36.115  2285  2314 I Finsky:background: [19855] nrj.i(6): getDownloads()
10-22 13:02:36.130  1743  2041 I BatteryMgr:DataCollectionService: stats => 1697972556129,-301,4310,67,0,100
10-22 13:02:36.140  3957  4129 D WifiStateMachine:  ConnectedState !RSSI_PKTCNT_FETCH uid=1000 rt=578962723/1634938196 0 0 "ourhome" f4:6d:2f:12:cc:88 rssi=-46 f=5240 sc=60 link=433 tx=293.3, 14.6, 0.0  rx=365.7 bcn=375382 [on:0 tx:0 rx:0 period:196] from screen [on:177221 period:1030620] score=60
10-22 13:02:36.142  3957  4129 D WifiStateMachine:  L2ConnectedState !RSSI_PKTCNT_FETCH uid=1000 rt=578962726/1634938198 0 0 "ourhome" f4:6d:2f:12:cc:88 rssi=-46 f=5240 sc=60 link=433 tx=293.3, 14.6, 0.0  rx=365.7 bcn=375382 [on:0 tx:0 rx:0 period:2] from screen [on:177221 period:1030622] score=60
10-22 13:02:36.143  3957  4129 D WifiStateMachine: fetchRssiLinkSpeedAndFrequencyNative rssi=-45 linkspeed=433 freq=5240
10-22 13:02:36.143  3957  4129 V WifiConfigManager: Updating scan detail cache freq=5240 BSSID=f4:6d:2f:12:cc:88 RSSI=-45 for "ourhome"WPA_PSK
10-22 13:02:36.250  1743  2041 I BatteryMgr:DataCollectionService: stats => 1697972556250,-301,4310,67,0,100
10-22 13:02:36.269  2285  2316 D ConnectivityManager: requestNetwork; CallingUid : 10044, CallingPid : 2285
10-22 13:02:36.273  3957 14957 D ConnectivityService: requestNetwork for uid/pid:10044/2285 NetworkRequest [ TRACK_DEFAULT id=1968, [ Capabilities: INTERNET&NOT_RESTRICTED&TRUSTED&NOT_VPN] ]
10-22 13:02:36.275  3957  4157 D ConnectivityService: rematching NetworkAgentInfo [WIFI () - 509]
10-22 13:02:36.275  3957  4157 D ConnectivityService:  network has: [ Transports: WIFI Capabilities: NOT_METERED&INTERNET&NOT_RESTRICTED&TRUSTED&NOT_VPN&VALIDATED&FOREGROUND LinkUpBandwidth>=1048576Kbps LinkDnBandwidth>=1048576Kbps SignalStrength: -43]
10-22 13:02:36.275  3957  4157 D ConnectivityService: Network NetworkAgentInfo [WIFI () - 509] was already satisfying request 1. No change.
10-22 13:02:36.275  3957  4157 D ConnectivityService: Network NetworkAgentInfo [WIFI () - 509] was already satisfying request 1964. No change.
10-22 13:02:36.275  3957  4157 D ConnectivityService: Network NetworkAgentInfo [WIFI () - 509] was already satisfying request 3. No change.
10-22 13:02:36.275  3957  4157 D ConnectivityService:   checking if request is satisfied: NetworkRequest [ TRACK_DEFAULT id=1968, [ Capabilities: INTERNET&NOT_RESTRICTED&TRUSTED&NOT_VPN] ]
10-22 13:02:36.275  3957  4157 D ConnectivityService: currentScore = 0, newScore = 100
10-22 13:02:36.275  3957  4157 D ConnectivityService: rematch for NetworkAgentInfo [WIFI () - 509]
10-22 13:02:36.275  3957  4157 D ConnectivityService:    accepting network in place of null
10-22 13:02:36.276  3957  4157 D ConnectivityService: sending new Min Network Score(100): NetworkRequest [ TRACK_DEFAULT id=1968, [ Capabilities: INTERNET&NOT_RESTRICTED&TRUSTED&NOT_VPN] ]
10-22 13:02:36.276  3957  4313 D Ethernet: got request NetworkRequest [ TRACK_DEFAULT id=1968, [ Capabilities: INTERNET&NOT_RESTRICTED&TRUSTED&NOT_VPN] ] with score 100
10-22 13:02:36.276  3957  4313 D Ethernet:   my score=-1, my filter=[ Transports: ETHERNET Capabilities: INTERNET&NOT_RESTRICTED&TRUSTED&NOT_VPN LinkUpBandwidth>=100000Kbps LinkDnBandwidth>=100000Kbps]
10-22 13:02:36.276  3957  4313 D Ethernet: evalRequest
10-22 13:02:36.276  3957  4313 D Ethernet:   done
10-22 13:02:36.276  3957  4129 D WIFI    : got request NetworkRequest [ TRACK_DEFAULT id=1968, [ Capabilities: INTERNET&NOT_RESTRICTED&TRUSTED&NOT_VPN] ] with score 100
10-22 13:02:36.276  3957  4157 D ConnectivityService: MultiNetwork Request(TransportType - Wi-Fi request). Internet Capability doesn't required (false)
10-22 13:02:36.276  3957  4129 D WIFI    :   my score=60, my filter=[ Transports: WIFI Capabilities: NOT_METERED&INTERNET&NOT_RESTRICTED&TRUSTED&NOT_VPN LinkUpBandwidth>=1048576Kbps LinkDnBandwidth>=1048576Kbps]
10-22 13:02:36.276  3957  4129 D WIFI    : evalRequest
10-22 13:02:36.276  3957  4129 D WIFI    :   done
10-22 13:02:36.277  3957  4157 D ConnectivityService: sending notification AVAILABLE for NetworkRequest [ TRACK_DEFAULT id=1968, [ Capabilities: INTERNET&NOT_RESTRICTED&TRUSTED&NOT_VPN] ]
10-22 13:02:36.277  3957  4129 D WIFI_UT : got request NetworkRequest [ TRACK_DEFAULT id=1968, [ Capabilities: INTERNET&NOT_RESTRICTED&TRUSTED&NOT_VPN] ] with score 100
10-22 13:02:36.277  3957  4129 D WIFI_UT :   my score=2147483647, my filter=[ Transports: WIFI Capabilities: NOT_METERED&INTERNET&NOT_RESTRICTED&TRUSTED&NOT_VPN LinkUpBandwidth>=1048576Kbps LinkDnBandwidth>=1048576Kbps]
10-22 13:02:36.277  3957  4129 D WIFI_UT : evalRequest
10-22 13:02:36.277  3957  4129 D WIFI_UT :   needNetworkFor
10-22 13:02:36.277  3957  4153 D WIFI_P2P: got request NetworkRequest [ TRACK_DEFAULT id=1968, [ Capabilities: INTERNET&NOT_RESTRICTED&TRUSTED&NOT_VPN] ] with score 100
10-22 13:02:36.277  3957  4153 D WIFI_P2P:   my score=60, my filter=[ Transports: WIFI Capabilities: WIFI_P2P&NOT_RESTRICTED&TRUSTED&NOT_VPN LinkUpBandwidth>=1048576Kbps LinkDnBandwidth>=1048576Kbps]
10-22 13:02:36.277  3957  4157 D ConnectivityService: sending notification CAP_CHANGED for NetworkRequest [ TRACK_DEFAULT id=1968, [ Capabilities: INTERNET&NOT_RESTRICTED&TRUSTED&NOT_VPN] ]
10-22 13:02:36.277  3957  4153 D WIFI_P2P: evalRequest
10-22 13:02:36.277  3957  4153 D WIFI_P2P:   done
10-22 13:02:36.277  3957  4157 D ConnectivityService: sending notification IP_CHANGED for NetworkRequest [ TRACK_DEFAULT id=1968, [ Capabilities: INTERNET&NOT_RESTRICTED&TRUSTED&NOT_VPN] ]
10-22 13:02:36.277  4616  4616 D PhoneSwitcherNetworkRequstListener: got request NetworkRequest [ TRACK_DEFAULT id=1968, [ Capabilities: INTERNET&NOT_RESTRICTED&TRUSTED&NOT_VPN] ] with score 100
10-22 13:02:36.277  4616  4616 D PhoneSwitcherNetworkRequstListener:   my score=101, my filter=[ Transports: CELLULAR Capabilities: MMS&SUPL&DUN&FOTA&IMS&CBS&IA&RCS&XCAP&EIMS&INTERNET&NOT_RESTRICTED&TRUSTED&NOT_VPN&ENT1 Specifier: <android.net.MatchAllNetworkSpecifier@0>]
10-22 13:02:36.277  4616  4616 D PhoneSwitcherNetworkRequstListener: evalRequest
10-22 13:02:36.277  4616  4616 D PhoneSwitcherNetworkRequstListener:   needNetworkFor
10-22 13:02:36.281  3957 14957 D ConnectivityService: filterNetworkStateForUid() uid: 10044 networkInfo: [type: WIFI[] - WIFI, state: CONNECTED/CONNECTED, reason: (unspecified), extra: "ourhome", failover: false, available: true, roaming: false, metered: false]
10-22 13:02:36.281  3957 14957 D WifiService: getConnectionInfo uid=1000
10-22 13:02:36.284  3957  3966 I zygote64: Background concurrent copying GC freed 500587(19MB) AllocSpace objects, 144(2MB) LOS objects, 36% free, 42MB/66MB, paused 845us total 321.894ms
10-22 13:02:36.286  3957 14957 D WifiService: getConnectionInfo uid=1000
10-22 13:02:36.313  3957  4128 D WifiService: getConnectionInfo uid=1000
10-22 13:02:36.317  2003  2191 I Finsky  : [19864] tmv.G(6): getDownloads()
10-22 13:02:36.320  2285  2314 I Finsky:background: [19855] nrj.i(6): getDownloads()
10-22 13:02:36.327  2003  2265 I Finsky  : [19892] qsd.run(251): Installer: Installer starting
10-22 13:02:36.328  2003  2265 I Finsky  : [19892] qsd.run(275): Installer: Installer started
10-22 13:02:36.365  1743  2041 I BatteryMgr:DataCollectionService: stats => 1697972556365,-301,4310,67,0,100
10-22 13:02:36.386  2003  2003 I Finsky  : [2] qur.R(85): Installer: found apps to install. apps=[]
10-22 13:02:36.388  3957 14957 D WifiService: getConnectionInfo uid=1000
10-22 13:02:36.394  3957 14957 D WifiService: getConnectionInfo uid=1000
10-22 13:02:36.408  2003  2319 I Finsky  : [19901] qyo.a(796): IV2: found recoverable installs: []
10-22 13:02:36.425  2003  2003 I Finsky  : [2] scp.onCreate(9): IPC-SERVER: Starting gRPC host service...
10-22 13:02:36.479  1743  2041 I BatteryMgr:DataCollectionService: stats => 1697972556479,-301,4310,67,0,100
10-22 13:02:36.513  2003  2322 I Finsky  : [19904] reg.D(6): IQ: Pruning inactive install requests
10-22 13:02:36.521  2003  2322 I Finsky  : [19904] zxg.<init>(55): Resetting scheduler db
10-22 13:02:36.536  2003  2187 I Finsky  : [19862] yqw.accept(377): SCH: Scheduling phonesky job Id: 1-1337, CT: 1697940166538, Constraints: [{ L: 42704234, D: 85904234, C: 1, I: 1, N: 1 }]
10-22 13:02:36.537  2003  2187 I Finsky  : [19862] yqw.accept(377): SCH: Scheduling phonesky job Id: 3-363, CT: 1697960412210, Constraints: [{ L: 0, D: 86400000, C: 2, I: 2, N: 1 }]
10-22 13:02:36.538  2003  2187 I Finsky  : [19862] yqw.accept(377): SCH: Scheduling phonesky job Id: 26-1414141414, CT: 1697940163069, Constraints: [{ L: 43199994, D: 44099994, C: 1, I: 1, N: 0 }]
10-22 13:02:36.539  2003  2187 I Finsky  : [19862] yqw.accept(377): SCH: Scheduling phonesky job Id: 34-374, CT: 1697897797546, Constraints: [{ L: 604800000, D: 2486144340, C: 2, I: 2, N: 2 }, { L: 604800000, D: 2486144340, C: 1, I: 2, N: 2 }]
10-22 13:02:36.539  2003  2187 I Finsky  : [19862] yqw.accept(377): SCH: Scheduling phonesky job Id: 34-378, CT: 1697897797546, Constraints: [{ L: 604800000, D: 2571003689, C: 2, I: 2, N: 2 }, { L: 604800000, D: 2571003689, C: 1, I: 2, N: 2 }]
10-22 13:02:36.540  2003  2187 I Finsky  : [19862] yqw.accept(377): SCH: Scheduling phonesky job Id: 34-379, CT: 1697960412967, Constraints: [{ L: 79199913, D: 1375199913, C: 1, I: 1, N: 1 }]
10-22 13:02:36.541  2003  2187 I Finsky  : [19862] yqw.accept(377): SCH: Scheduling phonesky job Id: 34-381, CT: 1697897797546, Constraints: [{ L: 350152876, D: 1646152876, C: 1, I: 1, N: 2 }]
10-22 13:02:36.541  2003  2187 I Finsky  : [19862] yqw.accept(377): SCH: Scheduling phonesky job Id: 34-382, CT: 1697960412907, Constraints: [{ L: 0, D: 1296000000, C: 2, I: 2, N: 2 }, { L: 0, D: 1296000000, C: 1, I: 2, N: 2 }]
10-22 13:02:36.553  2003  2003 I Finsky  : [2] abey.a(9): Connecting InstallListener to SplitInstallService broadcaster...
10-22 13:02:36.563  2003  2169 I Finsky  : [19855] zwv.apply(1036): SCH: Scheduling 0 system job(s)
10-22 13:02:36.573  2003  2325 I Finsky  : [19907] zxa.apply(33): SCH: Canceling job 3-363
10-22 13:02:36.578  2003  2191 I Finsky  : [19864] zwu.a(15): SCH: no pending jobs to schedule.
10-22 13:02:36.587  1743  2041 I BatteryMgr:DataCollectionService: stats => 1697972556586,-301,4310,67,0,100
10-22 13:02:36.591  2003  2322 I Finsky  : [19904] rdv.apply(1416): IQ: Creating job 364, for (REQ_CHARGING, REQ_DEVICE_IDLE, REQ_GEARHEAD_PROJECTION_OFF, NETWORK=ANY, PROVISIONING_STATE=PROVISIONED, BACKUP_MANAGER_STATE=BACKUP_READY, PROCESS_IMPORTANCE_THRESHOLD=125)
10-22 13:02:36.598  2003  2322 I Finsky  : [19904] reg.G(93): IQ: Bulk scheduling created jobs
10-22 13:02:36.608  2003  2226 D NetworkSecurityConfig: No Network Security Config specified, using platform default
10-22 13:02:36.617  2003  2226 I System.out: (HTTPLog)-Static: isSBSettingEnabled false
10-22 13:02:36.617  2003  2226 I System.out: (HTTPLog)-Static: isSBSettingEnabled false
10-22 13:02:36.619  3599  3918 D DnsProxyListener: DNSDBG::dns addrinfo af 0
10-22 13:02:36.695  1743  2041 I BatteryMgr:DataCollectionService: stats => 1697972556695,-301,4310,67,0,100
10-22 13:02:36.720  3957 14957 I chatty  : uid=1000(system) Binder:3957_1E identical 4 lines
10-22 13:02:36.720  3957 14957 D WifiService: getConnectionInfo uid=1000
10-22 13:02:36.721  3957 14957 D ConnectivityService: filterNetworkStateForUid() uid: 10044 networkInfo: [type: WIFI[] - WIFI, state: CONNECTED/CONNECTED, reason: (unspecified), extra: "ourhome", failover: false, available: true, roaming: false, metered: false]
10-22 13:02:36.721  3957 14957 D WifiService: getConnectionInfo uid=1000
10-22 13:02:36.728  2003  2184 I Finsky  : [19859] yqw.accept(377): SCH: Scheduling phonesky job Id: 3-364, CT: 1697972556600, Constraints: [{ L: 0, D: 86400000, C: 2, I: 2, N: 1 }]
10-22 13:02:36.736  2003  2184 I Finsky  : [19859] zwv.apply(1036): SCH: Scheduling 0 system job(s)
10-22 13:02:36.806  1743  2041 I BatteryMgr:DataCollectionService: stats => 1697972556806,-301,4310,67,0,100
10-22 13:02:36.922  1743  2041 I BatteryMgr:DataCollectionService: stats => 1697972556922,-301,4310,67,0,100
10-22 13:02:37.039  1743  2041 I BatteryMgr:DataCollectionService: stats => 1697972557039,-301,4310,67,0,100
10-22 13:02:37.140  3957  4129 D WifiStateMachine:  ConnectedState !RSSI_PKTCNT_FETCH uid=1000 rt=578963724/1634939197 0 0 "ourhome" f4:6d:2f:12:cc:88 rssi=-45 f=5240 sc=60 link=433 tx=293.3, 14.6, 0.0  rx=365.7 bcn=375382 [on:0 tx:0 rx:0 period:998] from screen [on:177221 period:1031620] score=60
10-22 13:02:37.141  3957  4129 D WifiStateMachine:  L2ConnectedState !RSSI_PKTCNT_FETCH uid=1000 rt=578963726/1634939198 0 0 "ourhome" f4:6d:2f:12:cc:88 rssi=-45 f=5240 sc=60 link=433 tx=293.3, 14.6, 0.0  rx=365.7 bcn=375382 [on:0 tx:0 rx:0 period:1] from screen [on:177221 period:1031621] score=60
10-22 13:02:37.143  3957  4129 D WifiStateMachine: fetchRssiLinkSpeedAndFrequencyNative rssi=-44 linkspeed=433 freq=5240
10-22 13:02:37.144  3957  4129 V WifiConfigManager: Updating scan detail cache freq=5240 BSSID=f4:6d:2f:12:cc:88 RSSI=-44 for "ourhome"WPA_PSK
10-22 13:02:37.151  1743  2041 I BatteryMgr:DataCollectionService: stats => 1697972557151,-301,4310,67,0,100
10-22 13:02:37.268  1743  2041 I BatteryMgr:DataCollectionService: stats => 1697972557268,-301,4310,67,0,100
10-22 13:02:37.316  3957  4128 D WifiService: getConnectionInfo uid=1000
10-22 13:02:37.385  1743  2041 I BatteryMgr:DataCollectionService: stats => 1697972557384,-301,4310,67,0,100
10-22 13:02:37.504  1743  2041 I BatteryMgr:DataCollectionService: stats => 1697972557503,-301,4310,67,0,100
10-22 13:02:37.620  1743  2041 I BatteryMgr:DataCollectionService: stats => 1697972557619,-301,4310,67,0,100
10-22 13:02:37.739  1743  2041 I BatteryMgr:DataCollectionService: stats => 1697972557739,-301,4310,67,0,100
10-22 13:02:37.854  1743  2041 I BatteryMgr:DataCollectionService: stats => 1697972557854,-301,4310,67,0,100
10-22 13:02:37.970  1743  2041 I BatteryMgr:DataCollectionService: stats => 1697972557970,-301,4310,67,0,100
10-22 13:02:38.086  1743  2041 I BatteryMgr:DataCollectionService: stats => 1697972558086,-301,4310,67,0,100
10-22 13:02:38.144  3957  4129 D WifiStateMachine:  ConnectedState !RSSI_PKTCNT_FETCH uid=1000 rt=578964727/1634940199 0 0 "ourhome" f4:6d:2f:12:cc:88 rssi=-44 f=5240 sc=60 link=433 tx=293.3, 14.6, 0.0  rx=365.7 bcn=375382 [on:0 tx:0 rx:0 period:1003] from screen [on:177221 period:1032624] score=60
10-22 13:02:38.147  3957  4129 D WifiStateMachine:  L2ConnectedState !RSSI_PKTCNT_FETCH uid=1000 rt=578964730/1634940203 0 0 "ourhome" f4:6d:2f:12:cc:88 rssi=-44 f=5240 sc=60 link=433 tx=293.3, 14.6, 0.0  rx=365.7 bcn=375382 [on:0 tx:0 rx:0 period:2] from screen [on:177221 period:1032626] score=60
10-22 13:02:38.149  3957  4129 D WifiStateMachine: fetchRssiLinkSpeedAndFrequencyNative rssi=-42 linkspeed=433 freq=5240
10-22 13:02:38.149  3957  4129 V WifiConfigManager: Updating scan detail cache freq=5240 BSSID=f4:6d:2f:12:cc:88 RSSI=-42 for "ourhome"WPA_PSK
10-22 13:02:38.160  2479  2548 D ScanRecord: Not a Multi Manu data
10-22 13:02:38.196  2479  2548 I chatty  : uid=1002(bluetooth) BT Service Call identical 42 lines
10-22 13:02:38.196  2479  2548 D ScanRecord: Not a Multi Manu data
10-22 13:02:38.196  1743  2041 I BatteryMgr:DataCollectionService: stats => 1697972558196,-301,4310,67,0,100
10-22 13:02:38.200  2479  2548 D ScanRecord: Not a Multi Manu data
10-22 13:02:38.235  2479  2548 I chatty  : uid=1002(bluetooth) BT Service Call identical 64 lines
10-22 13:02:38.235  2479  2548 D ScanRecord: Not a Multi Manu data
10-22 13:02:38.236  4961  4961 D io_stats: !@ 179,0 r 8681701 282370908 w 2020706 39933980 d 160624 36196004 f 619442 643602 iot 4020060 3478471 th 51200 0 0 pt 0 inp 0 0 578964.821
10-22 13:02:38.245  3559  3559 E audit   : type=1400 audit(1697972558.234:6801): avc:  denied  { read } for  pid=2330 comm="pool-37-thread-" name="version" dev="proc" ino=4026532182 scontext=u:r:untrusted_app:s0:c512,c768 tcontext=u:object_r:proc:s0 tclass=file permissive=0 SEPF_SM-J720F_8.0.0_0002 audit_filtered
10-22 13:02:38.245  3559  3559 E audit   : type=1300 audit(1697972558.234:6801): arch=c00000b7 syscall=48 success=no exit=-13 a0=ffffff9c a1=74d1e3e0f0 a2=4 a3=0 items=0 ppid=3579 pid=2330 auid=4294967295 uid=10169 gid=10169 euid=10169 suid=10169 fsuid=10169 egid=10169 sgid=10169 fsgid=10169 tty=(none) ses=4294967295 comm="pool-37-thread-" exe="/system/bin/app_process64" subj=u:r:untrusted_app:s0:c512,c768 key=(null)
10-22 13:02:38.245  3559  3559 E audit   : type=1327 audit(1697972558.234:6801): proctitle="org.mozilla.fenix"
10-22 13:02:38.269  1792  1792 D ConnectivityManager: requestNetwork; CallingUid : 10169, CallingPid : 1792
10-22 13:02:38.270  3957 14957 D ConnectivityService: requestNetwork for uid/pid:10169/1792 NetworkRequest [ TRACK_DEFAULT id=1969, [ Capabilities: INTERNET&NOT_RESTRICTED&TRUSTED&NOT_VPN] ]
10-22 13:02:38.272  3957  4157 D ConnectivityService: rematching NetworkAgentInfo [WIFI () - 509]
10-22 13:02:38.272  3957  4157 D ConnectivityService:  network has: [ Transports: WIFI Capabilities: NOT_METERED&INTERNET&NOT_RESTRICTED&TRUSTED&NOT_VPN&VALIDATED&FOREGROUND LinkUpBandwidth>=1048576Kbps LinkDnBandwidth>=1048576Kbps SignalStrength: -43]
10-22 13:02:38.272  3957  4157 D ConnectivityService:   checking if request is satisfied: NetworkRequest [ TRACK_DEFAULT id=1969, [ Capabilities: INTERNET&NOT_RESTRICTED&TRUSTED&NOT_VPN] ]
10-22 13:02:38.272  3957  4157 D ConnectivityService: currentScore = 0, newScore = 100
10-22 13:02:38.272  3957  4157 D ConnectivityService: rematch for NetworkAgentInfo [WIFI () - 509]
10-22 13:02:38.272  3957  4157 D ConnectivityService:    accepting network in place of null
10-22 13:02:38.272  3957  4157 D ConnectivityService: sending new Min Network Score(100): NetworkRequest [ TRACK_DEFAULT id=1969, [ Capabilities: INTERNET&NOT_RESTRICTED&TRUSTED&NOT_VPN] ]
10-22 13:02:38.272  3957  4313 D Ethernet: got request NetworkRequest [ TRACK_DEFAULT id=1969, [ Capabilities: INTERNET&NOT_RESTRICTED&TRUSTED&NOT_VPN] ] with score 100
10-22 13:02:38.273  3957  4313 D Ethernet:   my score=-1, my filter=[ Transports: ETHERNET Capabilities: INTERNET&NOT_RESTRICTED&TRUSTED&NOT_VPN LinkUpBandwidth>=100000Kbps LinkDnBandwidth>=100000Kbps]
10-22 13:02:38.273  3957  4313 D Ethernet: evalRequest
10-22 13:02:38.273  3957  4313 D Ethernet:   done
10-22 13:02:38.273  3957  4129 D WIFI    : got request NetworkRequest [ TRACK_DEFAULT id=1969, [ Capabilities: INTERNET&NOT_RESTRICTED&TRUSTED&NOT_VPN] ] with score 100
10-22 13:02:38.273  3957  4157 D ConnectivityService: MultiNetwork Request(TransportType - Wi-Fi request). Internet Capability doesn't required (false)
10-22 13:02:38.273  3957  4129 D WIFI    :   my score=60, my filter=[ Transports: WIFI Capabilities: NOT_METERED&INTERNET&NOT_RESTRICTED&TRUSTED&NOT_VPN LinkUpBandwidth>=1048576Kbps LinkDnBandwidth>=1048576Kbps]
10-22 13:02:38.273  3957  4129 D WIFI    : evalRequest
10-22 13:02:38.273  3957  4129 D WIFI    :   done
10-22 13:02:38.273  3957  4157 D ConnectivityService: Network NetworkAgentInfo [WIFI () - 509] was already satisfying request 1. No change.
10-22 13:02:38.273  3957  4157 D ConnectivityService: Network NetworkAgentInfo [WIFI () - 509] was already satisfying request 1964. No change.
10-22 13:02:38.273  3957  4129 D WIFI_UT : got request NetworkRequest [ TRACK_DEFAULT id=1969, [ Capabilities: INTERNET&NOT_RESTRICTED&TRUSTED&NOT_VPN] ] with score 100
10-22 13:02:38.273  3957  4157 D ConnectivityService: Network NetworkAgentInfo [WIFI () - 509] was already satisfying request 3. No change.
10-22 13:02:38.273  3957  4157 D ConnectivityService: Network NetworkAgentInfo [WIFI () - 509] was already satisfying request 1968. No change.
10-22 13:02:38.273  3957  4129 D WIFI_UT :   my score=2147483647, my filter=[ Transports: WIFI Capabilities: NOT_METERED&INTERNET&NOT_RESTRICTED&TRUSTED&NOT_VPN LinkUpBandwidth>=1048576Kbps LinkDnBandwidth>=1048576Kbps]
10-22 13:02:38.273  3957  4129 D WIFI_UT : evalRequest
10-22 13:02:38.273  3957  4129 D WIFI_UT :   needNetworkFor
10-22 13:02:38.273  2479  2548 D ScanRecord: Not a Multi Manu data
10-22 13:02:38.273  3957  4153 D WIFI_P2P: got request NetworkRequest [ TRACK_DEFAULT id=1969, [ Capabilities: INTERNET&NOT_RESTRICTED&TRUSTED&NOT_VPN] ] with score 100
10-22 13:02:38.273  2479  2548 I chatty  : uid=1002(bluetooth) BT Service Call expire 3 lines
10-22 13:02:38.273  2479  2548 D ScanRecord: Not a Multi Manu data
10-22 13:02:38.273  2479  2548 D ScanRecord: Not a Multi Manu data
10-22 13:02:38.273  3957  4157 D ConnectivityService: sending notification AVAILABLE for NetworkRequest [ TRACK_DEFAULT id=1969, [ Capabilities: INTERNET&NOT_RESTRICTED&TRUSTED&NOT_VPN] ]
10-22 13:02:38.274  2479  2548 I chatty  : uid=1002(bluetooth) BT Service Call identical 4 lines
10-22 13:02:38.274  2479  2548 D ScanRecord: Not a Multi Manu data
10-22 13:02:38.274  3957  4153 D WIFI_P2P:   my score=60, my filter=[ Transports: WIFI Capabilities: WIFI_P2P&NOT_RESTRICTED&TRUSTED&NOT_VPN LinkUpBandwidth>=1048576Kbps LinkDnBandwidth>=1048576Kbps]
10-22 13:02:38.274  3957  4153 D WIFI_P2P: evalRequest
10-22 13:02:38.274  3957  4153 D WIFI_P2P:   done
10-22 13:02:38.274  3957  4157 D ConnectivityService: sending notification CAP_CHANGED for NetworkRequest [ TRACK_DEFAULT id=1969, [ Capabilities: INTERNET&NOT_RESTRICTED&TRUSTED&NOT_VPN] ]
10-22 13:02:38.275  3957  4157 D ConnectivityService: sending notification IP_CHANGED for NetworkRequest [ TRACK_DEFAULT id=1969, [ Capabilities: INTERNET&NOT_RESTRICTED&TRUSTED&NOT_VPN] ]
10-22 13:02:38.275  3957 14957 D ConnectivityService: filterNetworkStateForUid() uid: 10169 networkInfo: [type: WIFI[] - WIFI, state: CONNECTED/CONNECTED, reason: (unspecified), extra: "ourhome", failover: false, available: true, roaming: false, metered: false]
10-22 13:02:38.275  3957 14957 D WifiService: getConnectionInfo uid=1000
10-22 13:02:38.275  4616  4616 D PhoneSwitcherNetworkRequstListener: got request NetworkRequest [ TRACK_DEFAULT id=1969, [ Capabilities: INTERNET&NOT_RESTRICTED&TRUSTED&NOT_VPN] ] with score 100
10-22 13:02:38.276  4616  4616 D PhoneSwitcherNetworkRequstListener:   my score=101, my filter=[ Transports: CELLULAR Capabilities: MMS&SUPL&DUN&FOTA&IMS&CBS&IA&RCS&XCAP&EIMS&INTERNET&NOT_RESTRICTED&TRUSTED&NOT_VPN&ENT1 Specifier: <android.net.MatchAllNetworkSpecifier@0>]
10-22 13:02:38.276  4616  4616 D PhoneSwitcherNetworkRequstListener: evalRequest
10-22 13:02:38.276  4616  4616 D PhoneSwitcherNetworkRequstListener:   needNetworkFor
10-22 13:02:38.278  2479  2548 D ScanRecord: Not a Multi Manu data
10-22 13:02:38.278  2479  2548 I chatty  : uid=1002(bluetooth) BT Service Call identical 9 lines
10-22 13:02:38.278  2479  2548 D ScanRecord: Not a Multi Manu data
10-22 13:02:38.282  1792  2336 D NetworkSecurityConfig: No Network Security Config specified, using platform default
