10-22 13:30:30.514  6124  6124 I ServiceChildProcess: onCreate
10-22 13:30:30.515  6124  6141 I GeckoThread: preparing to run Gecko
10-22 13:30:30.519  5812  5841 W AudioCapabilities: Unsupported mime audio/mpeg-L1
10-22 13:30:30.519  5812  5841 W AudioCapabilities: Unsupported mime audio/mpeg-L2
10-22 13:30:30.519  5812  5841 W AudioCapabilities: Unsupported mime audio/x-ms-wma
10-22 13:30:30.519  5812  5841 W AudioCapabilities: Unsupported mime audio/x-ima
10-22 13:30:30.520  5812  5841 W VideoCapabilities: Unrecognized profile 2130706433 for video/avc
10-22 13:30:30.520  5812  5841 W VideoCapabilities: Unrecognized profile 2130706434 for video/avc
10-22 13:30:30.520  6124  6141 W linker  : "/data/app/org.mozilla.fenix-iWpGOrf8cry6RDpwHyQugA==/lib/arm64/libmozglue.so" unused DT entry: type 0x8000024 arg 0x38f70
10-22 13:30:30.520  6124  6141 W linker  : "/data/app/org.mozilla.fenix-iWpGOrf8cry6RDpwHyQugA==/lib/arm64/libmozglue.so" unused DT entry: type 0x8000023 arg 0x1f8
10-22 13:30:30.520  6124  6141 W linker  : "/data/app/org.mozilla.fenix-iWpGOrf8cry6RDpwHyQugA==/lib/arm64/libmozglue.so" unused DT entry: type 0x8000025 arg 0x8
10-22 13:30:30.522  5812  5841 W VideoCapabilities: Unrecognized profile/level 1/32 for video/mp4v-es
10-22 13:30:30.522  5812  5841 W VideoCapabilities: Unrecognized profile/level 32768/2 for video/mp4v-es
10-22 13:30:30.522  5812  5841 W VideoCapabilities: Unrecognized profile/level 32768/64 for video/mp4v-es
10-22 13:30:30.523  5812  5841 W VideoCapabilities: Unsupported mime video/wvc1
10-22 13:30:30.524  5812  5841 W VideoCapabilities: Unsupported mime video/x-ms-wmv
10-22 13:30:30.524  3957  4128 D WifiService: getConnectionInfo uid=1000
10-22 13:30:30.524  5812  5841 W VideoCapabilities: Unsupported mime video/x-ms-wmv7
10-22 13:30:30.525  5812  5841 W VideoCapabilities: Unsupported mime video/x-ms-wmv8
10-22 13:30:30.525  6124  6141 I GeckoLoader: Library base=/data/app/org.mozilla.fenix-iWpGOrf8cry6RDpwHyQugA==/lib/arm64
10-22 13:30:30.525  5812  5841 W VideoCapabilities: Unsupported mime video/mp43
10-22 13:30:30.525  6124  6141 I GeckoLoader: Library base=/data/app/org.mozilla.fenix-iWpGOrf8cry6RDpwHyQugA==/lib/arm64
10-22 13:30:30.526  6124  6141 E GeckoLibLoad: Load sqlite start
10-22 13:30:30.527  6124  6141 W linker  : "/data/app/org.mozilla.fenix-iWpGOrf8cry6RDpwHyQugA==/lib/arm64/libnss3.so" unused DT entry: type 0x8000024 arg 0x14998
10-22 13:30:30.527  6124  6141 W linker  : "/data/app/org.mozilla.fenix-iWpGOrf8cry6RDpwHyQugA==/lib/arm64/libnss3.so" unused DT entry: type 0x8000023 arg 0x5c8
10-22 13:30:30.528  6124  6141 W linker  : "/data/app/org.mozilla.fenix-iWpGOrf8cry6RDpwHyQugA==/lib/arm64/libnss3.so" unused DT entry: type 0x8000025 arg 0x8
10-22 13:30:30.529  6124  6141 E GeckoLibLoad: Load sqlite done
10-22 13:30:30.529  6124  6141 I GeckoLoader: Library base=/data/app/org.mozilla.fenix-iWpGOrf8cry6RDpwHyQugA==/lib/arm64
10-22 13:30:30.530  6124  6141 E GeckoLibLoad: Load nss start
10-22 13:30:30.530  6124  6141 E GeckoLibLoad: Load nss done
10-22 13:30:30.530  6124  6141 I GeckoLoader: Library base=/data/app/org.mozilla.fenix-iWpGOrf8cry6RDpwHyQugA==/lib/arm64
10-22 13:30:30.534  6124  6141 W linker  : "/data/app/org.mozilla.fenix-iWpGOrf8cry6RDpwHyQugA==/lib/arm64/libxul.so" unused DT entry: type 0x8000024 arg 0x539420
10-22 13:30:30.534  6124  6141 W linker  : "/data/app/org.mozilla.fenix-iWpGOrf8cry6RDpwHyQugA==/lib/arm64/libxul.so" unused DT entry: type 0x8000023 arg 0x17d68
10-22 13:30:30.534  6124  6141 W linker  : "/data/app/org.mozilla.fenix-iWpGOrf8cry6RDpwHyQugA==/lib/arm64/libxul.so" unused DT entry: type 0x8000025 arg 0x8
10-22 13:30:30.537  3957  6478 D SSRM:k  : SIOP:: AP = 320, PST = 329 (W:30), BAT = 248, USB = 0, CHG = 0
10-22 13:30:30.569  6124  6141 E GeckoLibLoad: Loaded libs in 38.929116ms total, 8ms(12ms) user, 28ms(28ms) system, 0(0) faults
10-22 13:30:30.569  6124  6141 W GeckoThread: zerdatime 1636612627 - runGecko
10-22 13:30:30.616  5812  6004 I libglean_ffi: glean_core::upload: Ping 83cd160a-39d4-4361-983d-2cf182e7132b successfully sent 200.
10-22 13:30:30.616  3957 14960 D ConnectivityService: filterNetworkStateForUid() uid: 10169 networkInfo: [type: WIFI[] - WIFI, state: CONNECTED/CONNECTED, reason: (unspecified), extra: "ourhome", failover: false, available: true, roaming: false, metered: false]
10-22 13:30:30.616  3957 14960 D WifiService: getConnectionInfo uid=1000
10-22 13:30:30.619  5812  6004 I libglean_ffi: glean_core::upload::directory: File was deleted /data/user/0/org.mozilla.fenix/glean_data/pending_pings/83cd160a-39d4-4361-983d-2cf182e7132b
10-22 13:30:30.623  5767  6044 I BatteryMgr:DataCollectionService: stats => 1697974230622,166,4310,156,0,100
10-22 13:30:30.628  5812  6004 I libglean_ffi: glean_core::upload: No more pings to upload! You are done.
10-22 13:30:30.631  5812  5910 I WM-WorkerWrapper: Worker result SUCCESS for Work [ id=84b46997-ad9b-4adb-998e-cee350aa5f2d, tags={ mozilla.telemetry.glean.scheduler.PingUploadWorker, mozac_service_glean_ping_upload_worker } ]
10-22 13:30:30.636  5812  5812 D ConnectivityManager: unregisterNetworkCallback; CallingUid : 10169, CallingPid : 5812
10-22 13:30:30.637  3957  4157 D ConnectivityService: releasing NetworkRequest [ TRACK_DEFAULT id=1985, [ Capabilities: INTERNET&NOT_RESTRICTED&TRUSTED&NOT_VPN] ] (CALLBACK_RELEASED)
10-22 13:30:30.637  3957  4157 D ConnectivityService:  Removing from current network NetworkAgentInfo [WIFI () - 509], leaving 13 requests.
10-22 13:30:30.639  3957  4157 D ConnectivityService: sending notification RELEASED for NetworkRequest [ TRACK_DEFAULT id=1985, [ Capabilities: INTERNET&NOT_RESTRICTED&TRUSTED&NOT_VPN] ]
10-22 13:30:30.708  3957 10037 D ConnectivityService: filterNetworkStateForUid() uid: 10169 networkInfo: [type: WIFI[] - WIFI, state: CONNECTED/CONNECTED, reason: (unspecified), extra: "ourhome", failover: false, available: true, roaming: false, metered: false]
10-22 13:30:30.709  3957 10037 D WifiService: getConnectionInfo uid=1000
10-22 13:30:30.719  3957 10037 I chatty  : uid=1000(system) Binder:3957_18 identical 3 lines
10-22 13:30:30.719  3957 10037 I chatty  : uid=1000(system) Binder:3957_18 identical 3 lines
10-22 13:30:30.725  3957 10037 D ConnectivityService: filterNetworkStateForUid() uid: 10169 networkInfo: [type: WIFI[] - WIFI, state: CONNECTED/CONNECTED, reason: (unspecified), extra: "ourhome", failover: false, available: true, roaming: false, metered: false]
10-22 13:30:30.725  3957 10037 D WifiService: getConnectionInfo uid=1000
10-22 13:30:30.729  3957 18006 D ConnectivityService: filterNetworkStateForUid() uid: 10169 networkInfo: [type: WIFI[] - WIFI, state: CONNECTED/CONNECTED, reason: (unspecified), extra: "ourhome", failover: false, available: true, roaming: false, metered: false]
10-22 13:30:30.729  3957 18006 D WifiService: getConnectionInfo uid=1000
10-22 13:30:30.729  5895  5923 W linker  : "/data/app/org.mozilla.fenix-iWpGOrf8cry6RDpwHyQugA==/lib/arm64/libsoftokn3.so" unused DT entry: type 0x8000024 arg 0x2580
10-22 13:30:30.729  5895  5923 W linker  : "/data/app/org.mozilla.fenix-iWpGOrf8cry6RDpwHyQugA==/lib/arm64/libsoftokn3.so" unused DT entry: type 0x8000023 arg 0x70
10-22 13:30:30.730  5895  5923 W linker  : "/data/app/org.mozilla.fenix-iWpGOrf8cry6RDpwHyQugA==/lib/arm64/libsoftokn3.so" unused DT entry: type 0x8000025 arg 0x8
10-22 13:30:30.732  5895  5923 W linker  : "/data/app/org.mozilla.fenix-iWpGOrf8cry6RDpwHyQugA==/lib/arm64/libfreebl3.so" unused DT entry: type 0x8000024 arg 0xe78
10-22 13:30:30.733  5895  5923 W linker  : "/data/app/org.mozilla.fenix-iWpGOrf8cry6RDpwHyQugA==/lib/arm64/libfreebl3.so" unused DT entry: type 0x8000023 arg 0x68
10-22 13:30:30.733  5895  5923 W linker  : "/data/app/org.mozilla.fenix-iWpGOrf8cry6RDpwHyQugA==/lib/arm64/libfreebl3.so" unused DT entry: type 0x8000025 arg 0x8
10-22 13:30:30.733  5767  6044 I BatteryMgr:DataCollectionService: stats => 1697974230732,166,4310,156,0,100
10-22 13:30:30.784  3957 18006 D WifiService: getConnectionInfo uid=1000
10-22 13:30:30.807  3957 18006 I chatty  : uid=1000(system) Binder:3957_20 identical 4 lines
10-22 13:30:30.807  3957 18006 I chatty  : uid=1000(system) Binder:3957_20 identical 3 lines
10-22 13:30:30.835  3957 18006 D ConnectivityService: filterNetworkStateForUid() uid: 10169 networkInfo: [type: WIFI[] - WIFI, state: CONNECTED/CONNECTED, reason: (unspecified), extra: "ourhome", failover: false, available: true, roaming: false, metered: false]
10-22 13:30:30.835  3957 18006 D WifiService: getConnectionInfo uid=1000
10-22 13:30:30.840  3957 10037 D ConnectivityService: filterNetworkStateForUid() uid: 10169 networkInfo: [type: WIFI[] - WIFI, state: CONNECTED/CONNECTED, reason: (unspecified), extra: "ourhome", failover: false, available: true, roaming: false, metered: false]
10-22 13:30:30.840  3957 10037 D WifiService: getConnectionInfo uid=1000
10-22 13:30:30.841  5767  6044 I BatteryMgr:DataCollectionService: stats => 1697974230841,166,4310,156,0,100
10-22 13:30:30.850  3957 10037 D WifiService: getConnectionInfo uid=1000
10-22 13:30:30.881  3957 10037 I chatty  : uid=1000(system) Binder:3957_18 identical 8 lines
10-22 13:30:30.884  3957 10037 D WifiService: getConnectionInfo uid=1000
10-22 13:30:30.949  5767  6044 I BatteryMgr:DataCollectionService: stats => 1697974230949,166,4310,156,0,100
10-22 13:30:30.965  5968  6043 E vulkan  : invalid vkGetInstanceProcAddr(VK_NULL_HANDLE, "vkEnumerateInstanceVersion") call
10-22 13:30:30.965  5968  6043 E vulkan  : invalid vkGetInstanceProcAddr(VK_NULL_HANDLE, "vkEnumerateInstanceVersion") call
10-22 13:30:30.972  5968  6043 D vulkan  : searching for layers in '/data/app/org.mozilla.fenix-iWpGOrf8cry6RDpwHyQugA==/lib/arm64'
10-22 13:30:30.973  5968  6043 D vulkan  : searching for layers in '/data/app/org.mozilla.fenix-iWpGOrf8cry6RDpwHyQugA==/base.apk!/lib/arm64-v8a'
10-22 13:30:30.976  3957 10037 D WifiService: getConnectionInfo uid=1000
10-22 13:30:30.980  5968  6043 D vulkan  : vulkan api version_1_0 1.0.0
10-22 13:30:30.980  5968  6043 D vulkan  : vulkan header version 46
10-22 13:30:31.061  5767  6044 I BatteryMgr:DataCollectionService: stats => 1697974231061,166,4310,156,0,100
10-22 13:30:31.088  5812  5812 I GeckoSession: handleMessage GeckoView:PageStop uri=null
10-22 13:30:31.093  5812  5852 I SessionStorage/AutoSave: Save: Load finished
10-22 13:30:31.170  5767  6044 I BatteryMgr:DataCollectionService: stats => 1697974231170,166,4310,156,0,100
10-22 13:30:31.265  5812  5812 W GeckoSession: No history entries found.
10-22 13:30:31.280  5767  6044 I BatteryMgr:DataCollectionService: stats => 1697974231280,166,4310,156,0,100
10-22 13:30:31.327  3957 10037 D WifiService: getConnectionInfo uid=1000
10-22 13:30:31.342  3957 10037 I chatty  : uid=1000(system) Binder:3957_18 identical 2 lines
10-22 13:30:31.353  3957 10037 D WifiService: getConnectionInfo uid=1000
10-22 13:30:31.389  5767  6044 I BatteryMgr:DataCollectionService: stats => 1697974231389,166,4310,156,0,100
10-22 13:30:31.391  3957 10037 I chatty  : uid=1000(system) Binder:3957_18 identical 16 lines
10-22 13:30:31.391  3957 10037 D WifiService: getConnectionInfo uid=1000
10-22 13:30:31.490  3957  4129 D WifiStateMachine:  ConnectedState !RSSI_PKTCNT_FETCH uid=1000 rt=580638075/1636613547 0 0 "ourhome" f4:6d:2f:12:cc:88 rssi=-46 f=5240 sc=60 link=433 tx=36.9, 3.8, 0.0  rx=40.4 bcn=390753 [on:0 tx:0 rx:0 period:1001] from screen [on:5137 period:41068] score=60
10-22 13:30:31.491  3957  4129 D WifiStateMachine:  L2ConnectedState !RSSI_PKTCNT_FETCH uid=1000 rt=580638076/1636613548 0 0 "ourhome" f4:6d:2f:12:cc:88 rssi=-46 f=5240 sc=60 link=433 tx=36.9, 3.8, 0.0  rx=40.4 bcn=390753 [on:0 tx:0 rx:0 period:1] from screen [on:5137 period:41069] score=60
10-22 13:30:31.492  3957 10037 D ConnectivityService: filterNetworkStateForUid() uid: 10169 networkInfo: [type: WIFI[] - WIFI, state: CONNECTED/CONNECTED, reason: (unspecified), extra: "ourhome", failover: false, available: true, roaming: false, metered: false]
10-22 13:30:31.492  3957 10037 D WifiService: getConnectionInfo uid=1000
10-22 13:30:31.493  3957  4129 D WifiStateMachine: fetchRssiLinkSpeedAndFrequencyNative rssi=-42 linkspeed=433 freq=5240
10-22 13:30:31.493  3957  4129 V WifiConfigManager: Updating scan detail cache freq=5240 BSSID=f4:6d:2f:12:cc:88 RSSI=-43 for "ourhome"WPA_PSK
10-22 13:30:31.499  5767  6044 I BatteryMgr:DataCollectionService: stats => 1697974231499,166,4310,156,0,100
10-22 13:30:31.526  3957  4128 D WifiService: getConnectionInfo uid=1000
10-22 13:30:31.568  3957 18006 D ConnectivityService: filterNetworkStateForUid() uid: 10169 networkInfo: [type: WIFI[] - WIFI, state: CONNECTED/CONNECTED, reason: (unspecified), extra: "ourhome", failover: false, available: true, roaming: false, metered: false]
10-22 13:30:31.568  3957 18006 D WifiService: getConnectionInfo uid=1000
10-22 13:30:31.614  5767  6044 I BatteryMgr:DataCollectionService: stats => 1697974231614,166,4310,156,0,100
10-22 13:30:31.728  5767  6044 I BatteryMgr:DataCollectionService: stats => 1697974231728,166,4310,156,0,100
10-22 13:30:31.848  5767  6044 I BatteryMgr:DataCollectionService: stats => 1697974231848,166,4310,156,0,100
10-22 13:30:31.939  4340  4340 D KeyguardUpdateMonitor: handleStatusBarState( false )
10-22 13:30:31.959  4340  4340 D KeyguardUpdateMonitor: handleStatusBarState( false )
10-22 13:30:31.962  5767  6044 I BatteryMgr:DataCollectionService: stats => 1697974231962,166,4310,156,0,100
10-22 13:30:32.069  3957  6478 D WifiService: getConnectionInfo uid=1000
10-22 13:30:32.073  5767  6044 I BatteryMgr:DataCollectionService: stats => 1697974232073,166,4310,156,0,100
10-22 13:30:32.185  5767  6044 I BatteryMgr:DataCollectionService: stats => 1697974232184,166,4310,156,0,100
10-22 13:30:32.297  5767  6044 I BatteryMgr:DataCollectionService: stats => 1697974232296,166,4310,156,0,100
10-22 13:30:32.405  5767  6044 I BatteryMgr:DataCollectionService: stats => 1697974232405,166,4310,156,0,100
10-22 13:30:32.491  3957  4129 D WifiStateMachine:  ConnectedState !RSSI_PKTCNT_FETCH uid=1000 rt=580639076/1636614548 0 0 "ourhome" f4:6d:2f:12:cc:88 rssi=-42 f=5240 sc=60 link=433 tx=36.9, 3.8, 0.0  rx=40.4 bcn=390753 [on:0 tx:0 rx:0 period:1000] from screen [on:5137 period:42069] score=60
10-22 13:30:32.492  3957  4129 D WifiStateMachine:  L2ConnectedState !RSSI_PKTCNT_FETCH uid=1000 rt=580639077/1636614549 0 0 "ourhome" f4:6d:2f:12:cc:88 rssi=-42 f=5240 sc=60 link=433 tx=36.9, 3.8, 0.0  rx=40.4 bcn=390753 [on:0 tx:0 rx:0 period:1] from screen [on:5137 period:42070] score=60
10-22 13:30:32.498  3957  4129 D WifiStateMachine: fetchRssiLinkSpeedAndFrequencyNative rssi=-43 linkspeed=433 freq=5240
10-22 13:30:32.498  3957  4129 V WifiConfigManager: Updating scan detail cache freq=5240 BSSID=f4:6d:2f:12:cc:88 RSSI=-43 for "ourhome"WPA_PSK
10-22 13:30:32.513  5767  6044 I BatteryMgr:DataCollectionService: stats => 1697974232513,166,4310,156,0,100
10-22 13:30:32.528  3957  4128 D WifiService: getConnectionInfo uid=1000
10-22 13:30:32.629  5767  6044 I BatteryMgr:DataCollectionService: stats => 1697974232629,166,4310,156,0,100
10-22 13:30:32.692  3957  4129 D WifiStateMachine:  ConnectedState !CMD_RSSI_POLL rt=580639276/1636614748 106 0 "ourhome" f4:6d:2f:12:cc:88 rssi=-43 f=5240 sc=60 link=433 tx=36.9, 3.8, 0.0  rx=40.4 bcn=390753 [on:0 tx:0 rx:0 period:200] from screen [on:5137 period:42270] score=60
10-22 13:30:32.695  3957  4129 D WifiStateMachine:  L2ConnectedState !CMD_RSSI_POLL rt=580639278/1636614750 106 0 "ourhome" f4:6d:2f:12:cc:88 rssi=-43 f=5240 sc=60 link=433 tx=36.9, 3.8, 0.0  rx=40.4 bcn=390753 [on:0 tx:0 rx:0 period:2] from screen [on:5137 period:42272] score=60
10-22 13:30:32.695  3957  4129 D WifiStateMachine:  get link layer stats 3
10-22 13:30:32.696  3436  3436 I android.hardware.wifi@1.0-service: getLinkLayerStats
10-22 13:30:32.710  3957  4129 D WifiStateMachine: fetchRssiLinkSpeedAndFrequencyNative rssi=-43 linkspeed=433 freq=5240
10-22 13:30:32.710  3957  4129 V WifiConfigManager: Updating scan detail cache freq=5240 BSSID=f4:6d:2f:12:cc:88 RSSI=-43 for "ourhome"WPA_PSK
10-22 13:30:32.715  4340  4340 E SignalClusterView: setSlotFocusVisible : subId -2
10-22 13:30:32.715  4340  4340 E SignalClusterView: setSlotFocusVisible : subId -2
10-22 13:30:32.746  5767  6044 I BatteryMgr:DataCollectionService: stats => 1697974232746,166,4310,156,0,100
10-22 13:30:32.864  5767  6044 I BatteryMgr:DataCollectionService: stats => 1697974232864,166,4310,156,0,100
10-22 13:30:32.981  5767  6044 I BatteryMgr:DataCollectionService: stats => 1697974232981,166,4310,156,0,100
10-22 13:30:33.090  5767  6044 I BatteryMgr:DataCollectionService: stats => 1697974233090,166,4310,156,0,100
10-22 13:30:33.199  5767  6044 I BatteryMgr:DataCollectionService: stats => 1697974233199,166,4310,156,0,100
10-22 13:30:33.308  5767  6044 I BatteryMgr:DataCollectionService: stats => 1697974233308,166,4310,156,0,100
10-22 13:30:33.417  5767  6044 I BatteryMgr:DataCollectionService: stats => 1697974233416,166,4310,156,0,100
10-22 13:30:33.493  3957  4129 D WifiStateMachine:  ConnectedState !RSSI_PKTCNT_FETCH uid=1000 rt=580640077/1636615550 0 0 "ourhome" f4:6d:2f:12:cc:88 rssi=-43 f=5240 sc=60 link=433 tx=179.1, 52.8, 0.0  rx=502.8 bcn=390782 [on:0 tx:0 rx:0 period:779] from screen [on:7321 period:43071] score=60
10-22 13:30:33.494  3957  4129 D WifiStateMachine:  L2ConnectedState !RSSI_PKTCNT_FETCH uid=1000 rt=580640078/1636615551 0 0 "ourhome" f4:6d:2f:12:cc:88 rssi=-43 f=5240 sc=60 link=433 tx=179.1, 52.8, 0.0  rx=502.8 bcn=390782 [on:0 tx:0 rx:0 period:1] from screen [on:7321 period:43072] score=60
10-22 13:30:33.500  3957  4129 D WifiStateMachine: fetchRssiLinkSpeedAndFrequencyNative rssi=-41 linkspeed=433 freq=5240
10-22 13:30:33.500  3957  4129 V WifiConfigManager: Updating scan detail cache freq=5240 BSSID=f4:6d:2f:12:cc:88 RSSI=-41 for "ourhome"WPA_PSK
10-22 13:30:33.525  5767  6044 I BatteryMgr:DataCollectionService: stats => 1697974233525,166,4310,156,0,100
10-22 13:30:33.529  3957  4128 D WifiService: getConnectionInfo uid=1000
10-22 13:30:33.641  5767  6044 I BatteryMgr:DataCollectionService: stats => 1697974233641,166,4310,156,0,100
10-22 13:30:33.757  5767  6044 I BatteryMgr:DataCollectionService: stats => 1697974233756,166,4310,156,0,100
10-22 13:30:33.873  5767  6044 I BatteryMgr:DataCollectionService: stats => 1697974233872,166,4310,156,0,100
10-22 13:30:33.988  5767  6044 I BatteryMgr:DataCollectionService: stats => 1697974233988,166,4310,156,0,100
10-22 13:30:34.067  2479  2548 D ScanRecord: Not a Multi Manu data
10-22 13:30:34.073  2479  2548 I chatty  : uid=1002(bluetooth) BT Service Call identical 24 lines
10-22 13:30:34.073  2479  2548 D ScanRecord: Not a Multi Manu data
10-22 13:30:34.099  5767  6044 I BatteryMgr:DataCollectionService: stats => 1697974234099,166,4310,156,0,100
10-22 13:30:34.129  2479  2548 D ScanRecord: Not a Multi Manu data
10-22 13:30:34.206  2479  2548 I chatty  : uid=1002(bluetooth) BT Service Call identical 128 lines
10-22 13:30:34.206  2479  2548 D ScanRecord: Not a Multi Manu data
10-22 13:30:34.211  5767  6044 I BatteryMgr:DataCollectionService: stats => 1697974234211,166,4310,156,0,100
10-22 13:30:34.211  2479  2548 D ScanRecord: Not a Multi Manu data
10-22 13:30:34.321  2479  2548 I chatty  : uid=1002(bluetooth) BT Service Call identical 180 lines
10-22 13:30:34.321  2479  2548 D ScanRecord: Not a Multi Manu data
10-22 13:30:34.322  5767  6044 I BatteryMgr:DataCollectionService: stats => 1697974234322,166,4310,156,0,100
10-22 13:30:34.325  2479  2548 D ScanRecord: Not a Multi Manu data
10-22 13:30:34.395  2479  2548 I chatty  : uid=1002(bluetooth) BT Service Call identical 115 lines
10-22 13:30:34.395  2479  2548 D ScanRecord: Not a Multi Manu data
10-22 13:30:34.403  3559  3559 E audit   : type=1400 audit(1697974234.394:6809): avc:  denied  { read } for  pid=6195 comm="pool-37-thread-" name="version" dev="proc" ino=4026532182 scontext=u:r:untrusted_app:s0:c512,c768 tcontext=u:object_r:proc:s0 tclass=file permissive=0 SEPF_SM-J720F_8.0.0_0002 audit_filtered
10-22 13:30:34.403  3559  3559 E audit   : type=1300 audit(1697974234.394:6809): arch=c00000b7 syscall=48 success=no exit=-13 a0=ffffff9c a1=743ff5b470 a2=4 a3=0 items=0 ppid=3579 pid=6195 auid=4294967295 uid=10169 gid=10169 euid=10169 suid=10169 fsuid=10169 egid=10169 sgid=10169 fsgid=10169 tty=(none) ses=4294967295 comm="pool-37-thread-" exe="/system/bin/app_process64" subj=u:r:untrusted_app:s0:c512,c768 key=(null)
10-22 13:30:34.403  3559  3559 E audit   : type=1327 audit(1697974234.394:6809): proctitle="org.mozilla.fenix"
10-22 13:30:34.430  5767  6044 I BatteryMgr:DataCollectionService: stats => 1697974234430,166,4310,156,0,100
10-22 13:30:34.442  5812  5812 D ConnectivityManager: requestNetwork; CallingUid : 10169, CallingPid : 5812
10-22 13:30:34.445  3957 18006 D ConnectivityService: requestNetwork for uid/pid:10169/5812 NetworkRequest [ TRACK_DEFAULT id=1986, [ Capabilities: INTERNET&NOT_RESTRICTED&TRUSTED&NOT_VPN] ]
10-22 13:30:34.447  3957  4157 D ConnectivityService: rematching NetworkAgentInfo [WIFI () - 509]
10-22 13:30:34.447  3957  4157 D ConnectivityService:  network has: [ Transports: WIFI Capabilities: NOT_METERED&INTERNET&NOT_RESTRICTED&TRUSTED&NOT_VPN&VALIDATED&FOREGROUND LinkUpBandwidth>=1048576Kbps LinkDnBandwidth>=1048576Kbps SignalStrength: -36]
10-22 13:30:34.447  3957  4157 D ConnectivityService:   checking if request is satisfied: NetworkRequest [ TRACK_DEFAULT id=1986, [ Capabilities: INTERNET&NOT_RESTRICTED&TRUSTED&NOT_VPN] ]
10-22 13:30:34.447  3957  4157 D ConnectivityService: currentScore = 0, newScore = 100
10-22 13:30:34.447  3957  4157 D ConnectivityService: rematch for NetworkAgentInfo [WIFI () - 509]
10-22 13:30:34.447  3957  4157 D ConnectivityService:    accepting network in place of null
10-22 13:30:34.447  3957  4157 D ConnectivityService: sending new Min Network Score(100): NetworkRequest [ TRACK_DEFAULT id=1986, [ Capabilities: INTERNET&NOT_RESTRICTED&TRUSTED&NOT_VPN] ]
10-22 13:30:34.448  2479  2548 D ScanRecord: Not a Multi Manu data
10-22 13:30:34.448  2479  2548 I chatty  : uid=1002(bluetooth) BT Service Call identical 11 lines
10-22 13:30:34.448  2479  2548 D ScanRecord: Not a Multi Manu data
10-22 13:30:34.449  3957  4313 D Ethernet: got request NetworkRequest [ TRACK_DEFAULT id=1986, [ Capabilities: INTERNET&NOT_RESTRICTED&TRUSTED&NOT_VPN] ] with score 100
10-22 13:30:34.449  3957  4313 D Ethernet:   my score=-1, my filter=[ Transports: ETHERNET Capabilities: INTERNET&NOT_RESTRICTED&TRUSTED&NOT_VPN LinkUpBandwidth>=100000Kbps LinkDnBandwidth>=100000Kbps]
10-22 13:30:34.449  3957  4313 D Ethernet: evalRequest
10-22 13:30:34.449  3957  4313 D Ethernet:   done
10-22 13:30:34.450  3957 10037 D ConnectivityService: filterNetworkStateForUid() uid: 10169 networkInfo: [type: WIFI[] - WIFI, state: CONNECTED/CONNECTED, reason: (unspecified), extra: "ourhome", failover: false, available: true, roaming: false, metered: false]
10-22 13:30:34.450  4961  4961 D io_stats: !@ 179,0 r 8770348 285373760 w 2029763 40087792 d 161370 36261344 f 620447 644719 iot 4057320 3509879 th 51200 0 0 pt 0 inp 0 0 580641.034
10-22 13:30:34.450  3957 10037 D WifiService: getConnectionInfo uid=1000
10-22 13:30:34.453  4616  4616 D PhoneSwitcherNetworkRequstListener: got request NetworkRequest [ TRACK_DEFAULT id=1986, [ Capabilities: INTERNET&NOT_RESTRICTED&TRUSTED&NOT_VPN] ] with score 100
10-22 13:30:34.453  4616  4616 D PhoneSwitcherNetworkRequstListener:   my score=101, my filter=[ Transports: CELLULAR Capabilities: MMS&SUPL&DUN&FOTA&IMS&CBS&IA&RCS&XCAP&EIMS&INTERNET&NOT_RESTRICTED&TRUSTED&NOT_VPN&ENT1 Specifier: <android.net.MatchAllNetworkSpecifier@0>]
10-22 13:30:34.453  3957  4153 D WIFI_P2P: got request NetworkRequest [ TRACK_DEFAULT id=1986, [ Capabilities: INTERNET&NOT_RESTRICTED&TRUSTED&NOT_VPN] ] with score 100
10-22 13:30:34.453  4616  4616 D PhoneSwitcherNetworkRequstListener: evalRequest
10-22 13:30:34.453  4616  4616 D PhoneSwitcherNetworkRequstListener:   needNetworkFor
10-22 13:30:34.453  3957  4153 D WIFI_P2P:   my score=60, my filter=[ Transports: WIFI Capabilities: WIFI_P2P&NOT_RESTRICTED&TRUSTED&NOT_VPN LinkUpBandwidth>=1048576Kbps LinkDnBandwidth>=1048576Kbps]
10-22 13:30:34.453  3957  4153 D WIFI_P2P: evalRequest
10-22 13:30:34.453  3957  4153 D WIFI_P2P:   done
10-22 13:30:34.454  3957  4129 D WIFI    : got request NetworkRequest [ TRACK_DEFAULT id=1986, [ Capabilities: INTERNET&NOT_RESTRICTED&TRUSTED&NOT_VPN] ] with score 100
10-22 13:30:34.454  3957  4157 D ConnectivityService: MultiNetwork Request(TransportType - Wi-Fi request). Internet Capability doesn't required (false)
10-22 13:30:34.454  3957  4129 D WIFI    :   my score=60, my filter=[ Transports: WIFI Capabilities: NOT_METERED&INTERNET&NOT_RESTRICTED&TRUSTED&NOT_VPN LinkUpBandwidth>=1048576Kbps LinkDnBandwidth>=1048576Kbps]
10-22 13:30:34.454  3957  4129 D WIFI    : evalRequest
10-22 13:30:34.454  3957  4129 D WIFI    :   done
10-22 13:30:34.454  3957  4157 D ConnectivityService: sending mNetworkRequests to WWSM through Network Monitor [ Transports: WIFI Capabilities: NOT_RESTRICTED&TRUSTED&NOT_VPN]
10-22 13:30:34.454  3957  4157 D ConnectivityService: multi(falsetruefalse)
10-22 13:30:34.454  3957  4129 D WIFI_UT : got request NetworkRequest [ TRACK_DEFAULT id=1986, [ Capabilities: INTERNET&NOT_RESTRICTED&TRUSTED&NOT_VPN] ] with score 100
10-22 13:30:34.454  3957  4129 D WIFI_UT :   my score=2147483647, my filter=[ Transports: WIFI Capabilities: NOT_METERED&INTERNET&NOT_RESTRICTED&TRUSTED&NOT_VPN LinkUpBandwidth>=1048576Kbps LinkDnBandwidth>=1048576Kbps]
10-22 13:30:34.454  3957  4129 D WIFI_UT : evalRequest
10-22 13:30:34.454  3957  4129 D WIFI_UT :   needNetworkFor
10-22 13:30:34.454  3957  4157 D ConnectivityService: Network NetworkAgentInfo [WIFI () - 509] was already satisfying request 1. No change.
10-22 13:30:34.454  3957  4157 D ConnectivityService: Network NetworkAgentInfo [WIFI () - 509] was already satisfying request 3. No change.
10-22 13:30:34.454  3957  4157 D ConnectivityService: Network NetworkAgentInfo [WIFI () - 509] was already satisfying request 1976. No change.
10-22 13:30:34.454  3957 23685 D NetworkMonitor/NetworkAgentInfo [WIFI () - 509]: EvaluatingState{ when=-1ms what=151659 arg1=1 obj=Bundle[{UID=10025, requestID=1983}] target=com.android.internal.util.StateMachine$SmHandler }
10-22 13:30:34.454  3957  4157 D ConnectivityService: Network NetworkAgentInfo [WIFI () - 509] was already satisfying request 1972. No change.
10-22 13:30:34.454  3957 23685 D NetworkMonitor/NetworkAgentInfo [WIFI () - 509]: MaybeNotifyState{ when=-1ms what=151659 arg1=1 obj=Bundle[{UID=10025, requestID=1983}] target=com.android.internal.util.StateMachine$SmHandler }
10-22 13:30:34.454  3957 23685 D NetworkMonitor/NetworkAgentInfo [WIFI () - 509]: DefaultState{ when=-1ms what=151659 arg1=1 obj=Bundle[{UID=10025, requestID=1983}] target=com.android.internal.util.StateMachine$SmHandler }
10-22 13:30:34.454  5812  6200 D NetworkSecurityConfig: No Network Security Config specified, using platform default
10-22 13:30:34.454  3957  4157 D ConnectivityService: sending notification AVAILABLE for NetworkRequest [ TRACK_DEFAULT id=1986, [ Capabilities: INTERNET&NOT_RESTRICTED&TRUSTED&NOT_VPN] ]
10-22 13:30:34.455  3957  4157 D ConnectivityService: sending notification CAP_CHANGED for NetworkRequest [ TRACK_DEFAULT id=1986, [ Capabilities: INTERNET&NOT_RESTRICTED&TRUSTED&NOT_VPN] ]
10-22 13:30:34.455  3957  4157 D ConnectivityService: sending notification IP_CHANGED for NetworkRequest [ TRACK_DEFAULT id=1986, [ Capabilities: INTERNET&NOT_RESTRICTED&TRUSTED&NOT_VPN] ]
10-22 13:30:34.457  2479  2548 D ScanRecord: Not a Multi Manu data
10-22 13:30:34.463  2479  2548 I chatty  : uid=1002(bluetooth) BT Service Call identical 24 lines
10-22 13:30:34.463  2479  2548 D ScanRecord: Not a Multi Manu data
10-22 13:30:34.466  5812  6200 I System.out: (HTTPLog)-Static: isSBSettingEnabled false
10-22 13:30:34.466  5812  6200 I System.out: (HTTPLog)-Static: isSBSettingEnabled false
10-22 13:30:34.467  2479  2548 D ScanRecord: Not a Multi Manu data
10-22 13:30:34.468  2479  2548 I chatty  : uid=1002(bluetooth) BT Service Call identical 11 lines
10-22 13:30:34.468  2479  2548 D ScanRecord: Not a Multi Manu data
10-22 13:30:34.468  3599  3918 D DnsProxyListener: DNSDBG::dns addrinfo af 0
10-22 13:30:34.472  2479  2548 D ScanRecord: Not a Multi Manu data
10-22 13:30:34.485  2479  2548 I chatty  : uid=1002(bluetooth) BT Service Call identical 24 lines
10-22 13:30:34.485  2479  2548 D ScanRecord: Not a Multi Manu data
10-22 13:30:34.488  5812  5812 I glean/Glean: Registering pings for org.mozilla.fenix.GleanMetrics.Pings
10-22 13:30:34.494  3957  4129 D WifiStateMachine:  ConnectedState !RSSI_PKTCNT_FETCH uid=1000 rt=580641078/1636616550 0 0 "ourhome" f4:6d:2f:12:cc:88 rssi=-41 f=5240 sc=60 link=433 tx=179.1, 52.8, 0.0  rx=502.8 bcn=390782 [on:0 tx:0 rx:0 period:1000] from screen [on:7321 period:44072] score=60
10-22 13:30:34.495  3957  4129 D WifiStateMachine:  L2ConnectedState !RSSI_PKTCNT_FETCH uid=1000 rt=580641079/1636616552 0 0 "ourhome" f4:6d:2f:12:cc:88 rssi=-41 f=5240 sc=60 link=433 tx=179.1, 52.8, 0.0  rx=502.8 bcn=390782 [on:0 tx:0 rx:0 period:1] from screen [on:7321 period:44073] score=60
10-22 13:30:34.498  5812  5852 I FenixApplication: Running post-visual completeness tasks...
10-22 13:30:34.498  5812  5852 I FenixApplication: Storage initialization...
10-22 13:30:34.498  5812  5852 I PlacesHistoryStorage: Warming up places storage...
10-22 13:30:34.498  3957  4129 D WifiStateMachine: fetchRssiLinkSpeedAndFrequencyNative rssi=-44 linkspeed=433 freq=5240
10-22 13:30:34.499  3957  4129 V WifiConfigManager: Updating scan detail cache freq=5240 BSSID=f4:6d:2f:12:cc:88 RSSI=-42 for "ourhome"WPA_PSK
10-22 13:30:34.499  5812  5852 I PlacesHistoryStorage: 'Warming up places storage' took 0 ms
10-22 13:30:34.499  5812  5852 I PlacesBookmarksStorage: Warming up places storage...
10-22 13:30:34.499  5812  5852 I PlacesBookmarksStorage: 'Warming up places storage' took 0 ms
10-22 13:30:34.500  5812  5852 I SyncableLoginsStorage: Warming up storage...
10-22 13:30:34.500  5812  5852 I SyncableLoginsStorage: 'Warming up storage' took 0 ms
10-22 13:30:34.501  5812  5852 I AutofillCCAddressesStorage: Warming up storage...
10-22 13:30:34.502  5812  5852 I AutofillCCAddressesStorage: 'Warming up storage' took 0 ms
10-22 13:30:34.512  2479  2548 D ScanRecord: Not a Multi Manu data
10-22 13:30:34.530  2479  2548 I chatty  : uid=1002(bluetooth) BT Service Call identical 37 lines
10-22 13:30:34.530  2479  2548 D ScanRecord: Not a Multi Manu data
10-22 13:30:34.531  3957  4128 D WifiService: getConnectionInfo uid=1000
10-22 13:30:34.532  5812  5812 I ColdStartupDuration: COLD MAIN Application.<init> to first frame: 1063 ms
10-22 13:30:34.548  2479  2548 D ScanRecord: Not a Multi Manu data
10-22 13:30:34.548  2479  2548 I chatty  : uid=1002(bluetooth) BT Service Call identical 11 lines
10-22 13:30:34.548  2479  2548 D ScanRecord: Not a Multi Manu data
10-22 13:30:34.552  5767  6044 I BatteryMgr:DataCollectionService: stats => 1697974234552,166,4310,156,0,100
10-22 13:30:34.554  2479  2548 D ScanRecord: Not a Multi Manu data
10-22 13:30:34.555  2479  2548 I chatty  : uid=1002(bluetooth) BT Service Call identical 11 lines
10-22 13:30:34.555  2479  2548 D ScanRecord: Not a Multi Manu data
10-22 13:30:34.559  3957 10037 D ConnectivityService: filterNetworkStateForUid() uid: 10169 networkInfo: [type: WIFI[] - WIFI, state: CONNECTED/CONNECTED, reason: (unspecified), extra: "ourhome", failover: false, available: true, roaming: false, metered: false]
10-22 13:30:34.559  3957 10037 D WifiService: getConnectionInfo uid=1000
10-22 13:30:34.559  2479  2548 D ScanRecord: Not a Multi Manu data
10-22 13:30:34.560  2479  2548 I chatty  : uid=1002(bluetooth) BT Service Call identical 11 lines
10-22 13:30:34.561  2479  2548 D ScanRecord: Not a Multi Manu data
10-22 13:30:34.594  5812  5812 I FenixApplication: Kicking-off account manager...
10-22 13:30:34.594  5812  5812 I FenixApplication: 'Kicking-off account manager' took 0 ms
10-22 13:30:34.640  5812  5823 I zygote64: Background concurrent copying GC freed 64081(2MB) AllocSpace objects, 18(468KB) LOS objects, 50% free, 5MB/11MB, paused 3.800ms total 245.565ms
10-22 13:30:34.663  5767  6044 I BatteryMgr:DataCollectionService: stats => 1697974234663,166,4310,156,0,100
10-22 13:30:34.666  3957 18006 D ConnectivityService: filterNetworkStateForUid() uid: 10169 networkInfo: [type: WIFI[] - WIFI, state: CONNECTED/CONNECTED, reason: (unspecified), extra: "ourhome", failover: false, available: true, roaming: false, metered: false]
10-22 13:30:34.667  3957 18006 D WifiService: getConnectionInfo uid=1000
10-22 13:30:34.668  5812  6200 I System.out: (HTTPLog)-Static: isSBSettingEnabled false
10-22 13:30:34.669  5812  6200 I System.out: (HTTPLog)-Static: isSBSettingEnabled false
10-22 13:30:34.721  5812  5852 I FenixApplication: 'Storage initialization' took 222 ms
10-22 13:30:34.732  3957 18006 I chatty  : uid=1000(system) Binder:3957_20 identical 1 line
10-22 13:30:34.732  3957 18006 D WifiService: getConnectionInfo uid=1000
10-22 13:30:34.739  5812  6200 I System.out: (HTTPLog)-Static: isSBSettingEnabled false
10-22 13:30:34.739  5812  6200 I System.out: (HTTPLog)-Static: isSBSettingEnabled false
10-22 13:30:34.772  5767  6044 I BatteryMgr:DataCollectionService: stats => 1697974234772,166,4310,156,0,100
10-22 13:30:34.789  3957  4030 D SensorService: [SO] 0.297 0.115 9.984
10-22 13:30:34.804  3957 18006 D ConnectivityService: filterNetworkStateForUid() uid: 10169 networkInfo: [type: WIFI[] - WIFI, state: CONNECTED/CONNECTED, reason: (unspecified), extra: "ourhome", failover: false, available: true, roaming: false, metered: false]
10-22 13:30:34.804  3957 18006 D WifiService: getConnectionInfo uid=1000
10-22 13:30:34.806  5812  6200 I System.out: (HTTPLog)-Static: isSBSettingEnabled false
10-22 13:30:34.806  5812  6200 I System.out: (HTTPLog)-Static: isSBSettingEnabled false
10-22 13:30:34.880  5767  6044 I BatteryMgr:DataCollectionService: stats => 1697974234879,166,4310,156,0,100
10-22 13:30:34.989  5767  6044 I BatteryMgr:DataCollectionService: stats => 1697974234989,166,4310,156,0,100
10-22 13:30:35.098  5767  6044 I BatteryMgr:DataCollectionService: stats => 1697974235098,166,4310,156,0,100
10-22 13:30:35.209  5767  6044 I BatteryMgr:DataCollectionService: stats => 1697974235209,166,4310,156,0,100
10-22 13:30:35.317  5767  6044 I BatteryMgr:DataCollectionService: stats => 1697974235317,166,4310,156,0,100
10-22 13:30:35.427  5767  6044 I BatteryMgr:DataCollectionService: stats => 1697974235427,166,4310,156,0,100
10-22 13:30:35.495  3957  4129 D WifiStateMachine:  ConnectedState !RSSI_PKTCNT_FETCH uid=1000 rt=580642079/1636617551 0 0 "ourhome" f4:6d:2f:12:cc:88 rssi=-44 f=5240 sc=60 link=433 tx=179.1, 52.8, 0.0  rx=502.8 bcn=390782 [on:0 tx:0 rx:0 period:1000] from screen [on:7321 period:45073] score=60
10-22 13:30:35.498  3957  4129 D WifiStateMachine:  L2ConnectedState !RSSI_PKTCNT_FETCH uid=1000 rt=580642081/1636617553 0 0 "ourhome" f4:6d:2f:12:cc:88 rssi=-44 f=5240 sc=60 link=433 tx=179.1, 52.8, 0.0  rx=502.8 bcn=390782 [on:0 tx:0 rx:0 period:1] from screen [on:7321 period:45074] score=60
10-22 13:30:35.504  3957  4129 D WifiStateMachine: fetchRssiLinkSpeedAndFrequencyNative rssi=-44 linkspeed=433 freq=5240
10-22 13:30:35.504  3957  4129 V WifiConfigManager: Updating scan detail cache freq=5240 BSSID=f4:6d:2f:12:cc:88 RSSI=-43 for "ourhome"WPA_PSK
10-22 13:30:35.519  5812  5841 D GeckoIdleService: Get idle time: time since reset 5236 msec
10-22 13:30:35.519  5812  5841 D GeckoIdleService: Idle timer callback: current idle time 5236 msec
10-22 13:30:35.519  5812  5841 D GeckoIdleService: next timeout 4294967289763 msec from now
10-22 13:30:35.519  5812  5841 D GeckoIdleService: SetTimerExpiryIfBefore: next timeout 4294967289763 msec from now
10-22 13:30:35.519  5812  5841 D GeckoIdleService: reset timer expiry to 4294967289773 msec from now
10-22 13:30:35.519  5812  5841 D GeckoIdleService: Idle timer callback: tell observer 0x7425456a48 user is idle
10-22 13:30:35.535  3957  4128 D WifiService: getConnectionInfo uid=1000
10-22 13:30:35.545  5767  6044 I BatteryMgr:DataCollectionService: stats => 1697974235545,166,4310,156,0,100
10-22 13:30:35.657  5767  6044 I BatteryMgr:DataCollectionService: stats => 1697974235657,166,4310,156,0,100
10-22 13:30:35.714  3957  4129 D WifiStateMachine:  ConnectedState !CMD_RSSI_POLL rt=580642297/1636617770 106 0 "ourhome" f4:6d:2f:12:cc:88 rssi=-44 f=5240 sc=60 link=433 tx=179.1, 52.8, 0.0  rx=502.8 bcn=390782 [on:0 tx:0 rx:0 period:217] from screen [on:7321 period:45291] score=60
10-22 13:30:35.717  3957  4129 D WifiStateMachine:  L2ConnectedState !CMD_RSSI_POLL rt=580642300/1636617773 106 0 "ourhome" f4:6d:2f:12:cc:88 rssi=-44 f=5240 sc=60 link=433 tx=179.1, 52.8, 0.0  rx=502.8 bcn=390782 [on:0 tx:0 rx:0 period:3] from screen [on:7321 period:45294] score=60
10-22 13:30:35.717  3957  4129 D WifiStateMachine:  get link layer stats 3
10-22 13:30:35.717  3436  3436 I android.hardware.wifi@1.0-service: getLinkLayerStats
10-22 13:30:35.741  3957  4129 D WifiStateMachine: fetchRssiLinkSpeedAndFrequencyNative rssi=-43 linkspeed=433 freq=5240
10-22 13:30:35.741  3957  4129 V WifiConfigManager: Updating scan detail cache freq=5240 BSSID=f4:6d:2f:12:cc:88 RSSI=-43 for "ourhome"WPA_PSK
10-22 13:30:35.766  4340  4340 E SignalClusterView: setSlotFocusVisible : subId -2
10-22 13:30:35.767  4340  4340 E SignalClusterView: setSlotFocusVisible : subId -2
10-22 13:30:35.785  5767  6044 I BatteryMgr:DataCollectionService: stats => 1697974235785,166,4310,156,0,100
10-22 13:30:35.893  5767  6044 I BatteryMgr:DataCollectionService: stats => 1697974235893,166,4310,156,0,100
10-22 13:30:36.002  5767  6044 I BatteryMgr:DataCollectionService: stats => 1697974236002,166,4310,156,0,100
10-22 13:30:36.115  5767  6044 I BatteryMgr:DataCollectionService: stats => 1697974236114,166,4310,156,0,100
10-22 13:30:36.224  5767  6044 I BatteryMgr:DataCollectionService: stats => 1697974236223,166,4310,156,0,100
10-22 13:30:36.334  5767  6044 I BatteryMgr:DataCollectionService: stats => 1697974236333,166,4310,156,0,100
10-22 13:30:36.442  5767  6044 I BatteryMgr:DataCollectionService: stats => 1697974236442,166,4310,156,0,100
10-22 13:30:36.464  3320  3320 I ServiceManager: service 'samsung.face' died
10-22 13:30:36.473  3957 10037 D CountryDetector: No listener is left
10-22 13:30:36.480  3957 18006 I ActivityManager: Process com.samsung.android.bio.face.service (pid 1463) has died: cch+6SVC (78,474)
10-22 13:30:36.496  3957  4129 D WifiStateMachine:  ConnectedState !RSSI_PKTCNT_FETCH uid=1000 rt=580643079/1636618552 0 0 "ourhome" f4:6d:2f:12:cc:88 rssi=-43 f=5240 sc=60 link=433 tx=111.1, 19.3, 0.0  rx=245.0 bcn=390811 [on:0 tx:0 rx:0 period:743] from screen [on:8218 period:46073] score=60
10-22 13:30:36.497  3957  4129 D WifiStateMachine:  L2ConnectedState !RSSI_PKTCNT_FETCH uid=1000 rt=580643081/1636618554 0 0 "ourhome" f4:6d:2f:12:cc:88 rssi=-43 f=5240 sc=60 link=433 tx=111.1, 19.3, 0.0  rx=245.0 bcn=390811 [on:0 tx:0 rx:0 period:2] from screen [on:8218 period:46075] score=60
10-22 13:30:36.503  3957  4129 D WifiStateMachine: fetchRssiLinkSpeedAndFrequencyNative rssi=-42 linkspeed=433 freq=5240
10-22 13:30:36.503  3957  4129 V WifiConfigManager: Updating scan detail cache freq=5240 BSSID=f4:6d:2f:12:cc:88 RSSI=-42 for "ourhome"WPA_PSK
10-22 13:30:36.507  3957 18006 W ActivityManager: Scheduling restart of crashed service com.samsung.android.bio.face.service/.FaceService in 1000ms
10-22 13:30:36.538  3957  4128 D WifiService: getConnectionInfo uid=1000
10-22 13:30:36.687  3957  9774 I ActivityManager: Process android.process.acore (pid 3305) has died: cch+6CEM (64,449)
10-22 13:30:36.700  3957  4031 I ActivityManager: Process com.samsung.android.app.spage (pid 1165) has died: cch+6SVC (67,445)
10-22 13:30:36.701  3957  4031 W ActivityManager: Scheduling restart of crashed service com.samsung.android.app.spage/.service.DummyStickyService in 10806ms
10-22 13:30:36.706  3957 14960 I ActivityManager: Process com.samsung.android.email.provider (pid 1113) has died: cch+6SVC (68,444)
10-22 13:30:36.707  3957 14960 W ActivityManager: Scheduling restart of crashed service com.samsung.android.email.provider/com.samsung.android.email.sync.service.EmailService in 20800ms
10-22 13:30:36.718  5767  6044 I BatteryMgr:DataCollectionService: stats => 1697974236718,166,4310,156,0,100
10-22 13:30:36.736  3957  4653 I ActivityManager: Process com.enhance.gameservice (pid 5584) has died: cch+6CEM (79,446)
10-22 13:30:36.747  3957  9502 D ConnectivityService: ConnectivityService NetworkRequestInfo binderDied(NetworkRequest [ TRACK_DEFAULT id=1976, [ Capabilities: INTERNET&NOT_RESTRICTED&TRUSTED&NOT_VPN] ], android.os.BinderProxy@88957f0)
10-22 13:30:36.754  3957  4157 D ConnectivityService: releasing NetworkRequest [ TRACK_DEFAULT id=1976, [ Capabilities: INTERNET&NOT_RESTRICTED&TRUSTED&NOT_VPN] ] (CALLBACK_RELEASED)
10-22 13:30:36.763  6124  6124 I FenixApplication: onTrimMemory(), level=5, main=false
10-22 13:30:36.764  5968  5968 I FenixApplication: onTrimMemory(), level=5, main=false
10-22 13:30:36.764  5895  5895 I FenixApplication: onTrimMemory(), level=5, main=false
10-22 13:30:36.766  5812  5812 I MemoryController: onTrimMemory(5)
10-22 13:30:36.769  3957  4157 D ConnectivityService:  Removing from current network NetworkAgentInfo [WIFI () - 509], leaving 13 requests.
10-22 13:30:36.780  5812  5812 I FenixApplication: onTrimMemory(), level=5, main=true
10-22 13:30:36.790  3957  4157 D ConnectivityService: sending notification RELEASED for NetworkRequest [ TRACK_DEFAULT id=1976, [ Capabilities: INTERNET&NOT_RESTRICTED&TRUSTED&NOT_VPN] ]
10-22 13:30:36.797  3957  9774 I ActivityManager: Process com.android.vending:background (pid 3544) has died: cch+6CEM (71,450)
10-22 13:30:36.797  5895  5895 I MemoryController: onTrimMemory(5)
10-22 13:30:36.798  5968  5968 I MemoryController: onTrimMemory(5)
10-22 13:30:36.799  6124  6124 I MemoryController: onTrimMemory(5)
10-22 13:30:36.808  3957  9502 I ActivityManager: Process com.samsung.android.sm.provider (pid 3271) has died: cch+6CEM (67,451)
10-22 13:30:36.811  3957  4157 E ConnectivityService: RemoteException caught trying to send a callback msg for NetworkRequest [ TRACK_DEFAULT id=1976, [ Capabilities: INTERNET&NOT_RESTRICTED&TRUSTED&NOT_VPN] ]
10-22 13:30:36.831  5767  6044 I BatteryMgr:DataCollectionService: stats => 1697974236830,166,4310,156,0,100
10-22 13:30:36.883  5275  5275 I Finsky  : [2] tys.onTrimMemory(13): Memory trim requested to level 80
10-22 13:30:36.916  5275  5275 I Finsky  : [2] nre.accept(78): Flushing in-memory image cache
10-22 13:30:36.944  5767  6044 I BatteryMgr:DataCollectionService: stats => 1697974236944,166,4310,156,0,100
10-22 13:30:37.053  5767  6044 I BatteryMgr:DataCollectionService: stats => 1697974237052,166,4310,156,0,100
10-22 13:30:37.164  5767  6044 I BatteryMgr:DataCollectionService: stats => 1697974237164,166,4310,156,0,100
10-22 13:30:37.273  5767  6044 I BatteryMgr:DataCollectionService: stats => 1697974237272,166,4310,156,0,100
10-22 13:30:37.389  5767  6044 I BatteryMgr:DataCollectionService: stats => 1697974237389,22,4310,-54,0,100
10-22 13:30:37.499  3957  4129 D WifiStateMachine:  ConnectedState !RSSI_PKTCNT_FETCH uid=1000 rt=580644080/1636619553 0 0 "ourhome" f4:6d:2f:12:cc:88 rssi=-42 f=5240 sc=60 link=433 tx=111.1, 19.3, 0.0  rx=245.0 bcn=390811 [on:0 tx:0 rx:0 period:1002] from screen [on:8218 period:47077] score=60
10-22 13:30:37.503  5767  6044 I BatteryMgr:DataCollectionService: stats => 1697974237502,22,4310,-54,0,100
10-22 13:30:37.505  3957  4129 D WifiStateMachine:  L2ConnectedState !RSSI_PKTCNT_FETCH uid=1000 rt=580644085/1636619557 0 0 "ourhome" f4:6d:2f:12:cc:88 rssi=-42 f=5240 sc=60 link=433 tx=111.1, 19.3, 0.0  rx=245.0 bcn=390811 [on:0 tx:0 rx:0 period:5] from screen [on:8218 period:47082] score=60
10-22 13:30:37.512  3957  4129 D WifiStateMachine: fetchRssiLinkSpeedAndFrequencyNative rssi=-41 linkspeed=433 freq=5240
10-22 13:30:37.513  3957  4129 V WifiConfigManager: Updating scan detail cache freq=5240 BSSID=f4:6d:2f:12:cc:88 RSSI=-41 for "ourhome"WPA_PSK
10-22 13:30:37.531  3957  3972 D StorageManagerService: getExternalStorageMountMode : 1
10-22 13:30:37.538  3957  3972 D StorageManagerService: getExternalStorageMountMode : 3
10-22 13:30:37.539  3957  3972 D StorageManagerService: getExternalStorageMountMode : final mountMode=1, uid : 1000, packageName : com.samsung.android.bio.face.service
10-22 13:30:37.541  3957  4128 D WifiService: getConnectionInfo uid=1000
10-22 13:30:37.548  3957  3972 I ApplicationPolicy: isApplicationExternalStorageWhitelisted:com.samsung.android.bio.face.service user:0
10-22 13:30:37.550  3957  3972 D ApplicationPolicy: isApplicationExternalStorageWhitelisted: DO is not enabled on user 0. Allowed.
10-22 13:30:37.551  3957  3972 D ActivityManager: package  com.samsung.android.bio.face.service, user - 0 is SDcard whitelisted
10-22 13:30:37.551  3957  3972 I ApplicationPolicy: isApplicationExternalStorageBlacklisted:com.samsung.android.bio.face.service user:0
10-22 13:30:37.551  3957  3972 D ApplicationPolicy: isApplicationExternalStorageBlacklisted: DO is not enabled on user 0. Allowed.
10-22 13:30:37.612  6218  6218 E Zygote  : isWhitelistProcess - Process is Whitelisted
10-22 13:30:37.614  6218  6218 E libpersona: scanKnoxPersonas
10-22 13:30:37.614  6218  6218 E libpersona: Couldn't open the File - /data/system/users/0/personalist.xml - No such file or directory
10-22 13:30:37.619  3957  3972 W ActivityManager: Slow operation: 106ms so far, now at startProcess: returned from zygote!
10-22 13:30:37.622  3957  3972 W ActivityManager: Slow operation: 109ms so far, now at startProcess: done updating battery stats
10-22 13:30:37.632  3957  3972 W ActivityManager: Slow operation: 120ms so far, now at startProcess: building log message
10-22 13:30:37.632  3957  3972 I ActivityManager: Start proc 6218:com.samsung.android.bio.face.service/1000 for service com.samsung.android.bio.face.service/.FaceService
10-22 13:30:37.633  3957  3972 W ActivityManager: Slow operation: 120ms so far, now at startProcess: starting to update pids map
10-22 13:30:37.633  3957  3972 W ActivityManager: Slow operation: 120ms so far, now at startProcess: done updating pids map
10-22 13:30:37.633  3957  3972 W ActivityManager: Slow operation: 124ms so far, now at startProcess: done starting proc!
10-22 13:30:37.636  6218  6218 W SELinux : SELinux selinux_android_compute_policy_index : Policy Index[2],  Con:u:r:zygote:s0 RAM:SEPF_SM-J720F_8.0.0_0002, [-1 -1 -1 -1 0 1]
10-22 13:30:37.640  5767  6044 I BatteryMgr:DataCollectionService: stats => 1697974237639,22,4310,-54,0,100
10-22 13:30:37.641  6218  6218 I SELinux : SELinux: seapp_context_lookup: seinfo=platform, pkgname=com.samsung.android.bio.face.service 
10-22 13:30:37.752  5767  6044 I BatteryMgr:DataCollectionService: stats => 1697974237752,22,4310,-54,0,100
10-22 13:30:37.760  6218  6218 D TimaKeyStoreProvider: TimaKeyStore is not enabled: cannot add TimaSignature Service and generateKeyPair Service
10-22 13:30:37.762  6218  6218 D ActivityThread: Added TimaKeyStore provider
10-22 13:30:37.796  3957  9502 I ActivityManager: DSS on for com.samsung.android.bio.face.service and scale is 1.0
10-22 13:30:37.862  5767  6044 I BatteryMgr:DataCollectionService: stats => 1697974237862,22,4310,-54,0,100
10-22 13:30:37.899  3957  9502 D BatteryService: !@BatteryListener : batteryPropertiesChanged!
10-22 13:30:37.974  5767  6044 I BatteryMgr:DataCollectionService: stats => 1697974237973,22,4310,-54,0,100
10-22 13:30:38.087  5767  6044 I BatteryMgr:DataCollectionService: stats => 1697974238087,22,4310,-54,0,100
10-22 13:30:38.195  5767  6044 I BatteryMgr:DataCollectionService: stats => 1697974238195,22,4310,-54,0,100
10-22 13:30:38.306  5767  6044 I BatteryMgr:DataCollectionService: stats => 1697974238306,22,4310,-54,0,100
10-22 13:30:38.416  6218  6218 I zygote64: find the special shared library, skip check
10-22 13:30:38.422  5767  6044 I BatteryMgr:DataCollectionService: stats => 1697974238421,22,4310,-54,0,100
10-22 13:30:38.498  3957  4129 D WifiStateMachine:  ConnectedState !RSSI_PKTCNT_FETCH uid=1000 rt=580645082/1636620554 0 0 "ourhome" f4:6d:2f:12:cc:88 rssi=-41 f=5240 sc=60 link=433 tx=111.1, 19.3, 0.0  rx=245.0 bcn=390811 [on:0 tx:0 rx:0 period:994] from screen [on:8218 period:48076] score=60
10-22 13:30:38.501  3957  4129 D WifiStateMachine:  L2ConnectedState !RSSI_PKTCNT_FETCH uid=1000 rt=580645084/1636620557 0 0 "ourhome" f4:6d:2f:12:cc:88 rssi=-41 f=5240 sc=60 link=433 tx=111.1, 19.3, 0.0  rx=245.0 bcn=390811 [on:0 tx:0 rx:0 period:2] from screen [on:8218 period:48078] score=60
10-22 13:30:38.509  3957  4129 D WifiStateMachine: fetchRssiLinkSpeedAndFrequencyNative rssi=-41 linkspeed=433 freq=5240
10-22 13:30:38.509  3957  4129 V WifiConfigManager: Updating scan detail cache freq=5240 BSSID=f4:6d:2f:12:cc:88 RSSI=-41 for "ourhome"WPA_PSK
10-22 13:30:38.535  5767  6044 I BatteryMgr:DataCollectionService: stats => 1697974238535,22,4310,-54,0,100
10-22 13:30:38.543  3957  4128 D WifiService: getConnectionInfo uid=1000
10-22 13:30:38.572  6218  6218 D SemBioFaceService: onCreate s
10-22 13:30:38.612  6218  6218 D SemBioFaceService: onCreate e
10-22 13:30:38.614  6218  6218 D SemBioFaceService: Starting FaceService.
10-22 13:30:38.616  6218  6218 D SemBioFaceService: onStartCommand done
10-22 13:30:38.648  5767  6044 I BatteryMgr:DataCollectionService: stats => 1697974238647,22,4310,-54,0,100
