10-22 12:48:37.789   321   418 I BatteryMgr:DataCollectionService: stats => 1697971717789,110,4310,172,0,100
10-22 12:48:37.906   321   418 I BatteryMgr:DataCollectionService: stats => 1697971717905,110,4310,172,0,100
10-22 12:48:37.928  3957  4129 D WifiStateMachine:  ConnectedState !RSSI_PKTCNT_FETCH uid=1000 rt=578124512/1634099984 0 0 "ourhome" f4:6d:2f:12:cc:88 rssi=-42 f=5240 sc=60 link=433 tx=42.8, 1.9, 0.0  rx=59.3 bcn=367553 [on:0 tx:0 rx:0 period:997] from screen [on:42636 period:192407] score=60
10-22 12:48:37.931  3957  4129 D WifiStateMachine:  L2ConnectedState !RSSI_PKTCNT_FETCH uid=1000 rt=578124513/1634099986 0 0 "ourhome" f4:6d:2f:12:cc:88 rssi=-42 f=5240 sc=60 link=433 tx=42.8, 1.9, 0.0  rx=59.3 bcn=367553 [on:0 tx:0 rx:0 period:3] from screen [on:42636 period:192410] score=60
10-22 12:48:37.939  3957  4129 D WifiStateMachine: fetchRssiLinkSpeedAndFrequencyNative rssi=-41 linkspeed=433 freq=5240
10-22 12:48:37.939  3957  4129 V WifiConfigManager: Updating scan detail cache freq=5240 BSSID=f4:6d:2f:12:cc:88 RSSI=-41 for "ourhome"WPA_PSK
10-22 12:48:38.019   321   418 I BatteryMgr:DataCollectionService: stats => 1697971718019,110,4310,172,0,100
10-22 12:48:38.038  3957  4128 D WifiService: getConnectionInfo uid=1000
10-22 12:48:38.133   321   418 I BatteryMgr:DataCollectionService: stats => 1697971718133,110,4310,172,0,100
10-22 12:48:38.147  2479  2548 D ScanRecord: Not a Multi Manu data
10-22 12:48:38.252  2479  2548 I chatty  : uid=1002(bluetooth) BT Service Call identical 42 lines
10-22 12:48:38.252  2479  2548 D ScanRecord: Not a Multi Manu data
10-22 12:48:38.259   321   418 I BatteryMgr:DataCollectionService: stats => 1697971718259,110,4310,172,0,100
10-22 12:48:38.282  2479  2548 D ScanRecord: Not a Multi Manu data
10-22 12:48:38.369  2479  2548 I chatty  : uid=1002(bluetooth) BT Service Call identical 31 lines
10-22 12:48:38.369  2479  2548 D ScanRecord: Not a Multi Manu data
10-22 12:48:38.374   321   418 I BatteryMgr:DataCollectionService: stats => 1697971718374,110,4310,172,0,100
10-22 12:48:38.385  2479  2548 D ScanRecord: Not a Multi Manu data
10-22 12:48:38.465  2479  2548 I chatty  : uid=1002(bluetooth) BT Service Call identical 75 lines
10-22 12:48:38.465  2479  2548 D ScanRecord: Not a Multi Manu data
10-22 12:48:38.487   321   418 I BatteryMgr:DataCollectionService: stats => 1697971718487,110,4310,172,0,100
10-22 12:48:38.512  2479  2548 D ScanRecord: Not a Multi Manu data
10-22 12:48:38.585  2479  2548 I chatty  : uid=1002(bluetooth) BT Service Call identical 64 lines
10-22 12:48:38.585  2479  2548 D ScanRecord: Not a Multi Manu data
10-22 12:48:38.600   321   418 I BatteryMgr:DataCollectionService: stats => 1697971718599,110,4310,172,0,100
10-22 12:48:38.618  2479  2548 D ScanRecord: Not a Multi Manu data
10-22 12:48:38.623  2479  2548 I chatty  : uid=1002(bluetooth) BT Service Call identical 20 lines
10-22 12:48:38.623  2479  2548 D ScanRecord: Not a Multi Manu data
10-22 12:48:38.651  3957  6478 D WifiService: getConnectionInfo uid=1000
10-22 12:48:38.714   321   418 I BatteryMgr:DataCollectionService: stats => 1697971718714,110,4310,172,0,100
10-22 12:48:38.835   321   418 I BatteryMgr:DataCollectionService: stats => 1697971718834,110,4310,172,0,100
10-22 12:48:38.907  3957  4129 D WifiStateMachine:  ConnectedState !CMD_RSSI_POLL rt=578125484/1634100956 104 0 "ourhome" f4:6d:2f:12:cc:88 rssi=-41 f=5240 sc=60 link=433 tx=42.8, 1.9, 0.0  rx=59.3 bcn=367553 [on:0 tx:0 rx:0 period:977] from screen [on:42636 period:193387] score=60
10-22 12:48:38.911  3957  4129 D WifiStateMachine:  L2ConnectedState !CMD_RSSI_POLL rt=578125493/1634100966 104 0 "ourhome" f4:6d:2f:12:cc:88 rssi=-41 f=5240 sc=60 link=433 tx=42.8, 1.9, 0.0  rx=59.3 bcn=367553 [on:0 tx:0 rx:0 period:3] from screen [on:42636 period:193390] score=60
10-22 12:48:38.911  3957  4129 D WifiStateMachine:  get link layer stats 3
10-22 12:48:38.911  3436  3436 I android.hardware.wifi@1.0-service: getLinkLayerStats
10-22 12:48:38.930  3957  4129 D WifiStateMachine: fetchRssiLinkSpeedAndFrequencyNative rssi=-41 linkspeed=433 freq=5240
10-22 12:48:38.931  3957  4129 V WifiConfigManager: Updating scan detail cache freq=5240 BSSID=f4:6d:2f:12:cc:88 RSSI=-41 for "ourhome"WPA_PSK
10-22 12:48:38.936  4340  4340 E SignalClusterView: setSlotFocusVisible : subId -2
10-22 12:48:38.936  4340  4340 E SignalClusterView: setSlotFocusVisible : subId -2
10-22 12:48:38.945  3957  4129 D WifiStateMachine:  ConnectedState !RSSI_PKTCNT_FETCH uid=1000 rt=578125528/1634101001 0 0 "ourhome" f4:6d:2f:12:cc:88 rssi=-41 f=5240 sc=60 link=433 tx=16.2, 0.7, 0.0  rx=28.6 bcn=367582 [on:0 tx:0 rx:0 period:9] from screen [on:43406 period:193425] score=60
10-22 12:48:38.948  3957  4129 D WifiStateMachine:  L2ConnectedState !RSSI_PKTCNT_FETCH uid=1000 rt=578125531/1634101003 0 0 "ourhome" f4:6d:2f:12:cc:88 rssi=-41 f=5240 sc=60 link=433 tx=16.2, 0.7, 0.0  rx=28.6 bcn=367582 [on:0 tx:0 rx:0 period:2] from screen [on:43406 period:193427] score=60
10-22 12:48:38.954  3957  4129 D WifiStateMachine: fetchRssiLinkSpeedAndFrequencyNative rssi=-41 linkspeed=433 freq=5240
10-22 12:48:38.955  3957  4129 V WifiConfigManager: Updating scan detail cache freq=5240 BSSID=f4:6d:2f:12:cc:88 RSSI=-41 for "ourhome"WPA_PSK
10-22 12:48:38.958   321   418 I BatteryMgr:DataCollectionService: stats => 1697971718957,110,4310,172,0,100
10-22 12:48:39.040  3957  4128 D WifiService: getConnectionInfo uid=1000
10-22 12:48:39.075   321   418 I BatteryMgr:DataCollectionService: stats => 1697971719074,110,4310,172,0,100
10-22 12:48:39.198   321   418 I BatteryMgr:DataCollectionService: stats => 1697971719198,110,4310,172,0,100
10-22 12:48:39.317   321   418 I BatteryMgr:DataCollectionService: stats => 1697971719316,110,4310,172,0,100
10-22 12:48:39.380  3957  4416 E Watchdog: !@Sync 19263 [2023-10-22 12:48:39.380]
10-22 12:48:39.434   321   418 I BatteryMgr:DataCollectionService: stats => 1697971719433,110,4310,172,0,100
10-22 12:48:39.553   321   418 I BatteryMgr:DataCollectionService: stats => 1697971719552,110,4310,172,0,100
10-22 12:48:39.674   321   418 I BatteryMgr:DataCollectionService: stats => 1697971719674,110,4310,172,0,100
10-22 12:48:39.794   321   418 I BatteryMgr:DataCollectionService: stats => 1697971719793,110,4310,172,0,100
10-22 12:48:39.817 17023 17041 D ContactsProvider_EventLog: contents_sample_state: [CONTACT contacts(0) data(0) accounts({}) accounts deleted({}) calls([]) countryIso(NL) userId(0)  ]
10-22 12:48:39.817 17023 17041 D ContactsProvider_EventLog: contents_sample_state: [ agr({})  ]
10-22 12:48:39.817 17023 17041 D ContactsProvider_EventLog: contents_sample_state: [ actCnt({android.process.acore(17023)=1})  ]
10-22 12:48:39.817 17023 17041 D ContactsProvider_EventLog: contents_sample_state: [PROFILE contacts(0) data(0) accounts({})  ]
10-22 12:48:39.817 17023 17041 D ContactsProvider_EventLog: contents_sample_state: [SAPROFILE contacts(1) data(2) accounts({vnd.sec.contact.phone (1)=1})  ]
10-22 12:48:39.822 17023 17041 E ContactsProvider_EventLog: Flush buffer to file cnt : 1 size : 0Kb duration : 3ms lastUpdatedAfter : 60108 ms mFlush_time_threasold : 2000 mCurrentSize : 441
10-22 12:48:39.912   321   418 I BatteryMgr:DataCollectionService: stats => 1697971719912,110,4310,172,0,100
10-22 12:48:39.935  3957  4129 D WifiStateMachine:  ConnectedState !RSSI_PKTCNT_FETCH uid=1000 rt=578126514/1634101987 0 0 "ourhome" f4:6d:2f:12:cc:88 rssi=-41 f=5240 sc=60 link=433 tx=16.2, 0.7, 0.0  rx=28.6 bcn=367582 [on:0 tx:0 rx:0 period:988] from screen [on:43406 period:194415] score=60
10-22 12:48:39.937  3957  4129 D WifiStateMachine:  L2ConnectedState !RSSI_PKTCNT_FETCH uid=1000 rt=578126521/1634101993 0 0 "ourhome" f4:6d:2f:12:cc:88 rssi=-41 f=5240 sc=60 link=433 tx=16.2, 0.7, 0.0  rx=28.6 bcn=367582 [on:0 tx:0 rx:0 period:1] from screen [on:43406 period:194416] score=60
10-22 12:48:39.943  3957  4129 D WifiStateMachine: fetchRssiLinkSpeedAndFrequencyNative rssi=-41 linkspeed=433 freq=5240
10-22 12:48:39.944  3957  4129 V WifiConfigManager: Updating scan detail cache freq=5240 BSSID=f4:6d:2f:12:cc:88 RSSI=-41 for "ourhome"WPA_PSK
10-22 12:48:40.029   321   418 I BatteryMgr:DataCollectionService: stats => 1697971720029,110,4310,172,0,100
10-22 12:48:40.043  3957  4128 D WifiService: getConnectionInfo uid=1000
10-22 12:48:40.147   321   418 I BatteryMgr:DataCollectionService: stats => 1697971720147,110,4310,172,0,100
10-22 12:48:40.268   321   418 I BatteryMgr:DataCollectionService: stats => 1697971720268,110,4310,172,0,100
10-22 12:48:40.382   321   418 I BatteryMgr:DataCollectionService: stats => 1697971720382,110,4310,172,0,100
10-22 12:48:40.494   321   418 I BatteryMgr:DataCollectionService: stats => 1697971720494,110,4310,172,0,100
10-22 12:48:40.609   321   418 I BatteryMgr:DataCollectionService: stats => 1697971720609,110,4310,172,0,100
10-22 12:48:40.720   321   418 I BatteryMgr:DataCollectionService: stats => 1697971720719,110,4310,172,0,100
10-22 12:48:40.834   321   418 I BatteryMgr:DataCollectionService: stats => 1697971720834,110,4310,172,0,100
10-22 12:48:40.934  3957  4129 D WifiStateMachine:  ConnectedState !RSSI_PKTCNT_FETCH uid=1000 rt=578127516/1634102989 0 0 "ourhome" f4:6d:2f:12:cc:88 rssi=-41 f=5240 sc=60 link=433 tx=16.2, 0.7, 0.0  rx=28.6 bcn=367582 [on:0 tx:0 rx:0 period:998] from screen [on:43406 period:195414] score=60
10-22 12:48:40.937  3957  4129 D WifiStateMachine:  L2ConnectedState !RSSI_PKTCNT_FETCH uid=1000 rt=578127520/1634102993 0 0 "ourhome" f4:6d:2f:12:cc:88 rssi=-41 f=5240 sc=60 link=433 tx=16.2, 0.7, 0.0  rx=28.6 bcn=367582 [on:0 tx:0 rx:0 period:2] from screen [on:43406 period:195416] score=60
10-22 12:48:40.944  3957  4129 D WifiStateMachine: fetchRssiLinkSpeedAndFrequencyNative rssi=-41 linkspeed=433 freq=5240
10-22 12:48:40.944  3957  4129 V WifiConfigManager: Updating scan detail cache freq=5240 BSSID=f4:6d:2f:12:cc:88 RSSI=-41 for "ourhome"WPA_PSK
10-22 12:48:40.950   321   418 I BatteryMgr:DataCollectionService: stats => 1697971720949,110,4310,172,0,100
10-22 12:48:41.045  3957  4128 D WifiService: getConnectionInfo uid=1000
10-22 12:48:41.071   321   418 I BatteryMgr:DataCollectionService: stats => 1697971721071,110,4310,172,0,100
10-22 12:48:41.184   321   418 I BatteryMgr:DataCollectionService: stats => 1697971721184,110,4310,172,0,100
10-22 12:48:41.297   321   418 I BatteryMgr:DataCollectionService: stats => 1697971721296,110,4310,172,0,100
10-22 12:48:41.420   321   418 I BatteryMgr:DataCollectionService: stats => 1697971721419,110,4310,172,0,100
10-22 12:48:41.536   321   418 I BatteryMgr:DataCollectionService: stats => 1697971721535,110,4310,172,0,100
10-22 12:48:41.659   321   418 I BatteryMgr:DataCollectionService: stats => 1697971721659,110,4310,172,0,100
10-22 12:48:41.775   321   418 I BatteryMgr:DataCollectionService: stats => 1697971721774,110,4310,172,0,100
10-22 12:48:41.891   321   418 I BatteryMgr:DataCollectionService: stats => 1697971721891,110,4310,172,0,100
10-22 12:48:41.937  3957  4129 D WifiStateMachine:  ConnectedState !CMD_RSSI_POLL rt=578128519/1634103991 104 0 "ourhome" f4:6d:2f:12:cc:88 rssi=-41 f=5240 sc=60 link=433 tx=16.2, 0.7, 0.0  rx=28.6 bcn=367582 [on:0 tx:0 rx:0 period:1000] from screen [on:43406 period:196416] score=60
10-22 12:48:41.939  3957  4129 D WifiStateMachine:  L2ConnectedState !CMD_RSSI_POLL rt=578128523/1634103996 104 0 "ourhome" f4:6d:2f:12:cc:88 rssi=-41 f=5240 sc=60 link=433 tx=16.2, 0.7, 0.0  rx=28.6 bcn=367582 [on:0 tx:0 rx:0 period:3] from screen [on:43406 period:196419] score=60
10-22 12:48:41.939  3957  4129 D WifiStateMachine:  get link layer stats 3
10-22 12:48:41.940  3436  3436 I android.hardware.wifi@1.0-service: getLinkLayerStats
10-22 12:48:41.949  3957  4129 D WifiStateMachine: fetchRssiLinkSpeedAndFrequencyNative rssi=-41 linkspeed=433 freq=5240
10-22 12:48:41.949  3957  4129 V WifiConfigManager: Updating scan detail cache freq=5240 BSSID=f4:6d:2f:12:cc:88 RSSI=-41 for "ourhome"WPA_PSK
10-22 12:48:41.956  4340  4340 E SignalClusterView: setSlotFocusVisible : subId -2
10-22 12:48:41.956  4340  4340 E SignalClusterView: setSlotFocusVisible : subId -2
10-22 12:48:41.960  3957  4129 D WifiStateMachine:  ConnectedState !RSSI_PKTCNT_FETCH uid=1000 rt=578128542/1634104015 0 0 "ourhome" f4:6d:2f:12:cc:88 rssi=-41 f=5240 sc=60 link=433 tx=5.9, 0.3, 0.0  rx=18.7 bcn=367609 [on:0 tx:0 rx:0 period:4] from screen [on:43888 period:196440] score=60
10-22 12:48:41.963  3957  4129 D WifiStateMachine:  L2ConnectedState !RSSI_PKTCNT_FETCH uid=1000 rt=578128546/1634104019 0 0 "ourhome" f4:6d:2f:12:cc:88 rssi=-41 f=5240 sc=60 link=433 tx=5.9, 0.3, 0.0  rx=18.7 bcn=367609 [on:0 tx:0 rx:0 period:2] from screen [on:43888 period:196442] score=60
10-22 12:48:41.969  3957  4129 D WifiStateMachine: fetchRssiLinkSpeedAndFrequencyNative rssi=-41 linkspeed=433 freq=5240
10-22 12:48:41.969  3957  4129 V WifiConfigManager: Updating scan detail cache freq=5240 BSSID=f4:6d:2f:12:cc:88 RSSI=-41 for "ourhome"WPA_PSK
10-22 12:48:42.005   321   418 I BatteryMgr:DataCollectionService: stats => 1697971722005,110,4310,172,0,100
10-22 12:48:42.048  3957  4128 D WifiService: getConnectionInfo uid=1000
10-22 12:48:42.123   321   418 I BatteryMgr:DataCollectionService: stats => 1697971722123,110,4310,172,0,100
10-22 12:48:42.235   321   418 I BatteryMgr:DataCollectionService: stats => 1697971722235,110,4310,172,0,100
10-22 12:48:42.345   321   418 I BatteryMgr:DataCollectionService: stats => 1697971722344,110,4310,172,0,100
10-22 12:48:42.461   321   418 I BatteryMgr:DataCollectionService: stats => 1697971722461,110,4310,172,0,100
10-22 12:48:42.577   321   418 I BatteryMgr:DataCollectionService: stats => 1697971722577,110,4310,172,0,100
10-22 12:48:42.616  4961  4961 D io_stats: !@ 179,0 r 8639445 280893320 w 2015356 39855200 d 160162 36173736 f 618696 642810 iot 4001636 3463101 th 51200 0 0 pt 0 inp 0 0 578129.201
10-22 12:48:42.691   321   418 I BatteryMgr:DataCollectionService: stats => 1697971722691,110,4310,172,0,100
10-22 12:48:42.729 32348 32382 I ReschedulableTimer: [#CMH#] ReschedulableTimer started 
10-22 12:48:42.806   321   418 I BatteryMgr:DataCollectionService: stats => 1697971722805,110,4310,172,0,100
10-22 12:48:42.921   321   418 I BatteryMgr:DataCollectionService: stats => 1697971722920,110,4310,172,0,100
10-22 12:48:42.937  3957  4129 D WifiStateMachine:  ConnectedState !RSSI_PKTCNT_FETCH uid=1000 rt=578129520/1634104992 0 0 "ourhome" f4:6d:2f:12:cc:88 rssi=-41 f=5240 sc=60 link=433 tx=5.9, 0.3, 0.0  rx=18.7 bcn=367609 [on:0 tx:0 rx:0 period:975] from screen [on:43888 period:197417] score=60
10-22 12:48:42.941  3957  4129 D WifiStateMachine:  L2ConnectedState !RSSI_PKTCNT_FETCH uid=1000 rt=578129523/1634104996 0 0 "ourhome" f4:6d:2f:12:cc:88 rssi=-41 f=5240 sc=60 link=433 tx=5.9, 0.3, 0.0  rx=18.7 bcn=367609 [on:0 tx:0 rx:0 period:4] from screen [on:43888 period:197421] score=60
10-22 12:48:42.949  3957  4129 D WifiStateMachine: fetchRssiLinkSpeedAndFrequencyNative rssi=-41 linkspeed=433 freq=5240
10-22 12:48:42.949  3957  4129 V WifiConfigManager: Updating scan detail cache freq=5240 BSSID=f4:6d:2f:12:cc:88 RSSI=-41 for "ourhome"WPA_PSK
10-22 12:48:43.035   321   418 I BatteryMgr:DataCollectionService: stats => 1697971723034,110,4310,172,0,100
10-22 12:48:43.051  3957  4128 D WifiService: getConnectionInfo uid=1000
10-22 12:48:43.152   321   418 I BatteryMgr:DataCollectionService: stats => 1697971723152,110,4310,172,0,100
10-22 12:48:43.159  2479  2548 D ScanRecord: Not a Multi Manu data
10-22 12:48:43.248  2479  2548 I chatty  : uid=1002(bluetooth) BT Service Call identical 86 lines
10-22 12:48:43.248  2479  2548 D ScanRecord: Not a Multi Manu data
10-22 12:48:43.264   321   418 I BatteryMgr:DataCollectionService: stats => 1697971723264,110,4310,172,0,100
10-22 12:48:43.271  2479  2548 D ScanRecord: Not a Multi Manu data
10-22 12:48:43.355  2479  2548 I chatty  : uid=1002(bluetooth) BT Service Call identical 87 lines
10-22 12:48:43.379   321   418 I BatteryMgr:DataCollectionService: stats => 1697971723379,110,4310,172,0,100
10-22 12:48:43.379  2479  2548 D ScanRecord: Not a Multi Manu data
10-22 12:48:43.379  2479  2548 D ScanRecord: Not a Multi Manu data
10-22 12:48:43.497  2479  2548 I chatty  : uid=1002(bluetooth) BT Service Call identical 74 lines
10-22 12:48:43.497  2479  2548 D ScanRecord: Not a Multi Manu data
10-22 12:48:43.500   321   418 I BatteryMgr:DataCollectionService: stats => 1697971723499,110,4310,172,0,100
10-22 12:48:43.504  2479  2548 D ScanRecord: Not a Multi Manu data
10-22 12:48:43.612  2479  2548 I chatty  : uid=1002(bluetooth) BT Service Call identical 86 lines
10-22 12:48:43.612  2479  2548 D ScanRecord: Not a Multi Manu data
10-22 12:48:43.615   321   418 I BatteryMgr:DataCollectionService: stats => 1697971723615,110,4310,172,0,100
10-22 12:48:43.622  2479  2548 D ScanRecord: Not a Multi Manu data
10-22 12:48:43.636  2479  2548 I chatty  : uid=1002(bluetooth) BT Service Call identical 42 lines
10-22 12:48:43.636  2479  2548 D ScanRecord: Not a Multi Manu data
10-22 12:48:43.731   321   418 I BatteryMgr:DataCollectionService: stats => 1697971723731,110,4310,172,0,100
10-22 12:48:43.841   321   418 I BatteryMgr:DataCollectionService: stats => 1697971723841,110,4310,172,0,100
10-22 12:48:43.938  3957  4129 D WifiStateMachine:  ConnectedState !RSSI_PKTCNT_FETCH uid=1000 rt=578130522/1634105995 0 0 "ourhome" f4:6d:2f:12:cc:88 rssi=-41 f=5240 sc=60 link=433 tx=5.9, 0.3, 0.0  rx=18.7 bcn=367609 [on:0 tx:0 rx:0 period:997] from screen [on:43888 period:198418] score=60
10-22 12:48:43.939  3957  4129 D WifiStateMachine:  L2ConnectedState !RSSI_PKTCNT_FETCH uid=1000 rt=578130524/1634105996 0 0 "ourhome" f4:6d:2f:12:cc:88 rssi=-41 f=5240 sc=60 link=433 tx=5.9, 0.3, 0.0  rx=18.7 bcn=367609 [on:0 tx:0 rx:0 period:1] from screen [on:43888 period:198419] score=60
10-22 12:48:43.945  3957  4129 D WifiStateMachine: fetchRssiLinkSpeedAndFrequencyNative rssi=-41 linkspeed=433 freq=5240
10-22 12:48:43.945  3957  4129 V WifiConfigManager: Updating scan detail cache freq=5240 BSSID=f4:6d:2f:12:cc:88 RSSI=-41 for "ourhome"WPA_PSK
10-22 12:48:43.953   321   418 I BatteryMgr:DataCollectionService: stats => 1697971723952,110,4310,172,0,100
10-22 12:48:44.053  3957  4128 D WifiService: getConnectionInfo uid=1000
10-22 12:48:44.067   321   418 I BatteryMgr:DataCollectionService: stats => 1697971724067,110,4310,172,0,100
10-22 12:48:44.182   321   418 I BatteryMgr:DataCollectionService: stats => 1697971724182,110,4310,172,0,100
10-22 12:48:44.297   321   418 I BatteryMgr:DataCollectionService: stats => 1697971724297,166,4310,138,0,100
10-22 12:48:44.407   321   418 I BatteryMgr:DataCollectionService: stats => 1697971724407,166,4310,138,0,100
10-22 12:48:44.525   321   418 I BatteryMgr:DataCollectionService: stats => 1697971724524,166,4310,138,0,100
10-22 12:48:44.637   321   418 I BatteryMgr:DataCollectionService: stats => 1697971724637,166,4310,138,0,100
10-22 12:48:44.739  3957  4651 D BatteryService: !@BatteryListener : batteryPropertiesChanged!
10-22 12:48:44.750   321   418 I BatteryMgr:DataCollectionService: stats => 1697971724749,166,4310,138,0,100
10-22 12:48:44.862   321   418 I BatteryMgr:DataCollectionService: stats => 1697971724862,166,4310,138,0,100
10-22 12:48:44.941  3957  4129 D WifiStateMachine:  ConnectedState !RSSI_PKTCNT_FETCH uid=1000 rt=578131525/1634106998 0 0 "ourhome" f4:6d:2f:12:cc:88 rssi=-41 f=5240 sc=60 link=433 tx=5.9, 0.3, 0.0  rx=18.7 bcn=367609 [on:0 tx:0 rx:0 period:1002] from screen [on:43888 period:199421] score=60
10-22 12:48:44.943  3957  4129 D WifiStateMachine:  L2ConnectedState !RSSI_PKTCNT_FETCH uid=1000 rt=578131527/1634106999 0 0 "ourhome" f4:6d:2f:12:cc:88 rssi=-41 f=5240 sc=60 link=433 tx=5.9, 0.3, 0.0  rx=18.7 bcn=367609 [on:0 tx:0 rx:0 period:2] from screen [on:43888 period:199423] score=60
10-22 12:48:44.949  3957  4129 D WifiStateMachine: fetchRssiLinkSpeedAndFrequencyNative rssi=-41 linkspeed=433 freq=5240
10-22 12:48:44.949  3957  4129 V WifiConfigManager: Updating scan detail cache freq=5240 BSSID=f4:6d:2f:12:cc:88 RSSI=-41 for "ourhome"WPA_PSK
10-22 12:48:44.967  3957  4129 D WifiStateMachine:  ConnectedState !CMD_RSSI_POLL rt=578131550/1634107023 104 0 "ourhome" f4:6d:2f:12:cc:88 rssi=-41 f=5240 sc=60 link=433 tx=5.9, 0.3, 0.0  rx=18.7 bcn=367609 [on:0 tx:0 rx:0 period:23] from screen [on:43888 period:199446] score=60
10-22 12:48:44.969  3957  4129 D WifiStateMachine:  L2ConnectedState !CMD_RSSI_POLL rt=578131553/1634107025 104 0 "ourhome" f4:6d:2f:12:cc:88 rssi=-41 f=5240 sc=60 link=433 tx=5.9, 0.3, 0.0  rx=18.7 bcn=367609 [on:0 tx:0 rx:0 period:3] from screen [on:43888 period:199449] score=60
10-22 12:48:44.969  3957  4129 D WifiStateMachine:  get link layer stats 3
10-22 12:48:44.970  3436  3436 I android.hardware.wifi@1.0-service: getLinkLayerStats
10-22 12:48:44.975   321   418 I BatteryMgr:DataCollectionService: stats => 1697971724975,166,4310,138,0,100
10-22 12:48:44.990  3957  4129 D WifiStateMachine: fetchRssiLinkSpeedAndFrequencyNative rssi=-41 linkspeed=433 freq=5240
10-22 12:48:44.991  3957  4129 V WifiConfigManager: Updating scan detail cache freq=5240 BSSID=f4:6d:2f:12:cc:88 RSSI=-41 for "ourhome"WPA_PSK
10-22 12:48:44.997  4340  4340 E SignalClusterView: setSlotFocusVisible : subId -2
10-22 12:48:44.997  4340  4340 E SignalClusterView: setSlotFocusVisible : subId -2
10-22 12:48:45.056  3957  4128 D WifiService: getConnectionInfo uid=1000
10-22 12:48:45.089   321   418 I BatteryMgr:DataCollectionService: stats => 1697971725089,166,4310,138,0,100
10-22 12:48:45.203   321   418 I BatteryMgr:DataCollectionService: stats => 1697971725203,166,4310,138,0,100
10-22 12:48:45.316   321   418 I BatteryMgr:DataCollectionService: stats => 1697971725315,166,4310,138,0,100
10-22 12:48:45.432   321   418 I BatteryMgr:DataCollectionService: stats => 1697971725432,166,4310,138,0,100
10-22 12:48:45.544   321   418 I BatteryMgr:DataCollectionService: stats => 1697971725544,166,4310,138,0,100
10-22 12:48:45.658   321   418 I BatteryMgr:DataCollectionService: stats => 1697971725658,166,4310,138,0,100
10-22 12:48:45.770   321   418 I BatteryMgr:DataCollectionService: stats => 1697971725770,166,4310,138,0,100
10-22 12:48:45.884   321   418 I BatteryMgr:DataCollectionService: stats => 1697971725884,166,4310,138,0,100
10-22 12:48:45.898  3957  4030 D SensorService: [SO] 0.292 0.077 9.989
10-22 12:48:45.944  3957  4129 D WifiStateMachine:  ConnectedState !RSSI_PKTCNT_FETCH uid=1000 rt=578132527/1634108000 0 0 "ourhome" f4:6d:2f:12:cc:88 rssi=-41 f=5240 sc=60 link=433 tx=2.2, 0.1, 0.0  rx=12.5 bcn=367638 [on:0 tx:0 rx:0 period:947] from screen [on:44223 period:200424] score=60
10-22 12:48:45.946  3957  4129 D WifiStateMachine:  L2ConnectedState !RSSI_PKTCNT_FETCH uid=1000 rt=578132530/1634108002 0 0 "ourhome" f4:6d:2f:12:cc:88 rssi=-41 f=5240 sc=60 link=433 tx=2.2, 0.1, 0.0  rx=12.5 bcn=367638 [on:0 tx:0 rx:0 period:2] from screen [on:44223 period:200426] score=60
10-22 12:48:45.952  3957  4129 D WifiStateMachine: fetchRssiLinkSpeedAndFrequencyNative rssi=-43 linkspeed=433 freq=5240
10-22 12:48:45.952  3957  4129 V WifiConfigManager: Updating scan detail cache freq=5240 BSSID=f4:6d:2f:12:cc:88 RSSI=-42 for "ourhome"WPA_PSK
10-22 12:48:45.999   321   418 I BatteryMgr:DataCollectionService: stats => 1697971725999,166,4310,138,0,100
10-22 12:48:46.059  3957  4128 D WifiService: getConnectionInfo uid=1000
10-22 12:48:46.113   321   418 I BatteryMgr:DataCollectionService: stats => 1697971726112,166,4310,138,0,100
10-22 12:48:46.194  3957  6478 D SSRM:k  : SIOP:: AP = 290, PST = 264 (W:12), BAT = 248, USB = 0, CHG = 0
10-22 12:48:46.226   321   418 I BatteryMgr:DataCollectionService: stats => 1697971726226,166,4310,138,0,100
10-22 12:48:46.341   321   418 I BatteryMgr:DataCollectionService: stats => 1697971726340,166,4310,138,0,100
10-22 12:48:46.454   321   418 I BatteryMgr:DataCollectionService: stats => 1697971726454,166,4310,138,0,100
10-22 12:48:46.568   321   418 I BatteryMgr:DataCollectionService: stats => 1697971726567,166,4310,138,0,100
10-22 12:48:46.680   321   418 I BatteryMgr:DataCollectionService: stats => 1697971726680,166,4310,138,0,100
10-22 12:48:46.793   321   418 I BatteryMgr:DataCollectionService: stats => 1697971726793,166,4310,138,0,100
10-22 12:48:46.907   321   418 I BatteryMgr:DataCollectionService: stats => 1697971726907,166,4310,138,0,100
10-22 12:48:46.945  3957  4129 D WifiStateMachine:  ConnectedState !RSSI_PKTCNT_FETCH uid=1000 rt=578133529/1634109001 0 0 "ourhome" f4:6d:2f:12:cc:88 rssi=-43 f=5240 sc=60 link=433 tx=2.2, 0.1, 0.0  rx=12.5 bcn=367638 [on:0 tx:0 rx:0 period:999] from screen [on:44223 period:201425] score=60
10-22 12:48:46.948  3957  4129 D WifiStateMachine:  L2ConnectedState !RSSI_PKTCNT_FETCH uid=1000 rt=578133531/1634109003 0 0 "ourhome" f4:6d:2f:12:cc:88 rssi=-43 f=5240 sc=60 link=433 tx=2.2, 0.1, 0.0  rx=12.5 bcn=367638 [on:0 tx:0 rx:0 period:2] from screen [on:44223 period:201427] score=60
10-22 12:48:46.955  3957  4129 D WifiStateMachine: fetchRssiLinkSpeedAndFrequencyNative rssi=-42 linkspeed=433 freq=5240
10-22 12:48:46.956  3957  4129 V WifiConfigManager: Updating scan detail cache freq=5240 BSSID=f4:6d:2f:12:cc:88 RSSI=-42 for "ourhome"WPA_PSK
10-22 12:48:47.021   321   418 I BatteryMgr:DataCollectionService: stats => 1697971727021,166,4310,138,0,100
10-22 12:48:47.059  3957  4128 D WifiService: getConnectionInfo uid=1000
10-22 12:48:47.136   321   418 I BatteryMgr:DataCollectionService: stats => 1697971727136,166,4310,138,0,100
10-22 12:48:47.252   321   418 I BatteryMgr:DataCollectionService: stats => 1697971727251,166,4310,138,0,100
10-22 12:48:47.368   321   418 I BatteryMgr:DataCollectionService: stats => 1697971727368,166,4310,138,0,100
10-22 12:48:47.482   321   418 I BatteryMgr:DataCollectionService: stats => 1697971727482,166,4310,138,0,100
10-22 12:48:47.594   321   418 I BatteryMgr:DataCollectionService: stats => 1697971727594,166,4310,138,0,100
10-22 12:48:47.619  4961  4961 D io_stats: !@ 179,0 r 8639446 280893384 w 2015362 39855396 d 160165 36173792 f 618697 642811 iot 4001652 3463112 th 51200 0 0 pt 0 inp 0 0 578134.204
10-22 12:48:47.709   321   418 I BatteryMgr:DataCollectionService: stats => 1697971727708,166,4310,138,0,100
10-22 12:48:47.823   321   418 I BatteryMgr:DataCollectionService: stats => 1697971727823,166,4310,138,0,100
10-22 12:48:47.936   321   418 I BatteryMgr:DataCollectionService: stats => 1697971727936,166,4310,138,0,100
10-22 12:48:47.946  3957  4129 D WifiStateMachine:  ConnectedState !RSSI_PKTCNT_FETCH uid=1000 rt=578134530/1634110002 0 0 "ourhome" f4:6d:2f:12:cc:88 rssi=-42 f=5240 sc=60 link=433 tx=2.2, 0.1, 0.0  rx=12.5 bcn=367638 [on:0 tx:0 rx:0 period:999] from screen [on:44223 period:202426] score=60
10-22 12:48:47.948  3957  4129 D WifiStateMachine:  L2ConnectedState !RSSI_PKTCNT_FETCH uid=1000 rt=578134532/1634110005 0 0 "ourhome" f4:6d:2f:12:cc:88 rssi=-42 f=5240 sc=60 link=433 tx=2.2, 0.1, 0.0  rx=12.5 bcn=367638 [on:0 tx:0 rx:0 period:2] from screen [on:44223 period:202428] score=60
10-22 12:48:47.955  3957  4129 D WifiStateMachine: fetchRssiLinkSpeedAndFrequencyNative rssi=-41 linkspeed=433 freq=5240
10-22 12:48:47.955  3957  4129 V WifiConfigManager: Updating scan detail cache freq=5240 BSSID=f4:6d:2f:12:cc:88 RSSI=-41 for "ourhome"WPA_PSK
10-22 12:48:47.993  3957  4129 D WifiStateMachine:  ConnectedState !CMD_RSSI_POLL rt=578134577/1634110050 104 0 "ourhome" f4:6d:2f:12:cc:88 rssi=-41 f=5240 sc=60 link=433 tx=2.2, 0.1, 0.0  rx=12.5 bcn=367638 [on:0 tx:0 rx:0 period:45] from screen [on:44223 period:202473] score=60
10-22 12:48:47.995  3957  4129 D WifiStateMachine:  L2ConnectedState !CMD_RSSI_POLL rt=578134579/1634110051 104 0 "ourhome" f4:6d:2f:12:cc:88 rssi=-41 f=5240 sc=60 link=433 tx=2.2, 0.1, 0.0  rx=12.5 bcn=367638 [on:0 tx:0 rx:0 period:2] from screen [on:44223 period:202475] score=60
10-22 12:48:47.995  3957  4129 D WifiStateMachine:  get link layer stats 3
10-22 12:48:47.996  3436  3436 I android.hardware.wifi@1.0-service: getLinkLayerStats
10-22 12:48:48.014  3957  4129 D WifiStateMachine: fetchRssiLinkSpeedAndFrequencyNative rssi=-42 linkspeed=433 freq=5240
10-22 12:48:48.014  3957  4129 V WifiConfigManager: Updating scan detail cache freq=5240 BSSID=f4:6d:2f:12:cc:88 RSSI=-41 for "ourhome"WPA_PSK
10-22 12:48:48.017  4340  4340 E SignalClusterView: setSlotFocusVisible : subId -2
10-22 12:48:48.018  4340  4340 E SignalClusterView: setSlotFocusVisible : subId -2
10-22 12:48:48.046   321   418 I BatteryMgr:DataCollectionService: stats => 1697971728046,166,4310,138,0,100
10-22 12:48:48.061  3957  4128 D WifiService: getConnectionInfo uid=1000
10-22 12:48:48.160   321   418 I BatteryMgr:DataCollectionService: stats => 1697971728160,166,4310,138,0,100
10-22 12:48:48.162  2479  2548 D ScanRecord: Not a Multi Manu data
10-22 12:48:48.274  2479  2548 I chatty  : uid=1002(bluetooth) BT Service Call identical 77 lines
10-22 12:48:48.274   321   418 I BatteryMgr:DataCollectionService: stats => 1697971728274,166,4310,138,0,100
10-22 12:48:48.274  2479  2548 D ScanRecord: Not a Multi Manu data
10-22 12:48:48.274  2479  2548 D ScanRecord: Not a Multi Manu data
10-22 12:48:48.380  2479  2548 I chatty  : uid=1002(bluetooth) BT Service Call identical 117 lines
10-22 12:48:48.380  2479  2548 D ScanRecord: Not a Multi Manu data
10-22 12:48:48.387   321   418 I BatteryMgr:DataCollectionService: stats => 1697971728387,166,4310,138,0,100
10-22 12:48:48.401  2479  2548 D ScanRecord: Not a Multi Manu data
10-22 12:48:48.500  2479  2548 I chatty  : uid=1002(bluetooth) BT Service Call identical 75 lines
10-22 12:48:48.500  2479  2548 D ScanRecord: Not a Multi Manu data
10-22 12:48:48.504   321   418 I BatteryMgr:DataCollectionService: stats => 1697971728503,166,4310,138,0,100
10-22 12:48:48.513  2479  2548 D ScanRecord: Not a Multi Manu data
10-22 12:48:48.623  2479  2548 I chatty  : uid=1002(bluetooth) BT Service Call identical 141 lines
10-22 12:48:48.623  2479  2548 D ScanRecord: Not a Multi Manu data
10-22 12:48:48.625   321   418 I BatteryMgr:DataCollectionService: stats => 1697971728625,166,4310,138,0,100
10-22 12:48:48.628  2479  2548 D ScanRecord: Not a Multi Manu data
10-22 12:48:48.631  2479  2548 I chatty  : uid=1002(bluetooth) BT Service Call identical 20 lines
10-22 12:48:48.631  2479  2548 D ScanRecord: Not a Multi Manu data
10-22 12:48:48.740   321   418 I BatteryMgr:DataCollectionService: stats => 1697971728739,166,4310,138,0,100
10-22 12:48:48.851   321   418 I BatteryMgr:DataCollectionService: stats => 1697971728851,166,4310,138,0,100
10-22 12:48:48.948  3957  4129 D WifiStateMachine:  ConnectedState !RSSI_PKTCNT_FETCH uid=1000 rt=578135531/1634111004 0 0 "ourhome" f4:6d:2f:12:cc:88 rssi=-42 f=5240 sc=60 link=433 tx=1.4, 0.0, 0.0  rx=23.0 bcn=367666 [on:0 tx:0 rx:0 period:931] from screen [on:45080 period:203428] score=60
10-22 12:48:48.951  3957  4129 D WifiStateMachine:  L2ConnectedState !RSSI_PKTCNT_FETCH uid=1000 rt=578135534/1634111007 0 0 "ourhome" f4:6d:2f:12:cc:88 rssi=-42 f=5240 sc=60 link=433 tx=1.4, 0.0, 0.0  rx=23.0 bcn=367666 [on:0 tx:0 rx:0 period:3] from screen [on:45080 period:203431] score=60
10-22 12:48:48.959  3957  4129 D WifiStateMachine: fetchRssiLinkSpeedAndFrequencyNative rssi=-41 linkspeed=433 freq=5240
10-22 12:48:48.959  3957  4129 V WifiConfigManager: Updating scan detail cache freq=5240 BSSID=f4:6d:2f:12:cc:88 RSSI=-41 for "ourhome"WPA_PSK
10-22 12:48:48.964   321   418 I BatteryMgr:DataCollectionService: stats => 1697971728964,166,4310,138,0,100
10-22 12:48:49.063  3957  4128 D WifiService: getConnectionInfo uid=1000
10-22 12:48:49.080   321   418 I BatteryMgr:DataCollectionService: stats => 1697971729080,166,4310,138,0,100
10-22 12:48:49.202   321   418 I BatteryMgr:DataCollectionService: stats => 1697971729201,166,4310,138,0,100
10-22 12:48:49.315   321   418 I BatteryMgr:DataCollectionService: stats => 1697971729315,166,4310,138,0,100
10-22 12:48:49.428   321   418 I BatteryMgr:DataCollectionService: stats => 1697971729428,166,4310,138,0,100
10-22 12:48:49.539   321   418 I BatteryMgr:DataCollectionService: stats => 1697971729539,166,4310,138,0,100
10-22 12:48:49.653   321   418 I BatteryMgr:DataCollectionService: stats => 1697971729653,166,4310,138,0,100
10-22 12:48:49.768   321   418 I BatteryMgr:DataCollectionService: stats => 1697971729768,166,4310,138,0,100
10-22 12:48:49.883   321   418 I BatteryMgr:DataCollectionService: stats => 1697971729883,166,4310,138,0,100
10-22 12:48:49.952  3957  4129 D WifiStateMachine:  ConnectedState !RSSI_PKTCNT_FETCH uid=1000 rt=578136535/1634112007 0 0 "ourhome" f4:6d:2f:12:cc:88 rssi=-41 f=5240 sc=60 link=433 tx=1.4, 0.0, 0.0  rx=23.0 bcn=367666 [on:0 tx:0 rx:0 period:1000] from screen [on:45080 period:204431] score=60
10-22 12:48:49.954  3957  4129 D WifiStateMachine:  L2ConnectedState !RSSI_PKTCNT_FETCH uid=1000 rt=578136537/1634112010 0 0 "ourhome" f4:6d:2f:12:cc:88 rssi=-41 f=5240 sc=60 link=433 tx=1.4, 0.0, 0.0  rx=23.0 bcn=367666 [on:0 tx:0 rx:0 period:3] from screen [on:45080 period:204434] score=60
10-22 12:48:49.961  3957  4129 D WifiStateMachine: fetchRssiLinkSpeedAndFrequencyNative rssi=-38 linkspeed=433 freq=5240
10-22 12:48:49.961  3957  4129 V WifiConfigManager: Updating scan detail cache freq=5240 BSSID=f4:6d:2f:12:cc:88 RSSI=-39 for "ourhome"WPA_PSK
10-22 12:48:49.994   321   418 I BatteryMgr:DataCollectionService: stats => 1697971729994,166,4310,138,0,100
10-22 12:48:50.065  3957  4128 D WifiService: getConnectionInfo uid=1000
10-22 12:48:50.105   321   418 I BatteryMgr:DataCollectionService: stats => 1697971730105,166,4310,138,0,100
10-22 12:48:50.218   321   418 I BatteryMgr:DataCollectionService: stats => 1697971730218,166,4310,138,0,100
10-22 12:48:50.335   321   418 I BatteryMgr:DataCollectionService: stats => 1697971730335,166,4310,138,0,100
10-22 12:48:50.451   321   418 I BatteryMgr:DataCollectionService: stats => 1697971730451,166,4310,138,0,100
10-22 12:48:50.563   321   418 I BatteryMgr:DataCollectionService: stats => 1697971730563,166,4310,138,0,100
10-22 12:48:50.682   321   418 I BatteryMgr:DataCollectionService: stats => 1697971730681,166,4310,138,0,100
10-22 12:48:50.796   321   418 I BatteryMgr:DataCollectionService: stats => 1697971730795,166,4310,138,0,100
10-22 12:48:50.911   321   418 I BatteryMgr:DataCollectionService: stats => 1697971730911,166,4310,138,0,100
10-22 12:48:50.951  3957  4129 D WifiStateMachine:  ConnectedState !RSSI_PKTCNT_FETCH uid=1000 rt=578137534/1634113006 0 0 "ourhome" f4:6d:2f:12:cc:88 rssi=-38 f=5240 sc=60 link=433 tx=1.4, 0.0, 0.0  rx=23.0 bcn=367666 [on:0 tx:0 rx:0 period:997] from screen [on:45080 period:205431] score=60
10-22 12:48:50.954  3957  4129 D WifiStateMachine:  L2ConnectedState !RSSI_PKTCNT_FETCH uid=1000 rt=578137537/1634113010 0 0 "ourhome" f4:6d:2f:12:cc:88 rssi=-38 f=5240 sc=60 link=433 tx=1.4, 0.0, 0.0  rx=23.0 bcn=367666 [on:0 tx:0 rx:0 period:2] from screen [on:45080 period:205433] score=60
10-22 12:48:50.956  3957  4129 D WifiStateMachine: fetchRssiLinkSpeedAndFrequencyNative rssi=-38 linkspeed=433 freq=5240
10-22 12:48:50.956  3957  4129 V WifiConfigManager: Updating scan detail cache freq=5240 BSSID=f4:6d:2f:12:cc:88 RSSI=-38 for "ourhome"WPA_PSK
10-22 12:48:51.017  3957  4129 D WifiStateMachine:  ConnectedState !CMD_RSSI_POLL rt=578137600/1634113073 104 0 "ourhome" f4:6d:2f:12:cc:88 rssi=-38 f=5240 sc=60 link=433 tx=1.4, 0.0, 0.0  rx=23.0 bcn=367666 [on:0 tx:0 rx:0 period:64] from screen [on:45080 period:205497] score=60
10-22 12:48:51.019  3957  4129 D WifiStateMachine:  L2ConnectedState !CMD_RSSI_POLL rt=578137603/1634113075 104 0 "ourhome" f4:6d:2f:12:cc:88 rssi=-38 f=5240 sc=60 link=433 tx=1.4, 0.0, 0.0  rx=23.0 bcn=367666 [on:0 tx:0 rx:0 period:2] from screen [on:45080 period:205499] score=60
10-22 12:48:51.019  3957  4129 D WifiStateMachine:  get link layer stats 3
10-22 12:48:51.020  3436  3436 I android.hardware.wifi@1.0-service: getLinkLayerStats
10-22 12:48:51.026   321   418 I BatteryMgr:DataCollectionService: stats => 1697971731026,166,4310,138,0,100
10-22 12:48:51.039  3957  4129 D WifiStateMachine: fetchRssiLinkSpeedAndFrequencyNative rssi=-38 linkspeed=433 freq=5240
10-22 12:48:51.039  3957  4129 V WifiConfigManager: Updating scan detail cache freq=5240 BSSID=f4:6d:2f:12:cc:88 RSSI=-38 for "ourhome"WPA_PSK
10-22 12:48:51.046  4340  4340 E SignalClusterView: setSlotFocusVisible : subId -2
10-22 12:48:51.046  4340  4340 E SignalClusterView: setSlotFocusVisible : subId -2
10-22 12:48:51.068  3957  4128 D WifiService: getConnectionInfo uid=1000
10-22 12:48:51.138   321   418 I BatteryMgr:DataCollectionService: stats => 1697971731137,166,4310,138,0,100
10-22 12:48:51.252   321   418 I BatteryMgr:DataCollectionService: stats => 1697971731252,166,4310,138,0,100
10-22 12:48:51.363   321   418 I BatteryMgr:DataCollectionService: stats => 1697971731363,166,4310,138,0,100
10-22 12:48:51.473   321   418 I BatteryMgr:DataCollectionService: stats => 1697971731473,166,4310,138,0,100
10-22 12:48:51.585   321   418 I BatteryMgr:DataCollectionService: stats => 1697971731585,166,4310,138,0,100
10-22 12:48:51.700   321   418 I BatteryMgr:DataCollectionService: stats => 1697971731700,166,4310,138,0,100
10-22 12:48:51.812   321   418 I BatteryMgr:DataCollectionService: stats => 1697971731812,166,4310,138,0,100
10-22 12:48:51.924   321   418 I BatteryMgr:DataCollectionService: stats => 1697971731924,166,4310,138,0,100
10-22 12:48:51.951  3957  4129 D WifiStateMachine:  ConnectedState !RSSI_PKTCNT_FETCH uid=1000 rt=578138535/1634114007 0 0 "ourhome" f4:6d:2f:12:cc:88 rssi=-38 f=5240 sc=60 link=433 tx=0.5, 0.0, 0.0  rx=16.6 bcn=367695 [on:0 tx:0 rx:0 period:906] from screen [on:45609 period:206431] score=60
10-22 12:48:51.954  3957  4129 D WifiStateMachine:  L2ConnectedState !RSSI_PKTCNT_FETCH uid=1000 rt=578138537/1634114009 0 0 "ourhome" f4:6d:2f:12:cc:88 rssi=-38 f=5240 sc=60 link=433 tx=0.5, 0.0, 0.0  rx=16.6 bcn=367695 [on:0 tx:0 rx:0 period:2] from screen [on:45609 period:206433] score=60
10-22 12:48:51.962  3957  4129 D WifiStateMachine: fetchRssiLinkSpeedAndFrequencyNative rssi=-37 linkspeed=433 freq=5240
10-22 12:48:51.962  3957  4129 V WifiConfigManager: Updating scan detail cache freq=5240 BSSID=f4:6d:2f:12:cc:88 RSSI=-37 for "ourhome"WPA_PSK
10-22 12:48:52.037   321   418 I BatteryMgr:DataCollectionService: stats => 1697971732036,166,4310,138,0,100
10-22 12:48:52.070  3957  4128 D WifiService: getConnectionInfo uid=1000
10-22 12:48:52.155   321   418 I BatteryMgr:DataCollectionService: stats => 1697971732154,166,4310,138,0,100
10-22 12:48:52.268   321   418 I BatteryMgr:DataCollectionService: stats => 1697971732267,166,4310,138,0,100
10-22 12:48:52.381   321   418 I BatteryMgr:DataCollectionService: stats => 1697971732381,166,4310,138,0,100
10-22 12:48:52.495   321   418 I BatteryMgr:DataCollectionService: stats => 1697971732495,166,4310,138,0,100
10-22 12:48:52.608   321   418 I BatteryMgr:DataCollectionService: stats => 1697971732608,166,4310,138,0,100
10-22 12:48:52.623  4961  4961 D io_stats: !@ 179,0 r 8639578 280898580 w 2015382 39855576 d 160166 36173832 f 618698 642812 iot 4001712 3463161 th 51200 0 0 pt 0 inp 0 0 578139.207
10-22 12:48:52.720   321   418 I BatteryMgr:DataCollectionService: stats => 1697971732719,166,4310,138,0,100
10-22 12:48:52.838   321   418 I BatteryMgr:DataCollectionService: stats => 1697971732838,166,4310,138,0,100
10-22 12:48:52.953  3957  4129 D WifiStateMachine:  ConnectedState !RSSI_PKTCNT_FETCH uid=1000 rt=578139537/1634115009 0 0 "ourhome" f4:6d:2f:12:cc:88 rssi=-37 f=5240 sc=60 link=433 tx=0.5, 0.0, 0.0  rx=16.6 bcn=367695 [on:0 tx:0 rx:0 period:1000] from screen [on:45609 period:207433] score=60
10-22 12:48:52.956  3957  4129 D WifiStateMachine:  L2ConnectedState !RSSI_PKTCNT_FETCH uid=1000 rt=578139539/1634115012 0 0 "ourhome" f4:6d:2f:12:cc:88 rssi=-37 f=5240 sc=60 link=433 tx=0.5, 0.0, 0.0  rx=16.6 bcn=367695 [on:0 tx:0 rx:0 period:3] from screen [on:45609 period:207436] score=60
10-22 12:48:52.959   321   418 I BatteryMgr:DataCollectionService: stats => 1697971732959,166,4310,138,0,100
10-22 12:48:52.963  3957  4129 D WifiStateMachine: fetchRssiLinkSpeedAndFrequencyNative rssi=-38 linkspeed=433 freq=5240
10-22 12:48:52.964  3957  4129 V WifiConfigManager: Updating scan detail cache freq=5240 BSSID=f4:6d:2f:12:cc:88 RSSI=-37 for "ourhome"WPA_PSK
10-22 12:48:53.074  3957  4128 D WifiService: getConnectionInfo uid=1000
10-22 12:48:53.078   321   418 I BatteryMgr:DataCollectionService: stats => 1697971733078,166,4310,138,0,100
10-22 12:48:53.142  2479  2548 D ScanRecord: Not a Multi Manu data
10-22 12:48:53.180  2479  2548 I chatty  : uid=1002(bluetooth) BT Service Call identical 31 lines
10-22 12:48:53.180  2479  2548 D ScanRecord: Not a Multi Manu data
10-22 12:48:53.193   321   418 I BatteryMgr:DataCollectionService: stats => 1697971733193,166,4310,138,0,100
10-22 12:48:53.193  2479  2548 D ScanRecord: Not a Multi Manu data
10-22 12:48:53.300  2479  2548 I chatty  : uid=1002(bluetooth) BT Service Call identical 130 lines
10-22 12:48:53.300  2479  2548 D ScanRecord: Not a Multi Manu data
10-22 12:48:53.305   321   418 I BatteryMgr:DataCollectionService: stats => 1697971733305,166,4310,138,0,100
10-22 12:48:53.317  2479  2548 D ScanRecord: Not a Multi Manu data
10-22 12:48:53.417  2479  2548 I chatty  : uid=1002(bluetooth) BT Service Call identical 119 lines
10-22 12:48:53.417  2479  2548 D ScanRecord: Not a Multi Manu data
10-22 12:48:53.418   321   418 I BatteryMgr:DataCollectionService: stats => 1697971733418,166,4310,138,0,100
10-22 12:48:53.430  2479  2548 D ScanRecord: Not a Multi Manu data
10-22 12:48:53.519  2479  2548 I chatty  : uid=1002(bluetooth) BT Service Call identical 185 lines
10-22 12:48:53.519  2479  2548 D ScanRecord: Not a Multi Manu data
10-22 12:48:53.531   321   418 I BatteryMgr:DataCollectionService: stats => 1697971733531,166,4310,138,0,100
10-22 12:48:53.532  2479  2548 D ScanRecord: Not a Multi Manu data
10-22 12:48:53.641  2479  2548 I chatty  : uid=1002(bluetooth) BT Service Call identical 97 lines
10-22 12:48:53.641  2479  2548 D ScanRecord: Not a Multi Manu data
10-22 12:48:53.650   321   418 I BatteryMgr:DataCollectionService: stats => 1697971733650,166,4310,138,0,100
10-22 12:48:53.772   321   418 I BatteryMgr:DataCollectionService: stats => 1697971733771,166,4310,138,0,100
10-22 12:48:53.889   321   418 I BatteryMgr:DataCollectionService: stats => 1697971733889,166,4310,138,0,100
10-22 12:48:53.954  3957  4129 D WifiStateMachine:  ConnectedState !RSSI_PKTCNT_FETCH uid=1000 rt=578140538/1634116010 0 0 "ourhome" f4:6d:2f:12:cc:88 rssi=-38 f=5240 sc=60 link=433 tx=0.5, 0.0, 0.0  rx=16.6 bcn=367695 [on:0 tx:0 rx:0 period:998] from screen [on:45609 period:208434] score=60
10-22 12:48:53.956  3957  4129 D WifiStateMachine:  L2ConnectedState !RSSI_PKTCNT_FETCH uid=1000 rt=578140540/1634116012 0 0 "ourhome" f4:6d:2f:12:cc:88 rssi=-38 f=5240 sc=60 link=433 tx=0.5, 0.0, 0.0  rx=16.6 bcn=367695 [on:0 tx:0 rx:0 period:2] from screen [on:45609 period:208436] score=60
10-22 12:48:53.963  3957  4129 D WifiStateMachine: fetchRssiLinkSpeedAndFrequencyNative rssi=-37 linkspeed=433 freq=5240
10-22 12:48:53.963  3957  4129 V WifiConfigManager: Updating scan detail cache freq=5240 BSSID=f4:6d:2f:12:cc:88 RSSI=-37 for "ourhome"WPA_PSK
10-22 12:48:54.002   321   418 I BatteryMgr:DataCollectionService: stats => 1697971734002,166,4310,138,0,100
10-22 12:48:54.042  3957  4129 D WifiStateMachine:  ConnectedState !CMD_RSSI_POLL rt=578140626/1634116099 104 0 "ourhome" f4:6d:2f:12:cc:88 rssi=-37 f=5240 sc=60 link=433 tx=0.5, 0.0, 0.0  rx=16.6 bcn=367695 [on:0 tx:0 rx:0 period:85] from screen [on:45609 period:208521] score=60
10-22 12:48:54.045  3957  4129 D WifiStateMachine:  L2ConnectedState !CMD_RSSI_POLL rt=578140628/1634116100 104 0 "ourhome" f4:6d:2f:12:cc:88 rssi=-37 f=5240 sc=60 link=433 tx=0.5, 0.0, 0.0  rx=16.6 bcn=367695 [on:0 tx:0 rx:0 period:3] from screen [on:45609 period:208524] score=60
10-22 12:48:54.045  3957  4129 D WifiStateMachine:  get link layer stats 3
10-22 12:48:54.046  3436  3436 I android.hardware.wifi@1.0-service: getLinkLayerStats
10-22 12:48:54.064  3957  4129 D WifiStateMachine: fetchRssiLinkSpeedAndFrequencyNative rssi=-37 linkspeed=433 freq=5240
10-22 12:48:54.064  3957  4129 V WifiConfigManager: Updating scan detail cache freq=5240 BSSID=f4:6d:2f:12:cc:88 RSSI=-37 for "ourhome"WPA_PSK
10-22 12:48:54.067  4340  4340 E SignalClusterView: setSlotFocusVisible : subId -2
10-22 12:48:54.067  4340  4340 E SignalClusterView: setSlotFocusVisible : subId -2
10-22 12:48:54.077  3957  4128 D WifiService: getConnectionInfo uid=1000
10-22 12:48:54.115   321   418 I BatteryMgr:DataCollectionService: stats => 1697971734115,166,4310,138,0,100
10-22 12:48:54.234   321   418 I BatteryMgr:DataCollectionService: stats => 1697971734234,166,4310,138,0,100
10-22 12:48:54.350   321   418 I BatteryMgr:DataCollectionService: stats => 1697971734350,166,4310,138,0,100
10-22 12:48:54.460   321   418 I BatteryMgr:DataCollectionService: stats => 1697971734460,166,4310,138,0,100
10-22 12:48:54.580   321   418 I BatteryMgr:DataCollectionService: stats => 1697971734579,166,4310,138,0,100
10-22 12:48:54.689   321   418 I BatteryMgr:DataCollectionService: stats => 1697971734689,166,4310,138,0,100
10-22 12:48:54.800   321   418 I BatteryMgr:DataCollectionService: stats => 1697971734800,161,4310,150,0,100
10-22 12:48:54.910   321   418 I BatteryMgr:DataCollectionService: stats => 1697971734910,161,4310,150,0,100
10-22 12:48:54.955  3957  4129 D WifiStateMachine:  ConnectedState !RSSI_PKTCNT_FETCH uid=1000 rt=578141539/1634117012 0 0 "ourhome" f4:6d:2f:12:cc:88 rssi=-37 f=5240 sc=60 link=433 tx=0.2, 0.0, 0.0  rx=9.9 bcn=367724 [on:0 tx:0 rx:0 period:888] from screen [on:45899 period:209435] score=60
10-22 12:48:54.957  3957  4129 D WifiStateMachine:  L2ConnectedState !RSSI_PKTCNT_FETCH uid=1000 rt=578141541/1634117013 0 0 "ourhome" f4:6d:2f:12:cc:88 rssi=-37 f=5240 sc=60 link=433 tx=0.2, 0.0, 0.0  rx=9.9 bcn=367724 [on:0 tx:0 rx:0 period:2] from screen [on:45899 period:209437] score=60
10-22 12:48:54.959  3957  4129 D WifiStateMachine: fetchRssiLinkSpeedAndFrequencyNative rssi=-36 linkspeed=433 freq=5240
10-22 12:48:54.960  3957  4129 V WifiConfigManager: Updating scan detail cache freq=5240 BSSID=f4:6d:2f:12:cc:88 RSSI=-36 for "ourhome"WPA_PSK
10-22 12:48:55.025   321   418 I BatteryMgr:DataCollectionService: stats => 1697971735025,161,4310,150,0,100
10-22 12:48:55.079  3957  4128 D WifiService: getConnectionInfo uid=1000
10-22 12:48:55.133   321   418 I BatteryMgr:DataCollectionService: stats => 1697971735133,161,4310,150,0,100
10-22 12:48:55.246   321   418 I BatteryMgr:DataCollectionService: stats => 1697971735245,161,4310,150,0,100
10-22 12:48:55.288  3957  4651 D BatteryService: !@BatteryListener : batteryPropertiesChanged!
10-22 12:48:55.361   321   418 I BatteryMgr:DataCollectionService: stats => 1697971735360,161,4310,150,0,100
10-22 12:48:55.472   321   418 I BatteryMgr:DataCollectionService: stats => 1697971735472,161,4310,150,0,100
10-22 12:48:55.586   321   418 I BatteryMgr:DataCollectionService: stats => 1697971735585,161,4310,150,0,100
10-22 12:48:55.698   321   418 I BatteryMgr:DataCollectionService: stats => 1697971735698,161,4310,150,0,100
10-22 12:48:55.814   321   418 I BatteryMgr:DataCollectionService: stats => 1697971735813,161,4310,150,0,100
10-22 12:48:55.898  3957  4030 D SensorService: [SO] 0.292 0.086 9.969
10-22 12:48:55.933   321   418 I BatteryMgr:DataCollectionService: stats => 1697971735933,161,4310,150,0,100
10-22 12:48:55.956  3957  4129 D WifiStateMachine:  ConnectedState !RSSI_PKTCNT_FETCH uid=1000 rt=578142540/1634118013 0 0 "ourhome" f4:6d:2f:12:cc:88 rssi=-36 f=5240 sc=60 link=433 tx=0.2, 0.0, 0.0  rx=9.9 bcn=367724 [on:0 tx:0 rx:0 period:999] from screen [on:45899 period:210436] score=60
10-22 12:48:55.959  3957  4129 D WifiStateMachine:  L2ConnectedState !RSSI_PKTCNT_FETCH uid=1000 rt=578142542/1634118015 0 0 "ourhome" f4:6d:2f:12:cc:88 rssi=-36 f=5240 sc=60 link=433 tx=0.2, 0.0, 0.0  rx=9.9 bcn=367724 [on:0 tx:0 rx:0 period:3] from screen [on:45899 period:210439] score=60
10-22 12:48:55.967  3957  4129 D WifiStateMachine: fetchRssiLinkSpeedAndFrequencyNative rssi=-37 linkspeed=433 freq=5240
10-22 12:48:55.967  3957  4129 V WifiConfigManager: Updating scan detail cache freq=5240 BSSID=f4:6d:2f:12:cc:88 RSSI=-36 for "ourhome"WPA_PSK
10-22 12:48:56.045   321   418 I BatteryMgr:DataCollectionService: stats => 1697971736045,161,4310,150,0,100
10-22 12:48:56.083  3957  4128 D WifiService: getConnectionInfo uid=1000
10-22 12:48:56.160   321   418 I BatteryMgr:DataCollectionService: stats => 1697971736160,161,4310,150,0,100
10-22 12:48:56.218  3957  6478 D SSRM:k  : SIOP:: AP = 290, PST = 266 (W:12), BAT = 248, USB = 0, CHG = 0
10-22 12:48:56.272   321   418 I BatteryMgr:DataCollectionService: stats => 1697971736272,161,4310,150,0,100
10-22 12:48:56.385   321   418 I BatteryMgr:DataCollectionService: stats => 1697971736385,161,4310,150,0,100
10-22 12:48:56.498   321   418 I BatteryMgr:DataCollectionService: stats => 1697971736497,161,4310,150,0,100
10-22 12:48:56.612   321   418 I BatteryMgr:DataCollectionService: stats => 1697971736612,161,4310,150,0,100
10-22 12:48:56.726   321   418 I BatteryMgr:DataCollectionService: stats => 1697971736726,161,4310,150,0,100
10-22 12:48:56.839   321   418 I BatteryMgr:DataCollectionService: stats => 1697971736839,161,4310,150,0,100
10-22 12:48:56.951   321   418 I BatteryMgr:DataCollectionService: stats => 1697971736951,161,4310,150,0,100
10-22 12:48:56.958  3957  4129 D WifiStateMachine:  ConnectedState !RSSI_PKTCNT_FETCH uid=1000 rt=578143542/1634119015 0 0 "ourhome" f4:6d:2f:12:cc:88 rssi=-37 f=5240 sc=60 link=433 tx=0.2, 0.0, 0.0  rx=9.9 bcn=367724 [on:0 tx:0 rx:0 period:999] from screen [on:45899 period:211438] score=60
