10-22 13:44:27.455  7473  7512 I GeckoLoader: Library base=/data/app/org.mozilla.fenix-iWpGOrf8cry6RDpwHyQugA==/lib/arm64
10-22 13:44:27.455  7473  7512 I GeckoLoader: Library base=/data/app/org.mozilla.fenix-iWpGOrf8cry6RDpwHyQugA==/lib/arm64
10-22 13:44:27.456  7473  7512 E GeckoLibLoad: Load sqlite start
10-22 13:44:27.458  7473  7512 W linker  : "/data/app/org.mozilla.fenix-iWpGOrf8cry6RDpwHyQugA==/lib/arm64/libnss3.so" unused DT entry: type 0x8000024 arg 0x14998
10-22 13:44:27.458  7473  7512 W linker  : "/data/app/org.mozilla.fenix-iWpGOrf8cry6RDpwHyQugA==/lib/arm64/libnss3.so" unused DT entry: type 0x8000023 arg 0x5c8
10-22 13:44:27.458  7473  7512 W linker  : "/data/app/org.mozilla.fenix-iWpGOrf8cry6RDpwHyQugA==/lib/arm64/libnss3.so" unused DT entry: type 0x8000025 arg 0x8
10-22 13:44:27.460  7473  7512 E GeckoLibLoad: Load sqlite done
10-22 13:44:27.460  7473  7512 I GeckoLoader: Library base=/data/app/org.mozilla.fenix-iWpGOrf8cry6RDpwHyQugA==/lib/arm64
10-22 13:44:27.460  7473  7512 E GeckoLibLoad: Load nss start
10-22 13:44:27.460  7473  7512 E GeckoLibLoad: Load nss done
10-22 13:44:27.460  7473  7512 I GeckoLoader: Library base=/data/app/org.mozilla.fenix-iWpGOrf8cry6RDpwHyQugA==/lib/arm64
10-22 13:44:27.463  7473  7512 W linker  : "/data/app/org.mozilla.fenix-iWpGOrf8cry6RDpwHyQugA==/lib/arm64/libxul.so" unused DT entry: type 0x8000024 arg 0x539420
10-22 13:44:27.463  7473  7512 W linker  : "/data/app/org.mozilla.fenix-iWpGOrf8cry6RDpwHyQugA==/lib/arm64/libxul.so" unused DT entry: type 0x8000023 arg 0x17d68
10-22 13:44:27.463  7473  7512 W linker  : "/data/app/org.mozilla.fenix-iWpGOrf8cry6RDpwHyQugA==/lib/arm64/libxul.so" unused DT entry: type 0x8000025 arg 0x8
10-22 13:44:27.464 32257 32257 E adbd    : recv: OPEN 0000042d 00000000 0042:73 68 65 6C 6C 2C 76 32 2C 54 45 52 4D 3D 78 74 65 72 6D 2D 32 35 36 63 6F 6C 6F 72 2C 72 61 77 3A 67 65 74 70 72 6F 70 20 72 6F 2E 62 75 69 6C 64 2E 76 65 72 73 69 6F 6E 2E 72 65 6C 65 61 73 65 00 
10-22 13:44:27.464 32257 32257 E adbd    : service_to_fd: shell,v2,TERM=xterm-256color,raw:getprop ro.build.version.release
10-22 13:44:27.484  7473  7512 E GeckoLibLoad: Loaded libs in 23.537269ms total, 12ms(12ms) user, 8ms(12ms) system, 0(0) faults
10-22 13:44:27.484  7473  7512 W GeckoThread: zerdatime 1637449542 - runGecko
10-22 13:44:27.509  7321  7321 D skia    : approximate: numPoints=40, lengths[39]=620.200073, totalLength=620.200073, segmentPoints[39]=[422.600037,0.000000]
10-22 13:44:27.509  7321  7321 D skia    : approximate: approximation[117]=1.000000, approximation[118]=422.600037, approximation[119]=0.000000
10-22 13:44:27.509  7321  7321 D skia    : approximate: numPoints=4, lengths[3]=3.448155, totalLength=3.448155, segmentPoints[3]=[3.000000,0.100000]
10-22 13:44:27.509  7321  7321 D skia    : approximate: approximation[9]=1.000000, approximation[10]=3.000000, approximation[11]=0.100000
10-22 13:44:27.510  7321  7321 D skia    : approximate: numPoints=37, lengths[36]=722.199951, totalLength=722.199951, segmentPoints[36]=[199.600006,0.000000]
10-22 13:44:27.510  7321  7321 D skia    : approximate: approximation[108]=1.000000, approximation[109]=199.600006, approximation[110]=0.000000
10-22 13:44:27.511  7321  7321 D skia    : approximate: numPoints=3, lengths[2]=2.472497, totalLength=2.472497, segmentPoints[2]=[2.000000,0.100000]
10-22 13:44:27.511  7321  7321 D skia    : approximate: approximation[6]=1.000000, approximation[7]=2.000000, approximation[8]=0.100000
10-22 13:44:27.514 32257 32257 E adbd    : recv: OPEN 00000431 00000000 003e:73 68 65 6C 6C 2C 76 32 2C 54 45 52 4D 3D 78 74 65 72 6D 2D 32 35 36 63 6F 6C 6F 72 2C 72 61 77 3A 67 65 74 70 72 6F 70 20 72 6F 2E 62 75 69 6C 64 2E 76 65 72 73 69 6F 6E 2E 73 64 6B 00 
10-22 13:44:27.515 32257 32257 E adbd    : service_to_fd: shell,v2,TERM=xterm-256color,raw:getprop ro.build.version.sdk
10-22 13:44:27.518  7321  7321 V InputMethodManager: Starting input: tba=android.view.inputmethod.EditorInfo@3aaca3d nm : org.mozilla.fenix ic=null
10-22 13:44:27.518  7321  7321 I InputMethodManager: startInputInner - mService.startInputOrWindowGainedFocus
10-22 13:44:27.519  3957  4564 D InputMethodManagerService: startInputOrWindowGainedFocus : startInput 
10-22 13:44:27.519  3957  4564 D InputMethodManagerService: setCurrentInputInfo - inputContext : null eidtorInfo : android.view.inputmethod.EditorInfo@bab57c0 missingMethods : 0
10-22 13:44:27.519 14900 14900 I InputMethodWrapper:  call dispatchStartInputWithToken
10-22 13:44:27.520 14900 14900 I InputMethodService: dispatchStartInputWithToken
10-22 13:44:27.520 14900 14900 I SKBD    : SamsungKeypad [IMI] onStartInput - caller pid : 7321, caller uid : 10169
10-22 13:44:27.545  3599  3918 D DnsProxyListener: DNSDBG::dns addrinfo af 0
10-22 13:44:27.551  7321  7350 W GeckoEventDispatcher: No listener for GeckoView:PageAction:Update
10-22 13:44:27.577 32257 32257 E adbd    : recv: OPEN 00000435 00000000 015d:73 68 65 6C 6C 2C 76 32 2C 54 45 52 4D 3D 78 74 65 72 6D 2D 32 35 36 63 6F 6C 6F 72 2C 72 61 77 3A 61 6D 20 73 74 61 72 74 2D 66 6F 72 65 67 72 6F 75 6E 64 2D 73 65 72 76 69 63 65 20 2D 6E 20 22 63 6F 6D 2E 65 78 61 6D 70 6C 65 2E 62 61 74 74 65 72 79 6D 61 6E 61 67 65 72 5F 75 74 69 6C 69 74 79 2F 63 6F 6D 2E 65 78 61 6D 70 6C 65 2E 62 61 74 74 65 72 79 6D 61 6E 61 67 65 72 5F 75 74 69 6C 69 74 79 2E 44 61 74 61 43 6F 6C 6C 65 63 74 69 6F 6E 53 65 72 76 69 63 65 22 20 2D 2D 65 69 20 73 61 6D 70 6C 65 52 61 74 65 20 31 30 30 20 2D 2D 65 73 20 22 64 61 74 61 46 69 65 6C 64 73 22 20 22 42 41 54 54 45 52 59 5F 50 52 4F 50 45 52 54 59 5F 43 55 52 52 45 4E 54 5F 4E 4F 57 2C 45 58 54 52 41 5F 56 4F 4C 54 41 47 45 2C 42 41 54 54 45 52 59 5F 50 52 4F 50 45 52 54 59 5F 43 55 52 52 45 4E 54 5F 41 56 45 52 41 47 45 2C 42 41 54 54 45 52 59 5F 50 52 4F 50 45 52 54 59 5F 43 48 41 52 47 45 5F 43 4F 55 4E 54 45 52 2C 42 41 54 54 45 52 59 5F 50 52 4F 50 45 52 54 59 5F 43 41 50 41 43 49 54 59
10-22 13:44:27.577 32257 32257 E adbd    : service_to_fd: shell,v2,TERM=xterm-256color,raw:am start-foreground-service -n "com.example.batterymanager_utility/com.example.batterymanager_utility.DataCollectionService" --ei sampleRate 100 --es "dataFields" "BATTERY_PROPERTY_CURRENT_NOW,EXTRA_VOLTAGE,BATTERY_PROPERTY_CURRENT_AVERAGE,BATTERY_PROPERTY_CHARGE_COUNTER,BATTERY_PROPERTY_CAPACITY" --ez toCSV false
10-22 13:44:27.588  3957  4025 I WindowManager: Destroying surface Surface(name=Splash Screen org.mozilla.fenix) called by com.android.server.wm.WindowStateAnimator.destroySurface:2501 com.android.server.wm.WindowStateAnimator.destroySurfaceLocked:985 com.android.server.wm.WindowState.destroyOrSaveSurfaceUnchecked:3670 com.android.server.wm.WindowState.destroySurface:3618 com.android.server.wm.AppWindowToken.destroySurfaces:722 com.android.server.wm.AppWindowToken.destroySurfaces:706 com.android.server.wm.WindowState.onExitAnimationDone:5316 com.android.server.wm.WindowStateAnimator.stepAnimationLocked:550 
10-22 13:44:27.589  3447 18688 I SurfaceFlinger: id=2971 Removed Splash Screen org.mozilla.fenix#0 (3/5)
10-22 13:44:27.591  3447  3447 I SurfaceFlinger: Display 0 HWC layers:
10-22 13:44:27.591  3447  3447 I SurfaceFlinger:     type    |    handle    | flag |  format   |   source crop (l,t,r,b)    |         frame       | name 
10-22 13:44:27.591  3447  3447 I SurfaceFlinger: ------------+--------------+------+-----------+----------------------------+---------------------+------
10-22 13:44:27.591  3447  3447 I SurfaceFlinger:      Device | 0x7ea5024480 | 0000 | RGBA_8888 |   0.0    0.0  720.0 1280.0 |    0    0  720 1280 | org.mozilla.fenix/org.mozilla.fenix.App#0
10-22 13:44:27.591  3447  3447 I SurfaceFlinger:      Device | 0x7e9ed388c0 | 0000 | RGBA_8888 |   0.0    0.0  720.0   42.0 |    0    0  720   42 | StatusBar#0
10-22 13:44:27.591  3447  3447 I SurfaceFlinger: 
10-22 13:44:27.597  7473  7512 W AudioCapabilities: Unsupported mime audio/mpeg-L1
10-22 13:44:27.597  7473  7512 W AudioCapabilities: Unsupported mime audio/mpeg-L2
10-22 13:44:27.598  3447 18688 I SurfaceFlinger: id=2971 Removed Splash Screen org.mozilla.fenix#0 (-2/5)
10-22 13:44:27.600  7473  7512 W AudioCapabilities: Unsupported mime audio/x-ms-wma
10-22 13:44:27.601  7473  7512 W AudioCapabilities: Unsupported mime audio/x-ima
10-22 13:44:27.605  3447  3447 I Layer   : id=2971 onRemoved Splash Screen org.mozilla.fenix#0 
10-22 13:44:27.607  7473  7512 W VideoCapabilities: Unrecognized profile 2130706433 for video/avc
10-22 13:44:27.607  7473  7512 W VideoCapabilities: Unrecognized profile 2130706434 for video/avc
10-22 13:44:27.609  7473  7512 W VideoCapabilities: Unrecognized profile 2130706433 for video/avc
10-22 13:44:27.609  7473  7512 W VideoCapabilities: Unrecognized profile 2130706434 for video/avc
10-22 13:44:27.625  7473  7512 W VideoCapabilities: Unrecognized profile 2130706433 for video/avc
10-22 13:44:27.625  7473  7512 W VideoCapabilities: Unrecognized profile 2130706434 for video/avc
10-22 13:44:27.630  3957  4564 V WindowManager: Relayout Window{7ada78d u0 org.mozilla.fenix/org.mozilla.fenix.App}: viewVisibility=0 req=720x1280 WM.LayoutParams{(0,0)(fillxfill) sim=#10 ty=1 fl=#81010100 pfl=0x20000 fmt=-3 wanim=0x7f1404fa vsysui=0x2610 needsMenuKey=2 colorMode=0 naviIconColor=0}
10-22 13:44:27.633  7473  7512 W VideoCapabilities: Unsupported mime video/avc-wfd
10-22 13:44:27.634  7321  7321 D ViewRootImpl@1786449[App]: Relayout returned: old=[0,0][720,1280] new=[0,0][720,1280] result=0x1 surface={valid=true 499288076288} changed=false
10-22 13:44:27.659  7276  7276 I BatteryMgr:DataCollectionService: onStartCommand: begin
10-22 13:44:27.660  7276  7276 I BatteryMgr:DataCollectionService: onStartCommand: sampleRate => 100
10-22 13:44:27.660  7276  7276 I BatteryMgr:DataCollectionService: onStartCommand: rawFields => Timestamp,BATTERY_PROPERTY_CURRENT_NOW,EXTRA_VOLTAGE,BATTERY_PROPERTY_CURRENT_AVERAGE,BATTERY_PROPERTY_CHARGE_COUNTER,BATTERY_PROPERTY_CAPACITY
10-22 13:44:27.665  7276  7276 I BatteryMgr:DataCollectionService: onStartCommand: notification done
10-22 13:44:27.666  7276  7276 D Notification: allPendingIntents
10-22 13:44:27.672  3957  3972 D ApplicationPolicy: isStatusBarNotificationAllowedAsUser: packageName = android,userId = 0
10-22 13:44:27.672  3957  3972 D API test: getContainerInfo: value is 
10-22 13:44:27.673  3957  3972 D ApplicationPolicy: isStatusBarNotificationAllowedAsUser: packageName = android,userId = 0
10-22 13:44:27.673  3957  3972 D API test: getContainerInfo: value is 
10-22 13:44:27.673  3957  3972 E NotificationService: Suppressing notification from package by user request.
10-22 13:44:27.673  3957  3972 D ApplicationPolicy: isStatusBarNotificationAllowedAsUser: packageName = com.example.batterymanager_utility,userId = 0
10-22 13:44:27.673  3957  3972 D API test: getContainerInfo: value is 
10-22 13:44:27.674  3957  3972 D ApplicationPolicy: isStatusBarNotificationAllowedAsUser: packageName = com.example.batterymanager_utility,userId = 0
10-22 13:44:27.674  3957  3972 D API test: getContainerInfo: value is 
10-22 13:44:27.675  7276  7276 I BatteryMgr:DataCollectionService: started foreground
10-22 13:44:27.678  3957  3957 I AccessibilityManagerService: semOnLightNotification(null), bIsFlashOn : false
10-22 13:44:27.678  3957  3957 D AccessibilityManagerService: Can't use light notification
10-22 13:44:27.681  3957  4129 D WifiStateMachine:  ConnectedState !RSSI_PKTCNT_FETCH uid=1000 rt=581474266/1637449738 0 0 "ourhome" f4:6d:2f:12:cc:88 rssi=-44 f=5240 sc=60 link=433 tx=0.0, 0.0, 0.0  rx=9.1 bcn=398420 [on:0 tx:0 rx:0 period:949] from screen [on:163200 period:877259] score=60
10-22 13:44:27.681  3957  4564 V WindowManager: rotationForOrientationLw(orient=2, last=0); user=0  sensorRotation=-1 mLidState=-1 mDockMode=0 mHdmiPlugged=false
10-22 13:44:27.683  3957  4129 D WifiStateMachine:  L2ConnectedState !RSSI_PKTCNT_FETCH uid=1000 rt=581474267/1637449739 0 0 "ourhome" f4:6d:2f:12:cc:88 rssi=-44 f=5240 sc=60 link=433 tx=0.0, 0.0, 0.0  rx=9.1 bcn=398420 [on:0 tx:0 rx:0 period:2] from screen [on:163200 period:877261] score=60
10-22 13:44:27.684  3957  4129 D WifiStateMachine: fetchRssiLinkSpeedAndFrequencyNative rssi=-42 linkspeed=433 freq=5240
10-22 13:44:27.684  3957  4129 V WifiConfigManager: Updating scan detail cache freq=5240 BSSID=f4:6d:2f:12:cc:88 RSSI=-42 for "ourhome"WPA_PSK
10-22 13:44:27.686  3957  4564 V WindowManager: Relayout Window{7ada78d u0 org.mozilla.fenix/org.mozilla.fenix.App}: viewVisibility=0 req=720x1280 WM.LayoutParams{(0,0)(fillxfill) sim=#10 ty=1 fl=#81010100 pfl=0x20000 fmt=-3 wanim=0x7f1404fa vsysui=0x2610 needsMenuKey=2 colorMode=0 naviIconColor=0}
10-22 13:44:27.691 32257 32257 E adbd    : recv: OPEN 00000439 00000000 0042:73 68 65 6C 6C 2C 76 32 2C 54 45 52 4D 3D 78 74 65 72 6D 2D 32 35 36 63 6F 6C 6F 72 2C 72 61 77 3A 67 65 74 70 72 6F 70 20 72 6F 2E 62 75 69 6C 64 2E 76 65 72 73 69 6F 6E 2E 72 65 6C 65 61 73 65 00 
10-22 13:44:27.691 32257 32257 E adbd    : service_to_fd: shell,v2,TERM=xterm-256color,raw:getprop ro.build.version.release
10-22 13:44:27.691  7321  7321 D ViewRootImpl@1786449[App]: Relayout returned: old=[0,0][720,1280] new=[0,0][720,1280] result=0x1 surface={valid=true 499288076288} changed=false
10-22 13:44:27.693  7473  7512 I VideoCapabilities: Unsupported profile 4 for video/mp4v-es
10-22 13:44:27.696  7276  7570 I BatteryMgr:DataCollectionService: collectData: begin
10-22 13:44:27.702  3957  3957 D AudioService: getStreamVolume 5 index 110
10-22 13:44:27.705  3957  5414 D Notification: allPendingIntents
10-22 13:44:27.705  3957  4564 D Notification: allPendingIntents
10-22 13:44:27.706  4340  4340 D StatusBar: addNotification key=0|com.example.batterymanager_utility|1|null|10170 fullscreen:false
10-22 13:44:27.710  7276  7570 I BatteryMgr:DataCollectionService: stats => 1697975067710,159,4310,154,0,100
10-22 13:44:27.721  7321  7321 I SessionPrioritizationMiddleware: Update the currentSelectedTab 0bc9df09-a749-4381-873d-08f227e3cdd3 priority to HIGH
10-22 13:44:27.743 23612 23623 I FontLog : (REDACTED) Received query %s, URI %s
10-22 13:44:27.744  7473  7512 W VideoCapabilities: Unrecognized profile/level 1/32 for video/mp4v-es
10-22 13:44:27.744  7473  7512 W VideoCapabilities: Unrecognized profile/level 32768/2 for video/mp4v-es
10-22 13:44:27.744  7473  7512 W VideoCapabilities: Unrecognized profile/level 32768/64 for video/mp4v-es
10-22 13:44:27.744  7321  7321 I DefaultSupportedAddonsChecker: Unregister check for new supported add-ons
10-22 13:44:27.745  7321  7321 I WebExtension: releasePendingMessages: extension=webcompat-reporter@mozilla.org nativeApp=mozacWebcompatReporter session=null
10-22 13:44:27.746 23612 23623 I FontLog : (REDACTED) Query [%s] resolved to %s
10-22 13:44:27.747  7321  7321 I WebExtension: releasePendingMessages: extension=fxa@mozac.org nativeApp=mozacWebchannel session=org.mozilla.geckoview.GeckoSession@2cc2b28
10-22 13:44:27.747  7321  7321 I WebExtension: releasePendingMessages: extension=fxa@mozac.org nativeApp=mozacWebchannelBackground session=null
10-22 13:44:27.749  7321  7321 I WebExtension: releasePendingMessages: extension=readerview@mozac.org nativeApp=mozacReaderview session=org.mozilla.geckoview.GeckoSession@2cc2b28
10-22 13:44:27.750  7321  7321 I WebExtension: releasePendingMessages: extension=readerview@mozac.org nativeApp=mozacReaderviewActive session=org.mozilla.geckoview.GeckoSession@2cc2b28
10-22 13:44:27.750  7473  7512 W VideoCapabilities: Unsupported mime video/wvc1
10-22 13:44:27.750  7321  7321 I WebExtension: releasePendingMessages: extension=readerview@mozac.org nativeApp=mozacReaderview session=org.mozilla.geckoview.GeckoSession@2cc2b28
10-22 13:44:27.753 32257 32257 E adbd    : recv: OPEN 0000043d 00000000 003e:73 68 65 6C 6C 2C 76 32 2C 54 45 52 4D 3D 78 74 65 72 6D 2D 32 35 36 63 6F 6C 6F 72 2C 72 61 77 3A 67 65 74 70 72 6F 70 20 72 6F 2E 62 75 69 6C 64 2E 76 65 72 73 69 6F 6E 2E 73 64 6B 00 
10-22 13:44:27.753 32257 32257 E adbd    : service_to_fd: shell,v2,TERM=xterm-256color,raw:getprop ro.build.version.sdk
10-22 13:44:27.754 23612 23623 I FontLog : (REDACTED) Fetch %s end status %s
10-22 13:44:27.754  7473  7512 W VideoCapabilities: Unsupported mime video/x-ms-wmv
10-22 13:44:27.759  7473  7512 W VideoCapabilities: Unsupported mime video/x-ms-wmv7
10-22 13:44:27.761  7473  7512 W VideoCapabilities: Unsupported mime video/x-ms-wmv8
10-22 13:44:27.765 23612 23623 I FontLog : (REDACTED) Pulling font file for id = %d, cache size = %d
10-22 13:44:27.766  7321  7321 I WebExtension: releasePendingMessages: extension=icons@mozac.org nativeApp=MozacBrowserIcons session=org.mozilla.geckoview.GeckoSession@2cc2b28
10-22 13:44:27.766  7473  7512 W VideoCapabilities: Unsupported mime video/mp43
10-22 13:44:27.767  7321  7321 I WebExtension: releasePendingMessages: extension=ads@mozac.org nativeApp=MozacBrowserAdsMessage session=org.mozilla.geckoview.GeckoSession@2cc2b28
10-22 13:44:27.767  7321  7321 I WebExtension: releasePendingMessages: extension=cookies@mozac.org nativeApp=MozacBrowserSearchMessage session=org.mozilla.geckoview.GeckoSession@2cc2b28
10-22 13:44:27.776  3957  3972 D ApplicationPolicy: isStatusBarNotificationAllowedAsUser: packageName = android,userId = 0
10-22 13:44:27.776  3957  3972 D API test: getContainerInfo: value is 
10-22 13:44:27.776  3957  3972 D ApplicationPolicy: isStatusBarNotificationAllowedAsUser: packageName = android,userId = 0
10-22 13:44:27.776  3957  3972 D API test: getContainerInfo: value is 
10-22 13:44:27.776  3957  3972 E NotificationService: Suppressing notification from package by user request.
10-22 13:44:27.776  7473  7512 W AudioCapabilities: Unsupported mime audio/mpeg-L1
10-22 13:44:27.777  7473  7512 W AudioCapabilities: Unsupported mime audio/mpeg-L2
10-22 13:44:27.777  7473  7512 W AudioCapabilities: Unsupported mime audio/x-ms-wma
10-22 13:44:27.777  7473  7512 W AudioCapabilities: Unsupported mime audio/x-ima
10-22 13:44:27.779 23612 23623 I FontLog : (REDACTED) Pulling font file for id = %d, cache size = %d
10-22 13:44:27.779  7473  7512 W VideoCapabilities: Unrecognized profile 2130706433 for video/avc
10-22 13:44:27.780  7473  7512 W VideoCapabilities: Unrecognized profile 2130706434 for video/avc
10-22 13:44:27.785  7473  7512 W VideoCapabilities: Unrecognized profile/level 1/32 for video/mp4v-es
10-22 13:44:27.785  7473  7512 W VideoCapabilities: Unrecognized profile/level 32768/2 for video/mp4v-es
10-22 13:44:27.785  7473  7512 W VideoCapabilities: Unrecognized profile/level 32768/64 for video/mp4v-es
10-22 13:44:27.786  7473  7512 W VideoCapabilities: Unsupported mime video/wvc1
10-22 13:44:27.786  7473  7512 W VideoCapabilities: Unsupported mime video/x-ms-wmv
10-22 13:44:27.787  7473  7512 W VideoCapabilities: Unsupported mime video/x-ms-wmv7
10-22 13:44:27.787  3957  4128 D WifiService: getConnectionInfo uid=1000
10-22 13:44:27.788  7473  7512 W VideoCapabilities: Unsupported mime video/x-ms-wmv8
10-22 13:44:27.788  7473  7512 W VideoCapabilities: Unsupported mime video/mp43
10-22 13:44:27.819  7276  7570 I BatteryMgr:DataCollectionService: stats => 1697975067819,159,4310,154,0,100
10-22 13:44:27.821  7321  7350 W ResourceType: Too many attribute references, stopped at: 0x01010099
10-22 13:44:27.859  4340  4340 D KeyguardUpdateMonitor: handleStatusBarState( false )
10-22 13:44:27.870  7321  7518 I libglean_ffi: glean_core::upload: Ping 05aad585-3881-4397-92cc-50454032e6d2 successfully sent 200.
10-22 13:44:27.873  7321  7518 I libglean_ffi: glean_core::upload::directory: File was deleted /data/user/0/org.mozilla.fenix/glean_data/pending_pings/05aad585-3881-4397-92cc-50454032e6d2
10-22 13:44:27.875  7321  7518 I libglean_ffi: glean_core::upload: New upload task with id c2d8a2c6-b0f9-4231-a03f-f28718d42004 (path: /submit/org-mozilla-fenix/baseline/1/c2d8a2c6-b0f9-4231-a03f-f28718d42004)
10-22 13:44:27.927  7276  7570 I BatteryMgr:DataCollectionService: stats => 1697975067927,159,4310,154,0,100
10-22 13:44:27.927  3957  4089 D MdnieScenarioControlService:  packageName : org.mozilla.fenix    className : org.mozilla.fenix.App
10-22 13:44:27.928  3957  4089 V MdnieScenarioControlService: setUIMode from UI function(3)
10-22 13:44:27.972  7406  7435 W linker  : "/data/app/org.mozilla.fenix-iWpGOrf8cry6RDpwHyQugA==/lib/arm64/libmozglue.so" unused DT entry: type 0x8000024 arg 0x38f70
10-22 13:44:27.972  7406  7435 W linker  : "/data/app/org.mozilla.fenix-iWpGOrf8cry6RDpwHyQugA==/lib/arm64/libmozglue.so" unused DT entry: type 0x8000023 arg 0x1f8
10-22 13:44:27.972  7406  7435 W linker  : "/data/app/org.mozilla.fenix-iWpGOrf8cry6RDpwHyQugA==/lib/arm64/libmozglue.so" unused DT entry: type 0x8000025 arg 0x8
10-22 13:44:27.975  7406  7435 I GeckoLoader: Library base=/data/app/org.mozilla.fenix-iWpGOrf8cry6RDpwHyQugA==/lib/arm64
10-22 13:44:27.975  7406  7435 I GeckoLoader: Library base=/data/app/org.mozilla.fenix-iWpGOrf8cry6RDpwHyQugA==/lib/arm64
10-22 13:44:27.977  7406  7435 E GeckoLibLoad: Load sqlite start
10-22 13:44:27.978  7406  7435 W linker  : "/data/app/org.mozilla.fenix-iWpGOrf8cry6RDpwHyQugA==/lib/arm64/libnss3.so" unused DT entry: type 0x8000024 arg 0x14998
10-22 13:44:27.978  7406  7435 W linker  : "/data/app/org.mozilla.fenix-iWpGOrf8cry6RDpwHyQugA==/lib/arm64/libnss3.so" unused DT entry: type 0x8000023 arg 0x5c8
10-22 13:44:27.978  7406  7435 W linker  : "/data/app/org.mozilla.fenix-iWpGOrf8cry6RDpwHyQugA==/lib/arm64/libnss3.so" unused DT entry: type 0x8000025 arg 0x8
10-22 13:44:27.979  7406  7435 E GeckoLibLoad: Load sqlite done
10-22 13:44:27.979  7406  7435 I GeckoLoader: Library base=/data/app/org.mozilla.fenix-iWpGOrf8cry6RDpwHyQugA==/lib/arm64
10-22 13:44:27.979  7406  7435 E GeckoLibLoad: Load nss start
10-22 13:44:27.979  7406  7435 E GeckoLibLoad: Load nss done
10-22 13:44:27.980  7406  7435 I GeckoLoader: Library base=/data/app/org.mozilla.fenix-iWpGOrf8cry6RDpwHyQugA==/lib/arm64
10-22 13:44:27.981  7321  7350 W AudioCapabilities: Unsupported mime audio/mpeg-L1
10-22 13:44:27.981  7321  7350 W AudioCapabilities: Unsupported mime audio/mpeg-L2
10-22 13:44:27.981  7406  7435 W linker  : "/data/app/org.mozilla.fenix-iWpGOrf8cry6RDpwHyQugA==/lib/arm64/libxul.so" unused DT entry: type 0x8000024 arg 0x539420
10-22 13:44:27.982  7406  7435 W linker  : "/data/app/org.mozilla.fenix-iWpGOrf8cry6RDpwHyQugA==/lib/arm64/libxul.so" unused DT entry: type 0x8000023 arg 0x17d68
10-22 13:44:27.982  7406  7435 W linker  : "/data/app/org.mozilla.fenix-iWpGOrf8cry6RDpwHyQugA==/lib/arm64/libxul.so" unused DT entry: type 0x8000025 arg 0x8
10-22 13:44:27.983  7321  7350 W AudioCapabilities: Unsupported mime audio/x-ms-wma
10-22 13:44:27.984  7321  7350 W AudioCapabilities: Unsupported mime audio/x-ima
10-22 13:44:27.991  7321  7350 W VideoCapabilities: Unrecognized profile 2130706433 for video/avc
10-22 13:44:27.991  7321  7350 W VideoCapabilities: Unrecognized profile 2130706434 for video/avc
10-22 13:44:27.994  7321  7350 W VideoCapabilities: Unrecognized profile 2130706433 for video/avc
10-22 13:44:27.994  7321  7350 W VideoCapabilities: Unrecognized profile 2130706434 for video/avc
10-22 13:44:28.002  7406  7435 E GeckoLibLoad: Loaded libs in 21.953808ms total, 16ms(12ms) user, 4ms(12ms) system, 0(0) faults
10-22 13:44:28.002  7406  7435 W GeckoThread: zerdatime 1637450060 - runGecko
10-22 13:44:28.006  7321  7350 W VideoCapabilities: Unrecognized profile 2130706433 for video/avc
10-22 13:44:28.006  7321  7350 W VideoCapabilities: Unrecognized profile 2130706434 for video/avc
10-22 13:44:28.007  7321  7350 W VideoCapabilities: Unsupported mime video/avc-wfd
10-22 13:44:28.017  3957  3957 D CustomFrequencyManagerService: releaseDVFSLockLocked : Getting Lock type frm List : DVFS_MIN_LIMIT  frequency : 1560000  uid : 1000  pid : 3957  tag : AMS_RESUME_TAIL@CPU_MIN@58
10-22 13:44:28.026  7321  7350 I VideoCapabilities: Unsupported profile 4 for video/mp4v-es
10-22 13:44:28.034  7276  7570 I BatteryMgr:DataCollectionService: stats => 1697975068034,159,4310,154,0,100
10-22 13:44:28.044  7321  7350 W VideoCapabilities: Unrecognized profile/level 1/32 for video/mp4v-es
10-22 13:44:28.044  7321  7350 W VideoCapabilities: Unrecognized profile/level 32768/2 for video/mp4v-es
10-22 13:44:28.044  7321  7350 W VideoCapabilities: Unrecognized profile/level 32768/64 for video/mp4v-es
10-22 13:44:28.045  7321  7350 W VideoCapabilities: Unsupported mime video/wvc1
10-22 13:44:28.046  7321  7350 W VideoCapabilities: Unsupported mime video/x-ms-wmv
10-22 13:44:28.048  7321  7350 W VideoCapabilities: Unsupported mime video/x-ms-wmv7
10-22 13:44:28.049  7321  7350 W VideoCapabilities: Unsupported mime video/x-ms-wmv8
10-22 13:44:28.051  7321  7350 W VideoCapabilities: Unsupported mime video/mp43
10-22 13:44:28.058  7321  7350 W AudioCapabilities: Unsupported mime audio/mpeg-L1
10-22 13:44:28.058  7321  7350 W AudioCapabilities: Unsupported mime audio/mpeg-L2
10-22 13:44:28.058  7321  7350 W AudioCapabilities: Unsupported mime audio/x-ms-wma
10-22 13:44:28.058  7321  7350 W AudioCapabilities: Unsupported mime audio/x-ima
10-22 13:44:28.059  7321  7350 W VideoCapabilities: Unrecognized profile 2130706433 for video/avc
10-22 13:44:28.059  7321  7350 W VideoCapabilities: Unrecognized profile 2130706434 for video/avc
10-22 13:44:28.061  7321  7350 W VideoCapabilities: Unrecognized profile/level 1/32 for video/mp4v-es
10-22 13:44:28.061  7321  7350 W VideoCapabilities: Unrecognized profile/level 32768/2 for video/mp4v-es
10-22 13:44:28.061  7321  7350 W VideoCapabilities: Unrecognized profile/level 32768/64 for video/mp4v-es
10-22 13:44:28.062  7321  7350 W VideoCapabilities: Unsupported mime video/wvc1
10-22 13:44:28.062  7321  7350 W VideoCapabilities: Unsupported mime video/x-ms-wmv
10-22 13:44:28.063  7321  7350 W VideoCapabilities: Unsupported mime video/x-ms-wmv7
10-22 13:44:28.064  7321  7350 W VideoCapabilities: Unsupported mime video/x-ms-wmv8
10-22 13:44:28.064  7321  7350 W VideoCapabilities: Unsupported mime video/mp43
10-22 13:44:28.080  7473  7534 D libGLESv2: STS_GLApi : DTS, ODTC are not allowed for Package : org.mozilla.fenix:gpu
10-22 13:44:28.087  7473  7489 V Surface : sf_framedrop debug : 0x4f4c, game : false, logging : 0
10-22 13:44:28.092  7473  7534 D mali_winsys: EGLint new_window_surface(egl_winsys_display *, void *, EGLSurface, EGLConfig, egl_winsys_surface **, egl_color_buffer_format *, EGLBoolean) returns 0x3000,  [720x1238]-format:2
10-22 13:44:28.094  7321  7350 I GeckoSession: zerdatime 1637450152 - chrome startup finished
10-22 13:44:28.106  7321  7518 I libglean_ffi: glean_core::upload: Ping c2d8a2c6-b0f9-4231-a03f-f28718d42004 successfully sent 200.
10-22 13:44:28.110  7321  7518 I libglean_ffi: glean_core::upload::directory: File was deleted /data/user/0/org.mozilla.fenix/glean_data/pending_pings/c2d8a2c6-b0f9-4231-a03f-f28718d42004
10-22 13:44:28.112  7321  7321 I GeckoSession: handleMessage GeckoView:PageStart uri=
10-22 13:44:28.112  7321  7518 I libglean_ffi: glean_core::upload: New upload task with id 5afbcdc5-16e9-450a-b8f4-0faf180f188c (path: /submit/org-mozilla-fenix/baseline/1/5afbcdc5-16e9-450a-b8f4-0faf180f188c)
10-22 13:44:28.113  7321  7321 I GeckoSession: handleMessage GeckoView:PageStop uri=null
10-22 13:44:28.141  7321  7321 I GeckoSession: handleMessage GeckoView:PageStart uri=
10-22 13:44:28.147  7276  7570 I BatteryMgr:DataCollectionService: stats => 1697975068147,159,4310,154,0,100
10-22 13:44:28.154  3599  3918 D DnsProxyListener: DNSDBG::dns addrinfo af 0
10-22 13:44:28.181  7321  7350 D GeckoIdleService: Setting timer a day from now
10-22 13:44:28.185  7321  7350 D GeckoIdleService: Register idle observer 0x7425aef448 for 5 seconds
10-22 13:44:28.185  7321  7350 D GeckoIdleService: Register: adjusting next switch from -1 to 5 seconds
10-22 13:44:28.185  7321  7350 D GeckoIdleService: next timeout 4995 msec from now
10-22 13:44:28.185  7321  7350 D GeckoIdleService: SetTimerExpiryIfBefore: next timeout 4995 msec from now
10-22 13:44:28.185  7321  7350 D GeckoIdleService: reset timer expiry to 5005 msec from now
10-22 13:44:28.208  3447  3447 I SurfaceFlinger: Display 0 HWC layers:
10-22 13:44:28.208  3447  3447 I SurfaceFlinger:     type    |    handle    | flag |  format   |   source crop (l,t,r,b)    |         frame       | name 
10-22 13:44:28.208  3447  3447 I SurfaceFlinger: ------------+--------------+------+-----------+----------------------------+---------------------+------
10-22 13:44:28.208  3447  3447 I SurfaceFlinger:      Device | 0x7ea5024d80 | 0000 | RGBx_8888 |   0.0    0.0  720.0 1238.0 |    0   42  720 1280 | SurfaceView - org.mozilla.fenix/org.mozilla.fenix.App@baaf075@0#0
10-22 13:44:28.208  3447  3447 I SurfaceFlinger:      Device | 0x7e9ecdd900 | 0000 | RGBA_8888 |   0.0    0.0  720.0 1280.0 |    0    0  720 1280 | org.mozilla.fenix/org.mozilla.fenix.App#0
10-22 13:44:28.208  3447  3447 I SurfaceFlinger:      Device | 0x7ea50243c0 | 0000 | RGBA_8888 |   0.0    0.0  720.0   42.0 |    0    0  720   42 | StatusBar#0
10-22 13:44:28.208  3447  3447 I SurfaceFlinger: 
10-22 13:44:28.208  3957  3957 D PreBindingService: handleMessage : 1
10-22 13:44:28.258  7276  7570 I BatteryMgr:DataCollectionService: stats => 1697975068257,159,4310,154,0,100
10-22 13:44:28.294  3957  4564 D StorageManagerService: getExternalStorageMountMode : 1
10-22 13:44:28.294  3957  4564 D StorageManagerService: getExternalStorageMountMode : 3
10-22 13:44:28.295  3957  4564 D StorageManagerService: getExternalStorageMountMode : final mountMode=1, uid : 10169, packageName : org.mozilla.fenix
10-22 13:44:28.295  3957  4564 I ApplicationPolicy: isApplicationExternalStorageWhitelisted:org.mozilla.fenix user:0
10-22 13:44:28.295  3957  4564 D ApplicationPolicy: isApplicationExternalStorageWhitelisted: DO is not enabled on user 0. Allowed.
10-22 13:44:28.295  3957  4564 D ActivityManager: package  org.mozilla.fenix, user - 0 is SDcard whitelisted
10-22 13:44:28.295  3957  4564 I ApplicationPolicy: isApplicationExternalStorageBlacklisted:org.mozilla.fenix user:0
10-22 13:44:28.295  3957  4564 D ApplicationPolicy: isApplicationExternalStorageBlacklisted: DO is not enabled on user 0. Allowed.
10-22 13:44:28.312  7633  7633 E Zygote  : isWhitelistProcess - Process is Whitelisted
10-22 13:44:28.312  7633  7633 E libpersona: scanKnoxPersonas
10-22 13:44:28.312  7633  7633 E libpersona: Couldn't open the File - /data/system/users/0/personalist.xml - No such file or directory
10-22 13:44:28.312  3957  4564 I ActivityManager: Start proc 7633:org.mozilla.fenix:tab5/u0a169 for service org.mozilla.fenix/org.mozilla.gecko.process.GeckoChildProcessServices$tab5
10-22 13:44:28.314  7633  7633 W SELinux : SELinux selinux_android_compute_policy_index : Policy Index[2],  Con:u:r:zygote:s0 RAM:SEPF_SM-J720F_8.0.0_0002, [-1 -1 -1 -1 0 1]
10-22 13:44:28.315  7633  7633 I SELinux : SELinux: seapp_context_lookup: seinfo=untrusted, level=s0:c512,c768, pkgname=org.mozilla.fenix:tab5 
10-22 13:44:28.336  7633  7633 D TimaKeyStoreProvider: TimaKeyStore is not enabled: cannot add TimaSignature Service and generateKeyPair Service
10-22 13:44:28.336  7633  7633 D ActivityThread: Added TimaKeyStore provider
10-22 13:44:28.339  3957  4564 I ActivityManager: DSS on for org.mozilla.fenix and scale is 1.0
10-22 13:44:28.361  7633  7633 I zygote64: no shared libraies, dex_files: 1
10-22 13:44:28.367  7276  7570 I BatteryMgr:DataCollectionService: stats => 1697975068367,159,4310,154,0,100
10-22 13:44:28.437  7633  7633 I FenixApplication: onTrimMemory(), level=10, main=false
10-22 13:44:28.437  7633  7633 I ServiceChildProcess: onCreate
10-22 13:44:28.438  7633  7650 I GeckoThread: preparing to run Gecko
10-22 13:44:28.445  7321  7350 W AudioCapabilities: Unsupported mime audio/mpeg-L1
10-22 13:44:28.445  7321  7350 W AudioCapabilities: Unsupported mime audio/mpeg-L2
10-22 13:44:28.445  7321  7350 W AudioCapabilities: Unsupported mime audio/x-ms-wma
10-22 13:44:28.445  7321  7350 W AudioCapabilities: Unsupported mime audio/x-ima
10-22 13:44:28.446  7321  7350 W VideoCapabilities: Unrecognized profile 2130706433 for video/avc
10-22 13:44:28.446  7321  7350 W VideoCapabilities: Unrecognized profile 2130706434 for video/avc
10-22 13:44:28.448  7633  7650 W linker  : "/data/app/org.mozilla.fenix-iWpGOrf8cry6RDpwHyQugA==/lib/arm64/libmozglue.so" unused DT entry: type 0x8000024 arg 0x38f70
10-22 13:44:28.449  7633  7650 W linker  : "/data/app/org.mozilla.fenix-iWpGOrf8cry6RDpwHyQugA==/lib/arm64/libmozglue.so" unused DT entry: type 0x8000023 arg 0x1f8
10-22 13:44:28.449  7321  7350 W VideoCapabilities: Unrecognized profile/level 1/32 for video/mp4v-es
10-22 13:44:28.449  7321  7350 W VideoCapabilities: Unrecognized profile/level 32768/2 for video/mp4v-es
10-22 13:44:28.449  7321  7350 W VideoCapabilities: Unrecognized profile/level 32768/64 for video/mp4v-es
10-22 13:44:28.449  7633  7650 W linker  : "/data/app/org.mozilla.fenix-iWpGOrf8cry6RDpwHyQugA==/lib/arm64/libmozglue.so" unused DT entry: type 0x8000025 arg 0x8
10-22 13:44:28.449  7321  7350 W VideoCapabilities: Unsupported mime video/wvc1
10-22 13:44:28.450  7321  7350 W VideoCapabilities: Unsupported mime video/x-ms-wmv
10-22 13:44:28.450  7321  7350 W VideoCapabilities: Unsupported mime video/x-ms-wmv7
10-22 13:44:28.451  7321  7350 W VideoCapabilities: Unsupported mime video/x-ms-wmv8
10-22 13:44:28.451  7321  7350 W VideoCapabilities: Unsupported mime video/mp43
10-22 13:44:28.456  7633  7650 I GeckoLoader: Library base=/data/app/org.mozilla.fenix-iWpGOrf8cry6RDpwHyQugA==/lib/arm64
10-22 13:44:28.457  7633  7650 I GeckoLoader: Library base=/data/app/org.mozilla.fenix-iWpGOrf8cry6RDpwHyQugA==/lib/arm64
10-22 13:44:28.458  7633  7650 E GeckoLibLoad: Load sqlite start
10-22 13:44:28.459  7633  7650 W linker  : "/data/app/org.mozilla.fenix-iWpGOrf8cry6RDpwHyQugA==/lib/arm64/libnss3.so" unused DT entry: type 0x8000024 arg 0x14998
10-22 13:44:28.459  7633  7650 W linker  : "/data/app/org.mozilla.fenix-iWpGOrf8cry6RDpwHyQugA==/lib/arm64/libnss3.so" unused DT entry: type 0x8000023 arg 0x5c8
10-22 13:44:28.459  7633  7650 W linker  : "/data/app/org.mozilla.fenix-iWpGOrf8cry6RDpwHyQugA==/lib/arm64/libnss3.so" unused DT entry: type 0x8000025 arg 0x8
10-22 13:44:28.461  7633  7650 E GeckoLibLoad: Load sqlite done
10-22 13:44:28.461  7633  7650 I GeckoLoader: Library base=/data/app/org.mozilla.fenix-iWpGOrf8cry6RDpwHyQugA==/lib/arm64
10-22 13:44:28.461  7633  7650 E GeckoLibLoad: Load nss start
10-22 13:44:28.461  7633  7650 E GeckoLibLoad: Load nss done
10-22 13:44:28.462  7633  7650 I GeckoLoader: Library base=/data/app/org.mozilla.fenix-iWpGOrf8cry6RDpwHyQugA==/lib/arm64
10-22 13:44:28.465  7633  7650 W linker  : "/data/app/org.mozilla.fenix-iWpGOrf8cry6RDpwHyQugA==/lib/arm64/libxul.so" unused DT entry: type 0x8000024 arg 0x539420
10-22 13:44:28.466  7633  7650 W linker  : "/data/app/org.mozilla.fenix-iWpGOrf8cry6RDpwHyQugA==/lib/arm64/libxul.so" unused DT entry: type 0x8000023 arg 0x17d68
10-22 13:44:28.466  7633  7650 W linker  : "/data/app/org.mozilla.fenix-iWpGOrf8cry6RDpwHyQugA==/lib/arm64/libxul.so" unused DT entry: type 0x8000025 arg 0x8
10-22 13:44:28.475  7276  7570 I BatteryMgr:DataCollectionService: stats => 1697975068475,159,4310,154,0,100
10-22 13:44:28.499  7633  7650 E GeckoLibLoad: Loaded libs in 36.894231ms total, 20ms(20ms) user, 16ms(16ms) system, 0(0) faults
10-22 13:44:28.499  7633  7650 W GeckoThread: zerdatime 1637450557 - runGecko
10-22 13:44:28.523  7321  7518 I libglean_ffi: glean_core::upload: Ping 5afbcdc5-16e9-450a-b8f4-0faf180f188c successfully sent 200.
10-22 13:44:28.523  3957  5414 D ConnectivityService: filterNetworkStateForUid() uid: 10169 networkInfo: [type: WIFI[] - WIFI, state: CONNECTED/CONNECTED, reason: (unspecified), extra: "ourhome", failover: false, available: true, roaming: false, metered: false]
10-22 13:44:28.523  3957  5414 D WifiService: getConnectionInfo uid=1000
10-22 13:44:28.525  7321  7518 I libglean_ffi: glean_core::upload::directory: File was deleted /data/user/0/org.mozilla.fenix/glean_data/pending_pings/5afbcdc5-16e9-450a-b8f4-0faf180f188c
10-22 13:44:28.527  7321  7518 I libglean_ffi: glean_core::upload: No more pings to upload! You are done.
10-22 13:44:28.531  7321  7371 I WM-WorkerWrapper: Worker result SUCCESS for Work [ id=fb66fb79-e088-4476-a698-8379e763ad38, tags={ mozilla.telemetry.glean.scheduler.PingUploadWorker, mozac_service_glean_ping_upload_worker } ]
10-22 13:44:28.537  7321  7321 D ConnectivityManager: unregisterNetworkCallback; CallingUid : 10169, CallingPid : 7321
10-22 13:44:28.537  3957  4157 D ConnectivityService: releasing NetworkRequest [ TRACK_DEFAULT id=1989, [ Capabilities: INTERNET&NOT_RESTRICTED&TRUSTED&NOT_VPN] ] (CALLBACK_RELEASED)
10-22 13:44:28.538  3957  4157 D ConnectivityService:  Removing from current network NetworkAgentInfo [WIFI () - 509], leaving 10 requests.
10-22 13:44:28.539  3957  4157 D ConnectivityService: sending notification RELEASED for NetworkRequest [ TRACK_DEFAULT id=1989, [ Capabilities: INTERNET&NOT_RESTRICTED&TRUSTED&NOT_VPN] ]
10-22 13:44:28.585  7276  7570 I BatteryMgr:DataCollectionService: stats => 1697975068585,159,4310,154,0,100
10-22 13:44:28.598  3957  4564 D ConnectivityService: filterNetworkStateForUid() uid: 10169 networkInfo: [type: WIFI[] - WIFI, state: CONNECTED/CONNECTED, reason: (unspecified), extra: "ourhome", failover: false, available: true, roaming: false, metered: false]
10-22 13:44:28.599  3957  4564 D WifiService: getConnectionInfo uid=1000
10-22 13:44:28.629  3957  4564 I chatty  : uid=1000(system) Binder:3957_6 identical 4 lines
10-22 13:44:28.632  3957  4564 D WifiService: getConnectionInfo uid=1000
10-22 13:44:28.641  7406  7435 W linker  : "/data/app/org.mozilla.fenix-iWpGOrf8cry6RDpwHyQugA==/lib/arm64/libsoftokn3.so" unused DT entry: type 0x8000024 arg 0x2580
10-22 13:44:28.641  7406  7435 W linker  : "/data/app/org.mozilla.fenix-iWpGOrf8cry6RDpwHyQugA==/lib/arm64/libsoftokn3.so" unused DT entry: type 0x8000023 arg 0x70
10-22 13:44:28.641  7406  7435 W linker  : "/data/app/org.mozilla.fenix-iWpGOrf8cry6RDpwHyQugA==/lib/arm64/libsoftokn3.so" unused DT entry: type 0x8000025 arg 0x8
10-22 13:44:28.642  7406  7435 W linker  : "/data/app/org.mozilla.fenix-iWpGOrf8cry6RDpwHyQugA==/lib/arm64/libfreebl3.so" unused DT entry: type 0x8000024 arg 0xe78
10-22 13:44:28.643  7406  7435 W linker  : "/data/app/org.mozilla.fenix-iWpGOrf8cry6RDpwHyQugA==/lib/arm64/libfreebl3.so" unused DT entry: type 0x8000023 arg 0x68
10-22 13:44:28.643  7406  7435 W linker  : "/data/app/org.mozilla.fenix-iWpGOrf8cry6RDpwHyQugA==/lib/arm64/libfreebl3.so" unused DT entry: type 0x8000025 arg 0x8
10-22 13:44:28.678  3957  4564 D WifiService: getConnectionInfo uid=1000
10-22 13:44:28.682  3957  4129 D WifiStateMachine:  ConnectedState !RSSI_PKTCNT_FETCH uid=1000 rt=581475267/1637450739 0 0 "ourhome" f4:6d:2f:12:cc:88 rssi=-42 f=5240 sc=60 link=433 tx=0.0, 0.0, 0.0  rx=9.1 bcn=398420 [on:0 tx:0 rx:0 period:999] from screen [on:163200 period:878260] score=60
10-22 13:44:28.683  3957  4129 D WifiStateMachine:  L2ConnectedState !RSSI_PKTCNT_FETCH uid=1000 rt=581475268/1637450741 0 0 "ourhome" f4:6d:2f:12:cc:88 rssi=-42 f=5240 sc=60 link=433 tx=0.0, 0.0, 0.0  rx=9.1 bcn=398420 [on:0 tx:0 rx:0 period:1] from screen [on:163200 period:878261] score=60
10-22 13:44:28.685  3957  4129 D WifiStateMachine: fetchRssiLinkSpeedAndFrequencyNative rssi=-39 linkspeed=433 freq=5240
10-22 13:44:28.685  3957  4129 V WifiConfigManager: Updating scan detail cache freq=5240 BSSID=f4:6d:2f:12:cc:88 RSSI=-40 for "ourhome"WPA_PSK
10-22 13:44:28.692  3957  4564 D WifiService: getConnectionInfo uid=1000
10-22 13:44:28.696  3957  4564 D WifiService: getConnectionInfo uid=1000
10-22 13:44:28.697  7276  7570 I BatteryMgr:DataCollectionService: stats => 1697975068697,159,4310,154,0,100
10-22 13:44:28.701  3957  4564 D WifiService: getConnectionInfo uid=1000
10-22 13:44:28.768  3957  4564 I chatty  : uid=1000(system) Binder:3957_6 identical 20 lines
10-22 13:44:28.768  3957  4564 I chatty  : uid=1000(system) Binder:3957_6 identical 11 lines
10-22 13:44:28.771  3957  4564 D ConnectivityService: filterNetworkStateForUid() uid: 10169 networkInfo: [type: WIFI[] - WIFI, state: CONNECTED/CONNECTED, reason: (unspecified), extra: "ourhome", failover: false, available: true, roaming: false, metered: false]
10-22 13:44:28.772  3957  4564 D WifiService: getConnectionInfo uid=1000
10-22 13:44:28.790  3957  4128 D WifiService: getConnectionInfo uid=1000
10-22 13:44:28.807  7276  7570 I BatteryMgr:DataCollectionService: stats => 1697975068807,159,4310,154,0,100
10-22 13:44:28.851  7473  7548 E vulkan  : invalid vkGetInstanceProcAddr(VK_NULL_HANDLE, "vkEnumerateInstanceVersion") call
10-22 13:44:28.851  7473  7548 E vulkan  : invalid vkGetInstanceProcAddr(VK_NULL_HANDLE, "vkEnumerateInstanceVersion") call
10-22 13:44:28.854  3957  5414 D ConnectivityService: filterNetworkStateForUid() uid: 10169 networkInfo: [type: WIFI[] - WIFI, state: CONNECTED/CONNECTED, reason: (unspecified), extra: "ourhome", failover: false, available: true, roaming: false, metered: false]
10-22 13:44:28.854  3957  5414 D WifiService: getConnectionInfo uid=1000
10-22 13:44:28.854  7473  7548 D vulkan  : searching for layers in '/data/app/org.mozilla.fenix-iWpGOrf8cry6RDpwHyQugA==/lib/arm64'
10-22 13:44:28.856  7473  7548 D vulkan  : searching for layers in '/data/app/org.mozilla.fenix-iWpGOrf8cry6RDpwHyQugA==/base.apk!/lib/arm64-v8a'
10-22 13:44:28.862  7473  7548 D vulkan  : vulkan api version_1_0 1.0.0
10-22 13:44:28.862  7473  7548 D vulkan  : vulkan header version 46
10-22 13:44:28.917  7276  7570 I BatteryMgr:DataCollectionService: stats => 1697975068917,159,4310,154,0,100
10-22 13:44:28.930  7321  7321 I GeckoSession: handleMessage GeckoView:PageStop uri=null
10-22 13:44:28.936  7321  7362 I SessionStorage/AutoSave: Save: Load finished
10-22 13:44:29.027  7276  7570 I BatteryMgr:DataCollectionService: stats => 1697975069027,159,4310,154,0,100
10-22 13:44:29.086  2479  2548 D ScanRecord: Not a Multi Manu data
10-22 13:44:29.117  2479  2548 I chatty  : uid=1002(bluetooth) BT Service Call identical 24 lines
10-22 13:44:29.117  2479  2548 D ScanRecord: Not a Multi Manu data
10-22 13:44:29.136  7276  7570 I BatteryMgr:DataCollectionService: stats => 1697975069136,159,4310,154,0,100
10-22 13:44:29.138  3957  5414 D WifiService: getConnectionInfo uid=1000
10-22 13:44:29.141  2479  2548 D ScanRecord: Not a Multi Manu data
10-22 13:44:29.167  2479  2548 I chatty  : uid=1002(bluetooth) BT Service Call identical 24 lines
10-22 13:44:29.167  2479  2548 D ScanRecord: Not a Multi Manu data
10-22 13:44:29.170  3957  5414 D WifiService: getConnectionInfo uid=1000
10-22 13:44:29.175  2479  2548 D ScanRecord: Not a Multi Manu data
10-22 13:44:29.237  2479  2548 I chatty  : uid=1002(bluetooth) BT Service Call identical 50 lines
10-22 13:44:29.237  2479  2548 D ScanRecord: Not a Multi Manu data
10-22 13:44:29.238  3957  5414 I chatty  : uid=1000(system) Binder:3957_E identical 3 lines
10-22 13:44:29.238  3957  5414 D WifiService: getConnectionInfo uid=1000
10-22 13:44:29.252  7276  7570 I BatteryMgr:DataCollectionService: stats => 1697975069252,159,4310,154,0,100
10-22 13:44:29.286  3957  5414 D ConnectivityService: filterNetworkStateForUid() uid: 10169 networkInfo: [type: WIFI[] - WIFI, state: CONNECTED/CONNECTED, reason: (unspecified), extra: "ourhome", failover: false, available: true, roaming: false, metered: false]
10-22 13:44:29.287  2479  2548 D ScanRecord: Not a Multi Manu data
10-22 13:44:29.287  3957  5414 D WifiService: getConnectionInfo uid=1000
10-22 13:44:29.287  2479  2548 D ScanRecord: Not a Multi Manu data
10-22 13:44:29.287  2479  2548 D ScanRecord: Not a Multi Manu data
10-22 13:44:29.364  2479  2548 I chatty  : uid=1002(bluetooth) BT Service Call identical 74 lines
10-22 13:44:29.366  2479  2548 D ScanRecord: Not a Multi Manu data
10-22 13:44:29.369  7276  7570 I BatteryMgr:DataCollectionService: stats => 1697975069368,159,4310,154,0,100
10-22 13:44:29.371  2479  2548 D ScanRecord: Not a Multi Manu data
10-22 13:44:29.372  2479  2548 I chatty  : uid=1002(bluetooth) BT Service Call identical 11 lines
10-22 13:44:29.372  2479  2548 D ScanRecord: Not a Multi Manu data
10-22 13:44:29.376  7321  7321 W GeckoSession: No history entries found.
10-22 13:44:29.376  2479  2548 D ScanRecord: Not a Multi Manu data
10-22 13:44:29.396  2479  2548 I chatty  : uid=1002(bluetooth) BT Service Call identical 63 lines
10-22 13:44:29.397  2479  2548 D ScanRecord: Not a Multi Manu data
10-22 13:44:29.415  3957  4564 D ConnectivityService: filterNetworkStateForUid() uid: 10169 networkInfo: [type: WIFI[] - WIFI, state: CONNECTED/CONNECTED, reason: (unspecified), extra: "ourhome", failover: false, available: true, roaming: false, metered: false]
10-22 13:44:29.415  3957  4564 D WifiService: getConnectionInfo uid=1000
10-22 13:44:29.424  2479  2548 D ScanRecord: Not a Multi Manu data
10-22 13:44:29.488  2479  2548 I chatty  : uid=1002(bluetooth) BT Service Call identical 102 lines
10-22 13:44:29.488  2479  2548 D ScanRecord: Not a Multi Manu data
10-22 13:44:29.488  7276  7570 I BatteryMgr:DataCollectionService: stats => 1697975069488,159,4310,154,0,100
10-22 13:44:29.492  2479  2548 D ScanRecord: Not a Multi Manu data
10-22 13:44:29.562  2479  2548 I chatty  : uid=1002(bluetooth) BT Service Call identical 89 lines
10-22 13:44:29.562  2479  2548 D ScanRecord: Not a Multi Manu data
10-22 13:44:29.578  3957  4564 I chatty  : uid=1000(system) Binder:3957_6 identical 1 line
10-22 13:44:29.578  3957  4564 D WifiService: getConnectionInfo uid=1000
10-22 13:44:29.601  7276  7570 I BatteryMgr:DataCollectionService: stats => 1697975069600,159,4310,154,0,100
10-22 13:44:29.657  3957  4564 D ConnectivityService: filterNetworkStateForUid() uid: 10169 networkInfo: [type: WIFI[] - WIFI, state: CONNECTED/CONNECTED, reason: (unspecified), extra: "ourhome", failover: false, available: true, roaming: false, metered: false]
10-22 13:44:29.657  3957  4564 D WifiService: getConnectionInfo uid=1000
10-22 13:44:29.684  3957  4129 D WifiStateMachine:  ConnectedState !RSSI_PKTCNT_FETCH uid=1000 rt=581476268/1637451741 0 0 "ourhome" f4:6d:2f:12:cc:88 rssi=-39 f=5240 sc=60 link=433 tx=0.0, 0.0, 0.0  rx=9.1 bcn=398420 [on:0 tx:0 rx:0 period:1001] from screen [on:163200 period:879262] score=60
10-22 13:44:29.685  3957  4129 D WifiStateMachine:  L2ConnectedState !RSSI_PKTCNT_FETCH uid=1000 rt=581476270/1637451742 0 0 "ourhome" f4:6d:2f:12:cc:88 rssi=-39 f=5240 sc=60 link=433 tx=0.0, 0.0, 0.0  rx=9.1 bcn=398420 [on:0 tx:0 rx:0 period:1] from screen [on:163200 period:879263] score=60
10-22 13:44:29.686  3957  4129 D WifiStateMachine: fetchRssiLinkSpeedAndFrequencyNative rssi=-39 linkspeed=433 freq=5240
10-22 13:44:29.686  3957  4129 V WifiConfigManager: Updating scan detail cache freq=5240 BSSID=f4:6d:2f:12:cc:88 RSSI=-39 for "ourhome"WPA_PSK
10-22 13:44:29.717  7276  7570 I BatteryMgr:DataCollectionService: stats => 1697975069717,159,4310,154,0,100
10-22 13:44:29.733  3957  4129 D WifiStateMachine:  ConnectedState !CMD_RSSI_POLL rt=581476317/1637451789 106 0 "ourhome" f4:6d:2f:12:cc:88 rssi=-39 f=5240 sc=60 link=433 tx=0.0, 0.0, 0.0  rx=9.1 bcn=398420 [on:0 tx:0 rx:0 period:48] from screen [on:163200 period:879311] score=60
10-22 13:44:29.735  3957  4129 D WifiStateMachine:  L2ConnectedState !CMD_RSSI_POLL rt=581476319/1637451791 106 0 "ourhome" f4:6d:2f:12:cc:88 rssi=-39 f=5240 sc=60 link=433 tx=0.0, 0.0, 0.0  rx=9.1 bcn=398420 [on:0 tx:0 rx:0 period:2] from screen [on:163200 period:879313] score=60
10-22 13:44:29.735  3957  4129 D WifiStateMachine:  get link layer stats 3
10-22 13:44:29.736  3436  3436 I android.hardware.wifi@1.0-service: getLinkLayerStats
10-22 13:44:29.741  3957  4129 D WifiStateMachine: fetchRssiLinkSpeedAndFrequencyNative rssi=-42 linkspeed=433 freq=5240
10-22 13:44:29.741  3957  4129 V WifiConfigManager: Updating scan detail cache freq=5240 BSSID=f4:6d:2f:12:cc:88 RSSI=-40 for "ourhome"WPA_PSK
10-22 13:44:29.744  4340  4340 E SignalClusterView: setSlotFocusVisible : subId -2
10-22 13:44:29.745  4340  4340 E SignalClusterView: setSlotFocusVisible : subId -2
10-22 13:44:29.791  3957  4128 D WifiService: getConnectionInfo uid=1000
10-22 13:44:29.833  7276  7570 I BatteryMgr:DataCollectionService: stats => 1697975069832,159,4310,154,0,100
10-22 13:44:29.946  7276  7570 I BatteryMgr:DataCollectionService: stats => 1697975069946,159,4310,154,0,100
10-22 13:44:30.061  7276  7570 I BatteryMgr:DataCollectionService: stats => 1697975070060,159,4310,154,0,100
10-22 13:44:30.064  4961  4961 D io_stats: !@ 179,0 r 8815895 286945780 w 2033018 40138140 d 161714 36278084 f 620811 645141 iot 4075816 3525223 th 51200 0 0 pt 0 inp 0 0 581476.649
10-22 13:44:30.178  7276  7570 I BatteryMgr:DataCollectionService: stats => 1697975070178,159,4310,154,0,100
10-22 13:44:30.187  3957  6478 D WifiService: getConnectionInfo uid=1000
10-22 13:44:30.286  7276  7570 I BatteryMgr:DataCollectionService: stats => 1697975070286,159,4310,154,0,100
10-22 13:44:30.393  7276  7570 I BatteryMgr:DataCollectionService: stats => 1697975070393,159,4310,154,0,100
10-22 13:44:30.511  7276  7570 I BatteryMgr:DataCollectionService: stats => 1697975070510,159,4310,154,0,100
10-22 13:44:30.629  7276  7570 I BatteryMgr:DataCollectionService: stats => 1697975070628,159,4310,154,0,100
10-22 13:44:30.687  3957  4129 D WifiStateMachine:  ConnectedState !RSSI_PKTCNT_FETCH uid=1000 rt=581477271/1637452743 0 0 "ourhome" f4:6d:2f:12:cc:88 rssi=-42 f=5240 sc=60 link=433 tx=237.1, 2.5, 0.0  rx=317.1 bcn=398449 [on:0 tx:0 rx:0 period:943] from screen [on:165658 period:880265] score=60
