10-22 13:39:06.227  3957  4129 D WifiStateMachine:  L2ConnectedState !RSSI_PKTCNT_FETCH uid=1000 rt=581152810/1637128283 0 0 "ourhome" f4:6d:2f:12:cc:88 rssi=-42 f=5240 sc=60 link=433 tx=0.4, 0.0, 0.0  rx=11.5 bcn=395438 [on:0 tx:0 rx:0 period:2] from screen [on:107335 period:555804] score=60
10-22 13:39:06.233  3957  4129 D WifiStateMachine: fetchRssiLinkSpeedAndFrequencyNative rssi=-45 linkspeed=433 freq=5240
10-22 13:39:06.233  3957  4129 V WifiConfigManager: Updating scan detail cache freq=5240 BSSID=f4:6d:2f:12:cc:88 RSSI=-42 for "ourhome"WPA_PSK
10-22 13:39:06.241  6637  6927 I BatteryMgr:DataCollectionService: stats => 1697974746241,92,4310,133,0,100
10-22 13:39:06.349  6637  6927 I BatteryMgr:DataCollectionService: stats => 1697974746348,92,4310,133,0,100
10-22 13:39:06.421  3957  4129 D WifiStateMachine:  ConnectedState !CMD_RSSI_POLL rt=581153005/1637128478 106 0 "ourhome" f4:6d:2f:12:cc:88 rssi=-45 f=5240 sc=60 link=433 tx=0.4, 0.0, 0.0  rx=11.5 bcn=395438 [on:0 tx:0 rx:0 period:195] from screen [on:107335 period:555999] score=60
10-22 13:39:06.422  3957  4129 D WifiStateMachine:  L2ConnectedState !CMD_RSSI_POLL rt=581153007/1637128479 106 0 "ourhome" f4:6d:2f:12:cc:88 rssi=-45 f=5240 sc=60 link=433 tx=0.4, 0.0, 0.0  rx=11.5 bcn=395438 [on:0 tx:0 rx:0 period:1] from screen [on:107335 period:556000] score=60
10-22 13:39:06.423  3957  4129 D WifiStateMachine:  get link layer stats 3
10-22 13:39:06.423  3436  3436 I android.hardware.wifi@1.0-service: getLinkLayerStats
10-22 13:39:06.441  3957  4129 D WifiStateMachine: fetchRssiLinkSpeedAndFrequencyNative rssi=-43 linkspeed=433 freq=5240
10-22 13:39:06.441  3957  4129 V WifiConfigManager: Updating scan detail cache freq=5240 BSSID=f4:6d:2f:12:cc:88 RSSI=-42 for "ourhome"WPA_PSK
10-22 13:39:06.446  4340  4340 E SignalClusterView: setSlotFocusVisible : subId -2
10-22 13:39:06.446  4340  4340 E SignalClusterView: setSlotFocusVisible : subId -2
10-22 13:39:06.459  6637  6927 I BatteryMgr:DataCollectionService: stats => 1697974746459,92,4310,133,0,100
10-22 13:39:06.569  6637  6927 I BatteryMgr:DataCollectionService: stats => 1697974746569,92,4310,133,0,100
10-22 13:39:06.677  6637  6927 I BatteryMgr:DataCollectionService: stats => 1697974746677,92,4310,133,0,100
10-22 13:39:06.791  6637  6927 I BatteryMgr:DataCollectionService: stats => 1697974746791,92,4310,133,0,100
10-22 13:39:06.903  6637  6927 I BatteryMgr:DataCollectionService: stats => 1697974746903,92,4310,133,0,100
10-22 13:39:06.912  3957  4128 D WifiService: getConnectionInfo uid=1000
10-22 13:39:07.015  6637  6927 I BatteryMgr:DataCollectionService: stats => 1697974747015,92,4310,133,0,100
10-22 13:39:07.125  6637  6927 I BatteryMgr:DataCollectionService: stats => 1697974747125,92,4310,133,0,100
10-22 13:39:07.226  3957  4129 D WifiStateMachine:  ConnectedState !RSSI_PKTCNT_FETCH uid=1000 rt=581153810/1637129282 0 0 "ourhome" f4:6d:2f:12:cc:88 rssi=-43 f=5240 sc=60 link=433 tx=0.1, 0.0, 0.0  rx=18.8 bcn=395465 [on:0 tx:0 rx:0 period:779] from screen [on:107865 period:556804] score=60
10-22 13:39:07.229  3957  4129 D WifiStateMachine:  L2ConnectedState !RSSI_PKTCNT_FETCH uid=1000 rt=581153812/1637129285 0 0 "ourhome" f4:6d:2f:12:cc:88 rssi=-43 f=5240 sc=60 link=433 tx=0.1, 0.0, 0.0  rx=18.8 bcn=395465 [on:0 tx:0 rx:0 period:3] from screen [on:107865 period:556807] score=60
10-22 13:39:07.231  3957  4129 D WifiStateMachine: fetchRssiLinkSpeedAndFrequencyNative rssi=-41 linkspeed=433 freq=5240
10-22 13:39:07.231  3957  4129 V WifiConfigManager: Updating scan detail cache freq=5240 BSSID=f4:6d:2f:12:cc:88 RSSI=-41 for "ourhome"WPA_PSK
10-22 13:39:07.234  6637  6927 I BatteryMgr:DataCollectionService: stats => 1697974747234,92,4310,133,0,100
10-22 13:39:07.344  6637  6927 I BatteryMgr:DataCollectionService: stats => 1697974747344,92,4310,133,0,100
10-22 13:39:07.454  6637  6927 I BatteryMgr:DataCollectionService: stats => 1697974747454,92,4310,133,0,100
10-22 13:39:07.570  6637  6927 I BatteryMgr:DataCollectionService: stats => 1697974747570,92,4310,133,0,100
10-22 13:39:07.680  6637  6927 I BatteryMgr:DataCollectionService: stats => 1697974747680,92,4310,133,0,100
10-22 13:39:07.791  6637  6927 I BatteryMgr:DataCollectionService: stats => 1697974747791,92,4310,133,0,100
10-22 13:39:07.900  6637  6927 I BatteryMgr:DataCollectionService: stats => 1697974747900,92,4310,133,0,100
10-22 13:39:07.915  3957  4128 D WifiService: getConnectionInfo uid=1000
10-22 13:39:08.011  6637  6927 I BatteryMgr:DataCollectionService: stats => 1697974748011,92,4310,133,0,100
10-22 13:39:08.122  6637  6927 I BatteryMgr:DataCollectionService: stats => 1697974748122,92,4310,133,0,100
10-22 13:39:08.228  3957  4129 D WifiStateMachine:  ConnectedState !RSSI_PKTCNT_FETCH uid=1000 rt=581154812/1637130285 0 0 "ourhome" f4:6d:2f:12:cc:88 rssi=-41 f=5240 sc=60 link=433 tx=0.1, 0.0, 0.0  rx=18.8 bcn=395465 [on:0 tx:0 rx:0 period:999] from screen [on:107865 period:557806] score=60
10-22 13:39:08.230  6637  6927 I BatteryMgr:DataCollectionService: stats => 1697974748230,92,4310,133,0,100
10-22 13:39:08.232  3957  4129 D WifiStateMachine:  L2ConnectedState !RSSI_PKTCNT_FETCH uid=1000 rt=581154814/1637130287 0 0 "ourhome" f4:6d:2f:12:cc:88 rssi=-41 f=5240 sc=60 link=433 tx=0.1, 0.0, 0.0  rx=18.8 bcn=395465 [on:0 tx:0 rx:0 period:4] from screen [on:107865 period:557810] score=60
10-22 13:39:08.238  3957  4129 D WifiStateMachine: fetchRssiLinkSpeedAndFrequencyNative rssi=-37 linkspeed=433 freq=5240
10-22 13:39:08.239  3957  4129 V WifiConfigManager: Updating scan detail cache freq=5240 BSSID=f4:6d:2f:12:cc:88 RSSI=-38 for "ourhome"WPA_PSK
10-22 13:39:08.340  6637  6927 I BatteryMgr:DataCollectionService: stats => 1697974748340,92,4310,133,0,100
10-22 13:39:08.447  6637  6927 I BatteryMgr:DataCollectionService: stats => 1697974748447,92,4310,133,0,100
10-22 13:39:08.557  6637  6927 I BatteryMgr:DataCollectionService: stats => 1697974748556,92,4310,133,0,100
10-22 13:39:08.665  6637  6927 I BatteryMgr:DataCollectionService: stats => 1697974748665,92,4310,133,0,100
10-22 13:39:08.775  6637  6927 I BatteryMgr:DataCollectionService: stats => 1697974748774,92,4310,133,0,100
10-22 13:39:08.884  6637  6927 I BatteryMgr:DataCollectionService: stats => 1697974748883,92,4310,133,0,100
10-22 13:39:08.917  3957  4128 D WifiService: getConnectionInfo uid=1000
10-22 13:39:08.990  6637  6927 I BatteryMgr:DataCollectionService: stats => 1697974748990,92,4310,133,0,100
10-22 13:39:09.074  2479  2548 D ScanRecord: Not a Multi Manu data
10-22 13:39:09.075  2479  2548 I chatty  : uid=1002(bluetooth) BT Service Call identical 11 lines
10-22 13:39:09.075  2479  2548 D ScanRecord: Not a Multi Manu data
10-22 13:39:09.099  6637  6927 I BatteryMgr:DataCollectionService: stats => 1697974749099,92,4310,133,0,100
10-22 13:39:09.104  2479  2548 D ScanRecord: Not a Multi Manu data
10-22 13:39:09.206  2479  2548 I chatty  : uid=1002(bluetooth) BT Service Call identical 65 lines
10-22 13:39:09.206  2479  2548 D ScanRecord: Not a Multi Manu data
10-22 13:39:09.206  6637  6927 I BatteryMgr:DataCollectionService: stats => 1697974749206,92,4310,133,0,100
10-22 13:39:09.206  2479  2548 D ScanRecord: Not a Multi Manu data
10-22 13:39:09.227  2479  2548 I chatty  : uid=1002(bluetooth) BT Service Call identical 48 lines
10-22 13:39:09.227  2479  2548 D ScanRecord: Not a Multi Manu data
10-22 13:39:09.231  3957  4129 D WifiStateMachine:  ConnectedState !RSSI_PKTCNT_FETCH uid=1000 rt=581155814/1637131286 0 0 "ourhome" f4:6d:2f:12:cc:88 rssi=-37 f=5240 sc=60 link=433 tx=0.1, 0.0, 0.0  rx=18.8 bcn=395465 [on:0 tx:0 rx:0 period:999] from screen [on:107865 period:558809] score=60
10-22 13:39:09.234  3957  4129 D WifiStateMachine:  L2ConnectedState !RSSI_PKTCNT_FETCH uid=1000 rt=581155817/1637131290 0 0 "ourhome" f4:6d:2f:12:cc:88 rssi=-37 f=5240 sc=60 link=433 tx=0.1, 0.0, 0.0  rx=18.8 bcn=395465 [on:0 tx:0 rx:0 period:2] from screen [on:107865 period:558811] score=60
10-22 13:39:09.237  2479  2548 D ScanRecord: Not a Multi Manu data
10-22 13:39:09.237  3957  4129 D WifiStateMachine: fetchRssiLinkSpeedAndFrequencyNative rssi=-39 linkspeed=433 freq=5240
10-22 13:39:09.237  2479  2548 I chatty  : uid=1002(bluetooth) BT Service Call expire 8 lines
10-22 13:39:09.237  2479  2548 D ScanRecord: Not a Multi Manu data
10-22 13:39:09.237  2479  2548 D ScanRecord: Not a Multi Manu data
10-22 13:39:09.237  3957  4129 V WifiConfigManager: Updating scan detail cache freq=5240 BSSID=f4:6d:2f:12:cc:88 RSSI=-38 for "ourhome"WPA_PSK
10-22 13:39:09.237  2479  2548 D ScanRecord: Not a Multi Manu data
10-22 13:39:09.308  2479  2548 I chatty  : uid=1002(bluetooth) BT Service Call identical 156 lines
10-22 13:39:09.308  2479  2548 D ScanRecord: Not a Multi Manu data
10-22 13:39:09.313  6637  6927 I BatteryMgr:DataCollectionService: stats => 1697974749313,92,4310,133,0,100
10-22 13:39:09.326  2479  2548 D ScanRecord: Not a Multi Manu data
10-22 13:39:09.425  2479  2548 I chatty  : uid=1002(bluetooth) BT Service Call identical 115 lines
10-22 13:39:09.425  2479  2548 D ScanRecord: Not a Multi Manu data
10-22 13:39:09.428  6637  6927 I BatteryMgr:DataCollectionService: stats => 1697974749428,92,4310,133,0,100
10-22 13:39:09.433  2479  2548 D ScanRecord: Not a Multi Manu data
10-22 13:39:09.441  2479  2548 I chatty  : uid=1002(bluetooth) BT Service Call identical 37 lines
10-22 13:39:09.442  2479  2548 D ScanRecord: Not a Multi Manu data
10-22 13:39:09.444  3957  4129 D WifiStateMachine:  ConnectedState !CMD_RSSI_POLL rt=581156027/1637131500 106 0 "ourhome" f4:6d:2f:12:cc:88 rssi=-39 f=5240 sc=60 link=433 tx=0.1, 0.0, 0.0  rx=18.8 bcn=395465 [on:0 tx:0 rx:0 period:210] from screen [on:107865 period:559021] score=60
10-22 13:39:09.445  3957  4129 D WifiStateMachine:  L2ConnectedState !CMD_RSSI_POLL rt=581156029/1637131502 106 0 "ourhome" f4:6d:2f:12:cc:88 rssi=-39 f=5240 sc=60 link=433 tx=0.1, 0.0, 0.0  rx=18.8 bcn=395465 [on:0 tx:0 rx:0 period:2] from screen [on:107865 period:559023] score=60
10-22 13:39:09.445  3957  4129 D WifiStateMachine:  get link layer stats 3
10-22 13:39:09.446  3436  3436 I android.hardware.wifi@1.0-service: getLinkLayerStats
10-22 13:39:09.450  3957  4129 D WifiStateMachine: fetchRssiLinkSpeedAndFrequencyNative rssi=-41 linkspeed=433 freq=5240
10-22 13:39:09.451  3957  4129 V WifiConfigManager: Updating scan detail cache freq=5240 BSSID=f4:6d:2f:12:cc:88 RSSI=-39 for "ourhome"WPA_PSK
10-22 13:39:09.456  4340  4340 E SignalClusterView: setSlotFocusVisible : subId -2
10-22 13:39:09.456  4340  4340 E SignalClusterView: setSlotFocusVisible : subId -2
10-22 13:39:09.458  2479  2548 D ScanRecord: Not a Multi Manu data
10-22 13:39:09.533  2479  2548 I chatty  : uid=1002(bluetooth) BT Service Call identical 102 lines
10-22 13:39:09.533  2479  2548 D ScanRecord: Not a Multi Manu data
10-22 13:39:09.533  6637  6927 I BatteryMgr:DataCollectionService: stats => 1697974749533,92,4310,133,0,100
10-22 13:39:09.536  2479  2548 D ScanRecord: Not a Multi Manu data
10-22 13:39:09.557  2479  2548 I chatty  : uid=1002(bluetooth) BT Service Call identical 63 lines
10-22 13:39:09.557  2479  2548 D ScanRecord: Not a Multi Manu data
10-22 13:39:09.645  6637  6927 I BatteryMgr:DataCollectionService: stats => 1697974749644,92,4310,133,0,100
10-22 13:39:09.758  6637  6927 I BatteryMgr:DataCollectionService: stats => 1697974749758,92,4310,133,0,100
10-22 13:39:09.811  4961  4961 D io_stats: !@ 179,0 r 8808835 286643540 w 2031939 40123276 d 161608 36274880 f 620663 644969 iot 4072056 3522098 th 51200 0 0 pt 0 inp 0 0 581156.396
10-22 13:39:09.865  6637  6927 I BatteryMgr:DataCollectionService: stats => 1697974749865,92,4310,133,0,100
10-22 13:39:09.921  3957  4128 D WifiService: getConnectionInfo uid=1000
10-22 13:39:09.974  6637  6927 I BatteryMgr:DataCollectionService: stats => 1697974749974,92,4310,133,0,100
10-22 13:39:10.082  6637  6927 I BatteryMgr:DataCollectionService: stats => 1697974750081,183,4310,150,0,100
10-22 13:39:10.137  3957  4416 E Watchdog: !@Sync 19364 [2023-10-22 13:39:10.136]
10-22 13:39:10.189  6637  6927 I BatteryMgr:DataCollectionService: stats => 1697974750188,183,4310,150,0,100
10-22 13:39:10.233  3957  4129 D WifiStateMachine:  ConnectedState !RSSI_PKTCNT_FETCH uid=1000 rt=581156815/1637132288 0 0 "ourhome" f4:6d:2f:12:cc:88 rssi=-41 f=5240 sc=60 link=433 tx=0.0, 0.0, 0.0  rx=12.0 bcn=395494 [on:0 tx:0 rx:0 period:778] from screen [on:108160 period:559811] score=60
10-22 13:39:10.235  3957  4129 D WifiStateMachine:  L2ConnectedState !RSSI_PKTCNT_FETCH uid=1000 rt=581156819/1637132291 0 0 "ourhome" f4:6d:2f:12:cc:88 rssi=-41 f=5240 sc=60 link=433 tx=0.0, 0.0, 0.0  rx=12.0 bcn=395494 [on:0 tx:0 rx:0 period:2] from screen [on:108160 period:559813] score=60
10-22 13:39:10.243  3957  4129 D WifiStateMachine: fetchRssiLinkSpeedAndFrequencyNative rssi=-42 linkspeed=433 freq=5240
10-22 13:39:10.243  3957  4129 V WifiConfigManager: Updating scan detail cache freq=5240 BSSID=f4:6d:2f:12:cc:88 RSSI=-40 for "ourhome"WPA_PSK
10-22 13:39:10.298  6637  6927 I BatteryMgr:DataCollectionService: stats => 1697974750298,183,4310,150,0,100
10-22 13:39:10.409  6637  6927 I BatteryMgr:DataCollectionService: stats => 1697974750409,183,4310,150,0,100
10-22 13:39:10.517  3957  8661 D BatteryService: !@BatteryListener : batteryPropertiesChanged!
10-22 13:39:10.521  6637  6927 I BatteryMgr:DataCollectionService: stats => 1697974750521,183,4310,150,0,100
10-22 13:39:10.629  6637  6927 I BatteryMgr:DataCollectionService: stats => 1697974750629,183,4310,150,0,100
10-22 13:39:10.739  6637  6927 I BatteryMgr:DataCollectionService: stats => 1697974750739,183,4310,150,0,100
10-22 13:39:10.849  6637  6927 I BatteryMgr:DataCollectionService: stats => 1697974750849,183,4310,150,0,100
10-22 13:39:10.924  3957  4128 D WifiService: getConnectionInfo uid=1000
10-22 13:39:10.958  6637  6927 I BatteryMgr:DataCollectionService: stats => 1697974750958,183,4310,150,0,100
10-22 13:39:11.064  6637  6927 I BatteryMgr:DataCollectionService: stats => 1697974751064,183,4310,150,0,100
10-22 13:39:11.173  6637  6927 I BatteryMgr:DataCollectionService: stats => 1697974751173,183,4310,150,0,100
10-22 13:39:11.234  3957  4129 D WifiStateMachine:  ConnectedState !RSSI_PKTCNT_FETCH uid=1000 rt=581157816/1637133289 0 0 "ourhome" f4:6d:2f:12:cc:88 rssi=-42 f=5240 sc=60 link=433 tx=0.0, 0.0, 0.0  rx=12.0 bcn=395494 [on:0 tx:0 rx:0 period:998] from screen [on:108160 period:560811] score=60
10-22 13:39:11.236  3957  4129 D WifiStateMachine:  L2ConnectedState !RSSI_PKTCNT_FETCH uid=1000 rt=581157820/1637133292 0 0 "ourhome" f4:6d:2f:12:cc:88 rssi=-42 f=5240 sc=60 link=433 tx=0.0, 0.0, 0.0  rx=12.0 bcn=395494 [on:0 tx:0 rx:0 period:3] from screen [on:108160 period:560814] score=60
10-22 13:39:11.242  3957  4129 D WifiStateMachine: fetchRssiLinkSpeedAndFrequencyNative rssi=-41 linkspeed=433 freq=5240
10-22 13:39:11.243  3957  4129 V WifiConfigManager: Updating scan detail cache freq=5240 BSSID=f4:6d:2f:12:cc:88 RSSI=-40 for "ourhome"WPA_PSK
10-22 13:39:11.284  6637  6927 I BatteryMgr:DataCollectionService: stats => 1697974751284,183,4310,150,0,100
10-22 13:39:11.394  6637  6927 I BatteryMgr:DataCollectionService: stats => 1697974751394,183,4310,150,0,100
10-22 13:39:11.503  6637  6927 I BatteryMgr:DataCollectionService: stats => 1697974751503,183,4310,150,0,100
10-22 13:39:11.612  6637  6927 I BatteryMgr:DataCollectionService: stats => 1697974751612,183,4310,150,0,100
10-22 13:39:11.719  6637  6927 I BatteryMgr:DataCollectionService: stats => 1697974751719,183,4310,150,0,100
10-22 13:39:11.829  6637  6927 I BatteryMgr:DataCollectionService: stats => 1697974751829,183,4310,150,0,100
10-22 13:39:11.927  3957  4128 D WifiService: getConnectionInfo uid=1000
10-22 13:39:11.943  6637  6927 I BatteryMgr:DataCollectionService: stats => 1697974751943,183,4310,150,0,100
10-22 13:39:11.976  3957  6478 D SSRM:k  : SIOP:: AP = 340, PST = 329 (W:28), BAT = 248, USB = 0, CHG = 0
10-22 13:39:12.052  6637  6927 I BatteryMgr:DataCollectionService: stats => 1697974752052,183,4310,150,0,100
10-22 13:39:12.161  6637  6927 I BatteryMgr:DataCollectionService: stats => 1697974752161,183,4310,150,0,100
10-22 13:39:12.236  3957  4129 D WifiStateMachine:  ConnectedState !RSSI_PKTCNT_FETCH uid=1000 rt=581158818/1637134290 0 0 "ourhome" f4:6d:2f:12:cc:88 rssi=-41 f=5240 sc=60 link=433 tx=0.0, 0.0, 0.0  rx=12.0 bcn=395494 [on:0 tx:0 rx:0 period:999] from screen [on:108160 period:561813] score=60
10-22 13:39:12.238  3957  4129 D WifiStateMachine:  L2ConnectedState !RSSI_PKTCNT_FETCH uid=1000 rt=581158822/1637134294 0 0 "ourhome" f4:6d:2f:12:cc:88 rssi=-41 f=5240 sc=60 link=433 tx=0.0, 0.0, 0.0  rx=12.0 bcn=395494 [on:0 tx:0 rx:0 period:2] from screen [on:108160 period:561815] score=60
10-22 13:39:12.246  3957  4129 D WifiStateMachine: fetchRssiLinkSpeedAndFrequencyNative rssi=-39 linkspeed=433 freq=5240
10-22 13:39:12.246  3957  4129 V WifiConfigManager: Updating scan detail cache freq=5240 BSSID=f4:6d:2f:12:cc:88 RSSI=-39 for "ourhome"WPA_PSK
10-22 13:39:12.270  6637  6927 I BatteryMgr:DataCollectionService: stats => 1697974752270,183,4310,150,0,100
10-22 13:39:12.379  6637  6927 I BatteryMgr:DataCollectionService: stats => 1697974752379,183,4310,150,0,100
10-22 13:39:12.454  3957  4129 D WifiStateMachine:  ConnectedState !CMD_RSSI_POLL rt=581159038/1637134511 106 0 "ourhome" f4:6d:2f:12:cc:88 rssi=-39 f=5240 sc=60 link=433 tx=0.0, 0.0, 0.0  rx=12.0 bcn=395494 [on:0 tx:0 rx:0 period:217] from screen [on:108160 period:562032] score=60
10-22 13:39:12.456  3957  4129 D WifiStateMachine:  L2ConnectedState !CMD_RSSI_POLL rt=581159040/1637134513 106 0 "ourhome" f4:6d:2f:12:cc:88 rssi=-39 f=5240 sc=60 link=433 tx=0.0, 0.0, 0.0  rx=12.0 bcn=395494 [on:0 tx:0 rx:0 period:2] from screen [on:108160 period:562034] score=60
10-22 13:39:12.457  3957  4129 D WifiStateMachine:  get link layer stats 3
10-22 13:39:12.457  3436  3436 I android.hardware.wifi@1.0-service: getLinkLayerStats
10-22 13:39:12.475  3957  4129 D WifiStateMachine: fetchRssiLinkSpeedAndFrequencyNative rssi=-38 linkspeed=433 freq=5240
10-22 13:39:12.475  3957  4129 V WifiConfigManager: Updating scan detail cache freq=5240 BSSID=f4:6d:2f:12:cc:88 RSSI=-38 for "ourhome"WPA_PSK
10-22 13:39:12.478  4340  4340 E SignalClusterView: setSlotFocusVisible : subId -2
10-22 13:39:12.478  4340  4340 E SignalClusterView: setSlotFocusVisible : subId -2
10-22 13:39:12.486  6637  6927 I BatteryMgr:DataCollectionService: stats => 1697974752486,183,4310,150,0,100
10-22 13:39:12.596  6637  6927 I BatteryMgr:DataCollectionService: stats => 1697974752596,183,4310,150,0,100
10-22 13:39:12.702  6637  6927 I BatteryMgr:DataCollectionService: stats => 1697974752702,183,4310,150,0,100
10-22 13:39:12.811  6637  6927 I BatteryMgr:DataCollectionService: stats => 1697974752811,183,4310,150,0,100
10-22 13:39:12.920  6637  6927 I BatteryMgr:DataCollectionService: stats => 1697974752920,183,4310,150,0,100
10-22 13:39:12.931  3957  4128 D WifiService: getConnectionInfo uid=1000
10-22 13:39:13.025  6637  6927 I BatteryMgr:DataCollectionService: stats => 1697974753025,183,4310,150,0,100
10-22 13:39:13.132  6637  6927 I BatteryMgr:DataCollectionService: stats => 1697974753131,183,4310,150,0,100
10-22 13:39:13.236  3957  4129 D WifiStateMachine:  ConnectedState !RSSI_PKTCNT_FETCH uid=1000 rt=581159818/1637135291 0 0 "ourhome" f4:6d:2f:12:cc:88 rssi=-38 f=5240 sc=60 link=433 tx=1.9, 0.0, 0.0  rx=17.7 bcn=395522 [on:0 tx:0 rx:0 period:759] from screen [on:109082 period:562814] score=60
10-22 13:39:13.238  3957  4129 D WifiStateMachine:  L2ConnectedState !RSSI_PKTCNT_FETCH uid=1000 rt=581159822/1637135294 0 0 "ourhome" f4:6d:2f:12:cc:88 rssi=-38 f=5240 sc=60 link=433 tx=1.9, 0.0, 0.0  rx=17.7 bcn=395522 [on:0 tx:0 rx:0 period:2] from screen [on:109082 period:562816] score=60
10-22 13:39:13.240  6637  6927 I BatteryMgr:DataCollectionService: stats => 1697974753240,183,4310,150,0,100
10-22 13:39:13.245  3957  4129 D WifiStateMachine: fetchRssiLinkSpeedAndFrequencyNative rssi=-38 linkspeed=433 freq=5240
10-22 13:39:13.245  3957  4129 V WifiConfigManager: Updating scan detail cache freq=5240 BSSID=f4:6d:2f:12:cc:88 RSSI=-38 for "ourhome"WPA_PSK
10-22 13:39:13.349  6637  6927 I BatteryMgr:DataCollectionService: stats => 1697974753349,183,4310,150,0,100
10-22 13:39:13.459  6637  6927 I BatteryMgr:DataCollectionService: stats => 1697974753459,183,4310,150,0,100
10-22 13:39:13.569  6637  6927 I BatteryMgr:DataCollectionService: stats => 1697974753569,183,4310,150,0,100
10-22 13:39:13.678  6637  6927 I BatteryMgr:DataCollectionService: stats => 1697974753678,183,4310,150,0,100
10-22 13:39:13.793  6637  6927 I BatteryMgr:DataCollectionService: stats => 1697974753793,183,4310,150,0,100
10-22 13:39:13.902  6637  6927 I BatteryMgr:DataCollectionService: stats => 1697974753902,183,4310,150,0,100
10-22 13:39:13.933  3957  4128 D WifiService: getConnectionInfo uid=1000
10-22 13:39:14.011  6637  6927 I BatteryMgr:DataCollectionService: stats => 1697974754011,183,4310,150,0,100
10-22 13:39:14.083  2479  2548 D ScanRecord: Not a Multi Manu data
10-22 13:39:14.097  2479  2548 I chatty  : uid=1002(bluetooth) BT Service Call identical 37 lines
10-22 13:39:14.097  2479  2548 D ScanRecord: Not a Multi Manu data
10-22 13:39:14.118  6637  6927 I BatteryMgr:DataCollectionService: stats => 1697974754118,183,4310,150,0,100
10-22 13:39:14.126  2479  2548 D ScanRecord: Not a Multi Manu data
10-22 13:39:14.225  2479  2548 I chatty  : uid=1002(bluetooth) BT Service Call identical 141 lines
10-22 13:39:14.225  2479  2548 D ScanRecord: Not a Multi Manu data
10-22 13:39:14.227  6637  6927 I BatteryMgr:DataCollectionService: stats => 1697974754227,183,4310,150,0,100
10-22 13:39:14.236  3957  4129 D WifiStateMachine:  ConnectedState !RSSI_PKTCNT_FETCH uid=1000 rt=581160819/1637136292 0 0 "ourhome" f4:6d:2f:12:cc:88 rssi=-38 f=5240 sc=60 link=433 tx=1.9, 0.0, 0.0  rx=17.7 bcn=395522 [on:0 tx:0 rx:0 period:998] from screen [on:109082 period:563814] score=60
10-22 13:39:14.238  3957  4129 D WifiStateMachine:  L2ConnectedState !RSSI_PKTCNT_FETCH uid=1000 rt=581160822/1637136294 0 0 "ourhome" f4:6d:2f:12:cc:88 rssi=-38 f=5240 sc=60 link=433 tx=1.9, 0.0, 0.0  rx=17.7 bcn=395522 [on:0 tx:0 rx:0 period:2] from screen [on:109082 period:563816] score=60
10-22 13:39:14.241  3957  4129 D WifiStateMachine: fetchRssiLinkSpeedAndFrequencyNative rssi=-42 linkspeed=433 freq=5240
10-22 13:39:14.241  3957  4129 V WifiConfigManager: Updating scan detail cache freq=5240 BSSID=f4:6d:2f:12:cc:88 RSSI=-40 for "ourhome"WPA_PSK
10-22 13:39:14.246  2479  2548 D ScanRecord: Not a Multi Manu data
10-22 13:39:14.312  2479  2548 I chatty  : uid=1002(bluetooth) BT Service Call identical 50 lines
10-22 13:39:14.312  2479  2548 D ScanRecord: Not a Multi Manu data
10-22 13:39:14.334  6637  6927 I BatteryMgr:DataCollectionService: stats => 1697974754334,183,4310,150,0,100
10-22 13:39:14.337  2479  2548 D ScanRecord: Not a Multi Manu data
10-22 13:39:14.440  2479  2548 I chatty  : uid=1002(bluetooth) BT Service Call identical 89 lines
10-22 13:39:14.440  2479  2548 D ScanRecord: Not a Multi Manu data
10-22 13:39:14.441  6637  6927 I BatteryMgr:DataCollectionService: stats => 1697974754441,183,4310,150,0,100
10-22 13:39:14.444  2479  2548 D ScanRecord: Not a Multi Manu data
10-22 13:39:14.523  2479  2548 I chatty  : uid=1002(bluetooth) BT Service Call identical 102 lines
10-22 13:39:14.523  2479  2548 D ScanRecord: Not a Multi Manu data
10-22 13:39:14.547  6637  6927 I BatteryMgr:DataCollectionService: stats => 1697974754547,183,4310,150,0,100
10-22 13:39:14.654  6637  6927 I BatteryMgr:DataCollectionService: stats => 1697974754654,183,4310,150,0,100
10-22 13:39:14.761  6637  6927 I BatteryMgr:DataCollectionService: stats => 1697974754761,183,4310,150,0,100
10-22 13:39:14.814  4961  4961 D io_stats: !@ 179,0 r 8808851 286643964 w 2031953 40123392 d 161608 36274880 f 620667 644973 iot 4072068 3522110 th 51200 0 0 pt 0 inp 0 0 581161.398
10-22 13:39:14.869  6637  6927 I BatteryMgr:DataCollectionService: stats => 1697974754869,183,4310,150,0,100
10-22 13:39:14.896  3957  4030 D SensorService: [SO] 0.273 0.124 9.965
10-22 13:39:14.937  3957  4128 D WifiService: getConnectionInfo uid=1000
10-22 13:39:14.979  6637  6927 I BatteryMgr:DataCollectionService: stats => 1697974754979,183,4310,150,0,100
10-22 13:39:15.087  6637  6927 I BatteryMgr:DataCollectionService: stats => 1697974755087,183,4310,150,0,100
10-22 13:39:15.196  6637  6927 I BatteryMgr:DataCollectionService: stats => 1697974755196,183,4310,150,0,100
10-22 13:39:15.236  3957  4129 D WifiStateMachine:  ConnectedState !RSSI_PKTCNT_FETCH uid=1000 rt=581161820/1637137293 0 0 "ourhome" f4:6d:2f:12:cc:88 rssi=-42 f=5240 sc=60 link=433 tx=1.9, 0.0, 0.0  rx=17.7 bcn=395522 [on:0 tx:0 rx:0 period:998] from screen [on:109082 period:564814] score=60
10-22 13:39:15.238  3957  4129 D WifiStateMachine:  L2ConnectedState !RSSI_PKTCNT_FETCH uid=1000 rt=581161822/1637137294 0 0 "ourhome" f4:6d:2f:12:cc:88 rssi=-42 f=5240 sc=60 link=433 tx=1.9, 0.0, 0.0  rx=17.7 bcn=395522 [on:0 tx:0 rx:0 period:2] from screen [on:109082 period:564816] score=60
10-22 13:39:15.245  3957  4129 D WifiStateMachine: fetchRssiLinkSpeedAndFrequencyNative rssi=-42 linkspeed=433 freq=5240
10-22 13:39:15.245  3957  4129 V WifiConfigManager: Updating scan detail cache freq=5240 BSSID=f4:6d:2f:12:cc:88 RSSI=-41 for "ourhome"WPA_PSK
10-22 13:39:15.305  6637  6927 I BatteryMgr:DataCollectionService: stats => 1697974755305,183,4310,150,0,100
10-22 13:39:15.414  6637  6927 I BatteryMgr:DataCollectionService: stats => 1697974755414,183,4310,150,0,100
10-22 13:39:15.480  3957  4129 D WifiStateMachine:  ConnectedState !CMD_RSSI_POLL rt=581162062/1637137535 106 0 "ourhome" f4:6d:2f:12:cc:88 rssi=-42 f=5240 sc=60 link=433 tx=1.9, 0.0, 0.0  rx=17.7 bcn=395522 [on:0 tx:0 rx:0 period:241] from screen [on:109082 period:565057] score=60
10-22 13:39:15.482  3957  4129 D WifiStateMachine:  L2ConnectedState !CMD_RSSI_POLL rt=581162065/1637137538 106 0 "ourhome" f4:6d:2f:12:cc:88 rssi=-42 f=5240 sc=60 link=433 tx=1.9, 0.0, 0.0  rx=17.7 bcn=395522 [on:0 tx:0 rx:0 period:2] from screen [on:109082 period:565059] score=60
10-22 13:39:15.482  3957  4129 D WifiStateMachine:  get link layer stats 3
10-22 13:39:15.482  3436  3436 I android.hardware.wifi@1.0-service: getLinkLayerStats
10-22 13:39:15.488  3957  4129 D WifiStateMachine: fetchRssiLinkSpeedAndFrequencyNative rssi=-42 linkspeed=433 freq=5240
10-22 13:39:15.489  3957  4129 V WifiConfigManager: Updating scan detail cache freq=5240 BSSID=f4:6d:2f:12:cc:88 RSSI=-41 for "ourhome"WPA_PSK
10-22 13:39:15.495  4340  4340 E SignalClusterView: setSlotFocusVisible : subId -2
10-22 13:39:15.495  4340  4340 E SignalClusterView: setSlotFocusVisible : subId -2
10-22 13:39:15.523  6637  6927 I BatteryMgr:DataCollectionService: stats => 1697974755523,183,4310,150,0,100
10-22 13:39:15.631  6637  6927 I BatteryMgr:DataCollectionService: stats => 1697974755631,183,4310,150,0,100
10-22 13:39:15.745  6637  6927 I BatteryMgr:DataCollectionService: stats => 1697974755745,183,4310,150,0,100
10-22 13:39:15.854  6637  6927 I BatteryMgr:DataCollectionService: stats => 1697974755854,183,4310,150,0,100
10-22 13:39:15.939  3957  4128 D WifiService: getConnectionInfo uid=1000
10-22 13:39:15.966  6637  6927 I BatteryMgr:DataCollectionService: stats => 1697974755966,183,4310,150,0,100
10-22 13:39:16.075  6637  6927 I BatteryMgr:DataCollectionService: stats => 1697974756075,183,4310,150,0,100
10-22 13:39:16.188  6637  6927 I BatteryMgr:DataCollectionService: stats => 1697974756188,183,4310,150,0,100
10-22 13:39:16.240  3957  4129 D WifiStateMachine:  ConnectedState !RSSI_PKTCNT_FETCH uid=1000 rt=581162822/1637138295 0 0 "ourhome" f4:6d:2f:12:cc:88 rssi=-42 f=5240 sc=60 link=433 tx=0.7, 0.0, 0.0  rx=27.4 bcn=395552 [on:0 tx:0 rx:0 period:747] from screen [on:109767 period:565818] score=60
10-22 13:39:16.243  3957  4129 D WifiStateMachine:  L2ConnectedState !RSSI_PKTCNT_FETCH uid=1000 rt=581162826/1637138299 0 0 "ourhome" f4:6d:2f:12:cc:88 rssi=-42 f=5240 sc=60 link=433 tx=0.7, 0.0, 0.0  rx=27.4 bcn=395552 [on:0 tx:0 rx:0 period:2] from screen [on:109767 period:565820] score=60
10-22 13:39:16.252  3957  4129 D WifiStateMachine: fetchRssiLinkSpeedAndFrequencyNative rssi=-42 linkspeed=433 freq=5240
10-22 13:39:16.253  3957  4129 V WifiConfigManager: Updating scan detail cache freq=5240 BSSID=f4:6d:2f:12:cc:88 RSSI=-41 for "ourhome"WPA_PSK
10-22 13:39:16.297  6637  6927 I BatteryMgr:DataCollectionService: stats => 1697974756297,183,4310,150,0,100
10-22 13:39:16.406  6637  6927 I BatteryMgr:DataCollectionService: stats => 1697974756406,183,4310,150,0,100
10-22 13:39:16.517  6637  6927 I BatteryMgr:DataCollectionService: stats => 1697974756516,183,4310,150,0,100
10-22 13:39:16.624  6637  6927 I BatteryMgr:DataCollectionService: stats => 1697974756624,183,4310,150,0,100
10-22 13:39:16.690  3957  3980 W StorageManager: getStorageFullBytes DEFAULT_FULL_THRESHOLD_BYTES : 20971520, threadhold : 20971520
10-22 13:39:16.691  3957  3980 W StorageManager: getStorageLowBytes lowPercent : 5, lowBytes : 1260145254, maxLowBytes : 524288000
10-22 13:39:16.693  3957  3980 W DeviceStorageMonitorService: updateBroadcasts(/data) oldLevel:0, newLevel:0, seq:1
10-22 13:39:16.694  3957  3980 W DeviceStorageMonitorService: updateBroadcasts_filenode(/data) fn_oldLevel:0, fn_newLevel:0, seq:1
10-22 13:39:16.733  6637  6927 I BatteryMgr:DataCollectionService: stats => 1697974756733,183,4310,150,0,100
10-22 13:39:16.842  6637  6927 I BatteryMgr:DataCollectionService: stats => 1697974756842,183,4310,150,0,100
10-22 13:39:16.941  3957  4128 D WifiService: getConnectionInfo uid=1000
10-22 13:39:16.951  6637  6927 I BatteryMgr:DataCollectionService: stats => 1697974756951,183,4310,150,0,100
10-22 13:39:17.060  6637  6927 I BatteryMgr:DataCollectionService: stats => 1697974757060,183,4310,150,0,100
10-22 13:39:17.170  6637  6927 I BatteryMgr:DataCollectionService: stats => 1697974757170,183,4310,150,0,100
10-22 13:39:17.241  3957  4129 D WifiStateMachine:  ConnectedState !RSSI_PKTCNT_FETCH uid=1000 rt=581163824/1637139297 0 0 "ourhome" f4:6d:2f:12:cc:88 rssi=-42 f=5240 sc=60 link=433 tx=0.7, 0.0, 0.0  rx=27.4 bcn=395552 [on:0 tx:0 rx:0 period:999] from screen [on:109767 period:566819] score=60
10-22 13:39:17.243  3957  4129 D WifiStateMachine:  L2ConnectedState !RSSI_PKTCNT_FETCH uid=1000 rt=581163827/1637139300 0 0 "ourhome" f4:6d:2f:12:cc:88 rssi=-42 f=5240 sc=60 link=433 tx=0.7, 0.0, 0.0  rx=27.4 bcn=395552 [on:0 tx:0 rx:0 period:2] from screen [on:109767 period:566821] score=60
10-22 13:39:17.250  3957  4129 D WifiStateMachine: fetchRssiLinkSpeedAndFrequencyNative rssi=-39 linkspeed=433 freq=5240
10-22 13:39:17.251  3957  4129 V WifiConfigManager: Updating scan detail cache freq=5240 BSSID=f4:6d:2f:12:cc:88 RSSI=-39 for "ourhome"WPA_PSK
10-22 13:39:17.281  6637  6927 I BatteryMgr:DataCollectionService: stats => 1697974757281,183,4310,150,0,100
10-22 13:39:17.390  6637  6927 I BatteryMgr:DataCollectionService: stats => 1697974757390,183,4310,150,0,100
10-22 13:39:17.505  6637  6927 I BatteryMgr:DataCollectionService: stats => 1697974757505,183,4310,150,0,100
10-22 13:39:17.619  6637  6927 I BatteryMgr:DataCollectionService: stats => 1697974757619,183,4310,150,0,100
10-22 13:39:17.732  6637  6927 I BatteryMgr:DataCollectionService: stats => 1697974757732,183,4310,150,0,100
10-22 13:39:17.838  6637  6927 I BatteryMgr:DataCollectionService: stats => 1697974757838,183,4310,150,0,100
10-22 13:39:17.943  3957  4128 D WifiService: getConnectionInfo uid=1000
10-22 13:39:17.947  6637  6927 I BatteryMgr:DataCollectionService: stats => 1697974757947,183,4310,150,0,100
10-22 13:39:18.055  6637  6927 I BatteryMgr:DataCollectionService: stats => 1697974758055,183,4310,150,0,100
10-22 13:39:18.164  6637  6927 I BatteryMgr:DataCollectionService: stats => 1697974758164,183,4310,150,0,100
10-22 13:39:18.243  3957  4129 D WifiStateMachine:  ConnectedState !RSSI_PKTCNT_FETCH uid=1000 rt=581164826/1637140299 0 0 "ourhome" f4:6d:2f:12:cc:88 rssi=-39 f=5240 sc=60 link=433 tx=0.7, 0.0, 0.0  rx=27.4 bcn=395552 [on:0 tx:0 rx:0 period:1000] from screen [on:109767 period:567821] score=60
10-22 13:39:18.248  3957  4129 D WifiStateMachine:  L2ConnectedState !RSSI_PKTCNT_FETCH uid=1000 rt=581164829/1637140301 0 0 "ourhome" f4:6d:2f:12:cc:88 rssi=-39 f=5240 sc=60 link=433 tx=0.7, 0.0, 0.0  rx=27.4 bcn=395552 [on:0 tx:0 rx:0 period:5] from screen [on:109767 period:567826] score=60
10-22 13:39:18.251  3957  4129 D WifiStateMachine: fetchRssiLinkSpeedAndFrequencyNative rssi=-43 linkspeed=433 freq=5240
10-22 13:39:18.251  3957  4129 V WifiConfigManager: Updating scan detail cache freq=5240 BSSID=f4:6d:2f:12:cc:88 RSSI=-41 for "ourhome"WPA_PSK
10-22 13:39:18.273  6637  6927 I BatteryMgr:DataCollectionService: stats => 1697974758273,183,4310,150,0,100
10-22 13:39:18.382  6637  6927 I BatteryMgr:DataCollectionService: stats => 1697974758382,183,4310,150,0,100
10-22 13:39:18.490  6637  6927 I BatteryMgr:DataCollectionService: stats => 1697974758490,183,4310,150,0,100
10-22 13:39:18.492  3957  4129 D WifiStateMachine:  ConnectedState !CMD_RSSI_POLL rt=581165076/1637140548 106 0 "ourhome" f4:6d:2f:12:cc:88 rssi=-43 f=5240 sc=60 link=433 tx=0.7, 0.0, 0.0  rx=27.4 bcn=395552 [on:0 tx:0 rx:0 period:243] from screen [on:109767 period:568069] score=60
10-22 13:39:18.493  3957  4129 D WifiStateMachine:  L2ConnectedState !CMD_RSSI_POLL rt=581165077/1637140550 106 0 "ourhome" f4:6d:2f:12:cc:88 rssi=-43 f=5240 sc=60 link=433 tx=0.7, 0.0, 0.0  rx=27.4 bcn=395552 [on:0 tx:0 rx:0 period:2] from screen [on:109767 period:568071] score=60
10-22 13:39:18.494  3957  4129 D WifiStateMachine:  get link layer stats 3
10-22 13:39:18.494  3436  3436 I android.hardware.wifi@1.0-service: getLinkLayerStats
10-22 13:39:18.513  3957  4129 D WifiStateMachine: fetchRssiLinkSpeedAndFrequencyNative rssi=-41 linkspeed=433 freq=5240
10-22 13:39:18.514  3957  4129 V WifiConfigManager: Updating scan detail cache freq=5240 BSSID=f4:6d:2f:12:cc:88 RSSI=-41 for "ourhome"WPA_PSK
10-22 13:39:18.518  4340  4340 E SignalClusterView: setSlotFocusVisible : subId -2
10-22 13:39:18.519  4340  4340 E SignalClusterView: setSlotFocusVisible : subId -2
10-22 13:39:18.600  6637  6927 I BatteryMgr:DataCollectionService: stats => 1697974758600,183,4310,150,0,100
10-22 13:39:18.708  6637  6927 I BatteryMgr:DataCollectionService: stats => 1697974758708,183,4310,150,0,100
10-22 13:39:18.824  6637  6927 I BatteryMgr:DataCollectionService: stats => 1697974758823,183,4310,150,0,100
10-22 13:39:18.935  6637  6927 I BatteryMgr:DataCollectionService: stats => 1697974758935,183,4310,150,0,100
10-22 13:39:18.945  3957  4128 D WifiService: getConnectionInfo uid=1000
10-22 13:39:19.047  6637  6927 I BatteryMgr:DataCollectionService: stats => 1697974759047,183,4310,150,0,100
10-22 13:39:19.070  2479  2548 D ScanRecord: Not a Multi Manu data
10-22 13:39:19.153  2479  2548 I chatty  : uid=1002(bluetooth) BT Service Call identical 115 lines
10-22 13:39:19.153  2479  2548 D ScanRecord: Not a Multi Manu data
10-22 13:39:19.155  6637  6927 I BatteryMgr:DataCollectionService: stats => 1697974759155,183,4310,150,0,100
10-22 13:39:19.162  2479  2548 D ScanRecord: Not a Multi Manu data
10-22 13:39:19.237  2479  2548 I chatty  : uid=1002(bluetooth) BT Service Call identical 141 lines
10-22 13:39:19.237  2479  2548 D ScanRecord: Not a Multi Manu data
10-22 13:39:19.244  3957  4129 D WifiStateMachine:  ConnectedState !RSSI_PKTCNT_FETCH uid=1000 rt=581165828/1637141300 0 0 "ourhome" f4:6d:2f:12:cc:88 rssi=-41 f=5240 sc=60 link=433 tx=0.3, 0.0, 0.0  rx=15.7 bcn=395579 [on:0 tx:0 rx:0 period:727] from screen [on:110046 period:568822] score=60
10-22 13:39:19.246  3957  4129 D WifiStateMachine:  L2ConnectedState !RSSI_PKTCNT_FETCH uid=1000 rt=581165830/1637141302 0 0 "ourhome" f4:6d:2f:12:cc:88 rssi=-41 f=5240 sc=60 link=433 tx=0.3, 0.0, 0.0  rx=15.7 bcn=395579 [on:0 tx:0 rx:0 period:1] from screen [on:110046 period:568823] score=60
10-22 13:39:19.248  3957  4129 D WifiStateMachine: fetchRssiLinkSpeedAndFrequencyNative rssi=-42 linkspeed=433 freq=5240
10-22 13:39:19.248  3957  4129 V WifiConfigManager: Updating scan detail cache freq=5240 BSSID=f4:6d:2f:12:cc:88 RSSI=-41 for "ourhome"WPA_PSK
10-22 13:39:19.263  6637  6927 I BatteryMgr:DataCollectionService: stats => 1697974759263,183,4310,150,0,100
10-22 13:39:19.265  2479  2548 D ScanRecord: Not a Multi Manu data
10-22 13:39:19.354  2479  2548 I chatty  : uid=1002(bluetooth) BT Service Call identical 76 lines
10-22 13:39:19.354  2479  2548 D ScanRecord: Not a Multi Manu data
10-22 13:39:19.371  6637  6927 I BatteryMgr:DataCollectionService: stats => 1697974759371,183,4310,150,0,100
10-22 13:39:19.383  2479  2548 D ScanRecord: Not a Multi Manu data
10-22 13:39:19.479  2479  2548 I chatty  : uid=1002(bluetooth) BT Service Call identical 50 lines
10-22 13:39:19.479  2479  2548 D ScanRecord: Not a Multi Manu data
10-22 13:39:19.480  6637  6927 I BatteryMgr:DataCollectionService: stats => 1697974759480,183,4310,150,0,100
10-22 13:39:19.487  2479  2548 D ScanRecord: Not a Multi Manu data
10-22 13:39:19.551  2479  2548 I chatty  : uid=1002(bluetooth) BT Service Call identical 50 lines
10-22 13:39:19.551  2479  2548 D ScanRecord: Not a Multi Manu data
10-22 13:39:19.589  6637  6927 I BatteryMgr:DataCollectionService: stats => 1697974759589,183,4310,150,0,100
10-22 13:39:19.698  6637  6927 I BatteryMgr:DataCollectionService: stats => 1697974759698,183,4310,150,0,100
10-22 13:39:19.808  6637  6927 I BatteryMgr:DataCollectionService: stats => 1697974759808,183,4310,150,0,100
10-22 13:39:19.817  4961  4961 D io_stats: !@ 179,0 r 8808851 286643964 w 2031956 40123472 d 161609 36274940 f 620668 644974 iot 4072072 3522115 th 51200 0 0 pt 0 inp 0 0 581166.401
10-22 13:39:19.918  6637  6927 I BatteryMgr:DataCollectionService: stats => 1697974759918,183,4310,150,0,100
10-22 13:39:19.948  3957  4128 D WifiService: getConnectionInfo uid=1000
10-22 13:39:20.026  6637  6927 I BatteryMgr:DataCollectionService: stats => 1697974760026,183,4310,150,0,100
10-22 13:39:20.133  6637  6927 I BatteryMgr:DataCollectionService: stats => 1697974760132,183,4310,150,0,100
10-22 13:39:20.240  6637  6927 I BatteryMgr:DataCollectionService: stats => 1697974760240,183,4310,150,0,100
10-22 13:39:20.247  3957  4129 D WifiStateMachine:  ConnectedState !RSSI_PKTCNT_FETCH uid=1000 rt=581166830/1637142303 0 0 "ourhome" f4:6d:2f:12:cc:88 rssi=-42 f=5240 sc=60 link=433 tx=0.3, 0.0, 0.0  rx=15.7 bcn=395579 [on:0 tx:0 rx:0 period:1002] from screen [on:110046 period:569825] score=60
10-22 13:39:20.249  3957  4129 D WifiStateMachine:  L2ConnectedState !RSSI_PKTCNT_FETCH uid=1000 rt=581166833/1637142305 0 0 "ourhome" f4:6d:2f:12:cc:88 rssi=-42 f=5240 sc=60 link=433 tx=0.3, 0.0, 0.0  rx=15.7 bcn=395579 [on:0 tx:0 rx:0 period:2] from screen [on:110046 period:569827] score=60
10-22 13:39:20.255  3957  4129 D WifiStateMachine: fetchRssiLinkSpeedAndFrequencyNative rssi=-41 linkspeed=433 freq=5240
10-22 13:39:20.255  3957  4129 V WifiConfigManager: Updating scan detail cache freq=5240 BSSID=f4:6d:2f:12:cc:88 RSSI=-41 for "ourhome"WPA_PSK
10-22 13:39:20.349  6637  6927 I BatteryMgr:DataCollectionService: stats => 1697974760349,183,4310,150,0,100
10-22 13:39:20.457  6637  6927 I BatteryMgr:DataCollectionService: stats => 1697974760457,183,4310,150,0,100
10-22 13:39:20.568  6637  6927 I BatteryMgr:DataCollectionService: stats => 1697974760568,157,4310,153,0,100
10-22 13:39:20.676  6637  6927 I BatteryMgr:DataCollectionService: stats => 1697974760676,157,4310,153,0,100
10-22 13:39:20.785  6637  6927 I BatteryMgr:DataCollectionService: stats => 1697974760785,157,4310,153,0,100
10-22 13:39:20.893  6637  6927 I BatteryMgr:DataCollectionService: stats => 1697974760893,157,4310,153,0,100
10-22 13:39:20.950  3957  4128 D WifiService: getConnectionInfo uid=1000
10-22 13:39:21.001  6637  6927 I BatteryMgr:DataCollectionService: stats => 1697974761001,157,4310,153,0,100
10-22 13:39:21.066  3957  8661 D BatteryService: !@BatteryListener : batteryPropertiesChanged!
10-22 13:39:21.108  6637  6927 I BatteryMgr:DataCollectionService: stats => 1697974761108,157,4310,153,0,100
10-22 13:39:21.218  6637  6927 I BatteryMgr:DataCollectionService: stats => 1697974761217,157,4310,153,0,100
10-22 13:39:21.251  3957  4129 D WifiStateMachine:  ConnectedState !RSSI_PKTCNT_FETCH uid=1000 rt=581167832/1637143304 0 0 "ourhome" f4:6d:2f:12:cc:88 rssi=-41 f=5240 sc=60 link=433 tx=0.3, 0.0, 0.0  rx=15.7 bcn=395579 [on:0 tx:0 rx:0 period:1001] from screen [on:110046 period:570828] score=60
10-22 13:39:21.253  3957  4129 D WifiStateMachine:  L2ConnectedState !RSSI_PKTCNT_FETCH uid=1000 rt=581167837/1637143309 0 0 "ourhome" f4:6d:2f:12:cc:88 rssi=-41 f=5240 sc=60 link=433 tx=0.3, 0.0, 0.0  rx=15.7 bcn=395579 [on:0 tx:0 rx:0 period:3] from screen [on:110046 period:570831] score=60
10-22 13:39:21.260  3957  4129 D WifiStateMachine: fetchRssiLinkSpeedAndFrequencyNative rssi=-38 linkspeed=433 freq=5240
10-22 13:39:21.260  3957  4129 V WifiConfigManager: Updating scan detail cache freq=5240 BSSID=f4:6d:2f:12:cc:88 RSSI=-39 for "ourhome"WPA_PSK
10-22 13:39:21.327  6637  6927 I BatteryMgr:DataCollectionService: stats => 1697974761327,157,4310,153,0,100
10-22 13:39:21.437  6637  6927 I BatteryMgr:DataCollectionService: stats => 1697974761437,157,4310,153,0,100
10-22 13:39:21.520  3957  4129 D WifiStateMachine:  ConnectedState !CMD_RSSI_POLL rt=581168102/1637143575 106 0 "ourhome" f4:6d:2f:12:cc:88 rssi=-38 f=5240 sc=60 link=433 tx=0.3, 0.0, 0.0  rx=15.7 bcn=395579 [on:0 tx:0 rx:0 period:266] from screen [on:110046 period:571097] score=60
10-22 13:39:21.524  3957  4129 D WifiStateMachine:  L2ConnectedState !CMD_RSSI_POLL rt=581168106/1637143578 106 0 "ourhome" f4:6d:2f:12:cc:88 rssi=-38 f=5240 sc=60 link=433 tx=0.3, 0.0, 0.0  rx=15.7 bcn=395579 [on:0 tx:0 rx:0 period:4] from screen [on:110046 period:571101] score=60
10-22 13:39:21.524  3957  4129 D WifiStateMachine:  get link layer stats 3
10-22 13:39:21.525  3436  3436 I android.hardware.wifi@1.0-service: getLinkLayerStats
10-22 13:39:21.543  3957  4129 D WifiStateMachine: fetchRssiLinkSpeedAndFrequencyNative rssi=-37 linkspeed=433 freq=5240
10-22 13:39:21.544  3957  4129 V WifiConfigManager: Updating scan detail cache freq=5240 BSSID=f4:6d:2f:12:cc:88 RSSI=-37 for "ourhome"WPA_PSK
10-22 13:39:21.550  4340  4340 E SignalClusterView: setSlotFocusVisible : subId -2
10-22 13:39:21.550  4340  4340 E SignalClusterView: setSlotFocusVisible : subId -2
10-22 13:39:21.559  6637  6927 I BatteryMgr:DataCollectionService: stats => 1697974761559,157,4310,153,0,100
10-22 13:39:21.668  6637  6927 I BatteryMgr:DataCollectionService: stats => 1697974761668,157,4310,153,0,100
10-22 13:39:21.776  6637  6927 I BatteryMgr:DataCollectionService: stats => 1697974761776,157,4310,153,0,100
10-22 13:39:21.884  6637  6927 I BatteryMgr:DataCollectionService: stats => 1697974761884,157,4310,153,0,100
10-22 13:39:21.952  3957  4128 D WifiService: getConnectionInfo uid=1000
10-22 13:39:21.992  6637  6927 I BatteryMgr:DataCollectionService: stats => 1697974761992,157,4310,153,0,100
10-22 13:39:22.001  3957  6478 D SSRM:k  : SIOP:: AP = 340, PST = 330 (W:28), BAT = 248, USB = 0, CHG = 0
10-22 13:39:22.101  6637  6927 I BatteryMgr:DataCollectionService: stats => 1697974762101,157,4310,153,0,100
10-22 13:39:22.210  6637  6927 I BatteryMgr:DataCollectionService: stats => 1697974762210,157,4310,153,0,100
10-22 13:39:22.250  3957  4129 D WifiStateMachine:  ConnectedState !RSSI_PKTCNT_FETCH uid=1000 rt=581168833/1637144306 0 0 "ourhome" f4:6d:2f:12:cc:88 rssi=-37 f=5240 sc=60 link=433 tx=0.1, 0.0, 0.0  rx=12.7 bcn=395607 [on:0 tx:0 rx:0 period:702] from screen [on:110482 period:571828] score=60
10-22 13:39:22.252  3957  4129 D WifiStateMachine:  L2ConnectedState !RSSI_PKTCNT_FETCH uid=1000 rt=581168836/1637144309 0 0 "ourhome" f4:6d:2f:12:cc:88 rssi=-37 f=5240 sc=60 link=433 tx=0.1, 0.0, 0.0  rx=12.7 bcn=395607 [on:0 tx:0 rx:0 period:2] from screen [on:110482 period:571830] score=60
10-22 13:39:22.259  3957  4129 D WifiStateMachine: fetchRssiLinkSpeedAndFrequencyNative rssi=-36 linkspeed=433 freq=5240
10-22 13:39:22.259  3957  4129 V WifiConfigManager: Updating scan detail cache freq=5240 BSSID=f4:6d:2f:12:cc:88 RSSI=-36 for "ourhome"WPA_PSK
10-22 13:39:22.321  6637  6927 I BatteryMgr:DataCollectionService: stats => 1697974762321,157,4310,153,0,100
10-22 13:39:22.432  6637  6927 I BatteryMgr:DataCollectionService: stats => 1697974762431,157,4310,153,0,100
10-22 13:39:22.540  6637  6927 I BatteryMgr:DataCollectionService: stats => 1697974762540,157,4310,153,0,100
10-22 13:39:22.647  6637  6927 I BatteryMgr:DataCollectionService: stats => 1697974762647,157,4310,153,0,100
10-22 13:39:22.757  6637  6927 I BatteryMgr:DataCollectionService: stats => 1697974762757,157,4310,153,0,100
10-22 13:39:22.868  6637  6927 I BatteryMgr:DataCollectionService: stats => 1697974762868,157,4310,153,0,100
10-22 13:39:22.954  3957  4128 D WifiService: getConnectionInfo uid=1000
10-22 13:39:22.979  6637  6927 I BatteryMgr:DataCollectionService: stats => 1697974762978,157,4310,153,0,100
10-22 13:39:23.088  6637  6927 I BatteryMgr:DataCollectionService: stats => 1697974763088,157,4310,153,0,100
10-22 13:39:23.196  6637  6927 I BatteryMgr:DataCollectionService: stats => 1697974763196,157,4310,153,0,100
10-22 13:39:23.253  3957  4129 D WifiStateMachine:  ConnectedState !RSSI_PKTCNT_FETCH uid=1000 rt=581169835/1637145308 0 0 "ourhome" f4:6d:2f:12:cc:88 rssi=-36 f=5240 sc=60 link=433 tx=0.1, 0.0, 0.0  rx=12.7 bcn=395607 [on:0 tx:0 rx:0 period:1001] from screen [on:110482 period:572831] score=60
10-22 13:39:23.255  3957  4129 D WifiStateMachine:  L2ConnectedState !RSSI_PKTCNT_FETCH uid=1000 rt=581169839/1637145311 0 0 "ourhome" f4:6d:2f:12:cc:88 rssi=-36 f=5240 sc=60 link=433 tx=0.1, 0.0, 0.0  rx=12.7 bcn=395607 [on:0 tx:0 rx:0 period:2] from screen [on:110482 period:572833] score=60
10-22 13:39:23.258  3957  4129 D WifiStateMachine: fetchRssiLinkSpeedAndFrequencyNative rssi=-42 linkspeed=433 freq=5240
10-22 13:39:23.258  3957  4129 V WifiConfigManager: Updating scan detail cache freq=5240 BSSID=f4:6d:2f:12:cc:88 RSSI=-39 for "ourhome"WPA_PSK
10-22 13:39:23.307  6637  6927 I BatteryMgr:DataCollectionService: stats => 1697974763306,157,4310,153,0,100
10-22 13:39:23.420  6637  6927 I BatteryMgr:DataCollectionService: stats => 1697974763420,157,4310,153,0,100
10-22 13:39:23.530  6637  6927 I BatteryMgr:DataCollectionService: stats => 1697974763529,157,4310,153,0,100
10-22 13:39:23.638  6637  6927 I BatteryMgr:DataCollectionService: stats => 1697974763638,157,4310,153,0,100
10-22 13:39:23.745  6637  6927 I BatteryMgr:DataCollectionService: stats => 1697974763745,157,4310,153,0,100
10-22 13:39:23.856  6637  6927 I BatteryMgr:DataCollectionService: stats => 1697974763856,157,4310,153,0,100
10-22 13:39:23.956  3957  4128 D WifiService: getConnectionInfo uid=1000
10-22 13:39:23.968  6637  6927 I BatteryMgr:DataCollectionService: stats => 1697974763968,157,4310,153,0,100
10-22 13:39:24.076  2479  2548 D ScanRecord: Not a Multi Manu data
10-22 13:39:24.077  2479  2548 I chatty  : uid=1002(bluetooth) BT Service Call identical 11 lines
10-22 13:39:24.077  2479  2548 D ScanRecord: Not a Multi Manu data
10-22 13:39:24.077  6637  6927 I BatteryMgr:DataCollectionService: stats => 1697974764077,157,4310,153,0,100
10-22 13:39:24.093  2479  2548 D ScanRecord: Not a Multi Manu data
10-22 13:39:24.187  2479  2548 I chatty  : uid=1002(bluetooth) BT Service Call identical 141 lines
10-22 13:39:24.187  2479  2548 D ScanRecord: Not a Multi Manu data
10-22 13:39:24.187  6637  6927 I BatteryMgr:DataCollectionService: stats => 1697974764187,157,4310,153,0,100
10-22 13:39:24.190  2479  2548 D ScanRecord: Not a Multi Manu data
10-22 13:39:24.249  2479  2548 I chatty  : uid=1002(bluetooth) BT Service Call identical 115 lines
10-22 13:39:24.249  2479  2548 D ScanRecord: Not a Multi Manu data
10-22 13:39:24.255  3957  4129 D WifiStateMachine:  ConnectedState !RSSI_PKTCNT_FETCH uid=1000 rt=581170836/1637146309 0 0 "ourhome" f4:6d:2f:12:cc:88 rssi=-42 f=5240 sc=60 link=433 tx=0.1, 0.0, 0.0  rx=12.7 bcn=395607 [on:0 tx:0 rx:0 period:1000] from screen [on:110482 period:573833] score=60
10-22 13:39:24.258  3957  4129 D WifiStateMachine:  L2ConnectedState !RSSI_PKTCNT_FETCH uid=1000 rt=581170841/1637146313 0 0 "ourhome" f4:6d:2f:12:cc:88 rssi=-42 f=5240 sc=60 link=433 tx=0.1, 0.0, 0.0  rx=12.7 bcn=395607 [on:0 tx:0 rx:0 period:3] from screen [on:110482 period:573836] score=60
10-22 13:39:24.261  3957  4129 D WifiStateMachine: fetchRssiLinkSpeedAndFrequencyNative rssi=-40 linkspeed=433 freq=5240
10-22 13:39:24.261  3957  4129 V WifiConfigManager: Updating scan detail cache freq=5240 BSSID=f4:6d:2f:12:cc:88 RSSI=-39 for "ourhome"WPA_PSK
10-22 13:39:24.268  2479  2548 D ScanRecord: Not a Multi Manu data
10-22 13:39:24.294  2479  2548 I chatty  : uid=1002(bluetooth) BT Service Call identical 76 lines
10-22 13:39:24.294  2479  2548 D ScanRecord: Not a Multi Manu data
10-22 13:39:24.296  6637  6927 I BatteryMgr:DataCollectionService: stats => 1697974764296,157,4310,153,0,100
10-22 13:39:24.311  2479  2548 D ScanRecord: Not a Multi Manu data
10-22 13:39:24.407  2479  2548 I chatty  : uid=1002(bluetooth) BT Service Call identical 206 lines
10-22 13:39:24.407  2479  2548 D ScanRecord: Not a Multi Manu data
10-22 13:39:24.408  6637  6927 I BatteryMgr:DataCollectionService: stats => 1697974764408,157,4310,153,0,100
10-22 13:39:24.409  2479  2548 D ScanRecord: Not a Multi Manu data
10-22 13:39:24.512  2479  2548 I chatty  : uid=1002(bluetooth) BT Service Call identical 154 lines
10-22 13:39:24.512  2479  2548 D ScanRecord: Not a Multi Manu data
10-22 13:39:24.515  6637  6927 I BatteryMgr:DataCollectionService: stats => 1697974764515,157,4310,153,0,100
10-22 13:39:24.521  2479  2548 D ScanRecord: Not a Multi Manu data
