10-22 13:44:35.717  3957  4129 V WifiConfigManager: Updating scan detail cache freq=5240 BSSID=f4:6d:2f:12:cc:88 RSSI=-36 for "ourhome"WPA_PSK
10-22 13:44:35.737  7276  7570 I BatteryMgr:DataCollectionService: stats => 1697975075737,-204,4310,-70,0,100
10-22 13:44:35.763  3957  4129 D WifiStateMachine:  ConnectedState !CMD_RSSI_POLL rt=581482347/1637457819 106 0 "ourhome" f4:6d:2f:12:cc:88 rssi=-36 f=5240 sc=60 link=433 tx=145.2, 0.9, 0.0  rx=307.5 bcn=398479 [on:0 tx:0 rx:0 period:51] from screen [on:166787 period:885340] score=60
10-22 13:44:35.764  3957  4129 D WifiStateMachine:  L2ConnectedState !CMD_RSSI_POLL rt=581482348/1637457821 106 0 "ourhome" f4:6d:2f:12:cc:88 rssi=-36 f=5240 sc=60 link=433 tx=145.2, 0.9, 0.0  rx=307.5 bcn=398479 [on:0 tx:0 rx:0 period:2] from screen [on:166787 period:885342] score=60
10-22 13:44:35.764  3957  4129 D WifiStateMachine:  get link layer stats 3
10-22 13:44:35.765  3436  3436 I android.hardware.wifi@1.0-service: getLinkLayerStats
10-22 13:44:35.768  7858  7858 I Finsky:background: [2] scp.onCreate(9): IPC-SERVER: Starting gRPC host service...
10-22 13:44:35.778  3957  4129 D WifiStateMachine: fetchRssiLinkSpeedAndFrequencyNative rssi=-36 linkspeed=433 freq=5240
10-22 13:44:35.778  3957  4129 V WifiConfigManager: Updating scan detail cache freq=5240 BSSID=f4:6d:2f:12:cc:88 RSSI=-36 for "ourhome"WPA_PSK
10-22 13:44:35.785  7858  7858 I Finsky:background: [2] jqd.h(314): This process start was not selected for Play memory metrics collection.
10-22 13:44:35.785  4340  4340 E SignalClusterView: setSlotFocusVisible : subId -2
10-22 13:44:35.786  4340  4340 E SignalClusterView: setSlotFocusVisible : subId -2
10-22 13:44:35.794  7858  7858 I Finsky:background: [2] tys.onTrimMemory(13): Memory trim requested to level 80
10-22 13:44:35.806  3957  4128 D WifiService: getConnectionInfo uid=1000
10-22 13:44:35.809  7858  7886 I Finsky:background: [20076] nrj.i(6): getDownloads()
10-22 13:44:35.846  7276  7570 I BatteryMgr:DataCollectionService: stats => 1697975075846,-204,4310,-70,0,100
10-22 13:44:35.960  7276  7570 I BatteryMgr:DataCollectionService: stats => 1697975075959,-204,4310,-70,0,100
10-22 13:44:35.993  7858  7888 D ConnectivityManager: requestNetwork; CallingUid : 10044, CallingPid : 7858
10-22 13:44:36.008  3957  4564 D ConnectivityService: requestNetwork for uid/pid:10044/7858 NetworkRequest [ TRACK_DEFAULT id=1992, [ Capabilities: INTERNET&NOT_RESTRICTED&TRUSTED&NOT_VPN] ]
10-22 13:44:36.009  3957  4157 D ConnectivityService: rematching NetworkAgentInfo [WIFI () - 509]
10-22 13:44:36.009  3957  4157 D ConnectivityService:  network has: [ Transports: WIFI Capabilities: NOT_METERED&INTERNET&NOT_RESTRICTED&TRUSTED&NOT_VPN&VALIDATED&FOREGROUND LinkUpBandwidth>=1048576Kbps LinkDnBandwidth>=1048576Kbps SignalStrength: -36]
10-22 13:44:36.009  3957  4157 D ConnectivityService: Network NetworkAgentInfo [WIFI () - 509] was already satisfying request 1. No change.
10-22 13:44:36.009  3957  4157 D ConnectivityService: Network NetworkAgentInfo [WIFI () - 509] was already satisfying request 3. No change.
10-22 13:44:36.009  3957  4157 D ConnectivityService: Network NetworkAgentInfo [WIFI () - 509] was already satisfying request 1972. No change.
10-22 13:44:36.010  3957  4157 D ConnectivityService:   checking if request is satisfied: NetworkRequest [ TRACK_DEFAULT id=1992, [ Capabilities: INTERNET&NOT_RESTRICTED&TRUSTED&NOT_VPN] ]
10-22 13:44:36.010  3957  4157 D ConnectivityService: currentScore = 0, newScore = 100
10-22 13:44:36.010  3957  4157 D ConnectivityService: rematch for NetworkAgentInfo [WIFI () - 509]
10-22 13:44:36.010  3957  4157 D ConnectivityService:    accepting network in place of null
10-22 13:44:36.010  3957  4157 D ConnectivityService: sending new Min Network Score(100): NetworkRequest [ TRACK_DEFAULT id=1992, [ Capabilities: INTERNET&NOT_RESTRICTED&TRUSTED&NOT_VPN] ]
10-22 13:44:36.011  3957  4313 D Ethernet: got request NetworkRequest [ TRACK_DEFAULT id=1992, [ Capabilities: INTERNET&NOT_RESTRICTED&TRUSTED&NOT_VPN] ] with score 100
10-22 13:44:36.011  3957  4313 D Ethernet:   my score=-1, my filter=[ Transports: ETHERNET Capabilities: INTERNET&NOT_RESTRICTED&TRUSTED&NOT_VPN LinkUpBandwidth>=100000Kbps LinkDnBandwidth>=100000Kbps]
10-22 13:44:36.011  3957  4313 D Ethernet: evalRequest
10-22 13:44:36.011  3957  4313 D Ethernet:   done
10-22 13:44:36.011  3957  4129 D WIFI    : got request NetworkRequest [ TRACK_DEFAULT id=1992, [ Capabilities: INTERNET&NOT_RESTRICTED&TRUSTED&NOT_VPN] ] with score 100
10-22 13:44:36.011  3957  4153 D WIFI_P2P: got request NetworkRequest [ TRACK_DEFAULT id=1992, [ Capabilities: INTERNET&NOT_RESTRICTED&TRUSTED&NOT_VPN] ] with score 100
10-22 13:44:36.011  3957  4157 D ConnectivityService: MultiNetwork Request(TransportType - Wi-Fi request). Internet Capability doesn't required (false)
10-22 13:44:36.011  3957  4129 D WIFI    :   my score=60, my filter=[ Transports: WIFI Capabilities: NOT_METERED&INTERNET&NOT_RESTRICTED&TRUSTED&NOT_VPN LinkUpBandwidth>=1048576Kbps LinkDnBandwidth>=1048576Kbps]
10-22 13:44:36.011  3957  4129 D WIFI    : evalRequest
10-22 13:44:36.011  3957  4129 D WIFI    :   done
10-22 13:44:36.011  3957  4157 D ConnectivityService: Network NetworkAgentInfo [WIFI () - 509] was already satisfying request 1990. No change.
10-22 13:44:36.012  3957  4153 D WIFI_P2P:   my score=60, my filter=[ Transports: WIFI Capabilities: WIFI_P2P&NOT_RESTRICTED&TRUSTED&NOT_VPN LinkUpBandwidth>=1048576Kbps LinkDnBandwidth>=1048576Kbps]
10-22 13:44:36.012  3957  4129 D WIFI_UT : got request NetworkRequest [ TRACK_DEFAULT id=1992, [ Capabilities: INTERNET&NOT_RESTRICTED&TRUSTED&NOT_VPN] ] with score 100
10-22 13:44:36.012  3957  4153 D WIFI_P2P: evalRequest
10-22 13:44:36.012  3957  4153 D WIFI_P2P:   done
10-22 13:44:36.012  3957  4129 D WIFI_UT :   my score=2147483647, my filter=[ Transports: WIFI Capabilities: NOT_METERED&INTERNET&NOT_RESTRICTED&TRUSTED&NOT_VPN LinkUpBandwidth>=1048576Kbps LinkDnBandwidth>=1048576Kbps]
10-22 13:44:36.012  3957  4129 D WIFI_UT : evalRequest
10-22 13:44:36.012  3957  4129 D WIFI_UT :   needNetworkFor
10-22 13:44:36.012  3957  4157 D ConnectivityService: sending notification AVAILABLE for NetworkRequest [ TRACK_DEFAULT id=1992, [ Capabilities: INTERNET&NOT_RESTRICTED&TRUSTED&NOT_VPN] ]
10-22 13:44:36.012  3957  4157 D ConnectivityService: sending notification CAP_CHANGED for NetworkRequest [ TRACK_DEFAULT id=1992, [ Capabilities: INTERNET&NOT_RESTRICTED&TRUSTED&NOT_VPN] ]
10-22 13:44:36.013  3957  4157 D ConnectivityService: sending notification IP_CHANGED for NetworkRequest [ TRACK_DEFAULT id=1992, [ Capabilities: INTERNET&NOT_RESTRICTED&TRUSTED&NOT_VPN] ]
10-22 13:44:36.015  3957  4564 D ConnectivityService: filterNetworkStateForUid() uid: 10044 networkInfo: [type: WIFI[] - WIFI, state: CONNECTED/CONNECTED, reason: (unspecified), extra: "ourhome", failover: false, available: true, roaming: false, metered: false]
10-22 13:44:36.015  3957  4564 D WifiService: getConnectionInfo uid=1000
10-22 13:44:36.015  4616  4616 D PhoneSwitcherNetworkRequstListener: got request NetworkRequest [ TRACK_DEFAULT id=1992, [ Capabilities: INTERNET&NOT_RESTRICTED&TRUSTED&NOT_VPN] ] with score 100
10-22 13:44:36.015  4616  4616 D PhoneSwitcherNetworkRequstListener:   my score=101, my filter=[ Transports: CELLULAR Capabilities: MMS&SUPL&DUN&FOTA&IMS&CBS&IA&RCS&XCAP&EIMS&INTERNET&NOT_RESTRICTED&TRUSTED&NOT_VPN&ENT1 Specifier: <android.net.MatchAllNetworkSpecifier@0>]
10-22 13:44:36.015  4616  4616 D PhoneSwitcherNetworkRequstListener: evalRequest
10-22 13:44:36.016  4616  4616 D PhoneSwitcherNetworkRequstListener:   needNetworkFor
10-22 13:44:36.016  3957  4564 D WifiService: getConnectionInfo uid=1000
10-22 13:44:36.042  7749  7796 I Finsky  : [20079] tmv.G(6): getDownloads()
10-22 13:44:36.044  7858  7886 I Finsky:background: [20076] nrj.i(6): getDownloads()
10-22 13:44:36.052  7749  7847 I Finsky  : [20114] qsd.run(251): Installer: Installer starting
10-22 13:44:36.053  7749  7847 I Finsky  : [20114] qsd.run(275): Installer: Installer started
10-22 13:44:36.070  7276  7570 I BatteryMgr:DataCollectionService: stats => 1697975076069,-204,4310,-70,0,100
10-22 13:44:36.098  7749  7754 I zygote64: Do partial code cache collection, code=2312B, data=30KB
10-22 13:44:36.099  7749  7754 I zygote64: After code cache collection, code=2312B, data=30KB
10-22 13:44:36.099  7749  7754 I zygote64: Increasing code cache capacity to 128KB
10-22 13:44:36.107  7749  7749 I Finsky  : [2] qur.R(85): Installer: found apps to install. apps=[]
10-22 13:44:36.108  3957  4564 I chatty  : uid=1000(system) Binder:3957_6 identical 2 lines
10-22 13:44:36.109  3957  4564 D WifiService: getConnectionInfo uid=1000
10-22 13:44:36.111  3957  4564 D ConnectivityService: filterNetworkStateForUid() uid: 10044 networkInfo: [type: WIFI[] - WIFI, state: CONNECTED/CONNECTED, reason: (unspecified), extra: "ourhome", failover: false, available: true, roaming: false, metered: false]
10-22 13:44:36.112  3957  4564 D WifiService: getConnectionInfo uid=1000
10-22 13:44:36.123  7749  7890 I Finsky  : [20124] qyo.a(796): IV2: found recoverable installs: []
10-22 13:44:36.144  7749  7749 I Finsky  : [2] scp.onCreate(9): IPC-SERVER: Starting gRPC host service...
10-22 13:44:36.176  7858  7858 I Finsky:background: [2] tys.onTrimMemory(13): Memory trim requested to level 80
10-22 13:44:36.176  7749  7749 I Finsky  : [2] tys.onTrimMemory(13): Memory trim requested to level 80
10-22 13:44:36.177  7749  7749 I Finsky  : [2] nre.accept(78): Flushing in-memory image cache
10-22 13:44:36.189  7276  7570 I BatteryMgr:DataCollectionService: stats => 1697975076188,-204,4310,-70,0,100
10-22 13:44:36.236  7749  7893 I Finsky  : [20127] reg.D(6): IQ: Pruning inactive install requests
10-22 13:44:36.255  7749  7893 I Finsky  : [20127] zxg.<init>(55): Resetting scheduler db
10-22 13:44:36.285  7749  7807 I Finsky  : [20084] yqw.accept(377): SCH: Scheduling phonesky job Id: 1-1337, CT: 1697940166538, Constraints: [{ L: 42704234, D: 85904234, C: 1, I: 1, N: 1 }]
10-22 13:44:36.286  7749  7807 I Finsky  : [20084] yqw.accept(377): SCH: Scheduling phonesky job Id: 3-367, CT: 1697973813863, Constraints: [{ L: 0, D: 86400000, C: 2, I: 2, N: 1 }]
10-22 13:44:36.288  7749  7807 I Finsky  : [20084] yqw.accept(377): SCH: Scheduling phonesky job Id: 26-1414141414, CT: 1697940163069, Constraints: [{ L: 43199994, D: 44099994, C: 1, I: 1, N: 0 }]
10-22 13:44:36.289  7749  7807 I Finsky  : [20084] yqw.accept(377): SCH: Scheduling phonesky job Id: 34-374, CT: 1697897797546, Constraints: [{ L: 604800000, D: 2486144340, C: 2, I: 2, N: 2 }, { L: 604800000, D: 2486144340, C: 1, I: 2, N: 2 }]
10-22 13:44:36.290  7749  7807 I Finsky  : [20084] yqw.accept(377): SCH: Scheduling phonesky job Id: 34-378, CT: 1697897797546, Constraints: [{ L: 604800000, D: 2571003689, C: 2, I: 2, N: 2 }, { L: 604800000, D: 2571003689, C: 1, I: 2, N: 2 }]
10-22 13:44:36.291  7749  7807 I Finsky  : [20084] yqw.accept(377): SCH: Scheduling phonesky job Id: 34-379, CT: 1697960412967, Constraints: [{ L: 79199913, D: 1375199913, C: 1, I: 1, N: 1 }]
10-22 13:44:36.292  7749  7807 I Finsky  : [20084] yqw.accept(377): SCH: Scheduling phonesky job Id: 34-381, CT: 1697897797546, Constraints: [{ L: 350152876, D: 1646152876, C: 1, I: 1, N: 2 }]
10-22 13:44:36.293  7749  7807 I Finsky  : [20084] yqw.accept(377): SCH: Scheduling phonesky job Id: 34-382, CT: 1697960412907, Constraints: [{ L: 0, D: 1296000000, C: 2, I: 2, N: 2 }, { L: 0, D: 1296000000, C: 1, I: 2, N: 2 }]
10-22 13:44:36.300  7276  7570 I BatteryMgr:DataCollectionService: stats => 1697975076300,-204,4310,-70,0,100
10-22 13:44:36.323  7749  7749 I Finsky  : [2] abey.a(9): Connecting InstallListener to SplitInstallService broadcaster...
10-22 13:44:36.332  7749  7810 I Finsky  : [20087] zwv.apply(1036): SCH: Scheduling 0 system job(s)
10-22 13:44:36.344  7749  7896 I Finsky  : [20130] zxa.apply(33): SCH: Canceling job 3-367
10-22 13:44:36.349  7749  7796 I Finsky  : [20079] zwu.a(15): SCH: no pending jobs to schedule.
10-22 13:44:36.363  7749  7893 I Finsky  : [20127] rdv.apply(1416): IQ: Creating job 368, for (REQ_CHARGING, REQ_DEVICE_IDLE, REQ_GEARHEAD_PROJECTION_OFF, NETWORK=ANY, PROVISIONING_STATE=PROVISIONED, BACKUP_MANAGER_STATE=BACKUP_READY, PROCESS_IMPORTANCE_THRESHOLD=125)
10-22 13:44:36.375  7749  7893 I Finsky  : [20127] reg.G(93): IQ: Bulk scheduling created jobs
10-22 13:44:36.410  7276  7570 I BatteryMgr:DataCollectionService: stats => 1697975076409,-204,4310,-70,0,100
10-22 13:44:36.414  7749  7784 D NetworkSecurityConfig: No Network Security Config specified, using platform default
10-22 13:44:36.443  7749  7784 I System.out: (HTTPLog)-Static: isSBSettingEnabled false
10-22 13:44:36.443  7749  7784 I System.out: (HTTPLog)-Static: isSBSettingEnabled false
10-22 13:44:36.445  3599  3918 D DnsProxyListener: DNSDBG::dns addrinfo af 0
10-22 13:44:36.517  7276  7570 I BatteryMgr:DataCollectionService: stats => 1697975076517,-204,4310,-70,0,100
10-22 13:44:36.561  3957  4554 D ConnectivityService: filterNetworkStateForUid() uid: 10044 networkInfo: [type: WIFI[] - WIFI, state: CONNECTED/CONNECTED, reason: (unspecified), extra: "ourhome", failover: false, available: true, roaming: false, metered: false]
10-22 13:44:36.561  3957  4554 D WifiService: getConnectionInfo uid=1000
10-22 13:44:36.562  3957  4554 D ConnectivityService: filterNetworkStateForUid() uid: 10044 networkInfo: [type: WIFI[] - WIFI, state: CONNECTED/CONNECTED, reason: (unspecified), extra: "ourhome", failover: false, available: true, roaming: false, metered: false]
10-22 13:44:36.562  3957  4554 D WifiService: getConnectionInfo uid=1000
10-22 13:44:36.576  7749  7810 I Finsky  : [20087] yqw.accept(377): SCH: Scheduling phonesky job Id: 3-368, CT: 1697975076376, Constraints: [{ L: 0, D: 86400000, C: 2, I: 2, N: 1 }]
10-22 13:44:36.597  7749  7807 I Finsky  : [20084] zwv.apply(1036): SCH: Scheduling 0 system job(s)
10-22 13:44:36.628  7276  7570 I BatteryMgr:DataCollectionService: stats => 1697975076628,-204,4310,-70,0,100
10-22 13:44:36.708  3957  4129 D WifiStateMachine:  ConnectedState !RSSI_PKTCNT_FETCH uid=1000 rt=581483293/1637458765 0 0 "ourhome" f4:6d:2f:12:cc:88 rssi=-36 f=5240 sc=60 link=433 tx=67.6, 6.1, 0.0  rx=133.2 bcn=398506 [on:0 tx:0 rx:0 period:926] from screen [on:167856 period:886286] score=60
10-22 13:44:36.709  3957  4129 D WifiStateMachine:  L2ConnectedState !RSSI_PKTCNT_FETCH uid=1000 rt=581483294/1637458766 0 0 "ourhome" f4:6d:2f:12:cc:88 rssi=-36 f=5240 sc=60 link=433 tx=67.6, 6.1, 0.0  rx=133.2 bcn=398506 [on:0 tx:0 rx:0 period:1] from screen [on:167856 period:886287] score=60
10-22 13:44:36.710  3957  4129 D WifiStateMachine: fetchRssiLinkSpeedAndFrequencyNative rssi=-40 linkspeed=433 freq=5240
10-22 13:44:36.710  3957  4129 V WifiConfigManager: Updating scan detail cache freq=5240 BSSID=f4:6d:2f:12:cc:88 RSSI=-38 for "ourhome"WPA_PSK
10-22 13:44:36.737  7276  7570 I BatteryMgr:DataCollectionService: stats => 1697975076737,-204,4310,-70,0,100
10-22 13:44:36.810  3957  4128 D WifiService: getConnectionInfo uid=1000
10-22 13:44:36.851  7276  7570 I BatteryMgr:DataCollectionService: stats => 1697975076851,-204,4310,-70,0,100
10-22 13:44:36.968  7276  7570 I BatteryMgr:DataCollectionService: stats => 1697975076968,-204,4310,-70,0,100
10-22 13:44:37.077  7276  7570 I BatteryMgr:DataCollectionService: stats => 1697975077077,-204,4310,-70,0,100
10-22 13:44:37.190  7276  7570 I BatteryMgr:DataCollectionService: stats => 1697975077190,-204,4310,-70,0,100
10-22 13:44:37.303  7276  7570 I BatteryMgr:DataCollectionService: stats => 1697975077302,-204,4310,-70,0,100
10-22 13:44:37.418  7276  7570 I BatteryMgr:DataCollectionService: stats => 1697975077417,-204,4310,-70,0,100
10-22 13:44:37.526  7276  7570 I BatteryMgr:DataCollectionService: stats => 1697975077526,-204,4310,-70,0,100
10-22 13:44:37.640  7276  7570 I BatteryMgr:DataCollectionService: stats => 1697975077639,-204,4310,-70,0,100
10-22 13:44:37.712  3957  4129 D WifiStateMachine:  ConnectedState !RSSI_PKTCNT_FETCH uid=1000 rt=581484295/1637459768 0 0 "ourhome" f4:6d:2f:12:cc:88 rssi=-40 f=5240 sc=60 link=433 tx=67.6, 6.1, 0.0  rx=133.2 bcn=398506 [on:0 tx:0 rx:0 period:1003] from screen [on:167856 period:887290] score=60
10-22 13:44:37.715  3957  4129 D WifiStateMachine:  L2ConnectedState !RSSI_PKTCNT_FETCH uid=1000 rt=581484298/1637459771 0 0 "ourhome" f4:6d:2f:12:cc:88 rssi=-40 f=5240 sc=60 link=433 tx=67.6, 6.1, 0.0  rx=133.2 bcn=398506 [on:0 tx:0 rx:0 period:3] from screen [on:167856 period:887293] score=60
10-22 13:44:37.722  3957  4129 D WifiStateMachine: fetchRssiLinkSpeedAndFrequencyNative rssi=-37 linkspeed=433 freq=5240
10-22 13:44:37.722  3957  4129 V WifiConfigManager: Updating scan detail cache freq=5240 BSSID=f4:6d:2f:12:cc:88 RSSI=-37 for "ourhome"WPA_PSK
10-22 13:44:37.751  7276  7570 I BatteryMgr:DataCollectionService: stats => 1697975077751,-204,4310,-70,0,100
10-22 13:44:37.812  3957  4128 D WifiService: getConnectionInfo uid=1000
10-22 13:44:37.859  7276  7570 I BatteryMgr:DataCollectionService: stats => 1697975077859,-204,4310,-70,0,100
10-22 13:44:37.971  7276  7570 I BatteryMgr:DataCollectionService: stats => 1697975077971,-204,4310,-70,0,100
10-22 13:44:38.084  7276  7570 I BatteryMgr:DataCollectionService: stats => 1697975078084,-204,4310,-70,0,100
10-22 13:44:38.198  7276  7570 I BatteryMgr:DataCollectionService: stats => 1697975078197,-204,4310,-70,0,100
10-22 13:44:38.306  7276  7570 I BatteryMgr:DataCollectionService: stats => 1697975078306,-204,4310,-70,0,100
10-22 13:44:38.424  7276  7570 I BatteryMgr:DataCollectionService: stats => 1697975078423,-204,4310,-70,0,100
10-22 13:44:38.541  7276  7570 I BatteryMgr:DataCollectionService: stats => 1697975078541,-204,4310,-70,0,100
10-22 13:44:38.651  7276  7570 I BatteryMgr:DataCollectionService: stats => 1697975078651,-204,4310,-70,0,100
10-22 13:44:38.713  3957  4129 D WifiStateMachine:  ConnectedState !RSSI_PKTCNT_FETCH uid=1000 rt=581485296/1637460769 0 0 "ourhome" f4:6d:2f:12:cc:88 rssi=-37 f=5240 sc=60 link=433 tx=67.6, 6.1, 0.0  rx=133.2 bcn=398506 [on:0 tx:0 rx:0 period:997] from screen [on:167856 period:888290] score=60
10-22 13:44:38.715  3957  4129 D WifiStateMachine:  L2ConnectedState !RSSI_PKTCNT_FETCH uid=1000 rt=581485298/1637460771 0 0 "ourhome" f4:6d:2f:12:cc:88 rssi=-37 f=5240 sc=60 link=433 tx=67.6, 6.1, 0.0  rx=133.2 bcn=398506 [on:0 tx:0 rx:0 period:3] from screen [on:167856 period:888293] score=60
10-22 13:44:38.717  3957  4129 D WifiStateMachine: fetchRssiLinkSpeedAndFrequencyNative rssi=-37 linkspeed=433 freq=5240
10-22 13:44:38.718  3957  4129 V WifiConfigManager: Updating scan detail cache freq=5240 BSSID=f4:6d:2f:12:cc:88 RSSI=-37 for "ourhome"WPA_PSK
10-22 13:44:38.760  7276  7570 I BatteryMgr:DataCollectionService: stats => 1697975078759,-204,4310,-70,0,100
10-22 13:44:38.780  3957  4129 D WifiStateMachine:  ConnectedState !CMD_RSSI_POLL rt=581485364/1637460837 106 0 "ourhome" f4:6d:2f:12:cc:88 rssi=-37 f=5240 sc=60 link=433 tx=67.6, 6.1, 0.0  rx=133.2 bcn=398506 [on:0 tx:0 rx:0 period:65] from screen [on:167856 period:888358] score=60
10-22 13:44:38.782  3957  4129 D WifiStateMachine:  L2ConnectedState !CMD_RSSI_POLL rt=581485366/1637460839 106 0 "ourhome" f4:6d:2f:12:cc:88 rssi=-37 f=5240 sc=60 link=433 tx=67.6, 6.1, 0.0  rx=133.2 bcn=398506 [on:0 tx:0 rx:0 period:2] from screen [on:167856 period:888360] score=60
10-22 13:44:38.782  3957  4129 D WifiStateMachine:  get link layer stats 3
10-22 13:44:38.783  3436  3436 I android.hardware.wifi@1.0-service: getLinkLayerStats
10-22 13:44:38.802  3957  4129 D WifiStateMachine: fetchRssiLinkSpeedAndFrequencyNative rssi=-37 linkspeed=433 freq=5240
10-22 13:44:38.802  3957  4129 V WifiConfigManager: Updating scan detail cache freq=5240 BSSID=f4:6d:2f:12:cc:88 RSSI=-37 for "ourhome"WPA_PSK
10-22 13:44:38.807  4340  4340 E SignalClusterView: setSlotFocusVisible : subId -2
10-22 13:44:38.807  4340  4340 E SignalClusterView: setSlotFocusVisible : subId -2
10-22 13:44:38.814  3957  4128 D WifiService: getConnectionInfo uid=1000
10-22 13:44:38.867  7276  7570 I BatteryMgr:DataCollectionService: stats => 1697975078866,-204,4310,-70,0,100
10-22 13:44:38.981  7276  7570 I BatteryMgr:DataCollectionService: stats => 1697975078981,-204,4310,-70,0,100
10-22 13:44:39.076  2479  2548 D ScanRecord: Not a Multi Manu data
10-22 13:44:39.093  2479  2548 I chatty  : uid=1002(bluetooth) BT Service Call identical 37 lines
10-22 13:44:39.093  2479  2548 D ScanRecord: Not a Multi Manu data
10-22 13:44:39.093  7276  7570 I BatteryMgr:DataCollectionService: stats => 1697975079093,-204,4310,-70,0,100
10-22 13:44:39.100  2479  2548 D ScanRecord: Not a Multi Manu data
10-22 13:44:39.199  2479  2548 I chatty  : uid=1002(bluetooth) BT Service Call identical 180 lines
10-22 13:44:39.199  2479  2548 D ScanRecord: Not a Multi Manu data
10-22 13:44:39.203  7276  7570 I BatteryMgr:DataCollectionService: stats => 1697975079203,-204,4310,-70,0,100
10-22 13:44:39.206  2479  2548 D ScanRecord: Not a Multi Manu data
10-22 13:44:39.298  2479  2548 I chatty  : uid=1002(bluetooth) BT Service Call identical 141 lines
10-22 13:44:39.298  2479  2548 D ScanRecord: Not a Multi Manu data
10-22 13:44:39.314  7276  7570 I BatteryMgr:DataCollectionService: stats => 1697975079314,-204,4310,-70,0,100
10-22 13:44:39.331  2479  2548 D ScanRecord: Not a Multi Manu data
10-22 13:44:39.414  2479  2548 I chatty  : uid=1002(bluetooth) BT Service Call identical 128 lines
10-22 13:44:39.414  2479  2548 D ScanRecord: Not a Multi Manu data
10-22 13:44:39.424  7276  7570 I BatteryMgr:DataCollectionService: stats => 1697975079424,-204,4310,-70,0,100
10-22 13:44:39.432  2479  2548 D ScanRecord: Not a Multi Manu data
10-22 13:44:39.522  2479  2548 I chatty  : uid=1002(bluetooth) BT Service Call identical 115 lines
10-22 13:44:39.522  2479  2548 D ScanRecord: Not a Multi Manu data
10-22 13:44:39.535  7276  7570 I BatteryMgr:DataCollectionService: stats => 1697975079534,-204,4310,-70,0,100
10-22 13:44:39.537  2479  2548 D ScanRecord: Not a Multi Manu data
10-22 13:44:39.556  2479  2548 I chatty  : uid=1002(bluetooth) BT Service Call identical 50 lines
10-22 13:44:39.556  2479  2548 D ScanRecord: Not a Multi Manu data
10-22 13:44:39.645  7276  7570 I BatteryMgr:DataCollectionService: stats => 1697975079645,-204,4310,-70,0,100
10-22 13:44:39.715  3957  4129 D WifiStateMachine:  ConnectedState !RSSI_PKTCNT_FETCH uid=1000 rt=581486298/1637461771 0 0 "ourhome" f4:6d:2f:12:cc:88 rssi=-37 f=5240 sc=60 link=433 tx=38.0, 2.2, 0.0  rx=66.4 bcn=398536 [on:0 tx:0 rx:0 period:910] from screen [on:169189 period:889293] score=60
10-22 13:44:39.716  3957  4129 D WifiStateMachine:  L2ConnectedState !RSSI_PKTCNT_FETCH uid=1000 rt=581486301/1637461773 0 0 "ourhome" f4:6d:2f:12:cc:88 rssi=-37 f=5240 sc=60 link=433 tx=38.0, 2.2, 0.0  rx=66.4 bcn=398536 [on:0 tx:0 rx:0 period:1] from screen [on:169189 period:889294] score=60
10-22 13:44:39.724  3957  4129 D WifiStateMachine: fetchRssiLinkSpeedAndFrequencyNative rssi=-38 linkspeed=433 freq=5240
10-22 13:44:39.724  3957  4129 V WifiConfigManager: Updating scan detail cache freq=5240 BSSID=f4:6d:2f:12:cc:88 RSSI=-37 for "ourhome"WPA_PSK
10-22 13:44:39.763  7276  7570 I BatteryMgr:DataCollectionService: stats => 1697975079763,-204,4310,-70,0,100
10-22 13:44:39.817  3957  4128 D WifiService: getConnectionInfo uid=1000
10-22 13:44:39.880  7276  7570 I BatteryMgr:DataCollectionService: stats => 1697975079879,-204,4310,-70,0,100
10-22 13:44:39.965 23612 23612 D BoundBrokerSvc: onBind: Intent { act=com.google.android.gms.phenotype.service.START pkg=com.google.android.gms }
10-22 13:44:39.965 23612 23612 D BoundBrokerSvc: Loading bound service for intent: Intent { act=com.google.android.gms.phenotype.service.START pkg=com.google.android.gms }
10-22 13:44:39.995  7276  7570 I BatteryMgr:DataCollectionService: stats => 1697975079995,-204,4310,-70,0,100
10-22 13:44:40.070  4961  4961 D io_stats: !@ 179,0 r 8824953 287193196 w 2033375 40144316 d 161751 36280780 f 620843 645173 iot 4078764 3527595 th 51200 0 0 pt 0 inp 0 0 581486.655
10-22 13:44:40.104  7276  7570 I BatteryMgr:DataCollectionService: stats => 1697975080104,-204,4310,-70,0,100
10-22 13:44:40.217  7276  7570 I BatteryMgr:DataCollectionService: stats => 1697975080217,-204,4310,-70,0,100
10-22 13:44:40.220  3957  4416 E Watchdog: !@Sync 19375 [2023-10-22 13:44:40.219]
10-22 13:44:40.328  7276  7570 I BatteryMgr:DataCollectionService: stats => 1697975080328,-204,4310,-70,0,100
10-22 13:44:40.435  7276  7570 I BatteryMgr:DataCollectionService: stats => 1697975080435,-204,4310,-70,0,100
10-22 13:44:40.549  7276  7570 I BatteryMgr:DataCollectionService: stats => 1697975080549,-204,4310,-70,0,100
10-22 13:44:40.663  7276  7570 I BatteryMgr:DataCollectionService: stats => 1697975080663,-204,4310,-70,0,100
10-22 13:44:40.717  3957  4129 D WifiStateMachine:  ConnectedState !RSSI_PKTCNT_FETCH uid=1000 rt=581487301/1637462773 0 0 "ourhome" f4:6d:2f:12:cc:88 rssi=-38 f=5240 sc=60 link=433 tx=38.0, 2.2, 0.0  rx=66.4 bcn=398536 [on:0 tx:0 rx:0 period:1001] from screen [on:169189 period:890295] score=60
10-22 13:44:40.722  3957  4129 D WifiStateMachine:  L2ConnectedState !RSSI_PKTCNT_FETCH uid=1000 rt=581487303/1637462775 0 0 "ourhome" f4:6d:2f:12:cc:88 rssi=-38 f=5240 sc=60 link=433 tx=38.0, 2.2, 0.0  rx=66.4 bcn=398536 [on:0 tx:0 rx:0 period:5] from screen [on:169189 period:890300] score=60
10-22 13:44:40.731  3957  4129 D WifiStateMachine: fetchRssiLinkSpeedAndFrequencyNative rssi=-36 linkspeed=433 freq=5240
10-22 13:44:40.731  3957  4129 V WifiConfigManager: Updating scan detail cache freq=5240 BSSID=f4:6d:2f:12:cc:88 RSSI=-36 for "ourhome"WPA_PSK
10-22 13:44:40.776  7276  7570 I BatteryMgr:DataCollectionService: stats => 1697975080775,-204,4310,-70,0,100
10-22 13:44:40.819  3957  4128 D WifiService: getConnectionInfo uid=1000
10-22 13:44:40.889  7276  7570 I BatteryMgr:DataCollectionService: stats => 1697975080889,-204,4310,-70,0,100
10-22 13:44:40.999  7276  7570 I BatteryMgr:DataCollectionService: stats => 1697975080999,-204,4310,-70,0,100
10-22 13:44:41.111  7276  7570 I BatteryMgr:DataCollectionService: stats => 1697975081110,-204,4310,-70,0,100
10-22 13:44:41.226  7276  7570 I BatteryMgr:DataCollectionService: stats => 1697975081226,-204,4310,-70,0,100
10-22 13:44:41.338  7276  7570 I BatteryMgr:DataCollectionService: stats => 1697975081338,-204,4310,-70,0,100
10-22 13:44:41.450  7276  7570 I BatteryMgr:DataCollectionService: stats => 1697975081450,-204,4310,-70,0,100
10-22 13:44:41.564  7276  7570 I BatteryMgr:DataCollectionService: stats => 1697975081564,-204,4310,-70,0,100
10-22 13:44:41.681  7276  7570 I BatteryMgr:DataCollectionService: stats => 1697975081681,-204,4310,-70,0,100
10-22 13:44:41.717  3957  4129 D WifiStateMachine:  ConnectedState !RSSI_PKTCNT_FETCH uid=1000 rt=581488302/1637463774 0 0 "ourhome" f4:6d:2f:12:cc:88 rssi=-36 f=5240 sc=60 link=433 tx=38.0, 2.2, 0.0  rx=66.4 bcn=398536 [on:0 tx:0 rx:0 period:995] from screen [on:169189 period:891295] score=60
10-22 13:44:41.720  3957  4129 D WifiStateMachine:  L2ConnectedState !RSSI_PKTCNT_FETCH uid=1000 rt=581488303/1637463776 0 0 "ourhome" f4:6d:2f:12:cc:88 rssi=-36 f=5240 sc=60 link=433 tx=38.0, 2.2, 0.0  rx=66.4 bcn=398536 [on:0 tx:0 rx:0 period:2] from screen [on:169189 period:891297] score=60
10-22 13:44:41.722  3957  4129 D WifiStateMachine: fetchRssiLinkSpeedAndFrequencyNative rssi=-36 linkspeed=433 freq=5240
10-22 13:44:41.722  3957  4129 V WifiConfigManager: Updating scan detail cache freq=5240 BSSID=f4:6d:2f:12:cc:88 RSSI=-36 for "ourhome"WPA_PSK
10-22 13:44:41.791  7276  7570 I BatteryMgr:DataCollectionService: stats => 1697975081791,-204,4310,-70,0,100
10-22 13:44:41.805  3957  4129 D WifiStateMachine:  ConnectedState !CMD_RSSI_POLL rt=581488389/1637463862 106 0 "ourhome" f4:6d:2f:12:cc:88 rssi=-36 f=5240 sc=60 link=433 tx=38.0, 2.2, 0.0  rx=66.4 bcn=398536 [on:0 tx:0 rx:0 period:86] from screen [on:169189 period:891383] score=60
10-22 13:44:41.808  3957  4129 D WifiStateMachine:  L2ConnectedState !CMD_RSSI_POLL rt=581488391/1637463864 106 0 "ourhome" f4:6d:2f:12:cc:88 rssi=-36 f=5240 sc=60 link=433 tx=38.0, 2.2, 0.0  rx=66.4 bcn=398536 [on:0 tx:0 rx:0 period:3] from screen [on:169189 period:891386] score=60
10-22 13:44:41.808  3957  4129 D WifiStateMachine:  get link layer stats 3
10-22 13:44:41.808  3436  3436 I android.hardware.wifi@1.0-service: getLinkLayerStats
10-22 13:44:41.821  3957  4128 D WifiService: getConnectionInfo uid=1000
10-22 13:44:41.822  3957  4129 D WifiStateMachine: fetchRssiLinkSpeedAndFrequencyNative rssi=-36 linkspeed=433 freq=5240
10-22 13:44:41.822  3957  4129 V WifiConfigManager: Updating scan detail cache freq=5240 BSSID=f4:6d:2f:12:cc:88 RSSI=-36 for "ourhome"WPA_PSK
10-22 13:44:41.827  4340  4340 E SignalClusterView: setSlotFocusVisible : subId -2
10-22 13:44:41.828  4340  4340 E SignalClusterView: setSlotFocusVisible : subId -2
10-22 13:44:41.908  7276  7570 I BatteryMgr:DataCollectionService: stats => 1697975081907,-204,4310,-70,0,100
10-22 13:44:42.021  7276  7570 I BatteryMgr:DataCollectionService: stats => 1697975082021,-204,4310,-70,0,100
10-22 13:44:42.136  7276  7570 I BatteryMgr:DataCollectionService: stats => 1697975082136,-204,4310,-70,0,100
10-22 13:44:42.250  7276  7570 I BatteryMgr:DataCollectionService: stats => 1697975082249,-204,4310,-70,0,100
10-22 13:44:42.365  7276  7570 I BatteryMgr:DataCollectionService: stats => 1697975082365,-204,4310,-70,0,100
10-22 13:44:42.477  7276  7570 I BatteryMgr:DataCollectionService: stats => 1697975082477,-204,4310,-70,0,100
10-22 13:44:42.588  7276  7570 I BatteryMgr:DataCollectionService: stats => 1697975082587,-204,4310,-70,0,100
10-22 13:44:42.701  7276  7570 I BatteryMgr:DataCollectionService: stats => 1697975082701,-204,4310,-70,0,100
10-22 13:44:42.720  3957  4129 D WifiStateMachine:  ConnectedState !RSSI_PKTCNT_FETCH uid=1000 rt=581489304/1637464776 0 0 "ourhome" f4:6d:2f:12:cc:88 rssi=-36 f=5240 sc=60 link=433 tx=13.9, 0.8, 0.0  rx=28.1 bcn=398564 [on:0 tx:0 rx:0 period:893] from screen [on:169472 period:892298] score=60
10-22 13:44:42.722  3957  4129 D WifiStateMachine:  L2ConnectedState !RSSI_PKTCNT_FETCH uid=1000 rt=581489306/1637464778 0 0 "ourhome" f4:6d:2f:12:cc:88 rssi=-36 f=5240 sc=60 link=433 tx=13.9, 0.8, 0.0  rx=28.1 bcn=398564 [on:0 tx:0 rx:0 period:2] from screen [on:169472 period:892300] score=60
10-22 13:44:42.728  3957  4129 D WifiStateMachine: fetchRssiLinkSpeedAndFrequencyNative rssi=-37 linkspeed=433 freq=5240
10-22 13:44:42.729  3957  4129 V WifiConfigManager: Updating scan detail cache freq=5240 BSSID=f4:6d:2f:12:cc:88 RSSI=-36 for "ourhome"WPA_PSK
10-22 13:44:42.810  7276  7570 I BatteryMgr:DataCollectionService: stats => 1697975082810,-204,4310,-70,0,100
10-22 13:44:42.824  3957  4128 D WifiService: getConnectionInfo uid=1000
10-22 13:44:42.925  7276  7570 I BatteryMgr:DataCollectionService: stats => 1697975082924,-204,4310,-70,0,100
10-22 13:44:42.933  3957  6478 D SSRM:k  : SIOP:: AP = 350, PST = 331 (W:24), BAT = 248, USB = 0, CHG = 0
10-22 13:44:43.036  7276  7570 I BatteryMgr:DataCollectionService: stats => 1697975083036,-204,4310,-70,0,100
10-22 13:44:43.122  7749  7784 I Finsky  : [20068] wsb.h(14): Triggered update for experiment package com.google.android.finsky.stable.
10-22 13:44:43.137  7749  7811 I Finsky  : [20088] key.run(956): Initializing the instant apps module.
10-22 13:44:43.148  7276  7570 I BatteryMgr:DataCollectionService: stats => 1697975083148,-204,4310,-70,0,100
10-22 13:44:43.227  7276  7287 I zygote64: Background concurrent copying GC freed 15620(1045KB) AllocSpace objects, 0(0B) LOS objects, 66% free, 757KB/2MB, paused 16.301ms total 81.222ms
10-22 13:44:43.282  7276  7570 I BatteryMgr:DataCollectionService: stats => 1697975083282,-204,4310,-70,0,100
10-22 13:44:43.348  7749  7784 I Finsky  : [20068] wsb.h(68): Already at the latest configurations for experiment package com.google.android.finsky.stable.
10-22 13:44:43.355  7749  7785 I Finsky  : [20069] wsb.h(14): Triggered update for experiment package com.google.android.finsky.regular.
10-22 13:44:43.389  7276  7570 I BatteryMgr:DataCollectionService: stats => 1697975083389,-204,4310,-70,0,100
10-22 13:44:43.485  7749  7811 I zygote64: Rejecting re-init on previously-failed class java.lang.Class<eyo>: java.lang.NoClassDefFoundError: Failed resolution of: Landroid/view/translation/ViewTranslationCallback;
10-22 13:44:43.485  7749  7811 I zygote64:   at java.lang.Class java.lang.Class.classForName(java.lang.String, boolean, java.lang.ClassLoader) (Class.java:-2)
10-22 13:44:43.485  7749  7811 I zygote64:   at java.lang.Class java.lang.Class.forName(java.lang.String, boolean, java.lang.ClassLoader) (Class.java:453)
10-22 13:44:43.485  7749  7811 I zygote64:   at java.lang.Class java.lang.Class.forName(java.lang.String) (Class.java:378)
10-22 13:44:43.485  7749  7811 I zygote64:   at void yde.d() (PG:2888)
10-22 13:44:43.485  7749  7811 I zygote64:   at void yde.a() (PG:19)
10-22 13:44:43.485  7749  7811 I zygote64:   at void jkv.run() (PG:39)
10-22 13:44:43.485  7749  7811 I zygote64:   at void java.util.concurrent.ThreadPoolExecutor.runWorker(java.util.concurrent.ThreadPoolExecutor$Worker) (ThreadPoolExecutor.java:1162)
10-22 13:44:43.485  7749  7811 I zygote64:   at void java.util.concurrent.ThreadPoolExecutor$Worker.run() (ThreadPoolExecutor.java:636)
10-22 13:44:43.485  7749  7811 I zygote64:   at void noc.run() (PG:86)
10-22 13:44:43.485  7749  7811 I zygote64:   at void java.lang.Thread.run() (Thread.java:764)
10-22 13:44:43.485  7749  7811 I zygote64: Caused by: java.lang.ClassNotFoundException: Didn't find class "android.view.translation.ViewTranslationCallback" on path: DexPathList[[zip file "/data/app/com.android.vending-hPcCrQG-AfN-9-S7PUJzHA==/base.apk", zip file "/data/app/com.android.vending-hPcCrQG-AfN-9-S7PUJzHA==/split_config.arm64_v8a.apk", zip file "/data/app/com.android.vending-hPcCrQG-AfN-9-S7PUJzHA==/split_config.en.apk"],nativeLibraryDirectories=[/data/app/com.android.vending-hPcCrQG-AfN-9-S7PUJzHA==/lib/arm64, /data/app/com.android.vending-hPcCrQG-AfN-9-S7PUJzHA==/base.apk!/lib/arm64-v8a, /data/app/com.android.vending-hPcCrQG-AfN-9-S7PUJzHA==/split_config.arm64_v8a.apk!/lib/arm64-v8a, /data/app/com.android.vending-hPcCrQG-AfN-9-S7PUJzHA==/split_config.en.apk!/lib/arm64-v8a, /system/lib64, /vendor/lib64]]
10-22 13:44:43.485  7749  7811 I zygote64:   at java.lang.Class dalvik.system.BaseDexClassLoader.findClass(java.lang.String) (BaseDexClassLoader.java:93)
10-22 13:44:43.485  7749  7811 I zygote64:   at java.lang.Class java.lang.ClassLoader.loadClass(java.lang.String, boolean) (ClassLoader.java:379)
10-22 13:44:43.485  7749  7811 I zygote64:   at java.lang.Class java.lang.ClassLoader.loadClass(java.lang.String) (ClassLoader.java:312)
10-22 13:44:43.485  7749  7811 I zygote64:   at java.lang.Class java.lang.Class.classForName(java.lang.String, boolean, java.lang.ClassLoader) (Class.java:-2)
10-22 13:44:43.485  7749  7811 I zygote64:   at java.lang.Class java.lang.Class.forName(java.lang.String, boolean, java.lang.ClassLoader) (Class.java:453)
10-22 13:44:43.485  7749  7811 I zygote64:   at java.lang.Class java.lang.Class.forName(java.lang.String) (Class.java:378)
10-22 13:44:43.485  7749  7811 I zygote64:   at void yde.d() (PG:2888)
10-22 13:44:43.485  7749  7811 I zygote64:   at void yde.a() (PG:19)
10-22 13:44:43.485  7749  7811 I zygote64:   at void jkv.run() (PG:39)
10-22 13:44:43.485  7749  7811 I zygote64:   at void java.util.concurrent.ThreadPoolExecutor.runWorker(java.util.concurrent.ThreadPoolExecutor$Worker) (ThreadPoolExecutor.java:1162)
10-22 13:44:43.485  7749  7811 I zygote64:   at void java.util.concurrent.ThreadPoolExecutor$Worker.run() (ThreadPoolExecutor.java:636)
10-22 13:44:43.485  7749  7811 I zygote64:   at void noc.run() (PG:86)
10-22 13:44:43.485  7749  7811 I zygote64:   at void java.lang.Thread.run() (Thread.java:764)
10-22 13:44:43.485  7749  7811 I zygote64: 
10-22 13:44:43.486  7749  7785 I Finsky  : [20069] wsb.h(68): Already at the latest configurations for experiment package com.google.android.finsky.regular.
10-22 13:44:43.487  7749  7824 I Finsky  : [20095] wsb.h(14): Triggered update for experiment package com.google.android.finsky.regular.
10-22 13:44:43.487  7749  7811 I zygote64: Rejecting re-init on previously-failed class java.lang.Class<eyo>: java.lang.NoClassDefFoundError: Failed resolution of: Landroid/view/translation/ViewTranslationCallback;
10-22 13:44:43.488  7749  7811 I zygote64:   at java.lang.Class java.lang.Class.classForName(java.lang.String, boolean, java.lang.ClassLoader) (Class.java:-2)
10-22 13:44:43.488  7749  7811 I zygote64:   at java.lang.Class java.lang.Class.forName(java.lang.String, boolean, java.lang.ClassLoader) (Class.java:453)
10-22 13:44:43.488  7749  7811 I zygote64:   at java.lang.Class java.lang.Class.forName(java.lang.String) (Class.java:378)
10-22 13:44:43.488  7749  7811 I zygote64:   at void yde.d() (PG:2888)
10-22 13:44:43.488  7749  7811 I zygote64:   at void yde.a() (PG:19)
10-22 13:44:43.488  7749  7811 I zygote64:   at void jkv.run() (PG:39)
10-22 13:44:43.488  7749  7811 I zygote64:   at void java.util.concurrent.ThreadPoolExecutor.runWorker(java.util.concurrent.ThreadPoolExecutor$Worker) (ThreadPoolExecutor.java:1162)
10-22 13:44:43.488  7749  7811 I zygote64:   at void java.util.concurrent.ThreadPoolExecutor$Worker.run() (ThreadPoolExecutor.java:636)
10-22 13:44:43.488  7749  7811 I zygote64:   at void noc.run() (PG:86)
10-22 13:44:43.488  7749  7811 I zygote64:   at void java.lang.Thread.run() (Thread.java:764)
10-22 13:44:43.488  7749  7811 I zygote64: Caused by: java.lang.ClassNotFoundException: Didn't find class "android.view.translation.ViewTranslationCallback" on path: DexPathList[[zip file "/data/app/com.android.vending-hPcCrQG-AfN-9-S7PUJzHA==/base.apk", zip file "/data/app/com.android.vending-hPcCrQG-AfN-9-S7PUJzHA==/split_config.arm64_v8a.apk", zip file "/data/app/com.android.vending-hPcCrQG-AfN-9-S7PUJzHA==/split_config.en.apk"],nativeLibraryDirectories=[/data/app/com.android.vending-hPcCrQG-AfN-9-S7PUJzHA==/lib/arm64, /data/app/com.android.vending-hPcCrQG-AfN-9-S7PUJzHA==/base.apk!/lib/arm64-v8a, /data/app/com.android.vending-hPcCrQG-AfN-9-S7PUJzHA==/split_config.arm64_v8a.apk!/lib/arm64-v8a, /data/app/com.android.vending-hPcCrQG-AfN-9-S7PUJzHA==/split_config.en.apk!/lib/arm64-v8a, /system/lib64, /vendor/lib64]]
10-22 13:44:43.488  7749  7811 I zygote64:   at java.lang.Class dalvik.system.BaseDexClassLoader.findClass(java.lang.String) (BaseDexClassLoader.java:93)
10-22 13:44:43.488  7749  7811 I zygote64:   at java.lang.Class java.lang.ClassLoader.loadClass(java.lang.String, boolean) (ClassLoader.java:379)
10-22 13:44:43.488  7749  7811 I zygote64:   at java.lang.Class java.lang.ClassLoader.loadClass(java.lang.String) (ClassLoader.java:312)
10-22 13:44:43.488  7749  7811 I zygote64:   at java.lang.Class java.lang.Class.classForName(java.lang.String, boolean, java.lang.ClassLoader) (Class.java:-2)
10-22 13:44:43.488  7749  7811 I zygote64:   at java.lang.Class java.lang.Class.forName(java.lang.String, boolean, java.lang.ClassLoader) (Class.java:453)
10-22 13:44:43.488  7749  7811 I zygote64:   at java.lang.Class java.lang.Class.forName(java.lang.String) (Class.java:378)
10-22 13:44:43.488  7749  7811 I zygote64:   at void yde.d() (PG:2888)
10-22 13:44:43.488  7749  7811 I zygote64:   at void yde.a() (PG:19)
10-22 13:44:43.488  7749  7811 I zygote64:   at void jkv.run() (PG:39)
10-22 13:44:43.488  7749  7811 I zygote64:   at void java.util.concurrent.ThreadPoolExecutor.runWorker(java.util.concurrent.ThreadPoolExecutor$Worker) (ThreadPoolExecutor.java:1162)
10-22 13:44:43.488  7749  7811 I zygote64:   at void java.util.concurrent.ThreadPoolExecutor$Worker.run() (ThreadPoolExecutor.java:636)
10-22 13:44:43.488  7749  7811 I zygote64:   at void noc.run() (PG:86)
10-22 13:44:43.488  7749  7811 I zygote64:   at void java.lang.Thread.run() (Thread.java:764)
10-22 13:44:43.488  7749  7811 I zygote64: 
10-22 13:44:43.489  7749  7811 I zygote64: Rejecting re-init on previously-failed class java.lang.Class<eyo>: java.lang.NoClassDefFoundError: Failed resolution of: Landroid/view/translation/ViewTranslationCallback;
10-22 13:44:43.490  7749  7811 I zygote64:   at java.lang.Class java.lang.Class.classForName(java.lang.String, boolean, java.lang.ClassLoader) (Class.java:-2)
10-22 13:44:43.490  7749  7811 I zygote64:   at java.lang.Class java.lang.Class.forName(java.lang.String, boolean, java.lang.ClassLoader) (Class.java:453)
10-22 13:44:43.490  7749  7811 I zygote64:   at java.lang.Class java.lang.Class.forName(java.lang.String) (Class.java:378)
10-22 13:44:43.490  7749  7811 I zygote64:   at void yde.d() (PG:2888)
10-22 13:44:43.490  7749  7811 I zygote64:   at void yde.a() (PG:19)
10-22 13:44:43.490  7749  7811 I zygote64:   at void jkv.run() (PG:39)
10-22 13:44:43.490  7749  7811 I zygote64:   at void java.util.concurrent.ThreadPoolExecutor.runWorker(java.util.concurrent.ThreadPoolExecutor$Worker) (ThreadPoolExecutor.java:1162)
10-22 13:44:43.490  7749  7811 I zygote64:   at void java.util.concurrent.ThreadPoolExecutor$Worker.run() (ThreadPoolExecutor.java:636)
10-22 13:44:43.490  7749  7811 I zygote64:   at void noc.run() (PG:86)
10-22 13:44:43.490  7749  7811 I zygote64:   at void java.lang.Thread.run() (Thread.java:764)
10-22 13:44:43.490  7749  7811 I zygote64: Caused by: java.lang.ClassNotFoundException: Didn't find class "android.view.translation.ViewTranslationCallback" on path: DexPathList[[zip file "/data/app/com.android.vending-hPcCrQG-AfN-9-S7PUJzHA==/base.apk", zip file "/data/app/com.android.vending-hPcCrQG-AfN-9-S7PUJzHA==/split_config.arm64_v8a.apk", zip file "/data/app/com.android.vending-hPcCrQG-AfN-9-S7PUJzHA==/split_config.en.apk"],nativeLibraryDirectories=[/data/app/com.android.vending-hPcCrQG-AfN-9-S7PUJzHA==/lib/arm64, /data/app/com.android.vending-hPcCrQG-AfN-9-S7PUJzHA==/base.apk!/lib/arm64-v8a, /data/app/com.android.vending-hPcCrQG-AfN-9-S7PUJzHA==/split_config.arm64_v8a.apk!/lib/arm64-v8a, /data/app/com.android.vending-hPcCrQG-AfN-9-S7PUJzHA==/split_config.en.apk!/lib/arm64-v8a, /system/lib64, /vendor/lib64]]
10-22 13:44:43.490  7749  7811 I zygote64:   at java.lang.Class dalvik.system.BaseDexClassLoader.findClass(java.lang.String) (BaseDexClassLoader.java:93)
10-22 13:44:43.490  7749  7811 I zygote64:   at java.lang.Class java.lang.ClassLoader.loadClass(java.lang.String, boolean) (ClassLoader.java:379)
10-22 13:44:43.490  7749  7811 I zygote64:   at java.lang.Class java.lang.ClassLoader.loadClass(java.lang.String) (ClassLoader.java:312)
10-22 13:44:43.490  7749  7811 I zygote64:   at java.lang.Class java.lang.Class.classForName(java.lang.String, boolean, java.lang.ClassLoader) (Class.java:-2)
10-22 13:44:43.490  7749  7811 I zygote64:   at java.lang.Class java.lang.Class.forName(java.lang.String, boolean, java.lang.ClassLoader) (Class.java:453)
10-22 13:44:43.490  7749  7811 I zygote64:   at java.lang.Class java.lang.Class.forName(java.lang.String) (Class.java:378)
10-22 13:44:43.490  7749  7811 I zygote64:   at void yde.d() (PG:2888)
10-22 13:44:43.490  7749  7811 I zygote64:   at void yde.a() (PG:19)
10-22 13:44:43.490  7749  7811 I zygote64:   at void jkv.run() (PG:39)
10-22 13:44:43.490  7749  7811 I zygote64:   at void java.util.concurrent.ThreadPoolExecutor.runWorker(java.util.concurrent.ThreadPoolExecutor$Worker) (ThreadPoolExecutor.java:1162)
10-22 13:44:43.490  7749  7811 I zygote64:   at void java.util.concurrent.ThreadPoolExecutor$Worker.run() (ThreadPoolExecutor.java:636)
10-22 13:44:43.490  7749  7811 I zygote64:   at void noc.run() (PG:86)
10-22 13:44:43.490  7749  7811 I zygote64:   at void java.lang.Thread.run() (Thread.java:764)
10-22 13:44:43.490  7749  7811 I zygote64: 
10-22 13:44:43.499  7749  7910 I Finsky  : [20142] ohn.run(45): Wrote row to frosting DB: 2277
10-22 13:44:43.500  7276  7570 I BatteryMgr:DataCollectionService: stats => 1697975083500,-204,4310,-70,0,100
10-22 13:44:43.560  7749  7824 I Finsky  : [20095] wsb.h(68): Already at the latest configurations for experiment package com.google.android.finsky.regular.
10-22 13:44:43.608  7276  7570 I BatteryMgr:DataCollectionService: stats => 1697975083608,-204,4310,-70,0,100
10-22 13:44:43.715  7276  7570 I BatteryMgr:DataCollectionService: stats => 1697975083715,-204,4310,-70,0,100
10-22 13:44:43.721  3957  4129 D WifiStateMachine:  ConnectedState !RSSI_PKTCNT_FETCH uid=1000 rt=581490306/1637465778 0 0 "ourhome" f4:6d:2f:12:cc:88 rssi=-37 f=5240 sc=60 link=433 tx=13.9, 0.8, 0.0  rx=28.1 bcn=398564 [on:0 tx:0 rx:0 period:999] from screen [on:169472 period:893299] score=60
10-22 13:44:43.722  3957  4129 D WifiStateMachine:  L2ConnectedState !RSSI_PKTCNT_FETCH uid=1000 rt=581490307/1637465779 0 0 "ourhome" f4:6d:2f:12:cc:88 rssi=-37 f=5240 sc=60 link=433 tx=13.9, 0.8, 0.0  rx=28.1 bcn=398564 [on:0 tx:0 rx:0 period:1] from screen [on:169472 period:893300] score=60
10-22 13:44:43.726  7749  7811 W Finsky  : [20088] yde.a(61): PreloadClasses: Unable to load [androidx.compose.ui.platform.WindowRecomposerFactory$Companion$LifecycleAware$1, androidx.compose.runtime.snapshots.Snapshot$Companion$registerApplyObserver$2, androidx.compose.ui.platform.WrapperVerificationHelperMethods, androidx.compose.ui.platform.DisposableSaveableStateRegistry_androidKt$DisposableSaveableStateRegistry$registered$1, androidx.compose.animation.core.EasingKt$LinearEasing$1, androidx.compose.foundation.layout.BoxKt$boxMeasurePolicy$1$measure$2, androidx.compose.animation.core.Transition$updateTarget$2, androidx.compose.material.TextKt$Text$1, androidx.compose.ui.layout.SubcomposeLayoutKt$SubcomposeLayout$$inlined$ComposeNode$1, androidx.compose.foundation.layout.BoxKt$EmptyBoxMeasurePolicy$1$measure$1]
10-22 13:44:43.728  3957  4129 D WifiStateMachine: fetchRssiLinkSpeedAndFrequencyNative rssi=-36 linkspeed=433 freq=5240
10-22 13:44:43.728  3957  4129 V WifiConfigManager: Updating scan detail cache freq=5240 BSSID=f4:6d:2f:12:cc:88 RSSI=-36 for "ourhome"WPA_PSK
10-22 13:44:43.768  3957  5414 D PackageManager: setEnabledSetting : userId = 0 packageName = com.android.vending cmp = com.google.android.finsky.wearsupport.WearSupportService newState = 2 callingPackage = 10044/com.android.vending
10-22 13:44:43.769  7749  7796 I Finsky  : [20079] key.run(666): Component class com.google.android.finsky.wearsupport.WearSupportService disabled via PackageManager.
10-22 13:44:43.770  3957  5414 D PackageManager: setEnabledSetting : userId = 0 packageName = com.android.vending cmp = com.google.android.finsky.wearsupport.WearChangeListenerService newState = 2 callingPackage = 10044/com.android.vending
10-22 13:44:43.771  7749  7796 I Finsky  : [20079] key.run(666): Component class com.google.android.finsky.wearsupport.WearChangeListenerService disabled via PackageManager.
10-22 13:44:43.826  3957  4128 D WifiService: getConnectionInfo uid=1000
10-22 13:44:43.830  7276  7570 I BatteryMgr:DataCollectionService: stats => 1697975083830,-204,4310,-70,0,100
10-22 13:44:43.943  7276  7570 I BatteryMgr:DataCollectionService: stats => 1697975083943,-204,4310,-70,0,100
10-22 13:44:44.072  7276  7570 I BatteryMgr:DataCollectionService: stats => 1697975084072,-204,4310,-70,0,100
10-22 13:44:44.095  2479  2548 D ScanRecord: Not a Multi Manu data
10-22 13:44:44.142  2479  2548 I chatty  : uid=1002(bluetooth) BT Service Call identical 76 lines
10-22 13:44:44.142  2479  2548 D ScanRecord: Not a Multi Manu data
10-22 13:44:44.191  7276  7570 I BatteryMgr:DataCollectionService: stats => 1697975084191,-204,4310,-70,0,100
10-22 13:44:44.204  2479  2548 D ScanRecord: Not a Multi Manu data
10-22 13:44:44.303  2479  2548 I chatty  : uid=1002(bluetooth) BT Service Call identical 76 lines
10-22 13:44:44.303  2479  2548 D ScanRecord: Not a Multi Manu data
10-22 13:44:44.308  7276  7570 I BatteryMgr:DataCollectionService: stats => 1697975084308,97,4310,72,0,100
10-22 13:44:44.311  2479  2548 D ScanRecord: Not a Multi Manu data
10-22 13:44:44.412  2479  2548 I chatty  : uid=1002(bluetooth) BT Service Call identical 154 lines
10-22 13:44:44.412  2479  2548 D ScanRecord: Not a Multi Manu data
10-22 13:44:44.419  7276  7570 I BatteryMgr:DataCollectionService: stats => 1697975084419,97,4310,72,0,100
10-22 13:44:44.432  2479  2548 D ScanRecord: Not a Multi Manu data
10-22 13:44:44.522  2479  2548 I chatty  : uid=1002(bluetooth) BT Service Call identical 128 lines
10-22 13:44:44.522  2479  2548 D ScanRecord: Not a Multi Manu data
10-22 13:44:44.530  7276  7570 I BatteryMgr:DataCollectionService: stats => 1697975084530,97,4310,72,0,100
10-22 13:44:44.535  2479  2548 D ScanRecord: Not a Multi Manu data
10-22 13:44:44.562  2479  2548 I chatty  : uid=1002(bluetooth) BT Service Call identical 50 lines
10-22 13:44:44.562  2479  2548 D ScanRecord: Not a Multi Manu data
10-22 13:44:44.643  7276  7570 I BatteryMgr:DataCollectionService: stats => 1697975084643,97,4310,72,0,100
10-22 13:44:44.724  3957  4129 D WifiStateMachine:  ConnectedState !RSSI_PKTCNT_FETCH uid=1000 rt=581491306/1637466779 0 0 "ourhome" f4:6d:2f:12:cc:88 rssi=-36 f=5240 sc=60 link=433 tx=13.9, 0.8, 0.0  rx=28.1 bcn=398564 [on:0 tx:0 rx:0 period:1001] from screen [on:169472 period:894301] score=60
10-22 13:44:44.727  3957  4129 D WifiStateMachine:  L2ConnectedState !RSSI_PKTCNT_FETCH uid=1000 rt=581491310/1637466783 0 0 "ourhome" f4:6d:2f:12:cc:88 rssi=-36 f=5240 sc=60 link=433 tx=13.9, 0.8, 0.0  rx=28.1 bcn=398564 [on:0 tx:0 rx:0 period:4] from screen [on:169472 period:894305] score=60
10-22 13:44:44.734  3957  4129 D WifiStateMachine: fetchRssiLinkSpeedAndFrequencyNative rssi=-36 linkspeed=433 freq=5240
10-22 13:44:44.734  3957  4129 V WifiConfigManager: Updating scan detail cache freq=5240 BSSID=f4:6d:2f:12:cc:88 RSSI=-36 for "ourhome"WPA_PSK
