10-22 13:52:38.391  3957  4129 D WifiStateMachine:  ConnectedState !RSSI_PKTCNT_FETCH uid=1000 rt=581964975/1637940448 0 0 "ourhome" f4:6d:2f:12:cc:88 rssi=-36 f=5240 sc=60 link=433 tx=3.3, 0.0, 0.0  rx=9.1 bcn=402957 [on:0 tx:0 rx:0 period:997] from screen [on:245290 period:1367969] score=60
10-22 13:52:38.393  3957  4129 D WifiStateMachine:  L2ConnectedState !RSSI_PKTCNT_FETCH uid=1000 rt=581964977/1637940450 0 0 "ourhome" f4:6d:2f:12:cc:88 rssi=-36 f=5240 sc=60 link=433 tx=3.3, 0.0, 0.0  rx=9.1 bcn=402957 [on:0 tx:0 rx:0 period:2] from screen [on:245290 period:1367971] score=60
10-22 13:52:38.398  3957  4129 D WifiStateMachine: fetchRssiLinkSpeedAndFrequencyNative rssi=-39 linkspeed=433 freq=5240
10-22 13:52:38.399  3957  4129 V WifiConfigManager: Updating scan detail cache freq=5240 BSSID=f4:6d:2f:12:cc:88 RSSI=-37 for "ourhome"WPA_PSK
10-22 13:52:38.484  8283  8578 I BatteryMgr:DataCollectionService: stats => 1697975558483,177,4310,145,0,100
10-22 13:52:38.592  8283  8578 I BatteryMgr:DataCollectionService: stats => 1697975558592,177,4310,145,0,100
10-22 13:52:38.702  8283  8578 I BatteryMgr:DataCollectionService: stats => 1697975558702,177,4310,145,0,100
10-22 13:52:38.810  8283  8578 I BatteryMgr:DataCollectionService: stats => 1697975558810,177,4310,145,0,100
10-22 13:52:38.920  8283  8578 I BatteryMgr:DataCollectionService: stats => 1697975558920,177,4310,145,0,100
10-22 13:52:39.029  8283  8578 I BatteryMgr:DataCollectionService: stats => 1697975559029,177,4310,145,0,100
10-22 13:52:39.076  3957  4129 D WifiStateMachine:  ConnectedState !CMD_RSSI_POLL rt=581965660/1637941132 106 0 "ourhome" f4:6d:2f:12:cc:88 rssi=-39 f=5240 sc=60 link=433 tx=3.3, 0.0, 0.0  rx=9.1 bcn=402957 [on:0 tx:0 rx:0 period:683] from screen [on:245290 period:1368654] score=60
10-22 13:52:39.077  3957  4129 D WifiStateMachine:  L2ConnectedState !CMD_RSSI_POLL rt=581965662/1637941134 106 0 "ourhome" f4:6d:2f:12:cc:88 rssi=-39 f=5240 sc=60 link=433 tx=3.3, 0.0, 0.0  rx=9.1 bcn=402957 [on:0 tx:0 rx:0 period:1] from screen [on:245290 period:1368655] score=60
10-22 13:52:39.077  3957  4129 D WifiStateMachine:  get link layer stats 3
10-22 13:52:39.078  3436  3436 I android.hardware.wifi@1.0-service: getLinkLayerStats
10-22 13:52:39.083  3957  4129 D WifiStateMachine: fetchRssiLinkSpeedAndFrequencyNative rssi=-36 linkspeed=433 freq=5240
10-22 13:52:39.083  3957  4129 V WifiConfigManager: Updating scan detail cache freq=5240 BSSID=f4:6d:2f:12:cc:88 RSSI=-36 for "ourhome"WPA_PSK
10-22 13:52:39.084  2479  2548 D ScanRecord: Not a Multi Manu data
10-22 13:52:39.084  2479  2548 I chatty  : uid=1002(bluetooth) BT Service Call identical 11 lines
10-22 13:52:39.084  2479  2548 D ScanRecord: Not a Multi Manu data
10-22 13:52:39.086  4340  4340 E SignalClusterView: setSlotFocusVisible : subId -2
10-22 13:52:39.086  4340  4340 E SignalClusterView: setSlotFocusVisible : subId -2
10-22 13:52:39.094  2479  2548 D ScanRecord: Not a Multi Manu data
10-22 13:52:39.129  2479  2548 I chatty  : uid=1002(bluetooth) BT Service Call identical 89 lines
10-22 13:52:39.129  2479  2548 D ScanRecord: Not a Multi Manu data
10-22 13:52:39.129  3957  4128 D WifiService: getConnectionInfo uid=1000
10-22 13:52:39.133  2479  2548 D ScanRecord: Not a Multi Manu data
10-22 13:52:39.133  2479  2548 I chatty  : uid=1002(bluetooth) BT Service Call identical 11 lines
10-22 13:52:39.133  2479  2548 D ScanRecord: Not a Multi Manu data
10-22 13:52:39.139  8283  8578 I BatteryMgr:DataCollectionService: stats => 1697975559138,177,4310,145,0,100
10-22 13:52:39.140  2479  2548 D ScanRecord: Not a Multi Manu data
10-22 13:52:39.165  2479  2548 I chatty  : uid=1002(bluetooth) BT Service Call identical 37 lines
10-22 13:52:39.165  2479  2548 D ScanRecord: Not a Multi Manu data
10-22 13:52:39.185  2479  2548 D ScanRecord: same manuId data exists, combine both data and store
10-22 13:52:39.185  2479  2548 D ScanRecord: It's a Multi Manu data
10-22 13:52:39.185  2479  2548 I chatty  : uid=1002(bluetooth) BT Service Call identical 9 lines
10-22 13:52:39.185  2479  2548 D ScanRecord: It's a Multi Manu data
10-22 13:52:39.185  2479  2548 D ScanRecord: same manuId data exists, combine both data and store
10-22 13:52:39.185  2479  2548 D ScanRecord: same manuId data exists, combine both data and store
10-22 13:52:39.185  2479  2548 D ScanRecord: It's a Multi Manu data
10-22 13:52:39.185  2479  2548 D ScanFilter: manu data matches
10-22 13:52:39.185  2479  2548 D BtGatt.GattService: onScanResult to scannerId: 6- event_type=0x1b, address_type=1, address=4E:0, primary_phy=1, secondary_phy=0, advertising_sid=0xff, tx_power=127, rssi=-63, periodic_adv_int=0x0
10-22 13:52:39.186 23612  3015 D ScanRecord: same manuId data exists, combine both data and store
10-22 13:52:39.193  2479  2548 D ScanRecord: Not a Multi Manu data
10-22 13:52:39.242  2479  2548 I chatty  : uid=1002(bluetooth) BT Service Call identical 76 lines
10-22 13:52:39.242  2479  2548 D ScanRecord: Not a Multi Manu data
10-22 13:52:39.246  8283  8578 I BatteryMgr:DataCollectionService: stats => 1697975559246,177,4310,145,0,100
10-22 13:52:39.281  2479  2548 D ScanRecord: Not a Multi Manu data
10-22 13:52:39.352  2479  2548 I chatty  : uid=1002(bluetooth) BT Service Call identical 115 lines
10-22 13:52:39.352  2479  2548 D ScanRecord: Not a Multi Manu data
10-22 13:52:39.355  8283  8578 I BatteryMgr:DataCollectionService: stats => 1697975559355,177,4310,145,0,100
10-22 13:52:39.358  2479  2548 D ScanRecord: Not a Multi Manu data
10-22 13:52:39.358  2479  2548 I chatty  : uid=1002(bluetooth) BT Service Call identical 11 lines
10-22 13:52:39.359  2479  2548 D ScanRecord: Not a Multi Manu data
10-22 13:52:39.372  2479  2548 D ScanRecord: same manuId data exists, combine both data and store
10-22 13:52:39.372  2479  2548 D ScanRecord: It's a Multi Manu data
10-22 13:52:39.372  2479  2548 I chatty  : uid=1002(bluetooth) BT Service Call identical 9 lines
10-22 13:52:39.372  2479  2548 D ScanRecord: It's a Multi Manu data
10-22 13:52:39.372  2479  2548 D ScanRecord: same manuId data exists, combine both data and store
10-22 13:52:39.373  2479  2548 D ScanRecord: same manuId data exists, combine both data and store
10-22 13:52:39.373  2479  2548 D ScanRecord: It's a Multi Manu data
10-22 13:52:39.373  2479  2548 D ScanFilter: manu data matches
10-22 13:52:39.373  2479  2548 D BtGatt.GattService: onScanResult to scannerId: 6- event_type=0x1b, address_type=1, address=4E:0, primary_phy=1, secondary_phy=0, advertising_sid=0xff, tx_power=127, rssi=-63, periodic_adv_int=0x0
10-22 13:52:39.374 23612  3015 D ScanRecord: same manuId data exists, combine both data and store
10-22 13:52:39.391  3957  4129 D WifiStateMachine:  ConnectedState !RSSI_PKTCNT_FETCH uid=1000 rt=581965975/1637941447 0 0 "ourhome" f4:6d:2f:12:cc:88 rssi=-36 f=5240 sc=60 link=433 tx=1.8, 0.0, 0.0  rx=5.2 bcn=402981 [on:0 tx:0 rx:0 period:305] from screen [on:245825 period:1368969] score=60
10-22 13:52:39.392  2479  2548 D ScanRecord: Not a Multi Manu data
10-22 13:52:39.392  2479  2548 I chatty  : uid=1002(bluetooth) BT Service Call identical 11 lines
10-22 13:52:39.392  2479  2548 D ScanRecord: Not a Multi Manu data
10-22 13:52:39.393  3957  4129 D WifiStateMachine:  L2ConnectedState !RSSI_PKTCNT_FETCH uid=1000 rt=581965977/1637941449 0 0 "ourhome" f4:6d:2f:12:cc:88 rssi=-36 f=5240 sc=60 link=433 tx=1.8, 0.0, 0.0  rx=5.2 bcn=402981 [on:0 tx:0 rx:0 period:2] from screen [on:245825 period:1368971] score=60
10-22 13:52:39.397  3957  4129 D WifiStateMachine: fetchRssiLinkSpeedAndFrequencyNative rssi=-36 linkspeed=433 freq=5240
10-22 13:52:39.397  3957  4129 V WifiConfigManager: Updating scan detail cache freq=5240 BSSID=f4:6d:2f:12:cc:88 RSSI=-36 for "ourhome"WPA_PSK
10-22 13:52:39.403  2479  2548 D ScanRecord: Not a Multi Manu data
10-22 13:52:39.458  2479  2548 I chatty  : uid=1002(bluetooth) BT Service Call identical 115 lines
10-22 13:52:39.458  2479  2548 D ScanRecord: Not a Multi Manu data
10-22 13:52:39.463  8283  8578 I BatteryMgr:DataCollectionService: stats => 1697975559462,177,4310,145,0,100
10-22 13:52:39.470  2479  2548 D ScanRecord: Not a Multi Manu data
10-22 13:52:39.556  2479  2548 I chatty  : uid=1002(bluetooth) BT Service Call identical 76 lines
10-22 13:52:39.556  2479  2548 D ScanRecord: Not a Multi Manu data
10-22 13:52:39.566  2479  2548 D ScanRecord: same manuId data exists, combine both data and store
10-22 13:52:39.566  2479  2548 D ScanRecord: It's a Multi Manu data
10-22 13:52:39.566  2479  2548 I chatty  : uid=1002(bluetooth) BT Service Call identical 9 lines
10-22 13:52:39.566  2479  2548 D ScanRecord: It's a Multi Manu data
10-22 13:52:39.566  2479  2548 D ScanRecord: same manuId data exists, combine both data and store
10-22 13:52:39.567  2479  2548 D ScanRecord: same manuId data exists, combine both data and store
10-22 13:52:39.567  2479  2548 D ScanRecord: It's a Multi Manu data
10-22 13:52:39.567  2479  2548 D ScanFilter: manu data matches
10-22 13:52:39.568  2479  2548 D BtGatt.GattService: onScanResult to scannerId: 6- event_type=0x1b, address_type=1, address=4E:0, primary_phy=1, secondary_phy=0, advertising_sid=0xff, tx_power=127, rssi=-63, periodic_adv_int=0x0
10-22 13:52:39.569 23612  3015 D ScanRecord: same manuId data exists, combine both data and store
10-22 13:52:39.573  8283  8578 I BatteryMgr:DataCollectionService: stats => 1697975559572,177,4310,145,0,100
10-22 13:52:39.685  8283  8578 I BatteryMgr:DataCollectionService: stats => 1697975559685,177,4310,145,0,100
10-22 13:52:39.792  8283  8578 I BatteryMgr:DataCollectionService: stats => 1697975559792,177,4310,145,0,100
10-22 13:52:39.907  8283  8578 I BatteryMgr:DataCollectionService: stats => 1697975559906,177,4310,145,0,100
10-22 13:52:40.017  8283  8578 I BatteryMgr:DataCollectionService: stats => 1697975560017,177,4310,145,0,100
10-22 13:52:40.129  8283  8578 I BatteryMgr:DataCollectionService: stats => 1697975560128,177,4310,145,0,100
10-22 13:52:40.131  3957  4128 D WifiService: getConnectionInfo uid=1000
10-22 13:52:40.237  8283  8578 I BatteryMgr:DataCollectionService: stats => 1697975560237,177,4310,145,0,100
10-22 13:52:40.330  3957  4416 E Watchdog: !@Sync 19391 [2023-10-22 13:52:40.330]
10-22 13:52:40.345  8283  8578 I BatteryMgr:DataCollectionService: stats => 1697975560345,177,4310,145,0,100
10-22 13:52:40.395  3957  4129 D WifiStateMachine:  ConnectedState !RSSI_PKTCNT_FETCH uid=1000 rt=581966978/1637942450 0 0 "ourhome" f4:6d:2f:12:cc:88 rssi=-36 f=5240 sc=60 link=433 tx=1.8, 0.0, 0.0  rx=5.2 bcn=402981 [on:0 tx:0 rx:0 period:1002] from screen [on:245825 period:1369973] score=60
10-22 13:52:40.397  3957  4129 D WifiStateMachine:  L2ConnectedState !RSSI_PKTCNT_FETCH uid=1000 rt=581966981/1637942454 0 0 "ourhome" f4:6d:2f:12:cc:88 rssi=-36 f=5240 sc=60 link=433 tx=1.8, 0.0, 0.0  rx=5.2 bcn=402981 [on:0 tx:0 rx:0 period:2] from screen [on:245825 period:1369975] score=60
10-22 13:52:40.404  3957  4129 D WifiStateMachine: fetchRssiLinkSpeedAndFrequencyNative rssi=-35 linkspeed=433 freq=5240
10-22 13:52:40.404  3957  4129 V WifiConfigManager: Updating scan detail cache freq=5240 BSSID=f4:6d:2f:12:cc:88 RSSI=-35 for "ourhome"WPA_PSK
10-22 13:52:40.436  4961  4961 D io_stats: !@ 179,0 r 8857671 288100368 w 2036843 40219116 d 162062 36319812 f 621404 645768 iot 4092484 3538971 th 51200 0 0 pt 0 inp 0 0 581967.021
10-22 13:52:40.457  8283  8578 I BatteryMgr:DataCollectionService: stats => 1697975560457,177,4310,145,0,100
10-22 13:52:40.569  8283  8578 I BatteryMgr:DataCollectionService: stats => 1697975560569,177,4310,145,0,100
10-22 13:52:40.676  8283  8578 I BatteryMgr:DataCollectionService: stats => 1697975560676,177,4310,145,0,100
10-22 13:52:40.787  8283  8578 I BatteryMgr:DataCollectionService: stats => 1697975560787,177,4310,145,0,100
10-22 13:52:40.896  8283  8578 I BatteryMgr:DataCollectionService: stats => 1697975560896,177,4310,145,0,100
10-22 13:52:41.006  8283  8578 I BatteryMgr:DataCollectionService: stats => 1697975561006,177,4310,145,0,100
10-22 13:52:41.116  8283  8578 I BatteryMgr:DataCollectionService: stats => 1697975561115,177,4310,145,0,100
10-22 13:52:41.134  3957  4128 D WifiService: getConnectionInfo uid=1000
10-22 13:52:41.229  8283  8578 I BatteryMgr:DataCollectionService: stats => 1697975561228,177,4310,145,0,100
10-22 13:52:41.339  8283  8578 I BatteryMgr:DataCollectionService: stats => 1697975561338,177,4310,145,0,100
10-22 13:52:41.395  3957  4129 D WifiStateMachine:  ConnectedState !RSSI_PKTCNT_FETCH uid=1000 rt=581967979/1637943452 0 0 "ourhome" f4:6d:2f:12:cc:88 rssi=-35 f=5240 sc=60 link=433 tx=1.8, 0.0, 0.0  rx=5.2 bcn=402981 [on:0 tx:0 rx:0 period:998] from screen [on:245825 period:1370973] score=60
10-22 13:52:41.397  3957  4129 D WifiStateMachine:  L2ConnectedState !RSSI_PKTCNT_FETCH uid=1000 rt=581967981/1637943453 0 0 "ourhome" f4:6d:2f:12:cc:88 rssi=-35 f=5240 sc=60 link=433 tx=1.8, 0.0, 0.0  rx=5.2 bcn=402981 [on:0 tx:0 rx:0 period:2] from screen [on:245825 period:1370975] score=60
10-22 13:52:41.403  3957  4129 D WifiStateMachine: fetchRssiLinkSpeedAndFrequencyNative rssi=-35 linkspeed=433 freq=5240
10-22 13:52:41.404  3957  4129 V WifiConfigManager: Updating scan detail cache freq=5240 BSSID=f4:6d:2f:12:cc:88 RSSI=-35 for "ourhome"WPA_PSK
10-22 13:52:41.449  8283  8578 I BatteryMgr:DataCollectionService: stats => 1697975561449,177,4310,145,0,100
10-22 13:52:41.555  8283  8578 I BatteryMgr:DataCollectionService: stats => 1697975561555,177,4310,145,0,100
10-22 13:52:41.662  8283  8578 I BatteryMgr:DataCollectionService: stats => 1697975561662,177,4310,145,0,100
10-22 13:52:41.768  8283  8578 I BatteryMgr:DataCollectionService: stats => 1697975561768,177,4310,145,0,100
10-22 13:52:41.877  8283  8578 I BatteryMgr:DataCollectionService: stats => 1697975561877,177,4310,145,0,100
10-22 13:52:41.983  8283  8578 I BatteryMgr:DataCollectionService: stats => 1697975561983,177,4310,145,0,100
10-22 13:52:42.085  3957  4129 D WifiStateMachine:  ConnectedState !CMD_RSSI_POLL rt=581968670/1637944142 106 0 "ourhome" f4:6d:2f:12:cc:88 rssi=-35 f=5240 sc=60 link=433 tx=1.8, 0.0, 0.0  rx=5.2 bcn=402981 [on:0 tx:0 rx:0 period:688] from screen [on:245825 period:1371663] score=60
10-22 13:52:42.086  3957  4129 D WifiStateMachine:  L2ConnectedState !CMD_RSSI_POLL rt=581968671/1637944143 106 0 "ourhome" f4:6d:2f:12:cc:88 rssi=-35 f=5240 sc=60 link=433 tx=1.8, 0.0, 0.0  rx=5.2 bcn=402981 [on:0 tx:0 rx:0 period:1] from screen [on:245825 period:1371664] score=60
10-22 13:52:42.087  3957  4129 D WifiStateMachine:  get link layer stats 3
10-22 13:52:42.087  3436  3436 I android.hardware.wifi@1.0-service: getLinkLayerStats
10-22 13:52:42.088  8283  8578 I BatteryMgr:DataCollectionService: stats => 1697975562088,177,4310,145,0,100
10-22 13:52:42.090  3957  4129 D WifiStateMachine: fetchRssiLinkSpeedAndFrequencyNative rssi=-35 linkspeed=433 freq=5240
10-22 13:52:42.090  3957  4129 V WifiConfigManager: Updating scan detail cache freq=5240 BSSID=f4:6d:2f:12:cc:88 RSSI=-35 for "ourhome"WPA_PSK
10-22 13:52:42.093  4340  4340 E SignalClusterView: setSlotFocusVisible : subId -2
10-22 13:52:42.093  4340  4340 E SignalClusterView: setSlotFocusVisible : subId -2
10-22 13:52:42.136  3957  4128 D WifiService: getConnectionInfo uid=1000
10-22 13:52:42.197  8283  8578 I BatteryMgr:DataCollectionService: stats => 1697975562197,177,4310,145,0,100
10-22 13:52:42.305  8283  8578 I BatteryMgr:DataCollectionService: stats => 1697975562305,177,4310,145,0,100
10-22 13:52:42.397  3957  4129 D WifiStateMachine:  ConnectedState !RSSI_PKTCNT_FETCH uid=1000 rt=581968980/1637944453 0 0 "ourhome" f4:6d:2f:12:cc:88 rssi=-35 f=5240 sc=60 link=433 tx=1.3, 0.0, 0.0  rx=2.6 bcn=403010 [on:0 tx:0 rx:0 period:304] from screen [on:246050 period:1371974] score=60
10-22 13:52:42.399  3957  4129 D WifiStateMachine:  L2ConnectedState !RSSI_PKTCNT_FETCH uid=1000 rt=581968982/1637944455 0 0 "ourhome" f4:6d:2f:12:cc:88 rssi=-35 f=5240 sc=60 link=433 tx=1.3, 0.0, 0.0  rx=2.6 bcn=403010 [on:0 tx:0 rx:0 period:2] from screen [on:246050 period:1371976] score=60
10-22 13:52:42.402  3957  4129 D WifiStateMachine: fetchRssiLinkSpeedAndFrequencyNative rssi=-35 linkspeed=433 freq=5240
10-22 13:52:42.402  3957  4129 V WifiConfigManager: Updating scan detail cache freq=5240 BSSID=f4:6d:2f:12:cc:88 RSSI=-35 for "ourhome"WPA_PSK
10-22 13:52:42.414  8283  8578 I BatteryMgr:DataCollectionService: stats => 1697975562414,177,4310,145,0,100
10-22 13:52:42.522  8283  8578 I BatteryMgr:DataCollectionService: stats => 1697975562522,177,4310,145,0,100
10-22 13:52:42.628  8283  8578 I BatteryMgr:DataCollectionService: stats => 1697975562628,177,4310,145,0,100
10-22 13:52:42.733  8283  8578 I BatteryMgr:DataCollectionService: stats => 1697975562733,177,4310,145,0,100
10-22 13:52:42.840  8283  8578 I BatteryMgr:DataCollectionService: stats => 1697975562840,177,4310,145,0,100
10-22 13:52:42.949  8283  8578 I BatteryMgr:DataCollectionService: stats => 1697975562948,177,4310,145,0,100
10-22 13:52:43.057  8283  8578 I BatteryMgr:DataCollectionService: stats => 1697975563057,177,4310,145,0,100
10-22 13:52:43.139  3957  4128 D WifiService: getConnectionInfo uid=1000
10-22 13:52:43.166  8283  8578 I BatteryMgr:DataCollectionService: stats => 1697975563166,177,4310,145,0,100
10-22 13:52:43.274  8283  8578 I BatteryMgr:DataCollectionService: stats => 1697975563274,177,4310,145,0,100
10-22 13:52:43.387  8283  8578 I BatteryMgr:DataCollectionService: stats => 1697975563387,177,4310,145,0,100
10-22 13:52:43.398  3957  4129 D WifiStateMachine:  ConnectedState !RSSI_PKTCNT_FETCH uid=1000 rt=581969982/1637945454 0 0 "ourhome" f4:6d:2f:12:cc:88 rssi=-35 f=5240 sc=60 link=433 tx=1.3, 0.0, 0.0  rx=2.6 bcn=403010 [on:0 tx:0 rx:0 period:1000] from screen [on:246050 period:1372976] score=60
10-22 13:52:43.400  3957  4129 D WifiStateMachine:  L2ConnectedState !RSSI_PKTCNT_FETCH uid=1000 rt=581969984/1637945456 0 0 "ourhome" f4:6d:2f:12:cc:88 rssi=-35 f=5240 sc=60 link=433 tx=1.3, 0.0, 0.0  rx=2.6 bcn=403010 [on:0 tx:0 rx:0 period:2] from screen [on:246050 period:1372978] score=60
10-22 13:52:43.407  3957  4129 D WifiStateMachine: fetchRssiLinkSpeedAndFrequencyNative rssi=-35 linkspeed=433 freq=5240
10-22 13:52:43.407  3957  4129 V WifiConfigManager: Updating scan detail cache freq=5240 BSSID=f4:6d:2f:12:cc:88 RSSI=-35 for "ourhome"WPA_PSK
10-22 13:52:43.496  8283  8578 I BatteryMgr:DataCollectionService: stats => 1697975563496,177,4310,145,0,100
10-22 13:52:43.601  8283  8578 I BatteryMgr:DataCollectionService: stats => 1697975563600,159,4310,134,0,100
10-22 13:52:43.708  8283  8578 I BatteryMgr:DataCollectionService: stats => 1697975563708,159,4310,134,0,100
10-22 13:52:43.817  8283  8578 I BatteryMgr:DataCollectionService: stats => 1697975563817,159,4310,134,0,100
10-22 13:52:43.923  8283  8578 I BatteryMgr:DataCollectionService: stats => 1697975563922,159,4310,134,0,100
10-22 13:52:43.987  8331  8342 I zygote64: Background concurrent copying GC freed 147034(6MB) AllocSpace objects, 48(1152KB) LOS objects, 49% free, 4MB/9MB, paused 11.391ms total 126.503ms
10-22 13:52:44.015  3957  9502 D BatteryService: !@BatteryListener : batteryPropertiesChanged!
10-22 13:52:44.029  8283  8578 I BatteryMgr:DataCollectionService: stats => 1697975564029,159,4310,134,0,100
10-22 13:52:44.089  2479  2548 D ScanRecord: Not a Multi Manu data
10-22 13:52:44.128  2479  2548 I chatty  : uid=1002(bluetooth) BT Service Call identical 37 lines
10-22 13:52:44.128  2479  2548 D ScanRecord: Not a Multi Manu data
10-22 13:52:44.134  8283  8578 I BatteryMgr:DataCollectionService: stats => 1697975564134,159,4310,134,0,100
10-22 13:52:44.141  3957  4128 D WifiService: getConnectionInfo uid=1000
10-22 13:52:44.144  2479  2548 D ScanRecord: Not a Multi Manu data
10-22 13:52:44.184  2479  2548 I chatty  : uid=1002(bluetooth) BT Service Call identical 115 lines
10-22 13:52:44.184  2479  2548 D ScanRecord: Not a Multi Manu data
10-22 13:52:44.196  2479  2548 D ScanRecord: same manuId data exists, combine both data and store
10-22 13:52:44.196  2479  2548 D ScanRecord: It's a Multi Manu data
10-22 13:52:44.196  2479  2548 I chatty  : uid=1002(bluetooth) BT Service Call identical 9 lines
10-22 13:52:44.197  2479  2548 D ScanRecord: It's a Multi Manu data
10-22 13:52:44.197  2479  2548 D ScanRecord: same manuId data exists, combine both data and store
10-22 13:52:44.197  2479  2548 D ScanRecord: same manuId data exists, combine both data and store
10-22 13:52:44.197  2479  2548 D ScanRecord: It's a Multi Manu data
10-22 13:52:44.197  2479  2548 D ScanFilter: manu data matches
10-22 13:52:44.197  2479  2548 D BtGatt.GattService: onScanResult to scannerId: 6- event_type=0x1b, address_type=1, address=4E:0, primary_phy=1, secondary_phy=0, advertising_sid=0xff, tx_power=127, rssi=-67, periodic_adv_int=0x0
10-22 13:52:44.198 23612  3015 D ScanRecord: same manuId data exists, combine both data and store
10-22 13:52:44.205  2479  2548 D ScanRecord: Not a Multi Manu data
10-22 13:52:44.238  2479  2548 I chatty  : uid=1002(bluetooth) BT Service Call identical 37 lines
10-22 13:52:44.238  2479  2548 D ScanRecord: Not a Multi Manu data
10-22 13:52:44.240  8283  8578 I BatteryMgr:DataCollectionService: stats => 1697975564240,159,4310,134,0,100
10-22 13:52:44.261  2479  2548 D ScanRecord: Not a Multi Manu data
10-22 13:52:44.301  3957  6478 D SSRM:k  : SIOP:: AP = 340, PST = 330 (W:24), BAT = 248, USB = 0, CHG = 0
10-22 13:52:44.341  2479  2548 I chatty  : uid=1002(bluetooth) BT Service Call identical 115 lines
10-22 13:52:44.341  2479  2548 D ScanRecord: Not a Multi Manu data
10-22 13:52:44.351  8283  8578 I BatteryMgr:DataCollectionService: stats => 1697975564351,159,4310,134,0,100
10-22 13:52:44.354  2479  2548 D ScanRecord: Not a Multi Manu data
10-22 13:52:44.372  2479  2548 I chatty  : uid=1002(bluetooth) BT Service Call identical 50 lines
10-22 13:52:44.372  2479  2548 D ScanRecord: Not a Multi Manu data
10-22 13:52:44.388  2479  2548 D ScanRecord: same manuId data exists, combine both data and store
10-22 13:52:44.388  2479  2548 D ScanRecord: It's a Multi Manu data
10-22 13:52:44.388  2479  2548 I chatty  : uid=1002(bluetooth) BT Service Call identical 9 lines
10-22 13:52:44.388  2479  2548 D ScanRecord: It's a Multi Manu data
10-22 13:52:44.388  2479  2548 D ScanRecord: same manuId data exists, combine both data and store
10-22 13:52:44.388  2479  2548 D ScanRecord: same manuId data exists, combine both data and store
10-22 13:52:44.388  2479  2548 D ScanRecord: It's a Multi Manu data
10-22 13:52:44.388  2479  2548 D ScanFilter: manu data matches
10-22 13:52:44.389  2479  2548 D BtGatt.GattService: onScanResult to scannerId: 6- event_type=0x1b, address_type=1, address=4E:0, primary_phy=1, secondary_phy=0, advertising_sid=0xff, tx_power=127, rssi=-67, periodic_adv_int=0x0
10-22 13:52:44.389 23612  3015 D ScanRecord: same manuId data exists, combine both data and store
10-22 13:52:44.395  2479  2548 D ScanRecord: Not a Multi Manu data
10-22 13:52:44.396  2479  2548 I chatty  : uid=1002(bluetooth) BT Service Call identical 11 lines
10-22 13:52:44.396  2479  2548 D ScanRecord: Not a Multi Manu data
10-22 13:52:44.398  3957  4129 D WifiStateMachine:  ConnectedState !RSSI_PKTCNT_FETCH uid=1000 rt=581970982/1637946455 0 0 "ourhome" f4:6d:2f:12:cc:88 rssi=-35 f=5240 sc=60 link=433 tx=1.3, 0.0, 0.0  rx=2.6 bcn=403010 [on:0 tx:0 rx:0 period:998] from screen [on:246050 period:1373976] score=60
10-22 13:52:44.399  3957  4129 D WifiStateMachine:  L2ConnectedState !RSSI_PKTCNT_FETCH uid=1000 rt=581970983/1637946456 0 0 "ourhome" f4:6d:2f:12:cc:88 rssi=-35 f=5240 sc=60 link=433 tx=1.3, 0.0, 0.0  rx=2.6 bcn=403010 [on:0 tx:0 rx:0 period:1] from screen [on:246050 period:1373977] score=60
10-22 13:52:44.399  2479  2548 D ScanRecord: Not a Multi Manu data
10-22 13:52:44.400  2479  2548 I chatty  : uid=1002(bluetooth) BT Service Call identical 11 lines
10-22 13:52:44.400  2479  2548 D ScanRecord: Not a Multi Manu data
10-22 13:52:44.400  3957  4129 D WifiStateMachine: fetchRssiLinkSpeedAndFrequencyNative rssi=-36 linkspeed=433 freq=5240
10-22 13:52:44.400  3957  4129 V WifiConfigManager: Updating scan detail cache freq=5240 BSSID=f4:6d:2f:12:cc:88 RSSI=-35 for "ourhome"WPA_PSK
10-22 13:52:44.417  2479  2548 D ScanRecord: Not a Multi Manu data
10-22 13:52:44.454  2479  2548 I chatty  : uid=1002(bluetooth) BT Service Call identical 37 lines
10-22 13:52:44.454  2479  2548 D ScanRecord: Not a Multi Manu data
10-22 13:52:44.457  8283  8578 I BatteryMgr:DataCollectionService: stats => 1697975564457,159,4310,134,0,100
10-22 13:52:44.459  2479  2548 D ScanRecord: Not a Multi Manu data
10-22 13:52:44.560  2479  2548 I chatty  : uid=1002(bluetooth) BT Service Call identical 76 lines
10-22 13:52:44.560  2479  2548 D ScanRecord: Not a Multi Manu data
10-22 13:52:44.564  8283  8578 I BatteryMgr:DataCollectionService: stats => 1697975564564,159,4310,134,0,100
10-22 13:52:44.572  2479  2548 D ScanRecord: same manuId data exists, combine both data and store
10-22 13:52:44.572  2479  2548 D ScanRecord: It's a Multi Manu data
10-22 13:52:44.572  2479  2548 I chatty  : uid=1002(bluetooth) BT Service Call identical 9 lines
10-22 13:52:44.572  2479  2548 D ScanRecord: It's a Multi Manu data
10-22 13:52:44.572  2479  2548 D ScanRecord: same manuId data exists, combine both data and store
10-22 13:52:44.573  2479  2548 D ScanRecord: same manuId data exists, combine both data and store
10-22 13:52:44.573  2479  2548 D ScanRecord: It's a Multi Manu data
10-22 13:52:44.573  2479  2548 D ScanFilter: manu data matches
10-22 13:52:44.573  2479  2548 D BtGatt.GattService: onScanResult to scannerId: 6- event_type=0x1b, address_type=1, address=4E:0, primary_phy=1, secondary_phy=0, advertising_sid=0xff, tx_power=127, rssi=-69, periodic_adv_int=0x0
10-22 13:52:44.574 23612  3015 D ScanRecord: same manuId data exists, combine both data and store
10-22 13:52:44.672  8283  8578 I BatteryMgr:DataCollectionService: stats => 1697975564672,159,4310,134,0,100
10-22 13:52:44.784  8283  8578 I BatteryMgr:DataCollectionService: stats => 1697975564784,159,4310,134,0,100
10-22 13:52:44.893  8283  8578 I BatteryMgr:DataCollectionService: stats => 1697975564892,159,4310,134,0,100
10-22 13:52:44.900  3957  4030 D SensorService: [SO] 0.283 0.091 9.960
10-22 13:52:45.002  8283  8578 I BatteryMgr:DataCollectionService: stats => 1697975565001,159,4310,134,0,100
10-22 13:52:45.092  3957  4129 D WifiStateMachine:  ConnectedState !CMD_RSSI_POLL rt=581971677/1637947149 106 0 "ourhome" f4:6d:2f:12:cc:88 rssi=-36 f=5240 sc=60 link=433 tx=1.3, 0.0, 0.0  rx=2.6 bcn=403010 [on:0 tx:0 rx:0 period:693] from screen [on:246050 period:1374670] score=60
10-22 13:52:45.094  3957  4129 D WifiStateMachine:  L2ConnectedState !CMD_RSSI_POLL rt=581971678/1637947151 106 0 "ourhome" f4:6d:2f:12:cc:88 rssi=-36 f=5240 sc=60 link=433 tx=1.3, 0.0, 0.0  rx=2.6 bcn=403010 [on:0 tx:0 rx:0 period:2] from screen [on:246050 period:1374672] score=60
10-22 13:52:45.094  3957  4129 D WifiStateMachine:  get link layer stats 3
10-22 13:52:45.095  3436  3436 I android.hardware.wifi@1.0-service: getLinkLayerStats
10-22 13:52:45.110  8283  8578 I BatteryMgr:DataCollectionService: stats => 1697975565110,159,4310,134,0,100
10-22 13:52:45.113  3957  4129 D WifiStateMachine: fetchRssiLinkSpeedAndFrequencyNative rssi=-35 linkspeed=433 freq=5240
10-22 13:52:45.113  3957  4129 V WifiConfigManager: Updating scan detail cache freq=5240 BSSID=f4:6d:2f:12:cc:88 RSSI=-35 for "ourhome"WPA_PSK
10-22 13:52:45.116  4340  4340 E SignalClusterView: setSlotFocusVisible : subId -2
10-22 13:52:45.117  4340  4340 E SignalClusterView: setSlotFocusVisible : subId -2
10-22 13:52:45.143  3957  4128 D WifiService: getConnectionInfo uid=1000
10-22 13:52:45.218  8283  8578 I BatteryMgr:DataCollectionService: stats => 1697975565218,159,4310,134,0,100
10-22 13:52:45.325  8283  8578 I BatteryMgr:DataCollectionService: stats => 1697975565324,159,4310,134,0,100
10-22 13:52:45.400  3957  4129 D WifiStateMachine:  ConnectedState !RSSI_PKTCNT_FETCH uid=1000 rt=581971983/1637947455 0 0 "ourhome" f4:6d:2f:12:cc:88 rssi=-35 f=5240 sc=60 link=433 tx=0.5, 0.0, 0.0  rx=1.6 bcn=403040 [on:0 tx:0 rx:0 period:283] from screen [on:246370 period:1374977] score=60
10-22 13:52:45.401  3957  4129 D WifiStateMachine:  L2ConnectedState !RSSI_PKTCNT_FETCH uid=1000 rt=581971985/1637947458 0 0 "ourhome" f4:6d:2f:12:cc:88 rssi=-35 f=5240 sc=60 link=433 tx=0.5, 0.0, 0.0  rx=1.6 bcn=403040 [on:0 tx:0 rx:0 period:2] from screen [on:246370 period:1374979] score=60
10-22 13:52:45.408  3957  4129 D WifiStateMachine: fetchRssiLinkSpeedAndFrequencyNative rssi=-35 linkspeed=433 freq=5240
10-22 13:52:45.408  3957  4129 V WifiConfigManager: Updating scan detail cache freq=5240 BSSID=f4:6d:2f:12:cc:88 RSSI=-35 for "ourhome"WPA_PSK
10-22 13:52:45.432  8283  8578 I BatteryMgr:DataCollectionService: stats => 1697975565432,159,4310,134,0,100
10-22 13:52:45.438  4961  4961 D io_stats: !@ 179,0 r 8857758 288102884 w 2036846 40219216 d 162063 36319844 f 621405 645769 iot 4092512 3539000 th 51200 0 0 pt 0 inp 0 0 581972.023
10-22 13:52:45.539  8283  8578 I BatteryMgr:DataCollectionService: stats => 1697975565538,159,4310,134,0,100
10-22 13:52:45.645  8283  8578 I BatteryMgr:DataCollectionService: stats => 1697975565645,159,4310,134,0,100
10-22 13:52:45.752  8283  8578 I BatteryMgr:DataCollectionService: stats => 1697975565752,159,4310,134,0,100
10-22 13:52:45.857  8283  8578 I BatteryMgr:DataCollectionService: stats => 1697975565857,159,4310,134,0,100
10-22 13:52:45.967  8283  8578 I BatteryMgr:DataCollectionService: stats => 1697975565966,159,4310,134,0,100
10-22 13:52:46.077  8283  8578 I BatteryMgr:DataCollectionService: stats => 1697975566076,159,4310,134,0,100
10-22 13:52:46.145  3957  4128 D WifiService: getConnectionInfo uid=1000
10-22 13:52:46.186  8283  8578 I BatteryMgr:DataCollectionService: stats => 1697975566185,159,4310,134,0,100
10-22 13:52:46.296  8283  8578 I BatteryMgr:DataCollectionService: stats => 1697975566296,159,4310,134,0,100
10-22 13:52:46.400  3957  4129 D WifiStateMachine:  ConnectedState !RSSI_PKTCNT_FETCH uid=1000 rt=581972984/1637948457 0 0 "ourhome" f4:6d:2f:12:cc:88 rssi=-35 f=5240 sc=60 link=433 tx=0.5, 0.0, 0.0  rx=1.6 bcn=403040 [on:0 tx:0 rx:0 period:999] from screen [on:246370 period:1375978] score=60
10-22 13:52:46.403  3957  4129 D WifiStateMachine:  L2ConnectedState !RSSI_PKTCNT_FETCH uid=1000 rt=581972986/1637948459 0 0 "ourhome" f4:6d:2f:12:cc:88 rssi=-35 f=5240 sc=60 link=433 tx=0.5, 0.0, 0.0  rx=1.6 bcn=403040 [on:0 tx:0 rx:0 period:2] from screen [on:246370 period:1375980] score=60
10-22 13:52:46.411  3957  4129 D WifiStateMachine: fetchRssiLinkSpeedAndFrequencyNative rssi=-36 linkspeed=433 freq=5240
10-22 13:52:46.411  3957  4129 V WifiConfigManager: Updating scan detail cache freq=5240 BSSID=f4:6d:2f:12:cc:88 RSSI=-35 for "ourhome"WPA_PSK
10-22 13:52:46.412  8283  8578 I BatteryMgr:DataCollectionService: stats => 1697975566412,159,4310,134,0,100
10-22 13:52:46.523  8283  8578 I BatteryMgr:DataCollectionService: stats => 1697975566522,159,4310,134,0,100
10-22 13:52:46.633  8283  8578 I BatteryMgr:DataCollectionService: stats => 1697975566633,159,4310,134,0,100
10-22 13:52:46.743  8283  8578 I BatteryMgr:DataCollectionService: stats => 1697975566743,159,4310,134,0,100
10-22 13:52:46.851  8283  8578 I BatteryMgr:DataCollectionService: stats => 1697975566851,159,4310,134,0,100
10-22 13:52:46.961  8283  8578 I BatteryMgr:DataCollectionService: stats => 1697975566961,159,4310,134,0,100
10-22 13:52:47.075  8283  8578 I BatteryMgr:DataCollectionService: stats => 1697975567075,159,4310,134,0,100
10-22 13:52:47.147  3957  4128 D WifiService: getConnectionInfo uid=1000
10-22 13:52:47.184  8283  8578 I BatteryMgr:DataCollectionService: stats => 1697975567184,159,4310,134,0,100
10-22 13:52:47.294  8283  8578 I BatteryMgr:DataCollectionService: stats => 1697975567294,159,4310,134,0,100
10-22 13:52:47.403  3957  4129 D WifiStateMachine:  ConnectedState !RSSI_PKTCNT_FETCH uid=1000 rt=581973986/1637949459 0 0 "ourhome" f4:6d:2f:12:cc:88 rssi=-36 f=5240 sc=60 link=433 tx=0.5, 0.0, 0.0  rx=1.6 bcn=403040 [on:0 tx:0 rx:0 period:1001] from screen [on:246370 period:1376981] score=60
10-22 13:52:47.404  8283  8578 I BatteryMgr:DataCollectionService: stats => 1697975567404,159,4310,134,0,100
10-22 13:52:47.405  3957  4129 D WifiStateMachine:  L2ConnectedState !RSSI_PKTCNT_FETCH uid=1000 rt=581973989/1637949461 0 0 "ourhome" f4:6d:2f:12:cc:88 rssi=-36 f=5240 sc=60 link=433 tx=0.5, 0.0, 0.0  rx=1.6 bcn=403040 [on:0 tx:0 rx:0 period:2] from screen [on:246370 period:1376983] score=60
10-22 13:52:47.410  3957  4129 D WifiStateMachine: fetchRssiLinkSpeedAndFrequencyNative rssi=-36 linkspeed=433 freq=5240
10-22 13:52:47.410  3957  4129 V WifiConfigManager: Updating scan detail cache freq=5240 BSSID=f4:6d:2f:12:cc:88 RSSI=-35 for "ourhome"WPA_PSK
10-22 13:52:47.514  8283  8578 I BatteryMgr:DataCollectionService: stats => 1697975567514,159,4310,134,0,100
10-22 13:52:47.628  8283  8578 I BatteryMgr:DataCollectionService: stats => 1697975567628,159,4310,134,0,100
10-22 13:52:47.737  8283  8578 I BatteryMgr:DataCollectionService: stats => 1697975567737,159,4310,134,0,100
10-22 13:52:47.849  8283  8578 I BatteryMgr:DataCollectionService: stats => 1697975567849,159,4310,134,0,100
10-22 13:52:47.960  8283  8578 I BatteryMgr:DataCollectionService: stats => 1697975567960,159,4310,134,0,100
10-22 13:52:48.069  8283  8578 I BatteryMgr:DataCollectionService: stats => 1697975568068,159,4310,134,0,100
10-22 13:52:48.116  3957  4129 D WifiStateMachine:  ConnectedState !CMD_RSSI_POLL rt=581974700/1637950172 106 0 "ourhome" f4:6d:2f:12:cc:88 rssi=-36 f=5240 sc=60 link=433 tx=0.5, 0.0, 0.0  rx=1.6 bcn=403040 [on:0 tx:0 rx:0 period:711] from screen [on:246370 period:1377694] score=60
10-22 13:52:48.119  3957  4129 D WifiStateMachine:  L2ConnectedState !CMD_RSSI_POLL rt=581974702/1637950175 106 0 "ourhome" f4:6d:2f:12:cc:88 rssi=-36 f=5240 sc=60 link=433 tx=0.5, 0.0, 0.0  rx=1.6 bcn=403040 [on:0 tx:0 rx:0 period:3] from screen [on:246370 period:1377697] score=60
10-22 13:52:48.120  3957  4129 D WifiStateMachine:  get link layer stats 3
10-22 13:52:48.120  3436  3436 I android.hardware.wifi@1.0-service: getLinkLayerStats
10-22 13:52:48.129  3957  4129 D WifiStateMachine: fetchRssiLinkSpeedAndFrequencyNative rssi=-36 linkspeed=433 freq=5240
10-22 13:52:48.129  3957  4129 V WifiConfigManager: Updating scan detail cache freq=5240 BSSID=f4:6d:2f:12:cc:88 RSSI=-35 for "ourhome"WPA_PSK
10-22 13:52:48.133  4340  4340 E SignalClusterView: setSlotFocusVisible : subId -2
10-22 13:52:48.133  4340  4340 E SignalClusterView: setSlotFocusVisible : subId -2
10-22 13:52:48.149  3957  4128 D WifiService: getConnectionInfo uid=1000
10-22 13:52:48.179  8283  8578 I BatteryMgr:DataCollectionService: stats => 1697975568179,159,4310,134,0,100
10-22 13:52:48.288  8283  8578 I BatteryMgr:DataCollectionService: stats => 1697975568287,159,4310,134,0,100
10-22 13:52:48.396  8283  8578 I BatteryMgr:DataCollectionService: stats => 1697975568396,159,4310,134,0,100
10-22 13:52:48.403  3957  4129 D WifiStateMachine:  ConnectedState !RSSI_PKTCNT_FETCH uid=1000 rt=581974987/1637950460 0 0 "ourhome" f4:6d:2f:12:cc:88 rssi=-36 f=5240 sc=60 link=433 tx=0.8, 0.0, 0.0  rx=4.4 bcn=403066 [on:0 tx:0 rx:0 period:271] from screen [on:246946 period:1377981] score=60
10-22 13:52:48.405  3957  4129 D WifiStateMachine:  L2ConnectedState !RSSI_PKTCNT_FETCH uid=1000 rt=581974989/1637950462 0 0 "ourhome" f4:6d:2f:12:cc:88 rssi=-36 f=5240 sc=60 link=433 tx=0.8, 0.0, 0.0  rx=4.4 bcn=403066 [on:0 tx:0 rx:0 period:2] from screen [on:246946 period:1377983] score=60
10-22 13:52:48.411  3957  4129 D WifiStateMachine: fetchRssiLinkSpeedAndFrequencyNative rssi=-35 linkspeed=433 freq=5240
10-22 13:52:48.411  3957  4129 V WifiConfigManager: Updating scan detail cache freq=5240 BSSID=f4:6d:2f:12:cc:88 RSSI=-35 for "ourhome"WPA_PSK
10-22 13:52:48.506  8283  8578 I BatteryMgr:DataCollectionService: stats => 1697975568506,159,4310,134,0,100
10-22 13:52:48.616  8283  8578 I BatteryMgr:DataCollectionService: stats => 1697975568616,159,4310,134,0,100
10-22 13:52:48.726  8283  8578 I BatteryMgr:DataCollectionService: stats => 1697975568726,159,4310,134,0,100
10-22 13:52:48.834  8283  8578 I BatteryMgr:DataCollectionService: stats => 1697975568834,159,4310,134,0,100
10-22 13:52:48.944  8283  8578 I BatteryMgr:DataCollectionService: stats => 1697975568943,159,4310,134,0,100
10-22 13:52:49.054  8283  8578 I BatteryMgr:DataCollectionService: stats => 1697975569054,159,4310,134,0,100
10-22 13:52:49.091  2479  2548 D ScanRecord: Not a Multi Manu data
10-22 13:52:49.132  2479  2548 I chatty  : uid=1002(bluetooth) BT Service Call identical 50 lines
10-22 13:52:49.132  2479  2548 D ScanRecord: Not a Multi Manu data
10-22 13:52:49.152  3957  4128 D WifiService: getConnectionInfo uid=1000
10-22 13:52:49.154  2479  2548 D ScanRecord: Not a Multi Manu data
10-22 13:52:49.163  2479  2548 I chatty  : uid=1002(bluetooth) BT Service Call identical 24 lines
10-22 13:52:49.163  2479  2548 D ScanRecord: Not a Multi Manu data
10-22 13:52:49.168  8283  8578 I BatteryMgr:DataCollectionService: stats => 1697975569166,159,4310,134,0,100
10-22 13:52:49.176  2479  2548 D ScanRecord: Not a Multi Manu data
10-22 13:52:49.177  2479  2548 I chatty  : uid=1002(bluetooth) BT Service Call identical 11 lines
10-22 13:52:49.177  2479  2548 D ScanRecord: Not a Multi Manu data
10-22 13:52:49.188  2479  2548 D ScanRecord: same manuId data exists, combine both data and store
10-22 13:52:49.188  2479  2548 D ScanRecord: It's a Multi Manu data
10-22 13:52:49.189  2479  2548 I chatty  : uid=1002(bluetooth) BT Service Call identical 9 lines
10-22 13:52:49.189  2479  2548 D ScanRecord: It's a Multi Manu data
10-22 13:52:49.189  2479  2548 D ScanRecord: same manuId data exists, combine both data and store
10-22 13:52:49.189  2479  2548 D ScanRecord: same manuId data exists, combine both data and store
10-22 13:52:49.189  2479  2548 D ScanRecord: It's a Multi Manu data
10-22 13:52:49.189  2479  2548 D ScanFilter: manu data matches
10-22 13:52:49.189  2479  2548 D BtGatt.GattService: onScanResult to scannerId: 6- event_type=0x1b, address_type=1, address=4E:0, primary_phy=1, secondary_phy=0, advertising_sid=0xff, tx_power=127, rssi=-70, periodic_adv_int=0x0
10-22 13:52:49.190 23612  3015 D ScanRecord: same manuId data exists, combine both data and store
10-22 13:52:49.191  2479  2548 D ScanRecord: Not a Multi Manu data
10-22 13:52:49.213  2479  2548 I chatty  : uid=1002(bluetooth) BT Service Call identical 76 lines
10-22 13:52:49.213  2479  2548 D ScanRecord: Not a Multi Manu data
10-22 13:52:49.216  2479  2548 D ScanRecord: same manuId data exists, combine both data and store
10-22 13:52:49.216  2479  2548 D ScanRecord: It's a Multi Manu data
10-22 13:52:49.216  2479  2548 I chatty  : uid=1002(bluetooth) BT Service Call identical 9 lines
10-22 13:52:49.216  2479  2548 D ScanRecord: It's a Multi Manu data
10-22 13:52:49.216  2479  2548 D ScanRecord: same manuId data exists, combine both data and store
10-22 13:52:49.216  2479  2548 D ScanRecord: same manuId data exists, combine both data and store
10-22 13:52:49.217  2479  2548 D ScanRecord: It's a Multi Manu data
10-22 13:52:49.217  2479  2548 D ScanFilter: manu data matches
10-22 13:52:49.217  2479  2548 D BtGatt.GattService: onScanResult to scannerId: 6- event_type=0x1b, address_type=1, address=4E:0, primary_phy=1, secondary_phy=0, advertising_sid=0xff, tx_power=127, rssi=-70, periodic_adv_int=0x0
10-22 13:52:49.220 23612  3015 D ScanRecord: same manuId data exists, combine both data and store
10-22 13:52:49.220  2479  2548 D ScanRecord: Not a Multi Manu data
10-22 13:52:49.226  2479  2548 I chatty  : uid=1002(bluetooth) BT Service Call identical 37 lines
10-22 13:52:49.226  2479  2548 D ScanRecord: Not a Multi Manu data
10-22 13:52:49.229  2479  2548 D ScanRecord: same manuId data exists, combine both data and store
10-22 13:52:49.229  2479  2548 D ScanRecord: It's a Multi Manu data
10-22 13:52:49.230  2479  2548 I chatty  : uid=1002(bluetooth) BT Service Call identical 9 lines
10-22 13:52:49.230  2479  2548 D ScanRecord: It's a Multi Manu data
10-22 13:52:49.230  2479  2548 D ScanRecord: same manuId data exists, combine both data and store
10-22 13:52:49.230  2479  2548 D ScanRecord: same manuId data exists, combine both data and store
10-22 13:52:49.230  2479  2548 D ScanRecord: It's a Multi Manu data
10-22 13:52:49.230  2479  2548 D ScanFilter: manu data matches
10-22 13:52:49.230  2479  2548 D BtGatt.GattService: onScanResult to scannerId: 6- event_type=0x1b, address_type=1, address=4E:0, primary_phy=1, secondary_phy=0, advertising_sid=0xff, tx_power=127, rssi=-70, periodic_adv_int=0x0
10-22 13:52:49.230 23612  3015 D ScanRecord: same manuId data exists, combine both data and store
10-22 13:52:49.232  2479  2548 D ScanRecord: Not a Multi Manu data
10-22 13:52:49.259  2479  2548 I chatty  : uid=1002(bluetooth) BT Service Call identical 76 lines
10-22 13:52:49.259  2479  2548 D ScanRecord: Not a Multi Manu data
10-22 13:52:49.274  8283  8578 I BatteryMgr:DataCollectionService: stats => 1697975569274,159,4310,134,0,100
10-22 13:52:49.282  2479  2548 D ScanRecord: Not a Multi Manu data
10-22 13:52:49.365  2479  2548 I chatty  : uid=1002(bluetooth) BT Service Call identical 168 lines
10-22 13:52:49.380  8283  8578 I BatteryMgr:DataCollectionService: stats => 1697975569380,159,4310,134,0,100
10-22 13:52:49.380  2479  2548 D ScanRecord: Not a Multi Manu data
10-22 13:52:49.380  2479  2548 D ScanRecord: Not a Multi Manu data
10-22 13:52:49.397  2479  2548 I chatty  : uid=1002(bluetooth) BT Service Call identical 23 lines
10-22 13:52:49.397  2479  2548 D ScanRecord: Not a Multi Manu data
10-22 13:52:49.405  3957  4129 D WifiStateMachine:  ConnectedState !RSSI_PKTCNT_FETCH uid=1000 rt=581975988/1637951461 0 0 "ourhome" f4:6d:2f:12:cc:88 rssi=-35 f=5240 sc=60 link=433 tx=0.8, 0.0, 0.0  rx=4.4 bcn=403066 [on:0 tx:0 rx:0 period:999] from screen [on:246946 period:1378982] score=60
10-22 13:52:49.408  3957  4129 D WifiStateMachine:  L2ConnectedState !RSSI_PKTCNT_FETCH uid=1000 rt=581975991/1637951463 0 0 "ourhome" f4:6d:2f:12:cc:88 rssi=-35 f=5240 sc=60 link=433 tx=0.8, 0.0, 0.0  rx=4.4 bcn=403066 [on:0 tx:0 rx:0 period:4] from screen [on:246946 period:1378986] score=60
10-22 13:52:49.408  2479  2548 D ScanRecord: Not a Multi Manu data
10-22 13:52:49.409  2479  2548 I chatty  : uid=1002(bluetooth) BT Service Call identical 11 lines
10-22 13:52:49.409  2479  2548 D ScanRecord: Not a Multi Manu data
10-22 13:52:49.410  3957  4129 D WifiStateMachine: fetchRssiLinkSpeedAndFrequencyNative rssi=-36 linkspeed=433 freq=5240
10-22 13:52:49.410  3957  4129 V WifiConfigManager: Updating scan detail cache freq=5240 BSSID=f4:6d:2f:12:cc:88 RSSI=-35 for "ourhome"WPA_PSK
10-22 13:52:49.412  2479  2548 D ScanRecord: Not a Multi Manu data
10-22 13:52:49.464  2479  2548 I chatty  : uid=1002(bluetooth) BT Service Call identical 102 lines
10-22 13:52:49.464  2479  2548 D ScanRecord: Not a Multi Manu data
10-22 13:52:49.488  8283  8578 I BatteryMgr:DataCollectionService: stats => 1697975569488,159,4310,134,0,100
10-22 13:52:49.495  2479  2548 D ScanRecord: Not a Multi Manu data
10-22 13:52:49.564  2479  2548 I chatty  : uid=1002(bluetooth) BT Service Call identical 141 lines
10-22 13:52:49.564  2479  2548 D ScanRecord: Not a Multi Manu data
10-22 13:52:49.567  2479  2548 D ScanRecord: same manuId data exists, combine both data and store
10-22 13:52:49.568  2479  2548 D ScanRecord: It's a Multi Manu data
10-22 13:52:49.568  2479  2548 I chatty  : uid=1002(bluetooth) BT Service Call identical 9 lines
10-22 13:52:49.568  2479  2548 D ScanRecord: It's a Multi Manu data
10-22 13:52:49.568  2479  2548 D ScanRecord: same manuId data exists, combine both data and store
10-22 13:52:49.568  2479  2548 D ScanRecord: same manuId data exists, combine both data and store
10-22 13:52:49.568  2479  2548 D ScanRecord: It's a Multi Manu data
10-22 13:52:49.568  2479  2548 D ScanFilter: manu data matches
10-22 13:52:49.568  2479  2548 D BtGatt.GattService: onScanResult to scannerId: 6- event_type=0x1b, address_type=1, address=99:3, primary_phy=1, secondary_phy=0, advertising_sid=0xff, tx_power=127, rssi=-93, periodic_adv_int=0x0
10-22 13:52:49.569 23612  3015 D ScanRecord: same manuId data exists, combine both data and store
10-22 13:52:49.571  2479  2548 D ScanRecord: Not a Multi Manu data
10-22 13:52:49.572  2479  2548 I chatty  : uid=1002(bluetooth) BT Service Call identical 11 lines
10-22 13:52:49.572  2479  2548 D ScanRecord: Not a Multi Manu data
10-22 13:52:49.596  8283  8578 I BatteryMgr:DataCollectionService: stats => 1697975569596,159,4310,134,0,100
10-22 13:52:49.703  8283  8578 I BatteryMgr:DataCollectionService: stats => 1697975569703,159,4310,134,0,100
10-22 13:52:49.813  8283  8578 I BatteryMgr:DataCollectionService: stats => 1697975569813,159,4310,134,0,100
10-22 13:52:49.921  8283  8578 I BatteryMgr:DataCollectionService: stats => 1697975569921,159,4310,134,0,100
10-22 13:52:50.032  8283  8578 I BatteryMgr:DataCollectionService: stats => 1697975570032,159,4310,134,0,100
10-22 13:52:50.142  8283  8578 I BatteryMgr:DataCollectionService: stats => 1697975570142,159,4310,134,0,100
10-22 13:52:50.154  3957  4128 D WifiService: getConnectionInfo uid=1000
10-22 13:52:50.252  8283  8578 I BatteryMgr:DataCollectionService: stats => 1697975570252,159,4310,134,0,100
10-22 13:52:50.361  8283  8578 I BatteryMgr:DataCollectionService: stats => 1697975570360,159,4310,134,0,100
10-22 13:52:50.406  3957  4129 D WifiStateMachine:  ConnectedState !RSSI_PKTCNT_FETCH uid=1000 rt=581976990/1637952463 0 0 "ourhome" f4:6d:2f:12:cc:88 rssi=-36 f=5240 sc=60 link=433 tx=0.8, 0.0, 0.0  rx=4.4 bcn=403066 [on:0 tx:0 rx:0 period:998] from screen [on:246946 period:1379984] score=60
10-22 13:52:50.408  3957  4129 D WifiStateMachine:  L2ConnectedState !RSSI_PKTCNT_FETCH uid=1000 rt=581976992/1637952465 0 0 "ourhome" f4:6d:2f:12:cc:88 rssi=-36 f=5240 sc=60 link=433 tx=0.8, 0.0, 0.0  rx=4.4 bcn=403066 [on:0 tx:0 rx:0 period:2] from screen [on:246946 period:1379986] score=60
10-22 13:52:50.415  3957  4129 D WifiStateMachine: fetchRssiLinkSpeedAndFrequencyNative rssi=-35 linkspeed=433 freq=5240
10-22 13:52:50.415  3957  4129 V WifiConfigManager: Updating scan detail cache freq=5240 BSSID=f4:6d:2f:12:cc:88 RSSI=-35 for "ourhome"WPA_PSK
10-22 13:52:50.441  4961  4961 D io_stats: !@ 179,0 r 8857759 288102928 w 2036866 40219384 d 162063 36319844 f 621406 645770 iot 4092516 3539004 th 51200 0 0 pt 0 inp 0 0 581977.026
10-22 13:52:50.469  8283  8578 I BatteryMgr:DataCollectionService: stats => 1697975570469,159,4310,134,0,100
10-22 13:52:50.578  8283  8578 I BatteryMgr:DataCollectionService: stats => 1697975570577,159,4310,134,0,100
10-22 13:52:50.690  8283  8578 I BatteryMgr:DataCollectionService: stats => 1697975570690,159,4310,134,0,100
10-22 13:52:50.800  8283  8578 I BatteryMgr:DataCollectionService: stats => 1697975570800,159,4310,134,0,100
10-22 13:52:50.908  8283  8578 I BatteryMgr:DataCollectionService: stats => 1697975570908,159,4310,134,0,100
10-22 13:52:51.030  8283  8578 I BatteryMgr:DataCollectionService: stats => 1697975571030,159,4310,134,0,100
10-22 13:52:51.132  3957  4129 D WifiStateMachine:  ConnectedState !CMD_RSSI_POLL rt=581977716/1637953189 106 0 "ourhome" f4:6d:2f:12:cc:88 rssi=-35 f=5240 sc=60 link=433 tx=0.8, 0.0, 0.0  rx=4.4 bcn=403066 [on:0 tx:0 rx:0 period:724] from screen [on:246946 period:1380710] score=60
10-22 13:52:51.134  3957  4129 D WifiStateMachine:  L2ConnectedState !CMD_RSSI_POLL rt=581977718/1637953191 106 0 "ourhome" f4:6d:2f:12:cc:88 rssi=-35 f=5240 sc=60 link=433 tx=0.8, 0.0, 0.0  rx=4.4 bcn=403066 [on:0 tx:0 rx:0 period:2] from screen [on:246946 period:1380712] score=60
10-22 13:52:51.134  3957  4129 D WifiStateMachine:  get link layer stats 3
10-22 13:52:51.135  3436  3436 I android.hardware.wifi@1.0-service: getLinkLayerStats
10-22 13:52:51.137  8283  8578 I BatteryMgr:DataCollectionService: stats => 1697975571137,159,4310,134,0,100
10-22 13:52:51.153  3957  4129 D WifiStateMachine: fetchRssiLinkSpeedAndFrequencyNative rssi=-36 linkspeed=433 freq=5240
10-22 13:52:51.154  3957  4129 V WifiConfigManager: Updating scan detail cache freq=5240 BSSID=f4:6d:2f:12:cc:88 RSSI=-35 for "ourhome"WPA_PSK
10-22 13:52:51.157  3957  4128 D WifiService: getConnectionInfo uid=1000
10-22 13:52:51.160  4340  4340 E SignalClusterView: setSlotFocusVisible : subId -2
10-22 13:52:51.160  4340  4340 E SignalClusterView: setSlotFocusVisible : subId -2
10-22 13:52:51.246  8283  8578 I BatteryMgr:DataCollectionService: stats => 1697975571246,159,4310,134,0,100
10-22 13:52:51.355  8283  8578 I BatteryMgr:DataCollectionService: stats => 1697975571355,159,4310,134,0,100
10-22 13:52:51.407  3957  4129 D WifiStateMachine:  ConnectedState !RSSI_PKTCNT_FETCH uid=1000 rt=581977991/1637953464 0 0 "ourhome" f4:6d:2f:12:cc:88 rssi=-36 f=5240 sc=60 link=433 tx=0.3, 0.0, 0.0  rx=5.4 bcn=403095 [on:0 tx:0 rx:0 period:249] from screen [on:247235 period:1380985] score=60
10-22 13:52:51.411  3957  4129 D WifiStateMachine:  L2ConnectedState !RSSI_PKTCNT_FETCH uid=1000 rt=581977993/1637953466 0 0 "ourhome" f4:6d:2f:12:cc:88 rssi=-36 f=5240 sc=60 link=433 tx=0.3, 0.0, 0.0  rx=5.4 bcn=403095 [on:0 tx:0 rx:0 period:3] from screen [on:247235 period:1380988] score=60
10-22 13:52:51.413  3957  4129 D WifiStateMachine: fetchRssiLinkSpeedAndFrequencyNative rssi=-36 linkspeed=433 freq=5240
10-22 13:52:51.414  3957  4129 V WifiConfigManager: Updating scan detail cache freq=5240 BSSID=f4:6d:2f:12:cc:88 RSSI=-35 for "ourhome"WPA_PSK
10-22 13:52:51.465  8283  8578 I BatteryMgr:DataCollectionService: stats => 1697975571465,159,4310,134,0,100
10-22 13:52:51.573  8283  8578 I BatteryMgr:DataCollectionService: stats => 1697975571572,159,4310,134,0,100
