10-22 13:03:38.472  2479  2548 D ScanRecord: Not a Multi Manu data
10-22 13:03:38.475  3957  4128 D WifiService: getConnectionInfo uid=1000
10-22 13:03:38.485  2479  2548 D ScanRecord: Not a Multi Manu data
10-22 13:03:38.537  2479  2548 I chatty  : uid=1002(bluetooth) BT Service Call identical 53 lines
10-22 13:03:38.537  2479  2548 D ScanRecord: Not a Multi Manu data
10-22 13:03:38.544  1743  2041 I BatteryMgr:DataCollectionService: stats => 1697972618544,196,4310,126,0,100
10-22 13:03:38.561  2479  2548 D ScanRecord: Not a Multi Manu data
10-22 13:03:38.633  2479  2548 I chatty  : uid=1002(bluetooth) BT Service Call identical 97 lines
10-22 13:03:38.633  2479  2548 D ScanRecord: Not a Multi Manu data
10-22 13:03:38.652  1743  2041 I BatteryMgr:DataCollectionService: stats => 1697972618652,196,4310,126,0,100
10-22 13:03:38.663  3957  6478 D SSRM:k  : SIOP:: AP = 330, PST = 313 (W:26), BAT = 248, USB = 0, CHG = 0
10-22 13:03:38.760  1743  2041 I BatteryMgr:DataCollectionService: stats => 1697972618760,196,4310,126,0,100
10-22 13:03:38.868  1743  2041 I BatteryMgr:DataCollectionService: stats => 1697972618868,196,4310,126,0,100
10-22 13:03:38.977  1743  2041 I BatteryMgr:DataCollectionService: stats => 1697972618977,196,4310,126,0,100
10-22 13:03:39.091  1743  2041 I BatteryMgr:DataCollectionService: stats => 1697972619090,196,4310,126,0,100
10-22 13:03:39.200  1743  2041 I BatteryMgr:DataCollectionService: stats => 1697972619200,196,4310,126,0,100
10-22 13:03:39.223  3957  4129 D WifiStateMachine:  ConnectedState !RSSI_PKTCNT_FETCH uid=1000 rt=579025806/1635001278 0 0 "ourhome" f4:6d:2f:12:cc:88 rssi=-44 f=5240 sc=60 link=433 tx=15.4, 0.0, 0.0  rx=16.8 bcn=375936 [on:0 tx:0 rx:0 period:1000] from screen [on:191376 period:1093703] score=60
10-22 13:03:39.226  3957  4129 D WifiStateMachine:  L2ConnectedState !RSSI_PKTCNT_FETCH uid=1000 rt=579025809/1635001282 0 0 "ourhome" f4:6d:2f:12:cc:88 rssi=-44 f=5240 sc=60 link=433 tx=15.4, 0.0, 0.0  rx=16.8 bcn=375936 [on:0 tx:0 rx:0 period:3] from screen [on:191376 period:1093706] score=60
10-22 13:03:39.232  3957  4129 D WifiStateMachine: fetchRssiLinkSpeedAndFrequencyNative rssi=-39 linkspeed=433 freq=5240
10-22 13:03:39.232  3957  4129 V WifiConfigManager: Updating scan detail cache freq=5240 BSSID=f4:6d:2f:12:cc:88 RSSI=-41 for "ourhome"WPA_PSK
10-22 13:03:39.309  1743  2041 I BatteryMgr:DataCollectionService: stats => 1697972619309,196,4310,126,0,100
10-22 13:03:39.360  3957  4129 D WifiStateMachine:  ConnectedState !CMD_RSSI_POLL rt=579025944/1635001417 104 0 "ourhome" f4:6d:2f:12:cc:88 rssi=-39 f=5240 sc=60 link=433 tx=15.4, 0.0, 0.0  rx=16.8 bcn=375936 [on:0 tx:0 rx:0 period:134] from screen [on:191376 period:1093840] score=60
10-22 13:03:39.363  3957  4129 D WifiStateMachine:  L2ConnectedState !CMD_RSSI_POLL rt=579025946/1635001419 104 0 "ourhome" f4:6d:2f:12:cc:88 rssi=-39 f=5240 sc=60 link=433 tx=15.4, 0.0, 0.0  rx=16.8 bcn=375936 [on:0 tx:0 rx:0 period:2] from screen [on:191376 period:1093842] score=60
10-22 13:03:39.363  3957  4129 D WifiStateMachine:  get link layer stats 3
10-22 13:03:39.364  3436  3436 I android.hardware.wifi@1.0-service: getLinkLayerStats
10-22 13:03:39.384  3957  4129 D WifiStateMachine: fetchRssiLinkSpeedAndFrequencyNative rssi=-39 linkspeed=433 freq=5240
10-22 13:03:39.384  3957  4129 V WifiConfigManager: Updating scan detail cache freq=5240 BSSID=f4:6d:2f:12:cc:88 RSSI=-39 for "ourhome"WPA_PSK
10-22 13:03:39.390  4340  4340 E SignalClusterView: setSlotFocusVisible : subId -2
10-22 13:03:39.391  4340  4340 E SignalClusterView: setSlotFocusVisible : subId -2
10-22 13:03:39.419  1743  2041 I BatteryMgr:DataCollectionService: stats => 1697972619419,196,4310,126,0,100
10-22 13:03:39.477  3957  4128 D WifiService: getConnectionInfo uid=1000
10-22 13:03:39.530  1743  2041 I BatteryMgr:DataCollectionService: stats => 1697972619530,196,4310,126,0,100
10-22 13:03:39.598  3957  4416 E Watchdog: !@Sync 19293 [2023-10-22 13:03:39.598]
10-22 13:03:39.640  1743  2041 I BatteryMgr:DataCollectionService: stats => 1697972619640,196,4310,126,0,100
10-22 13:03:39.749  1743  2041 I BatteryMgr:DataCollectionService: stats => 1697972619749,196,4310,126,0,100
10-22 13:03:39.858  1743  2041 I BatteryMgr:DataCollectionService: stats => 1697972619858,196,4310,126,0,100
10-22 13:03:39.970  1743  2041 I BatteryMgr:DataCollectionService: stats => 1697972619969,196,4310,126,0,100
10-22 13:03:40.080  1743  2041 I BatteryMgr:DataCollectionService: stats => 1697972620080,196,4310,126,0,100
10-22 13:03:40.191  1743  2041 I BatteryMgr:DataCollectionService: stats => 1697972620191,196,4310,126,0,100
10-22 13:03:40.224  3957  4129 D WifiStateMachine:  ConnectedState !RSSI_PKTCNT_FETCH uid=1000 rt=579026807/1635002279 0 0 "ourhome" f4:6d:2f:12:cc:88 rssi=-39 f=5240 sc=60 link=433 tx=7.5, 0.0, 0.0  rx=11.9 bcn=375959 [on:0 tx:0 rx:0 period:836] from screen [on:192070 period:1094703] score=60
10-22 13:03:40.227  3957  4129 D WifiStateMachine:  L2ConnectedState !RSSI_PKTCNT_FETCH uid=1000 rt=579026809/1635002282 0 0 "ourhome" f4:6d:2f:12:cc:88 rssi=-39 f=5240 sc=60 link=433 tx=7.5, 0.0, 0.0  rx=11.9 bcn=375959 [on:0 tx:0 rx:0 period:4] from screen [on:192070 period:1094707] score=60
10-22 13:03:40.234  3957  4129 D WifiStateMachine: fetchRssiLinkSpeedAndFrequencyNative rssi=-39 linkspeed=433 freq=5240
10-22 13:03:40.234  3957  4129 V WifiConfigManager: Updating scan detail cache freq=5240 BSSID=f4:6d:2f:12:cc:88 RSSI=-39 for "ourhome"WPA_PSK
10-22 13:03:40.305  1743  2041 I BatteryMgr:DataCollectionService: stats => 1697972620305,196,4310,126,0,100
10-22 13:03:40.414  1743  2041 I BatteryMgr:DataCollectionService: stats => 1697972620413,196,4310,126,0,100
10-22 13:03:40.479  3957  4128 D WifiService: getConnectionInfo uid=1000
10-22 13:03:40.525  1743  2041 I BatteryMgr:DataCollectionService: stats => 1697972620525,196,4310,126,0,100
10-22 13:03:40.633  1743  2041 I BatteryMgr:DataCollectionService: stats => 1697972620633,196,4310,126,0,100
10-22 13:03:40.743  1743  2041 I BatteryMgr:DataCollectionService: stats => 1697972620743,196,4310,126,0,100
10-22 13:03:40.852  1743  2041 I BatteryMgr:DataCollectionService: stats => 1697972620852,196,4310,126,0,100
10-22 13:03:40.959  1743  2041 I BatteryMgr:DataCollectionService: stats => 1697972620959,196,4310,126,0,100
10-22 13:03:41.070  1743  2041 I BatteryMgr:DataCollectionService: stats => 1697972621070,196,4310,126,0,100
10-22 13:03:41.179  1743  2041 I BatteryMgr:DataCollectionService: stats => 1697972621178,196,4310,126,0,100
10-22 13:03:41.224  3957  4129 D WifiStateMachine:  ConnectedState !RSSI_PKTCNT_FETCH uid=1000 rt=579027808/1635003280 0 0 "ourhome" f4:6d:2f:12:cc:88 rssi=-39 f=5240 sc=60 link=433 tx=7.5, 0.0, 0.0  rx=11.9 bcn=375959 [on:0 tx:0 rx:0 period:997] from screen [on:192070 period:1095704] score=60
10-22 13:03:41.226  3957  4129 D WifiStateMachine:  L2ConnectedState !RSSI_PKTCNT_FETCH uid=1000 rt=579027810/1635003282 0 0 "ourhome" f4:6d:2f:12:cc:88 rssi=-39 f=5240 sc=60 link=433 tx=7.5, 0.0, 0.0  rx=11.9 bcn=375959 [on:0 tx:0 rx:0 period:2] from screen [on:192070 period:1095706] score=60
10-22 13:03:41.229  3957  4129 D WifiStateMachine: fetchRssiLinkSpeedAndFrequencyNative rssi=-38 linkspeed=433 freq=5240
10-22 13:03:41.230  3957  4129 V WifiConfigManager: Updating scan detail cache freq=5240 BSSID=f4:6d:2f:12:cc:88 RSSI=-38 for "ourhome"WPA_PSK
10-22 13:03:41.288  1743  2041 I BatteryMgr:DataCollectionService: stats => 1697972621288,196,4310,126,0,100
10-22 13:03:41.396  1743  2041 I BatteryMgr:DataCollectionService: stats => 1697972621396,196,4310,126,0,100
10-22 13:03:41.482  3957  4128 D WifiService: getConnectionInfo uid=1000
10-22 13:03:41.507  1743  2041 I BatteryMgr:DataCollectionService: stats => 1697972621506,196,4310,126,0,100
10-22 13:03:41.616  1743  2041 I BatteryMgr:DataCollectionService: stats => 1697972621616,196,4310,126,0,100
10-22 13:03:41.726  1743  2041 I BatteryMgr:DataCollectionService: stats => 1697972621726,196,4310,126,0,100
10-22 13:03:41.837  1743  2041 I BatteryMgr:DataCollectionService: stats => 1697972621837,196,4310,126,0,100
10-22 13:03:41.945  1743  2041 I BatteryMgr:DataCollectionService: stats => 1697972621945,196,4310,126,0,100
10-22 13:03:42.055  1743  2041 I BatteryMgr:DataCollectionService: stats => 1697972622054,196,4310,126,0,100
10-22 13:03:42.165  1743  2041 I BatteryMgr:DataCollectionService: stats => 1697972622165,196,4310,126,0,100
10-22 13:03:42.226  3957  4129 D WifiStateMachine:  ConnectedState !RSSI_PKTCNT_FETCH uid=1000 rt=579028810/1635004283 0 0 "ourhome" f4:6d:2f:12:cc:88 rssi=-38 f=5240 sc=60 link=433 tx=7.5, 0.0, 0.0  rx=11.9 bcn=375959 [on:0 tx:0 rx:0 period:1000] from screen [on:192070 period:1096706] score=60
10-22 13:03:42.227  3957  4129 D WifiStateMachine:  L2ConnectedState !RSSI_PKTCNT_FETCH uid=1000 rt=579028811/1635004284 0 0 "ourhome" f4:6d:2f:12:cc:88 rssi=-38 f=5240 sc=60 link=433 tx=7.5, 0.0, 0.0  rx=11.9 bcn=375959 [on:0 tx:0 rx:0 period:1] from screen [on:192070 period:1096707] score=60
10-22 13:03:42.234  3957  4129 D WifiStateMachine: fetchRssiLinkSpeedAndFrequencyNative rssi=-37 linkspeed=433 freq=5240
10-22 13:03:42.234  3957  4129 V WifiConfigManager: Updating scan detail cache freq=5240 BSSID=f4:6d:2f:12:cc:88 RSSI=-37 for "ourhome"WPA_PSK
10-22 13:03:42.272  1743  2041 I BatteryMgr:DataCollectionService: stats => 1697972622271,196,4310,126,0,100
10-22 13:03:42.378  1743  2041 I BatteryMgr:DataCollectionService: stats => 1697972622378,196,4310,126,0,100
10-22 13:03:42.387  3957  4129 D WifiStateMachine:  ConnectedState !CMD_RSSI_POLL rt=579028970/1635004443 104 0 "ourhome" f4:6d:2f:12:cc:88 rssi=-37 f=5240 sc=60 link=433 tx=7.5, 0.0, 0.0  rx=11.9 bcn=375959 [on:0 tx:0 rx:0 period:159] from screen [on:192070 period:1096866] score=60
10-22 13:03:42.388  3957  4129 D WifiStateMachine:  L2ConnectedState !CMD_RSSI_POLL rt=579028972/1635004445 104 0 "ourhome" f4:6d:2f:12:cc:88 rssi=-37 f=5240 sc=60 link=433 tx=7.5, 0.0, 0.0  rx=11.9 bcn=375959 [on:0 tx:0 rx:0 period:2] from screen [on:192070 period:1096868] score=60
10-22 13:03:42.388  3957  4129 D WifiStateMachine:  get link layer stats 3
10-22 13:03:42.388  3436  3436 I android.hardware.wifi@1.0-service: getLinkLayerStats
10-22 13:03:42.407  3957  4129 D WifiStateMachine: fetchRssiLinkSpeedAndFrequencyNative rssi=-37 linkspeed=433 freq=5240
10-22 13:03:42.407  3957  4129 V WifiConfigManager: Updating scan detail cache freq=5240 BSSID=f4:6d:2f:12:cc:88 RSSI=-37 for "ourhome"WPA_PSK
10-22 13:03:42.410  4340  4340 E SignalClusterView: setSlotFocusVisible : subId -2
10-22 13:03:42.410  4340  4340 E SignalClusterView: setSlotFocusVisible : subId -2
10-22 13:03:42.483  3957  4128 D WifiService: getConnectionInfo uid=1000
10-22 13:03:42.485  1743  2041 I BatteryMgr:DataCollectionService: stats => 1697972622485,196,4310,126,0,100
10-22 13:03:42.594  1743  2041 I BatteryMgr:DataCollectionService: stats => 1697972622594,196,4310,126,0,100
10-22 13:03:42.704  1743  2041 I BatteryMgr:DataCollectionService: stats => 1697972622703,196,4310,126,0,100
10-22 13:03:42.815  1743  2041 I BatteryMgr:DataCollectionService: stats => 1697972622815,196,4310,126,0,100
10-22 13:03:42.924  1743  2041 I BatteryMgr:DataCollectionService: stats => 1697972622924,196,4310,126,0,100
10-22 13:03:43.032  1743  2041 I BatteryMgr:DataCollectionService: stats => 1697972623031,196,4310,126,0,100
10-22 13:03:43.144  1743  2041 I BatteryMgr:DataCollectionService: stats => 1697972623144,196,4310,126,0,100
10-22 13:03:43.174  2479  2548 D ScanRecord: Not a Multi Manu data
10-22 13:03:43.192  2479  2548 I chatty  : uid=1002(bluetooth) BT Service Call identical 20 lines
10-22 13:03:43.192  2479  2548 D ScanRecord: Not a Multi Manu data
10-22 13:03:43.223  4340  4731 D NetworkController.MobileSignalController(0/-2): onSignalStrengthsChanged signalStrength=SignalStrength: 23 99 -23 -200 -23 -200 -1 99 2147483647 2147483647 2147483647 2147483647 0 2147483647 0x4 P gsm|lte level=4
10-22 13:03:43.223  4340  4731 D NetworkController.MobileSignalController(0/-2): getMobileIconGroup(): 0
10-22 13:03:43.224  2479  2548 D ScanRecord: Not a Multi Manu data
10-22 13:03:43.225  2479  2548 I chatty  : uid=1002(bluetooth) BT Service Call identical 9 lines
10-22 13:03:43.225  2479  2548 D ScanRecord: Not a Multi Manu data
10-22 13:03:43.229  3957  4129 D WifiStateMachine:  ConnectedState !RSSI_PKTCNT_FETCH uid=1000 rt=579029812/1635005285 0 0 "ourhome" f4:6d:2f:12:cc:88 rssi=-37 f=5240 sc=60 link=433 tx=2.7, 0.0, 0.0  rx=6.9 bcn=375988 [on:0 tx:0 rx:0 period:820] from screen [on:192305 period:1097709] score=60
10-22 13:03:43.233  3957  4129 D WifiStateMachine:  L2ConnectedState !RSSI_PKTCNT_FETCH uid=1000 rt=579029815/1635005287 0 0 "ourhome" f4:6d:2f:12:cc:88 rssi=-37 f=5240 sc=60 link=433 tx=2.7, 0.0, 0.0  rx=6.9 bcn=375988 [on:0 tx:0 rx:0 period:4] from screen [on:192305 period:1097713] score=60
10-22 13:03:43.236  3957  4129 D WifiStateMachine: fetchRssiLinkSpeedAndFrequencyNative rssi=-39 linkspeed=433 freq=5240
10-22 13:03:43.237  3957  4129 V WifiConfigManager: Updating scan detail cache freq=5240 BSSID=f4:6d:2f:12:cc:88 RSSI=-38 for "ourhome"WPA_PSK
10-22 13:03:43.238  2479  2548 D ScanRecord: Not a Multi Manu data
10-22 13:03:43.252  2479  2548 I chatty  : uid=1002(bluetooth) BT Service Call identical 20 lines
10-22 13:03:43.252  2479  2548 D ScanRecord: Not a Multi Manu data
10-22 13:03:43.254  1743  2041 I BatteryMgr:DataCollectionService: stats => 1697972623253,196,4310,126,0,100
10-22 13:03:43.263  2479  2548 D ScanRecord: Not a Multi Manu data
10-22 13:03:43.272  4961  4961 D io_stats: !@ 179,0 r 8692273 282645316 w 2021366 39943420 d 160664 36198036 f 619494 643660 iot 4023888 3481500 th 51200 0 0 pt 0 inp 0 0 579029.857
10-22 13:03:43.363  2479  2548 I chatty  : uid=1002(bluetooth) BT Service Call identical 119 lines
10-22 13:03:43.363  2479  2548 D ScanRecord: Not a Multi Manu data
10-22 13:03:43.365  1743  2041 I BatteryMgr:DataCollectionService: stats => 1697972623365,196,4310,126,0,100
10-22 13:03:43.367  2479  2548 D ScanRecord: Not a Multi Manu data
10-22 13:03:43.479  2479  2548 I chatty  : uid=1002(bluetooth) BT Service Call identical 108 lines
10-22 13:03:43.479  2479  2548 D ScanRecord: Not a Multi Manu data
10-22 13:03:43.479  1743  2041 I BatteryMgr:DataCollectionService: stats => 1697972623479,196,4310,126,0,100
10-22 13:03:43.486  3957  4128 D WifiService: getConnectionInfo uid=1000
10-22 13:03:43.486  2479  2548 D ScanRecord: Not a Multi Manu data
10-22 13:03:43.587  2479  2548 I chatty  : uid=1002(bluetooth) BT Service Call identical 108 lines
10-22 13:03:43.587  2479  2548 D ScanRecord: Not a Multi Manu data
10-22 13:03:43.589  1743  2041 I BatteryMgr:DataCollectionService: stats => 1697972623589,196,4310,126,0,100
10-22 13:03:43.607  2479  2548 D ScanRecord: Not a Multi Manu data
10-22 13:03:43.640  2479  2548 I chatty  : uid=1002(bluetooth) BT Service Call identical 64 lines
10-22 13:03:43.640  2479  2548 D ScanRecord: Not a Multi Manu data
10-22 13:03:43.697  1743  2041 I BatteryMgr:DataCollectionService: stats => 1697972623697,196,4310,126,0,100
10-22 13:03:43.804  1743  2041 I BatteryMgr:DataCollectionService: stats => 1697972623804,196,4310,126,0,100
10-22 13:03:43.911  1743  2041 I BatteryMgr:DataCollectionService: stats => 1697972623911,196,4310,126,0,100
10-22 13:03:44.021  1743  2041 I BatteryMgr:DataCollectionService: stats => 1697972624021,196,4310,126,0,100
10-22 13:03:44.131  1743  2041 I BatteryMgr:DataCollectionService: stats => 1697972624130,196,4310,126,0,100
10-22 13:03:44.231  3957  4129 D WifiStateMachine:  ConnectedState !RSSI_PKTCNT_FETCH uid=1000 rt=579030814/1635006287 0 0 "ourhome" f4:6d:2f:12:cc:88 rssi=-39 f=5240 sc=60 link=433 tx=2.7, 0.0, 0.0  rx=6.9 bcn=375988 [on:0 tx:0 rx:0 period:998] from screen [on:192305 period:1098711] score=60
10-22 13:03:44.232  3957  4129 D WifiStateMachine:  L2ConnectedState !RSSI_PKTCNT_FETCH uid=1000 rt=579030816/1635006289 0 0 "ourhome" f4:6d:2f:12:cc:88 rssi=-39 f=5240 sc=60 link=433 tx=2.7, 0.0, 0.0  rx=6.9 bcn=375988 [on:0 tx:0 rx:0 period:1] from screen [on:192305 period:1098712] score=60
10-22 13:03:44.238  3957  4129 D WifiStateMachine: fetchRssiLinkSpeedAndFrequencyNative rssi=-40 linkspeed=433 freq=5240
10-22 13:03:44.239  1743  2041 I BatteryMgr:DataCollectionService: stats => 1697972624238,196,4310,126,0,100
10-22 13:03:44.239  3957  4129 V WifiConfigManager: Updating scan detail cache freq=5240 BSSID=f4:6d:2f:12:cc:88 RSSI=-39 for "ourhome"WPA_PSK
10-22 13:03:44.346  1743  2041 I BatteryMgr:DataCollectionService: stats => 1697972624346,196,4310,126,0,100
10-22 13:03:44.454  1743  2041 I BatteryMgr:DataCollectionService: stats => 1697972624454,196,4310,126,0,100
10-22 13:03:44.489  3957  4128 D WifiService: getConnectionInfo uid=1000
10-22 13:03:44.565  1743  2041 I BatteryMgr:DataCollectionService: stats => 1697972624565,196,4310,126,0,100
10-22 13:03:44.684  1743  2041 I BatteryMgr:DataCollectionService: stats => 1697972624684,196,4310,126,0,100
10-22 13:03:44.795  1743  2041 I BatteryMgr:DataCollectionService: stats => 1697972624795,196,4310,126,0,100
10-22 13:03:44.905  1743  2041 I BatteryMgr:DataCollectionService: stats => 1697972624905,196,4310,126,0,100
10-22 13:03:45.016  1743  2041 I BatteryMgr:DataCollectionService: stats => 1697972625016,196,4310,126,0,100
10-22 13:03:45.126  1743  2041 I BatteryMgr:DataCollectionService: stats => 1697972625126,196,4310,126,0,100
10-22 13:03:45.235  3957  4129 D WifiStateMachine:  ConnectedState !RSSI_PKTCNT_FETCH uid=1000 rt=579031817/1635007289 0 0 "ourhome" f4:6d:2f:12:cc:88 rssi=-40 f=5240 sc=60 link=433 tx=2.7, 0.0, 0.0  rx=6.9 bcn=375988 [on:0 tx:0 rx:0 period:1003] from screen [on:192305 period:1099715] score=60
10-22 13:03:45.238  1743  2041 I BatteryMgr:DataCollectionService: stats => 1697972625237,196,4310,126,0,100
10-22 13:03:45.241  3957  4129 D WifiStateMachine:  L2ConnectedState !RSSI_PKTCNT_FETCH uid=1000 rt=579031821/1635007294 0 0 "ourhome" f4:6d:2f:12:cc:88 rssi=-40 f=5240 sc=60 link=433 tx=2.7, 0.0, 0.0  rx=6.9 bcn=375988 [on:0 tx:0 rx:0 period:5] from screen [on:192305 period:1099720] score=60
10-22 13:03:45.249  3957  4129 D WifiStateMachine: fetchRssiLinkSpeedAndFrequencyNative rssi=-39 linkspeed=433 freq=5240
10-22 13:03:45.249  3957  4129 V WifiConfigManager: Updating scan detail cache freq=5240 BSSID=f4:6d:2f:12:cc:88 RSSI=-39 for "ourhome"WPA_PSK
10-22 13:03:45.346  1743  2041 I BatteryMgr:DataCollectionService: stats => 1697972625346,196,4310,126,0,100
10-22 13:03:45.410  3957  4129 D WifiStateMachine:  ConnectedState !CMD_RSSI_POLL rt=579031994/1635007466 104 0 "ourhome" f4:6d:2f:12:cc:88 rssi=-39 f=5240 sc=60 link=433 tx=2.7, 0.0, 0.0  rx=6.9 bcn=375988 [on:0 tx:0 rx:0 period:170] from screen [on:192305 period:1099890] score=60
10-22 13:03:45.412  3957  4129 D WifiStateMachine:  L2ConnectedState !CMD_RSSI_POLL rt=579031996/1635007469 104 0 "ourhome" f4:6d:2f:12:cc:88 rssi=-39 f=5240 sc=60 link=433 tx=2.7, 0.0, 0.0  rx=6.9 bcn=375988 [on:0 tx:0 rx:0 period:2] from screen [on:192305 period:1099892] score=60
10-22 13:03:45.412  3957  4129 D WifiStateMachine:  get link layer stats 3
10-22 13:03:45.413  3436  3436 I android.hardware.wifi@1.0-service: getLinkLayerStats
10-22 13:03:45.427  3957  4129 D WifiStateMachine: fetchRssiLinkSpeedAndFrequencyNative rssi=-38 linkspeed=433 freq=5240
10-22 13:03:45.427  3957  4129 V WifiConfigManager: Updating scan detail cache freq=5240 BSSID=f4:6d:2f:12:cc:88 RSSI=-38 for "ourhome"WPA_PSK
10-22 13:03:45.434  4340  4340 E SignalClusterView: setSlotFocusVisible : subId -2
10-22 13:03:45.434  4340  4340 E SignalClusterView: setSlotFocusVisible : subId -2
10-22 13:03:45.457  1743  2041 I BatteryMgr:DataCollectionService: stats => 1697972625457,196,4310,126,0,100
10-22 13:03:45.491  3957  4128 D WifiService: getConnectionInfo uid=1000
10-22 13:03:45.563  1743  2041 I BatteryMgr:DataCollectionService: stats => 1697972625563,196,4310,126,0,100
10-22 13:03:45.674  1743  2041 I BatteryMgr:DataCollectionService: stats => 1697972625674,196,4310,126,0,100
10-22 13:03:45.782  1743  2041 I BatteryMgr:DataCollectionService: stats => 1697972625782,196,4310,126,0,100
10-22 13:03:45.893  1743  2041 I BatteryMgr:DataCollectionService: stats => 1697972625893,196,4310,126,0,100
10-22 13:03:45.902  3957  4030 D SensorService: [SO] 0.292 0.086 9.984
10-22 13:03:46.003  1743  2041 I BatteryMgr:DataCollectionService: stats => 1697972626003,196,4310,126,0,100
10-22 13:03:46.112  1743  2041 I BatteryMgr:DataCollectionService: stats => 1697972626112,196,4310,126,0,100
10-22 13:03:46.220  1743  2041 I BatteryMgr:DataCollectionService: stats => 1697972626220,196,4310,126,0,100
10-22 13:03:46.235  3957  4129 D WifiStateMachine:  ConnectedState !RSSI_PKTCNT_FETCH uid=1000 rt=579032818/1635008291 0 0 "ourhome" f4:6d:2f:12:cc:88 rssi=-38 f=5240 sc=60 link=433 tx=1.6, 0.0, 0.0  rx=6.3 bcn=376013 [on:0 tx:0 rx:0 period:801] from screen [on:192894 period:1100714] score=60
10-22 13:03:46.236  3957  4129 D WifiStateMachine:  L2ConnectedState !RSSI_PKTCNT_FETCH uid=1000 rt=579032820/1635008293 0 0 "ourhome" f4:6d:2f:12:cc:88 rssi=-38 f=5240 sc=60 link=433 tx=1.6, 0.0, 0.0  rx=6.3 bcn=376013 [on:0 tx:0 rx:0 period:2] from screen [on:192894 period:1100716] score=60
10-22 13:03:46.243  3957  4129 D WifiStateMachine: fetchRssiLinkSpeedAndFrequencyNative rssi=-38 linkspeed=433 freq=5240
10-22 13:03:46.243  3957  4129 V WifiConfigManager: Updating scan detail cache freq=5240 BSSID=f4:6d:2f:12:cc:88 RSSI=-38 for "ourhome"WPA_PSK
10-22 13:03:46.332  1743  2041 I BatteryMgr:DataCollectionService: stats => 1697972626332,101,4310,148,0,100
10-22 13:03:46.440  1743  2041 I BatteryMgr:DataCollectionService: stats => 1697972626439,101,4310,148,0,100
10-22 13:03:46.493  3957  4128 D WifiService: getConnectionInfo uid=1000
10-22 13:03:46.545  1743  2041 I BatteryMgr:DataCollectionService: stats => 1697972626545,101,4310,148,0,100
10-22 13:03:46.651  1743  2041 I BatteryMgr:DataCollectionService: stats => 1697972626651,101,4310,148,0,100
10-22 13:03:46.761  1743  2041 I BatteryMgr:DataCollectionService: stats => 1697972626760,101,4310,148,0,100
10-22 13:03:46.869  1743  2041 I BatteryMgr:DataCollectionService: stats => 1697972626869,101,4310,148,0,100
10-22 13:03:46.978  1743  2041 I BatteryMgr:DataCollectionService: stats => 1697972626978,101,4310,148,0,100
10-22 13:03:47.086  1743  2041 I BatteryMgr:DataCollectionService: stats => 1697972627086,101,4310,148,0,100
10-22 13:03:47.152  3957  5416 D BatteryService: !@BatteryListener : batteryPropertiesChanged!
10-22 13:03:47.196  1743  2041 I BatteryMgr:DataCollectionService: stats => 1697972627196,101,4310,148,0,100
10-22 13:03:47.236  3957  4129 D WifiStateMachine:  ConnectedState !RSSI_PKTCNT_FETCH uid=1000 rt=579033819/1635009292 0 0 "ourhome" f4:6d:2f:12:cc:88 rssi=-38 f=5240 sc=60 link=433 tx=1.6, 0.0, 0.0  rx=6.3 bcn=376013 [on:0 tx:0 rx:0 period:999] from screen [on:192894 period:1101715] score=60
10-22 13:03:47.239  3957  4129 D WifiStateMachine:  L2ConnectedState !RSSI_PKTCNT_FETCH uid=1000 rt=579033822/1635009294 0 0 "ourhome" f4:6d:2f:12:cc:88 rssi=-38 f=5240 sc=60 link=433 tx=1.6, 0.0, 0.0  rx=6.3 bcn=376013 [on:0 tx:0 rx:0 period:4] from screen [on:192894 period:1101719] score=60
10-22 13:03:47.246  3957  4129 D WifiStateMachine: fetchRssiLinkSpeedAndFrequencyNative rssi=-46 linkspeed=433 freq=5240
10-22 13:03:47.246  3957  4129 V WifiConfigManager: Updating scan detail cache freq=5240 BSSID=f4:6d:2f:12:cc:88 RSSI=-42 for "ourhome"WPA_PSK
10-22 13:03:47.308  1743  2041 I BatteryMgr:DataCollectionService: stats => 1697972627307,101,4310,148,0,100
10-22 13:03:47.417  1743  2041 I BatteryMgr:DataCollectionService: stats => 1697972627416,101,4310,148,0,100
10-22 13:03:47.495  3957  4128 D WifiService: getConnectionInfo uid=1000
10-22 13:03:47.525  1743  2041 I BatteryMgr:DataCollectionService: stats => 1697972627524,101,4310,148,0,100
10-22 13:03:47.633  1743  2041 I BatteryMgr:DataCollectionService: stats => 1697972627633,101,4310,148,0,100
10-22 13:03:47.745  1743  2041 I BatteryMgr:DataCollectionService: stats => 1697972627745,101,4310,148,0,100
10-22 13:03:47.857  1743  2041 I BatteryMgr:DataCollectionService: stats => 1697972627856,101,4310,148,0,100
10-22 13:03:47.966  1743  2041 I BatteryMgr:DataCollectionService: stats => 1697972627966,101,4310,148,0,100
10-22 13:03:48.071  1743  2041 I BatteryMgr:DataCollectionService: stats => 1697972628071,101,4310,148,0,100
10-22 13:03:48.150  2479  2548 D ScanRecord: Not a Multi Manu data
10-22 13:03:48.175  2479  2548 I chatty  : uid=1002(bluetooth) BT Service Call identical 20 lines
10-22 13:03:48.175  2479  2548 D ScanRecord: Not a Multi Manu data
10-22 13:03:48.176  1743  2041 I BatteryMgr:DataCollectionService: stats => 1697972628176,101,4310,148,0,100
10-22 13:03:48.197  2479  2548 D ScanRecord: Not a Multi Manu data
10-22 13:03:48.235  2479  2548 I chatty  : uid=1002(bluetooth) BT Service Call identical 53 lines
10-22 13:03:48.235  2479  2548 D ScanRecord: Not a Multi Manu data
10-22 13:03:48.236  3957  4129 D WifiStateMachine:  ConnectedState !RSSI_PKTCNT_FETCH uid=1000 rt=579034820/1635010293 0 0 "ourhome" f4:6d:2f:12:cc:88 rssi=-46 f=5240 sc=60 link=433 tx=1.6, 0.0, 0.0  rx=6.3 bcn=376013 [on:0 tx:0 rx:0 period:997] from screen [on:192894 period:1102716] score=60
10-22 13:03:48.237  3957  4129 D WifiStateMachine:  L2ConnectedState !RSSI_PKTCNT_FETCH uid=1000 rt=579034822/1635010294 0 0 "ourhome" f4:6d:2f:12:cc:88 rssi=-46 f=5240 sc=60 link=433 tx=1.6, 0.0, 0.0  rx=6.3 bcn=376013 [on:0 tx:0 rx:0 period:1] from screen [on:192894 period:1102717] score=60
10-22 13:03:48.239  3957  4129 D WifiStateMachine: fetchRssiLinkSpeedAndFrequencyNative rssi=-51 linkspeed=433 freq=5240
10-22 13:03:48.239  3957  4129 V WifiConfigManager: Updating scan detail cache freq=5240 BSSID=f4:6d:2f:12:cc:88 RSSI=-46 for "ourhome"WPA_PSK
10-22 13:03:48.242  2479  2548 D ScanRecord: Not a Multi Manu data
10-22 13:03:48.275  4961  4961 D io_stats: !@ 179,0 r 8692337 282646924 w 2021379 39943540 d 160665 36198088 f 619496 643662 iot 4023940 3481534 th 51200 0 0 pt 0 inp 0 0 579034.860
10-22 13:03:48.282  2479  2548 I chatty  : uid=1002(bluetooth) BT Service Call identical 75 lines
10-22 13:03:48.282  2479  2548 D ScanRecord: Not a Multi Manu data
10-22 13:03:48.283  1743  2041 I BatteryMgr:DataCollectionService: stats => 1697972628283,101,4310,148,0,100
10-22 13:03:48.285  2479  2548 D ScanRecord: Not a Multi Manu data
10-22 13:03:48.388  2479  2548 I chatty  : uid=1002(bluetooth) BT Service Call identical 141 lines
10-22 13:03:48.388  2479  2548 D ScanRecord: Not a Multi Manu data
10-22 13:03:48.388  1743  2041 I BatteryMgr:DataCollectionService: stats => 1697972628388,101,4310,148,0,100
10-22 13:03:48.405  2479  2548 D ScanRecord: Not a Multi Manu data
10-22 13:03:48.423  2479  2548 I chatty  : uid=1002(bluetooth) BT Service Call identical 42 lines
10-22 13:03:48.423  2479  2548 D ScanRecord: Not a Multi Manu data
10-22 13:03:48.432  3957  4129 D WifiStateMachine:  ConnectedState !CMD_RSSI_POLL rt=579035016/1635010488 104 0 "ourhome" f4:6d:2f:12:cc:88 rssi=-51 f=5240 sc=60 link=433 tx=1.6, 0.0, 0.0  rx=6.3 bcn=376013 [on:0 tx:0 rx:0 period:195] from screen [on:192894 period:1102912] score=60
10-22 13:03:48.434  3957  4129 D WifiStateMachine:  L2ConnectedState !CMD_RSSI_POLL rt=579035018/1635010490 104 0 "ourhome" f4:6d:2f:12:cc:88 rssi=-51 f=5240 sc=60 link=433 tx=1.6, 0.0, 0.0  rx=6.3 bcn=376013 [on:0 tx:0 rx:0 period:1] from screen [on:192894 period:1102913] score=60
10-22 13:03:48.434  3957  4129 D WifiStateMachine:  get link layer stats 3
10-22 13:03:48.434  3436  3436 I android.hardware.wifi@1.0-service: getLinkLayerStats
10-22 13:03:48.439  3957  4129 D WifiStateMachine: fetchRssiLinkSpeedAndFrequencyNative rssi=-48 linkspeed=433 freq=5240
10-22 13:03:48.439  3957  4129 V WifiConfigManager: Updating scan detail cache freq=5240 BSSID=f4:6d:2f:12:cc:88 RSSI=-47 for "ourhome"WPA_PSK
10-22 13:03:48.443  4340  4340 E SignalClusterView: setSlotFocusVisible : subId -2
10-22 13:03:48.443  4340  4340 E SignalClusterView: setSlotFocusVisible : subId -2
10-22 13:03:48.444  2479  2548 D ScanRecord: Not a Multi Manu data
10-22 13:03:48.484  2479  2548 I chatty  : uid=1002(bluetooth) BT Service Call identical 42 lines
10-22 13:03:48.484  2479  2548 D ScanRecord: Not a Multi Manu data
10-22 13:03:48.498  3957  4128 D WifiService: getConnectionInfo uid=1000
10-22 13:03:48.498  1743  2041 I BatteryMgr:DataCollectionService: stats => 1697972628498,101,4310,148,0,100
10-22 13:03:48.499  2479  2548 D ScanRecord: Not a Multi Manu data
10-22 13:03:48.603  2479  2548 I chatty  : uid=1002(bluetooth) BT Service Call identical 108 lines
10-22 13:03:48.603  2479  2548 D ScanRecord: Not a Multi Manu data
10-22 13:03:48.604  1743  2041 I BatteryMgr:DataCollectionService: stats => 1697972628603,101,4310,148,0,100
10-22 13:03:48.621  2479  2548 D ScanRecord: Not a Multi Manu data
10-22 13:03:48.625  2479  2548 I chatty  : uid=1002(bluetooth) BT Service Call identical 20 lines
10-22 13:03:48.626  2479  2548 D ScanRecord: Not a Multi Manu data
10-22 13:03:48.691  3957  6478 D SSRM:k  : SIOP:: AP = 330, PST = 313 (W:26), BAT = 248, USB = 0, CHG = 0
10-22 13:03:48.708  1743  2041 I BatteryMgr:DataCollectionService: stats => 1697972628708,101,4310,148,0,100
10-22 13:03:48.818  1743  2041 I BatteryMgr:DataCollectionService: stats => 1697972628818,101,4310,148,0,100
10-22 13:03:48.926  1743  2041 I BatteryMgr:DataCollectionService: stats => 1697972628926,101,4310,148,0,100
10-22 13:03:49.035  1743  2041 I BatteryMgr:DataCollectionService: stats => 1697972629035,101,4310,148,0,100
10-22 13:03:49.140  1743  2041 I BatteryMgr:DataCollectionService: stats => 1697972629140,101,4310,148,0,100
10-22 13:03:49.238  3957  4129 D WifiStateMachine:  ConnectedState !RSSI_PKTCNT_FETCH uid=1000 rt=579035821/1635011294 0 0 "ourhome" f4:6d:2f:12:cc:88 rssi=-48 f=5240 sc=60 link=433 tx=0.6, 0.0, 0.0  rx=29.6 bcn=376042 [on:0 tx:0 rx:0 period:794] from screen [on:193622 period:1103717] score=60
10-22 13:03:49.240  3957  4129 D WifiStateMachine:  L2ConnectedState !RSSI_PKTCNT_FETCH uid=1000 rt=579035824/1635011296 0 0 "ourhome" f4:6d:2f:12:cc:88 rssi=-48 f=5240 sc=60 link=433 tx=0.6, 0.0, 0.0  rx=29.6 bcn=376042 [on:0 tx:0 rx:0 period:2] from screen [on:193622 period:1103719] score=60
10-22 13:03:49.246  3957  4129 D WifiStateMachine: fetchRssiLinkSpeedAndFrequencyNative rssi=-42 linkspeed=433 freq=5240
10-22 13:03:49.247  3957  4129 V WifiConfigManager: Updating scan detail cache freq=5240 BSSID=f4:6d:2f:12:cc:88 RSSI=-44 for "ourhome"WPA_PSK
10-22 13:03:49.249  1743  2041 I BatteryMgr:DataCollectionService: stats => 1697972629249,101,4310,148,0,100
10-22 13:03:49.357  1743  2041 I BatteryMgr:DataCollectionService: stats => 1697972629357,101,4310,148,0,100
10-22 13:03:49.466  1743  2041 I BatteryMgr:DataCollectionService: stats => 1697972629466,101,4310,148,0,100
10-22 13:03:49.501  3957  4128 D WifiService: getConnectionInfo uid=1000
10-22 13:03:49.577  1743  2041 I BatteryMgr:DataCollectionService: stats => 1697972629576,101,4310,148,0,100
10-22 13:03:49.682  1743  2041 I BatteryMgr:DataCollectionService: stats => 1697972629682,101,4310,148,0,100
10-22 13:03:49.790  1743  2041 I BatteryMgr:DataCollectionService: stats => 1697972629789,101,4310,148,0,100
10-22 13:03:49.898  1743  2041 I BatteryMgr:DataCollectionService: stats => 1697972629897,101,4310,148,0,100
10-22 13:03:50.006  1743  2041 I BatteryMgr:DataCollectionService: stats => 1697972630006,101,4310,148,0,100
10-22 13:03:50.114  1743  2041 I BatteryMgr:DataCollectionService: stats => 1697972630114,101,4310,148,0,100
10-22 13:03:50.223  1743  2041 I BatteryMgr:DataCollectionService: stats => 1697972630223,101,4310,148,0,100
10-22 13:03:50.239  3957  4129 D WifiStateMachine:  ConnectedState !RSSI_PKTCNT_FETCH uid=1000 rt=579036823/1635012295 0 0 "ourhome" f4:6d:2f:12:cc:88 rssi=-42 f=5240 sc=60 link=433 tx=0.6, 0.0, 0.0  rx=29.6 bcn=376042 [on:0 tx:0 rx:0 period:1000] from screen [on:193622 period:1104719] score=60
10-22 13:03:50.241  3957  4129 D WifiStateMachine:  L2ConnectedState !RSSI_PKTCNT_FETCH uid=1000 rt=579036825/1635012298 0 0 "ourhome" f4:6d:2f:12:cc:88 rssi=-42 f=5240 sc=60 link=433 tx=0.6, 0.0, 0.0  rx=29.6 bcn=376042 [on:0 tx:0 rx:0 period:2] from screen [on:193622 period:1104721] score=60
10-22 13:03:50.243  3957  4129 D WifiStateMachine: fetchRssiLinkSpeedAndFrequencyNative rssi=-39 linkspeed=433 freq=5240
10-22 13:03:50.244  3957  4129 V WifiConfigManager: Updating scan detail cache freq=5240 BSSID=f4:6d:2f:12:cc:88 RSSI=-41 for "ourhome"WPA_PSK
10-22 13:03:50.331  1743  2041 I BatteryMgr:DataCollectionService: stats => 1697972630331,101,4310,148,0,100
10-22 13:03:50.440  1743  2041 I BatteryMgr:DataCollectionService: stats => 1697972630440,101,4310,148,0,100
10-22 13:03:50.503  3957  4128 D WifiService: getConnectionInfo uid=1000
10-22 13:03:50.549  1743  2041 I BatteryMgr:DataCollectionService: stats => 1697972630548,101,4310,148,0,100
10-22 13:03:50.654  1743  2041 I BatteryMgr:DataCollectionService: stats => 1697972630654,101,4310,148,0,100
10-22 13:03:50.762  1743  2041 I BatteryMgr:DataCollectionService: stats => 1697972630762,101,4310,148,0,100
10-22 13:03:50.875  1743  2041 I BatteryMgr:DataCollectionService: stats => 1697972630875,101,4310,148,0,100
10-22 13:03:50.986  1743  2041 I BatteryMgr:DataCollectionService: stats => 1697972630985,101,4310,148,0,100
10-22 13:03:51.093  1743  2041 I BatteryMgr:DataCollectionService: stats => 1697972631093,101,4310,148,0,100
10-22 13:03:51.199  1743  2041 I BatteryMgr:DataCollectionService: stats => 1697972631198,101,4310,148,0,100
10-22 13:03:51.240  3957  4129 D WifiStateMachine:  ConnectedState !RSSI_PKTCNT_FETCH uid=1000 rt=579037824/1635013297 0 0 "ourhome" f4:6d:2f:12:cc:88 rssi=-39 f=5240 sc=60 link=433 tx=0.6, 0.0, 0.0  rx=29.6 bcn=376042 [on:0 tx:0 rx:0 period:999] from screen [on:193622 period:1105720] score=60
10-22 13:03:51.242  3957  4129 D WifiStateMachine:  L2ConnectedState !RSSI_PKTCNT_FETCH uid=1000 rt=579037826/1635013298 0 0 "ourhome" f4:6d:2f:12:cc:88 rssi=-39 f=5240 sc=60 link=433 tx=0.6, 0.0, 0.0  rx=29.6 bcn=376042 [on:0 tx:0 rx:0 period:2] from screen [on:193622 period:1105722] score=60
10-22 13:03:51.248  3957  4129 D WifiStateMachine: fetchRssiLinkSpeedAndFrequencyNative rssi=-41 linkspeed=433 freq=5240
10-22 13:03:51.248  3957  4129 V WifiConfigManager: Updating scan detail cache freq=5240 BSSID=f4:6d:2f:12:cc:88 RSSI=-41 for "ourhome"WPA_PSK
10-22 13:03:51.306  1743  2041 I BatteryMgr:DataCollectionService: stats => 1697972631306,101,4310,148,0,100
10-22 13:03:51.413  1743  2041 I BatteryMgr:DataCollectionService: stats => 1697972631412,101,4310,148,0,100
10-22 13:03:51.442  3957  4129 D WifiStateMachine:  ConnectedState !CMD_RSSI_POLL rt=579038026/1635013498 104 0 "ourhome" f4:6d:2f:12:cc:88 rssi=-41 f=5240 sc=60 link=433 tx=0.6, 0.0, 0.0  rx=29.6 bcn=376042 [on:0 tx:0 rx:0 period:199] from screen [on:193622 period:1105921] score=60
10-22 13:03:51.444  3957  4129 D WifiStateMachine:  L2ConnectedState !CMD_RSSI_POLL rt=579038028/1635013500 104 0 "ourhome" f4:6d:2f:12:cc:88 rssi=-41 f=5240 sc=60 link=433 tx=0.6, 0.0, 0.0  rx=29.6 bcn=376042 [on:0 tx:0 rx:0 period:3] from screen [on:193622 period:1105924] score=60
10-22 13:03:51.445  3957  4129 D WifiStateMachine:  get link layer stats 3
10-22 13:03:51.445  3436  3436 I android.hardware.wifi@1.0-service: getLinkLayerStats
10-22 13:03:51.463  3957  4129 D WifiStateMachine: fetchRssiLinkSpeedAndFrequencyNative rssi=-41 linkspeed=433 freq=5240
10-22 13:03:51.463  3957  4129 V WifiConfigManager: Updating scan detail cache freq=5240 BSSID=f4:6d:2f:12:cc:88 RSSI=-41 for "ourhome"WPA_PSK
10-22 13:03:51.467  4340  4340 E SignalClusterView: setSlotFocusVisible : subId -2
10-22 13:03:51.468  4340  4340 E SignalClusterView: setSlotFocusVisible : subId -2
10-22 13:03:51.506  3957  4128 D WifiService: getConnectionInfo uid=1000
10-22 13:03:51.519  1743  2041 I BatteryMgr:DataCollectionService: stats => 1697972631519,101,4310,148,0,100
10-22 13:03:51.626  1743  2041 I BatteryMgr:DataCollectionService: stats => 1697972631626,101,4310,148,0,100
10-22 13:03:51.733  1743  2041 I BatteryMgr:DataCollectionService: stats => 1697972631732,101,4310,148,0,100
10-22 13:03:51.841  1743  2041 I BatteryMgr:DataCollectionService: stats => 1697972631841,101,4310,148,0,100
10-22 13:03:51.948  1743  2041 I BatteryMgr:DataCollectionService: stats => 1697972631947,101,4310,148,0,100
10-22 13:03:52.053  1743  2041 I BatteryMgr:DataCollectionService: stats => 1697972632053,101,4310,148,0,100
10-22 13:03:52.163  1743  2041 I BatteryMgr:DataCollectionService: stats => 1697972632163,101,4310,148,0,100
10-22 13:03:52.242  3957  4129 D WifiStateMachine:  ConnectedState !RSSI_PKTCNT_FETCH uid=1000 rt=579038826/1635014298 0 0 "ourhome" f4:6d:2f:12:cc:88 rssi=-41 f=5240 sc=60 link=433 tx=0.2, 0.0, 0.0  rx=13.3 bcn=376070 [on:0 tx:0 rx:0 period:776] from screen [on:193836 period:1106722] score=60
10-22 13:03:52.246  3957  4129 D WifiStateMachine:  L2ConnectedState !RSSI_PKTCNT_FETCH uid=1000 rt=579038828/1635014300 0 0 "ourhome" f4:6d:2f:12:cc:88 rssi=-41 f=5240 sc=60 link=433 tx=0.2, 0.0, 0.0  rx=13.3 bcn=376070 [on:0 tx:0 rx:0 period:3] from screen [on:193836 period:1106725] score=60
10-22 13:03:52.253  3957  4129 D WifiStateMachine: fetchRssiLinkSpeedAndFrequencyNative rssi=-39 linkspeed=433 freq=5240
10-22 13:03:52.254  3957  4129 V WifiConfigManager: Updating scan detail cache freq=5240 BSSID=f4:6d:2f:12:cc:88 RSSI=-39 for "ourhome"WPA_PSK
10-22 13:03:52.271  1743  2041 I BatteryMgr:DataCollectionService: stats => 1697972632271,101,4310,148,0,100
10-22 13:03:52.380  1743  2041 I BatteryMgr:DataCollectionService: stats => 1697972632380,101,4310,148,0,100
10-22 13:03:52.487  1743  2041 I BatteryMgr:DataCollectionService: stats => 1697972632487,101,4310,148,0,100
10-22 13:03:52.509  3957  4128 D WifiService: getConnectionInfo uid=1000
10-22 13:03:52.597  1743  2041 I BatteryMgr:DataCollectionService: stats => 1697972632597,101,4310,148,0,100
10-22 13:03:52.703  1743  2041 I BatteryMgr:DataCollectionService: stats => 1697972632703,101,4310,148,0,100
10-22 13:03:52.812  1743  2041 I BatteryMgr:DataCollectionService: stats => 1697972632812,101,4310,148,0,100
10-22 13:03:52.919  1743  2041 I BatteryMgr:DataCollectionService: stats => 1697972632919,101,4310,148,0,100
10-22 13:03:53.034  1743  2041 I BatteryMgr:DataCollectionService: stats => 1697972633034,101,4310,148,0,100
10-22 13:03:53.142  1743  2041 I BatteryMgr:DataCollectionService: stats => 1697972633142,101,4310,148,0,100
10-22 13:03:53.156  2479  2548 D ScanRecord: Not a Multi Manu data
10-22 13:03:53.242  2479  2548 I chatty  : uid=1002(bluetooth) BT Service Call identical 42 lines
10-22 13:03:53.242  2479  2548 D ScanRecord: Not a Multi Manu data
10-22 13:03:53.245  3957  4129 D WifiStateMachine:  ConnectedState !RSSI_PKTCNT_FETCH uid=1000 rt=579039828/1635015301 0 0 "ourhome" f4:6d:2f:12:cc:88 rssi=-39 f=5240 sc=60 link=433 tx=0.2, 0.0, 0.0  rx=13.3 bcn=376070 [on:0 tx:0 rx:0 period:1000] from screen [on:193836 period:1107725] score=60
10-22 13:03:53.249  3957  4129 D WifiStateMachine:  L2ConnectedState !RSSI_PKTCNT_FETCH uid=1000 rt=579039831/1635015304 0 0 "ourhome" f4:6d:2f:12:cc:88 rssi=-39 f=5240 sc=60 link=433 tx=0.2, 0.0, 0.0  rx=13.3 bcn=376070 [on:0 tx:0 rx:0 period:4] from screen [on:193836 period:1107729] score=60
10-22 13:03:53.249  2479  2548 D ScanRecord: Not a Multi Manu data
10-22 13:03:53.250  2479  2548 I chatty  : uid=1002(bluetooth) BT Service Call identical 9 lines
10-22 13:03:53.250  2479  2548 D ScanRecord: Not a Multi Manu data
10-22 13:03:53.251  3957  4129 D WifiStateMachine: fetchRssiLinkSpeedAndFrequencyNative rssi=-39 linkspeed=433 freq=5240
10-22 13:03:53.251  3957  4129 V WifiConfigManager: Updating scan detail cache freq=5240 BSSID=f4:6d:2f:12:cc:88 RSSI=-39 for "ourhome"WPA_PSK
10-22 13:03:53.256  1743  2041 I BatteryMgr:DataCollectionService: stats => 1697972633255,101,4310,148,0,100
10-22 13:03:53.257  2479  2548 D ScanRecord: Not a Multi Manu data
10-22 13:03:53.278  4961  4961 D io_stats: !@ 179,0 r 8692425 282648392 w 2021392 39943708 d 160668 36198728 f 619497 643663 iot 4023964 3481559 th 51200 0 0 pt 0 inp 0 0 579039.862
10-22 13:03:53.357  2479  2548 I chatty  : uid=1002(bluetooth) BT Service Call identical 174 lines
10-22 13:03:53.357  2479  2548 D ScanRecord: Not a Multi Manu data
10-22 13:03:53.364  1743  2041 I BatteryMgr:DataCollectionService: stats => 1697972633364,101,4310,148,0,100
10-22 13:03:53.388  2479  2548 D ScanRecord: Not a Multi Manu data
10-22 13:03:53.464  2479  2548 I chatty  : uid=1002(bluetooth) BT Service Call identical 97 lines
10-22 13:03:53.464  2479  2548 D ScanRecord: Not a Multi Manu data
10-22 13:03:53.470  1743  2041 I BatteryMgr:DataCollectionService: stats => 1697972633470,101,4310,148,0,100
10-22 13:03:53.481  2479  2548 D ScanRecord: Not a Multi Manu data
10-22 13:03:53.510  2479  2548 I chatty  : uid=1002(bluetooth) BT Service Call identical 31 lines
10-22 13:03:53.510  2479  2548 D ScanRecord: Not a Multi Manu data
10-22 13:03:53.511  3957  4128 D WifiService: getConnectionInfo uid=1000
10-22 13:03:53.527  2479  2548 D ScanRecord: Not a Multi Manu data
10-22 13:03:53.576  2479  2548 I chatty  : uid=1002(bluetooth) BT Service Call identical 97 lines
10-22 13:03:53.576  2479  2548 D ScanRecord: Not a Multi Manu data
10-22 13:03:53.578  1743  2041 I BatteryMgr:DataCollectionService: stats => 1697972633578,101,4310,148,0,100
10-22 13:03:53.589  2479  2548 D ScanRecord: Not a Multi Manu data
10-22 13:03:53.652  2479  2548 I chatty  : uid=1002(bluetooth) BT Service Call identical 42 lines
10-22 13:03:53.652  2479  2548 D ScanRecord: Not a Multi Manu data
10-22 13:03:53.686  1743  2041 I BatteryMgr:DataCollectionService: stats => 1697972633686,101,4310,148,0,100
10-22 13:03:53.795  1743  2041 I BatteryMgr:DataCollectionService: stats => 1697972633795,101,4310,148,0,100
10-22 13:03:53.908  1743  2041 I BatteryMgr:DataCollectionService: stats => 1697972633908,101,4310,148,0,100
10-22 13:03:54.017  1743  2041 I BatteryMgr:DataCollectionService: stats => 1697972634017,101,4310,148,0,100
10-22 13:03:54.124  1743  2041 I BatteryMgr:DataCollectionService: stats => 1697972634124,101,4310,148,0,100
10-22 13:03:54.233  1743  2041 I BatteryMgr:DataCollectionService: stats => 1697972634233,101,4310,148,0,100
10-22 13:03:54.248  3957  4129 D WifiStateMachine:  ConnectedState !RSSI_PKTCNT_FETCH uid=1000 rt=579040829/1635016302 0 0 "ourhome" f4:6d:2f:12:cc:88 rssi=-39 f=5240 sc=60 link=433 tx=0.2, 0.0, 0.0  rx=13.3 bcn=376070 [on:0 tx:0 rx:0 period:998] from screen [on:193836 period:1108727] score=60
10-22 13:03:54.251  3957  4129 D WifiStateMachine:  L2ConnectedState !RSSI_PKTCNT_FETCH uid=1000 rt=579040834/1635016307 0 0 "ourhome" f4:6d:2f:12:cc:88 rssi=-39 f=5240 sc=60 link=433 tx=0.2, 0.0, 0.0  rx=13.3 bcn=376070 [on:0 tx:0 rx:0 period:3] from screen [on:193836 period:1108730] score=60
10-22 13:03:54.257  3957  4129 D WifiStateMachine: fetchRssiLinkSpeedAndFrequencyNative rssi=-40 linkspeed=433 freq=5240
10-22 13:03:54.258  3957  4129 V WifiConfigManager: Updating scan detail cache freq=5240 BSSID=f4:6d:2f:12:cc:88 RSSI=-39 for "ourhome"WPA_PSK
10-22 13:03:54.341  1743  2041 I BatteryMgr:DataCollectionService: stats => 1697972634341,101,4310,148,0,100
10-22 13:03:54.451  1743  2041 I BatteryMgr:DataCollectionService: stats => 1697972634451,101,4310,148,0,100
10-22 13:03:54.467  3957  4129 D WifiStateMachine:  ConnectedState !CMD_RSSI_POLL rt=579041050/1635016523 104 0 "ourhome" f4:6d:2f:12:cc:88 rssi=-40 f=5240 sc=60 link=433 tx=0.2, 0.0, 0.0  rx=13.3 bcn=376070 [on:0 tx:0 rx:0 period:217] from screen [on:193836 period:1108947] score=60
10-22 13:03:54.472  3957  4129 D WifiStateMachine:  L2ConnectedState !CMD_RSSI_POLL rt=579041053/1635016526 104 0 "ourhome" f4:6d:2f:12:cc:88 rssi=-40 f=5240 sc=60 link=433 tx=0.2, 0.0, 0.0  rx=13.3 bcn=376070 [on:0 tx:0 rx:0 period:5] from screen [on:193836 period:1108952] score=60
10-22 13:03:54.472  3957  4129 D WifiStateMachine:  get link layer stats 3
10-22 13:03:54.473  3436  3436 I android.hardware.wifi@1.0-service: getLinkLayerStats
10-22 13:03:54.493  3957  4129 D WifiStateMachine: fetchRssiLinkSpeedAndFrequencyNative rssi=-40 linkspeed=433 freq=5240
10-22 13:03:54.493  3957  4129 V WifiConfigManager: Updating scan detail cache freq=5240 BSSID=f4:6d:2f:12:cc:88 RSSI=-39 for "ourhome"WPA_PSK
10-22 13:03:54.503  4340  4340 E SignalClusterView: setSlotFocusVisible : subId -2
10-22 13:03:54.503  4340  4340 E SignalClusterView: setSlotFocusVisible : subId -2
10-22 13:03:54.514  3957  4128 D WifiService: getConnectionInfo uid=1000
10-22 13:03:54.561  1743  2041 I BatteryMgr:DataCollectionService: stats => 1697972634561,101,4310,148,0,100
10-22 13:03:54.677  1743  2041 I BatteryMgr:DataCollectionService: stats => 1697972634677,101,4310,148,0,100
10-22 13:03:54.789  1743  2041 I BatteryMgr:DataCollectionService: stats => 1697972634789,101,4310,148,0,100
10-22 13:03:54.899  1743  2041 I BatteryMgr:DataCollectionService: stats => 1697972634899,101,4310,148,0,100
10-22 13:03:55.009  1743  2041 I BatteryMgr:DataCollectionService: stats => 1697972635009,101,4310,148,0,100
10-22 13:03:55.121  1743  2041 I BatteryMgr:DataCollectionService: stats => 1697972635121,101,4310,148,0,100
10-22 13:03:55.229  1743  2041 I BatteryMgr:DataCollectionService: stats => 1697972635229,101,4310,148,0,100
10-22 13:03:55.246  3957  4129 D WifiStateMachine:  ConnectedState !RSSI_PKTCNT_FETCH uid=1000 rt=579041831/1635017303 0 0 "ourhome" f4:6d:2f:12:cc:88 rssi=-40 f=5240 sc=60 link=433 tx=0.7, 0.0, 0.0  rx=5.5 bcn=376098 [on:0 tx:0 rx:0 period:749] from screen [on:194370 period:1109726] score=60
10-22 13:03:55.248  3957  4129 D WifiStateMachine:  L2ConnectedState !RSSI_PKTCNT_FETCH uid=1000 rt=579041832/1635017305 0 0 "ourhome" f4:6d:2f:12:cc:88 rssi=-40 f=5240 sc=60 link=433 tx=0.7, 0.0, 0.0  rx=5.5 bcn=376098 [on:0 tx:0 rx:0 period:1] from screen [on:194370 period:1109727] score=60
10-22 13:03:55.254  3957  4129 D WifiStateMachine: fetchRssiLinkSpeedAndFrequencyNative rssi=-39 linkspeed=433 freq=5240
10-22 13:03:55.254  3957  4129 V WifiConfigManager: Updating scan detail cache freq=5240 BSSID=f4:6d:2f:12:cc:88 RSSI=-39 for "ourhome"WPA_PSK
10-22 13:03:55.336  1743  2041 I BatteryMgr:DataCollectionService: stats => 1697972635335,101,4310,148,0,100
10-22 13:03:55.442  1743  2041 I BatteryMgr:DataCollectionService: stats => 1697972635442,101,4310,148,0,100
10-22 13:03:55.517  3957  4128 D WifiService: getConnectionInfo uid=1000
10-22 13:03:55.551  1743  2041 I BatteryMgr:DataCollectionService: stats => 1697972635551,101,4310,148,0,100
10-22 13:03:55.658  1743  2041 I BatteryMgr:DataCollectionService: stats => 1697972635658,101,4310,148,0,100
10-22 13:03:55.769  1743  2041 I BatteryMgr:DataCollectionService: stats => 1697972635768,101,4310,148,0,100
10-22 13:03:55.878  1743  2041 I BatteryMgr:DataCollectionService: stats => 1697972635878,101,4310,148,0,100
10-22 13:03:55.903  3957  4030 D SensorService: [SO] 0.306 0.101 9.960
10-22 13:03:55.988  1743  2041 I BatteryMgr:DataCollectionService: stats => 1697972635988,101,4310,148,0,100
10-22 13:03:56.099  1743  2041 I BatteryMgr:DataCollectionService: stats => 1697972636099,101,4310,148,0,100
10-22 13:03:56.209  1743  2041 I BatteryMgr:DataCollectionService: stats => 1697972636209,101,4310,148,0,100
10-22 13:03:56.250  3957  4129 D WifiStateMachine:  ConnectedState !RSSI_PKTCNT_FETCH uid=1000 rt=579042833/1635018306 0 0 "ourhome" f4:6d:2f:12:cc:88 rssi=-39 f=5240 sc=60 link=433 tx=0.7, 0.0, 0.0  rx=5.5 bcn=376098 [on:0 tx:0 rx:0 period:1003] from screen [on:194370 period:1110730] score=60
10-22 13:03:56.252  3957  4129 D WifiStateMachine:  L2ConnectedState !RSSI_PKTCNT_FETCH uid=1000 rt=579042836/1635018308 0 0 "ourhome" f4:6d:2f:12:cc:88 rssi=-39 f=5240 sc=60 link=433 tx=0.7, 0.0, 0.0  rx=5.5 bcn=376098 [on:0 tx:0 rx:0 period:1] from screen [on:194370 period:1110731] score=60
10-22 13:03:56.257  3957  4129 D WifiStateMachine: fetchRssiLinkSpeedAndFrequencyNative rssi=-38 linkspeed=433 freq=5240
10-22 13:03:56.258  3957  4129 V WifiConfigManager: Updating scan detail cache freq=5240 BSSID=f4:6d:2f:12:cc:88 RSSI=-38 for "ourhome"WPA_PSK
10-22 13:03:56.319  1743  2041 I BatteryMgr:DataCollectionService: stats => 1697972636319,101,4310,148,0,100
10-22 13:03:56.426  1743  2041 I BatteryMgr:DataCollectionService: stats => 1697972636426,101,4310,148,0,100
10-22 13:03:56.519  3957  4128 D WifiService: getConnectionInfo uid=1000
10-22 13:03:56.536  1743  2041 I BatteryMgr:DataCollectionService: stats => 1697972636536,101,4310,148,0,100
10-22 13:03:56.644  1743  2041 I BatteryMgr:DataCollectionService: stats => 1697972636644,101,4310,148,0,100
10-22 13:03:56.753  1743  2041 I BatteryMgr:DataCollectionService: stats => 1697972636753,101,4310,148,0,100
10-22 13:03:56.867  1743  2041 I BatteryMgr:DataCollectionService: stats => 1697972636867,101,4310,148,0,100
10-22 13:03:56.976  1743  2041 I BatteryMgr:DataCollectionService: stats => 1697972636975,101,4310,148,0,100
10-22 13:03:57.085  1743  2041 I BatteryMgr:DataCollectionService: stats => 1697972637085,101,4310,148,0,100
10-22 13:03:57.192  1743  2041 I BatteryMgr:DataCollectionService: stats => 1697972637192,182,4310,146,0,100
10-22 13:03:57.251  3957  4129 D WifiStateMachine:  ConnectedState !RSSI_PKTCNT_FETCH uid=1000 rt=579043834/1635019307 0 0 "ourhome" f4:6d:2f:12:cc:88 rssi=-38 f=5240 sc=60 link=433 tx=0.7, 0.0, 0.0  rx=5.5 bcn=376098 [on:0 tx:0 rx:0 period:1000] from screen [on:194370 period:1111731] score=60
