10-22 12:55:34.102  3957 14954 D ConnectivityService: filterNetworkStateForUid() uid: 10169 networkInfo: [type: WIFI[] - WIFI, state: CONNECTED/CONNECTED, reason: (unspecified), extra: "ourhome", failover: false, available: true, roaming: false, metered: false]
10-22 12:55:34.103  3957 14954 D WifiService: getConnectionInfo uid=1000
10-22 12:55:34.103  3447  3447 I SurfaceFlinger: Display 0 HWC layers:
10-22 12:55:34.103  3447  3447 I SurfaceFlinger:     type    |    handle    | flag |  format   |   source crop (l,t,r,b)    |         frame       | name 
10-22 12:55:34.103  3447  3447 I SurfaceFlinger: ------------+--------------+------+-----------+----------------------------+---------------------+------
10-22 12:55:34.103  3447  3447 I SurfaceFlinger:      Device | 0x7e9ec22bc0 | 0000 | RGBA_8888 |   0.0    0.0  720.0 1280.0 |    0    0  720 1280 | org.mozilla.fenix/org.mozilla.fenix.App#0
10-22 12:55:34.103  3447  3447 I SurfaceFlinger:      Device | 0x7ea13f63c0 | 0000 | RGBA_8888 |   0.0    0.0  720.0 1280.0 |    0    0  720 1280 | Splash Screen org.mozilla.fenix#0
10-22 12:55:34.103  3447  3447 I SurfaceFlinger:      Device | 0x7e9ecdec80 | 0000 | RGBA_8888 |   0.0    0.0  720.0   42.0 |    0    0  720   42 | StatusBar#0
10-22 12:55:34.103  3447  3447 I SurfaceFlinger: 
10-22 12:55:34.107 32257 32257 E adbd    : recv: OPEN 000000d1 00000000 015d:73 68 65 6C 6C 2C 76 32 2C 54 45 52 4D 3D 78 74 65 72 6D 2D 32 35 36 63 6F 6C 6F 72 2C 72 61 77 3A 61 6D 20 73 74 61 72 74 2D 66 6F 72 65 67 72 6F 75 6E 64 2D 73 65 72 76 69 63 65 20 2D 6E 20 22 63 6F 6D 2E 65 78 61 6D 70 6C 65 2E 62 61 74 74 65 72 79 6D 61 6E 61 67 65 72 5F 75 74 69 6C 69 74 79 2F 63 6F 6D 2E 65 78 61 6D 70 6C 65 2E 62 61 74 74 65 72 79 6D 61 6E 61 67 65 72 5F 75 74 69 6C 69 74 79 2E 44 61 74 61 43 6F 6C 6C 65 63 74 69 6F 6E 53 65 72 76 69 63 65 22 20 2D 2D 65 69 20 73 61 6D 70 6C 65 52 61 74 65 20 31 30 30 20 2D 2D 65 73 20 22 64 61 74 61 46 69 65 6C 64 73 22 20 22 42 41 54 54 45 52 59 5F 50 52 4F 50 45 52 54 59 5F 43 55 52 52 45 4E 54 5F 4E 4F 57 2C 45 58 54 52 41 5F 56 4F 4C 54 41 47 45 2C 42 41 54 54 45 52 59 5F 50 52 4F 50 45 52 54 59 5F 43 55 52 52 45 4E 54 5F 41 56 45 52 41 47 45 2C 42 41 54 54 45 52 59 5F 50 52 4F 50 45 52 54 59 5F 43 48 41 52 47 45 5F 43 4F 55 4E 54 45 52 2C 42 41 54 54 45 52 59 5F 50 52 4F 50 45 52 54 59 5F 43 41 50 41 43 49 54 59
10-22 12:55:34.107 32257 32257 E adbd    : service_to_fd: shell,v2,TERM=xterm-256color,raw:am start-foreground-service -n "com.example.batterymanager_utility/com.example.batterymanager_utility.DataCollectionService" --ei sampleRate 100 --es "dataFields" "BATTERY_PROPERTY_CURRENT_NOW,EXTRA_VOLTAGE,BATTERY_PROPERTY_CURRENT_AVERAGE,BATTERY_PROPERTY_CHARGE_COUNTER,BATTERY_PROPERTY_CAPACITY" --ez toCSV false
10-22 12:55:34.111   841   841 I ServiceChildProcess: onCreate
10-22 12:55:34.112   841   893 I GeckoThread: preparing to run Gecko
10-22 12:55:34.162  3957  4128 D WifiService: getConnectionInfo uid=1000
10-22 12:55:34.165   658   658 D skia    : approximate: numPoints=40, lengths[39]=620.200073, totalLength=620.200073, segmentPoints[39]=[422.600037,0.000000]
10-22 12:55:34.165   658   658 D skia    : approximate: approximation[117]=1.000000, approximation[118]=422.600037, approximation[119]=0.000000
10-22 12:55:34.166   658   658 D skia    : approximate: numPoints=4, lengths[3]=3.448155, totalLength=3.448155, segmentPoints[3]=[3.000000,0.100000]
10-22 12:55:34.167   658   658 D skia    : approximate: approximation[9]=1.000000, approximation[10]=3.000000, approximation[11]=0.100000
10-22 12:55:34.168   658   658 D skia    : approximate: numPoints=37, lengths[36]=722.199951, totalLength=722.199951, segmentPoints[36]=[199.600006,0.000000]
10-22 12:55:34.168   658   658 D skia    : approximate: approximation[108]=1.000000, approximation[109]=199.600006, approximation[110]=0.000000
10-22 12:55:34.168   658   658 D skia    : approximate: numPoints=3, lengths[2]=2.472497, totalLength=2.472497, segmentPoints[2]=[2.000000,0.100000]
10-22 12:55:34.168   658   658 D skia    : approximate: approximation[6]=1.000000, approximation[7]=2.000000, approximation[8]=0.100000
10-22 12:55:34.174   658   658 V InputMethodManager: Starting input: tba=android.view.inputmethod.EditorInfo@620342e nm : org.mozilla.fenix ic=null
10-22 12:55:34.174   658   658 I InputMethodManager: startInputInner - mService.startInputOrWindowGainedFocus
10-22 12:55:34.175  3957  8324 D InputMethodManagerService: startInputOrWindowGainedFocus : startInput 
10-22 12:55:34.175  3957  8324 D InputMethodManagerService: setCurrentInputInfo - inputContext : null eidtorInfo : android.view.inputmethod.EditorInfo@93ad4e6 missingMethods : 0
10-22 12:55:34.176 14900 14900 I InputMethodWrapper:  call dispatchStartInputWithToken
10-22 12:55:34.176 14900 14900 I InputMethodService: dispatchStartInputWithToken
10-22 12:55:34.176 14900 14900 I SKBD    : SamsungKeypad [IMI] onStartInput - caller pid : 658, caller uid : 10169
10-22 12:55:34.182   610   610 I BatteryMgr:DataCollectionService: onStartCommand: begin
10-22 12:55:34.183   610   610 I BatteryMgr:DataCollectionService: onStartCommand: sampleRate => 100
10-22 12:55:34.183   610   610 I BatteryMgr:DataCollectionService: onStartCommand: rawFields => Timestamp,BATTERY_PROPERTY_CURRENT_NOW,EXTRA_VOLTAGE,BATTERY_PROPERTY_CURRENT_AVERAGE,BATTERY_PROPERTY_CHARGE_COUNTER,BATTERY_PROPERTY_CAPACITY
10-22 12:55:34.185   610   610 I BatteryMgr:DataCollectionService: onStartCommand: notification done
10-22 12:55:34.187   610   610 D Notification: allPendingIntents
10-22 12:55:34.190   610   610 I BatteryMgr:DataCollectionService: started foreground
10-22 12:55:34.193  3957  3972 D ApplicationPolicy: isStatusBarNotificationAllowedAsUser: packageName = android,userId = 0
10-22 12:55:34.194  3957  3972 D API test: getContainerInfo: value is 
10-22 12:55:34.194  3957  3972 D ApplicationPolicy: isStatusBarNotificationAllowedAsUser: packageName = android,userId = 0
10-22 12:55:34.194  3957  3972 D API test: getContainerInfo: value is 
10-22 12:55:34.194  3957  3972 E NotificationService: Suppressing notification from package by user request.
10-22 12:55:34.195  3957  3972 D ApplicationPolicy: isStatusBarNotificationAllowedAsUser: packageName = com.example.batterymanager_utility,userId = 0
10-22 12:55:34.195  3957  3972 D API test: getContainerInfo: value is 
10-22 12:55:34.195  3957  3972 D ApplicationPolicy: isStatusBarNotificationAllowedAsUser: packageName = com.example.batterymanager_utility,userId = 0
10-22 12:55:34.195  3957  3972 D API test: getContainerInfo: value is 
10-22 12:55:34.196 32257 32257 E adbd    : recv: OPEN 000000d5 00000000 0042:73 68 65 6C 6C 2C 76 32 2C 54 45 52 4D 3D 78 74 65 72 6D 2D 32 35 36 63 6F 6C 6F 72 2C 72 61 77 3A 67 65 74 70 72 6F 70 20 72 6F 2E 62 75 69 6C 64 2E 76 65 72 73 69 6F 6E 2E 72 65 6C 65 61 73 65 00 
10-22 12:55:34.196 32257 32257 E adbd    : service_to_fd: shell,v2,TERM=xterm-256color,raw:getprop ro.build.version.release
10-22 12:55:34.198  3957  3957 I AccessibilityManagerService: semOnLightNotification(null), bIsFlashOn : false
10-22 12:55:34.199  3957  3957 D AccessibilityManagerService: Can't use light notification
10-22 12:55:34.199  3957  3957 D AudioService: getStreamVolume 5 index 110
10-22 12:55:34.201  3957 14954 D Notification: allPendingIntents
10-22 12:55:34.201  3957  8324 D Notification: allPendingIntents
10-22 12:55:34.202  4340  4340 D StatusBar: addNotification key=0|com.example.batterymanager_utility|1|null|10170 fullscreen:false
10-22 12:55:34.205  3599  3918 D DnsProxyListener: DNSDBG::dns addrinfo af 0
10-22 12:55:34.208   610   900 I BatteryMgr:DataCollectionService: collectData: begin
10-22 12:55:34.220   658   705 W GeckoEventDispatcher: No listener for GeckoView:PageAction:Update
10-22 12:55:34.224   610   900 I BatteryMgr:DataCollectionService: stats => 1697972134224,-180,4310,136,0,100
10-22 12:55:34.228  3957  4025 I WindowManager: Destroying surface Surface(name=Splash Screen org.mozilla.fenix) called by com.android.server.wm.WindowStateAnimator.destroySurface:2501 com.android.server.wm.WindowStateAnimator.destroySurfaceLocked:985 com.android.server.wm.WindowState.destroyOrSaveSurfaceUnchecked:3670 com.android.server.wm.WindowState.destroySurface:3618 com.android.server.wm.AppWindowToken.destroySurfaces:722 com.android.server.wm.AppWindowToken.destroySurfaces:706 com.android.server.wm.WindowState.onExitAnimationDone:5316 com.android.server.wm.WindowStateAnimator.stepAnimationLocked:550 
10-22 12:55:34.228  3447  3489 I SurfaceFlinger: id=2906 Removed Splash Screen org.mozilla.fenix#0 (3/5)
10-22 12:55:34.231  3447  3447 I SurfaceFlinger: Display 0 HWC layers:
10-22 12:55:34.231  3447  3447 I SurfaceFlinger:     type    |    handle    | flag |  format   |   source crop (l,t,r,b)    |         frame       | name 
10-22 12:55:34.231  3447  3447 I SurfaceFlinger: ------------+--------------+------+-----------+----------------------------+---------------------+------
10-22 12:55:34.231  3447  3447 I SurfaceFlinger:      Device | 0x7e9ec22bc0 | 0000 | RGBA_8888 |   0.0    0.0  720.0 1280.0 |    0    0  720 1280 | org.mozilla.fenix/org.mozilla.fenix.App#0
10-22 12:55:34.231  3447  3447 I SurfaceFlinger:      Device | 0x7ea5024180 | 0000 | RGBA_8888 |   0.0    0.0  720.0   42.0 |    0    0  720   42 | StatusBar#0
10-22 12:55:34.231  3447  3447 I SurfaceFlinger: 
10-22 12:55:34.239  3447  4088 I SurfaceFlinger: id=2906 Removed Splash Screen org.mozilla.fenix#0 (-2/5)
10-22 12:55:34.244  3447  3447 I Layer   : id=2906 onRemoved Splash Screen org.mozilla.fenix#0 
10-22 12:55:34.263 32257 32257 E adbd    : recv: OPEN 000000d9 00000000 003e:73 68 65 6C 6C 2C 76 32 2C 54 45 52 4D 3D 78 74 65 72 6D 2D 32 35 36 63 6F 6C 6F 72 2C 72 61 77 3A 67 65 74 70 72 6F 70 20 72 6F 2E 62 75 69 6C 64 2E 76 65 72 73 69 6F 6E 2E 73 64 6B 00 
10-22 12:55:34.263 32257 32257 E adbd    : service_to_fd: shell,v2,TERM=xterm-256color,raw:getprop ro.build.version.sdk
10-22 12:55:34.279  3957 14954 V WindowManager: Relayout Window{9e96a12 u0 org.mozilla.fenix/org.mozilla.fenix.App}: viewVisibility=0 req=720x1280 WM.LayoutParams{(0,0)(fillxfill) sim=#10 ty=1 fl=#81010100 pfl=0x20000 fmt=-3 wanim=0x7f1404fa vsysui=0x2610 needsMenuKey=2 colorMode=0 naviIconColor=0}
10-22 12:55:34.284   658   658 D ViewRootImpl@8691813[App]: Relayout returned: old=[0,0][720,1280] new=[0,0][720,1280] result=0x1 surface={valid=true 499287937024} changed=false
10-22 12:55:34.290  4340  4340 D KeyguardUpdateMonitor: handleStatusBarState( false )
10-22 12:55:34.295   841   893 W linker  : "/data/app/org.mozilla.fenix-iWpGOrf8cry6RDpwHyQugA==/lib/arm64/libmozglue.so" unused DT entry: type 0x8000024 arg 0x38f70
10-22 12:55:34.296   841   893 W linker  : "/data/app/org.mozilla.fenix-iWpGOrf8cry6RDpwHyQugA==/lib/arm64/libmozglue.so" unused DT entry: type 0x8000023 arg 0x1f8
10-22 12:55:34.296   841   893 W linker  : "/data/app/org.mozilla.fenix-iWpGOrf8cry6RDpwHyQugA==/lib/arm64/libmozglue.so" unused DT entry: type 0x8000025 arg 0x8
10-22 12:55:34.301   841   893 I GeckoLoader: Library base=/data/app/org.mozilla.fenix-iWpGOrf8cry6RDpwHyQugA==/lib/arm64
10-22 12:55:34.301   841   893 I GeckoLoader: Library base=/data/app/org.mozilla.fenix-iWpGOrf8cry6RDpwHyQugA==/lib/arm64
10-22 12:55:34.302   841   893 E GeckoLibLoad: Load sqlite start
10-22 12:55:34.303   841   893 W linker  : "/data/app/org.mozilla.fenix-iWpGOrf8cry6RDpwHyQugA==/lib/arm64/libnss3.so" unused DT entry: type 0x8000024 arg 0x14998
10-22 12:55:34.304   841   893 W linker  : "/data/app/org.mozilla.fenix-iWpGOrf8cry6RDpwHyQugA==/lib/arm64/libnss3.so" unused DT entry: type 0x8000023 arg 0x5c8
10-22 12:55:34.304   841   893 W linker  : "/data/app/org.mozilla.fenix-iWpGOrf8cry6RDpwHyQugA==/lib/arm64/libnss3.so" unused DT entry: type 0x8000025 arg 0x8
10-22 12:55:34.305   841   893 E GeckoLibLoad: Load sqlite done
10-22 12:55:34.306   841   893 I GeckoLoader: Library base=/data/app/org.mozilla.fenix-iWpGOrf8cry6RDpwHyQugA==/lib/arm64
10-22 12:55:34.306   841   893 E GeckoLibLoad: Load nss start
10-22 12:55:34.306   841   893 E GeckoLibLoad: Load nss done
10-22 12:55:34.306   841   893 I GeckoLoader: Library base=/data/app/org.mozilla.fenix-iWpGOrf8cry6RDpwHyQugA==/lib/arm64
10-22 12:55:34.310   841   893 W linker  : "/data/app/org.mozilla.fenix-iWpGOrf8cry6RDpwHyQugA==/lib/arm64/libxul.so" unused DT entry: type 0x8000024 arg 0x539420
10-22 12:55:34.311   841   893 W linker  : "/data/app/org.mozilla.fenix-iWpGOrf8cry6RDpwHyQugA==/lib/arm64/libxul.so" unused DT entry: type 0x8000023 arg 0x17d68
10-22 12:55:34.312   841   893 W linker  : "/data/app/org.mozilla.fenix-iWpGOrf8cry6RDpwHyQugA==/lib/arm64/libxul.so" unused DT entry: type 0x8000025 arg 0x8
10-22 12:55:34.332  3957 14954 V WindowManager: rotationForOrientationLw(orient=2, last=0); user=0  sensorRotation=-1 mLidState=-1 mDockMode=0 mHdmiPlugged=false
10-22 12:55:34.339   610   900 I BatteryMgr:DataCollectionService: stats => 1697972134339,-180,4310,136,0,100
10-22 12:55:34.345  3957  8324 V WindowManager: Relayout Window{9e96a12 u0 org.mozilla.fenix/org.mozilla.fenix.App}: viewVisibility=0 req=720x1280 WM.LayoutParams{(0,0)(fillxfill) sim=#10 ty=1 fl=#81010100 pfl=0x20000 fmt=-3 wanim=0x7f1404fa vsysui=0x2610 needsMenuKey=2 colorMode=0 naviIconColor=0}
10-22 12:55:34.346   841   893 E GeckoLibLoad: Loaded libs in 39.335270ms total, 16ms(20ms) user, 12ms(12ms) system, 0(0) faults
10-22 12:55:34.346   841   893 W GeckoThread: zerdatime 1634516404 - runGecko
10-22 12:55:34.349 23612 27749 I FontLog : (REDACTED) Received query %s, URI %s
10-22 12:55:34.350   658   658 D ViewRootImpl@8691813[App]: Relayout returned: old=[0,0][720,1280] new=[0,0][720,1280] result=0x1 surface={valid=true 499287937024} changed=false
10-22 12:55:34.353 23612 27749 I FontLog : (REDACTED) Query [%s] resolved to %s
10-22 12:55:34.366 23612 27749 I FontLog : (REDACTED) Fetch %s end status %s
10-22 12:55:34.373 23612 27749 I FontLog : (REDACTED) Pulling font file for id = %d, cache size = %d
10-22 12:55:34.376   658   658 I SessionPrioritizationMiddleware: Update the currentSelectedTab 0bc9df09-a749-4381-873d-08f227e3cdd3 priority to HIGH
10-22 12:55:34.389 23612 27749 I FontLog : (REDACTED) Pulling font file for id = %d, cache size = %d
10-22 12:55:34.406  3957  3972 D ApplicationPolicy: isStatusBarNotificationAllowedAsUser: packageName = android,userId = 0
10-22 12:55:34.407  3957  3972 D API test: getContainerInfo: value is 
10-22 12:55:34.407  3957  3972 D ApplicationPolicy: isStatusBarNotificationAllowedAsUser: packageName = android,userId = 0
10-22 12:55:34.407  3957  3972 D API test: getContainerInfo: value is 
10-22 12:55:34.407  3957  3972 E NotificationService: Suppressing notification from package by user request.
10-22 12:55:34.449   610   900 I BatteryMgr:DataCollectionService: stats => 1697972134449,-180,4310,136,0,100
10-22 12:55:34.457   841   893 W AudioCapabilities: Unsupported mime audio/mpeg-L1
10-22 12:55:34.462   841   893 W AudioCapabilities: Unsupported mime audio/mpeg-L2
10-22 12:55:34.465   841   893 W AudioCapabilities: Unsupported mime audio/x-ms-wma
10-22 12:55:34.467   658   705 W ResourceType: Too many attribute references, stopped at: 0x01010099
10-22 12:55:34.468   841   893 W AudioCapabilities: Unsupported mime audio/x-ima
10-22 12:55:34.474   841   893 W VideoCapabilities: Unrecognized profile 2130706433 for video/avc
10-22 12:55:34.475   841   893 W VideoCapabilities: Unrecognized profile 2130706434 for video/avc
10-22 12:55:34.478   841   893 W VideoCapabilities: Unrecognized profile 2130706433 for video/avc
10-22 12:55:34.478   841   893 W VideoCapabilities: Unrecognized profile 2130706434 for video/avc
10-22 12:55:34.493   658   881 I libglean_ffi: glean_core::upload: Ping fe91a0bc-f046-472b-a4f3-93dad8db0dc8 successfully sent 200.
10-22 12:55:34.496   658   881 I libglean_ffi: glean_core::upload::directory: File was deleted /data/user/0/org.mozilla.fenix/glean_data/pending_pings/fe91a0bc-f046-472b-a4f3-93dad8db0dc8
10-22 12:55:34.498   658   881 I libglean_ffi: glean_core::upload: New upload task with id 35b86f71-43c6-4028-8027-daa8a7095d45 (path: /submit/org-mozilla-fenix/pageload/1/35b86f71-43c6-4028-8027-daa8a7095d45)
10-22 12:55:34.498   841   893 W VideoCapabilities: Unrecognized profile 2130706433 for video/avc
10-22 12:55:34.498   841   893 W VideoCapabilities: Unrecognized profile 2130706434 for video/avc
10-22 12:55:34.501   841   893 W VideoCapabilities: Unsupported mime video/avc-wfd
10-22 12:55:34.525   841   893 I VideoCapabilities: Unsupported profile 4 for video/mp4v-es
10-22 12:55:34.529  3957  4129 D WifiStateMachine:  ConnectedState !RSSI_PKTCNT_FETCH uid=1000 rt=578541113/1634516586 0 0 "ourhome" f4:6d:2f:12:cc:88 rssi=-41 f=5240 sc=60 link=433 tx=0.0, 0.0, 0.0  rx=3.4 bcn=371459 [on:0 tx:0 rx:0 period:1001] from screen [on:104052 period:609009] score=60
10-22 12:55:34.530  3957  4129 D WifiStateMachine:  L2ConnectedState !RSSI_PKTCNT_FETCH uid=1000 rt=578541115/1634516587 0 0 "ourhome" f4:6d:2f:12:cc:88 rssi=-41 f=5240 sc=60 link=433 tx=0.0, 0.0, 0.0  rx=3.4 bcn=371459 [on:0 tx:0 rx:0 period:1] from screen [on:104052 period:609010] score=60
10-22 12:55:34.531  3957  4129 D WifiStateMachine: fetchRssiLinkSpeedAndFrequencyNative rssi=-45 linkspeed=433 freq=5240
10-22 12:55:34.532  3957  4129 V WifiConfigManager: Updating scan detail cache freq=5240 BSSID=f4:6d:2f:12:cc:88 RSSI=-43 for "ourhome"WPA_PSK
10-22 12:55:34.557   610   900 I BatteryMgr:DataCollectionService: stats => 1697972134557,-180,4310,136,0,100
10-22 12:55:34.557  3957  4089 D MdnieScenarioControlService:  packageName : org.mozilla.fenix    className : org.mozilla.fenix.App
10-22 12:55:34.557  3957  4089 V MdnieScenarioControlService: setUIMode from UI function(3)
10-22 12:55:34.557   841   893 W VideoCapabilities: Unrecognized profile/level 1/32 for video/mp4v-es
10-22 12:55:34.557   841   893 W VideoCapabilities: Unrecognized profile/level 32768/2 for video/mp4v-es
10-22 12:55:34.557   841   893 W VideoCapabilities: Unrecognized profile/level 32768/64 for video/mp4v-es
10-22 12:55:34.564   841   893 W VideoCapabilities: Unsupported mime video/wvc1
10-22 12:55:34.566   841   893 W VideoCapabilities: Unsupported mime video/x-ms-wmv
10-22 12:55:34.568   841   893 W VideoCapabilities: Unsupported mime video/x-ms-wmv7
10-22 12:55:34.570   841   893 W VideoCapabilities: Unsupported mime video/x-ms-wmv8
10-22 12:55:34.572   841   893 W VideoCapabilities: Unsupported mime video/mp43
10-22 12:55:34.581   841   893 W AudioCapabilities: Unsupported mime audio/mpeg-L1
10-22 12:55:34.581   841   893 W AudioCapabilities: Unsupported mime audio/mpeg-L2
10-22 12:55:34.581   841   893 W AudioCapabilities: Unsupported mime audio/x-ms-wma
10-22 12:55:34.581   841   893 W AudioCapabilities: Unsupported mime audio/x-ima
10-22 12:55:34.583   841   893 W VideoCapabilities: Unrecognized profile 2130706433 for video/avc
10-22 12:55:34.583   841   893 W VideoCapabilities: Unrecognized profile 2130706434 for video/avc
10-22 12:55:34.585   658   658 I WebExtension: releasePendingMessages: extension=webcompat-reporter@mozilla.org nativeApp=mozacWebcompatReporter session=null
10-22 12:55:34.588   841   893 W VideoCapabilities: Unrecognized profile/level 1/32 for video/mp4v-es
10-22 12:55:34.588   841   893 W VideoCapabilities: Unrecognized profile/level 32768/2 for video/mp4v-es
10-22 12:55:34.588   841   893 W VideoCapabilities: Unrecognized profile/level 32768/64 for video/mp4v-es
10-22 12:55:34.588   841   893 W VideoCapabilities: Unsupported mime video/wvc1
10-22 12:55:34.589   841   893 W VideoCapabilities: Unsupported mime video/x-ms-wmv
10-22 12:55:34.589   841   893 W VideoCapabilities: Unsupported mime video/x-ms-wmv7
10-22 12:55:34.590   841   893 W VideoCapabilities: Unsupported mime video/x-ms-wmv8
10-22 12:55:34.590   841   893 W VideoCapabilities: Unsupported mime video/mp43
10-22 12:55:34.591   658   658 I DefaultSupportedAddonsChecker: Unregister check for new supported add-ons
10-22 12:55:34.593   658   658 I WebExtension: releasePendingMessages: extension=fxa@mozac.org nativeApp=mozacWebchannel session=org.mozilla.geckoview.GeckoSession@fc9822
10-22 12:55:34.593   658   658 I WebExtension: releasePendingMessages: extension=fxa@mozac.org nativeApp=mozacWebchannelBackground session=null
10-22 12:55:34.599   658   658 I WebExtension: releasePendingMessages: extension=readerview@mozac.org nativeApp=mozacReaderview session=org.mozilla.geckoview.GeckoSession@fc9822
10-22 12:55:34.599   658   658 I WebExtension: releasePendingMessages: extension=readerview@mozac.org nativeApp=mozacReaderviewActive session=org.mozilla.geckoview.GeckoSession@fc9822
10-22 12:55:34.599   658   658 I WebExtension: releasePendingMessages: extension=readerview@mozac.org nativeApp=mozacReaderview session=org.mozilla.geckoview.GeckoSession@fc9822
10-22 12:55:34.602   658   658 I WebExtension: releasePendingMessages: extension=icons@mozac.org nativeApp=MozacBrowserIcons session=org.mozilla.geckoview.GeckoSession@fc9822
10-22 12:55:34.602   658   658 I WebExtension: releasePendingMessages: extension=ads@mozac.org nativeApp=MozacBrowserAdsMessage session=org.mozilla.geckoview.GeckoSession@fc9822
10-22 12:55:34.602   658   658 I WebExtension: releasePendingMessages: extension=cookies@mozac.org nativeApp=MozacBrowserSearchMessage session=org.mozilla.geckoview.GeckoSession@fc9822
10-22 12:55:34.633   758   790 W linker  : "/data/app/org.mozilla.fenix-iWpGOrf8cry6RDpwHyQugA==/lib/arm64/libmozglue.so" unused DT entry: type 0x8000024 arg 0x38f70
10-22 12:55:34.634   758   790 W linker  : "/data/app/org.mozilla.fenix-iWpGOrf8cry6RDpwHyQugA==/lib/arm64/libmozglue.so" unused DT entry: type 0x8000023 arg 0x1f8
10-22 12:55:34.634   758   790 W linker  : "/data/app/org.mozilla.fenix-iWpGOrf8cry6RDpwHyQugA==/lib/arm64/libmozglue.so" unused DT entry: type 0x8000025 arg 0x8
10-22 12:55:34.636   758   790 I GeckoLoader: Library base=/data/app/org.mozilla.fenix-iWpGOrf8cry6RDpwHyQugA==/lib/arm64
10-22 12:55:34.636   758   790 I GeckoLoader: Library base=/data/app/org.mozilla.fenix-iWpGOrf8cry6RDpwHyQugA==/lib/arm64
10-22 12:55:34.637   758   790 E GeckoLibLoad: Load sqlite start
10-22 12:55:34.638   758   790 W linker  : "/data/app/org.mozilla.fenix-iWpGOrf8cry6RDpwHyQugA==/lib/arm64/libnss3.so" unused DT entry: type 0x8000024 arg 0x14998
10-22 12:55:34.638   758   790 W linker  : "/data/app/org.mozilla.fenix-iWpGOrf8cry6RDpwHyQugA==/lib/arm64/libnss3.so" unused DT entry: type 0x8000023 arg 0x5c8
10-22 12:55:34.638   758   790 W linker  : "/data/app/org.mozilla.fenix-iWpGOrf8cry6RDpwHyQugA==/lib/arm64/libnss3.so" unused DT entry: type 0x8000025 arg 0x8
10-22 12:55:34.639   758   790 E GeckoLibLoad: Load sqlite done
10-22 12:55:34.639   758   790 I GeckoLoader: Library base=/data/app/org.mozilla.fenix-iWpGOrf8cry6RDpwHyQugA==/lib/arm64
10-22 12:55:34.639   758   790 E GeckoLibLoad: Load nss start
10-22 12:55:34.639   758   790 E GeckoLibLoad: Load nss done
10-22 12:55:34.640   758   790 I GeckoLoader: Library base=/data/app/org.mozilla.fenix-iWpGOrf8cry6RDpwHyQugA==/lib/arm64
10-22 12:55:34.642   758   790 W linker  : "/data/app/org.mozilla.fenix-iWpGOrf8cry6RDpwHyQugA==/lib/arm64/libxul.so" unused DT entry: type 0x8000024 arg 0x539420
10-22 12:55:34.642   758   790 W linker  : "/data/app/org.mozilla.fenix-iWpGOrf8cry6RDpwHyQugA==/lib/arm64/libxul.so" unused DT entry: type 0x8000023 arg 0x17d68
10-22 12:55:34.642   758   790 W linker  : "/data/app/org.mozilla.fenix-iWpGOrf8cry6RDpwHyQugA==/lib/arm64/libxul.so" unused DT entry: type 0x8000025 arg 0x8
10-22 12:55:34.645   658   705 W AudioCapabilities: Unsupported mime audio/mpeg-L1
10-22 12:55:34.645   658   705 W AudioCapabilities: Unsupported mime audio/mpeg-L2
10-22 12:55:34.648   658   705 W AudioCapabilities: Unsupported mime audio/x-ms-wma
10-22 12:55:34.649   658   705 W AudioCapabilities: Unsupported mime audio/x-ima
10-22 12:55:34.654   658   705 W VideoCapabilities: Unrecognized profile 2130706433 for video/avc
10-22 12:55:34.655   658   705 W VideoCapabilities: Unrecognized profile 2130706434 for video/avc
10-22 12:55:34.657   658   705 W VideoCapabilities: Unrecognized profile 2130706433 for video/avc
10-22 12:55:34.657   658   705 W VideoCapabilities: Unrecognized profile 2130706434 for video/avc
10-22 12:55:34.661  3957  3957 D CustomFrequencyManagerService: releaseDVFSLockLocked : Getting Lock type frm List : DVFS_MIN_LIMIT  frequency : 1560000  uid : 1000  pid : 3957  tag : AMS_RESUME_TAIL@CPU_MIN@58
10-22 12:55:34.662   758   790 E GeckoLibLoad: Loaded libs in 22.279731ms total, 12ms(8ms) user, 8ms(16ms) system, 0(0) faults
10-22 12:55:34.662   758   790 W GeckoThread: zerdatime 1634516720 - runGecko
10-22 12:55:34.665   610   900 I BatteryMgr:DataCollectionService: stats => 1697972134665,-180,4310,136,0,100
10-22 12:55:34.672   658   705 W VideoCapabilities: Unrecognized profile 2130706433 for video/avc
10-22 12:55:34.672   658   705 W VideoCapabilities: Unrecognized profile 2130706434 for video/avc
10-22 12:55:34.675   658   705 W VideoCapabilities: Unsupported mime video/avc-wfd
10-22 12:55:34.692   658   705 I VideoCapabilities: Unsupported profile 4 for video/mp4v-es
10-22 12:55:34.708   658   705 W VideoCapabilities: Unrecognized profile/level 1/32 for video/mp4v-es
10-22 12:55:34.708   658   705 W VideoCapabilities: Unrecognized profile/level 32768/2 for video/mp4v-es
10-22 12:55:34.708   658   705 W VideoCapabilities: Unrecognized profile/level 32768/64 for video/mp4v-es
10-22 12:55:34.709   658   705 W VideoCapabilities: Unsupported mime video/wvc1
10-22 12:55:34.711   658   705 W VideoCapabilities: Unsupported mime video/x-ms-wmv
10-22 12:55:34.712   658   705 W VideoCapabilities: Unsupported mime video/x-ms-wmv7
10-22 12:55:34.714   658   705 W VideoCapabilities: Unsupported mime video/x-ms-wmv8
10-22 12:55:34.715   658   705 W VideoCapabilities: Unsupported mime video/mp43
10-22 12:55:34.719   658   705 W AudioCapabilities: Unsupported mime audio/mpeg-L1
10-22 12:55:34.719   658   705 W AudioCapabilities: Unsupported mime audio/mpeg-L2
10-22 12:55:34.719   658   705 W AudioCapabilities: Unsupported mime audio/x-ms-wma
10-22 12:55:34.719   658   705 W AudioCapabilities: Unsupported mime audio/x-ima
10-22 12:55:34.720   658   705 W VideoCapabilities: Unrecognized profile 2130706433 for video/avc
10-22 12:55:34.720   658   705 W VideoCapabilities: Unrecognized profile 2130706434 for video/avc
10-22 12:55:34.723   658   705 W VideoCapabilities: Unrecognized profile/level 1/32 for video/mp4v-es
10-22 12:55:34.723   658   705 W VideoCapabilities: Unrecognized profile/level 32768/2 for video/mp4v-es
10-22 12:55:34.723   658   705 W VideoCapabilities: Unrecognized profile/level 32768/64 for video/mp4v-es
10-22 12:55:34.724   658   705 W VideoCapabilities: Unsupported mime video/wvc1
10-22 12:55:34.724   658   705 W VideoCapabilities: Unsupported mime video/x-ms-wmv
10-22 12:55:34.725   658   705 W VideoCapabilities: Unsupported mime video/x-ms-wmv7
10-22 12:55:34.725   658   705 W VideoCapabilities: Unsupported mime video/x-ms-wmv8
10-22 12:55:34.726   658   705 W VideoCapabilities: Unsupported mime video/mp43
10-22 12:55:34.742   841   924 D libGLESv2: STS_GLApi : DTS, ODTC are not allowed for Package : org.mozilla.fenix:gpu
10-22 12:55:34.746   841   854 V Surface : sf_framedrop debug : 0x4f4c, game : false, logging : 0
10-22 12:55:34.749   841   924 D mali_winsys: EGLint new_window_surface(egl_winsys_display *, void *, EGLSurface, EGLConfig, egl_winsys_surface **, egl_color_buffer_format *, EGLBoolean) returns 0x3000,  [720x1238]-format:2
10-22 12:55:34.754   658   705 I GeckoSession: zerdatime 1634516812 - chrome startup finished
10-22 12:55:34.765  3957  3957 D PreBindingService: handleMessage : 1
10-22 12:55:34.767   658   881 I libglean_ffi: glean_core::upload: Ping 35b86f71-43c6-4028-8027-daa8a7095d45 successfully sent 200.
10-22 12:55:34.770   658   881 I libglean_ffi: glean_core::upload::directory: File was deleted /data/user/0/org.mozilla.fenix/glean_data/pending_pings/35b86f71-43c6-4028-8027-daa8a7095d45
10-22 12:55:34.771   658   658 I GeckoSession: handleMessage GeckoView:PageStart uri=
10-22 12:55:34.772   658   881 I libglean_ffi: glean_core::upload: New upload task with id 5d0e88c8-de8a-4657-9149-ac7800a4007a (path: /submit/org-mozilla-fenix/baseline/1/5d0e88c8-de8a-4657-9149-ac7800a4007a)
10-22 12:55:34.772   658   658 I GeckoSession: handleMessage GeckoView:PageStop uri=null
10-22 12:55:34.774   610   900 I BatteryMgr:DataCollectionService: stats => 1697972134774,-180,4310,136,0,100
10-22 12:55:34.849  3447  3447 I SurfaceFlinger: Display 0 HWC layers:
10-22 12:55:34.849  3447  3447 I SurfaceFlinger:     type    |    handle    | flag |  format   |   source crop (l,t,r,b)    |         frame       | name 
10-22 12:55:34.849  3447  3447 I SurfaceFlinger: ------------+--------------+------+-----------+----------------------------+---------------------+------
10-22 12:55:34.849  3447  3447 I SurfaceFlinger:      Device | 0x7ea118ee80 | 0000 | RGBx_8888 |   0.0    0.0  720.0 1238.0 |    0   42  720 1280 | SurfaceView - org.mozilla.fenix/org.mozilla.fenix.App@fa5f1b9@0#0
10-22 12:55:34.849  3447  3447 I SurfaceFlinger:      Device | 0x7e9ec22bc0 | 0000 | RGBA_8888 |   0.0    0.0  720.0 1280.0 |    0    0  720 1280 | org.mozilla.fenix/org.mozilla.fenix.App#0
10-22 12:55:34.849  3447  3447 I SurfaceFlinger:      Device | 0x7e9ecdec80 | 0000 | RGBA_8888 |   0.0    0.0  720.0   42.0 |    0    0  720   42 | StatusBar#0
10-22 12:55:34.849  3447  3447 I SurfaceFlinger: 
10-22 12:55:34.862   658   705 D GeckoIdleService: Setting timer a day from now
10-22 12:55:34.866   658   705 D GeckoIdleService: Register idle observer 0x742ffd70e8 for 5 seconds
10-22 12:55:34.866   658   705 D GeckoIdleService: Register: adjusting next switch from -1 to 5 seconds
10-22 12:55:34.866   658   705 D GeckoIdleService: next timeout 4996 msec from now
10-22 12:55:34.866   658   705 D GeckoIdleService: SetTimerExpiryIfBefore: next timeout 4996 msec from now
10-22 12:55:34.866   658   705 D GeckoIdleService: reset timer expiry to 5006 msec from now
10-22 12:55:34.884   610   900 I BatteryMgr:DataCollectionService: stats => 1697972134884,-180,4310,136,0,100
10-22 12:55:34.884   658   658 I GeckoSession: handleMessage GeckoView:PageStart uri=
10-22 12:55:34.895  3599  3918 D DnsProxyListener: DNSDBG::dns addrinfo af 0
10-22 12:55:34.939  3957  8322 D StorageManagerService: getExternalStorageMountMode : 1
10-22 12:55:34.939  3957  8322 D StorageManagerService: getExternalStorageMountMode : 3
10-22 12:55:34.940  3957  8322 D StorageManagerService: getExternalStorageMountMode : final mountMode=1, uid : 10169, packageName : org.mozilla.fenix
10-22 12:55:34.940  3957  8322 I ApplicationPolicy: isApplicationExternalStorageWhitelisted:org.mozilla.fenix user:0
10-22 12:55:34.940  3957  8322 D ApplicationPolicy: isApplicationExternalStorageWhitelisted: DO is not enabled on user 0. Allowed.
10-22 12:55:34.940  3957  8322 D ActivityManager: package  org.mozilla.fenix, user - 0 is SDcard whitelisted
10-22 12:55:34.940  3957  8322 I ApplicationPolicy: isApplicationExternalStorageBlacklisted:org.mozilla.fenix user:0
10-22 12:55:34.940  3957  8322 D ApplicationPolicy: isApplicationExternalStorageBlacklisted: DO is not enabled on user 0. Allowed.
10-22 12:55:34.955   992   992 E Zygote  : isWhitelistProcess - Process is Whitelisted
10-22 12:55:34.956  3957  8322 I ActivityManager: Start proc 992:org.mozilla.fenix:tab37/u0a169 for service org.mozilla.fenix/org.mozilla.gecko.process.GeckoChildProcessServices$tab37
10-22 12:55:34.956   992   992 E libpersona: scanKnoxPersonas
10-22 12:55:34.956   992   992 E libpersona: Couldn't open the File - /data/system/users/0/personalist.xml - No such file or directory
10-22 12:55:34.958   992   992 W SELinux : SELinux selinux_android_compute_policy_index : Policy Index[2],  Con:u:r:zygote:s0 RAM:SEPF_SM-J720F_8.0.0_0002, [-1 -1 -1 -1 0 1]
10-22 12:55:34.958   992   992 I SELinux : SELinux: seapp_context_lookup: seinfo=untrusted, level=s0:c512,c768, pkgname=org.mozilla.fenix:tab37 
10-22 12:55:34.984   992   992 D TimaKeyStoreProvider: TimaKeyStore is not enabled: cannot add TimaSignature Service and generateKeyPair Service
10-22 12:55:34.984   992   992 D ActivityThread: Added TimaKeyStore provider
10-22 12:55:34.987  3957 14954 I ActivityManager: DSS on for org.mozilla.fenix and scale is 1.0
10-22 12:55:34.992   610   900 I BatteryMgr:DataCollectionService: stats => 1697972134992,-180,4310,136,0,100
10-22 12:55:35.008   992   992 I zygote64: no shared libraies, dex_files: 1
10-22 12:55:35.077   992   992 I ServiceChildProcess: onCreate
10-22 12:55:35.078   992  1017 I GeckoThread: preparing to run Gecko
10-22 12:55:35.082   658   705 W AudioCapabilities: Unsupported mime audio/mpeg-L1
10-22 12:55:35.082   658   705 W AudioCapabilities: Unsupported mime audio/mpeg-L2
10-22 12:55:35.082   658   705 W AudioCapabilities: Unsupported mime audio/x-ms-wma
10-22 12:55:35.082   658   705 W AudioCapabilities: Unsupported mime audio/x-ima
10-22 12:55:35.083   658   705 W VideoCapabilities: Unrecognized profile 2130706433 for video/avc
10-22 12:55:35.083   658   705 W VideoCapabilities: Unrecognized profile 2130706434 for video/avc
10-22 12:55:35.085   992  1017 W linker  : "/data/app/org.mozilla.fenix-iWpGOrf8cry6RDpwHyQugA==/lib/arm64/libmozglue.so" unused DT entry: type 0x8000024 arg 0x38f70
10-22 12:55:35.085   658   705 W VideoCapabilities: Unrecognized profile/level 1/32 for video/mp4v-es
10-22 12:55:35.085   658   705 W VideoCapabilities: Unrecognized profile/level 32768/2 for video/mp4v-es
10-22 12:55:35.085   658   705 W VideoCapabilities: Unrecognized profile/level 32768/64 for video/mp4v-es
10-22 12:55:35.085   992  1017 W linker  : "/data/app/org.mozilla.fenix-iWpGOrf8cry6RDpwHyQugA==/lib/arm64/libmozglue.so" unused DT entry: type 0x8000023 arg 0x1f8
10-22 12:55:35.086   658   705 W VideoCapabilities: Unsupported mime video/wvc1
10-22 12:55:35.086   992  1017 W linker  : "/data/app/org.mozilla.fenix-iWpGOrf8cry6RDpwHyQugA==/lib/arm64/libmozglue.so" unused DT entry: type 0x8000025 arg 0x8
10-22 12:55:35.086   658   705 W VideoCapabilities: Unsupported mime video/x-ms-wmv
10-22 12:55:35.087   658   705 W VideoCapabilities: Unsupported mime video/x-ms-wmv7
10-22 12:55:35.087   658   705 W VideoCapabilities: Unsupported mime video/x-ms-wmv8
10-22 12:55:35.088   658   705 W VideoCapabilities: Unsupported mime video/mp43
10-22 12:55:35.093   992  1017 I GeckoLoader: Library base=/data/app/org.mozilla.fenix-iWpGOrf8cry6RDpwHyQugA==/lib/arm64
10-22 12:55:35.094   992  1017 I GeckoLoader: Library base=/data/app/org.mozilla.fenix-iWpGOrf8cry6RDpwHyQugA==/lib/arm64
10-22 12:55:35.095   992  1017 E GeckoLibLoad: Load sqlite start
10-22 12:55:35.096   992  1017 W linker  : "/data/app/org.mozilla.fenix-iWpGOrf8cry6RDpwHyQugA==/lib/arm64/libnss3.so" unused DT entry: type 0x8000024 arg 0x14998
10-22 12:55:35.096   992  1017 W linker  : "/data/app/org.mozilla.fenix-iWpGOrf8cry6RDpwHyQugA==/lib/arm64/libnss3.so" unused DT entry: type 0x8000023 arg 0x5c8
10-22 12:55:35.096   992  1017 W linker  : "/data/app/org.mozilla.fenix-iWpGOrf8cry6RDpwHyQugA==/lib/arm64/libnss3.so" unused DT entry: type 0x8000025 arg 0x8
10-22 12:55:35.097   992  1017 E GeckoLibLoad: Load sqlite done
10-22 12:55:35.098   992  1017 I GeckoLoader: Library base=/data/app/org.mozilla.fenix-iWpGOrf8cry6RDpwHyQugA==/lib/arm64
10-22 12:55:35.098   992  1017 E GeckoLibLoad: Load nss start
10-22 12:55:35.098   992  1017 E GeckoLibLoad: Load nss done
10-22 12:55:35.098   992  1017 I GeckoLoader: Library base=/data/app/org.mozilla.fenix-iWpGOrf8cry6RDpwHyQugA==/lib/arm64
10-22 12:55:35.102   610   900 I BatteryMgr:DataCollectionService: stats => 1697972135101,-180,4310,136,0,100
10-22 12:55:35.102   992  1017 W linker  : "/data/app/org.mozilla.fenix-iWpGOrf8cry6RDpwHyQugA==/lib/arm64/libxul.so" unused DT entry: type 0x8000024 arg 0x539420
10-22 12:55:35.102   992  1017 W linker  : "/data/app/org.mozilla.fenix-iWpGOrf8cry6RDpwHyQugA==/lib/arm64/libxul.so" unused DT entry: type 0x8000023 arg 0x17d68
10-22 12:55:35.102   992  1017 W linker  : "/data/app/org.mozilla.fenix-iWpGOrf8cry6RDpwHyQugA==/lib/arm64/libxul.so" unused DT entry: type 0x8000025 arg 0x8
10-22 12:55:35.131   992  1017 E GeckoLibLoad: Loaded libs in 32.624653ms total, 20ms(20ms) user, 12ms(12ms) system, 0(0) faults
10-22 12:55:35.131   992  1017 W GeckoThread: zerdatime 1634517189 - runGecko
10-22 12:55:35.159  3599  3918 D DnsProxyListener: DNSDBG::dns addrinfo af 0
10-22 12:55:35.160   658   881 I libglean_ffi: glean_core::upload: Ping 5d0e88c8-de8a-4657-9149-ac7800a4007a successfully sent 200.
10-22 12:55:35.162   658   881 I libglean_ffi: glean_core::upload::directory: File was deleted /data/user/0/org.mozilla.fenix/glean_data/pending_pings/5d0e88c8-de8a-4657-9149-ac7800a4007a
10-22 12:55:35.165  3957  4128 D WifiService: getConnectionInfo uid=1000
10-22 12:55:35.165   658   881 I libglean_ffi: glean_core::upload: No more pings to upload! You are done.
10-22 12:55:35.170   658   775 I WM-WorkerWrapper: Worker result SUCCESS for Work [ id=b436fed3-0476-44b0-b8b6-d47f1f910b7f, tags={ mozilla.telemetry.glean.scheduler.PingUploadWorker, mozac_service_glean_ping_upload_worker } ]
10-22 12:55:35.171  3957  8322 D ConnectivityService: filterNetworkStateForUid() uid: 10169 networkInfo: [type: WIFI[] - WIFI, state: CONNECTED/CONNECTED, reason: (unspecified), extra: "ourhome", failover: false, available: true, roaming: false, metered: false]
10-22 12:55:35.171  3957  8322 D WifiService: getConnectionInfo uid=1000
10-22 12:55:35.177   658   658 D ConnectivityManager: unregisterNetworkCallback; CallingUid : 10169, CallingPid : 658
10-22 12:55:35.177  3957  4157 D ConnectivityService: releasing NetworkRequest [ TRACK_DEFAULT id=1962, [ Capabilities: INTERNET&NOT_RESTRICTED&TRUSTED&NOT_VPN] ] (CALLBACK_RELEASED)
10-22 12:55:35.178  3957  4157 D ConnectivityService:  Removing from current network NetworkAgentInfo [WIFI () - 509], leaving 17 requests.
10-22 12:55:35.179  3957  4157 D ConnectivityService: sending notification RELEASED for NetworkRequest [ TRACK_DEFAULT id=1962, [ Capabilities: INTERNET&NOT_RESTRICTED&TRUSTED&NOT_VPN] ]
10-22 12:55:35.213   610   900 I BatteryMgr:DataCollectionService: stats => 1697972135213,-180,4310,136,0,100
10-22 12:55:35.262  3957 14954 D ConnectivityService: filterNetworkStateForUid() uid: 10169 networkInfo: [type: WIFI[] - WIFI, state: CONNECTED/CONNECTED, reason: (unspecified), extra: "ourhome", failover: false, available: true, roaming: false, metered: false]
10-22 12:55:35.262  3957 14954 D WifiService: getConnectionInfo uid=1000
10-22 12:55:35.277  3957 14954 I chatty  : uid=1000(system) Binder:3957_1D identical 2 lines
10-22 12:55:35.280  3957 14954 D WifiService: getConnectionInfo uid=1000
10-22 12:55:35.282   758   790 W linker  : "/data/app/org.mozilla.fenix-iWpGOrf8cry6RDpwHyQugA==/lib/arm64/libsoftokn3.so" unused DT entry: type 0x8000024 arg 0x2580
10-22 12:55:35.283   758   790 W linker  : "/data/app/org.mozilla.fenix-iWpGOrf8cry6RDpwHyQugA==/lib/arm64/libsoftokn3.so" unused DT entry: type 0x8000023 arg 0x70
10-22 12:55:35.283   758   790 W linker  : "/data/app/org.mozilla.fenix-iWpGOrf8cry6RDpwHyQugA==/lib/arm64/libsoftokn3.so" unused DT entry: type 0x8000025 arg 0x8
10-22 12:55:35.284   758   790 W linker  : "/data/app/org.mozilla.fenix-iWpGOrf8cry6RDpwHyQugA==/lib/arm64/libfreebl3.so" unused DT entry: type 0x8000024 arg 0xe78
10-22 12:55:35.284   758   790 W linker  : "/data/app/org.mozilla.fenix-iWpGOrf8cry6RDpwHyQugA==/lib/arm64/libfreebl3.so" unused DT entry: type 0x8000023 arg 0x68
10-22 12:55:35.284   758   790 W linker  : "/data/app/org.mozilla.fenix-iWpGOrf8cry6RDpwHyQugA==/lib/arm64/libfreebl3.so" unused DT entry: type 0x8000025 arg 0x8
10-22 12:55:35.305  3957 14954 D WifiService: getConnectionInfo uid=1000
10-22 12:55:35.314  3957 14954 D WifiService: getConnectionInfo uid=1000
10-22 12:55:35.334   610   900 I BatteryMgr:DataCollectionService: stats => 1697972135334,-180,4310,136,0,100
10-22 12:55:35.336   992  1017 W linker  : "/data/app/org.mozilla.fenix-iWpGOrf8cry6RDpwHyQugA==/lib/arm64/libsoftokn3.so" unused DT entry: type 0x8000024 arg 0x2580
10-22 12:55:35.336   992  1017 W linker  : "/data/app/org.mozilla.fenix-iWpGOrf8cry6RDpwHyQugA==/lib/arm64/libsoftokn3.so" unused DT entry: type 0x8000023 arg 0x70
10-22 12:55:35.336   992  1017 W linker  : "/data/app/org.mozilla.fenix-iWpGOrf8cry6RDpwHyQugA==/lib/arm64/libsoftokn3.so" unused DT entry: type 0x8000025 arg 0x8
10-22 12:55:35.339   992  1017 W linker  : "/data/app/org.mozilla.fenix-iWpGOrf8cry6RDpwHyQugA==/lib/arm64/libfreebl3.so" unused DT entry: type 0x8000024 arg 0xe78
10-22 12:55:35.339   992  1017 W linker  : "/data/app/org.mozilla.fenix-iWpGOrf8cry6RDpwHyQugA==/lib/arm64/libfreebl3.so" unused DT entry: type 0x8000023 arg 0x68
10-22 12:55:35.339   992  1017 W linker  : "/data/app/org.mozilla.fenix-iWpGOrf8cry6RDpwHyQugA==/lib/arm64/libfreebl3.so" unused DT entry: type 0x8000025 arg 0x8
10-22 12:55:35.352  3957 14954 D WifiService: getConnectionInfo uid=1000
10-22 12:55:35.429  3957 14954 I chatty  : uid=1000(system) Binder:3957_1D identical 14 lines
10-22 12:55:35.433  3957 14954 I chatty  : uid=1000(system) Binder:3957_1D identical 21 lines
10-22 12:55:35.433  3957 14954 D WifiService: getConnectionInfo uid=1000
10-22 12:55:35.452   610   900 I BatteryMgr:DataCollectionService: stats => 1697972135452,-180,4310,136,0,100
10-22 12:55:35.520  3957 14954 D ConnectivityService: filterNetworkStateForUid() uid: 10169 networkInfo: [type: WIFI[] - WIFI, state: CONNECTED/CONNECTED, reason: (unspecified), extra: "ourhome", failover: false, available: true, roaming: false, metered: false]
10-22 12:55:35.520   841   938 E vulkan  : invalid vkGetInstanceProcAddr(VK_NULL_HANDLE, "vkEnumerateInstanceVersion") call
10-22 12:55:35.520  3957 14954 D WifiService: getConnectionInfo uid=1000
10-22 12:55:35.520   841   938 E vulkan  : invalid vkGetInstanceProcAddr(VK_NULL_HANDLE, "vkEnumerateInstanceVersion") call
10-22 12:55:35.531   841   938 D vulkan  : searching for layers in '/data/app/org.mozilla.fenix-iWpGOrf8cry6RDpwHyQugA==/lib/arm64'
10-22 12:55:35.532   841   938 D vulkan  : searching for layers in '/data/app/org.mozilla.fenix-iWpGOrf8cry6RDpwHyQugA==/base.apk!/lib/arm64-v8a'
10-22 12:55:35.533  3957  4129 D WifiStateMachine:  ConnectedState !RSSI_PKTCNT_FETCH uid=1000 rt=578542115/1634517587 0 0 "ourhome" f4:6d:2f:12:cc:88 rssi=-45 f=5240 sc=60 link=433 tx=0.0, 0.0, 0.0  rx=3.4 bcn=371459 [on:0 tx:0 rx:0 period:1003] from screen [on:104052 period:610013] score=60
10-22 12:55:35.536  3957  4129 D WifiStateMachine:  L2ConnectedState !RSSI_PKTCNT_FETCH uid=1000 rt=578542118/1634517591 0 0 "ourhome" f4:6d:2f:12:cc:88 rssi=-45 f=5240 sc=60 link=433 tx=0.0, 0.0, 0.0  rx=3.4 bcn=371459 [on:0 tx:0 rx:0 period:3] from screen [on:104052 period:610016] score=60
10-22 12:55:35.539  3957  4129 D WifiStateMachine: fetchRssiLinkSpeedAndFrequencyNative rssi=-44 linkspeed=433 freq=5240
10-22 12:55:35.539  3957  4129 V WifiConfigManager: Updating scan detail cache freq=5240 BSSID=f4:6d:2f:12:cc:88 RSSI=-43 for "ourhome"WPA_PSK
10-22 12:55:35.544   841   938 D vulkan  : vulkan api version_1_0 1.0.0
10-22 12:55:35.544   841   938 D vulkan  : vulkan header version 46
10-22 12:55:35.559   610   900 I BatteryMgr:DataCollectionService: stats => 1697972135559,-180,4310,136,0,100
10-22 12:55:35.617   658   658 I GeckoSession: handleMessage GeckoView:PageStop uri=null
10-22 12:55:35.624   658   721 I SessionStorage/AutoSave: Save: Load finished
10-22 12:55:35.668   610   900 I BatteryMgr:DataCollectionService: stats => 1697972135668,-180,4310,136,0,100
10-22 12:55:35.781   610   900 I BatteryMgr:DataCollectionService: stats => 1697972135781,-180,4310,136,0,100
10-22 12:55:35.787  3957  8322 D ConnectivityService: filterNetworkStateForUid() uid: 10169 networkInfo: [type: WIFI[] - WIFI, state: CONNECTED/CONNECTED, reason: (unspecified), extra: "ourhome", failover: false, available: true, roaming: false, metered: false]
10-22 12:55:35.787  3957  8322 D WifiService: getConnectionInfo uid=1000
10-22 12:55:35.827  3957  8322 I chatty  : uid=1000(system) Binder:3957_12 identical 2 lines
10-22 12:55:35.827  3957  8322 I chatty  : uid=1000(system) Binder:3957_12 identical 2 lines
10-22 12:55:35.877  3957  8322 D ConnectivityService: filterNetworkStateForUid() uid: 10169 networkInfo: [type: WIFI[] - WIFI, state: CONNECTED/CONNECTED, reason: (unspecified), extra: "ourhome", failover: false, available: true, roaming: false, metered: false]
10-22 12:55:35.877  3957  8322 D WifiService: getConnectionInfo uid=1000
10-22 12:55:35.892   610   900 I BatteryMgr:DataCollectionService: stats => 1697972135892,-180,4310,136,0,100
10-22 12:55:35.899  3957  4030 D SensorService: [SO] 0.278 0.086 9.955
10-22 12:55:35.917  3957  4129 D WifiStateMachine:  ConnectedState !CMD_RSSI_POLL rt=578542501/1634517974 104 0 "ourhome" f4:6d:2f:12:cc:88 rssi=-44 f=5240 sc=60 link=433 tx=0.0, 0.0, 0.0  rx=3.4 bcn=371459 [on:0 tx:0 rx:0 period:381] from screen [on:104052 period:610397] score=60
10-22 12:55:35.918  3957  4129 D WifiStateMachine:  L2ConnectedState !CMD_RSSI_POLL rt=578542502/1634517975 104 0 "ourhome" f4:6d:2f:12:cc:88 rssi=-44 f=5240 sc=60 link=433 tx=0.0, 0.0, 0.0  rx=3.4 bcn=371459 [on:0 tx:0 rx:0 period:1] from screen [on:104052 period:610398] score=60
10-22 12:55:35.919  3957  4129 D WifiStateMachine:  get link layer stats 3
10-22 12:55:35.919  3436  3436 I android.hardware.wifi@1.0-service: getLinkLayerStats
10-22 12:55:35.929  3957  4129 D WifiStateMachine: fetchRssiLinkSpeedAndFrequencyNative rssi=-43 linkspeed=433 freq=5240
10-22 12:55:35.929  3957  4129 V WifiConfigManager: Updating scan detail cache freq=5240 BSSID=f4:6d:2f:12:cc:88 RSSI=-43 for "ourhome"WPA_PSK
10-22 12:55:35.932  4340  4340 E SignalClusterView: setSlotFocusVisible : subId -2
10-22 12:55:35.932  4340  4340 E SignalClusterView: setSlotFocusVisible : subId -2
10-22 12:55:35.940  3957  8322 D ConnectivityService: filterNetworkStateForUid() uid: 10169 networkInfo: [type: WIFI[] - WIFI, state: CONNECTED/CONNECTED, reason: (unspecified), extra: "ourhome", failover: false, available: true, roaming: false, metered: false]
10-22 12:55:35.941  3957  8322 D WifiService: getConnectionInfo uid=1000
10-22 12:55:36.002   610   900 I BatteryMgr:DataCollectionService: stats => 1697972136001,-180,4310,136,0,100
10-22 12:55:36.048  3957  8322 I chatty  : uid=1000(system) Binder:3957_12 identical 1 line
10-22 12:55:36.048  3957  8322 D WifiService: getConnectionInfo uid=1000
10-22 12:55:36.052   658   658 W GeckoSession: No history entries found.
10-22 12:55:36.123   610   900 I BatteryMgr:DataCollectionService: stats => 1697972136122,-180,4310,136,0,100
10-22 12:55:36.137  3957  8322 D ConnectivityService: filterNetworkStateForUid() uid: 10169 networkInfo: [type: WIFI[] - WIFI, state: CONNECTED/CONNECTED, reason: (unspecified), extra: "ourhome", failover: false, available: true, roaming: false, metered: false]
10-22 12:55:36.137  3957  8322 D WifiService: getConnectionInfo uid=1000
10-22 12:55:36.167  3957  4128 D WifiService: getConnectionInfo uid=1000
10-22 12:55:36.213   658   672 I zygote64: Background concurrent copying GC freed 61918(2MB) AllocSpace objects, 11(328KB) LOS objects, 49% free, 3MB/7MB, paused 3.563ms total 154.760ms
10-22 12:55:36.240   610   900 I BatteryMgr:DataCollectionService: stats => 1697972136240,-180,4310,136,0,100
10-22 12:55:36.361   610   900 I BatteryMgr:DataCollectionService: stats => 1697972136361,-180,4310,136,0,100
10-22 12:55:36.475   610   900 I BatteryMgr:DataCollectionService: stats => 1697972136474,-180,4310,136,0,100
10-22 12:55:36.531  3957  4129 D WifiStateMachine:  ConnectedState !RSSI_PKTCNT_FETCH uid=1000 rt=578543115/1634518588 0 0 "ourhome" f4:6d:2f:12:cc:88 rssi=-43 f=5240 sc=60 link=433 tx=132.0, 5.1, 0.0  rx=150.3 bcn=371486 [on:0 tx:0 rx:0 period:600] from screen [on:105759 period:611011] score=60
10-22 12:55:36.534  3957  4129 D WifiStateMachine:  L2ConnectedState !RSSI_PKTCNT_FETCH uid=1000 rt=578543117/1634518590 0 0 "ourhome" f4:6d:2f:12:cc:88 rssi=-43 f=5240 sc=60 link=433 tx=132.0, 5.1, 0.0  rx=150.3 bcn=371486 [on:0 tx:0 rx:0 period:3] from screen [on:105759 period:611014] score=60
10-22 12:55:36.535  3957  4129 D WifiStateMachine: fetchRssiLinkSpeedAndFrequencyNative rssi=-44 linkspeed=433 freq=5240
10-22 12:55:36.536  3957  4129 V WifiConfigManager: Updating scan detail cache freq=5240 BSSID=f4:6d:2f:12:cc:88 RSSI=-43 for "ourhome"WPA_PSK
10-22 12:55:36.586   610   900 I BatteryMgr:DataCollectionService: stats => 1697972136586,-180,4310,136,0,100
10-22 12:55:36.698   610   900 I BatteryMgr:DataCollectionService: stats => 1697972136697,-180,4310,136,0,100
10-22 12:55:36.749  3957  6478 D WifiService: getConnectionInfo uid=1000
10-22 12:55:36.812   610   900 I BatteryMgr:DataCollectionService: stats => 1697972136811,-180,4310,136,0,100
10-22 12:55:36.921   610   900 I BatteryMgr:DataCollectionService: stats => 1697972136921,-180,4310,136,0,100
10-22 12:55:37.043   610   900 I BatteryMgr:DataCollectionService: stats => 1697972137042,-180,4310,136,0,100
10-22 12:55:37.161   610   900 I BatteryMgr:DataCollectionService: stats => 1697972137160,-180,4310,136,0,100
10-22 12:55:37.171  3957  4128 D WifiService: getConnectionInfo uid=1000
10-22 12:55:37.278   610   900 I BatteryMgr:DataCollectionService: stats => 1697972137278,-180,4310,136,0,100
10-22 12:55:37.296  3957  6478 D SSRM:k  : SIOP:: AP = 310, PST = 298 (W:24), BAT = 248, USB = 0, CHG = 0
10-22 12:55:37.397   610   900 I BatteryMgr:DataCollectionService: stats => 1697972137397,-180,4310,136,0,100
