10-22 13:30:59.466  4961  4961 D io_stats: !@ 179,0 r 8786971 285924952 w 2030124 40093552 d 161433 36264308 f 620474 644746 iot 4062928 3514516 th 51200 0 0 pt 0 inp 0 0 580666.050
10-22 13:30:59.477  2479  2548 I chatty  : uid=1002(bluetooth) BT Service Call identical 76 lines
10-22 13:30:59.477  2479  2548 D ScanRecord: Not a Multi Manu data
10-22 13:30:59.481  5812  6016 I SessionStorage/AutoSave: Save: Periodic
10-22 13:30:59.501  2479  2548 D ScanRecord: Not a Multi Manu data
10-22 13:30:59.506  2479  2548 I chatty  : uid=1002(bluetooth) BT Service Call identical 24 lines
10-22 13:30:59.506  2479  2548 D ScanRecord: Not a Multi Manu data
10-22 13:30:59.527  3957  4129 D WifiStateMachine:  ConnectedState !RSSI_PKTCNT_FETCH uid=1000 rt=580666112/1636641584 0 0 "ourhome" f4:6d:2f:12:cc:88 rssi=-41 f=5240 sc=60 link=433 tx=4.7, 2.6, 0.0  rx=14.0 bcn=391006 [on:0 tx:0 rx:0 period:999] from screen [on:13130 period:69105] score=60
10-22 13:30:59.530  3957  4129 D WifiStateMachine:  L2ConnectedState !RSSI_PKTCNT_FETCH uid=1000 rt=580666114/1636641586 0 0 "ourhome" f4:6d:2f:12:cc:88 rssi=-41 f=5240 sc=60 link=433 tx=4.7, 2.6, 0.0  rx=14.0 bcn=391006 [on:0 tx:0 rx:0 period:3] from screen [on:13130 period:69108] score=60
10-22 13:30:59.532  3957  4129 D WifiStateMachine: fetchRssiLinkSpeedAndFrequencyNative rssi=-43 linkspeed=433 freq=5240
10-22 13:30:59.532  3957  4129 V WifiConfigManager: Updating scan detail cache freq=5240 BSSID=f4:6d:2f:12:cc:88 RSSI=-42 for "ourhome"WPA_PSK
10-22 13:30:59.532  2479  2548 D ScanRecord: Not a Multi Manu data
10-22 13:30:59.533  2479  2548 I chatty  : uid=1002(bluetooth) BT Service Call identical 11 lines
10-22 13:30:59.533  2479  2548 D ScanRecord: Not a Multi Manu data
10-22 13:30:59.550  5767  6044 I BatteryMgr:DataCollectionService: stats => 1697974259550,-25,4310,61,0,100
10-22 13:30:59.550  2479  2548 D ScanRecord: Not a Multi Manu data
10-22 13:30:59.557  2479  2548 I chatty  : uid=1002(bluetooth) BT Service Call identical 24 lines
10-22 13:30:59.557  2479  2548 D ScanRecord: Not a Multi Manu data
10-22 13:30:59.593  3957  4128 D WifiService: getConnectionInfo uid=1000
10-22 13:30:59.657  5767  6044 I BatteryMgr:DataCollectionService: stats => 1697974259657,-25,4310,61,0,100
10-22 13:30:59.767  5767  6044 I BatteryMgr:DataCollectionService: stats => 1697974259767,-25,4310,61,0,100
10-22 13:30:59.874  5767  6044 I BatteryMgr:DataCollectionService: stats => 1697974259874,-25,4310,61,0,100
10-22 13:30:59.890  3957  4129 D WifiStateMachine:  ConnectedState !CMD_RSSI_POLL rt=580666474/1636641947 106 0 "ourhome" f4:6d:2f:12:cc:88 rssi=-43 f=5240 sc=60 link=433 tx=4.7, 2.6, 0.0  rx=14.0 bcn=391006 [on:0 tx:0 rx:0 period:359] from screen [on:13130 period:69467] score=60
10-22 13:30:59.891  3957  4129 D WifiStateMachine:  L2ConnectedState !CMD_RSSI_POLL rt=580666475/1636641948 106 0 "ourhome" f4:6d:2f:12:cc:88 rssi=-43 f=5240 sc=60 link=433 tx=4.7, 2.6, 0.0  rx=14.0 bcn=391006 [on:0 tx:0 rx:0 period:2] from screen [on:13130 period:69469] score=60
10-22 13:30:59.891  3957  4129 D WifiStateMachine:  get link layer stats 3
10-22 13:30:59.891  3436  3436 I android.hardware.wifi@1.0-service: getLinkLayerStats
10-22 13:30:59.909  3957  4129 D WifiStateMachine: fetchRssiLinkSpeedAndFrequencyNative rssi=-43 linkspeed=433 freq=5240
10-22 13:30:59.909  3957  4129 V WifiConfigManager: Updating scan detail cache freq=5240 BSSID=f4:6d:2f:12:cc:88 RSSI=-42 for "ourhome"WPA_PSK
10-22 13:30:59.913  4340  4340 E SignalClusterView: setSlotFocusVisible : subId -2
10-22 13:30:59.913  4340  4340 E SignalClusterView: setSlotFocusVisible : subId -2
10-22 13:30:59.980  5767  6044 I BatteryMgr:DataCollectionService: stats => 1697974259980,-25,4310,61,0,100
10-22 13:31:00.000  3957  4045 D SamsungAlarmManager: Expired : 8
10-22 13:31:00.011  3957  4045 V SamsungAlarmManager: Sending to uid : 1000 action=android.intent.action.TIME_TICK alarm=Alarm{d052d41 type 3 when 1636642058 android}
10-22 13:31:00.024  3957  4045 V SamsungAlarmManager: Sending to uid : 10074 action=com.samsung.action.EVERY_MINUTE_CLOCK_UPDATE alarm=Alarm{d56c027 type 1 when 1697974260000 com.sec.android.app.launcher}
10-22 13:31:00.029   426   426 I Launcher: onReceive: com.samsung.action.EVERY_MINUTE_CLOCK_UPDATE
10-22 13:31:00.030  3957  3957 D SamsungAlarmManager: setExact Intent (T:3/F:1/AC:false) 20231022T133200 - CU:1000/CP:3957
10-22 13:31:00.030  3957  3957 I SamsungAlarmManager: setLocked to kernel - T:3 / 20231022T133200, SetElapsed=1636702059, nowELAPSED=1636642088
10-22 13:31:00.035  4340  4340 D KeyguardUpdateMonitor: received broadcast android.intent.action.TIME_TICK
10-22 13:31:00.039  3957  4653 D SamsungAlarmManager: setInexact Intent (T:1/F:0/AC:false) 20231022T133200 - CU:10074/CP:426
10-22 13:31:00.040  3957  4653 I SamsungAlarmManager: setLocked to kernel - T:3 / 20231022T133200, SetElapsed=1636702058, nowELAPSED=1636642098
10-22 13:31:00.044   426   426 I IconView: applyFromShortcutInfo - start GetLive : com.samsung.android.calendar
10-22 13:31:00.044   426   426 I IconView: applyFromShortcutInfo - end GetLive : com.samsung.android.calendar
10-22 13:31:00.045  4340  4340 D KeyguardServiceBoxContainer: refreshTime() 1
10-22 13:31:00.089  5767  6044 I BatteryMgr:DataCollectionService: stats => 1697974260088,-25,4310,61,0,100
10-22 13:31:00.109   426   426 I IconView: applyFromApplicationInfo - start GetLive : com.sec.android.app.clockpackage
10-22 13:31:00.117   426   426 D ApplicationPackageManager: we has com.sec.android.app.clockpackage class. reuse it 
10-22 13:31:00.123   426   426 D LiveIconLoader: getLiveIcon was called in ClockPackage
10-22 13:31:00.125   426   426 D LiveIconLoader: getLiveIcon res = com.sec.android.app.clockpackage
10-22 13:31:00.125  4340  4340 D KeyguardUpdateMonitor: handleStatusBarState( false )
10-22 13:31:00.135  4340  4340 D KeyguardUpdateMonitor: handleStatusBarState( false )
10-22 13:31:00.139   426   426 D LiveIconLoader: stdIconSize : 84 , targetIconSize : 94
10-22 13:31:00.139   426   426 D LiveIconLoader: mIconDpi : 320 , mTargetIconDpi : 280
10-22 13:31:00.182   426   426 I ApplicationPackageManager: load= live icon for com.sec.android.app.clockpackage, from overlay = false
10-22 13:31:00.185   426   426 I LiveIconManager: getLiveIcon: complete(sync_created)
10-22 13:31:00.185   426   426 I IconView: applyFromApplicationInfo - end GetLive : com.sec.android.app.clockpackage
10-22 13:31:00.186   426   426 I IconView: applyFromApplicationInfo - start GetLive : com.samsung.android.calendar
10-22 13:31:00.187   426   426 I BitmapCacheContainer: getBitmapCache: BitmapCache expired com.samsung.android.calendar/UserHandle{0}
10-22 13:31:00.190   426   426 D ApplicationPackageManager: we has com.samsung.android.calendar class. reuse it 
10-22 13:31:00.193  5767  6044 I BatteryMgr:DataCollectionService: stats => 1697974260193,-25,4310,61,0,100
10-22 13:31:00.235   426   426 I ApplicationPackageManager: load= live icon for com.samsung.android.calendar, from overlay = false
10-22 13:31:00.236   426   426 I LiveIconManager: getLiveIcon: complete(sync_created)
10-22 13:31:00.236   426   426 I IconView: applyFromApplicationInfo - end GetLive : com.samsung.android.calendar
10-22 13:31:00.304  5767  6044 I BatteryMgr:DataCollectionService: stats => 1697974260304,-25,4310,61,0,100
10-22 13:31:00.416  5767  6044 I BatteryMgr:DataCollectionService: stats => 1697974260416,-25,4310,61,0,100
10-22 13:31:00.527  5767  6044 I BatteryMgr:DataCollectionService: stats => 1697974260527,-25,4310,61,0,100
10-22 13:31:00.529  3957  4129 D WifiStateMachine:  ConnectedState !RSSI_PKTCNT_FETCH uid=1000 rt=580667113/1636642586 0 0 "ourhome" f4:6d:2f:12:cc:88 rssi=-43 f=5240 sc=60 link=433 tx=1.7, 0.9, 0.0  rx=5.8 bcn=391036 [on:0 tx:0 rx:0 period:618] from screen [on:13307 period:70107] score=60
10-22 13:31:00.531  3957  4129 D WifiStateMachine:  L2ConnectedState !RSSI_PKTCNT_FETCH uid=1000 rt=580667115/1636642588 0 0 "ourhome" f4:6d:2f:12:cc:88 rssi=-43 f=5240 sc=60 link=433 tx=1.7, 0.9, 0.0  rx=5.8 bcn=391036 [on:0 tx:0 rx:0 period:2] from screen [on:13307 period:70109] score=60
10-22 13:31:00.538  3957  4129 D WifiStateMachine: fetchRssiLinkSpeedAndFrequencyNative rssi=-42 linkspeed=433 freq=5240
10-22 13:31:00.539  3957  4129 V WifiConfigManager: Updating scan detail cache freq=5240 BSSID=f4:6d:2f:12:cc:88 RSSI=-42 for "ourhome"WPA_PSK
10-22 13:31:00.595  3957  4128 D WifiService: getConnectionInfo uid=1000
10-22 13:31:00.635  3957  6478 D SSRM:k  : SIOP:: AP = 350, PST = 327 (W:24), BAT = 248, USB = 0, CHG = 0
10-22 13:31:00.639  5767  6044 I BatteryMgr:DataCollectionService: stats => 1697974260639,-25,4310,61,0,100
10-22 13:31:00.754  5767  6044 I BatteryMgr:DataCollectionService: stats => 1697974260753,-25,4310,61,0,100
10-22 13:31:00.861  5767  6044 I BatteryMgr:DataCollectionService: stats => 1697974260861,-25,4310,61,0,100
10-22 13:31:00.977  5767  6044 I BatteryMgr:DataCollectionService: stats => 1697974260976,-25,4310,61,0,100
10-22 13:31:01.090  5767  6044 I BatteryMgr:DataCollectionService: stats => 1697974261089,-25,4310,61,0,100
10-22 13:31:01.196  5767  6044 I BatteryMgr:DataCollectionService: stats => 1697974261195,-25,4310,61,0,100
10-22 13:31:01.302  5767  6044 I BatteryMgr:DataCollectionService: stats => 1697974261302,-25,4310,61,0,100
10-22 13:31:01.344  3020  3020 D BoundBrokerSvc: onUnbind: Intent { act=com.google.android.gms.measurement.START pkg=com.google.android.gms }
10-22 13:31:01.410  5767  6044 I BatteryMgr:DataCollectionService: stats => 1697974261410,-25,4310,61,0,100
10-22 13:31:01.441  6274  6309 I System.out: (HTTPLog)-Static: isSBSettingEnabled false
10-22 13:31:01.441  6274  6309 I System.out: (HTTPLog)-Static: isSBSettingEnabled false
10-22 13:31:01.515  5767  6044 I BatteryMgr:DataCollectionService: stats => 1697974261515,-25,4310,61,0,100
10-22 13:31:01.532  3957  4129 D WifiStateMachine:  ConnectedState !RSSI_PKTCNT_FETCH uid=1000 rt=580668114/1636643587 0 0 "ourhome" f4:6d:2f:12:cc:88 rssi=-42 f=5240 sc=60 link=433 tx=1.7, 0.9, 0.0  rx=5.8 bcn=391036 [on:0 tx:0 rx:0 period:1001] from screen [on:13307 period:71110] score=60
10-22 13:31:01.535  3957  4129 D WifiStateMachine:  L2ConnectedState !RSSI_PKTCNT_FETCH uid=1000 rt=580668118/1636643591 0 0 "ourhome" f4:6d:2f:12:cc:88 rssi=-42 f=5240 sc=60 link=433 tx=1.7, 0.9, 0.0  rx=5.8 bcn=391036 [on:0 tx:0 rx:0 period:2] from screen [on:13307 period:71112] score=60
10-22 13:31:01.541  3957  4129 D WifiStateMachine: fetchRssiLinkSpeedAndFrequencyNative rssi=-42 linkspeed=433 freq=5240
10-22 13:31:01.541  3957  4129 V WifiConfigManager: Updating scan detail cache freq=5240 BSSID=f4:6d:2f:12:cc:88 RSSI=-42 for "ourhome"WPA_PSK
10-22 13:31:01.598  3957  4128 D WifiService: getConnectionInfo uid=1000
10-22 13:31:01.628  5767  6044 I BatteryMgr:DataCollectionService: stats => 1697974261628,-25,4310,61,0,100
10-22 13:31:01.738  5767  6044 I BatteryMgr:DataCollectionService: stats => 1697974261737,-25,4310,61,0,100
10-22 13:31:01.848  5767  6044 I BatteryMgr:DataCollectionService: stats => 1697974261848,-25,4310,61,0,100
10-22 13:31:01.959  5767  6044 I BatteryMgr:DataCollectionService: stats => 1697974261958,-25,4310,61,0,100
10-22 13:31:02.077  5767  6044 I BatteryMgr:DataCollectionService: stats => 1697974262077,-25,4310,61,0,100
10-22 13:31:02.193  5767  6044 I BatteryMgr:DataCollectionService: stats => 1697974262192,-25,4310,61,0,100
10-22 13:31:02.306  5767  6044 I BatteryMgr:DataCollectionService: stats => 1697974262306,-25,4310,61,0,100
10-22 13:31:02.417  5767  6044 I BatteryMgr:DataCollectionService: stats => 1697974262417,-25,4310,61,0,100
10-22 13:31:02.529  5767  6044 I BatteryMgr:DataCollectionService: stats => 1697974262529,-25,4310,61,0,100
10-22 13:31:02.532  3957  4129 D WifiStateMachine:  ConnectedState !RSSI_PKTCNT_FETCH uid=1000 rt=580669116/1636644589 0 0 "ourhome" f4:6d:2f:12:cc:88 rssi=-42 f=5240 sc=60 link=433 tx=1.7, 0.9, 0.0  rx=5.8 bcn=391036 [on:0 tx:0 rx:0 period:998] from screen [on:13307 period:72110] score=60
10-22 13:31:02.535  3957  4129 D WifiStateMachine:  L2ConnectedState !RSSI_PKTCNT_FETCH uid=1000 rt=580669118/1636644591 0 0 "ourhome" f4:6d:2f:12:cc:88 rssi=-42 f=5240 sc=60 link=433 tx=1.7, 0.9, 0.0  rx=5.8 bcn=391036 [on:0 tx:0 rx:0 period:2] from screen [on:13307 period:72112] score=60
10-22 13:31:02.541  3957  4129 D WifiStateMachine: fetchRssiLinkSpeedAndFrequencyNative rssi=-41 linkspeed=433 freq=5240
10-22 13:31:02.541  3957  4129 V WifiConfigManager: Updating scan detail cache freq=5240 BSSID=f4:6d:2f:12:cc:88 RSSI=-41 for "ourhome"WPA_PSK
10-22 13:31:02.601  3957  4128 D WifiService: getConnectionInfo uid=1000
10-22 13:31:02.639  5767  6044 I BatteryMgr:DataCollectionService: stats => 1697974262639,-25,4310,61,0,100
10-22 13:31:02.751  5767  6044 I BatteryMgr:DataCollectionService: stats => 1697974262751,-25,4310,61,0,100
10-22 13:31:02.862  5767  6044 I BatteryMgr:DataCollectionService: stats => 1697974262862,-25,4310,61,0,100
10-22 13:31:02.912  3957  4129 D WifiStateMachine:  ConnectedState !CMD_RSSI_POLL rt=580669496/1636644969 106 0 "ourhome" f4:6d:2f:12:cc:88 rssi=-41 f=5240 sc=60 link=433 tx=1.7, 0.9, 0.0  rx=5.8 bcn=391036 [on:0 tx:0 rx:0 period:377] from screen [on:13307 period:72489] score=60
10-22 13:31:02.913  3957  4129 D WifiStateMachine:  L2ConnectedState !CMD_RSSI_POLL rt=580669497/1636644970 106 0 "ourhome" f4:6d:2f:12:cc:88 rssi=-41 f=5240 sc=60 link=433 tx=1.7, 0.9, 0.0  rx=5.8 bcn=391036 [on:0 tx:0 rx:0 period:2] from screen [on:13307 period:72491] score=60
10-22 13:31:02.913  3957  4129 D WifiStateMachine:  get link layer stats 3
10-22 13:31:02.914  3436  3436 I android.hardware.wifi@1.0-service: getLinkLayerStats
10-22 13:31:02.925  3957  4129 D WifiStateMachine: fetchRssiLinkSpeedAndFrequencyNative rssi=-41 linkspeed=433 freq=5240
10-22 13:31:02.926  3957  4129 V WifiConfigManager: Updating scan detail cache freq=5240 BSSID=f4:6d:2f:12:cc:88 RSSI=-41 for "ourhome"WPA_PSK
10-22 13:31:02.932  4340  4340 E SignalClusterView: setSlotFocusVisible : subId -2
10-22 13:31:02.932  4340  4340 E SignalClusterView: setSlotFocusVisible : subId -2
10-22 13:31:02.971  5767  6044 I BatteryMgr:DataCollectionService: stats => 1697974262971,-25,4310,61,0,100
10-22 13:31:03.085  5767  6044 I BatteryMgr:DataCollectionService: stats => 1697974263085,-25,4310,61,0,100
10-22 13:31:03.194  5767  6044 I BatteryMgr:DataCollectionService: stats => 1697974263194,-25,4310,61,0,100
10-22 13:31:03.306  5767  6044 I BatteryMgr:DataCollectionService: stats => 1697974263306,-25,4310,61,0,100
10-22 13:31:03.416  5767  6044 I BatteryMgr:DataCollectionService: stats => 1697974263416,-25,4310,61,0,100
10-22 13:31:03.526  5767  6044 I BatteryMgr:DataCollectionService: stats => 1697974263525,-25,4310,61,0,100
10-22 13:31:03.533  3957  4129 D WifiStateMachine:  ConnectedState !RSSI_PKTCNT_FETCH uid=1000 rt=580670117/1636645590 0 0 "ourhome" f4:6d:2f:12:cc:88 rssi=-41 f=5240 sc=60 link=433 tx=2.5, 0.3, 0.0  rx=7.2 bcn=391063 [on:0 tx:0 rx:0 period:603] from screen [on:14144 period:73111] score=60
10-22 13:31:03.535  3957  4129 D WifiStateMachine:  L2ConnectedState !RSSI_PKTCNT_FETCH uid=1000 rt=580670119/1636645592 0 0 "ourhome" f4:6d:2f:12:cc:88 rssi=-41 f=5240 sc=60 link=433 tx=2.5, 0.3, 0.0  rx=7.2 bcn=391063 [on:0 tx:0 rx:0 period:2] from screen [on:14144 period:73113] score=60
10-22 13:31:03.538  3957  4129 D WifiStateMachine: fetchRssiLinkSpeedAndFrequencyNative rssi=-41 linkspeed=433 freq=5240
10-22 13:31:03.538  3957  4129 V WifiConfigManager: Updating scan detail cache freq=5240 BSSID=f4:6d:2f:12:cc:88 RSSI=-41 for "ourhome"WPA_PSK
10-22 13:31:03.603  3957  4128 D WifiService: getConnectionInfo uid=1000
10-22 13:31:03.634  5767  6044 I BatteryMgr:DataCollectionService: stats => 1697974263634,-25,4310,61,0,100
10-22 13:31:03.748  5767  6044 I BatteryMgr:DataCollectionService: stats => 1697974263747,-25,4310,61,0,100
10-22 13:31:03.858  5767  6044 I BatteryMgr:DataCollectionService: stats => 1697974263858,-25,4310,61,0,100
10-22 13:31:03.971  5767  6044 I BatteryMgr:DataCollectionService: stats => 1697974263971,-25,4310,61,0,100
10-22 13:31:04.078  2479  2548 D ScanRecord: Not a Multi Manu data
10-22 13:31:04.079  2479  2548 I chatty  : uid=1002(bluetooth) BT Service Call identical 11 lines
10-22 13:31:04.079  2479  2548 D ScanRecord: Not a Multi Manu data
10-22 13:31:04.088  5767  6044 I BatteryMgr:DataCollectionService: stats => 1697974264088,-25,4310,61,0,100
10-22 13:31:04.090  2479  2548 D ScanRecord: Not a Multi Manu data
10-22 13:31:04.188  2479  2548 I chatty  : uid=1002(bluetooth) BT Service Call identical 141 lines
10-22 13:31:04.188  2479  2548 D ScanRecord: Not a Multi Manu data
10-22 13:31:04.197  5767  6044 I BatteryMgr:DataCollectionService: stats => 1697974264197,-25,4310,61,0,100
10-22 13:31:04.199  2479  2548 D ScanRecord: Not a Multi Manu data
10-22 13:31:04.306  2479  2548 I chatty  : uid=1002(bluetooth) BT Service Call identical 167 lines
10-22 13:31:04.306  2479  2548 D ScanRecord: Not a Multi Manu data
10-22 13:31:04.307  5767  6044 I BatteryMgr:DataCollectionService: stats => 1697974264307,-25,4310,61,0,100
10-22 13:31:04.321  2479  2548 D ScanRecord: Not a Multi Manu data
10-22 13:31:04.414  2479  2548 I chatty  : uid=1002(bluetooth) BT Service Call identical 102 lines
10-22 13:31:04.414  2479  2548 D ScanRecord: Not a Multi Manu data
10-22 13:31:04.421  5767  6044 I BatteryMgr:DataCollectionService: stats => 1697974264421,-25,4310,61,0,100
10-22 13:31:04.430  2479  2548 D ScanRecord: Not a Multi Manu data
10-22 13:31:04.468  4961  4961 D io_stats: !@ 179,0 r 8788122 285952676 w 2030170 40098016 d 161435 36264316 f 620476 644748 iot 4063332 3514839 th 51200 0 0 pt 0 inp 0 0 580671.053
10-22 13:31:04.514  2479  2548 I chatty  : uid=1002(bluetooth) BT Service Call identical 167 lines
10-22 13:31:04.514  2479  2548 D ScanRecord: Not a Multi Manu data
10-22 13:31:04.536  3957  4129 D WifiStateMachine:  ConnectedState !RSSI_PKTCNT_FETCH uid=1000 rt=580671119/1636646592 0 0 "ourhome" f4:6d:2f:12:cc:88 rssi=-41 f=5240 sc=60 link=433 tx=2.5, 0.3, 0.0  rx=7.2 bcn=391063 [on:0 tx:0 rx:0 period:1001] from screen [on:14144 period:74114] score=60
10-22 13:31:04.537  3957  4129 D WifiStateMachine:  L2ConnectedState !RSSI_PKTCNT_FETCH uid=1000 rt=580671122/1636646594 0 0 "ourhome" f4:6d:2f:12:cc:88 rssi=-41 f=5240 sc=60 link=433 tx=2.5, 0.3, 0.0  rx=7.2 bcn=391063 [on:0 tx:0 rx:0 period:1] from screen [on:14144 period:74115] score=60
10-22 13:31:04.539  3957  4129 D WifiStateMachine: fetchRssiLinkSpeedAndFrequencyNative rssi=-41 linkspeed=433 freq=5240
10-22 13:31:04.539  3957  4129 V WifiConfigManager: Updating scan detail cache freq=5240 BSSID=f4:6d:2f:12:cc:88 RSSI=-41 for "ourhome"WPA_PSK
10-22 13:31:04.540  5767  6044 I BatteryMgr:DataCollectionService: stats => 1697974264540,-25,4310,61,0,100
10-22 13:31:04.552  2479  2548 D ScanRecord: Not a Multi Manu data
10-22 13:31:04.553  2479  2548 I chatty  : uid=1002(bluetooth) BT Service Call identical 11 lines
10-22 13:31:04.553  2479  2548 D ScanRecord: Not a Multi Manu data
10-22 13:31:04.606  3957  4128 D WifiService: getConnectionInfo uid=1000
10-22 13:31:04.653  5767  6044 I BatteryMgr:DataCollectionService: stats => 1697974264652,-25,4310,61,0,100
10-22 13:31:04.765  5767  6044 I BatteryMgr:DataCollectionService: stats => 1697974264765,-25,4310,61,0,100
10-22 13:31:04.789  3957  4030 D SensorService: [SO] 0.268 0.115 9.979
10-22 13:31:04.882  5767  6044 I BatteryMgr:DataCollectionService: stats => 1697974264881,-25,4310,61,0,100
10-22 13:31:04.992  5767  6044 I BatteryMgr:DataCollectionService: stats => 1697974264992,-25,4310,61,0,100
10-22 13:31:05.104  5767  6044 I BatteryMgr:DataCollectionService: stats => 1697974265104,-25,4310,61,0,100
10-22 13:31:05.216  5767  6044 I BatteryMgr:DataCollectionService: stats => 1697974265216,-25,4310,61,0,100
10-22 13:31:05.325  5767  6044 I BatteryMgr:DataCollectionService: stats => 1697974265324,-25,4310,61,0,100
10-22 13:31:05.436  5767  6044 I BatteryMgr:DataCollectionService: stats => 1697974265436,-25,4310,61,0,100
10-22 13:31:05.537  3957  4129 D WifiStateMachine:  ConnectedState !RSSI_PKTCNT_FETCH uid=1000 rt=580672120/1636647593 0 0 "ourhome" f4:6d:2f:12:cc:88 rssi=-41 f=5240 sc=60 link=433 tx=2.5, 0.3, 0.0  rx=7.2 bcn=391063 [on:0 tx:0 rx:0 period:999] from screen [on:14144 period:75114] score=60
10-22 13:31:05.539  3957  4129 D WifiStateMachine:  L2ConnectedState !RSSI_PKTCNT_FETCH uid=1000 rt=580672122/1636647595 0 0 "ourhome" f4:6d:2f:12:cc:88 rssi=-41 f=5240 sc=60 link=433 tx=2.5, 0.3, 0.0  rx=7.2 bcn=391063 [on:0 tx:0 rx:0 period:3] from screen [on:14144 period:75117] score=60
10-22 13:31:05.546  3957  4129 D WifiStateMachine: fetchRssiLinkSpeedAndFrequencyNative rssi=-41 linkspeed=433 freq=5240
10-22 13:31:05.547  3957  4129 V WifiConfigManager: Updating scan detail cache freq=5240 BSSID=f4:6d:2f:12:cc:88 RSSI=-41 for "ourhome"WPA_PSK
10-22 13:31:05.548  5767  6044 I BatteryMgr:DataCollectionService: stats => 1697974265547,-25,4310,61,0,100
10-22 13:31:05.608  3957  4128 D WifiService: getConnectionInfo uid=1000
10-22 13:31:05.657  5767  6044 I BatteryMgr:DataCollectionService: stats => 1697974265657,-25,4310,61,0,100
10-22 13:31:05.768  5767  6044 I BatteryMgr:DataCollectionService: stats => 1697974265768,-25,4310,61,0,100
10-22 13:31:05.842  3020  3020 D BoundBrokerSvc: onUnbind: Intent { act=com.google.android.gms.safetynet.service.START pkg=com.google.android.gms }
10-22 13:31:05.879  5767  6044 I BatteryMgr:DataCollectionService: stats => 1697974265879,-25,4310,61,0,100
10-22 13:31:05.931  3957  4129 D WifiStateMachine:  ConnectedState !CMD_RSSI_POLL rt=580672515/1636647988 106 0 "ourhome" f4:6d:2f:12:cc:88 rssi=-41 f=5240 sc=60 link=433 tx=2.5, 0.3, 0.0  rx=7.2 bcn=391063 [on:0 tx:0 rx:0 period:392] from screen [on:14144 period:75509] score=60
10-22 13:31:05.932  3957  4129 D WifiStateMachine:  L2ConnectedState !CMD_RSSI_POLL rt=580672517/1636647989 106 0 "ourhome" f4:6d:2f:12:cc:88 rssi=-41 f=5240 sc=60 link=433 tx=2.5, 0.3, 0.0  rx=7.2 bcn=391063 [on:0 tx:0 rx:0 period:1] from screen [on:14144 period:75510] score=60
10-22 13:31:05.933  3957  4129 D WifiStateMachine:  get link layer stats 3
10-22 13:31:05.933  3436  3436 I android.hardware.wifi@1.0-service: getLinkLayerStats
10-22 13:31:05.952  3957  4129 D WifiStateMachine: fetchRssiLinkSpeedAndFrequencyNative rssi=-41 linkspeed=433 freq=5240
10-22 13:31:05.952  3957  4129 V WifiConfigManager: Updating scan detail cache freq=5240 BSSID=f4:6d:2f:12:cc:88 RSSI=-41 for "ourhome"WPA_PSK
10-22 13:31:05.957  4340  4340 E SignalClusterView: setSlotFocusVisible : subId -2
10-22 13:31:05.957  4340  4340 E SignalClusterView: setSlotFocusVisible : subId -2
10-22 13:31:05.991  5767  6044 I BatteryMgr:DataCollectionService: stats => 1697974265991,-25,4310,61,0,100
10-22 13:31:06.097  5767  6044 I BatteryMgr:DataCollectionService: stats => 1697974266097,-25,4310,61,0,100
10-22 13:31:06.204  5767  6044 I BatteryMgr:DataCollectionService: stats => 1697974266204,-25,4310,61,0,100
10-22 13:31:06.314  5767  6044 I BatteryMgr:DataCollectionService: stats => 1697974266314,-25,4310,61,0,100
10-22 13:31:06.425  5767  6044 I BatteryMgr:DataCollectionService: stats => 1697974266425,-25,4310,61,0,100
10-22 13:31:06.449  6274  6309 I System.out: (HTTPLog)-Static: isSBSettingEnabled false
10-22 13:31:06.450  6274  6309 I System.out: (HTTPLog)-Static: isSBSettingEnabled false
10-22 13:31:06.534  5767  6044 I BatteryMgr:DataCollectionService: stats => 1697974266534,-25,4310,61,0,100
10-22 13:31:06.538  3957  4129 D WifiStateMachine:  ConnectedState !RSSI_PKTCNT_FETCH uid=1000 rt=580673122/1636648594 0 0 "ourhome" f4:6d:2f:12:cc:88 rssi=-41 f=5240 sc=60 link=433 tx=0.9, 0.1, 0.0  rx=4.5 bcn=391086 [on:0 tx:0 rx:0 period:581] from screen [on:14332 period:76115] score=60
10-22 13:31:06.539  3957  4129 D WifiStateMachine:  L2ConnectedState !RSSI_PKTCNT_FETCH uid=1000 rt=580673123/1636648596 0 0 "ourhome" f4:6d:2f:12:cc:88 rssi=-41 f=5240 sc=60 link=433 tx=0.9, 0.1, 0.0  rx=4.5 bcn=391086 [on:0 tx:0 rx:0 period:2] from screen [on:14332 period:76117] score=60
10-22 13:31:06.547  3957  4129 D WifiStateMachine: fetchRssiLinkSpeedAndFrequencyNative rssi=-41 linkspeed=433 freq=5240
10-22 13:31:06.547  3957  4129 V WifiConfigManager: Updating scan detail cache freq=5240 BSSID=f4:6d:2f:12:cc:88 RSSI=-41 for "ourhome"WPA_PSK
10-22 13:31:06.610  3957  4128 D WifiService: getConnectionInfo uid=1000
10-22 13:31:06.644  5767  6044 I BatteryMgr:DataCollectionService: stats => 1697974266644,-25,4310,61,0,100
10-22 13:31:06.753  5767  6044 I BatteryMgr:DataCollectionService: stats => 1697974266753,-25,4310,61,0,100
10-22 13:31:06.864  5767  6044 I BatteryMgr:DataCollectionService: stats => 1697974266864,-25,4310,61,0,100
10-22 13:31:06.975  5767  6044 I BatteryMgr:DataCollectionService: stats => 1697974266975,-25,4310,61,0,100
10-22 13:31:07.089  5767  6044 I BatteryMgr:DataCollectionService: stats => 1697974267089,-25,4310,61,0,100
10-22 13:31:07.200  5767  6044 I BatteryMgr:DataCollectionService: stats => 1697974267200,-25,4310,61,0,100
10-22 13:31:07.311  5767  6044 I BatteryMgr:DataCollectionService: stats => 1697974267311,-25,4310,61,0,100
10-22 13:31:07.424  5767  6044 I BatteryMgr:DataCollectionService: stats => 1697974267424,-25,4310,61,0,100
10-22 13:31:07.535  5767  6044 I BatteryMgr:DataCollectionService: stats => 1697974267535,-25,4310,61,0,100
10-22 13:31:07.539  3957  4129 D WifiStateMachine:  ConnectedState !RSSI_PKTCNT_FETCH uid=1000 rt=580674122/1636649595 0 0 "ourhome" f4:6d:2f:12:cc:88 rssi=-41 f=5240 sc=60 link=433 tx=0.9, 0.1, 0.0  rx=4.5 bcn=391086 [on:0 tx:0 rx:0 period:1000] from screen [on:14332 period:77117] score=60
10-22 13:31:07.542  3957  4129 D WifiStateMachine:  L2ConnectedState !RSSI_PKTCNT_FETCH uid=1000 rt=580674125/1636649597 0 0 "ourhome" f4:6d:2f:12:cc:88 rssi=-41 f=5240 sc=60 link=433 tx=0.9, 0.1, 0.0  rx=4.5 bcn=391086 [on:0 tx:0 rx:0 period:3] from screen [on:14332 period:77120] score=60
10-22 13:31:07.549  3957  4129 D WifiStateMachine: fetchRssiLinkSpeedAndFrequencyNative rssi=-41 linkspeed=433 freq=5240
10-22 13:31:07.549  3957  4129 V WifiConfigManager: Updating scan detail cache freq=5240 BSSID=f4:6d:2f:12:cc:88 RSSI=-41 for "ourhome"WPA_PSK
10-22 13:31:07.614  3957  4128 D WifiService: getConnectionInfo uid=1000
10-22 13:31:07.646  5767  6044 I BatteryMgr:DataCollectionService: stats => 1697974267646,-25,4310,61,0,100
10-22 13:31:07.760  5767  6044 I BatteryMgr:DataCollectionService: stats => 1697974267760,-25,4310,61,0,100
10-22 13:31:07.871  5767  6044 I BatteryMgr:DataCollectionService: stats => 1697974267871,-25,4310,61,0,100
10-22 13:31:07.980  5767  6044 I BatteryMgr:DataCollectionService: stats => 1697974267980,-25,4310,61,0,100
10-22 13:31:08.091  5767  6044 I BatteryMgr:DataCollectionService: stats => 1697974268091,-25,4310,61,0,100
10-22 13:31:08.201  5767  6044 I BatteryMgr:DataCollectionService: stats => 1697974268201,-25,4310,61,0,100
10-22 13:31:08.309  5767  6044 I BatteryMgr:DataCollectionService: stats => 1697974268308,-25,4310,61,0,100
10-22 13:31:08.419  5767  6044 I BatteryMgr:DataCollectionService: stats => 1697974268419,-25,4310,61,0,100
10-22 13:31:08.527  5767  6044 I BatteryMgr:DataCollectionService: stats => 1697974268527,-25,4310,61,0,100
10-22 13:31:08.540  3957  4129 D WifiStateMachine:  ConnectedState !RSSI_PKTCNT_FETCH uid=1000 rt=580675124/1636650597 0 0 "ourhome" f4:6d:2f:12:cc:88 rssi=-41 f=5240 sc=60 link=433 tx=0.9, 0.1, 0.0  rx=4.5 bcn=391086 [on:0 tx:0 rx:0 period:998] from screen [on:14332 period:78118] score=60
10-22 13:31:08.542  3957  4129 D WifiStateMachine:  L2ConnectedState !RSSI_PKTCNT_FETCH uid=1000 rt=580675126/1636650599 0 0 "ourhome" f4:6d:2f:12:cc:88 rssi=-41 f=5240 sc=60 link=433 tx=0.9, 0.1, 0.0  rx=4.5 bcn=391086 [on:0 tx:0 rx:0 period:2] from screen [on:14332 period:78120] score=60
10-22 13:31:08.549  3957  4129 D WifiStateMachine: fetchRssiLinkSpeedAndFrequencyNative rssi=-41 linkspeed=433 freq=5240
10-22 13:31:08.549  3957  4129 V WifiConfigManager: Updating scan detail cache freq=5240 BSSID=f4:6d:2f:12:cc:88 RSSI=-41 for "ourhome"WPA_PSK
10-22 13:31:08.616  3957  4128 D WifiService: getConnectionInfo uid=1000
10-22 13:31:08.639  5767  6044 I BatteryMgr:DataCollectionService: stats => 1697974268639,-25,4310,61,0,100
10-22 13:31:08.752  5767  6044 I BatteryMgr:DataCollectionService: stats => 1697974268752,-25,4310,61,0,100
10-22 13:31:08.862  5767  6044 I BatteryMgr:DataCollectionService: stats => 1697974268862,-25,4310,61,0,100
10-22 13:31:08.955  3957  4129 D WifiStateMachine:  ConnectedState !CMD_RSSI_POLL rt=580675539/1636651011 106 0 "ourhome" f4:6d:2f:12:cc:88 rssi=-41 f=5240 sc=60 link=433 tx=0.9, 0.1, 0.0  rx=4.5 bcn=391086 [on:0 tx:0 rx:0 period:413] from screen [on:14332 period:78533] score=60
10-22 13:31:08.957  3957  4129 D WifiStateMachine:  L2ConnectedState !CMD_RSSI_POLL rt=580675541/1636651013 106 0 "ourhome" f4:6d:2f:12:cc:88 rssi=-41 f=5240 sc=60 link=433 tx=0.9, 0.1, 0.0  rx=4.5 bcn=391086 [on:0 tx:0 rx:0 period:2] from screen [on:14332 period:78535] score=60
10-22 13:31:08.957  3957  4129 D WifiStateMachine:  get link layer stats 3
10-22 13:31:08.957  3436  3436 I android.hardware.wifi@1.0-service: getLinkLayerStats
10-22 13:31:08.967  3957  4129 D WifiStateMachine: fetchRssiLinkSpeedAndFrequencyNative rssi=-41 linkspeed=433 freq=5240
10-22 13:31:08.967  3957  4129 V WifiConfigManager: Updating scan detail cache freq=5240 BSSID=f4:6d:2f:12:cc:88 RSSI=-41 for "ourhome"WPA_PSK
10-22 13:31:08.973  4340  4340 E SignalClusterView: setSlotFocusVisible : subId -2
10-22 13:31:08.973  4340  4340 E SignalClusterView: setSlotFocusVisible : subId -2
10-22 13:31:08.976  5767  6044 I BatteryMgr:DataCollectionService: stats => 1697974268975,131,4310,140,0,100
10-22 13:31:09.061  2479  2548 D ScanRecord: Not a Multi Manu data
10-22 13:31:09.082  2479  2548 I chatty  : uid=1002(bluetooth) BT Service Call identical 24 lines
10-22 13:31:09.082  2479  2548 D ScanRecord: Not a Multi Manu data
10-22 13:31:09.085  5767  6044 I BatteryMgr:DataCollectionService: stats => 1697974269084,131,4310,140,0,100
10-22 13:31:09.092  2479  2548 D ScanRecord: Not a Multi Manu data
10-22 13:31:09.193  2479  2548 I chatty  : uid=1002(bluetooth) BT Service Call identical 180 lines
10-22 13:31:09.193  2479  2548 D ScanRecord: Not a Multi Manu data
10-22 13:31:09.193  5767  6044 I BatteryMgr:DataCollectionService: stats => 1697974269193,131,4310,140,0,100
10-22 13:31:09.200  2479  2548 D ScanRecord: Not a Multi Manu data
10-22 13:31:09.302  2479  2548 I chatty  : uid=1002(bluetooth) BT Service Call identical 126 lines
10-22 13:31:09.302  2479  2548 D ScanRecord: Not a Multi Manu data
10-22 13:31:09.302  5767  6044 I BatteryMgr:DataCollectionService: stats => 1697974269302,131,4310,140,0,100
10-22 13:31:09.303  2479  2548 D ScanRecord: Not a Multi Manu data
10-22 13:31:09.409  2479  2548 I chatty  : uid=1002(bluetooth) BT Service Call identical 130 lines
10-22 13:31:09.409  2479  2548 D ScanRecord: Not a Multi Manu data
10-22 13:31:09.410  5767  6044 I BatteryMgr:DataCollectionService: stats => 1697974269409,131,4310,140,0,100
10-22 13:31:09.428  2479  2548 D ScanRecord: Not a Multi Manu data
10-22 13:31:09.435  3957 12007 D BatteryService: !@BatteryListener : batteryPropertiesChanged!
10-22 13:31:09.471  4961  4961 D io_stats: !@ 179,0 r 8788182 285953760 w 2030193 40098288 d 161437 36264440 f 620477 644749 iot 4063376 3514870 th 51200 0 0 pt 0 inp 0 0 580676.056
10-22 13:31:09.512  2479  2548 I chatty  : uid=1002(bluetooth) BT Service Call identical 115 lines
10-22 13:31:09.512  2479  2548 D ScanRecord: Not a Multi Manu data
10-22 13:31:09.519  5767  6044 I BatteryMgr:DataCollectionService: stats => 1697974269519,131,4310,140,0,100
10-22 13:31:09.542  3957  4129 D WifiStateMachine:  ConnectedState !RSSI_PKTCNT_FETCH uid=1000 rt=580676125/1636651598 0 0 "ourhome" f4:6d:2f:12:cc:88 rssi=-41 f=5240 sc=60 link=433 tx=0.3, 0.0, 0.0  rx=1.7 bcn=391115 [on:0 tx:0 rx:0 period:570] from screen [on:14414 period:79119] score=60
10-22 13:31:09.544  3957  4129 D WifiStateMachine:  L2ConnectedState !RSSI_PKTCNT_FETCH uid=1000 rt=580676127/1636651600 0 0 "ourhome" f4:6d:2f:12:cc:88 rssi=-41 f=5240 sc=60 link=433 tx=0.3, 0.0, 0.0  rx=1.7 bcn=391115 [on:0 tx:0 rx:0 period:3] from screen [on:14414 period:79122] score=60
10-22 13:31:09.546  3957  4129 D WifiStateMachine: fetchRssiLinkSpeedAndFrequencyNative rssi=-42 linkspeed=433 freq=5240
10-22 13:31:09.546  3957  4129 V WifiConfigManager: Updating scan detail cache freq=5240 BSSID=f4:6d:2f:12:cc:88 RSSI=-41 for "ourhome"WPA_PSK
10-22 13:31:09.619  3957  4128 D WifiService: getConnectionInfo uid=1000
10-22 13:31:09.629  5767  6044 I BatteryMgr:DataCollectionService: stats => 1697974269629,131,4310,140,0,100
10-22 13:31:09.739  5767  6044 I BatteryMgr:DataCollectionService: stats => 1697974269739,131,4310,140,0,100
10-22 13:31:09.853  5767  6044 I BatteryMgr:DataCollectionService: stats => 1697974269852,131,4310,140,0,100
10-22 13:31:09.961  5767  6044 I BatteryMgr:DataCollectionService: stats => 1697974269961,131,4310,140,0,100
10-22 13:31:10.020  3957  4416 E Watchdog: !@Sync 19348 [2023-10-22 13:31:10.020]
10-22 13:31:10.072  5767  6044 I BatteryMgr:DataCollectionService: stats => 1697974270071,131,4310,140,0,100
10-22 13:31:10.180  5767  6044 I BatteryMgr:DataCollectionService: stats => 1697974270180,131,4310,140,0,100
10-22 13:31:10.291  5767  6044 I BatteryMgr:DataCollectionService: stats => 1697974270291,131,4310,140,0,100
10-22 13:31:10.403  5767  6044 I BatteryMgr:DataCollectionService: stats => 1697974270403,131,4310,140,0,100
10-22 13:31:10.512  5767  6044 I BatteryMgr:DataCollectionService: stats => 1697974270512,131,4310,140,0,100
10-22 13:31:10.543  3957  4129 D WifiStateMachine:  ConnectedState !RSSI_PKTCNT_FETCH uid=1000 rt=580677127/1636652599 0 0 "ourhome" f4:6d:2f:12:cc:88 rssi=-42 f=5240 sc=60 link=433 tx=0.3, 0.0, 0.0  rx=1.7 bcn=391115 [on:0 tx:0 rx:0 period:999] from screen [on:14414 period:80121] score=60
10-22 13:31:10.547  3957  4129 D WifiStateMachine:  L2ConnectedState !RSSI_PKTCNT_FETCH uid=1000 rt=580677129/1636652602 0 0 "ourhome" f4:6d:2f:12:cc:88 rssi=-42 f=5240 sc=60 link=433 tx=0.3, 0.0, 0.0  rx=1.7 bcn=391115 [on:0 tx:0 rx:0 period:4] from screen [on:14414 period:80125] score=60
10-22 13:31:10.555  3957  4129 D WifiStateMachine: fetchRssiLinkSpeedAndFrequencyNative rssi=-41 linkspeed=433 freq=5240
10-22 13:31:10.555  3957  4129 V WifiConfigManager: Updating scan detail cache freq=5240 BSSID=f4:6d:2f:12:cc:88 RSSI=-41 for "ourhome"WPA_PSK
10-22 13:31:10.621  3957  4128 D WifiService: getConnectionInfo uid=1000
10-22 13:31:10.624  5767  6044 I BatteryMgr:DataCollectionService: stats => 1697974270624,131,4310,140,0,100
10-22 13:31:10.662  3957  6478 D SSRM:k  : SIOP:: AP = 350, PST = 327 (W:24), BAT = 248, USB = 0, CHG = 0
10-22 13:31:10.735  5767  6044 I BatteryMgr:DataCollectionService: stats => 1697974270735,131,4310,140,0,100
10-22 13:31:10.845  5767  6044 I BatteryMgr:DataCollectionService: stats => 1697974270845,131,4310,140,0,100
10-22 13:31:10.957  5767  6044 I BatteryMgr:DataCollectionService: stats => 1697974270957,131,4310,140,0,100
10-22 13:31:11.065  5767  6044 I BatteryMgr:DataCollectionService: stats => 1697974271065,131,4310,140,0,100
10-22 13:31:11.172  5767  6044 I BatteryMgr:DataCollectionService: stats => 1697974271172,131,4310,140,0,100
10-22 13:31:11.282  5767  6044 I BatteryMgr:DataCollectionService: stats => 1697974271282,131,4310,140,0,100
10-22 13:31:11.391  5767  6044 I BatteryMgr:DataCollectionService: stats => 1697974271391,131,4310,140,0,100
10-22 13:31:11.456  6274  6309 I System.out: (HTTPLog)-Static: isSBSettingEnabled false
10-22 13:31:11.456  6274  6309 I System.out: (HTTPLog)-Static: isSBSettingEnabled false
10-22 13:31:11.501  5767  6044 I BatteryMgr:DataCollectionService: stats => 1697974271500,131,4310,140,0,100
10-22 13:31:11.545  3957  4129 D WifiStateMachine:  ConnectedState !RSSI_PKTCNT_FETCH uid=1000 rt=580678128/1636653601 0 0 "ourhome" f4:6d:2f:12:cc:88 rssi=-41 f=5240 sc=60 link=433 tx=0.3, 0.0, 0.0  rx=1.7 bcn=391115 [on:0 tx:0 rx:0 period:998] from screen [on:14414 period:81123] score=60
10-22 13:31:11.548  3957  4129 D WifiStateMachine:  L2ConnectedState !RSSI_PKTCNT_FETCH uid=1000 rt=580678131/1636653603 0 0 "ourhome" f4:6d:2f:12:cc:88 rssi=-41 f=5240 sc=60 link=433 tx=0.3, 0.0, 0.0  rx=1.7 bcn=391115 [on:0 tx:0 rx:0 period:3] from screen [on:14414 period:81126] score=60
10-22 13:31:11.550  3957  4129 D WifiStateMachine: fetchRssiLinkSpeedAndFrequencyNative rssi=-46 linkspeed=433 freq=5240
10-22 13:31:11.550  3957  4129 V WifiConfigManager: Updating scan detail cache freq=5240 BSSID=f4:6d:2f:12:cc:88 RSSI=-43 for "ourhome"WPA_PSK
10-22 13:31:11.607  5767  6044 I BatteryMgr:DataCollectionService: stats => 1697974271607,131,4310,140,0,100
10-22 13:31:11.623  3957  4128 D WifiService: getConnectionInfo uid=1000
10-22 13:31:11.716  5767  6044 I BatteryMgr:DataCollectionService: stats => 1697974271716,131,4310,140,0,100
10-22 13:31:11.826  5767  6044 I BatteryMgr:DataCollectionService: stats => 1697974271826,131,4310,140,0,100
10-22 13:31:11.941  5767  6044 I BatteryMgr:DataCollectionService: stats => 1697974271940,131,4310,140,0,100
10-22 13:31:11.971  3957  4129 D WifiStateMachine:  ConnectedState !CMD_RSSI_POLL rt=580678554/1636654027 106 0 "ourhome" f4:6d:2f:12:cc:88 rssi=-46 f=5240 sc=60 link=433 tx=0.3, 0.0, 0.0  rx=1.7 bcn=391115 [on:0 tx:0 rx:0 period:423] from screen [on:14414 period:81549] score=60
10-22 13:31:11.975  3957  4129 D WifiStateMachine:  L2ConnectedState !CMD_RSSI_POLL rt=580678557/1636654030 106 0 "ourhome" f4:6d:2f:12:cc:88 rssi=-46 f=5240 sc=60 link=433 tx=0.3, 0.0, 0.0  rx=1.7 bcn=391115 [on:0 tx:0 rx:0 period:3] from screen [on:14414 period:81552] score=60
10-22 13:31:11.975  3957  4129 D WifiStateMachine:  get link layer stats 3
10-22 13:31:11.975  3436  3436 I android.hardware.wifi@1.0-service: getLinkLayerStats
10-22 13:31:11.993  3957  4129 D WifiStateMachine: fetchRssiLinkSpeedAndFrequencyNative rssi=-45 linkspeed=433 freq=5240
10-22 13:31:11.994  3957  4129 V WifiConfigManager: Updating scan detail cache freq=5240 BSSID=f4:6d:2f:12:cc:88 RSSI=-44 for "ourhome"WPA_PSK
10-22 13:31:11.998  4340  4340 E SignalClusterView: setSlotFocusVisible : subId -2
10-22 13:31:11.998  4340  4340 E SignalClusterView: setSlotFocusVisible : subId -2
10-22 13:31:12.051  5767  6044 I BatteryMgr:DataCollectionService: stats => 1697974272051,131,4310,140,0,100
10-22 13:31:12.160  5767  6044 I BatteryMgr:DataCollectionService: stats => 1697974272160,131,4310,140,0,100
10-22 13:31:12.271  5767  6044 I BatteryMgr:DataCollectionService: stats => 1697974272270,131,4310,140,0,100
10-22 13:31:12.382  5767  6044 I BatteryMgr:DataCollectionService: stats => 1697974272381,131,4310,140,0,100
10-22 13:31:12.501  5767  6044 I BatteryMgr:DataCollectionService: stats => 1697974272501,131,4310,140,0,100
10-22 13:31:12.547  3957  4129 D WifiStateMachine:  ConnectedState !RSSI_PKTCNT_FETCH uid=1000 rt=580679131/1636654603 0 0 "ourhome" f4:6d:2f:12:cc:88 rssi=-45 f=5240 sc=60 link=433 tx=2.0, 0.0, 0.0  rx=6.3 bcn=391141 [on:0 tx:0 rx:0 period:550] from screen [on:15211 period:82125] score=60
10-22 13:31:12.549  3957  4129 D WifiStateMachine:  L2ConnectedState !RSSI_PKTCNT_FETCH uid=1000 rt=580679133/1636654606 0 0 "ourhome" f4:6d:2f:12:cc:88 rssi=-45 f=5240 sc=60 link=433 tx=2.0, 0.0, 0.0  rx=6.3 bcn=391141 [on:0 tx:0 rx:0 period:2] from screen [on:15211 period:82127] score=60
10-22 13:31:12.553  3957  4129 D WifiStateMachine: fetchRssiLinkSpeedAndFrequencyNative rssi=-45 linkspeed=433 freq=5240
10-22 13:31:12.553  3957  4129 V WifiConfigManager: Updating scan detail cache freq=5240 BSSID=f4:6d:2f:12:cc:88 RSSI=-44 for "ourhome"WPA_PSK
10-22 13:31:12.611  5767  6044 I BatteryMgr:DataCollectionService: stats => 1697974272611,131,4310,140,0,100
10-22 13:31:12.625  3957  4128 D WifiService: getConnectionInfo uid=1000
10-22 13:31:12.723  5767  6044 I BatteryMgr:DataCollectionService: stats => 1697974272722,131,4310,140,0,100
10-22 13:31:12.833  5767  6044 I BatteryMgr:DataCollectionService: stats => 1697974272833,131,4310,140,0,100
10-22 13:31:12.944  5767  6044 I BatteryMgr:DataCollectionService: stats => 1697974272944,131,4310,140,0,100
10-22 13:31:13.057  5767  6044 I BatteryMgr:DataCollectionService: stats => 1697974273057,131,4310,140,0,100
10-22 13:31:13.167  5767  6044 I BatteryMgr:DataCollectionService: stats => 1697974273167,131,4310,140,0,100
10-22 13:31:13.277  5767  6044 I BatteryMgr:DataCollectionService: stats => 1697974273277,131,4310,140,0,100
10-22 13:31:13.386  5767  6044 I BatteryMgr:DataCollectionService: stats => 1697974273385,131,4310,140,0,100
10-22 13:31:13.492  5767  6044 I BatteryMgr:DataCollectionService: stats => 1697974273492,131,4310,140,0,100
10-22 13:31:13.547  3957  4129 D WifiStateMachine:  ConnectedState !RSSI_PKTCNT_FETCH uid=1000 rt=580680130/1636655603 0 0 "ourhome" f4:6d:2f:12:cc:88 rssi=-45 f=5240 sc=60 link=433 tx=2.0, 0.0, 0.0  rx=6.3 bcn=391141 [on:0 tx:0 rx:0 period:998] from screen [on:15211 period:83125] score=60
10-22 13:31:13.550  3957  4129 D WifiStateMachine:  L2ConnectedState !RSSI_PKTCNT_FETCH uid=1000 rt=580680133/1636655605 0 0 "ourhome" f4:6d:2f:12:cc:88 rssi=-45 f=5240 sc=60 link=433 tx=2.0, 0.0, 0.0  rx=6.3 bcn=391141 [on:0 tx:0 rx:0 period:2] from screen [on:15211 period:83127] score=60
10-22 13:31:13.559  3957  4129 D WifiStateMachine: fetchRssiLinkSpeedAndFrequencyNative rssi=-46 linkspeed=433 freq=5240
10-22 13:31:13.560  3957  4129 V WifiConfigManager: Updating scan detail cache freq=5240 BSSID=f4:6d:2f:12:cc:88 RSSI=-45 for "ourhome"WPA_PSK
10-22 13:31:13.601  5767  6044 I BatteryMgr:DataCollectionService: stats => 1697974273601,131,4310,140,0,100
10-22 13:31:13.628  3957  4128 D WifiService: getConnectionInfo uid=1000
10-22 13:31:13.713  5767  6044 I BatteryMgr:DataCollectionService: stats => 1697974273712,131,4310,140,0,100
10-22 13:31:13.821  5767  6044 I BatteryMgr:DataCollectionService: stats => 1697974273821,131,4310,140,0,100
10-22 13:31:13.931  5767  6044 I BatteryMgr:DataCollectionService: stats => 1697974273930,131,4310,140,0,100
10-22 13:31:14.041  5767  6044 I BatteryMgr:DataCollectionService: stats => 1697974274041,131,4310,140,0,100
10-22 13:31:14.059  2479  2548 D ScanRecord: Not a Multi Manu data
10-22 13:31:14.085  2479  2548 I chatty  : uid=1002(bluetooth) BT Service Call identical 24 lines
10-22 13:31:14.085  2479  2548 D ScanRecord: Not a Multi Manu data
10-22 13:31:14.150  5767  6044 I BatteryMgr:DataCollectionService: stats => 1697974274149,131,4310,140,0,100
10-22 13:31:14.174  2479  2548 D ScanRecord: Not a Multi Manu data
10-22 13:31:14.245  2479  2548 I chatty  : uid=1002(bluetooth) BT Service Call identical 50 lines
10-22 13:31:14.245  2479  2548 D ScanRecord: Not a Multi Manu data
10-22 13:31:14.260  5767  6044 I BatteryMgr:DataCollectionService: stats => 1697974274260,131,4310,140,0,100
10-22 13:31:14.270  2479  2548 D ScanRecord: Not a Multi Manu data
10-22 13:31:14.358  2479  2548 I chatty  : uid=1002(bluetooth) BT Service Call identical 24 lines
10-22 13:31:14.358  2479  2548 D ScanRecord: Not a Multi Manu data
10-22 13:31:14.371  5767  6044 I BatteryMgr:DataCollectionService: stats => 1697974274371,131,4310,140,0,100
10-22 13:31:14.383  2479  2548 D ScanRecord: Not a Multi Manu data
10-22 13:31:14.440  2479  2548 I chatty  : uid=1002(bluetooth) BT Service Call identical 63 lines
10-22 13:31:14.440  2479  2548 D ScanRecord: Not a Multi Manu data
10-22 13:31:14.474  4961  4961 D io_stats: !@ 179,0 r 8788232 285954496 w 2030196 40098364 d 161438 36264500 f 620478 644750 iot 4063396 3514888 th 51200 0 0 pt 0 inp 0 0 580681.058
10-22 13:31:14.479  5767  6044 I BatteryMgr:DataCollectionService: stats => 1697974274479,131,4310,140,0,100
10-22 13:31:14.491  2479  2548 D ScanRecord: Not a Multi Manu data
10-22 13:31:14.544  2479  2548 I chatty  : uid=1002(bluetooth) BT Service Call identical 50 lines
10-22 13:31:14.544  2479  2548 D ScanRecord: Not a Multi Manu data
10-22 13:31:14.548  3957  4129 D WifiStateMachine:  ConnectedState !RSSI_PKTCNT_FETCH uid=1000 rt=580681132/1636656604 0 0 "ourhome" f4:6d:2f:12:cc:88 rssi=-46 f=5240 sc=60 link=433 tx=2.0, 0.0, 0.0  rx=6.3 bcn=391141 [on:0 tx:0 rx:0 period:999] from screen [on:15211 period:84126] score=60
10-22 13:31:14.549  2479  2548 D ScanRecord: Not a Multi Manu data
10-22 13:31:14.550  2479  2548 I chatty  : uid=1002(bluetooth) BT Service Call identical 11 lines
10-22 13:31:14.550  2479  2548 D ScanRecord: Not a Multi Manu data
10-22 13:31:14.551  3957  4129 D WifiStateMachine:  L2ConnectedState !RSSI_PKTCNT_FETCH uid=1000 rt=580681134/1636656606 0 0 "ourhome" f4:6d:2f:12:cc:88 rssi=-46 f=5240 sc=60 link=433 tx=2.0, 0.0, 0.0  rx=6.3 bcn=391141 [on:0 tx:0 rx:0 period:2] from screen [on:15211 period:84128] score=60
10-22 13:31:14.553  3957  4129 D WifiStateMachine: fetchRssiLinkSpeedAndFrequencyNative rssi=-47 linkspeed=433 freq=5240
10-22 13:31:14.553  3957  4129 V WifiConfigManager: Updating scan detail cache freq=5240 BSSID=f4:6d:2f:12:cc:88 RSSI=-46 for "ourhome"WPA_PSK
10-22 13:31:14.556  2479  2548 D ScanRecord: Not a Multi Manu data
10-22 13:31:14.561  2479  2548 I chatty  : uid=1002(bluetooth) BT Service Call identical 24 lines
10-22 13:31:14.561  2479  2548 D ScanRecord: Not a Multi Manu data
10-22 13:31:14.589  5767  6044 I BatteryMgr:DataCollectionService: stats => 1697974274588,131,4310,140,0,100
10-22 13:31:14.630  3957  4128 D WifiService: getConnectionInfo uid=1000
10-22 13:31:14.698  5767  6044 I BatteryMgr:DataCollectionService: stats => 1697974274698,131,4310,140,0,100
10-22 13:31:14.790  3957  4030 D SensorService: [SO] 0.302 0.062 9.969
10-22 13:31:14.809  5767  6044 I BatteryMgr:DataCollectionService: stats => 1697974274808,131,4310,140,0,100
10-22 13:31:14.919  5767  6044 I BatteryMgr:DataCollectionService: stats => 1697974274919,131,4310,140,0,100
10-22 13:31:14.999  3957  4129 D WifiStateMachine:  ConnectedState !CMD_RSSI_POLL rt=580681581/1636657053 106 0 "ourhome" f4:6d:2f:12:cc:88 rssi=-47 f=5240 sc=60 link=433 tx=2.0, 0.0, 0.0  rx=6.3 bcn=391141 [on:0 tx:0 rx:0 period:448] from screen [on:15211 period:84576] score=60
10-22 13:31:15.001  3957  4129 D WifiStateMachine:  L2ConnectedState !CMD_RSSI_POLL rt=580681585/1636657057 106 0 "ourhome" f4:6d:2f:12:cc:88 rssi=-47 f=5240 sc=60 link=433 tx=2.0, 0.0, 0.0  rx=6.3 bcn=391141 [on:0 tx:0 rx:0 period:2] from screen [on:15211 period:84578] score=60
10-22 13:31:15.001  3957  4129 D WifiStateMachine:  get link layer stats 3
10-22 13:31:15.001  3436  3436 I android.hardware.wifi@1.0-service: getLinkLayerStats
10-22 13:31:15.009  3957  4129 D WifiStateMachine: fetchRssiLinkSpeedAndFrequencyNative rssi=-44 linkspeed=433 freq=5240
10-22 13:31:15.010  3957  4129 V WifiConfigManager: Updating scan detail cache freq=5240 BSSID=f4:6d:2f:12:cc:88 RSSI=-44 for "ourhome"WPA_PSK
10-22 13:31:15.014  4340  4340 E SignalClusterView: setSlotFocusVisible : subId -2
10-22 13:31:15.014  4340  4340 E SignalClusterView: setSlotFocusVisible : subId -2
10-22 13:31:15.027  5767  6044 I BatteryMgr:DataCollectionService: stats => 1697974275027,131,4310,140,0,100
10-22 13:31:15.139  5767  6044 I BatteryMgr:DataCollectionService: stats => 1697974275139,131,4310,140,0,100
10-22 13:31:15.253  5767  6044 I BatteryMgr:DataCollectionService: stats => 1697974275253,131,4310,140,0,100
10-22 13:31:15.359  5767  6044 I BatteryMgr:DataCollectionService: stats => 1697974275359,131,4310,140,0,100
10-22 13:31:15.473  5767  6044 I BatteryMgr:DataCollectionService: stats => 1697974275473,131,4310,140,0,100
10-22 13:31:15.549  3957  4129 D WifiStateMachine:  ConnectedState !RSSI_PKTCNT_FETCH uid=1000 rt=580682132/1636657605 0 0 "ourhome" f4:6d:2f:12:cc:88 rssi=-44 f=5240 sc=60 link=433 tx=0.7, 0.0, 0.0  rx=11.2 bcn=391170 [on:0 tx:0 rx:0 period:534] from screen [on:15794 period:85127] score=60
10-22 13:31:15.551  3957  4129 D WifiStateMachine:  L2ConnectedState !RSSI_PKTCNT_FETCH uid=1000 rt=580682135/1636657607 0 0 "ourhome" f4:6d:2f:12:cc:88 rssi=-44 f=5240 sc=60 link=433 tx=0.7, 0.0, 0.0  rx=11.2 bcn=391170 [on:0 tx:0 rx:0 period:2] from screen [on:15794 period:85129] score=60
10-22 13:31:15.558  3957  4129 D WifiStateMachine: fetchRssiLinkSpeedAndFrequencyNative rssi=-42 linkspeed=433 freq=5240
10-22 13:31:15.558  3957  4129 V WifiConfigManager: Updating scan detail cache freq=5240 BSSID=f4:6d:2f:12:cc:88 RSSI=-42 for "ourhome"WPA_PSK
10-22 13:31:15.585  5767  6044 I BatteryMgr:DataCollectionService: stats => 1697974275585,131,4310,140,0,100
10-22 13:31:15.633  3957  4128 D WifiService: getConnectionInfo uid=1000
10-22 13:31:15.697  5767  6044 I BatteryMgr:DataCollectionService: stats => 1697974275697,131,4310,140,0,100
10-22 13:31:15.814  5767  6044 I BatteryMgr:DataCollectionService: stats => 1697974275814,131,4310,140,0,100
10-22 13:31:15.925  5767  6044 I BatteryMgr:DataCollectionService: stats => 1697974275925,131,4310,140,0,100
10-22 13:31:16.034  5767  6044 I BatteryMgr:DataCollectionService: stats => 1697974276033,131,4310,140,0,100
10-22 13:31:16.147  5767  6044 I BatteryMgr:DataCollectionService: stats => 1697974276147,131,4310,140,0,100
10-22 13:31:16.255  5767  6044 I BatteryMgr:DataCollectionService: stats => 1697974276255,131,4310,140,0,100
10-22 13:31:16.366  5767  6044 I BatteryMgr:DataCollectionService: stats => 1697974276366,131,4310,140,0,100
10-22 13:31:16.447  3957  3980 W StorageManager: getStorageFullBytes DEFAULT_FULL_THRESHOLD_BYTES : 20971520, threadhold : 20971520
10-22 13:31:16.448  3957  3980 W StorageManager: getStorageLowBytes lowPercent : 5, lowBytes : 1260145254, maxLowBytes : 524288000
10-22 13:31:16.461  3957  3980 W DeviceStorageMonitorService: updateBroadcasts(/data) oldLevel:0, newLevel:0, seq:1
