10-22 13:10:18.368  2479  2548 I chatty  : uid=1002(bluetooth) BT Service Call identical 31 lines
10-22 13:10:18.368  2479  2548 D ScanRecord: Not a Multi Manu data
10-22 13:10:18.370  3957  4129 D WifiStateMachine:  ConnectedState !CMD_RSSI_POLL rt=579424954/1635400426 104 0 "ourhome" f4:6d:2f:12:cc:88 rssi=-39 f=5240 sc=60 link=433 tx=2.7, 0.0, 0.0  rx=9.9 bcn=379594 [on:0 tx:0 rx:0 period:572] from screen [on:252027 period:1492849] score=60
10-22 13:10:18.371  3957  4129 D WifiStateMachine:  L2ConnectedState !CMD_RSSI_POLL rt=579424955/1635400428 104 0 "ourhome" f4:6d:2f:12:cc:88 rssi=-39 f=5240 sc=60 link=433 tx=2.7, 0.0, 0.0  rx=9.9 bcn=379594 [on:0 tx:0 rx:0 period:2] from screen [on:252027 period:1492851] score=60
10-22 13:10:18.372  3957  4129 D WifiStateMachine:  get link layer stats 3
10-22 13:10:18.372  3436  3436 I android.hardware.wifi@1.0-service: getLinkLayerStats
10-22 13:10:18.375  3957  4129 D WifiStateMachine: fetchRssiLinkSpeedAndFrequencyNative rssi=-39 linkspeed=433 freq=5240
10-22 13:10:18.375  3957  4129 V WifiConfigManager: Updating scan detail cache freq=5240 BSSID=f4:6d:2f:12:cc:88 RSSI=-38 for "ourhome"WPA_PSK
10-22 13:10:18.378  4340  4340 E SignalClusterView: setSlotFocusVisible : subId -2
10-22 13:10:18.378  4340  4340 E SignalClusterView: setSlotFocusVisible : subId -2
10-22 13:10:18.387  2479  2548 D ScanRecord: Not a Multi Manu data
10-22 13:10:18.451  2479  2548 I chatty  : uid=1002(bluetooth) BT Service Call identical 42 lines
10-22 13:10:18.451  2479  2548 D ScanRecord: Not a Multi Manu data
10-22 13:10:18.461  2511  2852 I BatteryMgr:DataCollectionService: stats => 1697973018461,174,4310,137,0,100
10-22 13:10:18.471  2479  2548 D ScanRecord: Not a Multi Manu data
10-22 13:10:18.527  4961  4961 D io_stats: !@ 179,0 r 8712894 283378764 w 2022925 39967264 d 160815 36207848 f 619646 643832 iot 4032212 3488581 th 51200 0 0 pt 0 inp 0 0 579425.112
10-22 13:10:18.545  2479  2548 I chatty  : uid=1002(bluetooth) BT Service Call identical 42 lines
10-22 13:10:18.545  2479  2548 D ScanRecord: Not a Multi Manu data
10-22 13:10:18.549  3957  4128 D WifiService: getConnectionInfo uid=1000
10-22 13:10:18.552  2479  2548 D ScanRecord: Not a Multi Manu data
10-22 13:10:18.552  2479  2548 I chatty  : uid=1002(bluetooth) BT Service Call identical 9 lines
10-22 13:10:18.552  2479  2548 D ScanRecord: Not a Multi Manu data
10-22 13:10:18.570  2511  2852 I BatteryMgr:DataCollectionService: stats => 1697973018570,174,4310,137,0,100
10-22 13:10:18.580  2479  2548 D ScanRecord: Not a Multi Manu data
10-22 13:10:18.647  2479  2548 I chatty  : uid=1002(bluetooth) BT Service Call identical 64 lines
10-22 13:10:18.647  2479  2548 D ScanRecord: Not a Multi Manu data
10-22 13:10:18.677  2511  2852 I BatteryMgr:DataCollectionService: stats => 1697973018677,174,4310,137,0,100
10-22 13:10:18.786  2511  2852 I BatteryMgr:DataCollectionService: stats => 1697973018786,174,4310,137,0,100
10-22 13:10:18.795  3957  4129 D WifiStateMachine:  ConnectedState !RSSI_PKTCNT_FETCH uid=1000 rt=579425380/1635400852 0 0 "ourhome" f4:6d:2f:12:cc:88 rssi=-39 f=5240 sc=60 link=433 tx=1.6, 0.0, 0.0  rx=9.3 bcn=379624 [on:0 tx:0 rx:0 period:418] from screen [on:252756 period:1493275] score=60
10-22 13:10:18.798  3957  4129 D WifiStateMachine:  L2ConnectedState !RSSI_PKTCNT_FETCH uid=1000 rt=579425381/1635400854 0 0 "ourhome" f4:6d:2f:12:cc:88 rssi=-39 f=5240 sc=60 link=433 tx=1.6, 0.0, 0.0  rx=9.3 bcn=379624 [on:0 tx:0 rx:0 period:2] from screen [on:252756 period:1493277] score=60
10-22 13:10:18.804  3957  4129 D WifiStateMachine: fetchRssiLinkSpeedAndFrequencyNative rssi=-39 linkspeed=433 freq=5240
10-22 13:10:18.804  3957  4129 V WifiConfigManager: Updating scan detail cache freq=5240 BSSID=f4:6d:2f:12:cc:88 RSSI=-38 for "ourhome"WPA_PSK
10-22 13:10:18.894  2511  2852 I BatteryMgr:DataCollectionService: stats => 1697973018894,174,4310,137,0,100
10-22 13:10:19.007  2511  2852 I BatteryMgr:DataCollectionService: stats => 1697973019006,174,4310,137,0,100
10-22 13:10:19.117  2511  2852 I BatteryMgr:DataCollectionService: stats => 1697973019117,174,4310,137,0,100
10-22 13:10:19.228  2511  2852 I BatteryMgr:DataCollectionService: stats => 1697973019228,174,4310,137,0,100
10-22 13:10:19.337  2511  2852 I BatteryMgr:DataCollectionService: stats => 1697973019337,174,4310,137,0,100
10-22 13:10:19.454  2511  2852 I BatteryMgr:DataCollectionService: stats => 1697973019454,174,4310,137,0,100
10-22 13:10:19.551  3957  4128 D WifiService: getConnectionInfo uid=1000
10-22 13:10:19.563  2511  2852 I BatteryMgr:DataCollectionService: stats => 1697973019563,174,4310,137,0,100
10-22 13:10:19.673  2511  2852 I BatteryMgr:DataCollectionService: stats => 1697973019673,174,4310,137,0,100
10-22 13:10:19.784  2511  2852 I BatteryMgr:DataCollectionService: stats => 1697973019784,174,4310,137,0,100
10-22 13:10:19.796  3957  4129 D WifiStateMachine:  ConnectedState !RSSI_PKTCNT_FETCH uid=1000 rt=579426381/1635401853 0 0 "ourhome" f4:6d:2f:12:cc:88 rssi=-39 f=5240 sc=60 link=433 tx=1.6, 0.0, 0.0  rx=9.3 bcn=379624 [on:0 tx:0 rx:0 period:999] from screen [on:252756 period:1494276] score=60
10-22 13:10:19.799  3957  4129 D WifiStateMachine:  L2ConnectedState !RSSI_PKTCNT_FETCH uid=1000 rt=579426382/1635401855 0 0 "ourhome" f4:6d:2f:12:cc:88 rssi=-39 f=5240 sc=60 link=433 tx=1.6, 0.0, 0.0  rx=9.3 bcn=379624 [on:0 tx:0 rx:0 period:3] from screen [on:252756 period:1494279] score=60
10-22 13:10:19.800  3957  4129 D WifiStateMachine: fetchRssiLinkSpeedAndFrequencyNative rssi=-51 linkspeed=433 freq=5240
10-22 13:10:19.801  3957  4129 V WifiConfigManager: Updating scan detail cache freq=5240 BSSID=f4:6d:2f:12:cc:88 RSSI=-44 for "ourhome"WPA_PSK
10-22 13:10:19.856  3957  6478 D SSRM:k  : SIOP:: AP = 330, PST = 320 (W:26), BAT = 248, USB = 0, CHG = 0
10-22 13:10:19.895  2511  2852 I BatteryMgr:DataCollectionService: stats => 1697973019895,174,4310,137,0,100
10-22 13:10:20.003  2511  2852 I BatteryMgr:DataCollectionService: stats => 1697973020003,174,4310,137,0,100
10-22 13:10:20.114  2511  2852 I BatteryMgr:DataCollectionService: stats => 1697973020114,174,4310,137,0,100
10-22 13:10:20.225  2511  2852 I BatteryMgr:DataCollectionService: stats => 1697973020225,174,4310,137,0,100
10-22 13:10:20.337  2511  2852 I BatteryMgr:DataCollectionService: stats => 1697973020336,174,4310,137,0,100
10-22 13:10:20.447  2511  2852 I BatteryMgr:DataCollectionService: stats => 1697973020447,174,4310,137,0,100
10-22 13:10:20.554  3957  4128 D WifiService: getConnectionInfo uid=1000
10-22 13:10:20.561  2511  2852 I BatteryMgr:DataCollectionService: stats => 1697973020561,174,4310,137,0,100
10-22 13:10:20.676  2511  2852 I BatteryMgr:DataCollectionService: stats => 1697973020676,174,4310,137,0,100
10-22 13:10:20.784  2511  2852 I BatteryMgr:DataCollectionService: stats => 1697973020784,174,4310,137,0,100
10-22 13:10:20.797  3957  4129 D WifiStateMachine:  ConnectedState !RSSI_PKTCNT_FETCH uid=1000 rt=579427381/1635402854 0 0 "ourhome" f4:6d:2f:12:cc:88 rssi=-51 f=5240 sc=60 link=433 tx=1.6, 0.0, 0.0  rx=9.3 bcn=379624 [on:0 tx:0 rx:0 period:998] from screen [on:252756 period:1495277] score=60
10-22 13:10:20.799  3957  4129 D WifiStateMachine:  L2ConnectedState !RSSI_PKTCNT_FETCH uid=1000 rt=579427383/1635402855 0 0 "ourhome" f4:6d:2f:12:cc:88 rssi=-51 f=5240 sc=60 link=433 tx=1.6, 0.0, 0.0  rx=9.3 bcn=379624 [on:0 tx:0 rx:0 period:1] from screen [on:252756 period:1495278] score=60
10-22 13:10:20.806  3957  4129 D WifiStateMachine: fetchRssiLinkSpeedAndFrequencyNative rssi=-42 linkspeed=433 freq=5240
10-22 13:10:20.806  3957  4129 V WifiConfigManager: Updating scan detail cache freq=5240 BSSID=f4:6d:2f:12:cc:88 RSSI=-42 for "ourhome"WPA_PSK
10-22 13:10:20.892  2511  2852 I BatteryMgr:DataCollectionService: stats => 1697973020892,174,4310,137,0,100
10-22 13:10:20.999  2511  2852 I BatteryMgr:DataCollectionService: stats => 1697973020999,174,4310,137,0,100
10-22 13:10:21.111  2511  2852 I BatteryMgr:DataCollectionService: stats => 1697973021111,174,4310,137,0,100
10-22 13:10:21.221  2511  2852 I BatteryMgr:DataCollectionService: stats => 1697973021221,174,4310,137,0,100
10-22 13:10:21.331  2511  2852 I BatteryMgr:DataCollectionService: stats => 1697973021331,174,4310,137,0,100
10-22 13:10:21.380  3957  4129 D WifiStateMachine:  ConnectedState !CMD_RSSI_POLL rt=579427962/1635403434 104 0 "ourhome" f4:6d:2f:12:cc:88 rssi=-42 f=5240 sc=60 link=433 tx=1.6, 0.0, 0.0  rx=9.3 bcn=379624 [on:0 tx:0 rx:0 period:582] from screen [on:252756 period:1495860] score=60
10-22 13:10:21.382  3957  4129 D WifiStateMachine:  L2ConnectedState !CMD_RSSI_POLL rt=579427966/1635403438 104 0 "ourhome" f4:6d:2f:12:cc:88 rssi=-42 f=5240 sc=60 link=433 tx=1.6, 0.0, 0.0  rx=9.3 bcn=379624 [on:0 tx:0 rx:0 period:1] from screen [on:252756 period:1495861] score=60
10-22 13:10:21.382  3957  4129 D WifiStateMachine:  get link layer stats 3
10-22 13:10:21.383  3436  3436 I android.hardware.wifi@1.0-service: getLinkLayerStats
10-22 13:10:21.402  3957  4129 D WifiStateMachine: fetchRssiLinkSpeedAndFrequencyNative rssi=-40 linkspeed=433 freq=5240
10-22 13:10:21.402  3957  4129 V WifiConfigManager: Updating scan detail cache freq=5240 BSSID=f4:6d:2f:12:cc:88 RSSI=-40 for "ourhome"WPA_PSK
10-22 13:10:21.407  4340  4340 E SignalClusterView: setSlotFocusVisible : subId -2
10-22 13:10:21.407  4340  4340 E SignalClusterView: setSlotFocusVisible : subId -2
10-22 13:10:21.444  2511  2852 I BatteryMgr:DataCollectionService: stats => 1697973021444,174,4310,137,0,100
10-22 13:10:21.556  3957  4128 D WifiService: getConnectionInfo uid=1000
10-22 13:10:21.560  2511  2852 I BatteryMgr:DataCollectionService: stats => 1697973021560,174,4310,137,0,100
10-22 13:10:21.670  2511  2852 I BatteryMgr:DataCollectionService: stats => 1697973021670,174,4310,137,0,100
10-22 13:10:21.781  2511  2852 I BatteryMgr:DataCollectionService: stats => 1697973021780,174,4310,137,0,100
10-22 13:10:21.800  3957  4129 D WifiStateMachine:  ConnectedState !RSSI_PKTCNT_FETCH uid=1000 rt=579428382/1635403855 0 0 "ourhome" f4:6d:2f:12:cc:88 rssi=-40 f=5240 sc=60 link=433 tx=0.6, 0.0, 0.0  rx=14.8 bcn=379651 [on:0 tx:0 rx:0 period:395] from screen [on:252998 period:1496280] score=60
10-22 13:10:21.802  3957  4129 D WifiStateMachine:  L2ConnectedState !RSSI_PKTCNT_FETCH uid=1000 rt=579428386/1635403858 0 0 "ourhome" f4:6d:2f:12:cc:88 rssi=-40 f=5240 sc=60 link=433 tx=0.6, 0.0, 0.0  rx=14.8 bcn=379651 [on:0 tx:0 rx:0 period:1] from screen [on:252998 period:1496281] score=60
10-22 13:10:21.808  3957  4129 D WifiStateMachine: fetchRssiLinkSpeedAndFrequencyNative rssi=-39 linkspeed=433 freq=5240
10-22 13:10:21.808  3957  4129 V WifiConfigManager: Updating scan detail cache freq=5240 BSSID=f4:6d:2f:12:cc:88 RSSI=-39 for "ourhome"WPA_PSK
10-22 13:10:21.891  2511  2852 I BatteryMgr:DataCollectionService: stats => 1697973021891,174,4310,137,0,100
10-22 13:10:22.001  2511  2852 I BatteryMgr:DataCollectionService: stats => 1697973022000,174,4310,137,0,100
10-22 13:10:22.108  2511  2852 I BatteryMgr:DataCollectionService: stats => 1697973022108,174,4310,137,0,100
10-22 13:10:22.217  2511  2852 I BatteryMgr:DataCollectionService: stats => 1697973022217,174,4310,137,0,100
10-22 13:10:22.324  2511  2852 I BatteryMgr:DataCollectionService: stats => 1697973022324,174,4310,137,0,100
10-22 13:10:22.433  2511  2852 I BatteryMgr:DataCollectionService: stats => 1697973022433,174,4310,137,0,100
10-22 13:10:22.542  2511  2852 I BatteryMgr:DataCollectionService: stats => 1697973022542,174,4310,137,0,100
10-22 13:10:22.559  3957  4128 D WifiService: getConnectionInfo uid=1000
10-22 13:10:22.654  2511  2852 I BatteryMgr:DataCollectionService: stats => 1697973022653,174,4310,137,0,100
10-22 13:10:22.765  2511  2852 I BatteryMgr:DataCollectionService: stats => 1697973022765,174,4310,137,0,100
10-22 13:10:22.801  3957  4129 D WifiStateMachine:  ConnectedState !RSSI_PKTCNT_FETCH uid=1000 rt=579429384/1635404857 0 0 "ourhome" f4:6d:2f:12:cc:88 rssi=-39 f=5240 sc=60 link=433 tx=0.6, 0.0, 0.0  rx=14.8 bcn=379651 [on:0 tx:0 rx:0 period:999] from screen [on:252998 period:1497280] score=60
10-22 13:10:22.803  3957  4129 D WifiStateMachine:  L2ConnectedState !RSSI_PKTCNT_FETCH uid=1000 rt=579429387/1635404859 0 0 "ourhome" f4:6d:2f:12:cc:88 rssi=-39 f=5240 sc=60 link=433 tx=0.6, 0.0, 0.0  rx=14.8 bcn=379651 [on:0 tx:0 rx:0 period:3] from screen [on:252998 period:1497283] score=60
10-22 13:10:22.805  3957  4129 D WifiStateMachine: fetchRssiLinkSpeedAndFrequencyNative rssi=-39 linkspeed=433 freq=5240
10-22 13:10:22.805  3957  4129 V WifiConfigManager: Updating scan detail cache freq=5240 BSSID=f4:6d:2f:12:cc:88 RSSI=-39 for "ourhome"WPA_PSK
10-22 13:10:22.874  2511  2852 I BatteryMgr:DataCollectionService: stats => 1697973022874,174,4310,137,0,100
10-22 13:10:22.986  2511  2852 I BatteryMgr:DataCollectionService: stats => 1697973022986,174,4310,137,0,100
10-22 13:10:23.095  2511  2852 I BatteryMgr:DataCollectionService: stats => 1697973023095,174,4310,137,0,100
10-22 13:10:23.164  2479  2548 D ScanRecord: Not a Multi Manu data
10-22 13:10:23.196  2479  2548 I chatty  : uid=1002(bluetooth) BT Service Call identical 64 lines
10-22 13:10:23.196  2479  2548 D ScanRecord: Not a Multi Manu data
10-22 13:10:23.200  2511  2852 I BatteryMgr:DataCollectionService: stats => 1697973023200,174,4310,137,0,100
10-22 13:10:23.208  2479  2548 D ScanRecord: Not a Multi Manu data
10-22 13:10:23.306  2479  2548 I chatty  : uid=1002(bluetooth) BT Service Call identical 86 lines
10-22 13:10:23.306  2479  2548 D ScanRecord: Not a Multi Manu data
10-22 13:10:23.308  2511  2852 I BatteryMgr:DataCollectionService: stats => 1697973023308,174,4310,137,0,100
10-22 13:10:23.312  2479  2548 D ScanRecord: Not a Multi Manu data
10-22 13:10:23.394  2479  2548 I chatty  : uid=1002(bluetooth) BT Service Call identical 108 lines
10-22 13:10:23.394  2479  2548 D ScanRecord: Not a Multi Manu data
10-22 13:10:23.423  2511  2852 I BatteryMgr:DataCollectionService: stats => 1697973023423,174,4310,137,0,100
10-22 13:10:23.445  2479  2548 D ScanRecord: Not a Multi Manu data
10-22 13:10:23.530  4961  4961 D io_stats: !@ 179,0 r 8713302 283381696 w 2022937 39967448 d 160817 36207908 f 619647 643835 iot 4032380 3488696 th 51200 0 0 pt 0 inp 1 0 579430.115
10-22 13:10:23.532  2479  2548 I chatty  : uid=1002(bluetooth) BT Service Call identical 163 lines
10-22 13:10:23.532  2479  2548 D ScanRecord: Not a Multi Manu data
10-22 13:10:23.533  2511  2852 I BatteryMgr:DataCollectionService: stats => 1697973023533,174,4310,137,0,100
10-22 13:10:23.534  2479  2548 D ScanRecord: Not a Multi Manu data
10-22 13:10:23.552  2479  2548 I chatty  : uid=1002(bluetooth) BT Service Call identical 42 lines
10-22 13:10:23.552  2479  2548 D ScanRecord: Not a Multi Manu data
10-22 13:10:23.562  3957  4128 D WifiService: getConnectionInfo uid=1000
10-22 13:10:23.566  2479  2548 D ScanRecord: Not a Multi Manu data
10-22 13:10:23.634  2479  2548 I chatty  : uid=1002(bluetooth) BT Service Call identical 130 lines
10-22 13:10:23.634  2479  2548 D ScanRecord: Not a Multi Manu data
10-22 13:10:23.643  2511  2852 I BatteryMgr:DataCollectionService: stats => 1697973023643,174,4310,137,0,100
10-22 13:10:23.650  2479  2548 D ScanRecord: Not a Multi Manu data
10-22 13:10:23.657  2479  2548 I chatty  : uid=1002(bluetooth) BT Service Call identical 31 lines
10-22 13:10:23.657  2479  2548 D ScanRecord: Not a Multi Manu data
10-22 13:10:23.753  2511  2852 I BatteryMgr:DataCollectionService: stats => 1697973023753,174,4310,137,0,100
10-22 13:10:23.803  3957  4129 D WifiStateMachine:  ConnectedState !RSSI_PKTCNT_FETCH uid=1000 rt=579430386/1635405859 0 0 "ourhome" f4:6d:2f:12:cc:88 rssi=-39 f=5240 sc=60 link=433 tx=0.6, 0.0, 0.0  rx=14.8 bcn=379651 [on:0 tx:0 rx:0 period:1000] from screen [on:252998 period:1498283] score=60
10-22 13:10:23.805  3957  4129 D WifiStateMachine:  L2ConnectedState !RSSI_PKTCNT_FETCH uid=1000 rt=579430389/1635405861 0 0 "ourhome" f4:6d:2f:12:cc:88 rssi=-39 f=5240 sc=60 link=433 tx=0.6, 0.0, 0.0  rx=14.8 bcn=379651 [on:0 tx:0 rx:0 period:1] from screen [on:252998 period:1498284] score=60
10-22 13:10:23.811  3957  4129 D WifiStateMachine: fetchRssiLinkSpeedAndFrequencyNative rssi=-39 linkspeed=433 freq=5240
10-22 13:10:23.812  3957  4129 V WifiConfigManager: Updating scan detail cache freq=5240 BSSID=f4:6d:2f:12:cc:88 RSSI=-39 for "ourhome"WPA_PSK
10-22 13:10:23.863  2511  2852 I BatteryMgr:DataCollectionService: stats => 1697973023863,174,4310,137,0,100
10-22 13:10:23.981  2511  2852 I BatteryMgr:DataCollectionService: stats => 1697973023980,174,4310,137,0,100
10-22 13:10:24.092  2511  2852 I BatteryMgr:DataCollectionService: stats => 1697973024092,174,4310,137,0,100
10-22 13:10:24.201  2511  2852 I BatteryMgr:DataCollectionService: stats => 1697973024200,174,4310,137,0,100
10-22 13:10:24.310  2511  2852 I BatteryMgr:DataCollectionService: stats => 1697973024310,174,4310,137,0,100
10-22 13:10:24.408  3957  4129 D WifiStateMachine:  ConnectedState !CMD_RSSI_POLL rt=579430989/1635406462 104 0 "ourhome" f4:6d:2f:12:cc:88 rssi=-39 f=5240 sc=60 link=433 tx=0.6, 0.0, 0.0  rx=14.8 bcn=379651 [on:0 tx:0 rx:0 period:603] from screen [on:252998 period:1498887] score=60
10-22 13:10:24.410  3957  4129 D WifiStateMachine:  L2ConnectedState !CMD_RSSI_POLL rt=579430993/1635406466 104 0 "ourhome" f4:6d:2f:12:cc:88 rssi=-39 f=5240 sc=60 link=433 tx=0.6, 0.0, 0.0  rx=14.8 bcn=379651 [on:0 tx:0 rx:0 period:2] from screen [on:252998 period:1498889] score=60
10-22 13:10:24.410  3957  4129 D WifiStateMachine:  get link layer stats 3
10-22 13:10:24.410  3436  3436 I android.hardware.wifi@1.0-service: getLinkLayerStats
10-22 13:10:24.417  3957  4129 D WifiStateMachine: fetchRssiLinkSpeedAndFrequencyNative rssi=-39 linkspeed=433 freq=5240
10-22 13:10:24.418  3957  4129 V WifiConfigManager: Updating scan detail cache freq=5240 BSSID=f4:6d:2f:12:cc:88 RSSI=-39 for "ourhome"WPA_PSK
10-22 13:10:24.422  4340  4340 E SignalClusterView: setSlotFocusVisible : subId -2
10-22 13:10:24.422  4340  4340 E SignalClusterView: setSlotFocusVisible : subId -2
10-22 13:10:24.424  2511  2852 I BatteryMgr:DataCollectionService: stats => 1697973024423,174,4310,137,0,100
10-22 13:10:24.536  2511  2852 I BatteryMgr:DataCollectionService: stats => 1697973024536,174,4310,137,0,100
10-22 13:10:24.566  3957  4128 D WifiService: getConnectionInfo uid=1000
10-22 13:10:24.648  2511  2852 I BatteryMgr:DataCollectionService: stats => 1697973024647,174,4310,137,0,100
10-22 13:10:24.757  2511  2852 I BatteryMgr:DataCollectionService: stats => 1697973024757,174,4310,137,0,100
10-22 13:10:24.804  3957  4129 D WifiStateMachine:  ConnectedState !RSSI_PKTCNT_FETCH uid=1000 rt=579431387/1635406860 0 0 "ourhome" f4:6d:2f:12:cc:88 rssi=-39 f=5240 sc=60 link=433 tx=2.8, 0.0, 0.0  rx=8.0 bcn=379678 [on:0 tx:0 rx:0 period:383] from screen [on:253909 period:1499284] score=60
10-22 13:10:24.806  3957  4129 D WifiStateMachine:  L2ConnectedState !RSSI_PKTCNT_FETCH uid=1000 rt=579431390/1635406862 0 0 "ourhome" f4:6d:2f:12:cc:88 rssi=-39 f=5240 sc=60 link=433 tx=2.8, 0.0, 0.0  rx=8.0 bcn=379678 [on:0 tx:0 rx:0 period:2] from screen [on:253909 period:1499286] score=60
10-22 13:10:24.809  3957  4129 D WifiStateMachine: fetchRssiLinkSpeedAndFrequencyNative rssi=-39 linkspeed=433 freq=5240
10-22 13:10:24.809  3957  4129 V WifiConfigManager: Updating scan detail cache freq=5240 BSSID=f4:6d:2f:12:cc:88 RSSI=-39 for "ourhome"WPA_PSK
10-22 13:10:24.867  2511  2852 I BatteryMgr:DataCollectionService: stats => 1697973024867,174,4310,137,0,100
10-22 13:10:24.976  2511  2852 I BatteryMgr:DataCollectionService: stats => 1697973024976,174,4310,137,0,100
10-22 13:10:25.086  2511  2852 I BatteryMgr:DataCollectionService: stats => 1697973025086,174,4310,137,0,100
10-22 13:10:25.195  2511  2852 I BatteryMgr:DataCollectionService: stats => 1697973025195,174,4310,137,0,100
10-22 13:10:25.305  2511  2852 I BatteryMgr:DataCollectionService: stats => 1697973025305,174,4310,137,0,100
10-22 13:10:25.417  2511  2852 I BatteryMgr:DataCollectionService: stats => 1697973025417,174,4310,137,0,100
10-22 13:10:25.523  2511  2852 I BatteryMgr:DataCollectionService: stats => 1697973025523,133,4310,140,0,100
10-22 13:10:25.568  3957  4128 D WifiService: getConnectionInfo uid=1000
10-22 13:10:25.632  2511  2852 I BatteryMgr:DataCollectionService: stats => 1697973025631,133,4310,140,0,100
10-22 13:10:25.741  2511  2852 I BatteryMgr:DataCollectionService: stats => 1697973025741,133,4310,140,0,100
10-22 13:10:25.805  3957  4129 D WifiStateMachine:  ConnectedState !RSSI_PKTCNT_FETCH uid=1000 rt=579432388/1635407861 0 0 "ourhome" f4:6d:2f:12:cc:88 rssi=-39 f=5240 sc=60 link=433 tx=2.8, 0.0, 0.0  rx=8.0 bcn=379678 [on:0 tx:0 rx:0 period:999] from screen [on:253909 period:1500285] score=60
10-22 13:10:25.807  3957  4129 D WifiStateMachine:  L2ConnectedState !RSSI_PKTCNT_FETCH uid=1000 rt=579432391/1635407863 0 0 "ourhome" f4:6d:2f:12:cc:88 rssi=-39 f=5240 sc=60 link=433 tx=2.8, 0.0, 0.0  rx=8.0 bcn=379678 [on:0 tx:0 rx:0 period:2] from screen [on:253909 period:1500287] score=60
10-22 13:10:25.813  3957  4129 D WifiStateMachine: fetchRssiLinkSpeedAndFrequencyNative rssi=-39 linkspeed=433 freq=5240
10-22 13:10:25.813  3957  4129 V WifiConfigManager: Updating scan detail cache freq=5240 BSSID=f4:6d:2f:12:cc:88 RSSI=-39 for "ourhome"WPA_PSK
10-22 13:10:25.850  2511  2852 I BatteryMgr:DataCollectionService: stats => 1697973025850,133,4310,140,0,100
10-22 13:10:25.904  3957  4030 D SensorService: [SO] 0.326 0.091 9.955
10-22 13:10:25.957  2511  2852 I BatteryMgr:DataCollectionService: stats => 1697973025957,133,4310,140,0,100
10-22 13:10:25.986  3957  5413 D BatteryService: !@BatteryListener : batteryPropertiesChanged!
10-22 13:10:26.068  2511  2852 I BatteryMgr:DataCollectionService: stats => 1697973026068,133,4310,140,0,100
10-22 13:10:26.177  2511  2852 I BatteryMgr:DataCollectionService: stats => 1697973026177,133,4310,140,0,100
10-22 13:10:26.294  2511  2852 I BatteryMgr:DataCollectionService: stats => 1697973026293,133,4310,140,0,100
10-22 13:10:26.408  2511  2852 I BatteryMgr:DataCollectionService: stats => 1697973026408,133,4310,140,0,100
10-22 13:10:26.519  2511  2852 I BatteryMgr:DataCollectionService: stats => 1697973026519,133,4310,140,0,100
10-22 13:10:26.570  3957  4128 D WifiService: getConnectionInfo uid=1000
10-22 13:10:26.629  2511  2852 I BatteryMgr:DataCollectionService: stats => 1697973026629,133,4310,140,0,100
10-22 13:10:26.742  2511  2852 I BatteryMgr:DataCollectionService: stats => 1697973026742,133,4310,140,0,100
10-22 13:10:26.807  3957  4129 D WifiStateMachine:  ConnectedState !RSSI_PKTCNT_FETCH uid=1000 rt=579433390/1635408863 0 0 "ourhome" f4:6d:2f:12:cc:88 rssi=-39 f=5240 sc=60 link=433 tx=2.8, 0.0, 0.0  rx=8.0 bcn=379678 [on:0 tx:0 rx:0 period:1000] from screen [on:253909 period:1501287] score=60
10-22 13:10:26.810  3957  4129 D WifiStateMachine:  L2ConnectedState !RSSI_PKTCNT_FETCH uid=1000 rt=579433393/1635408865 0 0 "ourhome" f4:6d:2f:12:cc:88 rssi=-39 f=5240 sc=60 link=433 tx=2.8, 0.0, 0.0  rx=8.0 bcn=379678 [on:0 tx:0 rx:0 period:2] from screen [on:253909 period:1501289] score=60
10-22 13:10:26.817  3957  4129 D WifiStateMachine: fetchRssiLinkSpeedAndFrequencyNative rssi=-39 linkspeed=433 freq=5240
10-22 13:10:26.817  3957  4129 V WifiConfigManager: Updating scan detail cache freq=5240 BSSID=f4:6d:2f:12:cc:88 RSSI=-39 for "ourhome"WPA_PSK
10-22 13:10:26.852  2511  2852 I BatteryMgr:DataCollectionService: stats => 1697973026852,133,4310,140,0,100
10-22 13:10:26.963  2511  2852 I BatteryMgr:DataCollectionService: stats => 1697973026963,133,4310,140,0,100
10-22 13:10:27.075  2511  2852 I BatteryMgr:DataCollectionService: stats => 1697973027075,133,4310,140,0,100
10-22 13:10:27.186  2511  2852 I BatteryMgr:DataCollectionService: stats => 1697973027185,133,4310,140,0,100
10-22 13:10:27.294  2511  2852 I BatteryMgr:DataCollectionService: stats => 1697973027294,133,4310,140,0,100
10-22 13:10:27.403  2511  2852 I BatteryMgr:DataCollectionService: stats => 1697973027403,133,4310,140,0,100
10-22 13:10:27.421  3957  4129 D WifiStateMachine:  ConnectedState !CMD_RSSI_POLL rt=579434005/1635409478 104 0 "ourhome" f4:6d:2f:12:cc:88 rssi=-39 f=5240 sc=60 link=433 tx=2.8, 0.0, 0.0  rx=8.0 bcn=379678 [on:0 tx:0 rx:0 period:612] from screen [on:253909 period:1501901] score=60
10-22 13:10:27.425  3957  4129 D WifiStateMachine:  L2ConnectedState !CMD_RSSI_POLL rt=579434007/1635409480 104 0 "ourhome" f4:6d:2f:12:cc:88 rssi=-39 f=5240 sc=60 link=433 tx=2.8, 0.0, 0.0  rx=8.0 bcn=379678 [on:0 tx:0 rx:0 period:3] from screen [on:253909 period:1501904] score=60
10-22 13:10:27.425  3957  4129 D WifiStateMachine:  get link layer stats 3
10-22 13:10:27.425  3436  3436 I android.hardware.wifi@1.0-service: getLinkLayerStats
10-22 13:10:27.444  3957  4129 D WifiStateMachine: fetchRssiLinkSpeedAndFrequencyNative rssi=-39 linkspeed=433 freq=5240
10-22 13:10:27.444  3957  4129 V WifiConfigManager: Updating scan detail cache freq=5240 BSSID=f4:6d:2f:12:cc:88 RSSI=-39 for "ourhome"WPA_PSK
10-22 13:10:27.448  4340  4340 E SignalClusterView: setSlotFocusVisible : subId -2
10-22 13:10:27.448  4340  4340 E SignalClusterView: setSlotFocusVisible : subId -2
10-22 13:10:27.517  2511  2852 I BatteryMgr:DataCollectionService: stats => 1697973027517,133,4310,140,0,100
10-22 13:10:27.572  3957  4128 D WifiService: getConnectionInfo uid=1000
10-22 13:10:27.627  2511  2852 I BatteryMgr:DataCollectionService: stats => 1697973027627,133,4310,140,0,100
10-22 13:10:27.737  2511  2852 I BatteryMgr:DataCollectionService: stats => 1697973027737,133,4310,140,0,100
10-22 13:10:27.807  3957  4129 D WifiStateMachine:  ConnectedState !RSSI_PKTCNT_FETCH uid=1000 rt=579434390/1635409863 0 0 "ourhome" f4:6d:2f:12:cc:88 rssi=-39 f=5240 sc=60 link=433 tx=1.0, 0.0, 0.0  rx=2.9 bcn=379706 [on:0 tx:0 rx:0 period:359] from screen [on:254134 period:1502286] score=60
10-22 13:10:27.809  3957  4129 D WifiStateMachine:  L2ConnectedState !RSSI_PKTCNT_FETCH uid=1000 rt=579434392/1635409865 0 0 "ourhome" f4:6d:2f:12:cc:88 rssi=-39 f=5240 sc=60 link=433 tx=1.0, 0.0, 0.0  rx=2.9 bcn=379706 [on:0 tx:0 rx:0 period:2] from screen [on:254134 period:1502288] score=60
10-22 13:10:27.816  3957  4129 D WifiStateMachine: fetchRssiLinkSpeedAndFrequencyNative rssi=-39 linkspeed=433 freq=5240
10-22 13:10:27.816  3957  4129 V WifiConfigManager: Updating scan detail cache freq=5240 BSSID=f4:6d:2f:12:cc:88 RSSI=-39 for "ourhome"WPA_PSK
10-22 13:10:27.845  2511  2852 I BatteryMgr:DataCollectionService: stats => 1697973027844,133,4310,140,0,100
10-22 13:10:27.958  2511  2852 I BatteryMgr:DataCollectionService: stats => 1697973027957,133,4310,140,0,100
10-22 13:10:28.069  2511  2852 I BatteryMgr:DataCollectionService: stats => 1697973028068,133,4310,140,0,100
10-22 13:10:28.163  2479  2548 D ScanRecord: Not a Multi Manu data
10-22 13:10:28.178  2479  2548 I chatty  : uid=1002(bluetooth) BT Service Call identical 64 lines
10-22 13:10:28.178  2479  2548 D ScanRecord: Not a Multi Manu data
10-22 13:10:28.180  2511  2852 I BatteryMgr:DataCollectionService: stats => 1697973028179,133,4310,140,0,100
10-22 13:10:28.192  2479  2548 D ScanRecord: Not a Multi Manu data
10-22 13:10:28.285  2479  2548 I chatty  : uid=1002(bluetooth) BT Service Call identical 130 lines
10-22 13:10:28.285  2479  2548 D ScanRecord: Not a Multi Manu data
10-22 13:10:28.288  2511  2852 I BatteryMgr:DataCollectionService: stats => 1697973028288,133,4310,140,0,100
10-22 13:10:28.302  2479  2548 D ScanRecord: Not a Multi Manu data
10-22 13:10:28.391  2479  2548 I chatty  : uid=1002(bluetooth) BT Service Call identical 163 lines
10-22 13:10:28.391  2479  2548 D ScanRecord: Not a Multi Manu data
10-22 13:10:28.395  2511  2852 I BatteryMgr:DataCollectionService: stats => 1697973028395,133,4310,140,0,100
10-22 13:10:28.405  2479  2548 D ScanRecord: Not a Multi Manu data
10-22 13:10:28.505  2479  2548 I chatty  : uid=1002(bluetooth) BT Service Call identical 130 lines
10-22 13:10:28.505  2479  2548 D ScanRecord: Not a Multi Manu data
10-22 13:10:28.508  2511  2852 I BatteryMgr:DataCollectionService: stats => 1697973028508,133,4310,140,0,100
10-22 13:10:28.512  2479  2548 D ScanRecord: Not a Multi Manu data
10-22 13:10:28.533  4961  4961 D io_stats: !@ 179,0 r 8713313 283382200 w 2022945 39967600 d 160817 36207908 f 619648 643836 iot 4032400 3488707 th 51200 0 0 pt 0 inp 0 0 579435.118
10-22 13:10:28.574  2479  2548 I chatty  : uid=1002(bluetooth) BT Service Call identical 86 lines
10-22 13:10:28.574  2479  2548 D ScanRecord: Not a Multi Manu data
10-22 13:10:28.575  3957  4128 D WifiService: getConnectionInfo uid=1000
10-22 13:10:28.584  2479  2548 D ScanRecord: Not a Multi Manu data
10-22 13:10:28.616  2479  2548 I chatty  : uid=1002(bluetooth) BT Service Call identical 53 lines
10-22 13:10:28.616  2479  2548 D ScanRecord: Not a Multi Manu data
10-22 13:10:28.618  2511  2852 I BatteryMgr:DataCollectionService: stats => 1697973028618,133,4310,140,0,100
10-22 13:10:28.622  2479  2548 D ScanRecord: Not a Multi Manu data
10-22 13:10:28.644  2479  2548 I chatty  : uid=1002(bluetooth) BT Service Call identical 42 lines
10-22 13:10:28.644  2479  2548 D ScanRecord: Not a Multi Manu data
10-22 13:10:28.730  2511  2852 I BatteryMgr:DataCollectionService: stats => 1697973028730,133,4310,140,0,100
10-22 13:10:28.808  3957  4129 D WifiStateMachine:  ConnectedState !RSSI_PKTCNT_FETCH uid=1000 rt=579435391/1635410864 0 0 "ourhome" f4:6d:2f:12:cc:88 rssi=-39 f=5240 sc=60 link=433 tx=1.0, 0.0, 0.0  rx=2.9 bcn=379706 [on:0 tx:0 rx:0 period:1000] from screen [on:254134 period:1503288] score=60
10-22 13:10:28.810  3957  4129 D WifiStateMachine:  L2ConnectedState !RSSI_PKTCNT_FETCH uid=1000 rt=579435394/1635410866 0 0 "ourhome" f4:6d:2f:12:cc:88 rssi=-39 f=5240 sc=60 link=433 tx=1.0, 0.0, 0.0  rx=2.9 bcn=379706 [on:0 tx:0 rx:0 period:2] from screen [on:254134 period:1503290] score=60
10-22 13:10:28.816  3957  4129 D WifiStateMachine: fetchRssiLinkSpeedAndFrequencyNative rssi=-39 linkspeed=433 freq=5240
10-22 13:10:28.817  3957  4129 V WifiConfigManager: Updating scan detail cache freq=5240 BSSID=f4:6d:2f:12:cc:88 RSSI=-39 for "ourhome"WPA_PSK
10-22 13:10:28.839  2511  2852 I BatteryMgr:DataCollectionService: stats => 1697973028839,133,4310,140,0,100
10-22 13:10:28.955  2511  2852 I BatteryMgr:DataCollectionService: stats => 1697973028955,133,4310,140,0,100
10-22 13:10:29.067  2511  2852 I BatteryMgr:DataCollectionService: stats => 1697973029067,133,4310,140,0,100
10-22 13:10:29.179  2511  2852 I BatteryMgr:DataCollectionService: stats => 1697973029178,133,4310,140,0,100
10-22 13:10:29.284  2511  2852 I BatteryMgr:DataCollectionService: stats => 1697973029284,133,4310,140,0,100
10-22 13:10:29.327  2582  2604 I zygote64: Background concurrent copying GC freed 123378(4MB) AllocSpace objects, 51(1212KB) LOS objects, 49% free, 4MB/8MB, paused 9.529ms total 142.806ms
10-22 13:10:29.389  2511  2852 I BatteryMgr:DataCollectionService: stats => 1697973029389,133,4310,140,0,100
10-22 13:10:29.498  2511  2852 I BatteryMgr:DataCollectionService: stats => 1697973029498,133,4310,140,0,100
10-22 13:10:29.577  3957  4128 D WifiService: getConnectionInfo uid=1000
10-22 13:10:29.610  2511  2852 I BatteryMgr:DataCollectionService: stats => 1697973029610,133,4310,140,0,100
10-22 13:10:29.722  2511  2852 I BatteryMgr:DataCollectionService: stats => 1697973029722,133,4310,140,0,100
10-22 13:10:29.810  3957  4129 D WifiStateMachine:  ConnectedState !RSSI_PKTCNT_FETCH uid=1000 rt=579436393/1635411866 0 0 "ourhome" f4:6d:2f:12:cc:88 rssi=-39 f=5240 sc=60 link=433 tx=1.0, 0.0, 0.0  rx=2.9 bcn=379706 [on:0 tx:0 rx:0 period:999] from screen [on:254134 period:1504289] score=60
10-22 13:10:29.812  3957  4129 D WifiStateMachine:  L2ConnectedState !RSSI_PKTCNT_FETCH uid=1000 rt=579436395/1635411868 0 0 "ourhome" f4:6d:2f:12:cc:88 rssi=-39 f=5240 sc=60 link=433 tx=1.0, 0.0, 0.0  rx=2.9 bcn=379706 [on:0 tx:0 rx:0 period:2] from screen [on:254134 period:1504291] score=60
10-22 13:10:29.814  3957  4129 D WifiStateMachine: fetchRssiLinkSpeedAndFrequencyNative rssi=-39 linkspeed=433 freq=5240
10-22 13:10:29.815  3957  4129 V WifiConfigManager: Updating scan detail cache freq=5240 BSSID=f4:6d:2f:12:cc:88 RSSI=-39 for "ourhome"WPA_PSK
10-22 13:10:29.835  2511  2852 I BatteryMgr:DataCollectionService: stats => 1697973029834,133,4310,140,0,100
10-22 13:10:29.880  3957  6478 D SSRM:k  : SIOP:: AP = 330, PST = 321 (W:26), BAT = 248, USB = 0, CHG = 0
10-22 13:10:29.945  2511  2852 I BatteryMgr:DataCollectionService: stats => 1697973029945,133,4310,140,0,100
10-22 13:10:30.056  2511  2852 I BatteryMgr:DataCollectionService: stats => 1697973030056,133,4310,140,0,100
10-22 13:10:30.168  2511  2852 I BatteryMgr:DataCollectionService: stats => 1697973030168,133,4310,140,0,100
10-22 13:10:30.277  2511  2852 I BatteryMgr:DataCollectionService: stats => 1697973030277,133,4310,140,0,100
10-22 13:10:30.388  2511  2852 I BatteryMgr:DataCollectionService: stats => 1697973030388,133,4310,140,0,100
10-22 13:10:30.449  3957  4129 D WifiStateMachine:  ConnectedState !CMD_RSSI_POLL rt=579437031/1635412504 104 0 "ourhome" f4:6d:2f:12:cc:88 rssi=-39 f=5240 sc=60 link=433 tx=1.0, 0.0, 0.0  rx=2.9 bcn=379706 [on:0 tx:0 rx:0 period:637] from screen [on:254134 period:1504928] score=60
10-22 13:10:30.451  3957  4129 D WifiStateMachine:  L2ConnectedState !CMD_RSSI_POLL rt=579437035/1635412507 104 0 "ourhome" f4:6d:2f:12:cc:88 rssi=-39 f=5240 sc=60 link=433 tx=1.0, 0.0, 0.0  rx=2.9 bcn=379706 [on:0 tx:0 rx:0 period:3] from screen [on:254134 period:1504931] score=60
10-22 13:10:30.451  3957  4129 D WifiStateMachine:  get link layer stats 3
10-22 13:10:30.452  3436  3436 I android.hardware.wifi@1.0-service: getLinkLayerStats
10-22 13:10:30.472  3957  4129 D WifiStateMachine: fetchRssiLinkSpeedAndFrequencyNative rssi=-40 linkspeed=433 freq=5240
10-22 13:10:30.472  3957  4129 V WifiConfigManager: Updating scan detail cache freq=5240 BSSID=f4:6d:2f:12:cc:88 RSSI=-39 for "ourhome"WPA_PSK
10-22 13:10:30.477  4340  4340 E SignalClusterView: setSlotFocusVisible : subId -2
10-22 13:10:30.477  4340  4340 E SignalClusterView: setSlotFocusVisible : subId -2
10-22 13:10:30.498  2511  2852 I BatteryMgr:DataCollectionService: stats => 1697973030498,133,4310,140,0,100
10-22 13:10:30.579  3957  4128 D WifiService: getConnectionInfo uid=1000
10-22 13:10:30.607  2511  2852 I BatteryMgr:DataCollectionService: stats => 1697973030607,133,4310,140,0,100
10-22 13:10:30.720  2511  2852 I BatteryMgr:DataCollectionService: stats => 1697973030719,133,4310,140,0,100
10-22 13:10:30.765  3957  4306 D WifiConnectivityMonitor:  [|228] []
10-22 13:10:30.811  3957  4129 D WifiStateMachine:  ConnectedState !RSSI_PKTCNT_FETCH uid=1000 rt=579437394/1635412867 0 0 "ourhome" f4:6d:2f:12:cc:88 rssi=-40 f=5240 sc=60 link=433 tx=0.4, 0.0, 0.0  rx=1.7 bcn=379733 [on:0 tx:0 rx:0 period:335] from screen [on:254275 period:1505291] score=60
10-22 13:10:30.812  3957  4129 D WifiStateMachine:  L2ConnectedState !RSSI_PKTCNT_FETCH uid=1000 rt=579437397/1635412869 0 0 "ourhome" f4:6d:2f:12:cc:88 rssi=-40 f=5240 sc=60 link=433 tx=0.4, 0.0, 0.0  rx=1.7 bcn=379733 [on:0 tx:0 rx:0 period:1] from screen [on:254275 period:1505292] score=60
10-22 13:10:30.814  3957  4129 D WifiStateMachine: fetchRssiLinkSpeedAndFrequencyNative rssi=-40 linkspeed=433 freq=5240
10-22 13:10:30.814  3957  4129 V WifiConfigManager: Updating scan detail cache freq=5240 BSSID=f4:6d:2f:12:cc:88 RSSI=-39 for "ourhome"WPA_PSK
10-22 13:10:30.830  2511  2852 I BatteryMgr:DataCollectionService: stats => 1697973030829,133,4310,140,0,100
10-22 13:10:30.938  2511  2852 I BatteryMgr:DataCollectionService: stats => 1697973030938,133,4310,140,0,100
10-22 13:10:31.047  2511  2852 I BatteryMgr:DataCollectionService: stats => 1697973031047,133,4310,140,0,100
10-22 13:10:31.157  2511  2852 I BatteryMgr:DataCollectionService: stats => 1697973031157,133,4310,140,0,100
10-22 13:10:31.270  2511  2852 I BatteryMgr:DataCollectionService: stats => 1697973031270,133,4310,140,0,100
10-22 13:10:31.378  2511  2852 I BatteryMgr:DataCollectionService: stats => 1697973031378,133,4310,140,0,100
10-22 13:10:31.490  2511  2852 I BatteryMgr:DataCollectionService: stats => 1697973031489,133,4310,140,0,100
10-22 13:10:31.581  3957  4128 D WifiService: getConnectionInfo uid=1000
10-22 13:10:31.599  2511  2852 I BatteryMgr:DataCollectionService: stats => 1697973031599,133,4310,140,0,100
10-22 13:10:31.710  2511  2852 I BatteryMgr:DataCollectionService: stats => 1697973031709,133,4310,140,0,100
10-22 13:10:31.812  3957  4129 D WifiStateMachine:  ConnectedState !RSSI_PKTCNT_FETCH uid=1000 rt=579438396/1635413869 0 0 "ourhome" f4:6d:2f:12:cc:88 rssi=-40 f=5240 sc=60 link=433 tx=0.4, 0.0, 0.0  rx=1.7 bcn=379733 [on:0 tx:0 rx:0 period:1000] from screen [on:254275 period:1506292] score=60
10-22 13:10:31.814  3957  4129 D WifiStateMachine:  L2ConnectedState !RSSI_PKTCNT_FETCH uid=1000 rt=579438398/1635413871 0 0 "ourhome" f4:6d:2f:12:cc:88 rssi=-40 f=5240 sc=60 link=433 tx=0.4, 0.0, 0.0  rx=1.7 bcn=379733 [on:0 tx:0 rx:0 period:2] from screen [on:254275 period:1506294] score=60
10-22 13:10:31.816  2511  2852 I BatteryMgr:DataCollectionService: stats => 1697973031816,133,4310,140,0,100
10-22 13:10:31.820  3957  4129 D WifiStateMachine: fetchRssiLinkSpeedAndFrequencyNative rssi=-39 linkspeed=433 freq=5240
10-22 13:10:31.821  3957  4129 V WifiConfigManager: Updating scan detail cache freq=5240 BSSID=f4:6d:2f:12:cc:88 RSSI=-39 for "ourhome"WPA_PSK
10-22 13:10:31.927  2511  2852 I BatteryMgr:DataCollectionService: stats => 1697973031927,133,4310,140,0,100
10-22 13:10:32.039  2511  2852 I BatteryMgr:DataCollectionService: stats => 1697973032038,133,4310,140,0,100
10-22 13:10:32.149  2511  2852 I BatteryMgr:DataCollectionService: stats => 1697973032149,133,4310,140,0,100
10-22 13:10:32.259  2511  2852 I BatteryMgr:DataCollectionService: stats => 1697973032259,133,4310,140,0,100
10-22 13:10:32.368  2511  2852 I BatteryMgr:DataCollectionService: stats => 1697973032368,133,4310,140,0,100
10-22 13:10:32.479  2511  2852 I BatteryMgr:DataCollectionService: stats => 1697973032479,133,4310,140,0,100
10-22 13:10:32.484  2582  2805 I SessionStorage/AutoSave: Save: Periodic
10-22 13:10:32.583  3957  4128 D WifiService: getConnectionInfo uid=1000
10-22 13:10:32.592  2511  2852 I BatteryMgr:DataCollectionService: stats => 1697973032592,133,4310,140,0,100
10-22 13:10:32.703  2511  2852 I BatteryMgr:DataCollectionService: stats => 1697973032702,133,4310,140,0,100
10-22 13:10:32.815  3957  4129 D WifiStateMachine:  ConnectedState !RSSI_PKTCNT_FETCH uid=1000 rt=579439398/1635414871 0 0 "ourhome" f4:6d:2f:12:cc:88 rssi=-39 f=5240 sc=60 link=433 tx=0.4, 0.0, 0.0  rx=1.7 bcn=379733 [on:0 tx:0 rx:0 period:1001] from screen [on:254275 period:1507295] score=60
10-22 13:10:32.817  2511  2852 I BatteryMgr:DataCollectionService: stats => 1697973032817,133,4310,140,0,100
10-22 13:10:32.818  3957  4129 D WifiStateMachine:  L2ConnectedState !RSSI_PKTCNT_FETCH uid=1000 rt=579439401/1635414874 0 0 "ourhome" f4:6d:2f:12:cc:88 rssi=-39 f=5240 sc=60 link=433 tx=0.4, 0.0, 0.0  rx=1.7 bcn=379733 [on:0 tx:0 rx:0 period:3] from screen [on:254275 period:1507298] score=60
10-22 13:10:32.821  3957  4129 D WifiStateMachine: fetchRssiLinkSpeedAndFrequencyNative rssi=-39 linkspeed=433 freq=5240
10-22 13:10:32.821  3957  4129 V WifiConfigManager: Updating scan detail cache freq=5240 BSSID=f4:6d:2f:12:cc:88 RSSI=-39 for "ourhome"WPA_PSK
10-22 13:10:32.924  2511  2852 I BatteryMgr:DataCollectionService: stats => 1697973032924,133,4310,140,0,100
10-22 13:10:33.033  2511  2852 I BatteryMgr:DataCollectionService: stats => 1697973033032,133,4310,140,0,100
10-22 13:10:33.144  2511  2852 I BatteryMgr:DataCollectionService: stats => 1697973033144,133,4310,140,0,100
10-22 13:10:33.161  2479  2548 D ScanRecord: Not a Multi Manu data
10-22 13:10:33.257  2511  2852 I BatteryMgr:DataCollectionService: stats => 1697973033257,133,4310,140,0,100
10-22 13:10:33.257  2479  2548 I chatty  : uid=1002(bluetooth) BT Service Call expire 140 lines
10-22 13:10:33.257  2479  2548 D ScanRecord: Not a Multi Manu data
10-22 13:10:33.257  2479  2548 D ScanRecord: Not a Multi Manu data
10-22 13:10:33.312  2479  2548 I chatty  : uid=1002(bluetooth) BT Service Call identical 54 lines
10-22 13:10:33.312  2479  2548 D ScanRecord: Not a Multi Manu data
10-22 13:10:33.365  2511  2852 I BatteryMgr:DataCollectionService: stats => 1697973033365,133,4310,140,0,100
10-22 13:10:33.394  2479  2548 D ScanRecord: Not a Multi Manu data
10-22 13:10:33.428  2479  2548 I chatty  : uid=1002(bluetooth) BT Service Call identical 31 lines
10-22 13:10:33.428  2479  2548 D ScanRecord: Not a Multi Manu data
10-22 13:10:33.482  2479  2548 D ScanRecord: Not a Multi Manu data
10-22 13:10:33.483  2511  2852 I BatteryMgr:DataCollectionService: stats => 1697973033483,133,4310,140,0,100
10-22 13:10:33.484  3957  4129 D WifiStateMachine:  ConnectedState !CMD_RSSI_POLL rt=579440059/1635415531 104 0 "ourhome" f4:6d:2f:12:cc:88 rssi=-39 f=5240 sc=60 link=433 tx=0.4, 0.0, 0.0  rx=1.7 bcn=379733 [on:0 tx:0 rx:0 period:666] from screen [on:254275 period:1507964] score=60
10-22 13:10:33.487  3957  4129 D WifiStateMachine:  L2ConnectedState !CMD_RSSI_POLL rt=579440070/1635415542 104 0 "ourhome" f4:6d:2f:12:cc:88 rssi=-39 f=5240 sc=60 link=433 tx=0.4, 0.0, 0.0  rx=1.7 bcn=379733 [on:0 tx:0 rx:0 period:3] from screen [on:254275 period:1507967] score=60
10-22 13:10:33.487  3957  4129 D WifiStateMachine:  get link layer stats 3
10-22 13:10:33.488  3436  3436 I android.hardware.wifi@1.0-service: getLinkLayerStats
10-22 13:10:33.488  2479  2548 I chatty  : uid=1002(bluetooth) BT Service Call expire 9 lines
10-22 13:10:33.488  2479  2548 D ScanRecord: Not a Multi Manu data
10-22 13:10:33.492  3957  4129 D WifiStateMachine: fetchRssiLinkSpeedAndFrequencyNative rssi=-40 linkspeed=433 freq=5240
10-22 13:10:33.492  3957  4129 V WifiConfigManager: Updating scan detail cache freq=5240 BSSID=f4:6d:2f:12:cc:88 RSSI=-39 for "ourhome"WPA_PSK
10-22 13:10:33.493  2479  2548 D ScanRecord: Not a Multi Manu data
10-22 13:10:33.494  2479  2548 I chatty  : uid=1002(bluetooth) BT Service Call identical 9 lines
10-22 13:10:33.494  2479  2548 D ScanRecord: Not a Multi Manu data
10-22 13:10:33.498  4340  4340 E SignalClusterView: setSlotFocusVisible : subId -2
10-22 13:10:33.498  4340  4340 E SignalClusterView: setSlotFocusVisible : subId -2
10-22 13:10:33.501  2479  2548 D ScanRecord: Not a Multi Manu data
10-22 13:10:33.537  4961  4961 D io_stats: !@ 179,0 r 8713482 283385904 w 2022969 39967860 d 160820 36207976 f 619649 643837 iot 4032480 3488769 th 51200 0 0 pt 0 inp 0 0 579440.121
10-22 13:10:33.578  2479  2548 I chatty  : uid=1002(bluetooth) BT Service Call identical 152 lines
10-22 13:10:33.578  2479  2548 D ScanRecord: Not a Multi Manu data
10-22 13:10:33.585  3957  4128 D WifiService: getConnectionInfo uid=1000
10-22 13:10:33.590  2479  2548 D ScanRecord: Not a Multi Manu data
10-22 13:10:33.590  2479  2548 I chatty  : uid=1002(bluetooth) BT Service Call identical 9 lines
10-22 13:10:33.590  2479  2548 D ScanRecord: Not a Multi Manu data
10-22 13:10:33.591  2511  2852 I BatteryMgr:DataCollectionService: stats => 1697973033591,133,4310,140,0,100
10-22 13:10:33.592  2479  2548 D ScanRecord: Not a Multi Manu data
10-22 13:10:33.624  2479  2548 I chatty  : uid=1002(bluetooth) BT Service Call identical 31 lines
10-22 13:10:33.624  2479  2548 D ScanRecord: Not a Multi Manu data
10-22 13:10:33.699  2511  2852 I BatteryMgr:DataCollectionService: stats => 1697973033699,133,4310,140,0,100
10-22 13:10:33.806  2511  2852 I BatteryMgr:DataCollectionService: stats => 1697973033806,133,4310,140,0,100
10-22 13:10:33.816  3957  4129 D WifiStateMachine:  ConnectedState !RSSI_PKTCNT_FETCH uid=1000 rt=579440399/1635415872 0 0 "ourhome" f4:6d:2f:12:cc:88 rssi=-40 f=5240 sc=60 link=433 tx=5.9, 0.0, 0.0  rx=10.8 bcn=379762 [on:0 tx:0 rx:0 period:319] from screen [on:255877 period:1508295] score=60
10-22 13:10:33.817  3957  4129 D WifiStateMachine:  L2ConnectedState !RSSI_PKTCNT_FETCH uid=1000 rt=579440401/1635415874 0 0 "ourhome" f4:6d:2f:12:cc:88 rssi=-40 f=5240 sc=60 link=433 tx=5.9, 0.0, 0.0  rx=10.8 bcn=379762 [on:0 tx:0 rx:0 period:2] from screen [on:255877 period:1508297] score=60
10-22 13:10:33.819  3957  4129 D WifiStateMachine: fetchRssiLinkSpeedAndFrequencyNative rssi=-40 linkspeed=433 freq=5240
10-22 13:10:33.820  3957  4129 V WifiConfigManager: Updating scan detail cache freq=5240 BSSID=f4:6d:2f:12:cc:88 RSSI=-39 for "ourhome"WPA_PSK
10-22 13:10:33.915  2511  2852 I BatteryMgr:DataCollectionService: stats => 1697973033915,133,4310,140,0,100
10-22 13:10:34.027  2511  2852 I BatteryMgr:DataCollectionService: stats => 1697973034026,133,4310,140,0,100
10-22 13:10:34.135  2511  2852 I BatteryMgr:DataCollectionService: stats => 1697973034135,133,4310,140,0,100
10-22 13:10:34.243  2511  2852 I BatteryMgr:DataCollectionService: stats => 1697973034243,133,4310,140,0,100
10-22 13:10:34.350  2511  2852 I BatteryMgr:DataCollectionService: stats => 1697973034350,133,4310,140,0,100
10-22 13:10:34.460  2511  2852 I BatteryMgr:DataCollectionService: stats => 1697973034460,133,4310,140,0,100
10-22 13:10:34.568  2511  2852 I BatteryMgr:DataCollectionService: stats => 1697973034568,133,4310,140,0,100
10-22 13:10:34.588  3957  4128 D WifiService: getConnectionInfo uid=1000
10-22 13:10:34.683  2511  2852 I BatteryMgr:DataCollectionService: stats => 1697973034683,133,4310,140,0,100
10-22 13:10:34.801  2511  2852 I BatteryMgr:DataCollectionService: stats => 1697973034801,133,4310,140,0,100
10-22 13:10:34.818  3957  4129 D WifiStateMachine:  ConnectedState !RSSI_PKTCNT_FETCH uid=1000 rt=579441401/1635416873 0 0 "ourhome" f4:6d:2f:12:cc:88 rssi=-40 f=5240 sc=60 link=433 tx=5.9, 0.0, 0.0  rx=10.8 bcn=379762 [on:0 tx:0 rx:0 period:1000] from screen [on:255877 period:1509297] score=60
10-22 13:10:34.820  3957  4129 D WifiStateMachine:  L2ConnectedState !RSSI_PKTCNT_FETCH uid=1000 rt=579441403/1635416876 0 0 "ourhome" f4:6d:2f:12:cc:88 rssi=-40 f=5240 sc=60 link=433 tx=5.9, 0.0, 0.0  rx=10.8 bcn=379762 [on:0 tx:0 rx:0 period:3] from screen [on:255877 period:1509300] score=60
10-22 13:10:34.827  3957  4129 D WifiStateMachine: fetchRssiLinkSpeedAndFrequencyNative rssi=-42 linkspeed=433 freq=5240
10-22 13:10:34.827  3957  4129 V WifiConfigManager: Updating scan detail cache freq=5240 BSSID=f4:6d:2f:12:cc:88 RSSI=-40 for "ourhome"WPA_PSK
10-22 13:10:34.908  2511  2852 I BatteryMgr:DataCollectionService: stats => 1697973034908,133,4310,140,0,100
10-22 13:10:35.016  2511  2852 I BatteryMgr:DataCollectionService: stats => 1697973035015,133,4310,140,0,100
10-22 13:10:35.127  2511  2852 I BatteryMgr:DataCollectionService: stats => 1697973035127,133,4310,140,0,100
10-22 13:10:35.235  2511  2852 I BatteryMgr:DataCollectionService: stats => 1697973035235,133,4310,140,0,100
10-22 13:10:35.345  2511  2852 I BatteryMgr:DataCollectionService: stats => 1697973035345,133,4310,140,0,100
10-22 13:10:35.456  2511  2852 I BatteryMgr:DataCollectionService: stats => 1697973035456,133,4310,140,0,100
10-22 13:10:35.566  2511  2852 I BatteryMgr:DataCollectionService: stats => 1697973035566,133,4310,140,0,100
10-22 13:10:35.590  3957  4128 D WifiService: getConnectionInfo uid=1000
10-22 13:10:35.673  2511  2852 I BatteryMgr:DataCollectionService: stats => 1697973035673,133,4310,140,0,100
10-22 13:10:35.779  2511  2852 I BatteryMgr:DataCollectionService: stats => 1697973035779,133,4310,140,0,100
10-22 13:10:35.819  3957  4129 D WifiStateMachine:  ConnectedState !RSSI_PKTCNT_FETCH uid=1000 rt=579442402/1635417874 0 0 "ourhome" f4:6d:2f:12:cc:88 rssi=-42 f=5240 sc=60 link=433 tx=5.9, 0.0, 0.0  rx=10.8 bcn=379762 [on:0 tx:0 rx:0 period:999] from screen [on:255877 period:1510299] score=60
10-22 13:10:35.822  3957  4129 D WifiStateMachine:  L2ConnectedState !RSSI_PKTCNT_FETCH uid=1000 rt=579442405/1635417878 0 0 "ourhome" f4:6d:2f:12:cc:88 rssi=-42 f=5240 sc=60 link=433 tx=5.9, 0.0, 0.0  rx=10.8 bcn=379762 [on:0 tx:0 rx:0 period:2] from screen [on:255877 period:1510301] score=60
10-22 13:10:35.829  3957  4129 D WifiStateMachine: fetchRssiLinkSpeedAndFrequencyNative rssi=-41 linkspeed=433 freq=5240
10-22 13:10:35.829  3957  4129 V WifiConfigManager: Updating scan detail cache freq=5240 BSSID=f4:6d:2f:12:cc:88 RSSI=-40 for "ourhome"WPA_PSK
10-22 13:10:35.886  2511  2852 I BatteryMgr:DataCollectionService: stats => 1697973035886,133,4310,140,0,100
10-22 13:10:35.904  3957  4030 D SensorService: [SO] 0.306 0.105 9.974
10-22 13:10:35.996  2511  2852 I BatteryMgr:DataCollectionService: stats => 1697973035995,133,4310,140,0,100
10-22 13:10:36.103  2511  2852 I BatteryMgr:DataCollectionService: stats => 1697973036103,120,4310,132,0,100
10-22 13:10:36.214  2511  2852 I BatteryMgr:DataCollectionService: stats => 1697973036213,120,4310,132,0,100
10-22 13:10:36.322  2511  2852 I BatteryMgr:DataCollectionService: stats => 1697973036322,120,4310,132,0,100
10-22 13:10:36.433  2511  2852 I BatteryMgr:DataCollectionService: stats => 1697973036433,120,4310,132,0,100
10-22 13:10:36.495  3957  4129 D WifiStateMachine:  ConnectedState !CMD_RSSI_POLL rt=579443079/1635418552 104 0 "ourhome" f4:6d:2f:12:cc:88 rssi=-41 f=5240 sc=60 link=433 tx=5.9, 0.0, 0.0  rx=10.8 bcn=379762 [on:0 tx:0 rx:0 period:674] from screen [on:255877 period:1510975] score=60
10-22 13:10:36.496  3957  4129 D WifiStateMachine:  L2ConnectedState !CMD_RSSI_POLL rt=579443081/1635418553 104 0 "ourhome" f4:6d:2f:12:cc:88 rssi=-41 f=5240 sc=60 link=433 tx=5.9, 0.0, 0.0  rx=10.8 bcn=379762 [on:0 tx:0 rx:0 period:1] from screen [on:255877 period:1510976] score=60
10-22 13:10:36.497  3957  4129 D WifiStateMachine:  get link layer stats 3
10-22 13:10:36.497  3436  3436 I android.hardware.wifi@1.0-service: getLinkLayerStats
